Java HotSpot(TM) 64-Bit Server VM (24.80-b11) for linux-amd64 JRE (1.7.0_80-b15), built on Apr 10 2015 19:53:14 by "java_re" with gcc 4.3.0 20080428 (Red Hat 4.3.0-8)
Memory: 4k page, physical 8000092k(5816572k free), swap 8218620k(8218620k free)
CommandLine flags: -XX:+CMSParallelRemarkEnabled -XX:InitialHeapSize=128001472 -XX:MaxHeapSize=2048023552 -XX:+PrintGC -XX:+PrintGCApplicationConcurrentTime -XX:+PrintGCApplicationStoppedTime -XX:+PrintGCDetails -XX:+PrintGCTimeStamps -XX:+UseCompressedOops -XX:+UseParallelGC 
1.007: Application time: 0.9854130 seconds
1.007: Total time for which application threads were stopped: 0.0000430 seconds, Stopping threads took: 0.0000110 seconds
4.026: Application time: 3.0189120 seconds
4.026: Total time for which application threads were stopped: 0.0000680 seconds, Stopping threads took: 0.0000100 seconds
14.677: Application time: 10.6508860 seconds
14.677: Total time for which application threads were stopped: 0.0000330 seconds, Stopping threads took: 0.0000190 seconds
14.677: Application time: 0.0000630 seconds
14.677: Total time for which application threads were stopped: 0.0000340 seconds, Stopping threads took: 0.0000180 seconds
14.678: Application time: 0.0014420 seconds
14.679: Total time for which application threads were stopped: 0.0000120 seconds, Stopping threads took: 0.0000050 seconds
14.697: Application time: 0.0183330 seconds
14.697: Total time for which application threads were stopped: 0.0000380 seconds, Stopping threads took: 0.0000100 seconds
14.711: Application time: 0.0140950 seconds
14.711: [GC [PSYoungGen: 11411K->3337K(36864K)] 11411K->3345K(119808K), 0.0021100 secs] [Times: user=0.01 sys=0.01, real=0.00 secs] 
14.713: [Full GC [PSYoungGen: 3337K->0K(36864K)] [ParOldGen: 8K->3145K(82944K)] 3345K->3145K(119808K) [PSPermGen: 5076K->5074K(21504K)], 0.0106980 secs] [Times: user=0.02 sys=0.01, real=0.01 secs] 
14.724: Total time for which application threads were stopped: 0.0129260 seconds, Stopping threads took: 0.0000050 seconds
14.724: Application time: 0.0000470 seconds
14.724: [GC [PSYoungGen: 0K->0K(36864K)] 3145K->3145K(119808K), 0.0002660 secs] [Times: user=0.00 sys=0.00, real=0.00 secs] 
14.724: [Full GC [PSYoungGen: 0K->0K(36864K)] [ParOldGen: 3145K->3145K(82944K)] 3145K->3145K(119808K) [PSPermGen: 5074K->5074K(21504K)], 0.0040090 secs] [Times: user=0.02 sys=0.00, real=0.01 secs] 
14.728: Total time for which application threads were stopped: 0.0043740 seconds, Stopping threads took: 0.0000190 seconds
14.728: Application time: 0.0000730 seconds
14.728: Total time for which application threads were stopped: 0.0000230 seconds, Stopping threads took: 0.0000140 seconds
14.728: Application time: 0.0000220 seconds
14.728: Total time for which application threads were stopped: 0.0000170 seconds, Stopping threads took: 0.0000130 seconds
14.728: Application time: 0.0000280 seconds
14.729: Total time for which application threads were stopped: 0.0000150 seconds, Stopping threads took: 0.0000120 seconds
14.729: Application time: 0.0000110 seconds
14.729: Total time for which application threads were stopped: 0.0000140 seconds, Stopping threads took: 0.0000110 seconds
14.729: Application time: 0.0000090 seconds
14.729: Total time for which application threads were stopped: 0.0000120 seconds, Stopping threads took: 0.0000090 seconds
14.729: Application time: 0.0000080 seconds
14.729: Total time for which application threads were stopped: 0.0000150 seconds, Stopping threads took: 0.0000120 seconds
14.729: Application time: 0.0000080 seconds
14.729: Total time for which application threads were stopped: 0.0000170 seconds, Stopping threads took: 0.0000140 seconds
14.729: Application time: 0.0000080 seconds
14.729: Total time for which application threads were stopped: 0.0000170 seconds, Stopping threads took: 0.0000140 seconds
14.729: Application time: 0.0000110 seconds
14.729: Total time for which application threads were stopped: 0.0000120 seconds, Stopping threads took: 0.0000090 seconds
14.729: Application time: 0.0000120 seconds
14.729: Total time for which application threads were stopped: 0.0000170 seconds, Stopping threads took: 0.0000140 seconds
14.729: Application time: 0.0000110 seconds
14.729: Total time for which application threads were stopped: 0.0000130 seconds, Stopping threads took: 0.0000100 seconds
14.729: Application time: 0.0000580 seconds
14.729: Total time for which application threads were stopped: 0.0000170 seconds, Stopping threads took: 0.0000140 seconds
14.729: Application time: 0.0000110 seconds
14.729: Total time for which application threads were stopped: 0.0000200 seconds, Stopping threads took: 0.0000170 seconds
14.729: Application time: 0.0000100 seconds
14.729: Total time for which application threads were stopped: 0.0000140 seconds, Stopping threads took: 0.0000110 seconds
14.729: Application time: 0.0000610 seconds
14.729: Total time for which application threads were stopped: 0.0000060 seconds, Stopping threads took: 0.0000030 seconds
14.729: Application time: 0.0000100 seconds
14.729: Total time for which application threads were stopped: 0.0000110 seconds, Stopping threads took: 0.0000080 seconds
14.729: Application time: 0.0000100 seconds
14.729: Total time for which application threads were stopped: 0.0000100 seconds, Stopping threads took: 0.0000070 seconds
14.729: Application time: 0.0000100 seconds
14.729: Total time for which application threads were stopped: 0.0000130 seconds, Stopping threads took: 0.0000100 seconds
14.729: Application time: 0.0000100 seconds
14.729: Total time for which application threads were stopped: 0.0000110 seconds, Stopping threads took: 0.0000080 seconds
14.729: Application time: 0.0000110 seconds
14.729: Total time for which application threads were stopped: 0.0000200 seconds, Stopping threads took: 0.0000110 seconds
14.729: Application time: 0.0003940 seconds
14.729: Total time for which application threads were stopped: 0.0000130 seconds, Stopping threads took: 0.0000060 seconds
14.781: Application time: 0.0514550 seconds
14.781: Total time for which application threads were stopped: 0.0000550 seconds, Stopping threads took: 0.0000130 seconds
14.791: Application time: 0.0097650 seconds
14.791: Total time for which application threads were stopped: 0.0000220 seconds, Stopping threads took: 0.0000070 seconds
14.849: Application time: 0.0584160 seconds
14.849: Total time for which application threads were stopped: 0.0000400 seconds, Stopping threads took: 0.0000170 seconds
14.849: Application time: 0.0001920 seconds
14.849: Total time for which application threads were stopped: 0.0000780 seconds, Stopping threads took: 0.0000700 seconds
14.850: Application time: 0.0000880 seconds
14.850: Total time for which application threads were stopped: 0.0000590 seconds, Stopping threads took: 0.0000500 seconds
14.850: Application time: 0.0001580 seconds
14.850: Total time for which application threads were stopped: 0.0000160 seconds, Stopping threads took: 0.0000040 seconds
15.024: Application time: 0.1741650 seconds
15.024: [GC [PSYoungGen: 31744K->5114K(36864K)] 34889K->24939K(119808K), 0.0071110 secs] [Times: user=0.04 sys=0.01, real=0.01 secs] 
15.031: Total time for which application threads were stopped: 0.0072660 seconds, Stopping threads took: 0.0000520 seconds
15.080: Application time: 0.0488800 seconds
15.080: Total time for which application threads were stopped: 0.0000800 seconds, Stopping threads took: 0.0000540 seconds
15.081: Application time: 0.0008260 seconds
15.081: Total time for which application threads were stopped: 0.0000450 seconds, Stopping threads took: 0.0000340 seconds
15.081: Application time: 0.0000420 seconds
15.081: Total time for which application threads were stopped: 0.0000480 seconds, Stopping threads took: 0.0000390 seconds
15.083: Application time: 0.0020210 seconds
15.083: Total time for which application threads were stopped: 0.0000490 seconds, Stopping threads took: 0.0000360 seconds
15.088: Application time: 0.0042980 seconds
15.088: Total time for which application threads were stopped: 0.0000800 seconds, Stopping threads took: 0.0000350 seconds
15.265: Application time: 0.1776670 seconds
15.265: Total time for which application threads were stopped: 0.0001140 seconds, Stopping threads took: 0.0000580 seconds
15.266: Application time: 0.0006470 seconds
15.266: Total time for which application threads were stopped: 0.0000600 seconds, Stopping threads took: 0.0000500 seconds
15.269: Application time: 0.0030930 seconds
15.269: Total time for which application threads were stopped: 0.0000420 seconds, Stopping threads took: 0.0000310 seconds
15.269: Application time: 0.0000780 seconds
15.269: Total time for which application threads were stopped: 0.0000470 seconds, Stopping threads took: 0.0000370 seconds
15.271: Application time: 0.0016740 seconds
15.271: Total time for which application threads were stopped: 0.0000520 seconds, Stopping threads took: 0.0000440 seconds
15.273: Application time: 0.0020730 seconds
15.273: Total time for which application threads were stopped: 0.0000570 seconds, Stopping threads took: 0.0000390 seconds
15.273: Application time: 0.0000650 seconds
15.273: Total time for which application threads were stopped: 0.0000390 seconds, Stopping threads took: 0.0000290 seconds
15.274: Application time: 0.0011320 seconds
15.275: Total time for which application threads were stopped: 0.0000360 seconds, Stopping threads took: 0.0000270 seconds
15.282: Application time: 0.0077770 seconds
15.282: Total time for which application threads were stopped: 0.0000560 seconds, Stopping threads took: 0.0000370 seconds
15.283: Application time: 0.0009200 seconds
15.283: Total time for which application threads were stopped: 0.0000520 seconds, Stopping threads took: 0.0000340 seconds
15.288: Application time: 0.0050610 seconds
15.288: Total time for which application threads were stopped: 0.0000620 seconds, Stopping threads took: 0.0000440 seconds
15.289: Application time: 0.0001420 seconds
15.289: Total time for which application threads were stopped: 0.0000530 seconds, Stopping threads took: 0.0000380 seconds
15.291: Application time: 0.0027530 seconds
15.291: Total time for which application threads were stopped: 0.0000660 seconds, Stopping threads took: 0.0000400 seconds
15.292: Application time: 0.0000120 seconds
15.292: Total time for which application threads were stopped: 0.0000230 seconds, Stopping threads took: 0.0000140 seconds
15.294: Application time: 0.0022920 seconds
15.294: Total time for which application threads were stopped: 0.0000420 seconds, Stopping threads took: 0.0000260 seconds
15.294: Application time: 0.0000110 seconds
15.294: Total time for which application threads were stopped: 0.0000310 seconds, Stopping threads took: 0.0000190 seconds
15.307: Application time: 0.0129040 seconds
15.307: Total time for which application threads were stopped: 0.0000700 seconds, Stopping threads took: 0.0000490 seconds
15.312: Application time: 0.0055480 seconds
15.312: Total time for which application threads were stopped: 0.0000670 seconds, Stopping threads took: 0.0000420 seconds
15.313: Application time: 0.0000590 seconds
15.313: Total time for which application threads were stopped: 0.0000530 seconds, Stopping threads took: 0.0000330 seconds
15.333: Application time: 0.0199700 seconds
15.333: Total time for which application threads were stopped: 0.0000840 seconds, Stopping threads took: 0.0000530 seconds
15.334: Application time: 0.0015030 seconds
15.334: Total time for which application threads were stopped: 0.0000840 seconds, Stopping threads took: 0.0000480 seconds
15.339: Application time: 0.0044490 seconds
15.339: [GC [PSYoungGen: 36858K->5104K(68608K)] 56683K->46161K(151552K), 0.0092080 secs] [Times: user=0.05 sys=0.02, real=0.01 secs] 
15.348: Total time for which application threads were stopped: 0.0093460 seconds, Stopping threads took: 0.0000460 seconds
15.546: Application time: 0.1974210 seconds
15.546: Total time for which application threads were stopped: 0.0001110 seconds, Stopping threads took: 0.0000460 seconds
15.547: Application time: 0.0015350 seconds
15.547: Total time for which application threads were stopped: 0.0000510 seconds, Stopping threads took: 0.0000360 seconds
15.547: Application time: 0.0001650 seconds
15.547: Total time for which application threads were stopped: 0.0000580 seconds, Stopping threads took: 0.0000410 seconds
15.555: Application time: 0.0077360 seconds
15.555: Total time for which application threads were stopped: 0.0000900 seconds, Stopping threads took: 0.0000390 seconds
15.556: Application time: 0.0002610 seconds
15.556: Total time for which application threads were stopped: 0.0000510 seconds, Stopping threads took: 0.0000330 seconds
15.562: Application time: 0.0068680 seconds
15.563: Total time for which application threads were stopped: 0.0000570 seconds, Stopping threads took: 0.0000390 seconds
15.564: Application time: 0.0019400 seconds
15.564: Total time for which application threads were stopped: 0.0000450 seconds, Stopping threads took: 0.0000290 seconds
15.565: Application time: 0.0000100 seconds
15.565: Total time for which application threads were stopped: 0.0000270 seconds, Stopping threads took: 0.0000170 seconds
15.565: Application time: 0.0000150 seconds
15.565: Total time for which application threads were stopped: 0.0000340 seconds, Stopping threads took: 0.0000250 seconds
15.565: Application time: 0.0000510 seconds
15.565: Total time for which application threads were stopped: 0.0000480 seconds, Stopping threads took: 0.0000370 seconds
15.570: Application time: 0.0056010 seconds
15.570: Total time for which application threads were stopped: 0.0001010 seconds, Stopping threads took: 0.0000830 seconds
15.572: Application time: 0.0020260 seconds
15.572: Total time for which application threads were stopped: 0.0000640 seconds, Stopping threads took: 0.0000470 seconds
15.573: Application time: 0.0000520 seconds
15.573: Total time for which application threads were stopped: 0.0000470 seconds, Stopping threads took: 0.0000340 seconds
15.588: Application time: 0.0158350 seconds
15.588: Total time for which application threads were stopped: 0.0000740 seconds, Stopping threads took: 0.0000390 seconds
15.589: Application time: 0.0000590 seconds
15.589: Total time for which application threads were stopped: 0.0000550 seconds, Stopping threads took: 0.0000350 seconds
15.808: Application time: 0.2198040 seconds
15.809: Total time for which application threads were stopped: 0.0001040 seconds, Stopping threads took: 0.0000470 seconds
15.832: Application time: 0.0236650 seconds
15.832: Total time for which application threads were stopped: 0.0000640 seconds, Stopping threads took: 0.0000400 seconds
15.844: Application time: 0.0114560 seconds
15.844: Total time for which application threads were stopped: 0.0000560 seconds, Stopping threads took: 0.0000320 seconds
15.846: Application time: 0.0018580 seconds
15.846: Total time for which application threads were stopped: 0.0000690 seconds, Stopping threads took: 0.0000330 seconds
15.853: Application time: 0.0071610 seconds
15.853: Total time for which application threads were stopped: 0.0000630 seconds, Stopping threads took: 0.0000470 seconds
15.859: Application time: 0.0058920 seconds
15.859: Total time for which application threads were stopped: 0.0000730 seconds, Stopping threads took: 0.0000500 seconds
16.237: Application time: 0.3783840 seconds
16.237: [GC [PSYoungGen: 68592K->5088K(68608K)] 109649K->62949K(151552K), 0.0109720 secs] [Times: user=0.07 sys=0.01, real=0.01 secs] 
16.248: [Full GC [PSYoungGen: 5088K->0K(68608K)] [ParOldGen: 57861K->54505K(137728K)] 62949K->54505K(206336K) [PSPermGen: 8502K->8499K(21504K)], 0.0890970 secs] [Times: user=0.62 sys=0.00, real=0.09 secs] 
16.338: Total time for which application threads were stopped: 0.1003120 seconds, Stopping threads took: 0.0000480 seconds
16.338: Application time: 0.0001300 seconds
16.338: Total time for which application threads were stopped: 0.0000830 seconds, Stopping threads took: 0.0000480 seconds
16.338: Application time: 0.0000240 seconds
16.338: Total time for which application threads were stopped: 0.0000390 seconds, Stopping threads took: 0.0000280 seconds
16.338: Application time: 0.0000170 seconds
16.338: Total time for which application threads were stopped: 0.0000230 seconds, Stopping threads took: 0.0000150 seconds
16.338: Application time: 0.0000140 seconds
16.338: Total time for which application threads were stopped: 0.0000200 seconds, Stopping threads took: 0.0000120 seconds
16.338: Application time: 0.0000240 seconds
16.338: Total time for which application threads were stopped: 0.0000510 seconds, Stopping threads took: 0.0000360 seconds
16.338: Application time: 0.0000220 seconds
16.338: Total time for which application threads were stopped: 0.0000370 seconds, Stopping threads took: 0.0000260 seconds
16.338: Application time: 0.0001260 seconds
16.338: Total time for which application threads were stopped: 0.0000350 seconds, Stopping threads took: 0.0000250 seconds
16.338: Application time: 0.0000140 seconds
16.338: Total time for which application threads were stopped: 0.0000260 seconds, Stopping threads took: 0.0000180 seconds
16.338: Application time: 0.0000120 seconds
16.338: Total time for which application threads were stopped: 0.0000390 seconds, Stopping threads took: 0.0000280 seconds
16.338: Application time: 0.0000120 seconds
16.338: Total time for which application threads were stopped: 0.0000320 seconds, Stopping threads took: 0.0000250 seconds
16.338: Application time: 0.0000120 seconds
16.338: Total time for which application threads were stopped: 0.0000250 seconds, Stopping threads took: 0.0000180 seconds
16.338: Application time: 0.0000170 seconds
16.338: Total time for which application threads were stopped: 0.0000270 seconds, Stopping threads took: 0.0000190 seconds
16.338: Application time: 0.0000120 seconds
16.339: Total time for which application threads were stopped: 0.0000290 seconds, Stopping threads took: 0.0000240 seconds
16.339: Application time: 0.0000120 seconds
16.339: Total time for which application threads were stopped: 0.0000210 seconds, Stopping threads took: 0.0000160 seconds
16.339: Application time: 0.0000120 seconds
16.339: Total time for which application threads were stopped: 0.0000230 seconds, Stopping threads took: 0.0000160 seconds
16.339: Application time: 0.0000110 seconds
16.339: Total time for which application threads were stopped: 0.0000160 seconds, Stopping threads took: 0.0000110 seconds
16.339: Application time: 0.0000110 seconds
16.339: Total time for which application threads were stopped: 0.0000350 seconds, Stopping threads took: 0.0000300 seconds
16.339: Application time: 0.0000110 seconds
16.339: Total time for which application threads were stopped: 0.0000250 seconds, Stopping threads took: 0.0000200 seconds
16.339: Application time: 0.0000120 seconds
16.339: Total time for which application threads were stopped: 0.0000250 seconds, Stopping threads took: 0.0000190 seconds
16.339: Application time: 0.0000110 seconds
16.339: Total time for which application threads were stopped: 0.0000210 seconds, Stopping threads took: 0.0000150 seconds
16.339: Application time: 0.0000110 seconds
16.339: Total time for which application threads were stopped: 0.0000180 seconds, Stopping threads took: 0.0000130 seconds
16.340: Application time: 0.0016070 seconds
16.340: Total time for which application threads were stopped: 0.0000400 seconds, Stopping threads took: 0.0000310 seconds
16.340: Application time: 0.0000150 seconds
16.340: Total time for which application threads were stopped: 0.0000270 seconds, Stopping threads took: 0.0000210 seconds
16.340: Application time: 0.0000110 seconds
16.341: Total time for which application threads were stopped: 0.0000160 seconds, Stopping threads took: 0.0000100 seconds
16.341: Application time: 0.0000160 seconds
16.341: Total time for which application threads were stopped: 0.0000220 seconds, Stopping threads took: 0.0000140 seconds
16.341: Application time: 0.0000120 seconds
16.341: Total time for which application threads were stopped: 0.0000220 seconds, Stopping threads took: 0.0000160 seconds
16.341: Application time: 0.0000130 seconds
16.341: Total time for which application threads were stopped: 0.0000290 seconds, Stopping threads took: 0.0000240 seconds
16.341: Application time: 0.0000140 seconds
16.341: Total time for which application threads were stopped: 0.0000240 seconds, Stopping threads took: 0.0000180 seconds
16.341: Application time: 0.0000120 seconds
16.341: Total time for which application threads were stopped: 0.0000280 seconds, Stopping threads took: 0.0000230 seconds
16.341: Application time: 0.0000110 seconds
16.341: Total time for which application threads were stopped: 0.0000240 seconds, Stopping threads took: 0.0000180 seconds
16.341: Application time: 0.0000160 seconds
16.341: Total time for which application threads were stopped: 0.0001170 seconds, Stopping threads took: 0.0000270 seconds
16.341: Application time: 0.0000140 seconds
16.341: Total time for which application threads were stopped: 0.0000210 seconds, Stopping threads took: 0.0000140 seconds
16.341: Application time: 0.0000120 seconds
16.341: Total time for which application threads were stopped: 0.0000190 seconds, Stopping threads took: 0.0000140 seconds
16.341: Application time: 0.0000110 seconds
16.341: Total time for which application threads were stopped: 0.0000800 seconds, Stopping threads took: 0.0000130 seconds
16.364: Application time: 0.0225360 seconds
16.364: Total time for which application threads were stopped: 0.0001060 seconds, Stopping threads took: 0.0000630 seconds
16.548: Application time: 0.1842230 seconds
16.548: [GC [PSYoungGen: 63488K->5120K(85504K)] 117993K->64545K(223232K), 0.0049430 secs] [Times: user=0.04 sys=0.00, real=0.00 secs] 
16.553: Total time for which application threads were stopped: 0.0051710 seconds, Stopping threads took: 0.0000890 seconds
16.836: Application time: 0.2830060 seconds
16.836: [GC [PSYoungGen: 85504K->5120K(109568K)] 144929K->82865K(247296K), 0.0099800 secs] [Times: user=0.07 sys=0.01, real=0.02 secs] 
16.846: Total time for which application threads were stopped: 0.0101620 seconds, Stopping threads took: 0.0000570 seconds
17.010: Application time: 0.1640260 seconds
17.010: Total time for which application threads were stopped: 0.0000880 seconds, Stopping threads took: 0.0000430 seconds
17.010: Application time: 0.0000150 seconds
17.010: Total time for which application threads were stopped: 0.0000370 seconds, Stopping threads took: 0.0000210 seconds
17.010: Application time: 0.0000110 seconds
17.010: Total time for which application threads were stopped: 0.0000260 seconds, Stopping threads took: 0.0000130 seconds
17.146: Application time: 0.1356410 seconds
17.146: [GC [PSYoungGen: 109568K->6688K(140800K)] 187313K->84433K(278528K), 0.0036980 secs] [Times: user=0.02 sys=0.02, real=0.00 secs] 
17.150: Total time for which application threads were stopped: 0.0038870 seconds, Stopping threads took: 0.0000650 seconds
17.303: Application time: 0.1531830 seconds
17.303: [GC [PSYoungGen: 111648K->6816K(140288K)] 189393K->84561K(278016K), 0.0036290 secs] [Times: user=0.02 sys=0.00, real=0.01 secs] 
17.307: Total time for which application threads were stopped: 0.0037830 seconds, Stopping threads took: 0.0000360 seconds
17.319: Application time: 0.0119460 seconds
17.319: Total time for which application threads were stopped: 0.0000930 seconds, Stopping threads took: 0.0000580 seconds
17.562: Application time: 0.2425290 seconds
17.562: [GC [PSYoungGen: 111776K->7072K(163328K)] 189521K->84817K(301056K), 0.0038020 secs] [Times: user=0.02 sys=0.00, real=0.01 secs] 
17.566: Total time for which application threads were stopped: 0.0040010 seconds, Stopping threads took: 0.0000650 seconds
17.702: Application time: 0.1364950 seconds
17.702: [GC [PSYoungGen: 139680K->7072K(165888K)] 217425K->84817K(303616K), 0.0039170 secs] [Times: user=0.02 sys=0.01, real=0.01 secs] 
17.706: Total time for which application threads were stopped: 0.0041170 seconds, Stopping threads took: 0.0000900 seconds
17.881: Application time: 0.1747180 seconds
17.881: [GC [PSYoungGen: 139680K->32224K(181760K)] 217425K->110845K(319488K), 0.0128070 secs] [Times: user=0.09 sys=0.01, real=0.01 secs] 
17.894: Total time for which application threads were stopped: 0.0130040 seconds, Stopping threads took: 0.0000630 seconds
18.035: Application time: 0.1411230 seconds
18.035: [GC [PSYoungGen: 181728K->37856K(187392K)] 260349K->148475K(325120K), 0.0271100 secs] [Times: user=0.18 sys=0.02, real=0.03 secs] 
18.062: [Full GC [PSYoungGen: 37856K->0K(187392K)] [ParOldGen: 110619K->76921K(188416K)] 148475K->76921K(375808K) [PSPermGen: 8796K->8794K(21504K)], 0.0912680 secs] [Times: user=0.67 sys=0.00, real=0.09 secs] 
18.154: Total time for which application threads were stopped: 0.1186700 seconds, Stopping threads took: 0.0001250 seconds
18.243: Application time: 0.0895290 seconds
18.245: [GC [PSYoungGen: 149504K->21024K(246272K)] 226425K->97945K(434688K), 0.0076700 secs] [Times: user=0.04 sys=0.01, real=0.00 secs] 
18.252: Total time for which application threads were stopped: 0.0090550 seconds, Stopping threads took: 0.0012490 seconds
18.345: Application time: 0.0929730 seconds
18.345: [GC [PSYoungGen: 218144K->21088K(250368K)] 295065K->98009K(438784K), 0.0087380 secs] [Times: user=0.06 sys=0.00, real=0.00 secs] 
18.354: Total time for which application threads were stopped: 0.0089770 seconds, Stopping threads took: 0.0001120 seconds
18.412: Application time: 0.0580490 seconds
18.412: [GC [PSYoungGen: 218208K->22848K(314880K)] 295129K->99769K(503296K), 0.0081300 secs] [Times: user=0.05 sys=0.01, real=0.01 secs] 
18.421: Total time for which application threads were stopped: 0.0083900 seconds, Stopping threads took: 0.0001670 seconds
18.548: Application time: 0.1268490 seconds
18.548: [GC [PSYoungGen: 287552K->48128K(312832K)] 364473K->151520K(501248K), 0.0291720 secs] [Times: user=0.20 sys=0.02, real=0.03 secs] 
18.577: Total time for which application threads were stopped: 0.0293580 seconds, Stopping threads took: 0.0000930 seconds
18.693: Application time: 0.1161820 seconds
18.693: [GC [PSYoungGen: 312832K->46176K(433152K)] 416224K->153328K(621568K), 0.0192370 secs] [Times: user=0.14 sys=0.01, real=0.02 secs] 
18.712: Total time for which application threads were stopped: 0.0194210 seconds, Stopping threads took: 0.0000960 seconds
18.823: Application time: 0.1109750 seconds
18.824: [GC [PSYoungGen: 413792K->65536K(436736K)] 520944K->174120K(625152K), 0.0245060 secs] [Times: user=0.16 sys=0.03, real=0.03 secs] 
18.848: Total time for which application threads were stopped: 0.0247200 seconds, Stopping threads took: 0.0001100 seconds
19.042: Application time: 0.1941290 seconds
19.042: [GC [PSYoungGen: 433152K->69952K(542208K)] 541736K->204268K(730624K), 0.0349390 secs] [Times: user=0.25 sys=0.03, real=0.04 secs] 
19.077: Total time for which application threads were stopped: 0.0351570 seconds, Stopping threads took: 0.0000980 seconds
19.226: Application time: 0.1488950 seconds
19.227: [GC [PSYoungGen: 533312K->35552K(551936K)] 667628K->202955K(740352K), 0.0260440 secs] [Times: user=0.18 sys=0.02, real=0.02 secs] 
19.253: [Full GC [PSYoungGen: 35552K->0K(551936K)] [ParOldGen: 167403K->75257K(211456K)] 202955K->75257K(763392K) [PSPermGen: 8809K->8809K(21504K)], 0.0812410 secs] [Times: user=0.61 sys=0.00, real=0.08 secs] 
19.334: Total time for which application threads were stopped: 0.1075250 seconds, Stopping threads took: 0.0000950 seconds
19.545: Application time: 0.2111090 seconds
19.545: [GC [PSYoungGen: 463360K->36544K(564736K)] 538617K->111801K(776192K), 0.0164320 secs] [Times: user=0.13 sys=0.00, real=0.01 secs] 
19.562: Total time for which application threads were stopped: 0.0166500 seconds, Stopping threads took: 0.0001080 seconds
19.757: Application time: 0.1957740 seconds
19.758: [GC [PSYoungGen: 531648K->67264K(573952K)] 606905K->149169K(785408K), 0.0277180 secs] [Times: user=0.21 sys=0.01, real=0.03 secs] 
19.785: Total time for which application threads were stopped: 0.0279030 seconds, Stopping threads took: 0.0000950 seconds
19.963: Application time: 0.1776800 seconds
19.963: [GC [PSYoungGen: 562368K->10880K(580608K)] 644273K->151068K(792064K), 0.0270860 secs] [Times: user=0.21 sys=0.00, real=0.03 secs] 
19.990: Total time for which application threads were stopped: 0.0272940 seconds, Stopping threads took: 0.0001110 seconds
20.215: Application time: 0.2245860 seconds
20.215: [GC [PSYoungGen: 504960K->66080K(560640K)] 645148K->211796K(772096K), 0.0304010 secs] [Times: user=0.24 sys=0.00, real=0.04 secs] 
20.246: Total time for which application threads were stopped: 0.0306050 seconds, Stopping threads took: 0.0000940 seconds
20.413: Application time: 0.1672420 seconds
20.413: [GC [PSYoungGen: 560160K->50208K(576000K)] 705876K->216788K(787456K), 0.0303490 secs] [Times: user=0.24 sys=0.00, real=0.03 secs] 
20.443: [Full GC [PSYoungGen: 50208K->0K(576000K)] [ParOldGen: 166580K->75792K(238592K)] 216788K->75792K(814592K) [PSPermGen: 8813K->8813K(21504K)], 0.0808270 secs] [Times: user=0.60 sys=0.00, real=0.08 secs] 
20.524: Total time for which application threads were stopped: 0.1113980 seconds, Stopping threads took: 0.0000780 seconds
20.733: Application time: 0.2086700 seconds
20.733: [GC [PSYoungGen: 483328K->23136K(506880K)] 559120K->98928K(745472K), 0.0102730 secs] [Times: user=0.08 sys=0.00, real=0.01 secs] 
20.743: Total time for which application threads were stopped: 0.0104810 seconds, Stopping threads took: 0.0001050 seconds
20.950: Application time: 0.2064320 seconds
20.950: [GC [PSYoungGen: 506464K->69632K(564736K)] 582256K->147296K(803328K), 0.0296810 secs] [Times: user=0.24 sys=0.00, real=0.03 secs] 
20.980: Total time for which application threads were stopped: 0.0298660 seconds, Stopping threads took: 0.0000920 seconds
21.136: Application time: 0.1567030 seconds
21.137: [GC [PSYoungGen: 545280K->9344K(571392K)] 622944K->144524K(809984K), 0.0258430 secs] [Times: user=0.20 sys=0.00, real=0.02 secs] 
21.162: Total time for which application threads were stopped: 0.0260950 seconds, Stopping threads took: 0.0001560 seconds
21.381: Application time: 0.2187170 seconds
21.381: [GC [PSYoungGen: 484992K->63104K(564224K)] 620172K->205208K(802816K), 0.0296480 secs] [Times: user=0.21 sys=0.00, real=0.03 secs] 
21.411: Total time for which application threads were stopped: 0.0298740 seconds, Stopping threads took: 0.0001220 seconds
21.569: Application time: 0.1582590 seconds
21.569: [GC [PSYoungGen: 531584K->48864K(567808K)] 673688K->216535K(806400K), 0.0319430 secs] [Times: user=0.25 sys=0.00, real=0.03 secs] 
21.601: Total time for which application threads were stopped: 0.0321600 seconds, Stopping threads took: 0.0001250 seconds
21.804: Application time: 0.2023350 seconds
21.804: [GC [PSYoungGen: 517344K->23232K(563200K)] 685015K->238394K(801792K), 0.0264920 secs] [Times: user=0.17 sys=0.03, real=0.03 secs] 
21.830: [Full GC [PSYoungGen: 23232K->0K(563200K)] [ParOldGen: 215162K->77034K(269312K)] 238394K->77034K(832512K) [PSPermGen: 8820K->8820K(21504K)], 0.0860330 secs] [Times: user=0.64 sys=0.00, real=0.09 secs] 
21.917: Total time for which application threads were stopped: 0.1127890 seconds, Stopping threads took: 0.0001130 seconds
22.111: Application time: 0.1947240 seconds
22.111: [GC [PSYoungGen: 471552K->70336K(565760K)] 548586K->147370K(835072K), 0.0300550 secs] [Times: user=0.24 sys=0.00, real=0.03 secs] 
22.142: Total time for which application threads were stopped: 0.0302680 seconds, Stopping threads took: 0.0000970 seconds
22.304: Application time: 0.1620470 seconds
22.304: [GC [PSYoungGen: 541888K->8304K(566272K)] 618922K->150425K(835584K), 0.0283920 secs] [Times: user=0.23 sys=0.00, real=0.03 secs] 
22.332: Total time for which application threads were stopped: 0.0286060 seconds, Stopping threads took: 0.0001180 seconds
22.547: Application time: 0.2148160 seconds
22.547: [GC [PSYoungGen: 474736K->67856K(534528K)] 616857K->214705K(803840K), 0.0309750 secs] [Times: user=0.23 sys=0.00, real=0.03 secs] 
22.578: Total time for which application threads were stopped: 0.0311990 seconds, Stopping threads took: 0.0000970 seconds
22.727: Application time: 0.1489880 seconds
22.727: [GC [PSYoungGen: 534288K->36176K(567808K)] 681137K->233102K(837120K), 0.0343930 secs] [Times: user=0.27 sys=0.00, real=0.03 secs] 
22.762: [Full GC [PSYoungGen: 36176K->0K(567808K)] [ParOldGen: 196926K->82759K(306176K)] 233102K->82759K(873984K) [PSPermGen: 8823K->8823K(21504K)], 0.0849270 secs] [Times: user=0.63 sys=0.00, real=0.09 secs] 
22.847: Total time for which application threads were stopped: 0.1195810 seconds, Stopping threads took: 0.0001000 seconds
23.059: Application time: 0.2118630 seconds
23.059: [GC [PSYoungGen: 463360K->36672K(500224K)] 546119K->119431K(806400K), 0.0165480 secs] [Times: user=0.13 sys=0.00, real=0.01 secs] 
23.075: Total time for which application threads were stopped: 0.0167210 seconds, Stopping threads took: 0.0000770 seconds
23.251: Application time: 0.1758420 seconds
23.251: [GC [PSYoungGen: 500032K->63216K(555520K)] 582791K->166750K(861696K), 0.0354670 secs] [Times: user=0.28 sys=0.00, real=0.04 secs] 
23.287: Total time for which application threads were stopped: 0.0356630 seconds, Stopping threads took: 0.0000840 seconds
23.463: Application time: 0.1756210 seconds
23.463: [GC [PSYoungGen: 524016K->14432K(558080K)] 627550K->174396K(864256K), 0.0280300 secs] [Times: user=0.22 sys=0.00, real=0.03 secs] 
23.491: Total time for which application threads were stopped: 0.0282270 seconds, Stopping threads took: 0.0001000 seconds
23.693: Application time: 0.2024890 seconds
23.693: [GC [PSYoungGen: 475232K->69648K(560128K)] 635196K->229725K(866304K), 0.0296820 secs] [Times: user=0.24 sys=0.00, real=0.03 secs] 
23.723: Total time for which application threads were stopped: 0.0298810 seconds, Stopping threads took: 0.0001010 seconds
23.873: Application time: 0.1498080 seconds
23.873: [GC [PSYoungGen: 533008K->10880K(565248K)] 693085K->228593K(871424K), 0.0268990 secs] [Times: user=0.20 sys=0.00, real=0.03 secs] 
23.900: Total time for which application threads were stopped: 0.0271220 seconds, Stopping threads took: 0.0001130 seconds
24.115: Application time: 0.2154130 seconds
24.116: [GC [PSYoungGen: 474240K->61056K(562176K)] 691953K->287780K(868352K), 0.0291650 secs] [Times: user=0.23 sys=0.00, real=0.04 secs] 
24.145: [Full GC [PSYoungGen: 61056K->0K(562176K)] [ParOldGen: 226724K->77056K(318976K)] 287780K->77056K(881152K) [PSPermGen: 8824K->8824K(21504K)], 0.0835840 secs] [Times: user=0.61 sys=0.00, real=0.08 secs] 
24.229: Total time for which application threads were stopped: 0.1130280 seconds, Stopping threads took: 0.0001330 seconds
24.382: Application time: 0.1533940 seconds
24.382: [GC [PSYoungGen: 460288K->48400K(508928K)] 537344K->125456K(827904K), 0.0213250 secs] [Times: user=0.17 sys=0.00, real=0.02 secs] 
24.403: Total time for which application threads were stopped: 0.0215400 seconds, Stopping threads took: 0.0001080 seconds
24.604: Application time: 0.2008670 seconds
24.605: [GC [PSYoungGen: 508688K->24032K(563200K)] 585744K->147811K(882176K), 0.0283180 secs] [Times: user=0.22 sys=0.00, real=0.02 secs] 
24.633: Total time for which application threads were stopped: 0.0285430 seconds, Stopping threads took: 0.0001280 seconds
24.819: Application time: 0.1857090 seconds
24.819: [GC [PSYoungGen: 487904K->68832K(561152K)] 611683K->195291K(880128K), 0.0302090 secs] [Times: user=0.24 sys=0.00, real=0.03 secs] 
24.849: Total time for which application threads were stopped: 0.0303820 seconds, Stopping threads took: 0.0000790 seconds
25.017: Application time: 0.1676190 seconds
25.017: [GC [PSYoungGen: 532704K->9136K(565248K)] 659163K->199798K(884224K), 0.0285230 secs] [Times: user=0.23 sys=0.00, real=0.03 secs] 
25.045: Total time for which application threads were stopped: 0.0287340 seconds, Stopping threads took: 0.0000960 seconds
25.255: Application time: 0.2100340 seconds
25.256: [GC [PSYoungGen: 472496K->67760K(531456K)] 663158K->260546K(850432K), 0.0302720 secs] [Times: user=0.23 sys=0.00, real=0.04 secs] 
25.286: Total time for which application threads were stopped: 0.0304810 seconds, Stopping threads took: 0.0001130 seconds
25.433: Application time: 0.1473600 seconds
25.436: [GC [PSYoungGen: 531120K->23744K(564224K)] 723906K->260492K(883200K), 0.0262920 secs] [Times: user=0.21 sys=0.00, real=0.02 secs] 
25.463: [Full GC [PSYoungGen: 23744K->0K(564224K)] [ParOldGen: 236748K->70232K(334848K)] 260492K->70232K(899072K) [PSPermGen: 8824K->8824K(21504K)], 0.0729190 secs] [Times: user=0.54 sys=0.00, real=0.07 secs] 
25.536: Total time for which application threads were stopped: 0.1025780 seconds, Stopping threads took: 0.0032140 seconds
25.748: Application time: 0.2120520 seconds
25.748: [GC [PSYoungGen: 458240K->49008K(507392K)] 528472K->119240K(842240K), 0.0219210 secs] [Times: user=0.18 sys=0.00, real=0.02 secs] 
25.770: Total time for which application threads were stopped: 0.0221150 seconds, Stopping threads took: 0.0000880 seconds
25.936: Application time: 0.1660930 seconds
25.936: [GC [PSYoungGen: 507248K->55040K(559104K)] 577480K->147542K(893952K), 0.0328480 secs] [Times: user=0.25 sys=0.00, real=0.04 secs] 
25.969: Total time for which application threads were stopped: 0.0330460 seconds, Stopping threads took: 0.0001010 seconds
26.156: Application time: 0.1873310 seconds
26.157: [GC [PSYoungGen: 514304K->19392K(558080K)] 606806K->163225K(892928K), 0.0282480 secs] [Times: user=0.22 sys=0.00, real=0.03 secs] 
26.185: Total time for which application threads were stopped: 0.0284360 seconds, Stopping threads took: 0.0000870 seconds
26.381: Application time: 0.1956350 seconds
26.381: [GC [PSYoungGen: 478656K->69056K(559616K)] 622489K->213937K(894464K), 0.0299930 secs] [Times: user=0.24 sys=0.00, real=0.03 secs] 
26.411: Total time for which application threads were stopped: 0.0301880 seconds, Stopping threads took: 0.0000880 seconds
26.568: Application time: 0.1568830 seconds
26.568: [GC [PSYoungGen: 531392K->10944K(564736K)] 676273K->212734K(899584K), 0.0266320 secs] [Times: user=0.21 sys=0.00, real=0.02 secs] 
26.594: Total time for which application threads were stopped: 0.0268550 seconds, Stopping threads took: 0.0001270 seconds
26.807: Application time: 0.2126520 seconds
26.807: [GC [PSYoungGen: 473280K->61808K(561152K)] 675070K->272385K(896000K), 0.0299950 secs] [Times: user=0.24 sys=0.00, real=0.03 secs] 
26.837: Total time for which application threads were stopped: 0.0301930 seconds, Stopping threads took: 0.0000990 seconds
26.984: Application time: 0.1468980 seconds
26.984: [GC [PSYoungGen: 521072K->35200K(494592K)] 731649K->282871K(829440K), 0.0288890 secs] [Times: user=0.22 sys=0.00, real=0.03 secs] 
27.013: Total time for which application threads were stopped: 0.0290960 seconds, Stopping threads took: 0.0001000 seconds
27.223: Application time: 0.2095200 seconds
27.223: [GC [PSYoungGen: 494464K->38176K(565248K)] 742135K->318219K(900096K), 0.0283160 secs] [Times: user=0.21 sys=0.02, real=0.03 secs] 
27.251: [Full GC [PSYoungGen: 38176K->0K(565248K)] [ParOldGen: 280043K->77078K(347648K)] 318219K->77078K(912896K) [PSPermGen: 8826K->8826K(21504K)], 0.0834240 secs] [Times: user=0.62 sys=0.00, real=0.08 secs] 
27.335: Total time for which application threads were stopped: 0.1120090 seconds, Stopping threads took: 0.0001210 seconds
27.515: Application time: 0.1800090 seconds
27.515: [GC [PSYoungGen: 466432K->61536K(560128K)] 543510K->138614K(907776K), 0.0269610 secs] [Times: user=0.21 sys=0.00, real=0.03 secs] 
27.542: Total time for which application threads were stopped: 0.0271690 seconds, Stopping threads took: 0.0001000 seconds
27.718: Application time: 0.1764640 seconds
27.719: [GC [PSYoungGen: 527968K->16848K(571904K)] 605046K->150325K(919552K), 0.0283720 secs] [Times: user=0.23 sys=0.00, real=0.03 secs] 
27.747: Total time for which application threads were stopped: 0.0285840 seconds, Stopping threads took: 0.0001160 seconds
27.956: Application time: 0.2088170 seconds
27.956: [GC [PSYoungGen: 492496K->67904K(543744K)] 625973K->203489K(891392K), 0.0304650 secs] [Times: user=0.24 sys=0.00, real=0.04 secs] 
27.987: Total time for which application threads were stopped: 0.0306610 seconds, Stopping threads took: 0.0001030 seconds
28.141: Application time: 0.1541310 seconds
28.145: [GC [PSYoungGen: 543552K->17856K(568320K)] 679137K->209065K(915968K), 0.0291880 secs] [Times: user=0.23 sys=0.00, real=0.02 secs] 
28.174: Total time for which application threads were stopped: 0.0331060 seconds, Stopping threads took: 0.0038040 seconds
28.387: Application time: 0.2135520 seconds
28.388: [GC [PSYoungGen: 486336K->54144K(522752K)] 677545K->261388K(870400K), 0.0310870 secs] [Times: user=0.23 sys=0.00, real=0.03 secs] 
28.419: Total time for which application threads were stopped: 0.0313190 seconds, Stopping threads took: 0.0001360 seconds
28.590: Application time: 0.1711320 seconds
28.590: [GC [PSYoungGen: 522624K->57728K(566272K)] 729868K->285434K(913920K), 0.0335210 secs] [Times: user=0.27 sys=0.00, real=0.03 secs] 
28.624: Total time for which application threads were stopped: 0.0337250 seconds, Stopping threads took: 0.0001100 seconds
28.810: Application time: 0.1866090 seconds
28.810: [GC [PSYoungGen: 526208K->17184K(566272K)] 753914K->298477K(913920K), 0.0283610 secs] [Times: user=0.22 sys=0.00, real=0.03 secs] 
28.839: [Full GC [PSYoungGen: 17184K->0K(566272K)] [ParOldGen: 281293K->77060K(365568K)] 298477K->77060K(931840K) [PSPermGen: 8826K->8826K(21504K)], 0.0845060 secs] [Times: user=0.63 sys=0.00, real=0.08 secs] 
28.923: Total time for which application threads were stopped: 0.1131840 seconds, Stopping threads took: 0.0001480 seconds
29.125: Application time: 0.2015520 seconds
29.125: [GC [PSYoungGen: 468480K->69744K(560640K)] 545540K->146804K(926208K), 0.0296520 secs] [Times: user=0.24 sys=0.00, real=0.02 secs] 
29.155: Total time for which application threads were stopped: 0.0298600 seconds, Stopping threads took: 0.0001140 seconds
29.309: Application time: 0.1544240 seconds
29.309: [GC [PSYoungGen: 533104K->12800K(565248K)] 610164K->147540K(930816K), 0.0281220 secs] [Times: user=0.22 sys=0.00, real=0.03 secs] 
29.337: Total time for which application threads were stopped: 0.0283080 seconds, Stopping threads took: 0.0000870 seconds
29.551: Application time: 0.2136850 seconds
29.551: [GC [PSYoungGen: 476160K->58448K(565248K)] 610900K->204815K(930816K), 0.0298390 secs] [Times: user=0.22 sys=0.00, real=0.03 secs] 
29.581: Total time for which application threads were stopped: 0.0300660 seconds, Stopping threads took: 0.0001110 seconds
29.735: Application time: 0.1537280 seconds
29.735: [GC [PSYoungGen: 521808K->46960K(510464K)] 668175K->214199K(876032K), 0.0287530 secs] [Times: user=0.23 sys=0.00, real=0.03 secs] 
29.764: Total time for which application threads were stopped: 0.0289630 seconds, Stopping threads took: 0.0001140 seconds
29.967: Application time: 0.2031330 seconds
29.967: [GC [PSYoungGen: 510320K->25216K(563712K)] 677559K->237934K(929280K), 0.0285060 secs] [Times: user=0.23 sys=0.00, real=0.02 secs] 
29.996: Total time for which application threads were stopped: 0.0287360 seconds, Stopping threads took: 0.0001350 seconds
30.181: Application time: 0.1855620 seconds
30.182: [GC [PSYoungGen: 491136K->67456K(561152K)] 703854K->286718K(926720K), 0.0316070 secs] [Times: user=0.25 sys=0.00, real=0.03 secs] 
30.213: Total time for which application threads were stopped: 0.0318310 seconds, Stopping threads took: 0.0001150 seconds
30.381: Application time: 0.1682100 seconds
30.382: [GC [PSYoungGen: 533376K->17152K(568320K)] 752638K->285974K(933888K), 0.0263830 secs] [Times: user=0.20 sys=0.00, real=0.03 secs] 
30.408: Total time for which application threads were stopped: 0.0265660 seconds, Stopping threads took: 0.0000850 seconds
30.618: Application time: 0.2104680 seconds
30.619: [GC [PSYoungGen: 485632K->63104K(531968K)] 754454K->339750K(897536K), 0.0303320 secs] [Times: user=0.24 sys=0.00, real=0.03 secs] 
30.649: Total time for which application threads were stopped: 0.0305310 seconds, Stopping threads took: 0.0001020 seconds
30.800: Application time: 0.1510810 seconds
30.800: [GC [PSYoungGen: 531584K->23456K(568320K)] 808230K->350287K(933888K), 0.0277340 secs] [Times: user=0.22 sys=0.00, real=0.03 secs] 
30.828: [Full GC [PSYoungGen: 23456K->0K(568320K)] [ParOldGen: 326831K->74789K(376320K)] 350287K->74789K(944640K) [PSPermGen: 8826K->8826K(21504K)], 0.0796690 secs] [Times: user=0.57 sys=0.00, real=0.08 secs] 
30.908: Total time for which application threads were stopped: 0.1076730 seconds, Stopping threads took: 0.0000910 seconds
31.120: Application time: 0.2119180 seconds
31.120: [GC [PSYoungGen: 467456K->50480K(518144K)] 542245K->125269K(894464K), 0.0226490 secs] [Times: user=0.18 sys=0.00, real=0.02 secs] 
31.143: Total time for which application threads were stopped: 0.0228760 seconds, Stopping threads took: 0.0001330 seconds
31.318: Application time: 0.1753250 seconds
31.318: [GC [PSYoungGen: 517936K->59072K(562688K)] 592725K->155619K(939008K), 0.0344100 secs] [Times: user=0.28 sys=0.00, real=0.03 secs] 
31.352: Total time for which application threads were stopped: 0.0345890 seconds, Stopping threads took: 0.0000710 seconds
31.533: Application time: 0.1809220 seconds
31.536: [GC [PSYoungGen: 525504K->18336K(563712K)] 622051K->170306K(940032K), 0.0289980 secs] [Times: user=0.23 sys=0.00, real=0.03 secs] 
31.566: Total time for which application threads were stopped: 0.0321760 seconds, Stopping threads took: 0.0030790 seconds
31.768: Application time: 0.2022460 seconds
31.768: [GC [PSYoungGen: 484768K->67312K(562688K)] 636738K->221898K(939008K), 0.0297720 secs] [Times: user=0.24 sys=0.00, real=0.03 secs] 
31.798: Total time for which application threads were stopped: 0.0299790 seconds, Stopping threads took: 0.0001130 seconds
31.953: Application time: 0.1554230 seconds
31.953: [GC [PSYoungGen: 533744K->13152K(566784K)] 688330K->235013K(943104K), 0.0319570 secs] [Times: user=0.25 sys=0.00, real=0.04 secs] 
31.985: Total time for which application threads were stopped: 0.0321640 seconds, Stopping threads took: 0.0001010 seconds
32.198: Application time: 0.2124000 seconds
32.198: [GC [PSYoungGen: 479584K->57920K(566272K)] 701445K->291912K(942592K), 0.0293800 secs] [Times: user=0.23 sys=0.00, real=0.03 secs] 
32.227: Total time for which application threads were stopped: 0.0295910 seconds, Stopping threads took: 0.0001180 seconds
32.388: Application time: 0.1602980 seconds
32.388: [GC [PSYoungGen: 524352K->52624K(519168K)] 758344K->303536K(895488K), 0.0301480 secs] [Times: user=0.24 sys=0.00, real=0.03 secs] 
32.418: Total time for which application threads were stopped: 0.0303230 seconds, Stopping threads took: 0.0000820 seconds
32.616: Application time: 0.1977610 seconds
32.616: [GC [PSYoungGen: 519056K->21088K(566784K)] 769968K->321659K(943104K), 0.0280540 secs] [Times: user=0.22 sys=0.00, real=0.03 secs] 
32.644: [Full GC [PSYoungGen: 21088K->0K(566784K)] [ParOldGen: 300571K->77069K(393728K)] 321659K->77069K(960512K) [PSPermGen: 8830K->8830K(21504K)], 0.0832840 secs] [Times: user=0.62 sys=0.00, real=0.09 secs] 
32.727: Total time for which application threads were stopped: 0.1116030 seconds, Stopping threads took: 0.0000930 seconds
32.921: Application time: 0.1933500 seconds
32.921: [GC [PSYoungGen: 468480K->70064K(565248K)] 545549K->147133K(958976K), 0.0304290 secs] [Times: user=0.25 sys=0.00, real=0.03 secs] 
32.951: Total time for which application threads were stopped: 0.0306320 seconds, Stopping threads took: 0.0001070 seconds
33.115: Application time: 0.1632290 seconds
33.115: [GC [PSYoungGen: 538544K->16960K(566272K)] 615613K->147281K(960000K), 0.0280070 secs] [Times: user=0.22 sys=0.00, real=0.03 secs] 
33.143: Total time for which application threads were stopped: 0.0282220 seconds, Stopping threads took: 0.0001180 seconds
33.353: Application time: 0.2102500 seconds
33.357: [GC [PSYoungGen: 481344K->58848K(565248K)] 611665K->201448K(958976K), 0.0308040 secs] [Times: user=0.24 sys=0.01, real=0.03 secs] 
33.389: Total time for which application threads were stopped: 0.0359410 seconds, Stopping threads took: 0.0034170 seconds
33.539: Application time: 0.1499030 seconds
33.539: [GC [PSYoungGen: 523232K->30768K(559616K)] 665832K->212274K(953344K), 0.0278180 secs] [Times: user=0.22 sys=0.00, real=0.03 secs] 
33.567: Total time for which application threads were stopped: 0.0279900 seconds, Stopping threads took: 0.0000790 seconds
33.774: Application time: 0.2071570 seconds
33.774: [GC [PSYoungGen: 495664K->43648K(562688K)] 677170K->251959K(956416K), 0.0290360 secs] [Times: user=0.23 sys=0.00, real=0.03 secs] 
33.803: Total time for which application threads were stopped: 0.0292390 seconds, Stopping threads took: 0.0001080 seconds
33.981: Application time: 0.1773780 seconds
33.981: [GC [PSYoungGen: 508544K->59792K(565760K)] 716855K->293213K(959488K), 0.0359840 secs] [Times: user=0.28 sys=0.00, real=0.04 secs] 
34.017: Total time for which application threads were stopped: 0.0362000 seconds, Stopping threads took: 0.0001090 seconds
34.197: Application time: 0.1802010 seconds
34.197: [GC [PSYoungGen: 532880K->24176K(567296K)] 766301K->300994K(961024K), 0.0269280 secs] [Times: user=0.20 sys=0.00, real=0.02 secs] 
34.224: Total time for which application threads were stopped: 0.0271500 seconds, Stopping threads took: 0.0001280 seconds
34.430: Application time: 0.2062050 seconds
34.431: [GC [PSYoungGen: 497264K->61888K(570368K)] 774082K->346828K(964096K), 0.0304950 secs] [Times: user=0.23 sys=0.00, real=0.03 secs] 
34.461: Total time for which application threads were stopped: 0.0307000 seconds, Stopping threads took: 0.0001100 seconds
34.619: Application time: 0.1579050 seconds
34.619: [GC [PSYoungGen: 539584K->20064K(572416K)] 824524K->364925K(966144K), 0.0312480 secs] [Times: user=0.24 sys=0.00, real=0.03 secs] 
34.651: [Full GC [PSYoungGen: 20064K->0K(572416K)] [ParOldGen: 344861K->82112K(406016K)] 364925K->82112K(978432K) [PSPermGen: 8830K->8830K(21504K)], 0.0878160 secs] [Times: user=0.65 sys=0.00, real=0.09 secs] 
34.738: Total time for which application threads were stopped: 0.1193470 seconds, Stopping threads took: 0.0001090 seconds
34.952: Application time: 0.2132550 seconds
34.952: [GC [PSYoungGen: 477696K->54000K(570368K)] 559808K->136112K(976384K), 0.0232190 secs] [Times: user=0.19 sys=0.00, real=0.02 secs] 
34.975: Total time for which application threads were stopped: 0.0234220 seconds, Stopping threads took: 0.0001080 seconds
35.158: Application time: 0.1824990 seconds
35.158: [GC [PSYoungGen: 532720K->58800K(571904K)] 614832K->160183K(977920K), 0.0332390 secs] [Times: user=0.26 sys=0.00, real=0.03 secs] 
35.191: Total time for which application threads were stopped: 0.0334430 seconds, Stopping threads took: 0.0000980 seconds
35.374: Application time: 0.1834280 seconds
35.375: [GC [PSYoungGen: 537520K->23088K(571904K)] 638903K->173522K(977920K), 0.0282680 secs] [Times: user=0.22 sys=0.00, real=0.03 secs] 
35.403: Total time for which application threads were stopped: 0.0284840 seconds, Stopping threads took: 0.0001090 seconds
35.611: Application time: 0.2080160 seconds
35.611: [GC [PSYoungGen: 502832K->63136K(543232K)] 653266K->220686K(949248K), 0.0299230 secs] [Times: user=0.23 sys=0.00, real=0.03 secs] 
35.641: Total time for which application threads were stopped: 0.0301130 seconds, Stopping threads took: 0.0000970 seconds
35.798: Application time: 0.1573500 seconds
35.800: [GC [PSYoungGen: 542880K->20496K(572416K)] 700430K->233246K(978432K), 0.0302480 secs] [Times: user=0.24 sys=0.00, real=0.03 secs] 
35.831: Total time for which application threads were stopped: 0.0323680 seconds, Stopping threads took: 0.0020130 seconds
36.044: Application time: 0.2130090 seconds
36.044: [GC [PSYoungGen: 497168K->53408K(530432K)] 709918K->282929K(936448K), 0.0292360 secs] [Times: user=0.23 sys=0.00, real=0.03 secs] 
36.073: Total time for which application threads were stopped: 0.0294390 seconds, Stopping threads took: 0.0001090 seconds
36.252: Application time: 0.1788390 seconds
36.252: [GC [PSYoungGen: 530080K->58320K(569856K)] 759601K->312599K(975872K), 0.0348920 secs] [Times: user=0.28 sys=0.00, real=0.04 secs] 
36.287: Total time for which application threads were stopped: 0.0350900 seconds, Stopping threads took: 0.0001030 seconds
36.471: Application time: 0.1834920 seconds
36.471: [GC [PSYoungGen: 534480K->25440K(570368K)] 788759K->321851K(976384K), 0.0271900 secs] [Times: user=0.22 sys=0.00, real=0.03 secs] 
36.498: Total time for which application threads were stopped: 0.0273880 seconds, Stopping threads took: 0.0000900 seconds
36.703: Application time: 0.2054110 seconds
36.704: [GC [PSYoungGen: 501600K->61712K(569856K)] 798011K->366723K(975872K), 0.0298170 secs] [Times: user=0.23 sys=0.00, real=0.02 secs] 
36.734: Total time for which application threads were stopped: 0.0308860 seconds, Stopping threads took: 0.0009660 seconds
36.893: Application time: 0.1586210 seconds
36.897: [GC [PSYoungGen: 538896K->16064K(571904K)] 843907K->380878K(977920K), 0.0307230 secs] [Times: user=0.23 sys=0.00, real=0.03 secs] 
36.927: [Full GC [PSYoungGen: 16064K->0K(571904K)] [ParOldGen: 364814K->78137K(415232K)] 380878K->78137K(987136K) [PSPermGen: 8831K->8831K(21504K)], 0.0846780 secs] [Times: user=0.63 sys=0.00, real=0.08 secs] 
37.012: Total time for which application threads were stopped: 0.1190620 seconds, Stopping threads took: 0.0035130 seconds
37.225: Application time: 0.2129670 seconds
37.225: [GC [PSYoungGen: 477184K->57056K(571904K)] 555321K->135193K(987136K), 0.0245360 secs] [Times: user=0.19 sys=0.00, real=0.02 secs] 
37.250: Total time for which application threads were stopped: 0.0247420 seconds, Stopping threads took: 0.0000990 seconds
37.428: Application time: 0.1780060 seconds
37.428: [GC [PSYoungGen: 534752K->57600K(535552K)] 612889K->153920K(950784K), 0.0321700 secs] [Times: user=0.25 sys=0.00, real=0.03 secs] 
37.460: Total time for which application threads were stopped: 0.0323630 seconds, Stopping threads took: 0.0000990 seconds
37.647: Application time: 0.1864530 seconds
37.647: [GC [PSYoungGen: 535296K->26080K(573952K)] 631616K->163996K(989184K), 0.0263430 secs] [Times: user=0.21 sys=0.00, real=0.02 secs] 
37.673: Total time for which application threads were stopped: 0.0265400 seconds, Stopping threads took: 0.0000960 seconds
37.879: Application time: 0.2061460 seconds
37.881: [GC [PSYoungGen: 504800K->61600K(571904K)] 642716K->207936K(987136K), 0.0296950 secs] [Times: user=0.20 sys=0.00, real=0.03 secs] 
37.910: Total time for which application threads were stopped: 0.0309640 seconds, Stopping threads took: 0.0011610 seconds
38.069: Application time: 0.1583620 seconds
38.069: [GC [PSYoungGen: 540320K->16736K(572416K)] 686656K->223595K(987648K), 0.0307580 secs] [Times: user=0.24 sys=0.00, real=0.03 secs] 
38.100: Total time for which application threads were stopped: 0.0309880 seconds, Stopping threads took: 0.0001340 seconds
38.314: Application time: 0.2147790 seconds
38.315: [GC [PSYoungGen: 493920K->55760K(571904K)] 700779K->277002K(987136K), 0.0292130 secs] [Times: user=0.23 sys=0.00, real=0.03 secs] 
38.344: Total time for which application threads were stopped: 0.0293870 seconds, Stopping threads took: 0.0000800 seconds
38.521: Application time: 0.1771410 seconds
38.521: [GC [PSYoungGen: 532944K->57728K(571904K)] 754186K->294913K(987136K), 0.0316780 secs] [Times: user=0.25 sys=0.00, real=0.03 secs] 
38.553: Total time for which application threads were stopped: 0.0318760 seconds, Stopping threads took: 0.0000890 seconds
38.739: Application time: 0.1862690 seconds
38.739: [GC [PSYoungGen: 534912K->21296K(498688K)] 772097K->306981K(913920K), 0.0273160 secs] [Times: user=0.22 sys=0.00, real=0.03 secs] 
38.767: Total time for which application threads were stopped: 0.0275300 seconds, Stopping threads took: 0.0001180 seconds
38.974: Application time: 0.2077980 seconds
38.975: [GC [PSYoungGen: 498480K->65456K(566272K)] 784165K->355653K(981504K), 0.0306390 secs] [Times: user=0.24 sys=0.00, real=0.04 secs] 
39.005: Total time for which application threads were stopped: 0.0308310 seconds, Stopping threads took: 0.0000950 seconds
39.162: Application time: 0.1563590 seconds
39.162: [GC [PSYoungGen: 538032K->17552K(569856K)] 828229K->366185K(985088K), 0.0305820 secs] [Times: user=0.23 sys=0.00, real=0.03 secs] 
39.192: [Full GC [PSYoungGen: 17552K->0K(569856K)] [ParOldGen: 348633K->74625K(427520K)] 366185K->74625K(997376K) [PSPermGen: 8831K->8831K(21504K)], 0.0795540 secs] [Times: user=0.58 sys=0.00, real=0.08 secs] 
39.272: Total time for which application threads were stopped: 0.1104040 seconds, Stopping threads took: 0.0000950 seconds
39.485: Application time: 0.2128000 seconds
39.485: [GC [PSYoungGen: 472576K->55168K(568320K)] 547201K->129794K(995840K), 0.0235540 secs] [Times: user=0.19 sys=0.00, real=0.02 secs] 
39.509: Total time for which application threads were stopped: 0.0237570 seconds, Stopping threads took: 0.0001000 seconds
39.682: Application time: 0.1735900 seconds
39.682: [GC [PSYoungGen: 528256K->57616K(569344K)] 602882K->148513K(996864K), 0.0314930 secs] [Times: user=0.25 sys=0.00, real=0.03 secs] 
39.714: Total time for which application threads were stopped: 0.0317020 seconds, Stopping threads took: 0.0001060 seconds
39.901: Application time: 0.1870850 seconds
39.901: [GC [PSYoungGen: 530704K->19168K(568832K)] 621601K->164164K(996352K), 0.0291180 secs] [Times: user=0.22 sys=0.00, real=0.03 secs] 
39.930: Total time for which application threads were stopped: 0.0293140 seconds, Stopping threads took: 0.0000990 seconds
40.134: Application time: 0.2033320 seconds
40.134: [GC [PSYoungGen: 493792K->67712K(542720K)] 638788K->215356K(970240K), 0.0306400 secs] [Times: user=0.24 sys=0.01, real=0.04 secs] 
40.164: Total time for which application threads were stopped: 0.0308460 seconds, Stopping threads took: 0.0001100 seconds
40.323: Application time: 0.1585920 seconds
40.323: [GC [PSYoungGen: 542336K->13344K(567808K)] 689980K->222587K(995328K), 0.0299780 secs] [Times: user=0.24 sys=0.00, real=0.03 secs] 
40.353: Total time for which application threads were stopped: 0.0301960 seconds, Stopping threads took: 0.0001080 seconds
40.565: Application time: 0.2119810 seconds
40.565: [GC [PSYoungGen: 481824K->57776K(526336K)] 691067K->279338K(953856K), 0.0294290 secs] [Times: user=0.23 sys=0.00, real=0.02 secs] 
40.595: Total time for which application threads were stopped: 0.0296220 seconds, Stopping threads took: 0.0001000 seconds
40.758: Application time: 0.1635590 seconds
40.759: [GC [PSYoungGen: 526256K->53568K(569344K)] 747818K->297010K(996864K), 0.0324610 secs] [Times: user=0.25 sys=0.00, real=0.03 secs] 
40.791: Total time for which application threads were stopped: 0.0326460 seconds, Stopping threads took: 0.0000890 seconds
40.987: Application time: 0.1962590 seconds
40.987: [GC [PSYoungGen: 523072K->21056K(491008K)] 766514K->314185K(918528K), 0.0281120 secs] [Times: user=0.22 sys=0.00, real=0.02 secs] 
41.016: Total time for which application threads were stopped: 0.0283320 seconds, Stopping threads took: 0.0001160 seconds
41.212: Application time: 0.1963910 seconds
41.212: [GC [PSYoungGen: 490560K->69472K(560640K)] 783689K->363553K(988160K), 0.0302480 secs] [Times: user=0.24 sys=0.00, real=0.03 secs] 
41.242: Total time for which application threads were stopped: 0.0304430 seconds, Stopping threads took: 0.0001020 seconds
41.401: Application time: 0.1589040 seconds
41.402: [GC [PSYoungGen: 533856K->15408K(565760K)] 827937K->363673K(993280K), 0.0277820 secs] [Times: user=0.22 sys=0.00, real=0.03 secs] 
41.429: [Full GC [PSYoungGen: 15408K->0K(565760K)] [ParOldGen: 348265K->75963K(444928K)] 363673K->75963K(1010688K) [PSPermGen: 8831K->8831K(21504K)], 0.0826500 secs] [Times: user=0.60 sys=0.00, real=0.08 secs] 
41.512: Total time for which application threads were stopped: 0.1106790 seconds, Stopping threads took: 0.0000970 seconds
41.723: Application time: 0.2106260 seconds
41.723: [GC [PSYoungGen: 464384K->59456K(564736K)] 540347K->135419K(1009664K), 0.0254220 secs] [Times: user=0.20 sys=0.00, real=0.03 secs] 
41.748: Total time for which application threads were stopped: 0.0256250 seconds, Stopping threads took: 0.0000950 seconds
41.899: Application time: 0.1502400 seconds
41.899: [GC [PSYoungGen: 523840K->37520K(502272K)] 599803K->147170K(947200K), 0.0302850 secs] [Times: user=0.23 sys=0.00, real=0.03 secs] 
41.929: Total time for which application threads were stopped: 0.0304690 seconds, Stopping threads took: 0.0000950 seconds
42.137: Application time: 0.2076330 seconds
42.137: [GC [PSYoungGen: 501904K->35712K(566272K)] 611554K->180198K(1011200K), 0.0290200 secs] [Times: user=0.23 sys=0.00, real=0.03 secs] 
42.166: Total time for which application threads were stopped: 0.0292040 seconds, Stopping threads took: 0.0000870 seconds
42.347: Application time: 0.1807170 seconds
42.347: [GC [PSYoungGen: 505216K->63600K(562176K)] 649702K->226093K(1007104K), 0.0337360 secs] [Times: user=0.27 sys=0.00, real=0.03 secs] 
42.381: Total time for which application threads were stopped: 0.0339450 seconds, Stopping threads took: 0.0001050 seconds
42.554: Application time: 0.1738830 seconds
42.555: [GC [PSYoungGen: 533104K->14864K(571904K)] 695597K->234596K(1016832K), 0.0283380 secs] [Times: user=0.22 sys=0.00, real=0.03 secs] 
42.583: Total time for which application threads were stopped: 0.0285620 seconds, Stopping threads took: 0.0001260 seconds
42.795: Application time: 0.2119650 seconds
42.795: [GC [PSYoungGen: 491536K->68704K(545792K)] 711268K->289708K(990720K), 0.0298770 secs] [Times: user=0.23 sys=0.00, real=0.04 secs] 
42.825: Total time for which application threads were stopped: 0.0300630 seconds, Stopping threads took: 0.0000930 seconds
42.981: Application time: 0.1563520 seconds
42.982: [GC [PSYoungGen: 545376K->29840K(570368K)] 766380K->295509K(1015296K), 0.0296900 secs] [Times: user=0.23 sys=0.00, real=0.03 secs] 
43.011: Total time for which application threads were stopped: 0.0299060 seconds, Stopping threads took: 0.0001090 seconds
43.225: Application time: 0.2141930 seconds
43.226: [GC [PSYoungGen: 500368K->43168K(514048K)] 766037K->336186K(958976K), 0.0298780 secs] [Times: user=0.24 sys=0.00, real=0.02 secs] 
43.256: Total time for which application threads were stopped: 0.0300980 seconds, Stopping threads took: 0.0001240 seconds
43.436: Application time: 0.1803220 seconds
43.436: [GC [PSYoungGen: 513696K->62784K(559616K)] 806714K->370074K(1004544K), 0.0327470 secs] [Times: user=0.25 sys=0.00, real=0.04 secs] 
43.469: Total time for which application threads were stopped: 0.0329510 seconds, Stopping threads took: 0.0001130 seconds
43.647: Application time: 0.1784530 seconds
43.647: [GC [PSYoungGen: 530752K->16592K(562176K)] 838042K->379265K(1007104K), 0.0288170 secs] [Times: user=0.22 sys=0.00, real=0.02 secs] 
43.676: Total time for which application threads were stopped: 0.0290440 seconds, Stopping threads took: 0.0001110 seconds
43.888: Application time: 0.2113010 seconds
43.888: [GC [PSYoungGen: 484560K->68592K(563712K)] 847233K->434457K(1008640K), 0.0314400 secs] [Times: user=0.22 sys=0.00, real=0.03 secs] 
43.919: [Full GC [PSYoungGen: 68592K->0K(563712K)] [ParOldGen: 365865K->77040K(450560K)] 434457K->77040K(1014272K) [PSPermGen: 8831K->8831K(21504K)], 0.0830320 secs] [Times: user=0.61 sys=0.01, real=0.08 secs] 
44.002: Total time for which application threads were stopped: 0.1147180 seconds, Stopping threads took: 0.0000930 seconds
44.157: Application time: 0.1547630 seconds
44.157: [GC [PSYoungGen: 469504K->25152K(568320K)] 546544K->102192K(1018880K), 0.0102360 secs] [Times: user=0.08 sys=0.00, real=0.01 secs] 
44.168: Total time for which application threads were stopped: 0.0104840 seconds, Stopping threads took: 0.0001430 seconds
44.380: Application time: 0.2121000 seconds
44.380: [GC [PSYoungGen: 494656K->49888K(561152K)] 571696K->147411K(1011712K), 0.0304020 secs] [Times: user=0.24 sys=0.00, real=0.03 secs] 
44.410: Total time for which application threads were stopped: 0.0306430 seconds, Stopping threads took: 0.0001440 seconds
44.579: Application time: 0.1681630 seconds
44.579: [GC [PSYoungGen: 521440K->50944K(565760K)] 618963K->180153K(1016320K), 0.0348640 secs] [Times: user=0.27 sys=0.00, real=0.03 secs] 
44.614: Total time for which application threads were stopped: 0.0350620 seconds, Stopping threads took: 0.0001010 seconds
44.804: Application time: 0.1908200 seconds
44.805: [GC [PSYoungGen: 522496K->22624K(568832K)] 651705K->199924K(1019392K), 0.0285410 secs] [Times: user=0.21 sys=0.00, real=0.02 secs] 
44.833: Total time for which application threads were stopped: 0.0287570 seconds, Stopping threads took: 0.0001080 seconds
45.037: Application time: 0.2038860 seconds
45.037: [GC [PSYoungGen: 503904K->69152K(550912K)] 681204K->253244K(1001472K), 0.0319280 secs] [Times: user=0.25 sys=0.00, real=0.03 secs] 
45.069: Total time for which application threads were stopped: 0.0321110 seconds, Stopping threads took: 0.0000900 seconds
45.230: Application time: 0.1603150 seconds
45.230: [GC [PSYoungGen: 550432K->17536K(571904K)] 734524K->257324K(1022464K), 0.0285990 secs] [Times: user=0.23 sys=0.00, real=0.03 secs] 
45.258: Total time for which application threads were stopped: 0.0287970 seconds, Stopping threads took: 0.0001000 seconds
45.475: Application time: 0.2169740 seconds
45.475: [GC [PSYoungGen: 493696K->57072K(571392K)] 733484K->309919K(1021952K), 0.0296780 secs] [Times: user=0.23 sys=0.00, real=0.04 secs] 
45.505: Total time for which application threads were stopped: 0.0298960 seconds, Stopping threads took: 0.0001090 seconds
45.674: Application time: 0.1683770 seconds
45.674: [GC [PSYoungGen: 533232K->52576K(568320K)] 786079K->332397K(1018880K), 0.0337500 secs] [Times: user=0.26 sys=0.00, real=0.04 secs] 
45.707: Total time for which application threads were stopped: 0.0339210 seconds, Stopping threads took: 0.0000790 seconds
45.901: Application time: 0.1936630 seconds
45.901: [GC [PSYoungGen: 528736K->23840K(569856K)] 808557K->350521K(1020416K), 0.0296360 secs] [Times: user=0.23 sys=0.00, real=0.03 secs] 
45.931: Total time for which application threads were stopped: 0.0298300 seconds, Stopping threads took: 0.0000970 seconds
46.132: Application time: 0.2013800 seconds
46.133: [GC [PSYoungGen: 500000K->69568K(564736K)] 826681K->401624K(1015296K), 0.0318460 secs] [Times: user=0.24 sys=0.00, real=0.04 secs] 
46.164: Total time for which application threads were stopped: 0.0320720 seconds, Stopping threads took: 0.0001220 seconds
46.323: Application time: 0.1581530 seconds
46.324: [GC [PSYoungGen: 542144K->13072K(485888K)] 874200K->406908K(936448K), 0.0285670 secs] [Times: user=0.21 sys=0.01, real=0.02 secs] 
46.353: [Full GC [PSYoungGen: 13072K->0K(485888K)] [ParOldGen: 393836K->80983K(470016K)] 406908K->80983K(955904K) [PSPermGen: 8833K->8833K(21504K)], 0.0873290 secs] [Times: user=0.64 sys=0.00, real=0.09 secs] 
46.440: Total time for which application threads were stopped: 0.1178780 seconds, Stopping threads took: 0.0018250 seconds
46.655: Application time: 0.2144400 seconds
46.655: [GC [PSYoungGen: 472576K->60736K(566272K)] 553559K->141719K(1036288K), 0.0260380 secs] [Times: user=0.21 sys=0.00, real=0.03 secs] 
46.681: Total time for which application threads were stopped: 0.0262870 seconds, Stopping threads took: 0.0001380 seconds
46.841: Application time: 0.1595550 seconds
46.841: [GC [PSYoungGen: 529216K->46064K(514560K)] 610199K->159557K(984576K), 0.0327900 secs] [Times: user=0.25 sys=0.00, real=0.03 secs] 
46.874: Total time for which application threads were stopped: 0.0329840 seconds, Stopping threads took: 0.0000970 seconds
47.073: Application time: 0.1993910 seconds
47.073: [GC [PSYoungGen: 514544K->27264K(567296K)] 628037K->184097K(1037312K), 0.0280960 secs] [Times: user=0.23 sys=0.00, real=0.03 secs] 
47.101: Total time for which application threads were stopped: 0.0282930 seconds, Stopping threads took: 0.0001010 seconds
47.295: Application time: 0.1937910 seconds
47.295: [GC [PSYoungGen: 499840K->67808K(564736K)] 656673K->232784K(1034752K), 0.0328660 secs] [Times: user=0.26 sys=0.00, real=0.04 secs] 
47.328: Total time for which application threads were stopped: 0.0330760 seconds, Stopping threads took: 0.0000950 seconds
47.493: Application time: 0.1645290 seconds
47.493: [GC [PSYoungGen: 540384K->11632K(569344K)] 705360K->235816K(1039360K), 0.0281560 secs] [Times: user=0.23 sys=0.00, real=0.03 secs] 
47.521: Total time for which application threads were stopped: 0.0283470 seconds, Stopping threads took: 0.0000870 seconds
47.734: Application time: 0.2128100 seconds
47.734: [GC [PSYoungGen: 484208K->63872K(536576K)] 708392K->294119K(1006592K), 0.0295010 secs] [Times: user=0.23 sys=0.00, real=0.03 secs] 
47.764: Total time for which application threads were stopped: 0.0297080 seconds, Stopping threads took: 0.0001080 seconds
47.918: Application time: 0.1545100 seconds
47.918: [GC [PSYoungGen: 536448K->40336K(572416K)] 766695K->297766K(1042432K), 0.0282010 secs] [Times: user=0.21 sys=0.00, real=0.03 secs] 
47.947: Total time for which application threads were stopped: 0.0283960 seconds, Stopping threads took: 0.0000810 seconds
48.155: Application time: 0.2085740 seconds
48.155: [GC [PSYoungGen: 512912K->31072K(503808K)] 770342K->328006K(973824K), 0.0287420 secs] [Times: user=0.23 sys=0.00, real=0.03 secs] 
48.184: Total time for which application threads were stopped: 0.0289580 seconds, Stopping threads took: 0.0001180 seconds
48.370: Application time: 0.1854040 seconds
48.370: [GC [PSYoungGen: 503648K->68784K(560128K)] 800582K->372122K(1030144K), 0.0320560 secs] [Times: user=0.25 sys=0.00, real=0.03 secs] 
48.402: Total time for which application threads were stopped: 0.0322410 seconds, Stopping threads took: 0.0000850 seconds
48.572: Application time: 0.1703630 seconds
48.572: [GC [PSYoungGen: 536752K->16784K(564736K)] 840090K->373522K(1034752K), 0.0280570 secs] [Times: user=0.22 sys=0.00, real=0.03 secs] 
48.600: Total time for which application threads were stopped: 0.0282770 seconds, Stopping threads took: 0.0001030 seconds
48.810: Application time: 0.2095200 seconds
48.810: [GC [PSYoungGen: 484752K->64592K(564736K)] 841490K->430593K(1034752K), 0.0312540 secs] [Times: user=0.24 sys=0.00, real=0.03 secs] 
48.841: Total time for which application threads were stopped: 0.0314540 seconds, Stopping threads took: 0.0001000 seconds
48.992: Application time: 0.1501750 seconds
48.992: [GC [PSYoungGen: 533072K->27200K(567808K)] 899073K->433123K(1037824K), 0.0261840 secs] [Times: user=0.20 sys=0.00, real=0.03 secs] 
49.018: [Full GC [PSYoungGen: 27200K->0K(567808K)] [ParOldGen: 405923K->72889K(470016K)] 433123K->72889K(1037824K) [PSPermGen: 8833K->8833K(21504K)], 0.0750880 secs] [Times: user=0.54 sys=0.00, real=0.07 secs] 
49.093: Total time for which application threads were stopped: 0.1015310 seconds, Stopping threads took: 0.0001060 seconds
49.307: Application time: 0.2142760 seconds
49.308: [GC [PSYoungGen: 468480K->47088K(560128K)] 541369K->119977K(1030144K), 0.0211650 secs] [Times: user=0.16 sys=0.01, real=0.02 secs] 
49.329: Total time for which application threads were stopped: 0.0213750 seconds, Stopping threads took: 0.0001010 seconds
49.504: Application time: 0.1751760 seconds
49.504: [GC [PSYoungGen: 518128K->57376K(564224K)] 591017K->155582K(1034240K), 0.0351690 secs] [Times: user=0.28 sys=0.00, real=0.04 secs] 
49.539: Total time for which application threads were stopped: 0.0353540 seconds, Stopping threads took: 0.0000860 seconds
49.722: Application time: 0.1829190 seconds
49.722: [GC [PSYoungGen: 528416K->20784K(572928K)] 626622K->166758K(1042944K), 0.0267320 secs] [Times: user=0.21 sys=0.00, real=0.03 secs] 
49.749: Total time for which application threads were stopped: 0.0269330 seconds, Stopping threads took: 0.0001030 seconds
49.959: Application time: 0.2098490 seconds
49.959: [GC [PSYoungGen: 501552K->66416K(547328K)] 647526K->215714K(1017344K), 0.0297690 secs] [Times: user=0.24 sys=0.00, real=0.03 secs] 
49.989: Total time for which application threads were stopped: 0.0299840 seconds, Stopping threads took: 0.0001040 seconds
50.143: Application time: 0.1544470 seconds
50.144: [GC [PSYoungGen: 547184K->17264K(571392K)] 696482K->226073K(1041408K), 0.0301720 secs] [Times: user=0.24 sys=0.00, real=0.03 secs] 
50.174: Total time for which application threads were stopped: 0.0303870 seconds, Stopping threads took: 0.0001100 seconds
50.391: Application time: 0.2168780 seconds
50.391: [GC [PSYoungGen: 491888K->56080K(570368K)] 700697K->278960K(1040384K), 0.0304210 secs] [Times: user=0.24 sys=0.00, real=0.03 secs] 
50.421: Total time for which application threads were stopped: 0.0306440 seconds, Stopping threads took: 0.0001220 seconds
50.595: Application time: 0.1737110 seconds
50.595: [GC [PSYoungGen: 530704K->57520K(570368K)] 753584K->302807K(1040384K), 0.0345380 secs] [Times: user=0.27 sys=0.00, real=0.04 secs] 
50.630: Total time for which application threads were stopped: 0.0347700 seconds, Stopping threads took: 0.0001210 seconds
50.817: Application time: 0.1866660 seconds
50.817: [GC [PSYoungGen: 532144K->22480K(570368K)] 777431K->313799K(1040384K), 0.0275250 secs] [Times: user=0.21 sys=0.00, real=0.02 secs] 
50.844: Total time for which application threads were stopped: 0.0277460 seconds, Stopping threads took: 0.0001200 seconds
51.051: Application time: 0.2064120 seconds
51.051: [GC [PSYoungGen: 497104K->66544K(565248K)] 788423K->361987K(1035264K), 0.0301010 secs] [Times: user=0.24 sys=0.00, real=0.03 secs] 
51.081: Total time for which application threads were stopped: 0.0302880 seconds, Stopping threads took: 0.0000900 seconds
51.234: Application time: 0.1527970 seconds
51.234: [GC [PSYoungGen: 537072K->10384K(481280K)] 832515K->372218K(951296K), 0.0303880 secs] [Times: user=0.24 sys=0.00, real=0.03 secs] 
51.264: Total time for which application threads were stopped: 0.0306010 seconds, Stopping threads took: 0.0000920 seconds
51.479: Application time: 0.2150450 seconds
51.480: [GC [PSYoungGen: 480912K->61456K(565248K)] 842746K->431877K(1035264K), 0.0298230 secs] [Times: user=0.23 sys=0.00, real=0.03 secs] 
51.509: Total time for which application threads were stopped: 0.0300280 seconds, Stopping threads took: 0.0001070 seconds
51.673: Application time: 0.1633890 seconds
51.673: [GC [PSYoungGen: 527888K->53456K(566784K)] 898309K->444124K(1036800K), 0.0317020 secs] [Times: user=0.24 sys=0.00, real=0.04 secs] 
51.705: [Full GC [PSYoungGen: 53456K->0K(566784K)] [ParOldGen: 390668K->77106K(488448K)] 444124K->77106K(1055232K) [PSPermGen: 8837K->8837K(21504K)], 0.0837590 secs] [Times: user=0.61 sys=0.00, real=0.08 secs] 
51.789: Total time for which application threads were stopped: 0.1157160 seconds, Stopping threads took: 0.0000950 seconds
51.983: Application time: 0.1946470 seconds
51.983: [GC [PSYoungGen: 466432K->22576K(562688K)] 543538K->99682K(1051136K), 0.0099800 secs] [Times: user=0.08 sys=0.00, real=0.01 secs] 
51.993: Total time for which application threads were stopped: 0.0102170 seconds, Stopping threads took: 0.0001180 seconds
52.189: Application time: 0.1953720 seconds
52.189: [GC [PSYoungGen: 490544K->67952K(564736K)] 567650K->147958K(1053184K), 0.0299340 secs] [Times: user=0.23 sys=0.00, real=0.03 secs] 
52.219: Total time for which application threads were stopped: 0.0301180 seconds, Stopping threads took: 0.0000870 seconds
52.380: Application time: 0.1609140 seconds
52.380: [GC [PSYoungGen: 535920K->9088K(565248K)] 615926K->155329K(1053696K), 0.0297630 secs] [Times: user=0.23 sys=0.00, real=0.03 secs] 
52.410: Total time for which application threads were stopped: 0.0299730 seconds, Stopping threads took: 0.0001090 seconds
52.620: Application time: 0.2106480 seconds
52.621: [GC [PSYoungGen: 473472K->63840K(528384K)] 619713K->216184K(1016832K), 0.0297690 secs] [Times: user=0.24 sys=0.00, real=0.03 secs] 
52.650: Total time for which application threads were stopped: 0.0299800 seconds, Stopping threads took: 0.0001010 seconds
52.800: Application time: 0.1492670 seconds
52.800: [GC [PSYoungGen: 528224K->40272K(568832K)] 680568K->218032K(1057280K), 0.0269030 secs] [Times: user=0.21 sys=0.00, real=0.03 secs] 
52.827: Total time for which application threads were stopped: 0.0270900 seconds, Stopping threads took: 0.0000920 seconds
53.037: Application time: 0.2098720 seconds
53.041: [GC [PSYoungGen: 505168K->33504K(498688K)] 682928K->248328K(987136K), 0.0291760 secs] [Times: user=0.23 sys=0.00, real=0.03 secs] 
53.070: Total time for which application threads were stopped: 0.0330430 seconds, Stopping threads took: 0.0037710 seconds
53.249: Application time: 0.1797140 seconds
53.250: [GC [PSYoungGen: 498400K->66048K(556032K)] 713224K->297638K(1044480K), 0.0345930 secs] [Times: user=0.27 sys=0.00, real=0.03 secs] 
53.284: Total time for which application threads were stopped: 0.0347860 seconds, Stopping threads took: 0.0000840 seconds
53.457: Application time: 0.1729200 seconds
53.457: [GC [PSYoungGen: 527360K->19920K(559616K)] 758950K->302146K(1048064K), 0.0282360 secs] [Times: user=0.22 sys=0.00, real=0.03 secs] 
53.486: Total time for which application threads were stopped: 0.0284390 seconds, Stopping threads took: 0.0001000 seconds
53.688: Application time: 0.2022810 seconds
53.688: [GC [PSYoungGen: 481232K->64160K(564224K)] 763458K->353842K(1052672K), 0.0306150 secs] [Times: user=0.25 sys=0.00, real=0.03 secs] 
53.719: Total time for which application threads were stopped: 0.0308300 seconds, Stopping threads took: 0.0001160 seconds
53.869: Application time: 0.1507170 seconds
53.870: [GC [PSYoungGen: 531616K->12368K(567296K)] 821298K->359026K(1055744K), 0.0275130 secs] [Times: user=0.22 sys=0.00, real=0.03 secs] 
53.897: Total time for which application threads were stopped: 0.0276980 seconds, Stopping threads took: 0.0000680 seconds
54.110: Application time: 0.2131210 seconds
54.110: [GC [PSYoungGen: 479824K->60352K(565248K)] 826482K->416729K(1053696K), 0.0297570 secs] [Times: user=0.23 sys=0.00, real=0.03 secs] 
54.140: Total time for which application threads were stopped: 0.0299670 seconds, Stopping threads took: 0.0001090 seconds
54.305: Application time: 0.1644870 seconds
54.305: [GC [PSYoungGen: 525760K->52288K(518144K)] 882137K->434752K(1006592K), 0.0337460 secs] [Times: user=0.26 sys=0.00, real=0.03 secs] 
54.339: Total time for which application threads were stopped: 0.0339210 seconds, Stopping threads took: 0.0000790 seconds
54.531: Application time: 0.1923900 seconds
54.531: [GC [PSYoungGen: 517696K->24112K(566784K)] 900160K->451644K(1055232K), 0.0272040 secs] [Times: user=0.21 sys=0.01, real=0.03 secs] 
54.558: [Full GC [PSYoungGen: 24112K->0K(566784K)] [ParOldGen: 427532K->75648K(498176K)] 451644K->75648K(1064960K) [PSPermGen: 8837K->8837K(21504K)], 0.0840500 secs] [Times: user=0.61 sys=0.00, real=0.08 secs] 
54.643: Total time for which application threads were stopped: 0.1115390 seconds, Stopping threads took: 0.0001080 seconds
54.837: Application time: 0.1940280 seconds
54.837: [GC [PSYoungGen: 468480K->66000K(564736K)] 544128K->141648K(1062912K), 0.0279500 secs] [Times: user=0.22 sys=0.00, real=0.03 secs] 
54.865: Total time for which application threads were stopped: 0.0281420 seconds, Stopping threads took: 0.0000910 seconds
55.027: Application time: 0.1621840 seconds
55.027: [GC [PSYoungGen: 534480K->9520K(566272K)] 610128K->148484K(1064448K), 0.0289370 secs] [Times: user=0.22 sys=0.00, real=0.02 secs] 
55.056: Total time for which application threads were stopped: 0.0291410 seconds, Stopping threads took: 0.0001050 seconds
55.266: Application time: 0.2096810 seconds
55.266: [GC [PSYoungGen: 475952K->63808K(530432K)] 614916K->210203K(1028608K), 0.0299460 secs] [Times: user=0.23 sys=0.00, real=0.02 secs] 
55.296: Total time for which application threads were stopped: 0.0301610 seconds, Stopping threads took: 0.0001040 seconds
55.448: Application time: 0.1525130 seconds
55.449: [GC [PSYoungGen: 530240K->42336K(569856K)] 676635K->220026K(1068032K), 0.0301420 secs] [Times: user=0.24 sys=0.00, real=0.03 secs] 
55.479: Total time for which application threads were stopped: 0.0303160 seconds, Stopping threads took: 0.0000770 seconds
55.686: Application time: 0.2072880 seconds
55.686: [GC [PSYoungGen: 509280K->34608K(501760K)] 686970K->251142K(999936K), 0.0303510 secs] [Times: user=0.24 sys=0.00, real=0.03 secs] 
55.717: Total time for which application threads were stopped: 0.0306020 seconds, Stopping threads took: 0.0001500 seconds
55.900: Application time: 0.1830470 seconds
55.900: [GC [PSYoungGen: 501552K->63248K(557568K)] 718086K->296925K(1055744K), 0.0356900 secs] [Times: user=0.27 sys=0.00, real=0.03 secs] 
55.936: Total time for which application threads were stopped: 0.0359070 seconds, Stopping threads took: 0.0001030 seconds
56.108: Application time: 0.1725690 seconds
56.108: [GC [PSYoungGen: 527632K->18736K(560128K)] 761309K->308156K(1058304K), 0.0298780 secs] [Times: user=0.23 sys=0.01, real=0.03 secs] 
56.138: Total time for which application threads were stopped: 0.0300940 seconds, Stopping threads took: 0.0001140 seconds
56.342: Application time: 0.2041240 seconds
56.345: [GC [PSYoungGen: 483120K->63920K(566784K)] 772540K->359747K(1064960K), 0.0303490 secs] [Times: user=0.24 sys=0.00, real=0.02 secs] 
56.375: Total time for which application threads were stopped: 0.0325010 seconds, Stopping threads took: 0.0020370 seconds
56.527: Application time: 0.1523370 seconds
56.527: [GC [PSYoungGen: 535472K->19760K(569344K)] 831299K->366352K(1067520K), 0.0279860 secs] [Times: user=0.22 sys=0.00, real=0.02 secs] 
56.556: Total time for which application threads were stopped: 0.0282320 seconds, Stopping threads took: 0.0001320 seconds
56.769: Application time: 0.2130300 seconds
56.769: [GC [PSYoungGen: 491312K->52944K(565248K)] 837904K->416791K(1063424K), 0.0297520 secs] [Times: user=0.23 sys=0.01, real=0.03 secs] 
56.798: Total time for which application threads were stopped: 0.0299330 seconds, Stopping threads took: 0.0000830 seconds
56.975: Application time: 0.1763840 seconds
56.975: [GC [PSYoungGen: 525520K->57824K(567808K)] 889367K->447877K(1065984K), 0.0359900 secs] [Times: user=0.29 sys=0.00, real=0.04 secs] 
57.011: Total time for which application threads were stopped: 0.0361830 seconds, Stopping threads took: 0.0000950 seconds
57.196: Application time: 0.1848770 seconds
57.196: [GC [PSYoungGen: 530400K->23840K(569344K)] 920453K->460729K(1067520K), 0.0284480 secs] [Times: user=0.22 sys=0.00, real=0.04 secs] 
57.225: [Full GC [PSYoungGen: 23840K->0K(569344K)] [ParOldGen: 436889K->77113K(512512K)] 460729K->77113K(1081856K) [PSPermGen: 8837K->8837K(21504K)], 0.0858280 secs] [Times: user=0.63 sys=0.00, real=0.08 secs] 
57.310: Total time for which application threads were stopped: 0.1145480 seconds, Stopping threads took: 0.0001040 seconds
57.515: Application time: 0.2041930 seconds
57.515: [GC [PSYoungGen: 476160K->63680K(570368K)] 553273K->140793K(1082880K), 0.0278280 secs] [Times: user=0.21 sys=0.00, real=0.03 secs] 
57.543: Total time for which application threads were stopped: 0.0280250 seconds, Stopping threads took: 0.0000960 seconds
57.700: Application time: 0.1568860 seconds
57.700: [GC [PSYoungGen: 539840K->14576K(570368K)] 616953K->148445K(1082880K), 0.0280240 secs] [Times: user=0.22 sys=0.00, real=0.03 secs] 
57.728: Total time for which application threads were stopped: 0.0282550 seconds, Stopping threads took: 0.0001130 seconds
57.942: Application time: 0.2145100 seconds
57.942: [GC [PSYoungGen: 488176K->57600K(531456K)] 622045K->203979K(1043968K), 0.0304940 secs] [Times: user=0.24 sys=0.00, real=0.03 secs] 
57.973: Total time for which application threads were stopped: 0.0306910 seconds, Stopping threads took: 0.0001000 seconds
58.145: Application time: 0.1722370 seconds
58.145: [GC [PSYoungGen: 531200K->55408K(570880K)] 677579K->223263K(1083392K), 0.0329790 secs] [Times: user=0.26 sys=0.00, real=0.03 secs] 
58.178: Total time for which application threads were stopped: 0.0331720 seconds, Stopping threads took: 0.0000950 seconds
58.369: Application time: 0.1904080 seconds
58.369: [GC [PSYoungGen: 529008K->24736K(498688K)] 696863K->238491K(1011200K), 0.0285560 secs] [Times: user=0.23 sys=0.00, real=0.03 secs] 
58.398: Total time for which application threads were stopped: 0.0287740 seconds, Stopping threads took: 0.0001010 seconds
58.599: Application time: 0.2015720 seconds
58.600: [GC [PSYoungGen: 498336K->63776K(565760K)] 712091K->283714K(1078272K), 0.0303620 secs] [Times: user=0.24 sys=0.00, real=0.03 secs] 
58.631: Total time for which application threads were stopped: 0.0316750 seconds, Stopping threads took: 0.0012140 seconds
58.788: Application time: 0.1573910 seconds
58.788: [GC [PSYoungGen: 534816K->12672K(568320K)] 754754K->295222K(1080832K), 0.0295110 secs] [Times: user=0.23 sys=0.00, real=0.03 secs] 
58.818: Total time for which application threads were stopped: 0.0297530 seconds, Stopping threads took: 0.0001390 seconds
59.031: Application time: 0.2130900 seconds
59.031: [GC [PSYoungGen: 483712K->60048K(566784K)] 766262K->352605K(1079296K), 0.0302730 secs] [Times: user=0.24 sys=0.00, real=0.03 secs] 
59.062: Total time for which application threads were stopped: 0.0304850 seconds, Stopping threads took: 0.0001020 seconds
59.225: Application time: 0.1632000 seconds
59.225: [GC [PSYoungGen: 529552K->51264K(521216K)] 822109K->369588K(1033728K), 0.0327710 secs] [Times: user=0.26 sys=0.00, real=0.03 secs] 
59.258: Total time for which application threads were stopped: 0.0329630 seconds, Stopping threads took: 0.0000960 seconds
59.456: Application time: 0.1981440 seconds
59.456: [GC [PSYoungGen: 520768K->26448K(569344K)] 839092K->388551K(1081856K), 0.0282870 secs] [Times: user=0.22 sys=0.01, real=0.04 secs] 
59.484: Total time for which application threads were stopped: 0.0285050 seconds, Stopping threads took: 0.0001080 seconds
59.678: Application time: 0.1937040 seconds
59.678: [GC [PSYoungGen: 499536K->63584K(567296K)] 861639K->432895K(1079808K), 0.0307130 secs] [Times: user=0.24 sys=0.00, real=0.03 secs] 
59.709: Total time for which application threads were stopped: 0.0309210 seconds, Stopping threads took: 0.0001040 seconds
59.875: Application time: 0.1659800 seconds
59.875: [GC [PSYoungGen: 536672K->12224K(569344K)] 905983K->441346K(1081856K), 0.0289380 secs] [Times: user=0.22 sys=0.00, real=0.03 secs] 
59.904: [Full GC [PSYoungGen: 12224K->0K(569344K)] [ParOldGen: 429122K->77689K(534016K)] 441346K->77689K(1103360K) [PSPermGen: 8837K->8837K(21504K)], 0.0860370 secs] [Times: user=0.62 sys=0.00, real=0.09 secs] 
59.990: Total time for which application threads were stopped: 0.1152590 seconds, Stopping threads took: 0.0001310 seconds
60.200: Application time: 0.2096720 seconds
60.200: [GC [PSYoungGen: 472576K->63520K(536576K)] 550265K->141210K(1070592K), 0.0270640 secs] [Times: user=0.21 sys=0.01, real=0.03 secs] 
60.227: Total time for which application threads were stopped: 0.0272880 seconds, Stopping threads took: 0.0001060 seconds
60.385: Application time: 0.1580470 seconds
60.386: [GC [PSYoungGen: 536096K->45264K(572416K)] 613786K->147745K(1106432K), 0.0288570 secs] [Times: user=0.23 sys=0.00, real=0.02 secs] 
60.414: Total time for which application threads were stopped: 0.0290920 seconds, Stopping threads took: 0.0001380 seconds
60.619: Application time: 0.2044690 seconds
60.619: [GC [PSYoungGen: 517840K->31696K(504320K)] 620321K->171538K(1038336K), 0.0285200 secs] [Times: user=0.22 sys=0.00, real=0.03 secs] 
60.648: Total time for which application threads were stopped: 0.0287370 seconds, Stopping threads took: 0.0001170 seconds
60.835: Application time: 0.1876950 seconds
60.836: [GC [PSYoungGen: 504272K->66192K(560128K)] 644114K->218528K(1094144K), 0.0330290 secs] [Times: user=0.26 sys=0.00, real=0.03 secs] 
60.870: Total time for which application threads were stopped: 0.0342450 seconds, Stopping threads took: 0.0011030 seconds
61.038: Application time: 0.1688390 seconds
61.039: [GC [PSYoungGen: 534672K->15056K(564224K)] 687008K->224768K(1098240K), 0.0290450 secs] [Times: user=0.23 sys=0.00, real=0.03 secs] 
61.068: Total time for which application threads were stopped: 0.0292670 seconds, Stopping threads took: 0.0001210 seconds
61.275: Application time: 0.2070810 seconds
61.275: [GC [PSYoungGen: 483536K->63856K(566272K)] 693248K->281787K(1100288K), 0.0306210 secs] [Times: user=0.24 sys=0.00, real=0.04 secs] 
61.306: Total time for which application threads were stopped: 0.0308190 seconds, Stopping threads took: 0.0000940 seconds
61.458: Application time: 0.1526150 seconds
61.458: [GC [PSYoungGen: 534384K->31088K(501760K)] 752315K->286265K(1035776K), 0.0276520 secs] [Times: user=0.21 sys=0.00, real=0.03 secs] 
61.486: Total time for which application threads were stopped: 0.0278950 seconds, Stopping threads took: 0.0001180 seconds
61.696: Application time: 0.2099920 seconds
61.696: [GC [PSYoungGen: 501616K->44272K(572928K)] 756793K->327047K(1106944K), 0.0298790 secs] [Times: user=0.24 sys=0.00, real=0.04 secs] 
61.726: Total time for which application threads were stopped: 0.0300890 seconds, Stopping threads took: 0.0001110 seconds
61.913: Application time: 0.1864260 seconds
61.913: [GC [PSYoungGen: 521968K->62704K(568320K)] 804743K->362441K(1102336K), 0.0345840 secs] [Times: user=0.25 sys=0.00, real=0.04 secs] 
61.947: Total time for which application threads were stopped: 0.0348230 seconds, Stopping threads took: 0.0001320 seconds
62.125: Application time: 0.1775900 seconds
62.125: [GC [PSYoungGen: 540400K->17696K(573952K)] 840137K->375216K(1107968K), 0.0303330 secs] [Times: user=0.24 sys=0.00, real=0.02 secs] 
62.156: Total time for which application threads were stopped: 0.0305380 seconds, Stopping threads took: 0.0000870 seconds
62.365: Application time: 0.2094700 seconds
62.365: [GC [PSYoungGen: 498464K->63888K(544768K)] 855984K->427632K(1078784K), 0.0295410 secs] [Times: user=0.24 sys=0.00, real=0.02 secs] 
62.395: Total time for which application threads were stopped: 0.0297540 seconds, Stopping threads took: 0.0001120 seconds
62.554: Application time: 0.1594550 seconds
62.556: [GC [PSYoungGen: 544656K->29504K(573952K)] 908400K->430270K(1107968K), 0.0274150 secs] [Times: user=0.22 sys=0.01, real=0.02 secs] 
62.584: Total time for which application threads were stopped: 0.0296860 seconds, Stopping threads took: 0.0021740 seconds
62.794: Application time: 0.2100570 seconds
62.797: [GC [PSYoungGen: 507712K->47424K(525824K)] 908478K->469880K(1059840K), 0.0291510 secs] [Times: user=0.23 sys=0.00, real=0.03 secs] 
62.826: Total time for which application threads were stopped: 0.0317210 seconds, Stopping threads took: 0.0024630 seconds
63.012: Application time: 0.1865590 seconds
63.016: [GC [PSYoungGen: 525632K->59856K(566784K)] 948088K->498019K(1100800K), 0.0328990 secs] [Times: user=0.25 sys=0.00, real=0.04 secs] 
63.049: Total time for which application threads were stopped: 0.0366430 seconds, Stopping threads took: 0.0036260 seconds
63.227: Application time: 0.1779780 seconds
63.227: [GC [PSYoungGen: 536528K->19488K(568320K)] 974691K->510722K(1102336K), 0.0272180 secs] [Times: user=0.19 sys=0.02, real=0.02 secs] 
63.254: [Full GC [PSYoungGen: 19488K->0K(568320K)] [ParOldGen: 491234K->77315K(538112K)] 510722K->77315K(1106432K) [PSPermGen: 8838K->8838K(21504K)], 0.0857010 secs] [Times: user=0.63 sys=0.00, real=0.09 secs] 
63.340: Total time for which application threads were stopped: 0.1132330 seconds, Stopping threads took: 0.0001420 seconds
63.548: Application time: 0.2077060 seconds
63.553: [GC [PSYoungGen: 476672K->63664K(569856K)] 553987K->140979K(1107968K), 0.0276540 secs] [Times: user=0.21 sys=0.00, real=0.03 secs] 
63.580: Total time for which application threads were stopped: 0.0323650 seconds, Stopping threads took: 0.0045970 seconds
63.739: Application time: 0.1590270 seconds
63.739: [GC [PSYoungGen: 542384K->29088K(572928K)] 619699K->149373K(1111040K), 0.0291910 secs] [Times: user=0.23 sys=0.00, real=0.03 secs] 
63.769: Total time for which application threads were stopped: 0.0293850 seconds, Stopping threads took: 0.0000960 seconds
63.981: Application time: 0.2119050 seconds
63.981: [GC [PSYoungGen: 507808K->47888K(567296K)] 628093K->189291K(1105408K), 0.0283970 secs] [Times: user=0.23 sys=0.00, real=0.03 secs] 
64.009: Total time for which application threads were stopped: 0.0285980 seconds, Stopping threads took: 0.0001040 seconds
64.196: Application time: 0.1871840 seconds
64.197: [GC [PSYoungGen: 529168K->58944K(570368K)] 670571K->216445K(1108480K), 0.0320780 secs] [Times: user=0.25 sys=0.00, real=0.03 secs] 
64.229: Total time for which application threads were stopped: 0.0323120 seconds, Stopping threads took: 0.0001160 seconds
64.407: Application time: 0.1787250 seconds
64.408: [GC [PSYoungGen: 540224K->22192K(577536K)] 697725K->232617K(1115648K), 0.0300860 secs] [Times: user=0.24 sys=0.00, real=0.03 secs] 
64.438: Total time for which application threads were stopped: 0.0302900 seconds, Stopping threads took: 0.0001020 seconds
64.650: Application time: 0.2124000 seconds
64.650: [GC [PSYoungGen: 509616K->62048K(549888K)] 720041K->280445K(1088000K), 0.0297370 secs] [Times: user=0.23 sys=0.00, real=0.03 secs] 
64.680: Total time for which application threads were stopped: 0.0299300 seconds, Stopping threads took: 0.0000930 seconds
64.845: Application time: 0.1645670 seconds
64.845: [GC [PSYoungGen: 549472K->40176K(579072K)] 767869K->298794K(1117184K), 0.0323960 secs] [Times: user=0.26 sys=0.00, real=0.03 secs] 
64.877: Total time for which application threads were stopped: 0.0326070 seconds, Stopping threads took: 0.0000920 seconds
65.089: Application time: 0.2116180 seconds
65.089: [GC [PSYoungGen: 527088K->39776K(526848K)] 785706K->329091K(1064960K), 0.0296990 secs] [Times: user=0.23 sys=0.00, real=0.03 secs] 
65.119: Total time for which application threads were stopped: 0.0299030 seconds, Stopping threads took: 0.0001040 seconds
65.313: Application time: 0.1947520 seconds
65.314: [GC [PSYoungGen: 526688K->62576K(568320K)] 816003K->373009K(1106432K), 0.0350060 secs] [Times: user=0.28 sys=0.00, real=0.04 secs] 
65.349: Total time for which application threads were stopped: 0.0351920 seconds, Stopping threads took: 0.0000840 seconds
65.522: Application time: 0.1734840 seconds
65.525: [GC [PSYoungGen: 546416K->19792K(571392K)] 856849K->381021K(1109504K), 0.0281610 secs] [Times: user=0.22 sys=0.00, real=0.02 secs] 
65.553: Total time for which application threads were stopped: 0.0305850 seconds, Stopping threads took: 0.0023100 seconds
65.765: Application time: 0.2126460 seconds
65.766: [GC [PSYoungGen: 503632K->58064K(577536K)] 864861K->432047K(1115648K), 0.0303340 secs] [Times: user=0.24 sys=0.00, real=0.02 secs] 
65.796: Total time for which application threads were stopped: 0.0305470 seconds, Stopping threads took: 0.0001090 seconds
65.967: Application time: 0.1715530 seconds
65.968: [GC [PSYoungGen: 548048K->49344K(539648K)] 922031K->447523K(1077760K), 0.0311720 secs] [Times: user=0.24 sys=0.00, real=0.03 secs] 
65.999: Total time for which application threads were stopped: 0.0314180 seconds, Stopping threads took: 0.0001470 seconds
66.204: Application time: 0.2052860 seconds
66.204: [GC [PSYoungGen: 539328K->29024K(578048K)] 937507K->468723K(1116160K), 0.0293620 secs] [Times: user=0.23 sys=0.00, real=0.03 secs] 
66.234: Total time for which application threads were stopped: 0.0295930 seconds, Stopping threads took: 0.0001160 seconds
66.437: Application time: 0.2032830 seconds
66.437: [GC [PSYoungGen: 521056K->62560K(577024K)] 960755K->513222K(1115136K), 0.0321670 secs] [Times: user=0.26 sys=0.00, real=0.03 secs] 
66.469: Total time for which application threads were stopped: 0.0323840 seconds, Stopping threads took: 0.0001120 seconds
66.640: Application time: 0.1704110 seconds
66.640: [GC [PSYoungGen: 554592K->24176K(580096K)] 1005254K->522639K(1118208K), 0.0288540 secs] [Times: user=0.22 sys=0.01, real=0.03 secs] 
66.669: [Full GC [PSYoungGen: 24176K->0K(580096K)] [ParOldGen: 498463K->78454K(549376K)] 522639K->78454K(1129472K) [PSPermGen: 8838K->8838K(21504K)], 0.0858910 secs] [Times: user=0.62 sys=0.01, real=0.08 secs] 
66.755: Total time for which application threads were stopped: 0.1150140 seconds, Stopping threads took: 0.0001110 seconds
66.972: Application time: 0.2168990 seconds
66.972: [GC [PSYoungGen: 492544K->55088K(579584K)] 570998K->133542K(1128960K), 0.0233270 secs] [Times: user=0.18 sys=0.00, real=0.02 secs] 
66.995: Total time for which application threads were stopped: 0.0235490 seconds, Stopping threads took: 0.0001060 seconds
67.180: Application time: 0.1845950 seconds
67.180: [GC [PSYoungGen: 547632K->55312K(579584K)] 626086K->155617K(1128960K), 0.0327570 secs] [Times: user=0.25 sys=0.01, real=0.03 secs] 
67.213: Total time for which application threads were stopped: 0.0329540 seconds, Stopping threads took: 0.0000990 seconds
67.402: Application time: 0.1892200 seconds
67.402: [GC [PSYoungGen: 547856K->21504K(579584K)] 648161K->173197K(1128960K), 0.0291210 secs] [Times: user=0.22 sys=0.00, real=0.03 secs] 
67.431: Total time for which application threads were stopped: 0.0293300 seconds, Stopping threads took: 0.0001030 seconds
67.642: Application time: 0.2107680 seconds
67.642: [GC [PSYoungGen: 514048K->63872K(573952K)] 665741K->222116K(1123328K), 0.0306310 secs] [Times: user=0.24 sys=0.00, real=0.03 secs] 
67.673: Total time for which application threads were stopped: 0.0308500 seconds, Stopping threads took: 0.0001050 seconds
67.840: Application time: 0.1665710 seconds
67.840: [GC [PSYoungGen: 550784K->32144K(577024K)] 709028K->227406K(1126400K), 0.0287340 secs] [Times: user=0.23 sys=0.00, real=0.03 secs] 
67.869: Total time for which application threads were stopped: 0.0289560 seconds, Stopping threads took: 0.0001180 seconds
68.079: Application time: 0.2107330 seconds
68.079: [GC [PSYoungGen: 519056K->45200K(567808K)] 714318K->265552K(1117184K), 0.0291610 secs] [Times: user=0.23 sys=0.00, real=0.03 secs] 
68.109: Total time for which application threads were stopped: 0.0293720 seconds, Stopping threads took: 0.0001060 seconds
68.303: Application time: 0.1944970 seconds
68.303: [GC [PSYoungGen: 534160K->58320K(572928K)] 754512K->292343K(1122304K), 0.0301900 secs] [Times: user=0.24 sys=0.00, real=0.03 secs] 
68.334: Total time for which application threads were stopped: 0.0303960 seconds, Stopping threads took: 0.0000900 seconds
68.510: Application time: 0.1766740 seconds
68.510: [GC [PSYoungGen: 547280K->17968K(580608K)] 781303K->304287K(1129984K), 0.0281180 secs] [Times: user=0.22 sys=0.00, real=0.03 secs] 
68.539: Total time for which application threads were stopped: 0.0283330 seconds, Stopping threads took: 0.0001100 seconds
68.755: Application time: 0.2166680 seconds
68.757: [GC [PSYoungGen: 513072K->62864K(558080K)] 799391K->358018K(1107456K), 0.0312460 secs] [Times: user=0.25 sys=0.00, real=0.03 secs] 
68.788: Total time for which application threads were stopped: 0.0325290 seconds, Stopping threads took: 0.0011800 seconds
68.965: Application time: 0.1770160 seconds
68.965: [GC [PSYoungGen: 557968K->52032K(579584K)] 853122K->369561K(1128960K), 0.0308750 secs] [Times: user=0.24 sys=0.00, real=0.02 secs] 
68.996: Total time for which application threads were stopped: 0.0310830 seconds, Stopping threads took: 0.0000950 seconds
69.198: Application time: 0.2020550 seconds
69.198: [GC [PSYoungGen: 542528K->27520K(518144K)] 860057K->388273K(1067520K), 0.0283210 secs] [Times: user=0.21 sys=0.00, real=0.03 secs] 
69.227: Total time for which application threads were stopped: 0.0285320 seconds, Stopping threads took: 0.0001080 seconds
69.430: Application time: 0.2037370 seconds
69.430: [GC [PSYoungGen: 518016K->63328K(573952K)] 878769K->432348K(1123328K), 0.0313920 secs] [Times: user=0.25 sys=0.00, real=0.03 secs] 
69.462: Total time for which application threads were stopped: 0.0315810 seconds, Stopping threads took: 0.0000820 seconds
69.629: Application time: 0.1667790 seconds
69.629: [GC [PSYoungGen: 550752K->23120K(577024K)] 919772K->434750K(1126400K), 0.0264090 secs] [Times: user=0.21 sys=0.00, real=0.02 secs] 
69.655: Total time for which application threads were stopped: 0.0266910 seconds, Stopping threads took: 0.0001660 seconds
69.872: Application time: 0.2167570 seconds
69.872: [GC [PSYoungGen: 510544K->55872K(577024K)] 922174K->480305K(1126400K), 0.0300090 secs] [Times: user=0.23 sys=0.00, real=0.03 secs] 
69.902: Total time for which application threads were stopped: 0.0301980 seconds, Stopping threads took: 0.0000870 seconds
70.085: Application time: 0.1830810 seconds
70.085: [GC [PSYoungGen: 544320K->55696K(577536K)] 968753K->501859K(1126912K), 0.0332050 secs] [Times: user=0.26 sys=0.00, real=0.03 secs] 
70.119: Total time for which application threads were stopped: 0.0334000 seconds, Stopping threads took: 0.0000900 seconds
70.309: Application time: 0.1903260 seconds
70.309: [GC [PSYoungGen: 544144K->23680K(577024K)] 990307K->519051K(1126400K), 0.0298380 secs] [Times: user=0.23 sys=0.00, real=0.03 secs] 
70.339: [Full GC [PSYoungGen: 23680K->0K(577024K)] [ParOldGen: 495371K->77081K(560128K)] 519051K->77081K(1137152K) [PSPermGen: 8841K->8841K(21504K)], 0.0858240 secs] [Times: user=0.63 sys=0.00, real=0.09 secs] 
70.425: Total time for which application threads were stopped: 0.1159670 seconds, Stopping threads took: 0.0001270 seconds
70.635: Application time: 0.2096150 seconds
70.635: [GC [PSYoungGen: 489472K->63888K(553472K)] 566553K->140969K(1113600K), 0.0270300 secs] [Times: user=0.21 sys=0.00, real=0.03 secs] 
70.662: Total time for which application threads were stopped: 0.0272640 seconds, Stopping threads took: 0.0001290 seconds
70.825: Application time: 0.1635780 seconds
70.826: [GC [PSYoungGen: 553360K->34272K(578560K)] 630441K->142408K(1138688K), 0.0263210 secs] [Times: user=0.20 sys=0.00, real=0.02 secs] 
70.852: Total time for which application threads were stopped: 0.0265280 seconds, Stopping threads took: 0.0000960 seconds
71.067: Application time: 0.2153350 seconds
71.068: [GC [PSYoungGen: 521696K->44176K(531968K)] 629832K->178474K(1092096K), 0.0298780 secs] [Times: user=0.24 sys=0.00, real=0.03 secs] 
71.097: Total time for which application threads were stopped: 0.0301140 seconds, Stopping threads took: 0.0001340 seconds
71.289: Application time: 0.1913790 seconds
71.289: [GC [PSYoungGen: 531600K->60704K(569856K)] 665898K->212016K(1129984K), 0.0324420 secs] [Times: user=0.25 sys=0.00, real=0.03 secs] 
71.322: Total time for which application threads were stopped: 0.0326410 seconds, Stopping threads took: 0.0000980 seconds
71.500: Application time: 0.1782510 seconds
71.500: [GC [PSYoungGen: 546080K->18240K(571904K)] 697392K->221756K(1132032K), 0.0280810 secs] [Times: user=0.22 sys=0.00, real=0.03 secs] 
71.528: Total time for which application threads were stopped: 0.0282980 seconds, Stopping threads took: 0.0001000 seconds
71.739: Application time: 0.2113220 seconds
71.740: [GC [PSYoungGen: 503616K->62864K(573952K)] 707132K->273395K(1134080K), 0.0295510 secs] [Times: user=0.23 sys=0.00, real=0.03 secs] 
71.769: Total time for which application threads were stopped: 0.0297710 seconds, Stopping threads took: 0.0001190 seconds
71.936: Application time: 0.1669100 seconds
71.936: [GC [PSYoungGen: 549776K->43488K(530432K)] 760307K->278250K(1090560K), 0.0280260 secs] [Times: user=0.23 sys=0.00, real=0.03 secs] 
71.964: Total time for which application threads were stopped: 0.0282040 seconds, Stopping threads took: 0.0000830 seconds
72.174: Application time: 0.2093820 seconds
72.174: [GC [PSYoungGen: 530400K->34800K(578560K)] 765162K->305231K(1138688K), 0.0295050 secs] [Times: user=0.23 sys=0.00, real=0.03 secs] 
72.203: Total time for which application threads were stopped: 0.0297350 seconds, Stopping threads took: 0.0001180 seconds
72.403: Application time: 0.2000750 seconds
72.404: [GC [PSYoungGen: 527344K->63152K(576000K)] 797775K->349493K(1136128K), 0.0339930 secs] [Times: user=0.27 sys=0.00, real=0.04 secs] 
72.438: Total time for which application threads were stopped: 0.0341810 seconds, Stopping threads took: 0.0000890 seconds
72.611: Application time: 0.1732240 seconds
72.611: [GC [PSYoungGen: 555696K->17840K(578560K)] 842037K->355597K(1138688K), 0.0273290 secs] [Times: user=0.21 sys=0.00, real=0.03 secs] 
72.638: Total time for which application threads were stopped: 0.0275740 seconds, Stopping threads took: 0.0001440 seconds
72.856: Application time: 0.2171540 seconds
72.856: [GC [PSYoungGen: 509872K->62688K(555008K)] 847629K->407049K(1115136K), 0.0295350 secs] [Times: user=0.23 sys=0.00, real=0.04 secs] 
72.885: Total time for which application threads were stopped: 0.0297150 seconds, Stopping threads took: 0.0000700 seconds
73.064: Application time: 0.1789180 seconds
73.064: [GC [PSYoungGen: 554720K->51216K(579072K)] 899081K->421920K(1139200K), 0.0327920 secs] [Times: user=0.25 sys=0.00, real=0.03 secs] 
73.097: Total time for which application threads were stopped: 0.0330190 seconds, Stopping threads took: 0.0001210 seconds
73.294: Application time: 0.1963410 seconds
73.294: [GC [PSYoungGen: 540176K->25760K(515072K)] 910880K->442279K(1075200K), 0.0293500 secs] [Times: user=0.23 sys=0.00, real=0.03 secs] 
73.323: Total time for which application threads were stopped: 0.0295670 seconds, Stopping threads took: 0.0001130 seconds
73.528: Application time: 0.2051130 seconds
73.528: [GC [PSYoungGen: 514720K->62832K(572928K)] 931239K->486823K(1133056K), 0.0303840 secs] [Times: user=0.24 sys=0.00, real=0.03 secs] 
73.559: Total time for which application threads were stopped: 0.0306210 seconds, Stopping threads took: 0.0001260 seconds
73.725: Application time: 0.1661000 seconds
73.729: [GC [PSYoungGen: 548720K->28512K(576000K)] 972711K->495164K(1136128K), 0.0289270 secs] [Times: user=0.23 sys=0.00, real=0.03 secs] 
73.758: Total time for which application threads were stopped: 0.0324730 seconds, Stopping threads took: 0.0034410 seconds
73.973: Application time: 0.2158080 seconds
73.973: [GC [PSYoungGen: 514400K->50048K(571392K)] 981052K->536970K(1131520K), 0.0307110 secs] [Times: user=0.24 sys=0.00, real=0.03 secs] 
74.004: Total time for which application threads were stopped: 0.0308950 seconds, Stopping threads took: 0.0000840 seconds
74.189: Application time: 0.1843220 seconds
74.189: [GC [PSYoungGen: 538496K->56640K(574976K)] 1025418K->569312K(1135104K), 0.0341680 secs] [Times: user=0.26 sys=0.01, real=0.03 secs] 
74.223: [Full GC [PSYoungGen: 56640K->0K(574976K)] [ParOldGen: 512672K->76739K(565248K)] 569312K->76739K(1140224K) [PSPermGen: 8841K->8841K(21504K)], 0.0835090 secs] [Times: user=0.60 sys=0.01, real=0.09 secs] 
74.307: Total time for which application threads were stopped: 0.1179580 seconds, Stopping threads took: 0.0001110 seconds
74.492: Application time: 0.1858750 seconds
74.493: [GC [PSYoungGen: 488448K->23088K(580608K)] 565187K->99827K(1145856K), 0.0102820 secs] [Times: user=0.07 sys=0.00, real=0.01 secs] 
74.503: Total time for which application threads were stopped: 0.0105150 seconds, Stopping threads took: 0.0001290 seconds
74.715: Application time: 0.2118170 seconds
74.715: [GC [PSYoungGen: 517168K->64688K(559104K)] 593907K->149122K(1124352K), 0.0307620 secs] [Times: user=0.24 sys=0.00, real=0.04 secs] 
74.746: Total time for which application threads were stopped: 0.0309710 seconds, Stopping threads took: 0.0000940 seconds
74.918: Application time: 0.1721240 seconds
74.918: [GC [PSYoungGen: 558768K->41040K(580608K)] 643202K->157093K(1145856K), 0.0298790 secs] [Times: user=0.22 sys=0.00, real=0.03 secs] 
74.948: Total time for which application threads were stopped: 0.0300570 seconds, Stopping threads took: 0.0000810 seconds
75.157: Application time: 0.2091280 seconds
75.157: [GC [PSYoungGen: 531536K->37024K(527872K)] 647589K->191301K(1093120K), 0.0313800 secs] [Times: user=0.24 sys=0.00, real=0.03 secs] 
75.189: Total time for which application threads were stopped: 0.0315880 seconds, Stopping threads took: 0.0001010 seconds
75.385: Application time: 0.1961340 seconds
75.385: [GC [PSYoungGen: 527520K->62784K(570880K)] 681797K->228172K(1136128K), 0.0312530 secs] [Times: user=0.25 sys=0.00, real=0.02 secs] 
75.416: Total time for which application threads were stopped: 0.0314560 seconds, Stopping threads took: 0.0000880 seconds
75.589: Application time: 0.1729510 seconds
75.589: [GC [PSYoungGen: 550208K->18816K(573952K)] 715596K->235184K(1139200K), 0.0275700 secs] [Times: user=0.22 sys=0.00, real=0.03 secs] 
75.617: Total time for which application threads were stopped: 0.0278210 seconds, Stopping threads took: 0.0001450 seconds
75.831: Application time: 0.2144770 seconds
75.832: [GC [PSYoungGen: 506240K->62528K(573952K)] 722608K->286228K(1139200K), 0.0301670 secs] [Times: user=0.24 sys=0.00, real=0.03 secs] 
75.862: Total time for which application threads were stopped: 0.0303850 seconds, Stopping threads took: 0.0001150 seconds
76.036: Application time: 0.1742500 seconds
76.036: [GC [PSYoungGen: 549440K->48720K(536064K)] 773140K->307146K(1101312K), 0.0351480 secs] [Times: user=0.28 sys=0.00, real=0.04 secs] 
76.071: Total time for which application threads were stopped: 0.0353570 seconds, Stopping threads took: 0.0000990 seconds
76.271: Application time: 0.1997090 seconds
76.271: [GC [PSYoungGen: 535632K->27808K(577536K)] 794058K->330213K(1142784K), 0.0290380 secs] [Times: user=0.23 sys=0.01, real=0.03 secs] 
76.300: Total time for which application threads were stopped: 0.0292730 seconds, Stopping threads took: 0.0001180 seconds
76.505: Application time: 0.2041030 seconds
76.505: [GC [PSYoungGen: 518816K->63360K(576512K)] 821221K->373457K(1141760K), 0.0310760 secs] [Times: user=0.25 sys=0.00, real=0.02 secs] 
76.536: Total time for which application threads were stopped: 0.0312810 seconds, Stopping threads took: 0.0001060 seconds
76.704: Application time: 0.1677880 seconds
76.704: [GC [PSYoungGen: 554368K->27008K(579584K)] 864465K->380202K(1144832K), 0.0280800 secs] [Times: user=0.22 sys=0.00, real=0.03 secs] 
76.732: Total time for which application threads were stopped: 0.0283000 seconds, Stopping threads took: 0.0001030 seconds
76.949: Application time: 0.2172600 seconds
76.949: [GC [PSYoungGen: 518016K->51824K(543232K)] 871210K->423396K(1108480K), 0.0305690 secs] [Times: user=0.24 sys=0.00, real=0.03 secs] 
76.980: Total time for which application threads were stopped: 0.0307720 seconds, Stopping threads took: 0.0001010 seconds
77.164: Application time: 0.1842960 seconds
77.164: [GC [PSYoungGen: 542832K->55280K(577024K)] 914404K->449319K(1142272K), 0.0333570 secs] [Times: user=0.26 sys=0.00, real=0.03 secs] 
77.198: Total time for which application threads were stopped: 0.0336020 seconds, Stopping threads took: 0.0001410 seconds
77.385: Application time: 0.1867750 seconds
77.385: [GC [PSYoungGen: 546288K->22816K(577024K)] 940327K->465259K(1142272K), 0.0286210 secs] [Times: user=0.22 sys=0.00, real=0.02 secs] 
77.414: Total time for which application threads were stopped: 0.0288610 seconds, Stopping threads took: 0.0001190 seconds
77.623: Application time: 0.2099380 seconds
77.624: [GC [PSYoungGen: 513824K->63136K(574976K)] 956267K->513786K(1140224K), 0.0303680 secs] [Times: user=0.24 sys=0.00, real=0.03 secs] 
77.654: Total time for which application threads were stopped: 0.0305590 seconds, Stopping threads took: 0.0000880 seconds
77.821: Application time: 0.1671320 seconds
77.821: [GC [PSYoungGen: 552096K->37680K(578048K)] 1002746K->519345K(1143296K), 0.0288400 secs] [Times: user=0.23 sys=0.00, real=0.03 secs] 
77.850: Total time for which application threads were stopped: 0.0290390 seconds, Stopping threads took: 0.0001010 seconds
78.061: Application time: 0.2104720 seconds
78.061: [GC [PSYoungGen: 526640K->41008K(570880K)] 1008305K->558106K(1136128K), 0.0318960 secs] [Times: user=0.25 sys=0.01, real=0.03 secs] 
78.093: [Full GC [PSYoungGen: 41008K->0K(570880K)] [ParOldGen: 517098K->77164K(582656K)] 558106K->77164K(1153536K) [PSPermGen: 8841K->8841K(21504K)], 0.0843140 secs] [Times: user=0.61 sys=0.00, real=0.09 secs] 
78.177: Total time for which application threads were stopped: 0.1164800 seconds, Stopping threads took: 0.0000980 seconds
78.373: Application time: 0.1954830 seconds
78.373: [GC [PSYoungGen: 492032K->61392K(574464K)] 569196K->138556K(1157120K), 0.0267530 secs] [Times: user=0.21 sys=0.00, real=0.03 secs] 
78.400: Total time for which application threads were stopped: 0.0269820 seconds, Stopping threads took: 0.0001270 seconds
78.577: Application time: 0.1769910 seconds
78.581: [GC [PSYoungGen: 553424K->22864K(582144K)] 630588K->143397K(1164800K), 0.0262550 secs] [Times: user=0.21 sys=0.00, real=0.03 secs] 
78.607: Total time for which application threads were stopped: 0.0302610 seconds, Stopping threads took: 0.0038810 seconds
78.825: Application time: 0.2184710 seconds
78.826: [GC [PSYoungGen: 520016K->60432K(558080K)] 640549K->190237K(1140736K), 0.0304460 secs] [Times: user=0.24 sys=0.00, real=0.02 secs] 
78.856: Total time for which application threads were stopped: 0.0306720 seconds, Stopping threads took: 0.0001210 seconds
79.037: Application time: 0.1808090 seconds
79.037: [GC [PSYoungGen: 557584K->51664K(581632K)] 687389K->205631K(1164288K), 0.0322230 secs] [Times: user=0.25 sys=0.00, real=0.03 secs] 
79.069: Total time for which application threads were stopped: 0.0324280 seconds, Stopping threads took: 0.0001030 seconds
79.268: Application time: 0.1986790 seconds
79.268: [GC [PSYoungGen: 546256K->25104K(520192K)] 700223K->226023K(1102848K), 0.0291290 secs] [Times: user=0.23 sys=0.00, real=0.03 secs] 
79.297: Total time for which application threads were stopped: 0.0293580 seconds, Stopping threads took: 0.0001120 seconds
79.506: Application time: 0.2083220 seconds
79.506: [GC [PSYoungGen: 519696K->62896K(576000K)] 720615K->270878K(1158656K), 0.0303160 secs] [Times: user=0.23 sys=0.00, real=0.02 secs] 
79.536: Total time for which application threads were stopped: 0.0305470 seconds, Stopping threads took: 0.0001160 seconds
79.703: Application time: 0.1663710 seconds
79.703: [GC [PSYoungGen: 553904K->33696K(579072K)] 761886K->272501K(1161728K), 0.0261970 secs] [Times: user=0.20 sys=0.00, real=0.03 secs] 
79.729: Total time for which application threads were stopped: 0.0264010 seconds, Stopping threads took: 0.0001040 seconds
79.946: Application time: 0.2173820 seconds
79.946: [GC [PSYoungGen: 524704K->45136K(569856K)] 763509K->309143K(1152512K), 0.0298230 secs] [Times: user=0.23 sys=0.00, real=0.02 secs] 
79.976: Total time for which application threads were stopped: 0.0300310 seconds, Stopping threads took: 0.0000940 seconds
80.167: Application time: 0.1905610 seconds
80.167: [GC [PSYoungGen: 538192K->59392K(574976K)] 802199K->341337K(1157632K), 0.0330410 secs] [Times: user=0.26 sys=0.00, real=0.03 secs] 
80.200: Total time for which application threads were stopped: 0.0332400 seconds, Stopping threads took: 0.0000970 seconds
80.382: Application time: 0.1821010 seconds
80.382: [GC [PSYoungGen: 552448K->18016K(581632K)] 834393K->352197K(1164288K), 0.0282470 secs] [Times: user=0.23 sys=0.00, real=0.03 secs] 
80.411: Total time for which application threads were stopped: 0.0284730 seconds, Stopping threads took: 0.0001230 seconds
80.627: Application time: 0.2158020 seconds
80.627: [GC [PSYoungGen: 516192K->66416K(564736K)] 850373K->402581K(1147392K), 0.0299230 secs] [Times: user=0.24 sys=0.00, real=0.03 secs] 
80.657: Total time for which application threads were stopped: 0.0301430 seconds, Stopping threads took: 0.0001070 seconds
80.834: Application time: 0.1771150 seconds
80.834: [GC [PSYoungGen: 564592K->47312K(581632K)] 900757K->404720K(1164288K), 0.0291890 secs] [Times: user=0.23 sys=0.00, real=0.03 secs] 
80.863: Total time for which application threads were stopped: 0.0293870 seconds, Stopping threads took: 0.0000980 seconds
81.068: Application time: 0.2044580 seconds
81.068: [GC [PSYoungGen: 539856K->29776K(522752K)] 897264K->429692K(1105408K), 0.0300960 secs] [Times: user=0.23 sys=0.00, real=0.03 secs] 
81.098: Total time for which application threads were stopped: 0.0302840 seconds, Stopping threads took: 0.0000870 seconds
81.301: Application time: 0.2031810 seconds
81.301: [GC [PSYoungGen: 522320K->62896K(573440K)] 922236K->473503K(1156096K), 0.0313130 secs] [Times: user=0.25 sys=0.00, real=0.03 secs] 
81.333: Total time for which application threads were stopped: 0.0315210 seconds, Stopping threads took: 0.0000940 seconds
81.501: Application time: 0.1687720 seconds
81.502: [GC [PSYoungGen: 552368K->27216K(576512K)] 962975K->484784K(1159168K), 0.0296300 secs] [Times: user=0.23 sys=0.00, real=0.03 secs] 
81.531: Total time for which application threads were stopped: 0.0298490 seconds, Stopping threads took: 0.0001160 seconds
81.748: Application time: 0.2165740 seconds
81.748: [GC [PSYoungGen: 516688K->54400K(578560K)] 974256K->529851K(1161216K), 0.0314490 secs] [Times: user=0.25 sys=0.00, real=0.03 secs] 
81.779: Total time for which application threads were stopped: 0.0316370 seconds, Stopping threads took: 0.0000880 seconds
81.964: Application time: 0.1844660 seconds
81.964: [GC [PSYoungGen: 547968K->56160K(579584K)] 1023419K->558365K(1162240K), 0.0355820 secs] [Times: user=0.28 sys=0.00, real=0.04 secs] 
82.000: Total time for which application threads were stopped: 0.0357950 seconds, Stopping threads took: 0.0001020 seconds
82.191: Application time: 0.1909060 seconds
82.191: [GC [PSYoungGen: 549728K->24256K(580096K)] 1051933K->572896K(1162752K), 0.0277690 secs] [Times: user=0.21 sys=0.01, real=0.03 secs] 
82.219: [Full GC [PSYoungGen: 24256K->0K(580096K)] [ParOldGen: 548640K->77147K(596992K)] 572896K->77147K(1177088K) [PSPermGen: 8841K->8841K(21504K)], 0.0857320 secs] [Times: user=0.62 sys=0.01, real=0.09 secs] 
82.304: Total time for which application threads were stopped: 0.1137750 seconds, Stopping threads took: 0.0001050 seconds
82.516: Application time: 0.2111100 seconds
82.516: [GC [PSYoungGen: 495104K->66112K(561664K)] 572251K->143259K(1158656K), 0.0279080 secs] [Times: user=0.22 sys=0.00, real=0.03 secs] 
82.544: Total time for which application threads were stopped: 0.0281330 seconds, Stopping threads took: 0.0001080 seconds
82.714: Application time: 0.1704700 seconds
82.714: [GC [PSYoungGen: 561216K->36064K(580096K)] 638363K->146886K(1177088K), 0.0291710 secs] [Times: user=0.23 sys=0.00, real=0.03 secs] 
82.744: Total time for which application threads were stopped: 0.0293930 seconds, Stopping threads took: 0.0001190 seconds
82.955: Application time: 0.2113810 seconds
82.955: [GC [PSYoungGen: 526560K->39200K(529920K)] 637382K->184670K(1126912K), 0.0304180 secs] [Times: user=0.24 sys=0.00, real=0.04 secs] 
82.986: Total time for which application threads were stopped: 0.0306300 seconds, Stopping threads took: 0.0001100 seconds
83.180: Application time: 0.1940610 seconds
83.181: [GC [PSYoungGen: 529696K->61664K(571904K)] 675166K->218114K(1168896K), 0.0303450 secs] [Times: user=0.24 sys=0.00, real=0.03 secs] 
83.211: Total time for which application threads were stopped: 0.0312780 seconds, Stopping threads took: 0.0008200 seconds
83.386: Application time: 0.1748120 seconds
83.386: [GC [PSYoungGen: 549600K->17104K(574464K)] 706050K->230785K(1171456K), 0.0293180 secs] [Times: user=0.23 sys=0.00, real=0.02 secs] 
83.415: Total time for which application threads were stopped: 0.0295560 seconds, Stopping threads took: 0.0001330 seconds
83.630: Application time: 0.2145460 seconds
83.630: [GC [PSYoungGen: 505040K->63984K(573440K)] 718721K->283469K(1170432K), 0.0304090 secs] [Times: user=0.24 sys=0.00, real=0.03 secs] 
83.660: Total time for which application threads were stopped: 0.0306120 seconds, Stopping threads took: 0.0001020 seconds
83.832: Application time: 0.1720400 seconds
83.833: [GC [PSYoungGen: 549872K->46496K(532480K)] 769357K->303247K(1129472K), 0.0349580 secs] [Times: user=0.28 sys=0.00, real=0.04 secs] 
83.868: Total time for which application threads were stopped: 0.0351400 seconds, Stopping threads took: 0.0000740 seconds
84.069: Application time: 0.2017110 seconds
84.069: [GC [PSYoungGen: 532384K->29360K(577024K)] 789135K->328634K(1174016K), 0.0293970 secs] [Times: user=0.23 sys=0.00, real=0.03 secs] 
84.099: Total time for which application threads were stopped: 0.0296020 seconds, Stopping threads took: 0.0001030 seconds
84.301: Application time: 0.2018390 seconds
84.301: [GC [PSYoungGen: 519856K->64400K(575488K)] 819130K->373018K(1172480K), 0.0321270 secs] [Times: user=0.25 sys=0.00, real=0.03 secs] 
84.333: Total time for which application threads were stopped: 0.0323240 seconds, Stopping threads took: 0.0000910 seconds
84.503: Application time: 0.1695990 seconds
84.503: [GC [PSYoungGen: 554896K->25184K(579072K)] 863514K->374427K(1176064K), 0.0264450 secs] [Times: user=0.21 sys=0.00, real=0.03 secs] 
84.529: Total time for which application threads were stopped: 0.0266630 seconds, Stopping threads took: 0.0001040 seconds
84.746: Application time: 0.2170580 seconds
84.747: [GC [PSYoungGen: 515680K->55744K(578560K)] 864923K->421422K(1175552K), 0.0316540 secs] [Times: user=0.25 sys=0.00, real=0.03 secs] 
84.778: Total time for which application threads were stopped: 0.0318410 seconds, Stopping threads took: 0.0000860 seconds
84.961: Application time: 0.1822480 seconds
84.961: [GC [PSYoungGen: 546240K->53968K(577536K)] 911918K->447860K(1174528K), 0.0351330 secs] [Times: user=0.27 sys=0.00, real=0.03 secs] 
84.996: Total time for which application threads were stopped: 0.0353360 seconds, Stopping threads took: 0.0001030 seconds
85.186: Application time: 0.1906130 seconds
85.187: [GC [PSYoungGen: 544976K->26160K(578048K)] 938868K->465592K(1175040K), 0.0291130 secs] [Times: user=0.23 sys=0.00, real=0.02 secs] 
85.216: Total time for which application threads were stopped: 0.0293420 seconds, Stopping threads took: 0.0001090 seconds
85.424: Application time: 0.2081490 seconds
85.424: [GC [PSYoungGen: 517168K->65520K(573440K)] 956600K->508344K(1170432K), 0.0295900 secs] [Times: user=0.24 sys=0.00, real=0.03 secs] 
85.454: Total time for which application threads were stopped: 0.0298210 seconds, Stopping threads took: 0.0001200 seconds
85.620: Application time: 0.1666370 seconds
85.621: [GC [PSYoungGen: 552432K->34016K(577024K)] 995256K->511527K(1174016K), 0.0287690 secs] [Times: user=0.23 sys=0.00, real=0.03 secs] 
85.649: Total time for which application threads were stopped: 0.0289670 seconds, Stopping threads took: 0.0000960 seconds
85.862: Application time: 0.2128540 seconds
85.862: [GC [PSYoungGen: 520928K->41680K(568832K)] 998439K->551055K(1165824K), 0.0313610 secs] [Times: user=0.24 sys=0.00, real=0.03 secs] 
85.894: Total time for which application threads were stopped: 0.0315850 seconds, Stopping threads took: 0.0001030 seconds
86.085: Application time: 0.1907970 seconds
86.085: [GC [PSYoungGen: 531152K->61712K(573440K)] 1040527K->584674K(1170432K), 0.0325620 secs] [Times: user=0.25 sys=0.00, real=0.03 secs] 
86.117: Total time for which application threads were stopped: 0.0327630 seconds, Stopping threads took: 0.0000970 seconds
86.297: Application time: 0.1796350 seconds
86.297: [GC [PSYoungGen: 551184K->19696K(579584K)] 1074146K->595810K(1176576K), 0.0285810 secs] [Times: user=0.22 sys=0.00, real=0.03 secs] 
86.326: [Full GC [PSYoungGen: 19696K->0K(579584K)] [ParOldGen: 576114K->79232K(616448K)] 595810K->79232K(1196032K) [PSPermGen: 8842K->8842K(21504K)], 0.0866380 secs] [Times: user=0.63 sys=0.00, real=0.08 secs] 
86.413: Total time for which application threads were stopped: 0.1154810 seconds, Stopping threads took: 0.0000890 seconds
86.626: Application time: 0.2138400 seconds
86.627: [GC [PSYoungGen: 493056K->65536K(559104K)] 572288K->144768K(1175552K), 0.0280910 secs] [Times: user=0.22 sys=0.00, real=0.02 secs] 
86.655: Total time for which application threads were stopped: 0.0283070 seconds, Stopping threads took: 0.0001010 seconds
86.828: Application time: 0.1733320 seconds
86.828: [GC [PSYoungGen: 558592K->44592K(580608K)] 637824K->151310K(1197056K), 0.0300920 secs] [Times: user=0.24 sys=0.00, real=0.03 secs] 
86.858: Total time for which application threads were stopped: 0.0303080 seconds, Stopping threads took: 0.0001120 seconds
87.063: Application time: 0.2046110 seconds
87.063: [GC [PSYoungGen: 534576K->30272K(520704K)] 641294K->178574K(1137152K), 0.0293090 secs] [Times: user=0.23 sys=0.00, real=0.03 secs] 
87.092: Total time for which application threads were stopped: 0.0295450 seconds, Stopping threads took: 0.0001300 seconds
87.294: Application time: 0.2010880 seconds
87.294: [GC [PSYoungGen: 520256K->63536K(571904K)] 668558K->222241K(1188352K), 0.0320710 secs] [Times: user=0.25 sys=0.00, real=0.04 secs] 
87.326: Total time for which application threads were stopped: 0.0322870 seconds, Stopping threads took: 0.0000950 seconds
87.494: Application time: 0.1681400 seconds
87.497: [GC [PSYoungGen: 550448K->20912K(574976K)] 709153K->227506K(1191424K), 0.0279000 secs] [Times: user=0.22 sys=0.00, real=0.03 secs] 
87.524: Total time for which application threads were stopped: 0.0304530 seconds, Stopping threads took: 0.0024500 seconds
87.740: Application time: 0.2154920 seconds
87.740: [GC [PSYoungGen: 507824K->57776K(577024K)] 714418K->277601K(1193472K), 0.0304920 secs] [Times: user=0.24 sys=0.00, real=0.03 secs] 
87.771: Total time for which application threads were stopped: 0.0307460 seconds, Stopping threads took: 0.0001470 seconds
87.951: Application time: 0.1806200 seconds
87.951: [GC [PSYoungGen: 546736K->51568K(540672K)] 766561K->291421K(1157120K), 0.0305130 secs] [Times: user=0.24 sys=0.00, real=0.03 secs] 
87.982: Total time for which application threads were stopped: 0.0307120 seconds, Stopping threads took: 0.0000840 seconds
88.173: Application time: 0.1909820 seconds
88.173: [GC [PSYoungGen: 540528K->26496K(577536K)] 780381K->311176K(1193984K), 0.0288920 secs] [Times: user=0.23 sys=0.00, real=0.03 secs] 
88.202: Total time for which application threads were stopped: 0.0291120 seconds, Stopping threads took: 0.0001130 seconds
88.412: Application time: 0.2098120 seconds
88.412: [GC [PSYoungGen: 516992K->63040K(577024K)] 801672K->356856K(1193472K), 0.0310200 secs] [Times: user=0.24 sys=0.00, real=0.03 secs] 
88.443: Total time for which application threads were stopped: 0.0312500 seconds, Stopping threads took: 0.0001200 seconds
88.610: Application time: 0.1671050 seconds
88.610: [GC [PSYoungGen: 553536K->34144K(578560K)] 847352K->358886K(1195008K), 0.0268280 secs] [Times: user=0.21 sys=0.00, real=0.03 secs] 
88.637: Total time for which application threads were stopped: 0.0270490 seconds, Stopping threads took: 0.0001050 seconds
88.852: Application time: 0.2142480 seconds
88.852: [GC [PSYoungGen: 525152K->45232K(536576K)] 849894K->401088K(1153024K), 0.0321090 secs] [Times: user=0.25 sys=0.00, real=0.03 secs] 
88.884: Total time for which application threads were stopped: 0.0323400 seconds, Stopping threads took: 0.0001220 seconds
89.074: Application time: 0.1898930 seconds
89.074: [GC [PSYoungGen: 536240K->59312K(573952K)] 892096K->432262K(1190400K), 0.0323610 secs] [Times: user=0.25 sys=0.00, real=0.04 secs] 
89.106: Total time for which application threads were stopped: 0.0325530 seconds, Stopping threads took: 0.0000840 seconds
89.287: Application time: 0.1804280 seconds
89.287: [GC [PSYoungGen: 550320K->19712K(575488K)] 923270K->445097K(1191936K), 0.0290230 secs] [Times: user=0.23 sys=0.00, real=0.02 secs] 
89.316: Total time for which application threads were stopped: 0.0292550 seconds, Stopping threads took: 0.0001170 seconds
89.530: Application time: 0.2136290 seconds
89.530: [GC [PSYoungGen: 510720K->65360K(573952K)] 936105K->495318K(1190400K), 0.0298940 secs] [Times: user=0.23 sys=0.00, real=0.03 secs] 
89.560: Total time for which application threads were stopped: 0.0300970 seconds, Stopping threads took: 0.0001000 seconds
89.730: Application time: 0.1705230 seconds
89.731: [GC [PSYoungGen: 554320K->44672K(578048K)] 984278K->501936K(1194496K), 0.0307130 secs] [Times: user=0.24 sys=0.00, real=0.03 secs] 
89.761: Total time for which application threads were stopped: 0.0309410 seconds, Stopping threads took: 0.0001050 seconds
89.968: Application time: 0.2065210 seconds
89.968: [GC [PSYoungGen: 533632K->29984K(574976K)] 990896K->528429K(1191424K), 0.0299460 secs] [Times: user=0.24 sys=0.00, real=0.03 secs] 
89.998: Total time for which application threads were stopped: 0.0301780 seconds, Stopping threads took: 0.0001100 seconds
90.198: Application time: 0.2002850 seconds
90.198: [GC [PSYoungGen: 523040K->62880K(576512K)] 1021485K->572211K(1192960K), 0.0311460 secs] [Times: user=0.25 sys=0.00, real=0.03 secs] 
90.230: Total time for which application threads were stopped: 0.0313440 seconds, Stopping threads took: 0.0000940 seconds
90.402: Application time: 0.1723940 seconds
90.402: [GC [PSYoungGen: 555936K->23712K(580608K)] 1065267K->579980K(1197056K), 0.0288230 secs] [Times: user=0.23 sys=0.00, real=0.03 secs] 
90.431: [Full GC [PSYoungGen: 23712K->0K(580608K)] [ParOldGen: 556268K->76770K(626176K)] 579980K->76770K(1206784K) [PSPermGen: 8842K->8842K(21504K)], 0.0828480 secs] [Times: user=0.60 sys=0.00, real=0.08 secs] 
90.514: Total time for which application threads were stopped: 0.1119320 seconds, Stopping threads took: 0.0001020 seconds
90.732: Application time: 0.2176000 seconds
90.732: [GC [PSYoungGen: 494080K->56816K(550912K)] 570850K->133586K(1177088K), 0.0245170 secs] [Times: user=0.19 sys=0.00, real=0.02 secs] 
90.756: Total time for which application threads were stopped: 0.0247440 seconds, Stopping threads took: 0.0001120 seconds
90.941: Application time: 0.1844920 seconds
90.941: [GC [PSYoungGen: 550896K->55232K(580608K)] 627666K->154288K(1206784K), 0.0327920 secs] [Times: user=0.25 sys=0.00, real=0.03 secs] 
90.974: Total time for which application threads were stopped: 0.0330060 seconds, Stopping threads took: 0.0001060 seconds
91.165: Application time: 0.1908400 seconds
91.169: [GC [PSYoungGen: 548800K->25152K(519168K)] 647856K->171112K(1145344K), 0.0288630 secs] [Times: user=0.22 sys=0.01, real=0.03 secs] 
91.197: Total time for which application threads were stopped: 0.0327720 seconds, Stopping threads took: 0.0037930 seconds
91.407: Application time: 0.2097260 seconds
91.407: [GC [PSYoungGen: 518720K->64432K(573952K)] 664680K->218631K(1200128K), 0.0302550 secs] [Times: user=0.24 sys=0.00, real=0.03 secs] 
91.438: Total time for which application threads were stopped: 0.0304790 seconds, Stopping threads took: 0.0001030 seconds
91.604: Application time: 0.1662300 seconds
91.604: [GC [PSYoungGen: 552368K->36128K(577536K)] 706567K->227461K(1203712K), 0.0295680 secs] [Times: user=0.22 sys=0.00, real=0.03 secs] 
91.634: Total time for which application threads were stopped: 0.0297950 seconds, Stopping threads took: 0.0001200 seconds
91.846: Application time: 0.2121110 seconds
91.846: [GC [PSYoungGen: 524064K->42336K(568320K)] 715397K->265518K(1194496K), 0.0304900 secs] [Times: user=0.22 sys=0.00, real=0.03 secs] 
91.876: Total time for which application threads were stopped: 0.0307040 seconds, Stopping threads took: 0.0001090 seconds
92.070: Application time: 0.1936840 seconds
92.070: [GC [PSYoungGen: 532832K->64448K(573440K)] 756014K->304280K(1199616K), 0.0335450 secs] [Times: user=0.27 sys=0.00, real=0.03 secs] 
92.104: Total time for which application threads were stopped: 0.0337660 seconds, Stopping threads took: 0.0001040 seconds
92.282: Application time: 0.1777170 seconds
92.282: [GC [PSYoungGen: 554944K->21552K(579584K)] 794776K->309989K(1205760K), 0.0284470 secs] [Times: user=0.22 sys=0.00, real=0.03 secs] 
92.310: Total time for which application threads were stopped: 0.0286680 seconds, Stopping threads took: 0.0001020 seconds
92.525: Application time: 0.2148490 seconds
92.525: [GC [PSYoungGen: 514608K->61328K(554496K)] 803045K->358864K(1180672K), 0.0308460 secs] [Times: user=0.25 sys=0.00, real=0.02 secs] 
92.556: Total time for which application threads were stopped: 0.0310520 seconds, Stopping threads took: 0.0001030 seconds
92.732: Application time: 0.1756300 seconds
92.732: [GC [PSYoungGen: 554384K->49984K(580608K)] 851920K->368299K(1206784K), 0.0294060 secs] [Times: user=0.22 sys=0.00, real=0.03 secs] 
92.762: Total time for which application threads were stopped: 0.0296270 seconds, Stopping threads took: 0.0001050 seconds
92.964: Application time: 0.2020170 seconds
92.965: [GC [PSYoungGen: 541504K->25472K(517120K)] 859819K->389895K(1143296K), 0.0285940 secs] [Times: user=0.22 sys=0.00, real=0.02 secs] 
92.993: Total time for which application threads were stopped: 0.0296230 seconds, Stopping threads took: 0.0009260 seconds
93.198: Application time: 0.2044690 seconds
93.198: [GC [PSYoungGen: 516992K->62848K(574976K)] 881415K->434303K(1201152K), 0.0307180 secs] [Times: user=0.24 sys=0.00, real=0.03 secs] 
93.229: Total time for which application threads were stopped: 0.0309260 seconds, Stopping threads took: 0.0001020 seconds
93.396: Application time: 0.1671840 seconds
93.396: [GC [PSYoungGen: 551808K->24272K(577536K)] 923263K->438584K(1203712K), 0.0269850 secs] [Times: user=0.21 sys=0.00, real=0.03 secs] 
93.423: Total time for which application threads were stopped: 0.0272150 seconds, Stopping threads took: 0.0001140 seconds
93.639: Application time: 0.2158090 seconds
93.639: [GC [PSYoungGen: 513232K->53936K(577024K)] 927544K->484459K(1203200K), 0.0298560 secs] [Times: user=0.23 sys=0.00, real=0.03 secs] 
93.669: Total time for which application threads were stopped: 0.0300710 seconds, Stopping threads took: 0.0001120 seconds
93.853: Application time: 0.1845470 seconds
93.854: [GC [PSYoungGen: 544432K->57264K(578048K)] 974955K->506226K(1204224K), 0.0318470 secs] [Times: user=0.25 sys=0.00, real=0.04 secs] 
93.885: Total time for which application threads were stopped: 0.0320490 seconds, Stopping threads took: 0.0000980 seconds
94.072: Application time: 0.1869750 seconds
94.077: [GC [PSYoungGen: 547760K->22880K(579584K)] 996722K->519077K(1205760K), 0.0287050 secs] [Times: user=0.22 sys=0.00, real=0.03 secs] 
94.105: Total time for which application threads were stopped: 0.0328660 seconds, Stopping threads took: 0.0040450 seconds
94.317: Application time: 0.2120500 seconds
94.318: [GC [PSYoungGen: 514912K->66448K(558592K)] 1011109K->565285K(1184768K), 0.0302650 secs] [Times: user=0.24 sys=0.00, real=0.03 secs] 
94.348: Total time for which application threads were stopped: 0.0305020 seconds, Stopping threads took: 0.0001290 seconds
94.516: Application time: 0.1677990 seconds
94.516: [GC [PSYoungGen: 558480K->39296K(579072K)] 1057317K->572951K(1205248K), 0.0306530 secs] [Times: user=0.25 sys=0.00, real=0.04 secs] 
94.547: Total time for which application threads were stopped: 0.0308770 seconds, Stopping threads took: 0.0001150 seconds
94.759: Application time: 0.2127530 seconds
94.759: [GC [PSYoungGen: 526720K->37104K(524800K)] 1060375K->606028K(1150976K), 0.0310920 secs] [Times: user=0.23 sys=0.00, real=0.03 secs] 
94.791: [Full GC [PSYoungGen: 37104K->0K(524800K)] [ParOldGen: 568924K->77073K(638464K)] 606028K->77073K(1163264K) [PSPermGen: 8843K->8843K(21504K)], 0.0863160 secs] [Times: user=0.63 sys=0.00, real=0.09 secs] 
94.877: Total time for which application threads were stopped: 0.1177220 seconds, Stopping threads took: 0.0001160 seconds
95.069: Application time: 0.1918170 seconds
95.069: [GC [PSYoungGen: 487424K->63664K(569856K)] 564497K->140738K(1208320K), 0.0273880 secs] [Times: user=0.21 sys=0.00, real=0.02 secs] 
95.096: Total time for which application threads were stopped: 0.0275910 seconds, Stopping threads took: 0.0000930 seconds
95.272: Application time: 0.1756070 seconds
95.272: [GC [PSYoungGen: 548016K->21120K(572928K)] 625090K->146466K(1211392K), 0.0272510 secs] [Times: user=0.21 sys=0.00, real=0.03 secs] 
95.299: Total time for which application threads were stopped: 0.0274700 seconds, Stopping threads took: 0.0000990 seconds
95.512: Application time: 0.2120350 seconds
95.512: [GC [PSYoungGen: 505472K->63120K(573440K)] 630818K->196777K(1211904K), 0.0302350 secs] [Times: user=0.24 sys=0.00, real=0.03 secs] 
95.542: Total time for which application threads were stopped: 0.0304420 seconds, Stopping threads took: 0.0001030 seconds
95.709: Application time: 0.1667960 seconds
95.709: [GC [PSYoungGen: 547984K->44336K(529408K)] 681641K->204301K(1167872K), 0.0299110 secs] [Times: user=0.24 sys=0.00, real=0.03 secs] 
95.739: Total time for which application threads were stopped: 0.0301380 seconds, Stopping threads took: 0.0001250 seconds
95.945: Application time: 0.2061770 seconds
95.945: [GC [PSYoungGen: 529200K->30224K(576000K)] 689165K->231560K(1214464K), 0.0292230 secs] [Times: user=0.23 sys=0.00, real=0.02 secs] 
95.975: Total time for which application threads were stopped: 0.0294530 seconds, Stopping threads took: 0.0001060 seconds
96.171: Application time: 0.1966190 seconds
96.171: [GC [PSYoungGen: 519184K->62544K(574464K)] 720520K->273392K(1212928K), 0.0306370 secs] [Times: user=0.24 sys=0.00, real=0.03 secs] 
96.202: Total time for which application threads were stopped: 0.0308580 seconds, Stopping threads took: 0.0001170 seconds
96.375: Application time: 0.1733180 seconds
96.376: [GC [PSYoungGen: 551504K->19392K(578048K)] 762352K->283352K(1216512K), 0.0290380 secs] [Times: user=0.23 sys=0.00, real=0.04 secs] 
96.405: Total time for which application threads were stopped: 0.0292470 seconds, Stopping threads took: 0.0001000 seconds
96.622: Application time: 0.2169260 seconds
96.622: [GC [PSYoungGen: 509376K->61136K(551424K)] 773336K->336151K(1189888K), 0.0312370 secs] [Times: user=0.24 sys=0.00, real=0.03 secs] 
96.653: Total time for which application threads were stopped: 0.0314640 seconds, Stopping threads took: 0.0001030 seconds
96.829: Application time: 0.1764610 seconds
96.830: [GC [PSYoungGen: 551120K->49440K(579584K)] 826135K->349122K(1218048K), 0.0320290 secs] [Times: user=0.26 sys=0.00, real=0.03 secs] 
96.862: Total time for which application threads were stopped: 0.0322240 seconds, Stopping threads took: 0.0000900 seconds
97.059: Application time: 0.1976370 seconds
97.061: [GC [PSYoungGen: 538400K->26752K(516096K)] 838082K->370250K(1154560K), 0.0288980 secs] [Times: user=0.22 sys=0.00, real=0.03 secs] 
97.089: Total time for which application threads were stopped: 0.0301700 seconds, Stopping threads took: 0.0011520 seconds
97.293: Application time: 0.2038210 seconds
97.293: [GC [PSYoungGen: 515712K->66768K(570880K)] 859210K->413386K(1209344K), 0.0301060 secs] [Times: user=0.24 sys=0.00, real=0.03 secs] 
97.324: Total time for which application threads were stopped: 0.0303160 seconds, Stopping threads took: 0.0000870 seconds
97.490: Application time: 0.1661460 seconds
97.490: [GC [PSYoungGen: 551120K->21792K(575488K)] 897738K->416802K(1213952K), 0.0281850 secs] [Times: user=0.22 sys=0.00, real=0.03 secs] 
97.518: Total time for which application threads were stopped: 0.0283880 seconds, Stopping threads took: 0.0000970 seconds
97.734: Application time: 0.2159280 seconds
97.734: [GC [PSYoungGen: 506144K->53824K(573440K)] 901154K->465969K(1211904K), 0.0308320 secs] [Times: user=0.25 sys=0.00, real=0.04 secs] 
97.765: Total time for which application threads were stopped: 0.0310290 seconds, Stopping threads took: 0.0000950 seconds
97.944: Application time: 0.1790550 seconds
97.944: [GC [PSYoungGen: 539200K->54496K(574976K)] 951345K->490055K(1213440K), 0.0329730 secs] [Times: user=0.26 sys=0.00, real=0.04 secs] 
97.977: Total time for which application threads were stopped: 0.0331850 seconds, Stopping threads took: 0.0000930 seconds
98.167: Application time: 0.1895580 seconds
98.168: [GC [PSYoungGen: 539872K->22672K(576000K)] 975431K->506219K(1214464K), 0.0287000 secs] [Times: user=0.23 sys=0.00, real=0.03 secs] 
98.197: Total time for which application threads were stopped: 0.0303070 seconds, Stopping threads took: 0.0015000 seconds
98.406: Application time: 0.2092390 seconds
98.407: [GC [PSYoungGen: 511120K->67392K(556032K)] 994667K->555115K(1194496K), 0.0307850 secs] [Times: user=0.24 sys=0.00, real=0.03 secs] 
98.438: Total time for which application threads were stopped: 0.0310210 seconds, Stopping threads took: 0.0001310 seconds
98.603: Application time: 0.1651990 seconds
98.603: [GC [PSYoungGen: 555840K->30048K(576512K)] 1043563K->560912K(1214976K), 0.0298980 secs] [Times: user=0.23 sys=0.00, real=0.03 secs] 
98.633: Total time for which application threads were stopped: 0.0301330 seconds, Stopping threads took: 0.0001210 seconds
98.847: Application time: 0.2139530 seconds
98.847: [GC [PSYoungGen: 513888K->44480K(528384K)] 1044752K->601226K(1166848K), 0.0300130 secs] [Times: user=0.24 sys=0.00, real=0.03 secs] 
98.877: Total time for which application threads were stopped: 0.0302160 seconds, Stopping threads took: 0.0001000 seconds
99.061: Application time: 0.1835320 seconds
99.061: [GC [PSYoungGen: 528320K->56240K(570368K)] 1085066K->638024K(1208832K), 0.0344650 secs] [Times: user=0.26 sys=0.01, real=0.03 secs] 
99.095: [Full GC [PSYoungGen: 56240K->0K(570368K)] [ParOldGen: 581784K->78305K(650752K)] 638024K->78305K(1221120K) [PSPermGen: 8844K->8844K(21504K)], 0.0850130 secs] [Times: user=0.61 sys=0.00, real=0.09 secs] 
99.180: Total time for which application threads were stopped: 0.1197380 seconds, Stopping threads took: 0.0000830 seconds
99.364: Application time: 0.1835800 seconds
99.364: [GC [PSYoungGen: 483840K->21888K(570368K)] 562145K->100193K(1221120K), 0.0097050 secs] [Times: user=0.07 sys=0.00, real=0.01 secs] 
99.374: Total time for which application threads were stopped: 0.0099540 seconds, Stopping threads took: 0.0001280 seconds
99.586: Application time: 0.2120870 seconds
99.586: [GC [PSYoungGen: 505728K->66864K(571392K)] 584033K->155428K(1222144K), 0.0322390 secs] [Times: user=0.25 sys=0.00, real=0.03 secs] 
99.618: Total time for which application threads were stopped: 0.0324350 seconds, Stopping threads took: 0.0000910 seconds
99.780: Application time: 0.1615660 seconds
99.780: [GC [PSYoungGen: 551728K->37632K(576000K)] 640292K->161326K(1226752K), 0.0293990 secs] [Times: user=0.24 sys=0.00, real=0.03 secs] 
99.810: Total time for which application threads were stopped: 0.0296560 seconds, Stopping threads took: 0.0001290 seconds
100.022: Application time: 0.2125160 seconds
100.025: [GC [PSYoungGen: 522496K->38416K(568832K)] 646190K->194223K(1219584K), 0.0294460 secs] [Times: user=0.23 sys=0.00, real=0.02 secs] 
100.054: Total time for which application threads were stopped: 0.0319320 seconds, Stopping threads took: 0.0023510 seconds
100.246: Application time: 0.1915270 seconds
100.246: [GC [PSYoungGen: 526864K->64320K(572928K)] 682671K->235273K(1223680K), 0.0335660 secs] [Times: user=0.25 sys=0.00, real=0.03 secs] 
100.279: Total time for which application threads were stopped: 0.0338000 seconds, Stopping threads took: 0.0001100 seconds
100.457: Application time: 0.1772670 seconds
100.457: [GC [PSYoungGen: 552768K->17728K(578048K)] 723721K->237754K(1228800K), 0.0263300 secs] [Times: user=0.20 sys=0.00, real=0.02 secs] 
100.483: Total time for which application threads were stopped: 0.0265760 seconds, Stopping threads took: 0.0001350 seconds
100.701: Application time: 0.2182040 seconds
100.702: [GC [PSYoungGen: 507712K->63008K(553472K)] 727738K->290601K(1204224K), 0.0300850 secs] [Times: user=0.23 sys=0.00, real=0.03 secs] 
100.732: Total time for which application threads were stopped: 0.0302930 seconds, Stopping threads took: 0.0000870 seconds
100.899: Application time: 0.1670530 seconds
100.899: [GC [PSYoungGen: 552992K->43872K(580096K)] 780585K->302820K(1230848K), 0.0328040 secs] [Times: user=0.25 sys=0.00, real=0.03 secs] 
100.932: Total time for which application threads were stopped: 0.0330140 seconds, Stopping threads took: 0.0001060 seconds
101.138: Application time: 0.2059300 seconds
101.141: [GC [PSYoungGen: 532320K->28032K(516608K)] 791268K->329567K(1167360K), 0.0287940 secs] [Times: user=0.23 sys=0.00, real=0.03 secs] 
101.169: Total time for which application threads were stopped: 0.0316220 seconds, Stopping threads took: 0.0027180 seconds
101.372: Application time: 0.2031150 seconds
101.377: [GC [PSYoungGen: 516480K->67952K(569856K)] 818015K->372191K(1220608K), 0.0305570 secs] [Times: user=0.24 sys=0.00, real=0.03 secs] 
101.407: Total time for which application threads were stopped: 0.0346730 seconds, Stopping threads took: 0.0039910 seconds
101.571: Application time: 0.1634810 seconds
101.571: [GC [PSYoungGen: 551792K->15600K(574464K)] 856031K->374652K(1225216K), 0.0280020 secs] [Times: user=0.22 sys=0.00, real=0.03 secs] 
101.599: Total time for which application threads were stopped: 0.0282270 seconds, Stopping threads took: 0.0001150 seconds
101.817: Application time: 0.2178150 seconds
101.817: [GC [PSYoungGen: 499440K->58672K(572928K)] 858492K->429058K(1223680K), 0.0296440 secs] [Times: user=0.23 sys=0.00, real=0.03 secs] 
101.847: Total time for which application threads were stopped: 0.0298480 seconds, Stopping threads took: 0.0001000 seconds
102.018: Application time: 0.1712510 seconds
102.018: [GC [PSYoungGen: 540464K->51792K(534016K)] 910850K->456928K(1184768K), 0.0360920 secs] [Times: user=0.28 sys=0.00, real=0.03 secs] 
102.054: Total time for which application threads were stopped: 0.0362990 seconds, Stopping threads took: 0.0000910 seconds
102.250: Application time: 0.1958600 seconds
102.253: [GC [PSYoungGen: 533584K->24416K(574976K)] 938720K->475816K(1225728K), 0.0283080 secs] [Times: user=0.20 sys=0.03, real=0.03 secs] 
102.281: Total time for which application threads were stopped: 0.0309370 seconds, Stopping threads took: 0.0025220 seconds
102.488: Application time: 0.2071470 seconds
102.488: [GC [PSYoungGen: 508768K->69936K(554496K)] 960168K->527303K(1205248K), 0.0333220 secs] [Times: user=0.26 sys=0.00, real=0.03 secs] 
102.522: Total time for which application threads were stopped: 0.0335430 seconds, Stopping threads took: 0.0001130 seconds
102.681: Application time: 0.1594740 seconds
102.681: [GC [PSYoungGen: 554288K->16288K(572416K)] 1011655K->529504K(1223168K), 0.0289320 secs] [Times: user=0.22 sys=0.00, real=0.03 secs] 
102.710: Total time for which application threads were stopped: 0.0291600 seconds, Stopping threads took: 0.0001100 seconds
102.927: Application time: 0.2171220 seconds
102.927: [GC [PSYoungGen: 493984K->57248K(535040K)] 1007200K->583414K(1185792K), 0.0304700 secs] [Times: user=0.24 sys=0.00, real=0.03 secs] 
102.958: Total time for which application threads were stopped: 0.0306950 seconds, Stopping threads took: 0.0001040 seconds
103.129: Application time: 0.1710520 seconds
103.129: [GC [PSYoungGen: 534944K->57888K(571904K)] 1061110K->607477K(1222656K), 0.0350190 secs] [Times: user=0.28 sys=0.00, real=0.03 secs] 
103.164: Total time for which application threads were stopped: 0.0352260 seconds, Stopping threads took: 0.0001050 seconds
103.355: Application time: 0.1910540 seconds
103.356: [GC [PSYoungGen: 534560K->20240K(497152K)] 1084149K->620728K(1147904K), 0.0280070 secs] [Times: user=0.22 sys=0.00, real=0.03 secs] 
103.384: [Full GC [PSYoungGen: 20240K->0K(497152K)] [ParOldGen: 600488K->77570K(675328K)] 620728K->77570K(1172480K) [PSPermGen: 8844K->8844K(21504K)], 0.0855960 secs] [Times: user=0.62 sys=0.01, real=0.09 secs] 
103.469: Total time for which application threads were stopped: 0.1138910 seconds, Stopping threads took: 0.0001110 seconds
103.673: Application time: 0.2041510 seconds
103.674: [GC [PSYoungGen: 476672K->69232K(563712K)] 554242K->146802K(1239040K), 0.0294650 secs] [Times: user=0.23 sys=0.00, real=0.03 secs] 
103.703: Total time for which application threads were stopped: 0.0296620 seconds, Stopping threads took: 0.0000930 seconds
103.858: Application time: 0.1550050 seconds
103.858: [GC [PSYoungGen: 538736K->13888K(483840K)] 616306K->153081K(1159168K), 0.0298490 secs] [Times: user=0.24 sys=0.00, real=0.03 secs] 
103.888: Total time for which application threads were stopped: 0.0300860 seconds, Stopping threads took: 0.0001150 seconds
104.102: Application time: 0.2137780 seconds
104.102: [GC [PSYoungGen: 483392K->59200K(566784K)] 622585K->209260K(1242112K), 0.0298420 secs] [Times: user=0.24 sys=0.00, real=0.03 secs] 
104.132: Total time for which application threads were stopped: 0.0300500 seconds, Stopping threads took: 0.0001020 seconds
104.293: Application time: 0.1607720 seconds
104.293: [GC [PSYoungGen: 526656K->49568K(517120K)] 676716K->219444K(1192448K), 0.0287970 secs] [Times: user=0.23 sys=0.00, real=0.03 secs] 
104.322: Total time for which application threads were stopped: 0.0289810 seconds, Stopping threads took: 0.0000830 seconds
104.519: Application time: 0.1969050 seconds
104.519: [GC [PSYoungGen: 517024K->24160K(565760K)] 686900K->240580K(1241088K), 0.0286740 secs] [Times: user=0.23 sys=0.00, real=0.03 secs] 
104.548: Total time for which application threads were stopped: 0.0289200 seconds, Stopping threads took: 0.0001240 seconds
104.741: Application time: 0.1932500 seconds
104.741: [GC [PSYoungGen: 493664K->67888K(564224K)] 710084K->290099K(1239552K), 0.0312920 secs] [Times: user=0.25 sys=0.00, real=0.03 secs] 
104.772: Total time for which application threads were stopped: 0.0314860 seconds, Stopping threads took: 0.0000890 seconds
104.936: Application time: 0.1635560 seconds
104.936: [GC [PSYoungGen: 537392K->12640K(568320K)] 759603K->290632K(1243648K), 0.0270650 secs] [Times: user=0.21 sys=0.00, real=0.03 secs] 
104.963: Total time for which application threads were stopped: 0.0272530 seconds, Stopping threads took: 0.0000800 seconds
105.175: Application time: 0.2116260 seconds
105.175: [GC [PSYoungGen: 482144K->61040K(530944K)] 760136K->348075K(1206272K), 0.0297300 secs] [Times: user=0.23 sys=0.00, real=0.04 secs] 
105.205: Total time for which application threads were stopped: 0.0299820 seconds, Stopping threads took: 0.0001290 seconds
105.358: Application time: 0.1536580 seconds
105.359: [GC [PSYoungGen: 530544K->39808K(571904K)] 817579K->356218K(1247232K), 0.0286700 secs] [Times: user=0.23 sys=0.00, real=0.03 secs] 
105.387: Total time for which application threads were stopped: 0.0288680 seconds, Stopping threads took: 0.0000950 seconds
105.596: Application time: 0.2086890 seconds
105.596: [GC [PSYoungGen: 511360K->32912K(504832K)] 827770K->387005K(1180160K), 0.0294960 secs] [Times: user=0.22 sys=0.00, real=0.04 secs] 
105.626: Total time for which application threads were stopped: 0.0296890 seconds, Stopping threads took: 0.0000870 seconds
105.809: Application time: 0.1837660 seconds
105.810: [GC [PSYoungGen: 504464K->66928K(559616K)] 858557K->429293K(1234944K), 0.0319100 secs] [Times: user=0.25 sys=0.00, real=0.03 secs] 
105.842: Total time for which application threads were stopped: 0.0321140 seconds, Stopping threads took: 0.0000870 seconds
106.016: Application time: 0.1741010 seconds
106.016: [GC [PSYoungGen: 534384K->18512K(563712K)] 896749K->434021K(1239040K), 0.0285580 secs] [Times: user=0.22 sys=0.00, real=0.04 secs] 
106.044: Total time for which application threads were stopped: 0.0287970 seconds, Stopping threads took: 0.0001310 seconds
106.253: Application time: 0.2084540 seconds
106.253: [GC [PSYoungGen: 485968K->63232K(567296K)] 901477K->486244K(1242624K), 0.0307830 secs] [Times: user=0.24 sys=0.00, real=0.03 secs] 
106.284: Total time for which application threads were stopped: 0.0309930 seconds, Stopping threads took: 0.0001040 seconds
106.436: Application time: 0.1524110 seconds
106.437: [GC [PSYoungGen: 534784K->23184K(569344K)] 957796K->496325K(1244672K), 0.0293020 secs] [Times: user=0.22 sys=0.00, real=0.03 secs] 
106.466: Total time for which application threads were stopped: 0.0295440 seconds, Stopping threads took: 0.0001290 seconds
106.680: Application time: 0.2141930 seconds
106.680: [GC [PSYoungGen: 494736K->50272K(563712K)] 967877K->543416K(1239040K), 0.0308590 secs] [Times: user=0.24 sys=0.00, real=0.03 secs] 
106.711: Total time for which application threads were stopped: 0.0310870 seconds, Stopping threads took: 0.0001230 seconds
106.896: Application time: 0.1852700 seconds
106.897: [GC [PSYoungGen: 523360K->58544K(566784K)] 1016504K->577621K(1242112K), 0.0364340 secs] [Times: user=0.28 sys=0.00, real=0.03 secs] 
106.933: Total time for which application threads were stopped: 0.0366260 seconds, Stopping threads took: 0.0000870 seconds
107.115: Application time: 0.1820340 seconds
107.115: [GC [PSYoungGen: 531632K->22688K(571392K)] 1050709K->590929K(1246720K), 0.0290220 secs] [Times: user=0.23 sys=0.00, real=0.03 secs] 
107.144: Total time for which application threads were stopped: 0.0292550 seconds, Stopping threads took: 0.0001130 seconds
107.353: Application time: 0.2084690 seconds
107.353: [GC [PSYoungGen: 501408K->63424K(542208K)] 1069649K->639869K(1217536K), 0.0314900 secs] [Times: user=0.25 sys=0.00, real=0.04 secs] 
107.385: Total time for which application threads were stopped: 0.0317020 seconds, Stopping threads took: 0.0001080 seconds
107.543: Application time: 0.1584730 seconds
107.543: [GC [PSYoungGen: 542144K->26320K(572928K)] 1118589K->652841K(1248256K), 0.0297640 secs] [Times: user=0.22 sys=0.01, real=0.03 secs] 
107.573: [Full GC [PSYoungGen: 26320K->0K(572928K)] [ParOldGen: 626521K->76793K(690688K)] 652841K->76793K(1263616K) [PSPermGen: 8844K->8844K(21504K)], 0.0817140 secs] [Times: user=0.59 sys=0.00, real=0.08 secs] 
107.655: Total time for which application threads were stopped: 0.1117510 seconds, Stopping threads took: 0.0001080 seconds
107.868: Application time: 0.2132610 seconds
107.868: [GC [PSYoungGen: 477184K->48192K(525824K)] 553977K->124985K(1216512K), 0.0214380 secs] [Times: user=0.17 sys=0.00, real=0.02 secs] 
107.890: Total time for which application threads were stopped: 0.0216740 seconds, Stopping threads took: 0.0001160 seconds
108.068: Application time: 0.1785220 seconds
108.068: [GC [PSYoungGen: 525376K->59392K(567296K)] 602169K->160683K(1257984K), 0.0350750 secs] [Times: user=0.27 sys=0.01, real=0.03 secs] 
108.104: Total time for which application threads were stopped: 0.0352840 seconds, Stopping threads took: 0.0001040 seconds
108.288: Application time: 0.1848450 seconds
108.289: [GC [PSYoungGen: 535552K->19664K(568320K)] 636843K->175842K(1259008K), 0.0290040 secs] [Times: user=0.23 sys=0.00, real=0.03 secs] 
108.318: Total time for which application threads were stopped: 0.0292350 seconds, Stopping threads took: 0.0001230 seconds
108.525: Application time: 0.2075220 seconds
108.525: [GC [PSYoungGen: 495824K->66944K(567296K)] 652002K->227094K(1257984K), 0.0300350 secs] [Times: user=0.24 sys=0.00, real=0.02 secs] 
108.555: Total time for which application threads were stopped: 0.0302650 seconds, Stopping threads took: 0.0001000 seconds
108.712: Application time: 0.1568190 seconds
108.712: [GC [PSYoungGen: 542592K->18656K(571392K)] 702742K->238102K(1262080K), 0.0312360 secs] [Times: user=0.24 sys=0.01, real=0.03 secs] 
108.744: Total time for which application threads were stopped: 0.0314680 seconds, Stopping threads took: 0.0001250 seconds
108.956: Application time: 0.2127750 seconds
108.957: [GC [PSYoungGen: 494304K->54256K(568832K)] 713750K->290957K(1259520K), 0.0300500 secs] [Times: user=0.24 sys=0.00, real=0.03 secs] 
108.987: Total time for which application threads were stopped: 0.0302520 seconds, Stopping threads took: 0.0001000 seconds
109.161: Application time: 0.1740210 seconds
109.161: [GC [PSYoungGen: 530416K->56992K(570368K)] 767117K->314955K(1261056K), 0.0333660 secs] [Times: user=0.26 sys=0.00, real=0.03 secs] 
109.194: Total time for which application threads were stopped: 0.0335740 seconds, Stopping threads took: 0.0000900 seconds
109.382: Application time: 0.1876790 seconds
109.382: [GC [PSYoungGen: 533152K->19488K(571904K)] 791115K->331434K(1262592K), 0.0291220 secs] [Times: user=0.23 sys=0.00, real=0.03 secs] 
109.411: Total time for which application threads were stopped: 0.0293690 seconds, Stopping threads took: 0.0001390 seconds
109.617: Application time: 0.2060840 seconds
109.618: [GC [PSYoungGen: 498208K->66928K(545792K)] 810154K->382074K(1236480K), 0.0308450 secs] [Times: user=0.24 sys=0.00, real=0.03 secs] 
109.648: Total time for which application threads were stopped: 0.0310510 seconds, Stopping threads took: 0.0000990 seconds
109.808: Application time: 0.1593320 seconds
109.808: [GC [PSYoungGen: 545648K->17664K(569856K)] 860794K->393642K(1260544K), 0.0313020 secs] [Times: user=0.25 sys=0.00, real=0.03 secs] 
109.839: Total time for which application threads were stopped: 0.0315290 seconds, Stopping threads took: 0.0001120 seconds
110.053: Application time: 0.2133740 seconds
110.053: [GC [PSYoungGen: 489728K->54576K(526848K)] 865706K->446549K(1217536K), 0.0302680 secs] [Times: user=0.23 sys=0.00, real=0.03 secs] 
110.083: Total time for which application threads were stopped: 0.0304680 seconds, Stopping threads took: 0.0000960 seconds
110.254: Application time: 0.1703360 seconds
110.254: [GC [PSYoungGen: 526640K->56672K(568832K)] 918613K->470619K(1259520K), 0.0340850 secs] [Times: user=0.27 sys=0.00, real=0.04 secs] 
110.288: Total time for which application threads were stopped: 0.0342820 seconds, Stopping threads took: 0.0000910 seconds
110.477: Application time: 0.1896270 seconds
110.478: [GC [PSYoungGen: 529248K->17408K(568320K)] 943195K->484738K(1259008K), 0.0285150 secs] [Times: user=0.22 sys=0.00, real=0.03 secs] 
110.506: Total time for which application threads were stopped: 0.0287380 seconds, Stopping threads took: 0.0001050 seconds
110.708: Application time: 0.2020760 seconds
110.708: [GC [PSYoungGen: 489984K->70176K(561664K)] 957314K->538066K(1252352K), 0.0303540 secs] [Times: user=0.24 sys=0.00, real=0.03 secs] 
110.739: Total time for which application threads were stopped: 0.0305720 seconds, Stopping threads took: 0.0001010 seconds
110.894: Application time: 0.1554720 seconds
110.894: [GC [PSYoungGen: 536608K->14352K(566784K)] 1004498K->538651K(1257472K), 0.0298730 secs] [Times: user=0.22 sys=0.00, real=0.03 secs] 
110.924: Total time for which application threads were stopped: 0.0300940 seconds, Stopping threads took: 0.0001100 seconds
111.137: Application time: 0.2123040 seconds
111.137: [GC [PSYoungGen: 480784K->57904K(566784K)] 1005083K->595581K(1257472K), 0.0312390 secs] [Times: user=0.22 sys=0.01, real=0.03 secs] 
111.168: Total time for which application threads were stopped: 0.0314520 seconds, Stopping threads took: 0.0000960 seconds
111.326: Application time: 0.1577400 seconds
111.326: [GC [PSYoungGen: 524336K->48112K(514560K)] 1062013K->606013K(1205248K), 0.0292620 secs] [Times: user=0.22 sys=0.00, real=0.02 secs] 
111.355: Total time for which application threads were stopped: 0.0294580 seconds, Stopping threads took: 0.0000960 seconds
111.557: Application time: 0.2011790 seconds
111.557: [GC [PSYoungGen: 514544K->24416K(564224K)] 1072445K->628609K(1254912K), 0.0296000 secs] [Times: user=0.23 sys=0.00, real=0.03 secs] 
111.586: Total time for which application threads were stopped: 0.0297970 seconds, Stopping threads took: 0.0000910 seconds
111.777: Application time: 0.1906980 seconds
111.777: [GC [PSYoungGen: 492384K->68176K(562688K)] 1096577K->677008K(1253376K), 0.0310040 secs] [Times: user=0.24 sys=0.00, real=0.03 secs] 
111.808: [Full GC [PSYoungGen: 68176K->0K(562688K)] [ParOldGen: 608832K->76480K(707584K)] 677008K->76480K(1270272K) [PSPermGen: 8844K->8844K(21504K)], 0.0815680 secs] [Times: user=0.58 sys=0.00, real=0.08 secs] 
111.890: Total time for which application threads were stopped: 0.1128160 seconds, Stopping threads took: 0.0000690 seconds
112.056: Application time: 0.1656960 seconds
112.056: [GC [PSYoungGen: 467968K->17840K(568832K)] 544448K->94320K(1276416K), 0.0078170 secs] [Times: user=0.06 sys=0.00, real=0.01 secs] 
112.064: Total time for which application threads were stopped: 0.0080180 seconds, Stopping threads took: 0.0000970 seconds
112.276: Application time: 0.2123290 seconds
112.276: [GC [PSYoungGen: 487856K->61504K(531968K)] 564336K->150291K(1239552K), 0.0317220 secs] [Times: user=0.25 sys=0.00, real=0.04 secs] 
112.308: Total time for which application threads were stopped: 0.0319310 seconds, Stopping threads took: 0.0001000 seconds
112.460: Application time: 0.1516660 seconds
112.460: [GC [PSYoungGen: 531520K->34704K(571392K)] 620307K->159262K(1278976K), 0.0283570 secs] [Times: user=0.22 sys=0.00, real=0.03 secs] 
112.488: Total time for which application threads were stopped: 0.0285890 seconds, Stopping threads took: 0.0001140 seconds
112.700: Application time: 0.2121710 seconds
112.700: [GC [PSYoungGen: 506256K->40016K(512000K)] 630814K->195079K(1219584K), 0.0299140 secs] [Times: user=0.23 sys=0.00, real=0.03 secs] 
112.730: Total time for which application threads were stopped: 0.0301570 seconds, Stopping threads took: 0.0001400 seconds
112.913: Application time: 0.1825340 seconds
112.914: [GC [PSYoungGen: 511568K->64816K(559616K)] 666631K->236085K(1267200K), 0.0339630 secs] [Times: user=0.27 sys=0.00, real=0.04 secs] 
112.948: Total time for which application threads were stopped: 0.0354690 seconds, Stopping threads took: 0.0013890 seconds
113.122: Application time: 0.1737550 seconds
113.122: [GC [PSYoungGen: 533296K->18880K(562688K)] 704565K->241513K(1270272K), 0.0275530 secs] [Times: user=0.22 sys=0.00, real=0.03 secs] 
113.150: Total time for which application threads were stopped: 0.0277790 seconds, Stopping threads took: 0.0001080 seconds
113.359: Application time: 0.2090960 seconds
113.361: [GC [PSYoungGen: 487360K->65232K(566272K)] 709993K->293269K(1273856K), 0.0312860 secs] [Times: user=0.25 sys=0.00, real=0.03 secs] 
113.392: Total time for which application threads were stopped: 0.0327510 seconds, Stopping threads took: 0.0013550 seconds
113.544: Application time: 0.1522120 seconds
113.544: [GC [PSYoungGen: 537808K->20336K(569856K)] 765845K->301713K(1277440K), 0.0295300 secs] [Times: user=0.20 sys=0.00, real=0.03 secs] 
113.574: Total time for which application threads were stopped: 0.0297540 seconds, Stopping threads took: 0.0001190 seconds
113.788: Application time: 0.2143570 seconds
113.788: [GC [PSYoungGen: 492912K->51872K(564736K)] 774289K->351648K(1272320K), 0.0295880 secs] [Times: user=0.23 sys=0.01, real=0.03 secs] 
113.818: Total time for which application threads were stopped: 0.0297940 seconds, Stopping threads took: 0.0000890 seconds
113.996: Application time: 0.1777470 seconds
113.996: [GC [PSYoungGen: 525472K->61504K(567808K)] 825248K->376671K(1275392K), 0.0324810 secs] [Times: user=0.25 sys=0.01, real=0.04 secs] 
114.028: Total time for which application threads were stopped: 0.0327150 seconds, Stopping threads took: 0.0001220 seconds
114.211: Application time: 0.1828160 seconds
114.211: [GC [PSYoungGen: 535104K->16544K(571392K)] 850271K->387174K(1278976K), 0.0287260 secs] [Times: user=0.22 sys=0.00, real=0.03 secs] 
114.240: Total time for which application threads were stopped: 0.0289520 seconds, Stopping threads took: 0.0001160 seconds
114.448: Application time: 0.2077230 seconds
114.448: [GC [PSYoungGen: 491680K->68736K(544256K)] 862310K->440558K(1251840K), 0.0299180 secs] [Times: user=0.24 sys=0.00, real=0.03 secs] 
114.478: Total time for which application threads were stopped: 0.0301310 seconds, Stopping threads took: 0.0000950 seconds
114.633: Application time: 0.1550950 seconds
114.633: [GC [PSYoungGen: 543872K->19296K(567808K)] 915694K->453685K(1275392K), 0.0325400 secs] [Times: user=0.25 sys=0.00, real=0.04 secs] 
114.666: Total time for which application threads were stopped: 0.0327530 seconds, Stopping threads took: 0.0001060 seconds
114.879: Application time: 0.2128040 seconds
114.879: [GC [PSYoungGen: 486752K->53104K(520704K)] 921141K->504636K(1228288K), 0.0298830 secs] [Times: user=0.23 sys=0.00, real=0.03 secs] 
114.909: Total time for which application threads were stopped: 0.0300830 seconds, Stopping threads took: 0.0000900 seconds
115.076: Application time: 0.1672320 seconds
115.076: [GC [PSYoungGen: 520560K->54736K(565760K)] 972092K->528467K(1273344K), 0.0332060 secs] [Times: user=0.26 sys=0.00, real=0.04 secs] 
115.109: Total time for which application threads were stopped: 0.0334150 seconds, Stopping threads took: 0.0000960 seconds
115.300: Application time: 0.1908220 seconds
115.300: [GC [PSYoungGen: 523216K->19072K(564736K)] 996947K->544514K(1272320K), 0.0290030 secs] [Times: user=0.20 sys=0.00, real=0.03 secs] 
115.330: Total time for which application threads were stopped: 0.0292400 seconds, Stopping threads took: 0.0001290 seconds
115.526: Application time: 0.1969360 seconds
115.527: [GC [PSYoungGen: 487552K->69104K(561664K)] 1012994K->595378K(1269248K), 0.0303280 secs] [Times: user=0.24 sys=0.00, real=0.03 secs] 
115.557: Total time for which application threads were stopped: 0.0305460 seconds, Stopping threads took: 0.0001140 seconds
115.715: Application time: 0.1584090 seconds
115.716: [GC [PSYoungGen: 535536K->12928K(566784K)] 1061810K->596462K(1274368K), 0.0288650 secs] [Times: user=0.22 sys=0.00, real=0.04 secs] 
115.745: Total time for which application threads were stopped: 0.0290850 seconds, Stopping threads took: 0.0001040 seconds
115.958: Application time: 0.2133660 seconds
115.958: [GC [PSYoungGen: 479360K->58800K(565248K)] 1062894K->653993K(1272832K), 0.0300460 secs] [Times: user=0.24 sys=0.00, real=0.03 secs] 
115.988: Total time for which application threads were stopped: 0.0302400 seconds, Stopping threads took: 0.0000850 seconds
116.142: Application time: 0.1536000 seconds
116.142: [GC [PSYoungGen: 524208K->43664K(509440K)] 1119401K->659961K(1217024K), 0.0266540 secs] [Times: user=0.21 sys=0.00, real=0.03 secs] 
116.169: Total time for which application threads were stopped: 0.0268500 seconds, Stopping threads took: 0.0000940 seconds
116.372: Application time: 0.2033830 seconds
116.372: [GC [PSYoungGen: 509072K->29568K(564736K)] 1125369K->687069K(1272320K), 0.0286450 secs] [Times: user=0.21 sys=0.00, real=0.03 secs] 
116.401: [Full GC [PSYoungGen: 29568K->0K(564736K)] [ParOldGen: 657501K->77179K(720896K)] 687069K->77179K(1285632K) [PSPermGen: 8844K->8844K(21504K)], 0.0874350 secs] [Times: user=0.64 sys=0.00, real=0.09 secs] 
116.488: Total time for which application threads were stopped: 0.1163590 seconds, Stopping threads took: 0.0000990 seconds
116.674: Application time: 0.1860580 seconds
116.675: [GC [PSYoungGen: 469504K->66304K(561664K)] 546683K->143483K(1282560K), 0.0282260 secs] [Times: user=0.22 sys=0.00, real=0.03 secs] 
116.703: Total time for which application threads were stopped: 0.0284340 seconds, Stopping threads took: 0.0001010 seconds
116.873: Application time: 0.1697380 seconds
116.877: [GC [PSYoungGen: 535808K->17600K(571392K)] 612987K->144815K(1292288K), 0.0268330 secs] [Times: user=0.21 sys=0.00, real=0.02 secs] 
116.903: Total time for which application threads were stopped: 0.0308590 seconds, Stopping threads took: 0.0039040 seconds
117.116: Application time: 0.2130650 seconds
117.117: [GC [PSYoungGen: 492736K->62000K(537600K)] 619951K->197724K(1258496K), 0.0308670 secs] [Times: user=0.25 sys=0.00, real=0.03 secs] 
117.148: Total time for which application threads were stopped: 0.0310810 seconds, Stopping threads took: 0.0001080 seconds
117.303: Application time: 0.1551540 seconds
117.303: [GC [PSYoungGen: 537136K->32416K(572928K)] 672860K->210304K(1293824K), 0.0301730 secs] [Times: user=0.24 sys=0.00, real=0.03 secs] 
117.333: Total time for which application threads were stopped: 0.0303690 seconds, Stopping threads took: 0.0000910 seconds
117.544: Application time: 0.2113040 seconds
117.545: [GC [PSYoungGen: 507552K->41648K(517120K)] 685440K->248365K(1238016K), 0.0298860 secs] [Times: user=0.23 sys=0.00, real=0.02 secs] 
117.575: Total time for which application threads were stopped: 0.0301240 seconds, Stopping threads took: 0.0001190 seconds
117.758: Application time: 0.1838710 seconds
117.759: [GC [PSYoungGen: 516784K->64192K(560640K)] 723501K->290572K(1281536K), 0.0349660 secs] [Times: user=0.28 sys=0.00, real=0.03 secs] 
117.794: Total time for which application threads were stopped: 0.0351640 seconds, Stopping threads took: 0.0000940 seconds
117.968: Application time: 0.1746000 seconds
117.968: [GC [PSYoungGen: 535744K->17568K(564224K)] 762124K->297111K(1285120K), 0.0279190 secs] [Times: user=0.22 sys=0.01, real=0.02 secs] 
117.996: Total time for which application threads were stopped: 0.0281420 seconds, Stopping threads took: 0.0001130 seconds
118.205: Application time: 0.2082610 seconds
118.205: [GC [PSYoungGen: 489120K->64960K(567296K)] 768663K->350235K(1288192K), 0.0302380 secs] [Times: user=0.24 sys=0.00, real=0.02 secs] 
118.235: Total time for which application threads were stopped: 0.0304490 seconds, Stopping threads took: 0.0000870 seconds
118.389: Application time: 0.1537950 seconds
118.389: [GC [PSYoungGen: 539584K->24080K(570880K)] 824859K->368159K(1291776K), 0.0332770 secs] [Times: user=0.26 sys=0.00, real=0.03 secs] 
118.422: Total time for which application threads were stopped: 0.0334860 seconds, Stopping threads took: 0.0001050 seconds
118.636: Application time: 0.2135240 seconds
118.636: [GC [PSYoungGen: 498704K->48192K(563200K)] 842783K->414369K(1284096K), 0.0295370 secs] [Times: user=0.24 sys=0.00, real=0.04 secs] 
118.666: Total time for which application threads were stopped: 0.0297620 seconds, Stopping threads took: 0.0001200 seconds
118.846: Application time: 0.1800520 seconds
118.846: [GC [PSYoungGen: 524864K->59376K(567808K)] 891041K->444168K(1288704K), 0.0341380 secs] [Times: user=0.26 sys=0.00, real=0.03 secs] 
118.880: Total time for which application threads were stopped: 0.0343510 seconds, Stopping threads took: 0.0000950 seconds
119.063: Application time: 0.1827530 seconds
119.063: [GC [PSYoungGen: 536048K->16272K(574464K)] 920840K->456643K(1295360K), 0.0285740 secs] [Times: user=0.23 sys=0.00, real=0.03 secs] 
119.092: Total time for which application threads were stopped: 0.0287900 seconds, Stopping threads took: 0.0001080 seconds
119.304: Application time: 0.2120390 seconds
119.304: [GC [PSYoungGen: 498064K->68752K(550912K)] 938435K->510951K(1271808K), 0.0303550 secs] [Times: user=0.24 sys=0.00, real=0.03 secs] 
119.334: Total time for which application threads were stopped: 0.0305470 seconds, Stopping threads took: 0.0000870 seconds
119.491: Application time: 0.1567440 seconds
119.491: [GC [PSYoungGen: 550544K->24112K(571392K)] 992743K->529074K(1292288K), 0.0351200 secs] [Times: user=0.28 sys=0.00, real=0.04 secs] 
119.526: Total time for which application threads were stopped: 0.0353400 seconds, Stopping threads took: 0.0001040 seconds
119.740: Application time: 0.2140550 seconds
119.740: [GC [PSYoungGen: 497712K->48112K(521728K)] 1002674K->575236K(1242624K), 0.0306480 secs] [Times: user=0.24 sys=0.00, real=0.03 secs] 
119.771: Total time for which application threads were stopped: 0.0308810 seconds, Stopping threads took: 0.0001270 seconds
119.950: Application time: 0.1792610 seconds
119.951: [GC [PSYoungGen: 521712K->59872K(565248K)] 1048836K->610682K(1286144K), 0.0354090 secs] [Times: user=0.28 sys=0.00, real=0.04 secs] 
119.986: Total time for which application threads were stopped: 0.0356100 seconds, Stopping threads took: 0.0000980 seconds
120.168: Application time: 0.1816290 seconds
120.169: [GC [PSYoungGen: 532448K->15616K(566272K)] 1083258K->621657K(1287168K), 0.0287240 secs] [Times: user=0.22 sys=0.00, real=0.03 secs] 
120.197: Total time for which application threads were stopped: 0.0296100 seconds, Stopping threads took: 0.0007680 seconds
120.404: Application time: 0.2071350 seconds
120.405: [GC [PSYoungGen: 488192K->69664K(563200K)] 1094233K->676089K(1284096K), 0.0305730 secs] [Times: user=0.24 sys=0.00, real=0.02 secs] 
120.435: Total time for which application threads were stopped: 0.0307730 seconds, Stopping threads took: 0.0000970 seconds
120.590: Application time: 0.1543110 seconds
120.590: [GC [PSYoungGen: 539168K->17872K(568320K)] 1145593K->676038K(1289216K), 0.0286530 secs] [Times: user=0.22 sys=0.00, real=0.03 secs] 
120.618: [Full GC [PSYoungGen: 17872K->0K(568320K)] [ParOldGen: 658166K->76095K(740864K)] 676038K->76095K(1309184K) [PSPermGen: 8844K->8844K(21504K)], 0.0837790 secs] [Times: user=0.60 sys=0.00, real=0.08 secs] 
120.702: Total time for which application threads were stopped: 0.1126850 seconds, Stopping threads took: 0.0000920 seconds
120.915: Application time: 0.2127600 seconds
120.915: [GC [PSYoungGen: 469504K->53472K(564736K)] 545599K->129567K(1305600K), 0.0236350 secs] [Times: user=0.16 sys=0.00, real=0.03 secs] 
120.939: Total time for which application threads were stopped: 0.0238610 seconds, Stopping threads took: 0.0001060 seconds
121.107: Application time: 0.1678670 seconds
121.107: [GC [PSYoungGen: 523488K->55824K(566784K)] 599583K->147631K(1307648K), 0.0302750 secs] [Times: user=0.23 sys=0.00, real=0.03 secs] 
121.137: Total time for which application threads were stopped: 0.0304820 seconds, Stopping threads took: 0.0001050 seconds
121.328: Application time: 0.1908520 seconds
121.328: [GC [PSYoungGen: 525840K->17888K(568832K)] 617647K->162618K(1309696K), 0.0278490 secs] [Times: user=0.22 sys=0.00, real=0.02 secs] 
121.356: Total time for which application threads were stopped: 0.0280800 seconds, Stopping threads took: 0.0001250 seconds
121.556: Application time: 0.2002400 seconds
121.557: [GC [PSYoungGen: 492000K->68672K(543232K)] 636730K->213778K(1284096K), 0.0301580 secs] [Times: user=0.24 sys=0.00, real=0.03 secs] 
121.587: Total time for which application threads were stopped: 0.0303930 seconds, Stopping threads took: 0.0001170 seconds
121.747: Application time: 0.1598640 seconds
121.749: [GC [PSYoungGen: 542784K->17328K(567808K)] 687890K->218986K(1308672K), 0.0291000 secs] [Times: user=0.23 sys=0.00, real=0.03 secs] 
121.778: Total time for which application threads were stopped: 0.0310510 seconds, Stopping threads took: 0.0018410 seconds
121.991: Application time: 0.2135720 seconds
121.991: [GC [PSYoungGen: 484784K->55584K(523264K)] 686442K->272777K(1264128K), 0.0298480 secs] [Times: user=0.23 sys=0.00, real=0.03 secs] 
122.021: Total time for which application threads were stopped: 0.0300700 seconds, Stopping threads took: 0.0001160 seconds
122.179: Application time: 0.1574960 seconds
122.179: [GC [PSYoungGen: 523040K->48672K(569856K)] 740233K->287184K(1310720K), 0.0295480 secs] [Times: user=0.24 sys=0.00, real=0.03 secs] 
122.209: Total time for which application threads were stopped: 0.0297650 seconds, Stopping threads took: 0.0001000 seconds
122.410: Application time: 0.2011230 seconds
122.410: [GC [PSYoungGen: 519712K->26176K(566272K)] 758224K->309204K(1307136K), 0.0289150 secs] [Times: user=0.23 sys=0.00, real=0.03 secs] 
122.439: Total time for which application threads were stopped: 0.0291240 seconds, Stopping threads took: 0.0001040 seconds
122.632: Application time: 0.1927690 seconds
122.632: [GC [PSYoungGen: 497216K->68672K(561664K)] 780244K->357043K(1302528K), 0.0316020 secs] [Times: user=0.24 sys=0.00, real=0.03 secs] 
122.663: Total time for which application threads were stopped: 0.0318270 seconds, Stopping threads took: 0.0001150 seconds
122.827: Application time: 0.1640550 seconds
122.828: [GC [PSYoungGen: 537152K->14128K(566272K)] 825523K->356204K(1307136K), 0.0268550 secs] [Times: user=0.21 sys=0.00, real=0.02 secs] 
122.855: Total time for which application threads were stopped: 0.0270510 seconds, Stopping threads took: 0.0000800 seconds
123.067: Application time: 0.2126110 seconds
123.067: [GC [PSYoungGen: 482608K->61776K(565248K)] 824684K->412495K(1306112K), 0.0302360 secs] [Times: user=0.23 sys=0.00, real=0.03 secs] 
123.098: Total time for which application threads were stopped: 0.0304680 seconds, Stopping threads took: 0.0001100 seconds
123.250: Application time: 0.1528350 seconds
123.251: [GC [PSYoungGen: 529232K->35280K(502784K)] 879951K->422937K(1243648K), 0.0299090 secs] [Times: user=0.23 sys=0.00, real=0.03 secs] 
123.281: Total time for which application threads were stopped: 0.0301170 seconds, Stopping threads took: 0.0001040 seconds
123.489: Application time: 0.2083180 seconds
123.489: [GC [PSYoungGen: 502736K->37472K(568832K)] 890393K->458085K(1309696K), 0.0293510 secs] [Times: user=0.23 sys=0.00, real=0.03 secs] 
123.518: Total time for which application threads were stopped: 0.0295800 seconds, Stopping threads took: 0.0001100 seconds
123.704: Application time: 0.1855010 seconds
123.704: [GC [PSYoungGen: 511072K->65344K(564736K)] 931685K->493701K(1305600K), 0.0322660 secs] [Times: user=0.25 sys=0.00, real=0.04 secs] 
123.736: Total time for which application threads were stopped: 0.0324920 seconds, Stopping threads took: 0.0001190 seconds
123.911: Application time: 0.1745420 seconds
123.911: [GC [PSYoungGen: 538944K->16432K(572416K)] 967301K->497789K(1313280K), 0.0282660 secs] [Times: user=0.21 sys=0.00, real=0.03 secs] 
123.940: Total time for which application threads were stopped: 0.0284830 seconds, Stopping threads took: 0.0001070 seconds
124.151: Application time: 0.2118990 seconds
124.153: [GC [PSYoungGen: 494128K->65504K(543232K)] 975485K->551261K(1284096K), 0.0304630 secs] [Times: user=0.23 sys=0.00, real=0.03 secs] 
124.183: Total time for which application threads were stopped: 0.0316090 seconds, Stopping threads took: 0.0010280 seconds
124.338: Application time: 0.1554490 seconds
124.339: [GC [PSYoungGen: 543200K->33120K(572416K)] 1028957K->559571K(1313280K), 0.0302050 secs] [Times: user=0.24 sys=0.00, real=0.03 secs] 
124.369: Total time for which application threads were stopped: 0.0304350 seconds, Stopping threads took: 0.0001260 seconds
124.581: Application time: 0.2116480 seconds
124.581: [GC [PSYoungGen: 507232K->39856K(514048K)] 1033683K->596895K(1254912K), 0.0298900 secs] [Times: user=0.24 sys=0.00, real=0.03 secs] 
124.611: Total time for which application threads were stopped: 0.0301060 seconds, Stopping threads took: 0.0001110 seconds
124.793: Application time: 0.1826630 seconds
124.793: [GC [PSYoungGen: 513968K->65248K(560640K)] 1071007K->632391K(1301504K), 0.0321680 secs] [Times: user=0.25 sys=0.00, real=0.04 secs] 
124.826: Total time for which application threads were stopped: 0.0323700 seconds, Stopping threads took: 0.0000790 seconds
125.002: Application time: 0.1758780 seconds
125.002: [GC [PSYoungGen: 535776K->14352K(564224K)] 1102919K->639738K(1305088K), 0.0292450 secs] [Times: user=0.23 sys=0.00, real=0.03 secs] 
125.031: Total time for which application threads were stopped: 0.0294650 seconds, Stopping threads took: 0.0001080 seconds
125.240: Application time: 0.2090830 seconds
125.240: [GC [PSYoungGen: 484880K->68176K(564736K)] 1110266K->695982K(1305600K), 0.0306910 secs] [Times: user=0.24 sys=0.00, real=0.03 secs] 
125.271: Total time for which application threads were stopped: 0.0309000 seconds, Stopping threads took: 0.0001010 seconds
125.424: Application time: 0.1528450 seconds
125.424: [GC [PSYoungGen: 538704K->28368K(568832K)] 1166510K->706411K(1309696K), 0.0310280 secs] [Times: user=0.23 sys=0.01, real=0.03 secs] 
125.455: [Full GC [PSYoungGen: 28368K->0K(568832K)] [ParOldGen: 678043K->75124K(749568K)] 706411K->75124K(1318400K) [PSPermGen: 8844K->8844K(21504K)], 0.0787670 secs] [Times: user=0.56 sys=0.00, real=0.08 secs] 
125.534: Total time for which application threads were stopped: 0.1100990 seconds, Stopping threads took: 0.0001180 seconds
125.747: Application time: 0.2127730 seconds
125.747: [GC [PSYoungGen: 470528K->44608K(558080K)] 545652K->119732K(1307648K), 0.0195610 secs] [Times: user=0.16 sys=0.00, real=0.02 secs] 
125.767: Total time for which application threads were stopped: 0.0197740 seconds, Stopping threads took: 0.0001050 seconds
125.941: Application time: 0.1745500 seconds
125.941: [GC [PSYoungGen: 517696K->57648K(564224K)] 592820K->154866K(1313792K), 0.0330530 secs] [Times: user=0.26 sys=0.00, real=0.03 secs] 
125.974: Total time for which application threads were stopped: 0.0332570 seconds, Stopping threads took: 0.0000870 seconds
126.160: Application time: 0.1853670 seconds
126.160: [GC [PSYoungGen: 530736K->15488K(574464K)] 627954K->168013K(1324032K), 0.0277960 secs] [Times: user=0.22 sys=0.00, real=0.03 secs] 
126.188: Total time for which application threads were stopped: 0.0280240 seconds, Stopping threads took: 0.0001180 seconds
126.398: Application time: 0.2098330 seconds
126.401: [GC [PSYoungGen: 498304K->69824K(552960K)] 650829K->222677K(1302528K), 0.0299870 secs] [Times: user=0.24 sys=0.00, real=0.03 secs] 
126.431: Total time for which application threads were stopped: 0.0329510 seconds, Stopping threads took: 0.0028540 seconds
126.587: Application time: 0.1563640 seconds
126.587: [GC [PSYoungGen: 552640K->23968K(571392K)] 705493K->228434K(1320960K), 0.0294310 secs] [Times: user=0.22 sys=0.00, real=0.03 secs] 
126.617: Total time for which application threads were stopped: 0.0296800 seconds, Stopping threads took: 0.0001270 seconds
126.833: Application time: 0.2164530 seconds
126.833: [GC [PSYoungGen: 498080K->48832K(523264K)] 702546K->274820K(1272832K), 0.0300230 secs] [Times: user=0.24 sys=0.00, real=0.03 secs] 
126.863: Total time for which application threads were stopped: 0.0302550 seconds, Stopping threads took: 0.0001230 seconds
127.037: Application time: 0.1741120 seconds
127.038: [GC [PSYoungGen: 522944K->58160K(566272K)] 748932K->310554K(1315840K), 0.0348700 secs] [Times: user=0.27 sys=0.01, real=0.03 secs] 
127.072: Total time for which application threads were stopped: 0.0350680 seconds, Stopping threads took: 0.0000900 seconds
127.260: Application time: 0.1874460 seconds
127.260: [GC [PSYoungGen: 531760K->17504K(566784K)] 784154K->323189K(1316352K), 0.0282420 secs] [Times: user=0.21 sys=0.01, real=0.03 secs] 
127.288: Total time for which application threads were stopped: 0.0284980 seconds, Stopping threads took: 0.0001260 seconds
127.495: Application time: 0.2067470 seconds
127.497: [GC [PSYoungGen: 491104K->69792K(563712K)] 796789K->377821K(1313280K), 0.0311240 secs] [Times: user=0.24 sys=0.00, real=0.03 secs] 
127.528: Total time for which application threads were stopped: 0.0325370 seconds, Stopping threads took: 0.0013060 seconds
127.679: Application time: 0.1516370 seconds
127.680: [GC [PSYoungGen: 540320K->18128K(568832K)] 848349K->383730K(1318400K), 0.0299350 secs] [Times: user=0.24 sys=0.00, real=0.03 secs] 
127.710: Total time for which application threads were stopped: 0.0301650 seconds, Stopping threads took: 0.0001190 seconds
127.925: Application time: 0.2151550 seconds
127.925: [GC [PSYoungGen: 488656K->54400K(566272K)] 854258K->435860K(1315840K), 0.0300510 secs] [Times: user=0.24 sys=0.00, real=0.02 secs] 
127.955: Total time for which application threads were stopped: 0.0302720 seconds, Stopping threads took: 0.0001000 seconds
128.120: Application time: 0.1645670 seconds
128.120: [GC [PSYoungGen: 525440K->56416K(567808K)] 906900K->460459K(1317376K), 0.0339600 secs] [Times: user=0.27 sys=0.00, real=0.03 secs] 
128.154: Total time for which application threads were stopped: 0.0341560 seconds, Stopping threads took: 0.0000890 seconds
128.347: Application time: 0.1930320 seconds
128.347: [GC [PSYoungGen: 527456K->21568K(566784K)] 931499K->474766K(1316352K), 0.0287490 secs] [Times: user=0.20 sys=0.00, real=0.02 secs] 
128.376: Total time for which application threads were stopped: 0.0289520 seconds, Stopping threads took: 0.0000930 seconds
128.574: Application time: 0.1984760 seconds
128.574: [GC [PSYoungGen: 495680K->69616K(543744K)] 948878K->524294K(1293312K), 0.0316570 secs] [Times: user=0.24 sys=0.00, real=0.04 secs] 
128.606: Total time for which application threads were stopped: 0.0318740 seconds, Stopping threads took: 0.0000950 seconds
128.766: Application time: 0.1595200 seconds
128.766: [GC [PSYoungGen: 543728K->15584K(567808K)] 998406K->524666K(1317376K), 0.0278450 secs] [Times: user=0.22 sys=0.00, real=0.02 secs] 
128.794: Total time for which application threads were stopped: 0.0280780 seconds, Stopping threads took: 0.0001210 seconds
129.007: Application time: 0.2132880 seconds
129.007: [GC [PSYoungGen: 483552K->58992K(567296K)] 992634K->580597K(1316864K), 0.0308420 secs] [Times: user=0.24 sys=0.00, real=0.03 secs] 
129.038: Total time for which application threads were stopped: 0.0310600 seconds, Stopping threads took: 0.0001090 seconds
129.196: Application time: 0.1577790 seconds
129.196: [GC [PSYoungGen: 526960K->42752K(558080K)] 1048565K->597612K(1307648K), 0.0320830 secs] [Times: user=0.25 sys=0.00, real=0.04 secs] 
129.228: Total time for which application threads were stopped: 0.0323130 seconds, Stopping threads took: 0.0001090 seconds
129.430: Application time: 0.2017860 seconds
129.430: [GC [PSYoungGen: 510720K->30496K(562688K)] 1065580K->625476K(1312256K), 0.0299150 secs] [Times: user=0.24 sys=0.00, real=0.03 secs] 
129.460: Total time for which application threads were stopped: 0.0301260 seconds, Stopping threads took: 0.0001010 seconds
129.650: Application time: 0.1897630 seconds
129.650: [GC [PSYoungGen: 498464K->66400K(567296K)] 1093444K->674555K(1316864K), 0.0339000 secs] [Times: user=0.27 sys=0.00, real=0.03 secs] 
129.684: Total time for which application threads were stopped: 0.0341280 seconds, Stopping threads took: 0.0001170 seconds
129.853: Application time: 0.1688410 seconds
129.853: [GC [PSYoungGen: 542048K->15056K(571392K)] 1150203K->674851K(1320960K), 0.0267300 secs] [Times: user=0.21 sys=0.00, real=0.03 secs] 
129.880: Total time for which application threads were stopped: 0.0269570 seconds, Stopping threads took: 0.0001060 seconds
130.094: Application time: 0.2145900 seconds
130.094: [GC [PSYoungGen: 490704K->63216K(566272K)] 1150499K->731167K(1315840K), 0.0309420 secs] [Times: user=0.24 sys=0.00, real=0.04 secs] 
130.125: Total time for which application threads were stopped: 0.0311320 seconds, Stopping threads took: 0.0000810 seconds
130.280: Application time: 0.1545470 seconds
130.280: [GC [PSYoungGen: 533744K->37008K(507904K)] 1201695K->742561K(1257472K), 0.0306650 secs] [Times: user=0.22 sys=0.01, real=0.03 secs] 
130.311: [Full GC [PSYoungGen: 37008K->0K(507904K)] [ParOldGen: 705553K->76413K(758272K)] 742561K->76413K(1266176K) [PSPermGen: 8844K->8844K(21504K)], 0.0835260 secs] [Times: user=0.60 sys=0.00, real=0.08 secs] 
130.394: Total time for which application threads were stopped: 0.1144600 seconds, Stopping threads took: 0.0000910 seconds
130.602: Application time: 0.2078950 seconds
130.603: [GC [PSYoungGen: 470528K->36624K(571392K)] 546941K->113037K(1329664K), 0.0158900 secs] [Times: user=0.12 sys=0.00, real=0.02 secs] 
130.618: Total time for which application threads were stopped: 0.0161220 seconds, Stopping threads took: 0.0001110 seconds
130.805: Application time: 0.1869220 seconds
130.806: [GC [PSYoungGen: 513808K->66256K(567296K)] 590221K->149405K(1325568K), 0.0306020 secs] [Times: user=0.24 sys=0.00, real=0.02 secs] 
130.836: Total time for which application threads were stopped: 0.0307970 seconds, Stopping threads took: 0.0000850 seconds
131.010: Application time: 0.1737230 seconds
131.010: [GC [PSYoungGen: 543440K->14896K(572928K)] 626589K->152996K(1331200K), 0.0273100 secs] [Times: user=0.21 sys=0.00, real=0.03 secs] 
131.037: Total time for which application threads were stopped: 0.0275300 seconds, Stopping threads took: 0.0001090 seconds
131.251: Application time: 0.2139820 seconds
131.252: [GC [PSYoungGen: 493616K->65536K(544768K)] 631716K->209432K(1303040K), 0.0308540 secs] [Times: user=0.25 sys=0.00, real=0.03 secs] 
131.283: Total time for which application threads were stopped: 0.0310910 seconds, Stopping threads took: 0.0001200 seconds
131.440: Application time: 0.1572940 seconds
131.440: [GC [PSYoungGen: 544256K->34848K(572928K)] 688152K->219634K(1331200K), 0.0305640 secs] [Times: user=0.24 sys=0.00, real=0.03 secs] 
131.471: Total time for which application threads were stopped: 0.0308060 seconds, Stopping threads took: 0.0001320 seconds
131.681: Application time: 0.2107250 seconds
131.682: [GC [PSYoungGen: 509984K->37472K(513024K)] 694770K->255247K(1271296K), 0.0287870 secs] [Times: user=0.23 sys=0.00, real=0.03 secs] 
131.710: Total time for which application threads were stopped: 0.0289950 seconds, Stopping threads took: 0.0000940 seconds
131.896: Application time: 0.1854760 seconds
131.896: [GC [PSYoungGen: 512608K->64800K(561664K)] 730383K->290270K(1319936K), 0.0316470 secs] [Times: user=0.24 sys=0.00, real=0.04 secs] 
131.928: Total time for which application threads were stopped: 0.0318770 seconds, Stopping threads took: 0.0001060 seconds
132.101: Application time: 0.1728490 seconds
132.101: [GC [PSYoungGen: 536352K->12320K(565248K)] 761822K->299361K(1323520K), 0.0291450 secs] [Times: user=0.22 sys=0.00, real=0.03 secs] 
132.130: Total time for which application threads were stopped: 0.0293830 seconds, Stopping threads took: 0.0001220 seconds
132.341: Application time: 0.2109260 seconds
132.341: [GC [PSYoungGen: 483872K->67360K(564736K)] 770913K->357821K(1323008K), 0.0313050 secs] [Times: user=0.25 sys=0.00, real=0.03 secs] 
132.372: Total time for which application threads were stopped: 0.0315190 seconds, Stopping threads took: 0.0000950 seconds
132.525: Application time: 0.1529240 seconds
132.525: [GC [PSYoungGen: 537888K->28416K(568832K)] 828349K->362315K(1327104K), 0.0293230 secs] [Times: user=0.23 sys=0.00, real=0.02 secs] 
132.555: Total time for which application threads were stopped: 0.0295470 seconds, Stopping threads took: 0.0001050 seconds
132.768: Application time: 0.2127080 seconds
132.768: [GC [PSYoungGen: 498944K->43328K(557056K)] 832843K->404291K(1315328K), 0.0297890 secs] [Times: user=0.22 sys=0.00, real=0.03 secs] 
132.798: Total time for which application threads were stopped: 0.0300110 seconds, Stopping threads took: 0.0001110 seconds
132.977: Application time: 0.1789530 seconds
132.977: [GC [PSYoungGen: 516416K->62128K(563712K)] 877379K->440259K(1321984K), 0.0343010 secs] [Times: user=0.27 sys=0.00, real=0.03 secs] 
133.011: Total time for which application threads were stopped: 0.0345260 seconds, Stopping threads took: 0.0001130 seconds
133.192: Application time: 0.1806250 seconds
133.192: [GC [PSYoungGen: 535216K->14432K(572928K)] 913347K->448970K(1331200K), 0.0280030 secs] [Times: user=0.20 sys=0.00, real=0.03 secs] 
133.220: Total time for which application threads were stopped: 0.0282500 seconds, Stopping threads took: 0.0001220 seconds
133.431: Application time: 0.2113090 seconds
133.431: [GC [PSYoungGen: 494176K->69840K(549888K)] 928714K->504434K(1308160K), 0.0307040 secs] [Times: user=0.24 sys=0.00, real=0.03 secs] 
133.462: Total time for which application threads were stopped: 0.0309180 seconds, Stopping threads took: 0.0000980 seconds
133.618: Application time: 0.1557680 seconds
133.618: [GC [PSYoungGen: 549584K->25760K(570368K)] 984178K->500232K(1328640K), 0.0262670 secs] [Times: user=0.20 sys=0.01, real=0.03 secs] 
133.644: Total time for which application threads were stopped: 0.0264750 seconds, Stopping threads took: 0.0000870 seconds
133.859: Application time: 0.2145560 seconds
133.859: [GC [PSYoungGen: 497312K->46448K(518144K)] 971784K->544806K(1276416K), 0.0299910 secs] [Times: user=0.23 sys=0.00, real=0.03 secs] 
133.889: Total time for which application threads were stopped: 0.0302200 seconds, Stopping threads took: 0.0001060 seconds
134.064: Application time: 0.1746990 seconds
134.064: [GC [PSYoungGen: 518000K->58032K(563712K)] 1016358K->574421K(1321984K), 0.0333930 secs] [Times: user=0.25 sys=0.00, real=0.04 secs] 
134.098: Total time for which application threads were stopped: 0.0336160 seconds, Stopping threads took: 0.0001140 seconds
134.282: Application time: 0.1839980 seconds
134.282: [GC [PSYoungGen: 529072K->15808K(564224K)] 1045461K->587196K(1322496K), 0.0286800 secs] [Times: user=0.22 sys=0.00, real=0.03 secs] 
134.310: Total time for which application threads were stopped: 0.0289120 seconds, Stopping threads took: 0.0001160 seconds
134.516: Application time: 0.2054780 seconds
134.516: [GC [PSYoungGen: 486848K->69600K(563712K)] 1058236K->642516K(1321984K), 0.0311780 secs] [Times: user=0.24 sys=0.00, real=0.04 secs] 
134.547: Total time for which application threads were stopped: 0.0314070 seconds, Stopping threads took: 0.0001000 seconds
134.699: Application time: 0.1518930 seconds
134.699: [GC [PSYoungGen: 540128K->15728K(568832K)] 1113044K->646256K(1327104K), 0.0295160 secs] [Times: user=0.24 sys=0.00, real=0.03 secs] 
134.729: Total time for which application threads were stopped: 0.0297340 seconds, Stopping threads took: 0.0001070 seconds
134.945: Application time: 0.2158690 seconds
134.945: [GC [PSYoungGen: 486256K->56320K(568320K)] 1116784K->700627K(1326592K), 0.0301200 secs] [Times: user=0.22 sys=0.00, real=0.02 secs] 
134.975: Total time for which application threads were stopped: 0.0303290 seconds, Stopping threads took: 0.0000940 seconds
135.106: Application time: 0.1311260 seconds
135.106: Total time for which application threads were stopped: 0.0001730 seconds, Stopping threads took: 0.0001120 seconds
135.143: Application time: 0.0360770 seconds
135.143: [GC [PSYoungGen: 527360K->50784K(522240K)] 1171667K->718794K(1280512K), 0.0324300 secs] [Times: user=0.26 sys=0.00, real=0.03 secs] 
135.175: Total time for which application threads were stopped: 0.0326450 seconds, Stopping threads took: 0.0001050 seconds
135.299: Application time: 0.1237210 seconds
135.299: Total time for which application threads were stopped: 0.0001300 seconds, Stopping threads took: 0.0000800 seconds
135.364: Application time: 0.0652240 seconds
135.364: [GC [PSYoungGen: 521824K->17728K(567808K)] 1189834K->729937K(1326080K), 0.0253190 secs] [Times: user=0.19 sys=0.00, real=0.02 secs] 
135.390: [Full GC [PSYoungGen: 17728K->0K(567808K)] [ParOldGen: 712209K->77147K(774144K)] 729937K->77147K(1341952K) [PSPermGen: 8844K->8844K(21504K)], 0.0852750 secs] [Times: user=0.61 sys=0.00, real=0.08 secs] 
135.475: Total time for which application threads were stopped: 0.1108900 seconds, Stopping threads took: 0.0001140 seconds
135.491: Application time: 0.0154810 seconds
135.491: Total time for which application threads were stopped: 0.0000970 seconds, Stopping threads took: 0.0000510 seconds
135.492: Application time: 0.0011090 seconds
135.492: Total time for which application threads were stopped: 0.0000410 seconds, Stopping threads took: 0.0000250 seconds
135.521: Application time: 0.0293700 seconds
135.521: Total time for which application threads were stopped: 0.0000800 seconds, Stopping threads took: 0.0000310 seconds
135.566: Application time: 0.0446770 seconds
135.566: Total time for which application threads were stopped: 0.0000750 seconds, Stopping threads took: 0.0000150 seconds
135.572: Application time: 0.0063590 seconds
135.573: Total time for which application threads were stopped: 0.0000910 seconds, Stopping threads took: 0.0000240 seconds
135.582: Application time: 0.0093700 seconds
135.582: Total time for which application threads were stopped: 0.0001550 seconds, Stopping threads took: 0.0000950 seconds
135.585: Application time: 0.0033670 seconds
135.586: Total time for which application threads were stopped: 0.0001290 seconds, Stopping threads took: 0.0000660 seconds
135.586: Application time: 0.0000640 seconds
135.586: Total time for which application threads were stopped: 0.0000710 seconds, Stopping threads took: 0.0000400 seconds
135.586: Application time: 0.0000460 seconds
135.586: Total time for which application threads were stopped: 0.0000410 seconds, Stopping threads took: 0.0000170 seconds
135.586: Application time: 0.0000660 seconds
135.586: Total time for which application threads were stopped: 0.0000680 seconds, Stopping threads took: 0.0000470 seconds
135.586: Application time: 0.0000200 seconds
135.586: Total time for which application threads were stopped: 0.0000370 seconds, Stopping threads took: 0.0000200 seconds
135.586: Application time: 0.0000310 seconds
135.586: Total time for which application threads were stopped: 0.0000580 seconds, Stopping threads took: 0.0000230 seconds
135.586: Application time: 0.0000210 seconds
135.586: Total time for which application threads were stopped: 0.0000700 seconds, Stopping threads took: 0.0000240 seconds
135.586: Application time: 0.0000220 seconds
135.586: Total time for which application threads were stopped: 0.0000390 seconds, Stopping threads took: 0.0000200 seconds
135.586: Application time: 0.0000330 seconds
135.586: Total time for which application threads were stopped: 0.0000520 seconds, Stopping threads took: 0.0000180 seconds
135.586: Application time: 0.0000260 seconds
135.586: Total time for which application threads were stopped: 0.0000600 seconds, Stopping threads took: 0.0000390 seconds
135.586: Application time: 0.0000340 seconds
135.587: Total time for which application threads were stopped: 0.0000540 seconds, Stopping threads took: 0.0000370 seconds
135.592: Application time: 0.0053770 seconds
135.592: Total time for which application threads were stopped: 0.0001380 seconds, Stopping threads took: 0.0000800 seconds
135.592: Application time: 0.0000810 seconds
135.592: Total time for which application threads were stopped: 0.0000690 seconds, Stopping threads took: 0.0000430 seconds
135.592: Application time: 0.0000300 seconds
135.592: Total time for which application threads were stopped: 0.0000570 seconds, Stopping threads took: 0.0000340 seconds
135.596: Application time: 0.0033150 seconds
135.596: Total time for which application threads were stopped: 0.0001110 seconds, Stopping threads took: 0.0000760 seconds
135.596: Application time: 0.0000740 seconds
135.596: Total time for which application threads were stopped: 0.0000490 seconds, Stopping threads took: 0.0000390 seconds
135.596: Application time: 0.0000320 seconds
135.596: Total time for which application threads were stopped: 0.0000390 seconds, Stopping threads took: 0.0000310 seconds
135.641: Application time: 0.0453000 seconds
135.641: Total time for which application threads were stopped: 0.0001340 seconds, Stopping threads took: 0.0000640 seconds
135.641: Application time: 0.0000670 seconds
135.642: Total time for which application threads were stopped: 0.0000650 seconds, Stopping threads took: 0.0000390 seconds
135.642: Application time: 0.0000450 seconds
135.642: Total time for which application threads were stopped: 0.0000700 seconds, Stopping threads took: 0.0000430 seconds
135.642: Application time: 0.0007470 seconds
135.644: Total time for which application threads were stopped: 0.0020810 seconds, Stopping threads took: 0.0020680 seconds
135.645: Application time: 0.0000530 seconds
135.649: Total time for which application threads were stopped: 0.0040250 seconds, Stopping threads took: 0.0039310 seconds
135.649: Application time: 0.0000300 seconds
135.649: Total time for which application threads were stopped: 0.0000280 seconds, Stopping threads took: 0.0000190 seconds
135.649: Application time: 0.0001680 seconds
135.649: Total time for which application threads were stopped: 0.0000540 seconds, Stopping threads took: 0.0000340 seconds
135.650: Application time: 0.0007710 seconds
135.651: Total time for which application threads were stopped: 0.0016910 seconds, Stopping threads took: 0.0016700 seconds
135.651: Application time: 0.0001040 seconds
135.651: Total time for which application threads were stopped: 0.0000750 seconds, Stopping threads took: 0.0000530 seconds
135.652: Application time: 0.0000520 seconds
135.652: Total time for which application threads were stopped: 0.0000530 seconds, Stopping threads took: 0.0000290 seconds
135.656: Application time: 0.0043130 seconds
135.656: Total time for which application threads were stopped: 0.0001160 seconds, Stopping threads took: 0.0000690 seconds
135.658: Application time: 0.0024990 seconds
135.659: Total time for which application threads were stopped: 0.0000980 seconds, Stopping threads took: 0.0000630 seconds
135.681: Application time: 0.0226880 seconds
135.681: Total time for which application threads were stopped: 0.0001440 seconds, Stopping threads took: 0.0000860 seconds
135.683: Application time: 0.0010930 seconds
135.683: Total time for which application threads were stopped: 0.0000650 seconds, Stopping threads took: 0.0000490 seconds
135.684: Application time: 0.0013930 seconds
135.684: Total time for which application threads were stopped: 0.0000830 seconds, Stopping threads took: 0.0000480 seconds
135.685: Application time: 0.0013600 seconds
135.686: Total time for which application threads were stopped: 0.0001510 seconds, Stopping threads took: 0.0000490 seconds
135.789: Application time: 0.1030560 seconds
135.789: [GC [PSYoungGen: 472576K->70464K(567296K)] 549723K->147611K(1341440K), 0.0299520 secs] [Times: user=0.24 sys=0.00, real=0.03 secs] 
135.819: Total time for which application threads were stopped: 0.0304260 seconds, Stopping threads took: 0.0003610 seconds
135.991: Application time: 0.1716690 seconds
135.991: [GC [PSYoungGen: 543040K->31344K(569344K)] 620187K->143274K(1343488K), 0.0255150 secs] [Times: user=0.21 sys=0.00, real=0.03 secs] 
136.017: Total time for which application threads were stopped: 0.0257650 seconds, Stopping threads took: 0.0001120 seconds
136.238: Application time: 0.2215380 seconds
136.238: [GC [PSYoungGen: 501872K->41760K(512512K)] 613802K->182398K(1286656K), 0.0298230 secs] [Times: user=0.23 sys=0.00, real=0.03 secs] 
136.268: Total time for which application threads were stopped: 0.0300980 seconds, Stopping threads took: 0.0001440 seconds
136.452: Application time: 0.1840360 seconds
136.452: [GC [PSYoungGen: 512288K->65968K(559616K)] 652926K->230961K(1333760K), 0.0372360 secs] [Times: user=0.29 sys=0.00, real=0.04 secs] 
136.490: Total time for which application threads were stopped: 0.0374580 seconds, Stopping threads took: 0.0001140 seconds
136.667: Application time: 0.1769830 seconds
136.668: [GC [PSYoungGen: 533936K->15520K(563200K)] 698929K->235804K(1337344K), 0.0281200 secs] [Times: user=0.22 sys=0.00, real=0.03 secs] 
136.697: Total time for which application threads were stopped: 0.0300350 seconds, Stopping threads took: 0.0017990 seconds
136.910: Application time: 0.2136340 seconds
136.910: [GC [PSYoungGen: 483488K->69728K(561664K)] 703772K->292188K(1335808K), 0.0321870 secs] [Times: user=0.24 sys=0.00, real=0.03 secs] 
136.943: Total time for which application threads were stopped: 0.0324180 seconds, Stopping threads took: 0.0001030 seconds
137.089: Application time: 0.1460270 seconds
137.089: [GC [PSYoungGen: 536160K->14304K(566784K)] 758620K->288581K(1340928K), 0.0255010 secs] [Times: user=0.20 sys=0.00, real=0.02 secs] 
137.114: Total time for which application threads were stopped: 0.0257200 seconds, Stopping threads took: 0.0001030 seconds
137.337: Application time: 0.2229860 seconds
137.338: [GC [PSYoungGen: 480736K->59040K(566272K)] 755013K->344433K(1340416K), 0.0304460 secs] [Times: user=0.24 sys=0.00, real=0.03 secs] 
137.368: Total time for which application threads were stopped: 0.0306500 seconds, Stopping threads took: 0.0000880 seconds
137.538: Application time: 0.1701050 seconds
137.538: [GC [PSYoungGen: 525472K->53888K(520704K)] 810865K->368230K(1294848K), 0.0353530 secs] [Times: user=0.27 sys=0.00, real=0.03 secs] 
137.574: Total time for which application threads were stopped: 0.0355700 seconds, Stopping threads took: 0.0000880 seconds
137.765: Application time: 0.1912070 seconds
137.765: [GC [PSYoungGen: 520320K->22176K(567296K)] 834662K->385053K(1341440K), 0.0285490 secs] [Times: user=0.22 sys=0.00, real=0.02 secs] 
137.794: Total time for which application threads were stopped: 0.0287920 seconds, Stopping threads took: 0.0001210 seconds
137.999: Application time: 0.2049230 seconds
137.999: [GC [PSYoungGen: 490656K->69760K(538624K)] 853533K->433589K(1312768K), 0.0301930 secs] [Times: user=0.24 sys=0.00, real=0.03 secs] 
138.029: Total time for which application threads were stopped: 0.0304070 seconds, Stopping threads took: 0.0001000 seconds
138.183: Application time: 0.1539920 seconds
138.183: [GC [PSYoungGen: 538240K->1536K(562176K)] 902069K->434836K(1336320K), 0.0278060 secs] [Times: user=0.22 sys=0.00, real=0.03 secs] 
138.211: Total time for which application threads were stopped: 0.0280430 seconds, Stopping threads took: 0.0001070 seconds
138.429: Application time: 0.2181530 seconds
138.430: [GC [PSYoungGen: 461824K->69856K(530432K)] 895124K->503156K(1304576K), 0.0301870 secs] [Times: user=0.24 sys=0.00, real=0.03 secs] 
138.460: Total time for which application threads were stopped: 0.0304250 seconds, Stopping threads took: 0.0001250 seconds
138.608: Application time: 0.1483230 seconds
138.608: [GC [PSYoungGen: 530144K->43008K(565248K)] 963444K->498444K(1339392K), 0.0273330 secs] [Times: user=0.21 sys=0.01, real=0.02 secs] 
138.636: Total time for which application threads were stopped: 0.0275360 seconds, Stopping threads took: 0.0000890 seconds
138.847: Application time: 0.2114940 seconds
138.847: [GC [PSYoungGen: 500224K->28928K(486400K)] 955660K->526120K(1260544K), 0.0289660 secs] [Times: user=0.23 sys=0.00, real=0.02 secs] 
138.876: Total time for which application threads were stopped: 0.0292110 seconds, Stopping threads took: 0.0001190 seconds
139.056: Application time: 0.1796110 seconds
139.056: [GC [PSYoungGen: 486144K->64432K(552960K)] 983336K->574655K(1327104K), 0.0332220 secs] [Times: user=0.26 sys=0.00, real=0.04 secs] 
139.089: Total time for which application threads were stopped: 0.0334350 seconds, Stopping threads took: 0.0001000 seconds
139.262: Application time: 0.1728500 seconds
139.262: [GC [PSYoungGen: 519088K->15136K(555520K)] 1029311K->581043K(1329664K), 0.0285370 secs] [Times: user=0.23 sys=0.00, real=0.03 secs] 
139.291: Total time for which application threads were stopped: 0.0287720 seconds, Stopping threads took: 0.0001190 seconds
139.496: Application time: 0.2046710 seconds
139.496: [GC [PSYoungGen: 469792K->69616K(557568K)] 1035699K->636475K(1331712K), 0.0304870 secs] [Times: user=0.24 sys=0.00, real=0.04 secs] 
139.526: Total time for which application threads were stopped: 0.0307300 seconds, Stopping threads took: 0.0001120 seconds
139.674: Application time: 0.1471250 seconds
139.674: [GC [PSYoungGen: 526832K->6432K(463872K)] 1093691K->636826K(1238016K), 0.0275090 secs] [Times: user=0.22 sys=0.00, real=0.03 secs] 
139.701: Total time for which application threads were stopped: 0.0277230 seconds, Stopping threads took: 0.0001020 seconds
139.919: Application time: 0.2177160 seconds
139.919: [GC [PSYoungGen: 463648K->65824K(556544K)] 1094042K->700362K(1330688K), 0.0304240 secs] [Times: user=0.24 sys=0.00, real=0.03 secs] 
139.950: Total time for which application threads were stopped: 0.0306110 seconds, Stopping threads took: 0.0000770 seconds
140.094: Application time: 0.1441690 seconds
140.094: [GC [PSYoungGen: 516896K->41408K(492544K)] 1151434K->712096K(1266688K), 0.0322960 secs] [Times: user=0.25 sys=0.00, real=0.04 secs] 
140.126: Total time for which application threads were stopped: 0.0325370 seconds, Stopping threads took: 0.0001200 seconds
140.337: Application time: 0.2102260 seconds
140.337: [GC [PSYoungGen: 492480K->30816K(559104K)] 1163168K->741269K(1333248K), 0.0299020 secs] [Times: user=0.23 sys=0.00, real=0.03 secs] 
140.367: [Full GC [PSYoungGen: 30816K->0K(559104K)] [ParOldGen: 710453K->78265K(795136K)] 741269K->78265K(1354240K) [PSPermGen: 8875K->8875K(21504K)], 0.0864260 secs] [Times: user=0.62 sys=0.00, real=0.08 secs] 
140.453: Total time for which application threads were stopped: 0.1166190 seconds, Stopping threads took: 0.0001140 seconds
140.630: Application time: 0.1763870 seconds
140.630: [GC [PSYoungGen: 457216K->63248K(555520K)] 535481K->141513K(1350656K), 0.0269780 secs] [Times: user=0.21 sys=0.00, real=0.03 secs] 
140.657: Total time for which application threads were stopped: 0.0272140 seconds, Stopping threads took: 0.0001070 seconds
140.834: Application time: 0.1771770 seconds
140.834: [GC [PSYoungGen: 520464K->15616K(567296K)] 598729K->149152K(1362432K), 0.0279070 secs] [Times: user=0.22 sys=0.00, real=0.03 secs] 
140.862: Total time for which application threads were stopped: 0.0281280 seconds, Stopping threads took: 0.0001050 seconds
141.071: Application time: 0.2089500 seconds
141.071: [GC [PSYoungGen: 482560K->69728K(537088K)] 616096K->203696K(1332224K), 0.0296700 secs] [Times: user=0.24 sys=0.00, real=0.03 secs] 
141.101: Total time for which application threads were stopped: 0.0299010 seconds, Stopping threads took: 0.0001090 seconds
141.251: Application time: 0.1501300 seconds
141.251: [GC [PSYoungGen: 536672K->11056K(563200K)] 670640K->202624K(1358336K), 0.0267440 secs] [Times: user=0.21 sys=0.00, real=0.03 secs] 
141.278: Total time for which application threads were stopped: 0.0270070 seconds, Stopping threads took: 0.0001330 seconds
141.496: Application time: 0.2181400 seconds
141.496: [GC [PSYoungGen: 469808K->61152K(520192K)] 661376K->261624K(1315328K), 0.0298870 secs] [Times: user=0.23 sys=0.00, real=0.04 secs] 
141.526: Total time for which application threads were stopped: 0.0301060 seconds, Stopping threads took: 0.0001050 seconds
141.684: Application time: 0.1576420 seconds
141.684: [GC [PSYoungGen: 519904K->47504K(566272K)] 720376K->278535K(1361408K), 0.0329980 secs] [Times: user=0.27 sys=0.00, real=0.04 secs] 
141.717: Total time for which application threads were stopped: 0.0332080 seconds, Stopping threads took: 0.0000950 seconds
141.920: Application time: 0.2029990 seconds
141.920: [GC [PSYoungGen: 508304K->24128K(485376K)] 739335K->301706K(1280512K), 0.0285180 secs] [Times: user=0.23 sys=0.00, real=0.03 secs] 
141.949: Total time for which application threads were stopped: 0.0287390 seconds, Stopping threads took: 0.0000920 seconds
142.138: Application time: 0.1893310 seconds
142.138: [GC [PSYoungGen: 484928K->68160K(555008K)] 762506K->350042K(1350144K), 0.0307630 secs] [Times: user=0.24 sys=0.00, real=0.03 secs] 
142.169: Total time for which application threads were stopped: 0.0309650 seconds, Stopping threads took: 0.0000900 seconds
142.333: Application time: 0.1641710 seconds
142.334: [GC [PSYoungGen: 524864K->10144K(559104K)] 806746K->350297K(1354240K), 0.0267170 secs] [Times: user=0.20 sys=0.00, real=0.03 secs] 
142.360: Total time for which application threads were stopped: 0.0269380 seconds, Stopping threads took: 0.0001050 seconds
142.569: Application time: 0.2090620 seconds
142.573: [GC [PSYoungGen: 466848K->67024K(557568K)] 807001K->410113K(1352704K), 0.0299180 secs] [Times: user=0.23 sys=0.00, real=0.03 secs] 
142.603: Total time for which application threads were stopped: 0.0331320 seconds, Stopping threads took: 0.0030890 seconds
142.748: Application time: 0.1452230 seconds
142.748: [GC [PSYoungGen: 522192K->16576K(561152K)] 865281K->414566K(1356288K), 0.0284430 secs] [Times: user=0.22 sys=0.00, real=0.02 secs] 
142.776: Total time for which application threads were stopped: 0.0286640 seconds, Stopping threads took: 0.0000990 seconds
142.992: Application time: 0.2153200 seconds
142.992: [GC [PSYoungGen: 471744K->55408K(557568K)] 869734K->468124K(1352704K), 0.0304160 secs] [Times: user=0.24 sys=0.00, real=0.03 secs] 
143.022: Total time for which application threads were stopped: 0.0306200 seconds, Stopping threads took: 0.0000930 seconds
143.181: Application time: 0.1585940 seconds
143.181: [GC [PSYoungGen: 512112K->52112K(560128K)] 924828K->492107K(1355264K), 0.0340900 secs] [Times: user=0.27 sys=0.00, real=0.03 secs] 
143.215: Total time for which application threads were stopped: 0.0343190 seconds, Stopping threads took: 0.0001070 seconds
143.411: Application time: 0.1957410 seconds
143.411: [GC [PSYoungGen: 508816K->21664K(558080K)] 948811K->510706K(1353216K), 0.0287230 secs] [Times: user=0.22 sys=0.00, real=0.03 secs] 
143.440: Total time for which application threads were stopped: 0.0289700 seconds, Stopping threads took: 0.0001290 seconds
143.633: Application time: 0.1925390 seconds
143.637: [GC [PSYoungGen: 484000K->68864K(561152K)] 973042K->558898K(1356288K), 0.0307370 secs] [Times: user=0.24 sys=0.00, real=0.03 secs] 
143.667: Total time for which application threads were stopped: 0.0347640 seconds, Stopping threads took: 0.0039130 seconds
143.831: Application time: 0.1632920 seconds
143.831: [GC [PSYoungGen: 531200K->11296K(564224K)] 1021234K->559726K(1359360K), 0.0275710 secs] [Times: user=0.21 sys=0.00, real=0.03 secs] 
143.858: Total time for which application threads were stopped: 0.0278370 seconds, Stopping threads took: 0.0001370 seconds
144.071: Application time: 0.2130010 seconds
144.072: [GC [PSYoungGen: 472096K->65392K(526336K)] 1020526K->618393K(1321472K), 0.0303200 secs] [Times: user=0.24 sys=0.00, real=0.03 secs] 
144.102: Total time for which application threads were stopped: 0.0305480 seconds, Stopping threads took: 0.0001110 seconds
144.248: Application time: 0.1458560 seconds
144.248: [GC [PSYoungGen: 526192K->22992K(563712K)] 1079193K->629482K(1358848K), 0.0305920 secs] [Times: user=0.23 sys=0.00, real=0.03 secs] 
144.279: Total time for which application threads were stopped: 0.0307980 seconds, Stopping threads took: 0.0000940 seconds
144.494: Application time: 0.2153190 seconds
144.494: [GC [PSYoungGen: 480720K->49552K(507392K)] 1087210K->676844K(1302528K), 0.0297930 secs] [Times: user=0.24 sys=0.00, real=0.03 secs] 
144.524: Total time for which application threads were stopped: 0.0299940 seconds, Stopping threads took: 0.0000720 seconds
144.692: Application time: 0.1684830 seconds
144.693: [GC [PSYoungGen: 507280K->57376K(558080K)] 1134572K->706635K(1353216K), 0.0346950 secs] [Times: user=0.27 sys=0.00, real=0.04 secs] 
144.727: Total time for which application threads were stopped: 0.0348930 seconds, Stopping threads took: 0.0000890 seconds
144.913: Application time: 0.1861720 seconds
144.915: [GC [PSYoungGen: 515104K->19584K(558080K)] 1164363K->720038K(1353216K), 0.0282800 secs] [Times: user=0.22 sys=0.00, real=0.03 secs] 
144.943: Total time for which application threads were stopped: 0.0299170 seconds, Stopping threads took: 0.0015030 seconds
145.142: Application time: 0.1986090 seconds
145.142: [GC [PSYoungGen: 477312K->69504K(558592K)] 1177766K->770342K(1353728K), 0.0303090 secs] [Times: user=0.24 sys=0.00, real=0.03 secs] 
145.173: Total time for which application threads were stopped: 0.0305300 seconds, Stopping threads took: 0.0000950 seconds
145.328: Application time: 0.1554020 seconds
145.328: [GC [PSYoungGen: 529792K->11648K(563712K)] 1230630K->774249K(1358848K), 0.0271890 secs] [Times: user=0.20 sys=0.02, real=0.02 secs] 
145.355: [Full GC [PSYoungGen: 11648K->0K(563712K)] [ParOldGen: 762601K->81098K(820736K)] 774249K->81098K(1384448K) [PSPermGen: 8875K->8875K(21504K)], 0.0861650 secs] [Times: user=0.62 sys=0.00, real=0.09 secs] 
145.442: Total time for which application threads were stopped: 0.1136570 seconds, Stopping threads took: 0.0001200 seconds
145.657: Application time: 0.2149560 seconds
145.657: [GC [PSYoungGen: 460288K->62800K(560128K)] 541386K->143898K(1380864K), 0.0268820 secs] [Times: user=0.22 sys=0.00, real=0.02 secs] 
145.684: Total time for which application threads were stopped: 0.0271060 seconds, Stopping threads took: 0.0000960 seconds
145.832: Application time: 0.1479850 seconds
145.832: [GC [PSYoungGen: 520016K->34032K(491520K)] 601114K->165167K(1312256K), 0.0337290 secs] [Times: user=0.27 sys=0.00, real=0.04 secs] 
145.866: Total time for which application threads were stopped: 0.0339730 seconds, Stopping threads took: 0.0001340 seconds
146.077: Application time: 0.2115990 seconds
146.077: [GC [PSYoungGen: 491248K->39248K(565248K)] 622383K->201713K(1385984K), 0.0295950 secs] [Times: user=0.23 sys=0.00, real=0.03 secs] 
146.107: Total time for which application threads were stopped: 0.0298120 seconds, Stopping threads took: 0.0001040 seconds
146.285: Application time: 0.1782630 seconds
146.286: [GC [PSYoungGen: 504144K->61264K(559616K)] 666609K->245415K(1380352K), 0.0343300 secs] [Times: user=0.27 sys=0.00, real=0.03 secs] 
146.320: Total time for which application threads were stopped: 0.0345580 seconds, Stopping threads took: 0.0000990 seconds
146.500: Application time: 0.1802590 seconds
146.500: [GC [PSYoungGen: 526160K->17088K(569344K)] 710311K->256378K(1390080K), 0.0286010 secs] [Times: user=0.22 sys=0.00, real=0.03 secs] 
146.529: Total time for which application threads were stopped: 0.0288290 seconds, Stopping threads took: 0.0001130 seconds
146.739: Application time: 0.2100390 seconds
146.739: [GC [PSYoungGen: 489664K->68624K(541696K)] 728954K->311306K(1362432K), 0.0305060 secs] [Times: user=0.24 sys=0.00, real=0.03 secs] 
146.770: Total time for which application threads were stopped: 0.0307300 seconds, Stopping threads took: 0.0001080 seconds
146.926: Application time: 0.1561130 seconds
146.926: [GC [PSYoungGen: 541200K->19424K(567808K)] 783882K->318618K(1388544K), 0.0301220 secs] [Times: user=0.24 sys=0.00, real=0.02 secs] 
146.956: Total time for which application threads were stopped: 0.0303590 seconds, Stopping threads took: 0.0001070 seconds
147.173: Application time: 0.2170850 seconds
147.174: [GC [PSYoungGen: 486368K->52512K(519680K)] 785562K->369400K(1340416K), 0.0297970 secs] [Times: user=0.23 sys=0.00, real=0.03 secs] 
147.203: Total time for which application threads were stopped: 0.0300240 seconds, Stopping threads took: 0.0001150 seconds
147.371: Application time: 0.1674650 seconds
147.371: [GC [PSYoungGen: 519456K->53824K(566272K)] 836344K->394087K(1387008K), 0.0330850 secs] [Times: user=0.26 sys=0.00, real=0.03 secs] 
147.404: Total time for which application threads were stopped: 0.0332830 seconds, Stopping threads took: 0.0000860 seconds
147.599: Application time: 0.1949360 seconds
147.599: [GC [PSYoungGen: 522304K->20320K(564736K)] 862567K->411026K(1385472K), 0.0284290 secs] [Times: user=0.23 sys=0.00, real=0.03 secs] 
147.628: Total time for which application threads were stopped: 0.0286720 seconds, Stopping threads took: 0.0001140 seconds
147.829: Application time: 0.2009510 seconds
147.829: [GC [PSYoungGen: 488800K->69520K(561664K)] 879506K->461506K(1382400K), 0.0303470 secs] [Times: user=0.24 sys=0.00, real=0.03 secs] 
147.859: Total time for which application threads were stopped: 0.0305360 seconds, Stopping threads took: 0.0000750 seconds
148.018: Application time: 0.1588340 seconds
148.018: [GC [PSYoungGen: 535952K->15568K(566784K)] 927938K->467766K(1387520K), 0.0299180 secs] [Times: user=0.23 sys=0.00, real=0.03 secs] 
148.048: Total time for which application threads were stopped: 0.0301440 seconds, Stopping threads took: 0.0001120 seconds
148.265: Application time: 0.2168860 seconds
148.265: [GC [PSYoungGen: 482000K->60032K(565760K)] 934198K->525569K(1386496K), 0.0321640 secs] [Times: user=0.25 sys=0.00, real=0.03 secs] 
148.297: Total time for which application threads were stopped: 0.0323790 seconds, Stopping threads took: 0.0000860 seconds
148.452: Application time: 0.1544680 seconds
148.452: [GC [PSYoungGen: 526464K->39136K(505856K)] 992001K->545807K(1326592K), 0.0332530 secs] [Times: user=0.24 sys=0.00, real=0.04 secs] 
148.485: Total time for which application threads were stopped: 0.0334680 seconds, Stopping threads took: 0.0001050 seconds
148.695: Application time: 0.2092460 seconds
148.695: [GC [PSYoungGen: 505568K->34144K(567296K)] 1012239K->577248K(1388032K), 0.0299320 secs] [Times: user=0.23 sys=0.00, real=0.04 secs] 
148.725: Total time for which application threads were stopped: 0.0301350 seconds, Stopping threads took: 0.0000870 seconds
148.916: Application time: 0.1915350 seconds
148.917: [GC [PSYoungGen: 505696K->64736K(563200K)] 1048800K->625790K(1383936K), 0.0347720 secs] [Times: user=0.27 sys=0.00, real=0.03 secs] 
148.951: Total time for which application threads were stopped: 0.0350260 seconds, Stopping threads took: 0.0001330 seconds
149.122: Application time: 0.1711040 seconds
149.123: [GC [PSYoungGen: 536288K->13872K(571904K)] 1097342K->630465K(1392640K), 0.0275920 secs] [Times: user=0.22 sys=0.00, real=0.03 secs] 
149.150: Total time for which application threads were stopped: 0.0278080 seconds, Stopping threads took: 0.0001040 seconds
149.367: Application time: 0.2170920 seconds
149.368: [GC [PSYoungGen: 490544K->65728K(542720K)] 1107137K->686661K(1363456K), 0.0307960 secs] [Times: user=0.25 sys=0.00, real=0.03 secs] 
149.398: Total time for which application threads were stopped: 0.0310300 seconds, Stopping threads took: 0.0001210 seconds
149.554: Application time: 0.1557510 seconds
149.554: [GC [PSYoungGen: 542400K->31408K(571392K)] 1163333K->693191K(1392128K), 0.0299830 secs] [Times: user=0.23 sys=0.00, real=0.03 secs] 
149.584: Total time for which application threads were stopped: 0.0302030 seconds, Stopping threads took: 0.0000980 seconds
149.800: Application time: 0.2154770 seconds
149.800: [GC [PSYoungGen: 503984K->41792K(514560K)] 1165767K->732200K(1335296K), 0.0300850 secs] [Times: user=0.24 sys=0.00, real=0.03 secs] 
149.830: Total time for which application threads were stopped: 0.0303350 seconds, Stopping threads took: 0.0001350 seconds
150.017: Application time: 0.1869710 seconds
150.017: [GC [PSYoungGen: 514368K->65120K(558592K)] 1204776K->769335K(1379328K), 0.0341590 secs] [Times: user=0.27 sys=0.00, real=0.03 secs] 
150.052: Total time for which application threads were stopped: 0.0343750 seconds, Stopping threads took: 0.0001040 seconds
150.227: Application time: 0.1756380 seconds
150.227: [GC [PSYoungGen: 533600K->17904K(562688K)] 1237815K->773891K(1383424K), 0.0282870 secs] [Times: user=0.22 sys=0.00, real=0.02 secs] 
150.256: [Full GC [PSYoungGen: 17904K->0K(562688K)] [ParOldGen: 755987K->77523K(819712K)] 773891K->77523K(1382400K) [PSPermGen: 8875K->8875K(21504K)], 0.0851520 secs] [Times: user=0.61 sys=0.00, real=0.09 secs] 
150.341: Total time for which application threads were stopped: 0.1137420 seconds, Stopping threads took: 0.0001120 seconds
150.552: Application time: 0.2111090 seconds
150.552: [GC [PSYoungGen: 468480K->65328K(566272K)] 546003K->142851K(1385984K), 0.0279380 secs] [Times: user=0.22 sys=0.01, real=0.03 secs] 
150.580: Total time for which application threads were stopped: 0.0281540 seconds, Stopping threads took: 0.0001070 seconds
150.734: Application time: 0.1534860 seconds
150.734: [GC [PSYoungGen: 537904K->22896K(569856K)] 615427K->146676K(1389568K), 0.0274420 secs] [Times: user=0.22 sys=0.00, real=0.03 secs] 
150.761: Total time for which application threads were stopped: 0.0276880 seconds, Stopping threads took: 0.0001160 seconds
150.980: Application time: 0.2185670 seconds
150.980: [GC [PSYoungGen: 495472K->50224K(563200K)] 619252K->194063K(1382912K), 0.0301690 secs] [Times: user=0.24 sys=0.00, real=0.03 secs] 
151.010: Total time for which application threads were stopped: 0.0303830 seconds, Stopping threads took: 0.0001020 seconds
151.189: Application time: 0.1783240 seconds
151.189: [GC [PSYoungGen: 524336K->59568K(567296K)] 668175K->225081K(1387008K), 0.0342990 secs] [Times: user=0.26 sys=0.00, real=0.03 secs] 
151.223: Total time for which application threads were stopped: 0.0345170 seconds, Stopping threads took: 0.0001070 seconds
151.410: Application time: 0.1867050 seconds
151.410: [GC [PSYoungGen: 533680K->22784K(572928K)] 699193K->235117K(1392640K), 0.0276590 secs] [Times: user=0.21 sys=0.00, real=0.03 secs] 
151.438: Total time for which application threads were stopped: 0.0278990 seconds, Stopping threads took: 0.0001180 seconds
151.649: Application time: 0.2109540 seconds
151.649: [GC [PSYoungGen: 502528K->65056K(545280K)] 714861K->282124K(1364992K), 0.0305340 secs] [Times: user=0.24 sys=0.00, real=0.03 secs] 
151.679: Total time for which application threads were stopped: 0.0307290 seconds, Stopping threads took: 0.0000770 seconds
151.838: Application time: 0.1583570 seconds
151.838: [GC [PSYoungGen: 544800K->18752K(571392K)] 761868K->288033K(1391104K), 0.0282680 secs] [Times: user=0.21 sys=0.00, real=0.03 secs] 
151.866: Total time for which application threads were stopped: 0.0284900 seconds, Stopping threads took: 0.0000970 seconds
152.086: Application time: 0.2192750 seconds
152.086: [GC [PSYoungGen: 493888K->54464K(529920K)] 763169K->339479K(1349632K), 0.0304280 secs] [Times: user=0.24 sys=0.00, real=0.02 secs] 
152.116: Total time for which application threads were stopped: 0.0306900 seconds, Stopping threads took: 0.0001360 seconds
152.293: Application time: 0.1765410 seconds
152.293: [GC [PSYoungGen: 529600K->58544K(569344K)] 814615K->365238K(1389056K), 0.0344870 secs] [Times: user=0.26 sys=0.00, real=0.04 secs] 
152.328: Total time for which application threads were stopped: 0.0347130 seconds, Stopping threads took: 0.0001120 seconds
152.518: Application time: 0.1899810 seconds
152.518: [GC [PSYoungGen: 533168K->23392K(569856K)] 839862K->376934K(1389568K), 0.0285510 secs] [Times: user=0.22 sys=0.00, real=0.03 secs] 
152.546: Total time for which application threads were stopped: 0.0287610 seconds, Stopping threads took: 0.0000920 seconds
152.754: Application time: 0.2074080 seconds
152.754: [GC [PSYoungGen: 498016K->64304K(567808K)] 851558K->423429K(1387520K), 0.0306930 secs] [Times: user=0.25 sys=0.00, real=0.04 secs] 
152.785: Total time for which application threads were stopped: 0.0309140 seconds, Stopping threads took: 0.0001000 seconds
152.943: Application time: 0.1587410 seconds
152.944: [GC [PSYoungGen: 537904K->16656K(570368K)] 897029K->427086K(1390080K), 0.0272870 secs] [Times: user=0.22 sys=0.00, real=0.03 secs] 
152.971: Total time for which application threads were stopped: 0.0275200 seconds, Stopping threads took: 0.0001190 seconds
153.189: Application time: 0.2182070 seconds
153.189: [GC [PSYoungGen: 490256K->56320K(569344K)] 900686K->480577K(1389056K), 0.0306110 secs] [Times: user=0.25 sys=0.00, real=0.03 secs] 
153.220: Total time for which application threads were stopped: 0.0308360 seconds, Stopping threads took: 0.0001110 seconds
153.390: Application time: 0.1700010 seconds
153.390: [GC [PSYoungGen: 529920K->53792K(569856K)] 954177K->500009K(1389568K), 0.0322680 secs] [Times: user=0.25 sys=0.00, real=0.03 secs] 
153.422: Total time for which application threads were stopped: 0.0324760 seconds, Stopping threads took: 0.0000850 seconds
153.619: Application time: 0.1963530 seconds
153.619: [GC [PSYoungGen: 527392K->24416K(568832K)] 973609K->516484K(1388544K), 0.0287660 secs] [Times: user=0.23 sys=0.00, real=0.03 secs] 
153.648: Total time for which application threads were stopped: 0.0290050 seconds, Stopping threads took: 0.0001140 seconds
153.851: Application time: 0.2028620 seconds
153.851: [GC [PSYoungGen: 500576K->64272K(569344K)] 992644K->562388K(1389056K), 0.0299360 secs] [Times: user=0.23 sys=0.00, real=0.03 secs] 
153.881: Total time for which application threads were stopped: 0.0301540 seconds, Stopping threads took: 0.0001070 seconds
154.044: Application time: 0.1631110 seconds
154.044: [GC [PSYoungGen: 540432K->17552K(571392K)] 1038548K->571212K(1391104K), 0.0294110 secs] [Times: user=0.23 sys=0.00, real=0.03 secs] 
154.074: Total time for which application threads were stopped: 0.0296550 seconds, Stopping threads took: 0.0001170 seconds
154.289: Application time: 0.2159250 seconds
154.290: [GC [PSYoungGen: 492688K->56880K(570880K)] 1046348K->625375K(1390592K), 0.0307120 secs] [Times: user=0.24 sys=0.00, real=0.03 secs] 
154.320: Total time for which application threads were stopped: 0.0309500 seconds, Stopping threads took: 0.0001110 seconds
154.487: Application time: 0.1663840 seconds
154.487: [GC [PSYoungGen: 532016K->51680K(567808K)] 1100511K->642646K(1387520K), 0.0313490 secs] [Times: user=0.25 sys=0.00, real=0.03 secs] 
154.518: Total time for which application threads were stopped: 0.0315560 seconds, Stopping threads took: 0.0000960 seconds
154.720: Application time: 0.2013210 seconds
154.720: [GC [PSYoungGen: 527328K->25888K(569344K)] 1118294K->661314K(1389056K), 0.0290780 secs] [Times: user=0.22 sys=0.00, real=0.03 secs] 
154.749: Total time for which application threads were stopped: 0.0293160 seconds, Stopping threads took: 0.0001030 seconds
154.948: Application time: 0.1994970 seconds
154.949: [GC [PSYoungGen: 501536K->62992K(569856K)] 1136962K->706245K(1389568K), 0.0302180 secs] [Times: user=0.23 sys=0.00, real=0.03 secs] 
154.979: Total time for which application threads were stopped: 0.0304440 seconds, Stopping threads took: 0.0001120 seconds
155.146: Application time: 0.1670730 seconds
155.146: [GC [PSYoungGen: 540688K->20144K(572416K)] 1183941K->717109K(1392128K), 0.0299570 secs] [Times: user=0.23 sys=0.00, real=0.02 secs] 
155.176: Total time for which application threads were stopped: 0.0301880 seconds, Stopping threads took: 0.0001160 seconds
155.391: Application time: 0.2146290 seconds
155.391: [GC [PSYoungGen: 497840K->56368K(572416K)] 1194805K->768712K(1392128K), 0.0305040 secs] [Times: user=0.24 sys=0.00, real=0.03 secs] 
155.422: Total time for which application threads were stopped: 0.0307130 seconds, Stopping threads took: 0.0000770 seconds
155.588: Application time: 0.1665720 seconds
155.588: [GC [PSYoungGen: 535088K->51088K(529920K)] 1247432K->783607K(1349632K), 0.0298860 secs] [Times: user=0.23 sys=0.00, real=0.03 secs] 
155.618: Total time for which application threads were stopped: 0.0300800 seconds, Stopping threads took: 0.0000870 seconds
155.823: Application time: 0.2045680 seconds
155.823: [GC [PSYoungGen: 529808K->28816K(572928K)] 1262327K->803100K(1392640K), 0.0294810 secs] [Times: user=0.22 sys=0.01, real=0.03 secs] 
155.852: [Full GC [PSYoungGen: 28816K->0K(572928K)] [ParOldGen: 774284K->78591K(829952K)] 803100K->78591K(1402880K) [PSPermGen: 8875K->8875K(21504K)], 0.0878800 secs] [Times: user=0.62 sys=0.00, real=0.09 secs] 
155.940: Total time for which application threads were stopped: 0.1176500 seconds, Stopping threads took: 0.0001000 seconds
156.141: Application time: 0.2007280 seconds
156.141: [GC [PSYoungGen: 481280K->63616K(570880K)] 559871K->142207K(1400832K), 0.0268320 secs] [Times: user=0.22 sys=0.00, real=0.03 secs] 
156.168: Total time for which application threads were stopped: 0.0270510 seconds, Stopping threads took: 0.0000970 seconds
156.338: Application time: 0.1693440 seconds
156.338: [GC [PSYoungGen: 544896K->22672K(575488K)] 623487K->146516K(1405440K), 0.0271340 secs] [Times: user=0.22 sys=0.00, real=0.03 secs] 
156.365: Total time for which application threads were stopped: 0.0273530 seconds, Stopping threads took: 0.0001060 seconds
156.581: Application time: 0.2161050 seconds
156.581: [GC [PSYoungGen: 505488K->54688K(537600K)] 629332K->194375K(1367552K), 0.0300460 secs] [Times: user=0.24 sys=0.00, real=0.03 secs] 
156.611: Total time for which application threads were stopped: 0.0302710 seconds, Stopping threads took: 0.0001140 seconds
156.782: Application time: 0.1710120 seconds
156.782: [GC [PSYoungGen: 537504K->52944K(574976K)] 677191K->211934K(1404928K), 0.0300660 secs] [Times: user=0.23 sys=0.00, real=0.03 secs] 
156.813: Total time for which application threads were stopped: 0.0302770 seconds, Stopping threads took: 0.0000850 seconds
157.016: Application time: 0.2038430 seconds
157.017: [GC [PSYoungGen: 536784K->26256K(573952K)] 695774K->229646K(1403904K), 0.0288780 secs] [Times: user=0.23 sys=0.00, real=0.03 secs] 
157.046: Total time for which application threads were stopped: 0.0290990 seconds, Stopping threads took: 0.0001080 seconds
157.249: Application time: 0.2035540 seconds
157.249: [GC [PSYoungGen: 510096K->63920K(571392K)] 713486K->275409K(1401344K), 0.0300620 secs] [Times: user=0.23 sys=0.00, real=0.03 secs] 
157.279: Total time for which application threads were stopped: 0.0302750 seconds, Stopping threads took: 0.0001000 seconds
157.448: Application time: 0.1687570 seconds
157.448: [GC [PSYoungGen: 546736K->21376K(574464K)] 758225K->280270K(1404416K), 0.0271660 secs] [Times: user=0.22 sys=0.00, real=0.02 secs] 
157.476: Total time for which application threads were stopped: 0.0274130 seconds, Stopping threads took: 0.0001220 seconds
157.690: Application time: 0.2147500 seconds
157.690: [GC [PSYoungGen: 504192K->56176K(574976K)] 763086K->332729K(1404928K), 0.0307120 secs] [Times: user=0.25 sys=0.00, real=0.03 secs] 
157.721: Total time for which application threads were stopped: 0.0309390 seconds, Stopping threads took: 0.0001120 seconds
157.900: Application time: 0.1787090 seconds
157.900: [GC [PSYoungGen: 540528K->53968K(575488K)] 817081K->349300K(1405440K), 0.0323850 secs] [Times: user=0.24 sys=0.00, real=0.03 secs] 
157.933: Total time for which application threads were stopped: 0.0325890 seconds, Stopping threads took: 0.0000910 seconds
158.128: Application time: 0.1957190 seconds
158.133: [GC [PSYoungGen: 538320K->23632K(575488K)] 833652K->371607K(1405440K), 0.0306270 secs] [Times: user=0.24 sys=0.00, real=0.03 secs] 
158.163: Total time for which application threads were stopped: 0.0349330 seconds, Stopping threads took: 0.0041800 seconds
158.370: Application time: 0.2072500 seconds
158.373: [GC [PSYoungGen: 509520K->62960K(548864K)] 857495K->418339K(1378816K), 0.0306790 secs] [Times: user=0.25 sys=0.00, real=0.03 secs] 
158.403: Total time for which application threads were stopped: 0.0328030 seconds, Stopping threads took: 0.0020090 seconds
158.570: Application time: 0.1663380 seconds
158.573: [GC [PSYoungGen: 548848K->21776K(575488K)] 904227K->431187K(1405440K), 0.0306670 secs] [Times: user=0.24 sys=0.00, real=0.03 secs] 
158.603: Total time for which application threads were stopped: 0.0336260 seconds, Stopping threads took: 0.0028460 seconds
158.818: Application time: 0.2151490 seconds
158.819: [GC [PSYoungGen: 505104K->54576K(538112K)] 914515K->478038K(1368064K), 0.0297860 secs] [Times: user=0.24 sys=0.00, real=0.03 secs] 
158.848: Total time for which application threads were stopped: 0.0300310 seconds, Stopping threads took: 0.0001120 seconds
159.034: Application time: 0.1856380 seconds
159.034: [GC [PSYoungGen: 537904K->54800K(574976K)] 961366K->507376K(1404928K), 0.0348220 secs] [Times: user=0.28 sys=0.00, real=0.04 secs] 
159.069: Total time for which application threads were stopped: 0.0350290 seconds, Stopping threads took: 0.0000980 seconds
159.258: Application time: 0.1886800 seconds
159.258: [GC [PSYoungGen: 538640K->24272K(574464K)] 991216K->526863K(1404416K), 0.0301850 secs] [Times: user=0.23 sys=0.00, real=0.03 secs] 
159.288: Total time for which application threads were stopped: 0.0303900 seconds, Stopping threads took: 0.0000880 seconds
159.498: Application time: 0.2096770 seconds
159.498: [GC [PSYoungGen: 508112K->62560K(572416K)] 1010703K->573191K(1402368K), 0.0300450 secs] [Times: user=0.24 sys=0.00, real=0.03 secs] 
159.528: Total time for which application threads were stopped: 0.0302790 seconds, Stopping threads took: 0.0001070 seconds
159.692: Application time: 0.1642930 seconds
159.693: [GC [PSYoungGen: 545376K->30224K(574976K)] 1056007K->582532K(1404928K), 0.0294490 secs] [Times: user=0.24 sys=0.00, real=0.03 secs] 
159.722: Total time for which application threads were stopped: 0.0296450 seconds, Stopping threads took: 0.0000880 seconds
159.937: Application time: 0.2150080 seconds
159.937: [GC [PSYoungGen: 513040K->47616K(568320K)] 1065348K->622294K(1398272K), 0.0299400 secs] [Times: user=0.24 sys=0.00, real=0.03 secs] 
159.967: Total time for which application threads were stopped: 0.0301450 seconds, Stopping threads took: 0.0000930 seconds
160.156: Application time: 0.1889600 seconds
160.156: [GC [PSYoungGen: 532480K->57952K(571904K)] 1107158K->648833K(1401856K), 0.0323400 secs] [Times: user=0.25 sys=0.00, real=0.04 secs] 
160.189: Total time for which application threads were stopped: 0.0325990 seconds, Stopping threads took: 0.0001270 seconds
160.371: Application time: 0.1824530 seconds
160.371: [GC [PSYoungGen: 542816K->21696K(579584K)] 1133697K->663833K(1409536K), 0.0298400 secs] [Times: user=0.23 sys=0.00, real=0.03 secs] 
160.401: Total time for which application threads were stopped: 0.0300560 seconds, Stopping threads took: 0.0001020 seconds
160.617: Application time: 0.2153540 seconds
160.617: [GC [PSYoungGen: 513728K->62400K(554496K)] 1155865K->712660K(1384448K), 0.0303020 secs] [Times: user=0.23 sys=0.00, real=0.03 secs] 
160.647: Total time for which application threads were stopped: 0.0305090 seconds, Stopping threads took: 0.0000840 seconds
160.817: Application time: 0.1703220 seconds
160.818: [GC [PSYoungGen: 554432K->39424K(580608K)] 1204692K->730337K(1410560K), 0.0325130 secs] [Times: user=0.26 sys=0.00, real=0.03 secs] 
160.850: Total time for which application threads were stopped: 0.0327180 seconds, Stopping threads took: 0.0000830 seconds
161.063: Application time: 0.2130170 seconds
161.063: [GC [PSYoungGen: 529920K->39008K(529920K)] 1220833K->761335K(1359872K), 0.0300420 secs] [Times: user=0.23 sys=0.00, real=0.03 secs] 
161.094: Total time for which application threads were stopped: 0.0302770 seconds, Stopping threads took: 0.0001230 seconds
161.295: Application time: 0.2016320 seconds
161.295: [GC [PSYoungGen: 529504K->63904K(570368K)] 1251831K->806384K(1400320K), 0.0362320 secs] [Times: user=0.28 sys=0.00, real=0.04 secs] 
161.332: Total time for which application threads were stopped: 0.0364330 seconds, Stopping threads took: 0.0000860 seconds
161.504: Application time: 0.1726240 seconds
161.504: [GC [PSYoungGen: 550816K->19648K(573952K)] 1293296K->811849K(1403904K), 0.0276650 secs] [Times: user=0.21 sys=0.01, real=0.03 secs] 
161.532: [Full GC [PSYoungGen: 19648K->0K(573952K)] [ParOldGen: 792201K->77215K(840704K)] 811849K->77215K(1414656K) [PSPermGen: 8875K->8875K(21504K)], 0.0845810 secs] [Times: user=0.60 sys=0.01, real=0.09 secs] 
161.617: Total time for which application threads were stopped: 0.1125500 seconds, Stopping threads took: 0.0001050 seconds
161.834: Application time: 0.2173250 seconds
161.834: [GC [PSYoungGen: 486912K->62560K(573952K)] 564127K->139775K(1414656K), 0.0264020 secs] [Times: user=0.21 sys=0.00, real=0.03 secs] 
161.861: Total time for which application threads were stopped: 0.0266130 seconds, Stopping threads took: 0.0000970 seconds
162.037: Application time: 0.1766000 seconds
162.037: [GC [PSYoungGen: 549472K->53360K(577024K)] 626687K->149399K(1417728K), 0.0308150 secs] [Times: user=0.24 sys=0.00, real=0.03 secs] 
162.068: Total time for which application threads were stopped: 0.0310620 seconds, Stopping threads took: 0.0001200 seconds
162.270: Application time: 0.2019800 seconds
162.271: [GC [PSYoungGen: 540272K->26224K(573440K)] 636311K->169606K(1414144K), 0.0298930 secs] [Times: user=0.24 sys=0.00, real=0.03 secs] 
162.300: Total time for which application threads were stopped: 0.0301100 seconds, Stopping threads took: 0.0001030 seconds
162.508: Application time: 0.2077100 seconds
162.508: [GC [PSYoungGen: 514672K->63168K(576000K)] 658054K->213866K(1416704K), 0.0304970 secs] [Times: user=0.23 sys=0.00, real=0.03 secs] 
162.539: Total time for which application threads were stopped: 0.0307110 seconds, Stopping threads took: 0.0001020 seconds
162.708: Application time: 0.1694440 seconds
162.709: [GC [PSYoungGen: 551616K->26688K(578048K)] 702314K->225566K(1418752K), 0.0297820 secs] [Times: user=0.22 sys=0.00, real=0.03 secs] 
162.738: Total time for which application threads were stopped: 0.0300420 seconds, Stopping threads took: 0.0001330 seconds
162.957: Application time: 0.2187800 seconds
162.957: [GC [PSYoungGen: 514112K->52768K(540672K)] 712990K->269717K(1381376K), 0.0304500 secs] [Times: user=0.24 sys=0.00, real=0.03 secs] 
162.988: Total time for which application threads were stopped: 0.0306590 seconds, Stopping threads took: 0.0000940 seconds
163.175: Application time: 0.1867430 seconds
163.175: [GC [PSYoungGen: 540192K->53040K(576512K)] 757141K->296747K(1417216K), 0.0335210 secs] [Times: user=0.26 sys=0.00, real=0.04 secs] 
163.208: Total time for which application threads were stopped: 0.0337340 seconds, Stopping threads took: 0.0001030 seconds
163.398: Application time: 0.1901780 seconds
163.399: [GC [PSYoungGen: 541488K->23488K(575488K)] 785195K->314867K(1416192K), 0.0284400 secs] [Times: user=0.22 sys=0.00, real=0.03 secs] 
163.429: Total time for which application threads were stopped: 0.0301790 seconds, Stopping threads took: 0.0001270 seconds
163.641: Application time: 0.2119300 seconds
163.645: [GC [PSYoungGen: 511936K->62112K(575488K)] 803315K->361574K(1416192K), 0.0304830 secs] [Times: user=0.24 sys=0.01, real=0.02 secs] 
163.675: Total time for which application threads were stopped: 0.0344610 seconds, Stopping threads took: 0.0038660 seconds
163.844: Application time: 0.1688730 seconds
163.844: [GC [PSYoungGen: 551072K->32464K(578048K)] 850534K->373952K(1418752K), 0.0306510 secs] [Times: user=0.24 sys=0.00, real=0.03 secs] 
163.875: Total time for which application threads were stopped: 0.0308790 seconds, Stopping threads took: 0.0001140 seconds
164.092: Application time: 0.2174560 seconds
164.092: [GC [PSYoungGen: 521424K->46336K(570368K)] 862912K->411721K(1411072K), 0.0297860 secs] [Times: user=0.23 sys=0.00, real=0.03 secs] 
164.122: Total time for which application threads were stopped: 0.0300360 seconds, Stopping threads took: 0.0001230 seconds
164.318: Application time: 0.1958180 seconds
164.318: [GC [PSYoungGen: 537344K->58336K(574464K)] 902729K->443840K(1415168K), 0.0331530 secs] [Times: user=0.26 sys=0.00, real=0.03 secs] 
164.352: Total time for which application threads were stopped: 0.0333950 seconds, Stopping threads took: 0.0001250 seconds
164.534: Application time: 0.1820180 seconds
164.537: [GC [PSYoungGen: 549344K->23264K(582144K)] 934848K->455064K(1422848K), 0.0280930 secs] [Times: user=0.23 sys=0.00, real=0.03 secs] 
164.565: Total time for which application threads were stopped: 0.0311470 seconds, Stopping threads took: 0.0029360 seconds
164.785: Application time: 0.2201050 seconds
164.785: [GC [PSYoungGen: 520416K->62624K(560128K)] 952216K->504007K(1400832K), 0.0319140 secs] [Times: user=0.26 sys=0.00, real=0.03 secs] 
164.817: Total time for which application threads were stopped: 0.0321330 seconds, Stopping threads took: 0.0000910 seconds
164.997: Application time: 0.1798020 seconds
164.997: [GC [PSYoungGen: 559776K->47504K(582656K)] 1001159K->517846K(1423360K), 0.0324930 secs] [Times: user=0.26 sys=0.00, real=0.03 secs] 
165.029: Total time for which application threads were stopped: 0.0326940 seconds, Stopping threads took: 0.0000860 seconds
165.235: Application time: 0.2058390 seconds
165.235: [GC [PSYoungGen: 542608K->28848K(524288K)] 1012950K->541246K(1364992K), 0.0293630 secs] [Times: user=0.23 sys=0.00, real=0.04 secs] 
165.265: Total time for which application threads were stopped: 0.0296100 seconds, Stopping threads took: 0.0001340 seconds
165.472: Application time: 0.2068230 seconds
165.472: [GC [PSYoungGen: 523952K->63152K(575488K)] 1036350K->584405K(1416192K), 0.0316270 secs] [Times: user=0.25 sys=0.00, real=0.03 secs] 
165.504: Total time for which application threads were stopped: 0.0318550 seconds, Stopping threads took: 0.0000990 seconds
165.676: Application time: 0.1727820 seconds
165.677: [GC [PSYoungGen: 555184K->26160K(578560K)] 1076437K->594722K(1419264K), 0.0297790 secs] [Times: user=0.24 sys=0.00, real=0.03 secs] 
165.706: Total time for which application threads were stopped: 0.0299880 seconds, Stopping threads took: 0.0000980 seconds
165.926: Application time: 0.2192560 seconds
165.926: [GC [PSYoungGen: 518192K->54128K(579072K)] 1086754K->640277K(1419776K), 0.0305030 secs] [Times: user=0.24 sys=0.00, real=0.02 secs] 
165.956: Total time for which application threads were stopped: 0.0307100 seconds, Stopping threads took: 0.0000950 seconds
166.145: Application time: 0.1889370 seconds
166.145: [GC [PSYoungGen: 548720K->53632K(580096K)] 1134869K->666071K(1420800K), 0.0346830 secs] [Times: user=0.27 sys=0.00, real=0.03 secs] 
166.180: Total time for which application threads were stopped: 0.0349070 seconds, Stopping threads took: 0.0000950 seconds
166.371: Application time: 0.1907720 seconds
166.371: [GC [PSYoungGen: 548224K->27648K(580608K)] 1160663K->681703K(1421312K), 0.0283880 secs] [Times: user=0.23 sys=0.00, real=0.03 secs] 
166.400: Total time for which application threads were stopped: 0.0286310 seconds, Stopping threads took: 0.0001310 seconds
166.616: Application time: 0.2159820 seconds
166.616: [GC [PSYoungGen: 524800K->63056K(560640K)] 1178855K->724199K(1401344K), 0.0302770 secs] [Times: user=0.24 sys=0.00, real=0.04 secs] 
166.646: Total time for which application threads were stopped: 0.0304770 seconds, Stopping threads took: 0.0000880 seconds
166.818: Application time: 0.1719420 seconds
166.818: [GC [PSYoungGen: 560208K->39616K(583168K)] 1221351K->731477K(1423872K), 0.0294450 secs] [Times: user=0.23 sys=0.00, real=0.03 secs] 
166.848: Total time for which application threads were stopped: 0.0296690 seconds, Stopping threads took: 0.0000940 seconds
167.062: Application time: 0.2142670 seconds
167.062: [GC [PSYoungGen: 535744K->36160K(532480K)] 1227605K->762329K(1373184K), 0.0302590 secs] [Times: user=0.23 sys=0.00, real=0.03 secs] 
167.092: Total time for which application threads were stopped: 0.0304960 seconds, Stopping threads took: 0.0001170 seconds
167.292: Application time: 0.1997150 seconds
167.292: [GC [PSYoungGen: 532288K->61440K(574464K)] 1258457K->804452K(1415168K), 0.0338050 secs] [Times: user=0.27 sys=0.00, real=0.04 secs] 
167.326: Total time for which application threads were stopped: 0.0340040 seconds, Stopping threads took: 0.0000900 seconds
167.507: Application time: 0.1804120 seconds
167.509: [GC [PSYoungGen: 554496K->26528K(577536K)] 1297508K->813605K(1418240K), 0.0296380 secs] [Times: user=0.23 sys=0.00, real=0.03 secs] 
167.538: [Full GC [PSYoungGen: 26528K->0K(577536K)] [ParOldGen: 787077K->78627K(848896K)] 813605K->78627K(1426432K) [PSPermGen: 8875K->8875K(21504K)], 0.0884690 secs] [Times: user=0.64 sys=0.00, real=0.09 secs] 
167.627: Total time for which application threads were stopped: 0.1201970 seconds, Stopping threads took: 0.0019000 seconds
167.844: Application time: 0.2170810 seconds
167.844: [GC [PSYoungGen: 493056K->56384K(582144K)] 571683K->135011K(1431040K), 0.0249880 secs] [Times: user=0.20 sys=0.00, real=0.03 secs] 
167.869: Total time for which application threads were stopped: 0.0252180 seconds, Stopping threads took: 0.0001140 seconds
168.056: Application time: 0.1866510 seconds
168.056: [GC [PSYoungGen: 554560K->51504K(549888K)] 633187K->149166K(1398784K), 0.0297730 secs] [Times: user=0.23 sys=0.00, real=0.04 secs] 
168.086: Total time for which application threads were stopped: 0.0300140 seconds, Stopping threads took: 0.0001180 seconds
168.285: Application time: 0.1993040 seconds
168.285: [GC [PSYoungGen: 549680K->31936K(583168K)] 647342K->165171K(1432064K), 0.0273760 secs] [Times: user=0.22 sys=0.00, real=0.02 secs] 
168.313: Total time for which application threads were stopped: 0.0275860 seconds, Stopping threads took: 0.0000960 seconds
168.526: Application time: 0.2138530 seconds
168.527: [GC [PSYoungGen: 532160K->59200K(581632K)] 665395K->203231K(1430528K), 0.0303800 secs] [Times: user=0.24 sys=0.00, real=0.03 secs] 
168.557: Total time for which application threads were stopped: 0.0305970 seconds, Stopping threads took: 0.0001040 seconds
168.732: Application time: 0.1744900 seconds
168.733: [GC [PSYoungGen: 559424K->34016K(583680K)] 703455K->215404K(1432576K), 0.0286810 secs] [Times: user=0.23 sys=0.00, real=0.03 secs] 
168.761: Total time for which application threads were stopped: 0.0297120 seconds, Stopping threads took: 0.0009060 seconds
168.983: Application time: 0.2213340 seconds
168.985: [GC [PSYoungGen: 536288K->47280K(549888K)] 717676K->254610K(1398784K), 0.0311320 secs] [Times: user=0.25 sys=0.00, real=0.02 secs] 
169.016: Total time for which application threads were stopped: 0.0331640 seconds, Stopping threads took: 0.0019170 seconds
169.218: Application time: 0.2021790 seconds
169.218: [GC [PSYoungGen: 549552K->62224K(580096K)] 756882K->286321K(1428992K), 0.0331800 secs] [Times: user=0.26 sys=0.00, real=0.03 secs] 
169.251: Total time for which application threads were stopped: 0.0334330 seconds, Stopping threads took: 0.0001410 seconds
169.436: Application time: 0.1848910 seconds
169.436: [GC [PSYoungGen: 563472K->26944K(583168K)] 787569K->299820K(1432064K), 0.0306020 secs] [Times: user=0.24 sys=0.00, real=0.03 secs] 
169.467: Total time for which application threads were stopped: 0.0308610 seconds, Stopping threads took: 0.0001180 seconds
169.689: Application time: 0.2223420 seconds
169.690: [GC [PSYoungGen: 528192K->56672K(584192K)] 801068K->344939K(1433088K), 0.0313000 secs] [Times: user=0.24 sys=0.00, real=0.03 secs] 
169.721: Total time for which application threads were stopped: 0.0315300 seconds, Stopping threads took: 0.0001180 seconds
169.917: Application time: 0.1964640 seconds
169.918: [GC [PSYoungGen: 558944K->50656K(552960K)] 847211K->363870K(1401856K), 0.0313420 secs] [Times: user=0.23 sys=0.00, real=0.03 secs] 
169.949: Total time for which application threads were stopped: 0.0315430 seconds, Stopping threads took: 0.0000980 seconds
170.152: Application time: 0.2028190 seconds
170.152: [GC [PSYoungGen: 552928K->31264K(583680K)] 866142K->383582K(1432576K), 0.0289830 secs] [Times: user=0.22 sys=0.00, real=0.03 secs] 
170.181: Total time for which application threads were stopped: 0.0292170 seconds, Stopping threads took: 0.0001080 seconds
170.397: Application time: 0.2157570 seconds
170.401: [GC [PSYoungGen: 534560K->63712K(583168K)] 886878K->422309K(1432064K), 0.0302150 secs] [Times: user=0.24 sys=0.00, real=0.03 secs] 
170.431: Total time for which application threads were stopped: 0.0339540 seconds, Stopping threads took: 0.0036220 seconds
170.605: Application time: 0.1739870 seconds
170.605: [GC [PSYoungGen: 567008K->37952K(585216K)] 925605K->431639K(1434112K), 0.0299480 secs] [Times: user=0.23 sys=0.00, real=0.02 secs] 
170.635: Total time for which application threads were stopped: 0.0301870 seconds, Stopping threads took: 0.0001270 seconds
170.855: Application time: 0.2204490 seconds
170.856: [GC [PSYoungGen: 540224K->42208K(544768K)] 933911K->464081K(1393664K), 0.0297330 secs] [Times: user=0.23 sys=0.00, real=0.04 secs] 
170.885: Total time for which application threads were stopped: 0.0299780 seconds, Stopping threads took: 0.0001220 seconds
171.089: Application time: 0.2033530 seconds
171.089: [GC [PSYoungGen: 544480K->62336K(578048K)] 966353K->503383K(1426944K), 0.0342290 secs] [Times: user=0.27 sys=0.00, real=0.03 secs] 
171.123: Total time for which application threads were stopped: 0.0344490 seconds, Stopping threads took: 0.0001050 seconds
171.303: Application time: 0.1796830 seconds
171.303: [GC [PSYoungGen: 562048K->23232K(581120K)] 1003095K->513063K(1430016K), 0.0288860 secs] [Times: user=0.23 sys=0.00, real=0.03 secs] 
171.332: Total time for which application threads were stopped: 0.0291340 seconds, Stopping threads took: 0.0001320 seconds
171.554: Application time: 0.2220740 seconds
171.554: [GC [PSYoungGen: 522944K->59728K(581120K)] 1012775K->557471K(1430016K), 0.0298310 secs] [Times: user=0.23 sys=0.00, real=0.03 secs] 
171.584: Total time for which application threads were stopped: 0.0300570 seconds, Stopping threads took: 0.0001010 seconds
171.772: Application time: 0.1878420 seconds
171.772: [GC [PSYoungGen: 558928K->54688K(583168K)] 1056671K->572674K(1432064K), 0.0324640 secs] [Times: user=0.26 sys=0.00, real=0.04 secs] 
171.805: Total time for which application threads were stopped: 0.0326690 seconds, Stopping threads took: 0.0000940 seconds
172.003: Application time: 0.1982820 seconds
172.003: [GC [PSYoungGen: 553888K->24448K(583168K)] 1071874K->591413K(1432064K), 0.0299540 secs] [Times: user=0.24 sys=0.00, real=0.03 secs] 
172.033: Total time for which application threads were stopped: 0.0301680 seconds, Stopping threads took: 0.0000950 seconds
172.251: Application time: 0.2174950 seconds
172.251: [GC [PSYoungGen: 524672K->63744K(564224K)] 1091637K->637060K(1413120K), 0.0299810 secs] [Times: user=0.20 sys=0.03, real=0.03 secs] 
172.281: Total time for which application threads were stopped: 0.0302110 seconds, Stopping threads took: 0.0001010 seconds
172.452: Application time: 0.1707570 seconds
172.452: [GC [PSYoungGen: 563968K->38832K(583168K)] 1137284K->643171K(1432064K), 0.0290290 secs] [Times: user=0.22 sys=0.00, real=0.03 secs] 
172.481: Total time for which application threads were stopped: 0.0292410 seconds, Stopping threads took: 0.0001010 seconds
172.699: Application time: 0.2185610 seconds
172.700: [GC [PSYoungGen: 535472K->39520K(536576K)] 1139811K->674825K(1385472K), 0.0303710 secs] [Times: user=0.24 sys=0.00, real=0.03 secs] 
172.730: Total time for which application threads were stopped: 0.0306000 seconds, Stopping threads took: 0.0001120 seconds
172.933: Application time: 0.2027090 seconds
172.933: [GC [PSYoungGen: 536160K->63296K(574976K)] 1171465K->713167K(1423872K), 0.0329990 secs] [Times: user=0.25 sys=0.00, real=0.04 secs] 
172.966: Total time for which application threads were stopped: 0.0332180 seconds, Stopping threads took: 0.0000860 seconds
173.141: Application time: 0.1747880 seconds
173.141: [GC [PSYoungGen: 556864K->19728K(578048K)] 1206735K->719287K(1426944K), 0.0282110 secs] [Times: user=0.23 sys=0.00, real=0.03 secs] 
173.169: Total time for which application threads were stopped: 0.0284340 seconds, Stopping threads took: 0.0001110 seconds
173.390: Application time: 0.2210610 seconds
173.390: [GC [PSYoungGen: 513296K->63408K(576512K)] 1212855K->767259K(1425408K), 0.0291170 secs] [Times: user=0.23 sys=0.00, real=0.03 secs] 
173.420: Total time for which application threads were stopped: 0.0293270 seconds, Stopping threads took: 0.0000950 seconds
173.601: Application time: 0.1819040 seconds
173.602: [GC [PSYoungGen: 554416K->51424K(579072K)] 1258267K->782878K(1427968K), 0.0344000 secs] [Times: user=0.27 sys=0.00, real=0.03 secs] 
173.636: Total time for which application threads were stopped: 0.0346070 seconds, Stopping threads took: 0.0000820 seconds
173.835: Application time: 0.1988870 seconds
173.835: [GC [PSYoungGen: 542432K->25440K(578560K)] 1273886K->805053K(1427456K), 0.0305560 secs] [Times: user=0.25 sys=0.00, real=0.04 secs] 
173.866: Total time for which application threads were stopped: 0.0308200 seconds, Stopping threads took: 0.0001500 seconds
174.079: Application time: 0.2129330 seconds
174.079: [GC [PSYoungGen: 518496K->63824K(557056K)] 1298109K->849592K(1405952K), 0.0301590 secs] [Times: user=0.23 sys=0.00, real=0.03 secs] 
174.109: [Full GC [PSYoungGen: 63824K->0K(557056K)] [ParOldGen: 785768K->79122K(866816K)] 849592K->79122K(1423872K) [PSPermGen: 8877K->8877K(21504K)], 0.0876410 secs] [Times: user=0.62 sys=0.00, real=0.09 secs] 
174.197: Total time for which application threads were stopped: 0.1180850 seconds, Stopping threads took: 0.0001070 seconds
174.363: Application time: 0.1659890 seconds
174.363: [GC [PSYoungGen: 493056K->29952K(579584K)] 572178K->109074K(1446400K), 0.0128000 secs] [Times: user=0.10 sys=0.00, real=0.01 secs] 
174.376: Total time for which application threads were stopped: 0.0130370 seconds, Stopping threads took: 0.0001100 seconds
174.596: Application time: 0.2200590 seconds
174.596: [GC [PSYoungGen: 520960K->48608K(539648K)] 600082K->149568K(1406464K), 0.0302190 secs] [Times: user=0.24 sys=0.00, real=0.04 secs] 
174.626: Total time for which application threads were stopped: 0.0304460 seconds, Stopping threads took: 0.0001140 seconds
174.820: Application time: 0.1932740 seconds
174.821: [GC [PSYoungGen: 539616K->57824K(574464K)] 640576K->176199K(1441280K), 0.0313550 secs] [Times: user=0.25 sys=0.00, real=0.03 secs] 
174.852: Total time for which application threads were stopped: 0.0323350 seconds, Stopping threads took: 0.0008550 seconds
175.035: Application time: 0.1831420 seconds
175.035: [GC [PSYoungGen: 547808K->18960K(575488K)] 666183K->189963K(1442304K), 0.0285500 secs] [Times: user=0.23 sys=0.00, real=0.03 secs] 
175.064: Total time for which application threads were stopped: 0.0287930 seconds, Stopping threads took: 0.0001100 seconds
175.282: Application time: 0.2177270 seconds
175.282: [GC [PSYoungGen: 508944K->62976K(574976K)] 679947K->242310K(1441792K), 0.0298600 secs] [Times: user=0.23 sys=0.00, real=0.03 secs] 
175.312: Total time for which application threads were stopped: 0.0300640 seconds, Stopping threads took: 0.0000840 seconds
175.481: Application time: 0.1691410 seconds
175.481: [GC [PSYoungGen: 551936K->46416K(535552K)] 731270K->244758K(1402368K), 0.0273680 secs] [Times: user=0.20 sys=0.01, real=0.03 secs] 
175.508: Total time for which application threads were stopped: 0.0276020 seconds, Stopping threads took: 0.0001090 seconds
175.721: Application time: 0.2128540 seconds
175.721: [GC [PSYoungGen: 535376K->32112K(578560K)] 733718K->269259K(1445376K), 0.0295010 secs] [Times: user=0.23 sys=0.00, real=0.03 secs] 
175.751: Total time for which application threads were stopped: 0.0297450 seconds, Stopping threads took: 0.0001120 seconds
175.954: Application time: 0.2034400 seconds
175.955: [GC [PSYoungGen: 525680K->63856K(577024K)] 762827K->313785K(1443840K), 0.0324710 secs] [Times: user=0.25 sys=0.00, real=0.04 secs] 
175.987: Total time for which application threads were stopped: 0.0326670 seconds, Stopping threads took: 0.0000830 seconds
176.160: Application time: 0.1729570 seconds
176.160: [GC [PSYoungGen: 557424K->14928K(577536K)] 807353K->322349K(1444352K), 0.0285330 secs] [Times: user=0.21 sys=0.00, real=0.03 secs] 
176.189: Total time for which application threads were stopped: 0.0287470 seconds, Stopping threads took: 0.0000980 seconds
176.411: Application time: 0.2218520 seconds
176.411: [GC [PSYoungGen: 505936K->65712K(557056K)] 813357K->378717K(1423872K), 0.0304830 secs] [Times: user=0.24 sys=0.00, real=0.03 secs] 
176.441: Total time for which application threads were stopped: 0.0307010 seconds, Stopping threads took: 0.0000910 seconds
176.623: Application time: 0.1817290 seconds
176.623: [GC [PSYoungGen: 556720K->49024K(578560K)] 869725K->400406K(1445376K), 0.0366020 secs] [Times: user=0.29 sys=0.00, real=0.04 secs] 
176.660: Total time for which application threads were stopped: 0.0368220 seconds, Stopping threads took: 0.0001090 seconds
176.856: Application time: 0.1963570 seconds
176.857: [GC [PSYoungGen: 535424K->25936K(512512K)] 886806K->422710K(1379328K), 0.0290300 secs] [Times: user=0.23 sys=0.00, real=0.03 secs] 
176.886: Total time for which application threads were stopped: 0.0292650 seconds, Stopping threads took: 0.0001170 seconds
177.093: Application time: 0.2071560 seconds
177.093: [GC [PSYoungGen: 512336K->62512K(571392K)] 909110K->466474K(1438208K), 0.0295730 secs] [Times: user=0.24 sys=0.00, real=0.03 secs] 
177.123: Total time for which application threads were stopped: 0.0297930 seconds, Stopping threads took: 0.0000950 seconds
177.289: Application time: 0.1660330 seconds
177.289: [GC [PSYoungGen: 546352K->27056K(573952K)] 950314K->473439K(1440768K), 0.0278430 secs] [Times: user=0.22 sys=0.00, real=0.03 secs] 
177.317: Total time for which application threads were stopped: 0.0280810 seconds, Stopping threads took: 0.0001250 seconds
177.537: Application time: 0.2202590 seconds
177.537: [GC [PSYoungGen: 510896K->52560K(572928K)] 957279K->516954K(1439744K), 0.0304290 secs] [Times: user=0.24 sys=0.00, real=0.03 secs] 
177.568: Total time for which application threads were stopped: 0.0306350 seconds, Stopping threads took: 0.0000940 seconds
177.754: Application time: 0.1864180 seconds
177.754: [GC [PSYoungGen: 540496K->54464K(575488K)] 1004890K->544632K(1442304K), 0.0344410 secs] [Times: user=0.27 sys=0.00, real=0.04 secs] 
177.789: Total time for which application threads were stopped: 0.0346730 seconds, Stopping threads took: 0.0001070 seconds
177.978: Application time: 0.1893740 seconds
177.978: [GC [PSYoungGen: 542400K->23360K(578048K)] 1032568K->560832K(1444864K), 0.0287210 secs] [Times: user=0.22 sys=0.00, real=0.03 secs] 
178.007: Total time for which application threads were stopped: 0.0289510 seconds, Stopping threads took: 0.0001150 seconds
178.222: Application time: 0.2145830 seconds
178.222: [GC [PSYoungGen: 515904K->66672K(559616K)] 1053376K->605712K(1426432K), 0.0297860 secs] [Times: user=0.24 sys=0.00, real=0.03 secs] 
178.252: Total time for which application threads were stopped: 0.0300120 seconds, Stopping threads took: 0.0001100 seconds
178.421: Application time: 0.1697010 seconds
178.422: [GC [PSYoungGen: 559216K->37904K(579072K)] 1098256K->605003K(1445888K), 0.0278640 secs] [Times: user=0.22 sys=0.00, real=0.03 secs] 
178.449: Total time for which application threads were stopped: 0.0281340 seconds, Stopping threads took: 0.0001340 seconds
178.666: Application time: 0.2168290 seconds
178.666: [GC [PSYoungGen: 525840K->38208K(526336K)] 1092939K->640631K(1393152K), 0.0311640 secs] [Times: user=0.24 sys=0.00, real=0.03 secs] 
178.698: Total time for which application threads were stopped: 0.0313870 seconds, Stopping threads took: 0.0001110 seconds
178.892: Application time: 0.1948120 seconds
178.893: [GC [PSYoungGen: 526144K->61072K(570880K)] 1128567K->677918K(1437696K), 0.0336770 secs] [Times: user=0.26 sys=0.00, real=0.04 secs] 
178.926: Total time for which application threads were stopped: 0.0339000 seconds, Stopping threads took: 0.0001110 seconds
179.104: Application time: 0.1774360 seconds
179.104: [GC [PSYoungGen: 546960K->19696K(572928K)] 1163806K->690478K(1439744K), 0.0299210 secs] [Times: user=0.23 sys=0.00, real=0.03 secs] 
179.134: Total time for which application threads were stopped: 0.0301560 seconds, Stopping threads took: 0.0001110 seconds
179.351: Application time: 0.2165480 seconds
179.351: [GC [PSYoungGen: 505584K->64896K(572416K)] 1176366K->743238K(1439232K), 0.0318430 secs] [Times: user=0.25 sys=0.00, real=0.03 secs] 
179.383: Total time for which application threads were stopped: 0.0320710 seconds, Stopping threads took: 0.0001000 seconds
179.553: Application time: 0.1700180 seconds
179.553: [GC [PSYoungGen: 549760K->43952K(528896K)] 1228102K->750392K(1395712K), 0.0309060 secs] [Times: user=0.24 sys=0.00, real=0.03 secs] 
179.584: Total time for which application threads were stopped: 0.0311400 seconds, Stopping threads took: 0.0001220 seconds
179.793: Application time: 0.2094300 seconds
179.793: [GC [PSYoungGen: 528816K->31392K(576512K)] 1235256K->776941K(1443328K), 0.0296740 secs] [Times: user=0.23 sys=0.00, real=0.03 secs] 
179.823: Total time for which application threads were stopped: 0.0299130 seconds, Stopping threads took: 0.0001070 seconds
180.023: Application time: 0.1994690 seconds
180.023: [GC [PSYoungGen: 521376K->63600K(574976K)] 1266925K->820055K(1441792K), 0.0317820 secs] [Times: user=0.26 sys=0.00, real=0.03 secs] 
180.055: Total time for which application threads were stopped: 0.0319920 seconds, Stopping threads took: 0.0000940 seconds
180.230: Application time: 0.1754110 seconds
180.233: [GC [PSYoungGen: 553584K->21472K(579072K)] 1310039K->823876K(1445888K), 0.0275550 secs] [Times: user=0.21 sys=0.00, real=0.03 secs] 
180.260: [Full GC [PSYoungGen: 21472K->0K(579072K)] [ParOldGen: 802404K->75448K(880640K)] 823876K->75448K(1459712K) [PSPermGen: 8877K->8877K(21504K)], 0.0822000 secs] [Times: user=0.58 sys=0.00, real=0.08 secs] 
180.342: Total time for which application threads were stopped: 0.1124130 seconds, Stopping threads took: 0.0024770 seconds
180.563: Application time: 0.2210710 seconds
180.564: [GC [PSYoungGen: 491008K->60464K(551936K)] 566456K->135912K(1432576K), 0.0264100 secs] [Times: user=0.21 sys=0.00, real=0.03 secs] 
180.590: Total time for which application threads were stopped: 0.0266430 seconds, Stopping threads took: 0.0001110 seconds
180.769: Application time: 0.1788740 seconds
180.769: [GC [PSYoungGen: 551472K->49792K(580096K)] 626920K->149595K(1460736K), 0.0315640 secs] [Times: user=0.25 sys=0.00, real=0.03 secs] 
180.801: Total time for which application threads were stopped: 0.0317860 seconds, Stopping threads took: 0.0001050 seconds
181.001: Application time: 0.2007260 seconds
181.002: [GC [PSYoungGen: 539776K->26416K(516608K)] 639579K->170431K(1397248K), 0.0285530 secs] [Times: user=0.22 sys=0.00, real=0.03 secs] 
181.030: Total time for which application threads were stopped: 0.0287500 seconds, Stopping threads took: 0.0000820 seconds
181.239: Application time: 0.2084210 seconds
181.239: [GC [PSYoungGen: 516400K->66848K(572416K)] 660415K->213607K(1453056K), 0.0298320 secs] [Times: user=0.23 sys=0.00, real=0.03 secs] 
181.269: Total time for which application threads were stopped: 0.0300560 seconds, Stopping threads took: 0.0000950 seconds
181.436: Application time: 0.1672070 seconds
181.436: [GC [PSYoungGen: 552736K->19888K(576512K)] 699495K->221059K(1457152K), 0.0295510 secs] [Times: user=0.23 sys=0.00, real=0.04 secs] 
181.466: Total time for which application threads were stopped: 0.0297750 seconds, Stopping threads took: 0.0001110 seconds
181.684: Application time: 0.2187240 seconds
181.689: [GC [PSYoungGen: 505776K->54704K(575488K)] 706947K->271446K(1456128K), 0.0294420 secs] [Times: user=0.24 sys=0.00, real=0.03 secs] 
181.718: Total time for which application threads were stopped: 0.0335670 seconds, Stopping threads took: 0.0040130 seconds
181.904: Application time: 0.1856270 seconds
181.904: [GC [PSYoungGen: 540592K->53536K(576000K)] 757334K->296052K(1456640K), 0.0336920 secs] [Times: user=0.26 sys=0.00, real=0.04 secs] 
181.938: Total time for which application threads were stopped: 0.0339160 seconds, Stopping threads took: 0.0001010 seconds
182.127: Application time: 0.1892160 seconds
182.129: [GC [PSYoungGen: 539424K->27808K(574464K)] 781940K->311876K(1455104K), 0.0280950 secs] [Times: user=0.22 sys=0.00, real=0.03 secs] 
182.157: Total time for which application threads were stopped: 0.0298850 seconds, Stopping threads took: 0.0016790 seconds
182.370: Application time: 0.2132650 seconds
182.370: [GC [PSYoungGen: 515744K->62848K(575488K)] 799812K->354160K(1456128K), 0.0308480 secs] [Times: user=0.24 sys=0.00, real=0.03 secs] 
182.401: Total time for which application threads were stopped: 0.0310820 seconds, Stopping threads took: 0.0001220 seconds
182.567: Application time: 0.1657950 seconds
182.567: [GC [PSYoungGen: 550784K->33568K(577536K)] 842096K->356502K(1458176K), 0.0263970 secs] [Times: user=0.21 sys=0.00, real=0.02 secs] 
182.593: Total time for which application threads were stopped: 0.0266150 seconds, Stopping threads took: 0.0000910 seconds
182.811: Application time: 0.2178200 seconds
182.811: [GC [PSYoungGen: 522528K->42400K(531456K)] 845462K->392952K(1412096K), 0.0298750 secs] [Times: user=0.23 sys=0.00, real=0.03 secs] 
182.841: Total time for which application threads were stopped: 0.0301090 seconds, Stopping threads took: 0.0001220 seconds
183.036: Application time: 0.1942390 seconds
183.036: [GC [PSYoungGen: 531360K->60832K(572416K)] 881912K->430678K(1453056K), 0.0338720 secs] [Times: user=0.27 sys=0.00, real=0.04 secs] 
183.070: Total time for which application threads were stopped: 0.0340800 seconds, Stopping threads took: 0.0000990 seconds
183.252: Application time: 0.1818880 seconds
183.253: [GC [PSYoungGen: 549280K->23968K(574464K)] 919126K->441310K(1455104K), 0.0288260 secs] [Times: user=0.23 sys=0.00, real=0.03 secs] 
183.281: Total time for which application threads were stopped: 0.0298450 seconds, Stopping threads took: 0.0008910 seconds
183.498: Application time: 0.2163000 seconds
183.498: [GC [PSYoungGen: 512416K->61792K(576000K)] 929758K->488134K(1456640K), 0.0306800 secs] [Times: user=0.24 sys=0.00, real=0.03 secs] 
183.529: Total time for which application threads were stopped: 0.0308930 seconds, Stopping threads took: 0.0000980 seconds
183.701: Application time: 0.1726170 seconds
183.701: [GC [PSYoungGen: 551776K->47104K(537600K)] 978118K->495217K(1418240K), 0.0296190 secs] [Times: user=0.23 sys=0.00, real=0.03 secs] 
183.731: Total time for which application threads were stopped: 0.0298410 seconds, Stopping threads took: 0.0001070 seconds
183.939: Application time: 0.2080430 seconds
183.939: [GC [PSYoungGen: 537088K->30992K(578048K)] 985201K->516649K(1458688K), 0.0281760 secs] [Times: user=0.22 sys=0.00, real=0.03 secs] 
183.968: Total time for which application threads were stopped: 0.0284280 seconds, Stopping threads took: 0.0001220 seconds
184.170: Application time: 0.2024920 seconds
184.170: [GC [PSYoungGen: 524560K->62656K(577024K)] 1010217K->555989K(1457664K), 0.0300480 secs] [Times: user=0.23 sys=0.00, real=0.03 secs] 
184.200: Total time for which application threads were stopped: 0.0302570 seconds, Stopping threads took: 0.0000950 seconds
184.376: Application time: 0.1757750 seconds
184.376: [GC [PSYoungGen: 556224K->18544K(579584K)] 1049557K->565689K(1460224K), 0.0290710 secs] [Times: user=0.22 sys=0.00, real=0.04 secs] 
184.405: Total time for which application threads were stopped: 0.0293160 seconds, Stopping threads took: 0.0001200 seconds
184.625: Application time: 0.2200570 seconds
184.626: [GC [PSYoungGen: 511600K->60464K(553984K)] 1058745K->619056K(1434624K), 0.0308360 secs] [Times: user=0.24 sys=0.00, real=0.03 secs] 
184.657: Total time for which application threads were stopped: 0.0310660 seconds, Stopping threads took: 0.0001040 seconds
184.842: Application time: 0.1858300 seconds
184.843: [GC [PSYoungGen: 553520K->53152K(579584K)] 1112112K->637071K(1460224K), 0.0333420 secs] [Times: user=0.26 sys=0.00, real=0.03 secs] 
184.876: Total time for which application threads were stopped: 0.0335620 seconds, Stopping threads took: 0.0001070 seconds
185.068: Application time: 0.1925240 seconds
185.069: [GC [PSYoungGen: 543648K->29680K(520192K)] 1127567K->654375K(1400832K), 0.0292470 secs] [Times: user=0.23 sys=0.00, real=0.03 secs] 
185.098: Total time for which application threads were stopped: 0.0295240 seconds, Stopping threads took: 0.0001630 seconds
185.311: Application time: 0.2125760 seconds
185.311: [GC [PSYoungGen: 520176K->62256K(573952K)] 1144871K->694706K(1454592K), 0.0305700 secs] [Times: user=0.24 sys=0.00, real=0.03 secs] 
185.341: Total time for which application threads were stopped: 0.0308090 seconds, Stopping threads took: 0.0001050 seconds
185.508: Application time: 0.1668470 seconds
185.508: [GC [PSYoungGen: 550192K->33536K(576512K)] 1182642K->700488K(1457152K), 0.0280060 secs] [Times: user=0.21 sys=0.00, real=0.03 secs] 
185.536: Total time for which application threads were stopped: 0.0282210 seconds, Stopping threads took: 0.0000970 seconds
185.753: Application time: 0.2162080 seconds
185.753: [GC [PSYoungGen: 521472K->42720K(570880K)] 1188424K->737309K(1451520K), 0.0297200 secs] [Times: user=0.23 sys=0.00, real=0.03 secs] 
185.783: Total time for which application threads were stopped: 0.0299390 seconds, Stopping threads took: 0.0001110 seconds
185.975: Application time: 0.1923410 seconds
185.975: [GC [PSYoungGen: 534752K->62048K(574976K)] 1229341K->779076K(1455616K), 0.0354210 secs] [Times: user=0.28 sys=0.00, real=0.04 secs] 
186.011: Total time for which application threads were stopped: 0.0356770 seconds, Stopping threads took: 0.0001270 seconds
186.196: Application time: 0.1853230 seconds
186.196: [GC [PSYoungGen: 554080K->21280K(580608K)] 1271108K->787744K(1461248K), 0.0291890 secs] [Times: user=0.23 sys=0.00, real=0.04 secs] 
186.225: Total time for which application threads were stopped: 0.0294260 seconds, Stopping threads took: 0.0001260 seconds
186.443: Application time: 0.2178970 seconds
186.445: [GC [PSYoungGen: 516384K->63584K(559104K)] 1282848K->839959K(1439744K), 0.0315120 secs] [Times: user=0.24 sys=0.00, real=0.02 secs] 
186.476: Total time for which application threads were stopped: 0.0328160 seconds, Stopping threads took: 0.0011930 seconds
186.652: Application time: 0.1754830 seconds
186.652: [GC [PSYoungGen: 558688K->46720K(582144K)] 1335063K->845650K(1462784K), 0.0296990 secs] [Times: user=0.24 sys=0.00, real=0.03 secs] 
186.681: Total time for which application threads were stopped: 0.0299260 seconds, Stopping threads took: 0.0001080 seconds
186.889: Application time: 0.2070780 seconds
186.889: [GC [PSYoungGen: 539776K->32240K(525312K)] 1338706K->868791K(1405952K), 0.0290040 secs] [Times: user=0.21 sys=0.02, real=0.03 secs] 
186.918: [Full GC [PSYoungGen: 32240K->0K(525312K)] [ParOldGen: 836551K->78032K(889856K)] 868791K->78032K(1415168K) [PSPermGen: 8877K->8877K(21504K)], 0.0865160 secs] [Times: user=0.61 sys=0.00, real=0.08 secs] 
187.004: Total time for which application threads were stopped: 0.1157730 seconds, Stopping threads took: 0.0000810 seconds
187.209: Application time: 0.2047190 seconds
187.209: [GC [PSYoungGen: 493056K->62096K(573952K)] 571088K->140128K(1463808K), 0.0264490 secs] [Times: user=0.21 sys=0.00, real=0.02 secs] 
187.236: Total time for which application threads were stopped: 0.0266890 seconds, Stopping threads took: 0.0001160 seconds
187.407: Application time: 0.1708350 seconds
187.407: [GC [PSYoungGen: 552592K->19536K(576512K)] 630624K->150720K(1466368K), 0.0285520 secs] [Times: user=0.22 sys=0.00, real=0.02 secs] 
187.435: Total time for which application threads were stopped: 0.0287830 seconds, Stopping threads took: 0.0001150 seconds
187.656: Application time: 0.2203990 seconds
187.656: [GC [PSYoungGen: 510032K->58032K(578560K)] 641216K->202996K(1468416K), 0.0303760 secs] [Times: user=0.24 sys=0.00, real=0.04 secs] 
187.686: Total time for which application threads were stopped: 0.0305850 seconds, Stopping threads took: 0.0000950 seconds
187.870: Application time: 0.1838880 seconds
187.870: [GC [PSYoungGen: 550064K->50000K(542208K)] 695028K->220202K(1432064K), 0.0317570 secs] [Times: user=0.25 sys=0.00, real=0.03 secs] 
187.902: Total time for which application threads were stopped: 0.0319950 seconds, Stopping threads took: 0.0001130 seconds
188.097: Application time: 0.1948030 seconds
188.097: [GC [PSYoungGen: 542032K->28848K(580096K)] 712234K->240806K(1469952K), 0.0289710 secs] [Times: user=0.23 sys=0.00, real=0.03 secs] 
188.126: Total time for which application threads were stopped: 0.0292200 seconds, Stopping threads took: 0.0001360 seconds
188.341: Application time: 0.2148500 seconds
188.341: [GC [PSYoungGen: 523440K->62208K(578560K)] 735398K->282958K(1468416K), 0.0300320 secs] [Times: user=0.24 sys=0.00, real=0.03 secs] 
188.371: Total time for which application threads were stopped: 0.0302640 seconds, Stopping threads took: 0.0001210 seconds
188.541: Application time: 0.1693600 seconds
188.541: [GC [PSYoungGen: 556800K->38016K(580096K)] 777550K->288268K(1469952K), 0.0280220 secs] [Times: user=0.22 sys=0.00, real=0.03 secs] 
188.569: Total time for which application threads were stopped: 0.0282370 seconds, Stopping threads took: 0.0000900 seconds
188.788: Application time: 0.2185870 seconds
188.788: [GC [PSYoungGen: 534144K->40624K(580096K)] 784396K->319970K(1469952K), 0.0292290 secs] [Times: user=0.23 sys=0.00, real=0.03 secs] 
188.817: Total time for which application threads were stopped: 0.0294300 seconds, Stopping threads took: 0.0000870 seconds
189.018: Application time: 0.2014030 seconds
189.019: [GC [PSYoungGen: 536752K->60736K(577536K)] 816098K->353709K(1467392K), 0.0323670 secs] [Times: user=0.25 sys=0.00, real=0.03 secs] 
189.051: Total time for which application threads were stopped: 0.0325680 seconds, Stopping threads took: 0.0000860 seconds
189.231: Application time: 0.1796510 seconds
189.231: [GC [PSYoungGen: 557376K->14880K(580096K)] 850349K->365016K(1469952K), 0.0288190 secs] [Times: user=0.23 sys=0.00, real=0.03 secs] 
189.260: Total time for which application threads were stopped: 0.0290480 seconds, Stopping threads took: 0.0001010 seconds
189.481: Application time: 0.2209420 seconds
189.481: [GC [PSYoungGen: 511520K->62912K(576000K)] 861656K->422332K(1465856K), 0.0305380 secs] [Times: user=0.25 sys=0.00, real=0.03 secs] 
189.511: Total time for which application threads were stopped: 0.0307430 seconds, Stopping threads took: 0.0000870 seconds
189.690: Application time: 0.1787400 seconds
189.690: [GC [PSYoungGen: 553920K->48192K(579072K)] 913340K->435026K(1468928K), 0.0318030 secs] [Times: user=0.25 sys=0.00, real=0.03 secs] 
189.722: Total time for which application threads were stopped: 0.0320340 seconds, Stopping threads took: 0.0001200 seconds
189.925: Application time: 0.2023620 seconds
189.929: [GC [PSYoungGen: 539200K->32208K(576000K)] 926034K->457367K(1465856K), 0.0293320 secs] [Times: user=0.23 sys=0.00, real=0.03 secs] 
189.958: Total time for which application threads were stopped: 0.0333570 seconds, Stopping threads took: 0.0039010 seconds
190.168: Application time: 0.2100530 seconds
190.168: [GC [PSYoungGen: 526288K->61424K(577536K)] 951447K->495386K(1467392K), 0.0307010 secs] [Times: user=0.24 sys=0.00, real=0.03 secs] 
190.199: Total time for which application threads were stopped: 0.0309660 seconds, Stopping threads took: 0.0001490 seconds
190.369: Application time: 0.1704470 seconds
190.370: [GC [PSYoungGen: 555504K->31520K(582144K)] 989466K->500084K(1472000K), 0.0266680 secs] [Times: user=0.21 sys=0.00, real=0.02 secs] 
190.396: Total time for which application threads were stopped: 0.0268880 seconds, Stopping threads took: 0.0001080 seconds
190.617: Application time: 0.2210860 seconds
190.618: [GC [PSYoungGen: 528160K->49520K(546304K)] 996724K->538967K(1436160K), 0.0305310 secs] [Times: user=0.24 sys=0.00, real=0.03 secs] 
190.648: Total time for which application threads were stopped: 0.0307710 seconds, Stopping threads took: 0.0001170 seconds
190.842: Application time: 0.1937040 seconds
190.842: [GC [PSYoungGen: 546160K->60800K(577536K)] 1035607K->573240K(1467392K), 0.0353260 secs] [Times: user=0.28 sys=0.00, real=0.04 secs] 
190.877: Total time for which application threads were stopped: 0.0355370 seconds, Stopping threads took: 0.0000920 seconds
191.065: Application time: 0.1876750 seconds
191.065: [GC [PSYoungGen: 555904K->20976K(579584K)] 1068344K->585416K(1469440K), 0.0296360 secs] [Times: user=0.23 sys=0.00, real=0.02 secs] 
191.095: Total time for which application threads were stopped: 0.0298800 seconds, Stopping threads took: 0.0001290 seconds
191.312: Application time: 0.2171680 seconds
191.312: [GC [PSYoungGen: 516080K->61680K(577024K)] 1080520K->635383K(1466880K), 0.0313570 secs] [Times: user=0.24 sys=0.00, real=0.03 secs] 
191.344: Total time for which application threads were stopped: 0.0315820 seconds, Stopping threads took: 0.0000960 seconds
191.516: Application time: 0.1727620 seconds
191.517: [GC [PSYoungGen: 553712K->43328K(535552K)] 1127415K->645994K(1425408K), 0.0304210 secs] [Times: user=0.24 sys=0.00, real=0.03 secs] 
191.547: Total time for which application threads were stopped: 0.0306080 seconds, Stopping threads took: 0.0000810 seconds
191.758: Application time: 0.2113030 seconds
191.759: [GC [PSYoungGen: 535360K->35104K(580608K)] 1138026K->673495K(1470464K), 0.0295000 secs] [Times: user=0.23 sys=0.00, real=0.03 secs] 
191.788: Total time for which application threads were stopped: 0.0297300 seconds, Stopping threads took: 0.0001180 seconds
191.993: Application time: 0.2048680 seconds
191.993: [GC [PSYoungGen: 531744K->61568K(578560K)] 1170135K->711334K(1468416K), 0.0314220 secs] [Times: user=0.25 sys=0.00, real=0.04 secs] 
192.025: Total time for which application threads were stopped: 0.0316420 seconds, Stopping threads took: 0.0000920 seconds
192.201: Application time: 0.1760090 seconds
192.201: [GC [PSYoungGen: 558208K->24112K(582656K)] 1207974K->718711K(1472512K), 0.0283590 secs] [Times: user=0.21 sys=0.00, real=0.03 secs] 
192.229: Total time for which application threads were stopped: 0.0285590 seconds, Stopping threads took: 0.0000890 seconds
192.450: Application time: 0.2213160 seconds
192.451: [GC [PSYoungGen: 522288K->57312K(555520K)] 1216887K->765198K(1445376K), 0.0311060 secs] [Times: user=0.24 sys=0.00, real=0.03 secs] 
192.482: Total time for which application threads were stopped: 0.0313470 seconds, Stopping threads took: 0.0001260 seconds
192.672: Application time: 0.1901090 seconds
192.672: [GC [PSYoungGen: 555488K->53152K(583168K)] 1263374K->780185K(1473024K), 0.0317340 secs] [Times: user=0.25 sys=0.00, real=0.03 secs] 
192.704: Total time for which application threads were stopped: 0.0319540 seconds, Stopping threads took: 0.0000960 seconds
192.898: Application time: 0.1937460 seconds
192.898: [GC [PSYoungGen: 551328K->28016K(526336K)] 1278361K->795425K(1416192K), 0.0292080 secs] [Times: user=0.22 sys=0.00, real=0.03 secs] 
192.927: Total time for which application threads were stopped: 0.0294380 seconds, Stopping threads took: 0.0001160 seconds
193.143: Application time: 0.2156740 seconds
193.143: [GC [PSYoungGen: 526192K->59808K(579584K)] 1293601K->838273K(1469440K), 0.0315330 secs] [Times: user=0.24 sys=0.00, real=0.03 secs] 
193.175: Total time for which application threads were stopped: 0.0317380 seconds, Stopping threads took: 0.0000910 seconds
193.349: Application time: 0.1747390 seconds
193.349: [GC [PSYoungGen: 555936K->42736K(539136K)] 1334401K->848339K(1428992K), 0.0292050 secs] [Times: user=0.23 sys=0.00, real=0.03 secs] 
193.379: Total time for which application threads were stopped: 0.0294290 seconds, Stopping threads took: 0.0000990 seconds
193.593: Application time: 0.2144270 seconds
193.593: [GC [PSYoungGen: 538864K->37408K(582144K)] 1344467K->876088K(1472000K), 0.0296720 secs] [Times: user=0.23 sys=0.00, real=0.03 secs] 
193.623: [Full GC [PSYoungGen: 37408K->0K(582144K)] [ParOldGen: 838680K->78657K(902144K)] 876088K->78657K(1484288K) [PSPermGen: 8877K->8877K(21504K)], 0.0867410 secs] [Times: user=0.63 sys=0.00, real=0.09 secs] 
193.710: Total time for which application threads were stopped: 0.1166850 seconds, Stopping threads took: 0.0000980 seconds
193.914: Application time: 0.2046560 seconds
193.915: [GC [PSYoungGen: 500224K->61376K(580096K)] 578881K->140033K(1482240K), 0.0273970 secs] [Times: user=0.21 sys=0.00, real=0.03 secs] 
193.942: Total time for which application threads were stopped: 0.0276830 seconds, Stopping threads took: 0.0001290 seconds
194.122: Application time: 0.1796170 seconds
194.122: [GC [PSYoungGen: 561600K->25056K(584704K)] 640257K->147998K(1486848K), 0.0278680 secs] [Times: user=0.22 sys=0.00, real=0.03 secs] 
194.150: Total time for which application threads were stopped: 0.0281100 seconds, Stopping threads took: 0.0001260 seconds
194.372: Application time: 0.2224100 seconds
194.372: [GC [PSYoungGen: 527328K->57024K(559616K)] 650270K->193229K(1461760K), 0.0296010 secs] [Times: user=0.23 sys=0.00, real=0.03 secs] 
194.402: Total time for which application threads were stopped: 0.0298220 seconds, Stopping threads took: 0.0001090 seconds
194.595: Application time: 0.1929810 seconds
194.597: [GC [PSYoungGen: 559296K->55120K(584192K)] 695501K->209364K(1486336K), 0.0304810 secs] [Times: user=0.24 sys=0.00, real=0.03 secs] 
194.627: Total time for which application threads were stopped: 0.0319570 seconds, Stopping threads took: 0.0013480 seconds
194.820: Application time: 0.1930340 seconds
194.820: [GC [PSYoungGen: 555856K->27120K(583680K)] 710100K->223797K(1485824K), 0.0274090 secs] [Times: user=0.22 sys=0.00, real=0.03 secs] 
194.848: Total time for which application threads were stopped: 0.0276480 seconds, Stopping threads took: 0.0001270 seconds
195.065: Application time: 0.2176430 seconds
195.066: [GC [PSYoungGen: 527856K->63152K(578048K)] 724533K->266352K(1480192K), 0.0302200 secs] [Times: user=0.24 sys=0.00, real=0.02 secs] 
195.096: Total time for which application threads were stopped: 0.0304340 seconds, Stopping threads took: 0.0001010 seconds
195.269: Application time: 0.1736000 seconds
195.270: [GC [PSYoungGen: 558256K->40256K(581120K)] 761456K->274223K(1483264K), 0.0288570 secs] [Times: user=0.23 sys=0.00, real=0.03 secs] 
195.299: Total time for which application threads were stopped: 0.0290770 seconds, Stopping threads took: 0.0001010 seconds
195.511: Application time: 0.2125270 seconds
195.511: [GC [PSYoungGen: 535360K->34992K(577024K)] 769327K->306395K(1479168K), 0.0299180 secs] [Times: user=0.24 sys=0.00, real=0.03 secs] 
195.541: Total time for which application threads were stopped: 0.0301470 seconds, Stopping threads took: 0.0001190 seconds
195.744: Application time: 0.2024110 seconds
195.744: [GC [PSYoungGen: 533168K->60560K(579072K)] 804571K->344730K(1481216K), 0.0306760 secs] [Times: user=0.24 sys=0.00, real=0.03 secs] 
195.775: Total time for which application threads were stopped: 0.0309040 seconds, Stopping threads took: 0.0001150 seconds
195.954: Application time: 0.1798550 seconds
195.955: [GC [PSYoungGen: 558736K->24672K(583680K)] 842906K->354235K(1485824K), 0.0280380 secs] [Times: user=0.22 sys=0.00, real=0.03 secs] 
195.983: Total time for which application threads were stopped: 0.0282670 seconds, Stopping threads took: 0.0001010 seconds
196.203: Application time: 0.2204960 seconds
196.203: [GC [PSYoungGen: 524896K->57312K(557568K)] 854459K->400006K(1459712K), 0.0302610 secs] [Times: user=0.24 sys=0.00, real=0.03 secs] 
196.234: Total time for which application threads were stopped: 0.0305030 seconds, Stopping threads took: 0.0001210 seconds
196.423: Application time: 0.1895110 seconds
196.423: [GC [PSYoungGen: 557536K->54176K(583168K)] 900230K->414821K(1485312K), 0.0309370 secs] [Times: user=0.25 sys=0.00, real=0.03 secs] 
196.454: Total time for which application threads were stopped: 0.0311500 seconds, Stopping threads took: 0.0000980 seconds
196.649: Application time: 0.1949000 seconds
196.649: [GC [PSYoungGen: 552864K->28160K(527360K)] 913509K->429542K(1429504K), 0.0273320 secs] [Times: user=0.21 sys=0.00, real=0.03 secs] 
196.677: Total time for which application threads were stopped: 0.0275580 seconds, Stopping threads took: 0.0001000 seconds
196.893: Application time: 0.2161480 seconds
196.893: [GC [PSYoungGen: 526848K->63168K(578048K)] 928230K->472897K(1480192K), 0.0324680 secs] [Times: user=0.25 sys=0.00, real=0.04 secs] 
196.926: Total time for which application threads were stopped: 0.0327150 seconds, Stopping threads took: 0.0001330 seconds
197.099: Application time: 0.1737520 seconds
197.100: [GC [PSYoungGen: 558272K->37520K(581120K)] 968001K->485295K(1483264K), 0.0315600 secs] [Times: user=0.25 sys=0.00, real=0.03 secs] 
197.131: Total time for which application threads were stopped: 0.0317930 seconds, Stopping threads took: 0.0001220 seconds
197.345: Application time: 0.2137350 seconds
197.349: [GC [PSYoungGen: 532624K->37920K(574976K)] 980399K->518488K(1477120K), 0.0300380 secs] [Times: user=0.24 sys=0.00, real=0.03 secs] 
197.379: Total time for which application threads were stopped: 0.0336800 seconds, Stopping threads took: 0.0035180 seconds
197.581: Application time: 0.2024110 seconds
197.581: [GC [PSYoungGen: 535072K->62208K(578560K)] 1015640K->554911K(1480704K), 0.0323500 secs] [Times: user=0.26 sys=0.00, real=0.03 secs] 
197.614: Total time for which application threads were stopped: 0.0325710 seconds, Stopping threads took: 0.0001050 seconds
197.792: Application time: 0.1782180 seconds
197.792: [GC [PSYoungGen: 559360K->23920K(583168K)] 1052063K->561980K(1485312K), 0.0281750 secs] [Times: user=0.22 sys=0.00, real=0.03 secs] 
197.820: Total time for which application threads were stopped: 0.0284070 seconds, Stopping threads took: 0.0001200 seconds
198.042: Application time: 0.2216210 seconds
198.042: [GC [PSYoungGen: 523120K->58272K(557568K)] 1061180K->608119K(1459712K), 0.0300110 secs] [Times: user=0.23 sys=0.00, real=0.03 secs] 
198.072: Total time for which application threads were stopped: 0.0302450 seconds, Stopping threads took: 0.0001080 seconds
198.260: Application time: 0.1874320 seconds
198.260: [GC [PSYoungGen: 557472K->52480K(583168K)] 1107319K->627809K(1485312K), 0.0332000 secs] [Times: user=0.27 sys=0.00, real=0.03 secs] 
198.293: Total time for which application threads were stopped: 0.0334250 seconds, Stopping threads took: 0.0001150 seconds
198.488: Application time: 0.1954090 seconds
198.489: [GC [PSYoungGen: 550144K->28464K(526336K)] 1125473K->644997K(1428480K), 0.0285200 secs] [Times: user=0.22 sys=0.00, real=0.03 secs] 
198.517: Total time for which application threads were stopped: 0.0287660 seconds, Stopping threads took: 0.0001320 seconds
198.732: Application time: 0.2152060 seconds
198.733: [GC [PSYoungGen: 526128K->62576K(578560K)] 1142661K->687981K(1480704K), 0.0318280 secs] [Times: user=0.25 sys=0.00, real=0.03 secs] 
198.764: Total time for which application threads were stopped: 0.0320860 seconds, Stopping threads took: 0.0001230 seconds
198.937: Application time: 0.1722530 seconds
198.937: [GC [PSYoungGen: 557680K->33904K(581120K)] 1183085K->696835K(1483264K), 0.0294100 secs] [Times: user=0.23 sys=0.00, real=0.03 secs] 
198.966: Total time for which application threads were stopped: 0.0296380 seconds, Stopping threads took: 0.0001160 seconds
199.181: Application time: 0.2150130 seconds
199.182: [GC [PSYoungGen: 529008K->39600K(573952K)] 1191939K->733036K(1476096K), 0.0298480 secs] [Times: user=0.24 sys=0.00, real=0.03 secs] 
199.211: Total time for which application threads were stopped: 0.0300810 seconds, Stopping threads took: 0.0001190 seconds
199.411: Application time: 0.2000230 seconds
199.412: [GC [PSYoungGen: 536240K->61040K(578048K)] 1229676K->764471K(1480192K), 0.0313470 secs] [Times: user=0.24 sys=0.00, real=0.03 secs] 
199.443: Total time for which application threads were stopped: 0.0315810 seconds, Stopping threads took: 0.0001120 seconds
199.623: Application time: 0.1801300 seconds
199.625: [GC [PSYoungGen: 557680K->20032K(582144K)] 1261111K->774832K(1484288K), 0.0294300 secs] [Times: user=0.23 sys=0.00, real=0.02 secs] 
199.654: Total time for which application threads were stopped: 0.0308610 seconds, Stopping threads took: 0.0013150 seconds
199.874: Application time: 0.2203760 seconds
199.875: [GC [PSYoungGen: 518208K->61808K(560128K)] 1273008K->825143K(1462272K), 0.0315000 secs] [Times: user=0.25 sys=0.00, real=0.04 secs] 
199.906: Total time for which application threads were stopped: 0.0317310 seconds, Stopping threads took: 0.0001180 seconds
200.091: Application time: 0.1852850 seconds
200.092: [GC [PSYoungGen: 559984K->51440K(582144K)] 1323319K->845121K(1484288K), 0.0352730 secs] [Times: user=0.27 sys=0.00, real=0.04 secs] 
200.127: Total time for which application threads were stopped: 0.0355260 seconds, Stopping threads took: 0.0001220 seconds
200.326: Application time: 0.1986060 seconds
200.326: [GC [PSYoungGen: 546544K->29264K(524800K)] 1340225K->863769K(1426944K), 0.0291850 secs] [Times: user=0.23 sys=0.00, real=0.02 secs] 
200.355: Total time for which application threads were stopped: 0.0293860 seconds, Stopping threads took: 0.0000860 seconds
200.568: Application time: 0.2126660 seconds
200.568: [GC [PSYoungGen: 524368K->61888K(576512K)] 1358873K->904445K(1478656K), 0.0308370 secs] [Times: user=0.24 sys=0.00, real=0.03 secs] 
200.599: [Full GC [PSYoungGen: 61888K->0K(576512K)] [ParOldGen: 842557K->79075K(923648K)] 904445K->79075K(1500160K) [PSPermGen: 8877K->8877K(21504K)], 0.0865390 secs] [Times: user=0.62 sys=0.00, real=0.09 secs] 
200.685: Total time for which application threads were stopped: 0.1176690 seconds, Stopping threads took: 0.0001130 seconds
200.855: Application time: 0.1698790 seconds
200.855: [GC [PSYoungGen: 492544K->29776K(579072K)] 571619K->108851K(1502720K), 0.0127920 secs] [Times: user=0.10 sys=0.00, real=0.02 secs] 
200.868: Total time for which application threads were stopped: 0.0130160 seconds, Stopping threads took: 0.0001040 seconds
201.087: Application time: 0.2184160 seconds
201.087: [GC [PSYoungGen: 522320K->45136K(571392K)] 601395K->149425K(1495040K), 0.0297410 secs] [Times: user=0.24 sys=0.00, real=0.03 secs] 
201.117: Total time for which application threads were stopped: 0.0299720 seconds, Stopping threads took: 0.0001160 seconds
201.311: Application time: 0.1943000 seconds
201.311: [GC [PSYoungGen: 540240K->56944K(576512K)] 644529K->180183K(1500160K), 0.0324320 secs] [Times: user=0.26 sys=0.00, real=0.03 secs] 
201.343: Total time for which application threads were stopped: 0.0326340 seconds, Stopping threads took: 0.0000880 seconds
201.531: Application time: 0.1873930 seconds
201.531: [GC [PSYoungGen: 552048K->24464K(584704K)] 675287K->193612K(1508352K), 0.0285070 secs] [Times: user=0.22 sys=0.00, real=0.03 secs] 
201.560: Total time for which application threads were stopped: 0.0287440 seconds, Stopping threads took: 0.0001120 seconds
201.780: Application time: 0.2202270 seconds
201.780: [GC [PSYoungGen: 526736K->63168K(565760K)] 695884K->244883K(1489408K), 0.0318530 secs] [Times: user=0.25 sys=0.00, real=0.03 secs] 
201.812: Total time for which application threads were stopped: 0.0320640 seconds, Stopping threads took: 0.0000980 seconds
201.993: Application time: 0.1814820 seconds
201.994: [GC [PSYoungGen: 565440K->48512K(584192K)] 747155K->251838K(1507840K), 0.0298420 secs] [Times: user=0.24 sys=0.00, real=0.03 secs] 
202.023: Total time for which application threads were stopped: 0.0300460 seconds, Stopping threads took: 0.0000920 seconds
202.231: Application time: 0.2076410 seconds
202.231: [GC [PSYoungGen: 546688K->31968K(530432K)] 750014K->273830K(1454080K), 0.0288180 secs] [Times: user=0.23 sys=0.00, real=0.03 secs] 
202.260: Total time for which application threads were stopped: 0.0290590 seconds, Stopping threads took: 0.0001060 seconds
202.468: Application time: 0.2083180 seconds
202.469: [GC [PSYoungGen: 530144K->61760K(576512K)] 772006K->311982K(1500160K), 0.0303860 secs] [Times: user=0.24 sys=0.00, real=0.03 secs] 
202.499: Total time for which application threads were stopped: 0.0306050 seconds, Stopping threads took: 0.0001070 seconds
202.672: Application time: 0.1725420 seconds
202.672: [GC [PSYoungGen: 556864K->26256K(579584K)] 807086K->316799K(1503232K), 0.0268520 secs] [Times: user=0.21 sys=0.00, real=0.03 secs] 
202.699: Total time for which application threads were stopped: 0.0270760 seconds, Stopping threads took: 0.0001120 seconds
202.918: Application time: 0.2196550 seconds
202.919: [GC [PSYoungGen: 521360K->53200K(581120K)] 811903K->358282K(1504768K), 0.0283800 secs] [Times: user=0.22 sys=0.00, real=0.03 secs] 
202.947: Total time for which application threads were stopped: 0.0286060 seconds, Stopping threads took: 0.0001050 seconds
203.139: Application time: 0.1915650 seconds
203.139: [GC [PSYoungGen: 551888K->56176K(582144K)] 856970K->377329K(1505792K), 0.0311530 secs] [Times: user=0.24 sys=0.00, real=0.03 secs] 
203.170: Total time for which application threads were stopped: 0.0313620 seconds, Stopping threads took: 0.0000930 seconds
203.361: Application time: 0.1914070 seconds
203.362: [GC [PSYoungGen: 554864K->23712K(582656K)] 876017K->395225K(1506304K), 0.0302310 secs] [Times: user=0.24 sys=0.00, real=0.03 secs] 
203.392: Total time for which application threads were stopped: 0.0304650 seconds, Stopping threads took: 0.0001220 seconds
203.610: Application time: 0.2186150 seconds
203.611: [GC [PSYoungGen: 522912K->63456K(562688K)] 894425K->444680K(1486336K), 0.0317590 secs] [Times: user=0.25 sys=0.00, real=0.03 secs] 
203.642: Total time for which application threads were stopped: 0.0319940 seconds, Stopping threads took: 0.0001040 seconds
203.819: Application time: 0.1767910 seconds
203.819: [GC [PSYoungGen: 562656K->46672K(584192K)] 943880K->454990K(1507840K), 0.0311560 secs] [Times: user=0.25 sys=0.00, real=0.03 secs] 
203.851: Total time for which application threads were stopped: 0.0313790 seconds, Stopping threads took: 0.0001110 seconds
204.062: Application time: 0.2110570 seconds
204.062: [GC [PSYoungGen: 543824K->33968K(531456K)] 952142K->478923K(1455104K), 0.0293370 secs] [Times: user=0.23 sys=0.00, real=0.03 secs] 
204.091: Total time for which application threads were stopped: 0.0295810 seconds, Stopping threads took: 0.0001320 seconds
204.299: Application time: 0.2076650 seconds
204.299: [GC [PSYoungGen: 531120K->62016K(575488K)] 976075K->517554K(1499136K), 0.0319600 secs] [Times: user=0.26 sys=0.00, real=0.03 secs] 
204.331: Total time for which application threads were stopped: 0.0321930 seconds, Stopping threads took: 0.0001090 seconds
204.505: Application time: 0.1738410 seconds
204.505: [GC [PSYoungGen: 556096K->25744K(578560K)] 1011634K->527443K(1502208K), 0.0291660 secs] [Times: user=0.23 sys=0.00, real=0.02 secs] 
204.534: Total time for which application threads were stopped: 0.0294050 seconds, Stopping threads took: 0.0001280 seconds
204.754: Application time: 0.2200050 seconds
204.755: [GC [PSYoungGen: 519824K->54800K(582144K)] 1021523K->570162K(1505792K), 0.0295050 secs] [Times: user=0.23 sys=0.00, real=0.03 secs] 
204.784: Total time for which application threads were stopped: 0.0297220 seconds, Stopping threads took: 0.0001050 seconds
204.973: Application time: 0.1887270 seconds
204.973: [GC [PSYoungGen: 553488K->54880K(582656K)] 1068850K->590932K(1506304K), 0.0325130 secs] [Times: user=0.26 sys=0.00, real=0.04 secs] 
205.006: Total time for which application threads were stopped: 0.0327560 seconds, Stopping threads took: 0.0001170 seconds
205.200: Application time: 0.1943010 seconds
205.200: [GC [PSYoungGen: 553568K->21920K(582656K)] 1089620K->609232K(1506304K), 0.0299210 secs] [Times: user=0.23 sys=0.00, real=0.03 secs] 
205.230: Total time for which application threads were stopped: 0.0301420 seconds, Stopping threads took: 0.0000980 seconds
205.446: Application time: 0.2156230 seconds
205.446: [GC [PSYoungGen: 521120K->63408K(562688K)] 1108432K->658587K(1486336K), 0.0305560 secs] [Times: user=0.24 sys=0.00, real=0.02 secs] 
205.476: Total time for which application threads were stopped: 0.0307800 seconds, Stopping threads took: 0.0001050 seconds
205.652: Application time: 0.1752720 seconds
205.652: [GC [PSYoungGen: 562608K->40560K(583168K)] 1157787K->670569K(1506816K), 0.0311370 secs] [Times: user=0.24 sys=0.00, real=0.03 secs] 
205.683: Total time for which application threads were stopped: 0.0313670 seconds, Stopping threads took: 0.0001030 seconds
205.897: Application time: 0.2137430 seconds
205.897: [GC [PSYoungGen: 536688K->39712K(536064K)] 1166697K->700583K(1459712K), 0.0311640 secs] [Times: user=0.24 sys=0.00, real=0.03 secs] 
205.928: Total time for which application threads were stopped: 0.0313570 seconds, Stopping threads took: 0.0000800 seconds
206.132: Application time: 0.2036840 seconds
206.132: [GC [PSYoungGen: 535840K->61920K(574976K)] 1196711K->739289K(1498624K), 0.0343110 secs] [Times: user=0.27 sys=0.00, real=0.04 secs] 
206.166: Total time for which application threads were stopped: 0.0345450 seconds, Stopping threads took: 0.0001240 seconds
206.344: Application time: 0.1773290 seconds
206.344: [GC [PSYoungGen: 555488K->29328K(577536K)] 1232857K->747866K(1501184K), 0.0295190 secs] [Times: user=0.23 sys=0.00, real=0.03 secs] 
206.373: Total time for which application threads were stopped: 0.0297590 seconds, Stopping threads took: 0.0001110 seconds
206.590: Application time: 0.2169470 seconds
206.591: [GC [PSYoungGen: 522896K->54688K(582144K)] 1241434K->787921K(1505792K), 0.0302600 secs] [Times: user=0.24 sys=0.00, real=0.03 secs] 
206.621: Total time for which application threads were stopped: 0.0304760 seconds, Stopping threads took: 0.0001020 seconds
206.808: Application time: 0.1872940 seconds
206.808: [GC [PSYoungGen: 554912K->51648K(583168K)] 1288145K->803084K(1506816K), 0.0306920 secs] [Times: user=0.24 sys=0.01, real=0.03 secs] 
206.839: Total time for which application threads were stopped: 0.0309120 seconds, Stopping threads took: 0.0001120 seconds
207.038: Application time: 0.1993780 seconds
207.041: [GC [PSYoungGen: 551872K->28480K(583680K)] 1303308K->822264K(1507328K), 0.0290930 secs] [Times: user=0.23 sys=0.00, real=0.03 secs] 
207.070: Total time for which application threads were stopped: 0.0311590 seconds, Stopping threads took: 0.0019350 seconds
207.284: Application time: 0.2144110 seconds
207.284: [GC [PSYoungGen: 531264K->58352K(583680K)] 1325048K->864180K(1507328K), 0.0303080 secs] [Times: user=0.24 sys=0.00, real=0.03 secs] 
207.315: Total time for which application threads were stopped: 0.0305560 seconds, Stopping threads took: 0.0001340 seconds
207.493: Application time: 0.1779700 seconds
207.493: [GC [PSYoungGen: 561136K->33856K(584704K)] 1366964K->882209K(1508352K), 0.0315560 secs] [Times: user=0.25 sys=0.00, real=0.03 secs] 
207.524: Total time for which application threads were stopped: 0.0317560 seconds, Stopping threads took: 0.0000870 seconds
207.740: Application time: 0.2160700 seconds
207.741: [GC [PSYoungGen: 537664K->46512K(550400K)] 1386017K->918719K(1474048K), 0.0294500 secs] [Times: user=0.22 sys=0.02, real=0.03 secs] 
207.770: [Full GC [PSYoungGen: 46512K->0K(550400K)] [ParOldGen: 872207K->79127K(934912K)] 918719K->79127K(1485312K) [PSPermGen: 8877K->8877K(21504K)], 0.0885740 secs] [Times: user=0.63 sys=0.00, real=0.09 secs] 
207.859: Total time for which application threads were stopped: 0.1183190 seconds, Stopping threads took: 0.0001110 seconds
208.065: Application time: 0.2065300 seconds
208.069: [GC [PSYoungGen: 503808K->62944K(579584K)] 582935K->142071K(1514496K), 0.0269020 secs] [Times: user=0.21 sys=0.00, real=0.02 secs] 
208.095: Total time for which application threads were stopped: 0.0301830 seconds, Stopping threads took: 0.0031720 seconds
208.278: Application time: 0.1826320 seconds
208.278: [GC [PSYoungGen: 564704K->32320K(583168K)] 643831K->147489K(1518080K), 0.0275850 secs] [Times: user=0.22 sys=0.00, real=0.03 secs] 
208.306: Total time for which application threads were stopped: 0.0278540 seconds, Stopping threads took: 0.0001420 seconds
208.526: Application time: 0.2195720 seconds
208.526: [GC [PSYoungGen: 534080K->52272K(582656K)] 649249K->185360K(1517568K), 0.0301250 secs] [Times: user=0.24 sys=0.00, real=0.02 secs] 
208.556: Total time for which application threads were stopped: 0.0303700 seconds, Stopping threads took: 0.0001320 seconds
208.750: Application time: 0.1937770 seconds
208.750: [GC [PSYoungGen: 557616K->54496K(584704K)] 690704K->205958K(1519616K), 0.0310380 secs] [Times: user=0.24 sys=0.00, real=0.03 secs] 
208.781: Total time for which application threads were stopped: 0.0312610 seconds, Stopping threads took: 0.0001080 seconds
208.977: Application time: 0.1962450 seconds
208.977: [GC [PSYoungGen: 559840K->30032K(586752K)] 711302K->217967K(1521664K), 0.0267480 secs] [Times: user=0.21 sys=0.00, real=0.02 secs] 
209.004: Total time for which application threads were stopped: 0.0269810 seconds, Stopping threads took: 0.0001050 seconds
209.223: Application time: 0.2189430 seconds
209.223: [GC [PSYoungGen: 538448K->60352K(568832K)] 726383K->257919K(1503744K), 0.0297920 secs] [Times: user=0.24 sys=0.00, real=0.03 secs] 
209.253: Total time for which application threads were stopped: 0.0300010 seconds, Stopping threads took: 0.0000970 seconds
209.436: Application time: 0.1830160 seconds
209.436: [GC [PSYoungGen: 568768K->44240K(588800K)] 766335K->268941K(1523712K), 0.0296620 secs] [Times: user=0.24 sys=0.01, real=0.04 secs] 
209.466: Total time for which application threads were stopped: 0.0298860 seconds, Stopping threads took: 0.0001130 seconds
209.679: Application time: 0.2130210 seconds
209.679: [GC [PSYoungGen: 551632K->32048K(539648K)] 776333K->295566K(1474560K), 0.0292970 secs] [Times: user=0.23 sys=0.00, real=0.03 secs] 
209.709: Total time for which application threads were stopped: 0.0295090 seconds, Stopping threads took: 0.0000910 seconds
209.922: Application time: 0.2136970 seconds
209.922: [GC [PSYoungGen: 539440K->66304K(580096K)] 802958K->336813K(1515008K), 0.0310200 secs] [Times: user=0.24 sys=0.00, real=0.03 secs] 
209.953: Total time for which application threads were stopped: 0.0312240 seconds, Stopping threads took: 0.0000930 seconds
210.133: Application time: 0.1798530 seconds
210.133: [GC [PSYoungGen: 569088K->24528K(584704K)] 839597K->341170K(1519616K), 0.0291100 secs] [Times: user=0.23 sys=0.00, real=0.03 secs] 
210.163: Total time for which application threads were stopped: 0.0293090 seconds, Stopping threads took: 0.0000860 seconds
210.381: Application time: 0.2181250 seconds
210.381: [GC [PSYoungGen: 527312K->50800K(582656K)] 843954K->390512K(1517568K), 0.0313080 secs] [Times: user=0.25 sys=0.00, real=0.03 secs] 
210.412: Total time for which application threads were stopped: 0.0315380 seconds, Stopping threads took: 0.0001030 seconds
210.611: Application time: 0.1989230 seconds
210.611: [GC [PSYoungGen: 553584K->58384K(583680K)] 893296K->415079K(1518592K), 0.0318640 secs] [Times: user=0.25 sys=0.00, real=0.03 secs] 
210.643: Total time for which application threads were stopped: 0.0320730 seconds, Stopping threads took: 0.0000950 seconds
210.830: Application time: 0.1868930 seconds
210.830: [GC [PSYoungGen: 561168K->32752K(584704K)] 917863K->423396K(1519616K), 0.0272570 secs] [Times: user=0.21 sys=0.00, real=0.03 secs] 
210.858: Total time for which application threads were stopped: 0.0274450 seconds, Stopping threads took: 0.0000730 seconds
211.081: Application time: 0.2228810 seconds
211.081: [GC [PSYoungGen: 536560K->55312K(584704K)] 927204K->460867K(1519616K), 0.0301110 secs] [Times: user=0.24 sys=0.00, real=0.03 secs] 
211.111: Total time for which application threads were stopped: 0.0303520 seconds, Stopping threads took: 0.0001120 seconds
211.294: Application time: 0.1828140 seconds
211.294: [GC [PSYoungGen: 559120K->51888K(583680K)] 964675K->479754K(1518592K), 0.0320140 secs] [Times: user=0.25 sys=0.00, real=0.04 secs] 
211.326: Total time for which application threads were stopped: 0.0322330 seconds, Stopping threads took: 0.0001080 seconds
211.530: Application time: 0.2039720 seconds
211.530: [GC [PSYoungGen: 556720K->25600K(584704K)] 984586K->498525K(1519616K), 0.0286930 secs] [Times: user=0.22 sys=0.00, real=0.03 secs] 
211.559: Total time for which application threads were stopped: 0.0289120 seconds, Stopping threads took: 0.0001050 seconds
211.775: Application time: 0.2165470 seconds
211.776: [GC [PSYoungGen: 530432K->67200K(577536K)] 1003357K->542909K(1512448K), 0.0310070 secs] [Times: user=0.25 sys=0.00, real=0.04 secs] 
211.807: Total time for which application threads were stopped: 0.0312520 seconds, Stopping threads took: 0.0001170 seconds
211.982: Application time: 0.1749850 seconds
211.982: [GC [PSYoungGen: 564352K->31072K(582144K)] 1040061K->542911K(1517056K), 0.0278060 secs] [Times: user=0.22 sys=0.00, real=0.03 secs] 
212.010: Total time for which application threads were stopped: 0.0280380 seconds, Stopping threads took: 0.0001190 seconds
212.226: Application time: 0.2159560 seconds
212.226: [GC [PSYoungGen: 528224K->45024K(573952K)] 1040063K->582181K(1508864K), 0.0294990 secs] [Times: user=0.23 sys=0.00, real=0.02 secs] 
212.255: Total time for which application threads were stopped: 0.0297200 seconds, Stopping threads took: 0.0001060 seconds
212.454: Application time: 0.1986460 seconds
212.454: [GC [PSYoungGen: 543200K->60624K(578560K)] 1080357K->609468K(1513472K), 0.0313360 secs] [Times: user=0.24 sys=0.00, real=0.04 secs] 
212.486: Total time for which application threads were stopped: 0.0315930 seconds, Stopping threads took: 0.0001240 seconds
212.670: Application time: 0.1839330 seconds
212.670: [GC [PSYoungGen: 558800K->31280K(585728K)] 1107644K->617374K(1520640K), 0.0284070 secs] [Times: user=0.22 sys=0.00, real=0.03 secs] 
212.698: Total time for which application threads were stopped: 0.0286190 seconds, Stopping threads took: 0.0001000 seconds
212.921: Application time: 0.2226500 seconds
212.921: [GC [PSYoungGen: 534576K->55232K(584704K)] 1120670K->660567K(1519616K), 0.0313850 secs] [Times: user=0.24 sys=0.00, real=0.03 secs] 
212.952: Total time for which application threads were stopped: 0.0315750 seconds, Stopping threads took: 0.0000780 seconds
213.136: Application time: 0.1840830 seconds
213.137: [GC [PSYoungGen: 558528K->53408K(585216K)] 1163863K->678787K(1520128K), 0.0318660 secs] [Times: user=0.25 sys=0.00, real=0.03 secs] 
213.169: Total time for which application threads were stopped: 0.0320970 seconds, Stopping threads took: 0.0001020 seconds
213.370: Application time: 0.2019260 seconds
213.373: [GC [PSYoungGen: 557216K->28128K(584704K)] 1182595K->694303K(1519616K), 0.0281180 secs] [Times: user=0.22 sys=0.00, real=0.03 secs] 
213.401: Total time for which application threads were stopped: 0.0301930 seconds, Stopping threads took: 0.0019640 seconds
213.617: Application time: 0.2167320 seconds
213.621: [GC [PSYoungGen: 531936K->64528K(579584K)] 1198111K->737847K(1514496K), 0.0313770 secs] [Times: user=0.25 sys=0.00, real=0.03 secs] 
213.652: Total time for which application threads were stopped: 0.0345470 seconds, Stopping threads took: 0.0030570 seconds
213.826: Application time: 0.1741520 seconds
213.826: [GC [PSYoungGen: 563728K->32288K(583168K)] 1237047K->749252K(1518080K), 0.0313750 secs] [Times: user=0.25 sys=0.00, real=0.03 secs] 
213.858: Total time for which application threads were stopped: 0.0316020 seconds, Stopping threads took: 0.0001000 seconds
214.074: Application time: 0.2161820 seconds
214.074: [GC [PSYoungGen: 531488K->44096K(574976K)] 1248452K->787377K(1509888K), 0.0302390 secs] [Times: user=0.24 sys=0.00, real=0.03 secs] 
214.104: Total time for which application threads were stopped: 0.0304620 seconds, Stopping threads took: 0.0001130 seconds
214.308: Application time: 0.2033730 seconds
214.309: [GC [PSYoungGen: 544320K->65920K(579584K)] 1287601K->824208K(1514496K), 0.0353370 secs] [Times: user=0.27 sys=0.00, real=0.03 secs] 
214.344: Total time for which application threads were stopped: 0.0361470 seconds, Stopping threads took: 0.0006900 seconds
214.527: Application time: 0.1827750 seconds
214.527: [GC [PSYoungGen: 566144K->26448K(583168K)] 1324432K->827565K(1518080K), 0.0288360 secs] [Times: user=0.23 sys=0.00, real=0.02 secs] 
214.556: Total time for which application threads were stopped: 0.0290910 seconds, Stopping threads took: 0.0001290 seconds
214.776: Application time: 0.2199860 seconds
214.776: [GC [PSYoungGen: 525648K->53696K(552960K)] 1326765K->873111K(1487872K), 0.0306810 secs] [Times: user=0.24 sys=0.00, real=0.04 secs] 
214.807: Total time for which application threads were stopped: 0.0308930 seconds, Stopping threads took: 0.0001000 seconds
214.992: Application time: 0.1851010 seconds
214.992: [GC [PSYoungGen: 552896K->51808K(583680K)] 1372311K->890958K(1518592K), 0.0310100 secs] [Times: user=0.24 sys=0.00, real=0.03 secs] 
215.023: Total time for which application threads were stopped: 0.0312240 seconds, Stopping threads took: 0.0001100 seconds
215.222: Application time: 0.1990360 seconds
215.222: [GC [PSYoungGen: 552544K->31136K(582144K)] 1391694K->905943K(1517056K), 0.0280500 secs] [Times: user=0.22 sys=0.00, real=0.03 secs] 
215.250: Total time for which application threads were stopped: 0.0282900 seconds, Stopping threads took: 0.0001080 seconds
215.469: Application time: 0.2186160 seconds
215.469: [GC [PSYoungGen: 531872K->62400K(580096K)] 1406679K->945575K(1515008K), 0.0303630 secs] [Times: user=0.24 sys=0.01, real=0.03 secs] 
215.499: [Full GC [PSYoungGen: 62400K->0K(580096K)] [ParOldGen: 883175K->79072K(944640K)] 945575K->79072K(1524736K) [PSPermGen: 8877K->8877K(21504K)], 0.0867250 secs] [Times: user=0.61 sys=0.00, real=0.09 secs] 
215.586: Total time for which application threads were stopped: 0.1173600 seconds, Stopping threads took: 0.0000950 seconds
215.760: Application time: 0.1741620 seconds
215.761: [GC [PSYoungGen: 499712K->37792K(583168K)] 578784K->116865K(1527808K), 0.0164860 secs] [Times: user=0.13 sys=0.00, real=0.02 secs] 
215.777: Total time for which application threads were stopped: 0.0167090 seconds, Stopping threads took: 0.0000970 seconds
215.993: Application time: 0.2163280 seconds
215.994: [GC [PSYoungGen: 537504K->37664K(578560K)] 616577K->149535K(1523200K), 0.0294140 secs] [Times: user=0.23 sys=0.00, real=0.03 secs] 
216.023: Total time for which application threads were stopped: 0.0296560 seconds, Stopping threads took: 0.0001270 seconds
216.231: Application time: 0.2074930 seconds
216.231: [GC [PSYoungGen: 539936K->65776K(581632K)] 651807K->185969K(1526272K), 0.0311240 secs] [Times: user=0.24 sys=0.00, real=0.03 secs] 
216.262: Total time for which application threads were stopped: 0.0313450 seconds, Stopping threads took: 0.0001110 seconds
216.442: Application time: 0.1798360 seconds
216.442: [GC [PSYoungGen: 568048K->23984K(582656K)] 688241K->190082K(1527296K), 0.0280270 secs] [Times: user=0.22 sys=0.00, real=0.03 secs] 
216.470: Total time for which application threads were stopped: 0.0282560 seconds, Stopping threads took: 0.0001050 seconds
216.692: Application time: 0.2222160 seconds
216.693: [GC [PSYoungGen: 523184K->53504K(552960K)] 689282K->236661K(1497600K), 0.0292830 secs] [Times: user=0.21 sys=0.00, real=0.03 secs] 
216.722: Total time for which application threads were stopped: 0.0295270 seconds, Stopping threads took: 0.0001300 seconds
216.910: Application time: 0.1881100 seconds
216.913: [GC [PSYoungGen: 552704K->59616K(581120K)] 735861K->259667K(1525760K), 0.0335740 secs] [Times: user=0.25 sys=0.00, real=0.04 secs] 
216.946: Total time for which application threads were stopped: 0.0361870 seconds, Stopping threads took: 0.0025020 seconds
217.140: Application time: 0.1938830 seconds
217.140: [GC [PSYoungGen: 557792K->24592K(582656K)] 757843K->266803K(1527296K), 0.0268520 secs] [Times: user=0.21 sys=0.00, real=0.03 secs] 
217.167: Total time for which application threads were stopped: 0.0271170 seconds, Stopping threads took: 0.0001360 seconds
217.388: Application time: 0.2207230 seconds
217.388: [GC [PSYoungGen: 522768K->62880K(576512K)] 764979K->313616K(1521152K), 0.0305410 secs] [Times: user=0.24 sys=0.00, real=0.03 secs] 
217.419: Total time for which application threads were stopped: 0.0307690 seconds, Stopping threads took: 0.0001140 seconds
217.587: Application time: 0.1687000 seconds
217.587: [GC [PSYoungGen: 554912K->35728K(579584K)] 805648K->323557K(1524224K), 0.0302250 secs] [Times: user=0.24 sys=0.00, real=0.03 secs] 
217.618: Total time for which application threads were stopped: 0.0304280 seconds, Stopping threads took: 0.0000910 seconds
217.832: Application time: 0.2137810 seconds
217.832: [GC [PSYoungGen: 527760K->37152K(574976K)] 815589K->358322K(1519616K), 0.0293680 secs] [Times: user=0.23 sys=0.00, real=0.03 secs] 
217.861: Total time for which application threads were stopped: 0.0296220 seconds, Stopping threads took: 0.0001250 seconds
218.066: Application time: 0.2049300 seconds
218.066: [GC [PSYoungGen: 531744K->65184K(577536K)] 852914K->393273K(1522176K), 0.0304430 secs] [Times: user=0.24 sys=0.00, real=0.03 secs] 
218.097: Total time for which application threads were stopped: 0.0306620 seconds, Stopping threads took: 0.0001060 seconds
218.271: Application time: 0.1740130 seconds
218.271: [GC [PSYoungGen: 559776K->23392K(580608K)] 887865K->402118K(1525248K), 0.0299240 secs] [Times: user=0.24 sys=0.00, real=0.03 secs] 
218.301: Total time for which application threads were stopped: 0.0301520 seconds, Stopping threads took: 0.0001090 seconds
218.524: Application time: 0.2227620 seconds
218.524: [GC [PSYoungGen: 517472K->55248K(580608K)] 896198K->448860K(1525248K), 0.0295720 secs] [Times: user=0.23 sys=0.00, real=0.03 secs] 
218.554: Total time for which application threads were stopped: 0.0298070 seconds, Stopping threads took: 0.0001060 seconds
218.732: Application time: 0.1789650 seconds
218.733: [GC [PSYoungGen: 549328K->54432K(578560K)] 942940K->465300K(1523200K), 0.0297050 secs] [Times: user=0.24 sys=0.00, real=0.03 secs] 
218.762: Total time for which application threads were stopped: 0.0298990 seconds, Stopping threads took: 0.0000910 seconds
218.962: Application time: 0.1994800 seconds
218.962: [GC [PSYoungGen: 548512K->22080K(579584K)] 959380K->484163K(1524224K), 0.0296290 secs] [Times: user=0.22 sys=0.00, real=0.03 secs] 
218.992: Total time for which application threads were stopped: 0.0298550 seconds, Stopping threads took: 0.0001110 seconds
219.208: Application time: 0.2158280 seconds
219.208: [GC [PSYoungGen: 516160K->67888K(571904K)] 978243K->535923K(1516544K), 0.0323740 secs] [Times: user=0.25 sys=0.00, real=0.03 secs] 
219.240: Total time for which application threads were stopped: 0.0325950 seconds, Stopping threads took: 0.0000930 seconds
219.405: Application time: 0.1653150 seconds
219.406: [GC [PSYoungGen: 553776K->28432K(576512K)] 1021811K->549879K(1521152K), 0.0330850 secs] [Times: user=0.26 sys=0.00, real=0.03 secs] 
219.439: Total time for which application threads were stopped: 0.0333100 seconds, Stopping threads took: 0.0001100 seconds
219.655: Application time: 0.2164140 seconds
219.655: [GC [PSYoungGen: 514320K->45376K(566784K)] 1035767K->592964K(1511424K), 0.0301120 secs] [Times: user=0.24 sys=0.00, real=0.04 secs] 
219.686: Total time for which application threads were stopped: 0.0303130 seconds, Stopping threads took: 0.0000890 seconds
219.875: Application time: 0.1898660 seconds
219.876: [GC [PSYoungGen: 532800K->61264K(572416K)] 1080388K->622756K(1517056K), 0.0319500 secs] [Times: user=0.25 sys=0.00, real=0.04 secs] 
219.908: Total time for which application threads were stopped: 0.0321620 seconds, Stopping threads took: 0.0000900 seconds
220.091: Application time: 0.1832210 seconds
220.091: [GC [PSYoungGen: 548688K->23360K(580096K)] 1110180K->630900K(1524736K), 0.0277240 secs] [Times: user=0.22 sys=0.00, real=0.03 secs] 
220.119: Total time for which application threads were stopped: 0.0279590 seconds, Stopping threads took: 0.0001200 seconds
220.339: Application time: 0.2204570 seconds
220.339: [GC [PSYoungGen: 516416K->61104K(554496K)] 1123956K->677676K(1499136K), 0.0303120 secs] [Times: user=0.23 sys=0.00, real=0.03 secs] 
220.370: Total time for which application threads were stopped: 0.0305260 seconds, Stopping threads took: 0.0001020 seconds
220.539: Application time: 0.1688510 seconds
220.539: [GC [PSYoungGen: 554160K->38128K(581120K)] 1170732K->694877K(1525760K), 0.0324950 secs] [Times: user=0.25 sys=0.00, real=0.03 secs] 
220.571: Total time for which application threads were stopped: 0.0327200 seconds, Stopping threads took: 0.0001010 seconds
220.783: Application time: 0.2117800 seconds
220.783: [GC [PSYoungGen: 530160K->37168K(529408K)] 1186909K->727238K(1474048K), 0.0301100 secs] [Times: user=0.23 sys=0.00, real=0.03 secs] 
220.813: Total time for which application threads were stopped: 0.0303220 seconds, Stopping threads took: 0.0000990 seconds
221.019: Application time: 0.2059150 seconds
221.019: [GC [PSYoungGen: 529200K->67664K(570880K)] 1219270K->769116K(1515520K), 0.0338540 secs] [Times: user=0.27 sys=0.00, real=0.03 secs] 
221.053: Total time for which application threads were stopped: 0.0340720 seconds, Stopping threads took: 0.0001060 seconds
221.224: Application time: 0.1701490 seconds
221.224: [GC [PSYoungGen: 555088K->26000K(575488K)] 1256540K->771865K(1520128K), 0.0291610 secs] [Times: user=0.22 sys=0.00, real=0.03 secs] 
221.253: Total time for which application threads were stopped: 0.0293850 seconds, Stopping threads took: 0.0001010 seconds
221.471: Application time: 0.2176380 seconds
221.471: [GC [PSYoungGen: 513424K->52384K(575488K)] 1259289K->817311K(1520128K), 0.0306090 secs] [Times: user=0.23 sys=0.00, real=0.03 secs] 
221.501: Total time for which application threads were stopped: 0.0308150 seconds, Stopping threads took: 0.0000910 seconds
221.676: Application time: 0.1750930 seconds
221.677: [GC [PSYoungGen: 543904K->53664K(577536K)] 1308831K->838247K(1522176K), 0.0314310 secs] [Times: user=0.25 sys=0.00, real=0.03 secs] 
221.708: Total time for which application threads were stopped: 0.0316430 seconds, Stopping threads took: 0.0001040 seconds
221.908: Application time: 0.2002520 seconds
221.909: [GC [PSYoungGen: 545184K->23184K(580096K)] 1329767K->858158K(1524736K), 0.0310820 secs] [Times: user=0.24 sys=0.00, real=0.03 secs] 
221.940: Total time for which application threads were stopped: 0.0313390 seconds, Stopping threads took: 0.0001290 seconds
222.156: Application time: 0.2160960 seconds
222.156: [GC [PSYoungGen: 519312K->67168K(563712K)] 1354286K->909026K(1508352K), 0.0320560 secs] [Times: user=0.25 sys=0.00, real=0.04 secs] 
222.188: Total time for which application threads were stopped: 0.0322770 seconds, Stopping threads took: 0.0001090 seconds
222.359: Application time: 0.1704400 seconds
222.359: [GC [PSYoungGen: 563296K->27520K(578560K)] 1405154K->921246K(1523200K), 0.0327100 secs] [Times: user=0.25 sys=0.01, real=0.03 secs] 
222.391: [Full GC [PSYoungGen: 27520K->0K(578560K)] [ParOldGen: 893726K->77900K(974848K)] 921246K->77900K(1553408K) [PSPermGen: 8877K->8877K(21504K)], 0.0850480 secs] [Times: user=0.60 sys=0.00, real=0.09 secs] 
222.477: Total time for which application threads were stopped: 0.1180370 seconds, Stopping threads took: 0.0001060 seconds
222.693: Application time: 0.2163610 seconds
222.693: [GC [PSYoungGen: 488960K->47136K(536576K)] 566860K->125036K(1511424K), 0.0204830 secs] [Times: user=0.17 sys=0.00, real=0.02 secs] 
222.714: Total time for which application threads were stopped: 0.0207070 seconds, Stopping threads took: 0.0001000 seconds
222.909: Application time: 0.1952720 seconds
222.909: [GC [PSYoungGen: 536096K->60864K(571904K)] 613996K->148340K(1546752K), 0.0311100 secs] [Times: user=0.23 sys=0.00, real=0.03 secs] 
222.940: Total time for which application threads were stopped: 0.0313110 seconds, Stopping threads took: 0.0000880 seconds
223.121: Application time: 0.1804140 seconds
223.121: [GC [PSYoungGen: 547776K->24272K(573952K)] 635252K->158872K(1548800K), 0.0281530 secs] [Times: user=0.22 sys=0.00, real=0.03 secs] 
223.149: Total time for which application threads were stopped: 0.0284010 seconds, Stopping threads took: 0.0001240 seconds
223.366: Application time: 0.2173700 seconds
223.367: [GC [PSYoungGen: 511184K->58192K(578048K)] 645784K->205427K(1552896K), 0.0296240 secs] [Times: user=0.23 sys=0.00, real=0.02 secs] 
223.396: Total time for which application threads were stopped: 0.0298590 seconds, Stopping threads took: 0.0001060 seconds
223.565: Application time: 0.1683420 seconds
223.565: [GC [PSYoungGen: 549200K->39712K(530944K)] 696435K->224145K(1505792K), 0.0315900 secs] [Times: user=0.23 sys=0.00, real=0.03 secs] 
223.596: Total time for which application threads were stopped: 0.0318120 seconds, Stopping threads took: 0.0001120 seconds
223.807: Application time: 0.2107310 seconds
223.807: [GC [PSYoungGen: 530720K->35104K(578560K)] 715153K->254926K(1553408K), 0.0294410 secs] [Times: user=0.23 sys=0.00, real=0.03 secs] 
223.837: Total time for which application threads were stopped: 0.0296670 seconds, Stopping threads took: 0.0001090 seconds
224.043: Application time: 0.2063730 seconds
224.043: [GC [PSYoungGen: 529184K->68352K(576512K)] 749006K->298253K(1551360K), 0.0330050 secs] [Times: user=0.26 sys=0.00, real=0.04 secs] 
224.076: Total time for which application threads were stopped: 0.0332250 seconds, Stopping threads took: 0.0000920 seconds
224.249: Application time: 0.1729650 seconds
224.250: [GC [PSYoungGen: 562432K->26096K(580096K)] 792333K->301490K(1554944K), 0.0289350 secs] [Times: user=0.23 sys=0.00, real=0.03 secs] 
224.279: Total time for which application threads were stopped: 0.0291550 seconds, Stopping threads took: 0.0001040 seconds
224.499: Application time: 0.2202960 seconds
224.499: [GC [PSYoungGen: 518640K->51552K(544256K)] 794034K->345632K(1519104K), 0.0302120 secs] [Times: user=0.24 sys=0.00, real=0.03 secs] 
224.529: Total time for which application threads were stopped: 0.0304160 seconds, Stopping threads took: 0.0000860 seconds
224.712: Application time: 0.1824130 seconds
224.712: [GC [PSYoungGen: 544096K->57184K(577536K)] 838176K->369047K(1552384K), 0.0312740 secs] [Times: user=0.25 sys=0.00, real=0.03 secs] 
224.743: Total time for which application threads were stopped: 0.0314940 seconds, Stopping threads took: 0.0000920 seconds
224.940: Application time: 0.1963010 seconds
224.940: [GC [PSYoungGen: 549216K->22400K(578048K)] 861079K->381395K(1552896K), 0.0282170 secs] [Times: user=0.23 sys=0.00, real=0.03 secs] 
224.968: Total time for which application threads were stopped: 0.0284780 seconds, Stopping threads took: 0.0001450 seconds
225.183: Application time: 0.2153940 seconds
225.184: [GC [PSYoungGen: 514432K->64976K(573952K)] 873427K->430198K(1548800K), 0.0303330 secs] [Times: user=0.24 sys=0.00, real=0.03 secs] 
225.214: Total time for which application threads were stopped: 0.0305430 seconds, Stopping threads took: 0.0001010 seconds
225.381: Application time: 0.1668030 seconds
225.381: [GC [PSYoungGen: 552912K->29296K(577536K)] 918134K->434500K(1552384K), 0.0284700 secs] [Times: user=0.22 sys=0.00, real=0.03 secs] 
225.409: Total time for which application threads were stopped: 0.0287040 seconds, Stopping threads took: 0.0001080 seconds
225.625: Application time: 0.2151300 seconds
225.629: [GC [PSYoungGen: 517232K->44016K(567808K)] 922436K->475878K(1542656K), 0.0301040 secs] [Times: user=0.24 sys=0.00, real=0.03 secs] 
225.659: Total time for which application threads were stopped: 0.0340870 seconds, Stopping threads took: 0.0038700 seconds
225.854: Application time: 0.1955860 seconds
225.854: [GC [PSYoungGen: 533488K->63296K(573440K)] 965350K->505973K(1548288K), 0.0314210 secs] [Times: user=0.24 sys=0.00, real=0.04 secs] 
225.886: Total time for which application threads were stopped: 0.0316600 seconds, Stopping threads took: 0.0001270 seconds
226.066: Application time: 0.1803560 seconds
226.066: [GC [PSYoungGen: 552768K->25136K(580608K)] 995445K->509074K(1555456K), 0.0268570 secs] [Times: user=0.22 sys=0.00, real=0.02 secs] 
226.093: Total time for which application threads were stopped: 0.0270960 seconds, Stopping threads took: 0.0001130 seconds
226.312: Application time: 0.2187280 seconds
226.316: [GC [PSYoungGen: 518704K->57408K(580096K)] 1002642K->554676K(1554944K), 0.0308750 secs] [Times: user=0.25 sys=0.00, real=0.04 secs] 
226.347: Total time for which application threads were stopped: 0.0348650 seconds, Stopping threads took: 0.0038760 seconds
226.519: Application time: 0.1719410 seconds
226.521: [GC [PSYoungGen: 550976K->41968K(573952K)] 1048244K->574127K(1548800K), 0.0322310 secs] [Times: user=0.25 sys=0.00, real=0.03 secs] 
226.553: Total time for which application threads were stopped: 0.0339150 seconds, Stopping threads took: 0.0015700 seconds
226.762: Application time: 0.2094240 seconds
226.765: [GC [PSYoungGen: 535536K->37040K(577024K)] 1067695K->600292K(1551872K), 0.0287790 secs] [Times: user=0.23 sys=0.00, real=0.02 secs] 
226.793: Total time for which application threads were stopped: 0.0312190 seconds, Stopping threads took: 0.0022940 seconds
227.003: Application time: 0.2096030 seconds
227.003: [GC [PSYoungGen: 530608K->65856K(577024K)] 1093860K->640471K(1551872K), 0.0330740 secs] [Times: user=0.26 sys=0.00, real=0.03 secs] 
227.036: Total time for which application threads were stopped: 0.0333180 seconds, Stopping threads took: 0.0001250 seconds
227.209: Application time: 0.1725840 seconds
227.209: [GC [PSYoungGen: 561984K->26416K(581632K)] 1136599K->650627K(1556480K), 0.0310590 secs] [Times: user=0.25 sys=0.00, real=0.03 secs] 
227.240: Total time for which application threads were stopped: 0.0312890 seconds, Stopping threads took: 0.0001130 seconds
227.462: Application time: 0.2215450 seconds
227.462: [GC [PSYoungGen: 522544K->50848K(578048K)] 1146755K->695113K(1552896K), 0.0301330 secs] [Times: user=0.24 sys=0.00, real=0.03 secs] 
227.492: Total time for which application threads were stopped: 0.0303750 seconds, Stopping threads took: 0.0001130 seconds
227.682: Application time: 0.1901980 seconds
227.683: [GC [PSYoungGen: 547488K->61424K(580096K)] 1191753K->719817K(1554944K), 0.0330410 secs] [Times: user=0.26 sys=0.00, real=0.03 secs] 
227.716: Total time for which application threads were stopped: 0.0332720 seconds, Stopping threads took: 0.0001180 seconds
227.906: Application time: 0.1906830 seconds
227.907: [GC [PSYoungGen: 558064K->21056K(580608K)] 1216457K->730456K(1555456K), 0.0300110 secs] [Times: user=0.22 sys=0.00, real=0.03 secs] 
227.937: Total time for which application threads were stopped: 0.0302220 seconds, Stopping threads took: 0.0000980 seconds
228.155: Application time: 0.2180970 seconds
228.155: [GC [PSYoungGen: 516160K->62672K(558080K)] 1225560K->780432K(1532928K), 0.0305880 secs] [Times: user=0.24 sys=0.00, real=0.04 secs] 
228.186: Total time for which application threads were stopped: 0.0308150 seconds, Stopping threads took: 0.0001010 seconds
228.355: Application time: 0.1694790 seconds
228.355: [GC [PSYoungGen: 557776K->36976K(581120K)] 1275536K->789938K(1555968K), 0.0304510 secs] [Times: user=0.24 sys=0.00, real=0.04 secs] 
228.386: Total time for which application threads were stopped: 0.0306550 seconds, Stopping threads took: 0.0000910 seconds
228.599: Application time: 0.2129840 seconds
228.599: [GC [PSYoungGen: 529520K->39424K(532480K)] 1282482K->821379K(1507328K), 0.0292740 secs] [Times: user=0.22 sys=0.00, real=0.03 secs] 
228.628: Total time for which application threads were stopped: 0.0295250 seconds, Stopping threads took: 0.0001370 seconds
228.831: Application time: 0.2033500 seconds
228.832: [GC [PSYoungGen: 531968K->63024K(572416K)] 1313923K->856247K(1547264K), 0.0320310 secs] [Times: user=0.25 sys=0.00, real=0.03 secs] 
228.864: Total time for which application threads were stopped: 0.0322810 seconds, Stopping threads took: 0.0001250 seconds
229.038: Application time: 0.1743430 seconds
229.041: [GC [PSYoungGen: 552496K->22672K(575488K)] 1345719K->862999K(1550336K), 0.0286360 secs] [Times: user=0.21 sys=0.00, real=0.03 secs] 
229.069: Total time for which application threads were stopped: 0.0310740 seconds, Stopping threads took: 0.0023250 seconds
229.288: Application time: 0.2187410 seconds
229.288: [GC [PSYoungGen: 512144K->56192K(580096K)] 1352471K->910498K(1554944K), 0.0307470 secs] [Times: user=0.24 sys=0.00, real=0.03 secs] 
229.319: Total time for which application threads were stopped: 0.0309870 seconds, Stopping threads took: 0.0001240 seconds
229.497: Application time: 0.1781860 seconds
229.497: [GC [PSYoungGen: 550272K->54368K(548864K)] 1404578K->926705K(1523712K), 0.0317320 secs] [Times: user=0.25 sys=0.00, real=0.03 secs] 
229.529: Total time for which application threads were stopped: 0.0319570 seconds, Stopping threads took: 0.0001000 seconds
229.731: Application time: 0.2018980 seconds
229.731: [GC [PSYoungGen: 548448K->25888K(580608K)] 1420785K->942985K(1555456K), 0.0288060 secs] [Times: user=0.23 sys=0.00, real=0.03 secs] 
229.760: [Full GC [PSYoungGen: 25888K->0K(580608K)] [ParOldGen: 917097K->79088K(982016K)] 942985K->79088K(1562624K) [PSPermGen: 8877K->8877K(21504K)], 0.0876970 secs] [Times: user=0.62 sys=0.00, real=0.09 secs] 
229.848: Total time for which application threads were stopped: 0.1168080 seconds, Stopping threads took: 0.0001210 seconds
230.061: Application time: 0.2135760 seconds
230.065: [GC [PSYoungGen: 495104K->63664K(559104K)] 574192K->142752K(1541120K), 0.0281050 secs] [Times: user=0.22 sys=0.00, real=0.02 secs] 
230.093: Total time for which application threads were stopped: 0.0313160 seconds, Stopping threads took: 0.0030840 seconds
230.261: Application time: 0.1685530 seconds
230.261: [GC [PSYoungGen: 558768K->29072K(580096K)] 637856K->145010K(1562112K), 0.0260680 secs] [Times: user=0.20 sys=0.00, real=0.03 secs] 
230.288: Total time for which application threads were stopped: 0.0263110 seconds, Stopping threads took: 0.0001260 seconds
230.506: Application time: 0.2184600 seconds
230.506: [GC [PSYoungGen: 520592K->48624K(540160K)] 636530K->184205K(1522176K), 0.0289190 secs] [Times: user=0.23 sys=0.00, real=0.02 secs] 
230.535: Total time for which application threads were stopped: 0.0291300 seconds, Stopping threads took: 0.0000970 seconds
230.729: Application time: 0.1938440 seconds
230.729: [GC [PSYoungGen: 540144K->62368K(573440K)] 675725K->212708K(1555456K), 0.0330570 secs] [Times: user=0.26 sys=0.00, real=0.03 secs] 
230.762: Total time for which application threads were stopped: 0.0332910 seconds, Stopping threads took: 0.0001060 seconds
230.946: Application time: 0.1835660 seconds
230.949: [GC [PSYoungGen: 551328K->19440K(576000K)] 701668K->223971K(1558016K), 0.0295360 secs] [Times: user=0.23 sys=0.00, real=0.03 secs] 
230.978: Total time for which application threads were stopped: 0.0322640 seconds, Stopping threads took: 0.0026060 seconds
231.194: Application time: 0.2162960 seconds
231.197: [GC [PSYoungGen: 508400K->63856K(573440K)] 712931K->274522K(1555456K), 0.0307280 secs] [Times: user=0.24 sys=0.00, real=0.03 secs] 
231.227: Total time for which application threads were stopped: 0.0328890 seconds, Stopping threads took: 0.0020430 seconds
231.395: Application time: 0.1678160 seconds
231.395: [GC [PSYoungGen: 549744K->37632K(576512K)] 760410K->279401K(1558528K), 0.0284360 secs] [Times: user=0.22 sys=0.00, real=0.03 secs] 
231.424: Total time for which application threads were stopped: 0.0286560 seconds, Stopping threads took: 0.0000910 seconds
231.636: Application time: 0.2119900 seconds
231.636: [GC [PSYoungGen: 523520K->39680K(569344K)] 765289K->312186K(1551360K), 0.0292090 secs] [Times: user=0.23 sys=0.00, real=0.04 secs] 
231.665: Total time for which application threads were stopped: 0.0294350 seconds, Stopping threads took: 0.0001120 seconds
231.867: Application time: 0.2014550 seconds
231.867: [GC [PSYoungGen: 528640K->59936K(572928K)] 801146K->344653K(1554944K), 0.0306660 secs] [Times: user=0.24 sys=0.00, real=0.03 secs] 
231.898: Total time for which application threads were stopped: 0.0308680 seconds, Stopping threads took: 0.0000860 seconds
232.075: Application time: 0.1773130 seconds
232.075: [GC [PSYoungGen: 548896K->23376K(581120K)] 833613K->350870K(1563136K), 0.0262180 secs] [Times: user=0.21 sys=0.00, real=0.03 secs] 
232.101: Total time for which application threads were stopped: 0.0264830 seconds, Stopping threads took: 0.0001210 seconds
232.321: Application time: 0.2200780 seconds
232.322: [GC [PSYoungGen: 518480K->57552K(552960K)] 845974K->398733K(1534976K), 0.0306240 secs] [Times: user=0.24 sys=0.00, real=0.03 secs] 
232.352: Total time for which application threads were stopped: 0.0308480 seconds, Stopping threads took: 0.0001070 seconds
232.536: Application time: 0.1835330 seconds
232.536: [GC [PSYoungGen: 552656K->49904K(582656K)] 893837K->418936K(1564672K), 0.0337350 secs] [Times: user=0.27 sys=0.00, real=0.04 secs] 
232.570: Total time for which application threads were stopped: 0.0339730 seconds, Stopping threads took: 0.0001220 seconds
232.770: Application time: 0.2000560 seconds
232.770: [GC [PSYoungGen: 545520K->29360K(525312K)] 914552K->444375K(1507328K), 0.0310520 secs] [Times: user=0.24 sys=0.00, real=0.03 secs] 
232.801: Total time for which application threads were stopped: 0.0312920 seconds, Stopping threads took: 0.0001040 seconds
233.021: Application time: 0.2201520 seconds
233.021: [GC [PSYoungGen: 524976K->61872K(576512K)] 939991K->490038K(1558528K), 0.0322390 secs] [Times: user=0.25 sys=0.00, real=0.03 secs] 
233.054: Total time for which application threads were stopped: 0.0324640 seconds, Stopping threads took: 0.0001060 seconds
233.229: Application time: 0.1751900 seconds
233.229: [GC [PSYoungGen: 554928K->38784K(579072K)] 983094K->495305K(1561088K), 0.0280500 secs] [Times: user=0.22 sys=0.00, real=0.03 secs] 
233.257: Total time for which application threads were stopped: 0.0282970 seconds, Stopping threads took: 0.0001300 seconds
233.470: Application time: 0.2131290 seconds
233.471: [GC [PSYoungGen: 531840K->41680K(573952K)] 988361K->526946K(1555968K), 0.0300110 secs] [Times: user=0.23 sys=0.00, real=0.03 secs] 
233.501: Total time for which application threads were stopped: 0.0302520 seconds, Stopping threads took: 0.0001130 seconds
233.699: Application time: 0.1983400 seconds
233.699: [GC [PSYoungGen: 539344K->58336K(577536K)] 1024610K->558677K(1559552K), 0.0316000 secs] [Times: user=0.25 sys=0.00, real=0.03 secs] 
233.731: Total time for which application threads were stopped: 0.0318270 seconds, Stopping threads took: 0.0001090 seconds
233.915: Application time: 0.1843020 seconds
233.916: [GC [PSYoungGen: 556000K->23376K(584704K)] 1056341K->575108K(1566720K), 0.0299490 secs] [Times: user=0.23 sys=0.00, real=0.04 secs] 
233.946: Total time for which application threads were stopped: 0.0305470 seconds, Stopping threads took: 0.0004570 seconds
234.166: Application time: 0.2206540 seconds
234.167: [GC [PSYoungGen: 526672K->63408K(566784K)] 1078404K->622225K(1548800K), 0.0313600 secs] [Times: user=0.24 sys=0.01, real=0.03 secs] 
234.198: Total time for which application threads were stopped: 0.0316220 seconds, Stopping threads took: 0.0001270 seconds
234.387: Application time: 0.1888040 seconds
234.387: [GC [PSYoungGen: 566704K->47888K(584704K)] 1125521K->636779K(1566720K), 0.0335540 secs] [Times: user=0.26 sys=0.00, real=0.03 secs] 
234.421: Total time for which application threads were stopped: 0.0337660 seconds, Stopping threads took: 0.0000950 seconds
234.621: Application time: 0.2003410 seconds
234.621: [GC [PSYoungGen: 547088K->29520K(528896K)] 1135979K->661810K(1510912K), 0.0301690 secs] [Times: user=0.24 sys=0.00, real=0.03 secs] 
234.651: Total time for which application threads were stopped: 0.0303830 seconds, Stopping threads took: 0.0000960 seconds
234.862: Application time: 0.2108970 seconds
234.862: [GC [PSYoungGen: 528720K->61232K(578048K)] 1161010K->702258K(1560064K), 0.0306860 secs] [Times: user=0.24 sys=0.00, real=0.03 secs] 
234.893: Total time for which application threads were stopped: 0.0309040 seconds, Stopping threads took: 0.0000930 seconds
235.073: Application time: 0.1801250 seconds
235.073: [GC [PSYoungGen: 557872K->39760K(580608K)] 1198898K->709188K(1562624K), 0.0290570 secs] [Times: user=0.23 sys=0.00, real=0.03 secs] 
235.102: Total time for which application threads were stopped: 0.0292700 seconds, Stopping threads took: 0.0000980 seconds
235.315: Application time: 0.2124470 seconds
235.315: [GC [PSYoungGen: 536400K->41136K(577024K)] 1205828K->740394K(1559040K), 0.0304790 secs] [Times: user=0.24 sys=0.00, real=0.04 secs] 
235.346: Total time for which application threads were stopped: 0.0307100 seconds, Stopping threads took: 0.0001130 seconds
235.545: Application time: 0.1991920 seconds
235.549: [GC [PSYoungGen: 542896K->57632K(580096K)] 1242154K->771129K(1562112K), 0.0311540 secs] [Times: user=0.25 sys=0.00, real=0.03 secs] 
235.580: Total time for which application threads were stopped: 0.0349230 seconds, Stopping threads took: 0.0036470 seconds
235.767: Application time: 0.1868460 seconds
235.767: [GC [PSYoungGen: 559392K->30272K(587776K)] 1272889K->777926K(1569792K), 0.0265550 secs] [Times: user=0.21 sys=0.00, real=0.02 secs] 
235.793: Total time for which application threads were stopped: 0.0268010 seconds, Stopping threads took: 0.0001290 seconds
236.014: Application time: 0.2205500 seconds
236.014: [GC [PSYoungGen: 538176K->56960K(565248K)] 1285830K->819166K(1547264K), 0.0309320 secs] [Times: user=0.25 sys=0.00, real=0.04 secs] 
236.045: Total time for which application threads were stopped: 0.0311510 seconds, Stopping threads took: 0.0001040 seconds
236.238: Application time: 0.1928610 seconds
236.241: [GC [PSYoungGen: 564864K->49936K(588800K)] 1327070K->839871K(1570816K), 0.0336330 secs] [Times: user=0.27 sys=0.00, real=0.03 secs] 
236.274: Total time for which application threads were stopped: 0.0362650 seconds, Stopping threads took: 0.0025000 seconds
236.474: Application time: 0.2001400 seconds
236.475: [GC [PSYoungGen: 558352K->30944K(539648K)] 1348287K->860967K(1521664K), 0.0294600 secs] [Times: user=0.22 sys=0.00, real=0.03 secs] 
236.504: Total time for which application threads were stopped: 0.0297020 seconds, Stopping threads took: 0.0001250 seconds
236.721: Application time: 0.2165780 seconds
236.721: [GC [PSYoungGen: 539360K->64032K(581120K)] 1369383K->898207K(1563136K), 0.0304830 secs] [Times: user=0.23 sys=0.00, real=0.03 secs] 
236.751: Total time for which application threads were stopped: 0.0307180 seconds, Stopping threads took: 0.0001130 seconds
236.937: Application time: 0.1852420 seconds
236.937: [GC [PSYoungGen: 567328K->42064K(585216K)] 1401503K->910461K(1567232K), 0.0328630 secs] [Times: user=0.25 sys=0.00, real=0.03 secs] 
236.970: Total time for which application threads were stopped: 0.0331310 seconds, Stopping threads took: 0.0001380 seconds
237.179: Application time: 0.2089900 seconds
237.179: [GC [PSYoungGen: 545360K->37616K(581120K)] 1413757K->941746K(1563136K), 0.0307870 secs] [Times: user=0.24 sys=0.00, real=0.03 secs] 
237.210: Total time for which application threads were stopped: 0.0310070 seconds, Stopping threads took: 0.0001050 seconds
237.416: Application time: 0.2061920 seconds
237.416: [GC [PSYoungGen: 543984K->59984K(583680K)] 1448114K->974145K(1565696K), 0.0313540 secs] [Times: user=0.24 sys=0.00, real=0.04 secs] 
237.448: Total time for which application threads were stopped: 0.0315830 seconds, Stopping threads took: 0.0001100 seconds
237.633: Application time: 0.1857690 seconds
237.633: [GC [PSYoungGen: 566352K->37120K(588288K)] 1480513K->989938K(1570304K), 0.0300140 secs] [Times: user=0.22 sys=0.02, real=0.03 secs] 
237.664: [Full GC [PSYoungGen: 37120K->0K(588288K)] [ParOldGen: 952818K->84103K(994816K)] 989938K->84103K(1583104K) [PSPermGen: 8877K->8877K(21504K)], 0.0925820 secs] [Times: user=0.66 sys=0.00, real=0.09 secs] 
237.756: Total time for which application threads were stopped: 0.1228850 seconds, Stopping threads took: 0.0001030 seconds
237.977: Application time: 0.2212220 seconds
237.978: [GC [PSYoungGen: 509952K->46640K(557056K)] 594055K->130743K(1551872K), 0.0201890 secs] [Times: user=0.16 sys=0.00, real=0.02 secs] 
237.998: Total time for which application threads were stopped: 0.0203990 seconds, Stopping threads took: 0.0000950 seconds
238.196: Application time: 0.1986950 seconds
238.197: [GC [PSYoungGen: 556592K->56896K(584192K)] 640695K->160113K(1579008K), 0.0319190 secs] [Times: user=0.25 sys=0.00, real=0.03 secs] 
238.229: Total time for which application threads were stopped: 0.0321590 seconds, Stopping threads took: 0.0001100 seconds
238.421: Application time: 0.1924930 seconds
238.421: [GC [PSYoungGen: 566336K->33488K(585728K)] 669553K->173719K(1580544K), 0.0281010 secs] [Times: user=0.22 sys=0.00, real=0.03 secs] 
238.449: Total time for which application threads were stopped: 0.0283280 seconds, Stopping threads took: 0.0001110 seconds
238.670: Application time: 0.2203860 seconds
238.670: [GC [PSYoungGen: 542928K->57120K(589312K)] 683159K->214105K(1584128K), 0.0314590 secs] [Times: user=0.25 sys=0.00, real=0.03 secs] 
238.702: Total time for which application threads were stopped: 0.0316850 seconds, Stopping threads took: 0.0001090 seconds
238.895: Application time: 0.1938490 seconds
238.896: [GC [PSYoungGen: 570656K->51136K(564736K)] 727641K->234939K(1559552K), 0.0338240 secs] [Times: user=0.26 sys=0.00, real=0.04 secs] 
238.929: Total time for which application threads were stopped: 0.0340550 seconds, Stopping threads took: 0.0001030 seconds
239.133: Application time: 0.2030640 seconds
239.133: [GC [PSYoungGen: 564672K->34704K(590336K)] 748475K->253100K(1585152K), 0.0279340 secs] [Times: user=0.22 sys=0.00, real=0.03 secs] 
239.161: Total time for which application threads were stopped: 0.0281480 seconds, Stopping threads took: 0.0000980 seconds
239.379: Application time: 0.2178300 seconds
239.381: [GC [PSYoungGen: 549776K->60976K(589824K)] 768172K->288563K(1584640K), 0.0295120 secs] [Times: user=0.23 sys=0.00, real=0.03 secs] 
239.410: Total time for which application threads were stopped: 0.0315490 seconds, Stopping threads took: 0.0019220 seconds
239.601: Application time: 0.1914300 seconds
239.602: [GC [PSYoungGen: 576048K->45488K(589824K)] 803635K->298694K(1584640K), 0.0294000 secs] [Times: user=0.23 sys=0.00, real=0.03 secs] 
239.631: Total time for which application threads were stopped: 0.0296480 seconds, Stopping threads took: 0.0001230 seconds
239.842: Application time: 0.2105850 seconds
239.845: [GC [PSYoungGen: 560560K->38192K(589824K)] 813766K->321215K(1584640K), 0.0281370 secs] [Times: user=0.22 sys=0.00, real=0.02 secs] 
239.873: Total time for which application threads were stopped: 0.0309640 seconds, Stopping threads took: 0.0027100 seconds
240.088: Application time: 0.2148830 seconds
240.088: [GC [PSYoungGen: 553264K->62128K(587264K)] 836287K->355691K(1582080K), 0.0317820 secs] [Times: user=0.25 sys=0.00, real=0.03 secs] 
240.120: Total time for which application threads were stopped: 0.0320390 seconds, Stopping threads took: 0.0001430 seconds
240.308: Application time: 0.1881950 seconds
240.308: [GC [PSYoungGen: 575664K->36352K(590336K)] 869227K->364460K(1585152K), 0.0293150 secs] [Times: user=0.23 sys=0.00, real=0.03 secs] 
240.337: Total time for which application threads were stopped: 0.0295550 seconds, Stopping threads took: 0.0001110 seconds
240.555: Application time: 0.2177970 seconds
240.555: [GC [PSYoungGen: 549888K->42032K(585216K)] 877996K->398909K(1580032K), 0.0298860 secs] [Times: user=0.24 sys=0.00, real=0.04 secs] 
240.585: Total time for which application threads were stopped: 0.0301050 seconds, Stopping threads took: 0.0001050 seconds
240.790: Application time: 0.2046920 seconds
240.790: [GC [PSYoungGen: 556592K->61104K(588288K)] 913469K->426557K(1583104K), 0.0298470 secs] [Times: user=0.24 sys=0.00, real=0.03 secs] 
240.820: Total time for which application threads were stopped: 0.0300770 seconds, Stopping threads took: 0.0001170 seconds
241.012: Application time: 0.1916240 seconds
241.012: [GC [PSYoungGen: 575664K->29936K(590336K)] 941117K->435247K(1585152K), 0.0287390 secs] [Times: user=0.23 sys=0.00, real=0.03 secs] 
241.041: Total time for which application threads were stopped: 0.0290080 seconds, Stopping threads took: 0.0001170 seconds
241.263: Application time: 0.2220280 seconds
241.263: [GC [PSYoungGen: 543472K->52832K(566784K)] 948783K->479072K(1561600K), 0.0314550 secs] [Times: user=0.24 sys=0.00, real=0.03 secs] 
241.294: Total time for which application threads were stopped: 0.0316750 seconds, Stopping threads took: 0.0001000 seconds
241.490: Application time: 0.1958560 seconds
241.490: [GC [PSYoungGen: 566368K->55632K(589312K)] 992608K->502783K(1584128K), 0.0329450 secs] [Times: user=0.26 sys=0.00, real=0.03 secs] 
241.523: Total time for which application threads were stopped: 0.0331740 seconds, Stopping threads took: 0.0001130 seconds
241.721: Application time: 0.1980380 seconds
241.722: [GC [PSYoungGen: 568656K->30160K(589824K)] 1015807K->520487K(1584640K), 0.0300820 secs] [Times: user=0.23 sys=0.00, real=0.03 secs] 
241.752: Total time for which application threads were stopped: 0.0303340 seconds, Stopping threads took: 0.0001230 seconds
241.973: Application time: 0.2211780 seconds
241.973: [GC [PSYoungGen: 543184K->60656K(585216K)] 1033511K->561822K(1580032K), 0.0306630 secs] [Times: user=0.24 sys=0.00, real=0.03 secs] 
242.004: Total time for which application threads were stopped: 0.0308900 seconds, Stopping threads took: 0.0001060 seconds
242.192: Application time: 0.1878730 seconds
242.193: [GC [PSYoungGen: 569072K->44368K(552960K)] 1070238K->574841K(1547776K), 0.0317740 secs] [Times: user=0.25 sys=0.00, real=0.03 secs] 
242.224: Total time for which application threads were stopped: 0.0326010 seconds, Stopping threads took: 0.0007140 seconds
242.431: Application time: 0.2066070 seconds
242.431: [GC [PSYoungGen: 552784K->36672K(588288K)] 1083257K->601061K(1583104K), 0.0295420 secs] [Times: user=0.23 sys=0.01, real=0.03 secs] 
242.461: Total time for which application threads were stopped: 0.0298000 seconds, Stopping threads took: 0.0001300 seconds
242.677: Application time: 0.2161870 seconds
242.677: [GC [PSYoungGen: 548672K->61328K(587264K)] 1113061K->635405K(1582080K), 0.0307380 secs] [Times: user=0.24 sys=0.00, real=0.03 secs] 
242.708: Total time for which application threads were stopped: 0.0309690 seconds, Stopping threads took: 0.0001140 seconds
242.894: Application time: 0.1858190 seconds
242.894: [GC [PSYoungGen: 573328K->41456K(590336K)] 1147405K->642268K(1585152K), 0.0294490 secs] [Times: user=0.23 sys=0.00, real=0.03 secs] 
242.923: Total time for which application threads were stopped: 0.0296700 seconds, Stopping threads took: 0.0001030 seconds
243.138: Application time: 0.2147330 seconds
243.138: [GC [PSYoungGen: 554480K->40688K(553984K)] 1155292K->671273K(1548800K), 0.0295240 secs] [Times: user=0.23 sys=0.00, real=0.03 secs] 
243.168: Total time for which application threads were stopped: 0.0297960 seconds, Stopping threads took: 0.0001400 seconds
243.378: Application time: 0.2099510 seconds
243.378: [GC [PSYoungGen: 553712K->59168K(585728K)] 1184297K->703480K(1580544K), 0.0319090 secs] [Times: user=0.25 sys=0.00, real=0.03 secs] 
243.410: Total time for which application threads were stopped: 0.0321300 seconds, Stopping threads took: 0.0001070 seconds
243.597: Application time: 0.1864730 seconds
243.597: [GC [PSYoungGen: 570656K->38224K(587776K)] 1214968K->712342K(1582592K), 0.0278240 secs] [Times: user=0.22 sys=0.00, real=0.03 secs] 
243.625: Total time for which application threads were stopped: 0.0280440 seconds, Stopping threads took: 0.0001020 seconds
243.845: Application time: 0.2200380 seconds
243.845: [GC [PSYoungGen: 549712K->46176K(585216K)] 1223830K->743984K(1580032K), 0.0296210 secs] [Times: user=0.23 sys=0.00, real=0.02 secs] 
243.874: Total time for which application threads were stopped: 0.0298400 seconds, Stopping threads took: 0.0000900 seconds
244.075: Application time: 0.2005340 seconds
244.075: [GC [PSYoungGen: 562272K->56592K(588288K)] 1260080K->770471K(1583104K), 0.0320480 secs] [Times: user=0.26 sys=0.00, real=0.04 secs] 
244.107: Total time for which application threads were stopped: 0.0322530 seconds, Stopping threads took: 0.0000900 seconds
244.302: Application time: 0.1948110 seconds
244.302: [GC [PSYoungGen: 572688K->27632K(591872K)] 1286567K->781908K(1586688K), 0.0276890 secs] [Times: user=0.22 sys=0.00, real=0.03 secs] 
244.330: Total time for which application threads were stopped: 0.0279390 seconds, Stopping threads took: 0.0001260 seconds
244.554: Application time: 0.2243950 seconds
244.555: [GC [PSYoungGen: 546288K->60208K(579072K)] 1300564K->824320K(1573888K), 0.0301400 secs] [Times: user=0.24 sys=0.00, real=0.04 secs] 
244.585: Total time for which application threads were stopped: 0.0303690 seconds, Stopping threads took: 0.0000990 seconds
244.780: Application time: 0.1956820 seconds
244.781: [GC [PSYoungGen: 578864K->53440K(590848K)] 1342976K->842713K(1585664K), 0.0331060 secs] [Times: user=0.26 sys=0.00, real=0.03 secs] 
244.814: Total time for which application threads were stopped: 0.0333200 seconds, Stopping threads took: 0.0001000 seconds
245.016: Application time: 0.2021440 seconds
245.016: [GC [PSYoungGen: 567488K->28736K(590336K)] 1356761K->862301K(1585152K), 0.0302960 secs] [Times: user=0.24 sys=0.00, real=0.04 secs] 
245.046: Total time for which application threads were stopped: 0.0305160 seconds, Stopping threads took: 0.0001020 seconds
245.266: Application time: 0.2198030 seconds
245.266: [GC [PSYoungGen: 542784K->64032K(583168K)] 1376349K->910628K(1577984K), 0.0328070 secs] [Times: user=0.26 sys=0.00, real=0.03 secs] 
245.299: Total time for which application threads were stopped: 0.0330330 seconds, Stopping threads took: 0.0000970 seconds
245.485: Application time: 0.1855380 seconds
245.485: [GC [PSYoungGen: 570400K->40352K(586752K)] 1416996K->921306K(1581568K), 0.0320040 secs] [Times: user=0.25 sys=0.00, real=0.03 secs] 
245.517: Total time for which application threads were stopped: 0.0322280 seconds, Stopping threads took: 0.0001100 seconds
245.726: Application time: 0.2093470 seconds
245.727: [GC [PSYoungGen: 546720K->37984K(582144K)] 1427674K->955642K(1576960K), 0.0315400 secs] [Times: user=0.24 sys=0.00, real=0.03 secs] 
245.758: Total time for which application threads were stopped: 0.0317720 seconds, Stopping threads took: 0.0001200 seconds
245.971: Application time: 0.2131600 seconds
245.972: [GC [PSYoungGen: 546400K->61872K(585216K)] 1464058K->988582K(1580032K), 0.0307610 secs] [Times: user=0.25 sys=0.00, real=0.03 secs] 
246.002: Total time for which application threads were stopped: 0.0309820 seconds, Stopping threads took: 0.0000950 seconds
246.186: Application time: 0.1834480 seconds
246.186: [GC [PSYoungGen: 570288K->37712K(588800K)] 1496998K->996940K(1583616K), 0.0299200 secs] [Times: user=0.22 sys=0.00, real=0.02 secs] 
246.216: [Full GC [PSYoungGen: 37712K->0K(588800K)] [ParOldGen: 959228K->78968K(999424K)] 996940K->78968K(1588224K) [PSPermGen: 8877K->8877K(21504K)], 0.0888520 secs] [Times: user=0.62 sys=0.00, real=0.10 secs] 
246.305: Total time for which application threads were stopped: 0.1190540 seconds, Stopping threads took: 0.0001060 seconds
246.523: Application time: 0.2178300 seconds
246.523: [GC [PSYoungGen: 509952K->44464K(554496K)] 588920K->123432K(1553920K), 0.0194130 secs] [Times: user=0.15 sys=0.00, real=0.02 secs] 
246.542: Total time for which application threads were stopped: 0.0196630 seconds, Stopping threads took: 0.0001160 seconds
246.747: Application time: 0.2045510 seconds
246.747: [GC [PSYoungGen: 554416K->58672K(584192K)] 633384K->149423K(1583616K), 0.0293850 secs] [Times: user=0.23 sys=0.00, real=0.03 secs] 
246.776: Total time for which application threads were stopped: 0.0296120 seconds, Stopping threads took: 0.0001110 seconds
246.964: Application time: 0.1872570 seconds
246.964: [GC [PSYoungGen: 567600K->34048K(585728K)] 658351K->160445K(1585152K), 0.0278710 secs] [Times: user=0.22 sys=0.00, real=0.03 secs] 
246.992: Total time for which application threads were stopped: 0.0280750 seconds, Stopping threads took: 0.0000870 seconds
247.212: Application time: 0.2206290 seconds
247.213: [GC [PSYoungGen: 542976K->51312K(587776K)] 669373K->196620K(1587200K), 0.0298280 secs] [Times: user=0.22 sys=0.00, real=0.03 secs] 
247.243: Total time for which application threads were stopped: 0.0300660 seconds, Stopping threads took: 0.0001110 seconds
247.438: Application time: 0.1952270 seconds
247.438: [GC [PSYoungGen: 565360K->54624K(589312K)] 710668K->222318K(1588736K), 0.0324710 secs] [Times: user=0.26 sys=0.00, real=0.03 secs] 
247.470: Total time for which application threads were stopped: 0.0326940 seconds, Stopping threads took: 0.0001090 seconds
247.670: Application time: 0.1991850 seconds
247.670: [GC [PSYoungGen: 568672K->30624K(591872K)] 736366K->235419K(1591296K), 0.0275020 secs] [Times: user=0.21 sys=0.00, real=0.03 secs] 
247.697: Total time for which application threads were stopped: 0.0277090 seconds, Stopping threads took: 0.0000900 seconds
247.919: Application time: 0.2220360 seconds
247.920: [GC [PSYoungGen: 547232K->58496K(575488K)] 752027K->274810K(1574912K), 0.0298130 secs] [Times: user=0.24 sys=0.00, real=0.03 secs] 
247.949: Total time for which application threads were stopped: 0.0300380 seconds, Stopping threads took: 0.0000980 seconds
248.141: Application time: 0.1917030 seconds
248.141: [GC [PSYoungGen: 575104K->48224K(592384K)] 791418K->291640K(1591808K), 0.0317760 secs] [Times: user=0.25 sys=0.00, real=0.03 secs] 
248.173: Total time for which application threads were stopped: 0.0319910 seconds, Stopping threads took: 0.0001000 seconds
248.381: Application time: 0.2077860 seconds
248.381: [GC [PSYoungGen: 563296K->33568K(548864K)] 806712K->312453K(1548288K), 0.0285070 secs] [Times: user=0.23 sys=0.00, real=0.03 secs] 
248.410: Total time for which application threads were stopped: 0.0287330 seconds, Stopping threads took: 0.0001100 seconds
248.628: Application time: 0.2183030 seconds
248.628: [GC [PSYoungGen: 548640K->63408K(585728K)] 827525K->351836K(1585152K), 0.0312700 secs] [Times: user=0.24 sys=0.00, real=0.03 secs] 
248.659: Total time for which application threads were stopped: 0.0314980 seconds, Stopping threads took: 0.0000990 seconds
248.845: Application time: 0.1856360 seconds
248.845: [GC [PSYoungGen: 574896K->42480K(589312K)] 863324K->361714K(1588736K), 0.0302700 secs] [Times: user=0.24 sys=0.00, real=0.02 secs] 
248.876: Total time for which application threads were stopped: 0.0304930 seconds, Stopping threads took: 0.0001060 seconds
249.090: Application time: 0.2139930 seconds
249.090: [GC [PSYoungGen: 553968K->39600K(584704K)] 873202K->392239K(1584128K), 0.0308880 secs] [Times: user=0.24 sys=0.01, real=0.03 secs] 
249.121: Total time for which application threads were stopped: 0.0311200 seconds, Stopping threads took: 0.0001130 seconds
249.333: Application time: 0.2122610 seconds
249.333: [GC [PSYoungGen: 553136K->60000K(587776K)] 905775K->428613K(1587200K), 0.0325580 secs] [Times: user=0.26 sys=0.00, real=0.04 secs] 
249.366: Total time for which application threads were stopped: 0.0327950 seconds, Stopping threads took: 0.0001080 seconds
249.554: Application time: 0.1882160 seconds
249.557: [GC [PSYoungGen: 573536K->38688K(591872K)] 942149K->438704K(1591296K), 0.0293840 secs] [Times: user=0.23 sys=0.00, real=0.03 secs] 
249.586: Total time for which application threads were stopped: 0.0320240 seconds, Stopping threads took: 0.0025240 seconds
249.806: Application time: 0.2198590 seconds
249.806: [GC [PSYoungGen: 554272K->44464K(560128K)] 954288K->471241K(1559552K), 0.0302200 secs] [Times: user=0.24 sys=0.00, real=0.02 secs] 
249.836: Total time for which application threads were stopped: 0.0304970 seconds, Stopping threads took: 0.0001600 seconds
250.044: Application time: 0.2073080 seconds
250.044: [GC [PSYoungGen: 560048K->58832K(586240K)] 986825K->496665K(1585664K), 0.0306020 secs] [Times: user=0.24 sys=0.00, real=0.03 secs] 
250.075: Total time for which application threads were stopped: 0.0308360 seconds, Stopping threads took: 0.0001040 seconds
250.265: Application time: 0.1906320 seconds
250.265: [GC [PSYoungGen: 572368K->36944K(588288K)] 1010201K->504815K(1587712K), 0.0278350 secs] [Times: user=0.22 sys=0.00, real=0.02 secs] 
250.293: Total time for which application threads were stopped: 0.0280560 seconds, Stopping threads took: 0.0001040 seconds
250.515: Application time: 0.2222930 seconds
250.516: [GC [PSYoungGen: 550480K->49360K(588288K)] 1018351K->538305K(1587712K), 0.0301190 secs] [Times: user=0.24 sys=0.00, real=0.04 secs] 
250.546: Total time for which application threads were stopped: 0.0303470 seconds, Stopping threads took: 0.0001040 seconds
250.746: Application time: 0.2004080 seconds
250.746: [GC [PSYoungGen: 568016K->56736K(590848K)] 1056961K->564212K(1590272K), 0.0327170 secs] [Times: user=0.26 sys=0.00, real=0.03 secs] 
250.779: Total time for which application threads were stopped: 0.0329470 seconds, Stopping threads took: 0.0001000 seconds
250.977: Application time: 0.1982930 seconds
250.981: [GC [PSYoungGen: 575392K->29568K(592896K)] 1082868K->576340K(1592320K), 0.0282660 secs] [Times: user=0.19 sys=0.01, real=0.03 secs] 
251.009: Total time for which application threads were stopped: 0.0313280 seconds, Stopping threads took: 0.0029420 seconds
251.234: Application time: 0.2253990 seconds
251.234: [GC [PSYoungGen: 549248K->58816K(578560K)] 1096020K->618624K(1577984K), 0.0305850 secs] [Times: user=0.23 sys=0.00, real=0.04 secs] 
251.265: Total time for which application threads were stopped: 0.0308090 seconds, Stopping threads took: 0.0001010 seconds
251.458: Application time: 0.1930070 seconds
251.458: [GC [PSYoungGen: 578496K->53664K(591872K)] 1138304K->638122K(1591296K), 0.0332050 secs] [Times: user=0.26 sys=0.00, real=0.03 secs] 
251.492: Total time for which application threads were stopped: 0.0334400 seconds, Stopping threads took: 0.0001060 seconds
251.696: Application time: 0.2047430 seconds
251.696: [GC [PSYoungGen: 569760K->30272K(591360K)] 1154218K->655190K(1590784K), 0.0291560 secs] [Times: user=0.23 sys=0.00, real=0.03 secs] 
251.726: Total time for which application threads were stopped: 0.0293860 seconds, Stopping threads took: 0.0001050 seconds
251.948: Application time: 0.2225790 seconds
251.948: [GC [PSYoungGen: 546368K->62240K(585216K)] 1171286K->696226K(1584640K), 0.0307020 secs] [Times: user=0.24 sys=0.00, real=0.03 secs] 
251.979: Total time for which application threads were stopped: 0.0309490 seconds, Stopping threads took: 0.0001180 seconds
252.163: Application time: 0.1836420 seconds
252.163: [GC [PSYoungGen: 571680K->44176K(588288K)] 1205666K->715959K(1587712K), 0.0343920 secs] [Times: user=0.26 sys=0.00, real=0.04 secs] 
252.197: Total time for which application threads were stopped: 0.0346250 seconds, Stopping threads took: 0.0001010 seconds
252.408: Application time: 0.2108170 seconds
252.408: [GC [PSYoungGen: 553616K->38576K(584704K)] 1225399K->739876K(1584128K), 0.0289350 secs] [Times: user=0.23 sys=0.00, real=0.03 secs] 
252.437: Total time for which application threads were stopped: 0.0291850 seconds, Stopping threads took: 0.0001330 seconds
252.653: Application time: 0.2155960 seconds
252.655: [GC [PSYoungGen: 550576K->63184K(586752K)] 1251876K->779843K(1586176K), 0.0335890 secs] [Times: user=0.26 sys=0.00, real=0.04 secs] 
252.689: Total time for which application threads were stopped: 0.0359670 seconds, Stopping threads took: 0.0022650 seconds
252.870: Application time: 0.1805560 seconds
252.870: [GC [PSYoungGen: 575184K->33280K(589312K)] 1291843K->787821K(1588736K), 0.0301920 secs] [Times: user=0.23 sys=0.00, real=0.03 secs] 
252.900: Total time for which application threads were stopped: 0.0304380 seconds, Stopping threads took: 0.0001110 seconds
253.119: Application time: 0.2193770 seconds
253.120: [GC [PSYoungGen: 544256K->43312K(554496K)] 1298797K->826266K(1553920K), 0.0303300 secs] [Times: user=0.23 sys=0.00, real=0.03 secs] 
253.150: Total time for which application threads were stopped: 0.0305570 seconds, Stopping threads took: 0.0001120 seconds
253.354: Application time: 0.2041880 seconds
253.354: [GC [PSYoungGen: 554288K->62400K(583168K)] 1337242K->855994K(1582592K), 0.0322510 secs] [Times: user=0.26 sys=0.00, real=0.04 secs] 
253.387: Total time for which application threads were stopped: 0.0324660 seconds, Stopping threads took: 0.0000990 seconds
253.571: Application time: 0.1846360 seconds
253.571: [GC [PSYoungGen: 570304K->25920K(586240K)] 1363898K->861886K(1585664K), 0.0281120 secs] [Times: user=0.22 sys=0.00, real=0.03 secs] 
253.600: Total time for which application threads were stopped: 0.0283440 seconds, Stopping threads took: 0.0000920 seconds
253.823: Application time: 0.2236760 seconds
253.823: [GC [PSYoungGen: 533824K->54304K(588288K)] 1369790K->906825K(1587712K), 0.0302570 secs] [Times: user=0.24 sys=0.00, real=0.03 secs] 
253.854: Total time for which application threads were stopped: 0.0304820 seconds, Stopping threads took: 0.0001110 seconds
254.048: Application time: 0.1942770 seconds
254.048: [GC [PSYoungGen: 563232K->54480K(587776K)] 1415753K->931715K(1587200K), 0.0335450 secs] [Times: user=0.27 sys=0.00, real=0.03 secs] 
254.082: Total time for which application threads were stopped: 0.0337600 seconds, Stopping threads took: 0.0001000 seconds
254.278: Application time: 0.1966490 seconds
254.279: [GC [PSYoungGen: 563408K->30928K(587776K)] 1440643K->946284K(1587200K), 0.0291210 secs] [Times: user=0.23 sys=0.00, real=0.03 secs] 
254.308: Total time for which application threads were stopped: 0.0293580 seconds, Stopping threads took: 0.0001010 seconds
254.530: Application time: 0.2218740 seconds
254.530: [GC [PSYoungGen: 540368K->60272K(569856K)] 1455724K->985116K(1569280K), 0.0301290 secs] [Times: user=0.24 sys=0.00, real=0.03 secs] 
254.560: Total time for which application threads were stopped: 0.0303490 seconds, Stopping threads took: 0.0001030 seconds
254.743: Application time: 0.1828670 seconds
254.743: [GC [PSYoungGen: 569712K->48720K(589312K)] 1494556K->996138K(1588736K), 0.0310150 secs] [Times: user=0.24 sys=0.00, real=0.03 secs] 
254.774: Total time for which application threads were stopped: 0.0312310 seconds, Stopping threads took: 0.0000980 seconds
254.984: Application time: 0.2095150 seconds
254.984: [GC [PSYoungGen: 557648K->31968K(541184K)] 1505066K->1016835K(1540608K), 0.0283930 secs] [Times: user=0.22 sys=0.00, real=0.03 secs] 
255.012: [Full GC [PSYoungGen: 31968K->0K(541184K)] [ParOldGen: 984867K->78062K(1011200K)] 1016835K->78062K(1552384K) [PSPermGen: 8877K->8877K(21504K)], 0.0874000 secs] [Times: user=0.62 sys=0.00, real=0.09 secs] 
255.100: Total time for which application threads were stopped: 0.1161080 seconds, Stopping threads took: 0.0001230 seconds
255.316: Application time: 0.2162220 seconds
255.316: [GC [PSYoungGen: 508928K->63568K(582656K)] 586990K->141630K(1593856K), 0.0270030 secs] [Times: user=0.21 sys=0.00, real=0.03 secs] 
255.343: Total time for which application threads were stopped: 0.0272160 seconds, Stopping threads took: 0.0000960 seconds
255.519: Application time: 0.1755670 seconds
255.519: [GC [PSYoungGen: 568912K->33120K(586240K)] 646974K->146296K(1597440K), 0.0276040 secs] [Times: user=0.22 sys=0.00, real=0.03 secs] 
255.547: Total time for which application threads were stopped: 0.0278300 seconds, Stopping threads took: 0.0000950 seconds
255.765: Application time: 0.2184350 seconds
255.765: [GC [PSYoungGen: 538464K->43632K(579072K)] 651640K->183630K(1590272K), 0.0297200 secs] [Times: user=0.23 sys=0.00, real=0.02 secs] 
255.795: Total time for which application threads were stopped: 0.0299260 seconds, Stopping threads took: 0.0000900 seconds
256.000: Application time: 0.2046190 seconds
256.000: [GC [PSYoungGen: 550000K->65584K(583168K)] 689998K->214765K(1594368K), 0.0317520 secs] [Times: user=0.25 sys=0.00, real=0.03 secs] 
256.032: Total time for which application threads were stopped: 0.0319780 seconds, Stopping threads took: 0.0001110 seconds
256.215: Application time: 0.1837940 seconds
256.216: [GC [PSYoungGen: 571952K->23104K(584704K)] 721133K->221665K(1595904K), 0.0290380 secs] [Times: user=0.23 sys=0.00, real=0.04 secs] 
256.245: Total time for which application threads were stopped: 0.0292810 seconds, Stopping threads took: 0.0001090 seconds
256.464: Application time: 0.2196670 seconds
256.464: [GC [PSYoungGen: 526400K->56848K(560640K)] 724961K->269992K(1571840K), 0.0303840 secs] [Times: user=0.24 sys=0.00, real=0.02 secs] 
256.495: Total time for which application threads were stopped: 0.0306110 seconds, Stopping threads took: 0.0001060 seconds
256.683: Application time: 0.1879480 seconds
256.683: [GC [PSYoungGen: 560144K->51040K(586240K)] 773288K->288855K(1597440K), 0.0322520 secs] [Times: user=0.26 sys=0.00, real=0.03 secs] 
256.715: Total time for which application threads were stopped: 0.0324680 seconds, Stopping threads took: 0.0001000 seconds
256.915: Application time: 0.1992490 seconds
256.916: [GC [PSYoungGen: 554336K->32592K(536064K)] 792151K->307196K(1547264K), 0.0283280 secs] [Times: user=0.21 sys=0.00, real=0.03 secs] 
256.944: Total time for which application threads were stopped: 0.0295710 seconds, Stopping threads took: 0.0011000 seconds
257.162: Application time: 0.2177500 seconds
257.162: [GC [PSYoungGen: 535888K->59104K(581632K)] 810492K->350310K(1592832K), 0.0322550 secs] [Times: user=0.25 sys=0.00, real=0.03 secs] 
257.194: Total time for which application threads were stopped: 0.0324880 seconds, Stopping threads took: 0.0001150 seconds
257.368: Application time: 0.1740000 seconds
257.369: [GC [PSYoungGen: 560864K->42016K(583168K)] 852070K->367372K(1594368K), 0.0313510 secs] [Times: user=0.24 sys=0.00, real=0.03 secs] 
257.400: Total time for which application threads were stopped: 0.0315730 seconds, Stopping threads took: 0.0001080 seconds
257.615: Application time: 0.2150130 seconds
257.615: [GC [PSYoungGen: 543776K->37872K(583680K)] 869132K->394265K(1594880K), 0.0289770 secs] [Times: user=0.23 sys=0.00, real=0.03 secs] 
257.644: Total time for which application threads were stopped: 0.0292100 seconds, Stopping threads took: 0.0001040 seconds
257.853: Application time: 0.2084750 seconds
257.853: [GC [PSYoungGen: 544752K->63728K(584192K)] 901145K->435015K(1595392K), 0.0339310 secs] [Times: user=0.27 sys=0.00, real=0.04 secs] 
257.887: Total time for which application threads were stopped: 0.0341390 seconds, Stopping threads took: 0.0000910 seconds
258.068: Application time: 0.1816190 seconds
258.069: [GC [PSYoungGen: 570608K->25472K(586240K)] 941895K->442516K(1597440K), 0.0290850 secs] [Times: user=0.23 sys=0.00, real=0.03 secs] 
258.098: Total time for which application threads were stopped: 0.0292940 seconds, Stopping threads took: 0.0000940 seconds
258.318: Application time: 0.2198760 seconds
258.318: [GC [PSYoungGen: 530816K->53136K(558592K)] 947860K->487203K(1569792K), 0.0299300 secs] [Times: user=0.23 sys=0.00, real=0.03 secs] 
258.348: Total time for which application threads were stopped: 0.0301610 seconds, Stopping threads took: 0.0000980 seconds
258.544: Application time: 0.1958910 seconds
258.544: [GC [PSYoungGen: 558480K->61696K(581632K)] 992547K->512426K(1592832K), 0.0331910 secs] [Times: user=0.26 sys=0.00, real=0.04 secs] 
258.577: Total time for which application threads were stopped: 0.0334060 seconds, Stopping threads took: 0.0000990 seconds
258.769: Application time: 0.1914850 seconds
258.769: [GC [PSYoungGen: 562944K->26960K(584192K)] 1013674K->521318K(1595392K), 0.0291090 secs] [Times: user=0.22 sys=0.00, real=0.03 secs] 
258.798: Total time for which application threads were stopped: 0.0293160 seconds, Stopping threads took: 0.0000870 seconds
259.015: Application time: 0.2167170 seconds
259.015: [GC [PSYoungGen: 528208K->57872K(582144K)] 1022566K->566045K(1593344K), 0.0312450 secs] [Times: user=0.25 sys=0.00, real=0.04 secs] 
259.046: Total time for which application threads were stopped: 0.0314960 seconds, Stopping threads took: 0.0001190 seconds
259.225: Application time: 0.1791860 seconds
259.225: [GC [PSYoungGen: 557072K->46624K(546304K)] 1065245K->576196K(1557504K), 0.0280400 secs] [Times: user=0.22 sys=0.00, real=0.02 secs] 
259.254: Total time for which application threads were stopped: 0.0282390 seconds, Stopping threads took: 0.0000890 seconds
259.462: Application time: 0.2087710 seconds
259.462: [GC [PSYoungGen: 545824K->37232K(581632K)] 1075396K->598945K(1592832K), 0.0294310 secs] [Times: user=0.22 sys=0.00, real=0.03 secs] 
259.492: Total time for which application threads were stopped: 0.0296420 seconds, Stopping threads took: 0.0000930 seconds
259.702: Application time: 0.2096680 seconds
259.702: [GC [PSYoungGen: 538992K->57056K(580096K)] 1100705K->635012K(1591296K), 0.0310190 secs] [Times: user=0.24 sys=0.00, real=0.03 secs] 
259.733: Total time for which application threads were stopped: 0.0312440 seconds, Stopping threads took: 0.0000980 seconds
259.910: Application time: 0.1766470 seconds
259.910: [GC [PSYoungGen: 558816K->28592K(587776K)] 1136772K->648145K(1598976K), 0.0300290 secs] [Times: user=0.23 sys=0.00, real=0.03 secs] 
259.940: Total time for which application threads were stopped: 0.0302450 seconds, Stopping threads took: 0.0000960 seconds
260.158: Application time: 0.2183230 seconds
260.158: [GC [PSYoungGen: 537008K->50336K(559104K)] 1156561K->687780K(1570304K), 0.0293930 secs] [Times: user=0.23 sys=0.00, real=0.03 secs] 
260.188: Total time for which application threads were stopped: 0.0296210 seconds, Stopping threads took: 0.0001100 seconds
260.391: Application time: 0.2037140 seconds
260.392: [GC [PSYoungGen: 558752K->59328K(584192K)] 1196196K->710640K(1595392K), 0.0314470 secs] [Times: user=0.25 sys=0.00, real=0.03 secs] 
260.423: Total time for which application threads were stopped: 0.0316660 seconds, Stopping threads took: 0.0000900 seconds
260.611: Application time: 0.1876040 seconds
260.611: [GC [PSYoungGen: 565696K->27120K(586240K)] 1217008K->722280K(1597440K), 0.0293620 secs] [Times: user=0.23 sys=0.00, real=0.03 secs] 
260.640: Total time for which application threads were stopped: 0.0295840 seconds, Stopping threads took: 0.0001040 seconds
260.859: Application time: 0.2189120 seconds
260.859: [GC [PSYoungGen: 533488K->55168K(587264K)] 1228648K->766379K(1598464K), 0.0310690 secs] [Times: user=0.24 sys=0.00, real=0.03 secs] 
260.891: Total time for which application threads were stopped: 0.0312990 seconds, Stopping threads took: 0.0001140 seconds
261.081: Application time: 0.1904080 seconds
261.081: [GC [PSYoungGen: 562560K->56960K(564736K)] 1273771K->784362K(1575936K), 0.0316950 secs] [Times: user=0.24 sys=0.00, real=0.03 secs] 
261.113: Total time for which application threads were stopped: 0.0319200 seconds, Stopping threads took: 0.0000960 seconds
261.314: Application time: 0.2014170 seconds
261.314: [GC [PSYoungGen: 564352K->30016K(586752K)] 1291754K->797998K(1597952K), 0.0297110 secs] [Times: user=0.23 sys=0.00, real=0.03 secs] 
261.344: Total time for which application threads were stopped: 0.0299440 seconds, Stopping threads took: 0.0001160 seconds
261.558: Application time: 0.2136630 seconds
261.558: [GC [PSYoungGen: 535872K->57600K(563712K)] 1303854K->839073K(1574912K), 0.0314000 secs] [Times: user=0.25 sys=0.00, real=0.03 secs] 
261.590: Total time for which application threads were stopped: 0.0316220 seconds, Stopping threads took: 0.0001000 seconds
261.770: Application time: 0.1803560 seconds
261.770: [GC [PSYoungGen: 563456K->39312K(587776K)] 1344929K->854075K(1598976K), 0.0299900 secs] [Times: user=0.23 sys=0.00, real=0.03 secs] 
261.800: Total time for which application threads were stopped: 0.0302020 seconds, Stopping threads took: 0.0000800 seconds
262.013: Application time: 0.2132560 seconds
262.013: [GC [PSYoungGen: 545680K->45248K(551936K)] 1360443K->884374K(1563136K), 0.0305630 secs] [Times: user=0.24 sys=0.00, real=0.03 secs] 
262.044: Total time for which application threads were stopped: 0.0307770 seconds, Stopping threads took: 0.0000990 seconds
262.253: Application time: 0.2091470 seconds
262.253: [GC [PSYoungGen: 551616K->58336K(580096K)] 1390742K->920355K(1591296K), 0.0353350 secs] [Times: user=0.27 sys=0.01, real=0.04 secs] 
262.289: Total time for which application threads were stopped: 0.0355780 seconds, Stopping threads took: 0.0001260 seconds
262.470: Application time: 0.1808070 seconds
262.470: [GC [PSYoungGen: 562656K->34944K(582144K)] 1424675K->932632K(1593344K), 0.0293790 secs] [Times: user=0.23 sys=0.00, real=0.03 secs] 
262.499: Total time for which application threads were stopped: 0.0296040 seconds, Stopping threads took: 0.0000930 seconds
262.714: Application time: 0.2147620 seconds
262.714: [GC [PSYoungGen: 539264K->49104K(584192K)] 1436952K->966150K(1595392K), 0.0299710 secs] [Times: user=0.24 sys=0.00, real=0.03 secs] 
262.744: Total time for which application threads were stopped: 0.0302130 seconds, Stopping threads took: 0.0001170 seconds
262.946: Application time: 0.2014610 seconds
262.946: [GC [PSYoungGen: 561616K->59248K(587264K)] 1478662K->988026K(1598464K), 0.0306610 secs] [Times: user=0.24 sys=0.00, real=0.03 secs] 
262.977: Total time for which application threads were stopped: 0.0308620 seconds, Stopping threads took: 0.0000850 seconds
263.169: Application time: 0.1929230 seconds
263.170: [GC [PSYoungGen: 571760K->30880K(590336K)] 1500538K->1001771K(1601536K), 0.0303320 secs] [Times: user=0.24 sys=0.00, real=0.03 secs] 
263.200: [Full GC [PSYoungGen: 30880K->0K(590336K)] [ParOldGen: 970890K->78748K(1027584K)] 1001771K->78748K(1617920K) [PSPermGen: 8881K->8881K(21504K)], 0.0847720 secs] [Times: user=0.60 sys=0.00, real=0.09 secs] 
263.285: Total time for which application threads were stopped: 0.1153970 seconds, Stopping threads took: 0.0000950 seconds
263.503: Application time: 0.2179500 seconds
263.503: [GC [PSYoungGen: 513536K->52544K(566272K)] 592284K->131292K(1593856K), 0.0232370 secs] [Times: user=0.18 sys=0.00, real=0.03 secs] 
263.526: Total time for which application threads were stopped: 0.0234600 seconds, Stopping threads took: 0.0001060 seconds
263.720: Application time: 0.1937460 seconds
263.720: [GC [PSYoungGen: 566080K->59376K(587776K)] 644828K->156603K(1615360K), 0.0323530 secs] [Times: user=0.26 sys=0.00, real=0.03 secs] 
263.753: Total time for which application threads were stopped: 0.0325930 seconds, Stopping threads took: 0.0001090 seconds
263.957: Application time: 0.2047260 seconds
263.958: [GC [PSYoungGen: 570864K->28128K(539648K)] 668091K->167971K(1567232K), 0.0286190 secs] [Times: user=0.22 sys=0.00, real=0.03 secs] 
263.986: Total time for which application threads were stopped: 0.0288430 seconds, Stopping threads took: 0.0001060 seconds
264.199: Application time: 0.2132890 seconds
264.200: [GC [PSYoungGen: 539616K->57872K(586752K)] 679459K->209910K(1614336K), 0.0294650 secs] [Times: user=0.22 sys=0.00, real=0.03 secs] 
264.229: Total time for which application threads were stopped: 0.0296870 seconds, Stopping threads took: 0.0001050 seconds
264.413: Application time: 0.1842540 seconds
264.414: [GC [PSYoungGen: 566288K->41968K(550400K)] 718326K->220340K(1577984K), 0.0272280 secs] [Times: user=0.22 sys=0.00, real=0.03 secs] 
264.441: Total time for which application threads were stopped: 0.0274390 seconds, Stopping threads took: 0.0000880 seconds
264.653: Application time: 0.2123300 seconds
264.653: [GC [PSYoungGen: 550384K->43760K(589312K)] 728756K->248654K(1616896K), 0.0297430 secs] [Times: user=0.23 sys=0.00, real=0.03 secs] 
264.683: Total time for which application threads were stopped: 0.0299760 seconds, Stopping threads took: 0.0001170 seconds
264.896: Application time: 0.2132270 seconds
264.897: [GC [PSYoungGen: 555760K->56704K(586752K)] 760654K->289083K(1614336K), 0.0364900 secs] [Times: user=0.28 sys=0.00, real=0.03 secs] 
264.933: Total time for which application threads were stopped: 0.0366920 seconds, Stopping threads took: 0.0000850 seconds
265.118: Application time: 0.1846850 seconds
265.118: [GC [PSYoungGen: 568704K->33632K(591360K)] 801083K->302981K(1618944K), 0.0292560 secs] [Times: user=0.23 sys=0.01, real=0.03 secs] 
265.147: Total time for which application threads were stopped: 0.0294930 seconds, Stopping threads took: 0.0001100 seconds
265.364: Application time: 0.2165370 seconds
265.364: [GC [PSYoungGen: 549216K->51664K(567296K)] 818565K->336760K(1594880K), 0.0284560 secs] [Times: user=0.22 sys=0.00, real=0.03 secs] 
265.393: Total time for which application threads were stopped: 0.0286830 seconds, Stopping threads took: 0.0001090 seconds
265.604: Application time: 0.2112540 seconds
265.605: [GC [PSYoungGen: 567248K->56960K(589312K)] 852344K->360594K(1616896K), 0.0327110 secs] [Times: user=0.26 sys=0.00, real=0.03 secs] 
265.637: Total time for which application threads were stopped: 0.0334890 seconds, Stopping threads took: 0.0006640 seconds
265.824: Application time: 0.1871430 seconds
265.829: [GC [PSYoungGen: 572032K->35552K(590336K)] 875666K->376939K(1617920K), 0.0304150 secs] [Times: user=0.24 sys=0.00, real=0.03 secs] 
265.859: Total time for which application threads were stopped: 0.0345750 seconds, Stopping threads took: 0.0040340 seconds
266.079: Application time: 0.2196110 seconds
266.079: [GC [PSYoungGen: 550624K->48864K(587264K)] 892011K->414353K(1614848K), 0.0308810 secs] [Times: user=0.24 sys=0.00, real=0.03 secs] 
266.110: Total time for which application threads were stopped: 0.0311360 seconds, Stopping threads took: 0.0001370 seconds
266.316: Application time: 0.2067200 seconds
266.321: [GC [PSYoungGen: 565984K->60992K(589824K)] 931473K->438021K(1617408K), 0.0306040 secs] [Times: user=0.24 sys=0.00, real=0.03 secs] 
266.351: Total time for which application threads were stopped: 0.0347040 seconds, Stopping threads took: 0.0039840 seconds
266.542: Application time: 0.1912130 seconds
266.543: [GC [PSYoungGen: 578112K->32096K(591360K)] 955141K->448001K(1618944K), 0.0290680 secs] [Times: user=0.23 sys=0.00, real=0.03 secs] 
266.572: Total time for which application threads were stopped: 0.0293300 seconds, Stopping threads took: 0.0000990 seconds
266.792: Application time: 0.2207410 seconds
266.793: [GC [PSYoungGen: 547680K->50384K(566272K)] 963585K->486172K(1593856K), 0.0294120 secs] [Times: user=0.22 sys=0.00, real=0.03 secs] 
266.822: Total time for which application threads were stopped: 0.0296350 seconds, Stopping threads took: 0.0001090 seconds
267.022: Application time: 0.1999500 seconds
267.022: [GC [PSYoungGen: 565968K->60496K(587776K)] 1001756K->509851K(1615360K), 0.0313120 secs] [Times: user=0.25 sys=0.00, real=0.03 secs] 
267.054: Total time for which application threads were stopped: 0.0315240 seconds, Stopping threads took: 0.0000990 seconds
267.251: Application time: 0.1971960 seconds
267.251: [GC [PSYoungGen: 574032K->29456K(589824K)] 1023387K->523179K(1617408K), 0.0302650 secs] [Times: user=0.24 sys=0.00, real=0.03 secs] 
267.281: Total time for which application threads were stopped: 0.0304990 seconds, Stopping threads took: 0.0001050 seconds
267.501: Application time: 0.2196830 seconds
267.501: [GC [PSYoungGen: 542992K->55456K(589312K)] 1036715K->563962K(1616896K), 0.0303030 secs] [Times: user=0.24 sys=0.00, real=0.03 secs] 
267.532: Total time for which application threads were stopped: 0.0305410 seconds, Stopping threads took: 0.0001190 seconds
267.722: Application time: 0.1899940 seconds
267.722: [GC [PSYoungGen: 567968K->53136K(565760K)] 1076474K->577769K(1593344K), 0.0287860 secs] [Times: user=0.20 sys=0.00, real=0.03 secs] 
267.751: Total time for which application threads were stopped: 0.0290130 seconds, Stopping threads took: 0.0001150 seconds
267.959: Application time: 0.2081560 seconds
267.959: [GC [PSYoungGen: 565648K->33552K(589312K)] 1090281K->595191K(1616896K), 0.0300010 secs] [Times: user=0.24 sys=0.00, real=0.03 secs] 
267.989: Total time for which application threads were stopped: 0.0302360 seconds, Stopping threads took: 0.0001070 seconds
268.206: Application time: 0.2166840 seconds
268.206: [GC [PSYoungGen: 546576K->58048K(589312K)] 1108215K->638528K(1616896K), 0.0331860 secs] [Times: user=0.26 sys=0.00, real=0.03 secs] 
268.239: Total time for which application threads were stopped: 0.0334030 seconds, Stopping threads took: 0.0001000 seconds
268.424: Application time: 0.1852460 seconds
268.424: [GC [PSYoungGen: 571072K->41728K(587776K)] 1151552K->647247K(1615360K), 0.0283160 secs] [Times: user=0.22 sys=0.00, real=0.02 secs] 
268.453: Total time for which application threads were stopped: 0.0285480 seconds, Stopping threads took: 0.0001040 seconds
268.666: Application time: 0.2130840 seconds
268.666: [GC [PSYoungGen: 555264K->43776K(588800K)] 1160783K->675649K(1616384K), 0.0300880 secs] [Times: user=0.23 sys=0.00, real=0.02 secs] 
268.696: Total time for which application threads were stopped: 0.0303430 seconds, Stopping threads took: 0.0001220 seconds
268.912: Application time: 0.2155480 seconds
268.912: [GC [PSYoungGen: 557312K->57744K(589312K)] 1189185K->706171K(1616896K), 0.0324640 secs] [Times: user=0.25 sys=0.00, real=0.04 secs] 
268.944: Total time for which application threads were stopped: 0.0326980 seconds, Stopping threads took: 0.0001130 seconds
269.131: Application time: 0.1868210 seconds
269.132: [GC [PSYoungGen: 573840K->36080K(590848K)] 1222267K->723609K(1618432K), 0.0316410 secs] [Times: user=0.25 sys=0.00, real=0.03 secs] 
269.163: Total time for which application threads were stopped: 0.0318830 seconds, Stopping threads took: 0.0001270 seconds
269.380: Application time: 0.2168680 seconds
269.380: [GC [PSYoungGen: 552176K->47440K(587776K)] 1239705K->757335K(1615360K), 0.0299840 secs] [Times: user=0.23 sys=0.00, real=0.03 secs] 
269.410: Total time for which application threads were stopped: 0.0302260 seconds, Stopping threads took: 0.0001140 seconds
269.623: Application time: 0.2131240 seconds
269.624: [GC [PSYoungGen: 566096K->60720K(590336K)] 1275991K->784831K(1617920K), 0.0320910 secs] [Times: user=0.25 sys=0.00, real=0.03 secs] 
269.656: Total time for which application threads were stopped: 0.0323060 seconds, Stopping threads took: 0.0000980 seconds
269.845: Application time: 0.1896910 seconds
269.846: [GC [PSYoungGen: 579376K->35632K(593408K)] 1303487K->801619K(1620992K), 0.0328300 secs] [Times: user=0.26 sys=0.00, real=0.03 secs] 
269.878: Total time for which application threads were stopped: 0.0330510 seconds, Stopping threads took: 0.0001050 seconds
270.099: Application time: 0.2204370 seconds
270.099: [GC [PSYoungGen: 554800K->45648K(565248K)] 1320787K->837524K(1592832K), 0.0307030 secs] [Times: user=0.24 sys=0.00, real=0.03 secs] 
270.130: Total time for which application threads were stopped: 0.0309360 seconds, Stopping threads took: 0.0001030 seconds
270.339: Application time: 0.2087380 seconds
270.339: [GC [PSYoungGen: 564816K->62400K(586752K)] 1356692K->862116K(1614336K), 0.0303100 secs] [Times: user=0.24 sys=0.00, real=0.03 secs] 
270.369: Total time for which application threads were stopped: 0.0305160 seconds, Stopping threads took: 0.0000930 seconds
270.562: Application time: 0.1931480 seconds
270.562: [GC [PSYoungGen: 577984K->34736K(590336K)] 1377700K->874113K(1617920K), 0.0313350 secs] [Times: user=0.24 sys=0.00, real=0.03 secs] 
270.594: Total time for which application threads were stopped: 0.0315710 seconds, Stopping threads took: 0.0001180 seconds
270.813: Application time: 0.2194430 seconds
270.813: [GC [PSYoungGen: 550320K->47760K(587776K)] 1389697K->909651K(1615360K), 0.0307670 secs] [Times: user=0.21 sys=0.00, real=0.03 secs] 
270.844: Total time for which application threads were stopped: 0.0310340 seconds, Stopping threads took: 0.0001400 seconds
271.046: Application time: 0.2017730 seconds
271.046: [GC [PSYoungGen: 565904K->59856K(590336K)] 1427795K->933331K(1617920K), 0.0303720 secs] [Times: user=0.24 sys=0.00, real=0.03 secs] 
271.077: Total time for which application threads were stopped: 0.0305760 seconds, Stopping threads took: 0.0000890 seconds
271.276: Application time: 0.1989500 seconds
271.276: [GC [PSYoungGen: 578000K->33792K(592896K)] 1451475K->940656K(1620480K), 0.0281340 secs] [Times: user=0.22 sys=0.00, real=0.03 secs] 
271.304: Total time for which application threads were stopped: 0.0283630 seconds, Stopping threads took: 0.0001120 seconds
271.524: Application time: 0.2204290 seconds
271.529: [GC [PSYoungGen: 552448K->50240K(569344K)] 1459312K->977814K(1596928K), 0.0303090 secs] [Times: user=0.24 sys=0.00, real=0.03 secs] 
271.559: Total time for which application threads were stopped: 0.0344940 seconds, Stopping threads took: 0.0040600 seconds
271.753: Application time: 0.1936170 seconds
271.753: [GC [PSYoungGen: 568896K->54272K(591360K)] 1496470K->1003173K(1618944K), 0.0316730 secs] [Times: user=0.25 sys=0.00, real=0.04 secs] 
271.784: Total time for which application threads were stopped: 0.0319050 seconds, Stopping threads took: 0.0001070 seconds
271.990: Application time: 0.2059360 seconds
271.991: [GC [PSYoungGen: 572928K->36016K(591360K)] 1521829K->1017355K(1618944K), 0.0294840 secs] [Times: user=0.23 sys=0.00, real=0.03 secs] 
272.020: [Full GC [PSYoungGen: 36016K->0K(591360K)] [ParOldGen: 981339K->77166K(1033216K)] 1017355K->77166K(1624576K) [PSPermGen: 8883K->8883K(21504K)], 0.0841590 secs] [Times: user=0.59 sys=0.00, real=0.08 secs] 
272.104: Total time for which application threads were stopped: 0.1139450 seconds, Stopping threads took: 0.0001120 seconds
272.325: Application time: 0.2208490 seconds
272.325: [GC [PSYoungGen: 518656K->54352K(593408K)] 595822K->131518K(1626624K), 0.0235140 secs] [Times: user=0.19 sys=0.00, real=0.02 secs] 
272.349: Total time for which application threads were stopped: 0.0237320 seconds, Stopping threads took: 0.0000870 seconds
272.541: Application time: 0.1919800 seconds
272.541: [GC [PSYoungGen: 575568K->44272K(565760K)] 652734K->154748K(1598976K), 0.0322340 secs] [Times: user=0.25 sys=0.00, real=0.03 secs] 
272.573: Total time for which application threads were stopped: 0.0324620 seconds, Stopping threads took: 0.0001130 seconds
272.783: Application time: 0.2094190 seconds
272.783: [GC [PSYoungGen: 565488K->42240K(594432K)] 675964K->181958K(1627648K), 0.0295630 secs] [Times: user=0.23 sys=0.00, real=0.03 secs] 
272.813: Total time for which application threads were stopped: 0.0297980 seconds, Stopping threads took: 0.0001150 seconds
273.037: Application time: 0.2247740 seconds
273.038: [GC [PSYoungGen: 566016K->59168K(592896K)] 705734K->219415K(1626112K), 0.0334430 secs] [Times: user=0.25 sys=0.00, real=0.03 secs] 
273.071: Total time for which application threads were stopped: 0.0336910 seconds, Stopping threads took: 0.0001160 seconds
273.261: Application time: 0.1897580 seconds
273.261: [GC [PSYoungGen: 582944K->44752K(595968K)] 743191K->239697K(1629184K), 0.0319340 secs] [Times: user=0.26 sys=0.00, real=0.03 secs] 
273.293: Total time for which application threads were stopped: 0.0321430 seconds, Stopping threads took: 0.0000920 seconds
273.506: Application time: 0.2128850 seconds
273.506: [GC [PSYoungGen: 570576K->42624K(595456K)] 765521K->270466K(1628672K), 0.0309480 secs] [Times: user=0.24 sys=0.00, real=0.03 secs] 
273.537: Total time for which application threads were stopped: 0.0311710 seconds, Stopping threads took: 0.0001060 seconds
273.763: Application time: 0.2264080 seconds
273.764: [GC [PSYoungGen: 568448K->62384K(591360K)] 796290K->302049K(1624576K), 0.0311800 secs] [Times: user=0.24 sys=0.00, real=0.03 secs] 
273.795: Total time for which application threads were stopped: 0.0314040 seconds, Stopping threads took: 0.0000940 seconds
273.984: Application time: 0.1890030 seconds
273.984: [GC [PSYoungGen: 585136K->43520K(594944K)] 824801K->321514K(1628160K), 0.0340420 secs] [Times: user=0.27 sys=0.00, real=0.04 secs] 
274.018: Total time for which application threads were stopped: 0.0342800 seconds, Stopping threads took: 0.0001230 seconds
274.232: Application time: 0.2141540 seconds
274.232: [GC [PSYoungGen: 566272K->38592K(592384K)] 844266K->349650K(1625600K), 0.0296620 secs] [Times: user=0.23 sys=0.00, real=0.03 secs] 
274.262: Total time for which application threads were stopped: 0.0299020 seconds, Stopping threads took: 0.0001240 seconds
274.487: Application time: 0.2245170 seconds
274.487: [GC [PSYoungGen: 562880K->68272K(592896K)] 873938K->386886K(1626112K), 0.0319910 secs] [Times: user=0.25 sys=0.00, real=0.03 secs] 
274.519: Total time for which application threads were stopped: 0.0322050 seconds, Stopping threads took: 0.0000900 seconds
274.708: Application time: 0.1890360 seconds
274.708: [GC [PSYoungGen: 592560K->37408K(591872K)] 911174K->393595K(1625088K), 0.0313000 secs] [Times: user=0.25 sys=0.00, real=0.03 secs] 
274.739: Total time for which application threads were stopped: 0.0315320 seconds, Stopping threads took: 0.0001150 seconds
274.955: Application time: 0.2157010 seconds
274.955: [GC [PSYoungGen: 555040K->38768K(556544K)] 911227K->426604K(1589760K), 0.0295490 secs] [Times: user=0.23 sys=0.00, real=0.04 secs] 
274.985: Total time for which application threads were stopped: 0.0297650 seconds, Stopping threads took: 0.0001020 seconds
275.203: Application time: 0.2183660 seconds
275.203: [GC [PSYoungGen: 556400K->66080K(584192K)] 944236K->458252K(1617408K), 0.0302350 secs] [Times: user=0.24 sys=0.00, real=0.03 secs] 
275.234: Total time for which application threads were stopped: 0.0304560 seconds, Stopping threads took: 0.0000940 seconds
275.416: Application time: 0.1827040 seconds
275.417: [GC [PSYoungGen: 576544K->35872K(588800K)] 968716K->461714K(1622016K), 0.0290100 secs] [Times: user=0.23 sys=0.00, real=0.03 secs] 
275.446: Total time for which application threads were stopped: 0.0292180 seconds, Stopping threads took: 0.0000910 seconds
275.663: Application time: 0.2172200 seconds
275.663: [GC [PSYoungGen: 546336K->41744K(584704K)] 972178K->496243K(1617920K), 0.0298100 secs] [Times: user=0.24 sys=0.00, real=0.03 secs] 
275.693: Total time for which application threads were stopped: 0.0300370 seconds, Stopping threads took: 0.0001120 seconds
275.901: Application time: 0.2078700 seconds
275.901: [GC [PSYoungGen: 553232K->64272K(587264K)] 1007731K->525851K(1620480K), 0.0315420 secs] [Times: user=0.24 sys=0.00, real=0.03 secs] 
275.933: Total time for which application threads were stopped: 0.0317830 seconds, Stopping threads took: 0.0001140 seconds
276.118: Application time: 0.1851320 seconds
276.118: [GC [PSYoungGen: 575760K->32048K(588288K)] 1037339K->531141K(1621504K), 0.0289520 secs] [Times: user=0.23 sys=0.00, real=0.03 secs] 
276.147: Total time for which application threads were stopped: 0.0292040 seconds, Stopping threads took: 0.0001360 seconds
276.369: Application time: 0.2222620 seconds
276.369: [GC [PSYoungGen: 540976K->47264K(556544K)] 1040069K->569358K(1589760K), 0.0300650 secs] [Times: user=0.24 sys=0.00, real=0.03 secs] 
276.400: Total time for which application threads were stopped: 0.0302870 seconds, Stopping threads took: 0.0001050 seconds
276.592: Application time: 0.1928390 seconds
276.593: [GC [PSYoungGen: 556192K->61168K(582144K)] 1078286K->592758K(1615360K), 0.0299790 secs] [Times: user=0.24 sys=0.00, real=0.03 secs] 
276.623: Total time for which application threads were stopped: 0.0302350 seconds, Stopping threads took: 0.0001190 seconds
276.815: Application time: 0.1927000 seconds
276.816: [GC [PSYoungGen: 567536K->21824K(584704K)] 1099126K->600286K(1617920K), 0.0277690 secs] [Times: user=0.22 sys=0.00, real=0.03 secs] 
276.843: Total time for which application threads were stopped: 0.0280340 seconds, Stopping threads took: 0.0001450 seconds
277.067: Application time: 0.2238460 seconds
277.067: [GC [PSYoungGen: 528192K->61008K(583168K)] 1106654K->649466K(1616384K), 0.0305300 secs] [Times: user=0.24 sys=0.00, real=0.03 secs] 
277.098: Total time for which application threads were stopped: 0.0307470 seconds, Stopping threads took: 0.0001000 seconds
277.278: Application time: 0.1800880 seconds
277.278: [GC [PSYoungGen: 564304K->40352K(585216K)] 1152762K->671546K(1618432K), 0.0348410 secs] [Times: user=0.27 sys=0.00, real=0.03 secs] 
277.313: Total time for which application threads were stopped: 0.0350850 seconds, Stopping threads took: 0.0001170 seconds
277.521: Application time: 0.2077060 seconds
277.521: [GC [PSYoungGen: 543648K->36864K(582144K)] 1174842K->702387K(1615360K), 0.0299770 secs] [Times: user=0.24 sys=0.00, real=0.03 secs] 
277.551: Total time for which application threads were stopped: 0.0302070 seconds, Stopping threads took: 0.0001150 seconds
277.768: Application time: 0.2171510 seconds
277.768: [GC [PSYoungGen: 542208K->68224K(583680K)] 1207731K->737739K(1616896K), 0.0312870 secs] [Times: user=0.25 sys=0.00, real=0.03 secs] 
277.800: Total time for which application threads were stopped: 0.0315150 seconds, Stopping threads took: 0.0001120 seconds
277.977: Application time: 0.1773970 seconds
277.977: [GC [PSYoungGen: 573568K->35056K(585216K)] 1243083K->745528K(1618432K), 0.0318020 secs] [Times: user=0.25 sys=0.00, real=0.03 secs] 
278.009: Total time for which application threads were stopped: 0.0320350 seconds, Stopping threads took: 0.0001060 seconds
278.226: Application time: 0.2165370 seconds
278.226: [GC [PSYoungGen: 536816K->40208K(542208K)] 1247288K->780977K(1575424K), 0.0300820 secs] [Times: user=0.23 sys=0.00, real=0.02 secs] 
278.256: Total time for which application threads were stopped: 0.0303240 seconds, Stopping threads took: 0.0001240 seconds
278.458: Application time: 0.2022460 seconds
278.458: [GC [PSYoungGen: 541968K->63984K(577536K)] 1282737K->811201K(1610752K), 0.0302930 secs] [Times: user=0.24 sys=0.00, real=0.03 secs] 
278.489: Total time for which application threads were stopped: 0.0305330 seconds, Stopping threads took: 0.0001260 seconds
278.668: Application time: 0.1794760 seconds
278.668: [GC [PSYoungGen: 562160K->26512K(581120K)] 1309377K->817246K(1614336K), 0.0284430 secs] [Times: user=0.23 sys=0.00, real=0.03 secs] 
278.697: Total time for which application threads were stopped: 0.0287010 seconds, Stopping threads took: 0.0001180 seconds
278.919: Application time: 0.2216020 seconds
278.919: [GC [PSYoungGen: 524688K->54480K(583168K)] 1315422K->861021K(1616384K), 0.0310830 secs] [Times: user=0.24 sys=0.00, real=0.03 secs] 
278.950: Total time for which application threads were stopped: 0.0313100 seconds, Stopping threads took: 0.0001100 seconds
279.131: Application time: 0.1811860 seconds
279.131: [GC [PSYoungGen: 555728K->52336K(583680K)] 1362269K->887031K(1616896K), 0.0333750 secs] [Times: user=0.27 sys=0.00, real=0.04 secs] 
279.165: Total time for which application threads were stopped: 0.0336280 seconds, Stopping threads took: 0.0001400 seconds
279.367: Application time: 0.2020030 seconds
279.367: [GC [PSYoungGen: 553584K->29408K(583680K)] 1388279K->904188K(1616896K), 0.0293610 secs] [Times: user=0.23 sys=0.00, real=0.02 secs] 
279.396: Total time for which application threads were stopped: 0.0295890 seconds, Stopping threads took: 0.0000970 seconds
279.614: Application time: 0.2180480 seconds
279.614: [GC [PSYoungGen: 532192K->64448K(567296K)] 1406972K->951790K(1600512K), 0.0332290 secs] [Times: user=0.26 sys=0.00, real=0.04 secs] 
279.648: Total time for which application threads were stopped: 0.0334350 seconds, Stopping threads took: 0.0000910 seconds
279.826: Application time: 0.1785010 seconds
279.826: [GC [PSYoungGen: 567232K->36368K(584704K)] 1454574K->959068K(1617920K), 0.0308380 secs] [Times: user=0.24 sys=0.00, real=0.03 secs] 
279.857: Total time for which application threads were stopped: 0.0310560 seconds, Stopping threads took: 0.0001040 seconds
280.069: Application time: 0.2118040 seconds
280.069: [GC [PSYoungGen: 536592K->39392K(539648K)] 1459292K->994109K(1572864K), 0.0304240 secs] [Times: user=0.24 sys=0.00, real=0.03 secs] 
280.100: Total time for which application threads were stopped: 0.0306630 seconds, Stopping threads took: 0.0001120 seconds
280.305: Application time: 0.2049330 seconds
280.305: [GC [PSYoungGen: 539616K->63424K(576512K)] 1494333K->1023985K(1609728K), 0.0306930 secs] [Times: user=0.24 sys=0.00, real=0.02 secs] 
280.336: Total time for which application threads were stopped: 0.0308930 seconds, Stopping threads took: 0.0000820 seconds
280.513: Application time: 0.1778030 seconds
280.517: [GC [PSYoungGen: 560064K->32960K(580096K)] 1520625K->1035985K(1613312K), 0.0297530 secs] [Times: user=0.23 sys=0.00, real=0.03 secs] 
280.546: [Full GC [PSYoungGen: 32960K->0K(580096K)] [ParOldGen: 1003025K->78197K(1061888K)] 1035985K->78197K(1641984K) [PSPermGen: 8885K->8885K(21504K)], 0.0817750 secs] [Times: user=0.58 sys=0.00, real=0.08 secs] 
280.628: Total time for which application threads were stopped: 0.1147280 seconds, Stopping threads took: 0.0030160 seconds
280.847: Application time: 0.2190860 seconds
280.847: [GC [PSYoungGen: 496640K->48880K(578048K)] 574837K->127077K(1639936K), 0.0219890 secs] [Times: user=0.17 sys=0.00, real=0.02 secs] 
280.870: Total time for which application threads were stopped: 0.0222520 seconds, Stopping threads took: 0.0001310 seconds
281.057: Application time: 0.1875080 seconds
281.057: [GC [PSYoungGen: 550640K->57472K(581632K)] 628837K->154751K(1643520K), 0.0322070 secs] [Times: user=0.25 sys=0.00, real=0.03 secs] 
281.089: Total time for which application threads were stopped: 0.0324150 seconds, Stopping threads took: 0.0000850 seconds
281.288: Application time: 0.1989250 seconds
281.289: [GC [PSYoungGen: 559232K->24624K(585728K)] 656511K->168522K(1647616K), 0.0290290 secs] [Times: user=0.23 sys=0.00, real=0.03 secs] 
281.318: Total time for which application threads were stopped: 0.0292560 seconds, Stopping threads took: 0.0001080 seconds
281.536: Application time: 0.2181090 seconds
281.536: [GC [PSYoungGen: 529968K->62320K(567808K)] 673866K->216850K(1629696K), 0.0305680 secs] [Times: user=0.25 sys=0.00, real=0.04 secs] 
281.567: Total time for which application threads were stopped: 0.0307920 seconds, Stopping threads took: 0.0000950 seconds
281.749: Application time: 0.1826450 seconds
281.749: [GC [PSYoungGen: 567664K->35792K(585216K)] 722194K->230207K(1647104K), 0.0312590 secs] [Times: user=0.24 sys=0.00, real=0.03 secs] 
281.781: Total time for which application threads were stopped: 0.0314790 seconds, Stopping threads took: 0.0001040 seconds
281.990: Application time: 0.2091640 seconds
281.990: [GC [PSYoungGen: 537040K->42416K(543744K)] 731455K->265245K(1605632K), 0.0296650 secs] [Times: user=0.23 sys=0.00, real=0.03 secs] 
282.020: Total time for which application threads were stopped: 0.0298740 seconds, Stopping threads took: 0.0000920 seconds
282.227: Application time: 0.2075490 seconds
282.227: [GC [PSYoungGen: 543664K->59232K(578048K)] 766493K->293412K(1639936K), 0.0299560 secs] [Times: user=0.22 sys=0.00, real=0.03 secs] 
282.257: Total time for which application threads were stopped: 0.0302160 seconds, Stopping threads took: 0.0001290 seconds
282.438: Application time: 0.1806120 seconds
282.438: [GC [PSYoungGen: 558432K->37792K(580096K)] 792612K->301678K(1641984K), 0.0275960 secs] [Times: user=0.22 sys=0.00, real=0.03 secs] 
282.466: Total time for which application threads were stopped: 0.0278040 seconds, Stopping threads took: 0.0000900 seconds
282.681: Application time: 0.2150630 seconds
282.681: [GC [PSYoungGen: 536992K->44688K(580096K)] 800878K->335080K(1641984K), 0.0299610 secs] [Times: user=0.23 sys=0.00, real=0.03 secs] 
282.711: Total time for which application threads were stopped: 0.0302050 seconds, Stopping threads took: 0.0001280 seconds
282.907: Application time: 0.1957530 seconds
282.907: [GC [PSYoungGen: 552080K->61216K(583168K)] 842472K->365239K(1645056K), 0.0335850 secs] [Times: user=0.25 sys=0.00, real=0.03 secs] 
282.941: Total time for which application threads were stopped: 0.0338260 seconds, Stopping threads took: 0.0001170 seconds
283.138: Application time: 0.1972010 seconds
283.138: [GC [PSYoungGen: 568608K->29232K(588800K)] 872631K->377495K(1650688K), 0.0298760 secs] [Times: user=0.24 sys=0.00, real=0.03 secs] 
283.168: Total time for which application threads were stopped: 0.0301190 seconds, Stopping threads took: 0.0001230 seconds
283.386: Application time: 0.2184250 seconds
283.387: [GC [PSYoungGen: 539696K->55120K(565760K)] 887959K->418886K(1627648K), 0.0295820 secs] [Times: user=0.24 sys=0.00, real=0.02 secs] 
283.416: Total time for which application threads were stopped: 0.0298050 seconds, Stopping threads took: 0.0001060 seconds
283.605: Application time: 0.1884940 seconds
283.605: [GC [PSYoungGen: 565584K->44752K(591360K)] 929350K->441592K(1653248K), 0.0315110 secs] [Times: user=0.24 sys=0.00, real=0.03 secs] 
283.637: Total time for which application threads were stopped: 0.0317380 seconds, Stopping threads took: 0.0000990 seconds
283.845: Application time: 0.2085680 seconds
283.845: [GC [PSYoungGen: 557264K->41984K(555008K)] 954104K->466018K(1616896K), 0.0287830 secs] [Times: user=0.22 sys=0.00, real=0.02 secs] 
283.874: Total time for which application threads were stopped: 0.0290120 seconds, Stopping threads took: 0.0001110 seconds
284.090: Application time: 0.2156340 seconds
284.090: [GC [PSYoungGen: 554496K->59648K(583680K)] 978530K->502659K(1645568K), 0.0341200 secs] [Times: user=0.26 sys=0.00, real=0.03 secs] 
284.124: Total time for which application threads were stopped: 0.0343300 seconds, Stopping threads took: 0.0000840 seconds
284.312: Application time: 0.1877630 seconds
284.312: [GC [PSYoungGen: 569600K->41568K(586240K)] 1012611K->514817K(1648128K), 0.0303080 secs] [Times: user=0.23 sys=0.00, real=0.03 secs] 
284.342: Total time for which application threads were stopped: 0.0305400 seconds, Stopping threads took: 0.0001020 seconds
284.554: Application time: 0.2116910 seconds
284.554: [GC [PSYoungGen: 551520K->44032K(585216K)] 1024769K->545023K(1647104K), 0.0303490 secs] [Times: user=0.24 sys=0.00, real=0.04 secs] 
284.585: Total time for which application threads were stopped: 0.0305760 seconds, Stopping threads took: 0.0001130 seconds
284.796: Application time: 0.2110460 seconds
284.797: [GC [PSYoungGen: 560640K->56672K(588288K)] 1061631K->570622K(1650176K), 0.0305970 secs] [Times: user=0.23 sys=0.00, real=0.03 secs] 
284.827: Total time for which application threads were stopped: 0.0314490 seconds, Stopping threads took: 0.0007340 seconds
285.021: Application time: 0.1935300 seconds
285.021: [GC [PSYoungGen: 573280K->39488K(594432K)] 1087230K->586988K(1656320K), 0.0304720 secs] [Times: user=0.24 sys=0.00, real=0.03 secs] 
285.051: Total time for which application threads were stopped: 0.0306950 seconds, Stopping threads took: 0.0000950 seconds
285.270: Application time: 0.2188530 seconds
285.270: [GC [PSYoungGen: 561216K->45472K(567296K)] 1108716K->618048K(1629184K), 0.0304700 secs] [Times: user=0.23 sys=0.00, real=0.03 secs] 
285.301: Total time for which application threads were stopped: 0.0306820 seconds, Stopping threads took: 0.0000920 seconds
285.511: Application time: 0.2098820 seconds
285.511: [GC [PSYoungGen: 567200K->58352K(589824K)] 1139776K->646320K(1651712K), 0.0322990 secs] [Times: user=0.26 sys=0.00, real=0.03 secs] 
285.543: Total time for which application threads were stopped: 0.0325310 seconds, Stopping threads took: 0.0001150 seconds
285.737: Application time: 0.1940930 seconds
285.738: [GC [PSYoungGen: 578544K->36000K(591872K)] 1166512K->657933K(1653760K), 0.0293460 secs] [Times: user=0.23 sys=0.00, real=0.03 secs] 
285.767: Total time for which application threads were stopped: 0.0295940 seconds, Stopping threads took: 0.0001140 seconds
285.987: Application time: 0.2201000 seconds
285.987: [GC [PSYoungGen: 556192K->50928K(593920K)] 1178125K->692236K(1655808K), 0.0306480 secs] [Times: user=0.24 sys=0.00, real=0.03 secs] 
286.018: Total time for which application threads were stopped: 0.0308970 seconds, Stopping threads took: 0.0001300 seconds
286.225: Application time: 0.2065700 seconds
286.225: [GC [PSYoungGen: 575216K->57072K(594944K)] 1216524K->720054K(1656832K), 0.0330550 secs] [Times: user=0.26 sys=0.00, real=0.03 secs] 
286.258: Total time for which application threads were stopped: 0.0333020 seconds, Stopping threads took: 0.0001340 seconds
286.458: Application time: 0.2002210 seconds
286.458: [GC [PSYoungGen: 581360K->35440K(595456K)] 1244342K->730700K(1657344K), 0.0281240 secs] [Times: user=0.22 sys=0.00, real=0.03 secs] 
286.486: Total time for which application threads were stopped: 0.0283540 seconds, Stopping threads took: 0.0000990 seconds
286.707: Application time: 0.2207040 seconds
286.707: [GC [PSYoungGen: 559216K->52720K(595456K)] 1254476K->765423K(1657344K), 0.0306170 secs] [Times: user=0.24 sys=0.00, real=0.03 secs] 
286.738: Total time for which application threads were stopped: 0.0308370 seconds, Stopping threads took: 0.0001040 seconds
286.940: Application time: 0.2021100 seconds
286.940: [GC [PSYoungGen: 576496K->54032K(595456K)] 1289199K->786173K(1657344K), 0.0323280 secs] [Times: user=0.25 sys=0.00, real=0.03 secs] 
286.973: Total time for which application threads were stopped: 0.0325480 seconds, Stopping threads took: 0.0001060 seconds
287.177: Application time: 0.2044120 seconds
287.177: [GC [PSYoungGen: 577808K->33424K(595456K)] 1309949K->801894K(1657344K), 0.0293930 secs] [Times: user=0.23 sys=0.00, real=0.03 secs] 
287.207: Total time for which application threads were stopped: 0.0296600 seconds, Stopping threads took: 0.0001330 seconds
287.427: Application time: 0.2206820 seconds
287.428: [GC [PSYoungGen: 557200K->56528K(593408K)] 1325670K->839453K(1655296K), 0.0305120 secs] [Times: user=0.25 sys=0.00, real=0.03 secs] 
287.458: Total time for which application threads were stopped: 0.0307260 seconds, Stopping threads took: 0.0000960 seconds
287.657: Application time: 0.1986290 seconds
287.657: [GC [PSYoungGen: 578256K->51968K(594432K)] 1361181K->852216K(1656320K), 0.0292090 secs] [Times: user=0.23 sys=0.00, real=0.03 secs] 
287.686: Total time for which application threads were stopped: 0.0294070 seconds, Stopping threads took: 0.0000860 seconds
287.894: Application time: 0.2082750 seconds
287.895: [GC [PSYoungGen: 573696K->35152K(592896K)] 1373944K->868961K(1654784K), 0.0295290 secs] [Times: user=0.23 sys=0.00, real=0.03 secs] 
287.924: Total time for which application threads were stopped: 0.0297980 seconds, Stopping threads took: 0.0001430 seconds
288.141: Application time: 0.2171190 seconds
288.142: [GC [PSYoungGen: 557392K->57200K(593920K)] 1391201K->906525K(1655808K), 0.0318910 secs] [Times: user=0.25 sys=0.00, real=0.03 secs] 
288.174: Total time for which application threads were stopped: 0.0320990 seconds, Stopping threads took: 0.0000930 seconds
288.369: Application time: 0.1955260 seconds
288.369: [GC [PSYoungGen: 579440K->43424K(593920K)] 1428765K->925298K(1655808K), 0.0323980 secs] [Times: user=0.25 sys=0.00, real=0.03 secs] 
288.402: Total time for which application threads were stopped: 0.0326200 seconds, Stopping threads took: 0.0001080 seconds
288.614: Application time: 0.2118550 seconds
288.614: [GC [PSYoungGen: 565664K->43264K(565760K)] 1447538K->956252K(1627648K), 0.0319220 secs] [Times: user=0.25 sys=0.00, real=0.04 secs] 
288.646: Total time for which application threads were stopped: 0.0321490 seconds, Stopping threads took: 0.0000970 seconds
288.861: Application time: 0.2151650 seconds
288.861: [GC [PSYoungGen: 565504K->56176K(592384K)] 1478492K->991222K(1654272K), 0.0339010 secs] [Times: user=0.26 sys=0.00, real=0.03 secs] 
288.895: Total time for which application threads were stopped: 0.0341120 seconds, Stopping threads took: 0.0000940 seconds
289.092: Application time: 0.1969810 seconds
289.092: [GC [PSYoungGen: 578928K->44928K(593408K)] 1513974K->1007075K(1655296K), 0.0310990 secs] [Times: user=0.25 sys=0.00, real=0.03 secs] 
289.123: Total time for which application threads were stopped: 0.0313480 seconds, Stopping threads took: 0.0001330 seconds
289.336: Application time: 0.2123840 seconds
289.336: [GC [PSYoungGen: 567680K->44112K(593920K)] 1529827K->1034437K(1655808K), 0.0312860 secs] [Times: user=0.24 sys=0.00, real=0.04 secs] 
289.367: Total time for which application threads were stopped: 0.0315050 seconds, Stopping threads took: 0.0000930 seconds
289.585: Application time: 0.2175010 seconds
289.585: [GC [PSYoungGen: 571472K->60576K(594944K)] 1561797K->1060588K(1656832K), 0.0308910 secs] [Times: user=0.24 sys=0.00, real=0.02 secs] 
289.616: Total time for which application threads were stopped: 0.0311110 seconds, Stopping threads took: 0.0001050 seconds
289.815: Application time: 0.1987860 seconds
289.815: [GC [PSYoungGen: 587936K->43104K(598016K)] 1587948K->1079717K(1659904K), 0.0326000 secs] [Times: user=0.24 sys=0.01, real=0.04 secs] 
289.847: [Full GC [PSYoungGen: 43104K->0K(598016K)] [ParOldGen: 1036613K->82704K(1063936K)] 1079717K->82704K(1661952K) [PSPermGen: 8885K->8885K(21504K)], 0.0905800 secs] [Times: user=0.64 sys=0.00, real=0.09 secs] 
289.938: Total time for which application threads were stopped: 0.1234780 seconds, Stopping threads took: 0.0001200 seconds
290.153: Application time: 0.2148850 seconds
290.153: [GC [PSYoungGen: 527360K->46384K(573952K)] 610064K->129088K(1637888K), 0.0206320 secs] [Times: user=0.16 sys=0.00, real=0.02 secs] 
290.174: Total time for which application threads were stopped: 0.0208620 seconds, Stopping threads took: 0.0001030 seconds
290.391: Application time: 0.2169550 seconds
290.391: [GC [PSYoungGen: 573744K->57984K(593408K)] 656448K->156219K(1657344K), 0.0309630 secs] [Times: user=0.24 sys=0.00, real=0.03 secs] 
290.422: Total time for which application threads were stopped: 0.0312470 seconds, Stopping threads took: 0.0001680 seconds
290.621: Application time: 0.1994200 seconds
290.622: [GC [PSYoungGen: 583808K->39296K(594944K)] 682043K->170097K(1658880K), 0.0295940 secs] [Times: user=0.23 sys=0.00, real=0.03 secs] 
290.651: Total time for which application threads were stopped: 0.0298350 seconds, Stopping threads took: 0.0001250 seconds
290.867: Application time: 0.2157420 seconds
290.867: [GC [PSYoungGen: 565120K->46704K(593920K)] 695921K->203778K(1657856K), 0.0301890 secs] [Times: user=0.24 sys=0.00, real=0.03 secs] 
290.897: Total time for which application threads were stopped: 0.0304490 seconds, Stopping threads took: 0.0001320 seconds
291.113: Application time: 0.2159120 seconds
291.114: [GC [PSYoungGen: 575600K->57104K(595968K)] 732674K->236064K(1659904K), 0.0327270 secs] [Times: user=0.25 sys=0.00, real=0.04 secs] 
291.146: Total time for which application threads were stopped: 0.0329340 seconds, Stopping threads took: 0.0000910 seconds
291.347: Application time: 0.2008060 seconds
291.347: [GC [PSYoungGen: 586000K->42800K(599040K)] 764960K->250466K(1662976K), 0.0292630 secs] [Times: user=0.23 sys=0.00, real=0.03 secs] 
291.377: Total time for which application threads were stopped: 0.0295000 seconds, Stopping threads took: 0.0001210 seconds
291.593: Application time: 0.2165810 seconds
291.593: [GC [PSYoungGen: 573744K->48384K(579584K)] 781410K->280976K(1643520K), 0.0310240 secs] [Times: user=0.25 sys=0.00, real=0.04 secs] 
291.624: Total time for which application threads were stopped: 0.0312530 seconds, Stopping threads took: 0.0001010 seconds
291.840: Application time: 0.2151050 seconds
291.840: [GC [PSYoungGen: 579328K->57184K(594944K)] 811920K->306414K(1658880K), 0.0314960 secs] [Times: user=0.25 sys=0.00, real=0.03 secs] 
291.871: Total time for which application threads were stopped: 0.0317230 seconds, Stopping threads took: 0.0001100 seconds
292.074: Application time: 0.2025150 seconds
292.074: [GC [PSYoungGen: 586592K->43456K(596992K)] 835822K->321460K(1660928K), 0.0299410 secs] [Times: user=0.24 sys=0.00, real=0.03 secs] 
292.104: Total time for which application threads were stopped: 0.0301910 seconds, Stopping threads took: 0.0001310 seconds
292.320: Application time: 0.2159650 seconds
292.320: [GC [PSYoungGen: 572864K->48176K(595456K)] 850868K->350930K(1659392K), 0.0307490 secs] [Times: user=0.23 sys=0.00, real=0.03 secs] 
292.351: Total time for which application threads were stopped: 0.0309820 seconds, Stopping threads took: 0.0001000 seconds
292.566: Application time: 0.2154300 seconds
292.567: [GC [PSYoungGen: 581168K->56080K(598016K)] 883922K->375909K(1661952K), 0.0312320 secs] [Times: user=0.25 sys=0.00, real=0.03 secs] 
292.598: Total time for which application threads were stopped: 0.0314390 seconds, Stopping threads took: 0.0000940 seconds
292.802: Application time: 0.2040290 seconds
292.805: [GC [PSYoungGen: 589072K->43824K(601088K)] 908901K->389891K(1665024K), 0.0294600 secs] [Times: user=0.23 sys=0.00, real=0.02 secs] 
292.834: Total time for which application threads were stopped: 0.0321340 seconds, Stopping threads took: 0.0025560 seconds
293.053: Application time: 0.2194680 seconds
293.054: [GC [PSYoungGen: 579888K->48352K(584704K)] 925955K->419544K(1648640K), 0.0310690 secs] [Times: user=0.25 sys=0.00, real=0.04 secs] 
293.085: Total time for which application threads were stopped: 0.0313010 seconds, Stopping threads took: 0.0001030 seconds
293.301: Application time: 0.2165730 seconds
293.304: [GC [PSYoungGen: 584416K->56960K(598528K)] 955608K->445423K(1662464K), 0.0318250 secs] [Times: user=0.25 sys=0.00, real=0.02 secs] 
293.336: Total time for which application threads were stopped: 0.0349950 seconds, Stopping threads took: 0.0030530 seconds
293.541: Application time: 0.2045400 seconds
293.541: [GC [PSYoungGen: 592000K->45056K(600576K)] 980463K->460893K(1664512K), 0.0306460 secs] [Times: user=0.24 sys=0.00, real=0.03 secs] 
293.572: Total time for which application threads were stopped: 0.0308790 seconds, Stopping threads took: 0.0001040 seconds
293.792: Application time: 0.2197750 seconds
293.792: [GC [PSYoungGen: 580096K->49520K(597504K)] 995933K->493711K(1661440K), 0.0327210 secs] [Times: user=0.26 sys=0.00, real=0.04 secs] 
293.825: Total time for which application threads were stopped: 0.0329630 seconds, Stopping threads took: 0.0001120 seconds
294.041: Application time: 0.2162850 seconds
294.041: [GC [PSYoungGen: 586608K->58064K(600064K)] 1030799K->517981K(1664000K), 0.0312650 secs] [Times: user=0.25 sys=0.00, real=0.03 secs] 
294.072: Total time for which application threads were stopped: 0.0314990 seconds, Stopping threads took: 0.0001190 seconds
294.279: Application time: 0.2065020 seconds
294.279: [GC [PSYoungGen: 595152K->42784K(602112K)] 1055069K->537490K(1666048K), 0.0324900 secs] [Times: user=0.26 sys=0.00, real=0.03 secs] 
294.312: Total time for which application threads were stopped: 0.0327200 seconds, Stopping threads took: 0.0001140 seconds
294.530: Application time: 0.2187920 seconds
294.531: [GC [PSYoungGen: 579872K->51232K(588800K)] 1074578K->565657K(1652736K), 0.0304730 secs] [Times: user=0.24 sys=0.00, real=0.03 secs] 
294.561: Total time for which application threads were stopped: 0.0307030 seconds, Stopping threads took: 0.0001010 seconds
294.777: Application time: 0.2162660 seconds
294.777: [GC [PSYoungGen: 588320K->55392K(600064K)] 1102745K->587860K(1664000K), 0.0317330 secs] [Times: user=0.25 sys=0.00, real=0.03 secs] 
294.809: Total time for which application threads were stopped: 0.0319550 seconds, Stopping threads took: 0.0001050 seconds
295.018: Application time: 0.2091960 seconds
295.019: [GC [PSYoungGen: 591456K->43232K(601088K)] 1123924K->610100K(1665024K), 0.0326150 secs] [Times: user=0.26 sys=0.00, real=0.03 secs] 
295.052: Total time for which application threads were stopped: 0.0335690 seconds, Stopping threads took: 0.0008370 seconds
295.274: Application time: 0.2218960 seconds
295.274: [GC [PSYoungGen: 579296K->51264K(599552K)] 1146164K->636983K(1663488K), 0.0303180 secs] [Times: user=0.24 sys=0.00, real=0.04 secs] 
295.305: Total time for which application threads were stopped: 0.0305840 seconds, Stopping threads took: 0.0001320 seconds
295.520: Application time: 0.2156670 seconds
295.520: [GC [PSYoungGen: 588864K->55200K(601088K)] 1174583K->661193K(1665024K), 0.0323920 secs] [Times: user=0.25 sys=0.00, real=0.03 secs] 
295.553: Total time for which application threads were stopped: 0.0326030 seconds, Stopping threads took: 0.0000950 seconds
295.759: Application time: 0.2065820 seconds
295.760: [GC [PSYoungGen: 592800K->43872K(603136K)] 1198793K->673380K(1667072K), 0.0285820 secs] [Times: user=0.23 sys=0.00, real=0.03 secs] 
295.788: Total time for which application threads were stopped: 0.0288060 seconds, Stopping threads took: 0.0001060 seconds
296.018: Application time: 0.2297280 seconds
296.021: [GC [PSYoungGen: 582496K->48560K(587264K)] 1212004K->699331K(1651200K), 0.0299920 secs] [Times: user=0.23 sys=0.00, real=0.03 secs] 
296.051: Total time for which application threads were stopped: 0.0326340 seconds, Stopping threads took: 0.0025120 seconds
296.265: Application time: 0.2140030 seconds
296.265: [GC [PSYoungGen: 587184K->54688K(601088K)] 1237955K->728032K(1665024K), 0.0323340 secs] [Times: user=0.25 sys=0.00, real=0.03 secs] 
296.297: Total time for which application threads were stopped: 0.0325450 seconds, Stopping threads took: 0.0000980 seconds
296.502: Application time: 0.2049030 seconds
296.502: [GC [PSYoungGen: 592800K->41328K(601600K)] 1266144K->742830K(1665536K), 0.0296820 secs] [Times: user=0.23 sys=0.00, real=0.03 secs] 
296.532: Total time for which application threads were stopped: 0.0298870 seconds, Stopping threads took: 0.0000840 seconds
296.757: Application time: 0.2248810 seconds
296.757: [GC [PSYoungGen: 579440K->50304K(601600K)] 1280942K->776568K(1665536K), 0.0323840 secs] [Times: user=0.26 sys=0.00, real=0.03 secs] 
296.789: Total time for which application threads were stopped: 0.0326240 seconds, Stopping threads took: 0.0000980 seconds
297.007: Application time: 0.2174810 seconds
297.007: [GC [PSYoungGen: 590464K->57184K(602624K)] 1316728K->797031K(1666560K), 0.0299920 secs] [Times: user=0.24 sys=0.00, real=0.03 secs] 
297.037: Total time for which application threads were stopped: 0.0302170 seconds, Stopping threads took: 0.0001090 seconds
297.242: Application time: 0.2046960 seconds
297.242: [GC [PSYoungGen: 597344K->40528K(602112K)] 1337191K->812777K(1666048K), 0.0307520 secs] [Times: user=0.24 sys=0.00, real=0.03 secs] 
297.273: Total time for which application threads were stopped: 0.0309750 seconds, Stopping threads took: 0.0001050 seconds
297.496: Application time: 0.2232990 seconds
297.496: [GC [PSYoungGen: 578640K->47632K(586240K)] 1350889K->844375K(1650176K), 0.0316940 secs] [Times: user=0.25 sys=0.00, real=0.04 secs] 
297.528: Total time for which application threads were stopped: 0.0319560 seconds, Stopping threads took: 0.0001280 seconds
297.746: Application time: 0.2175230 seconds
297.746: [GC [PSYoungGen: 585744K->60656K(598016K)] 1382487K->870798K(1661952K), 0.0325120 secs] [Times: user=0.25 sys=0.00, real=0.03 secs] 
297.778: Total time for which application threads were stopped: 0.0327290 seconds, Stopping threads took: 0.0000990 seconds
297.980: Application time: 0.2015390 seconds
297.980: [GC [PSYoungGen: 595696K->39136K(574464K)] 1405838K->877948K(1638400K), 0.0289930 secs] [Times: user=0.23 sys=0.00, real=0.03 secs] 
298.009: Total time for which application threads were stopped: 0.0292160 seconds, Stopping threads took: 0.0001070 seconds
298.231: Application time: 0.2223150 seconds
298.232: [GC [PSYoungGen: 574176K->46400K(602112K)] 1412988K->909166K(1666048K), 0.0308050 secs] [Times: user=0.25 sys=0.00, real=0.03 secs] 
298.262: Total time for which application threads were stopped: 0.0310480 seconds, Stopping threads took: 0.0001090 seconds
298.480: Application time: 0.2178190 seconds
298.480: [GC [PSYoungGen: 581952K->60928K(596992K)] 1444718K->935941K(1660928K), 0.0319160 secs] [Times: user=0.25 sys=0.00, real=0.03 secs] 
298.512: Total time for which application threads were stopped: 0.0321280 seconds, Stopping threads took: 0.0000870 seconds
298.714: Application time: 0.2013830 seconds
298.714: [GC [PSYoungGen: 596480K->42352K(599552K)] 1471493K->944619K(1663488K), 0.0293320 secs] [Times: user=0.23 sys=0.00, real=0.03 secs] 
298.743: Total time for which application threads were stopped: 0.0295690 seconds, Stopping threads took: 0.0001210 seconds
298.963: Application time: 0.2199870 seconds
298.964: [GC [PSYoungGen: 573808K->49072K(580608K)] 1476075K->970021K(1644544K), 0.0293870 secs] [Times: user=0.23 sys=0.00, real=0.03 secs] 
298.993: Total time for which application threads were stopped: 0.0296240 seconds, Stopping threads took: 0.0001090 seconds
299.209: Application time: 0.2156740 seconds
299.209: [GC [PSYoungGen: 580528K->58640K(594944K)] 1501477K->993588K(1658880K), 0.0319870 secs] [Times: user=0.25 sys=0.00, real=0.03 secs] 
299.241: Total time for which application threads were stopped: 0.0322090 seconds, Stopping threads took: 0.0001070 seconds
299.440: Application time: 0.1991230 seconds
299.440: [GC [PSYoungGen: 588048K->41216K(596992K)] 1522996K->1006610K(1660928K), 0.0304210 secs] [Times: user=0.24 sys=0.00, real=0.03 secs] 
299.471: Total time for which application threads were stopped: 0.0306460 seconds, Stopping threads took: 0.0001110 seconds
299.689: Application time: 0.2182470 seconds
299.693: [GC [PSYoungGen: 570624K->47088K(596480K)] 1536018K->1037239K(1660416K), 0.0311130 secs] [Times: user=0.25 sys=0.00, real=0.03 secs] 
299.724: Total time for which application threads were stopped: 0.0349110 seconds, Stopping threads took: 0.0036490 seconds
299.939: Application time: 0.2152550 seconds
299.939: [GC [PSYoungGen: 579056K->57904K(598016K)] 1569207K->1062367K(1661952K), 0.0322770 secs] [Times: user=0.26 sys=0.00, real=0.03 secs] 
299.972: Total time for which application threads were stopped: 0.0324920 seconds, Stopping threads took: 0.0000980 seconds
300.171: Application time: 0.1996130 seconds
300.171: [GC [PSYoungGen: 589872K->40896K(599552K)] 1594335K->1077164K(1663488K), 0.0311580 secs] [Times: user=0.25 sys=0.00, real=0.03 secs] 
300.203: [Full GC [PSYoungGen: 40896K->0K(599552K)] [ParOldGen: 1036268K->77507K(1064960K)] 1077164K->77507K(1664512K) [PSPermGen: 8885K->8885K(21504K)], 0.0842980 secs] [Times: user=0.59 sys=0.00, real=0.09 secs] 
300.287: Total time for which application threads were stopped: 0.1157680 seconds, Stopping threads took: 0.0001250 seconds
300.506: Application time: 0.2191880 seconds
300.506: [GC [PSYoungGen: 531968K->47472K(579584K)] 609475K->124979K(1644544K), 0.0209040 secs] [Times: user=0.16 sys=0.00, real=0.02 secs] 
300.527: Total time for which application threads were stopped: 0.0211500 seconds, Stopping threads took: 0.0001170 seconds
300.743: Application time: 0.2157180 seconds
300.743: [GC [PSYoungGen: 579440K->58368K(596480K)] 656947K->150632K(1661440K), 0.0305740 secs] [Times: user=0.24 sys=0.00, real=0.03 secs] 
300.774: Total time for which application threads were stopped: 0.0308000 seconds, Stopping threads took: 0.0001110 seconds
300.975: Application time: 0.2015190 seconds
300.977: [GC [PSYoungGen: 588800K->42208K(598016K)] 681064K->165950K(1662976K), 0.0305610 secs] [Times: user=0.24 sys=0.00, real=0.03 secs] 
301.007: Total time for which application threads were stopped: 0.0318520 seconds, Stopping threads took: 0.0011730 seconds
301.223: Application time: 0.2160860 seconds
301.225: [GC [PSYoungGen: 572640K->46080K(596992K)] 696382K->196163K(1661952K), 0.0302260 secs] [Times: user=0.24 sys=0.00, real=0.02 secs] 
301.255: Total time for which application threads were stopped: 0.0315820 seconds, Stopping threads took: 0.0012270 seconds
301.471: Application time: 0.2162450 seconds
301.471: [GC [PSYoungGen: 578560K->58096K(598528K)] 728643K->222219K(1663488K), 0.0307380 secs] [Times: user=0.24 sys=0.00, real=0.03 secs] 
301.502: Total time for which application threads were stopped: 0.0309730 seconds, Stopping threads took: 0.0001190 seconds
301.702: Application time: 0.2002800 seconds
301.703: [GC [PSYoungGen: 590576K->41536K(600064K)] 754699K->237688K(1665024K), 0.0301870 secs] [Times: user=0.24 sys=0.00, real=0.03 secs] 
301.733: Total time for which application threads were stopped: 0.0304170 seconds, Stopping threads took: 0.0001120 seconds
301.953: Application time: 0.2205170 seconds
301.954: [GC [PSYoungGen: 574016K->49568K(582144K)] 770168K->269626K(1647104K), 0.0303270 secs] [Times: user=0.24 sys=0.00, real=0.03 secs] 
301.984: Total time for which application threads were stopped: 0.0306170 seconds, Stopping threads took: 0.0001600 seconds
302.198: Application time: 0.2140070 seconds
302.198: [GC [PSYoungGen: 582048K->55776K(596992K)] 802106K->292233K(1661952K), 0.0301870 secs] [Times: user=0.23 sys=0.00, real=0.03 secs] 
302.228: Total time for which application threads were stopped: 0.0304280 seconds, Stopping threads took: 0.0001270 seconds
302.429: Application time: 0.2004090 seconds
302.429: [GC [PSYoungGen: 587232K->40272K(598016K)] 823689K->313042K(1662976K), 0.0316080 secs] [Times: user=0.24 sys=0.00, real=0.03 secs] 
302.461: Total time for which application threads were stopped: 0.0318230 seconds, Stopping threads took: 0.0000980 seconds
302.680: Application time: 0.2191910 seconds
302.681: [GC [PSYoungGen: 571728K->50304K(598528K)] 844498K->346228K(1663488K), 0.0311460 secs] [Times: user=0.24 sys=0.00, real=0.03 secs] 
302.712: Total time for which application threads were stopped: 0.0319780 seconds, Stopping threads took: 0.0007010 seconds
302.928: Application time: 0.2158960 seconds
302.928: [GC [PSYoungGen: 584320K->56592K(599552K)] 880244K->369819K(1664512K), 0.0309830 secs] [Times: user=0.25 sys=0.00, real=0.03 secs] 
302.959: Total time for which application threads were stopped: 0.0312400 seconds, Stopping threads took: 0.0001420 seconds
303.160: Application time: 0.2014520 seconds
303.160: [GC [PSYoungGen: 590608K->38976K(600576K)] 903835K->387876K(1665536K), 0.0309730 secs] [Times: user=0.23 sys=0.00, real=0.03 secs] 
303.192: Total time for which application threads were stopped: 0.0311940 seconds, Stopping threads took: 0.0000900 seconds
303.412: Application time: 0.2209230 seconds
303.413: [GC [PSYoungGen: 572992K->52208K(600576K)] 921892K->418139K(1665536K), 0.0292620 secs] [Times: user=0.23 sys=0.00, real=0.03 secs] 
303.442: Total time for which application threads were stopped: 0.0295080 seconds, Stopping threads took: 0.0001180 seconds
303.658: Application time: 0.2160400 seconds
303.658: [GC [PSYoungGen: 586224K->57744K(597504K)] 952155K->442681K(1662464K), 0.0330000 secs] [Times: user=0.26 sys=0.00, real=0.03 secs] 
303.691: Total time for which application threads were stopped: 0.0332210 seconds, Stopping threads took: 0.0001050 seconds
303.891: Application time: 0.1994430 seconds
303.891: [GC [PSYoungGen: 588688K->37696K(599040K)] 973625K->459046K(1664000K), 0.0319830 secs] [Times: user=0.24 sys=0.00, real=0.03 secs] 
303.923: Total time for which application threads were stopped: 0.0322100 seconds, Stopping threads took: 0.0001160 seconds
304.144: Application time: 0.2214690 seconds
304.149: [GC [PSYoungGen: 568640K->53008K(598016K)] 989990K->492137K(1662976K), 0.0306270 secs] [Times: user=0.24 sys=0.00, real=0.03 secs] 
304.179: Total time for which application threads were stopped: 0.0348270 seconds, Stopping threads took: 0.0040710 seconds
304.394: Application time: 0.2144410 seconds
304.394: [GC [PSYoungGen: 583952K->57344K(588800K)] 1023081K->518271K(1653760K), 0.0330450 secs] [Times: user=0.27 sys=0.00, real=0.04 secs] 
304.427: Total time for which application threads were stopped: 0.0332700 seconds, Stopping threads took: 0.0001080 seconds
304.627: Application time: 0.1996900 seconds
304.627: [GC [PSYoungGen: 588288K->37936K(598016K)] 1049215K->533356K(1662976K), 0.0305340 secs] [Times: user=0.24 sys=0.00, real=0.03 secs] 
304.657: Total time for which application threads were stopped: 0.0307580 seconds, Stopping threads took: 0.0001070 seconds
304.878: Application time: 0.2209730 seconds
304.879: [GC [PSYoungGen: 566832K->53568K(598016K)] 1062252K->566331K(1662976K), 0.0305540 secs] [Times: user=0.24 sys=0.00, real=0.03 secs] 
304.909: Total time for which application threads were stopped: 0.0308010 seconds, Stopping threads took: 0.0001180 seconds
305.121: Application time: 0.2118290 seconds
305.121: [GC [PSYoungGen: 582464K->56624K(596992K)] 1095227K->589289K(1661952K), 0.0330900 secs] [Times: user=0.25 sys=0.00, real=0.03 secs] 
305.154: Total time for which application threads were stopped: 0.0333050 seconds, Stopping threads took: 0.0000990 seconds
305.354: Application time: 0.1999030 seconds
305.354: [GC [PSYoungGen: 584496K->38224K(597504K)] 1117161K->606343K(1662464K), 0.0308070 secs] [Times: user=0.25 sys=0.00, real=0.04 secs] 
305.385: Total time for which application threads were stopped: 0.0310390 seconds, Stopping threads took: 0.0001180 seconds
305.606: Application time: 0.2209240 seconds
305.606: [GC [PSYoungGen: 566096K->52944K(596480K)] 1134215K->637541K(1661440K), 0.0296740 secs] [Times: user=0.23 sys=0.00, real=0.02 secs] 
305.636: Total time for which application threads were stopped: 0.0299100 seconds, Stopping threads took: 0.0001020 seconds
305.846: Application time: 0.2100250 seconds
305.846: [GC [PSYoungGen: 580816K->56352K(596992K)] 1165413K->660180K(1661952K), 0.0318950 secs] [Times: user=0.25 sys=0.00, real=0.03 secs] 
305.878: Total time for which application threads were stopped: 0.0321100 seconds, Stopping threads took: 0.0000970 seconds
306.079: Application time: 0.2004560 seconds
306.079: [GC [PSYoungGen: 584224K->39152K(597504K)] 1188052K->676401K(1662464K), 0.0300670 secs] [Times: user=0.24 sys=0.00, real=0.03 secs] 
306.109: Total time for which application threads were stopped: 0.0302940 seconds, Stopping threads took: 0.0001110 seconds
306.330: Application time: 0.2211600 seconds
306.330: [GC [PSYoungGen: 566512K->54480K(596992K)] 1203761K->706548K(1661952K), 0.0297530 secs] [Times: user=0.24 sys=0.00, real=0.03 secs] 
306.360: Total time for which application threads were stopped: 0.0299900 seconds, Stopping threads took: 0.0001000 seconds
306.569: Application time: 0.2088820 seconds
306.569: [GC [PSYoungGen: 581840K->56416K(595456K)] 1233908K->722975K(1660416K), 0.0303240 secs] [Times: user=0.24 sys=0.00, real=0.03 secs] 
306.600: Total time for which application threads were stopped: 0.0305170 seconds, Stopping threads took: 0.0000790 seconds
306.800: Application time: 0.2000530 seconds
306.800: [GC [PSYoungGen: 582240K->38832K(596480K)] 1248799K->739080K(1661440K), 0.0305490 secs] [Times: user=0.23 sys=0.00, real=0.03 secs] 
306.830: Total time for which application threads were stopped: 0.0307940 seconds, Stopping threads took: 0.0001260 seconds
307.051: Application time: 0.2207690 seconds
307.051: [GC [PSYoungGen: 564656K->55312K(595968K)] 1264904K->767755K(1660928K), 0.0295710 secs] [Times: user=0.23 sys=0.00, real=0.03 secs] 
307.081: Total time for which application threads were stopped: 0.0298010 seconds, Stopping threads took: 0.0000980 seconds
307.289: Application time: 0.2082010 seconds
307.289: [GC [PSYoungGen: 581136K->55424K(596480K)] 1293579K->785130K(1661440K), 0.0313450 secs] [Times: user=0.24 sys=0.00, real=0.03 secs] 
307.321: Total time for which application threads were stopped: 0.0315650 seconds, Stopping threads took: 0.0000910 seconds
307.522: Application time: 0.2014920 seconds
307.522: [GC [PSYoungGen: 581248K->37008K(596480K)] 1310954K->805890K(1661440K), 0.0317670 secs] [Times: user=0.25 sys=0.00, real=0.03 secs] 
307.554: Total time for which application threads were stopped: 0.0319970 seconds, Stopping threads took: 0.0001130 seconds
307.775: Application time: 0.2208200 seconds
307.775: [GC [PSYoungGen: 562832K->54720K(596480K)] 1331714K->841357K(1661440K), 0.0314730 secs] [Times: user=0.25 sys=0.00, real=0.04 secs] 
307.807: Total time for which application threads were stopped: 0.0317180 seconds, Stopping threads took: 0.0001140 seconds
308.014: Application time: 0.2070120 seconds
308.014: [GC [PSYoungGen: 580544K->56944K(594432K)] 1367181K->861172K(1659392K), 0.0318290 secs] [Times: user=0.25 sys=0.00, real=0.04 secs] 
308.046: Total time for which application threads were stopped: 0.0320570 seconds, Stopping threads took: 0.0001080 seconds
308.247: Application time: 0.2008200 seconds
308.247: [GC [PSYoungGen: 580720K->32896K(557056K)] 1384948K->879368K(1622016K), 0.0315470 secs] [Times: user=0.25 sys=0.00, real=0.03 secs] 
308.278: Total time for which application threads were stopped: 0.0317970 seconds, Stopping threads took: 0.0001310 seconds
308.499: Application time: 0.2201460 seconds
308.499: [GC [PSYoungGen: 556672K->55488K(593920K)] 1403144K->917403K(1658880K), 0.0311190 secs] [Times: user=0.25 sys=0.00, real=0.03 secs] 
308.530: Total time for which application threads were stopped: 0.0313480 seconds, Stopping threads took: 0.0000980 seconds
308.732: Application time: 0.2018250 seconds
308.732: [GC [PSYoungGen: 577216K->56256K(594432K)] 1439131K->938822K(1659392K), 0.0329830 secs] [Times: user=0.27 sys=0.00, real=0.04 secs] 
308.765: Total time for which application threads were stopped: 0.0331950 seconds, Stopping threads took: 0.0001000 seconds
308.969: Application time: 0.2041920 seconds
308.969: [GC [PSYoungGen: 577984K->33904K(593408K)] 1460550K->953074K(1658368K), 0.0299570 secs] [Times: user=0.24 sys=0.00, real=0.03 secs] 
308.999: Total time for which application threads were stopped: 0.0301690 seconds, Stopping threads took: 0.0000930 seconds
309.219: Application time: 0.2193100 seconds
309.219: [GC [PSYoungGen: 554608K->56208K(577024K)] 1473778K->989293K(1641984K), 0.0309120 secs] [Times: user=0.24 sys=0.00, real=0.03 secs] 
309.250: Total time for which application threads were stopped: 0.0311410 seconds, Stopping threads took: 0.0001020 seconds
309.447: Application time: 0.1970600 seconds
309.447: [GC [PSYoungGen: 576912K->52656K(594432K)] 1509997K->1003449K(1659392K), 0.0309700 secs] [Times: user=0.25 sys=0.00, real=0.03 secs] 
309.478: Total time for which application threads were stopped: 0.0311840 seconds, Stopping threads took: 0.0000900 seconds
309.686: Application time: 0.2076900 seconds
309.686: [GC [PSYoungGen: 573360K->34704K(593408K)] 1524153K->1021154K(1658368K), 0.0301510 secs] [Times: user=0.24 sys=0.00, real=0.02 secs] 
309.716: Total time for which application threads were stopped: 0.0303790 seconds, Stopping threads took: 0.0001080 seconds
309.935: Application time: 0.2186400 seconds
309.935: [GC [PSYoungGen: 555408K->55344K(592896K)] 1541858K->1056620K(1657856K), 0.0311810 secs] [Times: user=0.24 sys=0.00, real=0.04 secs] 
309.966: Total time for which application threads were stopped: 0.0314070 seconds, Stopping threads took: 0.0000980 seconds
310.161: Application time: 0.1943760 seconds
310.161: [GC [PSYoungGen: 575536K->49856K(570368K)] 1576812K->1068856K(1635328K), 0.0288500 secs] [Times: user=0.22 sys=0.00, real=0.03 secs] 
310.190: [Full GC [PSYoungGen: 49856K->0K(570368K)] [ParOldGen: 1019000K->77086K(1084928K)] 1068856K->77086K(1655296K) [PSPermGen: 8885K->8885K(21504K)], 0.0837550 secs] [Times: user=0.59 sys=0.00, real=0.08 secs] 
310.273: Total time for which application threads were stopped: 0.1128710 seconds, Stopping threads took: 0.0000930 seconds
310.486: Application time: 0.2128510 seconds
310.486: [GC [PSYoungGen: 520192K->37760K(592896K)] 597278K->114846K(1677824K), 0.0169100 secs] [Times: user=0.13 sys=0.00, real=0.01 secs] 
310.503: Total time for which application threads were stopped: 0.0171440 seconds, Stopping threads took: 0.0001080 seconds
310.721: Application time: 0.2175790 seconds
310.721: [GC [PSYoungGen: 559488K->56176K(592384K)] 636574K->150692K(1677312K), 0.0316710 secs] [Times: user=0.25 sys=0.00, real=0.03 secs] 
310.753: Total time for which application threads were stopped: 0.0318660 seconds, Stopping threads took: 0.0000780 seconds
310.946: Application time: 0.1932320 seconds
310.946: [GC [PSYoungGen: 577904K->43408K(594432K)] 672420K->164455K(1679360K), 0.0284160 secs] [Times: user=0.23 sys=0.00, real=0.02 secs] 
310.975: Total time for which application threads were stopped: 0.0286580 seconds, Stopping threads took: 0.0001250 seconds
311.192: Application time: 0.2177700 seconds
311.193: [GC [PSYoungGen: 568208K->43008K(594944K)] 689255K->190392K(1679872K), 0.0293470 secs] [Times: user=0.23 sys=0.00, real=0.03 secs] 
311.222: Total time for which application threads were stopped: 0.0295670 seconds, Stopping threads took: 0.0000960 seconds
311.438: Application time: 0.2163390 seconds
311.441: [GC [PSYoungGen: 567808K->56512K(595456K)] 715192K->226699K(1680384K), 0.0331940 secs] [Times: user=0.26 sys=0.00, real=0.03 secs] 
311.474: Total time for which application threads were stopped: 0.0353300 seconds, Stopping threads took: 0.0020200 seconds
311.667: Application time: 0.1936570 seconds
311.668: [GC [PSYoungGen: 582848K->36432K(596480K)] 753035K->239661K(1681408K), 0.0286690 secs] [Times: user=0.22 sys=0.00, real=0.02 secs] 
311.696: Total time for which application threads were stopped: 0.0289270 seconds, Stopping threads took: 0.0001370 seconds
311.915: Application time: 0.2191230 seconds
311.916: [GC [PSYoungGen: 562768K->49472K(593920K)] 765997K->271268K(1678848K), 0.0284970 secs] [Times: user=0.22 sys=0.00, real=0.03 secs] 
311.944: Total time for which application threads were stopped: 0.0288260 seconds, Stopping threads took: 0.0001930 seconds
312.161: Application time: 0.2165210 seconds
312.161: [GC [PSYoungGen: 576320K->58784K(595456K)] 798116K->295942K(1680384K), 0.0317910 secs] [Times: user=0.24 sys=0.00, real=0.03 secs] 
312.193: Total time for which application threads were stopped: 0.0319950 seconds, Stopping threads took: 0.0000840 seconds
312.387: Application time: 0.1939150 seconds
312.387: [GC [PSYoungGen: 585632K->38976K(596992K)] 822790K->313807K(1681920K), 0.0315490 secs] [Times: user=0.25 sys=0.00, real=0.03 secs] 
312.418: Total time for which application threads were stopped: 0.0317710 seconds, Stopping threads took: 0.0001060 seconds
312.640: Application time: 0.2211210 seconds
312.640: [GC [PSYoungGen: 565312K->49488K(576000K)] 840143K->343686K(1660928K), 0.0291900 secs] [Times: user=0.23 sys=0.00, real=0.03 secs] 
312.669: Total time for which application threads were stopped: 0.0294200 seconds, Stopping threads took: 0.0001020 seconds
312.884: Application time: 0.2145640 seconds
312.884: [GC [PSYoungGen: 575824K->59056K(592896K)] 870022K->368437K(1677824K), 0.0337530 secs] [Times: user=0.26 sys=0.01, real=0.04 secs] 
312.918: Total time for which application threads were stopped: 0.0339620 seconds, Stopping threads took: 0.0000950 seconds
313.111: Application time: 0.1933040 seconds
313.111: [GC [PSYoungGen: 583344K->37216K(594944K)] 892725K->383686K(1679872K), 0.0294410 secs] [Times: user=0.23 sys=0.00, real=0.03 secs] 
313.141: Total time for which application threads were stopped: 0.0296490 seconds, Stopping threads took: 0.0000940 seconds
313.361: Application time: 0.2205390 seconds
313.361: [GC [PSYoungGen: 561504K->48592K(592384K)] 907974K->417700K(1677312K), 0.0298640 secs] [Times: user=0.24 sys=0.00, real=0.03 secs] 
313.391: Total time for which application threads were stopped: 0.0300900 seconds, Stopping threads took: 0.0001000 seconds
313.604: Application time: 0.2131830 seconds
313.605: [GC [PSYoungGen: 574416K->58560K(594432K)] 943524K->444414K(1679360K), 0.0316840 secs] [Times: user=0.23 sys=0.00, real=0.02 secs] 
313.636: Total time for which application threads were stopped: 0.0318930 seconds, Stopping threads took: 0.0000960 seconds
313.832: Application time: 0.1954090 seconds
313.832: [GC [PSYoungGen: 584384K->34288K(596480K)] 970238K->460619K(1681408K), 0.0311140 secs] [Times: user=0.24 sys=0.00, real=0.03 secs] 
313.863: Total time for which application threads were stopped: 0.0313340 seconds, Stopping threads took: 0.0001050 seconds
314.085: Application time: 0.2218200 seconds
314.085: [GC [PSYoungGen: 560112K->49376K(575488K)] 986443K->496809K(1660416K), 0.0298390 secs] [Times: user=0.23 sys=0.00, real=0.02 secs] 
314.115: Total time for which application threads were stopped: 0.0300980 seconds, Stopping threads took: 0.0001280 seconds
314.326: Application time: 0.2114310 seconds
314.327: [GC [PSYoungGen: 575200K->59008K(592896K)] 1022633K->524048K(1677824K), 0.0329220 secs] [Times: user=0.26 sys=0.00, real=0.03 secs] 
314.359: Total time for which application threads were stopped: 0.0331400 seconds, Stopping threads took: 0.0001010 seconds
314.554: Application time: 0.1948150 seconds
314.554: [GC [PSYoungGen: 582784K->35024K(594944K)] 1047824K->540101K(1679872K), 0.0312400 secs] [Times: user=0.25 sys=0.00, real=0.04 secs] 
314.586: Total time for which application threads were stopped: 0.0314500 seconds, Stopping threads took: 0.0000950 seconds
314.808: Application time: 0.2219510 seconds
314.808: [GC [PSYoungGen: 558800K->52304K(594432K)] 1063877K->575088K(1679360K), 0.0302400 secs] [Times: user=0.23 sys=0.00, real=0.03 secs] 
314.838: Total time for which application threads were stopped: 0.0304650 seconds, Stopping threads took: 0.0000980 seconds
315.047: Application time: 0.2091520 seconds
315.048: [GC [PSYoungGen: 576592K->58240K(594944K)] 1099376K->593567K(1679872K), 0.0300320 secs] [Times: user=0.24 sys=0.00, real=0.03 secs] 
315.078: Total time for which application threads were stopped: 0.0302550 seconds, Stopping threads took: 0.0001110 seconds
315.275: Application time: 0.1970320 seconds
315.275: [GC [PSYoungGen: 582528K->34080K(593920K)] 1117855K->608360K(1678848K), 0.0306190 secs] [Times: user=0.24 sys=0.00, real=0.04 secs] 
315.305: Total time for which application threads were stopped: 0.0308470 seconds, Stopping threads took: 0.0001080 seconds
315.526: Application time: 0.2206390 seconds
315.526: [GC [PSYoungGen: 555808K->53376K(594432K)] 1130088K->649749K(1679360K), 0.0324020 secs] [Times: user=0.25 sys=0.00, real=0.03 secs] 
315.559: Total time for which application threads were stopped: 0.0326540 seconds, Stopping threads took: 0.0001180 seconds
315.764: Application time: 0.2053890 seconds
315.764: [GC [PSYoungGen: 575104K->57936K(591872K)] 1171477K->674068K(1676800K), 0.0326870 secs] [Times: user=0.23 sys=0.00, real=0.04 secs] 
315.797: Total time for which application threads were stopped: 0.0329210 seconds, Stopping threads took: 0.0001110 seconds
315.997: Application time: 0.1994700 seconds
315.997: [GC [PSYoungGen: 577616K->34896K(593408K)] 1193748K->691885K(1678336K), 0.0319280 secs] [Times: user=0.24 sys=0.00, real=0.03 secs] 
316.029: Total time for which application threads were stopped: 0.0321920 seconds, Stopping threads took: 0.0001430 seconds
316.248: Application time: 0.2193100 seconds
316.253: [GC [PSYoungGen: 554576K->52240K(591360K)] 1211565K->731114K(1676288K), 0.0314250 secs] [Times: user=0.25 sys=0.00, real=0.03 secs] 
316.284: Total time for which application threads were stopped: 0.0359950 seconds, Stopping threads took: 0.0044380 seconds
316.486: Application time: 0.2016260 seconds
316.486: [GC [PSYoungGen: 571920K->54448K(592384K)] 1250794K->749378K(1677312K), 0.0298460 secs] [Times: user=0.23 sys=0.00, real=0.02 secs] 
316.516: Total time for which application threads were stopped: 0.0300750 seconds, Stopping threads took: 0.0001170 seconds
316.718: Application time: 0.2017560 seconds
316.718: [GC [PSYoungGen: 574128K->36416K(593408K)] 1269058K->763331K(1678336K), 0.0290630 secs] [Times: user=0.22 sys=0.00, real=0.03 secs] 
316.747: Total time for which application threads were stopped: 0.0292810 seconds, Stopping threads took: 0.0000990 seconds
316.968: Application time: 0.2212470 seconds
316.968: [GC [PSYoungGen: 558144K->54192K(593920K)] 1285059K->798034K(1678848K), 0.0307340 secs] [Times: user=0.24 sys=0.01, real=0.03 secs] 
316.999: Total time for which application threads were stopped: 0.0309810 seconds, Stopping threads took: 0.0001190 seconds
317.198: Application time: 0.1993440 seconds
317.199: [GC [PSYoungGen: 575920K->50512K(591872K)] 1319762K->818312K(1676800K), 0.0310700 secs] [Times: user=0.24 sys=0.00, real=0.03 secs] 
317.230: Total time for which application threads were stopped: 0.0312930 seconds, Stopping threads took: 0.0001080 seconds
317.436: Application time: 0.2058990 seconds
317.436: [GC [PSYoungGen: 573264K->40208K(593408K)] 1341064K->841710K(1678336K), 0.0315000 secs] [Times: user=0.25 sys=0.00, real=0.04 secs] 
317.467: Total time for which application threads were stopped: 0.0317170 seconds, Stopping threads took: 0.0001000 seconds
317.689: Application time: 0.2219650 seconds
317.693: [GC [PSYoungGen: 562960K->53024K(594944K)] 1364462K->875856K(1679872K), 0.0320810 secs] [Times: user=0.25 sys=0.00, real=0.04 secs] 
317.725: Total time for which application threads were stopped: 0.0353940 seconds, Stopping threads took: 0.0031830 seconds
317.924: Application time: 0.1992970 seconds
317.924: [GC [PSYoungGen: 579360K->48096K(595968K)] 1402192K->896906K(1680896K), 0.0313590 secs] [Times: user=0.25 sys=0.00, real=0.03 secs] 
317.956: Total time for which application threads were stopped: 0.0316020 seconds, Stopping threads took: 0.0001250 seconds
318.165: Application time: 0.2094850 seconds
318.165: [GC [PSYoungGen: 574432K->41328K(596992K)] 1423242K->920927K(1681920K), 0.0307490 secs] [Times: user=0.24 sys=0.00, real=0.02 secs] 
318.196: Total time for which application threads were stopped: 0.0309880 seconds, Stopping threads took: 0.0001230 seconds
318.420: Application time: 0.2240520 seconds
318.420: [GC [PSYoungGen: 570736K->55168K(596480K)] 1450335K->949814K(1681408K), 0.0306680 secs] [Times: user=0.24 sys=0.00, real=0.03 secs] 
318.451: Total time for which application threads were stopped: 0.0309080 seconds, Stopping threads took: 0.0001080 seconds
318.650: Application time: 0.1988320 seconds
318.650: [GC [PSYoungGen: 584576K->48656K(597504K)] 1479222K->969672K(1682432K), 0.0321410 secs] [Times: user=0.25 sys=0.00, real=0.03 secs] 
318.682: Total time for which application threads were stopped: 0.0323640 seconds, Stopping threads took: 0.0001110 seconds
318.894: Application time: 0.2121110 seconds
318.894: [GC [PSYoungGen: 581136K->40864K(598528K)] 1502152K->992246K(1683456K), 0.0313130 secs] [Times: user=0.24 sys=0.00, real=0.04 secs] 
318.926: Total time for which application threads were stopped: 0.0315270 seconds, Stopping threads took: 0.0000910 seconds
319.152: Application time: 0.2263230 seconds
319.152: [GC [PSYoungGen: 573344K->56928K(598528K)] 1524726K->1021129K(1683456K), 0.0308130 secs] [Times: user=0.25 sys=0.00, real=0.03 secs] 
319.183: Total time for which application threads were stopped: 0.0310490 seconds, Stopping threads took: 0.0001050 seconds
319.382: Application time: 0.1988080 seconds
319.382: [GC [PSYoungGen: 589920K->49648K(600064K)] 1554121K->1039935K(1684992K), 0.0328160 secs] [Times: user=0.25 sys=0.00, real=0.03 secs] 
319.415: Total time for which application threads were stopped: 0.0330470 seconds, Stopping threads took: 0.0001180 seconds
319.628: Application time: 0.2124790 seconds
319.628: [GC [PSYoungGen: 582640K->39344K(598528K)] 1572927K->1061716K(1683456K), 0.0307320 secs] [Times: user=0.24 sys=0.00, real=0.03 secs] 
319.659: Total time for which application threads were stopped: 0.0309570 seconds, Stopping threads took: 0.0001040 seconds
319.887: Application time: 0.2279880 seconds
319.887: [GC [PSYoungGen: 573360K->59232K(593408K)] 1595732K->1093091K(1678336K), 0.0323240 secs] [Times: user=0.25 sys=0.00, real=0.03 secs] 
319.919: Total time for which application threads were stopped: 0.0325610 seconds, Stopping threads took: 0.0001150 seconds
320.118: Application time: 0.1993620 seconds
320.119: [GC [PSYoungGen: 593248K->49728K(600576K)] 1627107K->1112541K(1685504K), 0.0315820 secs] [Times: user=0.24 sys=0.01, real=0.03 secs] 
320.150: [Full GC [PSYoungGen: 49728K->0K(600576K)] [ParOldGen: 1062813K->81117K(1098752K)] 1112541K->81117K(1699328K) [PSPermGen: 8885K->8885K(21504K)], 0.0891690 secs] [Times: user=0.63 sys=0.00, real=0.09 secs] 
320.239: Total time for which application threads were stopped: 0.1210340 seconds, Stopping threads took: 0.0000950 seconds
320.451: Application time: 0.2119760 seconds
320.452: [GC [PSYoungGen: 532480K->41328K(573952K)] 613597K->122445K(1672704K), 0.0181340 secs] [Times: user=0.14 sys=0.00, real=0.02 secs] 
320.470: Total time for which application threads were stopped: 0.0184170 seconds, Stopping threads took: 0.0001540 seconds
320.698: Application time: 0.2279250 seconds
320.698: [GC [PSYoungGen: 573808K->57232K(596992K)] 654925K->157432K(1695744K), 0.0320090 secs] [Times: user=0.25 sys=0.00, real=0.03 secs] 
320.730: Total time for which application threads were stopped: 0.0322240 seconds, Stopping threads took: 0.0000980 seconds
320.928: Application time: 0.1978780 seconds
320.928: [GC [PSYoungGen: 588176K->50608K(598528K)] 688376K->178514K(1697280K), 0.0325420 secs] [Times: user=0.26 sys=0.00, real=0.03 secs] 
320.961: Total time for which application threads were stopped: 0.0327530 seconds, Stopping threads took: 0.0000940 seconds
321.172: Application time: 0.2111140 seconds
321.172: [GC [PSYoungGen: 581552K->39024K(599040K)] 709458K->199803K(1697792K), 0.0293700 secs] [Times: user=0.24 sys=0.00, real=0.03 secs] 
321.201: Total time for which application threads were stopped: 0.0296080 seconds, Stopping threads took: 0.0001090 seconds
321.428: Application time: 0.2269350 seconds
321.428: [GC [PSYoungGen: 572016K->57808K(590848K)] 732795K->235305K(1689600K), 0.0314380 secs] [Times: user=0.25 sys=0.00, real=0.03 secs] 
321.460: Total time for which application threads were stopped: 0.0316620 seconds, Stopping threads took: 0.0001090 seconds
321.659: Application time: 0.1987420 seconds
321.659: [GC [PSYoungGen: 590800K->51040K(600064K)] 768297K->250668K(1698816K), 0.0298760 secs] [Times: user=0.23 sys=0.00, real=0.03 secs] 
321.689: Total time for which application threads were stopped: 0.0300770 seconds, Stopping threads took: 0.0000870 seconds
321.901: Application time: 0.2117280 seconds
321.901: [GC [PSYoungGen: 583008K->40560K(599040K)] 782636K->274522K(1697792K), 0.0320950 secs] [Times: user=0.24 sys=0.00, real=0.03 secs] 
321.933: Total time for which application threads were stopped: 0.0323240 seconds, Stopping threads took: 0.0001020 seconds
322.159: Application time: 0.2265740 seconds
322.160: [GC [PSYoungGen: 572528K->55424K(598528K)] 806490K->307224K(1697280K), 0.0308760 secs] [Times: user=0.24 sys=0.00, real=0.03 secs] 
322.191: Total time for which application threads were stopped: 0.0310990 seconds, Stopping threads took: 0.0001100 seconds
322.389: Application time: 0.1986130 seconds
322.389: [GC [PSYoungGen: 586880K->51536K(599040K)] 838680K->324886K(1697792K), 0.0299900 secs] [Times: user=0.23 sys=0.00, real=0.03 secs] 
322.419: Total time for which application threads were stopped: 0.0302120 seconds, Stopping threads took: 0.0001060 seconds
322.631: Application time: 0.2116590 seconds
322.631: [GC [PSYoungGen: 582992K->38896K(599040K)] 856342K->341469K(1697792K), 0.0285060 secs] [Times: user=0.23 sys=0.00, real=0.03 secs] 
322.660: Total time for which application threads were stopped: 0.0287450 seconds, Stopping threads took: 0.0001100 seconds
322.888: Application time: 0.2278060 seconds
322.888: [GC [PSYoungGen: 571376K->55472K(599040K)] 873949K->381730K(1697792K), 0.0349970 secs] [Times: user=0.27 sys=0.00, real=0.03 secs] 
322.923: Total time for which application threads were stopped: 0.0352640 seconds, Stopping threads took: 0.0001470 seconds
323.122: Application time: 0.1994050 seconds
323.122: [GC [PSYoungGen: 587952K->53568K(599552K)] 914210K->396105K(1698304K), 0.0295860 secs] [Times: user=0.23 sys=0.00, real=0.03 secs] 
323.152: Total time for which application threads were stopped: 0.0297990 seconds, Stopping threads took: 0.0000950 seconds
323.364: Application time: 0.2118300 seconds
323.364: [GC [PSYoungGen: 585536K->35792K(567808K)] 928073K->411375K(1666560K), 0.0288200 secs] [Times: user=0.23 sys=0.00, real=0.03 secs] 
323.393: Total time for which application threads were stopped: 0.0290520 seconds, Stopping threads took: 0.0001020 seconds
323.621: Application time: 0.2281240 seconds
323.621: [GC [PSYoungGen: 567760K->54800K(598016K)] 943343K->450977K(1696768K), 0.0325010 secs] [Times: user=0.26 sys=0.00, real=0.03 secs] 
323.654: Total time for which application threads were stopped: 0.0327190 seconds, Stopping threads took: 0.0001010 seconds
323.852: Application time: 0.1981260 seconds
323.852: [GC [PSYoungGen: 584720K->53984K(598528K)] 980897K->465600K(1697280K), 0.0288460 secs] [Times: user=0.23 sys=0.00, real=0.03 secs] 
323.881: Total time for which application threads were stopped: 0.0290540 seconds, Stopping threads took: 0.0000920 seconds
324.091: Application time: 0.2104720 seconds
324.092: [GC [PSYoungGen: 583904K->35728K(597504K)] 995520K->481174K(1696256K), 0.0292090 secs] [Times: user=0.23 sys=0.00, real=0.03 secs] 
324.121: Total time for which application threads were stopped: 0.0294470 seconds, Stopping threads took: 0.0001090 seconds
324.346: Application time: 0.2248700 seconds
324.346: [GC [PSYoungGen: 564624K->53328K(598016K)] 1010070K->520099K(1696768K), 0.0322050 secs] [Times: user=0.26 sys=0.00, real=0.03 secs] 
324.378: Total time for which application threads were stopped: 0.0324070 seconds, Stopping threads took: 0.0000870 seconds
324.575: Application time: 0.1972090 seconds
324.576: [GC [PSYoungGen: 582224K->53696K(598016K)] 1048995K->534187K(1696768K), 0.0279890 secs] [Times: user=0.22 sys=0.00, real=0.03 secs] 
324.604: Total time for which application threads were stopped: 0.0282190 seconds, Stopping threads took: 0.0001160 seconds
324.816: Application time: 0.2122850 seconds
324.816: [GC [PSYoungGen: 583104K->36976K(598016K)] 1063595K->550553K(1696768K), 0.0296120 secs] [Times: user=0.23 sys=0.00, real=0.04 secs] 
324.846: Total time for which application threads were stopped: 0.0298540 seconds, Stopping threads took: 0.0001110 seconds
325.070: Application time: 0.2242600 seconds
325.070: [GC [PSYoungGen: 566384K->52352K(598528K)] 1079961K->588762K(1697280K), 0.0324530 secs] [Times: user=0.26 sys=0.00, real=0.03 secs] 
325.103: Total time for which application threads were stopped: 0.0326820 seconds, Stopping threads took: 0.0001110 seconds
325.301: Application time: 0.1981120 seconds
325.305: [GC [PSYoungGen: 582272K->52560K(582656K)] 1118682K->608066K(1681408K), 0.0297190 secs] [Times: user=0.24 sys=0.00, real=0.02 secs] 
325.334: Total time for which application threads were stopped: 0.0334640 seconds, Stopping threads took: 0.0036320 seconds
325.547: Application time: 0.2128570 seconds
325.547: [GC [PSYoungGen: 582480K->38208K(598016K)] 1137986K->625703K(1696768K), 0.0300630 secs] [Times: user=0.24 sys=0.00, real=0.03 secs] 
325.577: Total time for which application threads were stopped: 0.0302920 seconds, Stopping threads took: 0.0001000 seconds
325.802: Application time: 0.2242430 seconds
325.802: [GC [PSYoungGen: 568128K->52464K(598016K)] 1155623K->663993K(1696768K), 0.0329140 secs] [Times: user=0.26 sys=0.00, real=0.03 secs] 
325.835: Total time for which application threads were stopped: 0.0331320 seconds, Stopping threads took: 0.0001000 seconds
326.031: Application time: 0.1964910 seconds
326.032: [GC [PSYoungGen: 582384K->53440K(598528K)] 1193913K->683840K(1697280K), 0.0301400 secs] [Times: user=0.24 sys=0.00, real=0.03 secs] 
326.062: Total time for which application threads were stopped: 0.0303760 seconds, Stopping threads took: 0.0001260 seconds
326.276: Application time: 0.2141480 seconds
326.276: [GC [PSYoungGen: 584384K->37536K(598528K)] 1214784K->700334K(1697280K), 0.0297030 secs] [Times: user=0.24 sys=0.00, real=0.04 secs] 
326.306: Total time for which application threads were stopped: 0.0299450 seconds, Stopping threads took: 0.0001170 seconds
326.532: Application time: 0.2257800 seconds
326.533: [GC [PSYoungGen: 568480K->52752K(599552K)] 1231278K->738759K(1698304K), 0.0330320 secs] [Times: user=0.26 sys=0.00, real=0.04 secs] 
326.566: Total time for which application threads were stopped: 0.0340240 seconds, Stopping threads took: 0.0008740 seconds
326.762: Application time: 0.1968310 seconds
326.765: [GC [PSYoungGen: 584720K->53280K(599552K)] 1270727K->758551K(1698304K), 0.0306350 secs] [Times: user=0.25 sys=0.00, real=0.02 secs] 
326.795: Total time for which application threads were stopped: 0.0327840 seconds, Stopping threads took: 0.0020250 seconds
327.009: Application time: 0.2133000 seconds
327.009: [GC [PSYoungGen: 585248K->36992K(599552K)] 1290519K->775116K(1698304K), 0.0296000 secs] [Times: user=0.23 sys=0.00, real=0.03 secs] 
327.038: Total time for which application threads were stopped: 0.0298260 seconds, Stopping threads took: 0.0000960 seconds
327.263: Application time: 0.2250540 seconds
327.264: [GC [PSYoungGen: 568960K->52912K(599552K)] 1307084K->813638K(1698304K), 0.0324700 secs] [Times: user=0.25 sys=0.00, real=0.03 secs] 
327.296: Total time for which application threads were stopped: 0.0326860 seconds, Stopping threads took: 0.0000970 seconds
327.493: Application time: 0.1967450 seconds
327.493: [GC [PSYoungGen: 584880K->54880K(597504K)] 1345606K->829022K(1696256K), 0.0295310 secs] [Times: user=0.23 sys=0.01, real=0.03 secs] 
327.523: Total time for which application threads were stopped: 0.0297370 seconds, Stopping threads took: 0.0000900 seconds
327.735: Application time: 0.2125110 seconds
327.735: [GC [PSYoungGen: 584800K->34528K(598528K)] 1358942K->843338K(1697280K), 0.0293570 secs] [Times: user=0.23 sys=0.00, real=0.04 secs] 
327.765: Total time for which application threads were stopped: 0.0296080 seconds, Stopping threads took: 0.0001210 seconds
327.992: Application time: 0.2269280 seconds
327.992: [GC [PSYoungGen: 564448K->53520K(597504K)] 1373258K->882365K(1696256K), 0.0316950 secs] [Times: user=0.25 sys=0.00, real=0.03 secs] 
328.024: Total time for which application threads were stopped: 0.0319250 seconds, Stopping threads took: 0.0001030 seconds
328.218: Application time: 0.1948940 seconds
328.219: [GC [PSYoungGen: 582416K->54304K(598016K)] 1411261K->897461K(1696768K), 0.0290270 secs] [Times: user=0.21 sys=0.00, real=0.03 secs] 
328.248: Total time for which application threads were stopped: 0.0292450 seconds, Stopping threads took: 0.0000990 seconds
328.459: Application time: 0.2116320 seconds
328.460: [GC [PSYoungGen: 583200K->34176K(596992K)] 1426357K->911601K(1695744K), 0.0291080 secs] [Times: user=0.22 sys=0.00, real=0.03 secs] 
328.489: Total time for which application threads were stopped: 0.0293630 seconds, Stopping threads took: 0.0001140 seconds
328.716: Application time: 0.2269350 seconds
328.716: [GC [PSYoungGen: 562048K->54720K(582656K)] 1439473K->951466K(1681408K), 0.0319090 secs] [Times: user=0.24 sys=0.00, real=0.04 secs] 
328.748: Total time for which application threads were stopped: 0.0321410 seconds, Stopping threads took: 0.0001120 seconds
328.941: Application time: 0.1936860 seconds
328.942: [GC [PSYoungGen: 582592K->52816K(596992K)] 1479338K->964956K(1695744K), 0.0292390 secs] [Times: user=0.22 sys=0.00, real=0.03 secs] 
328.971: Total time for which application threads were stopped: 0.0294580 seconds, Stopping threads took: 0.0001010 seconds
329.183: Application time: 0.2123020 seconds
329.183: [GC [PSYoungGen: 579664K->35152K(596992K)] 1491804K->979403K(1695744K), 0.0287970 secs] [Times: user=0.22 sys=0.00, real=0.03 secs] 
329.212: Total time for which application threads were stopped: 0.0290400 seconds, Stopping threads took: 0.0001090 seconds
329.440: Application time: 0.2279130 seconds
329.440: [GC [PSYoungGen: 562000K->56416K(594944K)] 1506251K->1020623K(1693696K), 0.0328740 secs] [Times: user=0.26 sys=0.00, real=0.03 secs] 
329.473: Total time for which application threads were stopped: 0.0331020 seconds, Stopping threads took: 0.0000970 seconds
329.662: Application time: 0.1890540 seconds
329.663: [GC [PSYoungGen: 581216K->50224K(575488K)] 1545423K->1037510K(1674240K), 0.0306130 secs] [Times: user=0.24 sys=0.00, real=0.03 secs] 
329.693: Total time for which application threads were stopped: 0.0308400 seconds, Stopping threads took: 0.0001100 seconds
329.907: Application time: 0.2137150 seconds
329.907: [GC [PSYoungGen: 575024K->36384K(595456K)] 1562310K->1057596K(1694208K), 0.0310360 secs] [Times: user=0.24 sys=0.00, real=0.03 secs] 
329.938: Total time for which application threads were stopped: 0.0312570 seconds, Stopping threads took: 0.0000900 seconds
330.165: Application time: 0.2267390 seconds
330.169: [GC [PSYoungGen: 562208K->59600K(585728K)] 1583420K->1099918K(1684480K), 0.0336830 secs] [Times: user=0.26 sys=0.00, real=0.03 secs] 
330.202: Total time for which application threads were stopped: 0.0373480 seconds, Stopping threads took: 0.0035440 seconds
330.390: Application time: 0.1878670 seconds
330.390: [GC [PSYoungGen: 585424K->44864K(596992K)] 1625742K->1117687K(1695744K), 0.0313460 secs] [Times: user=0.24 sys=0.00, real=0.03 secs] 
330.422: [Full GC [PSYoungGen: 44864K->0K(596992K)] [ParOldGen: 1072823K->79182K(1108992K)] 1117687K->79182K(1705984K) [PSPermGen: 8885K->8885K(21504K)], 0.0850930 secs] [Times: user=0.59 sys=0.00, real=0.09 secs] 
330.507: Total time for which application threads were stopped: 0.1167480 seconds, Stopping threads took: 0.0001280 seconds
330.721: Application time: 0.2145590 seconds
330.722: [GC [PSYoungGen: 524800K->38912K(564224K)] 603982K->118094K(1673216K), 0.0171080 secs] [Times: user=0.13 sys=0.00, real=0.02 secs] 
330.739: Total time for which application threads were stopped: 0.0173410 seconds, Stopping threads took: 0.0001030 seconds
330.964: Application time: 0.2255270 seconds
330.965: [GC [PSYoungGen: 563712K->63296K(590336K)] 642894K->156976K(1699328K), 0.0327010 secs] [Times: user=0.26 sys=0.00, real=0.03 secs] 
330.997: Total time for which application threads were stopped: 0.0329460 seconds, Stopping threads took: 0.0001240 seconds
331.183: Application time: 0.1853000 seconds
331.183: [GC [PSYoungGen: 584000K->38784K(593920K)] 677680K->170718K(1702912K), 0.0307000 secs] [Times: user=0.24 sys=0.00, real=0.03 secs] 
331.213: Total time for which application threads were stopped: 0.0309320 seconds, Stopping threads took: 0.0001110 seconds
331.429: Application time: 0.2150970 seconds
331.429: [GC [PSYoungGen: 559488K->42480K(590336K)] 691422K->200360K(1699328K), 0.0286720 secs] [Times: user=0.23 sys=0.00, real=0.03 secs] 
331.458: Total time for which application threads were stopped: 0.0289140 seconds, Stopping threads took: 0.0001090 seconds
331.679: Application time: 0.2212710 seconds
331.679: [GC [PSYoungGen: 563696K->66960K(588288K)] 721576K->237579K(1697280K), 0.0335430 secs] [Times: user=0.26 sys=0.00, real=0.03 secs] 
331.713: Total time for which application threads were stopped: 0.0337660 seconds, Stopping threads took: 0.0001040 seconds
331.899: Application time: 0.1869060 seconds
331.900: [GC [PSYoungGen: 588176K->32656K(590336K)] 758795K->243832K(1699328K), 0.0297950 secs] [Times: user=0.23 sys=0.00, real=0.03 secs] 
331.929: Total time for which application threads were stopped: 0.0300080 seconds, Stopping threads took: 0.0000910 seconds
332.145: Application time: 0.2153260 seconds
332.145: [GC [PSYoungGen: 547216K->46672K(561664K)] 758392K->284081K(1670656K), 0.0306840 secs] [Times: user=0.24 sys=0.00, real=0.02 secs] 
332.176: Total time for which application threads were stopped: 0.0309360 seconds, Stopping threads took: 0.0001190 seconds
332.391: Application time: 0.2148260 seconds
332.393: [GC [PSYoungGen: 561232K->67344K(583168K)] 798641K->315288K(1692160K), 0.0327190 secs] [Times: user=0.26 sys=0.00, real=0.04 secs] 
332.425: Total time for which application threads were stopped: 0.0347240 seconds, Stopping threads took: 0.0018880 seconds
332.610: Application time: 0.1844070 seconds
332.610: [GC [PSYoungGen: 577296K->34304K(588288K)] 825240K->323373K(1697280K), 0.0311950 secs] [Times: user=0.24 sys=0.00, real=0.03 secs] 
332.641: Total time for which application threads were stopped: 0.0314380 seconds, Stopping threads took: 0.0001180 seconds
332.858: Application time: 0.2165730 seconds
332.858: [GC [PSYoungGen: 544256K->45984K(583168K)] 833325K->359747K(1692160K), 0.0293720 secs] [Times: user=0.23 sys=0.00, real=0.03 secs] 
332.887: Total time for which application threads were stopped: 0.0296160 seconds, Stopping threads took: 0.0001100 seconds
333.093: Application time: 0.2058340 seconds
333.093: [GC [PSYoungGen: 556960K->62080K(586240K)] 870723K->384123K(1695232K), 0.0298590 secs] [Times: user=0.22 sys=0.00, real=0.03 secs] 
333.123: Total time for which application threads were stopped: 0.0300590 seconds, Stopping threads took: 0.0000830 seconds
333.313: Application time: 0.1895810 seconds
333.313: [GC [PSYoungGen: 573056K->34880K(589824K)] 895099K->390920K(1698816K), 0.0279810 secs] [Times: user=0.22 sys=0.00, real=0.03 secs] 
333.341: Total time for which application threads were stopped: 0.0282090 seconds, Stopping threads took: 0.0001060 seconds
333.562: Application time: 0.2206760 seconds
333.562: [GC [PSYoungGen: 546880K->47792K(560128K)] 902920K->426306K(1669120K), 0.0298840 secs] [Times: user=0.23 sys=0.00, real=0.03 secs] 
333.592: Total time for which application threads were stopped: 0.0301350 seconds, Stopping threads took: 0.0001150 seconds
333.784: Application time: 0.1924690 seconds
333.784: [GC [PSYoungGen: 559792K->58064K(585728K)] 938306K->449266K(1694720K), 0.0297380 secs] [Times: user=0.23 sys=0.00, real=0.02 secs] 
333.814: Total time for which application threads were stopped: 0.0299720 seconds, Stopping threads took: 0.0001170 seconds
334.016: Application time: 0.2015370 seconds
334.016: [GC [PSYoungGen: 569040K->28048K(586752K)] 960242K->464594K(1695744K), 0.0297540 secs] [Times: user=0.23 sys=0.00, real=0.04 secs] 
334.046: Total time for which application threads were stopped: 0.0299810 seconds, Stopping threads took: 0.0001010 seconds
334.267: Application time: 0.2214630 seconds
334.267: [GC [PSYoungGen: 539024K->56160K(589312K)] 975570K->508173K(1698304K), 0.0303230 secs] [Times: user=0.23 sys=0.00, real=0.03 secs] 
334.298: Total time for which application threads were stopped: 0.0305730 seconds, Stopping threads took: 0.0001080 seconds
334.482: Application time: 0.1844430 seconds
334.482: [GC [PSYoungGen: 568672K->44720K(557568K)] 1020685K->531746K(1666560K), 0.0319770 secs] [Times: user=0.25 sys=0.00, real=0.03 secs] 
334.514: Total time for which application threads were stopped: 0.0321760 seconds, Stopping threads took: 0.0000800 seconds
334.725: Application time: 0.2103400 seconds
334.725: [GC [PSYoungGen: 557232K->37168K(588800K)] 1044258K->556976K(1697792K), 0.0297560 secs] [Times: user=0.24 sys=0.00, real=0.02 secs] 
334.755: Total time for which application threads were stopped: 0.0299980 seconds, Stopping threads took: 0.0001230 seconds
334.974: Application time: 0.2187820 seconds
334.974: [GC [PSYoungGen: 551216K->63984K(587776K)] 1071024K->604549K(1696768K), 0.0360720 secs] [Times: user=0.28 sys=0.00, real=0.04 secs] 
335.010: Total time for which application threads were stopped: 0.0363010 seconds, Stopping threads took: 0.0000900 seconds
335.195: Application time: 0.1850680 seconds
335.195: [GC [PSYoungGen: 578032K->32864K(589824K)] 1118597K->612759K(1698816K), 0.0293650 secs] [Times: user=0.23 sys=0.00, real=0.04 secs] 
335.225: Total time for which application threads were stopped: 0.0295940 seconds, Stopping threads took: 0.0001050 seconds
335.439: Application time: 0.2140710 seconds
335.439: [GC [PSYoungGen: 545376K->48256K(561152K)] 1125271K->648261K(1670144K), 0.0289300 secs] [Times: user=0.23 sys=0.00, real=0.03 secs] 
335.468: Total time for which application threads were stopped: 0.0291570 seconds, Stopping threads took: 0.0001080 seconds
335.681: Application time: 0.2135380 seconds
335.682: [GC [PSYoungGen: 560768K->64128K(583680K)] 1160773K->670717K(1692672K), 0.0304520 secs] [Times: user=0.24 sys=0.00, real=0.03 secs] 
335.712: Total time for which application threads were stopped: 0.0306630 seconds, Stopping threads took: 0.0000790 seconds
335.896: Application time: 0.1839300 seconds
335.896: [GC [PSYoungGen: 573056K->33776K(587264K)] 1179645K->679350K(1696256K), 0.0305340 secs] [Times: user=0.23 sys=0.00, real=0.04 secs] 
335.927: Total time for which application threads were stopped: 0.0307650 seconds, Stopping threads took: 0.0001100 seconds
336.144: Application time: 0.2172420 seconds
336.144: [GC [PSYoungGen: 542704K->45072K(583168K)] 1188278K->715795K(1692160K), 0.0301490 secs] [Times: user=0.24 sys=0.00, real=0.03 secs] 
336.174: Total time for which application threads were stopped: 0.0303800 seconds, Stopping threads took: 0.0001080 seconds
336.377: Application time: 0.2030790 seconds
336.378: [GC [PSYoungGen: 556048K->62224K(586240K)] 1226771K->740331K(1695232K), 0.0306210 secs] [Times: user=0.24 sys=0.00, real=0.03 secs] 
336.408: Total time for which application threads were stopped: 0.0308530 seconds, Stopping threads took: 0.0001020 seconds
336.598: Application time: 0.1898840 seconds
336.598: [GC [PSYoungGen: 573200K->32480K(589312K)] 1251307K->750596K(1698304K), 0.0298610 secs] [Times: user=0.23 sys=0.00, real=0.03 secs] 
336.628: Total time for which application threads were stopped: 0.0300800 seconds, Stopping threads took: 0.0000950 seconds
336.851: Application time: 0.2223690 seconds
336.851: [GC [PSYoungGen: 543456K->50912K(562176K)] 1261572K->788342K(1671168K), 0.0307710 secs] [Times: user=0.24 sys=0.00, real=0.03 secs] 
336.882: Total time for which application threads were stopped: 0.0310080 seconds, Stopping threads took: 0.0001180 seconds
337.071: Application time: 0.1898080 seconds
337.072: [GC [PSYoungGen: 561888K->57808K(586240K)] 1299318K->811054K(1695232K), 0.0311220 secs] [Times: user=0.24 sys=0.00, real=0.03 secs] 
337.103: Total time for which application threads were stopped: 0.0313520 seconds, Stopping threads took: 0.0000950 seconds
337.307: Application time: 0.2043450 seconds
337.309: [GC [PSYoungGen: 567760K->27248K(587264K)] 1321006K->824194K(1696256K), 0.0292800 secs] [Times: user=0.22 sys=0.00, real=0.03 secs] 
337.338: Total time for which application threads were stopped: 0.0307060 seconds, Stopping threads took: 0.0013070 seconds
337.557: Application time: 0.2190570 seconds
337.557: [GC [PSYoungGen: 537200K->58800K(586240K)] 1334146K->868513K(1695232K), 0.0306670 secs] [Times: user=0.24 sys=0.00, real=0.03 secs] 
337.588: Total time for which application threads were stopped: 0.0309070 seconds, Stopping threads took: 0.0001180 seconds
337.769: Application time: 0.1811070 seconds
337.769: [GC [PSYoungGen: 567216K->37296K(587776K)] 1376929K->889026K(1696768K), 0.0330790 secs] [Times: user=0.26 sys=0.00, real=0.03 secs] 
337.802: Total time for which application threads were stopped: 0.0333110 seconds, Stopping threads took: 0.0001010 seconds
338.016: Application time: 0.2138690 seconds
338.016: [GC [PSYoungGen: 545712K->42304K(582144K)] 1397442K->922128K(1691136K), 0.0306370 secs] [Times: user=0.24 sys=0.00, real=0.04 secs] 
338.047: Total time for which application threads were stopped: 0.0308630 seconds, Stopping threads took: 0.0000950 seconds
338.261: Application time: 0.2140950 seconds
338.261: [GC [PSYoungGen: 551744K->64080K(585216K)] 1431568K->963066K(1694208K), 0.0354820 secs] [Times: user=0.28 sys=0.00, real=0.04 secs] 
338.297: Total time for which application threads were stopped: 0.0356990 seconds, Stopping threads took: 0.0000950 seconds
338.480: Application time: 0.1828280 seconds
338.480: [GC [PSYoungGen: 573520K->34080K(588800K)] 1472506K->969135K(1697792K), 0.0300660 secs] [Times: user=0.23 sys=0.00, real=0.03 secs] 
338.510: Total time for which application threads were stopped: 0.0302900 seconds, Stopping threads took: 0.0000870 seconds
338.727: Application time: 0.2174930 seconds
338.728: [GC [PSYoungGen: 543520K->48944K(558592K)] 1478575K->1004609K(1667584K), 0.0304320 secs] [Times: user=0.23 sys=0.00, real=0.03 secs] 
338.758: Total time for which application threads were stopped: 0.0306600 seconds, Stopping threads took: 0.0001070 seconds
338.965: Application time: 0.2074120 seconds
338.966: [GC [PSYoungGen: 558384K->59200K(584192K)] 1514049K->1025985K(1693184K), 0.0305000 secs] [Times: user=0.24 sys=0.00, real=0.02 secs] 
338.996: Total time for which application threads were stopped: 0.0307070 seconds, Stopping threads took: 0.0000870 seconds
339.182: Application time: 0.1863010 seconds
339.183: [GC [PSYoungGen: 567104K->33392K(585728K)] 1533889K->1040465K(1694720K), 0.0308110 secs] [Times: user=0.24 sys=0.00, real=0.03 secs] 
339.214: Total time for which application threads were stopped: 0.0310510 seconds, Stopping threads took: 0.0001050 seconds
339.434: Application time: 0.2203060 seconds
339.434: [GC [PSYoungGen: 541296K->52544K(587776K)] 1548369K->1081292K(1696768K), 0.0322070 secs] [Times: user=0.26 sys=0.00, real=0.04 secs] 
339.466: Total time for which application threads were stopped: 0.0324530 seconds, Stopping threads took: 0.0001240 seconds
339.662: Application time: 0.1952510 seconds
339.662: [GC [PSYoungGen: 564544K->56896K(588800K)] 1593292K->1102487K(1697792K), 0.0321390 secs] [Times: user=0.25 sys=0.00, real=0.03 secs] 
339.694: Total time for which application threads were stopped: 0.0323760 seconds, Stopping threads took: 0.0001170 seconds
339.894: Application time: 0.2003770 seconds
339.897: [GC [PSYoungGen: 568896K->28976K(588800K)] 1614487K->1116251K(1697792K), 0.0296640 secs] [Times: user=0.22 sys=0.00, real=0.03 secs] 
339.926: [Full GC [PSYoungGen: 28976K->0K(588800K)] [ParOldGen: 1087275K->76085K(1132032K)] 1116251K->76085K(1720832K) [PSPermGen: 8885K->8885K(21504K)], 0.0842290 secs] [Times: user=0.59 sys=0.00, real=0.08 secs] 
340.011: Total time for which application threads were stopped: 0.1162510 seconds, Stopping threads took: 0.0021700 seconds
340.230: Application time: 0.2192630 seconds
340.230: [GC [PSYoungGen: 511488K->56192K(567808K)] 587573K->132277K(1699840K), 0.0244580 secs] [Times: user=0.19 sys=0.00, real=0.02 secs] 
340.255: Total time for which application threads were stopped: 0.0247290 seconds, Stopping threads took: 0.0001490 seconds
340.440: Application time: 0.1849820 seconds
340.440: [GC [PSYoungGen: 567680K->50464K(590848K)] 643765K->144381K(1722880K), 0.0276650 secs] [Times: user=0.22 sys=0.00, real=0.03 secs] 
340.467: Total time for which application threads were stopped: 0.0279090 seconds, Stopping threads took: 0.0001090 seconds
340.680: Application time: 0.2122760 seconds
340.680: [GC [PSYoungGen: 562976K->35216K(547840K)] 656893K->167378K(1679872K), 0.0301470 secs] [Times: user=0.24 sys=0.00, real=0.03 secs] 
340.710: Total time for which application threads were stopped: 0.0303910 seconds, Stopping threads took: 0.0001140 seconds
340.925: Application time: 0.2152510 seconds
340.929: [GC [PSYoungGen: 547728K->61264K(585728K)] 679890K->209568K(1717760K), 0.0334130 secs] [Times: user=0.27 sys=0.00, real=0.03 secs] 
340.962: Total time for which application threads were stopped: 0.0366640 seconds, Stopping threads took: 0.0031140 seconds
341.145: Application time: 0.1829310 seconds
341.145: [GC [PSYoungGen: 571216K->35232K(588288K)] 719520K->220429K(1720320K), 0.0296800 secs] [Times: user=0.23 sys=0.00, real=0.02 secs] 
341.175: Total time for which application threads were stopped: 0.0299760 seconds, Stopping threads took: 0.0001570 seconds
341.392: Application time: 0.2166430 seconds
341.392: [GC [PSYoungGen: 545184K->46688K(581632K)] 730381K->256263K(1713664K), 0.0300380 secs] [Times: user=0.24 sys=0.00, real=0.03 secs] 
341.422: Total time for which application threads were stopped: 0.0302480 seconds, Stopping threads took: 0.0000920 seconds
341.629: Application time: 0.2071370 seconds
341.629: [GC [PSYoungGen: 558176K->59120K(585728K)] 767751K->281670K(1717760K), 0.0308020 secs] [Times: user=0.24 sys=0.00, real=0.03 secs] 
341.660: Total time for which application threads were stopped: 0.0310370 seconds, Stopping threads took: 0.0001150 seconds
341.848: Application time: 0.1884640 seconds
341.849: [GC [PSYoungGen: 570608K->33312K(591360K)] 793158K->290860K(1723392K), 0.0280090 secs] [Times: user=0.22 sys=0.00, real=0.03 secs] 
341.877: Total time for which application threads were stopped: 0.0282590 seconds, Stopping threads took: 0.0001150 seconds
342.098: Application time: 0.2208380 seconds
342.098: [GC [PSYoungGen: 548384K->51936K(567296K)] 805932K->328650K(1699328K), 0.0306510 secs] [Times: user=0.24 sys=0.00, real=0.03 secs] 
342.128: Total time for which application threads were stopped: 0.0308690 seconds, Stopping threads took: 0.0000980 seconds
342.330: Application time: 0.2020100 seconds
342.331: [GC [PSYoungGen: 567008K->56384K(589824K)] 843722K->350141K(1721856K), 0.0314030 secs] [Times: user=0.25 sys=0.00, real=0.03 secs] 
342.362: Total time for which application threads were stopped: 0.0316310 seconds, Stopping threads took: 0.0001100 seconds
342.557: Application time: 0.1944780 seconds
342.557: [GC [PSYoungGen: 570944K->31312K(590336K)] 864701K->364170K(1722368K), 0.0290930 secs] [Times: user=0.23 sys=0.00, real=0.03 secs] 
342.586: Total time for which application threads were stopped: 0.0293380 seconds, Stopping threads took: 0.0001090 seconds
342.805: Application time: 0.2186430 seconds
342.805: [GC [PSYoungGen: 545872K->55424K(590336K)] 878730K->402937K(1722368K), 0.0299560 secs] [Times: user=0.24 sys=0.00, real=0.02 secs] 
342.835: Total time for which application threads were stopped: 0.0301750 seconds, Stopping threads took: 0.0000970 seconds
343.029: Application time: 0.1938550 seconds
343.029: [GC [PSYoungGen: 569984K->52336K(567296K)] 917497K->417700K(1699328K), 0.0300550 secs] [Times: user=0.23 sys=0.00, real=0.03 secs] 
343.059: Total time for which application threads were stopped: 0.0302650 seconds, Stopping threads took: 0.0000920 seconds
343.263: Application time: 0.2042560 seconds
343.263: [GC [PSYoungGen: 566896K->33008K(590336K)] 932260K->433869K(1722368K), 0.0282440 secs] [Times: user=0.22 sys=0.00, real=0.03 secs] 
343.292: Total time for which application threads were stopped: 0.0284980 seconds, Stopping threads took: 0.0001210 seconds
343.509: Application time: 0.2173530 seconds
343.509: [GC [PSYoungGen: 548080K->56640K(590336K)] 948941K->470708K(1722368K), 0.0303180 secs] [Times: user=0.23 sys=0.00, real=0.03 secs] 
343.540: Total time for which application threads were stopped: 0.0305710 seconds, Stopping threads took: 0.0001270 seconds
343.728: Application time: 0.1886300 seconds
343.728: [GC [PSYoungGen: 571712K->42672K(588800K)] 985780K->482651K(1720832K), 0.0283870 secs] [Times: user=0.22 sys=0.01, real=0.03 secs] 
343.757: Total time for which application threads were stopped: 0.0285940 seconds, Stopping threads took: 0.0000920 seconds
343.969: Application time: 0.2123540 seconds
343.969: [GC [PSYoungGen: 558256K->40480K(589824K)] 998235K->511236K(1721856K), 0.0298810 secs] [Times: user=0.23 sys=0.00, real=0.03 secs] 
343.999: Total time for which application threads were stopped: 0.0301390 seconds, Stopping threads took: 0.0001230 seconds
344.212: Application time: 0.2131900 seconds
344.213: [GC [PSYoungGen: 556064K->59168K(589312K)] 1026820K->547234K(1721344K), 0.0330130 secs] [Times: user=0.26 sys=0.00, real=0.04 secs] 
344.246: Total time for which application threads were stopped: 0.0332380 seconds, Stopping threads took: 0.0001110 seconds
344.436: Application time: 0.1904700 seconds
344.436: [GC [PSYoungGen: 576288K->36640K(591872K)] 1064354K->564816K(1723904K), 0.0322260 secs] [Times: user=0.24 sys=0.00, real=0.04 secs] 
344.469: Total time for which application threads were stopped: 0.0324770 seconds, Stopping threads took: 0.0001290 seconds
344.686: Application time: 0.2173180 seconds
344.689: [GC [PSYoungGen: 553760K->48400K(587264K)] 1081936K->605372K(1719296K), 0.0327450 secs] [Times: user=0.26 sys=0.00, real=0.03 secs] 
344.721: Total time for which application threads were stopped: 0.0353710 seconds, Stopping threads took: 0.0024950 seconds
344.933: Application time: 0.2113290 seconds
344.933: [GC [PSYoungGen: 567056K->59408K(590336K)] 1124028K->628876K(1722368K), 0.0306250 secs] [Times: user=0.24 sys=0.00, real=0.03 secs] 
344.964: Total time for which application threads were stopped: 0.0308790 seconds, Stopping threads took: 0.0001340 seconds
345.157: Application time: 0.1929450 seconds
345.157: [GC [PSYoungGen: 578064K->38464K(593920K)] 1147532K->641249K(1725952K), 0.0300770 secs] [Times: user=0.24 sys=0.00, real=0.03 secs] 
345.187: Total time for which application threads were stopped: 0.0303090 seconds, Stopping threads took: 0.0001100 seconds
345.407: Application time: 0.2202270 seconds
345.407: [GC [PSYoungGen: 558144K->46496K(566272K)] 1160929K->673596K(1698304K), 0.0305600 secs] [Times: user=0.23 sys=0.00, real=0.03 secs] 
345.438: Total time for which application threads were stopped: 0.0308110 seconds, Stopping threads took: 0.0001160 seconds
345.645: Application time: 0.2068340 seconds
345.645: [GC [PSYoungGen: 566176K->56752K(589312K)] 1193276K->699734K(1721344K), 0.0319320 secs] [Times: user=0.25 sys=0.00, real=0.03 secs] 
345.677: Total time for which application threads were stopped: 0.0321640 seconds, Stopping threads took: 0.0001110 seconds
345.873: Application time: 0.1964950 seconds
345.874: [GC [PSYoungGen: 575408K->35712K(590336K)] 1218390K->712296K(1722368K), 0.0289910 secs] [Times: user=0.23 sys=0.00, real=0.03 secs] 
345.903: Total time for which application threads were stopped: 0.0292140 seconds, Stopping threads took: 0.0000990 seconds
346.123: Application time: 0.2206550 seconds
346.125: [GC [PSYoungGen: 554368K->51856K(594432K)] 1230952K->747662K(1726464K), 0.0309460 secs] [Times: user=0.24 sys=0.00, real=0.02 secs] 
346.156: Total time for which application threads were stopped: 0.0322910 seconds, Stopping threads took: 0.0012120 seconds
346.360: Application time: 0.2046530 seconds
346.360: [GC [PSYoungGen: 575632K->56160K(594944K)] 1271438K->767821K(1726976K), 0.0312080 secs] [Times: user=0.24 sys=0.01, real=0.03 secs] 
346.392: Total time for which application threads were stopped: 0.0314520 seconds, Stopping threads took: 0.0001260 seconds
346.594: Application time: 0.2028440 seconds
346.595: [GC [PSYoungGen: 579936K->35872K(595456K)] 1291597K->780419K(1727488K), 0.0289620 secs] [Times: user=0.23 sys=0.00, real=0.03 secs] 
346.624: Total time for which application threads were stopped: 0.0291840 seconds, Stopping threads took: 0.0000980 seconds
346.844: Application time: 0.2203540 seconds
346.844: [GC [PSYoungGen: 559136K->52688K(576000K)] 1303683K->814750K(1708032K), 0.0308880 secs] [Times: user=0.24 sys=0.00, real=0.03 secs] 
346.875: Total time for which application threads were stopped: 0.0311200 seconds, Stopping threads took: 0.0000950 seconds
347.075: Application time: 0.2003420 seconds
347.076: [GC [PSYoungGen: 575952K->55072K(593920K)] 1338014K->835692K(1725952K), 0.0323080 secs] [Times: user=0.25 sys=0.00, real=0.04 secs] 
347.108: Total time for which application threads were stopped: 0.0325380 seconds, Stopping threads took: 0.0001140 seconds
347.316: Application time: 0.2080710 seconds
347.321: [GC [PSYoungGen: 577824K->36608K(594432K)] 1358444K->854053K(1726464K), 0.0302170 secs] [Times: user=0.24 sys=0.00, real=0.03 secs] 
347.351: Total time for which application threads were stopped: 0.0346870 seconds, Stopping threads took: 0.0043520 seconds
347.570: Application time: 0.2194730 seconds
347.570: [GC [PSYoungGen: 559360K->54080K(595456K)] 1376805K->889272K(1727488K), 0.0317350 secs] [Times: user=0.25 sys=0.00, real=0.03 secs] 
347.602: Total time for which application threads were stopped: 0.0320100 seconds, Stopping threads took: 0.0001380 seconds
347.799: Application time: 0.1971280 seconds
347.800: [GC [PSYoungGen: 577856K->53056K(577024K)] 1413048K->908027K(1709056K), 0.0313120 secs] [Times: user=0.25 sys=0.00, real=0.03 secs] 
347.831: Total time for which application threads were stopped: 0.0315430 seconds, Stopping threads took: 0.0001120 seconds
348.044: Application time: 0.2131700 seconds
348.044: [GC [PSYoungGen: 576832K->36416K(594944K)] 1431803K->925316K(1726976K), 0.0304200 secs] [Times: user=0.24 sys=0.00, real=0.03 secs] 
348.075: Total time for which application threads were stopped: 0.0306650 seconds, Stopping threads took: 0.0001250 seconds
348.293: Application time: 0.2179980 seconds
348.293: [GC [PSYoungGen: 560192K->56880K(594944K)] 1449092K->961258K(1726976K), 0.0320950 secs] [Times: user=0.25 sys=0.00, real=0.04 secs] 
348.325: Total time for which application threads were stopped: 0.0323430 seconds, Stopping threads took: 0.0001170 seconds
348.521: Application time: 0.1959490 seconds
348.521: [GC [PSYoungGen: 580656K->47888K(592896K)] 1485034K->970150K(1724928K), 0.0281270 secs] [Times: user=0.22 sys=0.00, real=0.03 secs] 
348.551: Total time for which application threads were stopped: 0.0299130 seconds, Stopping threads took: 0.0001020 seconds
348.766: Application time: 0.2147910 seconds
348.766: [GC [PSYoungGen: 571664K->40496K(593920K)] 1493926K->992299K(1725952K), 0.0304840 secs] [Times: user=0.24 sys=0.00, real=0.03 secs] 
348.797: Total time for which application threads were stopped: 0.0307090 seconds, Stopping threads took: 0.0001080 seconds
349.012: Application time: 0.2157500 seconds
349.012: [GC [PSYoungGen: 564272K->56672K(595968K)] 1516075K->1028153K(1728000K), 0.0339110 secs] [Times: user=0.26 sys=0.00, real=0.04 secs] 
349.046: Total time for which application threads were stopped: 0.0341590 seconds, Stopping threads took: 0.0001050 seconds
349.243: Application time: 0.1968520 seconds
349.243: [GC [PSYoungGen: 583520K->39840K(596992K)] 1555001K->1042619K(1729024K), 0.0302020 secs] [Times: user=0.23 sys=0.00, real=0.03 secs] 
349.274: Total time for which application threads were stopped: 0.0304300 seconds, Stopping threads took: 0.0001110 seconds
349.491: Application time: 0.2170860 seconds
349.491: [GC [PSYoungGen: 566688K->48080K(592384K)] 1569467K->1072330K(1724416K), 0.0305420 secs] [Times: user=0.24 sys=0.00, real=0.03 secs] 
349.522: Total time for which application threads were stopped: 0.0307580 seconds, Stopping threads took: 0.0001000 seconds
349.737: Application time: 0.2155450 seconds
349.737: [GC [PSYoungGen: 575440K->56688K(594944K)] 1599690K->1107435K(1726976K), 0.0362380 secs] [Times: user=0.28 sys=0.00, real=0.03 secs] 
349.774: Total time for which application threads were stopped: 0.0364530 seconds, Stopping threads took: 0.0000800 seconds
349.970: Application time: 0.1965550 seconds
349.970: [GC [PSYoungGen: 584048K->37888K(598528K)] 1634795K->1124180K(1730560K), 0.0306920 secs] [Times: user=0.24 sys=0.00, real=0.03 secs] 
350.001: Total time for which application threads were stopped: 0.0309560 seconds, Stopping threads took: 0.0001420 seconds
350.220: Application time: 0.2191580 seconds
350.220: [GC [PSYoungGen: 567296K->51040K(580608K)] 1653588K->1157715K(1712640K), 0.0307020 secs] [Times: user=0.23 sys=0.01, real=0.03 secs] 
350.251: [Full GC [PSYoungGen: 51040K->0K(580608K)] [ParOldGen: 1106675K->78793K(1134592K)] 1157715K->78793K(1715200K) [PSPermGen: 8885K->8885K(21504K)], 0.0885580 secs] [Times: user=0.62 sys=0.00, real=0.09 secs] 
350.340: Total time for which application threads were stopped: 0.1195660 seconds, Stopping threads took: 0.0001060 seconds
350.555: Application time: 0.2148400 seconds
350.555: [GC [PSYoungGen: 529408K->57280K(595968K)] 608201K->136073K(1730560K), 0.0250780 secs] [Times: user=0.20 sys=0.00, real=0.03 secs] 
350.580: Total time for which application threads were stopped: 0.0253110 seconds, Stopping threads took: 0.0001010 seconds
350.778: Application time: 0.1976960 seconds
350.778: [GC [PSYoungGen: 585152K->37856K(597504K)] 663945K->151754K(1732096K), 0.0298930 secs] [Times: user=0.24 sys=0.00, real=0.03 secs] 
350.808: Total time for which application threads were stopped: 0.0301190 seconds, Stopping threads took: 0.0001010 seconds
351.028: Application time: 0.2197970 seconds
351.029: [GC [PSYoungGen: 565728K->51616K(595968K)] 679626K->184337K(1730560K), 0.0295850 secs] [Times: user=0.24 sys=0.00, real=0.03 secs] 
351.058: Total time for which application threads were stopped: 0.0305570 seconds, Stopping threads took: 0.0008530 seconds
351.272: Application time: 0.2134320 seconds
351.272: [GC [PSYoungGen: 580000K->56320K(596992K)] 712721K->207187K(1731584K), 0.0318830 secs] [Times: user=0.26 sys=0.00, real=0.03 secs] 
351.304: Total time for which application threads were stopped: 0.0321240 seconds, Stopping threads took: 0.0001130 seconds
351.501: Application time: 0.1974090 seconds
351.505: [GC [PSYoungGen: 584704K->37568K(597504K)] 735571K->222137K(1732096K), 0.0290390 secs] [Times: user=0.23 sys=0.00, real=0.02 secs] 
351.534: Total time for which application threads were stopped: 0.0325330 seconds, Stopping threads took: 0.0033720 seconds
351.755: Application time: 0.2212690 seconds
351.755: [GC [PSYoungGen: 565440K->53104K(597504K)] 750009K->254624K(1732096K), 0.0294590 secs] [Times: user=0.23 sys=0.00, real=0.04 secs] 
351.785: Total time for which application threads were stopped: 0.0296920 seconds, Stopping threads took: 0.0001120 seconds
351.996: Application time: 0.2118150 seconds
351.997: [GC [PSYoungGen: 580976K->55552K(596480K)] 782496K->270618K(1731072K), 0.0294350 secs] [Times: user=0.20 sys=0.00, real=0.03 secs] 
352.026: Total time for which application threads were stopped: 0.0296980 seconds, Stopping threads took: 0.0001300 seconds
352.225: Application time: 0.1988760 seconds
352.229: [GC [PSYoungGen: 582400K->38752K(596992K)] 797466K->287172K(1731584K), 0.0291980 secs] [Times: user=0.23 sys=0.00, real=0.03 secs] 
352.258: Total time for which application threads were stopped: 0.0327820 seconds, Stopping threads took: 0.0034660 seconds
352.479: Application time: 0.2212860 seconds
352.479: [GC [PSYoungGen: 565600K->53664K(596992K)] 814020K->317247K(1731584K), 0.0290890 secs] [Times: user=0.23 sys=0.00, real=0.03 secs] 
352.508: Total time for which application threads were stopped: 0.0293070 seconds, Stopping threads took: 0.0001000 seconds
352.718: Application time: 0.2091980 seconds
352.718: [GC [PSYoungGen: 581024K->56416K(584192K)] 844607K->335661K(1718784K), 0.0307540 secs] [Times: user=0.24 sys=0.00, real=0.03 secs] 
352.749: Total time for which application threads were stopped: 0.0309680 seconds, Stopping threads took: 0.0000830 seconds
352.948: Application time: 0.1992950 seconds
352.949: [GC [PSYoungGen: 583776K->37072K(596480K)] 863021K->350387K(1731072K), 0.0293870 secs] [Times: user=0.23 sys=0.00, real=0.03 secs] 
352.978: Total time for which application threads were stopped: 0.0301240 seconds, Stopping threads took: 0.0006150 seconds
353.199: Application time: 0.2207340 seconds
353.199: [GC [PSYoungGen: 562896K->55008K(596480K)] 876211K->381870K(1731072K), 0.0292350 secs] [Times: user=0.23 sys=0.00, real=0.03 secs] 
353.228: Total time for which application threads were stopped: 0.0294710 seconds, Stopping threads took: 0.0001150 seconds
353.435: Application time: 0.2069560 seconds
353.435: [GC [PSYoungGen: 580832K->54432K(596480K)] 907694K->397328K(1731072K), 0.0304170 secs] [Times: user=0.24 sys=0.00, real=0.04 secs] 
353.466: Total time for which application threads were stopped: 0.0306700 seconds, Stopping threads took: 0.0001230 seconds
353.666: Application time: 0.2000710 seconds
353.666: [GC [PSYoungGen: 580256K->36832K(596480K)] 923152K->413310K(1731072K), 0.0292410 secs] [Times: user=0.22 sys=0.00, real=0.02 secs] 
353.695: Total time for which application threads were stopped: 0.0294550 seconds, Stopping threads took: 0.0000930 seconds
353.919: Application time: 0.2233270 seconds
353.919: [GC [PSYoungGen: 562656K->55792K(595456K)] 939134K->444241K(1730048K), 0.0293470 secs] [Times: user=0.22 sys=0.00, real=0.03 secs] 
353.948: Total time for which application threads were stopped: 0.0295710 seconds, Stopping threads took: 0.0001030 seconds
354.152: Application time: 0.2041620 seconds
354.153: [GC [PSYoungGen: 580592K->52544K(595968K)] 969041K->461196K(1730560K), 0.0316350 secs] [Times: user=0.25 sys=0.00, real=0.03 secs] 
354.184: Total time for which application threads were stopped: 0.0319110 seconds, Stopping threads took: 0.0001460 seconds
354.386: Application time: 0.2015240 seconds
354.389: [GC [PSYoungGen: 577344K->35840K(595968K)] 985996K->484744K(1730560K), 0.0313670 secs] [Times: user=0.25 sys=0.00, real=0.03 secs] 
354.420: Total time for which application threads were stopped: 0.0340760 seconds, Stopping threads took: 0.0025870 seconds
354.642: Application time: 0.2224620 seconds
354.643: [GC [PSYoungGen: 561152K->53968K(595968K)] 1010056K->519611K(1730560K), 0.0308460 secs] [Times: user=0.24 sys=0.00, real=0.03 secs] 
354.673: Total time for which application threads were stopped: 0.0310850 seconds, Stopping threads took: 0.0001190 seconds
354.876: Application time: 0.2023870 seconds
354.876: [GC [PSYoungGen: 579280K->55776K(595456K)] 1044923K->540178K(1730048K), 0.0324850 secs] [Times: user=0.26 sys=0.00, real=0.04 secs] 
354.909: Total time for which application threads were stopped: 0.0327250 seconds, Stopping threads took: 0.0001090 seconds
355.114: Application time: 0.2049480 seconds
355.117: [GC [PSYoungGen: 580576K->34672K(559616K)] 1064978K->554779K(1694208K), 0.0294560 secs] [Times: user=0.24 sys=0.00, real=0.03 secs] 
355.146: Total time for which application threads were stopped: 0.0324820 seconds, Stopping threads took: 0.0029050 seconds
355.368: Application time: 0.2219640 seconds
355.368: [GC [PSYoungGen: 559472K->55408K(594432K)] 1079579K->590097K(1729024K), 0.0304590 secs] [Times: user=0.24 sys=0.00, real=0.03 secs] 
355.399: Total time for which application threads were stopped: 0.0307050 seconds, Stopping threads took: 0.0001250 seconds
355.597: Application time: 0.1984820 seconds
355.597: [GC [PSYoungGen: 578160K->53632K(594944K)] 1112849K->604789K(1729536K), 0.0295530 secs] [Times: user=0.24 sys=0.00, real=0.03 secs] 
355.627: Total time for which application threads were stopped: 0.0297860 seconds, Stopping threads took: 0.0000970 seconds
355.833: Application time: 0.2062370 seconds
355.833: [GC [PSYoungGen: 576384K->34384K(594944K)] 1127541K->621246K(1729536K), 0.0293640 secs] [Times: user=0.23 sys=0.00, real=0.03 secs] 
355.863: Total time for which application threads were stopped: 0.0295950 seconds, Stopping threads took: 0.0001060 seconds
356.084: Application time: 0.2213170 seconds
356.084: [GC [PSYoungGen: 557648K->56304K(579584K)] 1144510K->656740K(1714176K), 0.0306430 secs] [Times: user=0.24 sys=0.00, real=0.03 secs] 
356.115: Total time for which application threads were stopped: 0.0308580 seconds, Stopping threads took: 0.0000940 seconds
356.311: Application time: 0.1962230 seconds
356.311: [GC [PSYoungGen: 579568K->51664K(595456K)] 1180004K->670924K(1730048K), 0.0307810 secs] [Times: user=0.24 sys=0.00, real=0.03 secs] 
356.342: Total time for which application threads were stopped: 0.0310420 seconds, Stopping threads took: 0.0001270 seconds
356.553: Application time: 0.2111100 seconds
356.557: [GC [PSYoungGen: 574416K->35008K(594432K)] 1193676K->689057K(1729024K), 0.0293540 secs] [Times: user=0.22 sys=0.00, real=0.03 secs] 
356.586: Total time for which application threads were stopped: 0.0325780 seconds, Stopping threads took: 0.0031040 seconds
356.804: Application time: 0.2183670 seconds
356.805: [GC [PSYoungGen: 557760K->56032K(593920K)] 1211809K->724152K(1728512K), 0.0305660 secs] [Times: user=0.24 sys=0.00, real=0.02 secs] 
356.835: Total time for which application threads were stopped: 0.0308650 seconds, Stopping threads took: 0.0001820 seconds
357.028: Application time: 0.1924140 seconds
357.028: [GC [PSYoungGen: 578272K->49392K(571904K)] 1246392K->737787K(1706496K), 0.0293710 secs] [Times: user=0.23 sys=0.00, real=0.03 secs] 
357.057: Total time for which application threads were stopped: 0.0296070 seconds, Stopping threads took: 0.0001040 seconds
357.272: Application time: 0.2152330 seconds
357.273: [GC [PSYoungGen: 571632K->35888K(593408K)] 1260027K->757220K(1728000K), 0.0289410 secs] [Times: user=0.23 sys=0.00, real=0.03 secs] 
357.302: Total time for which application threads were stopped: 0.0291570 seconds, Stopping threads took: 0.0001010 seconds
357.518: Application time: 0.2159270 seconds
357.518: [GC [PSYoungGen: 559152K->56960K(593408K)] 1280484K->792942K(1728000K), 0.0312960 secs] [Times: user=0.25 sys=0.00, real=0.03 secs] 
357.549: Total time for which application threads were stopped: 0.0315310 seconds, Stopping threads took: 0.0001100 seconds
357.739: Application time: 0.1901470 seconds
357.739: [GC [PSYoungGen: 580224K->45136K(594432K)] 1316206K->802434K(1729024K), 0.0281050 secs] [Times: user=0.22 sys=0.00, real=0.03 secs] 
357.768: Total time for which application threads were stopped: 0.0283330 seconds, Stopping threads took: 0.0001020 seconds
357.992: Application time: 0.2240810 seconds
357.993: [GC [PSYoungGen: 570448K->41776K(594944K)] 1327746K->826075K(1729536K), 0.0296570 secs] [Times: user=0.22 sys=0.00, real=0.03 secs] 
358.022: Total time for which application threads were stopped: 0.0307610 seconds, Stopping threads took: 0.0009740 seconds
358.237: Application time: 0.2144730 seconds
358.237: [GC [PSYoungGen: 567088K->57728K(594432K)] 1351387K->861030K(1729024K), 0.0336100 secs] [Times: user=0.26 sys=0.00, real=0.03 secs] 
358.271: Total time for which application threads were stopped: 0.0338360 seconds, Stopping threads took: 0.0001040 seconds
358.463: Application time: 0.1922280 seconds
358.463: [GC [PSYoungGen: 583552K->39600K(596480K)] 1386854K->871024K(1731072K), 0.0286540 secs] [Times: user=0.22 sys=0.00, real=0.03 secs] 
358.492: Total time for which application threads were stopped: 0.0288770 seconds, Stopping threads took: 0.0000930 seconds
358.717: Application time: 0.2247200 seconds
358.717: [GC [PSYoungGen: 565424K->47280K(591360K)] 1396848K->899531K(1725952K), 0.0291380 secs] [Times: user=0.22 sys=0.00, real=0.03 secs] 
358.746: Total time for which application threads were stopped: 0.0293630 seconds, Stopping threads took: 0.0001040 seconds
358.962: Application time: 0.2161040 seconds
358.962: [GC [PSYoungGen: 574128K->58112K(594432K)] 1426379K->929217K(1729024K), 0.0338650 secs] [Times: user=0.27 sys=0.00, real=0.03 secs] 
358.996: Total time for which application threads were stopped: 0.0340930 seconds, Stopping threads took: 0.0001060 seconds
359.188: Application time: 0.1921310 seconds
359.188: [GC [PSYoungGen: 584960K->34896K(597504K)] 1456065K->946190K(1732096K), 0.0304240 secs] [Times: user=0.24 sys=0.00, real=0.03 secs] 
359.219: Total time for which application threads were stopped: 0.0306930 seconds, Stopping threads took: 0.0001280 seconds
359.445: Application time: 0.2261810 seconds
359.445: [GC [PSYoungGen: 562768K->52224K(597504K)] 1474062K->979385K(1732096K), 0.0300700 secs] [Times: user=0.24 sys=0.00, real=0.02 secs] 
359.475: Total time for which application threads were stopped: 0.0302860 seconds, Stopping threads took: 0.0000980 seconds
359.688: Application time: 0.2124270 seconds
359.688: [GC [PSYoungGen: 580096K->58368K(594432K)] 1507257K->1009463K(1729024K), 0.0355090 secs] [Times: user=0.29 sys=0.00, real=0.03 secs] 
359.724: Total time for which application threads were stopped: 0.0357310 seconds, Stopping threads took: 0.0001030 seconds
359.915: Application time: 0.1914800 seconds
359.917: [GC [PSYoungGen: 583168K->28848K(553984K)] 1534263K->1026715K(1688576K), 0.0312480 secs] [Times: user=0.25 sys=0.00, real=0.03 secs] 
359.948: Total time for which application threads were stopped: 0.0327710 seconds, Stopping threads took: 0.0013940 seconds
360.174: Application time: 0.2266160 seconds
360.175: [GC [PSYoungGen: 553648K->55840K(592896K)] 1551515K->1070198K(1727488K), 0.0315930 secs] [Times: user=0.25 sys=0.00, real=0.04 secs] 
360.206: Total time for which application threads were stopped: 0.0318220 seconds, Stopping threads took: 0.0001100 seconds
360.414: Application time: 0.2074810 seconds
360.414: [GC [PSYoungGen: 576544K->59392K(580608K)] 1590902K->1096016K(1715200K), 0.0360420 secs] [Times: user=0.28 sys=0.00, real=0.04 secs] 
360.450: Total time for which application threads were stopped: 0.0362530 seconds, Stopping threads took: 0.0000900 seconds
360.644: Application time: 0.1941270 seconds
360.644: [GC [PSYoungGen: 580096K->27264K(589824K)] 1616720K->1115611K(1724416K), 0.0326840 secs] [Times: user=0.24 sys=0.00, real=0.04 secs] 
360.677: [Full GC [PSYoungGen: 27264K->0K(589824K)] [ParOldGen: 1088347K->83588K(1162752K)] 1115611K->83588K(1752576K) [PSPermGen: 8885K->8885K(21504K)], 0.0911170 secs] [Times: user=0.64 sys=0.00, real=0.09 secs] 
360.768: Total time for which application threads were stopped: 0.1241140 seconds, Stopping threads took: 0.0001080 seconds
360.990: Application time: 0.2218090 seconds
360.990: [GC [PSYoungGen: 514560K->58144K(572928K)] 598148K->141732K(1735680K), 0.0256050 secs] [Times: user=0.20 sys=0.00, real=0.02 secs] 
361.016: Total time for which application threads were stopped: 0.0258430 seconds, Stopping threads took: 0.0001150 seconds
361.216: Application time: 0.2002130 seconds
361.216: [GC [PSYoungGen: 572704K->56960K(588800K)] 656292K->163218K(1751552K), 0.0333430 secs] [Times: user=0.25 sys=0.01, real=0.04 secs] 
361.250: Total time for which application threads were stopped: 0.0335910 seconds, Stopping threads took: 0.0001080 seconds
361.446: Application time: 0.1966680 seconds
361.447: [GC [PSYoungGen: 568448K->29472K(541184K)] 674706K->175906K(1703936K), 0.0275370 secs] [Times: user=0.22 sys=0.00, real=0.02 secs] 
361.474: Total time for which application threads were stopped: 0.0277670 seconds, Stopping threads took: 0.0001100 seconds
361.693: Application time: 0.2186540 seconds
361.693: [GC [PSYoungGen: 540960K->60864K(584704K)] 687394K->216130K(1747456K), 0.0294590 secs] [Times: user=0.23 sys=0.00, real=0.03 secs] 
361.723: Total time for which application threads were stopped: 0.0296900 seconds, Stopping threads took: 0.0001130 seconds
361.911: Application time: 0.1884530 seconds
361.911: [GC [PSYoungGen: 567232K->46384K(552960K)] 722498K->226616K(1715712K), 0.0312140 secs] [Times: user=0.23 sys=0.00, real=0.03 secs] 
361.942: Total time for which application threads were stopped: 0.0314660 seconds, Stopping threads took: 0.0001230 seconds
362.148: Application time: 0.2057080 seconds
362.148: [GC [PSYoungGen: 552752K->36816K(586752K)] 732984K->251981K(1749504K), 0.0293200 secs] [Times: user=0.22 sys=0.01, real=0.03 secs] 
362.178: Total time for which application threads were stopped: 0.0295700 seconds, Stopping threads took: 0.0001320 seconds
362.390: Application time: 0.2118300 seconds
362.390: [GC [PSYoungGen: 546256K->56784K(585728K)] 761421K->290939K(1748480K), 0.0322300 secs] [Times: user=0.25 sys=0.00, real=0.03 secs] 
362.422: Total time for which application threads were stopped: 0.0324340 seconds, Stopping threads took: 0.0000790 seconds
362.605: Application time: 0.1834560 seconds
362.606: [GC [PSYoungGen: 566224K->42736K(587776K)] 800379K->303202K(1750528K), 0.0282860 secs] [Times: user=0.22 sys=0.00, real=0.02 secs] 
362.634: Total time for which application threads were stopped: 0.0285240 seconds, Stopping threads took: 0.0000990 seconds
362.853: Application time: 0.2194510 seconds
362.854: [GC [PSYoungGen: 556272K->43856K(588800K)] 816738K->330840K(1751552K), 0.0291450 secs] [Times: user=0.23 sys=0.00, real=0.03 secs] 
362.883: Total time for which application threads were stopped: 0.0293580 seconds, Stopping threads took: 0.0000940 seconds
363.092: Application time: 0.2088400 seconds
363.092: [GC [PSYoungGen: 557392K->56528K(590336K)] 844376K->365186K(1753088K), 0.0325350 secs] [Times: user=0.26 sys=0.00, real=0.03 secs] 
363.124: Total time for which application threads were stopped: 0.0327960 seconds, Stopping threads took: 0.0001290 seconds
363.312: Application time: 0.1878880 seconds
363.313: [GC [PSYoungGen: 573648K->36128K(590848K)] 882306K->375320K(1753600K), 0.0272160 secs] [Times: user=0.21 sys=0.00, real=0.03 secs] 
363.340: Total time for which application threads were stopped: 0.0275110 seconds, Stopping threads took: 0.0001620 seconds
363.564: Application time: 0.2240850 seconds
363.564: [GC [PSYoungGen: 553248K->53904K(593408K)] 892440K->406999K(1756160K), 0.0294410 secs] [Times: user=0.24 sys=0.00, real=0.03 secs] 
363.594: Total time for which application threads were stopped: 0.0296500 seconds, Stopping threads took: 0.0000910 seconds
363.800: Application time: 0.2066040 seconds
363.800: [GC [PSYoungGen: 574096K->57056K(577536K)] 927191K->430305K(1740288K), 0.0328880 secs] [Times: user=0.24 sys=0.01, real=0.03 secs] 
363.833: Total time for which application threads were stopped: 0.0331140 seconds, Stopping threads took: 0.0001060 seconds
364.026: Application time: 0.1923580 seconds
364.026: [GC [PSYoungGen: 577248K->28784K(590848K)] 950497K->446062K(1753600K), 0.0294540 secs] [Times: user=0.23 sys=0.00, real=0.02 secs] 
364.055: Total time for which application threads were stopped: 0.0296970 seconds, Stopping threads took: 0.0001070 seconds
364.278: Application time: 0.2227850 seconds
364.278: [GC [PSYoungGen: 545392K->56432K(573440K)] 962670K->488421K(1736192K), 0.0313390 secs] [Times: user=0.25 sys=0.00, real=0.03 secs] 
364.310: Total time for which application threads were stopped: 0.0315590 seconds, Stopping threads took: 0.0000990 seconds
364.511: Application time: 0.2015090 seconds
364.511: [GC [PSYoungGen: 573040K->57472K(589312K)] 1005029K->510259K(1752064K), 0.0337770 secs] [Times: user=0.26 sys=0.00, real=0.04 secs] 
364.545: Total time for which application threads were stopped: 0.0340020 seconds, Stopping threads took: 0.0001060 seconds
364.741: Application time: 0.1956620 seconds
364.741: [GC [PSYoungGen: 571008K->27520K(541184K)] 1023795K->528959K(1703936K), 0.0312300 secs] [Times: user=0.25 sys=0.00, real=0.03 secs] 
364.772: Total time for which application threads were stopped: 0.0314880 seconds, Stopping threads took: 0.0001230 seconds
364.993: Application time: 0.2206930 seconds
364.993: [GC [PSYoungGen: 541056K->61200K(585216K)] 1042495K->571890K(1747968K), 0.0310710 secs] [Times: user=0.25 sys=0.00, real=0.03 secs] 
365.024: Total time for which application threads were stopped: 0.0312930 seconds, Stopping threads took: 0.0000990 seconds
365.216: Application time: 0.1912150 seconds
365.216: [GC [PSYoungGen: 568592K->47184K(555008K)] 1079282K->583761K(1717760K), 0.0309400 secs] [Times: user=0.24 sys=0.00, real=0.04 secs] 
365.247: Total time for which application threads were stopped: 0.0311790 seconds, Stopping threads took: 0.0001190 seconds
365.448: Application time: 0.2008890 seconds
365.448: [GC [PSYoungGen: 554576K->34320K(586752K)] 1091153K->607050K(1749504K), 0.0289850 secs] [Times: user=0.22 sys=0.01, real=0.03 secs] 
365.477: Total time for which application threads were stopped: 0.0292480 seconds, Stopping threads took: 0.0001310 seconds
365.691: Application time: 0.2145560 seconds
365.692: [GC [PSYoungGen: 544272K->60960K(586240K)] 1117002K->644720K(1748992K), 0.0313170 secs] [Times: user=0.25 sys=0.00, real=0.03 secs] 
365.723: Total time for which application threads were stopped: 0.0315740 seconds, Stopping threads took: 0.0001350 seconds
365.910: Application time: 0.1869720 seconds
365.910: [GC [PSYoungGen: 570912K->45936K(587264K)] 1154672K->652372K(1750016K), 0.0301450 secs] [Times: user=0.22 sys=0.00, real=0.03 secs] 
365.940: Total time for which application threads were stopped: 0.0303640 seconds, Stopping threads took: 0.0001010 seconds
366.155: Application time: 0.2141400 seconds
366.155: [GC [PSYoungGen: 557936K->37952K(587776K)] 1164372K->680032K(1750528K), 0.0312480 secs] [Times: user=0.25 sys=0.00, real=0.04 secs] 
366.186: Total time for which application threads were stopped: 0.0314930 seconds, Stopping threads took: 0.0001120 seconds
366.397: Application time: 0.2108960 seconds
366.397: [GC [PSYoungGen: 549952K->55424K(590336K)] 1192032K->714107K(1753088K), 0.0315920 secs] [Times: user=0.25 sys=0.00, real=0.03 secs] 
366.429: Total time for which application threads were stopped: 0.0318020 seconds, Stopping threads took: 0.0000900 seconds
366.615: Application time: 0.1862800 seconds
366.615: [GC [PSYoungGen: 571008K->37856K(590848K)] 1229691K->728533K(1753600K), 0.0291850 secs] [Times: user=0.23 sys=0.00, real=0.03 secs] 
366.644: Total time for which application threads were stopped: 0.0294180 seconds, Stopping threads took: 0.0001060 seconds
366.865: Application time: 0.2209370 seconds
366.866: [GC [PSYoungGen: 553440K->48832K(588288K)] 1244117K->758739K(1751040K), 0.0296870 secs] [Times: user=0.24 sys=0.00, real=0.02 secs] 
366.895: Total time for which application threads were stopped: 0.0299570 seconds, Stopping threads took: 0.0001340 seconds
367.104: Application time: 0.2084230 seconds
367.104: [GC [PSYoungGen: 566464K->58416K(589824K)] 1276371K->787366K(1752576K), 0.0341140 secs] [Times: user=0.27 sys=0.00, real=0.04 secs] 
367.138: Total time for which application threads were stopped: 0.0343570 seconds, Stopping threads took: 0.0001250 seconds
367.328: Application time: 0.1898200 seconds
367.328: [GC [PSYoungGen: 576048K->32544K(592896K)] 1304998K->800023K(1755648K), 0.0296030 secs] [Times: user=0.23 sys=0.00, real=0.03 secs] 
367.358: Total time for which application threads were stopped: 0.0298300 seconds, Stopping threads took: 0.0001040 seconds
367.580: Application time: 0.2226550 seconds
367.581: [GC [PSYoungGen: 551200K->52096K(570880K)] 1318679K->837485K(1733632K), 0.0309070 secs] [Times: user=0.24 sys=0.00, real=0.03 secs] 
367.612: Total time for which application threads were stopped: 0.0311470 seconds, Stopping threads took: 0.0001090 seconds
367.816: Application time: 0.2044530 seconds
367.816: [GC [PSYoungGen: 570752K->57008K(590336K)] 1356141K->864127K(1753088K), 0.0340450 secs] [Times: user=0.27 sys=0.00, real=0.04 secs] 
367.850: Total time for which application threads were stopped: 0.0342610 seconds, Stopping threads took: 0.0000940 seconds
368.046: Application time: 0.1958250 seconds
368.046: [GC [PSYoungGen: 574128K->30544K(591872K)] 1381247K->883480K(1754624K), 0.0317380 secs] [Times: user=0.25 sys=0.00, real=0.03 secs] 
368.078: Total time for which application threads were stopped: 0.0319780 seconds, Stopping threads took: 0.0001170 seconds
368.299: Application time: 0.2205340 seconds
368.299: [GC [PSYoungGen: 547664K->56160K(590336K)] 1400600K->923318K(1753088K), 0.0312050 secs] [Times: user=0.25 sys=0.00, real=0.03 secs] 
368.330: Total time for which application threads were stopped: 0.0314400 seconds, Stopping threads took: 0.0001010 seconds
368.529: Application time: 0.1985140 seconds
368.529: [GC [PSYoungGen: 571744K->54832K(591360K)] 1438902K->937302K(1754112K), 0.0306740 secs] [Times: user=0.24 sys=0.00, real=0.03 secs] 
368.559: Total time for which application threads were stopped: 0.0308880 seconds, Stopping threads took: 0.0000890 seconds
368.760: Application time: 0.2002660 seconds
368.760: [GC [PSYoungGen: 570416K->31760K(591360K)] 1452886K->955106K(1754112K), 0.0302800 secs] [Times: user=0.24 sys=0.00, real=0.03 secs] 
368.790: Total time for which application threads were stopped: 0.0305380 seconds, Stopping threads took: 0.0001250 seconds
369.008: Application time: 0.2175610 seconds
369.008: [GC [PSYoungGen: 547344K->59040K(574976K)] 1470690K->993982K(1737728K), 0.0330580 secs] [Times: user=0.25 sys=0.00, real=0.03 secs] 
369.041: Total time for which application threads were stopped: 0.0333140 seconds, Stopping threads took: 0.0001210 seconds
369.235: Application time: 0.1935080 seconds
369.235: [GC [PSYoungGen: 574624K->47456K(592384K)] 1509566K->1010716K(1755136K), 0.0329990 secs] [Times: user=0.26 sys=0.00, real=0.04 secs] 
369.268: Total time for which application threads were stopped: 0.0332280 seconds, Stopping threads took: 0.0001120 seconds
369.476: Application time: 0.2086110 seconds
369.477: [GC [PSYoungGen: 562528K->35200K(550400K)] 1525788K->1034252K(1713152K), 0.0305060 secs] [Times: user=0.23 sys=0.00, real=0.03 secs] 
369.507: Total time for which application threads were stopped: 0.0307390 seconds, Stopping threads took: 0.0001120 seconds
369.720: Application time: 0.2131100 seconds
369.721: [GC [PSYoungGen: 550272K->59936K(587264K)] 1549324K->1070891K(1750016K), 0.0316950 secs] [Times: user=0.23 sys=0.00, real=0.03 secs] 
369.752: Total time for which application threads were stopped: 0.0319420 seconds, Stopping threads took: 0.0001110 seconds
369.942: Application time: 0.1897160 seconds
369.942: [GC [PSYoungGen: 572960K->44368K(589312K)] 1583915K->1077691K(1752064K), 0.0286880 secs] [Times: user=0.22 sys=0.00, real=0.03 secs] 
369.971: Total time for which application threads were stopped: 0.0288840 seconds, Stopping threads took: 0.0000790 seconds
370.186: Application time: 0.2149400 seconds
370.186: [GC [PSYoungGen: 557392K->41648K(586752K)] 1590715K->1106615K(1749504K), 0.0317050 secs] [Times: user=0.25 sys=0.00, real=0.03 secs] 
370.218: Total time for which application threads were stopped: 0.0319220 seconds, Stopping threads took: 0.0000940 seconds
370.429: Application time: 0.2107420 seconds
370.429: [GC [PSYoungGen: 558256K->54816K(588800K)] 1623223K->1140350K(1751552K), 0.0323690 secs] [Times: user=0.23 sys=0.00, real=0.03 secs] 
370.461: Total time for which application threads were stopped: 0.0326040 seconds, Stopping threads took: 0.0001030 seconds
370.652: Application time: 0.1907760 seconds
370.652: [GC [PSYoungGen: 571424K->38800K(593408K)] 1656958K->1154540K(1756160K), 0.0291560 secs] [Times: user=0.23 sys=0.00, real=0.03 secs] 
370.681: [Full GC [PSYoungGen: 38800K->0K(593408K)] [ParOldGen: 1115740K->78296K(1165824K)] 1154540K->78296K(1759232K) [PSPermGen: 8885K->8885K(21504K)], 0.0847480 secs] [Times: user=0.60 sys=0.00, real=0.09 secs] 
370.766: Total time for which application threads were stopped: 0.1141750 seconds, Stopping threads took: 0.0000950 seconds
370.987: Application time: 0.2211160 seconds
370.987: [GC [PSYoungGen: 522240K->49360K(593920K)] 600536K->127656K(1759744K), 0.0219720 secs] [Times: user=0.17 sys=0.00, real=0.02 secs] 
371.009: Total time for which application threads were stopped: 0.0222160 seconds, Stopping threads took: 0.0001110 seconds
371.219: Application time: 0.2098990 seconds
371.219: [GC [PSYoungGen: 571600K->56240K(593408K)] 649896K->156501K(1759232K), 0.0331650 secs] [Times: user=0.26 sys=0.00, real=0.03 secs] 
371.253: Total time for which application threads were stopped: 0.0333900 seconds, Stopping threads took: 0.0001000 seconds
371.447: Application time: 0.1946240 seconds
371.448: [GC [PSYoungGen: 579504K->37360K(594432K)] 679765K->171651K(1760256K), 0.0284770 secs] [Times: user=0.23 sys=0.00, real=0.02 secs] 
371.476: Total time for which application threads were stopped: 0.0286870 seconds, Stopping threads took: 0.0000910 seconds
371.697: Application time: 0.2211060 seconds
371.701: [GC [PSYoungGen: 560624K->54128K(595456K)] 694915K->202866K(1761280K), 0.0294280 secs] [Times: user=0.23 sys=0.00, real=0.03 secs] 
371.730: Total time for which application threads were stopped: 0.0328860 seconds, Stopping threads took: 0.0033280 seconds
371.941: Application time: 0.2105420 seconds
371.941: [GC [PSYoungGen: 578928K->56912K(582144K)] 727666K->226068K(1747968K), 0.0331270 secs] [Times: user=0.26 sys=0.00, real=0.03 secs] 
371.974: Total time for which application threads were stopped: 0.0333870 seconds, Stopping threads took: 0.0001270 seconds
372.171: Application time: 0.1972110 seconds
372.171: [GC [PSYoungGen: 581712K->36800K(594944K)] 750868K->239501K(1760768K), 0.0283620 secs] [Times: user=0.22 sys=0.00, real=0.03 secs] 
372.200: Total time for which application threads were stopped: 0.0286030 seconds, Stopping threads took: 0.0001200 seconds
372.420: Application time: 0.2200160 seconds
372.420: [GC [PSYoungGen: 559552K->55264K(594944K)] 762253K->270185K(1760768K), 0.0291060 secs] [Times: user=0.22 sys=0.00, real=0.03 secs] 
372.449: Total time for which application threads were stopped: 0.0293410 seconds, Stopping threads took: 0.0001030 seconds
372.656: Application time: 0.2070450 seconds
372.656: [GC [PSYoungGen: 578016K->55216K(593920K)] 792937K->287254K(1759744K), 0.0303750 secs] [Times: user=0.24 sys=0.00, real=0.04 secs] 
372.687: Total time for which application threads were stopped: 0.0306110 seconds, Stopping threads took: 0.0001150 seconds
372.885: Application time: 0.1980570 seconds
372.885: [GC [PSYoungGen: 576944K->34912K(594432K)] 808982K->309450K(1760256K), 0.0326370 secs] [Times: user=0.24 sys=0.00, real=0.03 secs] 
372.918: Total time for which application threads were stopped: 0.0328700 seconds, Stopping threads took: 0.0001010 seconds
373.138: Application time: 0.2205660 seconds
373.139: [GC [PSYoungGen: 556640K->53936K(594432K)] 831178K->345345K(1760256K), 0.0298480 secs] [Times: user=0.23 sys=0.00, real=0.03 secs] 
373.168: Total time for which application threads were stopped: 0.0301030 seconds, Stopping threads took: 0.0001170 seconds
373.372: Application time: 0.2034880 seconds
373.372: [GC [PSYoungGen: 575664K->55696K(594432K)] 867073K->365892K(1760256K), 0.0320160 secs] [Times: user=0.25 sys=0.00, real=0.03 secs] 
373.404: Total time for which application threads were stopped: 0.0322520 seconds, Stopping threads took: 0.0001110 seconds
373.606: Application time: 0.2016830 seconds
373.606: [GC [PSYoungGen: 577424K->34512K(593408K)] 887620K->386380K(1759232K), 0.0315010 secs] [Times: user=0.25 sys=0.00, real=0.03 secs] 
373.638: Total time for which application threads were stopped: 0.0317280 seconds, Stopping threads took: 0.0001050 seconds
373.856: Application time: 0.2183770 seconds
373.856: [GC [PSYoungGen: 555216K->55264K(593920K)] 907084K->423395K(1759744K), 0.0309740 secs] [Times: user=0.24 sys=0.00, real=0.04 secs] 
373.887: Total time for which application threads were stopped: 0.0312100 seconds, Stopping threads took: 0.0001030 seconds
374.086: Application time: 0.1992350 seconds
374.087: [GC [PSYoungGen: 575968K->53200K(592896K)] 944099K->439058K(1758720K), 0.0308550 secs] [Times: user=0.24 sys=0.00, real=0.03 secs] 
374.117: Total time for which application threads were stopped: 0.0310680 seconds, Stopping threads took: 0.0000940 seconds
374.323: Application time: 0.2056410 seconds
374.323: [GC [PSYoungGen: 573904K->35248K(593408K)] 959762K->456775K(1759232K), 0.0295230 secs] [Times: user=0.23 sys=0.00, real=0.03 secs] 
374.353: Total time for which application threads were stopped: 0.0297680 seconds, Stopping threads took: 0.0001230 seconds
374.569: Application time: 0.2162650 seconds
374.573: [GC [PSYoungGen: 555952K->55184K(593408K)] 977479K->491530K(1759232K), 0.0300370 secs] [Times: user=0.24 sys=0.00, real=0.03 secs] 
374.603: Total time for which application threads were stopped: 0.0334700 seconds, Stopping threads took: 0.0033010 seconds
374.799: Application time: 0.1960750 seconds
374.799: [GC [PSYoungGen: 575888K->50336K(571392K)] 1012234K->505209K(1737216K), 0.0288170 secs] [Times: user=0.23 sys=0.00, real=0.03 secs] 
374.828: Total time for which application threads were stopped: 0.0290520 seconds, Stopping threads took: 0.0001160 seconds
375.040: Application time: 0.2120160 seconds
375.040: [GC [PSYoungGen: 571040K->36080K(592384K)] 1025913K->524774K(1758208K), 0.0289020 secs] [Times: user=0.22 sys=0.00, real=0.03 secs] 
375.069: Total time for which application threads were stopped: 0.0291160 seconds, Stopping threads took: 0.0000880 seconds
375.284: Application time: 0.2146700 seconds
375.284: [GC [PSYoungGen: 557296K->55824K(592384K)] 1045990K->560321K(1758208K), 0.0313050 secs] [Times: user=0.24 sys=0.00, real=0.03 secs] 
375.315: Total time for which application threads were stopped: 0.0315510 seconds, Stopping threads took: 0.0001100 seconds
375.510: Application time: 0.1953160 seconds
375.511: [GC [PSYoungGen: 577040K->45568K(592896K)] 1081537K->575224K(1758720K), 0.0288820 secs] [Times: user=0.23 sys=0.00, real=0.03 secs] 
375.540: Total time for which application threads were stopped: 0.0291210 seconds, Stopping threads took: 0.0001220 seconds
375.756: Application time: 0.2168730 seconds
375.757: [GC [PSYoungGen: 569344K->42384K(593920K)] 1099000K->599206K(1759744K), 0.0293890 secs] [Times: user=0.23 sys=0.00, real=0.03 secs] 
375.786: Total time for which application threads were stopped: 0.0296120 seconds, Stopping threads took: 0.0001070 seconds
375.930: Application time: 0.1444130 seconds
375.931: Total time for which application threads were stopped: 0.0001660 seconds, Stopping threads took: 0.0000930 seconds
376.015: Application time: 0.0847240 seconds
376.016: [GC [PSYoungGen: 566160K->41920K(595456K)] 1122982K->628850K(1761280K), 0.0309890 secs] [Times: user=0.24 sys=0.00, real=0.04 secs] 
376.047: Total time for which application threads were stopped: 0.0312120 seconds, Stopping threads took: 0.0001010 seconds
376.058: Application time: 0.0112780 seconds
376.058: Total time for which application threads were stopped: 0.0001690 seconds, Stopping threads took: 0.0001130 seconds
376.084: Application time: 0.0262600 seconds
376.084: Total time for which application threads were stopped: 0.0001370 seconds, Stopping threads took: 0.0000690 seconds
376.137: Application time: 0.0526540 seconds
376.137: Total time for which application threads were stopped: 0.0001350 seconds, Stopping threads took: 0.0000770 seconds
376.138: Application time: 0.0004900 seconds
376.138: Total time for which application threads were stopped: 0.0000570 seconds, Stopping threads took: 0.0000270 seconds
376.138: Application time: 0.0005470 seconds
376.138: Total time for which application threads were stopped: 0.0000380 seconds, Stopping threads took: 0.0000180 seconds
376.204: Application time: 0.0655840 seconds
376.204: Total time for which application threads were stopped: 0.0000640 seconds, Stopping threads took: 0.0000110 seconds
376.225: Application time: 0.0214620 seconds
376.226: Total time for which application threads were stopped: 0.0000660 seconds, Stopping threads took: 0.0000170 seconds
376.226: Application time: 0.0001130 seconds
376.226: Total time for which application threads were stopped: 0.0000360 seconds, Stopping threads took: 0.0000170 seconds
376.226: Application time: 0.0001030 seconds
376.226: Total time for which application threads were stopped: 0.0000360 seconds, Stopping threads took: 0.0000170 seconds
376.226: Application time: 0.0000670 seconds
376.226: Total time for which application threads were stopped: 0.0000360 seconds, Stopping threads took: 0.0000170 seconds
376.226: Application time: 0.0001940 seconds
376.226: Total time for which application threads were stopped: 0.0000370 seconds, Stopping threads took: 0.0000170 seconds
376.226: Application time: 0.0000700 seconds
376.226: Total time for which application threads were stopped: 0.0000130 seconds, Stopping threads took: 0.0000040 seconds
376.226: Application time: 0.0001050 seconds
376.226: Total time for which application threads were stopped: 0.0000120 seconds, Stopping threads took: 0.0000040 seconds
376.227: Application time: 0.0006350 seconds
376.227: Total time for which application threads were stopped: 0.0000400 seconds, Stopping threads took: 0.0000170 seconds
376.227: Application time: 0.0003490 seconds
376.227: Total time for which application threads were stopped: 0.0000920 seconds, Stopping threads took: 0.0000050 seconds
376.338: Application time: 0.1103990 seconds
376.338: Total time for which application threads were stopped: 0.0000680 seconds, Stopping threads took: 0.0000100 seconds
376.363: Application time: 0.0250080 seconds
376.363: Total time for which application threads were stopped: 0.0001370 seconds, Stopping threads took: 0.0000090 seconds
376.364: Application time: 0.0011280 seconds
376.364: Total time for which application threads were stopped: 0.0000230 seconds, Stopping threads took: 0.0000040 seconds
376.411: Application time: 0.0466230 seconds
376.411: Total time for which application threads were stopped: 0.0000590 seconds, Stopping threads took: 0.0000130 seconds
377.312: Application time: 0.9010690 seconds
377.312: Total time for which application threads were stopped: 0.0001140 seconds, Stopping threads took: 0.0000150 seconds
377.314: Application time: 0.0016870 seconds
377.314: Total time for which application threads were stopped: 0.0000260 seconds, Stopping threads took: 0.0000080 seconds
Heap
 PSYoungGen      total 595456K, used 394335K [0x00000000d7480000, 0x00000000ffc80000, 0x0000000100000000)
  eden space 528384K, 66% used [0x00000000d7480000,0x00000000ecca7c28,0x00000000f7880000)
  from space 67072K, 62% used [0x00000000fbb00000,0x00000000fe3f0020,0x00000000ffc80000)
  to   space 67584K, 0% used [0x00000000f7880000,0x00000000f7880000,0x00000000fba80000)
 ParOldGen       total 1165824K, used 586930K [0x0000000085e00000, 0x00000000cd080000, 0x00000000d7480000)
  object space 1165824K, 50% used [0x0000000085e00000,0x00000000a9b2cbc0,0x00000000cd080000)
 PSPermGen       total 21504K, used 15409K [0x0000000080c00000, 0x0000000082100000, 0x0000000085e00000)
  object space 21504K, 71% used [0x0000000080c00000,0x0000000081b0c7c0,0x0000000082100000)
377.314: Application time: 0.0001720 seconds
