Java HotSpot(TM) 64-Bit Server VM (24.80-b11) for linux-amd64 JRE (1.7.0_80-b15), built on Apr 10 2015 19:53:14 by "java_re" with gcc 4.3.0 20080428 (Red Hat 4.3.0-8)
Memory: 4k page, physical 8000092k(6188776k free), swap 8218620k(8218620k free)
CommandLine flags: -XX:InitialHeapSize=128001472 -XX:MaxHeapSize=2048023552 -XX:MaxNewSize=682274816 -XX:MaxTenuringThreshold=6 -XX:OldPLABSize=16 -XX:+PrintGC -XX:+PrintGCApplicationConcurrentTime -XX:+PrintGCApplicationStoppedTime -XX:+PrintGCDetails -XX:+PrintGCTimeStamps -XX:+UseCompressedOops -XX:+UseConcMarkSweepGC -XX:+UseParNewGC 
1.009: Application time: 0.9862750 seconds
1.009: Total time for which application threads were stopped: 0.0000430 seconds, Stopping threads took: 0.0000120 seconds
4.029: Application time: 3.0192300 seconds
4.029: Total time for which application threads were stopped: 0.0000710 seconds, Stopping threads took: 0.0000130 seconds
14.893: Application time: 10.8642120 seconds
14.893: Total time for which application threads were stopped: 0.0000330 seconds, Stopping threads took: 0.0000180 seconds
14.893: Application time: 0.0000760 seconds
14.893: Total time for which application threads were stopped: 0.0000240 seconds, Stopping threads took: 0.0000070 seconds
14.895: Application time: 0.0014710 seconds
14.895: Total time for which application threads were stopped: 0.0000230 seconds, Stopping threads took: 0.0000170 seconds
14.912: Application time: 0.0177990 seconds
14.912: Total time for which application threads were stopped: 0.0000400 seconds, Stopping threads took: 0.0000110 seconds
14.925: Application time: 0.0123430 seconds
14.925: [Full GC14.925: [CMS: 0K->3177K(83392K), 0.0150310 secs] 11088K->3177K(120896K), [CMS Perm : 5077K->5076K(21248K)], 0.0151030 secs] [Times: user=0.02 sys=0.00, real=0.02 secs] 
14.940: Total time for which application threads were stopped: 0.0151740 seconds, Stopping threads took: 0.0000180 seconds
14.940: Application time: 0.0000850 seconds
14.940: [Full GC14.940: [CMS: 3177K->3177K(83392K), 0.0083910 secs] 3177K->3177K(120960K), [CMS Perm : 5076K->5076K(21248K)], 0.0084310 secs] [Times: user=0.01 sys=0.00, real=0.01 secs] 
14.949: Total time for which application threads were stopped: 0.0085070 seconds, Stopping threads took: 0.0000250 seconds
14.949: Application time: 0.0001980 seconds
14.949: Total time for which application threads were stopped: 0.0000240 seconds, Stopping threads took: 0.0000120 seconds
14.949: Application time: 0.0000860 seconds
14.949: Total time for which application threads were stopped: 0.0000250 seconds, Stopping threads took: 0.0000180 seconds
14.949: Application time: 0.0000850 seconds
14.949: Total time for which application threads were stopped: 0.0000570 seconds, Stopping threads took: 0.0000380 seconds
14.949: Application time: 0.0000380 seconds
14.949: Total time for which application threads were stopped: 0.0000170 seconds, Stopping threads took: 0.0000130 seconds
14.949: Application time: 0.0000350 seconds
14.949: Total time for which application threads were stopped: 0.0000190 seconds, Stopping threads took: 0.0000150 seconds
14.949: Application time: 0.0000320 seconds
14.949: Total time for which application threads were stopped: 0.0000180 seconds, Stopping threads took: 0.0000140 seconds
14.949: Application time: 0.0000320 seconds
14.949: Total time for which application threads were stopped: 0.0000200 seconds, Stopping threads took: 0.0000160 seconds
14.949: Application time: 0.0000110 seconds
14.949: Total time for which application threads were stopped: 0.0000160 seconds, Stopping threads took: 0.0000120 seconds
14.949: Application time: 0.0000100 seconds
14.949: Total time for which application threads were stopped: 0.0000080 seconds, Stopping threads took: 0.0000050 seconds
14.949: Application time: 0.0000100 seconds
14.949: Total time for which application threads were stopped: 0.0000140 seconds, Stopping threads took: 0.0000100 seconds
14.949: Application time: 0.0000100 seconds
14.949: Total time for which application threads were stopped: 0.0000140 seconds, Stopping threads took: 0.0000100 seconds
14.949: Application time: 0.0000100 seconds
14.949: Total time for which application threads were stopped: 0.0000160 seconds, Stopping threads took: 0.0000120 seconds
14.949: Application time: 0.0000090 seconds
14.949: Total time for which application threads were stopped: 0.0000120 seconds, Stopping threads took: 0.0000080 seconds
14.949: Application time: 0.0000090 seconds
14.949: Total time for which application threads were stopped: 0.0000120 seconds, Stopping threads took: 0.0000080 seconds
14.949: Application time: 0.0000100 seconds
14.949: Total time for which application threads were stopped: 0.0000120 seconds, Stopping threads took: 0.0000090 seconds
14.950: Application time: 0.0000100 seconds
14.950: Total time for which application threads were stopped: 0.0000130 seconds, Stopping threads took: 0.0000100 seconds
14.950: Application time: 0.0000090 seconds
14.950: Total time for which application threads were stopped: 0.0000150 seconds, Stopping threads took: 0.0000110 seconds
14.950: Application time: 0.0000100 seconds
14.950: Total time for which application threads were stopped: 0.0000150 seconds, Stopping threads took: 0.0000110 seconds
14.950: Application time: 0.0000090 seconds
14.950: Total time for which application threads were stopped: 0.0000130 seconds, Stopping threads took: 0.0000090 seconds
14.950: Application time: 0.0000100 seconds
14.950: Total time for which application threads were stopped: 0.0000270 seconds, Stopping threads took: 0.0000130 seconds
14.952: Application time: 0.0024310 seconds
14.952: Total time for which application threads were stopped: 0.0000160 seconds, Stopping threads took: 0.0000100 seconds
14.952: Application time: 0.0000680 seconds
14.952: Total time for which application threads were stopped: 0.0000480 seconds, Stopping threads took: 0.0000370 seconds
14.953: Application time: 0.0005050 seconds
14.953: Total time for which application threads were stopped: 0.0000260 seconds, Stopping threads took: 0.0000160 seconds
14.960: Application time: 0.0071470 seconds
14.960: Total time for which application threads were stopped: 0.0001150 seconds, Stopping threads took: 0.0000950 seconds
15.049: Application time: 0.0887630 seconds
15.052: [GC15.052: [ParNew: 33408K->4160K(37568K), 0.0016100 secs] 36585K->9154K(120960K), 0.0016550 secs] [Times: user=0.00 sys=0.00, real=0.00 secs] 
15.053: Total time for which application threads were stopped: 0.0045870 seconds, Stopping threads took: 0.0028500 seconds
15.054: Application time: 0.0001780 seconds
15.054: Total time for which application threads were stopped: 0.0002580 seconds, Stopping threads took: 0.0002430 seconds
15.054: Application time: 0.0000330 seconds
15.055: Total time for which application threads were stopped: 0.0014760 seconds, Stopping threads took: 0.0014670 seconds
15.055: Application time: 0.0000230 seconds
15.058: Total time for which application threads were stopped: 0.0030120 seconds, Stopping threads took: 0.0030030 seconds
15.058: Application time: 0.0000180 seconds
15.058: Total time for which application threads were stopped: 0.0000270 seconds, Stopping threads took: 0.0000210 seconds
15.058: Application time: 0.0000160 seconds
15.060: Total time for which application threads were stopped: 0.0014880 seconds, Stopping threads took: 0.0014830 seconds
15.060: Application time: 0.0000140 seconds
15.060: Total time for which application threads were stopped: 0.0000250 seconds, Stopping threads took: 0.0000190 seconds
15.060: Application time: 0.0000280 seconds
15.060: Total time for which application threads were stopped: 0.0000200 seconds, Stopping threads took: 0.0000140 seconds
15.060: Application time: 0.0000150 seconds
15.060: Total time for which application threads were stopped: 0.0000090 seconds, Stopping threads took: 0.0000050 seconds
15.060: Application time: 0.0000140 seconds
15.060: Total time for which application threads were stopped: 0.0000100 seconds, Stopping threads took: 0.0000050 seconds
15.060: Application time: 0.0000190 seconds
15.061: Total time for which application threads were stopped: 0.0014250 seconds, Stopping threads took: 0.0014180 seconds
15.062: Application time: 0.0000130 seconds
15.062: Total time for which application threads were stopped: 0.0000080 seconds, Stopping threads took: 0.0000030 seconds
15.062: Application time: 0.0000130 seconds
15.063: Total time for which application threads were stopped: 0.0014760 seconds, Stopping threads took: 0.0014700 seconds
15.092: Application time: 0.0288150 seconds
15.093: [GC15.093: [ParNew: 37568K->4158K(37568K), 0.0019400 secs] 42562K->12604K(120960K), 0.0019930 secs] [Times: user=0.01 sys=0.00, real=0.01 secs] 
15.095: Total time for which application threads were stopped: 0.0032940 seconds, Stopping threads took: 0.0012350 seconds
15.125: Application time: 0.0297180 seconds
15.126: [GC15.126: [ParNew: 37566K->4158K(37568K), 0.0020940 secs] 46012K->15702K(120960K), 0.0021390 secs] [Times: user=0.01 sys=0.00, real=0.01 secs] 
15.129: Total time for which application threads were stopped: 0.0037460 seconds, Stopping threads took: 0.0015420 seconds
15.159: Application time: 0.0302710 seconds
15.160: [GC15.160: [ParNew: 37566K->4159K(37568K), 0.0019250 secs] 49110K->17822K(120960K), 0.0019680 secs] [Times: user=0.01 sys=0.00, real=0.00 secs] 
15.162: Total time for which application threads were stopped: 0.0030050 seconds, Stopping threads took: 0.0009730 seconds
15.192: Application time: 0.0304660 seconds
15.195: [GC15.195: [ParNew: 37567K->4158K(37568K), 0.0020030 secs] 51230K->20651K(120960K), 0.0020530 secs] [Times: user=0.02 sys=0.00, real=0.01 secs] 
15.197: Total time for which application threads were stopped: 0.0043330 seconds, Stopping threads took: 0.0022230 seconds
15.227: Application time: 0.0300040 seconds
15.229: [GC15.229: [ParNew: 37566K->4158K(37568K), 0.0019810 secs] 54059K->23371K(120960K), 0.0020250 secs] [Times: user=0.01 sys=0.00, real=0.00 secs] 
15.231: Total time for which application threads were stopped: 0.0046890 seconds, Stopping threads took: 0.0026000 seconds
15.262: Application time: 0.0305510 seconds
15.264: [GC15.264: [ParNew: 37566K->4158K(37568K), 0.0017230 secs] 56779K->25021K(120960K), 0.0017680 secs] [Times: user=0.00 sys=0.00, real=0.00 secs] 
15.266: Total time for which application threads were stopped: 0.0043080 seconds, Stopping threads took: 0.0024740 seconds
15.296: Application time: 0.0299140 seconds
15.299: [GC15.299: [ParNew: 37566K->4159K(37568K), 0.0019460 secs] 58429K->27572K(120960K), 0.0019870 secs] [Times: user=0.01 sys=0.01, real=0.00 secs] 
15.301: Total time for which application threads were stopped: 0.0046030 seconds, Stopping threads took: 0.0025540 seconds
15.331: Application time: 0.0300370 seconds
15.332: [GC15.332: [ParNew: 37567K->4158K(37568K), 0.0017110 secs] 60980K->29058K(120960K), 0.0017520 secs] [Times: user=0.01 sys=0.00, real=0.00 secs] 
15.334: Total time for which application threads were stopped: 0.0033530 seconds, Stopping threads took: 0.0015360 seconds
15.364: Application time: 0.0297450 seconds
15.366: [GC15.366: [ParNew: 37566K->4158K(37568K), 0.0021560 secs] 62466K->32256K(120960K), 0.0022030 secs] [Times: user=0.02 sys=0.00, real=0.01 secs] 
15.368: Total time for which application threads were stopped: 0.0040920 seconds, Stopping threads took: 0.0018240 seconds
15.398: Application time: 0.0298010 seconds
15.398: [GC15.399: [ParNew: 37566K->4158K(37568K), 0.0012860 secs] 65664K->32298K(120960K), 0.0013260 secs] [Times: user=0.01 sys=0.00, real=0.00 secs] 
15.400: Total time for which application threads were stopped: 0.0020640 seconds, Stopping threads took: 0.0006660 seconds
15.430: Application time: 0.0302950 seconds
15.431: [GC15.431: [ParNew: 37566K->4158K(37568K), 0.0016450 secs] 65706K->33355K(120960K), 0.0016900 secs] [Times: user=0.01 sys=0.00, real=0.00 secs] 
15.433: Total time for which application threads were stopped: 0.0026050 seconds, Stopping threads took: 0.0008280 seconds
15.464: Application time: 0.0315770 seconds
15.466: [GC15.466: [ParNew: 37566K->3239K(37568K), 0.0010420 secs] 66763K->32436K(120960K), 0.0010790 secs] [Times: user=0.01 sys=0.00, real=0.01 secs] 
15.467: Total time for which application threads were stopped: 0.0031050 seconds, Stopping threads took: 0.0019560 seconds
15.498: Application time: 0.0304040 seconds
15.499: [GC15.499: [ParNew: 36647K->4159K(37568K), 0.0018990 secs] 65844K->35387K(120960K), 0.0019450 secs] [Times: user=0.01 sys=0.00, real=0.00 secs] 
15.501: Total time for which application threads were stopped: 0.0029480 seconds, Stopping threads took: 0.0009400 seconds
15.531: Application time: 0.0298230 seconds
15.532: [GC15.532: [ParNew: 37567K->4158K(37568K), 0.0017980 secs] 68795K->37371K(120960K), 0.0018400 secs] [Times: user=0.01 sys=0.00, real=0.00 secs] 
15.534: Total time for which application threads were stopped: 0.0033250 seconds, Stopping threads took: 0.0014210 seconds
15.563: Application time: 0.0290110 seconds
15.565: [GC15.565: [ParNew: 37566K->4159K(37568K), 0.0019970 secs] 70779K->39892K(120960K), 0.0020400 secs] [Times: user=0.01 sys=0.00, real=0.01 secs] 
15.567: Total time for which application threads were stopped: 0.0037330 seconds, Stopping threads took: 0.0016270 seconds
15.596: Application time: 0.0292820 seconds
15.598: [GC15.598: [ParNew: 37567K->4159K(37568K), 0.0021610 secs] 73300K->43204K(120960K), 0.0022010 secs] [Times: user=0.01 sys=0.00, real=0.00 secs] 
15.600: Total time for which application threads were stopped: 0.0040460 seconds, Stopping threads took: 0.0017850 seconds
15.630: Application time: 0.0298420 seconds
15.632: [GC15.632: [ParNew: 37567K->4159K(37568K), 0.0018710 secs] 76612K->45232K(120960K), 0.0019140 secs] [Times: user=0.01 sys=0.00, real=0.00 secs] 
15.634: Total time for which application threads were stopped: 0.0041240 seconds, Stopping threads took: 0.0021420 seconds
15.665: Application time: 0.0310310 seconds
15.668: [GC15.668: [ParNew: 37567K->4159K(37568K), 0.0024580 secs] 78640K->48982K(120960K), 0.0025040 secs] [Times: user=0.02 sys=0.00, real=0.00 secs] 
15.670: Total time for which application threads were stopped: 0.0051920 seconds, Stopping threads took: 0.0026170 seconds
15.670: Application time: 0.0000690 seconds
15.671: [GC [1 CMS-initial-mark: 44823K(83392K)] 49277K(120960K), 0.0002250 secs] [Times: user=0.00 sys=0.00, real=0.00 secs] 
15.671: Total time for which application threads were stopped: 0.0006510 seconds, Stopping threads took: 0.0003950 seconds
15.671: [CMS-concurrent-mark-start]
15.675: [CMS-concurrent-mark: 0.004/0.004 secs] [Times: user=0.03 sys=0.00, real=0.01 secs] 
15.675: [CMS-concurrent-preclean-start]
15.676: [CMS-concurrent-preclean: 0.000/0.000 secs] [Times: user=0.00 sys=0.00, real=0.00 secs] 
15.676: [CMS-concurrent-abortable-preclean-start]
15.704: Application time: 0.0331610 seconds
15.706: [GC15.706: [ParNew: 37567K->4158K(37568K), 0.0024750 secs] 82390K->52595K(120960K), 0.0025230 secs] [Times: user=0.02 sys=0.00, real=0.01 secs] 
15.709: Total time for which application threads were stopped: 0.0046540 seconds, Stopping threads took: 0.0020580 seconds
15.739: Application time: 0.0303010 seconds
15.743: [GC15.743: [ParNew: 37566K->4159K(37568K), 0.0022720 secs] 86003K->56077K(120960K), 0.0023170 secs] [Times: user=0.02 sys=0.00, real=0.00 secs] 
15.745: Total time for which application threads were stopped: 0.0059890 seconds, Stopping threads took: 0.0036040 seconds
15.775: Application time: 0.0296950 seconds
15.777: [GC15.777: [ParNew: 37567K->4159K(37568K), 0.0021460 secs] 89485K->59502K(120960K), 0.0021880 secs] [Times: user=0.02 sys=0.00, real=0.00 secs] 
15.780: Total time for which application threads were stopped: 0.0047810 seconds, Stopping threads took: 0.0025310 seconds
15.810: Application time: 0.0301030 seconds
15.812: [GC15.812: [ParNew: 37566K->4158K(37568K), 0.0017350 secs] 92909K->60984K(120960K), 0.0017760 secs] [Times: user=0.00 sys=0.00, real=0.00 secs] 
15.814: Total time for which application threads were stopped: 0.0038850 seconds, Stopping threads took: 0.0020460 seconds
15.843: Application time: 0.0295360 seconds
15.845: [GC15.845: [ParNew: 37566K->4158K(37568K), 0.0019410 secs] 94392K->63370K(120960K), 0.0019850 secs] [Times: user=0.02 sys=0.00, real=0.01 secs] 
15.847: Total time for which application threads were stopped: 0.0037290 seconds, Stopping threads took: 0.0016710 seconds
15.876: Application time: 0.0296780 seconds
15.878: [GC15.878: [ParNew: 37566K->4159K(37568K), 0.0019220 secs] 96778K->65625K(120960K), 0.0019640 secs] [Times: user=0.01 sys=0.00, real=0.00 secs] 
15.880: Total time for which application threads were stopped: 0.0035240 seconds, Stopping threads took: 0.0014960 seconds
15.908: Application time: 0.0284560 seconds
15.911: [GC15.911: [ParNew: 37567K->4158K(37568K), 0.0020630 secs] 99033K->68707K(120960K), 0.0021100 secs] [Times: user=0.02 sys=0.00, real=0.00 secs] 
15.914: Total time for which application threads were stopped: 0.0050870 seconds, Stopping threads took: 0.0029030 seconds
15.943: Application time: 0.0291530 seconds
15.945: [GC15.945: [ParNew: 37566K->4158K(37568K), 0.0020890 secs] 102115K->71765K(120960K), 0.0021340 secs] [Times: user=0.01 sys=0.00, real=0.01 secs] 
15.947: Total time for which application threads were stopped: 0.0046960 seconds, Stopping threads took: 0.0024980 seconds
15.977: Application time: 0.0291460 seconds
15.979: [GC15.979: [ParNew: 37565K->4158K(37568K), 0.0018450 secs] 105173K->73704K(120960K), 0.0018880 secs] [Times: user=0.01 sys=0.01, real=0.00 secs] 
15.981: Total time for which application threads were stopped: 0.0041520 seconds, Stopping threads took: 0.0022000 seconds
16.010: Application time: 0.0292960 seconds
16.012: [GC16.012: [ParNew: 37566K->4158K(37568K), 0.0020710 secs] 107112K->76597K(120960K), 0.0021150 secs] [Times: user=0.01 sys=0.01, real=0.00 secs] 
16.014: Total time for which application threads were stopped: 0.0042150 seconds, Stopping threads took: 0.0020350 seconds
16.044: Application time: 0.0296020 seconds
16.046: [GC16.046: [ParNew: 37566K->4159K(37568K), 0.0020740 secs] 110005K->79393K(120960K), 0.0021180 secs] [Times: user=0.01 sys=0.00, real=0.01 secs] 
16.048: Total time for which application threads were stopped: 0.0041420 seconds, Stopping threads took: 0.0019570 seconds
16.078: Application time: 0.0297440 seconds
16.080: [GC16.080: [ParNew: 37567K->4158K(37568K), 0.0020050 secs] 112801K->81956K(120960K), 0.0020470 secs] [Times: user=0.01 sys=0.00, real=0.00 secs] 
16.082: Total time for which application threads were stopped: 0.0039320 seconds, Stopping threads took: 0.0017980 seconds
16.109: Application time: 0.0277870 seconds
16.112: [GC16.112: [ParNew: 37566K->4158K(37568K), 0.0018800 secs] 115364K->84256K(120960K), 0.0019240 secs] [Times: user=0.01 sys=0.01, real=0.00 secs] 
16.114: Total time for which application threads were stopped: 0.0044120 seconds, Stopping threads took: 0.0024230 seconds
16.144: Application time: 0.0302000 seconds
16.146: [GC16.146: [ParNew: 37566K->4158K(37568K), 0.0021900 secs] 117664K->87244K(121344K), 0.0022320 secs] [Times: user=0.02 sys=0.00, real=0.01 secs] 
16.148: Total time for which application threads were stopped: 0.0042340 seconds, Stopping threads took: 0.0019390 seconds
16.177: Application time: 0.0287570 seconds
16.179: [GC16.179: [ParNew: 37566K->4158K(37568K), 0.0023280 secs] 120652K->90923K(124992K), 0.0023710 secs] [Times: user=0.01 sys=0.00, real=0.00 secs] 
16.181: Total time for which application threads were stopped: 0.0042830 seconds, Stopping threads took: 0.0018280 seconds
16.209: Application time: 0.0281260 seconds
16.211: [GC16.211: [ParNew: 37566K->4158K(37568K), 0.0024120 secs] 124331K->94432K(128640K), 0.0024530 secs] [Times: user=0.01 sys=0.00, real=0.00 secs] 
16.214: Total time for which application threads were stopped: 0.0041470 seconds, Stopping threads took: 0.0016280 seconds
16.243: Application time: 0.0289450 seconds
16.245: [GC16.245: [ParNew: 37566K->4158K(37568K), 0.0019760 secs] 127840K->96767K(130752K), 0.0020180 secs] [Times: user=0.01 sys=0.00, real=0.01 secs] 
16.247: Total time for which application threads were stopped: 0.0042990 seconds, Stopping threads took: 0.0022160 seconds
16.276: Application time: 0.0291930 seconds
16.277: [GC16.277: [ParNew: 37566K->4159K(37568K), 0.0017230 secs] 130175K->97977K(132096K), 0.0017740 secs] [Times: user=0.01 sys=0.00, real=0.00 secs] 
16.279: Total time for which application threads were stopped: 0.0031940 seconds, Stopping threads took: 0.0013560 seconds
16.309: Application time: 0.0293630 seconds
16.311: [GC16.311: [ParNew: 37567K->4159K(37568K), 0.0023040 secs] 131385K->101117K(135168K), 0.0023470 secs] [Times: user=0.01 sys=0.01, real=0.00 secs] 
16.313: Total time for which application threads were stopped: 0.0046060 seconds, Stopping threads took: 0.0021930 seconds
16.341: Application time: 0.0281420 seconds
16.343: [GC16.343: [ParNew: 37567K->4159K(37568K), 0.0021390 secs] 134525K->104147K(138240K), 0.0021810 secs] [Times: user=0.01 sys=0.01, real=0.00 secs] 
16.346: Total time for which application threads were stopped: 0.0041980 seconds, Stopping threads took: 0.0019320 seconds
16.375: Application time: 0.0290550 seconds
16.377: [GC16.377: [ParNew: 37567K->4158K(37568K), 0.0021300 secs] 137555K->107079K(141312K), 0.0021730 secs] [Times: user=0.01 sys=0.00, real=0.00 secs] 
16.379: Total time for which application threads were stopped: 0.0041210 seconds, Stopping threads took: 0.0018860 seconds
16.408: Application time: 0.0288320 seconds
16.409: [GC16.409: [ParNew: 37566K->4159K(37568K), 0.0022600 secs] 140487K->109917K(144192K), 0.0023040 secs] [Times: user=0.01 sys=0.00, real=0.00 secs] 
16.412: Total time for which application threads were stopped: 0.0040600 seconds, Stopping threads took: 0.0016920 seconds
16.441: Application time: 0.0295390 seconds
16.443: [GC16.443: [ParNew: 37567K->4159K(37568K), 0.0023480 secs] 143325K->113644K(147840K), 0.0023930 secs] [Times: user=0.01 sys=0.00, real=0.00 secs] 
16.445: Total time for which application threads were stopped: 0.0041150 seconds, Stopping threads took: 0.0016520 seconds
16.474: Application time: 0.0290400 seconds
16.477: [GC16.477: [ParNew: 37567K->4159K(37568K), 0.0023160 secs] 147052K->117312K(151488K), 0.0023600 secs] [Times: user=0.00 sys=0.01, real=0.00 secs] 
16.479: Total time for which application threads were stopped: 0.0047530 seconds, Stopping threads took: 0.0023270 seconds
16.510: Application time: 0.0307000 seconds
16.512: [GC16.512: [ParNew: 37567K->4159K(37568K), 0.0024150 secs] 150720K->120811K(155136K), 0.0024570 secs] [Times: user=0.01 sys=0.01, real=0.01 secs] 
16.515: Total time for which application threads were stopped: 0.0051470 seconds, Stopping threads took: 0.0026260 seconds
16.545: Application time: 0.0303010 seconds
16.547: [GC16.547: [ParNew: 37567K->4159K(37568K), 0.0021360 secs] 154219K->123317K(157632K), 0.0021800 secs] [Times: user=0.01 sys=0.00, real=0.00 secs] 
16.549: Total time for which application threads were stopped: 0.0039460 seconds, Stopping threads took: 0.0017000 seconds
16.579: Application time: 0.0299750 seconds
16.580: [GC16.580: [ParNew: 37567K->4159K(37568K), 0.0017980 secs] 156725K->124813K(159168K), 0.0018390 secs] [Times: user=0.01 sys=0.00, real=0.00 secs] 
16.582: Total time for which application threads were stopped: 0.0031490 seconds, Stopping threads took: 0.0012430 seconds
16.612: Application time: 0.0297780 seconds
16.614: [GC16.614: [ParNew: 37567K->4159K(37568K), 0.0023570 secs] 158221K->128130K(162432K), 0.0024000 secs] [Times: user=0.02 sys=0.00, real=0.01 secs] 
16.616: Total time for which application threads were stopped: 0.0040190 seconds, Stopping threads took: 0.0015530 seconds
16.646: Application time: 0.0294760 seconds
16.648: [GC16.648: [ParNew: 37567K->4158K(37568K), 0.0020480 secs] 161538K->130197K(164352K), 0.0020900 secs] [Times: user=0.02 sys=0.00, real=0.00 secs] 
16.650: Total time for which application threads were stopped: 0.0040440 seconds, Stopping threads took: 0.0018680 seconds
16.678: Application time: 0.0285610 seconds
16.680: [GC16.680: [ParNew: 37566K->4159K(37568K), 0.0021990 secs] 163605K->132998K(167232K), 0.0022430 secs] [Times: user=0.01 sys=0.00, real=0.00 secs] 
16.683: Total time for which application threads were stopped: 0.0043770 seconds, Stopping threads took: 0.0020700 seconds
16.713: Application time: 0.0303540 seconds
16.715: [GC16.715: [ParNew: 37567K->4158K(37568K), 0.0019130 secs] 166406K->134593K(168960K), 0.0019750 secs] [Times: user=0.01 sys=0.01, real=0.01 secs] 
16.717: Total time for which application threads were stopped: 0.0035810 seconds, Stopping threads took: 0.0015390 seconds
16.747: Application time: 0.0302890 seconds
16.748: [GC16.748: [ParNew: 37566K->4159K(37568K), 0.0020920 secs] 168001K->137114K(171456K), 0.0021360 secs] [Times: user=0.02 sys=0.00, real=0.00 secs] 
16.750: Total time for which application threads were stopped: 0.0036520 seconds, Stopping threads took: 0.0014530 seconds
16.780: Application time: 0.0290960 seconds
16.781: [GC16.781: [ParNew: 37567K->4159K(37568K), 0.0022020 secs] 170522K->139653K(173760K), 0.0022460 secs] [Times: user=0.01 sys=0.00, real=0.00 secs] 
16.783: Total time for which application threads were stopped: 0.0035760 seconds, Stopping threads took: 0.0012630 seconds
16.814: Application time: 0.0303940 seconds
16.816: [GC16.816: [ParNew: 37567K->4158K(37568K), 0.0020560 secs] 173061K->142072K(176448K), 0.0021000 secs] [Times: user=0.01 sys=0.01, real=0.00 secs] 
16.818: Total time for which application threads were stopped: 0.0044250 seconds, Stopping threads took: 0.0022620 seconds
16.847: Application time: 0.0285500 seconds
16.848: [GC16.848: [ParNew: 37566K->4159K(37568K), 0.0019890 secs] 175480K->144369K(178560K), 0.0020330 secs] [Times: user=0.01 sys=0.00, real=0.00 secs] 
16.850: Total time for which application threads were stopped: 0.0034730 seconds, Stopping threads took: 0.0013740 seconds
16.879: Application time: 0.0293350 seconds
16.880: [GC16.880: [ParNew: 37567K->4158K(37568K), 0.0022310 secs] 177777K->147504K(181824K), 0.0022720 secs] [Times: user=0.01 sys=0.00, real=0.00 secs] 
16.882: Total time for which application threads were stopped: 0.0028090 seconds, Stopping threads took: 0.0004720 seconds
16.912: Application time: 0.0298450 seconds
16.914: [GC16.914: [ParNew: 37566K->4159K(37568K), 0.0020580 secs] 180912K->149590K(183936K), 0.0021020 secs] [Times: user=0.02 sys=0.00, real=0.01 secs] 
16.916: Total time for which application threads were stopped: 0.0040700 seconds, Stopping threads took: 0.0019020 seconds
16.945: Application time: 0.0291940 seconds
16.948: [GC16.948: [ParNew: 37567K->4158K(37568K), 0.0019680 secs] 182998K->151629K(186048K), 0.0020100 secs] [Times: user=0.01 sys=0.00, real=0.00 secs] 
16.950: Total time for which application threads were stopped: 0.0046710 seconds, Stopping threads took: 0.0025890 seconds
16.979: Application time: 0.0294200 seconds
16.981: [GC16.981: [ParNew: 37566K->4158K(37568K), 0.0021480 secs] 185037K->154428K(188736K), 0.0021890 secs] [Times: user=0.01 sys=0.00, real=0.00 secs] 
16.983: Total time for which application threads were stopped: 0.0036320 seconds, Stopping threads took: 0.0013790 seconds
17.013: Application time: 0.0296820 seconds
17.014: [GC17.014: [ParNew: 37566K->4158K(37568K), 0.0021280 secs] 187836K->157123K(191424K), 0.0021710 secs] [Times: user=0.02 sys=0.00, real=0.01 secs] 
17.016: Total time for which application threads were stopped: 0.0036930 seconds, Stopping threads took: 0.0014580 seconds
17.044: Application time: 0.0272850 seconds
17.046: [GC17.046: [ParNew: 37564K->4158K(37568K), 0.0023650 secs] 190530K->160593K(195072K), 0.0024060 secs] [Times: user=0.01 sys=0.00, real=0.01 secs] 
17.048: Total time for which application threads were stopped: 0.0044910 seconds, Stopping threads took: 0.0020210 seconds
17.079: Application time: 0.0310960 seconds
17.082: [GC17.082: [ParNew: 37566K->4159K(37568K), 0.0023460 secs] 194001K->163801K(198336K), 0.0023890 secs] [Times: user=0.01 sys=0.00, real=0.00 secs] 
17.084: Total time for which application threads were stopped: 0.0051180 seconds, Stopping threads took: 0.0026660 seconds
17.114: Application time: 0.0295200 seconds
17.116: [GC17.116: [ParNew: 37567K->4158K(37568K), 0.0023020 secs] 197209K->166822K(201408K), 0.0023410 secs] [Times: user=0.01 sys=0.00, real=0.00 secs] 
17.118: Total time for which application threads were stopped: 0.0043770 seconds, Stopping threads took: 0.0019660 seconds
17.149: Application time: 0.0303100 seconds
17.150: [GC17.150: [ParNew: 37566K->4158K(37568K), 0.0024980 secs] 200230K->170651K(205056K), 0.0025420 secs] [Times: user=0.02 sys=0.00, real=0.00 secs] 
17.153: Total time for which application threads were stopped: 0.0043600 seconds, Stopping threads took: 0.0017550 seconds
17.182: Application time: 0.0286480 seconds
17.183: [GC17.183: [ParNew: 37566K->4159K(37568K), 0.0025450 secs] 204059K->174240K(208704K), 0.0025840 secs] [Times: user=0.02 sys=0.00, real=0.00 secs] 
17.185: Total time for which application threads were stopped: 0.0038370 seconds, Stopping threads took: 0.0011890 seconds
17.217: Application time: 0.0311340 seconds
17.219: [GC17.219: [ParNew: 37567K->4158K(37568K), 0.0022600 secs] 207648K->176703K(211392K), 0.0023020 secs] [Times: user=0.01 sys=0.00, real=0.00 secs] 
17.221: Total time for which application threads were stopped: 0.0044120 seconds, Stopping threads took: 0.0020420 seconds
17.252: Application time: 0.0306490 seconds
17.253: [GC17.253: [ParNew: 37566K->4159K(37568K), 0.0024020 secs] 210111K->179986K(214464K), 0.0024480 secs] [Times: user=0.02 sys=0.00, real=0.01 secs] 
17.256: Total time for which application threads were stopped: 0.0040090 seconds, Stopping threads took: 0.0014950 seconds
17.287: Application time: 0.0308870 seconds
17.288: [GC17.289: [ParNew: 37567K->4159K(37568K), 0.0024660 secs] 213394K->183101K(217728K), 0.0025100 secs] [Times: user=0.01 sys=0.00, real=0.00 secs] 
17.291: Total time for which application threads were stopped: 0.0045140 seconds, Stopping threads took: 0.0019370 seconds
17.323: Application time: 0.0315900 seconds
17.325: [GC17.325: [ParNew: 37567K->4158K(37568K), 0.0021050 secs] 216509K->185127K(219648K), 0.0021480 secs] [Times: user=0.01 sys=0.01, real=0.01 secs] 
17.327: Total time for which application threads were stopped: 0.0043840 seconds, Stopping threads took: 0.0021710 seconds
17.359: Application time: 0.0318980 seconds
17.363: [GC17.363: [ParNew: 37566K->4158K(37568K), 0.0021420 secs] 218535K->187134K(221760K), 0.0021850 secs] [Times: user=0.01 sys=0.00, real=0.00 secs] 
17.365: Total time for which application threads were stopped: 0.0060090 seconds, Stopping threads took: 0.0037580 seconds
17.397: Application time: 0.0316690 seconds
17.399: [GC17.399: [ParNew: 37566K->4159K(37568K), 0.0022820 secs] 220542K->190105K(224448K), 0.0023260 secs] [Times: user=0.01 sys=0.01, real=0.00 secs] 
17.401: Total time for which application threads were stopped: 0.0047220 seconds, Stopping threads took: 0.0023290 seconds
17.433: Application time: 0.0315860 seconds
17.435: [GC17.435: [ParNew: 37567K->4159K(37568K), 0.0022560 secs] 223513K->192990K(227520K), 0.0023010 secs] [Times: user=0.01 sys=0.00, real=0.00 secs] 
17.437: Total time for which application threads were stopped: 0.0044010 seconds, Stopping threads took: 0.0020350 seconds
17.469: Application time: 0.0317800 seconds
17.471: [GC17.471: [ParNew: 37566K->4158K(37568K), 0.0026450 secs] 226397K->196696K(231168K), 0.0026880 secs] [Times: user=0.01 sys=0.00, real=0.00 secs] 
17.473: Total time for which application threads were stopped: 0.0044000 seconds, Stopping threads took: 0.0016380 seconds
17.505: Application time: 0.0313510 seconds
17.507: [GC17.507: [ParNew: 37566K->4159K(37568K), 0.0020660 secs] 230104K->198459K(233280K), 0.0021110 secs] [Times: user=0.01 sys=0.01, real=0.00 secs] 
17.509: Total time for which application threads were stopped: 0.0039930 seconds, Stopping threads took: 0.0018220 seconds
17.539: Application time: 0.0304200 seconds
17.541: [GC17.541: [ParNew: 37567K->4158K(37568K), 0.0022530 secs] 231867K->201010K(235584K), 0.0022960 secs] [Times: user=0.00 sys=0.01, real=0.00 secs] 
17.543: Total time for which application threads were stopped: 0.0038310 seconds, Stopping threads took: 0.0014690 seconds
17.575: Application time: 0.0316620 seconds
17.578: [GC17.578: [ParNew: 37566K->4159K(37568K), 0.0021150 secs] 234418K->203611K(238080K), 0.0021660 secs] [Times: user=0.02 sys=0.00, real=0.00 secs] 
17.580: Total time for which application threads were stopped: 0.0054010 seconds, Stopping threads took: 0.0031710 seconds
17.612: Application time: 0.0319310 seconds
17.615: [GC17.615: [ParNew: 37567K->4159K(37568K), 0.0018750 secs] 237019K->204933K(239424K), 0.0019170 secs] [Times: user=0.01 sys=0.00, real=0.00 secs] 
17.617: Total time for which application threads were stopped: 0.0046650 seconds, Stopping threads took: 0.0026820 seconds
17.648: Application time: 0.0309180 seconds
17.650: [GC17.650: [ParNew: 37567K->4159K(37568K), 0.0021420 secs] 238341K->207170K(241728K), 0.0021840 secs] [Times: user=0.01 sys=0.00, real=0.00 secs] 
17.652: Total time for which application threads were stopped: 0.0040830 seconds, Stopping threads took: 0.0018330 seconds
17.683: Application time: 0.0309910 seconds
17.687: [GC17.687: [ParNew: 37567K->4158K(37568K), 0.0023460 secs] 240578K->210316K(244992K), 0.0023900 secs] [Times: user=0.01 sys=0.00, real=0.00 secs] 
17.689: Total time for which application threads were stopped: 0.0064400 seconds, Stopping threads took: 0.0039790 seconds
17.720: Application time: 0.0306050 seconds
17.722: [GC17.722: [ParNew: 37566K->4158K(37568K), 0.0022840 secs] 243724K->213302K(247872K), 0.0023280 secs] [Times: user=0.02 sys=0.00, real=0.00 secs] 
17.725: Total time for which application threads were stopped: 0.0046890 seconds, Stopping threads took: 0.0022960 seconds
17.758: Application time: 0.0334060 seconds
17.758: [GC17.758: [ParNew: 37566K->4159K(37568K), 0.0018550 secs] 246710K->214164K(248832K), 0.0018960 secs] [Times: user=0.01 sys=0.00, real=0.00 secs] 
17.760: Total time for which application threads were stopped: 0.0021540 seconds, Stopping threads took: 0.0001930 seconds
17.790: Application time: 0.0300560 seconds
17.793: [GC17.793: [ParNew: 37567K->4158K(37568K), 0.0021900 secs] 247572K->216717K(251328K), 0.0022360 secs] [Times: user=0.01 sys=0.01, real=0.01 secs] 
17.795: Total time for which application threads were stopped: 0.0046340 seconds, Stopping threads took: 0.0023310 seconds
17.826: Application time: 0.0310870 seconds
17.828: [GC17.828: [ParNew: 37566K->4159K(37568K), 0.0024620 secs] 250125K->220066K(254784K), 0.0025040 secs] [Times: user=0.01 sys=0.00, real=0.00 secs] 
17.830: Total time for which application threads were stopped: 0.0045020 seconds, Stopping threads took: 0.0019310 seconds
17.861: Application time: 0.0309130 seconds
17.863: [GC17.863: [ParNew: 37567K->4158K(37568K), 0.0023700 secs] 253474K->223305K(258048K), 0.0024130 secs] [Times: user=0.01 sys=0.00, real=0.00 secs] 
17.865: Total time for which application threads were stopped: 0.0036780 seconds, Stopping threads took: 0.0012000 seconds
17.896: Application time: 0.0311460 seconds
17.899: [GC17.899: [ParNew: 37566K->4159K(37568K), 0.0023540 secs] 256713K->226305K(261120K), 0.0023970 secs] [Times: user=0.01 sys=0.00, real=0.00 secs] 
17.901: Total time for which application threads were stopped: 0.0049690 seconds, Stopping threads took: 0.0025050 seconds
17.933: Application time: 0.0322620 seconds
17.936: [GC17.936: [ParNew: 37566K->4158K(37568K), 0.0021730 secs] 259712K->228202K(263232K), 0.0022160 secs] [Times: user=0.01 sys=0.01, real=0.00 secs] 
17.938: Total time for which application threads were stopped: 0.0048240 seconds, Stopping threads took: 0.0025440 seconds
17.967: Application time: 0.0287950 seconds
17.969: [GC17.969: [ParNew: 37565K->4158K(37568K), 0.0025040 secs] 261609K->231873K(266688K), 0.0025480 secs] [Times: user=0.01 sys=0.00, real=0.00 secs] 
17.972: Total time for which application threads were stopped: 0.0049190 seconds, Stopping threads took: 0.0023080 seconds
18.003: Application time: 0.0309860 seconds
18.005: [GC18.005: [ParNew: 37566K->4159K(37568K), 0.0020560 secs] 265281K->233422K(268416K), 0.0020990 secs] [Times: user=0.02 sys=0.00, real=0.01 secs] 
18.007: Total time for which application threads were stopped: 0.0042820 seconds, Stopping threads took: 0.0021090 seconds
18.038: Application time: 0.0310110 seconds
18.040: [GC18.040: [ParNew: 37567K->4158K(37568K), 0.0022000 secs] 266830K->235925K(270720K), 0.0022520 secs] [Times: user=0.01 sys=0.00, real=0.00 secs] 
18.043: Total time for which application threads were stopped: 0.0043320 seconds, Stopping threads took: 0.0020140 seconds
18.075: Application time: 0.0326820 seconds
18.078: [GC18.078: [ParNew: 37566K->4159K(37568K), 0.0023870 secs] 269333K->239430K(274176K), 0.0024320 secs] [Times: user=0.01 sys=0.00, real=0.00 secs] 
18.081: Total time for which application threads were stopped: 0.0057300 seconds, Stopping threads took: 0.0032310 seconds
18.114: Application time: 0.0331550 seconds
18.115: [GC18.115: [ParNew: 37567K->3624K(37568K), 0.0013070 secs] 272838K->238896K(274176K), 0.0013450 secs] [Times: user=0.01 sys=0.00, real=0.00 secs] 
18.117: Total time for which application threads were stopped: 0.0027590 seconds, Stopping threads took: 0.0013520 seconds
18.148: Application time: 0.0312640 seconds
18.150: [GC18.150: [ParNew: 37032K->4158K(37568K), 0.0022670 secs] 272304K->241715K(276480K), 0.0023090 secs] [Times: user=0.02 sys=0.00, real=0.00 secs] 
18.152: Total time for which application threads were stopped: 0.0039700 seconds, Stopping threads took: 0.0015960 seconds
18.182: Application time: 0.0300980 seconds
18.184: [GC18.184: [ParNew: 37565K->4158K(37568K), 0.0025060 secs] 275123K->244881K(279744K), 0.0025510 secs] [Times: user=0.02 sys=0.00, real=0.00 secs] 
18.187: Total time for which application threads were stopped: 0.0044080 seconds, Stopping threads took: 0.0017710 seconds
18.217: Application time: 0.0303350 seconds
18.218: [GC18.218: [ParNew: 37565K->4158K(37568K), 0.0025540 secs] 278288K->247814K(282816K), 0.0025990 secs] [Times: user=0.01 sys=0.00, real=0.00 secs] 
18.221: Total time for which application threads were stopped: 0.0036130 seconds, Stopping threads took: 0.0009490 seconds
18.251: Application time: 0.0301040 seconds
18.253: [GC18.253: [ParNew: 37566K->4158K(37568K), 0.0026560 secs] 281221K->251380K(286272K), 0.0026990 secs] [Times: user=0.01 sys=0.00, real=0.01 secs] 
18.256: Total time for which application threads were stopped: 0.0050460 seconds, Stopping threads took: 0.0022810 seconds
18.287: Application time: 0.0310620 seconds
18.288: [GC18.288: [ParNew: 37566K->4158K(37568K), 0.0024450 secs] 284788K->254684K(289536K), 0.0024880 secs] [Times: user=0.01 sys=0.00, real=0.00 secs] 
18.291: Total time for which application threads were stopped: 0.0038240 seconds, Stopping threads took: 0.0012680 seconds
18.324: Application time: 0.0330270 seconds
18.326: [GC18.326: [ParNew: 37566K->4158K(37568K), 0.0024180 secs] 288092K->257835K(292800K), 0.0024620 secs] [Times: user=0.01 sys=0.00, real=0.01 secs] 
18.328: Total time for which application threads were stopped: 0.0045380 seconds, Stopping threads took: 0.0020120 seconds
18.357: Application time: 0.0291970 seconds
18.360: [GC18.360: [ParNew: 37566K->4158K(37568K), 0.0024580 secs] 291243K->260859K(296064K), 0.0025020 secs] [Times: user=0.01 sys=0.00, real=0.00 secs] 
18.363: Total time for which application threads were stopped: 0.0053250 seconds, Stopping threads took: 0.0027400 seconds
18.395: Application time: 0.0319990 seconds
18.397: [GC18.397: [ParNew: 37566K->4158K(37568K), 0.0021840 secs] 294267K->262735K(297792K), 0.0022270 secs] [Times: user=0.02 sys=0.00, real=0.00 secs] 
18.400: Total time for which application threads were stopped: 0.0049480 seconds, Stopping threads took: 0.0026570 seconds
18.431: Application time: 0.0311900 seconds
18.433: [GC18.433: [ParNew: 37566K->4158K(37568K), 0.0025770 secs] 296143K->266488K(301440K), 0.0026220 secs] [Times: user=0.01 sys=0.00, real=0.01 secs] 
18.436: Total time for which application threads were stopped: 0.0048160 seconds, Stopping threads took: 0.0021280 seconds
18.467: Application time: 0.0311900 seconds
18.468: [GC18.468: [ParNew: 37566K->4158K(37568K), 0.0020580 secs] 299896K->268085K(303168K), 0.0021010 secs] [Times: user=0.01 sys=0.01, real=0.00 secs] 
18.470: Total time for which application threads were stopped: 0.0036540 seconds, Stopping threads took: 0.0014880 seconds
18.501: Application time: 0.0309770 seconds
18.505: [GC18.505: [ParNew: 37566K->4159K(37568K), 0.0025550 secs] 301493K->271545K(306432K), 0.0026060 secs] [Times: user=0.01 sys=0.00, real=0.01 secs] 
18.507: Total time for which application threads were stopped: 0.0057290 seconds, Stopping threads took: 0.0030570 seconds
18.540: Application time: 0.0326120 seconds
18.543: [GC18.543: [ParNew: 37567K->4158K(37568K), 0.0022750 secs] 304953K->273952K(309120K), 0.0023170 secs] [Times: user=0.01 sys=0.01, real=0.00 secs] 
18.545: Total time for which application threads were stopped: 0.0056390 seconds, Stopping threads took: 0.0032480 seconds
18.578: Application time: 0.0327690 seconds
18.583: [GC18.583: [ParNew: 37566K->4158K(37568K), 0.0024250 secs] 307360K->276312K(311424K), 0.0024720 secs] [Times: user=0.01 sys=0.00, real=0.00 secs] 
18.585: Total time for which application threads were stopped: 0.0069230 seconds, Stopping threads took: 0.0043850 seconds
18.620: Application time: 0.0348440 seconds
18.623: [GC18.623: [ParNew: 37566K->4159K(37568K), 0.0025010 secs] 309720K->279633K(314688K), 0.0025450 secs] [Times: user=0.01 sys=0.01, real=0.00 secs] 
18.626: Total time for which application threads were stopped: 0.0055110 seconds, Stopping threads took: 0.0028800 seconds
18.657: Application time: 0.0316400 seconds
18.659: [GC18.659: [ParNew: 37567K->4158K(37568K), 0.0022520 secs] 313041K->281872K(316800K), 0.0022950 secs] [Times: user=0.01 sys=0.00, real=0.00 secs] 
18.661: Total time for which application threads were stopped: 0.0042670 seconds, Stopping threads took: 0.0019130 seconds
18.693: Application time: 0.0314710 seconds
18.695: [GC18.695: [ParNew: 37565K->4158K(37568K), 0.0021630 secs] 315279K->284109K(319104K), 0.0022110 secs] [Times: user=0.02 sys=0.01, real=0.01 secs] 
18.697: Total time for which application threads were stopped: 0.0039040 seconds, Stopping threads took: 0.0016270 seconds
18.729: Application time: 0.0321260 seconds
18.731: [GC18.731: [ParNew: 37566K->4159K(37568K), 0.0021550 secs] 317517K->285925K(320832K), 0.0021960 secs] [Times: user=0.01 sys=0.00, real=0.00 secs] 
18.733: Total time for which application threads were stopped: 0.0039830 seconds, Stopping threads took: 0.0017210 seconds
18.766: Application time: 0.0327710 seconds
18.768: [GC18.768: [ParNew: 37567K->4158K(37568K), 0.0025650 secs] 319333K->289203K(324096K), 0.0026090 secs] [Times: user=0.01 sys=0.00, real=0.00 secs] 
18.771: Total time for which application threads were stopped: 0.0050840 seconds, Stopping threads took: 0.0023890 seconds
18.802: Application time: 0.0312050 seconds
18.803: [GC18.803: [ParNew: 37566K->4158K(37568K), 0.0022880 secs] 322611K->291854K(326976K), 0.0023330 secs] [Times: user=0.01 sys=0.00, real=0.00 secs] 
18.806: Total time for which application threads were stopped: 0.0038200 seconds, Stopping threads took: 0.0014200 seconds
18.837: Application time: 0.0310060 seconds
18.839: [GC18.839: [ParNew: 37565K->4159K(37568K), 0.0022810 secs] 325261K->294143K(329280K), 0.0023230 secs] [Times: user=0.01 sys=0.00, real=0.00 secs] 
18.841: Total time for which application threads were stopped: 0.0045300 seconds, Stopping threads took: 0.0021190 seconds
18.872: Application time: 0.0303890 seconds
18.873: [GC18.873: [ParNew: 37567K->4159K(37568K), 0.0022620 secs] 327551K->296305K(331392K), 0.0023050 secs] [Times: user=0.02 sys=0.00, real=0.01 secs] 
18.876: Total time for which application threads were stopped: 0.0038910 seconds, Stopping threads took: 0.0015170 seconds
18.907: Application time: 0.0317430 seconds
18.910: [GC18.910: [ParNew: 37567K->4158K(37568K), 0.0017460 secs] 329713K->296950K(331968K), 0.0017890 secs] [Times: user=0.01 sys=0.00, real=0.00 secs] 
18.912: Total time for which application threads were stopped: 0.0041500 seconds, Stopping threads took: 0.0023010 seconds
18.944: Application time: 0.0319940 seconds
18.946: [GC18.946: [ParNew: 37566K->4159K(37568K), 0.0021680 secs] 330358K->298986K(333888K), 0.0022120 secs] [Times: user=0.02 sys=0.00, real=0.01 secs] 
18.948: Total time for which application threads were stopped: 0.0049820 seconds, Stopping threads took: 0.0026970 seconds
18.979: Application time: 0.0302090 seconds
18.980: [GC18.980: [ParNew: 37567K->4158K(37568K), 0.0020630 secs] 332394K->300443K(335424K), 0.0021050 secs] [Times: user=0.01 sys=0.00, real=0.00 secs] 
18.983: Total time for which application threads were stopped: 0.0038250 seconds, Stopping threads took: 0.0016530 seconds
19.013: Application time: 0.0309300 seconds
19.015: [GC19.015: [ParNew: 37566K->4159K(37568K), 0.0022620 secs] 333851K->302789K(337728K), 0.0023060 secs] [Times: user=0.01 sys=0.00, real=0.00 secs] 
19.017: Total time for which application threads were stopped: 0.0037290 seconds, Stopping threads took: 0.0013560 seconds
19.049: Application time: 0.0315480 seconds
19.051: [GC19.051: [ParNew: 37567K->4159K(37568K), 0.0022800 secs] 336197K->305172K(340224K), 0.0023230 secs] [Times: user=0.01 sys=0.00, real=0.00 secs] 
19.053: Total time for which application threads were stopped: 0.0041470 seconds, Stopping threads took: 0.0017520 seconds
19.085: Application time: 0.0319090 seconds
19.087: [GC19.087: [ParNew: 37567K->4159K(37568K), 0.0022380 secs] 338580K->306991K(342144K), 0.0022790 secs] [Times: user=0.02 sys=0.00, real=0.00 secs] 
19.090: Total time for which application threads were stopped: 0.0047230 seconds, Stopping threads took: 0.0023760 seconds
19.122: Application time: 0.0324190 seconds
19.125: [GC19.125: [ParNew: 37567K->4158K(37568K), 0.0026390 secs] 340399K->310268K(345408K), 0.0026830 secs] [Times: user=0.02 sys=0.00, real=0.01 secs] 
19.128: Total time for which application threads were stopped: 0.0059800 seconds, Stopping threads took: 0.0032320 seconds
19.159: Application time: 0.0313310 seconds
19.161: [GC19.161: [ParNew: 37566K->4159K(37568K), 0.0023240 secs] 343676K->312555K(347904K), 0.0023680 secs] [Times: user=0.01 sys=0.00, real=0.00 secs] 
19.163: Total time for which application threads were stopped: 0.0036840 seconds, Stopping threads took: 0.0012520 seconds
19.195: Application time: 0.0320690 seconds
19.198: [GC19.198: [ParNew: 37567K->4159K(37568K), 0.0024430 secs] 345963K->315878K(350976K), 0.0024870 secs] [Times: user=0.02 sys=0.00, real=0.00 secs] 
19.200: Total time for which application threads were stopped: 0.0051220 seconds, Stopping threads took: 0.0025670 seconds
19.232: Application time: 0.0317220 seconds
19.234: [GC19.234: [ParNew: 37566K->4158K(37568K), 0.0024700 secs] 349285K->319059K(354240K), 0.0025140 secs] [Times: user=0.01 sys=0.00, real=0.01 secs] 
19.237: Total time for which application threads were stopped: 0.0048080 seconds, Stopping threads took: 0.0022280 seconds
19.268: Application time: 0.0314840 seconds
19.271: [GC19.271: [ParNew: 37566K->4159K(37568K), 0.0023650 secs] 352467K->321172K(356352K), 0.0024110 secs] [Times: user=0.02 sys=0.00, real=0.00 secs] 
19.273: Total time for which application threads were stopped: 0.0047790 seconds, Stopping threads took: 0.0023030 seconds
19.305: Application time: 0.0316930 seconds
19.306: [GC19.306: [ParNew: 37567K->4158K(37568K), 0.0021820 secs] 354580K->323112K(358272K), 0.0022250 secs] [Times: user=0.02 sys=0.00, real=0.01 secs] 
19.308: Total time for which application threads were stopped: 0.0032340 seconds, Stopping threads took: 0.0009430 seconds
19.339: Application time: 0.0307540 seconds
19.341: [GC19.341: [ParNew: 37566K->4158K(37568K), 0.0021740 secs] 356520K->325083K(360192K), 0.0022170 secs] [Times: user=0.01 sys=0.00, real=0.00 secs] 
19.343: Total time for which application threads were stopped: 0.0046490 seconds, Stopping threads took: 0.0023680 seconds
19.374: Application time: 0.0307260 seconds
19.377: [GC19.377: [ParNew: 37566K->4158K(37568K), 0.0026010 secs] 358491K->327834K(363072K), 0.0026440 secs] [Times: user=0.02 sys=0.00, real=0.00 secs] 
19.380: Total time for which application threads were stopped: 0.0057210 seconds, Stopping threads took: 0.0030100 seconds
19.411: Application time: 0.0312500 seconds
19.413: [GC19.413: [ParNew: 37566K->4159K(37568K), 0.0024190 secs] 361242K->330375K(365568K), 0.0024730 secs] [Times: user=0.02 sys=0.00, real=0.01 secs] 
19.415: Total time for which application threads were stopped: 0.0044660 seconds, Stopping threads took: 0.0019280 seconds
19.447: Application time: 0.0317070 seconds
19.449: [GC19.449: [ParNew: 37567K->4158K(37568K), 0.0025130 secs] 363783K->333725K(369024K), 0.0025570 secs] [Times: user=0.02 sys=0.00, real=0.00 secs] 
19.452: Total time for which application threads were stopped: 0.0046120 seconds, Stopping threads took: 0.0019890 seconds
19.484: Application time: 0.0319300 seconds
19.485: [GC19.485: [ParNew: 37566K->4159K(37568K), 0.0022090 secs] 367133K->335319K(370560K), 0.0022530 secs] [Times: user=0.01 sys=0.00, real=0.01 secs] 
19.487: Total time for which application threads were stopped: 0.0033240 seconds, Stopping threads took: 0.0010040 seconds
19.519: Application time: 0.0315780 seconds
19.521: [GC19.521: [ParNew: 37566K->4158K(37568K), 0.0020450 secs] 368726K->336791K(372096K), 0.0020900 secs] [Times: user=0.01 sys=0.00, real=0.00 secs] 
19.523: Total time for which application threads were stopped: 0.0046600 seconds, Stopping threads took: 0.0025030 seconds
19.554: Application time: 0.0309910 seconds
19.557: [GC19.557: [ParNew: 37566K->4158K(37568K), 0.0024090 secs] 370199K->339605K(374784K), 0.0024530 secs] [Times: user=0.01 sys=0.00, real=0.00 secs] 
19.560: Total time for which application threads were stopped: 0.0055140 seconds, Stopping threads took: 0.0029880 seconds
19.589: Application time: 0.0292050 seconds
19.590: [GC19.590: [ParNew: 37566K->4158K(37568K), 0.0021980 secs] 373013K->341402K(376704K), 0.0022430 secs] [Times: user=0.02 sys=0.00, real=0.00 secs] 
19.592: Total time for which application threads were stopped: 0.0034840 seconds, Stopping threads took: 0.0011740 seconds
19.624: Application time: 0.0312730 seconds
19.626: [GC19.626: [ParNew: 37565K->4158K(37568K), 0.0022930 secs] 374809K->344046K(379200K), 0.0023350 secs] [Times: user=0.02 sys=0.00, real=0.01 secs] 
19.628: Total time for which application threads were stopped: 0.0042880 seconds, Stopping threads took: 0.0018860 seconds
19.659: Application time: 0.0313300 seconds
19.662: [GC19.662: [ParNew: 37565K->4159K(37568K), 0.0023480 secs] 377453K->346650K(381888K), 0.0023910 secs] [Times: user=0.01 sys=0.00, real=0.00 secs] 
19.664: Total time for which application threads were stopped: 0.0049530 seconds, Stopping threads took: 0.0025010 seconds
19.696: Application time: 0.0318060 seconds
19.699: [GC19.699: [ParNew: 37567K->4158K(37568K), 0.0023460 secs] 380058K->349124K(384384K), 0.0023920 secs] [Times: user=0.01 sys=0.00, real=0.00 secs] 
19.701: Total time for which application threads were stopped: 0.0048360 seconds, Stopping threads took: 0.0023780 seconds
19.732: Application time: 0.0311080 seconds
19.733: [GC19.733: [ParNew: 37566K->4159K(37568K), 0.0025310 secs] 382532K->352487K(387840K), 0.0025770 secs] [Times: user=0.01 sys=0.00, real=0.01 secs] 
19.736: Total time for which application threads were stopped: 0.0038730 seconds, Stopping threads took: 0.0012320 seconds
19.767: Application time: 0.0306740 seconds
19.769: [GC19.769: [ParNew: 37567K->4158K(37568K), 0.0026820 secs] 385895K->355877K(391296K), 0.0027280 secs] [Times: user=0.02 sys=0.00, real=0.00 secs] 
19.771: Total time for which application threads were stopped: 0.0048000 seconds, Stopping threads took: 0.0020070 seconds
19.804: Application time: 0.0322650 seconds
19.807: [GC19.807: [ParNew: 37566K->4159K(37568K), 0.0026470 secs] 389285K->359162K(394752K), 0.0026900 secs] [Times: user=0.01 sys=0.01, real=0.00 secs] 
19.810: Total time for which application threads were stopped: 0.0057980 seconds, Stopping threads took: 0.0030430 seconds
19.840: Application time: 0.0304680 seconds
19.842: [GC19.842: [ParNew: 37567K->4159K(37568K), 0.0025490 secs] 392570K->362283K(397824K), 0.0025950 secs] [Times: user=0.02 sys=0.00, real=0.00 secs] 
19.844: Total time for which application threads were stopped: 0.0044930 seconds, Stopping threads took: 0.0018320 seconds
19.876: Application time: 0.0312970 seconds
19.878: [GC19.878: [ParNew: 37567K->4159K(37568K), 0.0024230 secs] 395691K->364723K(400320K), 0.0024730 secs] [Times: user=0.01 sys=0.00, real=0.00 secs] 
19.880: Total time for which application threads were stopped: 0.0044270 seconds, Stopping threads took: 0.0018880 seconds
19.912: Application time: 0.0314320 seconds
19.913: [GC19.913: [ParNew: 37567K->4158K(37568K), 0.0021890 secs] 398131K->366421K(401856K), 0.0022330 secs] [Times: user=0.01 sys=0.00, real=0.01 secs] 
19.915: Total time for which application threads were stopped: 0.0036260 seconds, Stopping threads took: 0.0013290 seconds
19.947: Application time: 0.0315780 seconds
19.949: [GC19.949: [ParNew: 37566K->4159K(37568K), 0.0021220 secs] 399829K->367834K(403200K), 0.0021650 secs] [Times: user=0.01 sys=0.00, real=0.00 secs] 
19.951: Total time for which application threads were stopped: 0.0041640 seconds, Stopping threads took: 0.0019330 seconds
19.983: Application time: 0.0315240 seconds
19.985: [GC19.985: [ParNew: 37567K->4158K(37568K), 0.0021350 secs] 401242K->368978K(404352K), 0.0021790 secs] [Times: user=0.01 sys=0.00, real=0.01 secs] 
19.987: Total time for which application threads were stopped: 0.0044340 seconds, Stopping threads took: 0.0021900 seconds
20.020: Application time: 0.0325590 seconds
20.021: [GC20.021: [ParNew: 37566K->4159K(37568K), 0.0022610 secs] 402386K->370957K(406272K), 0.0023040 secs] [Times: user=0.02 sys=0.00, real=0.00 secs] 
20.024: Total time for which application threads were stopped: 0.0040920 seconds, Stopping threads took: 0.0017210 seconds
20.054: Application time: 0.0304010 seconds
20.057: [GC20.057: [ParNew: 37567K->4158K(37568K), 0.0026010 secs] 404365K->374597K(410112K), 0.0026460 secs] [Times: user=0.02 sys=0.00, real=0.00 secs] 
20.060: Total time for which application threads were stopped: 0.0056860 seconds, Stopping threads took: 0.0029760 seconds
20.091: Application time: 0.0314530 seconds
20.093: [GC20.093: [ParNew: 37566K->4159K(37568K), 0.0024730 secs] 408005K->377190K(412800K), 0.0025160 secs] [Times: user=0.01 sys=0.00, real=0.01 secs] 
20.096: Total time for which application threads were stopped: 0.0047130 seconds, Stopping threads took: 0.0021210 seconds
20.127: Application time: 0.0313850 seconds
20.129: [GC20.129: [ParNew: 37567K->4159K(37568K), 0.0025060 secs] 410598K->380151K(415680K), 0.0025560 secs] [Times: user=0.01 sys=0.00, real=0.00 secs] 
20.132: Total time for which application threads were stopped: 0.0044590 seconds, Stopping threads took: 0.0018380 seconds
20.163: Application time: 0.0309970 seconds
20.165: [GC20.165: [ParNew: 37567K->4159K(37568K), 0.0023900 secs] 413559K->382017K(417600K), 0.0024330 secs] [Times: user=0.01 sys=0.00, real=0.01 secs] 
20.168: Total time for which application threads were stopped: 0.0048460 seconds, Stopping threads took: 0.0023480 seconds
20.199: Application time: 0.0312650 seconds
20.201: [GC20.201: [ParNew: 37567K->4159K(37568K), 0.0022870 secs] 415425K->384238K(419712K), 0.0023320 secs] [Times: user=0.02 sys=0.00, real=0.00 secs] 
20.203: Total time for which application threads were stopped: 0.0042710 seconds, Stopping threads took: 0.0018740 seconds
20.235: Application time: 0.0317180 seconds
20.237: [GC20.237: [ParNew: 37567K->4158K(37568K), 0.0022840 secs] 417646K->386389K(422016K), 0.0023300 secs] [Times: user=0.01 sys=0.00, real=0.00 secs] 
20.240: Total time for which application threads were stopped: 0.0049590 seconds, Stopping threads took: 0.0025630 seconds
20.272: Application time: 0.0318760 seconds
20.275: [GC20.275: [ParNew: 37566K->4158K(37568K), 0.0020940 secs] 419797K->387958K(423552K), 0.0021350 secs] [Times: user=0.01 sys=0.00, real=0.00 secs] 
20.277: Total time for which application threads were stopped: 0.0053320 seconds, Stopping threads took: 0.0031320 seconds
20.308: Application time: 0.0312270 seconds
20.310: [GC20.310: [ParNew: 37566K->4158K(37568K), 0.0022970 secs] 421366K->389911K(425472K), 0.0023380 secs] [Times: user=0.01 sys=0.00, real=0.00 secs] 
20.313: Total time for which application threads were stopped: 0.0044850 seconds, Stopping threads took: 0.0020820 seconds
20.344: Application time: 0.0315100 seconds
20.347: [GC20.347: [ParNew: 37566K->4158K(37568K), 0.0022210 secs] 423319K->391779K(427392K), 0.0022640 secs] [Times: user=0.01 sys=0.00, real=0.00 secs] 
20.350: Total time for which application threads were stopped: 0.0052770 seconds, Stopping threads took: 0.0029460 seconds
20.381: Application time: 0.0310900 seconds
20.382: [GC20.382: [ParNew: 37566K->4159K(37568K), 0.0023530 secs] 425187K->394497K(430080K), 0.0023960 secs] [Times: user=0.01 sys=0.00, real=0.00 secs] 
20.385: Total time for which application threads were stopped: 0.0040840 seconds, Stopping threads took: 0.0016220 seconds
20.415: Application time: 0.0304420 seconds
20.418: [GC20.418: [ParNew: 37567K->4159K(37568K), 0.0026360 secs] 427905K->398124K(433728K), 0.0026810 secs] [Times: user=0.02 sys=0.00, real=0.00 secs] 
20.421: Total time for which application threads were stopped: 0.0055110 seconds, Stopping threads took: 0.0027660 seconds
20.453: Application time: 0.0327060 seconds
20.456: [GC20.456: [ParNew: 37567K->4159K(37568K), 0.0023380 secs] 431532K->400510K(436224K), 0.0023820 secs] [Times: user=0.02 sys=0.01, real=0.00 secs] 
20.458: Total time for which application threads were stopped: 0.0049920 seconds, Stopping threads took: 0.0025440 seconds
20.490: Application time: 0.0319530 seconds
20.492: [GC20.492: [ParNew: 37567K->4159K(37568K), 0.0021890 secs] 433918K->402206K(437760K), 0.0022330 secs] [Times: user=0.01 sys=0.00, real=0.00 secs] 
20.494: Total time for which application threads were stopped: 0.0040790 seconds, Stopping threads took: 0.0017790 seconds
20.525: Application time: 0.0303660 seconds
20.527: [GC20.527: [ParNew: 37567K->4158K(37568K), 0.0023110 secs] 435614K->404261K(439872K), 0.0023520 secs] [Times: user=0.02 sys=0.00, real=0.00 secs] 
20.529: Total time for which application threads were stopped: 0.0044210 seconds, Stopping threads took: 0.0020040 seconds
20.561: Application time: 0.0316490 seconds
20.562: [GC20.562: [ParNew: 37566K->4158K(37568K), 0.0020470 secs] 437669K->405360K(441024K), 0.0020910 secs] [Times: user=0.02 sys=0.00, real=0.00 secs] 
20.564: Total time for which application threads were stopped: 0.0030440 seconds, Stopping threads took: 0.0008920 seconds
20.595: Application time: 0.0315780 seconds
20.598: [GC20.598: [ParNew: 37565K->4159K(37568K), 0.0022350 secs] 438767K->407282K(442944K), 0.0022780 secs] [Times: user=0.01 sys=0.00, real=0.00 secs] 
20.600: Total time for which application threads were stopped: 0.0046440 seconds, Stopping threads took: 0.0022900 seconds
20.632: Application time: 0.0320710 seconds
20.635: [GC20.635: [ParNew: 37567K->4158K(37568K), 0.0022830 secs] 440690K->409195K(444864K), 0.0023320 secs] [Times: user=0.02 sys=0.00, real=0.01 secs] 
20.637: Total time for which application threads were stopped: 0.0047470 seconds, Stopping threads took: 0.0023480 seconds
20.668: Application time: 0.0312630 seconds
20.670: [GC20.670: [ParNew: 37566K->4158K(37568K), 0.0021910 secs] 442603K->411093K(446592K), 0.0022350 secs] [Times: user=0.01 sys=0.00, real=0.00 secs] 
20.672: Total time for which application threads were stopped: 0.0039830 seconds, Stopping threads took: 0.0016820 seconds
20.703: Application time: 0.0308180 seconds
20.705: [GC20.705: [ParNew: 37566K->4159K(37568K), 0.0024100 secs] 444501K->413732K(449472K), 0.0024560 secs] [Times: user=0.02 sys=0.01, real=0.01 secs] 
20.707: Total time for which application threads were stopped: 0.0043020 seconds, Stopping threads took: 0.0017820 seconds
 CMS: abort preclean due to time 20.710: [CMS-concurrent-abortable-preclean: 0.485/5.034 secs] [Times: user=37.33 sys=0.37, real=5.03 secs] 
20.715: Application time: 0.0073570 seconds
20.717: [GC[YG occupancy: 12549 K (37568 K)]20.717: [Rescan (parallel) , 0.0003660 secs]20.717: [weak refs processing, 0.0000070 secs]20.717: [scrub string table, 0.0001130 secs] [1 CMS-remark: 409573K(411904K)] 422122K(449472K), 0.0005230 secs] [Times: user=0.00 sys=0.00, real=0.00 secs] 
20.717: Total time for which application threads were stopped: 0.0026460 seconds, Stopping threads took: 0.0020800 seconds
20.717: [CMS-concurrent-sweep-start]
20.723: [CMS-concurrent-sweep: 0.006/0.006 secs] [Times: user=0.04 sys=0.00, real=0.00 secs] 
20.724: [CMS-concurrent-reset-start]
20.726: [CMS-concurrent-reset: 0.002/0.002 secs] [Times: user=0.00 sys=0.00, real=0.00 secs] 
20.743: Application time: 0.0253360 seconds
20.745: [GC20.745: [ParNew: 37567K->4159K(37568K), 0.0022230 secs] 408446K->376638K(655700K), 0.0022690 secs] [Times: user=0.02 sys=0.00, real=0.01 secs] 
20.748: Total time for which application threads were stopped: 0.0050510 seconds, Stopping threads took: 0.0027150 seconds
20.751: Application time: 0.0029770 seconds
20.752: [GC [1 CMS-initial-mark: 372479K(618132K)] 382301K(655700K), 0.0003260 secs] [Times: user=0.00 sys=0.00, real=0.00 secs] 
20.753: Total time for which application threads were stopped: 0.0019160 seconds, Stopping threads took: 0.0015610 seconds
20.753: [CMS-concurrent-mark-start]
20.758: [CMS-concurrent-mark: 0.006/0.006 secs] [Times: user=0.02 sys=0.00, real=0.01 secs] 
20.758: [CMS-concurrent-preclean-start]
20.759: [CMS-concurrent-preclean: 0.001/0.001 secs] [Times: user=0.03 sys=0.00, real=0.00 secs] 
20.759: [CMS-concurrent-abortable-preclean-start]
20.779: Application time: 0.0263270 seconds
20.781: [GC20.781: [ParNew: 37567K->4158K(37568K), 0.0025430 secs] 410046K->379246K(655700K), 0.0025850 secs] [Times: user=0.01 sys=0.00, real=0.00 secs] 
20.784: Total time for which application threads were stopped: 0.0051010 seconds, Stopping threads took: 0.0024500 seconds
20.816: Application time: 0.0318170 seconds
20.818: [GC20.818: [ParNew: 37566K->4158K(37568K), 0.0027870 secs] 412654K->382687K(655700K), 0.0028310 secs] [Times: user=0.02 sys=0.00, real=0.00 secs] 
20.821: Total time for which application threads were stopped: 0.0050120 seconds, Stopping threads took: 0.0021140 seconds
20.853: Application time: 0.0316680 seconds
20.855: [GC20.855: [ParNew: 37566K->4158K(37568K), 0.0028520 secs] 416095K->386025K(655700K), 0.0028980 secs] [Times: user=0.01 sys=0.00, real=0.00 secs] 
20.858: Total time for which application threads were stopped: 0.0051670 seconds, Stopping threads took: 0.0022040 seconds
20.888: Application time: 0.0304890 seconds
20.890: [GC20.890: [ParNew: 37566K->4158K(37568K), 0.0027360 secs] 419433K->389133K(655700K), 0.0027790 secs] [Times: user=0.01 sys=0.00, real=0.00 secs] 
20.893: Total time for which application threads were stopped: 0.0047300 seconds, Stopping threads took: 0.0018840 seconds
20.925: Application time: 0.0322500 seconds
20.928: [GC20.928: [ParNew: 37566K->4159K(37568K), 0.0026910 secs] 422541K->392202K(655700K), 0.0027380 secs] [Times: user=0.02 sys=0.00, real=0.00 secs] 
20.931: Total time for which application threads were stopped: 0.0057950 seconds, Stopping threads took: 0.0029910 seconds
20.963: Application time: 0.0318300 seconds
20.964: [GC20.964: [ParNew: 37567K->4159K(37568K), 0.0020880 secs] 425610K->393084K(655700K), 0.0021320 secs] [Times: user=0.02 sys=0.00, real=0.00 secs] 
20.966: Total time for which application threads were stopped: 0.0034390 seconds, Stopping threads took: 0.0012210 seconds
20.999: Application time: 0.0322650 seconds
21.000: [GC21.000: [ParNew: 37567K->4158K(37568K), 0.0020090 secs] 426492K->393729K(655700K), 0.0020570 secs] [Times: user=0.01 sys=0.00, real=0.00 secs] 
21.002: Total time for which application threads were stopped: 0.0031140 seconds, Stopping threads took: 0.0009890 seconds
21.033: Application time: 0.0309550 seconds
21.034: [GC21.034: [ParNew: 37566K->4159K(37568K), 0.0025760 secs] 427137K->396296K(655700K), 0.0026230 secs] [Times: user=0.02 sys=0.00, real=0.01 secs] 
21.037: Total time for which application threads were stopped: 0.0043630 seconds, Stopping threads took: 0.0016710 seconds
21.067: Application time: 0.0303750 seconds
21.070: [GC21.070: [ParNew: 37567K->4158K(37568K), 0.0024960 secs] 429704K->398656K(655700K), 0.0025390 secs] [Times: user=0.02 sys=0.00, real=0.00 secs] 
21.072: Total time for which application threads were stopped: 0.0048150 seconds, Stopping threads took: 0.0022030 seconds
21.104: Application time: 0.0313740 seconds
21.106: [GC21.106: [ParNew: 37566K->4158K(37568K), 0.0028230 secs] 432064K->401781K(655700K), 0.0028690 secs] [Times: user=0.02 sys=0.00, real=0.01 secs] 
21.109: Total time for which application threads were stopped: 0.0057110 seconds, Stopping threads took: 0.0027680 seconds
21.140: Application time: 0.0304580 seconds
21.142: [GC21.142: [ParNew: 37566K->4158K(37568K), 0.0027270 secs] 435189K->404642K(655700K), 0.0027720 secs] [Times: user=0.02 sys=0.00, real=0.00 secs] 
21.145: Total time for which application threads were stopped: 0.0049380 seconds, Stopping threads took: 0.0020960 seconds
21.176: Application time: 0.0316490 seconds
21.177: [GC21.177: [ParNew: 37566K->4158K(37568K), 0.0029350 secs] 438050K->408287K(655700K), 0.0029790 secs] [Times: user=0.02 sys=0.00, real=0.00 secs] 
21.180: Total time for which application threads were stopped: 0.0039720 seconds, Stopping threads took: 0.0009260 seconds
21.210: Application time: 0.0301190 seconds
21.212: [GC21.212: [ParNew: 37566K->4158K(37568K), 0.0022030 secs] 441695K->409827K(655700K), 0.0022470 secs] [Times: user=0.02 sys=0.00, real=0.00 secs] 
21.214: Total time for which application threads were stopped: 0.0037440 seconds, Stopping threads took: 0.0014380 seconds
21.243: Application time: 0.0284160 seconds
21.244: [GC21.244: [ParNew: 37566K->4159K(37568K), 0.0029230 secs] 443235K->413289K(655700K), 0.0029690 secs] [Times: user=0.02 sys=0.00, real=0.01 secs] 
21.247: Total time for which application threads were stopped: 0.0047670 seconds, Stopping threads took: 0.0017220 seconds
21.277: Application time: 0.0301250 seconds
21.280: [GC21.280: [ParNew: 37567K->4159K(37568K), 0.0022800 secs] 446697K->415612K(655700K), 0.0023210 secs] [Times: user=0.01 sys=0.00, real=0.00 secs] 
21.283: Total time for which application threads were stopped: 0.0051190 seconds, Stopping threads took: 0.0027360 seconds
21.312: Application time: 0.0297810 seconds
21.315: [GC21.315: [ParNew: 37565K->4159K(37568K), 0.0021800 secs] 449019K->417288K(655700K), 0.0022210 secs] [Times: user=0.01 sys=0.01, real=0.00 secs] 
21.317: Total time for which application threads were stopped: 0.0046370 seconds, Stopping threads took: 0.0023550 seconds
21.347: Application time: 0.0296370 seconds
21.349: [GC21.349: [ParNew: 37567K->4159K(37568K), 0.0022930 secs] 450696K->419316K(655700K), 0.0023350 secs] [Times: user=0.02 sys=0.01, real=0.00 secs] 
21.351: Total time for which application threads were stopped: 0.0043090 seconds, Stopping threads took: 0.0019090 seconds
21.381: Application time: 0.0303230 seconds
21.384: [GC21.384: [ParNew: 37567K->4158K(37568K), 0.0020840 secs] 452723K->420716K(655700K), 0.0021280 secs] [Times: user=0.01 sys=0.00, real=0.00 secs] 
21.386: Total time for which application threads were stopped: 0.0052280 seconds, Stopping threads took: 0.0030140 seconds
21.414: Application time: 0.0279360 seconds
21.416: [GC21.416: [ParNew: 37566K->4158K(37568K), 0.0023980 secs] 454124K->423481K(655700K), 0.0024400 secs] [Times: user=0.02 sys=0.00, real=0.00 secs] 
21.418: Total time for which application threads were stopped: 0.0039100 seconds, Stopping threads took: 0.0013870 seconds
21.448: Application time: 0.0297750 seconds
21.450: [GC21.450: [ParNew: 37566K->4159K(37568K), 0.0022860 secs] 456889K->425600K(655700K), 0.0023290 secs] [Times: user=0.02 sys=0.00, real=0.00 secs] 
21.452: Total time for which application threads were stopped: 0.0038220 seconds, Stopping threads took: 0.0014290 seconds
21.481: Application time: 0.0286900 seconds
21.483: [GC21.483: [ParNew: 37567K->4158K(37568K), 0.0023990 secs] 459008K->428212K(655700K), 0.0024420 secs] [Times: user=0.01 sys=0.00, real=0.00 secs] 
21.486: Total time for which application threads were stopped: 0.0050800 seconds, Stopping threads took: 0.0025750 seconds
21.516: Application time: 0.0301720 seconds
21.516: [GC21.517: [ParNew: 37566K->4159K(37568K), 0.0024080 secs] 461620K->430689K(655700K), 0.0024520 secs] [Times: user=0.01 sys=0.01, real=0.00 secs] 
21.519: Total time for which application threads were stopped: 0.0030800 seconds, Stopping threads took: 0.0005670 seconds
21.549: Application time: 0.0296620 seconds
21.550: [GC21.550: [ParNew: 37567K->4159K(37568K), 0.0021420 secs] 464097K->432062K(655700K), 0.0021840 secs] [Times: user=0.01 sys=0.00, real=0.00 secs] 
21.552: Total time for which application threads were stopped: 0.0037600 seconds, Stopping threads took: 0.0015120 seconds
21.581: Application time: 0.0290600 seconds
21.583: [GC21.583: [ParNew: 37566K->4159K(37568K), 0.0023780 secs] 465469K->434441K(655700K), 0.0024210 secs] [Times: user=0.02 sys=0.01, real=0.00 secs] 
21.585: Total time for which application threads were stopped: 0.0039310 seconds, Stopping threads took: 0.0014450 seconds
21.614: Application time: 0.0288420 seconds
21.616: [GC21.616: [ParNew: 37567K->4158K(37568K), 0.0023490 secs] 467849K->436764K(655700K), 0.0023900 secs] [Times: user=0.02 sys=0.00, real=0.00 secs] 
21.618: Total time for which application threads were stopped: 0.0040580 seconds, Stopping threads took: 0.0015970 seconds
21.647: Application time: 0.0287460 seconds
21.650: [GC21.650: [ParNew: 37566K->4159K(37568K), 0.0024810 secs] 470172K->439786K(655700K), 0.0025250 secs] [Times: user=0.02 sys=0.00, real=0.00 secs] 
21.652: Total time for which application threads were stopped: 0.0051060 seconds, Stopping threads took: 0.0025160 seconds
21.681: Application time: 0.0283630 seconds
21.682: [GC21.682: [ParNew: 37567K->4158K(37568K), 0.0041110 secs] 473194K->442601K(655700K), 0.0041650 secs] [Times: user=0.02 sys=0.00, real=0.01 secs] 
21.687: Total time for which application threads were stopped: 0.0061400 seconds, Stopping threads took: 0.0019110 seconds
21.717: Application time: 0.0303950 seconds
21.718: [GC21.718: [ParNew: 37566K->4158K(37568K), 0.0020260 secs] 476009K->443371K(655700K), 0.0020720 secs] [Times: user=0.01 sys=0.00, real=0.00 secs] 
21.720: Total time for which application threads were stopped: 0.0033240 seconds, Stopping threads took: 0.0011890 seconds
21.750: Application time: 0.0291430 seconds
21.752: [GC21.752: [ParNew: 37566K->4159K(37568K), 0.0023580 secs] 476779K->445552K(655700K), 0.0023980 secs] [Times: user=0.02 sys=0.00, real=0.00 secs] 
21.754: Total time for which application threads were stopped: 0.0046010 seconds, Stopping threads took: 0.0021390 seconds
21.784: Application time: 0.0296930 seconds
21.785: [GC21.785: [ParNew: 37567K->4159K(37568K), 0.0021570 secs] 478960K->447101K(655700K), 0.0022010 secs] [Times: user=0.01 sys=0.00, real=0.01 secs] 
21.788: Total time for which application threads were stopped: 0.0038750 seconds, Stopping threads took: 0.0016070 seconds
21.815: Application time: 0.0272350 seconds
21.817: [GC21.817: [ParNew: 37567K->4159K(37568K), 0.0026180 secs] 480509K->450428K(655700K), 0.0026640 secs] [Times: user=0.02 sys=0.00, real=0.00 secs] 
21.819: Total time for which application threads were stopped: 0.0042730 seconds, Stopping threads took: 0.0015450 seconds
21.850: Application time: 0.0305280 seconds
21.852: [GC21.852: [ParNew: 37567K->4159K(37568K), 0.0024970 secs] 483836K->453734K(655700K), 0.0025390 secs] [Times: user=0.01 sys=0.01, real=0.00 secs] 
21.855: Total time for which application threads were stopped: 0.0047820 seconds, Stopping threads took: 0.0021800 seconds
21.883: Application time: 0.0283190 seconds
21.885: [GC21.885: [ParNew: 37567K->4159K(37568K), 0.0025040 secs] 487142K->456813K(655700K), 0.0025480 secs] [Times: user=0.01 sys=0.01, real=0.01 secs] 
21.887: Total time for which application threads were stopped: 0.0044410 seconds, Stopping threads took: 0.0018290 seconds
21.917: Application time: 0.0298850 seconds
21.919: [GC21.919: [ParNew: 37567K->4159K(37568K), 0.0025560 secs] 490221K->459871K(655700K), 0.0025970 secs] [Times: user=0.02 sys=0.00, real=0.00 secs] 
21.922: Total time for which application threads were stopped: 0.0047840 seconds, Stopping threads took: 0.0021240 seconds
21.953: Application time: 0.0306140 seconds
21.955: [GC21.955: [ParNew: 37565K->4158K(37568K), 0.0023030 secs] 493277K->462016K(655700K), 0.0023540 secs] [Times: user=0.01 sys=0.00, real=0.00 secs] 
21.957: Total time for which application threads were stopped: 0.0046360 seconds, Stopping threads took: 0.0022190 seconds
21.986: Application time: 0.0285840 seconds
21.988: [GC21.988: [ParNew: 37564K->4158K(37568K), 0.0024660 secs] 495422K->465046K(655700K), 0.0025110 secs] [Times: user=0.02 sys=0.00, real=0.00 secs] 
21.991: Total time for which application threads were stopped: 0.0047740 seconds, Stopping threads took: 0.0021980 seconds
22.020: Application time: 0.0293540 seconds
22.023: [GC22.023: [ParNew: 37566K->4159K(37568K), 0.0024110 secs] 498454K->467429K(655700K), 0.0024560 secs] [Times: user=0.01 sys=0.01, real=0.00 secs] 
22.025: Total time for which application threads were stopped: 0.0053080 seconds, Stopping threads took: 0.0027860 seconds
22.055: Application time: 0.0297550 seconds
22.056: [GC22.056: [ParNew: 37567K->4159K(37568K), 0.0024170 secs] 500837K->469662K(655700K), 0.0024590 secs] [Times: user=0.02 sys=0.00, real=0.00 secs] 
22.058: Total time for which application threads were stopped: 0.0030370 seconds, Stopping threads took: 0.0005120 seconds
22.088: Application time: 0.0297310 seconds
22.090: [GC22.090: [ParNew: 37567K->4159K(37568K), 0.0019750 secs] 503070K->470296K(655700K), 0.0020180 secs] [Times: user=0.01 sys=0.00, real=0.00 secs] 
22.092: Total time for which application threads were stopped: 0.0038490 seconds, Stopping threads took: 0.0017450 seconds
22.123: Application time: 0.0310600 seconds
22.125: [GC22.125: [ParNew: 37567K->3719K(37568K), 0.0016220 secs] 503704K->469856K(655700K), 0.0016620 secs] [Times: user=0.01 sys=0.00, real=0.00 secs] 
22.126: Total time for which application threads were stopped: 0.0035840 seconds, Stopping threads took: 0.0018460 seconds
22.157: Application time: 0.0303180 seconds
22.158: [GC22.158: [ParNew: 37127K->4159K(37568K), 0.0023470 secs] 503264K->471661K(655700K), 0.0023900 secs] [Times: user=0.01 sys=0.00, real=0.00 secs] 
22.160: Total time for which application threads were stopped: 0.0038910 seconds, Stopping threads took: 0.0014370 seconds
22.190: Application time: 0.0297070 seconds
22.192: [GC22.192: [ParNew: 37567K->4158K(37568K), 0.0023560 secs] 505069K->473901K(655700K), 0.0024000 secs] [Times: user=0.02 sys=0.00, real=0.00 secs] 
22.195: Total time for which application threads were stopped: 0.0043380 seconds, Stopping threads took: 0.0018750 seconds
22.225: Application time: 0.0300830 seconds
22.226: [GC22.226: [ParNew: 37566K->4158K(37568K), 0.0020410 secs] 507309K->475054K(655700K), 0.0020850 secs] [Times: user=0.01 sys=0.00, real=0.01 secs] 
22.228: Total time for which application threads were stopped: 0.0032450 seconds, Stopping threads took: 0.0010960 seconds
22.255: Application time: 0.0275960 seconds
22.258: [GC22.258: [ParNew: 37566K->4158K(37568K), 0.0024820 secs] 508462K->478115K(655700K), 0.0025260 secs] [Times: user=0.02 sys=0.00, real=0.00 secs] 
22.261: Total time for which application threads were stopped: 0.0051510 seconds, Stopping threads took: 0.0025610 seconds
22.291: Application time: 0.0298590 seconds
22.292: [GC22.292: [ParNew: 37566K->4158K(37568K), 0.0023040 secs] 511523K->480117K(655700K), 0.0023460 secs] [Times: user=0.01 sys=0.00, real=0.01 secs] 
22.295: Total time for which application threads were stopped: 0.0042770 seconds, Stopping threads took: 0.0018670 seconds
22.324: Application time: 0.0296560 seconds
22.326: [GC22.326: [ParNew: 37566K->4158K(37568K), 0.0024550 secs] 513525K->483059K(655700K), 0.0024970 secs] [Times: user=0.01 sys=0.00, real=0.01 secs] 
22.329: Total time for which application threads were stopped: 0.0045070 seconds, Stopping threads took: 0.0019440 seconds
22.359: Application time: 0.0296960 seconds
22.360: [GC22.360: [ParNew: 37565K->4158K(37568K), 0.0022210 secs] 516466K->485028K(655700K), 0.0022630 secs] [Times: user=0.01 sys=0.00, real=0.00 secs] 
22.362: Total time for which application threads were stopped: 0.0038120 seconds, Stopping threads took: 0.0014850 seconds
22.393: Application time: 0.0302280 seconds
22.396: [GC22.396: [ParNew: 37566K->4158K(37568K), 0.0022540 secs] 518436K->486920K(655700K), 0.0023020 secs] [Times: user=0.02 sys=0.00, real=0.00 secs] 
22.398: Total time for which application threads were stopped: 0.0051520 seconds, Stopping threads took: 0.0027870 seconds
22.425: Application time: 0.0274050 seconds
22.428: [GC22.428: [ParNew: 37566K->4158K(37568K), 0.0027000 secs] 520328K->490655K(655700K), 0.0027420 secs] [Times: user=0.02 sys=0.01, real=0.00 secs] 
22.430: Total time for which application threads were stopped: 0.0050780 seconds, Stopping threads took: 0.0022720 seconds
22.461: Application time: 0.0303430 seconds
22.462: [GC22.462: [ParNew: 37566K->4158K(37568K), 0.0026520 secs] 524063K->493723K(655700K), 0.0026940 secs] [Times: user=0.02 sys=0.00, real=0.00 secs] 
22.464: Total time for which application threads were stopped: 0.0037340 seconds, Stopping threads took: 0.0009760 seconds
22.493: Application time: 0.0287370 seconds
22.496: [GC22.496: [ParNew: 37566K->4159K(37568K), 0.0024000 secs] 527131K->496096K(655700K), 0.0024430 secs] [Times: user=0.02 sys=0.00, real=0.00 secs] 
22.498: Total time for which application threads were stopped: 0.0049140 seconds, Stopping threads took: 0.0023840 seconds
22.529: Application time: 0.0306040 seconds
22.532: [GC22.532: [ParNew: 37566K->4158K(37568K), 0.0026230 secs] 529504K->499334K(655700K), 0.0026630 secs] [Times: user=0.02 sys=0.01, real=0.00 secs] 
22.534: Total time for which application threads were stopped: 0.0056820 seconds, Stopping threads took: 0.0029470 seconds
22.563: Application time: 0.0289420 seconds
22.565: [GC22.565: [ParNew: 37566K->4159K(37568K), 0.0024700 secs] 532742K->501869K(655700K), 0.0025150 secs] [Times: user=0.02 sys=0.00, real=0.01 secs] 
22.567: Total time for which application threads were stopped: 0.0040920 seconds, Stopping threads took: 0.0014980 seconds
22.596: Application time: 0.0283860 seconds
22.597: [GC22.597: [ParNew: 37567K->4159K(37568K), 0.0027350 secs] 535277K->505635K(655700K), 0.0027810 secs] [Times: user=0.02 sys=0.00, real=0.00 secs] 
22.600: Total time for which application threads were stopped: 0.0042710 seconds, Stopping threads took: 0.0014240 seconds
22.630: Application time: 0.0297290 seconds
22.632: [GC22.632: [ParNew: 37566K->4159K(37568K), 0.0026860 secs] 539041K->508704K(655700K), 0.0027270 secs] [Times: user=0.01 sys=0.00, real=0.00 secs] 
22.634: Total time for which application threads were stopped: 0.0044570 seconds, Stopping threads took: 0.0016560 seconds
22.664: Application time: 0.0302250 seconds
22.667: [GC22.667: [ParNew: 37567K->4159K(37568K), 0.0019590 secs] 542112K->509366K(655700K), 0.0020020 secs] [Times: user=0.01 sys=0.00, real=0.01 secs] 
22.669: Total time for which application threads were stopped: 0.0040660 seconds, Stopping threads took: 0.0020030 seconds
22.698: Application time: 0.0291820 seconds
22.700: [GC22.700: [ParNew: 37566K->4158K(37568K), 0.0023660 secs] 542773K->511869K(655700K), 0.0024110 secs] [Times: user=0.01 sys=0.01, real=0.00 secs] 
22.703: Total time for which application threads were stopped: 0.0050300 seconds, Stopping threads took: 0.0025550 seconds
22.733: Application time: 0.0304290 seconds
22.736: [GC22.736: [ParNew: 37566K->4158K(37568K), 0.0021710 secs] 545277K->513303K(655700K), 0.0022150 secs] [Times: user=0.01 sys=0.01, real=0.00 secs] 
22.738: Total time for which application threads were stopped: 0.0049990 seconds, Stopping threads took: 0.0027200 seconds
22.767: Application time: 0.0288450 seconds
22.769: [GC22.769: [ParNew: 37565K->4159K(37568K), 0.0026080 secs] 546709K->516445K(655700K), 0.0026510 secs] [Times: user=0.01 sys=0.00, real=0.00 secs] 
22.771: Total time for which application threads were stopped: 0.0043980 seconds, Stopping threads took: 0.0016820 seconds
22.802: Application time: 0.0302700 seconds
22.804: [GC22.804: [ParNew: 37567K->4158K(37568K), 0.0021680 secs] 549853K->517981K(655700K), 0.0022090 secs] [Times: user=0.01 sys=0.01, real=0.00 secs] 
22.806: Total time for which application threads were stopped: 0.0044090 seconds, Stopping threads took: 0.0021290 seconds
22.835: Application time: 0.0292960 seconds
22.836: [GC22.836: [ParNew: 37566K->4158K(37568K), 0.0025570 secs] 551389K->520832K(655700K), 0.0026020 secs] [Times: user=0.01 sys=0.00, real=0.00 secs] 
22.839: Total time for which application threads were stopped: 0.0033020 seconds, Stopping threads took: 0.0006280 seconds
22.868: Application time: 0.0293570 seconds
22.870: [GC22.870: [ParNew: 37566K->4158K(37568K), 0.0024790 secs] 554240K->523644K(655700K), 0.0025220 secs] [Times: user=0.02 sys=0.00, real=0.00 secs] 
22.873: Total time for which application threads were stopped: 0.0048400 seconds, Stopping threads took: 0.0022340 seconds
22.902: Application time: 0.0289700 seconds
22.904: [GC22.904: [ParNew: 37566K->4159K(37568K), 0.0024350 secs] 557052K->526371K(655700K), 0.0024790 secs] [Times: user=0.02 sys=0.00, real=0.00 secs] 
22.906: Total time for which application threads were stopped: 0.0041990 seconds, Stopping threads took: 0.0016550 seconds
22.935: Application time: 0.0293050 seconds
22.937: [GC22.937: [ParNew: 37567K->4158K(37568K), 0.0024900 secs] 559779K->529042K(655700K), 0.0025310 secs] [Times: user=0.02 sys=0.00, real=0.00 secs] 
22.940: Total time for which application threads were stopped: 0.0043430 seconds, Stopping threads took: 0.0017500 seconds
22.969: Application time: 0.0296280 seconds
22.972: [GC22.972: [ParNew: 37564K->4158K(37568K), 0.0022790 secs] 562448K->530651K(655700K), 0.0023220 secs] [Times: user=0.02 sys=0.00, real=0.00 secs] 
22.974: Total time for which application threads were stopped: 0.0048900 seconds, Stopping threads took: 0.0025030 seconds
23.004: Application time: 0.0297680 seconds
23.006: [GC23.006: [ParNew: 37566K->4158K(37568K), 0.0022910 secs] 564059K->532467K(655700K), 0.0023360 secs] [Times: user=0.01 sys=0.00, real=0.01 secs] 
23.008: Total time for which application threads were stopped: 0.0038640 seconds, Stopping threads took: 0.0014640 seconds
23.037: Application time: 0.0289900 seconds
23.039: [GC23.039: [ParNew: 37566K->4158K(37568K), 0.0023040 secs] 565875K->534715K(655700K), 0.0023490 secs] [Times: user=0.02 sys=0.00, real=0.00 secs] 
23.041: Total time for which application threads were stopped: 0.0039820 seconds, Stopping threads took: 0.0015670 seconds
23.070: Application time: 0.0290190 seconds
23.072: [GC23.072: [ParNew: 37566K->4159K(37568K), 0.0024040 secs] 568123K->537272K(655700K), 0.0024470 secs] [Times: user=0.01 sys=0.00, real=0.01 secs] 
23.075: Total time for which application threads were stopped: 0.0049220 seconds, Stopping threads took: 0.0024120 seconds
23.104: Application time: 0.0286870 seconds
23.105: [GC23.105: [ParNew: 37565K->4159K(37568K), 0.0025150 secs] 570678K->540133K(655700K), 0.0025590 secs] [Times: user=0.02 sys=0.00, real=0.01 secs] 
23.108: Total time for which application threads were stopped: 0.0041640 seconds, Stopping threads took: 0.0015410 seconds
23.137: Application time: 0.0290260 seconds
23.138: [GC23.138: [ParNew: 37567K->4158K(37568K), 0.0023340 secs] 573541K->542338K(655700K), 0.0023770 secs] [Times: user=0.02 sys=0.00, real=0.00 secs] 
23.141: Total time for which application threads were stopped: 0.0040400 seconds, Stopping threads took: 0.0015890 seconds
23.168: Application time: 0.0276050 seconds
23.171: [GC23.171: [ParNew: 37566K->4159K(37568K), 0.0026140 secs] 575746K->545415K(655700K), 0.0026570 secs] [Times: user=0.02 sys=0.01, real=0.00 secs] 
23.173: Total time for which application threads were stopped: 0.0051150 seconds, Stopping threads took: 0.0023930 seconds
23.203: Application time: 0.0297280 seconds
23.205: [GC23.205: [ParNew: 37567K->4159K(37568K), 0.0023610 secs] 578823K->547410K(655700K), 0.0024060 secs] [Times: user=0.00 sys=0.01, real=0.01 secs] 
23.207: Total time for which application threads were stopped: 0.0039630 seconds, Stopping threads took: 0.0014920 seconds
23.237: Application time: 0.0299110 seconds
23.239: [GC23.239: [ParNew: 37567K->4159K(37568K), 0.0026750 secs] 580817K->550719K(655700K), 0.0027270 secs] [Times: user=0.02 sys=0.00, real=0.00 secs] 
23.242: Total time for which application threads were stopped: 0.0047790 seconds, Stopping threads took: 0.0019870 seconds
23.271: Application time: 0.0290930 seconds
23.272: [GC23.272: [ParNew: 37567K->4158K(37568K), 0.0025920 secs] 584127K->553938K(655700K), 0.0026340 secs] [Times: user=0.01 sys=0.01, real=0.01 secs] 
23.275: Total time for which application threads were stopped: 0.0039910 seconds, Stopping threads took: 0.0012940 seconds
23.305: Application time: 0.0302770 seconds
23.308: [GC23.308: [ParNew: 37566K->4159K(37568K), 0.0023210 secs] 587346K->556009K(655700K), 0.0023640 secs] [Times: user=0.01 sys=0.00, real=0.00 secs] 
23.310: Total time for which application threads were stopped: 0.0049810 seconds, Stopping threads took: 0.0025540 seconds
23.339: Application time: 0.0291370 seconds
23.341: [GC23.341: [ParNew: 37566K->4158K(37568K), 0.0022880 secs] 589416K->557938K(655700K), 0.0023330 secs] [Times: user=0.01 sys=0.00, real=0.00 secs] 
23.343: Total time for which application threads were stopped: 0.0039470 seconds, Stopping threads took: 0.0015480 seconds
23.373: Application time: 0.0292280 seconds
23.375: [GC23.375: [ParNew: 37566K->4159K(37568K), 0.0022190 secs] 591346K->559774K(655700K), 0.0022650 secs] [Times: user=0.01 sys=0.00, real=0.01 secs] 
23.377: Total time for which application threads were stopped: 0.0042860 seconds, Stopping threads took: 0.0019550 seconds
23.406: Application time: 0.0288280 seconds
23.407: [GC23.407: [ParNew: 37567K->4158K(37568K), 0.0023600 secs] 593182K->562045K(655700K), 0.0024030 secs] [Times: user=0.02 sys=0.00, real=0.00 secs] 
23.410: Total time for which application threads were stopped: 0.0040300 seconds, Stopping threads took: 0.0015620 seconds
23.438: Application time: 0.0285490 seconds
23.440: [GC23.440: [ParNew: 37565K->4158K(37568K), 0.0025030 secs] 595452K->564800K(655700K), 0.0025450 secs] [Times: user=0.02 sys=0.01, real=0.00 secs] 
23.442: Total time for which application threads were stopped: 0.0040110 seconds, Stopping threads took: 0.0014010 seconds
23.471: Application time: 0.0285470 seconds
23.473: [GC23.473: [ParNew: 37566K->4158K(37568K), 0.0026980 secs] 598208K->568346K(655700K), 0.0027380 secs] [Times: user=0.01 sys=0.00, real=0.01 secs] 
23.475: Total time for which application threads were stopped: 0.0044780 seconds, Stopping threads took: 0.0016780 seconds
23.505: Application time: 0.0297240 seconds
23.507: [GC23.508: [ParNew: 37566K->4159K(37568K), 0.0026310 secs] 601754K->571719K(655700K), 0.0026750 secs] [Times: user=0.01 sys=0.00, real=0.00 secs] 
23.510: Total time for which application threads were stopped: 0.0051950 seconds, Stopping threads took: 0.0024570 seconds
23.539: Application time: 0.0291930 seconds
23.543: [GC23.543: [ParNew: 37566K->4158K(37568K), 0.0023070 secs] 605126K->573989K(655700K), 0.0023510 secs] [Times: user=0.02 sys=0.00, real=0.00 secs] 
23.545: Total time for which application threads were stopped: 0.0055990 seconds, Stopping threads took: 0.0031760 seconds
23.574: Application time: 0.0291490 seconds
23.576: [GC23.576: [ParNew: 37566K->4159K(37568K), 0.0024140 secs] 607397K->576683K(655700K), 0.0024560 secs] [Times: user=0.01 sys=0.01, real=0.00 secs] 
23.579: Total time for which application threads were stopped: 0.0044290 seconds, Stopping threads took: 0.0019100 seconds
23.608: Application time: 0.0296540 seconds
23.610: [GC23.610: [ParNew: 37567K->4159K(37568K), 0.0022520 secs] 610091K->578402K(655700K), 0.0022980 secs] [Times: user=0.02 sys=0.00, real=0.00 secs] 
23.612: Total time for which application threads were stopped: 0.0040400 seconds, Stopping threads took: 0.0016780 seconds
23.641: Application time: 0.0288060 seconds
23.643: [GC23.643: [ParNew: 37567K->4158K(37568K), 0.0024450 secs] 611810K->581007K(655700K), 0.0024880 secs] [Times: user=0.02 sys=0.00, real=0.00 secs] 
23.645: Total time for which application threads were stopped: 0.0040870 seconds, Stopping threads took: 0.0015230 seconds
23.675: Application time: 0.0300300 seconds
23.678: [GC23.678: [ParNew: 37566K->4159K(37568K), 0.0025730 secs] 614415K->583851K(655700K), 0.0026230 secs] [Times: user=0.01 sys=0.00, real=0.00 secs] 
23.680: Total time for which application threads were stopped: 0.0050070 seconds, Stopping threads took: 0.0023180 seconds
23.710: Application time: 0.0293420 seconds
23.710: [GC23.711: [ParNew: 37567K->4159K(37568K), 0.0024660 secs] 617259K->586590K(655700K), 0.0025110 secs] [Times: user=0.01 sys=0.00, real=0.00 secs] 
23.713: Total time for which application threads were stopped: 0.0034720 seconds, Stopping threads took: 0.0008950 seconds
23.741: Application time: 0.0278520 seconds
23.743: [GC23.743: [ParNew: 37567K->4159K(37568K), 0.0027780 secs] 619998K->590242K(655700K), 0.0028240 secs] [Times: user=0.02 sys=0.00, real=0.00 secs] 
23.746: Total time for which application threads were stopped: 0.0051820 seconds, Stopping threads took: 0.0022710 seconds
23.775: Application time: 0.0289060 seconds
23.778: [GC23.778: [ParNew: 37567K->4159K(37568K), 0.0023800 secs] 623650K->592633K(655700K), 0.0024220 secs] [Times: user=0.01 sys=0.00, real=0.00 secs] 
23.780: Total time for which application threads were stopped: 0.0051140 seconds, Stopping threads took: 0.0026290 seconds
23.810: Application time: 0.0295020 seconds
23.812: [GC23.812: [ParNew: 37567K->4159K(37568K), 0.0022560 secs] 626041K->593988K(655700K), 0.0022980 secs] [Times: user=0.02 sys=0.00, real=0.00 secs] 
23.814: Total time for which application threads were stopped: 0.0043620 seconds, Stopping threads took: 0.0019790 seconds
23.844: Application time: 0.0299870 seconds
23.846: [GC23.846: [ParNew: 37567K->4159K(37568K), 0.0022040 secs] 627396K->595662K(655700K), 0.0022470 secs] [Times: user=0.01 sys=0.00, real=0.01 secs] 
23.848: Total time for which application threads were stopped: 0.0044830 seconds, Stopping threads took: 0.0021720 seconds
23.878: Application time: 0.0293540 seconds
23.880: [GC23.880: [ParNew: 37567K->4159K(37568K), 0.0024860 secs] 629070K->598265K(655700K), 0.0025280 secs] [Times: user=0.02 sys=0.00, real=0.00 secs] 
23.883: Total time for which application threads were stopped: 0.0047470 seconds, Stopping threads took: 0.0021550 seconds
23.912: Application time: 0.0299570 seconds
23.915: [GC23.915: [ParNew: 37567K->4158K(37568K), 0.0024640 secs] 631673K->600798K(655700K), 0.0025070 secs] [Times: user=0.02 sys=0.00, real=0.00 secs] 
23.917: Total time for which application threads were stopped: 0.0048280 seconds, Stopping threads took: 0.0022570 seconds
23.947: Application time: 0.0296680 seconds
23.949: [GC23.949: [ParNew: 37566K->4159K(37568K), 0.0022390 secs] 634206K->602768K(655700K), 0.0022800 secs] [Times: user=0.02 sys=0.00, real=0.00 secs] 
23.952: Total time for which application threads were stopped: 0.0045660 seconds, Stopping threads took: 0.0022200 seconds
23.981: Application time: 0.0294840 seconds
23.984: [GC23.984: [ParNew: 37567K->4159K(37568K), 0.0022550 secs] 636176K->604698K(655700K), 0.0022970 secs] [Times: user=0.02 sys=0.00, real=0.00 secs] 
23.986: Total time for which application threads were stopped: 0.0049230 seconds, Stopping threads took: 0.0025620 seconds
24.017: Application time: 0.0305750 seconds
24.018: [GC24.018: [ParNew: 37567K->4158K(37568K), 0.0023320 secs] 638106K->606526K(655700K), 0.0023740 secs] [Times: user=0.02 sys=0.00, real=0.00 secs] 
24.021: Total time for which application threads were stopped: 0.0039920 seconds, Stopping threads took: 0.0015370 seconds
24.049: Application time: 0.0286210 seconds
24.052: [GC24.052: [ParNew: 37566K->4158K(37568K), 0.0024680 secs] 639934K->609239K(655700K), 0.0025110 secs] [Times: user=0.02 sys=0.00, real=0.00 secs] 
24.054: Total time for which application threads were stopped: 0.0052840 seconds, Stopping threads took: 0.0027080 seconds
24.085: Application time: 0.0301600 seconds
24.087: [GC24.087: [ParNew: 37566K->4158K(37568K), 0.0022820 secs] 642647K->610938K(655700K), 0.0023260 secs] [Times: user=0.02 sys=0.00, real=0.00 secs] 
24.090: Total time for which application threads were stopped: 0.0049920 seconds, Stopping threads took: 0.0025760 seconds
24.118: Application time: 0.0279250 seconds
24.119: [GC24.119: [ParNew: 37566K->4158K(37568K), 0.0024240 secs] 644346K->613492K(655700K), 0.0024670 secs] [Times: user=0.01 sys=0.00, real=0.00 secs] 
24.122: Total time for which application threads were stopped: 0.0044190 seconds, Stopping threads took: 0.0018830 seconds
24.151: Application time: 0.0293490 seconds
24.153: [GC24.153: [ParNew: 37566K->4158K(37568K), 0.0025470 secs] 646900K->616510K(655700K), 0.0025880 secs] [Times: user=0.02 sys=0.00, real=0.01 secs] 
24.156: Total time for which application threads were stopped: 0.0047670 seconds, Stopping threads took: 0.0021090 seconds
24.185: Application time: 0.0292560 seconds
24.188: [GC24.188: [ParNew: 37566K->4159K(37568K), 0.0024370 secs] 649918K->618933K(655700K), 0.0024820 secs] [Times: user=0.02 sys=0.00, real=0.00 secs] 
24.190: Total time for which application threads were stopped: 0.0050490 seconds, Stopping threads took: 0.0024800 seconds
24.220: Application time: 0.0296110 seconds
24.222: [GC24.222: [ParNew: 37567K->4158K(37568K), 0.0025110 secs] 652341K->621404K(657428K), 0.0025560 secs] [Times: user=0.02 sys=0.00, real=0.00 secs] 
24.224: Total time for which application threads were stopped: 0.0044430 seconds, Stopping threads took: 0.0018240 seconds
24.254: Application time: 0.0292720 seconds
24.256: [GC24.256: [ParNew: 37566K->4158K(37568K), 0.0027390 secs] 654812K->624271K(660116K), 0.0027830 secs] [Times: user=0.01 sys=0.00, real=0.00 secs] 
24.259: Total time for which application threads were stopped: 0.0050230 seconds, Stopping threads took: 0.0021750 seconds
24.289: Application time: 0.0302590 seconds
24.292: [GC24.292: [ParNew: 37566K->4158K(37568K), 0.0027170 secs] 657679K->627379K(663380K), 0.0027570 secs] [Times: user=0.01 sys=0.00, real=0.00 secs] 
24.294: Total time for which application threads were stopped: 0.0053690 seconds, Stopping threads took: 0.0025490 seconds
24.325: Application time: 0.0304800 seconds
24.327: [GC24.327: [ParNew: 37566K->4159K(37568K), 0.0023230 secs] 660787K->628455K(664532K), 0.0023620 secs] [Times: user=0.01 sys=0.00, real=0.00 secs] 
24.329: Total time for which application threads were stopped: 0.0043680 seconds, Stopping threads took: 0.0019420 seconds
24.359: Application time: 0.0298850 seconds
24.361: [GC24.361: [ParNew: 37567K->4158K(37568K), 0.0021580 secs] 661863K->629380K(665300K), 0.0021990 secs] [Times: user=0.02 sys=0.00, real=0.00 secs] 
24.363: Total time for which application threads were stopped: 0.0039210 seconds, Stopping threads took: 0.0016590 seconds
24.391: Application time: 0.0282690 seconds
24.393: [GC24.393: [ParNew: 37566K->4158K(37568K), 0.0024140 secs] 662788K->631148K(667028K), 0.0024580 secs] [Times: user=0.02 sys=0.00, real=0.01 secs] 
24.396: Total time for which application threads were stopped: 0.0041960 seconds, Stopping threads took: 0.0016750 seconds
24.425: Application time: 0.0292130 seconds
24.427: [GC24.427: [ParNew: 37566K->4159K(37568K), 0.0024140 secs] 664556K->633319K(669140K), 0.0024550 secs] [Times: user=0.01 sys=0.00, real=0.00 secs] 
24.429: Total time for which application threads were stopped: 0.0044800 seconds, Stopping threads took: 0.0019600 seconds
24.458: Application time: 0.0285290 seconds
24.459: [GC24.459: [ParNew: 37567K->4159K(37568K), 0.0028120 secs] 666727K->636759K(672788K), 0.0028530 secs] [Times: user=0.02 sys=0.00, real=0.00 secs] 
24.462: Total time for which application threads were stopped: 0.0044660 seconds, Stopping threads took: 0.0015490 seconds
24.491: Application time: 0.0291700 seconds
24.493: [GC24.493: [ParNew: 37567K->4158K(37568K), 0.0025920 secs] 670167K->639509K(675476K), 0.0026320 secs] [Times: user=0.01 sys=0.00, real=0.01 secs] 
24.496: Total time for which application threads were stopped: 0.0041500 seconds, Stopping threads took: 0.0014550 seconds
24.525: Application time: 0.0295640 seconds
24.527: [GC24.527: [ParNew: 37564K->4158K(37568K), 0.0025490 secs] 672915K->641544K(677588K), 0.0025940 secs] [Times: user=0.02 sys=0.01, real=0.00 secs] 
24.530: Total time for which application threads were stopped: 0.0048340 seconds, Stopping threads took: 0.0021760 seconds
24.559: Application time: 0.0291690 seconds
24.562: [GC24.562: [ParNew: 37566K->4158K(37568K), 0.0027010 secs] 674952K->644454K(680468K), 0.0027450 secs] [Times: user=0.02 sys=0.00, real=0.00 secs] 
24.564: Total time for which application threads were stopped: 0.0052500 seconds, Stopping threads took: 0.0024400 seconds
24.594: Application time: 0.0297840 seconds
24.596: [GC24.596: [ParNew: 37566K->4159K(37568K), 0.0027810 secs] 677862K->647326K(683348K), 0.0028250 secs] [Times: user=0.01 sys=0.00, real=0.00 secs] 
24.599: Total time for which application threads were stopped: 0.0043800 seconds, Stopping threads took: 0.0014910 seconds
24.628: Application time: 0.0297960 seconds
24.629: [GC24.629: [ParNew: 37566K->4158K(37568K), 0.0021320 secs] 680733K->648130K(684116K), 0.0021730 secs] [Times: user=0.02 sys=0.00, real=0.00 secs] 
24.631: Total time for which application threads were stopped: 0.0030810 seconds, Stopping threads took: 0.0008440 seconds
24.661: Application time: 0.0299860 seconds
24.663: [GC24.663: [ParNew: 37566K->4158K(37568K), 0.0024460 secs] 681538K->649839K(685844K), 0.0024870 secs] [Times: user=0.01 sys=0.00, real=0.00 secs] 
24.666: Total time for which application threads were stopped: 0.0044160 seconds, Stopping threads took: 0.0018580 seconds
24.695: Application time: 0.0287730 seconds
24.696: [GC24.696: [ParNew: 37566K->4158K(37568K), 0.0023390 secs] 683247K->651465K(687572K), 0.0023790 secs] [Times: user=0.02 sys=0.00, real=0.00 secs] 
24.698: Total time for which application threads were stopped: 0.0033330 seconds, Stopping threads took: 0.0008880 seconds
24.727: Application time: 0.0293950 seconds
24.730: [GC24.730: [ParNew: 37566K->4158K(37568K), 0.0028260 secs] 684873K->655014K(691028K), 0.0028710 secs] [Times: user=0.02 sys=0.00, real=0.00 secs] 
24.733: Total time for which application threads were stopped: 0.0054800 seconds, Stopping threads took: 0.0025460 seconds
24.762: Application time: 0.0292070 seconds
24.764: [GC24.764: [ParNew: 37566K->4158K(37568K), 0.0026560 secs] 688422K->657830K(693908K), 0.0026980 secs] [Times: user=0.02 sys=0.00, real=0.00 secs] 
24.766: Total time for which application threads were stopped: 0.0043730 seconds, Stopping threads took: 0.0016120 seconds
24.796: Application time: 0.0292990 seconds
24.797: [GC24.797: [ParNew: 37566K->4159K(37568K), 0.0026990 secs] 691238K->660788K(696980K), 0.0027360 secs] [Times: user=0.01 sys=0.00, real=0.00 secs] 
24.800: Total time for which application threads were stopped: 0.0044030 seconds, Stopping threads took: 0.0015810 seconds
24.830: Application time: 0.0298870 seconds
24.831: [GC24.831: [ParNew: 37565K->4159K(37568K), 0.0026750 secs] 694195K->663312K(699668K), 0.0027160 secs] [Times: user=0.01 sys=0.00, real=0.00 secs] 
24.834: Total time for which application threads were stopped: 0.0042320 seconds, Stopping threads took: 0.0014520 seconds
24.865: Application time: 0.0304550 seconds
24.866: [GC24.866: [ParNew: 37565K->4159K(37568K), 0.0024560 secs] 696718K->665036K(701012K), 0.0025020 secs] [Times: user=0.01 sys=0.00, real=0.01 secs] 
24.869: Total time for which application threads were stopped: 0.0040710 seconds, Stopping threads took: 0.0015040 seconds
24.899: Application time: 0.0301690 seconds
24.901: [GC24.901: [ParNew: 37567K->4158K(37568K), 0.0021210 secs] 698444K->665689K(701780K), 0.0021620 secs] [Times: user=0.01 sys=0.00, real=0.00 secs] 
24.903: Total time for which application threads were stopped: 0.0040260 seconds, Stopping threads took: 0.0017970 seconds
24.933: Application time: 0.0302350 seconds
24.935: [GC24.935: [ParNew: 37566K->4158K(37568K), 0.0025190 secs] 699097K->668113K(704084K), 0.0025610 secs] [Times: user=0.01 sys=0.00, real=0.00 secs] 
24.938: Total time for which application threads were stopped: 0.0048170 seconds, Stopping threads took: 0.0021940 seconds
24.967: Application time: 0.0290560 seconds
24.969: [GC24.969: [ParNew: 37566K->4158K(37568K), 0.0025210 secs] 701521K->670458K(706580K), 0.0025700 secs] [Times: user=0.01 sys=0.00, real=0.00 secs] 
24.972: Total time for which application threads were stopped: 0.0044890 seconds, Stopping threads took: 0.0018570 seconds
25.001: Application time: 0.0294150 seconds
25.003: [GC25.003: [ParNew: 37566K->4158K(37568K), 0.0024700 secs] 703866K->672762K(708884K), 0.0025130 secs] [Times: user=0.02 sys=0.00, real=0.00 secs] 
25.006: Total time for which application threads were stopped: 0.0045960 seconds, Stopping threads took: 0.0020200 seconds
25.035: Application time: 0.0292700 seconds
25.036: [GC25.036: [ParNew: 37566K->4159K(37568K), 0.0027650 secs] 706170K->675874K(712148K), 0.0028090 secs] [Times: user=0.02 sys=0.00, real=0.00 secs] 
25.039: Total time for which application threads were stopped: 0.0037710 seconds, Stopping threads took: 0.0008880 seconds
25.068: Application time: 0.0297830 seconds
25.071: [GC25.071: [ParNew: 37567K->4159K(37568K), 0.0027670 secs] 709282K->678400K(714644K), 0.0028090 secs] [Times: user=0.02 sys=0.00, real=0.00 secs] 
25.073: Total time for which application threads were stopped: 0.0050960 seconds, Stopping threads took: 0.0022230 seconds
25.103: Application time: 0.0295200 seconds
25.105: [GC25.105: [ParNew: 37567K->4158K(37568K), 0.0026110 secs] 711808K->680876K(717140K), 0.0026530 secs] [Times: user=0.02 sys=0.00, real=0.01 secs] 
25.108: Total time for which application threads were stopped: 0.0048930 seconds, Stopping threads took: 0.0021760 seconds
25.137: Application time: 0.0287560 seconds
25.139: [GC25.139: [ParNew: 37565K->4158K(37568K), 0.0027340 secs] 714283K->683802K(720020K), 0.0027750 secs] [Times: user=0.01 sys=0.00, real=0.00 secs] 
25.142: Total time for which application threads were stopped: 0.0051110 seconds, Stopping threads took: 0.0022720 seconds
25.171: Application time: 0.0293330 seconds
25.174: [GC25.174: [ParNew: 37566K->4159K(37568K), 0.0027230 secs] 717210K->686660K(723092K), 0.0027660 secs] [Times: user=0.02 sys=0.00, real=0.01 secs] 
25.177: Total time for which application threads were stopped: 0.0055630 seconds, Stopping threads took: 0.0027290 seconds
25.206: Application time: 0.0288770 seconds
25.208: [GC25.208: [ParNew: 37567K->4158K(37568K), 0.0029730 secs] 720068K->689506K(725780K), 0.0030180 secs] [Times: user=0.02 sys=0.00, real=0.00 secs] 
25.211: Total time for which application threads were stopped: 0.0052770 seconds, Stopping threads took: 0.0021920 seconds
25.244: Application time: 0.0335940 seconds
25.246: [GC25.246: [ParNew: 37566K->4159K(37568K), 0.0021950 secs] 722914K->690167K(726548K), 0.0022370 secs] [Times: user=0.02 sys=0.00, real=0.01 secs] 
25.249: Total time for which application threads were stopped: 0.0042510 seconds, Stopping threads took: 0.0019500 seconds
25.279: Application time: 0.0302040 seconds
25.281: [GC25.281: [ParNew: 37567K->4158K(37568K), 0.0026930 secs] 723575K->692659K(728852K), 0.0027390 secs] [Times: user=0.01 sys=0.00, real=0.00 secs] 
25.284: Total time for which application threads were stopped: 0.0050620 seconds, Stopping threads took: 0.0022550 seconds
25.314: Application time: 0.0296980 seconds
25.316: [GC25.316: [ParNew: 37566K->4159K(37568K), 0.0026440 secs] 726067K->695299K(731540K), 0.0026880 secs] [Times: user=0.01 sys=0.00, real=0.00 secs] 
25.318: Total time for which application threads were stopped: 0.0046460 seconds, Stopping threads took: 0.0018910 seconds
25.350: Application time: 0.0313240 seconds
25.351: [GC25.352: [ParNew: 37567K->4158K(37568K), 0.0027540 secs] 728707K->698207K(734420K), 0.0027960 secs] [Times: user=0.02 sys=0.00, real=0.00 secs] 
25.354: Total time for which application threads were stopped: 0.0046850 seconds, Stopping threads took: 0.0018220 seconds
25.385: Application time: 0.0311830 seconds
25.387: [GC25.388: [ParNew: 37566K->4158K(37568K), 0.0024690 secs] 731615K->699556K(735956K), 0.0025110 secs] [Times: user=0.02 sys=0.01, real=0.00 secs] 
25.390: Total time for which application threads were stopped: 0.0045350 seconds, Stopping threads took: 0.0019590 seconds
25.422: Application time: 0.0318200 seconds
25.423: [GC25.423: [ParNew: 37566K->4158K(37568K), 0.0026150 secs] 732964K->701726K(738068K), 0.0026660 secs] [Times: user=0.01 sys=0.00, real=0.00 secs] 
25.426: Total time for which application threads were stopped: 0.0042380 seconds, Stopping threads took: 0.0015110 seconds
25.457: Application time: 0.0312590 seconds
25.459: [GC25.459: [ParNew: 37566K->4158K(37568K), 0.0024110 secs] 735134K->703188K(739412K), 0.0024540 secs] [Times: user=0.02 sys=0.00, real=0.00 secs] 
25.461: Total time for which application threads were stopped: 0.0040620 seconds, Stopping threads took: 0.0015410 seconds
25.493: Application time: 0.0319320 seconds
25.496: [GC25.496: [ParNew: 37566K->4158K(37568K), 0.0027580 secs] 736595K->706465K(742676K), 0.0028020 secs] [Times: user=0.01 sys=0.00, real=0.00 secs] 
25.499: Total time for which application threads were stopped: 0.0053300 seconds, Stopping threads took: 0.0024640 seconds
25.530: Application time: 0.0311650 seconds
25.533: [GC25.533: [ParNew: 37565K->4158K(37568K), 0.0026580 secs] 739871K->708507K(744980K), 0.0027020 secs] [Times: user=0.02 sys=0.00, real=0.01 secs] 
25.536: Total time for which application threads were stopped: 0.0058180 seconds, Stopping threads took: 0.0030490 seconds
25.571: Application time: 0.0350490 seconds
25.572: [GC25.572: [ParNew: 37566K->4158K(37568K), 0.0028410 secs] 741915K->711457K(747860K), 0.0028850 secs] [Times: user=0.02 sys=0.00, real=0.01 secs] 
25.575: Total time for which application threads were stopped: 0.0043220 seconds, Stopping threads took: 0.0013740 seconds
25.608: Application time: 0.0326930 seconds
25.611: [GC25.611: [ParNew: 37566K->4159K(37568K), 0.0023880 secs] 744865K->712750K(749012K), 0.0024300 secs] [Times: user=0.02 sys=0.00, real=0.00 secs] 
25.613: Total time for which application threads were stopped: 0.0054260 seconds, Stopping threads took: 0.0029310 seconds
25.646: Application time: 0.0326450 seconds
25.648: [GC25.648: [ParNew: 37567K->4159K(37568K), 0.0025270 secs] 746158K->714366K(750740K), 0.0025710 secs] [Times: user=0.01 sys=0.01, real=0.00 secs] 
25.651: Total time for which application threads were stopped: 0.0050400 seconds, Stopping threads took: 0.0024040 seconds
25.683: Application time: 0.0319730 seconds
25.686: [GC25.686: [ParNew: 37567K->4158K(37568K), 0.0026460 secs] 747774K->717066K(753428K), 0.0026890 secs] [Times: user=0.02 sys=0.00, real=0.01 secs] 
25.688: Total time for which application threads were stopped: 0.0054270 seconds, Stopping threads took: 0.0026590 seconds
25.719: Application time: 0.0306800 seconds
25.721: [GC25.721: [ParNew: 37566K->4158K(37568K), 0.0027610 secs] 750474K->719834K(756308K), 0.0028050 secs] [Times: user=0.01 sys=0.01, real=0.00 secs] 
25.723: Total time for which application threads were stopped: 0.0044590 seconds, Stopping threads took: 0.0015890 seconds
25.755: Application time: 0.0320620 seconds
25.757: [GC25.757: [ParNew: 37566K->4158K(37568K), 0.0026460 secs] 753242K->721998K(758420K), 0.0026930 secs] [Times: user=0.01 sys=0.00, real=0.00 secs] 
25.760: Total time for which application threads were stopped: 0.0042480 seconds, Stopping threads took: 0.0014910 seconds
 CMS: abort preclean due to time 25.763: [CMS-concurrent-abortable-preclean: 0.646/5.003 secs] [Times: user=37.29 sys=0.31, real=5.00 secs] 
25.763: Application time: 0.0030450 seconds
25.767: [GC[YG occupancy: 9527 K (37568 K)]25.767: [Rescan (parallel) , 0.0004200 secs]25.768: [weak refs processing, 0.0000080 secs]25.768: [scrub string table, 0.0001100 secs] [1 CMS-remark: 717840K(720852K)] 727367K(758420K), 0.0005710 secs] [Times: user=0.01 sys=0.00, real=0.00 secs] 
25.768: Total time for which application threads were stopped: 0.0051750 seconds, Stopping threads took: 0.0045730 seconds
25.768: [CMS-concurrent-sweep-start]
25.796: Application time: 0.0282790 seconds
25.799: [GC25.799: [ParNew: 37566K->4158K(37568K), 0.0023500 secs] 386913K->355102K(758420K), 0.0023940 secs] [Times: user=0.01 sys=0.00, real=0.00 secs] 
25.802: Total time for which application threads were stopped: 0.0053270 seconds, Stopping threads took: 0.0028370 seconds
25.805: [CMS-concurrent-sweep: 0.031/0.037 secs] [Times: user=0.25 sys=0.00, real=0.03 secs] 
25.805: [CMS-concurrent-reset-start]
25.808: [CMS-concurrent-reset: 0.003/0.003 secs] [Times: user=0.03 sys=0.00, real=0.01 secs] 
25.834: Application time: 0.0322040 seconds
25.836: [GC25.836: [ParNew: 37566K->4159K(37568K), 0.0025630 secs] 388510K->357485K(758420K), 0.0026050 secs] [Times: user=0.02 sys=0.00, real=0.00 secs] 
25.838: Total time for which application threads were stopped: 0.0046680 seconds, Stopping threads took: 0.0019970 seconds
25.870: Application time: 0.0316080 seconds
25.875: [GC25.875: [ParNew: 37567K->4158K(37568K), 0.0025150 secs] 390893K->359849K(758420K), 0.0025590 secs] [Times: user=0.01 sys=0.01, real=0.00 secs] 
25.877: Total time for which application threads were stopped: 0.0072480 seconds, Stopping threads took: 0.0046210 seconds
25.909: Application time: 0.0315710 seconds
25.910: [GC25.910: [ParNew: 37565K->4159K(37568K), 0.0021930 secs] 393256K->361021K(758420K), 0.0022380 secs] [Times: user=0.01 sys=0.00, real=0.00 secs] 
25.913: Total time for which application threads were stopped: 0.0037940 seconds, Stopping threads took: 0.0014880 seconds
25.945: Application time: 0.0324890 seconds
25.947: [GC25.947: [ParNew: 37567K->4158K(37568K), 0.0021600 secs] 394429K->362054K(758420K), 0.0022050 secs] [Times: user=0.01 sys=0.00, real=0.00 secs] 
25.949: Total time for which application threads were stopped: 0.0039340 seconds, Stopping threads took: 0.0016640 seconds
25.981: Application time: 0.0320170 seconds
25.984: [GC25.984: [ParNew: 37566K->4159K(37568K), 0.0028040 secs] 395462K->364964K(758420K), 0.0028510 secs] [Times: user=0.02 sys=0.00, real=0.01 secs] 
25.987: Total time for which application threads were stopped: 0.0059200 seconds, Stopping threads took: 0.0030030 seconds
26.018: Application time: 0.0308860 seconds
26.019: [GC26.019: [ParNew: 37567K->4159K(37568K), 0.0026490 secs] 398372K->367409K(758420K), 0.0026940 secs] [Times: user=0.02 sys=0.00, real=0.00 secs] 
26.022: Total time for which application threads were stopped: 0.0039940 seconds, Stopping threads took: 0.0012230 seconds
26.022: Application time: 0.0001140 seconds
26.024: [GC [1 CMS-initial-mark: 363249K(720852K)] 368641K(758420K), 0.0001860 secs] [Times: user=0.00 sys=0.00, real=0.00 secs] 
26.024: Total time for which application threads were stopped: 0.0021090 seconds, Stopping threads took: 0.0018770 seconds
26.024: [CMS-concurrent-mark-start]
26.030: [CMS-concurrent-mark: 0.006/0.006 secs] [Times: user=0.03 sys=0.00, real=0.01 secs] 
26.030: [CMS-concurrent-preclean-start]
26.032: [CMS-concurrent-preclean: 0.001/0.001 secs] [Times: user=0.02 sys=0.00, real=0.00 secs] 
26.032: [CMS-concurrent-abortable-preclean-start]
26.055: Application time: 0.0305780 seconds
26.057: [GC26.057: [ParNew: 37567K->4158K(37568K), 0.0027590 secs] 400817K->370301K(758420K), 0.0028060 secs] [Times: user=0.02 sys=0.00, real=0.00 secs] 
26.060: Total time for which application threads were stopped: 0.0050980 seconds, Stopping threads took: 0.0022240 seconds
26.092: Application time: 0.0324460 seconds
26.095: [GC26.095: [ParNew: 37565K->4159K(37568K), 0.0024220 secs] 403708K->372177K(758420K), 0.0024670 secs] [Times: user=0.01 sys=0.00, real=0.00 secs] 
26.097: Total time for which application threads were stopped: 0.0051600 seconds, Stopping threads took: 0.0026250 seconds
26.130: Application time: 0.0321400 seconds
26.131: [GC26.131: [ParNew: 37567K->4088K(37568K), 0.0018620 secs] 405585K->372106K(758420K), 0.0019030 secs] [Times: user=0.02 sys=0.00, real=0.00 secs] 
26.133: Total time for which application threads were stopped: 0.0033820 seconds, Stopping threads took: 0.0014210 seconds
26.165: Application time: 0.0321480 seconds
26.166: [GC26.166: [ParNew: 37496K->4158K(37568K), 0.0019990 secs] 405514K->372452K(758420K), 0.0020440 secs] [Times: user=0.02 sys=0.00, real=0.01 secs] 
26.168: Total time for which application threads were stopped: 0.0029620 seconds, Stopping threads took: 0.0008440 seconds
26.199: Application time: 0.0313430 seconds
26.200: [GC26.200: [ParNew: 37566K->4158K(37568K), 0.0025240 secs] 405860K->374581K(758420K), 0.0025670 secs] [Times: user=0.02 sys=0.00, real=0.00 secs] 
26.203: Total time for which application threads were stopped: 0.0034830 seconds, Stopping threads took: 0.0008410 seconds
26.235: Application time: 0.0318330 seconds
26.237: [GC26.237: [ParNew: 37566K->4159K(37568K), 0.0024060 secs] 407989K->376198K(758420K), 0.0024520 secs] [Times: user=0.02 sys=0.00, real=0.00 secs] 
26.239: Total time for which application threads were stopped: 0.0046980 seconds, Stopping threads took: 0.0021800 seconds
26.271: Application time: 0.0315770 seconds
26.274: [GC26.274: [ParNew: 37567K->4159K(37568K), 0.0028020 secs] 409606K->379092K(758420K), 0.0028470 secs] [Times: user=0.02 sys=0.00, real=0.01 secs] 
26.277: Total time for which application threads were stopped: 0.0058660 seconds, Stopping threads took: 0.0029540 seconds
26.308: Application time: 0.0312760 seconds
26.310: [GC26.310: [ParNew: 37567K->4159K(37568K), 0.0027070 secs] 412500K->381780K(758420K), 0.0027510 secs] [Times: user=0.02 sys=0.00, real=0.00 secs] 
26.313: Total time for which application threads were stopped: 0.0044520 seconds, Stopping threads took: 0.0016340 seconds
26.344: Application time: 0.0309470 seconds
26.346: [GC26.346: [ParNew: 37567K->4159K(37568K), 0.0025010 secs] 415188K->383894K(758420K), 0.0025440 secs] [Times: user=0.02 sys=0.00, real=0.01 secs] 
26.349: Total time for which application threads were stopped: 0.0050670 seconds, Stopping threads took: 0.0024560 seconds
26.379: Application time: 0.0301080 seconds
26.381: [GC26.381: [ParNew: 37567K->4158K(37568K), 0.0025750 secs] 417302K->386394K(758420K), 0.0026190 secs] [Times: user=0.02 sys=0.00, real=0.00 secs] 
26.384: Total time for which application threads were stopped: 0.0052450 seconds, Stopping threads took: 0.0025660 seconds
26.415: Application time: 0.0312300 seconds
26.417: [GC26.417: [ParNew: 37566K->4159K(37568K), 0.0028770 secs] 419802K->389181K(758420K), 0.0029220 secs] [Times: user=0.03 sys=0.00, real=0.00 secs] 
26.420: Total time for which application threads were stopped: 0.0045340 seconds, Stopping threads took: 0.0015250 seconds
26.451: Application time: 0.0309970 seconds
26.454: [GC26.454: [ParNew: 37567K->4159K(37568K), 0.0027350 secs] 422589K->391772K(758420K), 0.0027800 secs] [Times: user=0.02 sys=0.00, real=0.01 secs] 
26.457: Total time for which application threads were stopped: 0.0058370 seconds, Stopping threads took: 0.0029900 seconds
26.487: Application time: 0.0305880 seconds
26.489: [GC26.489: [ParNew: 37567K->4159K(37568K), 0.0029080 secs] 425180K->395118K(758420K), 0.0029520 secs] [Times: user=0.02 sys=0.00, real=0.00 secs] 
26.492: Total time for which application threads were stopped: 0.0050120 seconds, Stopping threads took: 0.0019960 seconds
26.524: Application time: 0.0317460 seconds
26.526: [GC26.526: [ParNew: 37567K->4158K(37568K), 0.0025800 secs] 428526K->397325K(758420K), 0.0026260 secs] [Times: user=0.02 sys=0.00, real=0.01 secs] 
26.528: Total time for which application threads were stopped: 0.0042560 seconds, Stopping threads took: 0.0015620 seconds
26.558: Application time: 0.0296250 seconds
26.560: [GC26.560: [ParNew: 37566K->4158K(37568K), 0.0027440 secs] 430733K->399835K(758420K), 0.0027890 secs] [Times: user=0.01 sys=0.01, real=0.00 secs] 
26.563: Total time for which application threads were stopped: 0.0050300 seconds, Stopping threads took: 0.0021750 seconds
26.594: Application time: 0.0312270 seconds
26.597: [GC26.597: [ParNew: 37566K->4159K(37568K), 0.0026870 secs] 433243K->402664K(758420K), 0.0027290 secs] [Times: user=0.02 sys=0.00, real=0.00 secs] 
26.600: Total time for which application threads were stopped: 0.0055380 seconds, Stopping threads took: 0.0027440 seconds
26.631: Application time: 0.0310280 seconds
26.632: [GC26.632: [ParNew: 37567K->4158K(37568K), 0.0023970 secs] 436072K->404473K(758420K), 0.0024490 secs] [Times: user=0.02 sys=0.00, real=0.01 secs] 
26.635: Total time for which application threads were stopped: 0.0040410 seconds, Stopping threads took: 0.0015250 seconds
26.667: Application time: 0.0323220 seconds
26.670: [GC26.670: [ParNew: 37566K->4159K(37568K), 0.0022370 secs] 437881K->405666K(758420K), 0.0022800 secs] [Times: user=0.02 sys=0.00, real=0.00 secs] 
26.672: Total time for which application threads were stopped: 0.0052350 seconds, Stopping threads took: 0.0028890 seconds
26.703: Application time: 0.0311240 seconds
26.706: [GC26.706: [ParNew: 37567K->4158K(37568K), 0.0026900 secs] 439074K->408206K(758420K), 0.0027350 secs] [Times: user=0.02 sys=0.00, real=0.01 secs] 
26.709: Total time for which application threads were stopped: 0.0054130 seconds, Stopping threads took: 0.0026040 seconds
26.739: Application time: 0.0306800 seconds
26.741: [GC26.741: [ParNew: 37566K->4159K(37568K), 0.0026050 secs] 441614K->410595K(758420K), 0.0026500 secs] [Times: user=0.01 sys=0.00, real=0.00 secs] 
26.744: Total time for which application threads were stopped: 0.0045490 seconds, Stopping threads took: 0.0018330 seconds
26.775: Application time: 0.0308580 seconds
26.777: [GC26.777: [ParNew: 37567K->4158K(37568K), 0.0026360 secs] 444003K->412858K(758420K), 0.0026790 secs] [Times: user=0.01 sys=0.00, real=0.00 secs] 
26.780: Total time for which application threads were stopped: 0.0046510 seconds, Stopping threads took: 0.0019060 seconds
26.812: Application time: 0.0322170 seconds
26.814: [GC26.814: [ParNew: 37566K->4158K(37568K), 0.0025430 secs] 446266K->415029K(758420K), 0.0025880 secs] [Times: user=0.02 sys=0.00, real=0.01 secs] 
26.816: Total time for which application threads were stopped: 0.0043430 seconds, Stopping threads took: 0.0016880 seconds
26.848: Application time: 0.0315250 seconds
26.850: [GC26.850: [ParNew: 37566K->4159K(37568K), 0.0021070 secs] 448437K->416034K(758420K), 0.0021500 secs] [Times: user=0.02 sys=0.00, real=0.00 secs] 
26.852: Total time for which application threads were stopped: 0.0046610 seconds, Stopping threads took: 0.0024450 seconds
26.884: Application time: 0.0313370 seconds
26.885: [GC26.885: [ParNew: 37567K->4159K(37568K), 0.0023340 secs] 449442K->417513K(758420K), 0.0023780 secs] [Times: user=0.02 sys=0.00, real=0.01 secs] 
26.888: Total time for which application threads were stopped: 0.0041730 seconds, Stopping threads took: 0.0017340 seconds
26.919: Application time: 0.0312680 seconds
26.921: [GC26.921: [ParNew: 37567K->4158K(37568K), 0.0025130 secs] 450921K->419620K(758420K), 0.0025560 secs] [Times: user=0.02 sys=0.00, real=0.00 secs] 
26.923: Total time for which application threads were stopped: 0.0042080 seconds, Stopping threads took: 0.0015860 seconds
26.956: Application time: 0.0322710 seconds
26.958: [GC26.958: [ParNew: 37566K->4158K(37568K), 0.0022840 secs] 453028K->421009K(758420K), 0.0023280 secs] [Times: user=0.02 sys=0.00, real=0.00 secs] 
26.960: Total time for which application threads were stopped: 0.0048410 seconds, Stopping threads took: 0.0024450 seconds
26.992: Application time: 0.0314870 seconds
26.994: [GC26.994: [ParNew: 37566K->4159K(37568K), 0.0026040 secs] 454417K->423390K(758420K), 0.0026460 secs] [Times: user=0.02 sys=0.00, real=0.01 secs] 
26.996: Total time for which application threads were stopped: 0.0043570 seconds, Stopping threads took: 0.0016430 seconds
27.026: Application time: 0.0302200 seconds
27.028: [GC27.028: [ParNew: 37567K->4158K(37568K), 0.0027400 secs] 456798K->426029K(758420K), 0.0027840 secs] [Times: user=0.02 sys=0.00, real=0.00 secs] 
27.031: Total time for which application threads were stopped: 0.0044140 seconds, Stopping threads took: 0.0015400 seconds
27.063: Application time: 0.0323750 seconds
27.066: [GC27.066: [ParNew: 37566K->4158K(37568K), 0.0023320 secs] 459437K->427514K(758420K), 0.0023790 secs] [Times: user=0.01 sys=0.00, real=0.01 secs] 
27.069: Total time for which application threads were stopped: 0.0053700 seconds, Stopping threads took: 0.0029250 seconds
27.100: Application time: 0.0312470 seconds
27.102: [GC27.102: [ParNew: 37566K->4159K(37568K), 0.0026210 secs] 460922K->429282K(758420K), 0.0026750 secs] [Times: user=0.02 sys=0.00, real=0.00 secs] 
27.105: Total time for which application threads were stopped: 0.0050680 seconds, Stopping threads took: 0.0023030 seconds
27.136: Application time: 0.0311030 seconds
27.138: [GC27.138: [ParNew: 37566K->4159K(37568K), 0.0028830 secs] 462688K->431959K(758420K), 0.0029300 secs] [Times: user=0.02 sys=0.00, real=0.00 secs] 
27.141: Total time for which application threads were stopped: 0.0045270 seconds, Stopping threads took: 0.0015110 seconds
27.171: Application time: 0.0300650 seconds
27.174: [GC27.174: [ParNew: 37567K->4159K(37568K), 0.0028930 secs] 465367K->434915K(758420K), 0.0029370 secs] [Times: user=0.02 sys=0.00, real=0.01 secs] 
27.177: Total time for which application threads were stopped: 0.0060100 seconds, Stopping threads took: 0.0030060 seconds
27.210: Application time: 0.0334260 seconds
27.212: [GC27.213: [ParNew: 37567K->4159K(37568K), 0.0021340 secs] 468323K->435756K(758420K), 0.0021790 secs] [Times: user=0.02 sys=0.00, real=0.01 secs] 
27.215: Total time for which application threads were stopped: 0.0045770 seconds, Stopping threads took: 0.0023250 seconds
27.247: Application time: 0.0318070 seconds
27.247: [GC27.247: [ParNew: 37567K->4158K(37568K), 0.0024320 secs] 469164K->437457K(758420K), 0.0024750 secs] [Times: user=0.02 sys=0.00, real=0.00 secs] 
27.250: Total time for which application threads were stopped: 0.0034530 seconds, Stopping threads took: 0.0009120 seconds
27.282: Application time: 0.0319360 seconds
27.284: [GC27.284: [ParNew: 37566K->4158K(37568K), 0.0023860 secs] 470865K->439018K(758420K), 0.0024290 secs] [Times: user=0.01 sys=0.00, real=0.01 secs] 
27.287: Total time for which application threads were stopped: 0.0047550 seconds, Stopping threads took: 0.0022620 seconds
27.318: Application time: 0.0313190 seconds
27.321: [GC27.321: [ParNew: 37565K->4159K(37568K), 0.0026880 secs] 472426K->441514K(758420K), 0.0027360 secs] [Times: user=0.02 sys=0.00, real=0.00 secs] 
27.323: Total time for which application threads were stopped: 0.0055020 seconds, Stopping threads took: 0.0026860 seconds
27.355: Application time: 0.0312790 seconds
27.357: [GC27.357: [ParNew: 37567K->4158K(37568K), 0.0028390 secs] 474922K->444325K(758420K), 0.0028820 secs] [Times: user=0.02 sys=0.00, real=0.00 secs] 
27.360: Total time for which application threads were stopped: 0.0048010 seconds, Stopping threads took: 0.0018520 seconds
27.390: Application time: 0.0306850 seconds
27.392: [GC27.392: [ParNew: 37566K->4158K(37568K), 0.0025010 secs] 477733K->446157K(758420K), 0.0025480 secs] [Times: user=0.02 sys=0.00, real=0.01 secs] 
27.395: Total time for which application threads were stopped: 0.0046870 seconds, Stopping threads took: 0.0020530 seconds
27.427: Application time: 0.0318510 seconds
27.428: [GC27.428: [ParNew: 37566K->4159K(37568K), 0.0023540 secs] 479565K->447432K(758420K), 0.0024000 secs] [Times: user=0.01 sys=0.00, real=0.00 secs] 
27.430: Total time for which application threads were stopped: 0.0036740 seconds, Stopping threads took: 0.0011840 seconds
27.463: Application time: 0.0325720 seconds
27.465: [GC27.465: [ParNew: 37567K->4158K(37568K), 0.0021630 secs] 480840K->447612K(758420K), 0.0022080 secs] [Times: user=0.01 sys=0.00, real=0.01 secs] 
27.467: Total time for which application threads were stopped: 0.0041470 seconds, Stopping threads took: 0.0018720 seconds
27.498: Application time: 0.0307230 seconds
27.500: [GC27.500: [ParNew: 37566K->4158K(37568K), 0.0026760 secs] 481020K->449613K(758420K), 0.0027210 secs] [Times: user=0.02 sys=0.00, real=0.00 secs] 
27.503: Total time for which application threads were stopped: 0.0050440 seconds, Stopping threads took: 0.0022340 seconds
27.535: Application time: 0.0323000 seconds
27.538: [GC27.538: [ParNew: 37565K->4158K(37568K), 0.0022710 secs] 483020K->450517K(758420K), 0.0023170 secs] [Times: user=0.01 sys=0.00, real=0.00 secs] 
27.540: Total time for which application threads were stopped: 0.0050690 seconds, Stopping threads took: 0.0026720 seconds
27.572: Application time: 0.0314300 seconds
27.573: [GC27.573: [ParNew: 37566K->4158K(37568K), 0.0025210 secs] 483925K->452710K(758420K), 0.0025760 secs] [Times: user=0.02 sys=0.00, real=0.01 secs] 
27.575: Total time for which application threads were stopped: 0.0036270 seconds, Stopping threads took: 0.0009610 seconds
27.606: Application time: 0.0305120 seconds
27.608: [GC27.608: [ParNew: 37566K->4158K(37568K), 0.0027120 secs] 486118K->455264K(758420K), 0.0027600 secs] [Times: user=0.02 sys=0.00, real=0.00 secs] 
27.611: Total time for which application threads were stopped: 0.0050950 seconds, Stopping threads took: 0.0022690 seconds
27.643: Application time: 0.0316000 seconds
27.645: [GC27.645: [ParNew: 37566K->4159K(37568K), 0.0027320 secs] 488672K->457716K(758420K), 0.0027760 secs] [Times: user=0.02 sys=0.00, real=0.01 secs] 
27.648: Total time for which application threads were stopped: 0.0050630 seconds, Stopping threads took: 0.0021980 seconds
27.680: Application time: 0.0318580 seconds
27.681: [GC27.681: [ParNew: 37567K->4159K(37568K), 0.0024020 secs] 491124K->458882K(758420K), 0.0024540 secs] [Times: user=0.02 sys=0.00, real=0.00 secs] 
27.684: Total time for which application threads were stopped: 0.0042630 seconds, Stopping threads took: 0.0017310 seconds
27.715: Application time: 0.0316910 seconds
27.718: [GC27.718: [ParNew: 37567K->4158K(37568K), 0.0025720 secs] 492290K->460949K(758420K), 0.0026170 secs] [Times: user=0.02 sys=0.00, real=0.00 secs] 
27.720: Total time for which application threads were stopped: 0.0049240 seconds, Stopping threads took: 0.0022310 seconds
27.753: Application time: 0.0324990 seconds
27.756: [GC27.756: [ParNew: 37566K->4158K(37568K), 0.0024850 secs] 494357K->462881K(758420K), 0.0025290 secs] [Times: user=0.02 sys=0.00, real=0.00 secs] 
27.758: Total time for which application threads were stopped: 0.0054570 seconds, Stopping threads took: 0.0028600 seconds
27.790: Application time: 0.0316960 seconds
27.792: [GC27.792: [ParNew: 37566K->4159K(37568K), 0.0025150 secs] 496289K->464741K(758420K), 0.0025610 secs] [Times: user=0.02 sys=0.00, real=0.00 secs] 
27.794: Total time for which application threads were stopped: 0.0043200 seconds, Stopping threads took: 0.0016710 seconds
27.826: Application time: 0.0313420 seconds
27.828: [GC27.828: [ParNew: 37567K->4159K(37568K), 0.0027040 secs] 498149K->467415K(758420K), 0.0027520 secs] [Times: user=0.02 sys=0.00, real=0.00 secs] 
27.831: Total time for which application threads were stopped: 0.0050330 seconds, Stopping threads took: 0.0022130 seconds
27.863: Application time: 0.0318830 seconds
27.865: [GC27.865: [ParNew: 37567K->4158K(37568K), 0.0027230 secs] 500823K->469946K(758420K), 0.0027680 secs] [Times: user=0.02 sys=0.00, real=0.01 secs] 
27.867: Total time for which application threads were stopped: 0.0047030 seconds, Stopping threads took: 0.0018470 seconds
27.898: Application time: 0.0310990 seconds
27.901: [GC27.901: [ParNew: 37566K->4158K(37568K), 0.0023800 secs] 503354K->471330K(758420K), 0.0024260 secs] [Times: user=0.02 sys=0.00, real=0.00 secs] 
27.903: Total time for which application threads were stopped: 0.0045450 seconds, Stopping threads took: 0.0020330 seconds
27.935: Application time: 0.0321310 seconds
27.936: [GC27.936: [ParNew: 37566K->4159K(37568K), 0.0023900 secs] 504738K->472646K(758420K), 0.0024360 secs] [Times: user=0.01 sys=0.00, real=0.00 secs] 
27.938: Total time for which application threads were stopped: 0.0031920 seconds, Stopping threads took: 0.0006880 seconds
27.971: Application time: 0.0324270 seconds
27.974: [GC27.974: [ParNew: 37567K->4158K(37568K), 0.0022580 secs] 506054K->473830K(758420K), 0.0023040 secs] [Times: user=0.02 sys=0.00, real=0.01 secs] 
27.976: Total time for which application threads were stopped: 0.0053490 seconds, Stopping threads took: 0.0029780 seconds
28.007: Application time: 0.0312890 seconds
28.010: [GC28.010: [ParNew: 37566K->4159K(37568K), 0.0025620 secs] 507238K->475995K(758420K), 0.0026070 secs] [Times: user=0.02 sys=0.00, real=0.00 secs] 
28.013: Total time for which application threads were stopped: 0.0054930 seconds, Stopping threads took: 0.0028030 seconds
28.043: Application time: 0.0303200 seconds
28.046: [GC28.046: [ParNew: 37567K->4158K(37568K), 0.0029060 secs] 509403K->478928K(758420K), 0.0029540 secs] [Times: user=0.02 sys=0.00, real=0.01 secs] 
28.049: Total time for which application threads were stopped: 0.0052940 seconds, Stopping threads took: 0.0022720 seconds
28.080: Application time: 0.0311130 seconds
28.081: [GC28.081: [ParNew: 37566K->4158K(37568K), 0.0030370 secs] 512336K->482610K(758420K), 0.0030810 secs] [Times: user=0.02 sys=0.00, real=0.00 secs] 
28.085: Total time for which application threads were stopped: 0.0048990 seconds, Stopping threads took: 0.0017500 seconds
28.116: Application time: 0.0318780 seconds
28.118: [GC28.118: [ParNew: 37566K->4159K(37568K), 0.0028540 secs] 516018K->485671K(758420K), 0.0029000 secs] [Times: user=0.02 sys=0.00, real=0.00 secs] 
28.121: Total time for which application threads were stopped: 0.0047140 seconds, Stopping threads took: 0.0017220 seconds
28.151: Application time: 0.0300510 seconds
28.153: [GC28.153: [ParNew: 37567K->4159K(37568K), 0.0030020 secs] 519079K->489091K(758420K), 0.0030480 secs] [Times: user=0.02 sys=0.00, real=0.01 secs] 
28.156: Total time for which application threads were stopped: 0.0051240 seconds, Stopping threads took: 0.0020090 seconds
28.189: Application time: 0.0322940 seconds
28.190: [GC28.191: [ParNew: 37567K->4159K(37568K), 0.0026380 secs] 522499K->491448K(758420K), 0.0026830 secs] [Times: user=0.02 sys=0.00, real=0.00 secs] 
28.193: Total time for which application threads were stopped: 0.0045990 seconds, Stopping threads took: 0.0018510 seconds
28.223: Application time: 0.0300870 seconds
28.225: [GC28.225: [ParNew: 37567K->4158K(37568K), 0.0029850 secs] 524856K->494665K(758420K), 0.0030310 secs] [Times: user=0.03 sys=0.00, real=0.01 secs] 
28.228: Total time for which application threads were stopped: 0.0047280 seconds, Stopping threads took: 0.0016200 seconds
28.258: Application time: 0.0299900 seconds
28.260: [GC28.260: [ParNew: 37566K->4158K(37568K), 0.0028380 secs] 528073K->497784K(758420K), 0.0028840 secs] [Times: user=0.02 sys=0.00, real=0.00 secs] 
28.263: Total time for which application threads were stopped: 0.0050860 seconds, Stopping threads took: 0.0021340 seconds
28.295: Application time: 0.0314720 seconds
28.298: [GC28.298: [ParNew: 37566K->4158K(37568K), 0.0025180 secs] 531192K->499747K(758420K), 0.0025620 secs] [Times: user=0.02 sys=0.00, real=0.00 secs] 
28.300: Total time for which application threads were stopped: 0.0058180 seconds, Stopping threads took: 0.0031890 seconds
28.332: Application time: 0.0315400 seconds
28.334: [GC28.334: [ParNew: 37566K->4158K(37568K), 0.0022940 secs] 533155K->501120K(758420K), 0.0023400 secs] [Times: user=0.02 sys=0.00, real=0.01 secs] 
28.336: Total time for which application threads were stopped: 0.0042650 seconds, Stopping threads took: 0.0018580 seconds
28.367: Application time: 0.0309960 seconds
28.369: [GC28.369: [ParNew: 37566K->4159K(37568K), 0.0027190 secs] 534528K->503309K(758420K), 0.0027640 secs] [Times: user=0.02 sys=0.00, real=0.00 secs] 
28.371: Total time for which application threads were stopped: 0.0041040 seconds, Stopping threads took: 0.0012760 seconds
28.403: Application time: 0.0312180 seconds
28.404: [GC28.404: [ParNew: 37567K->4158K(37568K), 0.0025880 secs] 536717K->505374K(758420K), 0.0026350 secs] [Times: user=0.02 sys=0.00, real=0.01 secs] 
28.407: Total time for which application threads were stopped: 0.0044010 seconds, Stopping threads took: 0.0016780 seconds
28.438: Application time: 0.0313040 seconds
28.441: [GC28.441: [ParNew: 37566K->4159K(37568K), 0.0026140 secs] 538782K->507791K(758420K), 0.0026570 secs] [Times: user=0.01 sys=0.00, real=0.00 secs] 
28.444: Total time for which application threads were stopped: 0.0052990 seconds, Stopping threads took: 0.0025620 seconds
28.475: Application time: 0.0310350 seconds
28.476: [GC28.476: [ParNew: 37567K->4159K(37568K), 0.0023620 secs] 541199K->509230K(758420K), 0.0024140 secs] [Times: user=0.02 sys=0.00, real=0.00 secs] 
28.479: Total time for which application threads were stopped: 0.0040620 seconds, Stopping threads took: 0.0015600 seconds
28.510: Application time: 0.0317670 seconds
28.513: [GC28.513: [ParNew: 37567K->4158K(37568K), 0.0021680 secs] 542638K->510083K(758420K), 0.0022120 secs] [Times: user=0.01 sys=0.00, real=0.01 secs] 
28.515: Total time for which application threads were stopped: 0.0043330 seconds, Stopping threads took: 0.0020540 seconds
28.546: Application time: 0.0316380 seconds
28.549: [GC28.549: [ParNew: 37566K->4159K(37568K), 0.0024690 secs] 543491K->511842K(758420K), 0.0025130 secs] [Times: user=0.02 sys=0.00, real=0.00 secs] 
28.551: Total time for which application threads were stopped: 0.0048020 seconds, Stopping threads took: 0.0022230 seconds
28.583: Application time: 0.0322560 seconds
28.584: [GC28.584: [ParNew: 37567K->4158K(37568K), 0.0023040 secs] 545250K->512962K(758420K), 0.0023510 secs] [Times: user=0.02 sys=0.00, real=0.01 secs] 
28.587: Total time for which application threads were stopped: 0.0033940 seconds, Stopping threads took: 0.0009760 seconds
28.617: Application time: 0.0305520 seconds
28.620: [GC28.620: [ParNew: 37564K->4159K(37568K), 0.0027900 secs] 546368K->515954K(758420K), 0.0028350 secs] [Times: user=0.02 sys=0.00, real=0.00 secs] 
28.623: Total time for which application threads were stopped: 0.0052070 seconds, Stopping threads took: 0.0022730 seconds
28.654: Application time: 0.0311440 seconds
28.657: [GC28.657: [ParNew: 37567K->4158K(37568K), 0.0026300 secs] 549362K->517823K(758420K), 0.0026740 secs] [Times: user=0.02 sys=0.00, real=0.00 secs] 
28.660: Total time for which application threads were stopped: 0.0057600 seconds, Stopping threads took: 0.0030000 seconds
28.690: Application time: 0.0306970 seconds
28.691: [GC28.691: [ParNew: 37566K->4158K(37568K), 0.0025280 secs] 551231K->519574K(758420K), 0.0025750 secs] [Times: user=0.02 sys=0.00, real=0.00 secs] 
28.694: Total time for which application threads were stopped: 0.0037090 seconds, Stopping threads took: 0.0010700 seconds
28.725: Application time: 0.0310750 seconds
28.726: [GC28.726: [ParNew: 37566K->4158K(37568K), 0.0026860 secs] 552982K->522036K(758420K), 0.0027300 secs] [Times: user=0.02 sys=0.00, real=0.01 secs] 
28.729: Total time for which application threads were stopped: 0.0041570 seconds, Stopping threads took: 0.0013510 seconds
28.761: Application time: 0.0315870 seconds
28.763: [GC28.763: [ParNew: 37566K->4159K(37568K), 0.0029590 secs] 555444K->525377K(758420K), 0.0030030 secs] [Times: user=0.02 sys=0.00, real=0.00 secs] 
28.766: Total time for which application threads were stopped: 0.0049070 seconds, Stopping threads took: 0.0018380 seconds
28.797: Application time: 0.0316160 seconds
28.799: [GC28.799: [ParNew: 37567K->4159K(37568K), 0.0027910 secs] 558785K->527901K(758420K), 0.0028380 secs] [Times: user=0.02 sys=0.01, real=0.00 secs] 
28.802: Total time for which application threads were stopped: 0.0042170 seconds, Stopping threads took: 0.0013110 seconds
28.833: Application time: 0.0315300 seconds
28.836: [GC28.836: [ParNew: 37567K->4158K(37568K), 0.0028640 secs] 561309K->530767K(758420K), 0.0029100 secs] [Times: user=0.01 sys=0.00, real=0.00 secs] 
28.839: Total time for which application threads were stopped: 0.0056800 seconds, Stopping threads took: 0.0027030 seconds
28.870: Application time: 0.0316830 seconds
28.873: [GC28.873: [ParNew: 37566K->4158K(37568K), 0.0028100 secs] 564175K->533644K(758420K), 0.0028550 secs] [Times: user=0.02 sys=0.00, real=0.01 secs] 
28.876: Total time for which application threads were stopped: 0.0059080 seconds, Stopping threads took: 0.0029870 seconds
28.907: Application time: 0.0307680 seconds
28.909: [GC28.909: [ParNew: 37566K->4158K(37568K), 0.0030710 secs] 567052K->537355K(758420K), 0.0031140 secs] [Times: user=0.02 sys=0.00, real=0.00 secs] 
28.912: Total time for which application threads were stopped: 0.0054050 seconds, Stopping threads took: 0.0022240 seconds
28.945: Application time: 0.0324120 seconds
28.947: [GC28.947: [ParNew: 37566K->4158K(37568K), 0.0028650 secs] 570763K->539941K(758420K), 0.0029190 secs] [Times: user=0.01 sys=0.00, real=0.00 secs] 
28.950: Total time for which application threads were stopped: 0.0051230 seconds, Stopping threads took: 0.0021350 seconds
28.982: Application time: 0.0316160 seconds
28.982: [GC28.982: [ParNew: 37566K->4159K(37568K), 0.0027410 secs] 573349K->542498K(758420K), 0.0027860 secs] [Times: user=0.02 sys=0.00, real=0.00 secs] 
28.985: Total time for which application threads were stopped: 0.0031020 seconds, Stopping threads took: 0.0002470 seconds
29.017: Application time: 0.0320760 seconds
29.019: [GC29.020: [ParNew: 37567K->4159K(37568K), 0.0020370 secs] 575906K->542941K(758420K), 0.0020850 secs] [Times: user=0.01 sys=0.01, real=0.00 secs] 
29.022: Total time for which application threads were stopped: 0.0047640 seconds, Stopping threads took: 0.0025920 seconds
29.053: Application time: 0.0315130 seconds
29.055: [GC29.055: [ParNew: 37567K->4159K(37568K), 0.0025560 secs] 576349K->545294K(758420K), 0.0026010 secs] [Times: user=0.01 sys=0.00, real=0.00 secs] 
29.057: Total time for which application threads were stopped: 0.0042660 seconds, Stopping threads took: 0.0015980 seconds
29.088: Application time: 0.0305960 seconds
29.090: [GC29.090: [ParNew: 37567K->4159K(37568K), 0.0027210 secs] 578702K->548052K(758420K), 0.0027650 secs] [Times: user=0.02 sys=0.00, real=0.00 secs] 
29.093: Total time for which application threads were stopped: 0.0046830 seconds, Stopping threads took: 0.0018570 seconds
29.123: Application time: 0.0301340 seconds
29.125: [GC29.125: [ParNew: 37567K->4159K(37568K), 0.0029170 secs] 581460K->551289K(758420K), 0.0029590 secs] [Times: user=0.03 sys=0.00, real=0.01 secs] 
29.128: Total time for which application threads were stopped: 0.0049940 seconds, Stopping threads took: 0.0019680 seconds
29.159: Application time: 0.0313660 seconds
29.161: [GC29.161: [ParNew: 37566K->4159K(37568K), 0.0023130 secs] 584696K->552382K(758420K), 0.0023560 secs] [Times: user=0.02 sys=0.00, real=0.00 secs] 
29.163: Total time for which application threads were stopped: 0.0042120 seconds, Stopping threads took: 0.0017900 seconds
29.195: Application time: 0.0311580 seconds
29.197: [GC29.197: [ParNew: 37567K->4159K(37568K), 0.0027640 secs] 585790K->554461K(758420K), 0.0028060 secs] [Times: user=0.02 sys=0.00, real=0.00 secs] 
29.199: Total time for which application threads were stopped: 0.0048820 seconds, Stopping threads took: 0.0020120 seconds
29.229: Application time: 0.0291960 seconds
29.230: [GC29.230: [ParNew: 37567K->4159K(37568K), 0.0025410 secs] 587869K->556513K(758420K), 0.0025850 secs] [Times: user=0.02 sys=0.00, real=0.00 secs] 
29.233: Total time for which application threads were stopped: 0.0041480 seconds, Stopping threads took: 0.0014910 seconds
29.262: Application time: 0.0290010 seconds
29.263: [GC29.263: [ParNew: 37567K->4159K(37568K), 0.0027050 secs] 589921K->558927K(758420K), 0.0027510 secs] [Times: user=0.02 sys=0.00, real=0.00 secs] 
29.266: Total time for which application threads were stopped: 0.0041750 seconds, Stopping threads took: 0.0013560 seconds
29.295: Application time: 0.0286860 seconds
29.297: [GC29.297: [ParNew: 37567K->4159K(37568K), 0.0028470 secs] 592335K->561608K(758420K), 0.0028920 secs] [Times: user=0.02 sys=0.00, real=0.00 secs] 
29.300: Total time for which application threads were stopped: 0.0054970 seconds, Stopping threads took: 0.0025400 seconds
29.331: Application time: 0.0304070 seconds
29.334: [GC29.334: [ParNew: 37567K->4159K(37568K), 0.0020100 secs] 595016K->562202K(758420K), 0.0020550 secs] [Times: user=0.01 sys=0.00, real=0.01 secs] 
29.336: Total time for which application threads were stopped: 0.0050680 seconds, Stopping threads took: 0.0029490 seconds
29.365: Application time: 0.0294570 seconds
29.367: [GC29.367: [ParNew: 37567K->4159K(37568K), 0.0026260 secs] 595610K->564471K(758420K), 0.0026710 secs] [Times: user=0.02 sys=0.00, real=0.00 secs] 
29.369: Total time for which application threads were stopped: 0.0043570 seconds, Stopping threads took: 0.0016140 seconds
29.398: Application time: 0.0289980 seconds
29.400: [GC29.400: [ParNew: 37567K->4158K(37568K), 0.0024040 secs] 597879K->566101K(758420K), 0.0024440 secs] [Times: user=0.01 sys=0.00, real=0.00 secs] 
29.402: Total time for which application threads were stopped: 0.0038250 seconds, Stopping threads took: 0.0013160 seconds
29.431: Application time: 0.0286730 seconds
29.432: [GC29.432: [ParNew: 37565K->4159K(37568K), 0.0026680 secs] 599508K->568500K(758420K), 0.0027100 secs] [Times: user=0.02 sys=0.00, real=0.01 secs] 
29.435: Total time for which application threads were stopped: 0.0040170 seconds, Stopping threads took: 0.0012420 seconds
29.465: Application time: 0.0300470 seconds
29.468: [GC29.468: [ParNew: 37567K->4158K(37568K), 0.0025170 secs] 601908K->570447K(758420K), 0.0025580 secs] [Times: user=0.02 sys=0.00, real=0.00 secs] 
29.470: Total time for which application threads were stopped: 0.0053820 seconds, Stopping threads took: 0.0027380 seconds
29.499: Application time: 0.0288210 seconds
29.501: [GC29.501: [ParNew: 37566K->4159K(37568K), 0.0027220 secs] 603855K->572756K(758420K), 0.0027640 secs] [Times: user=0.02 sys=0.00, real=0.00 secs] 
29.503: Total time for which application threads were stopped: 0.0040890 seconds, Stopping threads took: 0.0012510 seconds
29.532: Application time: 0.0289190 seconds
29.534: [GC29.534: [ParNew: 37567K->4159K(37568K), 0.0024470 secs] 606164K->574498K(758420K), 0.0024890 secs] [Times: user=0.02 sys=0.00, real=0.01 secs] 
29.537: Total time for which application threads were stopped: 0.0044210 seconds, Stopping threads took: 0.0018670 seconds
29.566: Application time: 0.0292600 seconds
29.568: [GC29.568: [ParNew: 37567K->4159K(37568K), 0.0023220 secs] 607906K->576050K(758420K), 0.0023620 secs] [Times: user=0.02 sys=0.00, real=0.00 secs] 
29.570: Total time for which application threads were stopped: 0.0041500 seconds, Stopping threads took: 0.0017240 seconds
29.601: Application time: 0.0309800 seconds
29.602: [GC29.602: [ParNew: 37567K->3779K(37568K), 0.0017970 secs] 609458K->575670K(758420K), 0.0018370 secs] [Times: user=0.02 sys=0.00, real=0.00 secs] 
29.604: Total time for which application threads were stopped: 0.0025050 seconds, Stopping threads took: 0.0006020 seconds
29.634: Application time: 0.0303850 seconds
29.635: [GC29.635: [ParNew: 37186K->4158K(37568K), 0.0022080 secs] 609077K->577092K(758420K), 0.0022490 secs] [Times: user=0.02 sys=0.00, real=0.00 secs] 
29.638: Total time for which application threads were stopped: 0.0037840 seconds, Stopping threads took: 0.0014700 seconds
29.667: Application time: 0.0295530 seconds
29.669: [GC29.669: [ParNew: 37566K->4158K(37568K), 0.0026860 secs] 610500K->579528K(758420K), 0.0027300 secs] [Times: user=0.02 sys=0.00, real=0.00 secs] 
29.672: Total time for which application threads were stopped: 0.0045820 seconds, Stopping threads took: 0.0017870 seconds
29.702: Application time: 0.0297130 seconds
29.704: [GC29.704: [ParNew: 37566K->4158K(37568K), 0.0023180 secs] 612936K->580964K(758420K), 0.0023600 secs] [Times: user=0.01 sys=0.01, real=0.01 secs] 
29.707: Total time for which application threads were stopped: 0.0051540 seconds, Stopping threads took: 0.0027280 seconds
29.737: Application time: 0.0298030 seconds
29.739: [GC29.739: [ParNew: 37566K->4159K(37568K), 0.0022210 secs] 614372K->582171K(758420K), 0.0022650 secs] [Times: user=0.01 sys=0.00, real=0.00 secs] 
29.742: Total time for which application threads were stopped: 0.0050110 seconds, Stopping threads took: 0.0026750 seconds
29.770: Application time: 0.0289460 seconds
29.773: [GC29.773: [ParNew: 37567K->4158K(37568K), 0.0028750 secs] 615579K->585310K(758420K), 0.0029210 secs] [Times: user=0.02 sys=0.00, real=0.01 secs] 
29.776: Total time for which application threads were stopped: 0.0059000 seconds, Stopping threads took: 0.0029150 seconds
29.808: Application time: 0.0312120 seconds
29.810: [GC29.810: [ParNew: 37566K->4158K(37568K), 0.0025910 secs] 618718K->587302K(758420K), 0.0026430 secs] [Times: user=0.02 sys=0.00, real=0.00 secs] 
29.813: Total time for which application threads were stopped: 0.0055160 seconds, Stopping threads took: 0.0028100 seconds
29.842: Application time: 0.0286390 seconds
29.844: [GC29.844: [ParNew: 37566K->4159K(37568K), 0.0030380 secs] 620710K->590062K(758420K), 0.0030820 secs] [Times: user=0.02 sys=0.00, real=0.01 secs] 
29.848: Total time for which application threads were stopped: 0.0057630 seconds, Stopping threads took: 0.0025960 seconds
29.877: Application time: 0.0298940 seconds
29.878: [GC29.878: [ParNew: 37567K->4158K(37568K), 0.0024990 secs] 623470K->591513K(758420K), 0.0025460 secs] [Times: user=0.02 sys=0.00, real=0.00 secs] 
29.881: Total time for which application threads were stopped: 0.0030880 seconds, Stopping threads took: 0.0004550 seconds
29.909: Application time: 0.0288830 seconds
29.911: [GC29.911: [ParNew: 37566K->4159K(37568K), 0.0024570 secs] 624921K->593278K(758420K), 0.0025010 secs] [Times: user=0.02 sys=0.00, real=0.00 secs] 
29.914: Total time for which application threads were stopped: 0.0043120 seconds, Stopping threads took: 0.0017350 seconds
29.943: Application time: 0.0290080 seconds
29.946: [GC29.946: [ParNew: 37567K->4159K(37568K), 0.0027150 secs] 626686K->596042K(758420K), 0.0027620 secs] [Times: user=0.02 sys=0.01, real=0.01 secs] 
29.949: Total time for which application threads were stopped: 0.0059590 seconds, Stopping threads took: 0.0031320 seconds
29.977: Application time: 0.0281680 seconds
29.979: [GC29.980: [ParNew: 37567K->4159K(37568K), 0.0028980 secs] 629450K->599191K(758420K), 0.0029430 secs] [Times: user=0.02 sys=0.00, real=0.00 secs] 
29.982: Total time for which application threads were stopped: 0.0055970 seconds, Stopping threads took: 0.0025870 seconds
30.012: Application time: 0.0290880 seconds
30.013: [GC30.013: [ParNew: 37567K->4158K(37568K), 0.0025960 secs] 632598K->601390K(758420K), 0.0026400 secs] [Times: user=0.02 sys=0.00, real=0.01 secs] 
30.016: Total time for which application threads were stopped: 0.0042230 seconds, Stopping threads took: 0.0014950 seconds
30.045: Application time: 0.0287960 seconds
30.046: [GC30.046: [ParNew: 37566K->4159K(37568K), 0.0029380 secs] 634798K->604551K(758420K), 0.0029850 secs] [Times: user=0.02 sys=0.00, real=0.01 secs] 
30.049: Total time for which application threads were stopped: 0.0045880 seconds, Stopping threads took: 0.0015370 seconds
30.078: Application time: 0.0288730 seconds
30.080: [GC30.080: [ParNew: 37567K->4158K(37568K), 0.0028300 secs] 637959K->607539K(758420K), 0.0028740 secs] [Times: user=0.02 sys=0.00, real=0.00 secs] 
30.083: Total time for which application threads were stopped: 0.0047600 seconds, Stopping threads took: 0.0018240 seconds
30.112: Application time: 0.0287770 seconds
30.114: [GC30.114: [ParNew: 37566K->4158K(37568K), 0.0028220 secs] 640947K->610423K(758420K), 0.0028650 secs] [Times: user=0.02 sys=0.00, real=0.01 secs] 
30.117: Total time for which application threads were stopped: 0.0053210 seconds, Stopping threads took: 0.0023900 seconds
30.147: Application time: 0.0303650 seconds
30.150: [GC30.150: [ParNew: 37566K->4159K(37568K), 0.0023450 secs] 643831K->611806K(758420K), 0.0023900 secs] [Times: user=0.01 sys=0.00, real=0.00 secs] 
30.153: Total time for which application threads were stopped: 0.0052510 seconds, Stopping threads took: 0.0027950 seconds
30.181: Application time: 0.0289540 seconds
30.184: [GC30.184: [ParNew: 37567K->4159K(37568K), 0.0027080 secs] 645214K->614565K(758420K), 0.0027540 secs] [Times: user=0.02 sys=0.00, real=0.00 secs] 
30.186: Total time for which application threads were stopped: 0.0050210 seconds, Stopping threads took: 0.0022010 seconds
30.216: Application time: 0.0291270 seconds
30.218: [GC30.218: [ParNew: 37567K->4158K(37568K), 0.0024140 secs] 647973K->616216K(758420K), 0.0024580 secs] [Times: user=0.02 sys=0.00, real=0.00 secs] 
30.221: Total time for which application threads were stopped: 0.0048760 seconds, Stopping threads took: 0.0023310 seconds
30.249: Application time: 0.0288610 seconds
30.252: [GC30.252: [ParNew: 37566K->4159K(37568K), 0.0024050 secs] 649624K->617736K(758420K), 0.0024560 secs] [Times: user=0.02 sys=0.00, real=0.00 secs] 
30.254: Total time for which application threads were stopped: 0.0051040 seconds, Stopping threads took: 0.0025540 seconds
30.284: Application time: 0.0296750 seconds
30.286: [GC30.286: [ParNew: 37567K->4158K(37568K), 0.0023960 secs] 651144K->619203K(758420K), 0.0024390 secs] [Times: user=0.02 sys=0.00, real=0.01 secs] 
30.289: Total time for which application threads were stopped: 0.0045410 seconds, Stopping threads took: 0.0020130 seconds
30.317: Application time: 0.0283990 seconds
30.319: [GC30.319: [ParNew: 37566K->4159K(37568K), 0.0028110 secs] 652611K->622290K(758420K), 0.0028530 secs] [Times: user=0.02 sys=0.00, real=0.00 secs] 
30.322: Total time for which application threads were stopped: 0.0052320 seconds, Stopping threads took: 0.0023150 seconds
30.352: Application time: 0.0301320 seconds
30.354: [GC30.354: [ParNew: 37567K->4159K(37568K), 0.0022510 secs] 655698K->623194K(758420K), 0.0022950 secs] [Times: user=0.02 sys=0.00, real=0.01 secs] 
30.356: Total time for which application threads were stopped: 0.0039980 seconds, Stopping threads took: 0.0016300 seconds
30.386: Application time: 0.0292140 seconds
30.388: [GC30.388: [ParNew: 37567K->4158K(37568K), 0.0025100 secs] 656602K->625117K(758420K), 0.0025530 secs] [Times: user=0.01 sys=0.00, real=0.00 secs] 
30.390: Total time for which application threads were stopped: 0.0044820 seconds, Stopping threads took: 0.0018410 seconds
30.420: Application time: 0.0295140 seconds
30.421: [GC30.421: [ParNew: 37566K->4159K(37568K), 0.0024030 secs] 658525K->626351K(758420K), 0.0024450 secs] [Times: user=0.02 sys=0.00, real=0.00 secs] 
30.424: Total time for which application threads were stopped: 0.0040370 seconds, Stopping threads took: 0.0015070 seconds
30.453: Application time: 0.0293980 seconds
30.455: [GC30.455: [ParNew: 37567K->4159K(37568K), 0.0027190 secs] 659759K->629027K(758420K), 0.0027610 secs] [Times: user=0.02 sys=0.00, real=0.00 secs] 
30.458: Total time for which application threads were stopped: 0.0049970 seconds, Stopping threads took: 0.0021490 seconds
30.488: Application time: 0.0303180 seconds
30.490: [GC30.490: [ParNew: 37567K->4158K(37568K), 0.0021080 secs] 662435K->629633K(758420K), 0.0021490 secs] [Times: user=0.01 sys=0.01, real=0.00 secs] 
30.493: Total time for which application threads were stopped: 0.0041090 seconds, Stopping threads took: 0.0018960 seconds
30.522: Application time: 0.0296270 seconds
30.524: [GC30.524: [ParNew: 37566K->4158K(37568K), 0.0022140 secs] 663041K->630609K(758420K), 0.0022580 secs] [Times: user=0.01 sys=0.00, real=0.00 secs] 
30.526: Total time for which application threads were stopped: 0.0040570 seconds, Stopping threads took: 0.0017360 seconds
30.556: Application time: 0.0297610 seconds
30.558: [GC30.558: [ParNew: 37566K->4158K(37568K), 0.0023360 secs] 664017K->632005K(758420K), 0.0023810 secs] [Times: user=0.02 sys=0.00, real=0.00 secs] 
30.560: Total time for which application threads were stopped: 0.0039570 seconds, Stopping threads took: 0.0015110 seconds
30.589: Application time: 0.0294890 seconds
30.592: [GC30.592: [ParNew: 37565K->4158K(37568K), 0.0026100 secs] 665412K->634334K(758420K), 0.0026530 secs] [Times: user=0.02 sys=0.00, real=0.00 secs] 
30.594: Total time for which application threads were stopped: 0.0048440 seconds, Stopping threads took: 0.0021260 seconds
30.624: Application time: 0.0294950 seconds
30.626: [GC30.626: [ParNew: 37565K->4159K(37568K), 0.0026360 secs] 667741K->636676K(758420K), 0.0026810 secs] [Times: user=0.02 sys=0.00, real=0.01 secs] 
30.629: Total time for which application threads were stopped: 0.0047630 seconds, Stopping threads took: 0.0020150 seconds
30.656: Application time: 0.0278760 seconds
30.658: [GC30.658: [ParNew: 37567K->4158K(37568K), 0.0025900 secs] 670084K->638907K(758420K), 0.0026310 secs] [Times: user=0.02 sys=0.00, real=0.00 secs] 
30.661: Total time for which application threads were stopped: 0.0046410 seconds, Stopping threads took: 0.0019440 seconds
30.691: Application time: 0.0295410 seconds
30.693: [GC30.693: [ParNew: 37566K->4158K(37568K), 0.0026680 secs] 672315K->641154K(758420K), 0.0027220 secs] [Times: user=0.02 sys=0.00, real=0.01 secs] 
30.696: Total time for which application threads were stopped: 0.0052090 seconds, Stopping threads took: 0.0023990 seconds
30.726: Application time: 0.0299240 seconds
30.728: [GC30.728: [ParNew: 37566K->4159K(37568K), 0.0022220 secs] 674562K->642287K(758420K), 0.0022660 secs] [Times: user=0.02 sys=0.00, real=0.00 secs] 
30.730: Total time for which application threads were stopped: 0.0047000 seconds, Stopping threads took: 0.0023680 seconds
30.760: Application time: 0.0295610 seconds
30.762: [GC30.762: [ParNew: 37567K->4159K(37568K), 0.0022250 secs] 675695K->643266K(758420K), 0.0022710 secs] [Times: user=0.02 sys=0.00, real=0.00 secs] 
30.764: Total time for which application threads were stopped: 0.0043970 seconds, Stopping threads took: 0.0020310 seconds
30.794: Application time: 0.0291620 seconds
30.795: [GC30.795: [ParNew: 37566K->4158K(37568K), 0.0024730 secs] 676673K->645226K(758420K), 0.0025210 secs] [Times: user=0.02 sys=0.00, real=0.01 secs] 
30.797: Total time for which application threads were stopped: 0.0034830 seconds, Stopping threads took: 0.0008960 seconds
30.827: Application time: 0.0294790 seconds
30.828: [GC30.828: [ParNew: 37566K->4159K(37568K), 0.0027780 secs] 678634K->648117K(758420K), 0.0028210 secs] [Times: user=0.03 sys=0.00, real=0.00 secs] 
30.831: Total time for which application threads were stopped: 0.0047110 seconds, Stopping threads took: 0.0018260 seconds
30.862: Application time: 0.0303290 seconds
30.864: [GC30.864: [ParNew: 37567K->4159K(37568K), 0.0027370 secs] 681525K->650736K(758420K), 0.0027790 secs] [Times: user=0.02 sys=0.00, real=0.00 secs] 
30.866: Total time for which application threads were stopped: 0.0048820 seconds, Stopping threads took: 0.0020380 seconds
30.896: Application time: 0.0297870 seconds
30.898: [GC30.898: [ParNew: 37567K->4158K(37568K), 0.0027480 secs] 684144K->652616K(758420K), 0.0027930 secs] [Times: user=0.02 sys=0.00, real=0.00 secs] 
30.901: Total time for which application threads were stopped: 0.0042830 seconds, Stopping threads took: 0.0014260 seconds
30.930: Application time: 0.0293080 seconds
30.931: [GC30.931: [ParNew: 37566K->4158K(37568K), 0.0029040 secs] 686024K->655732K(758420K), 0.0029490 secs] [Times: user=0.02 sys=0.00, real=0.00 secs] 
30.934: Total time for which application threads were stopped: 0.0045560 seconds, Stopping threads took: 0.0015410 seconds
30.964: Application time: 0.0291950 seconds
30.965: [GC30.965: [ParNew: 37566K->4158K(37568K), 0.0024600 secs] 689140K->657726K(758420K), 0.0025020 secs] [Times: user=0.02 sys=0.00, real=0.01 secs] 
30.968: Total time for which application threads were stopped: 0.0040000 seconds, Stopping threads took: 0.0014340 seconds
30.997: Application time: 0.0296420 seconds
30.999: [GC30.999: [ParNew: 37566K->4158K(37568K), 0.0028620 secs] 691134K->660507K(758420K), 0.0029040 secs] [Times: user=0.02 sys=0.00, real=0.00 secs] 
31.002: Total time for which application threads were stopped: 0.0044230 seconds, Stopping threads took: 0.0014550 seconds
31.031: Application time: 0.0288330 seconds
31.033: [GC31.033: [ParNew: 37566K->4158K(37568K), 0.0027720 secs] 693915K->663143K(758420K), 0.0028150 secs] [Times: user=0.03 sys=0.00, real=0.01 secs] 
31.036: Total time for which application threads were stopped: 0.0051020 seconds, Stopping threads took: 0.0022240 seconds
 CMS: abort preclean due to time 31.038: [CMS-concurrent-abortable-preclean: 0.683/5.007 secs] [Times: user=37.76 sys=0.18, real=5.01 secs] 
31.039: Application time: 0.0030050 seconds
31.040: [GC[YG occupancy: 8070 K (37568 K)]31.040: [Rescan (parallel) , 0.0003890 secs]31.040: [weak refs processing, 0.0000080 secs]31.040: [scrub string table, 0.0001060 secs] [1 CMS-remark: 658984K(720852K)] 667054K(758420K), 0.0005310 secs] [Times: user=0.01 sys=0.00, real=0.00 secs] 
31.040: Total time for which application threads were stopped: 0.0015380 seconds, Stopping threads took: 0.0009480 seconds
31.040: [CMS-concurrent-sweep-start]
31.069: Application time: 0.0287520 seconds
31.071: [GC31.071: [ParNew: 37566K->4159K(37568K), 0.0024000 secs] 411885K->380453K(758420K), 0.0024420 secs] [Times: user=0.01 sys=0.00, real=0.00 secs] 
31.073: Total time for which application threads were stopped: 0.0040370 seconds, Stopping threads took: 0.0015330 seconds
31.078: [CMS-concurrent-sweep: 0.034/0.038 secs] [Times: user=0.26 sys=0.00, real=0.04 secs] 
31.078: [CMS-concurrent-reset-start]
31.080: [CMS-concurrent-reset: 0.002/0.002 secs] [Times: user=0.03 sys=0.00, real=0.00 secs] 
31.103: Application time: 0.0304300 seconds
31.105: [GC31.105: [ParNew: 37567K->4054K(37568K), 0.0017200 secs] 340077K->306564K(758420K), 0.0017610 secs] [Times: user=0.01 sys=0.00, real=0.00 secs] 
31.106: Total time for which application threads were stopped: 0.0030460 seconds, Stopping threads took: 0.0012200 seconds
31.138: Application time: 0.0313400 seconds
31.140: [GC31.140: [ParNew: 37462K->4159K(37568K), 0.0018980 secs] 339972K->307063K(758420K), 0.0019400 secs] [Times: user=0.01 sys=0.00, real=0.00 secs] 
31.142: Total time for which application threads were stopped: 0.0045070 seconds, Stopping threads took: 0.0025060 seconds
31.173: Application time: 0.0304200 seconds
31.174: [GC31.175: [ParNew: 37567K->4159K(37568K), 0.0022130 secs] 340471K->308260K(758420K), 0.0022540 secs] [Times: user=0.02 sys=0.00, real=0.01 secs] 
31.177: Total time for which application threads were stopped: 0.0040460 seconds, Stopping threads took: 0.0017280 seconds
31.207: Application time: 0.0297490 seconds
31.208: [GC31.208: [ParNew: 37567K->4159K(37568K), 0.0027320 secs] 341668K->311259K(758420K), 0.0027770 secs] [Times: user=0.02 sys=0.00, real=0.00 secs] 
31.211: Total time for which application threads were stopped: 0.0045490 seconds, Stopping threads took: 0.0017070 seconds
31.241: Application time: 0.0298590 seconds
31.242: [GC31.242: [ParNew: 37565K->4158K(37568K), 0.0021330 secs] 344665K->312289K(758420K), 0.0021750 secs] [Times: user=0.02 sys=0.00, real=0.00 secs] 
31.245: Total time for which application threads were stopped: 0.0037370 seconds, Stopping threads took: 0.0014980 seconds
31.274: Application time: 0.0296370 seconds
31.276: [GC31.276: [ParNew: 37566K->4136K(37568K), 0.0018050 secs] 345697K->312267K(758420K), 0.0018490 secs] [Times: user=0.01 sys=0.00, real=0.00 secs] 
31.278: Total time for which application threads were stopped: 0.0036540 seconds, Stopping threads took: 0.0017320 seconds
31.308: Application time: 0.0304990 seconds
31.311: [GC31.311: [ParNew: 37544K->4158K(37568K), 0.0022500 secs] 345675K->313706K(758420K), 0.0022930 secs] [Times: user=0.02 sys=0.01, real=0.00 secs] 
31.314: Total time for which application threads were stopped: 0.0052060 seconds, Stopping threads took: 0.0028470 seconds
31.344: Application time: 0.0299650 seconds
31.346: [GC31.346: [ParNew: 37556K->4159K(37568K), 0.0021740 secs] 347104K->315001K(758420K), 0.0022160 secs] [Times: user=0.02 sys=0.00, real=0.01 secs] 
31.348: Total time for which application threads were stopped: 0.0042490 seconds, Stopping threads took: 0.0019760 seconds
31.377: Application time: 0.0287910 seconds
31.378: [GC31.378: [ParNew: 37567K->4159K(37568K), 0.0023980 secs] 348409K->316706K(758420K), 0.0024440 secs] [Times: user=0.01 sys=0.00, real=0.00 secs] 
31.381: Total time for which application threads were stopped: 0.0038690 seconds, Stopping threads took: 0.0013590 seconds
31.412: Application time: 0.0313390 seconds
31.414: [GC31.414: [ParNew: 37566K->4158K(37568K), 0.0021770 secs] 350113K->317839K(758420K), 0.0022210 secs] [Times: user=0.01 sys=0.00, real=0.01 secs] 
31.416: Total time for which application threads were stopped: 0.0041810 seconds, Stopping threads took: 0.0018960 seconds
31.446: Application time: 0.0295290 seconds
31.447: [GC31.447: [ParNew: 37566K->4158K(37568K), 0.0027680 secs] 351247K->320791K(758420K), 0.0028110 secs] [Times: user=0.02 sys=0.00, real=0.00 secs] 
31.450: Total time for which application threads were stopped: 0.0044890 seconds, Stopping threads took: 0.0016110 seconds
31.479: Application time: 0.0291210 seconds
31.481: [GC31.481: [ParNew: 37566K->4159K(37568K), 0.0022680 secs] 354199K->322112K(758420K), 0.0023110 secs] [Times: user=0.02 sys=0.00, real=0.00 secs] 
31.483: Total time for which application threads were stopped: 0.0041960 seconds, Stopping threads took: 0.0018200 seconds
31.513: Application time: 0.0294300 seconds
31.515: [GC31.515: [ParNew: 37566K->4158K(37568K), 0.0024070 secs] 355518K->324104K(758420K), 0.0024500 secs] [Times: user=0.01 sys=0.00, real=0.00 secs] 
31.517: Total time for which application threads were stopped: 0.0044330 seconds, Stopping threads took: 0.0019180 seconds
31.547: Application time: 0.0295130 seconds
31.549: [GC31.549: [ParNew: 37565K->4158K(37568K), 0.0028940 secs] 357511K->327831K(758420K), 0.0029330 secs] [Times: user=0.02 sys=0.00, real=0.00 secs] 
31.552: Total time for which application threads were stopped: 0.0051550 seconds, Stopping threads took: 0.0021620 seconds
31.552: Application time: 0.0000790 seconds
31.552: [GC [1 CMS-initial-mark: 323672K(720852K)] 328422K(758420K), 0.0001850 secs] [Times: user=0.00 sys=0.00, real=0.00 secs] 
31.553: Total time for which application threads were stopped: 0.0005610 seconds, Stopping threads took: 0.0003560 seconds
31.553: [CMS-concurrent-mark-start]
31.563: [CMS-concurrent-mark: 0.010/0.010 secs] [Times: user=0.08 sys=0.00, real=0.01 secs] 
31.563: [CMS-concurrent-preclean-start]
31.564: [CMS-concurrent-preclean: 0.001/0.001 secs] [Times: user=0.00 sys=0.00, real=0.00 secs] 
31.564: [CMS-concurrent-abortable-preclean-start]
31.582: Application time: 0.0293120 seconds
31.583: [GC31.584: [ParNew: 37566K->4159K(37568K), 0.0026800 secs] 361239K->330521K(758420K), 0.0027230 secs] [Times: user=0.02 sys=0.00, real=0.00 secs] 
31.586: Total time for which application threads were stopped: 0.0043270 seconds, Stopping threads took: 0.0015400 seconds
31.616: Application time: 0.0298690 seconds
31.618: [GC31.618: [ParNew: 37567K->4158K(37568K), 0.0026450 secs] 363929K->333128K(758420K), 0.0026870 secs] [Times: user=0.02 sys=0.00, real=0.00 secs] 
31.620: Total time for which application threads were stopped: 0.0043730 seconds, Stopping threads took: 0.0016220 seconds
31.650: Application time: 0.0293700 seconds
31.651: [GC31.651: [ParNew: 37566K->4159K(37568K), 0.0028960 secs] 366536K->336675K(758420K), 0.0029380 secs] [Times: user=0.02 sys=0.00, real=0.00 secs] 
31.654: Total time for which application threads were stopped: 0.0045040 seconds, Stopping threads took: 0.0015000 seconds
31.683: Application time: 0.0283110 seconds
31.685: [GC31.685: [ParNew: 37566K->4159K(37568K), 0.0029400 secs] 370083K->340264K(758420K), 0.0029850 secs] [Times: user=0.02 sys=0.00, real=0.01 secs] 
31.688: Total time for which application threads were stopped: 0.0051530 seconds, Stopping threads took: 0.0020970 seconds
31.717: Application time: 0.0292770 seconds
31.719: [GC31.719: [ParNew: 37567K->4159K(37568K), 0.0026020 secs] 373672K->342806K(758420K), 0.0026430 secs] [Times: user=0.02 sys=0.00, real=0.00 secs] 
31.722: Total time for which application threads were stopped: 0.0046660 seconds, Stopping threads took: 0.0019580 seconds
31.751: Application time: 0.0296220 seconds
31.754: [GC31.754: [ParNew: 37567K->4158K(37568K), 0.0027840 secs] 376214K->345802K(758420K), 0.0028300 secs] [Times: user=0.02 sys=0.00, real=0.01 secs] 
31.757: Total time for which application threads were stopped: 0.0055540 seconds, Stopping threads took: 0.0026600 seconds
31.787: Application time: 0.0295650 seconds
31.789: [GC31.789: [ParNew: 37566K->4159K(37568K), 0.0028590 secs] 379210K->349083K(758420K), 0.0029030 secs] [Times: user=0.02 sys=0.01, real=0.00 secs] 
31.792: Total time for which application threads were stopped: 0.0051950 seconds, Stopping threads took: 0.0022160 seconds
31.821: Application time: 0.0290600 seconds
31.822: [GC31.822: [ParNew: 37567K->4159K(37568K), 0.0021380 secs] 382491K->350324K(758420K), 0.0021890 secs] [Times: user=0.02 sys=0.00, real=0.00 secs] 
31.825: Total time for which application threads were stopped: 0.0037750 seconds, Stopping threads took: 0.0015210 seconds
31.855: Application time: 0.0302180 seconds
31.856: [GC31.856: [ParNew: 37567K->4158K(37568K), 0.0019150 secs] 383732K->350630K(758420K), 0.0019550 secs] [Times: user=0.01 sys=0.00, real=0.00 secs] 
31.858: Total time for which application threads were stopped: 0.0035410 seconds, Stopping threads took: 0.0015230 seconds
31.888: Application time: 0.0292600 seconds
31.890: [GC31.890: [ParNew: 37566K->4158K(37568K), 0.0024070 secs] 384038K->352757K(758420K), 0.0024490 secs] [Times: user=0.02 sys=0.00, real=0.00 secs] 
31.893: Total time for which application threads were stopped: 0.0050610 seconds, Stopping threads took: 0.0025480 seconds
31.921: Application time: 0.0282580 seconds
31.923: [GC31.923: [ParNew: 37566K->4159K(37568K), 0.0028160 secs] 386165K->355812K(758420K), 0.0028590 secs] [Times: user=0.02 sys=0.00, real=0.00 secs] 
31.926: Total time for which application threads were stopped: 0.0050340 seconds, Stopping threads took: 0.0021100 seconds
31.955: Application time: 0.0293080 seconds
31.957: [GC31.957: [ParNew: 37567K->4159K(37568K), 0.0026590 secs] 389220K->358690K(758420K), 0.0027010 secs] [Times: user=0.02 sys=0.00, real=0.00 secs] 
31.960: Total time for which application threads were stopped: 0.0048600 seconds, Stopping threads took: 0.0020960 seconds
31.989: Application time: 0.0288330 seconds
31.990: [GC31.990: [ParNew: 37567K->4159K(37568K), 0.0028260 secs] 392098K->361797K(758420K), 0.0028700 secs] [Times: user=0.02 sys=0.00, real=0.00 secs] 
31.993: Total time for which application threads were stopped: 0.0043080 seconds, Stopping threads took: 0.0013710 seconds
32.025: Application time: 0.0312410 seconds
32.028: [GC32.028: [ParNew: 37567K->4159K(37568K), 0.0029600 secs] 395205K->365216K(758420K), 0.0030070 secs] [Times: user=0.02 sys=0.00, real=0.00 secs] 
32.031: Total time for which application threads were stopped: 0.0061610 seconds, Stopping threads took: 0.0030900 seconds
32.059: Application time: 0.0281710 seconds
32.061: [GC32.061: [ParNew: 37567K->4159K(37568K), 0.0029500 secs] 398624K->368391K(758420K), 0.0029940 secs] [Times: user=0.02 sys=0.00, real=0.00 secs] 
32.065: Total time for which application threads were stopped: 0.0056470 seconds, Stopping threads took: 0.0025880 seconds
32.093: Application time: 0.0286760 seconds
32.095: [GC32.095: [ParNew: 37567K->4158K(37568K), 0.0027700 secs] 401799K->371372K(758420K), 0.0028160 secs] [Times: user=0.02 sys=0.00, real=0.00 secs] 
32.098: Total time for which application threads were stopped: 0.0048130 seconds, Stopping threads took: 0.0019090 seconds
32.127: Application time: 0.0293630 seconds
32.129: [GC32.129: [ParNew: 37566K->4158K(37568K), 0.0020120 secs] 404780K->371925K(758420K), 0.0020520 secs] [Times: user=0.02 sys=0.00, real=0.00 secs] 
32.131: Total time for which application threads were stopped: 0.0032550 seconds, Stopping threads took: 0.0011310 seconds
32.160: Application time: 0.0292670 seconds
32.161: [GC32.161: [ParNew: 37566K->4158K(37568K), 0.0024120 secs] 405333K->373800K(758420K), 0.0024510 secs] [Times: user=0.02 sys=0.00, real=0.00 secs] 
32.164: Total time for which application threads were stopped: 0.0040550 seconds, Stopping threads took: 0.0015390 seconds
32.194: Application time: 0.0296470 seconds
32.196: [GC32.196: [ParNew: 37566K->4159K(37568K), 0.0025360 secs] 407208K->376116K(758420K), 0.0025760 secs] [Times: user=0.02 sys=0.00, real=0.00 secs] 
32.198: Total time for which application threads were stopped: 0.0045460 seconds, Stopping threads took: 0.0019070 seconds
32.228: Application time: 0.0294820 seconds
32.230: [GC32.230: [ParNew: 37567K->4158K(37568K), 0.0026630 secs] 409524K->378720K(758420K), 0.0027060 secs] [Times: user=0.02 sys=0.00, real=0.00 secs] 
32.233: Total time for which application threads were stopped: 0.0050950 seconds, Stopping threads took: 0.0023260 seconds
32.262: Application time: 0.0292060 seconds
32.264: [GC32.264: [ParNew: 37566K->4158K(37568K), 0.0027240 secs] 412128K->381066K(758420K), 0.0027750 secs] [Times: user=0.02 sys=0.00, real=0.00 secs] 
32.266: Total time for which application threads were stopped: 0.0043830 seconds, Stopping threads took: 0.0015210 seconds
32.296: Application time: 0.0299400 seconds
32.298: [GC32.298: [ParNew: 37566K->4159K(37568K), 0.0023240 secs] 414474K->382335K(758420K), 0.0023670 secs] [Times: user=0.02 sys=0.00, real=0.00 secs] 
32.301: Total time for which application threads were stopped: 0.0045920 seconds, Stopping threads took: 0.0021600 seconds
32.330: Application time: 0.0290830 seconds
32.332: [GC32.332: [ParNew: 37566K->4158K(37568K), 0.0022360 secs] 415742K->383459K(758420K), 0.0022790 secs] [Times: user=0.02 sys=0.00, real=0.00 secs] 
32.334: Total time for which application threads were stopped: 0.0040980 seconds, Stopping threads took: 0.0017520 seconds
32.364: Application time: 0.0296190 seconds
32.365: [GC32.365: [ParNew: 37566K->4159K(37568K), 0.0024630 secs] 416867K->385382K(758420K), 0.0025070 secs] [Times: user=0.01 sys=0.00, real=0.01 secs] 
32.368: Total time for which application threads were stopped: 0.0041460 seconds, Stopping threads took: 0.0015740 seconds
32.397: Application time: 0.0296210 seconds
32.400: [GC32.400: [ParNew: 37567K->4159K(37568K), 0.0026620 secs] 418790K->388192K(758420K), 0.0027150 secs] [Times: user=0.01 sys=0.01, real=0.00 secs] 
32.403: Total time for which application threads were stopped: 0.0052130 seconds, Stopping threads took: 0.0024420 seconds
32.433: Application time: 0.0301780 seconds
32.435: [GC32.435: [ParNew: 37567K->4159K(37568K), 0.0023660 secs] 421600K->390035K(758420K), 0.0024080 secs] [Times: user=0.02 sys=0.00, real=0.00 secs] 
32.438: Total time for which application threads were stopped: 0.0050440 seconds, Stopping threads took: 0.0025690 seconds
32.467: Application time: 0.0286930 seconds
32.469: [GC32.469: [ParNew: 37567K->4159K(37568K), 0.0028520 secs] 423443K->392693K(758420K), 0.0028960 secs] [Times: user=0.02 sys=0.00, real=0.00 secs] 
32.471: Total time for which application threads were stopped: 0.0049100 seconds, Stopping threads took: 0.0019480 seconds
32.502: Application time: 0.0303120 seconds
32.503: [GC32.503: [ParNew: 37567K->3727K(37568K), 0.0018630 secs] 426101K->392290K(758420K), 0.0019030 secs] [Times: user=0.01 sys=0.00, real=0.00 secs] 
32.505: Total time for which application threads were stopped: 0.0033410 seconds, Stopping threads took: 0.0013660 seconds
32.535: Application time: 0.0294990 seconds
32.536: [GC32.536: [ParNew: 37135K->4159K(37568K), 0.0022490 secs] 425698K->394119K(758420K), 0.0023000 secs] [Times: user=0.01 sys=0.00, real=0.00 secs] 
32.539: Total time for which application threads were stopped: 0.0040090 seconds, Stopping threads took: 0.0016230 seconds
32.568: Application time: 0.0298260 seconds
32.571: [GC32.571: [ParNew: 37567K->4158K(37568K), 0.0020610 secs] 427527K->394872K(758420K), 0.0021020 secs] [Times: user=0.01 sys=0.00, real=0.00 secs] 
32.573: Total time for which application threads were stopped: 0.0045410 seconds, Stopping threads took: 0.0023750 seconds
32.601: Application time: 0.0284840 seconds
32.604: [GC32.604: [ParNew: 37566K->4158K(37568K), 0.0027890 secs] 428280K->397954K(758420K), 0.0028330 secs] [Times: user=0.02 sys=0.00, real=0.00 secs] 
32.606: Total time for which application threads were stopped: 0.0049880 seconds, Stopping threads took: 0.0020900 seconds
32.637: Application time: 0.0300360 seconds
32.639: [GC32.639: [ParNew: 37566K->4159K(37568K), 0.0024590 secs] 431362K->400093K(758420K), 0.0025040 secs] [Times: user=0.01 sys=0.00, real=0.00 secs] 
32.642: Total time for which application threads were stopped: 0.0051100 seconds, Stopping threads took: 0.0025400 seconds
32.669: Application time: 0.0272660 seconds
32.671: [GC32.671: [ParNew: 37567K->4159K(37568K), 0.0027880 secs] 433501K->403127K(758420K), 0.0028320 secs] [Times: user=0.02 sys=0.00, real=0.00 secs] 
32.674: Total time for which application threads were stopped: 0.0049010 seconds, Stopping threads took: 0.0020010 seconds
32.705: Application time: 0.0307640 seconds
32.707: [GC32.707: [ParNew: 37567K->4158K(37568K), 0.0028250 secs] 436535K->406129K(758420K), 0.0028750 secs] [Times: user=0.02 sys=0.00, real=0.00 secs] 
32.710: Total time for which application threads were stopped: 0.0053480 seconds, Stopping threads took: 0.0024090 seconds
32.740: Application time: 0.0299350 seconds
32.743: [GC32.743: [ParNew: 37566K->4158K(37568K), 0.0023620 secs] 439537K->408042K(758420K), 0.0024080 secs] [Times: user=0.01 sys=0.00, real=0.00 secs] 
32.745: Total time for which application threads were stopped: 0.0055260 seconds, Stopping threads took: 0.0030540 seconds
32.775: Application time: 0.0293970 seconds
32.776: [GC32.777: [ParNew: 37566K->4158K(37568K), 0.0026230 secs] 441450K->410271K(758420K), 0.0026680 secs] [Times: user=0.02 sys=0.00, real=0.00 secs] 
32.779: Total time for which application threads were stopped: 0.0043870 seconds, Stopping threads took: 0.0016530 seconds
32.809: Application time: 0.0301460 seconds
32.811: [GC32.812: [ParNew: 37566K->4158K(37568K), 0.0023330 secs] 443679K->411925K(758420K), 0.0023770 secs] [Times: user=0.01 sys=0.00, real=0.00 secs] 
32.814: Total time for which application threads were stopped: 0.0045650 seconds, Stopping threads took: 0.0021150 seconds
32.843: Application time: 0.0290400 seconds
32.845: [GC32.845: [ParNew: 37566K->4159K(37568K), 0.0030010 secs] 445333K->415550K(758420K), 0.0030450 secs] [Times: user=0.02 sys=0.00, real=0.01 secs] 
32.848: Total time for which application threads were stopped: 0.0055050 seconds, Stopping threads took: 0.0023950 seconds
32.877: Application time: 0.0284140 seconds
32.879: [GC32.879: [ParNew: 37567K->4159K(37568K), 0.0026340 secs] 448958K->418000K(758420K), 0.0026740 secs] [Times: user=0.01 sys=0.01, real=0.00 secs] 
32.881: Total time for which application threads were stopped: 0.0044550 seconds, Stopping threads took: 0.0017110 seconds
32.910: Application time: 0.0290200 seconds
32.912: [GC32.912: [ParNew: 37567K->4159K(37568K), 0.0026620 secs] 451408K->420414K(758420K), 0.0027060 secs] [Times: user=0.02 sys=0.00, real=0.00 secs] 
32.914: Total time for which application threads were stopped: 0.0039520 seconds, Stopping threads took: 0.0011790 seconds
32.945: Application time: 0.0304050 seconds
32.947: [GC32.947: [ParNew: 37567K->4159K(37568K), 0.0022150 secs] 453822K->421747K(758420K), 0.0022590 secs] [Times: user=0.01 sys=0.00, real=0.00 secs] 
32.949: Total time for which application threads were stopped: 0.0046400 seconds, Stopping threads took: 0.0023190 seconds
32.978: Application time: 0.0287750 seconds
32.979: [GC32.979: [ParNew: 37567K->4158K(37568K), 0.0027540 secs] 455155K->424888K(758420K), 0.0027970 secs] [Times: user=0.02 sys=0.00, real=0.00 secs] 
32.982: Total time for which application threads were stopped: 0.0038010 seconds, Stopping threads took: 0.0009150 seconds
33.012: Application time: 0.0297400 seconds
33.014: [GC33.014: [ParNew: 37564K->4159K(37568K), 0.0024700 secs] 458295K->426967K(758420K), 0.0025130 secs] [Times: user=0.02 sys=0.00, real=0.01 secs] 
33.016: Total time for which application threads were stopped: 0.0047610 seconds, Stopping threads took: 0.0021830 seconds
33.046: Application time: 0.0292600 seconds
33.047: [GC33.047: [ParNew: 37567K->4158K(37568K), 0.0024700 secs] 460375K->428833K(758420K), 0.0025090 secs] [Times: user=0.02 sys=0.00, real=0.00 secs] 
33.050: Total time for which application threads were stopped: 0.0040550 seconds, Stopping threads took: 0.0014830 seconds
33.078: Application time: 0.0286460 seconds
33.083: [GC33.083: [ParNew: 37566K->4159K(37568K), 0.0026670 secs] 462241K->431451K(758420K), 0.0027110 secs] [Times: user=0.02 sys=0.00, real=0.00 secs] 
33.086: Total time for which application threads were stopped: 0.0071600 seconds, Stopping threads took: 0.0043830 seconds
33.115: Application time: 0.0291010 seconds
33.117: [GC33.117: [ParNew: 37566K->4159K(37568K), 0.0025860 secs] 464859K->433960K(758420K), 0.0026290 secs] [Times: user=0.02 sys=0.00, real=0.00 secs] 
33.120: Total time for which application threads were stopped: 0.0051660 seconds, Stopping threads took: 0.0024650 seconds
33.149: Application time: 0.0294290 seconds
33.151: [GC33.151: [ParNew: 37567K->4158K(37568K), 0.0027360 secs] 467368K->436741K(758420K), 0.0027780 secs] [Times: user=0.02 sys=0.00, real=0.00 secs] 
33.154: Total time for which application threads were stopped: 0.0047820 seconds, Stopping threads took: 0.0019470 seconds
33.184: Application time: 0.0303430 seconds
33.187: [GC33.187: [ParNew: 37566K->4158K(37568K), 0.0025130 secs] 470149K->439033K(758420K), 0.0025570 secs] [Times: user=0.02 sys=0.00, real=0.00 secs] 
33.189: Total time for which application threads were stopped: 0.0049250 seconds, Stopping threads took: 0.0022820 seconds
33.219: Application time: 0.0298840 seconds
33.221: [GC33.221: [ParNew: 37566K->4159K(37568K), 0.0021080 secs] 472441K->439721K(758420K), 0.0021550 secs] [Times: user=0.02 sys=0.00, real=0.00 secs] 
33.223: Total time for which application threads were stopped: 0.0036400 seconds, Stopping threads took: 0.0014170 seconds
33.256: Application time: 0.0329150 seconds
33.259: [GC33.259: [ParNew: 37567K->4158K(37568K), 0.0021020 secs] 473129K->440765K(758420K), 0.0021500 secs] [Times: user=0.01 sys=0.00, real=0.00 secs] 
33.261: Total time for which application threads were stopped: 0.0053900 seconds, Stopping threads took: 0.0031750 seconds
33.292: Application time: 0.0306920 seconds
33.294: [GC33.294: [ParNew: 37566K->4159K(37568K), 0.0025800 secs] 474173K->443220K(758420K), 0.0026270 secs] [Times: user=0.02 sys=0.00, real=0.01 secs] 
33.297: Total time for which application threads were stopped: 0.0051450 seconds, Stopping threads took: 0.0024490 seconds
33.328: Application time: 0.0314800 seconds
33.329: [GC33.329: [ParNew: 37567K->4159K(37568K), 0.0027940 secs] 476628K->446100K(758420K), 0.0028390 secs] [Times: user=0.02 sys=0.00, real=0.00 secs] 
33.332: Total time for which application threads were stopped: 0.0035700 seconds, Stopping threads took: 0.0006560 seconds
33.363: Application time: 0.0306770 seconds
33.365: [GC33.365: [ParNew: 37567K->4158K(37568K), 0.0027950 secs] 479508K->448849K(758420K), 0.0028410 secs] [Times: user=0.01 sys=0.01, real=0.01 secs] 
33.368: Total time for which application threads were stopped: 0.0048240 seconds, Stopping threads took: 0.0019150 seconds
33.399: Application time: 0.0318130 seconds
33.402: [GC33.402: [ParNew: 37566K->4158K(37568K), 0.0027490 secs] 482257K->451505K(758420K), 0.0027950 secs] [Times: user=0.02 sys=0.00, real=0.00 secs] 
33.405: Total time for which application threads were stopped: 0.0054810 seconds, Stopping threads took: 0.0026040 seconds
33.436: Application time: 0.0309360 seconds
33.439: [GC33.439: [ParNew: 37566K->4158K(37568K), 0.0027890 secs] 484913K->454063K(758420K), 0.0028350 secs] [Times: user=0.02 sys=0.00, real=0.00 secs] 
33.442: Total time for which application threads were stopped: 0.0057980 seconds, Stopping threads took: 0.0028720 seconds
33.472: Application time: 0.0308210 seconds
33.474: [GC33.474: [ParNew: 37566K->4158K(37568K), 0.0021890 secs] 487471K->454875K(758420K), 0.0022340 secs] [Times: user=0.01 sys=0.00, real=0.01 secs] 
33.476: Total time for which application threads were stopped: 0.0039140 seconds, Stopping threads took: 0.0015910 seconds
33.507: Application time: 0.0308300 seconds
33.508: [GC33.508: [ParNew: 37566K->4158K(37568K), 0.0027850 secs] 488283K->457629K(758420K), 0.0028310 secs] [Times: user=0.02 sys=0.00, real=0.00 secs] 
33.511: Total time for which application threads were stopped: 0.0037780 seconds, Stopping threads took: 0.0008800 seconds
33.543: Application time: 0.0316700 seconds
33.545: [GC33.545: [ParNew: 37566K->4158K(37568K), 0.0023190 secs] 491037K->458840K(758420K), 0.0023640 secs] [Times: user=0.02 sys=0.00, real=0.01 secs] 
33.548: Total time for which application threads were stopped: 0.0052180 seconds, Stopping threads took: 0.0027870 seconds
33.579: Application time: 0.0315390 seconds
33.581: [GC33.581: [ParNew: 37566K->4159K(37568K), 0.0026410 secs] 492248K->460895K(758420K), 0.0026860 secs] [Times: user=0.02 sys=0.00, real=0.00 secs] 
33.584: Total time for which application threads were stopped: 0.0046090 seconds, Stopping threads took: 0.0018350 seconds
33.615: Application time: 0.0310460 seconds
33.617: [GC33.617: [ParNew: 37565K->4158K(37568K), 0.0027820 secs] 494301K->463239K(758420K), 0.0028250 secs] [Times: user=0.02 sys=0.00, real=0.00 secs] 
33.620: Total time for which application threads were stopped: 0.0051210 seconds, Stopping threads took: 0.0022070 seconds
33.650: Application time: 0.0300800 seconds
33.652: [GC33.652: [ParNew: 37566K->4158K(37568K), 0.0030520 secs] 496647K->466931K(758420K), 0.0030980 secs] [Times: user=0.03 sys=0.00, real=0.01 secs] 
33.655: Total time for which application threads were stopped: 0.0051480 seconds, Stopping threads took: 0.0019920 seconds
33.685: Application time: 0.0300710 seconds
33.688: [GC33.688: [ParNew: 37566K->4159K(37568K), 0.0030180 secs] 500339K->470536K(758420K), 0.0030630 secs] [Times: user=0.02 sys=0.00, real=0.00 secs] 
33.691: Total time for which application threads were stopped: 0.0058160 seconds, Stopping threads took: 0.0026850 seconds
33.723: Application time: 0.0318350 seconds
33.726: [GC33.727: [ParNew: 37567K->4158K(37568K), 0.0027600 secs] 503944K->473384K(758420K), 0.0028070 secs] [Times: user=0.02 sys=0.00, real=0.01 secs] 
33.729: Total time for which application threads were stopped: 0.0062150 seconds, Stopping threads took: 0.0033410 seconds
33.760: Application time: 0.0305410 seconds
33.762: [GC33.762: [ParNew: 37566K->4158K(37568K), 0.0025430 secs] 506792K->475626K(758420K), 0.0025920 secs] [Times: user=0.02 sys=0.00, real=0.00 secs] 
33.764: Total time for which application threads were stopped: 0.0043380 seconds, Stopping threads took: 0.0016560 seconds
33.794: Application time: 0.0293200 seconds
33.797: [GC33.797: [ParNew: 37566K->4158K(37568K), 0.0028690 secs] 509034K->478796K(758420K), 0.0029140 secs] [Times: user=0.02 sys=0.00, real=0.00 secs] 
33.800: Total time for which application threads were stopped: 0.0061310 seconds, Stopping threads took: 0.0031390 seconds
33.831: Application time: 0.0315120 seconds
33.833: [GC33.833: [ParNew: 37565K->4159K(37568K), 0.0028710 secs] 512203K->481876K(758420K), 0.0029110 secs] [Times: user=0.02 sys=0.00, real=0.01 secs] 
33.836: Total time for which application threads were stopped: 0.0046540 seconds, Stopping threads took: 0.0016690 seconds
33.867: Application time: 0.0311770 seconds
33.869: [GC33.869: [ParNew: 37567K->4158K(37568K), 0.0027310 secs] 515284K->484795K(758420K), 0.0027760 secs] [Times: user=0.02 sys=0.00, real=0.00 secs] 
33.872: Total time for which application threads were stopped: 0.0052110 seconds, Stopping threads took: 0.0023460 seconds
33.903: Application time: 0.0312520 seconds
33.906: [GC33.906: [ParNew: 37566K->4158K(37568K), 0.0026630 secs] 518203K->486711K(758420K), 0.0027080 secs] [Times: user=0.02 sys=0.00, real=0.01 secs] 
33.909: Total time for which application threads were stopped: 0.0051510 seconds, Stopping threads took: 0.0023560 seconds
33.940: Application time: 0.0313100 seconds
33.943: [GC33.943: [ParNew: 37564K->4159K(37568K), 0.0027220 secs] 520117K->489023K(758420K), 0.0027680 secs] [Times: user=0.02 sys=0.00, real=0.00 secs] 
33.946: Total time for which application threads were stopped: 0.0059770 seconds, Stopping threads took: 0.0031430 seconds
33.977: Application time: 0.0312610 seconds
33.980: [GC33.980: [ParNew: 37567K->4158K(37568K), 0.0022970 secs] 522431K->490263K(758420K), 0.0023420 secs] [Times: user=0.02 sys=0.00, real=0.00 secs] 
33.982: Total time for which application threads were stopped: 0.0051900 seconds, Stopping threads took: 0.0027830 seconds
34.014: Application time: 0.0318150 seconds
34.016: [GC34.016: [ParNew: 37566K->4158K(37568K), 0.0028270 secs] 523671K->492920K(758420K), 0.0028730 secs] [Times: user=0.02 sys=0.00, real=0.00 secs] 
34.018: Total time for which application threads were stopped: 0.0043030 seconds, Stopping threads took: 0.0013520 seconds
34.050: Application time: 0.0317810 seconds
34.052: [GC34.052: [ParNew: 37566K->4158K(37568K), 0.0024920 secs] 526328K->494592K(758420K), 0.0025480 secs] [Times: user=0.02 sys=0.01, real=0.01 secs] 
34.055: Total time for which application threads were stopped: 0.0043810 seconds, Stopping threads took: 0.0017720 seconds
34.087: Application time: 0.0319380 seconds
34.088: [GC34.089: [ParNew: 37566K->4159K(37568K), 0.0023540 secs] 528000K->495757K(758420K), 0.0023990 secs] [Times: user=0.02 sys=0.00, real=0.00 secs] 
34.091: Total time for which application threads were stopped: 0.0043120 seconds, Stopping threads took: 0.0018250 seconds
34.123: Application time: 0.0318460 seconds
34.125: [GC34.125: [ParNew: 37567K->4159K(37568K), 0.0021360 secs] 529165K->496425K(758420K), 0.0021770 secs] [Times: user=0.01 sys=0.00, real=0.01 secs] 
34.127: Total time for which application threads were stopped: 0.0044990 seconds, Stopping threads took: 0.0022360 seconds
34.160: Application time: 0.0326960 seconds
34.162: [GC34.162: [ParNew: 37567K->4159K(37568K), 0.0020000 secs] 529833K->496534K(758420K), 0.0020480 secs] [Times: user=0.01 sys=0.00, real=0.00 secs] 
34.164: Total time for which application threads were stopped: 0.0037660 seconds, Stopping threads took: 0.0016530 seconds
34.195: Application time: 0.0309580 seconds
34.198: [GC34.198: [ParNew: 37567K->4159K(37568K), 0.0027060 secs] 529942K->499041K(758420K), 0.0027530 secs] [Times: user=0.02 sys=0.00, real=0.00 secs] 
34.200: Total time for which application threads were stopped: 0.0056980 seconds, Stopping threads took: 0.0028770 seconds
34.232: Application time: 0.0317820 seconds
34.235: [GC34.235: [ParNew: 37567K->4158K(37568K), 0.0026220 secs] 532449K->501449K(758420K), 0.0026670 secs] [Times: user=0.02 sys=0.00, real=0.00 secs] 
34.238: Total time for which application threads were stopped: 0.0057810 seconds, Stopping threads took: 0.0030480 seconds
34.269: Application time: 0.0305470 seconds
34.270: [GC34.270: [ParNew: 37566K->4159K(37568K), 0.0025470 secs] 534857K->503648K(758420K), 0.0025930 secs] [Times: user=0.01 sys=0.00, real=0.00 secs] 
34.273: Total time for which application threads were stopped: 0.0043860 seconds, Stopping threads took: 0.0017260 seconds
34.304: Application time: 0.0314790 seconds
34.306: [GC34.306: [ParNew: 37567K->4158K(37568K), 0.0020260 secs] 537056K->503795K(758420K), 0.0020700 secs] [Times: user=0.02 sys=0.00, real=0.01 secs] 
34.308: Total time for which application threads were stopped: 0.0036250 seconds, Stopping threads took: 0.0014860 seconds
34.338: Application time: 0.0302440 seconds
34.341: [GC34.341: [ParNew: 37566K->4159K(37568K), 0.0028660 secs] 537203K->506813K(758420K), 0.0029120 secs] [Times: user=0.02 sys=0.00, real=0.00 secs] 
34.344: Total time for which application threads were stopped: 0.0054290 seconds, Stopping threads took: 0.0024230 seconds
34.374: Application time: 0.0305910 seconds
34.376: [GC34.376: [ParNew: 37567K->4158K(37568K), 0.0028860 secs] 540221K->509722K(758420K), 0.0029320 secs] [Times: user=0.02 sys=0.00, real=0.00 secs] 
34.379: Total time for which application threads were stopped: 0.0049600 seconds, Stopping threads took: 0.0019610 seconds
34.410: Application time: 0.0309710 seconds
34.418: [GC34.418: [ParNew: 37566K->4158K(37568K), 0.0027370 secs] 543130K->512531K(758420K), 0.0027830 secs] [Times: user=0.02 sys=0.00, real=0.00 secs] 
34.421: Total time for which application threads were stopped: 0.0109330 seconds, Stopping threads took: 0.0080830 seconds
34.451: Application time: 0.0297360 seconds
34.453: [GC34.453: [ParNew: 37566K->4158K(37568K), 0.0030300 secs] 545939K->516213K(758420K), 0.0030780 secs] [Times: user=0.03 sys=0.00, real=0.01 secs] 
34.456: Total time for which application threads were stopped: 0.0051160 seconds, Stopping threads took: 0.0019770 seconds
34.488: Application time: 0.0319210 seconds
34.490: [GC34.490: [ParNew: 37566K->4158K(37568K), 0.0021080 secs] 549621K->516880K(758420K), 0.0021510 secs] [Times: user=0.01 sys=0.00, real=0.00 secs] 
34.492: Total time for which application threads were stopped: 0.0041620 seconds, Stopping threads took: 0.0019430 seconds
34.524: Application time: 0.0314280 seconds
34.526: [GC34.526: [ParNew: 37566K->4158K(37568K), 0.0027350 secs] 550288K->519415K(758420K), 0.0027910 secs] [Times: user=0.02 sys=0.00, real=0.01 secs] 
34.528: Total time for which application threads were stopped: 0.0049800 seconds, Stopping threads took: 0.0021210 seconds
34.558: Application time: 0.0296230 seconds
34.561: [GC34.561: [ParNew: 37566K->4159K(37568K), 0.0028650 secs] 552823K->521949K(758420K), 0.0029080 secs] [Times: user=0.02 sys=0.00, real=0.00 secs] 
34.564: Total time for which application threads were stopped: 0.0055570 seconds, Stopping threads took: 0.0025830 seconds
34.595: Application time: 0.0308570 seconds
34.597: [GC34.597: [ParNew: 37567K->4159K(37568K), 0.0026800 secs] 555357K->524447K(758420K), 0.0027290 secs] [Times: user=0.02 sys=0.00, real=0.00 secs] 
34.600: Total time for which application threads were stopped: 0.0055340 seconds, Stopping threads took: 0.0027370 seconds
34.631: Application time: 0.0310860 seconds
34.634: [GC34.634: [ParNew: 37567K->4159K(37568K), 0.0026150 secs] 557855K->526810K(758420K), 0.0026610 secs] [Times: user=0.02 sys=0.00, real=0.01 secs] 
34.637: Total time for which application threads were stopped: 0.0055820 seconds, Stopping threads took: 0.0028560 seconds
34.669: Application time: 0.0324470 seconds
34.672: [GC34.672: [ParNew: 37567K->4158K(37568K), 0.0023330 secs] 560218K->528093K(758420K), 0.0023770 secs] [Times: user=0.02 sys=0.00, real=0.00 secs] 
34.674: Total time for which application threads were stopped: 0.0051200 seconds, Stopping threads took: 0.0026760 seconds
34.706: Application time: 0.0316080 seconds
34.708: [GC34.708: [ParNew: 37566K->4158K(37568K), 0.0027110 secs] 561501K->530371K(758420K), 0.0027560 secs] [Times: user=0.02 sys=0.00, real=0.00 secs] 
34.710: Total time for which application threads were stopped: 0.0045620 seconds, Stopping threads took: 0.0017450 seconds
34.742: Application time: 0.0314940 seconds
34.744: [GC34.744: [ParNew: 37566K->4158K(37568K), 0.0026950 secs] 563779K->532406K(758420K), 0.0027380 secs] [Times: user=0.02 sys=0.00, real=0.01 secs] 
34.747: Total time for which application threads were stopped: 0.0050430 seconds, Stopping threads took: 0.0022190 seconds
34.778: Application time: 0.0312190 seconds
34.780: [GC34.780: [ParNew: 37565K->4159K(37568K), 0.0030180 secs] 565813K->535401K(758420K), 0.0030630 secs] [Times: user=0.03 sys=0.00, real=0.00 secs] 
34.783: Total time for which application threads were stopped: 0.0050610 seconds, Stopping threads took: 0.0019310 seconds
34.815: Application time: 0.0312210 seconds
34.816: [GC34.816: [ParNew: 37567K->4158K(37568K), 0.0026550 secs] 568809K->537203K(758420K), 0.0027030 secs] [Times: user=0.02 sys=0.00, real=0.00 secs] 
34.819: Total time for which application threads were stopped: 0.0045840 seconds, Stopping threads took: 0.0018050 seconds
34.852: Application time: 0.0324300 seconds
34.854: [GC34.854: [ParNew: 37566K->4158K(37568K), 0.0022710 secs] 570611K->537981K(758420K), 0.0023170 secs] [Times: user=0.02 sys=0.00, real=0.01 secs] 
34.856: Total time for which application threads were stopped: 0.0047780 seconds, Stopping threads took: 0.0023850 seconds
34.887: Application time: 0.0307560 seconds
34.890: [GC34.890: [ParNew: 37566K->4158K(37568K), 0.0028230 secs] 571389K->540639K(758420K), 0.0028680 secs] [Times: user=0.02 sys=0.00, real=0.00 secs] 
34.893: Total time for which application threads were stopped: 0.0054470 seconds, Stopping threads took: 0.0024900 seconds
34.924: Application time: 0.0313580 seconds
34.926: [GC34.926: [ParNew: 37566K->4159K(37568K), 0.0026650 secs] 574047K->542723K(758420K), 0.0027120 secs] [Times: user=0.02 sys=0.00, real=0.01 secs] 
34.929: Total time for which application threads were stopped: 0.0051270 seconds, Stopping threads took: 0.0023490 seconds
34.961: Application time: 0.0317390 seconds
34.963: [GC34.963: [ParNew: 37567K->4158K(37568K), 0.0020420 secs] 576131K->543293K(758420K), 0.0020830 secs] [Times: user=0.01 sys=0.00, real=0.00 secs] 
34.965: Total time for which application threads were stopped: 0.0046470 seconds, Stopping threads took: 0.0024920 seconds
34.997: Application time: 0.0315010 seconds
35.000: [GC35.000: [ParNew: 37566K->4158K(37568K), 0.0026290 secs] 576701K->545630K(758420K), 0.0026700 secs] [Times: user=0.02 sys=0.01, real=0.00 secs] 
35.002: Total time for which application threads were stopped: 0.0053260 seconds, Stopping threads took: 0.0025690 seconds
35.033: Application time: 0.0312100 seconds
35.035: [GC35.035: [ParNew: 37566K->4158K(37568K), 0.0020200 secs] 579038K->545992K(758420K), 0.0020620 secs] [Times: user=0.02 sys=0.00, real=0.00 secs] 
35.037: Total time for which application threads were stopped: 0.0039450 seconds, Stopping threads took: 0.0018170 seconds
35.067: Application time: 0.0297260 seconds
35.069: [GC35.069: [ParNew: 37566K->4159K(37568K), 0.0025800 secs] 579400K->548303K(758420K), 0.0026290 secs] [Times: user=0.02 sys=0.00, real=0.00 secs] 
35.072: Total time for which application threads were stopped: 0.0045090 seconds, Stopping threads took: 0.0018140 seconds
35.104: Application time: 0.0320520 seconds
35.106: [GC35.106: [ParNew: 37567K->4159K(37568K), 0.0022910 secs] 581711K->549503K(758420K), 0.0023370 secs] [Times: user=0.02 sys=0.00, real=0.01 secs] 
35.109: Total time for which application threads were stopped: 0.0050090 seconds, Stopping threads took: 0.0026050 seconds
35.140: Application time: 0.0317230 seconds
35.142: [GC35.142: [ParNew: 37567K->4158K(37568K), 0.0028330 secs] 582911K->552072K(758420K), 0.0028760 secs] [Times: user=0.02 sys=0.00, real=0.00 secs] 
35.145: Total time for which application threads were stopped: 0.0043820 seconds, Stopping threads took: 0.0014400 seconds
35.176: Application time: 0.0307520 seconds
35.177: [GC35.177: [ParNew: 37566K->4159K(37568K), 0.0025030 secs] 585480K->554048K(758420K), 0.0025470 secs] [Times: user=0.02 sys=0.00, real=0.00 secs] 
35.180: Total time for which application threads were stopped: 0.0039370 seconds, Stopping threads took: 0.0013240 seconds
35.209: Application time: 0.0295640 seconds
35.211: [GC35.211: [ParNew: 37565K->4159K(37568K), 0.0027660 secs] 587454K->556811K(758420K), 0.0028110 secs] [Times: user=0.02 sys=0.00, real=0.00 secs] 
35.214: Total time for which application threads were stopped: 0.0047770 seconds, Stopping threads took: 0.0019010 seconds
35.245: Application time: 0.0315790 seconds
35.249: [GC35.249: [ParNew: 37567K->4159K(37568K), 0.0027620 secs] 590218K->559745K(758420K), 0.0028060 secs] [Times: user=0.02 sys=0.00, real=0.00 secs] 
35.251: Total time for which application threads were stopped: 0.0060050 seconds, Stopping threads took: 0.0031330 seconds
35.282: Application time: 0.0308020 seconds
35.284: [GC35.284: [ParNew: 37567K->4158K(37568K), 0.0028820 secs] 593153K->562946K(758420K), 0.0029280 secs] [Times: user=0.02 sys=0.00, real=0.01 secs] 
35.287: Total time for which application threads were stopped: 0.0044780 seconds, Stopping threads took: 0.0014780 seconds
35.318: Application time: 0.0311840 seconds
35.321: [GC35.321: [ParNew: 37566K->4159K(37568K), 0.0028520 secs] 596354K->565991K(758420K), 0.0028960 secs] [Times: user=0.02 sys=0.00, real=0.00 secs] 
35.323: Total time for which application threads were stopped: 0.0055170 seconds, Stopping threads took: 0.0025540 seconds
35.355: Application time: 0.0315460 seconds
35.357: [GC35.357: [ParNew: 37567K->4159K(37568K), 0.0022980 secs] 599399K->566888K(758420K), 0.0023410 secs] [Times: user=0.02 sys=0.00, real=0.00 secs] 
35.359: Total time for which application threads were stopped: 0.0041740 seconds, Stopping threads took: 0.0017610 seconds
35.391: Application time: 0.0318230 seconds
35.394: [GC35.394: [ParNew: 37567K->4158K(37568K), 0.0027570 secs] 600296K->569644K(758420K), 0.0028060 secs] [Times: user=0.02 sys=0.00, real=0.01 secs] 
35.396: Total time for which application threads were stopped: 0.0054590 seconds, Stopping threads took: 0.0025610 seconds
35.428: Application time: 0.0318070 seconds
35.430: [GC35.430: [ParNew: 37566K->4159K(37568K), 0.0025050 secs] 603052K->571370K(758420K), 0.0025560 secs] [Times: user=0.02 sys=0.00, real=0.00 secs] 
35.432: Total time for which application threads were stopped: 0.0042130 seconds, Stopping threads took: 0.0015900 seconds
35.463: Application time: 0.0305120 seconds
35.466: [GC35.466: [ParNew: 37565K->4159K(37568K), 0.0026750 secs] 604776K->573823K(758420K), 0.0027190 secs] [Times: user=0.02 sys=0.00, real=0.01 secs] 
35.469: Total time for which application threads were stopped: 0.0055550 seconds, Stopping threads took: 0.0027690 seconds
35.499: Application time: 0.0307910 seconds
35.501: [GC35.501: [ParNew: 37567K->4159K(37568K), 0.0026690 secs] 607231K->576129K(758420K), 0.0027130 secs] [Times: user=0.02 sys=0.00, real=0.00 secs] 
35.504: Total time for which application threads were stopped: 0.0044040 seconds, Stopping threads took: 0.0016230 seconds
35.535: Application time: 0.0311570 seconds
35.537: [GC35.537: [ParNew: 37567K->4158K(37568K), 0.0028820 secs] 609537K->579341K(758420K), 0.0029270 secs] [Times: user=0.02 sys=0.00, real=0.00 secs] 
35.540: Total time for which application threads were stopped: 0.0048790 seconds, Stopping threads took: 0.0018850 seconds
35.569: Application time: 0.0295540 seconds
35.572: [GC35.572: [ParNew: 37566K->4159K(37568K), 0.0028740 secs] 612749K->582335K(758420K), 0.0029170 secs] [Times: user=0.02 sys=0.00, real=0.01 secs] 
35.575: Total time for which application threads were stopped: 0.0056440 seconds, Stopping threads took: 0.0026610 seconds
35.606: Application time: 0.0313220 seconds
35.608: [GC35.608: [ParNew: 37567K->4158K(37568K), 0.0024240 secs] 615743K->584265K(758420K), 0.0024680 secs] [Times: user=0.02 sys=0.00, real=0.00 secs] 
35.611: Total time for which application threads were stopped: 0.0043510 seconds, Stopping threads took: 0.0018160 seconds
35.642: Application time: 0.0308910 seconds
35.643: [GC35.643: [ParNew: 37564K->4159K(37568K), 0.0030500 secs] 617672K->587990K(758420K), 0.0030960 secs] [Times: user=0.02 sys=0.00, real=0.00 secs] 
35.646: Total time for which application threads were stopped: 0.0049030 seconds, Stopping threads took: 0.0017390 seconds
35.678: Application time: 0.0317410 seconds
35.681: [GC35.681: [ParNew: 37567K->4158K(37568K), 0.0030850 secs] 621398K->591104K(758420K), 0.0031420 secs] [Times: user=0.02 sys=0.00, real=0.00 secs] 
35.685: Total time for which application threads were stopped: 0.0063120 seconds, Stopping threads took: 0.0030960 seconds
35.715: Application time: 0.0309220 seconds
35.718: [GC35.718: [ParNew: 37566K->4158K(37568K), 0.0025830 secs] 624512K->593067K(758420K), 0.0026290 secs] [Times: user=0.02 sys=0.00, real=0.00 secs] 
35.721: Total time for which application threads were stopped: 0.0050740 seconds, Stopping threads took: 0.0023770 seconds
35.750: Application time: 0.0291350 seconds
35.752: [GC35.752: [ParNew: 37566K->4159K(37568K), 0.0030420 secs] 626475K->596343K(758420K), 0.0030860 secs] [Times: user=0.02 sys=0.00, real=0.01 secs] 
35.756: Total time for which application threads were stopped: 0.0058520 seconds, Stopping threads took: 0.0026780 seconds
35.787: Application time: 0.0319170 seconds
35.790: [GC35.790: [ParNew: 37567K->4159K(37568K), 0.0025720 secs] 629751K->598405K(758420K), 0.0026160 secs] [Times: user=0.02 sys=0.00, real=0.00 secs] 
35.792: Total time for which application threads were stopped: 0.0050020 seconds, Stopping threads took: 0.0022970 seconds
35.823: Application time: 0.0307390 seconds
35.825: [GC35.825: [ParNew: 37567K->4158K(37568K), 0.0027770 secs] 631813K->601281K(758420K), 0.0028250 secs] [Times: user=0.02 sys=0.00, real=0.01 secs] 
35.828: Total time for which application threads were stopped: 0.0051030 seconds, Stopping threads took: 0.0022100 seconds
35.858: Application time: 0.0300130 seconds
35.860: [GC35.860: [ParNew: 37565K->4159K(37568K), 0.0030350 secs] 634688K->604869K(758420K), 0.0030810 secs] [Times: user=0.02 sys=0.00, real=0.00 secs] 
35.863: Total time for which application threads were stopped: 0.0051970 seconds, Stopping threads took: 0.0020380 seconds
35.895: Application time: 0.0312940 seconds
35.897: [GC35.897: [ParNew: 37567K->4158K(37568K), 0.0028530 secs] 638277K->607230K(758420K), 0.0029070 secs] [Times: user=0.02 sys=0.00, real=0.00 secs] 
35.900: Total time for which application threads were stopped: 0.0049390 seconds, Stopping threads took: 0.0019650 seconds
35.929: Application time: 0.0296940 seconds
35.932: [GC35.932: [ParNew: 37566K->4159K(37568K), 0.0030820 secs] 640638K->610346K(758420K), 0.0031270 secs] [Times: user=0.02 sys=0.00, real=0.01 secs] 
35.935: Total time for which application threads were stopped: 0.0057700 seconds, Stopping threads took: 0.0025750 seconds
35.967: Application time: 0.0319430 seconds
35.970: [GC35.970: [ParNew: 37567K->4158K(37568K), 0.0028390 secs] 643754K->613286K(758420K), 0.0028870 secs] [Times: user=0.02 sys=0.00, real=0.00 secs] 
35.973: Total time for which application threads were stopped: 0.0060410 seconds, Stopping threads took: 0.0030650 seconds
36.006: Application time: 0.0327440 seconds
36.009: [GC36.009: [ParNew: 37566K->4159K(37568K), 0.0027160 secs] 646694K->615953K(758420K), 0.0027610 secs] [Times: user=0.02 sys=0.00, real=0.00 secs] 
36.012: Total time for which application threads were stopped: 0.0059160 seconds, Stopping threads took: 0.0030670 seconds
36.043: Application time: 0.0308110 seconds
36.045: [GC36.045: [ParNew: 37567K->4159K(37568K), 0.0030770 secs] 649360K->619456K(758420K), 0.0031240 secs] [Times: user=0.02 sys=0.00, real=0.01 secs] 
36.048: Total time for which application threads were stopped: 0.0052520 seconds, Stopping threads took: 0.0020600 seconds
36.079: Application time: 0.0315250 seconds
36.082: [GC36.082: [ParNew: 37567K->4158K(37568K), 0.0026010 secs] 652864K->621934K(758420K), 0.0026450 secs] [Times: user=0.02 sys=0.00, real=0.00 secs] 
36.085: Total time for which application threads were stopped: 0.0050950 seconds, Stopping threads took: 0.0023830 seconds
36.115: Application time: 0.0303390 seconds
36.118: [GC36.118: [ParNew: 37566K->4159K(37568K), 0.0029860 secs] 655342K->625298K(758420K), 0.0030340 secs] [Times: user=0.03 sys=0.00, real=0.00 secs] 
36.121: Total time for which application threads were stopped: 0.0057870 seconds, Stopping threads took: 0.0026860 seconds
36.153: Application time: 0.0321520 seconds
36.155: [GC36.155: [ParNew: 37567K->4159K(37568K), 0.0023190 secs] 658706K->626660K(758420K), 0.0023650 secs] [Times: user=0.02 sys=0.00, real=0.00 secs] 
36.157: Total time for which application threads were stopped: 0.0044750 seconds, Stopping threads took: 0.0020430 seconds
36.189: Application time: 0.0316220 seconds
36.190: [GC36.190: [ParNew: 37567K->4159K(37568K), 0.0026470 secs] 660068K->628824K(758420K), 0.0026920 secs] [Times: user=0.02 sys=0.00, real=0.00 secs] 
36.193: Total time for which application threads were stopped: 0.0041280 seconds, Stopping threads took: 0.0013680 seconds
36.225: Application time: 0.0318020 seconds
36.227: [GC36.227: [ParNew: 37567K->4158K(37568K), 0.0024040 secs] 662232K->630458K(758420K), 0.0024480 secs] [Times: user=0.02 sys=0.00, real=0.00 secs] 
36.229: Total time for which application threads were stopped: 0.0044610 seconds, Stopping threads took: 0.0019450 seconds
36.261: Application time: 0.0317350 seconds
36.262: [GC36.262: [ParNew: 37566K->4159K(37568K), 0.0023490 secs] 663866K->631410K(758420K), 0.0023940 secs] [Times: user=0.01 sys=0.00, real=0.00 secs] 
36.265: Total time for which application threads were stopped: 0.0037070 seconds, Stopping threads took: 0.0012530 seconds
36.297: Application time: 0.0318670 seconds
36.299: [GC36.299: [ParNew: 37567K->4159K(37568K), 0.0022440 secs] 664818K->632287K(758420K), 0.0022860 secs] [Times: user=0.02 sys=0.00, real=0.00 secs] 
36.301: Total time for which application threads were stopped: 0.0045450 seconds, Stopping threads took: 0.0021720 seconds
36.333: Application time: 0.0315770 seconds
36.335: [GC36.335: [ParNew: 37567K->4158K(37568K), 0.0027210 secs] 665695K->634099K(758420K), 0.0027660 secs] [Times: user=0.01 sys=0.00, real=0.00 secs] 
36.338: Total time for which application threads were stopped: 0.0049800 seconds, Stopping threads took: 0.0021410 seconds
36.369: Application time: 0.0315300 seconds
36.372: [GC36.372: [ParNew: 37566K->4158K(37568K), 0.0027070 secs] 667507K->636734K(758420K), 0.0027530 secs] [Times: user=0.02 sys=0.00, real=0.00 secs] 
36.374: Total time for which application threads were stopped: 0.0051650 seconds, Stopping threads took: 0.0023170 seconds
36.407: Application time: 0.0322810 seconds
36.408: [GC36.409: [ParNew: 37566K->4159K(37568K), 0.0022770 secs] 670142K->637756K(758420K), 0.0023200 secs] [Times: user=0.02 sys=0.00, real=0.00 secs] 
36.411: Total time for which application threads were stopped: 0.0041200 seconds, Stopping threads took: 0.0017130 seconds
36.443: Application time: 0.0322700 seconds
36.446: [GC36.446: [ParNew: 37567K->4158K(37568K), 0.0026790 secs] 671164K->640137K(758420K), 0.0027220 secs] [Times: user=0.02 sys=0.00, real=0.01 secs] 
36.449: Total time for which application threads were stopped: 0.0058330 seconds, Stopping threads took: 0.0030240 seconds
36.480: Application time: 0.0307690 seconds
36.482: [GC36.482: [ParNew: 37566K->4158K(37568K), 0.0028460 secs] 673545K->643250K(758420K), 0.0028920 secs] [Times: user=0.02 sys=0.00, real=0.00 secs] 
36.485: Total time for which application threads were stopped: 0.0052670 seconds, Stopping threads took: 0.0022860 seconds
36.517: Application time: 0.0316930 seconds
36.518: [GC36.518: [ParNew: 37566K->4158K(37568K), 0.0020560 secs] 676658K->643759K(758420K), 0.0021010 secs] [Times: user=0.02 sys=0.00, real=0.00 secs] 
36.520: Total time for which application threads were stopped: 0.0036460 seconds, Stopping threads took: 0.0014780 seconds
36.550: Application time: 0.0294580 seconds
36.552: [GC36.552: [ParNew: 37565K->4158K(37568K), 0.0026180 secs] 677166K->646026K(758420K), 0.0026590 secs] [Times: user=0.02 sys=0.00, real=0.00 secs] 
36.554: Total time for which application threads were stopped: 0.0046300 seconds, Stopping threads took: 0.0019040 seconds
36.586: Application time: 0.0314680 seconds
36.588: [GC36.588: [ParNew: 37566K->4158K(37568K), 0.0024740 secs] 679434K->647839K(758420K), 0.0025140 secs] [Times: user=0.02 sys=0.00, real=0.00 secs] 
36.590: Total time for which application threads were stopped: 0.0041640 seconds, Stopping threads took: 0.0015840 seconds
 CMS: abort preclean due to time 36.593: [CMS-concurrent-abortable-preclean: 0.689/5.029 secs] [Times: user=37.93 sys=0.17, real=5.03 secs] 
36.593: Application time: 0.0027610 seconds
36.594: [GC[YG occupancy: 7024 K (37568 K)]36.594: [Rescan (parallel) , 0.0004840 secs]36.595: [weak refs processing, 0.0000080 secs]36.595: [scrub string table, 0.0001120 secs] [1 CMS-remark: 643681K(720852K)] 650705K(758420K), 0.0006320 secs] [Times: user=0.00 sys=0.00, real=0.01 secs] 
36.595: Total time for which application threads were stopped: 0.0022790 seconds, Stopping threads took: 0.0015970 seconds
36.595: [CMS-concurrent-sweep-start]
36.626: Application time: 0.0311430 seconds
36.628: [GC36.628: [ParNew: 37566K->4158K(37568K), 0.0025670 secs] 363691K->332998K(758420K), 0.0026120 secs] [Times: user=0.02 sys=0.00, real=0.00 secs] 
36.631: Total time for which application threads were stopped: 0.0047490 seconds, Stopping threads took: 0.0020750 seconds
36.633: [CMS-concurrent-sweep: 0.033/0.038 secs] [Times: user=0.27 sys=0.00, real=0.03 secs] 
36.633: [CMS-concurrent-reset-start]
36.635: [CMS-concurrent-reset: 0.002/0.002 secs] [Times: user=0.02 sys=0.00, real=0.01 secs] 
36.662: Application time: 0.0312130 seconds
36.664: [GC36.664: [ParNew: 37566K->4158K(37568K), 0.0027240 secs] 366357K->335214K(758420K), 0.0027680 secs] [Times: user=0.02 sys=0.00, real=0.01 secs] 
36.667: Total time for which application threads were stopped: 0.0047770 seconds, Stopping threads took: 0.0019470 seconds
36.699: Application time: 0.0322250 seconds
36.702: [GC36.702: [ParNew: 37566K->4159K(37568K), 0.0023400 secs] 368622K->336796K(758420K), 0.0023850 secs] [Times: user=0.02 sys=0.00, real=0.00 secs] 
36.704: Total time for which application threads were stopped: 0.0051810 seconds, Stopping threads took: 0.0027180 seconds
36.737: Application time: 0.0321400 seconds
36.740: [GC36.740: [ParNew: 37567K->4159K(37568K), 0.0022480 secs] 370204K->338251K(758420K), 0.0022890 secs] [Times: user=0.02 sys=0.00, real=0.00 secs] 
36.742: Total time for which application threads were stopped: 0.0056460 seconds, Stopping threads took: 0.0032910 seconds
36.773: Application time: 0.0311320 seconds
36.775: [GC36.775: [ParNew: 37567K->4159K(37568K), 0.0026080 secs] 371659K->340600K(758420K), 0.0026520 secs] [Times: user=0.02 sys=0.00, real=0.00 secs] 
36.778: Total time for which application threads were stopped: 0.0045970 seconds, Stopping threads took: 0.0018600 seconds
36.810: Application time: 0.0320160 seconds
36.812: [GC36.812: [ParNew: 37567K->4159K(37568K), 0.0019840 secs] 374008K->340892K(758420K), 0.0020270 secs] [Times: user=0.01 sys=0.00, real=0.00 secs] 
36.814: Total time for which application threads were stopped: 0.0036680 seconds, Stopping threads took: 0.0015760 seconds
36.845: Application time: 0.0311590 seconds
36.846: [GC36.846: [ParNew: 37567K->4158K(37568K), 0.0024180 secs] 374300K->342389K(758420K), 0.0024640 secs] [Times: user=0.02 sys=0.00, real=0.01 secs] 
36.848: Total time for which application threads were stopped: 0.0034590 seconds, Stopping threads took: 0.0009270 seconds
36.880: Application time: 0.0322670 seconds
36.883: [GC36.883: [ParNew: 37566K->4158K(37568K), 0.0021400 secs] 375797K->343400K(758420K), 0.0021840 secs] [Times: user=0.02 sys=0.00, real=0.00 secs] 
36.885: Total time for which application threads were stopped: 0.0045170 seconds, Stopping threads took: 0.0022540 seconds
36.917: Application time: 0.0318940 seconds
36.919: [GC36.919: [ParNew: 37566K->4159K(37568K), 0.0021200 secs] 376808K->344403K(758420K), 0.0021690 secs] [Times: user=0.01 sys=0.00, real=0.00 secs] 
36.921: Total time for which application threads were stopped: 0.0040000 seconds, Stopping threads took: 0.0017650 seconds
36.953: Application time: 0.0321990 seconds
36.955: [GC36.955: [ParNew: 37567K->4159K(37568K), 0.0024000 secs] 377811K->346127K(758420K), 0.0024430 secs] [Times: user=0.02 sys=0.00, real=0.00 secs] 
36.957: Total time for which application threads were stopped: 0.0040270 seconds, Stopping threads took: 0.0015170 seconds
36.988: Application time: 0.0313560 seconds
36.992: [GC36.992: [ParNew: 37567K->4158K(37568K), 0.0024720 secs] 379535K->348264K(758420K), 0.0025190 secs] [Times: user=0.02 sys=0.00, real=0.00 secs] 
36.994: Total time for which application threads were stopped: 0.0058480 seconds, Stopping threads took: 0.0032650 seconds
37.025: Application time: 0.0311500 seconds
37.027: [GC37.027: [ParNew: 37564K->4159K(37568K), 0.0022890 secs] 381671K->349888K(758420K), 0.0023320 secs] [Times: user=0.02 sys=0.00, real=0.00 secs] 
37.030: Total time for which application threads were stopped: 0.0041690 seconds, Stopping threads took: 0.0017720 seconds
37.062: Application time: 0.0320320 seconds
37.064: [GC37.064: [ParNew: 37567K->4159K(37568K), 0.0022500 secs] 383296K->351282K(758420K), 0.0022940 secs] [Times: user=0.02 sys=0.00, real=0.00 secs] 
37.067: Total time for which application threads were stopped: 0.0047880 seconds, Stopping threads took: 0.0024330 seconds
37.099: Application time: 0.0327930 seconds
37.102: [GC37.103: [ParNew: 37567K->4159K(37568K), 0.0019340 secs] 384690K->351655K(758420K), 0.0019810 secs] [Times: user=0.02 sys=0.00, real=0.00 secs] 
37.104: Total time for which application threads were stopped: 0.0051920 seconds, Stopping threads took: 0.0031460 seconds
37.137: Application time: 0.0324460 seconds
37.139: [GC37.139: [ParNew: 37567K->4159K(37568K), 0.0024580 secs] 385063K->353638K(758420K), 0.0025050 secs] [Times: user=0.01 sys=0.00, real=0.00 secs] 
37.141: Total time for which application threads were stopped: 0.0042530 seconds, Stopping threads took: 0.0016810 seconds
37.174: Application time: 0.0324530 seconds
37.174: [GC37.174: [ParNew: 37567K->4159K(37568K), 0.0019900 secs] 387045K->354087K(758420K), 0.0020410 secs] [Times: user=0.02 sys=0.00, real=0.01 secs] 
37.176: Total time for which application threads were stopped: 0.0028050 seconds, Stopping threads took: 0.0006980 seconds
37.209: Application time: 0.0323080 seconds
37.211: [GC37.211: [ParNew: 37567K->4158K(37568K), 0.0020340 secs] 387495K->354881K(758420K), 0.0020790 secs] [Times: user=0.02 sys=0.00, real=0.00 secs] 
37.213: Total time for which application threads were stopped: 0.0041920 seconds, Stopping threads took: 0.0020480 seconds
37.244: Application time: 0.0308600 seconds
37.245: [GC37.245: [ParNew: 37566K->4158K(37568K), 0.0024960 secs] 388289K->356976K(758420K), 0.0025370 secs] [Times: user=0.02 sys=0.00, real=0.01 secs] 
37.248: Total time for which application threads were stopped: 0.0040390 seconds, Stopping threads took: 0.0014390 seconds
37.277: Application time: 0.0296270 seconds
37.279: [GC37.279: [ParNew: 37566K->4159K(37568K), 0.0022890 secs] 390384K->358507K(758420K), 0.0023320 secs] [Times: user=0.01 sys=0.00, real=0.00 secs] 
37.281: Total time for which application threads were stopped: 0.0037630 seconds, Stopping threads took: 0.0013660 seconds
37.311: Application time: 0.0298890 seconds
37.314: [GC37.314: [ParNew: 37567K->4158K(37568K), 0.0021240 secs] 391915K->359534K(758420K), 0.0021690 secs] [Times: user=0.02 sys=0.00, real=0.01 secs] 
37.316: Total time for which application threads were stopped: 0.0052970 seconds, Stopping threads took: 0.0030630 seconds
37.347: Application time: 0.0301930 seconds
37.349: [GC37.349: [ParNew: 37566K->4159K(37568K), 0.0021230 secs] 392942K->360465K(758420K), 0.0021660 secs] [Times: user=0.01 sys=0.00, real=0.00 secs] 
37.351: Total time for which application threads were stopped: 0.0048110 seconds, Stopping threads took: 0.0025810 seconds
37.381: Application time: 0.0297000 seconds
37.383: [GC37.383: [ParNew: 37567K->4158K(37568K), 0.0022480 secs] 393873K->361756K(758420K), 0.0022900 secs] [Times: user=0.02 sys=0.00, real=0.00 secs] 
37.385: Total time for which application threads were stopped: 0.0037700 seconds, Stopping threads took: 0.0014060 seconds
37.415: Application time: 0.0302450 seconds
37.418: [GC37.418: [ParNew: 37566K->4158K(37568K), 0.0021400 secs] 395164K->362610K(758420K), 0.0021850 secs] [Times: user=0.02 sys=0.00, real=0.00 secs] 
37.420: Total time for which application threads were stopped: 0.0048360 seconds, Stopping threads took: 0.0025840 seconds
37.450: Application time: 0.0303570 seconds
37.452: [GC37.452: [ParNew: 37566K->4159K(37568K), 0.0021010 secs] 396018K->363362K(758420K), 0.0021390 secs] [Times: user=0.01 sys=0.00, real=0.00 secs] 
37.454: Total time for which application threads were stopped: 0.0037130 seconds, Stopping threads took: 0.0015100 seconds
37.485: Application time: 0.0307900 seconds
37.486: [GC37.486: [ParNew: 37566K->4159K(37568K), 0.0024130 secs] 396768K->364975K(758420K), 0.0024590 secs] [Times: user=0.02 sys=0.00, real=0.01 secs] 
37.489: Total time for which application threads were stopped: 0.0039190 seconds, Stopping threads took: 0.0013940 seconds
37.518: Application time: 0.0295300 seconds
37.520: [GC37.520: [ParNew: 37566K->4159K(37568K), 0.0022370 secs] 398381K->366411K(758420K), 0.0022790 secs] [Times: user=0.01 sys=0.00, real=0.00 secs] 
37.522: Total time for which application threads were stopped: 0.0038130 seconds, Stopping threads took: 0.0014700 seconds
37.552: Application time: 0.0301190 seconds
37.555: [GC37.555: [ParNew: 37567K->4159K(37568K), 0.0020930 secs] 399819K->366728K(758420K), 0.0021340 secs] [Times: user=0.01 sys=0.00, real=0.01 secs] 
37.557: Total time for which application threads were stopped: 0.0044050 seconds, Stopping threads took: 0.0022050 seconds
37.588: Application time: 0.0309110 seconds
37.589: [GC37.590: [ParNew: 37567K->4159K(37568K), 0.0020710 secs] 400136K->367295K(758420K), 0.0021130 secs] [Times: user=0.01 sys=0.00, real=0.00 secs] 
37.592: Total time for which application threads were stopped: 0.0040340 seconds, Stopping threads took: 0.0018470 seconds
37.623: Application time: 0.0316730 seconds
37.624: [GC37.624: [ParNew: 37567K->2704K(37568K), 0.0015300 secs] 400703K->365898K(758420K), 0.0015770 secs] [Times: user=0.01 sys=0.00, real=0.00 secs] 
37.625: Total time for which application threads were stopped: 0.0018170 seconds, Stopping threads took: 0.0001760 seconds
37.655: Application time: 0.0302710 seconds
37.658: [GC37.658: [ParNew: 36112K->4159K(37568K), 0.0024100 secs] 399306K->369306K(758420K), 0.0024570 secs] [Times: user=0.01 sys=0.00, real=0.00 secs] 
37.660: Total time for which application threads were stopped: 0.0045930 seconds, Stopping threads took: 0.0020730 seconds
37.688: Application time: 0.0279140 seconds
37.690: [GC37.690: [ParNew: 37567K->4158K(37568K), 0.0024560 secs] 402714K->371485K(758420K), 0.0025030 secs] [Times: user=0.02 sys=0.00, real=0.00 secs] 
37.693: Total time for which application threads were stopped: 0.0047380 seconds, Stopping threads took: 0.0021700 seconds
37.722: Application time: 0.0289750 seconds
37.723: [GC37.723: [ParNew: 37566K->4158K(37568K), 0.0027820 secs] 404893K->374537K(758420K), 0.0028250 secs] [Times: user=0.02 sys=0.00, real=0.00 secs] 
37.726: Total time for which application threads were stopped: 0.0044630 seconds, Stopping threads took: 0.0015750 seconds
37.726: Application time: 0.0000900 seconds
37.730: [GC [1 CMS-initial-mark: 370379K(720852K)] 375033K(758420K), 0.0001740 secs] [Times: user=0.00 sys=0.00, real=0.00 secs] 
37.730: Total time for which application threads were stopped: 0.0035160 seconds, Stopping threads took: 0.0033210 seconds
37.730: [CMS-concurrent-mark-start]
37.740: [CMS-concurrent-mark: 0.011/0.011 secs] [Times: user=0.07 sys=0.00, real=0.01 secs] 
37.740: [CMS-concurrent-preclean-start]
37.741: [CMS-concurrent-preclean: 0.001/0.001 secs] [Times: user=0.01 sys=0.00, real=0.00 secs] 
37.742: [CMS-concurrent-abortable-preclean-start]
37.759: Application time: 0.0294450 seconds
37.761: [GC37.761: [ParNew: 37566K->4158K(37568K), 0.0023900 secs] 407945K->376478K(758420K), 0.0024370 secs] [Times: user=0.02 sys=0.00, real=0.00 secs] 
37.763: Total time for which application threads were stopped: 0.0041520 seconds, Stopping threads took: 0.0016270 seconds
37.793: Application time: 0.0295130 seconds
37.794: [GC37.794: [ParNew: 37566K->4159K(37568K), 0.0026770 secs] 409886K->379306K(758420K), 0.0027210 secs] [Times: user=0.02 sys=0.00, real=0.01 secs] 
37.797: Total time for which application threads were stopped: 0.0042880 seconds, Stopping threads took: 0.0015020 seconds
37.826: Application time: 0.0286530 seconds
37.828: [GC37.828: [ParNew: 37567K->4158K(37568K), 0.0026470 secs] 412714K->382037K(758420K), 0.0026900 secs] [Times: user=0.02 sys=0.00, real=0.00 secs] 
37.830: Total time for which application threads were stopped: 0.0046570 seconds, Stopping threads took: 0.0019010 seconds
37.859: Application time: 0.0289620 seconds
37.861: [GC37.861: [ParNew: 37566K->4158K(37568K), 0.0029670 secs] 415445K->385695K(758420K), 0.0030090 secs] [Times: user=0.03 sys=0.00, real=0.00 secs] 
37.864: Total time for which application threads were stopped: 0.0049400 seconds, Stopping threads took: 0.0018680 seconds
37.895: Application time: 0.0303340 seconds
37.897: [GC37.897: [ParNew: 37566K->4158K(37568K), 0.0025720 secs] 419103K->388241K(758420K), 0.0026150 secs] [Times: user=0.02 sys=0.00, real=0.00 secs] 
37.900: Total time for which application threads were stopped: 0.0048490 seconds, Stopping threads took: 0.0021710 seconds
37.929: Application time: 0.0295910 seconds
37.932: [GC37.932: [ParNew: 37566K->4159K(37568K), 0.0025810 secs] 421649K->390646K(758420K), 0.0026250 secs] [Times: user=0.02 sys=0.00, real=0.00 secs] 
37.934: Total time for which application threads were stopped: 0.0052740 seconds, Stopping threads took: 0.0025700 seconds
37.963: Application time: 0.0283460 seconds
37.964: [GC37.964: [ParNew: 37567K->4158K(37568K), 0.0029120 secs] 424054K->393936K(758420K), 0.0029550 secs] [Times: user=0.02 sys=0.00, real=0.01 secs] 
37.967: Total time for which application threads were stopped: 0.0044850 seconds, Stopping threads took: 0.0014670 seconds
37.997: Application time: 0.0293790 seconds
37.999: [GC37.999: [ParNew: 37566K->4159K(37568K), 0.0024910 secs] 427344K->396115K(758420K), 0.0025410 secs] [Times: user=0.02 sys=0.00, real=0.00 secs] 
38.001: Total time for which application threads were stopped: 0.0045720 seconds, Stopping threads took: 0.0019630 seconds
38.030: Application time: 0.0289720 seconds
38.032: [GC38.032: [ParNew: 37567K->4158K(37568K), 0.0028120 secs] 429523K->399158K(758420K), 0.0028560 secs] [Times: user=0.02 sys=0.00, real=0.00 secs] 
38.035: Total time for which application threads were stopped: 0.0044300 seconds, Stopping threads took: 0.0015080 seconds
38.064: Application time: 0.0293560 seconds
38.067: [GC38.067: [ParNew: 37566K->4159K(37568K), 0.0027880 secs] 432566K->402036K(758420K), 0.0028340 secs] [Times: user=0.02 sys=0.01, real=0.01 secs] 
38.069: Total time for which application threads were stopped: 0.0054490 seconds, Stopping threads took: 0.0025570 seconds
38.100: Application time: 0.0301400 seconds
38.102: [GC38.102: [ParNew: 37567K->4159K(37568K), 0.0026840 secs] 435444K->404820K(758420K), 0.0027280 secs] [Times: user=0.02 sys=0.00, real=0.00 secs] 
38.104: Total time for which application threads were stopped: 0.0047770 seconds, Stopping threads took: 0.0019830 seconds
38.133: Application time: 0.0285380 seconds
38.134: [GC38.134: [ParNew: 37567K->4158K(37568K), 0.0027170 secs] 438228K->407506K(758420K), 0.0027610 secs] [Times: user=0.02 sys=0.00, real=0.01 secs] 
38.137: Total time for which application threads were stopped: 0.0042800 seconds, Stopping threads took: 0.0014520 seconds
38.168: Application time: 0.0304000 seconds
38.169: [GC38.169: [ParNew: 37566K->4159K(37568K), 0.0022070 secs] 440914K->408557K(758420K), 0.0022520 secs] [Times: user=0.02 sys=0.00, real=0.00 secs] 
38.172: Total time for which application threads were stopped: 0.0042190 seconds, Stopping threads took: 0.0019050 seconds
38.202: Application time: 0.0305170 seconds
38.204: [GC38.204: [ParNew: 37567K->3672K(37568K), 0.0017700 secs] 441965K->408098K(758420K), 0.0018110 secs] [Times: user=0.02 sys=0.00, real=0.00 secs] 
38.206: Total time for which application threads were stopped: 0.0033120 seconds, Stopping threads took: 0.0014370 seconds
38.235: Application time: 0.0290980 seconds
38.236: [GC38.236: [ParNew: 37080K->4159K(37568K), 0.0024320 secs] 441506K->410503K(758420K), 0.0024720 secs] [Times: user=0.02 sys=0.00, real=0.00 secs] 
38.239: Total time for which application threads were stopped: 0.0041190 seconds, Stopping threads took: 0.0015840 seconds
38.268: Application time: 0.0288270 seconds
38.269: [GC38.269: [ParNew: 37567K->4159K(37568K), 0.0028940 secs] 443911K->413724K(758420K), 0.0029380 secs] [Times: user=0.02 sys=0.00, real=0.00 secs] 
38.272: Total time for which application threads were stopped: 0.0044830 seconds, Stopping threads took: 0.0014850 seconds
38.302: Application time: 0.0296580 seconds
38.303: [GC38.303: [ParNew: 37567K->4158K(37568K), 0.0025510 secs] 447132K->415877K(758420K), 0.0025940 secs] [Times: user=0.02 sys=0.00, real=0.00 secs] 
38.306: Total time for which application threads were stopped: 0.0041620 seconds, Stopping threads took: 0.0015030 seconds
38.336: Application time: 0.0303490 seconds
38.338: [GC38.338: [ParNew: 37566K->4159K(37568K), 0.0027410 secs] 449285K->418478K(758420K), 0.0027830 secs] [Times: user=0.02 sys=0.00, real=0.00 secs] 
38.341: Total time for which application threads were stopped: 0.0046860 seconds, Stopping threads took: 0.0018380 seconds
38.370: Application time: 0.0287290 seconds
38.372: [GC38.372: [ParNew: 37567K->4158K(37568K), 0.0027980 secs] 451886K->421352K(758420K), 0.0028450 secs] [Times: user=0.02 sys=0.00, real=0.01 secs] 
38.375: Total time for which application threads were stopped: 0.0049950 seconds, Stopping threads took: 0.0020850 seconds
38.404: Application time: 0.0295990 seconds
38.407: [GC38.407: [ParNew: 37566K->4159K(37568K), 0.0024020 secs] 454760K->423174K(758420K), 0.0024460 secs] [Times: user=0.01 sys=0.00, real=0.00 secs] 
38.410: Total time for which application threads were stopped: 0.0052410 seconds, Stopping threads took: 0.0027030 seconds
38.439: Application time: 0.0297070 seconds
38.441: [GC38.441: [ParNew: 37567K->4159K(37568K), 0.0021820 secs] 456582K->423993K(758420K), 0.0022290 secs] [Times: user=0.02 sys=0.00, real=0.00 secs] 
38.444: Total time for which application threads were stopped: 0.0043970 seconds, Stopping threads took: 0.0020730 seconds
38.473: Application time: 0.0294770 seconds
38.476: [GC38.476: [ParNew: 37565K->4159K(37568K), 0.0022610 secs] 457399K->425194K(758420K), 0.0023040 secs] [Times: user=0.02 sys=0.00, real=0.00 secs] 
38.478: Total time for which application threads were stopped: 0.0049720 seconds, Stopping threads took: 0.0025820 seconds
38.508: Application time: 0.0296490 seconds
38.509: [GC38.509: [ParNew: 37567K->4158K(37568K), 0.0026510 secs] 458602K->427745K(758420K), 0.0026960 secs] [Times: user=0.02 sys=0.00, real=0.00 secs] 
38.512: Total time for which application threads were stopped: 0.0041920 seconds, Stopping threads took: 0.0014300 seconds
38.542: Application time: 0.0295790 seconds
38.543: [GC38.543: [ParNew: 37566K->4159K(37568K), 0.0026810 secs] 461153K->430202K(758420K), 0.0027250 secs] [Times: user=0.02 sys=0.00, real=0.00 secs] 
38.546: Total time for which application threads were stopped: 0.0040590 seconds, Stopping threads took: 0.0012670 seconds
38.575: Application time: 0.0294010 seconds
38.578: [GC38.578: [ParNew: 37567K->4158K(37568K), 0.0028400 secs] 463610K->433431K(758420K), 0.0028860 secs] [Times: user=0.02 sys=0.00, real=0.00 secs] 
38.581: Total time for which application threads were stopped: 0.0056210 seconds, Stopping threads took: 0.0026710 seconds
38.609: Application time: 0.0287900 seconds
38.612: [GC38.612: [ParNew: 37566K->4159K(37568K), 0.0025580 secs] 466839K->435596K(758420K), 0.0026000 secs] [Times: user=0.01 sys=0.00, real=0.00 secs] 
38.614: Total time for which application threads were stopped: 0.0049220 seconds, Stopping threads took: 0.0022350 seconds
38.643: Application time: 0.0288180 seconds
38.646: [GC38.646: [ParNew: 37567K->4158K(37568K), 0.0026310 secs] 469004K->438120K(758420K), 0.0026760 secs] [Times: user=0.02 sys=0.00, real=0.01 secs] 
38.648: Total time for which application threads were stopped: 0.0051840 seconds, Stopping threads took: 0.0024420 seconds
38.676: Application time: 0.0278360 seconds
38.679: [GC38.679: [ParNew: 37566K->4159K(37568K), 0.0030700 secs] 471528K->441822K(758420K), 0.0031150 secs] [Times: user=0.02 sys=0.00, real=0.00 secs] 
38.682: Total time for which application threads were stopped: 0.0057270 seconds, Stopping threads took: 0.0025460 seconds
38.712: Application time: 0.0303750 seconds
38.715: [GC38.715: [ParNew: 37567K->4158K(37568K), 0.0027470 secs] 475230K->444408K(758420K), 0.0027910 secs] [Times: user=0.02 sys=0.01, real=0.00 secs] 
38.718: Total time for which application threads were stopped: 0.0057510 seconds, Stopping threads took: 0.0028940 seconds
38.747: Application time: 0.0293460 seconds
38.749: [GC38.749: [ParNew: 37566K->4159K(37568K), 0.0026070 secs] 477816K->446935K(758420K), 0.0026500 secs] [Times: user=0.02 sys=0.00, real=0.00 secs] 
38.752: Total time for which application threads were stopped: 0.0046750 seconds, Stopping threads took: 0.0019590 seconds
38.781: Application time: 0.0290270 seconds
38.784: [GC38.784: [ParNew: 37567K->4159K(37568K), 0.0028400 secs] 480343K->450265K(758420K), 0.0028860 secs] [Times: user=0.02 sys=0.00, real=0.01 secs] 
38.787: Total time for which application threads were stopped: 0.0055210 seconds, Stopping threads took: 0.0025600 seconds
38.814: Application time: 0.0273690 seconds
38.817: [GC38.817: [ParNew: 37567K->4158K(37568K), 0.0028650 secs] 483673K->453383K(758420K), 0.0029100 secs] [Times: user=0.02 sys=0.00, real=0.00 secs] 
38.820: Total time for which application threads were stopped: 0.0059530 seconds, Stopping threads took: 0.0029760 seconds
38.850: Application time: 0.0303170 seconds
38.853: [GC38.853: [ParNew: 37566K->4159K(37568K), 0.0026490 secs] 486791K->455729K(758420K), 0.0027020 secs] [Times: user=0.02 sys=0.00, real=0.01 secs] 
38.856: Total time for which application threads were stopped: 0.0058510 seconds, Stopping threads took: 0.0030730 seconds
38.885: Application time: 0.0288300 seconds
38.887: [GC38.887: [ParNew: 37567K->4158K(37568K), 0.0026630 secs] 489137K->457554K(758420K), 0.0027080 secs] [Times: user=0.02 sys=0.00, real=0.00 secs] 
38.889: Total time for which application threads were stopped: 0.0045130 seconds, Stopping threads took: 0.0017190 seconds
38.920: Application time: 0.0301440 seconds
38.922: [GC38.922: [ParNew: 37566K->4158K(37568K), 0.0023630 secs] 490962K->459229K(758420K), 0.0024060 secs] [Times: user=0.02 sys=0.00, real=0.00 secs] 
38.924: Total time for which application threads were stopped: 0.0044240 seconds, Stopping threads took: 0.0019600 seconds
38.953: Application time: 0.0287780 seconds
38.955: [GC38.955: [ParNew: 37566K->4159K(37568K), 0.0026200 secs] 492637K->461717K(758420K), 0.0026630 secs] [Times: user=0.01 sys=0.00, real=0.00 secs] 
38.957: Total time for which application threads were stopped: 0.0044880 seconds, Stopping threads took: 0.0017460 seconds
38.986: Application time: 0.0286990 seconds
38.988: [GC38.988: [ParNew: 37567K->4159K(37568K), 0.0026260 secs] 495125K->464063K(758420K), 0.0026710 secs] [Times: user=0.02 sys=0.00, real=0.00 secs] 
38.991: Total time for which application threads were stopped: 0.0046970 seconds, Stopping threads took: 0.0019610 seconds
39.020: Application time: 0.0296660 seconds
39.022: [GC39.022: [ParNew: 37567K->4159K(37568K), 0.0021390 secs] 497471K->464830K(758420K), 0.0021810 secs] [Times: user=0.02 sys=0.00, real=0.00 secs] 
39.024: Total time for which application threads were stopped: 0.0038030 seconds, Stopping threads took: 0.0015600 seconds
39.055: Application time: 0.0303220 seconds
39.057: [GC39.057: [ParNew: 37567K->4158K(37568K), 0.0024410 secs] 498238K->466619K(758420K), 0.0024860 secs] [Times: user=0.02 sys=0.00, real=0.00 secs] 
39.060: Total time for which application threads were stopped: 0.0050730 seconds, Stopping threads took: 0.0025220 seconds
39.089: Application time: 0.0298210 seconds
39.091: [GC39.091: [ParNew: 37566K->4159K(37568K), 0.0025450 secs] 500027K->468778K(758420K), 0.0025890 secs] [Times: user=0.02 sys=0.00, real=0.00 secs] 
39.094: Total time for which application threads were stopped: 0.0046630 seconds, Stopping threads took: 0.0019870 seconds
39.123: Application time: 0.0291360 seconds
39.125: [GC39.125: [ParNew: 37567K->4158K(37568K), 0.0027890 secs] 502186K->471645K(758420K), 0.0028290 secs] [Times: user=0.02 sys=0.00, real=0.01 secs] 
39.128: Total time for which application threads were stopped: 0.0044820 seconds, Stopping threads took: 0.0015660 seconds
39.158: Application time: 0.0299210 seconds
39.158: [GC39.158: [ParNew: 37566K->4159K(37568K), 0.0024360 secs] 505053K->473424K(758420K), 0.0024790 secs] [Times: user=0.02 sys=0.00, real=0.00 secs] 
39.161: Total time for which application threads were stopped: 0.0033580 seconds, Stopping threads took: 0.0008130 seconds
39.190: Application time: 0.0292830 seconds
39.192: [GC39.192: [ParNew: 37567K->4159K(37568K), 0.0028290 secs] 506832K->476522K(758420K), 0.0028730 secs] [Times: user=0.02 sys=0.00, real=0.01 secs] 
39.195: Total time for which application threads were stopped: 0.0050000 seconds, Stopping threads took: 0.0020610 seconds
39.226: Application time: 0.0307880 seconds
39.228: [GC39.228: [ParNew: 37567K->4158K(37568K), 0.0022220 secs] 509930K->477571K(758420K), 0.0022640 secs] [Times: user=0.01 sys=0.00, real=0.00 secs] 
39.230: Total time for which application threads were stopped: 0.0037770 seconds, Stopping threads took: 0.0014490 seconds
39.260: Application time: 0.0300030 seconds
39.261: [GC39.261: [ParNew: 37566K->4158K(37568K), 0.0020130 secs] 510979K->478072K(758420K), 0.0020570 secs] [Times: user=0.01 sys=0.00, real=0.00 secs] 
39.263: Total time for which application threads were stopped: 0.0035920 seconds, Stopping threads took: 0.0014710 seconds
39.294: Application time: 0.0302800 seconds
39.296: [GC39.296: [ParNew: 37566K->4159K(37568K), 0.0019960 secs] 511480K->478510K(758420K), 0.0020500 secs] [Times: user=0.01 sys=0.00, real=0.00 secs] 
39.298: Total time for which application threads were stopped: 0.0045740 seconds, Stopping threads took: 0.0024590 seconds
39.328: Application time: 0.0299300 seconds
39.330: [GC39.330: [ParNew: 37567K->4159K(37568K), 0.0023350 secs] 511918K->479875K(758420K), 0.0023790 secs] [Times: user=0.01 sys=0.00, real=0.00 secs] 
39.333: Total time for which application threads were stopped: 0.0045950 seconds, Stopping threads took: 0.0021520 seconds
39.362: Application time: 0.0295310 seconds
39.365: [GC39.365: [ParNew: 37567K->4158K(37568K), 0.0026080 secs] 513283K->481692K(758420K), 0.0026540 secs] [Times: user=0.02 sys=0.00, real=0.01 secs] 
39.367: Total time for which application threads were stopped: 0.0049460 seconds, Stopping threads took: 0.0022280 seconds
39.397: Application time: 0.0298590 seconds
39.399: [GC39.399: [ParNew: 37566K->4158K(37568K), 0.0023480 secs] 515100K->483441K(758420K), 0.0023920 secs] [Times: user=0.01 sys=0.00, real=0.00 secs] 
39.402: Total time for which application threads were stopped: 0.0044320 seconds, Stopping threads took: 0.0019760 seconds
39.432: Application time: 0.0300630 seconds
39.433: [GC39.433: [ParNew: 37566K->4159K(37568K), 0.0022610 secs] 516849K->484507K(758420K), 0.0023020 secs] [Times: user=0.02 sys=0.00, real=0.01 secs] 
39.436: Total time for which application threads were stopped: 0.0039970 seconds, Stopping threads took: 0.0016310 seconds
39.465: Application time: 0.0295080 seconds
39.467: [GC39.467: [ParNew: 37567K->4158K(37568K), 0.0023340 secs] 517915K->486012K(758420K), 0.0023780 secs] [Times: user=0.02 sys=0.00, real=0.00 secs] 
39.469: Total time for which application threads were stopped: 0.0039200 seconds, Stopping threads took: 0.0014670 seconds
39.499: Application time: 0.0294270 seconds
39.501: [GC39.501: [ParNew: 37565K->4159K(37568K), 0.0028290 secs] 519419K->488891K(758420K), 0.0028730 secs] [Times: user=0.02 sys=0.00, real=0.00 secs] 
39.504: Total time for which application threads were stopped: 0.0057620 seconds, Stopping threads took: 0.0028020 seconds
39.533: Application time: 0.0290200 seconds
39.536: [GC39.536: [ParNew: 37567K->4159K(37568K), 0.0026940 secs] 522299K->491739K(758420K), 0.0027380 secs] [Times: user=0.02 sys=0.00, real=0.00 secs] 
39.539: Total time for which application threads were stopped: 0.0056080 seconds, Stopping threads took: 0.0028060 seconds
39.569: Application time: 0.0296730 seconds
39.571: [GC39.571: [ParNew: 37567K->4158K(37568K), 0.0024570 secs] 525147K->493524K(758420K), 0.0025030 secs] [Times: user=0.02 sys=0.00, real=0.00 secs] 
39.573: Total time for which application threads were stopped: 0.0045690 seconds, Stopping threads took: 0.0019950 seconds
39.602: Application time: 0.0289590 seconds
39.604: [GC39.604: [ParNew: 37566K->4159K(37568K), 0.0024470 secs] 526932K->495301K(758420K), 0.0024890 secs] [Times: user=0.01 sys=0.00, real=0.00 secs] 
39.606: Total time for which application threads were stopped: 0.0043300 seconds, Stopping threads took: 0.0017740 seconds
39.637: Application time: 0.0301860 seconds
39.639: [GC39.639: [ParNew: 37567K->4159K(37568K), 0.0020000 secs] 528709K->495348K(758420K), 0.0020450 secs] [Times: user=0.01 sys=0.01, real=0.00 secs] 
39.641: Total time for which application threads were stopped: 0.0042770 seconds, Stopping threads took: 0.0021660 seconds
39.670: Application time: 0.0288700 seconds
39.672: [GC39.672: [ParNew: 37567K->4158K(37568K), 0.0024530 secs] 528756K->497251K(758420K), 0.0024960 secs] [Times: user=0.02 sys=0.00, real=0.00 secs] 
39.675: Total time for which application threads were stopped: 0.0047770 seconds, Stopping threads took: 0.0022130 seconds
39.704: Application time: 0.0293140 seconds
39.706: [GC39.706: [ParNew: 37566K->4158K(37568K), 0.0023940 secs] 530659K->498917K(758420K), 0.0024390 secs] [Times: user=0.02 sys=0.00, real=0.01 secs] 
39.709: Total time for which application threads were stopped: 0.0046850 seconds, Stopping threads took: 0.0021810 seconds
39.737: Application time: 0.0288930 seconds
39.739: [GC39.739: [ParNew: 37566K->4159K(37568K), 0.0023620 secs] 532325K->500452K(758420K), 0.0024160 secs] [Times: user=0.02 sys=0.00, real=0.00 secs] 
39.742: Total time for which application threads were stopped: 0.0041180 seconds, Stopping threads took: 0.0016160 seconds
39.771: Application time: 0.0298860 seconds
39.772: [GC39.772: [ParNew: 37567K->4159K(37568K), 0.0025230 secs] 533860K->502364K(758420K), 0.0025650 secs] [Times: user=0.01 sys=0.01, real=0.01 secs] 
39.775: Total time for which application threads were stopped: 0.0032350 seconds, Stopping threads took: 0.0006050 seconds
39.804: Application time: 0.0296440 seconds
39.807: [GC39.807: [ParNew: 37566K->4158K(37568K), 0.0026130 secs] 535770K->504658K(758420K), 0.0026580 secs] [Times: user=0.02 sys=0.00, real=0.01 secs] 
39.809: Total time for which application threads were stopped: 0.0049160 seconds, Stopping threads took: 0.0021930 seconds
39.839: Application time: 0.0295990 seconds
39.841: [GC39.841: [ParNew: 37566K->4159K(37568K), 0.0022990 secs] 538066K->506276K(758420K), 0.0023390 secs] [Times: user=0.01 sys=0.00, real=0.00 secs] 
39.844: Total time for which application threads were stopped: 0.0046460 seconds, Stopping threads took: 0.0022430 seconds
39.873: Application time: 0.0292630 seconds
39.876: [GC39.876: [ParNew: 37567K->4158K(37568K), 0.0024460 secs] 539684K->507821K(758420K), 0.0024900 secs] [Times: user=0.01 sys=0.00, real=0.00 secs] 
39.878: Total time for which application threads were stopped: 0.0053390 seconds, Stopping threads took: 0.0027700 seconds
39.907: Application time: 0.0293170 seconds
39.908: [GC39.908: [ParNew: 37566K->4158K(37568K), 0.0021720 secs] 541229K->508296K(758420K), 0.0022140 secs] [Times: user=0.01 sys=0.00, real=0.00 secs] 
39.911: Total time for which application threads were stopped: 0.0030940 seconds, Stopping threads took: 0.0008070 seconds
39.939: Application time: 0.0288050 seconds
39.942: [GC39.942: [ParNew: 37566K->4159K(37568K), 0.0028370 secs] 541703K->511253K(758420K), 0.0028830 secs] [Times: user=0.02 sys=0.00, real=0.00 secs] 
39.945: Total time for which application threads were stopped: 0.0055520 seconds, Stopping threads took: 0.0025920 seconds
39.973: Application time: 0.0283760 seconds
39.975: [GC39.975: [ParNew: 37566K->4158K(37568K), 0.0026520 secs] 544659K->513758K(758420K), 0.0026960 secs] [Times: user=0.02 sys=0.00, real=0.00 secs] 
39.978: Total time for which application threads were stopped: 0.0048280 seconds, Stopping threads took: 0.0020430 seconds
40.007: Application time: 0.0289200 seconds
40.009: [GC40.009: [ParNew: 37566K->4158K(37568K), 0.0026030 secs] 547166K->516268K(758420K), 0.0026440 secs] [Times: user=0.02 sys=0.00, real=0.00 secs] 
40.012: Total time for which application threads were stopped: 0.0046060 seconds, Stopping threads took: 0.0018980 seconds
40.041: Application time: 0.0293420 seconds
40.043: [GC40.043: [ParNew: 37566K->4159K(37568K), 0.0027220 secs] 549676K->519040K(758420K), 0.0027650 secs] [Times: user=0.02 sys=0.00, real=0.00 secs] 
40.046: Total time for which application threads were stopped: 0.0050330 seconds, Stopping threads took: 0.0022030 seconds
40.074: Application time: 0.0281360 seconds
40.076: [GC40.076: [ParNew: 37567K->4159K(37568K), 0.0029840 secs] 552447K->522297K(758420K), 0.0030300 secs] [Times: user=0.02 sys=0.00, real=0.00 secs] 
40.079: Total time for which application threads were stopped: 0.0049970 seconds, Stopping threads took: 0.0019080 seconds
40.108: Application time: 0.0288030 seconds
40.110: [GC40.110: [ParNew: 37567K->4158K(37568K), 0.0029170 secs] 555705K->525526K(758420K), 0.0029630 secs] [Times: user=0.02 sys=0.00, real=0.00 secs] 
40.113: Total time for which application threads were stopped: 0.0049270 seconds, Stopping threads took: 0.0018970 seconds
40.143: Application time: 0.0303520 seconds
40.146: [GC40.146: [ParNew: 37566K->4159K(37568K), 0.0028780 secs] 558934K->528646K(758420K), 0.0029240 secs] [Times: user=0.02 sys=0.00, real=0.01 secs] 
40.149: Total time for which application threads were stopped: 0.0059300 seconds, Stopping threads took: 0.0029110 seconds
40.179: Application time: 0.0296660 seconds
40.180: [GC40.180: [ParNew: 37567K->4159K(37568K), 0.0024300 secs] 562054K->530580K(758420K), 0.0024740 secs] [Times: user=0.02 sys=0.00, real=0.00 secs] 
40.182: Total time for which application threads were stopped: 0.0032960 seconds, Stopping threads took: 0.0007570 seconds
40.212: Application time: 0.0302360 seconds
40.215: [GC40.215: [ParNew: 37567K->4158K(37568K), 0.0028760 secs] 563988K->533450K(758420K), 0.0029180 secs] [Times: user=0.02 sys=0.00, real=0.00 secs] 
40.218: Total time for which application threads were stopped: 0.0054480 seconds, Stopping threads took: 0.0024660 seconds
40.247: Application time: 0.0296690 seconds
40.248: [GC40.248: [ParNew: 37565K->4159K(37568K), 0.0022810 secs] 566856K->534658K(758420K), 0.0023230 secs] [Times: user=0.01 sys=0.00, real=0.00 secs] 
40.251: Total time for which application threads were stopped: 0.0032000 seconds, Stopping threads took: 0.0008120 seconds
40.280: Application time: 0.0297890 seconds
40.283: [GC40.283: [ParNew: 37567K->4158K(37568K), 0.0027260 secs] 568066K->537336K(758420K), 0.0027690 secs] [Times: user=0.02 sys=0.01, real=0.00 secs] 
40.286: Total time for which application threads were stopped: 0.0053720 seconds, Stopping threads took: 0.0025380 seconds
40.315: Application time: 0.0290630 seconds
40.317: [GC40.317: [ParNew: 37566K->4158K(37568K), 0.0024050 secs] 570744K->538968K(758420K), 0.0024510 secs] [Times: user=0.02 sys=0.00, real=0.00 secs] 
40.320: Total time for which application threads were stopped: 0.0047030 seconds, Stopping threads took: 0.0021860 seconds
40.349: Application time: 0.0292320 seconds
40.350: [GC40.350: [ParNew: 37566K->4159K(37568K), 0.0024490 secs] 572376K->540453K(758420K), 0.0024900 secs] [Times: user=0.02 sys=0.00, real=0.00 secs] 
40.353: Total time for which application threads were stopped: 0.0036510 seconds, Stopping threads took: 0.0010970 seconds
40.382: Application time: 0.0295780 seconds
40.384: [GC40.384: [ParNew: 37567K->4158K(37568K), 0.0025190 secs] 573861K->542739K(758420K), 0.0025650 secs] [Times: user=0.01 sys=0.00, real=0.00 secs] 
40.386: Total time for which application threads were stopped: 0.0042200 seconds, Stopping threads took: 0.0015680 seconds
40.416: Application time: 0.0296450 seconds
40.418: [GC40.418: [ParNew: 37566K->4159K(37568K), 0.0025780 secs] 576147K->544918K(758420K), 0.0026210 secs] [Times: user=0.02 sys=0.00, real=0.00 secs] 
40.421: Total time for which application threads were stopped: 0.0051040 seconds, Stopping threads took: 0.0024160 seconds
40.450: Application time: 0.0284320 seconds
40.452: [GC40.452: [ParNew: 37567K->4159K(37568K), 0.0029440 secs] 578326K->547878K(758420K), 0.0029880 secs] [Times: user=0.02 sys=0.00, real=0.01 secs] 
40.455: Total time for which application threads were stopped: 0.0059240 seconds, Stopping threads took: 0.0028720 seconds
40.484: Application time: 0.0287970 seconds
40.486: [GC40.486: [ParNew: 37567K->4158K(37568K), 0.0027280 secs] 581286K->550230K(758420K), 0.0027720 secs] [Times: user=0.02 sys=0.00, real=0.01 secs] 
40.489: Total time for which application threads were stopped: 0.0047250 seconds, Stopping threads took: 0.0018590 seconds
40.519: Application time: 0.0296630 seconds
40.521: [GC40.521: [ParNew: 37566K->4158K(37568K), 0.0027760 secs] 583638K->552988K(758420K), 0.0028220 secs] [Times: user=0.02 sys=0.00, real=0.00 secs] 
40.524: Total time for which application threads were stopped: 0.0049370 seconds, Stopping threads took: 0.0020510 seconds
40.552: Application time: 0.0282780 seconds
40.554: [GC40.554: [ParNew: 37566K->4158K(37568K), 0.0027650 secs] 586396K->555736K(758420K), 0.0028100 secs] [Times: user=0.02 sys=0.00, real=0.01 secs] 
40.556: Total time for which application threads were stopped: 0.0044960 seconds, Stopping threads took: 0.0015990 seconds
40.586: Application time: 0.0292660 seconds
40.587: [GC40.587: [ParNew: 37566K->4159K(37568K), 0.0025610 secs] 589144K->557899K(758420K), 0.0026140 secs] [Times: user=0.02 sys=0.00, real=0.01 secs] 
40.589: Total time for which application threads were stopped: 0.0035280 seconds, Stopping threads took: 0.0008490 seconds
40.619: Application time: 0.0299270 seconds
40.621: [GC40.621: [ParNew: 37565K->4159K(37568K), 0.0026190 secs] 591305K->559833K(758420K), 0.0026660 secs] [Times: user=0.02 sys=0.00, real=0.00 secs] 
40.624: Total time for which application threads were stopped: 0.0049010 seconds, Stopping threads took: 0.0021700 seconds
40.653: Application time: 0.0288690 seconds
40.655: [GC40.655: [ParNew: 37567K->4158K(37568K), 0.0025890 secs] 593241K->562202K(758420K), 0.0026300 secs] [Times: user=0.01 sys=0.00, real=0.00 secs] 
40.658: Total time for which application threads were stopped: 0.0052890 seconds, Stopping threads took: 0.0025940 seconds
40.687: Application time: 0.0292060 seconds
40.690: [GC40.690: [ParNew: 37566K->4159K(37568K), 0.0028620 secs] 595609K->564957K(758420K), 0.0029030 secs] [Times: user=0.02 sys=0.00, real=0.00 secs] 
40.693: Total time for which application threads were stopped: 0.0060030 seconds, Stopping threads took: 0.0030160 seconds
40.722: Application time: 0.0288820 seconds
40.725: [GC40.725: [ParNew: 37567K->4159K(37568K), 0.0029110 secs] 598365K->567954K(758420K), 0.0029560 secs] [Times: user=0.02 sys=0.01, real=0.01 secs] 
40.728: Total time for which application threads were stopped: 0.0053800 seconds, Stopping threads took: 0.0023580 seconds
40.757: Application time: 0.0290380 seconds
40.758: [GC40.758: [ParNew: 37566K->4158K(37568K), 0.0028270 secs] 601361K->570772K(758420K), 0.0028700 secs] [Times: user=0.02 sys=0.00, real=0.00 secs] 
40.761: Total time for which application threads were stopped: 0.0046810 seconds, Stopping threads took: 0.0017230 seconds
40.790: Application time: 0.0287350 seconds
40.792: [GC40.792: [ParNew: 37566K->4158K(37568K), 0.0027020 secs] 604180K->572852K(758420K), 0.0027470 secs] [Times: user=0.02 sys=0.00, real=0.01 secs] 
40.795: Total time for which application threads were stopped: 0.0047840 seconds, Stopping threads took: 0.0019720 seconds
40.824: Application time: 0.0287470 seconds
40.825: [GC40.825: [ParNew: 37566K->4158K(37568K), 0.0029260 secs] 606260K->575739K(758420K), 0.0029700 secs] [Times: user=0.02 sys=0.00, real=0.01 secs] 
40.828: Total time for which application threads were stopped: 0.0046940 seconds, Stopping threads took: 0.0016570 seconds
40.857: Application time: 0.0288490 seconds
40.860: [GC40.860: [ParNew: 37566K->4159K(37568K), 0.0030850 secs] 609147K->578991K(758420K), 0.0031290 secs] [Times: user=0.03 sys=0.00, real=0.00 secs] 
40.863: Total time for which application threads were stopped: 0.0058220 seconds, Stopping threads took: 0.0026080 seconds
40.892: Application time: 0.0290780 seconds
40.893: [GC40.893: [ParNew: 37567K->4159K(37568K), 0.0028580 secs] 612399K->582062K(758420K), 0.0029030 secs] [Times: user=0.02 sys=0.00, real=0.01 secs] 
40.896: Total time for which application threads were stopped: 0.0041790 seconds, Stopping threads took: 0.0011890 seconds
40.926: Application time: 0.0296310 seconds
40.927: [GC40.927: [ParNew: 37567K->4159K(37568K), 0.0024510 secs] 615470K->583980K(758420K), 0.0024920 secs] [Times: user=0.02 sys=0.00, real=0.00 secs] 
40.929: Total time for which application threads were stopped: 0.0036030 seconds, Stopping threads took: 0.0010460 seconds
40.959: Application time: 0.0296450 seconds
40.961: [GC40.961: [ParNew: 37566K->4158K(37568K), 0.0027860 secs] 617386K->586754K(758420K), 0.0028300 secs] [Times: user=0.02 sys=0.00, real=0.00 secs] 
40.964: Total time for which application threads were stopped: 0.0050380 seconds, Stopping threads took: 0.0021410 seconds
40.993: Application time: 0.0287190 seconds
40.995: [GC40.995: [ParNew: 37566K->4158K(37568K), 0.0027880 secs] 620162K->589560K(758420K), 0.0028310 secs] [Times: user=0.02 sys=0.01, real=0.00 secs] 
40.998: Total time for which application threads were stopped: 0.0050600 seconds, Stopping threads took: 0.0021540 seconds
41.028: Application time: 0.0303010 seconds
41.030: [GC41.030: [ParNew: 37566K->4159K(37568K), 0.0025950 secs] 622968K->591341K(758420K), 0.0026490 secs] [Times: user=0.02 sys=0.00, real=0.00 secs] 
41.033: Total time for which application threads were stopped: 0.0045900 seconds, Stopping threads took: 0.0018820 seconds
41.062: Application time: 0.0287490 seconds
41.063: [GC41.063: [ParNew: 37567K->4158K(37568K), 0.0025080 secs] 624749K->593001K(758420K), 0.0025470 secs] [Times: user=0.01 sys=0.00, real=0.00 secs] 
41.066: Total time for which application threads were stopped: 0.0040510 seconds, Stopping threads took: 0.0014400 seconds
41.095: Application time: 0.0297780 seconds
41.098: [GC41.098: [ParNew: 37566K->4159K(37568K), 0.0021810 secs] 626409K->593599K(758420K), 0.0022250 secs] [Times: user=0.01 sys=0.00, real=0.00 secs] 
41.100: Total time for which application threads were stopped: 0.0044890 seconds, Stopping threads took: 0.0022000 seconds
41.129: Application time: 0.0289430 seconds
41.130: [GC41.130: [ParNew: 37567K->4159K(37568K), 0.0026710 secs] 627007K->596068K(758420K), 0.0027150 secs] [Times: user=0.02 sys=0.00, real=0.00 secs] 
41.133: Total time for which application threads were stopped: 0.0043000 seconds, Stopping threads took: 0.0015240 seconds
41.163: Application time: 0.0298930 seconds
41.165: [GC41.165: [ParNew: 37567K->4158K(37568K), 0.0023490 secs] 629476K->597470K(758420K), 0.0023930 secs] [Times: user=0.01 sys=0.00, real=0.01 secs] 
41.167: Total time for which application threads were stopped: 0.0041720 seconds, Stopping threads took: 0.0017130 seconds
41.197: Application time: 0.0294450 seconds
41.199: [GC41.199: [ParNew: 37566K->4159K(37568K), 0.0023220 secs] 630878K->598782K(758420K), 0.0023630 secs] [Times: user=0.01 sys=0.00, real=0.00 secs] 
41.201: Total time for which application threads were stopped: 0.0046100 seconds, Stopping threads took: 0.0021820 seconds
41.231: Application time: 0.0302120 seconds
41.233: [GC41.233: [ParNew: 37567K->4159K(37568K), 0.0023860 secs] 632190K->600098K(758420K), 0.0024310 secs] [Times: user=0.01 sys=0.00, real=0.01 secs] 
41.235: Total time for which application threads were stopped: 0.0034960 seconds, Stopping threads took: 0.0010000 seconds
41.267: Application time: 0.0316530 seconds
41.269: [GC41.269: [ParNew: 37567K->4159K(37568K), 0.0023120 secs] 633506K->601326K(758420K), 0.0023580 secs] [Times: user=0.02 sys=0.00, real=0.00 secs] 
41.272: Total time for which application threads were stopped: 0.0048440 seconds, Stopping threads took: 0.0024100 seconds
41.303: Application time: 0.0311290 seconds
41.304: [GC41.304: [ParNew: 37567K->4159K(37568K), 0.0022990 secs] 634734K->602856K(758420K), 0.0023410 secs] [Times: user=0.02 sys=0.00, real=0.01 secs] 
41.307: Total time for which application threads were stopped: 0.0040250 seconds, Stopping threads took: 0.0016200 seconds
41.339: Application time: 0.0320220 seconds
41.341: [GC41.341: [ParNew: 37565K->4158K(37568K), 0.0024890 secs] 636262K->604776K(758420K), 0.0025340 secs] [Times: user=0.02 sys=0.00, real=0.00 secs] 
41.344: Total time for which application threads were stopped: 0.0052040 seconds, Stopping threads took: 0.0026030 seconds
41.376: Application time: 0.0316550 seconds
41.378: [GC41.378: [ParNew: 37566K->4159K(37568K), 0.0023070 secs] 638184K->606071K(758420K), 0.0023520 secs] [Times: user=0.01 sys=0.00, real=0.00 secs] 
41.380: Total time for which application threads were stopped: 0.0046270 seconds, Stopping threads took: 0.0022080 seconds
41.412: Application time: 0.0315480 seconds
41.412: [GC41.412: [ParNew: 37567K->4158K(37568K), 0.0021580 secs] 639479K->606743K(758420K), 0.0022020 secs] [Times: user=0.01 sys=0.00, real=0.00 secs] 
41.414: Total time for which application threads were stopped: 0.0025590 seconds, Stopping threads took: 0.0002900 seconds
41.446: Application time: 0.0316440 seconds
41.449: [GC41.449: [ParNew: 37566K->4158K(37568K), 0.0023910 secs] 640151K->608328K(758420K), 0.0024350 secs] [Times: user=0.02 sys=0.00, real=0.00 secs] 
41.451: Total time for which application threads were stopped: 0.0054560 seconds, Stopping threads took: 0.0029470 seconds
41.483: Application time: 0.0314050 seconds
41.486: [GC41.486: [ParNew: 37566K->4159K(37568K), 0.0023290 secs] 641736K->609698K(758420K), 0.0023730 secs] [Times: user=0.02 sys=0.00, real=0.01 secs] 
41.488: Total time for which application threads were stopped: 0.0054500 seconds, Stopping threads took: 0.0030100 seconds
41.518: Application time: 0.0301540 seconds
41.520: [GC41.520: [ParNew: 37567K->4158K(37568K), 0.0029300 secs] 643106K->612974K(758420K), 0.0029740 secs] [Times: user=0.02 sys=0.00, real=0.00 secs] 
41.523: Total time for which application threads were stopped: 0.0048660 seconds, Stopping threads took: 0.0018180 seconds
41.555: Application time: 0.0313550 seconds
41.558: [GC41.558: [ParNew: 37566K->4158K(37568K), 0.0027000 secs] 646382K->615583K(758420K), 0.0027430 secs] [Times: user=0.02 sys=0.00, real=0.00 secs] 
41.560: Total time for which application threads were stopped: 0.0057880 seconds, Stopping threads took: 0.0029550 seconds
41.591: Application time: 0.0308290 seconds
41.594: [GC41.594: [ParNew: 37566K->4158K(37568K), 0.0025560 secs] 648991K->617630K(758420K), 0.0025990 secs] [Times: user=0.02 sys=0.00, real=0.01 secs] 
41.596: Total time for which application threads were stopped: 0.0048650 seconds, Stopping threads took: 0.0021980 seconds
41.628: Application time: 0.0320950 seconds
41.631: [GC41.631: [ParNew: 37566K->4159K(37568K), 0.0020960 secs] 651038K->618135K(758420K), 0.0021380 secs] [Times: user=0.01 sys=0.00, real=0.00 secs] 
41.633: Total time for which application threads were stopped: 0.0051550 seconds, Stopping threads took: 0.0029550 seconds
41.663: Application time: 0.0299640 seconds
41.666: [GC41.666: [ParNew: 37567K->4159K(37568K), 0.0024990 secs] 651543K->619841K(758420K), 0.0025440 secs] [Times: user=0.02 sys=0.00, real=0.01 secs] 
41.669: Total time for which application threads were stopped: 0.0052830 seconds, Stopping threads took: 0.0026640 seconds
41.699: Application time: 0.0307200 seconds
41.701: [GC41.701: [ParNew: 37567K->4158K(37568K), 0.0027080 secs] 653249K->622559K(758420K), 0.0027520 secs] [Times: user=0.03 sys=0.00, real=0.00 secs] 
41.704: Total time for which application threads were stopped: 0.0047830 seconds, Stopping threads took: 0.0019660 seconds
41.735: Application time: 0.0304730 seconds
41.736: [GC41.736: [ParNew: 37566K->4159K(37568K), 0.0027120 secs] 655967K->625138K(758420K), 0.0027570 secs] [Times: user=0.02 sys=0.00, real=0.00 secs] 
41.739: Total time for which application threads were stopped: 0.0046260 seconds, Stopping threads took: 0.0018020 seconds
41.771: Application time: 0.0314870 seconds
41.774: [GC41.774: [ParNew: 37567K->4158K(37568K), 0.0027920 secs] 658546K->627685K(758420K), 0.0028400 secs] [Times: user=0.02 sys=0.00, real=0.01 secs] 
41.777: Total time for which application threads were stopped: 0.0061760 seconds, Stopping threads took: 0.0032600 seconds
41.808: Application time: 0.0306070 seconds
41.809: [GC41.809: [ParNew: 37566K->4159K(37568K), 0.0026670 secs] 661093K->629974K(758420K), 0.0027160 secs] [Times: user=0.02 sys=0.00, real=0.00 secs] 
41.812: Total time for which application threads were stopped: 0.0044940 seconds, Stopping threads took: 0.0016980 seconds
41.843: Application time: 0.0313580 seconds
41.846: [GC41.846: [ParNew: 37567K->4159K(37568K), 0.0021800 secs] 663382K->630725K(758420K), 0.0022240 secs] [Times: user=0.02 sys=0.00, real=0.01 secs] 
41.848: Total time for which application threads were stopped: 0.0046120 seconds, Stopping threads took: 0.0023100 seconds
41.879: Application time: 0.0310500 seconds
41.880: [GC41.880: [ParNew: 37567K->4159K(37568K), 0.0026190 secs] 664133K->632825K(758420K), 0.0026660 secs] [Times: user=0.02 sys=0.00, real=0.00 secs] 
41.883: Total time for which application threads were stopped: 0.0037050 seconds, Stopping threads took: 0.0009720 seconds
41.915: Application time: 0.0318840 seconds
41.918: [GC41.918: [ParNew: 37567K->4159K(37568K), 0.0027970 secs] 666233K->635227K(758420K), 0.0028500 secs] [Times: user=0.02 sys=0.00, real=0.00 secs] 
41.921: Total time for which application threads were stopped: 0.0060820 seconds, Stopping threads took: 0.0031650 seconds
41.952: Application time: 0.0314560 seconds
41.955: [GC41.955: [ParNew: 37567K->4158K(37568K), 0.0022710 secs] 668635K->636471K(758420K), 0.0023180 secs] [Times: user=0.02 sys=0.00, real=0.01 secs] 
41.957: Total time for which application threads were stopped: 0.0046940 seconds, Stopping threads took: 0.0023110 seconds
41.988: Application time: 0.0309120 seconds
41.990: [GC41.990: [ParNew: 37566K->4158K(37568K), 0.0026840 secs] 669879K->639151K(758420K), 0.0027290 secs] [Times: user=0.02 sys=0.00, real=0.00 secs] 
41.993: Total time for which application threads were stopped: 0.0047250 seconds, Stopping threads took: 0.0019280 seconds
42.023: Application time: 0.0309530 seconds
42.026: [GC42.026: [ParNew: 37566K->4158K(37568K), 0.0028660 secs] 672559K->642201K(758420K), 0.0029140 secs] [Times: user=0.02 sys=0.00, real=0.01 secs] 
42.029: Total time for which application threads were stopped: 0.0058490 seconds, Stopping threads took: 0.0028600 seconds
42.059: Application time: 0.0294010 seconds
42.062: [GC42.062: [ParNew: 37566K->4159K(37568K), 0.0030950 secs] 675609K->645709K(758420K), 0.0031400 secs] [Times: user=0.02 sys=0.00, real=0.00 secs] 
42.065: Total time for which application threads were stopped: 0.0066100 seconds, Stopping threads took: 0.0034040 seconds
42.096: Application time: 0.0311600 seconds
42.099: [GC42.099: [ParNew: 37567K->4159K(37568K), 0.0023500 secs] 679117K->647080K(758420K), 0.0023980 secs] [Times: user=0.02 sys=0.00, real=0.00 secs] 
42.101: Total time for which application threads were stopped: 0.0045090 seconds, Stopping threads took: 0.0020440 seconds
42.131: Application time: 0.0303110 seconds
42.133: [GC42.133: [ParNew: 37567K->4159K(37568K), 0.0030220 secs] 680488K->650346K(758420K), 0.0030650 secs] [Times: user=0.02 sys=0.00, real=0.01 secs] 
42.136: Total time for which application threads were stopped: 0.0050030 seconds, Stopping threads took: 0.0018770 seconds
42.168: Application time: 0.0319410 seconds
42.171: [GC42.171: [ParNew: 37566K->4158K(37568K), 0.0028900 secs] 683753K->653442K(758420K), 0.0029370 secs] [Times: user=0.02 sys=0.00, real=0.00 secs] 
42.174: Total time for which application threads were stopped: 0.0058670 seconds, Stopping threads took: 0.0028410 seconds
42.206: Application time: 0.0321070 seconds
42.209: [GC42.209: [ParNew: 37566K->4158K(37568K), 0.0023170 secs] 686850K->654543K(758420K), 0.0023620 secs] [Times: user=0.02 sys=0.00, real=0.00 secs] 
42.211: Total time for which application threads were stopped: 0.0051550 seconds, Stopping threads took: 0.0027280 seconds
42.242: Application time: 0.0302200 seconds
42.244: [GC42.244: [ParNew: 37566K->4158K(37568K), 0.0025640 secs] 687951K->656512K(758420K), 0.0026110 secs] [Times: user=0.01 sys=0.00, real=0.00 secs] 
42.246: Total time for which application threads were stopped: 0.0045520 seconds, Stopping threads took: 0.0018720 seconds
42.278: Application time: 0.0313480 seconds
42.280: [GC42.280: [ParNew: 37566K->4158K(37568K), 0.0026580 secs] 689920K->658867K(758420K), 0.0027050 secs] [Times: user=0.02 sys=0.00, real=0.00 secs] 
42.283: Total time for which application threads were stopped: 0.0050750 seconds, Stopping threads took: 0.0022940 seconds
42.314: Application time: 0.0313720 seconds
42.317: [GC42.317: [ParNew: 37566K->4159K(37568K), 0.0028420 secs] 692275K->661536K(758420K), 0.0028890 secs] [Times: user=0.02 sys=0.01, real=0.00 secs] 
42.319: Total time for which application threads were stopped: 0.0054950 seconds, Stopping threads took: 0.0025180 seconds
42.351: Application time: 0.0317890 seconds
42.353: [GC42.353: [ParNew: 37567K->4159K(37568K), 0.0023230 secs] 694944K->662570K(758420K), 0.0023700 secs] [Times: user=0.01 sys=0.00, real=0.01 secs] 
42.355: Total time for which application threads were stopped: 0.0041740 seconds, Stopping threads took: 0.0017380 seconds
42.387: Application time: 0.0317560 seconds
42.389: [GC42.389: [ParNew: 37567K->4158K(37568K), 0.0025380 secs] 695978K->664340K(758420K), 0.0025910 secs] [Times: user=0.02 sys=0.00, real=0.00 secs] 
42.392: Total time for which application threads were stopped: 0.0043590 seconds, Stopping threads took: 0.0016800 seconds
42.423: Application time: 0.0317330 seconds
42.425: [GC42.425: [ParNew: 37566K->4158K(37568K), 0.0024650 secs] 697748K->665626K(758420K), 0.0025090 secs] [Times: user=0.02 sys=0.00, real=0.01 secs] 
42.428: Total time for which application threads were stopped: 0.0044170 seconds, Stopping threads took: 0.0018410 seconds
42.459: Application time: 0.0312540 seconds
42.462: [GC42.462: [ParNew: 37566K->4158K(37568K), 0.0024410 secs] 699034K->667254K(758420K), 0.0024870 secs] [Times: user=0.02 sys=0.00, real=0.00 secs] 
42.464: Total time for which application threads were stopped: 0.0050580 seconds, Stopping threads took: 0.0025040 seconds
42.495: Application time: 0.0312990 seconds
42.497: [GC42.497: [ParNew: 37566K->4158K(37568K), 0.0025550 secs] 700662K->669261K(758420K), 0.0025990 secs] [Times: user=0.02 sys=0.00, real=0.00 secs] 
42.499: Total time for which application threads were stopped: 0.0040710 seconds, Stopping threads took: 0.0014050 seconds
42.530: Application time: 0.0305290 seconds
42.533: [GC42.533: [ParNew: 37566K->4158K(37568K), 0.0029060 secs] 702669K->672163K(758420K), 0.0029500 secs] [Times: user=0.02 sys=0.00, real=0.01 secs] 
42.536: Total time for which application threads were stopped: 0.0057990 seconds, Stopping threads took: 0.0027740 seconds
42.567: Application time: 0.0314690 seconds
42.569: [GC42.569: [ParNew: 37566K->4158K(37568K), 0.0022970 secs] 705571K->672872K(758420K), 0.0023440 secs] [Times: user=0.02 sys=0.00, real=0.00 secs] 
42.571: Total time for which application threads were stopped: 0.0040400 seconds, Stopping threads took: 0.0016300 seconds
42.603: Application time: 0.0318970 seconds
42.605: [GC42.605: [ParNew: 37566K->4159K(37568K), 0.0024110 secs] 706280K->674458K(758420K), 0.0024560 secs] [Times: user=0.01 sys=0.00, real=0.01 secs] 
42.607: Total time for which application threads were stopped: 0.0042320 seconds, Stopping threads took: 0.0017100 seconds
42.638: Application time: 0.0304570 seconds
42.640: [GC42.640: [ParNew: 37567K->4159K(37568K), 0.0027270 secs] 707866K->677003K(758420K), 0.0027720 secs] [Times: user=0.02 sys=0.00, real=0.00 secs] 
42.643: Total time for which application threads were stopped: 0.0048440 seconds, Stopping threads took: 0.0019830 seconds
42.675: Application time: 0.0318750 seconds
42.678: [GC42.678: [ParNew: 37567K->4159K(37568K), 0.0024990 secs] 710411K->678598K(758420K), 0.0025420 secs] [Times: user=0.02 sys=0.00, real=0.00 secs] 
42.680: Total time for which application threads were stopped: 0.0056920 seconds, Stopping threads took: 0.0030660 seconds
42.711: Application time: 0.0309460 seconds
42.714: [GC42.714: [ParNew: 37567K->4159K(37568K), 0.0028810 secs] 712006K->681699K(758420K), 0.0029280 secs] [Times: user=0.02 sys=0.00, real=0.01 secs] 
42.717: Total time for which application threads were stopped: 0.0060330 seconds, Stopping threads took: 0.0030390 seconds
42.747: Application time: 0.0294770 seconds
42.749: [GC42.749: [ParNew: 37567K->4159K(37568K), 0.0028400 secs] 715107K->684721K(758420K), 0.0028820 secs] [Times: user=0.02 sys=0.00, real=0.00 secs] 
42.752: Total time for which application threads were stopped: 0.0051510 seconds, Stopping threads took: 0.0022020 seconds
 CMS: abort preclean due to time 42.755: [CMS-concurrent-abortable-preclean: 0.681/5.014 secs] [Times: user=37.78 sys=0.18, real=5.02 secs] 
42.759: Application time: 0.0067640 seconds
42.760: [GC[YG occupancy: 11714 K (37568 K)]42.760: [Rescan (parallel) , 0.0004690 secs]42.761: [weak refs processing, 0.0000080 secs]42.761: [scrub string table, 0.0001110 secs] [1 CMS-remark: 680562K(720852K)] 692276K(758420K), 0.0006260 secs] [Times: user=0.00 sys=0.00, real=0.00 secs] 
42.761: Total time for which application threads were stopped: 0.0020990 seconds, Stopping threads took: 0.0014380 seconds
42.761: [CMS-concurrent-sweep-start]
42.786: Application time: 0.0247870 seconds
42.789: [GC42.789: [ParNew: 37567K->4158K(37568K), 0.0029410 secs] 519378K->489363K(758420K), 0.0029950 secs] [Times: user=0.03 sys=0.00, real=0.00 secs] 
42.792: Total time for which application threads were stopped: 0.0067790 seconds, Stopping threads took: 0.0037010 seconds
42.803: [CMS-concurrent-sweep: 0.036/0.043 secs] [Times: user=0.32 sys=0.00, real=0.04 secs] 
42.804: [CMS-concurrent-reset-start]
42.806: [CMS-concurrent-reset: 0.003/0.003 secs] [Times: user=0.00 sys=0.00, real=0.00 secs] 
42.825: Application time: 0.0325810 seconds
42.827: [GC42.827: [ParNew: 37566K->4159K(37568K), 0.0025320 secs] 356571K->325423K(758420K), 0.0025760 secs] [Times: user=0.02 sys=0.00, real=0.00 secs] 
42.829: Total time for which application threads were stopped: 0.0045350 seconds, Stopping threads took: 0.0018920 seconds
42.831: Application time: 0.0012010 seconds
42.833: [GC [1 CMS-initial-mark: 321263K(720852K)] 327020K(758420K), 0.0002050 secs] [Times: user=0.00 sys=0.00, real=0.00 secs] 
42.834: Total time for which application threads were stopped: 0.0029780 seconds, Stopping threads took: 0.0027490 seconds
42.834: [CMS-concurrent-mark-start]
42.839: [CMS-concurrent-mark: 0.005/0.005 secs] [Times: user=0.04 sys=0.00, real=0.01 secs] 
42.839: [CMS-concurrent-preclean-start]
42.840: [CMS-concurrent-preclean: 0.001/0.001 secs] [Times: user=0.00 sys=0.00, real=0.00 secs] 
42.840: [CMS-concurrent-abortable-preclean-start]
42.865: Application time: 0.0310700 seconds
42.867: [GC42.867: [ParNew: 37567K->4158K(37568K), 0.0025910 secs] 358831K->327663K(758420K), 0.0026340 secs] [Times: user=0.02 sys=0.00, real=0.00 secs] 
42.870: Total time for which application threads were stopped: 0.0050880 seconds, Stopping threads took: 0.0023850 seconds
42.902: Application time: 0.0317850 seconds
42.904: [GC42.904: [ParNew: 37566K->4159K(37568K), 0.0023540 secs] 361071K->329425K(758420K), 0.0024010 secs] [Times: user=0.02 sys=0.00, real=0.01 secs] 
42.907: Total time for which application threads were stopped: 0.0050900 seconds, Stopping threads took: 0.0026230 seconds
42.938: Application time: 0.0309330 seconds
42.940: [GC42.940: [ParNew: 37566K->4158K(37568K), 0.0024490 secs] 362832K->331088K(758420K), 0.0024950 secs] [Times: user=0.02 sys=0.00, real=0.00 secs] 
42.942: Total time for which application threads were stopped: 0.0045120 seconds, Stopping threads took: 0.0019290 seconds
42.974: Application time: 0.0317280 seconds
42.976: [GC42.976: [ParNew: 37566K->4158K(37568K), 0.0025820 secs] 364496K->333506K(758420K), 0.0026260 secs] [Times: user=0.01 sys=0.00, real=0.00 secs] 
42.979: Total time for which application threads were stopped: 0.0051600 seconds, Stopping threads took: 0.0024690 seconds
43.010: Application time: 0.0314760 seconds
43.013: [GC43.013: [ParNew: 37566K->4159K(37568K), 0.0026620 secs] 366914K->336181K(758420K), 0.0027070 secs] [Times: user=0.02 sys=0.00, real=0.01 secs] 
43.016: Total time for which application threads were stopped: 0.0053570 seconds, Stopping threads took: 0.0025830 seconds
43.046: Application time: 0.0305710 seconds
43.048: [GC43.048: [ParNew: 37567K->4159K(37568K), 0.0029320 secs] 369589K->339660K(758420K), 0.0029750 secs] [Times: user=0.02 sys=0.00, real=0.00 secs] 
43.051: Total time for which application threads were stopped: 0.0048340 seconds, Stopping threads took: 0.0017840 seconds
43.082: Application time: 0.0309750 seconds
43.084: [GC43.084: [ParNew: 37567K->4159K(37568K), 0.0023820 secs] 373068K->341456K(758420K), 0.0024280 secs] [Times: user=0.02 sys=0.00, real=0.00 secs] 
43.086: Total time for which application threads were stopped: 0.0041120 seconds, Stopping threads took: 0.0016170 seconds
43.118: Application time: 0.0311730 seconds
43.121: [GC43.121: [ParNew: 37567K->4159K(37568K), 0.0027610 secs] 374864K->344099K(758420K), 0.0028040 secs] [Times: user=0.02 sys=0.00, real=0.00 secs] 
43.123: Total time for which application threads were stopped: 0.0059640 seconds, Stopping threads took: 0.0030930 seconds
43.154: Application time: 0.0307350 seconds
43.157: [GC43.157: [ParNew: 37567K->4159K(37568K), 0.0027850 secs] 377506K->347064K(758420K), 0.0028380 secs] [Times: user=0.02 sys=0.00, real=0.00 secs] 
43.160: Total time for which application threads were stopped: 0.0056890 seconds, Stopping threads took: 0.0027880 seconds
43.190: Application time: 0.0300790 seconds
43.192: [GC43.192: [ParNew: 37567K->4158K(37568K), 0.0027170 secs] 380472K->349918K(758420K), 0.0027650 secs] [Times: user=0.02 sys=0.00, real=0.01 secs] 
43.195: Total time for which application threads were stopped: 0.0051760 seconds, Stopping threads took: 0.0023440 seconds
43.225: Application time: 0.0300970 seconds
43.227: [GC43.227: [ParNew: 37566K->4158K(37568K), 0.0027040 secs] 383326K->352655K(758420K), 0.0027490 secs] [Times: user=0.01 sys=0.00, real=0.00 secs] 
43.230: Total time for which application threads were stopped: 0.0048150 seconds, Stopping threads took: 0.0019970 seconds
43.263: Application time: 0.0328390 seconds
43.265: [GC43.265: [ParNew: 37566K->4158K(37568K), 0.0024190 secs] 386063K->354776K(758420K), 0.0024630 secs] [Times: user=0.01 sys=0.00, real=0.01 secs] 
43.268: Total time for which application threads were stopped: 0.0050080 seconds, Stopping threads took: 0.0024790 seconds
43.300: Application time: 0.0315530 seconds
43.301: [GC43.301: [ParNew: 37566K->4159K(37568K), 0.0026200 secs] 388184K->357309K(758420K), 0.0026680 secs] [Times: user=0.02 sys=0.00, real=0.00 secs] 
43.304: Total time for which application threads were stopped: 0.0046040 seconds, Stopping threads took: 0.0018690 seconds
43.334: Application time: 0.0302370 seconds
43.337: [GC43.337: [ParNew: 37567K->4158K(37568K), 0.0029220 secs] 390717K->360751K(758420K), 0.0029680 secs] [Times: user=0.02 sys=0.00, real=0.00 secs] 
43.340: Total time for which application threads were stopped: 0.0054370 seconds, Stopping threads took: 0.0024100 seconds
43.371: Application time: 0.0312470 seconds
43.372: [GC43.372: [ParNew: 37566K->4158K(37568K), 0.0024050 secs] 394159K->362555K(758420K), 0.0024490 secs] [Times: user=0.02 sys=0.00, real=0.01 secs] 
43.375: Total time for which application threads were stopped: 0.0038180 seconds, Stopping threads took: 0.0013030 seconds
43.406: Application time: 0.0314740 seconds
43.409: [GC43.409: [ParNew: 37566K->4159K(37568K), 0.0027830 secs] 395963K->365532K(758420K), 0.0028290 secs] [Times: user=0.02 sys=0.00, real=0.00 secs] 
43.412: Total time for which application threads were stopped: 0.0053700 seconds, Stopping threads took: 0.0024730 seconds
43.444: Application time: 0.0319170 seconds
43.446: [GC43.446: [ParNew: 37567K->4158K(37568K), 0.0022890 secs] 398940K->367045K(758420K), 0.0023330 secs] [Times: user=0.02 sys=0.00, real=0.01 secs] 
43.448: Total time for which application threads were stopped: 0.0042370 seconds, Stopping threads took: 0.0018370 seconds
43.479: Application time: 0.0308050 seconds
43.480: [GC43.480: [ParNew: 37566K->4159K(37568K), 0.0024360 secs] 400453K->369021K(758420K), 0.0024800 secs] [Times: user=0.02 sys=0.00, real=0.00 secs] 
43.483: Total time for which application threads were stopped: 0.0043020 seconds, Stopping threads took: 0.0017560 seconds
43.514: Application time: 0.0311340 seconds
43.516: [GC43.516: [ParNew: 37567K->4158K(37568K), 0.0023580 secs] 402429K->370832K(758420K), 0.0024020 secs] [Times: user=0.01 sys=0.00, real=0.00 secs] 
43.519: Total time for which application threads were stopped: 0.0043930 seconds, Stopping threads took: 0.0019230 seconds
43.549: Application time: 0.0302680 seconds
43.551: [GC43.551: [ParNew: 37566K->4158K(37568K), 0.0026130 secs] 404240K->373396K(758420K), 0.0026570 secs] [Times: user=0.02 sys=0.00, real=0.00 secs] 
43.554: Total time for which application threads were stopped: 0.0048970 seconds, Stopping threads took: 0.0021430 seconds
43.585: Application time: 0.0316120 seconds
43.587: [GC43.587: [ParNew: 37566K->4159K(37568K), 0.0022640 secs] 406804K->374972K(758420K), 0.0023090 secs] [Times: user=0.01 sys=0.00, real=0.00 secs] 
43.590: Total time for which application threads were stopped: 0.0042570 seconds, Stopping threads took: 0.0018890 seconds
43.621: Application time: 0.0312010 seconds
43.623: [GC43.623: [ParNew: 37566K->4158K(37568K), 0.0021700 secs] 408379K->375977K(758420K), 0.0022190 secs] [Times: user=0.01 sys=0.00, real=0.00 secs] 
43.625: Total time for which application threads were stopped: 0.0042470 seconds, Stopping threads took: 0.0019630 seconds
43.656: Application time: 0.0314340 seconds
43.659: [GC43.659: [ParNew: 37566K->4159K(37568K), 0.0020780 secs] 409385K->376809K(758420K), 0.0021190 secs] [Times: user=0.02 sys=0.01, real=0.00 secs] 
43.661: Total time for which application threads were stopped: 0.0049660 seconds, Stopping threads took: 0.0027800 seconds
43.694: Application time: 0.0324120 seconds
43.696: [GC43.696: [ParNew: 37567K->4159K(37568K), 0.0020900 secs] 410217K->377620K(758420K), 0.0021310 secs] [Times: user=0.02 sys=0.00, real=0.00 secs] 
43.698: Total time for which application threads were stopped: 0.0038320 seconds, Stopping threads took: 0.0016380 seconds
43.729: Application time: 0.0317560 seconds
43.731: [GC43.731: [ParNew: 37567K->4158K(37568K), 0.0022250 secs] 411028K->378861K(758420K), 0.0022720 secs] [Times: user=0.02 sys=0.00, real=0.00 secs] 
43.734: Total time for which application threads were stopped: 0.0042760 seconds, Stopping threads took: 0.0019350 seconds
43.765: Application time: 0.0313480 seconds
43.767: [GC43.767: [ParNew: 37566K->4159K(37568K), 0.0024950 secs] 412269K->381053K(758420K), 0.0025380 secs] [Times: user=0.02 sys=0.00, real=0.00 secs] 
43.770: Total time for which application threads were stopped: 0.0045100 seconds, Stopping threads took: 0.0019050 seconds
43.801: Application time: 0.0317170 seconds
43.803: [GC43.803: [ParNew: 37567K->4158K(37568K), 0.0025340 secs] 414461K->383122K(758420K), 0.0025770 secs] [Times: user=0.01 sys=0.00, real=0.00 secs] 
43.806: Total time for which application threads were stopped: 0.0047780 seconds, Stopping threads took: 0.0021360 seconds
43.838: Application time: 0.0320120 seconds
43.840: [GC43.840: [ParNew: 37566K->4158K(37568K), 0.0027400 secs] 416530K->386111K(758420K), 0.0027850 secs] [Times: user=0.02 sys=0.00, real=0.00 secs] 
43.843: Total time for which application threads were stopped: 0.0051120 seconds, Stopping threads took: 0.0022610 seconds
43.875: Application time: 0.0321670 seconds
43.878: [GC43.878: [ParNew: 37566K->4159K(37568K), 0.0022210 secs] 419519K->387333K(758420K), 0.0022690 secs] [Times: user=0.01 sys=0.01, real=0.00 secs] 
43.881: Total time for which application threads were stopped: 0.0053210 seconds, Stopping threads took: 0.0029860 seconds
43.912: Application time: 0.0310790 seconds
43.913: [GC43.913: [ParNew: 37567K->4159K(37568K), 0.0023490 secs] 420741K->388961K(758420K), 0.0023930 secs] [Times: user=0.01 sys=0.00, real=0.01 secs] 
43.916: Total time for which application threads were stopped: 0.0040880 seconds, Stopping threads took: 0.0016290 seconds
43.944: Application time: 0.0285310 seconds
43.947: [GC43.947: [ParNew: 37567K->4159K(37568K), 0.0029320 secs] 422369K->392332K(758420K), 0.0029760 secs] [Times: user=0.01 sys=0.00, real=0.00 secs] 
43.950: Total time for which application threads were stopped: 0.0055630 seconds, Stopping threads took: 0.0025210 seconds
43.982: Application time: 0.0318280 seconds
43.984: [GC43.984: [ParNew: 37567K->4158K(37568K), 0.0026450 secs] 425739K->394633K(758420K), 0.0026910 secs] [Times: user=0.01 sys=0.00, real=0.01 secs] 
43.987: Total time for which application threads were stopped: 0.0052920 seconds, Stopping threads took: 0.0025370 seconds
44.019: Application time: 0.0319040 seconds
44.021: [GC44.021: [ParNew: 37566K->4158K(37568K), 0.0024130 secs] 428041K->396341K(758420K), 0.0024600 secs] [Times: user=0.01 sys=0.00, real=0.00 secs] 
44.024: Total time for which application threads were stopped: 0.0049040 seconds, Stopping threads took: 0.0023760 seconds
44.056: Application time: 0.0317340 seconds
44.058: [GC44.058: [ParNew: 37566K->4158K(37568K), 0.0023690 secs] 429749K->397500K(758420K), 0.0024140 secs] [Times: user=0.01 sys=0.00, real=0.00 secs] 
44.060: Total time for which application threads were stopped: 0.0048570 seconds, Stopping threads took: 0.0023510 seconds
44.092: Application time: 0.0312380 seconds
44.094: [GC44.094: [ParNew: 37566K->4158K(37568K), 0.0021940 secs] 430908K->398477K(758420K), 0.0022380 secs] [Times: user=0.02 sys=0.00, real=0.01 secs] 
44.096: Total time for which application threads were stopped: 0.0040860 seconds, Stopping threads took: 0.0017620 seconds
44.125: Application time: 0.0296090 seconds
44.128: [GC44.128: [ParNew: 37566K->4159K(37568K), 0.0030430 secs] 431885K->402284K(758420K), 0.0030970 secs] [Times: user=0.03 sys=0.00, real=0.00 secs] 
44.131: Total time for which application threads were stopped: 0.0052150 seconds, Stopping threads took: 0.0020470 seconds
44.161: Application time: 0.0308090 seconds
44.165: [GC44.165: [ParNew: 37567K->4158K(37568K), 0.0028080 secs] 435692K->405044K(758420K), 0.0028550 secs] [Times: user=0.02 sys=0.00, real=0.01 secs] 
44.167: Total time for which application threads were stopped: 0.0059550 seconds, Stopping threads took: 0.0030330 seconds
44.198: Application time: 0.0310670 seconds
44.201: [GC44.201: [ParNew: 37564K->4159K(37568K), 0.0023410 secs] 438450K->406650K(758420K), 0.0023850 secs] [Times: user=0.02 sys=0.00, real=0.00 secs] 
44.204: Total time for which application threads were stopped: 0.0054130 seconds, Stopping threads took: 0.0029400 seconds
44.235: Application time: 0.0311260 seconds
44.238: [GC44.238: [ParNew: 37567K->4158K(37568K), 0.0026230 secs] 440058K->408670K(758420K), 0.0026700 secs] [Times: user=0.02 sys=0.00, real=0.00 secs] 
44.240: Total time for which application threads were stopped: 0.0054500 seconds, Stopping threads took: 0.0027190 seconds
44.272: Application time: 0.0310460 seconds
44.274: [GC44.274: [ParNew: 37566K->4159K(37568K), 0.0022040 secs] 442078K->409996K(758420K), 0.0022490 secs] [Times: user=0.01 sys=0.00, real=0.01 secs] 
44.276: Total time for which application threads were stopped: 0.0042760 seconds, Stopping threads took: 0.0019610 seconds
44.307: Application time: 0.0316850 seconds
44.310: [GC44.310: [ParNew: 37567K->4158K(37568K), 0.0027330 secs] 443404K->412568K(758420K), 0.0027770 secs] [Times: user=0.02 sys=0.00, real=0.00 secs] 
44.312: Total time for which application threads were stopped: 0.0049720 seconds, Stopping threads took: 0.0021280 seconds
44.343: Application time: 0.0308600 seconds
44.345: [GC44.345: [ParNew: 37566K->4159K(37568K), 0.0027810 secs] 445976K->415590K(758420K), 0.0028260 secs] [Times: user=0.02 sys=0.00, real=0.01 secs] 
44.348: Total time for which application threads were stopped: 0.0046780 seconds, Stopping threads took: 0.0017850 seconds
44.379: Application time: 0.0314940 seconds
44.382: [GC44.382: [ParNew: 37566K->4159K(37568K), 0.0025270 secs] 448998K->417492K(758420K), 0.0025690 secs] [Times: user=0.02 sys=0.00, real=0.00 secs] 
44.384: Total time for which application threads were stopped: 0.0049180 seconds, Stopping threads took: 0.0022830 seconds
44.416: Application time: 0.0315180 seconds
44.418: [GC44.418: [ParNew: 37567K->4158K(37568K), 0.0025630 secs] 450900K->419844K(758420K), 0.0026090 secs] [Times: user=0.02 sys=0.00, real=0.00 secs] 
44.421: Total time for which application threads were stopped: 0.0049360 seconds, Stopping threads took: 0.0022590 seconds
44.451: Application time: 0.0304640 seconds
44.453: [GC44.453: [ParNew: 37566K->4158K(37568K), 0.0025790 secs] 453252K->421657K(758420K), 0.0026240 secs] [Times: user=0.02 sys=0.00, real=0.01 secs] 
44.456: Total time for which application threads were stopped: 0.0042960 seconds, Stopping threads took: 0.0016060 seconds
44.487: Application time: 0.0313200 seconds
44.488: [GC44.488: [ParNew: 37566K->4159K(37568K), 0.0026590 secs] 455065K->424205K(758420K), 0.0027040 secs] [Times: user=0.02 sys=0.00, real=0.00 secs] 
44.491: Total time for which application threads were stopped: 0.0040020 seconds, Stopping threads took: 0.0012370 seconds
44.523: Application time: 0.0318990 seconds
44.526: [GC44.526: [ParNew: 37567K->4159K(37568K), 0.0029430 secs] 457613K->427630K(758420K), 0.0029980 secs] [Times: user=0.03 sys=0.00, real=0.01 secs] 
44.529: Total time for which application threads were stopped: 0.0062960 seconds, Stopping threads took: 0.0032310 seconds
44.560: Application time: 0.0311890 seconds
44.562: [GC44.562: [ParNew: 37565K->4158K(37568K), 0.0025670 secs] 461036K->429449K(758420K), 0.0026110 secs] [Times: user=0.02 sys=0.00, real=0.00 secs] 
44.565: Total time for which application threads were stopped: 0.0045150 seconds, Stopping threads took: 0.0018280 seconds
44.594: Application time: 0.0290460 seconds
44.597: [GC44.597: [ParNew: 37566K->4158K(37568K), 0.0030030 secs] 462857K->432710K(758420K), 0.0030490 secs] [Times: user=0.02 sys=0.00, real=0.00 secs] 
44.600: Total time for which application threads were stopped: 0.0059000 seconds, Stopping threads took: 0.0027850 seconds
44.630: Application time: 0.0303520 seconds
44.632: [GC44.632: [ParNew: 37565K->4159K(37568K), 0.0028730 secs] 466117K->435855K(758420K), 0.0029170 secs] [Times: user=0.02 sys=0.00, real=0.01 secs] 
44.635: Total time for which application threads were stopped: 0.0051860 seconds, Stopping threads took: 0.0021810 seconds
44.668: Application time: 0.0331350 seconds
44.672: [GC44.672: [ParNew: 37567K->4159K(37568K), 0.0024320 secs] 469263K->437829K(758420K), 0.0024750 secs] [Times: user=0.02 sys=0.00, real=0.00 secs] 
44.675: Total time for which application threads were stopped: 0.0060600 seconds, Stopping threads took: 0.0035210 seconds
44.706: Application time: 0.0312630 seconds
44.707: [GC44.707: [ParNew: 37565K->4158K(37568K), 0.0026990 secs] 471235K->440555K(758420K), 0.0027420 secs] [Times: user=0.02 sys=0.00, real=0.00 secs] 
44.710: Total time for which application threads were stopped: 0.0039180 seconds, Stopping threads took: 0.0011090 seconds
44.741: Application time: 0.0313310 seconds
44.743: [GC44.743: [ParNew: 37565K->4159K(37568K), 0.0023840 secs] 473962K->442111K(758420K), 0.0024280 secs] [Times: user=0.02 sys=0.00, real=0.00 secs] 
44.745: Total time for which application threads were stopped: 0.0038960 seconds, Stopping threads took: 0.0013990 seconds
44.776: Application time: 0.0305580 seconds
44.778: [GC44.778: [ParNew: 37567K->4159K(37568K), 0.0026630 secs] 475519K->444779K(758420K), 0.0027050 secs] [Times: user=0.02 sys=0.00, real=0.00 secs] 
44.780: Total time for which application threads were stopped: 0.0049030 seconds, Stopping threads took: 0.0021320 seconds
44.812: Application time: 0.0312450 seconds
44.814: [GC44.815: [ParNew: 37566K->4159K(37568K), 0.0024520 secs] 478185K->446527K(758420K), 0.0024970 secs] [Times: user=0.01 sys=0.00, real=0.01 secs] 
44.817: Total time for which application threads were stopped: 0.0053200 seconds, Stopping threads took: 0.0027560 seconds
44.848: Application time: 0.0307090 seconds
44.850: [GC44.850: [ParNew: 37567K->4159K(37568K), 0.0027450 secs] 479935K->449228K(758420K), 0.0027920 secs] [Times: user=0.02 sys=0.00, real=0.00 secs] 
44.853: Total time for which application threads were stopped: 0.0052400 seconds, Stopping threads took: 0.0023800 seconds
44.884: Application time: 0.0311770 seconds
44.885: [GC44.885: [ParNew: 37566K->4159K(37568K), 0.0019930 secs] 482635K->449697K(758420K), 0.0020380 secs] [Times: user=0.02 sys=0.00, real=0.01 secs] 
44.887: Total time for which application threads were stopped: 0.0030890 seconds, Stopping threads took: 0.0009820 seconds
44.919: Application time: 0.0312920 seconds
44.920: [GC44.920: [ParNew: 37567K->4158K(37568K), 0.0028490 secs] 483105K->452472K(758420K), 0.0028970 secs] [Times: user=0.02 sys=0.00, real=0.00 secs] 
44.923: Total time for which application threads were stopped: 0.0041850 seconds, Stopping threads took: 0.0012000 seconds
44.954: Application time: 0.0316810 seconds
44.957: [GC44.957: [ParNew: 37566K->4159K(37568K), 0.0028460 secs] 485880K->455230K(758420K), 0.0028900 secs] [Times: user=0.02 sys=0.01, real=0.00 secs] 
44.960: Total time for which application threads were stopped: 0.0052330 seconds, Stopping threads took: 0.0022770 seconds
44.992: Application time: 0.0319310 seconds
44.994: [GC44.994: [ParNew: 37567K->4159K(37568K), 0.0027640 secs] 488638K->457842K(758420K), 0.0028220 secs] [Times: user=0.02 sys=0.00, real=0.01 secs] 
44.996: Total time for which application threads were stopped: 0.0048080 seconds, Stopping threads took: 0.0019090 seconds
45.027: Application time: 0.0310360 seconds
45.030: [GC45.030: [ParNew: 37567K->4158K(37568K), 0.0025760 secs] 491250K->459767K(758420K), 0.0026220 secs] [Times: user=0.02 sys=0.00, real=0.00 secs] 
45.032: Total time for which application threads were stopped: 0.0050110 seconds, Stopping threads took: 0.0023230 seconds
45.063: Application time: 0.0308470 seconds
45.065: [GC45.065: [ParNew: 37566K->4158K(37568K), 0.0030450 secs] 493175K->463037K(758420K), 0.0030920 secs] [Times: user=0.02 sys=0.00, real=0.01 secs] 
45.068: Total time for which application threads were stopped: 0.0050350 seconds, Stopping threads took: 0.0018570 seconds
45.099: Application time: 0.0303610 seconds
45.101: [GC45.101: [ParNew: 37566K->4158K(37568K), 0.0030640 secs] 496445K->466289K(758420K), 0.0031100 secs] [Times: user=0.02 sys=0.00, real=0.00 secs] 
45.104: Total time for which application threads were stopped: 0.0054330 seconds, Stopping threads took: 0.0022550 seconds
45.136: Application time: 0.0320590 seconds
45.139: [GC45.139: [ParNew: 37566K->4159K(37568K), 0.0028950 secs] 499697K->469521K(758420K), 0.0029410 secs] [Times: user=0.02 sys=0.00, real=0.00 secs] 
45.142: Total time for which application threads were stopped: 0.0062290 seconds, Stopping threads took: 0.0032080 seconds
45.174: Application time: 0.0313290 seconds
45.176: [GC45.176: [ParNew: 37567K->4158K(37568K), 0.0023530 secs] 502929K->471247K(758420K), 0.0023960 secs] [Times: user=0.01 sys=0.00, real=0.00 secs] 
45.179: Total time for which application threads were stopped: 0.0050640 seconds, Stopping threads took: 0.0026010 seconds
45.209: Application time: 0.0306630 seconds
45.211: [GC45.211: [ParNew: 37566K->4159K(37568K), 0.0027440 secs] 504655K->473784K(758420K), 0.0027860 secs] [Times: user=0.02 sys=0.00, real=0.00 secs] 
45.214: Total time for which application threads were stopped: 0.0045210 seconds, Stopping threads took: 0.0016690 seconds
45.244: Application time: 0.0296510 seconds
45.246: [GC45.246: [ParNew: 37567K->4159K(37568K), 0.0022830 secs] 507192K->474850K(758420K), 0.0023270 secs] [Times: user=0.02 sys=0.00, real=0.01 secs] 
45.248: Total time for which application threads were stopped: 0.0044340 seconds, Stopping threads took: 0.0020430 seconds
45.278: Application time: 0.0298030 seconds
45.280: [GC45.280: [ParNew: 37567K->4158K(37568K), 0.0021850 secs] 508258K->475725K(758420K), 0.0022280 secs] [Times: user=0.01 sys=0.00, real=0.00 secs] 
45.282: Total time for which application threads were stopped: 0.0043080 seconds, Stopping threads took: 0.0020160 seconds
45.312: Application time: 0.0294440 seconds
45.314: [GC45.314: [ParNew: 37566K->4159K(37568K), 0.0026770 secs] 509133K->478488K(758420K), 0.0027220 secs] [Times: user=0.02 sys=0.00, real=0.01 secs] 
45.317: Total time for which application threads were stopped: 0.0049250 seconds, Stopping threads took: 0.0021380 seconds
45.347: Application time: 0.0304290 seconds
45.348: [GC45.348: [ParNew: 37567K->4158K(37568K), 0.0028230 secs] 511896K->481030K(758420K), 0.0028660 secs] [Times: user=0.02 sys=0.00, real=0.00 secs] 
45.351: Total time for which application threads were stopped: 0.0040480 seconds, Stopping threads took: 0.0011160 seconds
45.380: Application time: 0.0285350 seconds
45.381: [GC45.381: [ParNew: 37566K->4159K(37568K), 0.0031280 secs] 514438K->484394K(758420K), 0.0031730 secs] [Times: user=0.02 sys=0.00, real=0.00 secs] 
45.384: Total time for which application threads were stopped: 0.0048940 seconds, Stopping threads took: 0.0016360 seconds
45.415: Application time: 0.0304310 seconds
45.418: [GC45.418: [ParNew: 37567K->4159K(37568K), 0.0025380 secs] 517802K->486648K(758420K), 0.0025830 secs] [Times: user=0.02 sys=0.00, real=0.00 secs] 
45.420: Total time for which application threads were stopped: 0.0053110 seconds, Stopping threads took: 0.0026350 seconds
45.449: Application time: 0.0289990 seconds
45.451: [GC45.451: [ParNew: 37567K->4158K(37568K), 0.0026270 secs] 520056K->488818K(758420K), 0.0026710 secs] [Times: user=0.02 sys=0.00, real=0.00 secs] 
45.454: Total time for which application threads were stopped: 0.0047260 seconds, Stopping threads took: 0.0019890 seconds
45.484: Application time: 0.0299150 seconds
45.486: [GC45.486: [ParNew: 37566K->4159K(37568K), 0.0025490 secs] 522226K->490939K(758420K), 0.0025920 secs] [Times: user=0.02 sys=0.00, real=0.01 secs] 
45.489: Total time for which application threads were stopped: 0.0047680 seconds, Stopping threads took: 0.0021130 seconds
45.519: Application time: 0.0308400 seconds
45.521: [GC45.521: [ParNew: 37567K->4158K(37568K), 0.0018680 secs] 524347K->491072K(758420K), 0.0019110 secs] [Times: user=0.01 sys=0.00, real=0.00 secs] 
45.523: Total time for which application threads were stopped: 0.0036860 seconds, Stopping threads took: 0.0017120 seconds
45.553: Application time: 0.0293540 seconds
45.554: [GC45.554: [ParNew: 37566K->4159K(37568K), 0.0022750 secs] 524480K->492550K(758420K), 0.0023180 secs] [Times: user=0.02 sys=0.00, real=0.01 secs] 
45.556: Total time for which application threads were stopped: 0.0039070 seconds, Stopping threads took: 0.0015270 seconds
45.587: Application time: 0.0303350 seconds
45.589: [GC45.589: [ParNew: 37567K->4158K(37568K), 0.0024260 secs] 525958K->494406K(758420K), 0.0024690 secs] [Times: user=0.02 sys=0.00, real=0.00 secs] 
45.591: Total time for which application threads were stopped: 0.0043320 seconds, Stopping threads took: 0.0017900 seconds
45.621: Application time: 0.0303550 seconds
45.623: [GC45.623: [ParNew: 37566K->4159K(37568K), 0.0025660 secs] 527814K->495164K(758420K), 0.0026070 secs] [Times: user=0.02 sys=0.00, real=0.00 secs] 
45.626: Total time for which application threads were stopped: 0.0043290 seconds, Stopping threads took: 0.0016460 seconds
45.656: Application time: 0.0299910 seconds
45.657: [GC45.657: [ParNew: 37567K->3714K(37568K), 0.0019370 secs] 528572K->494747K(758420K), 0.0019800 secs] [Times: user=0.01 sys=0.00, real=0.00 secs] 
45.659: Total time for which application threads were stopped: 0.0031190 seconds, Stopping threads took: 0.0010550 seconds
45.689: Application time: 0.0297700 seconds
45.691: [GC45.691: [ParNew: 37122K->4159K(37568K), 0.0026480 secs] 528155K->497670K(758420K), 0.0026870 secs] [Times: user=0.02 sys=0.00, real=0.00 secs] 
45.694: Total time for which application threads were stopped: 0.0049530 seconds, Stopping threads took: 0.0022040 seconds
45.723: Application time: 0.0296810 seconds
45.725: [GC45.725: [ParNew: 37567K->4158K(37568K), 0.0022330 secs] 531078K->499024K(758420K), 0.0022760 secs] [Times: user=0.02 sys=0.00, real=0.01 secs] 
45.727: Total time for which application threads were stopped: 0.0040740 seconds, Stopping threads took: 0.0017340 seconds
45.757: Application time: 0.0296830 seconds
45.760: [GC45.760: [ParNew: 37566K->4158K(37568K), 0.0025870 secs] 532432K->501382K(758420K), 0.0026370 secs] [Times: user=0.02 sys=0.00, real=0.00 secs] 
45.762: Total time for which application threads were stopped: 0.0052710 seconds, Stopping threads took: 0.0025680 seconds
45.791: Application time: 0.0290310 seconds
45.794: [GC45.794: [ParNew: 37566K->4159K(37568K), 0.0030320 secs] 534790K->504641K(758420K), 0.0030750 secs] [Times: user=0.02 sys=0.00, real=0.01 secs] 
45.797: Total time for which application threads were stopped: 0.0058320 seconds, Stopping threads took: 0.0026990 seconds
45.827: Application time: 0.0297490 seconds
45.829: [GC45.829: [ParNew: 37567K->4158K(37568K), 0.0028230 secs] 538049K->507394K(758420K), 0.0028670 secs] [Times: user=0.02 sys=0.00, real=0.00 secs] 
45.832: Total time for which application threads were stopped: 0.0047010 seconds, Stopping threads took: 0.0017690 seconds
45.860: Application time: 0.0285550 seconds
45.862: [GC45.862: [ParNew: 37566K->4159K(37568K), 0.0028220 secs] 540802K->510394K(758420K), 0.0028750 secs] [Times: user=0.02 sys=0.00, real=0.00 secs] 
45.865: Total time for which application threads were stopped: 0.0048900 seconds, Stopping threads took: 0.0019490 seconds
45.894: Application time: 0.0289840 seconds
45.896: [GC45.896: [ParNew: 37567K->4159K(37568K), 0.0026540 secs] 543802K->512780K(758420K), 0.0026970 secs] [Times: user=0.02 sys=0.00, real=0.00 secs] 
45.899: Total time for which application threads were stopped: 0.0046760 seconds, Stopping threads took: 0.0019160 seconds
45.928: Application time: 0.0295120 seconds
45.930: [GC45.930: [ParNew: 37567K->4158K(37568K), 0.0027700 secs] 546188K->515504K(758420K), 0.0028130 secs] [Times: user=0.02 sys=0.00, real=0.00 secs] 
45.933: Total time for which application threads were stopped: 0.0042040 seconds, Stopping threads took: 0.0013240 seconds
45.960: Application time: 0.0274220 seconds
45.963: [GC45.963: [ParNew: 37566K->4159K(37568K), 0.0032470 secs] 548912K->519209K(758420K), 0.0032910 secs] [Times: user=0.02 sys=0.00, real=0.00 secs] 
45.966: Total time for which application threads were stopped: 0.0064460 seconds, Stopping threads took: 0.0030810 seconds
45.995: Application time: 0.0290390 seconds
45.998: [GC45.998: [ParNew: 37567K->4159K(37568K), 0.0027850 secs] 552617K->522266K(758420K), 0.0028310 secs] [Times: user=0.02 sys=0.00, real=0.00 secs] 
46.001: Total time for which application threads were stopped: 0.0055620 seconds, Stopping threads took: 0.0026430 seconds
46.030: Application time: 0.0287580 seconds
46.032: [GC46.032: [ParNew: 37567K->4159K(37568K), 0.0025700 secs] 555674K->524651K(758420K), 0.0026150 secs] [Times: user=0.02 sys=0.00, real=0.01 secs] 
46.035: Total time for which application threads were stopped: 0.0049210 seconds, Stopping threads took: 0.0022200 seconds
46.063: Application time: 0.0287340 seconds
46.065: [GC46.065: [ParNew: 37567K->4159K(37568K), 0.0024620 secs] 558059K->526501K(758420K), 0.0025070 secs] [Times: user=0.02 sys=0.00, real=0.01 secs] 
46.068: Total time for which application threads were stopped: 0.0045590 seconds, Stopping threads took: 0.0019870 seconds
46.098: Application time: 0.0297350 seconds
46.100: [GC46.100: [ParNew: 37567K->4158K(37568K), 0.0027220 secs] 559909K->529233K(758420K), 0.0027680 secs] [Times: user=0.02 sys=0.00, real=0.00 secs] 
46.103: Total time for which application threads were stopped: 0.0049660 seconds, Stopping threads took: 0.0021030 seconds
46.132: Application time: 0.0297540 seconds
46.135: [GC46.135: [ParNew: 37566K->4159K(37568K), 0.0022750 secs] 562641K->530417K(758420K), 0.0023190 secs] [Times: user=0.01 sys=0.00, real=0.00 secs] 
46.137: Total time for which application threads were stopped: 0.0050800 seconds, Stopping threads took: 0.0026860 seconds
46.167: Application time: 0.0292870 seconds
46.169: [GC46.169: [ParNew: 37566K->4159K(37568K), 0.0024130 secs] 563824K->531894K(758420K), 0.0024570 secs] [Times: user=0.02 sys=0.00, real=0.00 secs] 
46.171: Total time for which application threads were stopped: 0.0045840 seconds, Stopping threads took: 0.0020410 seconds
46.201: Application time: 0.0294240 seconds
46.203: [GC46.203: [ParNew: 37567K->4159K(37568K), 0.0025770 secs] 565301K->534237K(758420K), 0.0026160 secs] [Times: user=0.02 sys=0.00, real=0.00 secs] 
46.206: Total time for which application threads were stopped: 0.0049130 seconds, Stopping threads took: 0.0022330 seconds
46.234: Application time: 0.0278930 seconds
46.236: [GC46.236: [ParNew: 37567K->4159K(37568K), 0.0030710 secs] 567645K->537912K(758420K), 0.0031180 secs] [Times: user=0.03 sys=0.00, real=0.00 secs] 
46.239: Total time for which application threads were stopped: 0.0052760 seconds, Stopping threads took: 0.0020930 seconds
46.269: Application time: 0.0296290 seconds
46.271: [GC46.271: [ParNew: 37567K->4159K(37568K), 0.0024990 secs] 571320K->539947K(758420K), 0.0025420 secs] [Times: user=0.01 sys=0.00, real=0.00 secs] 
46.273: Total time for which application threads were stopped: 0.0048310 seconds, Stopping threads took: 0.0022230 seconds
46.303: Application time: 0.0293810 seconds
46.306: [GC46.306: [ParNew: 37567K->4158K(37568K), 0.0026160 secs] 573355K->542342K(758420K), 0.0026710 secs] [Times: user=0.02 sys=0.00, real=0.01 secs] 
46.308: Total time for which application threads were stopped: 0.0054960 seconds, Stopping threads took: 0.0027610 seconds
46.337: Application time: 0.0291920 seconds
46.340: [GC46.340: [ParNew: 37566K->4159K(37568K), 0.0025640 secs] 575750K->544639K(758420K), 0.0026100 secs] [Times: user=0.02 sys=0.00, real=0.00 secs] 
46.343: Total time for which application threads were stopped: 0.0054950 seconds, Stopping threads took: 0.0028220 seconds
46.372: Application time: 0.0293280 seconds
46.374: [GC46.374: [ParNew: 37567K->4159K(37568K), 0.0026530 secs] 578047K->546801K(758420K), 0.0026980 secs] [Times: user=0.02 sys=0.00, real=0.01 secs] 
46.377: Total time for which application threads were stopped: 0.0045670 seconds, Stopping threads took: 0.0018020 seconds
46.406: Application time: 0.0288120 seconds
46.408: [GC46.408: [ParNew: 37567K->4158K(37568K), 0.0027760 secs] 580209K->549675K(758420K), 0.0028180 secs] [Times: user=0.02 sys=0.00, real=0.00 secs] 
46.410: Total time for which application threads were stopped: 0.0048530 seconds, Stopping threads took: 0.0019490 seconds
46.439: Application time: 0.0284320 seconds
46.441: [GC46.441: [ParNew: 37566K->4158K(37568K), 0.0028550 secs] 583083K->552513K(758420K), 0.0028950 secs] [Times: user=0.02 sys=0.00, real=0.00 secs] 
46.444: Total time for which application threads were stopped: 0.0049710 seconds, Stopping threads took: 0.0020130 seconds
46.473: Application time: 0.0290290 seconds
46.474: [GC46.474: [ParNew: 37566K->4159K(37568K), 0.0026470 secs] 585921K->555127K(758420K), 0.0026890 secs] [Times: user=0.02 sys=0.00, real=0.01 secs] 
46.477: Total time for which application threads were stopped: 0.0040350 seconds, Stopping threads took: 0.0012810 seconds
46.506: Application time: 0.0287890 seconds
46.507: [GC46.507: [ParNew: 37567K->4158K(37568K), 0.0027000 secs] 588535K->557741K(758420K), 0.0027450 secs] [Times: user=0.02 sys=0.00, real=0.00 secs] 
46.510: Total time for which application threads were stopped: 0.0042570 seconds, Stopping threads took: 0.0014460 seconds
46.540: Application time: 0.0298190 seconds
46.543: [GC46.543: [ParNew: 37566K->4158K(37568K), 0.0026660 secs] 591149K->560456K(758420K), 0.0027120 secs] [Times: user=0.02 sys=0.00, real=0.00 secs] 
46.546: Total time for which application threads were stopped: 0.0061260 seconds, Stopping threads took: 0.0033290 seconds
46.574: Application time: 0.0283750 seconds
46.576: [GC46.576: [ParNew: 37566K->4158K(37568K), 0.0027020 secs] 593864K->563049K(758420K), 0.0027440 secs] [Times: user=0.02 sys=0.00, real=0.00 secs] 
46.579: Total time for which application threads were stopped: 0.0046070 seconds, Stopping threads took: 0.0017990 seconds
46.609: Application time: 0.0300750 seconds
46.611: [GC46.611: [ParNew: 37566K->4159K(37568K), 0.0023650 secs] 596457K->564584K(758420K), 0.0024050 secs] [Times: user=0.02 sys=0.00, real=0.00 secs] 
46.614: Total time for which application threads were stopped: 0.0047290 seconds, Stopping threads took: 0.0022530 seconds
46.643: Application time: 0.0291420 seconds
46.645: [GC46.645: [ParNew: 37566K->4158K(37568K), 0.0022220 secs] 597991K->565958K(758420K), 0.0022620 secs] [Times: user=0.01 sys=0.00, real=0.01 secs] 
46.648: Total time for which application threads were stopped: 0.0047680 seconds, Stopping threads took: 0.0024490 seconds
46.676: Application time: 0.0287910 seconds
46.679: [GC46.679: [ParNew: 37566K->4159K(37568K), 0.0029760 secs] 599366K->569141K(758420K), 0.0030180 secs] [Times: user=0.02 sys=0.00, real=0.00 secs] 
46.682: Total time for which application threads were stopped: 0.0051460 seconds, Stopping threads took: 0.0020620 seconds
46.710: Application time: 0.0288530 seconds
46.713: [GC46.713: [ParNew: 37567K->4158K(37568K), 0.0025070 secs] 602549K->571235K(758420K), 0.0025500 secs] [Times: user=0.02 sys=0.00, real=0.01 secs] 
46.715: Total time for which application threads were stopped: 0.0046280 seconds, Stopping threads took: 0.0019920 seconds
46.744: Application time: 0.0291190 seconds
46.746: [GC46.746: [ParNew: 37566K->4159K(37568K), 0.0025510 secs] 604643K->573392K(758420K), 0.0026060 secs] [Times: user=0.02 sys=0.00, real=0.01 secs] 
46.748: Total time for which application threads were stopped: 0.0039670 seconds, Stopping threads took: 0.0012800 seconds
46.778: Application time: 0.0296870 seconds
46.780: [GC46.780: [ParNew: 37565K->4158K(37568K), 0.0025560 secs] 606799K->575523K(758420K), 0.0025990 secs] [Times: user=0.02 sys=0.00, real=0.00 secs] 
46.783: Total time for which application threads were stopped: 0.0049450 seconds, Stopping threads took: 0.0022800 seconds
46.813: Application time: 0.0301980 seconds
46.815: [GC46.815: [ParNew: 37566K->4158K(37568K), 0.0021080 secs] 608931K->576159K(758420K), 0.0021500 secs] [Times: user=0.01 sys=0.00, real=0.00 secs] 
46.817: Total time for which application threads were stopped: 0.0039960 seconds, Stopping threads took: 0.0017810 seconds
46.847: Application time: 0.0296620 seconds
46.849: [GC46.849: [ParNew: 37566K->4159K(37568K), 0.0023940 secs] 609567K->577653K(758420K), 0.0024370 secs] [Times: user=0.01 sys=0.00, real=0.00 secs] 
46.851: Total time for which application threads were stopped: 0.0045710 seconds, Stopping threads took: 0.0020710 seconds
46.882: Application time: 0.0303350 seconds
46.885: [GC46.885: [ParNew: 37567K->4159K(37568K), 0.0024340 secs] 611061K->579575K(758420K), 0.0024760 secs] [Times: user=0.02 sys=0.00, real=0.01 secs] 
46.887: Total time for which application threads were stopped: 0.0054410 seconds, Stopping threads took: 0.0028930 seconds
46.914: Application time: 0.0267930 seconds
46.917: [GC46.917: [ParNew: 37567K->4159K(37568K), 0.0030750 secs] 612983K->583307K(758420K), 0.0031190 secs] [Times: user=0.03 sys=0.00, real=0.00 secs] 
46.920: Total time for which application threads were stopped: 0.0059900 seconds, Stopping threads took: 0.0028040 seconds
46.950: Application time: 0.0300610 seconds
46.952: [GC46.952: [ParNew: 37567K->4158K(37568K), 0.0023470 secs] 616715K->584787K(758420K), 0.0023900 secs] [Times: user=0.02 sys=0.00, real=0.01 secs] 
46.955: Total time for which application threads were stopped: 0.0049330 seconds, Stopping threads took: 0.0024770 seconds
46.985: Application time: 0.0301710 seconds
46.988: [GC46.988: [ParNew: 37566K->4159K(37568K), 0.0029630 secs] 618195K->588018K(758420K), 0.0030080 secs] [Times: user=0.02 sys=0.00, real=0.00 secs] 
46.991: Total time for which application threads were stopped: 0.0058220 seconds, Stopping threads took: 0.0027260 seconds
47.020: Application time: 0.0288850 seconds
47.021: [GC47.021: [ParNew: 37567K->4159K(37568K), 0.0024060 secs] 621426K->589621K(758420K), 0.0024490 secs] [Times: user=0.01 sys=0.00, real=0.00 secs] 
47.024: Total time for which application threads were stopped: 0.0041140 seconds, Stopping threads took: 0.0016010 seconds
47.053: Application time: 0.0295730 seconds
47.056: [GC47.056: [ParNew: 37567K->4158K(37568K), 0.0028650 secs] 623029K->592614K(758420K), 0.0029080 secs] [Times: user=0.01 sys=0.00, real=0.00 secs] 
47.059: Total time for which application threads were stopped: 0.0059950 seconds, Stopping threads took: 0.0030020 seconds
47.089: Application time: 0.0296520 seconds
47.090: [GC47.090: [ParNew: 37565K->4158K(37568K), 0.0023890 secs] 626021K->594191K(758420K), 0.0024310 secs] [Times: user=0.02 sys=0.00, real=0.00 secs] 
47.093: Total time for which application threads were stopped: 0.0035950 seconds, Stopping threads took: 0.0010990 seconds
47.123: Application time: 0.0298980 seconds
47.126: [GC47.126: [ParNew: 37566K->4158K(37568K), 0.0022760 secs] 627599K->595597K(758420K), 0.0023190 secs] [Times: user=0.02 sys=0.00, real=0.01 secs] 
47.128: Total time for which application threads were stopped: 0.0055940 seconds, Stopping threads took: 0.0032040 seconds
47.157: Application time: 0.0286210 seconds
47.158: [GC47.158: [ParNew: 37566K->4158K(37568K), 0.0030640 secs] 629005K->599299K(758420K), 0.0031090 secs] [Times: user=0.02 sys=0.00, real=0.00 secs] 
47.161: Total time for which application threads were stopped: 0.0047170 seconds, Stopping threads took: 0.0015330 seconds
47.191: Application time: 0.0290360 seconds
47.193: [GC47.193: [ParNew: 37565K->4158K(37568K), 0.0025900 secs] 632706K->601705K(758420K), 0.0026360 secs] [Times: user=0.02 sys=0.00, real=0.01 secs] 
47.196: Total time for which application threads were stopped: 0.0053370 seconds, Stopping threads took: 0.0026370 seconds
47.225: Application time: 0.0294140 seconds
47.228: [GC47.228: [ParNew: 37566K->4158K(37568K), 0.0029810 secs] 635113K->605169K(758420K), 0.0030280 secs] [Times: user=0.02 sys=0.00, real=0.00 secs] 
47.231: Total time for which application threads were stopped: 0.0055860 seconds, Stopping threads took: 0.0024940 seconds
47.261: Application time: 0.0297080 seconds
47.263: [GC47.263: [ParNew: 37565K->4158K(37568K), 0.0026360 secs] 638576K->607524K(758420K), 0.0026810 secs] [Times: user=0.02 sys=0.00, real=0.00 secs] 
47.265: Total time for which application threads were stopped: 0.0048560 seconds, Stopping threads took: 0.0021100 seconds
47.293: Application time: 0.0279180 seconds
47.295: [GC47.295: [ParNew: 37566K->4158K(37568K), 0.0029750 secs] 640932K->610802K(758420K), 0.0030150 secs] [Times: user=0.02 sys=0.00, real=0.00 secs] 
47.298: Total time for which application threads were stopped: 0.0048440 seconds, Stopping threads took: 0.0017630 seconds
47.327: Application time: 0.0287510 seconds
47.329: [GC47.329: [ParNew: 37566K->4158K(37568K), 0.0028410 secs] 644210K->613903K(758420K), 0.0028840 secs] [Times: user=0.01 sys=0.01, real=0.00 secs] 
47.332: Total time for which application threads were stopped: 0.0046450 seconds, Stopping threads took: 0.0016950 seconds
47.360: Application time: 0.0287950 seconds
47.363: [GC47.363: [ParNew: 37566K->4158K(37568K), 0.0028500 secs] 647311K->616968K(758420K), 0.0028910 secs] [Times: user=0.02 sys=0.00, real=0.00 secs] 
47.366: Total time for which application threads were stopped: 0.0054440 seconds, Stopping threads took: 0.0024900 seconds
47.396: Application time: 0.0297590 seconds
47.398: [GC47.398: [ParNew: 37566K->4158K(37568K), 0.0023990 secs] 650376K->618809K(758420K), 0.0024450 secs] [Times: user=0.02 sys=0.00, real=0.00 secs] 
47.401: Total time for which application threads were stopped: 0.0051970 seconds, Stopping threads took: 0.0026960 seconds
47.428: Application time: 0.0275180 seconds
47.431: [GC47.431: [ParNew: 37566K->4159K(37568K), 0.0030970 secs] 652217K->622507K(758420K), 0.0031430 secs] [Times: user=0.02 sys=0.00, real=0.00 secs] 
47.434: Total time for which application threads were stopped: 0.0054670 seconds, Stopping threads took: 0.0022530 seconds
47.462: Application time: 0.0281900 seconds
47.464: [GC47.464: [ParNew: 37567K->4159K(37568K), 0.0028910 secs] 655915K->625648K(758420K), 0.0029360 secs] [Times: user=0.02 sys=0.01, real=0.01 secs] 
47.467: Total time for which application threads were stopped: 0.0047260 seconds, Stopping threads took: 0.0017240 seconds
47.496: Application time: 0.0297590 seconds
47.499: [GC47.499: [ParNew: 37566K->4159K(37568K), 0.0026550 secs] 659055K->628076K(758420K), 0.0026950 secs] [Times: user=0.02 sys=0.00, real=0.00 secs] 
47.502: Total time for which application threads were stopped: 0.0050670 seconds, Stopping threads took: 0.0023160 seconds
47.531: Application time: 0.0297000 seconds
47.534: [GC47.534: [ParNew: 37567K->4159K(37568K), 0.0021520 secs] 661484K->628945K(758420K), 0.0021990 secs] [Times: user=0.02 sys=0.00, real=0.01 secs] 
47.536: Total time for which application threads were stopped: 0.0045440 seconds, Stopping threads took: 0.0022810 seconds
47.563: Application time: 0.0269110 seconds
47.565: [GC47.565: [ParNew: 37567K->4159K(37568K), 0.0027310 secs] 662353K->631245K(758420K), 0.0027770 secs] [Times: user=0.02 sys=0.00, real=0.01 secs] 
47.568: Total time for which application threads were stopped: 0.0053530 seconds, Stopping threads took: 0.0024900 seconds
47.600: Application time: 0.0315760 seconds
47.601: [GC47.601: [ParNew: 37567K->4159K(37568K), 0.0030920 secs] 664653K->634625K(758420K), 0.0031430 secs] [Times: user=0.02 sys=0.00, real=0.00 secs] 
47.604: Total time for which application threads were stopped: 0.0045180 seconds, Stopping threads took: 0.0012920 seconds
47.632: Application time: 0.0276620 seconds
47.635: [GC47.635: [ParNew: 37567K->4159K(37568K), 0.0029700 secs] 668033K->637964K(758420K), 0.0030150 secs] [Times: user=0.02 sys=0.00, real=0.01 secs] 
47.638: Total time for which application threads were stopped: 0.0057670 seconds, Stopping threads took: 0.0026780 seconds
47.667: Application time: 0.0298870 seconds
47.669: [GC47.669: [ParNew: 37567K->4158K(37568K), 0.0026000 secs] 671372K->640226K(758420K), 0.0026460 secs] [Times: user=0.02 sys=0.00, real=0.00 secs] 
47.672: Total time for which application threads were stopped: 0.0044970 seconds, Stopping threads took: 0.0017630 seconds
47.700: Application time: 0.0283420 seconds
47.702: [GC47.702: [ParNew: 37566K->4158K(37568K), 0.0028890 secs] 673634K->643311K(758420K), 0.0029350 secs] [Times: user=0.02 sys=0.00, real=0.00 secs] 
47.705: Total time for which application threads were stopped: 0.0045820 seconds, Stopping threads took: 0.0015720 seconds
47.735: Application time: 0.0296160 seconds
47.736: [GC47.736: [ParNew: 37566K->4158K(37568K), 0.0021740 secs] 676719K->644282K(758420K), 0.0022140 secs] [Times: user=0.01 sys=0.00, real=0.00 secs] 
47.738: Total time for which application threads were stopped: 0.0039370 seconds, Stopping threads took: 0.0016600 seconds
47.769: Application time: 0.0303700 seconds
47.771: [GC47.771: [ParNew: 37566K->4158K(37568K), 0.0021070 secs] 677690K->644726K(758420K), 0.0021490 secs] [Times: user=0.02 sys=0.00, real=0.00 secs] 
47.773: Total time for which application threads were stopped: 0.0044150 seconds, Stopping threads took: 0.0022020 seconds
47.803: Application time: 0.0294040 seconds
47.804: [GC47.804: [ParNew: 37566K->4158K(37568K), 0.0025370 secs] 678134K->646598K(758420K), 0.0025770 secs] [Times: user=0.01 sys=0.00, real=0.01 secs] 
47.807: Total time for which application threads were stopped: 0.0041580 seconds, Stopping threads took: 0.0015180 seconds
47.840: Application time: 0.0327220 seconds
47.842: [GC47.842: [ParNew: 37566K->4159K(37568K), 0.0027280 secs] 680006K->649410K(758420K), 0.0027740 secs] [Times: user=0.02 sys=0.00, real=0.00 secs] 
47.844: Total time for which application threads were stopped: 0.0049020 seconds, Stopping threads took: 0.0020640 seconds
 CMS: abort preclean due to time 47.847: [CMS-concurrent-abortable-preclean: 0.685/5.008 secs] [Times: user=37.54 sys=0.23, real=5.01 secs] 
47.848: Application time: 0.0030650 seconds
47.849: [GC[YG occupancy: 10980 K (37568 K)]47.849: [Rescan (parallel) , 0.0004790 secs]47.850: [weak refs processing, 0.0000080 secs]47.850: [scrub string table, 0.0001050 secs] [1 CMS-remark: 645251K(720852K)] 656232K(758420K), 0.0006220 secs] [Times: user=0.00 sys=0.00, real=0.00 secs] 
47.850: Total time for which application threads were stopped: 0.0023730 seconds, Stopping threads took: 0.0017010 seconds
47.850: [CMS-concurrent-sweep-start]
47.874: Application time: 0.0244110 seconds
47.876: [GC47.876: [ParNew: 37565K->4158K(37568K), 0.0026350 secs] 403118K->372362K(758420K), 0.0026820 secs] [Times: user=0.02 sys=0.00, real=0.00 secs] 
47.879: Total time for which application threads were stopped: 0.0045580 seconds, Stopping threads took: 0.0018130 seconds
47.888: [CMS-concurrent-sweep: 0.033/0.038 secs] [Times: user=0.29 sys=0.00, real=0.04 secs] 
47.888: [CMS-concurrent-reset-start]
47.890: [CMS-concurrent-reset: 0.002/0.002 secs] [Times: user=0.00 sys=0.00, real=0.00 secs] 
47.910: Application time: 0.0314690 seconds
47.913: [GC47.913: [ParNew: 37566K->4158K(37568K), 0.0025920 secs] 368845K->337967K(758420K), 0.0026350 secs] [Times: user=0.01 sys=0.01, real=0.01 secs] 
47.915: Total time for which application threads were stopped: 0.0050660 seconds, Stopping threads took: 0.0023650 seconds
47.916: Application time: 0.0001800 seconds
47.917: [GC [1 CMS-initial-mark: 333809K(720852K)] 339551K(758420K), 0.0002050 secs] [Times: user=0.00 sys=0.00, real=0.00 secs] 
47.918: Total time for which application threads were stopped: 0.0020710 seconds, Stopping threads took: 0.0018440 seconds
47.918: [CMS-concurrent-mark-start]
47.923: [CMS-concurrent-mark: 0.005/0.005 secs] [Times: user=0.01 sys=0.00, real=0.00 secs] 
47.923: [CMS-concurrent-preclean-start]
47.923: [CMS-concurrent-preclean: 0.001/0.001 secs] [Times: user=0.03 sys=0.00, real=0.00 secs] 
47.923: [CMS-concurrent-abortable-preclean-start]
47.948: Application time: 0.0299930 seconds
47.949: [GC47.949: [ParNew: 37565K->4159K(37568K), 0.0026490 secs] 371374K->340476K(758420K), 0.0026920 secs] [Times: user=0.02 sys=0.00, real=0.00 secs] 
47.952: Total time for which application threads were stopped: 0.0041610 seconds, Stopping threads took: 0.0014120 seconds
47.982: Application time: 0.0298200 seconds
47.984: [GC47.984: [ParNew: 37567K->4158K(37568K), 0.0025280 secs] 373884K->342739K(758420K), 0.0025690 secs] [Times: user=0.01 sys=0.00, real=0.00 secs] 
47.987: Total time for which application threads were stopped: 0.0049790 seconds, Stopping threads took: 0.0023340 seconds
48.016: Application time: 0.0295890 seconds
48.018: [GC48.018: [ParNew: 37566K->4159K(37568K), 0.0027000 secs] 376147K->345517K(758420K), 0.0027440 secs] [Times: user=0.02 sys=0.00, real=0.00 secs] 
48.021: Total time for which application threads were stopped: 0.0046510 seconds, Stopping threads took: 0.0018420 seconds
48.050: Application time: 0.0295610 seconds
48.052: [GC48.052: [ParNew: 37567K->4159K(37568K), 0.0024420 secs] 378924K->347628K(758420K), 0.0024840 secs] [Times: user=0.01 sys=0.00, real=0.01 secs] 
48.055: Total time for which application threads were stopped: 0.0045350 seconds, Stopping threads took: 0.0019940 seconds
48.085: Application time: 0.0299060 seconds
48.086: [GC48.086: [ParNew: 37567K->4158K(37568K), 0.0021710 secs] 381036K->348682K(758420K), 0.0022150 secs] [Times: user=0.02 sys=0.00, real=0.01 secs] 
48.089: Total time for which application threads were stopped: 0.0036760 seconds, Stopping threads took: 0.0013990 seconds
48.118: Application time: 0.0292560 seconds
48.119: [GC48.119: [ParNew: 37566K->4158K(37568K), 0.0024680 secs] 382090K->350663K(758420K), 0.0025090 secs] [Times: user=0.02 sys=0.00, real=0.00 secs] 
48.121: Total time for which application threads were stopped: 0.0033730 seconds, Stopping threads took: 0.0008000 seconds
48.150: Application time: 0.0292200 seconds
48.153: [GC48.153: [ParNew: 37566K->4159K(37568K), 0.0027180 secs] 384071K->353493K(758420K), 0.0027620 secs] [Times: user=0.02 sys=0.00, real=0.01 secs] 
48.156: Total time for which application threads were stopped: 0.0053560 seconds, Stopping threads took: 0.0025250 seconds
48.184: Application time: 0.0282350 seconds
48.185: [GC48.185: [ParNew: 37567K->4158K(37568K), 0.0027140 secs] 386901K->356302K(758420K), 0.0027590 secs] [Times: user=0.02 sys=0.00, real=0.01 secs] 
48.188: Total time for which application threads were stopped: 0.0035710 seconds, Stopping threads took: 0.0007450 seconds
48.218: Application time: 0.0306410 seconds
48.220: [GC48.220: [ParNew: 37566K->4159K(37568K), 0.0020300 secs] 389710K->357042K(758420K), 0.0020730 secs] [Times: user=0.01 sys=0.00, real=0.00 secs] 
48.222: Total time for which application threads were stopped: 0.0040270 seconds, Stopping threads took: 0.0018910 seconds
48.252: Application time: 0.0297150 seconds
48.254: [GC48.254: [ParNew: 37567K->4159K(37568K), 0.0030070 secs] 390450K->360700K(758420K), 0.0030500 secs] [Times: user=0.02 sys=0.00, real=0.01 secs] 
48.257: Total time for which application threads were stopped: 0.0051070 seconds, Stopping threads took: 0.0019920 seconds
48.289: Application time: 0.0315480 seconds
48.290: [GC48.290: [ParNew: 37567K->4159K(37568K), 0.0019090 secs] 394108K->361242K(758420K), 0.0019500 secs] [Times: user=0.02 sys=0.00, real=0.00 secs] 
48.292: Total time for which application threads were stopped: 0.0035550 seconds, Stopping threads took: 0.0015420 seconds
48.321: Application time: 0.0286060 seconds
48.323: [GC48.323: [ParNew: 37567K->4159K(37568K), 0.0025510 secs] 394650K->363613K(758420K), 0.0026040 secs] [Times: user=0.02 sys=0.00, real=0.00 secs] 
48.326: Total time for which application threads were stopped: 0.0050630 seconds, Stopping threads took: 0.0023970 seconds
48.355: Application time: 0.0296000 seconds
48.359: [GC48.359: [ParNew: 37566K->4159K(37568K), 0.0023970 secs] 397021K->365338K(758420K), 0.0024430 secs] [Times: user=0.01 sys=0.00, real=0.00 secs] 
48.361: Total time for which application threads were stopped: 0.0057140 seconds, Stopping threads took: 0.0032050 seconds
48.390: Application time: 0.0290640 seconds
48.392: [GC48.392: [ParNew: 37565K->4158K(37568K), 0.0025960 secs] 398744K->368006K(758420K), 0.0026410 secs] [Times: user=0.02 sys=0.00, real=0.01 secs] 
48.395: Total time for which application threads were stopped: 0.0049150 seconds, Stopping threads took: 0.0022090 seconds
48.425: Application time: 0.0298530 seconds
48.427: [GC48.427: [ParNew: 37566K->4158K(37568K), 0.0024430 secs] 401414K->370021K(758420K), 0.0024840 secs] [Times: user=0.01 sys=0.00, real=0.00 secs] 
48.430: Total time for which application threads were stopped: 0.0046360 seconds, Stopping threads took: 0.0020880 seconds
48.456: Application time: 0.0265010 seconds
48.459: [GC48.459: [ParNew: 37566K->4159K(37568K), 0.0030050 secs] 403429K->373789K(758420K), 0.0030510 secs] [Times: user=0.02 sys=0.00, real=0.00 secs] 
48.462: Total time for which application threads were stopped: 0.0054960 seconds, Stopping threads took: 0.0023800 seconds
48.494: Application time: 0.0321240 seconds
48.496: [GC48.496: [ParNew: 37567K->4159K(37568K), 0.0026270 secs] 407197K->376405K(758420K), 0.0026730 secs] [Times: user=0.01 sys=0.00, real=0.00 secs] 
48.498: Total time for which application threads were stopped: 0.0045420 seconds, Stopping threads took: 0.0018050 seconds
48.528: Application time: 0.0295350 seconds
48.530: [GC48.530: [ParNew: 37567K->4159K(37568K), 0.0025880 secs] 409813K->378725K(758420K), 0.0026310 secs] [Times: user=0.02 sys=0.00, real=0.00 secs] 
48.533: Total time for which application threads were stopped: 0.0049300 seconds, Stopping threads took: 0.0022090 seconds
48.562: Application time: 0.0291970 seconds
48.565: [GC48.565: [ParNew: 37567K->4159K(37568K), 0.0028480 secs] 412133K->381958K(758420K), 0.0028910 secs] [Times: user=0.02 sys=0.00, real=0.01 secs] 
48.568: Total time for which application threads were stopped: 0.0056000 seconds, Stopping threads took: 0.0026450 seconds
48.597: Application time: 0.0297370 seconds
48.599: [GC48.599: [ParNew: 37567K->4159K(37568K), 0.0025370 secs] 415366K->384221K(758420K), 0.0025790 secs] [Times: user=0.01 sys=0.00, real=0.00 secs] 
48.601: Total time for which application threads were stopped: 0.0041260 seconds, Stopping threads took: 0.0014890 seconds
48.631: Application time: 0.0290680 seconds
48.632: [GC48.632: [ParNew: 37567K->4159K(37568K), 0.0024990 secs] 417629K->386283K(758420K), 0.0025410 secs] [Times: user=0.02 sys=0.00, real=0.00 secs] 
48.634: Total time for which application threads were stopped: 0.0035850 seconds, Stopping threads took: 0.0009790 seconds
48.663: Application time: 0.0293820 seconds
48.666: [GC48.666: [ParNew: 37567K->4158K(37568K), 0.0024530 secs] 419691K->388289K(758420K), 0.0024970 secs] [Times: user=0.01 sys=0.00, real=0.01 secs] 
48.668: Total time for which application threads were stopped: 0.0048980 seconds, Stopping threads took: 0.0023280 seconds
48.698: Application time: 0.0296050 seconds
48.700: [GC48.700: [ParNew: 37566K->4159K(37568K), 0.0024730 secs] 421697K->390246K(758420K), 0.0025170 secs] [Times: user=0.02 sys=0.00, real=0.00 secs] 
48.703: Total time for which application threads were stopped: 0.0048800 seconds, Stopping threads took: 0.0023050 seconds
48.732: Application time: 0.0294990 seconds
48.735: [GC48.735: [ParNew: 37567K->4158K(37568K), 0.0027160 secs] 423654K->393128K(758420K), 0.0027580 secs] [Times: user=0.02 sys=0.00, real=0.00 secs] 
48.738: Total time for which application threads were stopped: 0.0054180 seconds, Stopping threads took: 0.0025960 seconds
48.767: Application time: 0.0292080 seconds
48.769: [GC48.769: [ParNew: 37566K->4159K(37568K), 0.0022910 secs] 426536K->394448K(758420K), 0.0023420 secs] [Times: user=0.01 sys=0.00, real=0.00 secs] 
48.771: Total time for which application threads were stopped: 0.0039640 seconds, Stopping threads took: 0.0015580 seconds
48.801: Application time: 0.0299290 seconds
48.803: [GC48.803: [ParNew: 37567K->4158K(37568K), 0.0025520 secs] 427856K->396671K(758420K), 0.0025940 secs] [Times: user=0.02 sys=0.00, real=0.00 secs] 
48.806: Total time for which application threads were stopped: 0.0048200 seconds, Stopping threads took: 0.0021650 seconds
48.835: Application time: 0.0297470 seconds
48.837: [GC48.837: [ParNew: 37566K->4159K(37568K), 0.0025960 secs] 430079K->399212K(758420K), 0.0026400 secs] [Times: user=0.02 sys=0.00, real=0.00 secs] 
48.840: Total time for which application threads were stopped: 0.0043840 seconds, Stopping threads took: 0.0016790 seconds
48.870: Application time: 0.0302530 seconds
48.872: [GC48.872: [ParNew: 37567K->4159K(37568K), 0.0019640 secs] 432620K->399649K(758420K), 0.0020070 secs] [Times: user=0.01 sys=0.00, real=0.00 secs] 
48.874: Total time for which application threads were stopped: 0.0036550 seconds, Stopping threads took: 0.0015840 seconds
48.904: Application time: 0.0306930 seconds
48.907: [GC48.907: [ParNew: 37566K->4159K(37568K), 0.0019810 secs] 433056K->400084K(758420K), 0.0020240 secs] [Times: user=0.01 sys=0.00, real=0.00 secs] 
48.909: Total time for which application threads were stopped: 0.0043520 seconds, Stopping threads took: 0.0022640 seconds
48.938: Application time: 0.0292370 seconds
48.940: [GC48.940: [ParNew: 37567K->4158K(37568K), 0.0025380 secs] 433492K->402330K(758420K), 0.0025810 secs] [Times: user=0.02 sys=0.00, real=0.00 secs] 
48.942: Total time for which application threads were stopped: 0.0041920 seconds, Stopping threads took: 0.0015470 seconds
48.971: Application time: 0.0291920 seconds
48.974: [GC48.974: [ParNew: 37566K->4159K(37568K), 0.0025170 secs] 435738K->404606K(758420K), 0.0025600 secs] [Times: user=0.02 sys=0.00, real=0.01 secs] 
48.976: Total time for which application threads were stopped: 0.0046590 seconds, Stopping threads took: 0.0020330 seconds
49.006: Application time: 0.0294570 seconds
49.008: [GC49.008: [ParNew: 37567K->4158K(37568K), 0.0028200 secs] 438014K->407707K(758420K), 0.0028620 secs] [Times: user=0.02 sys=0.00, real=0.00 secs] 
49.011: Total time for which application threads were stopped: 0.0050130 seconds, Stopping threads took: 0.0020880 seconds
49.041: Application time: 0.0302400 seconds
49.042: [GC49.042: [ParNew: 37566K->4159K(37568K), 0.0023340 secs] 441115K->409180K(758420K), 0.0023780 secs] [Times: user=0.02 sys=0.00, real=0.00 secs] 
49.045: Total time for which application threads were stopped: 0.0040000 seconds, Stopping threads took: 0.0015580 seconds
49.072: Application time: 0.0276520 seconds
49.075: [GC49.075: [ParNew: 37567K->4159K(37568K), 0.0027670 secs] 442588K->412062K(758420K), 0.0028090 secs] [Times: user=0.02 sys=0.00, real=0.00 secs] 
49.078: Total time for which application threads were stopped: 0.0055430 seconds, Stopping threads took: 0.0026470 seconds
49.108: Application time: 0.0300080 seconds
49.110: [GC49.110: [ParNew: 37567K->4158K(37568K), 0.0021750 secs] 445470K->413290K(758420K), 0.0022150 secs] [Times: user=0.02 sys=0.00, real=0.00 secs] 
49.112: Total time for which application threads were stopped: 0.0043770 seconds, Stopping threads took: 0.0020970 seconds
49.141: Application time: 0.0282790 seconds
49.143: [GC49.143: [ParNew: 37566K->4159K(37568K), 0.0029940 secs] 446698K->416937K(758420K), 0.0030380 secs] [Times: user=0.02 sys=0.01, real=0.00 secs] 
49.146: Total time for which application threads were stopped: 0.0049420 seconds, Stopping threads took: 0.0018360 seconds
49.176: Application time: 0.0299650 seconds
49.177: [GC49.177: [ParNew: 37567K->4158K(37568K), 0.0023380 secs] 450345K->418570K(758420K), 0.0023810 secs] [Times: user=0.02 sys=0.00, real=0.00 secs] 
49.179: Total time for which application threads were stopped: 0.0035900 seconds, Stopping threads took: 0.0011280 seconds
49.209: Application time: 0.0300370 seconds
49.211: [GC49.211: [ParNew: 37566K->4158K(37568K), 0.0022920 secs] 451978K->420192K(758420K), 0.0023360 secs] [Times: user=0.02 sys=0.00, real=0.00 secs] 
49.214: Total time for which application threads were stopped: 0.0043690 seconds, Stopping threads took: 0.0019690 seconds
49.243: Application time: 0.0294060 seconds
49.244: [GC49.244: [ParNew: 37566K->4158K(37568K), 0.0022970 secs] 453600K->421602K(758420K), 0.0023420 secs] [Times: user=0.01 sys=0.00, real=0.00 secs] 
49.247: Total time for which application threads were stopped: 0.0035720 seconds, Stopping threads took: 0.0011650 seconds
49.276: Application time: 0.0290950 seconds
49.278: [GC49.279: [ParNew: 37566K->4158K(37568K), 0.0028920 secs] 455010K->424981K(758420K), 0.0029370 secs] [Times: user=0.02 sys=0.00, real=0.00 secs] 
49.281: Total time for which application threads were stopped: 0.0057770 seconds, Stopping threads took: 0.0027750 seconds
49.312: Application time: 0.0300720 seconds
49.313: [GC49.313: [ParNew: 37566K->4158K(37568K), 0.0028090 secs] 458389K->427322K(758420K), 0.0028520 secs] [Times: user=0.02 sys=0.00, real=0.01 secs] 
49.316: Total time for which application threads were stopped: 0.0046710 seconds, Stopping threads took: 0.0017560 seconds
49.346: Application time: 0.0295220 seconds
49.347: [GC49.347: [ParNew: 37566K->4158K(37568K), 0.0025710 secs] 460730K->429175K(758420K), 0.0026110 secs] [Times: user=0.01 sys=0.00, real=0.00 secs] 
49.350: Total time for which application threads were stopped: 0.0041650 seconds, Stopping threads took: 0.0014690 seconds
49.380: Application time: 0.0298710 seconds
49.381: [GC49.381: [ParNew: 37566K->4159K(37568K), 0.0019500 secs] 462583K->429449K(758420K), 0.0019950 secs] [Times: user=0.01 sys=0.00, real=0.00 secs] 
49.383: Total time for which application threads were stopped: 0.0035380 seconds, Stopping threads took: 0.0014790 seconds
49.413: Application time: 0.0299020 seconds
49.415: [GC49.415: [ParNew: 37567K->4159K(37568K), 0.0021420 secs] 462857K->430256K(758420K), 0.0021850 secs] [Times: user=0.02 sys=0.00, real=0.00 secs] 
49.417: Total time for which application threads were stopped: 0.0041690 seconds, Stopping threads took: 0.0019190 seconds
49.446: Application time: 0.0288300 seconds
49.449: [GC49.449: [ParNew: 37567K->4159K(37568K), 0.0028690 secs] 463664K->433499K(758420K), 0.0029130 secs] [Times: user=0.02 sys=0.00, real=0.00 secs] 
49.452: Total time for which application threads were stopped: 0.0054600 seconds, Stopping threads took: 0.0024810 seconds
49.481: Application time: 0.0290700 seconds
49.483: [GC49.483: [ParNew: 37567K->4158K(37568K), 0.0029450 secs] 466907K->436578K(758420K), 0.0029890 secs] [Times: user=0.02 sys=0.00, real=0.00 secs] 
49.486: Total time for which application threads were stopped: 0.0056020 seconds, Stopping threads took: 0.0025270 seconds
49.516: Application time: 0.0299980 seconds
49.518: [GC49.518: [ParNew: 37566K->4159K(37568K), 0.0030060 secs] 469986K->439479K(758420K), 0.0030490 secs] [Times: user=0.02 sys=0.00, real=0.00 secs] 
49.521: Total time for which application threads were stopped: 0.0046240 seconds, Stopping threads took: 0.0014870 seconds
49.551: Application time: 0.0297960 seconds
49.552: [GC49.552: [ParNew: 37566K->4159K(37568K), 0.0025320 secs] 472885K->441279K(758420K), 0.0025750 secs] [Times: user=0.01 sys=0.00, real=0.00 secs] 
49.555: Total time for which application threads were stopped: 0.0037270 seconds, Stopping threads took: 0.0010680 seconds
49.584: Application time: 0.0298360 seconds
49.587: [GC49.587: [ParNew: 37566K->4158K(37568K), 0.0023810 secs] 474686K->442880K(758420K), 0.0024230 secs] [Times: user=0.02 sys=0.00, real=0.00 secs] 
49.590: Total time for which application threads were stopped: 0.0053630 seconds, Stopping threads took: 0.0028540 seconds
49.619: Application time: 0.0296770 seconds
49.622: [GC49.622: [ParNew: 37566K->4158K(37568K), 0.0026170 secs] 476288K->445410K(758420K), 0.0026680 secs] [Times: user=0.02 sys=0.00, real=0.00 secs] 
49.625: Total time for which application threads were stopped: 0.0054280 seconds, Stopping threads took: 0.0026940 seconds
49.653: Application time: 0.0281850 seconds
49.655: [GC49.655: [ParNew: 37566K->4158K(37568K), 0.0029280 secs] 478818K->448754K(758420K), 0.0029710 secs] [Times: user=0.02 sys=0.00, real=0.00 secs] 
49.658: Total time for which application threads were stopped: 0.0053170 seconds, Stopping threads took: 0.0022820 seconds
49.687: Application time: 0.0291440 seconds
49.689: [GC49.689: [ParNew: 37566K->4159K(37568K), 0.0026780 secs] 482162K->451417K(758420K), 0.0027210 secs] [Times: user=0.02 sys=0.00, real=0.00 secs] 
49.692: Total time for which application threads were stopped: 0.0043970 seconds, Stopping threads took: 0.0016060 seconds
49.720: Application time: 0.0281460 seconds
49.722: [GC49.722: [ParNew: 37567K->4158K(37568K), 0.0026430 secs] 484825K->453988K(758420K), 0.0026860 secs] [Times: user=0.02 sys=0.00, real=0.00 secs] 
49.724: Total time for which application threads were stopped: 0.0042920 seconds, Stopping threads took: 0.0015410 seconds
49.754: Application time: 0.0301180 seconds
49.757: [GC49.757: [ParNew: 37566K->4158K(37568K), 0.0027920 secs] 487396K->456947K(758420K), 0.0028390 secs] [Times: user=0.02 sys=0.00, real=0.00 secs] 
49.760: Total time for which application threads were stopped: 0.0054760 seconds, Stopping threads took: 0.0025640 seconds
49.789: Application time: 0.0293890 seconds
49.791: [GC49.791: [ParNew: 37566K->4158K(37568K), 0.0022910 secs] 490355K->458329K(758420K), 0.0023350 secs] [Times: user=0.01 sys=0.00, real=0.00 secs] 
49.793: Total time for which application threads were stopped: 0.0037020 seconds, Stopping threads took: 0.0013040 seconds
49.823: Application time: 0.0298520 seconds
49.824: [GC49.825: [ParNew: 37566K->4159K(37568K), 0.0020800 secs] 491737K->458990K(758420K), 0.0021310 secs] [Times: user=0.02 sys=0.00, real=0.01 secs] 
49.827: Total time for which application threads were stopped: 0.0037830 seconds, Stopping threads took: 0.0015890 seconds
49.856: Application time: 0.0293640 seconds
49.858: [GC49.858: [ParNew: 37567K->4159K(37568K), 0.0021530 secs] 492398K->460037K(758420K), 0.0021970 secs] [Times: user=0.02 sys=0.00, real=0.00 secs] 
49.860: Total time for which application threads were stopped: 0.0038740 seconds, Stopping threads took: 0.0016140 seconds
49.889: Application time: 0.0295400 seconds
49.891: [GC49.891: [ParNew: 37567K->4158K(37568K), 0.0025150 secs] 493445K->461963K(758420K), 0.0025600 secs] [Times: user=0.02 sys=0.00, real=0.00 secs] 
49.894: Total time for which application threads were stopped: 0.0042400 seconds, Stopping threads took: 0.0016150 seconds
49.924: Application time: 0.0301250 seconds
49.925: [GC49.925: [ParNew: 37566K->4159K(37568K), 0.0020030 secs] 495371K->462309K(758420K), 0.0020440 secs] [Times: user=0.01 sys=0.00, real=0.01 secs] 
49.927: Total time for which application threads were stopped: 0.0035390 seconds, Stopping threads took: 0.0014320 seconds
49.957: Application time: 0.0293650 seconds
49.960: [GC49.960: [ParNew: 37565K->4159K(37568K), 0.0028090 secs] 495715K->465477K(758420K), 0.0028530 secs] [Times: user=0.02 sys=0.00, real=0.00 secs] 
49.963: Total time for which application threads were stopped: 0.0058730 seconds, Stopping threads took: 0.0029540 seconds
49.992: Application time: 0.0297940 seconds
49.995: [GC49.995: [ParNew: 37567K->4158K(37568K), 0.0028420 secs] 498885K->468518K(758420K), 0.0028870 secs] [Times: user=0.02 sys=0.00, real=0.00 secs] 
49.998: Total time for which application threads were stopped: 0.0054610 seconds, Stopping threads took: 0.0025100 seconds
50.027: Application time: 0.0296150 seconds
50.029: [GC50.029: [ParNew: 37566K->4159K(37568K), 0.0024880 secs] 501926K->470345K(758420K), 0.0025340 secs] [Times: user=0.02 sys=0.00, real=0.00 secs] 
50.031: Total time for which application threads were stopped: 0.0036900 seconds, Stopping threads took: 0.0010910 seconds
50.060: Application time: 0.0285100 seconds
50.061: [GC50.061: [ParNew: 37566K->4158K(37568K), 0.0027730 secs] 503751K->473071K(758420K), 0.0028250 secs] [Times: user=0.02 sys=0.00, real=0.00 secs] 
50.064: Total time for which application threads were stopped: 0.0040900 seconds, Stopping threads took: 0.0011960 seconds
50.094: Application time: 0.0300080 seconds
50.096: [GC50.096: [ParNew: 37566K->4158K(37568K), 0.0023180 secs] 506479K->474570K(758420K), 0.0023610 secs] [Times: user=0.02 sys=0.00, real=0.00 secs] 
50.098: Total time for which application threads were stopped: 0.0045410 seconds, Stopping threads took: 0.0021160 seconds
50.127: Application time: 0.0285950 seconds
50.128: [GC50.128: [ParNew: 37566K->4159K(37568K), 0.0026930 secs] 507978K->477045K(758420K), 0.0027380 secs] [Times: user=0.02 sys=0.00, real=0.00 secs] 
50.131: Total time for which application threads were stopped: 0.0042470 seconds, Stopping threads took: 0.0014220 seconds
50.162: Application time: 0.0310060 seconds
50.165: [GC50.165: [ParNew: 37567K->4159K(37568K), 0.0030220 secs] 510452K->480412K(758420K), 0.0030680 secs] [Times: user=0.02 sys=0.00, real=0.01 secs] 
50.168: Total time for which application threads were stopped: 0.0058850 seconds, Stopping threads took: 0.0027540 seconds
50.197: Application time: 0.0293210 seconds
50.200: [GC50.200: [ParNew: 37567K->4159K(37568K), 0.0025390 secs] 513820K->482574K(758420K), 0.0025900 secs] [Times: user=0.01 sys=0.00, real=0.00 secs] 
50.203: Total time for which application threads were stopped: 0.0052700 seconds, Stopping threads took: 0.0026030 seconds
50.233: Application time: 0.0304720 seconds
50.235: [GC50.235: [ParNew: 37567K->4159K(37568K), 0.0019390 secs] 515982K->482715K(758420K), 0.0019840 secs] [Times: user=0.02 sys=0.00, real=0.00 secs] 
50.237: Total time for which application threads were stopped: 0.0038620 seconds, Stopping threads took: 0.0018040 seconds
50.266: Application time: 0.0288120 seconds
50.268: [GC50.268: [ParNew: 37567K->4159K(37568K), 0.0028120 secs] 516123K->485738K(758420K), 0.0028560 secs] [Times: user=0.02 sys=0.00, real=0.00 secs] 
50.271: Total time for which application threads were stopped: 0.0049770 seconds, Stopping threads took: 0.0020550 seconds
50.300: Application time: 0.0288710 seconds
50.302: [GC50.302: [ParNew: 37565K->4159K(37568K), 0.0031660 secs] 519144K->489482K(758420K), 0.0032080 secs] [Times: user=0.02 sys=0.00, real=0.00 secs] 
50.305: Total time for which application threads were stopped: 0.0054920 seconds, Stopping threads took: 0.0022150 seconds
50.334: Application time: 0.0284070 seconds
50.335: [GC50.335: [ParNew: 37566K->4158K(37568K), 0.0027270 secs] 522889K->492117K(758420K), 0.0027680 secs] [Times: user=0.02 sys=0.01, real=0.00 secs] 
50.338: Total time for which application threads were stopped: 0.0045100 seconds, Stopping threads took: 0.0016780 seconds
50.367: Application time: 0.0293600 seconds
50.369: [GC50.369: [ParNew: 37566K->4159K(37568K), 0.0019840 secs] 525525K->492613K(758420K), 0.0020250 secs] [Times: user=0.01 sys=0.00, real=0.00 secs] 
50.371: Total time for which application threads were stopped: 0.0033870 seconds, Stopping threads took: 0.0013000 seconds
50.401: Application time: 0.0299930 seconds
50.402: [GC50.402: [ParNew: 37566K->4159K(37568K), 0.0022290 secs] 526019K->493707K(758420K), 0.0022740 secs] [Times: user=0.02 sys=0.00, real=0.00 secs] 
50.404: Total time for which application threads were stopped: 0.0034080 seconds, Stopping threads took: 0.0010690 seconds
50.434: Application time: 0.0297220 seconds
50.435: [GC50.435: [ParNew: 37567K->4158K(37568K), 0.0019470 secs] 527115K->494249K(758420K), 0.0019910 secs] [Times: user=0.02 sys=0.00, real=0.00 secs] 
50.437: Total time for which application threads were stopped: 0.0035000 seconds, Stopping threads took: 0.0014450 seconds
50.466: Application time: 0.0290240 seconds
50.469: [GC50.470: [ParNew: 37566K->4159K(37568K), 0.0026010 secs] 527657K->496686K(758420K), 0.0026480 secs] [Times: user=0.02 sys=0.00, real=0.00 secs] 
50.472: Total time for which application threads were stopped: 0.0057050 seconds, Stopping threads took: 0.0029860 seconds
50.501: Application time: 0.0287450 seconds
50.503: [GC50.503: [ParNew: 37567K->4159K(37568K), 0.0029790 secs] 530094K->499856K(758420K), 0.0030210 secs] [Times: user=0.02 sys=0.00, real=0.00 secs] 
50.506: Total time for which application threads were stopped: 0.0046730 seconds, Stopping threads took: 0.0015870 seconds
50.535: Application time: 0.0289270 seconds
50.536: [GC50.536: [ParNew: 37567K->4158K(37568K), 0.0027900 secs] 533264K->502902K(758420K), 0.0028360 secs] [Times: user=0.02 sys=0.00, real=0.00 secs] 
50.539: Total time for which application threads were stopped: 0.0042730 seconds, Stopping threads took: 0.0013720 seconds
50.570: Application time: 0.0310200 seconds
50.573: [GC50.573: [ParNew: 37565K->4158K(37568K), 0.0024270 secs] 536309K->504930K(758420K), 0.0024690 secs] [Times: user=0.02 sys=0.00, real=0.01 secs] 
50.575: Total time for which application threads were stopped: 0.0053710 seconds, Stopping threads took: 0.0028370 seconds
50.605: Application time: 0.0293840 seconds
50.607: [GC50.607: [ParNew: 37566K->4158K(37568K), 0.0021610 secs] 538338K->505861K(758420K), 0.0022020 secs] [Times: user=0.01 sys=0.00, real=0.00 secs] 
50.609: Total time for which application threads were stopped: 0.0043510 seconds, Stopping threads took: 0.0020900 seconds
50.639: Application time: 0.0295990 seconds
50.640: [GC50.640: [ParNew: 37566K->4159K(37568K), 0.0025980 secs] 539269K->508115K(758420K), 0.0026410 secs] [Times: user=0.02 sys=0.00, real=0.00 secs] 
50.643: Total time for which application threads were stopped: 0.0042830 seconds, Stopping threads took: 0.0015770 seconds
50.672: Application time: 0.0296640 seconds
50.674: [GC50.674: [ParNew: 37567K->4159K(37568K), 0.0022620 secs] 541523K->509374K(758420K), 0.0023040 secs] [Times: user=0.01 sys=0.00, real=0.01 secs] 
50.676: Total time for which application threads were stopped: 0.0038980 seconds, Stopping threads took: 0.0015280 seconds
50.706: Application time: 0.0299190 seconds
50.709: [GC50.709: [ParNew: 37567K->4159K(37568K), 0.0026330 secs] 542782K->511865K(758420K), 0.0026740 secs] [Times: user=0.02 sys=0.00, real=0.00 secs] 
50.712: Total time for which application threads were stopped: 0.0055030 seconds, Stopping threads took: 0.0027520 seconds
50.741: Application time: 0.0286980 seconds
50.742: [GC50.742: [ParNew: 37567K->4158K(37568K), 0.0029420 secs] 545273K->515071K(758420K), 0.0029890 secs] [Times: user=0.02 sys=0.00, real=0.00 secs] 
50.745: Total time for which application threads were stopped: 0.0046860 seconds, Stopping threads took: 0.0016290 seconds
50.774: Application time: 0.0286130 seconds
50.776: [GC50.776: [ParNew: 37566K->4159K(37568K), 0.0028660 secs] 548479K->517521K(758420K), 0.0029130 secs] [Times: user=0.02 sys=0.00, real=0.00 secs] 
50.779: Total time for which application threads were stopped: 0.0051860 seconds, Stopping threads took: 0.0021850 seconds
50.808: Application time: 0.0288990 seconds
50.810: [GC50.810: [ParNew: 37567K->4159K(37568K), 0.0027900 secs] 550929K->520327K(758420K), 0.0028330 secs] [Times: user=0.02 sys=0.00, real=0.00 secs] 
50.813: Total time for which application threads were stopped: 0.0046250 seconds, Stopping threads took: 0.0017300 seconds
50.842: Application time: 0.0290710 seconds
50.843: [GC50.843: [ParNew: 37567K->4159K(37568K), 0.0031450 secs] 553735K->524029K(758420K), 0.0031920 secs] [Times: user=0.02 sys=0.00, real=0.00 secs] 
50.846: Total time for which application threads were stopped: 0.0046350 seconds, Stopping threads took: 0.0013770 seconds
50.876: Application time: 0.0294230 seconds
50.878: [GC50.878: [ParNew: 37567K->4158K(37568K), 0.0027520 secs] 557437K->526668K(758420K), 0.0028000 secs] [Times: user=0.02 sys=0.00, real=0.00 secs] 
50.881: Total time for which application threads were stopped: 0.0053800 seconds, Stopping threads took: 0.0025120 seconds
50.909: Application time: 0.0283870 seconds
50.911: [GC50.911: [ParNew: 37566K->4159K(37568K), 0.0029630 secs] 560076K->530198K(758420K), 0.0030190 secs] [Times: user=0.02 sys=0.00, real=0.00 secs] 
50.914: Total time for which application threads were stopped: 0.0044190 seconds, Stopping threads took: 0.0013340 seconds
50.943: Application time: 0.0294440 seconds
50.946: [GC50.946: [ParNew: 37567K->4158K(37568K), 0.0029850 secs] 563606K->533590K(758420K), 0.0030300 secs] [Times: user=0.02 sys=0.00, real=0.01 secs] 
50.949: Total time for which application threads were stopped: 0.0057560 seconds, Stopping threads took: 0.0026610 seconds
50.978: Application time: 0.0291080 seconds
50.980: [GC50.980: [ParNew: 37565K->4158K(37568K), 0.0029220 secs] 566997K->536858K(758420K), 0.0029680 secs] [Times: user=0.02 sys=0.00, real=0.00 secs] 
50.983: Total time for which application threads were stopped: 0.0048960 seconds, Stopping threads took: 0.0018420 seconds
51.013: Application time: 0.0300520 seconds
51.015: [GC51.015: [ParNew: 37566K->4158K(37568K), 0.0022200 secs] 570266K->537317K(758420K), 0.0022630 secs] [Times: user=0.01 sys=0.00, real=0.00 secs] 
51.017: Total time for which application threads were stopped: 0.0042450 seconds, Stopping threads took: 0.0018980 seconds
51.047: Application time: 0.0293240 seconds
51.048: [GC51.048: [ParNew: 37566K->4158K(37568K), 0.0025600 secs] 570725K->539163K(758420K), 0.0026020 secs] [Times: user=0.02 sys=0.00, real=0.00 secs] 
51.050: Total time for which application threads were stopped: 0.0037350 seconds, Stopping threads took: 0.0010470 seconds
51.079: Application time: 0.0288750 seconds
51.081: [GC51.081: [ParNew: 37566K->4158K(37568K), 0.0029500 secs] 572571K->542345K(758420K), 0.0029950 secs] [Times: user=0.02 sys=0.00, real=0.00 secs] 
51.084: Total time for which application threads were stopped: 0.0046360 seconds, Stopping threads took: 0.0015750 seconds
51.113: Application time: 0.0295370 seconds
51.115: [GC51.115: [ParNew: 37566K->4158K(37568K), 0.0022020 secs] 575753K->543369K(758420K), 0.0022440 secs] [Times: user=0.02 sys=0.00, real=0.00 secs] 
51.118: Total time for which application threads were stopped: 0.0042530 seconds, Stopping threads took: 0.0019240 seconds
51.147: Application time: 0.0294780 seconds
51.149: [GC51.150: [ParNew: 37566K->4159K(37568K), 0.0024120 secs] 576777K->545266K(758420K), 0.0024530 secs] [Times: user=0.02 sys=0.00, real=0.00 secs] 
51.152: Total time for which application threads were stopped: 0.0047320 seconds, Stopping threads took: 0.0022160 seconds
51.181: Application time: 0.0289410 seconds
51.182: [GC51.183: [ParNew: 37567K->4159K(37568K), 0.0028950 secs] 578674K->548075K(758420K), 0.0029410 secs] [Times: user=0.02 sys=0.00, real=0.00 secs] 
51.185: Total time for which application threads were stopped: 0.0045480 seconds, Stopping threads took: 0.0015410 seconds
51.214: Application time: 0.0289960 seconds
51.216: [GC51.216: [ParNew: 37567K->4158K(37568K), 0.0027290 secs] 581483K->550025K(758420K), 0.0027750 secs] [Times: user=0.02 sys=0.00, real=0.00 secs] 
51.219: Total time for which application threads were stopped: 0.0047750 seconds, Stopping threads took: 0.0019070 seconds
51.250: Application time: 0.0305770 seconds
51.253: [GC51.253: [ParNew: 37566K->4158K(37568K), 0.0021090 secs] 583433K->550961K(758420K), 0.0021530 secs] [Times: user=0.01 sys=0.00, real=0.01 secs] 
51.255: Total time for which application threads were stopped: 0.0049890 seconds, Stopping threads took: 0.0027520 seconds
51.284: Application time: 0.0291530 seconds
51.286: [GC51.286: [ParNew: 37566K->4158K(37568K), 0.0024890 secs] 584369K->552866K(758420K), 0.0025330 secs] [Times: user=0.02 sys=0.00, real=0.01 secs] 
51.289: Total time for which application threads were stopped: 0.0047290 seconds, Stopping threads took: 0.0021080 seconds
51.318: Application time: 0.0291180 seconds
51.319: [GC51.319: [ParNew: 37566K->4158K(37568K), 0.0024840 secs] 586274K->554638K(758420K), 0.0025290 secs] [Times: user=0.01 sys=0.00, real=0.00 secs] 
51.321: Total time for which application threads were stopped: 0.0035910 seconds, Stopping threads took: 0.0009970 seconds
51.350: Application time: 0.0283040 seconds
51.352: [GC51.352: [ParNew: 37564K->4158K(37568K), 0.0025450 secs] 588045K->556621K(758420K), 0.0025990 secs] [Times: user=0.02 sys=0.00, real=0.00 secs] 
51.355: Total time for which application threads were stopped: 0.0048860 seconds, Stopping threads took: 0.0021940 seconds
51.383: Application time: 0.0288430 seconds
51.386: [GC51.386: [ParNew: 37566K->4159K(37568K), 0.0028580 secs] 590029K->559040K(758420K), 0.0029040 secs] [Times: user=0.02 sys=0.00, real=0.01 secs] 
51.389: Total time for which application threads were stopped: 0.0055890 seconds, Stopping threads took: 0.0025980 seconds
51.418: Application time: 0.0287450 seconds
51.419: [GC51.419: [ParNew: 37567K->4159K(37568K), 0.0024290 secs] 592448K->560356K(758420K), 0.0024740 secs] [Times: user=0.01 sys=0.00, real=0.00 secs] 
51.422: Total time for which application threads were stopped: 0.0041670 seconds, Stopping threads took: 0.0016050 seconds
51.452: Application time: 0.0297420 seconds
51.454: [GC51.454: [ParNew: 37566K->3728K(37568K), 0.0018220 secs] 593763K->559953K(758420K), 0.0018670 secs] [Times: user=0.02 sys=0.00, real=0.01 secs] 
51.456: Total time for which application threads were stopped: 0.0040510 seconds, Stopping threads took: 0.0021000 seconds
51.485: Application time: 0.0293800 seconds
51.487: [GC51.487: [ParNew: 37136K->4159K(37568K), 0.0028790 secs] 593361K->563304K(758420K), 0.0029230 secs] [Times: user=0.02 sys=0.00, real=0.00 secs] 
51.490: Total time for which application threads were stopped: 0.0052150 seconds, Stopping threads took: 0.0022270 seconds
51.521: Application time: 0.0302250 seconds
51.523: [GC51.523: [ParNew: 37567K->4159K(37568K), 0.0023370 secs] 596712K->564780K(758420K), 0.0023810 secs] [Times: user=0.02 sys=0.00, real=0.00 secs] 
51.525: Total time for which application threads were stopped: 0.0044670 seconds, Stopping threads took: 0.0020200 seconds
51.554: Application time: 0.0289610 seconds
51.556: [GC51.556: [ParNew: 37567K->4158K(37568K), 0.0025060 secs] 598188K->566678K(758420K), 0.0025480 secs] [Times: user=0.02 sys=0.00, real=0.00 secs] 
51.558: Total time for which application threads were stopped: 0.0043140 seconds, Stopping threads took: 0.0017000 seconds
51.588: Application time: 0.0297010 seconds
51.590: [GC51.590: [ParNew: 37565K->4159K(37568K), 0.0022890 secs] 600084K->568035K(758420K), 0.0023330 secs] [Times: user=0.02 sys=0.00, real=0.00 secs] 
51.592: Total time for which application threads were stopped: 0.0042000 seconds, Stopping threads took: 0.0018020 seconds
51.621: Application time: 0.0290590 seconds
51.623: [GC51.623: [ParNew: 37567K->4159K(37568K), 0.0022590 secs] 601443K->569276K(758420K), 0.0023020 secs] [Times: user=0.02 sys=0.00, real=0.00 secs] 
51.626: Total time for which application threads were stopped: 0.0045180 seconds, Stopping threads took: 0.0021490 seconds
51.654: Application time: 0.0283290 seconds
51.656: [GC51.656: [ParNew: 37567K->4158K(37568K), 0.0027930 secs] 602684K->571945K(758420K), 0.0028390 secs] [Times: user=0.02 sys=0.00, real=0.00 secs] 
51.659: Total time for which application threads were stopped: 0.0048930 seconds, Stopping threads took: 0.0019890 seconds
51.688: Application time: 0.0293730 seconds
51.691: [GC51.691: [ParNew: 37566K->4158K(37568K), 0.0026460 secs] 605353K->574460K(758420K), 0.0026940 secs] [Times: user=0.02 sys=0.00, real=0.00 secs] 
51.693: Total time for which application threads were stopped: 0.0048840 seconds, Stopping threads took: 0.0021240 seconds
51.722: Application time: 0.0286240 seconds
51.724: [GC51.724: [ParNew: 37566K->4158K(37568K), 0.0026600 secs] 607868K->576830K(758420K), 0.0027050 secs] [Times: user=0.02 sys=0.00, real=0.01 secs] 
51.727: Total time for which application threads were stopped: 0.0048740 seconds, Stopping threads took: 0.0020950 seconds
51.757: Application time: 0.0300760 seconds
51.759: [GC51.759: [ParNew: 37566K->4158K(37568K), 0.0023730 secs] 610238K->578627K(758420K), 0.0024170 secs] [Times: user=0.02 sys=0.00, real=0.00 secs] 
51.762: Total time for which application threads were stopped: 0.0046410 seconds, Stopping threads took: 0.0021660 seconds
51.791: Application time: 0.0297920 seconds
51.793: [GC51.794: [ParNew: 37566K->3696K(37568K), 0.0017840 secs] 612035K->578165K(758420K), 0.0018360 secs] [Times: user=0.01 sys=0.00, real=0.01 secs] 
51.795: Total time for which application threads were stopped: 0.0040170 seconds, Stopping threads took: 0.0021170 seconds
51.825: Application time: 0.0301320 seconds
51.827: [GC51.827: [ParNew: 37103K->4159K(37568K), 0.0022100 secs] 611572K->579547K(758420K), 0.0022570 secs] [Times: user=0.01 sys=0.00, real=0.01 secs] 
51.829: Total time for which application threads were stopped: 0.0033340 seconds, Stopping threads took: 0.0010100 seconds
51.858: Application time: 0.0295890 seconds
51.860: [GC51.860: [ParNew: 37567K->4159K(37568K), 0.0024390 secs] 612955K->581255K(758420K), 0.0024790 secs] [Times: user=0.02 sys=0.00, real=0.00 secs] 
51.862: Total time for which application threads were stopped: 0.0039610 seconds, Stopping threads took: 0.0014040 seconds
51.892: Application time: 0.0300330 seconds
51.894: [GC51.894: [ParNew: 37567K->4158K(37568K), 0.0026450 secs] 614663K->583778K(758420K), 0.0026910 secs] [Times: user=0.02 sys=0.00, real=0.01 secs] 
51.897: Total time for which application threads were stopped: 0.0043470 seconds, Stopping threads took: 0.0015890 seconds
51.925: Application time: 0.0282610 seconds
51.927: [GC51.927: [ParNew: 37566K->4159K(37568K), 0.0028180 secs] 617186K->586689K(758420K), 0.0028620 secs] [Times: user=0.02 sys=0.00, real=0.00 secs] 
51.930: Total time for which application threads were stopped: 0.0046090 seconds, Stopping threads took: 0.0016790 seconds
51.959: Application time: 0.0294590 seconds
51.963: [GC51.963: [ParNew: 37567K->4159K(37568K), 0.0027150 secs] 620097K->588964K(758420K), 0.0027600 secs] [Times: user=0.02 sys=0.00, real=0.00 secs] 
51.966: Total time for which application threads were stopped: 0.0066100 seconds, Stopping threads took: 0.0037650 seconds
51.995: Application time: 0.0293760 seconds
51.997: [GC51.997: [ParNew: 37567K->4159K(37568K), 0.0027090 secs] 622372K->591565K(758420K), 0.0027530 secs] [Times: user=0.02 sys=0.00, real=0.00 secs] 
51.999: Total time for which application threads were stopped: 0.0043750 seconds, Stopping threads took: 0.0015570 seconds
52.028: Application time: 0.0284790 seconds
52.030: [GC52.030: [ParNew: 37567K->4159K(37568K), 0.0028560 secs] 624973K->594569K(758420K), 0.0028990 secs] [Times: user=0.02 sys=0.00, real=0.00 secs] 
52.033: Total time for which application threads were stopped: 0.0045910 seconds, Stopping threads took: 0.0016250 seconds
52.061: Application time: 0.0282660 seconds
52.063: [GC52.063: [ParNew: 37567K->4159K(37568K), 0.0026690 secs] 627977K->597001K(758420K), 0.0027090 secs] [Times: user=0.02 sys=0.01, real=0.00 secs] 
52.066: Total time for which application threads were stopped: 0.0047590 seconds, Stopping threads took: 0.0019880 seconds
52.095: Application time: 0.0297240 seconds
52.097: [GC52.097: [ParNew: 37567K->4158K(37568K), 0.0024040 secs] 630409K->598397K(758420K), 0.0024470 secs] [Times: user=0.01 sys=0.00, real=0.00 secs] 
52.100: Total time for which application threads were stopped: 0.0044140 seconds, Stopping threads took: 0.0019010 seconds
52.129: Application time: 0.0294290 seconds
52.132: [GC52.132: [ParNew: 37566K->4158K(37568K), 0.0024340 secs] 631805K->600263K(758420K), 0.0024840 secs] [Times: user=0.02 sys=0.00, real=0.01 secs] 
52.135: Total time for which application threads were stopped: 0.0055170 seconds, Stopping threads took: 0.0029670 seconds
52.164: Application time: 0.0292760 seconds
52.166: [GC52.166: [ParNew: 37566K->4159K(37568K), 0.0024260 secs] 633671K->602010K(758420K), 0.0024700 secs] [Times: user=0.02 sys=0.00, real=0.01 secs] 
52.169: Total time for which application threads were stopped: 0.0046520 seconds, Stopping threads took: 0.0021170 seconds
52.198: Application time: 0.0293980 seconds
52.199: [GC52.199: [ParNew: 37567K->4159K(37568K), 0.0023710 secs] 635418K->603676K(758420K), 0.0024130 secs] [Times: user=0.01 sys=0.00, real=0.00 secs] 
52.201: Total time for which application threads were stopped: 0.0034050 seconds, Stopping threads took: 0.0009170 seconds
52.231: Application time: 0.0293740 seconds
52.235: [GC52.235: [ParNew: 37567K->4159K(37568K), 0.0026670 secs] 637084K->606163K(758420K), 0.0027090 secs] [Times: user=0.02 sys=0.00, real=0.00 secs] 
52.238: Total time for which application threads were stopped: 0.0067530 seconds, Stopping threads took: 0.0039710 seconds
52.267: Application time: 0.0299060 seconds
52.269: [GC52.269: [ParNew: 37567K->4158K(37568K), 0.0024840 secs] 639571K->607978K(758420K), 0.0025290 secs] [Times: user=0.02 sys=0.00, real=0.00 secs] 
52.272: Total time for which application threads were stopped: 0.0045260 seconds, Stopping threads took: 0.0019310 seconds
52.300: Application time: 0.0284090 seconds
52.302: [GC52.302: [ParNew: 37566K->4159K(37568K), 0.0030000 secs] 641386K->611111K(758420K), 0.0030430 secs] [Times: user=0.03 sys=0.00, real=0.00 secs] 
52.305: Total time for which application threads were stopped: 0.0047790 seconds, Stopping threads took: 0.0016480 seconds
52.334: Application time: 0.0291670 seconds
52.336: [GC52.336: [ParNew: 37567K->4159K(37568K), 0.0024950 secs] 644519K->612566K(758420K), 0.0025380 secs] [Times: user=0.01 sys=0.00, real=0.00 secs] 
52.338: Total time for which application threads were stopped: 0.0038800 seconds, Stopping threads took: 0.0012560 seconds
52.367: Application time: 0.0289460 seconds
52.369: [GC52.369: [ParNew: 37567K->4159K(37568K), 0.0024410 secs] 645974K->613735K(758420K), 0.0024850 secs] [Times: user=0.02 sys=0.00, real=0.00 secs] 
52.371: Total time for which application threads were stopped: 0.0042570 seconds, Stopping threads took: 0.0016860 seconds
52.401: Application time: 0.0293190 seconds
52.403: [GC52.403: [ParNew: 37567K->4158K(37568K), 0.0027970 secs] 647143K->616253K(758420K), 0.0028390 secs] [Times: user=0.02 sys=0.00, real=0.00 secs] 
52.406: Total time for which application threads were stopped: 0.0050800 seconds, Stopping threads took: 0.0021540 seconds
52.435: Application time: 0.0289340 seconds
52.437: [GC52.437: [ParNew: 37566K->4159K(37568K), 0.0026680 secs] 649661K->618633K(758420K), 0.0027100 secs] [Times: user=0.02 sys=0.00, real=0.00 secs] 
52.440: Total time for which application threads were stopped: 0.0051710 seconds, Stopping threads took: 0.0023750 seconds
52.470: Application time: 0.0299530 seconds
52.472: [GC52.472: [ParNew: 37567K->4158K(37568K), 0.0027880 secs] 652041K->621012K(758420K), 0.0028290 secs] [Times: user=0.02 sys=0.00, real=0.01 secs] 
52.475: Total time for which application threads were stopped: 0.0051170 seconds, Stopping threads took: 0.0022030 seconds
52.504: Application time: 0.0293100 seconds
52.506: [GC52.506: [ParNew: 37566K->4159K(37568K), 0.0022650 secs] 654420K->621697K(758420K), 0.0023090 secs] [Times: user=0.02 sys=0.00, real=0.01 secs] 
52.508: Total time for which application threads were stopped: 0.0040370 seconds, Stopping threads took: 0.0016630 seconds
52.538: Application time: 0.0296060 seconds
52.540: [GC52.540: [ParNew: 37567K->4159K(37568K), 0.0028380 secs] 655105K->624814K(758420K), 0.0028940 secs] [Times: user=0.02 sys=0.01, real=0.00 secs] 
52.543: Total time for which application threads were stopped: 0.0047130 seconds, Stopping threads took: 0.0017520 seconds
52.573: Application time: 0.0299280 seconds
52.575: [GC52.575: [ParNew: 37567K->4158K(37568K), 0.0024570 secs] 658222K->626398K(758420K), 0.0025020 secs] [Times: user=0.01 sys=0.00, real=0.00 secs] 
52.578: Total time for which application threads were stopped: 0.0052720 seconds, Stopping threads took: 0.0027050 seconds
52.607: Application time: 0.0293920 seconds
52.609: [GC52.609: [ParNew: 37566K->4158K(37568K), 0.0026290 secs] 659806K->628444K(758420K), 0.0026750 secs] [Times: user=0.02 sys=0.00, real=0.00 secs] 
52.612: Total time for which application threads were stopped: 0.0043840 seconds, Stopping threads took: 0.0016410 seconds
52.640: Application time: 0.0287230 seconds
52.642: [GC52.642: [ParNew: 37566K->4158K(37568K), 0.0026890 secs] 661852K->630366K(758420K), 0.0027340 secs] [Times: user=0.02 sys=0.00, real=0.00 secs] 
52.645: Total time for which application threads were stopped: 0.0042900 seconds, Stopping threads took: 0.0014890 seconds
52.673: Application time: 0.0287920 seconds
52.675: [GC52.675: [ParNew: 37566K->4158K(37568K), 0.0028800 secs] 663774K->633150K(758420K), 0.0029210 secs] [Times: user=0.02 sys=0.00, real=0.00 secs] 
52.678: Total time for which application threads were stopped: 0.0049590 seconds, Stopping threads took: 0.0019510 seconds
52.708: Application time: 0.0294000 seconds
52.710: [GC52.710: [ParNew: 37564K->4159K(37568K), 0.0027820 secs] 666556K->635752K(758420K), 0.0028240 secs] [Times: user=0.03 sys=0.00, real=0.00 secs] 
52.712: Total time for which application threads were stopped: 0.0046480 seconds, Stopping threads took: 0.0017510 seconds
52.741: Application time: 0.0287420 seconds
52.744: [GC52.744: [ParNew: 37567K->4158K(37568K), 0.0026580 secs] 669160K->638177K(758420K), 0.0027130 secs] [Times: user=0.02 sys=0.00, real=0.01 secs] 
52.747: Total time for which application threads were stopped: 0.0054410 seconds, Stopping threads took: 0.0026490 seconds
52.776: Application time: 0.0297710 seconds
52.778: [GC52.778: [ParNew: 37566K->4158K(37568K), 0.0025550 secs] 671585K->640084K(758420K), 0.0026010 secs] [Times: user=0.02 sys=0.00, real=0.00 secs] 
52.781: Total time for which application threads were stopped: 0.0046640 seconds, Stopping threads took: 0.0019980 seconds
52.811: Application time: 0.0294520 seconds
52.812: [GC52.812: [ParNew: 37566K->4159K(37568K), 0.0023770 secs] 673492K->641446K(758420K), 0.0024220 secs] [Times: user=0.01 sys=0.00, real=0.00 secs] 
52.814: Total time for which application threads were stopped: 0.0035630 seconds, Stopping threads took: 0.0010760 seconds
52.843: Application time: 0.0286140 seconds
52.846: [GC52.846: [ParNew: 37567K->4159K(37568K), 0.0029200 secs] 674854K->644736K(758420K), 0.0029610 secs] [Times: user=0.02 sys=0.00, real=0.01 secs] 
52.848: Total time for which application threads were stopped: 0.0057780 seconds, Stopping threads took: 0.0027520 seconds
52.878: Application time: 0.0299110 seconds
52.881: [GC52.881: [ParNew: 37567K->4159K(37568K), 0.0029100 secs] 678144K->647699K(758420K), 0.0029560 secs] [Times: user=0.02 sys=0.00, real=0.00 secs] 
52.884: Total time for which application threads were stopped: 0.0059030 seconds, Stopping threads took: 0.0028820 seconds
52.913: Application time: 0.0288040 seconds
52.915: [GC52.915: [ParNew: 37567K->4158K(37568K), 0.0028410 secs] 681107K->650044K(758420K), 0.0028860 secs] [Times: user=0.01 sys=0.00, real=0.00 secs] 
52.918: Total time for which application threads were stopped: 0.0047620 seconds, Stopping threads took: 0.0018060 seconds
52.947: Application time: 0.0294780 seconds
52.949: [GC52.949: [ParNew: 37566K->4158K(37568K), 0.0027630 secs] 683452K->652588K(758420K), 0.0028080 secs] [Times: user=0.02 sys=0.00, real=0.00 secs] 
52.952: Total time for which application threads were stopped: 0.0043870 seconds, Stopping threads took: 0.0015050 seconds
 CMS: abort preclean due to time 52.954: [CMS-concurrent-abortable-preclean: 0.671/5.030 secs] [Times: user=37.68 sys=0.26, real=5.03 secs] 
52.954: Application time: 0.0019260 seconds
52.956: [GC[YG occupancy: 9762 K (37568 K)]52.956: [Rescan (parallel) , 0.0003810 secs]52.957: [weak refs processing, 0.0000080 secs]52.957: [scrub string table, 0.0001060 secs] [1 CMS-remark: 648430K(720852K)] 658192K(758420K), 0.0005240 secs] [Times: user=0.00 sys=0.00, real=0.00 secs] 
52.957: Total time for which application threads were stopped: 0.0030580 seconds, Stopping threads took: 0.0025050 seconds
52.957: [CMS-concurrent-sweep-start]
52.983: Application time: 0.0265600 seconds
52.986: [GC52.986: [ParNew: 37566K->4158K(37568K), 0.0025190 secs] 456512K->425514K(758420K), 0.0025640 secs] [Times: user=0.02 sys=0.00, real=0.01 secs] 
52.988: Total time for which application threads were stopped: 0.0051720 seconds, Stopping threads took: 0.0025430 seconds
52.996: [CMS-concurrent-sweep: 0.034/0.039 secs] [Times: user=0.30 sys=0.00, real=0.04 secs] 
52.996: [CMS-concurrent-reset-start]
52.999: [CMS-concurrent-reset: 0.003/0.003 secs] [Times: user=0.03 sys=0.00, real=0.00 secs] 
53.019: Application time: 0.0306110 seconds
53.021: [GC53.021: [ParNew: 37566K->4158K(37568K), 0.0025870 secs] 359485K->328658K(758420K), 0.0026290 secs] [Times: user=0.02 sys=0.00, real=0.00 secs] 
53.024: Total time for which application threads were stopped: 0.0049260 seconds, Stopping threads took: 0.0022320 seconds
53.024: Application time: 0.0001320 seconds
53.026: [GC [1 CMS-initial-mark: 324499K(720852K)] 329714K(758420K), 0.0001750 secs] [Times: user=0.00 sys=0.00, real=0.00 secs] 
53.026: Total time for which application threads were stopped: 0.0023350 seconds, Stopping threads took: 0.0021390 seconds
53.026: [CMS-concurrent-mark-start]
53.032: [CMS-concurrent-mark: 0.006/0.006 secs] [Times: user=0.04 sys=0.00, real=0.01 secs] 
53.032: [CMS-concurrent-preclean-start]
53.034: [CMS-concurrent-preclean: 0.001/0.001 secs] [Times: user=0.00 sys=0.00, real=0.00 secs] 
53.034: [CMS-concurrent-abortable-preclean-start]
53.056: Application time: 0.0291560 seconds
53.058: [GC53.058: [ParNew: 37565K->4159K(37568K), 0.0028210 secs] 362065K->331960K(758420K), 0.0028670 secs] [Times: user=0.03 sys=0.00, real=0.00 secs] 
53.060: Total time for which application threads were stopped: 0.0048130 seconds, Stopping threads took: 0.0018820 seconds
53.089: Application time: 0.0286330 seconds
53.091: [GC53.091: [ParNew: 37567K->4159K(37568K), 0.0028190 secs] 365368K->335102K(758420K), 0.0028630 secs] [Times: user=0.02 sys=0.00, real=0.00 secs] 
53.094: Total time for which application threads were stopped: 0.0050990 seconds, Stopping threads took: 0.0021690 seconds
53.125: Application time: 0.0307800 seconds
53.127: [GC53.127: [ParNew: 37567K->4159K(37568K), 0.0021800 secs] 368510K->336123K(758420K), 0.0022250 secs] [Times: user=0.02 sys=0.00, real=0.01 secs] 
53.129: Total time for which application threads were stopped: 0.0038420 seconds, Stopping threads took: 0.0015520 seconds
53.158: Application time: 0.0296080 seconds
53.160: [GC53.160: [ParNew: 37567K->4159K(37568K), 0.0020370 secs] 369531K->336661K(758420K), 0.0020800 secs] [Times: user=0.01 sys=0.00, real=0.00 secs] 
53.163: Total time for which application threads were stopped: 0.0041450 seconds, Stopping threads took: 0.0020010 seconds
53.193: Application time: 0.0303270 seconds
53.196: [GC53.196: [ParNew: 37567K->4159K(37568K), 0.0021570 secs] 370069K->337913K(758420K), 0.0022010 secs] [Times: user=0.02 sys=0.00, real=0.00 secs] 
53.198: Total time for which application threads were stopped: 0.0054770 seconds, Stopping threads took: 0.0032100 seconds
53.228: Application time: 0.0295630 seconds
53.231: [GC53.231: [ParNew: 37567K->4159K(37568K), 0.0028180 secs] 371321K->341158K(758420K), 0.0028640 secs] [Times: user=0.02 sys=0.00, real=0.00 secs] 
53.234: Total time for which application threads were stopped: 0.0058600 seconds, Stopping threads took: 0.0029280 seconds
53.265: Application time: 0.0310880 seconds
53.267: [GC53.267: [ParNew: 37567K->4158K(37568K), 0.0026260 secs] 374566K->343725K(758420K), 0.0026690 secs] [Times: user=0.02 sys=0.00, real=0.00 secs] 
53.270: Total time for which application threads were stopped: 0.0046280 seconds, Stopping threads took: 0.0018870 seconds
53.301: Application time: 0.0318450 seconds
53.303: [GC53.303: [ParNew: 37566K->4158K(37568K), 0.0020330 secs] 377133K->344283K(758420K), 0.0020780 secs] [Times: user=0.01 sys=0.00, real=0.00 secs] 
53.305: Total time for which application threads were stopped: 0.0041150 seconds, Stopping threads took: 0.0019700 seconds
53.336: Application time: 0.0308010 seconds
53.339: [GC53.339: [ParNew: 37566K->4158K(37568K), 0.0025980 secs] 377691K->346638K(758420K), 0.0026420 secs] [Times: user=0.01 sys=0.00, real=0.00 secs] 
53.341: Total time for which application threads were stopped: 0.0050080 seconds, Stopping threads took: 0.0023000 seconds
53.373: Application time: 0.0316790 seconds
53.374: [GC53.374: [ParNew: 37566K->4159K(37568K), 0.0025540 secs] 380046K->348882K(758420K), 0.0026050 secs] [Times: user=0.02 sys=0.00, real=0.01 secs] 
53.377: Total time for which application threads were stopped: 0.0040570 seconds, Stopping threads took: 0.0013850 seconds
53.408: Application time: 0.0310960 seconds
53.410: [GC53.410: [ParNew: 37567K->4158K(37568K), 0.0023200 secs] 382290K->350460K(758420K), 0.0023650 secs] [Times: user=0.02 sys=0.00, real=0.00 secs] 
53.412: Total time for which application threads were stopped: 0.0039790 seconds, Stopping threads took: 0.0015460 seconds
53.444: Application time: 0.0319690 seconds
53.446: [GC53.446: [ParNew: 37565K->4154K(37568K), 0.0018380 secs] 383867K->350456K(758420K), 0.0018810 secs] [Times: user=0.01 sys=0.00, real=0.01 secs] 
53.448: Total time for which application threads were stopped: 0.0035230 seconds, Stopping threads took: 0.0015750 seconds
53.478: Application time: 0.0303610 seconds
53.480: [GC53.480: [ParNew: 37562K->4159K(37568K), 0.0024570 secs] 383864K->352402K(758420K), 0.0025010 secs] [Times: user=0.02 sys=0.00, real=0.00 secs] 
53.482: Total time for which application threads were stopped: 0.0042750 seconds, Stopping threads took: 0.0017050 seconds
53.513: Application time: 0.0309130 seconds
53.514: [GC53.514: [ParNew: 37565K->4159K(37568K), 0.0026650 secs] 385809K->355092K(758420K), 0.0027130 secs] [Times: user=0.02 sys=0.00, real=0.01 secs] 
53.517: Total time for which application threads were stopped: 0.0036160 seconds, Stopping threads took: 0.0008420 seconds
53.550: Application time: 0.0327300 seconds
53.552: [GC53.552: [ParNew: 37567K->4158K(37568K), 0.0029770 secs] 388500K->358775K(758420K), 0.0030230 secs] [Times: user=0.03 sys=0.00, real=0.01 secs] 
53.555: Total time for which application threads were stopped: 0.0058750 seconds, Stopping threads took: 0.0027850 seconds
53.587: Application time: 0.0315640 seconds
53.589: [GC53.589: [ParNew: 37566K->4158K(37568K), 0.0026770 secs] 392183K->361380K(758420K), 0.0027220 secs] [Times: user=0.02 sys=0.00, real=0.00 secs] 
53.591: Total time for which application threads were stopped: 0.0045230 seconds, Stopping threads took: 0.0017320 seconds
53.623: Application time: 0.0318390 seconds
53.626: [GC53.626: [ParNew: 37566K->4158K(37568K), 0.0019950 secs] 394788K->361939K(758420K), 0.0020390 secs] [Times: user=0.01 sys=0.00, real=0.01 secs] 
53.628: Total time for which application threads were stopped: 0.0047050 seconds, Stopping threads took: 0.0026020 seconds
53.659: Application time: 0.0311750 seconds
53.661: [GC53.661: [ParNew: 37566K->4158K(37568K), 0.0023270 secs] 395347K->363487K(758420K), 0.0023700 secs] [Times: user=0.02 sys=0.00, real=0.00 secs] 
53.664: Total time for which application threads were stopped: 0.0044250 seconds, Stopping threads took: 0.0019890 seconds
53.695: Application time: 0.0317880 seconds
53.698: [GC53.698: [ParNew: 37566K->4158K(37568K), 0.0021040 secs] 396895K->364388K(758420K), 0.0021470 secs] [Times: user=0.01 sys=0.00, real=0.00 secs] 
53.700: Total time for which application threads were stopped: 0.0046800 seconds, Stopping threads took: 0.0024670 seconds
53.731: Application time: 0.0310270 seconds
53.733: [GC53.733: [ParNew: 37566K->4159K(37568K), 0.0024870 secs] 397796K->366578K(758420K), 0.0025320 secs] [Times: user=0.02 sys=0.00, real=0.01 secs] 
53.736: Total time for which application threads were stopped: 0.0048760 seconds, Stopping threads took: 0.0022760 seconds
53.767: Application time: 0.0312910 seconds
53.769: [GC53.769: [ParNew: 37567K->4159K(37568K), 0.0022030 secs] 399986K->367648K(758420K), 0.0022460 secs] [Times: user=0.02 sys=0.00, real=0.00 secs] 
53.772: Total time for which application threads were stopped: 0.0044390 seconds, Stopping threads took: 0.0021130 seconds
53.803: Application time: 0.0314030 seconds
53.806: [GC53.806: [ParNew: 37567K->4158K(37568K), 0.0020880 secs] 401056K->368610K(758420K), 0.0021320 secs] [Times: user=0.01 sys=0.00, real=0.01 secs] 
53.809: Total time for which application threads were stopped: 0.0054090 seconds, Stopping threads took: 0.0032110 seconds
53.840: Application time: 0.0312880 seconds
53.841: [GC53.841: [ParNew: 37566K->4159K(37568K), 0.0022780 secs] 402018K->369863K(758420K), 0.0023330 secs] [Times: user=0.01 sys=0.00, real=0.00 secs] 
53.844: Total time for which application threads were stopped: 0.0038610 seconds, Stopping threads took: 0.0014600 seconds
53.874: Application time: 0.0298890 seconds
53.875: [GC53.875: [ParNew: 37567K->4159K(37568K), 0.0026790 secs] 403271K->372537K(758420K), 0.0027250 secs] [Times: user=0.01 sys=0.00, real=0.00 secs] 
53.878: Total time for which application threads were stopped: 0.0045210 seconds, Stopping threads took: 0.0017290 seconds
53.910: Application time: 0.0321780 seconds
53.913: [GC53.913: [ParNew: 37567K->4158K(37568K), 0.0029490 secs] 405945K->376043K(758420K), 0.0029940 secs] [Times: user=0.02 sys=0.00, real=0.01 secs] 
53.916: Total time for which application threads were stopped: 0.0057040 seconds, Stopping threads took: 0.0026450 seconds
53.947: Application time: 0.0308890 seconds
53.949: [GC53.949: [ParNew: 37566K->4158K(37568K), 0.0025570 secs] 409451K->378389K(758420K), 0.0026000 secs] [Times: user=0.02 sys=0.00, real=0.00 secs] 
53.952: Total time for which application threads were stopped: 0.0050740 seconds, Stopping threads took: 0.0024070 seconds
53.983: Application time: 0.0308150 seconds
53.986: [GC53.986: [ParNew: 37566K->4158K(37568K), 0.0025350 secs] 411797K->380630K(758420K), 0.0025790 secs] [Times: user=0.01 sys=0.00, real=0.01 secs] 
53.988: Total time for which application threads were stopped: 0.0053110 seconds, Stopping threads took: 0.0026660 seconds
54.019: Application time: 0.0311720 seconds
54.021: [GC54.021: [ParNew: 37566K->4159K(37568K), 0.0023180 secs] 414038K->382171K(758420K), 0.0023590 secs] [Times: user=0.02 sys=0.00, real=0.00 secs] 
54.024: Total time for which application threads were stopped: 0.0042460 seconds, Stopping threads took: 0.0018220 seconds
54.054: Application time: 0.0306740 seconds
54.056: [GC54.056: [ParNew: 37567K->4158K(37568K), 0.0028670 secs] 415579K->385195K(758420K), 0.0029110 secs] [Times: user=0.02 sys=0.00, real=0.00 secs] 
54.059: Total time for which application threads were stopped: 0.0046750 seconds, Stopping threads took: 0.0016970 seconds
54.091: Application time: 0.0319600 seconds
54.093: [GC54.093: [ParNew: 37566K->4158K(37568K), 0.0019210 secs] 418603K->385629K(758420K), 0.0019630 secs] [Times: user=0.01 sys=0.00, real=0.00 secs] 
54.095: Total time for which application threads were stopped: 0.0037460 seconds, Stopping threads took: 0.0017080 seconds
54.126: Application time: 0.0311580 seconds
54.128: [GC54.128: [ParNew: 37566K->4158K(37568K), 0.0024910 secs] 419037K->387492K(758420K), 0.0025350 secs] [Times: user=0.02 sys=0.00, real=0.00 secs] 
54.131: Total time for which application threads were stopped: 0.0050350 seconds, Stopping threads took: 0.0024340 seconds
54.163: Application time: 0.0324830 seconds
54.165: [GC54.166: [ParNew: 37566K->4159K(37568K), 0.0022200 secs] 420900K->388803K(758420K), 0.0022640 secs] [Times: user=0.01 sys=0.00, real=0.01 secs] 
54.168: Total time for which application threads were stopped: 0.0044900 seconds, Stopping threads took: 0.0021650 seconds
54.200: Application time: 0.0322290 seconds
54.202: [GC54.202: [ParNew: 37567K->4158K(37568K), 0.0022430 secs] 422211K->390038K(758420K), 0.0022880 secs] [Times: user=0.01 sys=0.00, real=0.00 secs] 
54.205: Total time for which application threads were stopped: 0.0047710 seconds, Stopping threads took: 0.0024150 seconds
54.237: Application time: 0.0317930 seconds
54.238: [GC54.238: [ParNew: 37566K->4159K(37568K), 0.0024130 secs] 423446K->391776K(758420K), 0.0024570 secs] [Times: user=0.02 sys=0.00, real=0.00 secs] 
54.241: Total time for which application threads were stopped: 0.0042890 seconds, Stopping threads took: 0.0017640 seconds
54.273: Application time: 0.0319120 seconds
54.275: [GC54.275: [ParNew: 37567K->4158K(37568K), 0.0026660 secs] 425184K->394416K(758420K), 0.0027110 secs] [Times: user=0.01 sys=0.00, real=0.00 secs] 
54.278: Total time for which application threads were stopped: 0.0047030 seconds, Stopping threads took: 0.0019080 seconds
54.309: Application time: 0.0317620 seconds
54.312: [GC54.312: [ParNew: 37566K->4158K(37568K), 0.0023480 secs] 427824K->396045K(758420K), 0.0023910 secs] [Times: user=0.02 sys=0.00, real=0.01 secs] 
54.315: Total time for which application threads were stopped: 0.0055720 seconds, Stopping threads took: 0.0031150 seconds
54.347: Application time: 0.0318340 seconds
54.349: [GC54.349: [ParNew: 37566K->4159K(37568K), 0.0022370 secs] 429453K->397081K(758420K), 0.0022780 secs] [Times: user=0.02 sys=0.00, real=0.00 secs] 
54.351: Total time for which application threads were stopped: 0.0042900 seconds, Stopping threads took: 0.0019460 seconds
54.383: Application time: 0.0318410 seconds
54.385: [GC54.385: [ParNew: 37567K->4159K(37568K), 0.0022130 secs] 430489K->398044K(758420K), 0.0022560 secs] [Times: user=0.02 sys=0.00, real=0.01 secs] 
54.387: Total time for which application threads were stopped: 0.0040410 seconds, Stopping threads took: 0.0017170 seconds
54.419: Application time: 0.0323640 seconds
54.422: [GC54.422: [ParNew: 37567K->4158K(37568K), 0.0020190 secs] 431452K->398497K(758420K), 0.0020620 secs] [Times: user=0.02 sys=0.00, real=0.00 secs] 
54.424: Total time for which application threads were stopped: 0.0046810 seconds, Stopping threads took: 0.0025540 seconds
54.456: Application time: 0.0321880 seconds
54.458: [GC54.458: [ParNew: 37566K->4158K(37568K), 0.0021530 secs] 431905K->399257K(758420K), 0.0021980 secs] [Times: user=0.02 sys=0.00, real=0.00 secs] 
54.460: Total time for which application threads were stopped: 0.0036910 seconds, Stopping threads took: 0.0014260 seconds
54.492: Application time: 0.0321800 seconds
54.495: [GC54.495: [ParNew: 37566K->4159K(37568K), 0.0018970 secs] 432665K->399440K(758420K), 0.0019380 secs] [Times: user=0.01 sys=0.00, real=0.00 secs] 
54.497: Total time for which application threads were stopped: 0.0049900 seconds, Stopping threads took: 0.0029860 seconds
54.529: Application time: 0.0322850 seconds
54.531: [GC54.531: [ParNew: 37567K->4158K(37568K), 0.0022100 secs] 432848K->400541K(758420K), 0.0022540 secs] [Times: user=0.01 sys=0.00, real=0.00 secs] 
54.533: Total time for which application threads were stopped: 0.0039170 seconds, Stopping threads took: 0.0015950 seconds
54.564: Application time: 0.0310380 seconds
54.567: [GC54.567: [ParNew: 37566K->4158K(37568K), 0.0024340 secs] 433949K->402503K(758420K), 0.0024790 secs] [Times: user=0.01 sys=0.00, real=0.01 secs] 
54.569: Total time for which application threads were stopped: 0.0048170 seconds, Stopping threads took: 0.0022770 seconds
54.600: Application time: 0.0308300 seconds
54.601: [GC54.601: [ParNew: 37566K->4158K(37568K), 0.0024110 secs] 435911K->404358K(758420K), 0.0024570 secs] [Times: user=0.02 sys=0.00, real=0.00 secs] 
54.603: Total time for which application threads were stopped: 0.0034110 seconds, Stopping threads took: 0.0008860 seconds
54.635: Application time: 0.0315960 seconds
54.637: [GC54.637: [ParNew: 37566K->4158K(37568K), 0.0025110 secs] 437766K->406580K(758420K), 0.0025550 secs] [Times: user=0.02 sys=0.00, real=0.00 secs] 
54.640: Total time for which application threads were stopped: 0.0046870 seconds, Stopping threads took: 0.0020650 seconds
54.671: Application time: 0.0313170 seconds
54.673: [GC54.673: [ParNew: 37566K->4158K(37568K), 0.0023730 secs] 439988K->408266K(758420K), 0.0024200 secs] [Times: user=0.02 sys=0.00, real=0.01 secs] 
54.676: Total time for which application threads were stopped: 0.0050300 seconds, Stopping threads took: 0.0025410 seconds
54.708: Application time: 0.0317270 seconds
54.710: [GC54.710: [ParNew: 37565K->4158K(37568K), 0.0025180 secs] 441673K->410365K(758420K), 0.0025610 secs] [Times: user=0.02 sys=0.00, real=0.00 secs] 
54.712: Total time for which application threads were stopped: 0.0046830 seconds, Stopping threads took: 0.0020550 seconds
54.743: Application time: 0.0309480 seconds
54.745: [GC54.745: [ParNew: 37566K->4158K(37568K), 0.0024340 secs] 443773K->412397K(758420K), 0.0024780 secs] [Times: user=0.02 sys=0.00, real=0.01 secs] 
54.748: Total time for which application threads were stopped: 0.0044540 seconds, Stopping threads took: 0.0019100 seconds
54.779: Application time: 0.0314600 seconds
54.781: [GC54.781: [ParNew: 37566K->4159K(37568K), 0.0023920 secs] 445805K->414316K(758420K), 0.0024380 secs] [Times: user=0.02 sys=0.00, real=0.00 secs] 
54.784: Total time for which application threads were stopped: 0.0047070 seconds, Stopping threads took: 0.0021950 seconds
54.813: Application time: 0.0287810 seconds
54.815: [GC54.815: [ParNew: 37567K->4159K(37568K), 0.0027970 secs] 447724K->417448K(758420K), 0.0028430 secs] [Times: user=0.01 sys=0.01, real=0.00 secs] 
54.818: Total time for which application threads were stopped: 0.0056620 seconds, Stopping threads took: 0.0027520 seconds
54.850: Application time: 0.0318790 seconds
54.853: [GC54.853: [ParNew: 37567K->4159K(37568K), 0.0023920 secs] 450856K->418979K(758420K), 0.0024350 secs] [Times: user=0.01 sys=0.00, real=0.01 secs] 
54.855: Total time for which application threads were stopped: 0.0049140 seconds, Stopping threads took: 0.0024120 seconds
54.887: Application time: 0.0318930 seconds
54.889: [GC54.889: [ParNew: 37567K->4158K(37568K), 0.0020200 secs] 452387K->419451K(758420K), 0.0020630 secs] [Times: user=0.01 sys=0.00, real=0.00 secs] 
54.891: Total time for which application threads were stopped: 0.0043210 seconds, Stopping threads took: 0.0021930 seconds
54.923: Application time: 0.0317730 seconds
54.926: [GC54.926: [ParNew: 37566K->4158K(37568K), 0.0024140 secs] 452859K->420860K(758420K), 0.0024580 secs] [Times: user=0.01 sys=0.00, real=0.01 secs] 
54.929: Total time for which application threads were stopped: 0.0054850 seconds, Stopping threads took: 0.0029380 seconds
54.960: Application time: 0.0311670 seconds
54.962: [GC54.962: [ParNew: 37566K->4159K(37568K), 0.0023360 secs] 454268K->422265K(758420K), 0.0023770 secs] [Times: user=0.02 sys=0.00, real=0.00 secs] 
54.965: Total time for which application threads were stopped: 0.0049400 seconds, Stopping threads took: 0.0024980 seconds
54.996: Application time: 0.0315140 seconds
55.000: [GC55.000: [ParNew: 37567K->4159K(37568K), 0.0025400 secs] 455673K->424515K(758420K), 0.0025870 secs] [Times: user=0.02 sys=0.00, real=0.00 secs] 
55.002: Total time for which application threads were stopped: 0.0058980 seconds, Stopping threads took: 0.0032440 seconds
55.034: Application time: 0.0315580 seconds
55.036: [GC55.036: [ParNew: 37567K->4158K(37568K), 0.0020530 secs] 457923K->425219K(758420K), 0.0020950 secs] [Times: user=0.01 sys=0.00, real=0.00 secs] 
55.038: Total time for which application threads were stopped: 0.0044190 seconds, Stopping threads took: 0.0022580 seconds
55.070: Application time: 0.0315740 seconds
55.071: [GC55.071: [ParNew: 37566K->4158K(37568K), 0.0018940 secs] 458627K->425334K(758420K), 0.0019380 secs] [Times: user=0.02 sys=0.00, real=0.00 secs] 
55.073: Total time for which application threads were stopped: 0.0036370 seconds, Stopping threads took: 0.0016350 seconds
55.106: Application time: 0.0322270 seconds
55.107: [GC55.107: [ParNew: 37565K->4159K(37568K), 0.0020650 secs] 458740K->425420K(758420K), 0.0021100 secs] [Times: user=0.02 sys=0.00, real=0.00 secs] 
55.110: Total time for which application threads were stopped: 0.0040110 seconds, Stopping threads took: 0.0018340 seconds
55.140: Application time: 0.0301000 seconds
55.142: [GC55.142: [ParNew: 37567K->4158K(37568K), 0.0029270 secs] 458828K->428816K(758420K), 0.0029720 secs] [Times: user=0.02 sys=0.00, real=0.00 secs] 
55.145: Total time for which application threads were stopped: 0.0053710 seconds, Stopping threads took: 0.0023120 seconds
55.176: Application time: 0.0313430 seconds
55.179: [GC55.179: [ParNew: 37566K->4158K(37568K), 0.0025100 secs] 462224K->430995K(758420K), 0.0025540 secs] [Times: user=0.02 sys=0.00, real=0.00 secs] 
55.181: Total time for which application threads were stopped: 0.0047650 seconds, Stopping threads took: 0.0021350 seconds
55.212: Application time: 0.0304500 seconds
55.213: [GC55.213: [ParNew: 37566K->4159K(37568K), 0.0028690 secs] 464403K->434038K(758420K), 0.0029200 secs] [Times: user=0.03 sys=0.00, real=0.01 secs] 
55.216: Total time for which application threads were stopped: 0.0046900 seconds, Stopping threads took: 0.0017050 seconds
55.248: Application time: 0.0313010 seconds
55.250: [GC55.250: [ParNew: 37567K->4158K(37568K), 0.0026100 secs] 467446K->436425K(758420K), 0.0026560 secs] [Times: user=0.02 sys=0.00, real=0.00 secs] 
55.253: Total time for which application threads were stopped: 0.0054090 seconds, Stopping threads took: 0.0026860 seconds
55.284: Application time: 0.0308240 seconds
55.285: [GC55.285: [ParNew: 37566K->4158K(37568K), 0.0028340 secs] 469833K->439192K(758420K), 0.0028810 secs] [Times: user=0.02 sys=0.00, real=0.01 secs] 
55.288: Total time for which application threads were stopped: 0.0041470 seconds, Stopping threads took: 0.0011910 seconds
55.320: Application time: 0.0316790 seconds
55.321: [GC55.321: [ParNew: 37566K->4159K(37568K), 0.0027240 secs] 472600K->441798K(758420K), 0.0027730 secs] [Times: user=0.02 sys=0.00, real=0.00 secs] 
55.324: Total time for which application threads were stopped: 0.0043730 seconds, Stopping threads took: 0.0015330 seconds
55.356: Application time: 0.0319910 seconds
55.358: [GC55.358: [ParNew: 37567K->4159K(37568K), 0.0023260 secs] 475206K->443239K(758420K), 0.0023700 secs] [Times: user=0.02 sys=0.00, real=0.00 secs] 
55.360: Total time for which application threads were stopped: 0.0042390 seconds, Stopping threads took: 0.0018030 seconds
55.392: Application time: 0.0321090 seconds
55.395: [GC55.395: [ParNew: 37567K->4158K(37568K), 0.0024980 secs] 476647K->444654K(758420K), 0.0025400 secs] [Times: user=0.01 sys=0.00, real=0.00 secs] 
55.398: Total time for which application threads were stopped: 0.0056140 seconds, Stopping threads took: 0.0030010 seconds
55.430: Application time: 0.0315790 seconds
55.432: [GC55.432: [ParNew: 37565K->4158K(37568K), 0.0029350 secs] 478062K->447878K(758420K), 0.0029820 secs] [Times: user=0.02 sys=0.00, real=0.01 secs] 
55.435: Total time for which application threads were stopped: 0.0050900 seconds, Stopping threads took: 0.0020180 seconds
55.466: Application time: 0.0318070 seconds
55.468: [GC55.469: [ParNew: 37566K->4158K(37568K), 0.0023730 secs] 481286K->449544K(758420K), 0.0024200 secs] [Times: user=0.02 sys=0.00, real=0.00 secs] 
55.471: Total time for which application threads were stopped: 0.0044260 seconds, Stopping threads took: 0.0019260 seconds
55.502: Application time: 0.0308490 seconds
55.504: [GC55.504: [ParNew: 37566K->4158K(37568K), 0.0029770 secs] 482952K->452634K(758420K), 0.0030250 secs] [Times: user=0.02 sys=0.00, real=0.01 secs] 
55.507: Total time for which application threads were stopped: 0.0050790 seconds, Stopping threads took: 0.0019870 seconds
55.538: Application time: 0.0315440 seconds
55.542: [GC55.542: [ParNew: 37566K->4159K(37568K), 0.0023330 secs] 486042K->454107K(758420K), 0.0023770 secs] [Times: user=0.02 sys=0.00, real=0.00 secs] 
55.544: Total time for which application threads were stopped: 0.0057980 seconds, Stopping threads took: 0.0033570 seconds
55.574: Application time: 0.0298960 seconds
55.576: [GC55.576: [ParNew: 37567K->4159K(37568K), 0.0029210 secs] 487515K->457372K(758420K), 0.0029680 secs] [Times: user=0.02 sys=0.00, real=0.00 secs] 
55.579: Total time for which application threads were stopped: 0.0049250 seconds, Stopping threads took: 0.0018870 seconds
55.611: Application time: 0.0315110 seconds
55.613: [GC55.613: [ParNew: 37567K->4159K(37568K), 0.0029130 secs] 490780K->460542K(758420K), 0.0029560 secs] [Times: user=0.02 sys=0.00, real=0.01 secs] 
55.616: Total time for which application threads were stopped: 0.0056660 seconds, Stopping threads took: 0.0026430 seconds
55.648: Application time: 0.0320010 seconds
55.649: [GC55.649: [ParNew: 37567K->4158K(37568K), 0.0022420 secs] 493950K->461571K(758420K), 0.0022850 secs] [Times: user=0.02 sys=0.00, real=0.00 secs] 
55.652: Total time for which application threads were stopped: 0.0035190 seconds, Stopping threads took: 0.0011440 seconds
55.683: Application time: 0.0317330 seconds
55.687: [GC55.687: [ParNew: 37566K->4158K(37568K), 0.0029560 secs] 494979K->465005K(758420K), 0.0030150 secs] [Times: user=0.02 sys=0.00, real=0.01 secs] 
55.690: Total time for which application threads were stopped: 0.0061160 seconds, Stopping threads took: 0.0030330 seconds
55.720: Application time: 0.0308480 seconds
55.722: [GC55.722: [ParNew: 37565K->4159K(37568K), 0.0027580 secs] 498413K->467830K(758420K), 0.0028040 secs] [Times: user=0.02 sys=0.00, real=0.00 secs] 
55.725: Total time for which application threads were stopped: 0.0045970 seconds, Stopping threads took: 0.0017060 seconds
55.756: Application time: 0.0305050 seconds
55.757: [GC55.757: [ParNew: 37567K->4158K(37568K), 0.0028160 secs] 501238K->470671K(758420K), 0.0028620 secs] [Times: user=0.02 sys=0.00, real=0.00 secs] 
55.760: Total time for which application threads were stopped: 0.0047700 seconds, Stopping threads took: 0.0018420 seconds
55.790: Application time: 0.0294090 seconds
55.792: [GC55.792: [ParNew: 37566K->4158K(37568K), 0.0028380 secs] 504079K->473784K(758420K), 0.0028820 secs] [Times: user=0.02 sys=0.00, real=0.01 secs] 
55.795: Total time for which application threads were stopped: 0.0054050 seconds, Stopping threads took: 0.0024470 seconds
55.827: Application time: 0.0317630 seconds
55.830: [GC55.830: [ParNew: 37566K->4158K(37568K), 0.0025140 secs] 507192K->475683K(758420K), 0.0025590 secs] [Times: user=0.02 sys=0.00, real=0.00 secs] 
55.833: Total time for which application threads were stopped: 0.0055770 seconds, Stopping threads took: 0.0029500 seconds
55.863: Application time: 0.0307040 seconds
55.866: [GC55.866: [ParNew: 37566K->4158K(37568K), 0.0027860 secs] 509091K->478514K(758420K), 0.0028300 secs] [Times: user=0.02 sys=0.00, real=0.01 secs] 
55.869: Total time for which application threads were stopped: 0.0056020 seconds, Stopping threads took: 0.0026840 seconds
55.900: Application time: 0.0316640 seconds
55.901: [GC55.901: [ParNew: 37566K->4159K(37568K), 0.0025960 secs] 511922K->480705K(758420K), 0.0026410 secs] [Times: user=0.02 sys=0.00, real=0.00 secs] 
55.904: Total time for which application threads were stopped: 0.0033530 seconds, Stopping threads took: 0.0006440 seconds
55.936: Application time: 0.0317630 seconds
55.938: [GC55.938: [ParNew: 37567K->4158K(37568K), 0.0019560 secs] 514113K->480838K(758420K), 0.0019990 secs] [Times: user=0.02 sys=0.00, real=0.00 secs] 
55.940: Total time for which application threads were stopped: 0.0045110 seconds, Stopping threads took: 0.0024440 seconds
55.971: Application time: 0.0313130 seconds
55.973: [GC55.973: [ParNew: 37566K->4159K(37568K), 0.0023950 secs] 514246K->482381K(758420K), 0.0024410 secs] [Times: user=0.02 sys=0.00, real=0.01 secs] 
55.975: Total time for which application threads were stopped: 0.0039330 seconds, Stopping threads took: 0.0014280 seconds
56.007: Application time: 0.0321140 seconds
56.010: [GC56.010: [ParNew: 37567K->4158K(37568K), 0.0024280 secs] 515789K->483922K(758420K), 0.0024710 secs] [Times: user=0.02 sys=0.00, real=0.00 secs] 
56.013: Total time for which application threads were stopped: 0.0054340 seconds, Stopping threads took: 0.0028950 seconds
56.044: Application time: 0.0315870 seconds
56.046: [GC56.046: [ParNew: 37566K->4159K(37568K), 0.0023770 secs] 517330K->485386K(758420K), 0.0024210 secs] [Times: user=0.01 sys=0.00, real=0.01 secs] 
56.049: Total time for which application threads were stopped: 0.0040170 seconds, Stopping threads took: 0.0015280 seconds
56.080: Application time: 0.0316690 seconds
56.083: [GC56.083: [ParNew: 37567K->4158K(37568K), 0.0023730 secs] 518794K->486752K(758420K), 0.0024140 secs] [Times: user=0.01 sys=0.00, real=0.00 secs] 
56.086: Total time for which application threads were stopped: 0.0056050 seconds, Stopping threads took: 0.0031030 seconds
56.117: Application time: 0.0310450 seconds
56.119: [GC56.119: [ParNew: 37566K->4159K(37568K), 0.0023950 secs] 520160K->488427K(758420K), 0.0024400 secs] [Times: user=0.01 sys=0.00, real=0.00 secs] 
56.121: Total time for which application threads were stopped: 0.0045500 seconds, Stopping threads took: 0.0020360 seconds
56.152: Application time: 0.0303790 seconds
56.154: [GC56.154: [ParNew: 37567K->4159K(37568K), 0.0024390 secs] 521835K->490344K(758420K), 0.0024840 secs] [Times: user=0.02 sys=0.00, real=0.01 secs] 
56.156: Total time for which application threads were stopped: 0.0046870 seconds, Stopping threads took: 0.0021380 seconds
56.188: Application time: 0.0312120 seconds
56.190: [GC56.190: [ParNew: 37567K->4158K(37568K), 0.0025370 secs] 523752K->492624K(758420K), 0.0025820 secs] [Times: user=0.02 sys=0.00, real=0.00 secs] 
56.192: Total time for which application threads were stopped: 0.0047320 seconds, Stopping threads took: 0.0020850 seconds
56.223: Application time: 0.0307270 seconds
56.226: [GC56.226: [ParNew: 37566K->4158K(37568K), 0.0028620 secs] 526032K->495267K(758420K), 0.0029070 secs] [Times: user=0.02 sys=0.00, real=0.01 secs] 
56.229: Total time for which application threads were stopped: 0.0054910 seconds, Stopping threads took: 0.0025040 seconds
56.259: Application time: 0.0303380 seconds
56.261: [GC56.261: [ParNew: 37566K->4159K(37568K), 0.0030070 secs] 528675K->498653K(758420K), 0.0030540 secs] [Times: user=0.02 sys=0.00, real=0.00 secs] 
56.264: Total time for which application threads were stopped: 0.0047850 seconds, Stopping threads took: 0.0016620 seconds
56.295: Application time: 0.0315340 seconds
56.298: [GC56.298: [ParNew: 37567K->4159K(37568K), 0.0021520 secs] 532061K->499780K(758420K), 0.0021960 secs] [Times: user=0.01 sys=0.00, real=0.00 secs] 
56.301: Total time for which application threads were stopped: 0.0052640 seconds, Stopping threads took: 0.0029920 seconds
56.330: Application time: 0.0294600 seconds
56.331: [GC56.331: [ParNew: 37567K->4158K(37568K), 0.0028530 secs] 533188K->502865K(758420K), 0.0028980 secs] [Times: user=0.02 sys=0.00, real=0.00 secs] 
56.334: Total time for which application threads were stopped: 0.0042790 seconds, Stopping threads took: 0.0013140 seconds
56.366: Application time: 0.0321340 seconds
56.369: [GC56.370: [ParNew: 37566K->4159K(37568K), 0.0025050 secs] 536273K->504806K(758420K), 0.0025520 secs] [Times: user=0.02 sys=0.00, real=0.00 secs] 
56.372: Total time for which application threads were stopped: 0.0056150 seconds, Stopping threads took: 0.0030010 seconds
56.403: Application time: 0.0307390 seconds
56.405: [GC56.405: [ParNew: 37567K->4158K(37568K), 0.0025570 secs] 538214K->506622K(758420K), 0.0026020 secs] [Times: user=0.01 sys=0.00, real=0.01 secs] 
56.407: Total time for which application threads were stopped: 0.0045830 seconds, Stopping threads took: 0.0019140 seconds
56.438: Application time: 0.0302950 seconds
56.440: [GC56.440: [ParNew: 37566K->4159K(37568K), 0.0028790 secs] 540030K->509769K(758420K), 0.0029250 secs] [Times: user=0.02 sys=0.00, real=0.00 secs] 
56.443: Total time for which application threads were stopped: 0.0056750 seconds, Stopping threads took: 0.0026620 seconds
56.475: Application time: 0.0314070 seconds
56.477: [GC56.477: [ParNew: 37566K->4158K(37568K), 0.0026820 secs] 543176K->512318K(758420K), 0.0027280 secs] [Times: user=0.02 sys=0.00, real=0.00 secs] 
56.480: Total time for which application threads were stopped: 0.0053790 seconds, Stopping threads took: 0.0025860 seconds
56.512: Application time: 0.0317100 seconds
56.514: [GC56.514: [ParNew: 37566K->4159K(37568K), 0.0020940 secs] 545726K->512889K(758420K), 0.0021380 secs] [Times: user=0.01 sys=0.00, real=0.01 secs] 
56.516: Total time for which application threads were stopped: 0.0041500 seconds, Stopping threads took: 0.0019440 seconds
56.548: Application time: 0.0315000 seconds
56.549: [GC56.549: [ParNew: 37566K->4159K(37568K), 0.0026350 secs] 546296K->515277K(758420K), 0.0026790 secs] [Times: user=0.02 sys=0.00, real=0.00 secs] 
56.552: Total time for which application threads were stopped: 0.0044630 seconds, Stopping threads took: 0.0017180 seconds
56.583: Application time: 0.0311810 seconds
56.585: [GC56.585: [ParNew: 37567K->4159K(37568K), 0.0028460 secs] 548685K->518456K(758420K), 0.0028980 secs] [Times: user=0.02 sys=0.00, real=0.01 secs] 
56.588: Total time for which application threads were stopped: 0.0046040 seconds, Stopping threads took: 0.0016410 seconds
56.619: Application time: 0.0312480 seconds
56.621: [GC56.621: [ParNew: 37567K->4159K(37568K), 0.0027960 secs] 551864K->521027K(758420K), 0.0028370 secs] [Times: user=0.02 sys=0.00, real=0.00 secs] 
56.624: Total time for which application threads were stopped: 0.0046280 seconds, Stopping threads took: 0.0017090 seconds
56.654: Application time: 0.0304230 seconds
56.656: [GC56.656: [ParNew: 37567K->4158K(37568K), 0.0029750 secs] 554435K->523967K(758420K), 0.0030230 secs] [Times: user=0.02 sys=0.00, real=0.00 secs] 
56.659: Total time for which application threads were stopped: 0.0053380 seconds, Stopping threads took: 0.0022260 seconds
56.690: Application time: 0.0303270 seconds
56.692: [GC56.692: [ParNew: 37565K->4158K(37568K), 0.0028260 secs] 557375K->526865K(758420K), 0.0028700 secs] [Times: user=0.02 sys=0.00, real=0.01 secs] 
56.695: Total time for which application threads were stopped: 0.0055550 seconds, Stopping threads took: 0.0026200 seconds
56.726: Application time: 0.0310670 seconds
56.729: [GC56.729: [ParNew: 37566K->4159K(37568K), 0.0027080 secs] 560273K->529603K(758420K), 0.0027540 secs] [Times: user=0.02 sys=0.00, real=0.00 secs] 
56.731: Total time for which application threads were stopped: 0.0050830 seconds, Stopping threads took: 0.0022580 seconds
56.763: Application time: 0.0315800 seconds
56.765: [GC56.765: [ParNew: 37567K->4159K(37568K), 0.0022890 secs] 563011K->530875K(758420K), 0.0023330 secs] [Times: user=0.02 sys=0.00, real=0.01 secs] 
56.768: Total time for which application threads were stopped: 0.0046660 seconds, Stopping threads took: 0.0022670 seconds
56.799: Application time: 0.0312180 seconds
56.801: [GC56.801: [ParNew: 37567K->4158K(37568K), 0.0027610 secs] 564283K->533564K(758420K), 0.0028090 secs] [Times: user=0.01 sys=0.00, real=0.00 secs] 
56.804: Total time for which application threads were stopped: 0.0049590 seconds, Stopping threads took: 0.0020760 seconds
56.835: Application time: 0.0308320 seconds
56.837: [GC56.837: [ParNew: 37566K->4158K(37568K), 0.0023910 secs] 566972K->535228K(758420K), 0.0024380 secs] [Times: user=0.02 sys=0.00, real=0.00 secs] 
56.840: Total time for which application threads were stopped: 0.0048390 seconds, Stopping threads took: 0.0023130 seconds
56.870: Application time: 0.0307320 seconds
56.872: [GC56.872: [ParNew: 37566K->4158K(37568K), 0.0025050 secs] 568636K->537163K(758420K), 0.0025520 secs] [Times: user=0.01 sys=0.00, real=0.01 secs] 
56.875: Total time for which application threads were stopped: 0.0044890 seconds, Stopping threads took: 0.0018760 seconds
56.907: Application time: 0.0321040 seconds
56.909: [GC56.909: [ParNew: 37566K->4158K(37568K), 0.0023020 secs] 570571K->538518K(758420K), 0.0023440 secs] [Times: user=0.01 sys=0.00, real=0.00 secs] 
56.912: Total time for which application threads were stopped: 0.0046590 seconds, Stopping threads took: 0.0022480 seconds
56.943: Application time: 0.0318850 seconds
56.945: [GC56.945: [ParNew: 37566K->4159K(37568K), 0.0021190 secs] 571926K->539200K(758420K), 0.0021650 secs] [Times: user=0.02 sys=0.00, real=0.01 secs] 
56.947: Total time for which application threads were stopped: 0.0038510 seconds, Stopping threads took: 0.0016180 seconds
56.978: Application time: 0.0304060 seconds
56.979: [GC56.979: [ParNew: 37567K->4158K(37568K), 0.0028430 secs] 572608K->542160K(758420K), 0.0028870 secs] [Times: user=0.02 sys=0.00, real=0.00 secs] 
56.982: Total time for which application threads were stopped: 0.0044840 seconds, Stopping threads took: 0.0015300 seconds
57.014: Application time: 0.0316690 seconds
57.017: [GC57.017: [ParNew: 37566K->4158K(37568K), 0.0026050 secs] 575568K->544569K(758420K), 0.0026510 secs] [Times: user=0.01 sys=0.00, real=0.00 secs] 
57.019: Total time for which application threads were stopped: 0.0054510 seconds, Stopping threads took: 0.0027350 seconds
57.051: Application time: 0.0317040 seconds
57.053: [GC57.053: [ParNew: 37566K->4159K(37568K), 0.0025010 secs] 577977K->546395K(758420K), 0.0025530 secs] [Times: user=0.02 sys=0.00, real=0.01 secs] 
57.055: Total time for which application threads were stopped: 0.0043600 seconds, Stopping threads took: 0.0017410 seconds
57.087: Application time: 0.0314020 seconds
57.089: [GC57.089: [ParNew: 37567K->4158K(37568K), 0.0022670 secs] 579803K->547603K(758420K), 0.0023120 secs] [Times: user=0.02 sys=0.00, real=0.00 secs] 
57.091: Total time for which application threads were stopped: 0.0044240 seconds, Stopping threads took: 0.0020450 seconds
57.122: Application time: 0.0310540 seconds
57.125: [GC57.125: [ParNew: 37566K->4159K(37568K), 0.0026810 secs] 581011K->550081K(758420K), 0.0027250 secs] [Times: user=0.02 sys=0.00, real=0.01 secs] 
57.128: Total time for which application threads were stopped: 0.0052240 seconds, Stopping threads took: 0.0024350 seconds
57.159: Application time: 0.0317200 seconds
57.161: [GC57.161: [ParNew: 37567K->4159K(37568K), 0.0027450 secs] 583489K->552555K(758420K), 0.0027910 secs] [Times: user=0.02 sys=0.00, real=0.00 secs] 
57.164: Total time for which application threads were stopped: 0.0048630 seconds, Stopping threads took: 0.0019950 seconds
57.195: Application time: 0.0313340 seconds
57.197: [GC57.197: [ParNew: 37567K->4159K(37568K), 0.0029100 secs] 585963K->555461K(758420K), 0.0029570 secs] [Times: user=0.02 sys=0.00, real=0.00 secs] 
57.200: Total time for which application threads were stopped: 0.0047150 seconds, Stopping threads took: 0.0016680 seconds
57.230: Application time: 0.0300890 seconds
57.232: [GC57.232: [ParNew: 37567K->4159K(37568K), 0.0029100 secs] 588869K->558765K(758420K), 0.0029530 secs] [Times: user=0.02 sys=0.00, real=0.01 secs] 
57.235: Total time for which application threads were stopped: 0.0051740 seconds, Stopping threads took: 0.0021380 seconds
57.265: Application time: 0.0299410 seconds
57.268: [GC57.268: [ParNew: 37567K->4158K(37568K), 0.0022370 secs] 592173K->559873K(758420K), 0.0022800 secs] [Times: user=0.02 sys=0.00, real=0.00 secs] 
57.270: Total time for which application threads were stopped: 0.0045170 seconds, Stopping threads took: 0.0021710 seconds
57.300: Application time: 0.0302080 seconds
57.302: [GC57.302: [ParNew: 37566K->4159K(37568K), 0.0021170 secs] 593281K->560920K(758420K), 0.0021630 secs] [Times: user=0.01 sys=0.00, real=0.00 secs] 
57.304: Total time for which application threads were stopped: 0.0042620 seconds, Stopping threads took: 0.0020040 seconds
57.333: Application time: 0.0282160 seconds
57.336: [GC57.336: [ParNew: 37567K->4159K(37568K), 0.0030410 secs] 594328K->564655K(758420K), 0.0030950 secs] [Times: user=0.02 sys=0.00, real=0.00 secs] 
57.339: Total time for which application threads were stopped: 0.0060660 seconds, Stopping threads took: 0.0029040 seconds
57.369: Application time: 0.0299180 seconds
57.369: [GC57.369: [ParNew: 37567K->4158K(37568K), 0.0024300 secs] 598063K->566342K(758420K), 0.0024750 secs] [Times: user=0.02 sys=0.00, real=0.00 secs] 
57.372: Total time for which application threads were stopped: 0.0032840 seconds, Stopping threads took: 0.0007430 seconds
57.402: Application time: 0.0298450 seconds
57.404: [GC57.404: [ParNew: 37565K->4159K(37568K), 0.0023780 secs] 599749K->567892K(758420K), 0.0024280 secs] [Times: user=0.01 sys=0.01, real=0.01 secs] 
57.407: Total time for which application threads were stopped: 0.0049490 seconds, Stopping threads took: 0.0024550 seconds
57.436: Application time: 0.0289990 seconds
57.438: [GC57.438: [ParNew: 37567K->4158K(37568K), 0.0029110 secs] 601300K->571171K(758420K), 0.0029530 secs] [Times: user=0.02 sys=0.00, real=0.00 secs] 
57.441: Total time for which application threads were stopped: 0.0050630 seconds, Stopping threads took: 0.0020430 seconds
57.470: Application time: 0.0289690 seconds
57.471: [GC57.471: [ParNew: 37566K->4158K(37568K), 0.0026080 secs] 604579K->573347K(758420K), 0.0026510 secs] [Times: user=0.01 sys=0.00, real=0.00 secs] 
57.474: Total time for which application threads were stopped: 0.0044930 seconds, Stopping threads took: 0.0017750 seconds
57.504: Application time: 0.0295070 seconds
57.506: [GC57.506: [ParNew: 37566K->4158K(37568K), 0.0027920 secs] 606755K->576332K(758420K), 0.0028340 secs] [Times: user=0.02 sys=0.00, real=0.01 secs] 
57.509: Total time for which application threads were stopped: 0.0055630 seconds, Stopping threads took: 0.0026650 seconds
57.537: Application time: 0.0275590 seconds
57.539: [GC57.539: [ParNew: 37566K->4159K(37568K), 0.0030580 secs] 609740K->580064K(758420K), 0.0031020 secs] [Times: user=0.02 sys=0.00, real=0.00 secs] 
57.542: Total time for which application threads were stopped: 0.0054000 seconds, Stopping threads took: 0.0022320 seconds
57.571: Application time: 0.0291430 seconds
57.572: [GC57.572: [ParNew: 37567K->4158K(37568K), 0.0027680 secs] 613472K->582732K(758420K), 0.0028120 secs] [Times: user=0.02 sys=0.00, real=0.01 secs] 
57.575: Total time for which application threads were stopped: 0.0037580 seconds, Stopping threads took: 0.0008670 seconds
57.606: Application time: 0.0306090 seconds
57.609: [GC57.609: [ParNew: 37566K->4158K(37568K), 0.0023340 secs] 616140K->584324K(758420K), 0.0023770 secs] [Times: user=0.01 sys=0.00, real=0.00 secs] 
57.611: Total time for which application threads were stopped: 0.0053160 seconds, Stopping threads took: 0.0028740 seconds
57.640: Application time: 0.0285300 seconds
57.641: [GC57.641: [ParNew: 37566K->4158K(37568K), 0.0026370 secs] 617732K->586684K(758420K), 0.0026790 secs] [Times: user=0.02 sys=0.00, real=0.00 secs] 
57.644: Total time for which application threads were stopped: 0.0043320 seconds, Stopping threads took: 0.0015860 seconds
57.673: Application time: 0.0293770 seconds
57.676: [GC57.676: [ParNew: 37566K->4159K(37568K), 0.0026780 secs] 620092K->589018K(758420K), 0.0027230 secs] [Times: user=0.02 sys=0.00, real=0.00 secs] 
57.679: Total time for which application threads were stopped: 0.0056710 seconds, Stopping threads took: 0.0028860 seconds
57.709: Application time: 0.0301520 seconds
57.712: [GC57.712: [ParNew: 37567K->4159K(37568K), 0.0022570 secs] 622426K->590248K(758420K), 0.0022970 secs] [Times: user=0.01 sys=0.00, real=0.00 secs] 
57.714: Total time for which application threads were stopped: 0.0047420 seconds, Stopping threads took: 0.0023800 seconds
57.742: Application time: 0.0285450 seconds
57.744: [GC57.744: [ParNew: 37567K->4159K(37568K), 0.0029290 secs] 623656K->593473K(758420K), 0.0029740 secs] [Times: user=0.02 sys=0.00, real=0.01 secs] 
57.747: Total time for which application threads were stopped: 0.0048880 seconds, Stopping threads took: 0.0018460 seconds
57.777: Application time: 0.0299400 seconds
57.779: [GC57.779: [ParNew: 37567K->4159K(37568K), 0.0022700 secs] 626881K->594963K(758420K), 0.0023140 secs] [Times: user=0.02 sys=0.00, real=0.00 secs] 
57.781: Total time for which application threads were stopped: 0.0041540 seconds, Stopping threads took: 0.0017550 seconds
57.810: Application time: 0.0289350 seconds
57.813: [GC57.813: [ParNew: 37567K->4159K(37568K), 0.0027530 secs] 628371K->597814K(758420K), 0.0027970 secs] [Times: user=0.02 sys=0.00, real=0.01 secs] 
57.816: Total time for which application threads were stopped: 0.0059560 seconds, Stopping threads took: 0.0030860 seconds
57.845: Application time: 0.0284150 seconds
57.847: [GC57.847: [ParNew: 37567K->4158K(37568K), 0.0028000 secs] 631222K->600528K(758420K), 0.0028460 secs] [Times: user=0.02 sys=0.00, real=0.00 secs] 
57.849: Total time for which application threads were stopped: 0.0047930 seconds, Stopping threads took: 0.0018710 seconds
57.879: Application time: 0.0295670 seconds
57.881: [GC57.881: [ParNew: 37566K->4159K(37568K), 0.0023980 secs] 633936K->602177K(758420K), 0.0024410 secs] [Times: user=0.02 sys=0.00, real=0.00 secs] 
57.884: Total time for which application threads were stopped: 0.0045880 seconds, Stopping threads took: 0.0020820 seconds
57.914: Application time: 0.0302330 seconds
57.917: [GC57.917: [ParNew: 37567K->4159K(37568K), 0.0023180 secs] 635585K->602806K(758420K), 0.0023700 secs] [Times: user=0.01 sys=0.00, real=0.00 secs] 
57.919: Total time for which application threads were stopped: 0.0050810 seconds, Stopping threads took: 0.0026450 seconds
57.948: Application time: 0.0292350 seconds
57.950: [GC57.950: [ParNew: 37567K->4158K(37568K), 0.0025850 secs] 636214K->604700K(758420K), 0.0026280 secs] [Times: user=0.01 sys=0.00, real=0.00 secs] 
57.953: Total time for which application threads were stopped: 0.0043610 seconds, Stopping threads took: 0.0016670 seconds
57.981: Application time: 0.0285470 seconds
57.983: [GC57.983: [ParNew: 37566K->4159K(37568K), 0.0029080 secs] 638108K->607927K(758420K), 0.0029520 secs] [Times: user=0.02 sys=0.00, real=0.00 secs] 
57.986: Total time for which application threads were stopped: 0.0046030 seconds, Stopping threads took: 0.0015840 seconds
58.016: Application time: 0.0307280 seconds
58.020: [GC58.020: [ParNew: 37566K->4159K(37568K), 0.0020280 secs] 641334K->608483K(758420K), 0.0020680 secs] [Times: user=0.02 sys=0.00, real=0.00 secs] 
58.022: Total time for which application threads were stopped: 0.0052310 seconds, Stopping threads took: 0.0030990 seconds
58.051: Application time: 0.0293520 seconds
58.054: [GC58.054: [ParNew: 37567K->4158K(37568K), 0.0026920 secs] 641891K->610880K(758420K), 0.0027350 secs] [Times: user=0.02 sys=0.00, real=0.01 secs] 
58.056: Total time for which application threads were stopped: 0.0054410 seconds, Stopping threads took: 0.0026420 seconds
 CMS: abort preclean due to time 58.059: [CMS-concurrent-abortable-preclean: 0.666/5.026 secs] [Times: user=37.83 sys=0.16, real=5.03 secs] 
58.059: Application time: 0.0029130 seconds
58.061: [GC[YG occupancy: 9348 K (37568 K)]58.061: [Rescan (parallel) , 0.0005450 secs]58.062: [weak refs processing, 0.0000070 secs]58.062: [scrub string table, 0.0001100 secs] [1 CMS-remark: 606721K(720852K)] 616070K(758420K), 0.0007160 secs] [Times: user=0.01 sys=0.00, real=0.00 secs] 
58.062: Total time for which application threads were stopped: 0.0023900 seconds, Stopping threads took: 0.0016230 seconds
58.062: [CMS-concurrent-sweep-start]
58.089: Application time: 0.0268290 seconds
58.092: [GC58.092: [ParNew: 37566K->4159K(37568K), 0.0026520 secs] 337783K->307201K(758420K), 0.0026990 secs] [Times: user=0.02 sys=0.00, real=0.01 secs] 
58.095: Total time for which application threads were stopped: 0.0064350 seconds, Stopping threads took: 0.0036740 seconds
58.100: [CMS-concurrent-sweep: 0.032/0.038 secs] [Times: user=0.28 sys=0.00, real=0.04 secs] 
58.100: [CMS-concurrent-reset-start]
58.102: [CMS-concurrent-reset: 0.002/0.002 secs] [Times: user=0.00 sys=0.00, real=0.00 secs] 
58.125: Application time: 0.0295320 seconds
58.127: [GC58.127: [ParNew: 37567K->4159K(37568K), 0.0026790 secs] 327562K->296807K(758420K), 0.0027210 secs] [Times: user=0.02 sys=0.00, real=0.00 secs] 
58.129: Total time for which application threads were stopped: 0.0048370 seconds, Stopping threads took: 0.0020530 seconds
58.159: Application time: 0.0292240 seconds
58.161: [GC58.161: [ParNew: 37567K->4159K(37568K), 0.0022980 secs] 330215K->298390K(758420K), 0.0023400 secs] [Times: user=0.01 sys=0.01, real=0.00 secs] 
58.163: Total time for which application threads were stopped: 0.0043590 seconds, Stopping threads took: 0.0019560 seconds
58.193: Application time: 0.0303510 seconds
58.195: [GC58.195: [ParNew: 37567K->4158K(37568K), 0.0019700 secs] 331798K->298842K(758420K), 0.0020120 secs] [Times: user=0.02 sys=0.00, real=0.00 secs] 
58.197: Total time for which application threads were stopped: 0.0036180 seconds, Stopping threads took: 0.0015430 seconds
58.226: Application time: 0.0291510 seconds
58.228: [GC58.228: [ParNew: 37566K->4158K(37568K), 0.0025640 secs] 332250K->301103K(758420K), 0.0026040 secs] [Times: user=0.02 sys=0.00, real=0.00 secs] 
58.230: Total time for which application threads were stopped: 0.0041270 seconds, Stopping threads took: 0.0014470 seconds
58.260: Application time: 0.0296900 seconds
58.261: [GC58.262: [ParNew: 37566K->4159K(37568K), 0.0021890 secs] 334511K->302274K(758420K), 0.0022380 secs] [Times: user=0.01 sys=0.00, real=0.00 secs] 
58.264: Total time for which application threads were stopped: 0.0037910 seconds, Stopping threads took: 0.0014870 seconds
58.294: Application time: 0.0301860 seconds
58.296: [GC58.296: [ParNew: 37567K->4158K(37568K), 0.0023010 secs] 335682K->303837K(758420K), 0.0023430 secs] [Times: user=0.01 sys=0.01, real=0.00 secs] 
58.298: Total time for which application threads were stopped: 0.0045330 seconds, Stopping threads took: 0.0021270 seconds
58.329: Application time: 0.0302480 seconds
58.331: [GC58.331: [ParNew: 37566K->4159K(37568K), 0.0022530 secs] 337245K->305236K(758420K), 0.0022950 secs] [Times: user=0.02 sys=0.00, real=0.00 secs] 
58.333: Total time for which application threads were stopped: 0.0042650 seconds, Stopping threads took: 0.0018970 seconds
58.362: Application time: 0.0288520 seconds
58.363: [GC58.363: [ParNew: 37567K->4159K(37568K), 0.0028170 secs] 338644K->308404K(758420K), 0.0028620 secs] [Times: user=0.02 sys=0.00, real=0.00 secs] 
58.366: Total time for which application threads were stopped: 0.0043010 seconds, Stopping threads took: 0.0013750 seconds
58.396: Application time: 0.0294040 seconds
58.399: [GC58.399: [ParNew: 37567K->4159K(37568K), 0.0022980 secs] 341812K->309909K(758420K), 0.0023400 secs] [Times: user=0.02 sys=0.00, real=0.00 secs] 
58.401: Total time for which application threads were stopped: 0.0054700 seconds, Stopping threads took: 0.0030640 seconds
58.431: Application time: 0.0295670 seconds
58.432: [GC58.432: [ParNew: 37567K->4158K(37568K), 0.0023390 secs] 343317K->311375K(758420K), 0.0023810 secs] [Times: user=0.02 sys=0.00, real=0.01 secs] 
58.435: Total time for which application threads were stopped: 0.0042250 seconds, Stopping threads took: 0.0017590 seconds
58.464: Application time: 0.0290590 seconds
58.465: [GC58.465: [ParNew: 37566K->4159K(37568K), 0.0028290 secs] 344783K->314588K(758420K), 0.0028740 secs] [Times: user=0.02 sys=0.00, real=0.01 secs] 
58.468: Total time for which application threads were stopped: 0.0039230 seconds, Stopping threads took: 0.0009820 seconds
58.468: Application time: 0.0000550 seconds
58.471: [GC [1 CMS-initial-mark: 310428K(720852K)] 314938K(758420K), 0.0002000 secs] [Times: user=0.00 sys=0.00, real=0.00 secs] 
58.471: Total time for which application threads were stopped: 0.0029550 seconds, Stopping threads took: 0.0027360 seconds
58.471: [CMS-concurrent-mark-start]
58.482: [CMS-concurrent-mark: 0.011/0.011 secs] [Times: user=0.06 sys=0.00, real=0.01 secs] 
58.482: [CMS-concurrent-preclean-start]
58.483: [CMS-concurrent-preclean: 0.001/0.001 secs] [Times: user=0.03 sys=0.00, real=0.00 secs] 
58.483: [CMS-concurrent-abortable-preclean-start]
58.501: Application time: 0.0306500 seconds
58.504: [GC58.504: [ParNew: 37566K->4158K(37568K), 0.0019600 secs] 347994K->314853K(758420K), 0.0019990 secs] [Times: user=0.01 sys=0.00, real=0.00 secs] 
58.506: Total time for which application threads were stopped: 0.0040610 seconds, Stopping threads took: 0.0019990 seconds
58.535: Application time: 0.0294730 seconds
58.537: [GC58.537: [ParNew: 37566K->4158K(37568K), 0.0022960 secs] 348261K->315856K(758420K), 0.0023410 secs] [Times: user=0.02 sys=0.00, real=0.00 secs] 
58.540: Total time for which application threads were stopped: 0.0046790 seconds, Stopping threads took: 0.0022540 seconds
58.569: Application time: 0.0297420 seconds
58.572: [GC58.572: [ParNew: 37566K->4159K(37568K), 0.0024440 secs] 349264K->317665K(758420K), 0.0024850 secs] [Times: user=0.02 sys=0.00, real=0.00 secs] 
58.574: Total time for which application threads were stopped: 0.0050340 seconds, Stopping threads took: 0.0024650 seconds
58.604: Application time: 0.0299240 seconds
58.607: [GC58.607: [ParNew: 37565K->4158K(37568K), 0.0023050 secs] 351071K->319361K(758420K), 0.0023480 secs] [Times: user=0.02 sys=0.00, real=0.00 secs] 
58.609: Total time for which application threads were stopped: 0.0049280 seconds, Stopping threads took: 0.0025150 seconds
58.637: Application time: 0.0278210 seconds
58.639: [GC58.639: [ParNew: 37566K->4159K(37568K), 0.0029390 secs] 352769K->322954K(758420K), 0.0029880 secs] [Times: user=0.01 sys=0.00, real=0.00 secs] 
58.642: Total time for which application threads were stopped: 0.0052020 seconds, Stopping threads took: 0.0021530 seconds
58.672: Application time: 0.0298400 seconds
58.675: [GC58.675: [ParNew: 37567K->4158K(37568K), 0.0025570 secs] 356362K->325442K(758420K), 0.0025980 secs] [Times: user=0.02 sys=0.00, real=0.00 secs] 
58.677: Total time for which application threads were stopped: 0.0052060 seconds, Stopping threads took: 0.0025480 seconds
58.708: Application time: 0.0301350 seconds
58.709: [GC58.709: [ParNew: 37566K->4159K(37568K), 0.0019470 secs] 358850K->325835K(758420K), 0.0019870 secs] [Times: user=0.02 sys=0.00, real=0.00 secs] 
58.711: Total time for which application threads were stopped: 0.0035650 seconds, Stopping threads took: 0.0015140 seconds
58.742: Application time: 0.0310040 seconds
58.744: [GC58.744: [ParNew: 37567K->4158K(37568K), 0.0021050 secs] 359243K->326139K(758420K), 0.0021490 secs] [Times: user=0.01 sys=0.00, real=0.00 secs] 
58.746: Total time for which application threads were stopped: 0.0037990 seconds, Stopping threads took: 0.0015650 seconds
58.776: Application time: 0.0300480 seconds
58.778: [GC58.778: [ParNew: 37566K->4159K(37568K), 0.0025330 secs] 359547K->328318K(758420K), 0.0025760 secs] [Times: user=0.01 sys=0.00, real=0.00 secs] 
58.781: Total time for which application threads were stopped: 0.0046050 seconds, Stopping threads took: 0.0019660 seconds
58.808: Application time: 0.0274380 seconds
58.810: [GC58.810: [ParNew: 37567K->4158K(37568K), 0.0027500 secs] 361726K->331251K(758420K), 0.0027930 secs] [Times: user=0.02 sys=0.00, real=0.00 secs] 
58.813: Total time for which application threads were stopped: 0.0046470 seconds, Stopping threads took: 0.0017870 seconds
58.843: Application time: 0.0300450 seconds
58.845: [GC58.845: [ParNew: 37566K->4158K(37568K), 0.0025270 secs] 364659K->333504K(758420K), 0.0025680 secs] [Times: user=0.01 sys=0.01, real=0.01 secs] 
58.848: Total time for which application threads were stopped: 0.0048640 seconds, Stopping threads took: 0.0022220 seconds
58.877: Application time: 0.0292170 seconds
58.878: [GC58.879: [ParNew: 37566K->4159K(37568K), 0.0022200 secs] 366912K->334738K(758420K), 0.0022650 secs] [Times: user=0.02 sys=0.00, real=0.00 secs] 
58.881: Total time for which application threads were stopped: 0.0039710 seconds, Stopping threads took: 0.0016420 seconds
58.911: Application time: 0.0301870 seconds
58.912: [GC58.912: [ParNew: 37567K->4158K(37568K), 0.0025660 secs] 368146K->336890K(758420K), 0.0026090 secs] [Times: user=0.02 sys=0.00, real=0.01 secs] 
58.915: Total time for which application threads were stopped: 0.0039760 seconds, Stopping threads took: 0.0013040 seconds
58.946: Application time: 0.0307420 seconds
58.947: [GC58.947: [ParNew: 37566K->3212K(37568K), 0.0015950 secs] 370298K->335971K(758420K), 0.0016360 secs] [Times: user=0.01 sys=0.00, real=0.00 secs] 
58.949: Total time for which application threads were stopped: 0.0031100 seconds, Stopping threads took: 0.0014110 seconds
58.978: Application time: 0.0293000 seconds
58.980: [GC58.980: [ParNew: 36620K->4158K(37568K), 0.0024840 secs] 369379K->338871K(758420K), 0.0025260 secs] [Times: user=0.02 sys=0.00, real=0.00 secs] 
58.983: Total time for which application threads were stopped: 0.0044730 seconds, Stopping threads took: 0.0018820 seconds
59.012: Application time: 0.0294050 seconds
59.014: [GC59.014: [ParNew: 37566K->4158K(37568K), 0.0024030 secs] 372279K->340726K(758420K), 0.0024450 secs] [Times: user=0.02 sys=0.00, real=0.01 secs] 
59.016: Total time for which application threads were stopped: 0.0040890 seconds, Stopping threads took: 0.0015780 seconds
59.045: Application time: 0.0288310 seconds
59.047: [GC59.047: [ParNew: 37565K->4159K(37568K), 0.0025390 secs] 374132K->342916K(758420K), 0.0025820 secs] [Times: user=0.01 sys=0.01, real=0.01 secs] 
59.049: Total time for which application threads were stopped: 0.0041960 seconds, Stopping threads took: 0.0015500 seconds
59.079: Application time: 0.0297990 seconds
59.081: [GC59.081: [ParNew: 37565K->4159K(37568K), 0.0027600 secs] 376323K->345836K(758420K), 0.0028120 secs] [Times: user=0.02 sys=0.00, real=0.00 secs] 
59.084: Total time for which application threads were stopped: 0.0051320 seconds, Stopping threads took: 0.0022560 seconds
59.113: Application time: 0.0290160 seconds
59.115: [GC59.115: [ParNew: 37567K->4158K(37568K), 0.0023510 secs] 379244K->347766K(758420K), 0.0023940 secs] [Times: user=0.02 sys=0.00, real=0.00 secs] 
59.117: Total time for which application threads were stopped: 0.0040520 seconds, Stopping threads took: 0.0015920 seconds
59.146: Application time: 0.0292550 seconds
59.148: [GC59.148: [ParNew: 37566K->4158K(37568K), 0.0022800 secs] 381174K->349164K(758420K), 0.0023200 secs] [Times: user=0.02 sys=0.00, real=0.00 secs] 
59.150: Total time for which application threads were stopped: 0.0040890 seconds, Stopping threads took: 0.0017070 seconds
59.180: Application time: 0.0292690 seconds
59.182: [GC59.182: [ParNew: 37566K->4159K(37568K), 0.0022580 secs] 382572K->350503K(758420K), 0.0022990 secs] [Times: user=0.01 sys=0.00, real=0.00 secs] 
59.184: Total time for which application threads were stopped: 0.0042620 seconds, Stopping threads took: 0.0019000 seconds
59.214: Application time: 0.0297510 seconds
59.216: [GC59.216: [ParNew: 37567K->4159K(37568K), 0.0023720 secs] 383911K->352232K(758420K), 0.0024120 secs] [Times: user=0.02 sys=0.00, real=0.00 secs] 
59.218: Total time for which application threads were stopped: 0.0044030 seconds, Stopping threads took: 0.0019250 seconds
59.247: Application time: 0.0293240 seconds
59.249: [GC59.249: [ParNew: 37567K->4158K(37568K), 0.0019880 secs] 385640K->352863K(758420K), 0.0020310 secs] [Times: user=0.02 sys=0.00, real=0.00 secs] 
59.251: Total time for which application threads were stopped: 0.0036380 seconds, Stopping threads took: 0.0015430 seconds
59.281: Application time: 0.0296320 seconds
59.282: [GC59.282: [ParNew: 37566K->4159K(37568K), 0.0024650 secs] 386271K->354902K(758420K), 0.0025090 secs] [Times: user=0.02 sys=0.00, real=0.00 secs] 
59.285: Total time for which application threads were stopped: 0.0039880 seconds, Stopping threads took: 0.0014140 seconds
59.314: Application time: 0.0291730 seconds
59.316: [GC59.316: [ParNew: 37567K->4158K(37568K), 0.0028760 secs] 388310K->358219K(758420K), 0.0029190 secs] [Times: user=0.02 sys=0.00, real=0.00 secs] 
59.319: Total time for which application threads were stopped: 0.0046510 seconds, Stopping threads took: 0.0016660 seconds
59.348: Application time: 0.0293560 seconds
59.350: [GC59.350: [ParNew: 37566K->4159K(37568K), 0.0024950 secs] 391627K->360494K(758420K), 0.0025390 secs] [Times: user=0.02 sys=0.00, real=0.00 secs] 
59.353: Total time for which application threads were stopped: 0.0047310 seconds, Stopping threads took: 0.0021190 seconds
59.380: Application time: 0.0269550 seconds
59.382: [GC59.383: [ParNew: 37567K->4159K(37568K), 0.0027900 secs] 393902K->363684K(758420K), 0.0028330 secs] [Times: user=0.02 sys=0.00, real=0.00 secs] 
59.385: Total time for which application threads were stopped: 0.0057170 seconds, Stopping threads took: 0.0028170 seconds
59.415: Application time: 0.0293180 seconds
59.416: [GC59.416: [ParNew: 37567K->4158K(37568K), 0.0027940 secs] 397092K->366757K(758420K), 0.0028390 secs] [Times: user=0.02 sys=0.00, real=0.00 secs] 
59.419: Total time for which application threads were stopped: 0.0045430 seconds, Stopping threads took: 0.0016390 seconds
59.449: Application time: 0.0301630 seconds
59.452: [GC59.452: [ParNew: 37566K->4159K(37568K), 0.0023940 secs] 400165K->368351K(758420K), 0.0024360 secs] [Times: user=0.01 sys=0.00, real=0.00 secs] 
59.454: Total time for which application threads were stopped: 0.0050420 seconds, Stopping threads took: 0.0025420 seconds
59.484: Application time: 0.0292980 seconds
59.485: [GC59.485: [ParNew: 37567K->4158K(37568K), 0.0024310 secs] 401759K->370199K(758420K), 0.0024730 secs] [Times: user=0.01 sys=0.00, real=0.01 secs] 
59.488: Total time for which application threads were stopped: 0.0041590 seconds, Stopping threads took: 0.0016140 seconds
59.518: Application time: 0.0301430 seconds
59.520: [GC59.520: [ParNew: 37566K->4158K(37568K), 0.0024320 secs] 403607K->372044K(758420K), 0.0024770 secs] [Times: user=0.02 sys=0.00, real=0.00 secs] 
59.523: Total time for which application threads were stopped: 0.0046320 seconds, Stopping threads took: 0.0020710 seconds
59.553: Application time: 0.0299870 seconds
59.555: [GC59.555: [ParNew: 37566K->4159K(37568K), 0.0023410 secs] 405452K->373575K(758420K), 0.0023850 secs] [Times: user=0.02 sys=0.00, real=0.01 secs] 
59.557: Total time for which application threads were stopped: 0.0042910 seconds, Stopping threads took: 0.0018410 seconds
59.586: Application time: 0.0287430 seconds
59.587: [GC59.587: [ParNew: 37567K->4159K(37568K), 0.0025720 secs] 406983K->376001K(758420K), 0.0026190 secs] [Times: user=0.02 sys=0.00, real=0.00 secs] 
59.590: Total time for which application threads were stopped: 0.0041180 seconds, Stopping threads took: 0.0014320 seconds
59.618: Application time: 0.0282880 seconds
59.620: [GC59.620: [ParNew: 37567K->4159K(37568K), 0.0024390 secs] 409409K->377836K(758420K), 0.0024790 secs] [Times: user=0.01 sys=0.00, real=0.00 secs] 
59.622: Total time for which application threads were stopped: 0.0043240 seconds, Stopping threads took: 0.0017800 seconds
59.652: Application time: 0.0297550 seconds
59.655: [GC59.655: [ParNew: 37567K->4159K(37568K), 0.0025160 secs] 411244K->379970K(758420K), 0.0025630 secs] [Times: user=0.02 sys=0.00, real=0.00 secs] 
59.657: Total time for which application threads were stopped: 0.0050170 seconds, Stopping threads took: 0.0023820 seconds
59.686: Application time: 0.0290680 seconds
59.689: [GC59.689: [ParNew: 37565K->4158K(37568K), 0.0026860 secs] 413376K->382900K(758420K), 0.0027280 secs] [Times: user=0.01 sys=0.01, real=0.00 secs] 
59.692: Total time for which application threads were stopped: 0.0052800 seconds, Stopping threads took: 0.0024890 seconds
59.721: Application time: 0.0298750 seconds
59.724: [GC59.724: [ParNew: 37566K->4158K(37568K), 0.0026890 secs] 416308K->385674K(758420K), 0.0027370 secs] [Times: user=0.02 sys=0.00, real=0.01 secs] 
59.727: Total time for which application threads were stopped: 0.0053160 seconds, Stopping threads took: 0.0025110 seconds
59.756: Application time: 0.0294680 seconds
59.758: [GC59.758: [ParNew: 37564K->4159K(37568K), 0.0026030 secs] 419080K->388178K(758420K), 0.0026470 secs] [Times: user=0.02 sys=0.00, real=0.00 secs] 
59.761: Total time for which application threads were stopped: 0.0047070 seconds, Stopping threads took: 0.0019930 seconds
59.791: Application time: 0.0296340 seconds
59.793: [GC59.793: [ParNew: 37567K->4158K(37568K), 0.0019420 secs] 421586K->388597K(758420K), 0.0019810 secs] [Times: user=0.02 sys=0.00, real=0.00 secs] 
59.795: Total time for which application threads were stopped: 0.0040110 seconds, Stopping threads took: 0.0019670 seconds
59.824: Application time: 0.0297660 seconds
59.826: [GC59.826: [ParNew: 37566K->4158K(37568K), 0.0022560 secs] 422005K->389794K(758420K), 0.0023000 secs] [Times: user=0.01 sys=0.00, real=0.01 secs] 
59.828: Total time for which application threads were stopped: 0.0040050 seconds, Stopping threads took: 0.0016390 seconds
59.858: Application time: 0.0298790 seconds
59.860: [GC59.860: [ParNew: 37566K->4158K(37568K), 0.0019430 secs] 423202K->390283K(758420K), 0.0019870 secs] [Times: user=0.01 sys=0.00, real=0.00 secs] 
59.862: Total time for which application threads were stopped: 0.0036220 seconds, Stopping threads took: 0.0015600 seconds
59.891: Application time: 0.0295350 seconds
59.894: [GC59.894: [ParNew: 37566K->4158K(37568K), 0.0023770 secs] 423691K->392114K(758420K), 0.0024240 secs] [Times: user=0.02 sys=0.00, real=0.01 secs] 
59.896: Total time for which application threads were stopped: 0.0047930 seconds, Stopping threads took: 0.0023030 seconds
59.926: Application time: 0.0295740 seconds
59.928: [GC59.928: [ParNew: 37566K->4159K(37568K), 0.0023560 secs] 425522K->393805K(758420K), 0.0024090 secs] [Times: user=0.02 sys=0.00, real=0.00 secs] 
59.931: Total time for which application threads were stopped: 0.0049940 seconds, Stopping threads took: 0.0025260 seconds
59.959: Application time: 0.0281410 seconds
59.960: [GC59.960: [ParNew: 37567K->4158K(37568K), 0.0029720 secs] 427213K->397401K(758420K), 0.0030180 secs] [Times: user=0.02 sys=0.00, real=0.00 secs] 
59.963: Total time for which application threads were stopped: 0.0045940 seconds, Stopping threads took: 0.0015110 seconds
59.992: Application time: 0.0286210 seconds
59.994: [GC59.994: [ParNew: 37566K->4159K(37568K), 0.0026230 secs] 430809K->400009K(758420K), 0.0026680 secs] [Times: user=0.02 sys=0.00, real=0.01 secs] 
59.997: Total time for which application threads were stopped: 0.0047580 seconds, Stopping threads took: 0.0020240 seconds
60.027: Application time: 0.0300130 seconds
60.029: [GC60.029: [ParNew: 37566K->4159K(37568K), 0.0021910 secs] 433417K->401395K(758420K), 0.0022320 secs] [Times: user=0.01 sys=0.00, real=0.00 secs] 
60.031: Total time for which application threads were stopped: 0.0043720 seconds, Stopping threads took: 0.0020830 seconds
60.061: Application time: 0.0299750 seconds
60.063: [GC60.063: [ParNew: 37566K->4158K(37568K), 0.0021030 secs] 434802K->402153K(758420K), 0.0021470 secs] [Times: user=0.01 sys=0.00, real=0.00 secs] 
60.065: Total time for which application threads were stopped: 0.0038810 seconds, Stopping threads took: 0.0016680 seconds
60.095: Application time: 0.0296690 seconds
60.097: [GC60.097: [ParNew: 37566K->4159K(37568K), 0.0020830 secs] 435561K->402866K(758420K), 0.0021260 secs] [Times: user=0.01 sys=0.00, real=0.00 secs] 
60.099: Total time for which application threads were stopped: 0.0038550 seconds, Stopping threads took: 0.0016650 seconds
60.128: Application time: 0.0295720 seconds
60.130: [GC60.130: [ParNew: 37567K->4159K(37568K), 0.0023710 secs] 436274K->404796K(758420K), 0.0024170 secs] [Times: user=0.01 sys=0.00, real=0.00 secs] 
60.132: Total time for which application threads were stopped: 0.0042620 seconds, Stopping threads took: 0.0017840 seconds
60.162: Application time: 0.0290280 seconds
60.163: [GC60.163: [ParNew: 37567K->4159K(37568K), 0.0023530 secs] 438204K->406212K(758420K), 0.0023980 secs] [Times: user=0.01 sys=0.00, real=0.00 secs] 
60.165: Total time for which application threads were stopped: 0.0038090 seconds, Stopping threads took: 0.0013240 seconds
60.196: Application time: 0.0301870 seconds
60.198: [GC60.198: [ParNew: 37566K->4158K(37568K), 0.0024540 secs] 439620K->408109K(758420K), 0.0025030 secs] [Times: user=0.02 sys=0.00, real=0.00 secs] 
60.201: Total time for which application threads were stopped: 0.0051530 seconds, Stopping threads took: 0.0025870 seconds
60.230: Application time: 0.0296700 seconds
60.232: [GC60.232: [ParNew: 37566K->4159K(37568K), 0.0020760 secs] 441517K->408857K(758420K), 0.0021190 secs] [Times: user=0.02 sys=0.00, real=0.00 secs] 
60.234: Total time for which application threads were stopped: 0.0038060 seconds, Stopping threads took: 0.0016240 seconds
60.263: Application time: 0.0291160 seconds
60.265: [GC60.265: [ParNew: 37567K->4159K(37568K), 0.0028570 secs] 442265K->411422K(758420K), 0.0028980 secs] [Times: user=0.02 sys=0.00, real=0.01 secs] 
60.268: Total time for which application threads were stopped: 0.0043570 seconds, Stopping threads took: 0.0013940 seconds
60.297: Application time: 0.0296210 seconds
60.299: [GC60.299: [ParNew: 37567K->4159K(37568K), 0.0023220 secs] 444830K->412872K(758420K), 0.0023680 secs] [Times: user=0.02 sys=0.00, real=0.00 secs] 
60.301: Total time for which application threads were stopped: 0.0040350 seconds, Stopping threads took: 0.0016010 seconds
60.331: Application time: 0.0300960 seconds
60.332: [GC60.332: [ParNew: 37567K->4158K(37568K), 0.0020980 secs] 446280K->413721K(758420K), 0.0021410 secs] [Times: user=0.01 sys=0.00, real=0.00 secs] 
60.334: Total time for which application threads were stopped: 0.0024330 seconds, Stopping threads took: 0.0002290 seconds
60.363: Application time: 0.0295380 seconds
60.365: [GC60.365: [ParNew: 37566K->4158K(37568K), 0.0027540 secs] 447129K->416844K(758420K), 0.0028050 secs] [Times: user=0.02 sys=0.00, real=0.01 secs] 
60.368: Total time for which application threads were stopped: 0.0048090 seconds, Stopping threads took: 0.0019320 seconds
60.397: Application time: 0.0291890 seconds
60.400: [GC60.400: [ParNew: 37566K->4158K(37568K), 0.0027870 secs] 450252K->419927K(758420K), 0.0028310 secs] [Times: user=0.02 sys=0.00, real=0.00 secs] 
60.403: Total time for which application threads were stopped: 0.0054310 seconds, Stopping threads took: 0.0025360 seconds
60.433: Application time: 0.0299620 seconds
60.435: [GC60.435: [ParNew: 37566K->4158K(37568K), 0.0022410 secs] 453335K->421347K(758420K), 0.0022870 secs] [Times: user=0.02 sys=0.00, real=0.00 secs] 
60.437: Total time for which application threads were stopped: 0.0046260 seconds, Stopping threads took: 0.0022760 seconds
60.467: Application time: 0.0291050 seconds
60.468: [GC60.468: [ParNew: 37566K->4159K(37568K), 0.0022290 secs] 454755K->422654K(758420K), 0.0022700 secs] [Times: user=0.02 sys=0.00, real=0.00 secs] 
60.470: Total time for which application threads were stopped: 0.0039120 seconds, Stopping threads took: 0.0015560 seconds
60.500: Application time: 0.0290970 seconds
60.501: [GC60.501: [ParNew: 37567K->4158K(37568K), 0.0023930 secs] 456062K->424371K(758420K), 0.0024350 secs] [Times: user=0.02 sys=0.00, real=0.00 secs] 
60.503: Total time for which application threads were stopped: 0.0039640 seconds, Stopping threads took: 0.0014630 seconds
60.532: Application time: 0.0288300 seconds
60.535: [GC60.535: [ParNew: 37566K->4159K(37568K), 0.0026410 secs] 457779K->426839K(758420K), 0.0026840 secs] [Times: user=0.02 sys=0.00, real=0.00 secs] 
60.537: Total time for which application threads were stopped: 0.0049970 seconds, Stopping threads took: 0.0022240 seconds
60.566: Application time: 0.0289370 seconds
60.568: [GC60.568: [ParNew: 37567K->4158K(37568K), 0.0028830 secs] 460247K->430128K(758420K), 0.0029270 secs] [Times: user=0.02 sys=0.00, real=0.00 secs] 
60.570: Total time for which application threads were stopped: 0.0041990 seconds, Stopping threads took: 0.0012070 seconds
60.600: Application time: 0.0295430 seconds
60.601: [GC60.601: [ParNew: 37566K->4158K(37568K), 0.0025220 secs] 463536K->432255K(758420K), 0.0025640 secs] [Times: user=0.01 sys=0.00, real=0.00 secs] 
60.604: Total time for which application threads were stopped: 0.0037590 seconds, Stopping threads took: 0.0011080 seconds
60.633: Application time: 0.0291840 seconds
60.634: [GC60.634: [ParNew: 37566K->4158K(37568K), 0.0027300 secs] 465663K->435181K(758420K), 0.0027760 secs] [Times: user=0.02 sys=0.00, real=0.01 secs] 
60.637: Total time for which application threads were stopped: 0.0041980 seconds, Stopping threads took: 0.0013580 seconds
60.666: Application time: 0.0292150 seconds
60.669: [GC60.669: [ParNew: 37566K->4158K(37568K), 0.0024370 secs] 468589K->437060K(758420K), 0.0024800 secs] [Times: user=0.02 sys=0.00, real=0.00 secs] 
60.671: Total time for which application threads were stopped: 0.0047640 seconds, Stopping threads took: 0.0022190 seconds
60.698: Application time: 0.0271640 seconds
60.701: [GC60.701: [ParNew: 37565K->4158K(37568K), 0.0030780 secs] 470467K->440777K(758420K), 0.0031200 secs] [Times: user=0.02 sys=0.00, real=0.00 secs] 
60.704: Total time for which application threads were stopped: 0.0057430 seconds, Stopping threads took: 0.0025590 seconds
60.735: Application time: 0.0304800 seconds
60.737: [GC60.737: [ParNew: 37566K->4159K(37568K), 0.0027740 secs] 474185K->443515K(758420K), 0.0028170 secs] [Times: user=0.02 sys=0.00, real=0.00 secs] 
60.740: Total time for which application threads were stopped: 0.0054760 seconds, Stopping threads took: 0.0025930 seconds
60.768: Application time: 0.0281850 seconds
60.770: [GC60.770: [ParNew: 37566K->4158K(37568K), 0.0026070 secs] 476922K->445660K(758420K), 0.0026520 secs] [Times: user=0.02 sys=0.00, real=0.00 secs] 
60.773: Total time for which application threads were stopped: 0.0044220 seconds, Stopping threads took: 0.0017050 seconds
60.802: Application time: 0.0295250 seconds
60.804: [GC60.804: [ParNew: 37566K->4158K(37568K), 0.0026250 secs] 479068K->448151K(758420K), 0.0026800 secs] [Times: user=0.01 sys=0.00, real=0.01 secs] 
60.807: Total time for which application threads were stopped: 0.0050090 seconds, Stopping threads took: 0.0022640 seconds
60.837: Application time: 0.0297940 seconds
60.840: [GC60.840: [ParNew: 37566K->4158K(37568K), 0.0026010 secs] 481559K->450360K(758420K), 0.0026410 secs] [Times: user=0.01 sys=0.00, real=0.00 secs] 
60.843: Total time for which application threads were stopped: 0.0057220 seconds, Stopping threads took: 0.0030180 seconds
60.872: Application time: 0.0298150 seconds
60.874: [GC60.874: [ParNew: 37565K->4158K(37568K), 0.0021430 secs] 483768K->450567K(758420K), 0.0021860 secs] [Times: user=0.01 sys=0.00, real=0.01 secs] 
60.876: Total time for which application threads were stopped: 0.0038100 seconds, Stopping threads took: 0.0015500 seconds
60.906: Application time: 0.0295570 seconds
60.908: [GC60.908: [ParNew: 37566K->4158K(37568K), 0.0025030 secs] 483975K->451764K(758420K), 0.0025470 secs] [Times: user=0.02 sys=0.00, real=0.00 secs] 
60.910: Total time for which application threads were stopped: 0.0046370 seconds, Stopping threads took: 0.0020050 seconds
60.940: Application time: 0.0298380 seconds
60.942: [GC60.942: [ParNew: 37566K->4159K(37568K), 0.0019680 secs] 485172K->451911K(758420K), 0.0020130 secs] [Times: user=0.01 sys=0.00, real=0.00 secs] 
60.944: Total time for which application threads were stopped: 0.0036420 seconds, Stopping threads took: 0.0015420 seconds
60.973: Application time: 0.0287960 seconds
60.975: [GC60.975: [ParNew: 37567K->4158K(37568K), 0.0026340 secs] 485319K->454143K(758420K), 0.0026780 secs] [Times: user=0.02 sys=0.00, real=0.00 secs] 
60.977: Total time for which application threads were stopped: 0.0045190 seconds, Stopping threads took: 0.0017690 seconds
61.007: Application time: 0.0295480 seconds
61.009: [GC61.009: [ParNew: 37566K->4159K(37568K), 0.0023400 secs] 487551K->455780K(758420K), 0.0023850 secs] [Times: user=0.02 sys=0.00, real=0.00 secs] 
61.011: Total time for which application threads were stopped: 0.0043480 seconds, Stopping threads took: 0.0018990 seconds
61.041: Application time: 0.0301150 seconds
61.043: [GC61.043: [ParNew: 37567K->4159K(37568K), 0.0022850 secs] 489188K->456924K(758420K), 0.0023320 secs] [Times: user=0.02 sys=0.00, real=0.00 secs] 
61.045: Total time for which application threads were stopped: 0.0038770 seconds, Stopping threads took: 0.0014800 seconds
61.075: Application time: 0.0299090 seconds
61.079: [GC61.079: [ParNew: 37567K->4159K(37568K), 0.0023060 secs] 490332K->458368K(758420K), 0.0023500 secs] [Times: user=0.02 sys=0.00, real=0.00 secs] 
61.081: Total time for which application threads were stopped: 0.0059460 seconds, Stopping threads took: 0.0035330 seconds
61.109: Application time: 0.0280450 seconds
61.112: [GC61.112: [ParNew: 37567K->4159K(37568K), 0.0027780 secs] 491776K->461289K(758420K), 0.0028210 secs] [Times: user=0.03 sys=0.00, real=0.01 secs] 
61.115: Total time for which application threads were stopped: 0.0056450 seconds, Stopping threads took: 0.0027580 seconds
61.144: Application time: 0.0287870 seconds
61.145: [GC61.145: [ParNew: 37567K->4159K(37568K), 0.0031770 secs] 494697K->465018K(758420K), 0.0032230 secs] [Times: user=0.02 sys=0.00, real=0.01 secs] 
61.149: Total time for which application threads were stopped: 0.0051040 seconds, Stopping threads took: 0.0018120 seconds
61.180: Application time: 0.0317720 seconds
61.181: [GC61.181: [ParNew: 37567K->4159K(37568K), 0.0020920 secs] 498426K->465630K(758420K), 0.0021370 secs] [Times: user=0.02 sys=0.00, real=0.00 secs] 
61.183: Total time for which application threads were stopped: 0.0029540 seconds, Stopping threads took: 0.0007590 seconds
61.213: Application time: 0.0299550 seconds
61.216: [GC61.216: [ParNew: 37567K->4158K(37568K), 0.0026420 secs] 499038K->468151K(758420K), 0.0026870 secs] [Times: user=0.02 sys=0.00, real=0.00 secs] 
61.218: Total time for which application threads were stopped: 0.0050530 seconds, Stopping threads took: 0.0022690 seconds
61.248: Application time: 0.0300150 seconds
61.251: [GC61.251: [ParNew: 37566K->4159K(37568K), 0.0026850 secs] 501559K->470619K(758420K), 0.0027280 secs] [Times: user=0.02 sys=0.00, real=0.00 secs] 
61.253: Total time for which application threads were stopped: 0.0048970 seconds, Stopping threads took: 0.0021020 seconds
61.285: Application time: 0.0312950 seconds
61.287: [GC61.287: [ParNew: 37566K->4159K(37568K), 0.0022250 secs] 504026K->472029K(758420K), 0.0022710 secs] [Times: user=0.01 sys=0.01, real=0.00 secs] 
61.289: Total time for which application threads were stopped: 0.0043330 seconds, Stopping threads took: 0.0019960 seconds
61.321: Application time: 0.0315690 seconds
61.324: [GC61.324: [ParNew: 37567K->4159K(37568K), 0.0023010 secs] 505437K->473226K(758420K), 0.0023460 secs] [Times: user=0.01 sys=0.00, real=0.00 secs] 
61.326: Total time for which application threads were stopped: 0.0056760 seconds, Stopping threads took: 0.0032640 seconds
61.358: Application time: 0.0313160 seconds
61.360: [GC61.360: [ParNew: 37567K->4159K(37568K), 0.0023000 secs] 506634K->474386K(758420K), 0.0023410 secs] [Times: user=0.01 sys=0.00, real=0.00 secs] 
61.363: Total time for which application threads were stopped: 0.0051050 seconds, Stopping threads took: 0.0026890 seconds
61.394: Application time: 0.0317340 seconds
61.397: [GC61.397: [ParNew: 37567K->4159K(37568K), 0.0024080 secs] 507794K->476263K(758420K), 0.0024520 secs] [Times: user=0.02 sys=0.00, real=0.00 secs] 
61.399: Total time for which application threads were stopped: 0.0051160 seconds, Stopping threads took: 0.0025660 seconds
61.431: Application time: 0.0313750 seconds
61.432: [GC61.432: [ParNew: 37567K->4158K(37568K), 0.0026890 secs] 509671K->478518K(758420K), 0.0027360 secs] [Times: user=0.02 sys=0.00, real=0.01 secs] 
61.435: Total time for which application threads were stopped: 0.0043300 seconds, Stopping threads took: 0.0015340 seconds
61.467: Application time: 0.0319110 seconds
61.471: [GC61.471: [ParNew: 37566K->4159K(37568K), 0.0024850 secs] 511926K->480247K(758420K), 0.0025290 secs] [Times: user=0.02 sys=0.00, real=0.00 secs] 
61.473: Total time for which application threads were stopped: 0.0062170 seconds, Stopping threads took: 0.0036200 seconds
61.505: Application time: 0.0320480 seconds
61.508: [GC61.508: [ParNew: 37567K->4159K(37568K), 0.0021340 secs] 513655K->480907K(758420K), 0.0021790 secs] [Times: user=0.01 sys=0.00, real=0.00 secs] 
61.510: Total time for which application threads were stopped: 0.0044690 seconds, Stopping threads took: 0.0022220 seconds
61.540: Application time: 0.0306100 seconds
61.542: [GC61.542: [ParNew: 37567K->4158K(37568K), 0.0025380 secs] 514315K->483030K(758420K), 0.0025840 secs] [Times: user=0.01 sys=0.00, real=0.00 secs] 
61.545: Total time for which application threads were stopped: 0.0045180 seconds, Stopping threads took: 0.0018440 seconds
61.577: Application time: 0.0316800 seconds
61.579: [GC61.579: [ParNew: 37566K->4158K(37568K), 0.0024920 secs] 516438K->485051K(758420K), 0.0025370 secs] [Times: user=0.02 sys=0.00, real=0.00 secs] 
61.581: Total time for which application threads were stopped: 0.0047150 seconds, Stopping threads took: 0.0021120 seconds
61.612: Application time: 0.0305080 seconds
61.615: [GC61.615: [ParNew: 37564K->4158K(37568K), 0.0025960 secs] 518457K->487433K(758420K), 0.0026410 secs] [Times: user=0.02 sys=0.00, real=0.00 secs] 
61.618: Total time for which application threads were stopped: 0.0058790 seconds, Stopping threads took: 0.0031620 seconds
61.650: Application time: 0.0318900 seconds
61.652: [GC61.652: [ParNew: 37566K->3381K(37568K), 0.0016390 secs] 520841K->486657K(758420K), 0.0016840 secs] [Times: user=0.01 sys=0.00, real=0.00 secs] 
61.653: Total time for which application threads were stopped: 0.0036760 seconds, Stopping threads took: 0.0019040 seconds
61.685: Application time: 0.0315670 seconds
61.688: [GC61.688: [ParNew: 36789K->4159K(37568K), 0.0027290 secs] 520065K->490468K(758420K), 0.0027810 secs] [Times: user=0.02 sys=0.01, real=0.00 secs] 
61.691: Total time for which application threads were stopped: 0.0057980 seconds, Stopping threads took: 0.0029500 seconds
61.723: Application time: 0.0320960 seconds
61.724: [GC61.724: [ParNew: 37567K->4159K(37568K), 0.0021800 secs] 523876K->491346K(758420K), 0.0022250 secs] [Times: user=0.01 sys=0.00, real=0.01 secs] 
61.727: Total time for which application threads were stopped: 0.0039160 seconds, Stopping threads took: 0.0016230 seconds
61.759: Application time: 0.0317950 seconds
61.761: [GC61.761: [ParNew: 37567K->4158K(37568K), 0.0021290 secs] 524754K->492256K(758420K), 0.0021730 secs] [Times: user=0.02 sys=0.00, real=0.00 secs] 
61.763: Total time for which application threads were stopped: 0.0048880 seconds, Stopping threads took: 0.0026510 seconds
61.795: Application time: 0.0313640 seconds
61.796: [GC61.796: [ParNew: 37566K->4158K(37568K), 0.0024480 secs] 525664K->494133K(758420K), 0.0024930 secs] [Times: user=0.02 sys=0.00, real=0.00 secs] 
61.799: Total time for which application threads were stopped: 0.0040940 seconds, Stopping threads took: 0.0015340 seconds
61.832: Application time: 0.0328070 seconds
61.834: [GC61.834: [ParNew: 37564K->4159K(37568K), 0.0023930 secs] 527539K->495925K(758420K), 0.0024390 secs] [Times: user=0.01 sys=0.00, real=0.01 secs] 
61.836: Total time for which application threads were stopped: 0.0047850 seconds, Stopping threads took: 0.0022850 seconds
61.867: Application time: 0.0300820 seconds
61.869: [GC61.869: [ParNew: 37567K->4159K(37568K), 0.0027600 secs] 529333K->498642K(758420K), 0.0028050 secs] [Times: user=0.02 sys=0.00, real=0.00 secs] 
61.872: Total time for which application threads were stopped: 0.0051360 seconds, Stopping threads took: 0.0022640 seconds
61.903: Application time: 0.0308540 seconds
61.904: [GC61.904: [ParNew: 37565K->4159K(37568K), 0.0025640 secs] 532048K->500513K(758420K), 0.0026120 secs] [Times: user=0.02 sys=0.00, real=0.01 secs] 
61.907: Total time for which application threads were stopped: 0.0041270 seconds, Stopping threads took: 0.0014370 seconds
61.938: Application time: 0.0316430 seconds
61.941: [GC61.941: [ParNew: 37567K->4158K(37568K), 0.0029100 secs] 533921K->503707K(758420K), 0.0029560 secs] [Times: user=0.02 sys=0.00, real=0.00 secs] 
61.944: Total time for which application threads were stopped: 0.0054400 seconds, Stopping threads took: 0.0024160 seconds
61.976: Application time: 0.0327200 seconds
61.978: [GC61.978: [ParNew: 37566K->4158K(37568K), 0.0020350 secs] 537115K->504234K(758420K), 0.0020780 secs] [Times: user=0.02 sys=0.00, real=0.00 secs] 
61.980: Total time for which application threads were stopped: 0.0036500 seconds, Stopping threads took: 0.0015060 seconds
62.011: Application time: 0.0307620 seconds
62.012: [GC62.012: [ParNew: 37566K->4158K(37568K), 0.0024110 secs] 537642K->506102K(758420K), 0.0024550 secs] [Times: user=0.02 sys=0.00, real=0.01 secs] 
62.015: Total time for which application threads were stopped: 0.0039060 seconds, Stopping threads took: 0.0013860 seconds
62.045: Application time: 0.0305880 seconds
62.048: [GC62.048: [ParNew: 37566K->4158K(37568K), 0.0027250 secs] 539510K->508943K(758420K), 0.0027690 secs] [Times: user=0.02 sys=0.00, real=0.00 secs] 
62.051: Total time for which application threads were stopped: 0.0054830 seconds, Stopping threads took: 0.0026490 seconds
62.083: Application time: 0.0322530 seconds
62.086: [GC62.086: [ParNew: 37566K->4158K(37568K), 0.0024070 secs] 542351K->510764K(758420K), 0.0024520 secs] [Times: user=0.02 sys=0.00, real=0.01 secs] 
62.089: Total time for which application threads were stopped: 0.0055740 seconds, Stopping threads took: 0.0030530 seconds
62.120: Application time: 0.0307940 seconds
62.121: [GC62.121: [ParNew: 37566K->4158K(37568K), 0.0024790 secs] 544172K->512469K(758420K), 0.0025270 secs] [Times: user=0.02 sys=0.00, real=0.00 secs] 
62.124: Total time for which application threads were stopped: 0.0043200 seconds, Stopping threads took: 0.0017270 seconds
62.155: Application time: 0.0312910 seconds
62.157: [GC62.157: [ParNew: 37566K->4158K(37568K), 0.0027040 secs] 545877K->515037K(758420K), 0.0027580 secs] [Times: user=0.02 sys=0.00, real=0.00 secs] 
62.160: Total time for which application threads were stopped: 0.0049230 seconds, Stopping threads took: 0.0021000 seconds
62.191: Application time: 0.0314100 seconds
62.193: [GC62.193: [ParNew: 37566K->4158K(37568K), 0.0027560 secs] 548445K->517510K(758420K), 0.0028030 secs] [Times: user=0.02 sys=0.00, real=0.01 secs] 
62.196: Total time for which application threads were stopped: 0.0048200 seconds, Stopping threads took: 0.0019270 seconds
62.228: Application time: 0.0319740 seconds
62.230: [GC62.230: [ParNew: 37566K->4158K(37568K), 0.0022770 secs] 550918K->518748K(758420K), 0.0023220 secs] [Times: user=0.02 sys=0.00, real=0.00 secs] 
62.232: Total time for which application threads were stopped: 0.0040660 seconds, Stopping threads took: 0.0016540 seconds
62.263: Application time: 0.0307730 seconds
62.266: [GC62.266: [ParNew: 37566K->4158K(37568K), 0.0022980 secs] 552155K->519874K(758420K), 0.0023410 secs] [Times: user=0.01 sys=0.00, real=0.01 secs] 
62.268: Total time for which application threads were stopped: 0.0047650 seconds, Stopping threads took: 0.0023580 seconds
62.299: Application time: 0.0315890 seconds
62.301: [GC62.301: [ParNew: 37566K->4158K(37568K), 0.0026980 secs] 553282K->522314K(758420K), 0.0027440 secs] [Times: user=0.02 sys=0.00, real=0.00 secs] 
62.304: Total time for which application threads were stopped: 0.0043040 seconds, Stopping threads took: 0.0014940 seconds
62.336: Application time: 0.0318230 seconds
62.338: [GC62.338: [ParNew: 37564K->4159K(37568K), 0.0024460 secs] 555720K->524291K(758420K), 0.0024920 secs] [Times: user=0.02 sys=0.00, real=0.00 secs] 
62.340: Total time for which application threads were stopped: 0.0047850 seconds, Stopping threads took: 0.0022270 seconds
62.372: Application time: 0.0320370 seconds
62.375: [GC62.375: [ParNew: 37567K->4159K(37568K), 0.0027600 secs] 557699K->527128K(758420K), 0.0028050 secs] [Times: user=0.02 sys=0.00, real=0.01 secs] 
62.377: Total time for which application threads were stopped: 0.0049610 seconds, Stopping threads took: 0.0020880 seconds
62.409: Application time: 0.0313180 seconds
62.412: [GC62.412: [ParNew: 37567K->4158K(37568K), 0.0026560 secs] 560536K->529421K(758420K), 0.0027010 secs] [Times: user=0.01 sys=0.00, real=0.01 secs] 
62.415: Total time for which application threads were stopped: 0.0062750 seconds, Stopping threads took: 0.0034960 seconds
62.446: Application time: 0.0313750 seconds
62.449: [GC62.449: [ParNew: 37566K->4159K(37568K), 0.0025680 secs] 562829K->531570K(758420K), 0.0026120 secs] [Times: user=0.02 sys=0.00, real=0.00 secs] 
62.452: Total time for which application threads were stopped: 0.0057020 seconds, Stopping threads took: 0.0030230 seconds
62.484: Application time: 0.0317170 seconds
62.484: [GC62.484: [ParNew: 37567K->4159K(37568K), 0.0022800 secs] 564978K->532494K(758420K), 0.0023270 secs] [Times: user=0.01 sys=0.00, real=0.01 secs] 
62.487: Total time for which application threads were stopped: 0.0029310 seconds, Stopping threads took: 0.0005160 seconds
62.517: Application time: 0.0305160 seconds
62.519: [GC62.519: [ParNew: 37567K->4159K(37568K), 0.0026020 secs] 565902K->534715K(758420K), 0.0026460 secs] [Times: user=0.02 sys=0.00, real=0.00 secs] 
62.522: Total time for which application threads were stopped: 0.0047670 seconds, Stopping threads took: 0.0020320 seconds
62.554: Application time: 0.0318920 seconds
62.557: [GC62.557: [ParNew: 37567K->4159K(37568K), 0.0027650 secs] 568123K->536902K(758420K), 0.0028090 secs] [Times: user=0.02 sys=0.00, real=0.00 secs] 
62.560: Total time for which application threads were stopped: 0.0060910 seconds, Stopping threads took: 0.0032170 seconds
62.591: Application time: 0.0313570 seconds
62.594: [GC62.594: [ParNew: 37567K->4158K(37568K), 0.0026770 secs] 570310K->539026K(758420K), 0.0027190 secs] [Times: user=0.02 sys=0.00, real=0.01 secs] 
62.597: Total time for which application threads were stopped: 0.0052530 seconds, Stopping threads took: 0.0024480 seconds
62.628: Application time: 0.0311530 seconds
62.629: [GC62.629: [ParNew: 37566K->4159K(37568K), 0.0020470 secs] 572434K->539570K(758420K), 0.0020900 secs] [Times: user=0.02 sys=0.00, real=0.00 secs] 
62.631: Total time for which application threads were stopped: 0.0036400 seconds, Stopping threads took: 0.0014830 seconds
62.663: Application time: 0.0319330 seconds
62.665: [GC62.665: [ParNew: 37567K->4159K(37568K), 0.0028180 secs] 572978K->542418K(758420K), 0.0028630 secs] [Times: user=0.02 sys=0.00, real=0.01 secs] 
62.668: Total time for which application threads were stopped: 0.0047740 seconds, Stopping threads took: 0.0018430 seconds
62.699: Application time: 0.0310680 seconds
62.702: [GC62.702: [ParNew: 37566K->4159K(37568K), 0.0023500 secs] 575825K->544217K(758420K), 0.0023940 secs] [Times: user=0.02 sys=0.00, real=0.00 secs] 
62.704: Total time for which application threads were stopped: 0.0047800 seconds, Stopping threads took: 0.0023180 seconds
62.736: Application time: 0.0318240 seconds
62.739: [GC62.739: [ParNew: 37566K->4158K(37568K), 0.0024630 secs] 577625K->545957K(758420K), 0.0025060 secs] [Times: user=0.01 sys=0.00, real=0.00 secs] 
62.741: Total time for which application threads were stopped: 0.0054050 seconds, Stopping threads took: 0.0028380 seconds
62.772: Application time: 0.0311850 seconds
62.774: [GC62.774: [ParNew: 37566K->4158K(37568K), 0.0031700 secs] 579365K->549403K(758420K), 0.0032140 secs] [Times: user=0.02 sys=0.00, real=0.01 secs] 
62.778: Total time for which application threads were stopped: 0.0051820 seconds, Stopping threads took: 0.0019000 seconds
62.809: Application time: 0.0314320 seconds
62.812: [GC62.812: [ParNew: 37566K->4158K(37568K), 0.0027820 secs] 582811K->551773K(758420K), 0.0028240 secs] [Times: user=0.02 sys=0.00, real=0.01 secs] 
62.815: Total time for which application threads were stopped: 0.0057570 seconds, Stopping threads took: 0.0028580 seconds
62.846: Application time: 0.0308600 seconds
62.847: [GC62.847: [ParNew: 37566K->4158K(37568K), 0.0026580 secs] 585181K->553869K(758420K), 0.0027010 secs] [Times: user=0.02 sys=0.00, real=0.00 secs] 
62.850: Total time for which application threads were stopped: 0.0042840 seconds, Stopping threads took: 0.0015150 seconds
62.882: Application time: 0.0322570 seconds
62.884: [GC62.884: [ParNew: 37566K->4159K(37568K), 0.0023150 secs] 587277K->554788K(758420K), 0.0023550 secs] [Times: user=0.02 sys=0.00, real=0.00 secs] 
62.886: Total time for which application threads were stopped: 0.0038130 seconds, Stopping threads took: 0.0013670 seconds
62.918: Application time: 0.0316800 seconds
62.919: [GC62.919: [ParNew: 37566K->4158K(37568K), 0.0019960 secs] 588195K->555125K(758420K), 0.0020400 secs] [Times: user=0.02 sys=0.00, real=0.00 secs] 
62.921: Total time for which application threads were stopped: 0.0037900 seconds, Stopping threads took: 0.0016750 seconds
62.953: Application time: 0.0317810 seconds
62.955: [GC62.955: [ParNew: 37566K->4159K(37568K), 0.0027050 secs] 588533K->557820K(758420K), 0.0027500 secs] [Times: user=0.02 sys=0.00, real=0.00 secs] 
62.958: Total time for which application threads were stopped: 0.0047200 seconds, Stopping threads took: 0.0019030 seconds
62.990: Application time: 0.0317100 seconds
62.991: [GC62.991: [ParNew: 37567K->4158K(37568K), 0.0025820 secs] 591228K->559916K(758420K), 0.0026250 secs] [Times: user=0.02 sys=0.00, real=0.00 secs] 
62.994: Total time for which application threads were stopped: 0.0040230 seconds, Stopping threads took: 0.0013220 seconds
63.025: Application time: 0.0310890 seconds
63.027: [GC63.027: [ParNew: 37566K->4159K(37568K), 0.0021600 secs] 593324K->560819K(758420K), 0.0022040 secs] [Times: user=0.02 sys=0.00, real=0.00 secs] 
63.029: Total time for which application threads were stopped: 0.0046130 seconds, Stopping threads took: 0.0023440 seconds
63.060: Application time: 0.0306070 seconds
63.062: [GC63.062: [ParNew: 37566K->4159K(37568K), 0.0025870 secs] 594226K->563103K(758420K), 0.0026410 secs] [Times: user=0.02 sys=0.00, real=0.00 secs] 
63.065: Total time for which application threads were stopped: 0.0046090 seconds, Stopping threads took: 0.0019010 seconds
63.097: Application time: 0.0321920 seconds
63.099: [GC63.099: [ParNew: 37567K->4159K(37568K), 0.0030320 secs] 596511K->566312K(758420K), 0.0030760 secs] [Times: user=0.01 sys=0.00, real=0.00 secs] 
63.102: Total time for which application threads were stopped: 0.0050090 seconds, Stopping threads took: 0.0018650 seconds
63.133: Application time: 0.0312920 seconds
63.136: [GC63.136: [ParNew: 37567K->4158K(37568K), 0.0029680 secs] 599720K->569477K(758420K), 0.0030130 secs] [Times: user=0.02 sys=0.00, real=0.00 secs] 
63.139: Total time for which application threads were stopped: 0.0056070 seconds, Stopping threads took: 0.0025280 seconds
63.170: Application time: 0.0311700 seconds
63.172: [GC63.172: [ParNew: 37566K->4159K(37568K), 0.0025720 secs] 602885K->571508K(758420K), 0.0026160 secs] [Times: user=0.01 sys=0.00, real=0.00 secs] 
63.175: Total time for which application threads were stopped: 0.0046960 seconds, Stopping threads took: 0.0020050 seconds
63.204: Application time: 0.0297160 seconds
63.206: [GC63.206: [ParNew: 37567K->4158K(37568K), 0.0029790 secs] 604916K->574403K(758420K), 0.0030230 secs] [Times: user=0.02 sys=0.00, real=0.01 secs] 
63.209: Total time for which application threads were stopped: 0.0046100 seconds, Stopping threads took: 0.0015200 seconds
63.241: Application time: 0.0323390 seconds
63.243: [GC63.243: [ParNew: 37566K->4158K(37568K), 0.0027170 secs] 607811K->576749K(758420K), 0.0027620 secs] [Times: user=0.02 sys=0.00, real=0.00 secs] 
63.246: Total time for which application threads were stopped: 0.0045890 seconds, Stopping threads took: 0.0017400 seconds
63.276: Application time: 0.0303080 seconds
63.278: [GC63.278: [ParNew: 37566K->4158K(37568K), 0.0027920 secs] 610157K->579493K(758420K), 0.0028370 secs] [Times: user=0.02 sys=0.00, real=0.00 secs] 
63.281: Total time for which application threads were stopped: 0.0047040 seconds, Stopping threads took: 0.0018000 seconds
63.312: Application time: 0.0314410 seconds
63.314: [GC63.314: [ParNew: 37566K->4158K(37568K), 0.0027300 secs] 612901K->582031K(758420K), 0.0027760 secs] [Times: user=0.02 sys=0.00, real=0.01 secs] 
63.317: Total time for which application threads were stopped: 0.0043790 seconds, Stopping threads took: 0.0015340 seconds
63.347: Application time: 0.0299400 seconds
63.349: [GC63.349: [ParNew: 37564K->4159K(37568K), 0.0030340 secs] 615437K->585416K(758420K), 0.0030770 secs] [Times: user=0.02 sys=0.00, real=0.00 secs] 
63.352: Total time for which application threads were stopped: 0.0055770 seconds, Stopping threads took: 0.0024130 seconds
63.384: Application time: 0.0320270 seconds
63.387: [GC63.387: [ParNew: 37567K->4159K(37568K), 0.0026080 secs] 618824K->587802K(758420K), 0.0026530 secs] [Times: user=0.01 sys=0.01, real=0.00 secs] 
63.390: Total time for which application threads were stopped: 0.0057360 seconds, Stopping threads took: 0.0029950 seconds
63.421: Application time: 0.0308510 seconds
63.423: [GC63.423: [ParNew: 37565K->4158K(37568K), 0.0028080 secs] 621209K->590584K(758420K), 0.0028530 secs] [Times: user=0.02 sys=0.00, real=0.00 secs] 
63.425: Total time for which application threads were stopped: 0.0045830 seconds, Stopping threads took: 0.0016530 seconds
63.458: Application time: 0.0321840 seconds
63.460: [GC63.460: [ParNew: 37566K->4158K(37568K), 0.0023700 secs] 623992K->591780K(758420K), 0.0024150 secs] [Times: user=0.02 sys=0.00, real=0.00 secs] 
63.462: Total time for which application threads were stopped: 0.0046090 seconds, Stopping threads took: 0.0021250 seconds
63.494: Application time: 0.0319940 seconds
63.495: [GC63.495: [ParNew: 37566K->4159K(37568K), 0.0022700 secs] 625188K->592939K(758420K), 0.0023150 secs] [Times: user=0.02 sys=0.00, real=0.00 secs] 
63.498: Total time for which application threads were stopped: 0.0033250 seconds, Stopping threads took: 0.0009220 seconds
 CMS: abort preclean due to time 63.500: [CMS-concurrent-abortable-preclean: 0.674/5.017 secs] [Times: user=37.60 sys=0.22, real=5.02 secs] 
63.500: Application time: 0.0027830 seconds
63.502: [GC[YG occupancy: 8612 K (37568 K)]63.502: [Rescan (parallel) , 0.0004290 secs]63.503: [weak refs processing, 0.0000080 secs]63.503: [scrub string table, 0.0001110 secs] [1 CMS-remark: 588779K(720852K)] 597392K(758420K), 0.0005760 secs] [Times: user=0.00 sys=0.00, real=0.00 secs] 
63.503: Total time for which application threads were stopped: 0.0026470 seconds, Stopping threads took: 0.0020210 seconds
63.503: [CMS-concurrent-sweep-start]
63.534: [CMS-concurrent-sweep: 0.031/0.031 secs] [Times: user=0.23 sys=0.00, real=0.03 secs] 
63.534: [CMS-concurrent-reset-start]
63.534: Application time: 0.0314010 seconds
63.537: [GC63.537: [ParNew: 37567K->4158K(37568K), 0.0026660 secs] 321527K->290659K(758420K), 0.0027030 secs] [Times: user=0.02 sys=0.00, real=0.00 secs] 
63.540: Total time for which application threads were stopped: 0.0051780 seconds, Stopping threads took: 0.0024170 seconds
63.543: [CMS-concurrent-reset: 0.003/0.008 secs] [Times: user=0.05 sys=0.00, real=0.01 secs] 
63.572: Application time: 0.0322110 seconds
63.574: [GC63.574: [ParNew: 37566K->4159K(37568K), 0.0024860 secs] 324067K->293031K(758420K), 0.0025310 secs] [Times: user=0.02 sys=0.00, real=0.01 secs] 
63.577: Total time for which application threads were stopped: 0.0050780 seconds, Stopping threads took: 0.0024810 seconds
63.606: Application time: 0.0289610 seconds
63.607: [GC63.607: [ParNew: 37567K->4159K(37568K), 0.0027930 secs] 326439K->296184K(758420K), 0.0028370 secs] [Times: user=0.02 sys=0.00, real=0.00 secs] 
63.610: Total time for which application threads were stopped: 0.0042490 seconds, Stopping threads took: 0.0013430 seconds
63.610: Application time: 0.0000770 seconds
63.612: [GC [1 CMS-initial-mark: 292024K(720852K)] 296536K(758420K), 0.0002010 secs] [Times: user=0.00 sys=0.00, real=0.00 secs] 
63.612: Total time for which application threads were stopped: 0.0021100 seconds, Stopping threads took: 0.0018870 seconds
63.612: [CMS-concurrent-mark-start]
63.623: [CMS-concurrent-mark: 0.011/0.011 secs] [Times: user=0.08 sys=0.00, real=0.01 secs] 
63.623: [CMS-concurrent-preclean-start]
63.624: [CMS-concurrent-preclean: 0.001/0.001 secs] [Times: user=0.00 sys=0.00, real=0.00 secs] 
63.624: [CMS-concurrent-abortable-preclean-start]
63.643: Application time: 0.0308110 seconds
63.646: [GC63.646: [ParNew: 37567K->4158K(37568K), 0.0027090 secs] 329592K->298845K(758420K), 0.0027520 secs] [Times: user=0.01 sys=0.00, real=0.01 secs] 
63.649: Total time for which application threads were stopped: 0.0054880 seconds, Stopping threads took: 0.0026720 seconds
63.680: Application time: 0.0310450 seconds
63.681: [GC63.681: [ParNew: 37566K->4158K(37568K), 0.0028940 secs] 332253K->301491K(758420K), 0.0029420 secs] [Times: user=0.02 sys=0.00, real=0.00 secs] 
63.684: Total time for which application threads were stopped: 0.0047930 seconds, Stopping threads took: 0.0017850 seconds
63.717: Application time: 0.0326490 seconds
63.719: [GC63.719: [ParNew: 37566K->4159K(37568K), 0.0026390 secs] 334899K->304028K(758420K), 0.0026840 secs] [Times: user=0.02 sys=0.00, real=0.00 secs] 
63.722: Total time for which application threads were stopped: 0.0044460 seconds, Stopping threads took: 0.0016940 seconds
63.753: Application time: 0.0317050 seconds
63.756: [GC63.756: [ParNew: 37567K->4159K(37568K), 0.0030390 secs] 337436K->307542K(758420K), 0.0030860 secs] [Times: user=0.02 sys=0.00, real=0.00 secs] 
63.759: Total time for which application threads were stopped: 0.0058500 seconds, Stopping threads took: 0.0026750 seconds
63.790: Application time: 0.0314190 seconds
63.793: [GC63.793: [ParNew: 37567K->4159K(37568K), 0.0026890 secs] 340950K->310039K(758420K), 0.0027340 secs] [Times: user=0.02 sys=0.00, real=0.01 secs] 
63.796: Total time for which application threads were stopped: 0.0050160 seconds, Stopping threads took: 0.0022190 seconds
63.827: Application time: 0.0319100 seconds
63.830: [GC63.830: [ParNew: 37567K->4158K(37568K), 0.0029190 secs] 343447K->313407K(758420K), 0.0029640 secs] [Times: user=0.02 sys=0.00, real=0.00 secs] 
63.833: Total time for which application threads were stopped: 0.0056610 seconds, Stopping threads took: 0.0026310 seconds
63.864: Application time: 0.0309850 seconds
63.866: [GC63.866: [ParNew: 37566K->4158K(37568K), 0.0025360 secs] 346815K->315734K(758420K), 0.0025810 secs] [Times: user=0.02 sys=0.00, real=0.01 secs] 
63.869: Total time for which application threads were stopped: 0.0048540 seconds, Stopping threads took: 0.0022030 seconds
63.899: Application time: 0.0301950 seconds
63.901: [GC63.901: [ParNew: 37566K->4159K(37568K), 0.0026880 secs] 349142K->318342K(758420K), 0.0027310 secs] [Times: user=0.02 sys=0.00, real=0.00 secs] 
63.904: Total time for which application threads were stopped: 0.0046940 seconds, Stopping threads took: 0.0018940 seconds
63.935: Application time: 0.0307930 seconds
63.936: [GC63.936: [ParNew: 37567K->4158K(37568K), 0.0023450 secs] 351750K->319849K(758420K), 0.0023890 secs] [Times: user=0.02 sys=0.00, real=0.00 secs] 
63.938: Total time for which application threads were stopped: 0.0037020 seconds, Stopping threads took: 0.0012400 seconds
63.970: Application time: 0.0316280 seconds
63.972: [GC63.972: [ParNew: 37566K->4159K(37568K), 0.0025940 secs] 353257K->322201K(758420K), 0.0026400 secs] [Times: user=0.02 sys=0.00, real=0.01 secs] 
63.975: Total time for which application threads were stopped: 0.0050140 seconds, Stopping threads took: 0.0023070 seconds
64.007: Application time: 0.0322660 seconds
64.009: [GC64.009: [ParNew: 37567K->4159K(37568K), 0.0020730 secs] 355609K->322891K(758420K), 0.0021160 secs] [Times: user=0.01 sys=0.01, real=0.00 secs] 
64.011: Total time for which application threads were stopped: 0.0037380 seconds, Stopping threads took: 0.0015580 seconds
64.043: Application time: 0.0320590 seconds
64.045: [GC64.045: [ParNew: 37567K->4158K(37568K), 0.0021160 secs] 356299K->323487K(758420K), 0.0021590 secs] [Times: user=0.01 sys=0.00, real=0.01 secs] 
64.047: Total time for which application threads were stopped: 0.0039160 seconds, Stopping threads took: 0.0016930 seconds
64.079: Application time: 0.0319380 seconds
64.082: [GC64.082: [ParNew: 37566K->4159K(37568K), 0.0021830 secs] 356895K->324441K(758420K), 0.0022250 secs] [Times: user=0.02 sys=0.00, real=0.00 secs] 
64.084: Total time for which application threads were stopped: 0.0050620 seconds, Stopping threads took: 0.0027690 seconds
64.116: Application time: 0.0323160 seconds
64.118: [GC64.118: [ParNew: 37567K->4159K(37568K), 0.0022490 secs] 357849K->325805K(758420K), 0.0022920 secs] [Times: user=0.02 sys=0.00, real=0.00 secs] 
64.120: Total time for which application threads were stopped: 0.0041120 seconds, Stopping threads took: 0.0017540 seconds
64.152: Application time: 0.0316570 seconds
64.154: [GC64.154: [ParNew: 37567K->4159K(37568K), 0.0025420 secs] 359213K->328002K(758420K), 0.0025860 secs] [Times: user=0.02 sys=0.00, real=0.01 secs] 
64.157: Total time for which application threads were stopped: 0.0044720 seconds, Stopping threads took: 0.0018180 seconds
64.188: Application time: 0.0313380 seconds
64.190: [GC64.190: [ParNew: 37566K->4158K(37568K), 0.0021820 secs] 361410K->329106K(758420K), 0.0022240 secs] [Times: user=0.01 sys=0.00, real=0.00 secs] 
64.192: Total time for which application threads were stopped: 0.0044020 seconds, Stopping threads took: 0.0021130 seconds
64.224: Application time: 0.0321000 seconds
64.227: [GC64.227: [ParNew: 37566K->4158K(37568K), 0.0021920 secs] 362514K->330034K(758420K), 0.0022360 secs] [Times: user=0.02 sys=0.00, real=0.00 secs] 
64.229: Total time for which application threads were stopped: 0.0045890 seconds, Stopping threads took: 0.0022870 seconds
64.260: Application time: 0.0311440 seconds
64.262: [GC64.262: [ParNew: 37566K->4158K(37568K), 0.0024690 secs] 363442K->332253K(758420K), 0.0025130 secs] [Times: user=0.02 sys=0.00, real=0.00 secs] 
64.265: Total time for which application threads were stopped: 0.0046630 seconds, Stopping threads took: 0.0020820 seconds
64.296: Application time: 0.0307490 seconds
64.297: [GC64.297: [ParNew: 37566K->4158K(37568K), 0.0025670 secs] 365661K->334775K(758420K), 0.0026210 secs] [Times: user=0.02 sys=0.00, real=0.00 secs] 
64.300: Total time for which application threads were stopped: 0.0043400 seconds, Stopping threads took: 0.0016510 seconds
64.332: Application time: 0.0320980 seconds
64.335: [GC64.335: [ParNew: 37566K->4159K(37568K), 0.0022470 secs] 368183K->336371K(758420K), 0.0022930 secs] [Times: user=0.01 sys=0.00, real=0.00 secs] 
64.337: Total time for which application threads were stopped: 0.0054530 seconds, Stopping threads took: 0.0030930 seconds
64.369: Application time: 0.0312540 seconds
64.371: [GC64.371: [ParNew: 37567K->4158K(37568K), 0.0022970 secs] 369779K->337939K(758420K), 0.0023380 secs] [Times: user=0.02 sys=0.00, real=0.00 secs] 
64.373: Total time for which application threads were stopped: 0.0045350 seconds, Stopping threads took: 0.0021280 seconds
64.405: Application time: 0.0315500 seconds
64.407: [GC64.407: [ParNew: 37566K->4159K(37568K), 0.0022550 secs] 371347K->339352K(758420K), 0.0022980 secs] [Times: user=0.01 sys=0.00, real=0.00 secs] 
64.410: Total time for which application threads were stopped: 0.0048450 seconds, Stopping threads took: 0.0024800 seconds
64.441: Application time: 0.0310810 seconds
64.443: [GC64.443: [ParNew: 37567K->4159K(37568K), 0.0025870 secs] 372760K->341754K(758420K), 0.0026330 secs] [Times: user=0.02 sys=0.00, real=0.00 secs] 
64.446: Total time for which application threads were stopped: 0.0049530 seconds, Stopping threads took: 0.0022290 seconds
64.477: Application time: 0.0310170 seconds
64.479: [GC64.479: [ParNew: 37567K->4159K(37568K), 0.0028980 secs] 375162K->345103K(758420K), 0.0029410 secs] [Times: user=0.02 sys=0.00, real=0.00 secs] 
64.482: Total time for which application threads were stopped: 0.0057330 seconds, Stopping threads took: 0.0027260 seconds
64.514: Application time: 0.0318350 seconds
64.516: [GC64.516: [ParNew: 37567K->4159K(37568K), 0.0020840 secs] 378511K->345880K(758420K), 0.0021280 secs] [Times: user=0.02 sys=0.00, real=0.00 secs] 
64.518: Total time for which application threads were stopped: 0.0038950 seconds, Stopping threads took: 0.0017010 seconds
64.550: Application time: 0.0313860 seconds
64.553: [GC64.553: [ParNew: 37567K->4159K(37568K), 0.0022020 secs] 379288K->346493K(758420K), 0.0022470 secs] [Times: user=0.02 sys=0.00, real=0.01 secs] 
64.555: Total time for which application threads were stopped: 0.0054250 seconds, Stopping threads took: 0.0031120 seconds
64.588: Application time: 0.0329530 seconds
64.588: [GC64.588: [ParNew: 37567K->4158K(37568K), 0.0021390 secs] 379901K->346580K(758420K), 0.0021800 secs] [Times: user=0.02 sys=0.00, real=0.00 secs] 
64.591: Total time for which application threads were stopped: 0.0026250 seconds, Stopping threads took: 0.0003560 seconds
64.622: Application time: 0.0316360 seconds
64.624: [GC64.624: [ParNew: 37566K->4069K(37568K), 0.0018400 secs] 379988K->346492K(758420K), 0.0018840 secs] [Times: user=0.01 sys=0.00, real=0.00 secs] 
64.626: Total time for which application threads were stopped: 0.0036280 seconds, Stopping threads took: 0.0016790 seconds
64.657: Application time: 0.0308740 seconds
64.658: [GC64.658: [ParNew: 37477K->4159K(37568K), 0.0027070 secs] 379900K->349442K(758420K), 0.0027540 secs] [Times: user=0.01 sys=0.00, real=0.00 secs] 
64.661: Total time for which application threads were stopped: 0.0045750 seconds, Stopping threads took: 0.0017520 seconds
64.693: Application time: 0.0321710 seconds
64.696: [GC64.696: [ParNew: 37567K->4158K(37568K), 0.0022320 secs] 382850K->350766K(758420K), 0.0022780 secs] [Times: user=0.01 sys=0.00, real=0.00 secs] 
64.698: Total time for which application threads were stopped: 0.0045610 seconds, Stopping threads took: 0.0022210 seconds
64.729: Application time: 0.0308310 seconds
64.730: [GC64.730: [ParNew: 37566K->4159K(37568K), 0.0029660 secs] 384174K->354463K(758420K), 0.0030100 secs] [Times: user=0.02 sys=0.00, real=0.00 secs] 
64.733: Total time for which application threads were stopped: 0.0044560 seconds, Stopping threads took: 0.0013790 seconds
64.766: Application time: 0.0324090 seconds
64.768: [GC64.768: [ParNew: 37567K->4159K(37568K), 0.0027650 secs] 387871K->357342K(758420K), 0.0028180 secs] [Times: user=0.02 sys=0.00, real=0.00 secs] 
64.771: Total time for which application threads were stopped: 0.0050280 seconds, Stopping threads took: 0.0021430 seconds
64.801: Application time: 0.0307090 seconds
64.804: [GC64.804: [ParNew: 37567K->4159K(37568K), 0.0028610 secs] 390750K->360641K(758420K), 0.0029050 secs] [Times: user=0.02 sys=0.00, real=0.00 secs] 
64.807: Total time for which application threads were stopped: 0.0050750 seconds, Stopping threads took: 0.0021030 seconds
64.840: Application time: 0.0331120 seconds
64.843: [GC64.843: [ParNew: 37567K->4159K(37568K), 0.0028660 secs] 394049K->363880K(758420K), 0.0029110 secs] [Times: user=0.02 sys=0.00, real=0.00 secs] 
64.845: Total time for which application threads were stopped: 0.0058220 seconds, Stopping threads took: 0.0028450 seconds
64.877: Application time: 0.0318250 seconds
64.878: [GC64.878: [ParNew: 37567K->4159K(37568K), 0.0025260 secs] 397288K->366034K(758420K), 0.0025700 secs] [Times: user=0.02 sys=0.00, real=0.00 secs] 
64.881: Total time for which application threads were stopped: 0.0035050 seconds, Stopping threads took: 0.0008660 seconds
64.910: Application time: 0.0295930 seconds
64.912: [GC64.912: [ParNew: 37566K->4158K(37568K), 0.0028800 secs] 399441K->369320K(758420K), 0.0029240 secs] [Times: user=0.02 sys=0.00, real=0.01 secs] 
64.915: Total time for which application threads were stopped: 0.0045980 seconds, Stopping threads took: 0.0016090 seconds
64.949: Application time: 0.0337440 seconds
64.951: [GC64.951: [ParNew: 37566K->4159K(37568K), 0.0028180 secs] 402728K->372461K(758420K), 0.0028590 secs] [Times: user=0.01 sys=0.00, real=0.00 secs] 
64.954: Total time for which application threads were stopped: 0.0052170 seconds, Stopping threads took: 0.0022810 seconds
64.986: Application time: 0.0317970 seconds
64.987: [GC64.987: [ParNew: 37567K->4159K(37568K), 0.0023090 secs] 405869K->373996K(758420K), 0.0023510 secs] [Times: user=0.01 sys=0.00, real=0.00 secs] 
64.990: Total time for which application threads were stopped: 0.0040040 seconds, Stopping threads took: 0.0015870 seconds
65.021: Application time: 0.0308330 seconds
65.022: [GC65.022: [ParNew: 37567K->4159K(37568K), 0.0027740 secs] 407404K->376832K(758420K), 0.0028210 secs] [Times: user=0.02 sys=0.00, real=0.00 secs] 
65.025: Total time for which application threads were stopped: 0.0046880 seconds, Stopping threads took: 0.0017790 seconds
65.057: Application time: 0.0317670 seconds
65.059: [GC65.059: [ParNew: 37566K->4159K(37568K), 0.0022480 secs] 410239K->377991K(758420K), 0.0022920 secs] [Times: user=0.01 sys=0.00, real=0.00 secs] 
65.061: Total time for which application threads were stopped: 0.0040340 seconds, Stopping threads took: 0.0016750 seconds
65.092: Application time: 0.0307020 seconds
65.094: [GC65.094: [ParNew: 37567K->4159K(37568K), 0.0026790 secs] 411399K->380545K(758420K), 0.0027230 secs] [Times: user=0.02 sys=0.00, real=0.01 secs] 
65.096: Total time for which application threads were stopped: 0.0045970 seconds, Stopping threads took: 0.0018070 seconds
65.128: Application time: 0.0317190 seconds
65.130: [GC65.130: [ParNew: 37567K->4159K(37568K), 0.0026050 secs] 413953K->382902K(758420K), 0.0026470 secs] [Times: user=0.02 sys=0.00, real=0.00 secs] 
65.133: Total time for which application threads were stopped: 0.0044420 seconds, Stopping threads took: 0.0017290 seconds
65.163: Application time: 0.0309460 seconds
65.165: [GC65.165: [ParNew: 37567K->4159K(37568K), 0.0022620 secs] 416310K->384163K(758420K), 0.0023030 secs] [Times: user=0.01 sys=0.00, real=0.01 secs] 
65.168: Total time for which application threads were stopped: 0.0042950 seconds, Stopping threads took: 0.0019270 seconds
65.199: Application time: 0.0316010 seconds
65.202: [GC65.202: [ParNew: 37567K->4158K(37568K), 0.0025500 secs] 417571K->386401K(758420K), 0.0025990 secs] [Times: user=0.02 sys=0.00, real=0.00 secs] 
65.205: Total time for which application threads were stopped: 0.0051320 seconds, Stopping threads took: 0.0024570 seconds
65.235: Application time: 0.0305280 seconds
65.237: [GC65.237: [ParNew: 37566K->4159K(37568K), 0.0024580 secs] 419809K->388402K(758420K), 0.0025010 secs] [Times: user=0.02 sys=0.00, real=0.00 secs] 
65.240: Total time for which application threads were stopped: 0.0048780 seconds, Stopping threads took: 0.0023110 seconds
65.269: Application time: 0.0288280 seconds
65.271: [GC65.271: [ParNew: 37567K->4159K(37568K), 0.0027210 secs] 421810K->391220K(758420K), 0.0027640 secs] [Times: user=0.02 sys=0.00, real=0.00 secs] 
65.273: Total time for which application threads were stopped: 0.0045400 seconds, Stopping threads took: 0.0017110 seconds
65.304: Application time: 0.0303180 seconds
65.306: [GC65.306: [ParNew: 37567K->4158K(37568K), 0.0026360 secs] 424628K->393865K(758420K), 0.0026790 secs] [Times: user=0.02 sys=0.00, real=0.01 secs] 
65.308: Total time for which application threads were stopped: 0.0048270 seconds, Stopping threads took: 0.0020610 seconds
65.337: Application time: 0.0283900 seconds
65.339: [GC65.339: [ParNew: 37566K->4158K(37568K), 0.0029540 secs] 427273K->397350K(758420K), 0.0030000 secs] [Times: user=0.02 sys=0.00, real=0.00 secs] 
65.342: Total time for which application threads were stopped: 0.0051230 seconds, Stopping threads took: 0.0020450 seconds
65.371: Application time: 0.0292010 seconds
65.374: [GC65.374: [ParNew: 37566K->4159K(37568K), 0.0025660 secs] 430758K->399806K(758420K), 0.0026100 secs] [Times: user=0.02 sys=0.00, real=0.01 secs] 
65.376: Total time for which application threads were stopped: 0.0052740 seconds, Stopping threads took: 0.0025980 seconds
65.406: Application time: 0.0299780 seconds
65.408: [GC65.408: [ParNew: 37567K->4158K(37568K), 0.0025250 secs] 433214K->402111K(758420K), 0.0025680 secs] [Times: user=0.02 sys=0.00, real=0.00 secs] 
65.410: Total time for which application threads were stopped: 0.0040270 seconds, Stopping threads took: 0.0013720 seconds
65.440: Application time: 0.0297150 seconds
65.443: [GC65.443: [ParNew: 37566K->4158K(37568K), 0.0025480 secs] 435519K->404399K(758420K), 0.0025910 secs] [Times: user=0.02 sys=0.00, real=0.00 secs] 
65.445: Total time for which application threads were stopped: 0.0049550 seconds, Stopping threads took: 0.0022990 seconds
65.475: Application time: 0.0293830 seconds
65.476: [GC65.476: [ParNew: 37566K->4158K(37568K), 0.0028520 secs] 437807K->407555K(758420K), 0.0028970 secs] [Times: user=0.02 sys=0.00, real=0.00 secs] 
65.479: Total time for which application threads were stopped: 0.0045880 seconds, Stopping threads took: 0.0016170 seconds
65.509: Application time: 0.0303790 seconds
65.512: [GC65.513: [ParNew: 37566K->4158K(37568K), 0.0018710 secs] 440963K->407716K(758420K), 0.0019120 secs] [Times: user=0.01 sys=0.00, real=0.00 secs] 
65.514: Total time for which application threads were stopped: 0.0049360 seconds, Stopping threads took: 0.0029600 seconds
65.543: Application time: 0.0281290 seconds
65.544: [GC65.544: [ParNew: 37566K->4158K(37568K), 0.0028920 secs] 441124K->410816K(758420K), 0.0029350 secs] [Times: user=0.02 sys=0.00, real=0.01 secs] 
65.547: Total time for which application threads were stopped: 0.0046820 seconds, Stopping threads took: 0.0016840 seconds
65.578: Application time: 0.0307850 seconds
65.580: [GC65.580: [ParNew: 37566K->4158K(37568K), 0.0022080 secs] 444224K->411889K(758420K), 0.0022510 secs] [Times: user=0.01 sys=0.00, real=0.00 secs] 
65.582: Total time for which application threads were stopped: 0.0044510 seconds, Stopping threads took: 0.0021360 seconds
65.612: Application time: 0.0297330 seconds
65.614: [GC65.614: [ParNew: 37566K->4159K(37568K), 0.0027930 secs] 445297K->414826K(758420K), 0.0028370 secs] [Times: user=0.02 sys=0.00, real=0.01 secs] 
65.617: Total time for which application threads were stopped: 0.0042820 seconds, Stopping threads took: 0.0013810 seconds
65.645: Application time: 0.0286280 seconds
65.647: [GC65.647: [ParNew: 37567K->4159K(37568K), 0.0027420 secs] 448234K->417695K(758420K), 0.0027950 secs] [Times: user=0.02 sys=0.00, real=0.00 secs] 
65.650: Total time for which application threads were stopped: 0.0051140 seconds, Stopping threads took: 0.0022620 seconds
65.679: Application time: 0.0291390 seconds
65.681: [GC65.681: [ParNew: 37567K->4158K(37568K), 0.0028110 secs] 451103K->420262K(758420K), 0.0028640 secs] [Times: user=0.01 sys=0.00, real=0.00 secs] 
65.684: Total time for which application threads were stopped: 0.0043820 seconds, Stopping threads took: 0.0014440 seconds
65.713: Application time: 0.0292930 seconds
65.715: [GC65.715: [ParNew: 37566K->4159K(37568K), 0.0027740 secs] 453670K->422700K(758420K), 0.0028180 secs] [Times: user=0.02 sys=0.00, real=0.00 secs] 
65.718: Total time for which application threads were stopped: 0.0050910 seconds, Stopping threads took: 0.0021860 seconds
65.750: Application time: 0.0317320 seconds
65.752: [GC65.752: [ParNew: 37567K->4159K(37568K), 0.0029320 secs] 456108K->425982K(758420K), 0.0029760 secs] [Times: user=0.01 sys=0.01, real=0.00 secs] 
65.755: Total time for which application threads were stopped: 0.0046850 seconds, Stopping threads took: 0.0016450 seconds
65.784: Application time: 0.0293760 seconds
65.786: [GC65.786: [ParNew: 37567K->4158K(37568K), 0.0023820 secs] 459390K->427068K(758420K), 0.0024240 secs] [Times: user=0.02 sys=0.00, real=0.01 secs] 
65.788: Total time for which application threads were stopped: 0.0042950 seconds, Stopping threads took: 0.0017840 seconds
65.817: Application time: 0.0288980 seconds
65.819: [GC65.819: [ParNew: 37566K->4158K(37568K), 0.0028340 secs] 460476K->430014K(758420K), 0.0028770 secs] [Times: user=0.02 sys=0.00, real=0.00 secs] 
65.822: Total time for which application threads were stopped: 0.0047100 seconds, Stopping threads took: 0.0017670 seconds
65.852: Application time: 0.0298030 seconds
65.855: [GC65.855: [ParNew: 37566K->4158K(37568K), 0.0028280 secs] 463422K->433192K(758420K), 0.0028730 secs] [Times: user=0.02 sys=0.00, real=0.01 secs] 
65.857: Total time for which application threads were stopped: 0.0057610 seconds, Stopping threads took: 0.0028210 seconds
65.887: Application time: 0.0292920 seconds
65.889: [GC65.889: [ParNew: 37566K->4158K(37568K), 0.0029340 secs] 466600K->436332K(758420K), 0.0029780 secs] [Times: user=0.02 sys=0.00, real=0.00 secs] 
65.892: Total time for which application threads were stopped: 0.0051850 seconds, Stopping threads took: 0.0021420 seconds
65.921: Application time: 0.0285980 seconds
65.922: [GC65.922: [ParNew: 37566K->4159K(37568K), 0.0026000 secs] 469740K->438534K(758420K), 0.0026430 secs] [Times: user=0.02 sys=0.00, real=0.00 secs] 
65.925: Total time for which application threads were stopped: 0.0041990 seconds, Stopping threads took: 0.0014900 seconds
65.953: Application time: 0.0283730 seconds
65.956: [GC65.956: [ParNew: 37567K->4158K(37568K), 0.0026950 secs] 471942K->441059K(758420K), 0.0027370 secs] [Times: user=0.02 sys=0.00, real=0.00 secs] 
65.959: Total time for which application threads were stopped: 0.0054590 seconds, Stopping threads took: 0.0026570 seconds
65.988: Application time: 0.0290040 seconds
65.990: [GC65.990: [ParNew: 37566K->4159K(37568K), 0.0026380 secs] 474467K->443471K(758420K), 0.0026820 secs] [Times: user=0.02 sys=0.00, real=0.00 secs] 
65.992: Total time for which application threads were stopped: 0.0048290 seconds, Stopping threads took: 0.0020730 seconds
66.022: Application time: 0.0300160 seconds
66.024: [GC66.024: [ParNew: 37567K->4159K(37568K), 0.0023350 secs] 476879K->445274K(758420K), 0.0023790 secs] [Times: user=0.01 sys=0.00, real=0.01 secs] 
66.027: Total time for which application threads were stopped: 0.0042410 seconds, Stopping threads took: 0.0017970 seconds
66.058: Application time: 0.0312950 seconds
66.061: [GC66.061: [ParNew: 37565K->4159K(37568K), 0.0022300 secs] 478680K->446585K(758420K), 0.0022750 secs] [Times: user=0.02 sys=0.00, real=0.00 secs] 
66.063: Total time for which application threads were stopped: 0.0050280 seconds, Stopping threads took: 0.0026890 seconds
66.092: Application time: 0.0291270 seconds
66.094: [GC66.094: [ParNew: 37567K->4159K(37568K), 0.0027850 secs] 479993K->449608K(758420K), 0.0028370 secs] [Times: user=0.02 sys=0.00, real=0.01 secs] 
66.097: Total time for which application threads were stopped: 0.0046450 seconds, Stopping threads took: 0.0017410 seconds
66.126: Application time: 0.0294440 seconds
66.128: [GC66.128: [ParNew: 37567K->4158K(37568K), 0.0024180 secs] 483016K->451543K(758420K), 0.0024590 secs] [Times: user=0.02 sys=0.00, real=0.00 secs] 
66.130: Total time for which application threads were stopped: 0.0042400 seconds, Stopping threads took: 0.0017160 seconds
66.159: Application time: 0.0284140 seconds
66.160: [GC66.160: [ParNew: 37566K->4158K(37568K), 0.0027730 secs] 484951K->454365K(758420K), 0.0028160 secs] [Times: user=0.02 sys=0.00, real=0.00 secs] 
66.163: Total time for which application threads were stopped: 0.0042180 seconds, Stopping threads took: 0.0013360 seconds
66.193: Application time: 0.0298440 seconds
66.196: [GC66.196: [ParNew: 37566K->4159K(37568K), 0.0029880 secs] 487773K->457922K(758420K), 0.0030300 secs] [Times: user=0.03 sys=0.00, real=0.00 secs] 
66.199: Total time for which application threads were stopped: 0.0060000 seconds, Stopping threads took: 0.0029050 seconds
66.228: Application time: 0.0293180 seconds
66.230: [GC66.230: [ParNew: 37567K->4159K(37568K), 0.0024790 secs] 491330K->459867K(758420K), 0.0025210 secs] [Times: user=0.02 sys=0.00, real=0.00 secs] 
66.233: Total time for which application threads were stopped: 0.0047600 seconds, Stopping threads took: 0.0021740 seconds
66.260: Application time: 0.0272880 seconds
66.263: [GC66.263: [ParNew: 37567K->4159K(37568K), 0.0029120 secs] 493275K->463229K(758420K), 0.0029530 secs] [Times: user=0.02 sys=0.00, real=0.00 secs] 
66.266: Total time for which application threads were stopped: 0.0054040 seconds, Stopping threads took: 0.0023860 seconds
66.295: Application time: 0.0288010 seconds
66.297: [GC66.297: [ParNew: 37567K->4159K(37568K), 0.0028680 secs] 496637K->466359K(758420K), 0.0029140 secs] [Times: user=0.02 sys=0.00, real=0.00 secs] 
66.300: Total time for which application threads were stopped: 0.0055910 seconds, Stopping threads took: 0.0026100 seconds
66.330: Application time: 0.0297470 seconds
66.331: [GC66.331: [ParNew: 37567K->4159K(37568K), 0.0022800 secs] 499767K->467531K(758420K), 0.0023230 secs] [Times: user=0.01 sys=0.00, real=0.00 secs] 
66.333: Total time for which application threads were stopped: 0.0033440 seconds, Stopping threads took: 0.0009550 seconds
66.362: Application time: 0.0283340 seconds
66.363: [GC66.363: [ParNew: 37566K->4158K(37568K), 0.0027740 secs] 500938K->470541K(758420K), 0.0028200 secs] [Times: user=0.02 sys=0.00, real=0.00 secs] 
66.366: Total time for which application threads were stopped: 0.0047090 seconds, Stopping threads took: 0.0018020 seconds
66.396: Application time: 0.0294250 seconds
66.398: [GC66.398: [ParNew: 37566K->4159K(37568K), 0.0026740 secs] 503949K->473021K(758420K), 0.0027170 secs] [Times: user=0.02 sys=0.00, real=0.00 secs] 
66.401: Total time for which application threads were stopped: 0.0054910 seconds, Stopping threads took: 0.0027100 seconds
66.431: Application time: 0.0296420 seconds
66.432: [GC66.432: [ParNew: 37567K->4159K(37568K), 0.0027230 secs] 506429K->475822K(758420K), 0.0027670 secs] [Times: user=0.02 sys=0.00, real=0.01 secs] 
66.435: Total time for which application threads were stopped: 0.0042750 seconds, Stopping threads took: 0.0014450 seconds
66.464: Application time: 0.0285240 seconds
66.466: [GC66.466: [ParNew: 37567K->4158K(37568K), 0.0027820 secs] 509230K->478560K(758420K), 0.0028270 secs] [Times: user=0.02 sys=0.00, real=0.01 secs] 
66.468: Total time for which application threads were stopped: 0.0047430 seconds, Stopping threads took: 0.0018530 seconds
66.498: Application time: 0.0292200 seconds
66.499: [GC66.499: [ParNew: 37566K->4159K(37568K), 0.0026800 secs] 511968K->481073K(758420K), 0.0027240 secs] [Times: user=0.02 sys=0.00, real=0.00 secs] 
66.502: Total time for which application threads were stopped: 0.0044200 seconds, Stopping threads took: 0.0016140 seconds
66.531: Application time: 0.0290570 seconds
66.533: [GC66.533: [ParNew: 37567K->4159K(37568K), 0.0026920 secs] 514481K->483480K(758420K), 0.0027360 secs] [Times: user=0.02 sys=0.00, real=0.01 secs] 
66.536: Total time for which application threads were stopped: 0.0047510 seconds, Stopping threads took: 0.0019480 seconds
66.565: Application time: 0.0296480 seconds
66.568: [GC66.568: [ParNew: 37567K->4159K(37568K), 0.0027010 secs] 516888K->486232K(758420K), 0.0027450 secs] [Times: user=0.02 sys=0.00, real=0.00 secs] 
66.571: Total time for which application threads were stopped: 0.0052850 seconds, Stopping threads took: 0.0024750 seconds
66.600: Application time: 0.0292990 seconds
66.602: [GC66.602: [ParNew: 37567K->4158K(37568K), 0.0032010 secs] 519640K->488914K(758420K), 0.0032520 secs] [Times: user=0.01 sys=0.00, real=0.00 secs] 
66.605: Total time for which application threads were stopped: 0.0049120 seconds, Stopping threads took: 0.0015800 seconds
66.637: Application time: 0.0322830 seconds
66.640: [GC66.640: [ParNew: 37565K->4159K(37568K), 0.0027790 secs] 522321K->491446K(758420K), 0.0028260 secs] [Times: user=0.02 sys=0.00, real=0.00 secs] 
66.642: Total time for which application threads were stopped: 0.0051170 seconds, Stopping threads took: 0.0022160 seconds
66.670: Application time: 0.0275620 seconds
66.673: [GC66.673: [ParNew: 37567K->4158K(37568K), 0.0029270 secs] 524854K->494851K(758420K), 0.0029710 secs] [Times: user=0.02 sys=0.00, real=0.01 secs] 
66.676: Total time for which application threads were stopped: 0.0055910 seconds, Stopping threads took: 0.0025460 seconds
66.705: Application time: 0.0294830 seconds
66.707: [GC66.707: [ParNew: 37566K->4159K(37568K), 0.0027130 secs] 528259K->497556K(758420K), 0.0027570 secs] [Times: user=0.02 sys=0.00, real=0.00 secs] 
66.710: Total time for which application threads were stopped: 0.0051100 seconds, Stopping threads took: 0.0022870 seconds
66.740: Application time: 0.0299420 seconds
66.743: [GC66.743: [ParNew: 37567K->4158K(37568K), 0.0026400 secs] 530964K->500256K(758420K), 0.0026830 secs] [Times: user=0.02 sys=0.00, real=0.00 secs] 
66.745: Total time for which application threads were stopped: 0.0052720 seconds, Stopping threads took: 0.0025170 seconds
66.775: Application time: 0.0299100 seconds
66.778: [GC66.778: [ParNew: 37566K->4159K(37568K), 0.0023140 secs] 533664K->501927K(758420K), 0.0023590 secs] [Times: user=0.02 sys=0.00, real=0.00 secs] 
66.781: Total time for which application threads were stopped: 0.0052560 seconds, Stopping threads took: 0.0028330 seconds
66.810: Application time: 0.0299760 seconds
66.812: [GC66.812: [ParNew: 37567K->4158K(37568K), 0.0027080 secs] 535335K->504584K(758420K), 0.0027520 secs] [Times: user=0.01 sys=0.00, real=0.01 secs] 
66.815: Total time for which application threads were stopped: 0.0047590 seconds, Stopping threads took: 0.0019450 seconds
66.845: Application time: 0.0302590 seconds
66.847: [GC66.847: [ParNew: 37566K->4159K(37568K), 0.0025170 secs] 537992K->506595K(758420K), 0.0025610 secs] [Times: user=0.02 sys=0.00, real=0.00 secs] 
66.850: Total time for which application threads were stopped: 0.0042590 seconds, Stopping threads took: 0.0016330 seconds
66.879: Application time: 0.0293570 seconds
66.881: [GC66.881: [ParNew: 37567K->4158K(37568K), 0.0026580 secs] 540003K->508945K(758420K), 0.0027010 secs] [Times: user=0.02 sys=0.00, real=0.00 secs] 
66.884: Total time for which application threads were stopped: 0.0048100 seconds, Stopping threads took: 0.0020230 seconds
66.913: Application time: 0.0293300 seconds
66.915: [GC66.915: [ParNew: 37566K->4158K(37568K), 0.0027740 secs] 542353K->510608K(758420K), 0.0028190 secs] [Times: user=0.02 sys=0.00, real=0.00 secs] 
66.918: Total time for which application threads were stopped: 0.0048000 seconds, Stopping threads took: 0.0019170 seconds
66.948: Application time: 0.0295720 seconds
66.949: [GC66.949: [ParNew: 37566K->4056K(37568K), 0.0019770 secs] 544016K->510535K(758420K), 0.0020280 secs] [Times: user=0.01 sys=0.00, real=0.00 secs] 
66.951: Total time for which application threads were stopped: 0.0034870 seconds, Stopping threads took: 0.0013730 seconds
66.981: Application time: 0.0293950 seconds
66.982: [GC66.982: [ParNew: 37464K->4158K(37568K), 0.0022170 secs] 543943K->511495K(758420K), 0.0022630 secs] [Times: user=0.02 sys=0.00, real=0.00 secs] 
66.985: Total time for which application threads were stopped: 0.0041280 seconds, Stopping threads took: 0.0018000 seconds
67.015: Application time: 0.0301230 seconds
67.017: [GC67.017: [ParNew: 37566K->4158K(37568K), 0.0025070 secs] 544903K->513193K(758420K), 0.0025510 secs] [Times: user=0.02 sys=0.00, real=0.00 secs] 
67.019: Total time for which application threads were stopped: 0.0044660 seconds, Stopping threads took: 0.0018410 seconds
67.048: Application time: 0.0288520 seconds
67.050: [GC67.050: [ParNew: 37566K->4158K(37568K), 0.0026510 secs] 546601K->515769K(758420K), 0.0026950 secs] [Times: user=0.02 sys=0.00, real=0.00 secs] 
67.052: Total time for which application threads were stopped: 0.0042180 seconds, Stopping threads took: 0.0014580 seconds
67.081: Application time: 0.0290980 seconds
67.084: [GC67.084: [ParNew: 37566K->4159K(37568K), 0.0025990 secs] 549177K->518201K(758420K), 0.0026410 secs] [Times: user=0.02 sys=0.00, real=0.00 secs] 
67.086: Total time for which application threads were stopped: 0.0048310 seconds, Stopping threads took: 0.0021260 seconds
67.115: Application time: 0.0284310 seconds
67.117: [GC67.117: [ParNew: 37567K->4158K(37568K), 0.0029420 secs] 551609K->521400K(758420K), 0.0029880 secs] [Times: user=0.02 sys=0.00, real=0.00 secs] 
67.120: Total time for which application threads were stopped: 0.0051390 seconds, Stopping threads took: 0.0020870 seconds
67.149: Application time: 0.0295810 seconds
67.151: [GC67.151: [ParNew: 37566K->4158K(37568K), 0.0023600 secs] 554808K->523007K(758420K), 0.0024050 secs] [Times: user=0.02 sys=0.00, real=0.00 secs] 
67.154: Total time for which application threads were stopped: 0.0044270 seconds, Stopping threads took: 0.0019350 seconds
67.183: Application time: 0.0291330 seconds
67.184: [GC67.184: [ParNew: 37566K->4159K(37568K), 0.0025350 secs] 556415K->524886K(758420K), 0.0025790 secs] [Times: user=0.02 sys=0.00, real=0.01 secs] 
67.187: Total time for which application threads were stopped: 0.0040990 seconds, Stopping threads took: 0.0014440 seconds
67.216: Application time: 0.0289350 seconds
67.218: [GC67.218: [ParNew: 37567K->4159K(37568K), 0.0030670 secs] 558294K->528570K(758420K), 0.0031140 secs] [Times: user=0.03 sys=0.00, real=0.00 secs] 
67.221: Total time for which application threads were stopped: 0.0052000 seconds, Stopping threads took: 0.0020190 seconds
67.252: Application time: 0.0304420 seconds
67.254: [GC67.254: [ParNew: 37567K->4158K(37568K), 0.0024360 secs] 561978K->530074K(758420K), 0.0024830 secs] [Times: user=0.02 sys=0.00, real=0.01 secs] 
67.256: Total time for which application threads were stopped: 0.0044090 seconds, Stopping threads took: 0.0018380 seconds
67.286: Application time: 0.0303890 seconds
67.289: [GC67.289: [ParNew: 37566K->4158K(37568K), 0.0021730 secs] 563482K->530899K(758420K), 0.0022170 secs] [Times: user=0.02 sys=0.01, real=0.00 secs] 
67.291: Total time for which application threads were stopped: 0.0044590 seconds, Stopping threads took: 0.0021770 seconds
67.320: Application time: 0.0294310 seconds
67.322: [GC67.322: [ParNew: 37566K->4159K(37568K), 0.0026370 secs] 564307K->533137K(758420K), 0.0026820 secs] [Times: user=0.02 sys=0.00, real=0.00 secs] 
67.325: Total time for which application threads were stopped: 0.0042050 seconds, Stopping threads took: 0.0014590 seconds
67.354: Application time: 0.0294270 seconds
67.356: [GC67.356: [ParNew: 37567K->4158K(37568K), 0.0023110 secs] 566545K->534649K(758420K), 0.0023580 secs] [Times: user=0.02 sys=0.00, real=0.00 secs] 
67.358: Total time for which application threads were stopped: 0.0043390 seconds, Stopping threads took: 0.0019150 seconds
67.388: Application time: 0.0300160 seconds
67.391: [GC67.391: [ParNew: 37566K->4159K(37568K), 0.0023810 secs] 568057K->536514K(758420K), 0.0024310 secs] [Times: user=0.01 sys=0.00, real=0.00 secs] 
67.394: Total time for which application threads were stopped: 0.0053780 seconds, Stopping threads took: 0.0028610 seconds
67.423: Application time: 0.0289500 seconds
67.424: [GC67.424: [ParNew: 37567K->4158K(37568K), 0.0025910 secs] 569922K->538329K(758420K), 0.0026350 secs] [Times: user=0.02 sys=0.00, real=0.01 secs] 
67.427: Total time for which application threads were stopped: 0.0043800 seconds, Stopping threads took: 0.0016590 seconds
67.454: Application time: 0.0264790 seconds
67.456: [GC67.456: [ParNew: 37566K->4159K(37568K), 0.0031610 secs] 571737K->542101K(758420K), 0.0032060 secs] [Times: user=0.02 sys=0.00, real=0.00 secs] 
67.459: Total time for which application threads were stopped: 0.0057710 seconds, Stopping threads took: 0.0024790 seconds
67.489: Application time: 0.0296560 seconds
67.492: [GC67.492: [ParNew: 37567K->4159K(37568K), 0.0030790 secs] 575509K->545813K(758420K), 0.0031210 secs] [Times: user=0.02 sys=0.00, real=0.01 secs] 
67.495: Total time for which application threads were stopped: 0.0058740 seconds, Stopping threads took: 0.0026880 seconds
67.527: Application time: 0.0317380 seconds
67.530: [GC67.530: [ParNew: 37567K->4158K(37568K), 0.0023320 secs] 579221K->547268K(758420K), 0.0023750 secs] [Times: user=0.02 sys=0.00, real=0.00 secs] 
67.532: Total time for which application threads were stopped: 0.0055560 seconds, Stopping threads took: 0.0030900 seconds
67.562: Application time: 0.0301510 seconds
67.565: [GC67.565: [ParNew: 37564K->4159K(37568K), 0.0026010 secs] 580674K->549221K(758420K), 0.0026460 secs] [Times: user=0.02 sys=0.00, real=0.01 secs] 
67.568: Total time for which application threads were stopped: 0.0052400 seconds, Stopping threads took: 0.0025340 seconds
67.596: Application time: 0.0288790 seconds
67.598: [GC67.598: [ParNew: 37567K->4159K(37568K), 0.0028680 secs] 582629K->552344K(758420K), 0.0029150 secs] [Times: user=0.02 sys=0.00, real=0.00 secs] 
67.601: Total time for which application threads were stopped: 0.0046420 seconds, Stopping threads took: 0.0016600 seconds
67.632: Application time: 0.0306780 seconds
67.634: [GC67.634: [ParNew: 37567K->4159K(37568K), 0.0022690 secs] 585752K->553409K(758420K), 0.0023140 secs] [Times: user=0.01 sys=0.00, real=0.01 secs] 
67.636: Total time for which application threads were stopped: 0.0047190 seconds, Stopping threads took: 0.0023170 seconds
67.666: Application time: 0.0298310 seconds
67.667: [GC67.667: [ParNew: 37567K->4154K(37568K), 0.0019110 secs] 586817K->553404K(758420K), 0.0019520 secs] [Times: user=0.02 sys=0.00, real=0.00 secs] 
67.669: Total time for which application threads were stopped: 0.0028860 seconds, Stopping threads took: 0.0008700 seconds
67.698: Application time: 0.0290170 seconds
67.701: [GC67.701: [ParNew: 37562K->4158K(37568K), 0.0027030 secs] 586812K->556215K(758420K), 0.0027510 secs] [Times: user=0.02 sys=0.00, real=0.00 secs] 
67.704: Total time for which application threads were stopped: 0.0057750 seconds, Stopping threads took: 0.0029370 seconds
67.733: Application time: 0.0292750 seconds
67.735: [GC67.735: [ParNew: 37566K->4159K(37568K), 0.0024500 secs] 589623K->558011K(758420K), 0.0024930 secs] [Times: user=0.02 sys=0.00, real=0.00 secs] 
67.737: Total time for which application threads were stopped: 0.0038830 seconds, Stopping threads took: 0.0013220 seconds
67.766: Application time: 0.0289540 seconds
67.768: [GC67.768: [ParNew: 37567K->4158K(37568K), 0.0027990 secs] 591419K->560521K(758420K), 0.0028460 secs] [Times: user=0.02 sys=0.00, real=0.00 secs] 
67.771: Total time for which application threads were stopped: 0.0050880 seconds, Stopping threads took: 0.0021680 seconds
67.800: Application time: 0.0288740 seconds
67.802: [GC67.802: [ParNew: 37566K->4159K(37568K), 0.0027540 secs] 593929K->563115K(758420K), 0.0027990 secs] [Times: user=0.02 sys=0.00, real=0.00 secs] 
67.804: Total time for which application threads were stopped: 0.0043500 seconds, Stopping threads took: 0.0014860 seconds
67.833: Application time: 0.0283380 seconds
67.836: [GC67.836: [ParNew: 37567K->4158K(37568K), 0.0026780 secs] 596523K->565558K(758420K), 0.0027280 secs] [Times: user=0.02 sys=0.00, real=0.00 secs] 
67.838: Total time for which application threads were stopped: 0.0056920 seconds, Stopping threads took: 0.0028780 seconds
67.867: Application time: 0.0287430 seconds
67.869: [GC67.869: [ParNew: 37566K->4158K(37568K), 0.0025210 secs] 598966K->567545K(758420K), 0.0025650 secs] [Times: user=0.01 sys=0.00, real=0.00 secs] 
67.871: Total time for which application threads were stopped: 0.0040840 seconds, Stopping threads took: 0.0014440 seconds
67.900: Application time: 0.0289980 seconds
67.903: [GC67.903: [ParNew: 37566K->4158K(37568K), 0.0024370 secs] 600953K->569372K(758420K), 0.0024800 secs] [Times: user=0.02 sys=0.00, real=0.00 secs] 
67.905: Total time for which application threads were stopped: 0.0051710 seconds, Stopping threads took: 0.0026270 seconds
67.935: Application time: 0.0296580 seconds
67.936: [GC67.936: [ParNew: 37566K->4158K(37568K), 0.0022270 secs] 602780K->570547K(758420K), 0.0022700 secs] [Times: user=0.02 sys=0.00, real=0.00 secs] 
67.938: Total time for which application threads were stopped: 0.0032560 seconds, Stopping threads took: 0.0009220 seconds
67.968: Application time: 0.0298990 seconds
67.970: [GC67.970: [ParNew: 37566K->4159K(37568K), 0.0025570 secs] 603955K->572641K(758420K), 0.0026020 secs] [Times: user=0.01 sys=0.00, real=0.00 secs] 
67.973: Total time for which application threads were stopped: 0.0047590 seconds, Stopping threads took: 0.0020900 seconds
68.002: Application time: 0.0290670 seconds
68.003: [GC68.003: [ParNew: 37567K->4158K(37568K), 0.0024890 secs] 606049K->574546K(758420K), 0.0025310 secs] [Times: user=0.01 sys=0.00, real=0.00 secs] 
68.006: Total time for which application threads were stopped: 0.0036480 seconds, Stopping threads took: 0.0010530 seconds
68.034: Application time: 0.0279710 seconds
68.036: [GC68.036: [ParNew: 37566K->4158K(37568K), 0.0028280 secs] 607954K->577222K(758420K), 0.0028740 secs] [Times: user=0.02 sys=0.00, real=0.00 secs] 
68.039: Total time for which application threads were stopped: 0.0047630 seconds, Stopping threads took: 0.0017910 seconds
68.068: Application time: 0.0290210 seconds
68.070: [GC68.070: [ParNew: 37566K->4159K(37568K), 0.0026340 secs] 610630K->579146K(758420K), 0.0026760 secs] [Times: user=0.02 sys=0.00, real=0.00 secs] 
68.073: Total time for which application threads were stopped: 0.0051050 seconds, Stopping threads took: 0.0023440 seconds
68.102: Application time: 0.0290210 seconds
68.104: [GC68.104: [ParNew: 37567K->4158K(37568K), 0.0029300 secs] 612553K->582506K(758420K), 0.0029770 secs] [Times: user=0.02 sys=0.00, real=0.01 secs] 
68.107: Total time for which application threads were stopped: 0.0053750 seconds, Stopping threads took: 0.0023120 seconds
68.136: Application time: 0.0292280 seconds
68.139: [GC68.139: [ParNew: 37566K->4159K(37568K), 0.0029430 secs] 615914K->585714K(758420K), 0.0029870 secs] [Times: user=0.02 sys=0.00, real=0.00 secs] 
68.142: Total time for which application threads were stopped: 0.0059500 seconds, Stopping threads took: 0.0028760 seconds
68.171: Application time: 0.0287930 seconds
68.173: [GC68.173: [ParNew: 37567K->4158K(37568K), 0.0026110 secs] 619122K->587877K(758420K), 0.0026540 secs] [Times: user=0.02 sys=0.00, real=0.01 secs] 
68.176: Total time for which application threads were stopped: 0.0047070 seconds, Stopping threads took: 0.0019880 seconds
68.204: Application time: 0.0286590 seconds
68.206: [GC68.206: [ParNew: 37566K->4159K(37568K), 0.0027000 secs] 621285K->590470K(758420K), 0.0027460 secs] [Times: user=0.02 sys=0.00, real=0.01 secs] 
68.209: Total time for which application threads were stopped: 0.0041800 seconds, Stopping threads took: 0.0013680 seconds
68.237: Application time: 0.0282020 seconds
68.239: [GC68.239: [ParNew: 37567K->4158K(37568K), 0.0029820 secs] 623878K->593354K(758420K), 0.0030270 secs] [Times: user=0.02 sys=0.00, real=0.00 secs] 
68.242: Total time for which application threads were stopped: 0.0056280 seconds, Stopping threads took: 0.0025060 seconds
68.273: Application time: 0.0301690 seconds
68.275: [GC68.275: [ParNew: 37566K->4158K(37568K), 0.0023040 secs] 626762K->594714K(758420K), 0.0023460 secs] [Times: user=0.01 sys=0.00, real=0.00 secs] 
68.277: Total time for which application threads were stopped: 0.0046290 seconds, Stopping threads took: 0.0021960 seconds
68.307: Application time: 0.0295540 seconds
68.309: [GC68.309: [ParNew: 37566K->4159K(37568K), 0.0028900 secs] 628122K->597539K(758420K), 0.0029340 secs] [Times: user=0.02 sys=0.00, real=0.00 secs] 
68.312: Total time for which application threads were stopped: 0.0056080 seconds, Stopping threads took: 0.0025860 seconds
68.341: Application time: 0.0290310 seconds
68.343: [GC68.343: [ParNew: 37567K->4158K(37568K), 0.0027810 secs] 630947K->600092K(758420K), 0.0028250 secs] [Times: user=0.02 sys=0.00, real=0.00 secs] 
68.346: Total time for which application threads were stopped: 0.0045590 seconds, Stopping threads took: 0.0016460 seconds
68.374: Application time: 0.0284870 seconds
68.376: [GC68.376: [ParNew: 37566K->4159K(37568K), 0.0025320 secs] 633500K->601991K(758420K), 0.0025760 secs] [Times: user=0.02 sys=0.00, real=0.00 secs] 
68.379: Total time for which application threads were stopped: 0.0046040 seconds, Stopping threads took: 0.0019420 seconds
68.409: Application time: 0.0299620 seconds
68.410: [GC68.410: [ParNew: 37567K->4158K(37568K), 0.0026550 secs] 635399K->604233K(758420K), 0.0026950 secs] [Times: user=0.02 sys=0.00, real=0.00 secs] 
68.412: Total time for which application threads were stopped: 0.0034500 seconds, Stopping threads took: 0.0006670 seconds
68.442: Application time: 0.0294320 seconds
68.444: [GC68.444: [ParNew: 37566K->4159K(37568K), 0.0022310 secs] 637641K->605331K(758420K), 0.0022750 secs] [Times: user=0.02 sys=0.00, real=0.00 secs] 
68.446: Total time for which application threads were stopped: 0.0042410 seconds, Stopping threads took: 0.0019010 seconds
68.475: Application time: 0.0290020 seconds
68.478: [GC68.478: [ParNew: 37567K->4159K(37568K), 0.0024950 secs] 638739K->607347K(758420K), 0.0025380 secs] [Times: user=0.02 sys=0.00, real=0.00 secs] 
68.480: Total time for which application threads were stopped: 0.0050450 seconds, Stopping threads took: 0.0024440 seconds
68.508: Application time: 0.0280350 seconds
68.510: [GC68.510: [ParNew: 37567K->4158K(37568K), 0.0027440 secs] 640755K->610183K(758420K), 0.0027870 secs] [Times: user=0.02 sys=0.00, real=0.00 secs] 
68.513: Total time for which application threads were stopped: 0.0043300 seconds, Stopping threads took: 0.0014770 seconds
68.540: Application time: 0.0278990 seconds
68.543: [GC68.543: [ParNew: 37566K->4158K(37568K), 0.0030370 secs] 643591K->613720K(758420K), 0.0030820 secs] [Times: user=0.02 sys=0.00, real=0.00 secs] 
68.546: Total time for which application threads were stopped: 0.0053200 seconds, Stopping threads took: 0.0021540 seconds
68.576: Application time: 0.0301260 seconds
68.579: [GC68.579: [ParNew: 37566K->4158K(37568K), 0.0029970 secs] 647128K->617148K(758420K), 0.0030410 secs] [Times: user=0.02 sys=0.00, real=0.00 secs] 
68.582: Total time for which application threads were stopped: 0.0061740 seconds, Stopping threads took: 0.0030670 seconds
68.611: Application time: 0.0289520 seconds
68.612: [GC68.612: [ParNew: 37566K->4158K(37568K), 0.0025980 secs] 650556K->619310K(758420K), 0.0026430 secs] [Times: user=0.02 sys=0.00, real=0.01 secs] 
68.615: Total time for which application threads were stopped: 0.0038460 seconds, Stopping threads took: 0.0011400 seconds
68.644: Application time: 0.0294090 seconds
68.646: [GC68.646: [ParNew: 37566K->4158K(37568K), 0.0022080 secs] 652718K->620391K(758420K), 0.0022530 secs] [Times: user=0.02 sys=0.00, real=0.01 secs] 
68.648: Total time for which application threads were stopped: 0.0040390 seconds, Stopping threads took: 0.0017170 seconds
 CMS: abort preclean due to time 68.651: [CMS-concurrent-abortable-preclean: 0.671/5.026 secs] [Times: user=37.67 sys=0.18, real=5.03 secs] 
68.651: Application time: 0.0023880 seconds
68.652: [GC[YG occupancy: 7012 K (37568 K)]68.652: [Rescan (parallel) , 0.0002990 secs]68.653: [weak refs processing, 0.0000070 secs]68.653: [scrub string table, 0.0001050 secs] [1 CMS-remark: 616232K(720852K)] 623244K(758420K), 0.0004390 secs] [Times: user=0.00 sys=0.00, real=0.00 secs] 
68.653: Total time for which application threads were stopped: 0.0020660 seconds, Stopping threads took: 0.0015990 seconds
68.653: [CMS-concurrent-sweep-start]
68.683: Application time: 0.0301960 seconds
68.685: [GC68.685: [ParNew: 37566K->4158K(37568K), 0.0025020 secs] 380806K->349813K(758420K), 0.0025450 secs] [Times: user=0.01 sys=0.00, real=0.01 secs] 
68.688: Total time for which application threads were stopped: 0.0046120 seconds, Stopping threads took: 0.0020000 seconds
68.690: [CMS-concurrent-sweep: 0.032/0.037 secs] [Times: user=0.27 sys=0.00, real=0.04 secs] 
68.690: [CMS-concurrent-reset-start]
68.692: [CMS-concurrent-reset: 0.002/0.002 secs] [Times: user=0.02 sys=0.00, real=0.00 secs] 
68.717: Application time: 0.0293220 seconds
68.719: [GC68.719: [ParNew: 37566K->4158K(37568K), 0.0023660 secs] 369687K->338191K(758420K), 0.0024070 secs] [Times: user=0.02 sys=0.00, real=0.00 secs] 
68.722: Total time for which application threads were stopped: 0.0046020 seconds, Stopping threads took: 0.0021330 seconds
68.752: Application time: 0.0299690 seconds
68.753: [GC68.753: [ParNew: 37566K->4158K(37568K), 0.0019240 secs] 371599K->338565K(758420K), 0.0019680 secs] [Times: user=0.01 sys=0.00, real=0.01 secs] 
68.755: Total time for which application threads were stopped: 0.0035880 seconds, Stopping threads took: 0.0015540 seconds
68.786: Application time: 0.0306640 seconds
68.788: [GC68.788: [ParNew: 37566K->4159K(37568K), 0.0020760 secs] 371973K->339374K(758420K), 0.0021200 secs] [Times: user=0.02 sys=0.00, real=0.00 secs] 
68.790: Total time for which application threads were stopped: 0.0042130 seconds, Stopping threads took: 0.0020270 seconds
68.820: Application time: 0.0298370 seconds
68.821: [GC68.821: [ParNew: 37567K->4159K(37568K), 0.0023880 secs] 372782K->341144K(758420K), 0.0024310 secs] [Times: user=0.01 sys=0.00, real=0.00 secs] 
68.824: Total time for which application threads were stopped: 0.0039630 seconds, Stopping threads took: 0.0014670 seconds
68.854: Application time: 0.0301940 seconds
68.856: [GC68.856: [ParNew: 37566K->4159K(37568K), 0.0026250 secs] 374551K->343818K(758420K), 0.0026680 secs] [Times: user=0.02 sys=0.00, real=0.00 secs] 
68.858: Total time for which application threads were stopped: 0.0042010 seconds, Stopping threads took: 0.0014680 seconds
68.888: Application time: 0.0299190 seconds
68.890: [GC68.890: [ParNew: 37567K->4158K(37568K), 0.0026230 secs] 377225K->346377K(758420K), 0.0026690 secs] [Times: user=0.02 sys=0.00, real=0.00 secs] 
68.893: Total time for which application threads were stopped: 0.0049060 seconds, Stopping threads took: 0.0021710 seconds
68.893: Application time: 0.0001370 seconds
68.894: [GC [1 CMS-initial-mark: 342219K(720852K)] 348128K(758420K), 0.0001920 secs] [Times: user=0.00 sys=0.00, real=0.00 secs] 
68.894: Total time for which application threads were stopped: 0.0005500 seconds, Stopping threads took: 0.0003370 seconds
68.894: [CMS-concurrent-mark-start]
68.904: [CMS-concurrent-mark: 0.010/0.010 secs] [Times: user=0.07 sys=0.00, real=0.01 secs] 
68.904: [CMS-concurrent-preclean-start]
68.905: [CMS-concurrent-preclean: 0.001/0.001 secs] [Times: user=0.00 sys=0.00, real=0.00 secs] 
68.905: [CMS-concurrent-abortable-preclean-start]
68.923: Application time: 0.0288140 seconds
68.924: [GC68.924: [ParNew: 37566K->4158K(37568K), 0.0024820 secs] 379785K->348376K(758420K), 0.0025240 secs] [Times: user=0.02 sys=0.00, real=0.01 secs] 
68.927: Total time for which application threads were stopped: 0.0043530 seconds, Stopping threads took: 0.0017660 seconds
68.957: Application time: 0.0297180 seconds
68.958: [GC68.958: [ParNew: 37566K->4159K(37568K), 0.0022320 secs] 381784K->349689K(758420K), 0.0022850 secs] [Times: user=0.01 sys=0.00, real=0.00 secs] 
68.960: Total time for which application threads were stopped: 0.0032160 seconds, Stopping threads took: 0.0008660 seconds
68.989: Application time: 0.0296010 seconds
68.991: [GC68.991: [ParNew: 37567K->4159K(37568K), 0.0024370 secs] 383097K->351397K(758420K), 0.0024780 secs] [Times: user=0.02 sys=0.00, real=0.00 secs] 
68.994: Total time for which application threads were stopped: 0.0040820 seconds, Stopping threads took: 0.0015180 seconds
69.024: Application time: 0.0301400 seconds
69.025: [GC69.025: [ParNew: 37567K->4158K(37568K), 0.0021240 secs] 384805K->352470K(758420K), 0.0021700 secs] [Times: user=0.02 sys=0.00, real=0.01 secs] 
69.027: Total time for which application threads were stopped: 0.0033470 seconds, Stopping threads took: 0.0011100 seconds
69.056: Application time: 0.0288750 seconds
69.058: [GC69.058: [ParNew: 37566K->4159K(37568K), 0.0021560 secs] 385878K->353477K(758420K), 0.0021980 secs] [Times: user=0.01 sys=0.00, real=0.00 secs] 
69.060: Total time for which application threads were stopped: 0.0043060 seconds, Stopping threads took: 0.0020360 seconds
69.090: Application time: 0.0295630 seconds
69.092: [GC69.092: [ParNew: 37566K->4159K(37568K), 0.0022410 secs] 386884K->354783K(758420K), 0.0022850 secs] [Times: user=0.02 sys=0.00, real=0.00 secs] 
69.094: Total time for which application threads were stopped: 0.0042670 seconds, Stopping threads took: 0.0019170 seconds
69.123: Application time: 0.0292470 seconds
69.126: [GC69.126: [ParNew: 37567K->4158K(37568K), 0.0026220 secs] 388191K->357003K(758420K), 0.0026670 secs] [Times: user=0.02 sys=0.00, real=0.01 secs] 
69.128: Total time for which application threads were stopped: 0.0051870 seconds, Stopping threads took: 0.0024540 seconds
69.158: Application time: 0.0298780 seconds
69.159: [GC69.159: [ParNew: 37566K->4158K(37568K), 0.0025100 secs] 390411K->359165K(758420K), 0.0025510 secs] [Times: user=0.02 sys=0.00, real=0.00 secs] 
69.162: Total time for which application threads were stopped: 0.0036620 seconds, Stopping threads took: 0.0010440 seconds
69.192: Application time: 0.0295930 seconds
69.194: [GC69.194: [ParNew: 37566K->4158K(37568K), 0.0024540 secs] 392573K->361244K(758420K), 0.0025000 secs] [Times: user=0.02 sys=0.00, real=0.01 secs] 
69.196: Total time for which application threads were stopped: 0.0046720 seconds, Stopping threads took: 0.0021090 seconds
69.225: Application time: 0.0290800 seconds
69.227: [GC69.227: [ParNew: 37566K->4159K(37568K), 0.0025800 secs] 394652K->363663K(758420K), 0.0026240 secs] [Times: user=0.02 sys=0.00, real=0.00 secs] 
69.230: Total time for which application threads were stopped: 0.0045260 seconds, Stopping threads took: 0.0018380 seconds
69.261: Application time: 0.0307670 seconds
69.264: [GC69.264: [ParNew: 37567K->4158K(37568K), 0.0028940 secs] 397071K->367093K(758420K), 0.0029390 secs] [Times: user=0.02 sys=0.00, real=0.00 secs] 
69.266: Total time for which application threads were stopped: 0.0058160 seconds, Stopping threads took: 0.0028100 seconds
69.298: Application time: 0.0315810 seconds
69.301: [GC69.301: [ParNew: 37566K->4159K(37568K), 0.0028550 secs] 400501K->370343K(758420K), 0.0029010 secs] [Times: user=0.02 sys=0.00, real=0.00 secs] 
69.304: Total time for which application threads were stopped: 0.0054700 seconds, Stopping threads took: 0.0025020 seconds
69.334: Application time: 0.0305750 seconds
69.336: [GC69.336: [ParNew: 37567K->4159K(37568K), 0.0029420 secs] 403751K->373611K(758420K), 0.0029890 secs] [Times: user=0.02 sys=0.00, real=0.00 secs] 
69.339: Total time for which application threads were stopped: 0.0049180 seconds, Stopping threads took: 0.0018590 seconds
69.371: Application time: 0.0318620 seconds
69.374: [GC69.374: [ParNew: 37567K->4159K(37568K), 0.0028180 secs] 407019K->376722K(758420K), 0.0028640 secs] [Times: user=0.02 sys=0.00, real=0.01 secs] 
69.377: Total time for which application threads were stopped: 0.0056280 seconds, Stopping threads took: 0.0026970 seconds
69.408: Application time: 0.0319740 seconds
69.412: [GC69.412: [ParNew: 37567K->4158K(37568K), 0.0024830 secs] 410130K->378586K(758420K), 0.0025350 secs] [Times: user=0.01 sys=0.00, real=0.00 secs] 
69.414: Total time for which application threads were stopped: 0.0058400 seconds, Stopping threads took: 0.0032370 seconds
69.447: Application time: 0.0323480 seconds
69.449: [GC69.449: [ParNew: 37566K->3898K(37568K), 0.0017700 secs] 411994K->378354K(758420K), 0.0018100 secs] [Times: user=0.02 sys=0.00, real=0.00 secs] 
69.451: Total time for which application threads were stopped: 0.0042710 seconds, Stopping threads took: 0.0023960 seconds
69.484: Application time: 0.0325760 seconds
69.486: [GC69.486: [ParNew: 37306K->3467K(37568K), 0.0016780 secs] 411762K->377923K(758420K), 0.0017210 secs] [Times: user=0.01 sys=0.00, real=0.01 secs] 
69.488: Total time for which application threads were stopped: 0.0040670 seconds, Stopping threads took: 0.0022810 seconds
69.519: Application time: 0.0314770 seconds
69.521: [GC69.521: [ParNew: 36875K->4158K(37568K), 0.0021640 secs] 411331K->379388K(758420K), 0.0022100 secs] [Times: user=0.02 sys=0.00, real=0.00 secs] 
69.523: Total time for which application threads were stopped: 0.0041000 seconds, Stopping threads took: 0.0018230 seconds
69.556: Application time: 0.0325470 seconds
69.558: [GC69.558: [ParNew: 37565K->4159K(37568K), 0.0022480 secs] 412795K->380575K(758420K), 0.0022920 secs] [Times: user=0.02 sys=0.00, real=0.00 secs] 
69.560: Total time for which application threads were stopped: 0.0043150 seconds, Stopping threads took: 0.0019550 seconds
69.592: Application time: 0.0314690 seconds
69.593: [GC69.593: [ParNew: 37567K->4159K(37568K), 0.0025800 secs] 413983K->382863K(758420K), 0.0026240 secs] [Times: user=0.01 sys=0.00, real=0.01 secs] 
69.596: Total time for which application threads were stopped: 0.0041760 seconds, Stopping threads took: 0.0014750 seconds
69.626: Application time: 0.0300240 seconds
69.628: [GC69.628: [ParNew: 37567K->4158K(37568K), 0.0025780 secs] 416271K->385073K(758420K), 0.0026260 secs] [Times: user=0.02 sys=0.00, real=0.00 secs] 
69.631: Total time for which application threads were stopped: 0.0051390 seconds, Stopping threads took: 0.0024450 seconds
69.663: Application time: 0.0324190 seconds
69.667: [GC69.667: [ParNew: 37564K->4158K(37568K), 0.0024440 secs] 418479K->387189K(758420K), 0.0024890 secs] [Times: user=0.01 sys=0.00, real=0.01 secs] 
69.669: Total time for which application threads were stopped: 0.0057630 seconds, Stopping threads took: 0.0032070 seconds
69.700: Application time: 0.0305580 seconds
69.702: [GC69.702: [ParNew: 37566K->4159K(37568K), 0.0024520 secs] 420597K->389229K(758420K), 0.0024940 secs] [Times: user=0.02 sys=0.00, real=0.00 secs] 
69.705: Total time for which application threads were stopped: 0.0052380 seconds, Stopping threads took: 0.0026790 seconds
69.736: Application time: 0.0307910 seconds
69.737: [GC69.737: [ParNew: 37567K->4158K(37568K), 0.0024340 secs] 422637K->391160K(758420K), 0.0024770 secs] [Times: user=0.01 sys=0.00, real=0.00 secs] 
69.739: Total time for which application threads were stopped: 0.0037060 seconds, Stopping threads took: 0.0011630 seconds
69.771: Application time: 0.0315870 seconds
69.774: [GC69.774: [ParNew: 37566K->4158K(37568K), 0.0024860 secs] 424568K->392932K(758420K), 0.0025310 secs] [Times: user=0.02 sys=0.00, real=0.01 secs] 
69.776: Total time for which application threads were stopped: 0.0051980 seconds, Stopping threads took: 0.0026010 seconds
69.807: Application time: 0.0306900 seconds
69.810: [GC69.810: [ParNew: 37565K->4159K(37568K), 0.0024920 secs] 426339K->394963K(758420K), 0.0025400 secs] [Times: user=0.02 sys=0.00, real=0.00 secs] 
69.812: Total time for which application threads were stopped: 0.0052940 seconds, Stopping threads took: 0.0026880 seconds
69.843: Application time: 0.0307370 seconds
69.846: [GC69.846: [ParNew: 37567K->4159K(37568K), 0.0026140 secs] 428371K->397346K(758420K), 0.0026560 secs] [Times: user=0.02 sys=0.00, real=0.01 secs] 
69.848: Total time for which application threads were stopped: 0.0055960 seconds, Stopping threads took: 0.0028730 seconds
69.878: Application time: 0.0298260 seconds
69.880: [GC69.880: [ParNew: 37567K->4158K(37568K), 0.0029000 secs] 430754K->400712K(758420K), 0.0029550 secs] [Times: user=0.02 sys=0.00, real=0.00 secs] 
69.883: Total time for which application threads were stopped: 0.0049240 seconds, Stopping threads took: 0.0019010 seconds
69.913: Application time: 0.0302570 seconds
69.916: [GC69.916: [ParNew: 37564K->4158K(37568K), 0.0025360 secs] 434119K->402862K(758420K), 0.0025790 secs] [Times: user=0.01 sys=0.00, real=0.00 secs] 
69.918: Total time for which application threads were stopped: 0.0049950 seconds, Stopping threads took: 0.0023500 seconds
69.950: Application time: 0.0315600 seconds
69.952: [GC69.952: [ParNew: 37566K->4159K(37568K), 0.0024590 secs] 436270K->404907K(758420K), 0.0025050 secs] [Times: user=0.02 sys=0.00, real=0.00 secs] 
69.954: Total time for which application threads were stopped: 0.0041890 seconds, Stopping threads took: 0.0016160 seconds
69.986: Application time: 0.0313830 seconds
69.988: [GC69.988: [ParNew: 37567K->4159K(37568K), 0.0022860 secs] 438315K->406331K(758420K), 0.0023300 secs] [Times: user=0.01 sys=0.00, real=0.00 secs] 
69.990: Total time for which application threads were stopped: 0.0042600 seconds, Stopping threads took: 0.0018620 seconds
70.022: Application time: 0.0322310 seconds
70.025: [GC70.025: [ParNew: 37567K->4158K(37568K), 0.0026930 secs] 439739K->408986K(758420K), 0.0027360 secs] [Times: user=0.02 sys=0.00, real=0.01 secs] 
70.028: Total time for which application threads were stopped: 0.0059990 seconds, Stopping threads took: 0.0031990 seconds
70.059: Application time: 0.0305430 seconds
70.060: [GC70.060: [ParNew: 37566K->4159K(37568K), 0.0026180 secs] 442394K->411594K(758420K), 0.0026610 secs] [Times: user=0.02 sys=0.00, real=0.00 secs] 
70.063: Total time for which application threads were stopped: 0.0039360 seconds, Stopping threads took: 0.0011980 seconds
70.095: Application time: 0.0328180 seconds
70.097: [GC70.097: [ParNew: 37567K->4158K(37568K), 0.0024710 secs] 445002K->413692K(758420K), 0.0025160 secs] [Times: user=0.02 sys=0.00, real=0.00 secs] 
70.100: Total time for which application threads were stopped: 0.0043410 seconds, Stopping threads took: 0.0017490 seconds
70.130: Application time: 0.0305170 seconds
70.132: [GC70.132: [ParNew: 37566K->4158K(37568K), 0.0029170 secs] 447100K->417046K(758420K), 0.0029620 secs] [Times: user=0.02 sys=0.00, real=0.01 secs] 
70.135: Total time for which application threads were stopped: 0.0043940 seconds, Stopping threads took: 0.0013640 seconds
70.167: Application time: 0.0320350 seconds
70.170: [GC70.170: [ParNew: 37566K->4159K(37568K), 0.0027840 secs] 450454K->420093K(758420K), 0.0028280 secs] [Times: user=0.02 sys=0.00, real=0.00 secs] 
70.173: Total time for which application threads were stopped: 0.0057730 seconds, Stopping threads took: 0.0028860 seconds
70.203: Application time: 0.0306640 seconds
70.206: [GC70.206: [ParNew: 37567K->4158K(37568K), 0.0024560 secs] 453501K->422047K(758420K), 0.0025020 secs] [Times: user=0.02 sys=0.00, real=0.01 secs] 
70.208: Total time for which application threads were stopped: 0.0052120 seconds, Stopping threads took: 0.0026420 seconds
70.240: Application time: 0.0316400 seconds
70.241: [GC70.241: [ParNew: 37566K->4158K(37568K), 0.0024630 secs] 455455K->423806K(758420K), 0.0025080 secs] [Times: user=0.02 sys=0.00, real=0.00 secs] 
70.243: Total time for which application threads were stopped: 0.0033440 seconds, Stopping threads took: 0.0007680 seconds
70.275: Application time: 0.0313150 seconds
70.278: [GC70.278: [ParNew: 37566K->4159K(37568K), 0.0025570 secs] 457214K->426073K(758420K), 0.0026000 secs] [Times: user=0.02 sys=0.00, real=0.00 secs] 
70.280: Total time for which application threads were stopped: 0.0057790 seconds, Stopping threads took: 0.0031140 seconds
70.312: Application time: 0.0310500 seconds
70.313: [GC70.313: [ParNew: 37567K->4158K(37568K), 0.0026270 secs] 459481K->428716K(758420K), 0.0026690 secs] [Times: user=0.02 sys=0.00, real=0.01 secs] 
70.316: Total time for which application threads were stopped: 0.0044920 seconds, Stopping threads took: 0.0017500 seconds
70.346: Application time: 0.0299410 seconds
70.348: [GC70.348: [ParNew: 37566K->4158K(37568K), 0.0028770 secs] 462124K->432162K(758420K), 0.0029230 secs] [Times: user=0.02 sys=0.00, real=0.00 secs] 
70.351: Total time for which application threads were stopped: 0.0048790 seconds, Stopping threads took: 0.0018900 seconds
70.383: Application time: 0.0320100 seconds
70.385: [GC70.385: [ParNew: 37565K->4159K(37568K), 0.0025150 secs] 465569K->434375K(758420K), 0.0025610 secs] [Times: user=0.02 sys=0.00, real=0.01 secs] 
70.388: Total time for which application threads were stopped: 0.0048950 seconds, Stopping threads took: 0.0022690 seconds
70.418: Application time: 0.0306460 seconds
70.421: [GC70.421: [ParNew: 37567K->4159K(37568K), 0.0028630 secs] 467783K->437456K(758420K), 0.0029060 secs] [Times: user=0.02 sys=0.00, real=0.00 secs] 
70.424: Total time for which application threads were stopped: 0.0057590 seconds, Stopping threads took: 0.0027940 seconds
70.456: Application time: 0.0317960 seconds
70.458: [GC70.458: [ParNew: 37567K->4159K(37568K), 0.0022920 secs] 470864K->438838K(758420K), 0.0023370 secs] [Times: user=0.01 sys=0.00, real=0.00 secs] 
70.461: Total time for which application threads were stopped: 0.0047570 seconds, Stopping threads took: 0.0023540 seconds
70.492: Application time: 0.0313980 seconds
70.494: [GC70.494: [ParNew: 37567K->4159K(37568K), 0.0025700 secs] 472246K->441221K(758420K), 0.0026160 secs] [Times: user=0.02 sys=0.00, real=0.01 secs] 
70.497: Total time for which application threads were stopped: 0.0048800 seconds, Stopping threads took: 0.0021970 seconds
70.528: Application time: 0.0306720 seconds
70.530: [GC70.530: [ParNew: 37567K->4159K(37568K), 0.0025290 secs] 474629K->443469K(758420K), 0.0025720 secs] [Times: user=0.02 sys=0.00, real=0.00 secs] 
70.533: Total time for which application threads were stopped: 0.0048620 seconds, Stopping threads took: 0.0022200 seconds
70.563: Application time: 0.0308920 seconds
70.565: [GC70.565: [ParNew: 37567K->4158K(37568K), 0.0026330 secs] 476877K->445959K(758420K), 0.0026760 secs] [Times: user=0.02 sys=0.00, real=0.01 secs] 
70.568: Total time for which application threads were stopped: 0.0044210 seconds, Stopping threads took: 0.0016770 seconds
70.598: Application time: 0.0299470 seconds
70.600: [GC70.600: [ParNew: 37566K->4158K(37568K), 0.0029250 secs] 479367K->449287K(758420K), 0.0029700 secs] [Times: user=0.02 sys=0.00, real=0.00 secs] 
70.603: Total time for which application threads were stopped: 0.0050450 seconds, Stopping threads took: 0.0020000 seconds
70.634: Application time: 0.0310700 seconds
70.636: [GC70.636: [ParNew: 37566K->4159K(37568K), 0.0027050 secs] 482695K->451869K(758420K), 0.0027500 secs] [Times: user=0.02 sys=0.00, real=0.00 secs] 
70.639: Total time for which application threads were stopped: 0.0049660 seconds, Stopping threads took: 0.0021500 seconds
70.671: Application time: 0.0323330 seconds
70.674: [GC70.674: [ParNew: 37566K->4158K(37568K), 0.0022230 secs] 485276K->453204K(758420K), 0.0022670 secs] [Times: user=0.02 sys=0.00, real=0.01 secs] 
70.676: Total time for which application threads were stopped: 0.0051960 seconds, Stopping threads took: 0.0028610 seconds
70.708: Application time: 0.0319130 seconds
70.711: [GC70.711: [ParNew: 37566K->4159K(37568K), 0.0026380 secs] 486612K->455427K(758420K), 0.0026820 secs] [Times: user=0.02 sys=0.00, real=0.00 secs] 
70.714: Total time for which application threads were stopped: 0.0056290 seconds, Stopping threads took: 0.0028720 seconds
70.746: Application time: 0.0322470 seconds
70.748: [GC70.748: [ParNew: 37567K->4158K(37568K), 0.0025150 secs] 488835K->457456K(758420K), 0.0025610 secs] [Times: user=0.01 sys=0.00, real=0.00 secs] 
70.751: Total time for which application threads were stopped: 0.0044080 seconds, Stopping threads took: 0.0017700 seconds
70.780: Application time: 0.0298000 seconds
70.783: [GC70.783: [ParNew: 37566K->4158K(37568K), 0.0028730 secs] 490864K->460683K(758420K), 0.0029280 secs] [Times: user=0.02 sys=0.01, real=0.00 secs] 
70.786: Total time for which application threads were stopped: 0.0050750 seconds, Stopping threads took: 0.0020800 seconds
70.816: Application time: 0.0307200 seconds
70.818: [GC70.818: [ParNew: 37566K->4159K(37568K), 0.0027340 secs] 494091K->463590K(758420K), 0.0027790 secs] [Times: user=0.02 sys=0.00, real=0.00 secs] 
70.821: Total time for which application threads were stopped: 0.0046530 seconds, Stopping threads took: 0.0018080 seconds
70.853: Application time: 0.0318990 seconds
70.855: [GC70.855: [ParNew: 37565K->4158K(37568K), 0.0024530 secs] 496996K->465439K(758420K), 0.0024950 secs] [Times: user=0.02 sys=0.00, real=0.00 secs] 
70.857: Total time for which application threads were stopped: 0.0044080 seconds, Stopping threads took: 0.0018460 seconds
70.888: Application time: 0.0307450 seconds
70.890: [GC70.890: [ParNew: 37566K->4158K(37568K), 0.0023850 secs] 498847K->467076K(758420K), 0.0024310 secs] [Times: user=0.01 sys=0.00, real=0.00 secs] 
70.893: Total time for which application threads were stopped: 0.0048520 seconds, Stopping threads took: 0.0023530 seconds
70.925: Application time: 0.0318230 seconds
70.927: [GC70.927: [ParNew: 37566K->4159K(37568K), 0.0025740 secs] 500484K->469079K(758420K), 0.0026220 secs] [Times: user=0.02 sys=0.00, real=0.00 secs] 
70.929: Total time for which application threads were stopped: 0.0046970 seconds, Stopping threads took: 0.0019880 seconds
70.960: Application time: 0.0309860 seconds
70.963: [GC70.963: [ParNew: 37567K->4159K(37568K), 0.0027730 secs] 502487K->471857K(758420K), 0.0028190 secs] [Times: user=0.02 sys=0.00, real=0.00 secs] 
70.966: Total time for which application threads were stopped: 0.0055300 seconds, Stopping threads took: 0.0026200 seconds
70.997: Application time: 0.0308430 seconds
70.999: [GC70.999: [ParNew: 37567K->4159K(37568K), 0.0028630 secs] 505265K->474512K(758420K), 0.0029110 secs] [Times: user=0.02 sys=0.00, real=0.00 secs] 
71.002: Total time for which application threads were stopped: 0.0051800 seconds, Stopping threads took: 0.0021800 seconds
71.032: Application time: 0.0305090 seconds
71.035: [GC71.035: [ParNew: 37567K->4158K(37568K), 0.0027800 secs] 507920K->477638K(758420K), 0.0028270 secs] [Times: user=0.02 sys=0.00, real=0.00 secs] 
71.038: Total time for which application threads were stopped: 0.0053430 seconds, Stopping threads took: 0.0024490 seconds
71.069: Application time: 0.0312550 seconds
71.071: [GC71.071: [ParNew: 37566K->4158K(37568K), 0.0025730 secs] 511046K->479748K(758420K), 0.0026160 secs] [Times: user=0.01 sys=0.00, real=0.00 secs] 
71.074: Total time for which application threads were stopped: 0.0049630 seconds, Stopping threads took: 0.0022860 seconds
71.106: Application time: 0.0318710 seconds
71.109: [GC71.109: [ParNew: 37566K->4159K(37568K), 0.0021790 secs] 513156K->480531K(758420K), 0.0022250 secs] [Times: user=0.02 sys=0.00, real=0.00 secs] 
71.111: Total time for which application threads were stopped: 0.0054820 seconds, Stopping threads took: 0.0031800 seconds
71.143: Application time: 0.0318620 seconds
71.145: [GC71.145: [ParNew: 37567K->4158K(37568K), 0.0021240 secs] 513939K->481105K(758420K), 0.0021680 secs] [Times: user=0.02 sys=0.00, real=0.01 secs] 
71.147: Total time for which application threads were stopped: 0.0035910 seconds, Stopping threads took: 0.0013560 seconds
71.180: Application time: 0.0328430 seconds
71.182: [GC71.182: [ParNew: 37564K->4077K(37568K), 0.0018990 secs] 514511K->481024K(758420K), 0.0019400 secs] [Times: user=0.02 sys=0.00, real=0.00 secs] 
71.184: Total time for which application threads were stopped: 0.0039320 seconds, Stopping threads took: 0.0019280 seconds
71.216: Application time: 0.0320080 seconds
71.218: [GC71.218: [ParNew: 37485K->4158K(37568K), 0.0024730 secs] 514432K->483040K(758420K), 0.0025180 secs] [Times: user=0.02 sys=0.00, real=0.00 secs] 
71.220: Total time for which application threads were stopped: 0.0048720 seconds, Stopping threads took: 0.0022870 seconds
71.252: Application time: 0.0313800 seconds
71.254: [GC71.254: [ParNew: 37564K->4158K(37568K), 0.0025310 secs] 516446K->485225K(758420K), 0.0025850 secs] [Times: user=0.02 sys=0.00, real=0.01 secs] 
71.256: Total time for which application threads were stopped: 0.0045270 seconds, Stopping threads took: 0.0018730 seconds
71.288: Application time: 0.0319790 seconds
71.291: [GC71.291: [ParNew: 37566K->4159K(37568K), 0.0023080 secs] 518633K->486789K(758420K), 0.0023510 secs] [Times: user=0.02 sys=0.00, real=0.00 secs] 
71.294: Total time for which application threads were stopped: 0.0054810 seconds, Stopping threads took: 0.0030630 seconds
71.326: Application time: 0.0320890 seconds
71.328: [GC71.328: [ParNew: 37567K->4158K(37568K), 0.0021900 secs] 520197K->487690K(758420K), 0.0022310 secs] [Times: user=0.01 sys=0.00, real=0.00 secs] 
71.330: Total time for which application threads were stopped: 0.0039900 seconds, Stopping threads took: 0.0016730 seconds
71.362: Application time: 0.0319430 seconds
71.365: [GC71.365: [ParNew: 37566K->4159K(37568K), 0.0026380 secs] 521098K->489898K(758420K), 0.0026860 secs] [Times: user=0.02 sys=0.00, real=0.01 secs] 
71.367: Total time for which application threads were stopped: 0.0056530 seconds, Stopping threads took: 0.0029000 seconds
71.399: Application time: 0.0310830 seconds
71.401: [GC71.401: [ParNew: 37567K->4159K(37568K), 0.0027720 secs] 523306K->492912K(758420K), 0.0028150 secs] [Times: user=0.02 sys=0.00, real=0.00 secs] 
71.404: Total time for which application threads were stopped: 0.0057520 seconds, Stopping threads took: 0.0028700 seconds
71.436: Application time: 0.0312670 seconds
71.437: [GC71.437: [ParNew: 37567K->4158K(37568K), 0.0025330 secs] 526320K->494844K(758420K), 0.0025800 secs] [Times: user=0.02 sys=0.00, real=0.00 secs] 
71.440: Total time for which application threads were stopped: 0.0042790 seconds, Stopping threads took: 0.0016330 seconds
71.470: Application time: 0.0302770 seconds
71.472: [GC71.472: [ParNew: 37566K->4158K(37568K), 0.0024390 secs] 528252K->496672K(758420K), 0.0024820 secs] [Times: user=0.01 sys=0.00, real=0.00 secs] 
71.474: Total time for which application threads were stopped: 0.0041780 seconds, Stopping threads took: 0.0016280 seconds
71.507: Application time: 0.0323830 seconds
71.508: [GC71.508: [ParNew: 37566K->4158K(37568K), 0.0024020 secs] 530080K->498433K(758420K), 0.0024470 secs] [Times: user=0.02 sys=0.00, real=0.00 secs] 
71.510: Total time for which application threads were stopped: 0.0037040 seconds, Stopping threads took: 0.0011890 seconds
71.542: Application time: 0.0317630 seconds
71.546: [GC71.546: [ParNew: 37566K->4158K(37568K), 0.0023090 secs] 531841K->499908K(758420K), 0.0023530 secs] [Times: user=0.01 sys=0.00, real=0.01 secs] 
71.549: Total time for which application threads were stopped: 0.0066530 seconds, Stopping threads took: 0.0042340 seconds
71.580: Application time: 0.0310060 seconds
71.581: [GC71.581: [ParNew: 37566K->4159K(37568K), 0.0024780 secs] 533316K->501734K(758420K), 0.0025240 secs] [Times: user=0.02 sys=0.00, real=0.00 secs] 
71.584: Total time for which application threads were stopped: 0.0040780 seconds, Stopping threads took: 0.0014660 seconds
71.615: Application time: 0.0309300 seconds
71.617: [GC71.617: [ParNew: 37567K->4158K(37568K), 0.0027960 secs] 535142K->504423K(758420K), 0.0028410 secs] [Times: user=0.02 sys=0.00, real=0.00 secs] 
71.620: Total time for which application threads were stopped: 0.0050850 seconds, Stopping threads took: 0.0021470 seconds
71.651: Application time: 0.0311790 seconds
71.654: [GC71.654: [ParNew: 37566K->4159K(37568K), 0.0026190 secs] 537831K->506532K(758420K), 0.0026640 secs] [Times: user=0.02 sys=0.00, real=0.01 secs] 
71.657: Total time for which application threads were stopped: 0.0056090 seconds, Stopping threads took: 0.0028580 seconds
71.688: Application time: 0.0316510 seconds
71.691: [GC71.691: [ParNew: 37567K->4159K(37568K), 0.0024780 secs] 539940K->508544K(758420K), 0.0025240 secs] [Times: user=0.02 sys=0.00, real=0.00 secs] 
71.694: Total time for which application threads were stopped: 0.0051090 seconds, Stopping threads took: 0.0025130 seconds
71.725: Application time: 0.0315860 seconds
71.726: [GC71.726: [ParNew: 37566K->4159K(37568K), 0.0026690 secs] 541952K->510860K(758420K), 0.0027150 secs] [Times: user=0.02 sys=0.00, real=0.01 secs] 
71.729: Total time for which application threads were stopped: 0.0035940 seconds, Stopping threads took: 0.0008150 seconds
71.761: Application time: 0.0320040 seconds
71.763: [GC71.763: [ParNew: 37567K->4159K(37568K), 0.0028130 secs] 544268K->513597K(758420K), 0.0028600 secs] [Times: user=0.02 sys=0.00, real=0.00 secs] 
71.765: Total time for which application threads were stopped: 0.0046980 seconds, Stopping threads took: 0.0017710 seconds
71.796: Application time: 0.0308560 seconds
71.798: [GC71.798: [ParNew: 37567K->4158K(37568K), 0.0028410 secs] 547005K->516319K(758420K), 0.0028840 secs] [Times: user=0.02 sys=0.00, real=0.00 secs] 
71.801: Total time for which application threads were stopped: 0.0051180 seconds, Stopping threads took: 0.0021670 seconds
71.832: Application time: 0.0304560 seconds
71.834: [GC71.834: [ParNew: 37566K->4159K(37568K), 0.0023630 secs] 549727K->517935K(758420K), 0.0024110 secs] [Times: user=0.02 sys=0.00, real=0.01 secs] 
71.836: Total time for which application threads were stopped: 0.0042270 seconds, Stopping threads took: 0.0017500 seconds
71.867: Application time: 0.0310530 seconds
71.870: [GC71.870: [ParNew: 37567K->4159K(37568K), 0.0026660 secs] 551343K->520321K(758420K), 0.0027120 secs] [Times: user=0.02 sys=0.00, real=0.00 secs] 
71.873: Total time for which application threads were stopped: 0.0055940 seconds, Stopping threads took: 0.0027950 seconds
71.903: Application time: 0.0305440 seconds
71.906: [GC71.906: [ParNew: 37567K->4158K(37568K), 0.0026730 secs] 553729K->522620K(758420K), 0.0027190 secs] [Times: user=0.01 sys=0.00, real=0.01 secs] 
71.909: Total time for which application threads were stopped: 0.0055640 seconds, Stopping threads took: 0.0027770 seconds
71.941: Application time: 0.0325380 seconds
71.944: [GC71.944: [ParNew: 37565K->4158K(37568K), 0.0027170 secs] 556027K->524811K(758420K), 0.0027640 secs] [Times: user=0.02 sys=0.00, real=0.01 secs] 
71.947: Total time for which application threads were stopped: 0.0057930 seconds, Stopping threads took: 0.0029640 seconds
71.977: Application time: 0.0301010 seconds
71.979: [GC71.980: [ParNew: 37566K->4159K(37568K), 0.0028400 secs] 558219K->527826K(758420K), 0.0028820 secs] [Times: user=0.02 sys=0.00, real=0.00 secs] 
71.982: Total time for which application threads were stopped: 0.0051390 seconds, Stopping threads took: 0.0021910 seconds
72.013: Application time: 0.0306910 seconds
72.014: [GC72.015: [ParNew: 37567K->4158K(37568K), 0.0028310 secs] 561234K->530707K(758420K), 0.0028740 secs] [Times: user=0.02 sys=0.00, real=0.01 secs] 
72.017: Total time for which application threads were stopped: 0.0043040 seconds, Stopping threads took: 0.0013640 seconds
72.049: Application time: 0.0311180 seconds
72.052: [GC72.052: [ParNew: 37566K->4158K(37568K), 0.0024910 secs] 564115K->532578K(758420K), 0.0025350 secs] [Times: user=0.01 sys=0.00, real=0.00 secs] 
72.054: Total time for which application threads were stopped: 0.0057890 seconds, Stopping threads took: 0.0031660 seconds
72.086: Application time: 0.0318710 seconds
72.087: [GC72.087: [ParNew: 37566K->4159K(37568K), 0.0024040 secs] 565986K->534203K(758420K), 0.0024500 secs] [Times: user=0.02 sys=0.00, real=0.00 secs] 
72.090: Total time for which application threads were stopped: 0.0034020 seconds, Stopping threads took: 0.0008840 seconds
72.121: Application time: 0.0311210 seconds
72.122: [GC72.122: [ParNew: 37566K->4159K(37568K), 0.0028140 secs] 567610K->536674K(758420K), 0.0028620 secs] [Times: user=0.02 sys=0.00, real=0.00 secs] 
72.125: Total time for which application threads were stopped: 0.0042620 seconds, Stopping threads took: 0.0013270 seconds
72.157: Application time: 0.0315510 seconds
72.159: [GC72.159: [ParNew: 37567K->4159K(37568K), 0.0029210 secs] 570082K->540001K(758420K), 0.0029750 secs] [Times: user=0.02 sys=0.00, real=0.00 secs] 
72.162: Total time for which application threads were stopped: 0.0058260 seconds, Stopping threads took: 0.0027840 seconds
72.194: Application time: 0.0312160 seconds
72.197: [GC72.197: [ParNew: 37567K->4158K(37568K), 0.0029770 secs] 573409K->543213K(758420K), 0.0030240 secs] [Times: user=0.02 sys=0.00, real=0.00 secs] 
72.200: Total time for which application threads were stopped: 0.0060350 seconds, Stopping threads took: 0.0029210 seconds
72.230: Application time: 0.0306330 seconds
72.232: [GC72.232: [ParNew: 37566K->4159K(37568K), 0.0025360 secs] 576621K->545309K(758420K), 0.0025810 secs] [Times: user=0.02 sys=0.00, real=0.01 secs] 
72.235: Total time for which application threads were stopped: 0.0045140 seconds, Stopping threads took: 0.0018650 seconds
72.267: Application time: 0.0321760 seconds
72.270: [GC72.270: [ParNew: 37567K->4159K(37568K), 0.0023020 secs] 578717K->546638K(758420K), 0.0023470 secs] [Times: user=0.02 sys=0.00, real=0.00 secs] 
72.272: Total time for which application threads were stopped: 0.0053540 seconds, Stopping threads took: 0.0029400 seconds
72.303: Application time: 0.0304150 seconds
72.304: [GC72.305: [ParNew: 37567K->4159K(37568K), 0.0026760 secs] 580046K->549301K(758420K), 0.0027250 secs] [Times: user=0.02 sys=0.00, real=0.01 secs] 
72.307: Total time for which application threads were stopped: 0.0045220 seconds, Stopping threads took: 0.0017290 seconds
72.339: Application time: 0.0320370 seconds
72.343: [GC72.343: [ParNew: 37567K->4159K(37568K), 0.0025690 secs] 582709K->551661K(758420K), 0.0026130 secs] [Times: user=0.02 sys=0.00, real=0.00 secs] 
72.345: Total time for which application threads were stopped: 0.0058690 seconds, Stopping threads took: 0.0031890 seconds
72.377: Application time: 0.0314230 seconds
72.379: [GC72.379: [ParNew: 37567K->4159K(37568K), 0.0028800 secs] 585069K->554892K(758420K), 0.0029240 secs] [Times: user=0.02 sys=0.00, real=0.00 secs] 
72.382: Total time for which application threads were stopped: 0.0056990 seconds, Stopping threads took: 0.0027090 seconds
72.414: Application time: 0.0315960 seconds
72.416: [GC72.416: [ParNew: 37567K->4158K(37568K), 0.0019840 secs] 588300K->555319K(758420K), 0.0020250 secs] [Times: user=0.02 sys=0.00, real=0.00 secs] 
72.418: Total time for which application threads were stopped: 0.0043870 seconds, Stopping threads took: 0.0022950 seconds
72.450: Application time: 0.0312810 seconds
72.451: [GC72.451: [ParNew: 37566K->4158K(37568K), 0.0027630 secs] 588727K->557539K(758420K), 0.0028120 secs] [Times: user=0.02 sys=0.00, real=0.00 secs] 
72.454: Total time for which application threads were stopped: 0.0046260 seconds, Stopping threads took: 0.0017480 seconds
72.485: Application time: 0.0308240 seconds
72.487: [GC72.487: [ParNew: 37566K->4159K(37568K), 0.0030030 secs] 590947K->561083K(758420K), 0.0030460 secs] [Times: user=0.02 sys=0.00, real=0.00 secs] 
72.490: Total time for which application threads were stopped: 0.0050750 seconds, Stopping threads took: 0.0019410 seconds
72.521: Application time: 0.0313910 seconds
72.525: [GC72.525: [ParNew: 37567K->4158K(37568K), 0.0028370 secs] 594491K->563639K(758420K), 0.0028800 secs] [Times: user=0.02 sys=0.00, real=0.01 secs] 
72.527: Total time for which application threads were stopped: 0.0059390 seconds, Stopping threads took: 0.0029930 seconds
72.559: Application time: 0.0314200 seconds
72.561: [GC72.561: [ParNew: 37566K->4159K(37568K), 0.0022540 secs] 597047K->564589K(758420K), 0.0023020 secs] [Times: user=0.02 sys=0.00, real=0.00 secs] 
72.563: Total time for which application threads were stopped: 0.0044520 seconds, Stopping threads took: 0.0020620 seconds
72.595: Application time: 0.0322050 seconds
72.598: [GC72.598: [ParNew: 37567K->4002K(37568K), 0.0018720 secs] 597997K->564432K(758420K), 0.0019160 secs] [Times: user=0.02 sys=0.00, real=0.00 secs] 
72.600: Total time for which application threads were stopped: 0.0040260 seconds, Stopping threads took: 0.0020430 seconds
72.629: Application time: 0.0297340 seconds
72.632: [GC72.632: [ParNew: 37410K->4159K(37568K), 0.0031510 secs] 597840K->567869K(758420K), 0.0032050 secs] [Times: user=0.03 sys=0.00, real=0.01 secs] 
72.635: Total time for which application threads were stopped: 0.0054920 seconds, Stopping threads took: 0.0022110 seconds
72.667: Application time: 0.0317690 seconds
72.668: [GC72.668: [ParNew: 37567K->4159K(37568K), 0.0026800 secs] 601277K->569609K(758420K), 0.0027290 secs] [Times: user=0.01 sys=0.00, real=0.00 secs] 
72.671: Total time for which application threads were stopped: 0.0044510 seconds, Stopping threads took: 0.0016550 seconds
72.703: Application time: 0.0321590 seconds
72.706: [GC72.706: [ParNew: 37567K->4158K(37568K), 0.0027130 secs] 603017K->571717K(758420K), 0.0027600 secs] [Times: user=0.02 sys=0.00, real=0.01 secs] 
72.709: Total time for which application threads were stopped: 0.0054540 seconds, Stopping threads took: 0.0026030 seconds
72.739: Application time: 0.0304610 seconds
72.741: [GC72.741: [ParNew: 37566K->4159K(37568K), 0.0028550 secs] 605125K->574697K(758420K), 0.0029030 secs] [Times: user=0.02 sys=0.00, real=0.00 secs] 
72.744: Total time for which application threads were stopped: 0.0047660 seconds, Stopping threads took: 0.0017920 seconds
72.776: Application time: 0.0320310 seconds
72.777: [GC72.777: [ParNew: 37567K->4158K(37568K), 0.0025840 secs] 608105K->576582K(758420K), 0.0026310 secs] [Times: user=0.02 sys=0.00, real=0.00 secs] 
72.780: Total time for which application threads were stopped: 0.0041670 seconds, Stopping threads took: 0.0014730 seconds
72.813: Application time: 0.0326010 seconds
72.814: [GC72.814: [ParNew: 37564K->4010K(37568K), 0.0019280 secs] 609989K->576435K(758420K), 0.0019730 secs] [Times: user=0.01 sys=0.00, real=0.01 secs] 
72.816: Total time for which application threads were stopped: 0.0036750 seconds, Stopping threads took: 0.0016350 seconds
72.848: Application time: 0.0318150 seconds
72.850: [GC72.850: [ParNew: 37418K->4158K(37568K), 0.0029230 secs] 609843K->579291K(758420K), 0.0029710 secs] [Times: user=0.02 sys=0.00, real=0.00 secs] 
72.853: Total time for which application threads were stopped: 0.0047250 seconds, Stopping threads took: 0.0016850 seconds
72.884: Application time: 0.0308250 seconds
72.886: [GC72.886: [ParNew: 37566K->4159K(37568K), 0.0027540 secs] 612699K->581894K(758420K), 0.0028010 secs] [Times: user=0.02 sys=0.00, real=0.01 secs] 
72.889: Total time for which application threads were stopped: 0.0049510 seconds, Stopping threads took: 0.0020820 seconds
72.920: Application time: 0.0311920 seconds
72.922: [GC72.922: [ParNew: 37567K->4159K(37568K), 0.0027210 secs] 615302K->584434K(758420K), 0.0027670 secs] [Times: user=0.02 sys=0.00, real=0.00 secs] 
72.925: Total time for which application threads were stopped: 0.0048920 seconds, Stopping threads took: 0.0020560 seconds
72.955: Application time: 0.0304240 seconds
72.957: [GC72.957: [ParNew: 37567K->4159K(37568K), 0.0027220 secs] 617842K->586834K(758420K), 0.0027680 secs] [Times: user=0.02 sys=0.00, real=0.00 secs] 
72.960: Total time for which application threads were stopped: 0.0049000 seconds, Stopping threads took: 0.0020650 seconds
72.992: Application time: 0.0316750 seconds
72.994: [GC72.994: [ParNew: 37567K->4158K(37568K), 0.0030010 secs] 620242K->590189K(758420K), 0.0030470 secs] [Times: user=0.03 sys=0.00, real=0.01 secs] 
72.997: Total time for which application threads were stopped: 0.0050310 seconds, Stopping threads took: 0.0019150 seconds
73.028: Application time: 0.0311070 seconds
73.030: [GC73.030: [ParNew: 37566K->4158K(37568K), 0.0028370 secs] 623597K->593337K(758420K), 0.0028830 secs] [Times: user=0.02 sys=0.00, real=0.00 secs] 
73.033: Total time for which application threads were stopped: 0.0051380 seconds, Stopping threads took: 0.0021730 seconds
73.065: Application time: 0.0318070 seconds
73.068: [GC73.068: [ParNew: 37566K->4158K(37568K), 0.0025830 secs] 626745K->595400K(758420K), 0.0026300 secs] [Times: user=0.02 sys=0.00, real=0.00 secs] 
73.070: Total time for which application threads were stopped: 0.0056050 seconds, Stopping threads took: 0.0029080 seconds
73.103: Application time: 0.0324380 seconds
73.104: [GC73.104: [ParNew: 37566K->4158K(37568K), 0.0021290 secs] 628808K->595953K(758420K), 0.0021790 secs] [Times: user=0.01 sys=0.00, real=0.00 secs] 
73.106: Total time for which application threads were stopped: 0.0035680 seconds, Stopping threads took: 0.0013200 seconds
73.138: Application time: 0.0312040 seconds
73.140: [GC73.140: [ParNew: 37566K->4158K(37568K), 0.0026920 secs] 629361K->597973K(758420K), 0.0027400 secs] [Times: user=0.02 sys=0.00, real=0.00 secs] 
73.143: Total time for which application threads were stopped: 0.0053660 seconds, Stopping threads took: 0.0025290 seconds
73.174: Application time: 0.0305510 seconds
73.177: [GC73.177: [ParNew: 37566K->4159K(37568K), 0.0026760 secs] 631381K->600432K(758420K), 0.0027190 secs] [Times: user=0.02 sys=0.00, real=0.00 secs] 
73.180: Total time for which application threads were stopped: 0.0059620 seconds, Stopping threads took: 0.0031760 seconds
73.210: Application time: 0.0308180 seconds
73.212: [GC73.212: [ParNew: 37567K->4159K(37568K), 0.0027520 secs] 633840K->603175K(758420K), 0.0027970 secs] [Times: user=0.02 sys=0.00, real=0.01 secs] 
73.215: Total time for which application threads were stopped: 0.0046380 seconds, Stopping threads took: 0.0017750 seconds
73.246: Application time: 0.0307260 seconds
73.248: [GC73.248: [ParNew: 37567K->4158K(37568K), 0.0026750 secs] 636583K->605712K(758420K), 0.0027190 secs] [Times: user=0.02 sys=0.00, real=0.00 secs] 
73.250: Total time for which application threads were stopped: 0.0046140 seconds, Stopping threads took: 0.0018070 seconds
73.281: Application time: 0.0304510 seconds
73.284: [GC73.284: [ParNew: 37566K->4158K(37568K), 0.0026210 secs] 639120K->608185K(758420K), 0.0026640 secs] [Times: user=0.02 sys=0.00, real=0.00 secs] 
73.286: Total time for which application threads were stopped: 0.0054250 seconds, Stopping threads took: 0.0026980 seconds
73.315: Application time: 0.0291780 seconds
73.317: [GC73.317: [ParNew: 37565K->4159K(37568K), 0.0026400 secs] 641593K->610501K(758420K), 0.0026830 secs] [Times: user=0.02 sys=0.00, real=0.00 secs] 
73.320: Total time for which application threads were stopped: 0.0047650 seconds, Stopping threads took: 0.0020160 seconds
73.350: Application time: 0.0300070 seconds
73.352: [GC73.352: [ParNew: 37567K->4159K(37568K), 0.0024090 secs] 643909K->611761K(758420K), 0.0024540 secs] [Times: user=0.01 sys=0.00, real=0.00 secs] 
73.354: Total time for which application threads were stopped: 0.0041390 seconds, Stopping threads took: 0.0016190 seconds
73.384: Application time: 0.0295870 seconds
73.386: [GC73.386: [ParNew: 37567K->4159K(37568K), 0.0022650 secs] 645169K->612925K(758420K), 0.0023100 secs] [Times: user=0.02 sys=0.00, real=0.01 secs] 
73.388: Total time for which application threads were stopped: 0.0043810 seconds, Stopping threads took: 0.0019960 seconds
73.418: Application time: 0.0300740 seconds
73.420: [GC73.420: [ParNew: 37567K->4158K(37568K), 0.0018560 secs] 646333K->612985K(758420K), 0.0018980 secs] [Times: user=0.01 sys=0.00, real=0.00 secs] 
73.422: Total time for which application threads were stopped: 0.0038470 seconds, Stopping threads took: 0.0018640 seconds
73.452: Application time: 0.0296850 seconds
73.453: [GC73.454: [ParNew: 37566K->4158K(37568K), 0.0022430 secs] 646393K->614312K(758420K), 0.0022880 secs] [Times: user=0.02 sys=0.00, real=0.01 secs] 
73.456: Total time for which application threads were stopped: 0.0039080 seconds, Stopping threads took: 0.0015450 seconds
73.486: Application time: 0.0300280 seconds
73.489: [GC73.489: [ParNew: 37565K->4158K(37568K), 0.0022420 secs] 647718K->615592K(758420K), 0.0022840 secs] [Times: user=0.02 sys=0.00, real=0.00 secs] 
73.491: Total time for which application threads were stopped: 0.0051190 seconds, Stopping threads took: 0.0027710 seconds
73.521: Application time: 0.0304050 seconds
73.523: [GC73.523: [ParNew: 37566K->4158K(37568K), 0.0027510 secs] 649000K->618119K(758420K), 0.0027930 secs] [Times: user=0.02 sys=0.00, real=0.00 secs] 
73.526: Total time for which application threads were stopped: 0.0045730 seconds, Stopping threads took: 0.0017050 seconds
73.556: Application time: 0.0301800 seconds
73.559: [GC73.559: [ParNew: 37566K->4158K(37568K), 0.0030650 secs] 651527K->621395K(758420K), 0.0031100 secs] [Times: user=0.02 sys=0.01, real=0.00 secs] 
73.562: Total time for which application threads were stopped: 0.0059480 seconds, Stopping threads took: 0.0027730 seconds
73.593: Application time: 0.0306650 seconds
73.594: [GC73.594: [ParNew: 37566K->4158K(37568K), 0.0020270 secs] 654803K->621588K(758420K), 0.0020700 secs] [Times: user=0.01 sys=0.00, real=0.01 secs] 
73.596: Total time for which application threads were stopped: 0.0033090 seconds, Stopping threads took: 0.0011760 seconds
73.626: Application time: 0.0295290 seconds
73.628: [GC73.628: [ParNew: 37566K->4159K(37568K), 0.0023570 secs] 654996K->622705K(758420K), 0.0023980 secs] [Times: user=0.02 sys=0.00, real=0.00 secs] 
73.630: Total time for which application threads were stopped: 0.0043560 seconds, Stopping threads took: 0.0018960 seconds
73.660: Application time: 0.0297280 seconds
73.663: [GC73.663: [ParNew: 37567K->4158K(37568K), 0.0022270 secs] 656113K->623287K(758420K), 0.0022700 secs] [Times: user=0.02 sys=0.00, real=0.00 secs] 
73.665: Total time for which application threads were stopped: 0.0055150 seconds, Stopping threads took: 0.0031510 seconds
73.694: Application time: 0.0284160 seconds
73.695: [GC73.695: [ParNew: 37565K->4158K(37568K), 0.0025450 secs] 656694K->625248K(758420K), 0.0025880 secs] [Times: user=0.02 sys=0.00, real=0.00 secs] 
73.698: Total time for which application threads were stopped: 0.0042380 seconds, Stopping threads took: 0.0015870 seconds
73.728: Application time: 0.0297050 seconds
73.729: [GC73.729: [ParNew: 37566K->4159K(37568K), 0.0024610 secs] 658656K->626952K(758420K), 0.0025030 secs] [Times: user=0.02 sys=0.00, real=0.00 secs] 
73.732: Total time for which application threads were stopped: 0.0044130 seconds, Stopping threads took: 0.0018450 seconds
73.761: Application time: 0.0293240 seconds
73.763: [GC73.763: [ParNew: 37565K->4158K(37568K), 0.0026500 secs] 660359K->629510K(758420K), 0.0026960 secs] [Times: user=0.02 sys=0.00, real=0.00 secs] 
73.766: Total time for which application threads were stopped: 0.0046540 seconds, Stopping threads took: 0.0018920 seconds
73.797: Application time: 0.0305810 seconds
73.800: [GC73.800: [ParNew: 37566K->4158K(37568K), 0.0024980 secs] 662917K->631516K(758420K), 0.0025440 secs] [Times: user=0.01 sys=0.00, real=0.00 secs] 
73.802: Total time for which application threads were stopped: 0.0058490 seconds, Stopping threads took: 0.0032180 seconds
73.831: Application time: 0.0283290 seconds
73.832: [GC73.832: [ParNew: 37564K->4159K(37568K), 0.0029880 secs] 664923K->634874K(758420K), 0.0030330 secs] [Times: user=0.03 sys=0.00, real=0.01 secs] 
73.835: Total time for which application threads were stopped: 0.0046500 seconds, Stopping threads took: 0.0015590 seconds
73.864: Application time: 0.0289270 seconds
73.866: [GC73.866: [ParNew: 37567K->4159K(37568K), 0.0027330 secs] 668282K->637548K(758420K), 0.0027780 secs] [Times: user=0.02 sys=0.00, real=0.01 secs] 
73.869: Total time for which application threads were stopped: 0.0043520 seconds, Stopping threads took: 0.0015090 seconds
73.900: Application time: 0.0310410 seconds
73.901: [GC73.901: [ParNew: 37567K->4159K(37568K), 0.0022640 secs] 670956K->638113K(758420K), 0.0023080 secs] [Times: user=0.02 sys=0.00, real=0.00 secs] 
73.904: Total time for which application threads were stopped: 0.0038320 seconds, Stopping threads took: 0.0014590 seconds
 CMS: abort preclean due to time 73.908: [CMS-concurrent-abortable-preclean: 0.670/5.003 secs] [Times: user=37.63 sys=0.14, real=5.01 secs] 
73.908: Application time: 0.0044290 seconds
73.911: [GC[YG occupancy: 10767 K (37568 K)]73.911: [Rescan (parallel) , 0.0005250 secs]73.912: [weak refs processing, 0.0000070 secs]73.912: [scrub string table, 0.0001050 secs] [1 CMS-remark: 633954K(720852K)] 644721K(758420K), 0.0006690 secs] [Times: user=0.00 sys=0.00, real=0.00 secs] 
73.912: Total time for which application threads were stopped: 0.0038220 seconds, Stopping threads took: 0.0030940 seconds
73.912: [CMS-concurrent-sweep-start]
73.935: Application time: 0.0232830 seconds
73.938: [GC73.938: [ParNew: 37567K->4158K(37568K), 0.0030230 secs] 442353K->412681K(758420K), 0.0030670 secs] [Times: user=0.02 sys=0.00, real=0.00 secs] 
73.941: Total time for which application threads were stopped: 0.0057950 seconds, Stopping threads took: 0.0026430 seconds
73.951: [CMS-concurrent-sweep: 0.036/0.039 secs] [Times: user=0.30 sys=0.00, real=0.04 secs] 
73.951: [CMS-concurrent-reset-start]
73.954: [CMS-concurrent-reset: 0.003/0.003 secs] [Times: user=0.00 sys=0.00, real=0.00 secs] 
73.971: Application time: 0.0300090 seconds
73.974: [GC73.974: [ParNew: 37565K->4158K(37568K), 0.0030120 secs] 338005K->308341K(758420K), 0.0030560 secs] [Times: user=0.02 sys=0.00, real=0.01 secs] 
73.977: Total time for which application threads were stopped: 0.0058880 seconds, Stopping threads took: 0.0027640 seconds
73.977: Application time: 0.0000550 seconds
73.981: [GC [1 CMS-initial-mark: 304182K(720852K)] 308462K(758420K), 0.0001740 secs] [Times: user=0.00 sys=0.00, real=0.00 secs] 
73.981: Total time for which application threads were stopped: 0.0040110 seconds, Stopping threads took: 0.0038140 seconds
73.981: [CMS-concurrent-mark-start]
73.987: [CMS-concurrent-mark: 0.006/0.006 secs] [Times: user=0.05 sys=0.00, real=0.01 secs] 
73.987: [CMS-concurrent-preclean-start]
73.988: [CMS-concurrent-preclean: 0.001/0.001 secs] [Times: user=0.00 sys=0.00, real=0.00 secs] 
73.988: [CMS-concurrent-abortable-preclean-start]
74.010: Application time: 0.0287620 seconds
74.012: [GC74.012: [ParNew: 37566K->4158K(37568K), 0.0027260 secs] 341749K->311054K(758420K), 0.0027710 secs] [Times: user=0.02 sys=0.00, real=0.01 secs] 
74.015: Total time for which application threads were stopped: 0.0051140 seconds, Stopping threads took: 0.0022550 seconds
74.045: Application time: 0.0299210 seconds
74.047: [GC74.047: [ParNew: 37566K->4159K(37568K), 0.0029330 secs] 344462K->314619K(758420K), 0.0029750 secs] [Times: user=0.02 sys=0.00, real=0.00 secs] 
74.050: Total time for which application threads were stopped: 0.0055370 seconds, Stopping threads took: 0.0024980 seconds
74.079: Application time: 0.0291870 seconds
74.082: [GC74.082: [ParNew: 37567K->4158K(37568K), 0.0025880 secs] 348027K->317107K(758420K), 0.0026310 secs] [Times: user=0.02 sys=0.00, real=0.00 secs] 
74.085: Total time for which application threads were stopped: 0.0051730 seconds, Stopping threads took: 0.0024770 seconds
74.113: Application time: 0.0284040 seconds
74.115: [GC74.115: [ParNew: 37566K->4159K(37568K), 0.0028420 secs] 350515K->320343K(758420K), 0.0028860 secs] [Times: user=0.02 sys=0.00, real=0.00 secs] 
74.118: Total time for which application threads were stopped: 0.0052430 seconds, Stopping threads took: 0.0022920 seconds
74.149: Application time: 0.0304170 seconds
74.151: [GC74.151: [ParNew: 37567K->4158K(37568K), 0.0022520 secs] 353751K->321472K(758420K), 0.0022970 secs] [Times: user=0.01 sys=0.00, real=0.00 secs] 
74.153: Total time for which application threads were stopped: 0.0043370 seconds, Stopping threads took: 0.0019450 seconds
74.183: Application time: 0.0302950 seconds
74.185: [GC74.185: [ParNew: 37566K->4159K(37568K), 0.0019710 secs] 354880K->321944K(758420K), 0.0020150 secs] [Times: user=0.01 sys=0.00, real=0.01 secs] 
74.187: Total time for which application threads were stopped: 0.0039040 seconds, Stopping threads took: 0.0018170 seconds
74.217: Application time: 0.0295600 seconds
74.220: [GC74.220: [ParNew: 37567K->4158K(37568K), 0.0027670 secs] 355352K->325000K(758420K), 0.0028090 secs] [Times: user=0.02 sys=0.00, real=0.00 secs] 
74.222: Total time for which application threads were stopped: 0.0056320 seconds, Stopping threads took: 0.0027610 seconds
74.252: Application time: 0.0293050 seconds
74.255: [GC74.255: [ParNew: 37566K->4158K(37568K), 0.0025610 secs] 358408K->327432K(758420K), 0.0026150 secs] [Times: user=0.02 sys=0.00, real=0.00 secs] 
74.257: Total time for which application threads were stopped: 0.0056090 seconds, Stopping threads took: 0.0029220 seconds
74.286: Application time: 0.0289290 seconds
74.288: [GC74.288: [ParNew: 37566K->4158K(37568K), 0.0025000 secs] 360840K->329689K(758420K), 0.0025430 secs] [Times: user=0.02 sys=0.00, real=0.00 secs] 
74.291: Total time for which application threads were stopped: 0.0044100 seconds, Stopping threads took: 0.0018000 seconds
74.320: Application time: 0.0292100 seconds
74.322: [GC74.322: [ParNew: 37566K->4159K(37568K), 0.0024550 secs] 363097K->331740K(758420K), 0.0024980 secs] [Times: user=0.02 sys=0.00, real=0.00 secs] 
74.324: Total time for which application threads were stopped: 0.0045500 seconds, Stopping threads took: 0.0019850 seconds
74.355: Application time: 0.0302390 seconds
74.356: [GC74.356: [ParNew: 37567K->4158K(37568K), 0.0024690 secs] 365148K->333704K(758420K), 0.0025100 secs] [Times: user=0.02 sys=0.00, real=0.00 secs] 
74.359: Total time for which application threads were stopped: 0.0041430 seconds, Stopping threads took: 0.0015680 seconds
74.388: Application time: 0.0291690 seconds
74.391: [GC74.391: [ParNew: 37565K->4158K(37568K), 0.0025960 secs] 367111K->336025K(758420K), 0.0026400 secs] [Times: user=0.02 sys=0.00, real=0.00 secs] 
74.393: Total time for which application threads were stopped: 0.0054030 seconds, Stopping threads took: 0.0027040 seconds
74.422: Application time: 0.0285150 seconds
74.424: [GC74.424: [ParNew: 37566K->4158K(37568K), 0.0028050 secs] 369433K->339154K(758420K), 0.0028480 secs] [Times: user=0.02 sys=0.00, real=0.00 secs] 
74.427: Total time for which application threads were stopped: 0.0046800 seconds, Stopping threads took: 0.0017680 seconds
74.456: Application time: 0.0295870 seconds
74.458: [GC74.458: [ParNew: 37566K->4158K(37568K), 0.0025250 secs] 372562K->341238K(758420K), 0.0025700 secs] [Times: user=0.02 sys=0.00, real=0.00 secs] 
74.460: Total time for which application threads were stopped: 0.0043140 seconds, Stopping threads took: 0.0016800 seconds
74.489: Application time: 0.0280900 seconds
74.491: [GC74.491: [ParNew: 37566K->4159K(37568K), 0.0026660 secs] 374646K->344131K(758420K), 0.0027100 secs] [Times: user=0.02 sys=0.00, real=0.00 secs] 
74.494: Total time for which application threads were stopped: 0.0051180 seconds, Stopping threads took: 0.0023480 seconds
74.521: Application time: 0.0269960 seconds
74.523: [GC74.523: [ParNew: 37567K->4159K(37568K), 0.0026920 secs] 377539K->346996K(758420K), 0.0027360 secs] [Times: user=0.02 sys=0.00, real=0.00 secs] 
74.526: Total time for which application threads were stopped: 0.0051030 seconds, Stopping threads took: 0.0023010 seconds
74.553: Application time: 0.0275010 seconds
74.555: [GC74.555: [ParNew: 37567K->4159K(37568K), 0.0030260 secs] 380404K->350743K(758420K), 0.0030700 secs] [Times: user=0.02 sys=0.00, real=0.00 secs] 
74.558: Total time for which application threads were stopped: 0.0051680 seconds, Stopping threads took: 0.0020320 seconds
74.589: Application time: 0.0310030 seconds
74.592: [GC74.592: [ParNew: 37567K->4159K(37568K), 0.0026840 secs] 384151K->353431K(758420K), 0.0027280 secs] [Times: user=0.02 sys=0.00, real=0.01 secs] 
74.595: Total time for which application threads were stopped: 0.0057330 seconds, Stopping threads took: 0.0029440 seconds
74.624: Application time: 0.0288320 seconds
74.626: [GC74.626: [ParNew: 37567K->4159K(37568K), 0.0025450 secs] 386839K->355579K(758420K), 0.0025910 secs] [Times: user=0.02 sys=0.00, real=0.01 secs] 
74.628: Total time for which application threads were stopped: 0.0042760 seconds, Stopping threads took: 0.0016210 seconds
74.657: Application time: 0.0289450 seconds
74.659: [GC74.659: [ParNew: 37567K->4158K(37568K), 0.0029690 secs] 388987K->359074K(758420K), 0.0030100 secs] [Times: user=0.02 sys=0.00, real=0.00 secs] 
74.662: Total time for which application threads were stopped: 0.0044470 seconds, Stopping threads took: 0.0013740 seconds
74.691: Application time: 0.0294900 seconds
74.693: [GC74.693: [ParNew: 37566K->4158K(37568K), 0.0028920 secs] 392482K->362472K(758420K), 0.0029430 secs] [Times: user=0.02 sys=0.00, real=0.01 secs] 
74.696: Total time for which application threads were stopped: 0.0046660 seconds, Stopping threads took: 0.0016540 seconds
74.726: Application time: 0.0297900 seconds
74.728: [GC74.728: [ParNew: 37566K->4159K(37568K), 0.0028410 secs] 395880K->365660K(758420K), 0.0028830 secs] [Times: user=0.02 sys=0.00, real=0.00 secs] 
74.731: Total time for which application threads were stopped: 0.0049490 seconds, Stopping threads took: 0.0019990 seconds
74.759: Application time: 0.0289250 seconds
74.761: [GC74.761: [ParNew: 37567K->4159K(37568K), 0.0026220 secs] 399068K->367830K(758420K), 0.0026640 secs] [Times: user=0.02 sys=0.00, real=0.00 secs] 
74.764: Total time for which application threads were stopped: 0.0043190 seconds, Stopping threads took: 0.0015900 seconds
74.793: Application time: 0.0291510 seconds
74.795: [GC74.796: [ParNew: 37567K->4158K(37568K), 0.0024700 secs] 401238K->369782K(758420K), 0.0025120 secs] [Times: user=0.01 sys=0.00, real=0.00 secs] 
74.798: Total time for which application threads were stopped: 0.0050610 seconds, Stopping threads took: 0.0024820 seconds
74.827: Application time: 0.0289730 seconds
74.829: [GC74.829: [ParNew: 37566K->4159K(37568K), 0.0027690 secs] 403190K->372731K(758420K), 0.0028140 secs] [Times: user=0.02 sys=0.00, real=0.00 secs] 
74.832: Total time for which application threads were stopped: 0.0052680 seconds, Stopping threads took: 0.0023880 seconds
74.861: Application time: 0.0284580 seconds
74.862: [GC74.862: [ParNew: 37567K->4159K(37568K), 0.0026540 secs] 406139K->375569K(758420K), 0.0026970 secs] [Times: user=0.02 sys=0.00, real=0.00 secs] 
74.865: Total time for which application threads were stopped: 0.0044000 seconds, Stopping threads took: 0.0016380 seconds
74.896: Application time: 0.0304800 seconds
74.898: [GC74.898: [ParNew: 37567K->4159K(37568K), 0.0023940 secs] 408977K->377319K(758420K), 0.0024390 secs] [Times: user=0.02 sys=0.00, real=0.00 secs] 
74.901: Total time for which application threads were stopped: 0.0049010 seconds, Stopping threads took: 0.0023960 seconds
74.930: Application time: 0.0292220 seconds
74.933: [GC74.933: [ParNew: 37567K->4158K(37568K), 0.0023950 secs] 410727K->378980K(758420K), 0.0024400 secs] [Times: user=0.01 sys=0.00, real=0.01 secs] 
74.935: Total time for which application threads were stopped: 0.0053050 seconds, Stopping threads took: 0.0027790 seconds
74.964: Application time: 0.0294040 seconds
74.967: [GC74.967: [ParNew: 37566K->4158K(37568K), 0.0024470 secs] 412388K->381065K(758420K), 0.0024910 secs] [Times: user=0.01 sys=0.00, real=0.00 secs] 
74.969: Total time for which application threads were stopped: 0.0050190 seconds, Stopping threads took: 0.0024610 seconds
74.998: Application time: 0.0288780 seconds
75.000: [GC75.000: [ParNew: 37566K->4159K(37568K), 0.0025870 secs] 414473K->383510K(758420K), 0.0026310 secs] [Times: user=0.02 sys=0.00, real=0.00 secs] 
75.003: Total time for which application threads were stopped: 0.0047150 seconds, Stopping threads took: 0.0020210 seconds
75.033: Application time: 0.0297930 seconds
75.034: [GC75.034: [ParNew: 37565K->4158K(37568K), 0.0028320 secs] 416917K->386836K(758420K), 0.0028720 secs] [Times: user=0.02 sys=0.00, real=0.01 secs] 
75.037: Total time for which application threads were stopped: 0.0044380 seconds, Stopping threads took: 0.0015010 seconds
75.067: Application time: 0.0298760 seconds
75.069: [GC75.069: [ParNew: 37566K->4158K(37568K), 0.0028640 secs] 420244K->389998K(758420K), 0.0029080 secs] [Times: user=0.02 sys=0.00, real=0.00 secs] 
75.072: Total time for which application threads were stopped: 0.0050170 seconds, Stopping threads took: 0.0020430 seconds
75.102: Application time: 0.0298050 seconds
75.104: [GC75.104: [ParNew: 37566K->4159K(37568K), 0.0020900 secs] 423406K->390996K(758420K), 0.0021330 secs] [Times: user=0.01 sys=0.00, real=0.00 secs] 
75.106: Total time for which application threads were stopped: 0.0044560 seconds, Stopping threads took: 0.0022600 seconds
75.136: Application time: 0.0296320 seconds
75.137: [GC75.137: [ParNew: 37567K->4158K(37568K), 0.0027700 secs] 424404K->393756K(758420K), 0.0028220 secs] [Times: user=0.02 sys=0.00, real=0.00 secs] 
75.140: Total time for which application threads were stopped: 0.0035970 seconds, Stopping threads took: 0.0007110 seconds
75.169: Application time: 0.0294710 seconds
75.172: [GC75.172: [ParNew: 37566K->4158K(37568K), 0.0025960 secs] 427164K->396291K(758420K), 0.0026390 secs] [Times: user=0.02 sys=0.00, real=0.00 secs] 
75.175: Total time for which application threads were stopped: 0.0053200 seconds, Stopping threads took: 0.0026170 seconds
75.204: Application time: 0.0290250 seconds
75.206: [GC75.206: [ParNew: 37566K->4158K(37568K), 0.0025940 secs] 429699K->398721K(758420K), 0.0026350 secs] [Times: user=0.01 sys=0.00, real=0.01 secs] 
75.208: Total time for which application threads were stopped: 0.0047600 seconds, Stopping threads took: 0.0020510 seconds
75.238: Application time: 0.0295480 seconds
75.240: [GC75.240: [ParNew: 37566K->4159K(37568K), 0.0022770 secs] 432129K->400167K(758420K), 0.0023180 secs] [Times: user=0.02 sys=0.00, real=0.00 secs] 
75.242: Total time for which application threads were stopped: 0.0046410 seconds, Stopping threads took: 0.0022660 seconds
75.272: Application time: 0.0296110 seconds
75.274: [GC75.274: [ParNew: 37567K->4158K(37568K), 0.0022860 secs] 433575K->401566K(758420K), 0.0023280 secs] [Times: user=0.01 sys=0.00, real=0.01 secs] 
75.276: Total time for which application threads were stopped: 0.0041800 seconds, Stopping threads took: 0.0017870 seconds
75.305: Application time: 0.0285620 seconds
75.307: [GC75.307: [ParNew: 37566K->4158K(37568K), 0.0025360 secs] 434974K->403826K(758420K), 0.0025780 secs] [Times: user=0.02 sys=0.00, real=0.00 secs] 
75.309: Total time for which application threads were stopped: 0.0046400 seconds, Stopping threads took: 0.0019960 seconds
75.338: Application time: 0.0284290 seconds
75.340: [GC75.340: [ParNew: 37566K->4158K(37568K), 0.0026910 secs] 437234K->406843K(758420K), 0.0027350 secs] [Times: user=0.02 sys=0.00, real=0.00 secs] 
75.343: Total time for which application threads were stopped: 0.0049160 seconds, Stopping threads took: 0.0021240 seconds
75.372: Application time: 0.0292180 seconds
75.374: [GC75.374: [ParNew: 37566K->4159K(37568K), 0.0021030 secs] 440251K->407895K(758420K), 0.0021470 secs] [Times: user=0.02 sys=0.00, real=0.01 secs] 
75.376: Total time for which application threads were stopped: 0.0042770 seconds, Stopping threads took: 0.0020640 seconds
75.407: Application time: 0.0308570 seconds
75.409: [GC75.409: [ParNew: 37566K->4140K(37568K), 0.0020230 secs] 441303K->407876K(758420K), 0.0020680 secs] [Times: user=0.01 sys=0.00, real=0.00 secs] 
75.411: Total time for which application threads were stopped: 0.0038030 seconds, Stopping threads took: 0.0016710 seconds
75.441: Application time: 0.0300360 seconds
75.443: [GC75.443: [ParNew: 37548K->4158K(37568K), 0.0020780 secs] 441284K->408230K(758420K), 0.0021200 secs] [Times: user=0.01 sys=0.00, real=0.00 secs] 
75.445: Total time for which application threads were stopped: 0.0041800 seconds, Stopping threads took: 0.0019760 seconds
75.474: Application time: 0.0288560 seconds
75.475: [GC75.475: [ParNew: 37566K->4159K(37568K), 0.0026890 secs] 441638K->410803K(758420K), 0.0027340 secs] [Times: user=0.02 sys=0.00, real=0.00 secs] 
75.478: Total time for which application threads were stopped: 0.0041270 seconds, Stopping threads took: 0.0013070 seconds
75.508: Application time: 0.0301990 seconds
75.511: [GC75.511: [ParNew: 37567K->4158K(37568K), 0.0024830 secs] 444211K->412838K(758420K), 0.0025250 secs] [Times: user=0.02 sys=0.00, real=0.00 secs] 
75.513: Total time for which application threads were stopped: 0.0046900 seconds, Stopping threads took: 0.0021000 seconds
75.542: Application time: 0.0290150 seconds
75.544: [GC75.544: [ParNew: 37566K->4158K(37568K), 0.0029570 secs] 446246K->416242K(758420K), 0.0030000 secs] [Times: user=0.02 sys=0.00, real=0.01 secs] 
75.547: Total time for which application threads were stopped: 0.0045690 seconds, Stopping threads took: 0.0014920 seconds
75.576: Application time: 0.0297930 seconds
75.579: [GC75.579: [ParNew: 37566K->4158K(37568K), 0.0021360 secs] 449650K->417058K(758420K), 0.0021790 secs] [Times: user=0.02 sys=0.00, real=0.00 secs] 
75.581: Total time for which application threads were stopped: 0.0045410 seconds, Stopping threads took: 0.0022970 seconds
75.610: Application time: 0.0291620 seconds
75.612: [GC75.612: [ParNew: 37566K->4159K(37568K), 0.0022710 secs] 450466K->418219K(758420K), 0.0023130 secs] [Times: user=0.02 sys=0.00, real=0.00 secs] 
75.614: Total time for which application threads were stopped: 0.0039990 seconds, Stopping threads took: 0.0016210 seconds
75.644: Application time: 0.0297700 seconds
75.646: [GC75.646: [ParNew: 37567K->4158K(37568K), 0.0024530 secs] 451627K->420236K(758420K), 0.0024990 secs] [Times: user=0.02 sys=0.00, real=0.01 secs] 
75.648: Total time for which application threads were stopped: 0.0041670 seconds, Stopping threads took: 0.0016010 seconds
75.678: Application time: 0.0297750 seconds
75.680: [GC75.680: [ParNew: 37566K->4159K(37568K), 0.0043910 secs] 453644K->422466K(758420K), 0.0044320 secs] [Times: user=0.03 sys=0.00, real=0.00 secs] 
75.685: Total time for which application threads were stopped: 0.0069380 seconds, Stopping threads took: 0.0024420 seconds
75.715: Application time: 0.0297680 seconds
75.717: [GC75.717: [ParNew: 37567K->4159K(37568K), 0.0025930 secs] 455874K->424961K(758420K), 0.0026370 secs] [Times: user=0.02 sys=0.00, real=0.00 secs] 
75.720: Total time for which application threads were stopped: 0.0054390 seconds, Stopping threads took: 0.0027260 seconds
75.748: Application time: 0.0283620 seconds
75.750: [GC75.750: [ParNew: 37567K->4159K(37568K), 0.0026250 secs] 458369K->427314K(758420K), 0.0026690 secs] [Times: user=0.01 sys=0.00, real=0.00 secs] 
75.753: Total time for which application threads were stopped: 0.0044340 seconds, Stopping threads took: 0.0016990 seconds
75.782: Application time: 0.0289850 seconds
75.784: [GC75.784: [ParNew: 37567K->4158K(37568K), 0.0028720 secs] 460722K->430649K(758420K), 0.0029170 secs] [Times: user=0.01 sys=0.00, real=0.01 secs] 
75.787: Total time for which application threads were stopped: 0.0048880 seconds, Stopping threads took: 0.0019050 seconds
75.816: Application time: 0.0295320 seconds
75.818: [GC75.818: [ParNew: 37566K->4158K(37568K), 0.0026060 secs] 464057K->432952K(758420K), 0.0026510 secs] [Times: user=0.02 sys=0.00, real=0.00 secs] 
75.820: Total time for which application threads were stopped: 0.0041140 seconds, Stopping threads took: 0.0013970 seconds
75.850: Application time: 0.0295950 seconds
75.852: [GC75.852: [ParNew: 37565K->4158K(37568K), 0.0027860 secs] 466359K->436124K(758420K), 0.0028310 secs] [Times: user=0.01 sys=0.01, real=0.01 secs] 
75.855: Total time for which application threads were stopped: 0.0047200 seconds, Stopping threads took: 0.0018210 seconds
75.888: Application time: 0.0332820 seconds
75.890: [GC75.890: [ParNew: 37566K->4158K(37568K), 0.0024770 secs] 469532K->438227K(758420K), 0.0025190 secs] [Times: user=0.02 sys=0.00, real=0.00 secs] 
75.893: Total time for which application threads were stopped: 0.0045630 seconds, Stopping threads took: 0.0019820 seconds
75.923: Application time: 0.0301670 seconds
75.924: [GC75.924: [ParNew: 37566K->4159K(37568K), 0.0019590 secs] 471635K->438603K(758420K), 0.0020020 secs] [Times: user=0.02 sys=0.00, real=0.00 secs] 
75.926: Total time for which application threads were stopped: 0.0032010 seconds, Stopping threads took: 0.0011340 seconds
75.955: Application time: 0.0291420 seconds
75.957: [GC75.957: [ParNew: 37566K->4159K(37568K), 0.0022450 secs] 472010K->439856K(758420K), 0.0022880 secs] [Times: user=0.01 sys=0.00, real=0.00 secs] 
75.959: Total time for which application threads were stopped: 0.0043410 seconds, Stopping threads took: 0.0019890 seconds
75.989: Application time: 0.0293500 seconds
75.991: [GC75.991: [ParNew: 37567K->4159K(37568K), 0.0023790 secs] 473264K->441450K(758420K), 0.0024200 secs] [Times: user=0.02 sys=0.00, real=0.00 secs] 
75.993: Total time for which application threads were stopped: 0.0042180 seconds, Stopping threads took: 0.0017330 seconds
76.021: Application time: 0.0280530 seconds
76.024: [GC76.024: [ParNew: 37567K->4158K(37568K), 0.0028960 secs] 474858K->444941K(758420K), 0.0029400 secs] [Times: user=0.02 sys=0.00, real=0.01 secs] 
76.027: Total time for which application threads were stopped: 0.0058260 seconds, Stopping threads took: 0.0028210 seconds
76.057: Application time: 0.0298820 seconds
76.059: [GC76.059: [ParNew: 37566K->4159K(37568K), 0.0025990 secs] 478349K->447446K(758420K), 0.0026400 secs] [Times: user=0.02 sys=0.00, real=0.00 secs] 
76.061: Total time for which application threads were stopped: 0.0045930 seconds, Stopping threads took: 0.0018890 seconds
76.090: Application time: 0.0290450 seconds
76.093: [GC76.093: [ParNew: 37567K->4159K(37568K), 0.0023070 secs] 480854K->448851K(758420K), 0.0023510 secs] [Times: user=0.01 sys=0.00, real=0.01 secs] 
76.095: Total time for which application threads were stopped: 0.0047970 seconds, Stopping threads took: 0.0023880 seconds
76.123: Application time: 0.0278130 seconds
76.125: [GC76.125: [ParNew: 37567K->4159K(37568K), 0.0027880 secs] 482259K->451960K(758420K), 0.0028310 secs] [Times: user=0.02 sys=0.00, real=0.01 secs] 
76.128: Total time for which application threads were stopped: 0.0048650 seconds, Stopping threads took: 0.0019700 seconds
76.157: Application time: 0.0291750 seconds
76.159: [GC76.159: [ParNew: 37567K->4158K(37568K), 0.0027450 secs] 485368K->454875K(758420K), 0.0027900 secs] [Times: user=0.02 sys=0.00, real=0.00 secs] 
76.162: Total time for which application threads were stopped: 0.0046990 seconds, Stopping threads took: 0.0018420 seconds
76.192: Application time: 0.0299410 seconds
76.194: [GC76.194: [ParNew: 37566K->4158K(37568K), 0.0023580 secs] 488283K->456681K(758420K), 0.0024020 secs] [Times: user=0.02 sys=0.00, real=0.01 secs] 
76.197: Total time for which application threads were stopped: 0.0048640 seconds, Stopping threads took: 0.0024030 seconds
76.226: Application time: 0.0290510 seconds
76.227: [GC76.227: [ParNew: 37566K->4158K(37568K), 0.0027170 secs] 490089K->459376K(758420K), 0.0027580 secs] [Times: user=0.02 sys=0.00, real=0.00 secs] 
76.230: Total time for which application threads were stopped: 0.0042960 seconds, Stopping threads took: 0.0014430 seconds
76.259: Application time: 0.0293680 seconds
76.260: [GC76.260: [ParNew: 37566K->4158K(37568K), 0.0023840 secs] 492784K->460997K(758420K), 0.0024260 secs] [Times: user=0.02 sys=0.00, real=0.00 secs] 
76.263: Total time for which application threads were stopped: 0.0034130 seconds, Stopping threads took: 0.0009220 seconds
76.291: Application time: 0.0287880 seconds
76.293: [GC76.293: [ParNew: 37566K->4159K(37568K), 0.0027820 secs] 494405K->463884K(758420K), 0.0028240 secs] [Times: user=0.02 sys=0.00, real=0.01 secs] 
76.296: Total time for which application threads were stopped: 0.0041830 seconds, Stopping threads took: 0.0013020 seconds
76.325: Application time: 0.0296330 seconds
76.327: [GC76.327: [ParNew: 37567K->4159K(37568K), 0.0024130 secs] 497292K->465627K(758420K), 0.0024550 secs] [Times: user=0.01 sys=0.01, real=0.01 secs] 
76.329: Total time for which application threads were stopped: 0.0037380 seconds, Stopping threads took: 0.0012170 seconds
76.358: Application time: 0.0291990 seconds
76.360: [GC76.360: [ParNew: 37567K->4159K(37568K), 0.0020230 secs] 499035K->466210K(758420K), 0.0020630 secs] [Times: user=0.02 sys=0.01, real=0.00 secs] 
76.362: Total time for which application threads were stopped: 0.0037700 seconds, Stopping threads took: 0.0016450 seconds
76.391: Application time: 0.0293620 seconds
76.392: [GC76.392: [ParNew: 37567K->4159K(37568K), 0.0027270 secs] 499618K->468988K(758420K), 0.0027690 secs] [Times: user=0.02 sys=0.00, real=0.01 secs] 
76.395: Total time for which application threads were stopped: 0.0038690 seconds, Stopping threads took: 0.0010340 seconds
76.424: Application time: 0.0291380 seconds
76.427: [GC76.427: [ParNew: 37567K->4158K(37568K), 0.0029430 secs] 502396K->472544K(758420K), 0.0029950 secs] [Times: user=0.02 sys=0.00, real=0.00 secs] 
76.430: Total time for which application threads were stopped: 0.0053090 seconds, Stopping threads took: 0.0022500 seconds
76.459: Application time: 0.0295080 seconds
76.462: [GC76.462: [ParNew: 37566K->4158K(37568K), 0.0026170 secs] 505951K->474952K(758420K), 0.0026600 secs] [Times: user=0.02 sys=0.00, real=0.00 secs] 
76.464: Total time for which application threads were stopped: 0.0051510 seconds, Stopping threads took: 0.0024060 seconds
76.493: Application time: 0.0284940 seconds
76.495: [GC76.495: [ParNew: 37566K->4159K(37568K), 0.0028690 secs] 508360K->478192K(758420K), 0.0029110 secs] [Times: user=0.02 sys=0.00, real=0.00 secs] 
76.498: Total time for which application threads were stopped: 0.0048950 seconds, Stopping threads took: 0.0019250 seconds
76.527: Application time: 0.0297120 seconds
76.529: [GC76.529: [ParNew: 37567K->4159K(37568K), 0.0027380 secs] 511600K->480798K(758420K), 0.0027800 secs] [Times: user=0.02 sys=0.00, real=0.00 secs] 
76.531: Total time for which application threads were stopped: 0.0040020 seconds, Stopping threads took: 0.0011580 seconds
76.562: Application time: 0.0302240 seconds
76.564: [GC76.564: [ParNew: 37567K->4158K(37568K), 0.0024290 secs] 514206K->482761K(758420K), 0.0024710 secs] [Times: user=0.01 sys=0.00, real=0.00 secs] 
76.566: Total time for which application threads were stopped: 0.0047530 seconds, Stopping threads took: 0.0022200 seconds
76.596: Application time: 0.0298590 seconds
76.598: [GC76.598: [ParNew: 37566K->4159K(37568K), 0.0023670 secs] 516169K->484184K(758420K), 0.0024080 secs] [Times: user=0.01 sys=0.00, real=0.00 secs] 
76.601: Total time for which application threads were stopped: 0.0045480 seconds, Stopping threads took: 0.0020770 seconds
76.628: Application time: 0.0275220 seconds
76.631: [GC76.631: [ParNew: 37567K->4158K(37568K), 0.0029900 secs] 517592K->487824K(758420K), 0.0030310 secs] [Times: user=0.02 sys=0.00, real=0.00 secs] 
76.634: Total time for which application threads were stopped: 0.0059200 seconds, Stopping threads took: 0.0028020 seconds
76.664: Application time: 0.0300860 seconds
76.666: [GC76.666: [ParNew: 37566K->4158K(37568K), 0.0022690 secs] 521232K->488860K(758420K), 0.0023160 secs] [Times: user=0.01 sys=0.00, real=0.01 secs] 
76.669: Total time for which application threads were stopped: 0.0042390 seconds, Stopping threads took: 0.0018580 seconds
76.697: Application time: 0.0285620 seconds
76.700: [GC76.700: [ParNew: 37566K->4159K(37568K), 0.0030480 secs] 522268K->492258K(758420K), 0.0030950 secs] [Times: user=0.02 sys=0.00, real=0.00 secs] 
76.703: Total time for which application threads were stopped: 0.0056510 seconds, Stopping threads took: 0.0024920 seconds
76.732: Application time: 0.0292600 seconds
76.734: [GC76.734: [ParNew: 37567K->4159K(37568K), 0.0026270 secs] 525666K->494465K(758420K), 0.0026710 secs] [Times: user=0.02 sys=0.00, real=0.01 secs] 
76.737: Total time for which application threads were stopped: 0.0044970 seconds, Stopping threads took: 0.0017520 seconds
76.766: Application time: 0.0290540 seconds
76.767: [GC76.767: [ParNew: 37567K->4159K(37568K), 0.0024260 secs] 527873K->496008K(758420K), 0.0024700 secs] [Times: user=0.02 sys=0.00, real=0.00 secs] 
76.769: Total time for which application threads were stopped: 0.0034920 seconds, Stopping threads took: 0.0009580 seconds
76.798: Application time: 0.0293530 seconds
76.801: [GC76.801: [ParNew: 37567K->4159K(37568K), 0.0022190 secs] 529416K->497373K(758420K), 0.0022640 secs] [Times: user=0.02 sys=0.00, real=0.00 secs] 
76.803: Total time for which application threads were stopped: 0.0047910 seconds, Stopping threads took: 0.0024620 seconds
76.833: Application time: 0.0297840 seconds
76.835: [GC76.835: [ParNew: 37567K->4158K(37568K), 0.0023650 secs] 530781K->499132K(758420K), 0.0024080 secs] [Times: user=0.01 sys=0.00, real=0.00 secs] 
76.838: Total time for which application threads were stopped: 0.0044540 seconds, Stopping threads took: 0.0019600 seconds
76.867: Application time: 0.0298540 seconds
76.868: [GC76.868: [ParNew: 37566K->4159K(37568K), 0.0027790 secs] 532540K->501846K(758420K), 0.0028340 secs] [Times: user=0.01 sys=0.00, real=0.00 secs] 
76.871: Total time for which application threads were stopped: 0.0034320 seconds, Stopping threads took: 0.0005330 seconds
76.900: Application time: 0.0296560 seconds
76.903: [GC76.903: [ParNew: 37565K->4158K(37568K), 0.0023230 secs] 535252K->503523K(758420K), 0.0023670 secs] [Times: user=0.02 sys=0.00, real=0.00 secs] 
76.906: Total time for which application threads were stopped: 0.0050750 seconds, Stopping threads took: 0.0026440 seconds
76.935: Application time: 0.0293990 seconds
76.937: [GC76.937: [ParNew: 37566K->4158K(37568K), 0.0029430 secs] 536931K->507038K(758420K), 0.0029890 secs] [Times: user=0.02 sys=0.00, real=0.00 secs] 
76.940: Total time for which application threads were stopped: 0.0052760 seconds, Stopping threads took: 0.0022210 seconds
76.969: Application time: 0.0288720 seconds
76.971: [GC76.971: [ParNew: 37566K->4158K(37568K), 0.0028760 secs] 540446K->510277K(758420K), 0.0029180 secs] [Times: user=0.02 sys=0.00, real=0.00 secs] 
76.974: Total time for which application threads were stopped: 0.0052050 seconds, Stopping threads took: 0.0022000 seconds
77.004: Application time: 0.0293920 seconds
77.005: [GC77.005: [ParNew: 37566K->4159K(37568K), 0.0020840 secs] 543685K->510989K(758420K), 0.0021260 secs] [Times: user=0.01 sys=0.00, real=0.01 secs] 
77.007: Total time for which application threads were stopped: 0.0037020 seconds, Stopping threads took: 0.0015030 seconds
77.038: Application time: 0.0308820 seconds
77.041: [GC77.041: [ParNew: 37567K->4158K(37568K), 0.0025370 secs] 544397K->512707K(758420K), 0.0025820 secs] [Times: user=0.02 sys=0.00, real=0.00 secs] 
77.044: Total time for which application threads were stopped: 0.0056760 seconds, Stopping threads took: 0.0030270 seconds
77.073: Application time: 0.0290780 seconds
77.075: [GC77.075: [ParNew: 37566K->4159K(37568K), 0.0026530 secs] 546115K->515409K(758420K), 0.0026980 secs] [Times: user=0.02 sys=0.00, real=0.00 secs] 
77.078: Total time for which application threads were stopped: 0.0046240 seconds, Stopping threads took: 0.0018600 seconds
77.107: Application time: 0.0297510 seconds
77.110: [GC77.110: [ParNew: 37567K->4158K(37568K), 0.0027650 secs] 548817K->518510K(758420K), 0.0028090 secs] [Times: user=0.02 sys=0.00, real=0.00 secs] 
77.113: Total time for which application threads were stopped: 0.0055640 seconds, Stopping threads took: 0.0026820 seconds
77.142: Application time: 0.0288950 seconds
77.144: [GC77.144: [ParNew: 37566K->4159K(37568K), 0.0024750 secs] 551918K->520543K(758420K), 0.0025180 secs] [Times: user=0.02 sys=0.00, real=0.01 secs] 
77.147: Total time for which application threads were stopped: 0.0050260 seconds, Stopping threads took: 0.0024430 seconds
77.177: Application time: 0.0296440 seconds
77.178: [GC77.178: [ParNew: 37567K->4159K(37568K), 0.0021230 secs] 553951K->521347K(758420K), 0.0021650 secs] [Times: user=0.01 sys=0.00, real=0.00 secs] 
77.180: Total time for which application threads were stopped: 0.0036100 seconds, Stopping threads took: 0.0013800 seconds
77.209: Application time: 0.0285070 seconds
77.212: [GC77.212: [ParNew: 37567K->4158K(37568K), 0.0026560 secs] 554755K->523558K(758420K), 0.0026980 secs] [Times: user=0.02 sys=0.00, real=0.00 secs] 
77.214: Total time for which application threads were stopped: 0.0056890 seconds, Stopping threads took: 0.0029270 seconds
77.242: Application time: 0.0280050 seconds
77.244: [GC77.244: [ParNew: 37566K->4158K(37568K), 0.0030740 secs] 556966K->527015K(758420K), 0.0031160 secs] [Times: user=0.02 sys=0.00, real=0.01 secs] 
77.248: Total time for which application threads were stopped: 0.0051820 seconds, Stopping threads took: 0.0019870 seconds
77.279: Application time: 0.0309280 seconds
77.280: [GC77.280: [ParNew: 37566K->4158K(37568K), 0.0029050 secs] 560423K->530170K(758420K), 0.0029500 secs] [Times: user=0.02 sys=0.00, real=0.00 secs] 
77.283: Total time for which application threads were stopped: 0.0044680 seconds, Stopping threads took: 0.0014300 seconds
77.314: Application time: 0.0312360 seconds
77.317: [GC77.317: [ParNew: 37566K->4159K(37568K), 0.0025160 secs] 563577K->532114K(758420K), 0.0025590 secs] [Times: user=0.02 sys=0.00, real=0.00 secs] 
77.320: Total time for which application threads were stopped: 0.0058190 seconds, Stopping threads took: 0.0031750 seconds
77.351: Application time: 0.0304830 seconds
77.352: [GC77.352: [ParNew: 37567K->4159K(37568K), 0.0027750 secs] 565522K->534847K(758420K), 0.0028200 secs] [Times: user=0.02 sys=0.00, real=0.01 secs] 
77.355: Total time for which application threads were stopped: 0.0044420 seconds, Stopping threads took: 0.0015560 seconds
77.387: Application time: 0.0321770 seconds
77.389: [GC77.389: [ParNew: 37567K->4159K(37568K), 0.0027380 secs] 568255K->537599K(758420K), 0.0027860 secs] [Times: user=0.02 sys=0.00, real=0.00 secs] 
77.392: Total time for which application threads were stopped: 0.0050520 seconds, Stopping threads took: 0.0021990 seconds
77.424: Application time: 0.0313350 seconds
77.426: [GC77.426: [ParNew: 37567K->4158K(37568K), 0.0024720 secs] 571007K->539329K(758420K), 0.0025140 secs] [Times: user=0.02 sys=0.00, real=0.01 secs] 
77.428: Total time for which application threads were stopped: 0.0047510 seconds, Stopping threads took: 0.0021690 seconds
77.460: Application time: 0.0312300 seconds
77.461: [GC77.461: [ParNew: 37566K->4158K(37568K), 0.0023470 secs] 572737K->540955K(758420K), 0.0023910 secs] [Times: user=0.01 sys=0.00, real=0.00 secs] 
77.464: Total time for which application threads were stopped: 0.0041790 seconds, Stopping threads took: 0.0017210 seconds
77.494: Application time: 0.0306850 seconds
77.496: [GC77.496: [ParNew: 37566K->4158K(37568K), 0.0024180 secs] 574363K->542465K(758420K), 0.0024620 secs] [Times: user=0.02 sys=0.00, real=0.00 secs] 
77.498: Total time for which application threads were stopped: 0.0038620 seconds, Stopping threads took: 0.0013330 seconds
77.529: Application time: 0.0309030 seconds
77.531: [GC77.531: [ParNew: 37566K->4158K(37568K), 0.0026720 secs] 575873K->544871K(758420K), 0.0027140 secs] [Times: user=0.01 sys=0.00, real=0.00 secs] 
77.534: Total time for which application threads were stopped: 0.0049880 seconds, Stopping threads took: 0.0022060 seconds
77.566: Application time: 0.0314060 seconds
77.569: [GC77.569: [ParNew: 37566K->4159K(37568K), 0.0030330 secs] 578279K->548117K(758420K), 0.0030770 secs] [Times: user=0.02 sys=0.00, real=0.00 secs] 
77.572: Total time for which application threads were stopped: 0.0064410 seconds, Stopping threads took: 0.0032780 seconds
77.604: Application time: 0.0317810 seconds
77.605: [GC77.605: [ParNew: 37567K->4158K(37568K), 0.0029330 secs] 581525K->551307K(758420K), 0.0029770 secs] [Times: user=0.02 sys=0.00, real=0.01 secs] 
77.608: Total time for which application threads were stopped: 0.0045190 seconds, Stopping threads took: 0.0014760 seconds
77.642: Application time: 0.0335530 seconds
77.645: [GC77.645: [ParNew: 37565K->4158K(37568K), 0.0025100 secs] 584714K->553404K(758420K), 0.0025550 secs] [Times: user=0.02 sys=0.00, real=0.01 secs] 
77.647: Total time for which application threads were stopped: 0.0054430 seconds, Stopping threads took: 0.0027990 seconds
77.679: Application time: 0.0316890 seconds
77.682: [GC77.682: [ParNew: 37566K->4159K(37568K), 0.0024120 secs] 586812K->554308K(758420K), 0.0024600 secs] [Times: user=0.02 sys=0.00, real=0.00 secs] 
77.684: Total time for which application threads were stopped: 0.0050860 seconds, Stopping threads took: 0.0025540 seconds
77.715: Application time: 0.0310170 seconds
77.716: [GC77.716: [ParNew: 37567K->4159K(37568K), 0.0025480 secs] 587716K->556163K(758420K), 0.0025930 secs] [Times: user=0.02 sys=0.00, real=0.00 secs] 
77.719: Total time for which application threads were stopped: 0.0038220 seconds, Stopping threads took: 0.0011420 seconds
77.748: Application time: 0.0289750 seconds
77.751: [GC77.751: [ParNew: 37567K->4159K(37568K), 0.0031310 secs] 589571K->559908K(758420K), 0.0031880 secs] [Times: user=0.03 sys=0.00, real=0.00 secs] 
77.754: Total time for which application threads were stopped: 0.0061790 seconds, Stopping threads took: 0.0029220 seconds
77.786: Application time: 0.0316550 seconds
77.789: [GC77.789: [ParNew: 37567K->4159K(37568K), 0.0026940 secs] 593316K->562536K(758420K), 0.0027430 secs] [Times: user=0.01 sys=0.00, real=0.00 secs] 
77.791: Total time for which application threads were stopped: 0.0056450 seconds, Stopping threads took: 0.0028130 seconds
77.823: Application time: 0.0319580 seconds
77.827: [GC77.827: [ParNew: 37567K->4158K(37568K), 0.0026580 secs] 595944K->565053K(758420K), 0.0027030 secs] [Times: user=0.02 sys=0.00, real=0.00 secs] 
77.829: Total time for which application threads were stopped: 0.0059970 seconds, Stopping threads took: 0.0032230 seconds
77.860: Application time: 0.0307630 seconds
77.862: [GC77.862: [ParNew: 37566K->4158K(37568K), 0.0029000 secs] 598461K->568387K(758420K), 0.0029460 secs] [Times: user=0.03 sys=0.00, real=0.00 secs] 
77.865: Total time for which application threads were stopped: 0.0053130 seconds, Stopping threads took: 0.0023020 seconds
77.898: Application time: 0.0324040 seconds
77.901: [GC77.901: [ParNew: 37566K->4158K(37568K), 0.0026890 secs] 601795K->570753K(758420K), 0.0027330 secs] [Times: user=0.02 sys=0.00, real=0.00 secs] 
77.903: Total time for which application threads were stopped: 0.0054820 seconds, Stopping threads took: 0.0026670 seconds
77.935: Application time: 0.0316720 seconds
77.938: [GC77.938: [ParNew: 37566K->4159K(37568K), 0.0022920 secs] 604161K->572014K(758420K), 0.0023390 secs] [Times: user=0.02 sys=0.00, real=0.00 secs] 
77.940: Total time for which application threads were stopped: 0.0052900 seconds, Stopping threads took: 0.0028840 seconds
77.972: Application time: 0.0320940 seconds
77.974: [GC77.974: [ParNew: 37567K->4159K(37568K), 0.0025060 secs] 605422K->573677K(758420K), 0.0025480 secs] [Times: user=0.02 sys=0.00, real=0.01 secs] 
77.977: Total time for which application threads were stopped: 0.0042130 seconds, Stopping threads took: 0.0015890 seconds
78.008: Application time: 0.0315500 seconds
78.010: [GC78.010: [ParNew: 37567K->4159K(37568K), 0.0021450 secs] 607085K->574266K(758420K), 0.0021890 secs] [Times: user=0.02 sys=0.00, real=0.00 secs] 
78.012: Total time for which application threads were stopped: 0.0041500 seconds, Stopping threads took: 0.0018950 seconds
78.044: Application time: 0.0312490 seconds
78.045: [GC78.045: [ParNew: 37567K->4158K(37568K), 0.0021780 secs] 607674K->575252K(758420K), 0.0022240 secs] [Times: user=0.02 sys=0.00, real=0.01 secs] 
78.047: Total time for which application threads were stopped: 0.0038180 seconds, Stopping threads took: 0.0015250 seconds
78.079: Application time: 0.0314120 seconds
78.081: [GC78.081: [ParNew: 37566K->4158K(37568K), 0.0024730 secs] 608660K->576743K(758420K), 0.0025200 secs] [Times: user=0.02 sys=0.00, real=0.00 secs] 
78.084: Total time for which application threads were stopped: 0.0047540 seconds, Stopping threads took: 0.0021690 seconds
78.115: Application time: 0.0311200 seconds
78.118: [GC78.118: [ParNew: 37566K->4158K(37568K), 0.0027680 secs] 610151K->579683K(758420K), 0.0028150 secs] [Times: user=0.02 sys=0.01, real=0.00 secs] 
78.121: Total time for which application threads were stopped: 0.0060390 seconds, Stopping threads took: 0.0031570 seconds
78.152: Application time: 0.0316670 seconds
78.156: [GC78.156: [ParNew: 37565K->4159K(37568K), 0.0027910 secs] 613091K->582541K(758420K), 0.0028340 secs] [Times: user=0.02 sys=0.00, real=0.00 secs] 
78.159: Total time for which application threads were stopped: 0.0061460 seconds, Stopping threads took: 0.0032470 seconds
78.190: Application time: 0.0314140 seconds
78.192: [GC78.192: [ParNew: 37567K->4158K(37568K), 0.0028120 secs] 615949K->585361K(758420K), 0.0028570 secs] [Times: user=0.02 sys=0.00, real=0.00 secs] 
78.194: Total time for which application threads were stopped: 0.0044970 seconds, Stopping threads took: 0.0015490 seconds
78.226: Application time: 0.0312300 seconds
78.228: [GC78.228: [ParNew: 37566K->4159K(37568K), 0.0028650 secs] 618769K->588520K(758420K), 0.0029130 secs] [Times: user=0.02 sys=0.00, real=0.00 secs] 
78.231: Total time for which application threads were stopped: 0.0048580 seconds, Stopping threads took: 0.0018750 seconds
78.262: Application time: 0.0314370 seconds
78.265: [GC78.265: [ParNew: 37566K->4158K(37568K), 0.0027230 secs] 621927K->591019K(758420K), 0.0027700 secs] [Times: user=0.02 sys=0.00, real=0.01 secs] 
78.267: Total time for which application threads were stopped: 0.0054220 seconds, Stopping threads took: 0.0025770 seconds
78.298: Application time: 0.0310870 seconds
78.301: [GC78.301: [ParNew: 37566K->4158K(37568K), 0.0025820 secs] 624427K->593291K(758420K), 0.0026290 secs] [Times: user=0.02 sys=0.00, real=0.00 secs] 
78.304: Total time for which application threads were stopped: 0.0050540 seconds, Stopping threads took: 0.0023650 seconds
78.334: Application time: 0.0303640 seconds
78.336: [GC78.336: [ParNew: 37566K->4159K(37568K), 0.0028640 secs] 626699K->596323K(758420K), 0.0029090 secs] [Times: user=0.02 sys=0.00, real=0.00 secs] 
78.339: Total time for which application threads were stopped: 0.0048060 seconds, Stopping threads took: 0.0018100 seconds
78.371: Application time: 0.0320750 seconds
78.374: [GC78.374: [ParNew: 37566K->4159K(37568K), 0.0024780 secs] 629729K->597724K(758420K), 0.0025240 secs] [Times: user=0.01 sys=0.00, real=0.01 secs] 
78.376: Total time for which application threads were stopped: 0.0053880 seconds, Stopping threads took: 0.0027960 seconds
78.407: Application time: 0.0308570 seconds
78.409: [GC78.409: [ParNew: 37567K->4159K(37568K), 0.0027230 secs] 631132K->600425K(758420K), 0.0027720 secs] [Times: user=0.02 sys=0.00, real=0.00 secs] 
78.412: Total time for which application threads were stopped: 0.0049960 seconds, Stopping threads took: 0.0021560 seconds
78.443: Application time: 0.0312650 seconds
78.446: [GC78.446: [ParNew: 37567K->4158K(37568K), 0.0023500 secs] 633833K->601856K(758420K), 0.0023970 secs] [Times: user=0.01 sys=0.00, real=0.01 secs] 
78.449: Total time for which application threads were stopped: 0.0054010 seconds, Stopping threads took: 0.0029260 seconds
78.480: Application time: 0.0308510 seconds
78.481: [GC78.481: [ParNew: 37566K->4159K(37568K), 0.0025380 secs] 635264K->603613K(758420K), 0.0025870 secs] [Times: user=0.01 sys=0.00, real=0.00 secs] 
78.484: Total time for which application threads were stopped: 0.0044200 seconds, Stopping threads took: 0.0017460 seconds
78.515: Application time: 0.0310890 seconds
78.518: [GC78.518: [ParNew: 37566K->4159K(37568K), 0.0024730 secs] 637020K->605150K(758420K), 0.0025170 secs] [Times: user=0.01 sys=0.00, real=0.00 secs] 
78.520: Total time for which application threads were stopped: 0.0051320 seconds, Stopping threads took: 0.0025270 seconds
78.552: Application time: 0.0315860 seconds
78.554: [GC78.554: [ParNew: 37567K->4158K(37568K), 0.0018990 secs] 638558K->605199K(758420K), 0.0019440 secs] [Times: user=0.02 sys=0.00, real=0.01 secs] 
78.556: Total time for which application threads were stopped: 0.0037530 seconds, Stopping threads took: 0.0017450 seconds
78.587: Application time: 0.0318020 seconds
78.589: [GC78.589: [ParNew: 37566K->4158K(37568K), 0.0022870 secs] 638607K->606087K(758420K), 0.0023320 secs] [Times: user=0.01 sys=0.00, real=0.00 secs] 
78.592: Total time for which application threads were stopped: 0.0043920 seconds, Stopping threads took: 0.0019910 seconds
78.623: Application time: 0.0308720 seconds
78.625: [GC78.625: [ParNew: 37566K->4158K(37568K), 0.0028860 secs] 639495K->609326K(758420K), 0.0029320 secs] [Times: user=0.02 sys=0.00, real=0.01 secs] 
78.628: Total time for which application threads were stopped: 0.0057890 seconds, Stopping threads took: 0.0027910 seconds
78.661: Application time: 0.0329800 seconds
78.662: [GC78.662: [ParNew: 37566K->4159K(37568K), 0.0021050 secs] 642734K->609908K(758420K), 0.0021480 secs] [Times: user=0.01 sys=0.00, real=0.00 secs] 
78.664: Total time for which application threads were stopped: 0.0026480 seconds, Stopping threads took: 0.0004220 seconds
78.695: Application time: 0.0308050 seconds
78.697: [GC78.697: [ParNew: 37567K->4159K(37568K), 0.0027250 secs] 643316K->612378K(758420K), 0.0027730 secs] [Times: user=0.02 sys=0.00, real=0.00 secs] 
78.700: Total time for which application threads were stopped: 0.0051260 seconds, Stopping threads took: 0.0022760 seconds
78.731: Application time: 0.0313240 seconds
78.735: [GC78.735: [ParNew: 37567K->4158K(37568K), 0.0026290 secs] 645786K->614700K(758420K), 0.0026750 secs] [Times: user=0.02 sys=0.00, real=0.01 secs] 
78.737: Total time for which application threads were stopped: 0.0059380 seconds, Stopping threads took: 0.0031950 seconds
78.768: Application time: 0.0308220 seconds
78.770: [GC78.770: [ParNew: 37566K->4159K(37568K), 0.0025320 secs] 648108K->616620K(758420K), 0.0025800 secs] [Times: user=0.02 sys=0.00, real=0.00 secs] 
78.773: Total time for which application threads were stopped: 0.0049030 seconds, Stopping threads took: 0.0022460 seconds
78.804: Application time: 0.0309540 seconds
78.805: [GC78.805: [ParNew: 37567K->4158K(37568K), 0.0029100 secs] 650028K->619807K(758420K), 0.0029550 secs] [Times: user=0.02 sys=0.00, real=0.01 secs] 
78.808: Total time for which application threads were stopped: 0.0043250 seconds, Stopping threads took: 0.0013020 seconds
78.839: Application time: 0.0310140 seconds
78.842: [GC78.842: [ParNew: 37566K->4158K(37568K), 0.0029080 secs] 653215K->622870K(758420K), 0.0029530 secs] [Times: user=0.02 sys=0.00, real=0.00 secs] 
78.845: Total time for which application threads were stopped: 0.0053940 seconds, Stopping threads took: 0.0023720 seconds
78.876: Application time: 0.0312360 seconds
78.878: [GC78.878: [ParNew: 37566K->4159K(37568K), 0.0027110 secs] 656278K->625336K(758420K), 0.0027550 secs] [Times: user=0.02 sys=0.00, real=0.00 secs] 
78.881: Total time for which application threads were stopped: 0.0046720 seconds, Stopping threads took: 0.0018480 seconds
78.911: Application time: 0.0305750 seconds
78.914: [GC78.914: [ParNew: 37567K->4159K(37568K), 0.0028380 secs] 658744K->628244K(758420K), 0.0028830 secs] [Times: user=0.02 sys=0.00, real=0.01 secs] 
78.916: Total time for which application threads were stopped: 0.0052660 seconds, Stopping threads took: 0.0023140 seconds
78.948: Application time: 0.0316390 seconds
78.952: [GC78.952: [ParNew: 37567K->4159K(37568K), 0.0027560 secs] 661652K->631160K(758420K), 0.0027990 secs] [Times: user=0.02 sys=0.00, real=0.00 secs] 
78.954: Total time for which application threads were stopped: 0.0063690 seconds, Stopping threads took: 0.0034910 seconds
78.986: Application time: 0.0316230 seconds
78.988: [GC78.988: [ParNew: 37567K->4158K(37568K), 0.0023290 secs] 664568K->632574K(758420K), 0.0023760 secs] [Times: user=0.02 sys=0.00, real=0.00 secs] 
78.990: Total time for which application threads were stopped: 0.0041620 seconds, Stopping threads took: 0.0017180 seconds
 CMS: abort preclean due to time 78.993: [CMS-concurrent-abortable-preclean: 0.670/5.005 secs] [Times: user=37.62 sys=0.18, real=5.00 secs] 
78.993: Application time: 0.0030730 seconds
78.995: [GC[YG occupancy: 10354 K (37568 K)]78.995: [Rescan (parallel) , 0.0004120 secs]78.996: [weak refs processing, 0.0000080 secs]78.996: [scrub string table, 0.0001160 secs] [1 CMS-remark: 628416K(720852K)] 638771K(758420K), 0.0005690 secs] [Times: user=0.00 sys=0.00, real=0.00 secs] 
78.996: Total time for which application threads were stopped: 0.0026020 seconds, Stopping threads took: 0.0020040 seconds
78.996: [CMS-concurrent-sweep-start]
79.025: Application time: 0.0286930 seconds
79.027: [GC79.027: [ParNew: 37564K->4158K(37568K), 0.0026860 secs] 395206K->364595K(758420K), 0.0027310 secs] [Times: user=0.02 sys=0.00, real=0.00 secs] 
79.030: Total time for which application threads were stopped: 0.0051760 seconds, Stopping threads took: 0.0023690 seconds
79.035: [CMS-concurrent-sweep: 0.034/0.039 secs] [Times: user=0.30 sys=0.00, real=0.04 secs] 
79.035: [CMS-concurrent-reset-start]
79.037: [CMS-concurrent-reset: 0.002/0.002 secs] [Times: user=0.00 sys=0.00, real=0.00 secs] 
79.062: Application time: 0.0323330 seconds
79.065: [GC79.065: [ParNew: 37565K->4158K(37568K), 0.0027030 secs] 370724K->340003K(758420K), 0.0027490 secs] [Times: user=0.02 sys=0.00, real=0.01 secs] 
79.068: Total time for which application threads were stopped: 0.0056690 seconds, Stopping threads took: 0.0028530 seconds
79.068: Application time: 0.0001440 seconds
79.070: [GC [1 CMS-initial-mark: 335845K(720852K)] 340878K(758420K), 0.0001890 secs] [Times: user=0.00 sys=0.00, real=0.00 secs] 
79.070: Total time for which application threads were stopped: 0.0022720 seconds, Stopping threads took: 0.0020620 seconds
79.070: [CMS-concurrent-mark-start]
79.082: [CMS-concurrent-mark: 0.012/0.012 secs] [Times: user=0.07 sys=0.00, real=0.01 secs] 
79.082: [CMS-concurrent-preclean-start]
79.083: [CMS-concurrent-preclean: 0.001/0.001 secs] [Times: user=0.03 sys=0.00, real=0.00 secs] 
79.083: [CMS-concurrent-abortable-preclean-start]
79.103: Application time: 0.0324260 seconds
79.104: [GC79.104: [ParNew: 37566K->4158K(37568K), 0.0022910 secs] 373411K->341165K(758420K), 0.0023370 secs] [Times: user=0.01 sys=0.00, real=0.01 secs] 
79.107: Total time for which application threads were stopped: 0.0041160 seconds, Stopping threads took: 0.0017150 seconds
79.139: Application time: 0.0320920 seconds
79.142: [GC79.142: [ParNew: 37566K->4158K(37568K), 0.0022580 secs] 374573K->342244K(758420K), 0.0023030 secs] [Times: user=0.01 sys=0.00, real=0.00 secs] 
79.144: Total time for which application threads were stopped: 0.0053230 seconds, Stopping threads took: 0.0029530 seconds
79.176: Application time: 0.0318280 seconds
79.178: [GC79.178: [ParNew: 37565K->4159K(37568K), 0.0023200 secs] 375651K->343570K(758420K), 0.0023650 secs] [Times: user=0.02 sys=0.00, real=0.00 secs] 
79.180: Total time for which application threads were stopped: 0.0039670 seconds, Stopping threads took: 0.0015340 seconds
79.211: Application time: 0.0314790 seconds
79.214: [GC79.214: [ParNew: 37567K->4158K(37568K), 0.0022250 secs] 376978K->344890K(758420K), 0.0022720 secs] [Times: user=0.02 sys=0.00, real=0.01 secs] 
79.217: Total time for which application threads were stopped: 0.0051450 seconds, Stopping threads took: 0.0028070 seconds
79.248: Application time: 0.0312280 seconds
79.249: [GC79.249: [ParNew: 37566K->4158K(37568K), 0.0024180 secs] 378298K->346605K(758420K), 0.0024650 secs] [Times: user=0.02 sys=0.00, real=0.00 secs] 
79.252: Total time for which application threads were stopped: 0.0039190 seconds, Stopping threads took: 0.0013880 seconds
79.283: Application time: 0.0311490 seconds
79.286: [GC79.286: [ParNew: 37566K->4159K(37568K), 0.0023390 secs] 380013K->348275K(758420K), 0.0023840 secs] [Times: user=0.01 sys=0.00, real=0.01 secs] 
79.288: Total time for which application threads were stopped: 0.0050340 seconds, Stopping threads took: 0.0025750 seconds
79.319: Application time: 0.0308370 seconds
79.321: [GC79.321: [ParNew: 37566K->4159K(37568K), 0.0025500 secs] 381683K->350604K(758420K), 0.0025980 secs] [Times: user=0.02 sys=0.00, real=0.00 secs] 
79.324: Total time for which application threads were stopped: 0.0053140 seconds, Stopping threads took: 0.0026490 seconds
79.355: Application time: 0.0306830 seconds
79.357: [GC79.357: [ParNew: 37567K->4159K(37568K), 0.0023270 secs] 384012K->352089K(758420K), 0.0023710 secs] [Times: user=0.01 sys=0.00, real=0.00 secs] 
79.359: Total time for which application threads were stopped: 0.0046430 seconds, Stopping threads took: 0.0022040 seconds
79.391: Application time: 0.0316270 seconds
79.392: [GC79.392: [ParNew: 37567K->4159K(37568K), 0.0025840 secs] 385497K->354380K(758420K), 0.0026310 secs] [Times: user=0.02 sys=0.00, real=0.00 secs] 
79.394: Total time for which application threads were stopped: 0.0031110 seconds, Stopping threads took: 0.0004120 seconds
79.426: Application time: 0.0318560 seconds
79.429: [GC79.429: [ParNew: 37567K->4158K(37568K), 0.0028210 secs] 387788K->357534K(758420K), 0.0028660 secs] [Times: user=0.02 sys=0.00, real=0.00 secs] 
79.432: Total time for which application threads were stopped: 0.0061470 seconds, Stopping threads took: 0.0032060 seconds
79.463: Application time: 0.0313220 seconds
79.465: [GC79.465: [ParNew: 37565K->4159K(37568K), 0.0021850 secs] 390941K->358492K(758420K), 0.0022290 secs] [Times: user=0.01 sys=0.00, real=0.01 secs] 
79.467: Total time for which application threads were stopped: 0.0034910 seconds, Stopping threads took: 0.0011970 seconds
79.498: Application time: 0.0307670 seconds
79.500: [GC79.500: [ParNew: 37567K->4158K(37568K), 0.0028030 secs] 391900K->361401K(758420K), 0.0028490 secs] [Times: user=0.02 sys=0.00, real=0.00 secs] 
79.502: Total time for which application threads were stopped: 0.0046450 seconds, Stopping threads took: 0.0017160 seconds
79.534: Application time: 0.0320660 seconds
79.537: [GC79.537: [ParNew: 37566K->4159K(37568K), 0.0024160 secs] 394809K->363175K(758420K), 0.0024590 secs] [Times: user=0.01 sys=0.00, real=0.00 secs] 
79.540: Total time for which application threads were stopped: 0.0053100 seconds, Stopping threads took: 0.0027840 seconds
79.571: Application time: 0.0311170 seconds
79.573: [GC79.573: [ParNew: 37567K->4158K(37568K), 0.0029770 secs] 396583K->366850K(758420K), 0.0030220 secs] [Times: user=0.02 sys=0.00, real=0.01 secs] 
79.576: Total time for which application threads were stopped: 0.0053880 seconds, Stopping threads took: 0.0022970 seconds
79.608: Application time: 0.0317130 seconds
79.611: [GC79.611: [ParNew: 37566K->4158K(37568K), 0.0029470 secs] 400258K->370344K(758420K), 0.0029910 secs] [Times: user=0.02 sys=0.00, real=0.00 secs] 
79.614: Total time for which application threads were stopped: 0.0056790 seconds, Stopping threads took: 0.0026210 seconds
79.645: Application time: 0.0312970 seconds
79.647: [GC79.647: [ParNew: 37566K->4159K(37568K), 0.0028070 secs] 403752K->373259K(758420K), 0.0028490 secs] [Times: user=0.02 sys=0.00, real=0.00 secs] 
79.650: Total time for which application threads were stopped: 0.0046920 seconds, Stopping threads took: 0.0017760 seconds
79.681: Application time: 0.0313780 seconds
79.683: [GC79.683: [ParNew: 37567K->4159K(37568K), 0.0028180 secs] 406667K->375122K(758420K), 0.0028730 secs] [Times: user=0.02 sys=0.00, real=0.00 secs] 
79.686: Total time for which application threads were stopped: 0.0048590 seconds, Stopping threads took: 0.0019140 seconds
79.717: Application time: 0.0307600 seconds
79.719: [GC79.719: [ParNew: 37567K->4159K(37568K), 0.0025440 secs] 408530K->377456K(758420K), 0.0025880 secs] [Times: user=0.01 sys=0.00, real=0.00 secs] 
79.722: Total time for which application threads were stopped: 0.0049300 seconds, Stopping threads took: 0.0022650 seconds
79.753: Application time: 0.0310560 seconds
79.754: [GC79.754: [ParNew: 37567K->4158K(37568K), 0.0027350 secs] 410864K->380184K(758420K), 0.0027790 secs] [Times: user=0.02 sys=0.00, real=0.01 secs] 
79.757: Total time for which application threads were stopped: 0.0043240 seconds, Stopping threads took: 0.0014820 seconds
79.789: Application time: 0.0318190 seconds
79.792: [GC79.792: [ParNew: 37566K->4159K(37568K), 0.0028360 secs] 413592K->383268K(758420K), 0.0028830 secs] [Times: user=0.02 sys=0.00, real=0.01 secs] 
79.795: Total time for which application threads were stopped: 0.0061880 seconds, Stopping threads took: 0.0032300 seconds
79.827: Application time: 0.0317620 seconds
79.830: [GC79.830: [ParNew: 37567K->4159K(37568K), 0.0026320 secs] 416676K->385782K(758420K), 0.0026780 secs] [Times: user=0.02 sys=0.00, real=0.00 secs] 
79.832: Total time for which application threads were stopped: 0.0056590 seconds, Stopping threads took: 0.0029150 seconds
79.865: Application time: 0.0322180 seconds
79.867: [GC79.867: [ParNew: 37567K->4045K(37568K), 0.0017730 secs] 419190K->385668K(758420K), 0.0018160 secs] [Times: user=0.01 sys=0.00, real=0.01 secs] 
79.868: Total time for which application threads were stopped: 0.0037290 seconds, Stopping threads took: 0.0018470 seconds
79.899: Application time: 0.0303580 seconds
79.901: [GC79.901: [ParNew: 37451K->4159K(37568K), 0.0027070 secs] 419075K->388592K(758420K), 0.0027590 secs] [Times: user=0.02 sys=0.00, real=0.00 secs] 
79.904: Total time for which application threads were stopped: 0.0054830 seconds, Stopping threads took: 0.0026390 seconds
79.933: Application time: 0.0288890 seconds
79.936: [GC79.936: [ParNew: 37567K->4159K(37568K), 0.0029750 secs] 422000K->392193K(758420K), 0.0030220 secs] [Times: user=0.02 sys=0.00, real=0.00 secs] 
79.939: Total time for which application threads were stopped: 0.0061500 seconds, Stopping threads took: 0.0030600 seconds
79.971: Application time: 0.0319120 seconds
79.973: [GC79.973: [ParNew: 37566K->4159K(37568K), 0.0022070 secs] 425600K->393228K(758420K), 0.0022510 secs] [Times: user=0.02 sys=0.00, real=0.01 secs] 
79.975: Total time for which application threads were stopped: 0.0040130 seconds, Stopping threads took: 0.0016940 seconds
80.009: Application time: 0.0333300 seconds
80.010: [GC80.010: [ParNew: 37567K->4158K(37568K), 0.0021080 secs] 426636K->393704K(758420K), 0.0021530 secs] [Times: user=0.00 sys=0.01, real=0.00 secs] 
80.013: Total time for which application threads were stopped: 0.0039760 seconds, Stopping threads took: 0.0017560 seconds
80.045: Application time: 0.0323590 seconds
80.048: [GC80.048: [ParNew: 37566K->4158K(37568K), 0.0022590 secs] 427112K->394954K(758420K), 0.0023030 secs] [Times: user=0.01 sys=0.00, real=0.00 secs] 
80.050: Total time for which application threads were stopped: 0.0050540 seconds, Stopping threads took: 0.0026850 seconds
80.082: Application time: 0.0320390 seconds
80.084: [GC80.084: [ParNew: 37566K->4159K(37568K), 0.0027070 secs] 428362K->397590K(758420K), 0.0027510 secs] [Times: user=0.02 sys=0.00, real=0.01 secs] 
80.087: Total time for which application threads were stopped: 0.0049130 seconds, Stopping threads took: 0.0020940 seconds
80.119: Application time: 0.0325290 seconds
80.123: [GC80.123: [ParNew: 37566K->4158K(37568K), 0.0024450 secs] 430997K->399668K(758420K), 0.0024890 secs] [Times: user=0.01 sys=0.00, real=0.00 secs] 
80.125: Total time for which application threads were stopped: 0.0058960 seconds, Stopping threads took: 0.0033410 seconds
80.156: Application time: 0.0310750 seconds
80.158: [GC80.158: [ParNew: 37566K->4158K(37568K), 0.0025400 secs] 433076K->401784K(758420K), 0.0025850 secs] [Times: user=0.01 sys=0.00, real=0.00 secs] 
80.161: Total time for which application threads were stopped: 0.0043950 seconds, Stopping threads took: 0.0017460 seconds
80.191: Application time: 0.0305770 seconds
80.193: [GC80.193: [ParNew: 37566K->4158K(37568K), 0.0024970 secs] 435192K->403728K(758420K), 0.0025390 secs] [Times: user=0.02 sys=0.00, real=0.01 secs] 
80.196: Total time for which application threads were stopped: 0.0045310 seconds, Stopping threads took: 0.0019250 seconds
80.225: Application time: 0.0292880 seconds
80.228: [GC80.228: [ParNew: 37566K->4159K(37568K), 0.0026960 secs] 437136K->406429K(758420K), 0.0027390 secs] [Times: user=0.02 sys=0.01, real=0.00 secs] 
80.230: Total time for which application threads were stopped: 0.0052200 seconds, Stopping threads took: 0.0024160 seconds
80.262: Application time: 0.0315410 seconds
80.265: [GC80.265: [ParNew: 37567K->4158K(37568K), 0.0025510 secs] 439837K->408490K(758420K), 0.0025980 secs] [Times: user=0.02 sys=0.00, real=0.01 secs] 
80.268: Total time for which application threads were stopped: 0.0056620 seconds, Stopping threads took: 0.0029970 seconds
80.298: Application time: 0.0308460 seconds
80.301: [GC80.301: [ParNew: 37566K->4158K(37568K), 0.0025130 secs] 441898K->410403K(758420K), 0.0025570 secs] [Times: user=0.01 sys=0.00, real=0.00 secs] 
80.304: Total time for which application threads were stopped: 0.0052300 seconds, Stopping threads took: 0.0025950 seconds
80.334: Application time: 0.0304750 seconds
80.336: [GC80.336: [ParNew: 37566K->4158K(37568K), 0.0028660 secs] 443811K->413598K(758420K), 0.0029130 secs] [Times: user=0.02 sys=0.00, real=0.00 secs] 
80.339: Total time for which application threads were stopped: 0.0052180 seconds, Stopping threads took: 0.0022320 seconds
80.371: Application time: 0.0315770 seconds
80.373: [GC80.373: [ParNew: 37566K->4159K(37568K), 0.0023870 secs] 447006K->415290K(758420K), 0.0024410 secs] [Times: user=0.02 sys=0.00, real=0.01 secs] 
80.375: Total time for which application threads were stopped: 0.0040630 seconds, Stopping threads took: 0.0015560 seconds
80.407: Application time: 0.0317580 seconds
80.408: [GC80.408: [ParNew: 37567K->4159K(37568K), 0.0020840 secs] 448698K->415910K(758420K), 0.0021270 secs] [Times: user=0.01 sys=0.00, real=0.00 secs] 
80.411: Total time for which application threads were stopped: 0.0037250 seconds, Stopping threads took: 0.0015350 seconds
80.440: Application time: 0.0297160 seconds
80.442: [GC80.442: [ParNew: 37567K->4158K(37568K), 0.0027990 secs] 449318K->418857K(758420K), 0.0028430 secs] [Times: user=0.02 sys=0.00, real=0.00 secs] 
80.445: Total time for which application threads were stopped: 0.0047780 seconds, Stopping threads took: 0.0018680 seconds
80.476: Application time: 0.0307110 seconds
80.478: [GC80.478: [ParNew: 37566K->4159K(37568K), 0.0026480 secs] 452265K->421492K(758420K), 0.0026950 secs] [Times: user=0.02 sys=0.00, real=0.00 secs] 
80.481: Total time for which application threads were stopped: 0.0048610 seconds, Stopping threads took: 0.0021000 seconds
80.510: Application time: 0.0297030 seconds
80.513: [GC80.513: [ParNew: 37567K->4158K(37568K), 0.0026520 secs] 454900K->423977K(758420K), 0.0026970 secs] [Times: user=0.02 sys=0.00, real=0.01 secs] 
80.516: Total time for which application threads were stopped: 0.0055720 seconds, Stopping threads took: 0.0028090 seconds
80.547: Application time: 0.0310610 seconds
80.550: [GC80.550: [ParNew: 37566K->4159K(37568K), 0.0025940 secs] 457385K->426276K(758420K), 0.0026390 secs] [Times: user=0.02 sys=0.00, real=0.00 secs] 
80.552: Total time for which application threads were stopped: 0.0054660 seconds, Stopping threads took: 0.0027600 seconds
80.583: Application time: 0.0303050 seconds
80.584: [GC80.584: [ParNew: 37567K->4158K(37568K), 0.0030080 secs] 459684K->429557K(758420K), 0.0030540 secs] [Times: user=0.02 sys=0.00, real=0.01 secs] 
80.587: Total time for which application threads were stopped: 0.0046050 seconds, Stopping threads took: 0.0014830 seconds
80.618: Application time: 0.0305080 seconds
80.620: [GC80.620: [ParNew: 37566K->4159K(37568K), 0.0026960 secs] 462965K->432187K(758420K), 0.0027430 secs] [Times: user=0.02 sys=0.00, real=0.00 secs] 
80.623: Total time for which application threads were stopped: 0.0048020 seconds, Stopping threads took: 0.0019930 seconds
80.656: Application time: 0.0329690 seconds
80.659: [GC80.659: [ParNew: 37567K->4158K(37568K), 0.0023590 secs] 465595K->433903K(758420K), 0.0024040 secs] [Times: user=0.02 sys=0.00, real=0.00 secs] 
80.661: Total time for which application threads were stopped: 0.0055550 seconds, Stopping threads took: 0.0030910 seconds
80.693: Application time: 0.0320930 seconds
80.696: [GC80.696: [ParNew: 37565K->4159K(37568K), 0.0024320 secs] 467310K->435958K(758420K), 0.0024810 secs] [Times: user=0.02 sys=0.00, real=0.00 secs] 
80.698: Total time for which application threads were stopped: 0.0051210 seconds, Stopping threads took: 0.0025720 seconds
80.730: Application time: 0.0312940 seconds
80.732: [GC80.732: [ParNew: 37567K->4158K(37568K), 0.0024050 secs] 469366K->437729K(758420K), 0.0024500 secs] [Times: user=0.01 sys=0.00, real=0.00 secs] 
80.734: Total time for which application threads were stopped: 0.0046200 seconds, Stopping threads took: 0.0021020 seconds
80.767: Application time: 0.0327300 seconds
80.769: [GC80.769: [ParNew: 37566K->4159K(37568K), 0.0024210 secs] 471137K->439396K(758420K), 0.0024640 secs] [Times: user=0.02 sys=0.00, real=0.00 secs] 
80.772: Total time for which application threads were stopped: 0.0046030 seconds, Stopping threads took: 0.0020740 seconds
80.803: Application time: 0.0312930 seconds
80.804: [GC80.805: [ParNew: 37567K->4159K(37568K), 0.0027240 secs] 472804K->442021K(758420K), 0.0027700 secs] [Times: user=0.02 sys=0.00, real=0.01 secs] 
80.807: Total time for which application threads were stopped: 0.0043320 seconds, Stopping threads took: 0.0014760 seconds
80.840: Application time: 0.0324070 seconds
80.842: [GC80.842: [ParNew: 37567K->4158K(37568K), 0.0020070 secs] 475429K->442564K(758420K), 0.0020510 secs] [Times: user=0.02 sys=0.00, real=0.00 secs] 
80.844: Total time for which application threads were stopped: 0.0039310 seconds, Stopping threads took: 0.0018140 seconds
80.876: Application time: 0.0321930 seconds
80.879: [GC80.879: [ParNew: 37566K->4159K(37568K), 0.0023200 secs] 475972K->444005K(758420K), 0.0023650 secs] [Times: user=0.01 sys=0.00, real=0.00 secs] 
80.881: Total time for which application threads were stopped: 0.0054280 seconds, Stopping threads took: 0.0029970 seconds
80.914: Application time: 0.0323360 seconds
80.915: [GC80.915: [ParNew: 37567K->4158K(37568K), 0.0023220 secs] 477413K->445280K(758420K), 0.0023670 secs] [Times: user=0.02 sys=0.00, real=0.00 secs] 
80.918: Total time for which application threads were stopped: 0.0041180 seconds, Stopping threads took: 0.0016840 seconds
80.949: Application time: 0.0314320 seconds
80.952: [GC80.952: [ParNew: 37566K->4158K(37568K), 0.0022360 secs] 478688K->446490K(758420K), 0.0022790 secs] [Times: user=0.02 sys=0.00, real=0.01 secs] 
80.955: Total time for which application threads were stopped: 0.0055030 seconds, Stopping threads took: 0.0031580 seconds
80.987: Application time: 0.0320090 seconds
80.989: [GC80.989: [ParNew: 37566K->4159K(37568K), 0.0024350 secs] 479898K->448098K(758420K), 0.0024770 secs] [Times: user=0.01 sys=0.00, real=0.00 secs] 
80.991: Total time for which application threads were stopped: 0.0044350 seconds, Stopping threads took: 0.0018910 seconds
81.023: Application time: 0.0319060 seconds
81.026: [GC81.026: [ParNew: 37567K->4158K(37568K), 0.0021810 secs] 481506K->449085K(758420K), 0.0022250 secs] [Times: user=0.01 sys=0.00, real=0.01 secs] 
81.028: Total time for which application threads were stopped: 0.0048150 seconds, Stopping threads took: 0.0025230 seconds
81.059: Application time: 0.0308170 seconds
81.061: [GC81.061: [ParNew: 37565K->4158K(37568K), 0.0024340 secs] 482492K->450940K(758420K), 0.0024820 secs] [Times: user=0.01 sys=0.00, real=0.00 secs] 
81.063: Total time for which application threads were stopped: 0.0045040 seconds, Stopping threads took: 0.0019610 seconds
81.094: Application time: 0.0313070 seconds
81.096: [GC81.096: [ParNew: 37566K->4158K(37568K), 0.0025190 secs] 484348K->453048K(758420K), 0.0025620 secs] [Times: user=0.01 sys=0.00, real=0.00 secs] 
81.098: Total time for which application threads were stopped: 0.0038430 seconds, Stopping threads took: 0.0012160 seconds
81.130: Application time: 0.0321850 seconds
81.132: [GC81.132: [ParNew: 37566K->4158K(37568K), 0.0023100 secs] 486456K->454527K(758420K), 0.0023540 secs] [Times: user=0.02 sys=0.00, real=0.00 secs] 
81.134: Total time for which application threads were stopped: 0.0033910 seconds, Stopping threads took: 0.0009710 seconds
81.167: Application time: 0.0326220 seconds
81.169: [GC81.169: [ParNew: 37566K->4159K(37568K), 0.0029160 secs] 487935K->457999K(758420K), 0.0029600 secs] [Times: user=0.02 sys=0.00, real=0.00 secs] 
81.172: Total time for which application threads were stopped: 0.0054400 seconds, Stopping threads took: 0.0024140 seconds
81.204: Application time: 0.0316650 seconds
81.205: [GC81.205: [ParNew: 37567K->4159K(37568K), 0.0023350 secs] 491407K->459411K(758420K), 0.0023790 secs] [Times: user=0.02 sys=0.00, real=0.01 secs] 
81.208: Total time for which application threads were stopped: 0.0039510 seconds, Stopping threads took: 0.0015050 seconds
81.240: Application time: 0.0319970 seconds
81.242: [GC81.242: [ParNew: 37567K->4159K(37568K), 0.0022420 secs] 492819K->460739K(758420K), 0.0022860 secs] [Times: user=0.02 sys=0.00, real=0.00 secs] 
81.244: Total time for which application threads were stopped: 0.0048680 seconds, Stopping threads took: 0.0025160 seconds
81.274: Application time: 0.0294980 seconds
81.276: [GC81.276: [ParNew: 37567K->4159K(37568K), 0.0028280 secs] 494147K->463820K(758420K), 0.0028810 secs] [Times: user=0.03 sys=0.00, real=0.00 secs] 
81.279: Total time for which application threads were stopped: 0.0048730 seconds, Stopping threads took: 0.0019250 seconds
81.307: Application time: 0.0285320 seconds
81.309: [GC81.309: [ParNew: 37567K->4158K(37568K), 0.0027780 secs] 497228K->466766K(758420K), 0.0028230 secs] [Times: user=0.02 sys=0.00, real=0.00 secs] 
81.311: Total time for which application threads were stopped: 0.0040580 seconds, Stopping threads took: 0.0011630 seconds
81.341: Application time: 0.0291660 seconds
81.344: [GC81.344: [ParNew: 37566K->4159K(37568K), 0.0027040 secs] 500174K->469631K(758420K), 0.0027470 secs] [Times: user=0.02 sys=0.00, real=0.00 secs] 
81.346: Total time for which application threads were stopped: 0.0057900 seconds, Stopping threads took: 0.0029790 seconds
81.376: Application time: 0.0299660 seconds
81.377: [GC81.377: [ParNew: 37567K->4159K(37568K), 0.0020430 secs] 503039K->470325K(758420K), 0.0020850 secs] [Times: user=0.01 sys=0.00, real=0.00 secs] 
81.379: Total time for which application threads were stopped: 0.0030520 seconds, Stopping threads took: 0.0009030 seconds
81.409: Application time: 0.0294090 seconds
81.410: [GC81.410: [ParNew: 37567K->4159K(37568K), 0.0023850 secs] 503732K->471947K(758420K), 0.0024260 secs] [Times: user=0.01 sys=0.00, real=0.00 secs] 
81.413: Total time for which application threads were stopped: 0.0038920 seconds, Stopping threads took: 0.0014010 seconds
81.441: Application time: 0.0282660 seconds
81.442: [GC81.442: [ParNew: 37567K->4158K(37568K), 0.0030010 secs] 505355K->475555K(758420K), 0.0030450 secs] [Times: user=0.02 sys=0.00, real=0.00 secs] 
81.445: Total time for which application threads were stopped: 0.0044200 seconds, Stopping threads took: 0.0013080 seconds
81.474: Application time: 0.0288520 seconds
81.476: [GC81.476: [ParNew: 37566K->4158K(37568K), 0.0026190 secs] 508963K->478115K(758420K), 0.0026610 secs] [Times: user=0.02 sys=0.01, real=0.00 secs] 
81.479: Total time for which application threads were stopped: 0.0044830 seconds, Stopping threads took: 0.0017560 seconds
81.506: Application time: 0.0274540 seconds
81.509: [GC81.509: [ParNew: 37566K->4158K(37568K), 0.0028950 secs] 511523K->481548K(758420K), 0.0029360 secs] [Times: user=0.02 sys=0.00, real=0.00 secs] 
81.511: Total time for which application threads were stopped: 0.0052840 seconds, Stopping threads took: 0.0022830 seconds
81.542: Application time: 0.0306360 seconds
81.545: [GC81.545: [ParNew: 37566K->4159K(37568K), 0.0025720 secs] 514956K->483910K(758420K), 0.0026160 secs] [Times: user=0.02 sys=0.00, real=0.01 secs] 
81.547: Total time for which application threads were stopped: 0.0052540 seconds, Stopping threads took: 0.0025740 seconds
81.578: Application time: 0.0302350 seconds
81.579: [GC81.579: [ParNew: 37567K->4158K(37568K), 0.0021680 secs] 517318K->485191K(758420K), 0.0022090 secs] [Times: user=0.01 sys=0.00, real=0.00 secs] 
81.582: Total time for which application threads were stopped: 0.0040220 seconds, Stopping threads took: 0.0017480 seconds
81.611: Application time: 0.0293090 seconds
81.614: [GC81.614: [ParNew: 37565K->4158K(37568K), 0.0025280 secs] 518597K->487314K(758420K), 0.0025700 secs] [Times: user=0.02 sys=0.00, real=0.01 secs] 
81.616: Total time for which application threads were stopped: 0.0052690 seconds, Stopping threads took: 0.0026420 seconds
81.646: Application time: 0.0297660 seconds
81.649: [GC81.649: [ParNew: 37566K->4158K(37568K), 0.0027970 secs] 520722K->490332K(758420K), 0.0028430 secs] [Times: user=0.02 sys=0.00, real=0.00 secs] 
81.651: Total time for which application threads were stopped: 0.0053990 seconds, Stopping threads took: 0.0024790 seconds
81.681: Application time: 0.0295720 seconds
81.682: [GC81.682: [ParNew: 37566K->4159K(37568K), 0.0029920 secs] 523740K->492614K(758420K), 0.0030450 secs] [Times: user=0.02 sys=0.00, real=0.00 secs] 
81.685: Total time for which application threads were stopped: 0.0045270 seconds, Stopping threads took: 0.0014020 seconds
81.715: Application time: 0.0295390 seconds
81.717: [GC81.717: [ParNew: 37567K->4158K(37568K), 0.0024830 secs] 526022K->494740K(758420K), 0.0025320 secs] [Times: user=0.02 sys=0.00, real=0.00 secs] 
81.720: Total time for which application threads were stopped: 0.0049270 seconds, Stopping threads took: 0.0023330 seconds
81.751: Application time: 0.0305560 seconds
81.753: [GC81.753: [ParNew: 37566K->4159K(37568K), 0.0024260 secs] 528148K->496316K(758420K), 0.0024700 secs] [Times: user=0.01 sys=0.00, real=0.01 secs] 
81.755: Total time for which application threads were stopped: 0.0045150 seconds, Stopping threads took: 0.0019820 seconds
81.785: Application time: 0.0302320 seconds
81.788: [GC81.788: [ParNew: 37567K->4159K(37568K), 0.0022980 secs] 529724K->497486K(758420K), 0.0023380 secs] [Times: user=0.02 sys=0.00, real=0.00 secs] 
81.790: Total time for which application threads were stopped: 0.0051430 seconds, Stopping threads took: 0.0027200 seconds
81.819: Application time: 0.0287080 seconds
81.821: [GC81.821: [ParNew: 37566K->4158K(37568K), 0.0027290 secs] 530892K->499899K(758420K), 0.0027750 secs] [Times: user=0.02 sys=0.00, real=0.00 secs] 
81.824: Total time for which application threads were stopped: 0.0046320 seconds, Stopping threads took: 0.0017620 seconds
81.854: Application time: 0.0297850 seconds
81.855: [GC81.855: [ParNew: 37566K->4159K(37568K), 0.0024560 secs] 533307K->501774K(758420K), 0.0025000 secs] [Times: user=0.02 sys=0.00, real=0.00 secs] 
81.858: Total time for which application threads were stopped: 0.0041040 seconds, Stopping threads took: 0.0015390 seconds
81.888: Application time: 0.0300360 seconds
81.890: [GC81.890: [ParNew: 37567K->4159K(37568K), 0.0025080 secs] 535182K->503977K(758420K), 0.0025540 secs] [Times: user=0.02 sys=0.00, real=0.00 secs] 
81.893: Total time for which application threads were stopped: 0.0051180 seconds, Stopping threads took: 0.0024980 seconds
81.922: Application time: 0.0287110 seconds
81.924: [GC81.924: [ParNew: 37567K->4159K(37568K), 0.0026580 secs] 537385K->506548K(758420K), 0.0027030 secs] [Times: user=0.02 sys=0.00, real=0.00 secs] 
81.926: Total time for which application threads were stopped: 0.0049170 seconds, Stopping threads took: 0.0021490 seconds
81.956: Application time: 0.0294220 seconds
81.959: [GC81.959: [ParNew: 37567K->4159K(37568K), 0.0027240 secs] 539956K->509486K(758420K), 0.0027710 secs] [Times: user=0.02 sys=0.00, real=0.00 secs] 
81.961: Total time for which application threads were stopped: 0.0055630 seconds, Stopping threads took: 0.0027270 seconds
81.991: Application time: 0.0300060 seconds
81.994: [GC81.994: [ParNew: 37566K->4159K(37568K), 0.0027520 secs] 542893K->512311K(758420K), 0.0027980 secs] [Times: user=0.02 sys=0.00, real=0.01 secs] 
81.996: Total time for which application threads were stopped: 0.0049140 seconds, Stopping threads took: 0.0020500 seconds
82.027: Application time: 0.0304050 seconds
82.028: [GC82.028: [ParNew: 37567K->4159K(37568K), 0.0031540 secs] 545719K->516052K(758420K), 0.0031980 secs] [Times: user=0.02 sys=0.00, real=0.00 secs] 
82.031: Total time for which application threads were stopped: 0.0041700 seconds, Stopping threads took: 0.0008850 seconds
82.062: Application time: 0.0306530 seconds
82.064: [GC82.064: [ParNew: 37567K->4159K(37568K), 0.0024510 secs] 549460K->517751K(758420K), 0.0024950 secs] [Times: user=0.01 sys=0.00, real=0.01 secs] 
82.067: Total time for which application threads were stopped: 0.0050850 seconds, Stopping threads took: 0.0025310 seconds
82.095: Application time: 0.0285970 seconds
82.097: [GC82.097: [ParNew: 37567K->4158K(37568K), 0.0026390 secs] 551159K->520276K(758420K), 0.0026810 secs] [Times: user=0.02 sys=0.00, real=0.00 secs] 
82.099: Total time for which application threads were stopped: 0.0039570 seconds, Stopping threads took: 0.0012110 seconds
82.129: Application time: 0.0298390 seconds
82.131: [GC82.131: [ParNew: 37566K->4158K(37568K), 0.0023960 secs] 553684K->521759K(758420K), 0.0024390 secs] [Times: user=0.02 sys=0.00, real=0.00 secs] 
82.134: Total time for which application threads were stopped: 0.0045110 seconds, Stopping threads took: 0.0020070 seconds
82.162: Application time: 0.0285520 seconds
82.164: [GC82.164: [ParNew: 37566K->4159K(37568K), 0.0026190 secs] 555166K->524060K(758420K), 0.0026720 secs] [Times: user=0.02 sys=0.00, real=0.00 secs] 
82.166: Total time for which application threads were stopped: 0.0042980 seconds, Stopping threads took: 0.0015670 seconds
82.197: Application time: 0.0304200 seconds
82.199: [GC82.199: [ParNew: 37567K->4159K(37568K), 0.0020990 secs] 557468K->524304K(758420K), 0.0021410 secs] [Times: user=0.01 sys=0.00, real=0.00 secs] 
82.201: Total time for which application threads were stopped: 0.0041190 seconds, Stopping threads took: 0.0019140 seconds
82.230: Application time: 0.0285700 seconds
82.232: [GC82.232: [ParNew: 37567K->4159K(37568K), 0.0028110 secs] 557712K->527404K(758420K), 0.0028540 secs] [Times: user=0.02 sys=0.00, real=0.00 secs] 
82.235: Total time for which application threads were stopped: 0.0049920 seconds, Stopping threads took: 0.0020500 seconds
82.263: Application time: 0.0286810 seconds
82.265: [GC82.265: [ParNew: 37567K->4159K(37568K), 0.0027710 secs] 560812K->530352K(758420K), 0.0028140 secs] [Times: user=0.02 sys=0.00, real=0.01 secs] 
82.267: Total time for which application threads were stopped: 0.0042120 seconds, Stopping threads took: 0.0013400 seconds
82.296: Application time: 0.0289290 seconds
82.299: [GC82.299: [ParNew: 37566K->4159K(37568K), 0.0027870 secs] 563759K->533260K(758420K), 0.0028300 secs] [Times: user=0.02 sys=0.00, real=0.00 secs] 
82.302: Total time for which application threads were stopped: 0.0056660 seconds, Stopping threads took: 0.0027710 seconds
82.331: Application time: 0.0292040 seconds
82.333: [GC82.333: [ParNew: 37567K->4159K(37568K), 0.0026950 secs] 566668K->536065K(758420K), 0.0027410 secs] [Times: user=0.02 sys=0.00, real=0.01 secs] 
82.336: Total time for which application threads were stopped: 0.0049230 seconds, Stopping threads took: 0.0021060 seconds
82.366: Application time: 0.0296000 seconds
82.369: [GC82.369: [ParNew: 37567K->4159K(37568K), 0.0026380 secs] 569473K->538682K(758420K), 0.0026800 secs] [Times: user=0.02 sys=0.00, real=0.00 secs] 
82.371: Total time for which application threads were stopped: 0.0055400 seconds, Stopping threads took: 0.0027970 seconds
82.401: Application time: 0.0299430 seconds
82.403: [GC82.403: [ParNew: 37567K->4159K(37568K), 0.0021070 secs] 572090K->539328K(758420K), 0.0021510 secs] [Times: user=0.01 sys=0.00, real=0.00 secs] 
82.405: Total time for which application threads were stopped: 0.0037690 seconds, Stopping threads took: 0.0015550 seconds
82.434: Application time: 0.0290550 seconds
82.436: [GC82.436: [ParNew: 37567K->4159K(37568K), 0.0023810 secs] 572736K->540673K(758420K), 0.0024340 secs] [Times: user=0.01 sys=0.00, real=0.00 secs] 
82.439: Total time for which application threads were stopped: 0.0045280 seconds, Stopping threads took: 0.0020290 seconds
82.468: Application time: 0.0293600 seconds
82.471: [GC82.471: [ParNew: 37567K->4159K(37568K), 0.0024770 secs] 574081K->542443K(758420K), 0.0025220 secs] [Times: user=0.01 sys=0.00, real=0.00 secs] 
82.474: Total time for which application threads were stopped: 0.0055610 seconds, Stopping threads took: 0.0029640 seconds
82.502: Application time: 0.0288790 seconds
82.505: [GC82.505: [ParNew: 37567K->4159K(37568K), 0.0026130 secs] 575851K->544699K(758420K), 0.0026560 secs] [Times: user=0.02 sys=0.01, real=0.01 secs] 
82.508: Total time for which application threads were stopped: 0.0054570 seconds, Stopping threads took: 0.0027120 seconds
82.538: Application time: 0.0301060 seconds
82.540: [GC82.540: [ParNew: 37567K->4158K(37568K), 0.0022630 secs] 578107K->545944K(758420K), 0.0023040 secs] [Times: user=0.02 sys=0.00, real=0.00 secs] 
82.542: Total time for which application threads were stopped: 0.0038440 seconds, Stopping threads took: 0.0014730 seconds
82.572: Application time: 0.0297750 seconds
82.572: [GC82.572: [ParNew: 37566K->4158K(37568K), 0.0020110 secs] 579352K->546206K(758420K), 0.0020540 secs] [Times: user=0.01 sys=0.00, real=0.00 secs] 
82.574: Total time for which application threads were stopped: 0.0027870 seconds, Stopping threads took: 0.0006600 seconds
82.605: Application time: 0.0304650 seconds
82.607: [GC82.607: [ParNew: 37566K->4159K(37568K), 0.0021860 secs] 579614K->547440K(758420K), 0.0022280 secs] [Times: user=0.02 sys=0.00, real=0.00 secs] 
82.610: Total time for which application threads were stopped: 0.0046200 seconds, Stopping threads took: 0.0023180 seconds
82.639: Application time: 0.0296250 seconds
82.642: [GC82.642: [ParNew: 37567K->4159K(37568K), 0.0024530 secs] 580848K->549515K(758420K), 0.0025000 secs] [Times: user=0.02 sys=0.00, real=0.00 secs] 
82.644: Total time for which application threads were stopped: 0.0049900 seconds, Stopping threads took: 0.0024030 seconds
82.674: Application time: 0.0299620 seconds
82.676: [GC82.676: [ParNew: 37567K->4158K(37568K), 0.0028070 secs] 582923K->552572K(758420K), 0.0028510 secs] [Times: user=0.02 sys=0.00, real=0.00 secs] 
82.679: Total time for which application threads were stopped: 0.0049690 seconds, Stopping threads took: 0.0020520 seconds
82.708: Application time: 0.0289070 seconds
82.710: [GC82.710: [ParNew: 37566K->4159K(37568K), 0.0026440 secs] 585980K->554840K(758420K), 0.0026910 secs] [Times: user=0.02 sys=0.00, real=0.00 secs] 
82.712: Total time for which application threads were stopped: 0.0044740 seconds, Stopping threads took: 0.0017180 seconds
82.742: Application time: 0.0297900 seconds
82.744: [GC82.744: [ParNew: 37567K->4159K(37568K), 0.0024700 secs] 588248K->556520K(758420K), 0.0025150 secs] [Times: user=0.02 sys=0.00, real=0.00 secs] 
82.746: Total time for which application threads were stopped: 0.0039850 seconds, Stopping threads took: 0.0014040 seconds
82.775: Application time: 0.0289820 seconds
82.777: [GC82.777: [ParNew: 37567K->4158K(37568K), 0.0026270 secs] 589928K->559091K(758420K), 0.0026690 secs] [Times: user=0.02 sys=0.00, real=0.00 secs] 
82.780: Total time for which application threads were stopped: 0.0046930 seconds, Stopping threads took: 0.0019580 seconds
82.809: Application time: 0.0291660 seconds
82.812: [GC82.812: [ParNew: 37566K->4159K(37568K), 0.0030250 secs] 592499K->562596K(758420K), 0.0030710 secs] [Times: user=0.02 sys=0.00, real=0.01 secs] 
82.815: Total time for which application threads were stopped: 0.0062270 seconds, Stopping threads took: 0.0030800 seconds
82.844: Application time: 0.0285430 seconds
82.846: [GC82.846: [ParNew: 37567K->4159K(37568K), 0.0029350 secs] 596004K->566030K(758420K), 0.0029780 secs] [Times: user=0.02 sys=0.00, real=0.01 secs] 
82.849: Total time for which application threads were stopped: 0.0053380 seconds, Stopping threads took: 0.0022830 seconds
82.880: Application time: 0.0303490 seconds
82.882: [GC82.882: [ParNew: 37567K->4159K(37568K), 0.0029420 secs] 599438K->569284K(758420K), 0.0029880 secs] [Times: user=0.02 sys=0.00, real=0.00 secs] 
82.885: Total time for which application threads were stopped: 0.0050540 seconds, Stopping threads took: 0.0020020 seconds
82.914: Application time: 0.0293360 seconds
82.916: [GC82.916: [ParNew: 37567K->4159K(37568K), 0.0027700 secs] 602692K->571830K(758420K), 0.0028160 secs] [Times: user=0.02 sys=0.00, real=0.00 secs] 
82.918: Total time for which application threads were stopped: 0.0044580 seconds, Stopping threads took: 0.0015840 seconds
82.948: Application time: 0.0298730 seconds
82.951: [GC82.951: [ParNew: 37567K->4159K(37568K), 0.0025100 secs] 605238K->573785K(758420K), 0.0025530 secs] [Times: user=0.01 sys=0.00, real=0.00 secs] 
82.953: Total time for which application threads were stopped: 0.0050440 seconds, Stopping threads took: 0.0024250 seconds
82.983: Application time: 0.0292250 seconds
82.984: [GC82.984: [ParNew: 37567K->4159K(37568K), 0.0030700 secs] 607193K->577376K(758420K), 0.0031150 secs] [Times: user=0.02 sys=0.00, real=0.01 secs] 
82.987: Total time for which application threads were stopped: 0.0048970 seconds, Stopping threads took: 0.0017170 seconds
83.017: Application time: 0.0297930 seconds
83.020: [GC83.020: [ParNew: 37567K->4159K(37568K), 0.0022950 secs] 610784K->578706K(758420K), 0.0023500 secs] [Times: user=0.02 sys=0.00, real=0.00 secs] 
83.022: Total time for which application threads were stopped: 0.0049970 seconds, Stopping threads took: 0.0025840 seconds
83.052: Application time: 0.0294520 seconds
83.054: [GC83.054: [ParNew: 37567K->4158K(37568K), 0.0021380 secs] 612114K->579380K(758420K), 0.0021830 secs] [Times: user=0.02 sys=0.00, real=0.01 secs] 
83.056: Total time for which application threads were stopped: 0.0047430 seconds, Stopping threads took: 0.0024750 seconds
83.086: Application time: 0.0293960 seconds
83.087: [GC83.087: [ParNew: 37566K->4158K(37568K), 0.0026760 secs] 612788K->581882K(758420K), 0.0027180 secs] [Times: user=0.02 sys=0.00, real=0.00 secs] 
83.090: Total time for which application threads were stopped: 0.0042010 seconds, Stopping threads took: 0.0014170 seconds
83.120: Application time: 0.0295570 seconds
83.121: [GC83.122: [ParNew: 37566K->4158K(37568K), 0.0027520 secs] 615290K->584772K(758420K), 0.0027990 secs] [Times: user=0.02 sys=0.00, real=0.00 secs] 
83.124: Total time for which application threads were stopped: 0.0047150 seconds, Stopping threads took: 0.0018520 seconds
83.153: Application time: 0.0283120 seconds
83.155: [GC83.155: [ParNew: 37566K->4158K(37568K), 0.0027060 secs] 618180K->587556K(758420K), 0.0027480 secs] [Times: user=0.02 sys=0.00, real=0.00 secs] 
83.158: Total time for which application threads were stopped: 0.0055340 seconds, Stopping threads took: 0.0027220 seconds
83.187: Application time: 0.0290550 seconds
83.189: [GC83.189: [ParNew: 37566K->4159K(37568K), 0.0026540 secs] 620964K->590192K(758420K), 0.0027000 secs] [Times: user=0.02 sys=0.00, real=0.00 secs] 
83.192: Total time for which application threads were stopped: 0.0046130 seconds, Stopping threads took: 0.0018460 seconds
83.221: Application time: 0.0293610 seconds
83.224: [GC83.224: [ParNew: 37565K->4159K(37568K), 0.0029230 secs] 623598K->593555K(758420K), 0.0029690 secs] [Times: user=0.02 sys=0.00, real=0.00 secs] 
83.227: Total time for which application threads were stopped: 0.0054120 seconds, Stopping threads took: 0.0023680 seconds
83.255: Application time: 0.0287930 seconds
83.257: [GC83.257: [ParNew: 37567K->4159K(37568K), 0.0026270 secs] 626963K->595851K(758420K), 0.0026720 secs] [Times: user=0.02 sys=0.00, real=0.00 secs] 
83.260: Total time for which application threads were stopped: 0.0041850 seconds, Stopping threads took: 0.0014470 seconds
83.289: Application time: 0.0298440 seconds
83.292: [GC83.292: [ParNew: 37567K->4159K(37568K), 0.0024880 secs] 629259K->598002K(758420K), 0.0025310 secs] [Times: user=0.02 sys=0.00, real=0.00 secs] 
83.294: Total time for which application threads were stopped: 0.0046700 seconds, Stopping threads took: 0.0020730 seconds
83.324: Application time: 0.0294600 seconds
83.325: [GC83.325: [ParNew: 37567K->4159K(37568K), 0.0021630 secs] 631410K->598992K(758420K), 0.0022040 secs] [Times: user=0.01 sys=0.00, real=0.01 secs] 
83.327: Total time for which application threads were stopped: 0.0037050 seconds, Stopping threads took: 0.0014380 seconds
83.357: Application time: 0.0292460 seconds
83.359: [GC83.359: [ParNew: 37567K->4159K(37568K), 0.0023900 secs] 632400K->600388K(758420K), 0.0024350 secs] [Times: user=0.02 sys=0.00, real=0.00 secs] 
83.362: Total time for which application threads were stopped: 0.0051000 seconds, Stopping threads took: 0.0025820 seconds
83.391: Application time: 0.0293480 seconds
83.392: [GC83.392: [ParNew: 37567K->4158K(37568K), 0.0027690 secs] 633796K->603106K(758420K), 0.0028130 secs] [Times: user=0.02 sys=0.00, real=0.01 secs] 
83.395: Total time for which application threads were stopped: 0.0041520 seconds, Stopping threads took: 0.0012720 seconds
83.425: Application time: 0.0294390 seconds
83.427: [GC83.427: [ParNew: 37564K->4159K(37568K), 0.0023610 secs] 636513K->604661K(758420K), 0.0024070 secs] [Times: user=0.01 sys=0.00, real=0.01 secs] 
83.429: Total time for which application threads were stopped: 0.0043990 seconds, Stopping threads took: 0.0019270 seconds
83.457: Application time: 0.0283080 seconds
83.459: [GC83.459: [ParNew: 37567K->4159K(37568K), 0.0029410 secs] 638069K->607912K(758420K), 0.0029920 secs] [Times: user=0.02 sys=0.00, real=0.00 secs] 
83.462: Total time for which application threads were stopped: 0.0047460 seconds, Stopping threads took: 0.0016890 seconds
83.490: Application time: 0.0283920 seconds
83.492: [GC83.492: [ParNew: 37567K->4158K(37568K), 0.0028970 secs] 641320K->610948K(758420K), 0.0029400 secs] [Times: user=0.02 sys=0.00, real=0.01 secs] 
83.495: Total time for which application threads were stopped: 0.0045020 seconds, Stopping threads took: 0.0014980 seconds
83.525: Application time: 0.0300800 seconds
83.526: [GC83.526: [ParNew: 37566K->4158K(37568K), 0.0026550 secs] 644356K->613265K(758420K), 0.0027000 secs] [Times: user=0.02 sys=0.00, real=0.01 secs] 
83.529: Total time for which application threads were stopped: 0.0040450 seconds, Stopping threads took: 0.0012680 seconds
83.559: Application time: 0.0299990 seconds
83.562: [GC83.562: [ParNew: 37566K->4158K(37568K), 0.0021760 secs] 646673K->614191K(758420K), 0.0022180 secs] [Times: user=0.02 sys=0.00, real=0.00 secs] 
83.564: Total time for which application threads were stopped: 0.0049640 seconds, Stopping threads took: 0.0026820 seconds
83.594: Application time: 0.0297200 seconds
83.596: [GC83.596: [ParNew: 37566K->4159K(37568K), 0.0027970 secs] 647599K->617053K(758420K), 0.0028390 secs] [Times: user=0.02 sys=0.00, real=0.00 secs] 
83.599: Total time for which application threads were stopped: 0.0051700 seconds, Stopping threads took: 0.0022570 seconds
83.628: Application time: 0.0293410 seconds
83.631: [GC83.631: [ParNew: 37567K->4159K(37568K), 0.0024090 secs] 650461K->618872K(758420K), 0.0024490 secs] [Times: user=0.02 sys=0.00, real=0.00 secs] 
83.633: Total time for which application threads were stopped: 0.0052360 seconds, Stopping threads took: 0.0027210 seconds
83.662: Application time: 0.0282350 seconds
83.663: [GC83.664: [ParNew: 37567K->4158K(37568K), 0.0028100 secs] 652280K->621552K(758420K), 0.0028560 secs] [Times: user=0.02 sys=0.00, real=0.00 secs] 
83.666: Total time for which application threads were stopped: 0.0046330 seconds, Stopping threads took: 0.0017130 seconds
83.695: Application time: 0.0287160 seconds
83.698: [GC83.698: [ParNew: 37566K->4159K(37568K), 0.0025430 secs] 654960K->623650K(758420K), 0.0025860 secs] [Times: user=0.02 sys=0.00, real=0.00 secs] 
83.700: Total time for which application threads were stopped: 0.0051380 seconds, Stopping threads took: 0.0024860 seconds
83.729: Application time: 0.0291410 seconds
83.731: [GC83.731: [ParNew: 37567K->4158K(37568K), 0.0023830 secs] 657058K->625111K(758420K), 0.0024260 secs] [Times: user=0.02 sys=0.00, real=0.00 secs] 
83.734: Total time for which application threads were stopped: 0.0044800 seconds, Stopping threads took: 0.0019680 seconds
83.764: Application time: 0.0300010 seconds
83.765: [GC83.765: [ParNew: 37564K->4159K(37568K), 0.0022510 secs] 658517K->625998K(758420K), 0.0022940 secs] [Times: user=0.01 sys=0.00, real=0.01 secs] 
83.767: Total time for which application threads were stopped: 0.0036040 seconds, Stopping threads took: 0.0012450 seconds
83.798: Application time: 0.0301130 seconds
83.800: [GC83.800: [ParNew: 37567K->4159K(37568K), 0.0026630 secs] 659406K->628373K(758420K), 0.0027050 secs] [Times: user=0.02 sys=0.00, real=0.00 secs] 
83.803: Total time for which application threads were stopped: 0.0049330 seconds, Stopping threads took: 0.0021630 seconds
83.832: Application time: 0.0292020 seconds
83.833: [GC83.833: [ParNew: 37567K->4158K(37568K), 0.0026080 secs] 661781K->630637K(758420K), 0.0026510 secs] [Times: user=0.02 sys=0.00, real=0.01 secs] 
83.836: Total time for which application threads were stopped: 0.0043520 seconds, Stopping threads took: 0.0016350 seconds
83.866: Application time: 0.0299090 seconds
83.868: [GC83.869: [ParNew: 37566K->4159K(37568K), 0.0026380 secs] 664045K->632880K(758420K), 0.0026860 secs] [Times: user=0.02 sys=0.00, real=0.00 secs] 
83.871: Total time for which application threads were stopped: 0.0052260 seconds, Stopping threads took: 0.0024330 seconds
83.900: Application time: 0.0292310 seconds
83.903: [GC83.903: [ParNew: 37567K->4159K(37568K), 0.0027100 secs] 666288K->635546K(758420K), 0.0027530 secs] [Times: user=0.02 sys=0.00, real=0.00 secs] 
83.905: Total time for which application threads were stopped: 0.0049420 seconds, Stopping threads took: 0.0021170 seconds
83.934: Application time: 0.0290180 seconds
83.937: [GC83.937: [ParNew: 37567K->4159K(37568K), 0.0028650 secs] 668954K->638458K(758420K), 0.0029110 secs] [Times: user=0.02 sys=0.00, real=0.00 secs] 
83.940: Total time for which application threads were stopped: 0.0056260 seconds, Stopping threads took: 0.0026510 seconds
83.969: Application time: 0.0289650 seconds
83.971: [GC83.971: [ParNew: 37567K->4159K(37568K), 0.0026660 secs] 671866K->640391K(758420K), 0.0027120 secs] [Times: user=0.02 sys=0.00, real=0.00 secs] 
83.974: Total time for which application threads were stopped: 0.0047060 seconds, Stopping threads took: 0.0019280 seconds
84.001: Application time: 0.0272150 seconds
84.004: [GC84.004: [ParNew: 37567K->4159K(37568K), 0.0032080 secs] 673799K->644193K(758420K), 0.0032520 secs] [Times: user=0.03 sys=0.00, real=0.01 secs] 
84.007: Total time for which application threads were stopped: 0.0062550 seconds, Stopping threads took: 0.0029160 seconds
84.038: Application time: 0.0307500 seconds
84.041: [GC84.041: [ParNew: 37567K->4158K(37568K), 0.0026970 secs] 677601K->646740K(758420K), 0.0027410 secs] [Times: user=0.02 sys=0.00, real=0.00 secs] 
84.044: Total time for which application threads were stopped: 0.0059800 seconds, Stopping threads took: 0.0031750 seconds
84.074: Application time: 0.0296840 seconds
84.074: [GC84.074: [ParNew: 37566K->4158K(37568K), 0.0025580 secs] 680148K->648662K(758420K), 0.0026010 secs] [Times: user=0.02 sys=0.00, real=0.01 secs] 
84.077: Total time for which application threads were stopped: 0.0034180 seconds, Stopping threads took: 0.0007420 seconds
84.107: Application time: 0.0295090 seconds
84.109: [GC84.109: [ParNew: 37566K->4159K(37568K), 0.0028090 secs] 682070K->651392K(758420K), 0.0028540 secs] [Times: user=0.02 sys=0.00, real=0.00 secs] 
84.112: Total time for which application threads were stopped: 0.0054720 seconds, Stopping threads took: 0.0025530 seconds
 CMS: abort preclean due to time 84.115: [CMS-concurrent-abortable-preclean: 0.683/5.031 secs] [Times: user=37.82 sys=0.22, real=5.04 secs] 
84.115: Application time: 0.0028030 seconds
84.119: [GC[YG occupancy: 7818 K (37568 K)]84.119: [Rescan (parallel) , 0.0003150 secs]84.119: [weak refs processing, 0.0000070 secs]84.120: [scrub string table, 0.0001060 secs] [1 CMS-remark: 647232K(720852K)] 655051K(758420K), 0.0004600 secs] [Times: user=0.01 sys=0.00, real=0.00 secs] 
84.120: Total time for which application threads were stopped: 0.0048210 seconds, Stopping threads took: 0.0043320 seconds
84.120: [CMS-concurrent-sweep-start]
84.147: Application time: 0.0271080 seconds
84.150: [GC84.150: [ParNew: 37567K->4158K(37568K), 0.0028650 secs] 440662K->410449K(758420K), 0.0029080 secs] [Times: user=0.02 sys=0.00, real=0.00 secs] 
84.153: Total time for which application threads were stopped: 0.0057920 seconds, Stopping threads took: 0.0028190 seconds
84.161: [CMS-concurrent-sweep: 0.035/0.041 secs] [Times: user=0.30 sys=0.00, real=0.04 secs] 
84.161: [CMS-concurrent-reset-start]
84.163: [CMS-concurrent-reset: 0.002/0.002 secs] [Times: user=0.03 sys=0.00, real=0.00 secs] 
84.182: Application time: 0.0298270 seconds
84.185: [GC84.185: [ParNew: 37566K->4159K(37568K), 0.0028070 secs] 357253K->327040K(758420K), 0.0028500 secs] [Times: user=0.02 sys=0.00, real=0.01 secs] 
84.187: Total time for which application threads were stopped: 0.0050650 seconds, Stopping threads took: 0.0021500 seconds
84.187: Application time: 0.0000520 seconds
84.193: [GC [1 CMS-initial-mark: 322880K(720852K)] 327358K(758420K), 0.0001820 secs] [Times: user=0.00 sys=0.00, real=0.00 secs] 
84.193: Total time for which application threads were stopped: 0.0055440 seconds, Stopping threads took: 0.0053390 seconds
84.193: [CMS-concurrent-mark-start]
84.209: [CMS-concurrent-mark: 0.016/0.016 secs] [Times: user=0.11 sys=0.00, real=0.02 secs] 
84.209: [CMS-concurrent-preclean-start]
84.210: [CMS-concurrent-preclean: 0.001/0.001 secs] [Times: user=0.00 sys=0.00, real=0.00 secs] 
84.210: [CMS-concurrent-abortable-preclean-start]
84.223: Application time: 0.0296340 seconds
84.224: [GC84.224: [ParNew: 37567K->4158K(37568K), 0.0028260 secs] 360448K->330162K(758420K), 0.0028700 secs] [Times: user=0.02 sys=0.00, real=0.01 secs] 
84.227: Total time for which application threads were stopped: 0.0046970 seconds, Stopping threads took: 0.0017640 seconds
84.257: Application time: 0.0296400 seconds
84.259: [GC84.259: [ParNew: 37566K->4158K(37568K), 0.0024320 secs] 363570K->332038K(758420K), 0.0024750 secs] [Times: user=0.01 sys=0.00, real=0.00 secs] 
84.262: Total time for which application threads were stopped: 0.0048970 seconds, Stopping threads took: 0.0023570 seconds
84.291: Application time: 0.0286030 seconds
84.292: [GC84.292: [ParNew: 37565K->4159K(37568K), 0.0027180 secs] 365446K->334877K(758420K), 0.0027630 secs] [Times: user=0.02 sys=0.00, real=0.01 secs] 
84.295: Total time for which application threads were stopped: 0.0046140 seconds, Stopping threads took: 0.0017860 seconds
84.325: Application time: 0.0295760 seconds
84.326: [GC84.326: [ParNew: 37567K->4158K(37568K), 0.0028800 secs] 368285K->338097K(758420K), 0.0029230 secs] [Times: user=0.02 sys=0.00, real=0.01 secs] 
84.329: Total time for which application threads were stopped: 0.0039850 seconds, Stopping threads took: 0.0009960 seconds
84.359: Application time: 0.0306480 seconds
84.361: [GC84.361: [ParNew: 37566K->4159K(37568K), 0.0026850 secs] 371505K->340650K(758420K), 0.0027290 secs] [Times: user=0.02 sys=0.00, real=0.00 secs] 
84.364: Total time for which application threads were stopped: 0.0046170 seconds, Stopping threads took: 0.0018200 seconds
84.393: Application time: 0.0292520 seconds
84.396: [GC84.396: [ParNew: 37567K->4158K(37568K), 0.0026070 secs] 374058K->343036K(758420K), 0.0026500 secs] [Times: user=0.02 sys=0.00, real=0.00 secs] 
84.399: Total time for which application threads were stopped: 0.0055920 seconds, Stopping threads took: 0.0028650 seconds
84.428: Application time: 0.0295080 seconds
84.430: [GC84.430: [ParNew: 37566K->4158K(37568K), 0.0025920 secs] 376444K->345283K(758420K), 0.0026380 secs] [Times: user=0.01 sys=0.01, real=0.00 secs] 
84.433: Total time for which application threads were stopped: 0.0042230 seconds, Stopping threads took: 0.0015190 seconds
84.462: Application time: 0.0298520 seconds
84.464: [GC84.464: [ParNew: 37566K->4159K(37568K), 0.0025770 secs] 378691K->347475K(758420K), 0.0026240 secs] [Times: user=0.02 sys=0.00, real=0.01 secs] 
84.467: Total time for which application threads were stopped: 0.0044320 seconds, Stopping threads took: 0.0017430 seconds
84.496: Application time: 0.0291260 seconds
84.497: [GC84.497: [ParNew: 37567K->4158K(37568K), 0.0025000 secs] 380883K->349473K(758420K), 0.0025430 secs] [Times: user=0.02 sys=0.00, real=0.00 secs] 
84.500: Total time for which application threads were stopped: 0.0038720 seconds, Stopping threads took: 0.0012620 seconds
84.529: Application time: 0.0293030 seconds
84.531: [GC84.531: [ParNew: 37566K->4158K(37568K), 0.0024020 secs] 382881K->351410K(758420K), 0.0024470 secs] [Times: user=0.02 sys=0.00, real=0.00 secs] 
84.534: Total time for which application threads were stopped: 0.0046420 seconds, Stopping threads took: 0.0021290 seconds
84.563: Application time: 0.0295510 seconds
84.566: [GC84.566: [ParNew: 37564K->4159K(37568K), 0.0023350 secs] 384817K->353152K(758420K), 0.0023780 secs] [Times: user=0.02 sys=0.00, real=0.01 secs] 
84.569: Total time for which application threads were stopped: 0.0053360 seconds, Stopping threads took: 0.0028910 seconds
84.598: Application time: 0.0288860 seconds
84.599: [GC84.599: [ParNew: 37567K->4158K(37568K), 0.0029990 secs] 386560K->356859K(758420K), 0.0030420 secs] [Times: user=0.02 sys=0.00, real=0.00 secs] 
84.602: Total time for which application threads were stopped: 0.0046620 seconds, Stopping threads took: 0.0015440 seconds
84.634: Application time: 0.0318460 seconds
84.636: [GC84.636: [ParNew: 37566K->4159K(37568K), 0.0024340 secs] 390267K->358573K(758420K), 0.0024750 secs] [Times: user=0.02 sys=0.00, real=0.00 secs] 
84.638: Total time for which application threads were stopped: 0.0041530 seconds, Stopping threads took: 0.0016130 seconds
84.668: Application time: 0.0297490 seconds
84.671: [GC84.671: [ParNew: 37567K->4158K(37568K), 0.0020690 secs] 391981K->359315K(758420K), 0.0021140 secs] [Times: user=0.02 sys=0.00, real=0.00 secs] 
84.673: Total time for which application threads were stopped: 0.0050680 seconds, Stopping threads took: 0.0028890 seconds
84.702: Application time: 0.0290460 seconds
84.704: [GC84.704: [ParNew: 37566K->4158K(37568K), 0.0026220 secs] 392723K->361829K(758420K), 0.0026700 secs] [Times: user=0.01 sys=0.01, real=0.01 secs] 
84.707: Total time for which application threads were stopped: 0.0046340 seconds, Stopping threads took: 0.0018970 seconds
84.736: Application time: 0.0289600 seconds
84.738: [GC84.738: [ParNew: 37566K->4158K(37568K), 0.0024490 secs] 395237K->363873K(758420K), 0.0024900 secs] [Times: user=0.02 sys=0.00, real=0.00 secs] 
84.740: Total time for which application threads were stopped: 0.0045250 seconds, Stopping threads took: 0.0019710 seconds
84.768: Application time: 0.0275650 seconds
84.770: [GC84.770: [ParNew: 37566K->4159K(37568K), 0.0028480 secs] 397281K->367284K(758420K), 0.0028950 secs] [Times: user=0.02 sys=0.00, real=0.00 secs] 
84.773: Total time for which application threads were stopped: 0.0053480 seconds, Stopping threads took: 0.0023870 seconds
84.804: Application time: 0.0307830 seconds
84.807: [GC84.807: [ParNew: 37567K->4158K(37568K), 0.0025820 secs] 400692K->369709K(758420K), 0.0026240 secs] [Times: user=0.02 sys=0.00, real=0.00 secs] 
84.809: Total time for which application threads were stopped: 0.0053920 seconds, Stopping threads took: 0.0027030 seconds
84.839: Application time: 0.0297960 seconds
84.841: [GC84.841: [ParNew: 37565K->4159K(37568K), 0.0025130 secs] 403116K->371907K(758420K), 0.0025560 secs] [Times: user=0.02 sys=0.01, real=0.00 secs] 
84.843: Total time for which application threads were stopped: 0.0040980 seconds, Stopping threads took: 0.0014780 seconds
84.874: Application time: 0.0303680 seconds
84.875: [GC84.875: [ParNew: 37567K->4156K(37568K), 0.0019280 secs] 405315K->371933K(758420K), 0.0019660 secs] [Times: user=0.02 sys=0.00, real=0.00 secs] 
84.877: Total time for which application threads were stopped: 0.0034590 seconds, Stopping threads took: 0.0014320 seconds
84.906: Application time: 0.0294270 seconds
84.908: [GC84.908: [ParNew: 37564K->4158K(37568K), 0.0027330 secs] 405341K->374830K(758420K), 0.0027750 secs] [Times: user=0.02 sys=0.00, real=0.00 secs] 
84.911: Total time for which application threads were stopped: 0.0043550 seconds, Stopping threads took: 0.0015100 seconds
84.941: Application time: 0.0299900 seconds
84.943: [GC84.943: [ParNew: 37566K->4159K(37568K), 0.0027340 secs] 408238K->377595K(758420K), 0.0027750 secs] [Times: user=0.02 sys=0.00, real=0.00 secs] 
84.946: Total time for which application threads were stopped: 0.0052570 seconds, Stopping threads took: 0.0024180 seconds
84.976: Application time: 0.0296180 seconds
84.979: [GC84.979: [ParNew: 37565K->4159K(37568K), 0.0025950 secs] 411001K->380355K(758420K), 0.0026380 secs] [Times: user=0.02 sys=0.00, real=0.00 secs] 
84.982: Total time for which application threads were stopped: 0.0059630 seconds, Stopping threads took: 0.0032600 seconds
85.012: Application time: 0.0299610 seconds
85.014: [GC85.014: [ParNew: 37567K->4158K(37568K), 0.0023230 secs] 413763K->381997K(758420K), 0.0023690 secs] [Times: user=0.02 sys=0.00, real=0.01 secs] 
85.016: Total time for which application threads were stopped: 0.0042890 seconds, Stopping threads took: 0.0018540 seconds
85.046: Application time: 0.0305490 seconds
85.048: [GC85.048: [ParNew: 37566K->4158K(37568K), 0.0020970 secs] 415405K->382482K(758420K), 0.0021410 secs] [Times: user=0.02 sys=0.00, real=0.00 secs] 
85.050: Total time for which application threads were stopped: 0.0036780 seconds, Stopping threads took: 0.0014700 seconds
85.081: Application time: 0.0311440 seconds
85.084: [GC85.084: [ParNew: 37566K->4158K(37568K), 0.0022260 secs] 415890K->383885K(758420K), 0.0022680 secs] [Times: user=0.01 sys=0.00, real=0.00 secs] 
85.086: Total time for which application threads were stopped: 0.0051150 seconds, Stopping threads took: 0.0027830 seconds
85.116: Application time: 0.0292570 seconds
85.118: [GC85.118: [ParNew: 37566K->4158K(37568K), 0.0022630 secs] 417293K->385170K(758420K), 0.0023050 secs] [Times: user=0.02 sys=0.00, real=0.00 secs] 
85.120: Total time for which application threads were stopped: 0.0044810 seconds, Stopping threads took: 0.0021090 seconds
85.149: Application time: 0.0284350 seconds
85.150: [GC85.150: [ParNew: 37566K->4158K(37568K), 0.0027050 secs] 418578K->387892K(758420K), 0.0027500 secs] [Times: user=0.02 sys=0.00, real=0.00 secs] 
85.153: Total time for which application threads were stopped: 0.0046480 seconds, Stopping threads took: 0.0018310 seconds
85.183: Application time: 0.0302270 seconds
85.186: [GC85.186: [ParNew: 37566K->4159K(37568K), 0.0025370 secs] 421300K->390026K(758420K), 0.0025810 secs] [Times: user=0.02 sys=0.00, real=0.01 secs] 
85.188: Total time for which application threads were stopped: 0.0046850 seconds, Stopping threads took: 0.0020380 seconds
85.218: Application time: 0.0297100 seconds
85.219: [GC85.219: [ParNew: 37567K->4159K(37568K), 0.0025240 secs] 423434K->392127K(758420K), 0.0025700 secs] [Times: user=0.01 sys=0.01, real=0.00 secs] 
85.221: Total time for which application threads were stopped: 0.0032420 seconds, Stopping threads took: 0.0006040 seconds
85.250: Application time: 0.0291270 seconds
85.253: [GC85.253: [ParNew: 37567K->4158K(37568K), 0.0027900 secs] 425535K->395019K(758420K), 0.0028320 secs] [Times: user=0.02 sys=0.00, real=0.01 secs] 
85.255: Total time for which application threads were stopped: 0.0051970 seconds, Stopping threads took: 0.0023000 seconds
85.286: Application time: 0.0307130 seconds
85.288: [GC85.288: [ParNew: 37566K->4159K(37568K), 0.0030000 secs] 428427K->398738K(758420K), 0.0030470 secs] [Times: user=0.03 sys=0.00, real=0.00 secs] 
85.291: Total time for which application threads were stopped: 0.0050670 seconds, Stopping threads took: 0.0019520 seconds
85.322: Application time: 0.0312280 seconds
85.325: [GC85.325: [ParNew: 37567K->4158K(37568K), 0.0026140 secs] 432146K->401286K(758420K), 0.0026610 secs] [Times: user=0.02 sys=0.00, real=0.01 secs] 
85.328: Total time for which application threads were stopped: 0.0054060 seconds, Stopping threads took: 0.0026830 seconds
85.360: Application time: 0.0319350 seconds
85.362: [GC85.362: [ParNew: 37566K->4159K(37568K), 0.0023470 secs] 434694K->402699K(758420K), 0.0023910 secs] [Times: user=0.02 sys=0.00, real=0.00 secs] 
85.364: Total time for which application threads were stopped: 0.0045600 seconds, Stopping threads took: 0.0021020 seconds
85.395: Application time: 0.0311210 seconds
85.397: [GC85.397: [ParNew: 37567K->4159K(37568K), 0.0025660 secs] 436107K->404876K(758420K), 0.0026120 secs] [Times: user=0.02 sys=0.00, real=0.00 secs] 
85.400: Total time for which application threads were stopped: 0.0041510 seconds, Stopping threads took: 0.0014720 seconds
85.431: Application time: 0.0313180 seconds
85.433: [GC85.433: [ParNew: 37567K->4159K(37568K), 0.0022130 secs] 438284K->405833K(758420K), 0.0022560 secs] [Times: user=0.02 sys=0.00, real=0.01 secs] 
85.435: Total time for which application threads were stopped: 0.0042530 seconds, Stopping threads took: 0.0019230 seconds
85.466: Application time: 0.0310960 seconds
85.467: [GC85.467: [ParNew: 37567K->4158K(37568K), 0.0027310 secs] 439241K->408569K(758420K), 0.0027730 secs] [Times: user=0.02 sys=0.00, real=0.00 secs] 
85.470: Total time for which application threads were stopped: 0.0034030 seconds, Stopping threads took: 0.0005630 seconds
85.502: Application time: 0.0318380 seconds
85.505: [GC85.505: [ParNew: 37566K->4159K(37568K), 0.0025220 secs] 441976K->410916K(758420K), 0.0025760 secs] [Times: user=0.02 sys=0.00, real=0.01 secs] 
85.507: Total time for which application threads were stopped: 0.0059190 seconds, Stopping threads took: 0.0032800 seconds
85.540: Application time: 0.0320420 seconds
85.541: [GC85.541: [ParNew: 37567K->3874K(37568K), 0.0018330 secs] 444324K->410632K(758420K), 0.0018740 secs] [Times: user=0.01 sys=0.00, real=0.00 secs] 
85.543: Total time for which application threads were stopped: 0.0035210 seconds, Stopping threads took: 0.0015820 seconds
85.574: Application time: 0.0313060 seconds
85.576: [GC85.576: [ParNew: 37282K->4159K(37568K), 0.0025330 secs] 444040K->412996K(758420K), 0.0025810 secs] [Times: user=0.02 sys=0.00, real=0.00 secs] 
85.579: Total time for which application threads were stopped: 0.0043290 seconds, Stopping threads took: 0.0016880 seconds
85.609: Application time: 0.0307610 seconds
85.611: [GC85.611: [ParNew: 37567K->4158K(37568K), 0.0025900 secs] 446404K->415403K(758420K), 0.0026370 secs] [Times: user=0.02 sys=0.00, real=0.00 secs] 
85.614: Total time for which application threads were stopped: 0.0041500 seconds, Stopping threads took: 0.0014470 seconds
85.644: Application time: 0.0308170 seconds
85.646: [GC85.646: [ParNew: 37566K->4159K(37568K), 0.0026270 secs] 448811K->417824K(758420K), 0.0026700 secs] [Times: user=0.01 sys=0.00, real=0.01 secs] 
85.649: Total time for which application threads were stopped: 0.0045490 seconds, Stopping threads took: 0.0018120 seconds
85.681: Application time: 0.0316890 seconds
85.683: [GC85.683: [ParNew: 37567K->4159K(37568K), 0.0029180 secs] 451232K->420144K(758420K), 0.0029720 secs] [Times: user=0.02 sys=0.00, real=0.00 secs] 
85.686: Total time for which application threads were stopped: 0.0052720 seconds, Stopping threads took: 0.0022280 seconds
85.715: Application time: 0.0292470 seconds
85.717: [GC85.717: [ParNew: 37566K->4158K(37568K), 0.0029020 secs] 453550K->423472K(758420K), 0.0029490 secs] [Times: user=0.02 sys=0.00, real=0.00 secs] 
85.720: Total time for which application threads were stopped: 0.0051890 seconds, Stopping threads took: 0.0021710 seconds
85.753: Application time: 0.0324400 seconds
85.756: [GC85.756: [ParNew: 37566K->4159K(37568K), 0.0028650 secs] 456880K->426712K(758420K), 0.0029060 secs] [Times: user=0.02 sys=0.00, real=0.00 secs] 
85.758: Total time for which application threads were stopped: 0.0056650 seconds, Stopping threads took: 0.0026930 seconds
85.790: Application time: 0.0318620 seconds
85.792: [GC85.792: [ParNew: 37567K->4159K(37568K), 0.0022610 secs] 460120K->428004K(758420K), 0.0023030 secs] [Times: user=0.02 sys=0.00, real=0.00 secs] 
85.794: Total time for which application threads were stopped: 0.0041120 seconds, Stopping threads took: 0.0017430 seconds
85.827: Application time: 0.0325170 seconds
85.829: [GC85.829: [ParNew: 37567K->4159K(37568K), 0.0020420 secs] 461412K->428255K(758420K), 0.0020860 secs] [Times: user=0.01 sys=0.00, real=0.00 secs] 
85.831: Total time for which application threads were stopped: 0.0041720 seconds, Stopping threads took: 0.0020190 seconds
85.863: Application time: 0.0318560 seconds
85.866: [GC85.866: [ParNew: 37567K->4158K(37568K), 0.0026280 secs] 461663K->430404K(758420K), 0.0026760 secs] [Times: user=0.01 sys=0.00, real=0.01 secs] 
85.869: Total time for which application threads were stopped: 0.0057640 seconds, Stopping threads took: 0.0030210 seconds
85.900: Application time: 0.0308100 seconds
85.901: [GC85.902: [ParNew: 37566K->4158K(37568K), 0.0028190 secs] 463812K->433497K(758420K), 0.0028660 secs] [Times: user=0.02 sys=0.00, real=0.00 secs] 
85.904: Total time for which application threads were stopped: 0.0047850 seconds, Stopping threads took: 0.0018500 seconds
85.935: Application time: 0.0304220 seconds
85.937: [GC85.937: [ParNew: 37566K->4159K(37568K), 0.0027740 secs] 466905K->436412K(758420K), 0.0028160 secs] [Times: user=0.02 sys=0.00, real=0.00 secs] 
85.940: Total time for which application threads were stopped: 0.0053050 seconds, Stopping threads took: 0.0024150 seconds
85.972: Application time: 0.0314820 seconds
85.973: [GC85.973: [ParNew: 37567K->4158K(37568K), 0.0027320 secs] 469820K->439171K(758420K), 0.0027860 secs] [Times: user=0.02 sys=0.00, real=0.01 secs] 
85.976: Total time for which application threads were stopped: 0.0041160 seconds, Stopping threads took: 0.0012630 seconds
86.006: Application time: 0.0306680 seconds
86.009: [GC86.009: [ParNew: 37566K->4159K(37568K), 0.0027240 secs] 472579K->441801K(758420K), 0.0027670 secs] [Times: user=0.02 sys=0.00, real=0.00 secs] 
86.011: Total time for which application threads were stopped: 0.0049890 seconds, Stopping threads took: 0.0021560 seconds
86.043: Application time: 0.0314440 seconds
86.046: [GC86.046: [ParNew: 37567K->4159K(37568K), 0.0026940 secs] 475209K->444352K(758420K), 0.0027380 secs] [Times: user=0.02 sys=0.00, real=0.01 secs] 
86.048: Total time for which application threads were stopped: 0.0054650 seconds, Stopping threads took: 0.0026600 seconds
86.079: Application time: 0.0308470 seconds
86.082: [GC86.082: [ParNew: 37567K->4158K(37568K), 0.0030940 secs] 477760K->447744K(758420K), 0.0031390 secs] [Times: user=0.01 sys=0.00, real=0.00 secs] 
86.085: Total time for which application threads were stopped: 0.0057270 seconds, Stopping threads took: 0.0025220 seconds
86.116: Application time: 0.0315460 seconds
86.118: [GC86.118: [ParNew: 37566K->4158K(37568K), 0.0026240 secs] 481152K->449992K(758420K), 0.0026670 secs] [Times: user=0.01 sys=0.00, real=0.00 secs] 
86.121: Total time for which application threads were stopped: 0.0041960 seconds, Stopping threads took: 0.0014620 seconds
86.151: Application time: 0.0307830 seconds
86.153: [GC86.153: [ParNew: 37566K->4158K(37568K), 0.0028390 secs] 483400K->453129K(758420K), 0.0028840 secs] [Times: user=0.02 sys=0.00, real=0.01 secs] 
86.156: Total time for which application threads were stopped: 0.0044990 seconds, Stopping threads took: 0.0015470 seconds
86.187: Application time: 0.0306840 seconds
86.189: [GC86.189: [ParNew: 37566K->4158K(37568K), 0.0023980 secs] 486537K->454742K(758420K), 0.0024400 secs] [Times: user=0.01 sys=0.00, real=0.00 secs] 
86.191: Total time for which application threads were stopped: 0.0048460 seconds, Stopping threads took: 0.0023400 seconds
86.222: Application time: 0.0310740 seconds
86.225: [GC86.225: [ParNew: 37566K->4159K(37568K), 0.0027770 secs] 488150K->457687K(758420K), 0.0028250 secs] [Times: user=0.02 sys=0.00, real=0.01 secs] 
86.228: Total time for which application threads were stopped: 0.0054140 seconds, Stopping threads took: 0.0025220 seconds
86.263: Application time: 0.0350000 seconds
86.266: [GC86.266: [ParNew: 37567K->4158K(37568K), 0.0024930 secs] 491095K->459550K(758420K), 0.0025400 secs] [Times: user=0.02 sys=0.00, real=0.01 secs] 
86.268: Total time for which application threads were stopped: 0.0052540 seconds, Stopping threads took: 0.0026480 seconds
86.299: Application time: 0.0307770 seconds
86.301: [GC86.301: [ParNew: 37566K->4159K(37568K), 0.0029820 secs] 492958K->463212K(758420K), 0.0030270 secs] [Times: user=0.02 sys=0.00, real=0.00 secs] 
86.304: Total time for which application threads were stopped: 0.0053610 seconds, Stopping threads took: 0.0022670 seconds
86.336: Application time: 0.0314330 seconds
86.338: [GC86.338: [ParNew: 37566K->4158K(37568K), 0.0029450 secs] 496619K->466780K(758420K), 0.0029900 secs] [Times: user=0.02 sys=0.00, real=0.00 secs] 
86.341: Total time for which application threads were stopped: 0.0048600 seconds, Stopping threads took: 0.0018030 seconds
86.370: Application time: 0.0298060 seconds
86.373: [GC86.373: [ParNew: 37566K->4159K(37568K), 0.0029560 secs] 500188K->470242K(758420K), 0.0029990 secs] [Times: user=0.02 sys=0.00, real=0.01 secs] 
86.376: Total time for which application threads were stopped: 0.0053920 seconds, Stopping threads took: 0.0023260 seconds
86.408: Application time: 0.0317600 seconds
86.411: [GC86.411: [ParNew: 37566K->4159K(37568K), 0.0030000 secs] 503649K->473599K(758420K), 0.0030410 secs] [Times: user=0.02 sys=0.00, real=0.00 secs] 
86.414: Total time for which application threads were stopped: 0.0061020 seconds, Stopping threads took: 0.0029820 seconds
86.446: Application time: 0.0322280 seconds
86.447: [GC86.447: [ParNew: 37567K->4158K(37568K), 0.0020050 secs] 507007K->473968K(758420K), 0.0020460 secs] [Times: user=0.01 sys=0.00, real=0.00 secs] 
86.449: Total time for which application threads were stopped: 0.0033180 seconds, Stopping threads took: 0.0011960 seconds
86.481: Application time: 0.0315510 seconds
86.483: [GC86.483: [ParNew: 37564K->4158K(37568K), 0.0023260 secs] 507374K->475370K(758420K), 0.0023690 secs] [Times: user=0.02 sys=0.00, real=0.00 secs] 
86.486: Total time for which application threads were stopped: 0.0049980 seconds, Stopping threads took: 0.0025430 seconds
86.518: Application time: 0.0319600 seconds
86.521: [GC86.521: [ParNew: 37566K->4158K(37568K), 0.0024230 secs] 508778K->476616K(758420K), 0.0024710 secs] [Times: user=0.01 sys=0.00, real=0.00 secs] 
86.523: Total time for which application threads were stopped: 0.0053930 seconds, Stopping threads took: 0.0028350 seconds
86.554: Application time: 0.0312270 seconds
86.556: [GC86.556: [ParNew: 37566K->4159K(37568K), 0.0022120 secs] 510024K->477664K(758420K), 0.0022550 secs] [Times: user=0.02 sys=0.00, real=0.00 secs] 
86.559: Total time for which application threads were stopped: 0.0043110 seconds, Stopping threads took: 0.0019800 seconds
86.590: Application time: 0.0313570 seconds
86.592: [GC86.592: [ParNew: 37567K->4159K(37568K), 0.0024730 secs] 511072K->479592K(758420K), 0.0025160 secs] [Times: user=0.01 sys=0.00, real=0.01 secs] 
86.595: Total time for which application threads were stopped: 0.0047090 seconds, Stopping threads took: 0.0021240 seconds
86.626: Application time: 0.0312000 seconds
86.628: [GC86.628: [ParNew: 37567K->4158K(37568K), 0.0024080 secs] 513000K->481396K(758420K), 0.0024530 secs] [Times: user=0.02 sys=0.00, real=0.00 secs] 
86.630: Total time for which application threads were stopped: 0.0041710 seconds, Stopping threads took: 0.0016550 seconds
86.661: Application time: 0.0311180 seconds
86.664: [GC86.664: [ParNew: 37565K->4159K(37568K), 0.0026740 secs] 514803K->483947K(758420K), 0.0027180 secs] [Times: user=0.01 sys=0.00, real=0.01 secs] 
86.667: Total time for which application threads were stopped: 0.0056810 seconds, Stopping threads took: 0.0028960 seconds
86.699: Application time: 0.0318210 seconds
86.701: [GC86.701: [ParNew: 37567K->4158K(37568K), 0.0026350 secs] 517355K->486466K(758420K), 0.0026780 secs] [Times: user=0.02 sys=0.00, real=0.00 secs] 
86.704: Total time for which application threads were stopped: 0.0049320 seconds, Stopping threads took: 0.0021890 seconds
86.736: Application time: 0.0318470 seconds
86.738: [GC86.738: [ParNew: 37566K->4159K(37568K), 0.0029010 secs] 519874K->489817K(758420K), 0.0029470 secs] [Times: user=0.02 sys=0.00, real=0.00 secs] 
86.741: Total time for which application threads were stopped: 0.0057680 seconds, Stopping threads took: 0.0027520 seconds
86.774: Application time: 0.0323210 seconds
86.776: [GC86.777: [ParNew: 37567K->4159K(37568K), 0.0026020 secs] 523225K->492049K(758420K), 0.0026470 secs] [Times: user=0.02 sys=0.00, real=0.00 secs] 
86.779: Total time for which application threads were stopped: 0.0055320 seconds, Stopping threads took: 0.0028170 seconds
86.812: Application time: 0.0323630 seconds
86.812: [GC86.812: [ParNew: 37567K->4158K(37568K), 0.0020210 secs] 525457K->492381K(758420K), 0.0020630 secs] [Times: user=0.01 sys=0.00, real=0.00 secs] 
86.814: Total time for which application threads were stopped: 0.0029180 seconds, Stopping threads took: 0.0007880 seconds
86.846: Application time: 0.0315110 seconds
86.848: [GC86.848: [ParNew: 37566K->4158K(37568K), 0.0026170 secs] 525789K->494705K(758420K), 0.0026610 secs] [Times: user=0.02 sys=0.00, real=0.00 secs] 
86.850: Total time for which application threads were stopped: 0.0045110 seconds, Stopping threads took: 0.0017820 seconds
86.882: Application time: 0.0312170 seconds
86.885: [GC86.885: [ParNew: 37566K->4159K(37568K), 0.0025550 secs] 528113K->496988K(758420K), 0.0026080 secs] [Times: user=0.02 sys=0.00, real=0.01 secs] 
86.887: Total time for which application threads were stopped: 0.0057560 seconds, Stopping threads took: 0.0030850 seconds
86.918: Application time: 0.0306910 seconds
86.920: [GC86.920: [ParNew: 37567K->4158K(37568K), 0.0027110 secs] 530396K->499659K(758420K), 0.0027580 secs] [Times: user=0.02 sys=0.00, real=0.00 secs] 
86.922: Total time for which application threads were stopped: 0.0042760 seconds, Stopping threads took: 0.0014510 seconds
86.954: Application time: 0.0319810 seconds
86.956: [GC86.956: [ParNew: 37566K->4159K(37568K), 0.0025020 secs] 533067K->501708K(758420K), 0.0025450 secs] [Times: user=0.02 sys=0.00, real=0.00 secs] 
86.959: Total time for which application threads were stopped: 0.0042820 seconds, Stopping threads took: 0.0016640 seconds
86.991: Application time: 0.0321880 seconds
86.993: [GC86.993: [ParNew: 37567K->4159K(37568K), 0.0025740 secs] 535116K->503721K(758420K), 0.0026180 secs] [Times: user=0.02 sys=0.00, real=0.01 secs] 
86.995: Total time for which application threads were stopped: 0.0043290 seconds, Stopping threads took: 0.0016450 seconds
87.027: Application time: 0.0321440 seconds
87.030: [GC87.030: [ParNew: 37567K->4159K(37568K), 0.0027410 secs] 537129K->506690K(758420K), 0.0027840 secs] [Times: user=0.02 sys=0.00, real=0.00 secs] 
87.033: Total time for which application threads were stopped: 0.0057700 seconds, Stopping threads took: 0.0029270 seconds
87.064: Application time: 0.0304930 seconds
87.066: [GC87.066: [ParNew: 37567K->4159K(37568K), 0.0030490 secs] 540098K->510496K(758420K), 0.0030920 secs] [Times: user=0.02 sys=0.00, real=0.01 secs] 
87.069: Total time for which application threads were stopped: 0.0055700 seconds, Stopping threads took: 0.0024130 seconds
87.101: Application time: 0.0313830 seconds
87.102: [GC87.102: [ParNew: 37567K->4158K(37568K), 0.0027960 secs] 543904K->513221K(758420K), 0.0028380 secs] [Times: user=0.02 sys=0.00, real=0.00 secs] 
87.105: Total time for which application threads were stopped: 0.0047480 seconds, Stopping threads took: 0.0018400 seconds
87.135: Application time: 0.0297150 seconds
87.138: [GC87.138: [ParNew: 37566K->4159K(37568K), 0.0029340 secs] 546629K->516679K(758420K), 0.0029780 secs] [Times: user=0.02 sys=0.00, real=0.00 secs] 
87.141: Total time for which application threads were stopped: 0.0058410 seconds, Stopping threads took: 0.0027980 seconds
87.173: Application time: 0.0321980 seconds
87.176: [GC87.176: [ParNew: 37567K->4158K(37568K), 0.0022770 secs] 550087K->518066K(758420K), 0.0023220 secs] [Times: user=0.02 sys=0.00, real=0.00 secs] 
87.178: Total time for which application threads were stopped: 0.0049230 seconds, Stopping threads took: 0.0025330 seconds
87.208: Application time: 0.0302530 seconds
87.210: [GC87.210: [ParNew: 37566K->4159K(37568K), 0.0025880 secs] 551474K->520304K(758420K), 0.0026310 secs] [Times: user=0.02 sys=0.00, real=0.00 secs] 
87.213: Total time for which application threads were stopped: 0.0042810 seconds, Stopping threads took: 0.0015810 seconds
87.244: Application time: 0.0309900 seconds
87.245: [GC87.245: [ParNew: 37567K->4159K(37568K), 0.0025450 secs] 553712K->522396K(758420K), 0.0025870 secs] [Times: user=0.01 sys=0.00, real=0.01 secs] 
87.248: Total time for which application threads were stopped: 0.0042720 seconds, Stopping threads took: 0.0015950 seconds
87.280: Application time: 0.0323810 seconds
87.282: [GC87.282: [ParNew: 37567K->4159K(37568K), 0.0024810 secs] 555804K->524439K(758420K), 0.0025280 secs] [Times: user=0.02 sys=0.00, real=0.00 secs] 
87.285: Total time for which application threads were stopped: 0.0043480 seconds, Stopping threads took: 0.0017540 seconds
87.315: Application time: 0.0301700 seconds
87.318: [GC87.318: [ParNew: 37567K->4158K(37568K), 0.0028580 secs] 557847K->527338K(758420K), 0.0029030 secs] [Times: user=0.02 sys=0.00, real=0.00 secs] 
87.321: Total time for which application threads were stopped: 0.0059020 seconds, Stopping threads took: 0.0029300 seconds
87.353: Application time: 0.0321380 seconds
87.356: [GC87.356: [ParNew: 37566K->4159K(37568K), 0.0023840 secs] 560746K->529182K(758420K), 0.0024380 secs] [Times: user=0.01 sys=0.00, real=0.00 secs] 
87.358: Total time for which application threads were stopped: 0.0055880 seconds, Stopping threads took: 0.0030820 seconds
87.390: Application time: 0.0317520 seconds
87.392: [GC87.392: [ParNew: 37567K->4158K(37568K), 0.0024450 secs] 562590K->530883K(758420K), 0.0024910 secs] [Times: user=0.02 sys=0.00, real=0.00 secs] 
87.394: Total time for which application threads were stopped: 0.0041380 seconds, Stopping threads took: 0.0015610 seconds
87.426: Application time: 0.0318860 seconds
87.427: [GC87.427: [ParNew: 37566K->4158K(37568K), 0.0027150 secs] 564290K->533502K(758420K), 0.0027630 secs] [Times: user=0.01 sys=0.00, real=0.00 secs] 
87.430: Total time for which application threads were stopped: 0.0033930 seconds, Stopping threads took: 0.0005610 seconds
87.462: Application time: 0.0320750 seconds
87.463: [GC87.463: [ParNew: 37566K->4158K(37568K), 0.0025370 secs] 566910K->535628K(758420K), 0.0025790 secs] [Times: user=0.02 sys=0.00, real=0.00 secs] 
87.466: Total time for which application threads were stopped: 0.0041600 seconds, Stopping threads took: 0.0015030 seconds
87.497: Application time: 0.0313770 seconds
87.499: [GC87.499: [ParNew: 37566K->4158K(37568K), 0.0026550 secs] 569036K->538046K(758420K), 0.0026980 secs] [Times: user=0.02 sys=0.00, real=0.00 secs] 
87.502: Total time for which application threads were stopped: 0.0044180 seconds, Stopping threads took: 0.0016520 seconds
87.533: Application time: 0.0315500 seconds
87.535: [GC87.535: [ParNew: 37566K->4159K(37568K), 0.0026660 secs] 571454K->540504K(758420K), 0.0027100 secs] [Times: user=0.02 sys=0.00, real=0.00 secs] 
87.538: Total time for which application threads were stopped: 0.0050110 seconds, Stopping threads took: 0.0022360 seconds
87.570: Application time: 0.0321320 seconds
87.573: [GC87.573: [ParNew: 37567K->4159K(37568K), 0.0028150 secs] 573912K->543400K(758420K), 0.0028640 secs] [Times: user=0.02 sys=0.00, real=0.01 secs] 
87.576: Total time for which application threads were stopped: 0.0053110 seconds, Stopping threads took: 0.0023790 seconds
87.607: Application time: 0.0318020 seconds
87.608: [GC87.609: [ParNew: 37567K->4158K(37568K), 0.0027210 secs] 576808K->545677K(758420K), 0.0027630 secs] [Times: user=0.02 sys=0.00, real=0.00 secs] 
87.611: Total time for which application threads were stopped: 0.0038950 seconds, Stopping threads took: 0.0010630 seconds
87.643: Application time: 0.0317590 seconds
87.645: [GC87.645: [ParNew: 37566K->4159K(37568K), 0.0020780 secs] 579085K->545753K(758420K), 0.0021200 secs] [Times: user=0.01 sys=0.00, real=0.01 secs] 
87.647: Total time for which application threads were stopped: 0.0038650 seconds, Stopping threads took: 0.0016780 seconds
87.679: Application time: 0.0316260 seconds
87.681: [GC87.681: [ParNew: 37567K->4158K(37568K), 0.0031310 secs] 579161K->548876K(758420K), 0.0031770 secs] [Times: user=0.02 sys=0.00, real=0.00 secs] 
87.684: Total time for which application threads were stopped: 0.0052170 seconds, Stopping threads took: 0.0019440 seconds
87.716: Application time: 0.0322780 seconds
87.717: [GC87.717: [ParNew: 37566K->4158K(37568K), 0.0025650 secs] 582284K->550884K(758420K), 0.0026130 secs] [Times: user=0.02 sys=0.00, real=0.00 secs] 
87.720: Total time for which application threads were stopped: 0.0040600 seconds, Stopping threads took: 0.0013780 seconds
87.751: Application time: 0.0311830 seconds
87.754: [GC87.754: [ParNew: 37566K->4159K(37568K), 0.0027720 secs] 584292K->553823K(758420K), 0.0028180 secs] [Times: user=0.02 sys=0.00, real=0.01 secs] 
87.757: Total time for which application threads were stopped: 0.0055570 seconds, Stopping threads took: 0.0026720 seconds
87.787: Application time: 0.0305670 seconds
87.789: [GC87.789: [ParNew: 37567K->4159K(37568K), 0.0027560 secs] 587231K->556182K(758420K), 0.0028010 secs] [Times: user=0.02 sys=0.00, real=0.00 secs] 
87.792: Total time for which application threads were stopped: 0.0043410 seconds, Stopping threads took: 0.0014640 seconds
87.822: Application time: 0.0299950 seconds
87.825: [GC87.825: [ParNew: 37567K->4158K(37568K), 0.0028870 secs] 589590K->558824K(758420K), 0.0029350 secs] [Times: user=0.02 sys=0.00, real=0.01 secs] 
87.828: Total time for which application threads were stopped: 0.0060010 seconds, Stopping threads took: 0.0029790 seconds
87.859: Application time: 0.0307910 seconds
87.862: [GC87.862: [ParNew: 37566K->4159K(37568K), 0.0029840 secs] 592232K->562261K(758420K), 0.0030290 secs] [Times: user=0.02 sys=0.00, real=0.00 secs] 
87.865: Total time for which application threads were stopped: 0.0060970 seconds, Stopping threads took: 0.0029770 seconds
87.895: Application time: 0.0307500 seconds
87.898: [GC87.898: [ParNew: 37567K->4159K(37568K), 0.0029050 secs] 595669K->565061K(758420K), 0.0029520 secs] [Times: user=0.02 sys=0.00, real=0.00 secs] 
87.901: Total time for which application threads were stopped: 0.0051840 seconds, Stopping threads took: 0.0021420 seconds
87.933: Application time: 0.0325420 seconds
87.936: [GC87.936: [ParNew: 37567K->4159K(37568K), 0.0024420 secs] 598469K->566705K(758420K), 0.0024890 secs] [Times: user=0.02 sys=0.00, real=0.00 secs] 
87.938: Total time for which application threads were stopped: 0.0052770 seconds, Stopping threads took: 0.0027260 seconds
87.970: Application time: 0.0317490 seconds
87.972: [GC87.972: [ParNew: 37567K->4159K(37568K), 0.0025740 secs] 600113K->568798K(758420K), 0.0026170 secs] [Times: user=0.02 sys=0.00, real=0.00 secs] 
87.974: Total time for which application threads were stopped: 0.0040780 seconds, Stopping threads took: 0.0013650 seconds
88.005: Application time: 0.0311590 seconds
88.007: [GC88.007: [ParNew: 37567K->4158K(37568K), 0.0021870 secs] 602206K->569686K(758420K), 0.0022310 secs] [Times: user=0.01 sys=0.00, real=0.00 secs] 
88.009: Total time for which application threads were stopped: 0.0039940 seconds, Stopping threads took: 0.0016980 seconds
88.041: Application time: 0.0314990 seconds
88.043: [GC88.043: [ParNew: 37566K->4158K(37568K), 0.0024410 secs] 603094K->571545K(758420K), 0.0024850 secs] [Times: user=0.02 sys=0.01, real=0.00 secs] 
88.045: Total time for which application threads were stopped: 0.0041570 seconds, Stopping threads took: 0.0016040 seconds
88.075: Application time: 0.0299700 seconds
88.077: [GC88.077: [ParNew: 37566K->4159K(37568K), 0.0030790 secs] 604953K->575256K(758420K), 0.0031230 secs] [Times: user=0.02 sys=0.00, real=0.00 secs] 
88.080: Total time for which application threads were stopped: 0.0053850 seconds, Stopping threads took: 0.0021730 seconds
88.111: Application time: 0.0309760 seconds
88.114: [GC88.114: [ParNew: 37567K->4158K(37568K), 0.0030990 secs] 608664K->578907K(758420K), 0.0031490 secs] [Times: user=0.02 sys=0.00, real=0.01 secs] 
88.117: Total time for which application threads were stopped: 0.0053210 seconds, Stopping threads took: 0.0021050 seconds
88.148: Application time: 0.0316750 seconds
88.150: [GC88.150: [ParNew: 37566K->4159K(37568K), 0.0026080 secs] 612315K->580952K(758420K), 0.0026550 secs] [Times: user=0.02 sys=0.00, real=0.00 secs] 
88.153: Total time for which application threads were stopped: 0.0047070 seconds, Stopping threads took: 0.0019620 seconds
88.184: Application time: 0.0307850 seconds
88.186: [GC88.186: [ParNew: 37567K->4158K(37568K), 0.0025510 secs] 614360K->582963K(758420K), 0.0025950 secs] [Times: user=0.02 sys=0.00, real=0.01 secs] 
88.188: Total time for which application threads were stopped: 0.0043230 seconds, Stopping threads took: 0.0016680 seconds
88.220: Application time: 0.0320080 seconds
88.222: [GC88.222: [ParNew: 37566K->4159K(37568K), 0.0023260 secs] 616371K->584315K(758420K), 0.0023710 secs] [Times: user=0.02 sys=0.00, real=0.00 secs] 
88.224: Total time for which application threads were stopped: 0.0041420 seconds, Stopping threads took: 0.0016810 seconds
88.256: Application time: 0.0312870 seconds
88.257: [GC88.257: [ParNew: 37567K->4158K(37568K), 0.0022070 secs] 617723K->585182K(758420K), 0.0022610 secs] [Times: user=0.02 sys=0.00, real=0.00 secs] 
88.260: Total time for which application threads were stopped: 0.0039110 seconds, Stopping threads took: 0.0015830 seconds
88.291: Application time: 0.0309630 seconds
88.293: [GC88.293: [ParNew: 37566K->4158K(37568K), 0.0025400 secs] 618590K->587379K(758420K), 0.0025850 secs] [Times: user=0.02 sys=0.00, real=0.01 secs] 
88.296: Total time for which application threads were stopped: 0.0053720 seconds, Stopping threads took: 0.0027180 seconds
88.327: Application time: 0.0309450 seconds
88.328: [GC88.328: [ParNew: 37566K->4159K(37568K), 0.0031530 secs] 620787K->590519K(758420K), 0.0031990 secs] [Times: user=0.02 sys=0.00, real=0.00 secs] 
88.331: Total time for which application threads were stopped: 0.0045940 seconds, Stopping threads took: 0.0013260 seconds
88.363: Application time: 0.0313290 seconds
88.365: [GC88.365: [ParNew: 37567K->4159K(37568K), 0.0026770 secs] 623927K->592622K(758420K), 0.0027200 secs] [Times: user=0.02 sys=0.00, real=0.01 secs] 
88.368: Total time for which application threads were stopped: 0.0047080 seconds, Stopping threads took: 0.0018990 seconds
88.399: Application time: 0.0311860 seconds
88.401: [GC88.401: [ParNew: 37567K->4159K(37568K), 0.0028190 secs] 626030K->595590K(758420K), 0.0028640 secs] [Times: user=0.02 sys=0.00, real=0.00 secs] 
88.404: Total time for which application threads were stopped: 0.0051510 seconds, Stopping threads took: 0.0021980 seconds
88.435: Application time: 0.0313280 seconds
88.437: [GC88.437: [ParNew: 37567K->4159K(37568K), 0.0027680 secs] 628998K->598439K(758420K), 0.0028110 secs] [Times: user=0.02 sys=0.00, real=0.00 secs] 
88.440: Total time for which application threads were stopped: 0.0045900 seconds, Stopping threads took: 0.0017170 seconds
88.471: Application time: 0.0311950 seconds
88.473: [GC88.473: [ParNew: 37567K->4158K(37568K), 0.0025560 secs] 631847K->600669K(758420K), 0.0026010 secs] [Times: user=0.02 sys=0.00, real=0.01 secs] 
88.476: Total time for which application threads were stopped: 0.0046230 seconds, Stopping threads took: 0.0019460 seconds
88.507: Application time: 0.0310410 seconds
88.508: [GC88.508: [ParNew: 37566K->4159K(37568K), 0.0024400 secs] 634077K->602189K(758420K), 0.0024860 secs] [Times: user=0.02 sys=0.00, real=0.00 secs] 
88.510: Total time for which application threads were stopped: 0.0037680 seconds, Stopping threads took: 0.0012140 seconds
88.542: Application time: 0.0320520 seconds
88.546: [GC88.546: [ParNew: 37567K->4159K(37568K), 0.0023970 secs] 635597K->603742K(758420K), 0.0024440 secs] [Times: user=0.01 sys=0.00, real=0.01 secs] 
88.548: Total time for which application threads were stopped: 0.0056070 seconds, Stopping threads took: 0.0030980 seconds
88.580: Application time: 0.0314830 seconds
88.582: [GC88.582: [ParNew: 37567K->4159K(37568K), 0.0023560 secs] 637150K->605172K(758420K), 0.0024040 secs] [Times: user=0.02 sys=0.00, real=0.00 secs] 
88.584: Total time for which application threads were stopped: 0.0046650 seconds, Stopping threads took: 0.0021720 seconds
88.616: Application time: 0.0317120 seconds
88.618: [GC88.618: [ParNew: 37566K->4158K(37568K), 0.0029780 secs] 638579K->607766K(758420K), 0.0030220 secs] [Times: user=0.01 sys=0.00, real=0.00 secs] 
88.621: Total time for which application threads were stopped: 0.0048200 seconds, Stopping threads took: 0.0017310 seconds
88.651: Application time: 0.0306960 seconds
88.654: [GC88.654: [ParNew: 37566K->4159K(37568K), 0.0029300 secs] 641174K->610887K(758420K), 0.0029740 secs] [Times: user=0.02 sys=0.00, real=0.01 secs] 
88.657: Total time for which application threads were stopped: 0.0052820 seconds, Stopping threads took: 0.0022200 seconds
88.689: Application time: 0.0319600 seconds
88.692: [GC88.692: [ParNew: 37566K->4159K(37568K), 0.0024980 secs] 644295K->612793K(758420K), 0.0025440 secs] [Times: user=0.02 sys=0.00, real=0.00 secs] 
88.694: Total time for which application threads were stopped: 0.0057050 seconds, Stopping threads took: 0.0030960 seconds
88.724: Application time: 0.0298120 seconds
88.726: [GC88.726: [ParNew: 37566K->4159K(37568K), 0.0028790 secs] 646201K->615611K(758420K), 0.0029330 secs] [Times: user=0.02 sys=0.00, real=0.01 secs] 
88.729: Total time for which application threads were stopped: 0.0049520 seconds, Stopping threads took: 0.0019510 seconds
88.760: Application time: 0.0309840 seconds
88.762: [GC88.762: [ParNew: 37567K->4158K(37568K), 0.0031680 secs] 649019K->619088K(758420K), 0.0032160 secs] [Times: user=0.02 sys=0.00, real=0.00 secs] 
88.765: Total time for which application threads were stopped: 0.0048400 seconds, Stopping threads took: 0.0015560 seconds
88.797: Application time: 0.0318940 seconds
88.800: [GC88.800: [ParNew: 37566K->4159K(37568K), 0.0030010 secs] 652496K->622513K(758420K), 0.0030450 secs] [Times: user=0.01 sys=0.00, real=0.00 secs] 
88.803: Total time for which application threads were stopped: 0.0058390 seconds, Stopping threads took: 0.0027200 seconds
88.834: Application time: 0.0317500 seconds
88.838: [GC88.838: [ParNew: 37567K->4159K(37568K), 0.0025860 secs] 655921K->624383K(758420K), 0.0026320 secs] [Times: user=0.02 sys=0.00, real=0.00 secs] 
88.840: Total time for which application threads were stopped: 0.0058110 seconds, Stopping threads took: 0.0031190 seconds
88.871: Application time: 0.0308280 seconds
88.873: [GC88.873: [ParNew: 37567K->4159K(37568K), 0.0021180 secs] 657791K->625248K(758420K), 0.0021630 secs] [Times: user=0.01 sys=0.00, real=0.01 secs] 
88.875: Total time for which application threads were stopped: 0.0038840 seconds, Stopping threads took: 0.0016530 seconds
88.907: Application time: 0.0323100 seconds
88.909: [GC88.909: [ParNew: 37567K->4159K(37568K), 0.0025870 secs] 658656K->626558K(758420K), 0.0026340 secs] [Times: user=0.02 sys=0.00, real=0.00 secs] 
88.911: Total time for which application threads were stopped: 0.0039040 seconds, Stopping threads took: 0.0011790 seconds
88.943: Application time: 0.0315520 seconds
88.945: [GC88.945: [ParNew: 37567K->4159K(37568K), 0.0028390 secs] 659966K->628860K(758420K), 0.0028830 secs] [Times: user=0.01 sys=0.00, real=0.01 secs] 
88.948: Total time for which application threads were stopped: 0.0050110 seconds, Stopping threads took: 0.0020630 seconds
88.979: Application time: 0.0308540 seconds
88.981: [GC88.981: [ParNew: 37567K->4159K(37568K), 0.0027000 secs] 662268K->630997K(758420K), 0.0027460 secs] [Times: user=0.02 sys=0.00, real=0.00 secs] 
88.984: Total time for which application threads were stopped: 0.0052060 seconds, Stopping threads took: 0.0023830 seconds
89.015: Application time: 0.0310780 seconds
89.017: [GC89.017: [ParNew: 37567K->4158K(37568K), 0.0026950 secs] 664405K->632999K(758420K), 0.0027420 secs] [Times: user=0.02 sys=0.00, real=0.00 secs] 
89.019: Total time for which application threads were stopped: 0.0043460 seconds, Stopping threads took: 0.0015160 seconds
89.051: Application time: 0.0317380 seconds
89.054: [GC89.054: [ParNew: 37566K->4159K(37568K), 0.0029300 secs] 666407K->635872K(758420K), 0.0029770 secs] [Times: user=0.02 sys=0.00, real=0.01 secs] 
89.057: Total time for which application threads were stopped: 0.0055070 seconds, Stopping threads took: 0.0024430 seconds
89.088: Application time: 0.0312470 seconds
89.090: [GC89.090: [ParNew: 37567K->4158K(37568K), 0.0025900 secs] 669280K->637622K(758420K), 0.0026330 secs] [Times: user=0.01 sys=0.00, real=0.00 secs] 
89.092: Total time for which application threads were stopped: 0.0045400 seconds, Stopping threads took: 0.0018210 seconds
89.123: Application time: 0.0310170 seconds
89.125: [GC89.125: [ParNew: 37566K->4158K(37568K), 0.0030030 secs] 671030K->640847K(758420K), 0.0030490 secs] [Times: user=0.02 sys=0.00, real=0.01 secs] 
89.128: Total time for which application threads were stopped: 0.0045830 seconds, Stopping threads took: 0.0014600 seconds
89.159: Application time: 0.0309560 seconds
89.160: [GC89.160: [ParNew: 37566K->4159K(37568K), 0.0026480 secs] 674255K->643340K(758420K), 0.0026930 secs] [Times: user=0.02 sys=0.00, real=0.00 secs] 
89.163: Total time for which application threads were stopped: 0.0042200 seconds, Stopping threads took: 0.0014600 seconds
89.194: Application time: 0.0307400 seconds
89.196: [GC89.196: [ParNew: 37567K->4158K(37568K), 0.0030920 secs] 676748K->646546K(758420K), 0.0031430 secs] [Times: user=0.02 sys=0.00, real=0.00 secs] 
89.199: Total time for which application threads were stopped: 0.0050920 seconds, Stopping threads took: 0.0018830 seconds
89.231: Application time: 0.0322540 seconds
89.232: [GC89.232: [ParNew: 37566K->4159K(37568K), 0.0025790 secs] 679954K->648670K(758420K), 0.0026250 secs] [Times: user=0.01 sys=0.00, real=0.01 secs] 
89.235: Total time for which application threads were stopped: 0.0034000 seconds, Stopping threads took: 0.0006980 seconds
 CMS: abort preclean due to time 89.238: [CMS-concurrent-abortable-preclean: 0.688/5.027 secs] [Times: user=37.82 sys=0.16, real=5.03 secs] 
89.238: Application time: 0.0029630 seconds
89.239: [GC[YG occupancy: 7497 K (37568 K)]89.239: [Rescan (parallel) , 0.0003250 secs]89.240: [weak refs processing, 0.0000070 secs]89.240: [scrub string table, 0.0001120 secs] [1 CMS-remark: 644510K(720852K)] 652008K(758420K), 0.0004700 secs] [Times: user=0.00 sys=0.00, real=0.00 secs] 
89.240: Total time for which application threads were stopped: 0.0022540 seconds, Stopping threads took: 0.0017590 seconds
89.240: [CMS-concurrent-sweep-start]
89.270: Application time: 0.0297800 seconds
89.271: [GC89.271: [ParNew: 37566K->4158K(37568K), 0.0026980 secs] 388797K->358454K(758420K), 0.0027410 secs] [Times: user=0.02 sys=0.01, real=0.00 secs] 
89.273: Total time for which application threads were stopped: 0.0038590 seconds, Stopping threads took: 0.0010540 seconds
89.278: [CMS-concurrent-sweep: 0.034/0.038 secs] [Times: user=0.27 sys=0.01, real=0.04 secs] 
89.278: [CMS-concurrent-reset-start]
89.280: [CMS-concurrent-reset: 0.002/0.002 secs] [Times: user=0.03 sys=0.00, real=0.00 secs] 
89.303: Application time: 0.0294750 seconds
89.305: [GC89.305: [ParNew: 37566K->4158K(37568K), 0.0027620 secs] 367882K->337426K(758420K), 0.0028050 secs] [Times: user=0.02 sys=0.00, real=0.01 secs] 
89.308: Total time for which application threads were stopped: 0.0052520 seconds, Stopping threads took: 0.0023810 seconds
89.308: Application time: 0.0001360 seconds
89.311: [GC [1 CMS-initial-mark: 333267K(720852K)] 338660K(758420K), 0.0002030 secs] [Times: user=0.00 sys=0.00, real=0.00 secs] 
89.311: Total time for which application threads were stopped: 0.0023870 seconds, Stopping threads took: 0.0021610 seconds
89.311: [CMS-concurrent-mark-start]
89.317: [CMS-concurrent-mark: 0.006/0.006 secs] [Times: user=0.04 sys=0.00, real=0.01 secs] 
89.317: [CMS-concurrent-preclean-start]
89.318: [CMS-concurrent-preclean: 0.001/0.001 secs] [Times: user=0.00 sys=0.00, real=0.00 secs] 
89.318: [CMS-concurrent-abortable-preclean-start]
89.339: Application time: 0.0284680 seconds
89.342: [GC89.342: [ParNew: 37566K->4159K(37568K), 0.0024120 secs] 370834K->339271K(758420K), 0.0024540 secs] [Times: user=0.02 sys=0.00, real=0.00 secs] 
89.344: Total time for which application threads were stopped: 0.0052280 seconds, Stopping threads took: 0.0027120 seconds
89.374: Application time: 0.0295260 seconds
89.375: [GC89.375: [ParNew: 37567K->4159K(37568K), 0.0022640 secs] 372679K->340537K(758420K), 0.0023070 secs] [Times: user=0.02 sys=0.00, real=0.00 secs] 
89.378: Total time for which application threads were stopped: 0.0035460 seconds, Stopping threads took: 0.0011730 seconds
89.406: Application time: 0.0289220 seconds
89.409: [GC89.409: [ParNew: 37566K->4159K(37568K), 0.0025170 secs] 373944K->342624K(758420K), 0.0025620 secs] [Times: user=0.02 sys=0.00, real=0.00 secs] 
89.411: Total time for which application threads were stopped: 0.0047460 seconds, Stopping threads took: 0.0021180 seconds
89.442: Application time: 0.0312230 seconds
89.445: [GC89.445: [ParNew: 37566K->4159K(37568K), 0.0022740 secs] 376031K->344021K(758420K), 0.0023180 secs] [Times: user=0.01 sys=0.00, real=0.01 secs] 
89.447: Total time for which application threads were stopped: 0.0050660 seconds, Stopping threads took: 0.0026820 seconds
89.477: Application time: 0.0300090 seconds
89.480: [GC89.481: [ParNew: 37567K->4159K(37568K), 0.0024360 secs] 377429K->345899K(758420K), 0.0024860 secs] [Times: user=0.02 sys=0.00, real=0.00 secs] 
89.483: Total time for which application threads were stopped: 0.0055000 seconds, Stopping threads took: 0.0029520 seconds
89.511: Application time: 0.0276840 seconds
89.513: [GC89.513: [ParNew: 37567K->4158K(37568K), 0.0028380 secs] 379307K->349164K(758420K), 0.0028820 secs] [Times: user=0.02 sys=0.00, real=0.01 secs] 
89.516: Total time for which application threads were stopped: 0.0056550 seconds, Stopping threads took: 0.0026990 seconds
89.545: Application time: 0.0289530 seconds
89.547: [GC89.547: [ParNew: 37566K->4158K(37568K), 0.0028200 secs] 382572K->352224K(758420K), 0.0028620 secs] [Times: user=0.02 sys=0.00, real=0.00 secs] 
89.550: Total time for which application threads were stopped: 0.0049630 seconds, Stopping threads took: 0.0020360 seconds
89.580: Application time: 0.0298730 seconds
89.582: [GC89.582: [ParNew: 37566K->4093K(37568K), 0.0019080 secs] 385632K->352216K(758420K), 0.0019490 secs] [Times: user=0.02 sys=0.00, real=0.00 secs] 
89.584: Total time for which application threads were stopped: 0.0036170 seconds, Stopping threads took: 0.0016040 seconds
89.613: Application time: 0.0290010 seconds
89.614: [GC89.614: [ParNew: 37500K->4159K(37568K), 0.0025050 secs] 385623K->354204K(758420K), 0.0025460 secs] [Times: user=0.02 sys=0.00, real=0.01 secs] 
89.617: Total time for which application threads were stopped: 0.0039590 seconds, Stopping threads took: 0.0013460 seconds
89.645: Application time: 0.0279280 seconds
89.647: [GC89.647: [ParNew: 37567K->4159K(37568K), 0.0030090 secs] 387612K->357886K(758420K), 0.0030510 secs] [Times: user=0.02 sys=0.00, real=0.00 secs] 
89.650: Total time for which application threads were stopped: 0.0050510 seconds, Stopping threads took: 0.0019280 seconds
89.680: Application time: 0.0298450 seconds
89.683: [GC89.683: [ParNew: 37567K->4158K(37568K), 0.0027410 secs] 391294K->359529K(758420K), 0.0027840 secs] [Times: user=0.02 sys=0.00, real=0.00 secs] 
89.686: Total time for which application threads were stopped: 0.0059500 seconds, Stopping threads took: 0.0030870 seconds
89.714: Application time: 0.0288860 seconds
89.717: [GC89.717: [ParNew: 37566K->4159K(37568K), 0.0023130 secs] 392937K->361133K(758420K), 0.0023540 secs] [Times: user=0.02 sys=0.00, real=0.00 secs] 
89.719: Total time for which application threads were stopped: 0.0046240 seconds, Stopping threads took: 0.0022080 seconds
89.748: Application time: 0.0290420 seconds
89.751: [GC89.751: [ParNew: 37567K->4159K(37568K), 0.0028690 secs] 394541K->364476K(758420K), 0.0029130 secs] [Times: user=0.02 sys=0.00, real=0.00 secs] 
89.754: Total time for which application threads were stopped: 0.0057200 seconds, Stopping threads took: 0.0027420 seconds
89.782: Application time: 0.0280300 seconds
89.784: [GC89.784: [ParNew: 37567K->4159K(37568K), 0.0028380 secs] 397884K->367584K(758420K), 0.0028810 secs] [Times: user=0.01 sys=0.00, real=0.01 secs] 
89.787: Total time for which application threads were stopped: 0.0051450 seconds, Stopping threads took: 0.0022000 seconds
89.816: Application time: 0.0293210 seconds
89.819: [GC89.819: [ParNew: 37567K->4159K(37568K), 0.0023880 secs] 400992K->369561K(758420K), 0.0024330 secs] [Times: user=0.02 sys=0.00, real=0.00 secs] 
89.821: Total time for which application threads were stopped: 0.0048660 seconds, Stopping threads took: 0.0023680 seconds
89.851: Application time: 0.0297200 seconds
89.854: [GC89.854: [ParNew: 37567K->4158K(37568K), 0.0021270 secs] 402969K->370361K(758420K), 0.0021690 secs] [Times: user=0.02 sys=0.00, real=0.01 secs] 
89.856: Total time for which application threads were stopped: 0.0048390 seconds, Stopping threads took: 0.0026070 seconds
89.886: Application time: 0.0299220 seconds
89.887: [GC89.887: [ParNew: 37566K->4158K(37568K), 0.0022370 secs] 403769K->371542K(758420K), 0.0022780 secs] [Times: user=0.02 sys=0.00, real=0.00 secs] 
89.890: Total time for which application threads were stopped: 0.0040310 seconds, Stopping threads took: 0.0016810 seconds
89.918: Application time: 0.0281110 seconds
89.919: [GC89.919: [ParNew: 37566K->4158K(37568K), 0.0026380 secs] 404950K->374142K(758420K), 0.0026820 secs] [Times: user=0.01 sys=0.01, real=0.00 secs] 
89.922: Total time for which application threads were stopped: 0.0042950 seconds, Stopping threads took: 0.0015470 seconds
89.952: Application time: 0.0299270 seconds
89.953: [GC89.953: [ParNew: 37565K->4159K(37568K), 0.0023500 secs] 407548K->375732K(758420K), 0.0023930 secs] [Times: user=0.02 sys=0.00, real=0.01 secs] 
89.956: Total time for which application threads were stopped: 0.0037970 seconds, Stopping threads took: 0.0013400 seconds
89.986: Application time: 0.0301880 seconds
89.989: [GC89.989: [ParNew: 37567K->4159K(37568K), 0.0027160 secs] 409140K->378246K(758420K), 0.0027580 secs] [Times: user=0.02 sys=0.00, real=0.00 secs] 
89.991: Total time for which application threads were stopped: 0.0053590 seconds, Stopping threads took: 0.0025360 seconds
90.021: Application time: 0.0295720 seconds
90.022: [GC90.022: [ParNew: 37566K->4159K(37568K), 0.0025790 secs] 411653K->380697K(758420K), 0.0026220 secs] [Times: user=0.01 sys=0.00, real=0.00 secs] 
90.025: Total time for which application threads were stopped: 0.0041200 seconds, Stopping threads took: 0.0014230 seconds
90.053: Application time: 0.0283190 seconds
90.056: [GC90.056: [ParNew: 37567K->4159K(37568K), 0.0025810 secs] 414105K->383066K(758420K), 0.0026240 secs] [Times: user=0.01 sys=0.00, real=0.00 secs] 
90.059: Total time for which application threads were stopped: 0.0055580 seconds, Stopping threads took: 0.0028710 seconds
90.087: Application time: 0.0285600 seconds
90.089: [GC90.089: [ParNew: 37567K->4158K(37568K), 0.0028380 secs] 416474K->386205K(758420K), 0.0028880 secs] [Times: user=0.02 sys=0.00, real=0.00 secs] 
90.092: Total time for which application threads were stopped: 0.0044900 seconds, Stopping threads took: 0.0015330 seconds
90.123: Application time: 0.0307850 seconds
90.126: [GC90.126: [ParNew: 37566K->4159K(37568K), 0.0024440 secs] 419613K->388122K(758420K), 0.0024860 secs] [Times: user=0.02 sys=0.00, real=0.01 secs] 
90.128: Total time for which application threads were stopped: 0.0052650 seconds, Stopping threads took: 0.0027130 seconds
90.156: Application time: 0.0281510 seconds
90.158: [GC90.158: [ParNew: 37567K->4158K(37568K), 0.0030270 secs] 421530K->391872K(758420K), 0.0030700 secs] [Times: user=0.02 sys=0.00, real=0.00 secs] 
90.161: Total time for which application threads were stopped: 0.0049950 seconds, Stopping threads took: 0.0018370 seconds
90.191: Application time: 0.0298210 seconds
90.193: [GC90.193: [ParNew: 37566K->4158K(37568K), 0.0029860 secs] 425280K->395485K(758420K), 0.0030330 secs] [Times: user=0.02 sys=0.00, real=0.01 secs] 
90.196: Total time for which application threads were stopped: 0.0047590 seconds, Stopping threads took: 0.0016660 seconds
90.225: Application time: 0.0290060 seconds
90.226: [GC90.226: [ParNew: 37566K->4159K(37568K), 0.0026520 secs] 428893K->398005K(758420K), 0.0026950 secs] [Times: user=0.02 sys=0.00, real=0.01 secs] 
90.229: Total time for which application threads were stopped: 0.0043450 seconds, Stopping threads took: 0.0015850 seconds
90.257: Application time: 0.0277380 seconds
90.259: [GC90.259: [ParNew: 37567K->4159K(37568K), 0.0029250 secs] 431413K->401432K(758420K), 0.0029700 secs] [Times: user=0.02 sys=0.00, real=0.00 secs] 
90.262: Total time for which application threads were stopped: 0.0052950 seconds, Stopping threads took: 0.0022600 seconds
90.290: Application time: 0.0282970 seconds
90.293: [GC90.293: [ParNew: 37567K->4158K(37568K), 0.0026560 secs] 434840K->404117K(758420K), 0.0026980 secs] [Times: user=0.02 sys=0.00, real=0.01 secs] 
90.296: Total time for which application threads were stopped: 0.0055110 seconds, Stopping threads took: 0.0027550 seconds
90.325: Application time: 0.0294290 seconds
90.327: [GC90.327: [ParNew: 37564K->4158K(37568K), 0.0026200 secs] 437523K->406502K(758420K), 0.0026700 secs] [Times: user=0.02 sys=0.00, real=0.00 secs] 
90.330: Total time for which application threads were stopped: 0.0043860 seconds, Stopping threads took: 0.0016540 seconds
90.357: Application time: 0.0271570 seconds
90.358: [GC90.358: [ParNew: 37566K->4158K(37568K), 0.0030030 secs] 439910K->410206K(758420K), 0.0030480 secs] [Times: user=0.02 sys=0.00, real=0.00 secs] 
90.361: Total time for which application threads were stopped: 0.0043260 seconds, Stopping threads took: 0.0012120 seconds
90.391: Application time: 0.0298450 seconds
90.394: [GC90.394: [ParNew: 37565K->4158K(37568K), 0.0023630 secs] 443613K->411802K(758420K), 0.0024060 secs] [Times: user=0.02 sys=0.00, real=0.01 secs] 
90.396: Total time for which application threads were stopped: 0.0049070 seconds, Stopping threads took: 0.0024420 seconds
90.426: Application time: 0.0297230 seconds
90.427: [GC90.427: [ParNew: 37566K->4158K(37568K), 0.0020310 secs] 445210K->412365K(758420K), 0.0020730 secs] [Times: user=0.01 sys=0.00, real=0.00 secs] 
90.429: Total time for which application threads were stopped: 0.0036910 seconds, Stopping threads took: 0.0015520 seconds
90.459: Application time: 0.0293960 seconds
90.461: [GC90.461: [ParNew: 37566K->4159K(37568K), 0.0022920 secs] 445773K->413729K(758420K), 0.0023350 secs] [Times: user=0.01 sys=0.00, real=0.00 secs] 
90.464: Total time for which application threads were stopped: 0.0046980 seconds, Stopping threads took: 0.0022760 seconds
90.493: Application time: 0.0290990 seconds
90.494: [GC90.494: [ParNew: 37567K->4158K(37568K), 0.0022130 secs] 447137K->414945K(758420K), 0.0022570 secs] [Times: user=0.02 sys=0.00, real=0.01 secs] 
90.496: Total time for which application threads were stopped: 0.0036130 seconds, Stopping threads took: 0.0012920 seconds
90.526: Application time: 0.0297410 seconds
90.529: [GC90.529: [ParNew: 37566K->4159K(37568K), 0.0024890 secs] 448353K->416998K(758420K), 0.0025350 secs] [Times: user=0.01 sys=0.00, real=0.00 secs] 
90.532: Total time for which application threads were stopped: 0.0055970 seconds, Stopping threads took: 0.0029900 seconds
90.562: Application time: 0.0304520 seconds
90.565: [GC90.565: [ParNew: 37567K->4159K(37568K), 0.0022630 secs] 450406K->418468K(758420K), 0.0023080 secs] [Times: user=0.02 sys=0.00, real=0.01 secs] 
90.567: Total time for which application threads were stopped: 0.0052030 seconds, Stopping threads took: 0.0028330 seconds
90.596: Application time: 0.0292150 seconds
90.599: [GC90.599: [ParNew: 37567K->4158K(37568K), 0.0024360 secs] 451876K->420324K(758420K), 0.0024800 secs] [Times: user=0.02 sys=0.00, real=0.00 secs] 
90.601: Total time for which application threads were stopped: 0.0048530 seconds, Stopping threads took: 0.0023070 seconds
90.630: Application time: 0.0289820 seconds
90.632: [GC90.632: [ParNew: 37566K->4159K(37568K), 0.0026280 secs] 453732K->422907K(758420K), 0.0026730 secs] [Times: user=0.02 sys=0.00, real=0.01 secs] 
90.635: Total time for which application threads were stopped: 0.0044180 seconds, Stopping threads took: 0.0016780 seconds
90.664: Application time: 0.0292130 seconds
90.666: [GC90.666: [ParNew: 37567K->4159K(37568K), 0.0024740 secs] 456315K->424948K(758420K), 0.0025170 secs] [Times: user=0.02 sys=0.00, real=0.01 secs] 
90.669: Total time for which application threads were stopped: 0.0050480 seconds, Stopping threads took: 0.0024670 seconds
90.697: Application time: 0.0275210 seconds
90.699: [GC90.699: [ParNew: 37567K->4159K(37568K), 0.0028700 secs] 458356K->428215K(758420K), 0.0029160 secs] [Times: user=0.02 sys=0.00, real=0.00 secs] 
90.702: Total time for which application threads were stopped: 0.0057780 seconds, Stopping threads took: 0.0027980 seconds
90.732: Application time: 0.0298600 seconds
90.734: [GC90.734: [ParNew: 37567K->4158K(37568K), 0.0024910 secs] 461623K->430355K(758420K), 0.0025340 secs] [Times: user=0.02 sys=0.00, real=0.01 secs] 
90.737: Total time for which application threads were stopped: 0.0044040 seconds, Stopping threads took: 0.0018020 seconds
90.767: Application time: 0.0303100 seconds
90.769: [GC90.769: [ParNew: 37566K->4159K(37568K), 0.0024810 secs] 463763K->432342K(758420K), 0.0025330 secs] [Times: user=0.02 sys=0.00, real=0.00 secs] 
90.772: Total time for which application threads were stopped: 0.0048940 seconds, Stopping threads took: 0.0022960 seconds
90.800: Application time: 0.0286000 seconds
90.803: [GC90.803: [ParNew: 37567K->4158K(37568K), 0.0026310 secs] 465750K->434745K(758420K), 0.0026760 secs] [Times: user=0.02 sys=0.00, real=0.00 secs] 
90.805: Total time for which application threads were stopped: 0.0050500 seconds, Stopping threads took: 0.0023080 seconds
90.833: Application time: 0.0275420 seconds
90.835: [GC90.835: [ParNew: 37566K->4158K(37568K), 0.0029910 secs] 468153K->438498K(758420K), 0.0030320 secs] [Times: user=0.02 sys=0.01, real=0.00 secs] 
90.838: Total time for which application threads were stopped: 0.0051690 seconds, Stopping threads took: 0.0020730 seconds
90.866: Application time: 0.0279130 seconds
90.869: [GC90.869: [ParNew: 37566K->4158K(37568K), 0.0030620 secs] 471906K->442180K(758420K), 0.0031060 secs] [Times: user=0.02 sys=0.00, real=0.00 secs] 
90.872: Total time for which application threads were stopped: 0.0057690 seconds, Stopping threads took: 0.0025960 seconds
90.902: Application time: 0.0301540 seconds
90.904: [GC90.904: [ParNew: 37566K->4159K(37568K), 0.0029120 secs] 475588K->445591K(758420K), 0.0029560 secs] [Times: user=0.02 sys=0.00, real=0.01 secs] 
90.907: Total time for which application threads were stopped: 0.0054640 seconds, Stopping threads took: 0.0024440 seconds
90.938: Application time: 0.0306470 seconds
90.941: [GC90.941: [ParNew: 37567K->4158K(37568K), 0.0026360 secs] 478999K->448114K(758420K), 0.0026800 secs] [Times: user=0.02 sys=0.00, real=0.00 secs] 
90.944: Total time for which application threads were stopped: 0.0055630 seconds, Stopping threads took: 0.0028170 seconds
90.974: Application time: 0.0302490 seconds
90.974: [GC90.974: [ParNew: 37566K->4159K(37568K), 0.0023180 secs] 481522K->449531K(758420K), 0.0023600 secs] [Times: user=0.02 sys=0.00, real=0.01 secs] 
90.977: Total time for which application threads were stopped: 0.0027610 seconds, Stopping threads took: 0.0003360 seconds
91.006: Application time: 0.0293820 seconds
91.008: [GC91.008: [ParNew: 37567K->4159K(37568K), 0.0022980 secs] 482939K->450836K(758420K), 0.0023410 secs] [Times: user=0.01 sys=0.00, real=0.00 secs] 
91.010: Total time for which application threads were stopped: 0.0043210 seconds, Stopping threads took: 0.0018940 seconds
91.041: Application time: 0.0301690 seconds
91.042: [GC91.042: [ParNew: 37567K->4159K(37568K), 0.0020030 secs] 484244K->451219K(758420K), 0.0020490 secs] [Times: user=0.01 sys=0.00, real=0.00 secs] 
91.044: Total time for which application threads were stopped: 0.0036130 seconds, Stopping threads took: 0.0014900 seconds
91.073: Application time: 0.0289570 seconds
91.075: [GC91.075: [ParNew: 37567K->4158K(37568K), 0.0023670 secs] 484627K->452909K(758420K), 0.0024110 secs] [Times: user=0.02 sys=0.01, real=0.01 secs] 
91.077: Total time for which application threads were stopped: 0.0038210 seconds, Stopping threads took: 0.0013460 seconds
91.106: Application time: 0.0286180 seconds
91.107: [GC91.107: [ParNew: 37566K->4158K(37568K), 0.0024400 secs] 486317K->455008K(758420K), 0.0024830 secs] [Times: user=0.02 sys=0.00, real=0.00 secs] 
91.109: Total time for which application threads were stopped: 0.0038480 seconds, Stopping threads took: 0.0012990 seconds
91.137: Application time: 0.0278960 seconds
91.139: [GC91.139: [ParNew: 37566K->4159K(37568K), 0.0027840 secs] 488416K->458026K(758420K), 0.0028270 secs] [Times: user=0.02 sys=0.00, real=0.00 secs] 
91.142: Total time for which application threads were stopped: 0.0046020 seconds, Stopping threads took: 0.0017100 seconds
91.172: Application time: 0.0300850 seconds
91.174: [GC91.174: [ParNew: 37567K->4158K(37568K), 0.0027760 secs] 491434K->460752K(758420K), 0.0028200 secs] [Times: user=0.02 sys=0.00, real=0.01 secs] 
91.177: Total time for which application threads were stopped: 0.0048750 seconds, Stopping threads took: 0.0019910 seconds
91.207: Application time: 0.0301390 seconds
91.209: [GC91.209: [ParNew: 37566K->4159K(37568K), 0.0022450 secs] 494160K->461922K(758420K), 0.0023000 secs] [Times: user=0.02 sys=0.00, real=0.00 secs] 
91.211: Total time for which application threads were stopped: 0.0042370 seconds, Stopping threads took: 0.0018710 seconds
91.240: Application time: 0.0289780 seconds
91.242: [GC91.242: [ParNew: 37567K->4158K(37568K), 0.0026120 secs] 495330K->464254K(758420K), 0.0026590 secs] [Times: user=0.02 sys=0.00, real=0.00 secs] 
91.245: Total time for which application threads were stopped: 0.0048580 seconds, Stopping threads took: 0.0021140 seconds
91.273: Application time: 0.0279190 seconds
91.276: [GC91.276: [ParNew: 37566K->4158K(37568K), 0.0026000 secs] 497662K->466537K(758420K), 0.0026450 secs] [Times: user=0.01 sys=0.00, real=0.00 secs] 
91.279: Total time for which application threads were stopped: 0.0056890 seconds, Stopping threads took: 0.0029780 seconds
91.308: Application time: 0.0292270 seconds
91.310: [GC91.310: [ParNew: 37566K->4158K(37568K), 0.0028160 secs] 499945K->469691K(758420K), 0.0028620 secs] [Times: user=0.02 sys=0.00, real=0.00 secs] 
91.313: Total time for which application threads were stopped: 0.0046790 seconds, Stopping threads took: 0.0017510 seconds
91.341: Application time: 0.0281460 seconds
91.343: [GC91.343: [ParNew: 37566K->4159K(37568K), 0.0027830 secs] 503099K->472602K(758420K), 0.0028240 secs] [Times: user=0.02 sys=0.00, real=0.00 secs] 
91.346: Total time for which application threads were stopped: 0.0049590 seconds, Stopping threads took: 0.0020730 seconds
91.375: Application time: 0.0295280 seconds
91.378: [GC91.378: [ParNew: 37567K->4159K(37568K), 0.0024290 secs] 506010K->474479K(758420K), 0.0024730 secs] [Times: user=0.02 sys=0.00, real=0.00 secs] 
91.380: Total time for which application threads were stopped: 0.0049940 seconds, Stopping threads took: 0.0024560 seconds
91.410: Application time: 0.0296980 seconds
91.411: [GC91.411: [ParNew: 37567K->4159K(37568K), 0.0030300 secs] 507887K->478218K(758420K), 0.0030740 secs] [Times: user=0.02 sys=0.00, real=0.00 secs] 
91.414: Total time for which application threads were stopped: 0.0043740 seconds, Stopping threads took: 0.0012340 seconds
91.443: Application time: 0.0283950 seconds
91.445: [GC91.445: [ParNew: 37567K->4159K(37568K), 0.0032200 secs] 511626K->481697K(758420K), 0.0032650 secs] [Times: user=0.02 sys=0.00, real=0.01 secs] 
91.448: Total time for which application threads were stopped: 0.0051730 seconds, Stopping threads took: 0.0018420 seconds
91.477: Application time: 0.0293560 seconds
91.479: [GC91.479: [ParNew: 37567K->4159K(37568K), 0.0026720 secs] 515105K->484149K(758420K), 0.0027170 secs] [Times: user=0.02 sys=0.00, real=0.00 secs] 
91.481: Total time for which application threads were stopped: 0.0040720 seconds, Stopping threads took: 0.0012840 seconds
91.512: Application time: 0.0302970 seconds
91.514: [GC91.514: [ParNew: 37558K->4158K(37568K), 0.0023970 secs] 517547K->485960K(758420K), 0.0024420 secs] [Times: user=0.01 sys=0.00, real=0.01 secs] 
91.517: Total time for which application threads were stopped: 0.0052640 seconds, Stopping threads took: 0.0027570 seconds
91.546: Application time: 0.0287620 seconds
91.548: [GC91.548: [ParNew: 37566K->4158K(37568K), 0.0025720 secs] 519368K->488097K(758420K), 0.0026170 secs] [Times: user=0.02 sys=0.00, real=0.00 secs] 
91.550: Total time for which application threads were stopped: 0.0047500 seconds, Stopping threads took: 0.0020450 seconds
91.579: Application time: 0.0285360 seconds
91.582: [GC91.582: [ParNew: 37566K->4159K(37568K), 0.0027360 secs] 521505K->491056K(758420K), 0.0027800 secs] [Times: user=0.02 sys=0.00, real=0.00 secs] 
91.585: Total time for which application threads were stopped: 0.0056870 seconds, Stopping threads took: 0.0028420 seconds
91.613: Application time: 0.0280230 seconds
91.615: [GC91.615: [ParNew: 37567K->4159K(37568K), 0.0026950 secs] 524464K->493917K(758420K), 0.0027390 secs] [Times: user=0.02 sys=0.00, real=0.00 secs] 
91.618: Total time for which application threads were stopped: 0.0050290 seconds, Stopping threads took: 0.0022170 seconds
91.648: Application time: 0.0301490 seconds
91.650: [GC91.650: [ParNew: 37567K->4159K(37568K), 0.0028520 secs] 527325K->497173K(758420K), 0.0028960 secs] [Times: user=0.02 sys=0.00, real=0.00 secs] 
91.653: Total time for which application threads were stopped: 0.0052300 seconds, Stopping threads took: 0.0022760 seconds
91.681: Application time: 0.0282470 seconds
91.683: [GC91.683: [ParNew: 37567K->4159K(37568K), 0.0032080 secs] 530581K->499756K(758420K), 0.0032590 secs] [Times: user=0.01 sys=0.00, real=0.00 secs] 
91.686: Total time for which application threads were stopped: 0.0046220 seconds, Stopping threads took: 0.0012830 seconds
91.717: Application time: 0.0308180 seconds
91.719: [GC91.719: [ParNew: 37567K->4159K(37568K), 0.0029060 secs] 533164K->503206K(758420K), 0.0029500 secs] [Times: user=0.02 sys=0.00, real=0.00 secs] 
91.722: Total time for which application threads were stopped: 0.0047440 seconds, Stopping threads took: 0.0017270 seconds
91.752: Application time: 0.0300390 seconds
91.754: [GC91.754: [ParNew: 37567K->4159K(37568K), 0.0022760 secs] 536614K->504504K(758420K), 0.0023190 secs] [Times: user=0.02 sys=0.00, real=0.01 secs] 
91.756: Total time for which application threads were stopped: 0.0045470 seconds, Stopping threads took: 0.0021610 seconds
91.785: Application time: 0.0285420 seconds
91.787: [GC91.787: [ParNew: 37567K->4159K(37568K), 0.0028800 secs] 537912K->507695K(758420K), 0.0029250 secs] [Times: user=0.02 sys=0.00, real=0.00 secs] 
91.790: Total time for which application threads were stopped: 0.0054950 seconds, Stopping threads took: 0.0024830 seconds
91.819: Application time: 0.0293490 seconds
91.822: [GC91.822: [ParNew: 37565K->4158K(37568K), 0.0020390 secs] 541102K->508257K(758420K), 0.0020810 secs] [Times: user=0.02 sys=0.00, real=0.00 secs] 
91.824: Total time for which application threads were stopped: 0.0041400 seconds, Stopping threads took: 0.0019940 seconds
91.854: Application time: 0.0298870 seconds
91.857: [GC91.857: [ParNew: 37566K->4159K(37568K), 0.0023700 secs] 541665K->509740K(758420K), 0.0024130 secs] [Times: user=0.02 sys=0.00, real=0.00 secs] 
91.859: Total time for which application threads were stopped: 0.0054280 seconds, Stopping threads took: 0.0029510 seconds
91.887: Application time: 0.0285110 seconds
91.889: [GC91.889: [ParNew: 37566K->4158K(37568K), 0.0023440 secs] 543146K->511255K(758420K), 0.0023900 secs] [Times: user=0.01 sys=0.00, real=0.00 secs] 
91.892: Total time for which application threads were stopped: 0.0041600 seconds, Stopping threads took: 0.0017040 seconds
91.921: Application time: 0.0292760 seconds
91.922: [GC91.922: [ParNew: 37566K->4159K(37568K), 0.0022840 secs] 544663K->512595K(758420K), 0.0023390 secs] [Times: user=0.01 sys=0.00, real=0.00 secs] 
91.925: Total time for which application threads were stopped: 0.0038060 seconds, Stopping threads took: 0.0014020 seconds
91.952: Application time: 0.0273900 seconds
91.954: [GC91.954: [ParNew: 37567K->4159K(37568K), 0.0027030 secs] 546003K->515286K(758420K), 0.0027450 secs] [Times: user=0.02 sys=0.00, real=0.01 secs] 
91.957: Total time for which application threads were stopped: 0.0051100 seconds, Stopping threads took: 0.0022990 seconds
91.987: Application time: 0.0299500 seconds
91.990: [GC91.990: [ParNew: 37567K->4158K(37568K), 0.0027930 secs] 548694K->518357K(758420K), 0.0028380 secs] [Times: user=0.02 sys=0.00, real=0.00 secs] 
91.993: Total time for which application threads were stopped: 0.0056730 seconds, Stopping threads took: 0.0027690 seconds
92.022: Application time: 0.0287760 seconds
92.023: [GC92.023: [ParNew: 37566K->4159K(37568K), 0.0026930 secs] 551765K->520857K(758420K), 0.0027340 secs] [Times: user=0.02 sys=0.00, real=0.00 secs] 
92.026: Total time for which application threads were stopped: 0.0041000 seconds, Stopping threads took: 0.0013010 seconds
92.054: Application time: 0.0285800 seconds
92.056: [GC92.056: [ParNew: 37567K->4158K(37568K), 0.0025730 secs] 554265K->523151K(758420K), 0.0026280 secs] [Times: user=0.02 sys=0.00, real=0.00 secs] 
92.058: Total time for which application threads were stopped: 0.0041640 seconds, Stopping threads took: 0.0014600 seconds
92.088: Application time: 0.0297970 seconds
92.090: [GC92.090: [ParNew: 37564K->4159K(37568K), 0.0019350 secs] 556557K->523409K(758420K), 0.0019750 secs] [Times: user=0.01 sys=0.00, real=0.00 secs] 
92.092: Total time for which application threads were stopped: 0.0032680 seconds, Stopping threads took: 0.0012260 seconds
92.122: Application time: 0.0305700 seconds
92.124: [GC92.124: [ParNew: 37567K->4159K(37568K), 0.0020990 secs] 556816K->524076K(758420K), 0.0021440 secs] [Times: user=0.01 sys=0.00, real=0.00 secs] 
92.126: Total time for which application threads were stopped: 0.0037750 seconds, Stopping threads took: 0.0015630 seconds
92.157: Application time: 0.0308600 seconds
92.159: [GC92.159: [ParNew: 37567K->4159K(37568K), 0.0019170 secs] 557484K->524448K(758420K), 0.0019570 secs] [Times: user=0.01 sys=0.00, real=0.00 secs] 
92.161: Total time for which application threads were stopped: 0.0039560 seconds, Stopping threads took: 0.0019350 seconds
92.191: Application time: 0.0306370 seconds
92.194: [GC92.194: [ParNew: 37567K->4158K(37568K), 0.0022280 secs] 557856K->525146K(758420K), 0.0022710 secs] [Times: user=0.02 sys=0.00, real=0.01 secs] 
92.197: Total time for which application threads were stopped: 0.0051860 seconds, Stopping threads took: 0.0028280 seconds
92.226: Application time: 0.0294560 seconds
92.228: [GC92.228: [ParNew: 37566K->4158K(37568K), 0.0020840 secs] 558554K->525810K(758420K), 0.0021280 secs] [Times: user=0.01 sys=0.00, real=0.00 secs] 
92.230: Total time for which application threads were stopped: 0.0037400 seconds, Stopping threads took: 0.0015480 seconds
92.259: Application time: 0.0293000 seconds
92.261: [GC92.261: [ParNew: 37566K->4158K(37568K), 0.0022740 secs] 559218K->526880K(758420K), 0.0023150 secs] [Times: user=0.02 sys=0.00, real=0.00 secs] 
92.263: Total time for which application threads were stopped: 0.0043170 seconds, Stopping threads took: 0.0019390 seconds
92.292: Application time: 0.0282100 seconds
92.294: [GC92.294: [ParNew: 37566K->4159K(37568K), 0.0029420 secs] 560288K->530210K(758420K), 0.0029900 secs] [Times: user=0.02 sys=0.00, real=0.01 secs] 
92.297: Total time for which application threads were stopped: 0.0050240 seconds, Stopping threads took: 0.0019680 seconds
92.326: Application time: 0.0298070 seconds
92.328: [GC92.328: [ParNew: 37567K->4159K(37568K), 0.0023470 secs] 563618K->531486K(758420K), 0.0023920 secs] [Times: user=0.02 sys=0.00, real=0.00 secs] 
92.330: Total time for which application threads were stopped: 0.0036570 seconds, Stopping threads took: 0.0011990 seconds
92.360: Application time: 0.0299790 seconds
92.362: [GC92.362: [ParNew: 37567K->4158K(37568K), 0.0022850 secs] 564894K->532623K(758420K), 0.0023250 secs] [Times: user=0.02 sys=0.00, real=0.00 secs] 
92.365: Total time for which application threads were stopped: 0.0046270 seconds, Stopping threads took: 0.0022390 seconds
92.394: Application time: 0.0290620 seconds
92.396: [GC92.396: [ParNew: 37566K->4159K(37568K), 0.0024800 secs] 566031K->534697K(758420K), 0.0025240 secs] [Times: user=0.02 sys=0.00, real=0.00 secs] 
92.398: Total time for which application threads were stopped: 0.0043420 seconds, Stopping threads took: 0.0017520 seconds
92.428: Application time: 0.0296170 seconds
92.429: [GC92.429: [ParNew: 37567K->4158K(37568K), 0.0028650 secs] 568105K->537739K(758420K), 0.0029090 secs] [Times: user=0.02 sys=0.00, real=0.00 secs] 
92.432: Total time for which application threads were stopped: 0.0045890 seconds, Stopping threads took: 0.0016160 seconds
92.461: Application time: 0.0285860 seconds
92.464: [GC92.464: [ParNew: 37566K->4159K(37568K), 0.0028540 secs] 571147K->540710K(758420K), 0.0028970 secs] [Times: user=0.02 sys=0.00, real=0.01 secs] 
92.467: Total time for which application threads were stopped: 0.0057850 seconds, Stopping threads took: 0.0028220 seconds
92.497: Application time: 0.0299440 seconds
92.499: [GC92.499: [ParNew: 37567K->4158K(37568K), 0.0025020 secs] 574118K->542919K(758420K), 0.0025540 secs] [Times: user=0.02 sys=0.00, real=0.00 secs] 
92.502: Total time for which application threads were stopped: 0.0048750 seconds, Stopping threads took: 0.0022630 seconds
92.531: Application time: 0.0295790 seconds
92.532: [GC92.532: [ParNew: 37566K->4159K(37568K), 0.0030000 secs] 576327K->546413K(758420K), 0.0030440 secs] [Times: user=0.02 sys=0.00, real=0.01 secs] 
92.535: Total time for which application threads were stopped: 0.0040840 seconds, Stopping threads took: 0.0009740 seconds
92.564: Application time: 0.0289690 seconds
92.566: [GC92.566: [ParNew: 37567K->4158K(37568K), 0.0026450 secs] 579821K->548790K(758420K), 0.0026900 secs] [Times: user=0.02 sys=0.00, real=0.01 secs] 
92.569: Total time for which application threads were stopped: 0.0044530 seconds, Stopping threads took: 0.0016860 seconds
92.597: Application time: 0.0288370 seconds
92.599: [GC92.599: [ParNew: 37566K->4159K(37568K), 0.0026230 secs] 582198K->551148K(758420K), 0.0026650 secs] [Times: user=0.02 sys=0.00, real=0.00 secs] 
92.602: Total time for which application threads were stopped: 0.0043730 seconds, Stopping threads took: 0.0016500 seconds
92.631: Application time: 0.0290400 seconds
92.634: [GC92.634: [ParNew: 37567K->4159K(37568K), 0.0028800 secs] 584556K->554414K(758420K), 0.0029250 secs] [Times: user=0.02 sys=0.00, real=0.01 secs] 
92.637: Total time for which application threads were stopped: 0.0056940 seconds, Stopping threads took: 0.0027050 seconds
92.665: Application time: 0.0282960 seconds
92.667: [GC92.667: [ParNew: 37567K->4158K(37568K), 0.0029060 secs] 587822K->557615K(758420K), 0.0029520 secs] [Times: user=0.02 sys=0.00, real=0.00 secs] 
92.670: Total time for which application threads were stopped: 0.0053310 seconds, Stopping threads took: 0.0022930 seconds
92.700: Application time: 0.0299690 seconds
92.702: [GC92.702: [ParNew: 37566K->4158K(37568K), 0.0023220 secs] 591023K->558741K(758420K), 0.0023630 secs] [Times: user=0.01 sys=0.00, real=0.00 secs] 
92.704: Total time for which application threads were stopped: 0.0039630 seconds, Stopping threads took: 0.0015360 seconds
92.734: Application time: 0.0294020 seconds
92.736: [GC92.736: [ParNew: 37566K->4158K(37568K), 0.0028440 secs] 592149K->561760K(758420K), 0.0028880 secs] [Times: user=0.02 sys=0.00, real=0.00 secs] 
92.739: Total time for which application threads were stopped: 0.0054850 seconds, Stopping threads took: 0.0025100 seconds
92.769: Application time: 0.0304890 seconds
92.772: [GC92.772: [ParNew: 37566K->4158K(37568K), 0.0021890 secs] 595168K->562674K(758420K), 0.0022310 secs] [Times: user=0.01 sys=0.00, real=0.00 secs] 
92.774: Total time for which application threads were stopped: 0.0042650 seconds, Stopping threads took: 0.0019680 seconds
92.804: Application time: 0.0303330 seconds
92.806: [GC92.806: [ParNew: 37566K->4159K(37568K), 0.0025060 secs] 596082K->564562K(758420K), 0.0025490 secs] [Times: user=0.01 sys=0.00, real=0.01 secs] 
92.809: Total time for which application threads were stopped: 0.0045020 seconds, Stopping threads took: 0.0018640 seconds
92.837: Application time: 0.0283060 seconds
92.839: [GC92.839: [ParNew: 37567K->4159K(37568K), 0.0029710 secs] 597970K->568065K(758420K), 0.0030140 secs] [Times: user=0.02 sys=0.00, real=0.00 secs] 
92.842: Total time for which application threads were stopped: 0.0048460 seconds, Stopping threads took: 0.0017670 seconds
92.872: Application time: 0.0299280 seconds
92.874: [GC92.874: [ParNew: 37567K->4159K(37568K), 0.0026710 secs] 601473K->570528K(758420K), 0.0027140 secs] [Times: user=0.02 sys=0.00, real=0.01 secs] 
92.876: Total time for which application threads were stopped: 0.0047250 seconds, Stopping threads took: 0.0019440 seconds
92.906: Application time: 0.0297240 seconds
92.909: [GC92.909: [ParNew: 37567K->4159K(37568K), 0.0022490 secs] 603936K->572064K(758420K), 0.0022910 secs] [Times: user=0.02 sys=0.00, real=0.00 secs] 
92.911: Total time for which application threads were stopped: 0.0048150 seconds, Stopping threads took: 0.0024540 seconds
92.941: Application time: 0.0298530 seconds
92.943: [GC92.943: [ParNew: 37567K->4158K(37568K), 0.0023040 secs] 605472K->573514K(758420K), 0.0023480 secs] [Times: user=0.01 sys=0.00, real=0.00 secs] 
92.945: Total time for which application threads were stopped: 0.0041250 seconds, Stopping threads took: 0.0017110 seconds
92.974: Application time: 0.0293840 seconds
92.976: [GC92.976: [ParNew: 37566K->4159K(37568K), 0.0024960 secs] 606922K->575463K(758420K), 0.0025380 secs] [Times: user=0.02 sys=0.00, real=0.00 secs] 
92.979: Total time for which application threads were stopped: 0.0046750 seconds, Stopping threads took: 0.0020740 seconds
93.008: Application time: 0.0292200 seconds
93.010: [GC93.010: [ParNew: 37567K->4159K(37568K), 0.0022040 secs] 608871K->576312K(758420K), 0.0022490 secs] [Times: user=0.01 sys=0.00, real=0.00 secs] 
93.013: Total time for which application threads were stopped: 0.0043480 seconds, Stopping threads took: 0.0020350 seconds
93.041: Application time: 0.0287360 seconds
93.044: [GC93.044: [ParNew: 37567K->4158K(37568K), 0.0028460 secs] 609720K->579518K(758420K), 0.0028880 secs] [Times: user=0.02 sys=0.00, real=0.00 secs] 
93.046: Total time for which application threads were stopped: 0.0051760 seconds, Stopping threads took: 0.0022220 seconds
93.077: Application time: 0.0301380 seconds
93.079: [GC93.079: [ParNew: 37566K->4158K(37568K), 0.0024820 secs] 612926K->581604K(758420K), 0.0025270 secs] [Times: user=0.02 sys=0.00, real=0.00 secs] 
93.082: Total time for which application threads were stopped: 0.0050960 seconds, Stopping threads took: 0.0024940 seconds
93.112: Application time: 0.0307220 seconds
93.114: [GC93.114: [ParNew: 37566K->3594K(37568K), 0.0018010 secs] 615012K->581096K(758420K), 0.0018420 secs] [Times: user=0.02 sys=0.00, real=0.01 secs] 
93.116: Total time for which application threads were stopped: 0.0034460 seconds, Stopping threads took: 0.0015400 seconds
93.147: Application time: 0.0306180 seconds
93.148: [GC93.148: [ParNew: 37002K->4158K(37568K), 0.0028920 secs] 614504K->584448K(758420K), 0.0029370 secs] [Times: user=0.02 sys=0.00, real=0.00 secs] 
93.151: Total time for which application threads were stopped: 0.0045980 seconds, Stopping threads took: 0.0015850 seconds
93.180: Application time: 0.0290910 seconds
93.182: [GC93.182: [ParNew: 37566K->4158K(37568K), 0.0030370 secs] 617856K->588077K(758420K), 0.0030800 secs] [Times: user=0.03 sys=0.00, real=0.00 secs] 
93.185: Total time for which application threads were stopped: 0.0049920 seconds, Stopping threads took: 0.0018470 seconds
93.214: Application time: 0.0288550 seconds
93.216: [GC93.216: [ParNew: 37566K->4159K(37568K), 0.0026810 secs] 621485K->590650K(758420K), 0.0027260 secs] [Times: user=0.02 sys=0.00, real=0.00 secs] 
93.219: Total time for which application threads were stopped: 0.0050630 seconds, Stopping threads took: 0.0022500 seconds
93.248: Application time: 0.0291720 seconds
93.250: [GC93.250: [ParNew: 37566K->4159K(37568K), 0.0023840 secs] 624057K->592109K(758420K), 0.0024300 secs] [Times: user=0.02 sys=0.00, real=0.00 secs] 
93.252: Total time for which application threads were stopped: 0.0038750 seconds, Stopping threads took: 0.0013790 seconds
93.282: Application time: 0.0297690 seconds
93.283: [GC93.283: [ParNew: 37567K->4158K(37568K), 0.0030000 secs] 625517K->595377K(758420K), 0.0030440 secs] [Times: user=0.02 sys=0.00, real=0.00 secs] 
93.286: Total time for which application threads were stopped: 0.0045420 seconds, Stopping threads took: 0.0014070 seconds
93.318: Application time: 0.0311360 seconds
93.321: [GC93.321: [ParNew: 37566K->4158K(37568K), 0.0028650 secs] 628785K->598474K(758420K), 0.0029110 secs] [Times: user=0.02 sys=0.00, real=0.00 secs] 
93.324: Total time for which application threads were stopped: 0.0063620 seconds, Stopping threads took: 0.0033630 seconds
93.355: Application time: 0.0313990 seconds
93.359: [GC93.359: [ParNew: 37566K->4158K(37568K), 0.0024690 secs] 631882K->600348K(758420K), 0.0025250 secs] [Times: user=0.02 sys=0.00, real=0.00 secs] 
93.361: Total time for which application threads were stopped: 0.0059300 seconds, Stopping threads took: 0.0033280 seconds
93.391: Application time: 0.0297120 seconds
93.394: [GC93.394: [ParNew: 37566K->4158K(37568K), 0.0032260 secs] 633756K->604016K(758420K), 0.0032690 secs] [Times: user=0.02 sys=0.00, real=0.01 secs] 
93.397: Total time for which application threads were stopped: 0.0059620 seconds, Stopping threads took: 0.0026030 seconds
93.429: Application time: 0.0318700 seconds
93.432: [GC93.432: [ParNew: 37566K->4159K(37568K), 0.0026520 secs] 637424K->606624K(758420K), 0.0026940 secs] [Times: user=0.02 sys=0.00, real=0.00 secs] 
93.434: Total time for which application threads were stopped: 0.0055340 seconds, Stopping threads took: 0.0027660 seconds
93.466: Application time: 0.0313680 seconds
93.468: [GC93.468: [ParNew: 37567K->4159K(37568K), 0.0024490 secs] 640032K->608161K(758420K), 0.0024930 secs] [Times: user=0.01 sys=0.00, real=0.00 secs] 
93.470: Total time for which application threads were stopped: 0.0044990 seconds, Stopping threads took: 0.0019400 seconds
93.501: Application time: 0.0311650 seconds
93.504: [GC93.504: [ParNew: 37567K->4158K(37568K), 0.0030540 secs] 641569K->611445K(758420K), 0.0030980 secs] [Times: user=0.02 sys=0.00, real=0.01 secs] 
93.507: Total time for which application threads were stopped: 0.0052350 seconds, Stopping threads took: 0.0020530 seconds
93.539: Application time: 0.0319540 seconds
93.542: [GC93.542: [ParNew: 37566K->4158K(37568K), 0.0025840 secs] 644853K->613629K(758420K), 0.0026290 secs] [Times: user=0.02 sys=0.00, real=0.00 secs] 
93.545: Total time for which application threads were stopped: 0.0059930 seconds, Stopping threads took: 0.0032980 seconds
93.576: Application time: 0.0316300 seconds
93.577: [GC93.577: [ParNew: 37566K->3898K(37568K), 0.0020060 secs] 647037K->613368K(758420K), 0.0020500 secs] [Times: user=0.02 sys=0.00, real=0.00 secs] 
93.579: Total time for which application threads were stopped: 0.0030000 seconds, Stopping threads took: 0.0008850 seconds
93.611: Application time: 0.0313480 seconds
93.613: [GC93.613: [ParNew: 37306K->4158K(37568K), 0.0026250 secs] 646776K->615732K(758420K), 0.0026650 secs] [Times: user=0.02 sys=0.00, real=0.01 secs] 
93.616: Total time for which application threads were stopped: 0.0049170 seconds, Stopping threads took: 0.0021760 seconds
93.648: Application time: 0.0324280 seconds
93.650: [GC93.650: [ParNew: 37566K->4144K(37568K), 0.0019460 secs] 649140K->615745K(758420K), 0.0019900 secs] [Times: user=0.01 sys=0.00, real=0.00 secs] 
93.652: Total time for which application threads were stopped: 0.0037690 seconds, Stopping threads took: 0.0016890 seconds
93.684: Application time: 0.0326570 seconds
93.686: [GC93.686: [ParNew: 37552K->4124K(37568K), 0.0019670 secs] 649153K->615758K(758420K), 0.0020120 secs] [Times: user=0.01 sys=0.00, real=0.01 secs] 
93.688: Total time for which application threads were stopped: 0.0033910 seconds, Stopping threads took: 0.0012980 seconds
93.718: Application time: 0.0300600 seconds
93.720: [GC93.720: [ParNew: 37532K->4158K(37568K), 0.0031040 secs] 649166K->619578K(758420K), 0.0031480 secs] [Times: user=0.02 sys=0.00, real=0.00 secs] 
93.724: Total time for which application threads were stopped: 0.0056840 seconds, Stopping threads took: 0.0024700 seconds
93.753: Application time: 0.0297530 seconds
93.756: [GC93.756: [ParNew: 37566K->4158K(37568K), 0.0030660 secs] 652986K->623193K(758420K), 0.0031100 secs] [Times: user=0.02 sys=0.00, real=0.00 secs] 
93.759: Total time for which application threads were stopped: 0.0055550 seconds, Stopping threads took: 0.0023830 seconds
93.791: Application time: 0.0317690 seconds
93.794: [GC93.794: [ParNew: 37566K->4159K(37568K), 0.0030320 secs] 656601K->626226K(758420K), 0.0030800 secs] [Times: user=0.02 sys=0.00, real=0.01 secs] 
93.797: Total time for which application threads were stopped: 0.0066590 seconds, Stopping threads took: 0.0035100 seconds
93.828: Application time: 0.0310120 seconds
93.830: [GC93.830: [ParNew: 37567K->4158K(37568K), 0.0027450 secs] 659634K->628731K(758420K), 0.0028020 secs] [Times: user=0.02 sys=0.00, real=0.00 secs] 
93.832: Total time for which application threads were stopped: 0.0041500 seconds, Stopping threads took: 0.0012800 seconds
93.863: Application time: 0.0303100 seconds
93.865: [GC93.865: [ParNew: 37566K->4158K(37568K), 0.0026590 secs] 662139K->631129K(758420K), 0.0027030 secs] [Times: user=0.02 sys=0.00, real=0.01 secs] 
93.868: Total time for which application threads were stopped: 0.0049790 seconds, Stopping threads took: 0.0021890 seconds
93.900: Application time: 0.0321560 seconds
93.900: [GC93.901: [ParNew: 37566K->4159K(37568K), 0.0021620 secs] 664537K->631491K(758420K), 0.0022070 secs] [Times: user=0.00 sys=0.01, real=0.00 secs] 
93.903: Total time for which application threads were stopped: 0.0028040 seconds, Stopping threads took: 0.0005070 seconds
93.936: Application time: 0.0328360 seconds
93.938: [GC93.938: [ParNew: 37567K->4159K(37568K), 0.0023630 secs] 664899K->632845K(758420K), 0.0024060 secs] [Times: user=0.02 sys=0.00, real=0.00 secs] 
93.940: Total time for which application threads were stopped: 0.0044040 seconds, Stopping threads took: 0.0019090 seconds
93.971: Application time: 0.0314210 seconds
93.973: [GC93.974: [ParNew: 37567K->4159K(37568K), 0.0027970 secs] 666253K->635582K(758420K), 0.0028420 secs] [Times: user=0.02 sys=0.00, real=0.01 secs] 
93.976: Total time for which application threads were stopped: 0.0049690 seconds, Stopping threads took: 0.0020580 seconds
94.008: Application time: 0.0313820 seconds
94.010: [GC94.010: [ParNew: 37566K->4159K(37568K), 0.0025850 secs] 668989K->637730K(758420K), 0.0026300 secs] [Times: user=0.02 sys=0.00, real=0.00 secs] 
94.012: Total time for which application threads were stopped: 0.0044570 seconds, Stopping threads took: 0.0017590 seconds
94.043: Application time: 0.0307100 seconds
94.046: [GC94.046: [ParNew: 37567K->4159K(37568K), 0.0025090 secs] 671138K->639711K(758420K), 0.0025530 secs] [Times: user=0.02 sys=0.00, real=0.01 secs] 
94.048: Total time for which application threads were stopped: 0.0053100 seconds, Stopping threads took: 0.0026890 seconds
94.079: Application time: 0.0304290 seconds
94.081: [GC94.081: [ParNew: 37567K->4158K(37568K), 0.0029080 secs] 673119K->642591K(758420K), 0.0029530 secs] [Times: user=0.02 sys=0.00, real=0.00 secs] 
94.084: Total time for which application threads were stopped: 0.0049670 seconds, Stopping threads took: 0.0019480 seconds
94.118: Application time: 0.0339800 seconds
94.120: [GC94.120: [ParNew: 37566K->4158K(37568K), 0.0027980 secs] 675999K->645425K(758420K), 0.0028410 secs] [Times: user=0.02 sys=0.00, real=0.00 secs] 
94.122: Total time for which application threads were stopped: 0.0048580 seconds, Stopping threads took: 0.0019460 seconds
94.155: Application time: 0.0322560 seconds
94.157: [GC94.157: [ParNew: 37551K->4158K(37568K), 0.0027990 secs] 678817K->648213K(758420K), 0.0028430 secs] [Times: user=0.02 sys=0.00, real=0.00 secs] 
94.159: Total time for which application threads were stopped: 0.0047640 seconds, Stopping threads took: 0.0018550 seconds
94.191: Application time: 0.0314480 seconds
94.193: [GC94.193: [ParNew: 37566K->4159K(37568K), 0.0023440 secs] 681621K->649525K(758420K), 0.0023870 secs] [Times: user=0.02 sys=0.00, real=0.01 secs] 
94.196: Total time for which application threads were stopped: 0.0045820 seconds, Stopping threads took: 0.0021280 seconds
94.227: Application time: 0.0317680 seconds
94.231: [GC94.231: [ParNew: 37567K->4159K(37568K), 0.0027270 secs] 682933K->652108K(758420K), 0.0027780 secs] [Times: user=0.02 sys=0.00, real=0.00 secs] 
94.233: Total time for which application threads were stopped: 0.0060940 seconds, Stopping threads took: 0.0032490 seconds
94.265: Application time: 0.0313100 seconds
94.266: [GC94.266: [ParNew: 37565K->4159K(37568K), 0.0027220 secs] 685514K->654695K(758420K), 0.0027670 secs] [Times: user=0.02 sys=0.00, real=0.01 secs] 
94.269: Total time for which application threads were stopped: 0.0040500 seconds, Stopping threads took: 0.0012140 seconds
94.301: Application time: 0.0318320 seconds
94.303: [GC94.303: [ParNew: 37567K->4159K(37568K), 0.0027690 secs] 688103K->657045K(758420K), 0.0028220 secs] [Times: user=0.02 sys=0.00, real=0.00 secs] 
94.306: Total time for which application threads were stopped: 0.0054000 seconds, Stopping threads took: 0.0025120 seconds
94.337: Application time: 0.0313920 seconds
94.339: [GC94.339: [ParNew: 37567K->4159K(37568K), 0.0029380 secs] 690453K->660242K(758420K), 0.0029820 secs] [Times: user=0.02 sys=0.00, real=0.00 secs] 
94.342: Total time for which application threads were stopped: 0.0042630 seconds, Stopping threads took: 0.0012140 seconds
 CMS: abort preclean due to time 94.345: [CMS-concurrent-abortable-preclean: 0.664/5.027 secs] [Times: user=37.70 sys=0.20, real=5.02 secs] 
94.347: Application time: 0.0049920 seconds
94.350: [GC[YG occupancy: 10138 K (37568 K)]94.350: [Rescan (parallel) , 0.0003370 secs]94.350: [weak refs processing, 0.0000080 secs]94.350: [scrub string table, 0.0001150 secs] [1 CMS-remark: 656083K(720852K)] 666222K(758420K), 0.0004920 secs] [Times: user=0.00 sys=0.00, real=0.00 secs] 
94.350: Total time for which application threads were stopped: 0.0036230 seconds, Stopping threads took: 0.0030880 seconds
94.350: [CMS-concurrent-sweep-start]
94.375: Application time: 0.0251420 seconds
94.378: [GC94.378: [ParNew: 37567K->4159K(37568K), 0.0028240 secs] 457166K->426993K(758420K), 0.0028690 secs] [Times: user=0.02 sys=0.00, real=0.00 secs] 
94.381: Total time for which application threads were stopped: 0.0055440 seconds, Stopping threads took: 0.0026110 seconds
94.392: [CMS-concurrent-sweep: 0.038/0.041 secs] [Times: user=0.31 sys=0.00, real=0.04 secs] 
94.392: [CMS-concurrent-reset-start]
94.394: [CMS-concurrent-reset: 0.003/0.003 secs] [Times: user=0.00 sys=0.00, real=0.00 secs] 
94.414: Application time: 0.0328430 seconds
94.416: [GC94.416: [ParNew: 37567K->4159K(37568K), 0.0027950 secs] 368997K->338655K(758420K), 0.0028390 secs] [Times: user=0.02 sys=0.00, real=0.00 secs] 
94.419: Total time for which application threads were stopped: 0.0048140 seconds, Stopping threads took: 0.0019000 seconds
94.419: Application time: 0.0000960 seconds
94.422: [GC [1 CMS-initial-mark: 334495K(720852K)] 339153K(758420K), 0.0001930 secs] [Times: user=0.00 sys=0.00, real=0.00 secs] 
94.422: Total time for which application threads were stopped: 0.0036760 seconds, Stopping threads took: 0.0034620 seconds
94.422: [CMS-concurrent-mark-start]
94.429: [CMS-concurrent-mark: 0.007/0.007 secs] [Times: user=0.04 sys=0.00, real=0.01 secs] 
94.429: [CMS-concurrent-preclean-start]
94.430: [CMS-concurrent-preclean: 0.001/0.001 secs] [Times: user=0.00 sys=0.00, real=0.00 secs] 
94.430: [CMS-concurrent-abortable-preclean-start]
94.454: Application time: 0.0313350 seconds
94.456: [GC94.456: [ParNew: 37567K->4159K(37568K), 0.0024640 secs] 372063K->340416K(758420K), 0.0025070 secs] [Times: user=0.01 sys=0.00, real=0.00 secs] 
94.458: Total time for which application threads were stopped: 0.0044120 seconds, Stopping threads took: 0.0018420 seconds
94.489: Application time: 0.0307320 seconds
94.490: [GC94.491: [ParNew: 37567K->4158K(37568K), 0.0023730 secs] 373824K->341930K(758420K), 0.0024150 secs] [Times: user=0.02 sys=0.00, real=0.00 secs] 
94.493: Total time for which application threads were stopped: 0.0040540 seconds, Stopping threads took: 0.0015710 seconds
94.523: Application time: 0.0299210 seconds
94.526: [GC94.526: [ParNew: 37566K->4158K(37568K), 0.0023410 secs] 375338K->343407K(758420K), 0.0023870 secs] [Times: user=0.01 sys=0.00, real=0.01 secs] 
94.528: Total time for which application threads were stopped: 0.0052180 seconds, Stopping threads took: 0.0027640 seconds
94.560: Application time: 0.0314330 seconds
94.562: [GC94.562: [ParNew: 37566K->4158K(37568K), 0.0025530 secs] 376815K->345738K(758420K), 0.0025950 secs] [Times: user=0.02 sys=0.00, real=0.00 secs] 
94.564: Total time for which application threads were stopped: 0.0046380 seconds, Stopping threads took: 0.0019760 seconds
94.595: Application time: 0.0312160 seconds
94.598: [GC94.598: [ParNew: 37566K->4158K(37568K), 0.0025210 secs] 379146K->347927K(758420K), 0.0025740 secs] [Times: user=0.01 sys=0.00, real=0.00 secs] 
94.601: Total time for which application threads were stopped: 0.0055920 seconds, Stopping threads took: 0.0029490 seconds
94.632: Application time: 0.0312210 seconds
94.635: [GC94.636: [ParNew: 37566K->4158K(37568K), 0.0025080 secs] 381335K->350023K(758420K), 0.0025510 secs] [Times: user=0.02 sys=0.00, real=0.00 secs] 
94.638: Total time for which application threads were stopped: 0.0058870 seconds, Stopping threads took: 0.0032590 seconds
94.669: Application time: 0.0311460 seconds
94.673: [GC94.673: [ParNew: 37566K->4158K(37568K), 0.0023240 secs] 383431K->351521K(758420K), 0.0023680 secs] [Times: user=0.02 sys=0.00, real=0.01 secs] 
94.675: Total time for which application threads were stopped: 0.0058510 seconds, Stopping threads took: 0.0034180 seconds
94.706: Application time: 0.0313420 seconds
94.708: [GC94.708: [ParNew: 37566K->4158K(37568K), 0.0024940 secs] 384929K->353514K(758420K), 0.0025370 secs] [Times: user=0.02 sys=0.00, real=0.00 secs] 
94.711: Total time for which application threads were stopped: 0.0041080 seconds, Stopping threads took: 0.0015080 seconds
94.742: Application time: 0.0316460 seconds
94.743: [GC94.743: [ParNew: 37566K->4159K(37568K), 0.0021370 secs] 386922K->354267K(758420K), 0.0021790 secs] [Times: user=0.02 sys=0.00, real=0.00 secs] 
94.745: Total time for which application threads were stopped: 0.0028670 seconds, Stopping threads took: 0.0006220 seconds
94.776: Application time: 0.0306690 seconds
94.778: [GC94.778: [ParNew: 37567K->4158K(37568K), 0.0026080 secs] 387675K->356754K(758420K), 0.0026520 secs] [Times: user=0.01 sys=0.00, real=0.00 secs] 
94.781: Total time for which application threads were stopped: 0.0052850 seconds, Stopping threads took: 0.0025660 seconds
94.812: Application time: 0.0305650 seconds
94.813: [GC94.813: [ParNew: 37566K->4159K(37568K), 0.0025420 secs] 390162K->359063K(758420K), 0.0025880 secs] [Times: user=0.02 sys=0.00, real=0.01 secs] 
94.816: Total time for which application threads were stopped: 0.0045020 seconds, Stopping threads took: 0.0018450 seconds
94.848: Application time: 0.0318100 seconds
94.850: [GC94.850: [ParNew: 37567K->4158K(37568K), 0.0024680 secs] 392471K->360889K(758420K), 0.0025100 secs] [Times: user=0.02 sys=0.00, real=0.00 secs] 
94.853: Total time for which application threads were stopped: 0.0046240 seconds, Stopping threads took: 0.0020490 seconds
94.883: Application time: 0.0306920 seconds
94.885: [GC94.885: [ParNew: 37566K->4159K(37568K), 0.0029070 secs] 394297K->364099K(758420K), 0.0029490 secs] [Times: user=0.02 sys=0.00, real=0.01 secs] 
94.888: Total time for which application threads were stopped: 0.0051300 seconds, Stopping threads took: 0.0021150 seconds
94.920: Application time: 0.0311640 seconds
94.922: [GC94.922: [ParNew: 37566K->4159K(37568K), 0.0023840 secs] 397506K->365725K(758420K), 0.0024280 secs] [Times: user=0.01 sys=0.00, real=0.00 secs] 
94.924: Total time for which application threads were stopped: 0.0045630 seconds, Stopping threads took: 0.0020690 seconds
94.956: Application time: 0.0319460 seconds
94.957: [GC94.957: [ParNew: 37567K->4159K(37568K), 0.0024810 secs] 399133K->367743K(758420K), 0.0025260 secs] [Times: user=0.02 sys=0.00, real=0.00 secs] 
94.959: Total time for which application threads were stopped: 0.0033190 seconds, Stopping threads took: 0.0007320 seconds
94.991: Application time: 0.0315060 seconds
94.994: [GC94.994: [ParNew: 37565K->4159K(37568K), 0.0027860 secs] 401150K->370641K(758420K), 0.0028300 secs] [Times: user=0.02 sys=0.00, real=0.01 secs] 
94.996: Total time for which application threads were stopped: 0.0055690 seconds, Stopping threads took: 0.0026710 seconds
95.027: Application time: 0.0309160 seconds
95.029: [GC95.029: [ParNew: 37567K->4159K(37568K), 0.0026670 secs] 404049K->373325K(758420K), 0.0027090 secs] [Times: user=0.01 sys=0.00, real=0.00 secs] 
95.031: Total time for which application threads were stopped: 0.0039640 seconds, Stopping threads took: 0.0011790 seconds
95.062: Application time: 0.0311590 seconds
95.065: [GC95.065: [ParNew: 37567K->4158K(37568K), 0.0028110 secs] 406733K->376284K(758420K), 0.0028590 secs] [Times: user=0.02 sys=0.00, real=0.01 secs] 
95.068: Total time for which application threads were stopped: 0.0058960 seconds, Stopping threads took: 0.0029690 seconds
95.099: Application time: 0.0305500 seconds
95.101: [GC95.101: [ParNew: 37566K->4159K(37568K), 0.0029340 secs] 409692K->379698K(758420K), 0.0029820 secs] [Times: user=0.02 sys=0.00, real=0.00 secs] 
95.104: Total time for which application threads were stopped: 0.0055480 seconds, Stopping threads took: 0.0024980 seconds
95.135: Application time: 0.0307670 seconds
95.137: [GC95.137: [ParNew: 37567K->4159K(37568K), 0.0025700 secs] 413106K->381925K(758420K), 0.0026170 secs] [Times: user=0.02 sys=0.00, real=0.00 secs] 
95.140: Total time for which application threads were stopped: 0.0048420 seconds, Stopping threads took: 0.0021510 seconds
95.172: Application time: 0.0316970 seconds
95.174: [GC95.174: [ParNew: 37567K->4159K(37568K), 0.0022350 secs] 415333K->383057K(758420K), 0.0022780 secs] [Times: user=0.01 sys=0.00, real=0.01 secs] 
95.176: Total time for which application threads were stopped: 0.0044930 seconds, Stopping threads took: 0.0021480 seconds
95.207: Application time: 0.0308750 seconds
95.210: [GC95.210: [ParNew: 37567K->4159K(37568K), 0.0028040 secs] 416465K->386058K(758420K), 0.0028490 secs] [Times: user=0.02 sys=0.00, real=0.00 secs] 
95.213: Total time for which application threads were stopped: 0.0053810 seconds, Stopping threads took: 0.0024680 seconds
95.244: Application time: 0.0314510 seconds
95.245: [GC95.245: [ParNew: 37567K->4158K(37568K), 0.0023370 secs] 419466K->387461K(758420K), 0.0023810 secs] [Times: user=0.02 sys=0.00, real=0.01 secs] 
95.248: Total time for which application threads were stopped: 0.0038160 seconds, Stopping threads took: 0.0013670 seconds
95.279: Application time: 0.0311090 seconds
95.282: [GC95.282: [ParNew: 37566K->4158K(37568K), 0.0027360 secs] 420869K->390208K(758420K), 0.0027820 secs] [Times: user=0.01 sys=0.00, real=0.00 secs] 
95.285: Total time for which application threads were stopped: 0.0056740 seconds, Stopping threads took: 0.0028260 seconds
95.317: Application time: 0.0320550 seconds
95.318: [GC95.318: [ParNew: 37566K->4158K(37568K), 0.0024690 secs] 423616K->391863K(758420K), 0.0025160 secs] [Times: user=0.02 sys=0.00, real=0.00 secs] 
95.320: Total time for which application threads were stopped: 0.0036390 seconds, Stopping threads took: 0.0010530 seconds
95.352: Application time: 0.0315960 seconds
95.354: [GC95.354: [ParNew: 37566K->4158K(37568K), 0.0020720 secs] 425271K->392484K(758420K), 0.0021150 secs] [Times: user=0.02 sys=0.00, real=0.01 secs] 
95.356: Total time for which application threads were stopped: 0.0040760 seconds, Stopping threads took: 0.0018950 seconds
95.388: Application time: 0.0322700 seconds
95.391: [GC95.391: [ParNew: 37566K->4159K(37568K), 0.0024910 secs] 425892K->394511K(758420K), 0.0025370 secs] [Times: user=0.02 sys=0.00, real=0.00 secs] 
95.394: Total time for which application threads were stopped: 0.0054300 seconds, Stopping threads took: 0.0028140 seconds
95.424: Application time: 0.0307290 seconds
95.427: [GC95.427: [ParNew: 37567K->4158K(37568K), 0.0025600 secs] 427919K->396407K(758420K), 0.0026040 secs] [Times: user=0.02 sys=0.00, real=0.00 secs] 
95.429: Total time for which application threads were stopped: 0.0049100 seconds, Stopping threads took: 0.0022380 seconds
95.461: Application time: 0.0315280 seconds
95.463: [GC95.463: [ParNew: 37566K->4159K(37568K), 0.0025500 secs] 429815K->398696K(758420K), 0.0025920 secs] [Times: user=0.01 sys=0.00, real=0.00 secs] 
95.466: Total time for which application threads were stopped: 0.0047460 seconds, Stopping threads took: 0.0020890 seconds
95.497: Application time: 0.0310250 seconds
95.498: [GC95.498: [ParNew: 37567K->4159K(37568K), 0.0023930 secs] 432104K->400320K(758420K), 0.0024510 secs] [Times: user=0.02 sys=0.00, real=0.00 secs] 
95.501: Total time for which application threads were stopped: 0.0039880 seconds, Stopping threads took: 0.0014680 seconds
95.532: Application time: 0.0310550 seconds
95.533: [GC95.533: [ParNew: 37567K->4159K(37568K), 0.0027620 secs] 433728K->403231K(758420K), 0.0028070 secs] [Times: user=0.02 sys=0.00, real=0.01 secs] 
95.536: Total time for which application threads were stopped: 0.0043980 seconds, Stopping threads took: 0.0015250 seconds
95.566: Application time: 0.0295800 seconds
95.568: [GC95.568: [ParNew: 37567K->4158K(37568K), 0.0030410 secs] 436639K->407024K(758420K), 0.0030880 secs] [Times: user=0.02 sys=0.00, real=0.00 secs] 
95.571: Total time for which application threads were stopped: 0.0057240 seconds, Stopping threads took: 0.0025680 seconds
95.605: Application time: 0.0337870 seconds
95.607: [GC95.607: [ParNew: 37566K->4158K(37568K), 0.0029680 secs] 440432K->410465K(758420K), 0.0030110 secs] [Times: user=0.02 sys=0.00, real=0.00 secs] 
95.610: Total time for which application threads were stopped: 0.0046830 seconds, Stopping threads took: 0.0016040 seconds
95.641: Application time: 0.0311390 seconds
95.644: [GC95.644: [ParNew: 37566K->4159K(37568K), 0.0026140 secs] 443873K->412815K(758420K), 0.0026590 secs] [Times: user=0.02 sys=0.00, real=0.01 secs] 
95.647: Total time for which application threads were stopped: 0.0057430 seconds, Stopping threads took: 0.0030080 seconds
95.681: Application time: 0.0345130 seconds
95.684: [GC95.684: [ParNew: 37566K->4158K(37568K), 0.0030330 secs] 446222K->416163K(758420K), 0.0030800 secs] [Times: user=0.02 sys=0.00, real=0.01 secs] 
95.687: Total time for which application threads were stopped: 0.0054840 seconds, Stopping threads took: 0.0023280 seconds
95.718: Application time: 0.0316540 seconds
95.721: [GC95.721: [ParNew: 37566K->4158K(37568K), 0.0028570 secs] 449571K->419390K(758420K), 0.0029020 secs] [Times: user=0.01 sys=0.01, real=0.00 secs] 
95.723: Total time for which application threads were stopped: 0.0050940 seconds, Stopping threads took: 0.0021240 seconds
95.755: Application time: 0.0317370 seconds
95.758: [GC95.758: [ParNew: 37566K->4158K(37568K), 0.0028120 secs] 452798K->422567K(758420K), 0.0028580 secs] [Times: user=0.02 sys=0.00, real=0.00 secs] 
95.761: Total time for which application threads were stopped: 0.0055450 seconds, Stopping threads took: 0.0026280 seconds
95.793: Application time: 0.0320730 seconds
95.795: [GC95.795: [ParNew: 37566K->4159K(37568K), 0.0026270 secs] 455975K->424624K(758420K), 0.0026740 secs] [Times: user=0.02 sys=0.00, real=0.00 secs] 
95.798: Total time for which application threads were stopped: 0.0052690 seconds, Stopping threads took: 0.0025080 seconds
95.831: Application time: 0.0324420 seconds
95.832: [GC95.832: [ParNew: 37567K->4159K(37568K), 0.0028700 secs] 458032K->427623K(758420K), 0.0029160 secs] [Times: user=0.02 sys=0.00, real=0.01 secs] 
95.835: Total time for which application threads were stopped: 0.0042130 seconds, Stopping threads took: 0.0012200 seconds
95.867: Application time: 0.0317570 seconds
95.869: [GC95.869: [ParNew: 37567K->4159K(37568K), 0.0023620 secs] 461031K->429381K(758420K), 0.0024070 secs] [Times: user=0.02 sys=0.00, real=0.00 secs] 
95.871: Total time for which application threads were stopped: 0.0048890 seconds, Stopping threads took: 0.0024150 seconds
95.902: Application time: 0.0306620 seconds
95.904: [GC95.904: [ParNew: 37567K->4158K(37568K), 0.0024320 secs] 462789K->431032K(758420K), 0.0024780 secs] [Times: user=0.01 sys=0.00, real=0.00 secs] 
95.906: Total time for which application threads were stopped: 0.0039420 seconds, Stopping threads took: 0.0013730 seconds
95.938: Application time: 0.0320130 seconds
95.940: [GC95.940: [ParNew: 37566K->4158K(37568K), 0.0020630 secs] 464440K->431504K(758420K), 0.0021090 secs] [Times: user=0.02 sys=0.00, real=0.00 secs] 
95.942: Total time for which application threads were stopped: 0.0041370 seconds, Stopping threads took: 0.0019610 seconds
95.974: Application time: 0.0321540 seconds
95.977: [GC95.977: [ParNew: 37566K->4159K(37568K), 0.0023220 secs] 464912K->432748K(758420K), 0.0023750 secs] [Times: user=0.01 sys=0.00, real=0.00 secs] 
95.980: Total time for which application threads were stopped: 0.0054820 seconds, Stopping threads took: 0.0030200 seconds
96.011: Application time: 0.0312070 seconds
96.013: [GC96.013: [ParNew: 37566K->4158K(37568K), 0.0024230 secs] 466155K->434324K(758420K), 0.0024680 secs] [Times: user=0.01 sys=0.00, real=0.01 secs] 
96.015: Total time for which application threads were stopped: 0.0040940 seconds, Stopping threads took: 0.0015600 seconds
96.048: Application time: 0.0324450 seconds
96.049: [GC96.049: [ParNew: 37565K->4158K(37568K), 0.0021710 secs] 467731K->435353K(758420K), 0.0022170 secs] [Times: user=0.02 sys=0.00, real=0.00 secs] 
96.051: Total time for which application threads were stopped: 0.0035080 seconds, Stopping threads took: 0.0012250 seconds
96.084: Application time: 0.0324110 seconds
96.086: [GC96.086: [ParNew: 37566K->4159K(37568K), 0.0027980 secs] 468761K->438359K(758420K), 0.0028460 secs] [Times: user=0.02 sys=0.00, real=0.01 secs] 
96.089: Total time for which application threads were stopped: 0.0050250 seconds, Stopping threads took: 0.0021100 seconds
96.120: Application time: 0.0310920 seconds
96.121: [GC96.121: [ParNew: 37567K->4159K(37568K), 0.0021350 secs] 471767K->439243K(758420K), 0.0021780 secs] [Times: user=0.01 sys=0.00, real=0.00 secs] 
96.123: Total time for which application threads were stopped: 0.0031110 seconds, Stopping threads took: 0.0008670 seconds
96.154: Application time: 0.0310830 seconds
96.156: [GC96.156: [ParNew: 37567K->4159K(37568K), 0.0027230 secs] 472651K->441911K(758420K), 0.0027670 secs] [Times: user=0.02 sys=0.00, real=0.00 secs] 
96.159: Total time for which application threads were stopped: 0.0046920 seconds, Stopping threads took: 0.0018500 seconds
96.190: Application time: 0.0316390 seconds
96.193: [GC96.193: [ParNew: 37567K->4158K(37568K), 0.0023530 secs] 475319K->443537K(758420K), 0.0023960 secs] [Times: user=0.02 sys=0.00, real=0.01 secs] 
96.195: Total time for which application threads were stopped: 0.0048960 seconds, Stopping threads took: 0.0024340 seconds
96.226: Application time: 0.0313190 seconds
96.229: [GC96.229: [ParNew: 37566K->4159K(37568K), 0.0026500 secs] 476945K->445949K(758420K), 0.0026970 secs] [Times: user=0.02 sys=0.00, real=0.00 secs] 
96.232: Total time for which application threads were stopped: 0.0057790 seconds, Stopping threads took: 0.0030140 seconds
96.262: Application time: 0.0300000 seconds
96.264: [GC96.264: [ParNew: 37567K->4159K(37568K), 0.0028600 secs] 479357K->449192K(758420K), 0.0029040 secs] [Times: user=0.03 sys=0.00, real=0.01 secs] 
96.267: Total time for which application threads were stopped: 0.0047140 seconds, Stopping threads took: 0.0017420 seconds
96.301: Application time: 0.0339110 seconds
96.303: [GC96.303: [ParNew: 37567K->4158K(37568K), 0.0028550 secs] 482600K->452274K(758420K), 0.0029000 secs] [Times: user=0.02 sys=0.00, real=0.00 secs] 
96.306: Total time for which application threads were stopped: 0.0051870 seconds, Stopping threads took: 0.0022190 seconds
96.337: Application time: 0.0314410 seconds
96.339: [GC96.339: [ParNew: 37566K->4159K(37568K), 0.0028290 secs] 485682K->455232K(758420K), 0.0028750 secs] [Times: user=0.02 sys=0.00, real=0.00 secs] 
96.342: Total time for which application threads were stopped: 0.0047240 seconds, Stopping threads took: 0.0017820 seconds
96.373: Application time: 0.0308280 seconds
96.375: [GC96.375: [ParNew: 37567K->4158K(37568K), 0.0026060 secs] 488640K->457506K(758420K), 0.0026480 secs] [Times: user=0.02 sys=0.00, real=0.00 secs] 
96.378: Total time for which application threads were stopped: 0.0049830 seconds, Stopping threads took: 0.0022680 seconds
96.410: Application time: 0.0316430 seconds
96.411: [GC96.411: [ParNew: 37566K->4158K(37568K), 0.0021670 secs] 490914K->458178K(758420K), 0.0022100 secs] [Times: user=0.02 sys=0.00, real=0.00 secs] 
96.414: Total time for which application threads were stopped: 0.0039730 seconds, Stopping threads took: 0.0016780 seconds
96.446: Application time: 0.0320710 seconds
96.447: [GC96.447: [ParNew: 37566K->4158K(37568K), 0.0020830 secs] 491586K->458742K(758420K), 0.0021370 secs] [Times: user=0.01 sys=0.00, real=0.00 secs] 
96.449: Total time for which application threads were stopped: 0.0038190 seconds, Stopping threads took: 0.0016140 seconds
96.480: Application time: 0.0309070 seconds
96.483: [GC96.483: [ParNew: 37566K->4158K(37568K), 0.0026190 secs] 492150K->461237K(758420K), 0.0026640 secs] [Times: user=0.01 sys=0.00, real=0.00 secs] 
96.486: Total time for which application threads were stopped: 0.0057570 seconds, Stopping threads took: 0.0030260 seconds
96.518: Application time: 0.0315340 seconds
96.521: [GC96.521: [ParNew: 37566K->4159K(37568K), 0.0028530 secs] 494645K->464505K(758420K), 0.0028980 secs] [Times: user=0.02 sys=0.00, real=0.00 secs] 
96.523: Total time for which application threads were stopped: 0.0058140 seconds, Stopping threads took: 0.0028500 seconds
96.554: Application time: 0.0309400 seconds
96.556: [GC96.556: [ParNew: 37565K->4159K(37568K), 0.0028300 secs] 497911K->467632K(758420K), 0.0028780 secs] [Times: user=0.02 sys=0.00, real=0.00 secs] 
96.559: Total time for which application threads were stopped: 0.0049150 seconds, Stopping threads took: 0.0019690 seconds
96.591: Application time: 0.0315220 seconds
96.594: [GC96.594: [ParNew: 37567K->4159K(37568K), 0.0028170 secs] 501039K->470509K(758420K), 0.0028600 secs] [Times: user=0.02 sys=0.00, real=0.01 secs] 
96.596: Total time for which application threads were stopped: 0.0055090 seconds, Stopping threads took: 0.0025850 seconds
96.628: Application time: 0.0317020 seconds
96.629: [GC96.629: [ParNew: 37567K->4158K(37568K), 0.0027510 secs] 503917K->473375K(758420K), 0.0027940 secs] [Times: user=0.02 sys=0.00, real=0.00 secs] 
96.632: Total time for which application threads were stopped: 0.0041510 seconds, Stopping threads took: 0.0012910 seconds
96.663: Application time: 0.0311930 seconds
96.667: [GC96.667: [ParNew: 37566K->4158K(37568K), 0.0023880 secs] 506782K->475148K(758420K), 0.0024310 secs] [Times: user=0.02 sys=0.00, real=0.01 secs] 
96.669: Total time for which application threads were stopped: 0.0055500 seconds, Stopping threads took: 0.0030450 seconds
96.701: Application time: 0.0318700 seconds
96.703: [GC96.703: [ParNew: 37566K->4159K(37568K), 0.0023260 secs] 508556K->476719K(758420K), 0.0023680 secs] [Times: user=0.02 sys=0.00, real=0.00 secs] 
96.705: Total time for which application threads were stopped: 0.0046050 seconds, Stopping threads took: 0.0021710 seconds
96.738: Application time: 0.0321770 seconds
96.739: [GC96.739: [ParNew: 37566K->4159K(37568K), 0.0020410 secs] 510125K->477239K(758420K), 0.0020870 secs] [Times: user=0.01 sys=0.00, real=0.00 secs] 
96.741: Total time for which application threads were stopped: 0.0038230 seconds, Stopping threads took: 0.0016680 seconds
96.774: Application time: 0.0322600 seconds
96.776: [GC96.776: [ParNew: 37567K->4159K(37568K), 0.0021690 secs] 510647K->477747K(758420K), 0.0022120 secs] [Times: user=0.01 sys=0.00, real=0.00 secs] 
96.778: Total time for which application threads were stopped: 0.0042330 seconds, Stopping threads took: 0.0019320 seconds
96.809: Application time: 0.0314870 seconds
96.812: [GC96.812: [ParNew: 37565K->4159K(37568K), 0.0023470 secs] 511154K->479237K(758420K), 0.0023960 secs] [Times: user=0.01 sys=0.01, real=0.01 secs] 
96.815: Total time for which application threads were stopped: 0.0052760 seconds, Stopping threads took: 0.0028200 seconds
96.846: Application time: 0.0310070 seconds
96.848: [GC96.848: [ParNew: 37567K->4159K(37568K), 0.0025920 secs] 512645K->481641K(758420K), 0.0026360 secs] [Times: user=0.02 sys=0.00, real=0.00 secs] 
96.851: Total time for which application threads were stopped: 0.0047810 seconds, Stopping threads took: 0.0020790 seconds
96.882: Application time: 0.0319340 seconds
96.884: [GC96.884: [ParNew: 37567K->4159K(37568K), 0.0023560 secs] 515049K->483029K(758420K), 0.0024000 secs] [Times: user=0.02 sys=0.00, real=0.00 secs] 
96.886: Total time for which application threads were stopped: 0.0038060 seconds, Stopping threads took: 0.0013290 seconds
96.919: Application time: 0.0326370 seconds
96.922: [GC96.922: [ParNew: 37565K->4159K(37568K), 0.0026270 secs] 516436K->485242K(758420K), 0.0026710 secs] [Times: user=0.02 sys=0.00, real=0.00 secs] 
96.925: Total time for which application threads were stopped: 0.0056650 seconds, Stopping threads took: 0.0029270 seconds
96.956: Application time: 0.0314280 seconds
96.958: [GC96.958: [ParNew: 37567K->4158K(37568K), 0.0028390 secs] 518650K->488291K(758420K), 0.0028830 secs] [Times: user=0.02 sys=0.00, real=0.00 secs] 
96.961: Total time for which application threads were stopped: 0.0050350 seconds, Stopping threads took: 0.0020830 seconds
96.992: Application time: 0.0311980 seconds
96.994: [GC96.994: [ParNew: 37566K->4158K(37568K), 0.0024630 secs] 521699K->490193K(758420K), 0.0025080 secs] [Times: user=0.01 sys=0.00, real=0.01 secs] 
96.996: Total time for which application threads were stopped: 0.0041230 seconds, Stopping threads took: 0.0015470 seconds
97.028: Application time: 0.0317580 seconds
97.031: [GC97.031: [ParNew: 37566K->4158K(37568K), 0.0024010 secs] 523601K->491973K(758420K), 0.0024530 secs] [Times: user=0.02 sys=0.00, real=0.00 secs] 
97.033: Total time for which application threads were stopped: 0.0049170 seconds, Stopping threads took: 0.0023970 seconds
97.065: Application time: 0.0319400 seconds
97.067: [GC97.067: [ParNew: 37566K->4159K(37568K), 0.0022950 secs] 525381K->493219K(758420K), 0.0023360 secs] [Times: user=0.01 sys=0.00, real=0.00 secs] 
97.069: Total time for which application threads were stopped: 0.0042530 seconds, Stopping threads took: 0.0018520 seconds
97.100: Application time: 0.0307690 seconds
97.102: [GC97.102: [ParNew: 37567K->4159K(37568K), 0.0023960 secs] 526627K->494912K(758420K), 0.0024440 secs] [Times: user=0.02 sys=0.00, real=0.00 secs] 
97.104: Total time for which application threads were stopped: 0.0040120 seconds, Stopping threads took: 0.0015010 seconds
97.135: Application time: 0.0311470 seconds
97.137: [GC97.137: [ParNew: 37567K->4158K(37568K), 0.0023540 secs] 528320K->496462K(758420K), 0.0023960 secs] [Times: user=0.02 sys=0.00, real=0.00 secs] 
97.140: Total time for which application threads were stopped: 0.0046590 seconds, Stopping threads took: 0.0021960 seconds
97.172: Application time: 0.0317660 seconds
97.174: [GC97.174: [ParNew: 37566K->4159K(37568K), 0.0023780 secs] 529870K->497973K(758420K), 0.0024220 secs] [Times: user=0.02 sys=0.00, real=0.01 secs] 
97.177: Total time for which application threads were stopped: 0.0051080 seconds, Stopping threads took: 0.0026120 seconds
97.209: Application time: 0.0318680 seconds
97.210: [GC97.210: [ParNew: 37567K->4159K(37568K), 0.0021820 secs] 531381K->498938K(758420K), 0.0022240 secs] [Times: user=0.01 sys=0.00, real=0.00 secs] 
97.212: Total time for which application threads were stopped: 0.0032300 seconds, Stopping threads took: 0.0009400 seconds
97.243: Application time: 0.0307850 seconds
97.245: [GC97.245: [ParNew: 37567K->4158K(37568K), 0.0029050 secs] 532346K->502259K(758420K), 0.0029480 secs] [Times: user=0.02 sys=0.00, real=0.01 secs] 
97.248: Total time for which application threads were stopped: 0.0056580 seconds, Stopping threads took: 0.0026440 seconds
97.278: Application time: 0.0298970 seconds
97.280: [GC97.280: [ParNew: 37566K->4158K(37568K), 0.0023410 secs] 535667K->503909K(758420K), 0.0023820 secs] [Times: user=0.02 sys=0.00, real=0.00 secs] 
97.282: Total time for which application threads were stopped: 0.0041800 seconds, Stopping threads took: 0.0017340 seconds
97.312: Application time: 0.0300590 seconds
97.315: [GC97.315: [ParNew: 37566K->4159K(37568K), 0.0025270 secs] 537317K->506040K(758420K), 0.0025690 secs] [Times: user=0.01 sys=0.00, real=0.00 secs] 
97.317: Total time for which application threads were stopped: 0.0049890 seconds, Stopping threads took: 0.0023560 seconds
97.347: Application time: 0.0292230 seconds
97.348: [GC97.348: [ParNew: 37567K->4159K(37568K), 0.0023110 secs] 539448K->507497K(758420K), 0.0023530 secs] [Times: user=0.02 sys=0.00, real=0.00 secs] 
97.350: Total time for which application threads were stopped: 0.0038320 seconds, Stopping threads took: 0.0014150 seconds
97.380: Application time: 0.0297100 seconds
97.382: [GC97.382: [ParNew: 37567K->4159K(37568K), 0.0022780 secs] 540905K->508932K(758420K), 0.0023220 secs] [Times: user=0.01 sys=0.00, real=0.00 secs] 
97.384: Total time for which application threads were stopped: 0.0039550 seconds, Stopping threads took: 0.0015690 seconds
97.414: Application time: 0.0302030 seconds
97.417: [GC97.417: [ParNew: 37567K->4090K(37568K), 0.0017830 secs] 542340K->508863K(758420K), 0.0018260 secs] [Times: user=0.01 sys=0.00, real=0.00 secs] 
97.419: Total time for which application threads were stopped: 0.0043560 seconds, Stopping threads took: 0.0024660 seconds
97.448: Application time: 0.0294770 seconds
97.450: [GC97.450: [ParNew: 37498K->4158K(37568K), 0.0020920 secs] 542271K->509583K(758420K), 0.0021360 secs] [Times: user=0.02 sys=0.00, real=0.00 secs] 
97.452: Total time for which application threads were stopped: 0.0037080 seconds, Stopping threads took: 0.0015080 seconds
97.482: Application time: 0.0301400 seconds
97.483: [GC97.483: [ParNew: 37566K->3738K(37568K), 0.0017330 secs] 542991K->509192K(758420K), 0.0017750 secs] [Times: user=0.01 sys=0.00, real=0.00 secs] 
97.485: Total time for which application threads were stopped: 0.0028810 seconds, Stopping threads took: 0.0010440 seconds
97.514: Application time: 0.0291450 seconds
97.516: [GC97.516: [ParNew: 37146K->4158K(37568K), 0.0024410 secs] 542600K->511624K(758420K), 0.0024830 secs] [Times: user=0.02 sys=0.00, real=0.00 secs] 
97.518: Total time for which application threads were stopped: 0.0042720 seconds, Stopping threads took: 0.0017230 seconds
97.548: Application time: 0.0297940 seconds
97.550: [GC97.550: [ParNew: 37566K->4090K(37568K), 0.0018040 secs] 545032K->511557K(758420K), 0.0018460 secs] [Times: user=0.02 sys=0.00, real=0.00 secs] 
97.552: Total time for which application threads were stopped: 0.0033870 seconds, Stopping threads took: 0.0014780 seconds
97.580: Application time: 0.0289520 seconds
97.583: [GC97.583: [ParNew: 37498K->4158K(37568K), 0.0025750 secs] 544965K->513893K(758420K), 0.0026190 secs] [Times: user=0.01 sys=0.00, real=0.00 secs] 
97.585: Total time for which application threads were stopped: 0.0047360 seconds, Stopping threads took: 0.0020510 seconds
97.614: Application time: 0.0286920 seconds
97.617: [GC97.617: [ParNew: 37566K->4159K(37568K), 0.0028560 secs] 547301K->517074K(758420K), 0.0029000 secs] [Times: user=0.02 sys=0.00, real=0.00 secs] 
97.619: Total time for which application threads were stopped: 0.0055200 seconds, Stopping threads took: 0.0025560 seconds
97.649: Application time: 0.0298290 seconds
97.652: [GC97.652: [ParNew: 37567K->4159K(37568K), 0.0024080 secs] 550482K->519031K(758420K), 0.0024590 secs] [Times: user=0.01 sys=0.01, real=0.01 secs] 
97.655: Total time for which application threads were stopped: 0.0053810 seconds, Stopping threads took: 0.0028590 seconds
97.684: Application time: 0.0295260 seconds
97.686: [GC97.686: [ParNew: 37567K->4158K(37568K), 0.0023320 secs] 552439K->520766K(758420K), 0.0023710 secs] [Times: user=0.02 sys=0.00, real=0.01 secs] 
97.688: Total time for which application threads were stopped: 0.0042550 seconds, Stopping threads took: 0.0018080 seconds
97.718: Application time: 0.0291680 seconds
97.719: [GC97.719: [ParNew: 37566K->4158K(37568K), 0.0025080 secs] 554174K->522765K(758420K), 0.0025520 secs] [Times: user=0.01 sys=0.00, real=0.00 secs] 
97.721: Total time for which application threads were stopped: 0.0037180 seconds, Stopping threads took: 0.0011030 seconds
97.751: Application time: 0.0300090 seconds
97.753: [GC97.753: [ParNew: 37566K->4159K(37568K), 0.0029180 secs] 556173K->526164K(758420K), 0.0029620 secs] [Times: user=0.02 sys=0.00, real=0.01 secs] 
97.756: Total time for which application threads were stopped: 0.0050540 seconds, Stopping threads took: 0.0020260 seconds
97.785: Application time: 0.0284330 seconds
97.786: [GC97.786: [ParNew: 37567K->4159K(37568K), 0.0028970 secs] 559572K->529382K(758420K), 0.0029510 secs] [Times: user=0.02 sys=0.00, real=0.01 secs] 
97.789: Total time for which application threads were stopped: 0.0046230 seconds, Stopping threads took: 0.0016050 seconds
97.820: Application time: 0.0308700 seconds
97.822: [GC97.822: [ParNew: 37567K->4159K(37568K), 0.0028230 secs] 562790K->532492K(758420K), 0.0028670 secs] [Times: user=0.02 sys=0.00, real=0.00 secs] 
97.825: Total time for which application threads were stopped: 0.0047290 seconds, Stopping threads took: 0.0017960 seconds
97.854: Application time: 0.0290700 seconds
97.856: [GC97.857: [ParNew: 37567K->4158K(37568K), 0.0025840 secs] 565900K->534552K(758420K), 0.0026280 secs] [Times: user=0.02 sys=0.00, real=0.00 secs] 
97.859: Total time for which application threads were stopped: 0.0050310 seconds, Stopping threads took: 0.0023410 seconds
97.889: Application time: 0.0296530 seconds
97.891: [GC97.891: [ParNew: 37566K->4159K(37568K), 0.0021210 secs] 567960K->535546K(758420K), 0.0021650 secs] [Times: user=0.01 sys=0.00, real=0.00 secs] 
97.893: Total time for which application threads were stopped: 0.0045790 seconds, Stopping threads took: 0.0023510 seconds
97.922: Application time: 0.0289700 seconds
97.924: [GC97.924: [ParNew: 37567K->4159K(37568K), 0.0021170 secs] 568954K->536571K(758420K), 0.0021580 secs] [Times: user=0.01 sys=0.00, real=0.00 secs] 
97.926: Total time for which application threads were stopped: 0.0033250 seconds, Stopping threads took: 0.0011030 seconds
97.955: Application time: 0.0297800 seconds
97.957: [GC97.957: [ParNew: 37567K->4159K(37568K), 0.0021660 secs] 569979K->537550K(758420K), 0.0022090 secs] [Times: user=0.02 sys=0.00, real=0.00 secs] 
97.959: Total time for which application threads were stopped: 0.0037220 seconds, Stopping threads took: 0.0014480 seconds
97.989: Application time: 0.0299280 seconds
97.992: [GC97.992: [ParNew: 37566K->4158K(37568K), 0.0024500 secs] 570957K->539492K(758420K), 0.0024940 secs] [Times: user=0.02 sys=0.00, real=0.00 secs] 
97.994: Total time for which application threads were stopped: 0.0051810 seconds, Stopping threads took: 0.0026220 seconds
98.024: Application time: 0.0293060 seconds
98.026: [GC98.026: [ParNew: 37566K->4158K(37568K), 0.0024430 secs] 572900K->541386K(758420K), 0.0024860 secs] [Times: user=0.02 sys=0.00, real=0.01 secs] 
98.029: Total time for which application threads were stopped: 0.0049760 seconds, Stopping threads took: 0.0024260 seconds
98.058: Application time: 0.0292030 seconds
98.059: [GC98.059: [ParNew: 37566K->4159K(37568K), 0.0023680 secs] 574794K->543112K(758420K), 0.0024120 secs] [Times: user=0.02 sys=0.00, real=0.00 secs] 
98.062: Total time for which application threads were stopped: 0.0037740 seconds, Stopping threads took: 0.0012940 seconds
98.090: Application time: 0.0285730 seconds
98.092: [GC98.092: [ParNew: 37567K->4159K(37568K), 0.0027310 secs] 576520K->545830K(758420K), 0.0027760 secs] [Times: user=0.02 sys=0.00, real=0.01 secs] 
98.095: Total time for which application threads were stopped: 0.0047000 seconds, Stopping threads took: 0.0018580 seconds
98.125: Application time: 0.0297600 seconds
98.127: [GC98.127: [ParNew: 37567K->4159K(37568K), 0.0020410 secs] 579238K->546550K(758420K), 0.0020840 secs] [Times: user=0.02 sys=0.00, real=0.00 secs] 
98.129: Total time for which application threads were stopped: 0.0043110 seconds, Stopping threads took: 0.0021620 seconds
98.159: Application time: 0.0300970 seconds
98.161: [GC98.161: [ParNew: 37567K->4158K(37568K), 0.0023940 secs] 579958K->548345K(758420K), 0.0024350 secs] [Times: user=0.02 sys=0.01, real=0.00 secs] 
98.163: Total time for which application threads were stopped: 0.0041740 seconds, Stopping threads took: 0.0016760 seconds
98.194: Application time: 0.0303540 seconds
98.196: [GC98.196: [ParNew: 37566K->4159K(37568K), 0.0021140 secs] 581753K->549122K(758420K), 0.0021640 secs] [Times: user=0.02 sys=0.00, real=0.00 secs] 
98.199: Total time for which application threads were stopped: 0.0050900 seconds, Stopping threads took: 0.0028490 seconds
98.228: Application time: 0.0291370 seconds
98.230: [GC98.230: [ParNew: 37567K->4158K(37568K), 0.0023200 secs] 582530K->550350K(758420K), 0.0023700 secs] [Times: user=0.02 sys=0.00, real=0.00 secs] 
98.232: Total time for which application threads were stopped: 0.0042710 seconds, Stopping threads took: 0.0018380 seconds
98.262: Application time: 0.0296370 seconds
98.264: [GC98.264: [ParNew: 37566K->4158K(37568K), 0.0024870 secs] 583758K->552337K(758420K), 0.0025290 secs] [Times: user=0.02 sys=0.00, real=0.00 secs] 
98.266: Total time for which application threads were stopped: 0.0044570 seconds, Stopping threads took: 0.0018690 seconds
98.296: Application time: 0.0297280 seconds
98.297: [GC98.297: [ParNew: 37566K->4158K(37568K), 0.0026980 secs] 585745K->554682K(758420K), 0.0027400 secs] [Times: user=0.02 sys=0.00, real=0.00 secs] 
98.300: Total time for which application threads were stopped: 0.0036600 seconds, Stopping threads took: 0.0008540 seconds
98.329: Application time: 0.0297340 seconds
98.332: [GC98.332: [ParNew: 37566K->4158K(37568K), 0.0025470 secs] 588090K->556877K(758420K), 0.0025900 secs] [Times: user=0.02 sys=0.00, real=0.00 secs] 
98.334: Total time for which application threads were stopped: 0.0048810 seconds, Stopping threads took: 0.0022270 seconds
98.364: Application time: 0.0296880 seconds
98.367: [GC98.367: [ParNew: 37566K->4159K(37568K), 0.0028540 secs] 590285K->559979K(758420K), 0.0028940 secs] [Times: user=0.02 sys=0.00, real=0.00 secs] 
98.370: Total time for which application threads were stopped: 0.0059060 seconds, Stopping threads took: 0.0029510 seconds
98.398: Application time: 0.0285110 seconds
98.400: [GC98.400: [ParNew: 37567K->4158K(37568K), 0.0027700 secs] 593387K->562833K(758420K), 0.0028140 secs] [Times: user=0.02 sys=0.00, real=0.00 secs] 
98.403: Total time for which application threads were stopped: 0.0050340 seconds, Stopping threads took: 0.0021550 seconds
98.433: Application time: 0.0297900 seconds
98.436: [GC98.436: [ParNew: 37566K->4159K(37568K), 0.0025020 secs] 596241K->564699K(758420K), 0.0025420 secs] [Times: user=0.02 sys=0.00, real=0.00 secs] 
98.438: Total time for which application threads were stopped: 0.0050150 seconds, Stopping threads took: 0.0023870 seconds
98.467: Application time: 0.0289210 seconds
98.469: [GC98.469: [ParNew: 37567K->4159K(37568K), 0.0027400 secs] 598107K->567369K(758420K), 0.0027880 secs] [Times: user=0.02 sys=0.00, real=0.00 secs] 
98.472: Total time for which application threads were stopped: 0.0049830 seconds, Stopping threads took: 0.0021290 seconds
98.502: Application time: 0.0298770 seconds
98.504: [GC98.504: [ParNew: 37567K->4159K(37568K), 0.0025670 secs] 600777K->569373K(758420K), 0.0026110 secs] [Times: user=0.02 sys=0.00, real=0.00 secs] 
98.506: Total time for which application threads were stopped: 0.0042960 seconds, Stopping threads took: 0.0016210 seconds
98.536: Application time: 0.0300590 seconds
98.539: [GC98.539: [ParNew: 37567K->4158K(37568K), 0.0022520 secs] 602781K->570252K(758420K), 0.0022960 secs] [Times: user=0.01 sys=0.00, real=0.00 secs] 
98.541: Total time for which application threads were stopped: 0.0048120 seconds, Stopping threads took: 0.0024500 seconds
98.571: Application time: 0.0294530 seconds
98.572: [GC98.572: [ParNew: 37566K->4159K(37568K), 0.0022950 secs] 603660K->571492K(758420K), 0.0023380 secs] [Times: user=0.02 sys=0.00, real=0.00 secs] 
98.574: Total time for which application threads were stopped: 0.0033300 seconds, Stopping threads took: 0.0009070 seconds
98.604: Application time: 0.0299220 seconds
98.605: [GC98.605: [ParNew: 37567K->4158K(37568K), 0.0020950 secs] 604900K->572108K(758420K), 0.0021390 secs] [Times: user=0.01 sys=0.00, real=0.01 secs] 
98.607: Total time for which application threads were stopped: 0.0035680 seconds, Stopping threads took: 0.0013670 seconds
98.637: Application time: 0.0293800 seconds
98.638: [GC98.638: [ParNew: 37566K->4158K(37568K), 0.0025140 secs] 605516K->574200K(758420K), 0.0025590 secs] [Times: user=0.02 sys=0.00, real=0.00 secs] 
98.641: Total time for which application threads were stopped: 0.0043010 seconds, Stopping threads took: 0.0016670 seconds
98.670: Application time: 0.0287610 seconds
98.672: [GC98.672: [ParNew: 37566K->4158K(37568K), 0.0026560 secs] 607608K->576780K(758420K), 0.0027000 secs] [Times: user=0.02 sys=0.00, real=0.01 secs] 
98.675: Total time for which application threads were stopped: 0.0049310 seconds, Stopping threads took: 0.0021650 seconds
98.703: Application time: 0.0286920 seconds
98.705: [GC98.705: [ParNew: 37565K->4158K(37568K), 0.0028390 secs] 610187K->579686K(758420K), 0.0028790 secs] [Times: user=0.02 sys=0.00, real=0.01 secs] 
98.708: Total time for which application threads were stopped: 0.0045120 seconds, Stopping threads took: 0.0015580 seconds
98.737: Application time: 0.0295410 seconds
98.740: [GC98.740: [ParNew: 37566K->4158K(37568K), 0.0030930 secs] 613094K->583433K(758420K), 0.0031400 secs] [Times: user=0.02 sys=0.00, real=0.00 secs] 
98.743: Total time for which application threads were stopped: 0.0055810 seconds, Stopping threads took: 0.0023760 seconds
98.773: Application time: 0.0299410 seconds
98.775: [GC98.775: [ParNew: 37565K->4159K(37568K), 0.0019640 secs] 616841K->583488K(758420K), 0.0020060 secs] [Times: user=0.02 sys=0.00, real=0.01 secs] 
98.777: Total time for which application threads were stopped: 0.0035730 seconds, Stopping threads took: 0.0014800 seconds
98.806: Application time: 0.0292520 seconds
98.808: [GC98.809: [ParNew: 37566K->4159K(37568K), 0.0026660 secs] 616895K->585965K(758420K), 0.0027130 secs] [Times: user=0.02 sys=0.00, real=0.00 secs] 
98.811: Total time for which application threads were stopped: 0.0053930 seconds, Stopping threads took: 0.0026150 seconds
98.840: Application time: 0.0292060 seconds
98.842: [GC98.842: [ParNew: 37567K->4158K(37568K), 0.0023180 secs] 619373K->587345K(758420K), 0.0023630 secs] [Times: user=0.01 sys=0.00, real=0.00 secs] 
98.844: Total time for which application threads were stopped: 0.0034790 seconds, Stopping threads took: 0.0010280 seconds
98.874: Application time: 0.0298890 seconds
98.876: [GC98.876: [ParNew: 37566K->4158K(37568K), 0.0026340 secs] 620753K->589653K(758420K), 0.0026800 secs] [Times: user=0.02 sys=0.00, real=0.00 secs] 
98.878: Total time for which application threads were stopped: 0.0044160 seconds, Stopping threads took: 0.0016690 seconds
98.908: Application time: 0.0296100 seconds
98.911: [GC98.911: [ParNew: 37565K->4158K(37568K), 0.0029450 secs] 623059K->592823K(758420K), 0.0029910 secs] [Times: user=0.02 sys=0.00, real=0.00 secs] 
98.914: Total time for which application threads were stopped: 0.0059730 seconds, Stopping threads took: 0.0029060 seconds
98.943: Application time: 0.0296690 seconds
98.946: [GC98.946: [ParNew: 37566K->4158K(37568K), 0.0021870 secs] 626231K->593863K(758420K), 0.0022310 secs] [Times: user=0.02 sys=0.00, real=0.01 secs] 
98.948: Total time for which application threads were stopped: 0.0044610 seconds, Stopping threads took: 0.0021660 seconds
98.977: Application time: 0.0288180 seconds
98.979: [GC98.979: [ParNew: 37566K->4159K(37568K), 0.0028340 secs] 627271K->596806K(758420K), 0.0028810 secs] [Times: user=0.03 sys=0.00, real=0.00 secs] 
98.982: Total time for which application threads were stopped: 0.0051360 seconds, Stopping threads took: 0.0021880 seconds
99.011: Application time: 0.0294560 seconds
99.012: [GC99.012: [ParNew: 37567K->4158K(37568K), 0.0030680 secs] 630214K->600514K(758420K), 0.0031120 secs] [Times: user=0.02 sys=0.00, real=0.01 secs] 
99.015: Total time for which application threads were stopped: 0.0040730 seconds, Stopping threads took: 0.0008970 seconds
99.045: Application time: 0.0291960 seconds
99.047: [GC99.047: [ParNew: 37566K->4159K(37568K), 0.0026810 secs] 633922K->603061K(758420K), 0.0027270 secs] [Times: user=0.02 sys=0.00, real=0.00 secs] 
99.049: Total time for which application threads were stopped: 0.0047210 seconds, Stopping threads took: 0.0019230 seconds
99.079: Application time: 0.0294070 seconds
99.082: [GC99.082: [ParNew: 37567K->4158K(37568K), 0.0022050 secs] 636469K->604091K(758420K), 0.0022550 secs] [Times: user=0.02 sys=0.00, real=0.00 secs] 
99.084: Total time for which application threads were stopped: 0.0051500 seconds, Stopping threads took: 0.0028300 seconds
99.113: Application time: 0.0293430 seconds
99.114: [GC99.114: [ParNew: 37566K->4158K(37568K), 0.0023510 secs] 637499K->605554K(758420K), 0.0023940 secs] [Times: user=0.02 sys=0.00, real=0.01 secs] 
99.117: Total time for which application threads were stopped: 0.0034180 seconds, Stopping threads took: 0.0009610 seconds
99.146: Application time: 0.0294000 seconds
99.148: [GC99.148: [ParNew: 37566K->4159K(37568K), 0.0023140 secs] 638962K->606924K(758420K), 0.0023590 secs] [Times: user=0.02 sys=0.00, real=0.00 secs] 
99.151: Total time for which application threads were stopped: 0.0044100 seconds, Stopping threads took: 0.0019850 seconds
99.181: Application time: 0.0303940 seconds
99.182: [GC99.182: [ParNew: 37567K->3910K(37568K), 0.0018130 secs] 640332K->606675K(758420K), 0.0018560 secs] [Times: user=0.01 sys=0.00, real=0.00 secs] 
99.184: Total time for which application threads were stopped: 0.0033780 seconds, Stopping threads took: 0.0014560 seconds
99.213: Application time: 0.0285480 seconds
99.215: [GC99.215: [ParNew: 37318K->4158K(37568K), 0.0030420 secs] 640083K->609966K(758420K), 0.0030830 secs] [Times: user=0.02 sys=0.00, real=0.00 secs] 
99.218: Total time for which application threads were stopped: 0.0051080 seconds, Stopping threads took: 0.0019290 seconds
99.248: Application time: 0.0296580 seconds
99.249: [GC99.249: [ParNew: 37566K->4158K(37568K), 0.0024530 secs] 643374K->610942K(758420K), 0.0024950 secs] [Times: user=0.02 sys=0.00, real=0.00 secs] 
99.252: Total time for which application threads were stopped: 0.0042450 seconds, Stopping threads took: 0.0016640 seconds
99.281: Application time: 0.0295120 seconds
99.284: [GC99.284: [ParNew: 37566K->4159K(37568K), 0.0024760 secs] 644350K->612304K(758420K), 0.0025180 secs] [Times: user=0.02 sys=0.00, real=0.00 secs] 
99.286: Total time for which application threads were stopped: 0.0049270 seconds, Stopping threads took: 0.0023330 seconds
99.316: Application time: 0.0298520 seconds
99.319: [GC99.319: [ParNew: 37567K->4159K(37568K), 0.0026810 secs] 645712K->614470K(758420K), 0.0027290 secs] [Times: user=0.01 sys=0.00, real=0.00 secs] 
99.322: Total time for which application threads were stopped: 0.0054030 seconds, Stopping threads took: 0.0026030 seconds
99.350: Application time: 0.0283840 seconds
99.353: [GC99.353: [ParNew: 37567K->4158K(37568K), 0.0026750 secs] 647878K->617094K(758420K), 0.0027190 secs] [Times: user=0.02 sys=0.00, real=0.01 secs] 
99.355: Total time for which application threads were stopped: 0.0053310 seconds, Stopping threads took: 0.0025460 seconds
99.384: Application time: 0.0288580 seconds
99.387: [GC99.387: [ParNew: 37566K->4159K(37568K), 0.0026780 secs] 650502K->619665K(758420K), 0.0027210 secs] [Times: user=0.02 sys=0.00, real=0.00 secs] 
99.389: Total time for which application threads were stopped: 0.0053430 seconds, Stopping threads took: 0.0025560 seconds
99.418: Application time: 0.0288220 seconds
99.420: [GC99.420: [ParNew: 37567K->4159K(37568K), 0.0029330 secs] 653073K->622574K(758420K), 0.0029740 secs] [Times: user=0.02 sys=0.00, real=0.00 secs] 
99.423: Total time for which application threads were stopped: 0.0050710 seconds, Stopping threads took: 0.0020130 seconds
99.453: Application time: 0.0291980 seconds
99.455: [GC99.455: [ParNew: 37567K->4159K(37568K), 0.0026870 secs] 655982K->624831K(758420K), 0.0027310 secs] [Times: user=0.02 sys=0.00, real=0.00 secs] 
99.458: Total time for which application threads were stopped: 0.0049620 seconds, Stopping threads took: 0.0021660 seconds
 CMS: abort preclean due to time 99.459: [CMS-concurrent-abortable-preclean: 0.662/5.029 secs] [Times: user=37.75 sys=0.23, real=5.03 secs] 
99.463: Application time: 0.0051270 seconds
99.465: [GC[YG occupancy: 9639 K (37568 K)]99.465: [Rescan (parallel) , 0.0004040 secs]99.465: [weak refs processing, 0.0000070 secs]99.465: [scrub string table, 0.0001060 secs] [1 CMS-remark: 620671K(720852K)] 630311K(758420K), 0.0005610 secs] [Times: user=0.00 sys=0.00, real=0.00 secs] 
99.466: Total time for which application threads were stopped: 0.0028870 seconds, Stopping threads took: 0.0022940 seconds
99.466: [CMS-concurrent-sweep-start]
99.491: Application time: 0.0256690 seconds
99.494: [GC99.494: [ParNew: 37567K->4158K(37568K), 0.0027880 secs] 404500K->374066K(758420K), 0.0028320 secs] [Times: user=0.02 sys=0.00, real=0.01 secs] 
99.497: Total time for which application threads were stopped: 0.0056050 seconds, Stopping threads took: 0.0027110 seconds
99.504: [CMS-concurrent-sweep: 0.034/0.038 secs] [Times: user=0.28 sys=0.00, real=0.04 secs] 
99.504: [CMS-concurrent-reset-start]
99.507: [CMS-concurrent-reset: 0.003/0.003 secs] [Times: user=0.03 sys=0.00, real=0.01 secs] 
99.529: Application time: 0.0318670 seconds
99.531: [GC99.531: [ParNew: 37566K->4158K(37568K), 0.0024390 secs] 332217K->300703K(758420K), 0.0024830 secs] [Times: user=0.02 sys=0.00, real=0.00 secs] 
99.533: Total time for which application threads were stopped: 0.0043750 seconds, Stopping threads took: 0.0018250 seconds
99.563: Application time: 0.0296070 seconds
99.563: [GC99.563: [ParNew: 37566K->4158K(37568K), 0.0023040 secs] 334111K->301844K(758420K), 0.0023470 secs] [Times: user=0.01 sys=0.00, real=0.00 secs] 
99.566: Total time for which application threads were stopped: 0.0028280 seconds, Stopping threads took: 0.0004150 seconds
99.596: Application time: 0.0303730 seconds
99.598: [GC99.598: [ParNew: 37565K->4158K(37568K), 0.0023380 secs] 335250K->303428K(758420K), 0.0023810 secs] [Times: user=0.02 sys=0.00, real=0.00 secs] 
99.601: Total time for which application threads were stopped: 0.0046510 seconds, Stopping threads took: 0.0022030 seconds
99.631: Application time: 0.0307680 seconds
99.633: [GC99.633: [ParNew: 37566K->4158K(37568K), 0.0019160 secs] 336836K->303560K(758420K), 0.0019590 secs] [Times: user=0.01 sys=0.00, real=0.01 secs] 
99.635: Total time for which application threads were stopped: 0.0033980 seconds, Stopping threads took: 0.0013740 seconds
99.666: Application time: 0.0309140 seconds
99.668: [GC99.668: [ParNew: 37566K->4159K(37568K), 0.0023580 secs] 336968K->305026K(758420K), 0.0024000 secs] [Times: user=0.02 sys=0.00, real=0.00 secs] 
99.671: Total time for which application threads were stopped: 0.0052140 seconds, Stopping threads took: 0.0027560 seconds
99.700: Application time: 0.0293260 seconds
99.702: [GC99.702: [ParNew: 37567K->4158K(37568K), 0.0025650 secs] 338434K->307398K(758420K), 0.0026100 secs] [Times: user=0.02 sys=0.00, real=0.00 secs] 
99.705: Total time for which application threads were stopped: 0.0044660 seconds, Stopping threads took: 0.0017890 seconds
99.734: Application time: 0.0297330 seconds
99.736: [GC99.736: [ParNew: 37566K->4159K(37568K), 0.0029240 secs] 340806K->310500K(758420K), 0.0029680 secs] [Times: user=0.02 sys=0.00, real=0.00 secs] 
99.739: Total time for which application threads were stopped: 0.0050080 seconds, Stopping threads took: 0.0019630 seconds
99.769: Application time: 0.0300460 seconds
99.770: [GC99.770: [ParNew: 37567K->4158K(37568K), 0.0022370 secs] 343908K->311571K(758420K), 0.0022800 secs] [Times: user=0.02 sys=0.00, real=0.00 secs] 
99.772: Total time for which application threads were stopped: 0.0027500 seconds, Stopping threads took: 0.0003980 seconds
99.802: Application time: 0.0301510 seconds
99.804: [GC99.804: [ParNew: 37566K->4158K(37568K), 0.0022910 secs] 344979K->313140K(758420K), 0.0023330 secs] [Times: user=0.02 sys=0.00, real=0.00 secs] 
99.806: Total time for which application threads were stopped: 0.0041220 seconds, Stopping threads took: 0.0017260 seconds
99.838: Application time: 0.0314790 seconds
99.840: [GC99.840: [ParNew: 37566K->3173K(37568K), 0.0016390 secs] 346548K->312154K(758420K), 0.0016760 secs] [Times: user=0.01 sys=0.00, real=0.00 secs] 
99.842: Total time for which application threads were stopped: 0.0037750 seconds, Stopping threads took: 0.0020380 seconds
99.872: Application time: 0.0305980 seconds
99.875: [GC99.875: [ParNew: 36581K->4159K(37568K), 0.0020210 secs] 345562K->313594K(758420K), 0.0020710 secs] [Times: user=0.01 sys=0.00, real=0.00 secs] 
99.877: Total time for which application threads were stopped: 0.0048190 seconds, Stopping threads took: 0.0026830 seconds
99.908: Application time: 0.0306910 seconds
99.910: [GC99.910: [ParNew: 37567K->4159K(37568K), 0.0022780 secs] 347002K->314942K(758420K), 0.0023210 secs] [Times: user=0.02 sys=0.00, real=0.00 secs] 
99.913: Total time for which application threads were stopped: 0.0047500 seconds, Stopping threads took: 0.0023420 seconds
99.943: Application time: 0.0303270 seconds
99.945: [GC99.945: [ParNew: 37567K->4158K(37568K), 0.0023380 secs] 348350K->316644K(758420K), 0.0023830 secs] [Times: user=0.01 sys=0.00, real=0.01 secs] 
99.947: Total time for which application threads were stopped: 0.0040590 seconds, Stopping threads took: 0.0016120 seconds
99.978: Application time: 0.0307970 seconds
99.981: [GC99.981: [ParNew: 37566K->4159K(37568K), 0.0019880 secs] 350052K->317226K(758420K), 0.0020300 secs] [Times: user=0.02 sys=0.00, real=0.00 secs] 
99.983: Total time for which application threads were stopped: 0.0047620 seconds, Stopping threads took: 0.0026680 seconds
100.013: Application time: 0.0309240 seconds
100.014: [GC100.014: [ParNew: 37567K->4158K(37568K), 0.0024980 secs] 350634K->319242K(758420K), 0.0025420 secs] [Times: user=0.02 sys=0.00, real=0.01 secs] 
100.017: Total time for which application threads were stopped: 0.0031480 seconds, Stopping threads took: 0.0005390 seconds
100.048: Application time: 0.0311760 seconds
100.048: [GC100.048: [ParNew: 37566K->4158K(37568K), 0.0021190 secs] 352650K->319780K(758420K), 0.0021620 secs] [Times: user=0.02 sys=0.00, real=0.00 secs] 
100.050: Total time for which application threads were stopped: 0.0023400 seconds, Stopping threads took: 0.0001130 seconds
100.081: Application time: 0.0308730 seconds
100.082: [GC100.082: [ParNew: 37566K->4159K(37568K), 0.0019230 secs] 353188K->319839K(758420K), 0.0019630 secs] [Times: user=0.02 sys=0.00, real=0.00 secs] 
100.084: Total time for which application threads were stopped: 0.0026690 seconds, Stopping threads took: 0.0006410 seconds
100.114: Application time: 0.0300250 seconds
100.115: [GC100.115: [ParNew: 37567K->4158K(37568K), 0.0027000 secs] 353247K->322323K(758420K), 0.0027450 secs] [Times: user=0.02 sys=0.00, real=0.00 secs] 
100.118: Total time for which application threads were stopped: 0.0040450 seconds, Stopping threads took: 0.0012340 seconds
100.148: Application time: 0.0302840 seconds
100.149: [GC100.149: [ParNew: 37565K->4158K(37568K), 0.0021960 secs] 355730K->323604K(758420K), 0.0022370 secs] [Times: user=0.01 sys=0.00, real=0.00 secs] 
100.152: Total time for which application threads were stopped: 0.0036430 seconds, Stopping threads took: 0.0013420 seconds
100.182: Application time: 0.0300660 seconds
100.183: [GC100.183: [ParNew: 37566K->4159K(37568K), 0.0022220 secs] 357012K->324790K(758420K), 0.0022630 secs] [Times: user=0.01 sys=0.00, real=0.00 secs] 
100.185: Total time for which application threads were stopped: 0.0035250 seconds, Stopping threads took: 0.0011960 seconds
100.217: Application time: 0.0312700 seconds
100.217: [GC100.217: [ParNew: 37567K->4149K(37568K), 0.0018620 secs] 358198K->324808K(758420K), 0.0019060 secs] [Times: user=0.01 sys=0.01, real=0.00 secs] 
100.219: Total time for which application threads were stopped: 0.0021630 seconds, Stopping threads took: 0.0001950 seconds
100.251: Application time: 0.0317840 seconds
100.253: [GC100.253: [ParNew: 37557K->4109K(37568K), 0.0017450 secs] 358216K->324769K(758420K), 0.0017890 secs] [Times: user=0.02 sys=0.00, real=0.00 secs] 
100.254: Total time for which application threads were stopped: 0.0039230 seconds, Stopping threads took: 0.0020620 seconds
100.283: Application time: 0.0288770 seconds
100.287: [GC100.287: [ParNew: 37517K->4159K(37568K), 0.0027420 secs] 358177K->327660K(758420K), 0.0027880 secs] [Times: user=0.01 sys=0.00, real=0.00 secs] 
100.290: Total time for which application threads were stopped: 0.0062190 seconds, Stopping threads took: 0.0033580 seconds
100.319: Application time: 0.0298550 seconds
100.321: [GC100.321: [ParNew: 37567K->4158K(37568K), 0.0023760 secs] 361068K->329427K(758420K), 0.0024220 secs] [Times: user=0.01 sys=0.00, real=0.00 secs] 
100.324: Total time for which application threads were stopped: 0.0041850 seconds, Stopping threads took: 0.0017000 seconds
100.354: Application time: 0.0305660 seconds
100.356: [GC100.356: [ParNew: 37565K->4159K(37568K), 0.0019250 secs] 362835K->329729K(758420K), 0.0019680 secs] [Times: user=0.02 sys=0.00, real=0.00 secs] 
100.358: Total time for which application threads were stopped: 0.0033810 seconds, Stopping threads took: 0.0013500 seconds
100.388: Application time: 0.0300950 seconds
100.390: [GC100.390: [ParNew: 37565K->4158K(37568K), 0.0029990 secs] 363136K->333480K(758420K), 0.0030450 secs] [Times: user=0.03 sys=0.00, real=0.00 secs] 
100.393: Total time for which application threads were stopped: 0.0050490 seconds, Stopping threads took: 0.0019370 seconds
100.393: Application time: 0.0000990 seconds
100.395: [GC [1 CMS-initial-mark: 329321K(720852K)] 333819K(758420K), 0.0001690 secs] [Times: user=0.01 sys=0.00, real=0.00 secs] 
100.395: Total time for which application threads were stopped: 0.0021510 seconds, Stopping threads took: 0.0019600 seconds
100.395: [CMS-concurrent-mark-start]
100.406: [CMS-concurrent-mark: 0.011/0.011 secs] [Times: user=0.06 sys=0.00, real=0.00 secs] 
100.406: [CMS-concurrent-preclean-start]
100.408: [CMS-concurrent-preclean: 0.001/0.001 secs] [Times: user=0.03 sys=0.00, real=0.01 secs] 
100.408: [CMS-concurrent-abortable-preclean-start]
100.424: Application time: 0.0293760 seconds
100.426: [GC100.426: [ParNew: 37566K->4158K(37568K), 0.0027290 secs] 366888K->336141K(758420K), 0.0027740 secs] [Times: user=0.02 sys=0.00, real=0.01 secs] 
100.428: Total time for which application threads were stopped: 0.0041570 seconds, Stopping threads took: 0.0013180 seconds
100.458: Application time: 0.0293010 seconds
100.460: [GC100.460: [ParNew: 37566K->4158K(37568K), 0.0026780 secs] 369549K->338797K(758420K), 0.0027210 secs] [Times: user=0.02 sys=0.00, real=0.00 secs] 
100.463: Total time for which application threads were stopped: 0.0047440 seconds, Stopping threads took: 0.0019580 seconds
100.492: Application time: 0.0299260 seconds
100.496: [GC100.496: [ParNew: 37566K->4158K(37568K), 0.0022590 secs] 372205K->340353K(758420K), 0.0023010 secs] [Times: user=0.02 sys=0.00, real=0.00 secs] 
100.498: Total time for which application threads were stopped: 0.0053970 seconds, Stopping threads took: 0.0030340 seconds
100.527: Application time: 0.0287560 seconds
100.529: [GC100.529: [ParNew: 37565K->4158K(37568K), 0.0024500 secs] 373759K->342236K(758420K), 0.0024940 secs] [Times: user=0.01 sys=0.00, real=0.00 secs] 
100.532: Total time for which application threads were stopped: 0.0049950 seconds, Stopping threads took: 0.0024370 seconds
100.561: Application time: 0.0296430 seconds
100.563: [GC100.563: [ParNew: 37566K->4158K(37568K), 0.0025460 secs] 375644K->344504K(758420K), 0.0025910 secs] [Times: user=0.02 sys=0.00, real=0.00 secs] 
100.565: Total time for which application threads were stopped: 0.0039120 seconds, Stopping threads took: 0.0012540 seconds
100.594: Application time: 0.0290520 seconds
100.596: [GC100.596: [ParNew: 37566K->4158K(37568K), 0.0024910 secs] 377912K->346761K(758420K), 0.0025350 secs] [Times: user=0.02 sys=0.00, real=0.00 secs] 
100.598: Total time for which application threads were stopped: 0.0041400 seconds, Stopping threads took: 0.0015410 seconds
100.627: Application time: 0.0285050 seconds
100.629: [GC100.629: [ParNew: 37566K->4159K(37568K), 0.0028260 secs] 380169K->349882K(758420K), 0.0028710 secs] [Times: user=0.02 sys=0.00, real=0.00 secs] 
100.631: Total time for which application threads were stopped: 0.0046030 seconds, Stopping threads took: 0.0016660 seconds
100.662: Application time: 0.0301670 seconds
100.664: [GC100.664: [ParNew: 37567K->4159K(37568K), 0.0024750 secs] 383290K->351959K(758420K), 0.0025260 secs] [Times: user=0.02 sys=0.00, real=0.01 secs] 
100.667: Total time for which application threads were stopped: 0.0053010 seconds, Stopping threads took: 0.0027100 seconds
100.696: Application time: 0.0288860 seconds
100.697: [GC100.697: [ParNew: 37567K->4159K(37568K), 0.0026670 secs] 385367K->354757K(758420K), 0.0027110 secs] [Times: user=0.02 sys=0.00, real=0.00 secs] 
100.700: Total time for which application threads were stopped: 0.0042900 seconds, Stopping threads took: 0.0015140 seconds
100.729: Application time: 0.0288260 seconds
100.731: [GC100.731: [ParNew: 37567K->4159K(37568K), 0.0029400 secs] 388165K->358378K(758420K), 0.0029840 secs] [Times: user=0.02 sys=0.00, real=0.00 secs] 
100.734: Total time for which application threads were stopped: 0.0048510 seconds, Stopping threads took: 0.0017990 seconds
100.765: Application time: 0.0316020 seconds
100.768: [GC100.768: [ParNew: 37567K->4158K(37568K), 0.0022910 secs] 391786K->359913K(758420K), 0.0023340 secs] [Times: user=0.01 sys=0.00, real=0.00 secs] 
100.770: Total time for which application threads were stopped: 0.0050830 seconds, Stopping threads took: 0.0026740 seconds
100.801: Application time: 0.0302210 seconds
100.802: [GC100.803: [ParNew: 37564K->4158K(37568K), 0.0020860 secs] 393320K->360363K(758420K), 0.0021280 secs] [Times: user=0.01 sys=0.01, real=0.00 secs] 
100.805: Total time for which application threads were stopped: 0.0039340 seconds, Stopping threads took: 0.0017420 seconds
100.832: Application time: 0.0277700 seconds
100.835: [GC100.835: [ParNew: 37566K->4159K(37568K), 0.0028200 secs] 393771K->363598K(758420K), 0.0028650 secs] [Times: user=0.02 sys=0.00, real=0.01 secs] 
100.837: Total time for which application threads were stopped: 0.0049750 seconds, Stopping threads took: 0.0020430 seconds
100.866: Application time: 0.0286770 seconds
100.868: [GC100.868: [ParNew: 37567K->4158K(37568K), 0.0026830 secs] 397006K->366200K(758420K), 0.0027270 secs] [Times: user=0.01 sys=0.00, real=0.00 secs] 
100.871: Total time for which application threads were stopped: 0.0049110 seconds, Stopping threads took: 0.0021210 seconds
100.901: Application time: 0.0297050 seconds
100.903: [GC100.903: [ParNew: 37566K->4159K(37568K), 0.0023040 secs] 399608K->367753K(758420K), 0.0023470 secs] [Times: user=0.02 sys=0.00, real=0.00 secs] 
100.906: Total time for which application threads were stopped: 0.0049430 seconds, Stopping threads took: 0.0025300 seconds
100.935: Application time: 0.0298550 seconds
100.937: [GC100.937: [ParNew: 37567K->4158K(37568K), 0.0025870 secs] 401161K->370034K(758420K), 0.0026310 secs] [Times: user=0.02 sys=0.00, real=0.00 secs] 
100.939: Total time for which application threads were stopped: 0.0037480 seconds, Stopping threads took: 0.0010510 seconds
100.968: Application time: 0.0291980 seconds
100.969: [GC100.969: [ParNew: 37566K->4158K(37568K), 0.0023480 secs] 403442K->371673K(758420K), 0.0023900 secs] [Times: user=0.02 sys=0.00, real=0.00 secs] 
100.972: Total time for which application threads were stopped: 0.0030880 seconds, Stopping threads took: 0.0006330 seconds
101.002: Application time: 0.0304920 seconds
101.005: [GC101.005: [ParNew: 37565K->4159K(37568K), 0.0022610 secs] 405080K->373155K(758420K), 0.0023030 secs] [Times: user=0.01 sys=0.00, real=0.01 secs] 
101.007: Total time for which application threads were stopped: 0.0052230 seconds, Stopping threads took: 0.0028550 seconds
101.037: Application time: 0.0300670 seconds
101.039: [GC101.039: [ParNew: 37567K->4158K(37568K), 0.0022150 secs] 406563K->374523K(758420K), 0.0022560 secs] [Times: user=0.01 sys=0.00, real=0.00 secs] 
101.041: Total time for which application threads were stopped: 0.0039260 seconds, Stopping threads took: 0.0016060 seconds
101.071: Application time: 0.0292770 seconds
101.072: [GC101.072: [ParNew: 37566K->4159K(37568K), 0.0022930 secs] 407931K->375773K(758420K), 0.0023350 secs] [Times: user=0.01 sys=0.00, real=0.00 secs] 
101.074: Total time for which application threads were stopped: 0.0037400 seconds, Stopping threads took: 0.0013260 seconds
101.104: Application time: 0.0294960 seconds
101.106: [GC101.106: [ParNew: 37566K->4159K(37568K), 0.0023800 secs] 409180K->377214K(758420K), 0.0024300 secs] [Times: user=0.01 sys=0.00, real=0.01 secs] 
101.109: Total time for which application threads were stopped: 0.0049500 seconds, Stopping threads took: 0.0024340 seconds
101.138: Application time: 0.0294720 seconds
101.141: [GC101.141: [ParNew: 37567K->4159K(37568K), 0.0024590 secs] 410622K->379101K(758420K), 0.0025040 secs] [Times: user=0.02 sys=0.00, real=0.00 secs] 
101.143: Total time for which application threads were stopped: 0.0052420 seconds, Stopping threads took: 0.0026730 seconds
101.170: Application time: 0.0265780 seconds
101.173: [GC101.173: [ParNew: 37567K->4159K(37568K), 0.0029450 secs] 412509K->382835K(758420K), 0.0029870 secs] [Times: user=0.02 sys=0.00, real=0.01 secs] 
101.176: Total time for which application threads were stopped: 0.0062470 seconds, Stopping threads took: 0.0032020 seconds
101.205: Application time: 0.0289380 seconds
101.207: [GC101.207: [ParNew: 37567K->4159K(37568K), 0.0029950 secs] 416243K->386531K(758420K), 0.0030360 secs] [Times: user=0.02 sys=0.00, real=0.00 secs] 
101.210: Total time for which application threads were stopped: 0.0050690 seconds, Stopping threads took: 0.0019680 seconds
101.240: Application time: 0.0297900 seconds
101.242: [GC101.242: [ParNew: 37567K->4158K(37568K), 0.0026370 secs] 419939K->389021K(758420K), 0.0026800 secs] [Times: user=0.01 sys=0.00, real=0.00 secs] 
101.244: Total time for which application threads were stopped: 0.0042010 seconds, Stopping threads took: 0.0014550 seconds
101.274: Application time: 0.0298300 seconds
101.276: [GC101.276: [ParNew: 37566K->4159K(37568K), 0.0025480 secs] 422429K->391296K(758420K), 0.0025910 secs] [Times: user=0.02 sys=0.00, real=0.00 secs] 
101.278: Total time for which application threads were stopped: 0.0040290 seconds, Stopping threads took: 0.0013630 seconds
101.310: Application time: 0.0318370 seconds
101.313: [GC101.313: [ParNew: 37567K->4158K(37568K), 0.0028630 secs] 424704K->394589K(758420K), 0.0029080 secs] [Times: user=0.02 sys=0.00, real=0.01 secs] 
101.316: Total time for which application threads were stopped: 0.0056020 seconds, Stopping threads took: 0.0026290 seconds
101.348: Application time: 0.0327000 seconds
101.351: [GC101.351: [ParNew: 37566K->4158K(37568K), 0.0022250 secs] 427997K->395773K(758420K), 0.0022700 secs] [Times: user=0.01 sys=0.00, real=0.00 secs] 
101.354: Total time for which application threads were stopped: 0.0052610 seconds, Stopping threads took: 0.0029230 seconds
101.384: Application time: 0.0304450 seconds
101.386: [GC101.386: [ParNew: 37566K->4158K(37568K), 0.0026690 secs] 429181K->398317K(758420K), 0.0027150 secs] [Times: user=0.02 sys=0.00, real=0.01 secs] 
101.388: Total time for which application threads were stopped: 0.0044340 seconds, Stopping threads took: 0.0016520 seconds
101.419: Application time: 0.0307680 seconds
101.421: [GC101.421: [ParNew: 37566K->4159K(37568K), 0.0024470 secs] 431725K->400308K(758420K), 0.0024930 secs] [Times: user=0.02 sys=0.00, real=0.00 secs] 
101.423: Total time for which application threads were stopped: 0.0042660 seconds, Stopping threads took: 0.0017060 seconds
101.455: Application time: 0.0319410 seconds
101.459: [GC101.459: [ParNew: 37567K->4158K(37568K), 0.0024470 secs] 433716K->402190K(758420K), 0.0024920 secs] [Times: user=0.01 sys=0.00, real=0.00 secs] 
101.461: Total time for which application threads were stopped: 0.0058150 seconds, Stopping threads took: 0.0032560 seconds
101.493: Application time: 0.0317830 seconds
101.495: [GC101.495: [ParNew: 37566K->4159K(37568K), 0.0021660 secs] 435598K->402956K(758420K), 0.0022070 secs] [Times: user=0.01 sys=0.00, real=0.00 secs] 
101.498: Total time for which application threads were stopped: 0.0045180 seconds, Stopping threads took: 0.0022240 seconds
101.529: Application time: 0.0312370 seconds
101.530: [GC101.530: [ParNew: 37567K->4159K(37568K), 0.0022490 secs] 436363K->404076K(758420K), 0.0023020 secs] [Times: user=0.02 sys=0.00, real=0.00 secs] 
101.532: Total time for which application threads were stopped: 0.0033310 seconds, Stopping threads took: 0.0009640 seconds
101.564: Application time: 0.0317650 seconds
101.565: [GC101.565: [ParNew: 37567K->4158K(37568K), 0.0024750 secs] 437484K->405885K(758420K), 0.0025190 secs] [Times: user=0.01 sys=0.00, real=0.01 secs] 
101.568: Total time for which application threads were stopped: 0.0037220 seconds, Stopping threads took: 0.0011350 seconds
101.599: Application time: 0.0311990 seconds
101.601: [GC101.601: [ParNew: 37566K->4159K(37568K), 0.0025430 secs] 439293K->408129K(758420K), 0.0025880 secs] [Times: user=0.02 sys=0.00, real=0.00 secs] 
101.604: Total time for which application threads were stopped: 0.0050000 seconds, Stopping threads took: 0.0023440 seconds
101.634: Application time: 0.0305890 seconds
101.637: [GC101.637: [ParNew: 37567K->4159K(37568K), 0.0027620 secs] 441537K->411134K(758420K), 0.0028060 secs] [Times: user=0.02 sys=0.00, real=0.00 secs] 
101.640: Total time for which application threads were stopped: 0.0051900 seconds, Stopping threads took: 0.0023190 seconds
101.671: Application time: 0.0316220 seconds
101.673: [GC101.673: [ParNew: 37565K->4159K(37568K), 0.0022110 secs] 444540K->412072K(758420K), 0.0022560 secs] [Times: user=0.02 sys=0.00, real=0.01 secs] 
101.675: Total time for which application threads were stopped: 0.0039170 seconds, Stopping threads took: 0.0015940 seconds
101.706: Application time: 0.0313520 seconds
101.709: [GC101.709: [ParNew: 37567K->4158K(37568K), 0.0022000 secs] 445480K->413402K(758420K), 0.0022480 secs] [Times: user=0.01 sys=0.00, real=0.00 secs] 
101.712: Total time for which application threads were stopped: 0.0052400 seconds, Stopping threads took: 0.0029240 seconds
101.742: Application time: 0.0304330 seconds
101.744: [GC101.744: [ParNew: 37566K->4158K(37568K), 0.0024380 secs] 446810K->415225K(758420K), 0.0024830 secs] [Times: user=0.02 sys=0.00, real=0.01 secs] 
101.747: Total time for which application threads were stopped: 0.0045300 seconds, Stopping threads took: 0.0019780 seconds
101.778: Application time: 0.0315290 seconds
101.780: [GC101.780: [ParNew: 37566K->4159K(37568K), 0.0023730 secs] 448633K->416949K(758420K), 0.0024200 secs] [Times: user=0.02 sys=0.00, real=0.00 secs] 
101.783: Total time for which application threads were stopped: 0.0046860 seconds, Stopping threads took: 0.0021890 seconds
101.814: Application time: 0.0312770 seconds
101.816: [GC101.816: [ParNew: 37567K->4158K(37568K), 0.0021790 secs] 450357K->418135K(758420K), 0.0022250 secs] [Times: user=0.02 sys=0.00, real=0.00 secs] 
101.818: Total time for which application threads were stopped: 0.0041120 seconds, Stopping threads took: 0.0018190 seconds
101.849: Application time: 0.0305160 seconds
101.851: [GC101.851: [ParNew: 37566K->4159K(37568K), 0.0026650 secs] 451543K->420796K(758420K), 0.0027090 secs] [Times: user=0.02 sys=0.00, real=0.00 secs] 
101.853: Total time for which application threads were stopped: 0.0044580 seconds, Stopping threads took: 0.0016820 seconds
101.885: Application time: 0.0313130 seconds
101.887: [GC101.887: [ParNew: 37567K->4158K(37568K), 0.0029460 secs] 454204K->424404K(758420K), 0.0029920 secs] [Times: user=0.02 sys=0.00, real=0.00 secs] 
101.890: Total time for which application threads were stopped: 0.0057510 seconds, Stopping threads took: 0.0026920 seconds
101.921: Application time: 0.0308380 seconds
101.923: [GC101.923: [ParNew: 37566K->4158K(37568K), 0.0040790 secs] 457812K->426458K(758420K), 0.0041270 secs] [Times: user=0.02 sys=0.00, real=0.01 secs] 
101.927: Total time for which application threads were stopped: 0.0057370 seconds, Stopping threads took: 0.0015470 seconds
101.959: Application time: 0.0317070 seconds
101.961: [GC101.961: [ParNew: 37566K->4158K(37568K), 0.0023440 secs] 459866K->427949K(758420K), 0.0023860 secs] [Times: user=0.02 sys=0.00, real=0.00 secs] 
101.963: Total time for which application threads were stopped: 0.0044880 seconds, Stopping threads took: 0.0020370 seconds
101.995: Application time: 0.0315510 seconds
101.996: [GC101.996: [ParNew: 37566K->4158K(37568K), 0.0022980 secs] 461357K->429343K(758420K), 0.0023520 secs] [Times: user=0.01 sys=0.00, real=0.00 secs] 
101.999: Total time for which application threads were stopped: 0.0040770 seconds, Stopping threads took: 0.0016570 seconds
102.031: Application time: 0.0318410 seconds
102.033: [GC102.033: [ParNew: 37566K->4159K(37568K), 0.0025600 secs] 462751K->431627K(758420K), 0.0026020 secs] [Times: user=0.02 sys=0.00, real=0.01 secs] 
102.035: Total time for which application threads were stopped: 0.0048550 seconds, Stopping threads took: 0.0021870 seconds
102.067: Application time: 0.0313650 seconds
102.070: [GC102.070: [ParNew: 37567K->4158K(37568K), 0.0026610 secs] 465035K->434064K(758420K), 0.0027050 secs] [Times: user=0.01 sys=0.00, real=0.00 secs] 
102.072: Total time for which application threads were stopped: 0.0056180 seconds, Stopping threads took: 0.0028460 seconds
102.102: Application time: 0.0300330 seconds
102.104: [GC102.104: [ParNew: 37566K->4159K(37568K), 0.0024780 secs] 467472K->436245K(758420K), 0.0025190 secs] [Times: user=0.01 sys=0.00, real=0.00 secs] 
102.107: Total time for which application threads were stopped: 0.0040190 seconds, Stopping threads took: 0.0014340 seconds
102.138: Application time: 0.0315190 seconds
102.140: [GC102.140: [ParNew: 37567K->4158K(37568K), 0.0024860 secs] 469653K->438347K(758420K), 0.0025320 secs] [Times: user=0.02 sys=0.00, real=0.00 secs] 
102.142: Total time for which application threads were stopped: 0.0044520 seconds, Stopping threads took: 0.0018500 seconds
102.174: Application time: 0.0314600 seconds
102.177: [GC102.177: [ParNew: 37566K->4158K(37568K), 0.0023830 secs] 471755K->439951K(758420K), 0.0024300 secs] [Times: user=0.01 sys=0.00, real=0.00 secs] 
102.179: Total time for which application threads were stopped: 0.0053430 seconds, Stopping threads took: 0.0028530 seconds
102.211: Application time: 0.0318270 seconds
102.214: [GC102.214: [ParNew: 37566K->4159K(37568K), 0.0022720 secs] 473359K->441346K(758420K), 0.0023150 secs] [Times: user=0.02 sys=0.00, real=0.01 secs] 
102.216: Total time for which application threads were stopped: 0.0051960 seconds, Stopping threads took: 0.0028140 seconds
102.249: Application time: 0.0322750 seconds
102.250: [GC102.250: [ParNew: 37567K->4158K(37568K), 0.0019950 secs] 474754K->441778K(758420K), 0.0020390 secs] [Times: user=0.02 sys=0.00, real=0.00 secs] 
102.252: Total time for which application threads were stopped: 0.0036430 seconds, Stopping threads took: 0.0015350 seconds
102.284: Application time: 0.0314610 seconds
102.286: [GC102.286: [ParNew: 37566K->4159K(37568K), 0.0022640 secs] 475186K->443120K(758420K), 0.0023090 secs] [Times: user=0.02 sys=0.00, real=0.01 secs] 
102.289: Total time for which application threads were stopped: 0.0047990 seconds, Stopping threads took: 0.0024140 seconds
102.321: Application time: 0.0319960 seconds
102.323: [GC102.323: [ParNew: 37567K->4159K(37568K), 0.0022810 secs] 476528K->444379K(758420K), 0.0023240 secs] [Times: user=0.02 sys=0.00, real=0.00 secs] 
102.325: Total time for which application threads were stopped: 0.0045250 seconds, Stopping threads took: 0.0021320 seconds
102.357: Application time: 0.0316050 seconds
102.358: [GC102.358: [ParNew: 37567K->4158K(37568K), 0.0022160 secs] 477787K->445580K(758420K), 0.0022630 secs] [Times: user=0.02 sys=0.00, real=0.00 secs] 
102.361: Total time for which application threads were stopped: 0.0040840 seconds, Stopping threads took: 0.0017530 seconds
102.392: Application time: 0.0315090 seconds
102.394: [GC102.394: [ParNew: 37566K->4158K(37568K), 0.0022130 secs] 478988K->446657K(758420K), 0.0022560 secs] [Times: user=0.02 sys=0.00, real=0.01 secs] 
102.396: Total time for which application threads were stopped: 0.0038430 seconds, Stopping threads took: 0.0015210 seconds
102.427: Application time: 0.0308940 seconds
102.429: [GC102.429: [ParNew: 37566K->4159K(37568K), 0.0028240 secs] 480065K->449717K(758420K), 0.0028680 secs] [Times: user=0.02 sys=0.00, real=0.00 secs] 
102.432: Total time for which application threads were stopped: 0.0052140 seconds, Stopping threads took: 0.0022710 seconds
102.463: Application time: 0.0308420 seconds
102.465: [GC102.465: [ParNew: 37567K->4159K(37568K), 0.0028230 secs] 483125K->452806K(758420K), 0.0028680 secs] [Times: user=0.02 sys=0.00, real=0.01 secs] 
102.468: Total time for which application threads were stopped: 0.0051760 seconds, Stopping threads took: 0.0022390 seconds
102.499: Application time: 0.0308250 seconds
102.501: [GC102.501: [ParNew: 37567K->4159K(37568K), 0.0027630 secs] 486214K->455784K(758420K), 0.0028080 secs] [Times: user=0.02 sys=0.00, real=0.00 secs] 
102.504: Total time for which application threads were stopped: 0.0049990 seconds, Stopping threads took: 0.0021250 seconds
102.535: Application time: 0.0307560 seconds
102.537: [GC102.537: [ParNew: 37566K->4158K(37568K), 0.0028040 secs] 489190K->458650K(758420K), 0.0028530 secs] [Times: user=0.02 sys=0.00, real=0.00 secs] 
102.540: Total time for which application threads were stopped: 0.0054780 seconds, Stopping threads took: 0.0025600 seconds
102.572: Application time: 0.0317960 seconds
102.574: [GC102.574: [ParNew: 37566K->4158K(37568K), 0.0024720 secs] 492058K->460516K(758420K), 0.0025170 secs] [Times: user=0.01 sys=0.00, real=0.01 secs] 
102.576: Total time for which application threads were stopped: 0.0041820 seconds, Stopping threads took: 0.0015770 seconds
102.607: Application time: 0.0305040 seconds
102.609: [GC102.609: [ParNew: 37566K->4159K(37568K), 0.0030850 secs] 493924K->464243K(758420K), 0.0031310 secs] [Times: user=0.02 sys=0.00, real=0.00 secs] 
102.612: Total time for which application threads were stopped: 0.0056470 seconds, Stopping threads took: 0.0024270 seconds
102.644: Application time: 0.0320220 seconds
102.647: [GC102.647: [ParNew: 37567K->4159K(37568K), 0.0023580 secs] 497651K->465855K(758420K), 0.0024050 secs] [Times: user=0.02 sys=0.00, real=0.00 secs] 
102.649: Total time for which application threads were stopped: 0.0049060 seconds, Stopping threads took: 0.0024330 seconds
102.682: Application time: 0.0321630 seconds
102.684: [GC102.684: [ParNew: 37567K->4159K(37568K), 0.0025260 secs] 499263K->467730K(758420K), 0.0025720 secs] [Times: user=0.02 sys=0.00, real=0.00 secs] 
102.686: Total time for which application threads were stopped: 0.0047640 seconds, Stopping threads took: 0.0021230 seconds
102.718: Application time: 0.0317750 seconds
102.720: [GC102.720: [ParNew: 37567K->4159K(37568K), 0.0026990 secs] 501138K->470362K(758420K), 0.0027520 secs] [Times: user=0.01 sys=0.00, real=0.00 secs] 
102.723: Total time for which application threads were stopped: 0.0045050 seconds, Stopping threads took: 0.0016840 seconds
102.754: Application time: 0.0317170 seconds
102.756: [GC102.756: [ParNew: 37567K->4159K(37568K), 0.0022590 secs] 503770K->471416K(758420K), 0.0023010 secs] [Times: user=0.02 sys=0.00, real=0.00 secs] 
102.758: Total time for which application threads were stopped: 0.0040690 seconds, Stopping threads took: 0.0017020 seconds
102.790: Application time: 0.0319350 seconds
102.792: [GC102.792: [ParNew: 37567K->4158K(37568K), 0.0029150 secs] 504824K->474335K(758420K), 0.0029600 secs] [Times: user=0.02 sys=0.00, real=0.01 secs] 
102.795: Total time for which application threads were stopped: 0.0048960 seconds, Stopping threads took: 0.0018400 seconds
102.826: Application time: 0.0313040 seconds
102.829: [GC102.829: [ParNew: 37566K->4158K(37568K), 0.0026850 secs] 507743K->477091K(758420K), 0.0027310 secs] [Times: user=0.02 sys=0.00, real=0.00 secs] 
102.831: Total time for which application threads were stopped: 0.0048260 seconds, Stopping threads took: 0.0020270 seconds
102.862: Application time: 0.0309170 seconds
102.865: [GC102.865: [ParNew: 37566K->4158K(37568K), 0.0026540 secs] 510499K->479666K(758420K), 0.0026980 secs] [Times: user=0.01 sys=0.00, real=0.01 secs] 
102.868: Total time for which application threads were stopped: 0.0054300 seconds, Stopping threads took: 0.0026670 seconds
102.898: Application time: 0.0305290 seconds
102.900: [GC102.900: [ParNew: 37566K->4159K(37568K), 0.0024620 secs] 513074K->481471K(758420K), 0.0025160 secs] [Times: user=0.01 sys=0.01, real=0.00 secs] 
102.903: Total time for which application threads were stopped: 0.0045640 seconds, Stopping threads took: 0.0019820 seconds
102.935: Application time: 0.0317510 seconds
102.936: [GC102.936: [ParNew: 37567K->4159K(37568K), 0.0024480 secs] 514879K->483188K(758420K), 0.0024950 secs] [Times: user=0.02 sys=0.00, real=0.00 secs] 
102.939: Total time for which application threads were stopped: 0.0041820 seconds, Stopping threads took: 0.0016210 seconds
102.970: Application time: 0.0316470 seconds
102.973: [GC102.973: [ParNew: 37566K->4158K(37568K), 0.0024950 secs] 516595K->485335K(758420K), 0.0025420 secs] [Times: user=0.02 sys=0.00, real=0.01 secs] 
102.975: Total time for which application threads were stopped: 0.0049220 seconds, Stopping threads took: 0.0023140 seconds
103.007: Application time: 0.0313380 seconds
103.009: [GC103.009: [ParNew: 37566K->4158K(37568K), 0.0024230 secs] 518743K->487233K(758420K), 0.0024690 secs] [Times: user=0.02 sys=0.00, real=0.00 secs] 
103.011: Total time for which application threads were stopped: 0.0047370 seconds, Stopping threads took: 0.0022010 seconds
103.043: Application time: 0.0314180 seconds
103.045: [GC103.045: [ParNew: 37566K->4158K(37568K), 0.0027430 secs] 520641K->490063K(758420K), 0.0027890 secs] [Times: user=0.02 sys=0.00, real=0.01 secs] 
103.048: Total time for which application threads were stopped: 0.0049220 seconds, Stopping threads took: 0.0020650 seconds
103.077: Application time: 0.0294560 seconds
103.080: [GC103.080: [ParNew: 37566K->4158K(37568K), 0.0030790 secs] 523470K->493837K(758420K), 0.0031270 secs] [Times: user=0.02 sys=0.00, real=0.00 secs] 
103.083: Total time for which application threads were stopped: 0.0061490 seconds, Stopping threads took: 0.0029550 seconds
103.115: Application time: 0.0315280 seconds
103.117: [GC103.117: [ParNew: 37566K->4158K(37568K), 0.0023750 secs] 527245K->495564K(758420K), 0.0024190 secs] [Times: user=0.02 sys=0.00, real=0.00 secs] 
103.120: Total time for which application threads were stopped: 0.0046680 seconds, Stopping threads took: 0.0021830 seconds
103.149: Application time: 0.0295920 seconds
103.152: [GC103.152: [ParNew: 37566K->4159K(37568K), 0.0029670 secs] 528972K->499150K(758420K), 0.0030100 secs] [Times: user=0.02 sys=0.00, real=0.00 secs] 
103.155: Total time for which application threads were stopped: 0.0054600 seconds, Stopping threads took: 0.0023830 seconds
103.186: Application time: 0.0311360 seconds
103.186: [GC103.186: [ParNew: 37567K->4158K(37568K), 0.0026400 secs] 532558K->501609K(758420K), 0.0026850 secs] [Times: user=0.02 sys=0.00, real=0.01 secs] 
103.189: Total time for which application threads were stopped: 0.0033590 seconds, Stopping threads took: 0.0006080 seconds
103.221: Application time: 0.0322720 seconds
103.224: [GC103.224: [ParNew: 37566K->4159K(37568K), 0.0019200 secs] 535017K->501933K(758420K), 0.0019640 secs] [Times: user=0.01 sys=0.00, real=0.00 secs] 
103.226: Total time for which application threads were stopped: 0.0047860 seconds, Stopping threads took: 0.0027540 seconds
103.258: Application time: 0.0318510 seconds
103.261: [GC103.261: [ParNew: 37567K->4159K(37568K), 0.0026340 secs] 535341K->504140K(758420K), 0.0026800 secs] [Times: user=0.02 sys=0.00, real=0.00 secs] 
103.264: Total time for which application threads were stopped: 0.0057460 seconds, Stopping threads took: 0.0029760 seconds
103.295: Application time: 0.0309790 seconds
103.297: [GC103.297: [ParNew: 37567K->4158K(37568K), 0.0024330 secs] 537548K->505738K(758420K), 0.0024760 secs] [Times: user=0.02 sys=0.00, real=0.00 secs] 
103.299: Total time for which application threads were stopped: 0.0043480 seconds, Stopping threads took: 0.0017970 seconds
103.331: Application time: 0.0317330 seconds
103.333: [GC103.333: [ParNew: 37566K->4158K(37568K), 0.0025640 secs] 539146K->507803K(758420K), 0.0026090 secs] [Times: user=0.01 sys=0.00, real=0.01 secs] 
103.335: Total time for which application threads were stopped: 0.0044100 seconds, Stopping threads took: 0.0017260 seconds
103.368: Application time: 0.0324890 seconds
103.371: [GC103.371: [ParNew: 37566K->4159K(37568K), 0.0020690 secs] 541211K->508668K(758420K), 0.0021120 secs] [Times: user=0.02 sys=0.01, real=0.00 secs] 
103.373: Total time for which application threads were stopped: 0.0054030 seconds, Stopping threads took: 0.0032230 seconds
103.404: Application time: 0.0310360 seconds
103.406: [GC103.406: [ParNew: 37567K->4159K(37568K), 0.0023000 secs] 542076K->509977K(758420K), 0.0023470 secs] [Times: user=0.02 sys=0.00, real=0.01 secs] 
103.408: Total time for which application threads were stopped: 0.0040070 seconds, Stopping threads took: 0.0015810 seconds
103.440: Application time: 0.0318630 seconds
103.443: [GC103.443: [ParNew: 37567K->4158K(37568K), 0.0023560 secs] 543385K->511983K(758420K), 0.0024000 secs] [Times: user=0.02 sys=0.00, real=0.00 secs] 
103.445: Total time for which application threads were stopped: 0.0054490 seconds, Stopping threads took: 0.0029830 seconds
103.477: Application time: 0.0312000 seconds
103.478: [GC103.478: [ParNew: 37565K->4159K(37568K), 0.0026390 secs] 545390K->514490K(758420K), 0.0026860 secs] [Times: user=0.02 sys=0.00, real=0.00 secs] 
103.481: Total time for which application threads were stopped: 0.0044000 seconds, Stopping threads took: 0.0016480 seconds
103.512: Application time: 0.0310070 seconds
103.514: [GC103.514: [ParNew: 37567K->4159K(37568K), 0.0026290 secs] 547898K->516870K(758420K), 0.0026740 secs] [Times: user=0.02 sys=0.00, real=0.01 secs] 
103.516: Total time for which application threads were stopped: 0.0044020 seconds, Stopping threads took: 0.0016620 seconds
103.548: Application time: 0.0313820 seconds
103.549: [GC103.549: [ParNew: 37567K->4158K(37568K), 0.0020800 secs] 550278K->517127K(758420K), 0.0021240 secs] [Times: user=0.01 sys=0.00, real=0.00 secs] 
103.551: Total time for which application threads were stopped: 0.0035790 seconds, Stopping threads took: 0.0013870 seconds
103.584: Application time: 0.0324430 seconds
103.586: [GC103.586: [ParNew: 37566K->4159K(37568K), 0.0022680 secs] 550535K->517426K(758420K), 0.0023110 secs] [Times: user=0.01 sys=0.00, real=0.01 secs] 
103.588: Total time for which application threads were stopped: 0.0044060 seconds, Stopping threads took: 0.0020350 seconds
103.620: Application time: 0.0316080 seconds
103.622: [GC103.622: [ParNew: 37567K->4158K(37568K), 0.0022600 secs] 550834K->518674K(758420K), 0.0023050 secs] [Times: user=0.02 sys=0.00, real=0.00 secs] 
103.624: Total time for which application threads were stopped: 0.0040540 seconds, Stopping threads took: 0.0016600 seconds
103.654: Application time: 0.0303480 seconds
103.657: [GC103.657: [ParNew: 37566K->4158K(37568K), 0.0028210 secs] 552082K->521739K(758420K), 0.0028660 secs] [Times: user=0.02 sys=0.00, real=0.00 secs] 
103.660: Total time for which application threads were stopped: 0.0060170 seconds, Stopping threads took: 0.0030750 seconds
103.693: Application time: 0.0325360 seconds
103.695: [GC103.695: [ParNew: 37564K->4158K(37568K), 0.0021580 secs] 555145K->522717K(758420K), 0.0022040 secs] [Times: user=0.01 sys=0.00, real=0.00 secs] 
103.697: Total time for which application threads were stopped: 0.0045580 seconds, Stopping threads took: 0.0022650 seconds
103.728: Application time: 0.0302220 seconds
103.729: [GC103.729: [ParNew: 37566K->4158K(37568K), 0.0028380 secs] 556125K->525584K(758420K), 0.0028850 secs] [Times: user=0.02 sys=0.00, real=0.00 secs] 
103.732: Total time for which application threads were stopped: 0.0046230 seconds, Stopping threads took: 0.0016500 seconds
103.763: Application time: 0.0304130 seconds
103.765: [GC103.765: [ParNew: 37566K->4159K(37568K), 0.0030880 secs] 558992K->529316K(758420K), 0.0031360 secs] [Times: user=0.03 sys=0.00, real=0.01 secs] 
103.768: Total time for which application threads were stopped: 0.0053150 seconds, Stopping threads took: 0.0021120 seconds
103.799: Application time: 0.0307640 seconds
103.801: [GC103.801: [ParNew: 37567K->4158K(37568K), 0.0030150 secs] 562724K->532902K(758420K), 0.0030690 secs] [Times: user=0.02 sys=0.00, real=0.00 secs] 
103.804: Total time for which application threads were stopped: 0.0055140 seconds, Stopping threads took: 0.0023660 seconds
103.836: Application time: 0.0315260 seconds
103.837: [GC103.837: [ParNew: 37565K->4159K(37568K), 0.0024280 secs] 566309K->534366K(758420K), 0.0024710 secs] [Times: user=0.01 sys=0.00, real=0.00 secs] 
103.840: Total time for which application threads were stopped: 0.0040400 seconds, Stopping threads took: 0.0015040 seconds
103.872: Application time: 0.0318000 seconds
103.873: [GC103.873: [ParNew: 37567K->4158K(37568K), 0.0023530 secs] 567774K->535665K(758420K), 0.0023990 secs] [Times: user=0.02 sys=0.00, real=0.01 secs] 
103.876: Total time for which application threads were stopped: 0.0038560 seconds, Stopping threads took: 0.0013890 seconds
103.907: Application time: 0.0313840 seconds
103.908: [GC103.909: [ParNew: 37566K->4159K(37568K), 0.0025860 secs] 569073K->537822K(758420K), 0.0026330 secs] [Times: user=0.02 sys=0.00, real=0.00 secs] 
103.911: Total time for which application threads were stopped: 0.0042410 seconds, Stopping threads took: 0.0015390 seconds
103.943: Application time: 0.0314920 seconds
103.945: [GC103.945: [ParNew: 37567K->4158K(37568K), 0.0025680 secs] 571230K->539836K(758420K), 0.0026160 secs] [Times: user=0.02 sys=0.00, real=0.01 secs] 
103.948: Total time for which application threads were stopped: 0.0053460 seconds, Stopping threads took: 0.0026620 seconds
103.979: Application time: 0.0308980 seconds
103.981: [GC103.981: [ParNew: 37566K->4158K(37568K), 0.0025010 secs] 573244K->541671K(758420K), 0.0025470 secs] [Times: user=0.02 sys=0.00, real=0.00 secs] 
103.983: Total time for which application threads were stopped: 0.0042640 seconds, Stopping threads took: 0.0016490 seconds
104.014: Application time: 0.0303980 seconds
104.016: [GC104.016: [ParNew: 37566K->4159K(37568K), 0.0028320 secs] 575079K->544417K(758420K), 0.0028780 secs] [Times: user=0.01 sys=0.00, real=0.00 secs] 
104.019: Total time for which application threads were stopped: 0.0052350 seconds, Stopping threads took: 0.0022670 seconds
104.050: Application time: 0.0313770 seconds
104.052: [GC104.052: [ParNew: 37567K->4159K(37568K), 0.0029830 secs] 577825K->547054K(758420K), 0.0030280 secs] [Times: user=0.02 sys=0.00, real=0.01 secs] 
104.055: Total time for which application threads were stopped: 0.0048060 seconds, Stopping threads took: 0.0017090 seconds
104.087: Application time: 0.0318920 seconds
104.088: [GC104.088: [ParNew: 37567K->4159K(37568K), 0.0028620 secs] 580462K->549611K(758420K), 0.0029090 secs] [Times: user=0.02 sys=0.00, real=0.00 secs] 
104.091: Total time for which application threads were stopped: 0.0044310 seconds, Stopping threads took: 0.0014550 seconds
104.123: Application time: 0.0320960 seconds
104.126: [GC104.126: [ParNew: 37567K->4158K(37568K), 0.0025200 secs] 583019K->551162K(758420K), 0.0025630 secs] [Times: user=0.01 sys=0.00, real=0.01 secs] 
104.129: Total time for which application threads were stopped: 0.0055070 seconds, Stopping threads took: 0.0028550 seconds
104.160: Application time: 0.0310070 seconds
104.162: [GC104.162: [ParNew: 37565K->4159K(37568K), 0.0021950 secs] 584568K->552023K(758420K), 0.0022400 secs] [Times: user=0.02 sys=0.00, real=0.00 secs] 
104.164: Total time for which application threads were stopped: 0.0039480 seconds, Stopping threads took: 0.0016180 seconds
104.195: Application time: 0.0307480 seconds
104.196: [GC104.196: [ParNew: 37567K->4158K(37568K), 0.0026880 secs] 585431K->554698K(758420K), 0.0027340 secs] [Times: user=0.02 sys=0.00, real=0.00 secs] 
104.199: Total time for which application threads were stopped: 0.0044720 seconds, Stopping threads took: 0.0016710 seconds
104.232: Application time: 0.0325420 seconds
104.234: [GC104.234: [ParNew: 37566K->4159K(37568K), 0.0025100 secs] 588106K->556778K(758420K), 0.0025570 secs] [Times: user=0.02 sys=0.00, real=0.01 secs] 
104.236: Total time for which application threads were stopped: 0.0047420 seconds, Stopping threads took: 0.0021180 seconds
104.267: Application time: 0.0308030 seconds
104.271: [GC104.271: [ParNew: 37567K->4158K(37568K), 0.0026310 secs] 590186K->559268K(758420K), 0.0026850 secs] [Times: user=0.02 sys=0.00, real=0.00 secs] 
104.273: Total time for which application threads were stopped: 0.0060620 seconds, Stopping threads took: 0.0033110 seconds
104.304: Application time: 0.0305830 seconds
104.306: [GC104.306: [ParNew: 37566K->4158K(37568K), 0.0028600 secs] 592676K->562021K(758420K), 0.0029020 secs] [Times: user=0.02 sys=0.00, real=0.01 secs] 
104.309: Total time for which application threads were stopped: 0.0047040 seconds, Stopping threads took: 0.0017290 seconds
104.338: Application time: 0.0292040 seconds
104.341: [GC104.341: [ParNew: 37566K->4158K(37568K), 0.0027760 secs] 595429K->564597K(758420K), 0.0028230 secs] [Times: user=0.02 sys=0.00, real=0.00 secs] 
104.344: Total time for which application threads were stopped: 0.0060430 seconds, Stopping threads took: 0.0031310 seconds
104.375: Application time: 0.0312000 seconds
104.377: [GC104.377: [ParNew: 37566K->4158K(37568K), 0.0022640 secs] 598005K->565966K(758420K), 0.0023080 secs] [Times: user=0.01 sys=0.00, real=0.00 secs] 
104.380: Total time for which application threads were stopped: 0.0047210 seconds, Stopping threads took: 0.0023460 seconds
104.410: Application time: 0.0299400 seconds
104.412: [GC104.412: [ParNew: 37566K->4158K(37568K), 0.0029060 secs] 599374K->569276K(758420K), 0.0029500 secs] [Times: user=0.02 sys=0.00, real=0.00 secs] 
104.415: Total time for which application threads were stopped: 0.0048440 seconds, Stopping threads took: 0.0018270 seconds
104.446: Application time: 0.0319360 seconds
104.448: [GC104.448: [ParNew: 37565K->4159K(37568K), 0.0027270 secs] 602683K->571447K(758420K), 0.0027700 secs] [Times: user=0.02 sys=0.00, real=0.00 secs] 
104.451: Total time for which application threads were stopped: 0.0046820 seconds, Stopping threads took: 0.0018460 seconds
104.482: Application time: 0.0312180 seconds
104.484: [GC104.484: [ParNew: 37567K->4159K(37568K), 0.0026070 secs] 604855K->573542K(758420K), 0.0026550 secs] [Times: user=0.01 sys=0.01, real=0.01 secs] 
104.487: Total time for which application threads were stopped: 0.0044200 seconds, Stopping threads took: 0.0017000 seconds
104.518: Application time: 0.0311830 seconds
104.520: [GC104.520: [ParNew: 37567K->4159K(37568K), 0.0027980 secs] 606950K->576282K(758420K), 0.0028450 secs] [Times: user=0.03 sys=0.00, real=0.00 secs] 
104.523: Total time for which application threads were stopped: 0.0052290 seconds, Stopping threads took: 0.0022940 seconds
104.554: Application time: 0.0307240 seconds
104.556: [GC104.556: [ParNew: 37567K->4158K(37568K), 0.0023970 secs] 609690K->577960K(758420K), 0.0024430 secs] [Times: user=0.02 sys=0.00, real=0.00 secs] 
104.558: Total time for which application threads were stopped: 0.0042250 seconds, Stopping threads took: 0.0017130 seconds
104.589: Application time: 0.0307590 seconds
104.590: [GC104.590: [ParNew: 37566K->4159K(37568K), 0.0027160 secs] 611368K->580333K(758420K), 0.0027630 secs] [Times: user=0.01 sys=0.00, real=0.00 secs] 
104.593: Total time for which application threads were stopped: 0.0043530 seconds, Stopping threads took: 0.0015010 seconds
104.624: Application time: 0.0306720 seconds
104.626: [GC104.626: [ParNew: 37566K->4159K(37568K), 0.0022240 secs] 613740K->581531K(758420K), 0.0022710 secs] [Times: user=0.02 sys=0.00, real=0.01 secs] 
104.628: Total time for which application threads were stopped: 0.0041560 seconds, Stopping threads took: 0.0018170 seconds
104.660: Application time: 0.0315990 seconds
104.661: [GC104.661: [ParNew: 37567K->4158K(37568K), 0.0024470 secs] 614939K->583081K(758420K), 0.0024930 secs] [Times: user=0.02 sys=0.00, real=0.00 secs] 
104.664: Total time for which application threads were stopped: 0.0042150 seconds, Stopping threads took: 0.0016530 seconds
104.695: Application time: 0.0313720 seconds
104.698: [GC104.698: [ParNew: 37564K->4159K(37568K), 0.0029470 secs] 616487K->586063K(758420K), 0.0029910 secs] [Times: user=0.02 sys=0.00, real=0.00 secs] 
104.701: Total time for which application threads were stopped: 0.0052720 seconds, Stopping threads took: 0.0021930 seconds
104.731: Application time: 0.0301980 seconds
104.732: [GC104.733: [ParNew: 37567K->4158K(37568K), 0.0027960 secs] 619471K->589004K(758420K), 0.0028410 secs] [Times: user=0.02 sys=0.00, real=0.01 secs] 
104.735: Total time for which application threads were stopped: 0.0045990 seconds, Stopping threads took: 0.0016900 seconds
104.766: Application time: 0.0307450 seconds
104.769: [GC104.769: [ParNew: 37566K->4158K(37568K), 0.0026070 secs] 622412K->591254K(758420K), 0.0026520 secs] [Times: user=0.02 sys=0.00, real=0.00 secs] 
104.772: Total time for which application threads were stopped: 0.0055510 seconds, Stopping threads took: 0.0028310 seconds
104.803: Application time: 0.0313370 seconds
104.805: [GC104.805: [ParNew: 37566K->4159K(37568K), 0.0030440 secs] 624662K->594868K(758420K), 0.0030880 secs] [Times: user=0.03 sys=0.00, real=0.01 secs] 
104.808: Total time for which application threads were stopped: 0.0051930 seconds, Stopping threads took: 0.0020380 seconds
104.840: Application time: 0.0316140 seconds
104.843: [GC104.843: [ParNew: 37567K->4159K(37568K), 0.0023800 secs] 628276K->596428K(758420K), 0.0024230 secs] [Times: user=0.02 sys=0.00, real=0.00 secs] 
104.845: Total time for which application threads were stopped: 0.0053000 seconds, Stopping threads took: 0.0028080 seconds
104.875: Application time: 0.0297510 seconds
104.877: [GC104.877: [ParNew: 37567K->4159K(37568K), 0.0026410 secs] 629836K->598872K(758420K), 0.0026910 secs] [Times: user=0.02 sys=0.00, real=0.00 secs] 
104.880: Total time for which application threads were stopped: 0.0050880 seconds, Stopping threads took: 0.0023300 seconds
104.911: Application time: 0.0308140 seconds
104.912: [GC104.912: [ParNew: 37567K->4159K(37568K), 0.0030310 secs] 632280K->602148K(758420K), 0.0030760 secs] [Times: user=0.03 sys=0.00, real=0.01 secs] 
104.915: Total time for which application threads were stopped: 0.0045210 seconds, Stopping threads took: 0.0013780 seconds
104.947: Application time: 0.0313600 seconds
104.948: [GC104.949: [ParNew: 37567K->4158K(37568K), 0.0024800 secs] 635556K->604006K(758420K), 0.0025290 secs] [Times: user=0.02 sys=0.00, real=0.00 secs] 
104.951: Total time for which application threads were stopped: 0.0043820 seconds, Stopping threads took: 0.0017860 seconds
104.983: Application time: 0.0320650 seconds
104.985: [GC104.985: [ParNew: 37566K->4159K(37568K), 0.0024290 secs] 637414K->605710K(758420K), 0.0024750 secs] [Times: user=0.02 sys=0.00, real=0.01 secs] 
104.987: Total time for which application threads were stopped: 0.0042900 seconds, Stopping threads took: 0.0017470 seconds
105.019: Application time: 0.0318920 seconds
105.020: [GC105.020: [ParNew: 37567K->4158K(37568K), 0.0022820 secs] 639118K->606896K(758420K), 0.0023220 secs] [Times: user=0.02 sys=0.00, real=0.00 secs] 
105.022: Total time for which application threads were stopped: 0.0031770 seconds, Stopping threads took: 0.0007890 seconds
105.055: Application time: 0.0329810 seconds
105.058: [GC105.058: [ParNew: 37566K->4158K(37568K), 0.0022030 secs] 640304K->607963K(758420K), 0.0022470 secs] [Times: user=0.02 sys=0.00, real=0.00 secs] 
105.061: Total time for which application threads were stopped: 0.0050500 seconds, Stopping threads took: 0.0027360 seconds
105.092: Application time: 0.0313790 seconds
105.095: [GC105.095: [ParNew: 37566K->4159K(37568K), 0.0027650 secs] 641371K->610977K(758420K), 0.0028120 secs] [Times: user=0.02 sys=0.00, real=0.00 secs] 
105.098: Total time for which application threads were stopped: 0.0059640 seconds, Stopping threads took: 0.0030850 seconds
105.129: Application time: 0.0312550 seconds
105.132: [GC105.132: [ParNew: 37567K->4158K(37568K), 0.0026590 secs] 644385K->613404K(758420K), 0.0027060 secs] [Times: user=0.01 sys=0.00, real=0.01 secs] 
105.135: Total time for which application threads were stopped: 0.0056320 seconds, Stopping threads took: 0.0028580 seconds
105.166: Application time: 0.0314760 seconds
105.169: [GC105.169: [ParNew: 37566K->4159K(37568K), 0.0024680 secs] 646812K->614757K(758420K), 0.0025210 secs] [Times: user=0.01 sys=0.00, real=0.00 secs] 
105.171: Total time for which application threads were stopped: 0.0049080 seconds, Stopping threads took: 0.0023210 seconds
105.201: Application time: 0.0293970 seconds
105.202: [GC105.202: [ParNew: 37567K->4158K(37568K), 0.0030310 secs] 648165K->618415K(758420K), 0.0030770 secs] [Times: user=0.02 sys=0.00, real=0.00 secs] 
105.205: Total time for which application threads were stopped: 0.0047470 seconds, Stopping threads took: 0.0016030 seconds
105.236: Application time: 0.0302330 seconds
105.238: [GC105.238: [ParNew: 37566K->4158K(37568K), 0.0030360 secs] 651823K->622047K(758420K), 0.0030810 secs] [Times: user=0.03 sys=0.00, real=0.00 secs] 
105.241: Total time for which application threads were stopped: 0.0054970 seconds, Stopping threads took: 0.0023510 seconds
105.271: Application time: 0.0302070 seconds
105.273: [GC105.273: [ParNew: 37566K->4158K(37568K), 0.0028990 secs] 655455K->625062K(758420K), 0.0029420 secs] [Times: user=0.02 sys=0.00, real=0.01 secs] 
105.276: Total time for which application threads were stopped: 0.0051560 seconds, Stopping threads took: 0.0021490 seconds
105.306: Application time: 0.0296060 seconds
105.309: [GC105.309: [ParNew: 37566K->4159K(37568K), 0.0023400 secs] 658470K->626390K(758420K), 0.0023840 secs] [Times: user=0.02 sys=0.00, real=0.00 secs] 
105.311: Total time for which application threads were stopped: 0.0053410 seconds, Stopping threads took: 0.0028920 seconds
105.340: Application time: 0.0290210 seconds
105.343: [GC105.343: [ParNew: 37566K->4158K(37568K), 0.0029110 secs] 659797K->629602K(758420K), 0.0029530 secs] [Times: user=0.02 sys=0.01, real=0.00 secs] 
105.346: Total time for which application threads were stopped: 0.0056980 seconds, Stopping threads took: 0.0026680 seconds
105.376: Application time: 0.0296330 seconds
105.377: [GC105.377: [ParNew: 37566K->4159K(37568K), 0.0024080 secs] 663010K->631187K(758420K), 0.0024500 secs] [Times: user=0.02 sys=0.00, real=0.00 secs] 
105.380: Total time for which application threads were stopped: 0.0041530 seconds, Stopping threads took: 0.0016130 seconds
105.406: Application time: 0.0266400 seconds
105.409: [GC105.409: [ParNew: 37567K->4158K(37568K), 0.0029390 secs] 664595K->634218K(758420K), 0.0029830 secs] [Times: user=0.02 sys=0.00, real=0.00 secs] 
105.412: Total time for which application threads were stopped: 0.0055690 seconds, Stopping threads took: 0.0025200 seconds
 CMS: abort preclean due to time 105.415: [CMS-concurrent-abortable-preclean: 0.691/5.007 secs] [Times: user=37.59 sys=0.21, real=5.01 secs] 
105.415: Application time: 0.0030630 seconds
105.417: [GC[YG occupancy: 7035 K (37568 K)]105.417: [Rescan (parallel) , 0.0003310 secs]105.418: [weak refs processing, 0.0000060 secs]105.418: [scrub string table, 0.0001060 secs] [1 CMS-remark: 630060K(720852K)] 637095K(758420K), 0.0004680 secs] [Times: user=0.00 sys=0.00, real=0.00 secs] 
105.418: Total time for which application threads were stopped: 0.0025640 seconds, Stopping threads took: 0.0020450 seconds
105.418: [CMS-concurrent-sweep-start]
105.447: Application time: 0.0297080 seconds
105.449: [GC105.449: [ParNew: 37566K->4158K(37568K), 0.0023950 secs] 374116K->342572K(758420K), 0.0024360 secs] [Times: user=0.01 sys=0.00, real=0.00 secs] 
105.452: Total time for which application threads were stopped: 0.0043820 seconds, Stopping threads took: 0.0018860 seconds
105.456: [CMS-concurrent-sweep: 0.034/0.038 secs] [Times: user=0.28 sys=0.00, real=0.04 secs] 
105.456: [CMS-concurrent-reset-start]
105.458: [CMS-concurrent-reset: 0.003/0.003 secs] [Times: user=0.01 sys=0.00, real=0.00 secs] 
105.481: Application time: 0.0289950 seconds
105.482: [GC105.482: [ParNew: 37566K->4159K(37568K), 0.0029810 secs] 346360K->316606K(758420K), 0.0030240 secs] [Times: user=0.02 sys=0.00, real=0.00 secs] 
105.485: Total time for which application threads were stopped: 0.0046380 seconds, Stopping threads took: 0.0015480 seconds
105.486: Application time: 0.0001130 seconds
105.489: [GC [1 CMS-initial-mark: 312446K(720852K)] 317115K(758420K), 0.0001830 secs] [Times: user=0.00 sys=0.00, real=0.00 secs] 
105.489: Total time for which application threads were stopped: 0.0034390 seconds, Stopping threads took: 0.0032360 seconds
105.489: [CMS-concurrent-mark-start]
105.495: [CMS-concurrent-mark: 0.007/0.007 secs] [Times: user=0.05 sys=0.00, real=0.01 secs] 
105.496: [CMS-concurrent-preclean-start]
105.497: [CMS-concurrent-preclean: 0.001/0.001 secs] [Times: user=0.00 sys=0.00, real=0.00 secs] 
105.497: [CMS-concurrent-abortable-preclean-start]
105.520: Application time: 0.0307600 seconds
105.521: [GC105.521: [ParNew: 37567K->4158K(37568K), 0.0018480 secs] 350014K->316693K(758420K), 0.0018910 secs] [Times: user=0.01 sys=0.00, real=0.00 secs] 
105.523: Total time for which application threads were stopped: 0.0034320 seconds, Stopping threads took: 0.0014750 seconds
105.554: Application time: 0.0305030 seconds
105.554: [GC105.554: [ParNew: 37566K->4158K(37568K), 0.0021890 secs] 350101K->317130K(758420K), 0.0022320 secs] [Times: user=0.02 sys=0.00, real=0.01 secs] 
105.557: Total time for which application threads were stopped: 0.0029900 seconds, Stopping threads took: 0.0006910 seconds
105.587: Application time: 0.0305710 seconds
105.589: [GC105.589: [ParNew: 37566K->4158K(37568K), 0.0019400 secs] 350538K->317340K(758420K), 0.0019830 secs] [Times: user=0.01 sys=0.00, real=0.00 secs] 
105.591: Total time for which application threads were stopped: 0.0034720 seconds, Stopping threads took: 0.0014060 seconds
105.620: Application time: 0.0293730 seconds
105.623: [GC105.623: [ParNew: 37565K->4159K(37568K), 0.0025780 secs] 350746K->319338K(758420K), 0.0026190 secs] [Times: user=0.02 sys=0.00, real=0.00 secs] 
105.625: Total time for which application threads were stopped: 0.0052310 seconds, Stopping threads took: 0.0025450 seconds
105.654: Application time: 0.0286670 seconds
105.656: [GC105.656: [ParNew: 37567K->4158K(37568K), 0.0027370 secs] 352746K->322129K(758420K), 0.0027820 secs] [Times: user=0.02 sys=0.00, real=0.00 secs] 
105.658: Total time for which application threads were stopped: 0.0043500 seconds, Stopping threads took: 0.0015010 seconds
105.688: Application time: 0.0292720 seconds
105.689: [GC105.689: [ParNew: 37566K->4158K(37568K), 0.0023460 secs] 355537K->323889K(758420K), 0.0023880 secs] [Times: user=0.01 sys=0.00, real=0.00 secs] 
105.692: Total time for which application threads were stopped: 0.0041750 seconds, Stopping threads took: 0.0017230 seconds
105.722: Application time: 0.0299110 seconds
105.723: [GC105.723: [ParNew: 37566K->4158K(37568K), 0.0020560 secs] 357297K->324578K(758420K), 0.0020970 secs] [Times: user=0.02 sys=0.00, real=0.00 secs] 
105.725: Total time for which application threads were stopped: 0.0033940 seconds, Stopping threads took: 0.0012320 seconds
105.755: Application time: 0.0297670 seconds
105.756: [GC105.756: [ParNew: 37566K->4159K(37568K), 0.0021700 secs] 357986K->325559K(758420K), 0.0022130 secs] [Times: user=0.01 sys=0.00, real=0.00 secs] 
105.758: Total time for which application threads were stopped: 0.0034070 seconds, Stopping threads took: 0.0011300 seconds
105.788: Application time: 0.0299030 seconds
105.790: [GC105.790: [ParNew: 37567K->4159K(37568K), 0.0027100 secs] 358967K->328292K(758420K), 0.0027550 secs] [Times: user=0.02 sys=0.00, real=0.00 secs] 
105.793: Total time for which application threads were stopped: 0.0049660 seconds, Stopping threads took: 0.0021460 seconds
105.823: Application time: 0.0294300 seconds
105.825: [GC105.825: [ParNew: 37567K->4159K(37568K), 0.0025350 secs] 361700K->330472K(758420K), 0.0025800 secs] [Times: user=0.02 sys=0.00, real=0.01 secs] 
105.827: Total time for which application threads were stopped: 0.0045290 seconds, Stopping threads took: 0.0018830 seconds
105.856: Application time: 0.0292590 seconds
105.859: [GC105.859: [ParNew: 37567K->4159K(37568K), 0.0025020 secs] 363880K->332642K(758420K), 0.0025550 secs] [Times: user=0.02 sys=0.00, real=0.00 secs] 
105.862: Total time for which application threads were stopped: 0.0053230 seconds, Stopping threads took: 0.0027030 seconds
105.891: Application time: 0.0296910 seconds
105.893: [GC105.893: [ParNew: 37567K->4158K(37568K), 0.0028100 secs] 366050K->335724K(758420K), 0.0028530 secs] [Times: user=0.02 sys=0.00, real=0.01 secs] 
105.896: Total time for which application threads were stopped: 0.0041470 seconds, Stopping threads took: 0.0012200 seconds
105.925: Application time: 0.0294790 seconds
105.926: [GC105.926: [ParNew: 37566K->4159K(37568K), 0.0023110 secs] 369132K->337106K(758420K), 0.0023540 secs] [Times: user=0.01 sys=0.00, real=0.01 secs] 
105.928: Total time for which application threads were stopped: 0.0029990 seconds, Stopping threads took: 0.0005820 seconds
105.958: Application time: 0.0304260 seconds
105.960: [GC105.960: [ParNew: 37567K->4020K(37568K), 0.0018940 secs] 370514K->336995K(758420K), 0.0019360 secs] [Times: user=0.02 sys=0.00, real=0.00 secs] 
105.962: Total time for which application threads were stopped: 0.0036840 seconds, Stopping threads took: 0.0016830 seconds
105.991: Application time: 0.0288960 seconds
105.993: [GC105.993: [ParNew: 37428K->4158K(37568K), 0.0025800 secs] 370403K->339505K(758420K), 0.0026200 secs] [Times: user=0.02 sys=0.00, real=0.01 secs] 
105.996: Total time for which application threads were stopped: 0.0044640 seconds, Stopping threads took: 0.0017800 seconds
106.025: Application time: 0.0293990 seconds
106.026: [GC106.026: [ParNew: 37566K->4158K(37568K), 0.0026920 secs] 372913K->342234K(758420K), 0.0027390 secs] [Times: user=0.02 sys=0.00, real=0.01 secs] 
106.029: Total time for which application threads were stopped: 0.0041370 seconds, Stopping threads took: 0.0013300 seconds
106.059: Application time: 0.0299410 seconds
106.061: [GC106.061: [ParNew: 37565K->4158K(37568K), 0.0029890 secs] 375641K->345896K(758420K), 0.0030340 secs] [Times: user=0.02 sys=0.00, real=0.00 secs] 
106.064: Total time for which application threads were stopped: 0.0051240 seconds, Stopping threads took: 0.0020240 seconds
106.093: Application time: 0.0290800 seconds
106.095: [GC106.095: [ParNew: 37566K->4158K(37568K), 0.0022750 secs] 379304K->347322K(758420K), 0.0023180 secs] [Times: user=0.02 sys=0.00, real=0.00 secs] 
106.097: Total time for which application threads were stopped: 0.0042610 seconds, Stopping threads took: 0.0018780 seconds
106.128: Application time: 0.0301440 seconds
106.130: [GC106.130: [ParNew: 37566K->4158K(37568K), 0.0019730 secs] 380730K->347720K(758420K), 0.0020170 secs] [Times: user=0.01 sys=0.00, real=0.00 secs] 
106.132: Total time for which application threads were stopped: 0.0044990 seconds, Stopping threads took: 0.0024180 seconds
106.161: Application time: 0.0291070 seconds
106.164: [GC106.164: [ParNew: 37566K->4159K(37568K), 0.0029640 secs] 381128K->351004K(758420K), 0.0030100 secs] [Times: user=0.01 sys=0.00, real=0.01 secs] 
106.167: Total time for which application threads were stopped: 0.0059770 seconds, Stopping threads took: 0.0029010 seconds
106.196: Application time: 0.0288710 seconds
106.199: [GC106.199: [ParNew: 37567K->4158K(37568K), 0.0028830 secs] 384412K->354291K(758420K), 0.0029270 secs] [Times: user=0.02 sys=0.00, real=0.00 secs] 
106.202: Total time for which application threads were stopped: 0.0057460 seconds, Stopping threads took: 0.0027610 seconds
106.231: Application time: 0.0291700 seconds
106.233: [GC106.233: [ParNew: 37566K->4158K(37568K), 0.0026730 secs] 387699K->356944K(758420K), 0.0027160 secs] [Times: user=0.02 sys=0.00, real=0.01 secs] 
106.236: Total time for which application threads were stopped: 0.0048240 seconds, Stopping threads took: 0.0020440 seconds
106.265: Application time: 0.0293890 seconds
106.268: [GC106.268: [ParNew: 37566K->4158K(37568K), 0.0022850 secs] 390352K->358141K(758420K), 0.0023260 secs] [Times: user=0.02 sys=0.00, real=0.00 secs] 
106.270: Total time for which application threads were stopped: 0.0050050 seconds, Stopping threads took: 0.0026150 seconds
106.300: Application time: 0.0297470 seconds
106.301: [GC106.301: [ParNew: 37566K->4158K(37568K), 0.0024500 secs] 391549K->359819K(758420K), 0.0025030 secs] [Times: user=0.02 sys=0.00, real=0.00 secs] 
106.303: Total time for which application threads were stopped: 0.0033380 seconds, Stopping threads took: 0.0007710 seconds
106.333: Application time: 0.0298990 seconds
106.335: [GC106.335: [ParNew: 37566K->4159K(37568K), 0.0018590 secs] 393227K->359919K(758420K), 0.0019090 secs] [Times: user=0.01 sys=0.00, real=0.01 secs] 
106.337: Total time for which application threads were stopped: 0.0033070 seconds, Stopping threads took: 0.0013350 seconds
106.365: Application time: 0.0281420 seconds
106.367: [GC106.367: [ParNew: 37567K->4159K(37568K), 0.0027970 secs] 393327K->362910K(758420K), 0.0028420 secs] [Times: user=0.02 sys=0.00, real=0.01 secs] 
106.369: Total time for which application threads were stopped: 0.0047300 seconds, Stopping threads took: 0.0018240 seconds
106.398: Application time: 0.0285830 seconds
106.400: [GC106.400: [ParNew: 37567K->4159K(37568K), 0.0027810 secs] 396318K->365891K(758420K), 0.0028230 secs] [Times: user=0.02 sys=0.00, real=0.00 secs] 
106.403: Total time for which application threads were stopped: 0.0053180 seconds, Stopping threads took: 0.0024260 seconds
106.434: Application time: 0.0303640 seconds
106.436: [GC106.436: [ParNew: 37567K->4158K(37568K), 0.0021650 secs] 399299K->366809K(758420K), 0.0022080 secs] [Times: user=0.02 sys=0.00, real=0.00 secs] 
106.438: Total time for which application threads were stopped: 0.0043040 seconds, Stopping threads took: 0.0020300 seconds
106.467: Application time: 0.0289060 seconds
106.468: [GC106.468: [ParNew: 37566K->4158K(37568K), 0.0022370 secs] 400217K->368081K(758420K), 0.0022810 secs] [Times: user=0.02 sys=0.00, real=0.00 secs] 
106.471: Total time for which application threads were stopped: 0.0037400 seconds, Stopping threads took: 0.0013810 seconds
106.501: Application time: 0.0300830 seconds
106.503: [GC106.503: [ParNew: 37566K->4159K(37568K), 0.0021640 secs] 401489K->369260K(758420K), 0.0022060 secs] [Times: user=0.01 sys=0.00, real=0.00 secs] 
106.506: Total time for which application threads were stopped: 0.0049960 seconds, Stopping threads took: 0.0027220 seconds
106.534: Application time: 0.0284620 seconds
106.535: [GC106.535: [ParNew: 37567K->4159K(37568K), 0.0029740 secs] 402668K->372824K(758420K), 0.0030170 secs] [Times: user=0.02 sys=0.00, real=0.00 secs] 
106.538: Total time for which application threads were stopped: 0.0043180 seconds, Stopping threads took: 0.0012350 seconds
106.569: Application time: 0.0300300 seconds
106.571: [GC106.571: [ParNew: 37567K->4159K(37568K), 0.0025760 secs] 406232K->375198K(758420K), 0.0026170 secs] [Times: user=0.02 sys=0.00, real=0.00 secs] 
106.574: Total time for which application threads were stopped: 0.0055920 seconds, Stopping threads took: 0.0029110 seconds
106.604: Application time: 0.0297760 seconds
106.605: [GC106.605: [ParNew: 37567K->4159K(37568K), 0.0025580 secs] 408606K->377327K(758420K), 0.0026040 secs] [Times: user=0.02 sys=0.00, real=0.01 secs] 
106.608: Total time for which application threads were stopped: 0.0042080 seconds, Stopping threads took: 0.0015360 seconds
106.637: Application time: 0.0292720 seconds
106.640: [GC106.640: [ParNew: 37567K->4158K(37568K), 0.0028440 secs] 410735K->380313K(758420K), 0.0028870 secs] [Times: user=0.02 sys=0.00, real=0.00 secs] 
106.642: Total time for which application threads were stopped: 0.0051220 seconds, Stopping threads took: 0.0021480 seconds
106.672: Application time: 0.0294560 seconds
106.674: [GC106.674: [ParNew: 37566K->4159K(37568K), 0.0026760 secs] 413721K->383134K(758420K), 0.0027190 secs] [Times: user=0.02 sys=0.00, real=0.01 secs] 
106.677: Total time for which application threads were stopped: 0.0047880 seconds, Stopping threads took: 0.0020040 seconds
106.707: Application time: 0.0304810 seconds
106.709: [GC106.709: [ParNew: 37566K->4158K(37568K), 0.0023360 secs] 416540K->384647K(758420K), 0.0023780 secs] [Times: user=0.02 sys=0.00, real=0.00 secs] 
106.712: Total time for which application threads were stopped: 0.0046550 seconds, Stopping threads took: 0.0022050 seconds
106.741: Application time: 0.0291470 seconds
106.743: [GC106.743: [ParNew: 37566K->4159K(37568K), 0.0021410 secs] 418055K->385570K(758420K), 0.0021860 secs] [Times: user=0.02 sys=0.00, real=0.00 secs] 
106.745: Total time for which application threads were stopped: 0.0039320 seconds, Stopping threads took: 0.0016810 seconds
106.774: Application time: 0.0285420 seconds
106.775: [GC106.775: [ParNew: 37567K->4158K(37568K), 0.0025850 secs] 418978K->387823K(758420K), 0.0026310 secs] [Times: user=0.02 sys=0.00, real=0.00 secs] 
106.778: Total time for which application threads were stopped: 0.0044960 seconds, Stopping threads took: 0.0017900 seconds
106.807: Application time: 0.0288480 seconds
106.809: [GC106.809: [ParNew: 37566K->4159K(37568K), 0.0028700 secs] 421231K->391037K(758420K), 0.0029140 secs] [Times: user=0.02 sys=0.00, real=0.00 secs] 
106.812: Total time for which application threads were stopped: 0.0053470 seconds, Stopping threads took: 0.0023660 seconds
106.841: Application time: 0.0287990 seconds
106.843: [GC106.843: [ParNew: 37567K->4158K(37568K), 0.0024490 secs] 424445K->393101K(758420K), 0.0024930 secs] [Times: user=0.02 sys=0.00, real=0.00 secs] 
106.846: Total time for which application threads were stopped: 0.0046250 seconds, Stopping threads took: 0.0020660 seconds
106.875: Application time: 0.0296460 seconds
106.878: [GC106.878: [ParNew: 37566K->4158K(37568K), 0.0025070 secs] 426509K->395088K(758420K), 0.0025500 secs] [Times: user=0.02 sys=0.00, real=0.00 secs] 
106.880: Total time for which application threads were stopped: 0.0051710 seconds, Stopping threads took: 0.0025550 seconds
106.911: Application time: 0.0302010 seconds
106.913: [GC106.913: [ParNew: 37565K->4159K(37568K), 0.0022750 secs] 428496K->396410K(758420K), 0.0023210 secs] [Times: user=0.02 sys=0.00, real=0.01 secs] 
106.916: Total time for which application threads were stopped: 0.0049330 seconds, Stopping threads took: 0.0025390 seconds
106.945: Application time: 0.0297770 seconds
106.946: [GC106.946: [ParNew: 37567K->4159K(37568K), 0.0020630 secs] 429818K->396797K(758420K), 0.0021120 secs] [Times: user=0.01 sys=0.00, real=0.01 secs] 
106.949: Total time for which application threads were stopped: 0.0031350 seconds, Stopping threads took: 0.0009570 seconds
106.978: Application time: 0.0292970 seconds
106.979: [GC106.979: [ParNew: 37567K->4159K(37568K), 0.0027550 secs] 430205K->399565K(758420K), 0.0028020 secs] [Times: user=0.02 sys=0.00, real=0.00 secs] 
106.982: Total time for which application threads were stopped: 0.0043760 seconds, Stopping threads took: 0.0014860 seconds
107.012: Application time: 0.0298850 seconds
107.014: [GC107.014: [ParNew: 37567K->4159K(37568K), 0.0024780 secs] 432973K->401786K(758420K), 0.0025250 secs] [Times: user=0.02 sys=0.00, real=0.01 secs] 
107.016: Total time for which application threads were stopped: 0.0040330 seconds, Stopping threads took: 0.0014420 seconds
107.044: Application time: 0.0283060 seconds
107.047: [GC107.047: [ParNew: 37565K->4158K(37568K), 0.0029240 secs] 435193K->405282K(758420K), 0.0029670 secs] [Times: user=0.02 sys=0.00, real=0.00 secs] 
107.050: Total time for which application threads were stopped: 0.0059820 seconds, Stopping threads took: 0.0029490 seconds
107.080: Application time: 0.0297610 seconds
107.082: [GC107.082: [ParNew: 37566K->4158K(37568K), 0.0025400 secs] 438690K->407687K(758420K), 0.0025830 secs] [Times: user=0.02 sys=0.00, real=0.00 secs] 
107.085: Total time for which application threads were stopped: 0.0046840 seconds, Stopping threads took: 0.0020350 seconds
107.115: Application time: 0.0302970 seconds
107.118: [GC107.118: [ParNew: 37566K->4159K(37568K), 0.0022430 secs] 441095K->408851K(758420K), 0.0022830 secs] [Times: user=0.02 sys=0.00, real=0.00 secs] 
107.120: Total time for which application threads were stopped: 0.0049530 seconds, Stopping threads took: 0.0026060 seconds
107.149: Application time: 0.0290890 seconds
107.152: [GC107.152: [ParNew: 37566K->4159K(37568K), 0.0025970 secs] 442258K->411328K(758420K), 0.0026470 secs] [Times: user=0.02 sys=0.00, real=0.01 secs] 
107.155: Total time for which application threads were stopped: 0.0056640 seconds, Stopping threads took: 0.0029600 seconds
107.184: Application time: 0.0294360 seconds
107.186: [GC107.186: [ParNew: 37567K->4159K(37568K), 0.0020060 secs] 444736K->411759K(758420K), 0.0020460 secs] [Times: user=0.01 sys=0.00, real=0.01 secs] 
107.188: Total time for which application threads were stopped: 0.0033080 seconds, Stopping threads took: 0.0011990 seconds
107.216: Application time: 0.0284480 seconds
107.218: [GC107.218: [ParNew: 37567K->4158K(37568K), 0.0025230 secs] 445167K->413981K(758420K), 0.0025660 secs] [Times: user=0.02 sys=0.00, real=0.00 secs] 
107.220: Total time for which application threads were stopped: 0.0042430 seconds, Stopping threads took: 0.0016120 seconds
107.249: Application time: 0.0288150 seconds
107.251: [GC107.251: [ParNew: 37566K->4159K(37568K), 0.0024610 secs] 447389K->415981K(758420K), 0.0025010 secs] [Times: user=0.02 sys=0.00, real=0.00 secs] 
107.254: Total time for which application threads were stopped: 0.0046730 seconds, Stopping threads took: 0.0021130 seconds
107.283: Application time: 0.0292320 seconds
107.286: [GC107.286: [ParNew: 37567K->4158K(37568K), 0.0023030 secs] 449389K->417327K(758420K), 0.0023490 secs] [Times: user=0.02 sys=0.00, real=0.01 secs] 
107.288: Total time for which application threads were stopped: 0.0050590 seconds, Stopping threads took: 0.0026460 seconds
107.317: Application time: 0.0294110 seconds
107.320: [GC107.320: [ParNew: 37566K->4159K(37568K), 0.0025980 secs] 450735K->419639K(758420K), 0.0026410 secs] [Times: user=0.01 sys=0.00, real=0.00 secs] 
107.323: Total time for which application threads were stopped: 0.0054860 seconds, Stopping threads took: 0.0027790 seconds
107.353: Application time: 0.0297470 seconds
107.355: [GC107.355: [ParNew: 37567K->4158K(37568K), 0.0022180 secs] 453047K->420910K(758420K), 0.0022610 secs] [Times: user=0.02 sys=0.00, real=0.00 secs] 
107.357: Total time for which application threads were stopped: 0.0045510 seconds, Stopping threads took: 0.0022270 seconds
107.386: Application time: 0.0287630 seconds
107.388: [GC107.388: [ParNew: 37566K->4159K(37568K), 0.0025790 secs] 454318K->423125K(758420K), 0.0026260 secs] [Times: user=0.02 sys=0.00, real=0.00 secs] 
107.391: Total time for which application threads were stopped: 0.0049600 seconds, Stopping threads took: 0.0022480 seconds
107.421: Application time: 0.0297710 seconds
107.424: [GC107.424: [ParNew: 37567K->4159K(37568K), 0.0024950 secs] 456533K->425251K(758420K), 0.0025400 secs] [Times: user=0.01 sys=0.00, real=0.00 secs] 
107.426: Total time for which application threads were stopped: 0.0053690 seconds, Stopping threads took: 0.0027590 seconds
107.455: Application time: 0.0292920 seconds
107.458: [GC107.458: [ParNew: 37567K->4158K(37568K), 0.0027580 secs] 458659K->428235K(758420K), 0.0028030 secs] [Times: user=0.02 sys=0.00, real=0.00 secs] 
107.461: Total time for which application threads were stopped: 0.0057410 seconds, Stopping threads took: 0.0028720 seconds
107.491: Application time: 0.0294150 seconds
107.492: [GC107.492: [ParNew: 37566K->4159K(37568K), 0.0027710 secs] 461643K->431123K(758420K), 0.0028150 secs] [Times: user=0.02 sys=0.00, real=0.01 secs] 
107.495: Total time for which application threads were stopped: 0.0041600 seconds, Stopping threads took: 0.0012810 seconds
107.525: Application time: 0.0300160 seconds
107.528: [GC107.528: [ParNew: 37567K->4158K(37568K), 0.0026420 secs] 464531K->433461K(758420K), 0.0026810 secs] [Times: user=0.02 sys=0.00, real=0.00 secs] 
107.530: Total time for which application threads were stopped: 0.0055710 seconds, Stopping threads took: 0.0028260 seconds
107.559: Application time: 0.0285210 seconds
107.560: [GC107.560: [ParNew: 37566K->4158K(37568K), 0.0026830 secs] 466869K->435902K(758420K), 0.0027250 secs] [Times: user=0.02 sys=0.00, real=0.00 secs] 
107.563: Total time for which application threads were stopped: 0.0042260 seconds, Stopping threads took: 0.0014290 seconds
107.593: Application time: 0.0294650 seconds
107.595: [GC107.595: [ParNew: 37566K->4159K(37568K), 0.0026640 secs] 469310K->438687K(758420K), 0.0027100 secs] [Times: user=0.02 sys=0.00, real=0.00 secs] 
107.598: Total time for which application threads were stopped: 0.0052600 seconds, Stopping threads took: 0.0024860 seconds
107.627: Application time: 0.0287710 seconds
107.628: [GC107.628: [ParNew: 37567K->4159K(37568K), 0.0026910 secs] 472095K->441281K(758420K), 0.0027350 secs] [Times: user=0.02 sys=0.00, real=0.00 secs] 
107.631: Total time for which application threads were stopped: 0.0042000 seconds, Stopping threads took: 0.0014000 seconds
107.660: Application time: 0.0293410 seconds
107.663: [GC107.663: [ParNew: 37567K->4159K(37568K), 0.0025480 secs] 474689K->443377K(758420K), 0.0025930 secs] [Times: user=0.01 sys=0.00, real=0.00 secs] 
107.665: Total time for which application threads were stopped: 0.0051210 seconds, Stopping threads took: 0.0024630 seconds
107.694: Application time: 0.0284860 seconds
107.696: [GC107.696: [ParNew: 37567K->4159K(37568K), 0.0026240 secs] 476785K->445687K(758420K), 0.0026670 secs] [Times: user=0.02 sys=0.00, real=0.00 secs] 
107.698: Total time for which application threads were stopped: 0.0045310 seconds, Stopping threads took: 0.0018000 seconds
107.727: Application time: 0.0284920 seconds
107.729: [GC107.729: [ParNew: 37567K->4159K(37568K), 0.0028660 secs] 479095K->448885K(758420K), 0.0029130 secs] [Times: user=0.02 sys=0.00, real=0.00 secs] 
107.732: Total time for which application threads were stopped: 0.0052000 seconds, Stopping threads took: 0.0022220 seconds
107.762: Application time: 0.0296350 seconds
107.762: [GC107.762: [ParNew: 37567K->4158K(37568K), 0.0022010 secs] 482293K->450012K(758420K), 0.0022450 secs] [Times: user=0.01 sys=0.00, real=0.00 secs] 
107.765: Total time for which application threads were stopped: 0.0030440 seconds, Stopping threads took: 0.0007330 seconds
107.794: Application time: 0.0294870 seconds
107.796: [GC107.796: [ParNew: 37565K->4158K(37568K), 0.0019360 secs] 483420K->450077K(758420K), 0.0019750 secs] [Times: user=0.02 sys=0.00, real=0.00 secs] 
107.798: Total time for which application threads were stopped: 0.0042160 seconds, Stopping threads took: 0.0021780 seconds
107.828: Application time: 0.0292890 seconds
107.829: [GC107.829: [ParNew: 37566K->4159K(37568K), 0.0026040 secs] 483485K->452505K(758420K), 0.0026500 secs] [Times: user=0.02 sys=0.00, real=0.00 secs] 
107.831: Total time for which application threads were stopped: 0.0037670 seconds, Stopping threads took: 0.0010510 seconds
107.861: Application time: 0.0300470 seconds
107.864: [GC107.864: [ParNew: 37567K->4159K(37568K), 0.0025660 secs] 485913K->454819K(758420K), 0.0026090 secs] [Times: user=0.01 sys=0.00, real=0.01 secs] 
107.867: Total time for which application threads were stopped: 0.0054100 seconds, Stopping threads took: 0.0027370 seconds
107.896: Application time: 0.0294880 seconds
107.899: [GC107.899: [ParNew: 37567K->4159K(37568K), 0.0027150 secs] 488227K->457640K(758420K), 0.0027590 secs] [Times: user=0.01 sys=0.00, real=0.00 secs] 
107.901: Total time for which application threads were stopped: 0.0049850 seconds, Stopping threads took: 0.0021540 seconds
107.930: Application time: 0.0290240 seconds
107.932: [GC107.932: [ParNew: 37567K->4158K(37568K), 0.0027300 secs] 491048K->460351K(758420K), 0.0027740 secs] [Times: user=0.02 sys=0.00, real=0.00 secs] 
107.935: Total time for which application threads were stopped: 0.0041100 seconds, Stopping threads took: 0.0012610 seconds
107.965: Application time: 0.0300010 seconds
107.967: [GC107.967: [ParNew: 37566K->4159K(37568K), 0.0026910 secs] 493759K->463042K(758420K), 0.0027370 secs] [Times: user=0.01 sys=0.00, real=0.00 secs] 
107.970: Total time for which application threads were stopped: 0.0052470 seconds, Stopping threads took: 0.0024420 seconds
107.997: Application time: 0.0275510 seconds
108.000: [GC108.000: [ParNew: 37567K->4159K(37568K), 0.0029850 secs] 496450K->466597K(758420K), 0.0030380 secs] [Times: user=0.02 sys=0.00, real=0.00 secs] 
108.003: Total time for which application threads were stopped: 0.0059000 seconds, Stopping threads took: 0.0027950 seconds
108.034: Application time: 0.0303030 seconds
108.035: [GC108.035: [ParNew: 37567K->4158K(37568K), 0.0023130 secs] 500005K->468054K(758420K), 0.0023580 secs] [Times: user=0.02 sys=0.00, real=0.00 secs] 
108.038: Total time for which application threads were stopped: 0.0042820 seconds, Stopping threads took: 0.0018590 seconds
108.068: Application time: 0.0297990 seconds
108.070: [GC108.070: [ParNew: 37566K->4158K(37568K), 0.0021210 secs] 501462K->468803K(758420K), 0.0021660 secs] [Times: user=0.02 sys=0.00, real=0.00 secs] 
108.072: Total time for which application threads were stopped: 0.0045830 seconds, Stopping threads took: 0.0023530 seconds
108.101: Application time: 0.0289170 seconds
108.103: [GC108.103: [ParNew: 37566K->4158K(37568K), 0.0028230 secs] 502211K->471841K(758420K), 0.0028630 secs] [Times: user=0.02 sys=0.00, real=0.00 secs] 
108.106: Total time for which application threads were stopped: 0.0048380 seconds, Stopping threads took: 0.0019030 seconds
108.136: Application time: 0.0300140 seconds
108.137: [GC108.137: [ParNew: 37566K->4152K(37568K), 0.0018670 secs] 505249K->471835K(758420K), 0.0019050 secs] [Times: user=0.01 sys=0.00, real=0.00 secs] 
108.139: Total time for which application threads were stopped: 0.0032620 seconds, Stopping threads took: 0.0012950 seconds
108.169: Application time: 0.0298960 seconds
108.170: [GC108.170: [ParNew: 37560K->4011K(37568K), 0.0018880 secs] 505243K->471694K(758420K), 0.0019310 secs] [Times: user=0.01 sys=0.00, real=0.00 secs] 
108.172: Total time for which application threads were stopped: 0.0025130 seconds, Stopping threads took: 0.0005170 seconds
108.201: Application time: 0.0297210 seconds
108.203: [GC108.203: [ParNew: 37419K->4158K(37568K), 0.0024120 secs] 505102K->473518K(758420K), 0.0024620 secs] [Times: user=0.02 sys=0.00, real=0.00 secs] 
108.205: Total time for which application threads were stopped: 0.0036820 seconds, Stopping threads took: 0.0011550 seconds
108.234: Application time: 0.0292610 seconds
108.236: [GC108.236: [ParNew: 37566K->4158K(37568K), 0.0022070 secs] 506926K->474529K(758420K), 0.0022510 secs] [Times: user=0.02 sys=0.00, real=0.00 secs] 
108.238: Total time for which application threads were stopped: 0.0041190 seconds, Stopping threads took: 0.0018020 seconds
108.268: Application time: 0.0296410 seconds
108.270: [GC108.270: [ParNew: 37566K->4159K(37568K), 0.0026230 secs] 507937K->476950K(758420K), 0.0026650 secs] [Times: user=0.02 sys=0.00, real=0.00 secs] 
108.273: Total time for which application threads were stopped: 0.0045700 seconds, Stopping threads took: 0.0018420 seconds
108.302: Application time: 0.0294400 seconds
108.304: [GC108.304: [ParNew: 37567K->4158K(37568K), 0.0025970 secs] 510358K->479305K(758420K), 0.0026420 secs] [Times: user=0.02 sys=0.00, real=0.01 secs] 
108.307: Total time for which application threads were stopped: 0.0047220 seconds, Stopping threads took: 0.0020130 seconds
108.336: Application time: 0.0293330 seconds
108.337: [GC108.337: [ParNew: 37566K->4159K(37568K), 0.0025780 secs] 512713K->481573K(758420K), 0.0026200 secs] [Times: user=0.02 sys=0.00, real=0.00 secs] 
108.340: Total time for which application threads were stopped: 0.0035550 seconds, Stopping threads took: 0.0008710 seconds
108.369: Application time: 0.0290180 seconds
108.371: [GC108.371: [ParNew: 37567K->4159K(37568K), 0.0025320 secs] 514981K->483726K(758420K), 0.0025760 secs] [Times: user=0.01 sys=0.00, real=0.00 secs] 
108.374: Total time for which application threads were stopped: 0.0049700 seconds, Stopping threads took: 0.0023280 seconds
108.402: Application time: 0.0286250 seconds
108.404: [GC108.404: [ParNew: 37567K->4159K(37568K), 0.0026700 secs] 517134K->486353K(758420K), 0.0027130 secs] [Times: user=0.02 sys=0.00, real=0.01 secs] 
108.407: Total time for which application threads were stopped: 0.0047440 seconds, Stopping threads took: 0.0019670 seconds
108.436: Application time: 0.0292190 seconds
108.438: [GC108.438: [ParNew: 37567K->4158K(37568K), 0.0024390 secs] 519761K->488360K(758420K), 0.0024910 secs] [Times: user=0.01 sys=0.00, real=0.00 secs] 
108.441: Total time for which application threads were stopped: 0.0044570 seconds, Stopping threads took: 0.0018930 seconds
108.471: Application time: 0.0303700 seconds
108.473: [GC108.473: [ParNew: 37566K->4158K(37568K), 0.0021290 secs] 521768K->489243K(758420K), 0.0021710 secs] [Times: user=0.02 sys=0.00, real=0.01 secs] 
108.475: Total time for which application threads were stopped: 0.0040730 seconds, Stopping threads took: 0.0018370 seconds
108.505: Application time: 0.0300800 seconds
108.508: [GC108.508: [ParNew: 37566K->4159K(37568K), 0.0027100 secs] 522651K->491971K(758420K), 0.0027550 secs] [Times: user=0.02 sys=0.00, real=0.00 secs] 
108.511: Total time for which application threads were stopped: 0.0057610 seconds, Stopping threads took: 0.0029480 seconds
108.538: Application time: 0.0269520 seconds
108.541: [GC108.541: [ParNew: 37567K->4158K(37568K), 0.0029360 secs] 525379K->495508K(758420K), 0.0029820 secs] [Times: user=0.02 sys=0.00, real=0.00 secs] 
108.544: Total time for which application threads were stopped: 0.0055050 seconds, Stopping threads took: 0.0024600 seconds
108.574: Application time: 0.0306180 seconds
108.577: [GC108.577: [ParNew: 37566K->4158K(37568K), 0.0023040 secs] 528916K->497037K(758420K), 0.0023480 secs] [Times: user=0.02 sys=0.00, real=0.00 secs] 
108.579: Total time for which application threads were stopped: 0.0050850 seconds, Stopping threads took: 0.0026690 seconds
108.609: Application time: 0.0297160 seconds
108.611: [GC108.611: [ParNew: 37566K->4159K(37568K), 0.0028870 secs] 530445K->500452K(758420K), 0.0029270 secs] [Times: user=0.02 sys=0.00, real=0.00 secs] 
108.614: Total time for which application threads were stopped: 0.0053980 seconds, Stopping threads took: 0.0024070 seconds
108.643: Application time: 0.0282120 seconds
108.645: [GC108.645: [ParNew: 37567K->4158K(37568K), 0.0029090 secs] 533860K->503732K(758420K), 0.0029540 secs] [Times: user=0.02 sys=0.00, real=0.01 secs] 
108.648: Total time for which application threads were stopped: 0.0052220 seconds, Stopping threads took: 0.0022010 seconds
108.677: Application time: 0.0287780 seconds
108.679: [GC108.679: [ParNew: 37566K->4159K(37568K), 0.0027700 secs] 537140K->506767K(758420K), 0.0028160 secs] [Times: user=0.02 sys=0.00, real=0.00 secs] 
108.681: Total time for which application threads were stopped: 0.0048590 seconds, Stopping threads took: 0.0019800 seconds
108.711: Application time: 0.0295430 seconds
108.713: [GC108.713: [ParNew: 37567K->4158K(37568K), 0.0027900 secs] 540175K->509763K(758420K), 0.0028350 secs] [Times: user=0.02 sys=0.00, real=0.01 secs] 
108.716: Total time for which application threads were stopped: 0.0046970 seconds, Stopping threads took: 0.0017950 seconds
108.745: Application time: 0.0296810 seconds
108.748: [GC108.748: [ParNew: 37566K->4159K(37568K), 0.0024400 secs] 543171K->511609K(758420K), 0.0024830 secs] [Times: user=0.01 sys=0.00, real=0.00 secs] 
108.750: Total time for which application threads were stopped: 0.0051110 seconds, Stopping threads took: 0.0025630 seconds
108.779: Application time: 0.0289200 seconds
108.781: [GC108.781: [ParNew: 37565K->4158K(37568K), 0.0025990 secs] 545015K->513868K(758420K), 0.0026420 secs] [Times: user=0.02 sys=0.00, real=0.00 secs] 
108.784: Total time for which application threads were stopped: 0.0046380 seconds, Stopping threads took: 0.0019280 seconds
108.813: Application time: 0.0290310 seconds
108.814: [GC108.814: [ParNew: 37566K->4158K(37568K), 0.0025670 secs] 547276K->516284K(758420K), 0.0026090 secs] [Times: user=0.02 sys=0.00, real=0.01 secs] 
108.817: Total time for which application threads were stopped: 0.0039820 seconds, Stopping threads took: 0.0013080 seconds
108.846: Application time: 0.0292640 seconds
108.848: [GC108.848: [ParNew: 37566K->4159K(37568K), 0.0025740 secs] 549692K->518518K(758420K), 0.0026280 secs] [Times: user=0.02 sys=0.00, real=0.00 secs] 
108.850: Total time for which application threads were stopped: 0.0041070 seconds, Stopping threads took: 0.0014130 seconds
108.880: Application time: 0.0293830 seconds
108.882: [GC108.882: [ParNew: 37567K->4158K(37568K), 0.0024740 secs] 551926K->520567K(758420K), 0.0025170 secs] [Times: user=0.02 sys=0.00, real=0.00 secs] 
108.884: Total time for which application threads were stopped: 0.0042750 seconds, Stopping threads took: 0.0016920 seconds
108.913: Application time: 0.0286120 seconds
108.914: [GC108.914: [ParNew: 37566K->4159K(37568K), 0.0027830 secs] 553975K->523532K(758420K), 0.0028270 secs] [Times: user=0.02 sys=0.00, real=0.01 secs] 
108.917: Total time for which application threads were stopped: 0.0044510 seconds, Stopping threads took: 0.0015580 seconds
108.946: Application time: 0.0293520 seconds
108.949: [GC108.949: [ParNew: 37567K->4159K(37568K), 0.0032640 secs] 556940K->526424K(758420K), 0.0033000 secs] [Times: user=0.02 sys=0.00, real=0.00 secs] 
108.952: Total time for which application threads were stopped: 0.0054500 seconds, Stopping threads took: 0.0020800 seconds
108.981: Application time: 0.0295200 seconds
108.983: [GC108.983: [ParNew: 37567K->4159K(37568K), 0.0024180 secs] 559832K->528285K(758420K), 0.0024620 secs] [Times: user=0.02 sys=0.00, real=0.00 secs] 
108.985: Total time for which application threads were stopped: 0.0039670 seconds, Stopping threads took: 0.0014390 seconds
109.014: Application time: 0.0287700 seconds
109.016: [GC109.016: [ParNew: 37567K->4159K(37568K), 0.0026730 secs] 561693K->531004K(758420K), 0.0027280 secs] [Times: user=0.01 sys=0.00, real=0.00 secs] 
109.019: Total time for which application threads were stopped: 0.0044340 seconds, Stopping threads took: 0.0016370 seconds
109.049: Application time: 0.0299130 seconds
109.050: [GC109.050: [ParNew: 37567K->4158K(37568K), 0.0023820 secs] 564412K->532635K(758420K), 0.0024240 secs] [Times: user=0.02 sys=0.00, real=0.00 secs] 
109.052: Total time for which application threads were stopped: 0.0037700 seconds, Stopping threads took: 0.0012820 seconds
109.082: Application time: 0.0297220 seconds
109.084: [GC109.084: [ParNew: 37566K->4158K(37568K), 0.0025200 secs] 566043K->534754K(758420K), 0.0025620 secs] [Times: user=0.01 sys=0.00, real=0.00 secs] 
109.086: Total time for which application threads were stopped: 0.0043190 seconds, Stopping threads took: 0.0016920 seconds
109.115: Application time: 0.0289070 seconds
109.117: [GC109.117: [ParNew: 37566K->4158K(37568K), 0.0027560 secs] 568162K->537559K(758420K), 0.0028010 secs] [Times: user=0.02 sys=0.00, real=0.00 secs] 
109.119: Total time for which application threads were stopped: 0.0041440 seconds, Stopping threads took: 0.0012790 seconds
109.148: Application time: 0.0284610 seconds
109.151: [GC109.151: [ParNew: 37566K->4159K(37568K), 0.0028260 secs] 570967K->540696K(758420K), 0.0028690 secs] [Times: user=0.02 sys=0.00, real=0.00 secs] 
109.154: Total time for which application threads were stopped: 0.0058530 seconds, Stopping threads took: 0.0029190 seconds
109.183: Application time: 0.0294950 seconds
109.186: [GC109.186: [ParNew: 37567K->4158K(37568K), 0.0024740 secs] 574104K->542741K(758420K), 0.0025170 secs] [Times: user=0.02 sys=0.00, real=0.01 secs] 
109.188: Total time for which application threads were stopped: 0.0050890 seconds, Stopping threads took: 0.0025070 seconds
109.218: Application time: 0.0298380 seconds
109.220: [GC109.220: [ParNew: 37566K->4158K(37568K), 0.0028370 secs] 576149K->545699K(758420K), 0.0028830 secs] [Times: user=0.02 sys=0.00, real=0.00 secs] 
109.223: Total time for which application threads were stopped: 0.0045990 seconds, Stopping threads took: 0.0016500 seconds
109.253: Application time: 0.0300870 seconds
109.254: [GC109.254: [ParNew: 37566K->4159K(37568K), 0.0024660 secs] 579107K->547616K(758420K), 0.0025080 secs] [Times: user=0.02 sys=0.00, real=0.01 secs] 
109.257: Total time for which application threads were stopped: 0.0041180 seconds, Stopping threads took: 0.0015450 seconds
109.287: Application time: 0.0297000 seconds
109.289: [GC109.289: [ParNew: 37567K->4158K(37568K), 0.0024760 secs] 581024K->549343K(758420K), 0.0025330 secs] [Times: user=0.02 sys=0.00, real=0.00 secs] 
109.292: Total time for which application threads were stopped: 0.0049240 seconds, Stopping threads took: 0.0023230 seconds
109.324: Application time: 0.0319440 seconds
109.327: [GC109.327: [ParNew: 37566K->4158K(37568K), 0.0021560 secs] 582751K->550390K(758420K), 0.0022020 secs] [Times: user=0.02 sys=0.00, real=0.00 secs] 
109.329: Total time for which application threads were stopped: 0.0055370 seconds, Stopping threads took: 0.0032560 seconds
109.360: Application time: 0.0309720 seconds
109.363: [GC109.363: [ParNew: 37566K->4158K(37568K), 0.0027960 secs] 583798K->552856K(758420K), 0.0028340 secs] [Times: user=0.01 sys=0.00, real=0.00 secs] 
109.365: Total time for which application threads were stopped: 0.0053350 seconds, Stopping threads took: 0.0024350 seconds
109.397: Application time: 0.0312200 seconds
109.399: [GC109.399: [ParNew: 37566K->4158K(37568K), 0.0022850 secs] 586264K->554278K(758420K), 0.0023280 secs] [Times: user=0.01 sys=0.00, real=0.00 secs] 
109.401: Total time for which application threads were stopped: 0.0047150 seconds, Stopping threads took: 0.0023220 seconds
109.432: Application time: 0.0310040 seconds
109.435: [GC109.435: [ParNew: 37566K->4158K(37568K), 0.0025740 secs] 587686K->556602K(758420K), 0.0026180 secs] [Times: user=0.02 sys=0.00, real=0.00 secs] 
109.438: Total time for which application threads were stopped: 0.0052150 seconds, Stopping threads took: 0.0025300 seconds
109.467: Application time: 0.0296020 seconds
109.470: [GC109.470: [ParNew: 37566K->4158K(37568K), 0.0027420 secs] 590010K->559325K(758420K), 0.0027860 secs] [Times: user=0.02 sys=0.00, real=0.00 secs] 
109.473: Total time for which application threads were stopped: 0.0053260 seconds, Stopping threads took: 0.0024620 seconds
109.504: Application time: 0.0315790 seconds
109.507: [GC109.507: [ParNew: 37566K->4158K(37568K), 0.0029520 secs] 592733K->562573K(758420K), 0.0029950 secs] [Times: user=0.02 sys=0.00, real=0.00 secs] 
109.510: Total time for which application threads were stopped: 0.0058350 seconds, Stopping threads took: 0.0027730 seconds
109.542: Application time: 0.0318290 seconds
109.545: [GC109.545: [ParNew: 37566K->4159K(37568K), 0.0023630 secs] 595981K->563664K(758420K), 0.0024060 secs] [Times: user=0.01 sys=0.00, real=0.01 secs] 
109.547: Total time for which application threads were stopped: 0.0053200 seconds, Stopping threads took: 0.0028280 seconds
109.579: Application time: 0.0314620 seconds
109.581: [GC109.581: [ParNew: 37567K->4159K(37568K), 0.0028460 secs] 597072K->566784K(758420K), 0.0028900 secs] [Times: user=0.02 sys=0.00, real=0.00 secs] 
109.584: Total time for which application threads were stopped: 0.0056410 seconds, Stopping threads took: 0.0026850 seconds
109.615: Application time: 0.0303750 seconds
109.616: [GC109.616: [ParNew: 37567K->4159K(37568K), 0.0028620 secs] 600192K->569407K(758420K), 0.0029080 secs] [Times: user=0.02 sys=0.00, real=0.00 secs] 
109.619: Total time for which application threads were stopped: 0.0044520 seconds, Stopping threads took: 0.0014780 seconds
109.650: Application time: 0.0314610 seconds
109.654: [GC109.654: [ParNew: 37567K->4159K(37568K), 0.0026390 secs] 602815K->571290K(758420K), 0.0026860 secs] [Times: user=0.02 sys=0.00, real=0.01 secs] 
109.656: Total time for which application threads were stopped: 0.0058430 seconds, Stopping threads took: 0.0030900 seconds
109.686: Application time: 0.0300580 seconds
109.689: [GC109.689: [ParNew: 37567K->4159K(37568K), 0.0027450 secs] 604698K->574096K(758420K), 0.0027920 secs] [Times: user=0.02 sys=0.00, real=0.00 secs] 
109.692: Total time for which application threads were stopped: 0.0057900 seconds, Stopping threads took: 0.0029310 seconds
109.724: Application time: 0.0320290 seconds
109.726: [GC109.726: [ParNew: 37567K->4158K(37568K), 0.0028080 secs] 607504K->576805K(758420K), 0.0028550 secs] [Times: user=0.02 sys=0.00, real=0.01 secs] 
109.729: Total time for which application threads were stopped: 0.0046710 seconds, Stopping threads took: 0.0017160 seconds
109.761: Application time: 0.0316820 seconds
109.763: [GC109.763: [ParNew: 37566K->4158K(37568K), 0.0027460 secs] 610213K->579446K(758420K), 0.0027930 secs] [Times: user=0.02 sys=0.00, real=0.00 secs] 
109.766: Total time for which application threads were stopped: 0.0056840 seconds, Stopping threads took: 0.0028310 seconds
109.799: Application time: 0.0326500 seconds
109.802: [GC109.802: [ParNew: 37566K->4158K(37568K), 0.0029860 secs] 612854K->582962K(758420K), 0.0030320 secs] [Times: user=0.02 sys=0.00, real=0.00 secs] 
109.805: Total time for which application threads were stopped: 0.0062120 seconds, Stopping threads took: 0.0030910 seconds
109.835: Application time: 0.0301080 seconds
109.837: [GC109.837: [ParNew: 37566K->4159K(37568K), 0.0030140 secs] 616370K->586334K(758420K), 0.0030570 secs] [Times: user=0.02 sys=0.00, real=0.00 secs] 
109.840: Total time for which application threads were stopped: 0.0050230 seconds, Stopping threads took: 0.0019000 seconds
109.871: Application time: 0.0305850 seconds
109.874: [GC109.874: [ParNew: 37567K->4158K(37568K), 0.0029160 secs] 619742K->589488K(758420K), 0.0029640 secs] [Times: user=0.02 sys=0.00, real=0.01 secs] 
109.877: Total time for which application threads were stopped: 0.0060900 seconds, Stopping threads took: 0.0030360 seconds
109.909: Application time: 0.0322460 seconds
109.911: [GC109.911: [ParNew: 37566K->4159K(37568K), 0.0026490 secs] 622896K->591557K(758420K), 0.0026920 secs] [Times: user=0.02 sys=0.00, real=0.00 secs] 
109.914: Total time for which application threads were stopped: 0.0046560 seconds, Stopping threads took: 0.0018720 seconds
109.945: Application time: 0.0307770 seconds
109.947: [GC109.947: [ParNew: 37567K->4158K(37568K), 0.0026870 secs] 624965K->593458K(758420K), 0.0027330 secs] [Times: user=0.01 sys=0.00, real=0.00 secs] 
109.950: Total time for which application threads were stopped: 0.0049880 seconds, Stopping threads took: 0.0021880 seconds
109.982: Application time: 0.0319660 seconds
109.983: [GC109.983: [ParNew: 37566K->4158K(37568K), 0.0023160 secs] 626866K->594170K(758420K), 0.0023610 secs] [Times: user=0.01 sys=0.00, real=0.00 secs] 
109.985: Total time for which application threads were stopped: 0.0033850 seconds, Stopping threads took: 0.0009490 seconds
110.016: Application time: 0.0314270 seconds
110.018: [GC110.018: [ParNew: 37566K->4158K(37568K), 0.0028620 secs] 627578K->596885K(758420K), 0.0029080 secs] [Times: user=0.02 sys=0.00, real=0.00 secs] 
110.021: Total time for which application threads were stopped: 0.0048570 seconds, Stopping threads took: 0.0018810 seconds
110.052: Application time: 0.0306610 seconds
110.054: [GC110.054: [ParNew: 37566K->4158K(37568K), 0.0027110 secs] 630293K->599375K(758420K), 0.0027540 secs] [Times: user=0.02 sys=0.00, real=0.01 secs] 
110.057: Total time for which application threads were stopped: 0.0046770 seconds, Stopping threads took: 0.0018560 seconds
110.087: Application time: 0.0302600 seconds
110.089: [GC110.089: [ParNew: 37566K->4159K(37568K), 0.0030030 secs] 632783K->602790K(758420K), 0.0030490 secs] [Times: user=0.02 sys=0.00, real=0.00 secs] 
110.092: Total time for which application threads were stopped: 0.0050380 seconds, Stopping threads took: 0.0019210 seconds
110.124: Application time: 0.0317690 seconds
110.126: [GC110.126: [ParNew: 37567K->4158K(37568K), 0.0029370 secs] 636198K->606153K(758420K), 0.0029820 secs] [Times: user=0.02 sys=0.00, real=0.01 secs] 
110.129: Total time for which application threads were stopped: 0.0057380 seconds, Stopping threads took: 0.0026910 seconds
110.161: Application time: 0.0318590 seconds
110.163: [GC110.163: [ParNew: 37566K->4158K(37568K), 0.0026290 secs] 639561K->608409K(758420K), 0.0026730 secs] [Times: user=0.02 sys=0.00, real=0.00 secs] 
110.165: Total time for which application threads were stopped: 0.0040720 seconds, Stopping threads took: 0.0013260 seconds
110.196: Application time: 0.0308350 seconds
110.199: [GC110.199: [ParNew: 37566K->4158K(37568K), 0.0026260 secs] 641817K->610650K(758420K), 0.0026800 secs] [Times: user=0.02 sys=0.00, real=0.00 secs] 
110.202: Total time for which application threads were stopped: 0.0059130 seconds, Stopping threads took: 0.0031660 seconds
110.233: Application time: 0.0313700 seconds
110.235: [GC110.235: [ParNew: 37566K->4158K(37568K), 0.0026150 secs] 644058K->612763K(758420K), 0.0026600 secs] [Times: user=0.01 sys=0.00, real=0.00 secs] 
110.237: Total time for which application threads were stopped: 0.0040440 seconds, Stopping threads took: 0.0013160 seconds
110.269: Application time: 0.0316830 seconds
110.271: [GC110.271: [ParNew: 37566K->4159K(37568K), 0.0022700 secs] 646171K->613745K(758420K), 0.0023140 secs] [Times: user=0.02 sys=0.00, real=0.00 secs] 
110.273: Total time for which application threads were stopped: 0.0041050 seconds, Stopping threads took: 0.0017240 seconds
110.304: Application time: 0.0308470 seconds
110.305: [GC110.305: [ParNew: 37567K->4158K(37568K), 0.0026000 secs] 647153K->615553K(758420K), 0.0026440 secs] [Times: user=0.02 sys=0.00, real=0.01 secs] 
110.308: Total time for which application threads were stopped: 0.0038030 seconds, Stopping threads took: 0.0010800 seconds
110.339: Application time: 0.0315340 seconds
110.342: [GC110.342: [ParNew: 37566K->4159K(37568K), 0.0025600 secs] 648961K->617579K(758420K), 0.0026020 secs] [Times: user=0.02 sys=0.00, real=0.00 secs] 
110.345: Total time for which application threads were stopped: 0.0053270 seconds, Stopping threads took: 0.0026370 seconds
110.377: Application time: 0.0317540 seconds
110.378: [GC110.378: [ParNew: 37567K->4158K(37568K), 0.0019810 secs] 650987K->617958K(758420K), 0.0020230 secs] [Times: user=0.01 sys=0.00, real=0.00 secs] 
110.380: Total time for which application threads were stopped: 0.0035580 seconds, Stopping threads took: 0.0014690 seconds
110.412: Application time: 0.0316420 seconds
110.414: [GC110.414: [ParNew: 37566K->4159K(37568K), 0.0023050 secs] 651366K->619307K(758420K), 0.0023480 secs] [Times: user=0.02 sys=0.00, real=0.01 secs] 
110.416: Total time for which application threads were stopped: 0.0044780 seconds, Stopping threads took: 0.0020640 seconds
110.448: Application time: 0.0313770 seconds
110.450: [GC110.450: [ParNew: 37567K->4158K(37568K), 0.0023110 secs] 652715K->620518K(758420K), 0.0023540 secs] [Times: user=0.02 sys=0.00, real=0.00 secs] 
110.453: Total time for which application threads were stopped: 0.0050880 seconds, Stopping threads took: 0.0026690 seconds
110.485: Application time: 0.0319220 seconds
110.487: [GC110.487: [ParNew: 37566K->4158K(37568K), 0.0024030 secs] 653926K->622125K(758420K), 0.0024440 secs] [Times: user=0.02 sys=0.00, real=0.00 secs] 
110.490: Total time for which application threads were stopped: 0.0049890 seconds, Stopping threads took: 0.0024510 seconds
110.520: Application time: 0.0307400 seconds
110.522: [GC110.522: [ParNew: 37566K->4158K(37568K), 0.0022390 secs] 655533K->623191K(758420K), 0.0022820 secs] [Times: user=0.02 sys=0.00, real=0.00 secs] 
110.524: Total time for which application threads were stopped: 0.0040380 seconds, Stopping threads took: 0.0016900 seconds
 CMS: abort preclean due to time 110.527: [CMS-concurrent-abortable-preclean: 0.675/5.030 secs] [Times: user=37.80 sys=0.18, real=5.03 secs] 
110.527: Application time: 0.0026270 seconds
110.529: [GC[YG occupancy: 8093 K (37568 K)]110.529: [Rescan (parallel) , 0.0003910 secs]110.529: [weak refs processing, 0.0000070 secs]110.529: [scrub string table, 0.0001100 secs] [1 CMS-remark: 619033K(720852K)] 627126K(758420K), 0.0005350 secs] [Times: user=0.00 sys=0.00, real=0.00 secs] 
110.530: Total time for which application threads were stopped: 0.0025390 seconds, Stopping threads took: 0.0019760 seconds
110.530: [CMS-concurrent-sweep-start]
110.560: Application time: 0.0304780 seconds
110.563: [GC110.563: [ParNew: 37566K->4159K(37568K), 0.0026860 secs] 387704K->357278K(758420K), 0.0027300 secs] [Times: user=0.02 sys=0.00, real=0.00 secs] 
110.566: Total time for which application threads were stopped: 0.0054980 seconds, Stopping threads took: 0.0026900 seconds
110.569: [CMS-concurrent-sweep: 0.034/0.039 secs] [Times: user=0.28 sys=0.00, real=0.04 secs] 
110.569: [CMS-concurrent-reset-start]
110.572: [CMS-concurrent-reset: 0.003/0.003 secs] [Times: user=0.03 sys=0.00, real=0.00 secs] 
110.599: Application time: 0.0329720 seconds
110.601: [GC110.601: [ParNew: 37567K->4158K(37568K), 0.0024450 secs] 353231K->321653K(758420K), 0.0024910 secs] [Times: user=0.01 sys=0.00, real=0.00 secs] 
110.603: Total time for which application threads were stopped: 0.0045860 seconds, Stopping threads took: 0.0020270 seconds
110.635: Application time: 0.0317750 seconds
110.638: [GC110.638: [ParNew: 37566K->4159K(37568K), 0.0026290 secs] 355061K->324339K(758420K), 0.0026730 secs] [Times: user=0.02 sys=0.00, real=0.00 secs] 
110.641: Total time for which application threads were stopped: 0.0060550 seconds, Stopping threads took: 0.0033010 seconds
110.673: Application time: 0.0317890 seconds
110.673: [GC110.673: [ParNew: 37567K->4158K(37568K), 0.0025010 secs] 357747K->326370K(758420K), 0.0025440 secs] [Times: user=0.01 sys=0.00, real=0.01 secs] 
110.676: Total time for which application threads were stopped: 0.0030450 seconds, Stopping threads took: 0.0004330 seconds
110.707: Application time: 0.0314410 seconds
110.710: [GC110.710: [ParNew: 37566K->4159K(37568K), 0.0022600 secs] 359778K->327805K(758420K), 0.0023060 secs] [Times: user=0.02 sys=0.00, real=0.00 secs] 
110.712: Total time for which application threads were stopped: 0.0049460 seconds, Stopping threads took: 0.0025730 seconds
110.742: Application time: 0.0297370 seconds
110.744: [GC110.745: [ParNew: 37567K->4159K(37568K), 0.0029090 secs] 361213K->331209K(758420K), 0.0029520 secs] [Times: user=0.01 sys=0.00, real=0.01 secs] 
110.747: Total time for which application threads were stopped: 0.0055500 seconds, Stopping threads took: 0.0025350 seconds
110.748: Application time: 0.0001220 seconds
110.751: [GC [1 CMS-initial-mark: 327050K(720852K)] 331986K(758420K), 0.0002010 secs] [Times: user=0.00 sys=0.00, real=0.00 secs] 
110.751: Total time for which application threads were stopped: 0.0033190 seconds, Stopping threads took: 0.0030950 seconds
110.751: [CMS-concurrent-mark-start]
110.763: [CMS-concurrent-mark: 0.012/0.012 secs] [Times: user=0.10 sys=0.00, real=0.01 secs] 
110.763: [CMS-concurrent-preclean-start]
110.764: [CMS-concurrent-preclean: 0.001/0.001 secs] [Times: user=0.00 sys=0.00, real=0.00 secs] 
110.764: [CMS-concurrent-abortable-preclean-start]
110.782: Application time: 0.0310550 seconds
110.784: [GC110.784: [ParNew: 37567K->4158K(37568K), 0.0028980 secs] 364617K->334388K(758420K), 0.0029420 secs] [Times: user=0.02 sys=0.00, real=0.01 secs] 
110.787: Total time for which application threads were stopped: 0.0050130 seconds, Stopping threads took: 0.0020040 seconds
110.818: Application time: 0.0312900 seconds
110.821: [GC110.821: [ParNew: 37566K->4159K(37568K), 0.0028240 secs] 367796K->337490K(758420K), 0.0028690 secs] [Times: user=0.02 sys=0.00, real=0.00 secs] 
110.824: Total time for which application threads were stopped: 0.0060400 seconds, Stopping threads took: 0.0031070 seconds
110.855: Application time: 0.0309280 seconds
110.857: [GC110.857: [ParNew: 37567K->4158K(37568K), 0.0026950 secs] 370898K->339911K(758420K), 0.0027400 secs] [Times: user=0.01 sys=0.00, real=0.00 secs] 
110.859: Total time for which application threads were stopped: 0.0040310 seconds, Stopping threads took: 0.0012240 seconds
110.890: Application time: 0.0311650 seconds
110.891: [GC110.891: [ParNew: 37566K->4159K(37568K), 0.0023820 secs] 373319K->341602K(758420K), 0.0024260 secs] [Times: user=0.01 sys=0.00, real=0.00 secs] 
110.894: Total time for which application threads were stopped: 0.0031120 seconds, Stopping threads took: 0.0006170 seconds
110.925: Application time: 0.0311390 seconds
110.928: [GC110.928: [ParNew: 37567K->4158K(37568K), 0.0026400 secs] 375010K->344086K(758420K), 0.0026850 secs] [Times: user=0.02 sys=0.00, real=0.00 secs] 
110.931: Total time for which application threads were stopped: 0.0058010 seconds, Stopping threads took: 0.0030390 seconds
110.962: Application time: 0.0310990 seconds
110.964: [GC110.964: [ParNew: 37566K->4158K(37568K), 0.0025870 secs] 377494K->346468K(758420K), 0.0026330 secs] [Times: user=0.02 sys=0.00, real=0.00 secs] 
110.966: Total time for which application threads were stopped: 0.0048490 seconds, Stopping threads took: 0.0021490 seconds
110.997: Application time: 0.0301790 seconds
110.999: [GC110.999: [ParNew: 37566K->4158K(37568K), 0.0029340 secs] 379876K->349878K(758420K), 0.0029860 secs] [Times: user=0.02 sys=0.00, real=0.00 secs] 
111.002: Total time for which application threads were stopped: 0.0049390 seconds, Stopping threads took: 0.0018750 seconds
111.034: Application time: 0.0325040 seconds
111.036: [GC111.036: [ParNew: 37566K->4158K(37568K), 0.0025960 secs] 383286K->352161K(758420K), 0.0026390 secs] [Times: user=0.01 sys=0.00, real=0.00 secs] 
111.039: Total time for which application threads were stopped: 0.0049850 seconds, Stopping threads took: 0.0022790 seconds
111.071: Application time: 0.0321890 seconds
111.074: [GC111.074: [ParNew: 37566K->4158K(37568K), 0.0028030 secs] 385569K->355349K(758420K), 0.0028470 secs] [Times: user=0.02 sys=0.00, real=0.01 secs] 
111.077: Total time for which application threads were stopped: 0.0057940 seconds, Stopping threads took: 0.0028820 seconds
111.108: Application time: 0.0304680 seconds
111.110: [GC111.110: [ParNew: 37566K->4158K(37568K), 0.0025080 secs] 388757K->357384K(758420K), 0.0025490 secs] [Times: user=0.02 sys=0.00, real=0.00 secs] 
111.112: Total time for which application threads were stopped: 0.0046380 seconds, Stopping threads took: 0.0020200 seconds
111.144: Application time: 0.0322600 seconds
111.147: [GC111.147: [ParNew: 37566K->4159K(37568K), 0.0024140 secs] 390792K->359320K(758420K), 0.0024570 secs] [Times: user=0.02 sys=0.00, real=0.00 secs] 
111.149: Total time for which application threads were stopped: 0.0049190 seconds, Stopping threads took: 0.0023950 seconds
111.181: Application time: 0.0316670 seconds
111.183: [GC111.183: [ParNew: 37567K->4159K(37568K), 0.0027150 secs] 392728K->362069K(758420K), 0.0027600 secs] [Times: user=0.02 sys=0.00, real=0.00 secs] 
111.186: Total time for which application threads were stopped: 0.0049910 seconds, Stopping threads took: 0.0021630 seconds
111.218: Application time: 0.0321070 seconds
111.220: [GC111.220: [ParNew: 37567K->4158K(37568K), 0.0027210 secs] 395477K->364777K(758420K), 0.0027680 secs] [Times: user=0.02 sys=0.00, real=0.00 secs] 
111.223: Total time for which application threads were stopped: 0.0050000 seconds, Stopping threads took: 0.0021670 seconds
111.255: Application time: 0.0316690 seconds
111.257: [GC111.257: [ParNew: 37566K->4159K(37568K), 0.0022840 secs] 398185K->366411K(758420K), 0.0023290 secs] [Times: user=0.01 sys=0.00, real=0.00 secs] 
111.259: Total time for which application threads were stopped: 0.0046590 seconds, Stopping threads took: 0.0022640 seconds
111.290: Application time: 0.0304100 seconds
111.291: [GC111.291: [ParNew: 37567K->4158K(37568K), 0.0026190 secs] 399819K->368814K(758420K), 0.0026650 secs] [Times: user=0.02 sys=0.00, real=0.00 secs] 
111.293: Total time for which application threads were stopped: 0.0033490 seconds, Stopping threads took: 0.0006150 seconds
111.324: Application time: 0.0308480 seconds
111.327: [GC111.327: [ParNew: 37566K->4159K(37568K), 0.0028170 secs] 402222K->372017K(758420K), 0.0028620 secs] [Times: user=0.02 sys=0.00, real=0.00 secs] 
111.330: Total time for which application threads were stopped: 0.0057020 seconds, Stopping threads took: 0.0027730 seconds
111.359: Application time: 0.0295590 seconds
111.361: [GC111.361: [ParNew: 37567K->4159K(37568K), 0.0027940 secs] 405425K->375070K(758420K), 0.0028410 secs] [Times: user=0.02 sys=0.00, real=0.00 secs] 
111.364: Total time for which application threads were stopped: 0.0049820 seconds, Stopping threads took: 0.0020740 seconds
111.397: Application time: 0.0323600 seconds
111.399: [GC111.399: [ParNew: 37567K->4159K(37568K), 0.0027300 secs] 408478K->377919K(758420K), 0.0027810 secs] [Times: user=0.02 sys=0.00, real=0.00 secs] 
111.402: Total time for which application threads were stopped: 0.0050300 seconds, Stopping threads took: 0.0021850 seconds
111.431: Application time: 0.0291030 seconds
111.434: [GC111.434: [ParNew: 37567K->4158K(37568K), 0.0030870 secs] 411327K->381655K(758420K), 0.0031310 secs] [Times: user=0.02 sys=0.00, real=0.01 secs] 
111.437: Total time for which application threads were stopped: 0.0060880 seconds, Stopping threads took: 0.0028900 seconds
111.470: Application time: 0.0329790 seconds
111.473: [GC111.473: [ParNew: 37566K->4159K(37568K), 0.0029380 secs] 415063K->385222K(758420K), 0.0029830 secs] [Times: user=0.02 sys=0.00, real=0.01 secs] 
111.476: Total time for which application threads were stopped: 0.0062420 seconds, Stopping threads took: 0.0031990 seconds
111.508: Application time: 0.0315440 seconds
111.509: [GC111.509: [ParNew: 37567K->4158K(37568K), 0.0024720 secs] 418630K->387169K(758420K), 0.0025170 secs] [Times: user=0.01 sys=0.00, real=0.00 secs] 
111.512: Total time for which application threads were stopped: 0.0043450 seconds, Stopping threads took: 0.0017520 seconds
111.543: Application time: 0.0312920 seconds
111.545: [GC111.545: [ParNew: 37566K->4159K(37568K), 0.0019730 secs] 420577K->387581K(758420K), 0.0020170 secs] [Times: user=0.01 sys=0.00, real=0.01 secs] 
111.547: Total time for which application threads were stopped: 0.0036480 seconds, Stopping threads took: 0.0015640 seconds
111.579: Application time: 0.0317180 seconds
111.580: [GC111.580: [ParNew: 37567K->4158K(37568K), 0.0020880 secs] 420989K->388319K(758420K), 0.0021410 secs] [Times: user=0.01 sys=0.00, real=0.00 secs] 
111.583: Total time for which application threads were stopped: 0.0039470 seconds, Stopping threads took: 0.0017360 seconds
111.615: Application time: 0.0322970 seconds
111.618: [GC111.618: [ParNew: 37566K->4158K(37568K), 0.0026780 secs] 421727K->390529K(758420K), 0.0027190 secs] [Times: user=0.02 sys=0.00, real=0.00 secs] 
111.621: Total time for which application threads were stopped: 0.0055820 seconds, Stopping threads took: 0.0027970 seconds
111.652: Application time: 0.0314100 seconds
111.655: [GC111.655: [ParNew: 37566K->4158K(37568K), 0.0022000 secs] 423937K->391708K(758420K), 0.0022430 secs] [Times: user=0.01 sys=0.00, real=0.00 secs] 
111.657: Total time for which application threads were stopped: 0.0054510 seconds, Stopping threads took: 0.0031430 seconds
111.689: Application time: 0.0315100 seconds
111.691: [GC111.691: [ParNew: 37566K->4159K(37568K), 0.0028560 secs] 425116K->394911K(758420K), 0.0029000 secs] [Times: user=0.02 sys=0.00, real=0.00 secs] 
111.694: Total time for which application threads were stopped: 0.0051280 seconds, Stopping threads took: 0.0021620 seconds
111.725: Application time: 0.0310290 seconds
111.726: [GC111.726: [ParNew: 37567K->4159K(37568K), 0.0025130 secs] 428319K->396965K(758420K), 0.0025590 secs] [Times: user=0.02 sys=0.00, real=0.01 secs] 
111.729: Total time for which application threads were stopped: 0.0039850 seconds, Stopping threads took: 0.0013580 seconds
111.759: Application time: 0.0299540 seconds
111.762: [GC111.762: [ParNew: 37567K->4158K(37568K), 0.0024280 secs] 430373K->398853K(758420K), 0.0024740 secs] [Times: user=0.02 sys=0.00, real=0.00 secs] 
111.764: Total time for which application threads were stopped: 0.0050780 seconds, Stopping threads took: 0.0025380 seconds
111.796: Application time: 0.0318080 seconds
111.798: [GC111.798: [ParNew: 37566K->4159K(37568K), 0.0027560 secs] 432261K->401693K(758420K), 0.0028020 secs] [Times: user=0.02 sys=0.00, real=0.00 secs] 
111.801: Total time for which application threads were stopped: 0.0050030 seconds, Stopping threads took: 0.0021350 seconds
111.831: Application time: 0.0297730 seconds
111.833: [GC111.833: [ParNew: 37567K->4158K(37568K), 0.0029770 secs] 435101K->405319K(758420K), 0.0030230 secs] [Times: user=0.02 sys=0.00, real=0.01 secs] 
111.836: Total time for which application threads were stopped: 0.0054540 seconds, Stopping threads took: 0.0023630 seconds
111.867: Application time: 0.0309290 seconds
111.870: [GC111.870: [ParNew: 37566K->4158K(37568K), 0.0029370 secs] 438727K->408822K(758420K), 0.0029900 secs] [Times: user=0.02 sys=0.00, real=0.00 secs] 
111.873: Total time for which application threads were stopped: 0.0057500 seconds, Stopping threads took: 0.0026950 seconds
111.904: Application time: 0.0310390 seconds
111.906: [GC111.906: [ParNew: 37566K->4158K(37568K), 0.0029100 secs] 442230K->412066K(758420K), 0.0029560 secs] [Times: user=0.02 sys=0.00, real=0.01 secs] 
111.909: Total time for which application threads were stopped: 0.0049380 seconds, Stopping threads took: 0.0019160 seconds
111.939: Application time: 0.0306350 seconds
111.942: [GC111.942: [ParNew: 37566K->4159K(37568K), 0.0028780 secs] 445474K->415152K(758420K), 0.0029250 secs] [Times: user=0.02 sys=0.00, real=0.00 secs] 
111.945: Total time for which application threads were stopped: 0.0056630 seconds, Stopping threads took: 0.0026680 seconds
111.977: Application time: 0.0318330 seconds
111.979: [GC111.979: [ParNew: 37567K->4158K(37568K), 0.0024880 secs] 448560K->417163K(758420K), 0.0025310 secs] [Times: user=0.02 sys=0.00, real=0.00 secs] 
111.981: Total time for which application threads were stopped: 0.0043300 seconds, Stopping threads took: 0.0017340 seconds
112.013: Application time: 0.0315920 seconds
112.014: [GC112.015: [ParNew: 37566K->4158K(37568K), 0.0020110 secs] 450571K->417585K(758420K), 0.0020550 secs] [Times: user=0.01 sys=0.00, real=0.01 secs] 
112.017: Total time for which application threads were stopped: 0.0037190 seconds, Stopping threads took: 0.0015920 seconds
112.047: Application time: 0.0301880 seconds
112.049: [GC112.049: [ParNew: 37566K->4159K(37568K), 0.0030620 secs] 450993K->421340K(758420K), 0.0031110 secs] [Times: user=0.02 sys=0.00, real=0.00 secs] 
112.052: Total time for which application threads were stopped: 0.0051680 seconds, Stopping threads took: 0.0019880 seconds
112.084: Application time: 0.0324290 seconds
112.085: [GC112.085: [ParNew: 37567K->4159K(37568K), 0.0024340 secs] 454748K->423071K(758420K), 0.0024800 secs] [Times: user=0.02 sys=0.00, real=0.01 secs] 
112.088: Total time for which application threads were stopped: 0.0032860 seconds, Stopping threads took: 0.0007380 seconds
112.119: Application time: 0.0310240 seconds
112.121: [GC112.121: [ParNew: 37567K->4159K(37568K), 0.0024910 secs] 456479K->425172K(758420K), 0.0025380 secs] [Times: user=0.02 sys=0.00, real=0.00 secs] 
112.124: Total time for which application threads were stopped: 0.0051860 seconds, Stopping threads took: 0.0025860 seconds
112.155: Application time: 0.0312870 seconds
112.157: [GC112.157: [ParNew: 37567K->4159K(37568K), 0.0026650 secs] 458580K->427710K(758420K), 0.0027090 secs] [Times: user=0.02 sys=0.00, real=0.00 secs] 
112.160: Total time for which application threads were stopped: 0.0044440 seconds, Stopping threads took: 0.0016710 seconds
112.191: Application time: 0.0313660 seconds
112.193: [GC112.193: [ParNew: 37567K->4159K(37568K), 0.0023740 secs] 461118K->429145K(758420K), 0.0024150 secs] [Times: user=0.02 sys=0.00, real=0.01 secs] 
112.195: Total time for which application threads were stopped: 0.0040190 seconds, Stopping threads took: 0.0015390 seconds
112.226: Application time: 0.0314430 seconds
112.228: [GC112.228: [ParNew: 37567K->4158K(37568K), 0.0022730 secs] 462553K->429850K(758420K), 0.0023240 secs] [Times: user=0.01 sys=0.00, real=0.00 secs] 
112.231: Total time for which application threads were stopped: 0.0042020 seconds, Stopping threads took: 0.0017900 seconds
112.263: Application time: 0.0320260 seconds
112.265: [GC112.265: [ParNew: 37566K->4159K(37568K), 0.0025490 secs] 463258K->431937K(758420K), 0.0025960 secs] [Times: user=0.01 sys=0.00, real=0.01 secs] 
112.268: Total time for which application threads were stopped: 0.0049580 seconds, Stopping threads took: 0.0022940 seconds
112.298: Application time: 0.0307030 seconds
112.300: [GC112.300: [ParNew: 37567K->4159K(37568K), 0.0027370 secs] 465345K->434776K(758420K), 0.0027930 secs] [Times: user=0.02 sys=0.00, real=0.00 secs] 
112.303: Total time for which application threads were stopped: 0.0044530 seconds, Stopping threads took: 0.0015930 seconds
112.338: Application time: 0.0350820 seconds
112.341: [GC112.341: [ParNew: 37567K->4159K(37568K), 0.0026870 secs] 468184K->437566K(758420K), 0.0027310 secs] [Times: user=0.02 sys=0.00, real=0.00 secs] 
112.344: Total time for which application threads were stopped: 0.0059080 seconds, Stopping threads took: 0.0031100 seconds
112.375: Application time: 0.0307520 seconds
112.376: [GC112.376: [ParNew: 37567K->4158K(37568K), 0.0030460 secs] 470974K->441169K(758420K), 0.0030910 secs] [Times: user=0.02 sys=0.00, real=0.00 secs] 
112.379: Total time for which application threads were stopped: 0.0041590 seconds, Stopping threads took: 0.0010030 seconds
112.409: Application time: 0.0307610 seconds
112.411: [GC112.411: [ParNew: 37566K->4159K(37568K), 0.0029410 secs] 474577K->444637K(758420K), 0.0029840 secs] [Times: user=0.02 sys=0.00, real=0.00 secs] 
112.414: Total time for which application threads were stopped: 0.0047590 seconds, Stopping threads took: 0.0017090 seconds
112.447: Application time: 0.0327350 seconds
112.449: [GC112.449: [ParNew: 37567K->4159K(37568K), 0.0022950 secs] 478045K->446029K(758420K), 0.0023380 secs] [Times: user=0.02 sys=0.00, real=0.00 secs] 
112.452: Total time for which application threads were stopped: 0.0048580 seconds, Stopping threads took: 0.0024520 seconds
112.483: Application time: 0.0315320 seconds
112.485: [GC112.485: [ParNew: 37567K->4158K(37568K), 0.0028520 secs] 479437K->448814K(758420K), 0.0028990 secs] [Times: user=0.02 sys=0.00, real=0.01 secs] 
112.488: Total time for which application threads were stopped: 0.0042500 seconds, Stopping threads took: 0.0012600 seconds
112.519: Application time: 0.0313000 seconds
112.522: [GC112.522: [ParNew: 37566K->4158K(37568K), 0.0027380 secs] 482222K->451485K(758420K), 0.0027850 secs] [Times: user=0.02 sys=0.00, real=0.00 secs] 
112.525: Total time for which application threads were stopped: 0.0056470 seconds, Stopping threads took: 0.0027920 seconds
112.555: Application time: 0.0300770 seconds
112.557: [GC112.557: [ParNew: 37566K->4159K(37568K), 0.0027700 secs] 484893K->454426K(758420K), 0.0028120 secs] [Times: user=0.02 sys=0.00, real=0.00 secs] 
112.560: Total time for which application threads were stopped: 0.0056900 seconds, Stopping threads took: 0.0028100 seconds
112.592: Application time: 0.0313090 seconds
112.594: [GC112.594: [ParNew: 37567K->4158K(37568K), 0.0024340 secs] 487834K->456272K(758420K), 0.0024780 secs] [Times: user=0.02 sys=0.00, real=0.01 secs] 
112.597: Total time for which application threads were stopped: 0.0049250 seconds, Stopping threads took: 0.0023800 seconds
112.627: Application time: 0.0308580 seconds
112.630: [GC112.630: [ParNew: 37566K->4158K(37568K), 0.0020780 secs] 489680K->456913K(758420K), 0.0021220 secs] [Times: user=0.01 sys=0.00, real=0.00 secs] 
112.632: Total time for which application threads were stopped: 0.0042560 seconds, Stopping threads took: 0.0020680 seconds
112.663: Application time: 0.0314390 seconds
112.665: [GC112.665: [ParNew: 37566K->4158K(37568K), 0.0024120 secs] 490321K->458524K(758420K), 0.0024570 secs] [Times: user=0.01 sys=0.00, real=0.01 secs] 
112.667: Total time for which application threads were stopped: 0.0039240 seconds, Stopping threads took: 0.0014000 seconds
112.698: Application time: 0.0312610 seconds
112.701: [GC112.701: [ParNew: 37566K->4158K(37568K), 0.0029240 secs] 491932K->461962K(758420K), 0.0029690 secs] [Times: user=0.02 sys=0.00, real=0.00 secs] 
112.704: Total time for which application threads were stopped: 0.0055110 seconds, Stopping threads took: 0.0024750 seconds
112.735: Application time: 0.0312310 seconds
112.737: [GC112.737: [ParNew: 37566K->4159K(37568K), 0.0025960 secs] 495370K->464339K(758420K), 0.0026430 secs] [Times: user=0.02 sys=0.00, real=0.00 secs] 
112.740: Total time for which application threads were stopped: 0.0047320 seconds, Stopping threads took: 0.0020210 seconds
112.771: Application time: 0.0314010 seconds
112.773: [GC112.773: [ParNew: 37567K->4158K(37568K), 0.0027010 secs] 497747K->467042K(758420K), 0.0027510 secs] [Times: user=0.02 sys=0.00, real=0.01 secs] 
112.775: Total time for which application threads were stopped: 0.0041690 seconds, Stopping threads took: 0.0013570 seconds
112.806: Application time: 0.0307370 seconds
112.808: [GC112.808: [ParNew: 37566K->4159K(37568K), 0.0025190 secs] 500450K->469057K(758420K), 0.0025630 secs] [Times: user=0.01 sys=0.00, real=0.00 secs] 
112.811: Total time for which application threads were stopped: 0.0047630 seconds, Stopping threads took: 0.0021330 seconds
112.842: Application time: 0.0316430 seconds
112.844: [GC112.844: [ParNew: 37567K->4158K(37568K), 0.0022250 secs] 502465K->470117K(758420K), 0.0022680 secs] [Times: user=0.01 sys=0.00, real=0.00 secs] 
112.846: Total time for which application threads were stopped: 0.0038800 seconds, Stopping threads took: 0.0015440 seconds
112.878: Application time: 0.0319000 seconds
112.881: [GC112.881: [ParNew: 37566K->4158K(37568K), 0.0025390 secs] 503525K->472090K(758420K), 0.0025830 secs] [Times: user=0.02 sys=0.00, real=0.00 secs] 
112.884: Total time for which application threads were stopped: 0.0056330 seconds, Stopping threads took: 0.0029840 seconds
112.915: Application time: 0.0310370 seconds
112.917: [GC112.917: [ParNew: 37566K->4158K(37568K), 0.0027850 secs] 505498K->475096K(758420K), 0.0028290 secs] [Times: user=0.02 sys=0.00, real=0.00 secs] 
112.920: Total time for which application threads were stopped: 0.0046830 seconds, Stopping threads took: 0.0017890 seconds
112.950: Application time: 0.0302370 seconds
112.952: [GC112.952: [ParNew: 37566K->4159K(37568K), 0.0028100 secs] 508504K->478031K(758420K), 0.0028560 secs] [Times: user=0.02 sys=0.00, real=0.01 secs] 
112.955: Total time for which application threads were stopped: 0.0051460 seconds, Stopping threads took: 0.0022230 seconds
112.987: Application time: 0.0315780 seconds
112.988: [GC112.988: [ParNew: 37567K->4158K(37568K), 0.0023050 secs] 511439K->479446K(758420K), 0.0023500 secs] [Times: user=0.02 sys=0.00, real=0.00 secs] 
112.991: Total time for which application threads were stopped: 0.0040540 seconds, Stopping threads took: 0.0016360 seconds
113.023: Application time: 0.0318820 seconds
113.025: [GC113.025: [ParNew: 37566K->4158K(37568K), 0.0023950 secs] 512854K->480887K(758420K), 0.0024420 secs] [Times: user=0.01 sys=0.00, real=0.01 secs] 
113.027: Total time for which application threads were stopped: 0.0046800 seconds, Stopping threads took: 0.0021630 seconds
113.059: Application time: 0.0315770 seconds
113.061: [GC113.061: [ParNew: 37566K->4159K(37568K), 0.0024580 secs] 514295K->482696K(758420K), 0.0025030 secs] [Times: user=0.02 sys=0.00, real=0.00 secs] 
113.063: Total time for which application threads were stopped: 0.0045610 seconds, Stopping threads took: 0.0019900 seconds
113.095: Application time: 0.0315750 seconds
113.097: [GC113.097: [ParNew: 37567K->4159K(37568K), 0.0025230 secs] 516104K->484535K(758420K), 0.0025670 secs] [Times: user=0.02 sys=0.00, real=0.00 secs] 
113.100: Total time for which application threads were stopped: 0.0045550 seconds, Stopping threads took: 0.0019230 seconds
113.132: Application time: 0.0324540 seconds
113.134: [GC113.134: [ParNew: 37567K->4159K(37568K), 0.0023750 secs] 517943K->486184K(758420K), 0.0024190 secs] [Times: user=0.01 sys=0.00, real=0.01 secs] 
113.137: Total time for which application threads were stopped: 0.0046610 seconds, Stopping threads took: 0.0021770 seconds
113.167: Application time: 0.0304590 seconds
113.170: [GC113.170: [ParNew: 37567K->4159K(37568K), 0.0023190 secs] 519592K->487779K(758420K), 0.0023650 secs] [Times: user=0.01 sys=0.00, real=0.00 secs] 
113.172: Total time for which application threads were stopped: 0.0051560 seconds, Stopping threads took: 0.0027250 seconds
113.203: Application time: 0.0309160 seconds
113.205: [GC113.205: [ParNew: 37567K->4159K(37568K), 0.0025890 secs] 521187K->490148K(758420K), 0.0026360 secs] [Times: user=0.02 sys=0.01, real=0.01 secs] 
113.207: Total time for which application threads were stopped: 0.0041960 seconds, Stopping threads took: 0.0014830 seconds
113.240: Application time: 0.0321760 seconds
113.242: [GC113.242: [ParNew: 37566K->4159K(37568K), 0.0025660 secs] 523555K->492388K(758420K), 0.0026130 secs] [Times: user=0.02 sys=0.00, real=0.00 secs] 
113.245: Total time for which application threads were stopped: 0.0052590 seconds, Stopping threads took: 0.0025790 seconds
113.276: Application time: 0.0312950 seconds
113.279: [GC113.279: [ParNew: 37567K->4159K(37568K), 0.0026640 secs] 525796K->494928K(758420K), 0.0027090 secs] [Times: user=0.02 sys=0.00, real=0.00 secs] 
113.282: Total time for which application threads were stopped: 0.0057680 seconds, Stopping threads took: 0.0029940 seconds
113.311: Application time: 0.0292260 seconds
113.312: [GC113.312: [ParNew: 37567K->4159K(37568K), 0.0028900 secs] 528336K->497864K(758420K), 0.0029320 secs] [Times: user=0.02 sys=0.00, real=0.01 secs] 
113.315: Total time for which application threads were stopped: 0.0038270 seconds, Stopping threads took: 0.0008320 seconds
113.345: Application time: 0.0301320 seconds
113.347: [GC113.347: [ParNew: 37567K->4159K(37568K), 0.0022030 secs] 531271K->498784K(758420K), 0.0022460 secs] [Times: user=0.02 sys=0.00, real=0.00 secs] 
113.349: Total time for which application threads were stopped: 0.0043570 seconds, Stopping threads took: 0.0020460 seconds
113.379: Application time: 0.0292100 seconds
113.381: [GC113.381: [ParNew: 37567K->4159K(37568K), 0.0024020 secs] 532192K->500602K(758420K), 0.0024460 secs] [Times: user=0.01 sys=0.00, real=0.00 secs] 
113.384: Total time for which application threads were stopped: 0.0048880 seconds, Stopping threads took: 0.0023760 seconds
113.414: Application time: 0.0301460 seconds
113.415: [GC113.416: [ParNew: 37567K->4158K(37568K), 0.0024130 secs] 534010K->502357K(758420K), 0.0024560 secs] [Times: user=0.01 sys=0.00, real=0.00 secs] 
113.418: Total time for which application threads were stopped: 0.0043140 seconds, Stopping threads took: 0.0017900 seconds
113.447: Application time: 0.0294160 seconds
113.449: [GC113.449: [ParNew: 37566K->4158K(37568K), 0.0030180 secs] 535765K->505992K(758420K), 0.0030600 secs] [Times: user=0.02 sys=0.00, real=0.00 secs] 
113.452: Total time for which application threads were stopped: 0.0043730 seconds, Stopping threads took: 0.0012500 seconds
113.481: Application time: 0.0297070 seconds
113.484: [GC113.485: [ParNew: 37566K->4159K(37568K), 0.0026310 secs] 539400K->508499K(758420K), 0.0026720 secs] [Times: user=0.02 sys=0.00, real=0.01 secs] 
113.487: Total time for which application threads were stopped: 0.0057140 seconds, Stopping threads took: 0.0029800 seconds
113.516: Application time: 0.0284600 seconds
113.517: [GC113.517: [ParNew: 37567K->4158K(37568K), 0.0026160 secs] 541907K->510948K(758420K), 0.0026600 secs] [Times: user=0.02 sys=0.00, real=0.00 secs] 
113.520: Total time for which application threads were stopped: 0.0039790 seconds, Stopping threads took: 0.0012530 seconds
113.549: Application time: 0.0294270 seconds
113.552: [GC113.552: [ParNew: 37566K->4158K(37568K), 0.0025620 secs] 544356K->513389K(758420K), 0.0026060 secs] [Times: user=0.02 sys=0.00, real=0.00 secs] 
113.554: Total time for which application threads were stopped: 0.0052870 seconds, Stopping threads took: 0.0025830 seconds
113.583: Application time: 0.0283350 seconds
113.584: [GC113.584: [ParNew: 37565K->4159K(37568K), 0.0030890 secs] 546797K->516519K(758420K), 0.0031330 secs] [Times: user=0.02 sys=0.00, real=0.01 secs] 
113.588: Total time for which application threads were stopped: 0.0048070 seconds, Stopping threads took: 0.0016090 seconds
113.617: Application time: 0.0291820 seconds
113.619: [GC113.619: [ParNew: 37566K->4159K(37568K), 0.0027910 secs] 549926K->519395K(758420K), 0.0028330 secs] [Times: user=0.02 sys=0.00, real=0.00 secs] 
113.622: Total time for which application threads were stopped: 0.0051700 seconds, Stopping threads took: 0.0022500 seconds
113.651: Application time: 0.0291730 seconds
113.652: [GC113.652: [ParNew: 37566K->4159K(37568K), 0.0021420 secs] 552801K->520134K(758420K), 0.0021950 secs] [Times: user=0.02 sys=0.00, real=0.00 secs] 
113.654: Total time for which application threads were stopped: 0.0032120 seconds, Stopping threads took: 0.0009530 seconds
113.684: Application time: 0.0293060 seconds
113.686: [GC113.686: [ParNew: 37567K->4159K(37568K), 0.0021850 secs] 553542K->521241K(758420K), 0.0022290 secs] [Times: user=0.02 sys=0.00, real=0.01 secs] 
113.689: Total time for which application threads were stopped: 0.0051600 seconds, Stopping threads took: 0.0028650 seconds
113.717: Application time: 0.0287800 seconds
113.720: [GC113.720: [ParNew: 37565K->4159K(37568K), 0.0024860 secs] 554647K->523180K(758420K), 0.0025280 secs] [Times: user=0.02 sys=0.00, real=0.00 secs] 
113.722: Total time for which application threads were stopped: 0.0046360 seconds, Stopping threads took: 0.0020400 seconds
113.751: Application time: 0.0286540 seconds
113.752: [GC113.752: [ParNew: 37567K->4158K(37568K), 0.0029210 secs] 556588K->526449K(758420K), 0.0029660 secs] [Times: user=0.02 sys=0.00, real=0.01 secs] 
113.755: Total time for which application threads were stopped: 0.0045540 seconds, Stopping threads took: 0.0015230 seconds
113.784: Application time: 0.0287300 seconds
113.786: [GC113.786: [ParNew: 37566K->4158K(37568K), 0.0024570 secs] 559857K->528457K(758420K), 0.0025020 secs] [Times: user=0.02 sys=0.00, real=0.01 secs] 
113.788: Total time for which application threads were stopped: 0.0042050 seconds, Stopping threads took: 0.0016360 seconds
113.818: Application time: 0.0293720 seconds
113.820: [GC113.820: [ParNew: 37566K->4158K(37568K), 0.0022680 secs] 561865K->529780K(758420K), 0.0023120 secs] [Times: user=0.01 sys=0.00, real=0.00 secs] 
113.823: Total time for which application threads were stopped: 0.0048420 seconds, Stopping threads took: 0.0024650 seconds
113.852: Application time: 0.0289950 seconds
113.853: [GC113.853: [ParNew: 37566K->4158K(37568K), 0.0023100 secs] 563188K->531229K(758420K), 0.0023530 secs] [Times: user=0.01 sys=0.00, real=0.01 secs] 
113.855: Total time for which application threads were stopped: 0.0034970 seconds, Stopping threads took: 0.0010800 seconds
113.885: Application time: 0.0302940 seconds
113.887: [GC113.887: [ParNew: 37566K->4159K(37568K), 0.0020180 secs] 564637K->531661K(758420K), 0.0020580 secs] [Times: user=0.02 sys=0.01, real=0.00 secs] 
113.889: Total time for which application threads were stopped: 0.0034820 seconds, Stopping threads took: 0.0013610 seconds
113.919: Application time: 0.0300340 seconds
113.920: [GC113.920: [ParNew: 37567K->4158K(37568K), 0.0020790 secs] 565069K->532379K(758420K), 0.0021200 secs] [Times: user=0.01 sys=0.00, real=0.00 secs] 
113.923: Total time for which application threads were stopped: 0.0037530 seconds, Stopping threads took: 0.0015690 seconds
113.952: Application time: 0.0297000 seconds
113.954: [GC113.954: [ParNew: 37564K->4159K(37568K), 0.0025530 secs] 565785K->534510K(758420K), 0.0026070 secs] [Times: user=0.02 sys=0.00, real=0.01 secs] 
113.957: Total time for which application threads were stopped: 0.0045880 seconds, Stopping threads took: 0.0019130 seconds
113.986: Application time: 0.0293860 seconds
113.988: [GC113.988: [ParNew: 37566K->4158K(37568K), 0.0024450 secs] 567918K->536559K(758420K), 0.0024870 secs] [Times: user=0.02 sys=0.00, real=0.00 secs] 
113.990: Total time for which application threads were stopped: 0.0042090 seconds, Stopping threads took: 0.0016580 seconds
114.020: Application time: 0.0300020 seconds
114.023: [GC114.023: [ParNew: 37566K->4158K(37568K), 0.0022050 secs] 569967K->537695K(758420K), 0.0022490 secs] [Times: user=0.02 sys=0.00, real=0.00 secs] 
114.025: Total time for which application threads were stopped: 0.0049150 seconds, Stopping threads took: 0.0025920 seconds
114.055: Application time: 0.0298620 seconds
114.057: [GC114.057: [ParNew: 37566K->4159K(37568K), 0.0025370 secs] 571103K->539791K(758420K), 0.0025800 secs] [Times: user=0.01 sys=0.00, real=0.00 secs] 
114.060: Total time for which application threads were stopped: 0.0044350 seconds, Stopping threads took: 0.0017740 seconds
114.089: Application time: 0.0296900 seconds
114.091: [GC114.091: [ParNew: 37567K->4159K(37568K), 0.0021600 secs] 573199K->540851K(758420K), 0.0022020 secs] [Times: user=0.01 sys=0.00, real=0.00 secs] 
114.093: Total time for which application threads were stopped: 0.0038680 seconds, Stopping threads took: 0.0016010 seconds
114.129: Application time: 0.0361990 seconds
114.132: [GC114.132: [ParNew: 37567K->4158K(37568K), 0.0025320 secs] 574259K->542821K(758420K), 0.0025790 secs] [Times: user=0.02 sys=0.00, real=0.01 secs] 
114.135: Total time for which application threads were stopped: 0.0053330 seconds, Stopping threads took: 0.0026690 seconds
114.165: Application time: 0.0298560 seconds
114.167: [GC114.167: [ParNew: 37566K->4158K(37568K), 0.0022790 secs] 576229K->544149K(758420K), 0.0023240 secs] [Times: user=0.02 sys=0.00, real=0.00 secs] 
114.170: Total time for which application threads were stopped: 0.0049600 seconds, Stopping threads took: 0.0025700 seconds
114.196: Application time: 0.0268860 seconds
114.198: [GC114.198: [ParNew: 37566K->4159K(37568K), 0.0028510 secs] 577557K->547257K(758420K), 0.0028970 secs] [Times: user=0.02 sys=0.00, real=0.00 secs] 
114.201: Total time for which application threads were stopped: 0.0048730 seconds, Stopping threads took: 0.0018870 seconds
114.231: Application time: 0.0291860 seconds
114.232: [GC114.232: [ParNew: 37567K->4158K(37568K), 0.0029570 secs] 580665K->550779K(758420K), 0.0030030 secs] [Times: user=0.03 sys=0.00, real=0.01 secs] 
114.235: Total time for which application threads were stopped: 0.0047270 seconds, Stopping threads took: 0.0016380 seconds
114.266: Application time: 0.0306230 seconds
114.268: [GC114.268: [ParNew: 37566K->4159K(37568K), 0.0024930 secs] 584187K->552725K(758420K), 0.0025370 secs] [Times: user=0.02 sys=0.00, real=0.00 secs] 
114.271: Total time for which application threads were stopped: 0.0046280 seconds, Stopping threads took: 0.0020250 seconds
114.299: Application time: 0.0284060 seconds
114.301: [GC114.301: [ParNew: 37567K->4158K(37568K), 0.0030470 secs] 586133K->555950K(758420K), 0.0030920 secs] [Times: user=0.02 sys=0.00, real=0.00 secs] 
114.304: Total time for which application threads were stopped: 0.0050760 seconds, Stopping threads took: 0.0018950 seconds
114.333: Application time: 0.0287700 seconds
114.335: [GC114.335: [ParNew: 37566K->4158K(37568K), 0.0028270 secs] 589358K->558983K(758420K), 0.0028730 secs] [Times: user=0.02 sys=0.00, real=0.00 secs] 
114.338: Total time for which application threads were stopped: 0.0049900 seconds, Stopping threads took: 0.0020510 seconds
114.367: Application time: 0.0292280 seconds
114.370: [GC114.370: [ParNew: 37566K->4159K(37568K), 0.0025970 secs] 592391K->561297K(758420K), 0.0026430 secs] [Times: user=0.02 sys=0.00, real=0.00 secs] 
114.373: Total time for which application threads were stopped: 0.0055050 seconds, Stopping threads took: 0.0027870 seconds
114.402: Application time: 0.0290910 seconds
114.404: [GC114.404: [ParNew: 37567K->4159K(37568K), 0.0026940 secs] 594705K->564017K(758420K), 0.0027370 secs] [Times: user=0.02 sys=0.00, real=0.00 secs] 
114.406: Total time for which application threads were stopped: 0.0048620 seconds, Stopping threads took: 0.0020590 seconds
114.435: Application time: 0.0290040 seconds
114.437: [GC114.437: [ParNew: 37567K->4158K(37568K), 0.0023660 secs] 597425K->565637K(758420K), 0.0024100 secs] [Times: user=0.02 sys=0.01, real=0.00 secs] 
114.439: Total time for which application threads were stopped: 0.0037220 seconds, Stopping threads took: 0.0012450 seconds
114.470: Application time: 0.0303270 seconds
114.472: [GC114.472: [ParNew: 37566K->4158K(37568K), 0.0024330 secs] 599045K->567633K(758420K), 0.0024770 secs] [Times: user=0.02 sys=0.00, real=0.00 secs] 
114.474: Total time for which application threads were stopped: 0.0047670 seconds, Stopping threads took: 0.0022260 seconds
114.504: Application time: 0.0292490 seconds
114.506: [GC114.506: [ParNew: 37565K->4158K(37568K), 0.0026620 secs] 601041K->570022K(758420K), 0.0027150 secs] [Times: user=0.02 sys=0.00, real=0.01 secs] 
114.508: Total time for which application threads were stopped: 0.0049090 seconds, Stopping threads took: 0.0021280 seconds
114.538: Application time: 0.0299170 seconds
114.541: [GC114.541: [ParNew: 37566K->4159K(37568K), 0.0023270 secs] 603430K->571248K(758420K), 0.0023720 secs] [Times: user=0.02 sys=0.00, real=0.00 secs] 
114.544: Total time for which application threads were stopped: 0.0052490 seconds, Stopping threads took: 0.0028130 seconds
114.573: Application time: 0.0290050 seconds
114.575: [GC114.575: [ParNew: 37567K->4158K(37568K), 0.0029440 secs] 604656K->574480K(758420K), 0.0029870 secs] [Times: user=0.02 sys=0.00, real=0.00 secs] 
114.578: Total time for which application threads were stopped: 0.0050050 seconds, Stopping threads took: 0.0019380 seconds
114.607: Application time: 0.0292210 seconds
114.609: [GC114.609: [ParNew: 37566K->4158K(37568K), 0.0029390 secs] 607888K->577744K(758420K), 0.0029830 secs] [Times: user=0.02 sys=0.00, real=0.00 secs] 
114.612: Total time for which application threads were stopped: 0.0049280 seconds, Stopping threads took: 0.0018800 seconds
114.641: Application time: 0.0291400 seconds
114.642: [GC114.642: [ParNew: 37566K->4159K(37568K), 0.0022230 secs] 611152K->578950K(758420K), 0.0022670 secs] [Times: user=0.02 sys=0.00, real=0.00 secs] 
114.645: Total time for which application threads were stopped: 0.0036760 seconds, Stopping threads took: 0.0013440 seconds
114.674: Application time: 0.0289690 seconds
114.676: [GC114.676: [ParNew: 37567K->4159K(37568K), 0.0022140 secs] 612358K->580004K(758420K), 0.0022580 secs] [Times: user=0.01 sys=0.00, real=0.00 secs] 
114.678: Total time for which application threads were stopped: 0.0042460 seconds, Stopping threads took: 0.0019240 seconds
114.707: Application time: 0.0288480 seconds
114.709: [GC114.709: [ParNew: 37565K->4158K(37568K), 0.0027320 secs] 613410K->582900K(758420K), 0.0027760 secs] [Times: user=0.02 sys=0.00, real=0.00 secs] 
114.712: Total time for which application threads were stopped: 0.0050720 seconds, Stopping threads took: 0.0022310 seconds
114.739: Application time: 0.0274260 seconds
114.741: [GC114.741: [ParNew: 37503K->4158K(37568K), 0.0029120 secs] 616244K->586114K(758420K), 0.0029580 secs] [Times: user=0.02 sys=0.00, real=0.00 secs] 
114.744: Total time for which application threads were stopped: 0.0049250 seconds, Stopping threads took: 0.0019000 seconds
114.773: Application time: 0.0290260 seconds
114.775: [GC114.775: [ParNew: 37566K->4159K(37568K), 0.0027480 secs] 619522K->588741K(758420K), 0.0027940 secs] [Times: user=0.02 sys=0.00, real=0.00 secs] 
114.778: Total time for which application threads were stopped: 0.0050680 seconds, Stopping threads took: 0.0022070 seconds
114.807: Application time: 0.0290000 seconds
114.810: [GC114.810: [ParNew: 37567K->4158K(37568K), 0.0026490 secs] 622149K->591233K(758420K), 0.0026960 secs] [Times: user=0.01 sys=0.00, real=0.00 secs] 
114.813: Total time for which application threads were stopped: 0.0054740 seconds, Stopping threads took: 0.0027110 seconds
114.843: Application time: 0.0307890 seconds
114.844: [GC114.844: [ParNew: 37566K->4158K(37568K), 0.0020800 secs] 624641K->591752K(758420K), 0.0021200 secs] [Times: user=0.02 sys=0.00, real=0.00 secs] 
114.846: Total time for which application threads were stopped: 0.0026830 seconds, Stopping threads took: 0.0004990 seconds
114.876: Application time: 0.0301610 seconds
114.878: [GC114.878: [ParNew: 37566K->4158K(37568K), 0.0023190 secs] 625160K->593037K(758420K), 0.0023630 secs] [Times: user=0.01 sys=0.00, real=0.00 secs] 
114.880: Total time for which application threads were stopped: 0.0039180 seconds, Stopping threads took: 0.0014910 seconds
114.911: Application time: 0.0307760 seconds
114.913: [GC114.913: [ParNew: 37566K->4158K(37568K), 0.0021410 secs] 626445K->593699K(758420K), 0.0021840 secs] [Times: user=0.01 sys=0.00, real=0.01 secs] 
114.915: Total time for which application threads were stopped: 0.0044640 seconds, Stopping threads took: 0.0022070 seconds
114.946: Application time: 0.0304440 seconds
114.949: [GC114.949: [ParNew: 37566K->4159K(37568K), 0.0022270 secs] 627107K->594727K(758420K), 0.0022720 secs] [Times: user=0.01 sys=0.00, real=0.00 secs] 
114.951: Total time for which application threads were stopped: 0.0048630 seconds, Stopping threads took: 0.0025050 seconds
114.981: Application time: 0.0297420 seconds
114.983: [GC114.983: [ParNew: 37565K->4159K(37568K), 0.0022500 secs] 628133K->595839K(758420K), 0.0022940 secs] [Times: user=0.01 sys=0.00, real=0.00 secs] 
114.986: Total time for which application threads were stopped: 0.0051360 seconds, Stopping threads took: 0.0027580 seconds
115.016: Application time: 0.0299330 seconds
115.017: [GC115.017: [ParNew: 37567K->4159K(37568K), 0.0019820 secs] 629247K->595911K(758420K), 0.0020220 secs] [Times: user=0.02 sys=0.00, real=0.00 secs] 
115.019: Total time for which application threads were stopped: 0.0038010 seconds, Stopping threads took: 0.0017150 seconds
115.049: Application time: 0.0294080 seconds
115.050: [GC115.050: [ParNew: 37567K->4153K(37568K), 0.0018330 secs] 629319K->595905K(758420K), 0.0018750 secs] [Times: user=0.01 sys=0.00, real=0.00 secs] 
115.052: Total time for which application threads were stopped: 0.0034490 seconds, Stopping threads took: 0.0015110 seconds
115.082: Application time: 0.0299680 seconds
115.084: [GC115.084: [ParNew: 37561K->4159K(37568K), 0.0021540 secs] 629313K->596777K(758420K), 0.0021960 secs] [Times: user=0.01 sys=0.00, real=0.00 secs] 
115.086: Total time for which application threads were stopped: 0.0037000 seconds, Stopping threads took: 0.0014300 seconds
115.114: Application time: 0.0283390 seconds
115.116: [GC115.116: [ParNew: 37567K->4158K(37568K), 0.0031100 secs] 630185K->600463K(758420K), 0.0031540 secs] [Times: user=0.02 sys=0.00, real=0.00 secs] 
115.119: Total time for which application threads were stopped: 0.0048400 seconds, Stopping threads took: 0.0016200 seconds
115.149: Application time: 0.0299120 seconds
115.151: [GC115.151: [ParNew: 37566K->4158K(37568K), 0.0026850 secs] 633871K->603109K(758420K), 0.0027310 secs] [Times: user=0.02 sys=0.00, real=0.00 secs] 
115.153: Total time for which application threads were stopped: 0.0043310 seconds, Stopping threads took: 0.0015250 seconds
115.182: Application time: 0.0282740 seconds
115.184: [GC115.184: [ParNew: 37566K->4159K(37568K), 0.0031280 secs] 636517K->606652K(758420K), 0.0031730 secs] [Times: user=0.02 sys=0.00, real=0.01 secs] 
115.187: Total time for which application threads were stopped: 0.0051440 seconds, Stopping threads took: 0.0019070 seconds
115.216: Application time: 0.0292780 seconds
115.218: [GC115.218: [ParNew: 37567K->4158K(37568K), 0.0025810 secs] 640060K->608659K(758420K), 0.0026260 secs] [Times: user=0.02 sys=0.00, real=0.00 secs] 
115.221: Total time for which application threads were stopped: 0.0044760 seconds, Stopping threads took: 0.0017840 seconds
115.250: Application time: 0.0295570 seconds
115.252: [GC115.252: [ParNew: 37566K->4158K(37568K), 0.0025550 secs] 642067K->610992K(758420K), 0.0026000 secs] [Times: user=0.02 sys=0.00, real=0.01 secs] 
115.255: Total time for which application threads were stopped: 0.0048330 seconds, Stopping threads took: 0.0021680 seconds
115.284: Application time: 0.0289370 seconds
115.286: [GC115.286: [ParNew: 37566K->4158K(37568K), 0.0029150 secs] 644400K->614190K(758420K), 0.0029610 secs] [Times: user=0.02 sys=0.00, real=0.01 secs] 
115.289: Total time for which application threads were stopped: 0.0048230 seconds, Stopping threads took: 0.0017960 seconds
115.318: Application time: 0.0292360 seconds
115.320: [GC115.320: [ParNew: 37566K->4158K(37568K), 0.0029080 secs] 647598K->617225K(758420K), 0.0029570 secs] [Times: user=0.02 sys=0.00, real=0.00 secs] 
115.323: Total time for which application threads were stopped: 0.0049710 seconds, Stopping threads took: 0.0019480 seconds
115.353: Application time: 0.0295920 seconds
115.355: [GC115.355: [ParNew: 37566K->4158K(37568K), 0.0026090 secs] 650633K->619132K(758420K), 0.0026570 secs] [Times: user=0.02 sys=0.00, real=0.00 secs] 
115.357: Total time for which application threads were stopped: 0.0049130 seconds, Stopping threads took: 0.0021690 seconds
115.386: Application time: 0.0281010 seconds
115.387: [GC115.388: [ParNew: 37566K->4159K(37568K), 0.0026950 secs] 652540K->621456K(758420K), 0.0027390 secs] [Times: user=0.02 sys=0.00, real=0.00 secs] 
115.390: Total time for which application threads were stopped: 0.0047000 seconds, Stopping threads took: 0.0018760 seconds
115.420: Application time: 0.0296540 seconds
115.422: [GC115.422: [ParNew: 37566K->4159K(37568K), 0.0024670 secs] 654863K->623128K(758420K), 0.0025120 secs] [Times: user=0.02 sys=0.00, real=0.00 secs] 
115.424: Total time for which application threads were stopped: 0.0044390 seconds, Stopping threads took: 0.0018390 seconds
115.455: Application time: 0.0305330 seconds
115.457: [GC115.457: [ParNew: 37567K->4158K(37568K), 0.0022950 secs] 656536K->624229K(758420K), 0.0023390 secs] [Times: user=0.01 sys=0.00, real=0.00 secs] 
115.459: Total time for which application threads were stopped: 0.0043110 seconds, Stopping threads took: 0.0019070 seconds
115.488: Application time: 0.0287980 seconds
115.490: [GC115.490: [ParNew: 37566K->4158K(37568K), 0.0027840 secs] 657636K->626751K(758420K), 0.0028280 secs] [Times: user=0.02 sys=0.00, real=0.00 secs] 
115.493: Total time for which application threads were stopped: 0.0050560 seconds, Stopping threads took: 0.0021400 seconds
115.523: Application time: 0.0295570 seconds
115.525: [GC115.525: [ParNew: 37566K->4158K(37568K), 0.0023160 secs] 660159K->628183K(758420K), 0.0023610 secs] [Times: user=0.02 sys=0.00, real=0.01 secs] 
115.527: Total time for which application threads were stopped: 0.0047650 seconds, Stopping threads took: 0.0023380 seconds
115.557: Application time: 0.0296770 seconds
115.560: [GC115.560: [ParNew: 37565K->4158K(37568K), 0.0027340 secs] 661590K->630555K(758420K), 0.0027800 secs] [Times: user=0.02 sys=0.00, real=0.00 secs] 
115.563: Total time for which application threads were stopped: 0.0057760 seconds, Stopping threads took: 0.0029200 seconds
115.592: Application time: 0.0287640 seconds
115.593: [GC115.593: [ParNew: 37566K->4158K(37568K), 0.0024140 secs] 663963K->632306K(758420K), 0.0024580 secs] [Times: user=0.01 sys=0.00, real=0.01 secs] 
115.595: Total time for which application threads were stopped: 0.0036820 seconds, Stopping threads took: 0.0011510 seconds
115.624: Application time: 0.0284560 seconds
115.626: [GC115.626: [ParNew: 37566K->4159K(37568K), 0.0027590 secs] 665714K->634983K(758420K), 0.0028050 secs] [Times: user=0.02 sys=0.00, real=0.01 secs] 
115.629: Total time for which application threads were stopped: 0.0047940 seconds, Stopping threads took: 0.0019240 seconds
115.657: Application time: 0.0287900 seconds
115.658: [GC115.658: [ParNew: 37566K->4159K(37568K), 0.0025920 secs] 668390K->637076K(758420K), 0.0026370 secs] [Times: user=0.02 sys=0.00, real=0.00 secs] 
115.661: Total time for which application threads were stopped: 0.0035530 seconds, Stopping threads took: 0.0008480 seconds
115.690: Application time: 0.0286210 seconds
115.691: [GC115.691: [ParNew: 37567K->4158K(37568K), 0.0025370 secs] 670484K->639133K(758420K), 0.0025780 secs] [Times: user=0.01 sys=0.00, real=0.00 secs] 
115.694: Total time for which application threads were stopped: 0.0044440 seconds, Stopping threads took: 0.0018000 seconds
115.724: Application time: 0.0297110 seconds
115.725: [GC115.725: [ParNew: 37565K->4159K(37568K), 0.0023380 secs] 672540K->640635K(758420K), 0.0023800 secs] [Times: user=0.02 sys=0.00, real=0.01 secs] 
115.728: Total time for which application threads were stopped: 0.0039320 seconds, Stopping threads took: 0.0014880 seconds
115.758: Application time: 0.0302090 seconds
115.760: [GC115.760: [ParNew: 37567K->4159K(37568K), 0.0022370 secs] 674043K->641649K(758420K), 0.0022800 secs] [Times: user=0.02 sys=0.00, real=0.00 secs] 
115.762: Total time for which application threads were stopped: 0.0040800 seconds, Stopping threads took: 0.0017330 seconds
 CMS: abort preclean due to time 115.766: [CMS-concurrent-abortable-preclean: 0.677/5.002 secs] [Times: user=37.52 sys=0.20, real=5.00 secs] 
115.766: Application time: 0.0045930 seconds
115.769: [GC[YG occupancy: 9685 K (37568 K)]115.769: [Rescan (parallel) , 0.0003620 secs]115.770: [weak refs processing, 0.0000070 secs]115.770: [scrub string table, 0.0001060 secs] [1 CMS-remark: 637490K(720852K)] 647175K(758420K), 0.0005040 secs] [Times: user=0.00 sys=0.00, real=0.00 secs] 
115.770: Total time for which application threads were stopped: 0.0034130 seconds, Stopping threads took: 0.0028800 seconds
115.770: [CMS-concurrent-sweep-start]
115.793: Application time: 0.0230300 seconds
115.795: [GC115.795: [ParNew: 37567K->4158K(37568K), 0.0028240 secs] 428806K->398231K(758420K), 0.0028660 secs] [Times: user=0.02 sys=0.00, real=0.00 secs] 
115.798: Total time for which application threads were stopped: 0.0052760 seconds, Stopping threads took: 0.0023440 seconds
115.808: [CMS-concurrent-sweep: 0.033/0.038 secs] [Times: user=0.27 sys=0.00, real=0.04 secs] 
115.808: [CMS-concurrent-reset-start]
115.812: [CMS-concurrent-reset: 0.003/0.003 secs] [Times: user=0.03 sys=0.00, real=0.00 secs] 
115.829: Application time: 0.0312160 seconds
115.832: [GC115.832: [ParNew: 37566K->4158K(37568K), 0.0027270 secs] 356695K->325932K(758420K), 0.0027690 secs] [Times: user=0.02 sys=0.00, real=0.00 secs] 
115.834: Total time for which application threads were stopped: 0.0048860 seconds, Stopping threads took: 0.0020360 seconds
115.862: Application time: 0.0276220 seconds
115.865: [GC115.865: [ParNew: 37566K->4158K(37568K), 0.0029950 secs] 359340K->329504K(758420K), 0.0030400 secs] [Times: user=0.02 sys=0.00, real=0.01 secs] 
115.868: Total time for which application threads were stopped: 0.0061280 seconds, Stopping threads took: 0.0030220 seconds
115.868: Application time: 0.0000440 seconds
115.871: [GC [1 CMS-initial-mark: 325346K(720852K)] 329779K(758420K), 0.0001890 secs] [Times: user=0.00 sys=0.00, real=0.00 secs] 
115.872: Total time for which application threads were stopped: 0.0035460 seconds, Stopping threads took: 0.0033360 seconds
115.872: [CMS-concurrent-mark-start]
115.878: [CMS-concurrent-mark: 0.007/0.007 secs] [Times: user=0.03 sys=0.00, real=0.01 secs] 
115.878: [CMS-concurrent-preclean-start]
115.879: [CMS-concurrent-preclean: 0.001/0.001 secs] [Times: user=0.02 sys=0.00, real=0.00 secs] 
115.880: [CMS-concurrent-abortable-preclean-start]
115.902: Application time: 0.0303310 seconds
115.905: [GC115.905: [ParNew: 37566K->4158K(37568K), 0.0025620 secs] 362912K->331854K(758420K), 0.0026060 secs] [Times: user=0.01 sys=0.00, real=0.01 secs] 
115.908: Total time for which application threads were stopped: 0.0055130 seconds, Stopping threads took: 0.0028430 seconds
115.937: Application time: 0.0291720 seconds
115.938: [GC115.938: [ParNew: 37566K->4158K(37568K), 0.0025750 secs] 365262K->334093K(758420K), 0.0026200 secs] [Times: user=0.01 sys=0.00, real=0.00 secs] 
115.941: Total time for which application threads were stopped: 0.0043680 seconds, Stopping threads took: 0.0016830 seconds
115.971: Application time: 0.0298980 seconds
115.974: [GC115.974: [ParNew: 37566K->4159K(37568K), 0.0022580 secs] 367501K->335368K(758420K), 0.0023010 secs] [Times: user=0.02 sys=0.00, real=0.01 secs] 
115.976: Total time for which application threads were stopped: 0.0050160 seconds, Stopping threads took: 0.0026480 seconds
116.005: Application time: 0.0291840 seconds
116.008: [GC116.008: [ParNew: 37567K->4158K(37568K), 0.0025290 secs] 368776K->337589K(758420K), 0.0025750 secs] [Times: user=0.02 sys=0.00, real=0.00 secs] 
116.011: Total time for which application threads were stopped: 0.0055190 seconds, Stopping threads took: 0.0028790 seconds
116.040: Application time: 0.0297670 seconds
116.043: [GC116.043: [ParNew: 37566K->4159K(37568K), 0.0028360 secs] 370997K->340677K(758420K), 0.0028760 secs] [Times: user=0.02 sys=0.00, real=0.00 secs] 
116.046: Total time for which application threads were stopped: 0.0054020 seconds, Stopping threads took: 0.0024610 seconds
116.076: Application time: 0.0297180 seconds
116.077: [GC116.077: [ParNew: 37567K->4158K(37568K), 0.0021830 secs] 374085K->341682K(758420K), 0.0022330 secs] [Times: user=0.01 sys=0.00, real=0.00 secs] 
116.079: Total time for which application threads were stopped: 0.0036130 seconds, Stopping threads took: 0.0013170 seconds
116.109: Application time: 0.0299620 seconds
116.110: [GC116.110: [ParNew: 37566K->4017K(37568K), 0.0018120 secs] 375090K->341541K(758420K), 0.0018560 secs] [Times: user=0.01 sys=0.00, real=0.00 secs] 
116.112: Total time for which application threads were stopped: 0.0031080 seconds, Stopping threads took: 0.0011820 seconds
116.141: Application time: 0.0291330 seconds
116.143: [GC116.143: [ParNew: 37425K->4158K(37568K), 0.0021920 secs] 374949K->342542K(758420K), 0.0022380 secs] [Times: user=0.01 sys=0.00, real=0.00 secs] 
116.145: Total time for which application threads were stopped: 0.0038370 seconds, Stopping threads took: 0.0015340 seconds
116.175: Application time: 0.0298110 seconds
116.177: [GC116.177: [ParNew: 37566K->4158K(37568K), 0.0027250 secs] 375949K->345264K(758420K), 0.0027690 secs] [Times: user=0.02 sys=0.00, real=0.00 secs] 
116.180: Total time for which application threads were stopped: 0.0048140 seconds, Stopping threads took: 0.0019800 seconds
116.209: Application time: 0.0293640 seconds
116.210: [GC116.210: [ParNew: 37566K->4158K(37568K), 0.0025150 secs] 378672K->347335K(758420K), 0.0025560 secs] [Times: user=0.02 sys=0.00, real=0.00 secs] 
116.213: Total time for which application threads were stopped: 0.0035770 seconds, Stopping threads took: 0.0009550 seconds
116.243: Application time: 0.0302400 seconds
116.245: [GC116.245: [ParNew: 37566K->4158K(37568K), 0.0023320 secs] 380743K->348805K(758420K), 0.0023760 secs] [Times: user=0.01 sys=0.00, real=0.01 secs] 
116.247: Total time for which application threads were stopped: 0.0039440 seconds, Stopping threads took: 0.0015020 seconds
116.276: Application time: 0.0291110 seconds
116.278: [GC116.278: [ParNew: 37566K->4158K(37568K), 0.0027100 secs] 382213K->351511K(758420K), 0.0027510 secs] [Times: user=0.02 sys=0.00, real=0.00 secs] 
116.280: Total time for which application threads were stopped: 0.0043870 seconds, Stopping threads took: 0.0015720 seconds
116.309: Application time: 0.0285260 seconds
116.312: [GC116.312: [ParNew: 37565K->4159K(37568K), 0.0027790 secs] 384918K->354574K(758420K), 0.0028260 secs] [Times: user=0.02 sys=0.00, real=0.01 secs] 
116.315: Total time for which application threads were stopped: 0.0056450 seconds, Stopping threads took: 0.0027540 seconds
116.345: Application time: 0.0304160 seconds
116.348: [GC116.348: [ParNew: 37567K->4158K(37568K), 0.0021130 secs] 387982K->355496K(758420K), 0.0021550 secs] [Times: user=0.02 sys=0.00, real=0.00 secs] 
116.350: Total time for which application threads were stopped: 0.0052730 seconds, Stopping threads took: 0.0030540 seconds
116.380: Application time: 0.0299060 seconds
116.382: [GC116.382: [ParNew: 37566K->4158K(37568K), 0.0023150 secs] 388904K->356837K(758420K), 0.0023580 secs] [Times: user=0.01 sys=0.00, real=0.00 secs] 
116.384: Total time for which application threads were stopped: 0.0038100 seconds, Stopping threads took: 0.0013640 seconds
116.412: Application time: 0.0279440 seconds
116.414: [GC116.414: [ParNew: 37566K->4158K(37568K), 0.0027060 secs] 390245K->359490K(758420K), 0.0027530 secs] [Times: user=0.02 sys=0.00, real=0.01 secs] 
116.417: Total time for which application threads were stopped: 0.0051400 seconds, Stopping threads took: 0.0023210 seconds
116.447: Application time: 0.0294600 seconds
116.449: [GC116.449: [ParNew: 37566K->4159K(37568K), 0.0026280 secs] 392898K->361968K(758420K), 0.0026700 secs] [Times: user=0.02 sys=0.00, real=0.00 secs] 
116.451: Total time for which application threads were stopped: 0.0045790 seconds, Stopping threads took: 0.0018440 seconds
116.480: Application time: 0.0291210 seconds
116.483: [GC116.483: [ParNew: 37567K->4159K(37568K), 0.0025710 secs] 395376K->364356K(758420K), 0.0026200 secs] [Times: user=0.01 sys=0.00, real=0.00 secs] 
116.486: Total time for which application threads were stopped: 0.0053580 seconds, Stopping threads took: 0.0026740 seconds
116.515: Application time: 0.0291380 seconds
116.516: [GC116.516: [ParNew: 37567K->4159K(37568K), 0.0025460 secs] 397764K->366563K(758420K), 0.0025900 secs] [Times: user=0.01 sys=0.00, real=0.00 secs] 
116.519: Total time for which application threads were stopped: 0.0041690 seconds, Stopping threads took: 0.0015130 seconds
116.548: Application time: 0.0294720 seconds
116.551: [GC116.551: [ParNew: 37567K->4159K(37568K), 0.0024870 secs] 399971K->368645K(758420K), 0.0025320 secs] [Times: user=0.02 sys=0.00, real=0.00 secs] 
116.554: Total time for which application threads were stopped: 0.0053080 seconds, Stopping threads took: 0.0027090 seconds
116.583: Application time: 0.0295800 seconds
116.585: [GC116.585: [ParNew: 37567K->4158K(37568K), 0.0028560 secs] 402053K->371794K(758420K), 0.0029010 secs] [Times: user=0.03 sys=0.00, real=0.01 secs] 
116.588: Total time for which application threads were stopped: 0.0044040 seconds, Stopping threads took: 0.0014370 seconds
116.617: Application time: 0.0296080 seconds
116.620: [GC116.620: [ParNew: 37566K->4159K(37568K), 0.0024620 secs] 405202K->373918K(758420K), 0.0025060 secs] [Times: user=0.02 sys=0.00, real=0.00 secs] 
116.622: Total time for which application threads were stopped: 0.0048680 seconds, Stopping threads took: 0.0022890 seconds
116.653: Application time: 0.0304780 seconds
116.656: [GC116.656: [ParNew: 37567K->4159K(37568K), 0.0022980 secs] 407326K->375385K(758420K), 0.0023410 secs] [Times: user=0.02 sys=0.00, real=0.00 secs] 
116.658: Total time for which application threads were stopped: 0.0052080 seconds, Stopping threads took: 0.0028000 seconds
116.689: Application time: 0.0307420 seconds
116.691: [GC116.691: [ParNew: 37567K->4158K(37568K), 0.0022480 secs] 408793K->376690K(758420K), 0.0022930 secs] [Times: user=0.02 sys=0.00, real=0.00 secs] 
116.693: Total time for which application threads were stopped: 0.0047640 seconds, Stopping threads took: 0.0024060 seconds
116.723: Application time: 0.0292310 seconds
116.724: [GC116.724: [ParNew: 37564K->4158K(37568K), 0.0026800 secs] 410096K->379397K(758420K), 0.0027250 secs] [Times: user=0.01 sys=0.00, real=0.00 secs] 
116.727: Total time for which application threads were stopped: 0.0039060 seconds, Stopping threads took: 0.0011060 seconds
116.757: Application time: 0.0300270 seconds
116.758: [GC116.758: [ParNew: 37566K->4158K(37568K), 0.0023570 secs] 412805K->381062K(758420K), 0.0024000 secs] [Times: user=0.01 sys=0.00, real=0.00 secs] 
116.761: Total time for which application threads were stopped: 0.0042000 seconds, Stopping threads took: 0.0017340 seconds
116.790: Application time: 0.0294510 seconds
116.793: [GC116.793: [ParNew: 37566K->4158K(37568K), 0.0026510 secs] 414470K->383485K(758420K), 0.0026960 secs] [Times: user=0.02 sys=0.00, real=0.01 secs] 
116.796: Total time for which application threads were stopped: 0.0056090 seconds, Stopping threads took: 0.0028500 seconds
116.825: Application time: 0.0291700 seconds
116.827: [GC116.827: [ParNew: 37566K->4159K(37568K), 0.0021690 secs] 416893K->384351K(758420K), 0.0022120 secs] [Times: user=0.02 sys=0.00, real=0.00 secs] 
116.829: Total time for which application threads were stopped: 0.0043030 seconds, Stopping threads took: 0.0020250 seconds
116.860: Application time: 0.0306060 seconds
116.861: [GC116.861: [ParNew: 37567K->4158K(37568K), 0.0021010 secs] 417759K->384687K(758420K), 0.0021410 secs] [Times: user=0.02 sys=0.00, real=0.00 secs] 
116.863: Total time for which application threads were stopped: 0.0027100 seconds, Stopping threads took: 0.0005050 seconds
116.892: Application time: 0.0298060 seconds
116.894: [GC116.895: [ParNew: 37566K->4158K(37568K), 0.0023930 secs] 418095K->386445K(758420K), 0.0024400 secs] [Times: user=0.01 sys=0.00, real=0.01 secs] 
116.897: Total time for which application threads were stopped: 0.0044530 seconds, Stopping threads took: 0.0019480 seconds
116.926: Application time: 0.0285810 seconds
116.927: [GC116.927: [ParNew: 37566K->4158K(37568K), 0.0025260 secs] 419853K->388574K(758420K), 0.0025780 secs] [Times: user=0.02 sys=0.00, real=0.00 secs] 
116.929: Total time for which application threads were stopped: 0.0039150 seconds, Stopping threads took: 0.0012710 seconds
116.958: Application time: 0.0286950 seconds
116.961: [GC116.961: [ParNew: 37566K->4159K(37568K), 0.0027460 secs] 421982K->391484K(758420K), 0.0027900 secs] [Times: user=0.02 sys=0.00, real=0.00 secs] 
116.964: Total time for which application threads were stopped: 0.0056960 seconds, Stopping threads took: 0.0028420 seconds
116.992: Application time: 0.0277730 seconds
116.994: [GC116.994: [ParNew: 37565K->4159K(37568K), 0.0030370 secs] 424890K->395238K(758420K), 0.0030850 secs] [Times: user=0.02 sys=0.00, real=0.01 secs] 
116.997: Total time for which application threads were stopped: 0.0051370 seconds, Stopping threads took: 0.0019860 seconds
117.027: Application time: 0.0300420 seconds
117.029: [GC117.029: [ParNew: 37567K->4159K(37568K), 0.0027980 secs] 428646K->398233K(758420K), 0.0028390 secs] [Times: user=0.02 sys=0.00, real=0.00 secs] 
117.032: Total time for which application threads were stopped: 0.0053190 seconds, Stopping threads took: 0.0024160 seconds
117.061: Application time: 0.0286070 seconds
117.062: [GC117.062: [ParNew: 37567K->4159K(37568K), 0.0025820 secs] 431641K->400631K(758420K), 0.0026230 secs] [Times: user=0.02 sys=0.00, real=0.00 secs] 
117.065: Total time for which application threads were stopped: 0.0040520 seconds, Stopping threads took: 0.0013630 seconds
117.093: Application time: 0.0285500 seconds
117.096: [GC117.096: [ParNew: 37567K->4159K(37568K), 0.0028490 secs] 434039K->403774K(758420K), 0.0028910 secs] [Times: user=0.02 sys=0.00, real=0.00 secs] 
117.098: Total time for which application threads were stopped: 0.0051250 seconds, Stopping threads took: 0.0021480 seconds
117.128: Application time: 0.0299180 seconds
117.130: [GC117.130: [ParNew: 37567K->4158K(37568K), 0.0021160 secs] 437182K->404287K(758420K), 0.0021570 secs] [Times: user=0.02 sys=0.00, real=0.00 secs] 
117.132: Total time for which application threads were stopped: 0.0040800 seconds, Stopping threads took: 0.0018510 seconds
117.162: Application time: 0.0299960 seconds
117.164: [GC117.164: [ParNew: 37566K->4158K(37568K), 0.0021620 secs] 437695K->405337K(758420K), 0.0022020 secs] [Times: user=0.01 sys=0.00, real=0.00 secs] 
117.166: Total time for which application threads were stopped: 0.0039300 seconds, Stopping threads took: 0.0016610 seconds
117.197: Application time: 0.0302680 seconds
117.199: [GC117.199: [ParNew: 37566K->4158K(37568K), 0.0024700 secs] 438745K->407251K(758420K), 0.0025110 secs] [Times: user=0.02 sys=0.00, real=0.00 secs] 
117.202: Total time for which application threads were stopped: 0.0051300 seconds, Stopping threads took: 0.0025530 seconds
117.231: Application time: 0.0287730 seconds
117.233: [GC117.233: [ParNew: 37566K->4158K(37568K), 0.0024250 secs] 440659K->409119K(758420K), 0.0024660 secs] [Times: user=0.02 sys=0.00, real=0.01 secs] 
117.235: Total time for which application threads were stopped: 0.0047680 seconds, Stopping threads took: 0.0022360 seconds
117.265: Application time: 0.0293010 seconds
117.266: [GC117.266: [ParNew: 37566K->4159K(37568K), 0.0023970 secs] 442527K->410898K(758420K), 0.0024420 secs] [Times: user=0.01 sys=0.00, real=0.01 secs] 
117.269: Total time for which application threads were stopped: 0.0040590 seconds, Stopping threads took: 0.0015510 seconds
117.299: Application time: 0.0299770 seconds
117.300: [GC117.300: [ParNew: 37567K->4159K(37568K), 0.0023440 secs] 444306K->412517K(758420K), 0.0023890 secs] [Times: user=0.01 sys=0.00, real=0.00 secs] 
117.303: Total time for which application threads were stopped: 0.0038830 seconds, Stopping threads took: 0.0014280 seconds
117.335: Application time: 0.0324820 seconds
117.337: [GC117.337: [ParNew: 37567K->4158K(37568K), 0.0021590 secs] 445925K->413666K(758420K), 0.0022020 secs] [Times: user=0.01 sys=0.00, real=0.00 secs] 
117.339: Total time for which application threads were stopped: 0.0040140 seconds, Stopping threads took: 0.0017350 seconds
117.372: Application time: 0.0329760 seconds
117.375: [GC117.375: [ParNew: 37566K->4159K(37568K), 0.0021060 secs] 447074K->414347K(758420K), 0.0021480 secs] [Times: user=0.01 sys=0.00, real=0.00 secs] 
117.377: Total time for which application threads were stopped: 0.0051970 seconds, Stopping threads took: 0.0029830 seconds
117.408: Application time: 0.0310190 seconds
117.412: [GC117.412: [ParNew: 37567K->4159K(37568K), 0.0024930 secs] 447755K->416444K(758420K), 0.0025350 secs] [Times: user=0.02 sys=0.00, real=0.00 secs] 
117.414: Total time for which application threads were stopped: 0.0059780 seconds, Stopping threads took: 0.0033770 seconds
117.446: Application time: 0.0314550 seconds
117.448: [GC117.448: [ParNew: 37567K->4159K(37568K), 0.0024130 secs] 449852K->418275K(758420K), 0.0024580 secs] [Times: user=0.02 sys=0.00, real=0.00 secs] 
117.451: Total time for which application threads were stopped: 0.0050370 seconds, Stopping threads took: 0.0025130 seconds
117.482: Application time: 0.0313290 seconds
117.485: [GC117.485: [ParNew: 37567K->4158K(37568K), 0.0025580 secs] 451683K->420445K(758420K), 0.0026020 secs] [Times: user=0.01 sys=0.00, real=0.01 secs] 
117.488: Total time for which application threads were stopped: 0.0055470 seconds, Stopping threads took: 0.0028790 seconds
117.519: Application time: 0.0317430 seconds
117.520: [GC117.520: [ParNew: 37566K->4159K(37568K), 0.0024600 secs] 453853K->422403K(758420K), 0.0025040 secs] [Times: user=0.02 sys=0.00, real=0.00 secs] 
117.523: Total time for which application threads were stopped: 0.0031900 seconds, Stopping threads took: 0.0006180 seconds
117.554: Application time: 0.0319070 seconds
117.557: [GC117.557: [ParNew: 37567K->4159K(37568K), 0.0027780 secs] 455811K->425333K(758420K), 0.0028250 secs] [Times: user=0.02 sys=0.00, real=0.00 secs] 
117.560: Total time for which application threads were stopped: 0.0058390 seconds, Stopping threads took: 0.0029240 seconds
117.592: Application time: 0.0315150 seconds
117.594: [GC117.594: [ParNew: 37567K->4159K(37568K), 0.0027360 secs] 458741K->428113K(758420K), 0.0027830 secs] [Times: user=0.02 sys=0.00, real=0.01 secs] 
117.597: Total time for which application threads were stopped: 0.0054360 seconds, Stopping threads took: 0.0025840 seconds
117.629: Application time: 0.0313480 seconds
117.631: [GC117.631: [ParNew: 37566K->4159K(37568K), 0.0030030 secs] 461520K->431768K(758420K), 0.0030470 secs] [Times: user=0.02 sys=0.00, real=0.00 secs] 
117.634: Total time for which application threads were stopped: 0.0053350 seconds, Stopping threads took: 0.0022140 seconds
117.666: Application time: 0.0315830 seconds
117.668: [GC117.668: [ParNew: 37565K->4158K(37568K), 0.0024150 secs] 465174K->433391K(758420K), 0.0024580 secs] [Times: user=0.02 sys=0.00, real=0.00 secs] 
117.670: Total time for which application threads were stopped: 0.0045930 seconds, Stopping threads took: 0.0020680 seconds
117.702: Application time: 0.0314220 seconds
117.704: [GC117.704: [ParNew: 37566K->4158K(37568K), 0.0023430 secs] 466799K->434899K(758420K), 0.0023890 secs] [Times: user=0.02 sys=0.00, real=0.00 secs] 
117.706: Total time for which application threads were stopped: 0.0048570 seconds, Stopping threads took: 0.0023990 seconds
117.738: Application time: 0.0319700 seconds
117.741: [GC117.741: [ParNew: 37566K->4159K(37568K), 0.0023060 secs] 468307K->436188K(758420K), 0.0023510 secs] [Times: user=0.01 sys=0.00, real=0.00 secs] 
117.743: Total time for which application threads were stopped: 0.0047180 seconds, Stopping threads took: 0.0023060 seconds
117.774: Application time: 0.0312760 seconds
117.777: [GC117.777: [ParNew: 37567K->4159K(37568K), 0.0025980 secs] 469596K->438464K(758420K), 0.0026430 secs] [Times: user=0.02 sys=0.00, real=0.00 secs] 
117.780: Total time for which application threads were stopped: 0.0053210 seconds, Stopping threads took: 0.0026110 seconds
117.811: Application time: 0.0316510 seconds
117.814: [GC117.814: [ParNew: 37567K->4159K(37568K), 0.0025190 secs] 471872K->440520K(758420K), 0.0025710 secs] [Times: user=0.02 sys=0.00, real=0.01 secs] 
117.816: Total time for which application threads were stopped: 0.0048880 seconds, Stopping threads took: 0.0022520 seconds
117.849: Application time: 0.0324680 seconds
117.851: [GC117.851: [ParNew: 37567K->4159K(37568K), 0.0021590 secs] 473928K->441528K(758420K), 0.0022120 secs] [Times: user=0.01 sys=0.01, real=0.00 secs] 
117.853: Total time for which application threads were stopped: 0.0040970 seconds, Stopping threads took: 0.0018190 seconds
117.884: Application time: 0.0308170 seconds
117.887: [GC117.887: [ParNew: 37567K->4159K(37568K), 0.0028470 secs] 474936K->444383K(758420K), 0.0028930 secs] [Times: user=0.02 sys=0.00, real=0.00 secs] 
117.890: Total time for which application threads were stopped: 0.0059950 seconds, Stopping threads took: 0.0030350 seconds
117.921: Application time: 0.0317000 seconds
117.924: [GC117.924: [ParNew: 37567K->4159K(37568K), 0.0024060 secs] 477791K->446091K(758420K), 0.0024490 secs] [Times: user=0.02 sys=0.00, real=0.01 secs] 
117.927: Total time for which application threads were stopped: 0.0054310 seconds, Stopping threads took: 0.0029170 seconds
117.959: Application time: 0.0317290 seconds
117.960: [GC117.960: [ParNew: 37567K->4158K(37568K), 0.0023960 secs] 479499K->447650K(758420K), 0.0024430 secs] [Times: user=0.02 sys=0.00, real=0.00 secs] 
117.962: Total time for which application threads were stopped: 0.0034700 seconds, Stopping threads took: 0.0009570 seconds
117.993: Application time: 0.0309340 seconds
117.996: [GC117.996: [ParNew: 37564K->4158K(37568K), 0.0024350 secs] 481056K->449465K(758420K), 0.0024780 secs] [Times: user=0.01 sys=0.00, real=0.00 secs] 
117.998: Total time for which application threads were stopped: 0.0052720 seconds, Stopping threads took: 0.0027290 seconds
118.030: Application time: 0.0316000 seconds
118.032: [GC118.032: [ParNew: 37566K->4158K(37568K), 0.0022360 secs] 482873K->450789K(758420K), 0.0022790 secs] [Times: user=0.01 sys=0.00, real=0.00 secs] 
118.034: Total time for which application threads were stopped: 0.0040480 seconds, Stopping threads took: 0.0017010 seconds
118.064: Application time: 0.0299850 seconds
118.065: [GC118.065: [ParNew: 37566K->4159K(37568K), 0.0024370 secs] 484197K->452556K(758420K), 0.0024820 secs] [Times: user=0.02 sys=0.00, real=0.01 secs] 
118.068: Total time for which application threads were stopped: 0.0038980 seconds, Stopping threads took: 0.0013490 seconds
118.100: Application time: 0.0319720 seconds
118.103: [GC118.103: [ParNew: 37567K->4159K(37568K), 0.0028860 secs] 485964K->455724K(758420K), 0.0029310 secs] [Times: user=0.02 sys=0.00, real=0.00 secs] 
118.106: Total time for which application threads were stopped: 0.0059760 seconds, Stopping threads took: 0.0029770 seconds
118.136: Application time: 0.0300530 seconds
118.138: [GC118.138: [ParNew: 37567K->4159K(37568K), 0.0028570 secs] 489132K->458876K(758420K), 0.0029020 secs] [Times: user=0.02 sys=0.00, real=0.00 secs] 
118.141: Total time for which application threads were stopped: 0.0048770 seconds, Stopping threads took: 0.0019020 seconds
118.172: Application time: 0.0310240 seconds
118.174: [GC118.174: [ParNew: 37567K->4158K(37568K), 0.0027960 secs] 492284K->461887K(758420K), 0.0028390 secs] [Times: user=0.02 sys=0.00, real=0.01 secs] 
118.176: Total time for which application threads were stopped: 0.0048520 seconds, Stopping threads took: 0.0019470 seconds
118.208: Application time: 0.0313630 seconds
118.209: [GC118.209: [ParNew: 37566K->4158K(37568K), 0.0028280 secs] 495295K->464848K(758420K), 0.0028720 secs] [Times: user=0.02 sys=0.00, real=0.00 secs] 
118.212: Total time for which application threads were stopped: 0.0041810 seconds, Stopping threads took: 0.0012420 seconds
118.244: Application time: 0.0319140 seconds
118.245: [GC118.246: [ParNew: 37566K->4158K(37568K), 0.0025040 secs] 498256K->466838K(758420K), 0.0025500 secs] [Times: user=0.02 sys=0.00, real=0.01 secs] 
118.248: Total time for which application threads were stopped: 0.0041200 seconds, Stopping threads took: 0.0014950 seconds
118.279: Application time: 0.0306990 seconds
118.281: [GC118.281: [ParNew: 37566K->4158K(37568K), 0.0025370 secs] 500246K->468783K(758420K), 0.0025800 secs] [Times: user=0.02 sys=0.00, real=0.00 secs] 
118.284: Total time for which application threads were stopped: 0.0047270 seconds, Stopping threads took: 0.0020800 seconds
118.314: Application time: 0.0308770 seconds
118.319: [GC118.319: [ParNew: 37566K->4159K(37568K), 0.0024250 secs] 502191K->470645K(758420K), 0.0024700 secs] [Times: user=0.02 sys=0.00, real=0.00 secs] 
118.321: Total time for which application threads were stopped: 0.0068960 seconds, Stopping threads took: 0.0043570 seconds
118.351: Application time: 0.0301170 seconds
118.353: [GC118.353: [ParNew: 37567K->4159K(37568K), 0.0027120 secs] 504053K->473426K(758420K), 0.0027560 secs] [Times: user=0.02 sys=0.00, real=0.01 secs] 
118.356: Total time for which application threads were stopped: 0.0046590 seconds, Stopping threads took: 0.0018360 seconds
118.387: Application time: 0.0313010 seconds
118.389: [GC118.390: [ParNew: 37567K->4158K(37568K), 0.0023190 secs] 506834K->475153K(758420K), 0.0023650 secs] [Times: user=0.02 sys=0.00, real=0.00 secs] 
118.392: Total time for which application threads were stopped: 0.0045080 seconds, Stopping threads took: 0.0020750 seconds
118.423: Application time: 0.0312470 seconds
118.426: [GC118.426: [ParNew: 37564K->4159K(37568K), 0.0026760 secs] 508560K->477743K(758420K), 0.0027210 secs] [Times: user=0.02 sys=0.00, real=0.01 secs] 
118.429: Total time for which application threads were stopped: 0.0054250 seconds, Stopping threads took: 0.0026360 seconds
118.460: Application time: 0.0310870 seconds
118.462: [GC118.462: [ParNew: 37567K->4158K(37568K), 0.0026840 secs] 511151K->480294K(758420K), 0.0027270 secs] [Times: user=0.02 sys=0.00, real=0.00 secs] 
118.464: Total time for which application threads were stopped: 0.0047010 seconds, Stopping threads took: 0.0019070 seconds
118.496: Application time: 0.0312040 seconds
118.497: [GC118.497: [ParNew: 37566K->4159K(37568K), 0.0026490 secs] 513702K->482749K(758420K), 0.0026950 secs] [Times: user=0.02 sys=0.00, real=0.00 secs] 
118.500: Total time for which application threads were stopped: 0.0043990 seconds, Stopping threads took: 0.0016350 seconds
118.530: Application time: 0.0304990 seconds
118.531: [GC118.531: [ParNew: 37567K->4158K(37568K), 0.0028890 secs] 516157K->485972K(758420K), 0.0029320 secs] [Times: user=0.02 sys=0.00, real=0.00 secs] 
118.534: Total time for which application threads were stopped: 0.0037880 seconds, Stopping threads took: 0.0007880 seconds
118.566: Application time: 0.0315850 seconds
118.568: [GC118.568: [ParNew: 37566K->4158K(37568K), 0.0029410 secs] 519380K->489201K(758420K), 0.0029850 secs] [Times: user=0.02 sys=0.01, real=0.00 secs] 
118.571: Total time for which application threads were stopped: 0.0056030 seconds, Stopping threads took: 0.0025540 seconds
118.603: Application time: 0.0314550 seconds
118.605: [GC118.605: [ParNew: 37566K->4159K(37568K), 0.0024820 secs] 522609K->491163K(758420K), 0.0025300 secs] [Times: user=0.01 sys=0.00, real=0.01 secs] 
118.607: Total time for which application threads were stopped: 0.0045070 seconds, Stopping threads took: 0.0019110 seconds
118.639: Application time: 0.0313180 seconds
118.641: [GC118.641: [ParNew: 37567K->4159K(37568K), 0.0024190 secs] 524571K->493064K(758420K), 0.0024620 secs] [Times: user=0.02 sys=0.00, real=0.00 secs] 
118.644: Total time for which application threads were stopped: 0.0049670 seconds, Stopping threads took: 0.0024310 seconds
118.675: Application time: 0.0317800 seconds
118.678: [GC118.678: [ParNew: 37567K->4159K(37568K), 0.0023720 secs] 526472K->494772K(758420K), 0.0024140 secs] [Times: user=0.02 sys=0.00, real=0.00 secs] 
118.680: Total time for which application threads were stopped: 0.0048120 seconds, Stopping threads took: 0.0023310 seconds
118.713: Application time: 0.0322480 seconds
118.715: [GC118.715: [ParNew: 37567K->4158K(37568K), 0.0024300 secs] 528180K->496328K(758420K), 0.0024830 secs] [Times: user=0.02 sys=0.00, real=0.00 secs] 
118.718: Total time for which application threads were stopped: 0.0050660 seconds, Stopping threads took: 0.0025140 seconds
118.749: Application time: 0.0316850 seconds
118.752: [GC118.752: [ParNew: 37566K->4159K(37568K), 0.0028810 secs] 529736K->499556K(758420K), 0.0029280 secs] [Times: user=0.02 sys=0.00, real=0.01 secs] 
118.755: Total time for which application threads were stopped: 0.0055800 seconds, Stopping threads took: 0.0025850 seconds
118.787: Application time: 0.0325470 seconds
118.790: [GC118.790: [ParNew: 37565K->4159K(37568K), 0.0022890 secs] 532962K->500714K(758420K), 0.0023320 secs] [Times: user=0.02 sys=0.00, real=0.00 secs] 
118.792: Total time for which application threads were stopped: 0.0047440 seconds, Stopping threads took: 0.0023450 seconds
118.824: Application time: 0.0320160 seconds
118.827: [GC118.827: [ParNew: 37567K->4159K(37568K), 0.0019650 secs] 534122K->500834K(758420K), 0.0020070 secs] [Times: user=0.01 sys=0.00, real=0.01 secs] 
118.829: Total time for which application threads were stopped: 0.0044040 seconds, Stopping threads took: 0.0023310 seconds
118.861: Application time: 0.0319790 seconds
118.862: [GC118.862: [ParNew: 37567K->4159K(37568K), 0.0025030 secs] 534242K->502784K(758420K), 0.0025490 secs] [Times: user=0.02 sys=0.00, real=0.00 secs] 
118.865: Total time for which application threads were stopped: 0.0041590 seconds, Stopping threads took: 0.0015430 seconds
118.896: Application time: 0.0317570 seconds
118.900: [GC118.900: [ParNew: 37567K->4158K(37568K), 0.0028320 secs] 536192K->505762K(758420K), 0.0028850 secs] [Times: user=0.02 sys=0.01, real=0.00 secs] 
118.903: Total time for which application threads were stopped: 0.0061550 seconds, Stopping threads took: 0.0032110 seconds
118.935: Application time: 0.0324990 seconds
118.938: [GC118.938: [ParNew: 37566K->4158K(37568K), 0.0028340 secs] 539170K->508691K(758420K), 0.0028800 secs] [Times: user=0.02 sys=0.00, real=0.00 secs] 
118.941: Total time for which application threads were stopped: 0.0059280 seconds, Stopping threads took: 0.0029800 seconds
118.972: Application time: 0.0313740 seconds
118.974: [GC118.974: [ParNew: 37566K->4159K(37568K), 0.0020520 secs] 542099K->509078K(758420K), 0.0021040 secs] [Times: user=0.01 sys=0.00, real=0.01 secs] 
118.976: Total time for which application threads were stopped: 0.0033100 seconds, Stopping threads took: 0.0011370 seconds
119.007: Application time: 0.0316450 seconds
119.008: [GC119.008: [ParNew: 37565K->4158K(37568K), 0.0021000 secs] 542485K->509928K(758420K), 0.0021420 secs] [Times: user=0.02 sys=0.00, real=0.00 secs] 
119.010: Total time for which application threads were stopped: 0.0030830 seconds, Stopping threads took: 0.0008750 seconds
119.042: Application time: 0.0316250 seconds
119.044: [GC119.044: [ParNew: 37566K->4158K(37568K), 0.0021000 secs] 543336K->510827K(758420K), 0.0021430 secs] [Times: user=0.01 sys=0.00, real=0.00 secs] 
119.046: Total time for which application threads were stopped: 0.0042760 seconds, Stopping threads took: 0.0020650 seconds
119.078: Application time: 0.0319240 seconds
119.081: [GC119.081: [ParNew: 37566K->4159K(37568K), 0.0022840 secs] 544235K->512061K(758420K), 0.0023280 secs] [Times: user=0.01 sys=0.00, real=0.00 secs] 
119.083: Total time for which application threads were stopped: 0.0047650 seconds, Stopping threads took: 0.0023720 seconds
119.114: Application time: 0.0311140 seconds
119.116: [GC119.116: [ParNew: 37567K->4159K(37568K), 0.0027860 secs] 545469K->514788K(758420K), 0.0028300 secs] [Times: user=0.02 sys=0.00, real=0.00 secs] 
119.119: Total time for which application threads were stopped: 0.0043060 seconds, Stopping threads took: 0.0014100 seconds
119.151: Application time: 0.0321090 seconds
119.154: [GC119.154: [ParNew: 37567K->4159K(37568K), 0.0026460 secs] 548196K->517354K(758420K), 0.0026920 secs] [Times: user=0.02 sys=0.00, real=0.01 secs] 
119.157: Total time for which application threads were stopped: 0.0058960 seconds, Stopping threads took: 0.0031360 seconds
119.187: Application time: 0.0300330 seconds
119.189: [GC119.189: [ParNew: 37567K->4159K(37568K), 0.0025810 secs] 550762K->519679K(758420K), 0.0026330 secs] [Times: user=0.02 sys=0.00, real=0.00 secs] 
119.191: Total time for which application threads were stopped: 0.0046220 seconds, Stopping threads took: 0.0019230 seconds
119.223: Application time: 0.0315890 seconds
119.225: [GC119.225: [ParNew: 37567K->4158K(37568K), 0.0026110 secs] 553087K->521960K(758420K), 0.0026530 secs] [Times: user=0.02 sys=0.00, real=0.01 secs] 
119.227: Total time for which application threads were stopped: 0.0044510 seconds, Stopping threads took: 0.0017310 seconds
119.259: Application time: 0.0317960 seconds
119.262: [GC119.262: [ParNew: 37566K->4159K(37568K), 0.0028460 secs] 555368K->525079K(758420K), 0.0028950 secs] [Times: user=0.02 sys=0.01, real=0.00 secs] 
119.265: Total time for which application threads were stopped: 0.0057650 seconds, Stopping threads took: 0.0028020 seconds
119.295: Application time: 0.0306840 seconds
119.298: [GC119.298: [ParNew: 37565K->4159K(37568K), 0.0024440 secs] 558486K->526951K(758420K), 0.0024880 secs] [Times: user=0.02 sys=0.00, real=0.00 secs] 
119.300: Total time for which application threads were stopped: 0.0045610 seconds, Stopping threads took: 0.0020080 seconds
119.330: Application time: 0.0304510 seconds
119.332: [GC119.332: [ParNew: 37567K->4158K(37568K), 0.0030830 secs] 560359K->530652K(758420K), 0.0031270 secs] [Times: user=0.02 sys=0.00, real=0.01 secs] 
119.335: Total time for which application threads were stopped: 0.0049740 seconds, Stopping threads took: 0.0017790 seconds
119.369: Application time: 0.0340020 seconds
119.370: [GC119.371: [ParNew: 37566K->4159K(37568K), 0.0026660 secs] 564060K->533024K(758420K), 0.0027110 secs] [Times: user=0.01 sys=0.00, real=0.00 secs] 
119.373: Total time for which application threads were stopped: 0.0037480 seconds, Stopping threads took: 0.0009700 seconds
119.404: Application time: 0.0303850 seconds
119.405: [GC119.405: [ParNew: 37566K->4159K(37568K), 0.0027300 secs] 566431K->535794K(758420K), 0.0027720 secs] [Times: user=0.02 sys=0.00, real=0.01 secs] 
119.408: Total time for which application threads were stopped: 0.0043910 seconds, Stopping threads took: 0.0015560 seconds
119.439: Application time: 0.0307180 seconds
119.440: [GC119.440: [ParNew: 37567K->4159K(37568K), 0.0025120 secs] 569202K->537871K(758420K), 0.0025590 secs] [Times: user=0.01 sys=0.00, real=0.00 secs] 
119.443: Total time for which application threads were stopped: 0.0040270 seconds, Stopping threads took: 0.0013990 seconds
119.474: Application time: 0.0315420 seconds
119.477: [GC119.477: [ParNew: 37567K->4158K(37568K), 0.0028120 secs] 571279K->540942K(758420K), 0.0028590 secs] [Times: user=0.02 sys=0.00, real=0.00 secs] 
119.480: Total time for which application threads were stopped: 0.0052540 seconds, Stopping threads took: 0.0023260 seconds
119.510: Application time: 0.0309340 seconds
119.513: [GC119.513: [ParNew: 37565K->4159K(37568K), 0.0024890 secs] 574349K->542785K(758420K), 0.0025370 secs] [Times: user=0.02 sys=0.00, real=0.01 secs] 
119.515: Total time for which application threads were stopped: 0.0046860 seconds, Stopping threads took: 0.0020840 seconds
119.546: Application time: 0.0305780 seconds
119.547: [GC119.547: [ParNew: 37567K->4158K(37568K), 0.0022040 secs] 576193K->543710K(758420K), 0.0022490 secs] [Times: user=0.02 sys=0.00, real=0.00 secs] 
119.550: Total time for which application threads were stopped: 0.0038590 seconds, Stopping threads took: 0.0015420 seconds
119.581: Application time: 0.0310400 seconds
119.582: [GC119.582: [ParNew: 37566K->4159K(37568K), 0.0027730 secs] 577118K->546491K(758420K), 0.0028170 secs] [Times: user=0.01 sys=0.00, real=0.00 secs] 
119.585: Total time for which application threads were stopped: 0.0041000 seconds, Stopping threads took: 0.0012160 seconds
119.616: Application time: 0.0317390 seconds
119.619: [GC119.619: [ParNew: 37566K->4159K(37568K), 0.0024180 secs] 579897K->548204K(758420K), 0.0024690 secs] [Times: user=0.02 sys=0.00, real=0.00 secs] 
119.621: Total time for which application threads were stopped: 0.0046870 seconds, Stopping threads took: 0.0021510 seconds
119.653: Application time: 0.0317050 seconds
119.656: [GC119.656: [ParNew: 37567K->4159K(37568K), 0.0022360 secs] 581612K->549274K(758420K), 0.0022820 secs] [Times: user=0.01 sys=0.00, real=0.00 secs] 
119.658: Total time for which application threads were stopped: 0.0050240 seconds, Stopping threads took: 0.0026670 seconds
119.690: Application time: 0.0317730 seconds
119.692: [GC119.692: [ParNew: 37567K->4159K(37568K), 0.0027380 secs] 582682K->552212K(758420K), 0.0027940 secs] [Times: user=0.02 sys=0.00, real=0.01 secs] 
119.695: Total time for which application threads were stopped: 0.0049510 seconds, Stopping threads took: 0.0020900 seconds
119.727: Application time: 0.0323120 seconds
119.730: [GC119.730: [ParNew: 37567K->4159K(37568K), 0.0026110 secs] 585620K->554425K(758420K), 0.0026570 secs] [Times: user=0.02 sys=0.00, real=0.00 secs] 
119.733: Total time for which application threads were stopped: 0.0057940 seconds, Stopping threads took: 0.0030680 seconds
119.763: Application time: 0.0302520 seconds
119.766: [GC119.766: [ParNew: 37567K->4158K(37568K), 0.0024970 secs] 587833K->556575K(758420K), 0.0025430 secs] [Times: user=0.02 sys=0.00, real=0.01 secs] 
119.768: Total time for which application threads were stopped: 0.0053740 seconds, Stopping threads took: 0.0027640 seconds
119.800: Application time: 0.0320150 seconds
119.803: [GC119.803: [ParNew: 37566K->4159K(37568K), 0.0027020 secs] 589983K->559117K(758420K), 0.0027480 secs] [Times: user=0.02 sys=0.00, real=0.00 secs] 
119.806: Total time for which application threads were stopped: 0.0051460 seconds, Stopping threads took: 0.0023390 seconds
119.838: Application time: 0.0322740 seconds
119.839: [GC119.840: [ParNew: 37567K->4158K(37568K), 0.0021960 secs] 592525K->559990K(758420K), 0.0022390 secs] [Times: user=0.01 sys=0.00, real=0.00 secs] 
119.842: Total time for which application threads were stopped: 0.0039310 seconds, Stopping threads took: 0.0016250 seconds
119.874: Application time: 0.0324650 seconds
119.876: [GC119.876: [ParNew: 37565K->4158K(37568K), 0.0022490 secs] 593397K->560906K(758420K), 0.0022950 secs] [Times: user=0.02 sys=0.00, real=0.00 secs] 
119.878: Total time for which application threads were stopped: 0.0040730 seconds, Stopping threads took: 0.0017120 seconds
119.910: Application time: 0.0318010 seconds
119.912: [GC119.912: [ParNew: 37566K->4159K(37568K), 0.0024490 secs] 594314K->562749K(758420K), 0.0024890 secs] [Times: user=0.02 sys=0.00, real=0.00 secs] 
119.914: Total time for which application threads were stopped: 0.0041340 seconds, Stopping threads took: 0.0015790 seconds
119.947: Application time: 0.0326600 seconds
119.949: [GC119.949: [ParNew: 37567K->4159K(37568K), 0.0026960 secs] 596157K->565433K(758420K), 0.0027390 secs] [Times: user=0.02 sys=0.00, real=0.00 secs] 
119.952: Total time for which application threads were stopped: 0.0053050 seconds, Stopping threads took: 0.0025000 seconds
119.984: Application time: 0.0313960 seconds
119.985: [GC119.986: [ParNew: 37567K->4158K(37568K), 0.0023470 secs] 598841K->566988K(758420K), 0.0023930 secs] [Times: user=0.02 sys=0.00, real=0.01 secs] 
119.988: Total time for which application threads were stopped: 0.0042920 seconds, Stopping threads took: 0.0018300 seconds
120.019: Application time: 0.0314740 seconds
120.021: [GC120.021: [ParNew: 37566K->4158K(37568K), 0.0023810 secs] 600396K->568453K(758420K), 0.0024250 secs] [Times: user=0.01 sys=0.00, real=0.00 secs] 
120.024: Total time for which application threads were stopped: 0.0042470 seconds, Stopping threads took: 0.0017560 seconds
120.055: Application time: 0.0311850 seconds
120.057: [GC120.057: [ParNew: 37566K->4158K(37568K), 0.0025920 secs] 601861K->570790K(758420K), 0.0026370 secs] [Times: user=0.02 sys=0.00, real=0.00 secs] 
120.060: Total time for which application threads were stopped: 0.0052200 seconds, Stopping threads took: 0.0025160 seconds
120.091: Application time: 0.0312990 seconds
120.094: [GC120.094: [ParNew: 37566K->4159K(37568K), 0.0025660 secs] 604198K->572990K(758420K), 0.0026200 secs] [Times: user=0.02 sys=0.00, real=0.01 secs] 
120.096: Total time for which application threads were stopped: 0.0049780 seconds, Stopping threads took: 0.0022910 seconds
120.128: Application time: 0.0318290 seconds
120.131: [GC120.131: [ParNew: 37567K->4158K(37568K), 0.0024500 secs] 606398K->574751K(758420K), 0.0024910 secs] [Times: user=0.02 sys=0.00, real=0.00 secs] 
120.134: Total time for which application threads were stopped: 0.0058140 seconds, Stopping threads took: 0.0032550 seconds
120.165: Application time: 0.0313550 seconds
120.167: [GC120.167: [ParNew: 37566K->4158K(37568K), 0.0024030 secs] 608159K->576366K(758420K), 0.0024490 secs] [Times: user=0.02 sys=0.00, real=0.00 secs] 
120.170: Total time for which application threads were stopped: 0.0044330 seconds, Stopping threads took: 0.0019090 seconds
120.201: Application time: 0.0313720 seconds
120.203: [GC120.203: [ParNew: 37566K->4158K(37568K), 0.0027900 secs] 609774K->579395K(758420K), 0.0028340 secs] [Times: user=0.02 sys=0.01, real=0.00 secs] 
120.206: Total time for which application threads were stopped: 0.0049820 seconds, Stopping threads took: 0.0020880 seconds
120.238: Application time: 0.0317050 seconds
120.239: [GC120.239: [ParNew: 37566K->4158K(37568K), 0.0024950 secs] 612802K->581271K(758420K), 0.0025380 secs] [Times: user=0.01 sys=0.00, real=0.00 secs] 
120.242: Total time for which application threads were stopped: 0.0039880 seconds, Stopping threads took: 0.0013830 seconds
120.273: Application time: 0.0315230 seconds
120.275: [GC120.275: [ParNew: 37566K->4159K(37568K), 0.0021820 secs] 614679K->582135K(758420K), 0.0022270 secs] [Times: user=0.01 sys=0.00, real=0.00 secs] 
120.277: Total time for which application threads were stopped: 0.0037640 seconds, Stopping threads took: 0.0014710 seconds
120.308: Application time: 0.0308910 seconds
120.310: [GC120.310: [ParNew: 37566K->4158K(37568K), 0.0024470 secs] 615542K->583872K(758420K), 0.0024910 secs] [Times: user=0.02 sys=0.00, real=0.00 secs] 
120.313: Total time for which application threads were stopped: 0.0046110 seconds, Stopping threads took: 0.0020510 seconds
120.343: Application time: 0.0302520 seconds
120.345: [GC120.345: [ParNew: 37566K->4159K(37568K), 0.0028740 secs] 617280K->586513K(758420K), 0.0029190 secs] [Times: user=0.02 sys=0.00, real=0.01 secs] 
120.348: Total time for which application threads were stopped: 0.0050340 seconds, Stopping threads took: 0.0020260 seconds
120.379: Application time: 0.0308170 seconds
120.380: [GC120.380: [ParNew: 37567K->4159K(37568K), 0.0025350 secs] 619921K->588356K(758420K), 0.0025810 secs] [Times: user=0.02 sys=0.00, real=0.00 secs] 
120.383: Total time for which application threads were stopped: 0.0040560 seconds, Stopping threads took: 0.0013870 seconds
120.414: Application time: 0.0315880 seconds
120.417: [GC120.417: [ParNew: 37567K->4158K(37568K), 0.0027110 secs] 621764K->590701K(758420K), 0.0027570 secs] [Times: user=0.01 sys=0.00, real=0.00 secs] 
120.419: Total time for which application threads were stopped: 0.0050720 seconds, Stopping threads took: 0.0022510 seconds
120.450: Application time: 0.0306870 seconds
120.452: [GC120.452: [ParNew: 37566K->4159K(37568K), 0.0025490 secs] 624109K->592917K(758420K), 0.0025950 secs] [Times: user=0.02 sys=0.00, real=0.00 secs] 
120.454: Total time for which application threads were stopped: 0.0043230 seconds, Stopping threads took: 0.0016610 seconds
120.486: Application time: 0.0319550 seconds
120.489: [GC120.489: [ParNew: 37567K->4159K(37568K), 0.0022480 secs] 626325K->594077K(758420K), 0.0022960 secs] [Times: user=0.02 sys=0.00, real=0.00 secs] 
120.491: Total time for which application threads were stopped: 0.0046630 seconds, Stopping threads took: 0.0022790 seconds
120.522: Application time: 0.0314320 seconds
120.525: [GC120.526: [ParNew: 37567K->4158K(37568K), 0.0022610 secs] 627484K->595179K(758420K), 0.0023050 secs] [Times: user=0.02 sys=0.00, real=0.01 secs] 
120.528: Total time for which application threads were stopped: 0.0053340 seconds, Stopping threads took: 0.0029510 seconds
120.559: Application time: 0.0309320 seconds
120.561: [GC120.561: [ParNew: 37566K->4159K(37568K), 0.0022600 secs] 628587K->596235K(758420K), 0.0023060 secs] [Times: user=0.02 sys=0.00, real=0.00 secs] 
120.563: Total time for which application threads were stopped: 0.0045750 seconds, Stopping threads took: 0.0022040 seconds
120.595: Application time: 0.0313340 seconds
120.597: [GC120.597: [ParNew: 37567K->4158K(37568K), 0.0024970 secs] 629643K->597754K(758420K), 0.0025430 secs] [Times: user=0.02 sys=0.00, real=0.00 secs] 
120.599: Total time for which application threads were stopped: 0.0047550 seconds, Stopping threads took: 0.0021340 seconds
120.631: Application time: 0.0310820 seconds
120.632: [GC120.632: [ParNew: 37566K->4159K(37568K), 0.0024910 secs] 631162K->599288K(758420K), 0.0025330 secs] [Times: user=0.02 sys=0.00, real=0.00 secs] 
120.634: Total time for which application threads were stopped: 0.0037640 seconds, Stopping threads took: 0.0011450 seconds
120.666: Application time: 0.0315500 seconds
120.668: [GC120.668: [ParNew: 37567K->4159K(37568K), 0.0027770 secs] 632696K->601708K(758420K), 0.0028230 secs] [Times: user=0.01 sys=0.00, real=0.00 secs] 
120.671: Total time for which application threads were stopped: 0.0052250 seconds, Stopping threads took: 0.0023040 seconds
120.702: Application time: 0.0309390 seconds
120.705: [GC120.705: [ParNew: 37567K->4158K(37568K), 0.0028190 secs] 635116K->604643K(758420K), 0.0028650 secs] [Times: user=0.02 sys=0.00, real=0.01 secs] 
120.707: Total time for which application threads were stopped: 0.0054190 seconds, Stopping threads took: 0.0024720 seconds
120.739: Application time: 0.0319700 seconds
120.742: [GC120.742: [ParNew: 37566K->4158K(37568K), 0.0021140 secs] 638051K->605342K(758420K), 0.0021590 secs] [Times: user=0.01 sys=0.00, real=0.00 secs] 
120.744: Total time for which application threads were stopped: 0.0043950 seconds, Stopping threads took: 0.0021690 seconds
120.776: Application time: 0.0323860 seconds
120.779: [GC120.779: [ParNew: 37566K->4158K(37568K), 0.0021910 secs] 638750K->606062K(758420K), 0.0022430 secs] [Times: user=0.01 sys=0.00, real=0.00 secs] 
120.781: Total time for which application threads were stopped: 0.0046560 seconds, Stopping threads took: 0.0023460 seconds
120.814: Application time: 0.0327700 seconds
120.817: [GC120.817: [ParNew: 37564K->4159K(37568K), 0.0022510 secs] 639468K->607201K(758420K), 0.0022940 secs] [Times: user=0.01 sys=0.01, real=0.00 secs] 
120.819: Total time for which application threads were stopped: 0.0054630 seconds, Stopping threads took: 0.0031020 seconds
120.850: Application time: 0.0308540 seconds
120.852: [GC120.852: [ParNew: 37567K->4159K(37568K), 0.0030440 secs] 640609K->610251K(758420K), 0.0030890 secs] [Times: user=0.02 sys=0.00, real=0.01 secs] 
120.855: Total time for which application threads were stopped: 0.0051360 seconds, Stopping threads took: 0.0019590 seconds
120.886: Application time: 0.0314100 seconds
120.889: [GC120.889: [ParNew: 37567K->4158K(37568K), 0.0026620 secs] 643659K->612565K(758420K), 0.0027110 secs] [Times: user=0.02 sys=0.00, real=0.00 secs] 
120.891: Total time for which application threads were stopped: 0.0048850 seconds, Stopping threads took: 0.0020830 seconds
 CMS: abort preclean due to time 120.894: [CMS-concurrent-abortable-preclean: 0.669/5.015 secs] [Times: user=37.60 sys=0.22, real=5.01 secs] 
120.894: Application time: 0.0029760 seconds
120.896: [GC[YG occupancy: 7868 K (37568 K)]120.896: [Rescan (parallel) , 0.0003690 secs]120.896: [weak refs processing, 0.0000070 secs]120.896: [scrub string table, 0.0001120 secs] [1 CMS-remark: 608407K(720852K)] 616276K(758420K), 0.0005160 secs] [Times: user=0.00 sys=0.00, real=0.00 secs] 
120.896: Total time for which application threads were stopped: 0.0018430 seconds, Stopping threads took: 0.0012980 seconds
120.896: [CMS-concurrent-sweep-start]
120.927: Application time: 0.0307000 seconds
120.929: [GC120.929: [ParNew: 37566K->4159K(37568K), 0.0027990 secs] 360881K->330725K(758420K), 0.0028490 secs] [Times: user=0.02 sys=0.00, real=0.00 secs] 
120.932: Total time for which application threads were stopped: 0.0053490 seconds, Stopping threads took: 0.0024340 seconds
120.935: [CMS-concurrent-sweep: 0.033/0.038 secs] [Times: user=0.29 sys=0.00, real=0.04 secs] 
120.935: [CMS-concurrent-reset-start]
120.938: [CMS-concurrent-reset: 0.003/0.003 secs] [Times: user=0.01 sys=0.00, real=0.00 secs] 
120.964: Application time: 0.0318720 seconds
120.967: [GC120.967: [ParNew: 37567K->4158K(37568K), 0.0027410 secs] 329912K->299514K(758420K), 0.0027870 secs] [Times: user=0.02 sys=0.00, real=0.00 secs] 
120.969: Total time for which application threads were stopped: 0.0052870 seconds, Stopping threads took: 0.0024280 seconds
120.970: Application time: 0.0001360 seconds
120.971: [GC [1 CMS-initial-mark: 295356K(720852K)] 300751K(758420K), 0.0002020 secs] [Times: user=0.00 sys=0.00, real=0.00 secs] 
120.972: Total time for which application threads were stopped: 0.0021420 seconds, Stopping threads took: 0.0019170 seconds
120.972: [CMS-concurrent-mark-start]
120.983: [CMS-concurrent-mark: 0.012/0.012 secs] [Times: user=0.09 sys=0.00, real=0.01 secs] 
120.984: [CMS-concurrent-preclean-start]
120.985: [CMS-concurrent-preclean: 0.001/0.001 secs] [Times: user=0.00 sys=0.00, real=0.00 secs] 
120.985: [CMS-concurrent-abortable-preclean-start]
121.003: Application time: 0.0314250 seconds
121.006: [GC121.006: [ParNew: 37566K->4158K(37568K), 0.0025560 secs] 332922K->301615K(758420K), 0.0026000 secs] [Times: user=0.02 sys=0.00, real=0.01 secs] 
121.009: Total time for which application threads were stopped: 0.0055280 seconds, Stopping threads took: 0.0028670 seconds
121.039: Application time: 0.0304070 seconds
121.042: [GC121.042: [ParNew: 37566K->4158K(37568K), 0.0027980 secs] 335023K->304524K(758420K), 0.0028460 secs] [Times: user=0.02 sys=0.00, real=0.00 secs] 
121.045: Total time for which application threads were stopped: 0.0061480 seconds, Stopping threads took: 0.0032120 seconds
121.077: Application time: 0.0320340 seconds
121.079: [GC121.079: [ParNew: 37566K->4159K(37568K), 0.0021700 secs] 337932K->305834K(758420K), 0.0022140 secs] [Times: user=0.02 sys=0.00, real=0.00 secs] 
121.081: Total time for which application threads were stopped: 0.0039480 seconds, Stopping threads took: 0.0016670 seconds
121.113: Application time: 0.0314730 seconds
121.114: [GC121.114: [ParNew: 37566K->4159K(37568K), 0.0023960 secs] 339241K->307476K(758420K), 0.0024420 secs] [Times: user=0.02 sys=0.00, real=0.01 secs] 
121.116: Total time for which application threads were stopped: 0.0037110 seconds, Stopping threads took: 0.0012010 seconds
121.146: Application time: 0.0298270 seconds
121.149: [GC121.149: [ParNew: 37567K->4158K(37568K), 0.0026050 secs] 340884K->310017K(758420K), 0.0026500 secs] [Times: user=0.01 sys=0.01, real=0.00 secs] 
121.151: Total time for which application threads were stopped: 0.0052390 seconds, Stopping threads took: 0.0025230 seconds
121.184: Application time: 0.0325840 seconds
121.186: [GC121.186: [ParNew: 37566K->4158K(37568K), 0.0025440 secs] 343425K->312450K(758420K), 0.0025890 secs] [Times: user=0.02 sys=0.00, real=0.01 secs] 
121.189: Total time for which application threads were stopped: 0.0049460 seconds, Stopping threads took: 0.0022780 seconds
121.221: Application time: 0.0321220 seconds
121.223: [GC121.223: [ParNew: 37566K->4158K(37568K), 0.0025670 secs] 345858K->314852K(758420K), 0.0026090 secs] [Times: user=0.02 sys=0.00, real=0.00 secs] 
121.226: Total time for which application threads were stopped: 0.0045600 seconds, Stopping threads took: 0.0018840 seconds
121.256: Application time: 0.0306490 seconds
121.258: [GC121.258: [ParNew: 37566K->4158K(37568K), 0.0028220 secs] 348260K->318142K(758420K), 0.0028680 secs] [Times: user=0.02 sys=0.00, real=0.00 secs] 
121.261: Total time for which application threads were stopped: 0.0047240 seconds, Stopping threads took: 0.0017920 seconds
121.290: Application time: 0.0291890 seconds
121.292: [GC121.292: [ParNew: 37566K->4158K(37568K), 0.0028310 secs] 351550K->321342K(758420K), 0.0028840 secs] [Times: user=0.02 sys=0.00, real=0.01 secs] 
121.295: Total time for which application threads were stopped: 0.0050940 seconds, Stopping threads took: 0.0021450 seconds
121.325: Application time: 0.0300330 seconds
121.327: [GC121.327: [ParNew: 37566K->4158K(37568K), 0.0022520 secs] 354750K->322787K(758420K), 0.0022940 secs] [Times: user=0.02 sys=0.00, real=0.00 secs] 
121.329: Total time for which application threads were stopped: 0.0040950 seconds, Stopping threads took: 0.0017370 seconds
121.360: Application time: 0.0300460 seconds
121.361: [GC121.361: [ParNew: 37566K->4158K(37568K), 0.0024390 secs] 356195K->324537K(758420K), 0.0024810 secs] [Times: user=0.02 sys=0.00, real=0.00 secs] 
121.364: Total time for which application threads were stopped: 0.0041220 seconds, Stopping threads took: 0.0015540 seconds
121.393: Application time: 0.0289790 seconds
121.394: [GC121.394: [ParNew: 37564K->4159K(37568K), 0.0025980 secs] 357943K->327028K(758420K), 0.0026420 secs] [Times: user=0.02 sys=0.00, real=0.01 secs] 
121.397: Total time for which application threads were stopped: 0.0040980 seconds, Stopping threads took: 0.0013920 seconds
121.428: Application time: 0.0315860 seconds
121.429: [GC121.429: [ParNew: 37567K->4045K(37568K), 0.0018450 secs] 360436K->326968K(758420K), 0.0018850 secs] [Times: user=0.02 sys=0.00, real=0.00 secs] 
121.430: Total time for which application threads were stopped: 0.0021180 seconds, Stopping threads took: 0.0001690 seconds
121.460: Application time: 0.0293720 seconds
121.463: [GC121.463: [ParNew: 37453K->4158K(37568K), 0.0022460 secs] 360376K->328432K(758420K), 0.0022880 secs] [Times: user=0.02 sys=0.00, real=0.00 secs] 
121.465: Total time for which application threads were stopped: 0.0052140 seconds, Stopping threads took: 0.0028620 seconds
121.495: Application time: 0.0296180 seconds
121.496: [GC121.496: [ParNew: 37566K->4159K(37568K), 0.0024860 secs] 361840K->330637K(758420K), 0.0025300 secs] [Times: user=0.02 sys=0.00, real=0.00 secs] 
121.499: Total time for which application threads were stopped: 0.0038980 seconds, Stopping threads took: 0.0013020 seconds
121.528: Application time: 0.0296270 seconds
121.529: [GC121.529: [ParNew: 37567K->4158K(37568K), 0.0028050 secs] 364045K->333788K(758420K), 0.0028490 secs] [Times: user=0.02 sys=0.00, real=0.00 secs] 
121.532: Total time for which application threads were stopped: 0.0041850 seconds, Stopping threads took: 0.0012700 seconds
121.563: Application time: 0.0302740 seconds
121.565: [GC121.565: [ParNew: 37565K->4159K(37568K), 0.0023970 secs] 367195K->335757K(758420K), 0.0024410 secs] [Times: user=0.02 sys=0.00, real=0.01 secs] 
121.567: Total time for which application threads were stopped: 0.0048150 seconds, Stopping threads took: 0.0023070 seconds
121.598: Application time: 0.0301800 seconds
121.599: [GC121.599: [ParNew: 37567K->4158K(37568K), 0.0023510 secs] 369165K->337542K(758420K), 0.0023940 secs] [Times: user=0.02 sys=0.00, real=0.00 secs] 
121.602: Total time for which application threads were stopped: 0.0040850 seconds, Stopping threads took: 0.0016270 seconds
121.629: Application time: 0.0273920 seconds
121.631: [GC121.631: [ParNew: 37566K->4158K(37568K), 0.0030100 secs] 370950K->341265K(758420K), 0.0030520 secs] [Times: user=0.02 sys=0.00, real=0.00 secs] 
121.635: Total time for which application threads were stopped: 0.0054270 seconds, Stopping threads took: 0.0023120 seconds
121.664: Application time: 0.0297250 seconds
121.666: [GC121.666: [ParNew: 37566K->4159K(37568K), 0.0026210 secs] 374673K->343850K(758420K), 0.0026640 secs] [Times: user=0.02 sys=0.00, real=0.01 secs] 
121.669: Total time for which application threads were stopped: 0.0047300 seconds, Stopping threads took: 0.0020020 seconds
121.697: Application time: 0.0284040 seconds
121.699: [GC121.699: [ParNew: 37567K->4159K(37568K), 0.0025980 secs] 377258K->346222K(758420K), 0.0026420 secs] [Times: user=0.02 sys=0.00, real=0.00 secs] 
121.702: Total time for which application threads were stopped: 0.0045510 seconds, Stopping threads took: 0.0018260 seconds
121.731: Application time: 0.0295380 seconds
121.733: [GC121.733: [ParNew: 37567K->4159K(37568K), 0.0021100 secs] 379630K->347005K(758420K), 0.0021530 secs] [Times: user=0.01 sys=0.00, real=0.01 secs] 
121.736: Total time for which application threads were stopped: 0.0041360 seconds, Stopping threads took: 0.0019180 seconds
121.765: Application time: 0.0294240 seconds
121.768: [GC121.768: [ParNew: 37567K->4158K(37568K), 0.0025090 secs] 380413K->349139K(758420K), 0.0025550 secs] [Times: user=0.01 sys=0.00, real=0.00 secs] 
121.770: Total time for which application threads were stopped: 0.0050340 seconds, Stopping threads took: 0.0024130 seconds
121.800: Application time: 0.0294580 seconds
121.802: [GC121.802: [ParNew: 37566K->4159K(37568K), 0.0024950 secs] 382547K->351195K(758420K), 0.0025360 secs] [Times: user=0.02 sys=0.00, real=0.00 secs] 
121.804: Total time for which application threads were stopped: 0.0045860 seconds, Stopping threads took: 0.0019850 seconds
121.834: Application time: 0.0295050 seconds
121.836: [GC121.836: [ParNew: 37565K->4159K(37568K), 0.0022210 secs] 384601K->352597K(758420K), 0.0022630 secs] [Times: user=0.02 sys=0.00, real=0.00 secs] 
121.838: Total time for which application threads were stopped: 0.0047660 seconds, Stopping threads took: 0.0024410 seconds
121.868: Application time: 0.0294930 seconds
121.869: [GC121.869: [ParNew: 37567K->4159K(37568K), 0.0023980 secs] 386005K->354256K(758420K), 0.0024430 secs] [Times: user=0.02 sys=0.00, real=0.00 secs] 
121.871: Total time for which application threads were stopped: 0.0033770 seconds, Stopping threads took: 0.0008700 seconds
121.901: Application time: 0.0297980 seconds
121.904: [GC121.904: [ParNew: 37567K->4158K(37568K), 0.0029900 secs] 387664K->357849K(758420K), 0.0030320 secs] [Times: user=0.02 sys=0.00, real=0.01 secs] 
121.907: Total time for which application threads were stopped: 0.0056380 seconds, Stopping threads took: 0.0025400 seconds
121.935: Application time: 0.0286720 seconds
121.938: [GC121.938: [ParNew: 37565K->4158K(37568K), 0.0023060 secs] 391255K->359210K(758420K), 0.0023510 secs] [Times: user=0.02 sys=0.00, real=0.00 secs] 
121.940: Total time for which application threads were stopped: 0.0044990 seconds, Stopping threads took: 0.0020820 seconds
121.970: Application time: 0.0295990 seconds
121.971: [GC121.971: [ParNew: 37566K->4158K(37568K), 0.0022700 secs] 392618K->360444K(758420K), 0.0023120 secs] [Times: user=0.02 sys=0.00, real=0.00 secs] 
121.974: Total time for which application threads were stopped: 0.0043030 seconds, Stopping threads took: 0.0019280 seconds
122.003: Application time: 0.0295460 seconds
122.004: [GC122.004: [ParNew: 37566K->4159K(37568K), 0.0025410 secs] 393852K->362643K(758420K), 0.0025870 secs] [Times: user=0.02 sys=0.00, real=0.01 secs] 
122.007: Total time for which application threads were stopped: 0.0036030 seconds, Stopping threads took: 0.0009500 seconds
122.037: Application time: 0.0301320 seconds
122.040: [GC122.040: [ParNew: 37567K->4158K(37568K), 0.0027650 secs] 396051K->365629K(758420K), 0.0028090 secs] [Times: user=0.02 sys=0.00, real=0.00 secs] 
122.042: Total time for which application threads were stopped: 0.0053350 seconds, Stopping threads took: 0.0024600 seconds
122.073: Application time: 0.0306140 seconds
122.076: [GC122.076: [ParNew: 37566K->4158K(37568K), 0.0024330 secs] 399037K->367494K(758420K), 0.0024760 secs] [Times: user=0.02 sys=0.00, real=0.00 secs] 
122.078: Total time for which application threads were stopped: 0.0053700 seconds, Stopping threads took: 0.0028280 seconds
122.108: Application time: 0.0291780 seconds
122.110: [GC122.110: [ParNew: 37565K->4158K(37568K), 0.0026770 secs] 400901K->370302K(758420K), 0.0027230 secs] [Times: user=0.02 sys=0.00, real=0.00 secs] 
122.113: Total time for which application threads were stopped: 0.0055740 seconds, Stopping threads took: 0.0027880 seconds
122.142: Application time: 0.0286500 seconds
122.143: [GC122.144: [ParNew: 37566K->4158K(37568K), 0.0023820 secs] 403710K->372015K(758420K), 0.0024350 secs] [Times: user=0.02 sys=0.00, real=0.00 secs] 
122.146: Total time for which application threads were stopped: 0.0041240 seconds, Stopping threads took: 0.0016240 seconds
122.175: Application time: 0.0286680 seconds
122.176: [GC122.176: [ParNew: 37566K->4159K(37568K), 0.0024690 secs] 405423K->374080K(758420K), 0.0025120 secs] [Times: user=0.02 sys=0.00, real=0.00 secs] 
122.179: Total time for which application threads were stopped: 0.0038840 seconds, Stopping threads took: 0.0013080 seconds
122.209: Application time: 0.0301450 seconds
122.211: [GC122.211: [ParNew: 37567K->4159K(37568K), 0.0024570 secs] 407488K->376066K(758420K), 0.0025000 secs] [Times: user=0.01 sys=0.00, real=0.00 secs] 
122.213: Total time for which application threads were stopped: 0.0043830 seconds, Stopping threads took: 0.0018110 seconds
122.242: Application time: 0.0293060 seconds
122.245: [GC122.245: [ParNew: 37567K->4158K(37568K), 0.0023340 secs] 409474K->377522K(758420K), 0.0023750 secs] [Times: user=0.01 sys=0.00, real=0.01 secs] 
122.248: Total time for which application threads were stopped: 0.0052050 seconds, Stopping threads took: 0.0027680 seconds
122.277: Application time: 0.0289880 seconds
122.278: [GC122.278: [ParNew: 37565K->4158K(37568K), 0.0022950 secs] 410929K->378997K(758420K), 0.0023390 secs] [Times: user=0.02 sys=0.00, real=0.00 secs] 
122.280: Total time for which application threads were stopped: 0.0036000 seconds, Stopping threads took: 0.0011970 seconds
122.310: Application time: 0.0301300 seconds
122.313: [GC122.313: [ParNew: 37566K->4159K(37568K), 0.0024400 secs] 412405K->380966K(758420K), 0.0024840 secs] [Times: user=0.01 sys=0.00, real=0.01 secs] 
122.315: Total time for which application threads were stopped: 0.0049590 seconds, Stopping threads took: 0.0024100 seconds
122.344: Application time: 0.0287830 seconds
122.346: [GC122.346: [ParNew: 37567K->4159K(37568K), 0.0025630 secs] 414374K->383321K(758420K), 0.0026060 secs] [Times: user=0.02 sys=0.00, real=0.01 secs] 
122.348: Total time for which application threads were stopped: 0.0041730 seconds, Stopping threads took: 0.0015010 seconds
122.377: Application time: 0.0290980 seconds
122.379: [GC122.379: [ParNew: 37567K->4159K(37568K), 0.0025070 secs] 416729K->385428K(758420K), 0.0025490 secs] [Times: user=0.02 sys=0.00, real=0.00 secs] 
122.382: Total time for which application threads were stopped: 0.0043980 seconds, Stopping threads took: 0.0017850 seconds
122.414: Application time: 0.0323750 seconds
122.415: [GC122.415: [ParNew: 37567K->4158K(37568K), 0.0027130 secs] 418836K->388283K(758420K), 0.0027580 secs] [Times: user=0.02 sys=0.00, real=0.00 secs] 
122.418: Total time for which application threads were stopped: 0.0040870 seconds, Stopping threads took: 0.0012640 seconds
122.447: Application time: 0.0286290 seconds
122.448: [GC122.448: [ParNew: 37566K->4159K(37568K), 0.0027170 secs] 421691K->390987K(758420K), 0.0027610 secs] [Times: user=0.01 sys=0.00, real=0.00 secs] 
122.451: Total time for which application threads were stopped: 0.0044340 seconds, Stopping threads took: 0.0016070 seconds
122.481: Application time: 0.0294100 seconds
122.482: [GC122.482: [ParNew: 37567K->4158K(37568K), 0.0019740 secs] 424395K->391508K(758420K), 0.0020150 secs] [Times: user=0.01 sys=0.00, real=0.00 secs] 
122.484: Total time for which application threads were stopped: 0.0030340 seconds, Stopping threads took: 0.0009550 seconds
122.513: Application time: 0.0292280 seconds
122.516: [GC122.516: [ParNew: 37566K->4159K(37568K), 0.0026220 secs] 424916K->393898K(758420K), 0.0026690 secs] [Times: user=0.02 sys=0.00, real=0.00 secs] 
122.519: Total time for which application threads were stopped: 0.0056540 seconds, Stopping threads took: 0.0029060 seconds
122.547: Application time: 0.0288350 seconds
122.549: [GC122.549: [ParNew: 37567K->4159K(37568K), 0.0025300 secs] 427305K->396192K(758420K), 0.0025750 secs] [Times: user=0.02 sys=0.00, real=0.00 secs] 
122.551: Total time for which application threads were stopped: 0.0037960 seconds, Stopping threads took: 0.0011450 seconds
122.582: Application time: 0.0309640 seconds
122.584: [GC122.584: [ParNew: 37567K->4159K(37568K), 0.0022580 secs] 429600K->397475K(758420K), 0.0023010 secs] [Times: user=0.01 sys=0.01, real=0.00 secs] 
122.586: Total time for which application threads were stopped: 0.0037960 seconds, Stopping threads took: 0.0014290 seconds
122.615: Application time: 0.0293960 seconds
122.617: [GC122.617: [ParNew: 37567K->4158K(37568K), 0.0021860 secs] 430883K->398733K(758420K), 0.0022290 secs] [Times: user=0.01 sys=0.00, real=0.00 secs] 
122.620: Total time for which application threads were stopped: 0.0043550 seconds, Stopping threads took: 0.0020620 seconds
122.649: Application time: 0.0288860 seconds
122.651: [GC122.651: [ParNew: 37566K->4159K(37568K), 0.0024860 secs] 432141K->400892K(758420K), 0.0025280 secs] [Times: user=0.02 sys=0.00, real=0.00 secs] 
122.654: Total time for which application threads were stopped: 0.0052360 seconds, Stopping threads took: 0.0026430 seconds
122.683: Application time: 0.0295230 seconds
122.687: [GC122.687: [ParNew: 37567K->4159K(37568K), 0.0023590 secs] 434300K->402865K(758420K), 0.0024020 secs] [Times: user=0.02 sys=0.00, real=0.00 secs] 
122.689: Total time for which application threads were stopped: 0.0059060 seconds, Stopping threads took: 0.0034350 seconds
122.719: Application time: 0.0298520 seconds
122.721: [GC122.721: [ParNew: 37567K->4159K(37568K), 0.0023410 secs] 436273K->404357K(758420K), 0.0023830 secs] [Times: user=0.02 sys=0.00, real=0.00 secs] 
122.724: Total time for which application threads were stopped: 0.0045090 seconds, Stopping threads took: 0.0020510 seconds
122.752: Application time: 0.0285540 seconds
122.754: [GC122.754: [ParNew: 37567K->4158K(37568K), 0.0027360 secs] 437765K->407239K(758420K), 0.0027820 secs] [Times: user=0.01 sys=0.00, real=0.01 secs] 
122.757: Total time for which application threads were stopped: 0.0043750 seconds, Stopping threads took: 0.0015270 seconds
122.785: Application time: 0.0284300 seconds
122.787: [GC122.787: [ParNew: 37566K->4159K(37568K), 0.0026450 secs] 440647K->409933K(758420K), 0.0026890 secs] [Times: user=0.02 sys=0.00, real=0.00 secs] 
122.790: Total time for which application threads were stopped: 0.0047000 seconds, Stopping threads took: 0.0019460 seconds
122.820: Application time: 0.0301260 seconds
122.822: [GC122.822: [ParNew: 37567K->4159K(37568K), 0.0026520 secs] 443341K->412593K(758420K), 0.0026960 secs] [Times: user=0.02 sys=0.00, real=0.00 secs] 
122.824: Total time for which application threads were stopped: 0.0043970 seconds, Stopping threads took: 0.0016360 seconds
122.853: Application time: 0.0289430 seconds
122.855: [GC122.855: [ParNew: 37567K->4158K(37568K), 0.0029600 secs] 446001K->416232K(758420K), 0.0030020 secs] [Times: user=0.02 sys=0.00, real=0.00 secs] 
122.858: Total time for which application threads were stopped: 0.0047400 seconds, Stopping threads took: 0.0016750 seconds
122.888: Application time: 0.0301900 seconds
122.891: [GC122.891: [ParNew: 37566K->4159K(37568K), 0.0025250 secs] 449640K->418266K(758420K), 0.0025700 secs] [Times: user=0.02 sys=0.00, real=0.00 secs] 
122.893: Total time for which application threads were stopped: 0.0051180 seconds, Stopping threads took: 0.0024830 seconds
122.923: Application time: 0.0300280 seconds
122.925: [GC122.925: [ParNew: 37567K->4159K(37568K), 0.0018870 secs] 451674K->418463K(758420K), 0.0019320 secs] [Times: user=0.01 sys=0.00, real=0.01 secs] 
122.927: Total time for which application threads were stopped: 0.0035840 seconds, Stopping threads took: 0.0015900 seconds
122.957: Application time: 0.0301630 seconds
122.959: [GC122.959: [ParNew: 37567K->4158K(37568K), 0.0022290 secs] 451871K->419118K(758420K), 0.0022710 secs] [Times: user=0.01 sys=0.00, real=0.00 secs] 
122.961: Total time for which application threads were stopped: 0.0041760 seconds, Stopping threads took: 0.0018470 seconds
122.991: Application time: 0.0293550 seconds
122.993: [GC122.993: [ParNew: 37566K->4158K(37568K), 0.0024470 secs] 452526K->421093K(758420K), 0.0024910 secs] [Times: user=0.02 sys=0.00, real=0.01 secs] 
122.996: Total time for which application threads were stopped: 0.0051190 seconds, Stopping threads took: 0.0025630 seconds
123.024: Application time: 0.0288110 seconds
123.025: [GC123.025: [ParNew: 37566K->4158K(37568K), 0.0027180 secs] 454500K->423970K(758420K), 0.0027630 secs] [Times: user=0.02 sys=0.00, real=0.01 secs] 
123.028: Total time for which application threads were stopped: 0.0034520 seconds, Stopping threads took: 0.0006230 seconds
123.057: Application time: 0.0288290 seconds
123.059: [GC123.059: [ParNew: 37566K->4159K(37568K), 0.0023690 secs] 457377K->425663K(758420K), 0.0024120 secs] [Times: user=0.02 sys=0.00, real=0.00 secs] 
123.061: Total time for which application threads were stopped: 0.0045420 seconds, Stopping threads took: 0.0020700 seconds
123.091: Application time: 0.0299880 seconds
123.094: [GC123.094: [ParNew: 37567K->4158K(37568K), 0.0024570 secs] 459071K->427651K(758420K), 0.0025020 secs] [Times: user=0.01 sys=0.00, real=0.01 secs] 
123.096: Total time for which application threads were stopped: 0.0050360 seconds, Stopping threads took: 0.0024680 seconds
123.126: Application time: 0.0293900 seconds
123.128: [GC123.128: [ParNew: 37566K->4159K(37568K), 0.0028970 secs] 461059K->430925K(758420K), 0.0029410 secs] [Times: user=0.02 sys=0.00, real=0.00 secs] 
123.131: Total time for which application threads were stopped: 0.0052260 seconds, Stopping threads took: 0.0022190 seconds
123.160: Application time: 0.0294580 seconds
123.162: [GC123.162: [ParNew: 37567K->4158K(37568K), 0.0024470 secs] 464333K->433021K(758420K), 0.0024920 secs] [Times: user=0.02 sys=0.00, real=0.00 secs] 
123.165: Total time for which application threads were stopped: 0.0041950 seconds, Stopping threads took: 0.0016400 seconds
123.193: Application time: 0.0287380 seconds
123.194: [GC123.194: [ParNew: 37566K->4158K(37568K), 0.0021940 secs] 466429K->434012K(758420K), 0.0022370 secs] [Times: user=0.02 sys=0.00, real=0.01 secs] 
123.196: Total time for which application threads were stopped: 0.0031050 seconds, Stopping threads took: 0.0008010 seconds
123.226: Application time: 0.0296620 seconds
123.228: [GC123.228: [ParNew: 37566K->4158K(37568K), 0.0021310 secs] 467420K->434979K(758420K), 0.0021710 secs] [Times: user=0.02 sys=0.00, real=0.00 secs] 
123.230: Total time for which application threads were stopped: 0.0040980 seconds, Stopping threads took: 0.0018510 seconds
123.261: Application time: 0.0309240 seconds
123.263: [GC123.263: [ParNew: 37566K->4159K(37568K), 0.0019730 secs] 468387K->435476K(758420K), 0.0020180 secs] [Times: user=0.01 sys=0.00, real=0.00 secs] 
123.265: Total time for which application threads were stopped: 0.0034920 seconds, Stopping threads took: 0.0014020 seconds
123.294: Application time: 0.0292940 seconds
123.296: [GC123.296: [ParNew: 37567K->4159K(37568K), 0.0022760 secs] 468884K->436968K(758420K), 0.0023190 secs] [Times: user=0.01 sys=0.00, real=0.00 secs] 
123.298: Total time for which application threads were stopped: 0.0042830 seconds, Stopping threads took: 0.0019010 seconds
123.327: Application time: 0.0290770 seconds
123.329: [GC123.329: [ParNew: 37567K->4159K(37568K), 0.0024380 secs] 470376K->438807K(758420K), 0.0024800 secs] [Times: user=0.02 sys=0.00, real=0.00 secs] 
123.331: Total time for which application threads were stopped: 0.0037490 seconds, Stopping threads took: 0.0012030 seconds
123.361: Application time: 0.0298940 seconds
123.364: [GC123.364: [ParNew: 37565K->4159K(37568K), 0.0023390 secs] 472213K->440530K(758420K), 0.0023820 secs] [Times: user=0.02 sys=0.00, real=0.00 secs] 
123.366: Total time for which application threads were stopped: 0.0053070 seconds, Stopping threads took: 0.0028610 seconds
123.396: Application time: 0.0292900 seconds
123.398: [GC123.398: [ParNew: 37567K->4159K(37568K), 0.0026720 secs] 473938K->443217K(758420K), 0.0027150 secs] [Times: user=0.02 sys=0.00, real=0.00 secs] 
123.401: Total time for which application threads were stopped: 0.0050160 seconds, Stopping threads took: 0.0022370 seconds
123.430: Application time: 0.0295320 seconds
123.432: [GC123.432: [ParNew: 37567K->4159K(37568K), 0.0019870 secs] 476625K->443749K(758420K), 0.0020370 secs] [Times: user=0.01 sys=0.00, real=0.00 secs] 
123.434: Total time for which application threads were stopped: 0.0035110 seconds, Stopping threads took: 0.0014110 seconds
123.462: Application time: 0.0284000 seconds
123.463: [GC123.464: [ParNew: 37567K->4159K(37568K), 0.0019960 secs] 477157K->444190K(758420K), 0.0020360 secs] [Times: user=0.01 sys=0.00, real=0.00 secs] 
123.466: Total time for which application threads were stopped: 0.0035360 seconds, Stopping threads took: 0.0014370 seconds
123.493: Application time: 0.0271580 seconds
123.494: [GC123.495: [ParNew: 37567K->4158K(37568K), 0.0027960 secs] 477598K->447277K(758420K), 0.0028410 secs] [Times: user=0.02 sys=0.01, real=0.01 secs] 
123.497: Total time for which application threads were stopped: 0.0046530 seconds, Stopping threads took: 0.0017470 seconds
123.526: Application time: 0.0289410 seconds
123.529: [GC123.529: [ParNew: 37566K->4159K(37568K), 0.0027310 secs] 480685K->450230K(758420K), 0.0027740 secs] [Times: user=0.01 sys=0.00, real=0.00 secs] 
123.532: Total time for which application threads were stopped: 0.0058410 seconds, Stopping threads took: 0.0030010 seconds
123.562: Application time: 0.0295650 seconds
123.563: [GC123.563: [ParNew: 37567K->4159K(37568K), 0.0024100 secs] 483638K->452238K(758420K), 0.0024540 secs] [Times: user=0.02 sys=0.00, real=0.00 secs] 
123.566: Total time for which application threads were stopped: 0.0037820 seconds, Stopping threads took: 0.0012600 seconds
123.594: Application time: 0.0288100 seconds
123.597: [GC123.597: [ParNew: 37567K->4159K(37568K), 0.0023830 secs] 485646K->454134K(758420K), 0.0024280 secs] [Times: user=0.00 sys=0.01, real=0.00 secs] 
123.599: Total time for which application threads were stopped: 0.0049570 seconds, Stopping threads took: 0.0024640 seconds
123.629: Application time: 0.0299940 seconds
123.632: [GC123.632: [ParNew: 37567K->4159K(37568K), 0.0023040 secs] 487542K->455500K(758420K), 0.0023470 secs] [Times: user=0.02 sys=0.00, real=0.00 secs] 
123.634: Total time for which application threads were stopped: 0.0047480 seconds, Stopping threads took: 0.0023340 seconds
123.663: Application time: 0.0288320 seconds
123.664: [GC123.664: [ParNew: 37567K->4159K(37568K), 0.0026720 secs] 488908K->458239K(758420K), 0.0027180 secs] [Times: user=0.02 sys=0.00, real=0.00 secs] 
123.667: Total time for which application threads were stopped: 0.0037430 seconds, Stopping threads took: 0.0009490 seconds
123.699: Application time: 0.0320760 seconds
123.700: [GC123.700: [ParNew: 37567K->4159K(37568K), 0.0026780 secs] 491647K->460884K(758420K), 0.0027230 secs] [Times: user=0.02 sys=0.00, real=0.00 secs] 
123.703: Total time for which application threads were stopped: 0.0044330 seconds, Stopping threads took: 0.0016450 seconds
123.733: Application time: 0.0294780 seconds
123.735: [GC123.735: [ParNew: 37567K->4158K(37568K), 0.0026370 secs] 494292K->463522K(758420K), 0.0026800 secs] [Times: user=0.01 sys=0.00, real=0.00 secs] 
123.738: Total time for which application threads were stopped: 0.0055450 seconds, Stopping threads took: 0.0027940 seconds
123.768: Application time: 0.0301580 seconds
123.771: [GC123.771: [ParNew: 37566K->4159K(37568K), 0.0024680 secs] 496930K->465582K(758420K), 0.0025090 secs] [Times: user=0.02 sys=0.00, real=0.00 secs] 
123.773: Total time for which application threads were stopped: 0.0049540 seconds, Stopping threads took: 0.0023800 seconds
123.802: Application time: 0.0288610 seconds
123.805: [GC123.805: [ParNew: 37567K->4159K(37568K), 0.0029000 secs] 498990K->468974K(758420K), 0.0029460 secs] [Times: user=0.01 sys=0.01, real=0.01 secs] 
123.808: Total time for which application threads were stopped: 0.0054970 seconds, Stopping threads took: 0.0024890 seconds
123.837: Application time: 0.0293930 seconds
123.838: [GC123.838: [ParNew: 37567K->4158K(37568K), 0.0022170 secs] 502382K->470218K(758420K), 0.0022670 secs] [Times: user=0.02 sys=0.00, real=0.00 secs] 
123.841: Total time for which application threads were stopped: 0.0035280 seconds, Stopping threads took: 0.0011970 seconds
123.871: Application time: 0.0300350 seconds
123.872: [GC123.872: [ParNew: 37566K->4159K(37568K), 0.0023140 secs] 503626K->471471K(758420K), 0.0023570 secs] [Times: user=0.01 sys=0.00, real=0.00 secs] 
123.875: Total time for which application threads were stopped: 0.0039240 seconds, Stopping threads took: 0.0014810 seconds
123.905: Application time: 0.0309480 seconds
123.908: [GC123.908: [ParNew: 37567K->4159K(37568K), 0.0022230 secs] 504879K->472727K(758420K), 0.0022680 secs] [Times: user=0.02 sys=0.00, real=0.00 secs] 
123.910: Total time for which application threads were stopped: 0.0045120 seconds, Stopping threads took: 0.0021780 seconds
123.939: Application time: 0.0287590 seconds
123.940: [GC123.940: [ParNew: 37567K->4159K(37568K), 0.0021460 secs] 506135K->473794K(758420K), 0.0021870 secs] [Times: user=0.02 sys=0.00, real=0.00 secs] 
123.943: Total time for which application threads were stopped: 0.0038200 seconds, Stopping threads took: 0.0015680 seconds
123.972: Application time: 0.0297990 seconds
123.975: [GC123.975: [ParNew: 37567K->4159K(37568K), 0.0022830 secs] 507201K->475223K(758420K), 0.0029730 secs] [Times: user=0.01 sys=0.00, real=0.00 secs] 
123.978: Total time for which application threads were stopped: 0.0053100 seconds, Stopping threads took: 0.0022710 seconds
124.007: Application time: 0.0291600 seconds
124.008: [GC124.008: [ParNew: 37566K->4159K(37568K), 0.0024130 secs] 508629K->476954K(758420K), 0.0024580 secs] [Times: user=0.02 sys=0.00, real=0.00 secs] 
124.011: Total time for which application threads were stopped: 0.0040980 seconds, Stopping threads took: 0.0015730 seconds
124.040: Application time: 0.0293530 seconds
124.042: [GC124.042: [ParNew: 37567K->4159K(37568K), 0.0026820 secs] 510362K->479686K(758420K), 0.0027250 secs] [Times: user=0.02 sys=0.00, real=0.00 secs] 
124.045: Total time for which application threads were stopped: 0.0043500 seconds, Stopping threads took: 0.0015580 seconds
124.074: Application time: 0.0294970 seconds
124.076: [GC124.076: [ParNew: 37567K->4158K(37568K), 0.0029830 secs] 513094K->483294K(758420K), 0.0030270 secs] [Times: user=0.02 sys=0.00, real=0.00 secs] 
124.079: Total time for which application threads were stopped: 0.0045250 seconds, Stopping threads took: 0.0014220 seconds
124.108: Application time: 0.0295860 seconds
124.110: [GC124.110: [ParNew: 37566K->4159K(37568K), 0.0022390 secs] 516702K->484388K(758420K), 0.0022830 secs] [Times: user=0.01 sys=0.00, real=0.00 secs] 
124.112: Total time for which application threads were stopped: 0.0038960 seconds, Stopping threads took: 0.0015470 seconds
124.142: Application time: 0.0299090 seconds
124.144: [GC124.144: [ParNew: 37567K->4159K(37568K), 0.0022130 secs] 517796K->485738K(758420K), 0.0022540 secs] [Times: user=0.01 sys=0.00, real=0.00 secs] 
124.146: Total time for which application threads were stopped: 0.0042910 seconds, Stopping threads took: 0.0019720 seconds
124.175: Application time: 0.0287980 seconds
124.178: [GC124.178: [ParNew: 37567K->4159K(37568K), 0.0024900 secs] 519146K->487917K(758420K), 0.0025350 secs] [Times: user=0.02 sys=0.00, real=0.00 secs] 
124.180: Total time for which application threads were stopped: 0.0052530 seconds, Stopping threads took: 0.0026300 seconds
124.210: Application time: 0.0294360 seconds
124.212: [GC124.212: [ParNew: 37567K->4159K(37568K), 0.0023320 secs] 521325K->489513K(758420K), 0.0023730 secs] [Times: user=0.02 sys=0.00, real=0.00 secs] 
124.214: Total time for which application threads were stopped: 0.0045610 seconds, Stopping threads took: 0.0021080 seconds
124.244: Application time: 0.0291740 seconds
124.244: [GC124.244: [ParNew: 37567K->4158K(37568K), 0.0021450 secs] 522921K->490387K(758420K), 0.0021900 secs] [Times: user=0.02 sys=0.00, real=0.01 secs] 
124.247: Total time for which application threads were stopped: 0.0030820 seconds, Stopping threads took: 0.0008170 seconds
124.276: Application time: 0.0290880 seconds
124.278: [GC124.278: [ParNew: 37566K->4159K(37568K), 0.0026340 secs] 523795K->493066K(758420K), 0.0026850 secs] [Times: user=0.02 sys=0.00, real=0.00 secs] 
124.281: Total time for which application threads were stopped: 0.0050700 seconds, Stopping threads took: 0.0023200 seconds
124.312: Application time: 0.0307140 seconds
124.313: [GC124.313: [ParNew: 37567K->4158K(37568K), 0.0020610 secs] 526474K->493583K(758420K), 0.0021010 secs] [Times: user=0.02 sys=0.00, real=0.01 secs] 
124.316: Total time for which application threads were stopped: 0.0039910 seconds, Stopping threads took: 0.0018310 seconds
124.346: Application time: 0.0304050 seconds
124.349: [GC124.349: [ParNew: 37566K->4158K(37568K), 0.0024020 secs] 526991K->494967K(758420K), 0.0024490 secs] [Times: user=0.01 sys=0.01, real=0.00 secs] 
124.351: Total time for which application threads were stopped: 0.0052920 seconds, Stopping threads took: 0.0027560 seconds
124.382: Application time: 0.0303620 seconds
124.383: [GC124.383: [ParNew: 37565K->4159K(37568K), 0.0025500 secs] 528374K->497311K(758420K), 0.0025940 secs] [Times: user=0.02 sys=0.00, real=0.00 secs] 
124.386: Total time for which application threads were stopped: 0.0044020 seconds, Stopping threads took: 0.0017190 seconds
124.416: Application time: 0.0304250 seconds
124.419: [GC124.419: [ParNew: 37567K->4159K(37568K), 0.0022750 secs] 530719K->498620K(758420K), 0.0023190 secs] [Times: user=0.01 sys=0.00, real=0.00 secs] 
124.421: Total time for which application threads were stopped: 0.0048320 seconds, Stopping threads took: 0.0024460 seconds
124.452: Application time: 0.0304030 seconds
124.454: [GC124.454: [ParNew: 37567K->4159K(37568K), 0.0022340 secs] 532028K->499788K(758420K), 0.0022770 secs] [Times: user=0.02 sys=0.00, real=0.01 secs] 
124.457: Total time for which application threads were stopped: 0.0050430 seconds, Stopping threads took: 0.0027020 seconds
124.486: Application time: 0.0289050 seconds
124.487: [GC124.487: [ParNew: 37567K->4158K(37568K), 0.0025480 secs] 533196K->501751K(758420K), 0.0025910 secs] [Times: user=0.02 sys=0.00, real=0.00 secs] 
124.490: Total time for which application threads were stopped: 0.0042340 seconds, Stopping threads took: 0.0015550 seconds
124.520: Application time: 0.0300330 seconds
124.522: [GC124.522: [ParNew: 37566K->4159K(37568K), 0.0020370 secs] 535159K->502735K(758420K), 0.0020820 secs] [Times: user=0.02 sys=0.00, real=0.00 secs] 
124.524: Total time for which application threads were stopped: 0.0043300 seconds, Stopping threads took: 0.0021820 seconds
124.554: Application time: 0.0294660 seconds
124.555: [GC124.555: [ParNew: 37566K->4158K(37568K), 0.0024830 secs] 536142K->504496K(758420K), 0.0025290 secs] [Times: user=0.02 sys=0.00, real=0.00 secs] 
124.558: Total time for which application threads were stopped: 0.0038480 seconds, Stopping threads took: 0.0012310 seconds
124.588: Application time: 0.0304640 seconds
124.589: [GC124.589: [ParNew: 37566K->3749K(37568K), 0.0017900 secs] 537904K->504144K(758420K), 0.0018320 secs] [Times: user=0.02 sys=0.00, real=0.00 secs] 
124.591: Total time for which application threads were stopped: 0.0029960 seconds, Stopping threads took: 0.0011010 seconds
124.621: Application time: 0.0297380 seconds
124.623: [GC124.623: [ParNew: 37157K->4159K(37568K), 0.0021580 secs] 537552K->505630K(758420K), 0.0022000 secs] [Times: user=0.01 sys=0.00, real=0.00 secs] 
124.625: Total time for which application threads were stopped: 0.0041860 seconds, Stopping threads took: 0.0019210 seconds
124.654: Application time: 0.0288880 seconds
124.655: [GC124.655: [ParNew: 37567K->4158K(37568K), 0.0022070 secs] 539038K->506783K(758420K), 0.0022520 secs] [Times: user=0.02 sys=0.00, real=0.00 secs] 
124.658: Total time for which application threads were stopped: 0.0036950 seconds, Stopping threads took: 0.0013780 seconds
124.688: Application time: 0.0306300 seconds
124.690: [GC124.690: [ParNew: 37566K->4158K(37568K), 0.0023640 secs] 540191K->508396K(758420K), 0.0024070 secs] [Times: user=0.02 sys=0.00, real=0.00 secs] 
124.692: Total time for which application threads were stopped: 0.0039120 seconds, Stopping threads took: 0.0014310 seconds
124.722: Application time: 0.0296270 seconds
124.723: [GC124.723: [ParNew: 37566K->4159K(37568K), 0.0026030 secs] 541804K->510906K(758420K), 0.0026450 secs] [Times: user=0.01 sys=0.00, real=0.00 secs] 
124.726: Total time for which application threads were stopped: 0.0041000 seconds, Stopping threads took: 0.0013860 seconds
124.754: Application time: 0.0285620 seconds
124.756: [GC124.756: [ParNew: 37567K->4159K(37568K), 0.0026240 secs] 544314K->513247K(758420K), 0.0026680 secs] [Times: user=0.01 sys=0.00, real=0.00 secs] 
124.759: Total time for which application threads were stopped: 0.0042190 seconds, Stopping threads took: 0.0014790 seconds
124.788: Application time: 0.0295870 seconds
124.791: [GC124.791: [ParNew: 37567K->4159K(37568K), 0.0025310 secs] 546655K->515531K(758420K), 0.0025770 secs] [Times: user=0.02 sys=0.00, real=0.00 secs] 
124.794: Total time for which application threads were stopped: 0.0056500 seconds, Stopping threads took: 0.0029970 seconds
124.823: Application time: 0.0288090 seconds
124.825: [GC124.825: [ParNew: 37567K->4158K(37568K), 0.0021680 secs] 548939K->516844K(758420K), 0.0022130 secs] [Times: user=0.01 sys=0.00, real=0.01 secs] 
124.827: Total time for which application threads were stopped: 0.0043140 seconds, Stopping threads took: 0.0020350 seconds
124.856: Application time: 0.0292920 seconds
124.858: [GC124.858: [ParNew: 37566K->4158K(37568K), 0.0024490 secs] 550252K->518621K(758420K), 0.0024930 secs] [Times: user=0.02 sys=0.00, real=0.00 secs] 
124.861: Total time for which application threads were stopped: 0.0046520 seconds, Stopping threads took: 0.0020930 seconds
124.890: Application time: 0.0287250 seconds
124.892: [GC124.892: [ParNew: 37566K->4159K(37568K), 0.0025000 secs] 552029K->520768K(758420K), 0.0025440 secs] [Times: user=0.02 sys=0.01, real=0.00 secs] 
124.894: Total time for which application threads were stopped: 0.0047090 seconds, Stopping threads took: 0.0021010 seconds
124.923: Application time: 0.0286020 seconds
124.924: [GC124.924: [ParNew: 37567K->4158K(37568K), 0.0028390 secs] 554176K->523819K(758420K), 0.0028840 secs] [Times: user=0.02 sys=0.00, real=0.01 secs] 
124.927: Total time for which application threads were stopped: 0.0043430 seconds, Stopping threads took: 0.0013920 seconds
124.958: Application time: 0.0305550 seconds
124.961: [GC124.961: [ParNew: 37566K->4159K(37568K), 0.0027770 secs] 557227K->526858K(758420K), 0.0028190 secs] [Times: user=0.02 sys=0.00, real=0.00 secs] 
124.964: Total time for which application threads were stopped: 0.0060120 seconds, Stopping threads took: 0.0031260 seconds
124.992: Application time: 0.0284890 seconds
124.994: [GC124.994: [ParNew: 37567K->4158K(37568K), 0.0026060 secs] 560266K->529307K(758420K), 0.0026480 secs] [Times: user=0.02 sys=0.00, real=0.01 secs] 
124.997: Total time for which application threads were stopped: 0.0043620 seconds, Stopping threads took: 0.0016290 seconds
125.026: Application time: 0.0296760 seconds
125.029: [GC125.029: [ParNew: 37566K->4159K(37568K), 0.0028430 secs] 562715K->532096K(758420K), 0.0028900 secs] [Times: user=0.03 sys=0.00, real=0.00 secs] 
125.032: Total time for which application threads were stopped: 0.0055090 seconds, Stopping threads took: 0.0025350 seconds
125.061: Application time: 0.0293190 seconds
125.064: [GC125.064: [ParNew: 37567K->4159K(37568K), 0.0024560 secs] 565504K->533808K(758420K), 0.0024990 secs] [Times: user=0.02 sys=0.00, real=0.00 secs] 
125.066: Total time for which application threads were stopped: 0.0049520 seconds, Stopping threads took: 0.0023890 seconds
125.096: Application time: 0.0295220 seconds
125.098: [GC125.098: [ParNew: 37567K->4159K(37568K), 0.0019110 secs] 567216K->533866K(758420K), 0.0019540 secs] [Times: user=0.01 sys=0.00, real=0.00 secs] 
125.100: Total time for which application threads were stopped: 0.0044620 seconds, Stopping threads took: 0.0024430 seconds
125.130: Application time: 0.0302100 seconds
125.132: [GC125.132: [ParNew: 37567K->4159K(37568K), 0.0023640 secs] 567273K->535371K(758420K), 0.0024150 secs] [Times: user=0.02 sys=0.00, real=0.01 secs] 
125.135: Total time for which application threads were stopped: 0.0043870 seconds, Stopping threads took: 0.0019050 seconds
125.163: Application time: 0.0284410 seconds
125.165: [GC125.165: [ParNew: 37567K->4159K(37568K), 0.0025810 secs] 568779K->537725K(758420K), 0.0026230 secs] [Times: user=0.02 sys=0.00, real=0.01 secs] 
125.167: Total time for which application threads were stopped: 0.0042320 seconds, Stopping threads took: 0.0015450 seconds
125.198: Application time: 0.0301310 seconds
125.200: [GC125.200: [ParNew: 37567K->4159K(37568K), 0.0023270 secs] 571133K->539330K(758420K), 0.0023710 secs] [Times: user=0.02 sys=0.00, real=0.00 secs] 
125.203: Total time for which application threads were stopped: 0.0052750 seconds, Stopping threads took: 0.0028380 seconds
125.232: Application time: 0.0293600 seconds
125.234: [GC125.234: [ParNew: 37567K->4158K(37568K), 0.0024050 secs] 572738K->540709K(758420K), 0.0024490 secs] [Times: user=0.02 sys=0.00, real=0.01 secs] 
125.237: Total time for which application threads were stopped: 0.0045850 seconds, Stopping threads took: 0.0020720 seconds
125.266: Application time: 0.0292990 seconds
125.267: [GC125.267: [ParNew: 37565K->4158K(37568K), 0.0027200 secs] 574116K->543064K(758420K), 0.0027610 secs] [Times: user=0.02 sys=0.00, real=0.00 secs] 
125.270: Total time for which application threads were stopped: 0.0040960 seconds, Stopping threads took: 0.0012670 seconds
125.299: Application time: 0.0292790 seconds
125.302: [GC125.302: [ParNew: 37566K->4158K(37568K), 0.0028380 secs] 576472K->545776K(758420K), 0.0028820 secs] [Times: user=0.02 sys=0.00, real=0.00 secs] 
125.305: Total time for which application threads were stopped: 0.0052700 seconds, Stopping threads took: 0.0022980 seconds
125.337: Application time: 0.0321820 seconds
125.339: [GC125.339: [ParNew: 37566K->4159K(37568K), 0.0024190 secs] 579184K->547333K(758420K), 0.0024610 secs] [Times: user=0.02 sys=0.00, real=0.00 secs] 
125.341: Total time for which application threads were stopped: 0.0045600 seconds, Stopping threads took: 0.0020210 seconds
125.374: Application time: 0.0322210 seconds
125.376: [GC125.376: [ParNew: 37567K->4158K(37568K), 0.0023940 secs] 580741K->548814K(758420K), 0.0024390 secs] [Times: user=0.01 sys=0.00, real=0.00 secs] 
125.378: Total time for which application threads were stopped: 0.0042530 seconds, Stopping threads took: 0.0017460 seconds
125.409: Application time: 0.0311380 seconds
125.411: [GC125.412: [ParNew: 37566K->4158K(37568K), 0.0026190 secs] 582222K->551143K(758420K), 0.0026630 secs] [Times: user=0.02 sys=0.01, real=0.00 secs] 
125.414: Total time for which application threads were stopped: 0.0050640 seconds, Stopping threads took: 0.0023240 seconds
125.445: Application time: 0.0305530 seconds
125.448: [GC125.448: [ParNew: 37566K->4159K(37568K), 0.0027950 secs] 584551K->553857K(758420K), 0.0028390 secs] [Times: user=0.02 sys=0.00, real=0.00 secs] 
125.451: Total time for which application threads were stopped: 0.0060780 seconds, Stopping threads took: 0.0031500 seconds
125.483: Application time: 0.0322880 seconds
125.485: [GC125.485: [ParNew: 37567K->4158K(37568K), 0.0019650 secs] 587265K->554148K(758420K), 0.0020080 secs] [Times: user=0.01 sys=0.00, real=0.01 secs] 
125.487: Total time for which application threads were stopped: 0.0036430 seconds, Stopping threads took: 0.0015690 seconds
125.519: Application time: 0.0319240 seconds
125.520: [GC125.520: [ParNew: 37566K->4159K(37568K), 0.0022900 secs] 587556K->555425K(758420K), 0.0023330 secs] [Times: user=0.01 sys=0.00, real=0.00 secs] 
125.522: Total time for which application threads were stopped: 0.0033290 seconds, Stopping threads took: 0.0009310 seconds
125.554: Application time: 0.0323380 seconds
125.556: [GC125.556: [ParNew: 37567K->4159K(37568K), 0.0021960 secs] 588833K->556441K(758420K), 0.0022410 secs] [Times: user=0.02 sys=0.00, real=0.00 secs] 
125.558: Total time for which application threads were stopped: 0.0039540 seconds, Stopping threads took: 0.0016380 seconds
125.590: Application time: 0.0321340 seconds
125.593: [GC125.593: [ParNew: 37567K->4158K(37568K), 0.0028300 secs] 589849K->559275K(758420K), 0.0028740 secs] [Times: user=0.02 sys=0.00, real=0.01 secs] 
125.596: Total time for which application threads were stopped: 0.0054870 seconds, Stopping threads took: 0.0025440 seconds
125.627: Application time: 0.0306980 seconds
125.630: [GC125.630: [ParNew: 37566K->4159K(37568K), 0.0026940 secs] 592683K->562019K(758420K), 0.0027370 secs] [Times: user=0.02 sys=0.00, real=0.00 secs] 
125.632: Total time for which application threads were stopped: 0.0057430 seconds, Stopping threads took: 0.0029400 seconds
125.663: Application time: 0.0309670 seconds
125.665: [GC125.665: [ParNew: 37567K->4159K(37568K), 0.0028110 secs] 595427K->565069K(758420K), 0.0028570 secs] [Times: user=0.02 sys=0.00, real=0.01 secs] 
125.668: Total time for which application threads were stopped: 0.0046180 seconds, Stopping threads took: 0.0016930 seconds
125.699: Application time: 0.0308980 seconds
125.701: [GC125.701: [ParNew: 37567K->4159K(37568K), 0.0026990 secs] 598477K->567578K(758420K), 0.0027430 secs] [Times: user=0.02 sys=0.00, real=0.00 secs] 
125.703: Total time for which application threads were stopped: 0.0044660 seconds, Stopping threads took: 0.0016560 seconds
125.735: Application time: 0.0317230 seconds
125.738: [GC125.738: [ParNew: 37566K->4159K(37568K), 0.0022670 secs] 600985K->569015K(758420K), 0.0023110 secs] [Times: user=0.02 sys=0.00, real=0.00 secs] 
125.740: Total time for which application threads were stopped: 0.0053130 seconds, Stopping threads took: 0.0029370 seconds
125.772: Application time: 0.0313340 seconds
125.774: [GC125.774: [ParNew: 37566K->4159K(37568K), 0.0028460 secs] 602423K->572191K(758420K), 0.0028990 secs] [Times: user=0.02 sys=0.00, real=0.01 secs] 
125.777: Total time for which application threads were stopped: 0.0055610 seconds, Stopping threads took: 0.0025830 seconds
125.810: Application time: 0.0331040 seconds
125.813: [GC125.813: [ParNew: 37567K->4158K(37568K), 0.0025840 secs] 605599K->574260K(758420K), 0.0026300 secs] [Times: user=0.01 sys=0.00, real=0.01 secs] 
125.816: Total time for which application threads were stopped: 0.0057200 seconds, Stopping threads took: 0.0030230 seconds
125.846: Application time: 0.0301340 seconds
125.849: [GC125.849: [ParNew: 37566K->4159K(37568K), 0.0028010 secs] 607668K->577097K(758420K), 0.0028470 secs] [Times: user=0.02 sys=0.00, real=0.00 secs] 
125.851: Total time for which application threads were stopped: 0.0051550 seconds, Stopping threads took: 0.0022410 seconds
125.883: Application time: 0.0314730 seconds
125.886: [GC125.886: [ParNew: 37567K->4158K(37568K), 0.0028870 secs] 610505K->580382K(758420K), 0.0029330 secs] [Times: user=0.02 sys=0.00, real=0.01 secs] 
125.889: Total time for which application threads were stopped: 0.0060360 seconds, Stopping threads took: 0.0030370 seconds
125.919: Application time: 0.0305270 seconds
125.921: [GC125.921: [ParNew: 37566K->4158K(37568K), 0.0031360 secs] 613790K->583607K(758420K), 0.0031810 secs] [Times: user=0.02 sys=0.00, real=0.00 secs] 
125.924: Total time for which application threads were stopped: 0.0042920 seconds, Stopping threads took: 0.0010260 seconds
125.954: Application time: 0.0307370 seconds
125.956: [GC125.956: [ParNew: 37566K->4159K(37568K), 0.0027310 secs] 617015K->586269K(758420K), 0.0027730 secs] [Times: user=0.02 sys=0.00, real=0.00 secs] 
125.959: Total time for which application threads were stopped: 0.0044310 seconds, Stopping threads took: 0.0015920 seconds
125.991: Application time: 0.0319930 seconds
125.993: [GC125.993: [ParNew: 37567K->4159K(37568K), 0.0023030 secs] 619677K->587419K(758420K), 0.0023480 secs] [Times: user=0.02 sys=0.00, real=0.01 secs] 
125.995: Total time for which application threads were stopped: 0.0041870 seconds, Stopping threads took: 0.0017530 seconds
 CMS: abort preclean due to time 125.998: [CMS-concurrent-abortable-preclean: 0.664/5.013 secs] [Times: user=37.64 sys=0.24, real=5.02 secs] 
125.998: Application time: 0.0026160 seconds
125.999: [GC[YG occupancy: 8759 K (37568 K)]125.999: [Rescan (parallel) , 0.0003590 secs]126.000: [weak refs processing, 0.0000080 secs]126.000: [scrub string table, 0.0001110 secs] [1 CMS-remark: 583260K(720852K)] 592019K(758420K), 0.0005050 secs] [Times: user=0.00 sys=0.00, real=0.00 secs] 
126.000: Total time for which application threads were stopped: 0.0022070 seconds, Stopping threads took: 0.0016720 seconds
126.000: [CMS-concurrent-sweep-start]
126.029: Application time: 0.0291460 seconds
126.031: [GC126.031: [ParNew: 37567K->4158K(37568K), 0.0029660 secs] 332219K->302392K(758420K), 0.0030130 secs] [Times: user=0.02 sys=0.00, real=0.00 secs] 
126.034: Total time for which application threads were stopped: 0.0053960 seconds, Stopping threads took: 0.0023180 seconds
126.036: [CMS-concurrent-sweep: 0.031/0.036 secs] [Times: user=0.27 sys=0.00, real=0.04 secs] 
126.036: [CMS-concurrent-reset-start]
126.038: [CMS-concurrent-reset: 0.002/0.002 secs] [Times: user=0.00 sys=0.00, real=0.00 secs] 
126.067: Application time: 0.0325570 seconds
126.070: [GC126.070: [ParNew: 37566K->4159K(37568K), 0.0025910 secs] 334523K->303556K(758420K), 0.0026370 secs] [Times: user=0.02 sys=0.00, real=0.00 secs] 
126.073: Total time for which application threads were stopped: 0.0060000 seconds, Stopping threads took: 0.0033000 seconds
126.105: Application time: 0.0322760 seconds
126.107: [GC126.107: [ParNew: 37567K->4158K(37568K), 0.0019770 secs] 336964K->303884K(758420K), 0.0020210 secs] [Times: user=0.01 sys=0.00, real=0.00 secs] 
126.109: Total time for which application threads were stopped: 0.0034100 seconds, Stopping threads took: 0.0013220 seconds
126.141: Application time: 0.0323420 seconds
126.142: [GC126.142: [ParNew: 37566K->4158K(37568K), 0.0021080 secs] 337292K->304651K(758420K), 0.0021520 secs] [Times: user=0.02 sys=0.00, real=0.00 secs] 
126.144: Total time for which application threads were stopped: 0.0029230 seconds, Stopping threads took: 0.0007040 seconds
126.177: Application time: 0.0327010 seconds
126.179: [GC126.179: [ParNew: 37566K->4157K(37568K), 0.0018300 secs] 338059K->304678K(758420K), 0.0018730 secs] [Times: user=0.01 sys=0.00, real=0.00 secs] 
126.181: Total time for which application threads were stopped: 0.0040700 seconds, Stopping threads took: 0.0021310 seconds
126.213: Application time: 0.0320270 seconds
126.216: [GC126.216: [ParNew: 37565K->4158K(37568K), 0.0030850 secs] 338086K->308484K(758420K), 0.0031320 secs] [Times: user=0.02 sys=0.00, real=0.00 secs] 
126.219: Total time for which application threads were stopped: 0.0064180 seconds, Stopping threads took: 0.0032200 seconds
126.250: Application time: 0.0303970 seconds
126.251: [GC126.251: [ParNew: 37566K->4159K(37568K), 0.0025260 secs] 341892K->310602K(758420K), 0.0025700 secs] [Times: user=0.02 sys=0.00, real=0.00 secs] 
126.254: Total time for which application threads were stopped: 0.0040780 seconds, Stopping threads took: 0.0014430 seconds
126.285: Application time: 0.0317810 seconds
126.288: [GC126.288: [ParNew: 37567K->4158K(37568K), 0.0020570 secs] 344010K->311107K(758420K), 0.0020980 secs] [Times: user=0.01 sys=0.00, real=0.00 secs] 
126.290: Total time for which application threads were stopped: 0.0043390 seconds, Stopping threads took: 0.0021690 seconds
126.321: Application time: 0.0311240 seconds
126.323: [GC126.323: [ParNew: 37566K->4159K(37568K), 0.0023960 secs] 344515K->312933K(758420K), 0.0024410 secs] [Times: user=0.02 sys=0.00, real=0.00 secs] 
126.325: Total time for which application threads were stopped: 0.0042410 seconds, Stopping threads took: 0.0017340 seconds
126.357: Application time: 0.0319450 seconds
126.360: [GC126.360: [ParNew: 37567K->4158K(37568K), 0.0021990 secs] 346341K->314013K(758420K), 0.0022440 secs] [Times: user=0.02 sys=0.00, real=0.00 secs] 
126.362: Total time for which application threads were stopped: 0.0052780 seconds, Stopping threads took: 0.0029660 seconds
126.395: Application time: 0.0327710 seconds
126.396: [GC126.396: [ParNew: 37566K->4158K(37568K), 0.0022890 secs] 347421K->314916K(758420K), 0.0023400 secs] [Times: user=0.01 sys=0.00, real=0.00 secs] 
126.398: Total time for which application threads were stopped: 0.0028530 seconds, Stopping threads took: 0.0004480 seconds
126.430: Application time: 0.0324290 seconds
126.432: [GC126.432: [ParNew: 37566K->4158K(37568K), 0.0022550 secs] 348324K->316100K(758420K), 0.0023000 secs] [Times: user=0.01 sys=0.00, real=0.00 secs] 
126.434: Total time for which application threads were stopped: 0.0035550 seconds, Stopping threads took: 0.0011670 seconds
126.466: Application time: 0.0320460 seconds
126.467: [GC126.467: [ParNew: 37566K->4159K(37568K), 0.0021600 secs] 349508K->317162K(758420K), 0.0022020 secs] [Times: user=0.01 sys=0.00, real=0.00 secs] 
126.470: Total time for which application threads were stopped: 0.0035090 seconds, Stopping threads took: 0.0012380 seconds
126.502: Application time: 0.0319870 seconds
126.503: [GC126.503: [ParNew: 37567K->4159K(37568K), 0.0021500 secs] 350570K->318126K(758420K), 0.0021910 secs] [Times: user=0.02 sys=0.00, real=0.00 secs] 
126.506: Total time for which application threads were stopped: 0.0040450 seconds, Stopping threads took: 0.0017850 seconds
126.538: Application time: 0.0321630 seconds
126.539: [GC126.539: [ParNew: 37567K->4159K(37568K), 0.0023380 secs] 351534K->319597K(758420K), 0.0023860 secs] [Times: user=0.01 sys=0.00, real=0.00 secs] 
126.542: Total time for which application threads were stopped: 0.0040880 seconds, Stopping threads took: 0.0016350 seconds
126.575: Application time: 0.0329180 seconds
126.578: [GC126.578: [ParNew: 37567K->4158K(37568K), 0.0022800 secs] 353005K->320970K(758420K), 0.0023250 secs] [Times: user=0.01 sys=0.00, real=0.00 secs] 
126.580: Total time for which application threads were stopped: 0.0054200 seconds, Stopping threads took: 0.0030290 seconds
126.612: Application time: 0.0321210 seconds
126.615: [GC126.615: [ParNew: 37566K->4159K(37568K), 0.0025720 secs] 354378K->323269K(758420K), 0.0026170 secs] [Times: user=0.02 sys=0.00, real=0.00 secs] 
126.618: Total time for which application threads were stopped: 0.0054060 seconds, Stopping threads took: 0.0027210 seconds
126.648: Application time: 0.0306040 seconds
126.650: [GC126.650: [ParNew: 37567K->4159K(37568K), 0.0026820 secs] 356677K->325970K(758420K), 0.0027260 secs] [Times: user=0.02 sys=0.00, real=0.00 secs] 
126.653: Total time for which application threads were stopped: 0.0042570 seconds, Stopping threads took: 0.0014640 seconds
126.684: Application time: 0.0313500 seconds
126.686: [GC126.686: [ParNew: 37567K->4158K(37568K), 0.0027070 secs] 359378K->329054K(758420K), 0.0027490 secs] [Times: user=0.01 sys=0.00, real=0.01 secs] 
126.689: Total time for which application threads were stopped: 0.0047810 seconds, Stopping threads took: 0.0019630 seconds
126.689: Application time: 0.0001040 seconds
126.692: [GC [1 CMS-initial-mark: 324896K(720852K)] 329589K(758420K), 0.0001800 secs] [Times: user=0.00 sys=0.00, real=0.00 secs] 
126.693: Total time for which application threads were stopped: 0.0037850 seconds, Stopping threads took: 0.0035830 seconds
126.693: [CMS-concurrent-mark-start]
126.705: [CMS-concurrent-mark: 0.012/0.012 secs] [Times: user=0.08 sys=0.00, real=0.01 secs] 
126.705: [CMS-concurrent-preclean-start]
126.706: [CMS-concurrent-preclean: 0.001/0.001 secs] [Times: user=0.00 sys=0.00, real=0.00 secs] 
126.706: [CMS-concurrent-abortable-preclean-start]
126.724: Application time: 0.0313230 seconds
126.726: [GC126.726: [ParNew: 37566K->4159K(37568K), 0.0024840 secs] 362462K->331068K(758420K), 0.0025260 secs] [Times: user=0.02 sys=0.00, real=0.01 secs] 
126.728: Total time for which application threads were stopped: 0.0043080 seconds, Stopping threads took: 0.0017170 seconds
126.760: Application time: 0.0314820 seconds
126.762: [GC126.762: [ParNew: 37567K->4159K(37568K), 0.0027300 secs] 364476K->333878K(758420K), 0.0027740 secs] [Times: user=0.02 sys=0.00, real=0.00 secs] 
126.765: Total time for which application threads were stopped: 0.0051100 seconds, Stopping threads took: 0.0022680 seconds
126.797: Application time: 0.0317460 seconds
126.798: [GC126.798: [ParNew: 37567K->4159K(37568K), 0.0024290 secs] 367286K->335556K(758420K), 0.0024850 secs] [Times: user=0.01 sys=0.00, real=0.00 secs] 
126.801: Total time for which application threads were stopped: 0.0040390 seconds, Stopping threads took: 0.0014750 seconds
126.832: Application time: 0.0312050 seconds
126.834: [GC126.834: [ParNew: 37567K->4159K(37568K), 0.0029980 secs] 368964K->339149K(758420K), 0.0030430 secs] [Times: user=0.02 sys=0.00, real=0.01 secs] 
126.837: Total time for which application threads were stopped: 0.0049550 seconds, Stopping threads took: 0.0018450 seconds
126.868: Application time: 0.0316190 seconds
126.869: [GC126.869: [ParNew: 37567K->4159K(37568K), 0.0020960 secs] 372557K->339836K(758420K), 0.0021390 secs] [Times: user=0.02 sys=0.00, real=0.00 secs] 
126.872: Total time for which application threads were stopped: 0.0031920 seconds, Stopping threads took: 0.0009880 seconds
126.903: Application time: 0.0315730 seconds
126.906: [GC126.906: [ParNew: 37567K->4159K(37568K), 0.0029430 secs] 373244K->343156K(758420K), 0.0029880 secs] [Times: user=0.02 sys=0.00, real=0.01 secs] 
126.909: Total time for which application threads were stopped: 0.0060230 seconds, Stopping threads took: 0.0029680 seconds
126.940: Application time: 0.0305070 seconds
126.942: [GC126.942: [ParNew: 37567K->4159K(37568K), 0.0028010 secs] 376564K->346273K(758420K), 0.0028460 secs] [Times: user=0.02 sys=0.00, real=0.00 secs] 
126.945: Total time for which application threads were stopped: 0.0050060 seconds, Stopping threads took: 0.0020930 seconds
126.976: Application time: 0.0309410 seconds
126.978: [GC126.978: [ParNew: 37567K->4158K(37568K), 0.0027660 secs] 379681K->349133K(758420K), 0.0028120 secs] [Times: user=0.02 sys=0.00, real=0.00 secs] 
126.981: Total time for which application threads were stopped: 0.0049050 seconds, Stopping threads took: 0.0020260 seconds
127.012: Application time: 0.0313290 seconds
127.014: [GC127.014: [ParNew: 37566K->4158K(37568K), 0.0030320 secs] 382541K->352831K(758420K), 0.0030760 secs] [Times: user=0.02 sys=0.00, real=0.01 secs] 
127.017: Total time for which application threads were stopped: 0.0055700 seconds, Stopping threads took: 0.0024290 seconds
127.050: Application time: 0.0323690 seconds
127.052: [GC127.052: [ParNew: 37566K->4159K(37568K), 0.0024220 secs] 386239K->354489K(758420K), 0.0024660 secs] [Times: user=0.02 sys=0.00, real=0.01 secs] 
127.055: Total time for which application threads were stopped: 0.0050920 seconds, Stopping threads took: 0.0025600 seconds
127.087: Application time: 0.0315580 seconds
127.088: [GC127.088: [ParNew: 37566K->4158K(37568K), 0.0020400 secs] 387896K->355233K(758420K), 0.0020870 secs] [Times: user=0.02 sys=0.00, real=0.00 secs] 
127.090: Total time for which application threads were stopped: 0.0037770 seconds, Stopping threads took: 0.0016230 seconds
127.122: Application time: 0.0316640 seconds
127.124: [GC127.124: [ParNew: 37566K->4159K(37568K), 0.0022520 secs] 388641K->356387K(758420K), 0.0022950 secs] [Times: user=0.01 sys=0.00, real=0.00 secs] 
127.127: Total time for which application threads were stopped: 0.0046510 seconds, Stopping threads took: 0.0022870 seconds
127.158: Application time: 0.0314380 seconds
127.161: [GC127.161: [ParNew: 37566K->4158K(37568K), 0.0025670 secs] 389795K->358538K(758420K), 0.0026120 secs] [Times: user=0.01 sys=0.00, real=0.00 secs] 
127.164: Total time for which application threads were stopped: 0.0056700 seconds, Stopping threads took: 0.0029920 seconds
127.195: Application time: 0.0315660 seconds
127.198: [GC127.198: [ParNew: 37566K->4159K(37568K), 0.0026620 secs] 391946K->361066K(758420K), 0.0027080 secs] [Times: user=0.01 sys=0.00, real=0.00 secs] 
127.200: Total time for which application threads were stopped: 0.0051480 seconds, Stopping threads took: 0.0023720 seconds
127.231: Application time: 0.0309230 seconds
127.233: [GC127.233: [ParNew: 37567K->4159K(37568K), 0.0025900 secs] 394474K->363455K(758420K), 0.0026410 secs] [Times: user=0.02 sys=0.00, real=0.01 secs] 
127.236: Total time for which application threads were stopped: 0.0046430 seconds, Stopping threads took: 0.0019350 seconds
127.267: Application time: 0.0310590 seconds
127.269: [GC127.269: [ParNew: 37567K->4158K(37568K), 0.0026050 secs] 396863K->365679K(758420K), 0.0026510 secs] [Times: user=0.02 sys=0.00, real=0.00 secs] 
127.271: Total time for which application threads were stopped: 0.0042520 seconds, Stopping threads took: 0.0015340 seconds
127.302: Application time: 0.0310910 seconds
127.305: [GC127.305: [ParNew: 37566K->4158K(37568K), 0.0028860 secs] 399087K->368874K(758420K), 0.0029310 secs] [Times: user=0.03 sys=0.00, real=0.01 secs] 
127.308: Total time for which application threads were stopped: 0.0056210 seconds, Stopping threads took: 0.0026160 seconds
127.340: Application time: 0.0316980 seconds
127.340: [GC127.340: [ParNew: 37566K->4159K(37568K), 0.0024980 secs] 402282K->370937K(758420K), 0.0025420 secs] [Times: user=0.02 sys=0.00, real=0.00 secs] 
127.343: Total time for which application threads were stopped: 0.0032930 seconds, Stopping threads took: 0.0006830 seconds
127.375: Application time: 0.0321270 seconds
127.378: [GC127.378: [ParNew: 37567K->4158K(37568K), 0.0028510 secs] 404345K->374025K(758420K), 0.0028940 secs] [Times: user=0.02 sys=0.00, real=0.00 secs] 
127.381: Total time for which application threads were stopped: 0.0055400 seconds, Stopping threads took: 0.0025830 seconds
127.412: Application time: 0.0310970 seconds
127.414: [GC127.414: [ParNew: 37566K->4159K(37568K), 0.0028220 secs] 407433K->376967K(758420K), 0.0028660 secs] [Times: user=0.02 sys=0.00, real=0.01 secs] 
127.417: Total time for which application threads were stopped: 0.0052250 seconds, Stopping threads took: 0.0022910 seconds
127.448: Application time: 0.0313690 seconds
127.450: [GC127.450: [ParNew: 37567K->4159K(37568K), 0.0026270 secs] 410375K->379310K(758420K), 0.0026720 secs] [Times: user=0.02 sys=0.00, real=0.00 secs] 
127.453: Total time for which application threads were stopped: 0.0042740 seconds, Stopping threads took: 0.0015360 seconds
127.483: Application time: 0.0299960 seconds
127.484: [GC127.484: [ParNew: 37567K->4159K(37568K), 0.0030310 secs] 412718K->382962K(758420K), 0.0030760 secs] [Times: user=0.02 sys=0.00, real=0.01 secs] 
127.488: Total time for which application threads were stopped: 0.0049020 seconds, Stopping threads took: 0.0017580 seconds
127.519: Application time: 0.0316440 seconds
127.522: [GC127.522: [ParNew: 37567K->4159K(37568K), 0.0026720 secs] 416370K->385526K(758420K), 0.0027170 secs] [Times: user=0.02 sys=0.00, real=0.00 secs] 
127.525: Total time for which application threads were stopped: 0.0054330 seconds, Stopping threads took: 0.0026510 seconds
127.556: Application time: 0.0314930 seconds
127.558: [GC127.558: [ParNew: 37567K->4158K(37568K), 0.0025730 secs] 418934K->387894K(758420K), 0.0026180 secs] [Times: user=0.01 sys=0.00, real=0.00 secs] 
127.561: Total time for which application threads were stopped: 0.0048630 seconds, Stopping threads took: 0.0021790 seconds
127.592: Application time: 0.0309560 seconds
127.593: [GC127.593: [ParNew: 37566K->4159K(37568K), 0.0026570 secs] 421302K->390183K(758420K), 0.0027010 secs] [Times: user=0.01 sys=0.00, real=0.01 secs] 
127.596: Total time for which application threads were stopped: 0.0040000 seconds, Stopping threads took: 0.0012100 seconds
127.627: Application time: 0.0315090 seconds
127.629: [GC127.629: [ParNew: 37567K->4159K(37568K), 0.0022110 secs] 423591K->391347K(758420K), 0.0022560 secs] [Times: user=0.02 sys=0.00, real=0.00 secs] 
127.631: Total time for which application threads were stopped: 0.0038080 seconds, Stopping threads took: 0.0014850 seconds
127.663: Application time: 0.0320920 seconds
127.666: [GC127.667: [ParNew: 37566K->4158K(37568K), 0.0025090 secs] 424754K->393490K(758420K), 0.0025520 secs] [Times: user=0.02 sys=0.00, real=0.01 secs] 
127.669: Total time for which application threads were stopped: 0.0056690 seconds, Stopping threads took: 0.0030490 seconds
127.702: Application time: 0.0326020 seconds
127.703: [GC127.703: [ParNew: 37566K->4158K(37568K), 0.0028430 secs] 426898K->396670K(758420K), 0.0028970 secs] [Times: user=0.02 sys=0.00, real=0.00 secs] 
127.706: Total time for which application threads were stopped: 0.0044700 seconds, Stopping threads took: 0.0015050 seconds
127.738: Application time: 0.0318850 seconds
127.740: [GC127.740: [ParNew: 37566K->4159K(37568K), 0.0022280 secs] 430078K->397744K(758420K), 0.0022720 secs] [Times: user=0.01 sys=0.00, real=0.00 secs] 
127.742: Total time for which application threads were stopped: 0.0044630 seconds, Stopping threads took: 0.0021240 seconds
127.774: Application time: 0.0317600 seconds
127.776: [GC127.776: [ParNew: 37567K->4158K(37568K), 0.0021980 secs] 431152K->398736K(758420K), 0.0022430 secs] [Times: user=0.02 sys=0.00, real=0.00 secs] 
127.778: Total time for which application threads were stopped: 0.0040860 seconds, Stopping threads took: 0.0017810 seconds
127.810: Application time: 0.0316950 seconds
127.813: [GC127.813: [ParNew: 37566K->4158K(37568K), 0.0022260 secs] 432144K->399745K(758420K), 0.0022690 secs] [Times: user=0.01 sys=0.00, real=0.01 secs] 
127.815: Total time for which application threads were stopped: 0.0051860 seconds, Stopping threads took: 0.0028410 seconds
127.846: Application time: 0.0312320 seconds
127.848: [GC127.848: [ParNew: 37566K->4159K(37568K), 0.0023750 secs] 433153K->401510K(758420K), 0.0024190 secs] [Times: user=0.02 sys=0.00, real=0.00 secs] 
127.851: Total time for which application threads were stopped: 0.0041570 seconds, Stopping threads took: 0.0016620 seconds
127.881: Application time: 0.0299930 seconds
127.882: [GC127.882: [ParNew: 37567K->4158K(37568K), 0.0029660 secs] 434918K->405049K(758420K), 0.0030100 secs] [Times: user=0.02 sys=0.00, real=0.00 secs] 
127.885: Total time for which application threads were stopped: 0.0045870 seconds, Stopping threads took: 0.0015100 seconds
127.917: Application time: 0.0314270 seconds
127.918: [GC127.918: [ParNew: 37566K->4158K(37568K), 0.0025720 secs] 438457K->407081K(758420K), 0.0026190 secs] [Times: user=0.01 sys=0.00, real=0.00 secs] 
127.921: Total time for which application threads were stopped: 0.0044130 seconds, Stopping threads took: 0.0017270 seconds
127.953: Application time: 0.0316670 seconds
127.955: [GC127.955: [ParNew: 37566K->4158K(37568K), 0.0024390 secs] 440489K->408897K(758420K), 0.0024840 secs] [Times: user=0.02 sys=0.00, real=0.01 secs] 
127.957: Total time for which application threads were stopped: 0.0043150 seconds, Stopping threads took: 0.0017650 seconds
127.988: Application time: 0.0314450 seconds
127.989: [GC127.989: [ParNew: 37566K->4159K(37568K), 0.0028710 secs] 442305K->412029K(758420K), 0.0029150 secs] [Times: user=0.02 sys=0.00, real=0.00 secs] 
127.992: Total time for which application threads were stopped: 0.0036360 seconds, Stopping threads took: 0.0006530 seconds
128.024: Application time: 0.0316110 seconds
128.026: [GC128.026: [ParNew: 37567K->4158K(37568K), 0.0025120 secs] 445437K->414108K(758420K), 0.0025570 secs] [Times: user=0.02 sys=0.00, real=0.01 secs] 
128.029: Total time for which application threads were stopped: 0.0051100 seconds, Stopping threads took: 0.0024930 seconds
128.060: Application time: 0.0316330 seconds
128.061: [GC128.061: [ParNew: 37564K->4159K(37568K), 0.0021660 secs] 447514K->414965K(758420K), 0.0022120 secs] [Times: user=0.02 sys=0.00, real=0.00 secs] 
128.063: Total time for which application threads were stopped: 0.0028680 seconds, Stopping threads took: 0.0005890 seconds
128.094: Application time: 0.0308580 seconds
128.097: [GC128.097: [ParNew: 37567K->4158K(37568K), 0.0026620 secs] 448373K->417626K(758420K), 0.0027100 secs] [Times: user=0.02 sys=0.00, real=0.00 secs] 
128.100: Total time for which application threads were stopped: 0.0059920 seconds, Stopping threads took: 0.0032120 seconds
128.131: Application time: 0.0312430 seconds
128.133: [GC128.133: [ParNew: 37566K->4158K(37568K), 0.0022720 secs] 451034K->419060K(758420K), 0.0023150 secs] [Times: user=0.02 sys=0.00, real=0.01 secs] 
128.135: Total time for which application threads were stopped: 0.0039960 seconds, Stopping threads took: 0.0016070 seconds
128.168: Application time: 0.0324620 seconds
128.170: [GC128.170: [ParNew: 37566K->4158K(37568K), 0.0020150 secs] 452468K->419543K(758420K), 0.0020580 secs] [Times: user=0.01 sys=0.00, real=0.00 secs] 
128.172: Total time for which application threads were stopped: 0.0039670 seconds, Stopping threads took: 0.0018440 seconds
128.204: Application time: 0.0323050 seconds
128.207: [GC128.207: [ParNew: 37566K->4159K(37568K), 0.0025780 secs] 452951K->421940K(758420K), 0.0026220 secs] [Times: user=0.02 sys=0.00, real=0.00 secs] 
128.210: Total time for which application threads were stopped: 0.0058630 seconds, Stopping threads took: 0.0031750 seconds
128.241: Application time: 0.0309910 seconds
128.243: [GC128.243: [ParNew: 37566K->4159K(37568K), 0.0021260 secs] 455347K->422729K(758420K), 0.0021670 secs] [Times: user=0.01 sys=0.00, real=0.00 secs] 
128.245: Total time for which application threads were stopped: 0.0042670 seconds, Stopping threads took: 0.0020350 seconds
128.277: Application time: 0.0314560 seconds
128.278: [GC128.278: [ParNew: 37567K->4158K(37568K), 0.0024460 secs] 456137K->424396K(758420K), 0.0024890 secs] [Times: user=0.02 sys=0.00, real=0.00 secs] 
128.281: Total time for which application threads were stopped: 0.0040340 seconds, Stopping threads took: 0.0014820 seconds
128.312: Application time: 0.0309810 seconds
128.314: [GC128.314: [ParNew: 37566K->4158K(37568K), 0.0020330 secs] 457804K->424971K(758420K), 0.0020760 secs] [Times: user=0.02 sys=0.00, real=0.01 secs] 
128.316: Total time for which application threads were stopped: 0.0039930 seconds, Stopping threads took: 0.0018440 seconds
128.347: Application time: 0.0313290 seconds
128.350: [GC128.350: [ParNew: 37565K->4158K(37568K), 0.0025220 secs] 458377K->427033K(758420K), 0.0025670 secs] [Times: user=0.01 sys=0.00, real=0.00 secs] 
128.353: Total time for which application threads were stopped: 0.0058210 seconds, Stopping threads took: 0.0031880 seconds
128.384: Application time: 0.0306150 seconds
128.387: [GC128.387: [ParNew: 37566K->4159K(37568K), 0.0024750 secs] 460441K->429013K(758420K), 0.0025210 secs] [Times: user=0.02 sys=0.00, real=0.00 secs] 
128.389: Total time for which application threads were stopped: 0.0057060 seconds, Stopping threads took: 0.0031170 seconds
128.420: Application time: 0.0307580 seconds
128.423: [GC128.423: [ParNew: 37567K->4158K(37568K), 0.0027980 secs] 462421K->431928K(758420K), 0.0028390 secs] [Times: user=0.02 sys=0.00, real=0.00 secs] 
128.426: Total time for which application threads were stopped: 0.0056830 seconds, Stopping threads took: 0.0027790 seconds
128.457: Application time: 0.0309830 seconds
128.458: [GC128.458: [ParNew: 37566K->4158K(37568K), 0.0030320 secs] 465336K->435674K(758420K), 0.0030760 secs] [Times: user=0.02 sys=0.00, real=0.00 secs] 
128.461: Total time for which application threads were stopped: 0.0045280 seconds, Stopping threads took: 0.0013860 seconds
128.493: Application time: 0.0315860 seconds
128.494: [GC128.494: [ParNew: 37566K->4159K(37568K), 0.0030140 secs] 469082K->439372K(758420K), 0.0030580 secs] [Times: user=0.02 sys=0.00, real=0.01 secs] 
128.497: Total time for which application threads were stopped: 0.0043930 seconds, Stopping threads took: 0.0012690 seconds
128.529: Application time: 0.0317520 seconds
128.531: [GC128.531: [ParNew: 37567K->4158K(37568K), 0.0025220 secs] 472780K->441303K(758420K), 0.0025630 secs] [Times: user=0.01 sys=0.00, real=0.00 secs] 
128.534: Total time for which application threads were stopped: 0.0047960 seconds, Stopping threads took: 0.0021680 seconds
128.565: Application time: 0.0317120 seconds
128.568: [GC128.568: [ParNew: 37566K->4159K(37568K), 0.0029650 secs] 474711K->444623K(758420K), 0.0030080 secs] [Times: user=0.02 sys=0.00, real=0.00 secs] 
128.571: Total time for which application threads were stopped: 0.0058710 seconds, Stopping threads took: 0.0027980 seconds
128.600: Application time: 0.0287410 seconds
128.603: [GC128.603: [ParNew: 37567K->4159K(37568K), 0.0027860 secs] 478031K->447609K(758420K), 0.0028380 secs] [Times: user=0.02 sys=0.00, real=0.00 secs] 
128.606: Total time for which application threads were stopped: 0.0055540 seconds, Stopping threads took: 0.0026490 seconds
128.637: Application time: 0.0311250 seconds
128.638: [GC128.638: [ParNew: 37567K->4159K(37568K), 0.0024930 secs] 481017K->449486K(758420K), 0.0025360 secs] [Times: user=0.02 sys=0.00, real=0.00 secs] 
128.641: Total time for which application threads were stopped: 0.0040400 seconds, Stopping threads took: 0.0014370 seconds
128.672: Application time: 0.0311550 seconds
128.675: [GC128.675: [ParNew: 37567K->4159K(37568K), 0.0029980 secs] 482894K->453115K(758420K), 0.0030410 secs] [Times: user=0.03 sys=0.00, real=0.00 secs] 
128.678: Total time for which application threads were stopped: 0.0060620 seconds, Stopping threads took: 0.0029530 seconds
128.709: Application time: 0.0308340 seconds
128.711: [GC128.711: [ParNew: 37567K->4159K(37568K), 0.0026660 secs] 486523K->455545K(758420K), 0.0027090 secs] [Times: user=0.02 sys=0.00, real=0.00 secs] 
128.713: Total time for which application threads were stopped: 0.0045080 seconds, Stopping threads took: 0.0017320 seconds
128.744: Application time: 0.0310350 seconds
128.747: [GC128.747: [ParNew: 37567K->4158K(37568K), 0.0027090 secs] 488953K->458226K(758420K), 0.0027540 secs] [Times: user=0.02 sys=0.00, real=0.00 secs] 
128.750: Total time for which application threads were stopped: 0.0051160 seconds, Stopping threads took: 0.0022950 seconds
128.781: Application time: 0.0318490 seconds
128.783: [GC128.783: [ParNew: 37566K->4158K(37568K), 0.0025390 secs] 491634K->460370K(758420K), 0.0025830 secs] [Times: user=0.02 sys=0.00, real=0.00 secs] 
128.786: Total time for which application threads were stopped: 0.0042680 seconds, Stopping threads took: 0.0016180 seconds
128.816: Application time: 0.0304380 seconds
128.818: [GC128.818: [ParNew: 37565K->4158K(37568K), 0.0027960 secs] 493777K->463329K(758420K), 0.0028390 secs] [Times: user=0.02 sys=0.00, real=0.00 secs] 
128.821: Total time for which application threads were stopped: 0.0045980 seconds, Stopping threads took: 0.0016810 seconds
128.852: Application time: 0.0314450 seconds
128.854: [GC128.854: [ParNew: 37566K->4158K(37568K), 0.0026690 secs] 496737K->465839K(758420K), 0.0027140 secs] [Times: user=0.02 sys=0.00, real=0.01 secs] 
128.857: Total time for which application threads were stopped: 0.0045080 seconds, Stopping threads took: 0.0017260 seconds
128.890: Application time: 0.0330210 seconds
128.892: [GC128.892: [ParNew: 37566K->4159K(37568K), 0.0027660 secs] 499247K->468725K(758420K), 0.0028120 secs] [Times: user=0.02 sys=0.00, real=0.01 secs] 
128.895: Total time for which application threads were stopped: 0.0051860 seconds, Stopping threads took: 0.0023070 seconds
128.927: Application time: 0.0322060 seconds
128.930: [GC128.930: [ParNew: 37567K->4159K(37568K), 0.0020570 secs] 502133K->469409K(758420K), 0.0021020 secs] [Times: user=0.01 sys=0.00, real=0.00 secs] 
128.932: Total time for which application threads were stopped: 0.0049990 seconds, Stopping threads took: 0.0028370 seconds
128.963: Application time: 0.0312160 seconds
128.966: [GC128.966: [ParNew: 37567K->4159K(37568K), 0.0026380 secs] 502817K->472002K(758420K), 0.0026820 secs] [Times: user=0.02 sys=0.00, real=0.01 secs] 
128.969: Total time for which application threads were stopped: 0.0057900 seconds, Stopping threads took: 0.0030410 seconds
128.999: Application time: 0.0302720 seconds
129.001: [GC129.001: [ParNew: 37567K->4159K(37568K), 0.0026810 secs] 505410K->474476K(758420K), 0.0027360 secs] [Times: user=0.02 sys=0.00, real=0.00 secs] 
129.004: Total time for which application threads were stopped: 0.0046200 seconds, Stopping threads took: 0.0018170 seconds
129.035: Application time: 0.0311260 seconds
129.038: [GC129.038: [ParNew: 37567K->4158K(37568K), 0.0026490 secs] 507884K->476964K(758420K), 0.0026960 secs] [Times: user=0.02 sys=0.00, real=0.00 secs] 
129.040: Total time for which application threads were stopped: 0.0052070 seconds, Stopping threads took: 0.0024360 seconds
129.072: Application time: 0.0319460 seconds
129.074: [GC129.074: [ParNew: 37566K->4159K(37568K), 0.0021860 secs] 510372K->477856K(758420K), 0.0022300 secs] [Times: user=0.02 sys=0.00, real=0.01 secs] 
129.076: Total time for which application threads were stopped: 0.0038980 seconds, Stopping threads took: 0.0016000 seconds
129.108: Application time: 0.0315800 seconds
129.110: [GC129.110: [ParNew: 37567K->4159K(37568K), 0.0023070 secs] 511264K->479044K(758420K), 0.0023510 secs] [Times: user=0.01 sys=0.00, real=0.00 secs] 
129.112: Total time for which application threads were stopped: 0.0047530 seconds, Stopping threads took: 0.0023360 seconds
129.142: Application time: 0.0300100 seconds
129.145: [GC129.145: [ParNew: 37567K->4159K(37568K), 0.0028590 secs] 512452K->482016K(758420K), 0.0029040 secs] [Times: user=0.02 sys=0.00, real=0.01 secs] 
129.147: Total time for which application threads were stopped: 0.0049830 seconds, Stopping threads took: 0.0020100 seconds
129.179: Application time: 0.0317680 seconds
129.181: [GC129.182: [ParNew: 37567K->4159K(37568K), 0.0027230 secs] 515424K->484791K(758420K), 0.0027680 secs] [Times: user=0.02 sys=0.00, real=0.00 secs] 
129.184: Total time for which application threads were stopped: 0.0050260 seconds, Stopping threads took: 0.0021910 seconds
129.215: Application time: 0.0307830 seconds
129.217: [GC129.217: [ParNew: 37567K->4159K(37568K), 0.0030230 secs] 518199K->488420K(758420K), 0.0030670 secs] [Times: user=0.02 sys=0.00, real=0.00 secs] 
129.220: Total time for which application threads were stopped: 0.0047900 seconds, Stopping threads took: 0.0016560 seconds
129.251: Application time: 0.0310140 seconds
129.254: [GC129.254: [ParNew: 37567K->4158K(37568K), 0.0029520 secs] 521828K->491891K(758420K), 0.0029970 secs] [Times: user=0.02 sys=0.00, real=0.01 secs] 
129.257: Total time for which application threads were stopped: 0.0058810 seconds, Stopping threads took: 0.0028170 seconds
129.289: Application time: 0.0324440 seconds
129.292: [GC129.292: [ParNew: 37566K->4159K(37568K), 0.0027120 secs] 525299K->494253K(758420K), 0.0027560 secs] [Times: user=0.02 sys=0.00, real=0.01 secs] 
129.295: Total time for which application threads were stopped: 0.0059700 seconds, Stopping threads took: 0.0031480 seconds
129.324: Application time: 0.0286490 seconds
129.325: [GC129.325: [ParNew: 37566K->4158K(37568K), 0.0025150 secs] 527661K->496492K(758420K), 0.0025580 secs] [Times: user=0.02 sys=0.00, real=0.01 secs] 
129.328: Total time for which application threads were stopped: 0.0041430 seconds, Stopping threads took: 0.0015080 seconds
129.357: Application time: 0.0290050 seconds
129.359: [GC129.359: [ParNew: 37566K->4159K(37568K), 0.0028440 secs] 529900K->499649K(758420K), 0.0028890 secs] [Times: user=0.02 sys=0.00, real=0.00 secs] 
129.362: Total time for which application threads were stopped: 0.0048110 seconds, Stopping threads took: 0.0018550 seconds
129.392: Application time: 0.0304030 seconds
129.395: [GC129.395: [ParNew: 37567K->4158K(37568K), 0.0028130 secs] 533057K->502673K(758420K), 0.0028570 secs] [Times: user=0.02 sys=0.00, real=0.00 secs] 
129.398: Total time for which application threads were stopped: 0.0058500 seconds, Stopping threads took: 0.0029280 seconds
129.428: Application time: 0.0295570 seconds
129.431: [GC129.431: [ParNew: 37566K->4159K(37568K), 0.0025390 secs] 536081K->505130K(758420K), 0.0025810 secs] [Times: user=0.02 sys=0.00, real=0.00 secs] 
129.433: Total time for which application threads were stopped: 0.0057110 seconds, Stopping threads took: 0.0030740 seconds
129.462: Application time: 0.0289070 seconds
129.465: [GC129.465: [ParNew: 37567K->4159K(37568K), 0.0027620 secs] 538538K->507992K(758420K), 0.0028070 secs] [Times: user=0.02 sys=0.00, real=0.01 secs] 
129.468: Total time for which application threads were stopped: 0.0056990 seconds, Stopping threads took: 0.0028270 seconds
129.498: Application time: 0.0302480 seconds
129.500: [GC129.500: [ParNew: 37567K->4159K(37568K), 0.0027180 secs] 541400K->510755K(758420K), 0.0027720 secs] [Times: user=0.02 sys=0.00, real=0.00 secs] 
129.503: Total time for which application threads were stopped: 0.0050420 seconds, Stopping threads took: 0.0022050 seconds
129.533: Application time: 0.0297360 seconds
129.535: [GC129.535: [ParNew: 37567K->4159K(37568K), 0.0024000 secs] 544163K->512496K(758420K), 0.0024410 secs] [Times: user=0.02 sys=0.00, real=0.00 secs] 
129.538: Total time for which application threads were stopped: 0.0045500 seconds, Stopping threads took: 0.0020450 seconds
129.565: Application time: 0.0275650 seconds
129.568: [GC129.568: [ParNew: 37567K->4159K(37568K), 0.0030990 secs] 545904K->515048K(758420K), 0.0031410 secs] [Times: user=0.01 sys=0.00, real=0.00 secs] 
129.571: Total time for which application threads were stopped: 0.0059040 seconds, Stopping threads took: 0.0026960 seconds
129.603: Application time: 0.0320860 seconds
129.606: [GC129.606: [ParNew: 37566K->4159K(37568K), 0.0024700 secs] 548454K->516928K(758420K), 0.0025160 secs] [Times: user=0.02 sys=0.00, real=0.01 secs] 
129.608: Total time for which application threads were stopped: 0.0051110 seconds, Stopping threads took: 0.0025300 seconds
129.637: Application time: 0.0287850 seconds
129.639: [GC129.639: [ParNew: 37567K->4159K(37568K), 0.0025990 secs] 550336K->519196K(758420K), 0.0026400 secs] [Times: user=0.02 sys=0.00, real=0.00 secs] 
129.642: Total time for which application threads were stopped: 0.0051330 seconds, Stopping threads took: 0.0024280 seconds
129.671: Application time: 0.0285720 seconds
129.672: [GC129.672: [ParNew: 37567K->4159K(37568K), 0.0026870 secs] 552604K->521902K(758420K), 0.0027300 secs] [Times: user=0.02 sys=0.00, real=0.01 secs] 
129.675: Total time for which application threads were stopped: 0.0040870 seconds, Stopping threads took: 0.0012930 seconds
129.704: Application time: 0.0295600 seconds
129.706: [GC129.706: [ParNew: 37566K->4159K(37568K), 0.0022970 secs] 555308K->523411K(758420K), 0.0023390 secs] [Times: user=0.02 sys=0.00, real=0.01 secs] 
129.708: Total time for which application threads were stopped: 0.0038700 seconds, Stopping threads took: 0.0014640 seconds
129.737: Application time: 0.0283790 seconds
129.739: [GC129.740: [ParNew: 37566K->4158K(37568K), 0.0024140 secs] 556817K->525323K(758420K), 0.0024580 secs] [Times: user=0.01 sys=0.00, real=0.00 secs] 
129.742: Total time for which application threads were stopped: 0.0054030 seconds, Stopping threads took: 0.0028780 seconds
129.772: Application time: 0.0301400 seconds
129.774: [GC129.774: [ParNew: 37566K->4158K(37568K), 0.0023520 secs] 558731K->526995K(758420K), 0.0023960 secs] [Times: user=0.02 sys=0.00, real=0.01 secs] 
129.777: Total time for which application threads were stopped: 0.0044460 seconds, Stopping threads took: 0.0019840 seconds
129.806: Application time: 0.0293040 seconds
129.808: [GC129.808: [ParNew: 37566K->4159K(37568K), 0.0030720 secs] 560403K->530650K(758420K), 0.0031150 secs] [Times: user=0.02 sys=0.01, real=0.00 secs] 
129.811: Total time for which application threads were stopped: 0.0050580 seconds, Stopping threads took: 0.0018780 seconds
129.839: Application time: 0.0279990 seconds
129.841: [GC129.841: [ParNew: 37567K->4158K(37568K), 0.0029810 secs] 564058K->534171K(758420K), 0.0030240 secs] [Times: user=0.02 sys=0.00, real=0.00 secs] 
129.844: Total time for which application threads were stopped: 0.0053210 seconds, Stopping threads took: 0.0022240 seconds
129.873: Application time: 0.0290460 seconds
129.875: [GC129.875: [ParNew: 37566K->4159K(37568K), 0.0022540 secs] 567579K->535554K(758420K), 0.0022980 secs] [Times: user=0.01 sys=0.00, real=0.00 secs] 
129.878: Total time for which application threads were stopped: 0.0042750 seconds, Stopping threads took: 0.0019010 seconds
129.908: Application time: 0.0300420 seconds
129.910: [GC129.910: [ParNew: 37567K->4158K(37568K), 0.0026490 secs] 568962K->537825K(758420K), 0.0026920 secs] [Times: user=0.02 sys=0.00, real=0.00 secs] 
129.912: Total time for which application threads were stopped: 0.0047280 seconds, Stopping threads took: 0.0019730 seconds
129.942: Application time: 0.0298750 seconds
129.944: [GC129.944: [ParNew: 37565K->4158K(37568K), 0.0026760 secs] 571232K->540098K(758420K), 0.0027260 secs] [Times: user=0.02 sys=0.00, real=0.00 secs] 
129.946: Total time for which application threads were stopped: 0.0040710 seconds, Stopping threads took: 0.0012810 seconds
129.975: Application time: 0.0290640 seconds
129.977: [GC129.977: [ParNew: 37566K->4159K(37568K), 0.0024050 secs] 573506K->541751K(758420K), 0.0024480 secs] [Times: user=0.02 sys=0.00, real=0.00 secs] 
129.979: Total time for which application threads were stopped: 0.0040370 seconds, Stopping threads took: 0.0015230 seconds
130.009: Application time: 0.0298850 seconds
130.012: [GC130.012: [ParNew: 37567K->4159K(37568K), 0.0027930 secs] 575159K->544746K(758420K), 0.0028370 secs] [Times: user=0.02 sys=0.00, real=0.01 secs] 
130.015: Total time for which application threads were stopped: 0.0054310 seconds, Stopping threads took: 0.0025310 seconds
130.044: Application time: 0.0289660 seconds
130.045: [GC130.045: [ParNew: 37567K->4159K(37568K), 0.0025300 secs] 578154K->546713K(758420K), 0.0025720 secs] [Times: user=0.01 sys=0.00, real=0.01 secs] 
130.048: Total time for which application threads were stopped: 0.0040800 seconds, Stopping threads took: 0.0014430 seconds
130.078: Application time: 0.0299320 seconds
130.079: [GC130.079: [ParNew: 37567K->4159K(37568K), 0.0023290 secs] 580121K->548198K(758420K), 0.0023750 secs] [Times: user=0.02 sys=0.00, real=0.00 secs] 
130.082: Total time for which application threads were stopped: 0.0041220 seconds, Stopping threads took: 0.0016810 seconds
130.111: Application time: 0.0291390 seconds
130.113: [GC130.113: [ParNew: 37567K->4159K(37568K), 0.0021920 secs] 581606K->549118K(758420K), 0.0022390 secs] [Times: user=0.02 sys=0.00, real=0.01 secs] 
130.115: Total time for which application threads were stopped: 0.0037760 seconds, Stopping threads took: 0.0014720 seconds
130.145: Application time: 0.0302720 seconds
130.147: [GC130.147: [ParNew: 37565K->4159K(37568K), 0.0024110 secs] 582524K->550797K(758420K), 0.0024530 secs] [Times: user=0.02 sys=0.00, real=0.00 secs] 
130.150: Total time for which application threads were stopped: 0.0046500 seconds, Stopping threads took: 0.0021320 seconds
130.178: Application time: 0.0280780 seconds
130.180: [GC130.180: [ParNew: 37567K->4159K(37568K), 0.0028010 secs] 584205K->553822K(758420K), 0.0028430 secs] [Times: user=0.02 sys=0.01, real=0.00 secs] 
130.183: Total time for which application threads were stopped: 0.0047980 seconds, Stopping threads took: 0.0018960 seconds
130.211: Application time: 0.0289110 seconds
130.214: [GC130.214: [ParNew: 37567K->4158K(37568K), 0.0025910 secs] 587230K->556265K(758420K), 0.0026330 secs] [Times: user=0.02 sys=0.00, real=0.01 secs] 
130.217: Total time for which application threads were stopped: 0.0053790 seconds, Stopping threads took: 0.0026830 seconds
130.247: Application time: 0.0300040 seconds
130.249: [GC130.249: [ParNew: 37566K->4159K(37568K), 0.0028720 secs] 589673K->558952K(758420K), 0.0029150 secs] [Times: user=0.02 sys=0.00, real=0.00 secs] 
130.252: Total time for which application threads were stopped: 0.0051180 seconds, Stopping threads took: 0.0021360 seconds
130.280: Application time: 0.0284060 seconds
130.282: [GC130.282: [ParNew: 37567K->4158K(37568K), 0.0027940 secs] 592360K->561944K(758420K), 0.0028390 secs] [Times: user=0.02 sys=0.00, real=0.00 secs] 
130.285: Total time for which application threads were stopped: 0.0045090 seconds, Stopping threads took: 0.0016080 seconds
130.315: Application time: 0.0299640 seconds
130.317: [GC130.317: [ParNew: 37566K->4159K(37568K), 0.0022280 secs] 595352K->562884K(758420K), 0.0022720 secs] [Times: user=0.01 sys=0.00, real=0.00 secs] 
130.319: Total time for which application threads were stopped: 0.0044250 seconds, Stopping threads took: 0.0020870 seconds
130.348: Application time: 0.0289800 seconds
130.350: [GC130.350: [ParNew: 37567K->4158K(37568K), 0.0028410 secs] 596292K->565687K(758420K), 0.0028840 secs] [Times: user=0.02 sys=0.00, real=0.00 secs] 
130.353: Total time for which application threads were stopped: 0.0047670 seconds, Stopping threads took: 0.0017880 seconds
130.381: Application time: 0.0282550 seconds
130.383: [GC130.383: [ParNew: 37566K->4158K(37568K), 0.0031840 secs] 599095K->569386K(758420K), 0.0032290 secs] [Times: user=0.02 sys=0.00, real=0.00 secs] 
130.386: Total time for which application threads were stopped: 0.0048440 seconds, Stopping threads took: 0.0015410 seconds
130.417: Application time: 0.0311840 seconds
130.420: [GC130.420: [ParNew: 37565K->4159K(37568K), 0.0027800 secs] 602793K->571959K(758420K), 0.0028260 secs] [Times: user=0.02 sys=0.00, real=0.00 secs] 
130.423: Total time for which application threads were stopped: 0.0056500 seconds, Stopping threads took: 0.0027580 seconds
130.452: Application time: 0.0286150 seconds
130.454: [GC130.454: [ParNew: 37567K->4158K(37568K), 0.0029340 secs] 605367K->575382K(758420K), 0.0029770 secs] [Times: user=0.02 sys=0.00, real=0.01 secs] 
130.457: Total time for which application threads were stopped: 0.0051690 seconds, Stopping threads took: 0.0021240 seconds
130.487: Application time: 0.0298940 seconds
130.490: [GC130.490: [ParNew: 37566K->4158K(37568K), 0.0026790 secs] 608790K->577839K(758420K), 0.0027200 secs] [Times: user=0.01 sys=0.00, real=0.00 secs] 
130.492: Total time for which application threads were stopped: 0.0056140 seconds, Stopping threads took: 0.0028280 seconds
130.521: Application time: 0.0285830 seconds
130.523: [GC130.523: [ParNew: 37565K->4159K(37568K), 0.0027740 secs] 611246K->580663K(758420K), 0.0028170 secs] [Times: user=0.02 sys=0.00, real=0.00 secs] 
130.525: Total time for which application threads were stopped: 0.0046080 seconds, Stopping threads took: 0.0017260 seconds
130.555: Application time: 0.0292460 seconds
130.556: [GC130.556: [ParNew: 37566K->4158K(37568K), 0.0025370 secs] 614071K->582774K(758420K), 0.0025810 secs] [Times: user=0.02 sys=0.00, real=0.00 secs] 
130.559: Total time for which application threads were stopped: 0.0041900 seconds, Stopping threads took: 0.0015450 seconds
130.588: Application time: 0.0292190 seconds
130.590: [GC130.590: [ParNew: 37566K->4158K(37568K), 0.0025590 secs] 616182K->584808K(758420K), 0.0026000 secs] [Times: user=0.02 sys=0.00, real=0.00 secs] 
130.592: Total time for which application threads were stopped: 0.0043370 seconds, Stopping threads took: 0.0016730 seconds
130.622: Application time: 0.0295710 seconds
130.624: [GC130.624: [ParNew: 37566K->4159K(37568K), 0.0021120 secs] 618216K->585725K(758420K), 0.0021530 secs] [Times: user=0.01 sys=0.00, real=0.00 secs] 
130.626: Total time for which application threads were stopped: 0.0037160 seconds, Stopping threads took: 0.0014980 seconds
130.655: Application time: 0.0294650 seconds
130.657: [GC130.657: [ParNew: 37567K->4158K(37568K), 0.0027520 secs] 619133K->588522K(758420K), 0.0027950 secs] [Times: user=0.03 sys=0.00, real=0.00 secs] 
130.660: Total time for which application threads were stopped: 0.0044070 seconds, Stopping threads took: 0.0015460 seconds
130.689: Application time: 0.0297500 seconds
130.691: [GC130.691: [ParNew: 37566K->4158K(37568K), 0.0026900 secs] 621930K->591155K(758420K), 0.0027360 secs] [Times: user=0.02 sys=0.00, real=0.00 secs] 
130.694: Total time for which application threads were stopped: 0.0045000 seconds, Stopping threads took: 0.0016980 seconds
130.723: Application time: 0.0286140 seconds
130.725: [GC130.725: [ParNew: 37566K->4159K(37568K), 0.0027080 secs] 624562K->593651K(758420K), 0.0027510 secs] [Times: user=0.02 sys=0.00, real=0.01 secs] 
130.727: Total time for which application threads were stopped: 0.0049260 seconds, Stopping threads took: 0.0021090 seconds
130.757: Application time: 0.0292800 seconds
130.759: [GC130.759: [ParNew: 37567K->4159K(37568K), 0.0023570 secs] 627059K->595236K(758420K), 0.0023970 secs] [Times: user=0.02 sys=0.00, real=0.00 secs] 
130.761: Total time for which application threads were stopped: 0.0046950 seconds, Stopping threads took: 0.0022350 seconds
130.792: Application time: 0.0301890 seconds
130.794: [GC130.794: [ParNew: 37567K->4159K(37568K), 0.0022520 secs] 628644K->596253K(758420K), 0.0023040 secs] [Times: user=0.02 sys=0.00, real=0.01 secs] 
130.796: Total time for which application threads were stopped: 0.0044600 seconds, Stopping threads took: 0.0020890 seconds
130.826: Application time: 0.0296170 seconds
130.828: [GC130.828: [ParNew: 37567K->4158K(37568K), 0.0024820 secs] 629661K->597999K(758420K), 0.0025230 secs] [Times: user=0.02 sys=0.00, real=0.00 secs] 
130.830: Total time for which application threads were stopped: 0.0045640 seconds, Stopping threads took: 0.0019790 seconds
130.860: Application time: 0.0292600 seconds
130.862: [GC130.862: [ParNew: 37566K->4159K(37568K), 0.0025470 secs] 631407K->600011K(758420K), 0.0025910 secs] [Times: user=0.02 sys=0.00, real=0.00 secs] 
130.864: Total time for which application threads were stopped: 0.0048680 seconds, Stopping threads took: 0.0022020 seconds
130.894: Application time: 0.0296500 seconds
130.897: [GC130.897: [ParNew: 37567K->4158K(37568K), 0.0027100 secs] 633419K->602407K(758420K), 0.0027500 secs] [Times: user=0.02 sys=0.00, real=0.00 secs] 
130.899: Total time for which application threads were stopped: 0.0053350 seconds, Stopping threads took: 0.0025210 seconds
130.929: Application time: 0.0301020 seconds
130.931: [GC130.931: [ParNew: 37566K->4159K(37568K), 0.0019510 secs] 635815K->602609K(758420K), 0.0019930 secs] [Times: user=0.01 sys=0.00, real=0.00 secs] 
130.933: Total time for which application threads were stopped: 0.0038280 seconds, Stopping threads took: 0.0017700 seconds
130.962: Application time: 0.0287890 seconds
130.964: [GC130.964: [ParNew: 37567K->4159K(37568K), 0.0027620 secs] 636017K->605173K(758420K), 0.0028070 secs] [Times: user=0.02 sys=0.00, real=0.01 secs] 
130.967: Total time for which application threads were stopped: 0.0050910 seconds, Stopping threads took: 0.0022200 seconds
130.996: Application time: 0.0290410 seconds
130.998: [GC130.998: [ParNew: 37567K->4158K(37568K), 0.0026700 secs] 638581K->607631K(758420K), 0.0027160 secs] [Times: user=0.02 sys=0.00, real=0.00 secs] 
131.001: Total time for which application threads were stopped: 0.0049050 seconds, Stopping threads took: 0.0021230 seconds
131.030: Application time: 0.0290950 seconds
131.032: [GC131.032: [ParNew: 37566K->4159K(37568K), 0.0023060 secs] 641039K->609069K(758420K), 0.0023490 secs] [Times: user=0.02 sys=0.00, real=0.00 secs] 
131.034: Total time for which application threads were stopped: 0.0040120 seconds, Stopping threads took: 0.0015950 seconds
131.064: Application time: 0.0296380 seconds
131.065: [GC131.065: [ParNew: 37567K->4158K(37568K), 0.0023100 secs] 642477K->610420K(758420K), 0.0023520 secs] [Times: user=0.02 sys=0.00, real=0.01 secs] 
131.068: Total time for which application threads were stopped: 0.0039190 seconds, Stopping threads took: 0.0015010 seconds
131.098: Application time: 0.0299260 seconds
131.099: [GC131.099: [ParNew: 37566K->4159K(37568K), 0.0024520 secs] 643828K->612209K(758420K), 0.0024950 secs] [Times: user=0.02 sys=0.00, real=0.00 secs] 
131.102: Total time for which application threads were stopped: 0.0040550 seconds, Stopping threads took: 0.0014920 seconds
131.132: Application time: 0.0300070 seconds
131.134: [GC131.134: [ParNew: 37567K->4158K(37568K), 0.0023900 secs] 645617K->613841K(758420K), 0.0024350 secs] [Times: user=0.02 sys=0.00, real=0.01 secs] 
131.136: Total time for which application threads were stopped: 0.0043300 seconds, Stopping threads took: 0.0018290 seconds
131.165: Application time: 0.0284310 seconds
131.167: [GC131.167: [ParNew: 37566K->4158K(37568K), 0.0027220 secs] 647249K->616804K(758420K), 0.0027670 secs] [Times: user=0.02 sys=0.00, real=0.00 secs] 
131.170: Total time for which application threads were stopped: 0.0056090 seconds, Stopping threads took: 0.0027770 seconds
131.200: Application time: 0.0293160 seconds
131.201: [GC131.201: [ParNew: 37566K->4159K(37568K), 0.0025220 secs] 650212K->618722K(758420K), 0.0025760 secs] [Times: user=0.02 sys=0.00, real=0.00 secs] 
131.204: Total time for which application threads were stopped: 0.0042510 seconds, Stopping threads took: 0.0016090 seconds
131.233: Application time: 0.0297270 seconds
131.236: [GC131.236: [ParNew: 37565K->4158K(37568K), 0.0024790 secs] 652128K->620540K(758420K), 0.0025240 secs] [Times: user=0.02 sys=0.01, real=0.00 secs] 
131.239: Total time for which application threads were stopped: 0.0052390 seconds, Stopping threads took: 0.0026550 seconds
131.268: Application time: 0.0296510 seconds
131.270: [GC131.270: [ParNew: 37566K->4158K(37568K), 0.0027710 secs] 653948K->623180K(758420K), 0.0028190 secs] [Times: user=0.02 sys=0.00, real=0.00 secs] 
131.273: Total time for which application threads were stopped: 0.0044590 seconds, Stopping threads took: 0.0015730 seconds
131.302: Application time: 0.0295370 seconds
131.305: [GC131.305: [ParNew: 37566K->4159K(37568K), 0.0023810 secs] 656588K->624759K(758420K), 0.0024230 secs] [Times: user=0.02 sys=0.00, real=0.01 secs] 
131.307: Total time for which application threads were stopped: 0.0046960 seconds, Stopping threads took: 0.0021870 seconds
131.337: Application time: 0.0296420 seconds
131.338: [GC131.338: [ParNew: 37567K->4159K(37568K), 0.0024540 secs] 658167K->626732K(758420K), 0.0024980 secs] [Times: user=0.02 sys=0.00, real=0.00 secs] 
131.341: Total time for which application threads were stopped: 0.0041350 seconds, Stopping threads took: 0.0015720 seconds
131.370: Application time: 0.0289080 seconds
131.372: [GC131.372: [ParNew: 37567K->4158K(37568K), 0.0028340 secs] 660140K->629671K(758420K), 0.0028760 secs] [Times: user=0.02 sys=0.00, real=0.01 secs] 
131.375: Total time for which application threads were stopped: 0.0053810 seconds, Stopping threads took: 0.0024340 seconds
131.405: Application time: 0.0295400 seconds
131.408: [GC131.408: [ParNew: 37566K->4158K(37568K), 0.0028670 secs] 663079K->632913K(758420K), 0.0029090 secs] [Times: user=0.02 sys=0.00, real=0.00 secs] 
131.411: Total time for which application threads were stopped: 0.0060790 seconds, Stopping threads took: 0.0031070 seconds
131.441: Application time: 0.0298270 seconds
131.442: [GC131.442: [ParNew: 37566K->4158K(37568K), 0.0023060 secs] 666321K->634102K(758420K), 0.0023470 secs] [Times: user=0.02 sys=0.00, real=0.00 secs] 
131.444: Total time for which application threads were stopped: 0.0038010 seconds, Stopping threads took: 0.0013880 seconds
131.473: Application time: 0.0284000 seconds
131.475: [GC131.475: [ParNew: 37566K->4159K(37568K), 0.0023250 secs] 667510K->635718K(758420K), 0.0023700 secs] [Times: user=0.02 sys=0.00, real=0.00 secs] 
131.477: Total time for which application threads were stopped: 0.0043210 seconds, Stopping threads took: 0.0018860 seconds
131.506: Application time: 0.0290950 seconds
131.508: [GC131.508: [ParNew: 37566K->4159K(37568K), 0.0023890 secs] 669125K->637320K(758420K), 0.0024320 secs] [Times: user=0.02 sys=0.00, real=0.00 secs] 
131.510: Total time for which application threads were stopped: 0.0040750 seconds, Stopping threads took: 0.0015780 seconds
131.540: Application time: 0.0292760 seconds
131.541: [GC131.541: [ParNew: 37567K->4158K(37568K), 0.0023080 secs] 670728K->638404K(758420K), 0.0023500 secs] [Times: user=0.01 sys=0.00, real=0.00 secs] 
131.543: Total time for which application threads were stopped: 0.0038120 seconds, Stopping threads took: 0.0013990 seconds
131.573: Application time: 0.0291080 seconds
131.575: [GC131.575: [ParNew: 37566K->4158K(37568K), 0.0026590 secs] 671812K->640851K(758420K), 0.0027020 secs] [Times: user=0.02 sys=0.00, real=0.00 secs] 
131.578: Total time for which application threads were stopped: 0.0050970 seconds, Stopping threads took: 0.0023280 seconds
131.607: Application time: 0.0290880 seconds
131.608: [GC131.608: [ParNew: 37566K->4158K(37568K), 0.0024810 secs] 674259K->642688K(758420K), 0.0025260 secs] [Times: user=0.02 sys=0.00, real=0.00 secs] 
131.611: Total time for which application threads were stopped: 0.0039640 seconds, Stopping threads took: 0.0013510 seconds
131.640: Application time: 0.0293930 seconds
131.642: [GC131.642: [ParNew: 37566K->4158K(37568K), 0.0029300 secs] 676096K->645394K(758420K), 0.0029850 secs] [Times: user=0.02 sys=0.00, real=0.00 secs] 
131.645: Total time for which application threads were stopped: 0.0051560 seconds, Stopping threads took: 0.0021060 seconds
131.674: Application time: 0.0291660 seconds
131.676: [GC131.676: [ParNew: 37566K->4159K(37568K), 0.0029070 secs] 678802K->647967K(758420K), 0.0029520 secs] [Times: user=0.02 sys=0.00, real=0.00 secs] 
131.679: Total time for which application threads were stopped: 0.0045030 seconds, Stopping threads took: 0.0014640 seconds
131.709: Application time: 0.0298010 seconds
131.711: [GC131.711: [ParNew: 37567K->4158K(37568K), 0.0025260 secs] 681375K->649427K(758420K), 0.0025720 secs] [Times: user=0.01 sys=0.00, real=0.00 secs] 
131.714: Total time for which application threads were stopped: 0.0050800 seconds, Stopping threads took: 0.0024200 seconds
 CMS: abort preclean due to time 131.716: [CMS-concurrent-abortable-preclean: 0.690/5.010 secs] [Times: user=37.52 sys=0.17, real=5.02 secs] 
131.716: Application time: 0.0025930 seconds
131.718: [GC[YG occupancy: 8749 K (37568 K)]131.718: [Rescan (parallel) , 0.0003970 secs]131.718: [weak refs processing, 0.0000070 secs]131.718: [scrub string table, 0.0001130 secs] [1 CMS-remark: 645269K(720852K)] 654018K(758420K), 0.0005460 secs] [Times: user=0.00 sys=0.00, real=0.00 secs] 
131.719: Total time for which application threads were stopped: 0.0022430 seconds, Stopping threads took: 0.0016680 seconds
131.719: [CMS-concurrent-sweep-start]
131.746: Application time: 0.0277170 seconds
131.749: [GC131.749: [ParNew: 37566K->4158K(37568K), 0.0028690 secs] 423292K->393294K(758420K), 0.0029110 secs] [Times: user=0.03 sys=0.00, real=0.00 secs] 
131.752: Total time for which application threads were stopped: 0.0052970 seconds, Stopping threads took: 0.0023240 seconds
131.758: [CMS-concurrent-sweep: 0.034/0.039 secs] [Times: user=0.28 sys=0.01, real=0.04 secs] 
131.758: [CMS-concurrent-reset-start]
131.761: [CMS-concurrent-reset: 0.003/0.003 secs] [Times: user=0.03 sys=0.00, real=0.00 secs] 
131.782: Application time: 0.0307310 seconds
131.784: [GC131.784: [ParNew: 37566K->4159K(37568K), 0.0025970 secs] 366873K->335752K(758420K), 0.0026420 secs] [Times: user=0.02 sys=0.00, real=0.01 secs] 
131.787: Total time for which application threads were stopped: 0.0046630 seconds, Stopping threads took: 0.0019570 seconds
131.787: Application time: 0.0001620 seconds
131.790: [GC [1 CMS-initial-mark: 331593K(720852K)] 337093K(758420K), 0.0001860 secs] [Times: user=0.00 sys=0.00, real=0.00 secs] 
131.790: Total time for which application threads were stopped: 0.0026660 seconds, Stopping threads took: 0.0024590 seconds
131.790: [CMS-concurrent-mark-start]
131.801: [CMS-concurrent-mark: 0.011/0.011 secs] [Times: user=0.07 sys=0.00, real=0.01 secs] 
131.801: [CMS-concurrent-preclean-start]
131.802: [CMS-concurrent-preclean: 0.001/0.001 secs] [Times: user=0.00 sys=0.00, real=0.00 secs] 
131.802: [CMS-concurrent-abortable-preclean-start]
131.820: Application time: 0.0305150 seconds
131.822: [GC131.822: [ParNew: 37567K->4158K(37568K), 0.0020550 secs] 369160K->335907K(758420K), 0.0020980 secs] [Times: user=0.01 sys=0.00, real=0.00 secs] 
131.824: Total time for which application threads were stopped: 0.0038520 seconds, Stopping threads took: 0.0016660 seconds
131.853: Application time: 0.0289560 seconds
131.856: [GC131.856: [ParNew: 37566K->4159K(37568K), 0.0028610 secs] 369315K->338932K(758420K), 0.0029070 secs] [Times: user=0.00 sys=0.01, real=0.00 secs] 
131.859: Total time for which application threads were stopped: 0.0055500 seconds, Stopping threads took: 0.0025780 seconds
131.889: Application time: 0.0301010 seconds
131.891: [GC131.891: [ParNew: 37567K->4158K(37568K), 0.0025660 secs] 372340K->341310K(758420K), 0.0026100 secs] [Times: user=0.02 sys=0.00, real=0.00 secs] 
131.893: Total time for which application threads were stopped: 0.0044090 seconds, Stopping threads took: 0.0017230 seconds
131.923: Application time: 0.0294320 seconds
131.924: [GC131.924: [ParNew: 37566K->4158K(37568K), 0.0029780 secs] 374718K->344945K(758420K), 0.0030300 secs] [Times: user=0.02 sys=0.00, real=0.01 secs] 
131.927: Total time for which application threads were stopped: 0.0047030 seconds, Stopping threads took: 0.0016060 seconds
131.958: Application time: 0.0301550 seconds
131.960: [GC131.960: [ParNew: 37566K->4158K(37568K), 0.0028450 secs] 378353K->348283K(758420K), 0.0028880 secs] [Times: user=0.01 sys=0.01, real=0.00 secs] 
131.963: Total time for which application threads were stopped: 0.0051750 seconds, Stopping threads took: 0.0022230 seconds
131.993: Application time: 0.0305990 seconds
131.996: [GC131.996: [ParNew: 37566K->4159K(37568K), 0.0025040 secs] 381691K->350535K(758420K), 0.0025490 secs] [Times: user=0.02 sys=0.00, real=0.00 secs] 
131.999: Total time for which application threads were stopped: 0.0053160 seconds, Stopping threads took: 0.0027030 seconds
132.029: Application time: 0.0299430 seconds
132.031: [GC132.031: [ParNew: 37567K->4159K(37568K), 0.0025250 secs] 383943K->352726K(758420K), 0.0025710 secs] [Times: user=0.02 sys=0.00, real=0.00 secs] 
132.034: Total time for which application threads were stopped: 0.0051340 seconds, Stopping threads took: 0.0024780 seconds
132.063: Application time: 0.0291370 seconds
132.064: [GC132.064: [ParNew: 37567K->4158K(37568K), 0.0028040 secs] 386134K->355887K(758420K), 0.0028470 secs] [Times: user=0.02 sys=0.00, real=0.01 secs] 
132.067: Total time for which application threads were stopped: 0.0044280 seconds, Stopping threads took: 0.0015150 seconds
132.100: Application time: 0.0326360 seconds
132.102: [GC132.102: [ParNew: 37566K->4159K(37568K), 0.0027770 secs] 389295K->358907K(758420K), 0.0028210 secs] [Times: user=0.02 sys=0.00, real=0.00 secs] 
132.104: Total time for which application threads were stopped: 0.0044080 seconds, Stopping threads took: 0.0015230 seconds
132.134: Application time: 0.0292360 seconds
132.135: [GC132.135: [ParNew: 37567K->4159K(37568K), 0.0027110 secs] 392315K->361780K(758420K), 0.0027530 secs] [Times: user=0.02 sys=0.00, real=0.00 secs] 
132.138: Total time for which application threads were stopped: 0.0042140 seconds, Stopping threads took: 0.0013970 seconds
132.168: Application time: 0.0300260 seconds
132.169: [GC132.169: [ParNew: 37567K->4056K(37568K), 0.0018340 secs] 395188K->361701K(758420K), 0.0018740 secs] [Times: user=0.01 sys=0.00, real=0.00 secs] 
132.171: Total time for which application threads were stopped: 0.0027420 seconds, Stopping threads took: 0.0008030 seconds
132.201: Application time: 0.0304500 seconds
132.202: [GC132.202: [ParNew: 37463K->4158K(37568K), 0.0021560 secs] 395108K->362106K(758420K), 0.0022000 secs] [Times: user=0.01 sys=0.00, real=0.00 secs] 
132.205: Total time for which application threads were stopped: 0.0036000 seconds, Stopping threads took: 0.0013340 seconds
132.235: Application time: 0.0303670 seconds
132.237: [GC132.237: [ParNew: 37566K->4158K(37568K), 0.0020420 secs] 395514K->362280K(758420K), 0.0020810 secs] [Times: user=0.01 sys=0.00, real=0.00 secs] 
132.239: Total time for which application threads were stopped: 0.0041410 seconds, Stopping threads took: 0.0019970 seconds
132.268: Application time: 0.0288020 seconds
132.270: [GC132.270: [ParNew: 37566K->4158K(37568K), 0.0023280 secs] 395688K->363491K(758420K), 0.0023730 secs] [Times: user=0.02 sys=0.00, real=0.00 secs] 
132.272: Total time for which application threads were stopped: 0.0041320 seconds, Stopping threads took: 0.0016720 seconds
132.300: Application time: 0.0278060 seconds
132.302: [GC132.302: [ParNew: 37566K->4158K(37568K), 0.0029160 secs] 396899K->366976K(758420K), 0.0029630 secs] [Times: user=0.02 sys=0.00, real=0.00 secs] 
132.305: Total time for which application threads were stopped: 0.0053680 seconds, Stopping threads took: 0.0023400 seconds
132.335: Application time: 0.0297690 seconds
132.337: [GC132.337: [ParNew: 37566K->4158K(37568K), 0.0025590 secs] 400384K->369284K(758420K), 0.0026020 secs] [Times: user=0.02 sys=0.00, real=0.00 secs] 
132.340: Total time for which application threads were stopped: 0.0048010 seconds, Stopping threads took: 0.0021260 seconds
132.369: Application time: 0.0290850 seconds
132.371: [GC132.371: [ParNew: 37565K->4158K(37568K), 0.0027700 secs] 402691K->372310K(758420K), 0.0028120 secs] [Times: user=0.02 sys=0.00, real=0.00 secs] 
132.374: Total time for which application threads were stopped: 0.0052570 seconds, Stopping threads took: 0.0023800 seconds
132.402: Application time: 0.0279400 seconds
132.404: [GC132.404: [ParNew: 37566K->4159K(37568K), 0.0030620 secs] 405717K->376112K(758420K), 0.0031060 secs] [Times: user=0.02 sys=0.00, real=0.01 secs] 
132.407: Total time for which application threads were stopped: 0.0051030 seconds, Stopping threads took: 0.0019240 seconds
132.437: Application time: 0.0300210 seconds
132.439: [GC132.439: [ParNew: 37567K->4158K(37568K), 0.0023820 secs] 409520K->377672K(758420K), 0.0024270 secs] [Times: user=0.02 sys=0.00, real=0.00 secs] 
132.442: Total time for which application threads were stopped: 0.0044060 seconds, Stopping threads took: 0.0019140 seconds
132.471: Application time: 0.0291020 seconds
132.472: [GC132.472: [ParNew: 37566K->4158K(37568K), 0.0026760 secs] 411080K->380109K(758420K), 0.0027170 secs] [Times: user=0.02 sys=0.00, real=0.01 secs] 
132.475: Total time for which application threads were stopped: 0.0042330 seconds, Stopping threads took: 0.0014500 seconds
132.504: Application time: 0.0289300 seconds
132.505: [GC132.505: [ParNew: 37566K->4158K(37568K), 0.0027300 secs] 413517K->382873K(758420K), 0.0027720 secs] [Times: user=0.02 sys=0.00, real=0.01 secs] 
132.508: Total time for which application threads were stopped: 0.0042440 seconds, Stopping threads took: 0.0014060 seconds
132.537: Application time: 0.0288600 seconds
132.540: [GC132.540: [ParNew: 37566K->4158K(37568K), 0.0026790 secs] 416281K->385413K(758420K), 0.0027280 secs] [Times: user=0.01 sys=0.01, real=0.00 secs] 
132.543: Total time for which application threads were stopped: 0.0055830 seconds, Stopping threads took: 0.0027970 seconds
132.572: Application time: 0.0294360 seconds
132.574: [GC132.574: [ParNew: 37566K->4158K(37568K), 0.0023790 secs] 418821K->387323K(758420K), 0.0024240 secs] [Times: user=0.02 sys=0.00, real=0.01 secs] 
132.577: Total time for which application threads were stopped: 0.0044770 seconds, Stopping threads took: 0.0019880 seconds
132.604: Application time: 0.0276950 seconds
132.606: [GC132.606: [ParNew: 37566K->4158K(37568K), 0.0026860 secs] 420731K->390089K(758420K), 0.0027270 secs] [Times: user=0.02 sys=0.00, real=0.01 secs] 
132.609: Total time for which application threads were stopped: 0.0046980 seconds, Stopping threads took: 0.0019050 seconds
132.639: Application time: 0.0303130 seconds
132.641: [GC132.641: [ParNew: 37566K->4159K(37568K), 0.0022560 secs] 423497K->391429K(758420K), 0.0023000 secs] [Times: user=0.02 sys=0.00, real=0.00 secs] 
132.643: Total time for which application threads were stopped: 0.0037760 seconds, Stopping threads took: 0.0014170 seconds
132.673: Application time: 0.0298240 seconds
132.675: [GC132.675: [ParNew: 37567K->4158K(37568K), 0.0020900 secs] 424837K->392262K(758420K), 0.0021330 secs] [Times: user=0.02 sys=0.00, real=0.00 secs] 
132.677: Total time for which application threads were stopped: 0.0041030 seconds, Stopping threads took: 0.0019030 seconds
132.706: Application time: 0.0286550 seconds
132.709: [GC132.709: [ParNew: 37566K->4159K(37568K), 0.0026640 secs] 425670K->394872K(758420K), 0.0027070 secs] [Times: user=0.02 sys=0.00, real=0.00 secs] 
132.711: Total time for which application threads were stopped: 0.0056560 seconds, Stopping threads took: 0.0028840 seconds
132.740: Application time: 0.0288110 seconds
132.742: [GC132.742: [ParNew: 37567K->4159K(37568K), 0.0026170 secs] 428280K->397466K(758420K), 0.0026610 secs] [Times: user=0.02 sys=0.00, real=0.00 secs] 
132.744: Total time for which application threads were stopped: 0.0041390 seconds, Stopping threads took: 0.0014180 seconds
132.774: Application time: 0.0294530 seconds
132.776: [GC132.776: [ParNew: 37567K->4158K(37568K), 0.0025490 secs] 430874K->399824K(758420K), 0.0025980 secs] [Times: user=0.02 sys=0.00, real=0.00 secs] 
132.779: Total time for which application threads were stopped: 0.0052660 seconds, Stopping threads took: 0.0026030 seconds
132.808: Application time: 0.0291680 seconds
132.810: [GC132.810: [ParNew: 37566K->4159K(37568K), 0.0024000 secs] 433231K->401528K(758420K), 0.0024410 secs] [Times: user=0.02 sys=0.00, real=0.00 secs] 
132.813: Total time for which application threads were stopped: 0.0046520 seconds, Stopping threads took: 0.0021460 seconds
132.842: Application time: 0.0294360 seconds
132.843: [GC132.843: [ParNew: 37567K->4158K(37568K), 0.0022790 secs] 434936K->402149K(758420K), 0.0023220 secs] [Times: user=0.01 sys=0.00, real=0.00 secs] 
132.845: Total time for which application threads were stopped: 0.0031550 seconds, Stopping threads took: 0.0007680 seconds
132.876: Application time: 0.0302370 seconds
132.879: [GC132.879: [ParNew: 37566K->4158K(37568K), 0.0025000 secs] 435557K->404144K(758420K), 0.0025440 secs] [Times: user=0.01 sys=0.00, real=0.00 secs] 
132.881: Total time for which application threads were stopped: 0.0055350 seconds, Stopping threads took: 0.0029270 seconds
132.910: Application time: 0.0290320 seconds
132.913: [GC132.913: [ParNew: 37566K->4159K(37568K), 0.0024200 secs] 437552K->406005K(758420K), 0.0024620 secs] [Times: user=0.02 sys=0.00, real=0.01 secs] 
132.915: Total time for which application threads were stopped: 0.0052300 seconds, Stopping threads took: 0.0026990 seconds
132.945: Application time: 0.0297350 seconds
132.947: [GC132.947: [ParNew: 37567K->4158K(37568K), 0.0022140 secs] 439413K->407114K(758420K), 0.0022550 secs] [Times: user=0.01 sys=0.00, real=0.00 secs] 
132.949: Total time for which application threads were stopped: 0.0040380 seconds, Stopping threads took: 0.0017180 seconds
132.979: Application time: 0.0294760 seconds
132.981: [GC132.981: [ParNew: 37566K->4159K(37568K), 0.0023540 secs] 440522K->408612K(758420K), 0.0023980 secs] [Times: user=0.01 sys=0.00, real=0.00 secs] 
132.983: Total time for which application threads were stopped: 0.0043330 seconds, Stopping threads took: 0.0018730 seconds
133.013: Application time: 0.0295270 seconds
133.015: [GC133.015: [ParNew: 37567K->4158K(37568K), 0.0025450 secs] 442020K->410827K(758420K), 0.0025880 secs] [Times: user=0.02 sys=0.00, real=0.00 secs] 
133.017: Total time for which application threads were stopped: 0.0046900 seconds, Stopping threads took: 0.0020310 seconds
133.046: Application time: 0.0284340 seconds
133.048: [GC133.048: [ParNew: 37566K->4158K(37568K), 0.0028610 secs] 444235K->414009K(758420K), 0.0029020 secs] [Times: user=0.02 sys=0.00, real=0.00 secs] 
133.050: Total time for which application threads were stopped: 0.0048280 seconds, Stopping threads took: 0.0018600 seconds
133.080: Application time: 0.0292870 seconds
133.081: [GC133.081: [ParNew: 37566K->4159K(37568K), 0.0022140 secs] 447417K->415110K(758420K), 0.0022540 secs] [Times: user=0.02 sys=0.00, real=0.00 secs] 
133.083: Total time for which application threads were stopped: 0.0036980 seconds, Stopping threads took: 0.0013780 seconds
133.113: Application time: 0.0290810 seconds
133.114: [GC133.114: [ParNew: 37567K->4158K(37568K), 0.0025560 secs] 448518K->417137K(758420K), 0.0025980 secs] [Times: user=0.02 sys=0.00, real=0.01 secs] 
133.117: Total time for which application threads were stopped: 0.0039570 seconds, Stopping threads took: 0.0012710 seconds
133.146: Application time: 0.0291090 seconds
133.148: [GC133.148: [ParNew: 37566K->4158K(37568K), 0.0027900 secs] 450545K->420108K(758420K), 0.0028340 secs] [Times: user=0.02 sys=0.00, real=0.00 secs] 
133.150: Total time for which application threads were stopped: 0.0048400 seconds, Stopping threads took: 0.0019410 seconds
133.185: Application time: 0.0341170 seconds
133.186: [GC133.187: [ParNew: 37566K->4159K(37568K), 0.0026980 secs] 453516K->422948K(758420K), 0.0027430 secs] [Times: user=0.02 sys=0.00, real=0.01 secs] 
133.189: Total time for which application threads were stopped: 0.0046800 seconds, Stopping threads took: 0.0018650 seconds
133.219: Application time: 0.0300760 seconds
133.221: [GC133.221: [ParNew: 37567K->4158K(37568K), 0.0026650 secs] 456356K->425629K(758420K), 0.0027080 secs] [Times: user=0.02 sys=0.00, real=0.00 secs] 
133.223: Total time for which application threads were stopped: 0.0039480 seconds, Stopping threads took: 0.0011740 seconds
133.253: Application time: 0.0297380 seconds
133.255: [GC133.255: [ParNew: 37566K->4159K(37568K), 0.0022620 secs] 459037K->426733K(758420K), 0.0023040 secs] [Times: user=0.02 sys=0.00, real=0.00 secs] 
133.258: Total time for which application threads were stopped: 0.0044890 seconds, Stopping threads took: 0.0021190 seconds
133.287: Application time: 0.0290330 seconds
133.287: [GC133.288: [ParNew: 37567K->4158K(37568K), 0.0020370 secs] 460141K->427319K(758420K), 0.0020790 secs] [Times: user=0.02 sys=0.00, real=0.00 secs] 
133.290: Total time for which application threads were stopped: 0.0030320 seconds, Stopping threads took: 0.0008890 seconds
133.320: Application time: 0.0299370 seconds
133.321: [GC133.321: [ParNew: 37566K->4158K(37568K), 0.0022040 secs] 460727K->428337K(758420K), 0.0022650 secs] [Times: user=0.02 sys=0.00, real=0.00 secs] 
133.324: Total time for which application threads were stopped: 0.0039650 seconds, Stopping threads took: 0.0016340 seconds
133.356: Application time: 0.0323700 seconds
133.357: [GC133.357: [ParNew: 37566K->4158K(37568K), 0.0023080 secs] 461745K->429808K(758420K), 0.0023500 secs] [Times: user=0.01 sys=0.00, real=0.00 secs] 
133.360: Total time for which application threads were stopped: 0.0036380 seconds, Stopping threads took: 0.0012220 seconds
133.390: Application time: 0.0307770 seconds
133.393: [GC133.393: [ParNew: 37564K->4159K(37568K), 0.0025940 secs] 463215K->432160K(758420K), 0.0026360 secs] [Times: user=0.02 sys=0.00, real=0.01 secs] 
133.396: Total time for which application threads were stopped: 0.0055010 seconds, Stopping threads took: 0.0028060 seconds
133.426: Application time: 0.0304340 seconds
133.428: [GC133.428: [ParNew: 37565K->4158K(37568K), 0.0025310 secs] 465566K->434321K(758420K), 0.0025790 secs] [Times: user=0.02 sys=0.01, real=0.00 secs] 
133.431: Total time for which application threads were stopped: 0.0044970 seconds, Stopping threads took: 0.0018410 seconds
133.463: Application time: 0.0319210 seconds
133.464: [GC133.464: [ParNew: 37566K->4159K(37568K), 0.0025060 secs] 467729K->436350K(758420K), 0.0025510 secs] [Times: user=0.02 sys=0.00, real=0.01 secs] 
133.467: Total time for which application threads were stopped: 0.0040050 seconds, Stopping threads took: 0.0013860 seconds
133.499: Application time: 0.0320220 seconds
133.502: [GC133.502: [ParNew: 37567K->4158K(37568K), 0.0023390 secs] 469758K->437679K(758420K), 0.0023860 secs] [Times: user=0.02 sys=0.00, real=0.00 secs] 
133.504: Total time for which application threads were stopped: 0.0056290 seconds, Stopping threads took: 0.0031770 seconds
133.536: Application time: 0.0314350 seconds
133.537: [GC133.537: [ParNew: 37566K->4158K(37568K), 0.0021220 secs] 471087K->438368K(758420K), 0.0021650 secs] [Times: user=0.01 sys=0.00, real=0.00 secs] 
133.540: Total time for which application threads were stopped: 0.0037730 seconds, Stopping threads took: 0.0015440 seconds
133.570: Application time: 0.0308540 seconds
133.573: [GC133.573: [ParNew: 37566K->4159K(37568K), 0.0025070 secs] 471776K->440405K(758420K), 0.0025540 secs] [Times: user=0.02 sys=0.00, real=0.01 secs] 
133.576: Total time for which application threads were stopped: 0.0053070 seconds, Stopping threads took: 0.0026850 seconds
133.607: Application time: 0.0308200 seconds
133.609: [GC133.609: [ParNew: 37566K->4159K(37568K), 0.0023050 secs] 473812K->441834K(758420K), 0.0023520 secs] [Times: user=0.02 sys=0.00, real=0.00 secs] 
133.612: Total time for which application threads were stopped: 0.0051410 seconds, Stopping threads took: 0.0027200 seconds
133.642: Application time: 0.0299830 seconds
133.643: [GC133.643: [ParNew: 37567K->4158K(37568K), 0.0028690 secs] 475242K->445092K(758420K), 0.0029220 secs] [Times: user=0.02 sys=0.00, real=0.00 secs] 
133.646: Total time for which application threads were stopped: 0.0044740 seconds, Stopping threads took: 0.0014920 seconds
133.678: Application time: 0.0316380 seconds
133.680: [GC133.680: [ParNew: 37566K->4158K(37568K), 0.0028660 secs] 478500K->448289K(758420K), 0.0029090 secs] [Times: user=0.01 sys=0.00, real=0.00 secs] 
133.683: Total time for which application threads were stopped: 0.0048120 seconds, Stopping threads took: 0.0018340 seconds
133.714: Application time: 0.0316690 seconds
133.717: [GC133.717: [ParNew: 37566K->4158K(37568K), 0.0023860 secs] 481697K->449955K(758420K), 0.0024280 secs] [Times: user=0.00 sys=0.02, real=0.00 secs] 
133.719: Total time for which application threads were stopped: 0.0050050 seconds, Stopping threads took: 0.0025100 seconds
133.750: Application time: 0.0310000 seconds
133.752: [GC133.752: [ParNew: 37565K->4158K(37568K), 0.0023680 secs] 483362K->451490K(758420K), 0.0024160 secs] [Times: user=0.00 sys=0.01, real=0.01 secs] 
133.755: Total time for which application threads were stopped: 0.0045070 seconds, Stopping threads took: 0.0020230 seconds
133.786: Application time: 0.0317390 seconds
133.789: [GC133.789: [ParNew: 37566K->4159K(37568K), 0.0023580 secs] 484898K->452889K(758420K), 0.0024020 secs] [Times: user=0.02 sys=0.00, real=0.00 secs] 
133.791: Total time for which application threads were stopped: 0.0044490 seconds, Stopping threads took: 0.0019800 seconds
133.823: Application time: 0.0315760 seconds
133.823: [GC133.823: [ParNew: 37567K->4158K(37568K), 0.0023220 secs] 486297K->454303K(758420K), 0.0023670 secs] [Times: user=0.02 sys=0.00, real=0.00 secs] 
133.825: Total time for which application threads were stopped: 0.0029080 seconds, Stopping threads took: 0.0004750 seconds
133.857: Application time: 0.0317520 seconds
133.859: [GC133.859: [ParNew: 37566K->4158K(37568K), 0.0024000 secs] 487711K->456047K(758420K), 0.0024460 secs] [Times: user=0.01 sys=0.00, real=0.00 secs] 
133.862: Total time for which application threads were stopped: 0.0044040 seconds, Stopping threads took: 0.0018900 seconds
133.893: Application time: 0.0312700 seconds
133.895: [GC133.895: [ParNew: 37566K->4158K(37568K), 0.0023750 secs] 489455K->457670K(758420K), 0.0024160 secs] [Times: user=0.01 sys=0.00, real=0.00 secs] 
133.897: Total time for which application threads were stopped: 0.0041940 seconds, Stopping threads took: 0.0017040 seconds
133.928: Application time: 0.0312480 seconds
133.931: [GC133.931: [ParNew: 37566K->4158K(37568K), 0.0029320 secs] 491078K->461149K(758420K), 0.0029780 secs] [Times: user=0.02 sys=0.00, real=0.00 secs] 
133.934: Total time for which application threads were stopped: 0.0054020 seconds, Stopping threads took: 0.0023470 seconds
133.963: Application time: 0.0294060 seconds
133.965: [GC133.965: [ParNew: 37566K->4158K(37568K), 0.0029390 secs] 494557K->464415K(758420K), 0.0029850 secs] [Times: user=0.02 sys=0.00, real=0.01 secs] 
133.968: Total time for which application threads were stopped: 0.0052770 seconds, Stopping threads took: 0.0022240 seconds
134.000: Application time: 0.0318230 seconds
134.002: [GC134.002: [ParNew: 37566K->4159K(37568K), 0.0027920 secs] 497823K->467551K(758420K), 0.0028370 secs] [Times: user=0.02 sys=0.00, real=0.00 secs] 
134.005: Total time for which application threads were stopped: 0.0049720 seconds, Stopping threads took: 0.0020680 seconds
134.037: Application time: 0.0313760 seconds
134.039: [GC134.039: [ParNew: 37567K->4159K(37568K), 0.0023440 secs] 500958K->468957K(758420K), 0.0023900 secs] [Times: user=0.02 sys=0.00, real=0.00 secs] 
134.041: Total time for which application threads were stopped: 0.0046130 seconds, Stopping threads took: 0.0021570 seconds
134.072: Application time: 0.0308810 seconds
134.074: [GC134.074: [ParNew: 37566K->4159K(37568K), 0.0027350 secs] 502364K->471025K(758420K), 0.0027820 secs] [Times: user=0.02 sys=0.00, real=0.01 secs] 
134.077: Total time for which application threads were stopped: 0.0051090 seconds, Stopping threads took: 0.0022590 seconds
134.107: Application time: 0.0298700 seconds
134.110: [GC134.110: [ParNew: 37567K->4158K(37568K), 0.0027170 secs] 504433K->473556K(758420K), 0.0027730 secs] [Times: user=0.02 sys=0.00, real=0.00 secs] 
134.113: Total time for which application threads were stopped: 0.0054500 seconds, Stopping threads took: 0.0026100 seconds
134.144: Application time: 0.0316510 seconds
134.146: [GC134.146: [ParNew: 37566K->4159K(37568K), 0.0022890 secs] 506964K->475010K(758420K), 0.0023330 secs] [Times: user=0.02 sys=0.00, real=0.01 secs] 
134.149: Total time for which application threads were stopped: 0.0044480 seconds, Stopping threads took: 0.0020450 seconds
134.181: Application time: 0.0322810 seconds
134.184: [GC134.184: [ParNew: 37567K->4158K(37568K), 0.0024100 secs] 508418K->476822K(758420K), 0.0024550 secs] [Times: user=0.02 sys=0.00, real=0.00 secs] 
134.186: Total time for which application threads were stopped: 0.0052850 seconds, Stopping threads took: 0.0027640 seconds
134.217: Application time: 0.0312150 seconds
134.219: [GC134.219: [ParNew: 37566K->4158K(37568K), 0.0026050 secs] 510230K->479153K(758420K), 0.0026470 secs] [Times: user=0.01 sys=0.00, real=0.00 secs] 
134.221: Total time for which application threads were stopped: 0.0040520 seconds, Stopping threads took: 0.0013400 seconds
134.252: Application time: 0.0308410 seconds
134.255: [GC134.255: [ParNew: 37565K->4159K(37568K), 0.0022720 secs] 512560K->480424K(758420K), 0.0023170 secs] [Times: user=0.02 sys=0.00, real=0.00 secs] 
134.257: Total time for which application threads were stopped: 0.0051870 seconds, Stopping threads took: 0.0028020 seconds
134.289: Application time: 0.0312430 seconds
134.291: [GC134.291: [ParNew: 37567K->4159K(37568K), 0.0028380 secs] 513832K->483623K(758420K), 0.0028820 secs] [Times: user=0.02 sys=0.00, real=0.00 secs] 
134.294: Total time for which application threads were stopped: 0.0053990 seconds, Stopping threads took: 0.0024510 seconds
134.326: Application time: 0.0317660 seconds
134.328: [GC134.328: [ParNew: 37567K->4158K(37568K), 0.0028330 secs] 517031K->486778K(758420K), 0.0028780 secs] [Times: user=0.02 sys=0.00, real=0.00 secs] 
134.331: Total time for which application threads were stopped: 0.0054070 seconds, Stopping threads took: 0.0024640 seconds
134.363: Application time: 0.0316440 seconds
134.366: [GC134.366: [ParNew: 37566K->4158K(37568K), 0.0026710 secs] 520186K->489265K(758420K), 0.0027190 secs] [Times: user=0.02 sys=0.00, real=0.01 secs] 
134.368: Total time for which application threads were stopped: 0.0054590 seconds, Stopping threads took: 0.0026740 seconds
134.400: Application time: 0.0314390 seconds
134.402: [GC134.402: [ParNew: 37566K->4158K(37568K), 0.0028230 secs] 522673K->492105K(758420K), 0.0028650 secs] [Times: user=0.02 sys=0.00, real=0.00 secs] 
134.404: Total time for which application threads were stopped: 0.0045390 seconds, Stopping threads took: 0.0016090 seconds
134.436: Application time: 0.0313820 seconds
134.437: [GC134.437: [ParNew: 37566K->4159K(37568K), 0.0027580 secs] 525513K->494855K(758420K), 0.0028030 secs] [Times: user=0.02 sys=0.00, real=0.00 secs] 
134.440: Total time for which application threads were stopped: 0.0040220 seconds, Stopping threads took: 0.0011440 seconds
134.470: Application time: 0.0302830 seconds
134.473: [GC134.473: [ParNew: 37567K->4158K(37568K), 0.0025440 secs] 528263K->497083K(758420K), 0.0025870 secs] [Times: user=0.02 sys=0.00, real=0.01 secs] 
134.475: Total time for which application threads were stopped: 0.0050540 seconds, Stopping threads took: 0.0024010 seconds
134.507: Application time: 0.0321560 seconds
134.509: [GC134.509: [ParNew: 37566K->4159K(37568K), 0.0021790 secs] 530491K->498240K(758420K), 0.0022220 secs] [Times: user=0.01 sys=0.00, real=0.00 secs] 
134.511: Total time for which application threads were stopped: 0.0039330 seconds, Stopping threads took: 0.0016460 seconds
134.543: Application time: 0.0319200 seconds
134.545: [GC134.545: [ParNew: 37567K->4158K(37568K), 0.0024220 secs] 531648K->499708K(758420K), 0.0024730 secs] [Times: user=0.02 sys=0.00, real=0.01 secs] 
134.547: Total time for which application threads were stopped: 0.0042920 seconds, Stopping threads took: 0.0017540 seconds
134.579: Application time: 0.0317630 seconds
134.582: [GC134.582: [ParNew: 37566K->4159K(37568K), 0.0027020 secs] 533116K->502077K(758420K), 0.0027460 secs] [Times: user=0.02 sys=0.00, real=0.00 secs] 
134.585: Total time for which application threads were stopped: 0.0059410 seconds, Stopping threads took: 0.0031270 seconds
134.615: Application time: 0.0302110 seconds
134.618: [GC134.618: [ParNew: 37567K->4159K(37568K), 0.0026180 secs] 535485K->504309K(758420K), 0.0026650 secs] [Times: user=0.02 sys=0.00, real=0.00 secs] 
134.620: Total time for which application threads were stopped: 0.0049470 seconds, Stopping threads took: 0.0022140 seconds
134.650: Application time: 0.0299360 seconds
134.653: [GC134.653: [ParNew: 37567K->4159K(37568K), 0.0028010 secs] 537717K->507292K(758420K), 0.0028470 secs] [Times: user=0.01 sys=0.00, real=0.01 secs] 
134.655: Total time for which application threads were stopped: 0.0051510 seconds, Stopping threads took: 0.0022390 seconds
134.687: Application time: 0.0316060 seconds
134.689: [GC134.689: [ParNew: 37567K->4159K(37568K), 0.0026070 secs] 540700K->509682K(758420K), 0.0026500 secs] [Times: user=0.02 sys=0.00, real=0.00 secs] 
134.692: Total time for which application threads were stopped: 0.0044930 seconds, Stopping threads took: 0.0017800 seconds
134.723: Application time: 0.0309960 seconds
134.725: [GC134.725: [ParNew: 37567K->4159K(37568K), 0.0027500 secs] 543090K->512375K(758420K), 0.0027970 secs] [Times: user=0.02 sys=0.00, real=0.01 secs] 
134.728: Total time for which application threads were stopped: 0.0050730 seconds, Stopping threads took: 0.0022050 seconds
134.758: Application time: 0.0305520 seconds
134.760: [GC134.760: [ParNew: 37565K->4159K(37568K), 0.0026870 secs] 545782K->514923K(758420K), 0.0027330 secs] [Times: user=0.02 sys=0.00, real=0.00 secs] 
134.763: Total time for which application threads were stopped: 0.0045920 seconds, Stopping threads took: 0.0017910 seconds
134.795: Application time: 0.0319100 seconds
134.798: [GC134.798: [ParNew: 37567K->4159K(37568K), 0.0025990 secs] 548331K->517360K(758420K), 0.0026440 secs] [Times: user=0.02 sys=0.00, real=0.00 secs] 
134.801: Total time for which application threads were stopped: 0.0059070 seconds, Stopping threads took: 0.0032020 seconds
134.831: Application time: 0.0307510 seconds
134.833: [GC134.833: [ParNew: 37567K->4159K(37568K), 0.0026170 secs] 550768K->519705K(758420K), 0.0026630 secs] [Times: user=0.02 sys=0.00, real=0.01 secs] 
134.836: Total time for which application threads were stopped: 0.0042570 seconds, Stopping threads took: 0.0015290 seconds
134.867: Application time: 0.0314050 seconds
134.869: [GC134.869: [ParNew: 37567K->4158K(37568K), 0.0023880 secs] 553113K->521519K(758420K), 0.0024340 secs] [Times: user=0.02 sys=0.00, real=0.00 secs] 
134.872: Total time for which application threads were stopped: 0.0046760 seconds, Stopping threads took: 0.0021740 seconds
134.903: Application time: 0.0318350 seconds
134.906: [GC134.906: [ParNew: 37566K->4158K(37568K), 0.0022960 secs] 554927K->522768K(758420K), 0.0023390 secs] [Times: user=0.02 sys=0.00, real=0.01 secs] 
134.908: Total time for which application threads were stopped: 0.0044680 seconds, Stopping threads took: 0.0020630 seconds
134.939: Application time: 0.0308580 seconds
134.941: [GC134.941: [ParNew: 37566K->4158K(37568K), 0.0028990 secs] 556175K->526047K(758420K), 0.0029430 secs] [Times: user=0.02 sys=0.00, real=0.00 secs] 
134.944: Total time for which application threads were stopped: 0.0055150 seconds, Stopping threads took: 0.0024960 seconds
134.976: Application time: 0.0316290 seconds
134.978: [GC134.978: [ParNew: 37566K->4158K(37568K), 0.0025690 secs] 559455K->528146K(758420K), 0.0026130 secs] [Times: user=0.02 sys=0.00, real=0.00 secs] 
134.981: Total time for which application threads were stopped: 0.0048310 seconds, Stopping threads took: 0.0021520 seconds
135.012: Application time: 0.0309350 seconds
135.015: [GC135.015: [ParNew: 37566K->4159K(37568K), 0.0027490 secs] 561554K->530722K(758420K), 0.0028000 secs] [Times: user=0.02 sys=0.00, real=0.00 secs] 
135.018: Total time for which application threads were stopped: 0.0060070 seconds, Stopping threads took: 0.0031400 seconds
135.049: Application time: 0.0311640 seconds
135.050: [GC135.050: [ParNew: 37567K->4159K(37568K), 0.0023760 secs] 564130K->532195K(758420K), 0.0024230 secs] [Times: user=0.01 sys=0.00, real=0.00 secs] 
135.052: Total time for which application threads were stopped: 0.0030630 seconds, Stopping threads took: 0.0005730 seconds
135.083: Application time: 0.0310720 seconds
135.086: [GC135.086: [ParNew: 37567K->4159K(37568K), 0.0027820 secs] 565603K->535073K(758420K), 0.0028250 secs] [Times: user=0.02 sys=0.00, real=0.01 secs] 
135.088: Total time for which application threads were stopped: 0.0053460 seconds, Stopping threads took: 0.0024560 seconds
135.119: Application time: 0.0305780 seconds
135.121: [GC135.121: [ParNew: 37567K->4158K(37568K), 0.0026470 secs] 568481K->537657K(758420K), 0.0026910 secs] [Times: user=0.02 sys=0.00, real=0.00 secs] 
135.123: Total time for which application threads were stopped: 0.0042960 seconds, Stopping threads took: 0.0015380 seconds
135.154: Application time: 0.0304880 seconds
135.155: [GC135.155: [ParNew: 37566K->4158K(37568K), 0.0029580 secs] 571065K->541162K(758420K), 0.0030030 secs] [Times: user=0.02 sys=0.00, real=0.00 secs] 
135.158: Total time for which application threads were stopped: 0.0046970 seconds, Stopping threads took: 0.0016280 seconds
135.190: Application time: 0.0314620 seconds
135.192: [GC135.192: [ParNew: 37566K->4159K(37568K), 0.0025720 secs] 574570K->543475K(758420K), 0.0026130 secs] [Times: user=0.02 sys=0.00, real=0.00 secs] 
135.194: Total time for which application threads were stopped: 0.0042800 seconds, Stopping threads took: 0.0015990 seconds
135.226: Application time: 0.0317230 seconds
135.228: [GC135.228: [ParNew: 37567K->4158K(37568K), 0.0025800 secs] 576883K->545701K(758420K), 0.0026260 secs] [Times: user=0.02 sys=0.00, real=0.00 secs] 
135.231: Total time for which application threads were stopped: 0.0051230 seconds, Stopping threads took: 0.0024300 seconds
135.262: Application time: 0.0307040 seconds
135.263: [GC135.263: [ParNew: 37566K->4159K(37568K), 0.0025030 secs] 579109K->547746K(758420K), 0.0025480 secs] [Times: user=0.01 sys=0.00, real=0.00 secs] 
135.266: Total time for which application threads were stopped: 0.0037700 seconds, Stopping threads took: 0.0011540 seconds
135.296: Application time: 0.0300010 seconds
135.298: [GC135.298: [ParNew: 37567K->4158K(37568K), 0.0030620 secs] 581154K->551472K(758420K), 0.0031080 secs] [Times: user=0.03 sys=0.00, real=0.00 secs] 
135.301: Total time for which application threads were stopped: 0.0052800 seconds, Stopping threads took: 0.0021030 seconds
135.333: Application time: 0.0320880 seconds
135.335: [GC135.335: [ParNew: 37566K->4158K(37568K), 0.0027340 secs] 584880K->554103K(758420K), 0.0027790 secs] [Times: user=0.02 sys=0.00, real=0.01 secs] 
135.337: Total time for which application threads were stopped: 0.0044380 seconds, Stopping threads took: 0.0015920 seconds
135.368: Application time: 0.0308540 seconds
135.370: [GC135.370: [ParNew: 37566K->4158K(37568K), 0.0028570 secs] 587511K->556601K(758420K), 0.0029010 secs] [Times: user=0.02 sys=0.00, real=0.00 secs] 
135.373: Total time for which application threads were stopped: 0.0051030 seconds, Stopping threads took: 0.0021350 seconds
135.405: Application time: 0.0318840 seconds
135.409: [GC135.409: [ParNew: 37566K->4158K(37568K), 0.0023010 secs] 590009K->557869K(758420K), 0.0023480 secs] [Times: user=0.02 sys=0.00, real=0.00 secs] 
135.411: Total time for which application threads were stopped: 0.0058580 seconds, Stopping threads took: 0.0034320 seconds
135.442: Application time: 0.0314030 seconds
135.446: [GC135.446: [ParNew: 37566K->4159K(37568K), 0.0029530 secs] 591277K->561055K(758420K), 0.0029990 secs] [Times: user=0.02 sys=0.00, real=0.01 secs] 
135.449: Total time for which application threads were stopped: 0.0064220 seconds, Stopping threads took: 0.0033170 seconds
135.456: Application time: 0.0067020 seconds
135.457: Total time for which application threads were stopped: 0.0018280 seconds, Stopping threads took: 0.0018090 seconds
135.481: Application time: 0.0239090 seconds
135.484: [GC135.484: [ParNew: 37567K->4158K(37568K), 0.0022340 secs] 594463K->562204K(758420K), 0.0022820 secs] [Times: user=0.01 sys=0.00, real=0.00 secs] 
135.486: Total time for which application threads were stopped: 0.0048200 seconds, Stopping threads took: 0.0024690 seconds
135.520: Application time: 0.0338720 seconds
135.522: [GC135.522: [ParNew: 37566K->4158K(37568K), 0.0022010 secs] 595612K->563153K(758420K), 0.0022480 secs] [Times: user=0.01 sys=0.00, real=0.00 secs] 
135.524: Total time for which application threads were stopped: 0.0040000 seconds, Stopping threads took: 0.0016640 seconds
135.566: Application time: 0.0421590 seconds
135.568: [GC135.569: [ParNew: 37566K->4158K(37568K), 0.0024110 secs] 596561K->563978K(758420K), 0.0024570 secs] [Times: user=0.02 sys=0.00, real=0.00 secs] 
135.571: Total time for which application threads were stopped: 0.0047770 seconds, Stopping threads took: 0.0022310 seconds
135.610: Application time: 0.0389780 seconds
135.613: [GC135.613: [ParNew: 37566K->4158K(37568K), 0.0022460 secs] 597386K->564718K(758420K), 0.0022930 secs] [Times: user=0.02 sys=0.00, real=0.01 secs] 
135.615: Total time for which application threads were stopped: 0.0050470 seconds, Stopping threads took: 0.0026870 seconds
135.626: Application time: 0.0112140 seconds
135.630: Total time for which application threads were stopped: 0.0033700 seconds, Stopping threads took: 0.0033250 seconds
135.649: Application time: 0.0197050 seconds
135.652: Total time for which application threads were stopped: 0.0026280 seconds, Stopping threads took: 0.0025840 seconds
135.660: Application time: 0.0079790 seconds
135.662: Total time for which application threads were stopped: 0.0017630 seconds, Stopping threads took: 0.0017190 seconds
135.662: [CMS-concurrent-abortable-preclean: 0.512/3.859 secs] [Times: user=28.61 sys=0.20, real=3.86 secs] 
135.662: Application time: 0.0001400 seconds
135.664: [GC[YG occupancy: 36895 K (37568 K)]135.664: [Rescan (parallel) , 0.0010780 secs]135.665: [weak refs processing, 0.0000080 secs]135.665: [scrub string table, 0.0001100 secs] [1 CMS-remark: 560560K(720852K)] 597455K(758420K), 0.0012300 secs] [Times: user=0.00 sys=0.00, real=0.00 secs] 
135.665: Total time for which application threads were stopped: 0.0029800 seconds, Stopping threads took: 0.0017250 seconds
135.665: [CMS-concurrent-sweep-start]
135.665: Application time: 0.0003220 seconds
135.667: Total time for which application threads were stopped: 0.0014870 seconds, Stopping threads took: 0.0014680 seconds
135.667: Application time: 0.0000700 seconds
135.667: [GC135.667: [ParNew: 37566K->1178K(37568K), 0.0009270 secs] 598012K->561624K(758420K), 0.0009510 secs] [Times: user=0.01 sys=0.00, real=0.00 secs] 
135.668: Total time for which application threads were stopped: 0.0010130 seconds, Stopping threads took: 0.0000230 seconds
135.687: [CMS-concurrent-sweep: 0.020/0.022 secs] [Times: user=0.07 sys=0.00, real=0.03 secs] 
135.687: [CMS-concurrent-reset-start]
135.689: [CMS-concurrent-reset: 0.002/0.002 secs] [Times: user=0.00 sys=0.00, real=0.00 secs] 
135.693: Application time: 0.0249990 seconds
135.693: Total time for which application threads were stopped: 0.0003510 seconds, Stopping threads took: 0.0003290 seconds
135.747: Application time: 0.0539010 seconds
135.747: Total time for which application threads were stopped: 0.0000470 seconds, Stopping threads took: 0.0000150 seconds
135.748: Application time: 0.0007160 seconds
135.748: Total time for which application threads were stopped: 0.0000300 seconds, Stopping threads took: 0.0000170 seconds
135.763: Application time: 0.0150710 seconds
135.764: [GC135.764: [ParNew: 34586K->4159K(37568K), 0.0026940 secs] 268312K->240550K(758420K), 0.0027520 secs] [Times: user=0.02 sys=0.00, real=0.01 secs] 
135.767: Total time for which application threads were stopped: 0.0043100 seconds, Stopping threads took: 0.0014950 seconds
135.797: Application time: 0.0297520 seconds
135.799: [GC135.799: [ParNew: 37567K->4158K(37568K), 0.0028130 secs] 273958K->243511K(758420K), 0.0028590 secs] [Times: user=0.02 sys=0.00, real=0.00 secs] 
135.802: Total time for which application threads were stopped: 0.0051300 seconds, Stopping threads took: 0.0022030 seconds
135.834: Application time: 0.0324390 seconds
135.839: [GC135.839: [ParNew: 37566K->4158K(37568K), 0.0025760 secs] 276919K->245732K(758420K), 0.0026200 secs] [Times: user=0.02 sys=0.00, real=0.00 secs] 
135.841: Total time for which application threads were stopped: 0.0069100 seconds, Stopping threads took: 0.0042210 seconds
135.874: Application time: 0.0321740 seconds
135.876: [GC135.876: [ParNew: 37565K->4159K(37568K), 0.0023670 secs] 279139K->247554K(758420K), 0.0024100 secs] [Times: user=0.01 sys=0.00, real=0.00 secs] 
135.878: Total time for which application threads were stopped: 0.0045420 seconds, Stopping threads took: 0.0020640 seconds
135.910: Application time: 0.0316170 seconds
135.911: [GC135.911: [ParNew: 37567K->4158K(37568K), 0.0023500 secs] 280962K->249313K(758420K), 0.0023940 secs] [Times: user=0.01 sys=0.00, real=0.00 secs] 
135.913: Total time for which application threads were stopped: 0.0033810 seconds, Stopping threads took: 0.0009220 seconds
135.944: Application time: 0.0308300 seconds
135.946: [GC135.946: [ParNew: 37566K->4159K(37568K), 0.0024200 secs] 282721K->251048K(758420K), 0.0024640 secs] [Times: user=0.02 sys=0.00, real=0.01 secs] 
135.948: Total time for which application threads were stopped: 0.0043230 seconds, Stopping threads took: 0.0017940 seconds
135.980: Application time: 0.0317050 seconds
135.983: [GC135.983: [ParNew: 37567K->4159K(37568K), 0.0026130 secs] 284456K->253580K(758420K), 0.0026580 secs] [Times: user=0.02 sys=0.00, real=0.00 secs] 
135.985: Total time for which application threads were stopped: 0.0055370 seconds, Stopping threads took: 0.0028030 seconds
136.018: Application time: 0.0324510 seconds
136.021: [GC136.021: [ParNew: 37567K->4159K(37568K), 0.0022990 secs] 286988K->254994K(758420K), 0.0023440 secs] [Times: user=0.02 sys=0.00, real=0.00 secs] 
136.024: Total time for which application threads were stopped: 0.0056010 seconds, Stopping threads took: 0.0031890 seconds
136.057: Application time: 0.0333440 seconds
136.059: [GC136.059: [ParNew: 37565K->4159K(37568K), 0.0022940 secs] 288400K->255691K(758420K), 0.0023410 secs] [Times: user=0.01 sys=0.00, real=0.00 secs] 
136.062: Total time for which application threads were stopped: 0.0047790 seconds, Stopping threads took: 0.0023690 seconds
136.094: Application time: 0.0325030 seconds
136.097: [GC136.097: [ParNew: 37567K->4159K(37568K), 0.0031390 secs] 289099K->258881K(758420K), 0.0031880 secs] [Times: user=0.02 sys=0.00, real=0.00 secs] 
136.101: Total time for which application threads were stopped: 0.0063990 seconds, Stopping threads took: 0.0031350 seconds
136.135: Application time: 0.0347730 seconds
136.139: [GC136.139: [ParNew: 37567K->4158K(37568K), 0.0026390 secs] 292289K->261053K(758420K), 0.0026840 secs] [Times: user=0.01 sys=0.00, real=0.00 secs] 
136.141: Total time for which application threads were stopped: 0.0059890 seconds, Stopping threads took: 0.0032240 seconds
136.176: Application time: 0.0342110 seconds
136.179: [GC136.179: [ParNew: 37566K->4159K(37568K), 0.0029180 secs] 294461K->263738K(758420K), 0.0029750 secs] [Times: user=0.02 sys=0.00, real=0.00 secs] 
136.182: Total time for which application threads were stopped: 0.0065120 seconds, Stopping threads took: 0.0034530 seconds
136.216: Application time: 0.0336780 seconds
136.218: [GC136.218: [ParNew: 37567K->4159K(37568K), 0.0028030 secs] 297146K->266907K(758420K), 0.0028490 secs] [Times: user=0.01 sys=0.00, real=0.00 secs] 
136.221: Total time for which application threads were stopped: 0.0055120 seconds, Stopping threads took: 0.0025950 seconds
136.251: Application time: 0.0298810 seconds
136.254: [GC136.254: [ParNew: 37567K->4158K(37568K), 0.0027380 secs] 300315K->269942K(758420K), 0.0027910 secs] [Times: user=0.02 sys=0.00, real=0.01 secs] 
136.256: Total time for which application threads were stopped: 0.0053310 seconds, Stopping threads took: 0.0024770 seconds
136.289: Application time: 0.0321390 seconds
136.290: [GC136.290: [ParNew: 37565K->4159K(37568K), 0.0023820 secs] 303349K->271861K(758420K), 0.0024260 secs] [Times: user=0.02 sys=0.01, real=0.00 secs] 
136.293: Total time for which application threads were stopped: 0.0042250 seconds, Stopping threads took: 0.0017310 seconds
136.321: Application time: 0.0277010 seconds
136.323: Total time for which application threads were stopped: 0.0020210 seconds, Stopping threads took: 0.0019950 seconds
136.324: Application time: 0.0015820 seconds
136.327: [GC136.327: [ParNew: 37567K->4159K(37568K), 0.0027600 secs] 305269K->274608K(758420K), 0.0028040 secs] [Times: user=0.02 sys=0.00, real=0.00 secs] 
136.330: Total time for which application threads were stopped: 0.0060060 seconds, Stopping threads took: 0.0031370 seconds
136.362: Application time: 0.0321930 seconds
136.365: [GC136.366: [ParNew: 37567K->4159K(37568K), 0.0023290 secs] 308016K->276099K(758420K), 0.0023740 secs] [Times: user=0.02 sys=0.00, real=0.01 secs] 
136.368: Total time for which application threads were stopped: 0.0055380 seconds, Stopping threads took: 0.0031000 seconds
136.400: Application time: 0.0320570 seconds
136.403: [GC136.403: [ParNew: 37567K->4159K(37568K), 0.0028790 secs] 309507K->279481K(758420K), 0.0029260 secs] [Times: user=0.02 sys=0.00, real=0.00 secs] 
136.406: Total time for which application threads were stopped: 0.0062900 seconds, Stopping threads took: 0.0033020 seconds
136.437: Application time: 0.0305920 seconds
136.439: [GC136.439: [ParNew: 37567K->4158K(37568K), 0.0028060 secs] 312889K->282642K(758420K), 0.0028520 secs] [Times: user=0.02 sys=0.00, real=0.00 secs] 
136.442: Total time for which application threads were stopped: 0.0047670 seconds, Stopping threads took: 0.0018460 seconds
136.473: Application time: 0.0310710 seconds
136.474: [GC136.474: [ParNew: 37566K->4158K(37568K), 0.0026660 secs] 316050K->285135K(758420K), 0.0027110 secs] [Times: user=0.02 sys=0.00, real=0.01 secs] 
136.477: Total time for which application threads were stopped: 0.0042450 seconds, Stopping threads took: 0.0014650 seconds
136.509: Application time: 0.0318880 seconds
136.510: [GC136.510: [ParNew: 37566K->4159K(37568K), 0.0021640 secs] 318543K->286118K(758420K), 0.0022060 secs] [Times: user=0.02 sys=0.00, real=0.00 secs] 
136.513: Total time for which application threads were stopped: 0.0038660 seconds, Stopping threads took: 0.0015850 seconds
136.545: Application time: 0.0319560 seconds
136.546: [GC136.546: [ParNew: 37567K->4159K(37568K), 0.0022810 secs] 319526K->287512K(758420K), 0.0023260 secs] [Times: user=0.01 sys=0.00, real=0.01 secs] 
136.549: Total time for which application threads were stopped: 0.0041040 seconds, Stopping threads took: 0.0017110 seconds
136.580: Application time: 0.0314910 seconds
136.582: [GC136.582: [ParNew: 37567K->4159K(37568K), 0.0026990 secs] 320920K->290309K(758420K), 0.0027430 secs] [Times: user=0.02 sys=0.00, real=0.00 secs] 
136.585: Total time for which application threads were stopped: 0.0048990 seconds, Stopping threads took: 0.0020850 seconds
136.618: Application time: 0.0333300 seconds
136.620: [GC136.620: [ParNew: 37567K->4159K(37568K), 0.0020750 secs] 323717K->291050K(758420K), 0.0021180 secs] [Times: user=0.01 sys=0.00, real=0.00 secs] 
136.622: Total time for which application threads were stopped: 0.0038510 seconds, Stopping threads took: 0.0016660 seconds
136.655: Application time: 0.0325460 seconds
136.657: [GC136.657: [ParNew: 37567K->4158K(37568K), 0.0021380 secs] 324458K->291852K(758420K), 0.0021840 secs] [Times: user=0.02 sys=0.00, real=0.00 secs] 
136.659: Total time for which application threads were stopped: 0.0043680 seconds, Stopping threads took: 0.0021150 seconds
136.692: Application time: 0.0327280 seconds
136.695: [GC136.695: [ParNew: 37566K->4158K(37568K), 0.0021920 secs] 325260K->293153K(758420K), 0.0022430 secs] [Times: user=0.02 sys=0.00, real=0.00 secs] 
136.698: Total time for which application threads were stopped: 0.0055740 seconds, Stopping threads took: 0.0032650 seconds
136.730: Application time: 0.0322970 seconds
136.733: [GC136.733: [ParNew: 37566K->4159K(37568K), 0.0024280 secs] 326561K->294897K(758420K), 0.0024710 secs] [Times: user=0.01 sys=0.00, real=0.01 secs] 
136.735: Total time for which application threads were stopped: 0.0055310 seconds, Stopping threads took: 0.0029910 seconds
136.767: Application time: 0.0319160 seconds
136.769: [GC136.769: [ParNew: 37567K->4158K(37568K), 0.0021850 secs] 328305K->296077K(758420K), 0.0022300 secs] [Times: user=0.02 sys=0.00, real=0.00 secs] 
136.771: Total time for which application threads were stopped: 0.0035050 seconds, Stopping threads took: 0.0012090 seconds
136.803: Application time: 0.0324220 seconds
136.805: [GC136.805: [ParNew: 37566K->4158K(37568K), 0.0023200 secs] 329485K->297319K(758420K), 0.0023640 secs] [Times: user=0.01 sys=0.00, real=0.01 secs] 
136.807: Total time for which application threads were stopped: 0.0039090 seconds, Stopping threads took: 0.0014840 seconds
136.840: Application time: 0.0324010 seconds
136.841: [GC136.841: [ParNew: 37566K->4158K(37568K), 0.0020710 secs] 330727K->298020K(758420K), 0.0021110 secs] [Times: user=0.01 sys=0.00, real=0.00 secs] 
136.843: Total time for which application threads were stopped: 0.0038690 seconds, Stopping threads took: 0.0016920 seconds
136.875: Application time: 0.0315600 seconds
136.877: [GC136.877: [ParNew: 37566K->4158K(37568K), 0.0023610 secs] 331428K->299768K(758420K), 0.0024050 secs] [Times: user=0.02 sys=0.00, real=0.00 secs] 
136.879: Total time for which application threads were stopped: 0.0043860 seconds, Stopping threads took: 0.0019140 seconds
136.910: Application time: 0.0310150 seconds
136.912: [GC136.912: [ParNew: 37566K->4158K(37568K), 0.0024820 secs] 333176K->301728K(758420K), 0.0025270 secs] [Times: user=0.01 sys=0.00, real=0.01 secs] 
136.915: Total time for which application threads were stopped: 0.0044740 seconds, Stopping threads took: 0.0018800 seconds
136.947: Application time: 0.0319450 seconds
136.948: [GC136.948: [ParNew: 37566K->4159K(37568K), 0.0023170 secs] 335136K->302982K(758420K), 0.0023600 secs] [Times: user=0.01 sys=0.00, real=0.00 secs] 
136.951: Total time for which application threads were stopped: 0.0040340 seconds, Stopping threads took: 0.0016060 seconds
136.983: Application time: 0.0324680 seconds
136.985: [GC136.985: [ParNew: 37567K->3676K(37568K), 0.0017850 secs] 336390K->302583K(758420K), 0.0018260 secs] [Times: user=0.02 sys=0.00, real=0.01 secs] 
136.987: Total time for which application threads were stopped: 0.0034660 seconds, Stopping threads took: 0.0015740 seconds
137.019: Application time: 0.0322330 seconds
137.021: [GC137.021: [ParNew: 37084K->4158K(37568K), 0.0022410 secs] 335991K->304038K(758420K), 0.0022880 secs] [Times: user=0.01 sys=0.00, real=0.00 secs] 
137.023: Total time for which application threads were stopped: 0.0038200 seconds, Stopping threads took: 0.0014560 seconds
137.054: Application time: 0.0309220 seconds
137.054: [GC137.054: [ParNew: 37566K->4158K(37568K), 0.0026260 secs] 337446K->306472K(758420K), 0.0026710 secs] [Times: user=0.01 sys=0.00, real=0.01 secs] 
137.057: Total time for which application threads were stopped: 0.0032940 seconds, Stopping threads took: 0.0005610 seconds
137.089: Application time: 0.0318120 seconds
137.090: [GC137.090: [ParNew: 37566K->4158K(37568K), 0.0026770 secs] 339880K->309283K(758420K), 0.0027200 secs] [Times: user=0.02 sys=0.00, real=0.00 secs] 
137.093: Total time for which application threads were stopped: 0.0043430 seconds, Stopping threads took: 0.0015550 seconds
137.123: Application time: 0.0295080 seconds
137.125: [GC137.125: [ParNew: 37566K->4158K(37568K), 0.0029030 secs] 342691K->312866K(758420K), 0.0029480 secs] [Times: user=0.02 sys=0.00, real=0.01 secs] 
137.128: Total time for which application threads were stopped: 0.0049190 seconds, Stopping threads took: 0.0018950 seconds
137.128: Application time: 0.0001230 seconds
137.130: [GC [1 CMS-initial-mark: 308708K(720852K)] 313348K(758420K), 0.0001940 secs] [Times: user=0.00 sys=0.00, real=0.00 secs] 
137.131: Total time for which application threads were stopped: 0.0029150 seconds, Stopping threads took: 0.0026970 seconds
137.131: [CMS-concurrent-mark-start]
137.143: [CMS-concurrent-mark: 0.013/0.013 secs] [Times: user=0.09 sys=0.00, real=0.01 secs] 
137.143: [CMS-concurrent-preclean-start]
137.145: [CMS-concurrent-preclean: 0.001/0.001 secs] [Times: user=0.01 sys=0.00, real=0.00 secs] 
137.145: [CMS-concurrent-abortable-preclean-start]
137.164: Application time: 0.0335600 seconds
137.166: [GC137.166: [ParNew: 37566K->4159K(37568K), 0.0022840 secs] 346274K->313956K(758420K), 0.0023300 secs] [Times: user=0.02 sys=0.00, real=0.01 secs] 
137.169: Total time for which application threads were stopped: 0.0045640 seconds, Stopping threads took: 0.0021670 seconds
137.200: Application time: 0.0314350 seconds
137.202: [GC137.202: [ParNew: 37567K->4158K(37568K), 0.0025750 secs] 347364K->316310K(758420K), 0.0026200 secs] [Times: user=0.02 sys=0.00, real=0.00 secs] 
137.205: Total time for which application threads were stopped: 0.0043210 seconds, Stopping threads took: 0.0016340 seconds
137.236: Application time: 0.0315520 seconds
137.238: [GC137.238: [ParNew: 37566K->4158K(37568K), 0.0023040 secs] 349718K->317581K(758420K), 0.0023480 secs] [Times: user=0.01 sys=0.00, real=0.00 secs] 
137.240: Total time for which application threads were stopped: 0.0039360 seconds, Stopping threads took: 0.0015190 seconds
137.271: Application time: 0.0308090 seconds
137.273: [GC137.273: [ParNew: 37566K->4159K(37568K), 0.0023950 secs] 350989K->319246K(758420K), 0.0024400 secs] [Times: user=0.01 sys=0.00, real=0.01 secs] 
137.275: Total time for which application threads were stopped: 0.0044460 seconds, Stopping threads took: 0.0019390 seconds
137.307: Application time: 0.0317590 seconds
137.309: [GC137.309: [ParNew: 37567K->4158K(37568K), 0.0025020 secs] 352654K->321444K(758420K), 0.0025470 secs] [Times: user=0.01 sys=0.00, real=0.00 secs] 
137.311: Total time for which application threads were stopped: 0.0042840 seconds, Stopping threads took: 0.0016750 seconds
137.341: Application time: 0.0298440 seconds
137.344: [GC137.344: [ParNew: 37566K->4159K(37568K), 0.0028220 secs] 354852K->324570K(758420K), 0.0028670 secs] [Times: user=0.02 sys=0.00, real=0.00 secs] 
137.346: Total time for which application threads were stopped: 0.0052670 seconds, Stopping threads took: 0.0023330 seconds
137.376: Application time: 0.0292520 seconds
137.377: [GC137.377: [ParNew: 37567K->4158K(37568K), 0.0028370 secs] 357978K->327536K(758420K), 0.0028830 secs] [Times: user=0.02 sys=0.00, real=0.00 secs] 
137.380: Total time for which application threads were stopped: 0.0039550 seconds, Stopping threads took: 0.0010050 seconds
137.410: Application time: 0.0302950 seconds
137.412: [GC137.412: [ParNew: 37566K->4158K(37568K), 0.0024280 secs] 360944K->329491K(758420K), 0.0024690 secs] [Times: user=0.02 sys=0.00, real=0.00 secs] 
137.415: Total time for which application threads were stopped: 0.0045130 seconds, Stopping threads took: 0.0019800 seconds
137.445: Application time: 0.0306340 seconds
137.446: [GC137.446: [ParNew: 37566K->4158K(37568K), 0.0029810 secs] 362899K->333238K(758420K), 0.0030260 secs] [Times: user=0.02 sys=0.00, real=0.01 secs] 
137.449: Total time for which application threads were stopped: 0.0041940 seconds, Stopping threads took: 0.0011010 seconds
137.480: Application time: 0.0304890 seconds
137.482: [GC137.482: [ParNew: 37566K->4159K(37568K), 0.0021730 secs] 366646K->334269K(758420K), 0.0022170 secs] [Times: user=0.02 sys=0.00, real=0.00 secs] 
137.484: Total time for which application threads were stopped: 0.0044350 seconds, Stopping threads took: 0.0021530 seconds
137.512: Application time: 0.0274990 seconds
137.514: [GC137.514: [ParNew: 37567K->4158K(37568K), 0.0025320 secs] 367677K->336523K(758420K), 0.0025830 secs] [Times: user=0.02 sys=0.00, real=0.01 secs] 
137.517: Total time for which application threads were stopped: 0.0049340 seconds, Stopping threads took: 0.0022850 seconds
137.547: Application time: 0.0299330 seconds
137.548: [GC137.548: [ParNew: 37566K->4159K(37568K), 0.0023520 secs] 369931K->338128K(758420K), 0.0023950 secs] [Times: user=0.02 sys=0.00, real=0.00 secs] 
137.551: Total time for which application threads were stopped: 0.0041750 seconds, Stopping threads took: 0.0017060 seconds
137.581: Application time: 0.0301050 seconds
137.584: [GC137.584: [ParNew: 37567K->4158K(37568K), 0.0026610 secs] 371536K->341077K(758420K), 0.0027030 secs] [Times: user=0.02 sys=0.00, real=0.00 secs] 
137.587: Total time for which application threads were stopped: 0.0056060 seconds, Stopping threads took: 0.0028360 seconds
137.616: Application time: 0.0295780 seconds
137.618: [GC137.618: [ParNew: 37566K->4158K(37568K), 0.0020090 secs] 374485K->341498K(758420K), 0.0020500 secs] [Times: user=0.01 sys=0.00, real=0.00 secs] 
137.620: Total time for which application threads were stopped: 0.0038100 seconds, Stopping threads took: 0.0016950 seconds
137.648: Application time: 0.0277960 seconds
137.650: [GC137.650: [ParNew: 37566K->4158K(37568K), 0.0027420 secs] 374906K->344384K(758420K), 0.0027850 secs] [Times: user=0.02 sys=0.00, real=0.00 secs] 
137.653: Total time for which application threads were stopped: 0.0050890 seconds, Stopping threads took: 0.0022390 seconds
137.684: Application time: 0.0313920 seconds
137.686: [GC137.686: [ParNew: 37564K->4158K(37568K), 0.0026370 secs] 377791K->347288K(758420K), 0.0026780 secs] [Times: user=0.02 sys=0.00, real=0.01 secs] 
137.689: Total time for which application threads were stopped: 0.0046320 seconds, Stopping threads took: 0.0018890 seconds
137.716: Application time: 0.0269900 seconds
137.718: [GC137.718: [ParNew: 37566K->4158K(37568K), 0.0029650 secs] 380696K->351031K(758420K), 0.0030100 secs] [Times: user=0.02 sys=0.00, real=0.00 secs] 
137.721: Total time for which application threads were stopped: 0.0055100 seconds, Stopping threads took: 0.0024350 seconds
137.751: Application time: 0.0293030 seconds
137.753: [GC137.753: [ParNew: 37566K->4159K(37568K), 0.0026100 secs] 384439K->353632K(758420K), 0.0026520 secs] [Times: user=0.02 sys=0.00, real=0.01 secs] 
137.756: Total time for which application threads were stopped: 0.0054100 seconds, Stopping threads took: 0.0026940 seconds
137.785: Application time: 0.0290470 seconds
137.786: [GC137.786: [ParNew: 37567K->4158K(37568K), 0.0021360 secs] 387040K->354628K(758420K), 0.0021800 secs] [Times: user=0.01 sys=0.00, real=0.01 secs] 
137.788: Total time for which application threads were stopped: 0.0033180 seconds, Stopping threads took: 0.0010730 seconds
137.819: Application time: 0.0304480 seconds
137.820: [GC137.820: [ParNew: 37566K->4001K(37568K), 0.0017670 secs] 388036K->354471K(758420K), 0.0018130 secs] [Times: user=0.01 sys=0.00, real=0.00 secs] 
137.822: Total time for which application threads were stopped: 0.0033960 seconds, Stopping threads took: 0.0014960 seconds
137.852: Application time: 0.0295480 seconds
137.854: [GC137.854: [ParNew: 37409K->4158K(37568K), 0.0023070 secs] 387879K->356012K(758420K), 0.0023520 secs] [Times: user=0.02 sys=0.00, real=0.01 secs] 
137.856: Total time for which application threads were stopped: 0.0043120 seconds, Stopping threads took: 0.0018940 seconds
137.885: Application time: 0.0292660 seconds
137.887: [GC137.887: [ParNew: 37566K->4159K(37568K), 0.0024100 secs] 389420K->357859K(758420K), 0.0024550 secs] [Times: user=0.01 sys=0.00, real=0.00 secs] 
137.890: Total time for which application threads were stopped: 0.0041550 seconds, Stopping threads took: 0.0016350 seconds
137.918: Application time: 0.0285390 seconds
137.920: [GC137.920: [ParNew: 37567K->4159K(37568K), 0.0028470 secs] 391267K->361049K(758420K), 0.0028960 secs] [Times: user=0.01 sys=0.01, real=0.00 secs] 
137.923: Total time for which application threads were stopped: 0.0046450 seconds, Stopping threads took: 0.0016850 seconds
137.955: Application time: 0.0317780 seconds
137.957: [GC137.957: [ParNew: 37567K->4158K(37568K), 0.0027340 secs] 394457K->363994K(758420K), 0.0027850 secs] [Times: user=0.02 sys=0.00, real=0.00 secs] 
137.960: Total time for which application threads were stopped: 0.0055730 seconds, Stopping threads took: 0.0027280 seconds
137.991: Application time: 0.0305800 seconds
137.993: [GC137.993: [ParNew: 37566K->4158K(37568K), 0.0024200 secs] 397402K->365760K(758420K), 0.0024640 secs] [Times: user=0.02 sys=0.00, real=0.01 secs] 
137.995: Total time for which application threads were stopped: 0.0044590 seconds, Stopping threads took: 0.0019290 seconds
138.025: Application time: 0.0295570 seconds
138.026: [GC138.026: [ParNew: 37566K->4158K(37568K), 0.0022790 secs] 399168K->367158K(758420K), 0.0023220 secs] [Times: user=0.02 sys=0.00, real=0.01 secs] 
138.028: Total time for which application threads were stopped: 0.0035570 seconds, Stopping threads took: 0.0011680 seconds
138.056: Application time: 0.0278460 seconds
138.059: [GC138.059: [ParNew: 37566K->4158K(37568K), 0.0028370 secs] 400566K->370413K(758420K), 0.0028780 secs] [Times: user=0.02 sys=0.00, real=0.00 secs] 
138.061: Total time for which application threads were stopped: 0.0053300 seconds, Stopping threads took: 0.0023870 seconds
138.091: Application time: 0.0291670 seconds
138.093: [GC138.093: [ParNew: 37565K->4159K(37568K), 0.0027900 secs] 403819K->373505K(758420K), 0.0028350 secs] [Times: user=0.02 sys=0.00, real=0.01 secs] 
138.096: Total time for which application threads were stopped: 0.0055600 seconds, Stopping threads took: 0.0026590 seconds
138.126: Application time: 0.0303070 seconds
138.129: [GC138.129: [ParNew: 37567K->4158K(37568K), 0.0021410 secs] 406913K->374575K(758420K), 0.0021840 secs] [Times: user=0.02 sys=0.00, real=0.00 secs] 
138.131: Total time for which application threads were stopped: 0.0046990 seconds, Stopping threads took: 0.0024500 seconds
138.160: Application time: 0.0290250 seconds
138.162: [GC138.163: [ParNew: 37565K->4158K(37568K), 0.0024090 secs] 407982K->376453K(758420K), 0.0024530 secs] [Times: user=0.02 sys=0.00, real=0.00 secs] 
138.165: Total time for which application threads were stopped: 0.0047540 seconds, Stopping threads took: 0.0022360 seconds
138.194: Application time: 0.0294380 seconds
138.196: [GC138.196: [ParNew: 37566K->4158K(37568K), 0.0024350 secs] 409861K->378343K(758420K), 0.0024780 secs] [Times: user=0.02 sys=0.00, real=0.00 secs] 
138.198: Total time for which application threads were stopped: 0.0038940 seconds, Stopping threads took: 0.0013490 seconds
138.227: Application time: 0.0291630 seconds
138.230: [GC138.230: [ParNew: 37566K->4159K(37568K), 0.0025940 secs] 411751K->380709K(758420K), 0.0026370 secs] [Times: user=0.02 sys=0.00, real=0.00 secs] 
138.232: Total time for which application threads were stopped: 0.0047530 seconds, Stopping threads took: 0.0020500 seconds
138.262: Application time: 0.0293350 seconds
138.264: [GC138.264: [ParNew: 37567K->4159K(37568K), 0.0026730 secs] 414117K->383534K(758420K), 0.0027160 secs] [Times: user=0.01 sys=0.00, real=0.00 secs] 
138.266: Total time for which application threads were stopped: 0.0048610 seconds, Stopping threads took: 0.0020800 seconds
138.296: Application time: 0.0292360 seconds
138.298: [GC138.298: [ParNew: 37567K->4158K(37568K), 0.0027190 secs] 416942K->386282K(758420K), 0.0027640 secs] [Times: user=0.02 sys=0.00, real=0.00 secs] 
138.300: Total time for which application threads were stopped: 0.0046540 seconds, Stopping threads took: 0.0018250 seconds
138.330: Application time: 0.0292890 seconds
138.332: [GC138.332: [ParNew: 37566K->4159K(37568K), 0.0027240 secs] 419690K->388915K(758420K), 0.0027660 secs] [Times: user=0.02 sys=0.00, real=0.01 secs] 
138.335: Total time for which application threads were stopped: 0.0054480 seconds, Stopping threads took: 0.0026170 seconds
138.364: Application time: 0.0292740 seconds
138.365: [GC138.366: [ParNew: 37566K->4159K(37568K), 0.0022510 secs] 422322K->390328K(758420K), 0.0022960 secs] [Times: user=0.01 sys=0.00, real=0.01 secs] 
138.368: Total time for which application threads were stopped: 0.0034700 seconds, Stopping threads took: 0.0011060 seconds
138.397: Application time: 0.0288570 seconds
138.399: [GC138.399: [ParNew: 37567K->4159K(37568K), 0.0023990 secs] 423736K->392130K(758420K), 0.0024400 secs] [Times: user=0.02 sys=0.00, real=0.00 secs] 
138.402: Total time for which application threads were stopped: 0.0049550 seconds, Stopping threads took: 0.0024510 seconds
138.429: Application time: 0.0269500 seconds
138.431: [GC138.431: [ParNew: 37567K->4158K(37568K), 0.0028200 secs] 425538K->395395K(758420K), 0.0028660 secs] [Times: user=0.02 sys=0.00, real=0.00 secs] 
138.434: Total time for which application threads were stopped: 0.0054790 seconds, Stopping threads took: 0.0025470 seconds
138.464: Application time: 0.0296140 seconds
138.466: [GC138.466: [ParNew: 37566K->4159K(37568K), 0.0024470 secs] 428803K->397385K(758420K), 0.0024910 secs] [Times: user=0.01 sys=0.00, real=0.01 secs] 
138.469: Total time for which application threads were stopped: 0.0051330 seconds, Stopping threads took: 0.0025750 seconds
138.497: Application time: 0.0277020 seconds
138.499: [GC138.499: [ParNew: 37567K->4158K(37568K), 0.0030760 secs] 430793K->401171K(758420K), 0.0031170 secs] [Times: user=0.02 sys=0.00, real=0.00 secs] 
138.502: Total time for which application threads were stopped: 0.0051810 seconds, Stopping threads took: 0.0019980 seconds
138.531: Application time: 0.0296940 seconds
138.534: [GC138.534: [ParNew: 37566K->4158K(37568K), 0.0026580 secs] 434579K->403824K(758420K), 0.0027020 secs] [Times: user=0.02 sys=0.00, real=0.01 secs] 
138.537: Total time for which application threads were stopped: 0.0055170 seconds, Stopping threads took: 0.0027490 seconds
138.566: Application time: 0.0294810 seconds
138.568: [GC138.568: [ParNew: 37566K->4159K(37568K), 0.0029730 secs] 437232K->407300K(758420K), 0.0030190 secs] [Times: user=0.02 sys=0.00, real=0.00 secs] 
138.571: Total time for which application threads were stopped: 0.0045660 seconds, Stopping threads took: 0.0014720 seconds
138.601: Application time: 0.0297610 seconds
138.602: [GC138.602: [ParNew: 37567K->4159K(37568K), 0.0022830 secs] 440708K->408623K(758420K), 0.0023280 secs] [Times: user=0.02 sys=0.00, real=0.00 secs] 
138.605: Total time for which application threads were stopped: 0.0041080 seconds, Stopping threads took: 0.0017130 seconds
138.634: Application time: 0.0295360 seconds
138.636: [GC138.636: [ParNew: 37567K->4158K(37568K), 0.0026510 secs] 442031K->410972K(758420K), 0.0026950 secs] [Times: user=0.02 sys=0.00, real=0.00 secs] 
138.639: Total time for which application threads were stopped: 0.0042830 seconds, Stopping threads took: 0.0015000 seconds
138.668: Application time: 0.0291880 seconds
138.670: [GC138.670: [ParNew: 37566K->4159K(37568K), 0.0028430 secs] 444380K->414168K(758420K), 0.0028890 secs] [Times: user=0.02 sys=0.00, real=0.00 secs] 
138.673: Total time for which application threads were stopped: 0.0046850 seconds, Stopping threads took: 0.0017280 seconds
138.701: Application time: 0.0285650 seconds
138.704: [GC138.704: [ParNew: 37567K->4158K(37568K), 0.0028390 secs] 447576K->417418K(758420K), 0.0028830 secs] [Times: user=0.02 sys=0.00, real=0.01 secs] 
138.707: Total time for which application threads were stopped: 0.0058910 seconds, Stopping threads took: 0.0029440 seconds
138.736: Application time: 0.0293300 seconds
138.738: [GC138.738: [ParNew: 37566K->4159K(37568K), 0.0021870 secs] 450826K->418602K(758420K), 0.0022340 secs] [Times: user=0.01 sys=0.00, real=0.00 secs] 
138.740: Total time for which application threads were stopped: 0.0038500 seconds, Stopping threads took: 0.0015490 seconds
138.770: Application time: 0.0295470 seconds
138.772: [GC138.772: [ParNew: 37565K->4158K(37568K), 0.0020710 secs] 452008K->419310K(758420K), 0.0021110 secs] [Times: user=0.02 sys=0.00, real=0.00 secs] 
138.774: Total time for which application threads were stopped: 0.0046610 seconds, Stopping threads took: 0.0024670 seconds
138.804: Application time: 0.0291850 seconds
138.805: [GC138.805: [ParNew: 37566K->4158K(37568K), 0.0024790 secs] 452718K->421334K(758420K), 0.0025300 secs] [Times: user=0.02 sys=0.00, real=0.01 secs] 
138.808: Total time for which application threads were stopped: 0.0041920 seconds, Stopping threads took: 0.0015950 seconds
138.837: Application time: 0.0294580 seconds
138.838: [GC138.839: [ParNew: 37566K->4159K(37568K), 0.0021360 secs] 454742K->422327K(758420K), 0.0021790 secs] [Times: user=0.01 sys=0.00, real=0.00 secs] 
138.841: Total time for which application threads were stopped: 0.0034550 seconds, Stopping threads took: 0.0012120 seconds
138.870: Application time: 0.0297410 seconds
138.873: [GC138.873: [ParNew: 37567K->4059K(37568K), 0.0019810 secs] 455735K->422227K(758420K), 0.0020340 secs] [Times: user=0.02 sys=0.00, real=0.01 secs] 
138.875: Total time for which application threads were stopped: 0.0042120 seconds, Stopping threads took: 0.0021150 seconds
138.905: Application time: 0.0298700 seconds
138.907: [GC138.907: [ParNew: 37467K->4159K(37568K), 0.0025650 secs] 455635K->424682K(758420K), 0.0026070 secs] [Times: user=0.02 sys=0.00, real=0.00 secs] 
138.909: Total time for which application threads were stopped: 0.0048670 seconds, Stopping threads took: 0.0021860 seconds
138.938: Application time: 0.0290990 seconds
138.941: [GC138.941: [ParNew: 37567K->4158K(37568K), 0.0026730 secs] 458090K->427451K(758420K), 0.0027160 secs] [Times: user=0.02 sys=0.00, real=0.00 secs] 
138.944: Total time for which application threads were stopped: 0.0055670 seconds, Stopping threads took: 0.0027860 seconds
138.974: Application time: 0.0301390 seconds
138.976: [GC138.976: [ParNew: 37566K->4158K(37568K), 0.0023510 secs] 460859K->429164K(758420K), 0.0023960 secs] [Times: user=0.02 sys=0.01, real=0.00 secs] 
138.979: Total time for which application threads were stopped: 0.0045240 seconds, Stopping threads took: 0.0020630 seconds
139.009: Application time: 0.0303400 seconds
139.011: [GC139.011: [ParNew: 37566K->4158K(37568K), 0.0023310 secs] 462572K->430672K(758420K), 0.0023760 secs] [Times: user=0.02 sys=0.00, real=0.00 secs] 
139.014: Total time for which application threads were stopped: 0.0044530 seconds, Stopping threads took: 0.0020100 seconds
139.042: Application time: 0.0281940 seconds
139.044: [GC139.044: [ParNew: 37566K->4158K(37568K), 0.0028660 secs] 464080K->433930K(758420K), 0.0029070 secs] [Times: user=0.01 sys=0.01, real=0.01 secs] 
139.047: Total time for which application threads were stopped: 0.0050030 seconds, Stopping threads took: 0.0020330 seconds
139.076: Application time: 0.0293830 seconds
139.079: [GC139.079: [ParNew: 37566K->4159K(37568K), 0.0023000 secs] 467338K->435425K(758420K), 0.0023430 secs] [Times: user=0.01 sys=0.00, real=0.00 secs] 
139.081: Total time for which application threads were stopped: 0.0049510 seconds, Stopping threads took: 0.0025340 seconds
139.110: Application time: 0.0291730 seconds
139.112: [GC139.112: [ParNew: 37567K->4159K(37568K), 0.0024840 secs] 468833K->437189K(758420K), 0.0025260 secs] [Times: user=0.02 sys=0.00, real=0.00 secs] 
139.114: Total time for which application threads were stopped: 0.0039160 seconds, Stopping threads took: 0.0013250 seconds
139.143: Application time: 0.0290250 seconds
139.145: [GC139.145: [ParNew: 37567K->4159K(37568K), 0.0026700 secs] 470597K->439837K(758420K), 0.0027140 secs] [Times: user=0.02 sys=0.00, real=0.01 secs] 
139.148: Total time for which application threads were stopped: 0.0047150 seconds, Stopping threads took: 0.0019350 seconds
139.177: Application time: 0.0293340 seconds
139.180: [GC139.180: [ParNew: 37567K->4158K(37568K), 0.0026050 secs] 473245K->442368K(758420K), 0.0026470 secs] [Times: user=0.02 sys=0.00, real=0.00 secs] 
139.183: Total time for which application threads were stopped: 0.0052990 seconds, Stopping threads took: 0.0025900 seconds
139.212: Application time: 0.0292780 seconds
139.213: [GC139.213: [ParNew: 37566K->4158K(37568K), 0.0025870 secs] 475776K->444674K(758420K), 0.0026400 secs] [Times: user=0.02 sys=0.00, real=0.01 secs] 
139.216: Total time for which application threads were stopped: 0.0038410 seconds, Stopping threads took: 0.0011370 seconds
139.245: Application time: 0.0292490 seconds
139.247: [GC139.247: [ParNew: 37566K->4158K(37568K), 0.0025230 secs] 478082K->446983K(758420K), 0.0025640 secs] [Times: user=0.02 sys=0.01, real=0.00 secs] 
139.249: Total time for which application threads were stopped: 0.0044310 seconds, Stopping threads took: 0.0018040 seconds
139.279: Application time: 0.0295190 seconds
139.281: [GC139.281: [ParNew: 37566K->4159K(37568K), 0.0028280 secs] 480391K->450108K(758420K), 0.0028700 secs] [Times: user=0.02 sys=0.00, real=0.00 secs] 
139.284: Total time for which application threads were stopped: 0.0048060 seconds, Stopping threads took: 0.0018690 seconds
139.313: Application time: 0.0295050 seconds
139.316: [GC139.316: [ParNew: 37567K->4159K(37568K), 0.0027320 secs] 483516K->453048K(758420K), 0.0027730 secs] [Times: user=0.02 sys=0.00, real=0.00 secs] 
139.318: Total time for which application threads were stopped: 0.0052380 seconds, Stopping threads took: 0.0024070 seconds
139.349: Application time: 0.0304870 seconds
139.352: [GC139.352: [ParNew: 37566K->4159K(37568K), 0.0025590 secs] 486455K->455438K(758420K), 0.0025990 secs] [Times: user=0.02 sys=0.00, real=0.00 secs] 
139.354: Total time for which application threads were stopped: 0.0053500 seconds, Stopping threads took: 0.0026850 seconds
139.383: Application time: 0.0291000 seconds
139.384: [GC139.384: [ParNew: 37567K->4159K(37568K), 0.0026990 secs] 488846K->458121K(758420K), 0.0027410 secs] [Times: user=0.02 sys=0.00, real=0.01 secs] 
139.387: Total time for which application threads were stopped: 0.0036480 seconds, Stopping threads took: 0.0008420 seconds
139.417: Application time: 0.0296360 seconds
139.418: [GC139.418: [ParNew: 37567K->4159K(37568K), 0.0022990 secs] 491529K->459665K(758420K), 0.0023420 secs] [Times: user=0.01 sys=0.00, real=0.00 secs] 
139.420: Total time for which application threads were stopped: 0.0037280 seconds, Stopping threads took: 0.0013240 seconds
139.449: Application time: 0.0288480 seconds
139.451: [GC139.451: [ParNew: 37567K->4159K(37568K), 0.0024340 secs] 493073K->461630K(758420K), 0.0024770 secs] [Times: user=0.02 sys=0.00, real=0.00 secs] 
139.453: Total time for which application threads were stopped: 0.0041160 seconds, Stopping threads took: 0.0015720 seconds
139.482: Application time: 0.0290190 seconds
139.484: [GC139.484: [ParNew: 37567K->4159K(37568K), 0.0025640 secs] 495038K->464024K(758420K), 0.0026060 secs] [Times: user=0.02 sys=0.00, real=0.01 secs] 
139.487: Total time for which application threads were stopped: 0.0043430 seconds, Stopping threads took: 0.0016510 seconds
139.516: Application time: 0.0294480 seconds
139.519: [GC139.519: [ParNew: 37567K->4158K(37568K), 0.0022240 secs] 497432K->465375K(758420K), 0.0022660 secs] [Times: user=0.02 sys=0.00, real=0.00 secs] 
139.521: Total time for which application threads were stopped: 0.0049740 seconds, Stopping threads took: 0.0026460 seconds
139.551: Application time: 0.0296680 seconds
139.552: [GC139.552: [ParNew: 37566K->4158K(37568K), 0.0022680 secs] 498783K->466732K(758420K), 0.0023110 secs] [Times: user=0.02 sys=0.00, real=0.00 secs] 
139.555: Total time for which application threads were stopped: 0.0038120 seconds, Stopping threads took: 0.0014240 seconds
139.585: Application time: 0.0302270 seconds
139.585: [GC139.585: [ParNew: 37566K->4159K(37568K), 0.0039730 secs] 500140K->468756K(758420K), 0.0040210 secs] [Times: user=0.02 sys=0.00, real=0.01 secs] 
139.589: Total time for which application threads were stopped: 0.0045940 seconds, Stopping threads took: 0.0004980 seconds
139.618: Application time: 0.0287790 seconds
139.620: [GC139.620: [ParNew: 37567K->4159K(37568K), 0.0030310 secs] 502164K->472412K(758420K), 0.0030740 secs] [Times: user=0.03 sys=0.00, real=0.00 secs] 
139.623: Total time for which application threads were stopped: 0.0046900 seconds, Stopping threads took: 0.0015520 seconds
139.653: Application time: 0.0303200 seconds
139.655: [GC139.655: [ParNew: 37567K->4158K(37568K), 0.0023680 secs] 505820K->473798K(758420K), 0.0024180 secs] [Times: user=0.01 sys=0.00, real=0.00 secs] 
139.657: Total time for which application threads were stopped: 0.0040030 seconds, Stopping threads took: 0.0015210 seconds
139.687: Application time: 0.0295260 seconds
139.689: [GC139.689: [ParNew: 37566K->4159K(37568K), 0.0028830 secs] 507206K->476988K(758420K), 0.0029270 secs] [Times: user=0.02 sys=0.00, real=0.00 secs] 
139.692: Total time for which application threads were stopped: 0.0050630 seconds, Stopping threads took: 0.0020730 seconds
139.722: Application time: 0.0299280 seconds
139.724: [GC139.724: [ParNew: 37567K->4158K(37568K), 0.0023900 secs] 510396K->478613K(758420K), 0.0024360 secs] [Times: user=0.01 sys=0.00, real=0.00 secs] 
139.726: Total time for which application threads were stopped: 0.0045040 seconds, Stopping threads took: 0.0020040 seconds
139.755: Application time: 0.0289680 seconds
139.756: [GC139.756: [ParNew: 37566K->4159K(37568K), 0.0024560 secs] 512021K->480085K(758420K), 0.0025010 secs] [Times: user=0.01 sys=0.00, real=0.00 secs] 
139.759: Total time for which application threads were stopped: 0.0036170 seconds, Stopping threads took: 0.0010290 seconds
139.789: Application time: 0.0305180 seconds
139.792: [GC139.792: [ParNew: 37567K->4158K(37568K), 0.0020020 secs] 513493K->480462K(758420K), 0.0020410 secs] [Times: user=0.01 sys=0.00, real=0.00 secs] 
139.794: Total time for which application threads were stopped: 0.0045460 seconds, Stopping threads took: 0.0024200 seconds
139.823: Application time: 0.0294610 seconds
139.825: [GC139.825: [ParNew: 37566K->4158K(37568K), 0.0027840 secs] 513870K->483344K(758420K), 0.0028300 secs] [Times: user=0.02 sys=0.00, real=0.01 secs] 
139.828: Total time for which application threads were stopped: 0.0047900 seconds, Stopping threads took: 0.0018840 seconds
139.857: Application time: 0.0291290 seconds
139.859: [GC139.859: [ParNew: 37564K->4159K(37568K), 0.0025990 secs] 516750K->485544K(758420K), 0.0026360 secs] [Times: user=0.01 sys=0.00, real=0.00 secs] 
139.862: Total time for which application threads were stopped: 0.0044200 seconds, Stopping threads took: 0.0017170 seconds
139.891: Application time: 0.0292860 seconds
139.894: [GC139.894: [ParNew: 37567K->4159K(37568K), 0.0023350 secs] 518952K->487220K(758420K), 0.0023800 secs] [Times: user=0.02 sys=0.00, real=0.01 secs] 
139.896: Total time for which application threads were stopped: 0.0053200 seconds, Stopping threads took: 0.0028730 seconds
139.925: Application time: 0.0291260 seconds
139.927: [GC139.927: [ParNew: 37567K->4158K(37568K), 0.0026000 secs] 520628K->489680K(758420K), 0.0026440 secs] [Times: user=0.02 sys=0.00, real=0.00 secs] 
139.929: Total time for which application threads were stopped: 0.0039600 seconds, Stopping threads took: 0.0012490 seconds
139.959: Application time: 0.0297280 seconds
139.962: [GC139.962: [ParNew: 37566K->4159K(37568K), 0.0024980 secs] 523088K->492089K(758420K), 0.0025410 secs] [Times: user=0.01 sys=0.00, real=0.00 secs] 
139.965: Total time for which application threads were stopped: 0.0055510 seconds, Stopping threads took: 0.0029440 seconds
139.994: Application time: 0.0292170 seconds
139.996: [GC139.996: [ParNew: 37567K->4158K(37568K), 0.0025490 secs] 525497K->494470K(758420K), 0.0025900 secs] [Times: user=0.02 sys=0.00, real=0.00 secs] 
139.998: Total time for which application threads were stopped: 0.0044140 seconds, Stopping threads took: 0.0017590 seconds
140.028: Application time: 0.0298830 seconds
140.031: [GC140.031: [ParNew: 37566K->4159K(37568K), 0.0025720 secs] 527878K->496727K(758420K), 0.0026170 secs] [Times: user=0.02 sys=0.00, real=0.00 secs] 
140.034: Total time for which application threads were stopped: 0.0057200 seconds, Stopping threads took: 0.0030350 seconds
140.064: Application time: 0.0299890 seconds
140.067: [GC140.067: [ParNew: 37565K->4159K(37568K), 0.0021630 secs] 530134K->497763K(758420K), 0.0022050 secs] [Times: user=0.01 sys=0.00, real=0.00 secs] 
140.069: Total time for which application threads were stopped: 0.0048860 seconds, Stopping threads took: 0.0026100 seconds
140.099: Application time: 0.0303320 seconds
140.100: [GC140.100: [ParNew: 37567K->4158K(37568K), 0.0027930 secs] 531171K->500141K(758420K), 0.0028390 secs] [Times: user=0.02 sys=0.00, real=0.00 secs] 
140.103: Total time for which application threads were stopped: 0.0035260 seconds, Stopping threads took: 0.0006120 seconds
140.132: Application time: 0.0296050 seconds
140.134: [GC140.134: [ParNew: 37566K->4159K(37568K), 0.0030720 secs] 533549K->503782K(758420K), 0.0031180 secs] [Times: user=0.03 sys=0.00, real=0.01 secs] 
140.137: Total time for which application threads were stopped: 0.0051570 seconds, Stopping threads took: 0.0019510 seconds
140.166: Application time: 0.0288970 seconds
140.168: [GC140.169: [ParNew: 37567K->4159K(37568K), 0.0028140 secs] 537190K->506214K(758420K), 0.0028590 secs] [Times: user=0.02 sys=0.00, real=0.00 secs] 
140.171: Total time for which application threads were stopped: 0.0050150 seconds, Stopping threads took: 0.0020980 seconds
140.201: Application time: 0.0296950 seconds
140.203: [GC140.203: [ParNew: 37567K->4159K(37568K), 0.0024810 secs] 539622K->508384K(758420K), 0.0025230 secs] [Times: user=0.02 sys=0.00, real=0.00 secs] 
140.205: Total time for which application threads were stopped: 0.0044180 seconds, Stopping threads took: 0.0018310 seconds
140.235: Application time: 0.0296590 seconds
140.239: [GC140.239: [ParNew: 37567K->4159K(37568K), 0.0024900 secs] 541792K->510526K(758420K), 0.0025310 secs] [Times: user=0.02 sys=0.00, real=0.00 secs] 
140.241: Total time for which application threads were stopped: 0.0060950 seconds, Stopping threads took: 0.0034990 seconds
140.270: Application time: 0.0291830 seconds
140.273: [GC140.273: [ParNew: 37567K->4159K(37568K), 0.0022050 secs] 543934K->511611K(758420K), 0.0022470 secs] [Times: user=0.02 sys=0.00, real=0.01 secs] 
140.275: Total time for which application threads were stopped: 0.0044720 seconds, Stopping threads took: 0.0021610 seconds
140.304: Application time: 0.0288740 seconds
140.306: [GC140.307: [ParNew: 37567K->4158K(37568K), 0.0022990 secs] 545019K->513234K(758420K), 0.0023430 secs] [Times: user=0.02 sys=0.00, real=0.01 secs] 
140.309: Total time for which application threads were stopped: 0.0050700 seconds, Stopping threads took: 0.0026610 seconds
140.338: Application time: 0.0292400 seconds
140.340: [GC140.340: [ParNew: 37566K->4159K(37568K), 0.0028890 secs] 546642K->516381K(758420K), 0.0029330 secs] [Times: user=0.02 sys=0.00, real=0.00 secs] 
140.343: Total time for which application threads were stopped: 0.0044940 seconds, Stopping threads took: 0.0014870 seconds
140.371: Application time: 0.0285970 seconds
140.374: [GC140.374: [ParNew: 37567K->4158K(37568K), 0.0028170 secs] 549789K->519481K(758420K), 0.0028650 secs] [Times: user=0.02 sys=0.00, real=0.01 secs] 
140.377: Total time for which application threads were stopped: 0.0053400 seconds, Stopping threads took: 0.0023880 seconds
140.405: Application time: 0.0287300 seconds
140.407: [GC140.407: [ParNew: 37566K->4158K(37568K), 0.0028880 secs] 552889K->522476K(758420K), 0.0029330 secs] [Times: user=0.02 sys=0.00, real=0.00 secs] 
140.410: Total time for which application threads were stopped: 0.0050510 seconds, Stopping threads took: 0.0020520 seconds
140.439: Application time: 0.0290770 seconds
140.441: [GC140.441: [ParNew: 37565K->4158K(37568K), 0.0028200 secs] 555883K->525224K(758420K), 0.0028650 secs] [Times: user=0.02 sys=0.00, real=0.00 secs] 
140.444: Total time for which application threads were stopped: 0.0045640 seconds, Stopping threads took: 0.0016120 seconds
140.474: Application time: 0.0298230 seconds
140.477: [GC140.477: [ParNew: 37566K->4159K(37568K), 0.0027700 secs] 558632K->527903K(758420K), 0.0028150 secs] [Times: user=0.01 sys=0.00, real=0.00 secs] 
140.480: Total time for which application threads were stopped: 0.0057110 seconds, Stopping threads took: 0.0028320 seconds
140.510: Application time: 0.0309570 seconds
140.513: [GC140.514: [ParNew: 37565K->4159K(37568K), 0.0022300 secs] 561309K->529078K(758420K), 0.0022850 secs] [Times: user=0.02 sys=0.00, real=0.01 secs] 
140.516: Total time for which application threads were stopped: 0.0053450 seconds, Stopping threads took: 0.0029850 seconds
140.545: Application time: 0.0290640 seconds
140.548: [GC140.548: [ParNew: 37567K->4158K(37568K), 0.0028130 secs] 562486K->531729K(758420K), 0.0028550 secs] [Times: user=0.02 sys=0.00, real=0.00 secs] 
140.551: Total time for which application threads were stopped: 0.0060940 seconds, Stopping threads took: 0.0031530 seconds
140.580: Application time: 0.0292120 seconds
140.582: [GC140.582: [ParNew: 37566K->4158K(37568K), 0.0025640 secs] 565137K->534153K(758420K), 0.0026080 secs] [Times: user=0.02 sys=0.00, real=0.00 secs] 
140.585: Total time for which application threads were stopped: 0.0045270 seconds, Stopping threads took: 0.0018330 seconds
140.613: Application time: 0.0287450 seconds
140.616: [GC140.617: [ParNew: 37566K->4158K(37568K), 0.0025500 secs] 567561K->536450K(758420K), 0.0025960 secs] [Times: user=0.02 sys=0.00, real=0.00 secs] 
140.619: Total time for which application threads were stopped: 0.0056550 seconds, Stopping threads took: 0.0029870 seconds
140.648: Application time: 0.0292100 seconds
140.650: [GC140.650: [ParNew: 37566K->4158K(37568K), 0.0025460 secs] 569858K->538842K(758420K), 0.0025850 secs] [Times: user=0.02 sys=0.00, real=0.00 secs] 
140.653: Total time for which application threads were stopped: 0.0044830 seconds, Stopping threads took: 0.0018330 seconds
140.682: Application time: 0.0291810 seconds
140.683: [GC140.683: [ParNew: 37566K->4159K(37568K), 0.0028150 secs] 572250K->540670K(758420K), 0.0028670 secs] [Times: user=0.02 sys=0.00, real=0.00 secs] 
140.686: Total time for which application threads were stopped: 0.0040180 seconds, Stopping threads took: 0.0010750 seconds
140.716: Application time: 0.0302040 seconds
140.718: [GC140.718: [ParNew: 37567K->4159K(37568K), 0.0022620 secs] 574078K->542118K(758420K), 0.0023070 secs] [Times: user=0.02 sys=0.00, real=0.00 secs] 
140.721: Total time for which application threads were stopped: 0.0045480 seconds, Stopping threads took: 0.0021750 seconds
140.750: Application time: 0.0290480 seconds
140.752: [GC140.752: [ParNew: 37567K->4158K(37568K), 0.0025700 secs] 575526K->544545K(758420K), 0.0026130 secs] [Times: user=0.01 sys=0.00, real=0.00 secs] 
140.754: Total time for which application threads were stopped: 0.0046140 seconds, Stopping threads took: 0.0019340 seconds
140.784: Application time: 0.0290960 seconds
140.785: [GC140.785: [ParNew: 37566K->4158K(37568K), 0.0023330 secs] 577953K->545931K(758420K), 0.0023770 secs] [Times: user=0.01 sys=0.00, real=0.01 secs] 
140.788: Total time for which application threads were stopped: 0.0040800 seconds, Stopping threads took: 0.0016160 seconds
140.818: Application time: 0.0302240 seconds
140.820: [GC140.820: [ParNew: 37565K->4159K(37568K), 0.0027180 secs] 579339K->548702K(758420K), 0.0027640 secs] [Times: user=0.02 sys=0.00, real=0.00 secs] 
140.823: Total time for which application threads were stopped: 0.0052270 seconds, Stopping threads took: 0.0024040 seconds
140.852: Application time: 0.0294130 seconds
140.856: [GC140.856: [ParNew: 37566K->4158K(37568K), 0.0026530 secs] 582109K->550903K(758420K), 0.0027000 secs] [Times: user=0.02 sys=0.01, real=0.00 secs] 
140.858: Total time for which application threads were stopped: 0.0058150 seconds, Stopping threads took: 0.0030490 seconds
140.889: Application time: 0.0306460 seconds
140.891: [GC140.891: [ParNew: 37566K->4158K(37568K), 0.0028490 secs] 584311K->553962K(758420K), 0.0028940 secs] [Times: user=0.02 sys=0.00, real=0.00 secs] 
140.894: Total time for which application threads were stopped: 0.0052460 seconds, Stopping threads took: 0.0022860 seconds
140.924: Application time: 0.0300290 seconds
140.926: [GC140.926: [ParNew: 37565K->4159K(37568K), 0.0021870 secs] 587369K->554997K(758420K), 0.0022310 secs] [Times: user=0.01 sys=0.00, real=0.01 secs] 
140.928: Total time for which application threads were stopped: 0.0038770 seconds, Stopping threads took: 0.0015720 seconds
140.957: Application time: 0.0290580 seconds
140.960: [GC140.960: [ParNew: 37567K->4158K(37568K), 0.0027830 secs] 588405K->557886K(758420K), 0.0028270 secs] [Times: user=0.02 sys=0.00, real=0.00 secs] 
140.962: Total time for which application threads were stopped: 0.0052160 seconds, Stopping threads took: 0.0023240 seconds
140.994: Application time: 0.0311170 seconds
140.995: [GC140.995: [ParNew: 37566K->4158K(37568K), 0.0028640 secs] 591294K->560812K(758420K), 0.0029090 secs] [Times: user=0.01 sys=0.00, real=0.00 secs] 
140.998: Total time for which application threads were stopped: 0.0046330 seconds, Stopping threads took: 0.0016500 seconds
141.028: Application time: 0.0300220 seconds
141.031: [GC141.031: [ParNew: 37566K->4158K(37568K), 0.0025040 secs] 594220K->562737K(758420K), 0.0025510 secs] [Times: user=0.02 sys=0.00, real=0.00 secs] 
141.033: Total time for which application threads were stopped: 0.0050010 seconds, Stopping threads took: 0.0023830 seconds
141.062: Application time: 0.0287890 seconds
141.063: [GC141.064: [ParNew: 37566K->4158K(37568K), 0.0025170 secs] 596145K->564635K(758420K), 0.0025600 secs] [Times: user=0.02 sys=0.00, real=0.00 secs] 
141.066: Total time for which application threads were stopped: 0.0041190 seconds, Stopping threads took: 0.0014940 seconds
141.095: Application time: 0.0292750 seconds
141.098: [GC141.098: [ParNew: 37566K->4159K(37568K), 0.0026600 secs] 598043K->567079K(758420K), 0.0027030 secs] [Times: user=0.02 sys=0.00, real=0.00 secs] 
141.101: Total time for which application threads were stopped: 0.0052630 seconds, Stopping threads took: 0.0024720 seconds
141.128: Application time: 0.0271610 seconds
141.130: [GC141.130: [ParNew: 37567K->4158K(37568K), 0.0030770 secs] 600487K->570818K(758420K), 0.0031190 secs] [Times: user=0.02 sys=0.00, real=0.00 secs] 
141.133: Total time for which application threads were stopped: 0.0049120 seconds, Stopping threads took: 0.0017160 seconds
141.163: Application time: 0.0300080 seconds
141.165: [GC141.165: [ParNew: 37566K->4159K(37568K), 0.0027030 secs] 604226K->573479K(758420K), 0.0027480 secs] [Times: user=0.02 sys=0.00, real=0.01 secs] 
141.168: Total time for which application threads were stopped: 0.0054220 seconds, Stopping threads took: 0.0025850 seconds
141.198: Application time: 0.0296390 seconds
141.200: [GC141.200: [ParNew: 37567K->4158K(37568K), 0.0028970 secs] 606887K->576726K(758420K), 0.0029410 secs] [Times: user=0.02 sys=0.00, real=0.00 secs] 
141.203: Total time for which application threads were stopped: 0.0050150 seconds, Stopping threads took: 0.0020090 seconds
141.233: Application time: 0.0297530 seconds
141.235: [GC141.235: [ParNew: 37566K->4159K(37568K), 0.0025020 secs] 610134K->578830K(758420K), 0.0025450 secs] [Times: user=0.02 sys=0.00, real=0.00 secs] 
141.237: Total time for which application threads were stopped: 0.0049210 seconds, Stopping threads took: 0.0023130 seconds
141.267: Application time: 0.0295600 seconds
141.269: [GC141.269: [ParNew: 37567K->4158K(37568K), 0.0024190 secs] 612238K->580582K(758420K), 0.0024620 secs] [Times: user=0.01 sys=0.00, real=0.00 secs] 
141.272: Total time for which application threads were stopped: 0.0048630 seconds, Stopping threads took: 0.0023430 seconds
141.300: Application time: 0.0279570 seconds
141.302: [GC141.302: [ParNew: 37566K->4158K(37568K), 0.0027110 secs] 613990K->583277K(758420K), 0.0027530 secs] [Times: user=0.02 sys=0.00, real=0.00 secs] 
141.305: Total time for which application threads were stopped: 0.0049410 seconds, Stopping threads took: 0.0021240 seconds
141.334: Application time: 0.0296840 seconds
141.337: [GC141.337: [ParNew: 37565K->4159K(37568K), 0.0026580 secs] 616685K->585741K(758420K), 0.0027040 secs] [Times: user=0.02 sys=0.00, real=0.00 secs] 
141.339: Total time for which application threads were stopped: 0.0049190 seconds, Stopping threads took: 0.0021410 seconds
141.370: Application time: 0.0310870 seconds
141.373: [GC141.373: [ParNew: 37567K->4158K(37568K), 0.0029450 secs] 619149K->589022K(758420K), 0.0029980 secs] [Times: user=0.03 sys=0.00, real=0.01 secs] 
141.376: Total time for which application threads were stopped: 0.0056110 seconds, Stopping threads took: 0.0025480 seconds
141.408: Application time: 0.0323120 seconds
141.411: [GC141.411: [ParNew: 37565K->4158K(37568K), 0.0024160 secs] 622429K->590296K(758420K), 0.0024580 secs] [Times: user=0.02 sys=0.00, real=0.00 secs] 
141.414: Total time for which application threads were stopped: 0.0052140 seconds, Stopping threads took: 0.0026880 seconds
141.445: Application time: 0.0314190 seconds
141.446: [GC141.446: [ParNew: 37566K->4159K(37568K), 0.0026490 secs] 623704K->592630K(758420K), 0.0026910 secs] [Times: user=0.02 sys=0.00, real=0.01 secs] 
141.449: Total time for which application threads were stopped: 0.0039760 seconds, Stopping threads took: 0.0012200 seconds
141.481: Application time: 0.0317220 seconds
141.482: [GC141.482: [ParNew: 37567K->4158K(37568K), 0.0021930 secs] 626038K->593139K(758420K), 0.0022380 secs] [Times: user=0.01 sys=0.00, real=0.00 secs] 
141.485: Total time for which application threads were stopped: 0.0038260 seconds, Stopping threads took: 0.0015190 seconds
141.516: Application time: 0.0316110 seconds
141.518: [GC141.518: [ParNew: 37566K->4159K(37568K), 0.0027140 secs] 626547K->594619K(758420K), 0.0027590 secs] [Times: user=0.02 sys=0.00, real=0.00 secs] 
141.521: Total time for which application threads were stopped: 0.0046050 seconds, Stopping threads took: 0.0017780 seconds
141.552: Application time: 0.0315080 seconds
141.554: [GC141.554: [ParNew: 37567K->4158K(37568K), 0.0025200 secs] 628027K->596488K(758420K), 0.0025640 secs] [Times: user=0.02 sys=0.00, real=0.01 secs] 
141.557: Total time for which application threads were stopped: 0.0042620 seconds, Stopping threads took: 0.0016300 seconds
141.589: Application time: 0.0322840 seconds
141.592: [GC141.592: [ParNew: 37566K->4158K(37568K), 0.0020690 secs] 629896K->596880K(758420K), 0.0021130 secs] [Times: user=0.02 sys=0.00, real=0.00 secs] 
141.594: Total time for which application threads were stopped: 0.0047850 seconds, Stopping threads took: 0.0026050 seconds
141.625: Application time: 0.0317030 seconds
141.628: [GC141.628: [ParNew: 37566K->4158K(37568K), 0.0024330 secs] 630288K->598214K(758420K), 0.0024760 secs] [Times: user=0.02 sys=0.00, real=0.00 secs] 
141.630: Total time for which application threads were stopped: 0.0046580 seconds, Stopping threads took: 0.0021130 seconds
141.662: Application time: 0.0319170 seconds
141.664: [GC141.664: [ParNew: 37566K->4159K(37568K), 0.0025870 secs] 631622K->600440K(758420K), 0.0026300 secs] [Times: user=0.01 sys=0.00, real=0.00 secs] 
141.666: Total time for which application threads were stopped: 0.0044250 seconds, Stopping threads took: 0.0017180 seconds
141.697: Application time: 0.0308270 seconds
141.701: [GC141.701: [ParNew: 37567K->4158K(37568K), 0.0028870 secs] 633848K->603527K(758420K), 0.0029310 secs] [Times: user=0.02 sys=0.00, real=0.00 secs] 
141.704: Total time for which application threads were stopped: 0.0063760 seconds, Stopping threads took: 0.0033540 seconds
141.735: Application time: 0.0316490 seconds
141.738: [GC141.738: [ParNew: 37566K->4158K(37568K), 0.0028310 secs] 636935K->606465K(758420K), 0.0028740 secs] [Times: user=0.02 sys=0.00, real=0.00 secs] 
141.741: Total time for which application threads were stopped: 0.0058720 seconds, Stopping threads took: 0.0029310 seconds
141.773: Application time: 0.0319360 seconds
141.774: [GC141.774: [ParNew: 37566K->4158K(37568K), 0.0027840 secs] 639873K->609148K(758420K), 0.0028300 secs] [Times: user=0.02 sys=0.00, real=0.01 secs] 
141.777: Total time for which application threads were stopped: 0.0039520 seconds, Stopping threads took: 0.0010540 seconds
141.806: Application time: 0.0292770 seconds
141.809: [GC141.809: [ParNew: 37566K->4159K(37568K), 0.0027120 secs] 642556K->611628K(758420K), 0.0027570 secs] [Times: user=0.02 sys=0.00, real=0.00 secs] 
141.811: Total time for which application threads were stopped: 0.0051080 seconds, Stopping threads took: 0.0022840 seconds
141.842: Application time: 0.0310960 seconds
141.844: [GC141.844: [ParNew: 37567K->4158K(37568K), 0.0026620 secs] 645036K->613904K(758420K), 0.0027190 secs] [Times: user=0.02 sys=0.00, real=0.01 secs] 
141.847: Total time for which application threads were stopped: 0.0046010 seconds, Stopping threads took: 0.0018140 seconds
141.878: Application time: 0.0310880 seconds
141.881: [GC141.881: [ParNew: 37566K->4159K(37568K), 0.0025780 secs] 647312K->616106K(758420K), 0.0026220 secs] [Times: user=0.02 sys=0.01, real=0.00 secs] 
141.883: Total time for which application threads were stopped: 0.0051190 seconds, Stopping threads took: 0.0024300 seconds
141.916: Application time: 0.0327520 seconds
141.918: [GC141.918: [ParNew: 37567K->4158K(37568K), 0.0023940 secs] 649514K->617331K(758420K), 0.0024380 secs] [Times: user=0.02 sys=0.00, real=0.00 secs] 
141.921: Total time for which application threads were stopped: 0.0048650 seconds, Stopping threads took: 0.0023590 seconds
141.953: Application time: 0.0320760 seconds
141.956: [GC141.956: [ParNew: 37566K->4158K(37568K), 0.0025940 secs] 650739K->619465K(758420K), 0.0026390 secs] [Times: user=0.02 sys=0.00, real=0.00 secs] 
141.959: Total time for which application threads were stopped: 0.0059000 seconds, Stopping threads took: 0.0031920 seconds
141.990: Application time: 0.0309980 seconds
141.992: [GC141.992: [ParNew: 37566K->4158K(37568K), 0.0027470 secs] 652873K->621978K(758420K), 0.0027940 secs] [Times: user=0.02 sys=0.00, real=0.01 secs] 
141.995: Total time for which application threads were stopped: 0.0052130 seconds, Stopping threads took: 0.0023510 seconds
142.026: Application time: 0.0311830 seconds
142.029: [GC142.029: [ParNew: 37566K->4159K(37568K), 0.0022170 secs] 655386K->623002K(758420K), 0.0022590 secs] [Times: user=0.01 sys=0.00, real=0.00 secs] 
142.031: Total time for which application threads were stopped: 0.0048980 seconds, Stopping threads took: 0.0025720 seconds
142.064: Application time: 0.0329210 seconds
142.066: [GC142.066: [ParNew: 37567K->3662K(37568K), 0.0017390 secs] 656410K->622505K(758420K), 0.0017860 secs] [Times: user=0.01 sys=0.00, real=0.01 secs] 
142.068: Total time for which application threads were stopped: 0.0034320 seconds, Stopping threads took: 0.0015790 seconds
142.099: Application time: 0.0318820 seconds
142.101: [GC142.101: [ParNew: 37070K->4158K(37568K), 0.0025330 secs] 655913K->625021K(758420K), 0.0025750 secs] [Times: user=0.02 sys=0.00, real=0.00 secs] 
142.104: Total time for which application threads were stopped: 0.0042930 seconds, Stopping threads took: 0.0016520 seconds
142.135: Application time: 0.0307900 seconds
142.136: [GC142.136: [ParNew: 37566K->4159K(37568K), 0.0025420 secs] 658429K->627021K(758420K), 0.0025870 secs] [Times: user=0.01 sys=0.00, real=0.00 secs] 
142.139: Total time for which application threads were stopped: 0.0040630 seconds, Stopping threads took: 0.0014070 seconds
142.170: Application time: 0.0315920 seconds
142.172: [GC142.172: [ParNew: 37567K->4158K(37568K), 0.0027410 secs] 660429K->629475K(758420K), 0.0027840 secs] [Times: user=0.02 sys=0.00, real=0.01 secs] 
142.175: Total time for which application threads were stopped: 0.0046430 seconds, Stopping threads took: 0.0017900 seconds
 CMS: abort preclean due to time 142.178: [CMS-concurrent-abortable-preclean: 0.672/5.033 secs] [Times: user=37.78 sys=0.23, real=5.04 secs] 
142.178: Application time: 0.0030260 seconds
142.180: [GC[YG occupancy: 9255 K (37568 K)]142.180: [Rescan (parallel) , 0.0005810 secs]142.180: [weak refs processing, 0.0000080 secs]142.180: [scrub string table, 0.0001110 secs] [1 CMS-remark: 625316K(720852K)] 634572K(758420K), 0.0007320 secs] [Times: user=0.00 sys=0.00, real=0.00 secs] 
142.180: Total time for which application threads were stopped: 0.0026130 seconds, Stopping threads took: 0.0018400 seconds
142.181: [CMS-concurrent-sweep-start]
142.209: Application time: 0.0289840 seconds
142.213: [GC142.213: [ParNew: 37566K->4159K(37568K), 0.0028080 secs] 365042K->334425K(758420K), 0.0028670 secs] [Times: user=0.02 sys=0.00, real=0.01 secs] 
142.215: Total time for which application threads were stopped: 0.0060370 seconds, Stopping threads took: 0.0031020 seconds
142.220: [CMS-concurrent-sweep: 0.034/0.039 secs] [Times: user=0.29 sys=0.00, real=0.04 secs] 
142.220: [CMS-concurrent-reset-start]
142.223: [CMS-concurrent-reset: 0.003/0.003 secs] [Times: user=0.03 sys=0.00, real=0.00 secs] 
142.251: Application time: 0.0351820 seconds
142.253: [GC142.253: [ParNew: 37567K->4158K(37568K), 0.0024710 secs] 363060K->331494K(758420K), 0.0025150 secs] [Times: user=0.02 sys=0.01, real=0.01 secs] 
142.255: Total time for which application threads were stopped: 0.0045860 seconds, Stopping threads took: 0.0020060 seconds
142.287: Application time: 0.0316540 seconds
142.289: [GC142.289: [ParNew: 37566K->4158K(37568K), 0.0025300 secs] 364902K->333603K(758420K), 0.0025750 secs] [Times: user=0.02 sys=0.00, real=0.00 secs] 
142.291: Total time for which application threads were stopped: 0.0043820 seconds, Stopping threads took: 0.0017390 seconds
142.324: Application time: 0.0322740 seconds
142.326: [GC142.326: [ParNew: 37566K->4158K(37568K), 0.0023600 secs] 367011K->335107K(758420K), 0.0024050 secs] [Times: user=0.02 sys=0.00, real=0.01 secs] 
142.328: Total time for which application threads were stopped: 0.0045930 seconds, Stopping threads took: 0.0021230 seconds
142.360: Application time: 0.0313610 seconds
142.361: [GC142.361: [ParNew: 37566K->4158K(37568K), 0.0025890 secs] 368515K->337405K(758420K), 0.0026350 secs] [Times: user=0.02 sys=0.00, real=0.00 secs] 
142.363: Total time for which application threads were stopped: 0.0038920 seconds, Stopping threads took: 0.0011900 seconds
142.394: Application time: 0.0306600 seconds
142.395: [GC142.395: [ParNew: 37564K->4159K(37568K), 0.0025800 secs] 370812K->339592K(758420K), 0.0026240 secs] [Times: user=0.01 sys=0.00, real=0.00 secs] 
142.398: Total time for which application threads were stopped: 0.0039890 seconds, Stopping threads took: 0.0012980 seconds
142.427: Application time: 0.0294300 seconds
142.431: [GC142.431: [ParNew: 37567K->4158K(37568K), 0.0028770 secs] 373000K->342818K(758420K), 0.0029200 secs] [Times: user=0.02 sys=0.00, real=0.00 secs] 
142.434: Total time for which application threads were stopped: 0.0061310 seconds, Stopping threads took: 0.0031450 seconds
142.434: Application time: 0.0000470 seconds
142.435: [GC [1 CMS-initial-mark: 338660K(720852K)] 343127K(758420K), 0.0002010 secs] [Times: user=0.00 sys=0.00, real=0.00 secs] 
142.436: Total time for which application threads were stopped: 0.0019610 seconds, Stopping threads took: 0.0017390 seconds
142.436: [CMS-concurrent-mark-start]
142.454: [CMS-concurrent-mark: 0.018/0.018 secs] [Times: user=0.13 sys=0.00, real=0.01 secs] 
142.454: [CMS-concurrent-preclean-start]
142.455: [CMS-concurrent-preclean: 0.001/0.001 secs] [Times: user=0.03 sys=0.00, real=0.01 secs] 
142.455: [CMS-concurrent-abortable-preclean-start]
142.468: Application time: 0.0324760 seconds
142.471: [GC142.471: [ParNew: 37564K->4159K(37568K), 0.0026920 secs] 376225K->345424K(758420K), 0.0027380 secs] [Times: user=0.02 sys=0.00, real=0.00 secs] 
142.473: Total time for which application threads were stopped: 0.0051750 seconds, Stopping threads took: 0.0023700 seconds
142.504: Application time: 0.0311930 seconds
142.506: [GC142.506: [ParNew: 37567K->4158K(37568K), 0.0023150 secs] 378832K->346943K(758420K), 0.0023570 secs] [Times: user=0.02 sys=0.00, real=0.01 secs] 
142.509: Total time for which application threads were stopped: 0.0041520 seconds, Stopping threads took: 0.0017290 seconds
142.539: Application time: 0.0307300 seconds
142.541: [GC142.541: [ParNew: 37566K->4158K(37568K), 0.0024690 secs] 380351K->348874K(758420K), 0.0025120 secs] [Times: user=0.02 sys=0.00, real=0.00 secs] 
142.544: Total time for which application threads were stopped: 0.0043210 seconds, Stopping threads took: 0.0017410 seconds
142.575: Application time: 0.0311900 seconds
142.577: [GC142.577: [ParNew: 37566K->4159K(37568K), 0.0025700 secs] 382282K->351143K(758420K), 0.0026240 secs] [Times: user=0.02 sys=0.00, real=0.00 secs] 
142.580: Total time for which application threads were stopped: 0.0047020 seconds, Stopping threads took: 0.0020110 seconds
142.612: Application time: 0.0320660 seconds
142.614: [GC142.614: [ParNew: 37567K->4159K(37568K), 0.0021690 secs] 384551K->351874K(758420K), 0.0022130 secs] [Times: user=0.02 sys=0.00, real=0.01 secs] 
142.616: Total time for which application threads were stopped: 0.0046400 seconds, Stopping threads took: 0.0023590 seconds
142.647: Application time: 0.0308470 seconds
142.649: [GC142.649: [ParNew: 37567K->4159K(37568K), 0.0024860 secs] 385282K->353470K(758420K), 0.0025300 secs] [Times: user=0.02 sys=0.00, real=0.00 secs] 
142.651: Total time for which application threads were stopped: 0.0041240 seconds, Stopping threads took: 0.0015280 seconds
142.682: Application time: 0.0305910 seconds
142.683: [GC142.683: [ParNew: 37567K->4159K(37568K), 0.0031000 secs] 386878K->356014K(758420K), 0.0031450 secs] [Times: user=0.01 sys=0.00, real=0.00 secs] 
142.686: Total time for which application threads were stopped: 0.0045370 seconds, Stopping threads took: 0.0013000 seconds
142.718: Application time: 0.0312680 seconds
142.720: [GC142.720: [ParNew: 37567K->4158K(37568K), 0.0024350 secs] 389422K->357970K(758420K), 0.0024780 secs] [Times: user=0.01 sys=0.00, real=0.00 secs] 
142.722: Total time for which application threads were stopped: 0.0046830 seconds, Stopping threads took: 0.0021370 seconds
142.754: Application time: 0.0318170 seconds
142.756: [GC142.756: [ParNew: 37566K->4158K(37568K), 0.0021130 secs] 391378K->358858K(758420K), 0.0021570 secs] [Times: user=0.01 sys=0.00, real=0.00 secs] 
142.759: Total time for which application threads were stopped: 0.0043870 seconds, Stopping threads took: 0.0021640 seconds
142.789: Application time: 0.0307700 seconds
142.792: [GC142.792: [ParNew: 37565K->4159K(37568K), 0.0025640 secs] 392265K->361155K(758420K), 0.0026110 secs] [Times: user=0.01 sys=0.01, real=0.01 secs] 
142.795: Total time for which application threads were stopped: 0.0056670 seconds, Stopping threads took: 0.0029900 seconds
142.826: Application time: 0.0308010 seconds
142.828: [GC142.828: [ParNew: 37567K->4159K(37568K), 0.0028410 secs] 394563K->364268K(758420K), 0.0028870 secs] [Times: user=0.02 sys=0.00, real=0.00 secs] 
142.831: Total time for which application threads were stopped: 0.0051120 seconds, Stopping threads took: 0.0021580 seconds
142.862: Application time: 0.0310560 seconds
142.863: [GC142.863: [ParNew: 37567K->4158K(37568K), 0.0025250 secs] 397676K->366246K(758420K), 0.0025670 secs] [Times: user=0.01 sys=0.00, real=0.00 secs] 
142.866: Total time for which application threads were stopped: 0.0037320 seconds, Stopping threads took: 0.0010960 seconds
142.897: Application time: 0.0314930 seconds
142.899: [GC142.899: [ParNew: 37565K->4159K(37568K), 0.0022650 secs] 399653K->367516K(758420K), 0.0023100 secs] [Times: user=0.01 sys=0.00, real=0.00 secs] 
142.901: Total time for which application threads were stopped: 0.0038380 seconds, Stopping threads took: 0.0014380 seconds
142.932: Application time: 0.0312280 seconds
142.933: [GC142.933: [ParNew: 37567K->4159K(37568K), 0.0021500 secs] 400924K->368176K(758420K), 0.0021950 secs] [Times: user=0.02 sys=0.00, real=0.01 secs] 
142.936: Total time for which application threads were stopped: 0.0033500 seconds, Stopping threads took: 0.0010680 seconds
142.967: Application time: 0.0311030 seconds
142.969: [GC142.970: [ParNew: 37567K->4158K(37568K), 0.0028400 secs] 401584K->371172K(758420K), 0.0028840 secs] [Times: user=0.02 sys=0.00, real=0.00 secs] 
142.972: Total time for which application threads were stopped: 0.0056470 seconds, Stopping threads took: 0.0026950 seconds
143.003: Application time: 0.0309720 seconds
143.006: [GC143.006: [ParNew: 37566K->4159K(37568K), 0.0026090 secs] 404580K->373601K(758420K), 0.0026530 secs] [Times: user=0.02 sys=0.00, real=0.01 secs] 
143.008: Total time for which application threads were stopped: 0.0050390 seconds, Stopping threads took: 0.0023190 seconds
143.040: Application time: 0.0318490 seconds
143.042: [GC143.042: [ParNew: 37567K->4158K(37568K), 0.0024060 secs] 407008K->375000K(758420K), 0.0024590 secs] [Times: user=0.02 sys=0.00, real=0.00 secs] 
143.045: Total time for which application threads were stopped: 0.0043550 seconds, Stopping threads took: 0.0018280 seconds
143.075: Application time: 0.0300410 seconds
143.077: [GC143.077: [ParNew: 37566K->4159K(37568K), 0.0029060 secs] 408408K->378293K(758420K), 0.0029530 secs] [Times: user=0.02 sys=0.00, real=0.00 secs] 
143.080: Total time for which application threads were stopped: 0.0052430 seconds, Stopping threads took: 0.0022250 seconds
143.111: Application time: 0.0310470 seconds
143.113: [GC143.113: [ParNew: 37567K->4158K(37568K), 0.0022080 secs] 411701K->379514K(758420K), 0.0022530 secs] [Times: user=0.01 sys=0.00, real=0.01 secs] 
143.115: Total time for which application threads were stopped: 0.0041980 seconds, Stopping threads took: 0.0018790 seconds
143.147: Application time: 0.0319190 seconds
143.150: [GC143.150: [ParNew: 37566K->4158K(37568K), 0.0023390 secs] 412922K->381011K(758420K), 0.0023820 secs] [Times: user=0.01 sys=0.00, real=0.00 secs] 
143.152: Total time for which application threads were stopped: 0.0052790 seconds, Stopping threads took: 0.0028310 seconds
143.183: Application time: 0.0306300 seconds
143.185: [GC143.185: [ParNew: 37566K->4159K(37568K), 0.0026150 secs] 414419K->383390K(758420K), 0.0026610 secs] [Times: user=0.01 sys=0.00, real=0.01 secs] 
143.188: Total time for which application threads were stopped: 0.0047720 seconds, Stopping threads took: 0.0020380 seconds
143.220: Application time: 0.0319170 seconds
143.222: [GC143.222: [ParNew: 37566K->4158K(37568K), 0.0019610 secs] 416798K->383787K(758420K), 0.0020050 secs] [Times: user=0.02 sys=0.00, real=0.00 secs] 
143.224: Total time for which application threads were stopped: 0.0041170 seconds, Stopping threads took: 0.0020450 seconds
143.256: Application time: 0.0321710 seconds
143.258: [GC143.258: [ParNew: 37565K->4158K(37568K), 0.0027400 secs] 417194K->386610K(758420K), 0.0027850 secs] [Times: user=0.02 sys=0.00, real=0.00 secs] 
143.261: Total time for which application threads were stopped: 0.0048080 seconds, Stopping threads took: 0.0019570 seconds
143.290: Application time: 0.0294950 seconds
143.292: [GC143.292: [ParNew: 37566K->4158K(37568K), 0.0027190 secs] 420018K->389386K(758420K), 0.0027610 secs] [Times: user=0.01 sys=0.00, real=0.01 secs] 
143.295: Total time for which application threads were stopped: 0.0048060 seconds, Stopping threads took: 0.0019780 seconds
143.327: Application time: 0.0319360 seconds
143.329: [GC143.329: [ParNew: 37566K->4158K(37568K), 0.0027000 secs] 422794K->391952K(758420K), 0.0027490 secs] [Times: user=0.02 sys=0.00, real=0.00 secs] 
143.332: Total time for which application threads were stopped: 0.0049760 seconds, Stopping threads took: 0.0021620 seconds
143.363: Application time: 0.0305440 seconds
143.364: [GC143.364: [ParNew: 37566K->4158K(37568K), 0.0030090 secs] 425360K->395351K(758420K), 0.0030540 secs] [Times: user=0.02 sys=0.00, real=0.01 secs] 
143.367: Total time for which application threads were stopped: 0.0048830 seconds, Stopping threads took: 0.0017610 seconds
143.398: Application time: 0.0309970 seconds
143.400: [GC143.400: [ParNew: 37565K->4158K(37568K), 0.0028770 secs] 428757K->398446K(758420K), 0.0029260 secs] [Times: user=0.02 sys=0.00, real=0.00 secs] 
143.403: Total time for which application threads were stopped: 0.0046950 seconds, Stopping threads took: 0.0017010 seconds
143.438: Application time: 0.0348300 seconds
143.441: [GC143.441: [ParNew: 37566K->4158K(37568K), 0.0026450 secs] 431854K->401051K(758420K), 0.0026920 secs] [Times: user=0.02 sys=0.00, real=0.00 secs] 
143.444: Total time for which application threads were stopped: 0.0056710 seconds, Stopping threads took: 0.0029150 seconds
143.475: Application time: 0.0318320 seconds
143.479: [GC143.479: [ParNew: 37566K->4158K(37568K), 0.0028150 secs] 434459K->403933K(758420K), 0.0028590 secs] [Times: user=0.02 sys=0.00, real=0.00 secs] 
143.481: Total time for which application threads were stopped: 0.0059340 seconds, Stopping threads took: 0.0029980 seconds
143.514: Application time: 0.0324430 seconds
143.515: [GC143.515: [ParNew: 37566K->4159K(37568K), 0.0025750 secs] 437341K->405754K(758420K), 0.0026200 secs] [Times: user=0.02 sys=0.00, real=0.00 secs] 
143.518: Total time for which application threads were stopped: 0.0040720 seconds, Stopping threads took: 0.0013840 seconds
143.550: Application time: 0.0316730 seconds
143.551: [GC143.551: [ParNew: 37567K->4159K(37568K), 0.0025260 secs] 439162K->407872K(758420K), 0.0025740 secs] [Times: user=0.02 sys=0.00, real=0.00 secs] 
143.554: Total time for which application threads were stopped: 0.0038970 seconds, Stopping threads took: 0.0012560 seconds
143.584: Application time: 0.0301900 seconds
143.585: [GC143.585: [ParNew: 37567K->4159K(37568K), 0.0029180 secs] 441280K->411226K(758420K), 0.0029660 secs] [Times: user=0.02 sys=0.00, real=0.01 secs] 
143.588: Total time for which application threads were stopped: 0.0047700 seconds, Stopping threads took: 0.0017360 seconds
143.620: Application time: 0.0314650 seconds
143.623: [GC143.623: [ParNew: 37567K->4158K(37568K), 0.0028420 secs] 444634K->414452K(758420K), 0.0028850 secs] [Times: user=0.02 sys=0.00, real=0.00 secs] 
143.626: Total time for which application threads were stopped: 0.0060560 seconds, Stopping threads took: 0.0031030 seconds
143.658: Application time: 0.0315830 seconds
143.660: [GC143.660: [ParNew: 37566K->4159K(37568K), 0.0029170 secs] 447860K->417694K(758420K), 0.0029620 secs] [Times: user=0.02 sys=0.01, real=0.00 secs] 
143.663: Total time for which application threads were stopped: 0.0058250 seconds, Stopping threads took: 0.0027950 seconds
143.694: Application time: 0.0306230 seconds
143.697: [GC143.697: [ParNew: 37567K->4158K(37568K), 0.0028150 secs] 451102K->420790K(758420K), 0.0028580 secs] [Times: user=0.02 sys=0.01, real=0.00 secs] 
143.700: Total time for which application threads were stopped: 0.0055370 seconds, Stopping threads took: 0.0026030 seconds
143.730: Application time: 0.0304200 seconds
143.732: [GC143.732: [ParNew: 37566K->4158K(37568K), 0.0027670 secs] 454198K->423778K(758420K), 0.0028110 secs] [Times: user=0.02 sys=0.00, real=0.00 secs] 
143.734: Total time for which application threads were stopped: 0.0044870 seconds, Stopping threads took: 0.0016080 seconds
143.766: Application time: 0.0316330 seconds
143.768: [GC143.768: [ParNew: 37565K->4158K(37568K), 0.0024510 secs] 457186K->425712K(758420K), 0.0024930 secs] [Times: user=0.02 sys=0.00, real=0.00 secs] 
143.771: Total time for which application threads were stopped: 0.0044640 seconds, Stopping threads took: 0.0019030 seconds
143.803: Application time: 0.0326490 seconds
143.805: [GC143.805: [ParNew: 37566K->4159K(37568K), 0.0024340 secs] 459120K->427536K(758420K), 0.0024800 secs] [Times: user=0.01 sys=0.00, real=0.01 secs] 
143.808: Total time for which application threads were stopped: 0.0047430 seconds, Stopping threads took: 0.0021960 seconds
143.839: Application time: 0.0305870 seconds
143.841: [GC143.841: [ParNew: 37567K->4159K(37568K), 0.0025050 secs] 460944K->429751K(758420K), 0.0025500 secs] [Times: user=0.02 sys=0.00, real=0.00 secs] 
143.844: Total time for which application threads were stopped: 0.0053950 seconds, Stopping threads took: 0.0027770 seconds
143.875: Application time: 0.0306850 seconds
143.879: [GC143.879: [ParNew: 37567K->4158K(37568K), 0.0026930 secs] 463159K->432362K(758420K), 0.0027380 secs] [Times: user=0.02 sys=0.00, real=0.00 secs] 
143.881: Total time for which application threads were stopped: 0.0067730 seconds, Stopping threads took: 0.0039760 seconds
143.912: Application time: 0.0302480 seconds
143.914: [GC143.914: [ParNew: 37565K->4158K(37568K), 0.0026410 secs] 465769K->434776K(758420K), 0.0026870 secs] [Times: user=0.02 sys=0.00, real=0.01 secs] 
143.916: Total time for which application threads were stopped: 0.0045500 seconds, Stopping threads took: 0.0017960 seconds
143.948: Application time: 0.0319790 seconds
143.951: [GC143.951: [ParNew: 37566K->4158K(37568K), 0.0024580 secs] 468184K->436534K(758420K), 0.0025120 secs] [Times: user=0.01 sys=0.00, real=0.00 secs] 
143.953: Total time for which application threads were stopped: 0.0050460 seconds, Stopping threads took: 0.0024680 seconds
143.984: Application time: 0.0303700 seconds
143.985: [GC143.985: [ParNew: 37566K->4159K(37568K), 0.0028150 secs] 469942K->439632K(758420K), 0.0028590 secs] [Times: user=0.02 sys=0.00, real=0.01 secs] 
143.988: Total time for which application threads were stopped: 0.0044920 seconds, Stopping threads took: 0.0015640 seconds
144.020: Application time: 0.0316640 seconds
144.021: [GC144.021: [ParNew: 37567K->4158K(37568K), 0.0026480 secs] 473040K->442023K(758420K), 0.0026920 secs] [Times: user=0.02 sys=0.00, real=0.00 secs] 
144.024: Total time for which application threads were stopped: 0.0038710 seconds, Stopping threads took: 0.0011120 seconds
144.055: Application time: 0.0318100 seconds
144.057: [GC144.057: [ParNew: 37566K->4159K(37568K), 0.0024200 secs] 475431K->443807K(758420K), 0.0024640 secs] [Times: user=0.02 sys=0.00, real=0.00 secs] 
144.060: Total time for which application threads were stopped: 0.0040610 seconds, Stopping threads took: 0.0015290 seconds
144.091: Application time: 0.0312190 seconds
144.093: [GC144.093: [ParNew: 37567K->4159K(37568K), 0.0027170 secs] 477215K->446517K(758420K), 0.0027590 secs] [Times: user=0.02 sys=0.00, real=0.01 secs] 
144.096: Total time for which application threads were stopped: 0.0052620 seconds, Stopping threads took: 0.0024370 seconds
144.128: Application time: 0.0317520 seconds
144.131: [GC144.131: [ParNew: 37567K->4158K(37568K), 0.0025760 secs] 479925K->448915K(758420K), 0.0026210 secs] [Times: user=0.01 sys=0.00, real=0.00 secs] 
144.133: Total time for which application threads were stopped: 0.0056100 seconds, Stopping threads took: 0.0029230 seconds
144.163: Application time: 0.0297950 seconds
144.165: [GC144.165: [ParNew: 37566K->4158K(37568K), 0.0028850 secs] 482323K->452249K(758420K), 0.0029290 secs] [Times: user=0.02 sys=0.00, real=0.01 secs] 
144.168: Total time for which application threads were stopped: 0.0051950 seconds, Stopping threads took: 0.0022000 seconds
144.201: Application time: 0.0322050 seconds
144.203: [GC144.203: [ParNew: 37566K->4159K(37568K), 0.0025120 secs] 485657K->454415K(758420K), 0.0025550 secs] [Times: user=0.01 sys=0.00, real=0.00 secs] 
144.206: Total time for which application threads were stopped: 0.0049890 seconds, Stopping threads took: 0.0023580 seconds
144.237: Application time: 0.0316850 seconds
144.239: [GC144.239: [ParNew: 37567K->4158K(37568K), 0.0024850 secs] 487823K->456338K(758420K), 0.0025290 secs] [Times: user=0.02 sys=0.00, real=0.00 secs] 
144.242: Total time for which application threads were stopped: 0.0046530 seconds, Stopping threads took: 0.0020560 seconds
144.274: Application time: 0.0319170 seconds
144.276: [GC144.276: [ParNew: 37566K->4159K(37568K), 0.0020030 secs] 489746K->456788K(758420K), 0.0020460 secs] [Times: user=0.02 sys=0.00, real=0.00 secs] 
144.278: Total time for which application threads were stopped: 0.0041490 seconds, Stopping threads took: 0.0020370 seconds
144.310: Application time: 0.0316220 seconds
144.313: [GC144.313: [ParNew: 37567K->4159K(37568K), 0.0024210 secs] 490196K->458666K(758420K), 0.0024660 secs] [Times: user=0.02 sys=0.00, real=0.01 secs] 
144.315: Total time for which application threads were stopped: 0.0054320 seconds, Stopping threads took: 0.0028990 seconds
144.348: Application time: 0.0325710 seconds
144.349: [GC144.349: [ParNew: 37567K->3948K(37568K), 0.0017850 secs] 492074K->458455K(758420K), 0.0018290 secs] [Times: user=0.01 sys=0.00, real=0.00 secs] 
144.351: Total time for which application threads were stopped: 0.0033410 seconds, Stopping threads took: 0.0014470 seconds
144.382: Application time: 0.0305770 seconds
144.384: [GC144.384: [ParNew: 37356K->4158K(37568K), 0.0029270 secs] 491863K->461858K(758420K), 0.0029710 secs] [Times: user=0.02 sys=0.00, real=0.00 secs] 
144.387: Total time for which application threads were stopped: 0.0050200 seconds, Stopping threads took: 0.0019710 seconds
144.417: Application time: 0.0309010 seconds
144.420: [GC144.420: [ParNew: 37566K->4158K(37568K), 0.0026820 secs] 495266K->464378K(758420K), 0.0027270 secs] [Times: user=0.02 sys=0.00, real=0.00 secs] 
144.422: Total time for which application threads were stopped: 0.0049350 seconds, Stopping threads took: 0.0021400 seconds
144.454: Application time: 0.0316520 seconds
144.455: [GC144.455: [ParNew: 37566K->4159K(37568K), 0.0020530 secs] 497786K->464909K(758420K), 0.0020950 secs] [Times: user=0.02 sys=0.00, real=0.00 secs] 
144.458: Total time for which application threads were stopped: 0.0034950 seconds, Stopping threads took: 0.0013320 seconds
144.489: Application time: 0.0318550 seconds
144.492: [GC144.492: [ParNew: 37567K->4158K(37568K), 0.0025980 secs] 498317K->466829K(758420K), 0.0026400 secs] [Times: user=0.02 sys=0.00, real=0.00 secs] 
144.494: Total time for which application threads were stopped: 0.0047820 seconds, Stopping threads took: 0.0020510 seconds
144.526: Application time: 0.0316090 seconds
144.527: [GC144.527: [ParNew: 37566K->4158K(37568K), 0.0025340 secs] 500237K->469029K(758420K), 0.0025750 secs] [Times: user=0.02 sys=0.00, real=0.00 secs] 
144.529: Total time for which application threads were stopped: 0.0036720 seconds, Stopping threads took: 0.0010310 seconds
144.561: Application time: 0.0310330 seconds
144.563: [GC144.563: [ParNew: 37566K->4158K(37568K), 0.0026480 secs] 502437K->471566K(758420K), 0.0026920 secs] [Times: user=0.02 sys=0.00, real=0.00 secs] 
144.566: Total time for which application threads were stopped: 0.0053010 seconds, Stopping threads took: 0.0025440 seconds
144.597: Application time: 0.0314200 seconds
144.599: [GC144.599: [ParNew: 37566K->4158K(37568K), 0.0023760 secs] 504974K->472952K(758420K), 0.0024300 secs] [Times: user=0.02 sys=0.01, real=0.00 secs] 
144.601: Total time for which application threads were stopped: 0.0037710 seconds, Stopping threads took: 0.0012750 seconds
144.632: Application time: 0.0310130 seconds
144.634: [GC144.634: [ParNew: 37566K->4158K(37568K), 0.0028430 secs] 506360K->476025K(758420K), 0.0028880 secs] [Times: user=0.02 sys=0.00, real=0.01 secs] 
144.637: Total time for which application threads were stopped: 0.0047410 seconds, Stopping threads took: 0.0017660 seconds
144.668: Application time: 0.0312650 seconds
144.671: [GC144.671: [ParNew: 37566K->4158K(37568K), 0.0029960 secs] 509433K->479654K(758420K), 0.0030380 secs] [Times: user=0.02 sys=0.00, real=0.00 secs] 
144.674: Total time for which application threads were stopped: 0.0059760 seconds, Stopping threads took: 0.0028720 seconds
144.706: Application time: 0.0318280 seconds
144.709: [GC144.709: [ParNew: 37564K->4158K(37568K), 0.0026520 secs] 513060K->482132K(758420K), 0.0026960 secs] [Times: user=0.02 sys=0.00, real=0.00 secs] 
144.712: Total time for which application threads were stopped: 0.0057940 seconds, Stopping threads took: 0.0030230 seconds
144.743: Application time: 0.0317510 seconds
144.745: [GC144.745: [ParNew: 37566K->4159K(37568K), 0.0021540 secs] 515540K->482921K(758420K), 0.0021970 secs] [Times: user=0.01 sys=0.00, real=0.01 secs] 
144.747: Total time for which application threads were stopped: 0.0038890 seconds, Stopping threads took: 0.0016270 seconds
144.778: Application time: 0.0309810 seconds
144.781: [GC144.781: [ParNew: 37567K->4158K(37568K), 0.0025560 secs] 516329K->485084K(758420K), 0.0026040 secs] [Times: user=0.02 sys=0.00, real=0.00 secs] 
144.783: Total time for which application threads were stopped: 0.0050920 seconds, Stopping threads took: 0.0024280 seconds
144.814: Application time: 0.0309860 seconds
144.817: [GC144.817: [ParNew: 37566K->4158K(37568K), 0.0028220 secs] 518492K->488098K(758420K), 0.0028670 secs] [Times: user=0.02 sys=0.00, real=0.00 secs] 
144.820: Total time for which application threads were stopped: 0.0058250 seconds, Stopping threads took: 0.0028920 seconds
144.852: Application time: 0.0314450 seconds
144.855: [GC144.855: [ParNew: 37566K->4159K(37568K), 0.0027070 secs] 521506K->490960K(758420K), 0.0027560 secs] [Times: user=0.02 sys=0.00, real=0.00 secs] 
144.858: Total time for which application threads were stopped: 0.0059220 seconds, Stopping threads took: 0.0031020 seconds
144.889: Application time: 0.0311430 seconds
144.890: [GC144.890: [ParNew: 37567K->4159K(37568K), 0.0021320 secs] 524368K->491751K(758420K), 0.0021770 secs] [Times: user=0.01 sys=0.00, real=0.00 secs] 
144.892: Total time for which application threads were stopped: 0.0035590 seconds, Stopping threads took: 0.0013140 seconds
144.923: Application time: 0.0307140 seconds
144.925: [GC144.925: [ParNew: 37567K->4159K(37568K), 0.0026270 secs] 525159K->493923K(758420K), 0.0026740 secs] [Times: user=0.02 sys=0.00, real=0.01 secs] 
144.928: Total time for which application threads were stopped: 0.0046950 seconds, Stopping threads took: 0.0019440 seconds
144.959: Application time: 0.0318010 seconds
144.963: [GC144.963: [ParNew: 37567K->4158K(37568K), 0.0021980 secs] 527331K->495071K(758420K), 0.0022420 secs] [Times: user=0.02 sys=0.00, real=0.00 secs] 
144.965: Total time for which application threads were stopped: 0.0055260 seconds, Stopping threads took: 0.0032160 seconds
144.996: Application time: 0.0312210 seconds
144.998: [GC144.998: [ParNew: 37566K->4158K(37568K), 0.0024490 secs] 528479K->497115K(758420K), 0.0024930 secs] [Times: user=0.02 sys=0.00, real=0.00 secs] 
145.001: Total time for which application threads were stopped: 0.0046430 seconds, Stopping threads took: 0.0020810 seconds
145.032: Application time: 0.0313160 seconds
145.034: [GC145.034: [ParNew: 37566K->4159K(37568K), 0.0025670 secs] 530523K->499444K(758420K), 0.0026140 secs] [Times: user=0.02 sys=0.00, real=0.01 secs] 
145.037: Total time for which application threads were stopped: 0.0048960 seconds, Stopping threads took: 0.0022170 seconds
145.067: Application time: 0.0299980 seconds
145.070: [GC145.070: [ParNew: 37567K->4158K(37568K), 0.0028730 secs] 532852K->502578K(758420K), 0.0029170 secs] [Times: user=0.02 sys=0.00, real=0.00 secs] 
145.073: Total time for which application threads were stopped: 0.0056310 seconds, Stopping threads took: 0.0026470 seconds
145.104: Application time: 0.0311930 seconds
145.106: [GC145.106: [ParNew: 37566K->4159K(37568K), 0.0028640 secs] 535986K->505597K(758420K), 0.0029090 secs] [Times: user=0.02 sys=0.00, real=0.01 secs] 
145.109: Total time for which application threads were stopped: 0.0050770 seconds, Stopping threads took: 0.0020990 seconds
145.140: Application time: 0.0313130 seconds
145.143: [GC145.143: [ParNew: 37567K->4159K(37568K), 0.0026420 secs] 539005K->507936K(758420K), 0.0026850 secs] [Times: user=0.02 sys=0.00, real=0.00 secs] 
145.146: Total time for which application threads were stopped: 0.0053330 seconds, Stopping threads took: 0.0025820 seconds
145.177: Application time: 0.0312330 seconds
145.179: [GC145.179: [ParNew: 37567K->4158K(37568K), 0.0025310 secs] 541344K->510028K(758420K), 0.0025750 secs] [Times: user=0.02 sys=0.00, real=0.00 secs] 
145.181: Total time for which application threads were stopped: 0.0045620 seconds, Stopping threads took: 0.0019200 seconds
145.212: Application time: 0.0308840 seconds
145.215: [GC145.215: [ParNew: 37566K->4158K(37568K), 0.0028020 secs] 543436K->512983K(758420K), 0.0028490 secs] [Times: user=0.02 sys=0.00, real=0.00 secs] 
145.217: Total time for which application threads were stopped: 0.0051650 seconds, Stopping threads took: 0.0022320 seconds
145.249: Application time: 0.0310350 seconds
145.251: [GC145.251: [ParNew: 37565K->4158K(37568K), 0.0024570 secs] 546390K->514781K(758420K), 0.0025020 secs] [Times: user=0.02 sys=0.00, real=0.00 secs] 
145.253: Total time for which application threads were stopped: 0.0047140 seconds, Stopping threads took: 0.0021430 seconds
145.283: Application time: 0.0297420 seconds
145.285: [GC145.285: [ParNew: 37566K->4159K(37568K), 0.0029790 secs] 548189K->518028K(758420K), 0.0030220 secs] [Times: user=0.01 sys=0.00, real=0.01 secs] 
145.288: Total time for which application threads were stopped: 0.0047120 seconds, Stopping threads took: 0.0016240 seconds
145.318: Application time: 0.0307700 seconds
145.321: [GC145.321: [ParNew: 37567K->4158K(37568K), 0.0026360 secs] 551436K->520220K(758420K), 0.0026900 secs] [Times: user=0.02 sys=0.00, real=0.00 secs] 
145.323: Total time for which application threads were stopped: 0.0047410 seconds, Stopping threads took: 0.0019840 seconds
145.353: Application time: 0.0294610 seconds
145.354: [GC145.354: [ParNew: 37566K->4158K(37568K), 0.0026890 secs] 553628K->522792K(758420K), 0.0027300 secs] [Times: user=0.02 sys=0.00, real=0.01 secs] 
145.357: Total time for which application threads were stopped: 0.0042400 seconds, Stopping threads took: 0.0014460 seconds
145.386: Application time: 0.0295700 seconds
145.389: [GC145.389: [ParNew: 37566K->4158K(37568K), 0.0027010 secs] 556200K->525690K(758420K), 0.0027450 secs] [Times: user=0.02 sys=0.00, real=0.00 secs] 
145.392: Total time for which application threads were stopped: 0.0054830 seconds, Stopping threads took: 0.0026720 seconds
145.421: Application time: 0.0295150 seconds
145.424: [GC145.424: [ParNew: 37566K->4159K(37568K), 0.0024600 secs] 559098K->527588K(758420K), 0.0025120 secs] [Times: user=0.02 sys=0.00, real=0.01 secs] 
145.427: Total time for which application threads were stopped: 0.0051360 seconds, Stopping threads took: 0.0025590 seconds
145.457: Application time: 0.0302750 seconds
145.459: [GC145.459: [ParNew: 37567K->4159K(37568K), 0.0024190 secs] 560996K->529437K(758420K), 0.0024610 secs] [Times: user=0.02 sys=0.00, real=0.00 secs] 
145.462: Total time for which application threads were stopped: 0.0047470 seconds, Stopping threads took: 0.0022200 seconds
145.490: Application time: 0.0281740 seconds
145.492: [GC145.492: [ParNew: 37567K->4158K(37568K), 0.0029790 secs] 562845K->533086K(758420K), 0.0030240 secs] [Times: user=0.02 sys=0.00, real=0.01 secs] 
145.495: Total time for which application threads were stopped: 0.0049370 seconds, Stopping threads took: 0.0018490 seconds
145.524: Application time: 0.0294320 seconds
145.527: [GC145.527: [ParNew: 37566K->4158K(37568K), 0.0025390 secs] 566494K->535197K(758420K), 0.0025820 secs] [Times: user=0.02 sys=0.00, real=0.00 secs] 
145.529: Total time for which application threads were stopped: 0.0052610 seconds, Stopping threads took: 0.0026140 seconds
145.557: Application time: 0.0276080 seconds
145.559: [GC145.559: [ParNew: 37566K->4159K(37568K), 0.0029880 secs] 568605K->538738K(758420K), 0.0030300 secs] [Times: user=0.02 sys=0.00, real=0.00 secs] 
145.562: Total time for which application threads were stopped: 0.0050880 seconds, Stopping threads took: 0.0019910 seconds
145.591: Application time: 0.0293310 seconds
145.594: [GC145.594: [ParNew: 37567K->4159K(37568K), 0.0026260 secs] 572146K->541241K(758420K), 0.0026710 secs] [Times: user=0.02 sys=0.00, real=0.01 secs] 
145.596: Total time for which application threads were stopped: 0.0047770 seconds, Stopping threads took: 0.0020410 seconds
145.626: Application time: 0.0295130 seconds
145.629: [GC145.629: [ParNew: 37567K->4158K(37568K), 0.0025630 secs] 574649K->543499K(758420K), 0.0026070 secs] [Times: user=0.01 sys=0.01, real=0.00 secs] 
145.631: Total time for which application threads were stopped: 0.0054680 seconds, Stopping threads took: 0.0027970 seconds
145.660: Application time: 0.0286030 seconds
145.662: [GC145.662: [ParNew: 37566K->4158K(37568K), 0.0028460 secs] 576907K->546529K(758420K), 0.0028900 secs] [Times: user=0.02 sys=0.00, real=0.00 secs] 
145.665: Total time for which application threads were stopped: 0.0051010 seconds, Stopping threads took: 0.0021460 seconds
145.694: Application time: 0.0287320 seconds
145.696: [GC145.696: [ParNew: 37566K->4159K(37568K), 0.0027510 secs] 579937K->549460K(758420K), 0.0027940 secs] [Times: user=0.02 sys=0.00, real=0.00 secs] 
145.699: Total time for which application threads were stopped: 0.0049640 seconds, Stopping threads took: 0.0021060 seconds
145.729: Application time: 0.0305100 seconds
145.732: [GC145.732: [ParNew: 37567K->4159K(37568K), 0.0028050 secs] 582868K->552320K(758420K), 0.0028470 secs] [Times: user=0.02 sys=0.00, real=0.01 secs] 
145.735: Total time for which application threads were stopped: 0.0057820 seconds, Stopping threads took: 0.0028740 seconds
145.763: Application time: 0.0283500 seconds
145.765: [GC145.765: [ParNew: 37567K->4159K(37568K), 0.0026160 secs] 585728K->554458K(758420K), 0.0026590 secs] [Times: user=0.02 sys=0.00, real=0.01 secs] 
145.768: Total time for which application threads were stopped: 0.0042780 seconds, Stopping threads took: 0.0015520 seconds
145.797: Application time: 0.0296170 seconds
145.800: [GC145.800: [ParNew: 37567K->4159K(37568K), 0.0026820 secs] 587866K->556994K(758420K), 0.0027270 secs] [Times: user=0.02 sys=0.00, real=0.00 secs] 
145.803: Total time for which application threads were stopped: 0.0057030 seconds, Stopping threads took: 0.0029110 seconds
145.833: Application time: 0.0305630 seconds
145.836: [GC145.836: [ParNew: 37567K->4159K(37568K), 0.0026100 secs] 590402K->559445K(758420K), 0.0026530 secs] [Times: user=0.02 sys=0.00, real=0.00 secs] 
145.839: Total time for which application threads were stopped: 0.0056600 seconds, Stopping threads took: 0.0029440 seconds
145.868: Application time: 0.0291830 seconds
145.869: [GC145.869: [ParNew: 37567K->4159K(37568K), 0.0027660 secs] 592853K->562205K(758420K), 0.0028100 secs] [Times: user=0.02 sys=0.00, real=0.00 secs] 
145.872: Total time for which application threads were stopped: 0.0039460 seconds, Stopping threads took: 0.0010690 seconds
145.901: Application time: 0.0288490 seconds
145.903: [GC145.903: [ParNew: 37567K->4159K(37568K), 0.0023880 secs] 595613K->563812K(758420K), 0.0024310 secs] [Times: user=0.02 sys=0.00, real=0.00 secs] 
145.905: Total time for which application threads were stopped: 0.0040250 seconds, Stopping threads took: 0.0015290 seconds
145.934: Application time: 0.0293130 seconds
145.937: [GC145.937: [ParNew: 37566K->4159K(37568K), 0.0028210 secs] 597219K->566637K(758420K), 0.0028660 secs] [Times: user=0.02 sys=0.00, real=0.00 secs] 
145.940: Total time for which application threads were stopped: 0.0055190 seconds, Stopping threads took: 0.0025900 seconds
145.970: Application time: 0.0300200 seconds
145.971: [GC145.971: [ParNew: 37567K->4159K(37568K), 0.0028560 secs] 600045K->569541K(758420K), 0.0029010 secs] [Times: user=0.02 sys=0.00, real=0.00 secs] 
145.974: Total time for which application threads were stopped: 0.0040420 seconds, Stopping threads took: 0.0010760 seconds
146.004: Application time: 0.0296700 seconds
146.006: [GC146.006: [ParNew: 37567K->4158K(37568K), 0.0027070 secs] 602949K->572300K(758420K), 0.0027520 secs] [Times: user=0.02 sys=0.00, real=0.01 secs] 
146.009: Total time for which application threads were stopped: 0.0048600 seconds, Stopping threads took: 0.0020400 seconds
146.037: Application time: 0.0285050 seconds
146.039: [GC146.039: [ParNew: 37566K->4158K(37568K), 0.0026860 secs] 605708K->574844K(758420K), 0.0027320 secs] [Times: user=0.02 sys=0.00, real=0.00 secs] 
146.042: Total time for which application threads were stopped: 0.0043980 seconds, Stopping threads took: 0.0016010 seconds
146.071: Application time: 0.0294490 seconds
146.072: [GC146.072: [ParNew: 37566K->4159K(37568K), 0.0030660 secs] 608252K->578353K(758420K), 0.0031090 secs] [Times: user=0.02 sys=0.00, real=0.01 secs] 
146.075: Total time for which application threads were stopped: 0.0044980 seconds, Stopping threads took: 0.0013220 seconds
146.106: Application time: 0.0308930 seconds
146.109: [GC146.109: [ParNew: 37567K->4158K(37568K), 0.0027550 secs] 611761K->580806K(758420K), 0.0027990 secs] [Times: user=0.02 sys=0.00, real=0.00 secs] 
146.112: Total time for which application threads were stopped: 0.0052950 seconds, Stopping threads took: 0.0024310 seconds
146.141: Application time: 0.0289360 seconds
146.142: [GC146.142: [ParNew: 37566K->4158K(37568K), 0.0026520 secs] 614214K->583113K(758420K), 0.0026970 secs] [Times: user=0.02 sys=0.00, real=0.00 secs] 
146.145: Total time for which application threads were stopped: 0.0040910 seconds, Stopping threads took: 0.0013260 seconds
146.174: Application time: 0.0289600 seconds
146.175: [GC146.175: [ParNew: 37566K->4158K(37568K), 0.0025140 secs] 616521K->585104K(758420K), 0.0025650 secs] [Times: user=0.02 sys=0.00, real=0.00 secs] 
146.178: Total time for which application threads were stopped: 0.0041750 seconds, Stopping threads took: 0.0015440 seconds
146.208: Application time: 0.0299640 seconds
146.210: [GC146.210: [ParNew: 37566K->4159K(37568K), 0.0024850 secs] 618512K->587019K(758420K), 0.0025300 secs] [Times: user=0.02 sys=0.00, real=0.00 secs] 
146.212: Total time for which application threads were stopped: 0.0046920 seconds, Stopping threads took: 0.0020960 seconds
146.242: Application time: 0.0292770 seconds
146.243: [GC146.243: [ParNew: 37567K->4158K(37568K), 0.0026420 secs] 620427K->589083K(758420K), 0.0026880 secs] [Times: user=0.02 sys=0.00, real=0.00 secs] 
146.246: Total time for which application threads were stopped: 0.0037460 seconds, Stopping threads took: 0.0009830 seconds
146.273: Application time: 0.0274820 seconds
146.275: [GC146.275: [ParNew: 37566K->4159K(37568K), 0.0029640 secs] 622491K->592535K(758420K), 0.0030100 secs] [Times: user=0.02 sys=0.00, real=0.00 secs] 
146.278: Total time for which application threads were stopped: 0.0054930 seconds, Stopping threads took: 0.0024170 seconds
146.308: Application time: 0.0300320 seconds
146.311: [GC146.311: [ParNew: 37567K->4158K(37568K), 0.0022310 secs] 625943K->593956K(758420K), 0.0022730 secs] [Times: user=0.02 sys=0.00, real=0.00 secs] 
146.313: Total time for which application threads were stopped: 0.0046850 seconds, Stopping threads took: 0.0023360 seconds
146.342: Application time: 0.0292020 seconds
146.344: [GC146.345: [ParNew: 37566K->4158K(37568K), 0.0023730 secs] 627364K->595254K(758420K), 0.0024160 secs] [Times: user=0.02 sys=0.00, real=0.01 secs] 
146.347: Total time for which application threads were stopped: 0.0045280 seconds, Stopping threads took: 0.0020250 seconds
146.376: Application time: 0.0286200 seconds
146.377: [GC146.377: [ParNew: 37566K->4158K(37568K), 0.0025980 secs] 628662K->597402K(758420K), 0.0026410 secs] [Times: user=0.02 sys=0.00, real=0.00 secs] 
146.380: Total time for which application threads were stopped: 0.0042620 seconds, Stopping threads took: 0.0015560 seconds
146.413: Application time: 0.0329580 seconds
146.414: [GC146.414: [ParNew: 37566K->4158K(37568K), 0.0028690 secs] 630810K->600572K(758420K), 0.0029140 secs] [Times: user=0.03 sys=0.00, real=0.01 secs] 
146.417: Total time for which application threads were stopped: 0.0042090 seconds, Stopping threads took: 0.0012300 seconds
146.448: Application time: 0.0309260 seconds
146.449: [GC146.449: [ParNew: 37566K->3855K(37568K), 0.0017860 secs] 633980K->600268K(758420K), 0.0018260 secs] [Times: user=0.01 sys=0.00, real=0.00 secs] 
146.450: Total time for which application threads were stopped: 0.0024690 seconds, Stopping threads took: 0.0005800 seconds
146.480: Application time: 0.0291230 seconds
146.482: [GC146.482: [ParNew: 37263K->4159K(37568K), 0.0027480 secs] 633676K->603154K(758420K), 0.0027890 secs] [Times: user=0.02 sys=0.00, real=0.00 secs] 
146.485: Total time for which application threads were stopped: 0.0056270 seconds, Stopping threads took: 0.0027730 seconds
146.515: Application time: 0.0297360 seconds
146.517: [GC146.517: [ParNew: 37565K->4158K(37568K), 0.0021630 secs] 636560K->604202K(758420K), 0.0022060 secs] [Times: user=0.01 sys=0.00, real=0.00 secs] 
146.519: Total time for which application threads were stopped: 0.0044400 seconds, Stopping threads took: 0.0021690 seconds
146.549: Application time: 0.0301560 seconds
146.552: [GC146.552: [ParNew: 37566K->4159K(37568K), 0.0024510 secs] 637610K->606164K(758420K), 0.0024940 secs] [Times: user=0.02 sys=0.00, real=0.01 secs] 
146.555: Total time for which application threads were stopped: 0.0052740 seconds, Stopping threads took: 0.0027150 seconds
146.585: Application time: 0.0298360 seconds
146.587: [GC146.587: [ParNew: 37567K->4159K(37568K), 0.0024510 secs] 639572K->607950K(758420K), 0.0024940 secs] [Times: user=0.02 sys=0.00, real=0.01 secs] 
146.589: Total time for which application threads were stopped: 0.0044900 seconds, Stopping threads took: 0.0019280 seconds
146.619: Application time: 0.0295140 seconds
146.622: [GC146.622: [ParNew: 37567K->4159K(37568K), 0.0030890 secs] 641358K->611659K(758420K), 0.0031330 secs] [Times: user=0.02 sys=0.00, real=0.00 secs] 
146.625: Total time for which application threads were stopped: 0.0061640 seconds, Stopping threads took: 0.0029650 seconds
146.654: Application time: 0.0293450 seconds
146.656: [GC146.656: [ParNew: 37567K->4159K(37568K), 0.0029910 secs] 645067K->614703K(758420K), 0.0030340 secs] [Times: user=0.02 sys=0.00, real=0.00 secs] 
146.659: Total time for which application threads were stopped: 0.0047120 seconds, Stopping threads took: 0.0016100 seconds
146.689: Application time: 0.0302090 seconds
146.691: [GC146.691: [ParNew: 37567K->4158K(37568K), 0.0029400 secs] 648111K->617940K(758420K), 0.0029840 secs] [Times: user=0.02 sys=0.00, real=0.00 secs] 
146.694: Total time for which application threads were stopped: 0.0053700 seconds, Stopping threads took: 0.0023220 seconds
146.724: Application time: 0.0293520 seconds
146.726: [GC146.726: [ParNew: 37566K->4159K(37568K), 0.0027150 secs] 651348K->620432K(758420K), 0.0027610 secs] [Times: user=0.02 sys=0.00, real=0.01 secs] 
146.729: Total time for which application threads were stopped: 0.0052780 seconds, Stopping threads took: 0.0024520 seconds
146.758: Application time: 0.0287000 seconds
146.759: [GC146.759: [ParNew: 37567K->4159K(37568K), 0.0027270 secs] 653840K->623116K(758420K), 0.0027700 secs] [Times: user=0.02 sys=0.00, real=0.00 secs] 
146.762: Total time for which application threads were stopped: 0.0042120 seconds, Stopping threads took: 0.0013680 seconds
146.791: Application time: 0.0289710 seconds
146.792: [GC146.792: [ParNew: 37567K->4159K(37568K), 0.0027340 secs] 656524K->625733K(758420K), 0.0027790 secs] [Times: user=0.02 sys=0.00, real=0.01 secs] 
146.795: Total time for which application threads were stopped: 0.0040280 seconds, Stopping threads took: 0.0011820 seconds
146.825: Application time: 0.0302020 seconds
146.826: [GC146.826: [ParNew: 37567K->3579K(37568K), 0.0018920 secs] 659141K->625153K(758420K), 0.0019360 secs] [Times: user=0.01 sys=0.00, real=0.01 secs] 
146.828: Total time for which application threads were stopped: 0.0032480 seconds, Stopping threads took: 0.0012260 seconds
146.857: Application time: 0.0286020 seconds
146.859: [GC146.859: [ParNew: 36987K->4159K(37568K), 0.0031080 secs] 658561K->629007K(758420K), 0.0031530 secs] [Times: user=0.02 sys=0.00, real=0.00 secs] 
146.862: Total time for which application threads were stopped: 0.0051150 seconds, Stopping threads took: 0.0018940 seconds
146.891: Application time: 0.0291500 seconds
146.893: [GC146.893: [ParNew: 37567K->4158K(37568K), 0.0026460 secs] 662415K->631107K(758420K), 0.0026910 secs] [Times: user=0.02 sys=0.00, real=0.01 secs] 
146.896: Total time for which application threads were stopped: 0.0047760 seconds, Stopping threads took: 0.0020180 seconds
146.925: Application time: 0.0291260 seconds
146.928: [GC146.928: [ParNew: 37566K->4158K(37568K), 0.0023370 secs] 664515K->632143K(758420K), 0.0023820 secs] [Times: user=0.01 sys=0.00, real=0.00 secs] 
146.930: Total time for which application threads were stopped: 0.0052340 seconds, Stopping threads took: 0.0027650 seconds
146.960: Application time: 0.0292560 seconds
146.961: [GC146.961: [ParNew: 37565K->4159K(37568K), 0.0023250 secs] 665550K->633514K(758420K), 0.0023710 secs] [Times: user=0.01 sys=0.00, real=0.00 secs] 
146.964: Total time for which application threads were stopped: 0.0039420 seconds, Stopping threads took: 0.0015050 seconds
146.994: Application time: 0.0298810 seconds
146.995: [GC146.995: [ParNew: 37567K->4158K(37568K), 0.0024630 secs] 666922K->635480K(758420K), 0.0025050 secs] [Times: user=0.02 sys=0.00, real=0.00 secs] 
146.997: Total time for which application threads were stopped: 0.0038160 seconds, Stopping threads took: 0.0012470 seconds
147.027: Application time: 0.0298940 seconds
147.030: [GC147.030: [ParNew: 37566K->4159K(37568K), 0.0024780 secs] 668888K->637298K(758420K), 0.0025340 secs] [Times: user=0.02 sys=0.00, real=0.00 secs] 
147.033: Total time for which application threads were stopped: 0.0053490 seconds, Stopping threads took: 0.0027490 seconds
147.061: Application time: 0.0289160 seconds
147.063: [GC147.063: [ParNew: 37567K->4158K(37568K), 0.0022290 secs] 670706K->638476K(758420K), 0.0022750 secs] [Times: user=0.02 sys=0.00, real=0.00 secs] 
147.065: Total time for which application threads were stopped: 0.0038200 seconds, Stopping threads took: 0.0014590 seconds
147.094: Application time: 0.0282630 seconds
147.096: [GC147.096: [ParNew: 37566K->4159K(37568K), 0.0027370 secs] 671884K->641078K(758420K), 0.0027820 secs] [Times: user=0.02 sys=0.00, real=0.00 secs] 
147.099: Total time for which application threads were stopped: 0.0053140 seconds, Stopping threads took: 0.0024660 seconds
147.129: Application time: 0.0305050 seconds
147.131: [GC147.131: [ParNew: 37567K->4158K(37568K), 0.0022890 secs] 674486K->642188K(758420K), 0.0023350 secs] [Times: user=0.02 sys=0.00, real=0.00 secs] 
147.134: Total time for which application threads were stopped: 0.0043710 seconds, Stopping threads took: 0.0019590 seconds
147.164: Application time: 0.0298230 seconds
147.165: [GC147.165: [ParNew: 37566K->4159K(37568K), 0.0026880 secs] 675596K->644644K(758420K), 0.0027340 secs] [Times: user=0.02 sys=0.00, real=0.01 secs] 
147.168: Total time for which application threads were stopped: 0.0045560 seconds, Stopping threads took: 0.0017560 seconds
147.197: Application time: 0.0285050 seconds
147.198: [GC147.198: [ParNew: 37567K->4159K(37568K), 0.0027070 secs] 678052K->647261K(758420K), 0.0027510 secs] [Times: user=0.02 sys=0.00, real=0.00 secs] 
147.201: Total time for which application threads were stopped: 0.0041920 seconds, Stopping threads took: 0.0013760 seconds
147.229: Application time: 0.0285300 seconds
147.232: [GC147.232: [ParNew: 37566K->4159K(37568K), 0.0031550 secs] 680667K->651142K(758420K), 0.0032030 secs] [Times: user=0.03 sys=0.00, real=0.01 secs] 
147.235: Total time for which application threads were stopped: 0.0057770 seconds, Stopping threads took: 0.0025080 seconds
147.266: Application time: 0.0309330 seconds
147.269: [GC147.269: [ParNew: 37567K->4158K(37568K), 0.0031150 secs] 684550K->654881K(758420K), 0.0031590 secs] [Times: user=0.02 sys=0.00, real=0.00 secs] 
147.272: Total time for which application threads were stopped: 0.0061920 seconds, Stopping threads took: 0.0029600 seconds
147.301: Application time: 0.0287110 seconds
147.302: [GC147.302: [ParNew: 37566K->4158K(37568K), 0.0024890 secs] 688289K->656951K(758420K), 0.0025340 secs] [Times: user=0.02 sys=0.00, real=0.00 secs] 
147.305: Total time for which application threads were stopped: 0.0040130 seconds, Stopping threads took: 0.0014120 seconds
147.336: Application time: 0.0304990 seconds
147.338: [GC147.338: [ParNew: 37566K->4158K(37568K), 0.0021820 secs] 690359K->657402K(758420K), 0.0022250 secs] [Times: user=0.02 sys=0.00, real=0.00 secs] 
147.340: Total time for which application threads were stopped: 0.0048870 seconds, Stopping threads took: 0.0025800 seconds
147.370: Application time: 0.0298220 seconds
147.371: [GC147.371: [ParNew: 37566K->4158K(37568K), 0.0026250 secs] 690810K->659730K(758420K), 0.0026700 secs] [Times: user=0.02 sys=0.00, real=0.00 secs] 
147.374: Total time for which application threads were stopped: 0.0035870 seconds, Stopping threads took: 0.0008510 seconds
147.403: Application time: 0.0287220 seconds
147.404: [GC147.404: [ParNew: 37566K->4159K(37568K), 0.0025120 secs] 693138K->661423K(758420K), 0.0025550 secs] [Times: user=0.02 sys=0.00, real=0.01 secs] 
147.407: Total time for which application threads were stopped: 0.0042200 seconds, Stopping threads took: 0.0016000 seconds
147.438: Application time: 0.0307530 seconds
147.440: [GC147.441: [ParNew: 37567K->4158K(37568K), 0.0025390 secs] 694831K->663545K(758420K), 0.0025840 secs] [Times: user=0.02 sys=0.00, real=0.00 secs] 
147.443: Total time for which application threads were stopped: 0.0055690 seconds, Stopping threads took: 0.0029140 seconds
147.473: Application time: 0.0298430 seconds
147.474: [GC147.474: [ParNew: 37566K->4158K(37568K), 0.0022390 secs] 696953K->664529K(758420K), 0.0022840 secs] [Times: user=0.02 sys=0.00, real=0.01 secs] 
147.477: Total time for which application threads were stopped: 0.0037800 seconds, Stopping threads took: 0.0014300 seconds
 CMS: abort preclean due to time 147.479: [CMS-concurrent-abortable-preclean: 0.670/5.024 secs] [Times: user=37.61 sys=0.25, real=5.02 secs] 
147.479: Application time: 0.0024530 seconds
147.481: [GC[YG occupancy: 6622 K (37568 K)]147.481: [Rescan (parallel) , 0.0003470 secs]147.481: [weak refs processing, 0.0000070 secs]147.481: [scrub string table, 0.0001090 secs] [1 CMS-remark: 660371K(720852K)] 666994K(758420K), 0.0004870 secs] [Times: user=0.00 sys=0.00, real=0.00 secs] 
147.481: Total time for which application threads were stopped: 0.0020130 seconds, Stopping threads took: 0.0014980 seconds
147.481: [CMS-concurrent-sweep-start]
147.510: Application time: 0.0286480 seconds
147.512: [GC147.512: [ParNew: 37566K->4158K(37568K), 0.0027230 secs] 437153K->406736K(758420K), 0.0027670 secs] [Times: user=0.02 sys=0.00, real=0.01 secs] 
147.515: Total time for which application threads were stopped: 0.0049810 seconds, Stopping threads took: 0.0021500 seconds
147.520: [CMS-concurrent-sweep: 0.034/0.039 secs] [Times: user=0.26 sys=0.01, real=0.04 secs] 
147.520: [CMS-concurrent-reset-start]
147.523: [CMS-concurrent-reset: 0.002/0.002 secs] [Times: user=0.03 sys=0.00, real=0.00 secs] 
147.548: Application time: 0.0327320 seconds
147.549: [GC147.549: [ParNew: 37566K->4159K(37568K), 0.0027400 secs] 367984K->337432K(758420K), 0.0027820 secs] [Times: user=0.02 sys=0.00, real=0.00 secs] 
147.552: Total time for which application threads were stopped: 0.0046440 seconds, Stopping threads took: 0.0017970 seconds
147.582: Application time: 0.0299980 seconds
147.584: [GC147.584: [ParNew: 37567K->4159K(37568K), 0.0020930 secs] 370840K->338145K(758420K), 0.0021330 secs] [Times: user=0.01 sys=0.00, real=0.00 secs] 
147.586: Total time for which application threads were stopped: 0.0035610 seconds, Stopping threads took: 0.0013640 seconds
147.616: Application time: 0.0304180 seconds
147.617: [GC147.617: [ParNew: 37567K->4158K(37568K), 0.0021290 secs] 371553K->338918K(758420K), 0.0021720 secs] [Times: user=0.02 sys=0.00, real=0.00 secs] 
147.619: Total time for which application threads were stopped: 0.0031500 seconds, Stopping threads took: 0.0009140 seconds
147.650: Application time: 0.0303810 seconds
147.651: [GC147.651: [ParNew: 37566K->4158K(37568K), 0.0024080 secs] 372326K->340609K(758420K), 0.0024500 secs] [Times: user=0.01 sys=0.00, real=0.00 secs] 
147.653: Total time for which application threads were stopped: 0.0034680 seconds, Stopping threads took: 0.0009520 seconds
147.683: Application time: 0.0294200 seconds
147.685: [GC147.685: [ParNew: 37566K->4159K(37568K), 0.0025160 secs] 374017K->342689K(758420K), 0.0025580 secs] [Times: user=0.01 sys=0.00, real=0.01 secs] 
147.688: Total time for which application threads were stopped: 0.0049340 seconds, Stopping threads took: 0.0023100 seconds
147.717: Application time: 0.0292500 seconds
147.718: [GC147.718: [ParNew: 37567K->4158K(37568K), 0.0023280 secs] 376097K->344287K(758420K), 0.0023690 secs] [Times: user=0.01 sys=0.00, real=0.00 secs] 
147.721: Total time for which application threads were stopped: 0.0037120 seconds, Stopping threads took: 0.0012790 seconds
147.751: Application time: 0.0303260 seconds
147.753: [GC147.753: [ParNew: 37566K->4101K(37568K), 0.0017960 secs] 377695K->344231K(758420K), 0.0018390 secs] [Times: user=0.01 sys=0.01, real=0.01 secs] 
147.755: Total time for which application threads were stopped: 0.0038330 seconds, Stopping threads took: 0.0019300 seconds
147.784: Application time: 0.0296960 seconds
147.786: [GC147.786: [ParNew: 37509K->4159K(37568K), 0.0027730 secs] 377639K->347038K(758420K), 0.0028150 secs] [Times: user=0.02 sys=0.00, real=0.01 secs] 
147.789: Total time for which application threads were stopped: 0.0044330 seconds, Stopping threads took: 0.0015370 seconds
147.819: Application time: 0.0305510 seconds
147.822: [GC147.822: [ParNew: 37567K->4158K(37568K), 0.0018460 secs] 380446K->347120K(758420K), 0.0018940 secs] [Times: user=0.01 sys=0.00, real=0.00 secs] 
147.823: Total time for which application threads were stopped: 0.0040620 seconds, Stopping threads took: 0.0021040 seconds
147.854: Application time: 0.0306500 seconds
147.856: [GC147.856: [ParNew: 37566K->4159K(37568K), 0.0021230 secs] 380528K->348031K(758420K), 0.0021640 secs] [Times: user=0.02 sys=0.00, real=0.00 secs] 
147.858: Total time for which application threads were stopped: 0.0037390 seconds, Stopping threads took: 0.0015120 seconds
147.887: Application time: 0.0287880 seconds
147.888: [GC147.888: [ParNew: 37567K->4158K(37568K), 0.0024190 secs] 381439K->349874K(758420K), 0.0024600 secs] [Times: user=0.02 sys=0.00, real=0.00 secs] 
147.890: Total time for which application threads were stopped: 0.0037890 seconds, Stopping threads took: 0.0012700 seconds
147.920: Application time: 0.0299800 seconds
147.922: [GC147.922: [ParNew: 37566K->4159K(37568K), 0.0024160 secs] 383282K->351600K(758420K), 0.0024560 secs] [Times: user=0.02 sys=0.00, real=0.00 secs] 
147.924: Total time for which application threads were stopped: 0.0036310 seconds, Stopping threads took: 0.0011100 seconds
147.953: Application time: 0.0292090 seconds
147.954: [GC147.954: [ParNew: 37567K->4159K(37568K), 0.0024910 secs] 385008K->353619K(758420K), 0.0025360 secs] [Times: user=0.02 sys=0.00, real=0.01 secs] 
147.957: Total time for which application threads were stopped: 0.0035310 seconds, Stopping threads took: 0.0009300 seconds
147.987: Application time: 0.0306170 seconds
147.988: [GC147.988: [ParNew: 37567K->4090K(37568K), 0.0018450 secs] 387027K->353578K(758420K), 0.0018870 secs] [Times: user=0.02 sys=0.00, real=0.00 secs] 
147.990: Total time for which application threads were stopped: 0.0022040 seconds, Stopping threads took: 0.0002600 seconds
148.020: Application time: 0.0307840 seconds
148.022: [GC148.023: [ParNew: 37498K->4159K(37568K), 0.0022690 secs] 386986K->355001K(758420K), 0.0023100 secs] [Times: user=0.01 sys=0.01, real=0.00 secs] 
148.025: Total time for which application threads were stopped: 0.0044300 seconds, Stopping threads took: 0.0020570 seconds
148.055: Application time: 0.0299310 seconds
148.057: [GC148.058: [ParNew: 37567K->4158K(37568K), 0.0022330 secs] 388409K->356258K(758420K), 0.0022770 secs] [Times: user=0.02 sys=0.00, real=0.00 secs] 
148.060: Total time for which application threads were stopped: 0.0050260 seconds, Stopping threads took: 0.0026820 seconds
148.089: Application time: 0.0294530 seconds
148.092: [GC148.092: [ParNew: 37566K->4158K(37568K), 0.0023670 secs] 389666K->357953K(758420K), 0.0024100 secs] [Times: user=0.02 sys=0.00, real=0.00 secs] 
148.094: Total time for which application threads were stopped: 0.0052130 seconds, Stopping threads took: 0.0027380 seconds
148.125: Application time: 0.0302440 seconds
148.127: [GC148.127: [ParNew: 37566K->4158K(37568K), 0.0022480 secs] 391361K->359105K(758420K), 0.0022920 secs] [Times: user=0.02 sys=0.00, real=0.00 secs] 
148.129: Total time for which application threads were stopped: 0.0044450 seconds, Stopping threads took: 0.0020870 seconds
148.160: Application time: 0.0304140 seconds
148.161: [GC148.161: [ParNew: 37566K->4159K(37568K), 0.0025520 secs] 392513K->361225K(758420K), 0.0025990 secs] [Times: user=0.01 sys=0.00, real=0.00 secs] 
148.164: Total time for which application threads were stopped: 0.0040400 seconds, Stopping threads took: 0.0013760 seconds
148.194: Application time: 0.0299040 seconds
148.195: [GC148.195: [ParNew: 37567K->4158K(37568K), 0.0021420 secs] 394633K->362267K(758420K), 0.0021850 secs] [Times: user=0.02 sys=0.00, real=0.00 secs] 
148.197: Total time for which application threads were stopped: 0.0037680 seconds, Stopping threads took: 0.0015180 seconds
148.226: Application time: 0.0289320 seconds
148.229: [GC148.229: [ParNew: 37565K->4158K(37568K), 0.0027320 secs] 395674K->365199K(758420K), 0.0027840 secs] [Times: user=0.02 sys=0.00, real=0.00 secs] 
148.231: Total time for which application threads were stopped: 0.0051500 seconds, Stopping threads took: 0.0022980 seconds
148.261: Application time: 0.0293470 seconds
148.262: [GC148.262: [ParNew: 37566K->4159K(37568K), 0.0025660 secs] 398607K->367455K(758420K), 0.0026080 secs] [Times: user=0.02 sys=0.00, real=0.00 secs] 
148.265: Total time for which application threads were stopped: 0.0041830 seconds, Stopping threads took: 0.0015110 seconds
148.265: Application time: 0.0000970 seconds
148.267: [GC [1 CMS-initial-mark: 363295K(720852K)] 368357K(758420K), 0.0002020 secs] [Times: user=0.00 sys=0.00, real=0.00 secs] 
148.267: Total time for which application threads were stopped: 0.0018130 seconds, Stopping threads took: 0.0015830 seconds
148.267: [CMS-concurrent-mark-start]
148.273: [CMS-concurrent-mark: 0.006/0.006 secs] [Times: user=0.04 sys=0.00, real=0.00 secs] 
148.273: [CMS-concurrent-preclean-start]
148.274: [CMS-concurrent-preclean: 0.001/0.001 secs] [Times: user=0.00 sys=0.00, real=0.00 secs] 
148.274: [CMS-concurrent-abortable-preclean-start]
148.296: Application time: 0.0294110 seconds
148.298: [GC148.298: [ParNew: 37567K->4158K(37568K), 0.0021790 secs] 400863K->368384K(758420K), 0.0022200 secs] [Times: user=0.02 sys=0.00, real=0.00 secs] 
148.300: Total time for which application threads were stopped: 0.0041190 seconds, Stopping threads took: 0.0018190 seconds
148.329: Application time: 0.0285070 seconds
148.331: [GC148.331: [ParNew: 37566K->4159K(37568K), 0.0029060 secs] 401792K->371685K(758420K), 0.0029540 secs] [Times: user=0.03 sys=0.00, real=0.00 secs] 
148.334: Total time for which application threads were stopped: 0.0049070 seconds, Stopping threads took: 0.0018860 seconds
148.363: Application time: 0.0292950 seconds
148.365: [GC148.365: [ParNew: 37567K->4158K(37568K), 0.0028060 secs] 405093K->374833K(758420K), 0.0028520 secs] [Times: user=0.02 sys=0.00, real=0.01 secs] 
148.368: Total time for which application threads were stopped: 0.0048770 seconds, Stopping threads took: 0.0019610 seconds
148.397: Application time: 0.0289290 seconds
148.400: [GC148.400: [ParNew: 37566K->4158K(37568K), 0.0028480 secs] 408241K->377865K(758420K), 0.0028900 secs] [Times: user=0.02 sys=0.00, real=0.00 secs] 
148.403: Total time for which application threads were stopped: 0.0056300 seconds, Stopping threads took: 0.0026750 seconds
148.433: Application time: 0.0305910 seconds
148.436: [GC148.436: [ParNew: 37566K->4158K(37568K), 0.0028560 secs] 411273K->380766K(758420K), 0.0029000 secs] [Times: user=0.02 sys=0.00, real=0.00 secs] 
148.439: Total time for which application threads were stopped: 0.0054410 seconds, Stopping threads took: 0.0024760 seconds
148.469: Application time: 0.0300830 seconds
148.470: [GC148.470: [ParNew: 37565K->4158K(37568K), 0.0029760 secs] 414173K->384372K(758420K), 0.0030200 secs] [Times: user=0.02 sys=0.00, real=0.00 secs] 
148.473: Total time for which application threads were stopped: 0.0045270 seconds, Stopping threads took: 0.0014400 seconds
148.502: Application time: 0.0293070 seconds
148.504: [GC148.504: [ParNew: 37566K->4158K(37568K), 0.0026540 secs] 417780K->386955K(758420K), 0.0026970 secs] [Times: user=0.02 sys=0.00, real=0.00 secs] 
148.506: Total time for which application threads were stopped: 0.0037640 seconds, Stopping threads took: 0.0010010 seconds
148.536: Application time: 0.0300580 seconds
148.537: [GC148.537: [ParNew: 37566K->4158K(37568K), 0.0021550 secs] 420363K->387532K(758420K), 0.0021990 secs] [Times: user=0.01 sys=0.00, real=0.00 secs] 
148.540: Total time for which application threads were stopped: 0.0033070 seconds, Stopping threads took: 0.0010430 seconds
148.570: Application time: 0.0300820 seconds
148.571: [GC148.571: [ParNew: 37566K->4159K(37568K), 0.0023060 secs] 420940K->389094K(758420K), 0.0023500 secs] [Times: user=0.01 sys=0.00, real=0.00 secs] 
148.574: Total time for which application threads were stopped: 0.0041550 seconds, Stopping threads took: 0.0017300 seconds
148.603: Application time: 0.0289560 seconds
148.605: [GC148.605: [ParNew: 37567K->4158K(37568K), 0.0025840 secs] 422502K->391529K(758420K), 0.0026270 secs] [Times: user=0.02 sys=0.00, real=0.01 secs] 
148.608: Total time for which application threads were stopped: 0.0049300 seconds, Stopping threads took: 0.0022360 seconds
148.637: Application time: 0.0296140 seconds
148.639: [GC148.639: [ParNew: 37566K->4159K(37568K), 0.0022400 secs] 424937K->392896K(758420K), 0.0022840 secs] [Times: user=0.01 sys=0.00, real=0.00 secs] 
148.642: Total time for which application threads were stopped: 0.0042000 seconds, Stopping threads took: 0.0018350 seconds
148.671: Application time: 0.0298060 seconds
148.672: [GC148.672: [ParNew: 37567K->4158K(37568K), 0.0022440 secs] 426304K->394206K(758420K), 0.0022850 secs] [Times: user=0.02 sys=0.00, real=0.00 secs] 
148.674: Total time for which application threads were stopped: 0.0028300 seconds, Stopping threads took: 0.0004790 seconds
148.704: Application time: 0.0294130 seconds
148.706: [GC148.706: [ParNew: 37566K->4159K(37568K), 0.0025240 secs] 427614K->396379K(758420K), 0.0025670 secs] [Times: user=0.02 sys=0.00, real=0.01 secs] 
148.708: Total time for which application threads were stopped: 0.0046220 seconds, Stopping threads took: 0.0019800 seconds
148.737: Application time: 0.0288540 seconds
148.738: [GC148.738: [ParNew: 37566K->4159K(37568K), 0.0024930 secs] 429786K->398456K(758420K), 0.0025360 secs] [Times: user=0.02 sys=0.00, real=0.00 secs] 
148.741: Total time for which application threads were stopped: 0.0039480 seconds, Stopping threads took: 0.0013470 seconds
148.770: Application time: 0.0289890 seconds
148.772: [GC148.772: [ParNew: 37567K->4159K(37568K), 0.0023270 secs] 431864K->400004K(758420K), 0.0023690 secs] [Times: user=0.02 sys=0.00, real=0.00 secs] 
148.774: Total time for which application threads were stopped: 0.0043200 seconds, Stopping threads took: 0.0018850 seconds
148.805: Application time: 0.0305260 seconds
148.808: [GC148.808: [ParNew: 37567K->4158K(37568K), 0.0027040 secs] 433412K->402740K(758420K), 0.0027490 secs] [Times: user=0.02 sys=0.00, real=0.00 secs] 
148.810: Total time for which application threads were stopped: 0.0055790 seconds, Stopping threads took: 0.0027560 seconds
148.840: Application time: 0.0292830 seconds
148.842: [GC148.842: [ParNew: 37566K->4159K(37568K), 0.0026420 secs] 436148K->405338K(758420K), 0.0026840 secs] [Times: user=0.02 sys=0.00, real=0.00 secs] 
148.845: Total time for which application threads were stopped: 0.0049470 seconds, Stopping threads took: 0.0022050 seconds
148.875: Application time: 0.0302310 seconds
148.877: [GC148.877: [ParNew: 37567K->4158K(37568K), 0.0019360 secs] 438746K->405829K(758420K), 0.0019800 secs] [Times: user=0.01 sys=0.01, real=0.00 secs] 
148.879: Total time for which application threads were stopped: 0.0038840 seconds, Stopping threads took: 0.0018400 seconds
148.908: Application time: 0.0293810 seconds
148.910: [GC148.910: [ParNew: 37566K->4159K(37568K), 0.0023130 secs] 439237K->407212K(758420K), 0.0023550 secs] [Times: user=0.02 sys=0.00, real=0.00 secs] 
148.912: Total time for which application threads were stopped: 0.0037600 seconds, Stopping threads took: 0.0013400 seconds
148.942: Application time: 0.0295760 seconds
148.943: [GC148.943: [ParNew: 37567K->4158K(37568K), 0.0019470 secs] 440620K->407604K(758420K), 0.0019890 secs] [Times: user=0.02 sys=0.00, real=0.00 secs] 
148.945: Total time for which application threads were stopped: 0.0036710 seconds, Stopping threads took: 0.0016170 seconds
148.974: Application time: 0.0284510 seconds
148.975: [GC148.975: [ParNew: 37566K->4159K(37568K), 0.0027320 secs] 441012K->410316K(758420K), 0.0027740 secs] [Times: user=0.02 sys=0.00, real=0.00 secs] 
148.978: Total time for which application threads were stopped: 0.0044680 seconds, Stopping threads took: 0.0016060 seconds
149.008: Application time: 0.0296630 seconds
149.010: [GC149.010: [ParNew: 37567K->4159K(37568K), 0.0024990 secs] 443724K->412534K(758420K), 0.0025520 secs] [Times: user=0.02 sys=0.00, real=0.00 secs] 
149.013: Total time for which application threads were stopped: 0.0051780 seconds, Stopping threads took: 0.0025600 seconds
149.041: Application time: 0.0280630 seconds
149.043: [GC149.043: [ParNew: 37567K->4158K(37568K), 0.0028420 secs] 445942K->415619K(758420K), 0.0028890 secs] [Times: user=0.02 sys=0.00, real=0.00 secs] 
149.045: Total time for which application threads were stopped: 0.0044560 seconds, Stopping threads took: 0.0015100 seconds
149.074: Application time: 0.0289020 seconds
149.077: [GC149.077: [ParNew: 37566K->4159K(37568K), 0.0026740 secs] 449027K->418523K(758420K), 0.0027200 secs] [Times: user=0.02 sys=0.00, real=0.00 secs] 
149.080: Total time for which application threads were stopped: 0.0052630 seconds, Stopping threads took: 0.0024790 seconds
149.109: Application time: 0.0293190 seconds
149.112: [GC149.112: [ParNew: 37567K->4159K(37568K), 0.0027250 secs] 451931K->421396K(758420K), 0.0027680 secs] [Times: user=0.02 sys=0.00, real=0.00 secs] 
149.114: Total time for which application threads were stopped: 0.0053550 seconds, Stopping threads took: 0.0025200 seconds
149.144: Application time: 0.0293460 seconds
149.145: [GC149.145: [ParNew: 37567K->4159K(37568K), 0.0027310 secs] 454804K->424196K(758420K), 0.0027770 secs] [Times: user=0.02 sys=0.00, real=0.01 secs] 
149.148: Total time for which application threads were stopped: 0.0043820 seconds, Stopping threads took: 0.0015400 seconds
149.177: Application time: 0.0287020 seconds
149.179: [GC149.179: [ParNew: 37567K->4158K(37568K), 0.0024680 secs] 457604K->426413K(758420K), 0.0025080 secs] [Times: user=0.02 sys=0.00, real=0.00 secs] 
149.181: Total time for which application threads were stopped: 0.0044570 seconds, Stopping threads took: 0.0018840 seconds
149.211: Application time: 0.0294350 seconds
149.213: [GC149.213: [ParNew: 37566K->4159K(37568K), 0.0026420 secs] 459821K->429029K(758420K), 0.0026870 secs] [Times: user=0.01 sys=0.00, real=0.01 secs] 
149.216: Total time for which application threads were stopped: 0.0054760 seconds, Stopping threads took: 0.0027250 seconds
149.245: Application time: 0.0292130 seconds
149.247: [GC149.247: [ParNew: 37567K->4158K(37568K), 0.0026380 secs] 462437K->431526K(758420K), 0.0026810 secs] [Times: user=0.02 sys=0.00, real=0.00 secs] 
149.250: Total time for which application threads were stopped: 0.0041640 seconds, Stopping threads took: 0.0014170 seconds
149.278: Application time: 0.0281800 seconds
149.279: [GC149.279: [ParNew: 37566K->4158K(37568K), 0.0026170 secs] 464934K->434019K(758420K), 0.0026610 secs] [Times: user=0.02 sys=0.00, real=0.00 secs] 
149.282: Total time for which application threads were stopped: 0.0043460 seconds, Stopping threads took: 0.0016210 seconds
149.311: Application time: 0.0293190 seconds
149.313: [GC149.313: [ParNew: 37566K->4158K(37568K), 0.0028120 secs] 467427K->436865K(758420K), 0.0028530 secs] [Times: user=0.02 sys=0.00, real=0.01 secs] 
149.316: Total time for which application threads were stopped: 0.0045810 seconds, Stopping threads took: 0.0016560 seconds
149.346: Application time: 0.0297870 seconds
149.348: [GC149.348: [ParNew: 37566K->4158K(37568K), 0.0028840 secs] 470273K->440092K(758420K), 0.0029280 secs] [Times: user=0.02 sys=0.00, real=0.00 secs] 
149.351: Total time for which application threads were stopped: 0.0047830 seconds, Stopping threads took: 0.0017850 seconds
149.384: Application time: 0.0336310 seconds
149.386: [GC149.386: [ParNew: 37566K->4158K(37568K), 0.0029020 secs] 473500K->443194K(758420K), 0.0029450 secs] [Times: user=0.02 sys=0.00, real=0.01 secs] 
149.389: Total time for which application threads were stopped: 0.0045960 seconds, Stopping threads took: 0.0015850 seconds
149.420: Application time: 0.0307810 seconds
149.421: [GC149.421: [ParNew: 37566K->4159K(37568K), 0.0024970 secs] 476602K->445109K(758420K), 0.0025420 secs] [Times: user=0.02 sys=0.00, real=0.00 secs] 
149.423: Total time for which application threads were stopped: 0.0036360 seconds, Stopping threads took: 0.0010260 seconds
149.454: Application time: 0.0303880 seconds
149.455: [GC149.455: [ParNew: 37566K->4159K(37568K), 0.0024060 secs] 478516K->446883K(758420K), 0.0024560 secs] [Times: user=0.02 sys=0.00, real=0.00 secs] 
149.458: Total time for which application threads were stopped: 0.0041620 seconds, Stopping threads took: 0.0016390 seconds
149.489: Application time: 0.0316820 seconds
149.491: [GC149.491: [ParNew: 37567K->4158K(37568K), 0.0025920 secs] 480291K->449208K(758420K), 0.0026360 secs] [Times: user=0.02 sys=0.00, real=0.00 secs] 
149.494: Total time for which application threads were stopped: 0.0044210 seconds, Stopping threads took: 0.0017170 seconds
149.526: Application time: 0.0323000 seconds
149.529: [GC149.529: [ParNew: 37566K->4158K(37568K), 0.0026720 secs] 482616K->451866K(758420K), 0.0027160 secs] [Times: user=0.02 sys=0.00, real=0.00 secs] 
149.532: Total time for which application threads were stopped: 0.0056680 seconds, Stopping threads took: 0.0028840 seconds
149.563: Application time: 0.0313670 seconds
149.566: [GC149.566: [ParNew: 37566K->4158K(37568K), 0.0023010 secs] 485274K->453401K(758420K), 0.0023460 secs] [Times: user=0.02 sys=0.00, real=0.01 secs] 
149.568: Total time for which application threads were stopped: 0.0052150 seconds, Stopping threads took: 0.0028030 seconds
149.600: Application time: 0.0311650 seconds
149.602: [GC149.602: [ParNew: 37564K->4159K(37568K), 0.0026670 secs] 486808K->455780K(758420K), 0.0027110 secs] [Times: user=0.02 sys=0.00, real=0.00 secs] 
149.604: Total time for which application threads were stopped: 0.0048730 seconds, Stopping threads took: 0.0020740 seconds
149.636: Application time: 0.0318130 seconds
149.638: [GC149.638: [ParNew: 37567K->3621K(37568K), 0.0017320 secs] 489188K->455243K(758420K), 0.0017730 secs] [Times: user=0.02 sys=0.00, real=0.00 secs] 
149.640: Total time for which application threads were stopped: 0.0033450 seconds, Stopping threads took: 0.0015080 seconds
149.671: Application time: 0.0310660 seconds
149.674: [GC149.674: [ParNew: 37029K->4158K(37568K), 0.0024410 secs] 488651K->457685K(758420K), 0.0024850 secs] [Times: user=0.01 sys=0.00, real=0.01 secs] 
149.676: Total time for which application threads were stopped: 0.0056680 seconds, Stopping threads took: 0.0031150 seconds
149.708: Application time: 0.0316670 seconds
149.711: [GC149.711: [ParNew: 37566K->4159K(37568K), 0.0028880 secs] 491093K->461141K(758420K), 0.0029330 secs] [Times: user=0.02 sys=0.00, real=0.00 secs] 
149.714: Total time for which application threads were stopped: 0.0059490 seconds, Stopping threads took: 0.0029510 seconds
149.746: Application time: 0.0320240 seconds
149.747: [GC149.747: [ParNew: 37567K->4158K(37568K), 0.0022370 secs] 494549K->462024K(758420K), 0.0022820 secs] [Times: user=0.02 sys=0.00, real=0.00 secs] 
149.749: Total time for which application threads were stopped: 0.0032580 seconds, Stopping threads took: 0.0009110 seconds
149.780: Application time: 0.0308150 seconds
149.782: [GC149.782: [ParNew: 37566K->4159K(37568K), 0.0026400 secs] 495432K->464282K(758420K), 0.0026860 secs] [Times: user=0.01 sys=0.00, real=0.00 secs] 
149.784: Total time for which application threads were stopped: 0.0042200 seconds, Stopping threads took: 0.0014440 seconds
149.815: Application time: 0.0308940 seconds
149.817: [GC149.817: [ParNew: 37567K->4158K(37568K), 0.0025330 secs] 497690K->466368K(758420K), 0.0025780 secs] [Times: user=0.02 sys=0.00, real=0.00 secs] 
149.819: Total time for which application threads were stopped: 0.0042950 seconds, Stopping threads took: 0.0016410 seconds
149.851: Application time: 0.0316530 seconds
149.853: [GC149.853: [ParNew: 37566K->4158K(37568K), 0.0024800 secs] 499776K->468319K(758420K), 0.0025230 secs] [Times: user=0.02 sys=0.00, real=0.01 secs] 
149.856: Total time for which application threads were stopped: 0.0048120 seconds, Stopping threads took: 0.0022220 seconds
149.887: Application time: 0.0314550 seconds
149.889: [GC149.889: [ParNew: 37566K->4159K(37568K), 0.0024690 secs] 501727K->470126K(758420K), 0.0025240 secs] [Times: user=0.02 sys=0.00, real=0.00 secs] 
149.891: Total time for which application threads were stopped: 0.0039610 seconds, Stopping threads took: 0.0013700 seconds
149.923: Application time: 0.0316770 seconds
149.926: [GC149.926: [ParNew: 37567K->4159K(37568K), 0.0027130 secs] 503534K->472733K(758420K), 0.0027610 secs] [Times: user=0.02 sys=0.00, real=0.01 secs] 
149.928: Total time for which application threads were stopped: 0.0053260 seconds, Stopping threads took: 0.0024960 seconds
149.959: Application time: 0.0307820 seconds
149.961: [GC149.961: [ParNew: 37567K->4159K(37568K), 0.0029290 secs] 506141K->476137K(758420K), 0.0029720 secs] [Times: user=0.02 sys=0.00, real=0.00 secs] 
149.964: Total time for which application threads were stopped: 0.0051610 seconds, Stopping threads took: 0.0021220 seconds
149.995: Application time: 0.0310030 seconds
149.998: [GC149.998: [ParNew: 37567K->4158K(37568K), 0.0029000 secs] 509545K->479463K(758420K), 0.0029460 secs] [Times: user=0.02 sys=0.00, real=0.00 secs] 
150.001: Total time for which application threads were stopped: 0.0052300 seconds, Stopping threads took: 0.0022220 seconds
150.033: Application time: 0.0323730 seconds
150.036: [GC150.036: [ParNew: 37566K->4159K(37568K), 0.0024870 secs] 512871K->481575K(758420K), 0.0025340 secs] [Times: user=0.02 sys=0.00, real=0.00 secs] 
150.038: Total time for which application threads were stopped: 0.0053930 seconds, Stopping threads took: 0.0027920 seconds
150.070: Application time: 0.0316620 seconds
150.072: [GC150.072: [ParNew: 37567K->4158K(37568K), 0.0024560 secs] 514983K->483479K(758420K), 0.0025000 secs] [Times: user=0.01 sys=0.00, real=0.00 secs] 
150.074: Total time for which application threads were stopped: 0.0041440 seconds, Stopping threads took: 0.0015760 seconds
150.106: Application time: 0.0320510 seconds
150.109: [GC150.109: [ParNew: 37566K->4159K(37568K), 0.0028760 secs] 516887K->486603K(758420K), 0.0029220 secs] [Times: user=0.02 sys=0.00, real=0.00 secs] 
150.112: Total time for which application threads were stopped: 0.0054370 seconds, Stopping threads took: 0.0024480 seconds
150.143: Application time: 0.0310220 seconds
150.145: [GC150.145: [ParNew: 37567K->4158K(37568K), 0.0030070 secs] 520011K->490081K(758420K), 0.0030510 secs] [Times: user=0.02 sys=0.00, real=0.01 secs] 
150.148: Total time for which application threads were stopped: 0.0050570 seconds, Stopping threads took: 0.0019400 seconds
150.178: Application time: 0.0298740 seconds
150.180: [GC150.180: [ParNew: 37566K->4159K(37568K), 0.0025590 secs] 523489K->492468K(758420K), 0.0026010 secs] [Times: user=0.02 sys=0.00, real=0.00 secs] 
150.182: Total time for which application threads were stopped: 0.0045970 seconds, Stopping threads took: 0.0019300 seconds
150.213: Application time: 0.0309550 seconds
150.214: [GC150.214: [ParNew: 37567K->4159K(37568K), 0.0025910 secs] 525876K->494742K(758420K), 0.0026340 secs] [Times: user=0.02 sys=0.00, real=0.01 secs] 
150.217: Total time for which application threads were stopped: 0.0035180 seconds, Stopping threads took: 0.0008140 seconds
150.249: Application time: 0.0322110 seconds
150.252: [GC150.252: [ParNew: 37567K->4158K(37568K), 0.0027600 secs] 528150K->497831K(758420K), 0.0028050 secs] [Times: user=0.02 sys=0.00, real=0.01 secs] 
150.255: Total time for which application threads were stopped: 0.0057810 seconds, Stopping threads took: 0.0029100 seconds
150.286: Application time: 0.0318290 seconds
150.289: [GC150.289: [ParNew: 37566K->4159K(37568K), 0.0018550 secs] 531239K->497910K(758420K), 0.0018960 secs] [Times: user=0.02 sys=0.00, real=0.00 secs] 
150.291: Total time for which application threads were stopped: 0.0040620 seconds, Stopping threads took: 0.0021000 seconds
150.323: Application time: 0.0319790 seconds
150.325: [GC150.325: [ParNew: 37567K->4158K(37568K), 0.0022250 secs] 531318K->498935K(758420K), 0.0022720 secs] [Times: user=0.01 sys=0.00, real=0.01 secs] 
150.327: Total time for which application threads were stopped: 0.0043250 seconds, Stopping threads took: 0.0019760 seconds
150.358: Application time: 0.0311450 seconds
150.360: [GC150.360: [ParNew: 37566K->4159K(37568K), 0.0027730 secs] 532343K->501829K(758420K), 0.0028290 secs] [Times: user=0.02 sys=0.00, real=0.00 secs] 
150.363: Total time for which application threads were stopped: 0.0048370 seconds, Stopping threads took: 0.0019420 seconds
150.394: Application time: 0.0310060 seconds
150.395: [GC150.395: [ParNew: 37567K->4159K(37568K), 0.0026070 secs] 535237K->504184K(758420K), 0.0026500 secs] [Times: user=0.02 sys=0.00, real=0.00 secs] 
150.398: Total time for which application threads were stopped: 0.0042570 seconds, Stopping threads took: 0.0015420 seconds
150.430: Application time: 0.0315630 seconds
150.431: [GC150.431: [ParNew: 37565K->4159K(37568K), 0.0024000 secs] 537590K->505786K(758420K), 0.0024440 secs] [Times: user=0.01 sys=0.00, real=0.00 secs] 
150.434: Total time for which application threads were stopped: 0.0042070 seconds, Stopping threads took: 0.0016970 seconds
150.465: Application time: 0.0311170 seconds
150.466: [GC150.466: [ParNew: 37567K->4159K(37568K), 0.0023540 secs] 539194K->507187K(758420K), 0.0024010 secs] [Times: user=0.02 sys=0.00, real=0.01 secs] 
150.469: Total time for which application threads were stopped: 0.0038360 seconds, Stopping threads took: 0.0013690 seconds
150.499: Application time: 0.0298440 seconds
150.501: [GC150.501: [ParNew: 37567K->4158K(37568K), 0.0029490 secs] 540595K->510506K(758420K), 0.0029960 secs] [Times: user=0.02 sys=0.00, real=0.00 secs] 
150.504: Total time for which application threads were stopped: 0.0054280 seconds, Stopping threads took: 0.0023450 seconds
150.535: Application time: 0.0310930 seconds
150.537: [GC150.537: [ParNew: 37566K->4158K(37568K), 0.0027830 secs] 543914K->513607K(758420K), 0.0028260 secs] [Times: user=0.02 sys=0.00, real=0.00 secs] 
150.540: Total time for which application threads were stopped: 0.0050830 seconds, Stopping threads took: 0.0021890 seconds
150.572: Application time: 0.0315520 seconds
150.575: [GC150.575: [ParNew: 37565K->4158K(37568K), 0.0026320 secs] 547014K->516100K(758420K), 0.0026770 secs] [Times: user=0.02 sys=0.00, real=0.00 secs] 
150.578: Total time for which application threads were stopped: 0.0057990 seconds, Stopping threads took: 0.0030540 seconds
150.609: Application time: 0.0315990 seconds
150.612: [GC150.612: [ParNew: 37566K->4159K(37568K), 0.0026250 secs] 549508K->518428K(758420K), 0.0026710 secs] [Times: user=0.02 sys=0.00, real=0.00 secs] 
150.614: Total time for which application threads were stopped: 0.0051470 seconds, Stopping threads took: 0.0024080 seconds
150.646: Application time: 0.0311930 seconds
150.646: [GC150.646: [ParNew: 37567K->4158K(37568K), 0.0030510 secs] 551836K->522162K(758420K), 0.0030960 secs] [Times: user=0.02 sys=0.00, real=0.01 secs] 
150.650: Total time for which application threads were stopped: 0.0039470 seconds, Stopping threads took: 0.0007820 seconds
150.682: Application time: 0.0328400 seconds
150.685: [GC150.685: [ParNew: 37566K->4158K(37568K), 0.0029570 secs] 555570K->525808K(758420K), 0.0030020 secs] [Times: user=0.02 sys=0.00, real=0.01 secs] 
150.688: Total time for which application threads were stopped: 0.0060820 seconds, Stopping threads took: 0.0030050 seconds
150.720: Application time: 0.0316210 seconds
150.721: [GC150.721: [ParNew: 37566K->4159K(37568K), 0.0022470 secs] 559216K->526875K(758420K), 0.0022940 secs] [Times: user=0.02 sys=0.00, real=0.00 secs] 
150.723: Total time for which application threads were stopped: 0.0033640 seconds, Stopping threads took: 0.0010000 seconds
150.756: Application time: 0.0320750 seconds
150.758: [GC150.758: [ParNew: 37567K->4159K(37568K), 0.0023320 secs] 560282K->528442K(758420K), 0.0023760 secs] [Times: user=0.01 sys=0.00, real=0.00 secs] 
150.760: Total time for which application threads were stopped: 0.0047250 seconds, Stopping threads took: 0.0022830 seconds
150.791: Application time: 0.0309620 seconds
150.793: [GC150.793: [ParNew: 37567K->4158K(37568K), 0.0026540 secs] 561850K->530896K(758420K), 0.0026960 secs] [Times: user=0.02 sys=0.00, real=0.01 secs] 
150.796: Total time for which application threads were stopped: 0.0049190 seconds, Stopping threads took: 0.0021470 seconds
150.827: Application time: 0.0308410 seconds
150.829: [GC150.829: [ParNew: 37565K->4158K(37568K), 0.0027110 secs] 564303K->533603K(758420K), 0.0027570 secs] [Times: user=0.02 sys=0.00, real=0.00 secs] 
150.831: Total time for which application threads were stopped: 0.0044880 seconds, Stopping threads took: 0.0016550 seconds
150.863: Application time: 0.0316940 seconds
150.866: [GC150.866: [ParNew: 37565K->4159K(37568K), 0.0024580 secs] 567010K->535628K(758420K), 0.0025020 secs] [Times: user=0.02 sys=0.00, real=0.01 secs] 
150.869: Total time for which application threads were stopped: 0.0056310 seconds, Stopping threads took: 0.0030620 seconds
150.900: Application time: 0.0312960 seconds
150.902: [GC150.902: [ParNew: 37567K->4158K(37568K), 0.0024570 secs] 569036K->537495K(758420K), 0.0025000 secs] [Times: user=0.02 sys=0.00, real=0.00 secs] 
150.904: Total time for which application threads were stopped: 0.0039720 seconds, Stopping threads took: 0.0014080 seconds
150.935: Application time: 0.0311960 seconds
150.937: [GC150.937: [ParNew: 37566K->4159K(37568K), 0.0027180 secs] 570903K->540221K(758420K), 0.0027630 secs] [Times: user=0.01 sys=0.01, real=0.00 secs] 
150.939: Total time for which application threads were stopped: 0.0041920 seconds, Stopping threads took: 0.0013610 seconds
150.970: Application time: 0.0309900 seconds
150.973: [GC150.973: [ParNew: 37567K->4158K(37568K), 0.0030080 secs] 573629K->543905K(758420K), 0.0030530 secs] [Times: user=0.02 sys=0.00, real=0.01 secs] 
150.976: Total time for which application threads were stopped: 0.0058630 seconds, Stopping threads took: 0.0027450 seconds
151.007: Application time: 0.0304670 seconds
151.009: [GC151.009: [ParNew: 37566K->4159K(37568K), 0.0028190 secs] 577313K->546858K(758420K), 0.0028650 secs] [Times: user=0.02 sys=0.00, real=0.00 secs] 
151.012: Total time for which application threads were stopped: 0.0054220 seconds, Stopping threads took: 0.0024910 seconds
151.044: Application time: 0.0313660 seconds
151.047: [GC151.047: [ParNew: 37567K->4159K(37568K), 0.0024200 secs] 580266K->548642K(758420K), 0.0024650 secs] [Times: user=0.02 sys=0.00, real=0.00 secs] 
151.049: Total time for which application threads were stopped: 0.0055780 seconds, Stopping threads took: 0.0030460 seconds
151.080: Application time: 0.0310470 seconds
151.082: [GC151.082: [ParNew: 37567K->4158K(37568K), 0.0029370 secs] 582050K->551748K(758420K), 0.0029810 secs] [Times: user=0.02 sys=0.00, real=0.00 secs] 
151.085: Total time for which application threads were stopped: 0.0048610 seconds, Stopping threads took: 0.0018130 seconds
151.117: Application time: 0.0319760 seconds
151.119: [GC151.119: [ParNew: 37566K->4159K(37568K), 0.0021590 secs] 585156K->552702K(758420K), 0.0022010 secs] [Times: user=0.02 sys=0.00, real=0.00 secs] 
151.122: Total time for which application threads were stopped: 0.0045410 seconds, Stopping threads took: 0.0022720 seconds
151.153: Application time: 0.0312860 seconds
151.155: [GC151.155: [ParNew: 37567K->4159K(37568K), 0.0027580 secs] 586110K->555490K(758420K), 0.0028020 secs] [Times: user=0.02 sys=0.00, real=0.00 secs] 
151.158: Total time for which application threads were stopped: 0.0052050 seconds, Stopping threads took: 0.0023370 seconds
151.190: Application time: 0.0318630 seconds
151.191: [GC151.191: [ParNew: 37567K->4159K(37568K), 0.0024060 secs] 588898K->556987K(758420K), 0.0024510 secs] [Times: user=0.02 sys=0.00, real=0.00 secs] 
151.194: Total time for which application threads were stopped: 0.0039410 seconds, Stopping threads took: 0.0014210 seconds
151.226: Application time: 0.0318730 seconds
151.227: [GC151.227: [ParNew: 37566K->4158K(37568K), 0.0026680 secs] 590394K->559315K(758420K), 0.0027120 secs] [Times: user=0.02 sys=0.00, real=0.00 secs] 
151.230: Total time for which application threads were stopped: 0.0039370 seconds, Stopping threads took: 0.0011570 seconds
151.262: Application time: 0.0318170 seconds
151.264: [GC151.264: [ParNew: 37565K->4158K(37568K), 0.0022570 secs] 592722K->560642K(758420K), 0.0023110 secs] [Times: user=0.01 sys=0.00, real=0.00 secs] 
151.266: Total time for which application threads were stopped: 0.0046930 seconds, Stopping threads took: 0.0023150 seconds
151.299: Application time: 0.0325890 seconds
151.300: [GC151.301: [ParNew: 37566K->4159K(37568K), 0.0023330 secs] 594050K->561954K(758420K), 0.0023760 secs] [Times: user=0.02 sys=0.00, real=0.00 secs] 
151.303: Total time for which application threads were stopped: 0.0040710 seconds, Stopping threads took: 0.0016350 seconds
151.335: Application time: 0.0317370 seconds
151.337: [GC151.337: [ParNew: 37567K->4158K(37568K), 0.0022530 secs] 595362K->563217K(758420K), 0.0022970 secs] [Times: user=0.02 sys=0.00, real=0.00 secs] 
151.339: Total time for which application threads were stopped: 0.0047150 seconds, Stopping threads took: 0.0023420 seconds
151.371: Application time: 0.0314310 seconds
151.374: [GC151.374: [ParNew: 37566K->4159K(37568K), 0.0024120 secs] 596625K->564901K(758420K), 0.0024590 secs] [Times: user=0.02 sys=0.00, real=0.01 secs] 
151.376: Total time for which application threads were stopped: 0.0055880 seconds, Stopping threads took: 0.0030610 seconds
151.407: Application time: 0.0309440 seconds
151.410: [GC151.410: [ParNew: 37567K->4159K(37568K), 0.0029210 secs] 598309K->568041K(758420K), 0.0029660 secs] [Times: user=0.02 sys=0.00, real=0.00 secs] 
151.413: Total time for which application threads were stopped: 0.0054170 seconds, Stopping threads took: 0.0023820 seconds
151.444: Application time: 0.0316030 seconds
151.447: [GC151.447: [ParNew: 37567K->4159K(37568K), 0.0028290 secs] 601449K->571083K(758420K), 0.0028720 secs] [Times: user=0.02 sys=0.00, real=0.00 secs] 
151.450: Total time for which application threads were stopped: 0.0059170 seconds, Stopping threads took: 0.0029790 seconds
151.482: Application time: 0.0318040 seconds
151.484: [GC151.484: [ParNew: 37567K->4159K(37568K), 0.0021530 secs] 604491K->572050K(758420K), 0.0022090 secs] [Times: user=0.01 sys=0.00, real=0.01 secs] 
151.487: Total time for which application threads were stopped: 0.0045630 seconds, Stopping threads took: 0.0022850 seconds
151.518: Application time: 0.0309420 seconds
151.519: [GC151.519: [ParNew: 37567K->4159K(37568K), 0.0024600 secs] 605458K->573759K(758420K), 0.0025050 secs] [Times: user=0.02 sys=0.00, real=0.00 secs] 
151.522: Total time for which application threads were stopped: 0.0042800 seconds, Stopping threads took: 0.0017090 seconds
151.553: Application time: 0.0312960 seconds
151.555: [GC151.555: [ParNew: 37567K->4159K(37568K), 0.0023880 secs] 607167K->575354K(758420K), 0.0024340 secs] [Times: user=0.01 sys=0.00, real=0.00 secs] 
151.557: Total time for which application threads were stopped: 0.0041020 seconds, Stopping threads took: 0.0016010 seconds
151.588: Application time: 0.0309760 seconds
151.591: [GC151.591: [ParNew: 37566K->4158K(37568K), 0.0030260 secs] 608761K->578750K(758420K), 0.0030730 secs] [Times: user=0.02 sys=0.00, real=0.00 secs] 
151.594: Total time for which application threads were stopped: 0.0057050 seconds, Stopping threads took: 0.0025650 seconds
151.625: Application time: 0.0314860 seconds
151.627: [GC151.627: [ParNew: 37566K->4159K(37568K), 0.0026130 secs] 612158K->580921K(758420K), 0.0026580 secs] [Times: user=0.02 sys=0.00, real=0.00 secs] 
151.630: Total time for which application threads were stopped: 0.0043240 seconds, Stopping threads took: 0.0015980 seconds
151.662: Application time: 0.0320600 seconds
151.662: [GC151.662: [ParNew: 37567K->4158K(37568K), 0.0021320 secs] 614329K->581407K(758420K), 0.0021760 secs] [Times: user=0.02 sys=0.00, real=0.00 secs] 
151.665: Total time for which application threads were stopped: 0.0026880 seconds, Stopping threads took: 0.0004440 seconds
151.696: Application time: 0.0315260 seconds
151.697: [GC151.697: [ParNew: 37566K->4159K(37568K), 0.0022430 secs] 614815K->582737K(758420K), 0.0022880 secs] [Times: user=0.02 sys=0.00, real=0.00 secs] 
151.699: Total time for which application threads were stopped: 0.0032530 seconds, Stopping threads took: 0.0008890 seconds
151.731: Application time: 0.0318750 seconds
151.734: [GC151.734: [ParNew: 37567K->4158K(37568K), 0.0024410 secs] 616145K->584527K(758420K), 0.0024880 secs] [Times: user=0.02 sys=0.00, real=0.01 secs] 
151.736: Total time for which application threads were stopped: 0.0048950 seconds, Stopping threads took: 0.0023410 seconds
151.767: Application time: 0.0305090 seconds
151.768: [GC151.768: [ParNew: 37566K->4158K(37568K), 0.0031460 secs] 617935K->588247K(758420K), 0.0031950 secs] [Times: user=0.02 sys=0.00, real=0.00 secs] 
151.771: Total time for which application threads were stopped: 0.0048750 seconds, Stopping threads took: 0.0016110 seconds
151.804: Application time: 0.0320910 seconds
151.805: [GC151.805: [ParNew: 37566K->4158K(37568K), 0.0029100 secs] 621655K->590931K(758420K), 0.0029580 secs] [Times: user=0.02 sys=0.00, real=0.01 secs] 
151.808: Total time for which application threads were stopped: 0.0046900 seconds, Stopping threads took: 0.0016430 seconds
151.840: Application time: 0.0316160 seconds
151.842: [GC151.842: [ParNew: 37566K->4158K(37568K), 0.0027680 secs] 624339K->593502K(758420K), 0.0028080 secs] [Times: user=0.02 sys=0.00, real=0.00 secs] 
151.845: Total time for which application threads were stopped: 0.0047690 seconds, Stopping threads took: 0.0018640 seconds
151.879: Application time: 0.0338770 seconds
151.881: [GC151.881: [ParNew: 37566K->4159K(37568K), 0.0027360 secs] 626910K->596070K(758420K), 0.0027790 secs] [Times: user=0.02 sys=0.00, real=0.00 secs] 
151.884: Total time for which application threads were stopped: 0.0055630 seconds, Stopping threads took: 0.0027180 seconds
151.916: Application time: 0.0322160 seconds
151.917: [GC151.917: [ParNew: 37567K->4159K(37568K), 0.0022380 secs] 629478K->597051K(758420K), 0.0022830 secs] [Times: user=0.02 sys=0.00, real=0.00 secs] 
151.919: Total time for which application threads were stopped: 0.0030740 seconds, Stopping threads took: 0.0007230 seconds
151.951: Application time: 0.0320780 seconds
151.953: [GC151.953: [ParNew: 37567K->4159K(37568K), 0.0021320 secs] 630459K->597915K(758420K), 0.0021770 secs] [Times: user=0.02 sys=0.00, real=0.01 secs] 
151.955: Total time for which application threads were stopped: 0.0038620 seconds, Stopping threads took: 0.0016200 seconds
151.988: Application time: 0.0330220 seconds
151.992: [GC151.992: [ParNew: 37567K->4159K(37568K), 0.0022450 secs] 631323K->599171K(758420K), 0.0022860 secs] [Times: user=0.02 sys=0.00, real=0.00 secs] 
151.994: Total time for which application threads were stopped: 0.0056520 seconds, Stopping threads took: 0.0032990 seconds
152.025: Application time: 0.0311990 seconds
152.028: [GC152.028: [ParNew: 37567K->4159K(37568K), 0.0025730 secs] 632579K->601473K(758420K), 0.0026160 secs] [Times: user=0.02 sys=0.00, real=0.00 secs] 
152.030: Total time for which application threads were stopped: 0.0050310 seconds, Stopping threads took: 0.0023470 seconds
152.062: Application time: 0.0314510 seconds
152.064: [GC152.064: [ParNew: 37567K->4158K(37568K), 0.0021010 secs] 634881K->602275K(758420K), 0.0021450 secs] [Times: user=0.02 sys=0.00, real=0.00 secs] 
152.066: Total time for which application threads were stopped: 0.0039770 seconds, Stopping threads took: 0.0017660 seconds
152.098: Application time: 0.0318880 seconds
152.100: [GC152.100: [ParNew: 37566K->4158K(37568K), 0.0022550 secs] 635683K->603406K(758420K), 0.0022990 secs] [Times: user=0.02 sys=0.00, real=0.00 secs] 
152.102: Total time for which application threads were stopped: 0.0046720 seconds, Stopping threads took: 0.0022850 seconds
152.134: Application time: 0.0319280 seconds
152.137: [GC152.137: [ParNew: 37566K->4159K(37568K), 0.0025040 secs] 636814K->605302K(758420K), 0.0025480 secs] [Times: user=0.02 sys=0.00, real=0.00 secs] 
152.140: Total time for which application threads were stopped: 0.0053960 seconds, Stopping threads took: 0.0027830 seconds
152.170: Application time: 0.0303660 seconds
152.172: [GC152.172: [ParNew: 37567K->4158K(37568K), 0.0024090 secs] 638710K->607197K(758420K), 0.0024630 secs] [Times: user=0.01 sys=0.01, real=0.00 secs] 
152.174: Total time for which application threads were stopped: 0.0044060 seconds, Stopping threads took: 0.0018770 seconds
152.204: Application time: 0.0298960 seconds
152.207: [GC152.207: [ParNew: 37566K->4159K(37568K), 0.0030770 secs] 640605K->610845K(758420K), 0.0031220 secs] [Times: user=0.03 sys=0.00, real=0.00 secs] 
152.210: Total time for which application threads were stopped: 0.0057860 seconds, Stopping threads took: 0.0025740 seconds
152.243: Application time: 0.0329900 seconds
152.246: [GC152.246: [ParNew: 37567K->4159K(37568K), 0.0026420 secs] 644253K->613485K(758420K), 0.0026860 secs] [Times: user=0.02 sys=0.00, real=0.01 secs] 
152.249: Total time for which application threads were stopped: 0.0059200 seconds, Stopping threads took: 0.0031670 seconds
152.280: Application time: 0.0309650 seconds
152.282: [GC152.282: [ParNew: 37567K->4159K(37568K), 0.0025010 secs] 646893K->615208K(758420K), 0.0025450 secs] [Times: user=0.02 sys=0.00, real=0.00 secs] 
152.284: Total time for which application threads were stopped: 0.0044540 seconds, Stopping threads took: 0.0018390 seconds
152.316: Application time: 0.0318190 seconds
152.318: [GC152.318: [ParNew: 37567K->4159K(37568K), 0.0021510 secs] 648616K->615877K(758420K), 0.0021960 secs] [Times: user=0.02 sys=0.00, real=0.00 secs] 
152.321: Total time for which application threads were stopped: 0.0044660 seconds, Stopping threads took: 0.0022040 seconds
152.352: Application time: 0.0314080 seconds
152.354: [GC152.354: [ParNew: 37567K->4159K(37568K), 0.0022280 secs] 649285K->616970K(758420K), 0.0022730 secs] [Times: user=0.02 sys=0.00, real=0.01 secs] 
152.356: Total time for which application threads were stopped: 0.0042090 seconds, Stopping threads took: 0.0018450 seconds
152.387: Application time: 0.0310440 seconds
152.390: [GC152.390: [ParNew: 37567K->4158K(37568K), 0.0028880 secs] 650378K->619893K(758420K), 0.0029350 secs] [Times: user=0.02 sys=0.00, real=0.00 secs] 
152.393: Total time for which application threads were stopped: 0.0051960 seconds, Stopping threads took: 0.0021920 seconds
152.424: Application time: 0.0312210 seconds
152.426: [GC152.426: [ParNew: 37566K->4159K(37568K), 0.0026490 secs] 653301K->622166K(758420K), 0.0026960 secs] [Times: user=0.02 sys=0.00, real=0.01 secs] 
152.429: Total time for which application threads were stopped: 0.0049670 seconds, Stopping threads took: 0.0021920 seconds
152.459: Application time: 0.0307140 seconds
152.462: [GC152.462: [ParNew: 37565K->4158K(37568K), 0.0028730 secs] 655572K->624738K(758420K), 0.0029180 secs] [Times: user=0.02 sys=0.00, real=0.00 secs] 
152.465: Total time for which application threads were stopped: 0.0054740 seconds, Stopping threads took: 0.0024660 seconds
152.496: Application time: 0.0309910 seconds
152.497: [GC152.497: [ParNew: 37566K->4159K(37568K), 0.0026790 secs] 658146K->627238K(758420K), 0.0027230 secs] [Times: user=0.02 sys=0.00, real=0.00 secs] 
152.500: Total time for which application threads were stopped: 0.0037860 seconds, Stopping threads took: 0.0009950 seconds
152.531: Application time: 0.0312260 seconds
152.532: [GC152.532: [ParNew: 37567K->4158K(37568K), 0.0026580 secs] 660646K->629566K(758420K), 0.0027030 secs] [Times: user=0.02 sys=0.00, real=0.01 secs] 
152.535: Total time for which application threads were stopped: 0.0042670 seconds, Stopping threads took: 0.0014970 seconds
152.567: Application time: 0.0322100 seconds
152.570: [GC152.570: [ParNew: 37566K->4158K(37568K), 0.0027650 secs] 662974K->631735K(758420K), 0.0028110 secs] [Times: user=0.02 sys=0.00, real=0.00 secs] 
152.573: Total time for which application threads were stopped: 0.0054340 seconds, Stopping threads took: 0.0025330 seconds
152.604: Application time: 0.0315470 seconds
152.607: [GC152.607: [ParNew: 37566K->4159K(37568K), 0.0025110 secs] 665143K->633388K(758420K), 0.0025580 secs] [Times: user=0.02 sys=0.00, real=0.00 secs] 
152.610: Total time for which application threads were stopped: 0.0055340 seconds, Stopping threads took: 0.0028910 seconds
152.639: Application time: 0.0288080 seconds
152.641: [GC152.641: [ParNew: 37567K->4159K(37568K), 0.0029780 secs] 666796K->636487K(758420K), 0.0030320 secs] [Times: user=0.02 sys=0.00, real=0.00 secs] 
152.644: Total time for which application threads were stopped: 0.0054110 seconds, Stopping threads took: 0.0023010 seconds
152.678: Application time: 0.0334370 seconds
152.680: [GC152.680: [ParNew: 37566K->4158K(37568K), 0.0028960 secs] 669894K->639531K(758420K), 0.0029420 secs] [Times: user=0.02 sys=0.00, real=0.00 secs] 
152.683: Total time for which application threads were stopped: 0.0054670 seconds, Stopping threads took: 0.0024390 seconds
152.712: Application time: 0.0291240 seconds
152.715: [GC152.715: [ParNew: 37566K->4159K(37568K), 0.0028140 secs] 672939K->642360K(758420K), 0.0028620 secs] [Times: user=0.02 sys=0.00, real=0.00 secs] 
152.718: Total time for which application threads were stopped: 0.0056580 seconds, Stopping threads took: 0.0027070 seconds
152.750: Application time: 0.0320350 seconds
152.752: [GC152.752: [ParNew: 37567K->4158K(37568K), 0.0028020 secs] 675768K->644996K(758420K), 0.0028480 secs] [Times: user=0.01 sys=0.01, real=0.01 secs] 
152.755: Total time for which application threads were stopped: 0.0054020 seconds, Stopping threads took: 0.0024870 seconds
152.786: Application time: 0.0309780 seconds
152.787: [GC152.787: [ParNew: 37566K->4159K(37568K), 0.0025150 secs] 678404K->646838K(758420K), 0.0025580 secs] [Times: user=0.02 sys=0.00, real=0.00 secs] 
152.790: Total time for which application threads were stopped: 0.0033510 seconds, Stopping threads took: 0.0007250 seconds
152.821: Application time: 0.0311150 seconds
152.822: [GC152.822: [ParNew: 37567K->4158K(37568K), 0.0025140 secs] 680246K->648558K(758420K), 0.0025600 secs] [Times: user=0.02 sys=0.00, real=0.00 secs] 
152.825: Total time for which application threads were stopped: 0.0038400 seconds, Stopping threads took: 0.0011900 seconds
152.857: Application time: 0.0323300 seconds
152.860: [GC152.860: [ParNew: 37566K->4158K(37568K), 0.0022290 secs] 681966K->649504K(758420K), 0.0022750 secs] [Times: user=0.01 sys=0.00, real=0.00 secs] 
152.862: Total time for which application threads were stopped: 0.0052660 seconds, Stopping threads took: 0.0029140 seconds
152.894: Application time: 0.0319610 seconds
152.896: [GC152.896: [ParNew: 37566K->4158K(37568K), 0.0027720 secs] 682912K->652316K(758420K), 0.0028210 secs] [Times: user=0.02 sys=0.00, real=0.00 secs] 
152.899: Total time for which application threads were stopped: 0.0046690 seconds, Stopping threads took: 0.0017790 seconds
152.931: Application time: 0.0320700 seconds
152.933: [GC152.933: [ParNew: 37566K->4158K(37568K), 0.0024520 secs] 685724K->654014K(758420K), 0.0024980 secs] [Times: user=0.01 sys=0.00, real=0.01 secs] 
152.936: Total time for which application threads were stopped: 0.0050680 seconds, Stopping threads took: 0.0025030 seconds
152.967: Application time: 0.0313200 seconds
152.969: [GC152.969: [ParNew: 37566K->4158K(37568K), 0.0023920 secs] 687422K->655703K(758420K), 0.0024360 secs] [Times: user=0.02 sys=0.00, real=0.00 secs] 
152.972: Total time for which application threads were stopped: 0.0044990 seconds, Stopping threads took: 0.0019970 seconds
153.003: Application time: 0.0315500 seconds
153.006: [GC153.006: [ParNew: 37566K->4159K(37568K), 0.0027660 secs] 689111K->658348K(758420K), 0.0028120 secs] [Times: user=0.02 sys=0.00, real=0.01 secs] 
153.009: Total time for which application threads were stopped: 0.0053610 seconds, Stopping threads took: 0.0024660 seconds
153.040: Application time: 0.0312620 seconds
153.041: [GC153.041: [ParNew: 37566K->4158K(37568K), 0.0024590 secs] 691755K->659893K(758420K), 0.0025040 secs] [Times: user=0.02 sys=0.00, real=0.00 secs] 
153.044: Total time for which application threads were stopped: 0.0036250 seconds, Stopping threads took: 0.0010530 seconds
153.075: Application time: 0.0311900 seconds
153.078: [GC153.078: [ParNew: 37566K->4159K(37568K), 0.0025340 secs] 693301K->661465K(758420K), 0.0025870 secs] [Times: user=0.01 sys=0.00, real=0.00 secs] 
153.080: Total time for which application threads were stopped: 0.0054330 seconds, Stopping threads took: 0.0027800 seconds
153.110: Application time: 0.0299820 seconds
153.112: [GC153.112: [ParNew: 37567K->4159K(37568K), 0.0030080 secs] 694873K->664782K(758420K), 0.0030540 secs] [Times: user=0.02 sys=0.00, real=0.01 secs] 
153.115: Total time for which application threads were stopped: 0.0051560 seconds, Stopping threads took: 0.0020120 seconds
153.147: Application time: 0.0316570 seconds
153.149: [GC153.149: [ParNew: 37567K->4159K(37568K), 0.0025160 secs] 698190K->666452K(758420K), 0.0025610 secs] [Times: user=0.02 sys=0.00, real=0.00 secs] 
153.151: Total time for which application threads were stopped: 0.0044230 seconds, Stopping threads took: 0.0017970 seconds
153.183: Application time: 0.0318950 seconds
153.185: [GC153.185: [ParNew: 37567K->4158K(37568K), 0.0027150 secs] 699860K->669028K(758420K), 0.0027590 secs] [Times: user=0.02 sys=0.00, real=0.01 secs] 
153.188: Total time for which application threads were stopped: 0.0045670 seconds, Stopping threads took: 0.0017410 seconds
153.220: Application time: 0.0324820 seconds
153.224: [GC153.224: [ParNew: 37566K->4159K(37568K), 0.0022660 secs] 702436K->670191K(758420K), 0.0023110 secs] [Times: user=0.01 sys=0.00, real=0.00 secs] 
153.226: Total time for which application threads were stopped: 0.0054770 seconds, Stopping threads took: 0.0030900 seconds
153.257: Application time: 0.0314890 seconds
153.259: [GC153.259: [ParNew: 37566K->4159K(37568K), 0.0022200 secs] 703598K->671147K(758420K), 0.0022650 secs] [Times: user=0.02 sys=0.00, real=0.00 secs] 
153.262: Total time for which application threads were stopped: 0.0042440 seconds, Stopping threads took: 0.0019140 seconds
153.291: Application time: 0.0291550 seconds
153.293: [GC153.293: [ParNew: 37566K->4159K(37568K), 0.0031920 secs] 704554K->674958K(758420K), 0.0032390 secs] [Times: user=0.02 sys=0.00, real=0.01 secs] 
153.296: Total time for which application threads were stopped: 0.0055130 seconds, Stopping threads took: 0.0021960 seconds
 CMS: abort preclean due to time 153.300: [CMS-concurrent-abortable-preclean: 0.687/5.025 secs] [Times: user=37.94 sys=0.17, real=5.03 secs] 
153.300: Application time: 0.0034610 seconds
153.301: [GC[YG occupancy: 7444 K (37568 K)]153.301: [Rescan (parallel) , 0.0004120 secs]153.302: [weak refs processing, 0.0000070 secs]153.302: [scrub string table, 0.0001130 secs] [1 CMS-remark: 670798K(720852K)] 678242K(758420K), 0.0005620 secs] [Times: user=0.00 sys=0.00, real=0.00 secs] 
153.302: Total time for which application threads were stopped: 0.0022630 seconds, Stopping threads took: 0.0016720 seconds
153.302: [CMS-concurrent-sweep-start]
153.333: Application time: 0.0310250 seconds
153.335: [GC153.335: [ParNew: 37567K->4158K(37568K), 0.0020090 secs] 374572K->341937K(758420K), 0.0020510 secs] [Times: user=0.01 sys=0.00, real=0.00 secs] 
153.337: Total time for which application threads were stopped: 0.0041100 seconds, Stopping threads took: 0.0019950 seconds
153.342: [CMS-concurrent-sweep: 0.036/0.040 secs] [Times: user=0.29 sys=0.00, real=0.04 secs] 
153.342: [CMS-concurrent-reset-start]
153.344: [CMS-concurrent-reset: 0.002/0.002 secs] [Times: user=0.03 sys=0.00, real=0.00 secs] 
153.368: Application time: 0.0307470 seconds
153.369: [GC153.369: [ParNew: 37566K->4158K(37568K), 0.0020940 secs] 350540K->317822K(758420K), 0.0021380 secs] [Times: user=0.02 sys=0.00, real=0.00 secs] 
153.372: Total time for which application threads were stopped: 0.0037250 seconds, Stopping threads took: 0.0015110 seconds
153.401: Application time: 0.0296910 seconds
153.404: [GC153.404: [ParNew: 37565K->4159K(37568K), 0.0023670 secs] 351229K->319379K(758420K), 0.0024090 secs] [Times: user=0.02 sys=0.00, real=0.00 secs] 
153.406: Total time for which application threads were stopped: 0.0050090 seconds, Stopping threads took: 0.0025350 seconds
153.436: Application time: 0.0300520 seconds
153.438: [GC153.438: [ParNew: 37567K->4158K(37568K), 0.0024710 secs] 352787K->321408K(758420K), 0.0025220 secs] [Times: user=0.02 sys=0.00, real=0.00 secs] 
153.441: Total time for which application threads were stopped: 0.0045690 seconds, Stopping threads took: 0.0019810 seconds
153.471: Application time: 0.0304790 seconds
153.473: [GC153.473: [ParNew: 37565K->4159K(37568K), 0.0023870 secs] 354816K->323231K(758420K), 0.0024320 secs] [Times: user=0.02 sys=0.00, real=0.01 secs] 
153.476: Total time for which application threads were stopped: 0.0041190 seconds, Stopping threads took: 0.0016200 seconds
153.506: Application time: 0.0302180 seconds
153.508: [GC153.508: [ParNew: 37567K->4158K(37568K), 0.0029070 secs] 356639K->326579K(758420K), 0.0029510 secs] [Times: user=0.02 sys=0.00, real=0.00 secs] 
153.511: Total time for which application threads were stopped: 0.0047720 seconds, Stopping threads took: 0.0017640 seconds
153.515: Application time: 0.0041520 seconds
153.516: [GC [1 CMS-initial-mark: 322421K(720852K)] 333102K(758420K), 0.0003390 secs] [Times: user=0.00 sys=0.00, real=0.00 secs] 
153.517: Total time for which application threads were stopped: 0.0020100 seconds, Stopping threads took: 0.0016450 seconds
153.517: [CMS-concurrent-mark-start]
153.523: [CMS-concurrent-mark: 0.007/0.007 secs] [Times: user=0.05 sys=0.00, real=0.00 secs] 
153.523: [CMS-concurrent-preclean-start]
153.525: [CMS-concurrent-preclean: 0.001/0.001 secs] [Times: user=0.00 sys=0.00, real=0.00 secs] 
153.525: [CMS-concurrent-abortable-preclean-start]
153.541: Application time: 0.0247010 seconds
153.544: [GC153.544: [ParNew: 37566K->4158K(37568K), 0.0029190 secs] 359987K->329831K(758420K), 0.0029680 secs] [Times: user=0.02 sys=0.00, real=0.01 secs] 
153.547: Total time for which application threads were stopped: 0.0052400 seconds, Stopping threads took: 0.0021870 seconds
153.577: Application time: 0.0299760 seconds
153.579: [GC153.579: [ParNew: 37566K->4159K(37568K), 0.0025180 secs] 363239K->331988K(758420K), 0.0025600 secs] [Times: user=0.01 sys=0.00, real=0.00 secs] 
153.582: Total time for which application threads were stopped: 0.0050570 seconds, Stopping threads took: 0.0024320 seconds
153.612: Application time: 0.0303070 seconds
153.614: [GC153.614: [ParNew: 37567K->4159K(37568K), 0.0024480 secs] 365396K->334048K(758420K), 0.0024920 secs] [Times: user=0.02 sys=0.00, real=0.01 secs] 
153.616: Total time for which application threads were stopped: 0.0043460 seconds, Stopping threads took: 0.0017890 seconds
153.645: Application time: 0.0290920 seconds
153.647: [GC153.647: [ParNew: 37567K->4159K(37568K), 0.0022590 secs] 367456K->335428K(758420K), 0.0023010 secs] [Times: user=0.02 sys=0.00, real=0.01 secs] 
153.649: Total time for which application threads were stopped: 0.0034240 seconds, Stopping threads took: 0.0010580 seconds
153.678: Application time: 0.0292020 seconds
153.680: [GC153.680: [ParNew: 37567K->4159K(37568K), 0.0022310 secs] 368836K->336749K(758420K), 0.0022730 secs] [Times: user=0.01 sys=0.00, real=0.00 secs] 
153.682: Total time for which application threads were stopped: 0.0038950 seconds, Stopping threads took: 0.0015560 seconds
153.711: Application time: 0.0291620 seconds
153.713: [GC153.713: [ParNew: 37567K->4158K(37568K), 0.0026190 secs] 370157K->339018K(758420K), 0.0026620 secs] [Times: user=0.02 sys=0.00, real=0.01 secs] 
153.716: Total time for which application threads were stopped: 0.0048440 seconds, Stopping threads took: 0.0021200 seconds
153.745: Application time: 0.0292160 seconds
153.747: [GC153.747: [ParNew: 37566K->4158K(37568K), 0.0024550 secs] 372426K->340780K(758420K), 0.0024960 secs] [Times: user=0.01 sys=0.00, real=0.00 secs] 
153.749: Total time for which application threads were stopped: 0.0040860 seconds, Stopping threads took: 0.0015230 seconds
153.779: Application time: 0.0295530 seconds
153.781: [GC153.781: [ParNew: 37566K->4158K(37568K), 0.0030170 secs] 374188K->344485K(758420K), 0.0030600 secs] [Times: user=0.02 sys=0.00, real=0.00 secs] 
153.784: Total time for which application threads were stopped: 0.0051130 seconds, Stopping threads took: 0.0019870 seconds
153.814: Application time: 0.0303450 seconds
153.816: [GC153.816: [ParNew: 37566K->4159K(37568K), 0.0023140 secs] 377893K->346004K(758420K), 0.0023660 secs] [Times: user=0.01 sys=0.00, real=0.00 secs] 
153.819: Total time for which application threads were stopped: 0.0043370 seconds, Stopping threads took: 0.0018980 seconds
153.847: Application time: 0.0284760 seconds
153.848: [GC153.848: [ParNew: 37567K->4159K(37568K), 0.0026740 secs] 379412K->348446K(758420K), 0.0027170 secs] [Times: user=0.02 sys=0.00, real=0.00 secs] 
153.851: Total time for which application threads were stopped: 0.0040400 seconds, Stopping threads took: 0.0012570 seconds
153.881: Application time: 0.0294230 seconds
153.883: [GC153.883: [ParNew: 37567K->4159K(37568K), 0.0025710 secs] 381854K->350736K(758420K), 0.0026120 secs] [Times: user=0.02 sys=0.00, real=0.00 secs] 
153.885: Total time for which application threads were stopped: 0.0047090 seconds, Stopping threads took: 0.0020190 seconds
153.915: Application time: 0.0297340 seconds
153.917: [GC153.917: [ParNew: 37567K->4159K(37568K), 0.0025640 secs] 384144K->352865K(758420K), 0.0026080 secs] [Times: user=0.02 sys=0.00, real=0.00 secs] 
153.919: Total time for which application threads were stopped: 0.0041440 seconds, Stopping threads took: 0.0014700 seconds
153.950: Application time: 0.0303910 seconds
153.952: [GC153.952: [ParNew: 37567K->4158K(37568K), 0.0021650 secs] 386273K->353766K(758420K), 0.0022080 secs] [Times: user=0.02 sys=0.00, real=0.00 secs] 
153.954: Total time for which application threads were stopped: 0.0047490 seconds, Stopping threads took: 0.0024730 seconds
153.984: Application time: 0.0297460 seconds
153.986: [GC153.986: [ParNew: 37566K->4158K(37568K), 0.0020680 secs] 387174K->354160K(758420K), 0.0021120 secs] [Times: user=0.01 sys=0.00, real=0.01 secs] 
153.988: Total time for which application threads were stopped: 0.0037360 seconds, Stopping threads took: 0.0015580 seconds
154.018: Application time: 0.0299570 seconds
154.020: [GC154.020: [ParNew: 37566K->4158K(37568K), 0.0023840 secs] 387568K->355349K(758420K), 0.0024300 secs] [Times: user=0.02 sys=0.00, real=0.00 secs] 
154.022: Total time for which application threads were stopped: 0.0043800 seconds, Stopping threads took: 0.0018840 seconds
154.053: Application time: 0.0305510 seconds
154.055: [GC154.055: [ParNew: 37566K->4158K(37568K), 0.0024570 secs] 388757K->357325K(758420K), 0.0025000 secs] [Times: user=0.02 sys=0.00, real=0.00 secs] 
154.058: Total time for which application threads were stopped: 0.0051770 seconds, Stopping threads took: 0.0026120 seconds
154.087: Application time: 0.0288350 seconds
154.089: [GC154.089: [ParNew: 37566K->4158K(37568K), 0.0024490 secs] 390733K->359284K(758420K), 0.0024920 secs] [Times: user=0.01 sys=0.00, real=0.00 secs] 
154.091: Total time for which application threads were stopped: 0.0046790 seconds, Stopping threads took: 0.0021220 seconds
154.122: Application time: 0.0310370 seconds
154.125: [GC154.125: [ParNew: 37566K->4159K(37568K), 0.0026040 secs] 392692K->361691K(758420K), 0.0026470 secs] [Times: user=0.02 sys=0.00, real=0.01 secs] 
154.128: Total time for which application threads were stopped: 0.0053750 seconds, Stopping threads took: 0.0026620 seconds
154.157: Application time: 0.0288760 seconds
154.159: [GC154.159: [ParNew: 37567K->4159K(37568K), 0.0028250 secs] 395099K->364896K(758420K), 0.0028720 secs] [Times: user=0.02 sys=0.00, real=0.00 secs] 
154.162: Total time for which application threads were stopped: 0.0049880 seconds, Stopping threads took: 0.0020470 seconds
154.191: Application time: 0.0296110 seconds
154.193: [GC154.193: [ParNew: 37567K->4159K(37568K), 0.0025710 secs] 398304K->367046K(758420K), 0.0026120 secs] [Times: user=0.02 sys=0.00, real=0.01 secs] 
154.196: Total time for which application threads were stopped: 0.0048050 seconds, Stopping threads took: 0.0021280 seconds
154.225: Application time: 0.0293660 seconds
154.228: [GC154.228: [ParNew: 37567K->4158K(37568K), 0.0024000 secs] 400454K->368616K(758420K), 0.0024430 secs] [Times: user=0.01 sys=0.00, real=0.00 secs] 
154.230: Total time for which application threads were stopped: 0.0045500 seconds, Stopping threads took: 0.0020350 seconds
154.260: Application time: 0.0304040 seconds
154.262: [GC154.262: [ParNew: 37566K->4159K(37568K), 0.0022770 secs] 402024K->369708K(758420K), 0.0023200 secs] [Times: user=0.02 sys=0.00, real=0.00 secs] 
154.264: Total time for which application threads were stopped: 0.0038800 seconds, Stopping threads took: 0.0014980 seconds
154.293: Application time: 0.0287290 seconds
154.294: [GC154.294: [ParNew: 37567K->4158K(37568K), 0.0024910 secs] 403116K->371688K(758420K), 0.0025320 secs] [Times: user=0.02 sys=0.00, real=0.01 secs] 
154.297: Total time for which application threads were stopped: 0.0039610 seconds, Stopping threads took: 0.0013640 seconds
154.326: Application time: 0.0292780 seconds
154.327: [GC154.327: [ParNew: 37566K->4158K(37568K), 0.0022860 secs] 405096K->373119K(758420K), 0.0023290 secs] [Times: user=0.02 sys=0.00, real=0.00 secs] 
154.329: Total time for which application threads were stopped: 0.0030790 seconds, Stopping threads took: 0.0006830 seconds
154.359: Application time: 0.0299610 seconds
154.361: [GC154.361: [ParNew: 37566K->4158K(37568K), 0.0023460 secs] 406527K->374869K(758420K), 0.0023890 secs] [Times: user=0.02 sys=0.00, real=0.00 secs] 
154.364: Total time for which application threads were stopped: 0.0045320 seconds, Stopping threads took: 0.0020830 seconds
154.393: Application time: 0.0292310 seconds
154.396: [GC154.396: [ParNew: 37566K->4158K(37568K), 0.0025160 secs] 408277K->376948K(758420K), 0.0025580 secs] [Times: user=0.02 sys=0.00, real=0.00 secs] 
154.398: Total time for which application threads were stopped: 0.0051430 seconds, Stopping threads took: 0.0025130 seconds
154.428: Application time: 0.0293200 seconds
154.429: [GC154.429: [ParNew: 37566K->4159K(37568K), 0.0024980 secs] 410356K->378841K(758420K), 0.0025420 secs] [Times: user=0.02 sys=0.00, real=0.00 secs] 
154.432: Total time for which application threads were stopped: 0.0041000 seconds, Stopping threads took: 0.0014930 seconds
154.460: Application time: 0.0285620 seconds
154.462: [GC154.462: [ParNew: 37567K->4159K(37568K), 0.0024440 secs] 412249K->380595K(758420K), 0.0024880 secs] [Times: user=0.02 sys=0.00, real=0.00 secs] 
154.465: Total time for which application threads were stopped: 0.0043380 seconds, Stopping threads took: 0.0017860 seconds
154.494: Application time: 0.0294170 seconds
154.497: [GC154.497: [ParNew: 37567K->4159K(37568K), 0.0022440 secs] 414003K->381719K(758420K), 0.0022860 secs] [Times: user=0.01 sys=0.00, real=0.00 secs] 
154.499: Total time for which application threads were stopped: 0.0050530 seconds, Stopping threads took: 0.0027040 seconds
154.529: Application time: 0.0301400 seconds
154.531: [GC154.531: [ParNew: 37567K->4159K(37568K), 0.0019980 secs] 415127K->382259K(758420K), 0.0020380 secs] [Times: user=0.01 sys=0.00, real=0.00 secs] 
154.533: Total time for which application threads were stopped: 0.0039610 seconds, Stopping threads took: 0.0018590 seconds
154.562: Application time: 0.0289130 seconds
154.564: [GC154.564: [ParNew: 37567K->4158K(37568K), 0.0028210 secs] 415667K->385272K(758420K), 0.0028630 secs] [Times: user=0.02 sys=0.01, real=0.01 secs] 
154.567: Total time for which application threads were stopped: 0.0051930 seconds, Stopping threads took: 0.0022440 seconds
154.598: Application time: 0.0303790 seconds
154.600: [GC154.600: [ParNew: 37566K->4159K(37568K), 0.0025040 secs] 418680K->387174K(758420K), 0.0025570 secs] [Times: user=0.01 sys=0.01, real=0.00 secs] 
154.603: Total time for which application threads were stopped: 0.0050300 seconds, Stopping threads took: 0.0024080 seconds
154.633: Application time: 0.0302840 seconds
154.636: [GC154.636: [ParNew: 37567K->4159K(37568K), 0.0027970 secs] 420582K->390033K(758420K), 0.0028420 secs] [Times: user=0.02 sys=0.00, real=0.00 secs] 
154.639: Total time for which application threads were stopped: 0.0055910 seconds, Stopping threads took: 0.0026840 seconds
154.668: Application time: 0.0290350 seconds
154.670: [GC154.670: [ParNew: 37567K->4158K(37568K), 0.0027110 secs] 423441K->392802K(758420K), 0.0027610 secs] [Times: user=0.02 sys=0.00, real=0.00 secs] 
154.673: Total time for which application threads were stopped: 0.0051580 seconds, Stopping threads took: 0.0023340 seconds
154.700: Application time: 0.0276850 seconds
154.703: [GC154.703: [ParNew: 37566K->4159K(37568K), 0.0030190 secs] 426210K->396546K(758420K), 0.0030630 secs] [Times: user=0.02 sys=0.00, real=0.00 secs] 
154.706: Total time for which application threads were stopped: 0.0054670 seconds, Stopping threads took: 0.0023360 seconds
154.736: Application time: 0.0304500 seconds
154.739: [GC154.739: [ParNew: 37567K->4159K(37568K), 0.0026630 secs] 429954K->399101K(758420K), 0.0027080 secs] [Times: user=0.02 sys=0.00, real=0.00 secs] 
154.742: Total time for which application threads were stopped: 0.0052430 seconds, Stopping threads took: 0.0024680 seconds
154.771: Application time: 0.0290440 seconds
154.772: [GC154.772: [ParNew: 37567K->4159K(37568K), 0.0031010 secs] 432509K->402643K(758420K), 0.0031490 secs] [Times: user=0.01 sys=0.00, real=0.01 secs] 
154.775: Total time for which application threads were stopped: 0.0044400 seconds, Stopping threads took: 0.0012250 seconds
154.806: Application time: 0.0304970 seconds
154.808: [GC154.808: [ParNew: 37567K->4158K(37568K), 0.0027610 secs] 436051K->405288K(758420K), 0.0028080 secs] [Times: user=0.02 sys=0.01, real=0.00 secs] 
154.811: Total time for which application threads were stopped: 0.0054200 seconds, Stopping threads took: 0.0025460 seconds
154.840: Application time: 0.0289490 seconds
154.842: [GC154.842: [ParNew: 37566K->4158K(37568K), 0.0026460 secs] 438696K->407842K(758420K), 0.0026900 secs] [Times: user=0.02 sys=0.00, real=0.00 secs] 
154.844: Total time for which application threads were stopped: 0.0044380 seconds, Stopping threads took: 0.0016800 seconds
154.874: Application time: 0.0296610 seconds
154.876: [GC154.876: [ParNew: 37566K->4159K(37568K), 0.0025150 secs] 441250K->409848K(758420K), 0.0025550 secs] [Times: user=0.02 sys=0.00, real=0.00 secs] 
154.878: Total time for which application threads were stopped: 0.0041400 seconds, Stopping threads took: 0.0015190 seconds
154.907: Application time: 0.0289520 seconds
154.909: [GC154.909: [ParNew: 37567K->4158K(37568K), 0.0026170 secs] 443256K->412185K(758420K), 0.0026620 secs] [Times: user=0.02 sys=0.00, real=0.00 secs] 
154.912: Total time for which application threads were stopped: 0.0044450 seconds, Stopping threads took: 0.0017090 seconds
154.941: Application time: 0.0298730 seconds
154.943: [GC154.943: [ParNew: 37566K->4158K(37568K), 0.0025730 secs] 445593K->414341K(758420K), 0.0026160 secs] [Times: user=0.02 sys=0.00, real=0.00 secs] 
154.946: Total time for which application threads were stopped: 0.0042200 seconds, Stopping threads took: 0.0015380 seconds
154.976: Application time: 0.0301770 seconds
154.979: [GC154.979: [ParNew: 37565K->4159K(37568K), 0.0024480 secs] 447748K->416243K(758420K), 0.0024880 secs] [Times: user=0.01 sys=0.00, real=0.00 secs] 
154.981: Total time for which application threads were stopped: 0.0054600 seconds, Stopping threads took: 0.0029090 seconds
155.010: Application time: 0.0287690 seconds
155.011: [GC155.011: [ParNew: 37567K->4158K(37568K), 0.0032170 secs] 449651K->420025K(758420K), 0.0032610 secs] [Times: user=0.01 sys=0.00, real=0.00 secs] 
155.014: Total time for which application threads were stopped: 0.0040500 seconds, Stopping threads took: 0.0007310 seconds
155.044: Application time: 0.0297850 seconds
155.046: [GC155.046: [ParNew: 37566K->4158K(37568K), 0.0027120 secs] 453433K->422722K(758420K), 0.0027530 secs] [Times: user=0.02 sys=0.00, real=0.01 secs] 
155.049: Total time for which application threads were stopped: 0.0047550 seconds, Stopping threads took: 0.0019320 seconds
155.078: Application time: 0.0294610 seconds
155.080: [GC155.080: [ParNew: 37566K->4158K(37568K), 0.0030160 secs] 456130K->426274K(758420K), 0.0030620 secs] [Times: user=0.02 sys=0.00, real=0.00 secs] 
155.083: Total time for which application threads were stopped: 0.0051620 seconds, Stopping threads took: 0.0020270 seconds
155.113: Application time: 0.0296660 seconds
155.115: [GC155.115: [ParNew: 37566K->4159K(37568K), 0.0024840 secs] 459682K->428326K(758420K), 0.0025250 secs] [Times: user=0.01 sys=0.00, real=0.00 secs] 
155.118: Total time for which application threads were stopped: 0.0049570 seconds, Stopping threads took: 0.0023690 seconds
155.147: Application time: 0.0295200 seconds
155.150: [GC155.151: [ParNew: 37567K->4158K(37568K), 0.0023360 secs] 461734K->429825K(758420K), 0.0023760 secs] [Times: user=0.01 sys=0.00, real=0.00 secs] 
155.153: Total time for which application threads were stopped: 0.0054380 seconds, Stopping threads took: 0.0029960 seconds
155.182: Application time: 0.0289040 seconds
155.185: [GC155.185: [ParNew: 37566K->4159K(37568K), 0.0025720 secs] 463233K->432234K(758420K), 0.0026170 secs] [Times: user=0.02 sys=0.00, real=0.01 secs] 
155.187: Total time for which application threads were stopped: 0.0056570 seconds, Stopping threads took: 0.0029760 seconds
155.217: Application time: 0.0296850 seconds
155.220: [GC155.220: [ParNew: 37567K->4159K(37568K), 0.0026210 secs] 465642K->434644K(758420K), 0.0026640 secs] [Times: user=0.02 sys=0.00, real=0.00 secs] 
155.222: Total time for which application threads were stopped: 0.0051870 seconds, Stopping threads took: 0.0024580 seconds
155.252: Application time: 0.0292040 seconds
155.253: [GC155.253: [ParNew: 37565K->4159K(37568K), 0.0026260 secs] 468050K->436900K(758420K), 0.0026690 secs] [Times: user=0.02 sys=0.00, real=0.01 secs] 
155.256: Total time for which application threads were stopped: 0.0046080 seconds, Stopping threads took: 0.0018730 seconds
155.285: Application time: 0.0290260 seconds
155.286: [GC155.286: [ParNew: 37566K->4158K(37568K), 0.0024930 secs] 470307K->439015K(758420K), 0.0025380 secs] [Times: user=0.02 sys=0.00, real=0.01 secs] 
155.289: Total time for which application threads were stopped: 0.0035120 seconds, Stopping threads took: 0.0009070 seconds
155.318: Application time: 0.0293700 seconds
155.320: [GC155.320: [ParNew: 37566K->4158K(37568K), 0.0022330 secs] 472423K->440018K(758420K), 0.0022730 secs] [Times: user=0.01 sys=0.00, real=0.00 secs] 
155.322: Total time for which application threads were stopped: 0.0037610 seconds, Stopping threads took: 0.0014240 seconds
155.350: Application time: 0.0286100 seconds
155.352: [GC155.352: [ParNew: 37566K->4159K(37568K), 0.0026680 secs] 473426K->442802K(758420K), 0.0027140 secs] [Times: user=0.01 sys=0.00, real=0.01 secs] 
155.355: Total time for which application threads were stopped: 0.0044470 seconds, Stopping threads took: 0.0016680 seconds
155.385: Application time: 0.0296570 seconds
155.387: [GC155.387: [ParNew: 37567K->4159K(37568K), 0.0023500 secs] 476210K->444480K(758420K), 0.0023930 secs] [Times: user=0.01 sys=0.00, real=0.00 secs] 
155.390: Total time for which application threads were stopped: 0.0050550 seconds, Stopping threads took: 0.0025940 seconds
155.419: Application time: 0.0289500 seconds
155.421: [GC155.421: [ParNew: 37567K->4158K(37568K), 0.0028220 secs] 477888K->447410K(758420K), 0.0028660 secs] [Times: user=0.02 sys=0.00, real=0.00 secs] 
155.424: Total time for which application threads were stopped: 0.0051730 seconds, Stopping threads took: 0.0022350 seconds
155.452: Application time: 0.0285730 seconds
155.454: [GC155.454: [ParNew: 37566K->4159K(37568K), 0.0028900 secs] 480818K->450612K(758420K), 0.0029360 secs] [Times: user=0.02 sys=0.00, real=0.01 secs] 
155.457: Total time for which application threads were stopped: 0.0047180 seconds, Stopping threads took: 0.0017140 seconds
155.488: Application time: 0.0312470 seconds
155.491: [GC155.491: [ParNew: 37567K->4159K(37568K), 0.0027450 secs] 484020K->453544K(758420K), 0.0027880 secs] [Times: user=0.02 sys=0.00, real=0.00 secs] 
155.494: Total time for which application threads were stopped: 0.0053230 seconds, Stopping threads took: 0.0024710 seconds
155.522: Application time: 0.0288750 seconds
155.524: [GC155.524: [ParNew: 37567K->4159K(37568K), 0.0027330 secs] 486952K->456271K(758420K), 0.0027860 secs] [Times: user=0.02 sys=0.00, real=0.01 secs] 
155.527: Total time for which application threads were stopped: 0.0048110 seconds, Stopping threads took: 0.0019600 seconds
155.557: Application time: 0.0293280 seconds
155.558: [GC155.558: [ParNew: 37567K->4158K(37568K), 0.0025230 secs] 489679K->458213K(758420K), 0.0025690 secs] [Times: user=0.02 sys=0.00, real=0.00 secs] 
155.561: Total time for which application threads were stopped: 0.0040740 seconds, Stopping threads took: 0.0014380 seconds
155.589: Application time: 0.0278530 seconds
155.591: [GC155.591: [ParNew: 37566K->4159K(37568K), 0.0028900 secs] 491621K->461480K(758420K), 0.0029330 secs] [Times: user=0.02 sys=0.00, real=0.00 secs] 
155.594: Total time for which application threads were stopped: 0.0051000 seconds, Stopping threads took: 0.0021010 seconds
155.623: Application time: 0.0298640 seconds
155.626: [GC155.626: [ParNew: 37567K->4159K(37568K), 0.0024840 secs] 494888K->463639K(758420K), 0.0025280 secs] [Times: user=0.02 sys=0.00, real=0.01 secs] 
155.628: Total time for which application threads were stopped: 0.0049100 seconds, Stopping threads took: 0.0023160 seconds
155.658: Application time: 0.0298890 seconds
155.659: [GC155.659: [ParNew: 37567K->4159K(37568K), 0.0025420 secs] 497047K->465616K(758420K), 0.0025840 secs] [Times: user=0.02 sys=0.00, real=0.00 secs] 
155.662: Total time for which application threads were stopped: 0.0034500 seconds, Stopping threads took: 0.0008010 seconds
155.692: Application time: 0.0299090 seconds
155.694: [GC155.694: [ParNew: 37567K->4158K(37568K), 0.0027720 secs] 499024K->468588K(758420K), 0.0028140 secs] [Times: user=0.02 sys=0.00, real=0.01 secs] 
155.697: Total time for which application threads were stopped: 0.0055660 seconds, Stopping threads took: 0.0026880 seconds
155.727: Application time: 0.0300500 seconds
155.730: [GC155.730: [ParNew: 37566K->4159K(37568K), 0.0022990 secs] 501996K->470044K(758420K), 0.0023430 secs] [Times: user=0.02 sys=0.00, real=0.00 secs] 
155.732: Total time for which application threads were stopped: 0.0045960 seconds, Stopping threads took: 0.0021880 seconds
155.759: Application time: 0.0269650 seconds
155.761: [GC155.761: [ParNew: 37567K->4158K(37568K), 0.0028810 secs] 503452K->472823K(758420K), 0.0029240 secs] [Times: user=0.02 sys=0.00, real=0.00 secs] 
155.764: Total time for which application threads were stopped: 0.0055360 seconds, Stopping threads took: 0.0025230 seconds
155.794: Application time: 0.0295750 seconds
155.797: [GC155.797: [ParNew: 37564K->4158K(37568K), 0.0028620 secs] 506229K->475922K(758420K), 0.0029060 secs] [Times: user=0.00 sys=0.02, real=0.00 secs] 
155.800: Total time for which application threads were stopped: 0.0057140 seconds, Stopping threads took: 0.0027420 seconds
155.829: Application time: 0.0294440 seconds
155.831: [GC155.831: [ParNew: 37566K->4158K(37568K), 0.0026040 secs] 509330K->478385K(758420K), 0.0026440 secs] [Times: user=0.02 sys=0.00, real=0.00 secs] 
155.833: Total time for which application threads were stopped: 0.0042860 seconds, Stopping threads took: 0.0015770 seconds
155.862: Application time: 0.0281910 seconds
155.864: [GC155.864: [ParNew: 37566K->4159K(37568K), 0.0029290 secs] 511793K->481841K(758420K), 0.0029720 secs] [Times: user=0.02 sys=0.00, real=0.00 secs] 
155.867: Total time for which application threads were stopped: 0.0049290 seconds, Stopping threads took: 0.0019000 seconds
155.896: Application time: 0.0293800 seconds
155.898: [GC155.898: [ParNew: 37567K->4159K(37568K), 0.0026300 secs] 515249K->484318K(758420K), 0.0026750 secs] [Times: user=0.02 sys=0.00, real=0.00 secs] 
155.900: Total time for which application threads were stopped: 0.0044110 seconds, Stopping threads took: 0.0016700 seconds
155.929: Application time: 0.0290160 seconds
155.931: [GC155.931: [ParNew: 37567K->4158K(37568K), 0.0025630 secs] 517726K->486654K(758420K), 0.0026070 secs] [Times: user=0.02 sys=0.00, real=0.00 secs] 
155.934: Total time for which application threads were stopped: 0.0046370 seconds, Stopping threads took: 0.0019450 seconds
155.963: Application time: 0.0290880 seconds
155.965: [GC155.965: [ParNew: 37566K->4159K(37568K), 0.0023020 secs] 520062K->488015K(758420K), 0.0023450 secs] [Times: user=0.01 sys=0.00, real=0.01 secs] 
155.967: Total time for which application threads were stopped: 0.0038530 seconds, Stopping threads took: 0.0014460 seconds
155.997: Application time: 0.0295830 seconds
155.999: [GC155.999: [ParNew: 37567K->4158K(37568K), 0.0022030 secs] 521423K->489159K(758420K), 0.0022410 secs] [Times: user=0.02 sys=0.00, real=0.00 secs] 
156.001: Total time for which application threads were stopped: 0.0045440 seconds, Stopping threads took: 0.0022380 seconds
156.029: Application time: 0.0278680 seconds
156.031: [GC156.031: [ParNew: 37566K->4159K(37568K), 0.0028700 secs] 522567K->492270K(758420K), 0.0029130 secs] [Times: user=0.02 sys=0.00, real=0.00 secs] 
156.034: Total time for which application threads were stopped: 0.0050410 seconds, Stopping threads took: 0.0020630 seconds
156.064: Application time: 0.0298500 seconds
156.066: [GC156.066: [ParNew: 37567K->4158K(37568K), 0.0027760 secs] 525678K->495104K(758420K), 0.0028190 secs] [Times: user=0.02 sys=0.00, real=0.01 secs] 
156.069: Total time for which application threads were stopped: 0.0054310 seconds, Stopping threads took: 0.0025490 seconds
156.097: Application time: 0.0278010 seconds
156.099: [GC156.099: [ParNew: 37566K->4158K(37568K), 0.0030110 secs] 528512K->498793K(758420K), 0.0030530 secs] [Times: user=0.03 sys=0.00, real=0.00 secs] 
156.102: Total time for which application threads were stopped: 0.0052150 seconds, Stopping threads took: 0.0020960 seconds
156.132: Application time: 0.0292890 seconds
156.133: [GC156.133: [ParNew: 37566K->4159K(37568K), 0.0027200 secs] 532201K->501330K(758420K), 0.0027620 secs] [Times: user=0.02 sys=0.00, real=0.01 secs] 
156.136: Total time for which application threads were stopped: 0.0046620 seconds, Stopping threads took: 0.0018340 seconds
156.164: Application time: 0.0280830 seconds
156.166: [GC156.166: [ParNew: 37567K->4158K(37568K), 0.0029730 secs] 534738K->504758K(758420K), 0.0030160 secs] [Times: user=0.03 sys=0.00, real=0.01 secs] 
156.169: Total time for which application threads were stopped: 0.0051490 seconds, Stopping threads took: 0.0020690 seconds
156.199: Application time: 0.0300090 seconds
156.202: [GC156.202: [ParNew: 37566K->4159K(37568K), 0.0028790 secs] 538166K->508096K(758420K), 0.0029230 secs] [Times: user=0.02 sys=0.00, real=0.00 secs] 
156.205: Total time for which application threads were stopped: 0.0051870 seconds, Stopping threads took: 0.0022000 seconds
156.232: Application time: 0.0272330 seconds
156.235: [GC156.235: [ParNew: 37567K->4159K(37568K), 0.0028600 secs] 541504K->511243K(758420K), 0.0029020 secs] [Times: user=0.02 sys=0.00, real=0.00 secs] 
156.238: Total time for which application threads were stopped: 0.0057710 seconds, Stopping threads took: 0.0028020 seconds
156.268: Application time: 0.0298540 seconds
156.270: [GC156.270: [ParNew: 37567K->4159K(37568K), 0.0027960 secs] 544651K->514237K(758420K), 0.0028410 secs] [Times: user=0.02 sys=0.00, real=0.00 secs] 
156.273: Total time for which application threads were stopped: 0.0058070 seconds, Stopping threads took: 0.0029010 seconds
156.304: Application time: 0.0306400 seconds
156.306: [GC156.306: [ParNew: 37567K->4158K(37568K), 0.0026910 secs] 547645K->516666K(758420K), 0.0027370 secs] [Times: user=0.02 sys=0.00, real=0.01 secs] 
156.309: Total time for which application threads were stopped: 0.0045560 seconds, Stopping threads took: 0.0017540 seconds
156.336: Application time: 0.0273720 seconds
156.338: [GC156.338: [ParNew: 37566K->4158K(37568K), 0.0030710 secs] 550074K->520412K(758420K), 0.0031130 secs] [Times: user=0.02 sys=0.00, real=0.00 secs] 
156.341: Total time for which application threads were stopped: 0.0048660 seconds, Stopping threads took: 0.0016870 seconds
156.370: Application time: 0.0292700 seconds
156.372: [GC156.372: [ParNew: 37566K->4159K(37568K), 0.0024300 secs] 553820K->522136K(758420K), 0.0024710 secs] [Times: user=0.02 sys=0.00, real=0.00 secs] 
156.375: Total time for which application threads were stopped: 0.0044710 seconds, Stopping threads took: 0.0019340 seconds
156.404: Application time: 0.0297520 seconds
156.407: [GC156.407: [ParNew: 37567K->4159K(37568K), 0.0020920 secs] 555544K->522794K(758420K), 0.0021360 secs] [Times: user=0.01 sys=0.00, real=0.00 secs] 
156.409: Total time for which application threads were stopped: 0.0045860 seconds, Stopping threads took: 0.0023840 seconds
156.437: Application time: 0.0283210 seconds
156.440: [GC156.440: [ParNew: 37567K->4158K(37568K), 0.0026770 secs] 556202K->525353K(758420K), 0.0027170 secs] [Times: user=0.02 sys=0.00, real=0.00 secs] 
156.442: Total time for which application threads were stopped: 0.0052080 seconds, Stopping threads took: 0.0024150 seconds
156.472: Application time: 0.0291580 seconds
156.474: [GC156.474: [ParNew: 37566K->4158K(37568K), 0.0026010 secs] 558760K->527724K(758420K), 0.0026410 secs] [Times: user=0.02 sys=0.00, real=0.01 secs] 
156.477: Total time for which application threads were stopped: 0.0052780 seconds, Stopping threads took: 0.0025730 seconds
156.506: Application time: 0.0288380 seconds
156.508: [GC156.508: [ParNew: 37566K->4159K(37568K), 0.0026450 secs] 561132K->530389K(758420K), 0.0026880 secs] [Times: user=0.02 sys=0.00, real=0.00 secs] 
156.510: Total time for which application threads were stopped: 0.0046230 seconds, Stopping threads took: 0.0018690 seconds
156.539: Application time: 0.0290150 seconds
156.541: [GC156.541: [ParNew: 37567K->4159K(37568K), 0.0027070 secs] 563797K->532823K(758420K), 0.0027520 secs] [Times: user=0.02 sys=0.00, real=0.00 secs] 
156.544: Total time for which application threads were stopped: 0.0046960 seconds, Stopping threads took: 0.0018770 seconds
156.573: Application time: 0.0292300 seconds
156.575: [GC156.575: [ParNew: 37567K->4159K(37568K), 0.0027410 secs] 566231K->535554K(758420K), 0.0027850 secs] [Times: user=0.02 sys=0.00, real=0.00 secs] 
156.578: Total time for which application threads were stopped: 0.0045620 seconds, Stopping threads took: 0.0017110 seconds
156.607: Application time: 0.0291380 seconds
156.610: [GC156.610: [ParNew: 37567K->4159K(37568K), 0.0023490 secs] 568962K->537066K(758420K), 0.0023920 secs] [Times: user=0.01 sys=0.00, real=0.00 secs] 
156.612: Total time for which application threads were stopped: 0.0055250 seconds, Stopping threads took: 0.0030670 seconds
156.641: Application time: 0.0285500 seconds
156.642: [GC156.642: [ParNew: 37567K->4158K(37568K), 0.0026720 secs] 570474K->539472K(758420K), 0.0027160 secs] [Times: user=0.02 sys=0.00, real=0.00 secs] 
156.645: Total time for which application threads were stopped: 0.0037260 seconds, Stopping threads took: 0.0009470 seconds
156.674: Application time: 0.0291280 seconds
156.676: [GC156.676: [ParNew: 37566K->4158K(37568K), 0.0026490 secs] 572880K->541809K(758420K), 0.0026910 secs] [Times: user=0.02 sys=0.00, real=0.00 secs] 
156.679: Total time for which application threads were stopped: 0.0050860 seconds, Stopping threads took: 0.0023310 seconds
156.708: Application time: 0.0288830 seconds
156.710: [GC156.710: [ParNew: 37566K->4159K(37568K), 0.0027000 secs] 575217K->544412K(758420K), 0.0027460 secs] [Times: user=0.02 sys=0.00, real=0.00 secs] 
156.713: Total time for which application threads were stopped: 0.0049890 seconds, Stopping threads took: 0.0021780 seconds
156.742: Application time: 0.0288910 seconds
156.744: [GC156.744: [ParNew: 37567K->4158K(37568K), 0.0026540 secs] 577820K->546908K(758420K), 0.0026960 secs] [Times: user=0.01 sys=0.00, real=0.01 secs] 
156.747: Total time for which application threads were stopped: 0.0054220 seconds, Stopping threads took: 0.0026620 seconds
156.777: Application time: 0.0299400 seconds
156.780: [GC156.780: [ParNew: 37566K->4158K(37568K), 0.0025210 secs] 580316K->548857K(758420K), 0.0025630 secs] [Times: user=0.01 sys=0.00, real=0.00 secs] 
156.782: Total time for which application threads were stopped: 0.0050320 seconds, Stopping threads took: 0.0024040 seconds
156.810: Application time: 0.0278140 seconds
156.812: [GC156.812: [ParNew: 37565K->4158K(37568K), 0.0027580 secs] 582264K->551696K(758420K), 0.0028100 secs] [Times: user=0.01 sys=0.01, real=0.01 secs] 
156.815: Total time for which application threads were stopped: 0.0051990 seconds, Stopping threads took: 0.0023250 seconds
156.846: Application time: 0.0305050 seconds
156.848: [GC156.848: [ParNew: 37566K->4158K(37568K), 0.0026960 secs] 585104K->554340K(758420K), 0.0027390 secs] [Times: user=0.02 sys=0.00, real=0.00 secs] 
156.851: Total time for which application threads were stopped: 0.0055700 seconds, Stopping threads took: 0.0027670 seconds
156.881: Application time: 0.0296300 seconds
156.882: [GC156.883: [ParNew: 37566K->4158K(37568K), 0.0023340 secs] 587748K->555948K(758420K), 0.0023780 secs] [Times: user=0.02 sys=0.00, real=0.00 secs] 
156.885: Total time for which application threads were stopped: 0.0040220 seconds, Stopping threads took: 0.0015790 seconds
156.916: Application time: 0.0312190 seconds
156.918: [GC156.918: [ParNew: 37566K->4158K(37568K), 0.0019750 secs] 589356K->556403K(758420K), 0.0020170 secs] [Times: user=0.01 sys=0.00, real=0.00 secs] 
156.920: Total time for which application threads were stopped: 0.0035640 seconds, Stopping threads took: 0.0014820 seconds
156.950: Application time: 0.0298340 seconds
156.952: [GC156.952: [ParNew: 37566K->4158K(37568K), 0.0023230 secs] 589811K->557795K(758420K), 0.0023650 secs] [Times: user=0.02 sys=0.00, real=0.00 secs] 
156.954: Total time for which application threads were stopped: 0.0048680 seconds, Stopping threads took: 0.0024290 seconds
156.983: Application time: 0.0290690 seconds
156.984: [GC156.984: [ParNew: 37566K->4158K(37568K), 0.0025870 secs] 591203K->560093K(758420K), 0.0026300 secs] [Times: user=0.02 sys=0.00, real=0.01 secs] 
156.987: Total time for which application threads were stopped: 0.0035670 seconds, Stopping threads took: 0.0008720 seconds
157.017: Application time: 0.0296640 seconds
157.019: [GC157.019: [ParNew: 37566K->4158K(37568K), 0.0026320 secs] 593501K->562354K(758420K), 0.0026750 secs] [Times: user=0.02 sys=0.01, real=0.00 secs] 
157.021: Total time for which application threads were stopped: 0.0047530 seconds, Stopping threads took: 0.0020170 seconds
157.052: Application time: 0.0301920 seconds
157.053: [GC157.053: [ParNew: 37566K->4158K(37568K), 0.0024460 secs] 595762K->563910K(758420K), 0.0024890 secs] [Times: user=0.01 sys=0.00, real=0.01 secs] 
157.055: Total time for which application threads were stopped: 0.0038000 seconds, Stopping threads took: 0.0012460 seconds
157.086: Application time: 0.0308210 seconds
157.088: [GC157.088: [ParNew: 37566K->4158K(37568K), 0.0020040 secs] 597318K->564302K(758420K), 0.0020470 secs] [Times: user=0.02 sys=0.00, real=0.00 secs] 
157.090: Total time for which application threads were stopped: 0.0039860 seconds, Stopping threads took: 0.0018740 seconds
157.120: Application time: 0.0301510 seconds
157.122: [GC157.122: [ParNew: 37566K->4159K(37568K), 0.0022290 secs] 597710K->565433K(758420K), 0.0022730 secs] [Times: user=0.02 sys=0.00, real=0.00 secs] 
157.124: Total time for which application threads were stopped: 0.0037480 seconds, Stopping threads took: 0.0014110 seconds
157.154: Application time: 0.0301340 seconds
157.156: [GC157.156: [ParNew: 37567K->4158K(37568K), 0.0022960 secs] 598841K->566582K(758420K), 0.0023370 secs] [Times: user=0.01 sys=0.00, real=0.00 secs] 
157.159: Total time for which application threads were stopped: 0.0043980 seconds, Stopping threads took: 0.0019970 seconds
157.188: Application time: 0.0296680 seconds
157.190: [GC157.190: [ParNew: 37566K->4159K(37568K), 0.0022870 secs] 599990K->567661K(758420K), 0.0023290 secs] [Times: user=0.02 sys=0.00, real=0.00 secs] 
157.193: Total time for which application threads were stopped: 0.0042990 seconds, Stopping threads took: 0.0019060 seconds
157.222: Application time: 0.0290600 seconds
157.224: [GC157.224: [ParNew: 37567K->4158K(37568K), 0.0023800 secs] 601069K->569188K(758420K), 0.0024320 secs] [Times: user=0.02 sys=0.00, real=0.00 secs] 
157.226: Total time for which application threads were stopped: 0.0046510 seconds, Stopping threads took: 0.0021540 seconds
157.255: Application time: 0.0286110 seconds
157.256: [GC157.256: [ParNew: 37566K->4158K(37568K), 0.0026000 secs] 602596K->571661K(758420K), 0.0026430 secs] [Times: user=0.02 sys=0.00, real=0.00 secs] 
157.259: Total time for which application threads were stopped: 0.0041230 seconds, Stopping threads took: 0.0014150 seconds
157.288: Application time: 0.0290780 seconds
157.291: [GC157.291: [ParNew: 37566K->4159K(37568K), 0.0029550 secs] 605069K->575119K(758420K), 0.0029970 secs] [Times: user=0.02 sys=0.00, real=0.00 secs] 
157.294: Total time for which application threads were stopped: 0.0056220 seconds, Stopping threads took: 0.0025610 seconds
157.323: Application time: 0.0295220 seconds
157.326: [GC157.326: [ParNew: 37567K->4159K(37568K), 0.0025500 secs] 608527K->577464K(758420K), 0.0025920 secs] [Times: user=0.01 sys=0.00, real=0.01 secs] 
157.328: Total time for which application threads were stopped: 0.0047960 seconds, Stopping threads took: 0.0021400 seconds
157.358: Application time: 0.0300680 seconds
157.360: [GC157.360: [ParNew: 37567K->4159K(37568K), 0.0029040 secs] 610872K->580651K(758420K), 0.0029460 secs] [Times: user=0.02 sys=0.00, real=0.00 secs] 
157.363: Total time for which application threads were stopped: 0.0045890 seconds, Stopping threads took: 0.0015770 seconds
157.395: Application time: 0.0321430 seconds
157.397: [GC157.397: [ParNew: 37567K->4159K(37568K), 0.0028650 secs] 614059K->583803K(758420K), 0.0029100 secs] [Times: user=0.02 sys=0.00, real=0.00 secs] 
157.400: Total time for which application threads were stopped: 0.0052690 seconds, Stopping threads took: 0.0022910 seconds
157.432: Application time: 0.0320350 seconds
157.435: [GC157.435: [ParNew: 37567K->4159K(37568K), 0.0025410 secs] 617211K->585908K(758420K), 0.0025850 secs] [Times: user=0.01 sys=0.00, real=0.00 secs] 
157.438: Total time for which application threads were stopped: 0.0055520 seconds, Stopping threads took: 0.0029020 seconds
157.470: Application time: 0.0317720 seconds
157.472: [GC157.472: [ParNew: 37567K->4159K(37568K), 0.0023010 secs] 619316K->586912K(758420K), 0.0023450 secs] [Times: user=0.02 sys=0.00, real=0.00 secs] 
157.474: Total time for which application threads were stopped: 0.0048480 seconds, Stopping threads took: 0.0024070 seconds
157.506: Application time: 0.0320730 seconds
157.509: [GC157.509: [ParNew: 37566K->4159K(37568K), 0.0025940 secs] 620319K->589226K(758420K), 0.0026380 secs] [Times: user=0.02 sys=0.00, real=0.00 secs] 
157.512: Total time for which application threads were stopped: 0.0050510 seconds, Stopping threads took: 0.0023480 seconds
157.542: Application time: 0.0308000 seconds
157.544: [GC157.544: [ParNew: 37567K->4158K(37568K), 0.0027150 secs] 622634K->591834K(758420K), 0.0027600 secs] [Times: user=0.02 sys=0.00, real=0.00 secs] 
157.546: Total time for which application threads were stopped: 0.0039450 seconds, Stopping threads took: 0.0011160 seconds
157.578: Application time: 0.0319760 seconds
157.580: [GC157.580: [ParNew: 37566K->4159K(37568K), 0.0023890 secs] 625242K->593274K(758420K), 0.0024320 secs] [Times: user=0.01 sys=0.00, real=0.00 secs] 
157.583: Total time for which application threads were stopped: 0.0045100 seconds, Stopping threads took: 0.0020110 seconds
157.614: Application time: 0.0314780 seconds
157.615: [GC157.615: [ParNew: 37567K->4158K(37568K), 0.0023380 secs] 626682K->594580K(758420K), 0.0023810 secs] [Times: user=0.02 sys=0.00, real=0.00 secs] 
157.618: Total time for which application threads were stopped: 0.0035280 seconds, Stopping threads took: 0.0010780 seconds
157.648: Application time: 0.0306570 seconds
157.650: [GC157.650: [ParNew: 37565K->4158K(37568K), 0.0025430 secs] 627987K->596738K(758420K), 0.0025880 secs] [Times: user=0.02 sys=0.00, real=0.00 secs] 
157.653: Total time for which application threads were stopped: 0.0040700 seconds, Stopping threads took: 0.0014130 seconds
157.686: Application time: 0.0331890 seconds
157.688: [GC157.688: [ParNew: 37566K->4159K(37568K), 0.0027620 secs] 630146K->599715K(758420K), 0.0028160 secs] [Times: user=0.02 sys=0.00, real=0.00 secs] 
157.691: Total time for which application threads were stopped: 0.0050830 seconds, Stopping threads took: 0.0022000 seconds
157.722: Application time: 0.0314090 seconds
157.724: [GC157.724: [ParNew: 37567K->4159K(37568K), 0.0024550 secs] 633123K->601536K(758420K), 0.0025000 secs] [Times: user=0.02 sys=0.00, real=0.01 secs] 
157.727: Total time for which application threads were stopped: 0.0047610 seconds, Stopping threads took: 0.0021960 seconds
157.759: Application time: 0.0321020 seconds
157.761: [GC157.761: [ParNew: 37567K->4158K(37568K), 0.0024290 secs] 634944K->603409K(758420K), 0.0024730 secs] [Times: user=0.02 sys=0.00, real=0.00 secs] 
157.763: Total time for which application threads were stopped: 0.0042440 seconds, Stopping threads took: 0.0017020 seconds
157.794: Application time: 0.0307810 seconds
157.796: [GC157.796: [ParNew: 37566K->4158K(37568K), 0.0022820 secs] 636817K->604722K(758420K), 0.0023300 secs] [Times: user=0.02 sys=0.00, real=0.00 secs] 
157.798: Total time for which application threads were stopped: 0.0041410 seconds, Stopping threads took: 0.0017430 seconds
157.830: Application time: 0.0318400 seconds
157.832: [GC157.832: [ParNew: 37566K->4159K(37568K), 0.0024200 secs] 638130K->606538K(758420K), 0.0024620 secs] [Times: user=0.02 sys=0.00, real=0.00 secs] 
157.834: Total time for which application threads were stopped: 0.0041240 seconds, Stopping threads took: 0.0015960 seconds
157.867: Application time: 0.0330440 seconds
157.869: [GC157.869: [ParNew: 37567K->4158K(37568K), 0.0020870 secs] 639946K->606843K(758420K), 0.0021310 secs] [Times: user=0.02 sys=0.00, real=0.00 secs] 
157.871: Total time for which application threads were stopped: 0.0037450 seconds, Stopping threads took: 0.0015490 seconds
157.902: Application time: 0.0313320 seconds
157.905: [GC157.905: [ParNew: 37565K->4159K(37568K), 0.0024680 secs] 640250K->608513K(758420K), 0.0025180 secs] [Times: user=0.02 sys=0.00, real=0.01 secs] 
157.908: Total time for which application threads were stopped: 0.0054110 seconds, Stopping threads took: 0.0028050 seconds
157.940: Application time: 0.0317900 seconds
157.943: [GC157.943: [ParNew: 37567K->4158K(37568K), 0.0026790 secs] 641921K->611129K(758420K), 0.0027250 secs] [Times: user=0.02 sys=0.01, real=0.00 secs] 
157.946: Total time for which application threads were stopped: 0.0060110 seconds, Stopping threads took: 0.0032200 seconds
157.977: Application time: 0.0309700 seconds
157.978: [GC157.978: [ParNew: 37564K->4159K(37568K), 0.0024480 secs] 644535K->612667K(758420K), 0.0024950 secs] [Times: user=0.02 sys=0.00, real=0.00 secs] 
157.981: Total time for which application threads were stopped: 0.0041620 seconds, Stopping threads took: 0.0015910 seconds
158.012: Application time: 0.0312840 seconds
158.013: [GC158.013: [ParNew: 37567K->4158K(37568K), 0.0024470 secs] 646075K->614133K(758420K), 0.0024930 secs] [Times: user=0.01 sys=0.00, real=0.01 secs] 
158.015: Total time for which application threads were stopped: 0.0034680 seconds, Stopping threads took: 0.0009080 seconds
158.046: Application time: 0.0308800 seconds
158.049: [GC158.049: [ParNew: 37564K->4159K(37568K), 0.0026840 secs] 647539K->616434K(758420K), 0.0027270 secs] [Times: user=0.02 sys=0.00, real=0.00 secs] 
158.052: Total time for which application threads were stopped: 0.0057130 seconds, Stopping threads took: 0.0029190 seconds
158.081: Application time: 0.0290800 seconds
158.084: [GC158.084: [ParNew: 37567K->4159K(37568K), 0.0028870 secs] 649842K->619603K(758420K), 0.0029310 secs] [Times: user=0.02 sys=0.00, real=0.00 secs] 
158.086: Total time for which application threads were stopped: 0.0053300 seconds, Stopping threads took: 0.0023310 seconds
158.119: Application time: 0.0320320 seconds
158.121: [GC158.121: [ParNew: 37567K->4159K(37568K), 0.0029040 secs] 653011K->622665K(758420K), 0.0029460 secs] [Times: user=0.02 sys=0.00, real=0.00 secs] 
158.124: Total time for which application threads were stopped: 0.0058870 seconds, Stopping threads took: 0.0028620 seconds
158.157: Application time: 0.0322770 seconds
158.159: [GC158.159: [ParNew: 37567K->4159K(37568K), 0.0025030 secs] 656073K->624577K(758420K), 0.0025470 secs] [Times: user=0.02 sys=0.00, real=0.00 secs] 
158.162: Total time for which application threads were stopped: 0.0048590 seconds, Stopping threads took: 0.0022460 seconds
158.193: Application time: 0.0315060 seconds
158.196: [GC158.196: [ParNew: 37567K->4159K(37568K), 0.0023010 secs] 657985K->625871K(758420K), 0.0023530 secs] [Times: user=0.02 sys=0.00, real=0.00 secs] 
158.199: Total time for which application threads were stopped: 0.0055790 seconds, Stopping threads took: 0.0031580 seconds
158.230: Application time: 0.0312490 seconds
158.232: [GC158.232: [ParNew: 37567K->4158K(37568K), 0.0028340 secs] 659279K->628506K(758420K), 0.0028830 secs] [Times: user=0.02 sys=0.00, real=0.01 secs] 
158.235: Total time for which application threads were stopped: 0.0047780 seconds, Stopping threads took: 0.0018150 seconds
158.266: Application time: 0.0317110 seconds
158.268: [GC158.268: [ParNew: 37565K->4158K(37568K), 0.0026230 secs] 661913K->630351K(758420K), 0.0026710 secs] [Times: user=0.02 sys=0.01, real=0.00 secs] 
158.271: Total time for which application threads were stopped: 0.0044280 seconds, Stopping threads took: 0.0016670 seconds
158.302: Application time: 0.0316450 seconds
158.304: [GC158.304: [ParNew: 37566K->4159K(37568K), 0.0027120 secs] 663759K->632554K(758420K), 0.0027600 secs] [Times: user=0.02 sys=0.00, real=0.01 secs] 
158.307: Total time for which application threads were stopped: 0.0044490 seconds, Stopping threads took: 0.0016210 seconds
158.339: Application time: 0.0316690 seconds
158.342: [GC158.342: [ParNew: 37567K->4158K(37568K), 0.0023230 secs] 665962K->633722K(758420K), 0.0023670 secs] [Times: user=0.01 sys=0.00, real=0.00 secs] 
158.344: Total time for which application threads were stopped: 0.0053240 seconds, Stopping threads took: 0.0028690 seconds
158.375: Application time: 0.0313580 seconds
158.377: [GC158.377: [ParNew: 37565K->4159K(37568K), 0.0025960 secs] 667129K->635944K(758420K), 0.0026400 secs] [Times: user=0.02 sys=0.00, real=0.00 secs] 
158.380: Total time for which application threads were stopped: 0.0044020 seconds, Stopping threads took: 0.0017010 seconds
158.412: Application time: 0.0322770 seconds
158.414: [GC158.414: [ParNew: 37566K->4159K(37568K), 0.0022720 secs] 669351K->637151K(758420K), 0.0023160 secs] [Times: user=0.02 sys=0.00, real=0.01 secs] 
158.416: Total time for which application threads were stopped: 0.0039770 seconds, Stopping threads took: 0.0015930 seconds
158.447: Application time: 0.0312300 seconds
158.450: [GC158.450: [ParNew: 37567K->4158K(37568K), 0.0025090 secs] 670559K->639253K(758420K), 0.0025550 secs] [Times: user=0.02 sys=0.00, real=0.00 secs] 
158.452: Total time for which application threads were stopped: 0.0050050 seconds, Stopping threads took: 0.0023830 seconds
158.483: Application time: 0.0308650 seconds
158.486: [GC158.486: [ParNew: 37565K->4158K(37568K), 0.0024100 secs] 672660K->640723K(758420K), 0.0024560 secs] [Times: user=0.02 sys=0.00, real=0.01 secs] 
158.488: Total time for which application threads were stopped: 0.0051600 seconds, Stopping threads took: 0.0026270 seconds
158.519: Application time: 0.0305750 seconds
158.522: [GC158.522: [ParNew: 37566K->4159K(37568K), 0.0028180 secs] 674131K->643615K(758420K), 0.0028650 secs] [Times: user=0.02 sys=0.00, real=0.00 secs] 
158.524: Total time for which application threads were stopped: 0.0056310 seconds, Stopping threads took: 0.0026980 seconds
 CMS: abort preclean due to time 158.527: [CMS-concurrent-abortable-preclean: 0.671/5.003 secs] [Times: user=37.45 sys=0.25, real=5.01 secs] 
158.531: Application time: 0.0062710 seconds
158.533: [GC[YG occupancy: 12815 K (37568 K)]158.533: [Rescan (parallel) , 0.0004950 secs]158.533: [weak refs processing, 0.0000080 secs]158.533: [scrub string table, 0.0001220 secs] [1 CMS-remark: 639455K(720852K)] 652271K(758420K), 0.0006680 secs] [Times: user=0.00 sys=0.00, real=0.00 secs] 
158.534: Total time for which application threads were stopped: 0.0029500 seconds, Stopping threads took: 0.0022450 seconds
158.534: [CMS-concurrent-sweep-start]
158.561: Application time: 0.0270600 seconds
158.562: [GC158.562: [ParNew: 37567K->4159K(37568K), 0.0026360 secs] 466290K->435695K(758420K), 0.0026810 secs] [Times: user=0.02 sys=0.00, real=0.00 secs] 
158.565: Total time for which application threads were stopped: 0.0038780 seconds, Stopping threads took: 0.0011330 seconds
158.572: [CMS-concurrent-sweep: 0.035/0.039 secs] [Times: user=0.30 sys=0.00, real=0.04 secs] 
158.572: [CMS-concurrent-reset-start]
158.575: [CMS-concurrent-reset: 0.003/0.003 secs] [Times: user=0.03 sys=0.00, real=0.01 secs] 
158.597: Application time: 0.0329260 seconds
158.599: [GC158.600: [ParNew: 37567K->4158K(37568K), 0.0022540 secs] 363265K->331252K(758420K), 0.0022980 secs] [Times: user=0.02 sys=0.00, real=0.00 secs] 
158.602: Total time for which application threads were stopped: 0.0043230 seconds, Stopping threads took: 0.0019580 seconds
158.633: Application time: 0.0309950 seconds
158.634: [GC158.634: [ParNew: 37566K->4158K(37568K), 0.0025610 secs] 364660K->333491K(758420K), 0.0026060 secs] [Times: user=0.02 sys=0.00, real=0.01 secs] 
158.636: Total time for which application threads were stopped: 0.0034840 seconds, Stopping threads took: 0.0008080 seconds
158.668: Application time: 0.0318570 seconds
158.671: [GC158.671: [ParNew: 37566K->4159K(37568K), 0.0020180 secs] 366899K->334038K(758420K), 0.0020610 secs] [Times: user=0.02 sys=0.00, real=0.00 secs] 
158.673: Total time for which application threads were stopped: 0.0044310 seconds, Stopping threads took: 0.0023020 seconds
158.705: Application time: 0.0320660 seconds
158.706: [GC158.706: [ParNew: 37567K->4158K(37568K), 0.0027470 secs] 367446K->336919K(758420K), 0.0027920 secs] [Times: user=0.02 sys=0.00, real=0.01 secs] 
158.709: Total time for which application threads were stopped: 0.0039980 seconds, Stopping threads took: 0.0011400 seconds
158.740: Application time: 0.0310940 seconds
158.743: [GC158.743: [ParNew: 37566K->4158K(37568K), 0.0024660 secs] 370327K->339077K(758420K), 0.0025120 secs] [Times: user=0.01 sys=0.00, real=0.00 secs] 
158.745: Total time for which application threads were stopped: 0.0056510 seconds, Stopping threads took: 0.0030700 seconds
158.775: Application time: 0.0296540 seconds
158.778: [GC158.778: [ParNew: 37566K->4159K(37568K), 0.0028200 secs] 372485K->342153K(758420K), 0.0028640 secs] [Times: user=0.02 sys=0.00, real=0.00 secs] 
158.781: Total time for which application threads were stopped: 0.0056250 seconds, Stopping threads took: 0.0026960 seconds
158.781: Application time: 0.0000870 seconds
158.783: [GC [1 CMS-initial-mark: 337993K(720852K)] 342730K(758420K), 0.0001920 secs] [Times: user=0.00 sys=0.00, real=0.00 secs] 
158.783: Total time for which application threads were stopped: 0.0020790 seconds, Stopping threads took: 0.0018660 seconds
158.783: [CMS-concurrent-mark-start]
158.788: [CMS-concurrent-mark: 0.005/0.005 secs] [Times: user=0.03 sys=0.00, real=0.01 secs] 
158.788: [CMS-concurrent-preclean-start]
158.790: [CMS-concurrent-preclean: 0.001/0.001 secs] [Times: user=0.00 sys=0.00, real=0.00 secs] 
158.790: [CMS-concurrent-abortable-preclean-start]
158.815: Application time: 0.0318250 seconds
158.817: [GC158.817: [ParNew: 37567K->4159K(37568K), 0.0027950 secs] 375561K->345041K(758420K), 0.0028400 secs] [Times: user=0.02 sys=0.00, real=0.00 secs] 
158.820: Total time for which application threads were stopped: 0.0048170 seconds, Stopping threads took: 0.0019090 seconds
158.851: Application time: 0.0316240 seconds
158.853: [GC158.853: [ParNew: 37566K->4158K(37568K), 0.0026230 secs] 378448K->347256K(758420K), 0.0026680 secs] [Times: user=0.02 sys=0.00, real=0.01 secs] 
158.855: Total time for which application threads were stopped: 0.0042850 seconds, Stopping threads took: 0.0015490 seconds
158.888: Application time: 0.0321100 seconds
158.888: [GC158.888: [ParNew: 37566K->4158K(37568K), 0.0023490 secs] 380664K->348815K(758420K), 0.0024040 secs] [Times: user=0.02 sys=0.00, real=0.00 secs] 
158.891: Total time for which application threads were stopped: 0.0031350 seconds, Stopping threads took: 0.0006650 seconds
158.922: Application time: 0.0310390 seconds
158.923: [GC158.923: [ParNew: 37566K->4159K(37568K), 0.0023630 secs] 382223K->350206K(758420K), 0.0024100 secs] [Times: user=0.02 sys=0.00, real=0.00 secs] 
158.925: Total time for which application threads were stopped: 0.0036640 seconds, Stopping threads took: 0.0011670 seconds
158.956: Application time: 0.0306740 seconds
158.957: [GC158.957: [ParNew: 37567K->4158K(37568K), 0.0025590 secs] 383614K->352505K(758420K), 0.0026030 secs] [Times: user=0.02 sys=0.00, real=0.00 secs] 
158.960: Total time for which application threads were stopped: 0.0039350 seconds, Stopping threads took: 0.0012650 seconds
158.992: Application time: 0.0316160 seconds
158.994: [GC158.994: [ParNew: 37566K->4158K(37568K), 0.0025470 secs] 385913K->354741K(758420K), 0.0025930 secs] [Times: user=0.02 sys=0.00, real=0.01 secs] 
158.996: Total time for which application threads were stopped: 0.0047800 seconds, Stopping threads took: 0.0021110 seconds
159.029: Application time: 0.0325930 seconds
159.032: [GC159.032: [ParNew: 37565K->4158K(37568K), 0.0028700 secs] 388149K->357915K(758420K), 0.0029150 secs] [Times: user=0.02 sys=0.00, real=0.00 secs] 
159.035: Total time for which application threads were stopped: 0.0055560 seconds, Stopping threads took: 0.0025790 seconds
159.066: Application time: 0.0310980 seconds
159.069: [GC159.069: [ParNew: 37566K->4159K(37568K), 0.0028490 secs] 391323K->360982K(758420K), 0.0028940 secs] [Times: user=0.02 sys=0.00, real=0.00 secs] 
159.072: Total time for which application threads were stopped: 0.0060550 seconds, Stopping threads took: 0.0030940 seconds
159.101: Application time: 0.0296820 seconds
159.103: [GC159.103: [ParNew: 37567K->4159K(37568K), 0.0028280 secs] 394390K->364132K(758420K), 0.0028720 secs] [Times: user=0.02 sys=0.00, real=0.00 secs] 
159.106: Total time for which application threads were stopped: 0.0048930 seconds, Stopping threads took: 0.0019530 seconds
159.138: Application time: 0.0319150 seconds
159.141: [GC159.141: [ParNew: 37567K->4159K(37568K), 0.0022840 secs] 397540K->365652K(758420K), 0.0023270 secs] [Times: user=0.02 sys=0.00, real=0.00 secs] 
159.143: Total time for which application threads were stopped: 0.0047890 seconds, Stopping threads took: 0.0023940 seconds
159.175: Application time: 0.0322170 seconds
159.178: [GC159.178: [ParNew: 37567K->4159K(37568K), 0.0019060 secs] 399060K->365928K(758420K), 0.0019450 secs] [Times: user=0.02 sys=0.00, real=0.00 secs] 
159.180: Total time for which application threads were stopped: 0.0044080 seconds, Stopping threads took: 0.0023990 seconds
159.210: Application time: 0.0303940 seconds
159.212: [GC159.212: [ParNew: 37567K->4158K(37568K), 0.0025780 secs] 399336K->368093K(758420K), 0.0026210 secs] [Times: user=0.01 sys=0.00, real=0.00 secs] 
159.214: Total time for which application threads were stopped: 0.0042960 seconds, Stopping threads took: 0.0016070 seconds
159.246: Application time: 0.0315660 seconds
159.249: [GC159.249: [ParNew: 37566K->4158K(37568K), 0.0020050 secs] 401501K->368566K(758420K), 0.0020470 secs] [Times: user=0.01 sys=0.00, real=0.00 secs] 
159.251: Total time for which application threads were stopped: 0.0053720 seconds, Stopping threads took: 0.0032590 seconds
159.282: Application time: 0.0310130 seconds
159.284: [GC159.284: [ParNew: 37566K->4158K(37568K), 0.0027400 secs] 401974K->371316K(758420K), 0.0027870 secs] [Times: user=0.02 sys=0.00, real=0.01 secs] 
159.287: Total time for which application threads were stopped: 0.0045390 seconds, Stopping threads took: 0.0016880 seconds
159.319: Application time: 0.0317160 seconds
159.321: [GC159.321: [ParNew: 37566K->4159K(37568K), 0.0024460 secs] 404724K->373271K(758420K), 0.0024910 secs] [Times: user=0.02 sys=0.00, real=0.00 secs] 
159.324: Total time for which application threads were stopped: 0.0050590 seconds, Stopping threads took: 0.0024950 seconds
159.353: Application time: 0.0299010 seconds
159.355: [GC159.355: [ParNew: 37567K->4159K(37568K), 0.0028080 secs] 406679K->376262K(758420K), 0.0028510 secs] [Times: user=0.02 sys=0.00, real=0.00 secs] 
159.358: Total time for which application threads were stopped: 0.0044210 seconds, Stopping threads took: 0.0015020 seconds
159.389: Application time: 0.0309350 seconds
159.391: [GC159.391: [ParNew: 37567K->4158K(37568K), 0.0026600 secs] 409670K->378902K(758420K), 0.0027050 secs] [Times: user=0.02 sys=0.00, real=0.00 secs] 
159.394: Total time for which application threads were stopped: 0.0050730 seconds, Stopping threads took: 0.0023010 seconds
159.425: Application time: 0.0306900 seconds
159.427: [GC159.427: [ParNew: 37566K->4158K(37568K), 0.0026600 secs] 412310K->381481K(758420K), 0.0027030 secs] [Times: user=0.02 sys=0.00, real=0.00 secs] 
159.430: Total time for which application threads were stopped: 0.0049790 seconds, Stopping threads took: 0.0022080 seconds
159.461: Application time: 0.0318420 seconds
159.463: [GC159.463: [ParNew: 37566K->4159K(37568K), 0.0023020 secs] 414889K->382928K(758420K), 0.0023440 secs] [Times: user=0.01 sys=0.00, real=0.00 secs] 
159.465: Total time for which application threads were stopped: 0.0037130 seconds, Stopping threads took: 0.0013050 seconds
159.498: Application time: 0.0325150 seconds
159.500: [GC159.500: [ParNew: 37567K->4159K(37568K), 0.0029280 secs] 416336K->386261K(758420K), 0.0029760 secs] [Times: user=0.02 sys=0.00, real=0.00 secs] 
159.503: Total time for which application threads were stopped: 0.0053730 seconds, Stopping threads took: 0.0023150 seconds
159.535: Application time: 0.0321150 seconds
159.538: [GC159.538: [ParNew: 37567K->4159K(37568K), 0.0018900 secs] 419669K->386592K(758420K), 0.0019360 secs] [Times: user=0.02 sys=0.00, real=0.00 secs] 
159.540: Total time for which application threads were stopped: 0.0043730 seconds, Stopping threads took: 0.0023720 seconds
159.571: Application time: 0.0314830 seconds
159.573: [GC159.573: [ParNew: 37567K->4159K(37568K), 0.0028820 secs] 420000K->389726K(758420K), 0.0029280 secs] [Times: user=0.02 sys=0.00, real=0.01 secs] 
159.576: Total time for which application threads were stopped: 0.0052180 seconds, Stopping threads took: 0.0022240 seconds
159.608: Application time: 0.0312800 seconds
159.609: [GC159.609: [ParNew: 37567K->4159K(37568K), 0.0025490 secs] 423134K->391866K(758420K), 0.0025970 secs] [Times: user=0.02 sys=0.00, real=0.00 secs] 
159.611: Total time for which application threads were stopped: 0.0037770 seconds, Stopping threads took: 0.0011110 seconds
159.642: Application time: 0.0309460 seconds
159.645: [GC159.645: [ParNew: 37567K->4159K(37568K), 0.0026070 secs] 425274K->394402K(758420K), 0.0026500 secs] [Times: user=0.02 sys=0.00, real=0.01 secs] 
159.648: Total time for which application threads were stopped: 0.0057380 seconds, Stopping threads took: 0.0030200 seconds
159.679: Application time: 0.0312030 seconds
159.682: [GC159.682: [ParNew: 37567K->4159K(37568K), 0.0064080 secs] 427810K->396554K(758420K), 0.0064500 secs] [Times: user=0.04 sys=0.00, real=0.01 secs] 
159.688: Total time for which application threads were stopped: 0.0091580 seconds, Stopping threads took: 0.0026490 seconds
159.720: Application time: 0.0317070 seconds
159.722: [GC159.722: [ParNew: 37567K->4158K(37568K), 0.0025350 secs] 429962K->398652K(758420K), 0.0025800 secs] [Times: user=0.01 sys=0.00, real=0.00 secs] 
159.725: Total time for which application threads were stopped: 0.0048200 seconds, Stopping threads took: 0.0021730 seconds
159.756: Application time: 0.0312070 seconds
159.759: [GC159.759: [ParNew: 37564K->4159K(37568K), 0.0024080 secs] 432058K->400575K(758420K), 0.0024520 secs] [Times: user=0.02 sys=0.00, real=0.00 secs] 
159.761: Total time for which application threads were stopped: 0.0050960 seconds, Stopping threads took: 0.0025760 seconds
159.792: Application time: 0.0312060 seconds
159.794: [GC159.794: [ParNew: 37567K->4159K(37568K), 0.0023050 secs] 433983K->402028K(758420K), 0.0023570 secs] [Times: user=0.01 sys=0.00, real=0.01 secs] 
159.796: Total time for which application threads were stopped: 0.0040540 seconds, Stopping threads took: 0.0016280 seconds
159.828: Application time: 0.0314370 seconds
159.831: [GC159.831: [ParNew: 37567K->4158K(37568K), 0.0026700 secs] 435436K->404795K(758420K), 0.0027130 secs] [Times: user=0.02 sys=0.00, real=0.00 secs] 
159.834: Total time for which application threads were stopped: 0.0060480 seconds, Stopping threads took: 0.0032690 seconds
159.866: Application time: 0.0316180 seconds
159.867: [GC159.867: [ParNew: 37566K->4158K(37568K), 0.0022010 secs] 438203K->405832K(758420K), 0.0022440 secs] [Times: user=0.01 sys=0.00, real=0.00 secs] 
159.869: Total time for which application threads were stopped: 0.0038030 seconds, Stopping threads took: 0.0014950 seconds
159.901: Application time: 0.0321200 seconds
159.904: [GC159.904: [ParNew: 37566K->4158K(37568K), 0.0023600 secs] 439240K->407216K(758420K), 0.0024050 secs] [Times: user=0.02 sys=0.00, real=0.00 secs] 
159.906: Total time for which application threads were stopped: 0.0045140 seconds, Stopping threads took: 0.0020420 seconds
159.939: Application time: 0.0325070 seconds
159.941: [GC159.941: [ParNew: 37566K->4158K(37568K), 0.0021910 secs] 440624K->408362K(758420K), 0.0022370 secs] [Times: user=0.02 sys=0.00, real=0.00 secs] 
159.944: Total time for which application threads were stopped: 0.0050680 seconds, Stopping threads took: 0.0027640 seconds
159.975: Application time: 0.0316150 seconds
159.977: [GC159.977: [ParNew: 37566K->4159K(37568K), 0.0025870 secs] 441770K->410392K(758420K), 0.0026350 secs] [Times: user=0.01 sys=0.00, real=0.00 secs] 
159.980: Total time for which application threads were stopped: 0.0047280 seconds, Stopping threads took: 0.0020250 seconds
160.012: Application time: 0.0321740 seconds
160.015: [GC160.015: [ParNew: 37567K->4158K(37568K), 0.0019550 secs] 443800K->410696K(758420K), 0.0019980 secs] [Times: user=0.02 sys=0.00, real=0.00 secs] 
160.017: Total time for which application threads were stopped: 0.0048690 seconds, Stopping threads took: 0.0027950 seconds
160.048: Application time: 0.0314410 seconds
160.051: [GC160.051: [ParNew: 37565K->4158K(37568K), 0.0025550 secs] 444104K->412891K(758420K), 0.0025980 secs] [Times: user=0.01 sys=0.01, real=0.00 secs] 
160.053: Total time for which application threads were stopped: 0.0047410 seconds, Stopping threads took: 0.0020750 seconds
160.085: Application time: 0.0321200 seconds
160.087: [GC160.087: [ParNew: 37566K->4159K(37568K), 0.0021400 secs] 446299K->413601K(758420K), 0.0021830 secs] [Times: user=0.01 sys=0.00, real=0.00 secs] 
160.089: Total time for which application threads were stopped: 0.0040310 seconds, Stopping threads took: 0.0017830 seconds
160.121: Application time: 0.0320010 seconds
160.123: [GC160.123: [ParNew: 37567K->4158K(37568K), 0.0022240 secs] 447009K->414783K(758420K), 0.0022700 secs] [Times: user=0.02 sys=0.00, real=0.00 secs] 
160.126: Total time for which application threads were stopped: 0.0041720 seconds, Stopping threads took: 0.0018340 seconds
160.157: Application time: 0.0313130 seconds
160.160: [GC160.160: [ParNew: 37565K->4159K(37568K), 0.0024180 secs] 448191K->416349K(758420K), 0.0024630 secs] [Times: user=0.02 sys=0.00, real=0.00 secs] 
160.162: Total time for which application threads were stopped: 0.0052220 seconds, Stopping threads took: 0.0026900 seconds
160.194: Application time: 0.0315480 seconds
160.196: [GC160.196: [ParNew: 37567K->4159K(37568K), 0.0025050 secs] 449757K->418464K(758420K), 0.0025520 secs] [Times: user=0.01 sys=0.00, real=0.00 secs] 
160.199: Total time for which application threads were stopped: 0.0052770 seconds, Stopping threads took: 0.0026580 seconds
160.230: Application time: 0.0315360 seconds
160.232: [GC160.232: [ParNew: 37567K->4158K(37568K), 0.0023920 secs] 451872K->420126K(758420K), 0.0024350 secs] [Times: user=0.02 sys=0.01, real=0.00 secs] 
160.234: Total time for which application threads were stopped: 0.0040050 seconds, Stopping threads took: 0.0015030 seconds
160.267: Application time: 0.0326790 seconds
160.270: [GC160.270: [ParNew: 37566K->4159K(37568K), 0.0020310 secs] 453534K->420775K(758420K), 0.0020830 secs] [Times: user=0.01 sys=0.00, real=0.00 secs] 
160.272: Total time for which application threads were stopped: 0.0049200 seconds, Stopping threads took: 0.0027690 seconds
160.304: Application time: 0.0316720 seconds
160.305: [GC160.305: [ParNew: 37567K->4159K(37568K), 0.0026550 secs] 454183K->423333K(758420K), 0.0026990 secs] [Times: user=0.02 sys=0.00, real=0.01 secs] 
160.308: Total time for which application threads were stopped: 0.0045030 seconds, Stopping threads took: 0.0017350 seconds
160.339: Application time: 0.0308470 seconds
160.342: [GC160.342: [ParNew: 37567K->4159K(37568K), 0.0024510 secs] 456741K->425348K(758420K), 0.0024960 secs] [Times: user=0.02 sys=0.00, real=0.00 secs] 
160.345: Total time for which application threads were stopped: 0.0058290 seconds, Stopping threads took: 0.0032660 seconds
160.376: Application time: 0.0306910 seconds
160.377: [GC160.377: [ParNew: 37567K->4158K(37568K), 0.0029220 secs] 458756K->428665K(758420K), 0.0029690 secs] [Times: user=0.02 sys=0.00, real=0.00 secs] 
160.380: Total time for which application threads were stopped: 0.0046720 seconds, Stopping threads took: 0.0016340 seconds
160.412: Application time: 0.0321980 seconds
160.415: [GC160.415: [ParNew: 37566K->4158K(37568K), 0.0025140 secs] 462073K->430791K(758420K), 0.0025580 secs] [Times: user=0.02 sys=0.00, real=0.00 secs] 
160.418: Total time for which application threads were stopped: 0.0054760 seconds, Stopping threads took: 0.0028500 seconds
160.447: Application time: 0.0292800 seconds
160.450: [GC160.450: [ParNew: 37565K->4158K(37568K), 0.0027670 secs] 464199K->433692K(758420K), 0.0028130 secs] [Times: user=0.02 sys=0.00, real=0.00 secs] 
160.453: Total time for which application threads were stopped: 0.0056750 seconds, Stopping threads took: 0.0027930 seconds
160.483: Application time: 0.0299260 seconds
160.485: [GC160.485: [ParNew: 37566K->4159K(37568K), 0.0030300 secs] 467100K->437440K(758420K), 0.0030750 secs] [Times: user=0.02 sys=0.00, real=0.01 secs] 
160.488: Total time for which application threads were stopped: 0.0051960 seconds, Stopping threads took: 0.0020590 seconds
160.521: Application time: 0.0327360 seconds
160.522: [GC160.522: [ParNew: 37567K->4159K(37568K), 0.0026900 secs] 470848K->440086K(758420K), 0.0027350 secs] [Times: user=0.02 sys=0.00, real=0.00 secs] 
160.525: Total time for which application threads were stopped: 0.0043930 seconds, Stopping threads took: 0.0015810 seconds
160.557: Application time: 0.0318330 seconds
160.559: [GC160.559: [ParNew: 37567K->4158K(37568K), 0.0022160 secs] 473494K->441087K(758420K), 0.0022610 secs] [Times: user=0.01 sys=0.00, real=0.00 secs] 
160.561: Total time for which application threads were stopped: 0.0040360 seconds, Stopping threads took: 0.0017080 seconds
160.592: Application time: 0.0310990 seconds
160.594: [GC160.594: [ParNew: 37566K->4159K(37568K), 0.0025850 secs] 474495K->443384K(758420K), 0.0026280 secs] [Times: user=0.02 sys=0.00, real=0.01 secs] 
160.597: Total time for which application threads were stopped: 0.0046930 seconds, Stopping threads took: 0.0019760 seconds
160.627: Application time: 0.0306300 seconds
160.629: [GC160.629: [ParNew: 37567K->4159K(37568K), 0.0026230 secs] 476792K->445589K(758420K), 0.0026670 secs] [Times: user=0.02 sys=0.00, real=0.00 secs] 
160.632: Total time for which application threads were stopped: 0.0045360 seconds, Stopping threads took: 0.0018010 seconds
160.663: Application time: 0.0312010 seconds
160.665: [GC160.665: [ParNew: 37567K->4158K(37568K), 0.0027510 secs] 478997K->448305K(758420K), 0.0027980 secs] [Times: user=0.02 sys=0.00, real=0.01 secs] 
160.668: Total time for which application threads were stopped: 0.0050440 seconds, Stopping threads took: 0.0021780 seconds
160.699: Application time: 0.0308390 seconds
160.701: [GC160.701: [ParNew: 37564K->4158K(37568K), 0.0028330 secs] 481711K->451398K(758420K), 0.0028880 secs] [Times: user=0.02 sys=0.00, real=0.00 secs] 
160.704: Total time for which application threads were stopped: 0.0050790 seconds, Stopping threads took: 0.0021240 seconds
160.736: Application time: 0.0315840 seconds
160.738: [GC160.738: [ParNew: 37566K->4158K(37568K), 0.0020520 secs] 484806K->451847K(758420K), 0.0020940 secs] [Times: user=0.01 sys=0.00, real=0.00 secs] 
160.740: Total time for which application threads were stopped: 0.0039060 seconds, Stopping threads took: 0.0017480 seconds
160.771: Application time: 0.0311380 seconds
160.774: [GC160.774: [ParNew: 37566K->4158K(37568K), 0.0025550 secs] 485255K->454153K(758420K), 0.0025990 secs] [Times: user=0.02 sys=0.00, real=0.01 secs] 
160.776: Total time for which application threads were stopped: 0.0056000 seconds, Stopping threads took: 0.0029130 seconds
160.806: Application time: 0.0297520 seconds
160.809: [GC160.809: [ParNew: 37566K->4159K(37568K), 0.0027620 secs] 487560K->456961K(758420K), 0.0028050 secs] [Times: user=0.02 sys=0.00, real=0.00 secs] 
160.811: Total time for which application threads were stopped: 0.0053580 seconds, Stopping threads took: 0.0024850 seconds
160.843: Application time: 0.0319910 seconds
160.847: [GC160.847: [ParNew: 37567K->4158K(37568K), 0.0025330 secs] 490369K->459230K(758420K), 0.0025800 secs] [Times: user=0.02 sys=0.00, real=0.00 secs] 
160.849: Total time for which application threads were stopped: 0.0058780 seconds, Stopping threads took: 0.0032300 seconds
160.879: Application time: 0.0293090 seconds
160.881: [GC160.881: [ParNew: 37566K->4158K(37568K), 0.0029700 secs] 492638K->462841K(758420K), 0.0030130 secs] [Times: user=0.02 sys=0.00, real=0.00 secs] 
160.884: Total time for which application threads were stopped: 0.0049970 seconds, Stopping threads took: 0.0019160 seconds
160.915: Application time: 0.0311640 seconds
160.917: [GC160.917: [ParNew: 37566K->4158K(37568K), 0.0026070 secs] 496249K->465357K(758420K), 0.0026540 secs] [Times: user=0.02 sys=0.00, real=0.00 secs] 
160.920: Total time for which application threads were stopped: 0.0052070 seconds, Stopping threads took: 0.0024870 seconds
160.952: Application time: 0.0318240 seconds
160.954: [GC160.954: [ParNew: 37566K->4158K(37568K), 0.0024530 secs] 498765K->467255K(758420K), 0.0024990 secs] [Times: user=0.02 sys=0.00, real=0.01 secs] 
160.957: Total time for which application threads were stopped: 0.0049580 seconds, Stopping threads took: 0.0023910 seconds
160.988: Application time: 0.0307010 seconds
160.990: [GC160.990: [ParNew: 37566K->4159K(37568K), 0.0028350 secs] 500663K->470303K(758420K), 0.0028800 secs] [Times: user=0.02 sys=0.00, real=0.00 secs] 
160.992: Total time for which application threads were stopped: 0.0048870 seconds, Stopping threads took: 0.0019190 seconds
161.024: Application time: 0.0314250 seconds
161.027: [GC161.027: [ParNew: 37567K->4158K(37568K), 0.0026190 secs] 503711K->472773K(758420K), 0.0026640 secs] [Times: user=0.02 sys=0.00, real=0.00 secs] 
161.030: Total time for which application threads were stopped: 0.0056820 seconds, Stopping threads took: 0.0029410 seconds
161.060: Application time: 0.0305550 seconds
161.063: [GC161.063: [ParNew: 37566K->4159K(37568K), 0.0026920 secs] 506181K->475519K(758420K), 0.0027350 secs] [Times: user=0.02 sys=0.00, real=0.00 secs] 
161.066: Total time for which application threads were stopped: 0.0055050 seconds, Stopping threads took: 0.0027030 seconds
161.096: Application time: 0.0307520 seconds
161.098: [GC161.098: [ParNew: 37567K->4159K(37568K), 0.0022360 secs] 508927K->476547K(758420K), 0.0022780 secs] [Times: user=0.01 sys=0.00, real=0.00 secs] 
161.100: Total time for which application threads were stopped: 0.0039480 seconds, Stopping threads took: 0.0016030 seconds
161.131: Application time: 0.0308330 seconds
161.133: [GC161.134: [ParNew: 37566K->4159K(37568K), 0.0025700 secs] 509953K->478865K(758420K), 0.0026150 secs] [Times: user=0.02 sys=0.00, real=0.01 secs] 
161.136: Total time for which application threads were stopped: 0.0050010 seconds, Stopping threads took: 0.0023200 seconds
161.167: Application time: 0.0311570 seconds
161.170: [GC161.170: [ParNew: 37565K->4159K(37568K), 0.0028840 secs] 512271K->482138K(758420K), 0.0029360 secs] [Times: user=0.02 sys=0.00, real=0.00 secs] 
161.173: Total time for which application threads were stopped: 0.0056260 seconds, Stopping threads took: 0.0026220 seconds
161.205: Application time: 0.0324700 seconds
161.208: [GC161.208: [ParNew: 37567K->4159K(37568K), 0.0021410 secs] 515546K->482951K(758420K), 0.0021840 secs] [Times: user=0.02 sys=0.00, real=0.00 secs] 
161.210: Total time for which application threads were stopped: 0.0047270 seconds, Stopping threads took: 0.0024750 seconds
161.242: Application time: 0.0322260 seconds
161.244: [GC161.245: [ParNew: 37567K->4159K(37568K), 0.0024350 secs] 516359K->484660K(758420K), 0.0024760 secs] [Times: user=0.01 sys=0.00, real=0.01 secs] 
161.247: Total time for which application threads were stopped: 0.0046300 seconds, Stopping threads took: 0.0020880 seconds
161.278: Application time: 0.0313330 seconds
161.279: [GC161.280: [ParNew: 37567K->4158K(37568K), 0.0024880 secs] 518068K->486748K(758420K), 0.0025320 secs] [Times: user=0.02 sys=0.00, real=0.00 secs] 
161.282: Total time for which application threads were stopped: 0.0037160 seconds, Stopping threads took: 0.0011160 seconds
161.313: Application time: 0.0311070 seconds
161.315: [GC161.315: [ParNew: 37566K->4158K(37568K), 0.0022020 secs] 520156K->487762K(758420K), 0.0022440 secs] [Times: user=0.01 sys=0.00, real=0.00 secs] 
161.317: Total time for which application threads were stopped: 0.0042910 seconds, Stopping threads took: 0.0019840 seconds
161.347: Application time: 0.0292180 seconds
161.348: [GC161.348: [ParNew: 37566K->4159K(37568K), 0.0027550 secs] 521170K->490641K(758420K), 0.0028000 secs] [Times: user=0.02 sys=0.00, real=0.00 secs] 
161.351: Total time for which application threads were stopped: 0.0044190 seconds, Stopping threads took: 0.0015540 seconds
161.380: Application time: 0.0290410 seconds
161.382: [GC161.382: [ParNew: 37567K->4159K(37568K), 0.0027120 secs] 524049K->493429K(758420K), 0.0027560 secs] [Times: user=0.02 sys=0.00, real=0.00 secs] 
161.385: Total time for which application threads were stopped: 0.0045880 seconds, Stopping threads took: 0.0017670 seconds
161.413: Application time: 0.0286310 seconds
161.415: [GC161.415: [ParNew: 37567K->4158K(37568K), 0.0029920 secs] 526837K->497042K(758420K), 0.0030340 secs] [Times: user=0.02 sys=0.00, real=0.00 secs] 
161.418: Total time for which application threads were stopped: 0.0050510 seconds, Stopping threads took: 0.0019520 seconds
161.448: Application time: 0.0295980 seconds
161.450: [GC161.450: [ParNew: 37566K->4158K(37568K), 0.0028680 secs] 530450K->500433K(758420K), 0.0029100 secs] [Times: user=0.02 sys=0.00, real=0.00 secs] 
161.453: Total time for which application threads were stopped: 0.0052330 seconds, Stopping threads took: 0.0022580 seconds
161.483: Application time: 0.0302470 seconds
161.486: [GC161.486: [ParNew: 37566K->4159K(37568K), 0.0024550 secs] 533841K->502193K(758420K), 0.0024980 secs] [Times: user=0.02 sys=0.00, real=0.01 secs] 
161.488: Total time for which application threads were stopped: 0.0047880 seconds, Stopping threads took: 0.0022250 seconds
161.518: Application time: 0.0298520 seconds
161.519: [GC161.519: [ParNew: 37567K->4158K(37568K), 0.0026730 secs] 535601K->504686K(758420K), 0.0027120 secs] [Times: user=0.02 sys=0.00, real=0.00 secs] 
161.522: Total time for which application threads were stopped: 0.0039230 seconds, Stopping threads took: 0.0011460 seconds
161.553: Application time: 0.0312230 seconds
161.555: [GC161.555: [ParNew: 37566K->4158K(37568K), 0.0027120 secs] 538094K->507486K(758420K), 0.0027560 secs] [Times: user=0.02 sys=0.00, real=0.00 secs] 
161.558: Total time for which application threads were stopped: 0.0049000 seconds, Stopping threads took: 0.0020700 seconds
161.586: Application time: 0.0280150 seconds
161.588: [GC161.588: [ParNew: 37565K->4159K(37568K), 0.0029690 secs] 540893K->510951K(758420K), 0.0030120 secs] [Times: user=0.01 sys=0.01, real=0.00 secs] 
161.591: Total time for which application threads were stopped: 0.0045650 seconds, Stopping threads took: 0.0014860 seconds
161.620: Application time: 0.0290470 seconds
161.621: [GC161.621: [ParNew: 37567K->4159K(37568K), 0.0024260 secs] 544359K->512749K(758420K), 0.0024700 secs] [Times: user=0.02 sys=0.00, real=0.00 secs] 
161.623: Total time for which application threads were stopped: 0.0035970 seconds, Stopping threads took: 0.0010620 seconds
161.653: Application time: 0.0299310 seconds
161.655: [GC161.656: [ParNew: 37567K->4158K(37568K), 0.0025380 secs] 546157K->514898K(758420K), 0.0025810 secs] [Times: user=0.02 sys=0.00, real=0.00 secs] 
161.658: Total time for which application threads were stopped: 0.0047640 seconds, Stopping threads took: 0.0020960 seconds
161.686: Application time: 0.0278920 seconds
161.688: [GC161.688: [ParNew: 37566K->4158K(37568K), 0.0027150 secs] 548306K->517860K(758420K), 0.0027550 secs] [Times: user=0.02 sys=0.00, real=0.00 secs] 
161.690: Total time for which application threads were stopped: 0.0044720 seconds, Stopping threads took: 0.0016570 seconds
161.721: Application time: 0.0302730 seconds
161.724: [GC161.724: [ParNew: 37566K->4159K(37568K), 0.0023820 secs] 551268K->519686K(758420K), 0.0024230 secs] [Times: user=0.02 sys=0.00, real=0.00 secs] 
161.726: Total time for which application threads were stopped: 0.0052870 seconds, Stopping threads took: 0.0027990 seconds
161.756: Application time: 0.0298880 seconds
161.757: [GC161.757: [ParNew: 37567K->4159K(37568K), 0.0021620 secs] 553094K->520533K(758420K), 0.0022060 secs] [Times: user=0.02 sys=0.00, real=0.00 secs] 
161.759: Total time for which application threads were stopped: 0.0035050 seconds, Stopping threads took: 0.0012330 seconds
161.789: Application time: 0.0294040 seconds
161.790: [GC161.790: [ParNew: 37567K->4159K(37568K), 0.0023540 secs] 553941K->521899K(758420K), 0.0023980 secs] [Times: user=0.02 sys=0.00, real=0.00 secs] 
161.792: Total time for which application threads were stopped: 0.0034530 seconds, Stopping threads took: 0.0009910 seconds
161.823: Application time: 0.0304580 seconds
161.824: [GC161.824: [ParNew: 37567K->4158K(37568K), 0.0027110 secs] 555307K->524674K(758420K), 0.0027570 secs] [Times: user=0.02 sys=0.00, real=0.01 secs] 
161.827: Total time for which application threads were stopped: 0.0044270 seconds, Stopping threads took: 0.0016040 seconds
161.857: Application time: 0.0301840 seconds
161.859: [GC161.859: [ParNew: 37566K->4159K(37568K), 0.0025720 secs] 558082K->526837K(758420K), 0.0026160 secs] [Times: user=0.02 sys=0.00, real=0.00 secs] 
161.862: Total time for which application threads were stopped: 0.0042110 seconds, Stopping threads took: 0.0015300 seconds
161.892: Application time: 0.0300690 seconds
161.895: [GC161.895: [ParNew: 37567K->4158K(37568K), 0.0029420 secs] 560245K->530423K(758420K), 0.0029860 secs] [Times: user=0.02 sys=0.00, real=0.00 secs] 
161.898: Total time for which application threads were stopped: 0.0061500 seconds, Stopping threads took: 0.0030990 seconds
161.927: Application time: 0.0290180 seconds
161.928: [GC161.928: [ParNew: 37566K->4158K(37568K), 0.0026850 secs] 563831K->532896K(758420K), 0.0027300 secs] [Times: user=0.01 sys=0.00, real=0.00 secs] 
161.931: Total time for which application threads were stopped: 0.0044070 seconds, Stopping threads took: 0.0016130 seconds
161.961: Application time: 0.0294250 seconds
161.962: [GC161.962: [ParNew: 37566K->4159K(37568K), 0.0026560 secs] 566304K->535362K(758420K), 0.0027000 secs] [Times: user=0.02 sys=0.00, real=0.00 secs] 
161.965: Total time for which application threads were stopped: 0.0044190 seconds, Stopping threads took: 0.0016530 seconds
161.994: Application time: 0.0293410 seconds
161.996: [GC161.996: [ParNew: 37567K->4159K(37568K), 0.0027150 secs] 568770K->537961K(758420K), 0.0027600 secs] [Times: user=0.02 sys=0.00, real=0.00 secs] 
161.999: Total time for which application threads were stopped: 0.0043970 seconds, Stopping threads took: 0.0015730 seconds
162.028: Application time: 0.0295640 seconds
162.031: [GC162.031: [ParNew: 37567K->4158K(37568K), 0.0029840 secs] 571369K->541455K(758420K), 0.0030370 secs] [Times: user=0.02 sys=0.00, real=0.00 secs] 
162.034: Total time for which application threads were stopped: 0.0058810 seconds, Stopping threads took: 0.0027780 seconds
162.063: Application time: 0.0289240 seconds
162.065: [GC162.065: [ParNew: 37566K->4158K(37568K), 0.0023360 secs] 574863K->542857K(758420K), 0.0023810 secs] [Times: user=0.01 sys=0.00, real=0.01 secs] 
162.068: Total time for which application threads were stopped: 0.0043410 seconds, Stopping threads took: 0.0018860 seconds
162.097: Application time: 0.0292570 seconds
162.099: [GC162.099: [ParNew: 37566K->4158K(37568K), 0.0024140 secs] 576265K->544541K(758420K), 0.0024580 secs] [Times: user=0.02 sys=0.00, real=0.00 secs] 
162.102: Total time for which application threads were stopped: 0.0050250 seconds, Stopping threads took: 0.0024840 seconds
162.131: Application time: 0.0291600 seconds
162.132: [GC162.132: [ParNew: 37566K->4159K(37568K), 0.0026230 secs] 577949K->546980K(758420K), 0.0026640 secs] [Times: user=0.02 sys=0.00, real=0.01 secs] 
162.135: Total time for which application threads were stopped: 0.0036930 seconds, Stopping threads took: 0.0009640 seconds
162.164: Application time: 0.0294530 seconds
162.167: [GC162.167: [ParNew: 37567K->4159K(37568K), 0.0023750 secs] 580388K->548427K(758420K), 0.0024200 secs] [Times: user=0.01 sys=0.00, real=0.00 secs] 
162.170: Total time for which application threads were stopped: 0.0055410 seconds, Stopping threads took: 0.0030350 seconds
162.197: Application time: 0.0272390 seconds
162.199: [GC162.199: [ParNew: 37567K->4158K(37568K), 0.0030590 secs] 581835K->552182K(758420K), 0.0031020 secs] [Times: user=0.02 sys=0.00, real=0.00 secs] 
162.202: Total time for which application threads were stopped: 0.0052360 seconds, Stopping threads took: 0.0020660 seconds
162.231: Application time: 0.0287960 seconds
162.233: [GC162.233: [ParNew: 37566K->4159K(37568K), 0.0029720 secs] 585590K->555728K(758420K), 0.0030150 secs] [Times: user=0.02 sys=0.00, real=0.01 secs] 
162.236: Total time for which application threads were stopped: 0.0053230 seconds, Stopping threads took: 0.0022430 seconds
162.266: Application time: 0.0299550 seconds
162.269: [GC162.269: [ParNew: 37567K->4159K(37568K), 0.0029770 secs] 589136K->559193K(758420K), 0.0030230 secs] [Times: user=0.03 sys=0.00, real=0.00 secs] 
162.272: Total time for which application threads were stopped: 0.0056340 seconds, Stopping threads took: 0.0025440 seconds
162.301: Application time: 0.0286910 seconds
162.303: [GC162.303: [ParNew: 37567K->4159K(37568K), 0.0029000 secs] 592601K->562532K(758420K), 0.0029420 secs] [Times: user=0.02 sys=0.00, real=0.00 secs] 
162.306: Total time for which application threads were stopped: 0.0053230 seconds, Stopping threads took: 0.0023150 seconds
162.336: Application time: 0.0299970 seconds
162.338: [GC162.338: [ParNew: 37567K->4159K(37568K), 0.0022500 secs] 595940K->563820K(758420K), 0.0022920 secs] [Times: user=0.02 sys=0.00, real=0.00 secs] 
162.340: Total time for which application threads were stopped: 0.0042780 seconds, Stopping threads took: 0.0019200 seconds
162.369: Application time: 0.0289870 seconds
162.371: [GC162.371: [ParNew: 37567K->4159K(37568K), 0.0028400 secs] 597228K->566976K(758420K), 0.0028910 secs] [Times: user=0.01 sys=0.01, real=0.00 secs] 
162.374: Total time for which application threads were stopped: 0.0043360 seconds, Stopping threads took: 0.0013790 seconds
162.403: Application time: 0.0294270 seconds
162.404: [GC162.404: [ParNew: 37567K->4159K(37568K), 0.0025040 secs] 600384K->568933K(758420K), 0.0025470 secs] [Times: user=0.02 sys=0.00, real=0.01 secs] 
162.407: Total time for which application threads were stopped: 0.0039950 seconds, Stopping threads took: 0.0013820 seconds
162.435: Application time: 0.0277470 seconds
162.437: [GC162.437: [ParNew: 37567K->4159K(37568K), 0.0027580 secs] 602341K->571821K(758420K), 0.0028010 secs] [Times: user=0.02 sys=0.00, real=0.00 secs] 
162.440: Total time for which application threads were stopped: 0.0053060 seconds, Stopping threads took: 0.0024300 seconds
162.470: Application time: 0.0296180 seconds
162.472: [GC162.472: [ParNew: 37567K->4158K(37568K), 0.0030570 secs] 605229K->575526K(758420K), 0.0030980 secs] [Times: user=0.02 sys=0.00, real=0.01 secs] 
162.475: Total time for which application threads were stopped: 0.0058530 seconds, Stopping threads took: 0.0026900 seconds
162.503: Application time: 0.0279050 seconds
162.506: [GC162.506: [ParNew: 37566K->4159K(37568K), 0.0029690 secs] 608934K->579055K(758420K), 0.0030130 secs] [Times: user=0.02 sys=0.00, real=0.01 secs] 
162.509: Total time for which application threads were stopped: 0.0052860 seconds, Stopping threads took: 0.0022070 seconds
162.539: Application time: 0.0303030 seconds
162.542: [GC162.542: [ParNew: 37567K->4158K(37568K), 0.0025770 secs] 612463K->581391K(758420K), 0.0026250 secs] [Times: user=0.02 sys=0.00, real=0.00 secs] 
162.545: Total time for which application threads were stopped: 0.0056160 seconds, Stopping threads took: 0.0029320 seconds
162.574: Application time: 0.0296490 seconds
162.577: [GC162.577: [ParNew: 37565K->4159K(37568K), 0.0023410 secs] 614798K->582658K(758420K), 0.0023860 secs] [Times: user=0.02 sys=0.00, real=0.00 secs] 
162.579: Total time for which application threads were stopped: 0.0051160 seconds, Stopping threads took: 0.0026550 seconds
162.609: Application time: 0.0298530 seconds
162.611: [GC162.611: [ParNew: 37567K->4159K(37568K), 0.0022250 secs] 616066K->583746K(758420K), 0.0022670 secs] [Times: user=0.02 sys=0.00, real=0.00 secs] 
162.613: Total time for which application threads were stopped: 0.0037690 seconds, Stopping threads took: 0.0014380 seconds
162.643: Application time: 0.0296380 seconds
162.644: [GC162.644: [ParNew: 37567K->4158K(37568K), 0.0024820 secs] 617154K->585692K(758420K), 0.0025240 secs] [Times: user=0.01 sys=0.00, real=0.00 secs] 
162.646: Total time for which application threads were stopped: 0.0038390 seconds, Stopping threads took: 0.0012510 seconds
162.676: Application time: 0.0292120 seconds
162.676: [GC162.676: [ParNew: 37566K->4158K(37568K), 0.0022630 secs] 619100K->586982K(758420K), 0.0023060 secs] [Times: user=0.01 sys=0.00, real=0.00 secs] 
162.678: Total time for which application threads were stopped: 0.0027710 seconds, Stopping threads took: 0.0003980 seconds
162.708: Application time: 0.0299970 seconds
162.711: [GC162.711: [ParNew: 37566K->4159K(37568K), 0.0026890 secs] 620390K->589651K(758420K), 0.0027350 secs] [Times: user=0.02 sys=0.00, real=0.00 secs] 
162.714: Total time for which application threads were stopped: 0.0057580 seconds, Stopping threads took: 0.0029560 seconds
162.743: Application time: 0.0287350 seconds
162.745: [GC162.745: [ParNew: 37567K->4158K(37568K), 0.0028570 secs] 623059K->592479K(758420K), 0.0029010 secs] [Times: user=0.02 sys=0.00, real=0.01 secs] 
162.748: Total time for which application threads were stopped: 0.0051870 seconds, Stopping threads took: 0.0022220 seconds
162.775: Application time: 0.0273000 seconds
162.778: [GC162.778: [ParNew: 37566K->4159K(37568K), 0.0028080 secs] 625887K->595589K(758420K), 0.0028500 secs] [Times: user=0.02 sys=0.00, real=0.00 secs] 
162.781: Total time for which application threads were stopped: 0.0055750 seconds, Stopping threads took: 0.0026580 seconds
162.811: Application time: 0.0299580 seconds
162.814: [GC162.814: [ParNew: 37567K->4158K(37568K), 0.0023740 secs] 628997K->597119K(758420K), 0.0024140 secs] [Times: user=0.02 sys=0.00, real=0.01 secs] 
162.816: Total time for which application threads were stopped: 0.0053070 seconds, Stopping threads took: 0.0028290 seconds
162.846: Application time: 0.0297120 seconds
162.849: [GC162.849: [ParNew: 37566K->4158K(37568K), 0.0025160 secs] 630527K->598997K(758420K), 0.0025600 secs] [Times: user=0.01 sys=0.01, real=0.00 secs] 
162.851: Total time for which application threads were stopped: 0.0052690 seconds, Stopping threads took: 0.0026230 seconds
162.882: Application time: 0.0304100 seconds
162.884: [GC162.884: [ParNew: 37565K->4158K(37568K), 0.0024160 secs] 632404K->600712K(758420K), 0.0024700 secs] [Times: user=0.02 sys=0.00, real=0.00 secs] 
162.886: Total time for which application threads were stopped: 0.0043510 seconds, Stopping threads took: 0.0017910 seconds
162.916: Application time: 0.0302730 seconds
162.918: [GC162.918: [ParNew: 37565K->4159K(37568K), 0.0020960 secs] 634118K->601433K(758420K), 0.0021370 secs] [Times: user=0.01 sys=0.00, real=0.00 secs] 
162.920: Total time for which application threads were stopped: 0.0040830 seconds, Stopping threads took: 0.0018800 seconds
162.949: Application time: 0.0290150 seconds
162.951: [GC162.951: [ParNew: 37567K->4159K(37568K), 0.0027220 secs] 634841K->603944K(758420K), 0.0027650 secs] [Times: user=0.01 sys=0.00, real=0.00 secs] 
162.954: Total time for which application threads were stopped: 0.0044580 seconds, Stopping threads took: 0.0016280 seconds
162.984: Application time: 0.0297080 seconds
162.986: [GC162.986: [ParNew: 37567K->4159K(37568K), 0.0022640 secs] 637352K->605385K(758420K), 0.0023080 secs] [Times: user=0.02 sys=0.00, real=0.01 secs] 
162.988: Total time for which application threads were stopped: 0.0047350 seconds, Stopping threads took: 0.0023620 seconds
163.018: Application time: 0.0298110 seconds
163.020: [GC163.020: [ParNew: 37567K->4159K(37568K), 0.0022320 secs] 638793K->606659K(758420K), 0.0022760 secs] [Times: user=0.02 sys=0.00, real=0.00 secs] 
163.022: Total time for which application threads were stopped: 0.0043090 seconds, Stopping threads took: 0.0019680 seconds
163.052: Application time: 0.0293400 seconds
163.053: [GC163.053: [ParNew: 37567K->4158K(37568K), 0.0022650 secs] 640067K->607861K(758420K), 0.0023080 secs] [Times: user=0.02 sys=0.00, real=0.01 secs] 
163.056: Total time for which application threads were stopped: 0.0038750 seconds, Stopping threads took: 0.0015040 seconds
163.086: Application time: 0.0305420 seconds
163.088: [GC163.088: [ParNew: 37566K->4159K(37568K), 0.0023640 secs] 641269K->608970K(758420K), 0.0024090 secs] [Times: user=0.01 sys=0.00, real=0.00 secs] 
163.090: Total time for which application threads were stopped: 0.0037750 seconds, Stopping threads took: 0.0012900 seconds
163.119: Application time: 0.0294950 seconds
163.121: [GC163.121: [ParNew: 37566K->4159K(37568K), 0.0027330 secs] 642376K->610959K(758420K), 0.0027790 secs] [Times: user=0.02 sys=0.00, real=0.00 secs] 
163.124: Total time for which application threads were stopped: 0.0043140 seconds, Stopping threads took: 0.0014690 seconds
163.154: Application time: 0.0297530 seconds
163.155: [GC163.155: [ParNew: 37567K->4159K(37568K), 0.0025630 secs] 644367K->612296K(758420K), 0.0026070 secs] [Times: user=0.02 sys=0.00, real=0.00 secs] 
163.158: Total time for which application threads were stopped: 0.0045290 seconds, Stopping threads took: 0.0018460 seconds
163.188: Application time: 0.0297890 seconds
163.190: [GC163.190: [ParNew: 37567K->4159K(37568K), 0.0022360 secs] 645704K->612895K(758420K), 0.0022810 secs] [Times: user=0.02 sys=0.00, real=0.00 secs] 
163.192: Total time for which application threads were stopped: 0.0044490 seconds, Stopping threads took: 0.0020810 seconds
163.221: Application time: 0.0286380 seconds
163.223: [GC163.223: [ParNew: 37567K->4158K(37568K), 0.0026110 secs] 646303K->614838K(758420K), 0.0026560 secs] [Times: user=0.01 sys=0.00, real=0.00 secs] 
163.226: Total time for which application threads were stopped: 0.0050430 seconds, Stopping threads took: 0.0023210 seconds
163.255: Application time: 0.0295130 seconds
163.258: [GC163.258: [ParNew: 37565K->4158K(37568K), 0.0025580 secs] 648245K->616729K(758420K), 0.0026030 secs] [Times: user=0.02 sys=0.00, real=0.00 secs] 
163.260: Total time for which application threads were stopped: 0.0049130 seconds, Stopping threads took: 0.0022230 seconds
163.288: Application time: 0.0280140 seconds
163.291: [GC163.291: [ParNew: 37566K->4159K(37568K), 0.0029940 secs] 650137K->619927K(758420K), 0.0030390 secs] [Times: user=0.02 sys=0.00, real=0.00 secs] 
163.294: Total time for which application threads were stopped: 0.0056690 seconds, Stopping threads took: 0.0025430 seconds
163.323: Application time: 0.0288080 seconds
163.325: [GC163.325: [ParNew: 37567K->4158K(37568K), 0.0027190 secs] 653335K->621903K(758420K), 0.0027740 secs] [Times: user=0.01 sys=0.00, real=0.01 secs] 
163.327: Total time for which application threads were stopped: 0.0044920 seconds, Stopping threads took: 0.0016320 seconds
163.358: Application time: 0.0301970 seconds
163.360: [GC163.360: [ParNew: 37566K->4158K(37568K), 0.0025850 secs] 655311K->623847K(758420K), 0.0026320 secs] [Times: user=0.01 sys=0.00, real=0.00 secs] 
163.362: Total time for which application threads were stopped: 0.0048180 seconds, Stopping threads took: 0.0021190 seconds
163.392: Application time: 0.0295350 seconds
163.394: [GC163.394: [ParNew: 37566K->4159K(37568K), 0.0025350 secs] 657255K->625763K(758420K), 0.0025770 secs] [Times: user=0.02 sys=0.00, real=0.01 secs] 
163.396: Total time for which application threads were stopped: 0.0041920 seconds, Stopping threads took: 0.0015570 seconds
163.427: Application time: 0.0305570 seconds
163.429: [GC163.429: [ParNew: 37567K->4158K(37568K), 0.0021920 secs] 659171K->626715K(758420K), 0.0022370 secs] [Times: user=0.01 sys=0.00, real=0.00 secs] 
163.431: Total time for which application threads were stopped: 0.0041620 seconds, Stopping threads took: 0.0018610 seconds
163.459: Application time: 0.0285700 seconds
163.462: [GC163.462: [ParNew: 37566K->4158K(37568K), 0.0028270 secs] 660123K->629564K(758420K), 0.0028730 secs] [Times: user=0.02 sys=0.00, real=0.00 secs] 
163.465: Total time for which application threads were stopped: 0.0056850 seconds, Stopping threads took: 0.0027460 seconds
163.493: Application time: 0.0279350 seconds
163.496: [GC163.496: [ParNew: 37566K->4159K(37568K), 0.0030600 secs] 662972K->633290K(758420K), 0.0031070 secs] [Times: user=0.02 sys=0.00, real=0.00 secs] 
163.499: Total time for which application threads were stopped: 0.0056330 seconds, Stopping threads took: 0.0024650 seconds
163.528: Application time: 0.0295050 seconds
163.530: [GC163.530: [ParNew: 37567K->4159K(37568K), 0.0026760 secs] 666698K->635917K(758420K), 0.0027190 secs] [Times: user=0.01 sys=0.01, real=0.00 secs] 
163.533: Total time for which application threads were stopped: 0.0049150 seconds, Stopping threads took: 0.0021300 seconds
163.563: Application time: 0.0294680 seconds
163.565: [GC163.565: [ParNew: 37567K->4159K(37568K), 0.0023910 secs] 669325K->637650K(758420K), 0.0024380 secs] [Times: user=0.01 sys=0.00, real=0.01 secs] 
163.567: Total time for which application threads were stopped: 0.0046570 seconds, Stopping threads took: 0.0021510 seconds
163.597: Application time: 0.0299930 seconds
163.599: [GC163.599: [ParNew: 37567K->4158K(37568K), 0.0024460 secs] 671058K->639243K(758420K), 0.0024930 secs] [Times: user=0.01 sys=0.00, real=0.00 secs] 
163.602: Total time for which application threads were stopped: 0.0046970 seconds, Stopping threads took: 0.0021320 seconds
163.631: Application time: 0.0294920 seconds
163.633: [GC163.633: [ParNew: 37566K->4158K(37568K), 0.0027480 secs] 672651K->641710K(758420K), 0.0027940 secs] [Times: user=0.01 sys=0.00, real=0.01 secs] 
163.636: Total time for which application threads were stopped: 0.0042440 seconds, Stopping threads took: 0.0013730 seconds
163.666: Application time: 0.0307330 seconds
163.668: [GC163.668: [ParNew: 37566K->4159K(37568K), 0.0022900 secs] 675118K->642990K(758420K), 0.0023360 secs] [Times: user=0.02 sys=0.00, real=0.00 secs] 
163.670: Total time for which application threads were stopped: 0.0040210 seconds, Stopping threads took: 0.0016090 seconds
163.701: Application time: 0.0300980 seconds
163.703: [GC163.703: [ParNew: 37567K->4159K(37568K), 0.0022990 secs] 676398K->644252K(758420K), 0.0023450 secs] [Times: user=0.02 sys=0.00, real=0.00 secs] 
163.705: Total time for which application threads were stopped: 0.0044150 seconds, Stopping threads took: 0.0019990 seconds
163.734: Application time: 0.0295150 seconds
163.737: [GC163.737: [ParNew: 37567K->4158K(37568K), 0.0026500 secs] 677660K->646352K(758420K), 0.0026980 secs] [Times: user=0.02 sys=0.00, real=0.00 secs] 
163.739: Total time for which application threads were stopped: 0.0048800 seconds, Stopping threads took: 0.0020940 seconds
163.770: Application time: 0.0308270 seconds
163.773: [GC163.773: [ParNew: 37565K->4158K(37568K), 0.0025370 secs] 679759K->648270K(758420K), 0.0025830 secs] [Times: user=0.02 sys=0.00, real=0.01 secs] 
163.776: Total time for which application threads were stopped: 0.0054470 seconds, Stopping threads took: 0.0027990 seconds
163.806: Application time: 0.0306500 seconds
163.809: [GC163.809: [ParNew: 37566K->4159K(37568K), 0.0025580 secs] 681678K->650238K(758420K), 0.0026030 secs] [Times: user=0.02 sys=0.00, real=0.00 secs] 
163.812: Total time for which application threads were stopped: 0.0053040 seconds, Stopping threads took: 0.0026350 seconds
 CMS: abort preclean due to time 163.814: [CMS-concurrent-abortable-preclean: 0.677/5.025 secs] [Times: user=37.68 sys=0.22, real=5.02 secs] 
163.815: Application time: 0.0029680 seconds
163.817: [GC[YG occupancy: 8358 K (37568 K)]163.817: [Rescan (parallel) , 0.0004760 secs]163.817: [weak refs processing, 0.0000070 secs]163.817: [scrub string table, 0.0001110 secs] [1 CMS-remark: 646079K(720852K)] 654437K(758420K), 0.0006220 secs] [Times: user=0.00 sys=0.00, real=0.00 secs] 
163.817: Total time for which application threads were stopped: 0.0028150 seconds, Stopping threads took: 0.0021420 seconds
163.817: [CMS-concurrent-sweep-start]
163.845: Application time: 0.0278260 seconds
163.848: [GC163.848: [ParNew: 37567K->4159K(37568K), 0.0030200 secs] 362501K->332860K(758420K), 0.0030670 secs] [Times: user=0.02 sys=0.00, real=0.00 secs] 
163.851: Total time for which application threads were stopped: 0.0057150 seconds, Stopping threads took: 0.0025830 seconds
163.857: [CMS-concurrent-sweep: 0.036/0.040 secs] [Times: user=0.27 sys=0.00, real=0.04 secs] 
163.857: [CMS-concurrent-reset-start]
163.860: [CMS-concurrent-reset: 0.003/0.003 secs] [Times: user=0.03 sys=0.00, real=0.00 secs] 
163.884: Application time: 0.0332100 seconds
163.886: [GC163.886: [ParNew: 37567K->4159K(37568K), 0.0028090 secs] 354971K->324401K(758420K), 0.0028540 secs] [Times: user=0.02 sys=0.00, real=0.01 secs] 
163.889: Total time for which application threads were stopped: 0.0044910 seconds, Stopping threads took: 0.0015710 seconds
163.889: Application time: 0.0001010 seconds
163.891: [GC [1 CMS-initial-mark: 320241K(720852K)] 325088K(758420K), 0.0001730 secs] [Times: user=0.00 sys=0.00, real=0.00 secs] 
163.892: Total time for which application threads were stopped: 0.0028370 seconds, Stopping threads took: 0.0026400 seconds
163.892: [CMS-concurrent-mark-start]
163.898: [CMS-concurrent-mark: 0.006/0.006 secs] [Times: user=0.04 sys=0.00, real=0.01 secs] 
163.898: [CMS-concurrent-preclean-start]
163.898: [CMS-concurrent-preclean: 0.001/0.001 secs] [Times: user=0.00 sys=0.00, real=0.00 secs] 
163.898: [CMS-concurrent-abortable-preclean-start]
163.922: Application time: 0.0306580 seconds
163.925: [GC163.925: [ParNew: 37567K->4159K(37568K), 0.0024540 secs] 357809K->326114K(758420K), 0.0024970 secs] [Times: user=0.02 sys=0.00, real=0.01 secs] 
163.928: Total time for which application threads were stopped: 0.0053620 seconds, Stopping threads took: 0.0027990 seconds
163.956: Application time: 0.0285930 seconds
163.958: [GC163.958: [ParNew: 37566K->4159K(37568K), 0.0029960 secs] 359521K->329612K(758420K), 0.0030410 secs] [Times: user=0.02 sys=0.00, real=0.00 secs] 
163.961: Total time for which application threads were stopped: 0.0047260 seconds, Stopping threads took: 0.0016190 seconds
163.990: Application time: 0.0292700 seconds
163.992: [GC163.992: [ParNew: 37567K->4159K(37568K), 0.0026340 secs] 363020K->332057K(758420K), 0.0026770 secs] [Times: user=0.01 sys=0.00, real=0.01 secs] 
163.995: Total time for which application threads were stopped: 0.0044520 seconds, Stopping threads took: 0.0017110 seconds
164.024: Application time: 0.0295780 seconds
164.026: [GC164.026: [ParNew: 37567K->4159K(37568K), 0.0023770 secs] 365465K->333441K(758420K), 0.0024180 secs] [Times: user=0.02 sys=0.00, real=0.01 secs] 
164.028: Total time for which application threads were stopped: 0.0039820 seconds, Stopping threads took: 0.0014980 seconds
164.058: Application time: 0.0299910 seconds
164.061: [GC164.061: [ParNew: 37567K->4159K(37568K), 0.0023090 secs] 366849K->334798K(758420K), 0.0023500 secs] [Times: user=0.01 sys=0.01, real=0.00 secs] 
164.063: Total time for which application threads were stopped: 0.0049730 seconds, Stopping threads took: 0.0025600 seconds
164.093: Application time: 0.0293540 seconds
164.095: [GC164.095: [ParNew: 37567K->4159K(37568K), 0.0024590 secs] 368206K->336399K(758420K), 0.0025000 secs] [Times: user=0.01 sys=0.00, real=0.00 secs] 
164.098: Total time for which application threads were stopped: 0.0050320 seconds, Stopping threads took: 0.0024530 seconds
164.125: Application time: 0.0277840 seconds
164.128: [GC164.128: [ParNew: 37567K->4158K(37568K), 0.0026900 secs] 369807K->338939K(758420K), 0.0027330 secs] [Times: user=0.02 sys=0.00, real=0.00 secs] 
164.131: Total time for which application threads were stopped: 0.0051990 seconds, Stopping threads took: 0.0023930 seconds
164.160: Application time: 0.0294450 seconds
164.163: [GC164.163: [ParNew: 37565K->4158K(37568K), 0.0027480 secs] 372346K->341804K(758420K), 0.0027890 secs] [Times: user=0.02 sys=0.00, real=0.00 secs] 
164.166: Total time for which application threads were stopped: 0.0056900 seconds, Stopping threads took: 0.0028340 seconds
164.194: Application time: 0.0282780 seconds
164.196: [GC164.196: [ParNew: 37566K->4158K(37568K), 0.0028950 secs] 375212K->345020K(758420K), 0.0029390 secs] [Times: user=0.02 sys=0.00, real=0.00 secs] 
164.199: Total time for which application threads were stopped: 0.0052040 seconds, Stopping threads took: 0.0022070 seconds
164.229: Application time: 0.0293910 seconds
164.230: [GC164.230: [ParNew: 37566K->4159K(37568K), 0.0026570 secs] 378428K->347545K(758420K), 0.0026990 secs] [Times: user=0.02 sys=0.00, real=0.00 secs] 
164.233: Total time for which application threads were stopped: 0.0040750 seconds, Stopping threads took: 0.0013120 seconds
164.261: Application time: 0.0288280 seconds
164.263: [GC164.263: [ParNew: 37567K->4159K(37568K), 0.0026190 secs] 380953K->349946K(758420K), 0.0026620 secs] [Times: user=0.02 sys=0.00, real=0.00 secs] 
164.266: Total time for which application threads were stopped: 0.0041680 seconds, Stopping threads took: 0.0014410 seconds
164.295: Application time: 0.0293850 seconds
164.296: [GC164.296: [ParNew: 37567K->4159K(37568K), 0.0029570 secs] 383354K->353268K(758420K), 0.0030040 secs] [Times: user=0.02 sys=0.00, real=0.00 secs] 
164.299: Total time for which application threads were stopped: 0.0041910 seconds, Stopping threads took: 0.0011270 seconds
164.329: Application time: 0.0298800 seconds
164.331: [GC164.331: [ParNew: 37567K->4158K(37568K), 0.0024240 secs] 386676K->355055K(758420K), 0.0024670 secs] [Times: user=0.02 sys=0.00, real=0.00 secs] 
164.333: Total time for which application threads were stopped: 0.0040680 seconds, Stopping threads took: 0.0015330 seconds
164.362: Application time: 0.0289480 seconds
164.364: [GC164.364: [ParNew: 37566K->4158K(37568K), 0.0024560 secs] 388463K->356776K(758420K), 0.0024990 secs] [Times: user=0.02 sys=0.00, real=0.00 secs] 
164.366: Total time for which application threads were stopped: 0.0039190 seconds, Stopping threads took: 0.0013550 seconds
164.395: Application time: 0.0288900 seconds
164.397: [GC164.397: [ParNew: 37566K->4159K(37568K), 0.0023290 secs] 390184K->358429K(758420K), 0.0023710 secs] [Times: user=0.02 sys=0.00, real=0.00 secs] 
164.400: Total time for which application threads were stopped: 0.0046720 seconds, Stopping threads took: 0.0022380 seconds
164.428: Application time: 0.0285280 seconds
164.430: [GC164.430: [ParNew: 37567K->4158K(37568K), 0.0021490 secs] 391837K->359356K(758420K), 0.0021910 secs] [Times: user=0.01 sys=0.00, real=0.00 secs] 
164.432: Total time for which application threads were stopped: 0.0037020 seconds, Stopping threads took: 0.0014460 seconds
164.461: Application time: 0.0295560 seconds
164.464: [GC164.464: [ParNew: 37566K->4159K(37568K), 0.0023520 secs] 392764K->361081K(758420K), 0.0024020 secs] [Times: user=0.02 sys=0.00, real=0.00 secs] 
164.466: Total time for which application threads were stopped: 0.0048420 seconds, Stopping threads took: 0.0023740 seconds
164.496: Application time: 0.0294830 seconds
164.498: [GC164.498: [ParNew: 37565K->4159K(37568K), 0.0021420 secs] 394487K->361794K(758420K), 0.0021850 secs] [Times: user=0.02 sys=0.00, real=0.00 secs] 
164.500: Total time for which application threads were stopped: 0.0043190 seconds, Stopping threads took: 0.0020700 seconds
164.530: Application time: 0.0297940 seconds
164.532: [GC164.532: [ParNew: 37565K->4158K(37568K), 0.0021630 secs] 395200K->362921K(758420K), 0.0022070 secs] [Times: user=0.01 sys=0.00, real=0.00 secs] 
164.534: Total time for which application threads were stopped: 0.0044600 seconds, Stopping threads took: 0.0021870 seconds
164.564: Application time: 0.0301390 seconds
164.567: [GC164.567: [ParNew: 37566K->4158K(37568K), 0.0020510 secs] 396329K->363563K(758420K), 0.0020940 secs] [Times: user=0.01 sys=0.00, real=0.01 secs] 
164.569: Total time for which application threads were stopped: 0.0041770 seconds, Stopping threads took: 0.0020180 seconds
164.598: Application time: 0.0289970 seconds
164.600: [GC164.600: [ParNew: 37566K->4159K(37568K), 0.0026870 secs] 396971K->366105K(758420K), 0.0027290 secs] [Times: user=0.02 sys=0.00, real=0.00 secs] 
164.603: Total time for which application threads were stopped: 0.0053190 seconds, Stopping threads took: 0.0025270 seconds
164.632: Application time: 0.0292000 seconds
164.635: [GC164.635: [ParNew: 37567K->4158K(37568K), 0.0041590 secs] 399513K->368453K(758420K), 0.0042090 secs] [Times: user=0.02 sys=0.00, real=0.00 secs] 
164.639: Total time for which application threads were stopped: 0.0069590 seconds, Stopping threads took: 0.0026740 seconds
164.669: Application time: 0.0295100 seconds
164.670: [GC164.670: [ParNew: 37566K->4159K(37568K), 0.0023160 secs] 401861K->369838K(758420K), 0.0023610 secs] [Times: user=0.01 sys=0.01, real=0.00 secs] 
164.673: Total time for which application threads were stopped: 0.0041180 seconds, Stopping threads took: 0.0016910 seconds
164.704: Application time: 0.0315130 seconds
164.706: [GC164.706: [ParNew: 37567K->3496K(37568K), 0.0016880 secs] 403246K->369175K(758420K), 0.0017290 secs] [Times: user=0.01 sys=0.00, real=0.01 secs] 
164.708: Total time for which application threads were stopped: 0.0034120 seconds, Stopping threads took: 0.0016200 seconds
164.738: Application time: 0.0299980 seconds
164.740: [GC164.740: [ParNew: 36904K->4158K(37568K), 0.0021460 secs] 402583K->370654K(758420K), 0.0021880 secs] [Times: user=0.01 sys=0.00, real=0.00 secs] 
164.742: Total time for which application threads were stopped: 0.0046770 seconds, Stopping threads took: 0.0024240 seconds
164.773: Application time: 0.0304660 seconds
164.775: [GC164.775: [ParNew: 37566K->4158K(37568K), 0.0021260 secs] 404062K->370819K(758420K), 0.0021650 secs] [Times: user=0.02 sys=0.00, real=0.00 secs] 
164.777: Total time for which application threads were stopped: 0.0042350 seconds, Stopping threads took: 0.0020050 seconds
164.806: Application time: 0.0287440 seconds
164.808: [GC164.808: [ParNew: 37566K->4159K(37568K), 0.0025430 secs] 404227K->372838K(758420K), 0.0025880 secs] [Times: user=0.02 sys=0.00, real=0.00 secs] 
164.811: Total time for which application threads were stopped: 0.0047020 seconds, Stopping threads took: 0.0020480 seconds
164.840: Application time: 0.0293720 seconds
164.842: [GC164.843: [ParNew: 37567K->4158K(37568K), 0.0025990 secs] 406246K->375090K(758420K), 0.0026440 secs] [Times: user=0.01 sys=0.01, real=0.00 secs] 
164.845: Total time for which application threads were stopped: 0.0052580 seconds, Stopping threads took: 0.0025470 seconds
164.872: Application time: 0.0268670 seconds
164.874: [GC164.874: [ParNew: 37566K->4158K(37568K), 0.0030530 secs] 408498K->378843K(758420K), 0.0031060 secs] [Times: user=0.02 sys=0.00, real=0.01 secs] 
164.877: Total time for which application threads were stopped: 0.0054250 seconds, Stopping threads took: 0.0022530 seconds
164.910: Application time: 0.0325650 seconds
164.912: [GC164.912: [ParNew: 37564K->4158K(37568K), 0.0024530 secs] 412249K->380787K(758420K), 0.0024980 secs] [Times: user=0.02 sys=0.00, real=0.01 secs] 
164.915: Total time for which application threads were stopped: 0.0048800 seconds, Stopping threads took: 0.0023170 seconds
164.942: Application time: 0.0272970 seconds
164.944: [GC164.944: [ParNew: 37566K->4158K(37568K), 0.0029210 secs] 414195K->383975K(758420K), 0.0029660 secs] [Times: user=0.02 sys=0.00, real=0.01 secs] 
164.947: Total time for which application threads were stopped: 0.0047230 seconds, Stopping threads took: 0.0016900 seconds
164.977: Application time: 0.0300670 seconds
164.980: [GC164.980: [ParNew: 37564K->4159K(37568K), 0.0022190 secs] 417381K->384921K(758420K), 0.0022630 secs] [Times: user=0.02 sys=0.00, real=0.00 secs] 
164.982: Total time for which application threads were stopped: 0.0051220 seconds, Stopping threads took: 0.0027930 seconds
165.012: Application time: 0.0295020 seconds
165.014: [GC165.014: [ParNew: 37567K->4159K(37568K), 0.0024390 secs] 418329K->386801K(758420K), 0.0024840 secs] [Times: user=0.01 sys=0.00, real=0.01 secs] 
165.016: Total time for which application threads were stopped: 0.0046440 seconds, Stopping threads took: 0.0020950 seconds
165.045: Application time: 0.0288160 seconds
165.047: [GC165.047: [ParNew: 37567K->4158K(37568K), 0.0027790 secs] 420209K->389692K(758420K), 0.0028250 secs] [Times: user=0.02 sys=0.00, real=0.00 secs] 
165.050: Total time for which application threads were stopped: 0.0047700 seconds, Stopping threads took: 0.0018790 seconds
165.080: Application time: 0.0303140 seconds
165.083: [GC165.083: [ParNew: 37566K->4158K(37568K), 0.0022530 secs] 423100K->390984K(758420K), 0.0022970 secs] [Times: user=0.01 sys=0.00, real=0.00 secs] 
165.085: Total time for which application threads were stopped: 0.0046930 seconds, Stopping threads took: 0.0023300 seconds
165.115: Application time: 0.0296790 seconds
165.117: [GC165.117: [ParNew: 37566K->4159K(37568K), 0.0029910 secs] 424392K->394649K(758420K), 0.0030330 secs] [Times: user=0.02 sys=0.00, real=0.00 secs] 
165.120: Total time for which application threads were stopped: 0.0050290 seconds, Stopping threads took: 0.0019320 seconds
165.148: Application time: 0.0286090 seconds
165.150: [GC165.150: [ParNew: 37567K->4158K(37568K), 0.0028440 secs] 428057K->397686K(758420K), 0.0028880 secs] [Times: user=0.02 sys=0.00, real=0.00 secs] 
165.153: Total time for which application threads were stopped: 0.0044410 seconds, Stopping threads took: 0.0014870 seconds
165.182: Application time: 0.0294790 seconds
165.183: [GC165.183: [ParNew: 37566K->4159K(37568K), 0.0026450 secs] 431094K->400008K(758420K), 0.0026890 secs] [Times: user=0.02 sys=0.00, real=0.00 secs] 
165.186: Total time for which application threads were stopped: 0.0040210 seconds, Stopping threads took: 0.0012670 seconds
165.215: Application time: 0.0291820 seconds
165.217: [GC165.217: [ParNew: 37567K->4158K(37568K), 0.0022690 secs] 433416K->401289K(758420K), 0.0023120 secs] [Times: user=0.01 sys=0.00, real=0.00 secs] 
165.219: Total time for which application threads were stopped: 0.0038560 seconds, Stopping threads took: 0.0014790 seconds
165.250: Application time: 0.0303180 seconds
165.252: [GC165.252: [ParNew: 37566K->4159K(37568K), 0.0026920 secs] 434697K->403895K(758420K), 0.0027330 secs] [Times: user=0.02 sys=0.00, real=0.00 secs] 
165.254: Total time for which application threads were stopped: 0.0049510 seconds, Stopping threads took: 0.0021580 seconds
165.283: Application time: 0.0286420 seconds
165.285: [GC165.285: [ParNew: 37567K->4158K(37568K), 0.0027660 secs] 437303K->406789K(758420K), 0.0028110 secs] [Times: user=0.02 sys=0.00, real=0.01 secs] 
165.288: Total time for which application threads were stopped: 0.0045170 seconds, Stopping threads took: 0.0016400 seconds
165.316: Application time: 0.0286750 seconds
165.318: [GC165.318: [ParNew: 37566K->4158K(37568K), 0.0030670 secs] 440197K->410610K(758420K), 0.0031200 secs] [Times: user=0.02 sys=0.00, real=0.00 secs] 
165.321: Total time for which application threads were stopped: 0.0049840 seconds, Stopping threads took: 0.0017970 seconds
165.352: Application time: 0.0304550 seconds
165.355: [GC165.355: [ParNew: 37566K->4159K(37568K), 0.0026850 secs] 444018K->413167K(758420K), 0.0027290 secs] [Times: user=0.02 sys=0.00, real=0.00 secs] 
165.358: Total time for which application threads were stopped: 0.0058950 seconds, Stopping threads took: 0.0031000 seconds
165.389: Application time: 0.0310440 seconds
165.390: [GC165.390: [ParNew: 37567K->4158K(37568K), 0.0023780 secs] 446575K->414677K(758420K), 0.0024200 secs] [Times: user=0.02 sys=0.00, real=0.00 secs] 
165.392: Total time for which application threads were stopped: 0.0037710 seconds, Stopping threads took: 0.0012860 seconds
165.423: Application time: 0.0302280 seconds
165.426: [GC165.426: [ParNew: 37566K->4159K(37568K), 0.0024350 secs] 448085K->416574K(758420K), 0.0024780 secs] [Times: user=0.02 sys=0.00, real=0.01 secs] 
165.428: Total time for which application threads were stopped: 0.0053660 seconds, Stopping threads took: 0.0028230 seconds
165.457: Application time: 0.0294240 seconds
165.460: [GC165.460: [ParNew: 37567K->4159K(37568K), 0.0028640 secs] 449982K->419783K(758420K), 0.0029080 secs] [Times: user=0.01 sys=0.01, real=0.00 secs] 
165.463: Total time for which application threads were stopped: 0.0058790 seconds, Stopping threads took: 0.0029020 seconds
165.495: Application time: 0.0320150 seconds
165.498: [GC165.498: [ParNew: 37567K->4158K(37568K), 0.0024530 secs] 453191K->421714K(758420K), 0.0024980 secs] [Times: user=0.02 sys=0.00, real=0.00 secs] 
165.500: Total time for which application threads were stopped: 0.0047140 seconds, Stopping threads took: 0.0021470 seconds
165.532: Application time: 0.0317040 seconds
165.534: [GC165.534: [ParNew: 37566K->4158K(37568K), 0.0021650 secs] 455122K->422632K(758420K), 0.0022070 secs] [Times: user=0.01 sys=0.00, real=0.01 secs] 
165.536: Total time for which application threads were stopped: 0.0046480 seconds, Stopping threads took: 0.0023730 seconds
165.567: Application time: 0.0307320 seconds
165.568: [GC165.568: [ParNew: 37565K->4159K(37568K), 0.0024570 secs] 456039K->424544K(758420K), 0.0025040 secs] [Times: user=0.02 sys=0.00, real=0.00 secs] 
165.571: Total time for which application threads were stopped: 0.0036300 seconds, Stopping threads took: 0.0010560 seconds
165.602: Application time: 0.0315410 seconds
165.604: [GC165.604: [ParNew: 37567K->4158K(37568K), 0.0023910 secs] 457952K->426386K(758420K), 0.0024370 secs] [Times: user=0.01 sys=0.00, real=0.01 secs] 
165.607: Total time for which application threads were stopped: 0.0045810 seconds, Stopping threads took: 0.0020790 seconds
165.639: Application time: 0.0320760 seconds
165.641: [GC165.642: [ParNew: 37566K->4158K(37568K), 0.0026810 secs] 459794K->429146K(758420K), 0.0027250 secs] [Times: user=0.02 sys=0.00, real=0.00 secs] 
165.644: Total time for which application threads were stopped: 0.0052130 seconds, Stopping threads took: 0.0024210 seconds
165.675: Application time: 0.0303870 seconds
165.677: [GC165.677: [ParNew: 37566K->4158K(37568K), 0.0027100 secs] 462554K->431897K(758420K), 0.0027540 secs] [Times: user=0.02 sys=0.00, real=0.00 secs] 
165.680: Total time for which application threads were stopped: 0.0053170 seconds, Stopping threads took: 0.0024880 seconds
165.711: Application time: 0.0314140 seconds
165.713: [GC165.713: [ParNew: 37566K->4159K(37568K), 0.0027140 secs] 465305K->434520K(758420K), 0.0027570 secs] [Times: user=0.02 sys=0.00, real=0.01 secs] 
165.716: Total time for which application threads were stopped: 0.0047660 seconds, Stopping threads took: 0.0019410 seconds
165.746: Application time: 0.0298040 seconds
165.749: [GC165.749: [ParNew: 37566K->4158K(37568K), 0.0026020 secs] 467927K->436968K(758420K), 0.0026460 secs] [Times: user=0.02 sys=0.00, real=0.00 secs] 
165.751: Total time for which application threads were stopped: 0.0054220 seconds, Stopping threads took: 0.0027000 seconds
165.782: Application time: 0.0310940 seconds
165.784: [GC165.784: [ParNew: 37566K->4159K(37568K), 0.0026260 secs] 470376K->439317K(758420K), 0.0026710 secs] [Times: user=0.01 sys=0.00, real=0.00 secs] 
165.787: Total time for which application threads were stopped: 0.0040570 seconds, Stopping threads took: 0.0013210 seconds
165.818: Application time: 0.0318190 seconds
165.821: [GC165.821: [ParNew: 37567K->4158K(37568K), 0.0025970 secs] 472725K->441460K(758420K), 0.0026420 secs] [Times: user=0.02 sys=0.00, real=0.00 secs] 
165.824: Total time for which application threads were stopped: 0.0053220 seconds, Stopping threads took: 0.0026120 seconds
165.854: Application time: 0.0301920 seconds
165.856: [GC165.856: [ParNew: 37566K->4158K(37568K), 0.0028240 secs] 474868K->444457K(758420K), 0.0028700 secs] [Times: user=0.02 sys=0.00, real=0.00 secs] 
165.859: Total time for which application threads were stopped: 0.0050340 seconds, Stopping threads took: 0.0020970 seconds
165.890: Application time: 0.0314510 seconds
165.894: [GC165.894: [ParNew: 37566K->4159K(37568K), 0.0024740 secs] 477865K->446419K(758420K), 0.0025190 secs] [Times: user=0.02 sys=0.00, real=0.01 secs] 
165.896: Total time for which application threads were stopped: 0.0057180 seconds, Stopping threads took: 0.0031330 seconds
165.928: Application time: 0.0317860 seconds
165.930: [GC165.930: [ParNew: 37567K->4158K(37568K), 0.0027450 secs] 479827K->449169K(758420K), 0.0027900 secs] [Times: user=0.02 sys=0.00, real=0.00 secs] 
165.933: Total time for which application threads were stopped: 0.0053850 seconds, Stopping threads took: 0.0025270 seconds
165.963: Application time: 0.0302560 seconds
165.965: [GC165.965: [ParNew: 37564K->4159K(37568K), 0.0030880 secs] 482575K->452902K(758420K), 0.0031310 secs] [Times: user=0.02 sys=0.00, real=0.01 secs] 
165.969: Total time for which application threads were stopped: 0.0050320 seconds, Stopping threads took: 0.0018350 seconds
166.000: Application time: 0.0313110 seconds
166.002: [GC166.002: [ParNew: 37567K->4159K(37568K), 0.0024570 secs] 486310K->454528K(758420K), 0.0024990 secs] [Times: user=0.02 sys=0.00, real=0.00 secs] 
166.005: Total time for which application threads were stopped: 0.0047740 seconds, Stopping threads took: 0.0022160 seconds
166.036: Application time: 0.0315400 seconds
166.037: [GC166.037: [ParNew: 37567K->4158K(37568K), 0.0024280 secs] 487936K->456130K(758420K), 0.0024740 secs] [Times: user=0.01 sys=0.00, real=0.00 secs] 
166.040: Total time for which application threads were stopped: 0.0036340 seconds, Stopping threads took: 0.0010920 seconds
166.072: Application time: 0.0321870 seconds
166.074: [GC166.074: [ParNew: 37566K->4158K(37568K), 0.0024330 secs] 489538K->457652K(758420K), 0.0024800 secs] [Times: user=0.02 sys=0.00, real=0.01 secs] 
166.076: Total time for which application threads were stopped: 0.0045170 seconds, Stopping threads took: 0.0019700 seconds
166.108: Application time: 0.0310480 seconds
166.110: [GC166.110: [ParNew: 37566K->4158K(37568K), 0.0025230 secs] 491060K->459597K(758420K), 0.0025660 secs] [Times: user=0.02 sys=0.00, real=0.00 secs] 
166.112: Total time for which application threads were stopped: 0.0045960 seconds, Stopping threads took: 0.0019640 seconds
166.143: Application time: 0.0308400 seconds
166.145: [GC166.145: [ParNew: 37566K->4159K(37568K), 0.0026050 secs] 493005K->461961K(758420K), 0.0026530 secs] [Times: user=0.02 sys=0.00, real=0.01 secs] 
166.148: Total time for which application threads were stopped: 0.0045920 seconds, Stopping threads took: 0.0018700 seconds
166.179: Application time: 0.0310000 seconds
166.181: [GC166.181: [ParNew: 37565K->4159K(37568K), 0.0023410 secs] 495367K->463296K(758420K), 0.0023830 secs] [Times: user=0.02 sys=0.00, real=0.00 secs] 
166.184: Total time for which application threads were stopped: 0.0051370 seconds, Stopping threads took: 0.0026800 seconds
166.214: Application time: 0.0307140 seconds
166.216: [GC166.216: [ParNew: 37567K->4159K(37568K), 0.0025810 secs] 496704K->465495K(758420K), 0.0026320 secs] [Times: user=0.02 sys=0.00, real=0.00 secs] 
166.219: Total time for which application threads were stopped: 0.0040550 seconds, Stopping threads took: 0.0013570 seconds
166.251: Application time: 0.0328250 seconds
166.254: [GC166.254: [ParNew: 37567K->4159K(37568K), 0.0025470 secs] 498903K->467622K(758420K), 0.0025920 secs] [Times: user=0.02 sys=0.00, real=0.01 secs] 
166.257: Total time for which application threads were stopped: 0.0057310 seconds, Stopping threads took: 0.0030780 seconds
166.289: Application time: 0.0320930 seconds
166.290: [GC166.290: [ParNew: 37567K->4158K(37568K), 0.0026650 secs] 501030K->470167K(758420K), 0.0027130 secs] [Times: user=0.02 sys=0.00, real=0.00 secs] 
166.293: Total time for which application threads were stopped: 0.0039730 seconds, Stopping threads took: 0.0011920 seconds
166.325: Application time: 0.0315890 seconds
166.326: [GC166.326: [ParNew: 37566K->4159K(37568K), 0.0024620 secs] 503575K->471995K(758420K), 0.0025050 secs] [Times: user=0.02 sys=0.00, real=0.01 secs] 
166.328: Total time for which application threads were stopped: 0.0036280 seconds, Stopping threads took: 0.0010570 seconds
166.359: Application time: 0.0308920 seconds
166.361: [GC166.361: [ParNew: 37567K->4158K(37568K), 0.0027190 secs] 505403K->474607K(758420K), 0.0027630 secs] [Times: user=0.02 sys=0.00, real=0.00 secs] 
166.364: Total time for which application threads were stopped: 0.0045420 seconds, Stopping threads took: 0.0017130 seconds
166.395: Application time: 0.0310880 seconds
166.398: [GC166.398: [ParNew: 37566K->4158K(37568K), 0.0029550 secs] 508015K->477939K(758420K), 0.0030020 secs] [Times: user=0.02 sys=0.00, real=0.00 secs] 
166.401: Total time for which application threads were stopped: 0.0057020 seconds, Stopping threads took: 0.0026310 seconds
166.432: Application time: 0.0312790 seconds
166.434: [GC166.434: [ParNew: 37565K->4159K(37568K), 0.0021740 secs] 511346K->478861K(758420K), 0.0022170 secs] [Times: user=0.01 sys=0.00, real=0.01 secs] 
166.436: Total time for which application threads were stopped: 0.0040510 seconds, Stopping threads took: 0.0017670 seconds
166.467: Application time: 0.0308910 seconds
166.469: [GC166.469: [ParNew: 37565K->4159K(37568K), 0.0029410 secs] 512267K->482062K(758420K), 0.0029890 secs] [Times: user=0.02 sys=0.00, real=0.00 secs] 
166.472: Total time for which application threads were stopped: 0.0048110 seconds, Stopping threads took: 0.0017520 seconds
166.503: Application time: 0.0317590 seconds
166.506: [GC166.506: [ParNew: 37567K->4158K(37568K), 0.0025320 secs] 515470K->484208K(758420K), 0.0025760 secs] [Times: user=0.02 sys=0.00, real=0.01 secs] 
166.508: Total time for which application threads were stopped: 0.0049840 seconds, Stopping threads took: 0.0023430 seconds
166.539: Application time: 0.0307780 seconds
166.542: [GC166.542: [ParNew: 37566K->4159K(37568K), 0.0025660 secs] 517616K->486363K(758420K), 0.0026120 secs] [Times: user=0.02 sys=0.00, real=0.00 secs] 
166.544: Total time for which application threads were stopped: 0.0051780 seconds, Stopping threads took: 0.0024990 seconds
166.576: Application time: 0.0316890 seconds
166.579: [GC166.579: [ParNew: 37566K->4158K(37568K), 0.0023700 secs] 519770K->487876K(758420K), 0.0024140 secs] [Times: user=0.02 sys=0.00, real=0.00 secs] 
166.581: Total time for which application threads were stopped: 0.0054430 seconds, Stopping threads took: 0.0029600 seconds
166.613: Application time: 0.0318640 seconds
166.616: [GC166.616: [ParNew: 37565K->4159K(37568K), 0.0023260 secs] 521282K->489237K(758420K), 0.0023690 secs] [Times: user=0.01 sys=0.00, real=0.00 secs] 
166.618: Total time for which application threads were stopped: 0.0046370 seconds, Stopping threads took: 0.0022000 seconds
166.651: Application time: 0.0326540 seconds
166.653: [GC166.653: [ParNew: 37567K->4158K(37568K), 0.0024710 secs] 522645K->490995K(758420K), 0.0025210 secs] [Times: user=0.02 sys=0.00, real=0.01 secs] 
166.656: Total time for which application threads were stopped: 0.0049910 seconds, Stopping threads took: 0.0023780 seconds
166.687: Application time: 0.0310580 seconds
166.689: [GC166.689: [ParNew: 37566K->4159K(37568K), 0.0027300 secs] 524403K->493675K(758420K), 0.0027730 secs] [Times: user=0.01 sys=0.01, real=0.00 secs] 
166.691: Total time for which application threads were stopped: 0.0046360 seconds, Stopping threads took: 0.0017910 seconds
166.721: Application time: 0.0301040 seconds
166.723: [GC166.723: [ParNew: 37567K->4158K(37568K), 0.0030090 secs] 527083K->497276K(758420K), 0.0030560 secs] [Times: user=0.02 sys=0.00, real=0.00 secs] 
166.727: Total time for which application threads were stopped: 0.0051190 seconds, Stopping threads took: 0.0019950 seconds
166.758: Application time: 0.0316820 seconds
166.760: [GC166.760: [ParNew: 37566K->4158K(37568K), 0.0023190 secs] 530683K->498697K(758420K), 0.0023610 secs] [Times: user=0.01 sys=0.00, real=0.00 secs] 
166.762: Total time for which application threads were stopped: 0.0039730 seconds, Stopping threads took: 0.0015440 seconds
166.794: Application time: 0.0320540 seconds
166.796: [GC166.796: [ParNew: 37566K->4158K(37568K), 0.0022040 secs] 532105K->499512K(758420K), 0.0022440 secs] [Times: user=0.02 sys=0.00, real=0.00 secs] 
166.798: Total time for which application threads were stopped: 0.0040050 seconds, Stopping threads took: 0.0016960 seconds
166.829: Application time: 0.0309150 seconds
166.832: [GC166.832: [ParNew: 37566K->4159K(37568K), 0.0029810 secs] 532920K->502768K(758420K), 0.0030260 secs] [Times: user=0.02 sys=0.00, real=0.01 secs] 
166.835: Total time for which application threads were stopped: 0.0060480 seconds, Stopping threads took: 0.0029340 seconds
166.867: Application time: 0.0314750 seconds
166.868: [GC166.868: [ParNew: 37567K->4158K(37568K), 0.0025660 secs] 536176K->504852K(758420K), 0.0026120 secs] [Times: user=0.01 sys=0.00, real=0.00 secs] 
166.871: Total time for which application threads were stopped: 0.0041940 seconds, Stopping threads took: 0.0015170 seconds
166.902: Application time: 0.0309250 seconds
166.904: [GC166.904: [ParNew: 37566K->4159K(37568K), 0.0027820 secs] 538260K->507722K(758420K), 0.0028260 secs] [Times: user=0.02 sys=0.00, real=0.01 secs] 
166.907: Total time for which application threads were stopped: 0.0052940 seconds, Stopping threads took: 0.0024090 seconds
166.939: Application time: 0.0322660 seconds
166.941: [GC166.941: [ParNew: 37567K->4159K(37568K), 0.0021140 secs] 541130K->508457K(758420K), 0.0021600 secs] [Times: user=0.01 sys=0.00, real=0.00 secs] 
166.943: Total time for which application threads were stopped: 0.0039540 seconds, Stopping threads took: 0.0017250 seconds
166.973: Application time: 0.0301010 seconds
166.975: [GC166.976: [ParNew: 37567K->4159K(37568K), 0.0029860 secs] 541865K->511944K(758420K), 0.0030310 secs] [Times: user=0.02 sys=0.00, real=0.00 secs] 
166.979: Total time for which application threads were stopped: 0.0051010 seconds, Stopping threads took: 0.0020020 seconds
167.010: Application time: 0.0314880 seconds
167.012: [GC167.012: [ParNew: 37567K->4159K(37568K), 0.0030340 secs] 545352K->515525K(758420K), 0.0030790 secs] [Times: user=0.02 sys=0.00, real=0.01 secs] 
167.015: Total time for which application threads were stopped: 0.0054040 seconds, Stopping threads took: 0.0022550 seconds
167.046: Application time: 0.0308340 seconds
167.048: [GC167.048: [ParNew: 37567K->4159K(37568K), 0.0029940 secs] 548933K->518927K(758420K), 0.0030410 secs] [Times: user=0.03 sys=0.00, real=0.00 secs] 
167.051: Total time for which application threads were stopped: 0.0051180 seconds, Stopping threads took: 0.0020110 seconds
167.082: Application time: 0.0306550 seconds
167.084: [GC167.084: [ParNew: 37567K->4158K(37568K), 0.0023670 secs] 552335K->520330K(758420K), 0.0024110 secs] [Times: user=0.01 sys=0.00, real=0.00 secs] 
167.086: Total time for which application threads were stopped: 0.0043840 seconds, Stopping threads took: 0.0019060 seconds
167.118: Application time: 0.0317650 seconds
167.120: [GC167.120: [ParNew: 37566K->4158K(37568K), 0.0025020 secs] 553738K->522475K(758420K), 0.0025540 secs] [Times: user=0.01 sys=0.00, real=0.00 secs] 
167.123: Total time for which application threads were stopped: 0.0043740 seconds, Stopping threads took: 0.0017450 seconds
167.155: Application time: 0.0320030 seconds
167.158: [GC167.158: [ParNew: 37566K->4158K(37568K), 0.0024850 secs] 555883K->524418K(758420K), 0.0025300 secs] [Times: user=0.02 sys=0.00, real=0.00 secs] 
167.160: Total time for which application threads were stopped: 0.0055390 seconds, Stopping threads took: 0.0029430 seconds
167.190: Application time: 0.0297180 seconds
167.192: [GC167.192: [ParNew: 37566K->4158K(37568K), 0.0029450 secs] 557826K->527693K(758420K), 0.0029910 secs] [Times: user=0.02 sys=0.00, real=0.01 secs] 
167.195: Total time for which application threads were stopped: 0.0053620 seconds, Stopping threads took: 0.0022960 seconds
167.227: Application time: 0.0320600 seconds
167.230: [GC167.230: [ParNew: 37566K->4158K(37568K), 0.0030280 secs] 561101K->531286K(758420K), 0.0030730 secs] [Times: user=0.02 sys=0.00, real=0.00 secs] 
167.233: Total time for which application threads were stopped: 0.0054750 seconds, Stopping threads took: 0.0023350 seconds
167.264: Application time: 0.0310760 seconds
167.266: [GC167.266: [ParNew: 37566K->4158K(37568K), 0.0029890 secs] 564694K->534694K(758420K), 0.0030330 secs] [Times: user=0.02 sys=0.00, real=0.01 secs] 
167.269: Total time for which application threads were stopped: 0.0049660 seconds, Stopping threads took: 0.0018670 seconds
167.299: Application time: 0.0299230 seconds
167.301: [GC167.301: [ParNew: 37566K->4159K(37568K), 0.0029800 secs] 568102K->537879K(758420K), 0.0030240 secs] [Times: user=0.03 sys=0.00, real=0.00 secs] 
167.304: Total time for which application threads were stopped: 0.0049430 seconds, Stopping threads took: 0.0018520 seconds
167.335: Application time: 0.0311740 seconds
167.337: [GC167.337: [ParNew: 37567K->4159K(37568K), 0.0028630 secs] 571287K->540913K(758420K), 0.0029060 secs] [Times: user=0.02 sys=0.00, real=0.00 secs] 
167.340: Total time for which application threads were stopped: 0.0048160 seconds, Stopping threads took: 0.0018450 seconds
167.371: Application time: 0.0317610 seconds
167.373: [GC167.373: [ParNew: 37567K->4158K(37568K), 0.0025660 secs] 574321K->542854K(758420K), 0.0026110 secs] [Times: user=0.02 sys=0.00, real=0.01 secs] 
167.376: Total time for which application threads were stopped: 0.0044310 seconds, Stopping threads took: 0.0017540 seconds
167.406: Application time: 0.0306170 seconds
167.409: [GC167.409: [ParNew: 37566K->4158K(37568K), 0.0025470 secs] 576262K->544791K(758420K), 0.0025920 secs] [Times: user=0.02 sys=0.00, real=0.00 secs] 
167.411: Total time for which application threads were stopped: 0.0049540 seconds, Stopping threads took: 0.0022960 seconds
167.443: Application time: 0.0318570 seconds
167.444: [GC167.444: [ParNew: 37566K->4159K(37568K), 0.0027570 secs] 578199K->547454K(758420K), 0.0028020 secs] [Times: user=0.02 sys=0.00, real=0.01 secs] 
167.447: Total time for which application threads were stopped: 0.0036710 seconds, Stopping threads took: 0.0008020 seconds
167.479: Application time: 0.0322470 seconds
167.481: [GC167.481: [ParNew: 37566K->4159K(37568K), 0.0023770 secs] 580861K->549089K(758420K), 0.0024200 secs] [Times: user=0.02 sys=0.00, real=0.00 secs] 
167.484: Total time for which application threads were stopped: 0.0044820 seconds, Stopping threads took: 0.0019950 seconds
167.515: Application time: 0.0311450 seconds
167.516: [GC167.516: [ParNew: 37567K->4159K(37568K), 0.0030310 secs] 582497K->552560K(758420K), 0.0030770 secs] [Times: user=0.01 sys=0.00, real=0.00 secs] 
167.519: Total time for which application threads were stopped: 0.0042820 seconds, Stopping threads took: 0.0011360 seconds
167.551: Application time: 0.0320810 seconds
167.553: [GC167.553: [ParNew: 37567K->4158K(37568K), 0.0025830 secs] 585968K->554889K(758420K), 0.0026250 secs] [Times: user=0.02 sys=0.00, real=0.01 secs] 
167.556: Total time for which application threads were stopped: 0.0048630 seconds, Stopping threads took: 0.0021730 seconds
167.587: Application time: 0.0309930 seconds
167.588: [GC167.588: [ParNew: 37566K->4158K(37568K), 0.0026290 secs] 588297K->557083K(758420K), 0.0026820 secs] [Times: user=0.02 sys=0.00, real=0.00 secs] 
167.591: Total time for which application threads were stopped: 0.0039080 seconds, Stopping threads took: 0.0011580 seconds
167.623: Application time: 0.0316680 seconds
167.625: [GC167.625: [ParNew: 37566K->4159K(37568K), 0.0025440 secs] 590491K->559236K(758420K), 0.0025880 secs] [Times: user=0.02 sys=0.00, real=0.01 secs] 
167.628: Total time for which application threads were stopped: 0.0049270 seconds, Stopping threads took: 0.0022690 seconds
167.659: Application time: 0.0315410 seconds
167.660: [GC167.660: [ParNew: 37567K->4159K(37568K), 0.0024000 secs] 592644K->560758K(758420K), 0.0024430 secs] [Times: user=0.02 sys=0.00, real=0.00 secs] 
167.663: Total time for which application threads were stopped: 0.0035440 seconds, Stopping threads took: 0.0010350 seconds
167.696: Application time: 0.0330490 seconds
167.697: [GC167.697: [ParNew: 37567K->4159K(37568K), 0.0022380 secs] 594165K->561778K(758420K), 0.0022820 secs] [Times: user=0.02 sys=0.00, real=0.00 secs] 
167.699: Total time for which application threads were stopped: 0.0034930 seconds, Stopping threads took: 0.0011360 seconds
167.731: Application time: 0.0319880 seconds
167.733: [GC167.733: [ParNew: 37567K->4158K(37568K), 0.0027600 secs] 595186K->564550K(758420K), 0.0028060 secs] [Times: user=0.02 sys=0.00, real=0.01 secs] 
167.736: Total time for which application threads were stopped: 0.0047020 seconds, Stopping threads took: 0.0018280 seconds
167.768: Application time: 0.0318460 seconds
167.770: [GC167.770: [ParNew: 37566K->4159K(37568K), 0.0023010 secs] 597958K->565774K(758420K), 0.0023440 secs] [Times: user=0.02 sys=0.00, real=0.00 secs] 
167.773: Total time for which application threads were stopped: 0.0049360 seconds, Stopping threads took: 0.0025250 seconds
167.804: Application time: 0.0317230 seconds
167.807: [GC167.807: [ParNew: 37567K->4158K(37568K), 0.0023950 secs] 599182K->567503K(758420K), 0.0024390 secs] [Times: user=0.02 sys=0.00, real=0.00 secs] 
167.810: Total time for which application threads were stopped: 0.0053540 seconds, Stopping threads took: 0.0028550 seconds
167.842: Application time: 0.0320570 seconds
167.844: [GC167.844: [ParNew: 37566K->4158K(37568K), 0.0025490 secs] 600911K->569624K(758420K), 0.0026030 secs] [Times: user=0.01 sys=0.00, real=0.01 secs] 
167.847: Total time for which application threads were stopped: 0.0047910 seconds, Stopping threads took: 0.0021210 seconds
167.878: Application time: 0.0311950 seconds
167.881: [GC167.881: [ParNew: 37566K->4158K(37568K), 0.0026230 secs] 603032K->572227K(758420K), 0.0026710 secs] [Times: user=0.02 sys=0.00, real=0.00 secs] 
167.884: Total time for which application threads were stopped: 0.0057040 seconds, Stopping threads took: 0.0029640 seconds
167.915: Application time: 0.0317360 seconds
167.918: [GC167.918: [ParNew: 37566K->4159K(37568K), 0.0023850 secs] 605635K->573749K(758420K), 0.0024310 secs] [Times: user=0.01 sys=0.00, real=0.00 secs] 
167.920: Total time for which application threads were stopped: 0.0046910 seconds, Stopping threads took: 0.0021920 seconds
167.950: Application time: 0.0302410 seconds
167.952: [GC167.952: [ParNew: 37567K->4158K(37568K), 0.0027430 secs] 607157K->576545K(758420K), 0.0027880 secs] [Times: user=0.02 sys=0.00, real=0.01 secs] 
167.955: Total time for which application threads were stopped: 0.0045680 seconds, Stopping threads took: 0.0017070 seconds
167.986: Application time: 0.0313310 seconds
167.989: [GC167.989: [ParNew: 37566K->4159K(37568K), 0.0023090 secs] 609953K->577704K(758420K), 0.0023530 secs] [Times: user=0.02 sys=0.00, real=0.00 secs] 
167.991: Total time for which application threads were stopped: 0.0051360 seconds, Stopping threads took: 0.0027150 seconds
168.023: Application time: 0.0318000 seconds
168.025: [GC168.025: [ParNew: 37567K->4159K(37568K), 0.0022630 secs] 611112K->578770K(758420K), 0.0023150 secs] [Times: user=0.02 sys=0.00, real=0.01 secs] 
168.027: Total time for which application threads were stopped: 0.0039070 seconds, Stopping threads took: 0.0015040 seconds
168.059: Application time: 0.0315610 seconds
168.062: [GC168.062: [ParNew: 37567K->4159K(37568K), 0.0021990 secs] 612178K->579685K(758420K), 0.0022460 secs] [Times: user=0.01 sys=0.00, real=0.00 secs] 
168.064: Total time for which application threads were stopped: 0.0053450 seconds, Stopping threads took: 0.0030330 seconds
168.095: Application time: 0.0314500 seconds
168.098: [GC168.098: [ParNew: 37567K->4159K(37568K), 0.0025360 secs] 613093K->581536K(758420K), 0.0025840 secs] [Times: user=0.02 sys=0.00, real=0.00 secs] 
168.100: Total time for which application threads were stopped: 0.0049810 seconds, Stopping threads took: 0.0023300 seconds
168.132: Application time: 0.0317070 seconds
168.134: [GC168.134: [ParNew: 37567K->4159K(37568K), 0.0020190 secs] 614944K->581767K(758420K), 0.0020640 secs] [Times: user=0.02 sys=0.00, real=0.01 secs] 
168.136: Total time for which application threads were stopped: 0.0039520 seconds, Stopping threads took: 0.0018190 seconds
168.168: Application time: 0.0317210 seconds
168.170: [GC168.170: [ParNew: 37567K->4158K(37568K), 0.0022000 secs] 615175K->582594K(758420K), 0.0022450 secs] [Times: user=0.01 sys=0.00, real=0.00 secs] 
168.172: Total time for which application threads were stopped: 0.0047660 seconds, Stopping threads took: 0.0024520 seconds
168.204: Application time: 0.0313280 seconds
168.206: [GC168.206: [ParNew: 37566K->4158K(37568K), 0.0022500 secs] 616002K->583813K(758420K), 0.0022950 secs] [Times: user=0.02 sys=0.00, real=0.01 secs] 
168.209: Total time for which application threads were stopped: 0.0048690 seconds, Stopping threads took: 0.0025040 seconds
168.239: Application time: 0.0306050 seconds
168.241: [GC168.241: [ParNew: 37566K->4159K(37568K), 0.0025290 secs] 617220K->585804K(758420K), 0.0025720 secs] [Times: user=0.01 sys=0.00, real=0.00 secs] 
168.244: Total time for which application threads were stopped: 0.0046690 seconds, Stopping threads took: 0.0020310 seconds
168.275: Application time: 0.0308340 seconds
168.277: [GC168.277: [ParNew: 37567K->4158K(37568K), 0.0026580 secs] 619212K->588218K(758420K), 0.0027030 secs] [Times: user=0.02 sys=0.00, real=0.00 secs] 
168.280: Total time for which application threads were stopped: 0.0049290 seconds, Stopping threads took: 0.0021590 seconds
168.311: Application time: 0.0313610 seconds
168.313: [GC168.313: [ParNew: 37566K->4159K(37568K), 0.0028600 secs] 621626K->591480K(758420K), 0.0029040 secs] [Times: user=0.02 sys=0.00, real=0.01 secs] 
168.316: Total time for which application threads were stopped: 0.0051810 seconds, Stopping threads took: 0.0022120 seconds
168.348: Application time: 0.0314970 seconds
168.350: [GC168.350: [ParNew: 37567K->4159K(37568K), 0.0025000 secs] 624888K->593455K(758420K), 0.0025440 secs] [Times: user=0.02 sys=0.00, real=0.00 secs] 
168.352: Total time for which application threads were stopped: 0.0044740 seconds, Stopping threads took: 0.0018630 seconds
168.383: Application time: 0.0311150 seconds
168.384: [GC168.384: [ParNew: 37567K->4159K(37568K), 0.0025440 secs] 626863K->595459K(758420K), 0.0025890 secs] [Times: user=0.02 sys=0.00, real=0.01 secs] 
168.387: Total time for which application threads were stopped: 0.0033190 seconds, Stopping threads took: 0.0006610 seconds
168.419: Application time: 0.0325150 seconds
168.422: [GC168.422: [ParNew: 37567K->4158K(37568K), 0.0025430 secs] 628867K->597444K(758420K), 0.0025850 secs] [Times: user=0.01 sys=0.00, real=0.00 secs] 
168.424: Total time for which application threads were stopped: 0.0051390 seconds, Stopping threads took: 0.0024890 seconds
168.455: Application time: 0.0308410 seconds
168.457: [GC168.457: [ParNew: 37566K->4158K(37568K), 0.0026360 secs] 630852K->599872K(758420K), 0.0026810 secs] [Times: user=0.02 sys=0.00, real=0.00 secs] 
168.460: Total time for which application threads were stopped: 0.0049440 seconds, Stopping threads took: 0.0021940 seconds
168.491: Application time: 0.0309290 seconds
168.493: [GC168.493: [ParNew: 37565K->4158K(37568K), 0.0020410 secs] 633279K->600300K(758420K), 0.0020920 secs] [Times: user=0.02 sys=0.00, real=0.01 secs] 
168.495: Total time for which application threads were stopped: 0.0044150 seconds, Stopping threads took: 0.0022550 seconds
168.527: Application time: 0.0314510 seconds
168.530: [GC168.530: [ParNew: 37566K->4159K(37568K), 0.0028590 secs] 633708K->603150K(758420K), 0.0029080 secs] [Times: user=0.01 sys=0.00, real=0.00 secs] 
168.533: Total time for which application threads were stopped: 0.0057150 seconds, Stopping threads took: 0.0027380 seconds
168.562: Application time: 0.0297450 seconds
168.564: [GC168.564: [ParNew: 37567K->4159K(37568K), 0.0030460 secs] 636558K->606819K(758420K), 0.0030940 secs] [Times: user=0.02 sys=0.01, real=0.01 secs] 
168.567: Total time for which application threads were stopped: 0.0050920 seconds, Stopping threads took: 0.0019280 seconds
168.600: Application time: 0.0321640 seconds
168.602: [GC168.602: [ParNew: 37567K->4159K(37568K), 0.0024220 secs] 640226K->608348K(758420K), 0.0024680 secs] [Times: user=0.02 sys=0.00, real=0.00 secs] 
168.604: Total time for which application threads were stopped: 0.0045040 seconds, Stopping threads took: 0.0019690 seconds
168.635: Application time: 0.0307620 seconds
168.638: [GC168.638: [ParNew: 37567K->4159K(37568K), 0.0023460 secs] 641756K->609711K(758420K), 0.0023900 secs] [Times: user=0.02 sys=0.00, real=0.00 secs] 
168.640: Total time for which application threads were stopped: 0.0050300 seconds, Stopping threads took: 0.0025730 seconds
168.670: Application time: 0.0299900 seconds
168.672: [GC168.672: [ParNew: 37567K->4159K(37568K), 0.0028960 secs] 643119K->612833K(758420K), 0.0029390 secs] [Times: user=0.02 sys=0.00, real=0.00 secs] 
168.675: Total time for which application threads were stopped: 0.0046020 seconds, Stopping threads took: 0.0015740 seconds
168.706: Application time: 0.0309940 seconds
168.709: [GC168.709: [ParNew: 37567K->4159K(37568K), 0.0028200 secs] 646241K->615861K(758420K), 0.0028650 secs] [Times: user=0.02 sys=0.00, real=0.00 secs] 
168.712: Total time for which application threads were stopped: 0.0061380 seconds, Stopping threads took: 0.0032070 seconds
168.742: Application time: 0.0302510 seconds
168.743: [GC168.743: [ParNew: 37567K->4159K(37568K), 0.0028050 secs] 649269K->618769K(758420K), 0.0028470 secs] [Times: user=0.02 sys=0.00, real=0.00 secs] 
168.746: Total time for which application threads were stopped: 0.0043710 seconds, Stopping threads took: 0.0014550 seconds
168.779: Application time: 0.0324120 seconds
168.782: [GC168.782: [ParNew: 37567K->4159K(37568K), 0.0027730 secs] 652177K->621516K(758420K), 0.0028170 secs] [Times: user=0.02 sys=0.00, real=0.00 secs] 
168.785: Total time for which application threads were stopped: 0.0058030 seconds, Stopping threads took: 0.0029190 seconds
168.816: Application time: 0.0312160 seconds
168.818: [GC168.818: [ParNew: 37567K->4159K(37568K), 0.0027060 secs] 654924K->624019K(758420K), 0.0027470 secs] [Times: user=0.02 sys=0.00, real=0.00 secs] 
168.821: Total time for which application threads were stopped: 0.0049040 seconds, Stopping threads took: 0.0020900 seconds
168.852: Application time: 0.0309300 seconds
168.854: [GC168.854: [ParNew: 37567K->4158K(37568K), 0.0027190 secs] 657427K->626585K(758420K), 0.0027640 secs] [Times: user=0.01 sys=0.00, real=0.01 secs] 
168.857: Total time for which application threads were stopped: 0.0053670 seconds, Stopping threads took: 0.0025350 seconds
168.888: Application time: 0.0307590 seconds
168.890: [GC168.890: [ParNew: 37565K->4158K(37568K), 0.0026890 secs] 659992K->629130K(758420K), 0.0027330 secs] [Times: user=0.01 sys=0.00, real=0.00 secs] 
168.892: Total time for which application threads were stopped: 0.0045910 seconds, Stopping threads took: 0.0017890 seconds
168.923: Application time: 0.0307650 seconds
168.926: [GC168.926: [ParNew: 37564K->4158K(37568K), 0.0023260 secs] 662537K->630571K(758420K), 0.0023710 secs] [Times: user=0.02 sys=0.00, real=0.01 secs] 
168.928: Total time for which application threads were stopped: 0.0052480 seconds, Stopping threads took: 0.0028000 seconds
 CMS: abort preclean due to time 168.931: [CMS-concurrent-abortable-preclean: 0.669/5.033 secs] [Times: user=37.72 sys=0.23, real=5.03 secs] 
168.931: Application time: 0.0028120 seconds
168.933: [GC[YG occupancy: 9185 K (37568 K)]168.933: [Rescan (parallel) , 0.0003390 secs]168.933: [weak refs processing, 0.0000080 secs]168.933: [scrub string table, 0.0001140 secs] [1 CMS-remark: 626412K(720852K)] 635598K(758420K), 0.0004890 secs] [Times: user=0.00 sys=0.00, real=0.00 secs] 
168.933: Total time for which application threads were stopped: 0.0020500 seconds, Stopping threads took: 0.0015310 seconds
168.933: [CMS-concurrent-sweep-start]
168.962: Application time: 0.0285560 seconds
168.964: [GC168.964: [ParNew: 37566K->4159K(37568K), 0.0028810 secs] 426101K->396128K(758420K), 0.0029230 secs] [Times: user=0.02 sys=0.00, real=0.01 secs] 
168.967: Total time for which application threads were stopped: 0.0055140 seconds, Stopping threads took: 0.0025250 seconds
168.972: [CMS-concurrent-sweep: 0.034/0.039 secs] [Times: user=0.29 sys=0.00, real=0.04 secs] 
168.973: [CMS-concurrent-reset-start]
168.974: [CMS-concurrent-reset: 0.002/0.002 secs] [Times: user=0.00 sys=0.00, real=0.00 secs] 
168.999: Application time: 0.0321330 seconds
169.002: [GC169.002: [ParNew: 37567K->4159K(37568K), 0.0025120 secs] 352521K->321400K(758420K), 0.0025560 secs] [Times: user=0.02 sys=0.00, real=0.00 secs] 
169.005: Total time for which application threads were stopped: 0.0056480 seconds, Stopping threads took: 0.0030240 seconds
169.037: Application time: 0.0323430 seconds
169.039: [GC169.039: [ParNew: 37567K->4158K(37568K), 0.0021010 secs] 354808K->322000K(758420K), 0.0021450 secs] [Times: user=0.02 sys=0.00, real=0.00 secs] 
169.041: Total time for which application threads were stopped: 0.0038510 seconds, Stopping threads took: 0.0016390 seconds
169.073: Application time: 0.0320630 seconds
169.075: [GC169.075: [ParNew: 37566K->4158K(37568K), 0.0024110 secs] 355408K->323562K(758420K), 0.0024520 secs] [Times: user=0.01 sys=0.00, real=0.00 secs] 
169.078: Total time for which application threads were stopped: 0.0042300 seconds, Stopping threads took: 0.0017120 seconds
169.108: Application time: 0.0306190 seconds
169.110: [GC169.110: [ParNew: 37566K->4159K(37568K), 0.0027490 secs] 356970K->326377K(758420K), 0.0027980 secs] [Times: user=0.02 sys=0.00, real=0.00 secs] 
169.113: Total time for which application threads were stopped: 0.0043460 seconds, Stopping threads took: 0.0014760 seconds
169.144: Application time: 0.0317320 seconds
169.146: [GC169.146: [ParNew: 37567K->4158K(37568K), 0.0023510 secs] 359785K->328026K(758420K), 0.0023920 secs] [Times: user=0.02 sys=0.00, real=0.01 secs] 
169.149: Total time for which application threads were stopped: 0.0043720 seconds, Stopping threads took: 0.0019140 seconds
169.180: Application time: 0.0313240 seconds
169.181: [GC169.181: [ParNew: 37566K->4158K(37568K), 0.0022450 secs] 361434K->329009K(758420K), 0.0022890 secs] [Times: user=0.02 sys=0.00, real=0.00 secs] 
169.184: Total time for which application threads were stopped: 0.0038000 seconds, Stopping threads took: 0.0014430 seconds
169.215: Application time: 0.0317530 seconds
169.218: [GC169.218: [ParNew: 37566K->4159K(37568K), 0.0023340 secs] 362417K->330393K(758420K), 0.0023800 secs] [Times: user=0.01 sys=0.00, real=0.00 secs] 
169.220: Total time for which application threads were stopped: 0.0046790 seconds, Stopping threads took: 0.0022040 seconds
169.251: Application time: 0.0308140 seconds
169.252: [GC169.252: [ParNew: 37567K->4158K(37568K), 0.0025740 secs] 363801K->332661K(758420K), 0.0026170 secs] [Times: user=0.02 sys=0.00, real=0.01 secs] 
169.255: Total time for which application threads were stopped: 0.0040510 seconds, Stopping threads took: 0.0013660 seconds
169.286: Application time: 0.0314050 seconds
169.289: [GC169.289: [ParNew: 37566K->4159K(37568K), 0.0026470 secs] 366069K->335188K(758420K), 0.0026990 secs] [Times: user=0.01 sys=0.00, real=0.00 secs] 
169.291: Total time for which application threads were stopped: 0.0050200 seconds, Stopping threads took: 0.0022550 seconds
169.323: Application time: 0.0315120 seconds
169.325: [GC169.325: [ParNew: 37567K->4158K(37568K), 0.0027520 secs] 368596K->338156K(758420K), 0.0027980 secs] [Times: user=0.02 sys=0.00, real=0.01 secs] 
169.328: Total time for which application threads were stopped: 0.0048580 seconds, Stopping threads took: 0.0019930 seconds
169.328: Application time: 0.0000700 seconds
169.328: [GC [1 CMS-initial-mark: 333997K(720852K)] 338688K(758420K), 0.0001770 secs] [Times: user=0.00 sys=0.00, real=0.00 secs] 
169.328: Total time for which application threads were stopped: 0.0005150 seconds, Stopping threads took: 0.0003180 seconds
169.328: [CMS-concurrent-mark-start]
169.341: [CMS-concurrent-mark: 0.012/0.012 secs] [Times: user=0.08 sys=0.00, real=0.01 secs] 
169.341: [CMS-concurrent-preclean-start]
169.342: [CMS-concurrent-preclean: 0.001/0.001 secs] [Times: user=0.01 sys=0.00, real=0.00 secs] 
169.342: [CMS-concurrent-abortable-preclean-start]
169.358: Application time: 0.0300330 seconds
169.360: [GC169.360: [ParNew: 37566K->4159K(37568K), 0.0023600 secs] 371564K->339982K(758420K), 0.0024000 secs] [Times: user=0.01 sys=0.00, real=0.00 secs] 
169.362: Total time for which application threads were stopped: 0.0039330 seconds, Stopping threads took: 0.0014750 seconds
169.391: Application time: 0.0289510 seconds
169.393: [GC169.393: [ParNew: 37566K->4158K(37568K), 0.0026890 secs] 373389K->342677K(758420K), 0.0027320 secs] [Times: user=0.02 sys=0.00, real=0.01 secs] 
169.396: Total time for which application threads were stopped: 0.0047700 seconds, Stopping threads took: 0.0019720 seconds
169.425: Application time: 0.0292340 seconds
169.427: [GC169.427: [ParNew: 37566K->4158K(37568K), 0.0023010 secs] 376085K->344304K(758420K), 0.0023420 secs] [Times: user=0.02 sys=0.00, real=0.00 secs] 
169.429: Total time for which application threads were stopped: 0.0037210 seconds, Stopping threads took: 0.0013140 seconds
169.458: Application time: 0.0289000 seconds
169.460: [GC169.460: [ParNew: 37566K->4158K(37568K), 0.0026470 secs] 377712K->346899K(758420K), 0.0026910 secs] [Times: user=0.02 sys=0.00, real=0.00 secs] 
169.462: Total time for which application threads were stopped: 0.0044910 seconds, Stopping threads took: 0.0017400 seconds
169.492: Application time: 0.0290880 seconds
169.493: [GC169.493: [ParNew: 37566K->4158K(37568K), 0.0022300 secs] 380307K->348250K(758420K), 0.0022730 secs] [Times: user=0.01 sys=0.00, real=0.01 secs] 
169.495: Total time for which application threads were stopped: 0.0037570 seconds, Stopping threads took: 0.0014190 seconds
169.526: Application time: 0.0303940 seconds
169.529: [GC169.529: [ParNew: 37566K->4159K(37568K), 0.0022330 secs] 381658K->349615K(758420K), 0.0022750 secs] [Times: user=0.02 sys=0.00, real=0.00 secs] 
169.531: Total time for which application threads were stopped: 0.0052390 seconds, Stopping threads took: 0.0029010 seconds
169.561: Application time: 0.0302750 seconds
169.564: [GC169.564: [ParNew: 37567K->4158K(37568K), 0.0022810 secs] 383023K->350846K(758420K), 0.0023240 secs] [Times: user=0.02 sys=0.00, real=0.00 secs] 
169.566: Total time for which application threads were stopped: 0.0049410 seconds, Stopping threads took: 0.0025520 seconds
169.596: Application time: 0.0297430 seconds
169.598: [GC169.598: [ParNew: 37566K->4159K(37568K), 0.0022050 secs] 384254K->352064K(758420K), 0.0022460 secs] [Times: user=0.01 sys=0.00, real=0.00 secs] 
169.600: Total time for which application threads were stopped: 0.0038770 seconds, Stopping threads took: 0.0015650 seconds
169.629: Application time: 0.0294730 seconds
169.631: [GC169.631: [ParNew: 37567K->4159K(37568K), 0.0027580 secs] 385472K->354968K(758420K), 0.0027980 secs] [Times: user=0.02 sys=0.00, real=0.00 secs] 
169.634: Total time for which application threads were stopped: 0.0045200 seconds, Stopping threads took: 0.0016560 seconds
169.662: Application time: 0.0285470 seconds
169.664: [GC169.666: [ParNew: 37567K->4159K(37568K), 0.0028000 secs] 388376K->358186K(758420K), 0.0043550 secs] [Times: user=0.02 sys=0.00, real=0.01 secs] 
169.668: Total time for which application threads were stopped: 0.0060390 seconds, Stopping threads took: 0.0016220 seconds
169.697: Application time: 0.0287580 seconds
169.699: [GC169.699: [ParNew: 37567K->4159K(37568K), 0.0025050 secs] 391594K->360132K(758420K), 0.0025470 secs] [Times: user=0.02 sys=0.00, real=0.00 secs] 
169.702: Total time for which application threads were stopped: 0.0044920 seconds, Stopping threads took: 0.0018790 seconds
169.731: Application time: 0.0295960 seconds
169.733: [GC169.733: [ParNew: 37567K->4158K(37568K), 0.0028960 secs] 393540K->363413K(758420K), 0.0029430 secs] [Times: user=0.02 sys=0.00, real=0.01 secs] 
169.736: Total time for which application threads were stopped: 0.0048980 seconds, Stopping threads took: 0.0018830 seconds
169.765: Application time: 0.0292210 seconds
169.767: [GC169.767: [ParNew: 37566K->4158K(37568K), 0.0022410 secs] 396821K->364606K(758420K), 0.0022850 secs] [Times: user=0.01 sys=0.00, real=0.00 secs] 
169.770: Total time for which application threads were stopped: 0.0044100 seconds, Stopping threads took: 0.0020580 seconds
169.798: Application time: 0.0277640 seconds
169.799: [GC169.799: [ParNew: 37566K->4158K(37568K), 0.0028330 secs] 398014K->367754K(758420K), 0.0028750 secs] [Times: user=0.02 sys=0.00, real=0.00 secs] 
169.802: Total time for which application threads were stopped: 0.0047460 seconds, Stopping threads took: 0.0018060 seconds
169.831: Application time: 0.0289920 seconds
169.833: [GC169.833: [ParNew: 37566K->4158K(37568K), 0.0024550 secs] 401162K->369908K(758420K), 0.0024990 secs] [Times: user=0.01 sys=0.00, real=0.01 secs] 
169.836: Total time for which application threads were stopped: 0.0046120 seconds, Stopping threads took: 0.0020490 seconds
169.865: Application time: 0.0295910 seconds
169.867: [GC169.867: [ParNew: 37566K->4159K(37568K), 0.0023220 secs] 403316K->371462K(758420K), 0.0023660 secs] [Times: user=0.02 sys=0.00, real=0.00 secs] 
169.869: Total time for which application threads were stopped: 0.0036450 seconds, Stopping threads took: 0.0012120 seconds
169.899: Application time: 0.0297740 seconds
169.902: [GC169.902: [ParNew: 37567K->4159K(37568K), 0.0027470 secs] 404870K->374467K(758420K), 0.0027900 secs] [Times: user=0.02 sys=0.00, real=0.00 secs] 
169.905: Total time for which application threads were stopped: 0.0058090 seconds, Stopping threads took: 0.0029530 seconds
169.935: Application time: 0.0298270 seconds
169.936: [GC169.936: [ParNew: 37566K->4159K(37568K), 0.0024620 secs] 407874K->376231K(758420K), 0.0025070 secs] [Times: user=0.02 sys=0.00, real=0.00 secs] 
169.939: Total time for which application threads were stopped: 0.0042410 seconds, Stopping threads took: 0.0016710 seconds
169.969: Application time: 0.0302930 seconds
169.971: [GC169.971: [ParNew: 37567K->4158K(37568K), 0.0023960 secs] 409639K->377917K(758420K), 0.0024380 secs] [Times: user=0.01 sys=0.00, real=0.00 secs] 
169.974: Total time for which application threads were stopped: 0.0048510 seconds, Stopping threads took: 0.0023470 seconds
170.003: Application time: 0.0288190 seconds
170.005: [GC170.005: [ParNew: 37566K->4158K(37568K), 0.0026500 secs] 411325K->380532K(758420K), 0.0026930 secs] [Times: user=0.01 sys=0.00, real=0.01 secs] 
170.008: Total time for which application threads were stopped: 0.0048960 seconds, Stopping threads took: 0.0021380 seconds
170.037: Application time: 0.0291330 seconds
170.038: [GC170.038: [ParNew: 37566K->4158K(37568K), 0.0023390 secs] 413940K->382089K(758420K), 0.0023810 secs] [Times: user=0.01 sys=0.00, real=0.00 secs] 
170.040: Total time for which application threads were stopped: 0.0036560 seconds, Stopping threads took: 0.0012100 seconds
170.069: Application time: 0.0286840 seconds
170.072: [GC170.072: [ParNew: 37566K->4159K(37568K), 0.0029030 secs] 415497K->385516K(758420K), 0.0029450 secs] [Times: user=0.03 sys=0.00, real=0.01 secs] 
170.075: Total time for which application threads were stopped: 0.0056380 seconds, Stopping threads took: 0.0026190 seconds
170.104: Application time: 0.0293400 seconds
170.106: [GC170.106: [ParNew: 37567K->4158K(37568K), 0.0026130 secs] 418924K->387982K(758420K), 0.0026560 secs] [Times: user=0.02 sys=0.00, real=0.01 secs] 
170.109: Total time for which application threads were stopped: 0.0046980 seconds, Stopping threads took: 0.0019750 seconds
170.139: Application time: 0.0300940 seconds
170.140: [GC170.140: [ParNew: 37566K->4159K(37568K), 0.0024540 secs] 421390K->389735K(758420K), 0.0024940 secs] [Times: user=0.02 sys=0.00, real=0.00 secs] 
170.143: Total time for which application threads were stopped: 0.0040230 seconds, Stopping threads took: 0.0014640 seconds
170.173: Application time: 0.0296370 seconds
170.175: [GC170.175: [ParNew: 37567K->4159K(37568K), 0.0025220 secs] 423143K->391893K(758420K), 0.0025640 secs] [Times: user=0.02 sys=0.00, real=0.00 secs] 
170.177: Total time for which application threads were stopped: 0.0048100 seconds, Stopping threads took: 0.0021790 seconds
170.206: Application time: 0.0285110 seconds
170.208: [GC170.208: [ParNew: 37567K->4159K(37568K), 0.0027880 secs] 425301K->394821K(758420K), 0.0028300 secs] [Times: user=0.01 sys=0.00, real=0.00 secs] 
170.211: Total time for which application threads were stopped: 0.0049900 seconds, Stopping threads took: 0.0020980 seconds
170.241: Application time: 0.0299760 seconds
170.242: [GC170.242: [ParNew: 37567K->4158K(37568K), 0.0023960 secs] 428229K->396466K(758420K), 0.0024410 secs] [Times: user=0.02 sys=0.00, real=0.00 secs] 
170.245: Total time for which application threads were stopped: 0.0038490 seconds, Stopping threads took: 0.0013310 seconds
170.274: Application time: 0.0288060 seconds
170.276: [GC170.276: [ParNew: 37566K->4159K(37568K), 0.0023450 secs] 429874K->398049K(758420K), 0.0023880 secs] [Times: user=0.02 sys=0.00, real=0.00 secs] 
170.279: Total time for which application threads were stopped: 0.0049870 seconds, Stopping threads took: 0.0025300 seconds
170.308: Application time: 0.0296410 seconds
170.310: [GC170.310: [ParNew: 37567K->4159K(37568K), 0.0023770 secs] 431457K->399537K(758420K), 0.0024230 secs] [Times: user=0.01 sys=0.00, real=0.00 secs] 
170.312: Total time for which application threads were stopped: 0.0042270 seconds, Stopping threads took: 0.0017380 seconds
170.342: Application time: 0.0294720 seconds
170.344: [GC170.344: [ParNew: 37567K->4158K(37568K), 0.0021230 secs] 432945K->400402K(758420K), 0.0021660 secs] [Times: user=0.01 sys=0.00, real=0.00 secs] 
170.346: Total time for which application threads were stopped: 0.0042140 seconds, Stopping threads took: 0.0019840 seconds
170.375: Application time: 0.0289870 seconds
170.376: [GC170.376: [ParNew: 37566K->4159K(37568K), 0.0027310 secs] 433810K->403158K(758420K), 0.0027770 secs] [Times: user=0.02 sys=0.00, real=0.00 secs] 
170.379: Total time for which application threads were stopped: 0.0034490 seconds, Stopping threads took: 0.0006060 seconds
170.408: Application time: 0.0297430 seconds
170.410: [GC170.410: [ParNew: 37567K->4158K(37568K), 0.0025630 secs] 436566K->405395K(758420K), 0.0026090 secs] [Times: user=0.02 sys=0.00, real=0.00 secs] 
170.413: Total time for which application threads were stopped: 0.0044240 seconds, Stopping threads took: 0.0017480 seconds
170.442: Application time: 0.0294470 seconds
170.444: [GC170.444: [ParNew: 37566K->4158K(37568K), 0.0022210 secs] 438803K->406584K(758420K), 0.0022650 secs] [Times: user=0.01 sys=0.00, real=0.00 secs] 
170.446: Total time for which application threads were stopped: 0.0039320 seconds, Stopping threads took: 0.0016000 seconds
170.476: Application time: 0.0297720 seconds
170.478: [GC170.478: [ParNew: 37564K->4158K(37568K), 0.0022170 secs] 439991K->407804K(758420K), 0.0022600 secs] [Times: user=0.01 sys=0.00, real=0.00 secs] 
170.480: Total time for which application threads were stopped: 0.0042010 seconds, Stopping threads took: 0.0018760 seconds
170.509: Application time: 0.0286300 seconds
170.511: [GC170.511: [ParNew: 37565K->4159K(37568K), 0.0028120 secs] 441211K->410889K(758420K), 0.0028630 secs] [Times: user=0.02 sys=0.00, real=0.00 secs] 
170.514: Total time for which application threads were stopped: 0.0048240 seconds, Stopping threads took: 0.0018890 seconds
170.543: Application time: 0.0298110 seconds
170.545: [GC170.545: [ParNew: 37567K->4159K(37568K), 0.0026970 secs] 444297K->413758K(758420K), 0.0027410 secs] [Times: user=0.02 sys=0.00, real=0.01 secs] 
170.548: Total time for which application threads were stopped: 0.0048850 seconds, Stopping threads took: 0.0020790 seconds
170.579: Application time: 0.0304520 seconds
170.581: [GC170.581: [ParNew: 37565K->4158K(37568K), 0.0021130 secs] 447164K->414690K(758420K), 0.0021530 secs] [Times: user=0.01 sys=0.00, real=0.00 secs] 
170.583: Total time for which application threads were stopped: 0.0040160 seconds, Stopping threads took: 0.0017980 seconds
170.613: Application time: 0.0302680 seconds
170.616: [GC170.616: [ParNew: 37566K->4159K(37568K), 0.0021660 secs] 448098K->415617K(758420K), 0.0022090 secs] [Times: user=0.02 sys=0.00, real=0.00 secs] 
170.618: Total time for which application threads were stopped: 0.0048610 seconds, Stopping threads took: 0.0025900 seconds
170.647: Application time: 0.0295960 seconds
170.650: [GC170.650: [ParNew: 37567K->4158K(37568K), 0.0024820 secs] 449025K->417469K(758420K), 0.0025250 secs] [Times: user=0.02 sys=0.00, real=0.00 secs] 
170.652: Total time for which application threads were stopped: 0.0047500 seconds, Stopping threads took: 0.0021600 seconds
170.681: Application time: 0.0285420 seconds
170.683: [GC170.683: [ParNew: 37566K->4158K(37568K), 0.0046460 secs] 450877K->421066K(758420K), 0.0046860 secs] [Times: user=0.03 sys=0.00, real=0.01 secs] 
170.688: Total time for which application threads were stopped: 0.0070020 seconds, Stopping threads took: 0.0022530 seconds
170.717: Application time: 0.0290380 seconds
170.719: [GC170.719: [ParNew: 37566K->4158K(37568K), 0.0026170 secs] 454474K->423560K(758420K), 0.0026610 secs] [Times: user=0.01 sys=0.00, real=0.00 secs] 
170.722: Total time for which application threads were stopped: 0.0048760 seconds, Stopping threads took: 0.0021520 seconds
170.751: Application time: 0.0290200 seconds
170.752: [GC170.752: [ParNew: 37566K->4158K(37568K), 0.0022470 secs] 456968K->424880K(758420K), 0.0022880 secs] [Times: user=0.01 sys=0.00, real=0.01 secs] 
170.755: Total time for which application threads were stopped: 0.0041080 seconds, Stopping threads took: 0.0017470 seconds
170.784: Application time: 0.0295580 seconds
170.787: [GC170.787: [ParNew: 37566K->4159K(37568K), 0.0025910 secs] 458288K->427189K(758420K), 0.0026340 secs] [Times: user=0.02 sys=0.00, real=0.01 secs] 
170.789: Total time for which application threads were stopped: 0.0048850 seconds, Stopping threads took: 0.0021840 seconds
170.818: Application time: 0.0292040 seconds
170.821: [GC170.821: [ParNew: 37567K->4158K(37568K), 0.0028200 secs] 460597K->430259K(758420K), 0.0028640 secs] [Times: user=0.02 sys=0.00, real=0.00 secs] 
170.824: Total time for which application threads were stopped: 0.0055820 seconds, Stopping threads took: 0.0026530 seconds
170.853: Application time: 0.0285090 seconds
170.854: [GC170.854: [ParNew: 37566K->4158K(37568K), 0.0027580 secs] 463667K->433151K(758420K), 0.0028000 secs] [Times: user=0.02 sys=0.00, real=0.01 secs] 
170.857: Total time for which application threads were stopped: 0.0046000 seconds, Stopping threads took: 0.0017340 seconds
170.886: Application time: 0.0285580 seconds
170.888: [GC170.888: [ParNew: 37566K->4158K(37568K), 0.0026920 secs] 466559K->435850K(758420K), 0.0027320 secs] [Times: user=0.02 sys=0.00, real=0.00 secs] 
170.890: Total time for which application threads were stopped: 0.0046180 seconds, Stopping threads took: 0.0018220 seconds
170.920: Application time: 0.0293250 seconds
170.921: [GC170.921: [ParNew: 37566K->4158K(37568K), 0.0023730 secs] 469258K->437593K(758420K), 0.0024140 secs] [Times: user=0.02 sys=0.00, real=0.00 secs] 
170.924: Total time for which application threads were stopped: 0.0040910 seconds, Stopping threads took: 0.0016020 seconds
170.953: Application time: 0.0291650 seconds
170.955: [GC170.955: [ParNew: 37566K->4159K(37568K), 0.0026980 secs] 471001K->440303K(758420K), 0.0027480 secs] [Times: user=0.02 sys=0.00, real=0.00 secs] 
170.958: Total time for which application threads were stopped: 0.0046830 seconds, Stopping threads took: 0.0018680 seconds
170.986: Application time: 0.0281160 seconds
170.987: [GC170.987: [ParNew: 37567K->4159K(37568K), 0.0029830 secs] 473711K->443961K(758420K), 0.0030260 secs] [Times: user=0.02 sys=0.00, real=0.00 secs] 
170.990: Total time for which application threads were stopped: 0.0047270 seconds, Stopping threads took: 0.0016340 seconds
171.020: Application time: 0.0294690 seconds
171.021: [GC171.021: [ParNew: 37567K->4158K(37568K), 0.0029800 secs] 477369K->447567K(758420K), 0.0030220 secs] [Times: user=0.02 sys=0.00, real=0.00 secs] 
171.024: Total time for which application threads were stopped: 0.0044570 seconds, Stopping threads took: 0.0013720 seconds
171.053: Application time: 0.0287430 seconds
171.056: [GC171.056: [ParNew: 37565K->4158K(37568K), 0.0025380 secs] 480974K->449964K(758420K), 0.0025870 secs] [Times: user=0.02 sys=0.00, real=0.00 secs] 
171.059: Total time for which application threads were stopped: 0.0055510 seconds, Stopping threads took: 0.0028990 seconds
171.087: Application time: 0.0286320 seconds
171.089: [GC171.089: [ParNew: 37566K->4158K(37568K), 0.0027990 secs] 483372K->452757K(758420K), 0.0028450 secs] [Times: user=0.02 sys=0.00, real=0.00 secs] 
171.092: Total time for which application threads were stopped: 0.0046410 seconds, Stopping threads took: 0.0017310 seconds
171.120: Application time: 0.0280140 seconds
171.122: [GC171.122: [ParNew: 37566K->4159K(37568K), 0.0024820 secs] 486165K->454955K(758420K), 0.0025240 secs] [Times: user=0.02 sys=0.00, real=0.00 secs] 
171.125: Total time for which application threads were stopped: 0.0047600 seconds, Stopping threads took: 0.0021680 seconds
171.154: Application time: 0.0294290 seconds
171.156: [GC171.156: [ParNew: 37567K->4159K(37568K), 0.0024300 secs] 488363K->456892K(758420K), 0.0024720 secs] [Times: user=0.01 sys=0.00, real=0.00 secs] 
171.158: Total time for which application threads were stopped: 0.0040760 seconds, Stopping threads took: 0.0015380 seconds
171.188: Application time: 0.0301820 seconds
171.190: [GC171.190: [ParNew: 37567K->4105K(37568K), 0.0019050 secs] 490300K->456896K(758420K), 0.0019470 secs] [Times: user=0.01 sys=0.00, real=0.00 secs] 
171.192: Total time for which application threads were stopped: 0.0036280 seconds, Stopping threads took: 0.0016160 seconds
171.221: Application time: 0.0289250 seconds
171.223: [GC171.223: [ParNew: 37513K->4159K(37568K), 0.0022760 secs] 490304K->458480K(758420K), 0.0023200 secs] [Times: user=0.01 sys=0.00, real=0.00 secs] 
171.225: Total time for which application threads were stopped: 0.0045030 seconds, Stopping threads took: 0.0021170 seconds
171.255: Application time: 0.0293770 seconds
171.257: [GC171.257: [ParNew: 37567K->4158K(37568K), 0.0024400 secs] 491888K->460432K(758420K), 0.0024840 secs] [Times: user=0.02 sys=0.00, real=0.00 secs] 
171.259: Total time for which application threads were stopped: 0.0042240 seconds, Stopping threads took: 0.0016690 seconds
171.289: Application time: 0.0296760 seconds
171.291: [GC171.291: [ParNew: 37566K->4159K(37568K), 0.0023890 secs] 493840K->462290K(758420K), 0.0024300 secs] [Times: user=0.02 sys=0.00, real=0.00 secs] 
171.293: Total time for which application threads were stopped: 0.0044930 seconds, Stopping threads took: 0.0019990 seconds
171.322: Application time: 0.0287790 seconds
171.325: [GC171.325: [ParNew: 37567K->4159K(37568K), 0.0023590 secs] 495698K->463860K(758420K), 0.0024010 secs] [Times: user=0.01 sys=0.00, real=0.01 secs] 
171.327: Total time for which application threads were stopped: 0.0053130 seconds, Stopping threads took: 0.0028470 seconds
171.357: Application time: 0.0296810 seconds
171.360: [GC171.360: [ParNew: 37567K->4158K(37568K), 0.0021040 secs] 497268K->464778K(758420K), 0.0021500 secs] [Times: user=0.02 sys=0.00, real=0.00 secs] 
171.362: Total time for which application threads were stopped: 0.0046870 seconds, Stopping threads took: 0.0024710 seconds
171.391: Application time: 0.0294070 seconds
171.392: [GC171.392: [ParNew: 37566K->4159K(37568K), 0.0022880 secs] 498186K->466139K(758420K), 0.0023270 secs] [Times: user=0.01 sys=0.00, real=0.00 secs] 
171.394: Total time for which application threads were stopped: 0.0033340 seconds, Stopping threads took: 0.0009420 seconds
171.424: Application time: 0.0290990 seconds
171.425: [GC171.425: [ParNew: 37567K->4158K(37568K), 0.0025530 secs] 499547K->468454K(758420K), 0.0025950 secs] [Times: user=0.02 sys=0.00, real=0.01 secs] 
171.428: Total time for which application threads were stopped: 0.0040950 seconds, Stopping threads took: 0.0014340 seconds
171.458: Application time: 0.0306190 seconds
171.460: [GC171.460: [ParNew: 37566K->4159K(37568K), 0.0020950 secs] 501862K->469187K(758420K), 0.0021370 secs] [Times: user=0.02 sys=0.00, real=0.00 secs] 
171.462: Total time for which application threads were stopped: 0.0038350 seconds, Stopping threads took: 0.0016340 seconds
171.491: Application time: 0.0288740 seconds
171.493: [GC171.493: [ParNew: 37567K->4158K(37568K), 0.0025350 secs] 502595K->471245K(758420K), 0.0025810 secs] [Times: user=0.02 sys=0.00, real=0.01 secs] 
171.495: Total time for which application threads were stopped: 0.0041910 seconds, Stopping threads took: 0.0015440 seconds
171.525: Application time: 0.0302870 seconds
171.527: [GC171.527: [ParNew: 37566K->4158K(37568K), 0.0021180 secs] 504653K->472256K(758420K), 0.0021590 secs] [Times: user=0.02 sys=0.00, real=0.00 secs] 
171.529: Total time for which application threads were stopped: 0.0039350 seconds, Stopping threads took: 0.0017110 seconds
171.558: Application time: 0.0286910 seconds
171.560: [GC171.560: [ParNew: 37566K->4159K(37568K), 0.0024050 secs] 505664K->474088K(758420K), 0.0024470 secs] [Times: user=0.02 sys=0.00, real=0.00 secs] 
171.562: Total time for which application threads were stopped: 0.0042650 seconds, Stopping threads took: 0.0017540 seconds
171.592: Application time: 0.0297440 seconds
171.593: [GC171.593: [ParNew: 37567K->4159K(37568K), 0.0025570 secs] 507496K->476314K(758420K), 0.0025980 secs] [Times: user=0.01 sys=0.00, real=0.01 secs] 
171.596: Total time for which application threads were stopped: 0.0035820 seconds, Stopping threads took: 0.0009210 seconds
171.625: Application time: 0.0294360 seconds
171.627: [GC171.627: [ParNew: 37567K->4159K(37568K), 0.0024530 secs] 509722K->478484K(758420K), 0.0024970 secs] [Times: user=0.02 sys=0.00, real=0.00 secs] 
171.629: Total time for which application threads were stopped: 0.0042180 seconds, Stopping threads took: 0.0016570 seconds
171.659: Application time: 0.0301680 seconds
171.662: [GC171.662: [ParNew: 37567K->4159K(37568K), 0.0019900 secs] 511892K->478921K(758420K), 0.0020320 secs] [Times: user=0.01 sys=0.00, real=0.00 secs] 
171.664: Total time for which application threads were stopped: 0.0046550 seconds, Stopping threads took: 0.0025580 seconds
171.693: Application time: 0.0284960 seconds
171.696: [GC171.696: [ParNew: 37567K->4159K(37568K), 0.0028560 secs] 512329K->482192K(758420K), 0.0028990 secs] [Times: user=0.02 sys=0.00, real=0.00 secs] 
171.699: Total time for which application threads were stopped: 0.0058870 seconds, Stopping threads took: 0.0029230 seconds
171.728: Application time: 0.0295530 seconds
171.729: [GC171.729: [ParNew: 37566K->4159K(37568K), 0.0024730 secs] 515599K->484123K(758420K), 0.0025140 secs] [Times: user=0.01 sys=0.00, real=0.00 secs] 
171.731: Total time for which application threads were stopped: 0.0032880 seconds, Stopping threads took: 0.0007080 seconds
171.761: Application time: 0.0298380 seconds
171.764: [GC171.764: [ParNew: 37567K->4158K(37568K), 0.0023790 secs] 517531K->485904K(758420K), 0.0024220 secs] [Times: user=0.01 sys=0.00, real=0.00 secs] 
171.766: Total time for which application threads were stopped: 0.0050220 seconds, Stopping threads took: 0.0025240 seconds
171.795: Application time: 0.0286820 seconds
171.797: [GC171.797: [ParNew: 37566K->4158K(37568K), 0.0023430 secs] 519312K->487416K(758420K), 0.0023960 secs] [Times: user=0.01 sys=0.01, real=0.00 secs] 
171.799: Total time for which application threads were stopped: 0.0042310 seconds, Stopping threads took: 0.0017690 seconds
171.828: Application time: 0.0292530 seconds
171.831: [GC171.831: [ParNew: 37566K->4158K(37568K), 0.0025510 secs] 520824K->489437K(758420K), 0.0025950 secs] [Times: user=0.01 sys=0.00, real=0.00 secs] 
171.833: Total time for which application threads were stopped: 0.0047370 seconds, Stopping threads took: 0.0020760 seconds
171.862: Application time: 0.0289500 seconds
171.865: [GC171.865: [ParNew: 37566K->4159K(37568K), 0.0027480 secs] 522845K->492210K(758420K), 0.0027930 secs] [Times: user=0.01 sys=0.00, real=0.01 secs] 
171.868: Total time for which application threads were stopped: 0.0056610 seconds, Stopping threads took: 0.0028070 seconds
171.897: Application time: 0.0289230 seconds
171.898: [GC171.898: [ParNew: 37567K->4158K(37568K), 0.0027770 secs] 525618K->495199K(758420K), 0.0028200 secs] [Times: user=0.02 sys=0.00, real=0.00 secs] 
171.901: Total time for which application threads were stopped: 0.0044840 seconds, Stopping threads took: 0.0015980 seconds
171.930: Application time: 0.0292020 seconds
171.932: [GC171.932: [ParNew: 37566K->4158K(37568K), 0.0024550 secs] 528607K->497150K(758420K), 0.0024990 secs] [Times: user=0.02 sys=0.00, real=0.00 secs] 
171.934: Total time for which application threads were stopped: 0.0038570 seconds, Stopping threads took: 0.0012910 seconds
171.964: Application time: 0.0295230 seconds
171.965: [GC171.965: [ParNew: 37566K->4158K(37568K), 0.0022330 secs] 530558K->498491K(758420K), 0.0022760 secs] [Times: user=0.02 sys=0.00, real=0.01 secs] 
171.968: Total time for which application threads were stopped: 0.0038630 seconds, Stopping threads took: 0.0015280 seconds
171.997: Application time: 0.0288740 seconds
171.998: [GC171.998: [ParNew: 37565K->4158K(37568K), 0.0024360 secs] 531899K->500304K(758420K), 0.0024780 secs] [Times: user=0.01 sys=0.00, real=0.00 secs] 
172.001: Total time for which application threads were stopped: 0.0044420 seconds, Stopping threads took: 0.0018990 seconds
172.030: Application time: 0.0289050 seconds
172.032: [GC172.032: [ParNew: 37566K->4159K(37568K), 0.0024310 secs] 533712K->502455K(758420K), 0.0024740 secs] [Times: user=0.02 sys=0.00, real=0.00 secs] 
172.035: Total time for which application threads were stopped: 0.0046800 seconds, Stopping threads took: 0.0021410 seconds
172.065: Application time: 0.0300430 seconds
172.067: [GC172.067: [ParNew: 37567K->4159K(37568K), 0.0029670 secs] 535863K->505919K(758420K), 0.0030100 secs] [Times: user=0.02 sys=0.00, real=0.00 secs] 
172.070: Total time for which application threads were stopped: 0.0052210 seconds, Stopping threads took: 0.0021520 seconds
172.100: Application time: 0.0300120 seconds
172.103: [GC172.103: [ParNew: 37566K->4158K(37568K), 0.0022320 secs] 539326K->507321K(758420K), 0.0022740 secs] [Times: user=0.02 sys=0.00, real=0.00 secs] 
172.105: Total time for which application threads were stopped: 0.0051490 seconds, Stopping threads took: 0.0028090 seconds
172.133: Application time: 0.0278060 seconds
172.136: [GC172.136: [ParNew: 37566K->4159K(37568K), 0.0029080 secs] 540729K->510640K(758420K), 0.0029520 secs] [Times: user=0.02 sys=0.00, real=0.00 secs] 
172.139: Total time for which application threads were stopped: 0.0057120 seconds, Stopping threads took: 0.0026950 seconds
172.169: Application time: 0.0303140 seconds
172.171: [GC172.171: [ParNew: 37567K->4159K(37568K), 0.0025050 secs] 544048K->512816K(758420K), 0.0025470 secs] [Times: user=0.02 sys=0.00, real=0.00 secs] 
172.174: Total time for which application threads were stopped: 0.0050200 seconds, Stopping threads took: 0.0024090 seconds
172.203: Application time: 0.0296020 seconds
172.206: [GC172.206: [ParNew: 37567K->4159K(37568K), 0.0027690 secs] 546224K->515903K(758420K), 0.0028200 secs] [Times: user=0.02 sys=0.00, real=0.01 secs] 
172.208: Total time for which application threads were stopped: 0.0049490 seconds, Stopping threads took: 0.0020640 seconds
172.238: Application time: 0.0293450 seconds
172.239: [GC172.239: [ParNew: 37567K->4159K(37568K), 0.0021740 secs] 549311K->516734K(758420K), 0.0022190 secs] [Times: user=0.02 sys=0.00, real=0.00 secs] 
172.241: Total time for which application threads were stopped: 0.0031950 seconds, Stopping threads took: 0.0009110 seconds
172.270: Application time: 0.0290050 seconds
172.272: [GC172.272: [ParNew: 37567K->4158K(37568K), 0.0028190 secs] 550142K->519481K(758420K), 0.0028650 secs] [Times: user=0.02 sys=0.00, real=0.01 secs] 
172.275: Total time for which application threads were stopped: 0.0046760 seconds, Stopping threads took: 0.0017060 seconds
172.303: Application time: 0.0279960 seconds
172.306: [GC172.306: [ParNew: 37566K->4159K(37568K), 0.0026920 secs] 552889K->522119K(758420K), 0.0027330 secs] [Times: user=0.02 sys=0.00, real=0.01 secs] 
172.309: Total time for which application threads were stopped: 0.0062990 seconds, Stopping threads took: 0.0035010 seconds
172.338: Application time: 0.0293680 seconds
172.341: [GC172.341: [ParNew: 37566K->4158K(37568K), 0.0029560 secs] 555525K->525570K(758420K), 0.0030010 secs] [Times: user=0.02 sys=0.00, real=0.00 secs] 
172.344: Total time for which application threads were stopped: 0.0054120 seconds, Stopping threads took: 0.0023470 seconds
172.373: Application time: 0.0294790 seconds
172.375: [GC172.375: [ParNew: 37566K->4159K(37568K), 0.0024340 secs] 558978K->527393K(758420K), 0.0024820 secs] [Times: user=0.02 sys=0.00, real=0.00 secs] 
172.377: Total time for which application threads were stopped: 0.0040750 seconds, Stopping threads took: 0.0015270 seconds
172.407: Application time: 0.0295160 seconds
172.409: [GC172.409: [ParNew: 37567K->4158K(37568K), 0.0022850 secs] 560801K->528721K(758420K), 0.0023300 secs] [Times: user=0.01 sys=0.01, real=0.00 secs] 
172.411: Total time for which application threads were stopped: 0.0043430 seconds, Stopping threads took: 0.0019480 seconds
172.440: Application time: 0.0293640 seconds
172.442: [GC172.442: [ParNew: 37566K->4158K(37568K), 0.0025230 secs] 562129K->530836K(758420K), 0.0025670 secs] [Times: user=0.02 sys=0.00, real=0.00 secs] 
172.445: Total time for which application threads were stopped: 0.0045520 seconds, Stopping threads took: 0.0019190 seconds
172.474: Application time: 0.0294300 seconds
172.476: [GC172.476: [ParNew: 37566K->4159K(37568K), 0.0020480 secs] 564244K->530889K(758420K), 0.0020880 secs] [Times: user=0.01 sys=0.00, real=0.00 secs] 
172.478: Total time for which application threads were stopped: 0.0039190 seconds, Stopping threads took: 0.0017470 seconds
172.508: Application time: 0.0299460 seconds
172.511: [GC172.511: [ParNew: 37567K->4159K(37568K), 0.0023910 secs] 564297K->532832K(758420K), 0.0024330 secs] [Times: user=0.02 sys=0.00, real=0.00 secs] 
172.514: Total time for which application threads were stopped: 0.0052190 seconds, Stopping threads took: 0.0027210 seconds
172.544: Application time: 0.0300730 seconds
172.546: [GC172.546: [ParNew: 37567K->4159K(37568K), 0.0024940 secs] 566240K->534667K(758420K), 0.0025420 secs] [Times: user=0.02 sys=0.00, real=0.01 secs] 
172.549: Total time for which application threads were stopped: 0.0051990 seconds, Stopping threads took: 0.0025820 seconds
172.579: Application time: 0.0298250 seconds
172.580: [GC172.580: [ParNew: 37567K->4159K(37568K), 0.0032990 secs] 568075K->538327K(758420K), 0.0033430 secs] [Times: user=0.03 sys=0.00, real=0.00 secs] 
172.583: Total time for which application threads were stopped: 0.0047620 seconds, Stopping threads took: 0.0013540 seconds
172.613: Application time: 0.0295840 seconds
172.615: [GC172.615: [ParNew: 37567K->4158K(37568K), 0.0026970 secs] 571735K->540884K(758420K), 0.0027420 secs] [Times: user=0.02 sys=0.00, real=0.00 secs] 
172.618: Total time for which application threads were stopped: 0.0048240 seconds, Stopping threads took: 0.0020160 seconds
172.647: Application time: 0.0291580 seconds
172.649: [GC172.649: [ParNew: 37566K->4158K(37568K), 0.0031250 secs] 574292K->544265K(758420K), 0.0031790 secs] [Times: user=0.03 sys=0.00, real=0.00 secs] 
172.652: Total time for which application threads were stopped: 0.0050680 seconds, Stopping threads took: 0.0018220 seconds
172.683: Application time: 0.0307800 seconds
172.684: [GC172.684: [ParNew: 37566K->4159K(37568K), 0.0021600 secs] 577673K->544586K(758420K), 0.0022090 secs] [Times: user=0.02 sys=0.00, real=0.01 secs] 
172.687: Total time for which application threads were stopped: 0.0037920 seconds, Stopping threads took: 0.0015100 seconds
172.717: Application time: 0.0300660 seconds
172.719: [GC172.719: [ParNew: 37567K->4159K(37568K), 0.0021640 secs] 577994K->545649K(758420K), 0.0022090 secs] [Times: user=0.01 sys=0.00, real=0.00 secs] 
172.721: Total time for which application threads were stopped: 0.0043570 seconds, Stopping threads took: 0.0020890 seconds
172.750: Application time: 0.0292250 seconds
172.753: [GC172.753: [ParNew: 37567K->4159K(37568K), 0.0024810 secs] 579057K->547570K(758420K), 0.0025270 secs] [Times: user=0.02 sys=0.00, real=0.01 secs] 
172.756: Total time for which application threads were stopped: 0.0055970 seconds, Stopping threads took: 0.0030030 seconds
172.784: Application time: 0.0278110 seconds
172.785: [GC172.785: [ParNew: 37567K->4159K(37568K), 0.0031300 secs] 580978K->551359K(758420K), 0.0031760 secs] [Times: user=0.02 sys=0.00, real=0.01 secs] 
172.788: Total time for which application threads were stopped: 0.0043170 seconds, Stopping threads took: 0.0010660 seconds
172.818: Application time: 0.0302690 seconds
172.821: [GC172.821: [ParNew: 37567K->4159K(37568K), 0.0030650 secs] 584767K->555047K(758420K), 0.0031120 secs] [Times: user=0.03 sys=0.00, real=0.00 secs] 
172.824: Total time for which application threads were stopped: 0.0055370 seconds, Stopping threads took: 0.0023440 seconds
172.854: Application time: 0.0305200 seconds
172.856: [GC172.856: [ParNew: 37567K->4159K(37568K), 0.0024850 secs] 588455K->556742K(758420K), 0.0025320 secs] [Times: user=0.01 sys=0.00, real=0.00 secs] 
172.859: Total time for which application threads were stopped: 0.0045530 seconds, Stopping threads took: 0.0019560 seconds
172.888: Application time: 0.0286700 seconds
172.889: [GC172.889: [ParNew: 37567K->4159K(37568K), 0.0023300 secs] 590150K->558284K(758420K), 0.0023740 secs] [Times: user=0.02 sys=0.00, real=0.00 secs] 
172.892: Total time for which application threads were stopped: 0.0042380 seconds, Stopping threads took: 0.0017990 seconds
172.921: Application time: 0.0292800 seconds
172.923: [GC172.923: [ParNew: 37567K->4158K(37568K), 0.0024010 secs] 591692K->559875K(758420K), 0.0024460 secs] [Times: user=0.02 sys=0.00, real=0.00 secs] 
172.926: Total time for which application threads were stopped: 0.0047760 seconds, Stopping threads took: 0.0022660 seconds
172.954: Application time: 0.0284050 seconds
172.956: [GC172.956: [ParNew: 37566K->4158K(37568K), 0.0025990 secs] 593282K->562237K(758420K), 0.0026420 secs] [Times: user=0.02 sys=0.00, real=0.00 secs] 
172.958: Total time for which application threads were stopped: 0.0041330 seconds, Stopping threads took: 0.0014250 seconds
172.988: Application time: 0.0294370 seconds
172.989: [GC172.989: [ParNew: 37566K->4159K(37568K), 0.0029040 secs] 595645K->565460K(758420K), 0.0029480 secs] [Times: user=0.03 sys=0.00, real=0.00 secs] 
172.992: Total time for which application threads were stopped: 0.0045820 seconds, Stopping threads took: 0.0015680 seconds
173.020: Application time: 0.0278520 seconds
173.023: [GC173.023: [ParNew: 37567K->4159K(37568K), 0.0028870 secs] 598868K->568656K(758420K), 0.0029290 secs] [Times: user=0.02 sys=0.00, real=0.00 secs] 
173.026: Total time for which application threads were stopped: 0.0058510 seconds, Stopping threads took: 0.0028590 seconds
173.055: Application time: 0.0290650 seconds
173.058: [GC173.058: [ParNew: 37567K->4158K(37568K), 0.0028980 secs] 602064K->571675K(758420K), 0.0029420 secs] [Times: user=0.02 sys=0.00, real=0.00 secs] 
173.061: Total time for which application threads were stopped: 0.0057690 seconds, Stopping threads took: 0.0027530 seconds
173.090: Application time: 0.0285830 seconds
173.091: [GC173.091: [ParNew: 37566K->4158K(37568K), 0.0025700 secs] 605083K->574028K(758420K), 0.0026140 secs] [Times: user=0.02 sys=0.00, real=0.00 secs] 
173.094: Total time for which application threads were stopped: 0.0044720 seconds, Stopping threads took: 0.0017940 seconds
173.124: Application time: 0.0296280 seconds
173.125: [GC173.125: [ParNew: 37564K->4159K(37568K), 0.0023200 secs] 607434K->575265K(758420K), 0.0023660 secs] [Times: user=0.02 sys=0.00, real=0.01 secs] 
173.127: Total time for which application threads were stopped: 0.0033850 seconds, Stopping threads took: 0.0009530 seconds
173.157: Application time: 0.0299830 seconds
173.160: [GC173.160: [ParNew: 37567K->4159K(37568K), 0.0023140 secs] 608673K->576843K(758420K), 0.0023540 secs] [Times: user=0.01 sys=0.00, real=0.00 secs] 
173.162: Total time for which application threads were stopped: 0.0052260 seconds, Stopping threads took: 0.0028060 seconds
173.193: Application time: 0.0310340 seconds
173.194: [GC173.194: [ParNew: 37567K->3773K(37568K), 0.0017910 secs] 610251K->576484K(758420K), 0.0018330 secs] [Times: user=0.01 sys=0.00, real=0.01 secs] 
173.196: Total time for which application threads were stopped: 0.0025430 seconds, Stopping threads took: 0.0006440 seconds
173.226: Application time: 0.0296770 seconds
173.227: [GC173.227: [ParNew: 37181K->4158K(37568K), 0.0025680 secs] 609892K->578470K(758420K), 0.0026090 secs] [Times: user=0.01 sys=0.00, real=0.00 secs] 
173.230: Total time for which application threads were stopped: 0.0042880 seconds, Stopping threads took: 0.0015920 seconds
173.260: Application time: 0.0297990 seconds
173.262: [GC173.262: [ParNew: 37566K->4158K(37568K), 0.0026130 secs] 611878K->580437K(758420K), 0.0026600 secs] [Times: user=0.02 sys=0.00, real=0.00 secs] 
173.265: Total time for which application threads were stopped: 0.0050930 seconds, Stopping threads took: 0.0023690 seconds
173.295: Application time: 0.0299180 seconds
173.298: [GC173.298: [ParNew: 37566K->4159K(37568K), 0.0023500 secs] 613845K->581664K(758420K), 0.0023950 secs] [Times: user=0.02 sys=0.00, real=0.00 secs] 
173.300: Total time for which application threads were stopped: 0.0055440 seconds, Stopping threads took: 0.0030540 seconds
173.330: Application time: 0.0298210 seconds
173.333: [GC173.333: [ParNew: 37567K->4159K(37568K), 0.0022310 secs] 615072K->582804K(758420K), 0.0022740 secs] [Times: user=0.02 sys=0.00, real=0.01 secs] 
173.335: Total time for which application threads were stopped: 0.0051260 seconds, Stopping threads took: 0.0027860 seconds
173.366: Application time: 0.0308040 seconds
173.369: [GC173.369: [ParNew: 37566K->4158K(37568K), 0.0024510 secs] 616211K->584786K(758420K), 0.0024930 secs] [Times: user=0.01 sys=0.00, real=0.00 secs] 
173.371: Total time for which application threads were stopped: 0.0051180 seconds, Stopping threads took: 0.0025600 seconds
173.402: Application time: 0.0314230 seconds
173.404: [GC173.404: [ParNew: 37565K->4158K(37568K), 0.0025880 secs] 618193K->586677K(758420K), 0.0026330 secs] [Times: user=0.01 sys=0.00, real=0.01 secs] 
173.407: Total time for which application threads were stopped: 0.0042860 seconds, Stopping threads took: 0.0015880 seconds
173.438: Application time: 0.0316140 seconds
173.441: [GC173.441: [ParNew: 37566K->4159K(37568K), 0.0025090 secs] 620085K->588572K(758420K), 0.0025560 secs] [Times: user=0.02 sys=0.00, real=0.00 secs] 
173.443: Total time for which application threads were stopped: 0.0048710 seconds, Stopping threads took: 0.0022250 seconds
173.475: Application time: 0.0315400 seconds
173.477: [GC173.478: [ParNew: 37567K->4158K(37568K), 0.0027090 secs] 621980K->590918K(758420K), 0.0027560 secs] [Times: user=0.02 sys=0.00, real=0.00 secs] 
173.480: Total time for which application threads were stopped: 0.0054470 seconds, Stopping threads took: 0.0026030 seconds
173.511: Application time: 0.0304500 seconds
173.513: [GC173.513: [ParNew: 37566K->4159K(37568K), 0.0029510 secs] 624326K->594141K(758420K), 0.0030050 secs] [Times: user=0.02 sys=0.00, real=0.01 secs] 
173.516: Total time for which application threads were stopped: 0.0050100 seconds, Stopping threads took: 0.0019270 seconds
173.549: Application time: 0.0328130 seconds
173.552: [GC173.552: [ParNew: 37567K->4158K(37568K), 0.0020920 secs] 627549K->594741K(758420K), 0.0021360 secs] [Times: user=0.01 sys=0.00, real=0.00 secs] 
173.554: Total time for which application threads were stopped: 0.0053930 seconds, Stopping threads took: 0.0031810 seconds
173.586: Application time: 0.0317490 seconds
173.589: [GC173.589: [ParNew: 37566K->4158K(37568K), 0.0021380 secs] 628149K->595227K(758420K), 0.0021810 secs] [Times: user=0.00 sys=0.01, real=0.00 secs] 
173.591: Total time for which application threads were stopped: 0.0050720 seconds, Stopping threads took: 0.0028250 seconds
173.621: Application time: 0.0305450 seconds
173.623: [GC173.623: [ParNew: 37566K->4158K(37568K), 0.0023750 secs] 628635K->596544K(758420K), 0.0024160 secs] [Times: user=0.02 sys=0.00, real=0.00 secs] 
173.625: Total time for which application threads were stopped: 0.0041790 seconds, Stopping threads took: 0.0017000 seconds
173.658: Application time: 0.0320410 seconds
173.660: [GC173.660: [ParNew: 37566K->4159K(37568K), 0.0023790 secs] 629952K->597790K(758420K), 0.0024250 secs] [Times: user=0.01 sys=0.00, real=0.00 secs] 
173.662: Total time for which application threads were stopped: 0.0045290 seconds, Stopping threads took: 0.0020370 seconds
173.693: Application time: 0.0308770 seconds
173.695: [GC173.695: [ParNew: 37567K->4159K(37568K), 0.0028880 secs] 631198K->600924K(758420K), 0.0029340 secs] [Times: user=0.02 sys=0.00, real=0.00 secs] 
173.698: Total time for which application threads were stopped: 0.0054840 seconds, Stopping threads took: 0.0024740 seconds
173.730: Application time: 0.0315620 seconds
173.732: [GC173.732: [ParNew: 37567K->4158K(37568K), 0.0029070 secs] 634332K->604013K(758420K), 0.0029510 secs] [Times: user=0.01 sys=0.00, real=0.01 secs] 
173.735: Total time for which application threads were stopped: 0.0053240 seconds, Stopping threads took: 0.0022840 seconds
173.766: Application time: 0.0308740 seconds
173.768: [GC173.768: [ParNew: 37566K->4158K(37568K), 0.0025540 secs] 637421K->605872K(758420K), 0.0026000 secs] [Times: user=0.01 sys=0.00, real=0.00 secs] 
173.771: Total time for which application threads were stopped: 0.0044580 seconds, Stopping threads took: 0.0017890 seconds
173.802: Application time: 0.0312200 seconds
173.805: [GC173.805: [ParNew: 37566K->4158K(37568K), 0.0025940 secs] 639280K->608175K(758420K), 0.0026420 secs] [Times: user=0.02 sys=0.00, real=0.01 secs] 
173.808: Total time for which application threads were stopped: 0.0058130 seconds, Stopping threads took: 0.0030980 seconds
173.838: Application time: 0.0307810 seconds
173.841: [GC173.841: [ParNew: 37566K->4158K(37568K), 0.0027940 secs] 641583K->610854K(758420K), 0.0028420 secs] [Times: user=0.02 sys=0.00, real=0.00 secs] 
173.844: Total time for which application threads were stopped: 0.0052430 seconds, Stopping threads took: 0.0023220 seconds
173.875: Application time: 0.0316520 seconds
173.877: [GC173.877: [ParNew: 37566K->4159K(37568K), 0.0025120 secs] 644262K->611676K(758420K), 0.0025570 secs] [Times: user=0.01 sys=0.00, real=0.00 secs] 
173.879: Total time for which application threads were stopped: 0.0039070 seconds, Stopping threads took: 0.0012840 seconds
173.909: Application time: 0.0299860 seconds
173.912: [GC173.912: [ParNew: 37567K->4158K(37568K), 0.0030210 secs] 645084K->614928K(758420K), 0.0030690 secs] [Times: user=0.03 sys=0.00, real=0.01 secs] 
173.915: Total time for which application threads were stopped: 0.0058930 seconds, Stopping threads took: 0.0027570 seconds
173.946: Application time: 0.0310190 seconds
173.948: [GC173.948: [ParNew: 37566K->4159K(37568K), 0.0024800 secs] 648336K->616583K(758420K), 0.0025230 secs] [Times: user=0.02 sys=0.00, real=0.00 secs] 
173.950: Total time for which application threads were stopped: 0.0038960 seconds, Stopping threads took: 0.0012910 seconds
173.981: Application time: 0.0309950 seconds
173.983: [GC173.983: [ParNew: 37567K->4159K(37568K), 0.0028210 secs] 649991K->619165K(758420K), 0.0028680 secs] [Times: user=0.02 sys=0.00, real=0.00 secs] 
173.986: Total time for which application threads were stopped: 0.0044400 seconds, Stopping threads took: 0.0015030 seconds
174.018: Application time: 0.0321440 seconds
174.020: [GC174.020: [ParNew: 37567K->4158K(37568K), 0.0027720 secs] 652573K->621131K(758420K), 0.0028170 secs] [Times: user=0.02 sys=0.00, real=0.00 secs] 
174.023: Total time for which application threads were stopped: 0.0048220 seconds, Stopping threads took: 0.0019370 seconds
174.055: Application time: 0.0321380 seconds
174.057: [GC174.057: [ParNew: 37566K->4158K(37568K), 0.0024640 secs] 654539K->622432K(758420K), 0.0025120 secs] [Times: user=0.01 sys=0.00, real=0.00 secs] 
174.059: Total time for which application threads were stopped: 0.0047880 seconds, Stopping threads took: 0.0021900 seconds
174.091: Application time: 0.0311190 seconds
174.094: [GC174.094: [ParNew: 37566K->4159K(37568K), 0.0032480 secs] 655840K->626239K(758420K), 0.0032950 secs] [Times: user=0.02 sys=0.00, real=0.01 secs] 
174.097: Total time for which application threads were stopped: 0.0066960 seconds, Stopping threads took: 0.0033230 seconds
174.130: Application time: 0.0329000 seconds
174.133: [GC174.134: [ParNew: 37567K->4159K(37568K), 0.0027170 secs] 659647K->628930K(758420K), 0.0027630 secs] [Times: user=0.02 sys=0.00, real=0.01 secs] 
174.136: Total time for which application threads were stopped: 0.0061210 seconds, Stopping threads took: 0.0032900 seconds
174.168: Application time: 0.0319990 seconds
174.171: [GC174.171: [ParNew: 37567K->4159K(37568K), 0.0027400 secs] 662338K->630609K(758420K), 0.0027830 secs] [Times: user=0.01 sys=0.01, real=0.00 secs] 
174.173: Total time for which application threads were stopped: 0.0050420 seconds, Stopping threads took: 0.0021940 seconds
174.204: Application time: 0.0308490 seconds
174.206: [GC174.206: [ParNew: 37567K->4159K(37568K), 0.0031040 secs] 664017K->634276K(758420K), 0.0031510 secs] [Times: user=0.02 sys=0.00, real=0.01 secs] 
174.210: Total time for which application threads were stopped: 0.0054590 seconds, Stopping threads took: 0.0022390 seconds
174.240: Application time: 0.0308670 seconds
174.243: [GC174.243: [ParNew: 37567K->4158K(37568K), 0.0026620 secs] 667684K->636348K(758420K), 0.0027100 secs] [Times: user=0.02 sys=0.00, real=0.00 secs] 
174.246: Total time for which application threads were stopped: 0.0054410 seconds, Stopping threads took: 0.0026420 seconds
174.277: Application time: 0.0312200 seconds
174.279: [GC174.279: [ParNew: 37566K->4158K(37568K), 0.0024840 secs] 669756K->637888K(758420K), 0.0025300 secs] [Times: user=0.02 sys=0.00, real=0.00 secs] 
174.282: Total time for which application threads were stopped: 0.0043380 seconds, Stopping threads took: 0.0017180 seconds
174.312: Application time: 0.0304180 seconds
174.314: [GC174.314: [ParNew: 37565K->4159K(37568K), 0.0032350 secs] 671295K->641408K(758420K), 0.0032810 secs] [Times: user=0.03 sys=0.00, real=0.01 secs] 
174.317: Total time for which application threads were stopped: 0.0055620 seconds, Stopping threads took: 0.0022000 seconds
174.348: Application time: 0.0308680 seconds
174.350: [GC174.350: [ParNew: 37567K->4158K(37568K), 0.0028270 secs] 674816K->643799K(758420K), 0.0028710 secs] [Times: user=0.02 sys=0.00, real=0.00 secs] 
174.353: Total time for which application threads were stopped: 0.0045360 seconds, Stopping threads took: 0.0015890 seconds
 CMS: abort preclean due to time 174.356: [CMS-concurrent-abortable-preclean: 0.673/5.014 secs] [Times: user=37.51 sys=0.25, real=5.02 secs] 
174.363: Application time: 0.0098040 seconds
174.365: [GC[YG occupancy: 17066 K (37568 K)]174.365: [Rescan (parallel) , 0.0005330 secs]174.366: [weak refs processing, 0.0000080 secs]174.366: [scrub string table, 0.0001140 secs] [1 CMS-remark: 639641K(720852K)] 656707K(758420K), 0.0006960 secs] [Times: user=0.01 sys=0.00, real=0.00 secs] 
174.366: Total time for which application threads were stopped: 0.0032040 seconds, Stopping threads took: 0.0024410 seconds
174.366: [CMS-concurrent-sweep-start]
174.390: Application time: 0.0237720 seconds
174.390: [GC174.390: [ParNew: 37566K->4158K(37568K), 0.0025010 secs] 379672K->348564K(758420K), 0.0025470 secs] [Times: user=0.02 sys=0.00, real=0.00 secs] 
174.393: Total time for which application threads were stopped: 0.0031720 seconds, Stopping threads took: 0.0005570 seconds
174.403: [CMS-concurrent-sweep: 0.034/0.037 secs] [Times: user=0.28 sys=0.00, real=0.04 secs] 
174.403: [CMS-concurrent-reset-start]
174.405: [CMS-concurrent-reset: 0.002/0.002 secs] [Times: user=0.00 sys=0.00, real=0.00 secs] 
174.425: Application time: 0.0322880 seconds
174.427: [GC174.427: [ParNew: 37566K->4158K(37568K), 0.0025250 secs] 351024K->319678K(758420K), 0.0025730 secs] [Times: user=0.02 sys=0.00, real=0.00 secs] 
174.430: Total time for which application threads were stopped: 0.0045570 seconds, Stopping threads took: 0.0019160 seconds
174.462: Application time: 0.0320830 seconds
174.463: [GC174.463: [ParNew: 37566K->4158K(37568K), 0.0023210 secs] 353086K->320637K(758420K), 0.0023640 secs] [Times: user=0.01 sys=0.00, real=0.00 secs] 
174.466: Total time for which application threads were stopped: 0.0040590 seconds, Stopping threads took: 0.0016270 seconds
174.498: Application time: 0.0317710 seconds
174.499: [GC174.499: [ParNew: 37566K->4158K(37568K), 0.0020360 secs] 354045K->320911K(758420K), 0.0020790 secs] [Times: user=0.02 sys=0.00, real=0.00 secs] 
174.501: Total time for which application threads were stopped: 0.0036980 seconds, Stopping threads took: 0.0015460 seconds
174.534: Application time: 0.0322190 seconds
174.536: [GC174.536: [ParNew: 37566K->4158K(37568K), 0.0022870 secs] 354319K->322136K(758420K), 0.0023300 secs] [Times: user=0.02 sys=0.00, real=0.00 secs] 
174.539: Total time for which application threads were stopped: 0.0050680 seconds, Stopping threads took: 0.0026420 seconds
174.570: Application time: 0.0314690 seconds
174.572: [GC174.572: [ParNew: 37566K->4159K(37568K), 0.0027180 secs] 355544K->324676K(758420K), 0.0027640 secs] [Times: user=0.02 sys=0.00, real=0.00 secs] 
174.575: Total time for which application threads were stopped: 0.0044720 seconds, Stopping threads took: 0.0016400 seconds
174.607: Application time: 0.0320100 seconds
174.608: [GC174.608: [ParNew: 37567K->4159K(37568K), 0.0021410 secs] 358084K->325204K(758420K), 0.0021840 secs] [Times: user=0.02 sys=0.00, real=0.00 secs] 
174.610: Total time for which application threads were stopped: 0.0038070 seconds, Stopping threads took: 0.0015590 seconds
174.643: Application time: 0.0330950 seconds
174.644: [GC174.644: [ParNew: 37567K->4158K(37568K), 0.0023020 secs] 358612K->326533K(758420K), 0.0023450 secs] [Times: user=0.02 sys=0.00, real=0.00 secs] 
174.646: Total time for which application threads were stopped: 0.0027410 seconds, Stopping threads took: 0.0003270 seconds
174.679: Application time: 0.0323840 seconds
174.682: [GC174.682: [ParNew: 37565K->4159K(37568K), 0.0042030 secs] 359940K->327782K(758420K), 0.0042470 secs] [Times: user=0.03 sys=0.00, real=0.00 secs] 
174.686: Total time for which application threads were stopped: 0.0072350 seconds, Stopping threads took: 0.0029210 seconds
174.719: Application time: 0.0328790 seconds
174.722: [GC174.722: [ParNew: 37567K->4159K(37568K), 0.0022480 secs] 361190K->328995K(758420K), 0.0022930 secs] [Times: user=0.01 sys=0.00, real=0.00 secs] 
174.724: Total time for which application threads were stopped: 0.0052690 seconds, Stopping threads took: 0.0029090 seconds
174.755: Application time: 0.0309880 seconds
174.757: [GC174.757: [ParNew: 37567K->4159K(37568K), 0.0029030 secs] 362403K->332249K(758420K), 0.0029460 secs] [Times: user=0.02 sys=0.00, real=0.00 secs] 
174.760: Total time for which application threads were stopped: 0.0052500 seconds, Stopping threads took: 0.0022410 seconds
174.791: Application time: 0.0307450 seconds
174.793: [GC174.793: [ParNew: 37567K->4159K(37568K), 0.0025250 secs] 365657K->334400K(758420K), 0.0025770 secs] [Times: user=0.02 sys=0.00, real=0.01 secs] 
174.795: Total time for which application threads were stopped: 0.0043840 seconds, Stopping threads took: 0.0017400 seconds
174.828: Application time: 0.0328320 seconds
174.830: [GC174.830: [ParNew: 37567K->4158K(37568K), 0.0019410 secs] 367808K->334525K(758420K), 0.0019830 secs] [Times: user=0.01 sys=0.00, real=0.00 secs] 
174.832: Total time for which application threads were stopped: 0.0034120 seconds, Stopping threads took: 0.0013540 seconds
174.864: Application time: 0.0322050 seconds
174.865: [GC174.865: [ParNew: 37566K->4158K(37568K), 0.0024680 secs] 367933K->336355K(758420K), 0.0025130 secs] [Times: user=0.02 sys=0.00, real=0.01 secs] 
174.868: Total time for which application threads were stopped: 0.0041820 seconds, Stopping threads took: 0.0015800 seconds
174.900: Application time: 0.0319020 seconds
174.903: [GC174.903: [ParNew: 37566K->4158K(37568K), 0.0027760 secs] 369763K->339080K(758420K), 0.0028210 secs] [Times: user=0.02 sys=0.00, real=0.00 secs] 
174.906: Total time for which application threads were stopped: 0.0056820 seconds, Stopping threads took: 0.0027940 seconds
174.938: Application time: 0.0320160 seconds
174.939: [GC174.939: [ParNew: 37566K->4158K(37568K), 0.0026390 secs] 372488K->341709K(758420K), 0.0026810 secs] [Times: user=0.01 sys=0.00, real=0.00 secs] 
174.942: Total time for which application threads were stopped: 0.0043880 seconds, Stopping threads took: 0.0016410 seconds
174.974: Application time: 0.0322150 seconds
174.977: [GC174.977: [ParNew: 37566K->4158K(37568K), 0.0019190 secs] 375117K->341758K(758420K), 0.0019620 secs] [Times: user=0.01 sys=0.00, real=0.00 secs] 
174.979: Total time for which application threads were stopped: 0.0044500 seconds, Stopping threads took: 0.0024290 seconds
175.008: Application time: 0.0290830 seconds
175.011: [GC175.011: [ParNew: 37565K->4158K(37568K), 0.0028880 secs] 375166K->345147K(758420K), 0.0029360 secs] [Times: user=0.02 sys=0.00, real=0.00 secs] 
175.014: Total time for which application threads were stopped: 0.0061970 seconds, Stopping threads took: 0.0031930 seconds
175.044: Application time: 0.0304720 seconds
175.047: [GC175.047: [ParNew: 37566K->4158K(37568K), 0.0029260 secs] 378555K->348416K(758420K), 0.0029720 secs] [Times: user=0.03 sys=0.00, real=0.00 secs] 
175.050: Total time for which application threads were stopped: 0.0054630 seconds, Stopping threads took: 0.0024210 seconds
175.050: Application time: 0.0001460 seconds
175.054: [GC [1 CMS-initial-mark: 344257K(720852K)] 348562K(758420K), 0.0001930 secs] [Times: user=0.00 sys=0.00, real=0.00 secs] 
175.054: Total time for which application threads were stopped: 0.0040880 seconds, Stopping threads took: 0.0038690 seconds
175.054: [CMS-concurrent-mark-start]
175.060: [CMS-concurrent-mark: 0.006/0.006 secs] [Times: user=0.03 sys=0.00, real=0.01 secs] 
175.060: [CMS-concurrent-preclean-start]
175.061: [CMS-concurrent-preclean: 0.001/0.001 secs] [Times: user=0.00 sys=0.00, real=0.00 secs] 
175.061: [CMS-concurrent-abortable-preclean-start]
175.087: Application time: 0.0329630 seconds
175.090: [GC175.090: [ParNew: 37566K->4159K(37568K), 0.0026960 secs] 381824K->350475K(758420K), 0.0027400 secs] [Times: user=0.02 sys=0.00, real=0.00 secs] 
175.093: Total time for which application threads were stopped: 0.0058160 seconds, Stopping threads took: 0.0030070 seconds
175.125: Application time: 0.0320580 seconds
175.128: [GC175.128: [ParNew: 37567K->4159K(37568K), 0.0022360 secs] 383883K->351434K(758420K), 0.0022830 secs] [Times: user=0.01 sys=0.00, real=0.00 secs] 
175.130: Total time for which application threads were stopped: 0.0050920 seconds, Stopping threads took: 0.0027230 seconds
175.161: Application time: 0.0313620 seconds
175.164: [GC175.164: [ParNew: 37567K->4159K(37568K), 0.0027120 secs] 384842K->354166K(758420K), 0.0027590 secs] [Times: user=0.02 sys=0.00, real=0.01 secs] 
175.167: Total time for which application threads were stopped: 0.0054830 seconds, Stopping threads took: 0.0026570 seconds
175.198: Application time: 0.0314210 seconds
175.201: [GC175.201: [ParNew: 37567K->4158K(37568K), 0.0026160 secs] 387574K->356725K(758420K), 0.0026700 secs] [Times: user=0.01 sys=0.00, real=0.00 secs] 
175.204: Total time for which application threads were stopped: 0.0056240 seconds, Stopping threads took: 0.0028880 seconds
175.235: Application time: 0.0314440 seconds
175.237: [GC175.237: [ParNew: 37566K->4158K(37568K), 0.0025340 secs] 390133K->358736K(758420K), 0.0025800 secs] [Times: user=0.01 sys=0.00, real=0.00 secs] 
175.240: Total time for which application threads were stopped: 0.0046180 seconds, Stopping threads took: 0.0019690 seconds
175.271: Application time: 0.0311690 seconds
175.274: [GC175.274: [ParNew: 37566K->4159K(37568K), 0.0027810 secs] 392144K->361097K(758420K), 0.0028270 secs] [Times: user=0.02 sys=0.00, real=0.01 secs] 
175.277: Total time for which application threads were stopped: 0.0055600 seconds, Stopping threads took: 0.0026660 seconds
175.306: Application time: 0.0294580 seconds
175.309: [GC175.309: [ParNew: 37567K->4158K(37568K), 0.0029280 secs] 394505K->364294K(758420K), 0.0029750 secs] [Times: user=0.02 sys=0.00, real=0.00 secs] 
175.312: Total time for which application threads were stopped: 0.0056050 seconds, Stopping threads took: 0.0025610 seconds
175.342: Application time: 0.0299430 seconds
175.344: [GC175.344: [ParNew: 37566K->4159K(37568K), 0.0028110 secs] 397702K->367366K(758420K), 0.0028550 secs] [Times: user=0.02 sys=0.00, real=0.01 secs] 
175.347: Total time for which application threads were stopped: 0.0048990 seconds, Stopping threads took: 0.0019660 seconds
175.378: Application time: 0.0313180 seconds
175.381: [GC175.381: [ParNew: 37567K->4158K(37568K), 0.0025780 secs] 400774K->369781K(758420K), 0.0026230 secs] [Times: user=0.02 sys=0.00, real=0.00 secs] 
175.384: Total time for which application threads were stopped: 0.0058110 seconds, Stopping threads took: 0.0031220 seconds
175.415: Application time: 0.0307620 seconds
175.417: [GC175.417: [ParNew: 37566K->4159K(37568K), 0.0027920 secs] 403189K->372512K(758420K), 0.0028400 secs] [Times: user=0.02 sys=0.00, real=0.00 secs] 
175.420: Total time for which application threads were stopped: 0.0052960 seconds, Stopping threads took: 0.0023870 seconds
175.451: Application time: 0.0311070 seconds
175.454: [GC175.454: [ParNew: 37567K->4159K(37568K), 0.0025790 secs] 405920K->374544K(758420K), 0.0026230 secs] [Times: user=0.02 sys=0.00, real=0.01 secs] 
175.456: Total time for which application threads were stopped: 0.0051920 seconds, Stopping threads took: 0.0025010 seconds
175.488: Application time: 0.0315230 seconds
175.490: [GC175.490: [ParNew: 37567K->4159K(37568K), 0.0020010 secs] 407952K->375051K(758420K), 0.0020430 secs] [Times: user=0.02 sys=0.00, real=0.00 secs] 
175.492: Total time for which application threads were stopped: 0.0044050 seconds, Stopping threads took: 0.0022940 seconds
175.524: Application time: 0.0323660 seconds
175.526: [GC175.526: [ParNew: 37567K->4159K(37568K), 0.0023720 secs] 408459K->376536K(758420K), 0.0024150 secs] [Times: user=0.01 sys=0.00, real=0.01 secs] 
175.529: Total time for which application threads were stopped: 0.0042310 seconds, Stopping threads took: 0.0017500 seconds
175.559: Application time: 0.0305790 seconds
175.561: [GC175.561: [ParNew: 37567K->4159K(37568K), 0.0026650 secs] 409944K->378900K(758420K), 0.0027110 secs] [Times: user=0.02 sys=0.00, real=0.00 secs] 
175.563: Total time for which application threads were stopped: 0.0041100 seconds, Stopping threads took: 0.0013310 seconds
175.596: Application time: 0.0323170 seconds
175.598: [GC175.598: [ParNew: 37567K->4159K(37568K), 0.0029370 secs] 412308K->382196K(758420K), 0.0029830 secs] [Times: user=0.02 sys=0.00, real=0.00 secs] 
175.601: Total time for which application threads were stopped: 0.0055160 seconds, Stopping threads took: 0.0024660 seconds
175.634: Application time: 0.0323810 seconds
175.635: [GC175.635: [ParNew: 37567K->4158K(37568K), 0.0028870 secs] 415604K->385415K(758420K), 0.0029430 secs] [Times: user=0.02 sys=0.00, real=0.00 secs] 
175.638: Total time for which application threads were stopped: 0.0045720 seconds, Stopping threads took: 0.0015590 seconds
175.669: Application time: 0.0312820 seconds
175.672: [GC175.672: [ParNew: 37566K->4159K(37568K), 0.0024290 secs] 418823K->387029K(758420K), 0.0024730 secs] [Times: user=0.02 sys=0.00, real=0.00 secs] 
175.674: Total time for which application threads were stopped: 0.0045600 seconds, Stopping threads took: 0.0020220 seconds
175.705: Application time: 0.0314370 seconds
175.708: [GC175.708: [ParNew: 37566K->4159K(37568K), 0.0023830 secs] 420436K->388429K(758420K), 0.0024240 secs] [Times: user=0.02 sys=0.00, real=0.00 secs] 
175.711: Total time for which application threads were stopped: 0.0053240 seconds, Stopping threads took: 0.0028140 seconds
175.742: Application time: 0.0312550 seconds
175.744: [GC175.744: [ParNew: 37565K->4159K(37568K), 0.0026740 secs] 421835K->390740K(758420K), 0.0027140 secs] [Times: user=0.02 sys=0.00, real=0.00 secs] 
175.747: Total time for which application threads were stopped: 0.0044980 seconds, Stopping threads took: 0.0016950 seconds
175.779: Application time: 0.0321750 seconds
175.782: [GC175.782: [ParNew: 37567K->4158K(37568K), 0.0024260 secs] 424148K->392366K(758420K), 0.0024710 secs] [Times: user=0.02 sys=0.00, real=0.00 secs] 
175.784: Total time for which application threads were stopped: 0.0056300 seconds, Stopping threads took: 0.0030970 seconds
175.815: Application time: 0.0302850 seconds
175.817: [GC175.817: [ParNew: 37566K->4159K(37568K), 0.0027240 secs] 425774K->394868K(758420K), 0.0027670 secs] [Times: user=0.01 sys=0.00, real=0.00 secs] 
175.819: Total time for which application threads were stopped: 0.0047700 seconds, Stopping threads took: 0.0019250 seconds
175.851: Application time: 0.0316200 seconds
175.854: [GC175.854: [ParNew: 37567K->4159K(37568K), 0.0026850 secs] 428276K->397311K(758420K), 0.0027300 secs] [Times: user=0.02 sys=0.00, real=0.01 secs] 
175.857: Total time for which application threads were stopped: 0.0055790 seconds, Stopping threads took: 0.0027710 seconds
175.886: Application time: 0.0293780 seconds
175.889: [GC175.889: [ParNew: 37567K->4159K(37568K), 0.0029450 secs] 430719K->400595K(758420K), 0.0029910 secs] [Times: user=0.02 sys=0.00, real=0.00 secs] 
175.892: Total time for which application threads were stopped: 0.0057010 seconds, Stopping threads took: 0.0026420 seconds
175.924: Application time: 0.0319090 seconds
175.925: [GC175.925: [ParNew: 37567K->4159K(37568K), 0.0025670 secs] 434003K->402793K(758420K), 0.0026100 secs] [Times: user=0.01 sys=0.00, real=0.01 secs] 
175.928: Total time for which application threads were stopped: 0.0039490 seconds, Stopping threads took: 0.0012690 seconds
175.959: Application time: 0.0313110 seconds
175.961: [GC175.961: [ParNew: 37567K->4159K(37568K), 0.0027880 secs] 436201K->405725K(758420K), 0.0028320 secs] [Times: user=0.01 sys=0.00, real=0.00 secs] 
175.964: Total time for which application threads were stopped: 0.0052770 seconds, Stopping threads took: 0.0023790 seconds
175.995: Application time: 0.0304340 seconds
175.996: [GC175.996: [ParNew: 37567K->4159K(37568K), 0.0027820 secs] 439133K->408591K(758420K), 0.0028300 secs] [Times: user=0.01 sys=0.00, real=0.00 secs] 
175.999: Total time for which application threads were stopped: 0.0044580 seconds, Stopping threads took: 0.0015610 seconds
176.031: Application time: 0.0320440 seconds
176.033: [GC176.033: [ParNew: 37567K->4158K(37568K), 0.0027490 secs] 441999K->411367K(758420K), 0.0027960 secs] [Times: user=0.02 sys=0.00, real=0.01 secs] 
176.036: Total time for which application threads were stopped: 0.0045050 seconds, Stopping threads took: 0.0016410 seconds
176.068: Application time: 0.0320810 seconds
176.069: [GC176.069: [ParNew: 37566K->4158K(37568K), 0.0030190 secs] 444775K->414937K(758420K), 0.0030630 secs] [Times: user=0.02 sys=0.00, real=0.00 secs] 
176.072: Total time for which application threads were stopped: 0.0042790 seconds, Stopping threads took: 0.0011480 seconds
176.106: Application time: 0.0343220 seconds
176.108: [GC176.108: [ParNew: 37566K->4158K(37568K), 0.0030260 secs] 448345K->418351K(758420K), 0.0030750 secs] [Times: user=0.02 sys=0.00, real=0.00 secs] 
176.112: Total time for which application threads were stopped: 0.0051900 seconds, Stopping threads took: 0.0020460 seconds
176.143: Application time: 0.0311820 seconds
176.145: [GC176.145: [ParNew: 37566K->4159K(37568K), 0.0026030 secs] 451759K->420640K(758420K), 0.0026470 secs] [Times: user=0.02 sys=0.00, real=0.01 secs] 
176.147: Total time for which application threads were stopped: 0.0046960 seconds, Stopping threads took: 0.0019790 seconds
176.178: Application time: 0.0307550 seconds
176.180: [GC176.180: [ParNew: 37567K->4159K(37568K), 0.0026470 secs] 454048K->423253K(758420K), 0.0026920 secs] [Times: user=0.02 sys=0.00, real=0.00 secs] 
176.182: Total time for which application threads were stopped: 0.0042730 seconds, Stopping threads took: 0.0015120 seconds
176.214: Application time: 0.0315290 seconds
176.215: [GC176.215: [ParNew: 37567K->4159K(37568K), 0.0021610 secs] 456661K->424282K(758420K), 0.0022020 secs] [Times: user=0.01 sys=0.00, real=0.00 secs] 
176.217: Total time for which application threads were stopped: 0.0033840 seconds, Stopping threads took: 0.0011160 seconds
176.249: Application time: 0.0316590 seconds
176.252: [GC176.252: [ParNew: 37567K->4158K(37568K), 0.0026610 secs] 457690K->426790K(758420K), 0.0027070 secs] [Times: user=0.02 sys=0.00, real=0.01 secs] 
176.255: Total time for which application threads were stopped: 0.0060940 seconds, Stopping threads took: 0.0033210 seconds
176.287: Application time: 0.0319850 seconds
176.289: [GC176.289: [ParNew: 37566K->4158K(37568K), 0.0027570 secs] 460198K->429604K(758420K), 0.0027990 secs] [Times: user=0.02 sys=0.00, real=0.00 secs] 
176.292: Total time for which application threads were stopped: 0.0051600 seconds, Stopping threads took: 0.0022950 seconds
176.323: Application time: 0.0306860 seconds
176.324: [GC176.324: [ParNew: 37566K->4158K(37568K), 0.0030290 secs] 463012K->433231K(758420K), 0.0030750 secs] [Times: user=0.03 sys=0.00, real=0.01 secs] 
176.327: Total time for which application threads were stopped: 0.0044880 seconds, Stopping threads took: 0.0013450 seconds
176.358: Application time: 0.0310050 seconds
176.360: [GC176.360: [ParNew: 37566K->4158K(37568K), 0.0026580 secs] 466639K->435832K(758420K), 0.0027030 secs] [Times: user=0.02 sys=0.00, real=0.00 secs] 
176.363: Total time for which application threads were stopped: 0.0044110 seconds, Stopping threads took: 0.0016340 seconds
176.395: Application time: 0.0321690 seconds
176.398: [GC176.398: [ParNew: 37566K->4159K(37568K), 0.0024050 secs] 469240K->437350K(758420K), 0.0024490 secs] [Times: user=0.02 sys=0.00, real=0.00 secs] 
176.400: Total time for which application threads were stopped: 0.0050900 seconds, Stopping threads took: 0.0025520 seconds
176.431: Application time: 0.0306640 seconds
176.433: [GC176.433: [ParNew: 37567K->4159K(37568K), 0.0027080 secs] 470758K->439756K(758420K), 0.0027550 secs] [Times: user=0.02 sys=0.00, real=0.01 secs] 
176.436: Total time for which application threads were stopped: 0.0050710 seconds, Stopping threads took: 0.0022560 seconds
176.467: Application time: 0.0314230 seconds
176.469: [GC176.469: [ParNew: 37567K->4158K(37568K), 0.0023450 secs] 473164K->441188K(758420K), 0.0023890 secs] [Times: user=0.02 sys=0.00, real=0.00 secs] 
176.471: Total time for which application threads were stopped: 0.0039950 seconds, Stopping threads took: 0.0015380 seconds
176.503: Application time: 0.0315280 seconds
176.505: [GC176.505: [ParNew: 37566K->4158K(37568K), 0.0023010 secs] 474596K->442515K(758420K), 0.0023430 secs] [Times: user=0.01 sys=0.00, real=0.01 secs] 
176.507: Total time for which application threads were stopped: 0.0041990 seconds, Stopping threads took: 0.0017910 seconds
176.538: Application time: 0.0312710 seconds
176.541: [GC176.541: [ParNew: 37566K->4159K(37568K), 0.0023930 secs] 475923K->444151K(758420K), 0.0024370 secs] [Times: user=0.01 sys=0.00, real=0.00 secs] 
176.543: Total time for which application threads were stopped: 0.0049780 seconds, Stopping threads took: 0.0024650 seconds
176.574: Application time: 0.0311680 seconds
176.576: [GC176.577: [ParNew: 37567K->4158K(37568K), 0.0025340 secs] 477559K->446196K(758420K), 0.0025790 secs] [Times: user=0.01 sys=0.00, real=0.00 secs] 
176.579: Total time for which application threads were stopped: 0.0046740 seconds, Stopping threads took: 0.0020260 seconds
176.610: Application time: 0.0311330 seconds
176.613: [GC176.613: [ParNew: 37565K->4159K(37568K), 0.0023790 secs] 479603K->447706K(758420K), 0.0024240 secs] [Times: user=0.01 sys=0.00, real=0.01 secs] 
176.615: Total time for which application threads were stopped: 0.0050580 seconds, Stopping threads took: 0.0025680 seconds
176.647: Application time: 0.0316420 seconds
176.649: [GC176.649: [ParNew: 37567K->4159K(37568K), 0.0025610 secs] 481114K->449720K(758420K), 0.0026050 secs] [Times: user=0.02 sys=0.00, real=0.00 secs] 
176.652: Total time for which application threads were stopped: 0.0048250 seconds, Stopping threads took: 0.0021520 seconds
176.683: Application time: 0.0315840 seconds
176.686: [GC176.686: [ParNew: 37567K->4158K(37568K), 0.0028480 secs] 483128K->453006K(758420K), 0.0028930 secs] [Times: user=0.02 sys=0.00, real=0.01 secs] 
176.688: Total time for which application threads were stopped: 0.0051390 seconds, Stopping threads took: 0.0021760 seconds
176.718: Application time: 0.0298480 seconds
176.721: [GC176.721: [ParNew: 37566K->4158K(37568K), 0.0030540 secs] 486414K->456775K(758420K), 0.0030990 secs] [Times: user=0.02 sys=0.00, real=0.00 secs] 
176.724: Total time for which application threads were stopped: 0.0057320 seconds, Stopping threads took: 0.0025640 seconds
176.756: Application time: 0.0318260 seconds
176.758: [GC176.758: [ParNew: 37566K->4158K(37568K), 0.0026750 secs] 490183K->459466K(758420K), 0.0027180 secs] [Times: user=0.02 sys=0.00, real=0.00 secs] 
176.761: Total time for which application threads were stopped: 0.0047930 seconds, Stopping threads took: 0.0020080 seconds
176.792: Application time: 0.0314780 seconds
176.795: [GC176.796: [ParNew: 37566K->4159K(37568K), 0.0028950 secs] 492874K->462547K(758420K), 0.0029390 secs] [Times: user=0.02 sys=0.00, real=0.00 secs] 
176.798: Total time for which application threads were stopped: 0.0062910 seconds, Stopping threads took: 0.0032840 seconds
176.830: Application time: 0.0317540 seconds
176.832: [GC176.832: [ParNew: 37567K->4159K(37568K), 0.0021970 secs] 495955K->463579K(758420K), 0.0022440 secs] [Times: user=0.01 sys=0.01, real=0.01 secs] 
176.835: Total time for which application threads were stopped: 0.0044590 seconds, Stopping threads took: 0.0021480 seconds
176.865: Application time: 0.0304570 seconds
176.867: [GC176.867: [ParNew: 37567K->4159K(37568K), 0.0029700 secs] 496987K->466825K(758420K), 0.0030150 secs] [Times: user=0.02 sys=0.00, real=0.00 secs] 
176.870: Total time for which application threads were stopped: 0.0051650 seconds, Stopping threads took: 0.0020540 seconds
176.901: Application time: 0.0309040 seconds
176.902: [GC176.902: [ParNew: 37567K->4158K(37568K), 0.0024320 secs] 500232K->468398K(758420K), 0.0024790 secs] [Times: user=0.01 sys=0.00, real=0.00 secs] 
176.905: Total time for which application threads were stopped: 0.0035830 seconds, Stopping threads took: 0.0010350 seconds
176.935: Application time: 0.0306110 seconds
176.938: [GC176.938: [ParNew: 37566K->4158K(37568K), 0.0028210 secs] 501806K->471355K(758420K), 0.0028660 secs] [Times: user=0.02 sys=0.00, real=0.00 secs] 
176.940: Total time for which application threads were stopped: 0.0050130 seconds, Stopping threads took: 0.0020840 seconds
176.975: Application time: 0.0343140 seconds
176.977: [GC176.977: [ParNew: 37566K->4158K(37568K), 0.0027420 secs] 504763K->474139K(758420K), 0.0027870 secs] [Times: user=0.02 sys=0.00, real=0.00 secs] 
176.979: Total time for which application threads were stopped: 0.0047030 seconds, Stopping threads took: 0.0018510 seconds
177.010: Application time: 0.0307170 seconds
177.012: [GC177.012: [ParNew: 37566K->4159K(37568K), 0.0029150 secs] 507547K->477377K(758420K), 0.0029660 secs] [Times: user=0.02 sys=0.00, real=0.01 secs] 
177.015: Total time for which application threads were stopped: 0.0051250 seconds, Stopping threads took: 0.0020920 seconds
177.047: Application time: 0.0317870 seconds
177.049: [GC177.049: [ParNew: 37567K->4158K(37568K), 0.0020770 secs] 510785K->478092K(758420K), 0.0021200 secs] [Times: user=0.01 sys=0.00, real=0.00 secs] 
177.051: Total time for which application threads were stopped: 0.0038120 seconds, Stopping threads took: 0.0016240 seconds
177.082: Application time: 0.0313630 seconds
177.084: [GC177.084: [ParNew: 37566K->4159K(37568K), 0.0027880 secs] 511500K->480696K(758420K), 0.0028360 secs] [Times: user=0.02 sys=0.00, real=0.01 secs] 
177.087: Total time for which application threads were stopped: 0.0047080 seconds, Stopping threads took: 0.0017840 seconds
177.117: Application time: 0.0302560 seconds
177.120: [GC177.120: [ParNew: 37567K->4159K(37568K), 0.0029360 secs] 514104K->484043K(758420K), 0.0029820 secs] [Times: user=0.02 sys=0.00, real=0.00 secs] 
177.123: Total time for which application threads were stopped: 0.0060880 seconds, Stopping threads took: 0.0030390 seconds
177.155: Application time: 0.0317390 seconds
177.157: [GC177.157: [ParNew: 37567K->4158K(37568K), 0.0026190 secs] 517451K->486335K(758420K), 0.0026670 secs] [Times: user=0.02 sys=0.00, real=0.00 secs] 
177.160: Total time for which application threads were stopped: 0.0050170 seconds, Stopping threads took: 0.0022820 seconds
177.192: Application time: 0.0323390 seconds
177.193: [GC177.193: [ParNew: 37566K->4158K(37568K), 0.0022840 secs] 519743K->487462K(758420K), 0.0023270 secs] [Times: user=0.02 sys=0.00, real=0.01 secs] 
177.195: Total time for which application threads were stopped: 0.0029030 seconds, Stopping threads took: 0.0004960 seconds
177.227: Application time: 0.0320580 seconds
177.230: [GC177.230: [ParNew: 37566K->4159K(37568K), 0.0028020 secs] 520870K->490370K(758420K), 0.0028450 secs] [Times: user=0.02 sys=0.00, real=0.00 secs] 
177.233: Total time for which application threads were stopped: 0.0059130 seconds, Stopping threads took: 0.0030010 seconds
177.265: Application time: 0.0316770 seconds
177.267: [GC177.267: [ParNew: 37567K->4158K(37568K), 0.0027010 secs] 523778K->492962K(758420K), 0.0027450 secs] [Times: user=0.02 sys=0.00, real=0.00 secs] 
177.270: Total time for which application threads were stopped: 0.0047460 seconds, Stopping threads took: 0.0019340 seconds
177.299: Application time: 0.0296020 seconds
177.302: [GC177.302: [ParNew: 37566K->4158K(37568K), 0.0029940 secs] 526370K->496453K(758420K), 0.0030380 secs] [Times: user=0.02 sys=0.00, real=0.00 secs] 
177.305: Total time for which application threads were stopped: 0.0059170 seconds, Stopping threads took: 0.0028130 seconds
177.338: Application time: 0.0322860 seconds
177.340: [GC177.340: [ParNew: 37566K->4159K(37568K), 0.0026500 secs] 529861K->498886K(758420K), 0.0026950 secs] [Times: user=0.02 sys=0.00, real=0.00 secs] 
177.342: Total time for which application threads were stopped: 0.0047130 seconds, Stopping threads took: 0.0019530 seconds
177.372: Application time: 0.0293110 seconds
177.372: [GC177.372: [ParNew: 37567K->4158K(37568K), 0.0025870 secs] 532294K->500975K(758420K), 0.0026290 secs] [Times: user=0.02 sys=0.00, real=0.01 secs] 
177.375: Total time for which application threads were stopped: 0.0032090 seconds, Stopping threads took: 0.0005030 seconds
177.405: Application time: 0.0299680 seconds
177.407: [GC177.407: [ParNew: 37566K->4159K(37568K), 0.0026330 secs] 534383K->503437K(758420K), 0.0026740 secs] [Times: user=0.01 sys=0.00, real=0.00 secs] 
177.410: Total time for which application threads were stopped: 0.0048820 seconds, Stopping threads took: 0.0021430 seconds
177.438: Application time: 0.0284180 seconds
177.440: [GC177.440: [ParNew: 37565K->4158K(37568K), 0.0026050 secs] 536843K->505335K(758420K), 0.0026400 secs] [Times: user=0.02 sys=0.00, real=0.00 secs] 
177.442: Total time for which application threads were stopped: 0.0043370 seconds, Stopping threads took: 0.0016240 seconds
177.472: Application time: 0.0294310 seconds
177.474: [GC177.474: [ParNew: 37566K->4159K(37568K), 0.0027060 secs] 538743K->508083K(758420K), 0.0027480 secs] [Times: user=0.02 sys=0.00, real=0.01 secs] 
177.476: Total time for which application threads were stopped: 0.0044690 seconds, Stopping threads took: 0.0016550 seconds
177.506: Application time: 0.0295680 seconds
177.508: [GC177.508: [ParNew: 37567K->4158K(37568K), 0.0030310 secs] 541491K->511634K(758420K), 0.0030730 secs] [Times: user=0.02 sys=0.01, real=0.00 secs] 
177.511: Total time for which application threads were stopped: 0.0055750 seconds, Stopping threads took: 0.0024360 seconds
177.541: Application time: 0.0296490 seconds
177.543: [GC177.543: [ParNew: 37566K->4159K(37568K), 0.0024630 secs] 545042K->513608K(758420K), 0.0025040 secs] [Times: user=0.02 sys=0.00, real=0.00 secs] 
177.546: Total time for which application threads were stopped: 0.0048760 seconds, Stopping threads took: 0.0023060 seconds
177.575: Application time: 0.0290830 seconds
177.577: [GC177.577: [ParNew: 37567K->4158K(37568K), 0.0026390 secs] 547016K->516037K(758420K), 0.0026840 secs] [Times: user=0.02 sys=0.00, real=0.00 secs] 
177.580: Total time for which application threads were stopped: 0.0050530 seconds, Stopping threads took: 0.0023040 seconds
177.609: Application time: 0.0284060 seconds
177.610: [GC177.610: [ParNew: 37566K->4159K(37568K), 0.0026460 secs] 549445K->518441K(758420K), 0.0026890 secs] [Times: user=0.02 sys=0.00, real=0.00 secs] 
177.613: Total time for which application threads were stopped: 0.0043920 seconds, Stopping threads took: 0.0016360 seconds
177.642: Application time: 0.0290420 seconds
177.644: [GC177.644: [ParNew: 37566K->4158K(37568K), 0.0028550 secs] 551849K->521478K(758420K), 0.0028980 secs] [Times: user=0.02 sys=0.00, real=0.01 secs] 
177.647: Total time for which application threads were stopped: 0.0048240 seconds, Stopping threads took: 0.0018610 seconds
177.679: Application time: 0.0322960 seconds
177.680: [GC177.680: [ParNew: 37566K->4159K(37568K), 0.0046870 secs] 554886K->524458K(758420K), 0.0047300 secs] [Times: user=0.03 sys=0.00, real=0.00 secs] 
177.685: Total time for which application threads were stopped: 0.0056870 seconds, Stopping threads took: 0.0008930 seconds
177.715: Application time: 0.0297950 seconds
177.716: [GC177.716: [ParNew: 37567K->4159K(37568K), 0.0023990 secs] 557866K->526272K(758420K), 0.0024420 secs] [Times: user=0.01 sys=0.02, real=0.00 secs] 
177.719: Total time for which application threads were stopped: 0.0041610 seconds, Stopping threads took: 0.0016540 seconds
177.748: Application time: 0.0295330 seconds
177.750: [GC177.750: [ParNew: 37567K->4158K(37568K), 0.0023770 secs] 559680K->527705K(758420K), 0.0024190 secs] [Times: user=0.02 sys=0.00, real=0.00 secs] 
177.752: Total time for which application threads were stopped: 0.0040890 seconds, Stopping threads took: 0.0016080 seconds
177.781: Application time: 0.0285260 seconds
177.782: [GC177.782: [ParNew: 37565K->4158K(37568K), 0.0027590 secs] 561112K->530595K(758420K), 0.0027980 secs] [Times: user=0.02 sys=0.00, real=0.00 secs] 
177.785: Total time for which application threads were stopped: 0.0043730 seconds, Stopping threads took: 0.0015100 seconds
177.814: Application time: 0.0288260 seconds
177.815: [GC177.815: [ParNew: 37566K->4158K(37568K), 0.0025650 secs] 564003K->532718K(758420K), 0.0026070 secs] [Times: user=0.01 sys=0.00, real=0.00 secs] 
177.818: Total time for which application threads were stopped: 0.0035480 seconds, Stopping threads took: 0.0008760 seconds
177.847: Application time: 0.0288850 seconds
177.848: [GC177.848: [ParNew: 37566K->4159K(37568K), 0.0025660 secs] 566126K->534696K(758420K), 0.0026100 secs] [Times: user=0.02 sys=0.01, real=0.00 secs] 
177.851: Total time for which application threads were stopped: 0.0042640 seconds, Stopping threads took: 0.0015870 seconds
177.881: Application time: 0.0302430 seconds
177.883: [GC177.883: [ParNew: 37567K->4159K(37568K), 0.0023430 secs] 568104K->536111K(758420K), 0.0023930 secs] [Times: user=0.01 sys=0.00, real=0.00 secs] 
177.886: Total time for which application threads were stopped: 0.0048330 seconds, Stopping threads took: 0.0023670 seconds
177.916: Application time: 0.0302230 seconds
177.919: [GC177.919: [ParNew: 37567K->4159K(37568K), 0.0025820 secs] 569519K->538461K(758420K), 0.0026260 secs] [Times: user=0.02 sys=0.00, real=0.00 secs] 
177.922: Total time for which application threads were stopped: 0.0056050 seconds, Stopping threads took: 0.0029130 seconds
177.952: Application time: 0.0298600 seconds
177.954: [GC177.954: [ParNew: 37567K->4159K(37568K), 0.0023120 secs] 571869K->539711K(758420K), 0.0023560 secs] [Times: user=0.01 sys=0.00, real=0.01 secs] 
177.957: Total time for which application threads were stopped: 0.0050670 seconds, Stopping threads took: 0.0026460 seconds
177.987: Application time: 0.0299660 seconds
177.988: [GC177.988: [ParNew: 37567K->4159K(37568K), 0.0022530 secs] 573119K->540977K(758420K), 0.0022930 secs] [Times: user=0.02 sys=0.01, real=0.00 secs] 
177.990: Total time for which application threads were stopped: 0.0038610 seconds, Stopping threads took: 0.0015120 seconds
178.020: Application time: 0.0298210 seconds
178.023: [GC178.023: [ParNew: 37567K->4159K(37568K), 0.0024750 secs] 574385K->542995K(758420K), 0.0025200 secs] [Times: user=0.02 sys=0.00, real=0.00 secs] 
178.026: Total time for which application threads were stopped: 0.0055880 seconds, Stopping threads took: 0.0030030 seconds
178.055: Application time: 0.0286980 seconds
178.058: [GC178.058: [ParNew: 37567K->4159K(37568K), 0.0027910 secs] 576403K->545949K(758420K), 0.0028340 secs] [Times: user=0.02 sys=0.00, real=0.00 secs] 
178.060: Total time for which application threads were stopped: 0.0058790 seconds, Stopping threads took: 0.0029790 seconds
178.089: Application time: 0.0285220 seconds
178.091: [GC178.091: [ParNew: 37566K->4158K(37568K), 0.0030140 secs] 579356K->549669K(758420K), 0.0030570 secs] [Times: user=0.02 sys=0.00, real=0.00 secs] 
178.094: Total time for which application threads were stopped: 0.0047850 seconds, Stopping threads took: 0.0016660 seconds
178.122: Application time: 0.0281240 seconds
178.124: [GC178.124: [ParNew: 37566K->4158K(37568K), 0.0030170 secs] 583077K->553288K(758420K), 0.0030590 secs] [Times: user=0.02 sys=0.01, real=0.01 secs] 
178.127: Total time for which application threads were stopped: 0.0052240 seconds, Stopping threads took: 0.0021010 seconds
178.156: Application time: 0.0284260 seconds
178.157: [GC178.157: [ParNew: 37566K->4159K(37568K), 0.0027130 secs] 586696K->555839K(758420K), 0.0027540 secs] [Times: user=0.02 sys=0.00, real=0.00 secs] 
178.159: Total time for which application threads were stopped: 0.0038160 seconds, Stopping threads took: 0.0009970 seconds
178.190: Application time: 0.0305580 seconds
178.193: [GC178.193: [ParNew: 37567K->4158K(37568K), 0.0026270 secs] 589247K->558213K(758420K), 0.0026670 secs] [Times: user=0.02 sys=0.00, real=0.01 secs] 
178.196: Total time for which application threads were stopped: 0.0056010 seconds, Stopping threads took: 0.0028700 seconds
178.225: Application time: 0.0294420 seconds
178.227: [GC178.227: [ParNew: 37566K->4158K(37568K), 0.0027120 secs] 591620K->560850K(758420K), 0.0027560 secs] [Times: user=0.02 sys=0.00, real=0.00 secs] 
178.230: Total time for which application threads were stopped: 0.0050150 seconds, Stopping threads took: 0.0021940 seconds
178.260: Application time: 0.0298350 seconds
178.262: [GC178.262: [ParNew: 37566K->4159K(37568K), 0.0024830 secs] 594258K->562769K(758420K), 0.0025260 secs] [Times: user=0.02 sys=0.00, real=0.00 secs] 
178.265: Total time for which application threads were stopped: 0.0047730 seconds, Stopping threads took: 0.0021840 seconds
178.295: Application time: 0.0299930 seconds
178.296: [GC178.296: [ParNew: 37567K->4158K(37568K), 0.0021320 secs] 596177K->563491K(758420K), 0.0021730 secs] [Times: user=0.01 sys=0.00, real=0.00 secs] 
178.298: Total time for which application threads were stopped: 0.0037480 seconds, Stopping threads took: 0.0015120 seconds
178.325: Application time: 0.0268590 seconds
178.328: [GC178.328: [ParNew: 37566K->4158K(37568K), 0.0030600 secs] 596899K->567174K(758420K), 0.0031130 secs] [Times: user=0.02 sys=0.00, real=0.00 secs] 
178.331: Total time for which application threads were stopped: 0.0060260 seconds, Stopping threads took: 0.0028460 seconds
178.362: Application time: 0.0305100 seconds
178.363: [GC178.363: [ParNew: 37566K->4159K(37568K), 0.0023100 secs] 600582K->568725K(758420K), 0.0023540 secs] [Times: user=0.01 sys=0.00, real=0.00 secs] 
178.366: Total time for which application threads were stopped: 0.0038250 seconds, Stopping threads took: 0.0014050 seconds
178.395: Application time: 0.0297270 seconds
178.397: [GC178.397: [ParNew: 37566K->4158K(37568K), 0.0023150 secs] 602132K->570109K(758420K), 0.0023590 secs] [Times: user=0.01 sys=0.00, real=0.00 secs] 
178.400: Total time for which application threads were stopped: 0.0042780 seconds, Stopping threads took: 0.0018470 seconds
178.430: Application time: 0.0305720 seconds
178.433: [GC178.433: [ParNew: 37565K->4159K(37568K), 0.0024210 secs] 603516K->571783K(758420K), 0.0024610 secs] [Times: user=0.02 sys=0.00, real=0.01 secs] 
178.435: Total time for which application threads were stopped: 0.0048700 seconds, Stopping threads took: 0.0023450 seconds
178.465: Application time: 0.0304670 seconds
178.469: [GC178.469: [ParNew: 37567K->4159K(37568K), 0.0021250 secs] 605191K->572396K(758420K), 0.0021680 secs] [Times: user=0.01 sys=0.00, real=0.00 secs] 
178.471: Total time for which application threads were stopped: 0.0052330 seconds, Stopping threads took: 0.0029790 seconds
178.501: Application time: 0.0305340 seconds
178.504: [GC178.504: [ParNew: 37567K->4158K(37568K), 0.0022450 secs] 605804K->573498K(758420K), 0.0022880 secs] [Times: user=0.02 sys=0.00, real=0.00 secs] 
178.506: Total time for which application threads were stopped: 0.0049760 seconds, Stopping threads took: 0.0026240 seconds
178.535: Application time: 0.0288810 seconds
178.538: [GC178.538: [ParNew: 37566K->4158K(37568K), 0.0025350 secs] 606906K->575528K(758420K), 0.0025780 secs] [Times: user=0.02 sys=0.00, real=0.00 secs] 
178.540: Total time for which application threads were stopped: 0.0052180 seconds, Stopping threads took: 0.0025750 seconds
178.569: Application time: 0.0291440 seconds
178.572: [GC178.572: [ParNew: 37566K->4159K(37568K), 0.0024350 secs] 608936K->577414K(758420K), 0.0024780 secs] [Times: user=0.02 sys=0.00, real=0.00 secs] 
178.574: Total time for which application threads were stopped: 0.0047220 seconds, Stopping threads took: 0.0021790 seconds
178.603: Application time: 0.0285780 seconds
178.604: [GC178.604: [ParNew: 37565K->4158K(37568K), 0.0025870 secs] 610821K->579697K(758420K), 0.0026310 secs] [Times: user=0.01 sys=0.00, real=0.00 secs] 
178.607: Total time for which application threads were stopped: 0.0038080 seconds, Stopping threads took: 0.0011000 seconds
178.635: Application time: 0.0288330 seconds
178.638: [GC178.638: [ParNew: 37566K->4159K(37568K), 0.0026530 secs] 613105K->582287K(758420K), 0.0026950 secs] [Times: user=0.02 sys=0.00, real=0.00 secs] 
178.640: Total time for which application threads were stopped: 0.0048010 seconds, Stopping threads took: 0.0020400 seconds
178.670: Application time: 0.0296440 seconds
178.673: [GC178.673: [ParNew: 37567K->4159K(37568K), 0.0021930 secs] 615695K->583238K(758420K), 0.0022360 secs] [Times: user=0.01 sys=0.00, real=0.01 secs] 
178.675: Total time for which application threads were stopped: 0.0050100 seconds, Stopping threads took: 0.0027070 seconds
178.704: Application time: 0.0292540 seconds
178.705: [GC178.705: [ParNew: 37567K->4159K(37568K), 0.0026390 secs] 616646K->585623K(758420K), 0.0026830 secs] [Times: user=0.02 sys=0.00, real=0.01 secs] 
178.708: Total time for which application threads were stopped: 0.0035780 seconds, Stopping threads took: 0.0008280 seconds
178.737: Application time: 0.0294680 seconds
178.740: [GC178.740: [ParNew: 37567K->4159K(37568K), 0.0027540 secs] 619031K->588478K(758420K), 0.0027970 secs] [Times: user=0.02 sys=0.00, real=0.00 secs] 
178.743: Total time for which application threads were stopped: 0.0056370 seconds, Stopping threads took: 0.0027760 seconds
178.774: Application time: 0.0306730 seconds
178.775: [GC178.775: [ParNew: 37567K->4159K(37568K), 0.0022910 secs] 621886K->589709K(758420K), 0.0023360 secs] [Times: user=0.02 sys=0.00, real=0.00 secs] 
178.777: Total time for which application threads were stopped: 0.0037900 seconds, Stopping threads took: 0.0013900 seconds
178.808: Application time: 0.0303730 seconds
178.810: [GC178.810: [ParNew: 37567K->4159K(37568K), 0.0022400 secs] 623117K->590863K(758420K), 0.0022830 secs] [Times: user=0.02 sys=0.00, real=0.00 secs] 
178.813: Total time for which application threads were stopped: 0.0050480 seconds, Stopping threads took: 0.0026970 seconds
178.843: Application time: 0.0298130 seconds
178.845: [GC178.845: [ParNew: 37565K->4159K(37568K), 0.0025080 secs] 624270K->592909K(758420K), 0.0025510 secs] [Times: user=0.02 sys=0.00, real=0.01 secs] 
178.848: Total time for which application threads were stopped: 0.0050670 seconds, Stopping threads took: 0.0024560 seconds
178.877: Application time: 0.0294630 seconds
178.879: [GC178.879: [ParNew: 37567K->4159K(37568K), 0.0028500 secs] 626317K->595955K(758420K), 0.0028960 secs] [Times: user=0.01 sys=0.00, real=0.00 secs] 
178.881: Total time for which application threads were stopped: 0.0043470 seconds, Stopping threads took: 0.0013850 seconds
178.910: Application time: 0.0288260 seconds
178.912: [GC178.912: [ParNew: 37567K->4159K(37568K), 0.0026540 secs] 629363K->598437K(758420K), 0.0027010 secs] [Times: user=0.02 sys=0.00, real=0.01 secs] 
178.915: Total time for which application threads were stopped: 0.0044010 seconds, Stopping threads took: 0.0016250 seconds
178.944: Application time: 0.0289410 seconds
178.945: [GC178.945: [ParNew: 37567K->4158K(37568K), 0.0027770 secs] 631845K->601289K(758420K), 0.0028170 secs] [Times: user=0.02 sys=0.00, real=0.01 secs] 
178.948: Total time for which application threads were stopped: 0.0043770 seconds, Stopping threads took: 0.0014980 seconds
178.977: Application time: 0.0292990 seconds
178.979: [GC178.979: [ParNew: 37566K->4159K(37568K), 0.0027040 secs] 634697K->603981K(758420K), 0.0027480 secs] [Times: user=0.02 sys=0.00, real=0.00 secs] 
178.982: Total time for which application threads were stopped: 0.0048830 seconds, Stopping threads took: 0.0020660 seconds
179.012: Application time: 0.0296980 seconds
179.013: [GC179.013: [ParNew: 37566K->4158K(37568K), 0.0023660 secs] 637387K->604907K(758420K), 0.0024080 secs] [Times: user=0.02 sys=0.00, real=0.01 secs] 
179.016: Total time for which application threads were stopped: 0.0036880 seconds, Stopping threads took: 0.0012170 seconds
179.044: Application time: 0.0287580 seconds
179.046: [GC179.046: [ParNew: 37566K->4158K(37568K), 0.0026170 secs] 638315K->607081K(758420K), 0.0026630 secs] [Times: user=0.02 sys=0.00, real=0.01 secs] 
179.049: Total time for which application threads were stopped: 0.0043170 seconds, Stopping threads took: 0.0015690 seconds
179.077: Application time: 0.0287400 seconds
179.079: [GC179.079: [ParNew: 37565K->4158K(37568K), 0.0025240 secs] 640488K->609101K(758420K), 0.0025690 secs] [Times: user=0.02 sys=0.00, real=0.00 secs] 
179.082: Total time for which application threads were stopped: 0.0043210 seconds, Stopping threads took: 0.0016860 seconds
179.110: Application time: 0.0284160 seconds
179.112: [GC179.112: [ParNew: 37566K->4159K(37568K), 0.0027230 secs] 642509K->611936K(758420K), 0.0027660 secs] [Times: user=0.02 sys=0.00, real=0.01 secs] 
179.115: Total time for which application threads were stopped: 0.0046630 seconds, Stopping threads took: 0.0018310 seconds
179.144: Application time: 0.0295830 seconds
179.146: [GC179.146: [ParNew: 37567K->4158K(37568K), 0.0024130 secs] 645344K->613821K(758420K), 0.0024560 secs] [Times: user=0.02 sys=0.00, real=0.01 secs] 
179.149: Total time for which application threads were stopped: 0.0045910 seconds, Stopping threads took: 0.0020710 seconds
179.178: Application time: 0.0287240 seconds
179.179: [GC179.179: [ParNew: 37566K->4158K(37568K), 0.0027780 secs] 647229K->616601K(758420K), 0.0028280 secs] [Times: user=0.01 sys=0.00, real=0.00 secs] 
179.182: Total time for which application threads were stopped: 0.0041490 seconds, Stopping threads took: 0.0012570 seconds
179.210: Application time: 0.0285450 seconds
179.212: [GC179.212: [ParNew: 37566K->4159K(37568K), 0.0024410 secs] 650009K->618284K(758420K), 0.0024840 secs] [Times: user=0.01 sys=0.00, real=0.01 secs] 
179.215: Total time for which application threads were stopped: 0.0044830 seconds, Stopping threads took: 0.0019330 seconds
179.244: Application time: 0.0294480 seconds
179.246: [GC179.246: [ParNew: 37567K->4159K(37568K), 0.0025520 secs] 651692K->620344K(758420K), 0.0025960 secs] [Times: user=0.02 sys=0.00, real=0.01 secs] 
179.249: Total time for which application threads were stopped: 0.0041930 seconds, Stopping threads took: 0.0015330 seconds
179.278: Application time: 0.0296170 seconds
179.280: [GC179.280: [ParNew: 37565K->4158K(37568K), 0.0026730 secs] 653750K->622859K(758420K), 0.0027180 secs] [Times: user=0.01 sys=0.00, real=0.00 secs] 
179.283: Total time for which application threads were stopped: 0.0043940 seconds, Stopping threads took: 0.0016090 seconds
179.314: Application time: 0.0310250 seconds
179.316: [GC179.316: [ParNew: 37566K->4159K(37568K), 0.0026790 secs] 656267K->625393K(758420K), 0.0027230 secs] [Times: user=0.02 sys=0.00, real=0.00 secs] 
179.319: Total time for which application threads were stopped: 0.0056150 seconds, Stopping threads took: 0.0028270 seconds
179.349: Application time: 0.0298250 seconds
179.351: [GC179.351: [ParNew: 37567K->4159K(37568K), 0.0023320 secs] 658801K->626799K(758420K), 0.0023730 secs] [Times: user=0.01 sys=0.00, real=0.00 secs] 
179.354: Total time for which application threads were stopped: 0.0045650 seconds, Stopping threads took: 0.0021270 seconds
179.381: Application time: 0.0279020 seconds
179.384: [GC179.384: [ParNew: 37567K->4159K(37568K), 0.0024780 secs] 660207K->628695K(758420K), 0.0025240 secs] [Times: user=0.01 sys=0.00, real=0.00 secs] 
179.386: Total time for which application threads were stopped: 0.0048150 seconds, Stopping threads took: 0.0022260 seconds
179.415: Application time: 0.0288830 seconds
179.416: [GC179.416: [ParNew: 37567K->4159K(37568K), 0.0022740 secs] 662103K->629987K(758420K), 0.0023160 secs] [Times: user=0.02 sys=0.00, real=0.00 secs] 
179.419: Total time for which application threads were stopped: 0.0036270 seconds, Stopping threads took: 0.0012370 seconds
179.448: Application time: 0.0297070 seconds
179.451: [GC179.451: [ParNew: 37567K->4159K(37568K), 0.0025780 secs] 663395K->632180K(758420K), 0.0026200 secs] [Times: user=0.02 sys=0.00, real=0.00 secs] 
179.454: Total time for which application threads were stopped: 0.0053340 seconds, Stopping threads took: 0.0026500 seconds
179.483: Application time: 0.0293580 seconds
179.486: [GC179.486: [ParNew: 37567K->4158K(37568K), 0.0028140 secs] 665588K->635209K(758420K), 0.0028580 secs] [Times: user=0.02 sys=0.00, real=0.01 secs] 
179.489: Total time for which application threads were stopped: 0.0058650 seconds, Stopping threads took: 0.0029430 seconds
179.518: Application time: 0.0293630 seconds
179.520: [GC179.520: [ParNew: 37566K->4159K(37568K), 0.0028580 secs] 668617K->638096K(758420K), 0.0029020 secs] [Times: user=0.01 sys=0.00, real=0.00 secs] 
179.523: Total time for which application threads were stopped: 0.0049170 seconds, Stopping threads took: 0.0019510 seconds
179.553: Application time: 0.0299430 seconds
179.556: [GC179.556: [ParNew: 37567K->4158K(37568K), 0.0027780 secs] 671504K->640875K(758420K), 0.0028210 secs] [Times: user=0.02 sys=0.00, real=0.00 secs] 
179.559: Total time for which application threads were stopped: 0.0059590 seconds, Stopping threads took: 0.0030740 seconds
179.589: Application time: 0.0293820 seconds
179.591: [GC179.591: [ParNew: 37566K->4158K(37568K), 0.0026030 secs] 674283K->643147K(758420K), 0.0026550 secs] [Times: user=0.02 sys=0.00, real=0.00 secs] 
179.594: Total time for which application threads were stopped: 0.0049520 seconds, Stopping threads took: 0.0022320 seconds
179.623: Application time: 0.0297420 seconds
179.625: [GC179.625: [ParNew: 37566K->4158K(37568K), 0.0024210 secs] 676555K->644845K(758420K), 0.0024670 secs] [Times: user=0.02 sys=0.00, real=0.01 secs] 
179.627: Total time for which application threads were stopped: 0.0038770 seconds, Stopping threads took: 0.0013440 seconds
179.658: Application time: 0.0305390 seconds
179.660: [GC179.660: [ParNew: 37566K->4158K(37568K), 0.0024500 secs] 678253K->646446K(758420K), 0.0024930 secs] [Times: user=0.02 sys=0.00, real=0.00 secs] 
179.662: Total time for which application threads were stopped: 0.0045540 seconds, Stopping threads took: 0.0019970 seconds
179.693: Application time: 0.0309910 seconds
179.695: [GC179.695: [ParNew: 37566K->4159K(37568K), 0.0021480 secs] 679854K->646966K(758420K), 0.0021940 secs] [Times: user=0.02 sys=0.00, real=0.00 secs] 
179.697: Total time for which application threads were stopped: 0.0039970 seconds, Stopping threads took: 0.0017430 seconds
179.726: Application time: 0.0284480 seconds
179.727: [GC179.727: [ParNew: 37567K->4159K(37568K), 0.0026060 secs] 680374K->649296K(758420K), 0.0026500 secs] [Times: user=0.01 sys=0.00, real=0.00 secs] 
179.730: Total time for which application threads were stopped: 0.0043350 seconds, Stopping threads took: 0.0016200 seconds
179.760: Application time: 0.0299570 seconds
179.762: [GC179.762: [ParNew: 37567K->4158K(37568K), 0.0023220 secs] 682703K->650634K(758420K), 0.0023670 secs] [Times: user=0.02 sys=0.00, real=0.00 secs] 
179.764: Total time for which application threads were stopped: 0.0040180 seconds, Stopping threads took: 0.0015830 seconds
179.793: Application time: 0.0292320 seconds
179.795: [GC179.795: [ParNew: 37566K->4158K(37568K), 0.0022890 secs] 684042K->651418K(758420K), 0.0023310 secs] [Times: user=0.01 sys=0.00, real=0.00 secs] 
179.797: Total time for which application threads were stopped: 0.0040310 seconds, Stopping threads took: 0.0016190 seconds
179.827: Application time: 0.0295260 seconds
179.829: [GC179.829: [ParNew: 37566K->4158K(37568K), 0.0024130 secs] 684826K->653129K(758420K), 0.0024570 secs] [Times: user=0.02 sys=0.00, real=0.00 secs] 
179.831: Total time for which application threads were stopped: 0.0046070 seconds, Stopping threads took: 0.0020850 seconds
179.862: Application time: 0.0307970 seconds
179.864: [GC179.864: [ParNew: 37566K->4159K(37568K), 0.0024620 secs] 686537K->654736K(758420K), 0.0025030 secs] [Times: user=0.02 sys=0.00, real=0.01 secs] 
179.867: Total time for which application threads were stopped: 0.0043990 seconds, Stopping threads took: 0.0018290 seconds
179.895: Application time: 0.0286790 seconds
179.897: [GC179.897: [ParNew: 37567K->4159K(37568K), 0.0029590 secs] 688144K->657697K(758420K), 0.0030040 secs] [Times: user=0.02 sys=0.00, real=0.00 secs] 
179.900: Total time for which application threads were stopped: 0.0043190 seconds, Stopping threads took: 0.0012310 seconds
179.929: Application time: 0.0292380 seconds
179.932: [GC179.932: [ParNew: 37567K->4159K(37568K), 0.0027070 secs] 691105K->660094K(758420K), 0.0027510 secs] [Times: user=0.02 sys=0.00, real=0.00 secs] 
179.934: Total time for which application threads were stopped: 0.0055770 seconds, Stopping threads took: 0.0027330 seconds
179.965: Application time: 0.0309390 seconds
179.968: [GC179.968: [ParNew: 37567K->4158K(37568K), 0.0026830 secs] 693502K->661806K(758420K), 0.0027240 secs] [Times: user=0.02 sys=0.00, real=0.00 secs] 
179.970: Total time for which application threads were stopped: 0.0048740 seconds, Stopping threads took: 0.0020870 seconds
180.000: Application time: 0.0301360 seconds
180.002: [GC180.002: [ParNew: 37566K->4159K(37568K), 0.0022480 secs] 695214K->662782K(758420K), 0.0022930 secs] [Times: user=0.01 sys=0.00, real=0.00 secs] 
180.005: Total time for which application threads were stopped: 0.0041130 seconds, Stopping threads took: 0.0017320 seconds
180.034: Application time: 0.0297120 seconds
180.036: [GC180.036: [ParNew: 37567K->4158K(37568K), 0.0025130 secs] 696190K->664744K(758420K), 0.0025620 secs] [Times: user=0.01 sys=0.00, real=0.00 secs] 
180.038: Total time for which application threads were stopped: 0.0041550 seconds, Stopping threads took: 0.0015060 seconds
180.069: Application time: 0.0304520 seconds
180.071: [GC180.071: [ParNew: 37566K->4159K(37568K), 0.0022290 secs] 698152K->665096K(758420K), 0.0022740 secs] [Times: user=0.01 sys=0.00, real=0.00 secs] 
180.073: Total time for which application threads were stopped: 0.0043080 seconds, Stopping threads took: 0.0019690 seconds
 CMS: abort preclean due to time 180.076: [CMS-concurrent-abortable-preclean: 0.670/5.015 secs] [Times: user=37.52 sys=0.23, real=5.02 secs] 
180.076: Application time: 0.0023890 seconds
180.083: [GC[YG occupancy: 7748 K (37568 K)]180.083: [Rescan (parallel) , 0.0006260 secs]180.084: [weak refs processing, 0.0000060 secs]180.084: [scrub string table, 0.0001060 secs] [1 CMS-remark: 660937K(720852K)] 668685K(758420K), 0.0007620 secs] [Times: user=0.00 sys=0.00, real=0.00 secs] 
180.084: Total time for which application threads were stopped: 0.0086800 seconds, Stopping threads took: 0.0078910 seconds
180.084: [CMS-concurrent-sweep-start]
180.114: Application time: 0.0293210 seconds
180.115: [GC180.115: [ParNew: 37567K->4159K(37568K), 0.0026620 secs] 432150K->401091K(758420K), 0.0027090 secs] [Times: user=0.02 sys=0.00, real=0.00 secs] 
180.118: Total time for which application threads were stopped: 0.0039940 seconds, Stopping threads took: 0.0011970 seconds
180.123: [CMS-concurrent-sweep: 0.035/0.039 secs] [Times: user=0.30 sys=0.00, real=0.04 secs] 
180.123: [CMS-concurrent-reset-start]
180.126: [CMS-concurrent-reset: 0.003/0.003 secs] [Times: user=0.00 sys=0.00, real=0.00 secs] 
180.148: Application time: 0.0300460 seconds
180.149: [GC180.149: [ParNew: 37567K->4158K(37568K), 0.0026790 secs] 362362K->331673K(758420K), 0.0027230 secs] [Times: user=0.02 sys=0.00, real=0.00 secs] 
180.152: Total time for which application threads were stopped: 0.0044220 seconds, Stopping threads took: 0.0016340 seconds
180.181: Application time: 0.0286840 seconds
180.183: [GC180.183: [ParNew: 37566K->4158K(37568K), 0.0027990 secs] 365081K->334732K(758420K), 0.0028420 secs] [Times: user=0.02 sys=0.00, real=0.00 secs] 
180.186: Total time for which application threads were stopped: 0.0055250 seconds, Stopping threads took: 0.0026190 seconds
180.186: Application time: 0.0000440 seconds
180.188: [GC [1 CMS-initial-mark: 330574K(720852K)] 335275K(758420K), 0.0001860 secs] [Times: user=0.00 sys=0.00, real=0.00 secs] 
180.188: Total time for which application threads were stopped: 0.0018170 seconds, Stopping threads took: 0.0016090 seconds
180.188: [CMS-concurrent-mark-start]
180.200: [CMS-concurrent-mark: 0.012/0.012 secs] [Times: user=0.08 sys=0.00, real=0.01 secs] 
180.200: [CMS-concurrent-preclean-start]
180.201: [CMS-concurrent-preclean: 0.001/0.001 secs] [Times: user=0.00 sys=0.00, real=0.00 secs] 
180.201: [CMS-concurrent-abortable-preclean-start]
180.217: Application time: 0.0290910 seconds
180.220: [GC180.220: [ParNew: 37566K->4159K(37568K), 0.0023880 secs] 368140K->336275K(758420K), 0.0024330 secs] [Times: user=0.01 sys=0.00, real=0.00 secs] 
180.222: Total time for which application threads were stopped: 0.0050310 seconds, Stopping threads took: 0.0025300 seconds
180.252: Application time: 0.0297930 seconds
180.254: [GC180.254: [ParNew: 37567K->4158K(37568K), 0.0023410 secs] 369683K->337845K(758420K), 0.0023860 secs] [Times: user=0.01 sys=0.00, real=0.01 secs] 
180.257: Total time for which application threads were stopped: 0.0047140 seconds, Stopping threads took: 0.0022610 seconds
180.284: Application time: 0.0270920 seconds
180.287: [GC180.287: [ParNew: 37566K->4158K(37568K), 0.0027540 secs] 371253K->340855K(758420K), 0.0028010 secs] [Times: user=0.02 sys=0.00, real=0.00 secs] 
180.290: Total time for which application threads were stopped: 0.0058380 seconds, Stopping threads took: 0.0029690 seconds
180.319: Application time: 0.0297170 seconds
180.321: [GC180.321: [ParNew: 37566K->4158K(37568K), 0.0024070 secs] 374263K->342732K(758420K), 0.0024590 secs] [Times: user=0.02 sys=0.00, real=0.00 secs] 
180.324: Total time for which application threads were stopped: 0.0042050 seconds, Stopping threads took: 0.0016800 seconds
180.353: Application time: 0.0294320 seconds
180.355: [GC180.355: [ParNew: 37566K->4159K(37568K), 0.0024070 secs] 376140K->344545K(758420K), 0.0024480 secs] [Times: user=0.02 sys=0.00, real=0.01 secs] 
180.357: Total time for which application threads were stopped: 0.0039220 seconds, Stopping threads took: 0.0014080 seconds
180.386: Application time: 0.0286180 seconds
180.388: [GC180.388: [ParNew: 37567K->4158K(37568K), 0.0027270 secs] 377953K->347283K(758420K), 0.0027710 secs] [Times: user=0.02 sys=0.00, real=0.00 secs] 
180.390: Total time for which application threads were stopped: 0.0047130 seconds, Stopping threads took: 0.0018780 seconds
180.420: Application time: 0.0293090 seconds
180.421: [GC180.421: [ParNew: 37566K->4158K(37568K), 0.0023580 secs] 380691K->348888K(758420K), 0.0024000 secs] [Times: user=0.01 sys=0.00, real=0.00 secs] 
180.424: Total time for which application threads were stopped: 0.0040130 seconds, Stopping threads took: 0.0015470 seconds
180.453: Application time: 0.0294380 seconds
180.455: [GC180.455: [ParNew: 37566K->4158K(37568K), 0.0029320 secs] 382296K->352533K(758420K), 0.0029750 secs] [Times: user=0.02 sys=0.00, real=0.00 secs] 
180.458: Total time for which application threads were stopped: 0.0052630 seconds, Stopping threads took: 0.0022170 seconds
180.488: Application time: 0.0301210 seconds
180.491: [GC180.491: [ParNew: 37566K->4158K(37568K), 0.0025730 secs] 385941K->354807K(758420K), 0.0026140 secs] [Times: user=0.02 sys=0.00, real=0.00 secs] 
180.493: Total time for which application threads were stopped: 0.0048890 seconds, Stopping threads took: 0.0022120 seconds
180.524: Application time: 0.0304460 seconds
180.525: [GC180.525: [ParNew: 37566K->4159K(37568K), 0.0025270 secs] 388215K->356995K(758420K), 0.0025700 secs] [Times: user=0.02 sys=0.00, real=0.01 secs] 
180.528: Total time for which application threads were stopped: 0.0041380 seconds, Stopping threads took: 0.0015030 seconds
180.557: Application time: 0.0292380 seconds
180.558: [GC180.558: [ParNew: 37567K->4159K(37568K), 0.0025100 secs] 390403K->358931K(758420K), 0.0025530 secs] [Times: user=0.01 sys=0.00, real=0.00 secs] 
180.561: Total time for which application threads were stopped: 0.0037340 seconds, Stopping threads took: 0.0011150 seconds
180.589: Application time: 0.0282740 seconds
180.591: [GC180.591: [ParNew: 37567K->4158K(37568K), 0.0030750 secs] 392339K->362723K(758420K), 0.0031190 secs] [Times: user=0.02 sys=0.00, real=0.00 secs] 
180.594: Total time for which application threads were stopped: 0.0044790 seconds, Stopping threads took: 0.0012920 seconds
180.624: Application time: 0.0306760 seconds
180.626: [GC180.626: [ParNew: 37566K->4158K(37568K), 0.0025090 secs] 396131K->364907K(758420K), 0.0025530 secs] [Times: user=0.01 sys=0.00, real=0.01 secs] 
180.629: Total time for which application threads were stopped: 0.0045840 seconds, Stopping threads took: 0.0019650 seconds
180.659: Application time: 0.0298700 seconds
180.660: [GC180.660: [ParNew: 37565K->4159K(37568K), 0.0023960 secs] 398314K->366581K(758420K), 0.0024370 secs] [Times: user=0.01 sys=0.00, real=0.00 secs] 
180.663: Total time for which application threads were stopped: 0.0039940 seconds, Stopping threads took: 0.0014930 seconds
180.692: Application time: 0.0294350 seconds
180.695: [GC180.695: [ParNew: 37566K->4159K(37568K), 0.0023190 secs] 399989K->368151K(758420K), 0.0023600 secs] [Times: user=0.02 sys=0.00, real=0.00 secs] 
180.697: Total time for which application threads were stopped: 0.0048700 seconds, Stopping threads took: 0.0024460 seconds
180.727: Application time: 0.0297270 seconds
180.729: [GC180.729: [ParNew: 37567K->4158K(37568K), 0.0026150 secs] 401559K->370676K(758420K), 0.0026630 secs] [Times: user=0.02 sys=0.00, real=0.00 secs] 
180.732: Total time for which application threads were stopped: 0.0049500 seconds, Stopping threads took: 0.0022120 seconds
180.762: Application time: 0.0298980 seconds
180.764: [GC180.764: [ParNew: 37565K->4158K(37568K), 0.0020670 secs] 404083K->371639K(758420K), 0.0021080 secs] [Times: user=0.01 sys=0.00, real=0.00 secs] 
180.766: Total time for which application threads were stopped: 0.0045510 seconds, Stopping threads took: 0.0023770 seconds
180.796: Application time: 0.0300370 seconds
180.798: [GC180.798: [ParNew: 37566K->4159K(37568K), 0.0020030 secs] 405047K->372075K(758420K), 0.0020450 secs] [Times: user=0.02 sys=0.00, real=0.00 secs] 
180.800: Total time for which application threads were stopped: 0.0041980 seconds, Stopping threads took: 0.0020960 seconds
180.830: Application time: 0.0290890 seconds
180.831: [GC180.831: [ParNew: 37567K->4158K(37568K), 0.0027130 secs] 405483K->374821K(758420K), 0.0027550 secs] [Times: user=0.02 sys=0.00, real=0.00 secs] 
180.834: Total time for which application threads were stopped: 0.0040490 seconds, Stopping threads took: 0.0012260 seconds
180.863: Application time: 0.0291710 seconds
180.864: [GC180.864: [ParNew: 37566K->4158K(37568K), 0.0025270 secs] 408229K->376950K(758420K), 0.0025680 secs] [Times: user=0.01 sys=0.00, real=0.01 secs] 
180.867: Total time for which application threads were stopped: 0.0040080 seconds, Stopping threads took: 0.0013770 seconds
180.897: Application time: 0.0297070 seconds
180.898: [GC180.898: [ParNew: 37566K->4158K(37568K), 0.0022800 secs] 410358K->378461K(758420K), 0.0023240 secs] [Times: user=0.02 sys=0.00, real=0.00 secs] 
180.900: Total time for which application threads were stopped: 0.0039380 seconds, Stopping threads took: 0.0015560 seconds
180.929: Application time: 0.0289240 seconds
180.931: [GC180.931: [ParNew: 37566K->4159K(37568K), 0.0026030 secs] 411869K->380842K(758420K), 0.0026440 secs] [Times: user=0.02 sys=0.00, real=0.00 secs] 
180.934: Total time for which application threads were stopped: 0.0041980 seconds, Stopping threads took: 0.0014900 seconds
180.962: Application time: 0.0287960 seconds
180.964: [GC180.964: [ParNew: 37566K->4158K(37568K), 0.0029890 secs] 414249K->384472K(758420K), 0.0030340 secs] [Times: user=0.02 sys=0.00, real=0.01 secs] 
180.967: Total time for which application threads were stopped: 0.0045980 seconds, Stopping threads took: 0.0014850 seconds
180.996: Application time: 0.0287880 seconds
180.998: [GC180.998: [ParNew: 37566K->4158K(37568K), 0.0025560 secs] 417880K->386965K(758420K), 0.0026010 secs] [Times: user=0.02 sys=0.00, real=0.00 secs] 
181.000: Total time for which application threads were stopped: 0.0045880 seconds, Stopping threads took: 0.0019260 seconds
181.029: Application time: 0.0289670 seconds
181.032: [GC181.032: [ParNew: 37566K->4159K(37568K), 0.0028940 secs] 420373K->390242K(758420K), 0.0029370 secs] [Times: user=0.02 sys=0.00, real=0.01 secs] 
181.035: Total time for which application threads were stopped: 0.0057090 seconds, Stopping threads took: 0.0026950 seconds
181.064: Application time: 0.0293660 seconds
181.066: [GC181.067: [ParNew: 37567K->4159K(37568K), 0.0025240 secs] 423650K->392427K(758420K), 0.0025670 secs] [Times: user=0.02 sys=0.00, real=0.01 secs] 
181.069: Total time for which application threads were stopped: 0.0046660 seconds, Stopping threads took: 0.0020350 seconds
181.098: Application time: 0.0285330 seconds
181.101: [GC181.101: [ParNew: 37567K->4159K(37568K), 0.0024720 secs] 425835K->394369K(758420K), 0.0025150 secs] [Times: user=0.02 sys=0.00, real=0.00 secs] 
181.103: Total time for which application threads were stopped: 0.0055930 seconds, Stopping threads took: 0.0030160 seconds
181.133: Application time: 0.0296400 seconds
181.134: [GC181.134: [ParNew: 37567K->4159K(37568K), 0.0025770 secs] 427777K->396701K(758420K), 0.0026240 secs] [Times: user=0.01 sys=0.00, real=0.01 secs] 
181.137: Total time for which application threads were stopped: 0.0041210 seconds, Stopping threads took: 0.0014300 seconds
181.166: Application time: 0.0290990 seconds
181.168: [GC181.168: [ParNew: 37567K->4158K(37568K), 0.0025890 secs] 430109K->399049K(758420K), 0.0026430 secs] [Times: user=0.02 sys=0.00, real=0.00 secs] 
181.171: Total time for which application threads were stopped: 0.0049630 seconds, Stopping threads took: 0.0022560 seconds
181.201: Application time: 0.0294880 seconds
181.202: [GC181.202: [ParNew: 37566K->4158K(37568K), 0.0022220 secs] 432457K->400288K(758420K), 0.0022660 secs] [Times: user=0.01 sys=0.00, real=0.00 secs] 
181.205: Total time for which application threads were stopped: 0.0040540 seconds, Stopping threads took: 0.0017230 seconds
181.234: Application time: 0.0296450 seconds
181.236: [GC181.236: [ParNew: 37566K->4158K(37568K), 0.0023430 secs] 433696K->401971K(758420K), 0.0023860 secs] [Times: user=0.01 sys=0.00, real=0.00 secs] 
181.238: Total time for which application threads were stopped: 0.0042360 seconds, Stopping threads took: 0.0017840 seconds
181.269: Application time: 0.0306360 seconds
181.271: [GC181.271: [ParNew: 37566K->4159K(37568K), 0.0021000 secs] 435379K->402664K(758420K), 0.0021410 secs] [Times: user=0.02 sys=0.00, real=0.00 secs] 
181.274: Total time for which application threads were stopped: 0.0044460 seconds, Stopping threads took: 0.0022410 seconds
181.303: Application time: 0.0299010 seconds
181.305: [GC181.305: [ParNew: 37567K->4159K(37568K), 0.0020970 secs] 436072K->402872K(758420K), 0.0021370 secs] [Times: user=0.01 sys=0.00, real=0.01 secs] 
181.307: Total time for which application threads were stopped: 0.0038040 seconds, Stopping threads took: 0.0016050 seconds
181.337: Application time: 0.0297880 seconds
181.340: [GC181.340: [ParNew: 37567K->4159K(37568K), 0.0023940 secs] 436280K->404595K(758420K), 0.0024380 secs] [Times: user=0.01 sys=0.00, real=0.00 secs] 
181.342: Total time for which application threads were stopped: 0.0051880 seconds, Stopping threads took: 0.0026850 seconds
181.374: Application time: 0.0313290 seconds
181.376: [GC181.376: [ParNew: 37566K->4159K(37568K), 0.0022700 secs] 438002K->405733K(758420K), 0.0023150 secs] [Times: user=0.02 sys=0.00, real=0.00 secs] 
181.378: Total time for which application threads were stopped: 0.0048510 seconds, Stopping threads took: 0.0024700 seconds
181.410: Application time: 0.0320720 seconds
181.413: [GC181.413: [ParNew: 37567K->4159K(37568K), 0.0024680 secs] 439141K->407804K(758420K), 0.0025120 secs] [Times: user=0.02 sys=0.00, real=0.01 secs] 
181.416: Total time for which application threads were stopped: 0.0054080 seconds, Stopping threads took: 0.0028270 seconds
181.447: Application time: 0.0310010 seconds
181.448: [GC181.448: [ParNew: 37567K->4158K(37568K), 0.0023380 secs] 441212K->409319K(758420K), 0.0023780 secs] [Times: user=0.02 sys=0.00, real=0.00 secs] 
181.451: Total time for which application threads were stopped: 0.0037390 seconds, Stopping threads took: 0.0013010 seconds
181.482: Application time: 0.0313800 seconds
181.485: [GC181.485: [ParNew: 37566K->4159K(37568K), 0.0025600 secs] 442727K->411655K(758420K), 0.0026040 secs] [Times: user=0.02 sys=0.00, real=0.01 secs] 
181.487: Total time for which application threads were stopped: 0.0054390 seconds, Stopping threads took: 0.0027610 seconds
181.519: Application time: 0.0310320 seconds
181.521: [GC181.522: [ParNew: 37567K->4159K(37568K), 0.0024990 secs] 445063K->413851K(758420K), 0.0025440 secs] [Times: user=0.01 sys=0.00, real=0.00 secs] 
181.524: Total time for which application threads were stopped: 0.0055430 seconds, Stopping threads took: 0.0029320 seconds
181.555: Application time: 0.0305880 seconds
181.556: [GC181.557: [ParNew: 37567K->4158K(37568K), 0.0026200 secs] 447259K->416341K(758420K), 0.0026670 secs] [Times: user=0.02 sys=0.00, real=0.00 secs] 
181.559: Total time for which application threads were stopped: 0.0045210 seconds, Stopping threads took: 0.0017870 seconds
181.591: Application time: 0.0322610 seconds
181.594: [GC181.594: [ParNew: 37566K->4159K(37568K), 0.0024910 secs] 449749K->418357K(758420K), 0.0025360 secs] [Times: user=0.02 sys=0.00, real=0.01 secs] 
181.596: Total time for which application threads were stopped: 0.0050330 seconds, Stopping threads took: 0.0024190 seconds
181.627: Application time: 0.0304410 seconds
181.629: [GC181.629: [ParNew: 37567K->4159K(37568K), 0.0027530 secs] 451765K->421191K(758420K), 0.0027970 secs] [Times: user=0.02 sys=0.00, real=0.00 secs] 
181.632: Total time for which application threads were stopped: 0.0049010 seconds, Stopping threads took: 0.0020380 seconds
181.662: Application time: 0.0301170 seconds
181.663: [GC181.663: [ParNew: 37567K->4158K(37568K), 0.0026530 secs] 454599K->423875K(758420K), 0.0026970 secs] [Times: user=0.02 sys=0.00, real=0.00 secs] 
181.666: Total time for which application threads were stopped: 0.0041760 seconds, Stopping threads took: 0.0014130 seconds
181.698: Application time: 0.0314450 seconds
181.700: [GC181.700: [ParNew: 37566K->4159K(37568K), 0.0026610 secs] 457283K->426345K(758420K), 0.0027060 secs] [Times: user=0.02 sys=0.00, real=0.00 secs] 
181.703: Total time for which application threads were stopped: 0.0049770 seconds, Stopping threads took: 0.0022100 seconds
181.734: Application time: 0.0318210 seconds
181.736: [GC181.737: [ParNew: 37566K->4159K(37568K), 0.0025820 secs] 459752K->428704K(758420K), 0.0026270 secs] [Times: user=0.01 sys=0.01, real=0.00 secs] 
181.739: Total time for which application threads were stopped: 0.0047800 seconds, Stopping threads took: 0.0020840 seconds
181.771: Application time: 0.0316340 seconds
181.773: [GC181.773: [ParNew: 37565K->4158K(37568K), 0.0025750 secs] 462110K->431104K(758420K), 0.0026220 secs] [Times: user=0.02 sys=0.00, real=0.01 secs] 
181.776: Total time for which application threads were stopped: 0.0050500 seconds, Stopping threads took: 0.0023600 seconds
181.807: Application time: 0.0311890 seconds
181.809: [GC181.809: [ParNew: 37566K->4159K(37568K), 0.0020810 secs] 464512K->431793K(758420K), 0.0021230 secs] [Times: user=0.01 sys=0.00, real=0.00 secs] 
181.811: Total time for which application threads were stopped: 0.0041990 seconds, Stopping threads took: 0.0019990 seconds
181.842: Application time: 0.0309720 seconds
181.843: [GC181.843: [ParNew: 37567K->4159K(37568K), 0.0026150 secs] 465201K->433902K(758420K), 0.0026620 secs] [Times: user=0.02 sys=0.00, real=0.00 secs] 
181.846: Total time for which application threads were stopped: 0.0038850 seconds, Stopping threads took: 0.0011340 seconds
181.878: Application time: 0.0322190 seconds
181.881: [GC181.881: [ParNew: 37567K->4159K(37568K), 0.0025290 secs] 467310K->435946K(758420K), 0.0025740 secs] [Times: user=0.02 sys=0.00, real=0.00 secs] 
181.884: Total time for which application threads were stopped: 0.0056380 seconds, Stopping threads took: 0.0029990 seconds
181.915: Application time: 0.0312990 seconds
181.917: [GC181.917: [ParNew: 37567K->4159K(37568K), 0.0021890 secs] 469354K->436828K(758420K), 0.0022320 secs] [Times: user=0.02 sys=0.00, real=0.00 secs] 
181.919: Total time for which application threads were stopped: 0.0041200 seconds, Stopping threads took: 0.0018220 seconds
181.951: Application time: 0.0317940 seconds
181.954: [GC181.954: [ParNew: 37567K->4158K(37568K), 0.0026160 secs] 470236K->439514K(758420K), 0.0026590 secs] [Times: user=0.02 sys=0.00, real=0.01 secs] 
181.956: Total time for which application threads were stopped: 0.0052190 seconds, Stopping threads took: 0.0024960 seconds
181.988: Application time: 0.0319940 seconds
181.991: [GC181.991: [ParNew: 37566K->3820K(37568K), 0.0017900 secs] 472922K->439233K(758420K), 0.0018290 secs] [Times: user=0.01 sys=0.00, real=0.00 secs] 
181.993: Total time for which application threads were stopped: 0.0043790 seconds, Stopping threads took: 0.0024760 seconds
182.025: Application time: 0.0318840 seconds
182.027: [GC182.027: [ParNew: 37228K->4159K(37568K), 0.0024180 secs] 472641K->441222K(758420K), 0.0024570 secs] [Times: user=0.01 sys=0.00, real=0.00 secs] 
182.030: Total time for which application threads were stopped: 0.0050600 seconds, Stopping threads took: 0.0025380 seconds
182.061: Application time: 0.0314150 seconds
182.064: [GC182.064: [ParNew: 37567K->4158K(37568K), 0.0024890 secs] 474630K->443167K(758420K), 0.0025440 secs] [Times: user=0.02 sys=0.00, real=0.00 secs] 
182.067: Total time for which application threads were stopped: 0.0054720 seconds, Stopping threads took: 0.0028520 seconds
182.098: Application time: 0.0311050 seconds
182.101: [GC182.101: [ParNew: 37566K->4159K(37568K), 0.0024930 secs] 476575K->445068K(758420K), 0.0025350 secs] [Times: user=0.01 sys=0.00, real=0.00 secs] 
182.103: Total time for which application threads were stopped: 0.0055470 seconds, Stopping threads took: 0.0029560 seconds
182.135: Application time: 0.0316930 seconds
182.137: [GC182.137: [ParNew: 37567K->4159K(37568K), 0.0021710 secs] 478476K->445895K(758420K), 0.0022130 secs] [Times: user=0.01 sys=0.00, real=0.00 secs] 
182.139: Total time for which application threads were stopped: 0.0039850 seconds, Stopping threads took: 0.0017050 seconds
182.170: Application time: 0.0315210 seconds
182.173: [GC182.173: [ParNew: 37567K->4159K(37568K), 0.0026360 secs] 479303K->448396K(758420K), 0.0026830 secs] [Times: user=0.02 sys=0.00, real=0.01 secs] 
182.175: Total time for which application threads were stopped: 0.0048820 seconds, Stopping threads took: 0.0021310 seconds
182.206: Application time: 0.0308520 seconds
182.209: [GC182.209: [ParNew: 37567K->4158K(37568K), 0.0027170 secs] 481804K->451164K(758420K), 0.0027620 secs] [Times: user=0.02 sys=0.00, real=0.00 secs] 
182.212: Total time for which application threads were stopped: 0.0057990 seconds, Stopping threads took: 0.0029690 seconds
182.242: Application time: 0.0304470 seconds
182.244: [GC182.244: [ParNew: 37566K->4159K(37568K), 0.0029890 secs] 484572K->454667K(758420K), 0.0030370 secs] [Times: user=0.02 sys=0.00, real=0.01 secs] 
182.247: Total time for which application threads were stopped: 0.0048500 seconds, Stopping threads took: 0.0017430 seconds
182.279: Application time: 0.0316120 seconds
182.281: [GC182.281: [ParNew: 37567K->4159K(37568K), 0.0025960 secs] 488075K->457030K(758420K), 0.0026400 secs] [Times: user=0.02 sys=0.00, real=0.00 secs] 
182.283: Total time for which application threads were stopped: 0.0044600 seconds, Stopping threads took: 0.0017530 seconds
182.314: Application time: 0.0302330 seconds
182.315: [GC182.315: [ParNew: 37567K->4158K(37568K), 0.0028950 secs] 490438K->460262K(758420K), 0.0029410 secs] [Times: user=0.02 sys=0.00, real=0.00 secs] 
182.318: Total time for which application threads were stopped: 0.0047410 seconds, Stopping threads took: 0.0017330 seconds
182.350: Application time: 0.0314540 seconds
182.353: [GC182.353: [ParNew: 37566K->4159K(37568K), 0.0027700 secs] 493670K->463244K(758420K), 0.0028170 secs] [Times: user=0.02 sys=0.00, real=0.01 secs] 
182.356: Total time for which application threads were stopped: 0.0059520 seconds, Stopping threads took: 0.0030700 seconds
182.387: Application time: 0.0315500 seconds
182.390: [GC182.390: [ParNew: 37567K->4159K(37568K), 0.0026080 secs] 496652K->465603K(758420K), 0.0026520 secs] [Times: user=0.02 sys=0.00, real=0.00 secs] 
182.393: Total time for which application threads were stopped: 0.0056030 seconds, Stopping threads took: 0.0028820 seconds
182.424: Application time: 0.0312750 seconds
182.427: [GC182.427: [ParNew: 37567K->4159K(37568K), 0.0027910 secs] 499011K->468397K(758420K), 0.0028350 secs] [Times: user=0.02 sys=0.00, real=0.00 secs] 
182.430: Total time for which application threads were stopped: 0.0053780 seconds, Stopping threads took: 0.0024760 seconds
182.461: Application time: 0.0311860 seconds
182.464: [GC182.464: [ParNew: 37567K->4159K(37568K), 0.0027690 secs] 501805K->471187K(758420K), 0.0028170 secs] [Times: user=0.02 sys=0.00, real=0.01 secs] 
182.467: Total time for which application threads were stopped: 0.0060260 seconds, Stopping threads took: 0.0031420 seconds
182.498: Application time: 0.0310610 seconds
182.500: [GC182.500: [ParNew: 37567K->4158K(37568K), 0.0027130 secs] 504595K->474067K(758420K), 0.0027570 secs] [Times: user=0.02 sys=0.00, real=0.00 secs] 
182.503: Total time for which application threads were stopped: 0.0046360 seconds, Stopping threads took: 0.0018080 seconds
182.535: Application time: 0.0321380 seconds
182.536: [GC182.536: [ParNew: 37566K->4158K(37568K), 0.0022400 secs] 507475K->475351K(758420K), 0.0022900 secs] [Times: user=0.02 sys=0.00, real=0.00 secs] 
182.539: Total time for which application threads were stopped: 0.0041450 seconds, Stopping threads took: 0.0017880 seconds
182.570: Application time: 0.0315780 seconds
182.572: [GC182.572: [ParNew: 37566K->4159K(37568K), 0.0024950 secs] 508759K->476979K(758420K), 0.0025400 secs] [Times: user=0.02 sys=0.00, real=0.01 secs] 
182.575: Total time for which application threads were stopped: 0.0043750 seconds, Stopping threads took: 0.0017670 seconds
182.606: Application time: 0.0315290 seconds
182.608: [GC182.608: [ParNew: 37567K->4158K(37568K), 0.0022400 secs] 510387K->477955K(758420K), 0.0022870 secs] [Times: user=0.01 sys=0.01, real=0.00 secs] 
182.610: Total time for which application threads were stopped: 0.0038060 seconds, Stopping threads took: 0.0014320 seconds
182.642: Application time: 0.0320680 seconds
182.644: [GC182.644: [ParNew: 37566K->4158K(37568K), 0.0026080 secs] 511363K->480217K(758420K), 0.0026520 secs] [Times: user=0.02 sys=0.00, real=0.01 secs] 
182.647: Total time for which application threads were stopped: 0.0045940 seconds, Stopping threads took: 0.0018750 seconds
182.678: Application time: 0.0307890 seconds
182.679: [GC182.679: [ParNew: 37566K->4159K(37568K), 0.0022890 secs] 513625K->481864K(758420K), 0.0023320 secs] [Times: user=0.02 sys=0.00, real=0.00 secs] 
182.681: Total time for which application threads were stopped: 0.0038660 seconds, Stopping threads took: 0.0014660 seconds
182.712: Application time: 0.0308340 seconds
182.715: [GC182.715: [ParNew: 37567K->4159K(37568K), 0.0028720 secs] 515272K->484928K(758420K), 0.0029160 secs] [Times: user=0.02 sys=0.00, real=0.00 secs] 
182.718: Total time for which application threads were stopped: 0.0057860 seconds, Stopping threads took: 0.0028040 seconds
182.749: Application time: 0.0309670 seconds
182.751: [GC182.751: [ParNew: 37567K->4158K(37568K), 0.0025140 secs] 518336K->487155K(758420K), 0.0025560 secs] [Times: user=0.02 sys=0.00, real=0.00 secs] 
182.753: Total time for which application threads were stopped: 0.0043680 seconds, Stopping threads took: 0.0017510 seconds
182.784: Application time: 0.0311120 seconds
182.787: [GC182.787: [ParNew: 37566K->4159K(37568K), 0.0024220 secs] 520563K->488688K(758420K), 0.0024650 secs] [Times: user=0.02 sys=0.01, real=0.01 secs] 
182.789: Total time for which application threads were stopped: 0.0045100 seconds, Stopping threads took: 0.0019780 seconds
182.820: Application time: 0.0306330 seconds
182.821: [GC182.821: [ParNew: 37567K->4159K(37568K), 0.0024680 secs] 522096K->490572K(758420K), 0.0025110 secs] [Times: user=0.02 sys=0.00, real=0.00 secs] 
182.824: Total time for which application threads were stopped: 0.0042120 seconds, Stopping threads took: 0.0016360 seconds
182.855: Application time: 0.0314680 seconds
182.857: [GC182.857: [ParNew: 37567K->4158K(37568K), 0.0024880 secs] 523980K->492495K(758420K), 0.0025320 secs] [Times: user=0.02 sys=0.00, real=0.00 secs] 
182.860: Total time for which application threads were stopped: 0.0043910 seconds, Stopping threads took: 0.0017930 seconds
182.891: Application time: 0.0317220 seconds
182.894: [GC182.894: [ParNew: 37566K->4158K(37568K), 0.0028660 secs] 525903K->495856K(758420K), 0.0029110 secs] [Times: user=0.02 sys=0.00, real=0.01 secs] 
182.897: Total time for which application threads were stopped: 0.0058370 seconds, Stopping threads took: 0.0028580 seconds
182.929: Application time: 0.0314820 seconds
182.931: [GC182.931: [ParNew: 37566K->4159K(37568K), 0.0022830 secs] 529264K->497254K(758420K), 0.0023270 secs] [Times: user=0.02 sys=0.00, real=0.00 secs] 
182.933: Total time for which application threads were stopped: 0.0042660 seconds, Stopping threads took: 0.0018720 seconds
182.963: Application time: 0.0302490 seconds
182.965: [GC182.965: [ParNew: 37567K->4159K(37568K), 0.0029050 secs] 530662K->500503K(758420K), 0.0029590 secs] [Times: user=0.02 sys=0.00, real=0.01 secs] 
182.968: Total time for which application threads were stopped: 0.0046270 seconds, Stopping threads took: 0.0016020 seconds
182.999: Application time: 0.0306250 seconds
183.002: [GC183.002: [ParNew: 37567K->4159K(37568K), 0.0025420 secs] 533911K->502707K(758420K), 0.0025860 secs] [Times: user=0.02 sys=0.00, real=0.00 secs] 
183.004: Total time for which application threads were stopped: 0.0058980 seconds, Stopping threads took: 0.0032430 seconds
183.035: Application time: 0.0305460 seconds
183.037: [GC183.037: [ParNew: 37567K->4158K(37568K), 0.0026880 secs] 536115K->505305K(758420K), 0.0027320 secs] [Times: user=0.02 sys=0.00, real=0.00 secs] 
183.040: Total time for which application threads were stopped: 0.0049860 seconds, Stopping threads took: 0.0021870 seconds
183.071: Application time: 0.0313600 seconds
183.073: [GC183.073: [ParNew: 37566K->4159K(37568K), 0.0024590 secs] 538713K->507205K(758420K), 0.0025040 secs] [Times: user=0.01 sys=0.00, real=0.01 secs] 
183.076: Total time for which application threads were stopped: 0.0042330 seconds, Stopping threads took: 0.0016610 seconds
183.107: Application time: 0.0312450 seconds
183.109: [GC183.109: [ParNew: 37567K->4158K(37568K), 0.0027420 secs] 540613K->509955K(758420K), 0.0027830 secs] [Times: user=0.02 sys=0.00, real=0.00 secs] 
183.112: Total time for which application threads were stopped: 0.0052170 seconds, Stopping threads took: 0.0023660 seconds
183.144: Application time: 0.0319520 seconds
183.147: [GC183.147: [ParNew: 37565K->4158K(37568K), 0.0025170 secs] 543362K->512036K(758420K), 0.0025600 secs] [Times: user=0.02 sys=0.00, real=0.00 secs] 
183.149: Total time for which application threads were stopped: 0.0053910 seconds, Stopping threads took: 0.0027640 seconds
183.180: Application time: 0.0311040 seconds
183.182: [GC183.182: [ParNew: 37566K->4159K(37568K), 0.0026950 secs] 545444K->514557K(758420K), 0.0027390 secs] [Times: user=0.02 sys=0.00, real=0.00 secs] 
183.185: Total time for which application threads were stopped: 0.0044830 seconds, Stopping threads took: 0.0016770 seconds
183.217: Application time: 0.0316540 seconds
183.220: [GC183.220: [ParNew: 37567K->4158K(37568K), 0.0029100 secs] 547965K->517994K(758420K), 0.0029550 secs] [Times: user=0.02 sys=0.00, real=0.00 secs] 
183.223: Total time for which application threads were stopped: 0.0062070 seconds, Stopping threads took: 0.0031840 seconds
183.255: Application time: 0.0320200 seconds
183.257: [GC183.257: [ParNew: 37565K->4158K(37568K), 0.0023170 secs] 551402K->519428K(758420K), 0.0023620 secs] [Times: user=0.01 sys=0.00, real=0.00 secs] 
183.259: Total time for which application threads were stopped: 0.0040790 seconds, Stopping threads took: 0.0016490 seconds
183.291: Application time: 0.0323770 seconds
183.293: [GC183.293: [ParNew: 37566K->4159K(37568K), 0.0023450 secs] 552836K->520788K(758420K), 0.0023890 secs] [Times: user=0.02 sys=0.01, real=0.01 secs] 
183.295: Total time for which application threads were stopped: 0.0037590 seconds, Stopping threads took: 0.0013010 seconds
183.328: Application time: 0.0324850 seconds
183.330: [GC183.330: [ParNew: 37567K->4158K(37568K), 0.0025810 secs] 554196K->522916K(758420K), 0.0026270 secs] [Times: user=0.01 sys=0.00, real=0.00 secs] 
183.332: Total time for which application threads were stopped: 0.0046440 seconds, Stopping threads took: 0.0019500 seconds
183.363: Application time: 0.0308910 seconds
183.365: [GC183.365: [ParNew: 37566K->4159K(37568K), 0.0025410 secs] 556324K->524959K(758420K), 0.0025890 secs] [Times: user=0.01 sys=0.00, real=0.01 secs] 
183.367: Total time for which application threads were stopped: 0.0041420 seconds, Stopping threads took: 0.0014860 seconds
183.400: Application time: 0.0324390 seconds
183.402: [GC183.402: [ParNew: 37567K->4159K(37568K), 0.0018050 secs] 558367K->524972K(758420K), 0.0018490 secs] [Times: user=0.01 sys=0.00, real=0.00 secs] 
183.404: Total time for which application threads were stopped: 0.0038770 seconds, Stopping threads took: 0.0019700 seconds
183.435: Application time: 0.0316770 seconds
183.437: [GC183.437: [ParNew: 37567K->4159K(37568K), 0.0023580 secs] 558380K->526351K(758420K), 0.0024090 secs] [Times: user=0.02 sys=0.00, real=0.00 secs] 
183.440: Total time for which application threads were stopped: 0.0042870 seconds, Stopping threads took: 0.0018150 seconds
183.470: Application time: 0.0309160 seconds
183.472: [GC183.472: [ParNew: 37567K->4159K(37568K), 0.0025530 secs] 559759K->528666K(758420K), 0.0025990 secs] [Times: user=0.02 sys=0.00, real=0.01 secs] 
183.475: Total time for which application threads were stopped: 0.0042010 seconds, Stopping threads took: 0.0015350 seconds
183.504: Application time: 0.0297830 seconds
183.506: [GC183.506: [ParNew: 37565K->4158K(37568K), 0.0030410 secs] 562072K->532299K(758420K), 0.0030870 secs] [Times: user=0.02 sys=0.00, real=0.01 secs] 
183.510: Total time for which application threads were stopped: 0.0050560 seconds, Stopping threads took: 0.0018900 seconds
183.541: Application time: 0.0319580 seconds
183.544: [GC183.544: [ParNew: 37566K->4158K(37568K), 0.0026970 secs] 565707K->534837K(758420K), 0.0027410 secs] [Times: user=0.01 sys=0.00, real=0.01 secs] 
183.547: Total time for which application threads were stopped: 0.0056960 seconds, Stopping threads took: 0.0028890 seconds
183.579: Application time: 0.0320610 seconds
183.581: [GC183.581: [ParNew: 37565K->4159K(37568K), 0.0022800 secs] 568244K->535920K(758420K), 0.0023240 secs] [Times: user=0.02 sys=0.00, real=0.00 secs] 
183.584: Total time for which application threads were stopped: 0.0045070 seconds, Stopping threads took: 0.0021150 seconds
183.614: Application time: 0.0301870 seconds
183.616: [GC183.616: [ParNew: 37566K->4158K(37568K), 0.0025890 secs] 569326K->537870K(758420K), 0.0026360 secs] [Times: user=0.02 sys=0.00, real=0.00 secs] 
183.619: Total time for which application threads were stopped: 0.0047360 seconds, Stopping threads took: 0.0020310 seconds
183.651: Application time: 0.0319810 seconds
183.653: [GC183.653: [ParNew: 37566K->4158K(37568K), 0.0029220 secs] 571278K->541220K(758420K), 0.0029650 secs] [Times: user=0.02 sys=0.00, real=0.01 secs] 
183.656: Total time for which application threads were stopped: 0.0057720 seconds, Stopping threads took: 0.0027470 seconds
183.687: Application time: 0.0305720 seconds
183.689: [GC183.689: [ParNew: 37566K->4158K(37568K), 0.0028750 secs] 574628K->544400K(758420K), 0.0029190 secs] [Times: user=0.02 sys=0.00, real=0.00 secs] 
183.692: Total time for which application threads were stopped: 0.0050870 seconds, Stopping threads took: 0.0021000 seconds
183.724: Application time: 0.0316810 seconds
183.727: [GC183.727: [ParNew: 37566K->4158K(37568K), 0.0027650 secs] 577808K->547005K(758420K), 0.0028090 secs] [Times: user=0.02 sys=0.00, real=0.00 secs] 
183.729: Total time for which application threads were stopped: 0.0056970 seconds, Stopping threads took: 0.0028130 seconds
183.762: Application time: 0.0321320 seconds
183.763: [GC183.763: [ParNew: 37566K->3997K(37568K), 0.0018050 secs] 580413K->546844K(758420K), 0.0018470 secs] [Times: user=0.01 sys=0.00, real=0.00 secs] 
183.765: Total time for which application threads were stopped: 0.0036150 seconds, Stopping threads took: 0.0017000 seconds
183.797: Application time: 0.0316960 seconds
183.798: [GC183.798: [ParNew: 37405K->4159K(37568K), 0.0024310 secs] 580252K->548693K(758420K), 0.0024790 secs] [Times: user=0.02 sys=0.00, real=0.00 secs] 
183.801: Total time for which application threads were stopped: 0.0039200 seconds, Stopping threads took: 0.0013760 seconds
183.831: Application time: 0.0304450 seconds
183.833: [GC183.833: [ParNew: 37566K->4158K(37568K), 0.0025580 secs] 582099K->550314K(758420K), 0.0026030 secs] [Times: user=0.02 sys=0.00, real=0.01 secs] 
183.836: Total time for which application threads were stopped: 0.0048240 seconds, Stopping threads took: 0.0021340 seconds
183.868: Application time: 0.0315130 seconds
183.870: [GC183.870: [ParNew: 37566K->4158K(37568K), 0.0023720 secs] 583722K->551760K(758420K), 0.0024180 secs] [Times: user=0.02 sys=0.00, real=0.00 secs] 
183.872: Total time for which application threads were stopped: 0.0044120 seconds, Stopping threads took: 0.0019190 seconds
183.904: Application time: 0.0323480 seconds
183.906: [GC183.906: [ParNew: 37565K->4159K(37568K), 0.0023830 secs] 585167K->553098K(758420K), 0.0024280 secs] [Times: user=0.02 sys=0.00, real=0.01 secs] 
183.908: Total time for which application threads were stopped: 0.0039150 seconds, Stopping threads took: 0.0014130 seconds
183.939: Application time: 0.0304140 seconds
183.941: [GC183.941: [ParNew: 37567K->4159K(37568K), 0.0027920 secs] 586506K->555744K(758420K), 0.0028370 secs] [Times: user=0.02 sys=0.00, real=0.00 secs] 
183.943: Total time for which application threads were stopped: 0.0046550 seconds, Stopping threads took: 0.0017490 seconds
183.974: Application time: 0.0305830 seconds
183.976: [GC183.976: [ParNew: 37567K->4159K(37568K), 0.0026860 secs] 589152K->558176K(758420K), 0.0027320 secs] [Times: user=0.02 sys=0.00, real=0.00 secs] 
183.979: Total time for which application threads were stopped: 0.0049690 seconds, Stopping threads took: 0.0021690 seconds
184.012: Application time: 0.0326090 seconds
184.015: [GC184.015: [ParNew: 37566K->4159K(37568K), 0.0024440 secs] 591582K->560038K(758420K), 0.0024890 secs] [Times: user=0.01 sys=0.00, real=0.00 secs] 
184.017: Total time for which application threads were stopped: 0.0058370 seconds, Stopping threads took: 0.0032690 seconds
184.049: Application time: 0.0316220 seconds
184.051: [GC184.051: [ParNew: 37567K->4159K(37568K), 0.0026960 secs] 593446K->562752K(758420K), 0.0027440 secs] [Times: user=0.02 sys=0.00, real=0.00 secs] 
184.054: Total time for which application threads were stopped: 0.0047590 seconds, Stopping threads took: 0.0019480 seconds
184.085: Application time: 0.0308280 seconds
184.086: [GC184.086: [ParNew: 37566K->4159K(37568K), 0.0027650 secs] 596158K->565321K(758420K), 0.0028110 secs] [Times: user=0.02 sys=0.00, real=0.01 secs] 
184.089: Total time for which application threads were stopped: 0.0043220 seconds, Stopping threads took: 0.0014440 seconds
184.122: Application time: 0.0325970 seconds
184.124: [GC184.124: [ParNew: 37566K->4158K(37568K), 0.0023120 secs] 598729K->566772K(758420K), 0.0023570 secs] [Times: user=0.02 sys=0.00, real=0.00 secs] 
184.126: Total time for which application threads were stopped: 0.0046140 seconds, Stopping threads took: 0.0021900 seconds
184.158: Application time: 0.0319190 seconds
184.160: [GC184.160: [ParNew: 37565K->4158K(37568K), 0.0026270 secs] 600179K->569089K(758420K), 0.0026700 secs] [Times: user=0.02 sys=0.00, real=0.00 secs] 
184.162: Total time for which application threads were stopped: 0.0043870 seconds, Stopping threads took: 0.0016510 seconds
184.193: Application time: 0.0307280 seconds
184.195: [GC184.195: [ParNew: 37566K->4159K(37568K), 0.0025460 secs] 602497K->571179K(758420K), 0.0025910 secs] [Times: user=0.02 sys=0.00, real=0.00 secs] 
184.197: Total time for which application threads were stopped: 0.0043190 seconds, Stopping threads took: 0.0016590 seconds
184.229: Application time: 0.0313040 seconds
184.230: [GC184.230: [ParNew: 37567K->4158K(37568K), 0.0028810 secs] 604587K->574196K(758420K), 0.0029250 secs] [Times: user=0.02 sys=0.00, real=0.00 secs] 
184.233: Total time for which application threads were stopped: 0.0044890 seconds, Stopping threads took: 0.0014970 seconds
184.265: Application time: 0.0312130 seconds
184.267: [GC184.267: [ParNew: 37566K->4158K(37568K), 0.0024460 secs] 607604K->576088K(758420K), 0.0024920 secs] [Times: user=0.01 sys=0.00, real=0.01 secs] 
184.269: Total time for which application threads were stopped: 0.0045470 seconds, Stopping threads took: 0.0019870 seconds
184.300: Application time: 0.0307330 seconds
184.302: [GC184.302: [ParNew: 37564K->4158K(37568K), 0.0025370 secs] 609494K->578341K(758420K), 0.0025810 secs] [Times: user=0.02 sys=0.00, real=0.00 secs] 
184.305: Total time for which application threads were stopped: 0.0048770 seconds, Stopping threads took: 0.0022290 seconds
184.335: Application time: 0.0304580 seconds
184.337: [GC184.337: [ParNew: 37566K->4159K(37568K), 0.0027850 secs] 611749K->581085K(758420K), 0.0028380 secs] [Times: user=0.02 sys=0.00, real=0.00 secs] 
184.340: Total time for which application threads were stopped: 0.0049830 seconds, Stopping threads took: 0.0020790 seconds
184.371: Application time: 0.0307920 seconds
184.372: [GC184.372: [ParNew: 37567K->4159K(37568K), 0.0026670 secs] 614493K->583646K(758420K), 0.0027120 secs] [Times: user=0.02 sys=0.00, real=0.01 secs] 
184.375: Total time for which application threads were stopped: 0.0042070 seconds, Stopping threads took: 0.0014290 seconds
184.407: Application time: 0.0316860 seconds
184.409: [GC184.409: [ParNew: 37567K->4159K(37568K), 0.0025970 secs] 617054K->585702K(758420K), 0.0026390 secs] [Times: user=0.02 sys=0.00, real=0.00 secs] 
184.412: Total time for which application threads were stopped: 0.0047190 seconds, Stopping threads took: 0.0020170 seconds
184.443: Application time: 0.0318880 seconds
184.445: [GC184.445: [ParNew: 37566K->4159K(37568K), 0.0021790 secs] 619109K->586665K(758420K), 0.0022220 secs] [Times: user=0.02 sys=0.00, real=0.01 secs] 
184.447: Total time for which application threads were stopped: 0.0038940 seconds, Stopping threads took: 0.0016070 seconds
184.479: Application time: 0.0315840 seconds
184.481: [GC184.481: [ParNew: 37567K->4158K(37568K), 0.0024920 secs] 620073K->588541K(758420K), 0.0025320 secs] [Times: user=0.02 sys=0.00, real=0.00 secs] 
184.484: Total time for which application threads were stopped: 0.0048820 seconds, Stopping threads took: 0.0022850 seconds
184.516: Application time: 0.0324830 seconds
184.519: [GC184.519: [ParNew: 37566K->4158K(37568K), 0.0023170 secs] 621949K->589782K(758420K), 0.0023610 secs] [Times: user=0.02 sys=0.00, real=0.00 secs] 
184.521: Total time for which application threads were stopped: 0.0048150 seconds, Stopping threads took: 0.0023780 seconds
184.552: Application time: 0.0312330 seconds
184.554: [GC184.554: [ParNew: 37566K->4159K(37568K), 0.0022520 secs] 623190K->590968K(758420K), 0.0022990 secs] [Times: user=0.02 sys=0.00, real=0.01 secs] 
184.556: Total time for which application threads were stopped: 0.0037810 seconds, Stopping threads took: 0.0014140 seconds
184.588: Application time: 0.0317890 seconds
184.590: [GC184.590: [ParNew: 37567K->4158K(37568K), 0.0023590 secs] 624376K->592017K(758420K), 0.0024040 secs] [Times: user=0.02 sys=0.00, real=0.00 secs] 
184.593: Total time for which application threads were stopped: 0.0046280 seconds, Stopping threads took: 0.0021360 seconds
184.622: Application time: 0.0299050 seconds
184.625: [GC184.625: [ParNew: 37566K->4158K(37568K), 0.0030880 secs] 625425K->595116K(758420K), 0.0031340 secs] [Times: user=0.02 sys=0.00, real=0.01 secs] 
184.628: Total time for which application threads were stopped: 0.0057660 seconds, Stopping threads took: 0.0025430 seconds
184.659: Application time: 0.0312600 seconds
184.662: [GC184.662: [ParNew: 37565K->4158K(37568K), 0.0026970 secs] 628523K->597453K(758420K), 0.0027420 secs] [Times: user=0.02 sys=0.00, real=0.00 secs] 
184.664: Total time for which application threads were stopped: 0.0049380 seconds, Stopping threads took: 0.0021290 seconds
184.695: Application time: 0.0301240 seconds
184.697: [GC184.697: [ParNew: 37566K->4158K(37568K), 0.0026700 secs] 630861K->599701K(758420K), 0.0027170 secs] [Times: user=0.01 sys=0.00, real=0.00 secs] 
184.699: Total time for which application threads were stopped: 0.0048680 seconds, Stopping threads took: 0.0020610 seconds
184.731: Application time: 0.0318820 seconds
184.735: [GC184.735: [ParNew: 37566K->4159K(37568K), 0.0023250 secs] 633109K->601223K(758420K), 0.0023690 secs] [Times: user=0.02 sys=0.00, real=0.00 secs] 
184.737: Total time for which application threads were stopped: 0.0058370 seconds, Stopping threads took: 0.0033990 seconds
184.768: Application time: 0.0312150 seconds
184.771: [GC184.771: [ParNew: 37567K->4158K(37568K), 0.0022870 secs] 634630K->602571K(758420K), 0.0023370 secs] [Times: user=0.01 sys=0.01, real=0.00 secs] 
184.773: Total time for which application threads were stopped: 0.0046210 seconds, Stopping threads took: 0.0022070 seconds
184.803: Application time: 0.0302130 seconds
184.805: [GC184.805: [ParNew: 37566K->4159K(37568K), 0.0029170 secs] 635979K->605713K(758420K), 0.0029600 secs] [Times: user=0.02 sys=0.00, real=0.01 secs] 
184.808: Total time for which application threads were stopped: 0.0045630 seconds, Stopping threads took: 0.0015370 seconds
184.839: Application time: 0.0310320 seconds
184.840: [GC184.840: [ParNew: 37567K->4158K(37568K), 0.0023960 secs] 639121K->607200K(758420K), 0.0024410 secs] [Times: user=0.02 sys=0.00, real=0.00 secs] 
184.843: Total time for which application threads were stopped: 0.0038810 seconds, Stopping threads took: 0.0013740 seconds
184.874: Application time: 0.0312520 seconds
184.876: [GC184.876: [ParNew: 37566K->4159K(37568K), 0.0027970 secs] 640608K->610162K(758420K), 0.0028460 secs] [Times: user=0.02 sys=0.00, real=0.00 secs] 
184.879: Total time for which application threads were stopped: 0.0048630 seconds, Stopping threads took: 0.0019280 seconds
184.910: Application time: 0.0312210 seconds
184.913: [GC184.913: [ParNew: 37567K->4158K(37568K), 0.0025050 secs] 643570K->611995K(758420K), 0.0025520 secs] [Times: user=0.02 sys=0.00, real=0.01 secs] 
184.916: Total time for which application threads were stopped: 0.0057480 seconds, Stopping threads took: 0.0031280 seconds
184.947: Application time: 0.0308550 seconds
184.949: [GC184.949: [ParNew: 37566K->4159K(37568K), 0.0023400 secs] 645403K->613714K(758420K), 0.0023850 secs] [Times: user=0.01 sys=0.00, real=0.00 secs] 
184.952: Total time for which application threads were stopped: 0.0052850 seconds, Stopping threads took: 0.0028330 seconds
184.982: Application time: 0.0303720 seconds
184.985: [GC184.985: [ParNew: 37567K->4159K(37568K), 0.0027200 secs] 647122K->616294K(758420K), 0.0027630 secs] [Times: user=0.02 sys=0.00, real=0.01 secs] 
184.988: Total time for which application threads were stopped: 0.0058790 seconds, Stopping threads took: 0.0030490 seconds
185.019: Application time: 0.0305330 seconds
185.021: [GC185.021: [ParNew: 37567K->4159K(37568K), 0.0026870 secs] 649702K->618752K(758420K), 0.0027340 secs] [Times: user=0.02 sys=0.00, real=0.00 secs] 
185.024: Total time for which application threads were stopped: 0.0049270 seconds, Stopping threads took: 0.0021150 seconds
185.055: Application time: 0.0314440 seconds
185.057: [GC185.057: [ParNew: 37567K->4158K(37568K), 0.0025340 secs] 652160K->620628K(758420K), 0.0025790 secs] [Times: user=0.01 sys=0.00, real=0.00 secs] 
185.060: Total time for which application threads were stopped: 0.0047500 seconds, Stopping threads took: 0.0021120 seconds
185.091: Application time: 0.0311830 seconds
185.093: [GC185.093: [ParNew: 37566K->4159K(37568K), 0.0026220 secs] 654036K->623007K(758420K), 0.0026660 secs] [Times: user=0.02 sys=0.00, real=0.01 secs] 
185.096: Total time for which application threads were stopped: 0.0050300 seconds, Stopping threads took: 0.0022950 seconds
185.127: Application time: 0.0312600 seconds
185.130: [GC185.130: [ParNew: 37567K->4158K(37568K), 0.0025820 secs] 656415K->625375K(758420K), 0.0026270 secs] [Times: user=0.02 sys=0.00, real=0.00 secs] 
185.133: Total time for which application threads were stopped: 0.0057280 seconds, Stopping threads took: 0.0030350 seconds
185.164: Application time: 0.0306050 seconds
185.166: [GC185.166: [ParNew: 37566K->4159K(37568K), 0.0029010 secs] 658782K->628621K(758420K), 0.0029430 secs] [Times: user=0.02 sys=0.00, real=0.01 secs] 
185.169: Total time for which application threads were stopped: 0.0053690 seconds, Stopping threads took: 0.0023600 seconds
185.200: Application time: 0.0311100 seconds
185.202: [GC185.202: [ParNew: 37567K->4158K(37568K), 0.0028610 secs] 662029K->631829K(758420K), 0.0029060 secs] [Times: user=0.02 sys=0.00, real=0.00 secs] 
185.205: Total time for which application threads were stopped: 0.0050310 seconds, Stopping threads took: 0.0020590 seconds
 CMS: abort preclean due to time 185.208: [CMS-concurrent-abortable-preclean: 0.672/5.007 secs] [Times: user=37.62 sys=0.18, real=5.01 secs] 
185.208: Application time: 0.0032610 seconds
185.212: [GC[YG occupancy: 9056 K (37568 K)]185.212: [Rescan (parallel) , 0.0004920 secs]185.212: [weak refs processing, 0.0000060 secs]185.212: [scrub string table, 0.0001130 secs] [1 CMS-remark: 627671K(720852K)] 636728K(758420K), 0.0006400 secs] [Times: user=0.01 sys=0.00, real=0.00 secs] 
185.213: Total time for which application threads were stopped: 0.0041470 seconds, Stopping threads took: 0.0034570 seconds
185.213: [CMS-concurrent-sweep-start]
185.241: Application time: 0.0282910 seconds
185.243: [GC185.243: [ParNew: 37566K->4158K(37568K), 0.0025320 secs] 361648K->330349K(758420K), 0.0025750 secs] [Times: user=0.02 sys=0.00, real=0.00 secs] 
185.246: Total time for which application threads were stopped: 0.0052360 seconds, Stopping threads took: 0.0025960 seconds
185.251: [CMS-concurrent-sweep: 0.034/0.039 secs] [Times: user=0.29 sys=0.00, real=0.04 secs] 
185.252: [CMS-concurrent-reset-start]
185.253: [CMS-concurrent-reset: 0.002/0.002 secs] [Times: user=0.00 sys=0.00, real=0.00 secs] 
185.279: Application time: 0.0331130 seconds
185.281: [GC185.281: [ParNew: 37566K->4159K(37568K), 0.0028640 secs] 342364K->312032K(758420K), 0.0029110 secs] [Times: user=0.01 sys=0.00, real=0.00 secs] 
185.284: Total time for which application threads were stopped: 0.0050670 seconds, Stopping threads took: 0.0020880 seconds
185.284: Application time: 0.0000480 seconds
185.286: [GC [1 CMS-initial-mark: 307873K(720852K)] 312425K(758420K), 0.0002040 secs] [Times: user=0.00 sys=0.00, real=0.00 secs] 
185.286: Total time for which application threads were stopped: 0.0020050 seconds, Stopping threads took: 0.0017800 seconds
185.286: [CMS-concurrent-mark-start]
185.308: [CMS-concurrent-mark: 0.022/0.022 secs] [Times: user=0.16 sys=0.00, real=0.03 secs] 
185.308: [CMS-concurrent-preclean-start]
185.309: [CMS-concurrent-preclean: 0.001/0.001 secs] [Times: user=0.01 sys=0.00, real=0.00 secs] 
185.309: [CMS-concurrent-abortable-preclean-start]
185.318: Application time: 0.0318170 seconds
185.320: [GC185.320: [ParNew: 37567K->4159K(37568K), 0.0022050 secs] 345440K->313016K(758420K), 0.0022460 secs] [Times: user=0.01 sys=0.00, real=0.00 secs] 
185.323: Total time for which application threads were stopped: 0.0044570 seconds, Stopping threads took: 0.0021130 seconds
185.354: Application time: 0.0313670 seconds
185.356: [GC185.356: [ParNew: 37567K->4158K(37568K), 0.0028620 secs] 346424K->315996K(758420K), 0.0029070 secs] [Times: user=0.01 sys=0.00, real=0.00 secs] 
185.359: Total time for which application threads were stopped: 0.0053210 seconds, Stopping threads took: 0.0023500 seconds
185.389: Application time: 0.0297620 seconds
185.392: [GC185.392: [ParNew: 37566K->4158K(37568K), 0.0025870 secs] 349404K->318414K(758420K), 0.0026310 secs] [Times: user=0.02 sys=0.00, real=0.01 secs] 
185.395: Total time for which application threads were stopped: 0.0057230 seconds, Stopping threads took: 0.0030280 seconds
185.424: Application time: 0.0289310 seconds
185.426: [GC185.426: [ParNew: 37565K->4159K(37568K), 0.0024040 secs] 351821K->320280K(758420K), 0.0024460 secs] [Times: user=0.01 sys=0.00, real=0.01 secs] 
185.429: Total time for which application threads were stopped: 0.0050590 seconds, Stopping threads took: 0.0025470 seconds
185.459: Application time: 0.0298570 seconds
185.461: [GC185.461: [ParNew: 37567K->4159K(37568K), 0.0025280 secs] 353688K->322434K(758420K), 0.0025730 secs] [Times: user=0.02 sys=0.00, real=0.00 secs] 
185.463: Total time for which application threads were stopped: 0.0046550 seconds, Stopping threads took: 0.0020230 seconds
185.493: Application time: 0.0292820 seconds
185.494: [GC185.494: [ParNew: 37567K->4159K(37568K), 0.0022100 secs] 355842K->323449K(758420K), 0.0022530 secs] [Times: user=0.02 sys=0.00, real=0.01 secs] 
185.497: Total time for which application threads were stopped: 0.0039540 seconds, Stopping threads took: 0.0016370 seconds
185.526: Application time: 0.0291460 seconds
185.528: [GC185.528: [ParNew: 37567K->4159K(37568K), 0.0025680 secs] 356857K->325742K(758420K), 0.0026200 secs] [Times: user=0.02 sys=0.00, real=0.00 secs] 
185.531: Total time for which application threads were stopped: 0.0053280 seconds, Stopping threads took: 0.0026360 seconds
185.560: Application time: 0.0294390 seconds
185.561: [GC185.561: [ParNew: 37567K->4158K(37568K), 0.0025510 secs] 359150K->328004K(758420K), 0.0025940 secs] [Times: user=0.02 sys=0.00, real=0.00 secs] 
185.564: Total time for which application threads were stopped: 0.0036190 seconds, Stopping threads took: 0.0009610 seconds
185.594: Application time: 0.0294640 seconds
185.595: [GC185.595: [ParNew: 37566K->4159K(37568K), 0.0023630 secs] 361412K->329573K(758420K), 0.0024030 secs] [Times: user=0.01 sys=0.00, real=0.00 secs] 
185.597: Total time for which application threads were stopped: 0.0039500 seconds, Stopping threads took: 0.0014810 seconds
185.626: Application time: 0.0289160 seconds
185.627: [GC185.627: [ParNew: 37567K->4158K(37568K), 0.0021730 secs] 362981K->330635K(758420K), 0.0022140 secs] [Times: user=0.02 sys=0.00, real=0.00 secs] 
185.630: Total time for which application threads were stopped: 0.0033130 seconds, Stopping threads took: 0.0010320 seconds
185.658: Application time: 0.0286510 seconds
185.660: [GC185.660: [ParNew: 37565K->4158K(37568K), 0.0027810 secs] 364042K->333560K(758420K), 0.0028250 secs] [Times: user=0.02 sys=0.00, real=0.00 secs] 
185.663: Total time for which application threads were stopped: 0.0045060 seconds, Stopping threads took: 0.0016220 seconds
185.693: Application time: 0.0303730 seconds
185.696: [GC185.696: [ParNew: 37566K->4159K(37568K), 0.0027230 secs] 366968K->336502K(758420K), 0.0027650 secs] [Times: user=0.02 sys=0.00, real=0.00 secs] 
185.699: Total time for which application threads were stopped: 0.0058750 seconds, Stopping threads took: 0.0030450 seconds
185.728: Application time: 0.0293410 seconds
185.731: [GC185.731: [ParNew: 37567K->4158K(37568K), 0.0027010 secs] 369910K->339306K(758420K), 0.0027440 secs] [Times: user=0.02 sys=0.00, real=0.00 secs] 
185.733: Total time for which application threads were stopped: 0.0049880 seconds, Stopping threads took: 0.0021760 seconds
185.763: Application time: 0.0298730 seconds
185.765: [GC185.766: [ParNew: 37566K->4158K(37568K), 0.0025100 secs] 372714K->341401K(758420K), 0.0025500 secs] [Times: user=0.02 sys=0.00, real=0.01 secs] 
185.768: Total time for which application threads were stopped: 0.0047440 seconds, Stopping threads took: 0.0021280 seconds
185.799: Application time: 0.0305830 seconds
185.801: [GC185.801: [ParNew: 37565K->4158K(37568K), 0.0025800 secs] 374808K->343736K(758420K), 0.0026240 secs] [Times: user=0.02 sys=0.00, real=0.00 secs] 
185.804: Total time for which application threads were stopped: 0.0052420 seconds, Stopping threads took: 0.0025510 seconds
185.832: Application time: 0.0283370 seconds
185.835: [GC185.835: [ParNew: 37566K->4159K(37568K), 0.0025320 secs] 377144K->346014K(758420K), 0.0025770 secs] [Times: user=0.02 sys=0.00, real=0.00 secs] 
185.837: Total time for which application threads were stopped: 0.0051450 seconds, Stopping threads took: 0.0025020 seconds
185.867: Application time: 0.0301030 seconds
185.870: [GC185.870: [ParNew: 37567K->4159K(37568K), 0.0025240 secs] 379422K->348140K(758420K), 0.0025680 secs] [Times: user=0.02 sys=0.00, real=0.00 secs] 
185.872: Total time for which application threads were stopped: 0.0047990 seconds, Stopping threads took: 0.0021660 seconds
185.901: Application time: 0.0290370 seconds
185.904: [GC185.904: [ParNew: 37566K->4158K(37568K), 0.0021520 secs] 381547K->349252K(758420K), 0.0021980 secs] [Times: user=0.02 sys=0.00, real=0.00 secs] 
185.906: Total time for which application threads were stopped: 0.0044570 seconds, Stopping threads took: 0.0021940 seconds
185.935: Application time: 0.0287160 seconds
185.937: [GC185.937: [ParNew: 37565K->4158K(37568K), 0.0024640 secs] 382659K->351133K(758420K), 0.0025080 secs] [Times: user=0.02 sys=0.00, real=0.00 secs] 
185.939: Total time for which application threads were stopped: 0.0049820 seconds, Stopping threads took: 0.0023900 seconds
185.968: Application time: 0.0287050 seconds
185.969: [GC185.969: [ParNew: 37566K->4159K(37568K), 0.0027560 secs] 384541K->353958K(758420K), 0.0028100 secs] [Times: user=0.02 sys=0.00, real=0.00 secs] 
185.972: Total time for which application threads were stopped: 0.0037390 seconds, Stopping threads took: 0.0008620 seconds
186.001: Application time: 0.0289770 seconds
186.003: [GC186.003: [ParNew: 37567K->4158K(37568K), 0.0027110 secs] 387366K->356698K(758420K), 0.0027540 secs] [Times: user=0.02 sys=0.00, real=0.00 secs] 
186.006: Total time for which application threads were stopped: 0.0046910 seconds, Stopping threads took: 0.0018720 seconds
186.035: Application time: 0.0297790 seconds
186.038: [GC186.038: [ParNew: 37566K->4159K(37568K), 0.0029600 secs] 390106K->360436K(758420K), 0.0030030 secs] [Times: user=0.02 sys=0.00, real=0.00 secs] 
186.041: Total time for which application threads were stopped: 0.0059870 seconds, Stopping threads took: 0.0029110 seconds
186.070: Application time: 0.0289550 seconds
186.072: [GC186.072: [ParNew: 37567K->4159K(37568K), 0.0029830 secs] 393844K->364043K(758420K), 0.0030320 secs] [Times: user=0.02 sys=0.00, real=0.01 secs] 
186.075: Total time for which application threads were stopped: 0.0045830 seconds, Stopping threads took: 0.0014860 seconds
186.105: Application time: 0.0297970 seconds
186.107: [GC186.107: [ParNew: 37567K->4158K(37568K), 0.0024270 secs] 397451K->365638K(758420K), 0.0024660 secs] [Times: user=0.02 sys=0.00, real=0.00 secs] 
186.109: Total time for which application threads were stopped: 0.0046670 seconds, Stopping threads took: 0.0021350 seconds
186.139: Application time: 0.0291420 seconds
186.140: [GC186.140: [ParNew: 37566K->4158K(37568K), 0.0022250 secs] 399046K->366566K(758420K), 0.0022670 secs] [Times: user=0.02 sys=0.00, real=0.00 secs] 
186.142: Total time for which application threads were stopped: 0.0038200 seconds, Stopping threads took: 0.0014880 seconds
186.172: Application time: 0.0299810 seconds
186.173: [GC186.173: [ParNew: 37566K->4158K(37568K), 0.0023070 secs] 399974K->367917K(758420K), 0.0023480 secs] [Times: user=0.01 sys=0.00, real=0.01 secs] 
186.176: Total time for which application threads were stopped: 0.0033080 seconds, Stopping threads took: 0.0008960 seconds
186.205: Application time: 0.0294960 seconds
186.208: [GC186.208: [ParNew: 37566K->4158K(37568K), 0.0028600 secs] 401325K->371132K(758420K), 0.0029030 secs] [Times: user=0.02 sys=0.00, real=0.00 secs] 
186.211: Total time for which application threads were stopped: 0.0056960 seconds, Stopping threads took: 0.0027280 seconds
186.240: Application time: 0.0294480 seconds
186.243: [GC186.243: [ParNew: 37566K->4159K(37568K), 0.0025090 secs] 404540K->373209K(758420K), 0.0025510 secs] [Times: user=0.02 sys=0.00, real=0.00 secs] 
186.246: Total time for which application threads were stopped: 0.0052090 seconds, Stopping threads took: 0.0025940 seconds
186.276: Application time: 0.0300240 seconds
186.277: [GC186.277: [ParNew: 37567K->4159K(37568K), 0.0024320 secs] 406617K->375130K(758420K), 0.0024730 secs] [Times: user=0.02 sys=0.00, real=0.00 secs] 
186.279: Total time for which application threads were stopped: 0.0038460 seconds, Stopping threads took: 0.0013070 seconds
186.308: Application time: 0.0287330 seconds
186.310: [GC186.310: [ParNew: 37567K->4159K(37568K), 0.0030300 secs] 408538K->378903K(758420K), 0.0030720 secs] [Times: user=0.02 sys=0.00, real=0.00 secs] 
186.313: Total time for which application threads were stopped: 0.0048710 seconds, Stopping threads took: 0.0017330 seconds
186.342: Application time: 0.0287680 seconds
186.344: [GC186.344: [ParNew: 37567K->4159K(37568K), 0.0027040 secs] 412311K->381507K(758420K), 0.0027470 secs] [Times: user=0.02 sys=0.00, real=0.00 secs] 
186.347: Total time for which application threads were stopped: 0.0047870 seconds, Stopping threads took: 0.0019740 seconds
186.377: Application time: 0.0301640 seconds
186.379: [GC186.379: [ParNew: 37567K->4159K(37568K), 0.0023310 secs] 414915K->383005K(758420K), 0.0023700 secs] [Times: user=0.02 sys=0.00, real=0.00 secs] 
186.381: Total time for which application threads were stopped: 0.0044480 seconds, Stopping threads took: 0.0020140 seconds
186.410: Application time: 0.0283920 seconds
186.412: [GC186.412: [ParNew: 37567K->4158K(37568K), 0.0029520 secs] 416413K->386391K(758420K), 0.0029940 secs] [Times: user=0.02 sys=0.00, real=0.01 secs] 
186.415: Total time for which application threads were stopped: 0.0052130 seconds, Stopping threads took: 0.0021540 seconds
186.445: Application time: 0.0306090 seconds
186.448: [GC186.448: [ParNew: 37566K->4158K(37568K), 0.0028630 secs] 419799K->389695K(758420K), 0.0029050 secs] [Times: user=0.02 sys=0.00, real=0.00 secs] 
186.451: Total time for which application threads were stopped: 0.0054100 seconds, Stopping threads took: 0.0024440 seconds
186.481: Application time: 0.0302730 seconds
186.482: [GC186.482: [ParNew: 37566K->4158K(37568K), 0.0021380 secs] 423103K->390761K(758420K), 0.0021810 secs] [Times: user=0.02 sys=0.00, real=0.00 secs] 
186.485: Total time for which application threads were stopped: 0.0035750 seconds, Stopping threads took: 0.0013310 seconds
186.514: Application time: 0.0296710 seconds
186.515: [GC186.515: [ParNew: 37566K->4158K(37568K), 0.0022200 secs] 424169K->391662K(758420K), 0.0022610 secs] [Times: user=0.01 sys=0.00, real=0.00 secs] 
186.518: Total time for which application threads were stopped: 0.0032090 seconds, Stopping threads took: 0.0008630 seconds
186.547: Application time: 0.0297580 seconds
186.549: [GC186.549: [ParNew: 37565K->4159K(37568K), 0.0026750 secs] 425069K->394302K(758420K), 0.0027230 secs] [Times: user=0.01 sys=0.00, real=0.00 secs] 
186.551: Total time for which application threads were stopped: 0.0041100 seconds, Stopping threads took: 0.0013120 seconds
186.583: Application time: 0.0311590 seconds
186.585: [GC186.585: [ParNew: 37567K->4158K(37568K), 0.0029380 secs] 427710K->397772K(758420K), 0.0029830 secs] [Times: user=0.02 sys=0.00, real=0.01 secs] 
186.588: Total time for which application threads were stopped: 0.0051760 seconds, Stopping threads took: 0.0021280 seconds
186.617: Application time: 0.0297660 seconds
186.620: [GC186.620: [ParNew: 37566K->4159K(37568K), 0.0028860 secs] 431180K->401097K(758420K), 0.0029290 secs] [Times: user=0.02 sys=0.00, real=0.00 secs] 
186.623: Total time for which application threads were stopped: 0.0050150 seconds, Stopping threads took: 0.0020210 seconds
186.652: Application time: 0.0298050 seconds
186.654: [GC186.654: [ParNew: 37567K->4159K(37568K), 0.0022100 secs] 434505K->402184K(758420K), 0.0022560 secs] [Times: user=0.01 sys=0.00, real=0.01 secs] 
186.656: Total time for which application threads were stopped: 0.0040190 seconds, Stopping threads took: 0.0016970 seconds
186.686: Application time: 0.0295030 seconds
186.688: [GC186.688: [ParNew: 37567K->4159K(37568K), 0.0023800 secs] 435592K->404103K(758420K), 0.0024250 secs] [Times: user=0.01 sys=0.00, real=0.00 secs] 
186.690: Total time for which application threads were stopped: 0.0043530 seconds, Stopping threads took: 0.0018530 seconds
186.720: Application time: 0.0295940 seconds
186.721: [GC186.721: [ParNew: 37567K->4158K(37568K), 0.0024820 secs] 437511K->406057K(758420K), 0.0025260 secs] [Times: user=0.02 sys=0.00, real=0.00 secs] 
186.724: Total time for which application threads were stopped: 0.0037540 seconds, Stopping threads took: 0.0011630 seconds
186.754: Application time: 0.0305270 seconds
186.756: [GC186.756: [ParNew: 37566K->4158K(37568K), 0.0022090 secs] 439465K->406943K(758420K), 0.0022500 secs] [Times: user=0.02 sys=0.00, real=0.00 secs] 
186.758: Total time for which application threads were stopped: 0.0040150 seconds, Stopping threads took: 0.0017000 seconds
186.787: Application time: 0.0291690 seconds
186.790: [GC186.790: [ParNew: 37566K->4159K(37568K), 0.0027580 secs] 440351K->409783K(758420K), 0.0028020 secs] [Times: user=0.02 sys=0.00, real=0.00 secs] 
186.793: Total time for which application threads were stopped: 0.0056710 seconds, Stopping threads took: 0.0028000 seconds
186.823: Application time: 0.0297950 seconds
186.824: [GC186.824: [ParNew: 37567K->4158K(37568K), 0.0024310 secs] 443191K->411483K(758420K), 0.0024840 secs] [Times: user=0.02 sys=0.00, real=0.01 secs] 
186.827: Total time for which application threads were stopped: 0.0042020 seconds, Stopping threads took: 0.0016510 seconds
186.857: Application time: 0.0302680 seconds
186.859: [GC186.859: [ParNew: 37566K->4159K(37568K), 0.0023680 secs] 444891K->413099K(758420K), 0.0024100 secs] [Times: user=0.02 sys=0.00, real=0.00 secs] 
186.861: Total time for which application threads were stopped: 0.0039730 seconds, Stopping threads took: 0.0014980 seconds
186.890: Application time: 0.0291610 seconds
186.892: [GC186.892: [ParNew: 37567K->4159K(37568K), 0.0023550 secs] 446507K->414655K(758420K), 0.0023980 secs] [Times: user=0.02 sys=0.00, real=0.01 secs] 
186.895: Total time for which application threads were stopped: 0.0043560 seconds, Stopping threads took: 0.0018930 seconds
186.924: Application time: 0.0297810 seconds
186.927: [GC186.927: [ParNew: 37567K->4158K(37568K), 0.0026390 secs] 448063K->417137K(758420K), 0.0026830 secs] [Times: user=0.02 sys=0.00, real=0.00 secs] 
186.930: Total time for which application threads were stopped: 0.0051620 seconds, Stopping threads took: 0.0024140 seconds
186.959: Application time: 0.0295810 seconds
186.961: [GC186.961: [ParNew: 37566K->4159K(37568K), 0.0023220 secs] 450545K->418512K(758420K), 0.0023650 secs] [Times: user=0.02 sys=0.00, real=0.00 secs] 
186.964: Total time for which application threads were stopped: 0.0044220 seconds, Stopping threads took: 0.0019910 seconds
186.994: Application time: 0.0300460 seconds
186.996: [GC186.996: [ParNew: 37567K->4159K(37568K), 0.0020710 secs] 451920K->418884K(758420K), 0.0021130 secs] [Times: user=0.01 sys=0.00, real=0.00 secs] 
186.998: Total time for which application threads were stopped: 0.0047790 seconds, Stopping threads took: 0.0026000 seconds
187.027: Application time: 0.0281700 seconds
187.029: [GC187.029: [ParNew: 37565K->4159K(37568K), 0.0029090 secs] 452290K->422080K(758420K), 0.0029500 secs] [Times: user=0.02 sys=0.00, real=0.00 secs] 
187.032: Total time for which application threads were stopped: 0.0051670 seconds, Stopping threads took: 0.0021430 seconds
187.061: Application time: 0.0292420 seconds
187.063: [GC187.063: [ParNew: 37567K->4158K(37568K), 0.0024530 secs] 455488K->423649K(758420K), 0.0024950 secs] [Times: user=0.01 sys=0.00, real=0.00 secs] 
187.065: Total time for which application threads were stopped: 0.0039960 seconds, Stopping threads took: 0.0014270 seconds
187.094: Application time: 0.0286800 seconds
187.095: [GC187.095: [ParNew: 37566K->4158K(37568K), 0.0023800 secs] 457057K->425095K(758420K), 0.0024220 secs] [Times: user=0.02 sys=0.00, real=0.00 secs] 
187.098: Total time for which application threads were stopped: 0.0038480 seconds, Stopping threads took: 0.0013620 seconds
187.126: Application time: 0.0288280 seconds
187.128: [GC187.128: [ParNew: 37566K->4159K(37568K), 0.0024600 secs] 458503K->426897K(758420K), 0.0025020 secs] [Times: user=0.01 sys=0.00, real=0.00 secs] 
187.130: Total time for which application threads were stopped: 0.0037530 seconds, Stopping threads took: 0.0011670 seconds
187.160: Application time: 0.0295650 seconds
187.162: [GC187.162: [ParNew: 37567K->4158K(37568K), 0.0023790 secs] 460305K->428755K(758420K), 0.0024220 secs] [Times: user=0.02 sys=0.00, real=0.00 secs] 
187.165: Total time for which application threads were stopped: 0.0051310 seconds, Stopping threads took: 0.0026440 seconds
187.195: Application time: 0.0303480 seconds
187.198: [GC187.198: [ParNew: 37566K->4159K(37568K), 0.0020340 secs] 462163K->429421K(758420K), 0.0020740 secs] [Times: user=0.01 sys=0.00, real=0.00 secs] 
187.200: Total time for which application threads were stopped: 0.0044830 seconds, Stopping threads took: 0.0023440 seconds
187.229: Application time: 0.0295780 seconds
187.231: [GC187.231: [ParNew: 37567K->4159K(37568K), 0.0028180 secs] 462829K->432408K(758420K), 0.0028590 secs] [Times: user=0.02 sys=0.00, real=0.00 secs] 
187.234: Total time for which application threads were stopped: 0.0044070 seconds, Stopping threads took: 0.0014760 seconds
187.263: Application time: 0.0296560 seconds
187.265: [GC187.265: [ParNew: 37567K->4159K(37568K), 0.0027830 secs] 465816K->435198K(758420K), 0.0028290 secs] [Times: user=0.02 sys=0.00, real=0.01 secs] 
187.268: Total time for which application threads were stopped: 0.0043620 seconds, Stopping threads took: 0.0014670 seconds
187.297: Application time: 0.0291820 seconds
187.299: [GC187.299: [ParNew: 37566K->4159K(37568K), 0.0025420 secs] 468604K->437450K(758420K), 0.0025820 secs] [Times: user=0.01 sys=0.00, real=0.00 secs] 
187.301: Total time for which application threads were stopped: 0.0044630 seconds, Stopping threads took: 0.0018150 seconds
187.330: Application time: 0.0290870 seconds
187.333: [GC187.333: [ParNew: 37567K->4158K(37568K), 0.0023880 secs] 470858K->439130K(758420K), 0.0024290 secs] [Times: user=0.02 sys=0.00, real=0.01 secs] 
187.335: Total time for which application threads were stopped: 0.0046160 seconds, Stopping threads took: 0.0021210 seconds
187.364: Application time: 0.0292790 seconds
187.366: [GC187.366: [ParNew: 37566K->4159K(37568K), 0.0025950 secs] 472538K->441203K(758420K), 0.0026360 secs] [Times: user=0.02 sys=0.00, real=0.01 secs] 
187.369: Total time for which application threads were stopped: 0.0041900 seconds, Stopping threads took: 0.0014890 seconds
187.399: Application time: 0.0301970 seconds
187.400: [GC187.400: [ParNew: 37565K->4159K(37568K), 0.0025890 secs] 474609K->443191K(758420K), 0.0026360 secs] [Times: user=0.02 sys=0.00, real=0.00 secs] 
187.403: Total time for which application threads were stopped: 0.0042590 seconds, Stopping threads took: 0.0015590 seconds
187.432: Application time: 0.0292420 seconds
187.434: [GC187.434: [ParNew: 37567K->4158K(37568K), 0.0027640 secs] 476599K->445999K(758420K), 0.0028090 secs] [Times: user=0.02 sys=0.00, real=0.01 secs] 
187.437: Total time for which application threads were stopped: 0.0043740 seconds, Stopping threads took: 0.0015000 seconds
187.466: Application time: 0.0296210 seconds
187.468: [GC187.468: [ParNew: 37566K->4158K(37568K), 0.0026950 secs] 479407K->448711K(758420K), 0.0027380 secs] [Times: user=0.02 sys=0.00, real=0.00 secs] 
187.471: Total time for which application threads were stopped: 0.0046840 seconds, Stopping threads took: 0.0018860 seconds
187.500: Application time: 0.0295150 seconds
187.503: [GC187.503: [ParNew: 37565K->4159K(37568K), 0.0026030 secs] 482118K->451217K(758420K), 0.0026470 secs] [Times: user=0.02 sys=0.00, real=0.00 secs] 
187.505: Total time for which application threads were stopped: 0.0049880 seconds, Stopping threads took: 0.0022760 seconds
187.535: Application time: 0.0292700 seconds
187.537: [GC187.537: [ParNew: 37567K->4159K(37568K), 0.0023130 secs] 484625K->452665K(758420K), 0.0023590 secs] [Times: user=0.01 sys=0.00, real=0.00 secs] 
187.539: Total time for which application threads were stopped: 0.0045040 seconds, Stopping threads took: 0.0020790 seconds
187.568: Application time: 0.0286200 seconds
187.569: [GC187.569: [ParNew: 37567K->4159K(37568K), 0.0026470 secs] 486073K->455020K(758420K), 0.0026920 secs] [Times: user=0.01 sys=0.00, real=0.00 secs] 
187.572: Total time for which application threads were stopped: 0.0042730 seconds, Stopping threads took: 0.0015130 seconds
187.600: Application time: 0.0282610 seconds
187.602: [GC187.602: [ParNew: 37567K->4159K(37568K), 0.0028760 secs] 488428K->458283K(758420K), 0.0029220 secs] [Times: user=0.02 sys=0.00, real=0.00 secs] 
187.605: Total time for which application threads were stopped: 0.0045840 seconds, Stopping threads took: 0.0015970 seconds
187.635: Application time: 0.0299830 seconds
187.637: [GC187.637: [ParNew: 37567K->4159K(37568K), 0.0029300 secs] 491691K->461560K(758420K), 0.0029730 secs] [Times: user=0.02 sys=0.00, real=0.00 secs] 
187.640: Total time for which application threads were stopped: 0.0045570 seconds, Stopping threads took: 0.0015180 seconds
187.670: Application time: 0.0304820 seconds
187.672: [GC187.672: [ParNew: 37567K->4159K(37568K), 0.0023040 secs] 494968K->462837K(758420K), 0.0023560 secs] [Times: user=0.01 sys=0.00, real=0.00 secs] 
187.674: Total time for which application threads were stopped: 0.0040020 seconds, Stopping threads took: 0.0015830 seconds
187.704: Application time: 0.0300000 seconds
187.706: [GC187.706: [ParNew: 37567K->4158K(37568K), 0.0025400 secs] 496245K->465083K(758420K), 0.0025870 secs] [Times: user=0.02 sys=0.00, real=0.01 secs] 
187.709: Total time for which application threads were stopped: 0.0050170 seconds, Stopping threads took: 0.0023630 seconds
187.739: Application time: 0.0296490 seconds
187.740: [GC187.740: [ParNew: 37566K->4158K(37568K), 0.0029020 secs] 498491K->468277K(758420K), 0.0029460 secs] [Times: user=0.02 sys=0.00, real=0.00 secs] 
187.743: Total time for which application threads were stopped: 0.0046970 seconds, Stopping threads took: 0.0016860 seconds
187.773: Application time: 0.0298560 seconds
187.775: [GC187.775: [ParNew: 37566K->4159K(37568K), 0.0023530 secs] 501685K->469907K(758420K), 0.0023960 secs] [Times: user=0.02 sys=0.00, real=0.00 secs] 
187.777: Total time for which application threads were stopped: 0.0039230 seconds, Stopping threads took: 0.0014610 seconds
187.807: Application time: 0.0297030 seconds
187.809: [GC187.809: [ParNew: 37567K->4158K(37568K), 0.0028670 secs] 503315K->473040K(758420K), 0.0029110 secs] [Times: user=0.03 sys=0.00, real=0.00 secs] 
187.812: Total time for which application threads were stopped: 0.0052910 seconds, Stopping threads took: 0.0023140 seconds
187.842: Application time: 0.0296050 seconds
187.843: [GC187.843: [ParNew: 37566K->4159K(37568K), 0.0025030 secs] 506448K->475144K(758420K), 0.0025460 secs] [Times: user=0.02 sys=0.00, real=0.00 secs] 
187.846: Total time for which application threads were stopped: 0.0041730 seconds, Stopping threads took: 0.0015610 seconds
187.876: Application time: 0.0299180 seconds
187.878: [GC187.878: [ParNew: 37567K->4158K(37568K), 0.0025290 secs] 508552K->477195K(758420K), 0.0025720 secs] [Times: user=0.02 sys=0.00, real=0.00 secs] 
187.880: Total time for which application threads were stopped: 0.0046120 seconds, Stopping threads took: 0.0019750 seconds
187.911: Application time: 0.0301170 seconds
187.913: [GC187.913: [ParNew: 37566K->4159K(37568K), 0.0027300 secs] 510603K->479983K(758420K), 0.0027710 secs] [Times: user=0.02 sys=0.00, real=0.01 secs] 
187.916: Total time for which application threads were stopped: 0.0053100 seconds, Stopping threads took: 0.0024720 seconds
187.945: Application time: 0.0291960 seconds
187.948: [GC187.948: [ParNew: 37567K->4158K(37568K), 0.0023820 secs] 513391K->481679K(758420K), 0.0024270 secs] [Times: user=0.01 sys=0.00, real=0.00 secs] 
187.950: Total time for which application threads were stopped: 0.0049770 seconds, Stopping threads took: 0.0024840 seconds
187.979: Application time: 0.0288260 seconds
187.980: [GC187.980: [ParNew: 37566K->4158K(37568K), 0.0026490 secs] 515087K->484217K(758420K), 0.0026980 secs] [Times: user=0.02 sys=0.00, real=0.00 secs] 
187.983: Total time for which application threads were stopped: 0.0037190 seconds, Stopping threads took: 0.0009550 seconds
188.012: Application time: 0.0297750 seconds
188.015: [GC188.015: [ParNew: 37566K->4159K(37568K), 0.0021280 secs] 517625K->485102K(758420K), 0.0021710 secs] [Times: user=0.02 sys=0.00, real=0.00 secs] 
188.017: Total time for which application threads were stopped: 0.0049540 seconds, Stopping threads took: 0.0027200 seconds
188.046: Application time: 0.0285680 seconds
188.048: [GC188.048: [ParNew: 37567K->4158K(37568K), 0.0029550 secs] 518510K->488357K(758420K), 0.0029960 secs] [Times: user=0.02 sys=0.00, real=0.00 secs] 
188.051: Total time for which application threads were stopped: 0.0048400 seconds, Stopping threads took: 0.0017710 seconds
188.081: Application time: 0.0306410 seconds
188.084: [GC188.084: [ParNew: 37566K->4159K(37568K), 0.0029040 secs] 521765K->491513K(758420K), 0.0029460 secs] [Times: user=0.02 sys=0.00, real=0.01 secs] 
188.087: Total time for which application threads were stopped: 0.0060270 seconds, Stopping threads took: 0.0029980 seconds
188.117: Application time: 0.0297840 seconds
188.120: [GC188.120: [ParNew: 37567K->4159K(37568K), 0.0025560 secs] 524921K->493559K(758420K), 0.0025970 secs] [Times: user=0.02 sys=0.00, real=0.00 secs] 
188.123: Total time for which application threads were stopped: 0.0054750 seconds, Stopping threads took: 0.0028220 seconds
188.152: Application time: 0.0292360 seconds
188.153: [GC188.153: [ParNew: 37567K->4158K(37568K), 0.0027550 secs] 526967K->496478K(758420K), 0.0028030 secs] [Times: user=0.02 sys=0.00, real=0.01 secs] 
188.156: Total time for which application threads were stopped: 0.0041370 seconds, Stopping threads took: 0.0012680 seconds
188.184: Application time: 0.0281320 seconds
188.186: [GC188.186: [ParNew: 37565K->4158K(37568K), 0.0027070 secs] 529885K->499355K(758420K), 0.0027520 secs] [Times: user=0.02 sys=0.00, real=0.01 secs] 
188.189: Total time for which application threads were stopped: 0.0045060 seconds, Stopping threads took: 0.0016890 seconds
188.218: Application time: 0.0290890 seconds
188.219: [GC188.219: [ParNew: 37566K->4159K(37568K), 0.0021360 secs] 532763K->500183K(758420K), 0.0021790 secs] [Times: user=0.01 sys=0.00, real=0.00 secs] 
188.221: Total time for which application threads were stopped: 0.0035350 seconds, Stopping threads took: 0.0012900 seconds
188.251: Application time: 0.0292440 seconds
188.252: [GC188.252: [ParNew: 37567K->4159K(37568K), 0.0022710 secs] 533591K->501386K(758420K), 0.0023120 secs] [Times: user=0.02 sys=0.00, real=0.00 secs] 
188.254: Total time for which application threads were stopped: 0.0037620 seconds, Stopping threads took: 0.0013840 seconds
188.284: Application time: 0.0298790 seconds
188.286: [GC188.286: [ParNew: 37567K->4159K(37568K), 0.0023980 secs] 534794K->503000K(758420K), 0.0024400 secs] [Times: user=0.02 sys=0.00, real=0.01 secs] 
188.289: Total time for which application threads were stopped: 0.0044150 seconds, Stopping threads took: 0.0019120 seconds
188.319: Application time: 0.0301590 seconds
188.322: [GC188.322: [ParNew: 37567K->4158K(37568K), 0.0021510 secs] 536408K->503538K(758420K), 0.0021940 secs] [Times: user=0.01 sys=0.00, real=0.00 secs] 
188.324: Total time for which application threads were stopped: 0.0049840 seconds, Stopping threads took: 0.0027310 seconds
188.353: Application time: 0.0294910 seconds
188.356: [GC188.356: [ParNew: 37566K->4159K(37568K), 0.0024030 secs] 536946K->504959K(758420K), 0.0024490 secs] [Times: user=0.01 sys=0.00, real=0.00 secs] 
188.359: Total time for which application threads were stopped: 0.0054610 seconds, Stopping threads took: 0.0029480 seconds
188.388: Application time: 0.0292690 seconds
188.390: [GC188.390: [ParNew: 37567K->4159K(37568K), 0.0028580 secs] 538367K->508152K(758420K), 0.0029010 secs] [Times: user=0.02 sys=0.00, real=0.00 secs] 
188.393: Total time for which application threads were stopped: 0.0051760 seconds, Stopping threads took: 0.0022090 seconds
188.422: Application time: 0.0292510 seconds
188.425: [GC188.425: [ParNew: 37567K->4159K(37568K), 0.0028120 secs] 541560K->511127K(758420K), 0.0028550 secs] [Times: user=0.02 sys=0.00, real=0.01 secs] 
188.427: Total time for which application threads were stopped: 0.0049930 seconds, Stopping threads took: 0.0020730 seconds
188.457: Application time: 0.0293430 seconds
188.459: [GC188.459: [ParNew: 37567K->4158K(37568K), 0.0025920 secs] 544535K->513524K(758420K), 0.0026350 secs] [Times: user=0.02 sys=0.00, real=0.00 secs] 
188.461: Total time for which application threads were stopped: 0.0046050 seconds, Stopping threads took: 0.0019040 seconds
188.491: Application time: 0.0295570 seconds
188.492: [GC188.492: [ParNew: 37566K->4159K(37568K), 0.0027980 secs] 546932K->516433K(758420K), 0.0028400 secs] [Times: user=0.02 sys=0.00, real=0.01 secs] 
188.495: Total time for which application threads were stopped: 0.0041230 seconds, Stopping threads took: 0.0012160 seconds
188.526: Application time: 0.0306260 seconds
188.529: [GC188.529: [ParNew: 37567K->4159K(37568K), 0.0030410 secs] 549841K->520198K(758420K), 0.0030950 secs] [Times: user=0.02 sys=0.00, real=0.00 secs] 
188.532: Total time for which application threads were stopped: 0.0060100 seconds, Stopping threads took: 0.0028490 seconds
188.560: Application time: 0.0285780 seconds
188.562: [GC188.562: [ParNew: 37567K->4159K(37568K), 0.0027110 secs] 553606K->522862K(758420K), 0.0027550 secs] [Times: user=0.02 sys=0.00, real=0.00 secs] 
188.565: Total time for which application threads were stopped: 0.0044850 seconds, Stopping threads took: 0.0016630 seconds
188.595: Application time: 0.0299700 seconds
188.598: [GC188.598: [ParNew: 37567K->4158K(37568K), 0.0025120 secs] 556270K->524852K(758420K), 0.0025560 secs] [Times: user=0.02 sys=0.00, real=0.00 secs] 
188.600: Total time for which application threads were stopped: 0.0056620 seconds, Stopping threads took: 0.0030320 seconds
188.629: Application time: 0.0286580 seconds
188.631: [GC188.631: [ParNew: 37566K->4158K(37568K), 0.0023050 secs] 558260K->526170K(758420K), 0.0023480 secs] [Times: user=0.02 sys=0.00, real=0.00 secs] 
188.633: Total time for which application threads were stopped: 0.0043490 seconds, Stopping threads took: 0.0019360 seconds
188.662: Application time: 0.0285920 seconds
188.663: [GC188.663: [ParNew: 37566K->4159K(37568K), 0.0029070 secs] 559578K->529389K(758420K), 0.0029500 secs] [Times: user=0.02 sys=0.00, real=0.00 secs] 
188.666: Total time for which application threads were stopped: 0.0042810 seconds, Stopping threads took: 0.0012640 seconds
188.697: Application time: 0.0309480 seconds
188.699: [GC188.699: [ParNew: 37567K->4158K(37568K), 0.0018770 secs] 562797K->529544K(758420K), 0.0019210 secs] [Times: user=0.01 sys=0.00, real=0.00 secs] 
188.700: Total time for which application threads were stopped: 0.0031710 seconds, Stopping threads took: 0.0011820 seconds
188.730: Application time: 0.0299240 seconds
188.732: [GC188.732: [ParNew: 37566K->4158K(37568K), 0.0025320 secs] 562952K->531722K(758420K), 0.0025750 secs] [Times: user=0.02 sys=0.00, real=0.01 secs] 
188.735: Total time for which application threads were stopped: 0.0046740 seconds, Stopping threads took: 0.0020350 seconds
188.765: Application time: 0.0296930 seconds
188.767: [GC188.767: [ParNew: 37565K->4158K(37568K), 0.0022840 secs] 565128K->533228K(758420K), 0.0023270 secs] [Times: user=0.01 sys=0.00, real=0.00 secs] 
188.770: Total time for which application threads were stopped: 0.0048640 seconds, Stopping threads took: 0.0024710 seconds
188.798: Application time: 0.0288300 seconds
188.800: [GC188.800: [ParNew: 37566K->4158K(37568K), 0.0027340 secs] 566636K->535992K(758420K), 0.0027790 secs] [Times: user=0.02 sys=0.00, real=0.00 secs] 
188.803: Total time for which application threads were stopped: 0.0044160 seconds, Stopping threads took: 0.0015690 seconds
188.833: Application time: 0.0300580 seconds
188.835: [GC188.835: [ParNew: 37566K->4159K(37568K), 0.0023730 secs] 569400K->537699K(758420K), 0.0024180 secs] [Times: user=0.02 sys=0.00, real=0.01 secs] 
188.837: Total time for which application threads were stopped: 0.0040170 seconds, Stopping threads took: 0.0015330 seconds
188.865: Application time: 0.0280330 seconds
188.868: [GC188.868: [ParNew: 37567K->4159K(37568K), 0.0028730 secs] 571107K->540785K(758420K), 0.0029200 secs] [Times: user=0.02 sys=0.00, real=0.00 secs] 
188.871: Total time for which application threads were stopped: 0.0057860 seconds, Stopping threads took: 0.0027990 seconds
188.901: Application time: 0.0300320 seconds
188.903: [GC188.903: [ParNew: 37567K->4159K(37568K), 0.0026160 secs] 574193K->543332K(758420K), 0.0026620 secs] [Times: user=0.02 sys=0.00, real=0.00 secs] 
188.906: Total time for which application threads were stopped: 0.0050580 seconds, Stopping threads took: 0.0023300 seconds
188.935: Application time: 0.0294540 seconds
188.937: [GC188.937: [ParNew: 37567K->4159K(37568K), 0.0024790 secs] 576740K->545203K(758420K), 0.0025230 secs] [Times: user=0.02 sys=0.00, real=0.00 secs] 
188.940: Total time for which application threads were stopped: 0.0044440 seconds, Stopping threads took: 0.0018460 seconds
188.969: Application time: 0.0293200 seconds
188.970: [GC188.971: [ParNew: 37567K->4159K(37568K), 0.0027070 secs] 578611K->547927K(758420K), 0.0027520 secs] [Times: user=0.01 sys=0.00, real=0.00 secs] 
188.973: Total time for which application threads were stopped: 0.0041800 seconds, Stopping threads took: 0.0013630 seconds
189.003: Application time: 0.0301430 seconds
189.005: [GC189.005: [ParNew: 37567K->4158K(37568K), 0.0027040 secs] 581335K->550738K(758420K), 0.0027470 secs] [Times: user=0.02 sys=0.00, real=0.01 secs] 
189.008: Total time for which application threads were stopped: 0.0045750 seconds, Stopping threads took: 0.0017640 seconds
189.036: Application time: 0.0284210 seconds
189.038: [GC189.038: [ParNew: 37566K->4159K(37568K), 0.0028410 secs] 584146K->553881K(758420K), 0.0028850 secs] [Times: user=0.03 sys=0.00, real=0.00 secs] 
189.041: Total time for which application threads were stopped: 0.0048980 seconds, Stopping threads took: 0.0019460 seconds
189.070: Application time: 0.0290760 seconds
189.072: [GC189.072: [ParNew: 37567K->4159K(37568K), 0.0028390 secs] 587289K->556971K(758420K), 0.0028830 secs] [Times: user=0.02 sys=0.00, real=0.01 secs] 
189.075: Total time for which application threads were stopped: 0.0049810 seconds, Stopping threads took: 0.0020340 seconds
189.105: Application time: 0.0297950 seconds
189.107: [GC189.107: [ParNew: 37567K->4159K(37568K), 0.0027680 secs] 590379K->559917K(758420K), 0.0028100 secs] [Times: user=0.02 sys=0.00, real=0.00 secs] 
189.110: Total time for which application threads were stopped: 0.0045710 seconds, Stopping threads took: 0.0016860 seconds
189.139: Application time: 0.0296540 seconds
189.141: [GC189.141: [ParNew: 37567K->4159K(37568K), 0.0025240 secs] 593325K->561819K(758420K), 0.0025670 secs] [Times: user=0.01 sys=0.00, real=0.00 secs] 
189.144: Total time for which application threads were stopped: 0.0046530 seconds, Stopping threads took: 0.0020200 seconds
189.172: Application time: 0.0276630 seconds
189.173: [GC189.173: [ParNew: 37566K->4159K(37568K), 0.0031040 secs] 595226K->565477K(758420K), 0.0031490 secs] [Times: user=0.02 sys=0.00, real=0.01 secs] 
189.177: Total time for which application threads were stopped: 0.0049150 seconds, Stopping threads took: 0.0017050 seconds
189.208: Application time: 0.0310930 seconds
189.209: [GC189.209: [ParNew: 37566K->4158K(37568K), 0.0022070 secs] 598884K->566470K(758420K), 0.0022480 secs] [Times: user=0.02 sys=0.00, real=0.00 secs] 
189.212: Total time for which application threads were stopped: 0.0038790 seconds, Stopping threads took: 0.0015650 seconds
189.243: Application time: 0.0313350 seconds
189.244: [GC189.244: [ParNew: 37566K->4159K(37568K), 0.0021360 secs] 599878K->567115K(758420K), 0.0021790 secs] [Times: user=0.01 sys=0.00, real=0.01 secs] 
189.247: Total time for which application threads were stopped: 0.0037030 seconds, Stopping threads took: 0.0014590 seconds
189.277: Application time: 0.0304900 seconds
189.278: [GC189.278: [ParNew: 37567K->4159K(37568K), 0.0021480 secs] 600523K->567629K(758420K), 0.0021900 secs] [Times: user=0.02 sys=0.00, real=0.00 secs] 
189.280: Total time for which application threads were stopped: 0.0029210 seconds, Stopping threads took: 0.0006670 seconds
189.311: Application time: 0.0306310 seconds
189.313: [GC189.313: [ParNew: 37566K->4158K(37568K), 0.0026240 secs] 601036K->569957K(758420K), 0.0026670 secs] [Times: user=0.02 sys=0.00, real=0.01 secs] 
189.316: Total time for which application threads were stopped: 0.0053660 seconds, Stopping threads took: 0.0026370 seconds
189.346: Application time: 0.0296510 seconds
189.348: [GC189.348: [ParNew: 37566K->4159K(37568K), 0.0028470 secs] 603365K->573130K(758420K), 0.0028920 secs] [Times: user=0.01 sys=0.01, real=0.00 secs] 
189.351: Total time for which application threads were stopped: 0.0050010 seconds, Stopping threads took: 0.0020420 seconds
189.381: Application time: 0.0303870 seconds
189.384: [GC189.384: [ParNew: 37567K->4158K(37568K), 0.0025690 secs] 606538K->575253K(758420K), 0.0026220 secs] [Times: user=0.02 sys=0.00, real=0.00 secs] 
189.386: Total time for which application threads were stopped: 0.0051000 seconds, Stopping threads took: 0.0024080 seconds
189.419: Application time: 0.0323810 seconds
189.422: [GC189.422: [ParNew: 37565K->4159K(37568K), 0.0020270 secs] 608660K->575758K(758420K), 0.0020690 secs] [Times: user=0.02 sys=0.00, real=0.00 secs] 
189.424: Total time for which application threads were stopped: 0.0053210 seconds, Stopping threads took: 0.0031860 seconds
189.456: Application time: 0.0322090 seconds
189.457: [GC189.457: [ParNew: 37567K->4159K(37568K), 0.0020910 secs] 609166K->576246K(758420K), 0.0021350 secs] [Times: user=0.02 sys=0.00, real=0.00 secs] 
189.460: Total time for which application threads were stopped: 0.0033940 seconds, Stopping threads took: 0.0011920 seconds
189.490: Application time: 0.0308270 seconds
189.493: [GC189.493: [ParNew: 37567K->4159K(37568K), 0.0028210 secs] 609654K->579032K(758420K), 0.0028660 secs] [Times: user=0.01 sys=0.00, real=0.01 secs] 
189.496: Total time for which application threads were stopped: 0.0054610 seconds, Stopping threads took: 0.0025270 seconds
189.527: Application time: 0.0315010 seconds
189.529: [GC189.529: [ParNew: 37567K->4158K(37568K), 0.0024440 secs] 612440K->580731K(758420K), 0.0024890 secs] [Times: user=0.01 sys=0.00, real=0.00 secs] 
189.531: Total time for which application threads were stopped: 0.0037950 seconds, Stopping threads took: 0.0012400 seconds
189.563: Application time: 0.0314000 seconds
189.566: [GC189.566: [ParNew: 37566K->4159K(37568K), 0.0026820 secs] 614139K->583244K(758420K), 0.0027250 secs] [Times: user=0.02 sys=0.00, real=0.01 secs] 
189.568: Total time for which application threads were stopped: 0.0058230 seconds, Stopping threads took: 0.0030320 seconds
189.599: Application time: 0.0306590 seconds
189.601: [GC189.601: [ParNew: 37567K->4159K(37568K), 0.0027480 secs] 616652K->586024K(758420K), 0.0027920 secs] [Times: user=0.02 sys=0.00, real=0.00 secs] 
189.604: Total time for which application threads were stopped: 0.0048930 seconds, Stopping threads took: 0.0020320 seconds
189.636: Application time: 0.0317820 seconds
189.638: [GC189.638: [ParNew: 37567K->4159K(37568K), 0.0026090 secs] 619432K->588225K(758420K), 0.0026510 secs] [Times: user=0.02 sys=0.00, real=0.00 secs] 
189.641: Total time for which application threads were stopped: 0.0050130 seconds, Stopping threads took: 0.0022900 seconds
189.672: Application time: 0.0310390 seconds
189.674: [GC189.674: [ParNew: 37567K->4158K(37568K), 0.0024860 secs] 621633K->590205K(758420K), 0.0025310 secs] [Times: user=0.02 sys=0.00, real=0.01 secs] 
189.677: Total time for which application threads were stopped: 0.0048790 seconds, Stopping threads took: 0.0022770 seconds
189.708: Application time: 0.0318510 seconds
189.711: [GC189.711: [ParNew: 37566K->4159K(37568K), 0.0025370 secs] 623613K->592098K(758420K), 0.0025840 secs] [Times: user=0.01 sys=0.00, real=0.00 secs] 
189.714: Total time for which application threads were stopped: 0.0050380 seconds, Stopping threads took: 0.0023850 seconds
189.744: Application time: 0.0308660 seconds
189.747: [GC189.747: [ParNew: 37567K->4159K(37568K), 0.0027060 secs] 625506K->594410K(758420K), 0.0027510 secs] [Times: user=0.01 sys=0.00, real=0.00 secs] 
189.749: Total time for which application threads were stopped: 0.0051010 seconds, Stopping threads took: 0.0022820 seconds
189.782: Application time: 0.0320160 seconds
189.784: [GC189.784: [ParNew: 37567K->4158K(37568K), 0.0030440 secs] 627818K->598193K(758420K), 0.0030870 secs] [Times: user=0.02 sys=0.00, real=0.01 secs] 
189.788: Total time for which application threads were stopped: 0.0060320 seconds, Stopping threads took: 0.0028800 seconds
189.817: Application time: 0.0293370 seconds
189.819: [GC189.819: [ParNew: 37566K->4158K(37568K), 0.0029740 secs] 631601K->601841K(758420K), 0.0030200 secs] [Times: user=0.02 sys=0.00, real=0.00 secs] 
189.822: Total time for which application threads were stopped: 0.0053840 seconds, Stopping threads took: 0.0022970 seconds
189.856: Application time: 0.0333690 seconds
189.858: [GC189.858: [ParNew: 37566K->4159K(37568K), 0.0030150 secs] 635249K->605449K(758420K), 0.0030690 secs] [Times: user=0.02 sys=0.00, real=0.00 secs] 
189.861: Total time for which application threads were stopped: 0.0057520 seconds, Stopping threads took: 0.0026150 seconds
189.893: Application time: 0.0311820 seconds
189.894: [GC189.894: [ParNew: 37567K->4159K(37568K), 0.0023580 secs] 638857K->606971K(758420K), 0.0024010 secs] [Times: user=0.02 sys=0.00, real=0.01 secs] 
189.897: Total time for which application threads were stopped: 0.0040350 seconds, Stopping threads took: 0.0015670 seconds
189.929: Application time: 0.0322430 seconds
189.932: [GC189.932: [ParNew: 37567K->4158K(37568K), 0.0029100 secs] 640379K->610312K(758420K), 0.0029530 secs] [Times: user=0.02 sys=0.00, real=0.01 secs] 
189.935: Total time for which application threads were stopped: 0.0059500 seconds, Stopping threads took: 0.0029320 seconds
189.966: Application time: 0.0316670 seconds
189.968: [GC189.968: [ParNew: 37566K->4159K(37568K), 0.0026590 secs] 643720K->612578K(758420K), 0.0027030 secs] [Times: user=0.02 sys=0.00, real=0.00 secs] 
189.971: Total time for which application threads were stopped: 0.0046500 seconds, Stopping threads took: 0.0018810 seconds
190.002: Application time: 0.0313090 seconds
190.005: [GC190.005: [ParNew: 37567K->4158K(37568K), 0.0021390 secs] 645986K->613343K(758420K), 0.0021820 secs] [Times: user=0.01 sys=0.00, real=0.01 secs] 
190.008: Total time for which application threads were stopped: 0.0051510 seconds, Stopping threads took: 0.0028930 seconds
190.039: Application time: 0.0311760 seconds
190.041: [GC190.041: [ParNew: 37566K->4158K(37568K), 0.0025970 secs] 646751K->615539K(758420K), 0.0026420 secs] [Times: user=0.02 sys=0.00, real=0.00 secs] 
190.044: Total time for which application threads were stopped: 0.0049990 seconds, Stopping threads took: 0.0022910 seconds
190.075: Application time: 0.0308380 seconds
190.077: [GC190.077: [ParNew: 37566K->4159K(37568K), 0.0027270 secs] 648947K->618119K(758420K), 0.0027720 secs] [Times: user=0.02 sys=0.01, real=0.00 secs] 
190.079: Total time for which application threads were stopped: 0.0047800 seconds, Stopping threads took: 0.0019480 seconds
190.110: Application time: 0.0305420 seconds
190.112: [GC190.112: [ParNew: 37567K->4158K(37568K), 0.0026490 secs] 651527K->620611K(758420K), 0.0026960 secs] [Times: user=0.02 sys=0.00, real=0.01 secs] 
190.115: Total time for which application threads were stopped: 0.0051750 seconds, Stopping threads took: 0.0024080 seconds
190.147: Application time: 0.0319030 seconds
190.150: [GC190.150: [ParNew: 37566K->4159K(37568K), 0.0027920 secs] 654019K->623542K(758420K), 0.0028380 secs] [Times: user=0.02 sys=0.00, real=0.00 secs] 
190.153: Total time for which application threads were stopped: 0.0062840 seconds, Stopping threads took: 0.0033670 seconds
190.184: Application time: 0.0310220 seconds
190.186: [GC190.186: [ParNew: 37567K->4158K(37568K), 0.0026420 secs] 656950K->625406K(758420K), 0.0026860 secs] [Times: user=0.02 sys=0.00, real=0.01 secs] 
190.189: Total time for which application threads were stopped: 0.0045280 seconds, Stopping threads took: 0.0017750 seconds
190.220: Application time: 0.0308640 seconds
190.221: [GC190.221: [ParNew: 37566K->4158K(37568K), 0.0024220 secs] 658814K->627074K(758420K), 0.0024670 secs] [Times: user=0.02 sys=0.00, real=0.00 secs] 
190.224: Total time for which application threads were stopped: 0.0040920 seconds, Stopping threads took: 0.0015550 seconds
190.255: Application time: 0.0309620 seconds
190.256: [GC190.256: [ParNew: 37565K->4159K(37568K), 0.0030740 secs] 660481K->630700K(758420K), 0.0031180 secs] [Times: user=0.02 sys=0.00, real=0.00 secs] 
190.260: Total time for which application threads were stopped: 0.0047380 seconds, Stopping threads took: 0.0015520 seconds
190.290: Application time: 0.0302010 seconds
190.292: [GC190.292: [ParNew: 37566K->4158K(37568K), 0.0027660 secs] 664107K->633346K(758420K), 0.0028190 secs] [Times: user=0.02 sys=0.00, real=0.00 secs] 
190.295: Total time for which application threads were stopped: 0.0048220 seconds, Stopping threads took: 0.0019120 seconds
190.327: Application time: 0.0320180 seconds
190.329: [GC190.329: [ParNew: 37566K->4158K(37568K), 0.0030690 secs] 666754K->636832K(758420K), 0.0031150 secs] [Times: user=0.02 sys=0.00, real=0.00 secs] 
190.332: Total time for which application threads were stopped: 0.0059130 seconds, Stopping threads took: 0.0027310 seconds
 CMS: abort preclean due to time 190.336: [CMS-concurrent-abortable-preclean: 0.673/5.026 secs] [Times: user=37.68 sys=0.21, real=5.03 secs] 
190.339: Application time: 0.0061680 seconds
190.341: [GC[YG occupancy: 12845 K (37568 K)]190.341: [Rescan (parallel) , 0.0005490 secs]190.341: [weak refs processing, 0.0000080 secs]190.341: [scrub string table, 0.0001130 secs] [1 CMS-remark: 632673K(720852K)] 645518K(758420K), 0.0007070 secs] [Times: user=0.01 sys=0.00, real=0.00 secs] 
190.342: Total time for which application threads were stopped: 0.0028640 seconds, Stopping threads took: 0.0021240 seconds
190.342: [CMS-concurrent-sweep-start]
190.366: Application time: 0.0245290 seconds
190.368: [GC190.368: [ParNew: 37566K->4159K(37568K), 0.0029300 secs] 480694K->450534K(758420K), 0.0029790 secs] [Times: user=0.02 sys=0.00, real=0.00 secs] 
190.371: Total time for which application threads were stopped: 0.0047640 seconds, Stopping threads took: 0.0016960 seconds
190.380: [CMS-concurrent-sweep: 0.035/0.039 secs] [Times: user=0.28 sys=0.00, real=0.04 secs] 
190.380: [CMS-concurrent-reset-start]
190.382: [CMS-concurrent-reset: 0.002/0.002 secs] [Times: user=0.00 sys=0.00, real=0.00 secs] 
190.403: Application time: 0.0318420 seconds
190.404: [GC190.404: [ParNew: 37567K->4158K(37568K), 0.0028400 secs] 371227K->340895K(758420K), 0.0028890 secs] [Times: user=0.02 sys=0.00, real=0.01 secs] 
190.407: Total time for which application threads were stopped: 0.0045840 seconds, Stopping threads took: 0.0016260 seconds
190.407: Application time: 0.0001400 seconds
190.411: [GC [1 CMS-initial-mark: 336737K(720852K)] 341917K(758420K), 0.0001920 secs] [Times: user=0.00 sys=0.00, real=0.00 secs] 
190.411: Total time for which application threads were stopped: 0.0037430 seconds, Stopping threads took: 0.0035290 seconds
190.411: [CMS-concurrent-mark-start]
190.423: [CMS-concurrent-mark: 0.012/0.012 secs] [Times: user=0.09 sys=0.00, real=0.01 secs] 
190.424: [CMS-concurrent-preclean-start]
190.425: [CMS-concurrent-preclean: 0.001/0.001 secs] [Times: user=0.00 sys=0.00, real=0.00 secs] 
190.425: [CMS-concurrent-abortable-preclean-start]
190.442: Application time: 0.0311980 seconds
190.444: [GC190.444: [ParNew: 37565K->4158K(37568K), 0.0024420 secs] 374302K->342451K(758420K), 0.0024890 secs] [Times: user=0.02 sys=0.00, real=0.00 secs] 
190.446: Total time for which application threads were stopped: 0.0039960 seconds, Stopping threads took: 0.0014390 seconds
190.479: Application time: 0.0329980 seconds
190.483: [GC190.483: [ParNew: 37564K->4159K(37568K), 0.0022990 secs] 375857K->343463K(758420K), 0.0023410 secs] [Times: user=0.01 sys=0.00, real=0.00 secs] 
190.485: Total time for which application threads were stopped: 0.0056840 seconds, Stopping threads took: 0.0032760 seconds
190.517: Application time: 0.0323290 seconds
190.519: [GC190.519: [ParNew: 37567K->4158K(37568K), 0.0022450 secs] 376871K->344295K(758420K), 0.0022850 secs] [Times: user=0.01 sys=0.00, real=0.00 secs] 
190.522: Total time for which application threads were stopped: 0.0041780 seconds, Stopping threads took: 0.0018040 seconds
190.553: Application time: 0.0317320 seconds
190.556: [GC190.556: [ParNew: 37566K->4159K(37568K), 0.0024620 secs] 377703K->345968K(758420K), 0.0025020 secs] [Times: user=0.01 sys=0.00, real=0.00 secs] 
190.558: Total time for which application threads were stopped: 0.0051270 seconds, Stopping threads took: 0.0025370 seconds
190.590: Application time: 0.0320640 seconds
190.592: [GC190.592: [ParNew: 37566K->4158K(37568K), 0.0023690 secs] 379375K->347590K(758420K), 0.0024260 secs] [Times: user=0.02 sys=0.00, real=0.00 secs] 
190.594: Total time for which application threads were stopped: 0.0040260 seconds, Stopping threads took: 0.0015310 seconds
190.627: Application time: 0.0327650 seconds
190.630: [GC190.630: [ParNew: 37566K->4158K(37568K), 0.0023960 secs] 380998K->349155K(758420K), 0.0024410 secs] [Times: user=0.02 sys=0.00, real=0.00 secs] 
190.632: Total time for which application threads were stopped: 0.0052350 seconds, Stopping threads took: 0.0027180 seconds
190.664: Application time: 0.0316280 seconds
190.667: [GC190.667: [ParNew: 37564K->4159K(37568K), 0.0021620 secs] 382561K->350131K(758420K), 0.0022060 secs] [Times: user=0.01 sys=0.00, real=0.00 secs] 
190.669: Total time for which application threads were stopped: 0.0047450 seconds, Stopping threads took: 0.0024580 seconds
190.699: Application time: 0.0297150 seconds
190.701: [GC190.701: [ParNew: 37566K->4159K(37568K), 0.0026040 secs] 383537K->352379K(758420K), 0.0026490 secs] [Times: user=0.02 sys=0.00, real=0.00 secs] 
190.704: Total time for which application threads were stopped: 0.0049180 seconds, Stopping threads took: 0.0022020 seconds
190.735: Application time: 0.0313520 seconds
190.736: [GC190.736: [ParNew: 37567K->4158K(37568K), 0.0025960 secs] 385787K->354662K(758420K), 0.0026420 secs] [Times: user=0.02 sys=0.00, real=0.00 secs] 
190.739: Total time for which application threads were stopped: 0.0042210 seconds, Stopping threads took: 0.0015110 seconds
190.774: Application time: 0.0349690 seconds
190.776: [GC190.776: [ParNew: 37566K->4158K(37568K), 0.0026510 secs] 388070K->357241K(758420K), 0.0026940 secs] [Times: user=0.02 sys=0.00, real=0.00 secs] 
190.779: Total time for which application threads were stopped: 0.0045460 seconds, Stopping threads took: 0.0017770 seconds
190.811: Application time: 0.0319030 seconds
190.813: [GC190.813: [ParNew: 37564K->4159K(37568K), 0.0021840 secs] 390647K->358176K(758420K), 0.0022280 secs] [Times: user=0.02 sys=0.00, real=0.01 secs] 
190.815: Total time for which application threads were stopped: 0.0046390 seconds, Stopping threads took: 0.0023460 seconds
190.845: Application time: 0.0300560 seconds
190.847: [GC190.847: [ParNew: 37567K->4159K(37568K), 0.0030060 secs] 391584K->361890K(758420K), 0.0030510 secs] [Times: user=0.02 sys=0.00, real=0.00 secs] 
190.850: Total time for which application threads were stopped: 0.0052520 seconds, Stopping threads took: 0.0021360 seconds
190.882: Application time: 0.0312580 seconds
190.883: [GC190.883: [ParNew: 37567K->4158K(37568K), 0.0027040 secs] 395298K->364531K(758420K), 0.0027480 secs] [Times: user=0.02 sys=0.00, real=0.00 secs] 
190.886: Total time for which application threads were stopped: 0.0042010 seconds, Stopping threads took: 0.0013860 seconds
190.917: Application time: 0.0314630 seconds
190.920: [GC190.920: [ParNew: 37566K->4158K(37568K), 0.0025470 secs] 397939K->366396K(758420K), 0.0025920 secs] [Times: user=0.02 sys=0.00, real=0.00 secs] 
190.922: Total time for which application threads were stopped: 0.0050620 seconds, Stopping threads took: 0.0023800 seconds
190.953: Application time: 0.0307320 seconds
190.955: [GC190.955: [ParNew: 37566K->4158K(37568K), 0.0025570 secs] 399804K->368564K(758420K), 0.0026030 secs] [Times: user=0.01 sys=0.00, real=0.00 secs] 
190.958: Total time for which application threads were stopped: 0.0045620 seconds, Stopping threads took: 0.0018930 seconds
190.990: Application time: 0.0320000 seconds
190.991: [GC190.991: [ParNew: 37566K->4158K(37568K), 0.0021540 secs] 401972K->369653K(758420K), 0.0022000 secs] [Times: user=0.02 sys=0.00, real=0.00 secs] 
190.994: Total time for which application threads were stopped: 0.0037730 seconds, Stopping threads took: 0.0015050 seconds
191.025: Application time: 0.0310930 seconds
191.027: [GC191.027: [ParNew: 37566K->4158K(37568K), 0.0025460 secs] 403061K->371779K(758420K), 0.0025910 secs] [Times: user=0.02 sys=0.00, real=0.00 secs] 
191.030: Total time for which application threads were stopped: 0.0054480 seconds, Stopping threads took: 0.0027970 seconds
191.061: Application time: 0.0312780 seconds
191.063: [GC191.063: [ParNew: 37566K->4159K(37568K), 0.0024610 secs] 405187K->373688K(758420K), 0.0025140 secs] [Times: user=0.01 sys=0.00, real=0.00 secs] 
191.065: Total time for which application threads were stopped: 0.0040490 seconds, Stopping threads took: 0.0014710 seconds
191.096: Application time: 0.0304350 seconds
191.097: [GC191.098: [ParNew: 37567K->4159K(37568K), 0.0024330 secs] 407096K->375475K(758420K), 0.0024780 secs] [Times: user=0.01 sys=0.00, real=0.00 secs] 
191.100: Total time for which application threads were stopped: 0.0041280 seconds, Stopping threads took: 0.0015830 seconds
191.130: Application time: 0.0303790 seconds
191.133: [GC191.133: [ParNew: 37567K->4159K(37568K), 0.0027790 secs] 408883K->378274K(758420K), 0.0028230 secs] [Times: user=0.02 sys=0.00, real=0.01 secs] 
191.135: Total time for which application threads were stopped: 0.0050170 seconds, Stopping threads took: 0.0021260 seconds
191.167: Application time: 0.0314280 seconds
191.169: [GC191.169: [ParNew: 37567K->4159K(37568K), 0.0023610 secs] 411682K->379898K(758420K), 0.0024070 secs] [Times: user=0.02 sys=0.00, real=0.00 secs] 
191.171: Total time for which application threads were stopped: 0.0042000 seconds, Stopping threads took: 0.0017190 seconds
191.203: Application time: 0.0319000 seconds
191.206: [GC191.206: [ParNew: 37567K->4159K(37568K), 0.0024390 secs] 413306K->381794K(758420K), 0.0024810 secs] [Times: user=0.02 sys=0.00, real=0.01 secs] 
191.208: Total time for which application threads were stopped: 0.0055520 seconds, Stopping threads took: 0.0030030 seconds
191.239: Application time: 0.0306190 seconds
191.241: [GC191.241: [ParNew: 37567K->4159K(37568K), 0.0028900 secs] 415202K->385059K(758420K), 0.0029360 secs] [Times: user=0.02 sys=0.00, real=0.00 secs] 
191.244: Total time for which application threads were stopped: 0.0051090 seconds, Stopping threads took: 0.0021060 seconds
191.277: Application time: 0.0323960 seconds
191.279: [GC191.279: [ParNew: 37567K->4159K(37568K), 0.0028850 secs] 418467K->388267K(758420K), 0.0029310 secs] [Times: user=0.02 sys=0.00, real=0.00 secs] 
191.282: Total time for which application threads were stopped: 0.0052180 seconds, Stopping threads took: 0.0022240 seconds
191.314: Application time: 0.0321300 seconds
191.316: [GC191.316: [ParNew: 37567K->4158K(37568K), 0.0028520 secs] 421675K->391316K(758420K), 0.0028970 secs] [Times: user=0.02 sys=0.00, real=0.00 secs] 
191.319: Total time for which application threads were stopped: 0.0054470 seconds, Stopping threads took: 0.0024830 seconds
191.352: Application time: 0.0321960 seconds
191.353: [GC191.353: [ParNew: 37566K->4158K(37568K), 0.0021740 secs] 424724K->392134K(758420K), 0.0022200 secs] [Times: user=0.02 sys=0.00, real=0.01 secs] 
191.355: Total time for which application threads were stopped: 0.0033750 seconds, Stopping threads took: 0.0010870 seconds
191.387: Application time: 0.0320120 seconds
191.390: [GC191.390: [ParNew: 37566K->4158K(37568K), 0.0023690 secs] 425542K->393920K(758420K), 0.0024140 secs] [Times: user=0.02 sys=0.00, real=0.00 secs] 
191.392: Total time for which application threads were stopped: 0.0049710 seconds, Stopping threads took: 0.0024910 seconds
191.424: Application time: 0.0316730 seconds
191.426: [GC191.426: [ParNew: 37566K->4159K(37568K), 0.0023980 secs] 427328K->395554K(758420K), 0.0024430 secs] [Times: user=0.02 sys=0.00, real=0.01 secs] 
191.429: Total time for which application threads were stopped: 0.0051430 seconds, Stopping threads took: 0.0026310 seconds
191.458: Application time: 0.0288840 seconds
191.461: [GC191.461: [ParNew: 37565K->4159K(37568K), 0.0029340 secs] 428960K->399005K(758420K), 0.0029780 secs] [Times: user=0.02 sys=0.00, real=0.00 secs] 
191.464: Total time for which application threads were stopped: 0.0061240 seconds, Stopping threads took: 0.0030800 seconds
191.495: Application time: 0.0316150 seconds
191.497: [GC191.497: [ParNew: 37567K->4159K(37568K), 0.0024760 secs] 432413K->400886K(758420K), 0.0025220 secs] [Times: user=0.02 sys=0.00, real=0.00 secs] 
191.500: Total time for which application threads were stopped: 0.0043890 seconds, Stopping threads took: 0.0017910 seconds
191.531: Application time: 0.0307040 seconds
191.533: [GC191.533: [ParNew: 37567K->4158K(37568K), 0.0026970 secs] 434294K->403252K(758420K), 0.0027400 secs] [Times: user=0.01 sys=0.01, real=0.01 secs] 
191.535: Total time for which application threads were stopped: 0.0049170 seconds, Stopping threads took: 0.0021100 seconds
191.566: Application time: 0.0307180 seconds
191.568: [GC191.568: [ParNew: 37566K->4158K(37568K), 0.0028270 secs] 436660K->406442K(758420K), 0.0028720 secs] [Times: user=0.02 sys=0.00, real=0.00 secs] 
191.571: Total time for which application threads were stopped: 0.0047590 seconds, Stopping threads took: 0.0018190 seconds
191.602: Application time: 0.0311890 seconds
191.604: [GC191.604: [ParNew: 37566K->4159K(37568K), 0.0029270 secs] 439850K->409589K(758420K), 0.0029730 secs] [Times: user=0.02 sys=0.00, real=0.01 secs] 
191.607: Total time for which application threads were stopped: 0.0047250 seconds, Stopping threads took: 0.0016840 seconds
191.638: Application time: 0.0316460 seconds
191.641: [GC191.641: [ParNew: 37567K->4158K(37568K), 0.0022090 secs] 442997K->410744K(758420K), 0.0022530 secs] [Times: user=0.02 sys=0.00, real=0.00 secs] 
191.643: Total time for which application threads were stopped: 0.0047580 seconds, Stopping threads took: 0.0024370 seconds
191.675: Application time: 0.0314610 seconds
191.677: [GC191.677: [ParNew: 37566K->4159K(37568K), 0.0025620 secs] 444152K->412809K(758420K), 0.0026070 secs] [Times: user=0.02 sys=0.00, real=0.00 secs] 
191.679: Total time for which application threads were stopped: 0.0046980 seconds, Stopping threads took: 0.0020160 seconds
191.711: Application time: 0.0312940 seconds
191.713: [GC191.714: [ParNew: 37567K->4159K(37568K), 0.0027620 secs] 446216K->415713K(758420K), 0.0028060 secs] [Times: user=0.02 sys=0.00, real=0.01 secs] 
191.716: Total time for which application threads were stopped: 0.0056300 seconds, Stopping threads took: 0.0027550 seconds
191.747: Application time: 0.0308610 seconds
191.752: [GC191.752: [ParNew: 37567K->4158K(37568K), 0.0029460 secs] 449121K->418355K(758420K), 0.0029960 secs] [Times: user=0.02 sys=0.00, real=0.01 secs] 
191.755: Total time for which application threads were stopped: 0.0077740 seconds, Stopping threads took: 0.0047060 seconds
191.787: Application time: 0.0319840 seconds
191.789: [GC191.789: [ParNew: 37566K->4159K(37568K), 0.0029810 secs] 451763K->421907K(758420K), 0.0030270 secs] [Times: user=0.02 sys=0.00, real=0.00 secs] 
191.792: Total time for which application threads were stopped: 0.0055220 seconds, Stopping threads took: 0.0024260 seconds
191.824: Application time: 0.0313300 seconds
191.825: [GC191.825: [ParNew: 37567K->4158K(37568K), 0.0029940 secs] 455315K->425308K(758420K), 0.0030360 secs] [Times: user=0.02 sys=0.00, real=0.01 secs] 
191.828: Total time for which application threads were stopped: 0.0042520 seconds, Stopping threads took: 0.0011460 seconds
191.860: Application time: 0.0315040 seconds
191.863: [GC191.863: [ParNew: 37566K->4158K(37568K), 0.0028880 secs] 458716K->428504K(758420K), 0.0029330 secs] [Times: user=0.02 sys=0.00, real=0.00 secs] 
191.866: Total time for which application threads were stopped: 0.0060630 seconds, Stopping threads took: 0.0030630 seconds
191.897: Application time: 0.0316370 seconds
191.899: [GC191.899: [ParNew: 37566K->4159K(37568K), 0.0021990 secs] 461912K->429668K(758420K), 0.0022410 secs] [Times: user=0.02 sys=0.00, real=0.00 secs] 
191.901: Total time for which application threads were stopped: 0.0036160 seconds, Stopping threads took: 0.0013010 seconds
191.933: Application time: 0.0323550 seconds
191.936: [GC191.936: [ParNew: 37567K->4159K(37568K), 0.0023410 secs] 463076K->430758K(758420K), 0.0023880 secs] [Times: user=0.01 sys=0.00, real=0.00 secs] 
191.939: Total time for which application threads were stopped: 0.0055710 seconds, Stopping threads took: 0.0030930 seconds
191.971: Application time: 0.0319270 seconds
191.974: [GC191.974: [ParNew: 37567K->4158K(37568K), 0.0025560 secs] 464166K->432930K(758420K), 0.0026080 secs] [Times: user=0.02 sys=0.00, real=0.01 secs] 
191.976: Total time for which application threads were stopped: 0.0056140 seconds, Stopping threads took: 0.0029390 seconds
192.007: Application time: 0.0309920 seconds
192.010: [GC192.010: [ParNew: 37566K->4158K(37568K), 0.0025060 secs] 466338K->435001K(758420K), 0.0025500 secs] [Times: user=0.02 sys=0.00, real=0.00 secs] 
192.013: Total time for which application threads were stopped: 0.0052600 seconds, Stopping threads took: 0.0026440 seconds
192.043: Application time: 0.0303050 seconds
192.045: [GC192.045: [ParNew: 37566K->4159K(37568K), 0.0027600 secs] 468409K->437875K(758420K), 0.0028030 secs] [Times: user=0.01 sys=0.00, real=0.01 secs] 
192.047: Total time for which application threads were stopped: 0.0045570 seconds, Stopping threads took: 0.0016910 seconds
192.079: Application time: 0.0318160 seconds
192.082: [GC192.082: [ParNew: 37567K->4159K(37568K), 0.0026520 secs] 471283K->440514K(758420K), 0.0026980 secs] [Times: user=0.02 sys=0.00, real=0.00 secs] 
192.085: Total time for which application threads were stopped: 0.0056780 seconds, Stopping threads took: 0.0029200 seconds
192.117: Application time: 0.0317160 seconds
192.120: [GC192.120: [ParNew: 37567K->4159K(37568K), 0.0027030 secs] 473922K->443150K(758420K), 0.0027450 secs] [Times: user=0.01 sys=0.00, real=0.00 secs] 
192.123: Total time for which application threads were stopped: 0.0058410 seconds, Stopping threads took: 0.0030270 seconds
192.154: Application time: 0.0315690 seconds
192.156: [GC192.156: [ParNew: 37567K->4159K(37568K), 0.0023160 secs] 476558K->444639K(758420K), 0.0023590 secs] [Times: user=0.02 sys=0.00, real=0.00 secs] 
192.158: Total time for which application threads were stopped: 0.0039870 seconds, Stopping threads took: 0.0015630 seconds
192.190: Application time: 0.0315160 seconds
192.192: [GC192.192: [ParNew: 37566K->4159K(37568K), 0.0024090 secs] 478046K->445868K(758420K), 0.0024520 secs] [Times: user=0.01 sys=0.00, real=0.00 secs] 
192.194: Total time for which application threads were stopped: 0.0044380 seconds, Stopping threads took: 0.0018880 seconds
192.225: Application time: 0.0310050 seconds
192.227: [GC192.227: [ParNew: 37567K->4159K(37568K), 0.0029060 secs] 479276K->449056K(758420K), 0.0029540 secs] [Times: user=0.02 sys=0.00, real=0.00 secs] 
192.230: Total time for which application threads were stopped: 0.0052240 seconds, Stopping threads took: 0.0021800 seconds
192.262: Application time: 0.0317200 seconds
192.264: [GC192.265: [ParNew: 37566K->4159K(37568K), 0.0025350 secs] 482463K->451183K(758420K), 0.0025790 secs] [Times: user=0.02 sys=0.00, real=0.01 secs] 
192.267: Total time for which application threads were stopped: 0.0050840 seconds, Stopping threads took: 0.0024390 seconds
192.298: Application time: 0.0308470 seconds
192.300: [GC192.300: [ParNew: 37567K->4159K(37568K), 0.0025010 secs] 484591K->453108K(758420K), 0.0025430 secs] [Times: user=0.01 sys=0.00, real=0.00 secs] 
192.302: Total time for which application threads were stopped: 0.0042400 seconds, Stopping threads took: 0.0016280 seconds
192.333: Application time: 0.0308520 seconds
192.335: [GC192.335: [ParNew: 37567K->4158K(37568K), 0.0023710 secs] 486516K->454902K(758420K), 0.0024180 secs] [Times: user=0.01 sys=0.00, real=0.00 secs] 
192.338: Total time for which application threads were stopped: 0.0045810 seconds, Stopping threads took: 0.0020960 seconds
192.368: Application time: 0.0304770 seconds
192.371: [GC192.371: [ParNew: 37566K->4159K(37568K), 0.0030380 secs] 488310K->458629K(758420K), 0.0030850 secs] [Times: user=0.02 sys=0.00, real=0.00 secs] 
192.374: Total time for which application threads were stopped: 0.0060290 seconds, Stopping threads took: 0.0028760 seconds
192.406: Application time: 0.0322000 seconds
192.408: [GC192.408: [ParNew: 37567K->4158K(37568K), 0.0033260 secs] 492037K->461712K(758420K), 0.0033710 secs] [Times: user=0.02 sys=0.00, real=0.00 secs] 
192.412: Total time for which application threads were stopped: 0.0054570 seconds, Stopping threads took: 0.0020090 seconds
192.443: Application time: 0.0316130 seconds
192.445: [GC192.445: [ParNew: 37566K->4159K(37568K), 0.0023510 secs] 495120K->463123K(758420K), 0.0023980 secs] [Times: user=0.01 sys=0.00, real=0.01 secs] 
192.448: Total time for which application threads were stopped: 0.0043350 seconds, Stopping threads took: 0.0018690 seconds
192.479: Application time: 0.0312510 seconds
192.480: [GC192.480: [ParNew: 37567K->4158K(37568K), 0.0025720 secs] 496531K->465384K(758420K), 0.0026160 secs] [Times: user=0.01 sys=0.00, real=0.00 secs] 
192.483: Total time for which application threads were stopped: 0.0040730 seconds, Stopping threads took: 0.0013910 seconds
192.514: Application time: 0.0312580 seconds
192.516: [GC192.516: [ParNew: 37564K->4159K(37568K), 0.0025470 secs] 498790K->467604K(758420K), 0.0025910 secs] [Times: user=0.02 sys=0.00, real=0.00 secs] 
192.518: Total time for which application threads were stopped: 0.0040650 seconds, Stopping threads took: 0.0014080 seconds
192.550: Application time: 0.0313380 seconds
192.552: [GC192.552: [ParNew: 37567K->4158K(37568K), 0.0028370 secs] 501012K->470710K(758420K), 0.0028820 secs] [Times: user=0.02 sys=0.00, real=0.01 secs] 
192.555: Total time for which application threads were stopped: 0.0054570 seconds, Stopping threads took: 0.0025060 seconds
192.586: Application time: 0.0310620 seconds
192.589: [GC192.589: [ParNew: 37566K->4158K(37568K), 0.0024740 secs] 504118K->472700K(758420K), 0.0025170 secs] [Times: user=0.01 sys=0.00, real=0.00 secs] 
192.592: Total time for which application threads were stopped: 0.0053770 seconds, Stopping threads took: 0.0027960 seconds
192.623: Application time: 0.0317620 seconds
192.627: [GC192.627: [ParNew: 37566K->4158K(37568K), 0.0030400 secs] 506108K->474773K(758420K), 0.0030760 secs] [Times: user=0.01 sys=0.00, real=0.00 secs] 
192.630: Total time for which application threads were stopped: 0.0069110 seconds, Stopping threads took: 0.0037660 seconds
192.664: Application time: 0.0337920 seconds
192.666: [GC192.666: [ParNew: 37566K->4159K(37568K), 0.0028220 secs] 508181K->477643K(758420K), 0.0028730 secs] [Times: user=0.01 sys=0.00, real=0.01 secs] 
192.669: Total time for which application threads were stopped: 0.0050110 seconds, Stopping threads took: 0.0020460 seconds
192.700: Application time: 0.0310630 seconds
192.702: [GC192.702: [ParNew: 37567K->4159K(37568K), 0.0026980 secs] 511051K->480394K(758420K), 0.0027450 secs] [Times: user=0.02 sys=0.00, real=0.00 secs] 
192.705: Total time for which application threads were stopped: 0.0049210 seconds, Stopping threads took: 0.0020970 seconds
192.736: Application time: 0.0308970 seconds
192.739: [GC192.739: [ParNew: 37567K->4159K(37568K), 0.0027060 secs] 513802K->483135K(758420K), 0.0027500 secs] [Times: user=0.01 sys=0.01, real=0.00 secs] 
192.741: Total time for which application threads were stopped: 0.0053670 seconds, Stopping threads took: 0.0025490 seconds
192.773: Application time: 0.0319340 seconds
192.775: [GC192.776: [ParNew: 37567K->4159K(37568K), 0.0026020 secs] 516543K->485278K(758420K), 0.0026470 secs] [Times: user=0.02 sys=0.00, real=0.00 secs] 
192.778: Total time for which application threads were stopped: 0.0048520 seconds, Stopping threads took: 0.0021370 seconds
192.810: Application time: 0.0315770 seconds
192.811: [GC192.811: [ParNew: 37567K->4159K(37568K), 0.0026650 secs] 518686K->487712K(758420K), 0.0027090 secs] [Times: user=0.01 sys=0.00, real=0.00 secs] 
192.813: Total time for which application threads were stopped: 0.0036850 seconds, Stopping threads took: 0.0009080 seconds
192.845: Application time: 0.0312560 seconds
192.847: [GC192.847: [ParNew: 37567K->4159K(37568K), 0.0023110 secs] 521120K->488963K(758420K), 0.0023550 secs] [Times: user=0.02 sys=0.00, real=0.00 secs] 
192.850: Total time for which application threads were stopped: 0.0051470 seconds, Stopping threads took: 0.0027240 seconds
192.882: Application time: 0.0324900 seconds
192.885: [GC192.885: [ParNew: 37567K->4159K(37568K), 0.0026100 secs] 522371K->491156K(758420K), 0.0026590 secs] [Times: user=0.01 sys=0.00, real=0.01 secs] 
192.888: Total time for which application threads were stopped: 0.0053490 seconds, Stopping threads took: 0.0026010 seconds
192.920: Application time: 0.0318950 seconds
192.922: [GC192.922: [ParNew: 37567K->4158K(37568K), 0.0023040 secs] 524564K->492697K(758420K), 0.0023500 secs] [Times: user=0.01 sys=0.00, real=0.00 secs] 
192.925: Total time for which application threads were stopped: 0.0050530 seconds, Stopping threads took: 0.0026340 seconds
192.955: Application time: 0.0306860 seconds
192.957: [GC192.957: [ParNew: 37566K->4159K(37568K), 0.0028200 secs] 526105K->495604K(758420K), 0.0028650 secs] [Times: user=0.02 sys=0.00, real=0.00 secs] 
192.960: Total time for which application threads were stopped: 0.0043800 seconds, Stopping threads took: 0.0014490 seconds
192.991: Application time: 0.0312800 seconds
192.992: [GC192.992: [ParNew: 37567K->4158K(37568K), 0.0025180 secs] 529012K->497748K(758420K), 0.0025620 secs] [Times: user=0.02 sys=0.00, real=0.01 secs] 
192.995: Total time for which application threads were stopped: 0.0037550 seconds, Stopping threads took: 0.0011240 seconds
193.025: Application time: 0.0307030 seconds
193.028: [GC193.028: [ParNew: 37566K->4159K(37568K), 0.0025980 secs] 531156K->500284K(758420K), 0.0026420 secs] [Times: user=0.02 sys=0.00, real=0.00 secs] 
193.030: Total time for which application threads were stopped: 0.0048720 seconds, Stopping threads took: 0.0021610 seconds
193.062: Application time: 0.0320100 seconds
193.065: [GC193.065: [ParNew: 37567K->4159K(37568K), 0.0028500 secs] 533692K->503549K(758420K), 0.0028960 secs] [Times: user=0.02 sys=0.00, real=0.01 secs] 
193.068: Total time for which application threads were stopped: 0.0057930 seconds, Stopping threads took: 0.0028300 seconds
193.099: Application time: 0.0311410 seconds
193.102: [GC193.102: [ParNew: 37567K->4159K(37568K), 0.0028490 secs] 536957K->506855K(758420K), 0.0028910 secs] [Times: user=0.02 sys=0.00, real=0.00 secs] 
193.105: Total time for which application threads were stopped: 0.0059170 seconds, Stopping threads took: 0.0029600 seconds
193.134: Application time: 0.0288980 seconds
193.137: [GC193.137: [ParNew: 37567K->4158K(37568K), 0.0028840 secs] 540263K->509977K(758420K), 0.0029260 secs] [Times: user=0.02 sys=0.00, real=0.00 secs] 
193.140: Total time for which application threads were stopped: 0.0059440 seconds, Stopping threads took: 0.0029530 seconds
193.173: Application time: 0.0331080 seconds
193.175: [GC193.175: [ParNew: 37566K->4159K(37568K), 0.0026690 secs] 543385K->512484K(758420K), 0.0027130 secs] [Times: user=0.02 sys=0.00, real=0.01 secs] 
193.177: Total time for which application threads were stopped: 0.0041430 seconds, Stopping threads took: 0.0013610 seconds
193.209: Application time: 0.0313510 seconds
193.211: [GC193.211: [ParNew: 37567K->4159K(37568K), 0.0024770 secs] 545892K->514443K(758420K), 0.0025190 secs] [Times: user=0.01 sys=0.00, real=0.00 secs] 
193.214: Total time for which application threads were stopped: 0.0049090 seconds, Stopping threads took: 0.0023150 seconds
193.245: Application time: 0.0313580 seconds
193.247: [GC193.247: [ParNew: 37567K->4159K(37568K), 0.0021950 secs] 547851K->515397K(758420K), 0.0022410 secs] [Times: user=0.01 sys=0.00, real=0.00 secs] 
193.249: Total time for which application threads were stopped: 0.0042860 seconds, Stopping threads took: 0.0019770 seconds
193.280: Application time: 0.0309980 seconds
193.281: [GC193.281: [ParNew: 37567K->4158K(37568K), 0.0025300 secs] 548805K->517307K(758420K), 0.0025730 secs] [Times: user=0.02 sys=0.00, real=0.00 secs] 
193.284: Total time for which application threads were stopped: 0.0037650 seconds, Stopping threads took: 0.0011240 seconds
193.315: Application time: 0.0314730 seconds
193.317: [GC193.317: [ParNew: 37566K->4158K(37568K), 0.0028030 secs] 550715K->520203K(758420K), 0.0028470 secs] [Times: user=0.02 sys=0.00, real=0.00 secs] 
193.320: Total time for which application threads were stopped: 0.0047920 seconds, Stopping threads took: 0.0018770 seconds
193.351: Application time: 0.0310590 seconds
193.353: [GC193.353: [ParNew: 37566K->4158K(37568K), 0.0027650 secs] 553611K->522975K(758420K), 0.0028210 secs] [Times: user=0.02 sys=0.00, real=0.01 secs] 
193.356: Total time for which application threads were stopped: 0.0046760 seconds, Stopping threads took: 0.0017880 seconds
193.386: Application time: 0.0297390 seconds
193.388: [GC193.388: [ParNew: 37565K->4158K(37568K), 0.0029510 secs] 556383K->526626K(758420K), 0.0029960 secs] [Times: user=0.02 sys=0.01, real=0.00 secs] 
193.391: Total time for which application threads were stopped: 0.0048830 seconds, Stopping threads took: 0.0018130 seconds
193.420: Application time: 0.0291220 seconds
193.422: [GC193.422: [ParNew: 37566K->4159K(37568K), 0.0029360 secs] 560034K->530172K(758420K), 0.0029810 secs] [Times: user=0.02 sys=0.00, real=0.00 secs] 
193.425: Total time for which application threads were stopped: 0.0052770 seconds, Stopping threads took: 0.0022320 seconds
193.454: Application time: 0.0289570 seconds
193.456: [GC193.456: [ParNew: 37567K->4159K(37568K), 0.0027010 secs] 563580K->532956K(758420K), 0.0027420 secs] [Times: user=0.02 sys=0.00, real=0.00 secs] 
193.458: Total time for which application threads were stopped: 0.0044780 seconds, Stopping threads took: 0.0016700 seconds
193.487: Application time: 0.0281020 seconds
193.488: [GC193.488: [ParNew: 37567K->4159K(37568K), 0.0025670 secs] 566364K->535155K(758420K), 0.0026100 secs] [Times: user=0.02 sys=0.00, real=0.00 secs] 
193.490: Total time for which application threads were stopped: 0.0038930 seconds, Stopping threads took: 0.0012190 seconds
193.520: Application time: 0.0293070 seconds
193.522: [GC193.522: [ParNew: 37567K->4159K(37568K), 0.0022690 secs] 568563K->536697K(758420K), 0.0023120 secs] [Times: user=0.02 sys=0.00, real=0.00 secs] 
193.525: Total time for which application threads were stopped: 0.0047650 seconds, Stopping threads took: 0.0023870 seconds
193.553: Application time: 0.0288910 seconds
193.556: [GC193.556: [ParNew: 37567K->4158K(37568K), 0.0028220 secs] 570105K->539697K(758420K), 0.0028670 secs] [Times: user=0.02 sys=0.00, real=0.00 secs] 
193.559: Total time for which application threads were stopped: 0.0056260 seconds, Stopping threads took: 0.0026840 seconds
193.589: Application time: 0.0299750 seconds
193.591: [GC193.591: [ParNew: 37566K->4158K(37568K), 0.0024210 secs] 573105K->541580K(758420K), 0.0024650 secs] [Times: user=0.01 sys=0.00, real=0.00 secs] 
193.593: Total time for which application threads were stopped: 0.0044650 seconds, Stopping threads took: 0.0019430 seconds
193.623: Application time: 0.0295510 seconds
193.625: [GC193.625: [ParNew: 37566K->4158K(37568K), 0.0021380 secs] 574988K->542402K(758420K), 0.0021810 secs] [Times: user=0.02 sys=0.00, real=0.01 secs] 
193.627: Total time for which application threads were stopped: 0.0040860 seconds, Stopping threads took: 0.0018400 seconds
193.656: Application time: 0.0293050 seconds
193.659: [GC193.659: [ParNew: 37566K->4158K(37568K), 0.0022530 secs] 575810K->543493K(758420K), 0.0022950 secs] [Times: user=0.02 sys=0.00, real=0.00 secs] 
193.661: Total time for which application threads were stopped: 0.0049100 seconds, Stopping threads took: 0.0025510 seconds
193.690: Application time: 0.0286300 seconds
193.692: [GC193.692: [ParNew: 37566K->4159K(37568K), 0.0030380 secs] 576901K->547052K(758420K), 0.0030820 secs] [Times: user=0.02 sys=0.00, real=0.01 secs] 
193.695: Total time for which application threads were stopped: 0.0048910 seconds, Stopping threads took: 0.0017400 seconds
193.725: Application time: 0.0299140 seconds
193.727: [GC193.727: [ParNew: 37567K->4159K(37568K), 0.0024500 secs] 580460K->548952K(758420K), 0.0024950 secs] [Times: user=0.02 sys=0.00, real=0.00 secs] 
193.730: Total time for which application threads were stopped: 0.0049260 seconds, Stopping threads took: 0.0023550 seconds
193.759: Application time: 0.0291460 seconds
193.760: [GC193.760: [ParNew: 37567K->4158K(37568K), 0.0027320 secs] 582360K->551290K(758420K), 0.0027830 secs] [Times: user=0.01 sys=0.00, real=0.00 secs] 
193.763: Total time for which application threads were stopped: 0.0042550 seconds, Stopping threads took: 0.0014070 seconds
193.792: Application time: 0.0288740 seconds
193.795: [GC193.795: [ParNew: 37566K->4159K(37568K), 0.0026000 secs] 584698K->553577K(758420K), 0.0026440 secs] [Times: user=0.02 sys=0.00, real=0.00 secs] 
193.798: Total time for which application threads were stopped: 0.0055770 seconds, Stopping threads took: 0.0028710 seconds
193.827: Application time: 0.0290080 seconds
193.829: [GC193.829: [ParNew: 37567K->4158K(37568K), 0.0029160 secs] 586985K->556710K(758420K), 0.0029620 secs] [Times: user=0.02 sys=0.00, real=0.00 secs] 
193.832: Total time for which application threads were stopped: 0.0055670 seconds, Stopping threads took: 0.0025400 seconds
193.863: Application time: 0.0307920 seconds
193.863: [GC193.863: [ParNew: 37566K->4159K(37568K), 0.0019610 secs] 590118K->556810K(758420K), 0.0020020 secs] [Times: user=0.01 sys=0.00, real=0.00 secs] 
193.865: Total time for which application threads were stopped: 0.0023630 seconds, Stopping threads took: 0.0002980 seconds
193.895: Application time: 0.0292320 seconds
193.896: [GC193.896: [ParNew: 37567K->4158K(37568K), 0.0024490 secs] 590218K->558762K(758420K), 0.0024920 secs] [Times: user=0.02 sys=0.00, real=0.00 secs] 
193.898: Total time for which application threads were stopped: 0.0038270 seconds, Stopping threads took: 0.0012680 seconds
193.927: Application time: 0.0287510 seconds
193.930: [GC193.930: [ParNew: 37565K->4158K(37568K), 0.0027810 secs] 592169K->561622K(758420K), 0.0028250 secs] [Times: user=0.02 sys=0.00, real=0.00 secs] 
193.933: Total time for which application threads were stopped: 0.0054940 seconds, Stopping threads took: 0.0026040 seconds
193.960: Application time: 0.0276300 seconds
193.962: [GC193.962: [ParNew: 37566K->4158K(37568K), 0.0030440 secs] 595030K->565222K(758420K), 0.0030890 secs] [Times: user=0.02 sys=0.00, real=0.00 secs] 
193.965: Total time for which application threads were stopped: 0.0050960 seconds, Stopping threads took: 0.0019390 seconds
193.996: Application time: 0.0307230 seconds
193.998: [GC193.998: [ParNew: 37566K->4159K(37568K), 0.0021160 secs] 598630K->565822K(758420K), 0.0021590 secs] [Times: user=0.02 sys=0.00, real=0.00 secs] 
194.001: Total time for which application threads were stopped: 0.0045470 seconds, Stopping threads took: 0.0023230 seconds
194.029: Application time: 0.0285050 seconds
194.031: [GC194.031: [ParNew: 37567K->4158K(37568K), 0.0024970 secs] 599230K->567668K(758420K), 0.0025400 secs] [Times: user=0.02 sys=0.00, real=0.00 secs] 
194.034: Total time for which application threads were stopped: 0.0044810 seconds, Stopping threads took: 0.0018760 seconds
194.063: Application time: 0.0289900 seconds
194.063: [GC194.063: [ParNew: 37566K->4159K(37568K), 0.0024840 secs] 601076K->569447K(758420K), 0.0025250 secs] [Times: user=0.02 sys=0.00, real=0.00 secs] 
194.066: Total time for which application threads were stopped: 0.0031840 seconds, Stopping threads took: 0.0005930 seconds
194.095: Application time: 0.0295140 seconds
194.097: [GC194.097: [ParNew: 37567K->4159K(37568K), 0.0025620 secs] 602855K->571416K(758420K), 0.0026070 secs] [Times: user=0.02 sys=0.00, real=0.00 secs] 
194.100: Total time for which application threads were stopped: 0.0042870 seconds, Stopping threads took: 0.0016140 seconds
194.129: Application time: 0.0292770 seconds
194.131: [GC194.131: [ParNew: 37567K->4159K(37568K), 0.0028080 secs] 604824K->574314K(758420K), 0.0028520 secs] [Times: user=0.02 sys=0.00, real=0.00 secs] 
194.134: Total time for which application threads were stopped: 0.0046320 seconds, Stopping threads took: 0.0017040 seconds
194.162: Application time: 0.0286770 seconds
194.164: [GC194.164: [ParNew: 37567K->4158K(37568K), 0.0028920 secs] 607722K->577094K(758420K), 0.0029400 secs] [Times: user=0.02 sys=0.00, real=0.01 secs] 
194.167: Total time for which application threads were stopped: 0.0051940 seconds, Stopping threads took: 0.0021680 seconds
194.197: Application time: 0.0292730 seconds
194.199: [GC194.199: [ParNew: 37566K->4159K(37568K), 0.0031750 secs] 610502K->580617K(758420K), 0.0032280 secs] [Times: user=0.02 sys=0.00, real=0.00 secs] 
194.202: Total time for which application threads were stopped: 0.0055330 seconds, Stopping threads took: 0.0022170 seconds
194.232: Application time: 0.0298940 seconds
194.235: [GC194.235: [ParNew: 37567K->4159K(37568K), 0.0025920 secs] 614025K->583098K(758420K), 0.0026360 secs] [Times: user=0.02 sys=0.00, real=0.00 secs] 
194.237: Total time for which application threads were stopped: 0.0052560 seconds, Stopping threads took: 0.0025260 seconds
194.267: Application time: 0.0297050 seconds
194.269: [GC194.269: [ParNew: 37567K->4158K(37568K), 0.0023940 secs] 616506K->584496K(758420K), 0.0024380 secs] [Times: user=0.01 sys=0.00, real=0.00 secs] 
194.271: Total time for which application threads were stopped: 0.0040040 seconds, Stopping threads took: 0.0015000 seconds
194.300: Application time: 0.0292280 seconds
194.303: [GC194.303: [ParNew: 37566K->4159K(37568K), 0.0029970 secs] 617904K->587790K(758420K), 0.0030410 secs] [Times: user=0.02 sys=0.00, real=0.00 secs] 
194.306: Total time for which application threads were stopped: 0.0058820 seconds, Stopping threads took: 0.0027530 seconds
194.335: Application time: 0.0285530 seconds
194.336: [GC194.336: [ParNew: 37567K->4158K(37568K), 0.0029180 secs] 621198K->590963K(758420K), 0.0029630 secs] [Times: user=0.02 sys=0.00, real=0.00 secs] 
194.339: Total time for which application threads were stopped: 0.0043590 seconds, Stopping threads took: 0.0013100 seconds
194.368: Application time: 0.0287970 seconds
194.370: [GC194.370: [ParNew: 37566K->4159K(37568K), 0.0028190 secs] 624371K->594026K(758420K), 0.0028610 secs] [Times: user=0.02 sys=0.00, real=0.00 secs] 
194.373: Total time for which application threads were stopped: 0.0049400 seconds, Stopping threads took: 0.0020150 seconds
194.401: Application time: 0.0281370 seconds
194.404: [GC194.404: [ParNew: 37567K->4159K(37568K), 0.0028580 secs] 627434K->597164K(758420K), 0.0029010 secs] [Times: user=0.02 sys=0.00, real=0.01 secs] 
194.407: Total time for which application threads were stopped: 0.0057100 seconds, Stopping threads took: 0.0027450 seconds
194.436: Application time: 0.0291820 seconds
194.438: [GC194.438: [ParNew: 37567K->4158K(37568K), 0.0028110 secs] 630572K->600093K(758420K), 0.0028560 secs] [Times: user=0.02 sys=0.00, real=0.00 secs] 
194.441: Total time for which application threads were stopped: 0.0050810 seconds, Stopping threads took: 0.0021590 seconds
194.470: Application time: 0.0290020 seconds
194.472: [GC194.472: [ParNew: 37566K->4159K(37568K), 0.0025350 secs] 633501K->601892K(758420K), 0.0025770 secs] [Times: user=0.02 sys=0.00, real=0.00 secs] 
194.474: Total time for which application threads were stopped: 0.0042340 seconds, Stopping threads took: 0.0015920 seconds
194.502: Application time: 0.0283170 seconds
194.504: [GC194.504: [ParNew: 37567K->4159K(37568K), 0.0031780 secs] 635300K->605428K(758420K), 0.0032210 secs] [Times: user=0.02 sys=0.00, real=0.01 secs] 
194.508: Total time for which application threads were stopped: 0.0050490 seconds, Stopping threads took: 0.0017410 seconds
194.537: Application time: 0.0295530 seconds
194.539: [GC194.539: [ParNew: 37565K->4159K(37568K), 0.0025980 secs] 638834K->607797K(758420K), 0.0026430 secs] [Times: user=0.01 sys=0.00, real=0.00 secs] 
194.542: Total time for which application threads were stopped: 0.0048780 seconds, Stopping threads took: 0.0021670 seconds
194.571: Application time: 0.0292990 seconds
194.574: [GC194.574: [ParNew: 37566K->4159K(37568K), 0.0021190 secs] 641203K->608619K(758420K), 0.0021620 secs] [Times: user=0.01 sys=0.00, real=0.01 secs] 
194.576: Total time for which application threads were stopped: 0.0049970 seconds, Stopping threads took: 0.0027690 seconds
194.606: Application time: 0.0297890 seconds
194.608: [GC194.608: [ParNew: 37567K->4158K(37568K), 0.0029040 secs] 642027K->611861K(758420K), 0.0029480 secs] [Times: user=0.02 sys=0.00, real=0.00 secs] 
194.611: Total time for which application threads were stopped: 0.0046190 seconds, Stopping threads took: 0.0015960 seconds
194.640: Application time: 0.0294200 seconds
194.642: [GC194.642: [ParNew: 37566K->4158K(37568K), 0.0025850 secs] 645269K->614003K(758420K), 0.0026280 secs] [Times: user=0.02 sys=0.00, real=0.00 secs] 
194.645: Total time for which application threads were stopped: 0.0044650 seconds, Stopping threads took: 0.0017690 seconds
194.674: Application time: 0.0297430 seconds
194.676: [GC194.676: [ParNew: 37566K->4158K(37568K), 0.0025430 secs] 647411K->615937K(758420K), 0.0025860 secs] [Times: user=0.02 sys=0.00, real=0.00 secs] 
194.678: Total time for which application threads were stopped: 0.0041370 seconds, Stopping threads took: 0.0014850 seconds
194.708: Application time: 0.0291640 seconds
194.709: [GC194.709: [ParNew: 37566K->4159K(37568K), 0.0023480 secs] 649345K->617521K(758420K), 0.0023950 secs] [Times: user=0.02 sys=0.00, real=0.00 secs] 
194.712: Total time for which application threads were stopped: 0.0039560 seconds, Stopping threads took: 0.0014830 seconds
194.741: Application time: 0.0293740 seconds
194.742: [GC194.742: [ParNew: 37567K->4159K(37568K), 0.0026820 secs] 650929K->620056K(758420K), 0.0027260 secs] [Times: user=0.02 sys=0.00, real=0.00 secs] 
194.745: Total time for which application threads were stopped: 0.0042000 seconds, Stopping threads took: 0.0013980 seconds
194.775: Application time: 0.0295610 seconds
194.778: [GC194.778: [ParNew: 37567K->4158K(37568K), 0.0027610 secs] 653464K->622918K(758420K), 0.0028040 secs] [Times: user=0.02 sys=0.00, real=0.00 secs] 
194.780: Total time for which application threads were stopped: 0.0056370 seconds, Stopping threads took: 0.0027690 seconds
194.810: Application time: 0.0300920 seconds
194.813: [GC194.813: [ParNew: 37566K->4159K(37568K), 0.0022270 secs] 656326K->623691K(758420K), 0.0022730 secs] [Times: user=0.02 sys=0.00, real=0.01 secs] 
194.815: Total time for which application threads were stopped: 0.0047080 seconds, Stopping threads took: 0.0023480 seconds
194.845: Application time: 0.0298540 seconds
194.847: [GC194.847: [ParNew: 37567K->4158K(37568K), 0.0023140 secs] 657099K->624921K(758420K), 0.0023560 secs] [Times: user=0.01 sys=0.00, real=0.00 secs] 
194.849: Total time for which application threads were stopped: 0.0042690 seconds, Stopping threads took: 0.0018380 seconds
194.878: Application time: 0.0282850 seconds
194.879: [GC194.879: [ParNew: 37566K->4158K(37568K), 0.0024660 secs] 658329K->626486K(758420K), 0.0025080 secs] [Times: user=0.02 sys=0.00, real=0.00 secs] 
194.882: Total time for which application threads were stopped: 0.0043750 seconds, Stopping threads took: 0.0017810 seconds
194.911: Application time: 0.0290150 seconds
194.914: [GC194.914: [ParNew: 37566K->4158K(37568K), 0.0024390 secs] 659894K->628396K(758420K), 0.0024880 secs] [Times: user=0.02 sys=0.00, real=0.01 secs] 
194.916: Total time for which application threads were stopped: 0.0054050 seconds, Stopping threads took: 0.0028520 seconds
194.946: Application time: 0.0292530 seconds
194.947: [GC194.947: [ParNew: 37566K->4158K(37568K), 0.0024710 secs] 661804K->630264K(758420K), 0.0025120 secs] [Times: user=0.02 sys=0.00, real=0.00 secs] 
194.950: Total time for which application threads were stopped: 0.0042760 seconds, Stopping threads took: 0.0016790 seconds
194.980: Application time: 0.0299300 seconds
194.982: [GC194.983: [ParNew: 37566K->4159K(37568K), 0.0026160 secs] 663672K->632392K(758420K), 0.0026590 secs] [Times: user=0.01 sys=0.00, real=0.00 secs] 
194.985: Total time for which application threads were stopped: 0.0053050 seconds, Stopping threads took: 0.0025810 seconds
195.015: Application time: 0.0298340 seconds
195.016: [GC195.016: [ParNew: 37566K->3520K(37568K), 0.0017690 secs] 665798K->631781K(758420K), 0.0018100 secs] [Times: user=0.01 sys=0.00, real=0.00 secs] 
195.018: Total time for which application threads were stopped: 0.0029440 seconds, Stopping threads took: 0.0010700 seconds
195.047: Application time: 0.0290840 seconds
195.048: [GC195.049: [ParNew: 36928K->4158K(37568K), 0.0023230 secs] 665189K->633669K(758420K), 0.0023730 secs] [Times: user=0.02 sys=0.00, real=0.00 secs] 
195.051: Total time for which application threads were stopped: 0.0038530 seconds, Stopping threads took: 0.0014150 seconds
195.081: Application time: 0.0301700 seconds
195.084: [GC195.084: [ParNew: 37566K->4159K(37568K), 0.0023070 secs] 667077K->634870K(758420K), 0.0023510 secs] [Times: user=0.02 sys=0.00, real=0.00 secs] 
195.086: Total time for which application threads were stopped: 0.0048640 seconds, Stopping threads took: 0.0024260 seconds
195.115: Application time: 0.0294840 seconds
195.118: [GC195.118: [ParNew: 37567K->4159K(37568K), 0.0021820 secs] 668278K->635933K(758420K), 0.0022280 secs] [Times: user=0.02 sys=0.00, real=0.00 secs] 
195.120: Total time for which application threads were stopped: 0.0043820 seconds, Stopping threads took: 0.0020660 seconds
195.149: Application time: 0.0289370 seconds
195.150: [GC195.150: [ParNew: 37567K->4158K(37568K), 0.0028210 secs] 669341K->638335K(758420K), 0.0028700 secs] [Times: user=0.01 sys=0.00, real=0.00 secs] 
195.153: Total time for which application threads were stopped: 0.0044600 seconds, Stopping threads took: 0.0015250 seconds
195.182: Application time: 0.0292310 seconds
195.183: [GC195.183: [ParNew: 37566K->4159K(37568K), 0.0029720 secs] 671743K->641566K(758420K), 0.0030140 secs] [Times: user=0.02 sys=0.00, real=0.00 secs] 
195.186: Total time for which application threads were stopped: 0.0040110 seconds, Stopping threads took: 0.0009220 seconds
195.216: Application time: 0.0299360 seconds
195.219: [GC195.219: [ParNew: 37567K->4159K(37568K), 0.0029780 secs] 674974K->644717K(758420K), 0.0030220 secs] [Times: user=0.02 sys=0.00, real=0.00 secs] 
195.222: Total time for which application threads were stopped: 0.0059120 seconds, Stopping threads took: 0.0028230 seconds
195.251: Application time: 0.0284760 seconds
195.252: [GC195.252: [ParNew: 37567K->4158K(37568K), 0.0026880 secs] 678125K->646720K(758420K), 0.0027350 secs] [Times: user=0.02 sys=0.00, real=0.01 secs] 
195.255: Total time for which application threads were stopped: 0.0044520 seconds, Stopping threads took: 0.0016210 seconds
195.285: Application time: 0.0298200 seconds
195.288: [GC195.288: [ParNew: 37565K->4159K(37568K), 0.0022640 secs] 680127K->647703K(758420K), 0.0023080 secs] [Times: user=0.01 sys=0.00, real=0.00 secs] 
195.290: Total time for which application threads were stopped: 0.0054420 seconds, Stopping threads took: 0.0030670 seconds
195.320: Application time: 0.0296070 seconds
195.322: [GC195.322: [ParNew: 37567K->4158K(37568K), 0.0025030 secs] 681111K->649705K(758420K), 0.0025480 secs] [Times: user=0.01 sys=0.00, real=0.00 secs] 
195.325: Total time for which application threads were stopped: 0.0046410 seconds, Stopping threads took: 0.0020240 seconds
195.354: Application time: 0.0288450 seconds
195.355: [GC195.355: [ParNew: 37566K->4158K(37568K), 0.0024980 secs] 683113K->651696K(758420K), 0.0025420 secs] [Times: user=0.02 sys=0.00, real=0.00 secs] 
195.358: Total time for which application threads were stopped: 0.0043130 seconds, Stopping threads took: 0.0017120 seconds
195.388: Application time: 0.0298480 seconds
195.390: [GC195.390: [ParNew: 37564K->4158K(37568K), 0.0023400 secs] 685102K->653117K(758420K), 0.0023860 secs] [Times: user=0.02 sys=0.00, real=0.00 secs] 
195.393: Total time for which application threads were stopped: 0.0051070 seconds, Stopping threads took: 0.0026550 seconds
195.422: Application time: 0.0294450 seconds
195.424: [GC195.424: [ParNew: 37566K->4159K(37568K), 0.0029370 secs] 686525K->656430K(758420K), 0.0029790 secs] [Times: user=0.02 sys=0.00, real=0.00 secs] 
195.427: Total time for which application threads were stopped: 0.0042290 seconds, Stopping threads took: 0.0011860 seconds
 CMS: abort preclean due to time 195.430: [CMS-concurrent-abortable-preclean: 0.672/5.005 secs] [Times: user=37.36 sys=0.21, real=5.01 secs] 
195.430: Application time: 0.0030720 seconds
195.431: [GC[YG occupancy: 7276 K (37568 K)]195.431: [Rescan (parallel) , 0.0003530 secs]195.431: [weak refs processing, 0.0000070 secs]195.431: [scrub string table, 0.0001060 secs] [1 CMS-remark: 652271K(720852K)] 659547K(758420K), 0.0005030 secs] [Times: user=0.00 sys=0.00, real=0.00 secs] 
195.432: Total time for which application threads were stopped: 0.0019090 seconds, Stopping threads took: 0.0013790 seconds
195.432: [CMS-concurrent-sweep-start]
195.460: Application time: 0.0286680 seconds
195.462: [GC195.462: [ParNew: 37567K->4158K(37568K), 0.0028200 secs] 380877K->350722K(758420K), 0.0028670 secs] [Times: user=0.02 sys=0.00, real=0.00 secs] 
195.465: Total time for which application threads were stopped: 0.0051610 seconds, Stopping threads took: 0.0022210 seconds
195.469: [CMS-concurrent-sweep: 0.034/0.038 secs] [Times: user=0.26 sys=0.00, real=0.04 secs] 
195.469: [CMS-concurrent-reset-start]
195.473: [CMS-concurrent-reset: 0.003/0.003 secs] [Times: user=0.03 sys=0.00, real=0.00 secs] 
195.496: Application time: 0.0307280 seconds
195.497: [GC195.497: [ParNew: 37566K->4159K(37568K), 0.0025140 secs] 361998K->330794K(758420K), 0.0025580 secs] [Times: user=0.02 sys=0.00, real=0.00 secs] 
195.500: Total time for which application threads were stopped: 0.0038790 seconds, Stopping threads took: 0.0012530 seconds
195.500: Application time: 0.0000420 seconds
195.502: [GC [1 CMS-initial-mark: 326635K(720852K)] 331091K(758420K), 0.0001820 secs] [Times: user=0.00 sys=0.00, real=0.00 secs] 
195.502: Total time for which application threads were stopped: 0.0019400 seconds, Stopping threads took: 0.0017390 seconds
195.502: [CMS-concurrent-mark-start]
195.509: [CMS-concurrent-mark: 0.007/0.007 secs] [Times: user=0.04 sys=0.00, real=0.01 secs] 
195.509: [CMS-concurrent-preclean-start]
195.510: [CMS-concurrent-preclean: 0.001/0.001 secs] [Times: user=0.01 sys=0.00, real=0.00 secs] 
195.510: [CMS-concurrent-abortable-preclean-start]
195.531: Application time: 0.0291260 seconds
195.533: [GC195.533: [ParNew: 37567K->4159K(37568K), 0.0022510 secs] 364202K->331942K(758420K), 0.0022940 secs] [Times: user=0.02 sys=0.00, real=0.01 secs] 
195.535: Total time for which application threads were stopped: 0.0041860 seconds, Stopping threads took: 0.0018050 seconds
195.565: Application time: 0.0301450 seconds
195.569: [GC195.569: [ParNew: 37567K->4158K(37568K), 0.0025120 secs] 365350K->333959K(758420K), 0.0025570 secs] [Times: user=0.01 sys=0.01, real=0.00 secs] 
195.571: Total time for which application threads were stopped: 0.0057940 seconds, Stopping threads took: 0.0031500 seconds
195.601: Application time: 0.0294110 seconds
195.602: [GC195.602: [ParNew: 37566K->4158K(37568K), 0.0027490 secs] 367367K->336906K(758420K), 0.0027940 secs] [Times: user=0.02 sys=0.00, real=0.00 secs] 
195.605: Total time for which application threads were stopped: 0.0046720 seconds, Stopping threads took: 0.0018110 seconds
195.635: Application time: 0.0294700 seconds
195.636: [GC195.636: [ParNew: 37566K->4158K(37568K), 0.0021300 secs] 370314K->337724K(758420K), 0.0021680 secs] [Times: user=0.01 sys=0.00, real=0.00 secs] 
195.638: Total time for which application threads were stopped: 0.0034060 seconds, Stopping threads took: 0.0011730 seconds
195.669: Application time: 0.0303890 seconds
195.669: [GC195.669: [ParNew: 37566K->4158K(37568K), 0.0021300 secs] 371132K->338435K(758420K), 0.0021720 secs] [Times: user=0.02 sys=0.00, real=0.00 secs] 
195.671: Total time for which application threads were stopped: 0.0024840 seconds, Stopping threads took: 0.0002460 seconds
195.701: Application time: 0.0301670 seconds
195.707: [GC195.707: [ParNew: 37566K->4159K(37568K), 0.0024460 secs] 371843K->340167K(758420K), 0.0024910 secs] [Times: user=0.02 sys=0.00, real=0.00 secs] 
195.709: Total time for which application threads were stopped: 0.0079860 seconds, Stopping threads took: 0.0054150 seconds
195.738: Application time: 0.0290050 seconds
195.740: [GC195.740: [ParNew: 37567K->4159K(37568K), 0.0026680 secs] 373575K->342722K(758420K), 0.0027110 secs] [Times: user=0.02 sys=0.00, real=0.00 secs] 
195.742: Total time for which application threads were stopped: 0.0042590 seconds, Stopping threads took: 0.0014720 seconds
195.773: Application time: 0.0301210 seconds
195.774: [GC195.774: [ParNew: 37567K->4159K(37568K), 0.0020360 secs] 376130K->343383K(758420K), 0.0020790 secs] [Times: user=0.02 sys=0.00, real=0.01 secs] 
195.776: Total time for which application threads were stopped: 0.0036670 seconds, Stopping threads took: 0.0015180 seconds
195.806: Application time: 0.0295710 seconds
195.808: [GC195.808: [ParNew: 37567K->4158K(37568K), 0.0025760 secs] 376791K->345515K(758420K), 0.0026190 secs] [Times: user=0.02 sys=0.00, real=0.00 secs] 
195.811: Total time for which application threads were stopped: 0.0046980 seconds, Stopping threads took: 0.0020210 seconds
195.840: Application time: 0.0296550 seconds
195.842: [GC195.842: [ParNew: 37566K->4158K(37568K), 0.0022260 secs] 378923K->346702K(758420K), 0.0022670 secs] [Times: user=0.01 sys=0.00, real=0.00 secs] 
195.845: Total time for which application threads were stopped: 0.0044470 seconds, Stopping threads took: 0.0021150 seconds
195.874: Application time: 0.0296070 seconds
195.877: [GC195.877: [ParNew: 37566K->4159K(37568K), 0.0026070 secs] 380110K->349056K(758420K), 0.0026550 secs] [Times: user=0.02 sys=0.00, real=0.00 secs] 
195.880: Total time for which application threads were stopped: 0.0054340 seconds, Stopping threads took: 0.0027140 seconds
195.910: Application time: 0.0300500 seconds
195.912: [GC195.912: [ParNew: 37567K->4158K(37568K), 0.0021810 secs] 382464K->350296K(758420K), 0.0022210 secs] [Times: user=0.02 sys=0.00, real=0.00 secs] 
195.914: Total time for which application threads were stopped: 0.0040300 seconds, Stopping threads took: 0.0017430 seconds
195.942: Application time: 0.0287100 seconds
195.944: [GC195.944: [ParNew: 37566K->4159K(37568K), 0.0026860 secs] 383704K->353031K(758420K), 0.0027310 secs] [Times: user=0.02 sys=0.00, real=0.01 secs] 
195.947: Total time for which application threads were stopped: 0.0045900 seconds, Stopping threads took: 0.0017940 seconds
195.977: Application time: 0.0301030 seconds
195.979: [GC195.979: [ParNew: 37567K->4158K(37568K), 0.0020820 secs] 386439K->353794K(758420K), 0.0021240 secs] [Times: user=0.02 sys=0.00, real=0.00 secs] 
195.981: Total time for which application threads were stopped: 0.0041650 seconds, Stopping threads took: 0.0019780 seconds
196.010: Application time: 0.0291360 seconds
196.012: [GC196.012: [ParNew: 37565K->4159K(37568K), 0.0027470 secs] 387202K->356490K(758420K), 0.0027900 secs] [Times: user=0.02 sys=0.00, real=0.01 secs] 
196.015: Total time for which application threads were stopped: 0.0044870 seconds, Stopping threads took: 0.0016320 seconds
196.045: Application time: 0.0304410 seconds
196.047: [GC196.047: [ParNew: 37566K->4159K(37568K), 0.0021990 secs] 389898K->357569K(758420K), 0.0022410 secs] [Times: user=0.02 sys=0.00, real=0.00 secs] 
196.050: Total time for which application threads were stopped: 0.0042070 seconds, Stopping threads took: 0.0019030 seconds
196.079: Application time: 0.0291070 seconds
196.081: [GC196.081: [ParNew: 37567K->4159K(37568K), 0.0025640 secs] 390977K->359597K(758420K), 0.0026110 secs] [Times: user=0.02 sys=0.00, real=0.00 secs] 
196.084: Total time for which application threads were stopped: 0.0049560 seconds, Stopping threads took: 0.0022580 seconds
196.114: Application time: 0.0306640 seconds
196.117: [GC196.117: [ParNew: 37567K->4159K(37568K), 0.0025890 secs] 393005K->361905K(758420K), 0.0026430 secs] [Times: user=0.02 sys=0.00, real=0.00 secs] 
196.120: Total time for which application threads were stopped: 0.0055500 seconds, Stopping threads took: 0.0028420 seconds
196.149: Application time: 0.0292180 seconds
196.151: [GC196.151: [ParNew: 37567K->4158K(37568K), 0.0022720 secs] 395313K->363193K(758420K), 0.0023160 secs] [Times: user=0.01 sys=0.00, real=0.00 secs] 
196.153: Total time for which application threads were stopped: 0.0039890 seconds, Stopping threads took: 0.0016060 seconds
196.182: Application time: 0.0286600 seconds
196.184: [GC196.184: [ParNew: 37565K->4159K(37568K), 0.0028430 secs] 396600K->366297K(758420K), 0.0029050 secs] [Times: user=0.02 sys=0.00, real=0.01 secs] 
196.187: Total time for which application threads were stopped: 0.0048250 seconds, Stopping threads took: 0.0018530 seconds
196.218: Application time: 0.0309300 seconds
196.220: [GC196.220: [ParNew: 37567K->4159K(37568K), 0.0027730 secs] 399705K->369277K(758420K), 0.0028160 secs] [Times: user=0.02 sys=0.00, real=0.00 secs] 
196.223: Total time for which application threads were stopped: 0.0053300 seconds, Stopping threads took: 0.0024490 seconds
196.253: Application time: 0.0297110 seconds
196.255: [GC196.255: [ParNew: 37567K->4159K(37568K), 0.0025940 secs] 402685K->371633K(758420K), 0.0026360 secs] [Times: user=0.01 sys=0.00, real=0.00 secs] 
196.257: Total time for which application threads were stopped: 0.0048020 seconds, Stopping threads took: 0.0020990 seconds
196.288: Application time: 0.0308210 seconds
196.291: [GC196.291: [ParNew: 37567K->4158K(37568K), 0.0021640 secs] 405041K->372469K(758420K), 0.0022060 secs] [Times: user=0.01 sys=0.00, real=0.00 secs] 
196.293: Total time for which application threads were stopped: 0.0045990 seconds, Stopping threads took: 0.0023150 seconds
196.321: Application time: 0.0284180 seconds
196.323: [GC196.323: [ParNew: 37564K->4158K(37568K), 0.0026840 secs] 405875K->375107K(758420K), 0.0027260 secs] [Times: user=0.02 sys=0.00, real=0.00 secs] 
196.326: Total time for which application threads were stopped: 0.0045060 seconds, Stopping threads took: 0.0017130 seconds
196.355: Application time: 0.0290450 seconds
196.357: [GC196.357: [ParNew: 37566K->4158K(37568K), 0.0026430 secs] 408515K->377500K(758420K), 0.0026860 secs] [Times: user=0.02 sys=0.00, real=0.00 secs] 
196.360: Total time for which application threads were stopped: 0.0053540 seconds, Stopping threads took: 0.0026080 seconds
196.389: Application time: 0.0283690 seconds
196.390: [GC196.390: [ParNew: 37566K->4159K(37568K), 0.0029160 secs] 410908K->380775K(758420K), 0.0029640 secs] [Times: user=0.02 sys=0.00, real=0.00 secs] 
196.393: Total time for which application threads were stopped: 0.0044960 seconds, Stopping threads took: 0.0014660 seconds
196.424: Application time: 0.0305750 seconds
196.426: [GC196.426: [ParNew: 37567K->4159K(37568K), 0.0023560 secs] 414183K->382393K(758420K), 0.0024000 secs] [Times: user=0.02 sys=0.00, real=0.01 secs] 
196.429: Total time for which application threads were stopped: 0.0051080 seconds, Stopping threads took: 0.0026440 seconds
196.458: Application time: 0.0290180 seconds
196.459: [GC196.459: [ParNew: 37567K->4159K(37568K), 0.0025060 secs] 415801K->383980K(758420K), 0.0025480 secs] [Times: user=0.02 sys=0.00, real=0.00 secs] 
196.462: Total time for which application threads were stopped: 0.0039960 seconds, Stopping threads took: 0.0013880 seconds
196.491: Application time: 0.0296210 seconds
196.494: [GC196.494: [ParNew: 37566K->4159K(37568K), 0.0025440 secs] 417387K->386024K(758420K), 0.0025860 secs] [Times: user=0.02 sys=0.00, real=0.01 secs] 
196.496: Total time for which application threads were stopped: 0.0047830 seconds, Stopping threads took: 0.0021330 seconds
196.524: Application time: 0.0278210 seconds
196.527: [GC196.527: [ParNew: 37567K->4159K(37568K), 0.0024800 secs] 419432K->388003K(758420K), 0.0025210 secs] [Times: user=0.02 sys=0.00, real=0.00 secs] 
196.529: Total time for which application threads were stopped: 0.0052240 seconds, Stopping threads took: 0.0026380 seconds
196.558: Application time: 0.0287540 seconds
196.560: [GC196.560: [ParNew: 37567K->4158K(37568K), 0.0024520 secs] 421411K->389964K(758420K), 0.0024970 secs] [Times: user=0.02 sys=0.00, real=0.00 secs] 
196.562: Total time for which application threads were stopped: 0.0043490 seconds, Stopping threads took: 0.0017880 seconds
196.592: Application time: 0.0300600 seconds
196.594: [GC196.594: [ParNew: 37566K->4158K(37568K), 0.0024300 secs] 423372K->391711K(758420K), 0.0024740 secs] [Times: user=0.01 sys=0.00, real=0.01 secs] 
196.597: Total time for which application threads were stopped: 0.0044310 seconds, Stopping threads took: 0.0018830 seconds
196.626: Application time: 0.0291750 seconds
196.627: [GC196.627: [ParNew: 37566K->4158K(37568K), 0.0022640 secs] 425119K->392953K(758420K), 0.0023090 secs] [Times: user=0.02 sys=0.00, real=0.00 secs] 
196.629: Total time for which application threads were stopped: 0.0033690 seconds, Stopping threads took: 0.0009930 seconds
196.658: Application time: 0.0289040 seconds
196.660: [GC196.660: [ParNew: 37566K->4158K(37568K), 0.0023560 secs] 426361K->394459K(758420K), 0.0024000 secs] [Times: user=0.02 sys=0.00, real=0.00 secs] 
196.662: Total time for which application threads were stopped: 0.0039350 seconds, Stopping threads took: 0.0014720 seconds
196.692: Application time: 0.0296210 seconds
196.694: [GC196.694: [ParNew: 37566K->4158K(37568K), 0.0025480 secs] 427867K->396792K(758420K), 0.0025920 secs] [Times: user=0.01 sys=0.00, real=0.01 secs] 
196.697: Total time for which application threads were stopped: 0.0052450 seconds, Stopping threads took: 0.0025890 seconds
196.725: Application time: 0.0279810 seconds
196.727: [GC196.727: [ParNew: 37566K->4159K(37568K), 0.0028450 secs] 430200K->399958K(758420K), 0.0028890 secs] [Times: user=0.01 sys=0.00, real=0.00 secs] 
196.730: Total time for which application threads were stopped: 0.0049270 seconds, Stopping threads took: 0.0019710 seconds
196.759: Application time: 0.0285560 seconds
196.761: [GC196.761: [ParNew: 37566K->4159K(37568K), 0.0028750 secs] 433365K->403042K(758420K), 0.0029170 secs] [Times: user=0.02 sys=0.00, real=0.00 secs] 
196.764: Total time for which application threads were stopped: 0.0050460 seconds, Stopping threads took: 0.0020670 seconds
196.794: Application time: 0.0302380 seconds
196.797: [GC196.797: [ParNew: 37567K->4158K(37568K), 0.0026190 secs] 436450K->405485K(758420K), 0.0026600 secs] [Times: user=0.02 sys=0.00, real=0.00 secs] 
196.799: Total time for which application threads were stopped: 0.0055390 seconds, Stopping threads took: 0.0028040 seconds
196.829: Application time: 0.0293310 seconds
196.831: [GC196.831: [ParNew: 37566K->4158K(37568K), 0.0024510 secs] 438893K->407363K(758420K), 0.0024900 secs] [Times: user=0.01 sys=0.00, real=0.00 secs] 
196.834: Total time for which application threads were stopped: 0.0052570 seconds, Stopping threads took: 0.0027030 seconds
196.863: Application time: 0.0292820 seconds
196.865: [GC196.865: [ParNew: 37565K->4159K(37568K), 0.0024200 secs] 440770K->409055K(758420K), 0.0024650 secs] [Times: user=0.02 sys=0.00, real=0.01 secs] 
196.868: Total time for which application threads were stopped: 0.0046230 seconds, Stopping threads took: 0.0020950 seconds
196.897: Application time: 0.0289760 seconds
196.898: [GC196.898: [ParNew: 37567K->4158K(37568K), 0.0023690 secs] 442463K->410665K(758420K), 0.0024100 secs] [Times: user=0.02 sys=0.00, real=0.00 secs] 
196.900: Total time for which application threads were stopped: 0.0031790 seconds, Stopping threads took: 0.0007030 seconds
196.930: Application time: 0.0304440 seconds
196.932: [GC196.932: [ParNew: 37566K->4159K(37568K), 0.0019480 secs] 444072K->410753K(758420K), 0.0019900 secs] [Times: user=0.02 sys=0.00, real=0.00 secs] 
196.934: Total time for which application threads were stopped: 0.0035410 seconds, Stopping threads took: 0.0014860 seconds
196.963: Application time: 0.0293070 seconds
196.966: [GC196.966: [ParNew: 37567K->4159K(37568K), 0.0023880 secs] 444161K->412374K(758420K), 0.0024320 secs] [Times: user=0.02 sys=0.00, real=0.01 secs] 
196.969: Total time for which application threads were stopped: 0.0053100 seconds, Stopping threads took: 0.0028120 seconds
196.999: Application time: 0.0305370 seconds
197.001: [GC197.001: [ParNew: 37567K->4159K(37568K), 0.0017950 secs] 445782K->412440K(758420K), 0.0018380 secs] [Times: user=0.01 sys=0.00, real=0.00 secs] 
197.003: Total time for which application threads were stopped: 0.0033860 seconds, Stopping threads took: 0.0014820 seconds
197.032: Application time: 0.0296380 seconds
197.034: [GC197.034: [ParNew: 37567K->4159K(37568K), 0.0027110 secs] 445848K->415026K(758420K), 0.0027530 secs] [Times: user=0.02 sys=0.00, real=0.01 secs] 
197.037: Total time for which application threads were stopped: 0.0044290 seconds, Stopping threads took: 0.0016120 seconds
197.064: Application time: 0.0278190 seconds
197.066: [GC197.066: [ParNew: 37567K->4158K(37568K), 0.0028120 secs] 448434K->417991K(758420K), 0.0028560 secs] [Times: user=0.02 sys=0.00, real=0.01 secs] 
197.069: Total time for which application threads were stopped: 0.0048470 seconds, Stopping threads took: 0.0019250 seconds
197.099: Application time: 0.0292310 seconds
197.100: [GC197.100: [ParNew: 37566K->4158K(37568K), 0.0029830 secs] 451399K->421388K(758420K), 0.0030260 secs] [Times: user=0.02 sys=0.00, real=0.00 secs] 
197.104: Total time for which application threads were stopped: 0.0049770 seconds, Stopping threads took: 0.0018850 seconds
197.133: Application time: 0.0294400 seconds
197.136: [GC197.136: [ParNew: 37566K->4158K(37568K), 0.0028680 secs] 454796K->424677K(758420K), 0.0029100 secs] [Times: user=0.02 sys=0.00, real=0.00 secs] 
197.139: Total time for which application threads were stopped: 0.0056130 seconds, Stopping threads took: 0.0026380 seconds
197.169: Application time: 0.0303350 seconds
197.171: [GC197.171: [ParNew: 37566K->4159K(37568K), 0.0024900 secs] 458085K->426831K(758420K), 0.0025300 secs] [Times: user=0.01 sys=0.00, real=0.00 secs] 
197.174: Total time for which application threads were stopped: 0.0047940 seconds, Stopping threads took: 0.0021980 seconds
197.203: Application time: 0.0291880 seconds
197.205: [GC197.205: [ParNew: 37567K->4159K(37568K), 0.0027760 secs] 460239K->429787K(758420K), 0.0028210 secs] [Times: user=0.02 sys=0.00, real=0.01 secs] 
197.208: Total time for which application threads were stopped: 0.0051000 seconds, Stopping threads took: 0.0022140 seconds
197.237: Application time: 0.0292330 seconds
197.239: [GC197.239: [ParNew: 37567K->4159K(37568K), 0.0026780 secs] 463195K->432465K(758420K), 0.0027210 secs] [Times: user=0.02 sys=0.00, real=0.00 secs] 
197.242: Total time for which application threads were stopped: 0.0042960 seconds, Stopping threads took: 0.0015100 seconds
197.270: Application time: 0.0289090 seconds
197.273: [GC197.273: [ParNew: 37567K->4159K(37568K), 0.0025230 secs] 465873K->434521K(758420K), 0.0025690 secs] [Times: user=0.02 sys=0.00, real=0.01 secs] 
197.276: Total time for which application threads were stopped: 0.0054190 seconds, Stopping threads took: 0.0027850 seconds
197.305: Application time: 0.0291480 seconds
197.306: [GC197.306: [ParNew: 37567K->4159K(37568K), 0.0028510 secs] 467929K->437403K(758420K), 0.0028950 secs] [Times: user=0.02 sys=0.00, real=0.01 secs] 
197.309: Total time for which application threads were stopped: 0.0043810 seconds, Stopping threads took: 0.0014110 seconds
197.339: Application time: 0.0294810 seconds
197.340: [GC197.340: [ParNew: 37567K->4159K(37568K), 0.0025790 secs] 470811K->439677K(758420K), 0.0026220 secs] [Times: user=0.02 sys=0.00, real=0.00 secs] 
197.343: Total time for which application threads were stopped: 0.0040220 seconds, Stopping threads took: 0.0013350 seconds
197.372: Application time: 0.0287960 seconds
197.374: [GC197.374: [ParNew: 37567K->4158K(37568K), 0.0028670 secs] 473085K->442994K(758420K), 0.0029110 secs] [Times: user=0.02 sys=0.00, real=0.01 secs] 
197.377: Total time for which application threads were stopped: 0.0049890 seconds, Stopping threads took: 0.0020120 seconds
197.408: Application time: 0.0315510 seconds
197.410: [GC197.410: [ParNew: 37566K->4159K(37568K), 0.0028910 secs] 476402K->446182K(758420K), 0.0029340 secs] [Times: user=0.02 sys=0.00, real=0.00 secs] 
197.413: Total time for which application threads were stopped: 0.0051080 seconds, Stopping threads took: 0.0021130 seconds
197.443: Application time: 0.0300550 seconds
197.446: [GC197.446: [ParNew: 37567K->4159K(37568K), 0.0028200 secs] 479590K->449262K(758420K), 0.0028650 secs] [Times: user=0.02 sys=0.00, real=0.01 secs] 
197.449: Total time for which application threads were stopped: 0.0058430 seconds, Stopping threads took: 0.0029130 seconds
197.481: Application time: 0.0319630 seconds
197.483: [GC197.483: [ParNew: 37567K->4159K(37568K), 0.0026490 secs] 482670K->451591K(758420K), 0.0026990 secs] [Times: user=0.01 sys=0.00, real=0.00 secs] 
197.486: Total time for which application threads were stopped: 0.0047290 seconds, Stopping threads took: 0.0019630 seconds
197.517: Application time: 0.0312870 seconds
197.520: [GC197.520: [ParNew: 37567K->4159K(37568K), 0.0030520 secs] 484999K->455191K(758420K), 0.0030950 secs] [Times: user=0.02 sys=0.00, real=0.00 secs] 
197.523: Total time for which application threads were stopped: 0.0056120 seconds, Stopping threads took: 0.0024300 seconds
197.555: Application time: 0.0322670 seconds
197.557: [GC197.557: [ParNew: 37567K->4158K(37568K), 0.0022960 secs] 488599K->456214K(758420K), 0.0023370 secs] [Times: user=0.02 sys=0.00, real=0.00 secs] 
197.559: Total time for which application threads were stopped: 0.0038650 seconds, Stopping threads took: 0.0014610 seconds
197.591: Application time: 0.0319130 seconds
197.594: [GC197.594: [ParNew: 37566K->4159K(37568K), 0.0023970 secs] 489622K->457185K(758420K), 0.0024420 secs] [Times: user=0.01 sys=0.00, real=0.01 secs] 
197.596: Total time for which application threads were stopped: 0.0051690 seconds, Stopping threads took: 0.0026390 seconds
197.628: Application time: 0.0315810 seconds
197.629: [GC197.629: [ParNew: 37567K->4158K(37568K), 0.0023360 secs] 490593K->458588K(758420K), 0.0023790 secs] [Times: user=0.02 sys=0.00, real=0.00 secs] 
197.631: Total time for which application threads were stopped: 0.0033150 seconds, Stopping threads took: 0.0008720 seconds
197.664: Application time: 0.0325580 seconds
197.666: [GC197.667: [ParNew: 37566K->4159K(37568K), 0.0023810 secs] 491996K->460237K(758420K), 0.0024210 secs] [Times: user=0.01 sys=0.00, real=0.01 secs] 
197.669: Total time for which application threads were stopped: 0.0054200 seconds, Stopping threads took: 0.0029330 seconds
197.700: Application time: 0.0313860 seconds
197.702: [GC197.702: [ParNew: 37567K->4158K(37568K), 0.0028160 secs] 493645K->463194K(758420K), 0.0028630 secs] [Times: user=0.02 sys=0.00, real=0.00 secs] 
197.705: Total time for which application threads were stopped: 0.0048070 seconds, Stopping threads took: 0.0018780 seconds
197.736: Application time: 0.0310110 seconds
197.738: [GC197.738: [ParNew: 37566K->4159K(37568K), 0.0024270 secs] 496602K->464914K(758420K), 0.0024700 secs] [Times: user=0.02 sys=0.00, real=0.00 secs] 
197.740: Total time for which application threads were stopped: 0.0040010 seconds, Stopping threads took: 0.0014640 seconds
197.772: Application time: 0.0315140 seconds
197.774: [GC197.774: [ParNew: 37567K->4158K(37568K), 0.0026760 secs] 498322K->467351K(758420K), 0.0027220 secs] [Times: user=0.02 sys=0.00, real=0.01 secs] 
197.777: Total time for which application threads were stopped: 0.0052490 seconds, Stopping threads took: 0.0024580 seconds
197.808: Application time: 0.0312590 seconds
197.810: [GC197.810: [ParNew: 37566K->4159K(37568K), 0.0023010 secs] 500759K->468621K(758420K), 0.0023460 secs] [Times: user=0.02 sys=0.00, real=0.00 secs] 
197.812: Total time for which application threads were stopped: 0.0042800 seconds, Stopping threads took: 0.0018630 seconds
197.843: Application time: 0.0304520 seconds
197.846: [GC197.846: [ParNew: 37567K->4158K(37568K), 0.0024620 secs] 502029K->470248K(758420K), 0.0025100 secs] [Times: user=0.02 sys=0.00, real=0.01 secs] 
197.848: Total time for which application threads were stopped: 0.0052830 seconds, Stopping threads took: 0.0026850 seconds
197.879: Application time: 0.0307450 seconds
197.880: [GC197.880: [ParNew: 37565K->4159K(37568K), 0.0028340 secs] 503655K->473163K(758420K), 0.0028790 secs] [Times: user=0.02 sys=0.00, real=0.00 secs] 
197.883: Total time for which application threads were stopped: 0.0041760 seconds, Stopping threads took: 0.0012280 seconds
197.915: Application time: 0.0322240 seconds
197.918: [GC197.918: [ParNew: 37567K->4158K(37568K), 0.0027680 secs] 506571K->475964K(758420K), 0.0028200 secs] [Times: user=0.02 sys=0.00, real=0.00 secs] 
197.921: Total time for which application threads were stopped: 0.0057700 seconds, Stopping threads took: 0.0028810 seconds
197.951: Application time: 0.0298170 seconds
197.954: [GC197.954: [ParNew: 37566K->4158K(37568K), 0.0030070 secs] 509371K->479704K(758420K), 0.0030520 secs] [Times: user=0.02 sys=0.00, real=0.01 secs] 
197.957: Total time for which application threads were stopped: 0.0058170 seconds, Stopping threads took: 0.0026970 seconds
197.988: Application time: 0.0310560 seconds
197.990: [GC197.990: [ParNew: 37566K->4158K(37568K), 0.0030610 secs] 513112K->483360K(758420K), 0.0031040 secs] [Times: user=0.02 sys=0.00, real=0.00 secs] 
197.993: Total time for which application threads were stopped: 0.0050550 seconds, Stopping threads took: 0.0018820 seconds
198.025: Application time: 0.0319690 seconds
198.027: [GC198.027: [ParNew: 37566K->4158K(37568K), 0.0026510 secs] 516768K->485755K(758420K), 0.0026980 secs] [Times: user=0.02 sys=0.00, real=0.00 secs] 
198.030: Total time for which application threads were stopped: 0.0049180 seconds, Stopping threads took: 0.0021510 seconds
198.061: Application time: 0.0313370 seconds
198.063: [GC198.063: [ParNew: 37566K->4158K(37568K), 0.0027150 secs] 519163K->488124K(758420K), 0.0027610 secs] [Times: user=0.02 sys=0.00, real=0.00 secs] 
198.066: Total time for which application threads were stopped: 0.0051400 seconds, Stopping threads took: 0.0023150 seconds
198.099: Application time: 0.0325610 seconds
198.100: [GC198.100: [ParNew: 37566K->3488K(37568K), 0.0016800 secs] 521532K->487454K(758420K), 0.0017190 secs] [Times: user=0.01 sys=0.00, real=0.00 secs] 
198.102: Total time for which application threads were stopped: 0.0031110 seconds, Stopping threads took: 0.0013270 seconds
198.135: Application time: 0.0325890 seconds
198.136: [GC198.136: [ParNew: 36896K->4158K(37568K), 0.0021060 secs] 520862K->488738K(758420K), 0.0021480 secs] [Times: user=0.01 sys=0.00, real=0.00 secs] 
198.139: Total time for which application threads were stopped: 0.0040250 seconds, Stopping threads took: 0.0017890 seconds
198.171: Application time: 0.0324050 seconds
198.174: [GC198.174: [ParNew: 37566K->4158K(37568K), 0.0023510 secs] 522146K->490212K(758420K), 0.0023940 secs] [Times: user=0.02 sys=0.00, real=0.01 secs] 
198.176: Total time for which application threads were stopped: 0.0049940 seconds, Stopping threads took: 0.0025330 seconds
198.208: Application time: 0.0317210 seconds
198.210: [GC198.210: [ParNew: 37565K->4158K(37568K), 0.0023240 secs] 523620K->491593K(758420K), 0.0023700 secs] [Times: user=0.02 sys=0.00, real=0.00 secs] 
198.213: Total time for which application threads were stopped: 0.0050690 seconds, Stopping threads took: 0.0026400 seconds
198.244: Application time: 0.0315410 seconds
198.246: [GC198.246: [ParNew: 37566K->4159K(37568K), 0.0024670 secs] 525001K->493400K(758420K), 0.0025140 secs] [Times: user=0.02 sys=0.00, real=0.01 secs] 
198.248: Total time for which application threads were stopped: 0.0040510 seconds, Stopping threads took: 0.0014680 seconds
198.280: Application time: 0.0320370 seconds
198.282: [GC198.282: [ParNew: 37567K->4158K(37568K), 0.0027390 secs] 526808K->495997K(758420K), 0.0027850 secs] [Times: user=0.02 sys=0.00, real=0.00 secs] 
198.285: Total time for which application threads were stopped: 0.0047370 seconds, Stopping threads took: 0.0018870 seconds
198.315: Application time: 0.0300330 seconds
198.317: [GC198.317: [ParNew: 37566K->4159K(37568K), 0.0029320 secs] 529405K->499331K(758420K), 0.0029780 secs] [Times: user=0.02 sys=0.00, real=0.00 secs] 
198.320: Total time for which application threads were stopped: 0.0053360 seconds, Stopping threads took: 0.0022850 seconds
198.352: Application time: 0.0315110 seconds
198.355: [GC198.355: [ParNew: 37567K->4158K(37568K), 0.0029330 secs] 532739K->502547K(758420K), 0.0029790 secs] [Times: user=0.02 sys=0.00, real=0.00 secs] 
198.358: Total time for which application threads were stopped: 0.0057280 seconds, Stopping threads took: 0.0026810 seconds
198.390: Application time: 0.0319560 seconds
198.393: [GC198.393: [ParNew: 37566K->4158K(37568K), 0.0024890 secs] 535955K->504574K(758420K), 0.0025440 secs] [Times: user=0.01 sys=0.00, real=0.01 secs] 
198.395: Total time for which application threads were stopped: 0.0056270 seconds, Stopping threads took: 0.0030170 seconds
198.427: Application time: 0.0319410 seconds
198.429: [GC198.429: [ParNew: 37566K->4159K(37568K), 0.0023990 secs] 537982K->506055K(758420K), 0.0024470 secs] [Times: user=0.01 sys=0.00, real=0.00 secs] 
198.432: Total time for which application threads were stopped: 0.0044520 seconds, Stopping threads took: 0.0019380 seconds
198.464: Application time: 0.0318080 seconds
198.466: [GC198.466: [ParNew: 37567K->4159K(37568K), 0.0027230 secs] 539463K->508406K(758420K), 0.0027700 secs] [Times: user=0.02 sys=0.00, real=0.01 secs] 
198.469: Total time for which application threads were stopped: 0.0053050 seconds, Stopping threads took: 0.0024490 seconds
198.498: Application time: 0.0292840 seconds
198.500: [GC198.500: [ParNew: 37567K->4159K(37568K), 0.0030610 secs] 541814K->512088K(758420K), 0.0031100 secs] [Times: user=0.03 sys=0.00, real=0.00 secs] 
198.504: Total time for which application threads were stopped: 0.0054690 seconds, Stopping threads took: 0.0022910 seconds
198.534: Application time: 0.0305110 seconds
198.536: [GC198.536: [ParNew: 37567K->4159K(37568K), 0.0030420 secs] 545496K->515677K(758420K), 0.0030870 secs] [Times: user=0.02 sys=0.00, real=0.00 secs] 
198.539: Total time for which application threads were stopped: 0.0047970 seconds, Stopping threads took: 0.0016440 seconds
198.571: Application time: 0.0325920 seconds
198.573: [GC198.573: [ParNew: 37567K->4158K(37568K), 0.0023880 secs] 549084K->517213K(758420K), 0.0024340 secs] [Times: user=0.02 sys=0.00, real=0.01 secs] 
198.576: Total time for which application threads were stopped: 0.0040770 seconds, Stopping threads took: 0.0015750 seconds
198.608: Application time: 0.0320520 seconds
198.610: [GC198.610: [ParNew: 37566K->4159K(37568K), 0.0026650 secs] 550621K->519660K(758420K), 0.0027090 secs] [Times: user=0.02 sys=0.00, real=0.00 secs] 
198.613: Total time for which application threads were stopped: 0.0051820 seconds, Stopping threads took: 0.0024060 seconds
198.644: Application time: 0.0312920 seconds
198.645: [GC198.645: [ParNew: 37567K->4159K(37568K), 0.0028300 secs] 553068K->522468K(758420K), 0.0028750 secs] [Times: user=0.02 sys=0.00, real=0.01 secs] 
198.648: Total time for which application threads were stopped: 0.0040100 seconds, Stopping threads took: 0.0010650 seconds
198.680: Application time: 0.0320470 seconds
198.682: [GC198.682: [ParNew: 37567K->4158K(37568K), 0.0023030 secs] 555876K->523270K(758420K), 0.0023510 secs] [Times: user=0.02 sys=0.00, real=0.00 secs] 
198.684: Total time for which application threads were stopped: 0.0040830 seconds, Stopping threads took: 0.0016610 seconds
198.715: Application time: 0.0304510 seconds
198.718: [GC198.718: [ParNew: 37566K->4159K(37568K), 0.0028770 secs] 556678K->526400K(758420K), 0.0029230 secs] [Times: user=0.02 sys=0.00, real=0.00 secs] 
198.720: Total time for which application threads were stopped: 0.0057700 seconds, Stopping threads took: 0.0027820 seconds
198.753: Application time: 0.0323830 seconds
198.755: [GC198.755: [ParNew: 37567K->4159K(37568K), 0.0029020 secs] 559808K->529542K(758420K), 0.0029420 secs] [Times: user=0.02 sys=0.00, real=0.00 secs] 
198.758: Total time for which application threads were stopped: 0.0052290 seconds, Stopping threads took: 0.0022200 seconds
198.789: Application time: 0.0310500 seconds
198.792: [GC198.792: [ParNew: 37567K->4158K(37568K), 0.0026390 secs] 562950K->531939K(758420K), 0.0026860 secs] [Times: user=0.02 sys=0.00, real=0.00 secs] 
198.794: Total time for which application threads were stopped: 0.0053300 seconds, Stopping threads took: 0.0025770 seconds
198.826: Application time: 0.0311240 seconds
198.827: [GC198.827: [ParNew: 37566K->4159K(37568K), 0.0027020 secs] 565347K->534243K(758420K), 0.0027510 secs] [Times: user=0.02 sys=0.00, real=0.00 secs] 
198.830: Total time for which application threads were stopped: 0.0040910 seconds, Stopping threads took: 0.0012350 seconds
198.861: Application time: 0.0311680 seconds
198.864: [GC198.864: [ParNew: 37567K->4159K(37568K), 0.0025350 secs] 567651K->536244K(758420K), 0.0025810 secs] [Times: user=0.02 sys=0.00, real=0.00 secs] 
198.866: Total time for which application threads were stopped: 0.0055800 seconds, Stopping threads took: 0.0029390 seconds
198.897: Application time: 0.0303600 seconds
198.899: [GC198.899: [ParNew: 37567K->4158K(37568K), 0.0028950 secs] 569652K->539575K(758420K), 0.0029410 secs] [Times: user=0.03 sys=0.00, real=0.00 secs] 
198.902: Total time for which application threads were stopped: 0.0052480 seconds, Stopping threads took: 0.0022380 seconds
198.933: Application time: 0.0306770 seconds
198.936: [GC198.936: [ParNew: 37566K->4159K(37568K), 0.0029130 secs] 572983K->542807K(758420K), 0.0029560 secs] [Times: user=0.02 sys=0.00, real=0.00 secs] 
198.939: Total time for which application threads were stopped: 0.0058300 seconds, Stopping threads took: 0.0028060 seconds
198.970: Application time: 0.0319360 seconds
198.973: [GC198.973: [ParNew: 37567K->4158K(37568K), 0.0028120 secs] 576215K->545957K(758420K), 0.0028550 secs] [Times: user=0.02 sys=0.00, real=0.01 secs] 
198.976: Total time for which application threads were stopped: 0.0051910 seconds, Stopping threads took: 0.0022680 seconds
199.007: Application time: 0.0310670 seconds
199.008: [GC199.008: [ParNew: 37566K->4159K(37568K), 0.0023650 secs] 579365K->547427K(758420K), 0.0024090 secs] [Times: user=0.01 sys=0.01, real=0.00 secs] 
199.011: Total time for which application threads were stopped: 0.0041310 seconds, Stopping threads took: 0.0016570 seconds
199.042: Application time: 0.0310280 seconds
199.044: [GC199.044: [ParNew: 37567K->4159K(37568K), 0.0023300 secs] 580835K->548679K(758420K), 0.0023750 secs] [Times: user=0.02 sys=0.00, real=0.00 secs] 
199.046: Total time for which application threads were stopped: 0.0042710 seconds, Stopping threads took: 0.0018260 seconds
199.078: Application time: 0.0320530 seconds
199.081: [GC199.081: [ParNew: 37567K->4158K(37568K), 0.0020000 secs] 582087K->548905K(758420K), 0.0020430 secs] [Times: user=0.01 sys=0.00, real=0.00 secs] 
199.083: Total time for which application threads were stopped: 0.0046810 seconds, Stopping threads took: 0.0025720 seconds
199.116: Application time: 0.0326190 seconds
199.119: [GC199.119: [ParNew: 37566K->4159K(37568K), 0.0024090 secs] 582313K->550656K(758420K), 0.0024560 secs] [Times: user=0.01 sys=0.00, real=0.00 secs] 
199.121: Total time for which application threads were stopped: 0.0058720 seconds, Stopping threads took: 0.0033510 seconds
199.152: Application time: 0.0305770 seconds
199.154: [GC199.154: [ParNew: 37567K->4158K(37568K), 0.0029900 secs] 584064K->554093K(758420K), 0.0030350 secs] [Times: user=0.02 sys=0.00, real=0.01 secs] 
199.157: Total time for which application threads were stopped: 0.0053650 seconds, Stopping threads took: 0.0022640 seconds
199.190: Application time: 0.0327410 seconds
199.193: [GC199.193: [ParNew: 37566K->4159K(37568K), 0.0026130 secs] 587501K->556398K(758420K), 0.0026580 secs] [Times: user=0.01 sys=0.00, real=0.01 secs] 
199.195: Total time for which application threads were stopped: 0.0051500 seconds, Stopping threads took: 0.0024280 seconds
199.226: Application time: 0.0308470 seconds
199.227: [GC199.227: [ParNew: 37567K->4158K(37568K), 0.0025780 secs] 589806K->558533K(758420K), 0.0026220 secs] [Times: user=0.02 sys=0.00, real=0.00 secs] 
199.230: Total time for which application threads were stopped: 0.0034480 seconds, Stopping threads took: 0.0007570 seconds
199.261: Application time: 0.0315840 seconds
199.263: [GC199.263: [ParNew: 37566K->4158K(37568K), 0.0022470 secs] 591941K->559726K(758420K), 0.0022900 secs] [Times: user=0.02 sys=0.00, real=0.00 secs] 
199.266: Total time for which application threads were stopped: 0.0045820 seconds, Stopping threads took: 0.0022250 seconds
199.297: Application time: 0.0317280 seconds
199.299: [GC199.299: [ParNew: 37566K->4158K(37568K), 0.0022460 secs] 593134K->560777K(758420K), 0.0022980 secs] [Times: user=0.02 sys=0.00, real=0.00 secs] 
199.301: Total time for which application threads were stopped: 0.0036270 seconds, Stopping threads took: 0.0012620 seconds
199.331: Application time: 0.0298030 seconds
199.333: [GC199.333: [ParNew: 37566K->4158K(37568K), 0.0027690 secs] 594185K->563703K(758420K), 0.0028140 secs] [Times: user=0.02 sys=0.00, real=0.01 secs] 
199.336: Total time for which application threads were stopped: 0.0050580 seconds, Stopping threads took: 0.0021690 seconds
199.366: Application time: 0.0301090 seconds
199.368: [GC199.368: [ParNew: 37566K->4158K(37568K), 0.0027550 secs] 597111K->566489K(758420K), 0.0028000 secs] [Times: user=0.02 sys=0.00, real=0.00 secs] 
199.371: Total time for which application threads were stopped: 0.0049360 seconds, Stopping threads took: 0.0020750 seconds
199.401: Application time: 0.0302680 seconds
199.403: [GC199.403: [ParNew: 37566K->4159K(37568K), 0.0027810 secs] 599897K->569205K(758420K), 0.0028270 secs] [Times: user=0.02 sys=0.00, real=0.00 secs] 
199.406: Total time for which application threads were stopped: 0.0046260 seconds, Stopping threads took: 0.0017300 seconds
199.437: Application time: 0.0307090 seconds
199.439: [GC199.439: [ParNew: 37567K->4159K(37568K), 0.0029420 secs] 602613K->572594K(758420K), 0.0029890 secs] [Times: user=0.02 sys=0.00, real=0.00 secs] 
199.442: Total time for which application threads were stopped: 0.0056330 seconds, Stopping threads took: 0.0025770 seconds
199.473: Application time: 0.0311250 seconds
199.474: [GC199.474: [ParNew: 37567K->4159K(37568K), 0.0026530 secs] 606002K->574897K(758420K), 0.0026980 secs] [Times: user=0.02 sys=0.00, real=0.01 secs] 
199.477: Total time for which application threads were stopped: 0.0035260 seconds, Stopping threads took: 0.0007590 seconds
199.508: Application time: 0.0309370 seconds
199.510: [GC199.510: [ParNew: 37567K->4159K(37568K), 0.0028880 secs] 608305K->578000K(758420K), 0.0029300 secs] [Times: user=0.02 sys=0.00, real=0.00 secs] 
199.513: Total time for which application threads were stopped: 0.0053220 seconds, Stopping threads took: 0.0023250 seconds
199.546: Application time: 0.0325150 seconds
199.549: [GC199.549: [ParNew: 37567K->4159K(37568K), 0.0023080 secs] 611408K->579068K(758420K), 0.0023530 secs] [Times: user=0.01 sys=0.00, real=0.00 secs] 
199.551: Total time for which application threads were stopped: 0.0055690 seconds, Stopping threads took: 0.0031490 seconds
199.583: Application time: 0.0317520 seconds
199.585: [GC199.585: [ParNew: 37567K->4158K(37568K), 0.0025160 secs] 612476K->580920K(758420K), 0.0025600 secs] [Times: user=0.02 sys=0.00, real=0.01 secs] 
199.588: Total time for which application threads were stopped: 0.0047340 seconds, Stopping threads took: 0.0021070 seconds
199.619: Application time: 0.0313390 seconds
199.622: [GC199.622: [ParNew: 37566K->4158K(37568K), 0.0024660 secs] 614328K->582830K(758420K), 0.0025130 secs] [Times: user=0.02 sys=0.00, real=0.00 secs] 
199.625: Total time for which application threads were stopped: 0.0056720 seconds, Stopping threads took: 0.0030920 seconds
199.656: Application time: 0.0317420 seconds
199.657: [GC199.657: [ParNew: 37564K->4159K(37568K), 0.0024970 secs] 616236K->584609K(758420K), 0.0025440 secs] [Times: user=0.02 sys=0.00, real=0.00 secs] 
199.660: Total time for which application threads were stopped: 0.0033020 seconds, Stopping threads took: 0.0006900 seconds
199.692: Application time: 0.0321300 seconds
199.694: [GC199.694: [ParNew: 37565K->4159K(37568K), 0.0023810 secs] 618015K->586338K(758420K), 0.0024270 secs] [Times: user=0.01 sys=0.00, real=0.01 secs] 
199.696: Total time for which application threads were stopped: 0.0043060 seconds, Stopping threads took: 0.0018110 seconds
199.727: Application time: 0.0303490 seconds
199.729: [GC199.729: [ParNew: 37567K->4158K(37568K), 0.0027370 secs] 619746K->588737K(758420K), 0.0027890 secs] [Times: user=0.02 sys=0.01, real=0.00 secs] 
199.732: Total time for which application threads were stopped: 0.0051910 seconds, Stopping threads took: 0.0023270 seconds
199.762: Application time: 0.0306910 seconds
199.764: [GC199.764: [ParNew: 37565K->4159K(37568K), 0.0027370 secs] 622144K->591089K(758420K), 0.0027830 secs] [Times: user=0.02 sys=0.00, real=0.01 secs] 
199.767: Total time for which application threads were stopped: 0.0046150 seconds, Stopping threads took: 0.0017650 seconds
199.798: Application time: 0.0306680 seconds
199.800: [GC199.801: [ParNew: 37567K->4159K(37568K), 0.0029010 secs] 624497K->594237K(758420K), 0.0029470 secs] [Times: user=0.02 sys=0.00, real=0.00 secs] 
199.803: Total time for which application threads were stopped: 0.0056940 seconds, Stopping threads took: 0.0026790 seconds
199.834: Application time: 0.0302030 seconds
199.836: [GC199.836: [ParNew: 37567K->4159K(37568K), 0.0027340 secs] 627645K->596881K(758420K), 0.0027790 secs] [Times: user=0.02 sys=0.00, real=0.00 secs] 
199.839: Total time for which application threads were stopped: 0.0050120 seconds, Stopping threads took: 0.0021580 seconds
199.871: Application time: 0.0327780 seconds
199.874: [GC199.874: [ParNew: 37567K->4158K(37568K), 0.0019390 secs] 630289K->596947K(758420K), 0.0019810 secs] [Times: user=0.02 sys=0.00, real=0.01 secs] 
199.876: Total time for which application threads were stopped: 0.0045820 seconds, Stopping threads took: 0.0025340 seconds
199.907: Application time: 0.0310640 seconds
199.909: [GC199.909: [ParNew: 37566K->4159K(37568K), 0.0022170 secs] 630355K->597832K(758420K), 0.0022620 secs] [Times: user=0.02 sys=0.00, real=0.00 secs] 
199.911: Total time for which application threads were stopped: 0.0042340 seconds, Stopping threads took: 0.0019050 seconds
199.943: Application time: 0.0314480 seconds
199.945: [GC199.945: [ParNew: 37567K->4158K(37568K), 0.0026070 secs] 631240K->599922K(758420K), 0.0026530 secs] [Times: user=0.02 sys=0.00, real=0.01 secs] 
199.947: Total time for which application threads were stopped: 0.0046660 seconds, Stopping threads took: 0.0019440 seconds
199.979: Application time: 0.0316560 seconds
199.981: [GC199.981: [ParNew: 37566K->4159K(37568K), 0.0023050 secs] 633330K->601205K(758420K), 0.0023510 secs] [Times: user=0.02 sys=0.00, real=0.00 secs] 
199.983: Total time for which application threads were stopped: 0.0043490 seconds, Stopping threads took: 0.0019290 seconds
200.014: Application time: 0.0307300 seconds
200.017: [GC200.017: [ParNew: 37567K->4158K(37568K), 0.0027430 secs] 634613K->603880K(758420K), 0.0027850 secs] [Times: user=0.02 sys=0.00, real=0.00 secs] 
200.020: Total time for which application threads were stopped: 0.0056180 seconds, Stopping threads took: 0.0027730 seconds
200.052: Application time: 0.0319780 seconds
200.053: [GC200.053: [ParNew: 37566K->4158K(37568K), 0.0022640 secs] 637288K->604998K(758420K), 0.0023090 secs] [Times: user=0.01 sys=0.00, real=0.01 secs] 
200.055: Total time for which application threads were stopped: 0.0032700 seconds, Stopping threads took: 0.0008950 seconds
200.086: Application time: 0.0310590 seconds
200.088: [GC200.088: [ParNew: 37566K->4158K(37568K), 0.0025350 secs] 638406K->607318K(758420K), 0.0025800 secs] [Times: user=0.01 sys=0.00, real=0.00 secs] 
200.091: Total time for which application threads were stopped: 0.0045350 seconds, Stopping threads took: 0.0018860 seconds
200.122: Application time: 0.0315890 seconds
200.125: [GC200.125: [ParNew: 37566K->4159K(37568K), 0.0026840 secs] 640726K->609908K(758420K), 0.0027270 secs] [Times: user=0.01 sys=0.00, real=0.01 secs] 
200.128: Total time for which application threads were stopped: 0.0054140 seconds, Stopping threads took: 0.0026210 seconds
200.159: Application time: 0.0309290 seconds
200.160: [GC200.160: [ParNew: 37567K->4158K(37568K), 0.0025710 secs] 643316K->612211K(758420K), 0.0026140 secs] [Times: user=0.02 sys=0.00, real=0.00 secs] 
200.163: Total time for which application threads were stopped: 0.0043820 seconds, Stopping threads took: 0.0017010 seconds
200.194: Application time: 0.0309550 seconds
200.196: [GC200.196: [ParNew: 37566K->4158K(37568K), 0.0027390 secs] 645619K->614812K(758420K), 0.0027900 secs] [Times: user=0.02 sys=0.00, real=0.00 secs] 
200.199: Total time for which application threads were stopped: 0.0048600 seconds, Stopping threads took: 0.0020050 seconds
200.231: Application time: 0.0321430 seconds
200.233: [GC200.233: [ParNew: 37565K->4158K(37568K), 0.0028490 secs] 648220K->617905K(758420K), 0.0028920 secs] [Times: user=0.02 sys=0.00, real=0.01 secs] 
200.236: Total time for which application threads were stopped: 0.0045320 seconds, Stopping threads took: 0.0015720 seconds
200.266: Application time: 0.0305470 seconds
200.268: [GC200.268: [ParNew: 37566K->4159K(37568K), 0.0027640 secs] 651313K->620797K(758420K), 0.0028070 secs] [Times: user=0.02 sys=0.00, real=0.00 secs] 
200.270: Total time for which application threads were stopped: 0.0043350 seconds, Stopping threads took: 0.0014680 seconds
200.302: Application time: 0.0317020 seconds
200.305: [GC200.305: [ParNew: 37567K->4159K(37568K), 0.0027550 secs] 654205K->623570K(758420K), 0.0028010 secs] [Times: user=0.02 sys=0.00, real=0.01 secs] 
200.308: Total time for which application threads were stopped: 0.0057150 seconds, Stopping threads took: 0.0028470 seconds
200.337: Application time: 0.0295240 seconds
200.340: [GC200.340: [ParNew: 37567K->4158K(37568K), 0.0030150 secs] 656978K->627234K(758420K), 0.0030600 secs] [Times: user=0.02 sys=0.00, real=0.00 secs] 
200.343: Total time for which application threads were stopped: 0.0057580 seconds, Stopping threads took: 0.0026250 seconds
200.374: Application time: 0.0313500 seconds
200.377: [GC200.377: [ParNew: 37565K->4159K(37568K), 0.0024740 secs] 660642K->629302K(758420K), 0.0025180 secs] [Times: user=0.02 sys=0.00, real=0.00 secs] 
200.379: Total time for which application threads were stopped: 0.0049070 seconds, Stopping threads took: 0.0023220 seconds
200.409: Application time: 0.0301090 seconds
200.411: [GC200.411: [ParNew: 37567K->4159K(37568K), 0.0030440 secs] 662710K->632771K(758420K), 0.0030890 secs] [Times: user=0.02 sys=0.00, real=0.00 secs] 
200.415: Total time for which application threads were stopped: 0.0050560 seconds, Stopping threads took: 0.0018990 seconds
200.447: Application time: 0.0328000 seconds
200.449: [GC200.449: [ParNew: 37567K->4159K(37568K), 0.0022450 secs] 666179K->634024K(758420K), 0.0022890 secs] [Times: user=0.01 sys=0.00, real=0.00 secs] 
200.452: Total time for which application threads were stopped: 0.0043670 seconds, Stopping threads took: 0.0020100 seconds
200.483: Application time: 0.0311980 seconds
200.485: [GC200.485: [ParNew: 37567K->4159K(37568K), 0.0022410 secs] 667432K->635128K(758420K), 0.0022850 secs] [Times: user=0.02 sys=0.00, real=0.01 secs] 
200.487: Total time for which application threads were stopped: 0.0044160 seconds, Stopping threads took: 0.0020650 seconds
200.519: Application time: 0.0320870 seconds
200.521: [GC200.521: [ParNew: 37567K->4159K(37568K), 0.0025240 secs] 668536K->637042K(758420K), 0.0025690 secs] [Times: user=0.02 sys=0.00, real=0.00 secs] 
200.524: Total time for which application threads were stopped: 0.0045780 seconds, Stopping threads took: 0.0019430 seconds
 CMS: abort preclean due to time 200.527: [CMS-concurrent-abortable-preclean: 0.678/5.017 secs] [Times: user=37.62 sys=0.16, real=5.02 secs] 
200.527: Application time: 0.0029860 seconds
200.532: [GC[YG occupancy: 8793 K (37568 K)]200.532: [Rescan (parallel) , 0.0004420 secs]200.532: [weak refs processing, 0.0000080 secs]200.532: [scrub string table, 0.0001140 secs] [1 CMS-remark: 632882K(720852K)] 641676K(758420K), 0.0005920 secs] [Times: user=0.00 sys=0.00, real=0.00 secs] 
200.532: Total time for which application threads were stopped: 0.0053060 seconds, Stopping threads took: 0.0046850 seconds
200.532: [CMS-concurrent-sweep-start]
200.561: Application time: 0.0283780 seconds
200.563: [GC200.563: [ParNew: 37567K->4159K(37568K), 0.0027730 secs] 436244K->405718K(758420K), 0.0028180 secs] [Times: user=0.02 sys=0.00, real=0.00 secs] 
200.566: Total time for which application threads were stopped: 0.0054370 seconds, Stopping threads took: 0.0025300 seconds
200.572: [CMS-concurrent-sweep: 0.034/0.040 secs] [Times: user=0.29 sys=0.00, real=0.04 secs] 
200.572: [CMS-concurrent-reset-start]
200.575: [CMS-concurrent-reset: 0.003/0.003 secs] [Times: user=0.03 sys=0.00, real=0.01 secs] 
200.598: Application time: 0.0319850 seconds
200.600: [GC200.600: [ParNew: 37567K->4158K(37568K), 0.0027980 secs] 351472K->320843K(758420K), 0.0028420 secs] [Times: user=0.01 sys=0.01, real=0.00 secs] 
200.603: Total time for which application threads were stopped: 0.0051600 seconds, Stopping threads took: 0.0022520 seconds
200.635: Application time: 0.0316980 seconds
200.638: [GC200.638: [ParNew: 37566K->4159K(37568K), 0.0023450 secs] 354251K->322511K(758420K), 0.0023910 secs] [Times: user=0.02 sys=0.00, real=0.00 secs] 
200.640: Total time for which application threads were stopped: 0.0055200 seconds, Stopping threads took: 0.0030630 seconds
200.673: Application time: 0.0321580 seconds
200.675: [GC200.676: [ParNew: 37567K->4159K(37568K), 0.0026030 secs] 355919K->325009K(758420K), 0.0026480 secs] [Times: user=0.02 sys=0.00, real=0.00 secs] 
200.678: Total time for which application threads were stopped: 0.0055340 seconds, Stopping threads took: 0.0028210 seconds
200.710: Application time: 0.0316960 seconds
200.711: [GC200.711: [ParNew: 37567K->4158K(37568K), 0.0026820 secs] 358417K->327499K(758420K), 0.0027280 secs] [Times: user=0.02 sys=0.00, real=0.00 secs] 
200.714: Total time for which application threads were stopped: 0.0043200 seconds, Stopping threads took: 0.0015230 seconds
200.746: Application time: 0.0315940 seconds
200.748: [GC200.748: [ParNew: 37566K->4159K(37568K), 0.0026430 secs] 360907K->329924K(758420K), 0.0026900 secs] [Times: user=0.02 sys=0.00, real=0.00 secs] 
200.751: Total time for which application threads were stopped: 0.0050050 seconds, Stopping threads took: 0.0022470 seconds
200.782: Application time: 0.0314250 seconds
200.784: [GC200.784: [ParNew: 37566K->4158K(37568K), 0.0023360 secs] 363331K->331323K(758420K), 0.0023830 secs] [Times: user=0.01 sys=0.00, real=0.00 secs] 
200.786: Total time for which application threads were stopped: 0.0041120 seconds, Stopping threads took: 0.0016630 seconds
200.817: Application time: 0.0310650 seconds
200.819: [GC200.819: [ParNew: 37566K->4159K(37568K), 0.0026030 secs] 364731K->333607K(758420K), 0.0026450 secs] [Times: user=0.02 sys=0.00, real=0.00 secs] 
200.822: Total time for which application threads were stopped: 0.0043100 seconds, Stopping threads took: 0.0015980 seconds
200.853: Application time: 0.0312800 seconds
200.854: [GC200.855: [ParNew: 37567K->4159K(37568K), 0.0028730 secs] 367015K->336883K(758420K), 0.0029190 secs] [Times: user=0.02 sys=0.00, real=0.01 secs] 
200.857: Total time for which application threads were stopped: 0.0044490 seconds, Stopping threads took: 0.0014510 seconds
200.858: Application time: 0.0000980 seconds
200.861: [GC [1 CMS-initial-mark: 332724K(720852K)] 337273K(758420K), 0.0001790 secs] [Times: user=0.00 sys=0.00, real=0.00 secs] 
200.862: Total time for which application threads were stopped: 0.0039750 seconds, Stopping threads took: 0.0037740 seconds
200.862: [CMS-concurrent-mark-start]
200.874: [CMS-concurrent-mark: 0.013/0.013 secs] [Times: user=0.08 sys=0.00, real=0.01 secs] 
200.874: [CMS-concurrent-preclean-start]
200.875: [CMS-concurrent-preclean: 0.001/0.001 secs] [Times: user=0.03 sys=0.00, real=0.01 secs] 
200.875: [CMS-concurrent-abortable-preclean-start]
200.893: Application time: 0.0315190 seconds
200.894: [GC200.894: [ParNew: 37566K->4159K(37568K), 0.0026680 secs] 370290K->339498K(758420K), 0.0027150 secs] [Times: user=0.02 sys=0.00, real=0.01 secs] 
200.897: Total time for which application threads were stopped: 0.0037400 seconds, Stopping threads took: 0.0009550 seconds
200.928: Application time: 0.0309840 seconds
200.930: [GC200.930: [ParNew: 37567K->4159K(37568K), 0.0028380 secs] 372906K->342624K(758420K), 0.0028840 secs] [Times: user=0.02 sys=0.00, real=0.00 secs] 
200.932: Total time for which application threads were stopped: 0.0046540 seconds, Stopping threads took: 0.0017000 seconds
200.963: Application time: 0.0309410 seconds
200.967: [GC200.967: [ParNew: 37565K->4159K(37568K), 0.0024640 secs] 376030K->344583K(758420K), 0.0025160 secs] [Times: user=0.02 sys=0.00, real=0.00 secs] 
200.969: Total time for which application threads were stopped: 0.0058140 seconds, Stopping threads took: 0.0032330 seconds
201.001: Application time: 0.0320100 seconds
201.003: [GC201.003: [ParNew: 37567K->4158K(37568K), 0.0021490 secs] 377991K->345525K(758420K), 0.0021930 secs] [Times: user=0.02 sys=0.00, real=0.00 secs] 
201.005: Total time for which application threads were stopped: 0.0037290 seconds, Stopping threads took: 0.0014670 seconds
201.036: Application time: 0.0308270 seconds
201.038: [GC201.038: [ParNew: 37566K->4158K(37568K), 0.0027720 secs] 378933K->348330K(758420K), 0.0028170 secs] [Times: user=0.02 sys=0.00, real=0.00 secs] 
201.041: Total time for which application threads were stopped: 0.0050390 seconds, Stopping threads took: 0.0021320 seconds
201.070: Application time: 0.0293070 seconds
201.073: [GC201.073: [ParNew: 37566K->4159K(37568K), 0.0030010 secs] 381738K->352068K(758420K), 0.0030470 secs] [Times: user=0.02 sys=0.00, real=0.01 secs] 
201.076: Total time for which application threads were stopped: 0.0062370 seconds, Stopping threads took: 0.0031310 seconds
201.109: Application time: 0.0325540 seconds
201.111: [GC201.111: [ParNew: 37566K->4158K(37568K), 0.0026310 secs] 385475K->354574K(758420K), 0.0026760 secs] [Times: user=0.02 sys=0.00, real=0.00 secs] 
201.114: Total time for which application threads were stopped: 0.0047550 seconds, Stopping threads took: 0.0020120 seconds
201.145: Application time: 0.0309820 seconds
201.146: [GC201.146: [ParNew: 37565K->4158K(37568K), 0.0026140 secs] 387981K->356917K(758420K), 0.0026590 secs] [Times: user=0.02 sys=0.00, real=0.01 secs] 
201.149: Total time for which application threads were stopped: 0.0045030 seconds, Stopping threads took: 0.0017760 seconds
201.179: Application time: 0.0302200 seconds
201.181: [GC201.181: [ParNew: 37566K->4159K(37568K), 0.0029090 secs] 390325K->360171K(758420K), 0.0029560 secs] [Times: user=0.02 sys=0.00, real=0.00 secs] 
201.184: Total time for which application threads were stopped: 0.0048490 seconds, Stopping threads took: 0.0018230 seconds
201.216: Application time: 0.0317540 seconds
201.219: [GC201.219: [ParNew: 37567K->4158K(37568K), 0.0023800 secs] 393579K->361767K(758420K), 0.0024250 secs] [Times: user=0.01 sys=0.00, real=0.00 secs] 
201.221: Total time for which application threads were stopped: 0.0051710 seconds, Stopping threads took: 0.0026760 seconds
201.252: Application time: 0.0307400 seconds
201.254: [GC201.254: [ParNew: 37566K->4158K(37568K), 0.0027660 secs] 395175K->364669K(758420K), 0.0028130 secs] [Times: user=0.02 sys=0.00, real=0.01 secs] 
201.257: Total time for which application threads were stopped: 0.0046400 seconds, Stopping threads took: 0.0017570 seconds
201.288: Application time: 0.0317930 seconds
201.290: [GC201.290: [ParNew: 37566K->4159K(37568K), 0.0030210 secs] 398077K->368368K(758420K), 0.0030660 secs] [Times: user=0.02 sys=0.00, real=0.00 secs] 
201.293: Total time for which application threads were stopped: 0.0047930 seconds, Stopping threads took: 0.0016580 seconds
201.326: Application time: 0.0325550 seconds
201.327: [GC201.327: [ParNew: 37567K->4158K(37568K), 0.0030010 secs] 401776K->371945K(758420K), 0.0030470 secs] [Times: user=0.03 sys=0.00, real=0.00 secs] 
201.330: Total time for which application threads were stopped: 0.0045780 seconds, Stopping threads took: 0.0014690 seconds
201.363: Application time: 0.0329970 seconds
201.367: [GC201.367: [ParNew: 37566K->4159K(37568K), 0.0025740 secs] 405353K->374434K(758420K), 0.0026140 secs] [Times: user=0.02 sys=0.00, real=0.00 secs] 
201.369: Total time for which application threads were stopped: 0.0059980 seconds, Stopping threads took: 0.0033080 seconds
201.399: Application time: 0.0294870 seconds
201.402: [GC201.402: [ParNew: 37567K->4158K(37568K), 0.0029010 secs] 407842K->377822K(758420K), 0.0029540 secs] [Times: user=0.02 sys=0.00, real=0.00 secs] 
201.405: Total time for which application threads were stopped: 0.0058860 seconds, Stopping threads took: 0.0028670 seconds
201.434: Application time: 0.0296040 seconds
201.436: [GC201.436: [ParNew: 37566K->4159K(37568K), 0.0026750 secs] 411230K->380615K(758420K), 0.0027190 secs] [Times: user=0.02 sys=0.00, real=0.00 secs] 
201.439: Total time for which application threads were stopped: 0.0047270 seconds, Stopping threads took: 0.0019420 seconds
201.469: Application time: 0.0300160 seconds
201.471: [GC201.471: [ParNew: 37567K->4158K(37568K), 0.0022360 secs] 414023K->381955K(758420K), 0.0022800 secs] [Times: user=0.02 sys=0.00, real=0.00 secs] 
201.473: Total time for which application threads were stopped: 0.0038320 seconds, Stopping threads took: 0.0014860 seconds
201.502: Application time: 0.0290740 seconds
201.504: [GC201.504: [ParNew: 37565K->4158K(37568K), 0.0021240 secs] 415362K->383044K(758420K), 0.0021650 secs] [Times: user=0.02 sys=0.00, real=0.00 secs] 
201.506: Total time for which application threads were stopped: 0.0038330 seconds, Stopping threads took: 0.0016030 seconds
201.536: Application time: 0.0303390 seconds
201.538: [GC201.538: [ParNew: 37566K->4159K(37568K), 0.0020270 secs] 416452K->383579K(758420K), 0.0020680 secs] [Times: user=0.01 sys=0.00, real=0.00 secs] 
201.540: Total time for which application threads were stopped: 0.0043650 seconds, Stopping threads took: 0.0022310 seconds
201.570: Application time: 0.0296740 seconds
201.575: [GC201.575: [ParNew: 37567K->4158K(37568K), 0.0021980 secs] 416987K->384580K(758420K), 0.0022430 secs] [Times: user=0.02 sys=0.00, real=0.00 secs] 
201.577: Total time for which application threads were stopped: 0.0069200 seconds, Stopping threads took: 0.0045900 seconds
201.607: Application time: 0.0302620 seconds
201.609: [GC201.609: [ParNew: 37566K->4158K(37568K), 0.0019940 secs] 417988K->384988K(758420K), 0.0020370 secs] [Times: user=0.02 sys=0.00, real=0.00 secs] 
201.611: Total time for which application threads were stopped: 0.0037670 seconds, Stopping threads took: 0.0016650 seconds
201.640: Application time: 0.0293780 seconds
201.643: [GC201.643: [ParNew: 37566K->4159K(37568K), 0.0024310 secs] 418396K->386842K(758420K), 0.0024730 secs] [Times: user=0.02 sys=0.00, real=0.00 secs] 
201.645: Total time for which application threads were stopped: 0.0049400 seconds, Stopping threads took: 0.0024020 seconds
201.675: Application time: 0.0295880 seconds
201.676: [GC201.676: [ParNew: 37567K->4159K(37568K), 0.0020310 secs] 420250K->387502K(758420K), 0.0020740 secs] [Times: user=0.02 sys=0.00, real=0.00 secs] 
201.678: Total time for which application threads were stopped: 0.0034690 seconds, Stopping threads took: 0.0013290 seconds
201.708: Application time: 0.0299100 seconds
201.711: [GC201.711: [ParNew: 37567K->4159K(37568K), 0.0022980 secs] 420910K->389097K(758420K), 0.0023380 secs] [Times: user=0.02 sys=0.00, real=0.00 secs] 
201.713: Total time for which application threads were stopped: 0.0048390 seconds, Stopping threads took: 0.0024360 seconds
201.743: Application time: 0.0295590 seconds
201.745: [GC201.745: [ParNew: 37567K->4158K(37568K), 0.0023350 secs] 422505K->390591K(758420K), 0.0023820 secs] [Times: user=0.02 sys=0.00, real=0.01 secs] 
201.747: Total time for which application threads were stopped: 0.0044710 seconds, Stopping threads took: 0.0020240 seconds
201.778: Application time: 0.0305010 seconds
201.780: [GC201.780: [ParNew: 37566K->4159K(37568K), 0.0020100 secs] 423999K->390899K(758420K), 0.0020510 secs] [Times: user=0.02 sys=0.00, real=0.00 secs] 
201.782: Total time for which application threads were stopped: 0.0040630 seconds, Stopping threads took: 0.0019540 seconds
201.812: Application time: 0.0303620 seconds
201.813: [GC201.813: [ParNew: 37567K->4159K(37568K), 0.0019670 secs] 424307K->391203K(758420K), 0.0020100 secs] [Times: user=0.02 sys=0.00, real=0.01 secs] 
201.815: Total time for which application threads were stopped: 0.0033250 seconds, Stopping threads took: 0.0012500 seconds
201.846: Application time: 0.0305560 seconds
201.849: [GC201.849: [ParNew: 37567K->4158K(37568K), 0.0023720 secs] 424611K->392829K(758420K), 0.0024230 secs] [Times: user=0.01 sys=0.00, real=0.00 secs] 
201.851: Total time for which application threads were stopped: 0.0052390 seconds, Stopping threads took: 0.0027530 seconds
201.881: Application time: 0.0297120 seconds
201.883: [GC201.883: [ParNew: 37566K->4158K(37568K), 0.0024670 secs] 426237K->394828K(758420K), 0.0025110 secs] [Times: user=0.01 sys=0.00, real=0.00 secs] 
201.886: Total time for which application threads were stopped: 0.0046540 seconds, Stopping threads took: 0.0020720 seconds
201.914: Application time: 0.0281630 seconds
201.916: [GC201.916: [ParNew: 37566K->4158K(37568K), 0.0025620 secs] 428236K->397163K(758420K), 0.0026040 secs] [Times: user=0.02 sys=0.00, real=0.00 secs] 
201.918: Total time for which application threads were stopped: 0.0043250 seconds, Stopping threads took: 0.0016580 seconds
201.947: Application time: 0.0287910 seconds
201.949: [GC201.949: [ParNew: 37566K->4159K(37568K), 0.0027380 secs] 430571K->400038K(758420K), 0.0027840 secs] [Times: user=0.02 sys=0.00, real=0.00 secs] 
201.952: Total time for which application threads were stopped: 0.0047240 seconds, Stopping threads took: 0.0018750 seconds
201.981: Application time: 0.0297370 seconds
201.983: [GC201.983: [ParNew: 37567K->4158K(37568K), 0.0022220 secs] 433446K->401319K(758420K), 0.0022620 secs] [Times: user=0.02 sys=0.00, real=0.00 secs] 
201.986: Total time for which application threads were stopped: 0.0041210 seconds, Stopping threads took: 0.0017970 seconds
202.016: Application time: 0.0302380 seconds
202.017: [GC202.017: [ParNew: 37566K->4159K(37568K), 0.0021350 secs] 434727K->402000K(758420K), 0.0021770 secs] [Times: user=0.02 sys=0.00, real=0.00 secs] 
202.020: Total time for which application threads were stopped: 0.0038270 seconds, Stopping threads took: 0.0015840 seconds
202.049: Application time: 0.0292550 seconds
202.051: [GC202.051: [ParNew: 37567K->4158K(37568K), 0.0026080 secs] 435408K->404478K(758420K), 0.0026520 secs] [Times: user=0.02 sys=0.00, real=0.00 secs] 
202.054: Total time for which application threads were stopped: 0.0048470 seconds, Stopping threads took: 0.0021100 seconds
202.082: Application time: 0.0286960 seconds
202.084: [GC202.084: [ParNew: 37566K->4158K(37568K), 0.0024630 secs] 437886K->406365K(758420K), 0.0025020 secs] [Times: user=0.01 sys=0.00, real=0.00 secs] 
202.087: Total time for which application threads were stopped: 0.0041750 seconds, Stopping threads took: 0.0016100 seconds
202.116: Application time: 0.0292000 seconds
202.117: [GC202.117: [ParNew: 37566K->4159K(37568K), 0.0025140 secs] 439773K->408557K(758420K), 0.0025590 secs] [Times: user=0.01 sys=0.00, real=0.00 secs] 
202.120: Total time for which application threads were stopped: 0.0040780 seconds, Stopping threads took: 0.0014550 seconds
202.149: Application time: 0.0294690 seconds
202.152: [GC202.152: [ParNew: 37567K->4158K(37568K), 0.0024810 secs] 441965K->410696K(758420K), 0.0025230 secs] [Times: user=0.02 sys=0.00, real=0.00 secs] 
202.154: Total time for which application threads were stopped: 0.0049200 seconds, Stopping threads took: 0.0023210 seconds
202.183: Application time: 0.0286760 seconds
202.184: [GC202.184: [ParNew: 37566K->4159K(37568K), 0.0021620 secs] 444104K->411763K(758420K), 0.0022040 secs] [Times: user=0.01 sys=0.00, real=0.01 secs] 
202.187: Total time for which application threads were stopped: 0.0037410 seconds, Stopping threads took: 0.0014710 seconds
202.216: Application time: 0.0293820 seconds
202.218: [GC202.218: [ParNew: 37567K->4158K(37568K), 0.0022600 secs] 445171K->412944K(758420K), 0.0023080 secs] [Times: user=0.02 sys=0.00, real=0.00 secs] 
202.220: Total time for which application threads were stopped: 0.0039480 seconds, Stopping threads took: 0.0015760 seconds
202.249: Application time: 0.0285560 seconds
202.251: [GC202.251: [ParNew: 37566K->4158K(37568K), 0.0022280 secs] 446352K->413930K(758420K), 0.0022720 secs] [Times: user=0.01 sys=0.00, real=0.00 secs] 
202.253: Total time for which application threads were stopped: 0.0047670 seconds, Stopping threads took: 0.0024090 seconds
202.283: Application time: 0.0300130 seconds
202.285: [GC202.285: [ParNew: 37566K->4159K(37568K), 0.0025170 secs] 447338K->416235K(758420K), 0.0025600 secs] [Times: user=0.02 sys=0.00, real=0.01 secs] 
202.288: Total time for which application threads were stopped: 0.0045150 seconds, Stopping threads took: 0.0018890 seconds
202.318: Application time: 0.0302380 seconds
202.320: [GC202.320: [ParNew: 37567K->4159K(37568K), 0.0028690 secs] 449643K->419537K(758420K), 0.0029120 secs] [Times: user=0.02 sys=0.00, real=0.00 secs] 
202.323: Total time for which application threads were stopped: 0.0047300 seconds, Stopping threads took: 0.0017520 seconds
202.352: Application time: 0.0293270 seconds
202.354: [GC202.354: [ParNew: 37567K->4159K(37568K), 0.0025560 secs] 452945K->421849K(758420K), 0.0026010 secs] [Times: user=0.02 sys=0.00, real=0.01 secs] 
202.356: Total time for which application threads were stopped: 0.0042620 seconds, Stopping threads took: 0.0015950 seconds
202.386: Application time: 0.0293320 seconds
202.387: [GC202.387: [ParNew: 37567K->4159K(37568K), 0.0025540 secs] 455257K->424190K(758420K), 0.0025970 secs] [Times: user=0.02 sys=0.00, real=0.00 secs] 
202.390: Total time for which application threads were stopped: 0.0039960 seconds, Stopping threads took: 0.0013250 seconds
202.420: Application time: 0.0300610 seconds
202.422: [GC202.422: [ParNew: 37567K->4159K(37568K), 0.0026900 secs] 457598K->426911K(758420K), 0.0027350 secs] [Times: user=0.02 sys=0.00, real=0.00 secs] 
202.425: Total time for which application threads were stopped: 0.0046820 seconds, Stopping threads took: 0.0018820 seconds
202.453: Application time: 0.0283030 seconds
202.454: [GC202.454: [ParNew: 37567K->4159K(37568K), 0.0025690 secs] 460319K->429215K(758420K), 0.0026110 secs] [Times: user=0.02 sys=0.00, real=0.01 secs] 
202.457: Total time for which application threads were stopped: 0.0040690 seconds, Stopping threads took: 0.0013910 seconds
202.485: Application time: 0.0278330 seconds
202.487: [GC202.487: [ParNew: 37567K->4158K(37568K), 0.0028230 secs] 462623K->432343K(758420K), 0.0028650 secs] [Times: user=0.02 sys=0.00, real=0.00 secs] 
202.490: Total time for which application threads were stopped: 0.0051900 seconds, Stopping threads took: 0.0022600 seconds
202.519: Application time: 0.0288810 seconds
202.520: [GC202.520: [ParNew: 37566K->4158K(37568K), 0.0027430 secs] 465751K->435275K(758420K), 0.0027860 secs] [Times: user=0.02 sys=0.01, real=0.00 secs] 
202.523: Total time for which application threads were stopped: 0.0040070 seconds, Stopping threads took: 0.0011560 seconds
202.552: Application time: 0.0292780 seconds
202.554: [GC202.554: [ParNew: 37566K->4159K(37568K), 0.0026950 secs] 468683K->438050K(758420K), 0.0027400 secs] [Times: user=0.02 sys=0.00, real=0.01 secs] 
202.556: Total time for which application threads were stopped: 0.0043970 seconds, Stopping threads took: 0.0015930 seconds
202.586: Application time: 0.0293650 seconds
202.587: [GC202.587: [ParNew: 37567K->4159K(37568K), 0.0027290 secs] 471458K->440886K(758420K), 0.0027740 secs] [Times: user=0.02 sys=0.00, real=0.00 secs] 
202.590: Total time for which application threads were stopped: 0.0043640 seconds, Stopping threads took: 0.0015230 seconds
202.619: Application time: 0.0292320 seconds
202.621: [GC202.622: [ParNew: 37567K->4158K(37568K), 0.0027410 secs] 474294K->443576K(758420K), 0.0027840 secs] [Times: user=0.02 sys=0.00, real=0.00 secs] 
202.624: Total time for which application threads were stopped: 0.0048500 seconds, Stopping threads took: 0.0020000 seconds
202.654: Application time: 0.0292090 seconds
202.655: [GC202.655: [ParNew: 37566K->4159K(37568K), 0.0026450 secs] 476984K->446163K(758420K), 0.0026880 secs] [Times: user=0.02 sys=0.00, real=0.00 secs] 
202.657: Total time for which application threads were stopped: 0.0038880 seconds, Stopping threads took: 0.0011320 seconds
202.688: Application time: 0.0310520 seconds
202.690: [GC202.690: [ParNew: 37567K->4158K(37568K), 0.0028660 secs] 479570K->449558K(758420K), 0.0029180 secs] [Times: user=0.02 sys=0.00, real=0.00 secs] 
202.693: Total time for which application threads were stopped: 0.0048570 seconds, Stopping threads took: 0.0018730 seconds
202.721: Application time: 0.0280240 seconds
202.724: [GC202.724: [ParNew: 37566K->4159K(37568K), 0.0027910 secs] 482966K->452674K(758420K), 0.0028340 secs] [Times: user=0.02 sys=0.00, real=0.00 secs] 
202.726: Total time for which application threads were stopped: 0.0051110 seconds, Stopping threads took: 0.0022110 seconds
202.756: Application time: 0.0296440 seconds
202.757: [GC202.757: [ParNew: 37567K->4159K(37568K), 0.0022200 secs] 486082K->453573K(758420K), 0.0022650 secs] [Times: user=0.02 sys=0.00, real=0.00 secs] 
202.759: Total time for which application threads were stopped: 0.0030440 seconds, Stopping threads took: 0.0007150 seconds
202.789: Application time: 0.0296020 seconds
202.792: [GC202.792: [ParNew: 37567K->4158K(37568K), 0.0027720 secs] 486981K->456248K(758420K), 0.0028140 secs] [Times: user=0.01 sys=0.00, real=0.00 secs] 
202.794: Total time for which application threads were stopped: 0.0057170 seconds, Stopping threads took: 0.0028380 seconds
202.823: Application time: 0.0285260 seconds
202.825: [GC202.825: [ParNew: 37565K->4159K(37568K), 0.0026740 secs] 489655K->458751K(758420K), 0.0027200 secs] [Times: user=0.01 sys=0.00, real=0.01 secs] 
202.827: Total time for which application threads were stopped: 0.0043100 seconds, Stopping threads took: 0.0015240 seconds
202.857: Application time: 0.0295700 seconds
202.859: [GC202.859: [ParNew: 37567K->4159K(37568K), 0.0023000 secs] 492159K->460311K(758420K), 0.0023460 secs] [Times: user=0.02 sys=0.00, real=0.00 secs] 
202.861: Total time for which application threads were stopped: 0.0046060 seconds, Stopping threads took: 0.0021960 seconds
202.891: Application time: 0.0295690 seconds
202.892: [GC202.892: [ParNew: 37567K->4159K(37568K), 0.0020730 secs] 493719K->460894K(758420K), 0.0021180 secs] [Times: user=0.02 sys=0.00, real=0.00 secs] 
202.894: Total time for which application threads were stopped: 0.0026370 seconds, Stopping threads took: 0.0004430 seconds
202.923: Application time: 0.0296610 seconds
202.925: [GC202.925: [ParNew: 37567K->4159K(37568K), 0.0020610 secs] 494302K->461469K(758420K), 0.0021040 secs] [Times: user=0.02 sys=0.00, real=0.01 secs] 
202.928: Total time for which application threads were stopped: 0.0042370 seconds, Stopping threads took: 0.0020680 seconds
202.958: Application time: 0.0303350 seconds
202.959: [GC202.959: [ParNew: 37567K->4158K(37568K), 0.0025330 secs] 494877K->463435K(758420K), 0.0025800 secs] [Times: user=0.02 sys=0.00, real=0.00 secs] 
202.962: Total time for which application threads were stopped: 0.0040000 seconds, Stopping threads took: 0.0013540 seconds
202.990: Application time: 0.0282680 seconds
202.993: [GC202.993: [ParNew: 37566K->4158K(37568K), 0.0025140 secs] 496843K->465721K(758420K), 0.0025550 secs] [Times: user=0.01 sys=0.00, real=0.01 secs] 
202.995: Total time for which application threads were stopped: 0.0051670 seconds, Stopping threads took: 0.0025480 seconds
203.023: Application time: 0.0271200 seconds
203.025: [GC203.025: [ParNew: 37566K->4159K(37568K), 0.0028100 secs] 499129K->468768K(758420K), 0.0028560 secs] [Times: user=0.02 sys=0.00, real=0.01 secs] 
203.028: Total time for which application threads were stopped: 0.0053200 seconds, Stopping threads took: 0.0023970 seconds
203.058: Application time: 0.0302710 seconds
203.061: [GC203.061: [ParNew: 37567K->4159K(37568K), 0.0027540 secs] 502176K->471816K(758420K), 0.0027960 secs] [Times: user=0.02 sys=0.00, real=0.00 secs] 
203.063: Total time for which application threads were stopped: 0.0053540 seconds, Stopping threads took: 0.0024930 seconds
203.093: Application time: 0.0299090 seconds
203.096: [GC203.096: [ParNew: 37567K->4159K(37568K), 0.0026730 secs] 505224K->474671K(758420K), 0.0027160 secs] [Times: user=0.02 sys=0.00, real=0.00 secs] 
203.099: Total time for which application threads were stopped: 0.0057940 seconds, Stopping threads took: 0.0030060 seconds
203.129: Application time: 0.0294720 seconds
203.131: [GC203.131: [ParNew: 37567K->4159K(37568K), 0.0025110 secs] 508079K->476879K(758420K), 0.0025500 secs] [Times: user=0.02 sys=0.00, real=0.00 secs] 
203.134: Total time for which application threads were stopped: 0.0049500 seconds, Stopping threads took: 0.0023360 seconds
203.162: Application time: 0.0289040 seconds
203.165: [GC203.165: [ParNew: 37567K->4159K(37568K), 0.0026460 secs] 510287K->479470K(758420K), 0.0026910 secs] [Times: user=0.02 sys=0.00, real=0.01 secs] 
203.168: Total time for which application threads were stopped: 0.0054790 seconds, Stopping threads took: 0.0027200 seconds
203.197: Application time: 0.0294260 seconds
203.200: [GC203.200: [ParNew: 37565K->4158K(37568K), 0.0028880 secs] 512876K->482795K(758420K), 0.0029310 secs] [Times: user=0.02 sys=0.00, real=0.00 secs] 
203.203: Total time for which application threads were stopped: 0.0051040 seconds, Stopping threads took: 0.0021070 seconds
203.232: Application time: 0.0294600 seconds
203.234: [GC203.234: [ParNew: 37565K->4158K(37568K), 0.0027670 secs] 516201K->485739K(758420K), 0.0028110 secs] [Times: user=0.02 sys=0.00, real=0.01 secs] 
203.237: Total time for which application threads were stopped: 0.0046100 seconds, Stopping threads took: 0.0017400 seconds
203.264: Application time: 0.0272400 seconds
203.267: [GC203.267: [ParNew: 37566K->4158K(37568K), 0.0029780 secs] 519147K->489433K(758420K), 0.0030190 secs] [Times: user=0.02 sys=0.00, real=0.00 secs] 
203.270: Total time for which application threads were stopped: 0.0059620 seconds, Stopping threads took: 0.0028780 seconds
203.299: Application time: 0.0296080 seconds
203.301: [GC203.301: [ParNew: 37566K->4159K(37568K), 0.0025980 secs] 522841K->491905K(758420K), 0.0026420 secs] [Times: user=0.02 sys=0.00, real=0.00 secs] 
203.304: Total time for which application threads were stopped: 0.0041800 seconds, Stopping threads took: 0.0014720 seconds
203.333: Application time: 0.0290680 seconds
203.334: [GC203.334: [ParNew: 37567K->4159K(37568K), 0.0026000 secs] 525313K->494276K(758420K), 0.0026480 secs] [Times: user=0.02 sys=0.00, real=0.01 secs] 
203.337: Total time for which application threads were stopped: 0.0043880 seconds, Stopping threads took: 0.0016810 seconds
203.366: Application time: 0.0286190 seconds
203.368: [GC203.368: [ParNew: 37567K->4159K(37568K), 0.0029020 secs] 527684K->497583K(758420K), 0.0029460 secs] [Times: user=0.02 sys=0.00, real=0.00 secs] 
203.371: Total time for which application threads were stopped: 0.0052020 seconds, Stopping threads took: 0.0021910 seconds
203.401: Application time: 0.0300350 seconds
203.403: [GC203.403: [ParNew: 37567K->4158K(37568K), 0.0025790 secs] 530991K->499884K(758420K), 0.0026210 secs] [Times: user=0.01 sys=0.00, real=0.00 secs] 
203.406: Total time for which application threads were stopped: 0.0050340 seconds, Stopping threads took: 0.0023410 seconds
203.435: Application time: 0.0294720 seconds
203.437: [GC203.437: [ParNew: 37566K->4158K(37568K), 0.0021010 secs] 533292K->500640K(758420K), 0.0021440 secs] [Times: user=0.02 sys=0.00, real=0.00 secs] 
203.439: Total time for which application threads were stopped: 0.0036000 seconds, Stopping threads took: 0.0013920 seconds
203.469: Application time: 0.0301070 seconds
203.472: [GC203.472: [ParNew: 37566K->4159K(37568K), 0.0026640 secs] 534048K->503321K(758420K), 0.0027080 secs] [Times: user=0.02 sys=0.00, real=0.00 secs] 
203.474: Total time for which application threads were stopped: 0.0051360 seconds, Stopping threads took: 0.0023640 seconds
203.504: Application time: 0.0294280 seconds
203.504: [GC203.504: [ParNew: 37567K->4158K(37568K), 0.0029790 secs] 536729K->506400K(758420K), 0.0030130 secs] [Times: user=0.02 sys=0.00, real=0.01 secs] 
203.507: Total time for which application threads were stopped: 0.0036890 seconds, Stopping threads took: 0.0006130 seconds
203.537: Application time: 0.0292990 seconds
203.540: [GC203.540: [ParNew: 37566K->4158K(37568K), 0.0024450 secs] 539808K->508327K(758420K), 0.0024970 secs] [Times: user=0.01 sys=0.00, real=0.00 secs] 
203.542: Total time for which application threads were stopped: 0.0053790 seconds, Stopping threads took: 0.0028180 seconds
203.571: Application time: 0.0287490 seconds
203.573: [GC203.573: [ParNew: 37566K->4159K(37568K), 0.0025930 secs] 541735K->510612K(758420K), 0.0026380 secs] [Times: user=0.02 sys=0.00, real=0.01 secs] 
203.576: Total time for which application threads were stopped: 0.0046880 seconds, Stopping threads took: 0.0019830 seconds
203.605: Application time: 0.0298190 seconds
203.607: [GC203.607: [ParNew: 37567K->4158K(37568K), 0.0027540 secs] 544020K->513363K(758420K), 0.0027950 secs] [Times: user=0.01 sys=0.00, real=0.00 secs] 
203.610: Total time for which application threads were stopped: 0.0049810 seconds, Stopping threads took: 0.0021210 seconds
203.640: Application time: 0.0299890 seconds
203.642: [GC203.642: [ParNew: 37566K->4159K(37568K), 0.0022300 secs] 546771K->514500K(758420K), 0.0022730 secs] [Times: user=0.01 sys=0.00, real=0.00 secs] 
203.644: Total time for which application threads were stopped: 0.0037610 seconds, Stopping threads took: 0.0014240 seconds
203.673: Application time: 0.0292500 seconds
203.675: [GC203.675: [ParNew: 37567K->4158K(37568K), 0.0023700 secs] 547908K->516102K(758420K), 0.0024150 secs] [Times: user=0.02 sys=0.00, real=0.00 secs] 
203.678: Total time for which application threads were stopped: 0.0045980 seconds, Stopping threads took: 0.0021170 seconds
203.708: Application time: 0.0302610 seconds
203.710: [GC203.710: [ParNew: 37564K->4158K(37568K), 0.0021570 secs] 549508K->517053K(758420K), 0.0022010 secs] [Times: user=0.02 sys=0.00, real=0.00 secs] 
203.712: Total time for which application threads were stopped: 0.0039500 seconds, Stopping threads took: 0.0016850 seconds
203.742: Application time: 0.0298780 seconds
203.743: [GC203.743: [ParNew: 37565K->4158K(37568K), 0.0023090 secs] 550460K->518372K(758420K), 0.0023540 secs] [Times: user=0.02 sys=0.00, real=0.00 secs] 
203.746: Total time for which application threads were stopped: 0.0038390 seconds, Stopping threads took: 0.0014200 seconds
203.776: Application time: 0.0298010 seconds
203.778: [GC203.778: [ParNew: 37566K->4158K(37568K), 0.0029140 secs] 551780K->521594K(758420K), 0.0029570 secs] [Times: user=0.02 sys=0.00, real=0.00 secs] 
203.781: Total time for which application threads were stopped: 0.0052100 seconds, Stopping threads took: 0.0021870 seconds
203.809: Application time: 0.0285890 seconds
203.811: [GC203.811: [ParNew: 37566K->4159K(37568K), 0.0027990 secs] 555002K->524681K(758420K), 0.0028440 secs] [Times: user=0.02 sys=0.00, real=0.00 secs] 
203.814: Total time for which application threads were stopped: 0.0044760 seconds, Stopping threads took: 0.0015670 seconds
203.844: Application time: 0.0295930 seconds
203.845: [GC203.845: [ParNew: 37567K->4159K(37568K), 0.0024910 secs] 558089K->526603K(758420K), 0.0025360 secs] [Times: user=0.02 sys=0.00, real=0.01 secs] 
203.847: Total time for which application threads were stopped: 0.0038430 seconds, Stopping threads took: 0.0012410 seconds
203.877: Application time: 0.0291470 seconds
203.878: [GC203.878: [ParNew: 37567K->4159K(37568K), 0.0024210 secs] 560011K->528430K(758420K), 0.0024650 secs] [Times: user=0.02 sys=0.00, real=0.00 secs] 
203.881: Total time for which application threads were stopped: 0.0040970 seconds, Stopping threads took: 0.0015670 seconds
203.909: Application time: 0.0283950 seconds
203.912: [GC203.912: [ParNew: 37567K->4159K(37568K), 0.0025390 secs] 561838K->530702K(758420K), 0.0025840 secs] [Times: user=0.02 sys=0.00, real=0.00 secs] 
203.914: Total time for which application threads were stopped: 0.0052310 seconds, Stopping threads took: 0.0025680 seconds
203.944: Application time: 0.0298860 seconds
203.947: [GC203.947: [ParNew: 37567K->4158K(37568K), 0.0026830 secs] 564110K->533410K(758420K), 0.0027290 secs] [Times: user=0.02 sys=0.00, real=0.00 secs] 
203.950: Total time for which application threads were stopped: 0.0054780 seconds, Stopping threads took: 0.0026840 seconds
203.980: Application time: 0.0305060 seconds
203.981: [GC203.981: [ParNew: 37566K->3924K(37568K), 0.0018430 secs] 566818K->533176K(758420K), 0.0018940 secs] [Times: user=0.02 sys=0.00, real=0.00 secs] 
203.983: Total time for which application threads were stopped: 0.0030690 seconds, Stopping threads took: 0.0011110 seconds
204.013: Application time: 0.0294380 seconds
204.016: [GC204.016: [ParNew: 37331K->4159K(37568K), 0.0024330 secs] 566583K->535101K(758420K), 0.0024770 secs] [Times: user=0.02 sys=0.00, real=0.00 secs] 
204.018: Total time for which application threads were stopped: 0.0054900 seconds, Stopping threads took: 0.0029470 seconds
204.048: Application time: 0.0300230 seconds
204.050: [GC204.050: [ParNew: 37567K->4158K(37568K), 0.0024160 secs] 568509K->536346K(758420K), 0.0024620 secs] [Times: user=0.02 sys=0.00, real=0.00 secs] 
204.052: Total time for which application threads were stopped: 0.0038760 seconds, Stopping threads took: 0.0013480 seconds
204.082: Application time: 0.0301440 seconds
204.084: [GC204.084: [ParNew: 37566K->4158K(37568K), 0.0023100 secs] 569754K->537512K(758420K), 0.0023580 secs] [Times: user=0.02 sys=0.00, real=0.01 secs] 
204.087: Total time for which application threads were stopped: 0.0045650 seconds, Stopping threads took: 0.0021410 seconds
204.117: Application time: 0.0306830 seconds
204.119: [GC204.119: [ParNew: 37566K->3914K(37568K), 0.0018780 secs] 570920K->537296K(758420K), 0.0019210 secs] [Times: user=0.01 sys=0.00, real=0.00 secs] 
204.121: Total time for which application threads were stopped: 0.0035460 seconds, Stopping threads took: 0.0015400 seconds
204.151: Application time: 0.0299300 seconds
204.153: [GC204.153: [ParNew: 37322K->4159K(37568K), 0.0023460 secs] 570704K->539265K(758420K), 0.0023920 secs] [Times: user=0.02 sys=0.00, real=0.01 secs] 
204.155: Total time for which application threads were stopped: 0.0041770 seconds, Stopping threads took: 0.0017210 seconds
204.186: Application time: 0.0304200 seconds
204.188: [GC204.188: [ParNew: 37567K->4158K(37568K), 0.0026680 secs] 572673K->541916K(758420K), 0.0027140 secs] [Times: user=0.02 sys=0.00, real=0.00 secs] 
204.190: Total time for which application threads were stopped: 0.0048650 seconds, Stopping threads took: 0.0020860 seconds
204.219: Application time: 0.0286080 seconds
204.221: [GC204.221: [ParNew: 37566K->4159K(37568K), 0.0025340 secs] 575324K->543947K(758420K), 0.0025780 secs] [Times: user=0.02 sys=0.00, real=0.00 secs] 
204.224: Total time for which application threads were stopped: 0.0047140 seconds, Stopping threads took: 0.0020680 seconds
204.253: Application time: 0.0289610 seconds
204.255: [GC204.255: [ParNew: 37565K->4158K(37568K), 0.0025980 secs] 577353K->546293K(758420K), 0.0026420 secs] [Times: user=0.02 sys=0.00, real=0.00 secs] 
204.258: Total time for which application threads were stopped: 0.0054580 seconds, Stopping threads took: 0.0027290 seconds
204.287: Application time: 0.0288940 seconds
204.289: [GC204.289: [ParNew: 37566K->4158K(37568K), 0.0029400 secs] 579701K->549495K(758420K), 0.0029850 secs] [Times: user=0.02 sys=0.00, real=0.00 secs] 
204.292: Total time for which application threads were stopped: 0.0051120 seconds, Stopping threads took: 0.0020390 seconds
204.321: Application time: 0.0293080 seconds
204.323: [GC204.323: [ParNew: 37566K->4158K(37568K), 0.0024680 secs] 582903K->551421K(758420K), 0.0025120 secs] [Times: user=0.02 sys=0.00, real=0.00 secs] 
204.325: Total time for which application threads were stopped: 0.0040190 seconds, Stopping threads took: 0.0014400 seconds
204.355: Application time: 0.0293460 seconds
204.356: [GC204.357: [ParNew: 37566K->4159K(37568K), 0.0027230 secs] 584829K->554137K(758420K), 0.0027660 secs] [Times: user=0.02 sys=0.00, real=0.00 secs] 
204.359: Total time for which application threads were stopped: 0.0044740 seconds, Stopping threads took: 0.0016330 seconds
204.389: Application time: 0.0302030 seconds
204.391: [GC204.391: [ParNew: 37567K->4158K(37568K), 0.0021040 secs] 587545K->554704K(758420K), 0.0021460 secs] [Times: user=0.01 sys=0.00, real=0.00 secs] 
204.394: Total time for which application threads were stopped: 0.0041240 seconds, Stopping threads took: 0.0019150 seconds
204.422: Application time: 0.0286640 seconds
204.424: [GC204.424: [ParNew: 37566K->4159K(37568K), 0.0026000 secs] 588112K->557202K(758420K), 0.0026420 secs] [Times: user=0.02 sys=0.00, real=0.01 secs] 
204.427: Total time for which application threads were stopped: 0.0043820 seconds, Stopping threads took: 0.0016680 seconds
204.456: Application time: 0.0289550 seconds
204.458: [GC204.458: [ParNew: 37567K->4159K(37568K), 0.0026250 secs] 590610K->559517K(758420K), 0.0026700 secs] [Times: user=0.02 sys=0.00, real=0.00 secs] 
204.460: Total time for which application threads were stopped: 0.0046390 seconds, Stopping threads took: 0.0019040 seconds
204.488: Application time: 0.0282170 seconds
204.491: [GC204.491: [ParNew: 37567K->4158K(37568K), 0.0030190 secs] 592925K->562702K(758420K), 0.0030620 secs] [Times: user=0.02 sys=0.00, real=0.00 secs] 
204.494: Total time for which application threads were stopped: 0.0051610 seconds, Stopping threads took: 0.0020320 seconds
204.524: Application time: 0.0300520 seconds
204.527: [GC204.527: [ParNew: 37566K->4159K(37568K), 0.0025350 secs] 596110K->564841K(758420K), 0.0025770 secs] [Times: user=0.02 sys=0.00, real=0.00 secs] 
204.529: Total time for which application threads were stopped: 0.0055480 seconds, Stopping threads took: 0.0029060 seconds
204.558: Application time: 0.0287120 seconds
204.560: [GC204.560: [ParNew: 37567K->4159K(37568K), 0.0028240 secs] 598249K->567879K(758420K), 0.0028700 secs] [Times: user=0.02 sys=0.00, real=0.00 secs] 
204.563: Total time for which application threads were stopped: 0.0045770 seconds, Stopping threads took: 0.0016410 seconds
204.591: Application time: 0.0286650 seconds
204.593: [GC204.593: [ParNew: 37567K->4159K(37568K), 0.0028180 secs] 601287K->570866K(758420K), 0.0028650 secs] [Times: user=0.02 sys=0.00, real=0.01 secs] 
204.596: Total time for which application threads were stopped: 0.0046110 seconds, Stopping threads took: 0.0016800 seconds
204.626: Application time: 0.0298070 seconds
204.627: [GC204.627: [ParNew: 37567K->4159K(37568K), 0.0021450 secs] 604274K->571628K(758420K), 0.0021890 secs] [Times: user=0.02 sys=0.00, real=0.00 secs] 
204.630: Total time for which application threads were stopped: 0.0039400 seconds, Stopping threads took: 0.0016840 seconds
204.659: Application time: 0.0289830 seconds
204.660: [GC204.660: [ParNew: 37567K->4159K(37568K), 0.0027550 secs] 605036K->574304K(758420K), 0.0027990 secs] [Times: user=0.02 sys=0.00, real=0.00 secs] 
204.663: Total time for which application threads were stopped: 0.0044560 seconds, Stopping threads took: 0.0015900 seconds
204.693: Application time: 0.0296800 seconds
204.695: [GC204.695: [ParNew: 37567K->4158K(37568K), 0.0028190 secs] 607712K->576865K(758420K), 0.0028610 secs] [Times: user=0.02 sys=0.00, real=0.00 secs] 
204.698: Total time for which application threads were stopped: 0.0053930 seconds, Stopping threads took: 0.0024450 seconds
204.727: Application time: 0.0289360 seconds
204.729: [GC204.729: [ParNew: 37566K->4158K(37568K), 0.0026700 secs] 610273K->579311K(758420K), 0.0027160 secs] [Times: user=0.02 sys=0.00, real=0.00 secs] 
204.731: Total time for which application threads were stopped: 0.0043430 seconds, Stopping threads took: 0.0015420 seconds
204.762: Application time: 0.0305950 seconds
204.765: [GC204.765: [ParNew: 37566K->4158K(37568K), 0.0025900 secs] 612719K->581650K(758420K), 0.0026340 secs] [Times: user=0.02 sys=0.00, real=0.01 secs] 
204.768: Total time for which application threads were stopped: 0.0056000 seconds, Stopping threads took: 0.0028820 seconds
204.797: Application time: 0.0297660 seconds
204.799: [GC204.799: [ParNew: 37566K->4158K(37568K), 0.0025030 secs] 615058K->583415K(758420K), 0.0025460 secs] [Times: user=0.02 sys=0.00, real=0.00 secs] 
204.802: Total time for which application threads were stopped: 0.0042750 seconds, Stopping threads took: 0.0016650 seconds
204.831: Application time: 0.0298610 seconds
204.832: [GC204.832: [ParNew: 37566K->3838K(37568K), 0.0018040 secs] 616823K->583123K(758420K), 0.0018540 secs] [Times: user=0.01 sys=0.00, real=0.00 secs] 
204.834: Total time for which application threads were stopped: 0.0025930 seconds, Stopping threads took: 0.0006740 seconds
204.864: Application time: 0.0300700 seconds
204.866: [GC204.866: [ParNew: 37244K->4159K(37568K), 0.0021460 secs] 616530K->584133K(758420K), 0.0021880 secs] [Times: user=0.02 sys=0.00, real=0.01 secs] 
204.868: Total time for which application threads were stopped: 0.0042080 seconds, Stopping threads took: 0.0019540 seconds
204.898: Application time: 0.0291670 seconds
204.900: [GC204.901: [ParNew: 37567K->4158K(37568K), 0.0025120 secs] 617541K->586263K(758420K), 0.0025570 secs] [Times: user=0.02 sys=0.00, real=0.00 secs] 
204.903: Total time for which application threads were stopped: 0.0055560 seconds, Stopping threads took: 0.0029340 seconds
204.932: Application time: 0.0290740 seconds
204.934: [GC204.934: [ParNew: 37566K->4158K(37568K), 0.0025010 secs] 619671K->588330K(758420K), 0.0025430 secs] [Times: user=0.02 sys=0.00, real=0.01 secs] 
204.936: Total time for which application threads were stopped: 0.0040520 seconds, Stopping threads took: 0.0014320 seconds
204.966: Application time: 0.0293280 seconds
204.969: [GC204.969: [ParNew: 37566K->4158K(37568K), 0.0028140 secs] 621738K->591333K(758420K), 0.0028590 secs] [Times: user=0.02 sys=0.00, real=0.00 secs] 
204.971: Total time for which application threads were stopped: 0.0059560 seconds, Stopping threads took: 0.0030290 seconds
205.002: Application time: 0.0300160 seconds
205.004: [GC205.004: [ParNew: 37566K->4159K(37568K), 0.0027250 secs] 624741K->594230K(758420K), 0.0027670 secs] [Times: user=0.02 sys=0.00, real=0.01 secs] 
205.007: Total time for which application threads were stopped: 0.0055220 seconds, Stopping threads took: 0.0026910 seconds
205.036: Application time: 0.0287290 seconds
205.038: [GC205.038: [ParNew: 37567K->4158K(37568K), 0.0027870 secs] 627638K->597033K(758420K), 0.0028290 secs] [Times: user=0.02 sys=0.00, real=0.00 secs] 
205.041: Total time for which application threads were stopped: 0.0052240 seconds, Stopping threads took: 0.0023260 seconds
205.071: Application time: 0.0299070 seconds
205.073: [GC205.073: [ParNew: 37566K->4158K(37568K), 0.0030400 secs] 630441K->600723K(758420K), 0.0030810 secs] [Times: user=0.02 sys=0.00, real=0.01 secs] 
205.076: Total time for which application threads were stopped: 0.0050480 seconds, Stopping threads took: 0.0019030 seconds
205.105: Application time: 0.0292360 seconds
205.107: [GC205.107: [ParNew: 37566K->4159K(37568K), 0.0029700 secs] 634131K->603457K(758420K), 0.0030150 secs] [Times: user=0.02 sys=0.00, real=0.00 secs] 
205.110: Total time for which application threads were stopped: 0.0052370 seconds, Stopping threads took: 0.0021560 seconds
205.140: Application time: 0.0300080 seconds
205.141: [GC205.141: [ParNew: 37567K->4159K(37568K), 0.0023110 secs] 636865K->604495K(758420K), 0.0023550 secs] [Times: user=0.02 sys=0.00, real=0.00 secs] 
205.144: Total time for which application threads were stopped: 0.0031370 seconds, Stopping threads took: 0.0007190 seconds
205.172: Application time: 0.0289100 seconds
205.175: [GC205.175: [ParNew: 37567K->4158K(37568K), 0.0023030 secs] 637903K->605898K(758420K), 0.0023450 secs] [Times: user=0.02 sys=0.00, real=0.00 secs] 
205.177: Total time for which application threads were stopped: 0.0048230 seconds, Stopping threads took: 0.0024130 seconds
205.207: Application time: 0.0297840 seconds
205.209: [GC205.209: [ParNew: 37565K->4159K(37568K), 0.0029660 secs] 639305K->609248K(758420K), 0.0030120 secs] [Times: user=0.03 sys=0.00, real=0.00 secs] 
205.212: Total time for which application threads were stopped: 0.0053480 seconds, Stopping threads took: 0.0022690 seconds
205.243: Application time: 0.0300740 seconds
205.244: [GC205.245: [ParNew: 37567K->4159K(37568K), 0.0025020 secs] 642656K->611047K(758420K), 0.0025570 secs] [Times: user=0.02 sys=0.00, real=0.01 secs] 
205.247: Total time for which application threads were stopped: 0.0045350 seconds, Stopping threads took: 0.0019120 seconds
205.277: Application time: 0.0302910 seconds
205.278: [GC205.278: [ParNew: 37567K->4159K(37568K), 0.0022980 secs] 644455K->612225K(758420K), 0.0023450 secs] [Times: user=0.02 sys=0.00, real=0.00 secs] 
205.280: Total time for which application threads were stopped: 0.0028880 seconds, Stopping threads took: 0.0004770 seconds
205.310: Application time: 0.0301960 seconds
205.313: [GC205.313: [ParNew: 37567K->4159K(37568K), 0.0022200 secs] 645633K->613219K(758420K), 0.0022630 secs] [Times: user=0.02 sys=0.00, real=0.01 secs] 
205.315: Total time for which application threads were stopped: 0.0046030 seconds, Stopping threads took: 0.0022560 seconds
205.344: Application time: 0.0294200 seconds
205.346: [GC205.346: [ParNew: 37567K->4158K(37568K), 0.0024940 secs] 646627K->615188K(758420K), 0.0025380 secs] [Times: user=0.02 sys=0.00, real=0.01 secs] 
205.349: Total time for which application threads were stopped: 0.0042510 seconds, Stopping threads took: 0.0016460 seconds
205.378: Application time: 0.0296230 seconds
205.381: [GC205.381: [ParNew: 37566K->4158K(37568K), 0.0022710 secs] 648596K->616128K(758420K), 0.0023170 secs] [Times: user=0.01 sys=0.00, real=0.00 secs] 
205.383: Total time for which application threads were stopped: 0.0048690 seconds, Stopping threads took: 0.0024840 seconds
205.414: Application time: 0.0312610 seconds
205.417: [GC205.418: [ParNew: 37566K->4158K(37568K), 0.0024610 secs] 649536K->617965K(758420K), 0.0025040 secs] [Times: user=0.02 sys=0.00, real=0.00 secs] 
205.420: Total time for which application threads were stopped: 0.0055240 seconds, Stopping threads took: 0.0029430 seconds
205.451: Application time: 0.0306840 seconds
205.453: [GC205.453: [ParNew: 37566K->4159K(37568K), 0.0029660 secs] 651373K->621199K(758420K), 0.0030120 secs] [Times: user=0.03 sys=0.00, real=0.01 secs] 
205.456: Total time for which application threads were stopped: 0.0048590 seconds, Stopping threads took: 0.0017710 seconds
205.486: Application time: 0.0300080 seconds
205.488: [GC205.488: [ParNew: 37567K->4159K(37568K), 0.0025270 secs] 654607K->622881K(758420K), 0.0025700 secs] [Times: user=0.02 sys=0.00, real=0.00 secs] 
205.491: Total time for which application threads were stopped: 0.0052340 seconds, Stopping threads took: 0.0025830 seconds
205.523: Application time: 0.0321870 seconds
205.526: [GC205.526: [ParNew: 37567K->4158K(37568K), 0.0026810 secs] 656289K->625477K(758420K), 0.0027270 secs] [Times: user=0.02 sys=0.00, real=0.01 secs] 
205.529: Total time for which application threads were stopped: 0.0058720 seconds, Stopping threads took: 0.0030770 seconds
205.560: Application time: 0.0311920 seconds
205.563: [GC205.563: [ParNew: 37566K->4159K(37568K), 0.0030350 secs] 658885K->628981K(758420K), 0.0030780 secs] [Times: user=0.02 sys=0.00, real=0.00 secs] 
205.566: Total time for which application threads were stopped: 0.0061080 seconds, Stopping threads took: 0.0029540 seconds
205.597: Application time: 0.0309760 seconds
205.600: [GC205.600: [ParNew: 37566K->4158K(37568K), 0.0026430 secs] 662388K->631445K(758420K), 0.0026900 secs] [Times: user=0.02 sys=0.00, real=0.00 secs] 
205.602: Total time for which application threads were stopped: 0.0052100 seconds, Stopping threads took: 0.0024450 seconds
205.633: Application time: 0.0308910 seconds
205.635: [GC205.635: [ParNew: 37566K->4158K(37568K), 0.0027960 secs] 664853K->634239K(758420K), 0.0028400 secs] [Times: user=0.02 sys=0.00, real=0.00 secs] 
205.638: Total time for which application threads were stopped: 0.0044990 seconds, Stopping threads took: 0.0015930 seconds
205.670: Application time: 0.0321760 seconds
205.672: [GC205.672: [ParNew: 37566K->4159K(37568K), 0.0021580 secs] 667647K->635087K(758420K), 0.0022030 secs] [Times: user=0.01 sys=0.00, real=0.00 secs] 
205.675: Total time for which application threads were stopped: 0.0046780 seconds, Stopping threads took: 0.0023960 seconds
205.706: Application time: 0.0314910 seconds
205.708: [GC205.708: [ParNew: 37567K->4158K(37568K), 0.0025180 secs] 668495K->637122K(758420K), 0.0025710 secs] [Times: user=0.02 sys=0.00, real=0.00 secs] 
205.711: Total time for which application threads were stopped: 0.0044650 seconds, Stopping threads took: 0.0018050 seconds
205.742: Application time: 0.0316550 seconds
205.745: [GC205.745: [ParNew: 37566K->4159K(37568K), 0.0028970 secs] 670530K->640105K(758420K), 0.0029450 secs] [Times: user=0.03 sys=0.00, real=0.01 secs] 
205.748: Total time for which application threads were stopped: 0.0061900 seconds, Stopping threads took: 0.0031770 seconds
205.779: Application time: 0.0310210 seconds
205.782: [GC205.782: [ParNew: 37565K->4159K(37568K), 0.0024830 secs] 673511K->642008K(758420K), 0.0025300 secs] [Times: user=0.02 sys=0.00, real=0.00 secs] 
205.785: Total time for which application threads were stopped: 0.0051680 seconds, Stopping threads took: 0.0025490 seconds
205.816: Application time: 0.0315580 seconds
205.817: [GC205.817: [ParNew: 37567K->4159K(37568K), 0.0026500 secs] 675416K->644293K(758420K), 0.0026960 secs] [Times: user=0.02 sys=0.00, real=0.00 secs] 
205.820: Total time for which application threads were stopped: 0.0035380 seconds, Stopping threads took: 0.0007720 seconds
205.852: Application time: 0.0322750 seconds
205.854: [GC205.854: [ParNew: 37566K->4159K(37568K), 0.0024310 secs] 677699K->645790K(758420K), 0.0024770 secs] [Times: user=0.02 sys=0.00, real=0.01 secs] 
205.856: Total time for which application threads were stopped: 0.0044530 seconds, Stopping threads took: 0.0019100 seconds
205.887: Application time: 0.0305430 seconds
205.889: [GC205.889: [ParNew: 37567K->4159K(37568K), 0.0026950 secs] 679198K->648210K(758420K), 0.0027420 secs] [Times: user=0.02 sys=0.00, real=0.00 secs] 
205.892: Total time for which application threads were stopped: 0.0047570 seconds, Stopping threads took: 0.0019510 seconds
 CMS: abort preclean due to time 205.895: [CMS-concurrent-abortable-preclean: 0.676/5.019 secs] [Times: user=37.74 sys=0.20, real=5.02 secs] 
205.899: Application time: 0.0069060 seconds
205.900: [GC[YG occupancy: 12307 K (37568 K)]205.900: [Rescan (parallel) , 0.0004970 secs]205.901: [weak refs processing, 0.0000080 secs]205.901: [scrub string table, 0.0001170 secs] [1 CMS-remark: 644050K(720852K)] 656358K(758420K), 0.0006610 secs] [Times: user=0.01 sys=0.00, real=0.00 secs] 
205.901: Total time for which application threads were stopped: 0.0019910 seconds, Stopping threads took: 0.0012950 seconds
205.901: [CMS-concurrent-sweep-start]
205.925: Application time: 0.0246350 seconds
205.928: [GC205.928: [ParNew: 37567K->4158K(37568K), 0.0028540 secs] 392178K->362052K(758420K), 0.0028950 secs] [Times: user=0.02 sys=0.00, real=0.00 secs] 
205.931: Total time for which application threads were stopped: 0.0055010 seconds, Stopping threads took: 0.0025420 seconds
205.941: [CMS-concurrent-sweep: 0.034/0.040 secs] [Times: user=0.29 sys=0.01, real=0.04 secs] 
205.959: [CMS-concurrent-reset-start]
205.961: [CMS-concurrent-reset: 0.002/0.002 secs] [Times: user=0.00 sys=0.00, real=0.00 secs] 
205.964: Application time: 0.0330720 seconds
205.965: [GC205.966: [ParNew: 37566K->4159K(37568K), 0.0024300 secs] 358002K->326673K(758420K), 0.0024740 secs] [Times: user=0.02 sys=0.00, real=0.01 secs] 
205.968: Total time for which application threads were stopped: 0.0041380 seconds, Stopping threads took: 0.0015860 seconds
206.000: Application time: 0.0319800 seconds
206.002: [GC206.002: [ParNew: 37567K->4158K(37568K), 0.0028320 secs] 360081K->329659K(758420K), 0.0028770 secs] [Times: user=0.02 sys=0.00, real=0.00 secs] 
206.005: Total time for which application threads were stopped: 0.0046700 seconds, Stopping threads took: 0.0017260 seconds
206.005: Application time: 0.0001000 seconds
206.007: [GC [1 CMS-initial-mark: 325501K(720852K)] 330095K(758420K), 0.0001770 secs] [Times: user=0.00 sys=0.00, real=0.00 secs] 
206.008: Total time for which application threads were stopped: 0.0027520 seconds, Stopping threads took: 0.0025520 seconds
206.008: [CMS-concurrent-mark-start]
206.015: [CMS-concurrent-mark: 0.007/0.007 secs] [Times: user=0.06 sys=0.00, real=0.01 secs] 
206.015: [CMS-concurrent-preclean-start]
206.016: [CMS-concurrent-preclean: 0.001/0.001 secs] [Times: user=0.00 sys=0.00, real=0.00 secs] 
206.016: [CMS-concurrent-abortable-preclean-start]
206.039: Application time: 0.0316910 seconds
206.042: [GC206.042: [ParNew: 37566K->4159K(37568K), 0.0023540 secs] 363067K->330598K(758420K), 0.0024010 secs] [Times: user=0.02 sys=0.00, real=0.00 secs] 
206.044: Total time for which application threads were stopped: 0.0051720 seconds, Stopping threads took: 0.0027050 seconds
206.076: Application time: 0.0320360 seconds
206.079: [GC206.079: [ParNew: 37567K->4158K(37568K), 0.0025230 secs] 364006K->332509K(758420K), 0.0025710 secs] [Times: user=0.01 sys=0.00, real=0.00 secs] 
206.082: Total time for which application threads were stopped: 0.0055260 seconds, Stopping threads took: 0.0028660 seconds
206.114: Application time: 0.0324220 seconds
206.118: [GC206.118: [ParNew: 37566K->4158K(37568K), 0.0024930 secs] 365917K->334413K(758420K), 0.0025380 secs] [Times: user=0.02 sys=0.00, real=0.00 secs] 
206.120: Total time for which application threads were stopped: 0.0058120 seconds, Stopping threads took: 0.0032060 seconds
206.151: Application time: 0.0308160 seconds
206.153: [GC206.153: [ParNew: 37566K->4158K(37568K), 0.0021420 secs] 367821K->335163K(758420K), 0.0021880 secs] [Times: user=0.02 sys=0.00, real=0.01 secs] 
206.156: Total time for which application threads were stopped: 0.0046140 seconds, Stopping threads took: 0.0023570 seconds
206.184: Application time: 0.0284060 seconds
206.186: [GC206.186: [ParNew: 37566K->4159K(37568K), 0.0030610 secs] 368571K->338884K(758420K), 0.0031070 secs] [Times: user=0.02 sys=0.00, real=0.01 secs] 
206.189: Total time for which application threads were stopped: 0.0049490 seconds, Stopping threads took: 0.0017760 seconds
206.221: Application time: 0.0318740 seconds
206.223: [GC206.223: [ParNew: 37567K->4158K(37568K), 0.0029450 secs] 372292K->342106K(758420K), 0.0029860 secs] [Times: user=0.02 sys=0.00, real=0.00 secs] 
206.226: Total time for which application threads were stopped: 0.0053710 seconds, Stopping threads took: 0.0023170 seconds
206.257: Application time: 0.0311830 seconds
206.259: [GC206.259: [ParNew: 37564K->4158K(37568K), 0.0026490 secs] 375512K->344644K(758420K), 0.0026930 secs] [Times: user=0.02 sys=0.00, real=0.00 secs] 
206.262: Total time for which application threads were stopped: 0.0041660 seconds, Stopping threads took: 0.0014060 seconds
206.293: Application time: 0.0309800 seconds
206.295: [GC206.295: [ParNew: 37566K->4159K(37568K), 0.0026700 secs] 378052K->347000K(758420K), 0.0027180 secs] [Times: user=0.02 sys=0.00, real=0.00 secs] 
206.298: Total time for which application threads were stopped: 0.0055270 seconds, Stopping threads took: 0.0027420 seconds
206.330: Application time: 0.0318410 seconds
206.332: [GC206.332: [ParNew: 37567K->4158K(37568K), 0.0025420 secs] 380408K->348808K(758420K), 0.0025900 secs] [Times: user=0.01 sys=0.00, real=0.01 secs] 
206.335: Total time for which application threads were stopped: 0.0049270 seconds, Stopping threads took: 0.0022460 seconds
206.366: Application time: 0.0315910 seconds
206.368: [GC206.368: [ParNew: 37566K->4159K(37568K), 0.0024270 secs] 382216K->350421K(758420K), 0.0024700 secs] [Times: user=0.02 sys=0.00, real=0.00 secs] 
206.370: Total time for which application threads were stopped: 0.0039940 seconds, Stopping threads took: 0.0014550 seconds
206.401: Application time: 0.0306130 seconds
206.403: [GC206.403: [ParNew: 37566K->4159K(37568K), 0.0024980 secs] 383829K->352337K(758420K), 0.0025430 secs] [Times: user=0.02 sys=0.00, real=0.00 secs] 
206.405: Total time for which application threads were stopped: 0.0041410 seconds, Stopping threads took: 0.0015310 seconds
206.436: Application time: 0.0303440 seconds
206.437: [GC206.437: [ParNew: 37567K->4159K(37568K), 0.0027610 secs] 385745K->355084K(758420K), 0.0028070 secs] [Times: user=0.02 sys=0.00, real=0.00 secs] 
206.440: Total time for which application threads were stopped: 0.0045490 seconds, Stopping threads took: 0.0016660 seconds
206.470: Application time: 0.0297680 seconds
206.472: [GC206.472: [ParNew: 37565K->4158K(37568K), 0.0029580 secs] 388490K->358607K(758420K), 0.0030030 secs] [Times: user=0.02 sys=0.00, real=0.01 secs] 
206.475: Total time for which application threads were stopped: 0.0054720 seconds, Stopping threads took: 0.0023910 seconds
206.507: Application time: 0.0317650 seconds
206.509: [GC206.509: [ParNew: 37566K->4159K(37568K), 0.0024620 secs] 392015K->360405K(758420K), 0.0025040 secs] [Times: user=0.02 sys=0.00, real=0.00 secs] 
206.511: Total time for which application threads were stopped: 0.0043620 seconds, Stopping threads took: 0.0017910 seconds
206.542: Application time: 0.0307180 seconds
206.545: [GC206.545: [ParNew: 37567K->4159K(37568K), 0.0028490 secs] 393813K->363556K(758420K), 0.0028940 secs] [Times: user=0.02 sys=0.00, real=0.01 secs] 
206.548: Total time for which application threads were stopped: 0.0060530 seconds, Stopping threads took: 0.0030940 seconds
206.581: Application time: 0.0323680 seconds
206.584: [GC206.584: [ParNew: 37567K->4158K(37568K), 0.0024430 secs] 396964K->365520K(758420K), 0.0024890 secs] [Times: user=0.02 sys=0.00, real=0.00 secs] 
206.586: Total time for which application threads were stopped: 0.0057990 seconds, Stopping threads took: 0.0032450 seconds
206.616: Application time: 0.0293050 seconds
206.618: [GC206.618: [ParNew: 37566K->4159K(37568K), 0.0027270 secs] 398928K->368327K(758420K), 0.0027720 secs] [Times: user=0.02 sys=0.00, real=0.00 secs] 
206.621: Total time for which application threads were stopped: 0.0048800 seconds, Stopping threads took: 0.0020400 seconds
206.653: Application time: 0.0320750 seconds
206.655: [GC206.655: [ParNew: 37567K->4159K(37568K), 0.0025040 secs] 401735K->370086K(758420K), 0.0025480 secs] [Times: user=0.01 sys=0.00, real=0.00 secs] 
206.658: Total time for which application threads were stopped: 0.0052980 seconds, Stopping threads took: 0.0026840 seconds
206.689: Application time: 0.0314670 seconds
206.692: [GC206.692: [ParNew: 37566K->4158K(37568K), 0.0021730 secs] 403492K->371221K(758420K), 0.0022190 secs] [Times: user=0.01 sys=0.00, real=0.00 secs] 
206.694: Total time for which application threads were stopped: 0.0043510 seconds, Stopping threads took: 0.0020700 seconds
206.725: Application time: 0.0313720 seconds
206.727: [GC206.727: [ParNew: 37566K->4159K(37568K), 0.0024680 secs] 404629K->372922K(758420K), 0.0025130 secs] [Times: user=0.01 sys=0.00, real=0.00 secs] 
206.730: Total time for which application threads were stopped: 0.0043880 seconds, Stopping threads took: 0.0018090 seconds
206.759: Application time: 0.0291570 seconds
206.761: [GC206.761: [ParNew: 37567K->4159K(37568K), 0.0027180 secs] 406330K->375568K(758420K), 0.0027640 secs] [Times: user=0.02 sys=0.00, real=0.00 secs] 
206.764: Total time for which application threads were stopped: 0.0052760 seconds, Stopping threads took: 0.0024460 seconds
206.795: Application time: 0.0314110 seconds
206.799: [GC206.799: [ParNew: 37566K->4158K(37568K), 0.0029890 secs] 408975K->379128K(758420K), 0.0030300 secs] [Times: user=0.02 sys=0.01, real=0.00 secs] 
206.802: Total time for which application threads were stopped: 0.0062610 seconds, Stopping threads took: 0.0031670 seconds
206.834: Application time: 0.0320900 seconds
206.835: [GC206.835: [ParNew: 37566K->4158K(37568K), 0.0020460 secs] 412536K->379702K(758420K), 0.0020890 secs] [Times: user=0.01 sys=0.00, real=0.00 secs] 
206.838: Total time for which application threads were stopped: 0.0037230 seconds, Stopping threads took: 0.0015660 seconds
206.869: Application time: 0.0314450 seconds
206.871: [GC206.871: [ParNew: 37566K->4159K(37568K), 0.0027410 secs] 413110K->382150K(758420K), 0.0027850 secs] [Times: user=0.02 sys=0.00, real=0.00 secs] 
206.874: Total time for which application threads were stopped: 0.0051610 seconds, Stopping threads took: 0.0023090 seconds
206.905: Application time: 0.0305300 seconds
206.906: [GC206.906: [ParNew: 37566K->4159K(37568K), 0.0026360 secs] 415557K->384521K(758420K), 0.0026920 secs] [Times: user=0.02 sys=0.00, real=0.01 secs] 
206.909: Total time for which application threads were stopped: 0.0041920 seconds, Stopping threads took: 0.0014320 seconds
206.941: Application time: 0.0317230 seconds
206.942: [GC206.942: [ParNew: 37567K->4158K(37568K), 0.0026130 secs] 417929K->386890K(758420K), 0.0026580 secs] [Times: user=0.02 sys=0.00, real=0.00 secs] 
206.945: Total time for which application threads were stopped: 0.0042120 seconds, Stopping threads took: 0.0014900 seconds
206.976: Application time: 0.0308810 seconds
206.977: [GC206.977: [ParNew: 37566K->4158K(37568K), 0.0028970 secs] 420298K->390071K(758420K), 0.0029430 secs] [Times: user=0.02 sys=0.00, real=0.00 secs] 
206.980: Total time for which application threads were stopped: 0.0042380 seconds, Stopping threads took: 0.0012190 seconds
207.011: Application time: 0.0310390 seconds
207.014: [GC207.014: [ParNew: 37566K->4159K(37568K), 0.0026340 secs] 423479K->392543K(758420K), 0.0026790 secs] [Times: user=0.02 sys=0.00, real=0.01 secs] 
207.017: Total time for which application threads were stopped: 0.0055550 seconds, Stopping threads took: 0.0028100 seconds
207.047: Application time: 0.0306150 seconds
207.049: [GC207.049: [ParNew: 37567K->4158K(37568K), 0.0027620 secs] 425951K->395256K(758420K), 0.0028080 secs] [Times: user=0.02 sys=0.00, real=0.00 secs] 
207.052: Total time for which application threads were stopped: 0.0047590 seconds, Stopping threads took: 0.0018810 seconds
207.083: Application time: 0.0314930 seconds
207.085: [GC207.085: [ParNew: 37566K->4159K(37568K), 0.0026790 secs] 428664K->397821K(758420K), 0.0027250 secs] [Times: user=0.02 sys=0.00, real=0.01 secs] 
207.088: Total time for which application threads were stopped: 0.0043940 seconds, Stopping threads took: 0.0016000 seconds
207.120: Application time: 0.0319040 seconds
207.122: [GC207.122: [ParNew: 37567K->4159K(37568K), 0.0024470 secs] 431229K->399283K(758420K), 0.0024920 secs] [Times: user=0.02 sys=0.00, real=0.00 secs] 
207.125: Total time for which application threads were stopped: 0.0049110 seconds, Stopping threads took: 0.0023500 seconds
207.155: Application time: 0.0303180 seconds
207.157: [GC207.157: [ParNew: 37567K->4159K(37568K), 0.0029190 secs] 432691K->402564K(758420K), 0.0029660 secs] [Times: user=0.02 sys=0.00, real=0.00 secs] 
207.160: Total time for which application threads were stopped: 0.0050280 seconds, Stopping threads took: 0.0019950 seconds
207.190: Application time: 0.0302100 seconds
207.192: [GC207.192: [ParNew: 37567K->4158K(37568K), 0.0028760 secs] 435972K->405769K(758420K), 0.0029210 secs] [Times: user=0.01 sys=0.01, real=0.01 secs] 
207.195: Total time for which application threads were stopped: 0.0045960 seconds, Stopping threads took: 0.0016150 seconds
207.227: Application time: 0.0319440 seconds
207.230: [GC207.230: [ParNew: 37566K->4159K(37568K), 0.0021610 secs] 439177K->406817K(758420K), 0.0022060 secs] [Times: user=0.02 sys=0.00, real=0.00 secs] 
207.232: Total time for which application threads were stopped: 0.0053250 seconds, Stopping threads took: 0.0030540 seconds
207.262: Application time: 0.0303070 seconds
207.265: [GC207.265: [ParNew: 37567K->4159K(37568K), 0.0028060 secs] 440225K->409649K(758420K), 0.0028500 secs] [Times: user=0.02 sys=0.00, real=0.01 secs] 
207.268: Total time for which application threads were stopped: 0.0056440 seconds, Stopping threads took: 0.0027050 seconds
207.297: Application time: 0.0294870 seconds
207.299: [GC207.299: [ParNew: 37567K->4158K(37568K), 0.0030250 secs] 443057K->413361K(758420K), 0.0030720 secs] [Times: user=0.02 sys=0.00, real=0.00 secs] 
207.302: Total time for which application threads were stopped: 0.0048310 seconds, Stopping threads took: 0.0016910 seconds
207.334: Application time: 0.0318810 seconds
207.336: [GC207.336: [ParNew: 37566K->4159K(37568K), 0.0020630 secs] 446769K->413980K(758420K), 0.0021060 secs] [Times: user=0.01 sys=0.00, real=0.00 secs] 
207.338: Total time for which application threads were stopped: 0.0042100 seconds, Stopping threads took: 0.0020290 seconds
207.370: Application time: 0.0317850 seconds
207.373: [GC207.373: [ParNew: 37567K->4158K(37568K), 0.0024170 secs] 447388K->415569K(758420K), 0.0024590 secs] [Times: user=0.02 sys=0.00, real=0.01 secs] 
207.375: Total time for which application threads were stopped: 0.0048120 seconds, Stopping threads took: 0.0022860 seconds
207.407: Application time: 0.0324160 seconds
207.410: [GC207.410: [ParNew: 37566K->4158K(37568K), 0.0020710 secs] 448977K->416069K(758420K), 0.0021140 secs] [Times: user=0.01 sys=0.00, real=0.00 secs] 
207.412: Total time for which application threads were stopped: 0.0050180 seconds, Stopping threads took: 0.0028370 seconds
207.445: Application time: 0.0330010 seconds
207.448: [GC207.448: [ParNew: 37566K->4159K(37568K), 0.0021330 secs] 449477K->416863K(758420K), 0.0021760 secs] [Times: user=0.01 sys=0.00, real=0.00 secs] 
207.450: Total time for which application threads were stopped: 0.0044170 seconds, Stopping threads took: 0.0021780 seconds
207.482: Application time: 0.0322970 seconds
207.484: [GC207.484: [ParNew: 37566K->4159K(37568K), 0.0022520 secs] 450271K->417953K(758420K), 0.0022950 secs] [Times: user=0.02 sys=0.00, real=0.00 secs] 
207.486: Total time for which application threads were stopped: 0.0042680 seconds, Stopping threads took: 0.0018960 seconds
207.518: Application time: 0.0320250 seconds
207.520: [GC207.520: [ParNew: 37567K->4159K(37568K), 0.0021560 secs] 451361K->418926K(758420K), 0.0022010 secs] [Times: user=0.01 sys=0.00, real=0.00 secs] 
207.522: Total time for which application threads were stopped: 0.0038550 seconds, Stopping threads took: 0.0015880 seconds
207.554: Application time: 0.0315590 seconds
207.555: [GC207.555: [ParNew: 37567K->4159K(37568K), 0.0023430 secs] 452334K->420139K(758420K), 0.0023860 secs] [Times: user=0.01 sys=0.00, real=0.00 secs] 
207.558: Total time for which application threads were stopped: 0.0039700 seconds, Stopping threads took: 0.0015200 seconds
207.589: Application time: 0.0310950 seconds
207.591: [GC207.591: [ParNew: 37567K->4158K(37568K), 0.0022610 secs] 453547K->421286K(758420K), 0.0023050 secs] [Times: user=0.01 sys=0.00, real=0.00 secs] 
207.593: Total time for which application threads were stopped: 0.0041210 seconds, Stopping threads took: 0.0017490 seconds
207.623: Application time: 0.0303760 seconds
207.626: [GC207.626: [ParNew: 37566K->4158K(37568K), 0.0026780 secs] 454694K->423787K(758420K), 0.0027230 secs] [Times: user=0.02 sys=0.00, real=0.01 secs] 
207.629: Total time for which application threads were stopped: 0.0054060 seconds, Stopping threads took: 0.0026180 seconds
207.659: Application time: 0.0304780 seconds
207.661: [GC207.661: [ParNew: 37566K->4158K(37568K), 0.0029590 secs] 457195K->427255K(758420K), 0.0030030 secs] [Times: user=0.02 sys=0.00, real=0.00 secs] 
207.664: Total time for which application threads were stopped: 0.0051460 seconds, Stopping threads took: 0.0020760 seconds
207.695: Application time: 0.0309610 seconds
207.697: [GC207.697: [ParNew: 37566K->4158K(37568K), 0.0028730 secs] 460663K->430488K(758420K), 0.0029180 secs] [Times: user=0.02 sys=0.00, real=0.00 secs] 
207.700: Total time for which application threads were stopped: 0.0048190 seconds, Stopping threads took: 0.0018350 seconds
207.731: Application time: 0.0311160 seconds
207.733: [GC207.733: [ParNew: 37565K->4159K(37568K), 0.0028650 secs] 463895K->433602K(758420K), 0.0029070 secs] [Times: user=0.02 sys=0.00, real=0.01 secs] 
207.736: Total time for which application threads were stopped: 0.0046540 seconds, Stopping threads took: 0.0016820 seconds
207.768: Application time: 0.0316990 seconds
207.769: [GC207.769: [ParNew: 37565K->4158K(37568K), 0.0028240 secs] 467008K->436499K(758420K), 0.0028680 secs] [Times: user=0.02 sys=0.00, real=0.00 secs] 
207.772: Total time for which application threads were stopped: 0.0041400 seconds, Stopping threads took: 0.0012070 seconds
207.803: Application time: 0.0307710 seconds
207.804: [GC207.804: [ParNew: 37566K->4158K(37568K), 0.0028040 secs] 469907K->439276K(758420K), 0.0028580 secs] [Times: user=0.02 sys=0.00, real=0.01 secs] 
207.807: Total time for which application threads were stopped: 0.0045170 seconds, Stopping threads took: 0.0015930 seconds
207.838: Application time: 0.0307200 seconds
207.840: [GC207.840: [ParNew: 37566K->4159K(37568K), 0.0026960 secs] 472684K->441964K(758420K), 0.0027400 secs] [Times: user=0.02 sys=0.00, real=0.00 secs] 
207.842: Total time for which application threads were stopped: 0.0045440 seconds, Stopping threads took: 0.0017370 seconds
207.874: Application time: 0.0315920 seconds
207.876: [GC207.876: [ParNew: 37567K->4159K(37568K), 0.0025300 secs] 475372K->443628K(758420K), 0.0025720 secs] [Times: user=0.02 sys=0.00, real=0.00 secs] 
207.879: Total time for which application threads were stopped: 0.0048690 seconds, Stopping threads took: 0.0022310 seconds
207.911: Application time: 0.0317330 seconds
207.914: [GC207.914: [ParNew: 37566K->4158K(37568K), 0.0023360 secs] 477035K->445141K(758420K), 0.0023850 secs] [Times: user=0.02 sys=0.00, real=0.01 secs] 
207.916: Total time for which application threads were stopped: 0.0053220 seconds, Stopping threads took: 0.0028700 seconds
207.948: Application time: 0.0316490 seconds
207.949: [GC207.949: [ParNew: 37565K->4158K(37568K), 0.0025310 secs] 478549K->447043K(758420K), 0.0025750 secs] [Times: user=0.02 sys=0.00, real=0.00 secs] 
207.952: Total time for which application threads were stopped: 0.0040090 seconds, Stopping threads took: 0.0013700 seconds
207.983: Application time: 0.0313740 seconds
207.985: [GC207.985: [ParNew: 37566K->4158K(37568K), 0.0026400 secs] 480451K->449438K(758420K), 0.0026850 secs] [Times: user=0.02 sys=0.00, real=0.01 secs] 
207.988: Total time for which application threads were stopped: 0.0049100 seconds, Stopping threads took: 0.0021500 seconds
208.018: Application time: 0.0298180 seconds
208.020: [GC208.020: [ParNew: 37566K->4158K(37568K), 0.0027310 secs] 482846K->452069K(758420K), 0.0027780 secs] [Times: user=0.02 sys=0.00, real=0.00 secs] 
208.023: Total time for which application threads were stopped: 0.0052660 seconds, Stopping threads took: 0.0024210 seconds
208.055: Application time: 0.0317000 seconds
208.056: [GC208.056: [ParNew: 37566K->4158K(37568K), 0.0024380 secs] 485476K->453614K(758420K), 0.0024830 secs] [Times: user=0.02 sys=0.00, real=0.00 secs] 
208.059: Total time for which application threads were stopped: 0.0042780 seconds, Stopping threads took: 0.0017290 seconds
208.091: Application time: 0.0318610 seconds
208.092: [GC208.092: [ParNew: 37566K->4158K(37568K), 0.0024430 secs] 487022K->455497K(758420K), 0.0024860 secs] [Times: user=0.02 sys=0.00, real=0.01 secs] 
208.095: Total time for which application threads were stopped: 0.0040260 seconds, Stopping threads took: 0.0014750 seconds
208.126: Application time: 0.0311680 seconds
208.128: [GC208.128: [ParNew: 37564K->4158K(37568K), 0.0025870 secs] 488903K->457722K(758420K), 0.0026290 secs] [Times: user=0.02 sys=0.00, real=0.00 secs] 
208.130: Total time for which application threads were stopped: 0.0041870 seconds, Stopping threads took: 0.0014930 seconds
208.160: Application time: 0.0299730 seconds
208.163: [GC208.163: [ParNew: 37566K->4159K(37568K), 0.0030470 secs] 491130K->461352K(758420K), 0.0030910 secs] [Times: user=0.02 sys=0.00, real=0.00 secs] 
208.166: Total time for which application threads were stopped: 0.0059740 seconds, Stopping threads took: 0.0028160 seconds
208.199: Application time: 0.0324490 seconds
208.201: [GC208.201: [ParNew: 37567K->4158K(37568K), 0.0030140 secs] 494760K->464878K(758420K), 0.0030600 secs] [Times: user=0.02 sys=0.00, real=0.00 secs] 
208.204: Total time for which application threads were stopped: 0.0055650 seconds, Stopping threads took: 0.0024380 seconds
208.236: Application time: 0.0319440 seconds
208.239: [GC208.239: [ParNew: 37566K->4158K(37568K), 0.0024300 secs] 498286K->466670K(758420K), 0.0024740 secs] [Times: user=0.01 sys=0.00, real=0.00 secs] 
208.242: Total time for which application threads were stopped: 0.0054380 seconds, Stopping threads took: 0.0028960 seconds
208.271: Application time: 0.0299020 seconds
208.273: [GC208.273: [ParNew: 37566K->4158K(37568K), 0.0029370 secs] 500078K->469913K(758420K), 0.0029910 secs] [Times: user=0.02 sys=0.00, real=0.01 secs] 
208.276: Total time for which application threads were stopped: 0.0046160 seconds, Stopping threads took: 0.0015580 seconds
208.306: Application time: 0.0299860 seconds
208.308: [GC208.308: [ParNew: 37566K->4158K(37568K), 0.0029170 secs] 503321K->473057K(758420K), 0.0029620 secs] [Times: user=0.02 sys=0.00, real=0.00 secs] 
208.311: Total time for which application threads were stopped: 0.0053030 seconds, Stopping threads took: 0.0022750 seconds
208.343: Application time: 0.0319110 seconds
208.346: [GC208.346: [ParNew: 37566K->4158K(37568K), 0.0022270 secs] 506465K->474103K(758420K), 0.0022710 secs] [Times: user=0.02 sys=0.00, real=0.01 secs] 
208.348: Total time for which application threads were stopped: 0.0047760 seconds, Stopping threads took: 0.0024440 seconds
208.380: Application time: 0.0317730 seconds
208.381: [GC208.381: [ParNew: 37566K->4158K(37568K), 0.0023790 secs] 507511K->475710K(758420K), 0.0024230 secs] [Times: user=0.01 sys=0.00, real=0.00 secs] 
208.384: Total time for which application threads were stopped: 0.0039870 seconds, Stopping threads took: 0.0014960 seconds
208.415: Application time: 0.0310440 seconds
208.416: [GC208.416: [ParNew: 37564K->4158K(37568K), 0.0023590 secs] 509117K->477242K(758420K), 0.0024020 secs] [Times: user=0.01 sys=0.00, real=0.00 secs] 
208.419: Total time for which application threads were stopped: 0.0039620 seconds, Stopping threads took: 0.0014940 seconds
208.451: Application time: 0.0322670 seconds
208.454: [GC208.454: [ParNew: 37566K->4159K(37568K), 0.0022200 secs] 510650K->478355K(758420K), 0.0022620 secs] [Times: user=0.02 sys=0.00, real=0.01 secs] 
208.457: Total time for which application threads were stopped: 0.0054670 seconds, Stopping threads took: 0.0031390 seconds
208.487: Application time: 0.0308670 seconds
208.490: [GC208.490: [ParNew: 37567K->4158K(37568K), 0.0021370 secs] 511763K->479299K(758420K), 0.0021810 secs] [Times: user=0.02 sys=0.00, real=0.00 secs] 
208.492: Total time for which application threads were stopped: 0.0043740 seconds, Stopping threads took: 0.0021200 seconds
208.523: Application time: 0.0312270 seconds
208.525: [GC208.525: [ParNew: 37566K->4158K(37568K), 0.0025970 secs] 512707K->481538K(758420K), 0.0026430 secs] [Times: user=0.02 sys=0.00, real=0.01 secs] 
208.528: Total time for which application threads were stopped: 0.0047220 seconds, Stopping threads took: 0.0020120 seconds
208.559: Application time: 0.0307350 seconds
208.561: [GC208.561: [ParNew: 37565K->4158K(37568K), 0.0026990 secs] 514945K->484198K(758420K), 0.0027470 secs] [Times: user=0.02 sys=0.00, real=0.00 secs] 
208.564: Total time for which application threads were stopped: 0.0057110 seconds, Stopping threads took: 0.0028960 seconds
208.596: Application time: 0.0315220 seconds
208.598: [GC208.598: [ParNew: 37566K->4158K(37568K), 0.0025290 secs] 517606K->486244K(758420K), 0.0025720 secs] [Times: user=0.02 sys=0.00, real=0.00 secs] 
208.601: Total time for which application threads were stopped: 0.0047950 seconds, Stopping threads took: 0.0021620 seconds
208.631: Application time: 0.0303250 seconds
208.634: [GC208.634: [ParNew: 37566K->4159K(37568K), 0.0027660 secs] 519652K->489016K(758420K), 0.0028130 secs] [Times: user=0.02 sys=0.00, real=0.01 secs] 
208.636: Total time for which application threads were stopped: 0.0054970 seconds, Stopping threads took: 0.0026150 seconds
208.668: Application time: 0.0317230 seconds
208.669: [GC208.669: [ParNew: 37566K->4159K(37568K), 0.0026730 secs] 522422K->491143K(758420K), 0.0027180 secs] [Times: user=0.02 sys=0.00, real=0.00 secs] 
208.672: Total time for which application threads were stopped: 0.0035270 seconds, Stopping threads took: 0.0007400 seconds
208.702: Application time: 0.0304650 seconds
208.705: [GC208.705: [ParNew: 37567K->4159K(37568K), 0.0028110 secs] 524551K->493988K(758420K), 0.0028680 secs] [Times: user=0.01 sys=0.00, real=0.01 secs] 
208.708: Total time for which application threads were stopped: 0.0056130 seconds, Stopping threads took: 0.0026580 seconds
208.739: Application time: 0.0310720 seconds
208.740: [GC208.740: [ParNew: 37567K->4159K(37568K), 0.0024430 secs] 527396K->495589K(758420K), 0.0024880 secs] [Times: user=0.02 sys=0.00, real=0.00 secs] 
208.743: Total time for which application threads were stopped: 0.0041670 seconds, Stopping threads took: 0.0016120 seconds
208.775: Application time: 0.0323620 seconds
208.777: [GC208.777: [ParNew: 37567K->4158K(37568K), 0.0023220 secs] 528997K->497019K(758420K), 0.0023650 secs] [Times: user=0.02 sys=0.00, real=0.00 secs] 
208.780: Total time for which application threads were stopped: 0.0043750 seconds, Stopping threads took: 0.0019440 seconds
208.811: Application time: 0.0310840 seconds
208.813: [GC208.813: [ParNew: 37566K->4159K(37568K), 0.0028840 secs] 530427K->500255K(758420K), 0.0029310 secs] [Times: user=0.02 sys=0.00, real=0.01 secs] 
208.816: Total time for which application threads were stopped: 0.0053770 seconds, Stopping threads took: 0.0023770 seconds
208.848: Application time: 0.0314590 seconds
208.849: [GC208.849: [ParNew: 37567K->4159K(37568K), 0.0026530 secs] 533663K->502562K(758420K), 0.0026980 secs] [Times: user=0.02 sys=0.00, real=0.00 secs] 
208.852: Total time for which application threads were stopped: 0.0043890 seconds, Stopping threads took: 0.0016260 seconds
208.882: Application time: 0.0302910 seconds
208.884: [GC208.884: [ParNew: 37567K->4158K(37568K), 0.0028180 secs] 535970K->505613K(758420K), 0.0028640 secs] [Times: user=0.02 sys=0.00, real=0.01 secs] 
208.887: Total time for which application threads were stopped: 0.0048290 seconds, Stopping threads took: 0.0018960 seconds
208.919: Application time: 0.0314830 seconds
208.922: [GC208.922: [ParNew: 37566K->4159K(37568K), 0.0028430 secs] 539021K->508739K(758420K), 0.0028880 secs] [Times: user=0.02 sys=0.00, real=0.00 secs] 
208.925: Total time for which application threads were stopped: 0.0058660 seconds, Stopping threads took: 0.0029130 seconds
208.956: Application time: 0.0316910 seconds
208.958: [GC208.958: [ParNew: 37567K->4158K(37568K), 0.0029090 secs] 542147K->511825K(758420K), 0.0029510 secs] [Times: user=0.02 sys=0.00, real=0.00 secs] 
208.961: Total time for which application threads were stopped: 0.0050360 seconds, Stopping threads took: 0.0020190 seconds
208.996: Application time: 0.0342880 seconds
208.997: [GC208.997: [ParNew: 37566K->4159K(37568K), 0.0028280 secs] 545233K->514807K(758420K), 0.0028730 secs] [Times: user=0.02 sys=0.00, real=0.00 secs] 
209.000: Total time for which application threads were stopped: 0.0043100 seconds, Stopping threads took: 0.0013630 seconds
209.033: Application time: 0.0326740 seconds
209.033: [GC209.033: [ParNew: 37567K->4158K(37568K), 0.0022090 secs] 548215K->515546K(758420K), 0.0022530 secs] [Times: user=0.01 sys=0.00, real=0.01 secs] 
209.035: Total time for which application threads were stopped: 0.0028530 seconds, Stopping threads took: 0.0005320 seconds
209.067: Application time: 0.0319990 seconds
209.070: [GC209.070: [ParNew: 37565K->4158K(37568K), 0.0024310 secs] 548954K->517155K(758420K), 0.0024770 secs] [Times: user=0.01 sys=0.00, real=0.00 secs] 
209.073: Total time for which application threads were stopped: 0.0053080 seconds, Stopping threads took: 0.0027650 seconds
209.104: Application time: 0.0312620 seconds
209.106: [GC209.106: [ParNew: 37564K->4159K(37568K), 0.0022170 secs] 550561K->518093K(758420K), 0.0022620 secs] [Times: user=0.02 sys=0.00, real=0.01 secs] 
209.109: Total time for which application threads were stopped: 0.0047050 seconds, Stopping threads took: 0.0023760 seconds
209.140: Application time: 0.0309070 seconds
209.143: [GC209.143: [ParNew: 37567K->4158K(37568K), 0.0027590 secs] 551501K->520895K(758420K), 0.0028020 secs] [Times: user=0.02 sys=0.00, real=0.00 secs] 
209.146: Total time for which application threads were stopped: 0.0061310 seconds, Stopping threads took: 0.0032640 seconds
209.177: Application time: 0.0309160 seconds
209.180: [GC209.180: [ParNew: 37566K->4159K(37568K), 0.0028600 secs] 554303K->524030K(758420K), 0.0029220 secs] [Times: user=0.02 sys=0.00, real=0.00 secs] 
209.183: Total time for which application threads were stopped: 0.0060160 seconds, Stopping threads took: 0.0030270 seconds
209.213: Application time: 0.0305600 seconds
209.215: [GC209.215: [ParNew: 37567K->4158K(37568K), 0.0028770 secs] 557438K->527092K(758420K), 0.0029200 secs] [Times: user=0.02 sys=0.00, real=0.00 secs] 
209.218: Total time for which application threads were stopped: 0.0049830 seconds, Stopping threads took: 0.0019940 seconds
209.250: Application time: 0.0319630 seconds
209.252: [GC209.252: [ParNew: 37566K->4159K(37568K), 0.0025360 secs] 560500K->529050K(758420K), 0.0025810 secs] [Times: user=0.02 sys=0.00, real=0.01 secs] 
209.255: Total time for which application threads were stopped: 0.0049210 seconds, Stopping threads took: 0.0022790 seconds
209.286: Application time: 0.0308220 seconds
209.288: [GC209.288: [ParNew: 37567K->4159K(37568K), 0.0027490 secs] 562458K->531927K(758420K), 0.0027930 secs] [Times: user=0.02 sys=0.00, real=0.00 secs] 
209.291: Total time for which application threads were stopped: 0.0047190 seconds, Stopping threads took: 0.0018520 seconds
209.321: Application time: 0.0300450 seconds
209.322: [GC209.322: [ParNew: 37567K->4159K(37568K), 0.0027510 secs] 565335K->534595K(758420K), 0.0027950 secs] [Times: user=0.02 sys=0.00, real=0.00 secs] 
209.325: Total time for which application threads were stopped: 0.0043680 seconds, Stopping threads took: 0.0015060 seconds
209.357: Application time: 0.0320370 seconds
209.360: [GC209.360: [ParNew: 37567K->4158K(37568K), 0.0026830 secs] 568003K->537250K(758420K), 0.0027280 secs] [Times: user=0.02 sys=0.00, real=0.00 secs] 
209.363: Total time for which application threads were stopped: 0.0061520 seconds, Stopping threads took: 0.0033560 seconds
209.393: Application time: 0.0300060 seconds
209.396: [GC209.396: [ParNew: 37566K->4158K(37568K), 0.0026440 secs] 570658K->539745K(758420K), 0.0026880 secs] [Times: user=0.02 sys=0.00, real=0.00 secs] 
209.398: Total time for which application threads were stopped: 0.0051640 seconds, Stopping threads took: 0.0024090 seconds
209.427: Application time: 0.0288480 seconds
209.429: [GC209.429: [ParNew: 37566K->4158K(37568K), 0.0026640 secs] 573153K->542152K(758420K), 0.0027080 secs] [Times: user=0.02 sys=0.00, real=0.00 secs] 
209.431: Total time for which application threads were stopped: 0.0041810 seconds, Stopping threads took: 0.0014090 seconds
209.461: Application time: 0.0295250 seconds
209.463: [GC209.463: [ParNew: 37565K->4159K(37568K), 0.0027730 secs] 575558K->544858K(758420K), 0.0028160 secs] [Times: user=0.02 sys=0.00, real=0.00 secs] 
209.465: Total time for which application threads were stopped: 0.0044860 seconds, Stopping threads took: 0.0015980 seconds
209.494: Application time: 0.0286250 seconds
209.497: [GC209.497: [ParNew: 37567K->4159K(37568K), 0.0029000 secs] 578266K->547983K(758420K), 0.0029440 secs] [Times: user=0.02 sys=0.00, real=0.00 secs] 
209.500: Total time for which application threads were stopped: 0.0055970 seconds, Stopping threads took: 0.0025900 seconds
209.527: Application time: 0.0272030 seconds
209.529: [GC209.529: [ParNew: 37567K->4159K(37568K), 0.0027910 secs] 581391K->551011K(758420K), 0.0028350 secs] [Times: user=0.02 sys=0.00, real=0.00 secs] 
209.531: Total time for which application threads were stopped: 0.0045050 seconds, Stopping threads took: 0.0015970 seconds
209.562: Application time: 0.0304350 seconds
209.565: [GC209.565: [ParNew: 37567K->4159K(37568K), 0.0024710 secs] 584419K->552937K(758420K), 0.0025140 secs] [Times: user=0.01 sys=0.00, real=0.01 secs] 
209.567: Total time for which application threads were stopped: 0.0055310 seconds, Stopping threads took: 0.0029510 seconds
209.597: Application time: 0.0291860 seconds
209.598: [GC209.598: [ParNew: 37567K->4158K(37568K), 0.0023680 secs] 586345K->554719K(758420K), 0.0024120 secs] [Times: user=0.02 sys=0.00, real=0.00 secs] 
209.601: Total time for which application threads were stopped: 0.0041540 seconds, Stopping threads took: 0.0016690 seconds
209.630: Application time: 0.0294650 seconds
209.632: [GC209.632: [ParNew: 37566K->4158K(37568K), 0.0022520 secs] 588127K->555857K(758420K), 0.0022950 secs] [Times: user=0.01 sys=0.00, real=0.00 secs] 
209.634: Total time for which application threads were stopped: 0.0037560 seconds, Stopping threads took: 0.0013980 seconds
209.662: Application time: 0.0276130 seconds
209.664: [GC209.664: [ParNew: 37566K->4159K(37568K), 0.0030030 secs] 589265K->559330K(758420K), 0.0030480 secs] [Times: user=0.02 sys=0.00, real=0.01 secs] 
209.667: Total time for which application threads were stopped: 0.0057190 seconds, Stopping threads took: 0.0025840 seconds
209.696: Application time: 0.0292260 seconds
209.698: [GC209.698: [ParNew: 37567K->4158K(37568K), 0.0029420 secs] 592738K->562688K(758420K), 0.0029880 secs] [Times: user=0.02 sys=0.00, real=0.00 secs] 
209.701: Total time for which application threads were stopped: 0.0050020 seconds, Stopping threads took: 0.0019490 seconds
209.730: Application time: 0.0284770 seconds
209.732: [GC209.732: [ParNew: 37566K->4159K(37568K), 0.0043560 secs] 596096K->565875K(758420K), 0.0044040 secs] [Times: user=0.02 sys=0.00, real=0.01 secs] 
209.736: Total time for which application threads were stopped: 0.0064280 seconds, Stopping threads took: 0.0019600 seconds
209.766: Application time: 0.0293890 seconds
209.767: [GC209.767: [ParNew: 37567K->4158K(37568K), 0.0025000 secs] 599283K->567550K(758420K), 0.0025420 secs] [Times: user=0.01 sys=0.00, real=0.00 secs] 
209.770: Total time for which application threads were stopped: 0.0041790 seconds, Stopping threads took: 0.0015710 seconds
209.799: Application time: 0.0295270 seconds
209.801: [GC209.801: [ParNew: 37566K->4159K(37568K), 0.0025730 secs] 600958K->569582K(758420K), 0.0026160 secs] [Times: user=0.01 sys=0.00, real=0.00 secs] 
209.804: Total time for which application threads were stopped: 0.0045600 seconds, Stopping threads took: 0.0018800 seconds
209.833: Application time: 0.0294010 seconds
209.836: [GC209.836: [ParNew: 37567K->4159K(37568K), 0.0027980 secs] 602990K->572498K(758420K), 0.0028440 secs] [Times: user=0.02 sys=0.00, real=0.00 secs] 
209.839: Total time for which application threads were stopped: 0.0057550 seconds, Stopping threads took: 0.0028480 seconds
209.870: Application time: 0.0304170 seconds
209.871: [GC209.871: [ParNew: 37567K->4158K(37568K), 0.0020590 secs] 605906K->572741K(758420K), 0.0021030 secs] [Times: user=0.01 sys=0.01, real=0.00 secs] 
209.873: Total time for which application threads were stopped: 0.0030390 seconds, Stopping threads took: 0.0008710 seconds
209.903: Application time: 0.0298700 seconds
209.905: [GC209.905: [ParNew: 37566K->4158K(37568K), 0.0025820 secs] 606149K->574793K(758420K), 0.0026270 secs] [Times: user=0.02 sys=0.00, real=0.01 secs] 
209.908: Total time for which application threads were stopped: 0.0052530 seconds, Stopping threads took: 0.0025680 seconds
209.937: Application time: 0.0295150 seconds
209.940: [GC209.940: [ParNew: 37566K->4159K(37568K), 0.0029260 secs] 608201K->578198K(758420K), 0.0029700 secs] [Times: user=0.02 sys=0.00, real=0.00 secs] 
209.943: Total time for which application threads were stopped: 0.0056800 seconds, Stopping threads took: 0.0026460 seconds
209.973: Application time: 0.0300090 seconds
209.976: [GC209.976: [ParNew: 37566K->4159K(37568K), 0.0023260 secs] 611605K->579573K(758420K), 0.0023670 secs] [Times: user=0.01 sys=0.00, real=0.00 secs] 
209.978: Total time for which application threads were stopped: 0.0052790 seconds, Stopping threads took: 0.0028470 seconds
210.007: Application time: 0.0288000 seconds
210.010: [GC210.010: [ParNew: 37567K->4159K(37568K), 0.0026010 secs] 612981K->581918K(758420K), 0.0026450 secs] [Times: user=0.02 sys=0.00, real=0.00 secs] 
210.012: Total time for which application threads were stopped: 0.0050990 seconds, Stopping threads took: 0.0023890 seconds
210.042: Application time: 0.0297940 seconds
210.045: [GC210.045: [ParNew: 37567K->4158K(37568K), 0.0020540 secs] 615326K->582270K(758420K), 0.0021050 secs] [Times: user=0.02 sys=0.00, real=0.01 secs] 
210.047: Total time for which application threads were stopped: 0.0049630 seconds, Stopping threads took: 0.0027860 seconds
210.076: Application time: 0.0293880 seconds
210.078: [GC210.078: [ParNew: 37566K->4158K(37568K), 0.0025570 secs] 615678K->584422K(758420K), 0.0026010 secs] [Times: user=0.01 sys=0.00, real=0.00 secs] 
210.081: Total time for which application threads were stopped: 0.0043580 seconds, Stopping threads took: 0.0016680 seconds
210.109: Application time: 0.0278700 seconds
210.111: [GC210.111: [ParNew: 37564K->4159K(37568K), 0.0028750 secs] 617828K->587553K(758420K), 0.0029190 secs] [Times: user=0.02 sys=0.00, real=0.00 secs] 
210.114: Total time for which application threads were stopped: 0.0052410 seconds, Stopping threads took: 0.0022550 seconds
210.143: Application time: 0.0293880 seconds
210.145: [GC210.145: [ParNew: 37566K->4158K(37568K), 0.0027920 secs] 620960K->590441K(758420K), 0.0028340 secs] [Times: user=0.02 sys=0.00, real=0.01 secs] 
210.148: Total time for which application threads were stopped: 0.0051340 seconds, Stopping threads took: 0.0022330 seconds
210.177: Application time: 0.0283020 seconds
210.179: [GC210.179: [ParNew: 37566K->4158K(37568K), 0.0027860 secs] 623848K->593188K(758420K), 0.0028310 secs] [Times: user=0.02 sys=0.00, real=0.00 secs] 
210.182: Total time for which application threads were stopped: 0.0051430 seconds, Stopping threads took: 0.0022470 seconds
210.212: Application time: 0.0299740 seconds
210.213: [GC210.213: [ParNew: 37566K->4159K(37568K), 0.0018730 secs] 626596K->593226K(758420K), 0.0019150 secs] [Times: user=0.02 sys=0.00, real=0.01 secs] 
210.215: Total time for which application threads were stopped: 0.0034410 seconds, Stopping threads took: 0.0014600 seconds
210.244: Application time: 0.0291100 seconds
210.247: [GC210.247: [ParNew: 37567K->4159K(37568K), 0.0022990 secs] 626634K->594703K(758420K), 0.0023470 secs] [Times: user=0.01 sys=0.00, real=0.01 secs] 
210.249: Total time for which application threads were stopped: 0.0045700 seconds, Stopping threads took: 0.0021590 seconds
210.278: Application time: 0.0287890 seconds
210.279: [GC210.279: [ParNew: 37567K->4158K(37568K), 0.0028850 secs] 628111K->597896K(758420K), 0.0029300 secs] [Times: user=0.02 sys=0.00, real=0.00 secs] 
210.282: Total time for which application threads were stopped: 0.0045620 seconds, Stopping threads took: 0.0015660 seconds
210.312: Application time: 0.0301200 seconds
210.314: [GC210.314: [ParNew: 37566K->4159K(37568K), 0.0021760 secs] 631304K->598951K(758420K), 0.0022200 secs] [Times: user=0.02 sys=0.00, real=0.01 secs] 
210.316: Total time for which application threads were stopped: 0.0038550 seconds, Stopping threads took: 0.0015690 seconds
210.346: Application time: 0.0296930 seconds
210.348: [GC210.348: [ParNew: 37566K->4158K(37568K), 0.0022210 secs] 632358K->599574K(758420K), 0.0022660 secs] [Times: user=0.02 sys=0.00, real=0.00 secs] 
210.350: Total time for which application threads were stopped: 0.0038940 seconds, Stopping threads took: 0.0015410 seconds
210.380: Application time: 0.0301460 seconds
210.381: [GC210.381: [ParNew: 37566K->4159K(37568K), 0.0021660 secs] 632982K->600503K(758420K), 0.0022120 secs] [Times: user=0.01 sys=0.00, real=0.00 secs] 
210.384: Total time for which application threads were stopped: 0.0036360 seconds, Stopping threads took: 0.0013600 seconds
210.414: Application time: 0.0305840 seconds
210.416: [GC210.416: [ParNew: 37567K->4158K(37568K), 0.0019900 secs] 633911K->600836K(758420K), 0.0020320 secs] [Times: user=0.02 sys=0.00, real=0.00 secs] 
210.418: Total time for which application threads were stopped: 0.0037210 seconds, Stopping threads took: 0.0016240 seconds
210.447: Application time: 0.0293210 seconds
210.450: [GC210.450: [ParNew: 37566K->4158K(37568K), 0.0027270 secs] 634244K->603511K(758420K), 0.0027710 secs] [Times: user=0.02 sys=0.00, real=0.00 secs] 
210.453: Total time for which application threads were stopped: 0.0057030 seconds, Stopping threads took: 0.0028580 seconds
210.482: Application time: 0.0293410 seconds
210.484: [GC210.484: [ParNew: 37566K->4159K(37568K), 0.0020360 secs] 636919K->604218K(758420K), 0.0020770 secs] [Times: user=0.01 sys=0.00, real=0.00 secs] 
210.486: Total time for which application threads were stopped: 0.0036350 seconds, Stopping threads took: 0.0014940 seconds
210.515: Application time: 0.0292480 seconds
210.517: [GC210.517: [ParNew: 37567K->4158K(37568K), 0.0020680 secs] 637626K->604833K(758420K), 0.0021120 secs] [Times: user=0.02 sys=0.00, real=0.00 secs] 
210.519: Total time for which application threads were stopped: 0.0041020 seconds, Stopping threads took: 0.0019250 seconds
210.549: Application time: 0.0298810 seconds
210.552: [GC210.552: [ParNew: 37566K->4159K(37568K), 0.0021710 secs] 638241K->605912K(758420K), 0.0022150 secs] [Times: user=0.02 sys=0.00, real=0.00 secs] 
210.554: Total time for which application threads were stopped: 0.0052950 seconds, Stopping threads took: 0.0030050 seconds
210.584: Application time: 0.0292080 seconds
210.587: [GC210.587: [ParNew: 37567K->4158K(37568K), 0.0026670 secs] 639320K->608392K(758420K), 0.0027160 secs] [Times: user=0.02 sys=0.00, real=0.01 secs] 
210.589: Total time for which application threads were stopped: 0.0056450 seconds, Stopping threads took: 0.0028650 seconds
210.618: Application time: 0.0286420 seconds
210.621: [GC210.621: [ParNew: 37566K->4158K(37568K), 0.0025830 secs] 641800K->610677K(758420K), 0.0026260 secs] [Times: user=0.02 sys=0.01, real=0.00 secs] 
210.623: Total time for which application threads were stopped: 0.0054290 seconds, Stopping threads took: 0.0027370 seconds
210.652: Application time: 0.0290210 seconds
210.654: [GC210.654: [ParNew: 37565K->4159K(37568K), 0.0025490 secs] 644085K->612769K(758420K), 0.0025920 secs] [Times: user=0.02 sys=0.00, real=0.01 secs] 
210.657: Total time for which application threads were stopped: 0.0042630 seconds, Stopping threads took: 0.0016060 seconds
210.686: Application time: 0.0290990 seconds
210.687: [GC210.687: [ParNew: 37567K->4158K(37568K), 0.0024050 secs] 646177K->614757K(758420K), 0.0024480 secs] [Times: user=0.02 sys=0.00, real=0.00 secs] 
210.690: Total time for which application threads were stopped: 0.0037640 seconds, Stopping threads took: 0.0012540 seconds
210.719: Application time: 0.0294030 seconds
210.721: [GC210.721: [ParNew: 37566K->4159K(37568K), 0.0023100 secs] 648165K->615830K(758420K), 0.0023580 secs] [Times: user=0.01 sys=0.00, real=0.00 secs] 
210.723: Total time for which application threads were stopped: 0.0039610 seconds, Stopping threads took: 0.0015380 seconds
210.751: Application time: 0.0285240 seconds
210.754: [GC210.754: [ParNew: 37567K->4159K(37568K), 0.0025330 secs] 649238K->617684K(758420K), 0.0025800 secs] [Times: user=0.02 sys=0.00, real=0.01 secs] 
210.756: Total time for which application threads were stopped: 0.0047990 seconds, Stopping threads took: 0.0021320 seconds
210.786: Application time: 0.0293780 seconds
210.787: [GC210.787: [ParNew: 37567K->4159K(37568K), 0.0026180 secs] 651092K->620039K(758420K), 0.0026630 secs] [Times: user=0.02 sys=0.00, real=0.00 secs] 
210.789: Total time for which application threads were stopped: 0.0038700 seconds, Stopping threads took: 0.0011400 seconds
210.818: Application time: 0.0283580 seconds
210.820: [GC210.820: [ParNew: 37567K->4158K(37568K), 0.0030750 secs] 653447K->623811K(758420K), 0.0031190 secs] [Times: user=0.02 sys=0.00, real=0.00 secs] 
210.823: Total time for which application threads were stopped: 0.0051360 seconds, Stopping threads took: 0.0019510 seconds
210.852: Application time: 0.0290280 seconds
210.853: [GC210.853: [ParNew: 37566K->4158K(37568K), 0.0028270 secs] 657219K->626410K(758420K), 0.0028710 secs] [Times: user=0.02 sys=0.00, real=0.01 secs] 
210.856: Total time for which application threads were stopped: 0.0043540 seconds, Stopping threads took: 0.0014180 seconds
210.888: Application time: 0.0313800 seconds
210.889: [GC210.889: [ParNew: 37566K->4159K(37568K), 0.0029730 secs] 659818K->629905K(758420K), 0.0030230 secs] [Times: user=0.02 sys=0.00, real=0.00 secs] 
210.893: Total time for which application threads were stopped: 0.0047610 seconds, Stopping threads took: 0.0016730 seconds
210.922: Application time: 0.0296680 seconds
210.924: [GC210.924: [ParNew: 37567K->4159K(37568K), 0.0025830 secs] 663313K->632260K(758420K), 0.0026260 secs] [Times: user=0.02 sys=0.00, real=0.00 secs] 
210.927: Total time for which application threads were stopped: 0.0043170 seconds, Stopping threads took: 0.0016250 seconds
210.956: Application time: 0.0296040 seconds
210.958: [GC210.958: [ParNew: 37567K->4159K(37568K), 0.0021680 secs] 665668K->632945K(758420K), 0.0022130 secs] [Times: user=0.02 sys=0.00, real=0.00 secs] 
210.960: Total time for which application threads were stopped: 0.0041150 seconds, Stopping threads took: 0.0018410 seconds
210.990: Application time: 0.0295320 seconds
210.992: [GC210.992: [ParNew: 37567K->4159K(37568K), 0.0028160 secs] 666353K->635905K(758420K), 0.0028580 secs] [Times: user=0.01 sys=0.01, real=0.01 secs] 
210.995: Total time for which application threads were stopped: 0.0052240 seconds, Stopping threads took: 0.0023010 seconds
211.025: Application time: 0.0297890 seconds
211.026: [GC211.026: [ParNew: 37567K->4158K(37568K), 0.0024520 secs] 669313K->637790K(758420K), 0.0024980 secs] [Times: user=0.02 sys=0.00, real=0.01 secs] 
211.029: Total time for which application threads were stopped: 0.0040240 seconds, Stopping threads took: 0.0014600 seconds
 CMS: abort preclean due to time 211.031: [CMS-concurrent-abortable-preclean: 0.683/5.015 secs] [Times: user=37.63 sys=0.20, real=5.01 secs] 
211.031: Application time: 0.0026190 seconds
211.036: [GC[YG occupancy: 9275 K (37568 K)]211.036: [Rescan (parallel) , 0.0003610 secs]211.036: [weak refs processing, 0.0000070 secs]211.036: [scrub string table, 0.0001080 secs] [1 CMS-remark: 633632K(720852K)] 642908K(758420K), 0.0005020 secs] [Times: user=0.00 sys=0.00, real=0.00 secs] 
211.036: Total time for which application threads were stopped: 0.0046510 seconds, Stopping threads took: 0.0041200 seconds
211.036: [CMS-concurrent-sweep-start]
211.063: Application time: 0.0267450 seconds
211.065: [GC211.065: [ParNew: 37566K->4159K(37568K), 0.0024990 secs] 467678K->436475K(758420K), 0.0025440 secs] [Times: user=0.02 sys=0.00, real=0.01 secs] 
211.068: Total time for which application threads were stopped: 0.0048430 seconds, Stopping threads took: 0.0022250 seconds
211.074: [CMS-concurrent-sweep: 0.033/0.038 secs] [Times: user=0.27 sys=0.00, real=0.03 secs] 
211.074: [CMS-concurrent-reset-start]
211.078: [CMS-concurrent-reset: 0.003/0.003 secs] [Times: user=0.03 sys=0.00, real=0.01 secs] 
211.099: Application time: 0.0312080 seconds
211.101: [GC211.101: [ParNew: 37567K->4158K(37568K), 0.0029620 secs] 353443K->323654K(758420K), 0.0030070 secs] [Times: user=0.02 sys=0.00, real=0.00 secs] 
211.104: Total time for which application threads were stopped: 0.0051420 seconds, Stopping threads took: 0.0020700 seconds
211.104: Application time: 0.0001100 seconds
211.107: [GC [1 CMS-initial-mark: 319495K(720852K)] 324098K(758420K), 0.0001810 secs] [Times: user=0.00 sys=0.00, real=0.00 secs] 
211.107: Total time for which application threads were stopped: 0.0027360 seconds, Stopping threads took: 0.0025320 seconds
211.107: [CMS-concurrent-mark-start]
211.113: [CMS-concurrent-mark: 0.006/0.006 secs] [Times: user=0.03 sys=0.00, real=0.00 secs] 
211.113: [CMS-concurrent-preclean-start]
211.114: [CMS-concurrent-preclean: 0.001/0.001 secs] [Times: user=0.01 sys=0.00, real=0.00 secs] 
211.114: [CMS-concurrent-abortable-preclean-start]
211.138: Application time: 0.0306640 seconds
211.139: [GC211.139: [ParNew: 37566K->4159K(37568K), 0.0024830 secs] 357062K->325694K(758420K), 0.0025240 secs] [Times: user=0.02 sys=0.00, real=0.00 secs] 
211.142: Total time for which application threads were stopped: 0.0042890 seconds, Stopping threads took: 0.0017000 seconds
211.172: Application time: 0.0298950 seconds
211.173: [GC211.173: [ParNew: 37567K->4158K(37568K), 0.0023010 secs] 359102K->327099K(758420K), 0.0023540 secs] [Times: user=0.02 sys=0.00, real=0.01 secs] 
211.175: Total time for which application threads were stopped: 0.0034730 seconds, Stopping threads took: 0.0010520 seconds
211.206: Application time: 0.0303070 seconds
211.208: [GC211.208: [ParNew: 37566K->4159K(37568K), 0.0024340 secs] 360507K->328929K(758420K), 0.0024780 secs] [Times: user=0.01 sys=0.00, real=0.00 secs] 
211.211: Total time for which application threads were stopped: 0.0052470 seconds, Stopping threads took: 0.0027110 seconds
211.241: Application time: 0.0298040 seconds
211.242: [GC211.242: [ParNew: 37567K->4159K(37568K), 0.0020890 secs] 362337K->329792K(758420K), 0.0021340 secs] [Times: user=0.02 sys=0.00, real=0.00 secs] 
211.244: Total time for which application threads were stopped: 0.0036940 seconds, Stopping threads took: 0.0014940 seconds
211.273: Application time: 0.0283890 seconds
211.275: [GC211.275: [ParNew: 37567K->4158K(37568K), 0.0022940 secs] 363200K->331193K(758420K), 0.0023350 secs] [Times: user=0.02 sys=0.00, real=0.00 secs] 
211.277: Total time for which application threads were stopped: 0.0046210 seconds, Stopping threads took: 0.0022110 seconds
211.306: Application time: 0.0284330 seconds
211.308: [GC211.308: [ParNew: 37566K->4159K(37568K), 0.0025640 secs] 364601K->333572K(758420K), 0.0026070 secs] [Times: user=0.02 sys=0.00, real=0.00 secs] 
211.310: Total time for which application threads were stopped: 0.0044890 seconds, Stopping threads took: 0.0018000 seconds
211.339: Application time: 0.0292930 seconds
211.342: [GC211.342: [ParNew: 37567K->4158K(37568K), 0.0024410 secs] 366980K->335369K(758420K), 0.0024820 secs] [Times: user=0.02 sys=0.00, real=0.00 secs] 
211.345: Total time for which application threads were stopped: 0.0050310 seconds, Stopping threads took: 0.0024820 seconds
211.375: Application time: 0.0301820 seconds
211.376: [GC211.376: [ParNew: 37566K->4159K(37568K), 0.0021720 secs] 368777K->336621K(758420K), 0.0022210 secs] [Times: user=0.02 sys=0.00, real=0.00 secs] 
211.379: Total time for which application threads were stopped: 0.0039090 seconds, Stopping threads took: 0.0016200 seconds
211.408: Application time: 0.0293130 seconds
211.410: [GC211.410: [ParNew: 37567K->4158K(37568K), 0.0024450 secs] 370029K->338779K(758420K), 0.0024860 secs] [Times: user=0.02 sys=0.00, real=0.00 secs] 
211.413: Total time for which application threads were stopped: 0.0046170 seconds, Stopping threads took: 0.0020700 seconds
211.442: Application time: 0.0294160 seconds
211.444: [GC211.444: [ParNew: 37566K->4159K(37568K), 0.0024930 secs] 372187K->340889K(758420K), 0.0025360 secs] [Times: user=0.01 sys=0.01, real=0.01 secs] 
211.447: Total time for which application threads were stopped: 0.0047770 seconds, Stopping threads took: 0.0021760 seconds
211.477: Application time: 0.0304790 seconds
211.480: [GC211.480: [ParNew: 37567K->4158K(37568K), 0.0021540 secs] 374297K->341847K(758420K), 0.0021980 secs] [Times: user=0.01 sys=0.00, real=0.00 secs] 
211.482: Total time for which application threads were stopped: 0.0045320 seconds, Stopping threads took: 0.0022670 seconds
211.511: Application time: 0.0296260 seconds
211.512: [GC211.512: [ParNew: 37566K->4158K(37568K), 0.0021540 secs] 375255K->342691K(758420K), 0.0021980 secs] [Times: user=0.02 sys=0.00, real=0.00 secs] 
211.514: Total time for which application threads were stopped: 0.0029980 seconds, Stopping threads took: 0.0007350 seconds
211.545: Application time: 0.0302140 seconds
211.548: [GC211.548: [ParNew: 37566K->4158K(37568K), 0.0023590 secs] 376099K->344312K(758420K), 0.0024010 secs] [Times: user=0.01 sys=0.00, real=0.00 secs] 
211.550: Total time for which application threads were stopped: 0.0053790 seconds, Stopping threads took: 0.0029130 seconds
211.580: Application time: 0.0302720 seconds
211.581: [GC211.581: [ParNew: 37566K->4158K(37568K), 0.0026300 secs] 377720K->346737K(758420K), 0.0026750 secs] [Times: user=0.02 sys=0.00, real=0.00 secs] 
211.584: Total time for which application threads were stopped: 0.0033850 seconds, Stopping threads took: 0.0006350 seconds
211.612: Application time: 0.0285770 seconds
211.614: [GC211.614: [ParNew: 37566K->4159K(37568K), 0.0027150 secs] 380145K->349571K(758420K), 0.0027640 secs] [Times: user=0.02 sys=0.00, real=0.01 secs] 
211.617: Total time for which application threads were stopped: 0.0044070 seconds, Stopping threads took: 0.0015790 seconds
211.645: Application time: 0.0284770 seconds
211.647: [GC211.647: [ParNew: 37566K->4159K(37568K), 0.0026400 secs] 382978K->352255K(758420K), 0.0026840 secs] [Times: user=0.02 sys=0.00, real=0.00 secs] 
211.650: Total time for which application threads were stopped: 0.0045960 seconds, Stopping threads took: 0.0018450 seconds
211.677: Application time: 0.0275640 seconds
211.679: [GC211.680: [ParNew: 37567K->4158K(37568K), 0.0028210 secs] 385663K->355313K(758420K), 0.0028640 secs] [Times: user=0.02 sys=0.00, real=0.00 secs] 
211.682: Total time for which application threads were stopped: 0.0050890 seconds, Stopping threads took: 0.0021590 seconds
211.712: Application time: 0.0294420 seconds
211.715: [GC211.715: [ParNew: 37566K->4159K(37568K), 0.0026990 secs] 388721K->358205K(758420K), 0.0027390 secs] [Times: user=0.02 sys=0.00, real=0.00 secs] 
211.718: Total time for which application threads were stopped: 0.0058390 seconds, Stopping threads took: 0.0030360 seconds
211.746: Application time: 0.0286970 seconds
211.748: [GC211.748: [ParNew: 37567K->4159K(37568K), 0.0024400 secs] 391613K->360089K(758420K), 0.0024870 secs] [Times: user=0.02 sys=0.01, real=0.00 secs] 
211.751: Total time for which application threads were stopped: 0.0041970 seconds, Stopping threads took: 0.0016440 seconds
211.780: Application time: 0.0291760 seconds
211.782: [GC211.782: [ParNew: 37567K->4159K(37568K), 0.0026690 secs] 393497K->362845K(758420K), 0.0027150 secs] [Times: user=0.02 sys=0.00, real=0.00 secs] 
211.785: Total time for which application threads were stopped: 0.0047800 seconds, Stopping threads took: 0.0020000 seconds
211.813: Application time: 0.0284920 seconds
211.815: [GC211.815: [ParNew: 37567K->4158K(37568K), 0.0026720 secs] 396253K->365493K(758420K), 0.0027130 secs] [Times: user=0.01 sys=0.00, real=0.00 secs] 
211.818: Total time for which application threads were stopped: 0.0049220 seconds, Stopping threads took: 0.0021440 seconds
211.847: Application time: 0.0291330 seconds
211.849: [GC211.849: [ParNew: 37566K->4158K(37568K), 0.0026570 secs] 398900K->368024K(758420K), 0.0027020 secs] [Times: user=0.02 sys=0.00, real=0.00 secs] 
211.852: Total time for which application threads were stopped: 0.0047910 seconds, Stopping threads took: 0.0020240 seconds
211.881: Application time: 0.0295650 seconds
211.883: [GC211.883: [ParNew: 37564K->4158K(37568K), 0.0024920 secs] 401431K->370011K(758420K), 0.0025360 secs] [Times: user=0.02 sys=0.00, real=0.00 secs] 
211.886: Total time for which application threads were stopped: 0.0045040 seconds, Stopping threads took: 0.0019030 seconds
211.915: Application time: 0.0288920 seconds
211.917: [GC211.917: [ParNew: 37566K->4159K(37568K), 0.0025830 secs] 403419K->372384K(758420K), 0.0026300 secs] [Times: user=0.02 sys=0.00, real=0.00 secs] 
211.919: Total time for which application threads were stopped: 0.0043260 seconds, Stopping threads took: 0.0016290 seconds
211.949: Application time: 0.0298350 seconds
211.951: [GC211.951: [ParNew: 37567K->4159K(37568K), 0.0023840 secs] 405792K->374170K(758420K), 0.0024280 secs] [Times: user=0.02 sys=0.00, real=0.00 secs] 
211.953: Total time for which application threads were stopped: 0.0041050 seconds, Stopping threads took: 0.0016110 seconds
211.982: Application time: 0.0293460 seconds
211.984: [GC211.984: [ParNew: 37567K->4158K(37568K), 0.0022980 secs] 407578K->375544K(758420K), 0.0023410 secs] [Times: user=0.01 sys=0.00, real=0.00 secs] 
211.986: Total time for which application threads were stopped: 0.0037460 seconds, Stopping threads took: 0.0013420 seconds
212.016: Application time: 0.0300060 seconds
212.018: [GC212.018: [ParNew: 37566K->4158K(37568K), 0.0023930 secs] 408952K->377202K(758420K), 0.0024350 secs] [Times: user=0.01 sys=0.00, real=0.00 secs] 
212.021: Total time for which application threads were stopped: 0.0045720 seconds, Stopping threads took: 0.0020730 seconds
212.050: Application time: 0.0287890 seconds
212.051: [GC212.051: [ParNew: 37566K->4159K(37568K), 0.0024800 secs] 410610K->379208K(758420K), 0.0025260 secs] [Times: user=0.02 sys=0.00, real=0.00 secs] 
212.053: Total time for which application threads were stopped: 0.0038510 seconds, Stopping threads took: 0.0012580 seconds
212.083: Application time: 0.0291380 seconds
212.084: [GC212.084: [ParNew: 37567K->4159K(37568K), 0.0024800 secs] 412616K->381126K(758420K), 0.0025220 secs] [Times: user=0.01 sys=0.00, real=0.01 secs] 
212.087: Total time for which application threads were stopped: 0.0041690 seconds, Stopping threads took: 0.0015750 seconds
212.116: Application time: 0.0295710 seconds
212.118: [GC212.118: [ParNew: 37567K->4159K(37568K), 0.0024070 secs] 414534K->382896K(758420K), 0.0024480 secs] [Times: user=0.02 sys=0.00, real=0.00 secs] 
212.120: Total time for which application threads were stopped: 0.0038950 seconds, Stopping threads took: 0.0013810 seconds
212.150: Application time: 0.0295740 seconds
212.153: [GC212.153: [ParNew: 37566K->4159K(37568K), 0.0026760 secs] 416304K->385692K(758420K), 0.0027210 secs] [Times: user=0.02 sys=0.00, real=0.01 secs] 
212.156: Total time for which application threads were stopped: 0.0058120 seconds, Stopping threads took: 0.0030250 seconds
212.185: Application time: 0.0294320 seconds
212.187: [GC212.187: [ParNew: 37567K->4158K(37568K), 0.0021930 secs] 419100K->386852K(758420K), 0.0022350 secs] [Times: user=0.02 sys=0.00, real=0.00 secs] 
212.189: Total time for which application threads were stopped: 0.0043510 seconds, Stopping threads took: 0.0020520 seconds
212.218: Application time: 0.0287220 seconds
212.220: [GC212.220: [ParNew: 37566K->4159K(37568K), 0.0029120 secs] 420260K->390281K(758420K), 0.0029560 secs] [Times: user=0.01 sys=0.01, real=0.00 secs] 
212.223: Total time for which application threads were stopped: 0.0050850 seconds, Stopping threads took: 0.0020630 seconds
212.253: Application time: 0.0302070 seconds
212.254: [GC212.254: [ParNew: 37567K->4158K(37568K), 0.0028760 secs] 423689K->393524K(758420K), 0.0029210 secs] [Times: user=0.02 sys=0.00, real=0.01 secs] 
212.257: Total time for which application threads were stopped: 0.0035800 seconds, Stopping threads took: 0.0005930 seconds
212.287: Application time: 0.0295430 seconds
212.289: [GC212.289: [ParNew: 37566K->4159K(37568K), 0.0028050 secs] 426932K->396612K(758420K), 0.0028470 secs] [Times: user=0.01 sys=0.00, real=0.00 secs] 
212.292: Total time for which application threads were stopped: 0.0054030 seconds, Stopping threads took: 0.0024940 seconds
212.321: Application time: 0.0287120 seconds
212.323: [GC212.323: [ParNew: 37567K->4158K(37568K), 0.0026150 secs] 430020K->398639K(758420K), 0.0026550 secs] [Times: user=0.02 sys=0.00, real=0.00 secs] 
212.326: Total time for which application threads were stopped: 0.0049440 seconds, Stopping threads took: 0.0022150 seconds
212.355: Application time: 0.0292910 seconds
212.357: [GC212.357: [ParNew: 37566K->4159K(37568K), 0.0024210 secs] 432046K->400520K(758420K), 0.0024640 secs] [Times: user=0.01 sys=0.00, real=0.00 secs] 
212.359: Total time for which application threads were stopped: 0.0044040 seconds, Stopping threads took: 0.0018750 seconds
212.389: Application time: 0.0296510 seconds
212.391: [GC212.391: [ParNew: 37567K->4159K(37568K), 0.0024150 secs] 433928K->402383K(758420K), 0.0024580 secs] [Times: user=0.02 sys=0.00, real=0.00 secs] 
212.394: Total time for which application threads were stopped: 0.0046480 seconds, Stopping threads took: 0.0021230 seconds
212.423: Application time: 0.0293060 seconds
212.424: [GC212.424: [ParNew: 37567K->4159K(37568K), 0.0025870 secs] 435791K->404691K(758420K), 0.0026290 secs] [Times: user=0.02 sys=0.01, real=0.01 secs] 
212.427: Total time for which application threads were stopped: 0.0040590 seconds, Stopping threads took: 0.0013660 seconds
212.457: Application time: 0.0296250 seconds
212.458: [GC212.458: [ParNew: 37567K->4159K(37568K), 0.0024520 secs] 438099K->406465K(758420K), 0.0025060 secs] [Times: user=0.02 sys=0.00, real=0.00 secs] 
212.460: Total time for which application threads were stopped: 0.0038140 seconds, Stopping threads took: 0.0012390 seconds
212.490: Application time: 0.0291660 seconds
212.491: [GC212.491: [ParNew: 37567K->4159K(37568K), 0.0026590 secs] 439873K->408992K(758420K), 0.0027010 secs] [Times: user=0.02 sys=0.00, real=0.00 secs] 
212.494: Total time for which application threads were stopped: 0.0042730 seconds, Stopping threads took: 0.0015090 seconds
212.523: Application time: 0.0292920 seconds
212.525: [GC212.525: [ParNew: 37567K->4158K(37568K), 0.0029310 secs] 442400K->412418K(758420K), 0.0029760 secs] [Times: user=0.02 sys=0.00, real=0.01 secs] 
212.528: Total time for which application threads were stopped: 0.0049840 seconds, Stopping threads took: 0.0019410 seconds
212.557: Application time: 0.0287630 seconds
212.559: [GC212.559: [ParNew: 37566K->4158K(37568K), 0.0025160 secs] 445826K->414667K(758420K), 0.0025580 secs] [Times: user=0.01 sys=0.00, real=0.00 secs] 
212.562: Total time for which application threads were stopped: 0.0048410 seconds, Stopping threads took: 0.0022180 seconds
212.590: Application time: 0.0284610 seconds
212.592: [GC212.592: [ParNew: 37566K->4159K(37568K), 0.0028290 secs] 448075K->417706K(758420K), 0.0028810 secs] [Times: user=0.01 sys=0.00, real=0.01 secs] 
212.595: Total time for which application threads were stopped: 0.0044360 seconds, Stopping threads took: 0.0014810 seconds
212.625: Application time: 0.0302360 seconds
212.627: [GC212.627: [ParNew: 37565K->4159K(37568K), 0.0027590 secs] 451112K->420575K(758420K), 0.0028020 secs] [Times: user=0.01 sys=0.00, real=0.00 secs] 
212.629: Total time for which application threads were stopped: 0.0045980 seconds, Stopping threads took: 0.0017310 seconds
212.658: Application time: 0.0287840 seconds
212.660: [GC212.660: [ParNew: 37566K->4159K(37568K), 0.0026790 secs] 453982K->423179K(758420K), 0.0027220 secs] [Times: user=0.02 sys=0.00, real=0.00 secs] 
212.663: Total time for which application threads were stopped: 0.0048100 seconds, Stopping threads took: 0.0020250 seconds
212.694: Application time: 0.0305370 seconds
212.696: [GC212.696: [ParNew: 37567K->4158K(37568K), 0.0026240 secs] 456587K->425801K(758420K), 0.0026670 secs] [Times: user=0.02 sys=0.00, real=0.00 secs] 
212.698: Total time for which application threads were stopped: 0.0048600 seconds, Stopping threads took: 0.0021260 seconds
212.727: Application time: 0.0288870 seconds
212.729: [GC212.729: [ParNew: 37566K->4159K(37568K), 0.0023280 secs] 459209K->427300K(758420K), 0.0023680 secs] [Times: user=0.02 sys=0.01, real=0.00 secs] 
212.731: Total time for which application threads were stopped: 0.0037220 seconds, Stopping threads took: 0.0012900 seconds
212.762: Application time: 0.0305020 seconds
212.764: [GC212.764: [ParNew: 37567K->4159K(37568K), 0.0022470 secs] 460708K->428580K(758420K), 0.0022890 secs] [Times: user=0.02 sys=0.00, real=0.00 secs] 
212.766: Total time for which application threads were stopped: 0.0047200 seconds, Stopping threads took: 0.0023740 seconds
212.796: Application time: 0.0298850 seconds
212.798: [GC212.798: [ParNew: 37567K->4158K(37568K), 0.0022470 secs] 461988K->429660K(758420K), 0.0022890 secs] [Times: user=0.01 sys=0.00, real=0.00 secs] 
212.800: Total time for which application threads were stopped: 0.0038170 seconds, Stopping threads took: 0.0014640 seconds
212.829: Application time: 0.0291750 seconds
212.832: [GC212.832: [ParNew: 37566K->4159K(37568K), 0.0027170 secs] 463068K->432278K(758420K), 0.0027600 secs] [Times: user=0.02 sys=0.01, real=0.01 secs] 
212.835: Total time for which application threads were stopped: 0.0055460 seconds, Stopping threads took: 0.0027110 seconds
212.864: Application time: 0.0289710 seconds
212.865: [GC212.865: [ParNew: 37566K->4158K(37568K), 0.0024450 secs] 465685K->434248K(758420K), 0.0024960 secs] [Times: user=0.01 sys=0.00, real=0.01 secs] 
212.868: Total time for which application threads were stopped: 0.0039310 seconds, Stopping threads took: 0.0013710 seconds
212.898: Application time: 0.0302640 seconds
212.901: [GC212.901: [ParNew: 37566K->4158K(37568K), 0.0026890 secs] 467656K->437097K(758420K), 0.0027350 secs] [Times: user=0.02 sys=0.00, real=0.00 secs] 
212.904: Total time for which application threads were stopped: 0.0056860 seconds, Stopping threads took: 0.0028860 seconds
212.934: Application time: 0.0301330 seconds
212.934: [GC212.934: [ParNew: 37565K->4158K(37568K), 0.0021720 secs] 470504K->437883K(758420K), 0.0022150 secs] [Times: user=0.01 sys=0.00, real=0.01 secs] 
212.936: Total time for which application threads were stopped: 0.0025970 seconds, Stopping threads took: 0.0003150 seconds
212.966: Application time: 0.0297800 seconds
212.968: [GC212.968: [ParNew: 37566K->4159K(37568K), 0.0024100 secs] 471291K->439571K(758420K), 0.0024550 secs] [Times: user=0.01 sys=0.00, real=0.00 secs] 
212.971: Total time for which application threads were stopped: 0.0045940 seconds, Stopping threads took: 0.0020730 seconds
213.001: Application time: 0.0301260 seconds
213.003: [GC213.003: [ParNew: 37567K->4158K(37568K), 0.0025870 secs] 472979K->441939K(758420K), 0.0026310 secs] [Times: user=0.01 sys=0.00, real=0.00 secs] 
213.005: Total time for which application threads were stopped: 0.0045970 seconds, Stopping threads took: 0.0019010 seconds
213.035: Application time: 0.0296930 seconds
213.036: [GC213.036: [ParNew: 37566K->4158K(37568K), 0.0022870 secs] 475347K->443290K(758420K), 0.0023290 secs] [Times: user=0.02 sys=0.00, real=0.00 secs] 
213.039: Total time for which application threads were stopped: 0.0034580 seconds, Stopping threads took: 0.0010540 seconds
213.068: Application time: 0.0291310 seconds
213.070: [GC213.070: [ParNew: 37566K->4159K(37568K), 0.0023280 secs] 476697K->444890K(758420K), 0.0023690 secs] [Times: user=0.01 sys=0.00, real=0.00 secs] 
213.072: Total time for which application threads were stopped: 0.0045160 seconds, Stopping threads took: 0.0020820 seconds
213.102: Application time: 0.0298440 seconds
213.107: [GC213.107: [ParNew: 37567K->4158K(37568K), 0.0021060 secs] 478298K->445820K(758420K), 0.0021470 secs] [Times: user=0.01 sys=0.00, real=0.00 secs] 
213.109: Total time for which application threads were stopped: 0.0067970 seconds, Stopping threads took: 0.0045760 seconds
213.138: Application time: 0.0292430 seconds
213.140: [GC213.140: [ParNew: 37566K->4158K(37568K), 0.0023770 secs] 479228K->447483K(758420K), 0.0024220 secs] [Times: user=0.02 sys=0.00, real=0.00 secs] 
213.142: Total time for which application threads were stopped: 0.0039870 seconds, Stopping threads took: 0.0014990 seconds
213.172: Application time: 0.0299200 seconds
213.174: [GC213.174: [ParNew: 37565K->4159K(37568K), 0.0026410 secs] 480890K->450070K(758420K), 0.0026850 secs] [Times: user=0.02 sys=0.00, real=0.01 secs] 
213.177: Total time for which application threads were stopped: 0.0049070 seconds, Stopping threads took: 0.0021560 seconds
213.205: Application time: 0.0281600 seconds
213.207: [GC213.207: [ParNew: 37567K->4159K(37568K), 0.0029140 secs] 483478K->453559K(758420K), 0.0029580 secs] [Times: user=0.02 sys=0.00, real=0.01 secs] 
213.210: Total time for which application threads were stopped: 0.0044110 seconds, Stopping threads took: 0.0013870 seconds
213.239: Application time: 0.0295860 seconds
213.242: [GC213.242: [ParNew: 37567K->4159K(37568K), 0.0025450 secs] 486967K->455825K(758420K), 0.0025890 secs] [Times: user=0.02 sys=0.00, real=0.00 secs] 
213.244: Total time for which application threads were stopped: 0.0050870 seconds, Stopping threads took: 0.0024310 seconds
213.273: Application time: 0.0288510 seconds
213.274: [GC213.274: [ParNew: 37567K->4159K(37568K), 0.0028040 secs] 489233K->458920K(758420K), 0.0028480 secs] [Times: user=0.02 sys=0.00, real=0.01 secs] 
213.277: Total time for which application threads were stopped: 0.0042660 seconds, Stopping threads took: 0.0013510 seconds
213.308: Application time: 0.0305290 seconds
213.311: [GC213.311: [ParNew: 37566K->4158K(37568K), 0.0027700 secs] 492327K->461914K(758420K), 0.0028200 secs] [Times: user=0.02 sys=0.00, real=0.00 secs] 
213.314: Total time for which application threads were stopped: 0.0058500 seconds, Stopping threads took: 0.0029660 seconds
213.344: Application time: 0.0301360 seconds
213.346: [GC213.346: [ParNew: 37566K->4159K(37568K), 0.0023990 secs] 495322K->463723K(758420K), 0.0024440 secs] [Times: user=0.01 sys=0.00, real=0.01 secs] 
213.349: Total time for which application threads were stopped: 0.0050180 seconds, Stopping threads took: 0.0025090 seconds
213.378: Application time: 0.0291130 seconds
213.380: [GC213.380: [ParNew: 37566K->4159K(37568K), 0.0025830 secs] 497129K->465883K(758420K), 0.0026260 secs] [Times: user=0.02 sys=0.00, real=0.00 secs] 
213.382: Total time for which application threads were stopped: 0.0045110 seconds, Stopping threads took: 0.0018210 seconds
213.414: Application time: 0.0314660 seconds
213.416: [GC213.416: [ParNew: 37567K->4158K(37568K), 0.0024860 secs] 499291K->467776K(758420K), 0.0025300 secs] [Times: user=0.02 sys=0.00, real=0.00 secs] 
213.418: Total time for which application threads were stopped: 0.0042710 seconds, Stopping threads took: 0.0016780 seconds
213.450: Application time: 0.0319130 seconds
213.453: [GC213.453: [ParNew: 37566K->4159K(37568K), 0.0028980 secs] 501184K->471000K(758420K), 0.0029430 secs] [Times: user=0.03 sys=0.00, real=0.01 secs] 
213.456: Total time for which application threads were stopped: 0.0059880 seconds, Stopping threads took: 0.0029770 seconds
213.487: Application time: 0.0309780 seconds
213.489: [GC213.489: [ParNew: 37567K->4158K(37568K), 0.0025490 secs] 504408K->473209K(758420K), 0.0025940 secs] [Times: user=0.02 sys=0.00, real=0.00 secs] 
213.492: Total time for which application threads were stopped: 0.0044270 seconds, Stopping threads took: 0.0017670 seconds
213.522: Application time: 0.0306800 seconds
213.525: [GC213.525: [ParNew: 37566K->4158K(37568K), 0.0028260 secs] 506617K->476243K(758420K), 0.0028680 secs] [Times: user=0.02 sys=0.00, real=0.01 secs] 
213.528: Total time for which application threads were stopped: 0.0059820 seconds, Stopping threads took: 0.0030500 seconds
213.559: Application time: 0.0304870 seconds
213.561: [GC213.561: [ParNew: 37566K->4159K(37568K), 0.0023680 secs] 509651K->477742K(758420K), 0.0024120 secs] [Times: user=0.02 sys=0.00, real=0.00 secs] 
213.563: Total time for which application threads were stopped: 0.0046420 seconds, Stopping threads took: 0.0021650 seconds
213.595: Application time: 0.0318190 seconds
213.598: [GC213.598: [ParNew: 37567K->4158K(37568K), 0.0025970 secs] 511150K->480104K(758420K), 0.0026390 secs] [Times: user=0.02 sys=0.00, real=0.00 secs] 
213.601: Total time for which application threads were stopped: 0.0058580 seconds, Stopping threads took: 0.0031530 seconds
213.632: Application time: 0.0307470 seconds
213.633: [GC213.633: [ParNew: 37566K->4159K(37568K), 0.0027770 secs] 513512K->482986K(758420K), 0.0028200 secs] [Times: user=0.02 sys=0.00, real=0.01 secs] 
213.636: Total time for which application threads were stopped: 0.0043810 seconds, Stopping threads took: 0.0014850 seconds
213.666: Application time: 0.0303290 seconds
213.668: [GC213.668: [ParNew: 37567K->4159K(37568K), 0.0030360 secs] 516394K->486665K(758420K), 0.0030790 secs] [Times: user=0.02 sys=0.00, real=0.00 secs] 
213.671: Total time for which application threads were stopped: 0.0048360 seconds, Stopping threads took: 0.0016910 seconds
213.702: Application time: 0.0311820 seconds
213.705: [GC213.705: [ParNew: 37567K->4159K(37568K), 0.0026810 secs] 520073K->489328K(758420K), 0.0027230 secs] [Times: user=0.02 sys=0.00, real=0.01 secs] 
213.708: Total time for which application threads were stopped: 0.0056830 seconds, Stopping threads took: 0.0028930 seconds
213.740: Application time: 0.0318200 seconds
213.742: [GC213.742: [ParNew: 37567K->4158K(37568K), 0.0023540 secs] 522736K->490973K(758420K), 0.0023980 secs] [Times: user=0.02 sys=0.00, real=0.00 secs] 
213.745: Total time for which application threads were stopped: 0.0045800 seconds, Stopping threads took: 0.0021070 seconds
213.776: Application time: 0.0312750 seconds
213.778: [GC213.778: [ParNew: 37566K->4159K(37568K), 0.0027310 secs] 524381K->493525K(758420K), 0.0027760 secs] [Times: user=0.02 sys=0.00, real=0.00 secs] 
213.781: Total time for which application threads were stopped: 0.0047500 seconds, Stopping threads took: 0.0019050 seconds
213.812: Application time: 0.0313110 seconds
213.814: [GC213.814: [ParNew: 37567K->4159K(37568K), 0.0025370 secs] 526933K->495579K(758420K), 0.0025820 secs] [Times: user=0.02 sys=0.00, real=0.01 secs] 
213.817: Total time for which application threads were stopped: 0.0049450 seconds, Stopping threads took: 0.0022950 seconds
213.848: Application time: 0.0313730 seconds
213.850: [GC213.850: [ParNew: 37566K->4159K(37568K), 0.0026420 secs] 528986K->497931K(758420K), 0.0026900 secs] [Times: user=0.02 sys=0.00, real=0.00 secs] 
213.853: Total time for which application threads were stopped: 0.0048540 seconds, Stopping threads took: 0.0021000 seconds
213.885: Application time: 0.0318950 seconds
213.888: [GC213.888: [ParNew: 37565K->4158K(37568K), 0.0028130 secs] 531338K->501018K(758420K), 0.0028560 secs] [Times: user=0.02 sys=0.00, real=0.00 secs] 
213.891: Total time for which application threads were stopped: 0.0056580 seconds, Stopping threads took: 0.0027350 seconds
213.922: Application time: 0.0313540 seconds
213.925: [GC213.925: [ParNew: 37564K->4158K(37568K), 0.0024760 secs] 534424K->502890K(758420K), 0.0025190 secs] [Times: user=0.02 sys=0.00, real=0.01 secs] 
213.927: Total time for which application threads were stopped: 0.0052500 seconds, Stopping threads took: 0.0026650 seconds
213.959: Application time: 0.0319570 seconds
213.961: [GC213.961: [ParNew: 37565K->4159K(37568K), 0.0022710 secs] 536297K->504018K(758420K), 0.0023140 secs] [Times: user=0.01 sys=0.00, real=0.00 secs] 
213.963: Total time for which application threads were stopped: 0.0040160 seconds, Stopping threads took: 0.0016380 seconds
213.994: Application time: 0.0307950 seconds
213.997: [GC213.997: [ParNew: 37567K->4158K(37568K), 0.0026790 secs] 537426K->506567K(758420K), 0.0027230 secs] [Times: user=0.02 sys=0.00, real=0.00 secs] 
214.000: Total time for which application threads were stopped: 0.0056460 seconds, Stopping threads took: 0.0028560 seconds
214.032: Application time: 0.0319290 seconds
214.033: [GC214.033: [ParNew: 37566K->4158K(37568K), 0.0024740 secs] 539975K->508487K(758420K), 0.0025160 secs] [Times: user=0.01 sys=0.00, real=0.01 secs] 
214.036: Total time for which application threads were stopped: 0.0039930 seconds, Stopping threads took: 0.0014100 seconds
214.068: Application time: 0.0319760 seconds
214.070: [GC214.070: [ParNew: 37566K->4159K(37568K), 0.0022670 secs] 541895K->509800K(758420K), 0.0023090 secs] [Times: user=0.01 sys=0.00, real=0.00 secs] 
214.072: Total time for which application threads were stopped: 0.0046330 seconds, Stopping threads took: 0.0022600 seconds
214.104: Application time: 0.0319180 seconds
214.106: [GC214.106: [ParNew: 37567K->4159K(37568K), 0.0019970 secs] 543208K->509986K(758420K), 0.0020420 secs] [Times: user=0.02 sys=0.00, real=0.01 secs] 
214.108: Total time for which application threads were stopped: 0.0038740 seconds, Stopping threads took: 0.0017640 seconds
214.140: Application time: 0.0322690 seconds
214.142: [GC214.142: [ParNew: 37567K->3149K(37568K), 0.0017260 secs] 543394K->509004K(758420K), 0.0017710 secs] [Times: user=0.01 sys=0.00, real=0.00 secs] 
214.144: Total time for which application threads were stopped: 0.0038250 seconds, Stopping threads took: 0.0019790 seconds
214.174: Application time: 0.0296370 seconds
214.176: [GC214.176: [ParNew: 36557K->4158K(37568K), 0.0030450 secs] 542412K->513764K(758420K), 0.0030910 secs] [Times: user=0.02 sys=0.00, real=0.00 secs] 
214.179: Total time for which application threads were stopped: 0.0056110 seconds, Stopping threads took: 0.0024540 seconds
214.210: Application time: 0.0306750 seconds
214.211: [GC214.211: [ParNew: 37566K->4159K(37568K), 0.0026990 secs] 547171K->516403K(758420K), 0.0027550 secs] [Times: user=0.02 sys=0.00, real=0.00 secs] 
214.214: Total time for which application threads were stopped: 0.0040430 seconds, Stopping threads took: 0.0012190 seconds
214.246: Application time: 0.0318960 seconds
214.248: [GC214.248: [ParNew: 37567K->4159K(37568K), 0.0023000 secs] 549811K->517851K(758420K), 0.0023440 secs] [Times: user=0.02 sys=0.00, real=0.00 secs] 
214.250: Total time for which application threads were stopped: 0.0044630 seconds, Stopping threads took: 0.0020510 seconds
214.282: Application time: 0.0315750 seconds
214.284: [GC214.284: [ParNew: 37567K->4158K(37568K), 0.0026710 secs] 551259K->520227K(758420K), 0.0027170 secs] [Times: user=0.02 sys=0.00, real=0.00 secs] 
214.286: Total time for which application threads were stopped: 0.0043270 seconds, Stopping threads took: 0.0015420 seconds
214.317: Application time: 0.0309960 seconds
214.319: [GC214.319: [ParNew: 37566K->4158K(37568K), 0.0029030 secs] 553635K->523449K(758420K), 0.0029440 secs] [Times: user=0.02 sys=0.00, real=0.00 secs] 
214.322: Total time for which application threads were stopped: 0.0044650 seconds, Stopping threads took: 0.0014550 seconds
214.353: Application time: 0.0313650 seconds
214.356: [GC214.356: [ParNew: 37566K->4158K(37568K), 0.0029010 secs] 556857K->526733K(758420K), 0.0029480 secs] [Times: user=0.02 sys=0.00, real=0.00 secs] 
214.359: Total time for which application threads were stopped: 0.0057420 seconds, Stopping threads took: 0.0027280 seconds
214.391: Application time: 0.0319160 seconds
214.393: [GC214.393: [ParNew: 37566K->4159K(37568K), 0.0022040 secs] 560141K->527510K(758420K), 0.0022500 secs] [Times: user=0.02 sys=0.00, real=0.01 secs] 
214.395: Total time for which application threads were stopped: 0.0043950 seconds, Stopping threads took: 0.0020750 seconds
214.426: Application time: 0.0307300 seconds
214.428: [GC214.428: [ParNew: 37567K->4158K(37568K), 0.0026710 secs] 560918K->529706K(758420K), 0.0027170 secs] [Times: user=0.02 sys=0.00, real=0.00 secs] 
214.431: Total time for which application threads were stopped: 0.0051650 seconds, Stopping threads took: 0.0023810 seconds
214.464: Application time: 0.0327840 seconds
214.467: [GC214.467: [ParNew: 37566K->4083K(37568K), 0.0018980 secs] 563114K->529631K(758420K), 0.0019470 secs] [Times: user=0.02 sys=0.01, real=0.00 secs] 
214.469: Total time for which application threads were stopped: 0.0049200 seconds, Stopping threads took: 0.0029130 seconds
214.501: Application time: 0.0319900 seconds
214.502: [GC214.502: [ParNew: 37491K->4158K(37568K), 0.0021410 secs] 563039K->530591K(758420K), 0.0021880 secs] [Times: user=0.02 sys=0.00, real=0.00 secs] 
214.505: Total time for which application threads were stopped: 0.0036270 seconds, Stopping threads took: 0.0013510 seconds
214.537: Application time: 0.0320430 seconds
214.540: [GC214.540: [ParNew: 37566K->4159K(37568K), 0.0021430 secs] 563999K->531494K(758420K), 0.0021810 secs] [Times: user=0.01 sys=0.00, real=0.00 secs] 
214.542: Total time for which application threads were stopped: 0.0052600 seconds, Stopping threads took: 0.0030130 seconds
214.574: Application time: 0.0319730 seconds
214.577: [GC214.577: [ParNew: 37567K->4159K(37568K), 0.0021240 secs] 564902K->532272K(758420K), 0.0021680 secs] [Times: user=0.02 sys=0.00, real=0.00 secs] 
214.579: Total time for which application threads were stopped: 0.0053720 seconds, Stopping threads took: 0.0031380 seconds
214.610: Application time: 0.0311940 seconds
214.612: [GC214.612: [ParNew: 37567K->4159K(37568K), 0.0023080 secs] 565680K->533574K(758420K), 0.0023530 secs] [Times: user=0.02 sys=0.00, real=0.00 secs] 
214.615: Total time for which application threads were stopped: 0.0042110 seconds, Stopping threads took: 0.0017890 seconds
214.646: Application time: 0.0319290 seconds
214.648: [GC214.648: [ParNew: 37567K->4158K(37568K), 0.0022820 secs] 566982K->534715K(758420K), 0.0023260 secs] [Times: user=0.01 sys=0.00, real=0.00 secs] 
214.651: Total time for which application threads were stopped: 0.0040810 seconds, Stopping threads took: 0.0016670 seconds
214.684: Application time: 0.0329820 seconds
214.686: [GC214.686: [ParNew: 37566K->4159K(37568K), 0.0026860 secs] 568123K->537267K(758420K), 0.0027340 secs] [Times: user=0.02 sys=0.00, real=0.01 secs] 
214.689: Total time for which application threads were stopped: 0.0053700 seconds, Stopping threads took: 0.0025660 seconds
214.721: Application time: 0.0317750 seconds
214.723: [GC214.723: [ParNew: 37567K->4159K(37568K), 0.0025650 secs] 570675K->539676K(758420K), 0.0026110 secs] [Times: user=0.02 sys=0.00, real=0.00 secs] 
214.725: Total time for which application threads were stopped: 0.0046680 seconds, Stopping threads took: 0.0019920 seconds
214.757: Application time: 0.0318760 seconds
214.760: [GC214.760: [ParNew: 37567K->4159K(37568K), 0.0029360 secs] 573084K->542789K(758420K), 0.0029820 secs] [Times: user=0.02 sys=0.00, real=0.00 secs] 
214.763: Total time for which application threads were stopped: 0.0053210 seconds, Stopping threads took: 0.0022710 seconds
214.794: Application time: 0.0310760 seconds
214.796: [GC214.796: [ParNew: 37567K->4159K(37568K), 0.0025640 secs] 576197K->544738K(758420K), 0.0026110 secs] [Times: user=0.02 sys=0.00, real=0.00 secs] 
214.798: Total time for which application threads were stopped: 0.0045990 seconds, Stopping threads took: 0.0019010 seconds
214.829: Application time: 0.0305160 seconds
214.831: [GC214.831: [ParNew: 37565K->4158K(37568K), 0.0028030 secs] 578145K->547460K(758420K), 0.0028480 secs] [Times: user=0.02 sys=0.00, real=0.00 secs] 
214.834: Total time for which application threads were stopped: 0.0052220 seconds, Stopping threads took: 0.0022870 seconds
214.865: Application time: 0.0312750 seconds
214.867: [GC214.867: [ParNew: 37566K->4158K(37568K), 0.0022520 secs] 580868K->548466K(758420K), 0.0022970 secs] [Times: user=0.02 sys=0.00, real=0.00 secs] 
214.869: Total time for which application threads were stopped: 0.0039400 seconds, Stopping threads took: 0.0015600 seconds
214.901: Application time: 0.0315520 seconds
214.903: [GC214.903: [ParNew: 37565K->4158K(37568K), 0.0022860 secs] 581874K->549878K(758420K), 0.0023300 secs] [Times: user=0.02 sys=0.00, real=0.00 secs] 
214.905: Total time for which application threads were stopped: 0.0041370 seconds, Stopping threads took: 0.0017400 seconds
214.935: Application time: 0.0305930 seconds
214.939: [GC214.939: [ParNew: 37566K->4159K(37568K), 0.0025580 secs] 583286K->552137K(758420K), 0.0026100 secs] [Times: user=0.01 sys=0.00, real=0.00 secs] 
214.941: Total time for which application threads were stopped: 0.0057070 seconds, Stopping threads took: 0.0030280 seconds
214.973: Application time: 0.0314120 seconds
214.975: [GC214.975: [ParNew: 37566K->4158K(37568K), 0.0029130 secs] 585544K->555239K(758420K), 0.0029570 secs] [Times: user=0.02 sys=0.00, real=0.00 secs] 
214.978: Total time for which application threads were stopped: 0.0058200 seconds, Stopping threads took: 0.0027950 seconds
215.011: Application time: 0.0322320 seconds
215.013: [GC215.013: [ParNew: 37566K->4159K(37568K), 0.0021940 secs] 588647K->556221K(758420K), 0.0022380 secs] [Times: user=0.01 sys=0.00, real=0.01 secs] 
215.015: Total time for which application threads were stopped: 0.0042310 seconds, Stopping threads took: 0.0019270 seconds
215.047: Application time: 0.0318680 seconds
215.049: [GC215.049: [ParNew: 37566K->4158K(37568K), 0.0022430 secs] 589627K->557124K(758420K), 0.0022890 secs] [Times: user=0.01 sys=0.00, real=0.00 secs] 
215.051: Total time for which application threads were stopped: 0.0042100 seconds, Stopping threads took: 0.0018320 seconds
215.083: Application time: 0.0317830 seconds
215.086: [GC215.086: [ParNew: 37566K->4158K(37568K), 0.0024430 secs] 590532K->558876K(758420K), 0.0024890 secs] [Times: user=0.01 sys=0.00, real=0.01 secs] 
215.088: Total time for which application threads were stopped: 0.0053880 seconds, Stopping threads took: 0.0028280 seconds
215.119: Application time: 0.0309570 seconds
215.122: [GC215.122: [ParNew: 37566K->4159K(37568K), 0.0024010 secs] 592284K->560431K(758420K), 0.0024550 secs] [Times: user=0.02 sys=0.00, real=0.00 secs] 
215.124: Total time for which application threads were stopped: 0.0050690 seconds, Stopping threads took: 0.0025380 seconds
215.155: Application time: 0.0306410 seconds
215.157: [GC215.157: [ParNew: 37567K->4158K(37568K), 0.0026280 secs] 593839K->562784K(758420K), 0.0026700 secs] [Times: user=0.02 sys=0.00, real=0.00 secs] 
215.160: Total time for which application threads were stopped: 0.0050360 seconds, Stopping threads took: 0.0022930 seconds
215.192: Application time: 0.0318420 seconds
215.194: [GC215.194: [ParNew: 37566K->4159K(37568K), 0.0024510 secs] 596192K->564407K(758420K), 0.0024950 secs] [Times: user=0.02 sys=0.00, real=0.01 secs] 
215.196: Total time for which application threads were stopped: 0.0045340 seconds, Stopping threads took: 0.0019720 seconds
215.228: Application time: 0.0317110 seconds
215.230: [GC215.230: [ParNew: 37567K->4158K(37568K), 0.0027640 secs] 597815K->566901K(758420K), 0.0028110 secs] [Times: user=0.02 sys=0.00, real=0.00 secs] 
215.233: Total time for which application threads were stopped: 0.0045470 seconds, Stopping threads took: 0.0016480 seconds
215.264: Application time: 0.0309930 seconds
215.266: [GC215.266: [ParNew: 37566K->4158K(37568K), 0.0028370 secs] 600309K->569776K(758420K), 0.0028840 secs] [Times: user=0.02 sys=0.00, real=0.01 secs] 
215.269: Total time for which application threads were stopped: 0.0055660 seconds, Stopping threads took: 0.0026010 seconds
215.302: Application time: 0.0327170 seconds
215.304: [GC215.305: [ParNew: 37566K->4159K(37568K), 0.0033230 secs] 603184K->573525K(758420K), 0.0033680 secs] [Times: user=0.02 sys=0.00, real=0.01 secs] 
215.308: Total time for which application threads were stopped: 0.0060760 seconds, Stopping threads took: 0.0026180 seconds
215.339: Application time: 0.0313380 seconds
215.341: [GC215.341: [ParNew: 37567K->4158K(37568K), 0.0029030 secs] 606933K->576039K(758420K), 0.0029450 secs] [Times: user=0.02 sys=0.00, real=0.00 secs] 
215.344: Total time for which application threads were stopped: 0.0046140 seconds, Stopping threads took: 0.0015810 seconds
215.375: Application time: 0.0314450 seconds
215.377: [GC215.377: [ParNew: 37566K->4159K(37568K), 0.0026080 secs] 609447K->578363K(758420K), 0.0026560 secs] [Times: user=0.02 sys=0.00, real=0.00 secs] 
215.380: Total time for which application threads were stopped: 0.0046350 seconds, Stopping threads took: 0.0018900 seconds
215.410: Application time: 0.0304300 seconds
215.413: [GC215.413: [ParNew: 37567K->4158K(37568K), 0.0028660 secs] 611771K->581122K(758420K), 0.0029140 secs] [Times: user=0.02 sys=0.00, real=0.01 secs] 
215.416: Total time for which application threads were stopped: 0.0054330 seconds, Stopping threads took: 0.0024300 seconds
215.447: Application time: 0.0312270 seconds
215.449: [GC215.449: [ParNew: 37566K->4159K(37568K), 0.0026240 secs] 614530K->582813K(758420K), 0.0026700 secs] [Times: user=0.01 sys=0.00, real=0.00 secs] 
215.451: Total time for which application threads were stopped: 0.0042580 seconds, Stopping threads took: 0.0015210 seconds
215.484: Application time: 0.0322650 seconds
215.485: [GC215.485: [ParNew: 37567K->4158K(37568K), 0.0022470 secs] 616221K->583975K(758420K), 0.0022950 secs] [Times: user=0.02 sys=0.00, real=0.01 secs] 
215.488: Total time for which application threads were stopped: 0.0039600 seconds, Stopping threads took: 0.0015980 seconds
215.519: Application time: 0.0309930 seconds
215.521: [GC215.521: [ParNew: 37566K->4159K(37568K), 0.0025680 secs] 617383K->586154K(758420K), 0.0026110 secs] [Times: user=0.02 sys=0.00, real=0.00 secs] 
215.523: Total time for which application threads were stopped: 0.0046610 seconds, Stopping threads took: 0.0019860 seconds
215.554: Application time: 0.0307290 seconds
215.557: [GC215.557: [ParNew: 37567K->4158K(37568K), 0.0028170 secs] 619562K->589257K(758420K), 0.0028630 secs] [Times: user=0.03 sys=0.00, real=0.00 secs] 
215.560: Total time for which application threads were stopped: 0.0057380 seconds, Stopping threads took: 0.0028080 seconds
215.590: Application time: 0.0306690 seconds
215.593: [GC215.593: [ParNew: 37566K->4159K(37568K), 0.0028560 secs] 622665K->592177K(758420K), 0.0029100 secs] [Times: user=0.03 sys=0.00, real=0.01 secs] 
215.596: Total time for which application threads were stopped: 0.0059000 seconds, Stopping threads took: 0.0029230 seconds
215.626: Application time: 0.0299100 seconds
215.628: [GC215.628: [ParNew: 37567K->4158K(37568K), 0.0029060 secs] 625585K->595021K(758420K), 0.0029510 secs] [Times: user=0.02 sys=0.00, real=0.00 secs] 
215.631: Total time for which application threads were stopped: 0.0046860 seconds, Stopping threads took: 0.0016570 seconds
215.662: Application time: 0.0313930 seconds
215.665: [GC215.665: [ParNew: 37566K->4158K(37568K), 0.0025680 secs] 628429K->597385K(758420K), 0.0026130 secs] [Times: user=0.02 sys=0.00, real=0.01 secs] 
215.667: Total time for which application threads were stopped: 0.0051740 seconds, Stopping threads took: 0.0024840 seconds
215.699: Application time: 0.0319270 seconds
215.702: [GC215.702: [ParNew: 37566K->4158K(37568K), 0.0026840 secs] 630793K->599768K(758420K), 0.0027320 secs] [Times: user=0.02 sys=0.00, real=0.00 secs] 
215.704: Total time for which application threads were stopped: 0.0050280 seconds, Stopping threads took: 0.0022280 seconds
215.734: Application time: 0.0299470 seconds
215.738: [GC215.738: [ParNew: 37564K->4159K(37568K), 0.0032570 secs] 633174K->603516K(758420K), 0.0033010 secs] [Times: user=0.02 sys=0.00, real=0.00 secs] 
215.741: Total time for which application threads were stopped: 0.0065640 seconds, Stopping threads took: 0.0031750 seconds
215.772: Application time: 0.0312150 seconds
215.774: [GC215.774: [ParNew: 37567K->4158K(37568K), 0.0027450 secs] 636924K->606047K(758420K), 0.0027930 secs] [Times: user=0.02 sys=0.00, real=0.01 secs] 
215.777: Total time for which application threads were stopped: 0.0051770 seconds, Stopping threads took: 0.0023220 seconds
215.809: Application time: 0.0317030 seconds
215.811: [GC215.811: [ParNew: 37566K->4159K(37568K), 0.0022290 secs] 639455K->607046K(758420K), 0.0022760 secs] [Times: user=0.02 sys=0.00, real=0.00 secs] 
215.813: Total time for which application threads were stopped: 0.0039810 seconds, Stopping threads took: 0.0016370 seconds
215.845: Application time: 0.0319980 seconds
215.848: [GC215.848: [ParNew: 37552K->4159K(37568K), 0.0026570 secs] 640439K->609354K(758420K), 0.0027020 secs] [Times: user=0.02 sys=0.00, real=0.00 secs] 
215.851: Total time for which application threads were stopped: 0.0058650 seconds, Stopping threads took: 0.0030740 seconds
215.882: Application time: 0.0316030 seconds
215.884: [GC215.884: [ParNew: 37567K->4159K(37568K), 0.0026610 secs] 642762K->611146K(758420K), 0.0027070 secs] [Times: user=0.02 sys=0.00, real=0.01 secs] 
215.887: Total time for which application threads were stopped: 0.0047160 seconds, Stopping threads took: 0.0019410 seconds
215.919: Application time: 0.0319300 seconds
215.922: [GC215.922: [ParNew: 37567K->4158K(37568K), 0.0023030 secs] 644554K->612263K(758420K), 0.0023500 secs] [Times: user=0.01 sys=0.00, real=0.00 secs] 
215.925: Total time for which application threads were stopped: 0.0055190 seconds, Stopping threads took: 0.0030910 seconds
215.956: Application time: 0.0315880 seconds
215.959: [GC215.959: [ParNew: 37566K->4159K(37568K), 0.0027960 secs] 645671K->614793K(758420K), 0.0028410 secs] [Times: user=0.02 sys=0.00, real=0.00 secs] 
215.962: Total time for which application threads were stopped: 0.0059250 seconds, Stopping threads took: 0.0030160 seconds
215.994: Application time: 0.0317450 seconds
215.995: [GC215.995: [ParNew: 37567K->4159K(37568K), 0.0025270 secs] 648201K->616612K(758420K), 0.0025720 secs] [Times: user=0.02 sys=0.00, real=0.00 secs] 
215.998: Total time for which application threads were stopped: 0.0039800 seconds, Stopping threads took: 0.0013390 seconds
216.029: Application time: 0.0313100 seconds
216.031: [GC216.031: [ParNew: 37567K->4158K(37568K), 0.0023810 secs] 650020K->617938K(758420K), 0.0024320 secs] [Times: user=0.02 sys=0.00, real=0.00 secs] 
216.033: Total time for which application threads were stopped: 0.0038360 seconds, Stopping threads took: 0.0013370 seconds
216.065: Application time: 0.0319710 seconds
216.067: [GC216.067: [ParNew: 37566K->4159K(37568K), 0.0021820 secs] 651346K->618736K(758420K), 0.0022250 secs] [Times: user=0.01 sys=0.00, real=0.00 secs] 
216.069: Total time for which application threads were stopped: 0.0039290 seconds, Stopping threads took: 0.0016360 seconds
216.099: Application time: 0.0303430 seconds
216.101: [GC216.101: [ParNew: 37567K->4158K(37568K), 0.0031230 secs] 652144K->622419K(758420K), 0.0031670 secs] [Times: user=0.03 sys=0.00, real=0.00 secs] 
216.104: Total time for which application threads were stopped: 0.0051820 seconds, Stopping threads took: 0.0019250 seconds
216.136: Application time: 0.0320650 seconds
216.138: [GC216.138: [ParNew: 37566K->4158K(37568K), 0.0022780 secs] 655827K->623610K(758420K), 0.0023210 secs] [Times: user=0.01 sys=0.00, real=0.00 secs] 
216.141: Total time for which application threads were stopped: 0.0041460 seconds, Stopping threads took: 0.0017580 seconds
 CMS: abort preclean due to time 216.143: [CMS-concurrent-abortable-preclean: 0.666/5.030 secs] [Times: user=37.77 sys=0.24, real=5.03 secs] 
216.143: Application time: 0.0027640 seconds
216.145: [GC[YG occupancy: 9547 K (37568 K)]216.145: [Rescan (parallel) , 0.0003840 secs]216.146: [weak refs processing, 0.0000070 secs]216.146: [scrub string table, 0.0001140 secs] [1 CMS-remark: 619452K(720852K)] 628999K(758420K), 0.0005330 secs] [Times: user=0.00 sys=0.00, real=0.00 secs] 
216.146: Total time for which application threads were stopped: 0.0022840 seconds, Stopping threads took: 0.0017220 seconds
216.146: [CMS-concurrent-sweep-start]
216.175: Application time: 0.0295730 seconds
216.178: [GC216.178: [ParNew: 37566K->4159K(37568K), 0.0025050 secs] 344402K->312972K(758420K), 0.0025470 secs] [Times: user=0.02 sys=0.00, real=0.00 secs] 
216.181: Total time for which application threads were stopped: 0.0055990 seconds, Stopping threads took: 0.0029800 seconds
216.185: [CMS-concurrent-sweep: 0.036/0.039 secs] [Times: user=0.28 sys=0.00, real=0.04 secs] 
216.185: [CMS-concurrent-reset-start]
216.187: [CMS-concurrent-reset: 0.003/0.003 secs] [Times: user=0.03 sys=0.00, real=0.01 secs] 
216.213: Application time: 0.0325680 seconds
216.216: [GC216.216: [ParNew: 37567K->4159K(37568K), 0.0026120 secs] 345684K->314633K(758420K), 0.0026600 secs] [Times: user=0.02 sys=0.00, real=0.00 secs] 
216.219: Total time for which application threads were stopped: 0.0055730 seconds, Stopping threads took: 0.0028250 seconds
216.252: Application time: 0.0331610 seconds
216.255: [GC216.255: [ParNew: 37567K->4159K(37568K), 0.0023100 secs] 348041K->315927K(758420K), 0.0023550 secs] [Times: user=0.01 sys=0.00, real=0.00 secs] 
216.258: Total time for which application threads were stopped: 0.0054560 seconds, Stopping threads took: 0.0030350 seconds
216.290: Application time: 0.0323200 seconds
216.291: [GC216.291: [ParNew: 37565K->4158K(37568K), 0.0020270 secs] 349333K->316166K(758420K), 0.0020700 secs] [Times: user=0.01 sys=0.00, real=0.00 secs] 
216.293: Total time for which application threads were stopped: 0.0027920 seconds, Stopping threads took: 0.0006560 seconds
216.325: Application time: 0.0327070 seconds
216.327: [GC216.327: [ParNew: 37566K->4098K(37568K), 0.0019950 secs] 349574K->316106K(758420K), 0.0020380 secs] [Times: user=0.01 sys=0.00, real=0.00 secs] 
216.329: Total time for which application threads were stopped: 0.0036110 seconds, Stopping threads took: 0.0015070 seconds
216.360: Application time: 0.0308310 seconds
216.362: [GC216.362: [ParNew: 37506K->4158K(37568K), 0.0028240 secs] 349514K->318961K(758420K), 0.0028690 secs] [Times: user=0.02 sys=0.00, real=0.00 secs] 
216.365: Total time for which application threads were stopped: 0.0047310 seconds, Stopping threads took: 0.0017720 seconds
216.397: Application time: 0.0319930 seconds
216.399: [GC216.399: [ParNew: 37566K->4158K(37568K), 0.0026820 secs] 352369K->321636K(758420K), 0.0027360 secs] [Times: user=0.02 sys=0.00, real=0.00 secs] 
216.402: Total time for which application threads were stopped: 0.0050490 seconds, Stopping threads took: 0.0022450 seconds
216.434: Application time: 0.0318760 seconds
216.437: [GC216.437: [ParNew: 37566K->4159K(37568K), 0.0026290 secs] 355044K->324154K(758420K), 0.0026730 secs] [Times: user=0.00 sys=0.02, real=0.00 secs] 
216.439: Total time for which application threads were stopped: 0.0058600 seconds, Stopping threads took: 0.0031210 seconds
216.470: Application time: 0.0308040 seconds
216.473: [GC216.473: [ParNew: 37566K->4159K(37568K), 0.0027390 secs] 357560K->326588K(758420K), 0.0027810 secs] [Times: user=0.01 sys=0.00, real=0.01 secs] 
216.475: Total time for which application threads were stopped: 0.0050740 seconds, Stopping threads took: 0.0022230 seconds
216.507: Application time: 0.0320630 seconds
216.508: [GC216.508: [ParNew: 37566K->4159K(37568K), 0.0025590 secs] 359995K->328797K(758420K), 0.0026030 secs] [Times: user=0.02 sys=0.00, real=0.00 secs] 
216.511: Total time for which application threads were stopped: 0.0031920 seconds, Stopping threads took: 0.0005210 seconds
216.543: Application time: 0.0325780 seconds
216.545: [GC216.545: [ParNew: 37567K->4159K(37568K), 0.0021450 secs] 362205K->329415K(758420K), 0.0021890 secs] [Times: user=0.01 sys=0.00, real=0.01 secs] 
216.547: Total time for which application threads were stopped: 0.0038020 seconds, Stopping threads took: 0.0015470 seconds
216.579: Application time: 0.0315800 seconds
216.580: [GC216.580: [ParNew: 37567K->4158K(37568K), 0.0022480 secs] 362823K->330576K(758420K), 0.0022870 secs] [Times: user=0.01 sys=0.00, real=0.00 secs] 
216.582: Total time for which application threads were stopped: 0.0038080 seconds, Stopping threads took: 0.0014460 seconds
216.615: Application time: 0.0325970 seconds
216.617: [GC216.617: [ParNew: 37565K->4158K(37568K), 0.0023930 secs] 363983K->332141K(758420K), 0.0024390 secs] [Times: user=0.02 sys=0.00, real=0.00 secs] 
216.620: Total time for which application threads were stopped: 0.0049520 seconds, Stopping threads took: 0.0024470 seconds
216.652: Application time: 0.0318510 seconds
216.654: [GC216.654: [ParNew: 37566K->4158K(37568K), 0.0024670 secs] 365549K->334122K(758420K), 0.0025140 secs] [Times: user=0.02 sys=0.00, real=0.01 secs] 
216.657: Total time for which application threads were stopped: 0.0048120 seconds, Stopping threads took: 0.0022290 seconds
216.688: Application time: 0.0312010 seconds
216.691: [GC216.691: [ParNew: 37566K->4159K(37568K), 0.0027410 secs] 367530K->337050K(758420K), 0.0027840 secs] [Times: user=0.02 sys=0.00, real=0.00 secs] 
216.694: Total time for which application threads were stopped: 0.0059780 seconds, Stopping threads took: 0.0031200 seconds
216.725: Application time: 0.0316310 seconds
216.729: [GC216.729: [ParNew: 37567K->4159K(37568K), 0.0027020 secs] 370458K->339417K(758420K), 0.0027450 secs] [Times: user=0.02 sys=0.00, real=0.00 secs] 
216.731: Total time for which application threads were stopped: 0.0059330 seconds, Stopping threads took: 0.0031250 seconds
216.764: Application time: 0.0331490 seconds
216.766: [GC216.766: [ParNew: 37567K->4159K(37568K), 0.0030140 secs] 372825K->343139K(758420K), 0.0030570 secs] [Times: user=0.02 sys=0.00, real=0.01 secs] 
216.769: Total time for which application threads were stopped: 0.0043120 seconds, Stopping threads took: 0.0011870 seconds
216.769: Application time: 0.0000890 seconds
216.769: [GC [1 CMS-initial-mark: 338980K(720852K)] 343753K(758420K), 0.0001810 secs] [Times: user=0.00 sys=0.00, real=0.00 secs] 
216.769: Total time for which application threads were stopped: 0.0005790 seconds, Stopping threads took: 0.0003760 seconds
216.769: [CMS-concurrent-mark-start]
216.782: [CMS-concurrent-mark: 0.013/0.013 secs] [Times: user=0.08 sys=0.00, real=0.01 secs] 
216.782: [CMS-concurrent-preclean-start]
216.784: [CMS-concurrent-preclean: 0.001/0.001 secs] [Times: user=0.03 sys=0.00, real=0.00 secs] 
216.784: [CMS-concurrent-abortable-preclean-start]
216.801: Application time: 0.0313260 seconds
216.802: [GC216.802: [ParNew: 37567K->4158K(37568K), 0.0030350 secs] 376547K->346867K(758420K), 0.0030810 secs] [Times: user=0.02 sys=0.00, real=0.00 secs] 
216.806: Total time for which application threads were stopped: 0.0047150 seconds, Stopping threads took: 0.0015660 seconds
216.837: Application time: 0.0319670 seconds
216.840: [GC216.840: [ParNew: 37565K->4158K(37568K), 0.0021050 secs] 380274K->347575K(758420K), 0.0021460 secs] [Times: user=0.01 sys=0.00, real=0.00 secs] 
216.842: Total time for which application threads were stopped: 0.0044340 seconds, Stopping threads took: 0.0022210 seconds
216.872: Application time: 0.0298330 seconds
216.873: [GC216.873: [ParNew: 37566K->4158K(37568K), 0.0026600 secs] 380983K->350116K(758420K), 0.0027060 secs] [Times: user=0.02 sys=0.00, real=0.01 secs] 
216.876: Total time for which application threads were stopped: 0.0042330 seconds, Stopping threads took: 0.0014600 seconds
216.906: Application time: 0.0301540 seconds
216.909: [GC216.909: [ParNew: 37566K->4158K(37568K), 0.0028020 secs] 383524K->353031K(758420K), 0.0028470 secs] [Times: user=0.02 sys=0.00, real=0.00 secs] 
216.912: Total time for which application threads were stopped: 0.0055110 seconds, Stopping threads took: 0.0025970 seconds
216.945: Application time: 0.0330490 seconds
216.947: [GC216.947: [ParNew: 37566K->4159K(37568K), 0.0022640 secs] 386439K->354290K(758420K), 0.0023070 secs] [Times: user=0.02 sys=0.00, real=0.00 secs] 
216.949: Total time for which application threads were stopped: 0.0043610 seconds, Stopping threads took: 0.0019890 seconds
216.980: Application time: 0.0309660 seconds
216.982: [GC216.982: [ParNew: 37567K->4158K(37568K), 0.0028550 secs] 387698K->357347K(758420K), 0.0028990 secs] [Times: user=0.02 sys=0.00, real=0.00 secs] 
216.984: Total time for which application threads were stopped: 0.0044140 seconds, Stopping threads took: 0.0014510 seconds
217.017: Application time: 0.0323100 seconds
217.020: [GC217.020: [ParNew: 37566K->4159K(37568K), 0.0027950 secs] 390755K->360242K(758420K), 0.0028410 secs] [Times: user=0.02 sys=0.00, real=0.00 secs] 
217.022: Total time for which application threads were stopped: 0.0056190 seconds, Stopping threads took: 0.0027080 seconds
217.054: Application time: 0.0316550 seconds
217.056: [GC217.056: [ParNew: 37567K->4158K(37568K), 0.0025630 secs] 393650K->362388K(758420K), 0.0026090 secs] [Times: user=0.02 sys=0.00, real=0.00 secs] 
217.059: Total time for which application threads were stopped: 0.0049730 seconds, Stopping threads took: 0.0022970 seconds
217.091: Application time: 0.0321250 seconds
217.093: [GC217.093: [ParNew: 37566K->4158K(37568K), 0.0024050 secs] 395796K->363965K(758420K), 0.0024500 secs] [Times: user=0.02 sys=0.00, real=0.01 secs] 
217.096: Total time for which application threads were stopped: 0.0045520 seconds, Stopping threads took: 0.0020340 seconds
217.128: Application time: 0.0320710 seconds
217.130: [GC217.130: [ParNew: 37566K->4159K(37568K), 0.0025960 secs] 397373K->366249K(758420K), 0.0026420 secs] [Times: user=0.02 sys=0.00, real=0.00 secs] 
217.132: Total time for which application threads were stopped: 0.0044640 seconds, Stopping threads took: 0.0017560 seconds
217.163: Application time: 0.0309330 seconds
217.164: [GC217.164: [ParNew: 37567K->4158K(37568K), 0.0023990 secs] 399657K->367843K(758420K), 0.0024430 secs] [Times: user=0.02 sys=0.00, real=0.01 secs] 
217.167: Total time for which application threads were stopped: 0.0036940 seconds, Stopping threads took: 0.0011840 seconds
217.198: Application time: 0.0314850 seconds
217.201: [GC217.201: [ParNew: 37566K->4158K(37568K), 0.0024460 secs] 401251K->369794K(758420K), 0.0024930 secs] [Times: user=0.01 sys=0.00, real=0.00 secs] 
217.203: Total time for which application threads were stopped: 0.0046890 seconds, Stopping threads took: 0.0021200 seconds
217.235: Application time: 0.0318020 seconds
217.236: [GC217.236: [ParNew: 37566K->4159K(37568K), 0.0021950 secs] 403202K->370811K(758420K), 0.0022380 secs] [Times: user=0.02 sys=0.00, real=0.00 secs] 
217.239: Total time for which application threads were stopped: 0.0039020 seconds, Stopping threads took: 0.0015890 seconds
217.271: Application time: 0.0317750 seconds
217.273: [GC217.273: [ParNew: 37567K->4158K(37568K), 0.0021900 secs] 404219K->371750K(758420K), 0.0022320 secs] [Times: user=0.01 sys=0.00, real=0.01 secs] 
217.275: Total time for which application threads were stopped: 0.0049710 seconds, Stopping threads took: 0.0026730 seconds
217.307: Application time: 0.0311870 seconds
217.309: [GC217.309: [ParNew: 37566K->4158K(37568K), 0.0028020 secs] 405158K->374676K(758420K), 0.0028480 secs] [Times: user=0.02 sys=0.00, real=0.00 secs] 
217.312: Total time for which application threads were stopped: 0.0054630 seconds, Stopping threads took: 0.0025480 seconds
217.343: Application time: 0.0313150 seconds
217.344: [GC217.344: [ParNew: 37566K->4159K(37568K), 0.0023280 secs] 408084K->376000K(758420K), 0.0023730 secs] [Times: user=0.01 sys=0.00, real=0.01 secs] 
217.347: Total time for which application threads were stopped: 0.0033580 seconds, Stopping threads took: 0.0009160 seconds
217.378: Application time: 0.0308680 seconds
217.379: [GC217.380: [ParNew: 37567K->4158K(37568K), 0.0025810 secs] 409408K->378279K(758420K), 0.0026230 secs] [Times: user=0.02 sys=0.00, real=0.00 secs] 
217.382: Total time for which application threads were stopped: 0.0044410 seconds, Stopping threads took: 0.0017530 seconds
217.410: Application time: 0.0281460 seconds
217.412: [GC217.412: [ParNew: 37566K->4158K(37568K), 0.0027860 secs] 411687K->381346K(758420K), 0.0028290 secs] [Times: user=0.02 sys=0.00, real=0.01 secs] 
217.415: Total time for which application threads were stopped: 0.0048320 seconds, Stopping threads took: 0.0019380 seconds
217.444: Application time: 0.0291060 seconds
217.446: [GC217.446: [ParNew: 37566K->4158K(37568K), 0.0027180 secs] 414754K->383896K(758420K), 0.0027630 secs] [Times: user=0.02 sys=0.00, real=0.01 secs] 
217.448: Total time for which application threads were stopped: 0.0041960 seconds, Stopping threads took: 0.0013660 seconds
217.478: Application time: 0.0291600 seconds
217.480: [GC217.480: [ParNew: 37566K->4158K(37568K), 0.0026340 secs] 417304K->386323K(758420K), 0.0026760 secs] [Times: user=0.02 sys=0.00, real=0.00 secs] 
217.483: Total time for which application threads were stopped: 0.0052820 seconds, Stopping threads took: 0.0025450 seconds
217.512: Application time: 0.0287350 seconds
217.514: [GC217.514: [ParNew: 37566K->4159K(37568K), 0.0025540 secs] 419731K->388537K(758420K), 0.0025990 secs] [Times: user=0.02 sys=0.00, real=0.01 secs] 
217.516: Total time for which application threads were stopped: 0.0048010 seconds, Stopping threads took: 0.0021350 seconds
217.545: Application time: 0.0288040 seconds
217.547: [GC217.547: [ParNew: 37567K->4159K(37568K), 0.0022180 secs] 421945K->389710K(758420K), 0.0022590 secs] [Times: user=0.02 sys=0.00, real=0.00 secs] 
217.549: Total time for which application threads were stopped: 0.0038230 seconds, Stopping threads took: 0.0014990 seconds
217.578: Application time: 0.0290890 seconds
217.580: [GC217.580: [ParNew: 37567K->4159K(37568K), 0.0025040 secs] 423118K->391668K(758420K), 0.0025450 secs] [Times: user=0.02 sys=0.00, real=0.00 secs] 
217.583: Total time for which application threads were stopped: 0.0045600 seconds, Stopping threads took: 0.0019520 seconds
217.611: Application time: 0.0287540 seconds
217.613: [GC217.613: [ParNew: 37567K->4159K(37568K), 0.0026630 secs] 425075K->394253K(758420K), 0.0027060 secs] [Times: user=0.02 sys=0.00, real=0.01 secs] 
217.616: Total time for which application threads were stopped: 0.0041190 seconds, Stopping threads took: 0.0013480 seconds
217.646: Application time: 0.0303860 seconds
217.648: [GC217.648: [ParNew: 37567K->4158K(37568K), 0.0023470 secs] 427661K->395752K(758420K), 0.0023910 secs] [Times: user=0.02 sys=0.00, real=0.00 secs] 
217.651: Total time for which application threads were stopped: 0.0046060 seconds, Stopping threads took: 0.0021510 seconds
217.680: Application time: 0.0289420 seconds
217.681: [GC217.681: [ParNew: 37566K->4159K(37568K), 0.0043460 secs] 429160K->397657K(758420K), 0.0043980 secs] [Times: user=0.03 sys=0.00, real=0.00 secs] 
217.685: Total time for which application threads were stopped: 0.0056790 seconds, Stopping threads took: 0.0012170 seconds
217.714: Application time: 0.0288560 seconds
217.716: [GC217.716: [ParNew: 37567K->4159K(37568K), 0.0028340 secs] 431065K->400789K(758420K), 0.0028770 secs] [Times: user=0.02 sys=0.00, real=0.00 secs] 
217.719: Total time for which application threads were stopped: 0.0046700 seconds, Stopping threads took: 0.0017180 seconds
217.748: Application time: 0.0295940 seconds
217.750: [GC217.750: [ParNew: 37567K->4159K(37568K), 0.0025040 secs] 434197K->402788K(758420K), 0.0025470 secs] [Times: user=0.01 sys=0.00, real=0.00 secs] 
217.752: Total time for which application threads were stopped: 0.0037890 seconds, Stopping threads took: 0.0011770 seconds
217.782: Application time: 0.0299040 seconds
217.784: [GC217.784: [ParNew: 37567K->4159K(37568K), 0.0025190 secs] 436196K->404693K(758420K), 0.0025620 secs] [Times: user=0.01 sys=0.00, real=0.01 secs] 
217.787: Total time for which application threads were stopped: 0.0049790 seconds, Stopping threads took: 0.0023580 seconds
217.817: Application time: 0.0296980 seconds
217.817: [GC217.817: [ParNew: 37567K->4159K(37568K), 0.0024050 secs] 438101K->406503K(758420K), 0.0024470 secs] [Times: user=0.01 sys=0.00, real=0.00 secs] 
217.820: Total time for which application threads were stopped: 0.0029730 seconds, Stopping threads took: 0.0004610 seconds
217.849: Application time: 0.0292400 seconds
217.852: [GC217.852: [ParNew: 37567K->4158K(37568K), 0.0028460 secs] 439911K->409707K(758420K), 0.0028900 secs] [Times: user=0.02 sys=0.00, real=0.01 secs] 
217.855: Total time for which application threads were stopped: 0.0059000 seconds, Stopping threads took: 0.0029450 seconds
217.885: Application time: 0.0302570 seconds
217.887: [GC217.887: [ParNew: 37566K->4159K(37568K), 0.0023790 secs] 443115K->411341K(758420K), 0.0024230 secs] [Times: user=0.02 sys=0.00, real=0.00 secs] 
217.889: Total time for which application threads were stopped: 0.0040180 seconds, Stopping threads took: 0.0015310 seconds
217.918: Application time: 0.0292830 seconds
217.919: [GC217.919: [ParNew: 37567K->4158K(37568K), 0.0025120 secs] 444749K->412395K(758420K), 0.0025630 secs] [Times: user=0.02 sys=0.00, real=0.00 secs] 
217.922: Total time for which application threads were stopped: 0.0034450 seconds, Stopping threads took: 0.0008060 seconds
217.951: Application time: 0.0287080 seconds
217.952: [GC217.952: [ParNew: 37566K->4159K(37568K), 0.0023240 secs] 445803K->413912K(758420K), 0.0023680 secs] [Times: user=0.02 sys=0.00, real=0.00 secs] 
217.954: Total time for which application threads were stopped: 0.0039230 seconds, Stopping threads took: 0.0014890 seconds
217.984: Application time: 0.0291200 seconds
217.986: [GC217.986: [ParNew: 37567K->4159K(37568K), 0.0027070 secs] 447320K->416725K(758420K), 0.0027510 secs] [Times: user=0.02 sys=0.00, real=0.01 secs] 
217.989: Total time for which application threads were stopped: 0.0051080 seconds, Stopping threads took: 0.0022940 seconds
218.018: Application time: 0.0292210 seconds
218.021: [GC218.021: [ParNew: 37567K->4158K(37568K), 0.0100450 secs] 450133K->419867K(758420K), 0.0100900 secs] [Times: user=0.07 sys=0.00, real=0.01 secs] 
218.031: Total time for which application threads were stopped: 0.0128790 seconds, Stopping threads took: 0.0027260 seconds
218.060: Application time: 0.0294120 seconds
218.062: [GC218.062: [ParNew: 37566K->4158K(37568K), 0.0024840 secs] 453275K->421928K(758420K), 0.0025280 secs] [Times: user=0.02 sys=0.00, real=0.00 secs] 
218.065: Total time for which application threads were stopped: 0.0047150 seconds, Stopping threads took: 0.0021200 seconds
218.094: Application time: 0.0287740 seconds
218.096: [GC218.096: [ParNew: 37566K->4159K(37568K), 0.0025830 secs] 455336K->424268K(758420K), 0.0026260 secs] [Times: user=0.02 sys=0.00, real=0.00 secs] 
218.098: Total time for which application threads were stopped: 0.0045350 seconds, Stopping threads took: 0.0018340 seconds
218.127: Application time: 0.0286060 seconds
218.129: [GC218.129: [ParNew: 37567K->4159K(37568K), 0.0029430 secs] 457676K->427843K(758420K), 0.0029860 secs] [Times: user=0.02 sys=0.00, real=0.00 secs] 
218.132: Total time for which application threads were stopped: 0.0051210 seconds, Stopping threads took: 0.0020700 seconds
218.160: Application time: 0.0284100 seconds
218.163: [GC218.163: [ParNew: 37565K->4159K(37568K), 0.0029430 secs] 461249K->431277K(758420K), 0.0029860 secs] [Times: user=0.02 sys=0.00, real=0.00 secs] 
218.166: Total time for which application threads were stopped: 0.0053200 seconds, Stopping threads took: 0.0022680 seconds
218.195: Application time: 0.0292130 seconds
218.197: [GC218.197: [ParNew: 37567K->4158K(37568K), 0.0027050 secs] 464685K->433966K(758420K), 0.0027470 secs] [Times: user=0.02 sys=0.00, real=0.00 secs] 
218.200: Total time for which application threads were stopped: 0.0049050 seconds, Stopping threads took: 0.0020920 seconds
218.229: Application time: 0.0295490 seconds
218.231: [GC218.231: [ParNew: 37565K->4158K(37568K), 0.0022660 secs] 467373K->434935K(758420K), 0.0023100 secs] [Times: user=0.02 sys=0.00, real=0.00 secs] 
218.233: Total time for which application threads were stopped: 0.0037580 seconds, Stopping threads took: 0.0013700 seconds
218.262: Application time: 0.0283860 seconds
218.264: [GC218.264: [ParNew: 37566K->4158K(37568K), 0.0027430 secs] 468343K->437756K(758420K), 0.0027880 secs] [Times: user=0.01 sys=0.00, real=0.01 secs] 
218.267: Total time for which application threads were stopped: 0.0051300 seconds, Stopping threads took: 0.0022780 seconds
218.296: Application time: 0.0296300 seconds
218.298: [GC218.298: [ParNew: 37566K->4159K(37568K), 0.0027170 secs] 471164K->440588K(758420K), 0.0027610 secs] [Times: user=0.02 sys=0.00, real=0.00 secs] 
218.301: Total time for which application threads were stopped: 0.0048330 seconds, Stopping threads took: 0.0020060 seconds
218.331: Application time: 0.0298170 seconds
218.333: [GC218.333: [ParNew: 37567K->4158K(37568K), 0.0030070 secs] 473996K->444289K(758420K), 0.0030520 secs] [Times: user=0.02 sys=0.00, real=0.01 secs] 
218.336: Total time for which application threads were stopped: 0.0047010 seconds, Stopping threads took: 0.0015830 seconds
218.365: Application time: 0.0292490 seconds
218.367: [GC218.367: [ParNew: 37566K->4158K(37568K), 0.0029670 secs] 477697K->447941K(758420K), 0.0030110 secs] [Times: user=0.02 sys=0.00, real=0.00 secs] 
218.370: Total time for which application threads were stopped: 0.0055850 seconds, Stopping threads took: 0.0025080 seconds
218.400: Application time: 0.0295500 seconds
218.402: [GC218.402: [ParNew: 37566K->4158K(37568K), 0.0020250 secs] 481349K->448423K(758420K), 0.0020690 secs] [Times: user=0.02 sys=0.00, real=0.00 secs] 
218.404: Total time for which application threads were stopped: 0.0037910 seconds, Stopping threads took: 0.0016550 seconds
218.435: Application time: 0.0310370 seconds
218.437: [GC218.437: [ParNew: 37566K->4158K(37568K), 0.0019940 secs] 481831K->448871K(758420K), 0.0020480 secs] [Times: user=0.01 sys=0.00, real=0.00 secs] 
218.439: Total time for which application threads were stopped: 0.0037580 seconds, Stopping threads took: 0.0016460 seconds
218.469: Application time: 0.0299330 seconds
218.471: [GC218.471: [ParNew: 37566K->4159K(37568K), 0.0022590 secs] 482279K->450189K(758420K), 0.0023040 secs] [Times: user=0.01 sys=0.00, real=0.00 secs] 
218.473: Total time for which application threads were stopped: 0.0044530 seconds, Stopping threads took: 0.0020840 seconds
218.503: Application time: 0.0298030 seconds
218.505: [GC218.505: [ParNew: 37567K->4158K(37568K), 0.0021130 secs] 483597K->451100K(758420K), 0.0021580 secs] [Times: user=0.01 sys=0.00, real=0.01 secs] 
218.507: Total time for which application threads were stopped: 0.0039740 seconds, Stopping threads took: 0.0017500 seconds
218.536: Application time: 0.0290070 seconds
218.537: [GC218.537: [ParNew: 37566K->4159K(37568K), 0.0026060 secs] 484508K->453399K(758420K), 0.0026600 secs] [Times: user=0.02 sys=0.00, real=0.00 secs] 
218.540: Total time for which application threads were stopped: 0.0040180 seconds, Stopping threads took: 0.0012910 seconds
218.569: Application time: 0.0296400 seconds
218.572: [GC218.572: [ParNew: 37567K->4158K(37568K), 0.0024460 secs] 486807K->455450K(758420K), 0.0024900 secs] [Times: user=0.02 sys=0.00, real=0.00 secs] 
218.574: Total time for which application threads were stopped: 0.0048090 seconds, Stopping threads took: 0.0022540 seconds
218.605: Application time: 0.0302960 seconds
218.606: [GC218.606: [ParNew: 37566K->4158K(37568K), 0.0024830 secs] 488857K->457388K(758420K), 0.0025260 secs] [Times: user=0.01 sys=0.00, real=0.01 secs] 
218.608: Total time for which application threads were stopped: 0.0037930 seconds, Stopping threads took: 0.0012000 seconds
218.639: Application time: 0.0301280 seconds
218.641: [GC218.641: [ParNew: 37566K->4159K(37568K), 0.0027710 secs] 490796K->460137K(758420K), 0.0028130 secs] [Times: user=0.01 sys=0.00, real=0.00 secs] 
218.644: Total time for which application threads were stopped: 0.0055120 seconds, Stopping threads took: 0.0026380 seconds
218.673: Application time: 0.0285120 seconds
218.674: [GC218.674: [ParNew: 37567K->4159K(37568K), 0.0026460 secs] 493545K->462780K(758420K), 0.0026920 secs] [Times: user=0.02 sys=0.00, real=0.01 secs] 
218.677: Total time for which application threads were stopped: 0.0042750 seconds, Stopping threads took: 0.0015160 seconds
218.707: Application time: 0.0303090 seconds
218.710: [GC218.710: [ParNew: 37567K->4159K(37568K), 0.0028740 secs] 496188K->466094K(758420K), 0.0029150 secs] [Times: user=0.01 sys=0.00, real=0.00 secs] 
218.713: Total time for which application threads were stopped: 0.0054340 seconds, Stopping threads took: 0.0024540 seconds
218.740: Application time: 0.0278110 seconds
218.743: [GC218.743: [ParNew: 37567K->4159K(37568K), 0.0028790 secs] 499502K->469316K(758420K), 0.0029210 secs] [Times: user=0.02 sys=0.00, real=0.00 secs] 
218.746: Total time for which application threads were stopped: 0.0053300 seconds, Stopping threads took: 0.0023350 seconds
218.775: Application time: 0.0290860 seconds
218.777: [GC218.777: [ParNew: 37567K->4159K(37568K), 0.0025510 secs] 502724K->471449K(758420K), 0.0025930 secs] [Times: user=0.02 sys=0.00, real=0.00 secs] 
218.780: Total time for which application threads were stopped: 0.0052670 seconds, Stopping threads took: 0.0026080 seconds
218.809: Application time: 0.0290020 seconds
218.811: [GC218.811: [ParNew: 37567K->4158K(37568K), 0.0025180 secs] 504857K->473597K(758420K), 0.0025650 secs] [Times: user=0.02 sys=0.00, real=0.00 secs] 
218.814: Total time for which application threads were stopped: 0.0045070 seconds, Stopping threads took: 0.0018740 seconds
218.843: Application time: 0.0291020 seconds
218.844: [GC218.844: [ParNew: 37564K->4159K(37568K), 0.0028300 secs] 507004K->476634K(758420K), 0.0028740 secs] [Times: user=0.02 sys=0.00, real=0.01 secs] 
218.847: Total time for which application threads were stopped: 0.0045010 seconds, Stopping threads took: 0.0015610 seconds
218.877: Application time: 0.0297940 seconds
218.879: [GC218.879: [ParNew: 37567K->4158K(37568K), 0.0024860 secs] 510042K->478699K(758420K), 0.0025310 secs] [Times: user=0.01 sys=0.00, real=0.00 secs] 
218.882: Total time for which application threads were stopped: 0.0048550 seconds, Stopping threads took: 0.0022580 seconds
218.912: Application time: 0.0297200 seconds
218.913: [GC218.913: [ParNew: 37566K->4158K(37568K), 0.0020820 secs] 512107K->479193K(758420K), 0.0021260 secs] [Times: user=0.02 sys=0.00, real=0.01 secs] 
218.915: Total time for which application threads were stopped: 0.0031510 seconds, Stopping threads took: 0.0009610 seconds
218.944: Application time: 0.0291650 seconds
218.947: [GC218.947: [ParNew: 37566K->4158K(37568K), 0.0023250 secs] 512601K->480649K(758420K), 0.0023650 secs] [Times: user=0.01 sys=0.00, real=0.00 secs] 
218.949: Total time for which application threads were stopped: 0.0051260 seconds, Stopping threads took: 0.0026910 seconds
218.978: Application time: 0.0289740 seconds
218.980: [GC218.980: [ParNew: 37566K->4158K(37568K), 0.0021060 secs] 514057K->481497K(758420K), 0.0021580 secs] [Times: user=0.02 sys=0.00, real=0.00 secs] 
218.982: Total time for which application threads were stopped: 0.0038000 seconds, Stopping threads took: 0.0015750 seconds
219.012: Application time: 0.0297220 seconds
219.014: [GC219.014: [ParNew: 37566K->4159K(37568K), 0.0024040 secs] 514905K->483314K(758420K), 0.0024460 secs] [Times: user=0.02 sys=0.00, real=0.01 secs] 
219.017: Total time for which application threads were stopped: 0.0052100 seconds, Stopping threads took: 0.0026970 seconds
219.046: Application time: 0.0295610 seconds
219.048: [GC219.048: [ParNew: 37567K->4158K(37568K), 0.0022760 secs] 516722K->484426K(758420K), 0.0023170 secs] [Times: user=0.01 sys=0.00, real=0.00 secs] 
219.050: Total time for which application threads were stopped: 0.0035750 seconds, Stopping threads took: 0.0011930 seconds
219.080: Application time: 0.0302920 seconds
219.082: [GC219.082: [ParNew: 37566K->3601K(37568K), 0.0017900 secs] 517834K->483926K(758420K), 0.0018310 secs] [Times: user=0.01 sys=0.00, real=0.00 secs] 
219.084: Total time for which application threads were stopped: 0.0034500 seconds, Stopping threads took: 0.0015550 seconds
219.113: Application time: 0.0295710 seconds
219.116: [GC219.116: [ParNew: 37008K->4159K(37568K), 0.0027950 secs] 517333K->487339K(758420K), 0.0028410 secs] [Times: user=0.02 sys=0.00, real=0.00 secs] 
219.119: Total time for which application threads were stopped: 0.0053830 seconds, Stopping threads took: 0.0024760 seconds
219.148: Application time: 0.0291810 seconds
219.150: [GC219.150: [ParNew: 37567K->4158K(37568K), 0.0025650 secs] 520747K->489488K(758420K), 0.0026070 secs] [Times: user=0.02 sys=0.00, real=0.00 secs] 
219.153: Total time for which application threads were stopped: 0.0048300 seconds, Stopping threads took: 0.0021580 seconds
219.182: Application time: 0.0293920 seconds
219.184: [GC219.184: [ParNew: 37566K->4159K(37568K), 0.0025460 secs] 522896K->491526K(758420K), 0.0025880 secs] [Times: user=0.02 sys=0.00, real=0.00 secs] 
219.186: Total time for which application threads were stopped: 0.0045040 seconds, Stopping threads took: 0.0018510 seconds
219.216: Application time: 0.0292140 seconds
219.217: [GC219.217: [ParNew: 37567K->4159K(37568K), 0.0027650 secs] 524934K->494403K(758420K), 0.0028100 secs] [Times: user=0.02 sys=0.00, real=0.00 secs] 
219.220: Total time for which application threads were stopped: 0.0045190 seconds, Stopping threads took: 0.0016400 seconds
219.250: Application time: 0.0300130 seconds
219.252: [GC219.252: [ParNew: 37567K->4159K(37568K), 0.0024550 secs] 527811K->496188K(758420K), 0.0024990 secs] [Times: user=0.01 sys=0.00, real=0.01 secs] 
219.255: Total time for which application threads were stopped: 0.0045710 seconds, Stopping threads took: 0.0019960 seconds
219.284: Application time: 0.0296130 seconds
219.287: [GC219.287: [ParNew: 37567K->4158K(37568K), 0.0024020 secs] 529596K->497797K(758420K), 0.0024450 secs] [Times: user=0.01 sys=0.00, real=0.01 secs] 
219.289: Total time for which application threads were stopped: 0.0046230 seconds, Stopping threads took: 0.0021190 seconds
219.318: Application time: 0.0292000 seconds
219.320: [GC219.320: [ParNew: 37564K->4159K(37568K), 0.0028450 secs] 531204K->500887K(758420K), 0.0028880 secs] [Times: user=0.02 sys=0.00, real=0.00 secs] 
219.323: Total time for which application threads were stopped: 0.0050990 seconds, Stopping threads took: 0.0021460 seconds
219.353: Application time: 0.0299800 seconds
219.354: [GC219.354: [ParNew: 37567K->4158K(37568K), 0.0023690 secs] 534295K->502442K(758420K), 0.0024130 secs] [Times: user=0.02 sys=0.00, real=0.01 secs] 
219.357: Total time for which application threads were stopped: 0.0033640 seconds, Stopping threads took: 0.0008840 seconds
219.386: Application time: 0.0297570 seconds
219.388: [GC219.388: [ParNew: 37566K->4159K(37568K), 0.0025180 secs] 535850K->504500K(758420K), 0.0025610 secs] [Times: user=0.02 sys=0.00, real=0.00 secs] 
219.391: Total time for which application threads were stopped: 0.0042330 seconds, Stopping threads took: 0.0016120 seconds
219.420: Application time: 0.0293500 seconds
219.422: [GC219.422: [ParNew: 37566K->4159K(37568K), 0.0023400 secs] 537907K->505895K(758420K), 0.0023820 secs] [Times: user=0.01 sys=0.00, real=0.00 secs] 
219.424: Total time for which application threads were stopped: 0.0040210 seconds, Stopping threads took: 0.0015730 seconds
219.453: Application time: 0.0293780 seconds
219.456: [GC219.456: [ParNew: 37567K->4159K(37568K), 0.0026070 secs] 539303K->508250K(758420K), 0.0026490 secs] [Times: user=0.02 sys=0.00, real=0.00 secs] 
219.459: Total time for which application threads were stopped: 0.0054260 seconds, Stopping threads took: 0.0027130 seconds
219.489: Application time: 0.0300810 seconds
219.492: [GC219.492: [ParNew: 37567K->4159K(37568K), 0.0025270 secs] 541658K->510528K(758420K), 0.0025680 secs] [Times: user=0.02 sys=0.00, real=0.00 secs] 
219.494: Total time for which application threads were stopped: 0.0055050 seconds, Stopping threads took: 0.0028730 seconds
219.524: Application time: 0.0292620 seconds
219.525: [GC219.525: [ParNew: 37567K->4159K(37568K), 0.0025620 secs] 543936K->512764K(758420K), 0.0026060 secs] [Times: user=0.01 sys=0.01, real=0.01 secs] 
219.527: Total time for which application threads were stopped: 0.0036640 seconds, Stopping threads took: 0.0009910 seconds
219.557: Application time: 0.0297770 seconds
219.559: [GC219.559: [ParNew: 37567K->4158K(37568K), 0.0025140 secs] 546172K->514807K(758420K), 0.0025560 secs] [Times: user=0.01 sys=0.00, real=0.00 secs] 
219.561: Total time for which application threads were stopped: 0.0040740 seconds, Stopping threads took: 0.0014530 seconds
219.590: Application time: 0.0286590 seconds
219.591: [GC219.591: [ParNew: 37566K->4159K(37568K), 0.0026850 secs] 548215K->517604K(758420K), 0.0027300 secs] [Times: user=0.02 sys=0.00, real=0.00 secs] 
219.594: Total time for which application threads were stopped: 0.0042200 seconds, Stopping threads took: 0.0014230 seconds
219.623: Application time: 0.0284470 seconds
219.624: [GC219.624: [ParNew: 37567K->4159K(37568K), 0.0028220 secs] 551012K->520199K(758420K), 0.0028650 secs] [Times: user=0.02 sys=0.00, real=0.01 secs] 
219.627: Total time for which application threads were stopped: 0.0041950 seconds, Stopping threads took: 0.0012660 seconds
219.657: Application time: 0.0305700 seconds
219.660: [GC219.660: [ParNew: 37567K->4158K(37568K), 0.0028610 secs] 553607K->523597K(758420K), 0.0029010 secs] [Times: user=0.02 sys=0.00, real=0.00 secs] 
219.663: Total time for which application threads were stopped: 0.0057820 seconds, Stopping threads took: 0.0028170 seconds
219.693: Application time: 0.0297800 seconds
219.695: [GC219.695: [ParNew: 37566K->4159K(37568K), 0.0028240 secs] 557005K->526737K(758420K), 0.0028700 secs] [Times: user=0.02 sys=0.00, real=0.00 secs] 
219.698: Total time for which application threads were stopped: 0.0050630 seconds, Stopping threads took: 0.0021280 seconds
219.728: Application time: 0.0296320 seconds
219.729: [GC219.729: [ParNew: 37567K->4158K(37568K), 0.0028450 secs] 560145K->529704K(758420K), 0.0028910 secs] [Times: user=0.02 sys=0.00, real=0.00 secs] 
219.732: Total time for which application threads were stopped: 0.0043240 seconds, Stopping threads took: 0.0013670 seconds
219.761: Application time: 0.0288970 seconds
219.763: [GC219.763: [ParNew: 37566K->4159K(37568K), 0.0027250 secs] 563112K->532496K(758420K), 0.0027720 secs] [Times: user=0.02 sys=0.00, real=0.00 secs] 
219.766: Total time for which application threads were stopped: 0.0051590 seconds, Stopping threads took: 0.0023110 seconds
219.795: Application time: 0.0292090 seconds
219.797: [GC219.797: [ParNew: 37567K->4158K(37568K), 0.0028330 secs] 565904K->535683K(758420K), 0.0028780 secs] [Times: user=0.02 sys=0.00, real=0.00 secs] 
219.800: Total time for which application threads were stopped: 0.0045550 seconds, Stopping threads took: 0.0016110 seconds
219.829: Application time: 0.0295370 seconds
219.832: [GC219.832: [ParNew: 37565K->4158K(37568K), 0.0029650 secs] 569089K->539291K(758420K), 0.0030250 secs] [Times: user=0.02 sys=0.00, real=0.01 secs] 
219.835: Total time for which application threads were stopped: 0.0053410 seconds, Stopping threads took: 0.0022490 seconds
219.863: Application time: 0.0285170 seconds
219.865: [GC219.865: [ParNew: 37566K->4158K(37568K), 0.0026240 secs] 572699K->541784K(758420K), 0.0026680 secs] [Times: user=0.02 sys=0.01, real=0.01 secs] 
219.867: Total time for which application threads were stopped: 0.0043170 seconds, Stopping threads took: 0.0015850 seconds
219.897: Application time: 0.0297420 seconds
219.899: [GC219.899: [ParNew: 37566K->4158K(37568K), 0.0026460 secs] 575192K->544217K(758420K), 0.0026930 secs] [Times: user=0.02 sys=0.00, real=0.00 secs] 
219.902: Total time for which application threads were stopped: 0.0049290 seconds, Stopping threads took: 0.0021480 seconds
219.932: Application time: 0.0298370 seconds
219.935: [GC219.935: [ParNew: 37565K->4159K(37568K), 0.0023840 secs] 577624K->545986K(758420K), 0.0024300 secs] [Times: user=0.02 sys=0.00, real=0.00 secs] 
219.937: Total time for which application threads were stopped: 0.0050800 seconds, Stopping threads took: 0.0025790 seconds
219.965: Application time: 0.0281010 seconds
219.967: [GC219.967: [ParNew: 37567K->4159K(37568K), 0.0028670 secs] 579394K->549182K(758420K), 0.0029110 secs] [Times: user=0.02 sys=0.00, real=0.00 secs] 
219.970: Total time for which application threads were stopped: 0.0047590 seconds, Stopping threads took: 0.0017820 seconds
219.998: Application time: 0.0284540 seconds
220.000: [GC220.000: [ParNew: 37567K->4159K(37568K), 0.0028280 secs] 582590K->552283K(758420K), 0.0028720 secs] [Times: user=0.02 sys=0.00, real=0.00 secs] 
220.003: Total time for which application threads were stopped: 0.0049620 seconds, Stopping threads took: 0.0020250 seconds
220.033: Application time: 0.0297290 seconds
220.036: [GC220.036: [ParNew: 37567K->4158K(37568K), 0.0023300 secs] 585691K->553853K(758420K), 0.0023720 secs] [Times: user=0.02 sys=0.00, real=0.00 secs] 
220.038: Total time for which application threads were stopped: 0.0051660 seconds, Stopping threads took: 0.0027300 seconds
220.069: Application time: 0.0305530 seconds
220.072: [GC220.072: [ParNew: 37566K->4158K(37568K), 0.0021350 secs] 587261K->554771K(758420K), 0.0021770 secs] [Times: user=0.01 sys=0.00, real=0.00 secs] 
220.074: Total time for which application threads were stopped: 0.0050730 seconds, Stopping threads took: 0.0028300 seconds
220.104: Application time: 0.0305730 seconds
220.106: [GC220.106: [ParNew: 37566K->4159K(37568K), 0.0020860 secs] 588179K->555018K(758420K), 0.0021280 secs] [Times: user=0.02 sys=0.00, real=0.01 secs] 
220.109: Total time for which application threads were stopped: 0.0041260 seconds, Stopping threads took: 0.0019330 seconds
220.138: Application time: 0.0295440 seconds
220.140: [GC220.140: [ParNew: 37567K->4158K(37568K), 0.0022860 secs] 588426K->556080K(758420K), 0.0023270 secs] [Times: user=0.02 sys=0.00, real=0.00 secs] 
220.142: Total time for which application threads were stopped: 0.0039250 seconds, Stopping threads took: 0.0015380 seconds
220.171: Application time: 0.0289900 seconds
220.172: [GC220.172: [ParNew: 37566K->4158K(37568K), 0.0025150 secs] 589488K->558044K(758420K), 0.0025590 secs] [Times: user=0.02 sys=0.00, real=0.01 secs] 
220.175: Total time for which application threads were stopped: 0.0037960 seconds, Stopping threads took: 0.0011710 seconds
220.205: Application time: 0.0298780 seconds
220.206: [GC220.206: [ParNew: 37566K->4159K(37568K), 0.0023590 secs] 591452K->559527K(758420K), 0.0024000 secs] [Times: user=0.02 sys=0.00, real=0.01 secs] 
220.209: Total time for which application threads were stopped: 0.0040170 seconds, Stopping threads took: 0.0015510 seconds
220.239: Application time: 0.0300010 seconds
220.241: [GC220.241: [ParNew: 37567K->4159K(37568K), 0.0023530 secs] 592935K->560884K(758420K), 0.0024070 secs] [Times: user=0.01 sys=0.01, real=0.00 secs] 
220.243: Total time for which application threads were stopped: 0.0042780 seconds, Stopping threads took: 0.0018090 seconds
220.272: Application time: 0.0293580 seconds
220.274: [GC220.274: [ParNew: 37566K->4158K(37568K), 0.0028580 secs] 594291K->563993K(758420K), 0.0029020 secs] [Times: user=0.02 sys=0.00, real=0.01 secs] 
220.277: Total time for which application threads were stopped: 0.0043020 seconds, Stopping threads took: 0.0013260 seconds
220.306: Application time: 0.0291960 seconds
220.307: [GC220.307: [ParNew: 37565K->4159K(37568K), 0.0024450 secs] 597401K->565878K(758420K), 0.0024850 secs] [Times: user=0.02 sys=0.00, real=0.00 secs] 
220.309: Total time for which application threads were stopped: 0.0034830 seconds, Stopping threads took: 0.0009320 seconds
220.339: Application time: 0.0297060 seconds
220.343: [GC220.343: [ParNew: 37565K->4159K(37568K), 0.0027460 secs] 599284K->568668K(758420K), 0.0027900 secs] [Times: user=0.02 sys=0.00, real=0.00 secs] 
220.345: Total time for which application threads were stopped: 0.0064030 seconds, Stopping threads took: 0.0035490 seconds
220.376: Application time: 0.0309130 seconds
220.379: [GC220.379: [ParNew: 37567K->4159K(37568K), 0.0023820 secs] 602076K->570391K(758420K), 0.0024200 secs] [Times: user=0.02 sys=0.00, real=0.00 secs] 
220.382: Total time for which application threads were stopped: 0.0052410 seconds, Stopping threads took: 0.0027550 seconds
220.411: Application time: 0.0297510 seconds
220.413: [GC220.413: [ParNew: 37567K->4159K(37568K), 0.0023020 secs] 603799K->571625K(758420K), 0.0023440 secs] [Times: user=0.02 sys=0.00, real=0.01 secs] 
220.415: Total time for which application threads were stopped: 0.0037820 seconds, Stopping threads took: 0.0013710 seconds
220.445: Application time: 0.0293520 seconds
220.446: [GC220.446: [ParNew: 37567K->4158K(37568K), 0.0022800 secs] 605033K->572776K(758420K), 0.0023240 secs] [Times: user=0.01 sys=0.00, real=0.01 secs] 
220.448: Total time for which application threads were stopped: 0.0038020 seconds, Stopping threads took: 0.0014130 seconds
220.479: Application time: 0.0309380 seconds
220.482: [GC220.482: [ParNew: 37566K->3207K(37568K), 0.0015640 secs] 606184K->571826K(758420K), 0.0016040 secs] [Times: user=0.01 sys=0.00, real=0.00 secs] 
220.484: Total time for which application threads were stopped: 0.0042180 seconds, Stopping threads took: 0.0025520 seconds
220.512: Application time: 0.0283180 seconds
220.514: [GC220.514: [ParNew: 36615K->4159K(37568K), 0.0026760 secs] 605234K->575336K(758420K), 0.0027190 secs] [Times: user=0.02 sys=0.00, real=0.01 secs] 
220.517: Total time for which application threads were stopped: 0.0047110 seconds, Stopping threads took: 0.0019260 seconds
220.544: Application time: 0.0278040 seconds
220.547: [GC220.547: [ParNew: 37567K->4158K(37568K), 0.0027400 secs] 608744K->578144K(758420K), 0.0027820 secs] [Times: user=0.02 sys=0.00, real=0.00 secs] 
220.550: Total time for which application threads were stopped: 0.0051590 seconds, Stopping threads took: 0.0023110 seconds
220.579: Application time: 0.0297780 seconds
220.581: [GC220.581: [ParNew: 37566K->4159K(37568K), 0.0024570 secs] 611552K->579938K(758420K), 0.0025010 secs] [Times: user=0.02 sys=0.00, real=0.00 secs] 
220.584: Total time for which application threads were stopped: 0.0046630 seconds, Stopping threads took: 0.0020970 seconds
220.613: Application time: 0.0290270 seconds
220.615: [GC220.615: [ParNew: 37567K->4158K(37568K), 0.0029430 secs] 613346K->583001K(758420K), 0.0029870 secs] [Times: user=0.02 sys=0.00, real=0.00 secs] 
220.618: Total time for which application threads were stopped: 0.0046700 seconds, Stopping threads took: 0.0016180 seconds
220.647: Application time: 0.0293780 seconds
220.649: [GC220.649: [ParNew: 37566K->4158K(37568K), 0.0024430 secs] 616409K->585004K(758420K), 0.0024880 secs] [Times: user=0.02 sys=0.00, real=0.00 secs] 
220.652: Total time for which application threads were stopped: 0.0047510 seconds, Stopping threads took: 0.0021960 seconds
220.680: Application time: 0.0285040 seconds
220.681: [GC220.681: [ParNew: 37566K->4159K(37568K), 0.0032690 secs] 618412K->587858K(758420K), 0.0033280 secs] [Times: user=0.02 sys=0.00, real=0.00 secs] 
220.685: Total time for which application threads were stopped: 0.0044640 seconds, Stopping threads took: 0.0010690 seconds
220.714: Application time: 0.0293150 seconds
220.717: [GC220.717: [ParNew: 37567K->4158K(37568K), 0.0027950 secs] 621266K->590566K(758420K), 0.0028390 secs] [Times: user=0.02 sys=0.00, real=0.00 secs] 
220.720: Total time for which application threads were stopped: 0.0057090 seconds, Stopping threads took: 0.0028040 seconds
220.748: Application time: 0.0281620 seconds
220.749: [GC220.749: [ParNew: 37566K->4158K(37568K), 0.0029780 secs] 623974K->594025K(758420K), 0.0030230 secs] [Times: user=0.02 sys=0.00, real=0.00 secs] 
220.752: Total time for which application threads were stopped: 0.0040990 seconds, Stopping threads took: 0.0010070 seconds
220.783: Application time: 0.0312870 seconds
220.786: [GC220.786: [ParNew: 37566K->4159K(37568K), 0.0028940 secs] 627433K->597293K(758420K), 0.0029350 secs] [Times: user=0.02 sys=0.00, real=0.01 secs] 
220.789: Total time for which application threads were stopped: 0.0052770 seconds, Stopping threads took: 0.0022700 seconds
220.818: Application time: 0.0294340 seconds
220.820: [GC220.820: [ParNew: 37567K->4158K(37568K), 0.0026760 secs] 630701K->599746K(758420K), 0.0027160 secs] [Times: user=0.01 sys=0.00, real=0.00 secs] 
220.822: Total time for which application threads were stopped: 0.0043230 seconds, Stopping threads took: 0.0015420 seconds
220.852: Application time: 0.0297520 seconds
220.854: [GC220.854: [ParNew: 37566K->4159K(37568K), 0.0023690 secs] 633154K->601456K(758420K), 0.0024130 secs] [Times: user=0.01 sys=0.00, real=0.01 secs] 
220.857: Total time for which application threads were stopped: 0.0045250 seconds, Stopping threads took: 0.0020460 seconds
220.886: Application time: 0.0290710 seconds
220.887: [GC220.887: [ParNew: 37567K->4158K(37568K), 0.0025310 secs] 634864K->603493K(758420K), 0.0025750 secs] [Times: user=0.02 sys=0.00, real=0.00 secs] 
220.890: Total time for which application threads were stopped: 0.0041530 seconds, Stopping threads took: 0.0015140 seconds
220.920: Application time: 0.0298010 seconds
220.921: [GC220.921: [ParNew: 37566K->4125K(37568K), 0.0018410 secs] 636901K->603460K(758420K), 0.0018830 secs] [Times: user=0.01 sys=0.00, real=0.00 secs] 
220.923: Total time for which application threads were stopped: 0.0031030 seconds, Stopping threads took: 0.0011570 seconds
220.952: Application time: 0.0293120 seconds
220.955: [GC220.955: [ParNew: 37533K->4159K(37568K), 0.0023590 secs] 636868K->604905K(758420K), 0.0024020 secs] [Times: user=0.01 sys=0.00, real=0.00 secs] 
220.957: Total time for which application threads were stopped: 0.0050290 seconds, Stopping threads took: 0.0025620 seconds
220.986: Application time: 0.0288480 seconds
220.987: [GC220.987: [ParNew: 37567K->4159K(37568K), 0.0029300 secs] 638313K->608237K(758420K), 0.0029730 secs] [Times: user=0.03 sys=0.00, real=0.00 secs] 
220.990: Total time for which application threads were stopped: 0.0041540 seconds, Stopping threads took: 0.0011170 seconds
221.019: Application time: 0.0289620 seconds
221.021: [GC221.021: [ParNew: 37567K->4159K(37568K), 0.0028610 secs] 641645K->611454K(758420K), 0.0029050 secs] [Times: user=0.02 sys=0.00, real=0.00 secs] 
221.023: Total time for which application threads were stopped: 0.0043680 seconds, Stopping threads took: 0.0013990 seconds
221.054: Application time: 0.0304850 seconds
221.056: [GC221.056: [ParNew: 37567K->4159K(37568K), 0.0028540 secs] 644862K->614543K(758420K), 0.0028990 secs] [Times: user=0.02 sys=0.00, real=0.00 secs] 
221.059: Total time for which application threads were stopped: 0.0053330 seconds, Stopping threads took: 0.0023700 seconds
221.089: Application time: 0.0298770 seconds
221.092: [GC221.092: [ParNew: 37567K->4159K(37568K), 0.0024580 secs] 647951K->616544K(758420K), 0.0024980 secs] [Times: user=0.02 sys=0.00, real=0.00 secs] 
221.094: Total time for which application threads were stopped: 0.0049420 seconds, Stopping threads took: 0.0023770 seconds
221.123: Application time: 0.0291020 seconds
221.125: [GC221.125: [ParNew: 37566K->4158K(37568K), 0.0027930 secs] 649951K->619408K(758420K), 0.0028380 secs] [Times: user=0.02 sys=0.00, real=0.01 secs] 
221.128: Total time for which application threads were stopped: 0.0045760 seconds, Stopping threads took: 0.0016720 seconds
221.157: Application time: 0.0288340 seconds
221.158: [GC221.158: [ParNew: 37566K->4158K(37568K), 0.0027230 secs] 652816K->622130K(758420K), 0.0027690 secs] [Times: user=0.02 sys=0.00, real=0.00 secs] 
221.161: Total time for which application threads were stopped: 0.0045250 seconds, Stopping threads took: 0.0016910 seconds
221.191: Application time: 0.0294030 seconds
221.192: [GC221.192: [ParNew: 37566K->4159K(37568K), 0.0026970 secs] 655538K->624687K(758420K), 0.0027390 secs] [Times: user=0.02 sys=0.00, real=0.01 secs] 
221.195: Total time for which application threads were stopped: 0.0046150 seconds, Stopping threads took: 0.0018150 seconds
221.225: Application time: 0.0296420 seconds
221.226: [GC221.226: [ParNew: 37567K->4159K(37568K), 0.0025070 secs] 658095K->626593K(758420K), 0.0025510 secs] [Times: user=0.02 sys=0.00, real=0.01 secs] 
221.229: Total time for which application threads were stopped: 0.0041750 seconds, Stopping threads took: 0.0015590 seconds
221.259: Application time: 0.0296010 seconds
221.261: [GC221.261: [ParNew: 37567K->4159K(37568K), 0.0024600 secs] 660001K->627682K(758420K), 0.0025020 secs] [Times: user=0.01 sys=0.00, real=0.00 secs] 
221.264: Total time for which application threads were stopped: 0.0050680 seconds, Stopping threads took: 0.0025020 seconds
221.294: Application time: 0.0300960 seconds
221.296: [GC221.296: [ParNew: 37567K->4159K(37568K), 0.0023350 secs] 661090K->629114K(758420K), 0.0023810 secs] [Times: user=0.02 sys=0.00, real=0.00 secs] 
221.298: Total time for which application threads were stopped: 0.0042660 seconds, Stopping threads took: 0.0018090 seconds
221.328: Application time: 0.0297750 seconds
221.330: [GC221.330: [ParNew: 37567K->4158K(37568K), 0.0024070 secs] 662522K->630922K(758420K), 0.0024490 secs] [Times: user=0.02 sys=0.00, real=0.00 secs] 
221.332: Total time for which application threads were stopped: 0.0043120 seconds, Stopping threads took: 0.0017980 seconds
221.361: Application time: 0.0290060 seconds
221.363: [GC221.363: [ParNew: 37566K->4159K(37568K), 0.0027580 secs] 664330K->633625K(758420K), 0.0028020 secs] [Times: user=0.02 sys=0.00, real=0.00 secs] 
221.366: Total time for which application threads were stopped: 0.0045950 seconds, Stopping threads took: 0.0017270 seconds
221.396: Application time: 0.0297700 seconds
221.398: [GC221.398: [ParNew: 37567K->4159K(37568K), 0.0026450 secs] 667033K->635710K(758420K), 0.0026920 secs] [Times: user=0.02 sys=0.00, real=0.00 secs] 
221.401: Total time for which application threads were stopped: 0.0050870 seconds, Stopping threads took: 0.0023280 seconds
221.432: Application time: 0.0317310 seconds
221.435: [GC221.435: [ParNew: 37567K->4158K(37568K), 0.0020770 secs] 669118K->636320K(758420K), 0.0021200 secs] [Times: user=0.02 sys=0.00, real=0.00 secs] 
221.438: Total time for which application threads were stopped: 0.0052680 seconds, Stopping threads took: 0.0030830 seconds
221.467: Application time: 0.0297000 seconds
221.470: [GC221.470: [ParNew: 37564K->4158K(37568K), 0.0030630 secs] 669726K->639728K(758420K), 0.0031120 secs] [Times: user=0.03 sys=0.00, real=0.00 secs] 
221.473: Total time for which application threads were stopped: 0.0055490 seconds, Stopping threads took: 0.0023580 seconds
221.504: Application time: 0.0310840 seconds
221.506: [GC221.506: [ParNew: 37565K->4159K(37568K), 0.0026360 secs] 673135K->642016K(758420K), 0.0026790 secs] [Times: user=0.02 sys=0.00, real=0.01 secs] 
221.509: Total time for which application threads were stopped: 0.0046360 seconds, Stopping threads took: 0.0018800 seconds
221.540: Application time: 0.0317540 seconds
221.542: [GC221.542: [ParNew: 37567K->3696K(37568K), 0.0018060 secs] 675424K->641553K(758420K), 0.0018600 secs] [Times: user=0.01 sys=0.00, real=0.00 secs] 
221.543: Total time for which application threads were stopped: 0.0031320 seconds, Stopping threads took: 0.0012130 seconds
221.574: Application time: 0.0302410 seconds
221.576: [GC221.576: [ParNew: 37104K->4158K(37568K), 0.0025650 secs] 674961K->643865K(758420K), 0.0026090 secs] [Times: user=0.02 sys=0.00, real=0.00 secs] 
221.579: Total time for which application threads were stopped: 0.0051280 seconds, Stopping threads took: 0.0024520 seconds
221.610: Application time: 0.0310410 seconds
221.611: [GC221.611: [ParNew: 37566K->4158K(37568K), 0.0025850 secs] 677273K->645989K(758420K), 0.0026290 secs] [Times: user=0.02 sys=0.00, real=0.00 secs] 
221.614: Total time for which application threads were stopped: 0.0038800 seconds, Stopping threads took: 0.0011850 seconds
221.644: Application time: 0.0302460 seconds
221.647: [GC221.647: [ParNew: 37566K->4159K(37568K), 0.0030910 secs] 679397K->649397K(758420K), 0.0031340 secs] [Times: user=0.02 sys=0.00, real=0.00 secs] 
221.650: Total time for which application threads were stopped: 0.0059300 seconds, Stopping threads took: 0.0027280 seconds
221.682: Application time: 0.0317250 seconds
221.684: [GC221.684: [ParNew: 37567K->4158K(37568K), 0.0023620 secs] 682805K->649784K(758420K), 0.0024120 secs] [Times: user=0.01 sys=0.00, real=0.00 secs] 
221.687: Total time for which application threads were stopped: 0.0048970 seconds, Stopping threads took: 0.0024080 seconds
221.717: Application time: 0.0305890 seconds
221.719: [GC221.719: [ParNew: 37566K->4159K(37568K), 0.0029000 secs] 683192K->652870K(758420K), 0.0029460 secs] [Times: user=0.02 sys=0.00, real=0.00 secs] 
221.722: Total time for which application threads were stopped: 0.0048040 seconds, Stopping threads took: 0.0017900 seconds
221.754: Application time: 0.0322550 seconds
221.757: [GC221.757: [ParNew: 37567K->4159K(37568K), 0.0025190 secs] 686278K->654920K(758420K), 0.0025660 secs] [Times: user=0.01 sys=0.00, real=0.00 secs] 
221.760: Total time for which application threads were stopped: 0.0055020 seconds, Stopping threads took: 0.0028700 seconds
221.792: Application time: 0.0318200 seconds
221.793: [GC221.793: [ParNew: 37567K->4159K(37568K), 0.0025770 secs] 688328K->656914K(758420K), 0.0026190 secs] [Times: user=0.02 sys=0.00, real=0.01 secs] 
221.796: Total time for which application threads were stopped: 0.0042890 seconds, Stopping threads took: 0.0016080 seconds
 CMS: abort preclean due to time 221.799: [CMS-concurrent-abortable-preclean: 0.669/5.015 secs] [Times: user=37.64 sys=0.22, real=5.02 secs] 
221.799: Application time: 0.0029750 seconds
221.800: [GC[YG occupancy: 9267 K (37568 K)]221.800: [Rescan (parallel) , 0.0003770 secs]221.801: [weak refs processing, 0.0000090 secs]221.801: [scrub string table, 0.0001120 secs] [1 CMS-remark: 652755K(720852K)] 662022K(758420K), 0.0005270 secs] [Times: user=0.01 sys=0.00, real=0.00 secs] 
221.801: Total time for which application threads were stopped: 0.0020590 seconds, Stopping threads took: 0.0014940 seconds
221.801: [CMS-concurrent-sweep-start]
221.830: Application time: 0.0289440 seconds
221.834: [GC221.834: [ParNew: 37566K->4158K(37568K), 0.0028390 secs] 428673K->398171K(758420K), 0.0028830 secs] [Times: user=0.02 sys=0.00, real=0.01 secs] 
221.837: Total time for which application threads were stopped: 0.0070260 seconds, Stopping threads took: 0.0040750 seconds
221.844: [CMS-concurrent-sweep: 0.036/0.043 secs] [Times: user=0.31 sys=0.00, real=0.04 secs] 
221.844: [CMS-concurrent-reset-start]
221.847: [CMS-concurrent-reset: 0.003/0.003 secs] [Times: user=0.03 sys=0.00, real=0.01 secs] 
221.869: Application time: 0.0324880 seconds
221.871: [GC221.871: [ParNew: 37566K->4159K(37568K), 0.0030090 secs] 360534K->330814K(758420K), 0.0030540 secs] [Times: user=0.02 sys=0.00, real=0.00 secs] 
221.874: Total time for which application threads were stopped: 0.0047660 seconds, Stopping threads took: 0.0016440 seconds
221.874: Application time: 0.0001300 seconds
221.878: [GC [1 CMS-initial-mark: 326654K(720852K)] 331154K(758420K), 0.0001980 secs] [Times: user=0.00 sys=0.00, real=0.00 secs] 
221.878: Total time for which application threads were stopped: 0.0040540 seconds, Stopping threads took: 0.0038320 seconds
221.878: [CMS-concurrent-mark-start]
221.900: [CMS-concurrent-mark: 0.021/0.021 secs] [Times: user=0.16 sys=0.00, real=0.02 secs] 
221.900: [CMS-concurrent-preclean-start]
221.901: [CMS-concurrent-preclean: 0.001/0.001 secs] [Times: user=0.00 sys=0.00, real=0.00 secs] 
221.901: [CMS-concurrent-abortable-preclean-start]
221.910: Application time: 0.0315870 seconds
221.912: [GC221.912: [ParNew: 37567K->4158K(37568K), 0.0026830 secs] 364222K->333260K(758420K), 0.0027270 secs] [Times: user=0.02 sys=0.00, real=0.00 secs] 
221.915: Total time for which application threads were stopped: 0.0046330 seconds, Stopping threads took: 0.0018370 seconds
221.947: Application time: 0.0328210 seconds
221.951: [GC221.951: [ParNew: 37566K->4158K(37568K), 0.0028800 secs] 366668K->336640K(758420K), 0.0029240 secs] [Times: user=0.02 sys=0.00, real=0.00 secs] 
221.954: Total time for which application threads were stopped: 0.0062680 seconds, Stopping threads took: 0.0032770 seconds
221.985: Application time: 0.0318590 seconds
221.989: [GC221.989: [ParNew: 37566K->4159K(37568K), 0.0029630 secs] 370048K->339857K(758420K), 0.0030040 secs] [Times: user=0.02 sys=0.00, real=0.00 secs] 
221.992: Total time for which application threads were stopped: 0.0062850 seconds, Stopping threads took: 0.0032150 seconds
222.023: Application time: 0.0311390 seconds
222.025: [GC222.025: [ParNew: 37565K->4158K(37568K), 0.0024630 secs] 373263K->341634K(758420K), 0.0025060 secs] [Times: user=0.02 sys=0.00, real=0.01 secs] 
222.028: Total time for which application threads were stopped: 0.0048110 seconds, Stopping threads took: 0.0022390 seconds
222.059: Application time: 0.0317520 seconds
222.061: [GC222.061: [ParNew: 37566K->4159K(37568K), 0.0025600 secs] 375042K->343732K(758420K), 0.0026060 secs] [Times: user=0.01 sys=0.00, real=0.00 secs] 
222.064: Total time for which application threads were stopped: 0.0041500 seconds, Stopping threads took: 0.0014750 seconds
222.094: Application time: 0.0308680 seconds
222.096: [GC222.096: [ParNew: 37567K->4159K(37568K), 0.0026030 secs] 377140K->345828K(758420K), 0.0026510 secs] [Times: user=0.02 sys=0.00, real=0.00 secs] 
222.099: Total time for which application threads were stopped: 0.0045210 seconds, Stopping threads took: 0.0017830 seconds
222.132: Application time: 0.0328970 seconds
222.134: [GC222.134: [ParNew: 37567K->3208K(37568K), 0.0016360 secs] 379236K->344877K(758420K), 0.0016800 secs] [Times: user=0.02 sys=0.00, real=0.01 secs] 
222.136: Total time for which application threads were stopped: 0.0042520 seconds, Stopping threads took: 0.0025070 seconds
222.167: Application time: 0.0311980 seconds
222.169: [GC222.169: [ParNew: 36616K->4159K(37568K), 0.0025430 secs] 378285K->347800K(758420K), 0.0025870 secs] [Times: user=0.02 sys=0.00, real=0.00 secs] 
222.172: Total time for which application threads were stopped: 0.0045950 seconds, Stopping threads took: 0.0019170 seconds
222.204: Application time: 0.0318250 seconds
222.206: [GC222.206: [ParNew: 37567K->4158K(37568K), 0.0024430 secs] 381208K->349597K(758420K), 0.0024880 secs] [Times: user=0.02 sys=0.00, real=0.01 secs] 
222.209: Total time for which application threads were stopped: 0.0051250 seconds, Stopping threads took: 0.0025710 seconds
222.240: Application time: 0.0312190 seconds
222.242: [GC222.242: [ParNew: 37566K->4158K(37568K), 0.0027220 secs] 383005K->352354K(758420K), 0.0027690 secs] [Times: user=0.02 sys=0.00, real=0.00 secs] 
222.245: Total time for which application threads were stopped: 0.0044930 seconds, Stopping threads took: 0.0016600 seconds
222.275: Application time: 0.0305000 seconds
222.278: [GC222.278: [ParNew: 37566K->4158K(37568K), 0.0028360 secs] 385762K->355501K(758420K), 0.0028800 secs] [Times: user=0.02 sys=0.00, real=0.00 secs] 
222.281: Total time for which application threads were stopped: 0.0056170 seconds, Stopping threads took: 0.0026610 seconds
222.313: Application time: 0.0318790 seconds
222.314: [GC222.314: [ParNew: 37566K->4159K(37568K), 0.0026660 secs] 388909K->358072K(758420K), 0.0027100 secs] [Times: user=0.02 sys=0.00, real=0.01 secs] 
222.317: Total time for which application threads were stopped: 0.0042590 seconds, Stopping threads took: 0.0014710 seconds
222.348: Application time: 0.0313710 seconds
222.351: [GC222.351: [ParNew: 37567K->4159K(37568K), 0.0023820 secs] 391480K->359543K(758420K), 0.0024250 secs] [Times: user=0.01 sys=0.00, real=0.00 secs] 
222.353: Total time for which application threads were stopped: 0.0052280 seconds, Stopping threads took: 0.0027360 seconds
222.385: Application time: 0.0313570 seconds
222.387: [GC222.387: [ParNew: 37567K->4158K(37568K), 0.0024490 secs] 392951K->361369K(758420K), 0.0024840 secs] [Times: user=0.02 sys=0.00, real=0.00 secs] 
222.390: Total time for which application threads were stopped: 0.0049360 seconds, Stopping threads took: 0.0023860 seconds
222.421: Application time: 0.0313130 seconds
222.423: [GC222.423: [ParNew: 37566K->4158K(37568K), 0.0020900 secs] 394777K->362145K(758420K), 0.0021330 secs] [Times: user=0.01 sys=0.00, real=0.00 secs] 
222.425: Total time for which application threads were stopped: 0.0037500 seconds, Stopping threads took: 0.0015520 seconds
222.456: Application time: 0.0313180 seconds
222.459: [GC222.459: [ParNew: 37566K->4158K(37568K), 0.0025120 secs] 395553K->364247K(758420K), 0.0025560 secs] [Times: user=0.02 sys=0.00, real=0.00 secs] 
222.462: Total time for which application threads were stopped: 0.0053270 seconds, Stopping threads took: 0.0027020 seconds
222.493: Application time: 0.0317760 seconds
222.496: [GC222.496: [ParNew: 37566K->4158K(37568K), 0.0025070 secs] 397655K->366240K(758420K), 0.0025510 secs] [Times: user=0.02 sys=0.00, real=0.00 secs] 
222.499: Total time for which application threads were stopped: 0.0054990 seconds, Stopping threads took: 0.0028840 seconds
222.530: Application time: 0.0316630 seconds
222.533: [GC222.533: [ParNew: 37566K->4158K(37568K), 0.0027640 secs] 399648K->369131K(758420K), 0.0028110 secs] [Times: user=0.02 sys=0.00, real=0.01 secs] 
222.536: Total time for which application threads were stopped: 0.0057350 seconds, Stopping threads took: 0.0028570 seconds
222.566: Application time: 0.0300890 seconds
222.568: [GC222.568: [ParNew: 37566K->4159K(37568K), 0.0027390 secs] 402539K->371869K(758420K), 0.0027840 secs] [Times: user=0.02 sys=0.00, real=0.00 secs] 
222.571: Total time for which application threads were stopped: 0.0048100 seconds, Stopping threads took: 0.0019600 seconds
222.603: Application time: 0.0318880 seconds
222.606: [GC222.606: [ParNew: 37567K->4158K(37568K), 0.0027040 secs] 405277K->374463K(758420K), 0.0027490 secs] [Times: user=0.02 sys=0.00, real=0.01 secs] 
222.609: Total time for which application threads were stopped: 0.0056340 seconds, Stopping threads took: 0.0028170 seconds
222.640: Application time: 0.0313890 seconds
222.642: [GC222.642: [ParNew: 37566K->4159K(37568K), 0.0027820 secs] 407871K->377432K(758420K), 0.0028270 secs] [Times: user=0.02 sys=0.00, real=0.00 secs] 
222.645: Total time for which application threads were stopped: 0.0052860 seconds, Stopping threads took: 0.0023950 seconds
222.677: Application time: 0.0317700 seconds
222.680: [GC222.680: [ParNew: 37566K->4158K(37568K), 0.0025080 secs] 410839K->379323K(758420K), 0.0025510 secs] [Times: user=0.01 sys=0.00, real=0.00 secs] 
222.682: Total time for which application threads were stopped: 0.0050980 seconds, Stopping threads took: 0.0024790 seconds
222.714: Application time: 0.0319390 seconds
222.716: [GC222.716: [ParNew: 37566K->4158K(37568K), 0.0021990 secs] 412731K->380597K(758420K), 0.0022430 secs] [Times: user=0.02 sys=0.00, real=0.00 secs] 
222.718: Total time for which application threads were stopped: 0.0040810 seconds, Stopping threads took: 0.0017710 seconds
222.750: Application time: 0.0322110 seconds
222.753: [GC222.753: [ParNew: 37566K->4158K(37568K), 0.0022480 secs] 414005K->381829K(758420K), 0.0023020 secs] [Times: user=0.02 sys=0.00, real=0.01 secs] 
222.755: Total time for which application threads were stopped: 0.0045190 seconds, Stopping threads took: 0.0021510 seconds
222.786: Application time: 0.0312510 seconds
222.788: [GC222.788: [ParNew: 37566K->4158K(37568K), 0.0026710 secs] 415237K->384379K(758420K), 0.0027150 secs] [Times: user=0.02 sys=0.00, real=0.00 secs] 
222.790: Total time for which application threads were stopped: 0.0042160 seconds, Stopping threads took: 0.0014330 seconds
222.822: Application time: 0.0314520 seconds
222.825: [GC222.825: [ParNew: 37566K->4159K(37568K), 0.0024500 secs] 417787K->386287K(758420K), 0.0024940 secs] [Times: user=0.01 sys=0.00, real=0.01 secs] 
222.827: Total time for which application threads were stopped: 0.0054100 seconds, Stopping threads took: 0.0028410 seconds
222.858: Application time: 0.0309760 seconds
222.861: [GC222.861: [ParNew: 37567K->4158K(37568K), 0.0028910 secs] 419695K->389601K(758420K), 0.0029370 secs] [Times: user=0.02 sys=0.00, real=0.00 secs] 
222.864: Total time for which application threads were stopped: 0.0053270 seconds, Stopping threads took: 0.0023230 seconds
222.893: Application time: 0.0297060 seconds
222.896: [GC222.896: [ParNew: 37566K->4158K(37568K), 0.0030430 secs] 423009K->393287K(758420K), 0.0030900 secs] [Times: user=0.02 sys=0.00, real=0.00 secs] 
222.899: Total time for which application threads were stopped: 0.0055800 seconds, Stopping threads took: 0.0024220 seconds
222.931: Application time: 0.0319340 seconds
222.933: [GC222.933: [ParNew: 37566K->4159K(37568K), 0.0026390 secs] 426695K->395833K(758420K), 0.0026860 secs] [Times: user=0.02 sys=0.00, real=0.01 secs] 
222.936: Total time for which application threads were stopped: 0.0053540 seconds, Stopping threads took: 0.0025990 seconds
222.966: Application time: 0.0302010 seconds
222.968: [GC222.968: [ParNew: 37567K->4158K(37568K), 0.0029580 secs] 429241K->399260K(758420K), 0.0030050 secs] [Times: user=0.02 sys=0.00, real=0.00 secs] 
222.971: Total time for which application threads were stopped: 0.0048350 seconds, Stopping threads took: 0.0017620 seconds
223.003: Application time: 0.0314940 seconds
223.005: [GC223.005: [ParNew: 37566K->4159K(37568K), 0.0026680 secs] 432668K->401543K(758420K), 0.0027130 secs] [Times: user=0.01 sys=0.00, real=0.01 secs] 
223.008: Total time for which application threads were stopped: 0.0050950 seconds, Stopping threads took: 0.0023150 seconds
223.039: Application time: 0.0314660 seconds
223.041: [GC223.041: [ParNew: 37567K->4158K(37568K), 0.0025670 secs] 434951K->403636K(758420K), 0.0026110 secs] [Times: user=0.02 sys=0.00, real=0.00 secs] 
223.043: Total time for which application threads were stopped: 0.0039190 seconds, Stopping threads took: 0.0012400 seconds
223.075: Application time: 0.0318650 seconds
223.078: [GC223.078: [ParNew: 37566K->4159K(37568K), 0.0024200 secs] 437044K->405528K(758420K), 0.0024640 secs] [Times: user=0.02 sys=0.00, real=0.00 secs] 
223.081: Total time for which application threads were stopped: 0.0057680 seconds, Stopping threads took: 0.0032370 seconds
223.112: Application time: 0.0310490 seconds
223.114: [GC223.114: [ParNew: 37567K->4159K(37568K), 0.0026970 secs] 438936K->408169K(758420K), 0.0027410 secs] [Times: user=0.01 sys=0.00, real=0.01 secs] 
223.117: Total time for which application threads were stopped: 0.0047250 seconds, Stopping threads took: 0.0019160 seconds
223.147: Application time: 0.0306440 seconds
223.150: [GC223.150: [ParNew: 37566K->4158K(37568K), 0.0029470 secs] 441576K->411587K(758420K), 0.0029920 secs] [Times: user=0.02 sys=0.00, real=0.00 secs] 
223.153: Total time for which application threads were stopped: 0.0054350 seconds, Stopping threads took: 0.0023790 seconds
223.186: Application time: 0.0330200 seconds
223.188: [GC223.188: [ParNew: 37566K->4158K(37568K), 0.0028960 secs] 444995K->414800K(758420K), 0.0029400 secs] [Times: user=0.02 sys=0.00, real=0.00 secs] 
223.191: Total time for which application threads were stopped: 0.0055400 seconds, Stopping threads took: 0.0025330 seconds
223.222: Application time: 0.0307430 seconds
223.224: [GC223.224: [ParNew: 37566K->4159K(37568K), 0.0028240 secs] 448208K->417851K(758420K), 0.0028770 secs] [Times: user=0.02 sys=0.00, real=0.01 secs] 
223.227: Total time for which application threads were stopped: 0.0047530 seconds, Stopping threads took: 0.0018110 seconds
223.257: Application time: 0.0303800 seconds
223.258: [GC223.258: [ParNew: 37567K->4159K(37568K), 0.0026470 secs] 451259K->420344K(758420K), 0.0026920 secs] [Times: user=0.02 sys=0.00, real=0.00 secs] 
223.261: Total time for which application threads were stopped: 0.0037840 seconds, Stopping threads took: 0.0010250 seconds
223.292: Application time: 0.0307010 seconds
223.293: [GC223.294: [ParNew: 37567K->4159K(37568K), 0.0028080 secs] 453752K->423198K(758420K), 0.0028520 secs] [Times: user=0.02 sys=0.00, real=0.01 secs] 
223.296: Total time for which application threads were stopped: 0.0047780 seconds, Stopping threads took: 0.0018580 seconds
223.329: Application time: 0.0323340 seconds
223.331: [GC223.331: [ParNew: 37567K->4158K(37568K), 0.0027750 secs] 456606K->425972K(758420K), 0.0028190 secs] [Times: user=0.02 sys=0.00, real=0.00 secs] 
223.334: Total time for which application threads were stopped: 0.0048800 seconds, Stopping threads took: 0.0019860 seconds
223.365: Application time: 0.0317000 seconds
223.367: [GC223.367: [ParNew: 37566K->3780K(37568K), 0.0017480 secs] 459380K->425622K(758420K), 0.0017900 secs] [Times: user=0.02 sys=0.00, real=0.00 secs] 
223.369: Total time for which application threads were stopped: 0.0035160 seconds, Stopping threads took: 0.0016590 seconds
223.400: Application time: 0.0312070 seconds
223.402: [GC223.402: [ParNew: 37188K->4158K(37568K), 0.0024280 secs] 459030K->427593K(758420K), 0.0024730 secs] [Times: user=0.02 sys=0.00, real=0.00 secs] 
223.404: Total time for which application threads were stopped: 0.0042770 seconds, Stopping threads took: 0.0017280 seconds
223.436: Application time: 0.0318800 seconds
223.438: [GC223.438: [ParNew: 37566K->4159K(37568K), 0.0029860 secs] 461001K->431161K(758420K), 0.0030320 secs] [Times: user=0.02 sys=0.00, real=0.00 secs] 
223.441: Total time for which application threads were stopped: 0.0050500 seconds, Stopping threads took: 0.0019500 seconds
223.473: Application time: 0.0312950 seconds
223.474: [GC223.474: [ParNew: 37567K->4159K(37568K), 0.0026140 secs] 464569K->433543K(758420K), 0.0026610 secs] [Times: user=0.01 sys=0.00, real=0.01 secs] 
223.477: Total time for which application threads were stopped: 0.0041230 seconds, Stopping threads took: 0.0013920 seconds
223.509: Application time: 0.0319080 seconds
223.511: [GC223.511: [ParNew: 37567K->4159K(37568K), 0.0026020 secs] 466951K->435884K(758420K), 0.0026490 secs] [Times: user=0.02 sys=0.00, real=0.00 secs] 
223.514: Total time for which application threads were stopped: 0.0055730 seconds, Stopping threads took: 0.0028550 seconds
223.545: Application time: 0.0308070 seconds
223.546: [GC223.546: [ParNew: 37565K->4159K(37568K), 0.0026460 secs] 469291K->438131K(758420K), 0.0026920 secs] [Times: user=0.02 sys=0.00, real=0.01 secs] 
223.549: Total time for which application threads were stopped: 0.0035610 seconds, Stopping threads took: 0.0008010 seconds
223.580: Application time: 0.0313690 seconds
223.582: [GC223.582: [ParNew: 37567K->4159K(37568K), 0.0028980 secs] 471539K->441289K(758420K), 0.0029440 secs] [Times: user=0.02 sys=0.00, real=0.00 secs] 
223.585: Total time for which application threads were stopped: 0.0047310 seconds, Stopping threads took: 0.0017200 seconds
223.616: Application time: 0.0313730 seconds
223.619: [GC223.619: [ParNew: 37567K->4159K(37568K), 0.0024450 secs] 474697K->443246K(758420K), 0.0024870 secs] [Times: user=0.02 sys=0.00, real=0.00 secs] 
223.622: Total time for which application threads were stopped: 0.0055180 seconds, Stopping threads took: 0.0029630 seconds
223.652: Application time: 0.0307070 seconds
223.654: [GC223.654: [ParNew: 37567K->4158K(37568K), 0.0024570 secs] 476654K->445024K(758420K), 0.0025110 secs] [Times: user=0.02 sys=0.00, real=0.01 secs] 
223.657: Total time for which application threads were stopped: 0.0042770 seconds, Stopping threads took: 0.0016990 seconds
223.687: Application time: 0.0301370 seconds
223.689: [GC223.689: [ParNew: 37566K->4159K(37568K), 0.0030100 secs] 478432K->448736K(758420K), 0.0030520 secs] [Times: user=0.02 sys=0.00, real=0.00 secs] 
223.692: Total time for which application threads were stopped: 0.0054770 seconds, Stopping threads took: 0.0023590 seconds
223.724: Application time: 0.0316780 seconds
223.727: [GC223.727: [ParNew: 37567K->4158K(37568K), 0.0029990 secs] 482144K->452411K(758420K), 0.0030430 secs] [Times: user=0.02 sys=0.00, real=0.00 secs] 
223.730: Total time for which application threads were stopped: 0.0061530 seconds, Stopping threads took: 0.0030430 seconds
223.761: Application time: 0.0313540 seconds
223.763: [GC223.763: [ParNew: 37566K->4159K(37568K), 0.0020730 secs] 485819K->452997K(758420K), 0.0021140 secs] [Times: user=0.02 sys=0.00, real=0.00 secs] 
223.765: Total time for which application threads were stopped: 0.0037690 seconds, Stopping threads took: 0.0015900 seconds
223.795: Application time: 0.0297510 seconds
223.797: [GC223.797: [ParNew: 37567K->4158K(37568K), 0.0030350 secs] 486405K->456492K(758420K), 0.0030810 secs] [Times: user=0.02 sys=0.00, real=0.00 secs] 
223.801: Total time for which application threads were stopped: 0.0056960 seconds, Stopping threads took: 0.0025460 seconds
223.833: Application time: 0.0323230 seconds
223.835: [GC223.835: [ParNew: 37566K->4158K(37568K), 0.0026440 secs] 489900K->458964K(758420K), 0.0026860 secs] [Times: user=0.02 sys=0.00, real=0.00 secs] 
223.838: Total time for which application threads were stopped: 0.0047930 seconds, Stopping threads took: 0.0020320 seconds
223.869: Application time: 0.0315200 seconds
223.870: [GC223.870: [ParNew: 37566K->4158K(37568K), 0.0020300 secs] 492372K->459366K(758420K), 0.0020770 secs] [Times: user=0.01 sys=0.00, real=0.00 secs] 
223.872: Total time for which application threads were stopped: 0.0032050 seconds, Stopping threads took: 0.0010600 seconds
223.904: Application time: 0.0314230 seconds
223.905: [GC223.905: [ParNew: 37566K->4158K(37568K), 0.0023350 secs] 492774K->460692K(758420K), 0.0023810 secs] [Times: user=0.02 sys=0.00, real=0.01 secs] 
223.908: Total time for which application threads were stopped: 0.0040000 seconds, Stopping threads took: 0.0015520 seconds
223.937: Application time: 0.0295020 seconds
223.940: [GC223.940: [ParNew: 37566K->4159K(37568K), 0.0028300 secs] 494100K->463823K(758420K), 0.0028840 secs] [Times: user=0.02 sys=0.00, real=0.00 secs] 
223.943: Total time for which application threads were stopped: 0.0053230 seconds, Stopping threads took: 0.0023680 seconds
223.974: Application time: 0.0317960 seconds
223.977: [GC223.977: [ParNew: 37567K->4158K(37568K), 0.0025300 secs] 497231K->465867K(758420K), 0.0025740 secs] [Times: user=0.02 sys=0.00, real=0.00 secs] 
223.980: Total time for which application threads were stopped: 0.0056010 seconds, Stopping threads took: 0.0029610 seconds
224.012: Application time: 0.0316120 seconds
224.013: [GC224.013: [ParNew: 37566K->4158K(37568K), 0.0024460 secs] 499275K->467401K(758420K), 0.0024920 secs] [Times: user=0.01 sys=0.00, real=0.01 secs] 
224.016: Total time for which application threads were stopped: 0.0041610 seconds, Stopping threads took: 0.0016020 seconds
224.046: Application time: 0.0304640 seconds
224.048: [GC224.048: [ParNew: 37565K->4158K(37568K), 0.0028310 secs] 500808K->470319K(758420K), 0.0028790 secs] [Times: user=0.02 sys=0.00, real=0.00 secs] 
224.051: Total time for which application threads were stopped: 0.0050500 seconds, Stopping threads took: 0.0021030 seconds
224.086: Application time: 0.0343110 seconds
224.089: [GC224.089: [ParNew: 37564K->4158K(37568K), 0.0027230 secs] 503725K->473158K(758420K), 0.0027680 secs] [Times: user=0.02 sys=0.00, real=0.00 secs] 
224.091: Total time for which application threads were stopped: 0.0057270 seconds, Stopping threads took: 0.0028910 seconds
224.122: Application time: 0.0305920 seconds
224.124: [GC224.124: [ParNew: 37566K->4159K(37568K), 0.0023860 secs] 506566K->474801K(758420K), 0.0024370 secs] [Times: user=0.02 sys=0.00, real=0.00 secs] 
224.126: Total time for which application threads were stopped: 0.0040610 seconds, Stopping threads took: 0.0015580 seconds
224.157: Application time: 0.0311540 seconds
224.160: [GC224.160: [ParNew: 37567K->4159K(37568K), 0.0025220 secs] 508209K->476779K(758420K), 0.0025640 secs] [Times: user=0.02 sys=0.00, real=0.00 secs] 
224.162: Total time for which application threads were stopped: 0.0051130 seconds, Stopping threads took: 0.0024820 seconds
224.194: Application time: 0.0321040 seconds
224.196: [GC224.196: [ParNew: 37567K->4159K(37568K), 0.0023320 secs] 510187K->478167K(758420K), 0.0023760 secs] [Times: user=0.01 sys=0.00, real=0.00 secs] 
224.198: Total time for which application threads were stopped: 0.0037270 seconds, Stopping threads took: 0.0012830 seconds
224.230: Application time: 0.0318790 seconds
