Java HotSpot(TM) 64-Bit Server VM (24.80-b11) for linux-amd64 JRE (1.7.0_80-b15), built on Apr 10 2015 19:53:14 by "java_re" with gcc 4.3.0 20080428 (Red Hat 4.3.0-8)
Memory: 4k page, physical 8000092k(6227808k free), swap 8218620k(8218620k free)
CommandLine flags: -XX:InitialHeapSize=128001472 -XX:MaxHeapSize=2048023552 -XX:MaxNewSize=682274816 -XX:MaxTenuringThreshold=6 -XX:OldPLABSize=16 -XX:+PrintGC -XX:+PrintGCApplicationConcurrentTime -XX:+PrintGCApplicationStoppedTime -XX:+PrintGCDetails -XX:+PrintGCTimeStamps -XX:+UseCompressedOops -XX:+UseConcMarkSweepGC -XX:+UseParNewGC 
4.027: Application time: 4.0056580 seconds
4.027: Total time for which application threads were stopped: 0.0000870 seconds, Stopping threads took: 0.0000130 seconds
15.454: Application time: 11.4268390 seconds
15.454: Total time for which application threads were stopped: 0.0000350 seconds, Stopping threads took: 0.0000180 seconds
15.454: Application time: 0.0000780 seconds
15.454: Total time for which application threads were stopped: 0.0000230 seconds, Stopping threads took: 0.0000170 seconds
15.456: Application time: 0.0015080 seconds
15.456: Total time for which application threads were stopped: 0.0000110 seconds, Stopping threads took: 0.0000050 seconds
15.478: Application time: 0.0219250 seconds
15.478: Total time for which application threads were stopped: 0.0000500 seconds, Stopping threads took: 0.0000130 seconds
15.490: Application time: 0.0122000 seconds
15.490: [Full GC15.490: [CMS: 0K->3177K(83392K), 0.0151270 secs] 10876K->3177K(120896K), [CMS Perm : 5078K->5077K(21248K)], 0.0152040 secs] [Times: user=0.01 sys=0.01, real=0.01 secs] 
15.505: Total time for which application threads were stopped: 0.0152770 seconds, Stopping threads took: 0.0000180 seconds
15.505: Application time: 0.0000790 seconds
15.506: [Full GC15.506: [CMS: 3177K->3177K(83392K), 0.0086060 secs] 3177K->3177K(120960K), [CMS Perm : 5077K->5077K(21248K)], 0.0086470 secs] [Times: user=0.01 sys=0.00, real=0.01 secs] 
15.514: Total time for which application threads were stopped: 0.0087690 seconds, Stopping threads took: 0.0000700 seconds
15.514: Application time: 0.0001990 seconds
15.514: Total time for which application threads were stopped: 0.0000240 seconds, Stopping threads took: 0.0000110 seconds
15.514: Application time: 0.0000830 seconds
15.515: Total time for which application threads were stopped: 0.0000240 seconds, Stopping threads took: 0.0000170 seconds
15.515: Application time: 0.0000860 seconds
15.515: Total time for which application threads were stopped: 0.0000320 seconds, Stopping threads took: 0.0000250 seconds
15.515: Application time: 0.0000350 seconds
15.515: Total time for which application threads were stopped: 0.0000240 seconds, Stopping threads took: 0.0000200 seconds
15.515: Application time: 0.0000320 seconds
15.515: Total time for which application threads were stopped: 0.0000170 seconds, Stopping threads took: 0.0000130 seconds
15.515: Application time: 0.0000310 seconds
15.515: Total time for which application threads were stopped: 0.0000300 seconds, Stopping threads took: 0.0000260 seconds
15.515: Application time: 0.0000310 seconds
15.515: Total time for which application threads were stopped: 0.0000150 seconds, Stopping threads took: 0.0000110 seconds
15.515: Application time: 0.0000100 seconds
15.515: Total time for which application threads were stopped: 0.0000150 seconds, Stopping threads took: 0.0000110 seconds
15.515: Application time: 0.0000100 seconds
15.515: Total time for which application threads were stopped: 0.0000140 seconds, Stopping threads took: 0.0000100 seconds
15.515: Application time: 0.0000100 seconds
15.515: Total time for which application threads were stopped: 0.0000120 seconds, Stopping threads took: 0.0000080 seconds
15.515: Application time: 0.0000090 seconds
15.515: Total time for which application threads were stopped: 0.0000160 seconds, Stopping threads took: 0.0000120 seconds
15.515: Application time: 0.0000100 seconds
15.515: Total time for which application threads were stopped: 0.0000150 seconds, Stopping threads took: 0.0000110 seconds
15.515: Application time: 0.0000090 seconds
15.515: Total time for which application threads were stopped: 0.0000110 seconds, Stopping threads took: 0.0000080 seconds
15.515: Application time: 0.0000100 seconds
15.515: Total time for which application threads were stopped: 0.0000130 seconds, Stopping threads took: 0.0000090 seconds
15.515: Application time: 0.0000090 seconds
15.515: Total time for which application threads were stopped: 0.0000120 seconds, Stopping threads took: 0.0000090 seconds
15.515: Application time: 0.0000100 seconds
15.515: Total time for which application threads were stopped: 0.0000140 seconds, Stopping threads took: 0.0000100 seconds
15.515: Application time: 0.0000100 seconds
15.515: Total time for which application threads were stopped: 0.0000160 seconds, Stopping threads took: 0.0000120 seconds
15.515: Application time: 0.0000090 seconds
15.515: Total time for which application threads were stopped: 0.0000120 seconds, Stopping threads took: 0.0000080 seconds
15.515: Application time: 0.0000090 seconds
15.515: Total time for which application threads were stopped: 0.0000120 seconds, Stopping threads took: 0.0000080 seconds
15.515: Application time: 0.0000100 seconds
15.515: Total time for which application threads were stopped: 0.0000240 seconds, Stopping threads took: 0.0000100 seconds
15.544: Application time: 0.0283210 seconds
15.544: [GC15.544: [ParNew: 32616K->4146K(37568K), 0.0080690 secs] 35793K->33075K(120960K), 0.0081410 secs] [Times: user=0.05 sys=0.01, real=0.01 secs] 
15.552: Total time for which application threads were stopped: 0.0082180 seconds, Stopping threads took: 0.0000150 seconds
15.552: Application time: 0.0001320 seconds
15.554: Total time for which application threads were stopped: 0.0021520 seconds, Stopping threads took: 0.0021330 seconds
15.554: Application time: 0.0001030 seconds
15.557: [GC15.557: [ParNew: 35220K->3442K(37568K), 0.0084190 secs] 64149K->63990K(120960K), 0.0084680 secs] [Times: user=0.06 sys=0.01, real=0.00 secs] 
15.566: Total time for which application threads were stopped: 0.0114670 seconds, Stopping threads took: 0.0029280 seconds
15.566: Application time: 0.0000370 seconds
15.567: [GC [1 CMS-initial-mark: 60548K(83392K)] 74385K(120960K), 0.0001260 secs] [Times: user=0.00 sys=0.00, real=0.00 secs] 
15.567: Total time for which application threads were stopped: 0.0017280 seconds, Stopping threads took: 0.0015720 seconds
15.567: [CMS-concurrent-mark-start]
15.567: Application time: 0.0000610 seconds
15.567: Total time for which application threads were stopped: 0.0000140 seconds, Stopping threads took: 0.0000080 seconds
15.567: Application time: 0.0000140 seconds
15.567: Total time for which application threads were stopped: 0.0000250 seconds, Stopping threads took: 0.0000180 seconds
15.567: Application time: 0.0000120 seconds
15.567: Total time for which application threads were stopped: 0.0000160 seconds, Stopping threads took: 0.0000110 seconds
15.568: Application time: 0.0000110 seconds
15.568: Total time for which application threads were stopped: 0.0000120 seconds, Stopping threads took: 0.0000050 seconds
15.568: Application time: 0.0000110 seconds
15.568: Total time for which application threads were stopped: 0.0000080 seconds, Stopping threads took: 0.0000040 seconds
15.568: Application time: 0.0000100 seconds
15.568: Total time for which application threads were stopped: 0.0000160 seconds, Stopping threads took: 0.0000110 seconds
15.568: Application time: 0.0000110 seconds
15.568: Total time for which application threads were stopped: 0.0000180 seconds, Stopping threads took: 0.0000130 seconds
15.568: Application time: 0.0000100 seconds
15.568: Total time for which application threads were stopped: 0.0000150 seconds, Stopping threads took: 0.0000100 seconds
15.568: Application time: 0.0000100 seconds
15.568: Total time for which application threads were stopped: 0.0000130 seconds, Stopping threads took: 0.0000090 seconds
15.568: Application time: 0.0000100 seconds
15.568: Total time for which application threads were stopped: 0.0000140 seconds, Stopping threads took: 0.0000090 seconds
15.568: Application time: 0.0000110 seconds
15.568: Total time for which application threads were stopped: 0.0000140 seconds, Stopping threads took: 0.0000100 seconds
15.568: Application time: 0.0000100 seconds
15.568: Total time for which application threads were stopped: 0.0000090 seconds, Stopping threads took: 0.0000040 seconds
15.568: Application time: 0.0000110 seconds
15.568: Total time for which application threads were stopped: 0.0000130 seconds, Stopping threads took: 0.0000090 seconds
15.568: Application time: 0.0000110 seconds
15.568: Total time for which application threads were stopped: 0.0000160 seconds, Stopping threads took: 0.0000110 seconds
15.568: Application time: 0.0000110 seconds
15.568: Total time for which application threads were stopped: 0.0000140 seconds, Stopping threads took: 0.0000100 seconds
15.568: Application time: 0.0000100 seconds
15.568: Total time for which application threads were stopped: 0.0000150 seconds, Stopping threads took: 0.0000100 seconds
15.568: Application time: 0.0000100 seconds
15.568: Total time for which application threads were stopped: 0.0000140 seconds, Stopping threads took: 0.0000100 seconds
15.568: Application time: 0.0000120 seconds
15.568: Total time for which application threads were stopped: 0.0000130 seconds, Stopping threads took: 0.0000100 seconds
15.568: Application time: 0.0000110 seconds
15.568: Total time for which application threads were stopped: 0.0000140 seconds, Stopping threads took: 0.0000100 seconds
15.568: Application time: 0.0000100 seconds
15.568: Total time for which application threads were stopped: 0.0000160 seconds, Stopping threads took: 0.0000090 seconds
15.568: Application time: 0.0000110 seconds
15.568: Total time for which application threads were stopped: 0.0000140 seconds, Stopping threads took: 0.0000090 seconds
15.568: Application time: 0.0000110 seconds
15.568: Total time for which application threads were stopped: 0.0000140 seconds, Stopping threads took: 0.0000080 seconds
15.568: Application time: 0.0000110 seconds
15.568: Total time for which application threads were stopped: 0.0000080 seconds, Stopping threads took: 0.0000040 seconds
15.568: Application time: 0.0000100 seconds
15.568: Total time for which application threads were stopped: 0.0000160 seconds, Stopping threads took: 0.0000120 seconds
15.568: Application time: 0.0000110 seconds
15.568: Total time for which application threads were stopped: 0.0000140 seconds, Stopping threads took: 0.0000090 seconds
15.568: Application time: 0.0000100 seconds
15.568: Total time for which application threads were stopped: 0.0000070 seconds, Stopping threads took: 0.0000040 seconds
15.568: Application time: 0.0000100 seconds
15.568: Total time for which application threads were stopped: 0.0000070 seconds, Stopping threads took: 0.0000040 seconds
15.568: Application time: 0.0001980 seconds
15.568: Total time for which application threads were stopped: 0.0000220 seconds, Stopping threads took: 0.0000180 seconds
15.568: Application time: 0.0001500 seconds
15.569: Total time for which application threads were stopped: 0.0000360 seconds, Stopping threads took: 0.0000250 seconds
15.569: Application time: 0.0005110 seconds
15.569: Total time for which application threads were stopped: 0.0000470 seconds, Stopping threads took: 0.0000340 seconds
15.569: Application time: 0.0003640 seconds
15.570: Total time for which application threads were stopped: 0.0000600 seconds, Stopping threads took: 0.0000200 seconds
15.570: Application time: 0.0007800 seconds
15.570: Total time for which application threads were stopped: 0.0000410 seconds, Stopping threads took: 0.0000320 seconds
15.571: Application time: 0.0006670 seconds
15.571: Total time for which application threads were stopped: 0.0000390 seconds, Stopping threads took: 0.0000280 seconds
15.579: [CMS-concurrent-mark: 0.005/0.012 secs] [Times: user=0.06 sys=0.00, real=0.02 secs] 
15.579: [CMS-concurrent-preclean-start]
15.579: [CMS-concurrent-preclean: 0.000/0.000 secs] [Times: user=0.00 sys=0.00, real=0.00 secs] 
15.579: [CMS-concurrent-abortable-preclean-start]
16.060: Application time: 0.4884910 seconds
16.060: [GC16.060: [ParNew: 36720K->4159K(37568K), 0.0066790 secs] 97269K->76739K(120960K), 0.0067280 secs] [Times: user=0.05 sys=0.00, real=0.00 secs] 
16.066: Total time for which application threads were stopped: 0.0069120 seconds, Stopping threads took: 0.0000900 seconds
16.067: Application time: 0.0001450 seconds
16.067: Total time for which application threads were stopped: 0.0001440 seconds, Stopping threads took: 0.0000900 seconds
16.368: [CMS-concurrent-abortable-preclean: 0.003/0.789 secs] [Times: user=6.23 sys=0.00, real=0.78 secs] 
16.368: Application time: 0.3017490 seconds
16.369: [GC[YG occupancy: 31092 K (37568 K)]16.369: [Rescan (parallel) , 0.0002010 secs]16.369: [weak refs processing, 0.0000070 secs]16.369: [scrub string table, 0.0001050 secs] [1 CMS-remark: 72579K(83392K)] 103672K(120960K), 0.0003450 secs] [Times: user=0.00 sys=0.00, real=0.00 secs] 
16.369: Total time for which application threads were stopped: 0.0010030 seconds, Stopping threads took: 0.0006310 seconds
16.370: [CMS-concurrent-sweep-start]
16.371: [CMS-concurrent-sweep: 0.001/0.001 secs] [Times: user=0.00 sys=0.00, real=0.00 secs] 
16.371: [CMS-concurrent-reset-start]
16.373: [CMS-concurrent-reset: 0.002/0.002 secs] [Times: user=0.00 sys=0.00, real=0.00 secs] 
16.425: Application time: 0.0556620 seconds
16.425: Total time for which application threads were stopped: 0.0001090 seconds, Stopping threads took: 0.0000870 seconds
16.425: Application time: 0.0000760 seconds
16.425: [GC [1 CMS-initial-mark: 71568K(119176K)] 109113K(156744K), 0.0002490 secs] [Times: user=0.00 sys=0.00, real=0.00 secs] 
16.426: Total time for which application threads were stopped: 0.0003060 seconds, Stopping threads took: 0.0000390 seconds
16.426: [CMS-concurrent-mark-start]
16.426: Application time: 0.0000600 seconds
16.426: [GC16.426: [ParNew: 37544K->2383K(37568K), 0.0018780 secs] 109113K->77421K(156744K), 0.0019090 secs] [Times: user=0.01 sys=0.01, real=0.00 secs] 
16.428: Total time for which application threads were stopped: 0.0020030 seconds, Stopping threads took: 0.0000510 seconds
16.431: [CMS-concurrent-mark: 0.003/0.005 secs] [Times: user=0.02 sys=0.01, real=0.01 secs] 
16.431: [CMS-concurrent-preclean-start]
16.431: [CMS-concurrent-preclean: 0.000/0.000 secs] [Times: user=0.00 sys=0.00, real=0.00 secs] 
16.431: Application time: 0.0037510 seconds
16.432: [GC[YG occupancy: 2902 K (37568 K)]16.432: [Rescan (parallel) , 0.0002260 secs]16.432: [weak refs processing, 0.0000060 secs]16.432: [scrub string table, 0.0000970 secs] [1 CMS-remark: 75038K(119176K)] 77941K(156744K), 0.0003530 secs] [Times: user=0.00 sys=0.00, real=0.00 secs] 
16.432: Total time for which application threads were stopped: 0.0004430 seconds, Stopping threads took: 0.0000660 seconds
16.432: [CMS-concurrent-sweep-start]
16.433: [CMS-concurrent-sweep: 0.001/0.001 secs] [Times: user=0.01 sys=0.00, real=0.00 secs] 
16.433: [CMS-concurrent-reset-start]
16.436: [CMS-concurrent-reset: 0.002/0.002 secs] [Times: user=0.00 sys=0.00, real=0.00 secs] 
16.849: Application time: 0.4175060 seconds
16.850: Total time for which application threads were stopped: 0.0001220 seconds, Stopping threads took: 0.0000900 seconds
16.850: Application time: 0.0000560 seconds
16.850: [GC [1 CMS-initial-mark: 75019K(125032K)] 111027K(162600K), 0.0002060 secs] [Times: user=0.00 sys=0.00, real=0.00 secs] 
16.850: Total time for which application threads were stopped: 0.0002910 seconds, Stopping threads took: 0.0000640 seconds
16.850: [CMS-concurrent-mark-start]
16.853: Application time: 0.0031830 seconds
16.853: [GC16.853: [ParNew: 36008K->2303K(37568K), 0.0006560 secs] 111027K->77322K(162600K), 0.0006790 secs] [Times: user=0.01 sys=0.00, real=0.00 secs] 
16.854: Total time for which application threads were stopped: 0.0007490 seconds, Stopping threads took: 0.0000340 seconds
16.854: Application time: 0.0000520 seconds
16.854: [GC16.854: [ParNew: 2707K->404K(37568K), 0.0006250 secs] 77726K->77716K(162600K), 0.0006490 secs] [Times: user=0.00 sys=0.00, real=0.00 secs] 
16.855: Total time for which application threads were stopped: 0.0007450 seconds, Stopping threads took: 0.0000650 seconds
16.856: [CMS-concurrent-mark: 0.004/0.006 secs] [Times: user=0.04 sys=0.00, real=0.00 secs] 
16.856: [CMS-concurrent-preclean-start]
16.856: [CMS-concurrent-preclean: 0.000/0.000 secs] [Times: user=0.00 sys=0.00, real=0.00 secs] 
16.857: Application time: 0.0024690 seconds
16.857: [GC[YG occupancy: 825 K (37568 K)]16.857: [Rescan (parallel) , 0.0001150 secs]16.857: [weak refs processing, 0.0000050 secs]16.857: [scrub string table, 0.0000900 secs] [1 CMS-remark: 77311K(125032K)] 78136K(162600K), 0.0002310 secs] [Times: user=0.00 sys=0.00, real=0.00 secs] 
16.857: Total time for which application threads were stopped: 0.0003140 seconds, Stopping threads took: 0.0000620 seconds
16.857: [CMS-concurrent-sweep-start]
16.859: [CMS-concurrent-sweep: 0.001/0.001 secs] [Times: user=0.00 sys=0.00, real=0.00 secs] 
16.859: [CMS-concurrent-reset-start]
16.861: [CMS-concurrent-reset: 0.002/0.002 secs] [Times: user=0.00 sys=0.00, real=0.00 secs] 
17.307: Application time: 0.4500050 seconds
17.308: [GC17.308: [ParNew: 33773K->3416K(37568K), 0.0009640 secs] 109602K->79244K(163952K), 0.0010000 secs] [Times: user=0.01 sys=0.00, real=0.00 secs] 
17.309: Total time for which application threads were stopped: 0.0011370 seconds, Stopping threads took: 0.0000780 seconds
17.665: Application time: 0.3568220 seconds
17.665: [GC17.666: [ParNew: 36713K->2449K(37568K), 0.0036490 secs] 112541K->79046K(163952K), 0.0036890 secs] [Times: user=0.02 sys=0.00, real=0.01 secs] 
17.669: Total time for which application threads were stopped: 0.0038350 seconds, Stopping threads took: 0.0000740 seconds
18.090: Application time: 0.4212050 seconds
18.091: [GC18.091: [ParNew: 35822K->2451K(37568K), 0.0006900 secs] 112420K->79048K(163952K), 0.0007210 secs] [Times: user=0.01 sys=0.00, real=0.00 secs] 
18.091: Total time for which application threads were stopped: 0.0008460 seconds, Stopping threads took: 0.0000740 seconds
18.531: Application time: 0.4402230 seconds
18.532: [GC18.532: [ParNew: 35689K->2673K(37568K), 0.0007860 secs] 112286K->79271K(163952K), 0.0008230 secs] [Times: user=0.01 sys=0.00, real=0.00 secs] 
18.532: Total time for which application threads were stopped: 0.0009750 seconds, Stopping threads took: 0.0000900 seconds
18.887: Application time: 0.3547960 seconds
18.887: [GC18.887: [ParNew: 35985K->2648K(37568K), 0.0008280 secs] 112583K->79474K(163952K), 0.0008650 secs] [Times: user=0.00 sys=0.00, real=0.00 secs] 
18.888: Total time for which application threads were stopped: 0.0010130 seconds, Stopping threads took: 0.0000900 seconds
19.311: Application time: 0.4223900 seconds
19.311: [GC19.311: [ParNew: 36013K->2520K(37568K), 0.0007700 secs] 112839K->79347K(163952K), 0.0008040 secs] [Times: user=0.01 sys=0.00, real=0.00 secs] 
19.312: Total time for which application threads were stopped: 0.0009770 seconds, Stopping threads took: 0.0000840 seconds
19.758: Application time: 0.4467200 seconds
19.759: [GC19.759: [ParNew: 35812K->2477K(37568K), 0.0007790 secs] 112638K->79303K(163952K), 0.0008150 secs] [Times: user=0.00 sys=0.00, real=0.00 secs] 
19.759: Total time for which application threads were stopped: 0.0009730 seconds, Stopping threads took: 0.0000960 seconds
20.115: Application time: 0.3558610 seconds
20.115: [GC20.115: [ParNew: 35818K->2720K(37568K), 0.0008870 secs] 112644K->79774K(163952K), 0.0009230 secs] [Times: user=0.00 sys=0.00, real=0.00 secs] 
20.116: Total time for which application threads were stopped: 0.0010720 seconds, Stopping threads took: 0.0000810 seconds
20.545: Application time: 0.4286040 seconds
20.545: Total time for which application threads were stopped: 0.0000920 seconds, Stopping threads took: 0.0000730 seconds
20.550: Application time: 0.0046290 seconds
20.550: [GC20.550: [ParNew: 36146K->1853K(37568K), 0.0021410 secs] 113200K->78908K(163952K), 0.0021800 secs] [Times: user=0.00 sys=0.00, real=0.00 secs] 
20.552: Total time for which application threads were stopped: 0.0022750 seconds, Stopping threads took: 0.0000420 seconds
20.993: Application time: 0.4409580 seconds
20.993: [GC20.993: [ParNew: 35250K->2945K(37568K), 0.0008820 secs] 112305K->79999K(163952K), 0.0009210 secs] [Times: user=0.01 sys=0.00, real=0.00 secs] 
20.994: Total time for which application threads were stopped: 0.0010840 seconds, Stopping threads took: 0.0000950 seconds
21.361: Application time: 0.3667780 seconds
21.361: [GC21.361: [ParNew: 36349K->2846K(37568K), 0.0008600 secs] 113404K->80129K(163952K), 0.0008960 secs] [Times: user=0.01 sys=0.00, real=0.00 secs] 
21.362: Total time for which application threads were stopped: 0.0010250 seconds, Stopping threads took: 0.0000720 seconds
21.775: Application time: 0.4135340 seconds
21.775: [GC21.775: [ParNew: 36197K->2718K(37568K), 0.0007160 secs] 113479K->80001K(163952K), 0.0007480 secs] [Times: user=0.00 sys=0.00, real=0.00 secs] 
21.776: Total time for which application threads were stopped: 0.0009080 seconds, Stopping threads took: 0.0000960 seconds
22.221: Application time: 0.4448870 seconds
22.221: [GC22.221: [ParNew: 36123K->2209K(37568K), 0.0007710 secs] 113406K->79491K(163952K), 0.0008060 secs] [Times: user=0.01 sys=0.00, real=0.00 secs] 
22.222: Total time for which application threads were stopped: 0.0009370 seconds, Stopping threads took: 0.0000720 seconds
22.632: Application time: 0.4101100 seconds
22.632: [GC22.632: [ParNew: 35552K->2646K(37568K), 0.0008860 secs] 112835K->80157K(163952K), 0.0009220 secs] [Times: user=0.01 sys=0.00, real=0.00 secs] 
22.633: Total time for which application threads were stopped: 0.0010780 seconds, Stopping threads took: 0.0000890 seconds
23.024: Application time: 0.3904510 seconds
23.024: [GC23.024: [ParNew: 35927K->2646K(37568K), 0.0007400 secs] 113438K->80157K(163952K), 0.0007740 secs] [Times: user=0.01 sys=0.00, real=0.00 secs] 
23.025: Total time for which application threads were stopped: 0.0009050 seconds, Stopping threads took: 0.0000750 seconds
23.452: Application time: 0.4277360 seconds
23.452: Total time for which application threads were stopped: 0.0000950 seconds, Stopping threads took: 0.0000650 seconds
23.453: Application time: 0.0001550 seconds
23.453: [GC23.453: [ParNew: 36394K->2873K(37568K), 0.0007500 secs] 113904K->80383K(163952K), 0.0007860 secs] [Times: user=0.00 sys=0.00, real=0.00 secs] 
23.453: Total time for which application threads were stopped: 0.0008760 seconds, Stopping threads took: 0.0000410 seconds
23.894: Application time: 0.4405520 seconds
23.894: Total time for which application threads were stopped: 0.0001080 seconds, Stopping threads took: 0.0000850 seconds
23.895: Application time: 0.0007750 seconds
23.895: [GC23.895: [ParNew: 36365K->1658K(37568K), 0.0006770 secs] 113876K->79397K(163952K), 0.0007100 secs] [Times: user=0.00 sys=0.00, real=0.00 secs] 
23.896: Total time for which application threads were stopped: 0.0007880 seconds, Stopping threads took: 0.0000320 seconds
24.292: Application time: 0.3965000 seconds
24.292: [GC24.292: [ParNew: 35065K->1992K(37568K), 0.0006330 secs] 112804K->79731K(163952K), 0.0006700 secs] [Times: user=0.01 sys=0.00, real=0.00 secs] 
24.293: Total time for which application threads were stopped: 0.0008220 seconds, Stopping threads took: 0.0000830 seconds
24.703: Application time: 0.4103220 seconds
24.703: [GC24.703: [ParNew: 35385K->2873K(37568K), 0.0008120 secs] 113124K->80611K(163952K), 0.0008480 secs] [Times: user=0.00 sys=0.00, real=0.00 secs] 
24.704: Total time for which application threads were stopped: 0.0009880 seconds, Stopping threads took: 0.0000810 seconds
25.121: Application time: 0.4169410 seconds
25.121: [GC25.121: [ParNew: 36224K->2520K(37568K), 0.0007370 secs] 113962K->80487K(163952K), 0.0007730 secs] [Times: user=0.00 sys=0.00, real=0.00 secs] 
25.122: Total time for which application threads were stopped: 0.0009380 seconds, Stopping threads took: 0.0001000 seconds
25.537: Application time: 0.4146490 seconds
25.537: Total time for which application threads were stopped: 0.0000880 seconds, Stopping threads took: 0.0000700 seconds
25.537: Application time: 0.0000460 seconds
25.537: [GC25.537: [ParNew: 35929K->1729K(37568K), 0.0005120 secs] 113896K->79696K(163952K), 0.0005530 secs] [Times: user=0.01 sys=0.00, real=0.01 secs] 
25.538: Total time for which application threads were stopped: 0.0006190 seconds, Stopping threads took: 0.0000290 seconds
25.951: Application time: 0.4134290 seconds
25.951: [GC25.951: [ParNew: 35073K->2278K(37568K), 0.0021320 secs] 113040K->80244K(163952K), 0.0021700 secs] [Times: user=0.00 sys=0.00, real=0.00 secs] 
25.953: Total time for which application threads were stopped: 0.0023210 seconds, Stopping threads took: 0.0000820 seconds
26.382: Application time: 0.4283840 seconds
26.382: [GC26.382: [ParNew: 35613K->2918K(37568K), 0.0008140 secs] 113580K->81113K(163952K), 0.0008500 secs] [Times: user=0.01 sys=0.00, real=0.00 secs] 
26.383: Total time for which application threads were stopped: 0.0009970 seconds, Stopping threads took: 0.0000900 seconds
26.764: Application time: 0.3815470 seconds
26.764: [GC26.764: [ParNew: 36259K->2158K(37568K), 0.0006500 secs] 114454K->80353K(163952K), 0.0006790 secs] [Times: user=0.01 sys=0.00, real=0.00 secs] 
26.765: Total time for which application threads were stopped: 0.0008030 seconds, Stopping threads took: 0.0000670 seconds
27.188: Application time: 0.4230480 seconds
27.188: [GC27.188: [ParNew: 35370K->2167K(37568K), 0.0006870 secs] 113565K->80476K(163952K), 0.0007220 secs] [Times: user=0.01 sys=0.00, real=0.00 secs] 
27.189: Total time for which application threads were stopped: 0.0008790 seconds, Stopping threads took: 0.0001000 seconds
27.631: Application time: 0.4421450 seconds
27.631: [GC27.631: [ParNew: 35573K->2388K(37568K), 0.0008280 secs] 113882K->80811K(163952K), 0.0008640 secs] [Times: user=0.00 sys=0.00, real=0.00 secs] 
27.632: Total time for which application threads were stopped: 0.0010310 seconds, Stopping threads took: 0.0000970 seconds
27.987: Application time: 0.3548840 seconds
27.987: [GC27.987: [ParNew: 35755K->2752K(37568K), 0.0007300 secs] 114178K->81175K(163952K), 0.0007600 secs] [Times: user=0.01 sys=0.00, real=0.00 secs] 
27.988: Total time for which application threads were stopped: 0.0008900 seconds, Stopping threads took: 0.0000790 seconds
28.420: Application time: 0.4323100 seconds
28.421: [GC28.421: [ParNew: 36066K->2503K(37568K), 0.0008050 secs] 114490K->81097K(163952K), 0.0008360 secs] [Times: user=0.00 sys=0.00, real=0.00 secs] 
28.422: Total time for which application threads were stopped: 0.0017330 seconds, Stopping threads took: 0.0008340 seconds
28.872: Application time: 0.4503550 seconds
28.872: [GC28.873: [ParNew: 35852K->2125K(37568K), 0.0016560 secs] 114446K->80776K(163952K), 0.0016910 secs] [Times: user=0.01 sys=0.00, real=0.00 secs] 
28.874: Total time for which application threads were stopped: 0.0018260 seconds, Stopping threads took: 0.0000780 seconds
29.227: Application time: 0.3532630 seconds
29.228: [GC29.228: [ParNew: 35508K->2647K(37568K), 0.0006980 secs] 114159K->81298K(163952K), 0.0007300 secs] [Times: user=0.01 sys=0.00, real=0.00 secs] 
29.228: Total time for which application threads were stopped: 0.0008680 seconds, Stopping threads took: 0.0000770 seconds
29.653: Application time: 0.4242260 seconds
29.653: Total time for which application threads were stopped: 0.0000950 seconds, Stopping threads took: 0.0000750 seconds
29.653: Application time: 0.0001160 seconds
29.653: [GC29.653: [ParNew: 36413K->2479K(37568K), 0.0007880 secs] 115065K->81330K(163952K), 0.0008190 secs] [Times: user=0.00 sys=0.00, real=0.00 secs] 
29.654: Total time for which application threads were stopped: 0.0009000 seconds, Stopping threads took: 0.0000390 seconds
30.107: Application time: 0.4531370 seconds
30.107: Total time for which application threads were stopped: 0.0001000 seconds, Stopping threads took: 0.0000710 seconds
30.107: Application time: 0.0003730 seconds
30.107: [GC30.107: [ParNew: 35963K->1847K(37568K), 0.0005480 secs] 114814K->80726K(163952K), 0.0005780 secs] [Times: user=0.00 sys=0.00, real=0.00 secs] 
30.108: Total time for which application threads were stopped: 0.0006650 seconds, Stopping threads took: 0.0000380 seconds
30.458: Application time: 0.3498730 seconds
30.458: [GC30.458: [ParNew: 35093K->2645K(37568K), 0.0007230 secs] 113972K->81525K(163952K), 0.0007610 secs] [Times: user=0.00 sys=0.00, real=0.00 secs] 
30.459: Total time for which application threads were stopped: 0.0008900 seconds, Stopping threads took: 0.0000720 seconds
30.875: Application time: 0.4159280 seconds
30.875: [GC30.875: [ParNew: 35798K->2479K(37568K), 0.0008150 secs] 114678K->81558K(163952K), 0.0008500 secs] [Times: user=0.01 sys=0.00, real=0.00 secs] 
30.876: Total time for which application threads were stopped: 0.0009950 seconds, Stopping threads took: 0.0000780 seconds
31.324: Application time: 0.4479920 seconds
31.324: Total time for which application threads were stopped: 0.0000980 seconds, Stopping threads took: 0.0000810 seconds
31.324: Application time: 0.0000580 seconds
31.324: [GC31.324: [ParNew: 35963K->2055K(37568K), 0.0006370 secs] 115042K->81163K(163952K), 0.0006690 secs] [Times: user=0.01 sys=0.00, real=0.00 secs] 
31.325: Total time for which application threads were stopped: 0.0007570 seconds, Stopping threads took: 0.0000420 seconds
31.691: Application time: 0.3660320 seconds
31.691: [GC31.691: [ParNew: 35436K->2180K(37568K), 0.0006500 secs] 114544K->81287K(163952K), 0.0006780 secs] [Times: user=0.00 sys=0.00, real=0.00 secs] 
31.691: Total time for which application threads were stopped: 0.0008240 seconds, Stopping threads took: 0.0000640 seconds
32.114: Application time: 0.4224250 seconds
32.114: [GC32.114: [ParNew: 35412K->2281K(37568K), 0.0007360 secs] 114519K->81588K(163952K), 0.0007720 secs] [Times: user=0.01 sys=0.00, real=0.00 secs] 
32.115: Total time for which application threads were stopped: 0.0009290 seconds, Stopping threads took: 0.0000990 seconds
32.556: Application time: 0.4410570 seconds
32.556: [GC32.556: [ParNew: 35624K->2522K(37568K), 0.0008210 secs] 114931K->81858K(163952K), 0.0008590 secs] [Times: user=0.01 sys=0.00, real=0.00 secs] 
32.557: Total time for which application threads were stopped: 0.0010250 seconds, Stopping threads took: 0.0000970 seconds
32.917: Application time: 0.3598140 seconds
32.917: [GC32.917: [ParNew: 35854K->3144K(37568K), 0.0008340 secs] 115190K->82480K(163952K), 0.0008680 secs] [Times: user=0.00 sys=0.00, real=0.01 secs] 
32.918: Total time for which application threads were stopped: 0.0010000 seconds, Stopping threads took: 0.0000760 seconds
33.339: Application time: 0.4215750 seconds
33.339: [GC33.339: [ParNew: 36548K->2847K(37568K), 0.0008800 secs] 115884K->82411K(163952K), 0.0009150 secs] [Times: user=0.01 sys=0.00, real=0.00 secs] 
33.340: Total time for which application threads were stopped: 0.0010850 seconds, Stopping threads took: 0.0001050 seconds
33.797: Application time: 0.4565840 seconds
33.797: Total time for which application threads were stopped: 0.0000940 seconds, Stopping threads took: 0.0000750 seconds
33.803: Application time: 0.0064310 seconds
33.803: [GC33.804: [ParNew: 36406K->1092K(37568K), 0.0004720 secs] 115970K->80656K(163952K), 0.0005050 secs] [Times: user=0.01 sys=0.00, real=0.00 secs] 
33.804: Total time for which application threads were stopped: 0.0005740 seconds, Stopping threads took: 0.0000230 seconds
33.804: Application time: 0.0000540 seconds
33.804: [GC33.804: [ParNew: 1427K->1427K(37568K), 0.0005110 secs] 80991K->80991K(163952K), 0.0005280 secs] [Times: user=0.00 sys=0.00, real=0.00 secs] 
33.805: Total time for which application threads were stopped: 0.0006290 seconds, Stopping threads took: 0.0000700 seconds
34.160: Application time: 0.3550830 seconds
34.160: Total time for which application threads were stopped: 0.0001180 seconds, Stopping threads took: 0.0000860 seconds
34.160: Application time: 0.0005190 seconds
34.161: [GC34.161: [ParNew: 34976K->2873K(37568K), 0.0007820 secs] 114540K->82437K(163952K), 0.0008150 secs] [Times: user=0.01 sys=0.00, real=0.00 secs] 
34.161: Total time for which application threads were stopped: 0.0009040 seconds, Stopping threads took: 0.0000400 seconds
34.579: Application time: 0.4180830 seconds
34.580: [GC34.580: [ParNew: 36151K->2449K(37568K), 0.0008170 secs] 115715K->82242K(163952K), 0.0008610 secs] [Times: user=0.01 sys=0.00, real=0.00 secs] 
34.580: Total time for which application threads were stopped: 0.0009920 seconds, Stopping threads took: 0.0000730 seconds
35.028: Application time: 0.4477010 seconds
35.028: Total time for which application threads were stopped: 0.0001120 seconds, Stopping threads took: 0.0000790 seconds
35.030: Application time: 0.0014250 seconds
35.030: [GC35.030: [ParNew: 36340K->2251K(37568K), 0.0006200 secs] 116133K->82044K(163952K), 0.0006540 secs] [Times: user=0.00 sys=0.00, real=0.00 secs] 
35.030: Total time for which application threads were stopped: 0.0007610 seconds, Stopping threads took: 0.0000620 seconds
35.397: Application time: 0.3664920 seconds
35.397: [GC35.397: [ParNew: 35584K->2675K(37568K), 0.0008010 secs] 115377K->82468K(163952K), 0.0008370 secs] [Times: user=0.01 sys=0.00, real=0.00 secs] 
35.398: Total time for which application threads were stopped: 0.0009830 seconds, Stopping threads took: 0.0000820 seconds
35.815: Application time: 0.4166770 seconds
35.815: [GC35.815: [ParNew: 36019K->2918K(37568K), 0.0008930 secs] 115812K->82939K(163952K), 0.0009270 secs] [Times: user=0.00 sys=0.00, real=0.00 secs] 
35.816: Total time for which application threads were stopped: 0.0010860 seconds, Stopping threads took: 0.0000910 seconds
36.255: Application time: 0.4388480 seconds
36.255: [GC36.255: [ParNew: 36196K->2720K(37568K), 0.0007660 secs] 116217K->82741K(163952K), 0.0008040 secs] [Times: user=0.00 sys=0.00, real=0.00 secs] 
36.255: Total time for which application threads were stopped: 0.0009550 seconds, Stopping threads took: 0.0000930 seconds
36.648: Application time: 0.3922320 seconds
36.648: [GC36.648: [ParNew: 36051K->3340K(37568K), 0.0008270 secs] 116073K->83361K(163952K), 0.0008660 secs] [Times: user=0.01 sys=0.00, real=0.00 secs] 
36.649: Total time for which application threads were stopped: 0.0010000 seconds, Stopping threads took: 0.0000660 seconds
37.050: Application time: 0.4016870 seconds
37.050: [GC37.051: [ParNew: 36556K->2449K(37568K), 0.0007480 secs] 116577K->82698K(163952K), 0.0007840 secs] [Times: user=0.01 sys=0.00, real=0.00 secs] 
37.051: Total time for which application threads were stopped: 0.0009090 seconds, Stopping threads took: 0.0000670 seconds
37.484: Application time: 0.4331720 seconds
37.485: [GC37.485: [ParNew: 35792K->2512K(37568K), 0.0007040 secs] 116041K->82761K(163952K), 0.0007380 secs] [Times: user=0.01 sys=0.00, real=0.00 secs] 
37.485: Total time for which application threads were stopped: 0.0008990 seconds, Stopping threads took: 0.0000930 seconds
37.915: Application time: 0.4297420 seconds
37.915: Total time for which application threads were stopped: 0.0001220 seconds, Stopping threads took: 0.0000950 seconds
37.917: Application time: 0.0013540 seconds
37.917: [GC37.917: [ParNew: 36204K->1884K(37568K), 0.0006590 secs] 116453K->82133K(163952K), 0.0006930 secs] [Times: user=0.01 sys=0.00, real=0.01 secs] 
37.917: Total time for which application threads were stopped: 0.0007920 seconds, Stopping threads took: 0.0000490 seconds
38.301: Application time: 0.3836020 seconds
38.301: [GC38.301: [ParNew: 35150K->2871K(37568K), 0.0007820 secs] 115399K->83120K(163952K), 0.0008160 secs] [Times: user=0.00 sys=0.00, real=0.00 secs] 
38.302: Total time for which application threads were stopped: 0.0009570 seconds, Stopping threads took: 0.0000770 seconds
38.716: Application time: 0.4140830 seconds
38.716: [GC38.716: [ParNew: 36149K->2449K(37568K), 0.0007970 secs] 116398K->82926K(163952K), 0.0008320 secs] [Times: user=0.01 sys=0.00, real=0.00 secs] 
38.717: Total time for which application threads were stopped: 0.0009840 seconds, Stopping threads took: 0.0000940 seconds
39.154: Application time: 0.4372980 seconds
39.154: [GC39.154: [ParNew: 35589K->2082K(37568K), 0.0006620 secs] 116066K->82559K(163952K), 0.0006970 secs] [Times: user=0.01 sys=0.00, real=0.00 secs] 
39.155: Total time for which application threads were stopped: 0.0008620 seconds, Stopping threads took: 0.0000890 seconds
39.529: Application time: 0.3739150 seconds
39.529: [GC39.529: [ParNew: 35413K->2943K(37568K), 0.0008010 secs] 115890K->83420K(163952K), 0.0008360 secs] [Times: user=0.01 sys=0.00, real=0.00 secs] 
39.530: Total time for which application threads were stopped: 0.0009750 seconds, Stopping threads took: 0.0000870 seconds
39.941: Application time: 0.4113510 seconds
39.942: [GC39.942: [ParNew: 36151K->2648K(37568K), 0.0008780 secs] 116629K->83354K(163952K), 0.0009120 secs] [Times: user=0.00 sys=0.00, real=0.00 secs] 
39.943: Total time for which application threads were stopped: 0.0010680 seconds, Stopping threads took: 0.0000880 seconds
40.392: Application time: 0.4498120 seconds
40.392: Total time for which application threads were stopped: 0.0001150 seconds, Stopping threads took: 0.0000920 seconds
40.393: Application time: 0.0006710 seconds
40.393: [GC40.393: [ParNew: 36193K->2269K(37568K), 0.0007630 secs] 116898K->82974K(163952K), 0.0007960 secs] [Times: user=0.01 sys=0.00, real=0.00 secs] 
40.394: Total time for which application threads were stopped: 0.0008840 seconds, Stopping threads took: 0.0000420 seconds
40.764: Application time: 0.3695140 seconds
40.764: [GC40.764: [ParNew: 35608K->2520K(37568K), 0.0009620 secs] 116313K->83454K(163952K), 0.0010000 secs] [Times: user=0.01 sys=0.00, real=0.00 secs] 
40.765: Total time for which application threads were stopped: 0.0011660 seconds, Stopping threads took: 0.0000950 seconds
41.195: Application time: 0.4306010 seconds
41.195: [GC41.195: [ParNew: 35926K->2450K(37568K), 0.0007630 secs] 116860K->83383K(163952K), 0.0008020 secs] [Times: user=0.01 sys=0.00, real=0.00 secs] 
41.196: Total time for which application threads were stopped: 0.0009400 seconds, Stopping threads took: 0.0000800 seconds
41.617: Application time: 0.4204830 seconds
41.617: [GC41.617: [ParNew: 35790K->2871K(37568K), 0.0008480 secs] 116724K->83804K(163952K), 0.0008850 secs] [Times: user=0.00 sys=0.00, real=0.01 secs] 
41.618: Total time for which application threads were stopped: 0.0010290 seconds, Stopping threads took: 0.0000790 seconds
42.004: Application time: 0.3862930 seconds
42.004: [GC42.004: [ParNew: 36147K->2251K(37568K), 0.0007940 secs] 117081K->83413K(163952K), 0.0008250 secs] [Times: user=0.01 sys=0.00, real=0.00 secs] 
42.005: Total time for which application threads were stopped: 0.0009520 seconds, Stopping threads took: 0.0000730 seconds
42.429: Application time: 0.4242020 seconds
42.429: [GC42.429: [ParNew: 35592K->2720K(37568K), 0.0007630 secs] 116754K->83882K(163952K), 0.0007970 secs] [Times: user=0.00 sys=0.00, real=0.00 secs] 
42.430: Total time for which application threads were stopped: 0.0009350 seconds, Stopping threads took: 0.0000720 seconds
42.870: Application time: 0.4402270 seconds
42.871: [GC42.871: [ParNew: 36119K->2810K(37568K), 0.0008040 secs] 117281K->83972K(163952K), 0.0008410 secs] [Times: user=0.00 sys=0.00, real=0.00 secs] 
42.871: Total time for which application threads were stopped: 0.0010190 seconds, Stopping threads took: 0.0000990 seconds
43.235: Application time: 0.3633570 seconds
43.235: [GC43.235: [ParNew: 36160K->2253K(37568K), 0.0007140 secs] 117322K->83643K(163952K), 0.0007500 secs] [Times: user=0.00 sys=0.00, real=0.00 secs] 
43.236: Total time for which application threads were stopped: 0.0009570 seconds, Stopping threads took: 0.0001400 seconds
43.661: Application time: 0.4257120 seconds
43.662: [GC43.662: [ParNew: 35592K->2520K(37568K), 0.0006740 secs] 116982K->83910K(163952K), 0.0007100 secs] [Times: user=0.00 sys=0.00, real=0.00 secs] 
43.662: Total time for which application threads were stopped: 0.0008530 seconds, Stopping threads took: 0.0000830 seconds
44.115: Application time: 0.4524350 seconds
44.115: Total time for which application threads were stopped: 0.0001110 seconds, Stopping threads took: 0.0000810 seconds
44.115: Application time: 0.0004270 seconds
44.115: [GC44.115: [ParNew: 35996K->2477K(37568K), 0.0007320 secs] 117386K->83867K(163952K), 0.0007690 secs] [Times: user=0.00 sys=0.00, real=0.00 secs] 
44.116: Total time for which application threads were stopped: 0.0008580 seconds, Stopping threads took: 0.0000440 seconds
44.482: Application time: 0.3656840 seconds
44.482: Total time for which application threads were stopped: 0.0000810 seconds, Stopping threads took: 0.0000580 seconds
44.483: Application time: 0.0015480 seconds
44.483: [GC44.484: [ParNew: 36151K->2844K(37568K), 0.0008260 secs] 117541K->84462K(163952K), 0.0008580 secs] [Times: user=0.00 sys=0.00, real=0.00 secs] 
44.484: Total time for which application threads were stopped: 0.0009500 seconds, Stopping threads took: 0.0000450 seconds
44.898: Application time: 0.4137120 seconds
44.898: [GC44.898: [ParNew: 36125K->2242K(37568K), 0.0007450 secs] 117743K->83860K(163952K), 0.0007800 secs] [Times: user=0.00 sys=0.00, real=0.00 secs] 
44.899: Total time for which application threads were stopped: 0.0009160 seconds, Stopping threads took: 0.0000710 seconds
45.346: Application time: 0.4469340 seconds
45.347: [GC45.347: [ParNew: 35580K->2671K(37568K), 0.0009170 secs] 117198K->84289K(163952K), 0.0009540 secs] [Times: user=0.00 sys=0.00, real=0.00 secs] 
45.348: Total time for which application threads were stopped: 0.0020880 seconds, Stopping threads took: 0.0010690 seconds
45.711: Application time: 0.3628840 seconds
45.711: Total time for which application threads were stopped: 0.0001130 seconds, Stopping threads took: 0.0000840 seconds
45.711: Application time: 0.0002240 seconds
45.711: [GC45.711: [ParNew: 36143K->2644K(37568K), 0.0007380 secs] 117761K->84491K(163952K), 0.0007700 secs] [Times: user=0.00 sys=0.00, real=0.00 secs] 
45.712: Total time for which application threads were stopped: 0.0008740 seconds, Stopping threads took: 0.0000600 seconds
46.138: Application time: 0.4256030 seconds
46.138: [GC46.138: [ParNew: 35923K->2251K(37568K), 0.0007050 secs] 117769K->84097K(163952K), 0.0007370 secs] [Times: user=0.01 sys=0.00, real=0.00 secs] 
46.139: Total time for which application threads were stopped: 0.0008720 seconds, Stopping threads took: 0.0000800 seconds
46.573: Application time: 0.4343950 seconds
46.573: [GC46.573: [ParNew: 35586K->2873K(37568K), 0.0007680 secs] 117432K->84719K(163952K), 0.0008080 secs] [Times: user=0.00 sys=0.00, real=0.00 secs] 
46.574: Total time for which application threads were stopped: 0.0009700 seconds, Stopping threads took: 0.0000940 seconds
46.940: Application time: 0.3661250 seconds
46.940: [GC46.940: [ParNew: 36151K->2646K(37568K), 0.0008080 secs] 117997K->84721K(163952K), 0.0008430 secs] [Times: user=0.01 sys=0.00, real=0.00 secs] 
46.941: Total time for which application threads were stopped: 0.0009810 seconds, Stopping threads took: 0.0000830 seconds
47.366: Application time: 0.4248190 seconds
47.366: Total time for which application threads were stopped: 0.0001020 seconds, Stopping threads took: 0.0000750 seconds
47.368: Application time: 0.0021290 seconds
47.368: [GC47.368: [ParNew: 36131K->2253K(37568K), 0.0005980 secs] 118206K->84327K(163952K), 0.0006300 secs] [Times: user=0.01 sys=0.00, real=0.00 secs] 
47.369: Total time for which application threads were stopped: 0.0007180 seconds, Stopping threads took: 0.0000400 seconds
47.797: Application time: 0.4285020 seconds
47.797: [GC47.798: [ParNew: 35587K->2675K(37568K), 0.0008040 secs] 117661K->84749K(163952K), 0.0008420 secs] [Times: user=0.00 sys=0.00, real=0.00 secs] 
47.798: Total time for which application threads were stopped: 0.0009910 seconds, Stopping threads took: 0.0000900 seconds
48.185: Application time: 0.3864840 seconds
48.185: Total time for which application threads were stopped: 0.0001030 seconds, Stopping threads took: 0.0000720 seconds
48.185: Application time: 0.0004810 seconds
48.186: [GC48.186: [ParNew: 36358K->2646K(37568K), 0.0008160 secs] 118432K->84949K(163952K), 0.0008490 secs] [Times: user=0.00 sys=0.00, real=0.00 secs] 
48.186: Total time for which application threads were stopped: 0.0009410 seconds, Stopping threads took: 0.0000490 seconds
48.595: Application time: 0.4090560 seconds
48.596: [GC48.596: [ParNew: 35925K->2253K(37568K), 0.0006730 secs] 118227K->84555K(163952K), 0.0007170 secs] [Times: user=0.00 sys=0.00, real=0.00 secs] 
48.596: Total time for which application threads were stopped: 0.0008450 seconds, Stopping threads took: 0.0000740 seconds
49.041: Application time: 0.4450390 seconds
49.041: [GC49.041: [ParNew: 35397K->2078K(37568K), 0.0006870 secs] 117699K->84380K(163952K), 0.0007170 secs] [Times: user=0.01 sys=0.00, real=0.00 secs] 
49.042: Total time for which application threads were stopped: 0.0008540 seconds, Stopping threads took: 0.0000760 seconds
49.421: Application time: 0.3787070 seconds
49.421: Total time for which application threads were stopped: 0.0001040 seconds, Stopping threads took: 0.0000820 seconds
49.423: Application time: 0.0023180 seconds
49.423: [GC49.423: [ParNew: 35543K->2871K(37568K), 0.0007720 secs] 117846K->85173K(163952K), 0.0008010 secs] [Times: user=0.01 sys=0.00, real=0.00 secs] 
49.424: Total time for which application threads were stopped: 0.0009000 seconds, Stopping threads took: 0.0000500 seconds
49.820: Application time: 0.3953620 seconds
49.820: [GC49.820: [ParNew: 36214K->2918K(37568K), 0.0009110 secs] 118517K->85448K(163952K), 0.0009420 secs] [Times: user=0.01 sys=0.00, real=0.00 secs] 
49.821: Total time for which application threads were stopped: 0.0010760 seconds, Stopping threads took: 0.0000660 seconds
50.265: Application time: 0.4445460 seconds
50.265: [GC50.265: [ParNew: 36199K->2477K(37568K), 0.0006810 secs] 118730K->85008K(163952K), 0.0007160 secs] [Times: user=0.01 sys=0.00, real=0.00 secs] 
50.266: Total time for which application threads were stopped: 0.0008520 seconds, Stopping threads took: 0.0000800 seconds
50.669: Application time: 0.4032980 seconds
50.669: [GC50.669: [ParNew: 35877K->2583K(37568K), 0.0008080 secs] 118408K->85342K(163952K), 0.0008400 secs] [Times: user=0.01 sys=0.00, real=0.00 secs] 
50.670: Total time for which application threads were stopped: 0.0009760 seconds, Stopping threads took: 0.0000730 seconds
51.067: Application time: 0.3967110 seconds
51.067: [GC51.067: [ParNew: 35876K->2944K(37568K), 0.0007610 secs] 118634K->85703K(163952K), 0.0007960 secs] [Times: user=0.01 sys=0.00, real=0.00 secs] 
51.068: Total time for which application threads were stopped: 0.0009310 seconds, Stopping threads took: 0.0000800 seconds
51.495: Application time: 0.4267840 seconds
51.495: Total time for which application threads were stopped: 0.0001010 seconds, Stopping threads took: 0.0000720 seconds
51.497: Application time: 0.0022000 seconds
51.497: [GC51.497: [ParNew: 36742K->3042K(37568K), 0.0008110 secs] 119501K->85830K(163952K), 0.0008450 secs] [Times: user=0.01 sys=0.00, real=0.00 secs] 
51.498: Total time for which application threads were stopped: 0.0009350 seconds, Stopping threads took: 0.0000420 seconds
51.928: Application time: 0.4297800 seconds
51.928: [GC51.928: [ParNew: 36330K->2055K(37568K), 0.0021130 secs] 119117K->85042K(163952K), 0.0021500 secs] [Times: user=0.00 sys=0.00, real=0.01 secs] 
51.930: Total time for which application threads were stopped: 0.0022780 seconds, Stopping threads took: 0.0000730 seconds
52.321: Application time: 0.3905100 seconds
52.321: [GC52.321: [ParNew: 35211K->2083K(37568K), 0.0006400 secs] 118198K->85070K(163952K), 0.0006760 secs] [Times: user=0.01 sys=0.00, real=0.00 secs] 
52.321: Total time for which application threads were stopped: 0.0008340 seconds, Stopping threads took: 0.0000890 seconds
52.732: Application time: 0.4103430 seconds
52.732: [GC52.732: [ParNew: 35462K->3205K(37568K), 0.0008480 secs] 118449K->86192K(163952K), 0.0008870 secs] [Times: user=0.00 sys=0.00, real=0.00 secs] 
52.733: Total time for which application threads were stopped: 0.0010210 seconds, Stopping threads took: 0.0000750 seconds
53.176: Application time: 0.4430050 seconds
53.176: Total time for which application threads were stopped: 0.0001270 seconds, Stopping threads took: 0.0000990 seconds
53.178: Application time: 0.0020170 seconds
53.178: [GC53.178: [ParNew: 36762K->2449K(37568K), 0.0007410 secs] 119749K->85664K(163952K), 0.0007810 secs] [Times: user=0.01 sys=0.00, real=0.00 secs] 
53.179: Total time for which application threads were stopped: 0.0008790 seconds, Stopping threads took: 0.0000500 seconds
53.560: Application time: 0.3809850 seconds
53.560: [GC53.560: [ParNew: 35843K->2407K(37568K), 0.0006870 secs] 119058K->85622K(163952K), 0.0007230 secs] [Times: user=0.01 sys=0.00, real=0.00 secs] 
53.561: Total time for which application threads were stopped: 0.0008980 seconds, Stopping threads took: 0.0001170 seconds
53.988: Application time: 0.4271070 seconds
53.988: Total time for which application threads were stopped: 0.0001240 seconds, Stopping threads took: 0.0000920 seconds
53.989: Application time: 0.0010700 seconds
53.989: [GC53.989: [ParNew: 36040K->2393K(37568K), 0.0006690 secs] 119255K->85694K(163952K), 0.0007000 secs] [Times: user=0.01 sys=0.00, real=0.00 secs] 
53.990: Total time for which application threads were stopped: 0.0007940 seconds, Stopping threads took: 0.0000490 seconds
54.422: Application time: 0.4325800 seconds
54.422: [GC54.423: [ParNew: 35800K->2585K(37568K), 0.0008000 secs] 119100K->86029K(163952K), 0.0008300 secs] [Times: user=0.01 sys=0.00, real=0.00 secs] 
54.423: Total time for which application threads were stopped: 0.0009590 seconds, Stopping threads took: 0.0000750 seconds
54.796: Application time: 0.3722720 seconds
54.796: [GC54.796: [ParNew: 35928K->2633K(37568K), 0.0007940 secs] 119371K->86076K(163952K), 0.0008250 secs] [Times: user=0.00 sys=0.00, real=0.00 secs] 
54.797: Total time for which application threads were stopped: 0.0009790 seconds, Stopping threads took: 0.0000900 seconds
55.215: Application time: 0.4179530 seconds
55.215: [GC55.215: [ParNew: 35975K->2761K(37568K), 0.0007160 secs] 119418K->86318K(163952K), 0.0007520 secs] [Times: user=0.00 sys=0.00, real=0.00 secs] 
55.215: Total time for which application threads were stopped: 0.0008950 seconds, Stopping threads took: 0.0000850 seconds
55.657: Application time: 0.4412110 seconds
55.657: [GC55.657: [ParNew: 36109K->2323K(37568K), 0.0007570 secs] 119666K->85994K(163952K), 0.0007890 secs] [Times: user=0.00 sys=0.01, real=0.01 secs] 
55.658: Total time for which application threads were stopped: 0.0009300 seconds, Stopping threads took: 0.0000780 seconds
56.023: Application time: 0.3655770 seconds
56.023: Total time for which application threads were stopped: 0.0001100 seconds, Stopping threads took: 0.0000900 seconds
56.023: Application time: 0.0000550 seconds
56.023: [GC56.023: [ParNew: 35898K->2286K(37568K), 0.0006450 secs] 119570K->85958K(163952K), 0.0006760 secs] [Times: user=0.00 sys=0.00, real=0.00 secs] 
56.024: Total time for which application threads were stopped: 0.0007690 seconds, Stopping threads took: 0.0000500 seconds
56.439: Application time: 0.4144600 seconds
56.439: [GC56.439: [ParNew: 35456K->2507K(37568K), 0.0007650 secs] 119127K->86349K(163952K), 0.0008000 secs] [Times: user=0.01 sys=0.00, real=0.00 secs] 
56.440: Total time for which application threads were stopped: 0.0009490 seconds, Stopping threads took: 0.0000810 seconds
56.886: Application time: 0.4465250 seconds
56.886: [GC56.886: [ParNew: 35848K->2720K(37568K), 0.0007180 secs] 119690K->86620K(163952K), 0.0007510 secs] [Times: user=0.00 sys=0.00, real=0.00 secs] 
56.887: Total time for which application threads were stopped: 0.0009040 seconds, Stopping threads took: 0.0000970 seconds
57.249: Application time: 0.3619480 seconds
57.249: Total time for which application threads were stopped: 0.0000920 seconds, Stopping threads took: 0.0000670 seconds
57.249: Application time: 0.0000600 seconds
57.249: [GC57.249: [ParNew: 36224K->3014K(37568K), 0.0022770 secs] 120123K->86914K(163952K), 0.0023120 secs] [Times: user=0.01 sys=0.00, real=0.00 secs] 
57.251: Total time for which application threads were stopped: 0.0024090 seconds, Stopping threads took: 0.0000500 seconds
57.677: Application time: 0.4258130 seconds
57.677: [GC57.677: [ParNew: 36263K->2307K(37568K), 0.0007210 secs] 120162K->86378K(163952K), 0.0007610 secs] [Times: user=0.00 sys=0.00, real=0.00 secs] 
57.678: Total time for which application threads were stopped: 0.0008740 seconds, Stopping threads took: 0.0000590 seconds
58.118: Application time: 0.4393670 seconds
58.118: [GC58.118: [ParNew: 35711K->2585K(37568K), 0.0007470 secs] 119782K->86713K(163952K), 0.0007840 secs] [Times: user=0.00 sys=0.00, real=0.00 secs] 
58.118: Total time for which application threads were stopped: 0.0009240 seconds, Stopping threads took: 0.0000720 seconds
58.480: Application time: 0.3619150 seconds
58.480: [GC58.480: [ParNew: 35901K->2845K(37568K), 0.0007870 secs] 120029K->86972K(163952K), 0.0008190 secs] [Times: user=0.00 sys=0.00, real=0.00 secs] 
58.481: Total time for which application threads were stopped: 0.0009470 seconds, Stopping threads took: 0.0000770 seconds
58.906: Application time: 0.4250250 seconds
58.906: [GC58.906: [ParNew: 36008K->2281K(37568K), 0.0008380 secs] 120135K->86608K(163952K), 0.0008740 secs] [Times: user=0.01 sys=0.00, real=0.00 secs] 
58.907: Total time for which application threads were stopped: 0.0010310 seconds, Stopping threads took: 0.0000910 seconds
59.351: Application time: 0.4439930 seconds
59.351: [GC59.352: [ParNew: 35685K->2583K(37568K), 0.0007190 secs] 120012K->86939K(163952K), 0.0007540 secs] [Times: user=0.01 sys=0.00, real=0.00 secs] 
59.352: Total time for which application threads were stopped: 0.0009030 seconds, Stopping threads took: 0.0000910 seconds
59.712: Application time: 0.3596730 seconds
59.712: [GC59.712: [ParNew: 35902K->2845K(37568K), 0.0007880 secs] 120258K->87200K(163952K), 0.0008210 secs] [Times: user=0.01 sys=0.00, real=0.00 secs] 
59.713: Total time for which application threads were stopped: 0.0009610 seconds, Stopping threads took: 0.0000790 seconds
60.142: Application time: 0.4294720 seconds
60.142: [GC60.143: [ParNew: 36210K->2674K(37568K), 0.0007780 secs] 120566K->87230K(163952K), 0.0008140 secs] [Times: user=0.01 sys=0.00, real=0.00 secs] 
60.143: Total time for which application threads were stopped: 0.0009440 seconds, Stopping threads took: 0.0000740 seconds
60.593: Application time: 0.4494030 seconds
60.593: Total time for which application threads were stopped: 0.0001150 seconds, Stopping threads took: 0.0000810 seconds
60.595: Application time: 0.0020710 seconds
60.595: [GC60.595: [ParNew: 36149K->1632K(37568K), 0.0006120 secs] 120705K->86216K(163952K), 0.0006460 secs] [Times: user=0.01 sys=0.00, real=0.00 secs] 
60.596: Total time for which application threads were stopped: 0.0007390 seconds, Stopping threads took: 0.0000440 seconds
60.596: Application time: 0.0000310 seconds
60.596: [GC60.596: [ParNew: 1777K->1775K(37568K), 0.0006070 secs] 86361K->86359K(163952K), 0.0006250 secs] [Times: user=0.00 sys=0.00, real=0.00 secs] 
60.596: Total time for which application threads were stopped: 0.0007080 seconds, Stopping threads took: 0.0000490 seconds
60.960: Application time: 0.3637530 seconds
60.960: Total time for which application threads were stopped: 0.0000890 seconds, Stopping threads took: 0.0000710 seconds
60.960: Application time: 0.0000510 seconds
60.960: [GC60.960: [ParNew: 35450K->2738K(37568K), 0.0007030 secs] 120034K->87322K(163952K), 0.0007360 secs] [Times: user=0.01 sys=0.00, real=0.00 secs] 
60.961: Total time for which application threads were stopped: 0.0008310 seconds, Stopping threads took: 0.0000470 seconds
61.371: Application time: 0.4098210 seconds
61.371: [GC61.371: [ParNew: 35946K->2646K(37568K), 0.0007930 secs] 120530K->87458K(163952K), 0.0008260 secs] [Times: user=0.00 sys=0.00, real=0.00 secs] 
61.372: Total time for which application threads were stopped: 0.0009640 seconds, Stopping threads took: 0.0000730 seconds
61.815: Application time: 0.4433130 seconds
61.815: [GC61.815: [ParNew: 35924K->2449K(37568K), 0.0007130 secs] 120736K->87261K(163952K), 0.0007430 secs] [Times: user=0.01 sys=0.00, real=0.00 secs] 
61.816: Total time for which application threads were stopped: 0.0009000 seconds, Stopping threads took: 0.0000990 seconds
62.193: Application time: 0.3763790 seconds
62.193: [GC62.193: [ParNew: 35853K->2945K(37568K), 0.0007780 secs] 120665K->87757K(163952K), 0.0008210 secs] [Times: user=0.00 sys=0.00, real=0.00 secs] 
62.193: Total time for which application threads were stopped: 0.0009480 seconds, Stopping threads took: 0.0000600 seconds
62.603: Application time: 0.4093780 seconds
62.603: [GC62.603: [ParNew: 36350K->2647K(37568K), 0.0009130 secs] 121162K->87687K(163952K), 0.0009510 secs] [Times: user=0.01 sys=0.00, real=0.00 secs] 
62.604: Total time for which application threads were stopped: 0.0011140 seconds, Stopping threads took: 0.0001030 seconds
63.045: Application time: 0.4407470 seconds
63.045: [GC63.045: [ParNew: 35999K->2720K(37568K), 0.0007690 secs] 121039K->87760K(163952K), 0.0008040 secs] [Times: user=0.01 sys=0.00, real=0.00 secs] 
63.046: Total time for which application threads were stopped: 0.0009600 seconds, Stopping threads took: 0.0000880 seconds
63.450: Application time: 0.4040300 seconds
63.450: [GC63.450: [ParNew: 36123K->2810K(37568K), 0.0008240 secs] 121163K->87850K(163952K), 0.0008560 secs] [Times: user=0.00 sys=0.00, real=0.00 secs] 
63.451: Total time for which application threads were stopped: 0.0010040 seconds, Stopping threads took: 0.0000910 seconds
63.852: Application time: 0.4012400 seconds
63.852: Total time for which application threads were stopped: 0.0001010 seconds, Stopping threads took: 0.0000740 seconds
63.854: Application time: 0.0022560 seconds
63.854: [GC63.854: [ParNew: 36360K->2644K(37568K), 0.0007480 secs] 121400K->87913K(163952K), 0.0007810 secs] [Times: user=0.00 sys=0.00, real=0.00 secs] 
63.855: Total time for which application threads were stopped: 0.0008640 seconds, Stopping threads took: 0.0000410 seconds
64.282: Application time: 0.4264320 seconds
64.282: [GC64.282: [ParNew: 35923K->2253K(37568K), 0.0006500 secs] 121191K->87521K(163952K), 0.0006780 secs] [Times: user=0.00 sys=0.00, real=0.00 secs] 
64.282: Total time for which application threads were stopped: 0.0008210 seconds, Stopping threads took: 0.0000900 seconds
64.685: Application time: 0.4026370 seconds
64.685: [GC64.685: [ParNew: 35594K->2477K(37568K), 0.0007940 secs] 120862K->87745K(163952K), 0.0008290 secs] [Times: user=0.00 sys=0.00, real=0.00 secs] 
64.686: Total time for which application threads were stopped: 0.0009650 seconds, Stopping threads took: 0.0000700 seconds
65.084: Application time: 0.3984110 seconds
65.085: [GC65.085: [ParNew: 35747K->2644K(37568K), 0.0008050 secs] 121015K->88141K(163952K), 0.0008440 secs] [Times: user=0.00 sys=0.00, real=0.00 secs] 
65.085: Total time for which application threads were stopped: 0.0010010 seconds, Stopping threads took: 0.0000980 seconds
65.528: Application time: 0.4428240 seconds
65.528: Total time for which application threads were stopped: 0.0001090 seconds, Stopping threads took: 0.0000780 seconds
65.529: Application time: 0.0005740 seconds
65.529: [GC65.529: [ParNew: 36534K->2447K(37568K), 0.0007080 secs] 122030K->87943K(163952K), 0.0007430 secs] [Times: user=0.01 sys=0.00, real=0.00 secs] 
65.530: Total time for which application threads were stopped: 0.0008580 seconds, Stopping threads took: 0.0000590 seconds
65.933: Application time: 0.4031370 seconds
65.933: [GC65.933: [ParNew: 35849K->2938K(37568K), 0.0007920 secs] 121346K->88435K(163952K), 0.0008260 secs] [Times: user=0.00 sys=0.00, real=0.00 secs] 
65.934: Total time for which application threads were stopped: 0.0009700 seconds, Stopping threads took: 0.0000880 seconds
66.326: Application time: 0.3921370 seconds
66.326: [GC66.326: [ParNew: 36215K->2522K(37568K), 0.0008310 secs] 121711K->88247K(163952K), 0.0008640 secs] [Times: user=0.01 sys=0.00, real=0.00 secs] 
66.327: Total time for which application threads were stopped: 0.0010100 seconds, Stopping threads took: 0.0000820 seconds
66.756: Application time: 0.4292430 seconds
66.756: [GC66.756: [ParNew: 35928K->2452K(37568K), 0.0006850 secs] 121653K->88176K(163952K), 0.0007150 secs] [Times: user=0.00 sys=0.00, real=0.01 secs] 
66.757: Total time for which application threads were stopped: 0.0008420 seconds, Stopping threads took: 0.0000740 seconds
67.177: Application time: 0.4201450 seconds
67.177: [GC67.177: [ParNew: 35791K->2873K(37568K), 0.0008250 secs] 121516K->88597K(163952K), 0.0008680 secs] [Times: user=0.00 sys=0.00, real=0.00 secs] 
67.178: Total time for which application threads were stopped: 0.0010190 seconds, Stopping threads took: 0.0000870 seconds
67.565: Application time: 0.3864270 seconds
67.565: Total time for which application threads were stopped: 0.0000950 seconds, Stopping threads took: 0.0000770 seconds
67.569: Application time: 0.0041900 seconds
67.569: [GC67.569: [ParNew: 36355K->1838K(37568K), 0.0006090 secs] 122080K->87790K(163952K), 0.0006370 secs] [Times: user=0.00 sys=0.00, real=0.00 secs] 
67.570: Total time for which application threads were stopped: 0.0007080 seconds, Stopping threads took: 0.0000330 seconds
67.983: Application time: 0.4135700 seconds
67.983: [GC67.983: [ParNew: 35116K->2053K(37568K), 0.0021300 secs] 121068K->88006K(163952K), 0.0021710 secs] [Times: user=0.00 sys=0.00, real=0.00 secs] 
67.986: Total time for which application threads were stopped: 0.0023270 seconds, Stopping threads took: 0.0000860 seconds
68.435: Application time: 0.4493140 seconds
68.435: Total time for which application threads were stopped: 0.0001090 seconds, Stopping threads took: 0.0000870 seconds
68.436: Application time: 0.0007020 seconds
68.436: [GC68.436: [ParNew: 35598K->1882K(37568K), 0.0007140 secs] 121550K->87835K(163952K), 0.0007490 secs] [Times: user=0.00 sys=0.00, real=0.00 secs] 
68.437: Total time for which application threads were stopped: 0.0008460 seconds, Stopping threads took: 0.0000480 seconds
68.803: Application time: 0.3667170 seconds
68.803: [GC68.804: [ParNew: 35147K->2873K(37568K), 0.0008350 secs] 121100K->88825K(163952K), 0.0008730 secs] [Times: user=0.00 sys=0.00, real=0.00 secs] 
68.804: Total time for which application threads were stopped: 0.0010170 seconds, Stopping threads took: 0.0000770 seconds
69.225: Application time: 0.4201880 seconds
69.225: Total time for which application threads were stopped: 0.0000790 seconds, Stopping threads took: 0.0000620 seconds
69.225: Application time: 0.0002710 seconds
69.225: [GC69.225: [ParNew: 36762K->2449K(37568K), 0.0006840 secs] 122715K->88629K(163952K), 0.0007130 secs] [Times: user=0.00 sys=0.00, real=0.00 secs] 
69.226: Total time for which application threads were stopped: 0.0008040 seconds, Stopping threads took: 0.0000480 seconds
69.672: Application time: 0.4459170 seconds
69.672: [GC69.672: [ParNew: 35589K->2078K(37568K), 0.0007500 secs] 121770K->88259K(163952K), 0.0007840 secs] [Times: user=0.01 sys=0.00, real=0.00 secs] 
69.673: Total time for which application threads were stopped: 0.0009250 seconds, Stopping threads took: 0.0000780 seconds
70.035: Application time: 0.3627920 seconds
70.036: [GC70.036: [ParNew: 35345K->2477K(37568K), 0.0007340 secs] 121526K->88658K(163952K), 0.0007700 secs] [Times: user=0.01 sys=0.00, real=0.00 secs] 
70.036: Total time for which application threads were stopped: 0.0009350 seconds, Stopping threads took: 0.0001080 seconds
70.450: Application time: 0.4133110 seconds
70.450: [GC70.450: [ParNew: 35882K->2581K(37568K), 0.0008900 secs] 122062K->88990K(163952K), 0.0009260 secs] [Times: user=0.00 sys=0.00, real=0.00 secs] 
70.451: Total time for which application threads were stopped: 0.0010870 seconds, Stopping threads took: 0.0000920 seconds
70.902: Application time: 0.4511860 seconds
70.902: [GC70.902: [ParNew: 35984K->2674K(37568K), 0.0007490 secs] 122393K->89083K(163952K), 0.0007840 secs] [Times: user=0.01 sys=0.00, real=0.00 secs] 
70.903: Total time for which application threads were stopped: 0.0009230 seconds, Stopping threads took: 0.0000810 seconds
71.266: Application time: 0.3627450 seconds
71.266: Total time for which application threads were stopped: 0.0001240 seconds, Stopping threads took: 0.0000950 seconds
71.266: Application time: 0.0003860 seconds
71.266: [GC71.266: [ParNew: 36156K->2449K(37568K), 0.0007220 secs] 122565K->89086K(163952K), 0.0007540 secs] [Times: user=0.01 sys=0.00, real=0.00 secs] 
71.267: Total time for which application threads were stopped: 0.0008540 seconds, Stopping threads took: 0.0000520 seconds
71.682: Application time: 0.4155030 seconds
71.683: [GC71.683: [ParNew: 35720K->2844K(37568K), 0.0007830 secs] 122357K->89481K(163952K), 0.0008160 secs] [Times: user=0.00 sys=0.00, real=0.00 secs] 
71.683: Total time for which application threads were stopped: 0.0009490 seconds, Stopping threads took: 0.0000750 seconds
72.134: Application time: 0.4504290 seconds
72.134: [GC72.134: [ParNew: 36182K->2673K(37568K), 0.0007590 secs] 122819K->89310K(163952K), 0.0007940 secs] [Times: user=0.00 sys=0.00, real=0.00 secs] 
72.135: Total time for which application threads were stopped: 0.0009370 seconds, Stopping threads took: 0.0000770 seconds
72.495: Application time: 0.3607280 seconds
72.496: [GC72.496: [ParNew: 36014K->2918K(37568K), 0.0008650 secs] 122651K->89783K(163952K), 0.0009010 secs] [Times: user=0.01 sys=0.00, real=0.00 secs] 
72.497: Total time for which application threads were stopped: 0.0010430 seconds, Stopping threads took: 0.0000870 seconds
72.912: Application time: 0.4150360 seconds
72.912: [GC72.912: [ParNew: 36323K->2845K(37568K), 0.0008390 secs] 123188K->89710K(163952K), 0.0008750 secs] [Times: user=0.00 sys=0.00, real=0.00 secs] 
72.913: Total time for which application threads were stopped: 0.0010300 seconds, Stopping threads took: 0.0000850 seconds
73.362: Application time: 0.4497210 seconds
73.362: [GC73.362: [ParNew: 36193K->2673K(37568K), 0.0007500 secs] 123058K->89538K(163952K), 0.0007870 secs] [Times: user=0.00 sys=0.00, real=0.00 secs] 
73.363: Total time for which application threads were stopped: 0.0009210 seconds, Stopping threads took: 0.0000780 seconds
73.727: Application time: 0.3637290 seconds
73.727: [GC73.727: [ParNew: 36011K->2718K(37568K), 0.0009000 secs] 122876K->89811K(163952K), 0.0009340 secs] [Times: user=0.01 sys=0.00, real=0.00 secs] 
73.728: Total time for which application threads were stopped: 0.0011120 seconds, Stopping threads took: 0.0001090 seconds
74.159: Application time: 0.4305900 seconds
74.159: [GC74.159: [ParNew: 36121K->2649K(37568K), 0.0008060 secs] 123214K->89743K(163952K), 0.0008440 secs] [Times: user=0.01 sys=0.00, real=0.00 secs] 
74.160: Total time for which application threads were stopped: 0.0010110 seconds, Stopping threads took: 0.0001070 seconds
74.598: Application time: 0.4383430 seconds
74.598: [GC74.598: [ParNew: 35992K->3070K(37568K), 0.0008350 secs] 123085K->90164K(163952K), 0.0008720 secs] [Times: user=0.01 sys=0.00, real=0.00 secs] 
74.599: Total time for which application threads were stopped: 0.0010280 seconds, Stopping threads took: 0.0000900 seconds
74.964: Application time: 0.3651580 seconds
74.964: [GC74.964: [ParNew: 36417K->2520K(37568K), 0.0008410 secs] 123511K->89842K(163952K), 0.0008760 secs] [Times: user=0.00 sys=0.00, real=0.00 secs] 
74.965: Total time for which application threads were stopped: 0.0010230 seconds, Stopping threads took: 0.0000900 seconds
75.406: Application time: 0.4407180 seconds
75.406: [GC75.406: [ParNew: 35726K->2449K(37568K), 0.0006890 secs] 123047K->89770K(163952K), 0.0007220 secs] [Times: user=0.01 sys=0.00, real=0.00 secs] 
75.407: Total time for which application threads were stopped: 0.0008790 seconds, Stopping threads took: 0.0000940 seconds
75.836: Application time: 0.4289590 seconds
75.836: [GC75.836: [ParNew: 35776K->2873K(37568K), 0.0008180 secs] 123097K->90194K(163952K), 0.0008530 secs] [Times: user=0.00 sys=0.00, real=0.00 secs] 
75.837: Total time for which application threads were stopped: 0.0010100 seconds, Stopping threads took: 0.0000990 seconds
76.222: Application time: 0.3852920 seconds
76.222: Total time for which application threads were stopped: 0.0001280 seconds, Stopping threads took: 0.0000940 seconds
76.223: Application time: 0.0005370 seconds
76.223: [GC76.223: [ParNew: 36357K->2451K(37568K), 0.0007970 secs] 123678K->90000K(163952K), 0.0008320 secs] [Times: user=0.00 sys=0.00, real=0.00 secs] 
76.224: Total time for which application threads were stopped: 0.0009590 seconds, Stopping threads took: 0.0000710 seconds
76.642: Application time: 0.4180800 seconds
76.642: [GC76.642: [ParNew: 35791K->2718K(37568K), 0.0007770 secs] 123340K->90268K(163952K), 0.0008140 secs] [Times: user=0.00 sys=0.00, real=0.00 secs] 
76.643: Total time for which application threads were stopped: 0.0009400 seconds, Stopping threads took: 0.0000690 seconds
77.071: Application time: 0.4278220 seconds
77.071: [GC77.071: [ParNew: 36058K->2747K(37568K), 0.0008140 secs] 123607K->90296K(163952K), 0.0008510 secs] [Times: user=0.01 sys=0.00, real=0.00 secs] 
77.072: Total time for which application threads were stopped: 0.0009990 seconds, Stopping threads took: 0.0000820 seconds
77.467: Application time: 0.3952640 seconds
77.467: [GC77.467: [ParNew: 35952K->2447K(37568K), 0.0009410 secs] 123502K->90224K(163952K), 0.0009810 secs] [Times: user=0.00 sys=0.00, real=0.00 secs] 
77.468: Total time for which application threads were stopped: 0.0011600 seconds, Stopping threads took: 0.0001210 seconds
77.873: Application time: 0.4048070 seconds
77.873: [GC77.873: [ParNew: 35800K->2674K(37568K), 0.0006700 secs] 123578K->90452K(163952K), 0.0007050 secs] [Times: user=0.00 sys=0.01, real=0.00 secs] 
77.874: Total time for which application threads were stopped: 0.0008540 seconds, Stopping threads took: 0.0000890 seconds
78.306: Application time: 0.4327250 seconds
78.307: Total time for which application threads were stopped: 0.0001180 seconds, Stopping threads took: 0.0000950 seconds
78.307: Application time: 0.0004780 seconds
78.307: [GC78.307: [ParNew: 36136K->2645K(37568K), 0.0007580 secs] 123914K->90451K(163952K), 0.0007920 secs] [Times: user=0.00 sys=0.00, real=0.00 secs] 
78.308: Total time for which application threads were stopped: 0.0008760 seconds, Stopping threads took: 0.0000370 seconds
78.718: Application time: 0.4099850 seconds
78.718: [GC78.718: [ParNew: 35920K->2251K(37568K), 0.0007790 secs] 123726K->90257K(163952K), 0.0008100 secs] [Times: user=0.01 sys=0.00, real=0.00 secs] 
78.719: Total time for which application threads were stopped: 0.0009570 seconds, Stopping threads took: 0.0000880 seconds
79.124: Application time: 0.4049460 seconds
79.124: Total time for which application threads were stopped: 0.0000960 seconds, Stopping threads took: 0.0000770 seconds
79.124: Application time: 0.0002260 seconds
79.124: [GC79.124: [ParNew: 35809K->2479K(37568K), 0.0006550 secs] 123815K->90484K(163952K), 0.0006850 secs] [Times: user=0.00 sys=0.00, real=0.00 secs] 
79.125: Total time for which application threads were stopped: 0.0007650 seconds, Stopping threads took: 0.0000400 seconds
79.543: Application time: 0.4184440 seconds
79.543: [GC79.543: [ParNew: 35798K->2916K(37568K), 0.0008350 secs] 123803K->90951K(163952K), 0.0008710 secs] [Times: user=0.00 sys=0.00, real=0.00 secs] 
79.544: Total time for which application threads were stopped: 0.0010210 seconds, Stopping threads took: 0.0000850 seconds
79.976: Application time: 0.4317060 seconds
79.976: Total time for which application threads were stopped: 0.0000970 seconds, Stopping threads took: 0.0000790 seconds
79.978: Application time: 0.0014900 seconds
79.978: [GC79.978: [ParNew: 36326K->2451K(37568K), 0.0006990 secs] 124361K->90684K(163952K), 0.0007330 secs] [Times: user=0.01 sys=0.00, real=0.00 secs] 
79.978: Total time for which application threads were stopped: 0.0008210 seconds, Stopping threads took: 0.0000420 seconds
80.359: Application time: 0.3801530 seconds
80.359: [GC80.359: [ParNew: 35687K->2507K(37568K), 0.0006660 secs] 123921K->90741K(163952K), 0.0006980 secs] [Times: user=0.00 sys=0.00, real=0.00 secs] 
80.359: Total time for which application threads were stopped: 0.0008300 seconds, Stopping threads took: 0.0000720 seconds
80.782: Application time: 0.4222400 seconds
80.782: [GC80.782: [ParNew: 35876K->2815K(37568K), 0.0008540 secs] 124110K->91105K(163952K), 0.0008890 secs] [Times: user=0.00 sys=0.00, real=0.00 secs] 
80.783: Total time for which application threads were stopped: 0.0010240 seconds, Stopping threads took: 0.0000800 seconds
81.214: Application time: 0.4316190 seconds
81.214: [GC81.214: [ParNew: 36092K->2449K(37568K), 0.0007910 secs] 124383K->90911K(163952K), 0.0008350 secs] [Times: user=0.01 sys=0.00, real=0.00 secs] 
81.215: Total time for which application threads were stopped: 0.0009860 seconds, Stopping threads took: 0.0000890 seconds
81.609: Application time: 0.3941200 seconds
81.610: Total time for which application threads were stopped: 0.0000980 seconds, Stopping threads took: 0.0000770 seconds
81.610: Application time: 0.0006680 seconds
81.610: [GC81.610: [ParNew: 36098K->2109K(37568K), 0.0006320 secs] 124560K->90571K(163952K), 0.0006640 secs] [Times: user=0.01 sys=0.00, real=0.00 secs] 
81.611: Total time for which application threads were stopped: 0.0007400 seconds, Stopping threads took: 0.0000300 seconds
82.023: Application time: 0.4124550 seconds
82.024: [GC82.024: [ParNew: 35271K->2617K(37568K), 0.0008230 secs] 123733K->91136K(163952K), 0.0008570 secs] [Times: user=0.00 sys=0.00, real=0.00 secs] 
82.024: Total time for which application threads were stopped: 0.0009990 seconds, Stopping threads took: 0.0000770 seconds
82.477: Application time: 0.4525180 seconds
82.477: [GC82.477: [ParNew: 35894K->2251K(37568K), 0.0008070 secs] 124413K->90941K(163952K), 0.0008400 secs] [Times: user=0.01 sys=0.00, real=0.00 secs] 
82.478: Total time for which application threads were stopped: 0.0009970 seconds, Stopping threads took: 0.0000920 seconds
82.848: Application time: 0.3702030 seconds
82.848: Total time for which application threads were stopped: 0.0001000 seconds, Stopping threads took: 0.0000700 seconds
82.848: Application time: 0.0000560 seconds
82.848: [GC82.848: [ParNew: 35926K->2426K(37568K), 0.0007240 secs] 124616K->91116K(163952K), 0.0007580 secs] [Times: user=0.00 sys=0.00, real=0.01 secs] 
82.849: Total time for which application threads were stopped: 0.0008480 seconds, Stopping threads took: 0.0000450 seconds
83.264: Application time: 0.4149930 seconds
83.264: [GC83.264: [ParNew: 35832K->2635K(37568K), 0.0007270 secs] 124522K->91439K(163952K), 0.0007590 secs] [Times: user=0.00 sys=0.00, real=0.00 secs] 
83.265: Total time for which application threads were stopped: 0.0008860 seconds, Stopping threads took: 0.0000730 seconds
83.716: Application time: 0.4512370 seconds
83.716: [GC83.716: [ParNew: 36040K->2644K(37568K), 0.0008460 secs] 124844K->91563K(163952K), 0.0008850 secs] [Times: user=0.00 sys=0.01, real=0.01 secs] 
83.717: Total time for which application threads were stopped: 0.0010360 seconds, Stopping threads took: 0.0000760 seconds
84.076: Application time: 0.3590830 seconds
84.077: [GC84.077: [ParNew: 35898K->2843K(37568K), 0.0009060 secs] 124816K->91761K(163952K), 0.0009480 secs] [Times: user=0.01 sys=0.00, real=0.00 secs] 
84.078: Total time for which application threads were stopped: 0.0017190 seconds, Stopping threads took: 0.0007040 seconds
84.511: Application time: 0.4328280 seconds
84.511: Total time for which application threads were stopped: 0.0001240 seconds, Stopping threads took: 0.0000910 seconds
84.513: Application time: 0.0017940 seconds
84.513: [GC84.513: [ParNew: 36408K->2281K(37568K), 0.0007160 secs] 125326K->91399K(163952K), 0.0007470 secs] [Times: user=0.01 sys=0.00, real=0.00 secs] 
84.514: Total time for which application threads were stopped: 0.0008360 seconds, Stopping threads took: 0.0000460 seconds
84.962: Application time: 0.4478840 seconds
84.962: [GC84.962: [ParNew: 35560K->2053K(37568K), 0.0006960 secs] 124678K->91200K(163952K), 0.0007320 secs] [Times: user=0.00 sys=0.00, real=0.00 secs] 
84.962: Total time for which application threads were stopped: 0.0008710 seconds, Stopping threads took: 0.0000800 seconds
85.312: Application time: 0.3499900 seconds
85.313: [GC85.313: [ParNew: 35304K->2647K(37568K), 0.0007480 secs] 124450K->91793K(163952K), 0.0007800 secs] [Times: user=0.01 sys=0.00, real=0.00 secs] 
85.313: Total time for which application threads were stopped: 0.0009360 seconds, Stopping threads took: 0.0000940 seconds
85.738: Application time: 0.4243580 seconds
85.738: [GC85.738: [ParNew: 36003K->2083K(37568K), 0.0007330 secs] 125150K->91429K(163952K), 0.0007720 secs] [Times: user=0.01 sys=0.00, real=0.00 secs] 
85.739: Total time for which application threads were stopped: 0.0009110 seconds, Stopping threads took: 0.0000850 seconds
86.185: Application time: 0.4461170 seconds
86.185: [GC86.185: [ParNew: 35426K->2551K(37568K), 0.0007460 secs] 124772K->91896K(163952K), 0.0007820 secs] [Times: user=0.01 sys=0.00, real=0.00 secs] 
86.186: Total time for which application threads were stopped: 0.0009290 seconds, Stopping threads took: 0.0000790 seconds
86.544: Application time: 0.3580030 seconds
86.544: [GC86.544: [ParNew: 35886K->3140K(37568K), 0.0008960 secs] 125232K->92486K(163952K), 0.0009310 secs] [Times: user=0.00 sys=0.00, real=0.00 secs] 
86.545: Total time for which application threads were stopped: 0.0010740 seconds, Stopping threads took: 0.0000830 seconds
86.968: Application time: 0.4230430 seconds
86.968: Total time for which application threads were stopped: 0.0000960 seconds, Stopping threads took: 0.0000680 seconds
86.968: Application time: 0.0005430 seconds
86.969: [GC86.969: [ParNew: 36759K->2449K(37568K), 0.0007560 secs] 126105K->92024K(163952K), 0.0007890 secs] [Times: user=0.00 sys=0.00, real=0.01 secs] 
86.969: Total time for which application threads were stopped: 0.0008790 seconds, Stopping threads took: 0.0000400 seconds
87.423: Application time: 0.4539410 seconds
87.423: [GC87.423: [ParNew: 35726K->2055K(37568K), 0.0005700 secs] 125302K->91631K(163952K), 0.0006010 secs] [Times: user=0.00 sys=0.00, real=0.00 secs] 
87.424: Total time for which application threads were stopped: 0.0007270 seconds, Stopping threads took: 0.0000750 seconds
87.772: Application time: 0.3483900 seconds
87.773: [GC87.773: [ParNew: 35384K->2871K(37568K), 0.0008390 secs] 124959K->92447K(163952K), 0.0008710 secs] [Times: user=0.01 sys=0.00, real=0.00 secs] 
87.773: Total time for which application threads were stopped: 0.0009970 seconds, Stopping threads took: 0.0000610 seconds
88.193: Application time: 0.4198640 seconds
88.193: Total time for which application threads were stopped: 0.0000830 seconds, Stopping threads took: 0.0000670 seconds
88.193: Application time: 0.0000510 seconds
88.193: [GC88.193: [ParNew: 36415K->2514K(37568K), 0.0007430 secs] 125991K->92318K(163952K), 0.0007750 secs] [Times: user=0.00 sys=0.00, real=0.00 secs] 
88.194: Total time for which application threads were stopped: 0.0008630 seconds, Stopping threads took: 0.0000450 seconds
88.641: Application time: 0.4468780 seconds
88.641: [GC88.641: [ParNew: 35791K->2522K(37568K), 0.0007590 secs] 125595K->92326K(163952K), 0.0007990 secs] [Times: user=0.00 sys=0.00, real=0.00 secs] 
88.642: Total time for which application threads were stopped: 0.0009520 seconds, Stopping threads took: 0.0000850 seconds
89.002: Application time: 0.3602420 seconds
89.002: [GC89.003: [ParNew: 35921K->2612K(37568K), 0.0008150 secs] 125726K->92416K(163952K), 0.0008490 secs] [Times: user=0.01 sys=0.00, real=0.00 secs] 
89.003: Total time for which application threads were stopped: 0.0010050 seconds, Stopping threads took: 0.0000990 seconds
89.424: Application time: 0.4205140 seconds
89.424: [GC89.424: [ParNew: 35954K->2648K(37568K), 0.0008920 secs] 125758K->92680K(163952K), 0.0009280 secs] [Times: user=0.00 sys=0.00, real=0.00 secs] 
89.425: Total time for which application threads were stopped: 0.0010710 seconds, Stopping threads took: 0.0000740 seconds
89.874: Application time: 0.4485960 seconds
89.874: [GC89.874: [ParNew: 35925K->2251K(37568K), 0.0006860 secs] 125958K->92283K(163952K), 0.0007200 secs] [Times: user=0.01 sys=0.00, real=0.00 secs] 
89.874: Total time for which application threads were stopped: 0.0008570 seconds, Stopping threads took: 0.0000790 seconds
90.241: Application time: 0.3670270 seconds
90.242: [GC90.242: [ParNew: 35588K->2477K(37568K), 0.0007970 secs] 125621K->92509K(163952K), 0.0008310 secs] [Times: user=0.01 sys=0.00, real=0.00 secs] 
90.242: Total time for which application threads were stopped: 0.0009720 seconds, Stopping threads took: 0.0000770 seconds
90.663: Application time: 0.4209480 seconds
90.664: [GC90.664: [ParNew: 35817K->2520K(37568K), 0.0008550 secs] 125849K->92781K(163952K), 0.0008980 secs] [Times: user=0.01 sys=0.00, real=0.00 secs] 
90.664: Total time for which application threads were stopped: 0.0010980 seconds, Stopping threads took: 0.0001440 seconds
91.107: Application time: 0.4423720 seconds
91.107: [GC91.107: [ParNew: 35798K->2323K(37568K), 0.0007210 secs] 126058K->92583K(163952K), 0.0007570 secs] [Times: user=0.00 sys=0.00, real=0.00 secs] 
91.108: Total time for which application threads were stopped: 0.0009300 seconds, Stopping threads took: 0.0001050 seconds
91.475: Application time: 0.3669640 seconds
91.475: [GC91.475: [ParNew: 35579K->3070K(37568K), 0.0008770 secs] 125840K->93331K(163952K), 0.0009140 secs] [Times: user=0.01 sys=0.00, real=0.00 secs] 
91.476: Total time for which application threads were stopped: 0.0010360 seconds, Stopping threads took: 0.0000610 seconds
91.896: Application time: 0.4199430 seconds
91.896: [GC91.896: [ParNew: 36347K->2646K(37568K), 0.0008570 secs] 126608K->93135K(163952K), 0.0008890 secs] [Times: user=0.00 sys=0.00, real=0.00 secs] 
91.897: Total time for which application threads were stopped: 0.0010260 seconds, Stopping threads took: 0.0000760 seconds
92.353: Application time: 0.4563510 seconds
92.353: Total time for which application threads were stopped: 0.0000970 seconds, Stopping threads took: 0.0000780 seconds
92.353: Application time: 0.0002010 seconds
92.353: [GC92.354: [ParNew: 36126K->2251K(37568K), 0.0006710 secs] 126614K->92739K(163952K), 0.0007060 secs] [Times: user=0.01 sys=0.00, real=0.00 secs] 
92.354: Total time for which application threads were stopped: 0.0008180 seconds, Stopping threads took: 0.0000630 seconds
92.759: Application time: 0.4051590 seconds
92.760: [GC92.760: [ParNew: 35580K->2675K(37568K), 0.0007740 secs] 126069K->93163K(163952K), 0.0008050 secs] [Times: user=0.01 sys=0.00, real=0.00 secs] 
92.760: Total time for which application threads were stopped: 0.0009580 seconds, Stopping threads took: 0.0000880 seconds
93.155: Application time: 0.3948100 seconds
93.155: [GC93.155: [ParNew: 35952K->2451K(37568K), 0.0006700 secs] 126441K->93167K(163952K), 0.0007030 secs] [Times: user=0.01 sys=0.00, real=0.00 secs] 
93.156: Total time for which application threads were stopped: 0.0008290 seconds, Stopping threads took: 0.0000750 seconds
93.589: Application time: 0.4325980 seconds
93.589: [GC93.589: [ParNew: 35728K->2251K(37568K), 0.0007310 secs] 126444K->92967K(163952K), 0.0007670 secs] [Times: user=0.01 sys=0.00, real=0.01 secs] 
93.589: Total time for which application threads were stopped: 0.0009100 seconds, Stopping threads took: 0.0000750 seconds
94.005: Application time: 0.4160190 seconds
94.006: Total time for which application threads were stopped: 0.0000860 seconds, Stopping threads took: 0.0000660 seconds
94.009: Application time: 0.0035090 seconds
94.009: [GC94.009: [ParNew: 35860K->2342K(37568K), 0.0022590 secs] 126576K->93059K(163952K), 0.0022950 secs] [Times: user=0.00 sys=0.00, real=0.00 secs] 
94.011: Total time for which application threads were stopped: 0.0023950 seconds, Stopping threads took: 0.0000540 seconds
94.017: Application time: 0.0055580 seconds
94.017: [GC94.017: [ParNew: 2688K->345K(37568K), 0.0006350 secs] 93405K->92782K(163952K), 0.0006550 secs] [Times: user=0.00 sys=0.00, real=0.00 secs] 
94.018: Total time for which application threads were stopped: 0.0007570 seconds, Stopping threads took: 0.0000640 seconds
94.401: Application time: 0.3829480 seconds
94.401: [GC94.401: [ParNew: 33741K->3116K(37568K), 0.0008040 secs] 126179K->95553K(163952K), 0.0008380 secs] [Times: user=0.00 sys=0.00, real=0.00 secs] 
94.402: Total time for which application threads were stopped: 0.0009760 seconds, Stopping threads took: 0.0000740 seconds
94.824: Application time: 0.4223870 seconds
94.824: [GC94.824: [ParNew: 36467K->2648K(37568K), 0.0007570 secs] 128904K->95221K(163952K), 0.0007960 secs] [Times: user=0.00 sys=0.00, real=0.00 secs] 
94.825: Total time for which application threads were stopped: 0.0009450 seconds, Stopping threads took: 0.0000830 seconds
95.264: Application time: 0.4386470 seconds
95.264: [GC95.264: [ParNew: 35995K->2082K(37568K), 0.0007050 secs] 128567K->94654K(163952K), 0.0007410 secs] [Times: user=0.00 sys=0.00, real=0.00 secs] 
95.265: Total time for which application threads were stopped: 0.0008720 seconds, Stopping threads took: 0.0000630 seconds
95.651: Application time: 0.3865410 seconds
95.651: Total time for which application threads were stopped: 0.0000940 seconds, Stopping threads took: 0.0000740 seconds
95.653: Application time: 0.0018480 seconds
95.653: [GC95.653: [ParNew: 35547K->2065K(37568K), 0.0006440 secs] 128119K->94637K(163952K), 0.0006760 secs] [Times: user=0.00 sys=0.00, real=0.00 secs] 
95.654: Total time for which application threads were stopped: 0.0007490 seconds, Stopping threads took: 0.0000290 seconds
96.057: Application time: 0.4030120 seconds
96.057: [GC96.057: [ParNew: 35408K->3142K(37568K), 0.0009380 secs] 127980K->95714K(163952K), 0.0009750 secs] [Times: user=0.01 sys=0.00, real=0.01 secs] 
96.058: Total time for which application threads were stopped: 0.0011360 seconds, Stopping threads took: 0.0000920 seconds
96.502: Application time: 0.4442700 seconds
96.502: [GC96.502: [ParNew: 36478K->2943K(37568K), 0.0008430 secs] 129050K->95516K(163952K), 0.0008800 secs] [Times: user=0.01 sys=0.00, real=0.00 secs] 
96.503: Total time for which application threads were stopped: 0.0010230 seconds, Stopping threads took: 0.0000830 seconds
96.880: Application time: 0.3769900 seconds
96.880: [GC96.880: [ParNew: 36218K->2522K(37568K), 0.0007170 secs] 128791K->95323K(163952K), 0.0007540 secs] [Times: user=0.01 sys=0.00, real=0.00 secs] 
96.881: Total time for which application threads were stopped: 0.0009020 seconds, Stopping threads took: 0.0000830 seconds
97.313: Application time: 0.4317040 seconds
97.313: [GC97.313: [ParNew: 35730K->2449K(37568K), 0.0007710 secs] 128531K->95249K(163952K), 0.0008030 secs] [Times: user=0.00 sys=0.00, real=0.00 secs] 
97.314: Total time for which application threads were stopped: 0.0009290 seconds, Stopping threads took: 0.0000710 seconds
97.723: Application time: 0.4088360 seconds
97.723: [GC97.723: [ParNew: 35774K->3068K(37568K), 0.0007950 secs] 128575K->95869K(163952K), 0.0008300 secs] [Times: user=0.01 sys=0.00, real=0.00 secs] 
97.724: Total time for which application threads were stopped: 0.0009540 seconds, Stopping threads took: 0.0000540 seconds
98.123: Application time: 0.3991870 seconds
98.123: Total time for which application threads were stopped: 0.0001170 seconds, Stopping threads took: 0.0000970 seconds
98.123: Application time: 0.0000590 seconds
98.123: [GC98.123: [ParNew: 36485K->1784K(37568K), 0.0007100 secs] 129286K->94813K(163952K), 0.0007410 secs] [Times: user=0.00 sys=0.00, real=0.00 secs] 
98.124: Total time for which application threads were stopped: 0.0008280 seconds, Stopping threads took: 0.0000450 seconds
98.535: Application time: 0.4114360 seconds
98.535: [GC98.535: [ParNew: 35189K->2720K(37568K), 0.0007660 secs] 128218K->95749K(163952K), 0.0007990 secs] [Times: user=0.01 sys=0.00, real=0.00 secs] 
98.536: Total time for which application threads were stopped: 0.0009390 seconds, Stopping threads took: 0.0000780 seconds
98.979: Application time: 0.4432360 seconds
98.981: [GC98.981: [ParNew: 36057K->2540K(37568K), 0.0008210 secs] 129086K->95569K(163952K), 0.0008570 secs] [Times: user=0.01 sys=0.00, real=0.00 secs] 
98.982: Total time for which application threads were stopped: 0.0025920 seconds, Stopping threads took: 0.0016780 seconds
99.346: Application time: 0.3641040 seconds
99.347: [GC99.347: [ParNew: 35948K->2051K(37568K), 0.0008500 secs] 128977K->95308K(163952K), 0.0008870 secs] [Times: user=0.01 sys=0.00, real=0.00 secs] 
99.348: Total time for which application threads were stopped: 0.0015110 seconds, Stopping threads took: 0.0005530 seconds
99.768: Application time: 0.4204730 seconds
99.768: [GC99.768: [ParNew: 35456K->2583K(37568K), 0.0007210 secs] 128714K->95841K(163952K), 0.0007630 secs] [Times: user=0.01 sys=0.00, real=0.00 secs] 
99.769: Total time for which application threads were stopped: 0.0009120 seconds, Stopping threads took: 0.0000940 seconds
100.204: Application time: 0.4346990 seconds
100.204: [GC100.204: [ParNew: 35786K->2673K(37568K), 0.0008060 secs] 129043K->95930K(163952K), 0.0008410 secs] [Times: user=0.01 sys=0.00, real=0.00 secs] 
100.205: Total time for which application threads were stopped: 0.0009820 seconds, Stopping threads took: 0.0000730 seconds
100.570: Application time: 0.3652950 seconds
100.570: [GC100.570: [ParNew: 35950K->2251K(37568K), 0.0007830 secs] 129207K->95736K(163952K), 0.0008160 secs] [Times: user=0.01 sys=0.00, real=0.00 secs] 
100.571: Total time for which application threads were stopped: 0.0009480 seconds, Stopping threads took: 0.0000770 seconds
100.996: Application time: 0.4251440 seconds
100.996: [GC100.996: [ParNew: 35526K->2053K(37568K), 0.0006550 secs] 129011K->95538K(163952K), 0.0006910 secs] [Times: user=0.00 sys=0.00, real=0.00 secs] 
100.997: Total time for which application threads were stopped: 0.0008390 seconds, Stopping threads took: 0.0000800 seconds
101.434: Application time: 0.4373280 seconds
101.434: [GC101.434: [ParNew: 35381K->2675K(37568K), 0.0007600 secs] 128866K->96160K(163952K), 0.0007970 secs] [Times: user=0.01 sys=0.00, real=0.00 secs] 
101.435: Total time for which application threads were stopped: 0.0009290 seconds, Stopping threads took: 0.0000740 seconds
101.802: Application time: 0.3672840 seconds
101.803: [GC101.803: [ParNew: 35950K->2253K(37568K), 0.0008200 secs] 129436K->95966K(163952K), 0.0008530 secs] [Times: user=0.01 sys=0.00, real=0.00 secs] 
101.803: Total time for which application threads were stopped: 0.0009980 seconds, Stopping threads took: 0.0000820 seconds
102.227: Application time: 0.4236600 seconds
102.227: Total time for which application threads were stopped: 0.0000910 seconds, Stopping threads took: 0.0000720 seconds
102.228: Application time: 0.0003520 seconds
102.228: [GC102.228: [ParNew: 35726K->2451K(37568K), 0.0007180 secs] 129439K->96164K(163952K), 0.0007500 secs] [Times: user=0.01 sys=0.00, real=0.00 secs] 
102.228: Total time for which application threads were stopped: 0.0008290 seconds, Stopping threads took: 0.0000370 seconds
102.671: Application time: 0.4428170 seconds
102.671: [GC102.671: [ParNew: 35787K->2477K(37568K), 0.0007490 secs] 129500K->96191K(163952K), 0.0007850 secs] [Times: user=0.01 sys=0.00, real=0.00 secs] 
102.672: Total time for which application threads were stopped: 0.0009480 seconds, Stopping threads took: 0.0000950 seconds
103.031: Application time: 0.3586950 seconds
103.031: [GC103.031: [ParNew: 35880K->2583K(37568K), 0.0008470 secs] 129594K->96525K(163952K), 0.0008810 secs] [Times: user=0.00 sys=0.00, real=0.00 secs] 
103.032: Total time for which application threads were stopped: 0.0010100 seconds, Stopping threads took: 0.0000730 seconds
103.458: Application time: 0.4261170 seconds
103.458: [GC103.458: [ParNew: 35808K->2479K(37568K), 0.0007420 secs] 129750K->96420K(163952K), 0.0007770 secs] [Times: user=0.00 sys=0.00, real=0.00 secs] 
103.459: Total time for which application threads were stopped: 0.0009180 seconds, Stopping threads took: 0.0000750 seconds
103.895: Application time: 0.4358800 seconds
103.895: [GC103.895: [ParNew: 35734K->2449K(37568K), 0.0007200 secs] 129676K->96419K(163952K), 0.0007590 secs] [Times: user=0.00 sys=0.00, real=0.00 secs] 
103.896: Total time for which application threads were stopped: 0.0008940 seconds, Stopping threads took: 0.0000780 seconds
104.261: Application time: 0.3651840 seconds
104.261: [GC104.261: [ParNew: 35781K->3114K(37568K), 0.0009230 secs] 129751K->97283K(163952K), 0.0009640 secs] [Times: user=0.00 sys=0.00, real=0.00 secs] 
104.262: Total time for which application threads were stopped: 0.0011080 seconds, Stopping threads took: 0.0000770 seconds
104.686: Application time: 0.4242050 seconds
104.686: [GC104.686: [ParNew: 36412K->2477K(37568K), 0.0007680 secs] 130582K->96646K(163952K), 0.0008150 secs] [Times: user=0.00 sys=0.00, real=0.00 secs] 
104.687: Total time for which application threads were stopped: 0.0009650 seconds, Stopping threads took: 0.0000910 seconds
105.131: Application time: 0.4437370 seconds
105.131: [GC105.131: [ParNew: 35855K->2979K(37568K), 0.0009240 secs] 130024K->97178K(163952K), 0.0009600 secs] [Times: user=0.01 sys=0.00, real=0.00 secs] 
105.132: Total time for which application threads were stopped: 0.0011430 seconds, Stopping threads took: 0.0001150 seconds
105.499: Application time: 0.3666240 seconds
105.499: [GC105.499: [ParNew: 36122K->2646K(37568K), 0.0008670 secs] 130320K->97044K(163952K), 0.0009010 secs] [Times: user=0.01 sys=0.00, real=0.00 secs] 
105.500: Total time for which application threads were stopped: 0.0010320 seconds, Stopping threads took: 0.0000760 seconds
105.928: Application time: 0.4278700 seconds
105.928: [GC105.928: [ParNew: 36008K->2277K(37568K), 0.0007530 secs] 130406K->96675K(163952K), 0.0007880 secs] [Times: user=0.00 sys=0.00, real=0.00 secs] 
105.929: Total time for which application threads were stopped: 0.0009380 seconds, Stopping threads took: 0.0000850 seconds
106.358: Application time: 0.4296170 seconds
106.358: [GC106.358: [ParNew: 35593K->2914K(37568K), 0.0009000 secs] 129991K->97341K(163952K), 0.0009350 secs] [Times: user=0.01 sys=0.00, real=0.00 secs] 
106.359: Total time for which application threads were stopped: 0.0010760 seconds, Stopping threads took: 0.0000820 seconds
106.771: Application time: 0.4114120 seconds
106.771: Total time for which application threads were stopped: 0.0001230 seconds, Stopping threads took: 0.0000900 seconds
106.771: Application time: 0.0002660 seconds
106.771: [GC106.771: [ParNew: 36327K->2451K(37568K), 0.0008040 secs] 130753K->97077K(163952K), 0.0008360 secs] [Times: user=0.01 sys=0.00, real=0.00 secs] 
106.772: Total time for which application threads were stopped: 0.0009270 seconds, Stopping threads took: 0.0000440 seconds
107.168: Application time: 0.3963810 seconds
107.168: Total time for which application threads were stopped: 0.0000930 seconds, Stopping threads took: 0.0000730 seconds
107.169: Application time: 0.0004660 seconds
107.169: [GC107.169: [ParNew: 36215K->2477K(37568K), 0.0006300 secs] 130841K->97103K(163952K), 0.0006610 secs] [Times: user=0.00 sys=0.01, real=0.01 secs] 
107.170: Total time for which application threads were stopped: 0.0007510 seconds, Stopping threads took: 0.0000440 seconds
107.611: Application time: 0.4417680 seconds
107.612: [GC107.612: [ParNew: 35804K->2321K(37568K), 0.0007200 secs] 130429K->96976K(163952K), 0.0007540 secs] [Times: user=0.01 sys=0.00, real=0.00 secs] 
107.612: Total time for which application threads were stopped: 0.0009010 seconds, Stopping threads took: 0.0000800 seconds
108.025: Application time: 0.4124780 seconds
108.025: [GC108.025: [ParNew: 35727K->2451K(37568K), 0.0007690 secs] 130381K->97305K(163952K), 0.0008080 secs] [Times: user=0.00 sys=0.00, real=0.00 secs] 
108.026: Total time for which application threads were stopped: 0.0009580 seconds, Stopping threads took: 0.0000940 seconds
108.405: Application time: 0.3793590 seconds
108.405: [GC108.405: [ParNew: 35816K->3037K(37568K), 0.0008480 secs] 130670K->97891K(163952K), 0.0008830 secs] [Times: user=0.01 sys=0.00, real=0.00 secs] 
108.406: Total time for which application threads were stopped: 0.0010300 seconds, Stopping threads took: 0.0000810 seconds
108.845: Application time: 0.4386050 seconds
108.845: Total time for which application threads were stopped: 0.0001000 seconds, Stopping threads took: 0.0000810 seconds
108.845: Application time: 0.0001990 seconds
108.845: [GC108.845: [ParNew: 36485K->2617K(37568K), 0.0007600 secs] 131339K->97528K(163952K), 0.0007940 secs] [Times: user=0.01 sys=0.00, real=0.00 secs] 
108.846: Total time for which application threads were stopped: 0.0008770 seconds, Stopping threads took: 0.0000390 seconds
109.281: Application time: 0.4345870 seconds
109.281: [GC109.281: [ParNew: 35894K->2253K(37568K), 0.0007310 secs] 130805K->97335K(163952K), 0.0007740 secs] [Times: user=0.00 sys=0.00, real=0.00 secs] 
109.281: Total time for which application threads were stopped: 0.0009160 seconds, Stopping threads took: 0.0000750 seconds
109.653: Application time: 0.3714600 seconds
109.653: [GC109.653: [ParNew: 35553K->2776K(37568K), 0.0008120 secs] 130636K->97858K(163952K), 0.0008460 secs] [Times: user=0.00 sys=0.00, real=0.00 secs] 
109.654: Total time for which application threads were stopped: 0.0009850 seconds, Stopping threads took: 0.0000800 seconds
110.066: Application time: 0.4120790 seconds
110.066: [GC110.066: [ParNew: 36144K->3084K(37568K), 0.0009540 secs] 131226K->98223K(163952K), 0.0009920 secs] [Times: user=0.00 sys=0.00, real=0.00 secs] 
110.067: Total time for which application threads were stopped: 0.0011490 seconds, Stopping threads took: 0.0000900 seconds
110.503: Application time: 0.4355170 seconds
110.503: Total time for which application threads were stopped: 0.0000830 seconds, Stopping threads took: 0.0000660 seconds
110.503: Application time: 0.0001570 seconds
110.503: [GC110.503: [ParNew: 36503K->2055K(37568K), 0.0006640 secs] 131642K->97365K(163952K), 0.0006930 secs] [Times: user=0.00 sys=0.00, real=0.00 secs] 
110.504: Total time for which application threads were stopped: 0.0007700 seconds, Stopping threads took: 0.0000360 seconds
110.915: Application time: 0.4114180 seconds
110.915: [GC110.915: [ParNew: 35377K->2139K(37568K), 0.0006000 secs] 130688K->97450K(163952K), 0.0006300 secs] [Times: user=0.01 sys=0.00, real=0.00 secs] 
110.916: Total time for which application threads were stopped: 0.0007520 seconds, Stopping threads took: 0.0000630 seconds
111.311: Application time: 0.3947730 seconds
111.311: [GC111.311: [ParNew: 35413K->2986K(37568K), 0.0008700 secs] 130724K->98382K(163952K), 0.0009070 secs] [Times: user=0.01 sys=0.00, real=0.00 secs] 
111.312: Total time for which application threads were stopped: 0.0010560 seconds, Stopping threads took: 0.0000900 seconds
111.736: Application time: 0.4247280 seconds
111.737: [GC111.737: [ParNew: 36264K->2646K(37568K), 0.0006980 secs] 131659K->98185K(163952K), 0.0007290 secs] [Times: user=0.00 sys=0.00, real=0.01 secs] 
111.737: Total time for which application threads were stopped: 0.0008680 seconds, Stopping threads took: 0.0000820 seconds
112.149: Application time: 0.4112970 seconds
112.149: [GC112.149: [ParNew: 36053K->2366K(37568K), 0.0007040 secs] 131591K->97905K(163952K), 0.0007410 secs] [Times: user=0.01 sys=0.00, real=0.01 secs] 
112.149: Total time for which application threads were stopped: 0.0008670 seconds, Stopping threads took: 0.0000680 seconds
112.573: Application time: 0.4232780 seconds
112.573: [GC112.573: [ParNew: 35771K->2563K(37568K), 0.0008070 secs] 131310K->98215K(163952K), 0.0008410 secs] [Times: user=0.01 sys=0.00, real=0.00 secs] 
112.574: Total time for which application threads were stopped: 0.0009510 seconds, Stopping threads took: 0.0000500 seconds
113.001: Application time: 0.4270830 seconds
113.001: [GC113.001: [ParNew: 35905K->2916K(37568K), 0.0007970 secs] 131557K->98682K(163952K), 0.0008330 secs] [Times: user=0.01 sys=0.00, real=0.00 secs] 
113.002: Total time for which application threads were stopped: 0.0009790 seconds, Stopping threads took: 0.0000890 seconds
113.386: Application time: 0.3847390 seconds
113.387: [GC113.387: [ParNew: 36279K->2133K(37568K), 0.0006810 secs] 132045K->97899K(163952K), 0.0007110 secs] [Times: user=0.01 sys=0.00, real=0.00 secs] 
113.387: Total time for which application threads were stopped: 0.0008370 seconds, Stopping threads took: 0.0000680 seconds
113.801: Application time: 0.4137200 seconds
113.801: [GC113.801: [ParNew: 35314K->2732K(37568K), 0.0007280 secs] 131080K->98642K(163952K), 0.0007640 secs] [Times: user=0.01 sys=0.00, real=0.00 secs] 
113.802: Total time for which application threads were stopped: 0.0008910 seconds, Stopping threads took: 0.0000710 seconds
114.250: Application time: 0.4481710 seconds
114.250: [GC114.250: [ParNew: 36008K->2249K(37568K), 0.0007170 secs] 131917K->98244K(163952K), 0.0007550 secs] [Times: user=0.00 sys=0.00, real=0.00 secs] 
114.251: Total time for which application threads were stopped: 0.0009240 seconds, Stopping threads took: 0.0000920 seconds
114.616: Application time: 0.3651600 seconds
114.616: Total time for which application threads were stopped: 0.0000970 seconds, Stopping threads took: 0.0000760 seconds
114.617: Application time: 0.0009060 seconds
114.617: [GC114.617: [ParNew: 35709K->2041K(37568K), 0.0006220 secs] 131704K->98035K(163952K), 0.0006530 secs] [Times: user=0.00 sys=0.00, real=0.00 secs] 
114.618: Total time for which application threads were stopped: 0.0007440 seconds, Stopping threads took: 0.0000450 seconds
115.041: Application time: 0.4231180 seconds
115.041: [GC115.041: [ParNew: 35195K->2280K(37568K), 0.0006500 secs] 131189K->98274K(163952K), 0.0006840 secs] [Times: user=0.01 sys=0.00, real=0.00 secs] 
115.042: Total time for which application threads were stopped: 0.0008170 seconds, Stopping threads took: 0.0000700 seconds
115.483: Application time: 0.4413480 seconds
115.483: Total time for which application threads were stopped: 0.0001140 seconds, Stopping threads took: 0.0000920 seconds
115.485: Application time: 0.0020480 seconds
115.485: [GC115.486: [ParNew: 36168K->1886K(37568K), 0.0006870 secs] 132162K->98080K(163952K), 0.0007240 secs] [Times: user=0.00 sys=0.00, real=0.00 secs] 
115.486: Total time for which application threads were stopped: 0.0008290 seconds, Stopping threads took: 0.0000570 seconds
115.853: Application time: 0.3666440 seconds
115.853: Total time for which application threads were stopped: 0.0000960 seconds, Stopping threads took: 0.0000710 seconds
115.854: Application time: 0.0009240 seconds
115.854: [GC115.854: [ParNew: 35534K->2675K(37568K), 0.0007730 secs] 131728K->98869K(163952K), 0.0008040 secs] [Times: user=0.00 sys=0.00, real=0.00 secs] 
115.855: Total time for which application threads were stopped: 0.0008880 seconds, Stopping threads took: 0.0000400 seconds
116.274: Application time: 0.4194450 seconds
116.274: Total time for which application threads were stopped: 0.0001150 seconds, Stopping threads took: 0.0000940 seconds
116.275: Application time: 0.0002380 seconds
116.275: [GC116.275: [ParNew: 36440K->2479K(37568K), 0.0007820 secs] 132634K->98873K(163952K), 0.0008170 secs] [Times: user=0.00 sys=0.00, real=0.00 secs] 
116.275: Total time for which application threads were stopped: 0.0009060 seconds, Stopping threads took: 0.0000420 seconds
116.721: Application time: 0.4457200 seconds
116.721: [GC116.721: [ParNew: 35763K->1658K(37568K), 0.0006200 secs] 132157K->98080K(163952K), 0.0006570 secs] [Times: user=0.01 sys=0.00, real=0.00 secs] 
116.722: Total time for which application threads were stopped: 0.0008010 seconds, Stopping threads took: 0.0000760 seconds
117.085: Application time: 0.3630950 seconds
117.085: [GC117.085: [ParNew: 35047K->2747K(37568K), 0.0008270 secs] 131470K->99169K(163952K), 0.0008610 secs] [Times: user=0.00 sys=0.00, real=0.00 secs] 
117.086: Total time for which application threads were stopped: 0.0009830 seconds, Stopping threads took: 0.0000710 seconds
117.507: Application time: 0.4208800 seconds
117.507: [GC117.507: [ParNew: 35954K->2451K(37568K), 0.0007680 secs] 132377K->99101K(163952K), 0.0008020 secs] [Times: user=0.00 sys=0.00, real=0.00 secs] 
117.508: Total time for which application threads were stopped: 0.0009410 seconds, Stopping threads took: 0.0000720 seconds
117.947: Application time: 0.4394210 seconds
117.947: [GC117.947: [ParNew: 35726K->2249K(37568K), 0.0006570 secs] 132376K->98899K(163952K), 0.0006920 secs] [Times: user=0.00 sys=0.00, real=0.00 secs] 
117.948: Total time for which application threads were stopped: 0.0008200 seconds, Stopping threads took: 0.0000720 seconds
118.312: Application time: 0.3638030 seconds
118.312: [GC118.312: [ParNew: 35576K->2873K(37568K), 0.0007150 secs] 132227K->99523K(163952K), 0.0007460 secs] [Times: user=0.00 sys=0.00, real=0.00 secs] 
118.313: Total time for which application threads were stopped: 0.0008860 seconds, Stopping threads took: 0.0000810 seconds
118.734: Application time: 0.4206440 seconds
118.734: Total time for which application threads were stopped: 0.0001070 seconds, Stopping threads took: 0.0000860 seconds
118.735: Application time: 0.0013170 seconds
118.735: [GC118.735: [ParNew: 36561K->2055K(37568K), 0.0006790 secs] 133212K->98934K(163952K), 0.0007190 secs] [Times: user=0.01 sys=0.00, real=0.00 secs] 
118.736: Total time for which application threads were stopped: 0.0008060 seconds, Stopping threads took: 0.0000420 seconds
119.167: Application time: 0.4308880 seconds
119.167: [GC119.167: [ParNew: 35326K->2445K(37568K), 0.0007450 secs] 132204K->99323K(163952K), 0.0007800 secs] [Times: user=0.01 sys=0.00, real=0.00 secs] 
119.168: Total time for which application threads were stopped: 0.0009210 seconds, Stopping threads took: 0.0000710 seconds
119.555: Application time: 0.3875740 seconds
119.555: [GC119.555: [ParNew: 35775K->3070K(37568K), 0.0008540 secs] 132654K->99949K(163952K), 0.0008930 secs] [Times: user=0.00 sys=0.00, real=0.00 secs] 
119.556: Total time for which application threads were stopped: 0.0010440 seconds, Stopping threads took: 0.0000890 seconds
119.963: Application time: 0.4064300 seconds
119.963: [GC119.963: [ParNew: 36417K->2522K(37568K), 0.0008610 secs] 133296K->99629K(163952K), 0.0008960 secs] [Times: user=0.01 sys=0.00, real=0.00 secs] 
119.964: Total time for which application threads were stopped: 0.0010400 seconds, Stopping threads took: 0.0000770 seconds
120.400: Application time: 0.4362830 seconds
120.400: [GC120.400: [ParNew: 35726K->2451K(37568K), 0.0007030 secs] 132833K->99557K(163952K), 0.0007360 secs] [Times: user=0.01 sys=0.00, real=0.00 secs] 
120.401: Total time for which application threads were stopped: 0.0008760 seconds, Stopping threads took: 0.0000850 seconds
120.800: Application time: 0.3990880 seconds
120.800: [GC120.800: [ParNew: 35779K->2873K(37568K), 0.0008620 secs] 132886K->99980K(163952K), 0.0009000 secs] [Times: user=0.01 sys=0.00, real=0.00 secs] 
120.801: Total time for which application threads were stopped: 0.0010480 seconds, Stopping threads took: 0.0000780 seconds
121.193: Application time: 0.3924030 seconds
121.193: Total time for which application threads were stopped: 0.0000880 seconds, Stopping threads took: 0.0000730 seconds
121.194: Application time: 0.0000560 seconds
121.194: [GC121.194: [ParNew: 36419K->2711K(37568K), 0.0008060 secs] 133526K->100046K(163952K), 0.0008370 secs] [Times: user=0.00 sys=0.00, real=0.00 secs] 
121.194: Total time for which application threads were stopped: 0.0009210 seconds, Stopping threads took: 0.0000450 seconds
121.632: Application time: 0.4373780 seconds
121.632: [GC121.632: [ParNew: 36115K->2847K(37568K), 0.0007800 secs] 133450K->100182K(163952K), 0.0008140 secs] [Times: user=0.01 sys=0.00, real=0.00 secs] 
121.633: Total time for which application threads were stopped: 0.0009560 seconds, Stopping threads took: 0.0000790 seconds
122.060: Application time: 0.4273140 seconds
122.060: [GC122.060: [ParNew: 35998K->2280K(37568K), 0.0006660 secs] 133333K->99615K(163952K), 0.0006960 secs] [Times: user=0.01 sys=0.00, real=0.00 secs] 
122.061: Total time for which application threads were stopped: 0.0008440 seconds, Stopping threads took: 0.0000980 seconds
122.426: Application time: 0.3648320 seconds
122.426: [GC122.426: [ParNew: 35674K->2979K(37568K), 0.0008720 secs] 133009K->100542K(163952K), 0.0009080 secs] [Times: user=0.01 sys=0.00, real=0.00 secs] 
122.427: Total time for which application threads were stopped: 0.0010770 seconds, Stopping threads took: 0.0001000 seconds
122.864: Application time: 0.4371460 seconds
122.864: [GC122.864: [ParNew: 36328K->2449K(37568K), 0.0008060 secs] 133891K->100012K(163952K), 0.0008420 secs] [Times: user=0.00 sys=0.00, real=0.00 secs] 
122.865: Total time for which application threads were stopped: 0.0009740 seconds, Stopping threads took: 0.0000740 seconds
123.287: Application time: 0.4220850 seconds
123.287: Total time for which application threads were stopped: 0.0001360 seconds, Stopping threads took: 0.0001020 seconds
123.288: Application time: 0.0003450 seconds
123.288: [GC123.288: [ParNew: 35994K->2477K(37568K), 0.0007220 secs] 133557K->100040K(163952K), 0.0007570 secs] [Times: user=0.01 sys=0.00, real=0.00 secs] 
123.288: Total time for which application threads were stopped: 0.0008460 seconds, Stopping threads took: 0.0000450 seconds
123.661: Application time: 0.3722880 seconds
123.661: [GC123.661: [ParNew: 35746K->2648K(37568K), 0.0008360 secs] 133309K->100440K(163952K), 0.0008710 secs] [Times: user=0.00 sys=0.00, real=0.00 secs] 
123.662: Total time for which application threads were stopped: 0.0010010 seconds, Stopping threads took: 0.0000720 seconds
124.102: Application time: 0.4402410 seconds
124.102: Total time for which application threads were stopped: 0.0000960 seconds, Stopping threads took: 0.0000670 seconds
124.102: Application time: 0.0001540 seconds
124.102: [GC124.102: [ParNew: 36330K->2644K(37568K), 0.0007130 secs] 134121K->100435K(163952K), 0.0007470 secs] [Times: user=0.01 sys=0.00, real=0.00 secs] 
124.103: Total time for which application threads were stopped: 0.0008340 seconds, Stopping threads took: 0.0000390 seconds
124.535: Application time: 0.4319330 seconds
124.535: [GC124.535: [ParNew: 35981K->2473K(37568K), 0.0007590 secs] 133772K->100264K(163952K), 0.0007920 secs] [Times: user=0.00 sys=0.00, real=0.00 secs] 
124.536: Total time for which application threads were stopped: 0.0009230 seconds, Stopping threads took: 0.0000770 seconds
124.924: Application time: 0.3884310 seconds
124.924: [GC124.924: [ParNew: 35814K->2720K(37568K), 0.0008670 secs] 133605K->100739K(163952K), 0.0009060 secs] [Times: user=0.00 sys=0.00, real=0.00 secs] 
124.925: Total time for which application threads were stopped: 0.0010490 seconds, Stopping threads took: 0.0000760 seconds
125.336: Application time: 0.4102170 seconds
125.336: [GC125.336: [ParNew: 36124K->2649K(37568K), 0.0007640 secs] 134144K->100669K(163952K), 0.0007990 secs] [Times: user=0.01 sys=0.00, real=0.00 secs] 
125.337: Total time for which application threads were stopped: 0.0009370 seconds, Stopping threads took: 0.0000800 seconds
125.772: Application time: 0.4358180 seconds
125.772: [GC125.772: [ParNew: 35994K->2477K(37568K), 0.0022450 secs] 134013K->100497K(163952K), 0.0023020 secs] [Times: user=0.01 sys=0.00, real=0.00 secs] 
125.775: Total time for which application threads were stopped: 0.0024400 seconds, Stopping threads took: 0.0000740 seconds
126.159: Application time: 0.3846370 seconds
126.160: [GC126.160: [ParNew: 35878K->2585K(37568K), 0.0008080 secs] 133898K->100833K(163952K), 0.0008410 secs] [Times: user=0.01 sys=0.00, real=0.00 secs] 
126.160: Total time for which application threads were stopped: 0.0009860 seconds, Stopping threads took: 0.0000880 seconds
126.585: Application time: 0.4241190 seconds
126.585: [GC126.585: [ParNew: 35730K->2451K(37568K), 0.0006500 secs] 133977K->100698K(163952K), 0.0006840 secs] [Times: user=0.00 sys=0.00, real=0.00 secs] 
126.585: Total time for which application threads were stopped: 0.0008280 seconds, Stopping threads took: 0.0000770 seconds
127.000: Application time: 0.4142800 seconds
127.000: [GC127.000: [ParNew: 35776K->2871K(37568K), 0.0007830 secs] 134024K->101118K(163952K), 0.0008190 secs] [Times: user=0.00 sys=0.00, real=0.00 secs] 
127.001: Total time for which application threads were stopped: 0.0009430 seconds, Stopping threads took: 0.0000690 seconds
127.395: Application time: 0.3939500 seconds
127.395: [GC127.395: [ParNew: 36216K->2522K(37568K), 0.0007820 secs] 134463K->100998K(163952K), 0.0008170 secs] [Times: user=0.00 sys=0.00, real=0.00 secs] 
127.395: Total time for which application threads were stopped: 0.0009430 seconds, Stopping threads took: 0.0000640 seconds
127.812: Application time: 0.4164650 seconds
127.812: [GC127.812: [ParNew: 35730K->2449K(37568K), 0.0007050 secs] 134206K->100924K(163952K), 0.0007360 secs] [Times: user=0.00 sys=0.00, real=0.00 secs] 
127.813: Total time for which application threads were stopped: 0.0008750 seconds, Stopping threads took: 0.0000840 seconds
128.249: Application time: 0.4362140 seconds
128.249: Total time for which application threads were stopped: 0.0001230 seconds, Stopping threads took: 0.0000970 seconds
128.250: Application time: 0.0009960 seconds
128.250: [GC128.250: [ParNew: 35983K->2873K(37568K), 0.0007550 secs] 134459K->101348K(163952K), 0.0007950 secs] [Times: user=0.01 sys=0.00, real=0.00 secs] 
128.251: Total time for which application threads were stopped: 0.0008790 seconds, Stopping threads took: 0.0000430 seconds
128.623: Application time: 0.3715210 seconds
128.623: [GC128.623: [ParNew: 36150K->2451K(37568K), 0.0007280 secs] 134625K->101154K(163952K), 0.0007600 secs] [Times: user=0.00 sys=0.00, real=0.00 secs] 
128.623: Total time for which application threads were stopped: 0.0008890 seconds, Stopping threads took: 0.0000760 seconds
129.051: Application time: 0.4270780 seconds
129.051: [GC129.051: [ParNew: 35726K->2055K(37568K), 0.0006580 secs] 134430K->100759K(163952K), 0.0006930 secs] [Times: user=0.00 sys=0.00, real=0.00 secs] 
129.051: Total time for which application threads were stopped: 0.0008250 seconds, Stopping threads took: 0.0000700 seconds
129.480: Application time: 0.4290250 seconds
129.480: [GC129.481: [ParNew: 35380K->2873K(37568K), 0.0008250 secs] 134084K->101576K(163952K), 0.0008620 secs] [Times: user=0.01 sys=0.00, real=0.00 secs] 
129.481: Total time for which application threads were stopped: 0.0010010 seconds, Stopping threads took: 0.0000810 seconds
129.859: Application time: 0.3771820 seconds
129.859: [GC129.859: [ParNew: 36281K->2388K(37568K), 0.0008140 secs] 134984K->101320K(163952K), 0.0008470 secs] [Times: user=0.01 sys=0.00, real=0.00 secs] 
129.860: Total time for which application threads were stopped: 0.0010040 seconds, Stopping threads took: 0.0000940 seconds
130.272: Application time: 0.4126390 seconds
130.272: [GC130.272: [ParNew: 35532K->2251K(37568K), 0.0006330 secs] 134464K->101183K(163952K), 0.0006640 secs] [Times: user=0.00 sys=0.00, real=0.00 secs] 
130.273: Total time for which application threads were stopped: 0.0007830 seconds, Stopping threads took: 0.0000680 seconds
130.719: Application time: 0.4460260 seconds
130.719: [GC130.719: [ParNew: 35587K->2280K(37568K), 0.0007460 secs] 134519K->101211K(163952K), 0.0007760 secs] [Times: user=0.00 sys=0.00, real=0.00 secs] 
130.720: Total time for which application threads were stopped: 0.0009150 seconds, Stopping threads took: 0.0000770 seconds
131.087: Application time: 0.3674890 seconds
131.088: [GC131.088: [ParNew: 35614K->2323K(37568K), 0.0008360 secs] 134545K->101483K(163952K), 0.0008710 secs] [Times: user=0.00 sys=0.00, real=0.00 secs] 
131.088: Total time for which application threads were stopped: 0.0009990 seconds, Stopping threads took: 0.0000720 seconds
131.510: Application time: 0.4220280 seconds
131.511: [GC131.511: [ParNew: 35728K->2451K(37568K), 0.0006480 secs] 134888K->101611K(163952K), 0.0006800 secs] [Times: user=0.00 sys=0.00, real=0.00 secs] 
131.511: Total time for which application threads were stopped: 0.0008090 seconds, Stopping threads took: 0.0000720 seconds
131.936: Application time: 0.4243330 seconds
131.936: [GC131.936: [ParNew: 35787K->2477K(37568K), 0.0007990 secs] 134947K->101637K(163952K), 0.0008350 secs] [Times: user=0.00 sys=0.00, real=0.00 secs] 
131.937: Total time for which application threads were stopped: 0.0009700 seconds, Stopping threads took: 0.0000780 seconds
132.322: Application time: 0.3852560 seconds
132.322: [GC132.322: [ParNew: 35755K->2046K(37568K), 0.0006450 secs] 134915K->101434K(163952K), 0.0006810 secs] [Times: user=0.01 sys=0.00, real=0.00 secs] 
132.323: Total time for which application threads were stopped: 0.0008190 seconds, Stopping threads took: 0.0000750 seconds
132.740: Application time: 0.4173590 seconds
132.740: [GC132.740: [ParNew: 35321K->2051K(37568K), 0.0006910 secs] 134709K->101439K(163952K), 0.0007220 secs] [Times: user=0.01 sys=0.00, real=0.00 secs] 
132.741: Total time for which application threads were stopped: 0.0008490 seconds, Stopping threads took: 0.0000730 seconds
133.180: Application time: 0.4389520 seconds
133.180: [GC133.180: [ParNew: 35377K->2471K(37568K), 0.0010140 secs] 134765K->101859K(163952K), 0.0010590 secs] [Times: user=0.00 sys=0.00, real=0.00 secs] 
133.181: Total time for which application threads were stopped: 0.0015510 seconds, Stopping threads took: 0.0004120 seconds
133.552: Application time: 0.3703440 seconds
133.552: Total time for which application threads were stopped: 0.0000870 seconds, Stopping threads took: 0.0000690 seconds
133.552: Application time: 0.0006090 seconds
133.552: [GC133.553: [ParNew: 35946K->2648K(37568K), 0.0008050 secs] 135334K->102265K(163952K), 0.0008390 secs] [Times: user=0.01 sys=0.01, real=0.00 secs] 
133.553: Total time for which application threads were stopped: 0.0009450 seconds, Stopping threads took: 0.0000590 seconds
133.990: Application time: 0.4361820 seconds
133.990: Total time for which application threads were stopped: 0.0001050 seconds, Stopping threads took: 0.0000720 seconds
133.990: Application time: 0.0001980 seconds
133.990: [GC133.990: [ParNew: 36422K->2081K(37568K), 0.0006870 secs] 136038K->101697K(163952K), 0.0007170 secs] [Times: user=0.01 sys=0.00, real=0.00 secs] 
133.991: Total time for which application threads were stopped: 0.0008070 seconds, Stopping threads took: 0.0000450 seconds
134.423: Application time: 0.4325160 seconds
134.423: Total time for which application threads were stopped: 0.0000860 seconds, Stopping threads took: 0.0000660 seconds
134.425: Application time: 0.0013840 seconds
134.425: [GC134.425: [ParNew: 35530K->2477K(37568K), 0.0007450 secs] 135147K->102093K(163952K), 0.0007790 secs] [Times: user=0.00 sys=0.00, real=0.00 secs] 
134.426: Total time for which application threads were stopped: 0.0008710 seconds, Stopping threads took: 0.0000440 seconds
134.820: Application time: 0.3944380 seconds
134.820: [GC134.820: [ParNew: 35746K->2648K(37568K), 0.0008210 secs] 135362K->102493K(163952K), 0.0008540 secs] [Times: user=0.00 sys=0.00, real=0.00 secs] 
134.821: Total time for which application threads were stopped: 0.0009800 seconds, Stopping threads took: 0.0000620 seconds
135.221: Application time: 0.4000860 seconds
135.221: [GC135.221: [ParNew: 36042K->2605K(37568K), 0.0007260 secs] 135886K->102449K(163952K), 0.0007620 secs] [Times: user=0.00 sys=0.00, real=0.00 secs] 
135.222: Total time for which application threads were stopped: 0.0009020 seconds, Stopping threads took: 0.0000820 seconds
135.649: Application time: 0.4272620 seconds
135.649: [GC135.649: [ParNew: 35885K->2860K(37568K), 0.0008670 secs] 135729K->102790K(163952K), 0.0009010 secs] [Times: user=0.00 sys=0.00, real=0.00 secs] 
135.650: Total time for which application threads were stopped: 0.0010890 seconds, Stopping threads took: 0.0001230 seconds
136.079: Application time: 0.4292080 seconds
136.080: [GC136.080: [ParNew: 36267K->2647K(37568K), 0.0008450 secs] 136197K->102720K(163952K), 0.0008820 secs] [Times: user=0.00 sys=0.00, real=0.00 secs] 
136.081: Total time for which application threads were stopped: 0.0010110 seconds, Stopping threads took: 0.0000700 seconds
136.462: Application time: 0.3815900 seconds
136.462: Total time for which application threads were stopped: 0.0000970 seconds, Stopping threads took: 0.0000660 seconds
136.463: Application time: 0.0006140 seconds
136.463: [GC136.463: [ParNew: 36182K->2337K(37568K), 0.0007480 secs] 136254K->102409K(163952K), 0.0007820 secs] [Times: user=0.00 sys=0.00, real=0.00 secs] 
136.464: Total time for which application threads were stopped: 0.0008620 seconds, Stopping threads took: 0.0000400 seconds
136.595: Application time: 0.1314000 seconds
136.595: Total time for which application threads were stopped: 0.0000940 seconds, Stopping threads took: 0.0000720 seconds
136.896: Application time: 0.3008320 seconds
136.896: [GC136.896: [ParNew: 35724K->2293K(37568K), 0.0007710 secs] 135796K->102451K(163952K), 0.0008030 secs] [Times: user=0.01 sys=0.00, real=0.00 secs] 
136.897: Total time for which application threads were stopped: 0.0009320 seconds, Stopping threads took: 0.0000710 seconds
137.370: Application time: 0.4734150 seconds
137.370: Total time for which application threads were stopped: 0.0000870 seconds, Stopping threads took: 0.0000590 seconds
137.372: Application time: 0.0013350 seconds
137.372: [GC137.372: [ParNew: 36656K->2046K(37568K), 0.0006000 secs] 136814K->102318K(163952K), 0.0006390 secs] [Times: user=0.00 sys=0.00, real=0.00 secs] 
137.372: Total time for which application threads were stopped: 0.0007160 seconds, Stopping threads took: 0.0000360 seconds
137.411: Application time: 0.0390010 seconds
137.412: Total time for which application threads were stopped: 0.0001010 seconds, Stopping threads took: 0.0000800 seconds
137.558: Application time: 0.1462950 seconds
137.558: Total time for which application threads were stopped: 0.0000920 seconds, Stopping threads took: 0.0000740 seconds
137.641: Application time: 0.0831400 seconds
137.641: Total time for which application threads were stopped: 0.0000770 seconds, Stopping threads took: 0.0000590 seconds
137.662: Application time: 0.0208320 seconds
137.662: Total time for which application threads were stopped: 0.0000470 seconds, Stopping threads took: 0.0000280 seconds
137.693: Application time: 0.0306230 seconds
137.693: Total time for which application threads were stopped: 0.0000470 seconds, Stopping threads took: 0.0000220 seconds
137.760: Application time: 0.0675390 seconds
137.760: [GC137.760: [ParNew: 35185K->3076K(37568K), 0.0012030 secs] 135457K->103349K(163952K), 0.0012420 secs] [Times: user=0.01 sys=0.00, real=0.00 secs] 
137.762: Total time for which application threads were stopped: 0.0013970 seconds, Stopping threads took: 0.0000810 seconds
138.198: Application time: 0.4360530 seconds
138.198: [GC138.198: [ParNew: 36360K->2648K(37568K), 0.0007740 secs] 136632K->103157K(163952K), 0.0008080 secs] [Times: user=0.00 sys=0.00, real=0.00 secs] 
138.199: Total time for which application threads were stopped: 0.0009670 seconds, Stopping threads took: 0.0000960 seconds
138.648: Application time: 0.4490330 seconds
138.648: [GC138.648: [ParNew: 35846K->2053K(37568K), 0.0007420 secs] 136354K->102562K(163952K), 0.0007730 secs] [Times: user=0.01 sys=0.00, real=0.00 secs] 
138.649: Total time for which application threads were stopped: 0.0009440 seconds, Stopping threads took: 0.0001200 seconds
139.064: Application time: 0.4151110 seconds
139.064: [GC139.064: [ParNew: 35410K->2477K(37568K), 0.0008260 secs] 135919K->102986K(163952K), 0.0008600 secs] [Times: user=0.00 sys=0.00, real=0.00 secs] 
139.065: Total time for which application threads were stopped: 0.0010040 seconds, Stopping threads took: 0.0000800 seconds
139.440: Application time: 0.3748510 seconds
139.440: [GC139.440: [ParNew: 35774K->2844K(37568K), 0.0008480 secs] 136282K->103582K(163952K), 0.0008840 secs] [Times: user=0.00 sys=0.00, real=0.00 secs] 
139.441: Total time for which application threads were stopped: 0.0010320 seconds, Stopping threads took: 0.0000900 seconds
139.902: Application time: 0.4615780 seconds
139.902: [GC139.902: [ParNew: 36161K->2646K(37568K), 0.0008040 secs] 136899K->103384K(163952K), 0.0008400 secs] [Times: user=0.00 sys=0.00, real=0.00 secs] 
139.903: Total time for which application threads were stopped: 0.0009770 seconds, Stopping threads took: 0.0000700 seconds
140.317: Application time: 0.4134390 seconds
140.317: [GC140.317: [ParNew: 36008K->2073K(37568K), 0.0006760 secs] 136746K->102811K(163952K), 0.0007080 secs] [Times: user=0.00 sys=0.00, real=0.01 secs] 
140.318: Total time for which application threads were stopped: 0.0008550 seconds, Stopping threads took: 0.0001000 seconds
140.735: Application time: 0.4169410 seconds
140.735: Total time for which application threads were stopped: 0.0001020 seconds, Stopping threads took: 0.0000680 seconds
140.736: Application time: 0.0010430 seconds
140.736: [GC140.736: [ParNew: 35542K->2871K(37568K), 0.0007120 secs] 136280K->103609K(163952K), 0.0007480 secs] [Times: user=0.01 sys=0.00, real=0.00 secs] 
140.737: Total time for which application threads were stopped: 0.0008520 seconds, Stopping threads took: 0.0000580 seconds
141.145: Application time: 0.4087120 seconds
141.145: [GC141.145: [ParNew: 36219K->2916K(37568K), 0.0009590 secs] 136957K->103882K(163952K), 0.0010040 secs] [Times: user=0.00 sys=0.00, real=0.00 secs] 
141.146: Total time for which application threads were stopped: 0.0011550 seconds, Stopping threads took: 0.0000900 seconds
141.571: Application time: 0.4248420 seconds
141.571: [GC141.571: [ParNew: 36190K->2475K(37568K), 0.0006950 secs] 137156K->103441K(163952K), 0.0007290 secs] [Times: user=0.00 sys=0.00, real=0.00 secs] 
141.572: Total time for which application threads were stopped: 0.0008810 seconds, Stopping threads took: 0.0000900 seconds
141.964: Application time: 0.3923780 seconds
141.965: [GC141.965: [ParNew: 35815K->2522K(37568K), 0.0007410 secs] 136782K->103717K(163952K), 0.0007790 secs] [Times: user=0.01 sys=0.00, real=0.00 secs] 
141.965: Total time for which application threads were stopped: 0.0009130 seconds, Stopping threads took: 0.0000760 seconds
142.399: Application time: 0.4337340 seconds
142.399: Total time for which application threads were stopped: 0.0001140 seconds, Stopping threads took: 0.0000810 seconds
142.400: Application time: 0.0011020 seconds
142.400: [GC142.400: [ParNew: 35935K->2253K(37568K), 0.0006550 secs] 137129K->103447K(163952K), 0.0006840 secs] [Times: user=0.00 sys=0.01, real=0.00 secs] 
142.401: Total time for which application threads were stopped: 0.0007820 seconds, Stopping threads took: 0.0000540 seconds
142.810: Application time: 0.4087280 seconds
142.810: [GC142.810: [ParNew: 35641K->3340K(37568K), 0.0008730 secs] 136835K->104534K(163952K), 0.0009100 secs] [Times: user=0.01 sys=0.00, real=0.00 secs] 
142.811: Total time for which application threads were stopped: 0.0010390 seconds, Stopping threads took: 0.0000710 seconds
143.200: Application time: 0.3888550 seconds
143.200: [GC143.200: [ParNew: 36559K->1857K(37568K), 0.0006690 secs] 137753K->103280K(163952K), 0.0007040 secs] [Times: user=0.01 sys=0.00, real=0.00 secs] 
143.201: Total time for which application threads were stopped: 0.0008640 seconds, Stopping threads took: 0.0000940 seconds
143.621: Application time: 0.4206530 seconds
143.621: [GC143.621: [ParNew: 35128K->2253K(37568K), 0.0006480 secs] 136550K->103675K(163952K), 0.0006810 secs] [Times: user=0.01 sys=0.00, real=0.00 secs] 
143.622: Total time for which application threads were stopped: 0.0008160 seconds, Stopping threads took: 0.0000880 seconds
144.062: Application time: 0.4401420 seconds
144.062: [GC144.062: [ParNew: 35577K->2675K(37568K), 0.0008620 secs] 137000K->104097K(163952K), 0.0008980 secs] [Times: user=0.01 sys=0.00, real=0.00 secs] 
144.063: Total time for which application threads were stopped: 0.0010460 seconds, Stopping threads took: 0.0000810 seconds
144.424: Application time: 0.3611020 seconds
144.425: [GC144.425: [ParNew: 36022K->2325K(37568K), 0.0007780 secs] 137444K->103975K(163952K), 0.0008090 secs] [Times: user=0.01 sys=0.00, real=0.00 secs] 
144.425: Total time for which application threads were stopped: 0.0009450 seconds, Stopping threads took: 0.0000850 seconds
144.851: Application time: 0.4257330 seconds
144.851: [GC144.851: [ParNew: 35730K->2451K(37568K), 0.0007270 secs] 137381K->104101K(163952K), 0.0007630 secs] [Times: user=0.00 sys=0.00, real=0.00 secs] 
144.852: Total time for which application threads were stopped: 0.0009120 seconds, Stopping threads took: 0.0000790 seconds
145.292: Application time: 0.4403040 seconds
145.292: [GC145.292: [ParNew: 35787K->2477K(37568K), 0.0007350 secs] 137438K->104128K(163952K), 0.0007700 secs] [Times: user=0.00 sys=0.00, real=0.00 secs] 
145.293: Total time for which application threads were stopped: 0.0009130 seconds, Stopping threads took: 0.0000840 seconds
145.658: Application time: 0.3646540 seconds
145.658: Total time for which application threads were stopped: 0.0001110 seconds, Stopping threads took: 0.0000840 seconds
145.659: Application time: 0.0008230 seconds
145.659: [GC145.659: [ParNew: 36159K->2447K(37568K), 0.0006770 secs] 137810K->104325K(163952K), 0.0007060 secs] [Times: user=0.01 sys=0.00, real=0.00 secs] 
145.660: Total time for which application threads were stopped: 0.0008080 seconds, Stopping threads took: 0.0000530 seconds
146.089: Application time: 0.4298290 seconds
146.090: [GC146.090: [ParNew: 35724K->2053K(37568K), 0.0021860 secs] 137603K->103932K(163952K), 0.0022250 secs] [Times: user=0.00 sys=0.00, real=0.00 secs] 
146.092: Total time for which application threads were stopped: 0.0023470 seconds, Stopping threads took: 0.0000660 seconds
146.521: Application time: 0.4293460 seconds
146.521: [GC146.521: [ParNew: 35377K->2675K(37568K), 0.0008840 secs] 137256K->104554K(163952K), 0.0009230 secs] [Times: user=0.00 sys=0.00, real=0.00 secs] 
146.522: Total time for which application threads were stopped: 0.0010780 seconds, Stopping threads took: 0.0000870 seconds
146.886: Application time: 0.3633330 seconds
146.886: [GC146.886: [ParNew: 36018K->2918K(37568K), 0.0008180 secs] 137896K->105025K(163952K), 0.0008540 secs] [Times: user=0.00 sys=0.00, real=0.00 secs] 
146.887: Total time for which application threads were stopped: 0.0009970 seconds, Stopping threads took: 0.0000860 seconds
147.320: Application time: 0.4331720 seconds
147.320: [GC147.320: [ParNew: 36265K->2190K(37568K), 0.0006280 secs] 138372K->104297K(163952K), 0.0006590 secs] [Times: user=0.01 sys=0.00, real=0.00 secs] 
147.321: Total time for which application threads were stopped: 0.0008000 seconds, Stopping threads took: 0.0000800 seconds
147.770: Application time: 0.4493990 seconds
147.770: Total time for which application threads were stopped: 0.0001040 seconds, Stopping threads took: 0.0000810 seconds
147.772: Application time: 0.0019620 seconds
147.772: [GC147.772: [ParNew: 35809K->1678K(37568K), 0.0006220 secs] 137916K->103784K(163952K), 0.0006550 secs] [Times: user=0.00 sys=0.00, real=0.00 secs] 
147.773: Total time for which application threads were stopped: 0.0007480 seconds, Stopping threads took: 0.0000430 seconds
148.132: Application time: 0.3592670 seconds
148.132: Total time for which application threads were stopped: 0.0001220 seconds, Stopping threads took: 0.0000880 seconds
148.132: Application time: 0.0002130 seconds
148.132: [GC148.132: [ParNew: 35146K->2675K(37568K), 0.0007800 secs] 137252K->104782K(163952K), 0.0008130 secs] [Times: user=0.00 sys=0.00, real=0.00 secs] 
148.133: Total time for which application threads were stopped: 0.0008950 seconds, Stopping threads took: 0.0000400 seconds
148.543: Application time: 0.4095760 seconds
148.543: [GC148.543: [ParNew: 36017K->2720K(37568K), 0.0009020 secs] 138124K->105055K(163952K), 0.0009330 secs] [Times: user=0.01 sys=0.00, real=0.00 secs] 
148.544: Total time for which application threads were stopped: 0.0010590 seconds, Stopping threads took: 0.0000740 seconds
148.997: Application time: 0.4527630 seconds
148.997: Total time for which application threads were stopped: 0.0001160 seconds, Stopping threads took: 0.0000860 seconds
148.999: Application time: 0.0019420 seconds
148.999: [GC148.999: [ParNew: 36191K->2673K(37568K), 0.0008050 secs] 138526K->105008K(163952K), 0.0008370 secs] [Times: user=0.01 sys=0.00, real=0.00 secs] 
149.000: Total time for which application threads were stopped: 0.0009340 seconds, Stopping threads took: 0.0000490 seconds
149.364: Application time: 0.3642950 seconds
149.364: [GC149.364: [ParNew: 36011K->2514K(37568K), 0.0008160 secs] 138346K->105077K(163952K), 0.0008500 secs] [Times: user=0.00 sys=0.00, real=0.00 secs] 
149.365: Total time for which application threads were stopped: 0.0009720 seconds, Stopping threads took: 0.0000670 seconds
149.778: Application time: 0.4135790 seconds
149.779: [GC149.779: [ParNew: 35789K->2522K(37568K), 0.0008240 secs] 138352K->105086K(163952K), 0.0008550 secs] [Times: user=0.01 sys=0.00, real=0.00 secs] 
149.780: Total time for which application threads were stopped: 0.0010080 seconds, Stopping threads took: 0.0000830 seconds
150.224: Application time: 0.4442860 seconds
150.224: [GC150.224: [ParNew: 35789K->2675K(37568K), 0.0007730 secs] 138352K->105238K(163952K), 0.0008100 secs] [Times: user=0.00 sys=0.00, real=0.00 secs] 
150.225: Total time for which application threads were stopped: 0.0009430 seconds, Stopping threads took: 0.0000650 seconds
150.591: Application time: 0.3657990 seconds
150.591: [GC150.591: [ParNew: 36076K->2783K(37568K), 0.0009520 secs] 138639K->105574K(163952K), 0.0009860 secs] [Times: user=0.01 sys=0.00, real=0.00 secs] 
150.592: Total time for which application threads were stopped: 0.0011290 seconds, Stopping threads took: 0.0000770 seconds
151.016: Application time: 0.4241960 seconds
151.016: [GC151.016: [ParNew: 35927K->2646K(37568K), 0.0006980 secs] 138719K->105437K(163952K), 0.0007320 secs] [Times: user=0.01 sys=0.00, real=0.00 secs] 
151.017: Total time for which application threads were stopped: 0.0008660 seconds, Stopping threads took: 0.0000790 seconds
151.449: Application time: 0.4319190 seconds
151.449: [GC151.449: [ParNew: 35984K->2675K(37568K), 0.0008410 secs] 138775K->105466K(163952K), 0.0008800 secs] [Times: user=0.00 sys=0.00, real=0.01 secs] 
151.450: Total time for which application threads were stopped: 0.0010570 seconds, Stopping threads took: 0.0001110 seconds
151.820: Application time: 0.3707250 seconds
151.821: [GC151.821: [ParNew: 35944K->2846K(37568K), 0.0008860 secs] 138735K->105865K(163952K), 0.0009240 secs] [Times: user=0.00 sys=0.01, real=0.00 secs] 
151.822: Total time for which application threads were stopped: 0.0010630 seconds, Stopping threads took: 0.0000790 seconds
152.244: Application time: 0.4227660 seconds
152.245: [GC152.245: [ParNew: 36186K->2711K(37568K), 0.0007930 secs] 139205K->105731K(163952K), 0.0008290 secs] [Times: user=0.00 sys=0.00, real=0.00 secs] 
152.246: Total time for which application threads were stopped: 0.0016990 seconds, Stopping threads took: 0.0008020 seconds
152.683: Application time: 0.4369770 seconds
152.683: [GC152.683: [ParNew: 36047K->3142K(37568K), 0.0009170 secs] 139067K->106162K(163952K), 0.0009540 secs] [Times: user=0.00 sys=0.00, real=0.00 secs] 
152.684: Total time for which application threads were stopped: 0.0011010 seconds, Stopping threads took: 0.0000890 seconds
153.075: Application time: 0.3913760 seconds
153.076: [GC153.076: [ParNew: 36544K->2847K(37568K), 0.0009140 secs] 139564K->106095K(163952K), 0.0009520 secs] [Times: user=0.01 sys=0.00, real=0.00 secs] 
153.077: Total time for which application threads were stopped: 0.0011270 seconds, Stopping threads took: 0.0001040 seconds
153.493: Application time: 0.4160540 seconds
153.493: [GC153.493: [ParNew: 36197K->2918K(37568K), 0.0008250 secs] 139445K->106165K(163952K), 0.0008590 secs] [Times: user=0.01 sys=0.00, real=0.00 secs] 
153.494: Total time for which application threads were stopped: 0.0010110 seconds, Stopping threads took: 0.0000970 seconds
153.921: Application time: 0.4273390 seconds
153.921: [GC153.921: [ParNew: 36316K->3007K(37568K), 0.0008950 secs] 139564K->106255K(163952K), 0.0009270 secs] [Times: user=0.00 sys=0.00, real=0.00 secs] 
153.922: Total time for which application threads were stopped: 0.0011080 seconds, Stopping threads took: 0.0001060 seconds
154.345: Application time: 0.4225230 seconds
154.345: [GC154.345: [ParNew: 36359K->2449K(37568K), 0.0008070 secs] 139606K->105924K(163952K), 0.0008440 secs] [Times: user=0.01 sys=0.01, real=0.00 secs] 
154.346: Total time for which application threads were stopped: 0.0009920 seconds, Stopping threads took: 0.0000840 seconds
154.742: Application time: 0.3967560 seconds
154.742: [GC154.743: [ParNew: 35604K->2477K(37568K), 0.0006470 secs] 139079K->105952K(163952K), 0.0006830 secs] [Times: user=0.00 sys=0.00, real=0.00 secs] 
154.743: Total time for which application threads were stopped: 0.0008310 seconds, Stopping threads took: 0.0000840 seconds
155.160: Application time: 0.4169650 seconds
155.160: [GC155.160: [ParNew: 35791K->2916K(37568K), 0.0008820 secs] 139267K->106421K(163952K), 0.0009210 secs] [Times: user=0.00 sys=0.00, real=0.00 secs] 
155.161: Total time for which application threads were stopped: 0.0010960 seconds, Stopping threads took: 0.0001150 seconds
155.595: Application time: 0.4342180 seconds
155.596: Total time for which application threads were stopped: 0.0001330 seconds, Stopping threads took: 0.0001040 seconds
155.596: Application time: 0.0001680 seconds
155.596: [GC155.596: [ParNew: 36329K->2451K(37568K), 0.0007990 secs] 139833K->106154K(163952K), 0.0008390 secs] [Times: user=0.01 sys=0.00, real=0.00 secs] 
155.597: Total time for which application threads were stopped: 0.0009190 seconds, Stopping threads took: 0.0000370 seconds
155.991: Application time: 0.3940290 seconds
155.991: [GC155.991: [ParNew: 35774K->2335K(37568K), 0.0006660 secs] 139478K->106039K(163952K), 0.0006990 secs] [Times: user=0.01 sys=0.00, real=0.00 secs] 
155.992: Total time for which application threads were stopped: 0.0008360 seconds, Stopping threads took: 0.0000870 seconds
156.412: Application time: 0.4204600 seconds
156.413: Total time for which application threads were stopped: 0.0010910 seconds, Stopping threads took: 0.0010610 seconds
156.417: Application time: 0.0039320 seconds
156.417: [GC156.417: [ParNew: 36030K->2393K(37568K), 0.0008140 secs] 139734K->106182K(163952K), 0.0008480 secs] [Times: user=0.01 sys=0.00, real=0.00 secs] 
156.418: Total time for which application threads were stopped: 0.0009930 seconds, Stopping threads took: 0.0000930 seconds
156.838: Application time: 0.4204190 seconds
156.839: [GC156.839: [ParNew: 35798K->2583K(37568K), 0.0007880 secs] 139588K->106515K(163952K), 0.0008260 secs] [Times: user=0.00 sys=0.00, real=0.00 secs] 
156.839: Total time for which application threads were stopped: 0.0009700 seconds, Stopping threads took: 0.0000870 seconds
157.224: Application time: 0.3846420 seconds
157.224: [GC157.224: [ParNew: 35860K->2163K(37568K), 0.0007400 secs] 139792K->106095K(163952K), 0.0007730 secs] [Times: user=0.00 sys=0.00, real=0.00 secs] 
157.225: Total time for which application threads were stopped: 0.0009160 seconds, Stopping threads took: 0.0000760 seconds
157.653: Application time: 0.4284720 seconds
157.654: [GC157.654: [ParNew: 35569K->2167K(37568K), 0.0007610 secs] 139501K->106213K(163952K), 0.0007970 secs] [Times: user=0.01 sys=0.00, real=0.00 secs] 
157.654: Total time for which application threads were stopped: 0.0009590 seconds, Stopping threads took: 0.0001050 seconds
158.070: Application time: 0.4157450 seconds
158.070: [GC158.070: [ParNew: 35501K->2914K(37568K), 0.0009070 secs] 139547K->107074K(163952K), 0.0009410 secs] [Times: user=0.00 sys=0.00, real=0.00 secs] 
158.071: Total time for which application threads were stopped: 0.0010770 seconds, Stopping threads took: 0.0000740 seconds
158.453: Application time: 0.3817790 seconds
158.453: [GC158.453: [ParNew: 36256K->2365K(37568K), 0.0007240 secs] 140416K->106525K(163952K), 0.0007610 secs] [Times: user=0.01 sys=0.00, real=0.00 secs] 
158.454: Total time for which application threads were stopped: 0.0009070 seconds, Stopping threads took: 0.0000860 seconds
158.878: Application time: 0.4237840 seconds
158.878: [GC158.878: [ParNew: 35772K->2561K(37568K), 0.0007650 secs] 139932K->106835K(163952K), 0.0008020 secs] [Times: user=0.00 sys=0.00, real=0.00 secs] 
158.879: Total time for which application threads were stopped: 0.0009700 seconds, Stopping threads took: 0.0001010 seconds
159.325: Application time: 0.4459800 seconds
159.325: [GC159.325: [ParNew: 35836K->2055K(37568K), 0.0007800 secs] 140110K->106443K(163952K), 0.0008180 secs] [Times: user=0.00 sys=0.01, real=0.00 secs] 
159.326: Total time for which application threads were stopped: 0.0009560 seconds, Stopping threads took: 0.0000760 seconds
159.689: Application time: 0.3632460 seconds
159.689: [GC159.689: [ParNew: 35406K->2465K(37568K), 0.0007670 secs] 139794K->106853K(163952K), 0.0008030 secs] [Times: user=0.01 sys=0.00, real=0.00 secs] 
159.690: Total time for which application threads were stopped: 0.0009760 seconds, Stopping threads took: 0.0001040 seconds
160.108: Application time: 0.4179340 seconds
160.108: [GC160.108: [ParNew: 35778K->3002K(37568K), 0.0008670 secs] 140166K->107533K(163952K), 0.0009040 secs] [Times: user=0.00 sys=0.00, real=0.00 secs] 
160.109: Total time for which application threads were stopped: 0.0010870 seconds, Stopping threads took: 0.0001180 seconds
160.553: Application time: 0.4441480 seconds
160.553: [GC160.553: [ParNew: 36349K->2186K(37568K), 0.0023130 secs] 140880K->106802K(163952K), 0.0023590 secs] [Times: user=0.01 sys=0.00, real=0.00 secs] 
160.556: Total time for which application threads were stopped: 0.0025220 seconds, Stopping threads took: 0.0000990 seconds
160.921: Application time: 0.3656190 seconds
160.921: Total time for which application threads were stopped: 0.0001170 seconds, Stopping threads took: 0.0000960 seconds
160.921: Application time: 0.0001800 seconds
160.922: [GC160.922: [ParNew: 35947K->2591K(37568K), 0.0007020 secs] 140563K->107207K(163952K), 0.0007330 secs] [Times: user=0.00 sys=0.00, real=0.00 secs] 
160.922: Total time for which application threads were stopped: 0.0008170 seconds, Stopping threads took: 0.0000420 seconds
161.343: Application time: 0.4208090 seconds
161.343: [GC161.343: [ParNew: 35914K->2531K(37568K), 0.0009660 secs] 140530K->107289K(163952K), 0.0009990 secs] [Times: user=0.00 sys=0.00, real=0.00 secs] 
161.344: Total time for which application threads were stopped: 0.0011410 seconds, Stopping threads took: 0.0000730 seconds
161.783: Application time: 0.4385000 seconds
161.783: [GC161.783: [ParNew: 35810K->2251K(37568K), 0.0007180 secs] 140569K->107095K(163952K), 0.0007530 secs] [Times: user=0.00 sys=0.00, real=0.00 secs] 
161.784: Total time for which application threads were stopped: 0.0008950 seconds, Stopping threads took: 0.0000850 seconds
162.157: Application time: 0.3731660 seconds
162.157: Total time for which application threads were stopped: 0.0001000 seconds, Stopping threads took: 0.0000710 seconds
162.157: Application time: 0.0000620 seconds
162.157: [GC162.157: [ParNew: 35755K->2349K(37568K), 0.0007260 secs] 140599K->107194K(163952K), 0.0007570 secs] [Times: user=0.00 sys=0.00, real=0.00 secs] 
162.158: Total time for which application threads were stopped: 0.0008420 seconds, Stopping threads took: 0.0000370 seconds
162.161: Application time: 0.0032300 seconds
162.161: [GC162.161: [ParNew: 2423K->73K(37568K), 0.0005670 secs] 107268K->107256K(163952K), 0.0005900 secs] [Times: user=0.00 sys=0.00, real=0.00 secs] 
162.162: Total time for which application threads were stopped: 0.0006860 seconds, Stopping threads took: 0.0000600 seconds
162.583: Application time: 0.4208370 seconds
162.583: [GC162.583: [ParNew: 33375K->2444K(37568K), 0.0007930 secs] 140558K->109626K(163952K), 0.0008270 secs] [Times: user=0.00 sys=0.00, real=0.00 secs] 
162.584: Total time for which application threads were stopped: 0.0009800 seconds, Stopping threads took: 0.0000940 seconds
163.020: Application time: 0.4368940 seconds
163.021: [GC163.021: [ParNew: 35850K->2649K(37568K), 0.0008690 secs] 143032K->109961K(163952K), 0.0009070 secs] [Times: user=0.01 sys=0.00, real=0.00 secs] 
163.022: Total time for which application threads were stopped: 0.0010600 seconds, Stopping threads took: 0.0000830 seconds
163.385: Application time: 0.3639070 seconds
163.386: [GC163.386: [ParNew: 36052K->2841K(37568K), 0.0007240 secs] 143364K->110152K(163952K), 0.0007620 secs] [Times: user=0.01 sys=0.00, real=0.00 secs] 
163.386: Total time for which application threads were stopped: 0.0009240 seconds, Stopping threads took: 0.0001040 seconds
163.810: Application time: 0.4231420 seconds
163.810: [GC163.810: [ParNew: 36125K->2579K(37568K), 0.0008910 secs] 143436K->110061K(163952K), 0.0009270 secs] [Times: user=0.01 sys=0.00, real=0.00 secs] 
163.811: Total time for which application threads were stopped: 0.0010770 seconds, Stopping threads took: 0.0000810 seconds
164.248: Application time: 0.4378330 seconds
164.249: [GC164.249: [ParNew: 35983K->2452K(37568K), 0.0008520 secs] 143465K->109991K(163952K), 0.0008880 secs] [Times: user=0.00 sys=0.00, real=0.01 secs] 
164.249: Total time for which application threads were stopped: 0.0010420 seconds, Stopping threads took: 0.0000960 seconds
164.636: Application time: 0.3865890 seconds
164.636: [GC164.636: [ParNew: 35843K->2782K(37568K), 0.0007890 secs] 143382K->110321K(163952K), 0.0008340 secs] [Times: user=0.01 sys=0.00, real=0.00 secs] 
164.637: Total time for which application threads were stopped: 0.0009900 seconds, Stopping threads took: 0.0000800 seconds
165.050: Application time: 0.4125660 seconds
165.050: Total time for which application threads were stopped: 0.0000990 seconds, Stopping threads took: 0.0000770 seconds
165.051: Application time: 0.0017800 seconds
165.052: [GC165.052: [ParNew: 36216K->2279K(37568K), 0.0008370 secs] 143756K->110018K(163952K), 0.0008700 secs] [Times: user=0.01 sys=0.00, real=0.00 secs] 
165.052: Total time for which application threads were stopped: 0.0009610 seconds, Stopping threads took: 0.0000410 seconds
165.485: Application time: 0.4327400 seconds
165.485: [GC165.485: [ParNew: 35556K->1857K(37568K), 0.0006580 secs] 143295K->109625K(163952K), 0.0006920 secs] [Times: user=0.01 sys=0.00, real=0.00 secs] 
165.486: Total time for which application threads were stopped: 0.0008360 seconds, Stopping threads took: 0.0000780 seconds
165.878: Application time: 0.3920980 seconds
165.878: [GC165.878: [ParNew: 35226K->3177K(37568K), 0.0023520 secs] 142994K->110945K(163952K), 0.0023930 secs] [Times: user=0.01 sys=0.00, real=0.00 secs] 
165.881: Total time for which application threads were stopped: 0.0025250 seconds, Stopping threads took: 0.0000730 seconds
166.281: Application time: 0.4002340 seconds
166.281: [GC166.281: [ParNew: 36475K->2748K(37568K), 0.0008340 secs] 144242K->110715K(163952K), 0.0008730 secs] [Times: user=0.01 sys=0.00, real=0.00 secs] 
166.282: Total time for which application threads were stopped: 0.0010710 seconds, Stopping threads took: 0.0001280 seconds
166.721: Application time: 0.4390220 seconds
166.721: [GC166.721: [ParNew: 36025K->2520K(37568K), 0.0007730 secs] 143993K->110516K(163952K), 0.0008100 secs] [Times: user=0.00 sys=0.00, real=0.00 secs] 
166.722: Total time for which application threads were stopped: 0.0009650 seconds, Stopping threads took: 0.0000970 seconds
167.139: Application time: 0.4168820 seconds
167.139: [GC167.139: [ParNew: 35911K->2252K(37568K), 0.0007250 secs] 143907K->110247K(163952K), 0.0007570 secs] [Times: user=0.00 sys=0.00, real=0.00 secs] 
167.140: Total time for which application threads were stopped: 0.0008980 seconds, Stopping threads took: 0.0000770 seconds
167.529: Application time: 0.3895120 seconds
167.529: [GC167.529: [ParNew: 35605K->2676K(37568K), 0.0007870 secs] 143601K->110872K(163952K), 0.0008220 secs] [Times: user=0.00 sys=0.00, real=0.00 secs] 
167.530: Total time for which application threads were stopped: 0.0009480 seconds, Stopping threads took: 0.0000710 seconds
167.950: Application time: 0.4193080 seconds
167.950: [GC167.950: [ParNew: 36017K->2918K(37568K), 0.0008060 secs] 144212K->111142K(163952K), 0.0008380 secs] [Times: user=0.01 sys=0.00, real=0.00 secs] 
167.950: Total time for which application threads were stopped: 0.0009750 seconds, Stopping threads took: 0.0000740 seconds
168.373: Application time: 0.4222720 seconds
168.373: [GC168.373: [ParNew: 36109K->2447K(37568K), 0.0007180 secs] 144333K->110671K(163952K), 0.0007480 secs] [Times: user=0.01 sys=0.00, real=0.00 secs] 
168.374: Total time for which application threads were stopped: 0.0008800 seconds, Stopping threads took: 0.0000800 seconds
168.761: Application time: 0.3877740 seconds
168.762: [GC168.762: [ParNew: 35804K->2083K(37568K), 0.0007690 secs] 144027K->110507K(163952K), 0.0008050 secs] [Times: user=0.00 sys=0.00, real=0.00 secs] 
168.762: Total time for which application threads were stopped: 0.0009640 seconds, Stopping threads took: 0.0000970 seconds
169.175: Application time: 0.4128430 seconds
169.175: [GC169.175: [ParNew: 35417K->2946K(37568K), 0.0008810 secs] 143840K->111369K(163952K), 0.0009190 secs] [Times: user=0.00 sys=0.00, real=0.00 secs] 
169.176: Total time for which application threads were stopped: 0.0010710 seconds, Stopping threads took: 0.0000910 seconds
169.622: Application time: 0.4455310 seconds
169.622: Total time for which application threads were stopped: 0.0001100 seconds, Stopping threads took: 0.0000780 seconds
169.625: Application time: 0.0031380 seconds
169.625: [GC169.625: [ParNew: 36604K->2099K(37568K), 0.0006520 secs] 145027K->110551K(163952K), 0.0006960 secs] [Times: user=0.00 sys=0.00, real=0.00 secs] 
169.626: Total time for which application threads were stopped: 0.0007830 seconds, Stopping threads took: 0.0000380 seconds
169.626: Application time: 0.0000320 seconds
169.626: [GC169.626: [ParNew: 2370K->271K(37568K), 0.0005610 secs] 110822K->110811K(163952K), 0.0005790 secs] [Times: user=0.01 sys=0.00, real=0.00 secs] 
169.627: Total time for which application threads were stopped: 0.0006600 seconds, Stopping threads took: 0.0000470 seconds
169.998: Application time: 0.3711440 seconds
169.998: Total time for which application threads were stopped: 0.0001030 seconds, Stopping threads took: 0.0000780 seconds
170.000: Application time: 0.0018290 seconds
170.000: [GC170.000: [ParNew: 34312K->3025K(37568K), 0.0008030 secs] 144852K->113565K(163952K), 0.0008360 secs] [Times: user=0.00 sys=0.00, real=0.00 secs] 
170.001: Total time for which application threads were stopped: 0.0009320 seconds, Stopping threads took: 0.0000470 seconds
170.436: Application time: 0.4356550 seconds
170.436: Total time for which application threads were stopped: 0.0001070 seconds, Stopping threads took: 0.0000790 seconds
170.437: Application time: 0.0009100 seconds
170.437: [GC170.437: [ParNew: 36509K->2053K(37568K), 0.0007380 secs] 147049K->113170K(163952K), 0.0007690 secs] [Times: user=0.00 sys=0.00, real=0.00 secs] 
170.438: Total time for which application threads were stopped: 0.0008520 seconds, Stopping threads took: 0.0000400 seconds
170.864: Application time: 0.4262310 seconds
170.864: [GC170.864: [ParNew: 35378K->2473K(37568K), 0.0007900 secs] 146495K->113590K(163952K), 0.0008270 secs] [Times: user=0.01 sys=0.00, real=0.00 secs] 
170.865: Total time for which application threads were stopped: 0.0009680 seconds, Stopping threads took: 0.0000820 seconds
171.247: Application time: 0.3816790 seconds
171.247: Total time for which application threads were stopped: 0.0001220 seconds, Stopping threads took: 0.0000910 seconds
171.249: Application time: 0.0016270 seconds
171.249: [GC171.249: [ParNew: 36155K->2244K(37568K), 0.0022750 secs] 147272K->113589K(163952K), 0.0023090 secs] [Times: user=0.01 sys=0.00, real=0.01 secs] 
171.251: Total time for which application threads were stopped: 0.0024030 seconds, Stopping threads took: 0.0000540 seconds
171.668: Application time: 0.4166900 seconds
171.668: Total time for which application threads were stopped: 0.0001120 seconds, Stopping threads took: 0.0000950 seconds
171.668: Application time: 0.0000680 seconds
171.668: [GC171.668: [ParNew: 35719K->2648K(37568K), 0.0007310 secs] 147064K->113993K(163952K), 0.0007590 secs] [Times: user=0.00 sys=0.00, real=0.00 secs] 
171.669: Total time for which application threads were stopped: 0.0008510 seconds, Stopping threads took: 0.0000510 seconds
172.107: Application time: 0.4383760 seconds
172.107: [GC172.107: [ParNew: 35991K->2082K(37568K), 0.0006950 secs] 147336K->113427K(163952K), 0.0007280 secs] [Times: user=0.00 sys=0.00, real=0.00 secs] 
172.108: Total time for which application threads were stopped: 0.0008660 seconds, Stopping threads took: 0.0000740 seconds
172.483: Application time: 0.3750310 seconds
172.483: [GC172.483: [ParNew: 35413K->2945K(37568K), 0.0008240 secs] 146758K->114289K(163952K), 0.0008620 secs] [Times: user=0.00 sys=0.00, real=0.00 secs] 
172.484: Total time for which application threads were stopped: 0.0010130 seconds, Stopping threads took: 0.0000890 seconds
172.906: Application time: 0.4218280 seconds
172.906: [GC172.906: [ParNew: 36150K->2642K(37568K), 0.0009110 secs] 147495K->114215K(163952K), 0.0009470 secs] [Times: user=0.01 sys=0.00, real=0.00 secs] 
172.907: Total time for which application threads were stopped: 0.0011250 seconds, Stopping threads took: 0.0001100 seconds
173.334: Application time: 0.4267770 seconds
173.334: [GC173.334: [ParNew: 35979K->2675K(37568K), 0.0007590 secs] 147552K->114248K(163952K), 0.0008040 secs] [Times: user=0.01 sys=0.00, real=0.00 secs] 
173.335: Total time for which application threads were stopped: 0.0009370 seconds, Stopping threads took: 0.0000730 seconds
173.710: Application time: 0.3754570 seconds
173.710: [GC173.710: [ParNew: 36074K->2781K(37568K), 0.0008590 secs] 147647K->114582K(163952K), 0.0008920 secs] [Times: user=0.01 sys=0.00, real=0.00 secs] 
173.711: Total time for which application threads were stopped: 0.0010300 seconds, Stopping threads took: 0.0000730 seconds
174.143: Application time: 0.4313500 seconds
174.143: [GC174.143: [ParNew: 36130K->1847K(37568K), 0.0006280 secs] 147931K->113648K(163952K), 0.0006590 secs] [Times: user=0.00 sys=0.00, real=0.00 secs] 
174.143: Total time for which application threads were stopped: 0.0007810 seconds, Stopping threads took: 0.0000650 seconds
174.556: Application time: 0.4122770 seconds
174.556: [GC174.556: [ParNew: 35173K->2871K(37568K), 0.0008990 secs] 146974K->114672K(163952K), 0.0009330 secs] [Times: user=0.01 sys=0.00, real=0.00 secs] 
174.557: Total time for which application threads were stopped: 0.0010800 seconds, Stopping threads took: 0.0000790 seconds
174.929: Application time: 0.3725630 seconds
174.930: [GC174.930: [ParNew: 36216K->2518K(37568K), 0.0008780 secs] 148017K->114548K(163952K), 0.0009130 secs] [Times: user=0.00 sys=0.00, real=0.00 secs] 
174.930: Total time for which application threads were stopped: 0.0010460 seconds, Stopping threads took: 0.0000730 seconds
175.362: Application time: 0.4316460 seconds
175.362: [GC175.362: [ParNew: 35796K->2323K(37568K), 0.0007450 secs] 147825K->114352K(163952K), 0.0007790 secs] [Times: user=0.00 sys=0.00, real=0.00 secs] 
175.363: Total time for which application threads were stopped: 0.0009270 seconds, Stopping threads took: 0.0000810 seconds
175.789: Application time: 0.4258350 seconds
175.789: [GC175.789: [ParNew: 35653K->2945K(37568K), 0.0008370 secs] 147682K->114974K(163952K), 0.0008720 secs] [Times: user=0.00 sys=0.01, real=0.01 secs] 
175.790: Total time for which application threads were stopped: 0.0010240 seconds, Stopping threads took: 0.0000940 seconds
176.164: Application time: 0.3741980 seconds
176.164: Total time for which application threads were stopped: 0.0001410 seconds, Stopping threads took: 0.0001080 seconds
176.165: Application time: 0.0010090 seconds
176.165: [GC176.165: [ParNew: 36355K->2449K(37568K), 0.0007180 secs] 148384K->114706K(163952K), 0.0007490 secs] [Times: user=0.01 sys=0.00, real=0.00 secs] 
176.166: Total time for which application threads were stopped: 0.0008350 seconds, Stopping threads took: 0.0000420 seconds
176.597: Application time: 0.4307420 seconds
176.597: [GC176.597: [ParNew: 35810K->2281K(37568K), 0.0006730 secs] 148068K->114538K(163952K), 0.0007080 secs] [Times: user=0.00 sys=0.00, real=0.01 secs] 
176.598: Total time for which application threads were stopped: 0.0008350 seconds, Stopping threads took: 0.0000760 seconds
177.026: Application time: 0.4281820 seconds
177.026: [GC177.026: [ParNew: 35524K->2841K(37568K), 0.0009310 secs] 147781K->115127K(163952K), 0.0009650 secs] [Times: user=0.00 sys=0.00, real=0.00 secs] 
177.027: Total time for which application threads were stopped: 0.0011060 seconds, Stopping threads took: 0.0000760 seconds
177.393: Application time: 0.3656560 seconds
177.393: [GC177.393: [ParNew: 36181K->2918K(37568K), 0.0008870 secs] 148467K->115403K(163952K), 0.0009200 secs] [Times: user=0.01 sys=0.00, real=0.00 secs] 
177.394: Total time for which application threads were stopped: 0.0010450 seconds, Stopping threads took: 0.0000680 seconds
177.825: Application time: 0.4314980 seconds
177.825: [GC177.825: [ParNew: 36322K->2847K(37568K), 0.0007950 secs] 148808K->115333K(163952K), 0.0008300 secs] [Times: user=0.00 sys=0.00, real=0.00 secs] 
177.826: Total time for which application threads were stopped: 0.0009710 seconds, Stopping threads took: 0.0000720 seconds
178.264: Application time: 0.4382920 seconds
178.265: [GC178.265: [ParNew: 35996K->2280K(37568K), 0.0007890 secs] 148481K->114765K(163952K), 0.0008310 secs] [Times: user=0.00 sys=0.00, real=0.00 secs] 
178.265: Total time for which application threads were stopped: 0.0009700 seconds, Stopping threads took: 0.0000830 seconds
178.636: Application time: 0.3705380 seconds
178.636: [GC178.636: [ParNew: 35611K->2918K(37568K), 0.0007980 secs] 148096K->115632K(163952K), 0.0008310 secs] [Times: user=0.01 sys=0.00, real=0.00 secs] 
178.637: Total time for which application threads were stopped: 0.0009710 seconds, Stopping threads took: 0.0000770 seconds
179.057: Application time: 0.4204760 seconds
179.057: [GC179.058: [ParNew: 36195K->2718K(37568K), 0.0007640 secs] 148909K->115432K(163952K), 0.0007950 secs] [Times: user=0.01 sys=0.00, real=0.00 secs] 
179.058: Total time for which application threads were stopped: 0.0009200 seconds, Stopping threads took: 0.0000700 seconds
179.502: Application time: 0.4438040 seconds
179.502: Total time for which application threads were stopped: 0.0001110 seconds, Stopping threads took: 0.0000800 seconds
179.502: Application time: 0.0002380 seconds
179.503: [GC179.503: [ParNew: 36399K->2475K(37568K), 0.0007160 secs] 149112K->115189K(163952K), 0.0007480 secs] [Times: user=0.00 sys=0.00, real=0.00 secs] 
179.503: Total time for which application threads were stopped: 0.0008350 seconds, Stopping threads took: 0.0000430 seconds
179.915: Application time: 0.4117790 seconds
179.915: [GC179.915: [ParNew: 35815K->2520K(37568K), 0.0007280 secs] 148529K->115462K(163952K), 0.0007580 secs] [Times: user=0.01 sys=0.00, real=0.00 secs] 
179.916: Total time for which application threads were stopped: 0.0008830 seconds, Stopping threads took: 0.0000730 seconds
180.303: Application time: 0.3868990 seconds
180.303: [GC180.303: [ParNew: 35810K->2477K(37568K), 0.0007180 secs] 148752K->115418K(163952K), 0.0007530 secs] [Times: user=0.01 sys=0.00, real=0.00 secs] 
180.304: Total time for which application threads were stopped: 0.0009060 seconds, Stopping threads took: 0.0000840 seconds
180.727: Application time: 0.4234760 seconds
180.727: [GC180.727: [ParNew: 35721K->3042K(37568K), 0.0008720 secs] 148662K->116013K(163952K), 0.0009080 secs] [Times: user=0.01 sys=0.00, real=0.00 secs] 
180.728: Total time for which application threads were stopped: 0.0010500 seconds, Stopping threads took: 0.0000840 seconds
181.163: Application time: 0.4348150 seconds
181.163: [GC181.163: [ParNew: 36327K->2055K(37568K), 0.0007250 secs] 149297K->115225K(163952K), 0.0007600 secs] [Times: user=0.01 sys=0.00, real=0.00 secs] 
181.164: Total time for which application threads were stopped: 0.0009030 seconds, Stopping threads took: 0.0000750 seconds
181.557: Application time: 0.3934330 seconds
181.558: [GC181.558: [ParNew: 35407K->2279K(37568K), 0.0006940 secs] 148577K->115449K(163952K), 0.0007260 secs] [Times: user=0.01 sys=0.00, real=0.00 secs] 
181.558: Total time for which application threads were stopped: 0.0008630 seconds, Stopping threads took: 0.0000810 seconds
181.968: Application time: 0.4094460 seconds
181.968: [GC181.968: [ParNew: 35656K->2979K(37568K), 0.0024010 secs] 148825K->116178K(163952K), 0.0024420 secs] [Times: user=0.01 sys=0.00, real=0.01 secs] 
181.970: Total time for which application threads were stopped: 0.0025960 seconds, Stopping threads took: 0.0000830 seconds
182.407: Application time: 0.4361560 seconds
182.407: [GC182.407: [ParNew: 36331K->2449K(37568K), 0.0007520 secs] 149529K->115847K(163952K), 0.0007860 secs] [Times: user=0.01 sys=0.00, real=0.00 secs] 
182.407: Total time for which application threads were stopped: 0.0009200 seconds, Stopping threads took: 0.0000780 seconds
182.800: Application time: 0.3928980 seconds
182.800: [GC182.800: [ParNew: 35821K->2444K(37568K), 0.0007810 secs] 149219K->115842K(163952K), 0.0008140 secs] [Times: user=0.01 sys=0.00, real=0.00 secs] 
182.801: Total time for which application threads were stopped: 0.0009580 seconds, Stopping threads took: 0.0000760 seconds
183.212: Application time: 0.4108530 seconds
183.212: Total time for which application threads were stopped: 0.0001000 seconds, Stopping threads took: 0.0000780 seconds
183.213: Application time: 0.0004600 seconds
183.213: [GC183.213: [ParNew: 35882K->2619K(37568K), 0.0008420 secs] 149280K->116074K(163952K), 0.0008860 secs] [Times: user=0.00 sys=0.00, real=0.00 secs] 
183.214: Total time for which application threads were stopped: 0.0009800 seconds, Stopping threads took: 0.0000470 seconds
183.654: Application time: 0.4406310 seconds
183.654: [GC183.654: [ParNew: 35898K->2253K(37568K), 0.0006730 secs] 149353K->115879K(163952K), 0.0007040 secs] [Times: user=0.01 sys=0.00, real=0.00 secs] 
183.655: Total time for which application threads were stopped: 0.0008400 seconds, Stopping threads took: 0.0000760 seconds
184.039: Application time: 0.3841740 seconds
184.039: [GC184.039: [ParNew: 35651K->2761K(37568K), 0.0007420 secs] 149278K->116387K(163952K), 0.0007730 secs] [Times: user=0.01 sys=0.00, real=0.00 secs] 
184.040: Total time for which application threads were stopped: 0.0009110 seconds, Stopping threads took: 0.0000830 seconds
184.453: Application time: 0.4125530 seconds
184.453: [GC184.453: [ParNew: 36166K->2564K(37568K), 0.0008250 secs] 149792K->116304K(163952K), 0.0008610 secs] [Times: user=0.00 sys=0.00, real=0.00 secs] 
184.454: Total time for which application threads were stopped: 0.0010260 seconds, Stopping threads took: 0.0000960 seconds
184.900: Application time: 0.4461410 seconds
184.900: Total time for which application threads were stopped: 0.0001100 seconds, Stopping threads took: 0.0000910 seconds
184.901: Application time: 0.0004900 seconds
184.901: [GC184.901: [ParNew: 36049K->2451K(37568K), 0.0007370 secs] 149789K->116305K(163952K), 0.0007660 secs] [Times: user=0.00 sys=0.00, real=0.00 secs] 
184.901: Total time for which application threads were stopped: 0.0008520 seconds, Stopping threads took: 0.0000420 seconds
185.269: Application time: 0.3670830 seconds
185.269: [GC185.269: [ParNew: 35856K->2166K(37568K), 0.0007320 secs] 149710K->116021K(163952K), 0.0007670 secs] [Times: user=0.00 sys=0.00, real=0.01 secs] 
185.269: Total time for which application threads were stopped: 0.0009140 seconds, Stopping threads took: 0.0000810 seconds
185.689: Application time: 0.4199320 seconds
185.690: [GC185.690: [ParNew: 35573K->2563K(37568K), 0.0008800 secs] 149427K->116531K(163952K), 0.0009140 secs] [Times: user=0.00 sys=0.00, real=0.00 secs] 
185.690: Total time for which application threads were stopped: 0.0010820 seconds, Stopping threads took: 0.0001110 seconds
186.133: Application time: 0.4423640 seconds
186.133: [GC186.133: [ParNew: 35840K->2053K(37568K), 0.0007340 secs] 149808K->116136K(163952K), 0.0007690 secs] [Times: user=0.00 sys=0.00, real=0.00 secs] 
186.134: Total time for which application threads were stopped: 0.0009420 seconds, Stopping threads took: 0.0001050 seconds
186.504: Application time: 0.3701860 seconds
186.504: [GC186.504: [ParNew: 35216K->2817K(37568K), 0.0006900 secs] 149298K->116899K(163952K), 0.0007240 secs] [Times: user=0.01 sys=0.00, real=0.00 secs] 
186.505: Total time for which application threads were stopped: 0.0008450 seconds, Stopping threads took: 0.0000680 seconds
186.927: Application time: 0.4222630 seconds
186.927: [GC186.927: [ParNew: 36062K->2111K(37568K), 0.0007060 secs] 150144K->116365K(163952K), 0.0007340 secs] [Times: user=0.01 sys=0.00, real=0.00 secs] 
186.928: Total time for which application threads were stopped: 0.0008790 seconds, Stopping threads took: 0.0000830 seconds
187.363: Application time: 0.4346160 seconds
187.363: Total time for which application threads were stopped: 0.0001040 seconds, Stopping threads took: 0.0000810 seconds
187.364: Application time: 0.0012920 seconds
187.364: [GC187.364: [ParNew: 35586K->2253K(37568K), 0.0006590 secs] 149840K->116563K(163952K), 0.0006930 secs] [Times: user=0.00 sys=0.00, real=0.00 secs] 
187.365: Total time for which application threads were stopped: 0.0007810 seconds, Stopping threads took: 0.0000440 seconds
187.741: Application time: 0.3759070 seconds
187.741: Total time for which application threads were stopped: 0.0001150 seconds, Stopping threads took: 0.0000820 seconds
187.743: Application time: 0.0021190 seconds
187.743: [GC187.743: [ParNew: 35829K->2213K(37568K), 0.0007560 secs] 150140K->116523K(163952K), 0.0007980 secs] [Times: user=0.00 sys=0.00, real=0.00 secs] 
187.744: Total time for which application threads were stopped: 0.0008880 seconds, Stopping threads took: 0.0000390 seconds
188.153: Application time: 0.4090840 seconds
188.153: [GC188.153: [ParNew: 35575K->2837K(37568K), 0.0008190 secs] 149885K->117319K(163952K), 0.0008500 secs] [Times: user=0.00 sys=0.00, real=0.00 secs] 
188.154: Total time for which application threads were stopped: 0.0009830 seconds, Stopping threads took: 0.0000810 seconds
188.604: Application time: 0.4505350 seconds
188.605: [GC188.605: [ParNew: 36193K->1853K(37568K), 0.0006640 secs] 150675K->116392K(163952K), 0.0006990 secs] [Times: user=0.01 sys=0.00, real=0.00 secs] 
188.605: Total time for which application threads were stopped: 0.0008470 seconds, Stopping threads took: 0.0000820 seconds
188.968: Application time: 0.3624290 seconds
188.968: [GC188.968: [ParNew: 35004K->3014K(37568K), 0.0007600 secs] 149543K->117553K(163952K), 0.0007970 secs] [Times: user=0.01 sys=0.00, real=0.00 secs] 
188.969: Total time for which application threads were stopped: 0.0009250 seconds, Stopping threads took: 0.0000670 seconds
189.375: Application time: 0.4060180 seconds
189.375: [GC189.375: [ParNew: 36261K->2309K(37568K), 0.0007640 secs] 150799K->117019K(163952K), 0.0007960 secs] [Times: user=0.01 sys=0.00, real=0.00 secs] 
189.376: Total time for which application threads were stopped: 0.0009430 seconds, Stopping threads took: 0.0000830 seconds
189.822: Application time: 0.4464750 seconds
189.822: Total time for which application threads were stopped: 0.0001030 seconds, Stopping threads took: 0.0000810 seconds
189.824: Application time: 0.0016650 seconds
189.824: [GC189.824: [ParNew: 35991K->2253K(37568K), 0.0006550 secs] 150700K->117020K(163952K), 0.0006870 secs] [Times: user=0.01 sys=0.00, real=0.00 secs] 
189.825: Total time for which application threads were stopped: 0.0007800 seconds, Stopping threads took: 0.0000450 seconds
190.196: Application time: 0.3711040 seconds
190.196: [GC190.196: [ParNew: 35412K->2817K(37568K), 0.0008450 secs] 150179K->117583K(163952K), 0.0008810 secs] [Times: user=0.00 sys=0.00, real=0.00 secs] 
190.197: Total time for which application threads were stopped: 0.0010170 seconds, Stopping threads took: 0.0000680 seconds
190.617: Application time: 0.4205440 seconds
190.617: [GC190.617: [ParNew: 36189K->2641K(37568K), 0.0008430 secs] 150955K->117579K(163952K), 0.0008780 secs] [Times: user=0.00 sys=0.00, real=0.00 secs] 
190.618: Total time for which application threads were stopped: 0.0010140 seconds, Stopping threads took: 0.0000760 seconds
191.040: Application time: 0.4215820 seconds
191.040: [GC191.040: [ParNew: 35786K->2449K(37568K), 0.0007140 secs] 150724K->117444K(163952K), 0.0007470 secs] [Times: user=0.00 sys=0.00, real=0.00 secs] 
191.041: Total time for which application threads were stopped: 0.0008800 seconds, Stopping threads took: 0.0000710 seconds
191.453: Application time: 0.4121360 seconds
191.453: [GC191.453: [ParNew: 35767K->2916K(37568K), 0.0007660 secs] 150762K->117911K(163952K), 0.0008000 secs] [Times: user=0.00 sys=0.00, real=0.00 secs] 
191.454: Total time for which application threads were stopped: 0.0009420 seconds, Stopping threads took: 0.0000890 seconds
191.853: Application time: 0.3992540 seconds
191.853: [GC191.853: [ParNew: 36207K->2676K(37568K), 0.0008560 secs] 151202K->117871K(163952K), 0.0008930 secs] [Times: user=0.01 sys=0.00, real=0.00 secs] 
191.854: Total time for which application threads were stopped: 0.0010510 seconds, Stopping threads took: 0.0000880 seconds
192.265: Application time: 0.4109980 seconds
192.265: [GC192.265: [ParNew: 36017K->2918K(37568K), 0.0008670 secs] 151211K->118141K(163952K), 0.0009000 secs] [Times: user=0.00 sys=0.00, real=0.00 secs] 
192.266: Total time for which application threads were stopped: 0.0010400 seconds, Stopping threads took: 0.0000810 seconds
192.697: Application time: 0.4312820 seconds
192.698: [GC192.699: [ParNew: 36318K->2054K(37568K), 0.0006290 secs] 151541K->117277K(163952K), 0.0022700 secs] [Times: user=0.01 sys=0.00, real=0.00 secs] 
192.700: Total time for which application threads were stopped: 0.0024210 seconds, Stopping threads took: 0.0000810 seconds
193.093: Application time: 0.3934900 seconds
193.094: [GC193.094: [ParNew: 35407K->2675K(37568K), 0.0008670 secs] 150630K->117898K(163952K), 0.0009030 secs] [Times: user=0.01 sys=0.00, real=0.00 secs] 
193.094: Total time for which application threads were stopped: 0.0010730 seconds, Stopping threads took: 0.0001120 seconds
193.516: Application time: 0.4216720 seconds
193.516: [GC193.516: [ParNew: 36078K->2781K(37568K), 0.0009090 secs] 151301K->118232K(163952K), 0.0009480 secs] [Times: user=0.00 sys=0.01, real=0.01 secs] 
193.517: Total time for which application threads were stopped: 0.0011270 seconds, Stopping threads took: 0.0001090 seconds
193.934: Application time: 0.4166860 seconds
193.934: [GC193.934: [ParNew: 36106K->2645K(37568K), 0.0007520 secs] 151557K->118096K(163952K), 0.0007890 secs] [Times: user=0.01 sys=0.00, real=0.00 secs] 
193.935: Total time for which application threads were stopped: 0.0009210 seconds, Stopping threads took: 0.0000740 seconds
194.329: Application time: 0.3944560 seconds
194.329: [GC194.329: [ParNew: 35798K->2479K(37568K), 0.0007160 secs] 151249K->118129K(163952K), 0.0007520 secs] [Times: user=0.00 sys=0.00, real=0.00 secs] 
194.330: Total time for which application threads were stopped: 0.0008990 seconds, Stopping threads took: 0.0000820 seconds
194.745: Application time: 0.4152070 seconds
194.746: [GC194.746: [ParNew: 35817K->2718K(37568K), 0.0008470 secs] 151467K->118397K(163952K), 0.0008850 secs] [Times: user=0.01 sys=0.00, real=0.00 secs] 
194.746: Total time for which application threads were stopped: 0.0010190 seconds, Stopping threads took: 0.0000730 seconds
195.162: Application time: 0.4159490 seconds
195.163: Total time for which application threads were stopped: 0.0001200 seconds, Stopping threads took: 0.0000830 seconds
195.163: Application time: 0.0003800 seconds
195.163: [GC195.163: [ParNew: 36313K->2445K(37568K), 0.0007910 secs] 151993K->118125K(163952K), 0.0008210 secs] [Times: user=0.00 sys=0.00, real=0.00 secs] 
195.164: Total time for which application threads were stopped: 0.0009070 seconds, Stopping threads took: 0.0000420 seconds
195.568: Application time: 0.4037950 seconds
195.568: [GC195.568: [ParNew: 35796K->2479K(37568K), 0.0008350 secs] 151475K->118358K(163952K), 0.0008720 secs] [Times: user=0.00 sys=0.00, real=0.00 secs] 
195.569: Total time for which application threads were stopped: 0.0010090 seconds, Stopping threads took: 0.0000770 seconds
195.984: Application time: 0.4151930 seconds
195.984: [GC195.984: [ParNew: 35828K->2321K(37568K), 0.0007990 secs] 151707K->118228K(163952K), 0.0008310 secs] [Times: user=0.01 sys=0.00, real=0.00 secs] 
195.985: Total time for which application threads were stopped: 0.0009820 seconds, Stopping threads took: 0.0000840 seconds
196.392: Application time: 0.4074730 seconds
196.392: [GC196.392: [ParNew: 35702K->2647K(37568K), 0.0008420 secs] 151610K->118554K(163952K), 0.0008770 secs] [Times: user=0.00 sys=0.00, real=0.00 secs] 
196.393: Total time for which application threads were stopped: 0.0010150 seconds, Stopping threads took: 0.0000770 seconds
196.811: Application time: 0.4176970 seconds
196.811: [GC196.811: [ParNew: 36011K->2479K(37568K), 0.0007960 secs] 151918K->118586K(163952K), 0.0008310 secs] [Times: user=0.01 sys=0.00, real=0.00 secs] 
196.812: Total time for which application threads were stopped: 0.0009870 seconds, Stopping threads took: 0.0000880 seconds
197.233: Application time: 0.4209910 seconds
197.233: [GC197.233: [ParNew: 35756K->2253K(37568K), 0.0006990 secs] 151863K->118388K(163952K), 0.0007350 secs] [Times: user=0.01 sys=0.00, real=0.00 secs] 
197.234: Total time for which application threads were stopped: 0.0008890 seconds, Stopping threads took: 0.0000950 seconds
197.640: Application time: 0.4061030 seconds
197.640: [GC197.640: [ParNew: 35568K->2719K(37568K), 0.0008020 secs] 151704K->118854K(163952K), 0.0008450 secs] [Times: user=0.01 sys=0.00, real=0.00 secs] 
197.641: Total time for which application threads were stopped: 0.0009830 seconds, Stopping threads took: 0.0000750 seconds
198.052: Application time: 0.4115250 seconds
198.053: [GC198.053: [ParNew: 36007K->2281K(37568K), 0.0023730 secs] 152143K->118616K(163952K), 0.0024140 secs] [Times: user=0.00 sys=0.00, real=0.00 secs] 
198.055: Total time for which application threads were stopped: 0.0025510 seconds, Stopping threads took: 0.0000790 seconds
198.055: Application time: 0.0000580 seconds
198.055: [GC [1 CMS-initial-mark: 116335K(126384K)] 118751K(163952K), 0.0001130 secs] [Times: user=0.00 sys=0.00, real=0.00 secs] 
198.055: Total time for which application threads were stopped: 0.0001890 seconds, Stopping threads took: 0.0000560 seconds
198.055: [CMS-concurrent-mark-start]
198.062: [CMS-concurrent-mark: 0.007/0.007 secs] [Times: user=0.04 sys=0.00, real=0.01 secs] 
198.062: [CMS-concurrent-preclean-start]
198.062: [CMS-concurrent-preclean: 0.000/0.000 secs] [Times: user=0.00 sys=0.00, real=0.00 secs] 
198.062: Application time: 0.0069660 seconds
198.062: [GC[YG occupancy: 2907 K (37568 K)]198.062: [Rescan (parallel) , 0.0001320 secs]198.062: [weak refs processing, 0.0000060 secs]198.062: [scrub string table, 0.0000990 secs] [1 CMS-remark: 116335K(126384K)] 119242K(163952K), 0.0002640 secs] [Times: user=0.00 sys=0.00, real=0.00 secs] 
198.063: Total time for which application threads were stopped: 0.0003500 seconds, Stopping threads took: 0.0000620 seconds
198.063: [CMS-concurrent-sweep-start]
198.065: [CMS-concurrent-sweep: 0.002/0.002 secs] [Times: user=0.00 sys=0.00, real=0.00 secs] 
198.065: [CMS-concurrent-reset-start]
198.068: [CMS-concurrent-reset: 0.003/0.003 secs] [Times: user=0.02 sys=0.00, real=0.00 secs] 
198.461: Application time: 0.3983970 seconds
198.461: [GC198.461: [ParNew: 35623K->2716K(37568K), 0.0008380 secs] 109160K->76281K(163952K), 0.0008710 secs] [Times: user=0.00 sys=0.00, real=0.00 secs] 
198.462: Total time for which application threads were stopped: 0.0010420 seconds, Stopping threads took: 0.0001060 seconds
198.883: Application time: 0.4204900 seconds
198.883: Total time for which application threads were stopped: 0.0001050 seconds, Stopping threads took: 0.0000830 seconds
198.883: Application time: 0.0003600 seconds
198.883: [GC198.883: [ParNew: 36311K->2445K(37568K), 0.0008610 secs] 109876K->76010K(163952K), 0.0008950 secs] [Times: user=0.00 sys=0.00, real=0.00 secs] 
198.884: Total time for which application threads were stopped: 0.0010050 seconds, Stopping threads took: 0.0000620 seconds
199.283: Application time: 0.3988570 seconds
199.283: Total time for which application threads were stopped: 0.0001040 seconds, Stopping threads took: 0.0000650 seconds
199.284: Application time: 0.0007280 seconds
199.284: [GC199.284: [ParNew: 36409K->2676K(37568K), 0.0007990 secs] 109974K->76441K(163952K), 0.0008300 secs] [Times: user=0.00 sys=0.00, real=0.00 secs] 
199.285: Total time for which application threads were stopped: 0.0009140 seconds, Stopping threads took: 0.0000370 seconds
199.701: Application time: 0.4160550 seconds
199.701: [GC199.701: [ParNew: 35954K->2449K(37568K), 0.0007460 secs] 109718K->76242K(163952K), 0.0007830 secs] [Times: user=0.01 sys=0.00, real=0.00 secs] 
199.702: Total time for which application threads were stopped: 0.0009280 seconds, Stopping threads took: 0.0000880 seconds
200.122: Application time: 0.4209160 seconds
200.123: Total time for which application threads were stopped: 0.0001040 seconds, Stopping threads took: 0.0000760 seconds
200.123: Application time: 0.0003220 seconds
200.123: [GC200.123: [ParNew: 35899K->2845K(37568K), 0.0008050 secs] 109692K->76638K(163952K), 0.0008400 secs] [Times: user=0.01 sys=0.00, real=0.00 secs] 
200.124: Total time for which application threads were stopped: 0.0009380 seconds, Stopping threads took: 0.0000500 seconds
200.522: Application time: 0.3985070 seconds
200.522: [GC200.523: [ParNew: 36205K->2281K(37568K), 0.0007370 secs] 109998K->76274K(163952K), 0.0007760 secs] [Times: user=0.00 sys=0.00, real=0.00 secs] 
200.523: Total time for which application threads were stopped: 0.0009030 seconds, Stopping threads took: 0.0000730 seconds
200.935: Application time: 0.4121970 seconds
200.936: [GC200.936: [ParNew: 35623K->2718K(37568K), 0.0007830 secs] 109616K->76739K(163952K), 0.0008200 secs] [Times: user=0.00 sys=0.00, real=0.00 secs] 
200.936: Total time for which application threads were stopped: 0.0009690 seconds, Stopping threads took: 0.0000800 seconds
201.375: Application time: 0.4385460 seconds
201.375: [GC201.375: [ParNew: 35908K->2252K(37568K), 0.0007200 secs] 109930K->76273K(163952K), 0.0007550 secs] [Times: user=0.00 sys=0.00, real=0.00 secs] 
201.376: Total time for which application threads were stopped: 0.0008910 seconds, Stopping threads took: 0.0000770 seconds
201.758: Application time: 0.3821980 seconds
201.758: [GC201.758: [ParNew: 35605K->2479K(37568K), 0.0007860 secs] 109626K->76700K(163952K), 0.0008200 secs] [Times: user=0.00 sys=0.00, real=0.00 secs] 
201.759: Total time for which application threads were stopped: 0.0009660 seconds, Stopping threads took: 0.0000810 seconds
202.176: Application time: 0.4164630 seconds
202.176: [GC202.176: [ParNew: 35754K->2251K(37568K), 0.0007390 secs] 109975K->76500K(163952K), 0.0007730 secs] [Times: user=0.01 sys=0.00, real=0.00 secs] 
202.176: Total time for which application threads were stopped: 0.0009330 seconds, Stopping threads took: 0.0001020 seconds
202.603: Application time: 0.4262380 seconds
202.603: [GC202.603: [ParNew: 35565K->2717K(37568K), 0.0008570 secs] 109814K->76966K(163952K), 0.0008920 secs] [Times: user=0.01 sys=0.00, real=0.00 secs] 
202.604: Total time for which application threads were stopped: 0.0010370 seconds, Stopping threads took: 0.0000750 seconds
202.991: Application time: 0.3876900 seconds
202.992: Total time for which application threads were stopped: 0.0000980 seconds, Stopping threads took: 0.0000740 seconds
202.992: Application time: 0.0005430 seconds
202.992: [GC202.992: [ParNew: 36619K->2479K(37568K), 0.0008010 secs] 110868K->76928K(163952K), 0.0008310 secs] [Times: user=0.00 sys=0.00, real=0.00 secs] 
202.993: Total time for which application threads were stopped: 0.0009200 seconds, Stopping threads took: 0.0000460 seconds
203.410: Application time: 0.4168600 seconds
203.410: [GC203.410: [ParNew: 35636K->2477K(37568K), 0.0006570 secs] 110085K->76954K(163952K), 0.0006880 secs] [Times: user=0.01 sys=0.00, real=0.00 secs] 
203.411: Total time for which application threads were stopped: 0.0008160 seconds, Stopping threads took: 0.0000700 seconds
203.839: Application time: 0.4278290 seconds
203.839: [GC203.839: [ParNew: 35843K->2619K(37568K), 0.0007560 secs] 110321K->77125K(163952K), 0.0007920 secs] [Times: user=0.01 sys=0.00, real=0.00 secs] 
203.839: Total time for which application threads were stopped: 0.0009300 seconds, Stopping threads took: 0.0000810 seconds
204.227: Application time: 0.3873120 seconds
204.227: [GC204.227: [ParNew: 35771K->2674K(37568K), 0.0007250 secs] 110277K->77352K(163952K), 0.0007610 secs] [Times: user=0.00 sys=0.00, real=0.00 secs] 
204.228: Total time for which application threads were stopped: 0.0009010 seconds, Stopping threads took: 0.0000750 seconds
204.640: Application time: 0.4122010 seconds
204.640: [GC204.640: [ParNew: 36036K->2479K(37568K), 0.0007290 secs] 110713K->77184K(163952K), 0.0007610 secs] [Times: user=0.00 sys=0.00, real=0.00 secs] 
204.641: Total time for which application threads were stopped: 0.0009030 seconds, Stopping threads took: 0.0000860 seconds
205.073: Application time: 0.4318370 seconds
205.073: [GC205.073: [ParNew: 35846K->2619K(37568K), 0.0007590 secs] 110551K->77353K(163952K), 0.0007960 secs] [Times: user=0.00 sys=0.00, real=0.00 secs] 
205.074: Total time for which application threads were stopped: 0.0009380 seconds, Stopping threads took: 0.0000760 seconds
205.480: Application time: 0.4066100 seconds
205.480: [GC205.480: [ParNew: 35773K->2676K(37568K), 0.0007410 secs] 110507K->77582K(163952K), 0.0007910 secs] [Times: user=0.00 sys=0.00, real=0.00 secs] 
205.481: Total time for which application threads were stopped: 0.0009200 seconds, Stopping threads took: 0.0000710 seconds
205.880: Application time: 0.3991520 seconds
205.880: [GC205.880: [ParNew: 36036K->2479K(37568K), 0.0007190 secs] 110941K->77412K(163952K), 0.0007540 secs] [Times: user=0.00 sys=0.00, real=0.00 secs] 
205.881: Total time for which application threads were stopped: 0.0008860 seconds, Stopping threads took: 0.0000670 seconds
206.294: Application time: 0.4127060 seconds
206.294: [GC206.294: [ParNew: 35793K->2916K(37568K), 0.0007710 secs] 110727K->77879K(163952K), 0.0008020 secs] [Times: user=0.01 sys=0.00, real=0.00 secs] 
206.295: Total time for which application threads were stopped: 0.0009220 seconds, Stopping threads took: 0.0000700 seconds
206.720: Application time: 0.4253020 seconds
206.720: [GC206.720: [ParNew: 36261K->1990K(37568K), 0.0007730 secs] 111224K->77152K(163952K), 0.0008080 secs] [Times: user=0.01 sys=0.00, real=0.00 secs] 
206.721: Total time for which application threads were stopped: 0.0009490 seconds, Stopping threads took: 0.0000740 seconds
207.104: Application time: 0.3831790 seconds
207.104: [GC207.104: [ParNew: 35358K->2974K(37568K), 0.0007660 secs] 110520K->78136K(163952K), 0.0008020 secs] [Times: user=0.01 sys=0.00, real=0.00 secs] 
207.105: Total time for which application threads were stopped: 0.0009260 seconds, Stopping threads took: 0.0000660 seconds
207.536: Application time: 0.4304010 seconds
207.536: [GC207.536: [ParNew: 36277K->2817K(37568K), 0.0008350 secs] 111439K->78036K(163952K), 0.0008700 secs] [Times: user=0.00 sys=0.00, real=0.00 secs] 
207.537: Total time for which application threads were stopped: 0.0010090 seconds, Stopping threads took: 0.0000740 seconds
207.958: Application time: 0.4218440 seconds
207.958: Total time for which application threads were stopped: 0.0000970 seconds, Stopping threads took: 0.0000760 seconds
207.959: Application time: 0.0006270 seconds
207.959: [GC207.959: [ParNew: 36298K->2044K(37568K), 0.0006680 secs] 111517K->77434K(163952K), 0.0007020 secs] [Times: user=0.00 sys=0.00, real=0.00 secs] 
207.960: Total time for which application threads were stopped: 0.0007970 seconds, Stopping threads took: 0.0000480 seconds
208.342: Application time: 0.3826080 seconds
208.343: [GC208.343: [ParNew: 35282K->2309K(37568K), 0.0007100 secs] 110672K->77699K(163952K), 0.0007460 secs] [Times: user=0.00 sys=0.00, real=0.00 secs] 
208.343: Total time for which application threads were stopped: 0.0008960 seconds, Stopping threads took: 0.0000810 seconds
208.767: Application time: 0.4231780 seconds
208.767: [GC208.767: [ParNew: 35677K->2619K(37568K), 0.0008140 secs] 111067K->78066K(163952K), 0.0008500 secs] [Times: user=0.01 sys=0.00, real=0.00 secs] 
208.768: Total time for which application threads were stopped: 0.0009790 seconds, Stopping threads took: 0.0000720 seconds
209.182: Application time: 0.4141290 seconds
209.182: Total time for which application threads were stopped: 0.0000980 seconds, Stopping threads took: 0.0000690 seconds
209.183: Application time: 0.0012660 seconds
209.183: [GC209.183: [ParNew: 36298K->2451K(37568K), 0.0006840 secs] 111746K->78069K(163952K), 0.0007150 secs] [Times: user=0.01 sys=0.00, real=0.00 secs] 
209.184: Total time for which application threads were stopped: 0.0008050 seconds, Stopping threads took: 0.0000430 seconds
209.590: Application time: 0.4060850 seconds
209.590: [GC209.590: [ParNew: 35773K->2337K(37568K), 0.0007330 secs] 111391K->77955K(163952K), 0.0007710 secs] [Times: user=0.01 sys=0.00, real=0.00 secs] 
209.591: Total time for which application threads were stopped: 0.0009160 seconds, Stopping threads took: 0.0000860 seconds
210.005: Application time: 0.4140500 seconds
210.005: [GC210.005: [ParNew: 35692K->2663K(37568K), 0.0008440 secs] 111310K->78366K(163952K), 0.0008800 secs] [Times: user=0.01 sys=0.00, real=0.00 secs] 
210.006: Total time for which application threads were stopped: 0.0010390 seconds, Stopping threads took: 0.0000790 seconds
210.417: Application time: 0.4106410 seconds
210.417: [GC210.417: [ParNew: 36066K->2646K(37568K), 0.0008150 secs] 111770K->78493K(163952K), 0.0008470 secs] [Times: user=0.00 sys=0.00, real=0.01 secs] 
210.418: Total time for which application threads were stopped: 0.0009630 seconds, Stopping threads took: 0.0000650 seconds
210.820: Application time: 0.4026020 seconds
210.820: [GC210.820: [ParNew: 35977K->2337K(37568K), 0.0007380 secs] 111824K->78183K(163952K), 0.0007710 secs] [Times: user=0.01 sys=0.00, real=0.00 secs] 
210.821: Total time for which application threads were stopped: 0.0009180 seconds, Stopping threads took: 0.0000840 seconds
211.234: Application time: 0.4125210 seconds
211.234: Total time for which application threads were stopped: 0.0001170 seconds, Stopping threads took: 0.0000960 seconds
211.236: Application time: 0.0018670 seconds
211.236: [GC211.236: [ParNew: 35825K->2187K(37568K), 0.0006780 secs] 111671K->78118K(163952K), 0.0007090 secs] [Times: user=0.00 sys=0.00, real=0.00 secs] 
211.236: Total time for which application threads were stopped: 0.0008000 seconds, Stopping threads took: 0.0000430 seconds
211.661: Application time: 0.4247220 seconds
211.661: [GC211.661: [ParNew: 35527K->2522K(37568K), 0.0007420 secs] 111458K->78597K(163952K), 0.0007770 secs] [Times: user=0.00 sys=0.00, real=0.00 secs] 
211.662: Total time for which application threads were stopped: 0.0009250 seconds, Stopping threads took: 0.0000820 seconds
212.048: Application time: 0.3854960 seconds
212.048: [GC212.048: [ParNew: 35926K->2635K(37568K), 0.0007480 secs] 112000K->78709K(163952K), 0.0007810 secs] [Times: user=0.01 sys=0.00, real=0.00 secs] 
212.048: Total time for which application threads were stopped: 0.0009120 seconds, Stopping threads took: 0.0000780 seconds
212.456: Application time: 0.4074960 seconds
212.456: [GC212.456: [ParNew: 35968K->2563K(37568K), 0.0008010 secs] 112042K->78751K(163952K), 0.0008390 secs] [Times: user=0.01 sys=0.00, real=0.00 secs] 
212.457: Total time for which application threads were stopped: 0.0009880 seconds, Stopping threads took: 0.0000780 seconds
212.895: Application time: 0.4380780 seconds
212.895: [GC212.895: [ParNew: 35905K->2916K(37568K), 0.0008780 secs] 112094K->79218K(163952K), 0.0009140 secs] [Times: user=0.00 sys=0.00, real=0.00 secs] 
212.896: Total time for which application threads were stopped: 0.0010500 seconds, Stopping threads took: 0.0000790 seconds
213.283: Application time: 0.3868230 seconds
213.283: [GC213.283: [ParNew: 36274K->2724K(37568K), 0.0007990 secs] 112576K->79026K(163952K), 0.0008310 secs] [Times: user=0.01 sys=0.00, real=0.00 secs] 
213.284: Total time for which application threads were stopped: 0.0009700 seconds, Stopping threads took: 0.0000760 seconds
213.695: Application time: 0.4115270 seconds
213.696: Total time for which application threads were stopped: 0.0000970 seconds, Stopping threads took: 0.0000760 seconds
213.696: Application time: 0.0008250 seconds
213.696: [GC213.696: [ParNew: 36324K->2337K(37568K), 0.0022480 secs] 112626K->78782K(163952K), 0.0022860 secs] [Times: user=0.01 sys=0.00, real=0.01 secs] 
213.699: Total time for which application threads were stopped: 0.0023780 seconds, Stopping threads took: 0.0000410 seconds
214.129: Application time: 0.4301290 seconds
214.129: Total time for which application threads were stopped: 0.0001120 seconds, Stopping threads took: 0.0000810 seconds
214.129: Application time: 0.0001060 seconds
214.129: [GC214.129: [ParNew: 35814K->2451K(37568K), 0.0008510 secs] 112259K->78981K(163952K), 0.0008830 secs] [Times: user=0.01 sys=0.00, real=0.00 secs] 
214.130: Total time for which application threads were stopped: 0.0009840 seconds, Stopping threads took: 0.0000540 seconds
214.530: Application time: 0.4003950 seconds
214.531: [GC214.531: [ParNew: 35821K->2619K(37568K), 0.0006690 secs] 112352K->79150K(163952K), 0.0007000 secs] [Times: user=0.00 sys=0.00, real=0.00 secs] 
214.531: Total time for which application threads were stopped: 0.0008450 seconds, Stopping threads took: 0.0000850 seconds
214.934: Application time: 0.4022230 seconds
214.934: Total time for which application threads were stopped: 0.0001150 seconds, Stopping threads took: 0.0000880 seconds
214.937: Application time: 0.0034270 seconds
214.937: [GC214.937: [ParNew: 36063K->2507K(37568K), 0.0007310 secs] 112594K->79208K(163952K), 0.0007650 secs] [Times: user=0.00 sys=0.00, real=0.00 secs] 
214.938: Total time for which application threads were stopped: 0.0008590 seconds, Stopping threads took: 0.0000450 seconds
215.382: Application time: 0.4438570 seconds
215.382: [GC215.382: [ParNew: 35786K->2253K(37568K), 0.0007150 secs] 112488K->79012K(163952K), 0.0007450 secs] [Times: user=0.01 sys=0.00, real=0.00 secs] 
215.383: Total time for which application threads were stopped: 0.0008840 seconds, Stopping threads took: 0.0000820 seconds
215.760: Application time: 0.3775100 seconds
215.760: [GC215.760: [ParNew: 35620K->2619K(37568K), 0.0007060 secs] 112379K->79378K(163952K), 0.0007490 secs] [Times: user=0.00 sys=0.00, real=0.00 secs] 
215.761: Total time for which application threads were stopped: 0.0008960 seconds, Stopping threads took: 0.0000810 seconds
216.171: Application time: 0.4100160 seconds
216.171: Total time for which application threads were stopped: 0.0001140 seconds, Stopping threads took: 0.0000920 seconds
216.172: Application time: 0.0009300 seconds
216.172: [GC216.172: [ParNew: 36062K->2309K(37568K), 0.0007580 secs] 112821K->79239K(163952K), 0.0007920 secs] [Times: user=0.00 sys=0.00, real=0.00 secs] 
216.173: Total time for which application threads were stopped: 0.0008950 seconds, Stopping threads took: 0.0000560 seconds
216.609: Application time: 0.4355260 seconds
216.609: [GC216.609: [ParNew: 35651K->2522K(37568K), 0.0007980 secs] 112581K->79509K(163952K), 0.0008350 secs] [Times: user=0.00 sys=0.00, real=0.01 secs] 
216.610: Total time for which application threads were stopped: 0.0009840 seconds, Stopping threads took: 0.0000790 seconds
216.985: Application time: 0.3749780 seconds
216.985: [GC216.985: [ParNew: 35890K->2886K(37568K), 0.0007840 secs] 112876K->79873K(163952K), 0.0008140 secs] [Times: user=0.01 sys=0.00, real=0.00 secs] 
216.985: Total time for which application threads were stopped: 0.0009430 seconds, Stopping threads took: 0.0000770 seconds
217.421: Application time: 0.4352300 seconds
217.421: Total time for which application threads were stopped: 0.0000980 seconds, Stopping threads took: 0.0000650 seconds
217.426: Application time: 0.0047820 seconds
217.426: [GC217.426: [ParNew: 36673K->2309K(37568K), 0.0007330 secs] 113660K->79467K(163952K), 0.0007640 secs] [Times: user=0.00 sys=0.00, real=0.00 secs] 
217.426: Total time for which application threads were stopped: 0.0008510 seconds, Stopping threads took: 0.0000440 seconds
217.852: Application time: 0.4254050 seconds
217.852: [GC217.852: [ParNew: 35651K->2522K(37568K), 0.0007060 secs] 112809K->79738K(163952K), 0.0007410 secs] [Times: user=0.01 sys=0.00, real=0.00 secs] 
217.853: Total time for which application threads were stopped: 0.0008820 seconds, Stopping threads took: 0.0000820 seconds
218.229: Application time: 0.3758220 seconds
218.229: [GC218.229: [ParNew: 35829K->2421K(37568K), 0.0006470 secs] 113044K->79636K(163952K), 0.0006770 secs] [Times: user=0.00 sys=0.00, real=0.01 secs] 
218.229: Total time for which application threads were stopped: 0.0008110 seconds, Stopping threads took: 0.0000770 seconds
218.657: Application time: 0.4277180 seconds
218.657: Total time for which application threads were stopped: 0.0000900 seconds, Stopping threads took: 0.0000720 seconds
218.657: Application time: 0.0000690 seconds
218.657: [GC218.657: [ParNew: 35865K->2109K(37568K), 0.0006940 secs] 113080K->79495K(163952K), 0.0007200 secs] [Times: user=0.00 sys=0.00, real=0.00 secs] 
218.658: Total time for which application threads were stopped: 0.0007920 seconds, Stopping threads took: 0.0000360 seconds
219.099: Application time: 0.4411420 seconds
219.099: [GC219.099: [ParNew: 35447K->2321K(37568K), 0.0006960 secs] 112834K->79764K(163952K), 0.0007400 secs] [Times: user=0.01 sys=0.00, real=0.00 secs] 
219.100: Total time for which application threads were stopped: 0.0008860 seconds, Stopping threads took: 0.0000810 seconds
219.482: Application time: 0.3822300 seconds
219.482: [GC219.482: [ParNew: 35492K->3040K(37568K), 0.0007470 secs] 112935K->80484K(163952K), 0.0007830 secs] [Times: user=0.00 sys=0.00, real=0.00 secs] 
219.483: Total time for which application threads were stopped: 0.0009120 seconds, Stopping threads took: 0.0000740 seconds
219.895: Application time: 0.4117280 seconds
219.895: Total time for which application threads were stopped: 0.0001120 seconds, Stopping threads took: 0.0000830 seconds
219.897: Application time: 0.0020140 seconds
219.901: [GC219.901: [ParNew: 36473K->2342K(37568K), 0.0007360 secs] 113916K->79985K(163952K), 0.0007700 secs] [Times: user=0.01 sys=0.00, real=0.00 secs] 
219.902: Total time for which application threads were stopped: 0.0048120 seconds, Stopping threads took: 0.0039960 seconds
220.325: Application time: 0.4227990 seconds
220.325: [GC220.325: [ParNew: 35547K->2451K(37568K), 0.0006830 secs] 113190K->80122K(163952K), 0.0007180 secs] [Times: user=0.00 sys=0.00, real=0.00 secs] 
220.326: Total time for which application threads were stopped: 0.0008660 seconds, Stopping threads took: 0.0000910 seconds
220.726: Application time: 0.4003910 seconds
220.726: [GC220.726: [ParNew: 35828K->2979K(37568K), 0.0008070 secs] 113500K->80651K(163952K), 0.0008420 secs] [Times: user=0.01 sys=0.00, real=0.00 secs] 
220.727: Total time for which application threads were stopped: 0.0009790 seconds, Stopping threads took: 0.0000720 seconds
221.125: Application time: 0.3977850 seconds
221.125: Total time for which application threads were stopped: 0.0001080 seconds, Stopping threads took: 0.0000890 seconds
221.125: Application time: 0.0005030 seconds
221.125: [GC221.125: [ParNew: 36410K->2479K(37568K), 0.0008330 secs] 114081K->80350K(163952K), 0.0008640 secs] [Times: user=0.00 sys=0.00, real=0.00 secs] 
221.126: Total time for which application threads were stopped: 0.0009620 seconds, Stopping threads took: 0.0000540 seconds
221.551: Application time: 0.4246500 seconds
221.551: [GC221.551: [ParNew: 35758K->2253K(37568K), 0.0006650 secs] 113629K->80152K(163952K), 0.0006990 secs] [Times: user=0.01 sys=0.00, real=0.00 secs] 
221.552: Total time for which application threads were stopped: 0.0008430 seconds, Stopping threads took: 0.0000800 seconds
221.967: Application time: 0.4151980 seconds
221.967: [GC221.967: [ParNew: 35509K->2252K(37568K), 0.0006490 secs] 113408K->80151K(163952K), 0.0006780 secs] [Times: user=0.00 sys=0.00, real=0.00 secs] 
221.968: Total time for which application threads were stopped: 0.0008150 seconds, Stopping threads took: 0.0000850 seconds
222.354: Application time: 0.3860040 seconds
222.354: [GC222.354: [ParNew: 35396K->2674K(37568K), 0.0008160 secs] 113295K->80773K(163952K), 0.0008490 secs] [Times: user=0.00 sys=0.00, real=0.00 secs] 
222.355: Total time for which application threads were stopped: 0.0009870 seconds, Stopping threads took: 0.0000700 seconds
222.779: Application time: 0.4246340 seconds
222.780: [GC222.780: [ParNew: 35954K->2451K(37568K), 0.0007260 secs] 114053K->80578K(163952K), 0.0007620 secs] [Times: user=0.01 sys=0.00, real=0.00 secs] 
222.780: Total time for which application threads were stopped: 0.0008960 seconds, Stopping threads took: 0.0000770 seconds
223.197: Application time: 0.4163840 seconds
223.197: Total time for which application threads were stopped: 0.0001050 seconds, Stopping threads took: 0.0000740 seconds
223.197: Application time: 0.0005930 seconds
223.197: [GC223.198: [ParNew: 36111K->2645K(37568K), 0.0007780 secs] 114238K->80772K(163952K), 0.0008080 secs] [Times: user=0.01 sys=0.00, real=0.00 secs] 
223.198: Total time for which application threads were stopped: 0.0008910 seconds, Stopping threads took: 0.0000420 seconds
223.586: Application time: 0.3873590 seconds
223.586: [GC223.586: [ParNew: 36003K->2281K(37568K), 0.0007560 secs] 114130K->80608K(163952K), 0.0008020 secs] [Times: user=0.01 sys=0.00, real=0.00 secs] 
223.587: Total time for which application threads were stopped: 0.0009470 seconds, Stopping threads took: 0.0000870 seconds
224.008: Application time: 0.4217300 seconds
224.008: [GC224.009: [ParNew: 35682K->2585K(37568K), 0.0008050 secs] 114009K->80941K(163952K), 0.0008420 secs] [Times: user=0.00 sys=0.00, real=0.01 secs] 
224.009: Total time for which application threads were stopped: 0.0009990 seconds, Stopping threads took: 0.0000880 seconds
224.452: Application time: 0.4429500 seconds
224.452: [GC224.452: [ParNew: 35976K->2916K(37568K), 0.0007990 secs] 114332K->81272K(163952K), 0.0008400 secs] [Times: user=0.00 sys=0.00, real=0.00 secs] 
224.453: Total time for which application threads were stopped: 0.0009940 seconds, Stopping threads took: 0.0000920 seconds
224.877: Application time: 0.4240210 seconds
224.877: [GC224.877: [ParNew: 36274K->2551K(37568K), 0.0008960 secs] 114630K->81106K(163952K), 0.0009330 secs] [Times: user=0.01 sys=0.00, real=0.00 secs] 
224.878: Total time for which application threads were stopped: 0.0010920 seconds, Stopping threads took: 0.0000850 seconds
225.340: Application time: 0.4615230 seconds
225.340: [GC225.340: [ParNew: 35765K->1855K(37568K), 0.0006570 secs] 114320K->80439K(163952K), 0.0006940 secs] [Times: user=0.00 sys=0.00, real=0.00 secs] 
225.341: Total time for which application threads were stopped: 0.0008370 seconds, Stopping threads took: 0.0000820 seconds
225.798: Application time: 0.4573870 seconds
225.798: Total time for which application threads were stopped: 0.0000910 seconds, Stopping threads took: 0.0000590 seconds
225.799: Application time: 0.0011810 seconds
225.800: [GC225.800: [ParNew: 35504K->2647K(37568K), 0.0007310 secs] 114088K->81231K(163952K), 0.0007640 secs] [Times: user=0.00 sys=0.00, real=0.00 secs] 
225.800: Total time for which application threads were stopped: 0.0008540 seconds, Stopping threads took: 0.0000450 seconds
226.237: Application time: 0.4368320 seconds
226.237: [GC226.237: [ParNew: 36000K->2676K(37568K), 0.0008320 secs] 114584K->81460K(163952K), 0.0008680 secs] [Times: user=0.01 sys=0.00, real=0.00 secs] 
226.238: Total time for which application threads were stopped: 0.0010040 seconds, Stopping threads took: 0.0000810 seconds
226.681: Application time: 0.4427240 seconds
226.681: Total time for which application threads were stopped: 0.0001040 seconds, Stopping threads took: 0.0000740 seconds
226.681: Application time: 0.0002940 seconds
226.681: [GC226.681: [ParNew: 36160K->2449K(37568K), 0.0007170 secs] 114944K->81261K(163952K), 0.0007510 secs] [Times: user=0.00 sys=0.00, real=0.00 secs] 
226.682: Total time for which application threads were stopped: 0.0008420 seconds, Stopping threads took: 0.0000460 seconds
227.145: Application time: 0.4627380 seconds
227.145: [GC227.145: [ParNew: 35830K->2979K(37568K), 0.0008930 secs] 114642K->81791K(163952K), 0.0009300 secs] [Times: user=0.01 sys=0.00, real=0.00 secs] 
227.146: Total time for which application threads were stopped: 0.0010710 seconds, Stopping threads took: 0.0000830 seconds
227.577: Application time: 0.4308810 seconds
227.577: [GC227.577: [ParNew: 36340K->2609K(37568K), 0.0008740 secs] 115152K->81621K(163952K), 0.0009130 secs] [Times: user=0.01 sys=0.00, real=0.01 secs] 
227.578: Total time for which application threads were stopped: 0.0010770 seconds, Stopping threads took: 0.0000950 seconds
228.022: Application time: 0.4443890 seconds
228.022: [GC228.022: [ParNew: 35949K->2646K(37568K), 0.0007580 secs] 114961K->81686K(163952K), 0.0007910 secs] [Times: user=0.01 sys=0.00, real=0.00 secs] 
228.023: Total time for which application threads were stopped: 0.0009030 seconds, Stopping threads took: 0.0000570 seconds
228.479: Application time: 0.4562170 seconds
228.480: [GC228.480: [ParNew: 35972K->2719K(37568K), 0.0007990 secs] 115012K->81759K(163952K), 0.0008350 secs] [Times: user=0.01 sys=0.00, real=0.00 secs] 
228.480: Total time for which application threads were stopped: 0.0009750 seconds, Stopping threads took: 0.0000700 seconds
228.855: Application time: 0.3749820 seconds
228.855: [GC228.856: [ParNew: 35999K->2874K(37568K), 0.0008580 secs] 115039K->82114K(163952K), 0.0009010 secs] [Times: user=0.01 sys=0.00, real=0.00 secs] 
228.856: Total time for which application threads were stopped: 0.0010440 seconds, Stopping threads took: 0.0000840 seconds
229.268: Application time: 0.4113780 seconds
229.268: [GC229.268: [ParNew: 36153K->2844K(37568K), 0.0008390 secs] 115393K->82112K(163952K), 0.0008750 secs] [Times: user=0.00 sys=0.00, real=0.00 secs] 
229.269: Total time for which application threads were stopped: 0.0010250 seconds, Stopping threads took: 0.0000810 seconds
229.707: Application time: 0.4378440 seconds
229.707: Total time for which application threads were stopped: 0.0001000 seconds, Stopping threads took: 0.0000790 seconds
229.721: Application time: 0.0143110 seconds
229.725: [GC229.725: [ParNew: 36375K->2314K(37568K), 0.0022760 secs] 115644K->81583K(163952K), 0.0023170 secs] [Times: user=0.00 sys=0.00, real=0.00 secs] 
229.727: Total time for which application threads were stopped: 0.0063950 seconds, Stopping threads took: 0.0040270 seconds
230.094: Application time: 0.3663660 seconds
230.094: [GC230.094: [ParNew: 35664K->2748K(37568K), 0.0009170 secs] 114932K->82216K(163952K), 0.0009520 secs] [Times: user=0.01 sys=0.00, real=0.00 secs] 
230.095: Total time for which application threads were stopped: 0.0011190 seconds, Stopping threads took: 0.0001030 seconds
230.523: Application time: 0.4277690 seconds
230.523: [GC230.523: [ParNew: 36152K->2647K(37568K), 0.0007490 secs] 115620K->82144K(163952K), 0.0007830 secs] [Times: user=0.00 sys=0.00, real=0.00 secs] 
230.524: Total time for which application threads were stopped: 0.0009310 seconds, Stopping threads took: 0.0000900 seconds
230.956: Application time: 0.4324680 seconds
230.956: [GC230.956: [ParNew: 35971K->2916K(37568K), 0.0008650 secs] 115468K->82413K(163952K), 0.0009030 secs] [Times: user=0.01 sys=0.00, real=0.01 secs] 
230.957: Total time for which application threads were stopped: 0.0010530 seconds, Stopping threads took: 0.0000850 seconds
231.347: Application time: 0.3898660 seconds
231.347: [GC231.347: [ParNew: 36203K->2479K(37568K), 0.0009490 secs] 115699K->82175K(163952K), 0.0009890 secs] [Times: user=0.01 sys=0.00, real=0.00 secs] 
231.348: Total time for which application threads were stopped: 0.0011500 seconds, Stopping threads took: 0.0000900 seconds
231.768: Application time: 0.4202560 seconds
231.769: [GC231.769: [ParNew: 35828K->2323K(37568K), 0.0006610 secs] 115524K->82047K(163952K), 0.0006980 secs] [Times: user=0.00 sys=0.00, real=0.01 secs] 
231.769: Total time for which application threads were stopped: 0.0008390 seconds, Stopping threads took: 0.0000750 seconds
232.190: Application time: 0.4206510 seconds
232.190: [GC232.190: [ParNew: 35701K->2647K(37568K), 0.0007760 secs] 115425K->82371K(163952K), 0.0008090 secs] [Times: user=0.01 sys=0.00, real=0.00 secs] 
232.191: Total time for which application threads were stopped: 0.0009340 seconds, Stopping threads took: 0.0000700 seconds
232.581: Application time: 0.3900540 seconds
232.581: [GC232.581: [ParNew: 36008K->2479K(37568K), 0.0007100 secs] 115732K->82403K(163952K), 0.0007410 secs] [Times: user=0.00 sys=0.00, real=0.00 secs] 
232.582: Total time for which application threads were stopped: 0.0008780 seconds, Stopping threads took: 0.0000730 seconds
232.997: Application time: 0.4153120 seconds
232.997: [GC232.997: [ParNew: 35819K->2720K(37568K), 0.0007760 secs] 115743K->82673K(163952K), 0.0008090 secs] [Times: user=0.01 sys=0.00, real=0.00 secs] 
232.998: Total time for which application threads were stopped: 0.0009550 seconds, Stopping threads took: 0.0000900 seconds
233.440: Application time: 0.4423930 seconds
233.441: Total time for which application threads were stopped: 0.0001050 seconds, Stopping threads took: 0.0000780 seconds
233.441: Application time: 0.0006020 seconds
233.441: [GC233.441: [ParNew: 36401K->2475K(37568K), 0.0007720 secs] 116353K->82428K(163952K), 0.0008000 secs] [Times: user=0.00 sys=0.00, real=0.00 secs] 
233.442: Total time for which application threads were stopped: 0.0008850 seconds, Stopping threads took: 0.0000430 seconds
233.833: Application time: 0.3909870 seconds
233.833: [GC233.833: [ParNew: 35878K->2585K(37568K), 0.0008370 secs] 115831K->82766K(163952K), 0.0008720 secs] [Times: user=0.01 sys=0.00, real=0.00 secs] 
233.834: Total time for which application threads were stopped: 0.0010080 seconds, Stopping threads took: 0.0000780 seconds
234.241: Application time: 0.4065400 seconds
234.241: [GC234.241: [ParNew: 35899K->2505K(37568K), 0.0006900 secs] 116079K->82685K(163952K), 0.0007250 secs] [Times: user=0.01 sys=0.00, real=0.00 secs] 
234.241: Total time for which application threads were stopped: 0.0008670 seconds, Stopping threads took: 0.0000740 seconds
234.664: Application time: 0.4225640 seconds
234.664: [GC234.664: [ParNew: 35870K->2613K(37568K), 0.0009140 secs] 116051K->82851K(163952K), 0.0009480 secs] [Times: user=0.00 sys=0.00, real=0.00 secs] 
234.665: Total time for which application threads were stopped: 0.0010950 seconds, Stopping threads took: 0.0000890 seconds
235.063: Application time: 0.3979440 seconds
235.063: [GC235.063: [ParNew: 35953K->2916K(37568K), 0.0024010 secs] 116191K->83325K(163952K), 0.0024410 secs] [Times: user=0.01 sys=0.00, real=0.00 secs] 
235.066: Total time for which application threads were stopped: 0.0025650 seconds, Stopping threads took: 0.0000560 seconds
235.469: Application time: 0.4032330 seconds
235.469: [GC235.469: [ParNew: 36090K->2503K(37568K), 0.0007480 secs] 116499K->82911K(163952K), 0.0007870 secs] [Times: user=0.01 sys=0.00, real=0.01 secs] 
235.470: Total time for which application threads were stopped: 0.0009350 seconds, Stopping threads took: 0.0000900 seconds
235.887: Application time: 0.4174890 seconds
235.887: [GC235.887: [ParNew: 35872K->2815K(37568K), 0.0008140 secs] 116281K->83280K(163952K), 0.0008490 secs] [Times: user=0.00 sys=0.00, real=0.00 secs] 
235.888: Total time for which application threads were stopped: 0.0009930 seconds, Stopping threads took: 0.0000770 seconds
236.305: Application time: 0.4165430 seconds
236.305: [GC236.305: [ParNew: 36218K->2981K(37568K), 0.0008780 secs] 116684K->83618K(163952K), 0.0009140 secs] [Times: user=0.01 sys=0.00, real=0.00 secs] 
236.306: Total time for which application threads were stopped: 0.0010600 seconds, Stopping threads took: 0.0000890 seconds
236.702: Application time: 0.3962500 seconds
236.702: [GC236.702: [ParNew: 36362K->2774K(37568K), 0.0007400 secs] 116999K->83411K(163952K), 0.0007730 secs] [Times: user=0.00 sys=0.00, real=0.00 secs] 
236.703: Total time for which application threads were stopped: 0.0009240 seconds, Stopping threads took: 0.0000890 seconds
237.128: Application time: 0.4249740 seconds
237.128: Total time for which application threads were stopped: 0.0001060 seconds, Stopping threads took: 0.0000830 seconds
237.129: Application time: 0.0005070 seconds
237.129: [GC237.129: [ParNew: 36486K->2817K(37568K), 0.0008740 secs] 117123K->83511K(163952K), 0.0009090 secs] [Times: user=0.01 sys=0.00, real=0.01 secs] 
237.130: Total time for which application threads were stopped: 0.0009990 seconds, Stopping threads took: 0.0000400 seconds
237.563: Application time: 0.4332380 seconds
237.563: [GC237.563: [ParNew: 36166K->2325K(37568K), 0.0007700 secs] 116860K->83190K(163952K), 0.0008040 secs] [Times: user=0.01 sys=0.00, real=0.00 secs] 
237.564: Total time for which application threads were stopped: 0.0009580 seconds, Stopping threads took: 0.0000860 seconds
237.937: Application time: 0.3735940 seconds
237.938: Total time for which application threads were stopped: 0.0000940 seconds, Stopping threads took: 0.0000730 seconds
237.939: Application time: 0.0014540 seconds
237.939: [GC237.939: [ParNew: 35776K->2930K(37568K), 0.0007150 secs] 116641K->83795K(163952K), 0.0007460 secs] [Times: user=0.00 sys=0.00, real=0.00 secs] 
237.940: Total time for which application threads were stopped: 0.0008310 seconds, Stopping threads took: 0.0000370 seconds
238.360: Application time: 0.4199110 seconds
238.360: Total time for which application threads were stopped: 0.0001130 seconds, Stopping threads took: 0.0000810 seconds
238.360: Application time: 0.0004970 seconds
238.360: [GC238.361: [ParNew: 36427K->2393K(37568K), 0.0007560 secs] 117292K->83344K(163952K), 0.0007980 secs] [Times: user=0.00 sys=0.00, real=0.00 secs] 
238.361: Total time for which application threads were stopped: 0.0008920 seconds, Stopping threads took: 0.0000460 seconds
238.792: Application time: 0.4304080 seconds
238.792: [GC238.792: [ParNew: 35735K->2522K(37568K), 0.0008130 secs] 116686K->83616K(163952K), 0.0008480 secs] [Times: user=0.00 sys=0.00, real=0.00 secs] 
238.793: Total time for which application threads were stopped: 0.0009880 seconds, Stopping threads took: 0.0000830 seconds
239.171: Application time: 0.3784680 seconds
239.171: [GC239.171: [ParNew: 35776K->2730K(37568K), 0.0007720 secs] 116869K->83824K(163952K), 0.0008080 secs] [Times: user=0.00 sys=0.00, real=0.00 secs] 
239.172: Total time for which application threads were stopped: 0.0009360 seconds, Stopping threads took: 0.0000590 seconds
239.594: Application time: 0.4216780 seconds
239.594: Total time for which application threads were stopped: 0.0001070 seconds, Stopping threads took: 0.0000860 seconds
239.595: Application time: 0.0007720 seconds
239.595: [GC239.595: [ParNew: 36230K->2195K(37568K), 0.0008060 secs] 117323K->83374K(163952K), 0.0008380 secs] [Times: user=0.01 sys=0.00, real=0.00 secs] 
239.596: Total time for which application threads were stopped: 0.0009290 seconds, Stopping threads took: 0.0000450 seconds
240.042: Application time: 0.4466500 seconds
240.042: Total time for which application threads were stopped: 0.0001060 seconds, Stopping threads took: 0.0000760 seconds
240.042: Application time: 0.0000490 seconds
240.042: [GC240.043: [ParNew: 35744K->1920K(37568K), 0.0006740 secs] 116923K->83242K(163952K), 0.0007050 secs] [Times: user=0.00 sys=0.00, real=0.00 secs] 
240.043: Total time for which application threads were stopped: 0.0008020 seconds, Stopping threads took: 0.0000510 seconds
240.422: Application time: 0.3792780 seconds
240.423: Total time for which application threads were stopped: 0.0001040 seconds, Stopping threads took: 0.0000810 seconds
240.425: Application time: 0.0022240 seconds
240.425: [GC240.425: [ParNew: 35367K->2524K(37568K), 0.0007310 secs] 116689K->83845K(163952K), 0.0007690 secs] [Times: user=0.00 sys=0.00, real=0.00 secs] 
240.426: Total time for which application threads were stopped: 0.0008800 seconds, Stopping threads took: 0.0000620 seconds
240.822: Application time: 0.3961970 seconds
240.822: [GC240.822: [ParNew: 35805K->2986K(37568K), 0.0008630 secs] 117126K->84393K(163952K), 0.0008970 secs] [Times: user=0.00 sys=0.00, real=0.00 secs] 
240.823: Total time for which application threads were stopped: 0.0010470 seconds, Stopping threads took: 0.0000830 seconds
241.269: Application time: 0.4458310 seconds
241.269: Total time for which application threads were stopped: 0.0001120 seconds, Stopping threads took: 0.0000910 seconds
241.269: Application time: 0.0001300 seconds
241.269: [GC241.269: [ParNew: 36675K->2044K(37568K), 0.0006940 secs] 118081K->83594K(163952K), 0.0007270 secs] [Times: user=0.01 sys=0.00, real=0.00 secs] 
241.270: Total time for which application threads were stopped: 0.0008240 seconds, Stopping threads took: 0.0000480 seconds
241.668: Application time: 0.3986480 seconds
241.669: [GC241.669: [ParNew: 35448K->2165K(37568K), 0.0006760 secs] 116998K->83715K(163952K), 0.0007080 secs] [Times: user=0.01 sys=0.00, real=0.01 secs] 
241.669: Total time for which application threads were stopped: 0.0008520 seconds, Stopping threads took: 0.0000800 seconds
242.083: Application time: 0.4137650 seconds
242.083: [GC242.083: [ParNew: 35565K->2761K(37568K), 0.0008410 secs] 117114K->84424K(163952K), 0.0008780 secs] [Times: user=0.01 sys=0.00, real=0.00 secs] 
242.084: Total time for which application threads were stopped: 0.0010310 seconds, Stopping threads took: 0.0000950 seconds
242.516: Application time: 0.4315760 seconds
242.516: [GC242.516: [ParNew: 36038K->2447K(37568K), 0.0007890 secs] 117701K->84224K(163952K), 0.0008300 secs] [Times: user=0.00 sys=0.00, real=0.00 secs] 
242.517: Total time for which application threads were stopped: 0.0010100 seconds, Stopping threads took: 0.0001150 seconds
242.915: Application time: 0.3982820 seconds
242.915: [GC242.915: [ParNew: 35824K->2419K(37568K), 0.0006980 secs] 117602K->84197K(163952K), 0.0007300 secs] [Times: user=0.00 sys=0.00, real=0.00 secs] 
242.916: Total time for which application threads were stopped: 0.0008520 seconds, Stopping threads took: 0.0000700 seconds
243.326: Application time: 0.4100050 seconds
243.326: [GC243.326: [ParNew: 35792K->2246K(37568K), 0.0007840 secs] 117569K->84195K(163952K), 0.0008170 secs] [Times: user=0.01 sys=0.00, real=0.00 secs] 
243.327: Total time for which application threads were stopped: 0.0009480 seconds, Stopping threads took: 0.0000670 seconds
243.762: Application time: 0.4355480 seconds
243.763: [GC243.763: [ParNew: 35588K->2251K(37568K), 0.0007450 secs] 117537K->84257K(163952K), 0.0007810 secs] [Times: user=0.01 sys=0.00, real=0.00 secs] 
243.763: Total time for which application threads were stopped: 0.0009250 seconds, Stopping threads took: 0.0000850 seconds
244.134: Application time: 0.3710860 seconds
244.135: [GC244.135: [ParNew: 35571K->2916K(37568K), 0.0007260 secs] 117576K->84922K(163952K), 0.0007570 secs] [Times: user=0.01 sys=0.00, real=0.00 secs] 
244.135: Total time for which application threads were stopped: 0.0009100 seconds, Stopping threads took: 0.0000930 seconds
244.564: Application time: 0.4285200 seconds
244.564: [GC244.564: [ParNew: 36212K->2083K(37568K), 0.0006420 secs] 118218K->84289K(163952K), 0.0006710 secs] [Times: user=0.00 sys=0.00, real=0.00 secs] 
244.565: Total time for which application threads were stopped: 0.0007920 seconds, Stopping threads took: 0.0000700 seconds
245.005: Application time: 0.4400060 seconds
245.005: [GC245.005: [ParNew: 35354K->2479K(37568K), 0.0007720 secs] 117559K->84684K(163952K), 0.0008060 secs] [Times: user=0.00 sys=0.00, real=0.00 secs] 
245.006: Total time for which application threads were stopped: 0.0009510 seconds, Stopping threads took: 0.0000800 seconds
245.372: Application time: 0.3666300 seconds
245.372: [GC245.372: [ParNew: 35796K->2916K(37568K), 0.0007590 secs] 118002K->85150K(163952K), 0.0007890 secs] [Times: user=0.00 sys=0.00, real=0.00 secs] 
245.373: Total time for which application threads were stopped: 0.0009140 seconds, Stopping threads took: 0.0000740 seconds
245.793: Application time: 0.4194620 seconds
245.793: [GC245.793: [ParNew: 36275K->2551K(37568K), 0.0008780 secs] 118509K->84984K(163952K), 0.0009160 secs] [Times: user=0.01 sys=0.00, real=0.00 secs] 
245.794: Total time for which application threads were stopped: 0.0010590 seconds, Stopping threads took: 0.0000780 seconds
246.232: Application time: 0.4379170 seconds
246.232: Total time for which application threads were stopped: 0.0001110 seconds, Stopping threads took: 0.0000830 seconds
246.232: Application time: 0.0000920 seconds
246.232: [GC246.232: [ParNew: 35971K->1453K(37568K), 0.0006020 secs] 118405K->83915K(163952K), 0.0006310 secs] [Times: user=0.01 sys=0.00, real=0.00 secs] 
246.232: Total time for which application threads were stopped: 0.0007090 seconds, Stopping threads took: 0.0000340 seconds
246.610: Application time: 0.3777170 seconds
246.610: [GC246.610: [ParNew: 34759K->2715K(37568K), 0.0008400 secs] 117221K->85177K(163952K), 0.0008720 secs] [Times: user=0.00 sys=0.00, real=0.00 secs] 
246.611: Total time for which application threads were stopped: 0.0010250 seconds, Stopping threads took: 0.0000900 seconds
247.017: Application time: 0.4056250 seconds
247.017: [GC247.017: [ParNew: 36005K->2477K(37568K), 0.0008120 secs] 118467K->85138K(163952K), 0.0008470 secs] [Times: user=0.00 sys=0.01, real=0.01 secs] 
247.018: Total time for which application threads were stopped: 0.0009730 seconds, Stopping threads took: 0.0000670 seconds
247.460: Application time: 0.4417840 seconds
247.460: Total time for which application threads were stopped: 0.0001240 seconds, Stopping threads took: 0.0000920 seconds
247.461: Application time: 0.0008240 seconds
247.461: [GC247.461: [ParNew: 36163K->1649K(37568K), 0.0005580 secs] 118824K->84339K(163952K), 0.0005920 secs] [Times: user=0.00 sys=0.00, real=0.00 secs] 
247.461: Total time for which application threads were stopped: 0.0006740 seconds, Stopping threads took: 0.0000420 seconds
247.835: Application time: 0.3735600 seconds
247.835: [GC247.835: [ParNew: 35015K->2979K(37568K), 0.0007520 secs] 117705K->85670K(163952K), 0.0007880 secs] [Times: user=0.00 sys=0.00, real=0.00 secs] 
247.836: Total time for which application threads were stopped: 0.0009210 seconds, Stopping threads took: 0.0000750 seconds
248.244: Application time: 0.4080550 seconds
248.244: [GC248.244: [ParNew: 36204K->2674K(37568K), 0.0008490 secs] 118894K->85564K(163952K), 0.0008850 secs] [Times: user=0.01 sys=0.00, real=0.00 secs] 
248.245: Total time for which application threads were stopped: 0.0010470 seconds, Stopping threads took: 0.0000930 seconds
248.679: Application time: 0.4345630 seconds
248.680: Total time for which application threads were stopped: 0.0000930 seconds, Stopping threads took: 0.0000740 seconds
248.681: Application time: 0.0015660 seconds
248.681: [GC248.681: [ParNew: 36156K->1845K(37568K), 0.0006050 secs] 119046K->84763K(163952K), 0.0006370 secs] [Times: user=0.01 sys=0.00, real=0.00 secs] 
248.682: Total time for which application threads were stopped: 0.0007150 seconds, Stopping threads took: 0.0000370 seconds
249.074: Application time: 0.3927040 seconds
249.075: [GC249.075: [ParNew: 35086K->2845K(37568K), 0.0008250 secs] 118004K->85763K(163952K), 0.0008610 secs] [Times: user=0.00 sys=0.00, real=0.00 secs] 
249.075: Total time for which application threads were stopped: 0.0009980 seconds, Stopping threads took: 0.0000680 seconds
249.471: Application time: 0.3955090 seconds
249.471: [GC249.471: [ParNew: 36204K->2479K(37568K), 0.0007370 secs] 119122K->85596K(163952K), 0.0007660 secs] [Times: user=0.01 sys=0.00, real=0.00 secs] 
249.472: Total time for which application threads were stopped: 0.0009030 seconds, Stopping threads took: 0.0000860 seconds
249.901: Application time: 0.4287340 seconds
249.901: Total time for which application threads were stopped: 0.0001000 seconds, Stopping threads took: 0.0000740 seconds
249.901: Application time: 0.0000460 seconds
249.901: [GC249.901: [ParNew: 35948K->2047K(37568K), 0.0005980 secs] 119066K->85194K(163952K), 0.0006270 secs] [Times: user=0.00 sys=0.00, real=0.00 secs] 
249.901: Total time for which application threads were stopped: 0.0007040 seconds, Stopping threads took: 0.0000360 seconds
250.308: Application time: 0.4070030 seconds
250.309: [GC250.309: [ParNew: 35302K->2647K(37568K), 0.0007090 secs] 118448K->85793K(163952K), 0.0007410 secs] [Times: user=0.00 sys=0.00, real=0.01 secs] 
250.309: Total time for which application threads were stopped: 0.0008590 seconds, Stopping threads took: 0.0000650 seconds
250.705: Application time: 0.3960040 seconds
250.705: [GC250.706: [ParNew: 36005K->2281K(37568K), 0.0007390 secs] 119151K->85627K(163952K), 0.0007720 secs] [Times: user=0.01 sys=0.00, real=0.00 secs] 
250.706: Total time for which application threads were stopped: 0.0009240 seconds, Stopping threads took: 0.0000850 seconds
251.121: Application time: 0.4146240 seconds
251.121: [GC251.121: [ParNew: 35612K->3116K(37568K), 0.0024090 secs] 118958K->86490K(163952K), 0.0024520 secs] [Times: user=0.00 sys=0.00, real=0.00 secs] 
251.124: Total time for which application threads were stopped: 0.0025990 seconds, Stopping threads took: 0.0000810 seconds
251.560: Application time: 0.4368750 seconds
251.561: [GC251.561: [ParNew: 36516K->2250K(37568K), 0.0007610 secs] 119890K->85624K(163952K), 0.0007960 secs] [Times: user=0.00 sys=0.00, real=0.00 secs] 
251.561: Total time for which application threads were stopped: 0.0009520 seconds, Stopping threads took: 0.0000880 seconds
251.934: Application time: 0.3727300 seconds
251.934: [GC251.934: [ParNew: 35602K->2676K(37568K), 0.0008660 secs] 118977K->86250K(163952K), 0.0009090 secs] [Times: user=0.01 sys=0.00, real=0.00 secs] 
251.935: Total time for which application threads were stopped: 0.0010520 seconds, Stopping threads took: 0.0000840 seconds
252.358: Application time: 0.4228100 seconds
252.358: [GC252.358: [ParNew: 36079K->2979K(37568K), 0.0009150 secs] 119653K->86581K(163952K), 0.0009500 secs] [Times: user=0.00 sys=0.00, real=0.00 secs] 
252.359: Total time for which application threads were stopped: 0.0010960 seconds, Stopping threads took: 0.0000800 seconds
252.794: Application time: 0.4352900 seconds
252.794: [GC252.794: [ParNew: 36315K->2252K(37568K), 0.0007120 secs] 119918K->85854K(163952K), 0.0007450 secs] [Times: user=0.01 sys=0.00, real=0.00 secs] 
252.795: Total time for which application threads were stopped: 0.0008880 seconds, Stopping threads took: 0.0000860 seconds
253.184: Application time: 0.3890820 seconds
253.184: [GC253.184: [ParNew: 35605K->2479K(37568K), 0.0008260 secs] 119207K->86281K(163952K), 0.0008610 secs] [Times: user=0.01 sys=0.00, real=0.00 secs] 
253.185: Total time for which application threads were stopped: 0.0010100 seconds, Stopping threads took: 0.0000840 seconds
253.611: Application time: 0.4260230 seconds
253.611: [GC253.612: [ParNew: 35754K->2253K(37568K), 0.0007230 secs] 119556K->86084K(163952K), 0.0007590 secs] [Times: user=0.00 sys=0.00, real=0.00 secs] 
253.612: Total time for which application threads were stopped: 0.0009120 seconds, Stopping threads took: 0.0000940 seconds
254.031: Application time: 0.4184010 seconds
254.031: Total time for which application threads were stopped: 0.0001120 seconds, Stopping threads took: 0.0000850 seconds
254.032: Application time: 0.0008750 seconds
254.032: [GC254.032: [ParNew: 35705K->2647K(37568K), 0.0007470 secs] 119536K->86478K(163952K), 0.0007810 secs] [Times: user=0.00 sys=0.00, real=0.00 secs] 
254.033: Total time for which application threads were stopped: 0.0008700 seconds, Stopping threads took: 0.0000440 seconds
254.436: Application time: 0.4032440 seconds
254.436: [GC254.436: [ParNew: 36001K->2676K(37568K), 0.0007820 secs] 119831K->86707K(163952K), 0.0008190 secs] [Times: user=0.00 sys=0.00, real=0.00 secs] 
254.437: Total time for which application threads were stopped: 0.0009590 seconds, Stopping threads took: 0.0000840 seconds
254.840: Application time: 0.4036890 seconds
254.841: [GC254.841: [ParNew: 36023K->2520K(37568K), 0.0007360 secs] 120054K->86579K(163952K), 0.0007680 secs] [Times: user=0.01 sys=0.00, real=0.00 secs] 
254.841: Total time for which application threads were stopped: 0.0009130 seconds, Stopping threads took: 0.0000830 seconds
255.280: Application time: 0.4391430 seconds
255.281: [GC255.281: [ParNew: 35909K->2252K(37568K), 0.0007170 secs] 119967K->86310K(163952K), 0.0007490 secs] [Times: user=0.00 sys=0.00, real=0.00 secs] 
255.281: Total time for which application threads were stopped: 0.0008800 seconds, Stopping threads took: 0.0000740 seconds
255.674: Application time: 0.3924140 seconds
255.674: [GC255.674: [ParNew: 35401K->2872K(37568K), 0.0008690 secs] 119460K->87130K(163952K), 0.0009030 secs] [Times: user=0.00 sys=0.00, real=0.00 secs] 
255.675: Total time for which application threads were stopped: 0.0010470 seconds, Stopping threads took: 0.0000770 seconds
256.070: Application time: 0.3951660 seconds
256.070: [GC256.070: [ParNew: 36149K->2648K(37568K), 0.0007270 secs] 120408K->86935K(163952K), 0.0007610 secs] [Times: user=0.01 sys=0.00, real=0.00 secs] 
256.071: Total time for which application threads were stopped: 0.0008910 seconds, Stopping threads took: 0.0000720 seconds
256.506: Application time: 0.4350600 seconds
256.506: Total time for which application threads were stopped: 0.0001030 seconds, Stopping threads took: 0.0000730 seconds
256.509: Application time: 0.0030480 seconds
256.509: [GC256.509: [ParNew: 36180K->1910K(37568K), 0.0006290 secs] 120467K->86197K(163952K), 0.0006640 secs] [Times: user=0.01 sys=0.00, real=0.00 secs] 
256.510: Total time for which application threads were stopped: 0.0007790 seconds, Stopping threads took: 0.0000600 seconds
256.914: Application time: 0.4041230 seconds
256.914: [GC256.914: [ParNew: 35190K->2675K(37568K), 0.0008390 secs] 119477K->86962K(163952K), 0.0008730 secs] [Times: user=0.00 sys=0.00, real=0.00 secs] 
256.915: Total time for which application threads were stopped: 0.0010390 seconds, Stopping threads took: 0.0001050 seconds
257.332: Application time: 0.4169820 seconds
257.332: [GC257.332: [ParNew: 36030K->2874K(37568K), 0.0008700 secs] 120317K->87361K(163952K), 0.0009130 secs] [Times: user=0.01 sys=0.00, real=0.00 secs] 
257.333: Total time for which application threads were stopped: 0.0010390 seconds, Stopping threads took: 0.0000550 seconds
257.750: Application time: 0.4168140 seconds
257.750: [GC257.750: [ParNew: 36250K->2817K(37568K), 0.0007640 secs] 120737K->87332K(163952K), 0.0007990 secs] [Times: user=0.00 sys=0.00, real=0.00 secs] 
257.751: Total time for which application threads were stopped: 0.0009430 seconds, Stopping threads took: 0.0000860 seconds
258.153: Application time: 0.4020580 seconds
258.153: Total time for which application threads were stopped: 0.0000910 seconds, Stopping threads took: 0.0000600 seconds
258.154: Application time: 0.0011900 seconds
258.154: [GC258.154: [ParNew: 36379K->2279K(37568K), 0.0007260 secs] 120895K->86965K(163952K), 0.0007580 secs] [Times: user=0.00 sys=0.00, real=0.00 secs] 
258.155: Total time for which application threads were stopped: 0.0008570 seconds, Stopping threads took: 0.0000500 seconds
258.571: Application time: 0.4155700 seconds
258.571: [GC258.571: [ParNew: 35641K->1886K(37568K), 0.0006480 secs] 120327K->86600K(163952K), 0.0006790 secs] [Times: user=0.00 sys=0.00, real=0.00 secs] 
258.571: Total time for which application threads were stopped: 0.0008050 seconds, Stopping threads took: 0.0000730 seconds
258.992: Application time: 0.4202740 seconds
258.992: [GC258.992: [ParNew: 35243K->2845K(37568K), 0.0008010 secs] 119958K->87559K(163952K), 0.0008390 secs] [Times: user=0.01 sys=0.00, real=0.00 secs] 
258.993: Total time for which application threads were stopped: 0.0009810 seconds, Stopping threads took: 0.0000760 seconds
259.395: Application time: 0.4022610 seconds
259.395: [GC259.395: [ParNew: 36006K->2281K(37568K), 0.0007210 secs] 120720K->87195K(163952K), 0.0007550 secs] [Times: user=0.00 sys=0.00, real=0.00 secs] 
259.396: Total time for which application threads were stopped: 0.0008780 seconds, Stopping threads took: 0.0000680 seconds
259.806: Application time: 0.4099800 seconds
259.806: Total time for which application threads were stopped: 0.0001090 seconds, Stopping threads took: 0.0000790 seconds
259.807: Application time: 0.0013030 seconds
259.807: [GC259.807: [ParNew: 35845K->1886K(37568K), 0.0006380 secs] 120759K->86828K(163952K), 0.0006690 secs] [Times: user=0.01 sys=0.00, real=0.00 secs] 
259.808: Total time for which application threads were stopped: 0.0007580 seconds, Stopping threads took: 0.0000430 seconds
260.228: Application time: 0.4198600 seconds
260.228: [GC260.228: [ParNew: 35252K->2054K(37568K), 0.0007320 secs] 120195K->86997K(163952K), 0.0007680 secs] [Times: user=0.00 sys=0.00, real=0.00 secs] 
260.229: Total time for which application threads were stopped: 0.0009200 seconds, Stopping threads took: 0.0000920 seconds
260.624: Application time: 0.3954530 seconds
260.624: [GC260.624: [ParNew: 35408K->2675K(37568K), 0.0007970 secs] 120351K->87618K(163952K), 0.0008280 secs] [Times: user=0.01 sys=0.00, real=0.00 secs] 
260.625: Total time for which application threads were stopped: 0.0009600 seconds, Stopping threads took: 0.0000720 seconds
261.025: Application time: 0.4000720 seconds
261.025: [GC261.025: [ParNew: 36069K->2313K(37568K), 0.0007200 secs] 121012K->87431K(163952K), 0.0007500 secs] [Times: user=0.01 sys=0.00, real=0.00 secs] 
261.026: Total time for which application threads were stopped: 0.0008730 seconds, Stopping threads took: 0.0000700 seconds
261.462: Application time: 0.4359540 seconds
261.462: Total time for which application threads were stopped: 0.0001220 seconds, Stopping threads took: 0.0000860 seconds
261.464: Application time: 0.0014340 seconds
261.464: [GC261.464: [ParNew: 35851K->2419K(37568K), 0.0006940 secs] 120969K->87566K(163952K), 0.0007350 secs] [Times: user=0.01 sys=0.00, real=0.00 secs] 
261.464: Total time for which application threads were stopped: 0.0008290 seconds, Stopping threads took: 0.0000490 seconds
261.866: Application time: 0.4018970 seconds
261.866: [GC261.867: [ParNew: 35771K->2676K(37568K), 0.0023210 secs] 120918K->87994K(163952K), 0.0023600 secs] [Times: user=0.01 sys=0.00, real=0.00 secs] 
261.869: Total time for which application threads were stopped: 0.0025040 seconds, Stopping threads took: 0.0000880 seconds
262.259: Application time: 0.3904330 seconds
262.259: [GC262.259: [ParNew: 35997K->2533K(37568K), 0.0007770 secs] 121315K->87879K(163952K), 0.0008130 secs] [Times: user=0.01 sys=0.00, real=0.00 secs] 
262.260: Total time for which application threads were stopped: 0.0009530 seconds, Stopping threads took: 0.0000740 seconds
262.687: Application time: 0.4264180 seconds
262.687: Total time for which application threads were stopped: 0.0000790 seconds, Stopping threads took: 0.0000550 seconds
262.689: Application time: 0.0019660 seconds
262.689: [GC262.689: [ParNew: 36227K->2176K(37568K), 0.0007190 secs] 121574K->87607K(163952K), 0.0007510 secs] [Times: user=0.01 sys=0.00, real=0.01 secs] 
262.690: Total time for which application threads were stopped: 0.0008380 seconds, Stopping threads took: 0.0000380 seconds
263.101: Application time: 0.4111740 seconds
263.101: [GC263.101: [ParNew: 35449K->2253K(37568K), 0.0006980 secs] 120881K->87827K(163952K), 0.0007360 secs] [Times: user=0.00 sys=0.00, real=0.00 secs] 
263.102: Total time for which application threads were stopped: 0.0008960 seconds, Stopping threads took: 0.0000910 seconds
263.495: Application time: 0.3936860 seconds
263.495: [GC263.495: [ParNew: 35577K->2337K(37568K), 0.0006470 secs] 121152K->87911K(163952K), 0.0006770 secs] [Times: user=0.00 sys=0.00, real=0.00 secs] 
263.496: Total time for which application threads were stopped: 0.0008020 seconds, Stopping threads took: 0.0000700 seconds
263.916: Application time: 0.4194480 seconds
263.916: [GC263.916: [ParNew: 35619K->2591K(37568K), 0.0007950 secs] 121193K->88251K(163952K), 0.0008300 secs] [Times: user=0.00 sys=0.00, real=0.00 secs] 
263.917: Total time for which application threads were stopped: 0.0009770 seconds, Stopping threads took: 0.0000780 seconds
264.333: Application time: 0.4168300 seconds
264.334: [GC264.334: [ParNew: 35868K->2251K(37568K), 0.0007770 secs] 121528K->88053K(163952K), 0.0008130 secs] [Times: user=0.00 sys=0.00, real=0.00 secs] 
264.334: Total time for which application threads were stopped: 0.0009560 seconds, Stopping threads took: 0.0000850 seconds
264.723: Application time: 0.3891410 seconds
264.724: [GC264.724: [ParNew: 35564K->2732K(37568K), 0.0007520 secs] 121367K->88535K(163952K), 0.0007860 secs] [Times: user=0.01 sys=0.00, real=0.00 secs] 
264.724: Total time for which application threads were stopped: 0.0009300 seconds, Stopping threads took: 0.0000800 seconds
265.155: Application time: 0.4302510 seconds
265.155: [GC265.155: [ParNew: 36097K->2465K(37568K), 0.0007990 secs] 121900K->88353K(163952K), 0.0008270 secs] [Times: user=0.00 sys=0.00, real=0.00 secs] 
265.156: Total time for which application threads were stopped: 0.0009570 seconds, Stopping threads took: 0.0000770 seconds
265.570: Application time: 0.4141550 seconds
265.570: [GC265.570: [ParNew: 35868K->2447K(37568K), 0.0007720 secs] 121756K->88477K(163952K), 0.0008080 secs] [Times: user=0.00 sys=0.00, real=0.00 secs] 
265.571: Total time for which application threads were stopped: 0.0009700 seconds, Stopping threads took: 0.0000940 seconds
265.953: Application time: 0.3826020 seconds
265.953: [GC265.953: [ParNew: 35768K->2535K(37568K), 0.0007400 secs] 121798K->88565K(163952K), 0.0007750 secs] [Times: user=0.00 sys=0.00, real=0.00 secs] 
265.954: Total time for which application threads were stopped: 0.0009170 seconds, Stopping threads took: 0.0000750 seconds
266.376: Application time: 0.4217660 seconds
266.376: [GC266.376: [ParNew: 35819K->2787K(37568K), 0.0008290 secs] 121849K->88903K(163952K), 0.0008710 secs] [Times: user=0.01 sys=0.00, real=0.01 secs] 
266.377: Total time for which application threads were stopped: 0.0010270 seconds, Stopping threads took: 0.0000860 seconds
266.801: Application time: 0.4239840 seconds
266.801: [GC266.801: [ParNew: 36064K->2449K(37568K), 0.0008030 secs] 122180K->88707K(163952K), 0.0008380 secs] [Times: user=0.01 sys=0.00, real=0.00 secs] 
266.802: Total time for which application threads were stopped: 0.0009810 seconds, Stopping threads took: 0.0000850 seconds
267.187: Application time: 0.3846940 seconds
267.187: [GC267.187: [ParNew: 35841K->2538K(37568K), 0.0006830 secs] 122100K->88797K(163952K), 0.0007200 secs] [Times: user=0.00 sys=0.00, real=0.00 secs] 
267.188: Total time for which application threads were stopped: 0.0008580 seconds, Stopping threads took: 0.0000760 seconds
267.603: Application time: 0.4156940 seconds
267.603: [GC267.603: [ParNew: 35824K->2848K(37568K), 0.0008950 secs] 122083K->89205K(163952K), 0.0009290 secs] [Times: user=0.01 sys=0.00, real=0.00 secs] 
267.604: Total time for which application threads were stopped: 0.0010730 seconds, Stopping threads took: 0.0000880 seconds
268.034: Application time: 0.4295660 seconds
268.034: [GC268.034: [ParNew: 36250K->2649K(37568K), 0.0008400 secs] 122607K->89136K(163952K), 0.0008760 secs] [Times: user=0.00 sys=0.00, real=0.00 secs] 
268.035: Total time for which application threads were stopped: 0.0010440 seconds, Stopping threads took: 0.0000990 seconds
268.424: Application time: 0.3890780 seconds
268.424: [GC268.424: [ParNew: 35996K->2696K(37568K), 0.0008530 secs] 122483K->89182K(163952K), 0.0008900 secs] [Times: user=0.01 sys=0.00, real=0.00 secs] 
268.425: Total time for which application threads were stopped: 0.0010480 seconds, Stopping threads took: 0.0000960 seconds
268.837: Application time: 0.4114960 seconds
268.837: [GC268.837: [ParNew: 35970K->2563K(37568K), 0.0007820 secs] 122457K->89164K(163952K), 0.0008180 secs] [Times: user=0.00 sys=0.00, real=0.01 secs] 
268.838: Total time for which application threads were stopped: 0.0009670 seconds, Stopping threads took: 0.0000840 seconds
269.264: Application time: 0.4269050 seconds
269.265: Total time for which application threads were stopped: 0.0001010 seconds, Stopping threads took: 0.0000760 seconds
269.265: Application time: 0.0004870 seconds
269.265: [GC269.265: [ParNew: 36049K->2253K(37568K), 0.0007370 secs] 122650K->88968K(163952K), 0.0007730 secs] [Times: user=0.01 sys=0.00, real=0.00 secs] 
269.266: Total time for which application threads were stopped: 0.0008700 seconds, Stopping threads took: 0.0000480 seconds
269.676: Application time: 0.4105230 seconds
269.677: [GC269.677: [ParNew: 35458K->2563K(37568K), 0.0007170 secs] 122173K->89278K(163952K), 0.0007530 secs] [Times: user=0.00 sys=0.00, real=0.01 secs] 
269.677: Total time for which application threads were stopped: 0.0009110 seconds, Stopping threads took: 0.0000930 seconds
270.064: Application time: 0.3862940 seconds
270.064: [GC270.064: [ParNew: 35971K->2563K(37568K), 0.0008470 secs] 122686K->89392K(163952K), 0.0008830 secs] [Times: user=0.01 sys=0.00, real=0.00 secs] 
270.065: Total time for which application threads were stopped: 0.0010150 seconds, Stopping threads took: 0.0000720 seconds
270.507: Application time: 0.4421690 seconds
270.507: [GC270.507: [ParNew: 35910K->2125K(37568K), 0.0007270 secs] 122739K->89068K(163952K), 0.0007580 secs] [Times: user=0.01 sys=0.00, real=0.00 secs] 
270.508: Total time for which application threads were stopped: 0.0009090 seconds, Stopping threads took: 0.0000840 seconds
270.901: Application time: 0.3936590 seconds
270.902: [GC270.902: [ParNew: 35451K->2761K(37568K), 0.0007830 secs] 122394K->89704K(163952K), 0.0008180 secs] [Times: user=0.00 sys=0.00, real=0.00 secs] 
270.902: Total time for which application threads were stopped: 0.0009560 seconds, Stopping threads took: 0.0000800 seconds
271.304: Application time: 0.4018720 seconds
271.304: [GC271.304: [ParNew: 36166K->2761K(37568K), 0.0008270 secs] 123109K->89818K(163952K), 0.0008740 secs] [Times: user=0.00 sys=0.00, real=0.00 secs] 
271.305: Total time for which application threads were stopped: 0.0010320 seconds, Stopping threads took: 0.0000910 seconds
271.737: Application time: 0.4317480 seconds
271.737: [GC271.737: [ParNew: 36110K->2522K(37568K), 0.0007560 secs] 123167K->89694K(163952K), 0.0007890 secs] [Times: user=0.00 sys=0.00, real=0.00 secs] 
271.738: Total time for which application threads were stopped: 0.0009200 seconds, Stopping threads took: 0.0000750 seconds
272.162: Application time: 0.4238250 seconds
272.162: [GC272.162: [ParNew: 35925K->2171K(37568K), 0.0006800 secs] 123096K->89343K(163952K), 0.0007120 secs] [Times: user=0.01 sys=0.00, real=0.00 secs] 
272.163: Total time for which application threads were stopped: 0.0008420 seconds, Stopping threads took: 0.0000670 seconds
272.555: Application time: 0.3924800 seconds
272.555: [GC272.555: [ParNew: 35508K->2756K(37568K), 0.0008080 secs] 122680K->90046K(163952K), 0.0008460 secs] [Times: user=0.01 sys=0.00, real=0.00 secs] 
272.556: Total time for which application threads were stopped: 0.0010270 seconds, Stopping threads took: 0.0001280 seconds
272.965: Application time: 0.4092940 seconds
272.966: [GC272.966: [ParNew: 36097K->2918K(37568K), 0.0008180 secs] 123386K->90317K(163952K), 0.0008550 secs] [Times: user=0.01 sys=0.00, real=0.00 secs] 
272.966: Total time for which application threads were stopped: 0.0010140 seconds, Stopping threads took: 0.0000940 seconds
273.400: Application time: 0.4340230 seconds
273.401: [GC273.401: [ParNew: 36110K->2447K(37568K), 0.0006570 secs] 123509K->89847K(163952K), 0.0006880 secs] [Times: user=0.00 sys=0.00, real=0.00 secs] 
273.401: Total time for which application threads were stopped: 0.0008060 seconds, Stopping threads took: 0.0000680 seconds
273.787: Application time: 0.3852140 seconds
273.787: [GC273.787: [ParNew: 35594K->2874K(37568K), 0.0008560 secs] 122993K->90473K(163952K), 0.0008880 secs] [Times: user=0.01 sys=0.00, real=0.00 secs] 
273.788: Total time for which application threads were stopped: 0.0010330 seconds, Stopping threads took: 0.0000810 seconds
274.203: Application time: 0.4159430 seconds
274.204: [GC274.204: [ParNew: 36214K->3116K(37568K), 0.0007700 secs] 123813K->90743K(163952K), 0.0008060 secs] [Times: user=0.01 sys=0.00, real=0.00 secs] 
274.204: Total time for which application threads were stopped: 0.0009410 seconds, Stopping threads took: 0.0000770 seconds
274.631: Application time: 0.4262940 seconds
274.631: [GC274.631: [ParNew: 36516K->2447K(37568K), 0.0007660 secs] 124143K->90075K(163952K), 0.0008010 secs] [Times: user=0.00 sys=0.00, real=0.00 secs] 
274.632: Total time for which application threads were stopped: 0.0009420 seconds, Stopping threads took: 0.0000750 seconds
275.018: Application time: 0.3863420 seconds
275.018: [GC275.018: [ParNew: 35599K->2281K(37568K), 0.0008020 secs] 123227K->90108K(163952K), 0.0008340 secs] [Times: user=0.01 sys=0.00, real=0.00 secs] 
275.019: Total time for which application threads were stopped: 0.0009750 seconds, Stopping threads took: 0.0000850 seconds
275.466: Application time: 0.4466560 seconds
275.466: [GC275.466: [ParNew: 35684K->2585K(37568K), 0.0008030 secs] 123511K->90441K(163952K), 0.0008380 secs] [Times: user=0.00 sys=0.00, real=0.00 secs] 
275.467: Total time for which application threads were stopped: 0.0009820 seconds, Stopping threads took: 0.0000760 seconds
275.868: Application time: 0.4016450 seconds
275.868: Total time for which application threads were stopped: 0.0001070 seconds, Stopping threads took: 0.0000860 seconds
275.869: Application time: 0.0003060 seconds
275.869: [GC275.869: [ParNew: 36317K->2440K(37568K), 0.0007140 secs] 124173K->90296K(163952K), 0.0007420 secs] [Times: user=0.00 sys=0.00, real=0.01 secs] 
275.870: Total time for which application threads were stopped: 0.0008370 seconds, Stopping threads took: 0.0000580 seconds
276.265: Application time: 0.3951560 seconds
276.265: Total time for which application threads were stopped: 0.0001080 seconds, Stopping threads took: 0.0000720 seconds
276.266: Application time: 0.0011920 seconds
276.266: [GC276.266: [ParNew: 36008K->1877K(37568K), 0.0006800 secs] 123863K->89932K(163952K), 0.0007200 secs] [Times: user=0.00 sys=0.00, real=0.00 secs] 
276.267: Total time for which application threads were stopped: 0.0008070 seconds, Stopping threads took: 0.0000390 seconds
276.695: Application time: 0.4282600 seconds
276.695: [GC276.695: [ParNew: 35219K->2349K(37568K), 0.0008210 secs] 123274K->90404K(163952K), 0.0008610 secs] [Times: user=0.01 sys=0.00, real=0.00 secs] 
276.696: Total time for which application threads were stopped: 0.0010060 seconds, Stopping threads took: 0.0000840 seconds
277.095: Application time: 0.3988480 seconds
277.095: [GC277.095: [ParNew: 35531K->2447K(37568K), 0.0007980 secs] 123587K->90531K(163952K), 0.0008300 secs] [Times: user=0.00 sys=0.00, real=0.00 secs] 
277.096: Total time for which application threads were stopped: 0.0009910 seconds, Stopping threads took: 0.0000930 seconds
277.491: Application time: 0.3949240 seconds
277.491: [GC277.491: [ParNew: 35801K->2272K(37568K), 0.0007170 secs] 123885K->90555K(163952K), 0.0007470 secs] [Times: user=0.01 sys=0.00, real=0.00 secs] 
277.492: Total time for which application threads were stopped: 0.0008610 seconds, Stopping threads took: 0.0000600 seconds
277.939: Application time: 0.4477110 seconds
277.940: Total time for which application threads were stopped: 0.0001250 seconds, Stopping threads took: 0.0000940 seconds
277.941: Application time: 0.0017750 seconds
277.941: [GC277.941: [ParNew: 35752K->2044K(37568K), 0.0006510 secs] 124035K->90356K(163952K), 0.0006890 secs] [Times: user=0.01 sys=0.00, real=0.00 secs] 
277.942: Total time for which application threads were stopped: 0.0007870 seconds, Stopping threads took: 0.0000500 seconds
278.328: Application time: 0.3856560 seconds
278.328: Total time for which application threads were stopped: 0.0001110 seconds, Stopping threads took: 0.0000900 seconds
278.328: Application time: 0.0004000 seconds
278.328: [GC278.328: [ParNew: 35495K->2645K(37568K), 0.0008400 secs] 123807K->90957K(163952K), 0.0008740 secs] [Times: user=0.01 sys=0.00, real=0.01 secs] 
278.329: Total time for which application threads were stopped: 0.0009730 seconds, Stopping threads took: 0.0000470 seconds
278.735: Application time: 0.4052980 seconds
278.735: [GC278.735: [ParNew: 35798K->2479K(37568K), 0.0008060 secs] 124110K->90990K(163952K), 0.0008420 secs] [Times: user=0.00 sys=0.00, real=0.00 secs] 
278.736: Total time for which application threads were stopped: 0.0009820 seconds, Stopping threads took: 0.0000720 seconds
279.160: Application time: 0.4249090 seconds
279.161: [GC279.161: [ParNew: 35882K->2377K(37568K), 0.0007220 secs] 124393K->90917K(163952K), 0.0007570 secs] [Times: user=0.01 sys=0.00, real=0.00 secs] 
279.161: Total time for which application threads were stopped: 0.0008800 seconds, Stopping threads took: 0.0000660 seconds
279.585: Application time: 0.4235560 seconds
279.585: [GC279.585: [ParNew: 35704K->2647K(37568K), 0.0008020 secs] 124244K->91187K(163952K), 0.0008420 secs] [Times: user=0.00 sys=0.00, real=0.00 secs] 
279.586: Total time for which application threads were stopped: 0.0009930 seconds, Stopping threads took: 0.0000870 seconds
279.968: Application time: 0.3820780 seconds
279.968: [GC279.968: [ParNew: 36003K->2081K(37568K), 0.0008480 secs] 124543K->90821K(163952K), 0.0008790 secs] [Times: user=0.00 sys=0.00, real=0.00 secs] 
279.969: Total time for which application threads were stopped: 0.0010060 seconds, Stopping threads took: 0.0000770 seconds
280.406: Application time: 0.4373990 seconds
280.406: [GC280.406: [ParNew: 35486K->2613K(37568K), 0.0007370 secs] 124226K->91353K(163952K), 0.0007690 secs] [Times: user=0.00 sys=0.00, real=0.00 secs] 
280.407: Total time for which application threads were stopped: 0.0009030 seconds, Stopping threads took: 0.0000710 seconds
280.832: Application time: 0.4250920 seconds
280.832: [GC280.832: [ParNew: 35932K->2843K(37568K), 0.0008410 secs] 124672K->91611K(163952K), 0.0008890 secs] [Times: user=0.00 sys=0.00, real=0.00 secs] 
280.833: Total time for which application threads were stopped: 0.0010040 seconds, Stopping threads took: 0.0000570 seconds
281.212: Application time: 0.3785010 seconds
281.212: [GC281.212: [ParNew: 36203K->2479K(37568K), 0.0008200 secs] 124971K->91446K(163952K), 0.0008570 secs] [Times: user=0.00 sys=0.00, real=0.00 secs] 
281.213: Total time for which application threads were stopped: 0.0010110 seconds, Stopping threads took: 0.0000820 seconds
281.654: Application time: 0.4414600 seconds
281.654: [GC281.654: [ParNew: 35756K->2449K(37568K), 0.0006600 secs] 124724K->91445K(163952K), 0.0006960 secs] [Times: user=0.00 sys=0.00, real=0.00 secs] 
281.655: Total time for which application threads were stopped: 0.0008320 seconds, Stopping threads took: 0.0000800 seconds
282.068: Application time: 0.4132560 seconds
282.069: [GC282.069: [ParNew: 35702K->2449K(37568K), 0.0007180 secs] 124698K->91446K(163952K), 0.0007550 secs] [Times: user=0.00 sys=0.00, real=0.01 secs] 
282.069: Total time for which application threads were stopped: 0.0009020 seconds, Stopping threads took: 0.0000820 seconds
282.456: Application time: 0.3871240 seconds
282.457: [GC282.457: [ParNew: 35800K->2477K(37568K), 0.0008000 secs] 124796K->91673K(163952K), 0.0008360 secs] [Times: user=0.00 sys=0.00, real=0.01 secs] 
282.457: Total time for which application threads were stopped: 0.0009520 seconds, Stopping threads took: 0.0000610 seconds
282.878: Application time: 0.4209200 seconds
282.878: [GC282.878: [ParNew: 35824K->2323K(37568K), 0.0007170 secs] 125019K->91547K(163952K), 0.0007530 secs] [Times: user=0.01 sys=0.00, real=0.00 secs] 
282.879: Total time for which application threads were stopped: 0.0008990 seconds, Stopping threads took: 0.0000830 seconds
283.311: Application time: 0.4321780 seconds
283.312: [GC283.312: [ParNew: 35713K->2252K(37568K), 0.0007090 secs] 124937K->91476K(163952K), 0.0007440 secs] [Times: user=0.01 sys=0.00, real=0.00 secs] 
283.312: Total time for which application threads were stopped: 0.0008910 seconds, Stopping threads took: 0.0000900 seconds
283.700: Application time: 0.3879970 seconds
283.700: [GC283.700: [ParNew: 35596K->2872K(37568K), 0.0008730 secs] 124820K->92296K(163952K), 0.0009090 secs] [Times: user=0.01 sys=0.00, real=0.00 secs] 
283.701: Total time for which application threads were stopped: 0.0010700 seconds, Stopping threads took: 0.0000900 seconds
284.118: Application time: 0.4165240 seconds
284.118: [GC284.118: [ParNew: 36234K->2674K(37568K), 0.0007940 secs] 125658K->92127K(163952K), 0.0008280 secs] [Times: user=0.01 sys=0.00, real=0.00 secs] 
284.119: Total time for which application threads were stopped: 0.0009600 seconds, Stopping threads took: 0.0000730 seconds
284.549: Application time: 0.4304100 seconds
284.549: [GC284.549: [ParNew: 36062K->2026K(37568K), 0.0007000 secs] 125514K->91507K(163952K), 0.0007360 secs] [Times: user=0.00 sys=0.00, real=0.00 secs] 
284.550: Total time for which application threads were stopped: 0.0008740 seconds, Stopping threads took: 0.0000720 seconds
284.962: Application time: 0.4119520 seconds
284.962: [GC284.962: [ParNew: 35172K->2647K(37568K), 0.0006930 secs] 124653K->92128K(163952K), 0.0007260 secs] [Times: user=0.00 sys=0.00, real=0.00 secs] 
284.963: Total time for which application threads were stopped: 0.0008650 seconds, Stopping threads took: 0.0000830 seconds
285.357: Application time: 0.3942530 seconds
285.357: [GC285.357: [ParNew: 36008K->2281K(37568K), 0.0007700 secs] 125490K->91962K(163952K), 0.0008060 secs] [Times: user=0.01 sys=0.00, real=0.00 secs] 
285.358: Total time for which application threads were stopped: 0.0009500 seconds, Stopping threads took: 0.0000750 seconds
285.776: Application time: 0.4180600 seconds
285.776: [GC285.776: [ParNew: 35451K->2223K(37568K), 0.0006960 secs] 125131K->91933K(163952K), 0.0007310 secs] [Times: user=0.00 sys=0.00, real=0.01 secs] 
285.777: Total time for which application threads were stopped: 0.0008840 seconds, Stopping threads took: 0.0000880 seconds
286.197: Application time: 0.4201480 seconds
286.197: [GC286.197: [ParNew: 35585K->1886K(37568K), 0.0006330 secs] 125294K->91766K(163952K), 0.0006630 secs] [Times: user=0.01 sys=0.00, real=0.00 secs] 
286.198: Total time for which application threads were stopped: 0.0007890 seconds, Stopping threads took: 0.0000660 seconds
286.590: Application time: 0.3921060 seconds
286.590: [GC286.590: [ParNew: 35032K->2300K(37568K), 0.0006870 secs] 124912K->92180K(163952K), 0.0007210 secs] [Times: user=0.00 sys=0.00, real=0.00 secs] 
286.591: Total time for which application threads were stopped: 0.0008700 seconds, Stopping threads took: 0.0000930 seconds
287.016: Application time: 0.4249180 seconds
287.016: Total time for which application threads were stopped: 0.0001010 seconds, Stopping threads took: 0.0000720 seconds
287.016: Application time: 0.0000560 seconds
287.016: [GC287.016: [ParNew: 35944K->2284K(37568K), 0.0007530 secs] 125824K->92222K(163952K), 0.0007870 secs] [Times: user=0.01 sys=0.00, real=0.00 secs] 
287.017: Total time for which application threads were stopped: 0.0008720 seconds, Stopping threads took: 0.0000410 seconds
287.438: Application time: 0.4206880 seconds
287.438: Total time for which application threads were stopped: 0.0000890 seconds, Stopping threads took: 0.0000710 seconds
287.438: Application time: 0.0000510 seconds
287.438: [GC287.438: [ParNew: 35844K->2344K(37568K), 0.0006800 secs] 125781K->92452K(163952K), 0.0007090 secs] [Times: user=0.00 sys=0.00, real=0.00 secs] 
287.439: Total time for which application threads were stopped: 0.0007970 seconds, Stopping threads took: 0.0000440 seconds
287.832: Application time: 0.3933000 seconds
287.832: [GC287.832: [ParNew: 35716K->2507K(37568K), 0.0007550 secs] 125825K->92644K(163952K), 0.0007870 secs] [Times: user=0.01 sys=0.00, real=0.00 secs] 
287.833: Total time for which application threads were stopped: 0.0009230 seconds, Stopping threads took: 0.0000710 seconds
288.257: Application time: 0.4240950 seconds
288.257: Total time for which application threads were stopped: 0.0001050 seconds, Stopping threads took: 0.0000840 seconds
288.259: Application time: 0.0023090 seconds
288.259: [GC288.259: [ParNew: 36190K->2986K(37568K), 0.0008350 secs] 126327K->93180K(163952K), 0.0008700 secs] [Times: user=0.01 sys=0.00, real=0.00 secs] 
288.260: Total time for which application threads were stopped: 0.0009740 seconds, Stopping threads took: 0.0000520 seconds
288.715: Application time: 0.4545730 seconds
288.715: [GC288.715: [ParNew: 36140K->2874K(37568K), 0.0007550 secs] 126334K->93211K(163952K), 0.0007920 secs] [Times: user=0.01 sys=0.00, real=0.00 secs] 
288.716: Total time for which application threads were stopped: 0.0009320 seconds, Stopping threads took: 0.0000730 seconds
289.136: Application time: 0.4197660 seconds
289.136: [GC289.136: [ParNew: 36191K->2179K(37568K), 0.0008280 secs] 126528K->92544K(163952K), 0.0008600 secs] [Times: user=0.01 sys=0.00, real=0.00 secs] 
289.137: Total time for which application threads were stopped: 0.0009910 seconds, Stopping threads took: 0.0000740 seconds
289.597: Application time: 0.4608760 seconds
289.598: [GC289.598: [ParNew: 35453K->3056K(37568K), 0.0009420 secs] 125818K->93478K(163952K), 0.0009800 secs] [Times: user=0.01 sys=0.00, real=0.00 secs] 
289.599: Total time for which application threads were stopped: 0.0011420 seconds, Stopping threads took: 0.0000920 seconds
290.044: Application time: 0.4456940 seconds
290.044: [GC290.044: [ParNew: 36345K->2674K(37568K), 0.0008250 secs] 126767K->93239K(163952K), 0.0008580 secs] [Times: user=0.01 sys=0.00, real=0.00 secs] 
290.045: Total time for which application threads were stopped: 0.0009920 seconds, Stopping threads took: 0.0000760 seconds
290.484: Application time: 0.4384500 seconds
290.484: [GC290.484: [ParNew: 35991K->2181K(37568K), 0.0007020 secs] 126555K->92774K(163952K), 0.0007330 secs] [Times: user=0.00 sys=0.00, real=0.00 secs] 
290.485: Total time for which application threads were stopped: 0.0008850 seconds, Stopping threads took: 0.0000830 seconds
290.954: Application time: 0.4693320 seconds
290.954: [GC290.954: [ParNew: 35526K->2124K(37568K), 0.0007400 secs] 126119K->92774K(163952K), 0.0007760 secs] [Times: user=0.01 sys=0.00, real=0.00 secs] 
290.955: Total time for which application threads were stopped: 0.0009090 seconds, Stopping threads took: 0.0000720 seconds
291.382: Application time: 0.4267840 seconds
291.382: [GC291.382: [ParNew: 35415K->2748K(37568K), 0.0008730 secs] 126065K->93541K(163952K), 0.0009100 secs] [Times: user=0.01 sys=0.00, real=0.00 secs] 
291.383: Total time for which application threads were stopped: 0.0010600 seconds, Stopping threads took: 0.0000860 seconds
291.820: Application time: 0.4369040 seconds
291.820: [GC291.820: [ParNew: 36072K->2802K(37568K), 0.0008260 secs] 126865K->93624K(163952K), 0.0008570 secs] [Times: user=0.01 sys=0.00, real=0.00 secs] 
291.821: Total time for which application threads were stopped: 0.0009820 seconds, Stopping threads took: 0.0000710 seconds
292.294: Application time: 0.4731510 seconds
292.294: [GC292.294: [ParNew: 36147K->2365K(37568K), 0.0007250 secs] 126968K->93272K(163952K), 0.0007610 secs] [Times: user=0.01 sys=0.00, real=0.00 secs] 
292.295: Total time for which application threads were stopped: 0.0008970 seconds, Stopping threads took: 0.0000710 seconds
292.682: Application time: 0.3873810 seconds
292.682: [GC292.682: [ParNew: 35715K->2479K(37568K), 0.0008030 secs] 126622K->93500K(163952K), 0.0008360 secs] [Times: user=0.01 sys=0.00, real=0.00 secs] 
292.683: Total time for which application threads were stopped: 0.0010000 seconds, Stopping threads took: 0.0001060 seconds
293.074: Application time: 0.3909210 seconds
293.074: [GC293.074: [ParNew: 35866K->3200K(37568K), 0.0008430 secs] 126887K->94249K(163952K), 0.0008820 secs] [Times: user=0.00 sys=0.00, real=0.00 secs] 
293.075: Total time for which application threads were stopped: 0.0010320 seconds, Stopping threads took: 0.0000830 seconds
293.516: Application time: 0.4412830 seconds
293.516: [GC293.516: [ParNew: 36542K->2563K(37568K), 0.0007800 secs] 127591K->93698K(163952K), 0.0008160 secs] [Times: user=0.00 sys=0.00, real=0.01 secs] 
293.517: Total time for which application threads were stopped: 0.0009620 seconds, Stopping threads took: 0.0000880 seconds
293.909: Application time: 0.3919010 seconds
293.909: [GC293.909: [ParNew: 35921K->2475K(37568K), 0.0007950 secs] 127056K->93724K(163952K), 0.0008240 secs] [Times: user=0.01 sys=0.00, real=0.00 secs] 
293.910: Total time for which application threads were stopped: 0.0009610 seconds, Stopping threads took: 0.0000700 seconds
294.321: Application time: 0.4112590 seconds
294.322: [GC294.322: [ParNew: 35794K->2333K(37568K), 0.0007840 secs] 127044K->93611K(163952K), 0.0008180 secs] [Times: user=0.00 sys=0.00, real=0.00 secs] 
294.322: Total time for which application threads were stopped: 0.0009450 seconds, Stopping threads took: 0.0000680 seconds
294.737: Application time: 0.4151390 seconds
294.738: Total time for which application threads were stopped: 0.0001180 seconds, Stopping threads took: 0.0000860 seconds
294.738: Application time: 0.0000860 seconds
294.738: [GC294.738: [ParNew: 35934K->2958K(37568K), 0.0009330 secs] 127212K->94321K(163952K), 0.0009680 secs] [Times: user=0.00 sys=0.00, real=0.00 secs] 
294.739: Total time for which application threads were stopped: 0.0010900 seconds, Stopping threads took: 0.0000710 seconds
295.151: Application time: 0.4125630 seconds
295.151: [GC295.151: [ParNew: 36319K->2479K(37568K), 0.0007830 secs] 127682K->93956K(163952K), 0.0008180 secs] [Times: user=0.01 sys=0.00, real=0.00 secs] 
295.152: Total time for which application threads were stopped: 0.0009530 seconds, Stopping threads took: 0.0000800 seconds
295.548: Application time: 0.3954330 seconds
295.548: [GC295.548: [ParNew: 35865K->3198K(37568K), 0.0008520 secs] 127342K->94703K(163952K), 0.0008880 secs] [Times: user=0.01 sys=0.00, real=0.00 secs] 
295.549: Total time for which application threads were stopped: 0.0010530 seconds, Stopping threads took: 0.0000900 seconds
295.986: Application time: 0.4369530 seconds
295.986: [GC295.986: [ParNew: 36542K->2561K(37568K), 0.0008280 secs] 128048K->94152K(163952K), 0.0008640 secs] [Times: user=0.01 sys=0.00, real=0.00 secs] 
295.987: Total time for which application threads were stopped: 0.0009980 seconds, Stopping threads took: 0.0000730 seconds
296.403: Application time: 0.4166420 seconds
296.404: [GC296.404: [ParNew: 35717K->2672K(37568K), 0.0007820 secs] 127308K->94378K(163952K), 0.0008140 secs] [Times: user=0.01 sys=0.00, real=0.00 secs] 
296.404: Total time for which application threads were stopped: 0.0009510 seconds, Stopping threads took: 0.0000750 seconds
296.792: Application time: 0.3881170 seconds
296.793: [GC296.793: [ParNew: 36067K->2605K(37568K), 0.0007780 secs] 127772K->94338K(163952K), 0.0008130 secs] [Times: user=0.01 sys=0.00, real=0.00 secs] 
296.793: Total time for which application threads were stopped: 0.0009380 seconds, Stopping threads took: 0.0000700 seconds
297.212: Application time: 0.4183770 seconds
297.212: [GC297.212: [ParNew: 35950K->2167K(37568K), 0.0007110 secs] 127683K->93987K(163952K), 0.0007440 secs] [Times: user=0.00 sys=0.00, real=0.00 secs] 
297.213: Total time for which application threads were stopped: 0.0008920 seconds, Stopping threads took: 0.0000810 seconds
297.656: Application time: 0.4431030 seconds
297.656: Total time for which application threads were stopped: 0.0000980 seconds, Stopping threads took: 0.0000750 seconds
297.657: Application time: 0.0009900 seconds
297.657: [GC297.657: [ParNew: 35726K->2279K(37568K), 0.0007700 secs] 127545K->94212K(163952K), 0.0008050 secs] [Times: user=0.00 sys=0.00, real=0.01 secs] 
297.658: Total time for which application threads were stopped: 0.0008950 seconds, Stopping threads took: 0.0000410 seconds
298.047: Application time: 0.3889480 seconds
298.047: Total time for which application threads were stopped: 0.0000980 seconds, Stopping threads took: 0.0000710 seconds
298.047: Application time: 0.0000560 seconds
298.047: [GC298.047: [ParNew: 35820K->2094K(37568K), 0.0007020 secs] 127753K->94055K(163952K), 0.0007340 secs] [Times: user=0.00 sys=0.00, real=0.00 secs] 
298.048: Total time for which application threads were stopped: 0.0008150 seconds, Stopping threads took: 0.0000390 seconds
298.457: Application time: 0.4097320 seconds
298.458: [GC298.458: [ParNew: 35283K->2337K(37568K), 0.0007200 secs] 127245K->94413K(163952K), 0.0007560 secs] [Times: user=0.01 sys=0.00, real=0.00 secs] 
298.458: Total time for which application threads were stopped: 0.0009040 seconds, Stopping threads took: 0.0000920 seconds
298.885: Application time: 0.4268260 seconds
298.885: Total time for which application threads were stopped: 0.0001020 seconds, Stopping threads took: 0.0000740 seconds
298.885: Application time: 0.0000650 seconds
298.885: [GC298.885: [ParNew: 35830K->1814K(37568K), 0.0005890 secs] 127906K->93975K(163952K), 0.0006170 secs] [Times: user=0.01 sys=0.00, real=0.00 secs] 
298.886: Total time for which application threads were stopped: 0.0006850 seconds, Stopping threads took: 0.0000310 seconds
299.284: Application time: 0.3978580 seconds
299.284: [GC299.284: [ParNew: 35208K->2724K(37568K), 0.0023460 secs] 127369K->94885K(163952K), 0.0023810 secs] [Times: user=0.00 sys=0.00, real=0.00 secs] 
299.286: Total time for which application threads were stopped: 0.0025020 seconds, Stopping threads took: 0.0000660 seconds
299.692: Application time: 0.4058110 seconds
299.692: Total time for which application threads were stopped: 0.0001060 seconds, Stopping threads took: 0.0000780 seconds
299.693: Application time: 0.0002990 seconds
299.693: [GC299.693: [ParNew: 36605K->2761K(37568K), 0.0007740 secs] 128766K->95036K(163952K), 0.0008060 secs] [Times: user=0.00 sys=0.00, real=0.00 secs] 
299.693: Total time for which application threads were stopped: 0.0008920 seconds, Stopping threads took: 0.0000420 seconds
300.131: Application time: 0.4373680 seconds
300.131: Total time for which application threads were stopped: 0.0000920 seconds, Stopping threads took: 0.0000710 seconds
300.132: Application time: 0.0007410 seconds
300.132: [GC300.132: [ParNew: 36442K->2648K(37568K), 0.0007190 secs] 128718K->95038K(163952K), 0.0007610 secs] [Times: user=0.00 sys=0.00, real=0.00 secs] 
300.133: Total time for which application threads were stopped: 0.0008560 seconds, Stopping threads took: 0.0000460 seconds
300.549: Application time: 0.4167050 seconds
300.549: [GC300.549: [ParNew: 36026K->2223K(37568K), 0.0007070 secs] 128416K->94613K(163952K), 0.0007420 secs] [Times: user=0.01 sys=0.00, real=0.00 secs] 
300.550: Total time for which application threads were stopped: 0.0008970 seconds, Stopping threads took: 0.0000910 seconds
300.932: Application time: 0.3822640 seconds
300.933: [GC300.933: [ParNew: 35595K->2246K(37568K), 0.0008840 secs] 127984K->94807K(163952K), 0.0009200 secs] [Times: user=0.01 sys=0.00, real=0.00 secs] 
300.933: Total time for which application threads were stopped: 0.0010650 seconds, Stopping threads took: 0.0000850 seconds
301.355: Application time: 0.4211140 seconds
301.355: Total time for which application threads were stopped: 0.0001010 seconds, Stopping threads took: 0.0000740 seconds
301.355: Application time: 0.0001970 seconds
301.355: [GC301.355: [ParNew: 35786K->2844K(37568K), 0.0008270 secs] 128347K->95462K(163952K), 0.0008620 secs] [Times: user=0.00 sys=0.00, real=0.00 secs] 
301.356: Total time for which application threads were stopped: 0.0009570 seconds, Stopping threads took: 0.0000460 seconds
301.779: Application time: 0.4230930 seconds
301.779: [GC301.779: [ParNew: 36107K->2247K(37568K), 0.0007500 secs] 128724K->94865K(163952K), 0.0007810 secs] [Times: user=0.00 sys=0.00, real=0.00 secs] 
301.780: Total time for which application threads were stopped: 0.0009140 seconds, Stopping threads took: 0.0000810 seconds
302.165: Application time: 0.3847870 seconds
302.165: Total time for which application threads were stopped: 0.0001080 seconds, Stopping threads took: 0.0000740 seconds
302.165: Application time: 0.0001230 seconds
302.165: [GC302.165: [ParNew: 35807K->2281K(37568K), 0.0007310 secs] 128425K->95098K(163952K), 0.0007610 secs] [Times: user=0.01 sys=0.00, real=0.00 secs] 
302.166: Total time for which application threads were stopped: 0.0008500 seconds, Stopping threads took: 0.0000440 seconds
302.601: Application time: 0.4350980 seconds
302.601: [GC302.601: [ParNew: 35551K->2648K(37568K), 0.0007850 secs] 128369K->95494K(163952K), 0.0008220 secs] [Times: user=0.01 sys=0.00, real=0.00 secs] 
302.602: Total time for which application threads were stopped: 0.0009580 seconds, Stopping threads took: 0.0000780 seconds
303.004: Application time: 0.4021640 seconds
303.004: [GC303.004: [ParNew: 36034K->2582K(37568K), 0.0007010 secs] 128880K->95428K(163952K), 0.0007350 secs] [Times: user=0.00 sys=0.00, real=0.00 secs] 
303.005: Total time for which application threads were stopped: 0.0008790 seconds, Stopping threads took: 0.0000810 seconds
303.389: Application time: 0.3844770 seconds
303.389: [GC303.389: [ParNew: 35870K->2748K(37568K), 0.0008220 secs] 128716K->95794K(163952K), 0.0008570 secs] [Times: user=0.01 sys=0.00, real=0.00 secs] 
303.390: Total time for which application threads were stopped: 0.0010010 seconds, Stopping threads took: 0.0000870 seconds
303.825: Application time: 0.4349840 seconds
303.825: [GC303.825: [ParNew: 35962K->2053K(37568K), 0.0007310 secs] 129008K->95127K(163952K), 0.0007640 secs] [Times: user=0.00 sys=0.00, real=0.00 secs] 
303.826: Total time for which application threads were stopped: 0.0009020 seconds, Stopping threads took: 0.0000720 seconds
304.229: Application time: 0.4026130 seconds
304.229: [GC304.229: [ParNew: 35301K->2645K(37568K), 0.0007790 secs] 128375K->95719K(163952K), 0.0008120 secs] [Times: user=0.01 sys=0.01, real=0.01 secs] 
304.230: Total time for which application threads were stopped: 0.0009280 seconds, Stopping threads took: 0.0000620 seconds
304.612: Application time: 0.3824700 seconds
304.612: [GC304.612: [ParNew: 35996K->2676K(37568K), 0.0023530 secs] 129070K->95950K(163952K), 0.0023980 secs] [Times: user=0.01 sys=0.00, real=0.00 secs] 
304.615: Total time for which application threads were stopped: 0.0025550 seconds, Stopping threads took: 0.0000920 seconds
305.057: Application time: 0.4419580 seconds
305.057: [GC305.057: [ParNew: 36025K->2522K(37568K), 0.0008430 secs] 129299K->95825K(163952K), 0.0008800 secs] [Times: user=0.00 sys=0.00, real=0.01 secs] 
305.058: Total time for which application threads were stopped: 0.0010050 seconds, Stopping threads took: 0.0000670 seconds
305.465: Application time: 0.4074550 seconds
305.465: [GC305.465: [ParNew: 35708K->2643K(37568K), 0.0007330 secs] 129010K->95945K(163952K), 0.0007710 secs] [Times: user=0.01 sys=0.00, real=0.00 secs] 
305.466: Total time for which application threads were stopped: 0.0009450 seconds, Stopping threads took: 0.0001050 seconds
305.850: Application time: 0.3834920 seconds
305.850: [GC305.850: [ParNew: 35796K->2479K(37568K), 0.0007650 secs] 129098K->95980K(163952K), 0.0007970 secs] [Times: user=0.00 sys=0.00, real=0.00 secs] 
305.851: Total time for which application threads were stopped: 0.0009310 seconds, Stopping threads took: 0.0000800 seconds
306.289: Application time: 0.4379990 seconds
306.289: [GC306.289: [ParNew: 35884K->2779K(37568K), 0.0008560 secs] 129386K->96309K(163952K), 0.0008920 secs] [Times: user=0.00 sys=0.00, real=0.01 secs] 
306.290: Total time for which application threads were stopped: 0.0010390 seconds, Stopping threads took: 0.0000790 seconds
306.698: Application time: 0.4081970 seconds
306.698: [GC306.698: [ParNew: 36107K->2643K(37568K), 0.0007820 secs] 129638K->96173K(163952K), 0.0008160 secs] [Times: user=0.01 sys=0.00, real=0.00 secs] 
306.699: Total time for which application threads were stopped: 0.0009670 seconds, Stopping threads took: 0.0000940 seconds
307.085: Application time: 0.3864580 seconds
307.085: [GC307.085: [ParNew: 35996K->2676K(37568K), 0.0008520 secs] 129526K->96406K(163952K), 0.0008880 secs] [Times: user=0.00 sys=0.00, real=0.00 secs] 
307.086: Total time for which application threads were stopped: 0.0010430 seconds, Stopping threads took: 0.0000900 seconds
307.520: Application time: 0.4338800 seconds
307.520: [GC307.520: [ParNew: 35954K->2451K(37568K), 0.0007240 secs] 129684K->96209K(163952K), 0.0007560 secs] [Times: user=0.00 sys=0.00, real=0.00 secs] 
307.521: Total time for which application threads were stopped: 0.0009290 seconds, Stopping threads took: 0.0001140 seconds
307.931: Application time: 0.4099190 seconds
307.931: Total time for which application threads were stopped: 0.0001090 seconds, Stopping threads took: 0.0000810 seconds
307.931: Application time: 0.0001300 seconds
307.931: [GC307.931: [ParNew: 35903K->3042K(37568K), 0.0007300 secs] 129661K->96801K(163952K), 0.0007620 secs] [Times: user=0.01 sys=0.00, real=0.00 secs] 
307.932: Total time for which application threads were stopped: 0.0008640 seconds, Stopping threads took: 0.0000580 seconds
308.314: Application time: 0.3822620 seconds
308.315: [GC308.315: [ParNew: 36403K->2477K(37568K), 0.0008090 secs] 130161K->96435K(163952K), 0.0008410 secs] [Times: user=0.01 sys=0.00, real=0.00 secs] 
308.315: Total time for which application threads were stopped: 0.0009640 seconds, Stopping threads took: 0.0000690 seconds
308.761: Application time: 0.4453150 seconds
308.761: Total time for which application threads were stopped: 0.0001010 seconds, Stopping threads took: 0.0000680 seconds
308.761: Application time: 0.0000530 seconds
308.761: [GC308.761: [ParNew: 35953K->2243K(37568K), 0.0007390 secs] 129911K->96230K(163952K), 0.0007730 secs] [Times: user=0.00 sys=0.00, real=0.00 secs] 
308.762: Total time for which application threads were stopped: 0.0008570 seconds, Stopping threads took: 0.0000390 seconds
309.170: Application time: 0.4082340 seconds
309.170: [GC309.170: [ParNew: 35568K->2719K(37568K), 0.0007690 secs] 129555K->96705K(163952K), 0.0008040 secs] [Times: user=0.00 sys=0.00, real=0.00 secs] 
309.171: Total time for which application threads were stopped: 0.0009500 seconds, Stopping threads took: 0.0000880 seconds
309.556: Application time: 0.3847420 seconds
309.556: [GC309.556: [ParNew: 36009K->2479K(37568K), 0.0008360 secs] 129995K->96665K(163952K), 0.0008740 secs] [Times: user=0.01 sys=0.00, real=0.00 secs] 
309.557: Total time for which application threads were stopped: 0.0010110 seconds, Stopping threads took: 0.0000740 seconds
310.006: Application time: 0.4496080 seconds
310.006: [GC310.006: [ParNew: 35882K->2783K(37568K), 0.0023840 secs] 130068K->96998K(163952K), 0.0024240 secs] [Times: user=0.01 sys=0.00, real=0.00 secs] 
310.009: Total time for which application threads were stopped: 0.0025600 seconds, Stopping threads took: 0.0000750 seconds
310.426: Application time: 0.4173600 seconds
310.426: [GC310.426: [ParNew: 36110K->2647K(37568K), 0.0007000 secs] 130325K->96862K(163952K), 0.0007330 secs] [Times: user=0.01 sys=0.00, real=0.00 secs] 
310.427: Total time for which application threads were stopped: 0.0008700 seconds, Stopping threads took: 0.0000740 seconds
310.810: Application time: 0.3828460 seconds
310.810: Total time for which application threads were stopped: 0.0001080 seconds, Stopping threads took: 0.0000860 seconds
310.810: Application time: 0.0002200 seconds
310.810: [GC310.810: [ParNew: 36212K->2081K(37568K), 0.0008150 secs] 130427K->96496K(163952K), 0.0008430 secs] [Times: user=0.01 sys=0.00, real=0.00 secs] 
310.811: Total time for which application threads were stopped: 0.0009290 seconds, Stopping threads took: 0.0000420 seconds
311.236: Application time: 0.4246520 seconds
311.236: [GC311.236: [ParNew: 35237K->2111K(37568K), 0.0006060 secs] 129652K->96526K(163952K), 0.0006330 secs] [Times: user=0.01 sys=0.00, real=0.00 secs] 
311.237: Total time for which application threads were stopped: 0.0007650 seconds, Stopping threads took: 0.0000730 seconds
311.658: Application time: 0.4212430 seconds
311.658: [GC311.658: [ParNew: 35477K->2445K(37568K), 0.0008400 secs] 129891K->96888K(163952K), 0.0008760 secs] [Times: user=0.00 sys=0.00, real=0.00 secs] 
311.659: Total time for which application threads were stopped: 0.0010230 seconds, Stopping threads took: 0.0000890 seconds
312.062: Application time: 0.4026970 seconds
312.062: [GC312.062: [ParNew: 35797K->2477K(37568K), 0.0008010 secs] 130240K->97119K(163952K), 0.0008360 secs] [Times: user=0.01 sys=0.00, real=0.00 secs] 
312.063: Total time for which application threads were stopped: 0.0009680 seconds, Stopping threads took: 0.0000660 seconds
312.476: Application time: 0.4133380 seconds
312.476: [GC312.476: [ParNew: 35838K->2281K(37568K), 0.0007110 secs] 130481K->96952K(163952K), 0.0007440 secs] [Times: user=0.00 sys=0.00, real=0.00 secs] 
312.477: Total time for which application threads were stopped: 0.0008900 seconds, Stopping threads took: 0.0000880 seconds
312.902: Application time: 0.4255930 seconds
312.902: [GC312.903: [ParNew: 35649K->2617K(37568K), 0.0007580 secs] 130320K->97316K(163952K), 0.0007970 secs] [Times: user=0.00 sys=0.00, real=0.00 secs] 
312.903: Total time for which application threads were stopped: 0.0009520 seconds, Stopping threads took: 0.0000890 seconds
313.300: Application time: 0.3968940 seconds
313.300: [GC313.300: [ParNew: 35977K->2479K(37568K), 0.0008120 secs] 130676K->97349K(163952K), 0.0008440 secs] [Times: user=0.00 sys=0.00, real=0.00 secs] 
313.301: Total time for which application threads were stopped: 0.0009640 seconds, Stopping threads took: 0.0000650 seconds
313.705: Application time: 0.4035680 seconds
313.705: [GC313.705: [ParNew: 35632K->2479K(37568K), 0.0007610 secs] 130502K->97378K(163952K), 0.0007930 secs] [Times: user=0.00 sys=0.00, real=0.00 secs] 
313.706: Total time for which application threads were stopped: 0.0009290 seconds, Stopping threads took: 0.0000760 seconds
314.137: Application time: 0.4309250 seconds
314.137: Total time for which application threads were stopped: 0.0001260 seconds, Stopping threads took: 0.0000990 seconds
314.139: Application time: 0.0018410 seconds
314.139: [GC314.139: [ParNew: 36257K->2213K(37568K), 0.0007680 secs] 131156K->97140K(163952K), 0.0008140 secs] [Times: user=0.00 sys=0.00, real=0.00 secs] 
314.139: Total time for which application threads were stopped: 0.0009130 seconds, Stopping threads took: 0.0000500 seconds
314.535: Application time: 0.3955740 seconds
314.535: [GC314.535: [ParNew: 35366K->2279K(37568K), 0.0007480 secs] 130293K->97378K(163952K), 0.0007790 secs] [Times: user=0.00 sys=0.00, real=0.00 secs] 
314.536: Total time for which application threads were stopped: 0.0009140 seconds, Stopping threads took: 0.0000740 seconds
314.936: Application time: 0.4000090 seconds
314.936: Total time for which application threads were stopped: 0.0001260 seconds, Stopping threads took: 0.0001060 seconds
314.937: Application time: 0.0005140 seconds
314.937: [GC314.937: [ParNew: 35836K->2475K(37568K), 0.0008000 secs] 130935K->97602K(163952K), 0.0008330 secs] [Times: user=0.00 sys=0.00, real=0.01 secs] 
314.938: Total time for which application threads were stopped: 0.0009220 seconds, Stopping threads took: 0.0000420 seconds
315.364: Application time: 0.4265010 seconds
315.364: [GC315.364: [ParNew: 35643K->2421K(37568K), 0.0007540 secs] 130770K->97577K(163952K), 0.0007850 secs] [Times: user=0.01 sys=0.00, real=0.00 secs] 
315.365: Total time for which application threads were stopped: 0.0009190 seconds, Stopping threads took: 0.0000720 seconds
315.774: Application time: 0.4092290 seconds
315.774: Total time for which application threads were stopped: 0.0000980 seconds, Stopping threads took: 0.0000760 seconds
315.775: Application time: 0.0005910 seconds
315.775: [GC315.775: [ParNew: 36185K->2281K(37568K), 0.0007450 secs] 131341K->97608K(163952K), 0.0007770 secs] [Times: user=0.01 sys=0.00, real=0.00 secs] 
315.776: Total time for which application threads were stopped: 0.0008860 seconds, Stopping threads took: 0.0000660 seconds
316.169: Application time: 0.3935150 seconds
316.169: [GC316.169: [ParNew: 35646K->2837K(37568K), 0.0008040 secs] 130973K->98193K(163952K), 0.0008390 secs] [Times: user=0.01 sys=0.00, real=0.00 secs] 
316.170: Total time for which application threads were stopped: 0.0009760 seconds, Stopping threads took: 0.0000720 seconds
316.600: Application time: 0.4298460 seconds
316.600: [GC316.600: [ParNew: 35994K->2591K(37568K), 0.0008030 secs] 131349K->98003K(163952K), 0.0008410 secs] [Times: user=0.01 sys=0.00, real=0.00 secs] 
316.601: Total time for which application threads were stopped: 0.0009770 seconds, Stopping threads took: 0.0000770 seconds
317.009: Application time: 0.4075980 seconds
317.009: [GC317.009: [ParNew: 35942K->2676K(37568K), 0.0007350 secs] 131354K->98231K(163952K), 0.0007710 secs] [Times: user=0.00 sys=0.00, real=0.01 secs] 
317.010: Total time for which application threads were stopped: 0.0009200 seconds, Stopping threads took: 0.0000840 seconds
317.401: Application time: 0.3917610 seconds
317.401: Total time for which application threads were stopped: 0.0001050 seconds, Stopping threads took: 0.0000810 seconds
317.405: Application time: 0.0035930 seconds
317.405: [GC317.405: [ParNew: 36130K->1903K(37568K), 0.0006780 secs] 131684K->97486K(163952K), 0.0007070 secs] [Times: user=0.01 sys=0.00, real=0.00 secs] 
317.406: Total time for which application threads were stopped: 0.0007980 seconds, Stopping threads took: 0.0000490 seconds
317.834: Application time: 0.4283900 seconds
317.834: [GC317.834: [ParNew: 35246K->2512K(37568K), 0.0007850 secs] 130829K->98096K(163952K), 0.0008210 secs] [Times: user=0.01 sys=0.00, real=0.00 secs] 
317.835: Total time for which application threads were stopped: 0.0009720 seconds, Stopping threads took: 0.0000840 seconds
318.234: Application time: 0.3992320 seconds
318.235: [GC318.235: [ParNew: 35802K->2676K(37568K), 0.0008490 secs] 131386K->98459K(163952K), 0.0008820 secs] [Times: user=0.01 sys=0.00, real=0.00 secs] 
318.236: Total time for which application threads were stopped: 0.0010240 seconds, Stopping threads took: 0.0000840 seconds
318.642: Application time: 0.4061450 seconds
318.642: [GC318.642: [ParNew: 35986K->2579K(37568K), 0.0007220 secs] 131769K->98390K(163952K), 0.0007670 secs] [Times: user=0.00 sys=0.00, real=0.00 secs] 
318.643: Total time for which application threads were stopped: 0.0009120 seconds, Stopping threads took: 0.0000770 seconds
319.064: Application time: 0.4216230 seconds
319.064: [GC319.064: [ParNew: 35862K->2860K(37568K), 0.0008960 secs] 131673K->98729K(163952K), 0.0009320 secs] [Times: user=0.01 sys=0.00, real=0.00 secs] 
319.065: Total time for which application threads were stopped: 0.0010730 seconds, Stopping threads took: 0.0000810 seconds
319.476: Application time: 0.4110540 seconds
319.476: [GC319.476: [ParNew: 36148K->2479K(37568K), 0.0008000 secs] 132017K->98490K(163952K), 0.0008340 secs] [Times: user=0.01 sys=0.00, real=0.01 secs] 
319.477: Total time for which application threads were stopped: 0.0009650 seconds, Stopping threads took: 0.0000720 seconds
319.866: Application time: 0.3882620 seconds
319.866: [GC319.866: [ParNew: 35851K->2639K(37568K), 0.0007390 secs] 131862K->98679K(163952K), 0.0007760 secs] [Times: user=0.00 sys=0.00, real=0.00 secs] 
319.866: Total time for which application threads were stopped: 0.0009060 seconds, Stopping threads took: 0.0000730 seconds
320.301: Application time: 0.4340650 seconds
320.301: [GC320.301: [ParNew: 36003K->2195K(37568K), 0.0007640 secs] 132043K->98292K(163952K), 0.0008030 secs] [Times: user=0.00 sys=0.00, real=0.00 secs] 
320.302: Total time for which application threads were stopped: 0.0009690 seconds, Stopping threads took: 0.0000950 seconds
320.709: Application time: 0.4077470 seconds
320.709: [GC320.709: [ParNew: 35546K->2281K(37568K), 0.0007390 secs] 131643K->98520K(163952K), 0.0007700 secs] [Times: user=0.01 sys=0.00, real=0.00 secs] 
320.710: Total time for which application threads were stopped: 0.0009040 seconds, Stopping threads took: 0.0000790 seconds
321.094: Application time: 0.3834020 seconds
321.094: [GC321.094: [ParNew: 35666K->3002K(37568K), 0.0007610 secs] 131905K->99270K(163952K), 0.0007930 secs] [Times: user=0.01 sys=0.00, real=0.00 secs] 
321.094: Total time for which application threads were stopped: 0.0009290 seconds, Stopping threads took: 0.0000750 seconds
321.531: Application time: 0.4368160 seconds
321.531: [GC321.531: [ParNew: 36345K->2363K(37568K), 0.0007260 secs] 132613K->98716K(163952K), 0.0007630 secs] [Times: user=0.01 sys=0.00, real=0.00 secs] 
321.532: Total time for which application threads were stopped: 0.0009160 seconds, Stopping threads took: 0.0000950 seconds
321.942: Application time: 0.4099040 seconds
321.942: [GC321.942: [ParNew: 35516K->2479K(37568K), 0.0007000 secs] 131870K->98946K(163952K), 0.0007310 secs] [Times: user=0.01 sys=0.00, real=0.00 secs] 
321.943: Total time for which application threads were stopped: 0.0008600 seconds, Stopping threads took: 0.0000680 seconds
322.336: Application time: 0.3930350 seconds
322.336: [GC322.336: [ParNew: 35865K->2998K(37568K), 0.0008600 secs] 132332K->99494K(163952K), 0.0009020 secs] [Times: user=0.01 sys=0.00, real=0.01 secs] 
322.337: Total time for which application threads were stopped: 0.0010380 seconds, Stopping threads took: 0.0000780 seconds
322.754: Application time: 0.4166500 seconds
322.754: [GC322.754: [ParNew: 36332K->2958K(37568K), 0.0007930 secs] 132828K->99540K(163952K), 0.0008260 secs] [Times: user=0.00 sys=0.00, real=0.00 secs] 
322.755: Total time for which application threads were stopped: 0.0009500 seconds, Stopping threads took: 0.0000610 seconds
323.181: Application time: 0.4258730 seconds
323.181: [GC323.181: [ParNew: 36327K->2281K(37568K), 0.0007880 secs] 132909K->98977K(163952K), 0.0008240 secs] [Times: user=0.01 sys=0.00, real=0.00 secs] 
323.182: Total time for which application threads were stopped: 0.0009580 seconds, Stopping threads took: 0.0000770 seconds
323.566: Application time: 0.3840700 seconds
323.566: [GC323.566: [ParNew: 35596K->2730K(37568K), 0.0008320 secs] 132292K->99455K(163952K), 0.0008690 secs] [Times: user=0.00 sys=0.00, real=0.00 secs] 
323.567: Total time for which application threads were stopped: 0.0010300 seconds, Stopping threads took: 0.0000890 seconds
324.001: Application time: 0.4347400 seconds
324.001: [GC324.001: [ParNew: 36136K->2564K(37568K), 0.0008480 secs] 132860K->99374K(163952K), 0.0008920 secs] [Times: user=0.01 sys=0.00, real=0.00 secs] 
324.002: Total time for which application threads were stopped: 0.0010240 seconds, Stopping threads took: 0.0000740 seconds
324.419: Application time: 0.4162460 seconds
324.419: [GC324.419: [ParNew: 35928K->2674K(37568K), 0.0008900 secs] 132737K->99598K(163952K), 0.0009240 secs] [Times: user=0.00 sys=0.00, real=0.00 secs] 
324.420: Total time for which application threads were stopped: 0.0010870 seconds, Stopping threads took: 0.0000970 seconds
324.822: Application time: 0.4022190 seconds
324.822: [GC324.822: [ParNew: 36068K->2605K(37568K), 0.0006780 secs] 132992K->99557K(163952K), 0.0007130 secs] [Times: user=0.00 sys=0.00, real=0.00 secs] 
324.823: Total time for which application threads were stopped: 0.0008580 seconds, Stopping threads took: 0.0000880 seconds
325.236: Application time: 0.4132100 seconds
325.236: [GC325.236: [ParNew: 35938K->2758K(37568K), 0.0008390 secs] 132890K->99796K(163952K), 0.0008730 secs] [Times: user=0.00 sys=0.00, real=0.00 secs] 
325.237: Total time for which application threads were stopped: 0.0010460 seconds, Stopping threads took: 0.0001000 seconds
325.668: Application time: 0.4313930 seconds
325.669: [GC325.669: [ParNew: 36119K->2279K(37568K), 0.0007360 secs] 133157K->99431K(163952K), 0.0007800 secs] [Times: user=0.00 sys=0.00, real=0.01 secs] 
325.669: Total time for which application threads were stopped: 0.0009460 seconds, Stopping threads took: 0.0001090 seconds
326.072: Application time: 0.4030900 seconds
326.073: [GC326.073: [ParNew: 35478K->2758K(37568K), 0.0007280 secs] 132630K->99939K(163952K), 0.0007650 secs] [Times: user=0.00 sys=0.00, real=0.00 secs] 
326.073: Total time for which application threads were stopped: 0.0008870 seconds, Stopping threads took: 0.0000550 seconds
326.496: Application time: 0.4224650 seconds
326.496: [GC326.496: [ParNew: 36081K->2730K(37568K), 0.0007780 secs] 133261K->100025K(163952K), 0.0008090 secs] [Times: user=0.01 sys=0.00, real=0.00 secs] 
326.497: Total time for which application threads were stopped: 0.0009640 seconds, Stopping threads took: 0.0001040 seconds
326.915: Application time: 0.4180580 seconds
326.915: Total time for which application threads were stopped: 0.0001000 seconds, Stopping threads took: 0.0000710 seconds
326.916: Application time: 0.0014500 seconds
326.916: [GC326.917: [ParNew: 36289K->2874K(37568K), 0.0007890 secs] 133583K->100254K(163952K), 0.0008250 secs] [Times: user=0.00 sys=0.00, real=0.01 secs] 
326.917: Total time for which application threads were stopped: 0.0009250 seconds, Stopping threads took: 0.0000510 seconds
327.316: Application time: 0.3984960 seconds
327.316: [GC327.316: [ParNew: 36165K->2393K(37568K), 0.0006710 secs] 133545K->99802K(163952K), 0.0007010 secs] [Times: user=0.00 sys=0.00, real=0.00 secs] 
327.317: Total time for which application threads were stopped: 0.0008240 seconds, Stopping threads took: 0.0000710 seconds
327.726: Application time: 0.4094030 seconds
327.726: [GC327.726: [ParNew: 35765K->2444K(37568K), 0.0007650 secs] 133174K->99995K(163952K), 0.0008030 secs] [Times: user=0.01 sys=0.00, real=0.00 secs] 
327.727: Total time for which application threads were stopped: 0.0009500 seconds, Stopping threads took: 0.0000790 seconds
328.140: Application time: 0.4126630 seconds
328.140: [GC328.140: [ParNew: 35798K->2809K(37568K), 0.0008890 secs] 133349K->100417K(163952K), 0.0009260 secs] [Times: user=0.00 sys=0.00, real=0.00 secs] 
328.141: Total time for which application threads were stopped: 0.0010620 seconds, Stopping threads took: 0.0000770 seconds
328.547: Application time: 0.4065870 seconds
328.547: [GC328.547: [ParNew: 36208K->2425K(37568K), 0.0007020 secs] 133816K->100062K(163952K), 0.0007350 secs] [Times: user=0.01 sys=0.00, real=0.00 secs] 
328.548: Total time for which application threads were stopped: 0.0008590 seconds, Stopping threads took: 0.0000640 seconds
328.953: Application time: 0.4045780 seconds
328.953: [GC328.953: [ParNew: 35627K->2309K(37568K), 0.0007430 secs] 133264K->100088K(163952K), 0.0007880 secs] [Times: user=0.01 sys=0.00, real=0.00 secs] 
328.954: Total time for which application threads were stopped: 0.0009240 seconds, Stopping threads took: 0.0000780 seconds
329.395: Application time: 0.4414520 seconds
329.395: [GC329.395: [ParNew: 35670K->1881K(37568K), 0.0007390 secs] 133449K->99718K(163952K), 0.0007750 secs] [Times: user=0.01 sys=0.00, real=0.00 secs] 
329.396: Total time for which application threads were stopped: 0.0009140 seconds, Stopping threads took: 0.0000730 seconds
329.776: Application time: 0.3803350 seconds
329.777: [GC329.777: [ParNew: 35045K->2647K(37568K), 0.0008250 secs] 132881K->100483K(163952K), 0.0008600 secs] [Times: user=0.00 sys=0.00, real=0.01 secs] 
329.777: Total time for which application threads were stopped: 0.0009950 seconds, Stopping threads took: 0.0000780 seconds
330.184: Application time: 0.4067050 seconds
330.184: [GC330.184: [ParNew: 36005K->2281K(37568K), 0.0007500 secs] 133842K->100317K(163952K), 0.0007790 secs] [Times: user=0.00 sys=0.00, real=0.00 secs] 
330.185: Total time for which application threads were stopped: 0.0009280 seconds, Stopping threads took: 0.0000830 seconds
330.619: Application time: 0.4338810 seconds
330.619: [GC330.619: [ParNew: 35642K->1886K(37568K), 0.0006490 secs] 133677K->99950K(163952K), 0.0006860 secs] [Times: user=0.01 sys=0.00, real=0.00 secs] 
330.620: Total time for which application threads were stopped: 0.0008410 seconds, Stopping threads took: 0.0000970 seconds
331.005: Application time: 0.3851420 seconds
331.005: [GC331.005: [ParNew: 35246K->2845K(37568K), 0.0007610 secs] 133310K->100909K(163952K), 0.0008000 secs] [Times: user=0.00 sys=0.00, real=0.00 secs] 
331.006: Total time for which application threads were stopped: 0.0009610 seconds, Stopping threads took: 0.0000870 seconds
331.405: Application time: 0.3988370 seconds
331.405: [GC331.405: [ParNew: 36153K->2776K(37568K), 0.0007800 secs] 134217K->101012K(163952K), 0.0008170 secs] [Times: user=0.00 sys=0.00, real=0.00 secs] 
331.406: Total time for which application threads were stopped: 0.0009510 seconds, Stopping threads took: 0.0000760 seconds
331.837: Application time: 0.4314930 seconds
331.837: Total time for which application threads were stopped: 0.0000970 seconds, Stopping threads took: 0.0000700 seconds
331.841: Application time: 0.0038200 seconds
331.841: [GC331.841: [ParNew: 36258K->1907K(37568K), 0.0006310 secs] 134494K->100200K(163952K), 0.0006630 secs] [Times: user=0.00 sys=0.00, real=0.00 secs] 
331.842: Total time for which application threads were stopped: 0.0007620 seconds, Stopping threads took: 0.0000500 seconds
332.248: Application time: 0.4061550 seconds
332.248: [GC332.248: [ParNew: 35272K->2691K(37568K), 0.0008020 secs] 133564K->100983K(163952K), 0.0008380 secs] [Times: user=0.00 sys=0.00, real=0.00 secs] 
332.249: Total time for which application threads were stopped: 0.0009910 seconds, Stopping threads took: 0.0000930 seconds
332.641: Application time: 0.3922050 seconds
332.641: Total time for which application threads were stopped: 0.0001030 seconds, Stopping threads took: 0.0000710 seconds
332.642: Application time: 0.0002640 seconds
332.642: [GC332.642: [ParNew: 36269K->2307K(37568K), 0.0007270 secs] 134561K->100771K(163952K), 0.0007580 secs] [Times: user=0.01 sys=0.00, real=0.00 secs] 
332.642: Total time for which application threads were stopped: 0.0008470 seconds, Stopping threads took: 0.0000470 seconds
333.059: Application time: 0.4166290 seconds
333.059: [GC333.059: [ParNew: 35640K->3114K(37568K), 0.0007940 secs] 134104K->101634K(163952K), 0.0008280 secs] [Times: user=0.00 sys=0.00, real=0.00 secs] 
333.060: Total time for which application threads were stopped: 0.0009590 seconds, Stopping threads took: 0.0000750 seconds
333.496: Application time: 0.4357290 seconds
333.496: [GC333.496: [ParNew: 36512K->2449K(37568K), 0.0006740 secs] 135032K->100970K(163952K), 0.0007110 secs] [Times: user=0.00 sys=0.00, real=0.00 secs] 
333.497: Total time for which application threads were stopped: 0.0008600 seconds, Stopping threads took: 0.0000760 seconds
333.869: Application time: 0.3724100 seconds
333.869: [GC333.869: [ParNew: 35798K->2479K(37568K), 0.0007980 secs] 134319K->101199K(163952K), 0.0008300 secs] [Times: user=0.00 sys=0.00, real=0.00 secs] 
333.870: Total time for which application threads were stopped: 0.0009870 seconds, Stopping threads took: 0.0001020 seconds
334.300: Application time: 0.4297730 seconds
334.300: [GC334.300: [ParNew: 35756K->2451K(37568K), 0.0007690 secs] 134476K->101199K(163952K), 0.0008050 secs] [Times: user=0.00 sys=0.00, real=0.00 secs] 
334.301: Total time for which application threads were stopped: 0.0009440 seconds, Stopping threads took: 0.0000710 seconds
334.724: Application time: 0.4229450 seconds
334.724: Total time for which application threads were stopped: 0.0000980 seconds, Stopping threads took: 0.0000770 seconds
334.724: Application time: 0.0006400 seconds
334.724: [GC334.724: [ParNew: 35912K->2252K(37568K), 0.0006680 secs] 134660K->101000K(163952K), 0.0006980 secs] [Times: user=0.00 sys=0.00, real=0.00 secs] 
334.725: Total time for which application threads were stopped: 0.0007840 seconds, Stopping threads took: 0.0000450 seconds
335.104: Application time: 0.3792160 seconds
335.105: [GC335.105: [ParNew: 35607K->2479K(37568K), 0.0008410 secs] 134355K->101427K(163952K), 0.0008800 secs] [Times: user=0.01 sys=0.01, real=0.00 secs] 
335.105: Total time for which application threads were stopped: 0.0010300 seconds, Stopping threads took: 0.0000780 seconds
335.529: Application time: 0.4234540 seconds
335.529: [GC335.529: [ParNew: 35819K->2720K(37568K), 0.0008410 secs] 134767K->101697K(163952K), 0.0008770 secs] [Times: user=0.00 sys=0.00, real=0.01 secs] 
335.530: Total time for which application threads were stopped: 0.0010110 seconds, Stopping threads took: 0.0000730 seconds
335.944: Application time: 0.4142660 seconds
335.944: [GC335.944: [ParNew: 36118K->2054K(37568K), 0.0007220 secs] 135095K->101031K(163952K), 0.0007550 secs] [Times: user=0.00 sys=0.00, real=0.00 secs] 
335.945: Total time for which application threads were stopped: 0.0008940 seconds, Stopping threads took: 0.0000750 seconds
336.349: Application time: 0.4041230 seconds
336.349: Total time for which application threads were stopped: 0.0000830 seconds, Stopping threads took: 0.0000570 seconds
336.350: Application time: 0.0006680 seconds
336.350: [GC336.350: [ParNew: 35607K->2873K(37568K), 0.0008280 secs] 134584K->101850K(163952K), 0.0008590 secs] [Times: user=0.01 sys=0.00, real=0.00 secs] 
336.351: Total time for which application threads were stopped: 0.0009470 seconds, Stopping threads took: 0.0000430 seconds
336.838: Application time: 0.4871810 seconds
336.838: [GC336.838: [ParNew: 36150K->2253K(37568K), 0.0008350 secs] 135127K->101458K(163952K), 0.0008720 secs] [Times: user=0.00 sys=0.00, real=0.00 secs] 
336.839: Total time for which application threads were stopped: 0.0010270 seconds, Stopping threads took: 0.0000850 seconds
337.255: Application time: 0.4157630 seconds
337.255: [GC337.255: [ParNew: 35644K->2386K(37568K), 0.0007250 secs] 134849K->101591K(163952K), 0.0007590 secs] [Times: user=0.00 sys=0.00, real=0.00 secs] 
337.256: Total time for which application threads were stopped: 0.0008830 seconds, Stopping threads took: 0.0000670 seconds
337.692: Application time: 0.4366250 seconds
337.693: [GC337.693: [ParNew: 35669K->3142K(37568K), 0.0011140 secs] 134874K->102546K(163952K), 0.0011520 secs] [Times: user=0.01 sys=0.00, real=0.00 secs] 
337.694: Total time for which application threads were stopped: 0.0013230 seconds, Stopping threads took: 0.0000990 seconds
338.181: Application time: 0.4872600 seconds
338.181: Total time for which application threads were stopped: 0.0001000 seconds, Stopping threads took: 0.0000810 seconds
338.183: Application time: 0.0016600 seconds
338.183: [GC338.183: [ParNew: 36762K->2646K(37568K), 0.0006710 secs] 136167K->102079K(163952K), 0.0007020 secs] [Times: user=0.00 sys=0.00, real=0.00 secs] 
338.184: Total time for which application threads were stopped: 0.0008020 seconds, Stopping threads took: 0.0000460 seconds
338.603: Application time: 0.4197860 seconds
338.603: [GC338.603: [ParNew: 35972K->2521K(37568K), 0.0007500 secs] 135405K->101954K(163952K), 0.0007770 secs] [Times: user=0.00 sys=0.00, real=0.00 secs] 
338.604: Total time for which application threads were stopped: 0.0009270 seconds, Stopping threads took: 0.0000900 seconds
339.059: Application time: 0.4548570 seconds
339.059: [GC339.059: [ParNew: 35811K->2083K(37568K), 0.0007650 secs] 135244K->101716K(163952K), 0.0007990 secs] [Times: user=0.01 sys=0.00, real=0.00 secs] 
339.060: Total time for which application threads were stopped: 0.0009590 seconds, Stopping threads took: 0.0001000 seconds
339.520: Application time: 0.4599250 seconds
339.520: [GC339.520: [ParNew: 35488K->2613K(37568K), 0.0007850 secs] 135121K->102246K(163952K), 0.0008210 secs] [Times: user=0.01 sys=0.00, real=0.00 secs] 
339.521: Total time for which application threads were stopped: 0.0009720 seconds, Stopping threads took: 0.0000810 seconds
339.945: Application time: 0.4236040 seconds
339.945: [GC339.945: [ParNew: 35930K->3042K(37568K), 0.0008360 secs] 135562K->102704K(163952K), 0.0008750 secs] [Times: user=0.01 sys=0.00, real=0.00 secs] 
339.946: Total time for which application threads were stopped: 0.0010090 seconds, Stopping threads took: 0.0000760 seconds
340.388: Application time: 0.4426420 seconds
340.388: [GC340.388: [ParNew: 36204K->2279K(37568K), 0.0007450 secs] 135865K->102140K(163952K), 0.0007770 secs] [Times: user=0.01 sys=0.00, real=0.01 secs] 
340.389: Total time for which application threads were stopped: 0.0009080 seconds, Stopping threads took: 0.0000700 seconds
340.814: Application time: 0.4250710 seconds
340.814: Total time for which application threads were stopped: 0.0000880 seconds, Stopping threads took: 0.0000690 seconds
340.815: Application time: 0.0008210 seconds
340.815: [GC340.815: [ParNew: 36047K->2281K(37568K), 0.0006310 secs] 135908K->102170K(163952K), 0.0006600 secs] [Times: user=0.01 sys=0.00, real=0.00 secs] 
340.816: Total time for which application threads were stopped: 0.0007420 seconds, Stopping threads took: 0.0000440 seconds
341.241: Application time: 0.4248580 seconds
341.241: [GC341.241: [ParNew: 35648K->2421K(37568K), 0.0007920 secs] 135537K->102339K(163952K), 0.0008300 secs] [Times: user=0.01 sys=0.00, real=0.00 secs] 
341.242: Total time for which application threads were stopped: 0.0009810 seconds, Stopping threads took: 0.0000810 seconds
341.641: Application time: 0.3995060 seconds
341.641: Total time for which application threads were stopped: 0.0000920 seconds, Stopping threads took: 0.0000710 seconds
341.643: Application time: 0.0015870 seconds
341.643: [GC341.643: [ParNew: 35988K->2083K(37568K), 0.0006960 secs] 135906K->102172K(163952K), 0.0007350 secs] [Times: user=0.01 sys=0.00, real=0.00 secs] 
341.644: Total time for which application threads were stopped: 0.0008320 seconds, Stopping threads took: 0.0000540 seconds
342.047: Application time: 0.4030660 seconds
342.047: [GC342.047: [ParNew: 35436K->2309K(37568K), 0.0006550 secs] 135525K->102398K(163952K), 0.0006930 secs] [Times: user=0.01 sys=0.00, real=0.00 secs] 
342.048: Total time for which application threads were stopped: 0.0008360 seconds, Stopping threads took: 0.0000770 seconds
342.482: Application time: 0.4340490 seconds
342.482: [GC342.482: [ParNew: 35686K->2026K(37568K), 0.0007710 secs] 135775K->102172K(163952K), 0.0008020 secs] [Times: user=0.00 sys=0.00, real=0.00 secs] 
342.483: Total time for which application threads were stopped: 0.0009340 seconds, Stopping threads took: 0.0000740 seconds
342.869: Application time: 0.3861970 seconds
342.869: Total time for which application threads were stopped: 0.0001130 seconds, Stopping threads took: 0.0000850 seconds
342.873: Application time: 0.0041360 seconds
342.873: [GC342.873: [ParNew: 35515K->2377K(37568K), 0.0006570 secs] 135661K->102523K(163952K), 0.0006870 secs] [Times: user=0.00 sys=0.00, real=0.00 secs] 
342.874: Total time for which application threads were stopped: 0.0007780 seconds, Stopping threads took: 0.0000400 seconds
343.276: Application time: 0.4019610 seconds
343.276: [GC343.276: [ParNew: 35602K->2281K(37568K), 0.0007460 secs] 135748K->102627K(163952K), 0.0007800 secs] [Times: user=0.00 sys=0.00, real=0.00 secs] 
343.277: Total time for which application threads were stopped: 0.0009140 seconds, Stopping threads took: 0.0000770 seconds
343.708: Application time: 0.4314940 seconds
343.708: [GC343.708: [ParNew: 35452K->2223K(37568K), 0.0006720 secs] 135798K->102598K(163952K), 0.0007040 secs] [Times: user=0.00 sys=0.00, real=0.01 secs] 
343.709: Total time for which application threads were stopped: 0.0008460 seconds, Stopping threads took: 0.0000810 seconds
344.106: Application time: 0.3969860 seconds
344.106: [GC344.106: [ParNew: 35577K->2281K(37568K), 0.0007820 secs] 135952K->102826K(163952K), 0.0008130 secs] [Times: user=0.00 sys=0.00, real=0.00 secs] 
344.107: Total time for which application threads were stopped: 0.0009580 seconds, Stopping threads took: 0.0000900 seconds
344.509: Application time: 0.4019370 seconds
344.509: [GC344.509: [ParNew: 35521K->2507K(37568K), 0.0006870 secs] 136066K->103080K(163952K), 0.0007220 secs] [Times: user=0.01 sys=0.00, real=0.00 secs] 
344.510: Total time for which application threads were stopped: 0.0008690 seconds, Stopping threads took: 0.0000800 seconds
344.946: Application time: 0.4357460 seconds
344.946: [GC344.946: [ParNew: 35860K->2663K(37568K), 0.0007710 secs] 136433K->103293K(163952K), 0.0008080 secs] [Times: user=0.00 sys=0.00, real=0.00 secs] 
344.947: Total time for which application threads were stopped: 0.0009610 seconds, Stopping threads took: 0.0000950 seconds
345.355: Application time: 0.4085290 seconds
345.355: Total time for which application threads were stopped: 0.0001010 seconds, Stopping threads took: 0.0000740 seconds
345.356: Application time: 0.0009680 seconds
345.356: [GC345.356: [ParNew: 36355K->2466K(37568K), 0.0007400 secs] 136986K->103239K(163952K), 0.0007750 secs] [Times: user=0.00 sys=0.00, real=0.00 secs] 
345.357: Total time for which application threads were stopped: 0.0008620 seconds, Stopping threads took: 0.0000400 seconds
345.756: Application time: 0.3988670 seconds
345.756: [GC345.756: [ParNew: 35838K->2641K(37568K), 0.0007240 secs] 136611K->103443K(163952K), 0.0007580 secs] [Times: user=0.00 sys=0.00, real=0.00 secs] 
345.757: Total time for which application threads were stopped: 0.0009050 seconds, Stopping threads took: 0.0000900 seconds
346.183: Application time: 0.4259230 seconds
346.183: [GC346.183: [ParNew: 36004K->2195K(37568K), 0.0007130 secs] 136806K->103054K(163952K), 0.0007490 secs] [Times: user=0.01 sys=0.00, real=0.00 secs] 
346.184: Total time for which application threads were stopped: 0.0008960 seconds, Stopping threads took: 0.0000780 seconds
346.611: Application time: 0.4269910 seconds
346.611: [GC346.611: [ParNew: 35546K->2279K(37568K), 0.0007620 secs] 136405K->103280K(163952K), 0.0007990 secs] [Times: user=0.01 sys=0.00, real=0.00 secs] 
346.612: Total time for which application threads were stopped: 0.0009520 seconds, Stopping threads took: 0.0000930 seconds
346.996: Application time: 0.3845980 seconds
346.996: [GC346.996: [ParNew: 35601K->2535K(37568K), 0.0022010 secs] 136603K->103565K(163952K), 0.0022410 secs] [Times: user=0.01 sys=0.00, real=0.01 secs] 
346.999: Total time for which application threads were stopped: 0.0023700 seconds, Stopping threads took: 0.0000670 seconds
347.417: Application time: 0.4181120 seconds
347.417: [GC347.417: [ParNew: 35940K->2563K(37568K), 0.0008610 secs] 136970K->103678K(163952K), 0.0008980 secs] [Times: user=0.00 sys=0.00, real=0.01 secs] 
347.418: Total time for which application threads were stopped: 0.0010530 seconds, Stopping threads took: 0.0001000 seconds
347.847: Application time: 0.4295450 seconds
347.847: [GC347.847: [ParNew: 35931K->1688K(37568K), 0.0007030 secs] 137047K->102917K(163952K), 0.0007400 secs] [Times: user=0.00 sys=0.00, real=0.00 secs] 
347.848: Total time for which application threads were stopped: 0.0009160 seconds, Stopping threads took: 0.0000990 seconds
348.230: Application time: 0.3815850 seconds
348.230: [GC348.230: [ParNew: 35064K->2832K(37568K), 0.0007820 secs] 136294K->104062K(163952K), 0.0008140 secs] [Times: user=0.00 sys=0.00, real=0.00 secs] 
348.231: Total time for which application threads were stopped: 0.0009650 seconds, Stopping threads took: 0.0000960 seconds
348.649: Application time: 0.4180580 seconds
348.649: [GC348.649: [ParNew: 36167K->2761K(37568K), 0.0009240 secs] 137396K->104104K(163952K), 0.0009630 secs] [Times: user=0.00 sys=0.01, real=0.01 secs] 
348.650: Total time for which application threads were stopped: 0.0011060 seconds, Stopping threads took: 0.0000760 seconds
349.072: Application time: 0.4219840 seconds
349.072: [GC349.072: [ParNew: 35931K->1686K(37568K), 0.0007250 secs] 137275K->103144K(163952K), 0.0007590 secs] [Times: user=0.00 sys=0.00, real=0.00 secs] 
349.073: Total time for which application threads were stopped: 0.0009190 seconds, Stopping threads took: 0.0001040 seconds
349.467: Application time: 0.3940800 seconds
349.467: [GC349.467: [ParNew: 34990K->2761K(37568K), 0.0007800 secs] 136448K->104218K(163952K), 0.0008130 secs] [Times: user=0.01 sys=0.00, real=0.00 secs] 
349.468: Total time for which application threads were stopped: 0.0009540 seconds, Stopping threads took: 0.0000750 seconds
349.885: Application time: 0.4175290 seconds
349.885: [GC349.885: [ParNew: 36165K->2761K(37568K), 0.0008700 secs] 137622K->104332K(163952K), 0.0009070 secs] [Times: user=0.00 sys=0.00, real=0.00 secs] 
349.886: Total time for which application threads were stopped: 0.0010410 seconds, Stopping threads took: 0.0000740 seconds
350.317: Application time: 0.4306320 seconds
350.317: [GC350.317: [ParNew: 36120K->2479K(37568K), 0.0007200 secs] 137692K->104165K(163952K), 0.0007530 secs] [Times: user=0.00 sys=0.00, real=0.00 secs] 
350.318: Total time for which application threads were stopped: 0.0009050 seconds, Stopping threads took: 0.0000900 seconds
350.719: Application time: 0.4014090 seconds
350.719: Total time for which application threads were stopped: 0.0000910 seconds, Stopping threads took: 0.0000730 seconds
350.720: Application time: 0.0005060 seconds
350.720: [GC350.720: [ParNew: 36216K->2333K(37568K), 0.0006680 secs] 137902K->104047K(163952K), 0.0006990 secs] [Times: user=0.01 sys=0.00, real=0.00 secs] 
350.721: Total time for which application threads were stopped: 0.0007910 seconds, Stopping threads took: 0.0000530 seconds
351.130: Application time: 0.4088750 seconds
351.130: [GC351.130: [ParNew: 35730K->2761K(37568K), 0.0008370 secs] 137444K->104560K(163952K), 0.0008740 secs] [Times: user=0.00 sys=0.00, real=0.00 secs] 
351.131: Total time for which application threads were stopped: 0.0010080 seconds, Stopping threads took: 0.0000670 seconds
351.551: Application time: 0.4199850 seconds
351.551: [GC351.551: [ParNew: 36123K->2676K(37568K), 0.0007710 secs] 137923K->104590K(163952K), 0.0008030 secs] [Times: user=0.01 sys=0.00, real=0.00 secs] 
351.552: Total time for which application threads were stopped: 0.0009520 seconds, Stopping threads took: 0.0000930 seconds
351.961: Application time: 0.4089920 seconds
351.961: [GC351.961: [ParNew: 35884K->2365K(37568K), 0.0006560 secs] 137798K->104308K(163952K), 0.0006880 secs] [Times: user=0.00 sys=0.00, real=0.00 secs] 
351.961: Total time for which application threads were stopped: 0.0008370 seconds, Stopping threads took: 0.0000860 seconds
352.383: Application time: 0.4217480 seconds
352.383: [GC352.383: [ParNew: 35751K->2804K(37568K), 0.0008630 secs] 137694K->104861K(163952K), 0.0009000 secs] [Times: user=0.01 sys=0.00, real=0.00 secs] 
352.384: Total time for which application threads were stopped: 0.0010530 seconds, Stopping threads took: 0.0000950 seconds
352.785: Application time: 0.4003680 seconds
352.785: [GC352.785: [ParNew: 36093K->2479K(37568K), 0.0007440 secs] 138150K->104621K(163952K), 0.0007750 secs] [Times: user=0.00 sys=0.00, real=0.00 secs] 
352.785: Total time for which application threads were stopped: 0.0009160 seconds, Stopping threads took: 0.0000680 seconds
353.193: Application time: 0.4074460 seconds
353.193: [GC353.193: [ParNew: 35772K->2393K(37568K), 0.0007250 secs] 137914K->104564K(163952K), 0.0007570 secs] [Times: user=0.00 sys=0.00, real=0.00 secs] 
353.194: Total time for which application threads were stopped: 0.0009030 seconds, Stopping threads took: 0.0000880 seconds
353.612: Application time: 0.4179210 seconds
353.612: [GC353.612: [ParNew: 35759K->2633K(37568K), 0.0007430 secs] 137929K->104946K(163952K), 0.0007760 secs] [Times: user=0.01 sys=0.00, real=0.00 secs] 
353.613: Total time for which application threads were stopped: 0.0008890 seconds, Stopping threads took: 0.0000500 seconds
354.016: Application time: 0.4028510 seconds
354.016: [GC354.016: [ParNew: 35989K->2611K(37568K), 0.0008160 secs] 138302K->104982K(163952K), 0.0008530 secs] [Times: user=0.01 sys=0.00, real=0.00 secs] 
354.017: Total time for which application threads were stopped: 0.0010110 seconds, Stopping threads took: 0.0000980 seconds
354.418: Application time: 0.4013580 seconds
354.418: [GC354.418: [ParNew: 35767K->2391K(37568K), 0.0007850 secs] 138137K->104790K(163952K), 0.0008200 secs] [Times: user=0.01 sys=0.00, real=0.00 secs] 
354.419: Total time for which application threads were stopped: 0.0009640 seconds, Stopping threads took: 0.0000790 seconds
354.831: Application time: 0.4125190 seconds
354.831: [GC354.832: [ParNew: 35757K->2839K(37568K), 0.0008420 secs] 138156K->105381K(163952K), 0.0008760 secs] [Times: user=0.00 sys=0.00, real=0.00 secs] 
354.832: Total time for which application threads were stopped: 0.0010180 seconds, Stopping threads took: 0.0000850 seconds
355.247: Application time: 0.4147270 seconds
355.247: [GC355.247: [ParNew: 36067K->2672K(37568K), 0.0007360 secs] 138608K->105271K(163952K), 0.0007670 secs] [Times: user=0.00 sys=0.00, real=0.00 secs] 
355.248: Total time for which application threads were stopped: 0.0009140 seconds, Stopping threads took: 0.0000870 seconds
355.642: Application time: 0.3944030 seconds
355.643: [GC355.643: [ParNew: 35963K->2391K(37568K), 0.0007880 secs] 138562K->105018K(163952K), 0.0008260 secs] [Times: user=0.00 sys=0.00, real=0.00 secs] 
355.643: Total time for which application threads were stopped: 0.0009840 seconds, Stopping threads took: 0.0000970 seconds
356.065: Application time: 0.4219050 seconds
356.065: [GC356.065: [ParNew: 35629K->2307K(37568K), 0.0007650 secs] 138256K->105076K(163952K), 0.0007990 secs] [Times: user=0.00 sys=0.00, real=0.00 secs] 
356.066: Total time for which application threads were stopped: 0.0009650 seconds, Stopping threads took: 0.0000970 seconds
356.496: Application time: 0.4297220 seconds
356.496: [GC356.496: [ParNew: 35661K->2477K(37568K), 0.0007940 secs] 138430K->105303K(163952K), 0.0008300 secs] [Times: user=0.00 sys=0.00, real=0.00 secs] 
356.497: Total time for which application threads were stopped: 0.0009790 seconds, Stopping threads took: 0.0000890 seconds
356.928: Application time: 0.4311080 seconds
356.928: [GC356.928: [ParNew: 35759K->2789K(37568K), 0.0007750 secs] 138586K->105644K(163952K), 0.0008200 secs] [Times: user=0.00 sys=0.00, real=0.01 secs] 
356.929: Total time for which application threads were stopped: 0.0009630 seconds, Stopping threads took: 0.0000740 seconds
357.382: Application time: 0.4531760 seconds
357.382: [GC357.382: [ParNew: 36171K->2246K(37568K), 0.0007070 secs] 139026K->105244K(163952K), 0.0007440 secs] [Times: user=0.01 sys=0.00, real=0.00 secs] 
357.383: Total time for which application threads were stopped: 0.0008610 seconds, Stopping threads took: 0.0000660 seconds
357.845: Application time: 0.4618930 seconds
357.845: [GC357.845: [ParNew: 35600K->2613K(37568K), 0.0007880 secs] 138597K->105668K(163952K), 0.0008240 secs] [Times: user=0.01 sys=0.00, real=0.00 secs] 
357.846: Total time for which application threads were stopped: 0.0009760 seconds, Stopping threads took: 0.0000780 seconds
358.271: Application time: 0.4248170 seconds
358.271: [GC358.271: [ParNew: 35973K->2789K(37568K), 0.0007390 secs] 139028K->105872K(163952K), 0.0007800 secs] [Times: user=0.01 sys=0.00, real=0.00 secs] 
358.272: Total time for which application threads were stopped: 0.0008980 seconds, Stopping threads took: 0.0000640 seconds
358.715: Application time: 0.4429290 seconds
358.715: Total time for which application threads were stopped: 0.0001290 seconds, Stopping threads took: 0.0000980 seconds
358.717: Application time: 0.0023180 seconds
358.717: [GC358.717: [ParNew: 36232K->2507K(37568K), 0.0008170 secs] 139315K->105732K(163952K), 0.0008490 secs] [Times: user=0.01 sys=0.00, real=0.00 secs] 
358.718: Total time for which application threads were stopped: 0.0009470 seconds, Stopping threads took: 0.0000530 seconds
359.190: Application time: 0.4717070 seconds
359.190: Total time for which application threads were stopped: 0.0001020 seconds, Stopping threads took: 0.0000790 seconds
359.192: Application time: 0.0023400 seconds
359.192: [GC359.192: [ParNew: 36480K->2281K(37568K), 0.0007420 secs] 139706K->105564K(163952K), 0.0007750 secs] [Times: user=0.01 sys=0.00, real=0.00 secs] 
359.193: Total time for which application threads were stopped: 0.0008930 seconds, Stopping threads took: 0.0000690 seconds
359.653: Application time: 0.4604140 seconds
359.654: [GC359.654: [ParNew: 35567K->2393K(37568K), 0.0007720 secs] 138850K->105704K(163952K), 0.0008080 secs] [Times: user=0.00 sys=0.00, real=0.00 secs] 
359.654: Total time for which application threads were stopped: 0.0009440 seconds, Stopping threads took: 0.0000720 seconds
360.063: Application time: 0.4089620 seconds
360.064: [GC360.064: [ParNew: 35719K->2535K(37568K), 0.0007730 secs] 139030K->105989K(163952K), 0.0008070 secs] [Times: user=0.01 sys=0.00, real=0.00 secs] 
360.064: Total time for which application threads were stopped: 0.0009450 seconds, Stopping threads took: 0.0000800 seconds
360.510: Application time: 0.4454050 seconds
360.510: Total time for which application threads were stopped: 0.0001210 seconds, Stopping threads took: 0.0000890 seconds
360.511: Application time: 0.0013420 seconds
360.511: [GC360.511: [ParNew: 36421K->2253K(37568K), 0.0006650 secs] 139875K->105792K(163952K), 0.0006980 secs] [Times: user=0.00 sys=0.00, real=0.00 secs] 
360.512: Total time for which application threads were stopped: 0.0007890 seconds, Stopping threads took: 0.0000460 seconds
360.953: Application time: 0.4410220 seconds
360.953: [GC360.953: [ParNew: 35547K->1998K(37568K), 0.0006180 secs] 139086K->105537K(163952K), 0.0006540 secs] [Times: user=0.00 sys=0.00, real=0.00 secs] 
360.954: Total time for which application threads were stopped: 0.0007920 seconds, Stopping threads took: 0.0000810 seconds
361.323: Application time: 0.3687210 seconds
361.323: [GC361.323: [ParNew: 35311K->2675K(37568K), 0.0008080 secs] 138850K->106214K(163952K), 0.0008420 secs] [Times: user=0.00 sys=0.00, real=0.00 secs] 
361.324: Total time for which application threads were stopped: 0.0009850 seconds, Stopping threads took: 0.0000770 seconds
361.742: Application time: 0.4182160 seconds
361.742: [GC361.742: [ParNew: 36015K->2720K(37568K), 0.0008860 secs] 139554K->106488K(163952K), 0.0009230 secs] [Times: user=0.00 sys=0.00, real=0.00 secs] 
361.743: Total time for which application threads were stopped: 0.0010780 seconds, Stopping threads took: 0.0000970 seconds
362.173: Application time: 0.4299960 seconds
362.173: [GC362.173: [ParNew: 36098K->2493K(37568K), 0.0007370 secs] 139865K->106261K(163952K), 0.0007710 secs] [Times: user=0.01 sys=0.01, real=0.00 secs] 
362.174: Total time for which application threads were stopped: 0.0009110 seconds, Stopping threads took: 0.0000760 seconds
362.568: Application time: 0.3939990 seconds
362.568: [GC362.568: [ParNew: 35660K->2507K(37568K), 0.0021710 secs] 139427K->106445K(163952K), 0.0022100 secs] [Times: user=0.01 sys=0.00, real=0.01 secs] 
362.570: Total time for which application threads were stopped: 0.0023470 seconds, Stopping threads took: 0.0000820 seconds
362.981: Application time: 0.4113210 seconds
362.982: Total time for which application threads were stopped: 0.0001240 seconds, Stopping threads took: 0.0000940 seconds
362.982: Application time: 0.0000590 seconds
362.982: [GC362.982: [ParNew: 35982K->2646K(37568K), 0.0007910 secs] 139920K->106642K(163952K), 0.0008300 secs] [Times: user=0.00 sys=0.00, real=0.00 secs] 
362.983: Total time for which application threads were stopped: 0.0009270 seconds, Stopping threads took: 0.0000510 seconds
363.405: Application time: 0.4225770 seconds
363.405: [GC363.405: [ParNew: 35962K->3114K(37568K), 0.0007340 secs] 139957K->107110K(163952K), 0.0007670 secs] [Times: user=0.01 sys=0.00, real=0.00 secs] 
363.406: Total time for which application threads were stopped: 0.0009130 seconds, Stopping threads took: 0.0000910 seconds
363.804: Application time: 0.3974760 seconds
363.804: [GC363.804: [ParNew: 36409K->2083K(37568K), 0.0007130 secs] 140405K->106278K(163952K), 0.0007460 secs] [Times: user=0.00 sys=0.00, real=0.00 secs] 
363.804: Total time for which application threads were stopped: 0.0008870 seconds, Stopping threads took: 0.0000760 seconds
364.218: Application time: 0.4132400 seconds
364.218: [GC364.218: [ParNew: 35356K->2674K(37568K), 0.0007170 secs] 139551K->106870K(163952K), 0.0007450 secs] [Times: user=0.00 sys=0.00, real=0.00 secs] 
364.219: Total time for which application threads were stopped: 0.0008680 seconds, Stopping threads took: 0.0000720 seconds
364.634: Application time: 0.4154870 seconds
364.634: Total time for which application threads were stopped: 0.0000890 seconds, Stopping threads took: 0.0000650 seconds
364.634: Application time: 0.0000510 seconds
364.634: [GC364.634: [ParNew: 36125K->3040K(37568K), 0.0008650 secs] 140320K->107264K(163952K), 0.0008960 secs] [Times: user=0.01 sys=0.00, real=0.00 secs] 
364.635: Total time for which application threads were stopped: 0.0009790 seconds, Stopping threads took: 0.0000390 seconds
365.038: Application time: 0.4027900 seconds
365.038: Total time for which application threads were stopped: 0.0001040 seconds, Stopping threads took: 0.0000840 seconds
365.039: Application time: 0.0009090 seconds
365.039: [GC365.039: [ParNew: 36607K->2479K(37568K), 0.0007820 secs] 140830K->106902K(163952K), 0.0008160 secs] [Times: user=0.00 sys=0.00, real=0.00 secs] 
365.040: Total time for which application threads were stopped: 0.0009090 seconds, Stopping threads took: 0.0000440 seconds
365.467: Application time: 0.4276510 seconds
365.468: Total time for which application threads were stopped: 0.0001070 seconds, Stopping threads took: 0.0000810 seconds
365.469: Application time: 0.0015000 seconds
365.469: [GC365.469: [ParNew: 36028K->2312K(37568K), 0.0006930 secs] 140451K->106764K(163952K), 0.0007250 secs] [Times: user=0.01 sys=0.00, real=0.00 secs] 
365.470: Total time for which application threads were stopped: 0.0008080 seconds, Stopping threads took: 0.0000390 seconds
365.473: Application time: 0.0031520 seconds
365.473: [GC365.473: [ParNew: 2655K->345K(37568K), 0.0005740 secs] 107107K->106694K(163952K), 0.0005940 secs] [Times: user=0.00 sys=0.00, real=0.00 secs] 
365.474: Total time for which application threads were stopped: 0.0006730 seconds, Stopping threads took: 0.0000430 seconds
365.872: Application time: 0.3983620 seconds
365.872: [GC365.872: [ParNew: 33722K->2917K(37568K), 0.0008360 secs] 140071K->109266K(163952K), 0.0008700 secs] [Times: user=0.00 sys=0.00, real=0.00 secs] 
365.873: Total time for which application threads were stopped: 0.0010050 seconds, Stopping threads took: 0.0000780 seconds
366.266: Application time: 0.3933080 seconds
366.267: [GC366.267: [ParNew: 36204K->2946K(37568K), 0.0008380 secs] 142553K->109630K(163952K), 0.0008730 secs] [Times: user=0.01 sys=0.00, real=0.00 secs] 
366.267: Total time for which application threads were stopped: 0.0010070 seconds, Stopping threads took: 0.0000680 seconds
366.705: Application time: 0.4375420 seconds
366.705: [GC366.705: [ParNew: 36245K->2281K(37568K), 0.0007480 secs] 142928K->108993K(163952K), 0.0007850 secs] [Times: user=0.01 sys=0.00, real=0.00 secs] 
366.706: Total time for which application threads were stopped: 0.0009330 seconds, Stopping threads took: 0.0000880 seconds
367.117: Application time: 0.4107710 seconds
367.117: Total time for which application threads were stopped: 0.0001330 seconds, Stopping threads took: 0.0001060 seconds
367.119: Application time: 0.0019960 seconds
367.119: [GC367.119: [ParNew: 36052K->2610K(37568K), 0.0007820 secs] 142764K->109351K(163952K), 0.0008240 secs] [Times: user=0.01 sys=0.00, real=0.00 secs] 
367.120: Total time for which application threads were stopped: 0.0009210 seconds, Stopping threads took: 0.0000510 seconds
367.514: Application time: 0.3940280 seconds
367.514: [GC367.514: [ParNew: 35967K->2281K(37568K), 0.0007500 secs] 142708K->109193K(163952K), 0.0007840 secs] [Times: user=0.00 sys=0.00, real=0.00 secs] 
367.515: Total time for which application threads were stopped: 0.0009320 seconds, Stopping threads took: 0.0000930 seconds
367.926: Application time: 0.4110320 seconds
367.926: [GC367.926: [ParNew: 35436K->2475K(37568K), 0.0006860 secs] 142348K->109415K(163952K), 0.0007190 secs] [Times: user=0.01 sys=0.00, real=0.00 secs] 
367.927: Total time for which application threads were stopped: 0.0008640 seconds, Stopping threads took: 0.0000830 seconds
368.336: Application time: 0.4097430 seconds
368.336: [GC368.336: [ParNew: 35841K->2619K(37568K), 0.0007610 secs] 142781K->109588K(163952K), 0.0007940 secs] [Times: user=0.01 sys=0.00, real=0.01 secs] 
368.337: Total time for which application threads were stopped: 0.0009260 seconds, Stopping threads took: 0.0000760 seconds
368.736: Application time: 0.3990230 seconds
368.736: [GC368.736: [ParNew: 35980K->2479K(37568K), 0.0008810 secs] 142948K->109619K(163952K), 0.0009180 secs] [Times: user=0.01 sys=0.00, real=0.01 secs] 
368.737: Total time for which application threads were stopped: 0.0010730 seconds, Stopping threads took: 0.0000880 seconds
369.158: Application time: 0.4206270 seconds
369.158: [GC369.158: [ParNew: 35831K->2676K(37568K), 0.0007740 secs] 142971K->109845K(163952K), 0.0008060 secs] [Times: user=0.01 sys=0.00, real=0.00 secs] 
369.159: Total time for which application threads were stopped: 0.0009870 seconds, Stopping threads took: 0.0001200 seconds
369.581: Application time: 0.4220800 seconds
369.581: [GC369.581: [ParNew: 36056K->2619K(37568K), 0.0007350 secs] 143224K->109816K(163952K), 0.0007660 secs] [Times: user=0.01 sys=0.00, real=0.00 secs] 
369.582: Total time for which application threads were stopped: 0.0009080 seconds, Stopping threads took: 0.0000790 seconds
369.971: Application time: 0.3893950 seconds
369.971: [GC369.972: [ParNew: 35973K->2676K(37568K), 0.0008330 secs] 143170K->110044K(163952K), 0.0008680 secs] [Times: user=0.00 sys=0.00, real=0.00 secs] 
369.972: Total time for which application threads were stopped: 0.0010080 seconds, Stopping threads took: 0.0000830 seconds
370.386: Application time: 0.4137370 seconds
370.386: Total time for which application threads were stopped: 0.0001100 seconds, Stopping threads took: 0.0000760 seconds
370.387: Application time: 0.0003110 seconds
370.387: [GC370.387: [ParNew: 36327K->2505K(37568K), 0.0007590 secs] 143695K->109901K(163952K), 0.0007890 secs] [Times: user=0.01 sys=0.00, real=0.00 secs] 
370.387: Total time for which application threads were stopped: 0.0008740 seconds, Stopping threads took: 0.0000420 seconds
370.810: Application time: 0.4230650 seconds
370.811: [GC370.811: [ParNew: 35797K->2193K(37568K), 0.0007690 secs] 143193K->109647K(163952K), 0.0008060 secs] [Times: user=0.01 sys=0.00, real=0.00 secs] 
370.811: Total time for which application threads were stopped: 0.0009600 seconds, Stopping threads took: 0.0000940 seconds
371.230: Application time: 0.4181620 seconds
371.230: [GC371.230: [ParNew: 35349K->2083K(37568K), 0.0008060 secs] 142803K->109679K(163952K), 0.0008360 secs] [Times: user=0.00 sys=0.00, real=0.00 secs] 
371.231: Total time for which application threads were stopped: 0.0009780 seconds, Stopping threads took: 0.0000790 seconds
371.620: Application time: 0.3893960 seconds
371.620: [GC371.620: [ParNew: 35316K->2732K(37568K), 0.0008140 secs] 142912K->110329K(163952K), 0.0008430 secs] [Times: user=0.01 sys=0.00, real=0.00 secs] 
371.621: Total time for which application threads were stopped: 0.0009970 seconds, Stopping threads took: 0.0000960 seconds
372.035: Application time: 0.4143050 seconds
372.035: Total time for which application threads were stopped: 0.0001120 seconds, Stopping threads took: 0.0000800 seconds
372.037: Application time: 0.0019370 seconds
372.037: [GC372.037: [ParNew: 36429K->2591K(37568K), 0.0007840 secs] 144026K->110273K(163952K), 0.0008180 secs] [Times: user=0.00 sys=0.00, real=0.00 secs] 
372.038: Total time for which application threads were stopped: 0.0009280 seconds, Stopping threads took: 0.0000590 seconds
372.480: Application time: 0.4420040 seconds
372.480: [GC372.480: [ParNew: 35954K->2083K(37568K), 0.0007610 secs] 143635K->109908K(163952K), 0.0007980 secs] [Times: user=0.00 sys=0.00, real=0.00 secs] 
372.481: Total time for which application threads were stopped: 0.0009420 seconds, Stopping threads took: 0.0000850 seconds
372.907: Application time: 0.4256930 seconds
372.907: [GC372.907: [ParNew: 35316K->2928K(37568K), 0.0007790 secs] 143140K->110752K(163952K), 0.0008170 secs] [Times: user=0.00 sys=0.00, real=0.00 secs] 
372.908: Total time for which application threads were stopped: 0.0009580 seconds, Stopping threads took: 0.0000720 seconds
373.355: Application time: 0.4469790 seconds
373.355: Total time for which application threads were stopped: 0.0000820 seconds, Stopping threads took: 0.0000620 seconds
373.355: Application time: 0.0002340 seconds
373.355: [GC373.355: [ParNew: 36627K->2789K(37568K), 0.0007760 secs] 144452K->110698K(163952K), 0.0008120 secs] [Times: user=0.00 sys=0.00, real=0.00 secs] 
373.356: Total time for which application threads were stopped: 0.0009000 seconds, Stopping threads took: 0.0000410 seconds
373.837: Application time: 0.4810080 seconds
373.837: [GC373.837: [ParNew: 35952K->2083K(37568K), 0.0007180 secs] 143861K->110136K(163952K), 0.0007560 secs] [Times: user=0.01 sys=0.00, real=0.00 secs] 
373.838: Total time for which application threads were stopped: 0.0009050 seconds, Stopping threads took: 0.0000810 seconds
374.262: Application time: 0.4237280 seconds
374.262: [GC374.262: [ParNew: 35446K->2668K(37568K), 0.0007910 secs] 143498K->110720K(163952K), 0.0008280 secs] [Times: user=0.01 sys=0.00, real=0.00 secs] 
374.263: Total time for which application threads were stopped: 0.0009630 seconds, Stopping threads took: 0.0000790 seconds
374.714: Application time: 0.4516990 seconds
374.715: [GC374.715: [ParNew: 36023K->2789K(37568K), 0.0008710 secs] 144076K->110927K(163952K), 0.0009080 secs] [Times: user=0.01 sys=0.00, real=0.00 secs] 
374.715: Total time for which application threads were stopped: 0.0010550 seconds, Stopping threads took: 0.0000780 seconds
375.172: Application time: 0.4566390 seconds
375.172: [GC375.172: [ParNew: 35951K->2079K(37568K), 0.0007730 secs] 144089K->110360K(163952K), 0.0008070 secs] [Times: user=0.01 sys=0.00, real=0.00 secs] 
375.173: Total time for which application threads were stopped: 0.0009690 seconds, Stopping threads took: 0.0000970 seconds
375.608: Application time: 0.4348060 seconds
375.608: [GC375.608: [ParNew: 35392K->2563K(37568K), 0.0007700 secs] 143673K->110843K(163952K), 0.0008070 secs] [Times: user=0.01 sys=0.00, real=0.00 secs] 
375.609: Total time for which application threads were stopped: 0.0009520 seconds, Stopping threads took: 0.0000800 seconds
376.073: Application time: 0.4640640 seconds
376.073: [GC376.073: [ParNew: 35970K->2761K(37568K), 0.0008510 secs] 144251K->111155K(163952K), 0.0008870 secs] [Times: user=0.00 sys=0.00, real=0.00 secs] 
376.074: Total time for which application threads were stopped: 0.0010250 seconds, Stopping threads took: 0.0000810 seconds
376.496: Application time: 0.4217110 seconds
376.496: Total time for which application threads were stopped: 0.0001020 seconds, Stopping threads took: 0.0000730 seconds
376.497: Application time: 0.0015640 seconds
376.497: [GC376.497: [ParNew: 36326K->2281K(37568K), 0.0006710 secs] 144720K->110790K(163952K), 0.0007060 secs] [Times: user=0.00 sys=0.00, real=0.00 secs] 
376.498: Total time for which application threads were stopped: 0.0007950 seconds, Stopping threads took: 0.0000420 seconds
376.903: Application time: 0.4050300 seconds
376.903: [GC376.903: [ParNew: 35604K->2335K(37568K), 0.0007210 secs] 144113K->110872K(163952K), 0.0007570 secs] [Times: user=0.01 sys=0.00, real=0.00 secs] 
376.904: Total time for which application threads were stopped: 0.0008900 seconds, Stopping threads took: 0.0000730 seconds
377.323: Application time: 0.4192070 seconds
377.323: [GC377.323: [ParNew: 35733K->2756K(37568K), 0.0008010 secs] 144271K->111379K(163952K), 0.0008310 secs] [Times: user=0.00 sys=0.00, real=0.00 secs] 
377.324: Total time for which application threads were stopped: 0.0009670 seconds, Stopping threads took: 0.0000730 seconds
377.740: Application time: 0.4156860 seconds
377.740: Total time for which application threads were stopped: 0.0001060 seconds, Stopping threads took: 0.0000820 seconds
377.741: Application time: 0.0009960 seconds
377.741: [GC377.741: [ParNew: 36324K->2270K(37568K), 0.0006140 secs] 144946K->111007K(163952K), 0.0006440 secs] [Times: user=0.01 sys=0.00, real=0.00 secs] 
377.742: Total time for which application threads were stopped: 0.0007360 seconds, Stopping threads took: 0.0000400 seconds
378.147: Application time: 0.4057540 seconds
378.148: [GC378.148: [ParNew: 35479K->2165K(37568K), 0.0006870 secs] 144216K->110931K(163952K), 0.0007210 secs] [Times: user=0.01 sys=0.00, real=0.00 secs] 
378.148: Total time for which application threads were stopped: 0.0008740 seconds, Stopping threads took: 0.0000870 seconds
378.577: Application time: 0.4284870 seconds
378.577: [GC378.577: [ParNew: 35478K->2535K(37568K), 0.0022350 secs] 144243K->111414K(163952K), 0.0022700 secs] [Times: user=0.00 sys=0.00, real=0.01 secs] 
378.579: Total time for which application threads were stopped: 0.0023980 seconds, Stopping threads took: 0.0000720 seconds
378.782: Application time: 0.2028510 seconds
378.782: Total time for which application threads were stopped: 0.0001060 seconds, Stopping threads took: 0.0000720 seconds
378.999: Application time: 0.2171370 seconds
378.999: [GC378.999: [ParNew: 35867K->2242K(37568K), 0.0007450 secs] 144747K->111207K(163952K), 0.0007800 secs] [Times: user=0.00 sys=0.00, real=0.00 secs] 
379.000: Total time for which application threads were stopped: 0.0009120 seconds, Stopping threads took: 0.0000720 seconds
379.189: Application time: 0.1888620 seconds
379.189: Total time for which application threads were stopped: 0.0000630 seconds, Stopping threads took: 0.0000430 seconds
379.223: Application time: 0.0334020 seconds
379.223: Total time for which application threads were stopped: 0.0000730 seconds, Stopping threads took: 0.0000530 seconds
379.253: Application time: 0.0303370 seconds
379.253: Total time for which application threads were stopped: 0.0000740 seconds, Stopping threads took: 0.0000550 seconds
379.269: Application time: 0.0160890 seconds
379.269: Total time for which application threads were stopped: 0.0000500 seconds, Stopping threads took: 0.0000330 seconds
379.367: Application time: 0.0976580 seconds
379.367: Total time for which application threads were stopped: 0.0000670 seconds, Stopping threads took: 0.0000400 seconds
379.399: Application time: 0.0322720 seconds
379.399: Total time for which application threads were stopped: 0.0000410 seconds, Stopping threads took: 0.0000230 seconds
379.586: Application time: 0.1869650 seconds
379.586: [GC379.586: [ParNew: 35650K->3002K(37568K), 0.0016250 secs] 144615K->111967K(163952K), 0.0016620 secs] [Times: user=0.01 sys=0.00, real=0.00 secs] 
379.588: Total time for which application threads were stopped: 0.0017440 seconds, Stopping threads took: 0.0000110 seconds
379.593: Application time: 0.0045960 seconds
379.593: Total time for which application threads were stopped: 0.0000470 seconds, Stopping threads took: 0.0000060 seconds
380.064: Application time: 0.4709690 seconds
380.064: [GC380.064: [ParNew: 36410K->3931K(37568K), 0.0051560 secs] 145375K->114951K(163952K), 0.0051970 secs] [Times: user=0.03 sys=0.00, real=0.00 secs] 
380.069: Total time for which application threads were stopped: 0.0053000 seconds, Stopping threads took: 0.0000090 seconds
380.069: Application time: 0.0000640 seconds
380.069: Total time for which application threads were stopped: 0.0000440 seconds, Stopping threads took: 0.0000230 seconds
380.069: Application time: 0.0000650 seconds
380.069: Total time for which application threads were stopped: 0.0000220 seconds, Stopping threads took: 0.0000090 seconds
380.069: Application time: 0.0000150 seconds
380.069: Total time for which application threads were stopped: 0.0000260 seconds, Stopping threads took: 0.0000180 seconds
380.069: Application time: 0.0000130 seconds
380.069: Total time for which application threads were stopped: 0.0000240 seconds, Stopping threads took: 0.0000160 seconds
380.069: Application time: 0.0000110 seconds
380.069: Total time for which application threads were stopped: 0.0000200 seconds, Stopping threads took: 0.0000120 seconds
380.069: Application time: 0.0000110 seconds
380.069: Total time for which application threads were stopped: 0.0000210 seconds, Stopping threads took: 0.0000110 seconds
380.069: Application time: 0.0000120 seconds
380.069: Total time for which application threads were stopped: 0.0000210 seconds, Stopping threads took: 0.0000130 seconds
380.069: Application time: 0.0002080 seconds
380.069: Total time for which application threads were stopped: 0.0000110 seconds, Stopping threads took: 0.0000050 seconds
380.069: Application time: 0.0000140 seconds
380.070: Total time for which application threads were stopped: 0.0000170 seconds, Stopping threads took: 0.0000100 seconds
380.070: Application time: 0.0000150 seconds
380.070: Total time for which application threads were stopped: 0.0000160 seconds, Stopping threads took: 0.0000100 seconds
380.070: Application time: 0.0000140 seconds
380.070: Total time for which application threads were stopped: 0.0000200 seconds, Stopping threads took: 0.0000140 seconds
380.070: Application time: 0.0000310 seconds
380.070: Total time for which application threads were stopped: 0.0000150 seconds, Stopping threads took: 0.0000090 seconds
380.070: Application time: 0.0001130 seconds
380.070: Total time for which application threads were stopped: 0.0000190 seconds, Stopping threads took: 0.0000120 seconds
380.091: Application time: 0.0214050 seconds
380.091: Total time for which application threads were stopped: 0.0000350 seconds, Stopping threads took: 0.0000120 seconds
380.093: Application time: 0.0018170 seconds
380.093: Total time for which application threads were stopped: 0.0000260 seconds, Stopping threads took: 0.0000080 seconds
Heap
 par new generation   total 37568K, used 6996K [0x0000000080c00000, 0x00000000834c0000, 0x00000000a96a0000)
  eden space 33408K,   9% used [0x0000000080c00000, 0x0000000080efe598, 0x0000000082ca0000)
  from space 4160K,  94% used [0x0000000082ca0000, 0x0000000083076cc0, 0x00000000830b0000)
  to   space 4160K,   0% used [0x00000000830b0000, 0x00000000830b0000, 0x00000000834c0000)
 concurrent mark-sweep generation total 126384K, used 111020K [0x00000000a96a0000, 0x00000000b120c000, 0x00000000fae00000)
 concurrent-mark-sweep perm gen total 21248K, used 12904K [0x00000000fae00000, 0x00000000fc2c0000, 0x0000000100000000)
380.093: Application time: 0.0001630 seconds
