Java HotSpot(TM) 64-Bit Server VM (24.80-b11) for linux-amd64 JRE (1.7.0_80-b15), built on Apr 10 2015 19:53:14 by "java_re" with gcc 4.3.0 20080428 (Red Hat 4.3.0-8)
Memory: 4k page, physical 8000092k(6223124k free), swap 8218620k(8218620k free)
CommandLine flags: -XX:InitialHeapSize=128001472 -XX:MaxHeapSize=2048023552 -XX:MaxNewSize=682274816 -XX:MaxTenuringThreshold=6 -XX:OldPLABSize=16 -XX:+PrintGC -XX:+PrintGCApplicationConcurrentTime -XX:+PrintGCApplicationStoppedTime -XX:+PrintGCDetails -XX:+PrintGCTimeStamps -XX:+UseCompressedOops -XX:+UseConcMarkSweepGC -XX:+UseParNewGC 
4.031: Application time: 4.0055250 seconds
4.031: Total time for which application threads were stopped: 0.0000750 seconds, Stopping threads took: 0.0000100 seconds
14.764: Application time: 10.7333620 seconds
14.765: Total time for which application threads were stopped: 0.0000350 seconds, Stopping threads took: 0.0000190 seconds
14.765: Application time: 0.0000640 seconds
14.765: Total time for which application threads were stopped: 0.0000240 seconds, Stopping threads took: 0.0000070 seconds
14.766: Application time: 0.0014820 seconds
14.766: Total time for which application threads were stopped: 0.0000100 seconds, Stopping threads took: 0.0000040 seconds
14.786: Application time: 0.0203650 seconds
14.787: Total time for which application threads were stopped: 0.0000400 seconds, Stopping threads took: 0.0000110 seconds
14.799: Application time: 0.0123100 seconds
14.799: [Full GC14.799: [CMS: 0K->3177K(83392K), 0.0143140 secs] 11098K->3177K(120896K), [CMS Perm : 5078K->5076K(21248K)], 0.0143880 secs] [Times: user=0.01 sys=0.00, real=0.01 secs] 
14.813: Total time for which application threads were stopped: 0.0144440 seconds, Stopping threads took: 0.0000050 seconds
14.813: Application time: 0.0000490 seconds
14.813: [Full GC14.813: [CMS: 3177K->3177K(83392K), 0.0081130 secs] 3177K->3177K(120960K), [CMS Perm : 5076K->5076K(21248K)], 0.0081480 secs] [Times: user=0.01 sys=0.00, real=0.01 secs] 
14.822: Total time for which application threads were stopped: 0.0082000 seconds, Stopping threads took: 0.0000060 seconds
14.822: Application time: 0.0001850 seconds
14.822: Total time for which application threads were stopped: 0.0000330 seconds, Stopping threads took: 0.0000220 seconds
14.822: Application time: 0.0000410 seconds
14.822: Total time for which application threads were stopped: 0.0000230 seconds, Stopping threads took: 0.0000180 seconds
14.822: Application time: 0.0000390 seconds
14.822: Total time for which application threads were stopped: 0.0000330 seconds, Stopping threads took: 0.0000280 seconds
14.822: Application time: 0.0000400 seconds
14.822: Total time for which application threads were stopped: 0.0000270 seconds, Stopping threads took: 0.0000230 seconds
14.822: Application time: 0.0000390 seconds
14.822: Total time for which application threads were stopped: 0.0000190 seconds, Stopping threads took: 0.0000140 seconds
14.822: Application time: 0.0000340 seconds
14.822: Total time for which application threads were stopped: 0.0000140 seconds, Stopping threads took: 0.0000090 seconds
14.822: Application time: 0.0000340 seconds
14.822: Total time for which application threads were stopped: 0.0000150 seconds, Stopping threads took: 0.0000090 seconds
14.822: Application time: 0.0000120 seconds
14.822: Total time for which application threads were stopped: 0.0000190 seconds, Stopping threads took: 0.0000140 seconds
14.822: Application time: 0.0000110 seconds
14.822: Total time for which application threads were stopped: 0.0000120 seconds, Stopping threads took: 0.0000070 seconds
14.822: Application time: 0.0000110 seconds
14.822: Total time for which application threads were stopped: 0.0000130 seconds, Stopping threads took: 0.0000090 seconds
14.822: Application time: 0.0000120 seconds
14.822: Total time for which application threads were stopped: 0.0000140 seconds, Stopping threads took: 0.0000090 seconds
14.822: Application time: 0.0000120 seconds
14.822: Total time for which application threads were stopped: 0.0000160 seconds, Stopping threads took: 0.0000120 seconds
14.822: Application time: 0.0000110 seconds
14.822: Total time for which application threads were stopped: 0.0000260 seconds, Stopping threads took: 0.0000220 seconds
14.822: Application time: 0.0000110 seconds
14.822: Total time for which application threads were stopped: 0.0000190 seconds, Stopping threads took: 0.0000130 seconds
14.822: Application time: 0.0000110 seconds
14.822: Total time for which application threads were stopped: 0.0000250 seconds, Stopping threads took: 0.0000180 seconds
14.822: Application time: 0.0000100 seconds
14.822: Total time for which application threads were stopped: 0.0000130 seconds, Stopping threads took: 0.0000090 seconds
14.822: Application time: 0.0000100 seconds
14.822: Total time for which application threads were stopped: 0.0000130 seconds, Stopping threads took: 0.0000090 seconds
14.822: Application time: 0.0000090 seconds
14.822: Total time for which application threads were stopped: 0.0000120 seconds, Stopping threads took: 0.0000090 seconds
14.822: Application time: 0.0000090 seconds
14.822: Total time for which application threads were stopped: 0.0000140 seconds, Stopping threads took: 0.0000100 seconds
14.822: Application time: 0.0000090 seconds
14.822: Total time for which application threads were stopped: 0.0000130 seconds, Stopping threads took: 0.0000030 seconds
14.914: Application time: 0.0913500 seconds
14.914: Total time for which application threads were stopped: 0.0000580 seconds, Stopping threads took: 0.0000270 seconds
14.914: Application time: 0.0002060 seconds
14.914: Total time for which application threads were stopped: 0.0000420 seconds, Stopping threads took: 0.0000290 seconds
14.914: Application time: 0.0001210 seconds
14.914: Total time for which application threads were stopped: 0.0000550 seconds, Stopping threads took: 0.0000460 seconds
14.914: Application time: 0.0000370 seconds
14.914: Total time for which application threads were stopped: 0.0000260 seconds, Stopping threads took: 0.0000140 seconds
14.915: Application time: 0.0003720 seconds
14.915: Total time for which application threads were stopped: 0.0000480 seconds, Stopping threads took: 0.0000110 seconds
14.916: Application time: 0.0006920 seconds
14.916: Total time for which application threads were stopped: 0.0000190 seconds, Stopping threads took: 0.0000090 seconds
14.916: Application time: 0.0000730 seconds
14.916: Total time for which application threads were stopped: 0.0000160 seconds, Stopping threads took: 0.0000070 seconds
14.916: Application time: 0.0000170 seconds
14.916: Total time for which application threads were stopped: 0.0000330 seconds, Stopping threads took: 0.0000240 seconds
14.925: Application time: 0.0096360 seconds
14.925: Total time for which application threads were stopped: 0.0000710 seconds, Stopping threads took: 0.0000530 seconds
14.931: Application time: 0.0056370 seconds
14.931: Total time for which application threads were stopped: 0.0000590 seconds, Stopping threads took: 0.0000460 seconds
15.011: Application time: 0.0799200 seconds
15.011: [GC15.011: [ParNew: 33394K->4160K(37568K), 0.0022380 secs] 36571K->11706K(120960K), 0.0022810 secs] [Times: user=0.00 sys=0.01, real=0.00 secs] 
15.013: Total time for which application threads were stopped: 0.0024390 seconds, Stopping threads took: 0.0000690 seconds
15.014: Application time: 0.0001260 seconds
15.014: Total time for which application threads were stopped: 0.0001790 seconds, Stopping threads took: 0.0001610 seconds
15.014: Application time: 0.0000240 seconds
15.014: Total time for which application threads were stopped: 0.0000550 seconds, Stopping threads took: 0.0000460 seconds
15.014: Application time: 0.0000290 seconds
15.014: Total time for which application threads were stopped: 0.0001750 seconds, Stopping threads took: 0.0001660 seconds
15.014: Application time: 0.0000170 seconds
15.014: Total time for which application threads were stopped: 0.0000400 seconds, Stopping threads took: 0.0000320 seconds
15.014: Application time: 0.0000130 seconds
15.014: Total time for which application threads were stopped: 0.0000280 seconds, Stopping threads took: 0.0000230 seconds
15.014: Application time: 0.0000160 seconds
15.014: Total time for which application threads were stopped: 0.0001200 seconds, Stopping threads took: 0.0001140 seconds
15.014: Application time: 0.0000100 seconds
15.014: Total time for which application threads were stopped: 0.0000230 seconds, Stopping threads took: 0.0000190 seconds
15.014: Application time: 0.0000150 seconds
15.014: Total time for which application threads were stopped: 0.0000280 seconds, Stopping threads took: 0.0000220 seconds
15.014: Application time: 0.0000150 seconds
15.014: Total time for which application threads were stopped: 0.0000310 seconds, Stopping threads took: 0.0000260 seconds
15.014: Application time: 0.0000150 seconds
15.014: Total time for which application threads were stopped: 0.0000310 seconds, Stopping threads took: 0.0000260 seconds
15.014: Application time: 0.0000120 seconds
15.014: Total time for which application threads were stopped: 0.0000160 seconds, Stopping threads took: 0.0000120 seconds
15.014: Application time: 0.0000150 seconds
15.015: Total time for which application threads were stopped: 0.0000260 seconds, Stopping threads took: 0.0000210 seconds
15.087: Application time: 0.0725520 seconds
15.087: [GC15.087: [ParNew: 37446K->4155K(37568K), 0.0017440 secs] 44993K->13811K(120960K), 0.0018050 secs] [Times: user=0.01 sys=0.00, real=0.00 secs] 
15.089: Total time for which application threads were stopped: 0.0019360 seconds, Stopping threads took: 0.0000510 seconds
15.151: Application time: 0.0621430 seconds
15.151: [GC15.151: [ParNew: 37041K->4114K(37568K), 0.0016740 secs] 46697K->15820K(120960K), 0.0017110 secs] [Times: user=0.01 sys=0.00, real=0.00 secs] 
15.153: Total time for which application threads were stopped: 0.0018410 seconds, Stopping threads took: 0.0000650 seconds
15.221: Application time: 0.0677030 seconds
15.221: [GC15.221: [ParNew: 37406K->4132K(37568K), 0.0016650 secs] 49111K->17886K(120960K), 0.0017050 secs] [Times: user=0.01 sys=0.00, real=0.00 secs] 
15.223: Total time for which application threads were stopped: 0.0018500 seconds, Stopping threads took: 0.0000560 seconds
15.293: Application time: 0.0706240 seconds
15.293: [GC15.293: [ParNew: 37379K->3093K(37568K), 0.0009900 secs] 51133K->16848K(120960K), 0.0010260 secs] [Times: user=0.01 sys=0.00, real=0.00 secs] 
15.294: Total time for which application threads were stopped: 0.0011520 seconds, Stopping threads took: 0.0000560 seconds
15.358: Application time: 0.0634310 seconds
15.358: [GC15.358: [ParNew: 35795K->4146K(37568K), 0.0011860 secs] 49550K->17901K(120960K), 0.0012230 secs] [Times: user=0.00 sys=0.00, real=0.00 secs] 
15.359: Total time for which application threads were stopped: 0.0013880 seconds, Stopping threads took: 0.0001000 seconds
15.423: Application time: 0.0640170 seconds
15.423: [GC15.423: [ParNew: 36834K->3132K(37568K), 0.0009020 secs] 50590K->16887K(120960K), 0.0009360 secs] [Times: user=0.01 sys=0.00, real=0.00 secs] 
15.424: Total time for which application threads were stopped: 0.0010680 seconds, Stopping threads took: 0.0000750 seconds
15.486: Application time: 0.0618100 seconds
15.486: [GC15.486: [ParNew: 36540K->3167K(37568K), 0.0009270 secs] 50295K->16922K(120960K), 0.0009570 secs] [Times: user=0.01 sys=0.00, real=0.00 secs] 
15.487: Total time for which application threads were stopped: 0.0010640 seconds, Stopping threads took: 0.0000510 seconds
15.540: Application time: 0.0530060 seconds
15.540: [GC15.540: [ParNew: 36252K->4114K(37568K), 0.0020450 secs] 50007K->20941K(120960K), 0.0020950 secs] [Times: user=0.01 sys=0.00, real=0.00 secs] 
15.542: Total time for which application threads were stopped: 0.0022640 seconds, Stopping threads took: 0.0001020 seconds
15.606: Application time: 0.0639090 seconds
15.606: [GC15.606: [ParNew: 37086K->4116K(37568K), 0.0017910 secs] 53913K->24015K(120960K), 0.0018300 secs] [Times: user=0.01 sys=0.01, real=0.00 secs] 
15.608: Total time for which application threads were stopped: 0.0019570 seconds, Stopping threads took: 0.0000630 seconds
15.666: Application time: 0.0580720 seconds
15.666: [GC15.666: [ParNew: 37014K->4116K(37568K), 0.0019350 secs] 56913K->27087K(120960K), 0.0019870 secs] [Times: user=0.01 sys=0.00, real=0.00 secs] 
15.668: Total time for which application threads were stopped: 0.0021420 seconds, Stopping threads took: 0.0000900 seconds
15.683: Application time: 0.0145430 seconds
15.683: Total time for which application threads were stopped: 0.0000870 seconds, Stopping threads took: 0.0000620 seconds
15.692: Application time: 0.0084870 seconds
15.692: Total time for which application threads were stopped: 0.0001040 seconds, Stopping threads took: 0.0000660 seconds
15.730: Application time: 0.0386260 seconds
15.731: Total time for which application threads were stopped: 0.0003000 seconds, Stopping threads took: 0.0002750 seconds
15.732: Application time: 0.0009450 seconds
15.732: Total time for which application threads were stopped: 0.0000670 seconds, Stopping threads took: 0.0000520 seconds
15.732: Application time: 0.0003240 seconds
15.732: Total time for which application threads were stopped: 0.0000510 seconds, Stopping threads took: 0.0000380 seconds
15.745: Application time: 0.0132800 seconds
15.745: [GC15.745: [ParNew: 36896K->4158K(37568K), 0.0015680 secs] 59867K->28369K(120960K), 0.0016080 secs] [Times: user=0.01 sys=0.00, real=0.00 secs] 
15.747: Total time for which application threads were stopped: 0.0017420 seconds, Stopping threads took: 0.0000740 seconds
15.813: Application time: 0.0660330 seconds
15.813: [GC15.813: [ParNew: 37066K->4144K(37568K), 0.0014010 secs] 61277K->29396K(120960K), 0.0014380 secs] [Times: user=0.01 sys=0.00, real=0.00 secs] 
15.815: Total time for which application threads were stopped: 0.0015750 seconds, Stopping threads took: 0.0000640 seconds
15.873: Application time: 0.0586370 seconds
15.873: [GC15.873: [ParNew: 36703K->4117K(37568K), 0.0015200 secs] 61955K->30394K(120960K), 0.0015580 secs] [Times: user=0.01 sys=0.00, real=0.00 secs] 
15.875: Total time for which application threads were stopped: 0.0016880 seconds, Stopping threads took: 0.0000660 seconds
15.940: Application time: 0.0647460 seconds
15.940: [GC15.940: [ParNew: 37065K->4116K(37568K), 0.0015740 secs] 63342K->32440K(120960K), 0.0016140 secs] [Times: user=0.01 sys=0.00, real=0.00 secs] 
15.942: Total time for which application threads were stopped: 0.0017610 seconds, Stopping threads took: 0.0000840 seconds
16.009: Application time: 0.0679730 seconds
16.010: [GC16.010: [ParNew: 36853K->3094K(37568K), 0.0008520 secs] 65178K->31418K(120960K), 0.0008830 secs] [Times: user=0.00 sys=0.00, real=0.00 secs] 
16.011: Total time for which application threads were stopped: 0.0010480 seconds, Stopping threads took: 0.0000910 seconds
16.073: Application time: 0.0620740 seconds
16.073: [GC16.073: [ParNew: 35798K->4141K(37568K), 0.0015030 secs] 64122K->33490K(120960K), 0.0015390 secs] [Times: user=0.01 sys=0.00, real=0.00 secs] 
16.074: Total time for which application threads were stopped: 0.0016670 seconds, Stopping threads took: 0.0000660 seconds
16.139: Application time: 0.0643790 seconds
16.140: [GC16.140: [ParNew: 37036K->4159K(37568K), 0.0012400 secs] 66385K->33508K(120960K), 0.0012770 secs] [Times: user=0.01 sys=0.01, real=0.00 secs] 
16.142: Total time for which application threads were stopped: 0.0030170 seconds, Stopping threads took: 0.0016820 seconds
16.201: Application time: 0.0591690 seconds
16.201: [GC16.201: [ParNew: 36568K->4121K(37568K), 0.0014490 secs] 65917K->34494K(120960K), 0.0014880 secs] [Times: user=0.01 sys=0.00, real=0.00 secs] 
16.202: Total time for which application threads were stopped: 0.0016450 seconds, Stopping threads took: 0.0000920 seconds
16.266: Application time: 0.0632520 seconds
16.266: [GC16.266: [ParNew: 36964K->4130K(37568K), 0.0016460 secs] 67337K->36554K(120960K), 0.0016840 secs] [Times: user=0.01 sys=0.00, real=0.00 secs] 
16.268: Total time for which application threads were stopped: 0.0017990 seconds, Stopping threads took: 0.0000520 seconds
16.330: Application time: 0.0621860 seconds
16.330: [GC16.330: [ParNew: 36992K->4132K(37568K), 0.0015880 secs] 69416K->38606K(120960K), 0.0016320 secs] [Times: user=0.01 sys=0.00, real=0.00 secs] 
16.331: Total time for which application threads were stopped: 0.0017570 seconds, Stopping threads took: 0.0000580 seconds
16.393: Application time: 0.0614750 seconds
16.393: [GC16.393: [ParNew: 36967K->4159K(37568K), 0.0015960 secs] 71442K->39690K(120960K), 0.0016340 secs] [Times: user=0.01 sys=0.00, real=0.00 secs] 
16.395: Total time for which application threads were stopped: 0.0017690 seconds, Stopping threads took: 0.0000680 seconds
16.458: Application time: 0.0634080 seconds
16.460: [GC16.460: [ParNew: 37420K->4159K(37568K), 0.0014480 secs] 72951K->39858K(120960K), 0.0014830 secs] [Times: user=0.01 sys=0.00, real=0.00 secs] 
16.462: Total time for which application threads were stopped: 0.0037100 seconds, Stopping threads took: 0.0021600 seconds
16.521: Application time: 0.0587450 seconds
16.521: [GC16.521: [ParNew: 36686K->4137K(37568K), 0.0015450 secs] 72384K->40895K(120960K), 0.0015810 secs] [Times: user=0.01 sys=0.00, real=0.00 secs] 
16.522: Total time for which application threads were stopped: 0.0017180 seconds, Stopping threads took: 0.0000550 seconds
16.586: Application time: 0.0633420 seconds
16.586: [GC16.586: [ParNew: 36940K->4117K(37568K), 0.0016840 secs] 73698K->42923K(120960K), 0.0017190 secs] [Times: user=0.01 sys=0.00, real=0.00 secs] 
16.588: Total time for which application threads were stopped: 0.0018350 seconds, Stopping threads took: 0.0000540 seconds
16.649: Application time: 0.0610110 seconds
16.649: [GC16.649: [ParNew: 36956K->4116K(37568K), 0.0018690 secs] 75762K->45994K(120960K), 0.0019100 secs] [Times: user=0.01 sys=0.00, real=0.00 secs] 
16.651: Total time for which application threads were stopped: 0.0020360 seconds, Stopping threads took: 0.0000580 seconds
16.651: Application time: 0.0000340 seconds
16.651: [GC [1 CMS-initial-mark: 41878K(83392K)] 47018K(120960K), 0.0001170 secs] [Times: user=0.00 sys=0.00, real=0.00 secs] 
16.651: Total time for which application threads were stopped: 0.0003030 seconds, Stopping threads took: 0.0001640 seconds
16.651: [CMS-concurrent-mark-start]
16.654: [CMS-concurrent-mark: 0.003/0.003 secs] [Times: user=0.01 sys=0.00, real=0.00 secs] 
16.654: [CMS-concurrent-preclean-start]
16.655: [CMS-concurrent-preclean: 0.000/0.000 secs] [Times: user=0.00 sys=0.00, real=0.00 secs] 
16.655: Application time: 0.0036650 seconds
16.655: [GC[YG occupancy: 5207 K (37568 K)]16.655: [Rescan (parallel) , 0.0001540 secs]16.655: [weak refs processing, 0.0000060 secs]16.655: [scrub string table, 0.0001040 secs] [1 CMS-remark: 41878K(83392K)] 47085K(120960K), 0.0002870 secs] [Times: user=0.00 sys=0.00, real=0.00 secs] 
16.655: Total time for which application threads were stopped: 0.0003600 seconds, Stopping threads took: 0.0000490 seconds
16.655: [CMS-concurrent-sweep-start]
16.656: [CMS-concurrent-sweep: 0.001/0.001 secs] [Times: user=0.00 sys=0.00, real=0.00 secs] 
16.656: [CMS-concurrent-reset-start]
16.658: [CMS-concurrent-reset: 0.002/0.002 secs] [Times: user=0.01 sys=0.00, real=0.01 secs] 
16.719: Application time: 0.0636920 seconds
16.719: [GC16.719: [ParNew: 37087K->4152K(37568K), 0.0014700 secs] 43639K->11728K(120960K), 0.0015090 secs] [Times: user=0.01 sys=0.00, real=0.00 secs] 
16.720: Total time for which application threads were stopped: 0.0016430 seconds, Stopping threads took: 0.0000710 seconds
16.785: Application time: 0.0650300 seconds
16.785: [GC16.785: [ParNew: 37012K->4149K(37568K), 0.0015660 secs] 44587K->12749K(120960K), 0.0016110 secs] [Times: user=0.01 sys=0.01, real=0.00 secs] 
16.787: Total time for which application threads were stopped: 0.0017770 seconds, Stopping threads took: 0.0000600 seconds
16.854: Application time: 0.0668920 seconds
16.856: [GC16.856: [ParNew: 36781K->4121K(37568K), 0.0019860 secs] 45381K->14771K(120960K), 0.0020260 secs] [Times: user=0.01 sys=0.00, real=0.00 secs] 
16.859: Total time for which application threads were stopped: 0.0045590 seconds, Stopping threads took: 0.0024320 seconds
16.918: Application time: 0.0591940 seconds
16.918: [GC16.918: [ParNew: 36824K->4130K(37568K), 0.0020330 secs] 47473K->16832K(120960K), 0.0020820 secs] [Times: user=0.01 sys=0.01, real=0.00 secs] 
16.920: Total time for which application threads were stopped: 0.0022190 seconds, Stopping threads took: 0.0000680 seconds
16.984: Application time: 0.0637860 seconds
16.984: [GC16.984: [ParNew: 36995K->4150K(37568K), 0.0012770 secs] 49697K->16852K(120960K), 0.0013150 secs] [Times: user=0.01 sys=0.00, real=0.01 secs] 
16.985: Total time for which application threads were stopped: 0.0014780 seconds, Stopping threads took: 0.0001010 seconds
17.046: Application time: 0.0612540 seconds
17.047: [GC17.047: [ParNew: 36661K->4121K(37568K), 0.0011660 secs] 49363K->16823K(120960K), 0.0012020 secs] [Times: user=0.01 sys=0.00, real=0.00 secs] 
17.048: Total time for which application threads were stopped: 0.0013680 seconds, Stopping threads took: 0.0000950 seconds
17.111: Application time: 0.0628070 seconds
17.111: [GC17.111: [ParNew: 37035K->4159K(37568K), 0.0012310 secs] 49738K->16910K(120960K), 0.0012690 secs] [Times: user=0.00 sys=0.00, real=0.00 secs] 
17.112: Total time for which application threads were stopped: 0.0013830 seconds, Stopping threads took: 0.0000510 seconds
17.166: Application time: 0.0542370 seconds
17.166: [GC17.166: [ParNew: 36952K->4156K(37568K), 0.0021970 secs] 49703K->20056K(120960K), 0.0022440 secs] [Times: user=0.01 sys=0.00, real=0.00 secs] 
17.169: Total time for which application threads were stopped: 0.0023690 seconds, Stopping threads took: 0.0000590 seconds
17.231: Application time: 0.0627040 seconds
17.231: [GC17.231: [ParNew: 37371K->4158K(37568K), 0.0021230 secs] 53271K->23192K(120960K), 0.0021640 secs] [Times: user=0.01 sys=0.00, real=0.00 secs] 
17.234: Total time for which application threads were stopped: 0.0023000 seconds, Stopping threads took: 0.0000700 seconds
17.297: Application time: 0.0631280 seconds
17.297: [GC17.297: [ParNew: 37101K->4112K(37568K), 0.0020660 secs] 56135K->26259K(120960K), 0.0021070 secs] [Times: user=0.01 sys=0.00, real=0.00 secs] 
17.299: Total time for which application threads were stopped: 0.0022370 seconds, Stopping threads took: 0.0000650 seconds
17.359: Application time: 0.0602640 seconds
17.359: [GC17.359: [ParNew: 36932K->4130K(37568K), 0.0019030 secs] 59079K->28325K(120960K), 0.0019440 secs] [Times: user=0.02 sys=0.00, real=0.00 secs] 
17.361: Total time for which application threads were stopped: 0.0020890 seconds, Stopping threads took: 0.0000700 seconds
17.428: Application time: 0.0667930 seconds
17.428: [GC17.428: [ParNew: 37167K->4149K(37568K), 0.0014830 secs] 61362K->29368K(120960K), 0.0015270 secs] [Times: user=0.01 sys=0.00, real=0.00 secs] 
17.430: Total time for which application threads were stopped: 0.0016600 seconds, Stopping threads took: 0.0000690 seconds
17.487: Application time: 0.0574710 seconds
17.487: [GC17.487: [ParNew: 37545K->4114K(37568K), 0.0018630 secs] 62764K->31381K(120960K), 0.0019030 secs] [Times: user=0.02 sys=0.00, real=0.00 secs] 
17.489: Total time for which application threads were stopped: 0.0020580 seconds, Stopping threads took: 0.0000870 seconds
17.554: Application time: 0.0647970 seconds
17.554: [GC17.554: [ParNew: 37080K->4117K(37568K), 0.0014650 secs] 64347K->32408K(120960K), 0.0015010 secs] [Times: user=0.01 sys=0.00, real=0.00 secs] 
17.556: Total time for which application threads were stopped: 0.0016480 seconds, Stopping threads took: 0.0000840 seconds
17.620: Application time: 0.0642540 seconds
17.620: [GC17.620: [ParNew: 36969K->4128K(37568K), 0.0018540 secs] 65260K->34468K(120960K), 0.0018930 secs] [Times: user=0.01 sys=0.00, real=0.00 secs] 
17.622: Total time for which application threads were stopped: 0.0020150 seconds, Stopping threads took: 0.0000560 seconds
17.680: Application time: 0.0583610 seconds
17.681: [GC17.681: [ParNew: 36640K->4156K(37568K), 0.0012710 secs] 66980K->34496K(120960K), 0.0013080 secs] [Times: user=0.00 sys=0.00, real=0.00 secs] 
17.682: Total time for which application threads were stopped: 0.0014480 seconds, Stopping threads took: 0.0000720 seconds
17.742: Application time: 0.0601790 seconds
17.742: [GC17.742: [ParNew: 36743K->4124K(37568K), 0.0014460 secs] 67083K->35488K(120960K), 0.0014910 secs] [Times: user=0.01 sys=0.00, real=0.00 secs] 
17.744: Total time for which application threads were stopped: 0.0016220 seconds, Stopping threads took: 0.0000670 seconds
17.807: Application time: 0.0636970 seconds
17.808: [GC17.808: [ParNew: 37101K->4159K(37568K), 0.0012090 secs] 68464K->35539K(120960K), 0.0012420 secs] [Times: user=0.01 sys=0.00, real=0.00 secs] 
17.810: Total time for which application threads were stopped: 0.0022660 seconds, Stopping threads took: 0.0009660 seconds
17.864: Application time: 0.0545320 seconds
17.864: [GC17.864: [ParNew: 37063K->4152K(37568K), 0.0018320 secs] 68443K->37697K(120960K), 0.0018730 secs] [Times: user=0.01 sys=0.00, real=0.00 secs] 
17.866: Total time for which application threads were stopped: 0.0020140 seconds, Stopping threads took: 0.0000610 seconds
17.929: Application time: 0.0623590 seconds
17.929: [GC17.929: [ParNew: 37313K->4154K(37568K), 0.0020410 secs] 70858K->40826K(120960K), 0.0020780 secs] [Times: user=0.01 sys=0.00, real=0.00 secs] 
17.931: Total time for which application threads were stopped: 0.0022110 seconds, Stopping threads took: 0.0000690 seconds
17.991: Application time: 0.0597550 seconds
17.991: [GC17.991: [ParNew: 37049K->4114K(37568K), 0.0021380 secs] 73720K->43899K(120960K), 0.0021770 secs] [Times: user=0.02 sys=0.00, real=0.00 secs] 
17.993: Total time for which application threads were stopped: 0.0023800 seconds, Stopping threads took: 0.0001350 seconds
18.057: Application time: 0.0636260 seconds
18.057: [GC18.057: [ParNew: 37005K->4128K(37568K), 0.0019020 secs] 76790K->45961K(120960K), 0.0019400 secs] [Times: user=0.02 sys=0.00, real=0.00 secs] 
18.059: Total time for which application threads were stopped: 0.0020620 seconds, Stopping threads took: 0.0000560 seconds
18.124: Application time: 0.0649770 seconds
18.125: [GC18.125: [ParNew: 36983K->4129K(37568K), 0.0013780 secs] 78816K->46986K(120960K), 0.0014180 secs] [Times: user=0.01 sys=0.00, real=0.00 secs] 
18.126: Total time for which application threads were stopped: 0.0023510 seconds, Stopping threads took: 0.0008650 seconds
18.188: Application time: 0.0622620 seconds
18.188: [GC18.188: [ParNew: 36707K->4136K(37568K), 0.0014870 secs] 79564K->48017K(120960K), 0.0015250 secs] [Times: user=0.01 sys=0.00, real=0.00 secs] 
18.190: Total time for which application threads were stopped: 0.0016560 seconds, Stopping threads took: 0.0000640 seconds
18.253: Application time: 0.0632630 seconds
18.253: [GC18.253: [ParNew: 36975K->4121K(37568K), 0.0017020 secs] 80856K->50050K(120960K), 0.0017460 secs] [Times: user=0.02 sys=0.00, real=0.00 secs] 
18.255: Total time for which application threads were stopped: 0.0019100 seconds, Stopping threads took: 0.0001020 seconds
18.321: Application time: 0.0660330 seconds
18.321: [GC18.321: [ParNew: 37072K->4112K(37568K), 0.0016630 secs] 83001K->52089K(120960K), 0.0017040 secs] [Times: user=0.02 sys=0.00, real=0.00 secs] 
18.323: Total time for which application threads were stopped: 0.0018360 seconds, Stopping threads took: 0.0000700 seconds
18.385: Application time: 0.0621200 seconds
18.385: [GC18.385: [ParNew: 36865K->4156K(37568K), 0.0012710 secs] 84843K->52134K(120960K), 0.0013070 secs] [Times: user=0.01 sys=0.00, real=0.00 secs] 
18.387: Total time for which application threads were stopped: 0.0014870 seconds, Stopping threads took: 0.0001090 seconds
18.448: Application time: 0.0610880 seconds
18.448: [GC18.448: [ParNew: 37564K->4137K(37568K), 0.0012260 secs] 85542K->52115K(120960K), 0.0012610 secs] [Times: user=0.01 sys=0.00, real=0.00 secs] 
18.449: Total time for which application threads were stopped: 0.0013870 seconds, Stopping threads took: 0.0000640 seconds
18.511: Application time: 0.0619110 seconds
18.511: [GC18.511: [ParNew: 36942K->4159K(37568K), 0.0013610 secs] 84920K->53177K(120960K), 0.0013960 secs] [Times: user=0.01 sys=0.00, real=0.00 secs] 
18.512: Total time for which application threads were stopped: 0.0015170 seconds, Stopping threads took: 0.0000520 seconds
18.573: Application time: 0.0608250 seconds
18.573: [GC18.573: [ParNew: 37405K->4159K(37568K), 0.0015480 secs] 86423K->54345K(120960K), 0.0015810 secs] [Times: user=0.01 sys=0.00, real=0.00 secs] 
18.575: Total time for which application threads were stopped: 0.0016920 seconds, Stopping threads took: 0.0000510 seconds
18.633: Application time: 0.0583750 seconds
18.633: [GC18.633: [ParNew: 36902K->4153K(37568K), 0.0013740 secs] 87087K->55405K(120960K), 0.0014070 secs] [Times: user=0.01 sys=0.00, real=0.00 secs] 
18.635: Total time for which application threads were stopped: 0.0015250 seconds, Stopping threads took: 0.0000580 seconds
18.699: Application time: 0.0645560 seconds
18.700: [GC18.700: [ParNew: 36963K->4112K(37568K), 0.0019530 secs] 88214K->58468K(120960K), 0.0019940 secs] [Times: user=0.02 sys=0.00, real=0.00 secs] 
18.702: Total time for which application threads were stopped: 0.0021470 seconds, Stopping threads took: 0.0000820 seconds
18.764: Application time: 0.0624130 seconds
18.764: [GC18.764: [ParNew: 37093K->4112K(37568K), 0.0021560 secs] 91450K->61541K(120960K), 0.0021950 secs] [Times: user=0.01 sys=0.01, real=0.01 secs] 
18.766: Total time for which application threads were stopped: 0.0023240 seconds, Stopping threads took: 0.0000640 seconds
18.829: Application time: 0.0625040 seconds
18.829: [GC18.829: [ParNew: 37037K->4134K(37568K), 0.0016410 secs] 94467K->63611K(120960K), 0.0016820 secs] [Times: user=0.01 sys=0.00, real=0.00 secs] 
18.831: Total time for which application threads were stopped: 0.0018260 seconds, Stopping threads took: 0.0000790 seconds
18.894: Application time: 0.0629620 seconds
18.894: [GC18.894: [ParNew: 36895K->4132K(37568K), 0.0011810 secs] 96373K->63610K(120960K), 0.0012180 secs] [Times: user=0.01 sys=0.00, real=0.00 secs] 
18.895: Total time for which application threads were stopped: 0.0014010 seconds, Stopping threads took: 0.0001110 seconds
18.954: Application time: 0.0593170 seconds
18.954: [GC18.954: [ParNew: 36702K->4133K(37568K), 0.0014910 secs] 96179K->64634K(120960K), 0.0015300 secs] [Times: user=0.01 sys=0.00, real=0.00 secs] 
18.956: Total time for which application threads were stopped: 0.0016800 seconds, Stopping threads took: 0.0000870 seconds
19.019: Application time: 0.0633330 seconds
19.020: [GC19.020: [ParNew: 36647K->4111K(37568K), 0.0017480 secs] 97149K->66661K(120960K), 0.0017910 secs] [Times: user=0.01 sys=0.00, real=0.00 secs] 
19.021: Total time for which application threads were stopped: 0.0020910 seconds, Stopping threads took: 0.0002340 seconds
19.084: Application time: 0.0628990 seconds
19.084: [GC19.084: [ParNew: 36711K->4117K(37568K), 0.0019540 secs] 99261K->69738K(120960K), 0.0019960 secs] [Times: user=0.01 sys=0.00, real=0.00 secs] 
19.086: Total time for which application threads were stopped: 0.0021200 seconds, Stopping threads took: 0.0000560 seconds
19.147: Application time: 0.0610240 seconds
19.148: [GC19.148: [ParNew: 37078K->4112K(37568K), 0.0018700 secs] 102700K->72805K(120960K), 0.0019090 secs] [Times: user=0.01 sys=0.00, real=0.00 secs] 
19.150: Total time for which application threads were stopped: 0.0020380 seconds, Stopping threads took: 0.0000650 seconds
19.209: Application time: 0.0597190 seconds
19.209: [GC19.209: [ParNew: 37026K->4156K(37568K), 0.0016350 secs] 105719K->74898K(120960K), 0.0016750 secs] [Times: user=0.02 sys=0.00, real=0.00 secs] 
19.211: Total time for which application threads were stopped: 0.0018020 seconds, Stopping threads took: 0.0000610 seconds
19.273: Application time: 0.0621140 seconds
19.273: [GC19.273: [ParNew: 36643K->4158K(37568K), 0.0017410 secs] 107385K->77112K(120960K), 0.0017760 secs] [Times: user=0.02 sys=0.00, real=0.00 secs] 
19.275: Total time for which application threads were stopped: 0.0018980 seconds, Stopping threads took: 0.0000610 seconds
19.338: Application time: 0.0629010 seconds
19.338: [GC19.338: [ParNew: 37153K->4145K(37568K), 0.0016490 secs] 110108K->79182K(120960K), 0.0016960 secs] [Times: user=0.01 sys=0.00, real=0.00 secs] 
19.340: Total time for which application threads were stopped: 0.0019080 seconds, Stopping threads took: 0.0001450 seconds
19.403: Application time: 0.0631600 seconds
19.403: [GC19.403: [ParNew: 36969K->4159K(37568K), 0.0011430 secs] 112006K->79226K(120960K), 0.0011800 secs] [Times: user=0.01 sys=0.00, real=0.01 secs] 
19.404: Total time for which application threads were stopped: 0.0013430 seconds, Stopping threads took: 0.0000960 seconds
19.464: Application time: 0.0591200 seconds
19.464: [GC19.464: [ParNew: 36605K->4124K(37568K), 0.0011950 secs] 111671K->79190K(120960K), 0.0012330 secs] [Times: user=0.01 sys=0.00, real=0.00 secs] 
19.466: Total time for which application threads were stopped: 0.0021740 seconds, Stopping threads took: 0.0008760 seconds
19.525: Application time: 0.0594140 seconds
19.525: [GC19.525: [ParNew: 36824K->4130K(37568K), 0.0016340 secs] 111890K->81245K(120960K), 0.0016740 secs] [Times: user=0.02 sys=0.00, real=0.00 secs] 
19.527: Total time for which application threads were stopped: 0.0018000 seconds, Stopping threads took: 0.0000610 seconds
19.527: Application time: 0.0000730 seconds
19.527: [GC [1 CMS-initial-mark: 77114K(83392K)] 82269K(120960K), 0.0001300 secs] [Times: user=0.00 sys=0.00, real=0.00 secs] 
19.527: Total time for which application threads were stopped: 0.0003130 seconds, Stopping threads took: 0.0001560 seconds
19.527: [CMS-concurrent-mark-start]
19.534: [CMS-concurrent-mark: 0.006/0.006 secs] [Times: user=0.04 sys=0.00, real=0.00 secs] 
19.534: [CMS-concurrent-preclean-start]
19.534: [CMS-concurrent-preclean: 0.000/0.000 secs] [Times: user=0.00 sys=0.00, real=0.00 secs] 
19.534: [CMS-concurrent-abortable-preclean-start]
19.591: Application time: 0.0638540 seconds
19.591: [GC19.591: [ParNew: 36996K->4151K(37568K), 0.0015290 secs] 114110K->82290K(120960K), 0.0015680 secs] [Times: user=0.01 sys=0.00, real=0.00 secs] 
19.593: Total time for which application threads were stopped: 0.0017150 seconds, Stopping threads took: 0.0000840 seconds
19.651: Application time: 0.0577720 seconds
19.651: [GC19.651: [ParNew: 36572K->3123K(37568K), 0.0010570 secs] 114710K->81261K(120960K), 0.0010940 secs] [Times: user=0.00 sys=0.00, real=0.00 secs] 
19.652: Total time for which application threads were stopped: 0.0012610 seconds, Stopping threads took: 0.0001040 seconds
19.713: Application time: 0.0615490 seconds
19.714: [GC19.714: [ParNew: 35835K->4135K(37568K), 0.0013410 secs] 113973K->83297K(120960K), 0.0013790 secs] [Times: user=0.01 sys=0.00, real=0.00 secs] 
19.715: Total time for which application threads were stopped: 0.0015270 seconds, Stopping threads took: 0.0000850 seconds
19.773: Application time: 0.0580350 seconds
19.773: [GC19.773: [ParNew: 36843K->4119K(37568K), 0.0018740 secs] 116006K->86354K(120960K), 0.0019160 secs] [Times: user=0.02 sys=0.00, real=0.00 secs] 
19.775: Total time for which application threads were stopped: 0.0020390 seconds, Stopping threads took: 0.0000600 seconds
19.837: Application time: 0.0621500 seconds
19.837: [GC19.837: [ParNew: 37069K->4118K(37568K), 0.0021910 secs] 119304K->89429K(124044K), 0.0022300 secs] [Times: user=0.01 sys=0.00, real=0.00 secs] 
19.840: Total time for which application threads were stopped: 0.0023460 seconds, Stopping threads took: 0.0000550 seconds
19.903: Application time: 0.0632320 seconds
19.904: [GC19.904: [ParNew: 37024K->4158K(37568K), 0.0019160 secs] 122335K->91527K(126100K), 0.0019550 secs] [Times: user=0.01 sys=0.00, real=0.00 secs] 
19.906: Total time for which application threads were stopped: 0.0035450 seconds, Stopping threads took: 0.0015230 seconds
19.968: Application time: 0.0621720 seconds
19.969: [GC19.969: [ParNew: 36631K->4158K(37568K), 0.0015490 secs] 124000K->92718K(127128K), 0.0015850 secs] [Times: user=0.01 sys=0.00, real=0.00 secs] 
19.970: Total time for which application threads were stopped: 0.0018260 seconds, Stopping threads took: 0.0001760 seconds
20.034: Application time: 0.0640060 seconds
20.034: [GC20.034: [ParNew: 37110K->4159K(37568K), 0.0013190 secs] 125670K->92775K(127128K), 0.0013640 secs] [Times: user=0.01 sys=0.00, real=0.00 secs] 
20.036: Total time for which application threads were stopped: 0.0015040 seconds, Stopping threads took: 0.0000730 seconds
20.097: Application time: 0.0609220 seconds
20.097: [GC20.097: [ParNew: 36726K->4141K(37568K), 0.0013390 secs] 125342K->92762K(127128K), 0.0013730 secs] [Times: user=0.01 sys=0.00, real=0.00 secs] 
20.098: Total time for which application threads were stopped: 0.0015040 seconds, Stopping threads took: 0.0000690 seconds
20.158: Application time: 0.0594910 seconds
20.158: [GC20.158: [ParNew: 36751K->4147K(37568K), 0.0015580 secs] 125371K->93791K(128156K), 0.0015990 secs] [Times: user=0.01 sys=0.00, real=0.00 secs] 
20.160: Total time for which application threads were stopped: 0.0017260 seconds, Stopping threads took: 0.0000600 seconds
20.218: Application time: 0.0582470 seconds
20.218: [GC20.218: [ParNew: 37555K->4120K(37568K), 0.0017130 secs] 127199K->95812K(130212K), 0.0017550 secs] [Times: user=0.01 sys=0.00, real=0.00 secs] 
20.220: Total time for which application threads were stopped: 0.0019150 seconds, Stopping threads took: 0.0000920 seconds
20.281: Application time: 0.0617120 seconds
20.281: [GC20.282: [ParNew: 37053K->4123K(37568K), 0.0017280 secs] 128746K->97864K(132268K), 0.0017700 secs] [Times: user=0.01 sys=0.00, real=0.00 secs] 
20.283: Total time for which application threads were stopped: 0.0018950 seconds, Stopping threads took: 0.0000580 seconds
20.346: Application time: 0.0622380 seconds
20.346: [GC20.346: [ParNew: 37039K->4118K(37568K), 0.0018930 secs] 130780K->100931K(135352K), 0.0019340 secs] [Times: user=0.02 sys=0.00, real=0.00 secs] 
20.348: Total time for which application threads were stopped: 0.0020570 seconds, Stopping threads took: 0.0000540 seconds
20.407: Application time: 0.0594760 seconds
20.407: [GC20.407: [ParNew: 36814K->4137K(37568K), 0.0015150 secs] 133627K->101973K(136380K), 0.0015550 secs] [Times: user=0.01 sys=0.00, real=0.00 secs] 
20.409: Total time for which application threads were stopped: 0.0017480 seconds, Stopping threads took: 0.0001160 seconds
20.472: Application time: 0.0634320 seconds
20.472: [GC20.472: [ParNew: 37017K->4140K(37568K), 0.0014880 secs] 134853K->103000K(137408K), 0.0015250 secs] [Times: user=0.01 sys=0.00, real=0.00 secs] 
20.474: Total time for which application threads were stopped: 0.0016960 seconds, Stopping threads took: 0.0001100 seconds
20.535: Application time: 0.0615250 seconds
20.536: [GC20.536: [ParNew: 36906K->4140K(37568K), 0.0014720 secs] 135767K->104025K(138436K), 0.0015060 secs] [Times: user=0.01 sys=0.01, real=0.01 secs] 
20.537: Total time for which application threads were stopped: 0.0016250 seconds, Stopping threads took: 0.0000600 seconds
20.598: Application time: 0.0606700 seconds
20.598: [GC20.598: [ParNew: 36914K->4145K(37568K), 0.0016430 secs] 136798K->106077K(140492K), 0.0016800 secs] [Times: user=0.01 sys=0.00, real=0.00 secs] 
20.600: Total time for which application threads were stopped: 0.0018210 seconds, Stopping threads took: 0.0000780 seconds
20.659: Application time: 0.0595780 seconds
20.659: [GC20.659: [ParNew: 37553K->4158K(37568K), 0.0017060 secs] 139485K->107302K(141520K), 0.0017440 secs] [Times: user=0.01 sys=0.00, real=0.00 secs] 
20.661: Total time for which application threads were stopped: 0.0020240 seconds, Stopping threads took: 0.0002120 seconds
20.727: Application time: 0.0661750 seconds
20.728: [GC20.728: [ParNew: 37269K->4152K(37568K), 0.0016560 secs] 140413K->108358K(142548K), 0.0016940 secs] [Times: user=0.01 sys=0.00, real=0.00 secs] 
20.729: Total time for which application threads were stopped: 0.0018650 seconds, Stopping threads took: 0.0001080 seconds
20.789: Application time: 0.0597470 seconds
20.789: [GC20.789: [ParNew: 37560K->4122K(37568K), 0.0016970 secs] 141766K->110381K(144604K), 0.0017320 secs] [Times: user=0.01 sys=0.00, real=0.00 secs] 
20.791: Total time for which application threads were stopped: 0.0018750 seconds, Stopping threads took: 0.0000770 seconds
20.852: Application time: 0.0612850 seconds
20.852: [GC20.852: [ParNew: 36931K->4112K(37568K), 0.0019090 secs] 143190K->113443K(147688K), 0.0019570 secs] [Times: user=0.01 sys=0.00, real=0.00 secs] 
20.854: Total time for which application threads were stopped: 0.0021420 seconds, Stopping threads took: 0.0001040 seconds
20.915: Application time: 0.0611040 seconds
20.916: [GC20.916: [ParNew: 37037K->4130K(37568K), 0.0017620 secs] 146369K->115509K(149744K), 0.0018020 secs] [Times: user=0.01 sys=0.00, real=0.01 secs] 
20.917: Total time for which application threads were stopped: 0.0019500 seconds, Stopping threads took: 0.0000730 seconds
20.977: Application time: 0.0593100 seconds
20.977: [GC20.977: [ParNew: 36707K->4136K(37568K), 0.0014780 secs] 148086K->116539K(150772K), 0.0015160 secs] [Times: user=0.01 sys=0.01, real=0.00 secs] 
20.978: Total time for which application threads were stopped: 0.0017040 seconds, Stopping threads took: 0.0001220 seconds
21.041: Application time: 0.0631090 seconds
21.042: [GC21.042: [ParNew: 36999K->4139K(37568K), 0.0011380 secs] 149403K->116542K(150772K), 0.0011690 secs] [Times: user=0.01 sys=0.00, real=0.00 secs] 
21.043: Total time for which application threads were stopped: 0.0013050 seconds, Stopping threads took: 0.0000740 seconds
21.102: Application time: 0.0594540 seconds
21.104: [GC21.104: [ParNew: 36764K->4150K(37568K), 0.0014450 secs] 149168K->117577K(151800K), 0.0014790 secs] [Times: user=0.01 sys=0.00, real=0.00 secs] 
21.106: Total time for which application threads were stopped: 0.0036530 seconds, Stopping threads took: 0.0021100 seconds
21.166: Application time: 0.0597370 seconds
21.166: [GC21.166: [ParNew: 36800K->4117K(37568K), 0.0016330 secs] 150227K->119592K(153856K), 0.0016730 secs] [Times: user=0.01 sys=0.00, real=0.00 secs] 
21.167: Total time for which application threads were stopped: 0.0018080 seconds, Stopping threads took: 0.0000700 seconds
21.229: Application time: 0.0617370 seconds
21.229: [GC21.229: [ParNew: 37033K->4136K(37568K), 0.0016670 secs] 152508K->121660K(155912K), 0.0017030 secs] [Times: user=0.01 sys=0.00, real=0.00 secs] 
21.231: Total time for which application threads were stopped: 0.0018260 seconds, Stopping threads took: 0.0000590 seconds
21.290: Application time: 0.0593390 seconds
21.290: [GC21.290: [ParNew: 36982K->4150K(37568K), 0.0017410 secs] 154506K->123722K(157968K), 0.0017780 secs] [Times: user=0.01 sys=0.00, real=0.00 secs] 
21.292: Total time for which application threads were stopped: 0.0019110 seconds, Stopping threads took: 0.0000630 seconds
21.354: Application time: 0.0616880 seconds
21.354: [GC21.354: [ParNew: 36546K->4158K(37568K), 0.0015870 secs] 156117K->124927K(158996K), 0.0016250 secs] [Times: user=0.01 sys=0.00, real=0.00 secs] 
21.356: Total time for which application threads were stopped: 0.0017610 seconds, Stopping threads took: 0.0000700 seconds
21.417: Application time: 0.0615100 seconds
21.417: [GC21.417: [ParNew: 36961K->4158K(37568K), 0.0012410 secs] 157730K->124983K(158996K), 0.0012750 secs] [Times: user=0.01 sys=0.00, real=0.00 secs] 
21.419: Total time for which application threads were stopped: 0.0013950 seconds, Stopping threads took: 0.0000530 seconds
21.476: Application time: 0.0578280 seconds
21.480: [GC21.481: [ParNew: 36635K->4119K(37568K), 0.0019250 secs] 157460K->126993K(161052K), 0.0019630 secs] [Times: user=0.01 sys=0.00, real=0.00 secs] 
21.482: Total time for which application threads were stopped: 0.0060080 seconds, Stopping threads took: 0.0039640 seconds
21.545: Application time: 0.0623950 seconds
21.545: [GC21.545: [ParNew: 37032K->4133K(37568K), 0.0016840 secs] 159906K->129054K(163108K), 0.0017220 secs] [Times: user=0.02 sys=0.00, real=0.00 secs] 
21.547: Total time for which application threads were stopped: 0.0018440 seconds, Stopping threads took: 0.0000600 seconds
21.606: Application time: 0.0591260 seconds
21.606: [GC21.606: [ParNew: 36840K->4115K(37568K), 0.0016680 secs] 161761K->131085K(165164K), 0.0017020 secs] [Times: user=0.01 sys=0.00, real=0.00 secs] 
21.608: Total time for which application threads were stopped: 0.0018600 seconds, Stopping threads took: 0.0000840 seconds
21.671: Application time: 0.0630350 seconds
21.671: [GC21.671: [ParNew: 37019K->4155K(37568K), 0.0011850 secs] 163989K->131125K(165164K), 0.0012250 secs] [Times: user=0.00 sys=0.00, real=0.00 secs] 
21.672: Total time for which application threads were stopped: 0.0013590 seconds, Stopping threads took: 0.0000660 seconds
21.734: Application time: 0.0614860 seconds
21.734: [GC21.734: [ParNew: 36664K->4142K(37568K), 0.0011140 secs] 163634K->131112K(165164K), 0.0011460 secs] [Times: user=0.01 sys=0.00, real=0.00 secs] 
21.735: Total time for which application threads were stopped: 0.0012840 seconds, Stopping threads took: 0.0000800 seconds
21.792: Application time: 0.0567820 seconds
21.792: [GC21.792: [ParNew: 36697K->4116K(37568K), 0.0016300 secs] 163667K->133134K(167220K), 0.0016720 secs] [Times: user=0.01 sys=0.00, real=0.00 secs] 
21.793: Total time for which application threads were stopped: 0.0017950 seconds, Stopping threads took: 0.0000580 seconds
21.854: Application time: 0.0603210 seconds
21.854: [GC21.854: [ParNew: 37023K->4116K(37568K), 0.0019060 secs] 166041K->136206K(170304K), 0.0019480 secs] [Times: user=0.01 sys=0.00, real=0.00 secs] 
21.856: Total time for which application threads were stopped: 0.0020860 seconds, Stopping threads took: 0.0000700 seconds
21.918: Application time: 0.0621970 seconds
21.918: [GC21.918: [ParNew: 36923K->4134K(37568K), 0.0017210 secs] 169013K->138272K(172360K), 0.0017640 secs] [Times: user=0.01 sys=0.01, real=0.00 secs] 
21.920: Total time for which application threads were stopped: 0.0019060 seconds, Stopping threads took: 0.0000620 seconds
21.983: Application time: 0.0634410 seconds
21.984: [GC21.984: [ParNew: 37130K->4155K(37568K), 0.0015850 secs] 171269K->139325K(173388K), 0.0016260 secs] [Times: user=0.02 sys=0.00, real=0.01 secs] 
21.985: Total time for which application threads were stopped: 0.0017810 seconds, Stopping threads took: 0.0000880 seconds
22.049: Application time: 0.0633900 seconds
22.052: [GC22.052: [ParNew: 37275K->4159K(37568K), 0.0013190 secs] 172445K->139468K(173388K), 0.0013550 secs] [Times: user=0.01 sys=0.00, real=0.00 secs] 
22.054: Total time for which application threads were stopped: 0.0052040 seconds, Stopping threads took: 0.0037880 seconds
22.115: Application time: 0.0615610 seconds
22.115: [GC22.115: [ParNew: 37194K->4158K(37568K), 0.0015570 secs] 172502K->140543K(174608K), 0.0015930 secs] [Times: user=0.01 sys=0.00, real=0.01 secs] 
22.117: Total time for which application threads were stopped: 0.0017190 seconds, Stopping threads took: 0.0000630 seconds
22.177: Application time: 0.0602340 seconds
22.180: [GC22.180: [ParNew: 36847K->4126K(37568K), 0.0017320 secs] 173232K->142591K(176664K), 0.0017700 secs] [Times: user=0.01 sys=0.00, real=0.00 secs] 
22.182: Total time for which application threads were stopped: 0.0048670 seconds, Stopping threads took: 0.0030380 seconds
22.243: Application time: 0.0608720 seconds
22.243: [GC22.243: [ParNew: 36893K->4134K(37568K), 0.0013970 secs] 175359K->143623K(177692K), 0.0014350 secs] [Times: user=0.01 sys=0.00, real=0.01 secs] 
22.245: Total time for which application threads were stopped: 0.0015610 seconds, Stopping threads took: 0.0000630 seconds
22.309: Application time: 0.0639430 seconds
22.309: [GC22.309: [ParNew: 36858K->4148K(37568K), 0.0014490 secs] 176348K->144661K(178720K), 0.0014880 secs] [Times: user=0.01 sys=0.00, real=0.00 secs] 
22.310: Total time for which application threads were stopped: 0.0016000 seconds, Stopping threads took: 0.0000530 seconds
22.368: Application time: 0.0580590 seconds
22.368: [GC22.368: [ParNew: 36635K->4128K(37568K), 0.0017570 secs] 177149K->146690K(180776K), 0.0017930 secs] [Times: user=0.01 sys=0.00, real=0.00 secs] 
22.370: Total time for which application threads were stopped: 0.0019460 seconds, Stopping threads took: 0.0000820 seconds
22.431: Application time: 0.0608660 seconds
22.431: [GC22.431: [ParNew: 36898K->4135K(37568K), 0.0014570 secs] 179461K->147722K(181804K), 0.0015010 secs] [Times: user=0.01 sys=0.00, real=0.00 secs] 
22.433: Total time for which application threads were stopped: 0.0016360 seconds, Stopping threads took: 0.0000650 seconds
22.494: Application time: 0.0611680 seconds
22.494: [GC22.494: [ParNew: 36818K->4116K(37568K), 0.0017680 secs] 180405K->149750K(183860K), 0.0018070 secs] [Times: user=0.01 sys=0.00, real=0.00 secs] 
22.496: Total time for which application threads were stopped: 0.0019560 seconds, Stopping threads took: 0.0000830 seconds
22.555: Application time: 0.0594160 seconds
22.555: [GC22.555: [ParNew: 36878K->4128K(37568K), 0.0018220 secs] 182512K->151811K(185916K), 0.0018640 secs] [Times: user=0.01 sys=0.00, real=0.01 secs] 
22.557: Total time for which application threads were stopped: 0.0020000 seconds, Stopping threads took: 0.0000670 seconds
22.621: Application time: 0.0638410 seconds
22.621: [GC22.621: [ParNew: 37100K->4134K(37568K), 0.0015360 secs] 184783K->152840K(186944K), 0.0015780 secs] [Times: user=0.01 sys=0.00, real=0.00 secs] 
22.623: Total time for which application threads were stopped: 0.0017290 seconds, Stopping threads took: 0.0000820 seconds
22.686: Application time: 0.0631300 seconds
22.686: [GC22.686: [ParNew: 37214K->4152K(37568K), 0.0017370 secs] 185921K->154914K(189000K), 0.0017710 secs] [Times: user=0.02 sys=0.00, real=0.00 secs] 
22.688: Total time for which application threads were stopped: 0.0019070 seconds, Stopping threads took: 0.0000710 seconds
22.749: Application time: 0.0609040 seconds
22.749: [GC22.749: [ParNew: 37510K->4158K(37568K), 0.0013710 secs] 188272K->155106K(189000K), 0.0014060 secs] [Times: user=0.01 sys=0.00, real=0.00 secs] 
22.750: Total time for which application threads were stopped: 0.0015260 seconds, Stopping threads took: 0.0000570 seconds
22.814: Application time: 0.0632710 seconds
22.814: [GC22.814: [ParNew: 37101K->3158K(37568K), 0.0010010 secs] 188050K->154117K(189192K), 0.0010390 secs] [Times: user=0.01 sys=0.00, real=0.00 secs] 
22.815: Total time for which application threads were stopped: 0.0012090 seconds, Stopping threads took: 0.0001070 seconds
22.873: Application time: 0.0586760 seconds
22.874: [GC22.874: [ParNew: 36566K->4120K(37568K), 0.0016570 secs] 187525K->156131K(190220K), 0.0016990 secs] [Times: user=0.02 sys=0.00, real=0.00 secs] 
22.875: Total time for which application threads were stopped: 0.0018260 seconds, Stopping threads took: 0.0000580 seconds
22.943: Application time: 0.0675080 seconds
22.943: [GC22.943: [ParNew: 37426K->3117K(37568K), 0.0011080 secs] 189438K->155129K(190220K), 0.0011440 secs] [Times: user=0.01 sys=0.00, real=0.00 secs] 
22.944: Total time for which application threads were stopped: 0.0012800 seconds, Stopping threads took: 0.0000570 seconds
23.006: Application time: 0.0615870 seconds
23.006: [GC23.006: [ParNew: 36522K->3148K(37568K), 0.0009960 secs] 188533K->155159K(190220K), 0.0010260 secs] [Times: user=0.01 sys=0.00, real=0.00 secs] 
23.007: Total time for which application threads were stopped: 0.0011430 seconds, Stopping threads took: 0.0000590 seconds
23.067: Application time: 0.0598390 seconds
23.067: [GC23.067: [ParNew: 36556K->2079K(37568K), 0.0007660 secs] 188567K->154091K(190220K), 0.0007990 secs] [Times: user=0.01 sys=0.00, real=0.00 secs] 
23.068: Total time for which application threads were stopped: 0.0009070 seconds, Stopping threads took: 0.0000500 seconds
23.121: Application time: 0.0538060 seconds
23.121: [GC23.121: [ParNew: 34541K->4116K(37568K), 0.0017390 secs] 186552K->159199K(193304K), 0.0017790 secs] [Times: user=0.01 sys=0.00, real=0.00 secs] 
23.123: Total time for which application threads were stopped: 0.0019210 seconds, Stopping threads took: 0.0000770 seconds
23.182: Application time: 0.0589370 seconds
23.182: [GC23.182: [ParNew: 37005K->4113K(37568K), 0.0019320 secs] 192088K->161244K(195360K), 0.0019730 secs] [Times: user=0.01 sys=0.01, real=0.01 secs] 
23.184: Total time for which application threads were stopped: 0.0021140 seconds, Stopping threads took: 0.0000650 seconds
23.248: Application time: 0.0637870 seconds
23.248: [GC23.248: [ParNew: 37086K->4112K(37568K), 0.0018890 secs] 194217K->164315K(198444K), 0.0019370 secs] [Times: user=0.01 sys=0.00, real=0.00 secs] 
23.250: Total time for which application threads were stopped: 0.0020910 seconds, Stopping threads took: 0.0000900 seconds
23.311: Application time: 0.0609600 seconds
23.311: [GC23.311: [ParNew: 37070K->4116K(37568K), 0.0019780 secs] 197274K->167391K(201528K), 0.0020200 secs] [Times: user=0.00 sys=0.01, real=0.00 secs] 
23.313: Total time for which application threads were stopped: 0.0021800 seconds, Stopping threads took: 0.0000910 seconds
23.376: Application time: 0.0631250 seconds
23.377: [GC23.377: [ParNew: 37137K->4145K(37568K), 0.0017050 secs] 200413K->169468K(203584K), 0.0017440 secs] [Times: user=0.01 sys=0.00, real=0.00 secs] 
23.378: Total time for which application threads were stopped: 0.0018800 seconds, Stopping threads took: 0.0000710 seconds
23.440: Application time: 0.0620640 seconds
23.441: [GC23.441: [ParNew: 36571K->4158K(37568K), 0.0015600 secs] 201894K->170691K(204612K), 0.0015940 secs] [Times: user=0.01 sys=0.00, real=0.00 secs] 
23.442: Total time for which application threads were stopped: 0.0017350 seconds, Stopping threads took: 0.0000800 seconds
23.504: Application time: 0.0620170 seconds
23.504: [GC23.504: [ParNew: 36806K->4158K(37568K), 0.0028590 secs] 203339K->170705K(204612K), 0.0029080 secs] [Times: user=0.01 sys=0.00, real=0.01 secs] 
23.507: Total time for which application threads were stopped: 0.0030390 seconds, Stopping threads took: 0.0000590 seconds
23.569: Application time: 0.0619200 seconds
23.569: [GC23.569: [ParNew: 36899K->4134K(37568K), 0.0012520 secs] 203446K->170710K(204804K), 0.0012850 secs] [Times: user=0.01 sys=0.00, real=0.00 secs] 
23.571: Total time for which application threads were stopped: 0.0014140 seconds, Stopping threads took: 0.0000650 seconds
23.629: Application time: 0.0581780 seconds
23.632: [GC23.632: [ParNew: 36614K->4123K(37568K), 0.0015130 secs] 203191K->171723K(205832K), 0.0015510 secs] [Times: user=0.01 sys=0.00, real=0.00 secs] 
23.634: Total time for which application threads were stopped: 0.0052480 seconds, Stopping threads took: 0.0036280 seconds
23.692: Application time: 0.0578070 seconds
23.692: [GC23.692: [ParNew: 36611K->4121K(37568K), 0.0016210 secs] 204211K->172745K(206860K), 0.0016610 secs] [Times: user=0.01 sys=0.00, real=0.00 secs] 
23.694: Total time for which application threads were stopped: 0.0017920 seconds, Stopping threads took: 0.0000630 seconds
23.758: Application time: 0.0640570 seconds
23.758: [GC23.758: [ParNew: 36986K->3120K(37568K), 0.0009420 secs] 205610K->171745K(206860K), 0.0009750 secs] [Times: user=0.01 sys=0.00, real=0.00 secs] 
23.759: Total time for which application threads were stopped: 0.0011090 seconds, Stopping threads took: 0.0000750 seconds
23.814: Application time: 0.0554000 seconds
23.814: [GC23.814: [ParNew: 35539K->4114K(37568K), 0.0014750 secs] 204163K->173763K(207888K), 0.0015100 secs] [Times: user=0.01 sys=0.00, real=0.00 secs] 
23.816: Total time for which application threads were stopped: 0.0016430 seconds, Stopping threads took: 0.0000720 seconds
23.871: Application time: 0.0555190 seconds
23.871: [GC23.871: [ParNew: 36910K->4112K(37568K), 0.0020660 secs] 206558K->176832K(210972K), 0.0021120 secs] [Times: user=0.02 sys=0.00, real=0.00 secs] 
23.874: Total time for which application threads were stopped: 0.0022540 seconds, Stopping threads took: 0.0000720 seconds
23.938: Application time: 0.0639690 seconds
23.938: [GC23.938: [ParNew: 37119K->4118K(37568K), 0.0019940 secs] 209839K->179910K(214056K), 0.0020330 secs] [Times: user=0.01 sys=0.01, real=0.00 secs] 
23.940: Total time for which application threads were stopped: 0.0021770 seconds, Stopping threads took: 0.0000740 seconds
24.006: Application time: 0.0660130 seconds
24.006: [GC24.006: [ParNew: 37128K->4133K(37568K), 0.0015240 secs] 212921K->180949K(215084K), 0.0015610 secs] [Times: user=0.01 sys=0.00, real=0.00 secs] 
24.007: Total time for which application threads were stopped: 0.0017200 seconds, Stopping threads took: 0.0000820 seconds
24.068: Application time: 0.0605290 seconds
24.068: [GC24.068: [ParNew: 36959K->4159K(37568K), 0.0015990 secs] 213776K->182000K(216112K), 0.0016450 secs] [Times: user=0.00 sys=0.00, real=0.00 secs] 
24.070: Total time for which application threads were stopped: 0.0018040 seconds, Stopping threads took: 0.0000920 seconds
24.131: Application time: 0.0610460 seconds
24.131: [GC24.131: [ParNew: 37511K->4158K(37568K), 0.0014000 secs] 215352K->182192K(216112K), 0.0014420 secs] [Times: user=0.01 sys=0.01, real=0.00 secs] 
24.132: Total time for which application threads were stopped: 0.0015950 seconds, Stopping threads took: 0.0000880 seconds
24.195: Application time: 0.0629850 seconds
24.196: [GC24.196: [ParNew: 36994K->4152K(37568K), 0.0016140 secs] 215028K->183224K(217140K), 0.0016500 secs] [Times: user=0.01 sys=0.00, real=0.01 secs] 
24.197: Total time for which application threads were stopped: 0.0017820 seconds, Stopping threads took: 0.0000700 seconds
24.260: Application time: 0.0627210 seconds
24.260: [GC24.260: [ParNew: 36944K->4141K(37568K), 0.0012390 secs] 216017K->183242K(217140K), 0.0012780 secs] [Times: user=0.01 sys=0.00, real=0.00 secs] 
24.261: Total time for which application threads were stopped: 0.0014120 seconds, Stopping threads took: 0.0000700 seconds
24.320: Application time: 0.0588990 seconds
24.320: [GC24.320: [ParNew: 37549K->4140K(37568K), 0.0014710 secs] 216650K->184265K(218168K), 0.0015090 secs] [Times: user=0.01 sys=0.00, real=0.00 secs] 
24.322: Total time for which application threads were stopped: 0.0016490 seconds, Stopping threads took: 0.0000740 seconds
24.381: Application time: 0.0594640 seconds
24.381: [GC24.381: [ParNew: 36721K->4121K(37568K), 0.0015250 secs] 216846K->185270K(219196K), 0.0015620 secs] [Times: user=0.01 sys=0.01, real=0.00 secs] 
24.383: Total time for which application threads were stopped: 0.0016900 seconds, Stopping threads took: 0.0000640 seconds
24.441: Application time: 0.0576540 seconds
24.441: [GC24.441: [ParNew: 36732K->4117K(37568K), 0.0018110 secs] 217881K->187315K(221252K), 0.0018510 secs] [Times: user=0.01 sys=0.00, real=0.00 secs] 
24.443: Total time for which application threads were stopped: 0.0019850 seconds, Stopping threads took: 0.0000670 seconds
24.501: Application time: 0.0586670 seconds
24.501: [GC24.501: [ParNew: 36860K->4132K(37568K), 0.0017200 secs] 220057K->189377K(223308K), 0.0017620 secs] [Times: user=0.01 sys=0.00, real=0.00 secs] 
24.503: Total time for which application threads were stopped: 0.0018910 seconds, Stopping threads took: 0.0000610 seconds
24.566: Application time: 0.0623260 seconds
24.566: [GC24.566: [ParNew: 37063K->4115K(37568K), 0.0015500 secs] 222308K->190385K(224336K), 0.0015880 secs] [Times: user=0.01 sys=0.00, real=0.00 secs] 
24.567: Total time for which application threads were stopped: 0.0017230 seconds, Stopping threads took: 0.0000620 seconds
 CMS: abort preclean due to time 24.568: [CMS-concurrent-abortable-preclean: 0.039/5.034 secs] [Times: user=39.46 sys=0.14, real=5.04 secs] 
24.568: Application time: 0.0005970 seconds
24.568: [GC[YG occupancy: 6177 K (37568 K)]24.568: [Rescan (parallel) , 0.0001560 secs]24.568: [weak refs processing, 0.0000060 secs]24.568: [scrub string table, 0.0000950 secs] [1 CMS-remark: 186269K(186768K)] 192446K(224336K), 0.0002770 secs] [Times: user=0.01 sys=0.00, real=0.00 secs] 
24.568: Total time for which application threads were stopped: 0.0003600 seconds, Stopping threads took: 0.0000570 seconds
24.568: [CMS-concurrent-sweep-start]
24.569: [CMS-concurrent-sweep: 0.001/0.001 secs] [Times: user=0.00 sys=0.00, real=0.00 secs] 
24.569: [CMS-concurrent-reset-start]
24.572: [CMS-concurrent-reset: 0.002/0.002 secs] [Times: user=0.00 sys=0.00, real=0.00 secs] 
24.631: Application time: 0.0626740 seconds
24.632: [GC24.632: [ParNew: 37002K->4116K(37568K), 0.0017920 secs] 151697K->120859K(228728K), 0.0018300 secs] [Times: user=0.01 sys=0.01, real=0.00 secs] 
24.634: Total time for which application threads were stopped: 0.0033070 seconds, Stopping threads took: 0.0014140 seconds
24.634: Application time: 0.0000440 seconds
24.634: [GC [1 CMS-initial-mark: 116742K(191160K)] 121883K(228728K), 0.0001250 secs] [Times: user=0.00 sys=0.00, real=0.00 secs] 
24.635: Total time for which application threads were stopped: 0.0003110 seconds, Stopping threads took: 0.0001650 seconds
24.635: [CMS-concurrent-mark-start]
24.641: [CMS-concurrent-mark: 0.004/0.006 secs] [Times: user=0.04 sys=0.00, real=0.01 secs] 
24.641: [CMS-concurrent-preclean-start]
24.641: [CMS-concurrent-preclean: 0.000/0.000 secs] [Times: user=0.00 sys=0.00, real=0.00 secs] 
24.641: [CMS-concurrent-abortable-preclean-start]
24.698: Application time: 0.0632260 seconds
24.698: [GC24.698: [ParNew: 36820K->4124K(37568K), 0.0014950 secs] 153563K->121891K(228728K), 0.0015280 secs] [Times: user=0.01 sys=0.00, real=0.00 secs] 
24.699: Total time for which application threads were stopped: 0.0016450 seconds, Stopping threads took: 0.0000590 seconds
24.766: Application time: 0.0665680 seconds
24.766: [GC24.766: [ParNew: 37134K->4144K(37568K), 0.0019970 secs] 154901K->123959K(228728K), 0.0020350 secs] [Times: user=0.01 sys=0.00, real=0.00 secs] 
24.768: Total time for which application threads were stopped: 0.0021970 seconds, Stopping threads took: 0.0000890 seconds
24.840: Application time: 0.0719050 seconds
24.840: [GC24.840: [ParNew: 37212K->4158K(37568K), 0.0014560 secs] 157027K->124135K(228728K), 0.0014990 secs] [Times: user=0.01 sys=0.00, real=0.00 secs] 
24.842: Total time for which application threads were stopped: 0.0016650 seconds, Stopping threads took: 0.0000860 seconds
24.910: Application time: 0.0684990 seconds
24.910: [GC24.910: [ParNew: 37240K->4154K(37568K), 0.0018250 secs] 157218K->125202K(228728K), 0.0018660 secs] [Times: user=0.01 sys=0.00, real=0.00 secs] 
24.912: Total time for which application threads were stopped: 0.0020440 seconds, Stopping threads took: 0.0001060 seconds
24.977: Application time: 0.0650500 seconds
24.978: [GC24.978: [ParNew: 36941K->4150K(37568K), 0.0015030 secs] 157989K->126247K(228728K), 0.0015410 secs] [Times: user=0.01 sys=0.00, real=0.00 secs] 
24.979: Total time for which application threads were stopped: 0.0016750 seconds, Stopping threads took: 0.0000730 seconds
25.035: Application time: 0.0560490 seconds
25.035: [GC25.035: [ParNew: 36607K->4122K(37568K), 0.0013390 secs] 158703K->126219K(228728K), 0.0013740 secs] [Times: user=0.01 sys=0.00, real=0.01 secs] 
25.037: Total time for which application threads were stopped: 0.0015010 seconds, Stopping threads took: 0.0000640 seconds
25.096: Application time: 0.0591360 seconds
25.096: [GC25.096: [ParNew: 36931K->4112K(37568K), 0.0022440 secs] 159028K->129281K(228728K), 0.0022850 secs] [Times: user=0.02 sys=0.00, real=0.01 secs] 
25.098: Total time for which application threads were stopped: 0.0024330 seconds, Stopping threads took: 0.0000690 seconds
25.163: Application time: 0.0651880 seconds
25.164: [GC25.164: [ParNew: 36995K->4136K(37568K), 0.0013860 secs] 162164K->129304K(228728K), 0.0014240 secs] [Times: user=0.01 sys=0.00, real=0.01 secs] 
25.165: Total time for which application threads were stopped: 0.0015800 seconds, Stopping threads took: 0.0000920 seconds
25.224: Application time: 0.0585280 seconds
25.224: [GC25.224: [ParNew: 37544K->4118K(37568K), 0.0015270 secs] 162712K->130311K(228728K), 0.0015650 secs] [Times: user=0.01 sys=0.00, real=0.01 secs] 
25.225: Total time for which application threads were stopped: 0.0017230 seconds, Stopping threads took: 0.0000830 seconds
25.288: Application time: 0.0631290 seconds
25.289: [GC25.289: [ParNew: 36936K->4133K(37568K), 0.0012300 secs] 163129K->130326K(228728K), 0.0012660 secs] [Times: user=0.01 sys=0.00, real=0.00 secs] 
25.290: Total time for which application threads were stopped: 0.0014260 seconds, Stopping threads took: 0.0000990 seconds
25.349: Application time: 0.0592420 seconds
25.349: [GC25.349: [ParNew: 36812K->4116K(37568K), 0.0017180 secs] 163005K->132357K(228728K), 0.0017560 secs] [Times: user=0.01 sys=0.00, real=0.00 secs] 
25.351: Total time for which application threads were stopped: 0.0018830 seconds, Stopping threads took: 0.0000540 seconds
25.407: Application time: 0.0561470 seconds
25.407: [GC25.407: [ParNew: 36692K->4112K(37568K), 0.0019260 secs] 164933K->134401K(228728K), 0.0019650 secs] [Times: user=0.01 sys=0.00, real=0.00 secs] 
25.409: Total time for which application threads were stopped: 0.0021040 seconds, Stopping threads took: 0.0000730 seconds
25.473: Application time: 0.0637260 seconds
25.473: [GC25.473: [ParNew: 37202K->4148K(37568K), 0.0015910 secs] 167491K->135461K(228728K), 0.0016290 secs] [Times: user=0.01 sys=0.00, real=0.00 secs] 
25.475: Total time for which application threads were stopped: 0.0017580 seconds, Stopping threads took: 0.0000640 seconds
25.534: Application time: 0.0589490 seconds
25.534: [GC25.534: [ParNew: 37340K->4159K(37568K), 0.0019450 secs] 168652K->137617K(228728K), 0.0019860 secs] [Times: user=0.01 sys=0.00, real=0.00 secs] 
25.536: Total time for which application threads were stopped: 0.0021170 seconds, Stopping threads took: 0.0000620 seconds
25.598: Application time: 0.0627200 seconds
25.599: [GC25.599: [ParNew: 37403K->4158K(37568K), 0.0016850 secs] 170861K->138764K(228728K), 0.0017200 secs] [Times: user=0.02 sys=0.00, real=0.00 secs] 
25.600: Total time for which application threads were stopped: 0.0018610 seconds, Stopping threads took: 0.0000700 seconds
25.665: Application time: 0.0644980 seconds
25.665: [GC25.665: [ParNew: 37049K->4136K(37568K), 0.0013440 secs] 171654K->138751K(228728K), 0.0013780 secs] [Times: user=0.01 sys=0.00, real=0.00 secs] 
25.666: Total time for which application threads were stopped: 0.0014900 seconds, Stopping threads took: 0.0000510 seconds
25.724: Application time: 0.0580890 seconds
25.725: [GC25.725: [ParNew: 37544K->4121K(37568K), 0.0012480 secs] 172159K->138735K(228728K), 0.0012870 secs] [Times: user=0.01 sys=0.00, real=0.00 secs] 
25.726: Total time for which application threads were stopped: 0.0014330 seconds, Stopping threads took: 0.0000830 seconds
25.786: Application time: 0.0602120 seconds
25.786: [GC25.786: [ParNew: 36914K->4116K(37568K), 0.0021960 secs] 171529K->141803K(228728K), 0.0022350 secs] [Times: user=0.01 sys=0.01, real=0.00 secs] 
25.788: Total time for which application threads were stopped: 0.0023730 seconds, Stopping threads took: 0.0000710 seconds
25.851: Application time: 0.0626340 seconds
25.851: [GC25.851: [ParNew: 37055K->4134K(37568K), 0.0017980 secs] 174742K->143869K(228728K), 0.0018360 secs] [Times: user=0.01 sys=0.00, real=0.00 secs] 
25.853: Total time for which application threads were stopped: 0.0019640 seconds, Stopping threads took: 0.0000610 seconds
25.915: Application time: 0.0616820 seconds
25.915: [GC25.915: [ParNew: 36875K->4146K(37568K), 0.0013410 secs] 176610K->143881K(228728K), 0.0013780 secs] [Times: user=0.01 sys=0.00, real=0.00 secs] 
25.916: Total time for which application threads were stopped: 0.0015200 seconds, Stopping threads took: 0.0000750 seconds
25.976: Application time: 0.0600060 seconds
25.976: [GC25.976: [ParNew: 36557K->3127K(37568K), 0.0009780 secs] 176293K->142862K(228728K), 0.0010100 secs] [Times: user=0.00 sys=0.00, real=0.00 secs] 
25.977: Total time for which application threads were stopped: 0.0011600 seconds, Stopping threads took: 0.0000890 seconds
26.036: Application time: 0.0584640 seconds
26.036: [GC26.036: [ParNew: 35546K->4132K(37568K), 0.0015650 secs] 175281K->144891K(228728K), 0.0016020 secs] [Times: user=0.01 sys=0.00, real=0.01 secs] 
26.038: Total time for which application threads were stopped: 0.0017200 seconds, Stopping threads took: 0.0000570 seconds
26.092: Application time: 0.0543150 seconds
26.092: [GC26.092: [ParNew: 36798K->4114K(37568K), 0.0021970 secs] 177557K->147945K(228728K), 0.0022400 secs] [Times: user=0.01 sys=0.00, real=0.00 secs] 
26.094: Total time for which application threads were stopped: 0.0024040 seconds, Stopping threads took: 0.0000960 seconds
26.157: Application time: 0.0631200 seconds
26.158: [GC26.158: [ParNew: 37203K->4140K(37568K), 0.0021450 secs] 181034K->151043K(228728K), 0.0022000 secs] [Times: user=0.01 sys=0.00, real=0.00 secs] 
26.160: Total time for which application threads were stopped: 0.0023430 seconds, Stopping threads took: 0.0000620 seconds
26.223: Application time: 0.0631390 seconds
26.223: [GC26.223: [ParNew: 37435K->4156K(37568K), 0.0019010 secs] 184339K->153208K(228728K), 0.0019440 secs] [Times: user=0.01 sys=0.00, real=0.01 secs] 
26.225: Total time for which application threads were stopped: 0.0020830 seconds, Stopping threads took: 0.0000710 seconds
26.285: Application time: 0.0604770 seconds
26.286: [GC26.286: [ParNew: 37261K->4158K(37568K), 0.0015570 secs] 186313K->154324K(228728K), 0.0015940 secs] [Times: user=0.02 sys=0.00, real=0.00 secs] 
26.287: Total time for which application threads were stopped: 0.0017170 seconds, Stopping threads took: 0.0000590 seconds
26.348: Application time: 0.0606740 seconds
26.348: [GC26.348: [ParNew: 36884K->4116K(37568K), 0.0016930 secs] 187049K->155343K(228728K), 0.0017320 secs] [Times: user=0.01 sys=0.00, real=0.00 secs] 
26.350: Total time for which application threads were stopped: 0.0018680 seconds, Stopping threads took: 0.0000680 seconds
26.415: Application time: 0.0647550 seconds
26.415: [GC26.415: [ParNew: 37085K->4112K(37568K), 0.0018140 secs] 188312K->157388K(228728K), 0.0018530 secs] [Times: user=0.01 sys=0.00, real=0.01 secs] 
26.417: Total time for which application threads were stopped: 0.0019830 seconds, Stopping threads took: 0.0000640 seconds
26.474: Application time: 0.0579270 seconds
26.475: [GC26.475: [ParNew: 36623K->4121K(37568K), 0.0016440 secs] 189899K->158420K(228728K), 0.0016840 secs] [Times: user=0.01 sys=0.00, real=0.00 secs] 
26.476: Total time for which application threads were stopped: 0.0018350 seconds, Stopping threads took: 0.0000850 seconds
26.535: Application time: 0.0591010 seconds
26.536: [GC26.536: [ParNew: 36742K->4136K(37568K), 0.0016160 secs] 191041K->159459K(228728K), 0.0016520 secs] [Times: user=0.01 sys=0.00, real=0.01 secs] 
26.537: Total time for which application threads were stopped: 0.0018060 seconds, Stopping threads took: 0.0000890 seconds
26.598: Application time: 0.0604290 seconds
26.598: [GC26.598: [ParNew: 36743K->4132K(37568K), 0.0016090 secs] 192066K->160479K(228728K), 0.0016460 secs] [Times: user=0.01 sys=0.00, real=0.00 secs] 
26.599: Total time for which application threads were stopped: 0.0017750 seconds, Stopping threads took: 0.0000610 seconds
26.659: Application time: 0.0592820 seconds
26.659: [GC26.659: [ParNew: 36726K->4132K(37568K), 0.0017730 secs] 193073K->161503K(228728K), 0.0018120 secs] [Times: user=0.01 sys=0.00, real=0.00 secs] 
26.661: Total time for which application threads were stopped: 0.0019510 seconds, Stopping threads took: 0.0000640 seconds
26.720: Application time: 0.0595780 seconds
26.720: [GC26.720: [ParNew: 36794K->4129K(37568K), 0.0019000 secs] 194166K->163548K(228728K), 0.0019380 secs] [Times: user=0.02 sys=0.00, real=0.00 secs] 
26.722: Total time for which application threads were stopped: 0.0020760 seconds, Stopping threads took: 0.0000660 seconds
26.781: Application time: 0.0586880 seconds
26.781: [GC26.781: [ParNew: 36858K->4118K(37568K), 0.0018410 secs] 196277K->165585K(228728K), 0.0018830 secs] [Times: user=0.02 sys=0.00, real=0.00 secs] 
26.783: Total time for which application threads were stopped: 0.0020050 seconds, Stopping threads took: 0.0000550 seconds
26.844: Application time: 0.0608520 seconds
26.844: [GC26.844: [ParNew: 37116K->4140K(37568K), 0.0023550 secs] 198584K->168679K(228728K), 0.0023970 secs] [Times: user=0.02 sys=0.00, real=0.01 secs] 
26.846: Total time for which application threads were stopped: 0.0025680 seconds, Stopping threads took: 0.0000900 seconds
26.911: Application time: 0.0641780 seconds
26.911: [GC26.911: [ParNew: 37548K->4156K(37568K), 0.0020270 secs] 202087K->170860K(228728K), 0.0020690 secs] [Times: user=0.02 sys=0.00, real=0.00 secs] 
26.913: Total time for which application threads were stopped: 0.0022040 seconds, Stopping threads took: 0.0000680 seconds
26.972: Application time: 0.0593860 seconds
26.972: [GC26.972: [ParNew: 37214K->4158K(37568K), 0.0017080 secs] 203918K->171985K(228728K), 0.0017520 secs] [Times: user=0.01 sys=0.00, real=0.00 secs] 
26.974: Total time for which application threads were stopped: 0.0019390 seconds, Stopping threads took: 0.0001200 seconds
27.036: Application time: 0.0622750 seconds
27.037: [GC27.037: [ParNew: 36924K->4137K(37568K), 0.0014920 secs] 204751K->171978K(228728K), 0.0015290 secs] [Times: user=0.01 sys=0.00, real=0.00 secs] 
27.038: Total time for which application threads were stopped: 0.0016590 seconds, Stopping threads took: 0.0000660 seconds
27.099: Application time: 0.0612590 seconds
27.099: [GC27.099: [ParNew: 36793K->4117K(37568K), 0.0015610 secs] 204634K->172982K(228728K), 0.0015970 secs] [Times: user=0.01 sys=0.00, real=0.00 secs] 
27.101: Total time for which application threads were stopped: 0.0017210 seconds, Stopping threads took: 0.0000600 seconds
27.160: Application time: 0.0590540 seconds
27.160: [GC27.160: [ParNew: 36678K->4114K(37568K), 0.0019330 secs] 205543K->175027K(228728K), 0.0019700 secs] [Times: user=0.01 sys=0.00, real=0.00 secs] 
27.162: Total time for which application threads were stopped: 0.0021070 seconds, Stopping threads took: 0.0000640 seconds
27.223: Application time: 0.0604690 seconds
27.223: [GC27.223: [ParNew: 36756K->4122K(37568K), 0.0016210 secs] 207669K->176059K(228728K), 0.0016570 secs] [Times: user=0.01 sys=0.00, real=0.01 secs] 
27.224: Total time for which application threads were stopped: 0.0018060 seconds, Stopping threads took: 0.0000870 seconds
27.285: Application time: 0.0600460 seconds
27.285: [GC27.285: [ParNew: 36883K->4146K(37568K), 0.0016030 secs] 208820K->177107K(228728K), 0.0016360 secs] [Times: user=0.01 sys=0.00, real=0.00 secs] 
27.286: Total time for which application threads were stopped: 0.0017590 seconds, Stopping threads took: 0.0000610 seconds
27.346: Application time: 0.0593920 seconds
27.346: [GC27.346: [ParNew: 36758K->4134K(37568K), 0.0014850 secs] 209720K->178119K(228728K), 0.0015210 secs] [Times: user=0.01 sys=0.00, real=0.00 secs] 
27.347: Total time for which application threads were stopped: 0.0016440 seconds, Stopping threads took: 0.0000600 seconds
27.407: Application time: 0.0599430 seconds
27.407: [GC27.407: [ParNew: 36818K->4138K(37568K), 0.0012460 secs] 210803K->178123K(228728K), 0.0012790 secs] [Times: user=0.01 sys=0.00, real=0.00 secs] 
27.409: Total time for which application threads were stopped: 0.0014080 seconds, Stopping threads took: 0.0000710 seconds
27.470: Application time: 0.0609570 seconds
27.470: [GC27.470: [ParNew: 36971K->4118K(37568K), 0.0017710 secs] 210956K->180151K(228728K), 0.0018120 secs] [Times: user=0.02 sys=0.00, real=0.00 secs] 
27.472: Total time for which application threads were stopped: 0.0019490 seconds, Stopping threads took: 0.0000720 seconds
27.531: Application time: 0.0590940 seconds
27.531: [GC27.531: [ParNew: 37046K->4140K(37568K), 0.0021670 secs] 213079K->183245K(228728K), 0.0022070 secs] [Times: user=0.02 sys=0.00, real=0.00 secs] 
27.533: Total time for which application threads were stopped: 0.0023770 seconds, Stopping threads took: 0.0001040 seconds
27.595: Application time: 0.0621590 seconds
27.595: [GC27.595: [ParNew: 37471K->4159K(37568K), 0.0019970 secs] 216576K->185425K(228728K), 0.0020380 secs] [Times: user=0.02 sys=0.00, real=0.01 secs] 
27.597: Total time for which application threads were stopped: 0.0021880 seconds, Stopping threads took: 0.0000820 seconds
27.659: Application time: 0.0614390 seconds
27.659: [GC27.659: [ParNew: 37222K->4154K(37568K), 0.0016000 secs] 218488K->186522K(228728K), 0.0016380 secs] [Times: user=0.01 sys=0.00, real=0.00 secs] 
27.661: Total time for which application threads were stopped: 0.0017680 seconds, Stopping threads took: 0.0000620 seconds
27.722: Application time: 0.0618120 seconds
27.723: [GC27.723: [ParNew: 36912K->4139K(37568K), 0.0013030 secs] 219280K->186545K(228728K), 0.0013380 secs] [Times: user=0.01 sys=0.00, real=0.00 secs] 
27.724: Total time for which application threads were stopped: 0.0014760 seconds, Stopping threads took: 0.0000640 seconds
27.786: Application time: 0.0616910 seconds
27.786: [GC27.786: [ParNew: 36778K->4151K(37568K), 0.0012490 secs] 219183K->186557K(228728K), 0.0012920 secs] [Times: user=0.01 sys=0.00, real=0.00 secs] 
27.787: Total time for which application threads were stopped: 0.0014210 seconds, Stopping threads took: 0.0000670 seconds
27.846: Application time: 0.0587310 seconds
27.846: [GC27.846: [ParNew: 37559K->4112K(37568K), 0.0018360 secs] 219965K->188565K(228728K), 0.0018750 secs] [Times: user=0.01 sys=0.00, real=0.00 secs] 
27.848: Total time for which application threads were stopped: 0.0020060 seconds, Stopping threads took: 0.0000650 seconds
27.908: Application time: 0.0603450 seconds
27.908: [GC27.908: [ParNew: 36948K->4118K(37568K), 0.0015760 secs] 221402K->189595K(228728K), 0.0016090 secs] [Times: user=0.01 sys=0.00, real=0.00 secs] 
27.910: Total time for which application threads were stopped: 0.0017310 seconds, Stopping threads took: 0.0000590 seconds
27.969: Application time: 0.0589930 seconds
27.969: [GC27.969: [ParNew: 36855K->4128K(37568K), 0.0018230 secs] 222332K->191653K(228728K), 0.0018600 secs] [Times: user=0.02 sys=0.00, real=0.00 secs] 
27.971: Total time for which application threads were stopped: 0.0019910 seconds, Stopping threads took: 0.0000650 seconds
28.032: Application time: 0.0615210 seconds
28.032: [GC28.032: [ParNew: 36896K->4137K(37568K), 0.0012970 secs] 224421K->191662K(228728K), 0.0013330 secs] [Times: user=0.01 sys=0.00, real=0.00 secs] 
28.034: Total time for which application threads were stopped: 0.0014680 seconds, Stopping threads took: 0.0000700 seconds
28.093: Application time: 0.0594510 seconds
28.093: [GC28.093: [ParNew: 36775K->4133K(37568K), 0.0015680 secs] 224300K->192683K(228728K), 0.0016000 secs] [Times: user=0.01 sys=0.00, real=0.00 secs] 
28.095: Total time for which application threads were stopped: 0.0017180 seconds, Stopping threads took: 0.0000580 seconds
28.155: Application time: 0.0597180 seconds
28.156: [GC28.156: [ParNew: 36857K->4118K(37568K), 0.0018380 secs] 225406K->194715K(228728K), 0.0018740 secs] [Times: user=0.01 sys=0.00, real=0.00 secs] 
28.158: Total time for which application threads were stopped: 0.0035650 seconds, Stopping threads took: 0.0016270 seconds
28.221: Application time: 0.0623700 seconds
28.221: [GC28.221: [ParNew: 37167K->4158K(37568K), 0.0017440 secs] 227764K->196804K(230784K), 0.0017810 secs] [Times: user=0.01 sys=0.00, real=0.00 secs] 
28.223: Total time for which application threads were stopped: 0.0019040 seconds, Stopping threads took: 0.0000560 seconds
28.281: Application time: 0.0583210 seconds
28.281: [GC28.281: [ParNew: 37274K->4157K(37568K), 0.0018020 secs] 229920K->198956K(232840K), 0.0018420 secs] [Times: user=0.01 sys=0.00, real=0.00 secs] 
28.283: Total time for which application threads were stopped: 0.0019890 seconds, Stopping threads took: 0.0000690 seconds
28.346: Application time: 0.0635470 seconds
28.347: [GC28.347: [ParNew: 37464K->4159K(37568K), 0.0016430 secs] 232263K->200074K(234060K), 0.0016820 secs] [Times: user=0.01 sys=0.01, real=0.00 secs] 
28.348: Total time for which application threads were stopped: 0.0018230 seconds, Stopping threads took: 0.0000730 seconds
28.413: Application time: 0.0649690 seconds
28.413: [GC28.413: [ParNew: 37029K->3116K(37568K), 0.0009940 secs] 232944K->199065K(234060K), 0.0010280 secs] [Times: user=0.00 sys=0.00, real=0.00 secs] 
28.414: Total time for which application threads were stopped: 0.0011510 seconds, Stopping threads took: 0.0000630 seconds
28.475: Application time: 0.0607060 seconds
28.475: [GC28.475: [ParNew: 35741K->4133K(37568K), 0.0012360 secs] 231690K->200082K(234060K), 0.0012770 secs] [Times: user=0.01 sys=0.00, real=0.01 secs] 
28.476: Total time for which application threads were stopped: 0.0013980 seconds, Stopping threads took: 0.0000550 seconds
28.536: Application time: 0.0590680 seconds
28.536: [GC28.536: [ParNew: 37530K->4117K(37568K), 0.0015110 secs] 233479K->201090K(235088K), 0.0015470 secs] [Times: user=0.01 sys=0.01, real=0.01 secs] 
28.537: Total time for which application threads were stopped: 0.0016770 seconds, Stopping threads took: 0.0000600 seconds
28.598: Application time: 0.0607530 seconds
28.600: [GC28.600: [ParNew: 36894K->4119K(37568K), 0.0015950 secs] 233867K->202116K(236116K), 0.0016290 secs] [Times: user=0.01 sys=0.00, real=0.00 secs] 
28.602: Total time for which application threads were stopped: 0.0040540 seconds, Stopping threads took: 0.0023620 seconds
28.658: Application time: 0.0561770 seconds
28.658: [GC28.658: [ParNew: 36673K->4113K(37568K), 0.0018350 secs] 234669K->204158K(238172K), 0.0018760 secs] [Times: user=0.01 sys=0.00, real=0.00 secs] 
28.660: Total time for which application threads were stopped: 0.0020210 seconds, Stopping threads took: 0.0000770 seconds
28.722: Application time: 0.0614960 seconds
28.722: [GC28.722: [ParNew: 36941K->4128K(37568K), 0.0017550 secs] 236986K->206220K(240228K), 0.0017940 secs] [Times: user=0.01 sys=0.00, real=0.00 secs] 
28.724: Total time for which application threads were stopped: 0.0019350 seconds, Stopping threads took: 0.0000750 seconds
28.787: Application time: 0.0635580 seconds
28.787: [GC28.787: [ParNew: 36929K->4132K(37568K), 0.0014350 secs] 239021K->207249K(241256K), 0.0014730 secs] [Times: user=0.01 sys=0.00, real=0.00 secs] 
28.789: Total time for which application threads were stopped: 0.0016260 seconds, Stopping threads took: 0.0000810 seconds
28.848: Application time: 0.0592320 seconds
28.848: [GC28.848: [ParNew: 36808K->4118K(37568K), 0.0016980 secs] 239925K->209282K(243312K), 0.0017370 secs] [Times: user=0.02 sys=0.00, real=0.00 secs] 
28.850: Total time for which application threads were stopped: 0.0018700 seconds, Stopping threads took: 0.0000640 seconds
28.912: Application time: 0.0622250 seconds
28.912: [GC28.912: [ParNew: 37053K->4146K(37568K), 0.0014310 secs] 242217K->210335K(244340K), 0.0014690 secs] [Times: user=0.01 sys=0.00, real=0.00 secs] 
28.914: Total time for which application threads were stopped: 0.0016000 seconds, Stopping threads took: 0.0000570 seconds
28.970: Application time: 0.0561720 seconds
28.970: [GC28.970: [ParNew: 37087K->4158K(37568K), 0.0020900 secs] 243276K->213487K(247424K), 0.0021290 secs] [Times: user=0.02 sys=0.00, real=0.00 secs] 
28.972: Total time for which application threads were stopped: 0.0022650 seconds, Stopping threads took: 0.0000670 seconds
29.037: Application time: 0.0644330 seconds
29.037: [GC29.037: [ParNew: 36558K->4158K(37568K), 0.0016480 secs] 245887K->214624K(248644K), 0.0016870 secs] [Times: user=0.01 sys=0.00, real=0.00 secs] 
29.039: Total time for which application threads were stopped: 0.0018250 seconds, Stopping threads took: 0.0000740 seconds
29.099: Application time: 0.0605230 seconds
29.099: [GC29.099: [ParNew: 36909K->4156K(37568K), 0.0015760 secs] 247376K->215696K(249672K), 0.0016120 secs] [Times: user=0.01 sys=0.00, real=0.00 secs] 
29.101: Total time for which application threads were stopped: 0.0017430 seconds, Stopping threads took: 0.0000640 seconds
29.163: Application time: 0.0622970 seconds
29.163: [GC29.163: [ParNew: 36831K->3140K(37568K), 0.0010060 secs] 248371K->214681K(249672K), 0.0010420 secs] [Times: user=0.01 sys=0.00, real=0.00 secs] 
29.164: Total time for which application threads were stopped: 0.0011730 seconds, Stopping threads took: 0.0000670 seconds
29.222: Application time: 0.0576090 seconds
29.222: [GC29.222: [ParNew: 36548K->4114K(37568K), 0.0018630 secs] 248089K->217702K(251728K), 0.0019020 secs] [Times: user=0.01 sys=0.00, real=0.00 secs] 
29.224: Total time for which application threads were stopped: 0.0020390 seconds, Stopping threads took: 0.0000670 seconds
29.285: Application time: 0.0610730 seconds
29.285: [GC29.285: [ParNew: 36813K->4111K(37568K), 0.0015600 secs] 250401K->218723K(252756K), 0.0015960 secs] [Times: user=0.01 sys=0.00, real=0.00 secs] 
29.287: Total time for which application threads were stopped: 0.0017200 seconds, Stopping threads took: 0.0000600 seconds
29.348: Application time: 0.0613860 seconds
29.348: [GC29.348: [ParNew: 36932K->4116K(37568K), 0.0018110 secs] 251545K->220777K(254812K), 0.0018500 secs] [Times: user=0.01 sys=0.00, real=0.00 secs] 
29.350: Total time for which application threads were stopped: 0.0019860 seconds, Stopping threads took: 0.0000610 seconds
29.411: Application time: 0.0610520 seconds
29.411: [GC29.411: [ParNew: 36913K->4118K(37568K), 0.0017480 secs] 253573K->222826K(256868K), 0.0017860 secs] [Times: user=0.01 sys=0.01, real=0.00 secs] 
29.413: Total time for which application threads were stopped: 0.0019080 seconds, Stopping threads took: 0.0000550 seconds
29.472: Application time: 0.0585070 seconds
29.472: [GC29.472: [ParNew: 36746K->4131K(37568K), 0.0013050 secs] 255454K->222839K(256868K), 0.0013390 secs] [Times: user=0.01 sys=0.00, real=0.00 secs] 
29.473: Total time for which application threads were stopped: 0.0014840 seconds, Stopping threads took: 0.0000850 seconds
29.539: Application time: 0.0658290 seconds
29.540: [GC29.540: [ParNew: 36919K->4118K(37568K), 0.0013140 secs] 255627K->222826K(256868K), 0.0013520 secs] [Times: user=0.01 sys=0.00, real=0.00 secs] 
29.542: Total time for which application threads were stopped: 0.0026660 seconds, Stopping threads took: 0.0012550 seconds
29.603: Application time: 0.0617010 seconds
29.603: [GC29.603: [ParNew: 37113K->4156K(37568K), 0.0013630 secs] 255821K->222912K(256868K), 0.0014020 secs] [Times: user=0.00 sys=0.00, real=0.01 secs] 
29.605: Total time for which application threads were stopped: 0.0015450 seconds, Stopping threads took: 0.0000790 seconds
29.664: Application time: 0.0595030 seconds
29.664: [GC29.664: [ParNew: 37153K->4159K(37568K), 0.0016480 secs] 255909K->224009K(257896K), 0.0016860 secs] [Times: user=0.01 sys=0.00, real=0.00 secs] 
29.666: Total time for which application threads were stopped: 0.0018160 seconds, Stopping threads took: 0.0000650 seconds
 CMS: abort preclean due to time 29.667: [CMS-concurrent-abortable-preclean: 0.045/5.026 secs] [Times: user=39.62 sys=0.11, real=5.03 secs] 
29.667: Application time: 0.0005540 seconds
29.667: [GC[YG occupancy: 5203 K (37568 K)]29.667: [Rescan (parallel) , 0.0001480 secs]29.667: [weak refs processing, 0.0000060 secs]29.667: [scrub string table, 0.0001120 secs] [1 CMS-remark: 219849K(220328K)] 225053K(257896K), 0.0002870 secs] [Times: user=0.00 sys=0.00, real=0.00 secs] 
29.667: Total time for which application threads were stopped: 0.0003490 seconds, Stopping threads took: 0.0000390 seconds
29.667: [CMS-concurrent-sweep-start]
29.668: [CMS-concurrent-sweep: 0.001/0.001 secs] [Times: user=0.01 sys=0.00, real=0.00 secs] 
29.668: [CMS-concurrent-reset-start]
29.670: [CMS-concurrent-reset: 0.002/0.002 secs] [Times: user=0.01 sys=0.00, real=0.00 secs] 
29.731: Application time: 0.0634910 seconds
29.732: [GC29.732: [ParNew: 37363K->4159K(37568K), 0.0015490 secs] 146025K->113915K(257896K), 0.0015870 secs] [Times: user=0.01 sys=0.00, real=0.00 secs] 
29.734: Total time for which application threads were stopped: 0.0034830 seconds, Stopping threads took: 0.0018340 seconds
29.791: Application time: 0.0566880 seconds
29.791: [GC29.791: [ParNew: 36809K->4128K(37568K), 0.0020040 secs] 146565K->115973K(257896K), 0.0020420 secs] [Times: user=0.01 sys=0.00, real=0.00 secs] 
29.793: Total time for which application threads were stopped: 0.0021760 seconds, Stopping threads took: 0.0000670 seconds
29.857: Application time: 0.0639920 seconds
29.857: [GC29.857: [ParNew: 37081K->4134K(37568K), 0.0015890 secs] 148927K->117003K(257896K), 0.0016240 secs] [Times: user=0.02 sys=0.00, real=0.00 secs] 
29.859: Total time for which application threads were stopped: 0.0017660 seconds, Stopping threads took: 0.0000710 seconds
29.918: Application time: 0.0596000 seconds
29.918: [GC29.918: [ParNew: 36739K->4149K(37568K), 0.0013080 secs] 149609K->117019K(257896K), 0.0013450 secs] [Times: user=0.01 sys=0.00, real=0.00 secs] 
29.920: Total time for which application threads were stopped: 0.0014770 seconds, Stopping threads took: 0.0000660 seconds
29.981: Application time: 0.0611260 seconds
29.981: [GC29.981: [ParNew: 36706K->3147K(37568K), 0.0010310 secs] 149575K->116016K(257896K), 0.0010680 secs] [Times: user=0.01 sys=0.00, real=0.00 secs] 
29.982: Total time for which application threads were stopped: 0.0011910 seconds, Stopping threads took: 0.0000680 seconds
30.038: Application time: 0.0561510 seconds
30.038: [GC30.038: [ParNew: 36503K->4112K(37568K), 0.0022100 secs] 149372K->120053K(257896K), 0.0022500 secs] [Times: user=0.01 sys=0.00, real=0.00 secs] 
30.041: Total time for which application threads were stopped: 0.0023990 seconds, Stopping threads took: 0.0000840 seconds
30.041: Application time: 0.0000790 seconds
30.044: [GC [1 CMS-initial-mark: 115941K(220328K)] 121077K(257896K), 0.0001270 secs] [Times: user=0.00 sys=0.00, real=0.00 secs] 
30.045: Total time for which application threads were stopped: 0.0038850 seconds, Stopping threads took: 0.0037330 seconds
30.045: [CMS-concurrent-mark-start]
30.048: [CMS-concurrent-mark: 0.003/0.003 secs] [Times: user=0.00 sys=0.00, real=0.00 secs] 
30.048: [CMS-concurrent-preclean-start]
30.048: [CMS-concurrent-preclean: 0.000/0.000 secs] [Times: user=0.03 sys=0.00, real=0.00 secs] 
30.049: Application time: 0.0039660 seconds
30.049: [GC[YG occupancy: 5313 K (37568 K)]30.049: [Rescan (parallel) , 0.0002550 secs]30.049: [weak refs processing, 0.0000060 secs]30.049: [scrub string table, 0.0001240 secs] [1 CMS-remark: 115941K(220328K)] 121255K(257896K), 0.0004140 secs] [Times: user=0.00 sys=0.00, real=0.00 secs] 
30.049: Total time for which application threads were stopped: 0.0005740 seconds, Stopping threads took: 0.0001350 seconds
30.049: [CMS-concurrent-sweep-start]
30.050: [CMS-concurrent-sweep: 0.001/0.001 secs] [Times: user=0.00 sys=0.00, real=0.00 secs] 
30.050: [CMS-concurrent-reset-start]
30.052: [CMS-concurrent-reset: 0.002/0.002 secs] [Times: user=0.00 sys=0.00, real=0.00 secs] 
30.109: Application time: 0.0599280 seconds
30.109: [GC30.109: [ParNew: 37056K->4116K(37568K), 0.0018530 secs] 43641K->12749K(257896K), 0.0018950 secs] [Times: user=0.02 sys=0.00, real=0.00 secs] 
30.111: Total time for which application threads were stopped: 0.0020170 seconds, Stopping threads took: 0.0000540 seconds
30.171: Application time: 0.0601920 seconds
30.171: [GC30.171: [ParNew: 36924K->4130K(37568K), 0.0015480 secs] 45557K->13787K(257896K), 0.0015830 secs] [Times: user=0.01 sys=0.00, real=0.00 secs] 
30.173: Total time for which application threads were stopped: 0.0017610 seconds, Stopping threads took: 0.0001170 seconds
30.234: Application time: 0.0608060 seconds
30.234: [GC30.234: [ParNew: 36968K->4117K(37568K), 0.0018550 secs] 46625K->15822K(257896K), 0.0018940 secs] [Times: user=0.02 sys=0.00, real=0.00 secs] 
30.236: Total time for which application threads were stopped: 0.0020420 seconds, Stopping threads took: 0.0000820 seconds
30.295: Application time: 0.0593630 seconds
30.295: [GC30.295: [ParNew: 37059K->4156K(37568K), 0.0019990 secs] 48764K->17909K(257896K), 0.0020370 secs] [Times: user=0.02 sys=0.00, real=0.01 secs] 
30.297: Total time for which application threads were stopped: 0.0022600 seconds, Stopping threads took: 0.0001550 seconds
30.363: Application time: 0.0660140 seconds
30.364: [GC30.364: [ParNew: 36561K->4159K(37568K), 0.0013680 secs] 50314K->18049K(257896K), 0.0014050 secs] [Times: user=0.01 sys=0.00, real=0.01 secs] 
30.365: Total time for which application threads were stopped: 0.0015420 seconds, Stopping threads took: 0.0000700 seconds
30.420: Application time: 0.0550230 seconds
30.420: [GC30.420: [ParNew: 36818K->4154K(37568K), 0.0013660 secs] 50708K->18114K(257896K), 0.0014000 secs] [Times: user=0.01 sys=0.00, real=0.00 secs] 
30.422: Total time for which application threads were stopped: 0.0015270 seconds, Stopping threads took: 0.0000640 seconds
30.484: Application time: 0.0626560 seconds
30.484: [GC30.484: [ParNew: 36887K->4114K(37568K), 0.0018730 secs] 50846K->20143K(257896K), 0.0019120 secs] [Times: user=0.01 sys=0.00, real=0.00 secs] 
30.486: Total time for which application threads were stopped: 0.0020840 seconds, Stopping threads took: 0.0001070 seconds
30.548: Application time: 0.0618370 seconds
30.548: [GC30.548: [ParNew: 37000K->4149K(37568K), 0.0014360 secs] 53029K->20178K(257896K), 0.0014860 secs] [Times: user=0.00 sys=0.01, real=0.00 secs] 
30.550: Total time for which application threads were stopped: 0.0016140 seconds, Stopping threads took: 0.0000640 seconds
30.608: Application time: 0.0580650 seconds
30.608: [GC30.608: [ParNew: 36638K->4141K(37568K), 0.0012930 secs] 52667K->20170K(257896K), 0.0013320 secs] [Times: user=0.01 sys=0.00, real=0.00 secs] 
30.609: Total time for which application threads were stopped: 0.0014770 seconds, Stopping threads took: 0.0000820 seconds
30.672: Application time: 0.0626800 seconds
30.672: [GC30.672: [ParNew: 36894K->2097K(37568K), 0.0007060 secs] 52923K->18126K(257896K), 0.0007400 secs] [Times: user=0.00 sys=0.00, real=0.00 secs] 
30.673: Total time for which application threads were stopped: 0.0008760 seconds, Stopping threads took: 0.0000760 seconds
30.728: Application time: 0.0546520 seconds
30.728: [GC30.728: [ParNew: 34501K->4119K(37568K), 0.0018850 secs] 50531K->22197K(257896K), 0.0019240 secs] [Times: user=0.01 sys=0.00, real=0.00 secs] 
30.730: Total time for which application threads were stopped: 0.0020700 seconds, Stopping threads took: 0.0000810 seconds
30.789: Application time: 0.0595830 seconds
30.789: [GC30.789: [ParNew: 36952K->4115K(37568K), 0.0018080 secs] 55030K->24240K(257896K), 0.0018440 secs] [Times: user=0.01 sys=0.00, real=0.00 secs] 
30.791: Total time for which application threads were stopped: 0.0019700 seconds, Stopping threads took: 0.0000630 seconds
30.856: Application time: 0.0648730 seconds
30.856: [GC30.856: [ParNew: 37127K->4138K(37568K), 0.0015030 secs] 57252K->25288K(257896K), 0.0015360 secs] [Times: user=0.01 sys=0.00, real=0.01 secs] 
30.858: Total time for which application threads were stopped: 0.0016610 seconds, Stopping threads took: 0.0000660 seconds
30.914: Application time: 0.0567390 seconds
30.915: [GC30.915: [ParNew: 36655K->4130K(37568K), 0.0019240 secs] 57804K->27327K(257896K), 0.0019660 secs] [Times: user=0.02 sys=0.00, real=0.01 secs] 
30.917: Total time for which application threads were stopped: 0.0021250 seconds, Stopping threads took: 0.0000820 seconds
30.980: Application time: 0.0634400 seconds
30.980: [GC30.980: [ParNew: 37155K->4156K(37568K), 0.0016930 secs] 60352K->28381K(257896K), 0.0017290 secs] [Times: user=0.01 sys=0.00, real=0.00 secs] 
30.982: Total time for which application threads were stopped: 0.0018600 seconds, Stopping threads took: 0.0000680 seconds
31.041: Application time: 0.0594560 seconds
31.041: [GC31.041: [ParNew: 37103K->4159K(37568K), 0.0018600 secs] 61328K->30517K(257896K), 0.0019050 secs] [Times: user=0.02 sys=0.00, real=0.00 secs] 
31.043: Total time for which application threads were stopped: 0.0020330 seconds, Stopping threads took: 0.0000610 seconds
31.104: Application time: 0.0607840 seconds
31.104: [GC31.104: [ParNew: 37364K->4156K(37568K), 0.0016960 secs] 63722K->31648K(257896K), 0.0017350 secs] [Times: user=0.01 sys=0.00, real=0.01 secs] 
31.106: Total time for which application threads were stopped: 0.0018590 seconds, Stopping threads took: 0.0000600 seconds
31.168: Application time: 0.0619190 seconds
31.168: [GC31.168: [ParNew: 36932K->4114K(37568K), 0.0018130 secs] 64424K->33684K(257896K), 0.0018510 secs] [Times: user=0.01 sys=0.00, real=0.00 secs] 
31.170: Total time for which application threads were stopped: 0.0019880 seconds, Stopping threads took: 0.0000740 seconds
31.229: Application time: 0.0587140 seconds
31.229: [GC31.229: [ParNew: 36740K->4146K(37568K), 0.0016310 secs] 66310K->34740K(257896K), 0.0016680 secs] [Times: user=0.01 sys=0.00, real=0.00 secs] 
31.230: Total time for which application threads were stopped: 0.0018050 seconds, Stopping threads took: 0.0000700 seconds
31.292: Application time: 0.0611710 seconds
31.292: [GC31.292: [ParNew: 36864K->4122K(37568K), 0.0015130 secs] 67458K->35739K(257896K), 0.0015500 secs] [Times: user=0.01 sys=0.00, real=0.00 secs] 
31.293: Total time for which application threads were stopped: 0.0016960 seconds, Stopping threads took: 0.0000840 seconds
31.351: Application time: 0.0576960 seconds
31.351: [GC31.351: [ParNew: 36676K->4134K(37568K), 0.0015860 secs] 68294K->36775K(257896K), 0.0016340 secs] [Times: user=0.01 sys=0.00, real=0.00 secs] 
31.353: Total time for which application threads were stopped: 0.0017810 seconds, Stopping threads took: 0.0000830 seconds
31.412: Application time: 0.0591870 seconds
31.412: [GC31.412: [ParNew: 36771K->4116K(37568K), 0.0018130 secs] 69412K->38805K(257896K), 0.0018550 secs] [Times: user=0.01 sys=0.00, real=0.00 secs] 
31.414: Total time for which application threads were stopped: 0.0019840 seconds, Stopping threads took: 0.0000610 seconds
31.477: Application time: 0.0627340 seconds
31.477: [GC31.477: [ParNew: 37034K->4130K(37568K), 0.0016130 secs] 71724K->39844K(257896K), 0.0016500 secs] [Times: user=0.01 sys=0.00, real=0.00 secs] 
31.479: Total time for which application threads were stopped: 0.0017990 seconds, Stopping threads took: 0.0000780 seconds
31.540: Application time: 0.0617160 seconds
31.540: [GC31.540: [ParNew: 37011K->4130K(37568K), 0.0018400 secs] 72724K->41891K(257896K), 0.0018780 secs] [Times: user=0.01 sys=0.00, real=0.00 secs] 
31.542: Total time for which application threads were stopped: 0.0020020 seconds, Stopping threads took: 0.0000600 seconds
31.601: Application time: 0.0587790 seconds
31.601: [GC31.601: [ParNew: 36810K->4115K(37568K), 0.0014110 secs] 74572K->41876K(257896K), 0.0014420 secs] [Times: user=0.01 sys=0.00, real=0.00 secs] 
31.603: Total time for which application threads were stopped: 0.0015630 seconds, Stopping threads took: 0.0000600 seconds
31.665: Application time: 0.0627650 seconds
31.665: [GC31.665: [ParNew: 37043K->4156K(37568K), 0.0015780 secs] 74805K->42946K(257896K), 0.0016160 secs] [Times: user=0.01 sys=0.00, real=0.00 secs] 
31.667: Total time for which application threads were stopped: 0.0017400 seconds, Stopping threads took: 0.0000590 seconds
31.725: Application time: 0.0581080 seconds
31.725: [GC31.725: [ParNew: 36994K->4152K(37568K), 0.0019800 secs] 75784K->45062K(257896K), 0.0020210 secs] [Times: user=0.02 sys=0.00, real=0.00 secs] 
31.727: Total time for which application threads were stopped: 0.0021610 seconds, Stopping threads took: 0.0000720 seconds
31.787: Application time: 0.0600660 seconds
31.788: [GC31.788: [ParNew: 37377K->4158K(37568K), 0.0020450 secs] 78287K->47235K(257896K), 0.0020860 secs] [Times: user=0.01 sys=0.00, real=0.00 secs] 
31.790: Total time for which application threads were stopped: 0.0022150 seconds, Stopping threads took: 0.0000610 seconds
31.854: Application time: 0.0644310 seconds
31.854: [GC31.854: [ParNew: 37199K->4133K(37568K), 0.0017160 secs] 80276K->48268K(257896K), 0.0017550 secs] [Times: user=0.01 sys=0.00, real=0.00 secs] 
31.856: Total time for which application threads were stopped: 0.0019200 seconds, Stopping threads took: 0.0000970 seconds
31.916: Application time: 0.0595180 seconds
31.916: [GC31.916: [ParNew: 36632K->4136K(37568K), 0.0012550 secs] 80767K->48271K(257896K), 0.0012890 secs] [Times: user=0.01 sys=0.00, real=0.01 secs] 
31.917: Total time for which application threads were stopped: 0.0014280 seconds, Stopping threads took: 0.0000760 seconds
31.978: Application time: 0.0611110 seconds
31.978: [GC31.978: [ParNew: 36592K->3101K(37568K), 0.0009440 secs] 80727K->47237K(257896K), 0.0009790 secs] [Times: user=0.01 sys=0.00, real=0.00 secs] 
31.979: Total time for which application threads were stopped: 0.0011090 seconds, Stopping threads took: 0.0000620 seconds
32.032: Application time: 0.0529040 seconds
32.032: [GC32.032: [ParNew: 35514K->4112K(37568K), 0.0022100 secs] 79649K->51319K(257896K), 0.0022530 secs] [Times: user=0.02 sys=0.00, real=0.00 secs] 
32.034: Total time for which application threads were stopped: 0.0024100 seconds, Stopping threads took: 0.0000890 seconds
32.097: Application time: 0.0622120 seconds
32.097: [GC32.097: [ParNew: 37053K->4119K(37568K), 0.0017880 secs] 84260K->53374K(257896K), 0.0018250 secs] [Times: user=0.02 sys=0.00, real=0.00 secs] 
32.099: Total time for which application threads were stopped: 0.0019510 seconds, Stopping threads took: 0.0000550 seconds
32.159: Application time: 0.0603050 seconds
32.159: [GC32.159: [ParNew: 37046K->4131K(37568K), 0.0015470 secs] 86301K->54410K(257896K), 0.0015830 secs] [Times: user=0.01 sys=0.00, real=0.00 secs] 
32.161: Total time for which application threads were stopped: 0.0017490 seconds, Stopping threads took: 0.0001020 seconds
32.225: Application time: 0.0642770 seconds
32.225: [GC32.225: [ParNew: 37091K->4116K(37568K), 0.0012500 secs] 87371K->54395K(257896K), 0.0012870 secs] [Times: user=0.01 sys=0.00, real=0.00 secs] 
32.226: Total time for which application threads were stopped: 0.0014230 seconds, Stopping threads took: 0.0000740 seconds
32.288: Application time: 0.0615820 seconds
32.288: [GC32.288: [ParNew: 36952K->4130K(37568K), 0.0018580 secs] 87231K->56457K(257896K), 0.0018980 secs] [Times: user=0.01 sys=0.00, real=0.00 secs] 
32.290: Total time for which application threads were stopped: 0.0020230 seconds, Stopping threads took: 0.0000560 seconds
32.349: Application time: 0.0585410 seconds
32.349: [GC32.349: [ParNew: 36747K->4156K(37568K), 0.0015890 secs] 89074K->57511K(257896K), 0.0016250 secs] [Times: user=0.01 sys=0.00, real=0.00 secs] 
32.350: Total time for which application threads were stopped: 0.0018150 seconds, Stopping threads took: 0.0001250 seconds
32.413: Application time: 0.0622720 seconds
32.413: [GC32.413: [ParNew: 37430K->4159K(37568K), 0.0016540 secs] 90785K->58631K(257896K), 0.0016920 secs] [Times: user=0.01 sys=0.00, real=0.00 secs] 
32.415: Total time for which application threads were stopped: 0.0018620 seconds, Stopping threads took: 0.0001060 seconds
32.475: Application time: 0.0602890 seconds
32.475: [GC32.475: [ParNew: 37194K->4157K(37568K), 0.0016620 secs] 91667K->59747K(257896K), 0.0017030 secs] [Times: user=0.01 sys=0.00, real=0.01 secs] 
32.477: Total time for which application threads were stopped: 0.0018330 seconds, Stopping threads took: 0.0000630 seconds
32.536: Application time: 0.0594200 seconds
32.536: [GC32.536: [ParNew: 36804K->4131K(37568K), 0.0016250 secs] 92395K->60783K(257896K), 0.0016660 secs] [Times: user=0.02 sys=0.00, real=0.01 secs] 
32.538: Total time for which application threads were stopped: 0.0018400 seconds, Stopping threads took: 0.0000960 seconds
32.602: Application time: 0.0640280 seconds
32.602: [GC32.602: [ParNew: 36887K->3101K(37568K), 0.0009860 secs] 93539K->59753K(257896K), 0.0010210 secs] [Times: user=0.00 sys=0.00, real=0.00 secs] 
32.603: Total time for which application threads were stopped: 0.0011610 seconds, Stopping threads took: 0.0000780 seconds
32.658: Application time: 0.0551360 seconds
32.658: [GC32.658: [ParNew: 36268K->4118K(37568K), 0.0012880 secs] 92920K->60770K(257896K), 0.0013230 secs] [Times: user=0.01 sys=0.00, real=0.00 secs] 
32.660: Total time for which application threads were stopped: 0.0014650 seconds, Stopping threads took: 0.0000830 seconds
32.716: Application time: 0.0560530 seconds
32.716: [GC32.716: [ParNew: 36880K->4112K(37568K), 0.0021790 secs] 93532K->63836K(257896K), 0.0022190 secs] [Times: user=0.02 sys=0.00, real=0.01 secs] 
32.718: Total time for which application threads were stopped: 0.0024100 seconds, Stopping threads took: 0.0001240 seconds
32.783: Application time: 0.0644640 seconds
32.783: [GC32.783: [ParNew: 37094K->4114K(37568K), 0.0020670 secs] 96818K->66910K(257896K), 0.0021070 secs] [Times: user=0.01 sys=0.00, real=0.01 secs] 
32.785: Total time for which application threads were stopped: 0.0022810 seconds, Stopping threads took: 0.0001110 seconds
32.845: Application time: 0.0601260 seconds
32.845: [GC32.845: [ParNew: 37011K->4115K(37568K), 0.0015540 secs] 99807K->67936K(257896K), 0.0015880 secs] [Times: user=0.01 sys=0.00, real=0.00 secs] 
32.847: Total time for which application threads were stopped: 0.0017050 seconds, Stopping threads took: 0.0000550 seconds
32.908: Application time: 0.0615890 seconds
32.908: [GC32.908: [ParNew: 37006K->4127K(37568K), 0.0019300 secs] 100826K->69995K(257896K), 0.0019640 secs] [Times: user=0.01 sys=0.00, real=0.00 secs] 
32.910: Total time for which application threads were stopped: 0.0021020 seconds, Stopping threads took: 0.0000650 seconds
32.974: Application time: 0.0637360 seconds
32.974: [GC32.974: [ParNew: 37037K->4128K(37568K), 0.0019160 secs] 102905K->72044K(257896K), 0.0019530 secs] [Times: user=0.01 sys=0.00, real=0.00 secs] 
32.976: Total time for which application threads were stopped: 0.0020780 seconds, Stopping threads took: 0.0000620 seconds
33.037: Application time: 0.0611810 seconds
33.038: [GC33.038: [ParNew: 37097K->4159K(37568K), 0.0015730 secs] 105013K->73129K(257896K), 0.0016110 secs] [Times: user=0.01 sys=0.00, real=0.00 secs] 
33.039: Total time for which application threads were stopped: 0.0017470 seconds, Stopping threads took: 0.0000580 seconds
33.099: Application time: 0.0602600 seconds
33.100: [GC33.100: [ParNew: 37098K->4158K(37568K), 0.0015780 secs] 106068K->74242K(257896K), 0.0016140 secs] [Times: user=0.02 sys=0.00, real=0.00 secs] 
33.101: Total time for which application threads were stopped: 0.0017450 seconds, Stopping threads took: 0.0000680 seconds
33.162: Application time: 0.0611540 seconds
33.162: [GC33.163: [ParNew: 37255K->4158K(37568K), 0.0016420 secs] 107339K->75351K(257896K), 0.0016820 secs] [Times: user=0.01 sys=0.00, real=0.00 secs] 
33.164: Total time for which application threads were stopped: 0.0018400 seconds, Stopping threads took: 0.0000920 seconds
33.224: Application time: 0.0596590 seconds
33.224: [GC33.224: [ParNew: 36799K->4148K(37568K), 0.0016950 secs] 107992K->76391K(257896K), 0.0017310 secs] [Times: user=0.01 sys=0.00, real=0.01 secs] 
33.226: Total time for which application threads were stopped: 0.0018610 seconds, Stopping threads took: 0.0000670 seconds
33.286: Application time: 0.0600300 seconds
33.286: [GC33.286: [ParNew: 36597K->3128K(37568K), 0.0011310 secs] 108840K->75371K(257896K), 0.0011600 secs] [Times: user=0.01 sys=0.00, real=0.00 secs] 
33.287: Total time for which application threads were stopped: 0.0012810 seconds, Stopping threads took: 0.0000660 seconds
33.345: Application time: 0.0579260 seconds
33.345: [GC33.345: [ParNew: 36521K->4114K(37568K), 0.0015730 secs] 108764K->77380K(257896K), 0.0016080 secs] [Times: user=0.01 sys=0.00, real=0.00 secs] 
33.347: Total time for which application threads were stopped: 0.0017230 seconds, Stopping threads took: 0.0000540 seconds
33.402: Application time: 0.0554050 seconds
33.404: [GC33.404: [ParNew: 36849K->4112K(37568K), 0.0021500 secs] 110116K->80451K(257896K), 0.0021900 secs] [Times: user=0.02 sys=0.01, real=0.00 secs] 
33.407: Total time for which application threads were stopped: 0.0045020 seconds, Stopping threads took: 0.0022460 seconds
33.469: Application time: 0.0628330 seconds
33.470: [GC33.470: [ParNew: 37091K->4115K(37568K), 0.0018610 secs] 113429K->82502K(257896K), 0.0019020 secs] [Times: user=0.01 sys=0.00, real=0.00 secs] 
33.471: Total time for which application threads were stopped: 0.0020330 seconds, Stopping threads took: 0.0000670 seconds
33.533: Application time: 0.0618780 seconds
33.533: [GC33.533: [ParNew: 37052K->4119K(37568K), 0.0018590 secs] 115438K->84554K(257896K), 0.0018990 secs] [Times: user=0.01 sys=0.00, real=0.00 secs] 
33.535: Total time for which application threads were stopped: 0.0020350 seconds, Stopping threads took: 0.0000670 seconds
33.596: Application time: 0.0605830 seconds
33.596: [GC33.596: [ParNew: 37028K->4115K(37568K), 0.0019410 secs] 117463K->86598K(257896K), 0.0019790 secs] [Times: user=0.01 sys=0.00, real=0.01 secs] 
33.598: Total time for which application threads were stopped: 0.0021320 seconds, Stopping threads took: 0.0000780 seconds
33.662: Application time: 0.0641790 seconds
33.662: [GC33.662: [ParNew: 36946K->4148K(37568K), 0.0015280 secs] 119429K->87655K(257896K), 0.0015640 secs] [Times: user=0.01 sys=0.00, real=0.00 secs] 
33.664: Total time for which application threads were stopped: 0.0017020 seconds, Stopping threads took: 0.0000670 seconds
33.725: Application time: 0.0609310 seconds
33.725: [GC33.725: [ParNew: 37063K->4157K(37568K), 0.0014830 secs] 120570K->88704K(257896K), 0.0015280 secs] [Times: user=0.01 sys=0.00, real=0.00 secs] 
33.727: Total time for which application threads were stopped: 0.0016660 seconds, Stopping threads took: 0.0000760 seconds
33.786: Application time: 0.0596070 seconds
33.786: [GC33.786: [ParNew: 37019K->4158K(37568K), 0.0018470 secs] 121566K->90826K(257896K), 0.0018870 secs] [Times: user=0.01 sys=0.00, real=0.00 secs] 
33.788: Total time for which application threads were stopped: 0.0020530 seconds, Stopping threads took: 0.0001030 seconds
33.850: Application time: 0.0620640 seconds
33.850: [GC33.850: [ParNew: 37475K->4159K(37568K), 0.0019100 secs] 124143K->92969K(257896K), 0.0019490 secs] [Times: user=0.01 sys=0.00, real=0.00 secs] 
33.852: Total time for which application threads were stopped: 0.0020980 seconds, Stopping threads took: 0.0000840 seconds
33.916: Application time: 0.0635440 seconds
33.916: [GC33.916: [ParNew: 37064K->4154K(37568K), 0.0013610 secs] 125874K->93010K(257896K), 0.0013990 secs] [Times: user=0.01 sys=0.00, real=0.01 secs] 
33.917: Total time for which application threads were stopped: 0.0015200 seconds, Stopping threads took: 0.0000530 seconds
33.977: Application time: 0.0591810 seconds
33.977: [GC33.977: [ParNew: 37509K->3108K(37568K), 0.0010720 secs] 126365K->91964K(257896K), 0.0011050 secs] [Times: user=0.01 sys=0.00, real=0.00 secs] 
33.978: Total time for which application threads were stopped: 0.0012170 seconds, Stopping threads took: 0.0000520 seconds
34.036: Application time: 0.0585850 seconds
34.037: [GC34.037: [ParNew: 36378K->4119K(37568K), 0.0015120 secs] 125234K->93998K(257896K), 0.0015500 secs] [Times: user=0.01 sys=0.00, real=0.00 secs] 
34.038: Total time for which application threads were stopped: 0.0016650 seconds, Stopping threads took: 0.0000520 seconds
34.097: Application time: 0.0591640 seconds
34.097: [GC34.097: [ParNew: 36901K->4115K(37568K), 0.0017200 secs] 126781K->96043K(257896K), 0.0017530 secs] [Times: user=0.02 sys=0.00, real=0.00 secs] 
34.099: Total time for which application threads were stopped: 0.0018780 seconds, Stopping threads took: 0.0000550 seconds
34.155: Application time: 0.0558940 seconds
34.155: [GC34.155: [ParNew: 36975K->4112K(37568K), 0.0021850 secs] 128903K->99112K(257896K), 0.0022310 secs] [Times: user=0.02 sys=0.00, real=0.01 secs] 
34.157: Total time for which application threads were stopped: 0.0023680 seconds, Stopping threads took: 0.0000680 seconds
34.222: Application time: 0.0644610 seconds
34.222: [GC34.222: [ParNew: 37066K->4112K(37568K), 0.0020890 secs] 132066K->102184K(257896K), 0.0021280 secs] [Times: user=0.01 sys=0.00, real=0.00 secs] 
34.224: Total time for which application threads were stopped: 0.0022530 seconds, Stopping threads took: 0.0000590 seconds
34.285: Application time: 0.0604640 seconds
34.285: [GC34.285: [ParNew: 37039K->4114K(37568K), 0.0021930 secs] 135111K->105258K(257896K), 0.0022340 secs] [Times: user=0.02 sys=0.00, real=0.00 secs] 
34.287: Total time for which application threads were stopped: 0.0023750 seconds, Stopping threads took: 0.0000720 seconds
34.351: Application time: 0.0642730 seconds
34.351: [GC34.351: [ParNew: 37095K->4131K(37568K), 0.0018610 secs] 138239K->107323K(257896K), 0.0019010 secs] [Times: user=0.02 sys=0.00, real=0.00 secs] 
34.353: Total time for which application threads were stopped: 0.0020920 seconds, Stopping threads took: 0.0001200 seconds
34.415: Application time: 0.0618740 seconds
34.415: [GC34.415: [ParNew: 37201K->4156K(37568K), 0.0018510 secs] 140393K->109428K(257896K), 0.0018910 secs] [Times: user=0.01 sys=0.00, real=0.01 secs] 
34.417: Total time for which application threads were stopped: 0.0020200 seconds, Stopping threads took: 0.0000620 seconds
34.477: Application time: 0.0596750 seconds
34.477: [GC34.477: [ParNew: 36983K->4158K(37568K), 0.0013520 secs] 142255K->109531K(257896K), 0.0013860 secs] [Times: user=0.01 sys=0.00, real=0.00 secs] 
34.478: Total time for which application threads were stopped: 0.0015100 seconds, Stopping threads took: 0.0000600 seconds
34.543: Application time: 0.0645810 seconds
34.543: [GC34.543: [ParNew: 37331K->3185K(37568K), 0.0009730 secs] 142704K->108568K(257896K), 0.0010140 secs] [Times: user=0.01 sys=0.00, real=0.00 secs] 
34.544: Total time for which application threads were stopped: 0.0011420 seconds, Stopping threads took: 0.0000690 seconds
34.603: Application time: 0.0584120 seconds
34.603: [GC34.603: [ParNew: 35643K->4139K(37568K), 0.0013070 secs] 141025K->109608K(257896K), 0.0013400 secs] [Times: user=0.01 sys=0.00, real=0.00 secs] 
34.604: Total time for which application threads were stopped: 0.0014750 seconds, Stopping threads took: 0.0000680 seconds
34.661: Application time: 0.0570780 seconds
34.661: [GC34.661: [ParNew: 37544K->4117K(37568K), 0.0015400 secs] 143012K->110610K(257896K), 0.0015780 secs] [Times: user=0.01 sys=0.00, real=0.00 secs] 
34.663: Total time for which application threads were stopped: 0.0017140 seconds, Stopping threads took: 0.0000700 seconds
34.721: Application time: 0.0584390 seconds
34.721: [GC34.721: [ParNew: 36661K->4126K(37568K), 0.0016100 secs] 143153K->111642K(257896K), 0.0016430 secs] [Times: user=0.01 sys=0.00, real=0.00 secs] 
34.723: Total time for which application threads were stopped: 0.0017620 seconds, Stopping threads took: 0.0000590 seconds
34.782: Application time: 0.0593870 seconds
34.783: [GC34.783: [ParNew: 36803K->4117K(37568K), 0.0015120 secs] 144319K->112657K(257896K), 0.0015460 secs] [Times: user=0.01 sys=0.00, real=0.00 secs] 
34.784: Total time for which application threads were stopped: 0.0016650 seconds, Stopping threads took: 0.0000580 seconds
34.844: Application time: 0.0595090 seconds
34.844: [GC34.844: [ParNew: 37034K->4114K(37568K), 0.0021270 secs] 145574K->115726K(257896K), 0.0021680 secs] [Times: user=0.02 sys=0.00, real=0.01 secs] 
34.846: Total time for which application threads were stopped: 0.0022970 seconds, Stopping threads took: 0.0000630 seconds
34.907: Application time: 0.0609220 seconds
34.907: [GC34.907: [ParNew: 37034K->4114K(37568K), 0.0018240 secs] 148647K->117774K(257896K), 0.0018640 secs] [Times: user=0.02 sys=0.00, real=0.00 secs] 
34.909: Total time for which application threads were stopped: 0.0020130 seconds, Stopping threads took: 0.0000850 seconds
34.970: Application time: 0.0607820 seconds
34.970: [GC34.970: [ParNew: 37048K->4117K(37568K), 0.0018650 secs] 150709K->119825K(257896K), 0.0019040 secs] [Times: user=0.01 sys=0.00, real=0.00 secs] 
34.972: Total time for which application threads were stopped: 0.0020320 seconds, Stopping threads took: 0.0000600 seconds
35.036: Application time: 0.0642530 seconds
35.036: [GC35.036: [ParNew: 37094K->4132K(37568K), 0.0019120 secs] 152802K->121888K(257896K), 0.0019550 secs] [Times: user=0.01 sys=0.00, real=0.01 secs] 
35.038: Total time for which application threads were stopped: 0.0020910 seconds, Stopping threads took: 0.0000680 seconds
35.100: Application time: 0.0618860 seconds
35.100: [GC35.100: [ParNew: 37176K->4158K(37568K), 0.0018010 secs] 154932K->123992K(257896K), 0.0018410 secs] [Times: user=0.01 sys=0.00, real=0.00 secs] 
35.102: Total time for which application threads were stopped: 0.0019710 seconds, Stopping threads took: 0.0000660 seconds
35.163: Application time: 0.0612320 seconds
35.164: [GC35.164: [ParNew: 37174K->3214K(37568K), 0.0011690 secs] 157007K->123077K(257896K), 0.0012020 secs] [Times: user=0.00 sys=0.00, real=0.00 secs] 
35.166: Total time for which application threads were stopped: 0.0025020 seconds, Stopping threads took: 0.0012310 seconds
35.229: Application time: 0.0629470 seconds
35.229: [GC35.229: [ParNew: 36226K->4159K(37568K), 0.0012790 secs] 156089K->124151K(257896K), 0.0013150 secs] [Times: user=0.01 sys=0.00, real=0.00 secs] 
35.230: Total time for which application threads were stopped: 0.0014350 seconds, Stopping threads took: 0.0000570 seconds
35.289: Application time: 0.0590080 seconds
35.289: [GC35.289: [ParNew: 37567K->4144K(37568K), 0.0015710 secs] 157559K->125202K(257896K), 0.0016060 secs] [Times: user=0.01 sys=0.00, real=0.00 secs] 
35.291: Total time for which application threads were stopped: 0.0017660 seconds, Stopping threads took: 0.0000970 seconds
35.350: Application time: 0.0589770 seconds
35.350: [GC35.350: [ParNew: 36704K->4121K(37568K), 0.0015500 secs] 157762K->126202K(257896K), 0.0015950 secs] [Times: user=0.01 sys=0.00, real=0.00 secs] 
35.352: Total time for which application threads were stopped: 0.0017390 seconds, Stopping threads took: 0.0000820 seconds
35.408: Application time: 0.0562430 seconds
35.408: [GC35.408: [ParNew: 36582K->4118K(37568K), 0.0016450 secs] 158663K->127224K(257896K), 0.0016830 secs] [Times: user=0.01 sys=0.00, real=0.00 secs] 
35.410: Total time for which application threads were stopped: 0.0018310 seconds, Stopping threads took: 0.0000840 seconds
35.467: Application time: 0.0577150 seconds
35.467: [GC35.467: [ParNew: 36761K->4110K(37568K), 0.0018410 secs] 159867K->129264K(257896K), 0.0018810 secs] [Times: user=0.01 sys=0.00, real=0.00 secs] 
35.469: Total time for which application threads were stopped: 0.0020110 seconds, Stopping threads took: 0.0000630 seconds
35.531: Application time: 0.0619660 seconds
35.531: [GC35.531: [ParNew: 37058K->4112K(37568K), 0.0021500 secs] 162212K->132338K(257896K), 0.0021890 secs] [Times: user=0.02 sys=0.00, real=0.00 secs] 
35.534: Total time for which application threads were stopped: 0.0023340 seconds, Stopping threads took: 0.0000780 seconds
35.592: Application time: 0.0579620 seconds
35.592: [GC35.592: [ParNew: 36971K->4110K(37568K), 0.0021960 secs] 165197K->135408K(257896K), 0.0022370 secs] [Times: user=0.02 sys=0.00, real=0.00 secs] 
35.594: Total time for which application threads were stopped: 0.0024050 seconds, Stopping threads took: 0.0000990 seconds
35.594: Application time: 0.0000560 seconds
35.596: [GC [1 CMS-initial-mark: 131298K(220328K)] 136438K(257896K), 0.0001100 secs] [Times: user=0.00 sys=0.00, real=0.00 secs] 
35.596: Total time for which application threads were stopped: 0.0024100 seconds, Stopping threads took: 0.0022770 seconds
35.596: [CMS-concurrent-mark-start]
35.600: [CMS-concurrent-mark: 0.004/0.004 secs] [Times: user=0.01 sys=0.00, real=0.00 secs] 
35.600: [CMS-concurrent-preclean-start]
35.601: [CMS-concurrent-preclean: 0.000/0.000 secs] [Times: user=0.02 sys=0.00, real=0.00 secs] 
35.601: Application time: 0.0041050 seconds
35.604: [GC[YG occupancy: 5244 K (37568 K)]35.604: [Rescan (parallel) , 0.0003830 secs]35.605: [weak refs processing, 0.0000060 secs]35.605: [scrub string table, 0.0001320 secs] [1 CMS-remark: 131298K(220328K)] 136542K(257896K), 0.0005620 secs] [Times: user=0.00 sys=0.00, real=0.00 secs] 
35.605: Total time for which application threads were stopped: 0.0044760 seconds, Stopping threads took: 0.0038680 seconds
35.605: [CMS-concurrent-sweep-start]
35.606: [CMS-concurrent-sweep: 0.001/0.001 secs] [Times: user=0.00 sys=0.00, real=0.00 secs] 
35.606: [CMS-concurrent-reset-start]
35.609: [CMS-concurrent-reset: 0.002/0.002 secs] [Times: user=0.02 sys=0.00, real=0.00 secs] 
35.666: Application time: 0.0610360 seconds
35.666: [GC35.666: [ParNew: 37085K->4114K(37568K), 0.0022860 secs] 43674K->13775K(257896K), 0.0023280 secs] [Times: user=0.01 sys=0.00, real=0.00 secs] 
35.669: Total time for which application threads were stopped: 0.0025010 seconds, Stopping threads took: 0.0000860 seconds
35.732: Application time: 0.0630200 seconds
35.732: [GC35.732: [ParNew: 37048K->4114K(37568K), 0.0018580 secs] 46709K->15824K(257896K), 0.0018930 secs] [Times: user=0.01 sys=0.00, real=0.00 secs] 
35.734: Total time for which application threads were stopped: 0.0020260 seconds, Stopping threads took: 0.0000700 seconds
35.796: Application time: 0.0623920 seconds
35.796: [GC35.796: [ParNew: 37207K->4158K(37568K), 0.0018810 secs] 48916K->17945K(257896K), 0.0019270 secs] [Times: user=0.01 sys=0.01, real=0.01 secs] 
35.798: Total time for which application threads were stopped: 0.0021080 seconds, Stopping threads took: 0.0001100 seconds
35.862: Application time: 0.0635320 seconds
35.862: [GC35.862: [ParNew: 37311K->4159K(37568K), 0.0012970 secs] 51097K->18019K(257896K), 0.0013330 secs] [Times: user=0.00 sys=0.00, real=0.00 secs] 
35.863: Total time for which application threads were stopped: 0.0014670 seconds, Stopping threads took: 0.0000580 seconds
35.927: Application time: 0.0639960 seconds
35.927: [GC35.927: [ParNew: 37315K->2197K(37568K), 0.0007820 secs] 51175K->16098K(257896K), 0.0008110 secs] [Times: user=0.01 sys=0.00, real=0.00 secs] 
35.928: Total time for which application threads were stopped: 0.0009270 seconds, Stopping threads took: 0.0000590 seconds
35.986: Application time: 0.0576230 seconds
35.986: [GC35.986: [ParNew: 35378K->2096K(37568K), 0.0008290 secs] 49280K->16083K(257896K), 0.0008600 secs] [Times: user=0.01 sys=0.00, real=0.00 secs] 
35.987: Total time for which application threads were stopped: 0.0009750 seconds, Stopping threads took: 0.0000560 seconds
36.043: Application time: 0.0558500 seconds
36.043: [GC36.043: [ParNew: 35504K->4118K(37568K), 0.0019440 secs] 49491K->20153K(257896K), 0.0019880 secs] [Times: user=0.02 sys=0.00, real=0.01 secs] 
36.045: Total time for which application threads were stopped: 0.0021300 seconds, Stopping threads took: 0.0000730 seconds
36.103: Application time: 0.0578450 seconds
36.103: [GC36.103: [ParNew: 36778K->4116K(37568K), 0.0019270 secs] 52813K->22199K(257896K), 0.0019680 secs] [Times: user=0.02 sys=0.00, real=0.01 secs] 
36.105: Total time for which application threads were stopped: 0.0021170 seconds, Stopping threads took: 0.0000810 seconds
36.168: Application time: 0.0634530 seconds
36.168: [GC36.168: [ParNew: 37029K->4132K(37568K), 0.0015920 secs] 55112K->23239K(257896K), 0.0016340 secs] [Times: user=0.01 sys=0.00, real=0.00 secs] 
36.170: Total time for which application threads were stopped: 0.0017710 seconds, Stopping threads took: 0.0000610 seconds
36.226: Application time: 0.0563440 seconds
36.226: [GC36.226: [ParNew: 36782K->4114K(37568K), 0.0017800 secs] 55889K->25269K(257896K), 0.0018180 secs] [Times: user=0.01 sys=0.00, real=0.00 secs] 
36.228: Total time for which application threads were stopped: 0.0019610 seconds, Stopping threads took: 0.0000770 seconds
36.291: Application time: 0.0632680 seconds
36.292: [GC36.292: [ParNew: 37064K->4112K(37568K), 0.0020950 secs] 58219K->28339K(257896K), 0.0021350 secs] [Times: user=0.02 sys=0.00, real=0.00 secs] 
36.294: Total time for which application threads were stopped: 0.0022850 seconds, Stopping threads took: 0.0000860 seconds
36.355: Application time: 0.0609650 seconds
36.355: [GC36.355: [ParNew: 37026K->4112K(37568K), 0.0021110 secs] 61253K->31411K(257896K), 0.0021500 secs] [Times: user=0.01 sys=0.00, real=0.01 secs] 
36.357: Total time for which application threads were stopped: 0.0022800 seconds, Stopping threads took: 0.0000630 seconds
36.420: Application time: 0.0627900 seconds
36.420: [GC36.420: [ParNew: 37098K->4112K(37568K), 0.0018810 secs] 64397K->33459K(257896K), 0.0019210 secs] [Times: user=0.01 sys=0.00, real=0.00 secs] 
36.422: Total time for which application threads were stopped: 0.0020440 seconds, Stopping threads took: 0.0000570 seconds
36.482: Application time: 0.0603590 seconds
36.482: [GC36.482: [ParNew: 37068K->4157K(37568K), 0.0019220 secs] 66415K->35580K(257896K), 0.0019600 secs] [Times: user=0.02 sys=0.00, real=0.00 secs] 
36.484: Total time for which application threads were stopped: 0.0021280 seconds, Stopping threads took: 0.0000910 seconds
36.547: Application time: 0.0631200 seconds
36.548: [GC36.548: [ParNew: 37352K->4154K(37568K), 0.0013860 secs] 68776K->35678K(257896K), 0.0014240 secs] [Times: user=0.01 sys=0.00, real=0.00 secs] 
36.549: Total time for which application threads were stopped: 0.0015570 seconds, Stopping threads took: 0.0000690 seconds
36.611: Application time: 0.0623680 seconds
36.611: [GC36.611: [ParNew: 37170K->4159K(37568K), 0.0013210 secs] 68694K->35787K(257896K), 0.0013550 secs] [Times: user=0.01 sys=0.00, real=0.00 secs] 
36.613: Total time for which application threads were stopped: 0.0015030 seconds, Stopping threads took: 0.0000850 seconds
36.673: Application time: 0.0605070 seconds
36.673: [GC36.673: [ParNew: 37567K->3125K(37568K), 0.0010460 secs] 69195K->34754K(257896K), 0.0010800 secs] [Times: user=0.01 sys=0.00, real=0.00 secs] 
36.675: Total time for which application threads were stopped: 0.0012030 seconds, Stopping threads took: 0.0000540 seconds
36.732: Application time: 0.0573940 seconds
36.732: [GC36.732: [ParNew: 36530K->4112K(37568K), 0.0018800 secs] 68159K->37789K(257896K), 0.0019190 secs] [Times: user=0.01 sys=0.00, real=0.00 secs] 
36.734: Total time for which application threads were stopped: 0.0020520 seconds, Stopping threads took: 0.0000680 seconds
36.788: Application time: 0.0541410 seconds
36.788: [GC36.788: [ParNew: 36670K->4112K(37568K), 0.0018720 secs] 70347K->39837K(257896K), 0.0019160 secs] [Times: user=0.01 sys=0.01, real=0.00 secs] 
36.790: Total time for which application threads were stopped: 0.0020550 seconds, Stopping threads took: 0.0000710 seconds
36.855: Application time: 0.0643620 seconds
36.855: [GC36.855: [ParNew: 37069K->4120K(37568K), 0.0015610 secs] 72794K->40869K(257896K), 0.0015970 secs] [Times: user=0.01 sys=0.00, real=0.00 secs] 
36.856: Total time for which application threads were stopped: 0.0017210 seconds, Stopping threads took: 0.0000550 seconds
36.919: Application time: 0.0629490 seconds
36.919: [GC36.919: [ParNew: 37033K->4128K(37568K), 0.0015140 secs] 73782K->41901K(257896K), 0.0015500 secs] [Times: user=0.01 sys=0.00, real=0.00 secs] 
36.921: Total time for which application threads were stopped: 0.0016890 seconds, Stopping threads took: 0.0000770 seconds
36.979: Application time: 0.0576990 seconds
36.979: [GC36.979: [ParNew: 36820K->4112K(37568K), 0.0019730 secs] 74593K->43933K(257896K), 0.0020140 secs] [Times: user=0.01 sys=0.00, real=0.00 secs] 
36.981: Total time for which application threads were stopped: 0.0022140 seconds, Stopping threads took: 0.0001330 seconds
37.043: Application time: 0.0621070 seconds
37.043: [GC37.043: [ParNew: 37039K->4122K(37568K), 0.0018190 secs] 76860K->45991K(257896K), 0.0018570 secs] [Times: user=0.01 sys=0.00, real=0.01 secs] 
37.045: Total time for which application threads were stopped: 0.0020020 seconds, Stopping threads took: 0.0000820 seconds
37.106: Application time: 0.0605780 seconds
37.106: [GC37.106: [ParNew: 37021K->4112K(37568K), 0.0022470 secs] 78890K->49053K(257896K), 0.0022870 secs] [Times: user=0.02 sys=0.00, real=0.00 secs] 
37.108: Total time for which application threads were stopped: 0.0024270 seconds, Stopping threads took: 0.0000750 seconds
37.173: Application time: 0.0654030 seconds
37.173: [GC37.174: [ParNew: 37292K->4158K(37568K), 0.0019900 secs] 82233K->51163K(257896K), 0.0020320 secs] [Times: user=0.01 sys=0.00, real=0.00 secs] 
37.176: Total time for which application threads were stopped: 0.0021550 seconds, Stopping threads took: 0.0000570 seconds
37.236: Application time: 0.0601120 seconds
37.236: [GC37.236: [ParNew: 37051K->4152K(37568K), 0.0013790 secs] 84057K->51246K(257896K), 0.0014180 secs] [Times: user=0.01 sys=0.00, real=0.01 secs] 
37.237: Total time for which application threads were stopped: 0.0015590 seconds, Stopping threads took: 0.0000680 seconds
37.298: Application time: 0.0612230 seconds
37.299: [GC37.299: [ParNew: 37176K->4157K(37568K), 0.0013520 secs] 84271K->51353K(257896K), 0.0013850 secs] [Times: user=0.01 sys=0.00, real=0.00 secs] 
37.300: Total time for which application threads were stopped: 0.0015250 seconds, Stopping threads took: 0.0000780 seconds
37.363: Application time: 0.0632950 seconds
37.363: [GC37.363: [ParNew: 36973K->4153K(37568K), 0.0012860 secs] 84169K->51370K(257896K), 0.0013230 secs] [Times: user=0.01 sys=0.00, real=0.01 secs] 
37.365: Total time for which application threads were stopped: 0.0014430 seconds, Stopping threads took: 0.0000560 seconds
37.421: Application time: 0.0567750 seconds
37.422: [GC37.422: [ParNew: 37333K->4118K(37568K), 0.0012500 secs] 84550K->51335K(257896K), 0.0012820 secs] [Times: user=0.01 sys=0.00, real=0.00 secs] 
37.423: Total time for which application threads were stopped: 0.0013960 seconds, Stopping threads took: 0.0000520 seconds
37.482: Application time: 0.0591810 seconds
37.482: [GC37.482: [ParNew: 36789K->4138K(37568K), 0.0015300 secs] 84006K->52380K(257896K), 0.0015740 secs] [Times: user=0.01 sys=0.00, real=0.00 secs] 
37.484: Total time for which application threads were stopped: 0.0017070 seconds, Stopping threads took: 0.0000720 seconds
37.538: Application time: 0.0540990 seconds
37.538: [GC37.538: [ParNew: 36784K->4110K(37568K), 0.0022520 secs] 85026K->55423K(257896K), 0.0022920 secs] [Times: user=0.01 sys=0.00, real=0.00 secs] 
37.540: Total time for which application threads were stopped: 0.0025610 seconds, Stopping threads took: 0.0002000 seconds
37.606: Application time: 0.0650920 seconds
37.606: [GC37.606: [ParNew: 37118K->4132K(37568K), 0.0015670 secs] 88431K->56469K(257896K), 0.0016030 secs] [Times: user=0.02 sys=0.00, real=0.00 secs] 
37.607: Total time for which application threads were stopped: 0.0017510 seconds, Stopping threads took: 0.0000860 seconds
37.664: Application time: 0.0563380 seconds
37.664: [GC37.664: [ParNew: 36781K->4115K(37568K), 0.0018570 secs] 89118K->58501K(257896K), 0.0018950 secs] [Times: user=0.01 sys=0.00, real=0.01 secs] 
37.666: Total time for which application threads were stopped: 0.0020490 seconds, Stopping threads took: 0.0000890 seconds
37.729: Application time: 0.0634080 seconds
37.729: [GC37.729: [ParNew: 37080K->4114K(37568K), 0.0018050 secs] 91465K->60548K(257896K), 0.0018460 secs] [Times: user=0.01 sys=0.00, real=0.00 secs] 
37.731: Total time for which application threads were stopped: 0.0020060 seconds, Stopping threads took: 0.0000930 seconds
37.794: Application time: 0.0627270 seconds
37.794: [GC37.794: [ParNew: 37044K->4116K(37568K), 0.0020760 secs] 93477K->63621K(257896K), 0.0021190 secs] [Times: user=0.02 sys=0.00, real=0.00 secs] 
37.796: Total time for which application threads were stopped: 0.0022830 seconds, Stopping threads took: 0.0000850 seconds
37.857: Application time: 0.0606870 seconds
37.857: [GC37.857: [ParNew: 37202K->4158K(37568K), 0.0020360 secs] 96708K->65720K(257896K), 0.0020760 secs] [Times: user=0.01 sys=0.00, real=0.00 secs] 
37.859: Total time for which application threads were stopped: 0.0022140 seconds, Stopping threads took: 0.0000690 seconds
37.921: Application time: 0.0620340 seconds
37.921: [GC37.921: [ParNew: 37240K->4156K(37568K), 0.0017040 secs] 98802K->66870K(257896K), 0.0017420 secs] [Times: user=0.01 sys=0.00, real=0.00 secs] 
37.923: Total time for which application threads were stopped: 0.0018710 seconds, Stopping threads took: 0.0000610 seconds
37.986: Application time: 0.0626650 seconds
37.986: [GC37.986: [ParNew: 37270K->4159K(37568K), 0.0013490 secs] 99984K->66937K(257896K), 0.0013870 secs] [Times: user=0.01 sys=0.00, real=0.00 secs] 
37.987: Total time for which application threads were stopped: 0.0015460 seconds, Stopping threads took: 0.0000910 seconds
38.049: Application time: 0.0615410 seconds
38.049: [GC38.049: [ParNew: 36658K->3140K(37568K), 0.0010400 secs] 99436K->65947K(257896K), 0.0010740 secs] [Times: user=0.01 sys=0.00, real=0.00 secs] 
38.050: Total time for which application threads were stopped: 0.0011990 seconds, Stopping threads took: 0.0000620 seconds
38.107: Application time: 0.0570780 seconds
38.107: [GC38.107: [ParNew: 36338K->4118K(37568K), 0.0015900 secs] 99145K->67949K(257896K), 0.0016260 secs] [Times: user=0.01 sys=0.00, real=0.00 secs] 
38.109: Total time for which application threads were stopped: 0.0017560 seconds, Stopping threads took: 0.0000680 seconds
38.166: Application time: 0.0577370 seconds
38.167: [GC38.167: [ParNew: 36783K->4130K(37568K), 0.0017590 secs] 100614K->70009K(257896K), 0.0018010 secs] [Times: user=0.01 sys=0.00, real=0.00 secs] 
38.168: Total time for which application threads were stopped: 0.0019500 seconds, Stopping threads took: 0.0000860 seconds
38.228: Application time: 0.0591900 seconds
38.228: [GC38.228: [ParNew: 36936K->4116K(37568K), 0.0014970 secs] 102815K->71019K(257896K), 0.0015410 secs] [Times: user=0.01 sys=0.00, real=0.00 secs] 
38.229: Total time for which application threads were stopped: 0.0016890 seconds, Stopping threads took: 0.0000820 seconds
38.292: Application time: 0.0622350 seconds
38.292: [GC38.292: [ParNew: 37046K->4135K(37568K), 0.0015740 secs] 103949K->72062K(257896K), 0.0016200 secs] [Times: user=0.01 sys=0.00, real=0.00 secs] 
38.293: Total time for which application threads were stopped: 0.0017450 seconds, Stopping threads took: 0.0000600 seconds
38.352: Application time: 0.0591860 seconds
38.353: [GC38.353: [ParNew: 36863K->4120K(37568K), 0.0018010 secs] 104790K->74095K(257896K), 0.0018380 secs] [Times: user=0.02 sys=0.00, real=0.00 secs] 
38.354: Total time for which application threads were stopped: 0.0019920 seconds, Stopping threads took: 0.0000850 seconds
38.416: Application time: 0.0618150 seconds
38.416: [GC38.416: [ParNew: 37045K->4114K(37568K), 0.0018880 secs] 107020K->76137K(257896K), 0.0019320 secs] [Times: user=0.02 sys=0.00, real=0.00 secs] 
38.418: Total time for which application threads were stopped: 0.0020770 seconds, Stopping threads took: 0.0000760 seconds
38.480: Application time: 0.0612200 seconds
38.480: [GC38.480: [ParNew: 37000K->4118K(37568K), 0.0021290 secs] 109023K->79213K(257896K), 0.0021710 secs] [Times: user=0.02 sys=0.00, real=0.00 secs] 
38.482: Total time for which application threads were stopped: 0.0023480 seconds, Stopping threads took: 0.0001120 seconds
38.544: Application time: 0.0617900 seconds
38.544: [GC38.544: [ParNew: 37271K->4154K(37568K), 0.0020010 secs] 112366K->81329K(257896K), 0.0020470 secs] [Times: user=0.01 sys=0.00, real=0.01 secs] 
38.546: Total time for which application threads were stopped: 0.0022300 seconds, Stopping threads took: 0.0001150 seconds
38.610: Application time: 0.0640440 seconds
38.610: [GC38.610: [ParNew: 37340K->4152K(37568K), 0.0015920 secs] 114515K->82441K(257896K), 0.0016310 secs] [Times: user=0.01 sys=0.00, real=0.00 secs] 
38.612: Total time for which application threads were stopped: 0.0017610 seconds, Stopping threads took: 0.0000630 seconds
38.672: Application time: 0.0598290 seconds
38.672: [GC38.672: [ParNew: 37062K->4159K(37568K), 0.0013730 secs] 115350K->82527K(257896K), 0.0014090 secs] [Times: user=0.01 sys=0.00, real=0.00 secs] 
38.673: Total time for which application threads were stopped: 0.0015610 seconds, Stopping threads took: 0.0000890 seconds
38.734: Application time: 0.0603930 seconds
38.734: [GC38.734: [ParNew: 37515K->4148K(37568K), 0.0015050 secs] 115883K->83569K(257896K), 0.0015410 secs] [Times: user=0.01 sys=0.00, real=0.00 secs] 
38.735: Total time for which application threads were stopped: 0.0016680 seconds, Stopping threads took: 0.0000650 seconds
38.794: Application time: 0.0588930 seconds
38.797: [GC38.797: [ParNew: 36778K->4122K(37568K), 0.0012530 secs] 116200K->83543K(257896K), 0.0012910 secs] [Times: user=0.01 sys=0.00, real=0.00 secs] 
38.798: Total time for which application threads were stopped: 0.0037040 seconds, Stopping threads took: 0.0023310 seconds
38.856: Application time: 0.0581080 seconds
38.856: [GC38.856: [ParNew: 36868K->4132K(37568K), 0.0018600 secs] 116290K->85601K(257896K), 0.0018980 secs] [Times: user=0.01 sys=0.00, real=0.01 secs] 
38.858: Total time for which application threads were stopped: 0.0020330 seconds, Stopping threads took: 0.0000600 seconds
38.922: Application time: 0.0637910 seconds
38.922: [GC38.922: [ParNew: 37031K->4136K(37568K), 0.0015420 secs] 118500K->86629K(257896K), 0.0015760 secs] [Times: user=0.02 sys=0.00, real=0.00 secs] 
38.923: Total time for which application threads were stopped: 0.0017060 seconds, Stopping threads took: 0.0000660 seconds
38.980: Application time: 0.0566350 seconds
38.980: [GC38.980: [ParNew: 36725K->4115K(37568K), 0.0015820 secs] 119218K->87632K(257896K), 0.0016210 secs] [Times: user=0.01 sys=0.00, real=0.00 secs] 
38.982: Total time for which application threads were stopped: 0.0017650 seconds, Stopping threads took: 0.0000780 seconds
39.046: Application time: 0.0644540 seconds
39.049: [GC39.049: [ParNew: 37070K->4114K(37568K), 0.0017840 secs] 120587K->88655K(257896K), 0.0018230 secs] [Times: user=0.01 sys=0.00, real=0.00 secs] 
39.050: Total time for which application threads were stopped: 0.0040660 seconds, Stopping threads took: 0.0021500 seconds
39.110: Application time: 0.0591750 seconds
39.110: [GC39.110: [ParNew: 36791K->4132K(37568K), 0.0016360 secs] 121332K->89698K(257896K), 0.0016740 secs] [Times: user=0.01 sys=0.00, real=0.00 secs] 
39.111: Total time for which application threads were stopped: 0.0018590 seconds, Stopping threads took: 0.0001170 seconds
39.173: Application time: 0.0613440 seconds
39.177: [GC39.177: [ParNew: 36814K->4154K(37568K), 0.0016410 secs] 122379K->89719K(257896K), 0.0016780 secs] [Times: user=0.00 sys=0.00, real=0.00 secs] 
39.178: Total time for which application threads were stopped: 0.0054250 seconds, Stopping threads took: 0.0036840 seconds
39.234: Application time: 0.0562660 seconds
39.235: [GC39.235: [ParNew: 36700K->4156K(37568K), 0.0019320 secs] 122266K->91785K(257896K), 0.0019720 secs] [Times: user=0.02 sys=0.00, real=0.01 secs] 
39.237: Total time for which application threads were stopped: 0.0020990 seconds, Stopping threads took: 0.0000620 seconds
39.299: Application time: 0.0628120 seconds
39.299: [GC39.299: [ParNew: 37301K->4156K(37568K), 0.0018150 secs] 124930K->93891K(257896K), 0.0018550 secs] [Times: user=0.02 sys=0.00, real=0.00 secs] 
39.301: Total time for which application threads were stopped: 0.0019760 seconds, Stopping threads took: 0.0000560 seconds
39.360: Application time: 0.0589060 seconds
39.360: [GC39.360: [ParNew: 37242K->4159K(37568K), 0.0016350 secs] 126977K->95016K(257896K), 0.0016700 secs] [Times: user=0.02 sys=0.00, real=0.00 secs] 
39.362: Total time for which application threads were stopped: 0.0018160 seconds, Stopping threads took: 0.0000720 seconds
39.424: Application time: 0.0615250 seconds
39.424: [GC39.424: [ParNew: 37042K->4158K(37568K), 0.0013310 secs] 127899K->95061K(257896K), 0.0013670 secs] [Times: user=0.01 sys=0.00, real=0.01 secs] 
39.425: Total time for which application threads were stopped: 0.0014930 seconds, Stopping threads took: 0.0000620 seconds
39.483: Application time: 0.0581760 seconds
39.483: [GC39.483: [ParNew: 36756K->4134K(37568K), 0.0015940 secs] 127659K->96073K(257896K), 0.0016330 secs] [Times: user=0.01 sys=0.00, real=0.01 secs] 
39.485: Total time for which application threads were stopped: 0.0018040 seconds, Stopping threads took: 0.0001040 seconds
39.548: Application time: 0.0630240 seconds
39.548: [GC39.548: [ParNew: 37051K->4129K(37568K), 0.0019290 secs] 128991K->98116K(257896K), 0.0019720 secs] [Times: user=0.01 sys=0.00, real=0.00 secs] 
39.550: Total time for which application threads were stopped: 0.0021190 seconds, Stopping threads took: 0.0000790 seconds
39.608: Application time: 0.0573170 seconds
39.608: [GC39.608: [ParNew: 36786K->4134K(37568K), 0.0015990 secs] 130773K->99145K(257896K), 0.0016330 secs] [Times: user=0.02 sys=0.00, real=0.00 secs] 
39.609: Total time for which application threads were stopped: 0.0017590 seconds, Stopping threads took: 0.0000630 seconds
39.670: Application time: 0.0607870 seconds
39.670: [GC39.670: [ParNew: 36911K->4134K(37568K), 0.0018870 secs] 131923K->101193K(257896K), 0.0019320 secs] [Times: user=0.01 sys=0.00, real=0.00 secs] 
39.672: Total time for which application threads were stopped: 0.0020770 seconds, Stopping threads took: 0.0000770 seconds
39.735: Application time: 0.0627310 seconds
39.735: [GC39.735: [ParNew: 37020K->4116K(37568K), 0.0020030 secs] 134079K->103224K(257896K), 0.0020400 secs] [Times: user=0.01 sys=0.00, real=0.01 secs] 
39.737: Total time for which application threads were stopped: 0.0022180 seconds, Stopping threads took: 0.0001130 seconds
39.800: Application time: 0.0624650 seconds
39.800: [GC39.800: [ParNew: 36992K->4153K(37568K), 0.0013240 secs] 136100K->103260K(257896K), 0.0013590 secs] [Times: user=0.01 sys=0.00, real=0.00 secs] 
39.801: Total time for which application threads were stopped: 0.0014960 seconds, Stopping threads took: 0.0000720 seconds
39.863: Application time: 0.0616050 seconds
39.863: [GC39.863: [ParNew: 36751K->3144K(37568K), 0.0009970 secs] 135858K->102252K(257896K), 0.0010410 secs] [Times: user=0.00 sys=0.00, real=0.00 secs] 
39.864: Total time for which application threads were stopped: 0.0011650 seconds, Stopping threads took: 0.0000530 seconds
39.918: Application time: 0.0544200 seconds
39.918: [GC39.918: [ParNew: 35535K->4146K(37568K), 0.0019040 secs] 134643K->105330K(257896K), 0.0019430 secs] [Times: user=0.01 sys=0.00, real=0.00 secs] 
39.920: Total time for which application threads were stopped: 0.0020810 seconds, Stopping threads took: 0.0000730 seconds
39.979: Application time: 0.0589460 seconds
39.979: [GC39.979: [ParNew: 37198K->4157K(37568K), 0.0019310 secs] 138382K->107433K(257896K), 0.0019700 secs] [Times: user=0.02 sys=0.00, real=0.00 secs] 
39.981: Total time for which application threads were stopped: 0.0021040 seconds, Stopping threads took: 0.0000680 seconds
40.046: Application time: 0.0648920 seconds
40.046: [GC40.046: [ParNew: 37463K->4159K(37568K), 0.0014960 secs] 140740K->108557K(257896K), 0.0015330 secs] [Times: user=0.01 sys=0.00, real=0.00 secs] 
40.048: Total time for which application threads were stopped: 0.0016790 seconds, Stopping threads took: 0.0000820 seconds
40.106: Application time: 0.0583720 seconds
40.106: [GC40.107: [ParNew: 36811K->3143K(37568K), 0.0010670 secs] 141209K->107570K(257896K), 0.0010980 secs] [Times: user=0.01 sys=0.00, real=0.00 secs] 
40.108: Total time for which application threads were stopped: 0.0012150 seconds, Stopping threads took: 0.0000610 seconds
40.169: Application time: 0.0618090 seconds
40.170: [GC40.170: [ParNew: 35871K->4136K(37568K), 0.0011870 secs] 140298K->108591K(257896K), 0.0012230 secs] [Times: user=0.01 sys=0.00, real=0.00 secs] 
40.171: Total time for which application threads were stopped: 0.0013790 seconds, Stopping threads took: 0.0000960 seconds
40.229: Application time: 0.0582180 seconds
40.229: [GC40.229: [ParNew: 36839K->4112K(37568K), 0.0021110 secs] 141295K->111639K(257896K), 0.0021510 secs] [Times: user=0.01 sys=0.00, real=0.00 secs] 
40.231: Total time for which application threads were stopped: 0.0023010 seconds, Stopping threads took: 0.0000860 seconds
40.290: Application time: 0.0588900 seconds
40.290: [GC40.290: [ParNew: 36991K->4114K(37568K), 0.0022620 secs] 144519K->114714K(257896K), 0.0023040 secs] [Times: user=0.00 sys=0.02, real=0.00 secs] 
40.293: Total time for which application threads were stopped: 0.0024470 seconds, Stopping threads took: 0.0000750 seconds
40.355: Application time: 0.0623140 seconds
40.355: [GC40.355: [ParNew: 37031K->4130K(37568K), 0.0017480 secs] 147631K->115753K(257896K), 0.0017860 secs] [Times: user=0.01 sys=0.00, real=0.01 secs] 
40.357: Total time for which application threads were stopped: 0.0019470 seconds, Stopping threads took: 0.0001010 seconds
40.420: Application time: 0.0626180 seconds
40.420: [GC40.420: [ParNew: 36871K->4134K(37568K), 0.0014920 secs] 148495K->116782K(257896K), 0.0015300 secs] [Times: user=0.01 sys=0.00, real=0.00 secs] 
40.421: Total time for which application threads were stopped: 0.0016750 seconds, Stopping threads took: 0.0000700 seconds
40.483: Application time: 0.0622660 seconds
40.484: [GC40.484: [ParNew: 36919K->3129K(37568K), 0.0009770 secs] 149567K->115777K(257896K), 0.0010080 secs] [Times: user=0.01 sys=0.00, real=0.01 secs] 
40.485: Total time for which application threads were stopped: 0.0011320 seconds, Stopping threads took: 0.0000630 seconds
40.543: Application time: 0.0588280 seconds
40.544: [GC40.544: [ParNew: 35579K->4120K(37568K), 0.0014790 secs] 148226K->117792K(257896K), 0.0015120 secs] [Times: user=0.01 sys=0.00, real=0.01 secs] 
40.545: Total time for which application threads were stopped: 0.0016370 seconds, Stopping threads took: 0.0000670 seconds
40.600: Application time: 0.0545210 seconds
40.600: [GC40.600: [ParNew: 36773K->4156K(37568K), 0.0019500 secs] 150445K->119892K(257896K), 0.0019890 secs] [Times: user=0.01 sys=0.00, real=0.00 secs] 
40.602: Total time for which application threads were stopped: 0.0021150 seconds, Stopping threads took: 0.0000580 seconds
40.662: Application time: 0.0601890 seconds
40.662: [GC40.662: [ParNew: 37198K->4152K(37568K), 0.0023010 secs] 152934K->123017K(257896K), 0.0023500 secs] [Times: user=0.02 sys=0.00, real=0.01 secs] 
40.664: Total time for which application threads were stopped: 0.0025660 seconds, Stopping threads took: 0.0001460 seconds
40.727: Application time: 0.0627010 seconds
40.727: [GC40.727: [ParNew: 37351K->4159K(37568K), 0.0016060 secs] 156216K->124146K(257896K), 0.0016440 secs] [Times: user=0.01 sys=0.00, real=0.00 secs] 
40.729: Total time for which application threads were stopped: 0.0017830 seconds, Stopping threads took: 0.0000720 seconds
40.790: Application time: 0.0610920 seconds
40.790: [GC40.790: [ParNew: 36864K->3144K(37568K), 0.0010100 secs] 156850K->123161K(257896K), 0.0010400 secs] [Times: user=0.00 sys=0.00, real=0.00 secs] 
40.791: Total time for which application threads were stopped: 0.0011650 seconds, Stopping threads took: 0.0000670 seconds
40.847: Application time: 0.0555660 seconds
40.847: [GC40.847: [ParNew: 35635K->4112K(37568K), 0.0022440 secs] 155651K->127228K(257896K), 0.0022860 secs] [Times: user=0.01 sys=0.00, real=0.00 secs] 
40.849: Total time for which application threads were stopped: 0.0024450 seconds, Stopping threads took: 0.0000910 seconds
40.911: Application time: 0.0615260 seconds
40.911: [GC40.911: [ParNew: 37118K->4115K(37568K), 0.0022220 secs] 160235K->130304K(257896K), 0.0022630 secs] [Times: user=0.01 sys=0.00, real=0.00 secs] 
40.913: Total time for which application threads were stopped: 0.0023970 seconds, Stopping threads took: 0.0000680 seconds
40.974: Application time: 0.0603270 seconds
40.974: [GC40.974: [ParNew: 36969K->4130K(37568K), 0.0019570 secs] 163157K->132367K(257896K), 0.0019930 secs] [Times: user=0.01 sys=0.00, real=0.00 secs] 
40.976: Total time for which application threads were stopped: 0.0021350 seconds, Stopping threads took: 0.0000670 seconds
41.039: Application time: 0.0635750 seconds
41.039: [GC41.039: [ParNew: 37090K->4126K(37568K), 0.0019470 secs] 165327K->134411K(257896K), 0.0019850 secs] [Times: user=0.01 sys=0.00, real=0.00 secs] 
41.041: Total time for which application threads were stopped: 0.0021190 seconds, Stopping threads took: 0.0000690 seconds
41.103: Application time: 0.0620760 seconds
41.104: [GC41.104: [ParNew: 36865K->4126K(37568K), 0.0013940 secs] 167150K->134411K(257896K), 0.0014310 secs] [Times: user=0.01 sys=0.00, real=0.00 secs] 
41.106: Total time for which application threads were stopped: 0.0024550 seconds, Stopping threads took: 0.0009380 seconds
41.167: Application time: 0.0609410 seconds
41.167: [GC41.167: [ParNew: 36725K->4135K(37568K), 0.0013530 secs] 167010K->134420K(257896K), 0.0013830 secs] [Times: user=0.01 sys=0.00, real=0.00 secs] 
41.168: Total time for which application threads were stopped: 0.0015230 seconds, Stopping threads took: 0.0000810 seconds
41.227: Application time: 0.0589860 seconds
41.227: [GC41.227: [ParNew: 36673K->4116K(37568K), 0.0016150 secs] 166958K->135425K(257896K), 0.0016550 secs] [Times: user=0.01 sys=0.00, real=0.00 secs] 
41.229: Total time for which application threads were stopped: 0.0017780 seconds, Stopping threads took: 0.0000600 seconds
41.287: Application time: 0.0576170 seconds
41.287: [GC41.287: [ParNew: 36795K->4152K(37568K), 0.0016480 secs] 168104K->136525K(257896K), 0.0016880 secs] [Times: user=0.01 sys=0.00, real=0.00 secs] 
41.289: Total time for which application threads were stopped: 0.0018220 seconds, Stopping threads took: 0.0000670 seconds
41.348: Application time: 0.0594960 seconds
41.348: [GC41.348: [ParNew: 37056K->4155K(37568K), 0.0019470 secs] 169429K->138609K(257896K), 0.0019900 secs] [Times: user=0.01 sys=0.00, real=0.00 secs] 
41.350: Total time for which application threads were stopped: 0.0021490 seconds, Stopping threads took: 0.0000890 seconds
41.413: Application time: 0.0623290 seconds
41.413: [GC41.413: [ParNew: 37252K->4159K(37568K), 0.0012640 secs] 171706K->138727K(257896K), 0.0012980 secs] [Times: user=0.01 sys=0.00, real=0.00 secs] 
41.414: Total time for which application threads were stopped: 0.0014150 seconds, Stopping threads took: 0.0000560 seconds
41.472: Application time: 0.0578070 seconds
41.472: [GC41.472: [ParNew: 36798K->4147K(37568K), 0.0015580 secs] 171366K->139752K(257896K), 0.0016060 secs] [Times: user=0.01 sys=0.00, real=0.00 secs] 
41.473: Total time for which application threads were stopped: 0.0017290 seconds, Stopping threads took: 0.0000570 seconds
41.532: Application time: 0.0588170 seconds
41.532: [GC41.532: [ParNew: 36991K->4114K(37568K), 0.0021820 secs] 172596K->142819K(257896K), 0.0022200 secs] [Times: user=0.01 sys=0.00, real=0.00 secs] 
41.535: Total time for which application threads were stopped: 0.0023480 seconds, Stopping threads took: 0.0000540 seconds
41.594: Application time: 0.0588630 seconds
41.594: [GC41.594: [ParNew: 37035K->4110K(37568K), 0.0022510 secs] 175741K->145888K(257896K), 0.0022920 secs] [Times: user=0.02 sys=0.00, real=0.00 secs] 
41.596: Total time for which application threads were stopped: 0.0024570 seconds, Stopping threads took: 0.0000970 seconds
41.660: Application time: 0.0639650 seconds
41.660: [GC41.660: [ParNew: 37049K->4116K(37568K), 0.0018010 secs] 178827K->147942K(257896K), 0.0018390 secs] [Times: user=0.02 sys=0.00, real=0.00 secs] 
41.662: Total time for which application threads were stopped: 0.0019680 seconds, Stopping threads took: 0.0000630 seconds
41.724: Application time: 0.0622960 seconds
41.724: [GC41.724: [ParNew: 36994K->4144K(37568K), 0.0016240 secs] 180820K->148993K(257896K), 0.0016640 secs] [Times: user=0.01 sys=0.00, real=0.00 secs] 
41.726: Total time for which application threads were stopped: 0.0018070 seconds, Stopping threads took: 0.0000760 seconds
41.785: Application time: 0.0594340 seconds
41.786: [GC41.786: [ParNew: 36746K->4151K(37568K), 0.0013210 secs] 181596K->149001K(257896K), 0.0013550 secs] [Times: user=0.01 sys=0.00, real=0.00 secs] 
41.787: Total time for which application threads were stopped: 0.0014850 seconds, Stopping threads took: 0.0000650 seconds
41.851: Application time: 0.0637840 seconds
41.851: [GC41.851: [ParNew: 36968K->4153K(37568K), 0.0012620 secs] 181817K->149003K(257896K), 0.0013000 secs] [Times: user=0.01 sys=0.01, real=0.00 secs] 
41.852: Total time for which application threads were stopped: 0.0014210 seconds, Stopping threads took: 0.0000540 seconds
41.909: Application time: 0.0569030 seconds
41.909: [GC41.909: [ParNew: 37561K->4117K(37568K), 0.0018920 secs] 182411K->151015K(257896K), 0.0019280 secs] [Times: user=0.01 sys=0.00, real=0.00 secs] 
41.911: Total time for which application threads were stopped: 0.0020660 seconds, Stopping threads took: 0.0000710 seconds
41.971: Application time: 0.0598880 seconds
41.971: [GC41.971: [ParNew: 37061K->4156K(37568K), 0.0019090 secs] 183959K->153118K(257896K), 0.0019540 secs] [Times: user=0.02 sys=0.00, real=0.00 secs] 
41.973: Total time for which application threads were stopped: 0.0020950 seconds, Stopping threads took: 0.0000710 seconds
42.035: Application time: 0.0618260 seconds
42.035: [GC42.035: [ParNew: 37149K->4153K(37568K), 0.0013630 secs] 186111K->153172K(257896K), 0.0013990 secs] [Times: user=0.01 sys=0.00, real=0.01 secs] 
42.036: Total time for which application threads were stopped: 0.0015490 seconds, Stopping threads took: 0.0000760 seconds
42.097: Application time: 0.0602900 seconds
42.100: [GC42.100: [ParNew: 37086K->4156K(37568K), 0.0014170 secs] 186105K->153260K(257896K), 0.0014560 secs] [Times: user=0.01 sys=0.00, real=0.00 secs] 
42.102: Total time for which application threads were stopped: 0.0051520 seconds, Stopping threads took: 0.0036090 seconds
42.158: Application time: 0.0556840 seconds
42.158: [GC42.158: [ParNew: 36764K->4144K(37568K), 0.0019600 secs] 185868K->155337K(257896K), 0.0020010 secs] [Times: user=0.01 sys=0.00, real=0.00 secs] 
42.160: Total time for which application threads were stopped: 0.0021920 seconds, Stopping threads took: 0.0001250 seconds
42.223: Application time: 0.0629420 seconds
42.223: [GC42.223: [ParNew: 37084K->4114K(37568K), 0.0020680 secs] 188278K->158408K(257896K), 0.0021070 secs] [Times: user=0.02 sys=0.00, real=0.01 secs] 
42.225: Total time for which application threads were stopped: 0.0022560 seconds, Stopping threads took: 0.0000790 seconds
42.283: Application time: 0.0576180 seconds
42.283: [GC42.283: [ParNew: 36957K->4112K(37568K), 0.0023100 secs] 191251K->161478K(257896K), 0.0023500 secs] [Times: user=0.01 sys=0.00, real=0.01 secs] 
42.285: Total time for which application threads were stopped: 0.0024900 seconds, Stopping threads took: 0.0000730 seconds
42.348: Application time: 0.0628220 seconds
42.348: [GC42.348: [ParNew: 37080K->4114K(37568K), 0.0023610 secs] 194446K->164552K(257896K), 0.0024040 secs] [Times: user=0.02 sys=0.00, real=0.00 secs] 
42.351: Total time for which application threads were stopped: 0.0025520 seconds, Stopping threads took: 0.0000770 seconds
42.414: Application time: 0.0638980 seconds
42.415: [GC42.415: [ParNew: 37038K->4113K(37568K), 0.0019930 secs] 197477K->166599K(257896K), 0.0020320 secs] [Times: user=0.01 sys=0.00, real=0.01 secs] 
42.417: Total time for which application threads were stopped: 0.0021870 seconds, Stopping threads took: 0.0000880 seconds
42.478: Application time: 0.0615690 seconds
42.478: [GC42.478: [ParNew: 36840K->4156K(37568K), 0.0013190 secs] 199326K->166642K(257896K), 0.0013550 secs] [Times: user=0.01 sys=0.00, real=0.00 secs] 
42.480: Total time for which application threads were stopped: 0.0015480 seconds, Stopping threads took: 0.0001300 seconds
42.540: Application time: 0.0600240 seconds
42.540: [GC42.540: [ParNew: 36643K->3121K(37568K), 0.0010140 secs] 199129K->165607K(257896K), 0.0010480 secs] [Times: user=0.00 sys=0.00, real=0.00 secs] 
42.541: Total time for which application threads were stopped: 0.0012050 seconds, Stopping threads took: 0.0000870 seconds
42.599: Application time: 0.0581520 seconds
42.599: [GC42.599: [ParNew: 35577K->4133K(37568K), 0.0015540 secs] 198063K->167643K(257896K), 0.0015900 secs] [Times: user=0.01 sys=0.00, real=0.00 secs] 
42.601: Total time for which application threads were stopped: 0.0017200 seconds, Stopping threads took: 0.0000700 seconds
42.659: Application time: 0.0586540 seconds
42.660: [GC42.660: [ParNew: 36921K->4158K(37568K), 0.0018580 secs] 200431K->169716K(257896K), 0.0018960 secs] [Times: user=0.02 sys=0.00, real=0.00 secs] 
42.662: Total time for which application threads were stopped: 0.0020170 seconds, Stopping threads took: 0.0000570 seconds
42.722: Application time: 0.0605410 seconds
42.722: [GC42.722: [ParNew: 37237K->4158K(37568K), 0.0013480 secs] 202795K->169805K(257896K), 0.0013820 secs] [Times: user=0.01 sys=0.00, real=0.00 secs] 
42.724: Total time for which application threads were stopped: 0.0015100 seconds, Stopping threads took: 0.0000650 seconds
42.782: Application time: 0.0586530 seconds
42.782: [GC42.782: [ParNew: 36997K->4154K(37568K), 0.0012810 secs] 202643K->169891K(257896K), 0.0013140 secs] [Times: user=0.01 sys=0.00, real=0.00 secs] 
42.784: Total time for which application threads were stopped: 0.0014360 seconds, Stopping threads took: 0.0000610 seconds
42.845: Application time: 0.0617440 seconds
42.846: [GC42.846: [ParNew: 37061K->4145K(37568K), 0.0015030 secs] 202798K->170927K(257896K), 0.0015360 secs] [Times: user=0.01 sys=0.00, real=0.00 secs] 
42.847: Total time for which application threads were stopped: 0.0016640 seconds, Stopping threads took: 0.0000670 seconds
42.905: Application time: 0.0581350 seconds
42.905: [GC42.905: [ParNew: 36944K->4115K(37568K), 0.0019530 secs] 203726K->172973K(257896K), 0.0019920 secs] [Times: user=0.01 sys=0.00, real=0.00 secs] 
42.907: Total time for which application threads were stopped: 0.0021300 seconds, Stopping threads took: 0.0000730 seconds
42.970: Application time: 0.0623660 seconds
42.970: [GC42.970: [ParNew: 37037K->4115K(37568K), 0.0018270 secs] 205895K->175021K(257896K), 0.0018600 secs] [Times: user=0.02 sys=0.00, real=0.00 secs] 
42.972: Total time for which application threads were stopped: 0.0020060 seconds, Stopping threads took: 0.0000800 seconds
43.031: Application time: 0.0594030 seconds
43.031: [GC43.031: [ParNew: 36836K->4135K(37568K), 0.0016550 secs] 207743K->176065K(257896K), 0.0016950 secs] [Times: user=0.01 sys=0.00, real=0.00 secs] 
43.033: Total time for which application threads were stopped: 0.0018450 seconds, Stopping threads took: 0.0000830 seconds
43.096: Application time: 0.0633440 seconds
43.096: [GC43.096: [ParNew: 36958K->4137K(37568K), 0.0013120 secs] 208889K->176068K(257896K), 0.0013450 secs] [Times: user=0.01 sys=0.00, real=0.00 secs] 
43.098: Total time for which application threads were stopped: 0.0014850 seconds, Stopping threads took: 0.0000720 seconds
43.158: Application time: 0.0600670 seconds
43.158: [GC43.158: [ParNew: 36737K->4136K(37568K), 0.0012440 secs] 208668K->176066K(257896K), 0.0012770 secs] [Times: user=0.01 sys=0.00, real=0.00 secs] 
43.159: Total time for which application threads were stopped: 0.0013940 seconds, Stopping threads took: 0.0000550 seconds
43.218: Application time: 0.0586280 seconds
43.218: [GC43.218: [ParNew: 36766K->4114K(37568K), 0.0018720 secs] 208696K->178092K(257896K), 0.0019130 secs] [Times: user=0.01 sys=0.00, real=0.00 secs] 
43.220: Total time for which application threads were stopped: 0.0020620 seconds, Stopping threads took: 0.0000820 seconds
43.279: Application time: 0.0588310 seconds
43.279: [GC43.279: [ParNew: 36832K->4132K(37568K), 0.0019320 secs] 210811K->180158K(257896K), 0.0019760 secs] [Times: user=0.01 sys=0.00, real=0.00 secs] 
43.281: Total time for which application threads were stopped: 0.0021490 seconds, Stopping threads took: 0.0001050 seconds
43.343: Application time: 0.0616880 seconds
43.343: [GC43.343: [ParNew: 37096K->4157K(37568K), 0.0017200 secs] 213122K->181207K(257896K), 0.0017600 secs] [Times: user=0.01 sys=0.00, real=0.01 secs] 
43.345: Total time for which application threads were stopped: 0.0018960 seconds, Stopping threads took: 0.0000660 seconds
43.407: Application time: 0.0625680 seconds
43.407: [GC43.407: [ParNew: 37306K->4159K(37568K), 0.0012760 secs] 214357K->181318K(257896K), 0.0013120 secs] [Times: user=0.01 sys=0.00, real=0.00 secs] 
43.409: Total time for which application threads were stopped: 0.0014480 seconds, Stopping threads took: 0.0000710 seconds
43.467: Application time: 0.0583180 seconds
43.467: [GC43.467: [ParNew: 36973K->4159K(37568K), 0.0013150 secs] 214133K->181384K(257896K), 0.0013490 secs] [Times: user=0.01 sys=0.00, real=0.00 secs] 
43.468: Total time for which application threads were stopped: 0.0014740 seconds, Stopping threads took: 0.0000640 seconds
43.530: Application time: 0.0614470 seconds
43.530: [GC43.530: [ParNew: 36966K->4151K(37568K), 0.0012610 secs] 214191K->181402K(257896K), 0.0012970 secs] [Times: user=0.01 sys=0.00, real=0.00 secs] 
43.531: Total time for which application threads were stopped: 0.0014210 seconds, Stopping threads took: 0.0000580 seconds
43.590: Application time: 0.0583920 seconds
43.590: [GC43.590: [ParNew: 36934K->4132K(37568K), 0.0016110 secs] 214184K->182435K(257896K), 0.0016470 secs] [Times: user=0.01 sys=0.00, real=0.00 secs] 
43.591: Total time for which application threads were stopped: 0.0017790 seconds, Stopping threads took: 0.0000680 seconds
43.650: Application time: 0.0586150 seconds
43.650: [GC43.650: [ParNew: 36805K->4116K(37568K), 0.0019180 secs] 215107K->184467K(257896K), 0.0019530 secs] [Times: user=0.01 sys=0.00, real=0.00 secs] 
43.652: Total time for which application threads were stopped: 0.0020920 seconds, Stopping threads took: 0.0000630 seconds
43.716: Application time: 0.0636480 seconds
43.716: [GC43.716: [ParNew: 37044K->3103K(37568K), 0.0011410 secs] 217395K->183454K(257896K), 0.0011750 secs] [Times: user=0.01 sys=0.00, real=0.01 secs] 
43.717: Total time for which application threads were stopped: 0.0013260 seconds, Stopping threads took: 0.0000890 seconds
43.778: Application time: 0.0612990 seconds
43.778: [GC43.778: [ParNew: 35770K->4143K(37568K), 0.0015020 secs] 216121K->185518K(257896K), 0.0015370 secs] [Times: user=0.01 sys=0.00, real=0.00 secs] 
43.780: Total time for which application threads were stopped: 0.0016620 seconds, Stopping threads took: 0.0000610 seconds
43.841: Application time: 0.0607220 seconds
43.841: [GC43.841: [ParNew: 36887K->3112K(37568K), 0.0010250 secs] 218262K->184487K(257896K), 0.0010650 secs] [Times: user=0.00 sys=0.00, real=0.00 secs] 
43.842: Total time for which application threads were stopped: 0.0011710 seconds, Stopping threads took: 0.0000490 seconds
43.899: Application time: 0.0568140 seconds
43.899: [GC43.899: [ParNew: 35645K->4118K(37568K), 0.0018850 secs] 217020K->187541K(257896K), 0.0019180 secs] [Times: user=0.02 sys=0.00, real=0.00 secs] 
43.901: Total time for which application threads were stopped: 0.0020560 seconds, Stopping threads took: 0.0000750 seconds
43.964: Application time: 0.0635740 seconds
43.965: [GC43.965: [ParNew: 37023K->4120K(37568K), 0.0015260 secs] 220446K->188567K(257896K), 0.0015620 secs] [Times: user=0.02 sys=0.00, real=0.00 secs] 
43.966: Total time for which application threads were stopped: 0.0017120 seconds, Stopping threads took: 0.0000880 seconds
44.025: Application time: 0.0588540 seconds
44.025: [GC44.025: [ParNew: 36907K->4152K(37568K), 0.0013100 secs] 221354K->188615K(257896K), 0.0013460 secs] [Times: user=0.01 sys=0.00, real=0.00 secs] 
44.026: Total time for which application threads were stopped: 0.0015000 seconds, Stopping threads took: 0.0000890 seconds
44.087: Application time: 0.0606410 seconds
44.087: [GC44.087: [ParNew: 37093K->4159K(37568K), 0.0015600 secs] 221556K->189715K(257896K), 0.0015980 secs] [Times: user=0.01 sys=0.00, real=0.00 secs] 
44.089: Total time for which application threads were stopped: 0.0017250 seconds, Stopping threads took: 0.0000650 seconds
44.150: Application time: 0.0608820 seconds
44.150: [GC44.150: [ParNew: 37283K->4158K(37568K), 0.0015460 secs] 222839K->190815K(257896K), 0.0015900 secs] [Times: user=0.01 sys=0.00, real=0.00 secs] 
44.151: Total time for which application threads were stopped: 0.0017120 seconds, Stopping threads took: 0.0000540 seconds
44.210: Application time: 0.0581660 seconds
44.210: [GC44.210: [ParNew: 36887K->4142K(37568K), 0.0019170 secs] 223545K->192885K(257896K), 0.0019590 secs] [Times: user=0.01 sys=0.00, real=0.00 secs] 
44.212: Total time for which application threads were stopped: 0.0021170 seconds, Stopping threads took: 0.0000810 seconds
44.271: Application time: 0.0596530 seconds
44.271: [GC44.271: [ParNew: 36907K->4114K(37568K), 0.0021580 secs] 225650K->195957K(257896K), 0.0022000 secs] [Times: user=0.02 sys=0.00, real=0.00 secs] 
44.274: Total time for which application threads were stopped: 0.0023320 seconds, Stopping threads took: 0.0000640 seconds
44.274: Application time: 0.0000580 seconds
44.274: [GC [1 CMS-initial-mark: 191843K(220328K)] 196981K(257896K), 0.0001150 secs] [Times: user=0.00 sys=0.00, real=0.00 secs] 
44.274: Total time for which application threads were stopped: 0.0002960 seconds, Stopping threads took: 0.0001590 seconds
44.274: [CMS-concurrent-mark-start]
44.278: [CMS-concurrent-mark: 0.004/0.004 secs] [Times: user=0.02 sys=0.00, real=0.01 secs] 
44.278: [CMS-concurrent-preclean-start]
44.278: [CMS-concurrent-preclean: 0.000/0.000 secs] [Times: user=0.00 sys=0.00, real=0.00 secs] 
44.278: [CMS-concurrent-abortable-preclean-start]
44.339: Application time: 0.0651120 seconds
44.339: [GC44.339: [ParNew: 37116K->4133K(37568K), 0.0016480 secs] 228960K->197000K(257896K), 0.0016820 secs] [Times: user=0.01 sys=0.00, real=0.00 secs] 
44.341: Total time for which application threads were stopped: 0.0018140 seconds, Stopping threads took: 0.0000680 seconds
44.401: Application time: 0.0602240 seconds
44.401: [GC44.401: [ParNew: 36825K->4148K(37568K), 0.0015560 secs] 229693K->198039K(257896K), 0.0015910 secs] [Times: user=0.01 sys=0.00, real=0.00 secs] 
44.403: Total time for which application threads were stopped: 0.0017240 seconds, Stopping threads took: 0.0000680 seconds
44.465: Application time: 0.0621000 seconds
44.469: [GC44.469: [ParNew: 36845K->3129K(37568K), 0.0009850 secs] 230736K->197020K(257896K), 0.0010170 secs] [Times: user=0.00 sys=0.00, real=0.00 secs] 
44.470: Total time for which application threads were stopped: 0.0045560 seconds, Stopping threads took: 0.0034780 seconds
44.528: Application time: 0.0585060 seconds
44.528: [GC44.528: [ParNew: 36537K->4119K(37568K), 0.0018680 secs] 230428K->200058K(257896K), 0.0019200 secs] [Times: user=0.01 sys=0.00, real=0.00 secs] 
44.530: Total time for which application threads were stopped: 0.0020590 seconds, Stopping threads took: 0.0000700 seconds
44.592: Application time: 0.0619230 seconds
44.592: [GC44.592: [ParNew: 37026K->4122K(37568K), 0.0016070 secs] 232966K->201086K(257896K), 0.0016450 secs] [Times: user=0.01 sys=0.00, real=0.00 secs] 
44.594: Total time for which application threads were stopped: 0.0017860 seconds, Stopping threads took: 0.0000760 seconds
44.653: Application time: 0.0587880 seconds
44.653: [GC44.653: [ParNew: 36870K->4118K(37568K), 0.0017010 secs] 233833K->202106K(257896K), 0.0017440 secs] [Times: user=0.01 sys=0.00, real=0.00 secs] 
44.655: Total time for which application threads were stopped: 0.0018760 seconds, Stopping threads took: 0.0000610 seconds
44.716: Application time: 0.0617010 seconds
44.716: [GC44.716: [ParNew: 36853K->3154K(37568K), 0.0010980 secs] 234841K->201142K(257896K), 0.0011250 secs] [Times: user=0.01 sys=0.00, real=0.00 secs] 
44.717: Total time for which application threads were stopped: 0.0012560 seconds, Stopping threads took: 0.0000670 seconds
44.773: Application time: 0.0554170 seconds
44.773: [GC44.773: [ParNew: 35843K->4154K(37568K), 0.0022510 secs] 233830K->205258K(257896K), 0.0022900 secs] [Times: user=0.01 sys=0.00, real=0.00 secs] 
44.775: Total time for which application threads were stopped: 0.0024180 seconds, Stopping threads took: 0.0000630 seconds
44.836: Application time: 0.0606500 seconds
44.836: [GC44.836: [ParNew: 37409K->4158K(37568K), 0.0022180 secs] 238513K->208416K(257896K), 0.0022610 secs] [Times: user=0.01 sys=0.00, real=0.01 secs] 
44.838: Total time for which application threads were stopped: 0.0024280 seconds, Stopping threads took: 0.0001000 seconds
44.899: Application time: 0.0610130 seconds
44.900: [GC44.900: [ParNew: 37323K->4152K(37568K), 0.0022800 secs] 241582K->211544K(257896K), 0.0023240 secs] [Times: user=0.01 sys=0.00, real=0.00 secs] 
44.902: Total time for which application threads were stopped: 0.0024920 seconds, Stopping threads took: 0.0000980 seconds
44.967: Application time: 0.0649730 seconds
44.967: [GC44.967: [ParNew: 37145K->4113K(37568K), 0.0018850 secs] 244538K->213594K(257896K), 0.0019210 secs] [Times: user=0.02 sys=0.00, real=0.00 secs] 
44.969: Total time for which application threads were stopped: 0.0020960 seconds, Stopping threads took: 0.0001140 seconds
45.030: Application time: 0.0613150 seconds
45.030: [GC45.030: [ParNew: 36757K->4134K(37568K), 0.0016520 secs] 246238K->214639K(257896K), 0.0016930 secs] [Times: user=0.01 sys=0.00, real=0.00 secs] 
45.032: Total time for which application threads were stopped: 0.0018300 seconds, Stopping threads took: 0.0000690 seconds
45.096: Application time: 0.0641830 seconds
45.096: [GC45.096: [ParNew: 37109K->4130K(37568K), 0.0015030 secs] 247614K->215659K(257896K), 0.0015400 secs] [Times: user=0.01 sys=0.00, real=0.00 secs] 
45.098: Total time for which application threads were stopped: 0.0016790 seconds, Stopping threads took: 0.0000750 seconds
45.158: Application time: 0.0602640 seconds
45.158: [GC45.158: [ParNew: 36773K->4136K(37568K), 0.0013160 secs] 248302K->215665K(257896K), 0.0013520 secs] [Times: user=0.01 sys=0.00, real=0.00 secs] 
45.160: Total time for which application threads were stopped: 0.0014910 seconds, Stopping threads took: 0.0000750 seconds
45.221: Application time: 0.0614000 seconds
45.221: [GC45.221: [ParNew: 36776K->4152K(37568K), 0.0012520 secs] 248305K->215682K(257896K), 0.0012870 secs] [Times: user=0.01 sys=0.00, real=0.00 secs] 
45.223: Total time for which application threads were stopped: 0.0014290 seconds, Stopping threads took: 0.0000710 seconds
45.282: Application time: 0.0589850 seconds
45.282: [GC45.282: [ParNew: 36581K->3107K(37568K), 0.0010430 secs] 248110K->214636K(257896K), 0.0010780 secs] [Times: user=0.01 sys=0.00, real=0.00 secs] 
45.283: Total time for which application threads were stopped: 0.0012460 seconds, Stopping threads took: 0.0001010 seconds
45.342: Application time: 0.0591790 seconds
45.342: [GC45.342: [ParNew: 35672K->4135K(37568K), 0.0011670 secs] 247201K->215664K(257896K), 0.0012020 secs] [Times: user=0.01 sys=0.00, real=0.00 secs] 
45.343: Total time for which application threads were stopped: 0.0013270 seconds, Stopping threads took: 0.0000640 seconds
45.398: Application time: 0.0551310 seconds
45.399: [GC45.399: [ParNew: 36666K->4146K(37568K), 0.0016010 secs] 248195K->216700K(257896K), 0.0016400 secs] [Times: user=0.01 sys=0.00, real=0.00 secs] 
45.400: Total time for which application threads were stopped: 0.0017770 seconds, Stopping threads took: 0.0000710 seconds
45.466: Application time: 0.0659510 seconds
45.466: [GC45.466: [ParNew: 37299K->4157K(37568K), 0.0017480 secs] 249852K->217779K(257896K), 0.0017890 secs] [Times: user=0.01 sys=0.00, real=0.00 secs] 
45.468: Total time for which application threads were stopped: 0.0019110 seconds, Stopping threads took: 0.0000560 seconds
45.526: Application time: 0.0582690 seconds
45.527: [GC45.527: [ParNew: 37273K->4157K(37568K), 0.0018900 secs] 250895K->219912K(257896K), 0.0019320 secs] [Times: user=0.01 sys=0.00, real=0.00 secs] 
45.528: Total time for which application threads were stopped: 0.0020980 seconds, Stopping threads took: 0.0000980 seconds
45.590: Application time: 0.0615940 seconds
45.590: [GC45.590: [ParNew: 37332K->4154K(37568K), 0.0022600 secs] 253087K->223038K(257896K), 0.0023040 secs] [Times: user=0.02 sys=0.00, real=0.00 secs] 
45.593: Total time for which application threads were stopped: 0.0024570 seconds, Stopping threads took: 0.0000840 seconds
45.654: Application time: 0.0616590 seconds
45.654: [GC45.654: [ParNew: 37055K->4112K(37568K), 0.0022330 secs] 255939K->226109K(260144K), 0.0022730 secs] [Times: user=0.01 sys=0.00, real=0.01 secs] 
45.657: Total time for which application threads were stopped: 0.0024510 seconds, Stopping threads took: 0.0001100 seconds
45.720: Application time: 0.0636100 seconds
45.720: [GC45.720: [ParNew: 36951K->4158K(37568K), 0.0013540 secs] 258949K->226159K(260144K), 0.0013900 secs] [Times: user=0.01 sys=0.00, real=0.00 secs] 
45.722: Total time for which application threads were stopped: 0.0015280 seconds, Stopping threads took: 0.0000740 seconds
45.785: Application time: 0.0628830 seconds
45.785: [GC45.785: [ParNew: 36876K->3136K(37568K), 0.0010390 secs] 258877K->225137K(260144K), 0.0010730 secs] [Times: user=0.00 sys=0.00, real=0.00 secs] 
45.786: Total time for which application threads were stopped: 0.0012080 seconds, Stopping threads took: 0.0000640 seconds
45.846: Application time: 0.0596920 seconds
45.846: [GC45.846: [ParNew: 35542K->3118K(37568K), 0.0010480 secs] 257544K->225119K(260144K), 0.0010800 secs] [Times: user=0.00 sys=0.00, real=0.00 secs] 
45.847: Total time for which application threads were stopped: 0.0012300 seconds, Stopping threads took: 0.0000900 seconds
45.906: Application time: 0.0589170 seconds
45.906: [GC45.906: [ParNew: 35624K->4117K(37568K), 0.0016410 secs] 257626K->228166K(262200K), 0.0016780 secs] [Times: user=0.01 sys=0.00, real=0.00 secs] 
45.908: Total time for which application threads were stopped: 0.0018190 seconds, Stopping threads took: 0.0000770 seconds
45.964: Application time: 0.0559540 seconds
45.964: [GC45.964: [ParNew: 36618K->4129K(37568K), 0.0015350 secs] 260668K->229203K(263228K), 0.0015710 secs] [Times: user=0.01 sys=0.00, real=0.01 secs] 
45.965: Total time for which application threads were stopped: 0.0017080 seconds, Stopping threads took: 0.0000720 seconds
46.030: Application time: 0.0644800 seconds
46.030: [GC46.030: [ParNew: 37030K->2105K(37568K), 0.0008880 secs] 262104K->227179K(263228K), 0.0009190 secs] [Times: user=0.00 sys=0.00, real=0.00 secs] 
46.031: Total time for which application threads were stopped: 0.0010460 seconds, Stopping threads took: 0.0000700 seconds
46.085: Application time: 0.0540900 seconds
46.085: [GC46.085: [ParNew: 34621K->4144K(37568K), 0.0018430 secs] 259694K->231265K(265284K), 0.0018920 secs] [Times: user=0.02 sys=0.00, real=0.00 secs] 
46.087: Total time for which application threads were stopped: 0.0020470 seconds, Stopping threads took: 0.0000890 seconds
46.152: Application time: 0.0654440 seconds
46.152: [GC46.152: [ParNew: 37333K->4156K(37568K), 0.0016510 secs] 264455K->233370K(267340K), 0.0016920 secs] [Times: user=0.02 sys=0.00, real=0.00 secs] 
46.154: Total time for which application threads were stopped: 0.0018390 seconds, Stopping threads took: 0.0000820 seconds
46.211: Application time: 0.0573020 seconds
46.212: [GC46.212: [ParNew: 37324K->4152K(37568K), 0.0021310 secs] 266538K->236527K(270424K), 0.0021730 secs] [Times: user=0.01 sys=0.00, real=0.00 secs] 
46.214: Total time for which application threads were stopped: 0.0023370 seconds, Stopping threads took: 0.0000990 seconds
46.278: Application time: 0.0637350 seconds
46.278: [GC46.278: [ParNew: 37341K->4158K(37568K), 0.0020730 secs] 269716K->239659K(273508K), 0.0021140 secs] [Times: user=0.02 sys=0.00, real=0.00 secs] 
46.280: Total time for which application threads were stopped: 0.0022440 seconds, Stopping threads took: 0.0000630 seconds
46.341: Application time: 0.0616400 seconds
46.342: [GC46.342: [ParNew: 37069K->4136K(37568K), 0.0018930 secs] 272570K->241726K(275756K), 0.0019300 secs] [Times: user=0.01 sys=0.00, real=0.00 secs] 
46.344: Total time for which application threads were stopped: 0.0020790 seconds, Stopping threads took: 0.0000690 seconds
46.407: Application time: 0.0638130 seconds
46.407: [GC46.408: [ParNew: 37040K->4112K(37568K), 0.0013720 secs] 274630K->241701K(275756K), 0.0014050 secs] [Times: user=0.01 sys=0.00, real=0.00 secs] 
46.409: Total time for which application threads were stopped: 0.0015720 seconds, Stopping threads took: 0.0001020 seconds
46.473: Application time: 0.0644950 seconds
46.474: [GC46.474: [ParNew: 36971K->2123K(37568K), 0.0007590 secs] 274561K->239713K(275756K), 0.0007910 secs] [Times: user=0.01 sys=0.00, real=0.00 secs] 
46.474: Total time for which application threads were stopped: 0.0009200 seconds, Stopping threads took: 0.0000710 seconds
46.530: Application time: 0.0557760 seconds
46.530: [GC46.530: [ParNew: 35022K->4121K(37568K), 0.0012610 secs] 272612K->241711K(275756K), 0.0012960 secs] [Times: user=0.00 sys=0.00, real=0.00 secs] 
46.532: Total time for which application threads were stopped: 0.0014140 seconds, Stopping threads took: 0.0000570 seconds
46.586: Application time: 0.0542980 seconds
46.586: [GC46.586: [ParNew: 36709K->4132K(37568K), 0.0018840 secs] 274298K->243770K(277812K), 0.0019230 secs] [Times: user=0.01 sys=0.00, real=0.00 secs] 
46.588: Total time for which application threads were stopped: 0.0020450 seconds, Stopping threads took: 0.0000550 seconds
46.649: Application time: 0.0612480 seconds
46.649: [GC46.649: [ParNew: 36943K->4119K(37568K), 0.0018040 secs] 276581K->245804K(279868K), 0.0018450 secs] [Times: user=0.01 sys=0.00, real=0.00 secs] 
46.651: Total time for which application threads were stopped: 0.0019800 seconds, Stopping threads took: 0.0000680 seconds
46.713: Application time: 0.0618500 seconds
46.713: [GC46.713: [ParNew: 36969K->4115K(37568K), 0.0017230 secs] 278655K->247849K(281924K), 0.0017630 secs] [Times: user=0.01 sys=0.00, real=0.00 secs] 
46.715: Total time for which application threads were stopped: 0.0019280 seconds, Stopping threads took: 0.0000980 seconds
46.776: Application time: 0.0615080 seconds
46.776: [GC46.777: [ParNew: 36961K->4159K(37568K), 0.0012560 secs] 280695K->247895K(281924K), 0.0012890 secs] [Times: user=0.01 sys=0.00, real=0.00 secs] 
46.778: Total time for which application threads were stopped: 0.0014070 seconds, Stopping threads took: 0.0000590 seconds
46.835: Application time: 0.0571680 seconds
46.835: [GC46.835: [ParNew: 37006K->4158K(37568K), 0.0017570 secs] 280742K->249986K(283980K), 0.0017980 secs] [Times: user=0.01 sys=0.01, real=0.01 secs] 
46.837: Total time for which application threads were stopped: 0.0019410 seconds, Stopping threads took: 0.0000760 seconds
46.899: Application time: 0.0623390 seconds
46.899: [GC46.899: [ParNew: 37406K->4158K(37568K), 0.0021120 secs] 283234K->253139K(287064K), 0.0021620 secs] [Times: user=0.01 sys=0.01, real=0.00 secs] 
46.902: Total time for which application threads were stopped: 0.0023550 seconds, Stopping threads took: 0.0001130 seconds
46.965: Application time: 0.0631400 seconds
46.965: [GC46.965: [ParNew: 37182K->4158K(37568K), 0.0018060 secs] 286163K->255265K(289120K), 0.0018460 secs] [Times: user=0.01 sys=0.00, real=0.00 secs] 
46.967: Total time for which application threads were stopped: 0.0019780 seconds, Stopping threads took: 0.0000680 seconds
47.027: Application time: 0.0598530 seconds
47.027: [GC47.027: [ParNew: 36935K->4116K(37568K), 0.0019270 secs] 288042K->257296K(291176K), 0.0019650 secs] [Times: user=0.02 sys=0.00, real=0.00 secs] 
47.029: Total time for which application threads were stopped: 0.0021070 seconds, Stopping threads took: 0.0000740 seconds
47.094: Application time: 0.0651440 seconds
47.094: [GC47.094: [ParNew: 37087K->4150K(37568K), 0.0013590 secs] 290267K->257330K(291176K), 0.0013970 secs] [Times: user=0.01 sys=0.00, real=0.00 secs] 
47.095: Total time for which application threads were stopped: 0.0015340 seconds, Stopping threads took: 0.0000730 seconds
47.154: Application time: 0.0584870 seconds
47.154: [GC47.154: [ParNew: 36605K->4138K(37568K), 0.0013370 secs] 289785K->257318K(291176K), 0.0013740 secs] [Times: user=0.01 sys=0.00, real=0.00 secs] 
47.155: Total time for which application threads were stopped: 0.0014990 seconds, Stopping threads took: 0.0000600 seconds
47.214: Application time: 0.0586470 seconds
47.214: [GC47.214: [ParNew: 36593K->4136K(37568K), 0.0015600 secs] 289773K->258340K(292204K), 0.0015960 secs] [Times: user=0.01 sys=0.00, real=0.00 secs] 
47.216: Total time for which application threads were stopped: 0.0017530 seconds, Stopping threads took: 0.0000930 seconds
47.275: Application time: 0.0592810 seconds
47.275: [GC47.275: [ParNew: 36728K->4124K(37568K), 0.0015650 secs] 290932K->259352K(293232K), 0.0016020 secs] [Times: user=0.01 sys=0.00, real=0.01 secs] 
47.277: Total time for which application threads were stopped: 0.0017320 seconds, Stopping threads took: 0.0000670 seconds
47.336: Application time: 0.0592210 seconds
47.336: [GC47.336: [ParNew: 36893K->4113K(37568K), 0.0018630 secs] 292121K->261389K(295288K), 0.0019050 secs] [Times: user=0.00 sys=0.01, real=0.01 secs] 
47.338: Total time for which application threads were stopped: 0.0020330 seconds, Stopping threads took: 0.0000610 seconds
47.401: Application time: 0.0630700 seconds
47.401: [GC47.401: [ParNew: 37021K->4119K(37568K), 0.0017020 secs] 294297K->263443K(297344K), 0.0017420 secs] [Times: user=0.01 sys=0.00, real=0.00 secs] 
47.403: Total time for which application threads were stopped: 0.0019000 seconds, Stopping threads took: 0.0000850 seconds
47.461: Application time: 0.0575080 seconds
47.461: [GC47.461: [ParNew: 36912K->4156K(37568K), 0.0017250 secs] 296236K->264504K(298372K), 0.0017620 secs] [Times: user=0.01 sys=0.00, real=0.00 secs] 
47.462: Total time for which application threads were stopped: 0.0019210 seconds, Stopping threads took: 0.0000930 seconds
47.525: Application time: 0.0623500 seconds
47.525: [GC47.525: [ParNew: 37213K->4156K(37568K), 0.0018470 secs] 297561K->266609K(300620K), 0.0018890 secs] [Times: user=0.01 sys=0.00, real=0.00 secs] 
47.527: Total time for which application threads were stopped: 0.0020790 seconds, Stopping threads took: 0.0001220 seconds
47.588: Application time: 0.0608500 seconds
47.588: [GC47.588: [ParNew: 37293K->4153K(37568K), 0.0016840 secs] 299746K->267747K(301648K), 0.0017240 secs] [Times: user=0.01 sys=0.00, real=0.00 secs] 
47.590: Total time for which application threads were stopped: 0.0018510 seconds, Stopping threads took: 0.0000610 seconds
47.651: Application time: 0.0610000 seconds
47.651: [GC47.651: [ParNew: 37018K->4146K(37568K), 0.0018150 secs] 300611K->269814K(303704K), 0.0018550 secs] [Times: user=0.01 sys=0.00, real=0.00 secs] 
47.653: Total time for which application threads were stopped: 0.0020090 seconds, Stopping threads took: 0.0000800 seconds
47.714: Application time: 0.0611330 seconds
47.714: [GC47.714: [ParNew: 36970K->4146K(37568K), 0.0017800 secs] 302637K->270866K(304732K), 0.0018190 secs] [Times: user=0.01 sys=0.00, real=0.00 secs] 
47.716: Total time for which application threads were stopped: 0.0019500 seconds, Stopping threads took: 0.0000620 seconds
47.775: Application time: 0.0595390 seconds
47.775: [GC47.775: [ParNew: 36559K->4122K(37568K), 0.0014420 secs] 303280K->270842K(304732K), 0.0014800 secs] [Times: user=0.01 sys=0.00, real=0.01 secs] 
47.777: Total time for which application threads were stopped: 0.0016010 seconds, Stopping threads took: 0.0000590 seconds
47.835: Application time: 0.0583950 seconds
47.835: [GC47.835: [ParNew: 36646K->4128K(37568K), 0.0018160 secs] 303366K->272896K(306788K), 0.0018560 secs] [Times: user=0.01 sys=0.01, real=0.01 secs] 
47.837: Total time for which application threads were stopped: 0.0019880 seconds, Stopping threads took: 0.0000690 seconds
47.898: Application time: 0.0603450 seconds
47.898: [GC47.898: [ParNew: 36948K->4117K(37568K), 0.0018360 secs] 305717K->274933K(308844K), 0.0018760 secs] [Times: user=0.01 sys=0.00, real=0.00 secs] 
47.900: Total time for which application threads were stopped: 0.0020050 seconds, Stopping threads took: 0.0000590 seconds
47.957: Application time: 0.0573350 seconds
47.957: [GC47.957: [ParNew: 36774K->4114K(37568K), 0.0036060 secs] 307590K->276979K(310900K), 0.0036460 secs] [Times: user=0.02 sys=0.00, real=0.00 secs] 
47.961: Total time for which application threads were stopped: 0.0038050 seconds, Stopping threads took: 0.0000820 seconds
48.025: Application time: 0.0639670 seconds
48.025: [GC48.025: [ParNew: 37055K->4121K(37568K), 0.0015340 secs] 309920K->278010K(311928K), 0.0015730 secs] [Times: user=0.01 sys=0.00, real=0.00 secs] 
48.026: Total time for which application threads were stopped: 0.0017040 seconds, Stopping threads took: 0.0000660 seconds
48.086: Application time: 0.0594760 seconds
48.086: [GC48.086: [ParNew: 36864K->4112K(37568K), 0.0018150 secs] 310752K->280049K(313984K), 0.0018510 secs] [Times: user=0.01 sys=0.00, real=0.00 secs] 
48.088: Total time for which application threads were stopped: 0.0019860 seconds, Stopping threads took: 0.0000710 seconds
48.151: Application time: 0.0626360 seconds
48.151: [GC48.151: [ParNew: 37112K->4146K(37568K), 0.0015980 secs] 313048K->281106K(315012K), 0.0016310 secs] [Times: user=0.01 sys=0.00, real=0.00 secs] 
48.152: Total time for which application threads were stopped: 0.0017700 seconds, Stopping threads took: 0.0000740 seconds
48.215: Application time: 0.0625780 seconds
48.215: [GC48.215: [ParNew: 37191K->4159K(37568K), 0.0015820 secs] 314151K->282204K(316040K), 0.0016210 secs] [Times: user=0.01 sys=0.00, real=0.01 secs] 
48.217: Total time for which application threads were stopped: 0.0017610 seconds, Stopping threads took: 0.0000730 seconds
48.279: Application time: 0.0625830 seconds
48.279: [GC48.279: [ParNew: 37465K->3275K(37568K), 0.0012200 secs] 315510K->281345K(316232K), 0.0012560 secs] [Times: user=0.01 sys=0.00, real=0.00 secs] 
48.281: Total time for which application threads were stopped: 0.0013770 seconds, Stopping threads took: 0.0000560 seconds
48.340: Application time: 0.0592860 seconds
48.340: [GC48.340: [ParNew: 36683K->4115K(37568K), 0.0015910 secs] 314753K->283351K(317260K), 0.0016260 secs] [Times: user=0.01 sys=0.00, real=0.00 secs] 
48.342: Total time for which application threads were stopped: 0.0017370 seconds, Stopping threads took: 0.0000450 seconds
48.398: Application time: 0.0564670 seconds
48.398: [GC48.398: [ParNew: 36662K->4117K(37568K), 0.0019340 secs] 315899K->285401K(319316K), 0.0019740 secs] [Times: user=0.01 sys=0.00, real=0.00 secs] 
48.400: Total time for which application threads were stopped: 0.0021230 seconds, Stopping threads took: 0.0000800 seconds
48.463: Application time: 0.0631080 seconds
48.463: [GC48.463: [ParNew: 36992K->4137K(37568K), 0.0016070 secs] 318277K->286445K(320344K), 0.0016490 secs] [Times: user=0.00 sys=0.00, real=0.01 secs] 
48.465: Total time for which application threads were stopped: 0.0017860 seconds, Stopping threads took: 0.0000660 seconds
48.524: Application time: 0.0591050 seconds
48.524: [GC48.524: [ParNew: 36821K->4116K(37568K), 0.0015890 secs] 319129K->287448K(321372K), 0.0016290 secs] [Times: user=0.02 sys=0.00, real=0.00 secs] 
48.526: Total time for which application threads were stopped: 0.0017580 seconds, Stopping threads took: 0.0000570 seconds
48.586: Application time: 0.0604780 seconds
48.588: [GC48.588: [ParNew: 36874K->4120K(37568K), 0.0019220 secs] 320207K->289501K(323428K), 0.0019650 secs] [Times: user=0.01 sys=0.00, real=0.00 secs] 
48.590: Total time for which application threads were stopped: 0.0039470 seconds, Stopping threads took: 0.0019140 seconds
48.649: Application time: 0.0585970 seconds
48.649: [GC48.649: [ParNew: 36840K->4129K(37568K), 0.0018460 secs] 322220K->291558K(325484K), 0.0018890 secs] [Times: user=0.01 sys=0.00, real=0.00 secs] 
48.651: Total time for which application threads were stopped: 0.0020560 seconds, Stopping threads took: 0.0001010 seconds
48.713: Application time: 0.0619950 seconds
48.713: [GC48.713: [ParNew: 37004K->4118K(37568K), 0.0018970 secs] 324433K->293595K(327540K), 0.0019350 secs] [Times: user=0.02 sys=0.00, real=0.00 secs] 
48.715: Total time for which application threads were stopped: 0.0020760 seconds, Stopping threads took: 0.0000770 seconds
48.774: Application time: 0.0592140 seconds
48.774: [GC48.774: [ParNew: 36901K->4110K(37568K), 0.0020820 secs] 326377K->296658K(330624K), 0.0021240 secs] [Times: user=0.01 sys=0.01, real=0.01 secs] 
48.777: Total time for which application threads were stopped: 0.0022830 seconds, Stopping threads took: 0.0000930 seconds
48.842: Application time: 0.0650440 seconds
48.842: [GC48.842: [ParNew: 37248K->4144K(37568K), 0.0018240 secs] 329797K->298741K(332680K), 0.0018600 secs] [Times: user=0.01 sys=0.00, real=0.00 secs] 
48.844: Total time for which application threads were stopped: 0.0019950 seconds, Stopping threads took: 0.0000680 seconds
48.905: Application time: 0.0608710 seconds
48.905: [GC48.905: [ParNew: 37113K->4159K(37568K), 0.0017050 secs] 331710K->299837K(333708K), 0.0017410 secs] [Times: user=0.02 sys=0.00, real=0.00 secs] 
48.906: Total time for which application threads were stopped: 0.0018800 seconds, Stopping threads took: 0.0000720 seconds
48.968: Application time: 0.0614000 seconds
48.968: [GC48.968: [ParNew: 37284K->4159K(37568K), 0.0015120 secs] 332962K->299978K(333900K), 0.0015510 secs] [Times: user=0.01 sys=0.00, real=0.00 secs] 
48.970: Total time for which application threads were stopped: 0.0017140 seconds, Stopping threads took: 0.0000880 seconds
49.030: Application time: 0.0602210 seconds
49.030: [GC49.030: [ParNew: 36750K->3124K(37568K), 0.0012400 secs] 332569K->298978K(333900K), 0.0012780 secs] [Times: user=0.01 sys=0.00, real=0.00 secs] 
49.031: Total time for which application threads were stopped: 0.0014040 seconds, Stopping threads took: 0.0000620 seconds
49.090: Application time: 0.0591420 seconds
49.090: [GC49.090: [ParNew: 35612K->4118K(37568K), 0.0016180 secs] 331466K->300995K(334928K), 0.0016520 secs] [Times: user=0.01 sys=0.00, real=0.00 secs] 
49.092: Total time for which application threads were stopped: 0.0018100 seconds, Stopping threads took: 0.0000940 seconds
49.151: Application time: 0.0588420 seconds
49.151: [GC49.151: [ParNew: 36550K->4137K(37568K), 0.0014910 secs] 333427K->302038K(335956K), 0.0015300 secs] [Times: user=0.02 sys=0.00, real=0.00 secs] 
49.153: Total time for which application threads were stopped: 0.0016670 seconds, Stopping threads took: 0.0000750 seconds
49.209: Application time: 0.0565320 seconds
49.209: [GC49.209: [ParNew: 36842K->4116K(37568K), 0.0020660 secs] 334743K->305090K(339040K), 0.0021020 secs] [Times: user=0.02 sys=0.00, real=0.00 secs] 
49.211: Total time for which application threads were stopped: 0.0022540 seconds, Stopping threads took: 0.0000890 seconds
49.271: Application time: 0.0597100 seconds
49.271: [GC49.271: [ParNew: 37010K->4116K(37568K), 0.0020860 secs] 337984K->308161K(342124K), 0.0021330 secs] [Times: user=0.00 sys=0.01, real=0.00 secs] 
49.273: Total time for which application threads were stopped: 0.0022850 seconds, Stopping threads took: 0.0000850 seconds
49.336: Application time: 0.0630380 seconds
49.337: [GC49.337: [ParNew: 37029K->4116K(37568K), 0.0021090 secs] 341075K->310209K(344180K), 0.0021470 secs] [Times: user=0.01 sys=0.00, real=0.00 secs] 
49.339: Total time for which application threads were stopped: 0.0022920 seconds, Stopping threads took: 0.0000830 seconds
 CMS: abort preclean due to time 49.340: [CMS-concurrent-abortable-preclean: 0.054/5.061 secs] [Times: user=39.80 sys=0.11, real=5.06 secs] 
49.340: Application time: 0.0007960 seconds
49.340: [GC[YG occupancy: 5189 K (37568 K)]49.340: [Rescan (parallel) , 0.0001940 secs]49.340: [weak refs processing, 0.0000060 secs]49.340: [scrub string table, 0.0001210 secs] [1 CMS-remark: 306093K(306612K)] 311282K(344180K), 0.0003390 secs] [Times: user=0.00 sys=0.00, real=0.00 secs] 
49.340: Total time for which application threads were stopped: 0.0004280 seconds, Stopping threads took: 0.0000640 seconds
49.340: [CMS-concurrent-sweep-start]
49.341: [CMS-concurrent-sweep: 0.001/0.001 secs] [Times: user=0.00 sys=0.00, real=0.00 secs] 
49.341: [CMS-concurrent-reset-start]
49.344: [CMS-concurrent-reset: 0.003/0.003 secs] [Times: user=0.00 sys=0.00, real=0.00 secs] 
49.404: Application time: 0.0637580 seconds
49.404: [GC49.404: [ParNew: 37009K->4138K(37568K), 0.0013280 secs] 157856K->124985K(344180K), 0.0013610 secs] [Times: user=0.01 sys=0.00, real=0.01 secs] 
49.405: Total time for which application threads were stopped: 0.0014760 seconds, Stopping threads took: 0.0000520 seconds
49.463: Application time: 0.0582110 seconds
49.464: [GC49.464: [ParNew: 36731K->4119K(37568K), 0.0015950 secs] 157578K->125989K(344180K), 0.0016320 secs] [Times: user=0.01 sys=0.00, real=0.01 secs] 
49.465: Total time for which application threads were stopped: 0.0017830 seconds, Stopping threads took: 0.0000880 seconds
49.527: Application time: 0.0619940 seconds
49.527: [GC49.527: [ParNew: 37094K->4140K(37568K), 0.0022690 secs] 158965K->129083K(344180K), 0.0023110 secs] [Times: user=0.02 sys=0.00, real=0.00 secs] 
49.530: Total time for which application threads were stopped: 0.0024650 seconds, Stopping threads took: 0.0000780 seconds
49.589: Application time: 0.0589000 seconds
49.589: [GC49.589: [ParNew: 37139K->4152K(37568K), 0.0019720 secs] 162082K->131204K(344180K), 0.0020110 secs] [Times: user=0.01 sys=0.00, real=0.00 secs] 
49.591: Total time for which application threads were stopped: 0.0021490 seconds, Stopping threads took: 0.0000730 seconds
49.653: Application time: 0.0617880 seconds
49.653: [GC49.653: [ParNew: 37346K->4159K(37568K), 0.0015880 secs] 164397K->132328K(344180K), 0.0016210 secs] [Times: user=0.02 sys=0.00, real=0.00 secs] 
49.654: Total time for which application threads were stopped: 0.0017650 seconds, Stopping threads took: 0.0000800 seconds
49.717: Application time: 0.0624430 seconds
49.717: [GC49.717: [ParNew: 37076K->3131K(37568K), 0.0011470 secs] 165245K->131346K(344180K), 0.0011820 secs] [Times: user=0.00 sys=0.00, real=0.00 secs] 
49.718: Total time for which application threads were stopped: 0.0013390 seconds, Stopping threads took: 0.0000950 seconds
49.781: Application time: 0.0627080 seconds
49.781: [GC49.781: [ParNew: 35944K->4155K(37568K), 0.0013720 secs] 164159K->132398K(344180K), 0.0014050 secs] [Times: user=0.01 sys=0.00, real=0.00 secs] 
49.782: Total time for which application threads were stopped: 0.0015240 seconds, Stopping threads took: 0.0000550 seconds
49.840: Application time: 0.0578300 seconds
49.840: [GC49.840: [ParNew: 37423K->3116K(37568K), 0.0010190 secs] 165666K->131359K(344180K), 0.0010530 secs] [Times: user=0.00 sys=0.01, real=0.00 secs] 
49.841: Total time for which application threads were stopped: 0.0011650 seconds, Stopping threads took: 0.0000530 seconds
49.896: Application time: 0.0542090 seconds
49.896: [GC49.896: [ParNew: 35572K->4110K(37568K), 0.0022540 secs] 163816K->135425K(344180K), 0.0023040 secs] [Times: user=0.01 sys=0.00, real=0.01 secs] 
49.898: Total time for which application threads were stopped: 0.0024350 seconds, Stopping threads took: 0.0000650 seconds
49.960: Application time: 0.0622870 seconds
49.960: [GC49.960: [ParNew: 37029K->4113K(37568K), 0.0018480 secs] 168344K->137476K(344180K), 0.0018880 secs] [Times: user=0.02 sys=0.00, real=0.00 secs] 
49.962: Total time for which application threads were stopped: 0.0020160 seconds, Stopping threads took: 0.0000640 seconds
50.022: Application time: 0.0593930 seconds
50.022: [GC50.022: [ParNew: 36989K->4128K(37568K), 0.0020090 secs] 170352K->139539K(344180K), 0.0020500 secs] [Times: user=0.02 sys=0.00, real=0.00 secs] 
50.024: Total time for which application threads were stopped: 0.0021840 seconds, Stopping threads took: 0.0000650 seconds
50.088: Application time: 0.0638870 seconds
50.088: [GC50.088: [ParNew: 36982K->4134K(37568K), 0.0015980 secs] 172393K->140570K(344180K), 0.0016330 secs] [Times: user=0.01 sys=0.00, real=0.00 secs] 
50.090: Total time for which application threads were stopped: 0.0017670 seconds, Stopping threads took: 0.0000610 seconds
50.152: Application time: 0.0620740 seconds
50.152: [GC50.153: [ParNew: 36928K->4133K(37568K), 0.0015730 secs] 173363K->141592K(344180K), 0.0016080 secs] [Times: user=0.01 sys=0.00, real=0.00 secs] 
50.154: Total time for which application threads were stopped: 0.0025490 seconds, Stopping threads took: 0.0008780 seconds
50.215: Application time: 0.0606190 seconds
50.215: [GC50.215: [ParNew: 37011K->4144K(37568K), 0.0019050 secs] 174471K->143651K(344180K), 0.0019450 secs] [Times: user=0.01 sys=0.00, real=0.01 secs] 
50.217: Total time for which application threads were stopped: 0.0020730 seconds, Stopping threads took: 0.0000610 seconds
50.276: Application time: 0.0594910 seconds
50.276: [GC50.276: [ParNew: 36958K->4156K(37568K), 0.0016960 secs] 176465K->144756K(344180K), 0.0017280 secs] [Times: user=0.01 sys=0.00, real=0.00 secs] 
50.278: Total time for which application threads were stopped: 0.0018510 seconds, Stopping threads took: 0.0000630 seconds
50.337: Application time: 0.0592550 seconds
50.338: [GC50.338: [ParNew: 37164K->4159K(37568K), 0.0019620 secs] 177764K->146864K(344180K), 0.0019990 secs] [Times: user=0.01 sys=0.00, real=0.00 secs] 
50.340: Total time for which application threads were stopped: 0.0021610 seconds, Stopping threads took: 0.0000960 seconds
50.401: Application time: 0.0618150 seconds
50.402: [GC50.402: [ParNew: 37204K->4159K(37568K), 0.0017510 secs] 179909K->147960K(344180K), 0.0017870 secs] [Times: user=0.01 sys=0.00, real=0.00 secs] 
50.403: Total time for which application threads were stopped: 0.0019410 seconds, Stopping threads took: 0.0000880 seconds
50.466: Application time: 0.0629040 seconds
50.466: [GC50.466: [ParNew: 36982K->4151K(37568K), 0.0013280 secs] 180783K->147985K(344180K), 0.0013630 secs] [Times: user=0.01 sys=0.00, real=0.00 secs] 
50.468: Total time for which application threads were stopped: 0.0014900 seconds, Stopping threads took: 0.0000640 seconds
50.526: Application time: 0.0584660 seconds
50.526: [GC50.526: [ParNew: 37559K->4139K(37568K), 0.0012820 secs] 181393K->147973K(344180K), 0.0013170 secs] [Times: user=0.01 sys=0.00, real=0.00 secs] 
50.528: Total time for which application threads were stopped: 0.0014620 seconds, Stopping threads took: 0.0000830 seconds
50.587: Application time: 0.0597140 seconds
50.588: [GC50.588: [ParNew: 36802K->4122K(37568K), 0.0014860 secs] 180635K->148980K(344180K), 0.0015230 secs] [Times: user=0.01 sys=0.00, real=0.00 secs] 
50.589: Total time for which application threads were stopped: 0.0016530 seconds, Stopping threads took: 0.0000680 seconds
50.646: Application time: 0.0566890 seconds
50.646: [GC50.646: [ParNew: 36901K->4114K(37568K), 0.0022620 secs] 181758K->152043K(344180K), 0.0023040 secs] [Times: user=0.02 sys=0.00, real=0.00 secs] 
50.648: Total time for which application threads were stopped: 0.0024550 seconds, Stopping threads took: 0.0000730 seconds
50.710: Application time: 0.0617670 seconds
50.710: [GC50.710: [ParNew: 37017K->4112K(37568K), 0.0022110 secs] 184947K->155113K(344180K), 0.0022600 secs] [Times: user=0.02 sys=0.00, real=0.00 secs] 
50.712: Total time for which application threads were stopped: 0.0024040 seconds, Stopping threads took: 0.0000740 seconds
50.774: Application time: 0.0614510 seconds
50.774: [GC50.774: [ParNew: 36939K->4134K(37568K), 0.0016380 secs] 187941K->156160K(344180K), 0.0016740 secs] [Times: user=0.01 sys=0.00, real=0.00 secs] 
50.776: Total time for which application threads were stopped: 0.0018200 seconds, Stopping threads took: 0.0000820 seconds
50.839: Application time: 0.0630930 seconds
50.839: [GC50.839: [ParNew: 36977K->4136K(37568K), 0.0015860 secs] 189003K->157186K(344180K), 0.0016240 secs] [Times: user=0.01 sys=0.00, real=0.00 secs] 
50.841: Total time for which application threads were stopped: 0.0017970 seconds, Stopping threads took: 0.0001080 seconds
50.900: Application time: 0.0599120 seconds
50.901: [GC50.901: [ParNew: 36938K->4151K(37568K), 0.0015510 secs] 189987K->158224K(344180K), 0.0015890 secs] [Times: user=0.01 sys=0.00, real=0.00 secs] 
50.902: Total time for which application threads were stopped: 0.0017480 seconds, Stopping threads took: 0.0000920 seconds
50.964: Application time: 0.0622720 seconds
50.965: [GC50.965: [ParNew: 37194K->4153K(37568K), 0.0018970 secs] 191268K->160335K(344180K), 0.0019340 secs] [Times: user=0.01 sys=0.00, real=0.00 secs] 
50.967: Total time for which application threads were stopped: 0.0020760 seconds, Stopping threads took: 0.0000770 seconds
51.023: Application time: 0.0561030 seconds
51.023: [GC51.023: [ParNew: 36893K->4159K(37568K), 0.0014760 secs] 193075K->160458K(344180K), 0.0015140 secs] [Times: user=0.01 sys=0.00, real=0.00 secs] 
51.024: Total time for which application threads were stopped: 0.0016410 seconds, Stopping threads took: 0.0000540 seconds
51.086: Application time: 0.0617060 seconds
51.086: [GC51.086: [ParNew: 37065K->4144K(37568K), 0.0018790 secs] 193365K->162513K(344180K), 0.0019150 secs] [Times: user=0.01 sys=0.00, real=0.00 secs] 
51.088: Total time for which application threads were stopped: 0.0020510 seconds, Stopping threads took: 0.0000720 seconds
51.151: Application time: 0.0633130 seconds
51.151: [GC51.151: [ParNew: 37073K->4132K(37568K), 0.0016160 secs] 195442K->163554K(344180K), 0.0016510 secs] [Times: user=0.01 sys=0.00, real=0.00 secs] 
51.153: Total time for which application threads were stopped: 0.0017780 seconds, Stopping threads took: 0.0000570 seconds
51.210: Application time: 0.0570770 seconds
51.210: [GC51.210: [ParNew: 37540K->4134K(37568K), 0.0012890 secs] 196962K->163556K(344180K), 0.0013220 secs] [Times: user=0.01 sys=0.00, real=0.00 secs] 
51.212: Total time for which application threads were stopped: 0.0014530 seconds, Stopping threads took: 0.0000680 seconds
51.272: Application time: 0.0605390 seconds
51.272: [GC51.272: [ParNew: 36827K->4113K(37568K), 0.0018930 secs] 196249K->165583K(344180K), 0.0019320 secs] [Times: user=0.02 sys=0.00, real=0.00 secs] 
51.274: Total time for which application threads were stopped: 0.0020850 seconds, Stopping threads took: 0.0000890 seconds
51.333: Application time: 0.0590730 seconds
51.333: [GC51.334: [ParNew: 36961K->4114K(37568K), 0.0022490 secs] 198431K->168656K(344180K), 0.0022910 secs] [Times: user=0.01 sys=0.00, real=0.00 secs] 
51.336: Total time for which application threads were stopped: 0.0024160 seconds, Stopping threads took: 0.0000570 seconds
51.395: Application time: 0.0589230 seconds
51.395: [GC51.395: [ParNew: 37007K->4112K(37568K), 0.0022560 secs] 201549K->171726K(344180K), 0.0022980 secs] [Times: user=0.01 sys=0.00, real=0.01 secs] 
51.397: Total time for which application threads were stopped: 0.0024570 seconds, Stopping threads took: 0.0000910 seconds
51.397: Application time: 0.0000540 seconds
51.397: [GC [1 CMS-initial-mark: 167614K(306612K)] 172750K(344180K), 0.0001130 secs] [Times: user=0.00 sys=0.00, real=0.00 secs] 
51.398: Total time for which application threads were stopped: 0.0003300 seconds, Stopping threads took: 0.0001820 seconds
51.398: [CMS-concurrent-mark-start]
51.401: [CMS-concurrent-mark: 0.004/0.004 secs] [Times: user=0.02 sys=0.00, real=0.00 secs] 
51.401: [CMS-concurrent-preclean-start]
51.402: [CMS-concurrent-preclean: 0.001/0.001 secs] [Times: user=0.00 sys=0.00, real=0.00 secs] 
51.402: Application time: 0.0041530 seconds
51.402: [GC[YG occupancy: 5220 K (37568 K)]51.402: [Rescan (parallel) , 0.0001860 secs]51.402: [weak refs processing, 0.0000060 secs]51.402: [scrub string table, 0.0001080 secs] [1 CMS-remark: 167614K(306612K)] 172834K(344180K), 0.0003280 secs] [Times: user=0.00 sys=0.00, real=0.00 secs] 
51.402: Total time for which application threads were stopped: 0.0004060 seconds, Stopping threads took: 0.0000530 seconds
51.402: [CMS-concurrent-sweep-start]
51.403: [CMS-concurrent-sweep: 0.001/0.001 secs] [Times: user=0.01 sys=0.00, real=0.00 secs] 
51.403: [CMS-concurrent-reset-start]
51.406: [CMS-concurrent-reset: 0.003/0.003 secs] [Times: user=0.01 sys=0.00, real=0.01 secs] 
51.464: Application time: 0.0620620 seconds
51.464: [GC51.464: [ParNew: 37113K->4138K(37568K), 0.0013030 secs] 43716K->10740K(344180K), 0.0013390 secs] [Times: user=0.01 sys=0.00, real=0.00 secs] 
51.466: Total time for which application threads were stopped: 0.0014930 seconds, Stopping threads took: 0.0000900 seconds
51.527: Application time: 0.0611030 seconds
51.527: [GC51.527: [ParNew: 36847K->4149K(37568K), 0.0016370 secs] 43449K->11775K(344180K), 0.0016760 secs] [Times: user=0.01 sys=0.00, real=0.00 secs] 
51.529: Total time for which application threads were stopped: 0.0018260 seconds, Stopping threads took: 0.0000830 seconds
51.589: Application time: 0.0608460 seconds
51.590: [GC51.590: [ParNew: 37015K->4144K(37568K), 0.0014940 secs] 44642K->11771K(344180K), 0.0015330 secs] [Times: user=0.01 sys=0.00, real=0.00 secs] 
51.591: Total time for which application threads were stopped: 0.0016550 seconds, Stopping threads took: 0.0000540 seconds
51.656: Application time: 0.0646530 seconds
51.656: [GC51.656: [ParNew: 37405K->4159K(37568K), 0.0013980 secs] 45031K->11874K(344180K), 0.0014330 secs] [Times: user=0.01 sys=0.00, real=0.01 secs] 
51.657: Total time for which application threads were stopped: 0.0015930 seconds, Stopping threads took: 0.0000880 seconds
51.714: Application time: 0.0565850 seconds
51.714: [GC51.714: [ParNew: 36843K->4159K(37568K), 0.0015240 secs] 44558K->11947K(344180K), 0.0015580 secs] [Times: user=0.01 sys=0.00, real=0.00 secs] 
51.716: Total time for which application threads were stopped: 0.0016800 seconds, Stopping threads took: 0.0000590 seconds
51.775: Application time: 0.0589120 seconds
51.775: [GC51.775: [ParNew: 36949K->4152K(37568K), 0.0021310 secs] 44737K->14030K(344180K), 0.0021700 secs] [Times: user=0.02 sys=0.00, real=0.01 secs] 
51.777: Total time for which application threads were stopped: 0.0024020 seconds, Stopping threads took: 0.0001610 seconds
51.842: Application time: 0.0651910 seconds
51.842: [GC51.842: [ParNew: 37120K->3133K(37568K), 0.0011150 secs] 46998K->13039K(344180K), 0.0011470 secs] [Times: user=0.01 sys=0.00, real=0.00 secs] 
51.843: Total time for which application threads were stopped: 0.0012610 seconds, Stopping threads took: 0.0000540 seconds
51.904: Application time: 0.0602180 seconds
51.904: [GC51.904: [ParNew: 36541K->4150K(37568K), 0.0012270 secs] 46447K->14056K(344180K), 0.0012640 secs] [Times: user=0.01 sys=0.00, real=0.01 secs] 
51.905: Total time for which application threads were stopped: 0.0013930 seconds, Stopping threads took: 0.0000660 seconds
51.963: Application time: 0.0583610 seconds
51.964: [GC51.964: [ParNew: 36681K->4120K(37568K), 0.0012590 secs] 46587K->14026K(344180K), 0.0012930 secs] [Times: user=0.01 sys=0.00, real=0.01 secs] 
51.965: Total time for which application threads were stopped: 0.0014200 seconds, Stopping threads took: 0.0000690 seconds
52.020: Application time: 0.0548430 seconds
52.020: [GC52.020: [ParNew: 36851K->4112K(37568K), 0.0022610 secs] 46757K->17090K(344180K), 0.0023130 secs] [Times: user=0.02 sys=0.00, real=0.00 secs] 
52.022: Total time for which application threads were stopped: 0.0024790 seconds, Stopping threads took: 0.0000970 seconds
52.083: Application time: 0.0609100 seconds
52.083: [GC52.083: [ParNew: 37062K->4114K(37568K), 0.0022890 secs] 50040K->20164K(344180K), 0.0023320 secs] [Times: user=0.02 sys=0.00, real=0.01 secs] 
52.086: Total time for which application threads were stopped: 0.0024890 seconds, Stopping threads took: 0.0000850 seconds
52.151: Application time: 0.0655470 seconds
52.151: [GC52.151: [ParNew: 37098K->4148K(37568K), 0.0015730 secs] 53149K->21222K(344180K), 0.0016100 secs] [Times: user=0.02 sys=0.00, real=0.00 secs] 
52.153: Total time for which application threads were stopped: 0.0017490 seconds, Stopping threads took: 0.0000710 seconds
52.216: Application time: 0.0631380 seconds
52.220: [GC52.220: [ParNew: 36981K->3107K(37568K), 0.0010170 secs] 54055K->20181K(344180K), 0.0010490 secs] [Times: user=0.01 sys=0.00, real=0.00 secs] 
52.221: Total time for which application threads were stopped: 0.0054700 seconds, Stopping threads took: 0.0043550 seconds
52.278: Application time: 0.0568610 seconds
52.278: [GC52.278: [ParNew: 35543K->4150K(37568K), 0.0013250 secs] 52618K->21225K(344180K), 0.0013630 secs] [Times: user=0.01 sys=0.00, real=0.00 secs] 
52.280: Total time for which application threads were stopped: 0.0015050 seconds, Stopping threads took: 0.0000800 seconds
52.343: Application time: 0.0630440 seconds
52.343: [GC52.343: [ParNew: 37284K->4158K(37568K), 0.0018170 secs] 54359K->23325K(344180K), 0.0018550 secs] [Times: user=0.01 sys=0.00, real=0.01 secs] 
52.345: Total time for which application threads were stopped: 0.0019790 seconds, Stopping threads took: 0.0000640 seconds
52.401: Application time: 0.0556680 seconds
52.401: [GC52.401: [ParNew: 37160K->4159K(37568K), 0.0021170 secs] 56327K->25484K(344180K), 0.0021530 secs] [Times: user=0.02 sys=0.00, real=0.00 secs] 
52.403: Total time for which application threads were stopped: 0.0023200 seconds, Stopping threads took: 0.0001030 seconds
52.465: Application time: 0.0617880 seconds
52.465: [GC52.465: [ParNew: 37090K->4156K(37568K), 0.0020090 secs] 58414K->27574K(344180K), 0.0020470 secs] [Times: user=0.02 sys=0.00, real=0.00 secs] 
52.467: Total time for which application threads were stopped: 0.0022010 seconds, Stopping threads took: 0.0000880 seconds
52.531: Application time: 0.0645640 seconds
52.532: [GC52.532: [ParNew: 37066K->4148K(37568K), 0.0016240 secs] 60484K->28619K(344180K), 0.0016640 secs] [Times: user=0.01 sys=0.00, real=0.00 secs] 
52.533: Total time for which application threads were stopped: 0.0017920 seconds, Stopping threads took: 0.0000620 seconds
52.592: Application time: 0.0589130 seconds
52.592: [GC52.592: [ParNew: 37556K->4122K(37568K), 0.0013200 secs] 62027K->28593K(344180K), 0.0013570 secs] [Times: user=0.01 sys=0.01, real=0.00 secs] 
52.594: Total time for which application threads were stopped: 0.0014850 seconds, Stopping threads took: 0.0000620 seconds
52.651: Application time: 0.0577230 seconds
52.651: [GC52.651: [ParNew: 36657K->4122K(37568K), 0.0018310 secs] 61129K->30641K(344180K), 0.0018700 secs] [Times: user=0.01 sys=0.00, real=0.00 secs] 
52.653: Total time for which application threads were stopped: 0.0020190 seconds, Stopping threads took: 0.0000860 seconds
52.713: Application time: 0.0598930 seconds
52.713: [GC52.713: [ParNew: 36994K->4118K(37568K), 0.0022080 secs] 63513K->33709K(344180K), 0.0022460 secs] [Times: user=0.02 sys=0.00, real=0.00 secs] 
52.716: Total time for which application threads were stopped: 0.0023710 seconds, Stopping threads took: 0.0000610 seconds
52.776: Application time: 0.0602630 seconds
52.776: [GC52.776: [ParNew: 37006K->4130K(37568K), 0.0019310 secs] 66597K->35769K(344180K), 0.0019740 secs] [Times: user=0.01 sys=0.00, real=0.01 secs] 
52.778: Total time for which application threads were stopped: 0.0021290 seconds, Stopping threads took: 0.0000770 seconds
52.842: Application time: 0.0638280 seconds
52.842: [GC52.842: [ParNew: 37084K->4147K(37568K), 0.0016030 secs] 68723K->36810K(344180K), 0.0016490 secs] [Times: user=0.01 sys=0.00, real=0.00 secs] 
52.844: Total time for which application threads were stopped: 0.0017760 seconds, Stopping threads took: 0.0000600 seconds
52.903: Application time: 0.0595980 seconds
52.904: [GC52.904: [ParNew: 36745K->4137K(37568K), 0.0014980 secs] 69408K->36801K(344180K), 0.0015290 secs] [Times: user=0.01 sys=0.00, real=0.00 secs] 
52.906: Total time for which application threads were stopped: 0.0028000 seconds, Stopping threads took: 0.0011890 seconds
52.966: Application time: 0.0600560 seconds
52.966: [GC52.966: [ParNew: 36776K->4146K(37568K), 0.0017150 secs] 69439K->37833K(344180K), 0.0017560 secs] [Times: user=0.01 sys=0.00, real=0.00 secs] 
52.968: Total time for which application threads were stopped: 0.0018800 seconds, Stopping threads took: 0.0000580 seconds
53.025: Application time: 0.0574190 seconds
53.026: [GC53.026: [ParNew: 37037K->4159K(37568K), 0.0019650 secs] 70724K->39923K(344180K), 0.0020000 secs] [Times: user=0.02 sys=0.00, real=0.00 secs] 
53.028: Total time for which application threads were stopped: 0.0021750 seconds, Stopping threads took: 0.0001110 seconds
53.090: Application time: 0.0626290 seconds
53.090: [GC53.090: [ParNew: 37548K->4158K(37568K), 0.0019070 secs] 73312K->42099K(344180K), 0.0019480 secs] [Times: user=0.01 sys=0.00, real=0.00 secs] 
53.092: Total time for which application threads were stopped: 0.0020700 seconds, Stopping threads took: 0.0000560 seconds
53.155: Application time: 0.0623890 seconds
53.155: [GC53.155: [ParNew: 37138K->4144K(37568K), 0.0019310 secs] 75078K->44175K(344180K), 0.0019700 secs] [Times: user=0.01 sys=0.00, real=0.01 secs] 
53.157: Total time for which application threads were stopped: 0.0020950 seconds, Stopping threads took: 0.0000580 seconds
53.216: Application time: 0.0594770 seconds
53.216: [GC53.216: [ParNew: 36763K->4158K(37568K), 0.0014310 secs] 76794K->44220K(344180K), 0.0014660 secs] [Times: user=0.01 sys=0.00, real=0.00 secs] 
53.218: Total time for which application threads were stopped: 0.0016290 seconds, Stopping threads took: 0.0000960 seconds
53.282: Application time: 0.0640920 seconds
53.282: [GC53.282: [ParNew: 36892K->4134K(37568K), 0.0012460 secs] 76953K->44195K(344180K), 0.0012770 secs] [Times: user=0.01 sys=0.00, real=0.00 secs] 
53.283: Total time for which application threads were stopped: 0.0013920 seconds, Stopping threads took: 0.0000540 seconds
53.339: Application time: 0.0558420 seconds
53.339: [GC53.339: [ParNew: 36639K->4118K(37568K), 0.0019160 secs] 76700K->46227K(344180K), 0.0019550 secs] [Times: user=0.01 sys=0.00, real=0.00 secs] 
53.341: Total time for which application threads were stopped: 0.0020790 seconds, Stopping threads took: 0.0000580 seconds
53.401: Application time: 0.0592670 seconds
53.401: [GC53.401: [ParNew: 36812K->4123K(37568K), 0.0016130 secs] 78921K->47256K(344180K), 0.0016490 secs] [Times: user=0.01 sys=0.00, real=0.00 secs] 
53.402: Total time for which application threads were stopped: 0.0018000 seconds, Stopping threads took: 0.0000870 seconds
53.463: Application time: 0.0609390 seconds
53.463: [GC53.463: [ParNew: 36814K->4135K(37568K), 0.0016630 secs] 79947K->48292K(344180K), 0.0016990 secs] [Times: user=0.01 sys=0.00, real=0.01 secs] 
53.465: Total time for which application threads were stopped: 0.0018640 seconds, Stopping threads took: 0.0001000 seconds
53.524: Application time: 0.0590200 seconds
53.524: [GC53.524: [ParNew: 36793K->4114K(37568K), 0.0019010 secs] 80950K->50320K(344180K), 0.0019400 secs] [Times: user=0.02 sys=0.00, real=0.01 secs] 
53.526: Total time for which application threads were stopped: 0.0020840 seconds, Stopping threads took: 0.0000730 seconds
53.587: Application time: 0.0607050 seconds
53.587: [GC53.587: [ParNew: 36917K->4132K(37568K), 0.0019790 secs] 83123K->52385K(344180K), 0.0020280 secs] [Times: user=0.02 sys=0.00, real=0.00 secs] 
53.591: Total time for which application threads were stopped: 0.0036920 seconds, Stopping threads took: 0.0000580 seconds
53.650: Application time: 0.0591150 seconds
53.650: [GC53.650: [ParNew: 36975K->4146K(37568K), 0.0019240 secs] 85229K->54447K(344180K), 0.0019680 secs] [Times: user=0.01 sys=0.00, real=0.00 secs] 
53.652: Total time for which application threads were stopped: 0.0020920 seconds, Stopping threads took: 0.0000570 seconds
53.713: Application time: 0.0607260 seconds
53.713: [GC53.713: [ParNew: 37146K->4140K(37568K), 0.0022160 secs] 87448K->57542K(344180K), 0.0022560 secs] [Times: user=0.02 sys=0.00, real=0.00 secs] 
53.715: Total time for which application threads were stopped: 0.0024170 seconds, Stopping threads took: 0.0000930 seconds
53.779: Application time: 0.0636350 seconds
53.779: [GC53.779: [ParNew: 37548K->4158K(37568K), 0.0017570 secs] 90950K->58743K(344180K), 0.0017940 secs] [Times: user=0.01 sys=0.00, real=0.00 secs] 
53.781: Total time for which application threads were stopped: 0.0019250 seconds, Stopping threads took: 0.0000640 seconds
53.842: Application time: 0.0615060 seconds
53.842: [GC53.842: [ParNew: 36892K->3156K(37568K), 0.0012860 secs] 91476K->57755K(344180K), 0.0013150 secs] [Times: user=0.01 sys=0.00, real=0.00 secs] 
53.844: Total time for which application threads were stopped: 0.0014400 seconds, Stopping threads took: 0.0000580 seconds
53.902: Application time: 0.0587730 seconds
53.902: [GC53.902: [ParNew: 35581K->4136K(37568K), 0.0013170 secs] 90179K->58763K(344180K), 0.0013500 secs] [Times: user=0.01 sys=0.00, real=0.00 secs] 
53.904: Total time for which application threads were stopped: 0.0014780 seconds, Stopping threads took: 0.0000710 seconds
53.959: Application time: 0.0552940 seconds
53.960: [GC53.960: [ParNew: 36773K->4112K(37568K), 0.0022830 secs] 91400K->61811K(344180K), 0.0023260 secs] [Times: user=0.02 sys=0.00, real=0.00 secs] 
53.963: Total time for which application threads were stopped: 0.0036770 seconds, Stopping threads took: 0.0012830 seconds
54.023: Application time: 0.0607350 seconds
54.024: [GC54.024: [ParNew: 36970K->4134K(37568K), 0.0019830 secs] 94669K->63881K(344180K), 0.0020270 secs] [Times: user=0.02 sys=0.00, real=0.01 secs] 
54.026: Total time for which application threads were stopped: 0.0021800 seconds, Stopping threads took: 0.0000820 seconds
54.089: Application time: 0.0635160 seconds
54.089: [GC54.089: [ParNew: 37007K->4116K(37568K), 0.0015940 secs] 96754K->64888K(344180K), 0.0016310 secs] [Times: user=0.02 sys=0.00, real=0.00 secs] 
54.091: Total time for which application threads were stopped: 0.0017650 seconds, Stopping threads took: 0.0000670 seconds
54.153: Application time: 0.0615760 seconds
54.153: [GC54.153: [ParNew: 36929K->4134K(37568K), 0.0015470 secs] 97700K->65929K(344180K), 0.0015850 secs] [Times: user=0.02 sys=0.00, real=0.00 secs] 
54.154: Total time for which application threads were stopped: 0.0017100 seconds, Stopping threads took: 0.0000580 seconds
54.214: Application time: 0.0593970 seconds
54.214: [GC54.214: [ParNew: 36745K->4133K(37568K), 0.0016490 secs] 98540K->66952K(344180K), 0.0016830 secs] [Times: user=0.01 sys=0.00, real=0.00 secs] 
54.215: Total time for which application threads were stopped: 0.0018040 seconds, Stopping threads took: 0.0000580 seconds
54.275: Application time: 0.0594150 seconds
54.275: [GC54.275: [ParNew: 36760K->4136K(37568K), 0.0016470 secs] 99579K->67979K(344180K), 0.0016840 secs] [Times: user=0.01 sys=0.00, real=0.01 secs] 
54.277: Total time for which application threads were stopped: 0.0018130 seconds, Stopping threads took: 0.0000660 seconds
54.337: Application time: 0.0599300 seconds
54.337: [GC54.337: [ParNew: 37028K->4146K(37568K), 0.0020430 secs] 100872K->70037K(344180K), 0.0020850 secs] [Times: user=0.01 sys=0.00, real=0.00 secs] 
54.339: Total time for which application threads were stopped: 0.0022100 seconds, Stopping threads took: 0.0000570 seconds
54.401: Application time: 0.0625310 seconds
54.401: [GC54.402: [ParNew: 37144K->4143K(37568K), 0.0019200 secs] 103036K->72111K(344180K), 0.0019590 secs] [Times: user=0.01 sys=0.00, real=0.00 secs] 
54.403: Total time for which application threads were stopped: 0.0021060 seconds, Stopping threads took: 0.0000710 seconds
54.465: Application time: 0.0614940 seconds
54.465: [GC54.465: [ParNew: 37391K->4158K(37568K), 0.0016280 secs] 105359K->73295K(344180K), 0.0016760 secs] [Times: user=0.01 sys=0.00, real=0.00 secs] 
54.467: Total time for which application threads were stopped: 0.0017980 seconds, Stopping threads took: 0.0000550 seconds
54.526: Application time: 0.0594140 seconds
54.526: [GC54.526: [ParNew: 36813K->4158K(37568K), 0.0013670 secs] 105950K->73340K(344180K), 0.0014040 secs] [Times: user=0.01 sys=0.00, real=0.00 secs] 
54.528: Total time for which application threads were stopped: 0.0015370 seconds, Stopping threads took: 0.0000700 seconds
54.589: Application time: 0.0615660 seconds
54.589: [GC54.589: [ParNew: 37012K->4146K(37568K), 0.0014000 secs] 106195K->73341K(344180K), 0.0014380 secs] [Times: user=0.01 sys=0.00, real=0.00 secs] 
54.591: Total time for which application threads were stopped: 0.0015660 seconds, Stopping threads took: 0.0000640 seconds
54.649: Application time: 0.0581780 seconds
54.649: [GC54.649: [ParNew: 36672K->4136K(37568K), 0.0011970 secs] 105867K->73331K(344180K), 0.0012350 secs] [Times: user=0.00 sys=0.00, real=0.00 secs] 
54.650: Total time for which application threads were stopped: 0.0013790 seconds, Stopping threads took: 0.0000800 seconds
54.709: Application time: 0.0581810 seconds
54.709: [GC54.709: [ParNew: 36836K->4116K(37568K), 0.0019360 secs] 106030K->75359K(344180K), 0.0019760 secs] [Times: user=0.01 sys=0.00, real=0.00 secs] 
54.711: Total time for which application threads were stopped: 0.0021090 seconds, Stopping threads took: 0.0000630 seconds
54.773: Application time: 0.0621860 seconds
54.773: [GC54.773: [ParNew: 36990K->4128K(37568K), 0.0019530 secs] 108233K->77419K(344180K), 0.0019880 secs] [Times: user=0.01 sys=0.00, real=0.00 secs] 
54.775: Total time for which application threads were stopped: 0.0021250 seconds, Stopping threads took: 0.0000760 seconds
54.834: Application time: 0.0592490 seconds
54.834: [GC54.834: [ParNew: 36901K->4117K(37568K), 0.0016750 secs] 110192K->78432K(344180K), 0.0017100 secs] [Times: user=0.01 sys=0.00, real=0.00 secs] 
54.836: Total time for which application threads were stopped: 0.0018980 seconds, Stopping threads took: 0.0001260 seconds
54.899: Application time: 0.0630920 seconds
54.900: [GC54.900: [ParNew: 37077K->4129K(37568K), 0.0016570 secs] 111392K->79467K(344180K), 0.0016920 secs] [Times: user=0.01 sys=0.00, real=0.00 secs] 
54.902: Total time for which application threads were stopped: 0.0028450 seconds, Stopping threads took: 0.0010890 seconds
54.962: Application time: 0.0595370 seconds
54.962: [GC54.962: [ParNew: 36653K->4130K(37568K), 0.0016970 secs] 111992K->80493K(344180K), 0.0017330 secs] [Times: user=0.01 sys=0.00, real=0.00 secs] 
54.964: Total time for which application threads were stopped: 0.0018750 seconds, Stopping threads took: 0.0000680 seconds
55.025: Application time: 0.0615660 seconds
55.025: [GC55.025: [ParNew: 36951K->4159K(37568K), 0.0012720 secs] 113314K->80526K(344180K), 0.0013060 secs] [Times: user=0.01 sys=0.00, real=0.00 secs] 
55.027: Total time for which application threads were stopped: 0.0014300 seconds, Stopping threads took: 0.0000650 seconds
55.085: Application time: 0.0585210 seconds
55.085: [GC55.085: [ParNew: 36916K->4158K(37568K), 0.0016960 secs] 113283K->81574K(344180K), 0.0017370 secs] [Times: user=0.01 sys=0.00, real=0.00 secs] 
55.087: Total time for which application threads were stopped: 0.0018630 seconds, Stopping threads took: 0.0000580 seconds
55.148: Application time: 0.0609740 seconds
55.148: [GC55.148: [ParNew: 37374K->4158K(37568K), 0.0019640 secs] 114790K->83738K(344180K), 0.0020050 secs] [Times: user=0.01 sys=0.00, real=0.00 secs] 
55.150: Total time for which application threads were stopped: 0.0021370 seconds, Stopping threads took: 0.0000630 seconds
55.209: Application time: 0.0590500 seconds
55.209: [GC55.209: [ParNew: 36963K->3169K(37568K), 0.0012910 secs] 116543K->82776K(344180K), 0.0013260 secs] [Times: user=0.00 sys=0.00, real=0.00 secs] 
55.211: Total time for which application threads were stopped: 0.0014650 seconds, Stopping threads took: 0.0000650 seconds
55.272: Application time: 0.0610670 seconds
55.272: [GC55.272: [ParNew: 35851K->4118K(37568K), 0.0015900 secs] 115458K->84805K(344180K), 0.0016290 secs] [Times: user=0.01 sys=0.00, real=0.00 secs] 
55.273: Total time for which application threads were stopped: 0.0017710 seconds, Stopping threads took: 0.0000760 seconds
55.332: Application time: 0.0590920 seconds
55.333: [GC55.333: [ParNew: 36782K->4130K(37568K), 0.0018520 secs] 117470K->86865K(344180K), 0.0018890 secs] [Times: user=0.01 sys=0.00, real=0.00 secs] 
55.334: Total time for which application threads were stopped: 0.0020140 seconds, Stopping threads took: 0.0000610 seconds
55.394: Application time: 0.0591630 seconds
55.394: [GC55.394: [ParNew: 36921K->4112K(37568K), 0.0019590 secs] 119657K->88895K(344180K), 0.0019970 secs] [Times: user=0.02 sys=0.00, real=0.00 secs] 
55.396: Total time for which application threads were stopped: 0.0021330 seconds, Stopping threads took: 0.0000720 seconds
55.456: Application time: 0.0604010 seconds
55.456: [GC55.456: [ParNew: 36730K->4114K(37568K), 0.0018970 secs] 121514K->90945K(344180K), 0.0019340 secs] [Times: user=0.01 sys=0.00, real=0.00 secs] 
55.458: Total time for which application threads were stopped: 0.0020950 seconds, Stopping threads took: 0.0000950 seconds
55.518: Application time: 0.0592960 seconds
55.518: [GC55.518: [ParNew: 37005K->4115K(37568K), 0.0022510 secs] 123837K->94019K(344180K), 0.0022920 secs] [Times: user=0.01 sys=0.00, real=0.00 secs] 
55.520: Total time for which application threads were stopped: 0.0024620 seconds, Stopping threads took: 0.0000920 seconds
55.582: Application time: 0.0620180 seconds
55.582: [GC55.582: [ParNew: 36967K->4129K(37568K), 0.0016680 secs] 126871K->95057K(344180K), 0.0017080 secs] [Times: user=0.01 sys=0.00, real=0.00 secs] 
55.584: Total time for which application threads were stopped: 0.0018620 seconds, Stopping threads took: 0.0000860 seconds
55.647: Application time: 0.0626830 seconds
55.647: [GC55.647: [ParNew: 36912K->4137K(37568K), 0.0013490 secs] 127839K->95065K(344180K), 0.0013800 secs] [Times: user=0.01 sys=0.00, real=0.00 secs] 
55.648: Total time for which application threads were stopped: 0.0015020 seconds, Stopping threads took: 0.0000610 seconds
55.706: Application time: 0.0579640 seconds
55.706: [GC55.706: [ParNew: 36728K->4148K(37568K), 0.0015980 secs] 127656K->96099K(344180K), 0.0016380 secs] [Times: user=0.01 sys=0.00, real=0.00 secs] 
55.708: Total time for which application threads were stopped: 0.0017710 seconds, Stopping threads took: 0.0000670 seconds
55.769: Application time: 0.0616050 seconds
55.770: [GC55.770: [ParNew: 37106K->4140K(37568K), 0.0021190 secs] 129057K->99192K(344180K), 0.0021580 secs] [Times: user=0.02 sys=0.00, real=0.00 secs] 
55.772: Total time for which application threads were stopped: 0.0022820 seconds, Stopping threads took: 0.0000570 seconds
55.831: Application time: 0.0587640 seconds
55.831: [GC55.831: [ParNew: 37245K->4159K(37568K), 0.0017290 secs] 132297K->100332K(344180K), 0.0017680 secs] [Times: user=0.02 sys=0.00, real=0.00 secs] 
55.832: Total time for which application threads were stopped: 0.0019590 seconds, Stopping threads took: 0.0001250 seconds
55.891: Application time: 0.0588570 seconds
55.891: [GC55.891: [ParNew: 37008K->4154K(37568K), 0.0020550 secs] 133181K->102437K(344180K), 0.0020990 secs] [Times: user=0.01 sys=0.00, real=0.00 secs] 
55.894: Total time for which application threads were stopped: 0.0022330 seconds, Stopping threads took: 0.0000630 seconds
55.955: Application time: 0.0616250 seconds
55.955: [GC55.955: [ParNew: 36964K->4138K(37568K), 0.0018150 secs] 135247K->103486K(344180K), 0.0018560 secs] [Times: user=0.01 sys=0.00, real=0.01 secs] 
55.957: Total time for which application threads were stopped: 0.0019910 seconds, Stopping threads took: 0.0000670 seconds
56.020: Application time: 0.0625420 seconds
56.020: [GC56.020: [ParNew: 36950K->4140K(37568K), 0.0013520 secs] 136298K->103488K(344180K), 0.0013950 secs] [Times: user=0.01 sys=0.00, real=0.00 secs] 
56.021: Total time for which application threads were stopped: 0.0015570 seconds, Stopping threads took: 0.0000880 seconds
56.078: Application time: 0.0570630 seconds
56.078: [GC56.079: [ParNew: 37548K->4115K(37568K), 0.0015620 secs] 136896K->104487K(344180K), 0.0015980 secs] [Times: user=0.01 sys=0.00, real=0.00 secs] 
56.080: Total time for which application threads were stopped: 0.0017500 seconds, Stopping threads took: 0.0000860 seconds
56.141: Application time: 0.0610370 seconds
56.141: [GC56.141: [ParNew: 36966K->4112K(37568K), 0.0022460 secs] 137338K->107556K(344180K), 0.0022880 secs] [Times: user=0.02 sys=0.00, real=0.00 secs] 
56.144: Total time for which application threads were stopped: 0.0024540 seconds, Stopping threads took: 0.0001000 seconds
56.201: Application time: 0.0577720 seconds
56.202: [GC56.202: [ParNew: 36850K->4132K(37568K), 0.0019570 secs] 140294K->109624K(344180K), 0.0019960 secs] [Times: user=0.02 sys=0.00, real=0.00 secs] 
56.204: Total time for which application threads were stopped: 0.0021380 seconds, Stopping threads took: 0.0000750 seconds
56.268: Application time: 0.0647130 seconds
56.268: [GC56.268: [ParNew: 37069K->4128K(37568K), 0.0017210 secs] 142561K->110644K(344180K), 0.0017610 secs] [Times: user=0.01 sys=0.00, real=0.00 secs] 
56.270: Total time for which application threads were stopped: 0.0019460 seconds, Stopping threads took: 0.0001140 seconds
56.330: Application time: 0.0598000 seconds
56.330: [GC56.330: [ParNew: 36838K->4133K(37568K), 0.0015810 secs] 143354K->111673K(344180K), 0.0016200 secs] [Times: user=0.01 sys=0.00, real=0.00 secs] 
56.332: Total time for which application threads were stopped: 0.0017500 seconds, Stopping threads took: 0.0000640 seconds
56.392: Application time: 0.0603340 seconds
56.392: [GC56.392: [ParNew: 36957K->4144K(37568K), 0.0017080 secs] 144497K->112708K(344180K), 0.0017440 secs] [Times: user=0.01 sys=0.01, real=0.00 secs] 
56.394: Total time for which application threads were stopped: 0.0018710 seconds, Stopping threads took: 0.0000660 seconds
56.453: Application time: 0.0593220 seconds
56.453: [GC56.453: [ParNew: 36940K->4144K(37568K), 0.0016310 secs] 145504K->113776K(344180K), 0.0016730 secs] [Times: user=0.01 sys=0.00, real=0.00 secs] 
56.455: Total time for which application threads were stopped: 0.0018400 seconds, Stopping threads took: 0.0000980 seconds
56.522: Application time: 0.0672290 seconds
56.523: [GC56.523: [ParNew: 37552K->4158K(37568K), 0.0020000 secs] 147184K->114939K(344180K), 0.0020650 secs] [Times: user=0.02 sys=0.00, real=0.01 secs] 
56.525: Total time for which application threads were stopped: 0.0022720 seconds, Stopping threads took: 0.0000840 seconds
56.590: Application time: 0.0658150 seconds
56.592: [GC56.592: [ParNew: 37129K->4156K(37568K), 0.0020970 secs] 147910K->117016K(344180K), 0.0021370 secs] [Times: user=0.02 sys=0.00, real=0.00 secs] 
56.595: Total time for which application threads were stopped: 0.0041190 seconds, Stopping threads took: 0.0019120 seconds
56.659: Application time: 0.0646410 seconds
56.660: [GC56.660: [ParNew: 37073K->3129K(37568K), 0.0012320 secs] 149933K->116017K(344180K), 0.0012680 secs] [Times: user=0.01 sys=0.00, real=0.00 secs] 
56.662: Total time for which application threads were stopped: 0.0024980 seconds, Stopping threads took: 0.0011670 seconds
56.722: Application time: 0.0601180 seconds
56.722: [GC56.722: [ParNew: 36537K->4142K(37568K), 0.0013390 secs] 149425K->117031K(344180K), 0.0013720 secs] [Times: user=0.01 sys=0.00, real=0.00 secs] 
56.723: Total time for which application threads were stopped: 0.0015270 seconds, Stopping threads took: 0.0000920 seconds
56.784: Application time: 0.0602930 seconds
56.784: [GC56.784: [ParNew: 36726K->4115K(37568K), 0.0016410 secs] 149615K->118027K(344180K), 0.0016770 secs] [Times: user=0.01 sys=0.00, real=0.01 secs] 
56.785: Total time for which application threads were stopped: 0.0018370 seconds, Stopping threads took: 0.0000950 seconds
56.840: Application time: 0.0545150 seconds
56.840: [GC56.840: [ParNew: 37523K->4116K(37568K), 0.0019770 secs] 151435K->120076K(344180K), 0.0020250 secs] [Times: user=0.02 sys=0.00, real=0.00 secs] 
56.842: Total time for which application threads were stopped: 0.0021610 seconds, Stopping threads took: 0.0000720 seconds
56.906: Application time: 0.0642760 seconds
56.907: [GC56.907: [ParNew: 37081K->4116K(37568K), 0.0019030 secs] 153041K->122124K(344180K), 0.0019490 secs] [Times: user=0.01 sys=0.00, real=0.00 secs] 
56.909: Total time for which application threads were stopped: 0.0021120 seconds, Stopping threads took: 0.0000950 seconds
56.970: Application time: 0.0610970 seconds
56.970: [GC56.970: [ParNew: 37011K->4113K(37568K), 0.0019220 secs] 155019K->124169K(344180K), 0.0019590 secs] [Times: user=0.01 sys=0.00, real=0.00 secs] 
56.972: Total time for which application threads were stopped: 0.0022470 seconds, Stopping threads took: 0.0002200 seconds
57.030: Application time: 0.0582880 seconds
57.030: [GC57.030: [ParNew: 36637K->4120K(37568K), 0.0016960 secs] 156694K->125200K(344180K), 0.0017310 secs] [Times: user=0.01 sys=0.00, real=0.00 secs] 
57.032: Total time for which application threads were stopped: 0.0018740 seconds, Stopping threads took: 0.0000690 seconds
57.095: Application time: 0.0628570 seconds
57.095: [GC57.095: [ParNew: 37106K->4147K(37568K), 0.0013510 secs] 158186K->125227K(344180K), 0.0013880 secs] [Times: user=0.01 sys=0.00, real=0.01 secs] 
57.096: Total time for which application threads were stopped: 0.0015240 seconds, Stopping threads took: 0.0000730 seconds
57.154: Application time: 0.0578330 seconds
57.154: [GC57.154: [ParNew: 37043K->4140K(37568K), 0.0022030 secs] 158123K->128321K(344180K), 0.0022430 secs] [Times: user=0.02 sys=0.00, real=0.01 secs] 
57.157: Total time for which application threads were stopped: 0.0023770 seconds, Stopping threads took: 0.0000640 seconds
57.221: Application time: 0.0641190 seconds
57.221: [GC57.221: [ParNew: 37510K->4156K(37568K), 0.0022500 secs] 161691K->131505K(344180K), 0.0022900 secs] [Times: user=0.01 sys=0.00, real=0.00 secs] 
57.223: Total time for which application threads were stopped: 0.0024520 seconds, Stopping threads took: 0.0000960 seconds
57.284: Application time: 0.0606930 seconds
57.284: [GC57.284: [ParNew: 37241K->4152K(37568K), 0.0020110 secs] 164591K->133612K(344180K), 0.0020520 secs] [Times: user=0.01 sys=0.00, real=0.01 secs] 
57.286: Total time for which application threads were stopped: 0.0022080 seconds, Stopping threads took: 0.0000850 seconds
57.351: Application time: 0.0650110 seconds
57.351: [GC57.351: [ParNew: 37134K->4158K(37568K), 0.0014690 secs] 166594K->133660K(344180K), 0.0015020 secs] [Times: user=0.01 sys=0.00, real=0.00 secs] 
57.353: Total time for which application threads were stopped: 0.0016370 seconds, Stopping threads took: 0.0000710 seconds
57.418: Application time: 0.0656010 seconds
57.419: [GC57.419: [ParNew: 37088K->1099K(37568K), 0.0006970 secs] 166590K->130602K(344180K), 0.0007290 secs] [Times: user=0.00 sys=0.00, real=0.00 secs] 
57.419: Total time for which application threads were stopped: 0.0008510 seconds, Stopping threads took: 0.0000610 seconds
57.478: Application time: 0.0582480 seconds
57.478: [GC57.478: [ParNew: 34323K->3096K(37568K), 0.0009790 secs] 163825K->132598K(344180K), 0.0010140 secs] [Times: user=0.01 sys=0.00, real=0.00 secs] 
57.479: Total time for which application threads were stopped: 0.0011460 seconds, Stopping threads took: 0.0000690 seconds
57.539: Application time: 0.0598930 seconds
57.539: [GC57.539: [ParNew: 35633K->4134K(37568K), 0.0015750 secs] 165135K->134660K(344180K), 0.0016120 secs] [Times: user=0.01 sys=0.00, real=0.00 secs] 
57.540: Total time for which application threads were stopped: 0.0017520 seconds, Stopping threads took: 0.0000590 seconds
57.595: Application time: 0.0545370 seconds
57.595: [GC57.595: [ParNew: 36592K->4117K(37568K), 0.0016440 secs] 167118K->135667K(344180K), 0.0016820 secs] [Times: user=0.01 sys=0.00, real=0.01 secs] 
57.597: Total time for which application threads were stopped: 0.0018380 seconds, Stopping threads took: 0.0000910 seconds
57.661: Application time: 0.0644380 seconds
57.661: [GC57.661: [ParNew: 37076K->4135K(37568K), 0.0013630 secs] 168626K->135685K(344180K), 0.0014060 secs] [Times: user=0.01 sys=0.00, real=0.00 secs] 
57.663: Total time for which application threads were stopped: 0.0015220 seconds, Stopping threads took: 0.0000540 seconds
57.718: Application time: 0.0555730 seconds
57.718: [GC57.718: [ParNew: 36643K->4134K(37568K), 0.0016610 secs] 168193K->136708K(344180K), 0.0016970 secs] [Times: user=0.02 sys=0.00, real=0.00 secs] 
57.720: Total time for which application threads were stopped: 0.0018200 seconds, Stopping threads took: 0.0000600 seconds
57.783: Application time: 0.0631690 seconds
57.783: [GC57.783: [ParNew: 37120K->4144K(37568K), 0.0018190 secs] 169694K->138766K(344180K), 0.0018590 secs] [Times: user=0.02 sys=0.00, real=0.01 secs] 
57.785: Total time for which application threads were stopped: 0.0020060 seconds, Stopping threads took: 0.0000820 seconds
57.843: Application time: 0.0578030 seconds
57.843: [GC57.843: [ParNew: 37022K->4144K(37568K), 0.0022090 secs] 171644K->141866K(344180K), 0.0022440 secs] [Times: user=0.01 sys=0.00, real=0.01 secs] 
57.845: Total time for which application threads were stopped: 0.0023720 seconds, Stopping threads took: 0.0000660 seconds
57.907: Application time: 0.0617360 seconds
57.907: [GC57.907: [ParNew: 37520K->4158K(37568K), 0.0022150 secs] 175242K->145049K(344180K), 0.0022560 secs] [Times: user=0.01 sys=0.00, real=0.00 secs] 
57.910: Total time for which application threads were stopped: 0.0023850 seconds, Stopping threads took: 0.0000620 seconds
57.972: Application time: 0.0625160 seconds
57.972: [GC57.972: [ParNew: 37313K->4158K(37568K), 0.0020910 secs] 178204K->147171K(344180K), 0.0021290 secs] [Times: user=0.01 sys=0.00, real=0.00 secs] 
57.974: Total time for which application threads were stopped: 0.0022640 seconds, Stopping threads took: 0.0000660 seconds
58.038: Application time: 0.0635390 seconds
58.038: [GC58.038: [ParNew: 37012K->4130K(37568K), 0.0016870 secs] 180025K->148196K(344180K), 0.0017250 secs] [Times: user=0.01 sys=0.00, real=0.00 secs] 
58.040: Total time for which application threads were stopped: 0.0018540 seconds, Stopping threads took: 0.0000650 seconds
58.100: Application time: 0.0603910 seconds
58.100: [GC58.100: [ParNew: 36636K->2090K(37568K), 0.0008370 secs] 180702K->146157K(344180K), 0.0008730 secs] [Times: user=0.00 sys=0.01, real=0.00 secs] 
58.101: Total time for which application threads were stopped: 0.0010060 seconds, Stopping threads took: 0.0000640 seconds
58.162: Application time: 0.0610440 seconds
58.162: [GC58.162: [ParNew: 34641K->2091K(37568K), 0.0008960 secs] 178708K->146158K(344180K), 0.0009290 secs] [Times: user=0.00 sys=0.00, real=0.00 secs] 
58.163: Total time for which application threads were stopped: 0.0010540 seconds, Stopping threads took: 0.0000650 seconds
58.220: Application time: 0.0564700 seconds
58.220: [GC58.220: [ParNew: 35490K->4118K(37568K), 0.0019070 secs] 179557K->150232K(344180K), 0.0019480 secs] [Times: user=0.02 sys=0.00, real=0.00 secs] 
58.222: Total time for which application threads were stopped: 0.0020790 seconds, Stopping threads took: 0.0000630 seconds
58.279: Application time: 0.0571040 seconds
58.279: [GC58.279: [ParNew: 36785K->4112K(37568K), 0.0023980 secs] 182900K->153298K(344180K), 0.0024420 secs] [Times: user=0.02 sys=0.00, real=0.00 secs] 
58.281: Total time for which application threads were stopped: 0.0025740 seconds, Stopping threads took: 0.0000620 seconds
58.345: Application time: 0.0638220 seconds
58.345: [GC58.345: [ParNew: 37071K->4130K(37568K), 0.0019370 secs] 186258K->155364K(344180K), 0.0019750 secs] [Times: user=0.02 sys=0.00, real=0.00 secs] 
58.347: Total time for which application threads were stopped: 0.0021030 seconds, Stopping threads took: 0.0000610 seconds
58.404: Application time: 0.0567980 seconds
58.404: [GC58.404: [ParNew: 36763K->4115K(37568K), 0.0015800 secs] 187997K->156374K(344180K), 0.0016260 secs] [Times: user=0.01 sys=0.00, real=0.01 secs] 
58.406: Total time for which application threads were stopped: 0.0017730 seconds, Stopping threads took: 0.0000690 seconds
58.469: Application time: 0.0632550 seconds
58.469: [GC58.469: [ParNew: 37088K->4156K(37568K), 0.0016910 secs] 189346K->157443K(344180K), 0.0017270 secs] [Times: user=0.01 sys=0.00, real=0.00 secs] 
58.471: Total time for which application threads were stopped: 0.0018760 seconds, Stopping threads took: 0.0000840 seconds
58.527: Application time: 0.0564090 seconds
58.528: [GC58.528: [ParNew: 36951K->4142K(37568K), 0.0022740 secs] 190238K->160525K(344180K), 0.0023180 secs] [Times: user=0.02 sys=0.00, real=0.00 secs] 
58.530: Total time for which application threads were stopped: 0.0025290 seconds, Stopping threads took: 0.0001390 seconds
58.594: Application time: 0.0639610 seconds
58.594: [GC58.594: [ParNew: 36548K->4156K(37568K), 0.0037590 secs] 192931K->163708K(344180K), 0.0038090 secs] [Times: user=0.01 sys=0.01, real=0.01 secs] 
58.598: Total time for which application threads were stopped: 0.0039400 seconds, Stopping threads took: 0.0000610 seconds
58.658: Application time: 0.0604750 seconds
58.659: [GC58.659: [ParNew: 37245K->4158K(37568K), 0.0019960 secs] 196797K->165832K(344180K), 0.0020330 secs] [Times: user=0.01 sys=0.00, real=0.00 secs] 
58.661: Total time for which application threads were stopped: 0.0021970 seconds, Stopping threads took: 0.0000890 seconds
58.724: Application time: 0.0629040 seconds
58.724: [GC58.724: [ParNew: 36866K->3125K(37568K), 0.0011750 secs] 198540K->164828K(344180K), 0.0012100 secs] [Times: user=0.01 sys=0.00, real=0.01 secs] 
58.725: Total time for which application threads were stopped: 0.0013530 seconds, Stopping threads took: 0.0000780 seconds
58.786: Application time: 0.0607280 seconds
58.786: [GC58.786: [ParNew: 36533K->4117K(37568K), 0.0012850 secs] 198236K->165819K(344180K), 0.0013150 secs] [Times: user=0.01 sys=0.00, real=0.00 secs] 
58.787: Total time for which application threads were stopped: 0.0014910 seconds, Stopping threads took: 0.0001160 seconds
58.847: Application time: 0.0603860 seconds
58.848: [GC58.848: [ParNew: 36749K->4134K(37568K), 0.0016320 secs] 198452K->166860K(344180K), 0.0016720 secs] [Times: user=0.01 sys=0.00, real=0.00 secs] 
58.849: Total time for which application threads were stopped: 0.0018060 seconds, Stopping threads took: 0.0000690 seconds
58.904: Application time: 0.0545890 seconds
58.904: [GC58.904: [ParNew: 37542K->4114K(37568K), 0.0021700 secs] 200268K->169913K(344180K), 0.0022120 secs] [Times: user=0.02 sys=0.00, real=0.01 secs] 
58.906: Total time for which application threads were stopped: 0.0023460 seconds, Stopping threads took: 0.0000660 seconds
58.967: Application time: 0.0604080 seconds
58.967: [GC58.967: [ParNew: 37041K->4112K(37568K), 0.0022430 secs] 202840K->172983K(344180K), 0.0022840 secs] [Times: user=0.02 sys=0.00, real=0.00 secs] 
58.969: Total time for which application threads were stopped: 0.0024810 seconds, Stopping threads took: 0.0001280 seconds
59.033: Application time: 0.0639940 seconds
59.033: [GC59.033: [ParNew: 37071K->4116K(37568K), 0.0018690 secs] 205942K->175035K(344180K), 0.0019040 secs] [Times: user=0.02 sys=0.00, real=0.00 secs] 
59.035: Total time for which application threads were stopped: 0.0020450 seconds, Stopping threads took: 0.0000800 seconds
59.094: Application time: 0.0587890 seconds
59.094: [GC59.094: [ParNew: 36968K->4112K(37568K), 0.0018800 secs] 207887K->177079K(344180K), 0.0019140 secs] [Times: user=0.01 sys=0.00, real=0.00 secs] 
59.096: Total time for which application threads were stopped: 0.0020650 seconds, Stopping threads took: 0.0000840 seconds
59.159: Application time: 0.0626090 seconds
59.159: [GC59.159: [ParNew: 37064K->4159K(37568K), 0.0013840 secs] 210031K->177147K(344180K), 0.0014200 secs] [Times: user=0.01 sys=0.00, real=0.00 secs] 
59.160: Total time for which application threads were stopped: 0.0015590 seconds, Stopping threads took: 0.0000770 seconds
59.224: Application time: 0.0637540 seconds
59.224: [GC59.224: [ParNew: 37228K->4155K(37568K), 0.0015360 secs] 210216K->178208K(344180K), 0.0015820 secs] [Times: user=0.01 sys=0.00, real=0.01 secs] 
59.226: Total time for which application threads were stopped: 0.0017160 seconds, Stopping threads took: 0.0000620 seconds
59.283: Application time: 0.0576050 seconds
59.283: [GC59.283: [ParNew: 37064K->4156K(37568K), 0.0018150 secs] 211117K->179298K(344180K), 0.0018570 secs] [Times: user=0.02 sys=0.00, real=0.01 secs] 
59.285: Total time for which application threads were stopped: 0.0020180 seconds, Stopping threads took: 0.0000910 seconds
59.347: Application time: 0.0619860 seconds
59.347: [GC59.347: [ParNew: 37217K->4154K(37568K), 0.0020150 secs] 212359K->181421K(344180K), 0.0020570 secs] [Times: user=0.02 sys=0.00, real=0.00 secs] 
59.349: Total time for which application threads were stopped: 0.0021920 seconds, Stopping threads took: 0.0000640 seconds
59.413: Application time: 0.0633970 seconds
59.413: [GC59.413: [ParNew: 37034K->4151K(37568K), 0.0013300 secs] 214302K->181443K(344180K), 0.0013620 secs] [Times: user=0.01 sys=0.00, real=0.00 secs] 
59.414: Total time for which application threads were stopped: 0.0014900 seconds, Stopping threads took: 0.0000660 seconds
59.473: Application time: 0.0582940 seconds
59.473: [GC59.473: [ParNew: 37482K->4122K(37568K), 0.0013430 secs] 214774K->181414K(344180K), 0.0013770 secs] [Times: user=0.01 sys=0.00, real=0.00 secs] 
59.474: Total time for which application threads were stopped: 0.0015030 seconds, Stopping threads took: 0.0000640 seconds
59.536: Application time: 0.0620000 seconds
59.536: [GC59.536: [ParNew: 36924K->4122K(37568K), 0.0015670 secs] 214216K->182438K(344180K), 0.0016020 secs] [Times: user=0.01 sys=0.00, real=0.01 secs] 
59.538: Total time for which application threads were stopped: 0.0017300 seconds, Stopping threads took: 0.0000650 seconds
59.593: Application time: 0.0553230 seconds
59.593: [GC59.593: [ParNew: 36531K->4129K(37568K), 0.0017830 secs] 214847K->183469K(344180K), 0.0018150 secs] [Times: user=0.01 sys=0.00, real=0.00 secs] 
59.595: Total time for which application threads were stopped: 0.0019340 seconds, Stopping threads took: 0.0000560 seconds
59.653: Application time: 0.0574600 seconds
59.653: [GC59.653: [ParNew: 36776K->4112K(37568K), 0.0022460 secs] 216116K->186524K(344180K), 0.0022870 secs] [Times: user=0.02 sys=0.00, real=0.00 secs] 
59.655: Total time for which application threads were stopped: 0.0024480 seconds, Stopping threads took: 0.0000940 seconds
59.717: Application time: 0.0620460 seconds
59.717: [GC59.717: [ParNew: 37090K->4114K(37568K), 0.0021800 secs] 219502K->189598K(344180K), 0.0022240 secs] [Times: user=0.02 sys=0.00, real=0.00 secs] 
59.719: Total time for which application threads were stopped: 0.0023850 seconds, Stopping threads took: 0.0000930 seconds
59.783: Application time: 0.0632780 seconds
59.783: [GC59.783: [ParNew: 37074K->4114K(37568K), 0.0015870 secs] 222559K->190622K(344180K), 0.0016290 secs] [Times: user=0.01 sys=0.00, real=0.01 secs] 
59.785: Total time for which application threads were stopped: 0.0017620 seconds, Stopping threads took: 0.0000590 seconds
59.845: Application time: 0.0608150 seconds
59.845: [GC59.845: [ParNew: 37046K->4150K(37568K), 0.0016060 secs] 223554K->191698K(344180K), 0.0016420 secs] [Times: user=0.02 sys=0.00, real=0.00 secs] 
59.847: Total time for which application threads were stopped: 0.0017660 seconds, Stopping threads took: 0.0000570 seconds
59.908: Application time: 0.0604450 seconds
59.908: [GC59.908: [ParNew: 37043K->4159K(37568K), 0.0014280 secs] 224591K->191735K(344180K), 0.0014600 secs] [Times: user=0.01 sys=0.00, real=0.00 secs] 
59.909: Total time for which application threads were stopped: 0.0015930 seconds, Stopping threads took: 0.0000720 seconds
59.970: Application time: 0.0609340 seconds
59.972: [GC59.972: [ParNew: 37250K->4156K(37568K), 0.0019550 secs] 224827K->193866K(344180K), 0.0019920 secs] [Times: user=0.01 sys=0.00, real=0.00 secs] 
59.974: Total time for which application threads were stopped: 0.0042940 seconds, Stopping threads took: 0.0022340 seconds
60.034: Application time: 0.0594170 seconds
60.034: [GC60.034: [ParNew: 37081K->4158K(37568K), 0.0017360 secs] 226791K->194974K(344180K), 0.0017800 secs] [Times: user=0.01 sys=0.00, real=0.00 secs] 
60.036: Total time for which application threads were stopped: 0.0019990 seconds, Stopping threads took: 0.0001560 seconds
60.101: Application time: 0.0652410 seconds
60.101: [GC60.101: [ParNew: 37108K->4140K(37568K), 0.0015960 secs] 227925K->195997K(344180K), 0.0016330 secs] [Times: user=0.01 sys=0.00, real=0.00 secs] 
60.103: Total time for which application threads were stopped: 0.0017540 seconds, Stopping threads took: 0.0000550 seconds
60.161: Application time: 0.0579960 seconds
60.161: [GC60.161: [ParNew: 37548K->4137K(37568K), 0.0014670 secs] 229405K->195995K(344180K), 0.0015050 secs] [Times: user=0.01 sys=0.00, real=0.00 secs] 
60.162: Total time for which application threads were stopped: 0.0016350 seconds, Stopping threads took: 0.0000620 seconds
60.227: Application time: 0.0644010 seconds
60.227: [GC60.227: [ParNew: 37054K->3112K(37568K), 0.0010020 secs] 228912K->194969K(344180K), 0.0010350 secs] [Times: user=0.01 sys=0.00, real=0.00 secs] 
60.228: Total time for which application threads were stopped: 0.0011650 seconds, Stopping threads took: 0.0000700 seconds
60.282: Application time: 0.0539430 seconds
60.282: [GC60.282: [ParNew: 36364K->4128K(37568K), 0.0020280 secs] 228221K->198033K(344180K), 0.0020690 secs] [Times: user=0.02 sys=0.00, real=0.00 secs] 
60.284: Total time for which application threads were stopped: 0.0021970 seconds, Stopping threads took: 0.0000600 seconds
60.345: Application time: 0.0611700 seconds
60.345: [GC60.345: [ParNew: 36983K->4117K(37568K), 0.0018510 secs] 230888K->200070K(344180K), 0.0018910 secs] [Times: user=0.01 sys=0.00, real=0.00 secs] 
60.347: Total time for which application threads were stopped: 0.0020220 seconds, Stopping threads took: 0.0000540 seconds
60.406: Application time: 0.0586070 seconds
60.406: [GC60.406: [ParNew: 36924K->4112K(37568K), 0.0021700 secs] 232878K->203137K(344180K), 0.0022170 secs] [Times: user=0.01 sys=0.00, real=0.00 secs] 
60.408: Total time for which application threads were stopped: 0.0023480 seconds, Stopping threads took: 0.0000630 seconds
60.470: Application time: 0.0614500 seconds
60.470: [GC60.470: [ParNew: 37077K->4116K(37568K), 0.0019230 secs] 236102K->205189K(344180K), 0.0019600 secs] [Times: user=0.01 sys=0.00, real=0.00 secs] 
60.472: Total time for which application threads were stopped: 0.0020940 seconds, Stopping threads took: 0.0000700 seconds
60.536: Application time: 0.0645420 seconds
60.537: [GC60.537: [ParNew: 37171K->4158K(37568K), 0.0018110 secs] 238245K->207280K(344180K), 0.0018490 secs] [Times: user=0.01 sys=0.00, real=0.00 secs] 
60.538: Total time for which application threads were stopped: 0.0019980 seconds, Stopping threads took: 0.0000840 seconds
60.596: Application time: 0.0578520 seconds
60.596: [GC60.596: [ParNew: 36923K->4156K(37568K), 0.0017770 secs] 240045K->208346K(344180K), 0.0018130 secs] [Times: user=0.01 sys=0.00, real=0.00 secs] 
60.598: Total time for which application threads were stopped: 0.0019430 seconds, Stopping threads took: 0.0000650 seconds
60.662: Application time: 0.0639480 seconds
60.662: [GC60.662: [ParNew: 37471K->4158K(37568K), 0.0017440 secs] 241662K->209482K(344180K), 0.0017770 secs] [Times: user=0.01 sys=0.00, real=0.00 secs] 
60.664: Total time for which application threads were stopped: 0.0018890 seconds, Stopping threads took: 0.0000520 seconds
60.723: Application time: 0.0590330 seconds
60.723: [GC60.723: [ParNew: 37006K->4156K(37568K), 0.0019320 secs] 242330K->211575K(344180K), 0.0019710 secs] [Times: user=0.02 sys=0.00, real=0.01 secs] 
60.725: Total time for which application threads were stopped: 0.0020960 seconds, Stopping threads took: 0.0000590 seconds
60.788: Application time: 0.0624530 seconds
60.788: [GC60.788: [ParNew: 36952K->4151K(37568K), 0.0014930 secs] 244370K->211598K(344180K), 0.0015280 secs] [Times: user=0.01 sys=0.00, real=0.00 secs] 
60.789: Total time for which application threads were stopped: 0.0016630 seconds, Stopping threads took: 0.0000640 seconds
60.848: Application time: 0.0584940 seconds
60.848: [GC60.848: [ParNew: 37559K->4118K(37568K), 0.0017220 secs] 245006K->212589K(344180K), 0.0017600 secs] [Times: user=0.01 sys=0.00, real=0.00 secs] 
60.850: Total time for which application threads were stopped: 0.0019020 seconds, Stopping threads took: 0.0000620 seconds
60.915: Application time: 0.0651340 seconds
60.915: [GC60.915: [ParNew: 37074K->2084K(37568K), 0.0009470 secs] 245546K->210555K(344180K), 0.0009760 secs] [Times: user=0.01 sys=0.00, real=0.00 secs] 
60.916: Total time for which application threads were stopped: 0.0011040 seconds, Stopping threads took: 0.0000700 seconds
60.974: Application time: 0.0576220 seconds
60.974: [GC60.974: [ParNew: 34514K->4134K(37568K), 0.0013520 secs] 242986K->212605K(344180K), 0.0013890 secs] [Times: user=0.01 sys=0.00, real=0.00 secs] 
60.975: Total time for which application threads were stopped: 0.0015200 seconds, Stopping threads took: 0.0000680 seconds
61.030: Application time: 0.0548010 seconds
61.030: [GC61.030: [ParNew: 36638K->4116K(37568K), 0.0018520 secs] 245109K->214635K(344180K), 0.0018890 secs] [Times: user=0.01 sys=0.00, real=0.00 secs] 
61.032: Total time for which application threads were stopped: 0.0020250 seconds, Stopping threads took: 0.0000720 seconds
61.094: Application time: 0.0616220 seconds
61.094: [GC61.094: [ParNew: 37040K->4120K(37568K), 0.0019090 secs] 247559K->216687K(344180K), 0.0019480 secs] [Times: user=0.02 sys=0.00, real=0.00 secs] 
61.096: Total time for which application threads were stopped: 0.0020640 seconds, Stopping threads took: 0.0000560 seconds
61.155: Application time: 0.0598480 seconds
61.156: [GC61.156: [ParNew: 37036K->4110K(37568K), 0.0022700 secs] 249603K->219749K(344180K), 0.0023120 secs] [Times: user=0.02 sys=0.00, real=0.01 secs] 
61.158: Total time for which application threads were stopped: 0.0024610 seconds, Stopping threads took: 0.0000820 seconds
61.222: Application time: 0.0636370 seconds
61.222: [GC61.222: [ParNew: 37195K->4150K(37568K), 0.0016420 secs] 252835K->220830K(344180K), 0.0016810 secs] [Times: user=0.01 sys=0.00, real=0.00 secs] 
61.223: Total time for which application threads were stopped: 0.0018070 seconds, Stopping threads took: 0.0000590 seconds
61.284: Application time: 0.0603710 seconds
61.284: [GC61.284: [ParNew: 37139K->4158K(37568K), 0.0018450 secs] 253818K->221916K(344180K), 0.0018840 secs] [Times: user=0.01 sys=0.00, real=0.00 secs] 
61.286: Total time for which application threads were stopped: 0.0025790 seconds, Stopping threads took: 0.0006070 seconds
61.348: Application time: 0.0615420 seconds
61.348: [GC61.348: [ParNew: 37309K->4159K(37568K), 0.0014410 secs] 255067K->222037K(344180K), 0.0014790 secs] [Times: user=0.01 sys=0.00, real=0.00 secs] 
61.349: Total time for which application threads were stopped: 0.0016080 seconds, Stopping threads took: 0.0000630 seconds
61.413: Application time: 0.0635200 seconds
61.416: [GC61.416: [ParNew: 37026K->3152K(37568K), 0.0012380 secs] 254904K->221044K(344180K), 0.0012690 secs] [Times: user=0.01 sys=0.00, real=0.00 secs] 
61.418: Total time for which application threads were stopped: 0.0046800 seconds, Stopping threads took: 0.0033460 seconds
61.474: Application time: 0.0565600 seconds
61.474: [GC61.474: [ParNew: 36560K->4113K(37568K), 0.0020530 secs] 254452K->224081K(344180K), 0.0020950 secs] [Times: user=0.01 sys=0.00, real=0.01 secs] 
61.477: Total time for which application threads were stopped: 0.0022710 seconds, Stopping threads took: 0.0001090 seconds
61.539: Application time: 0.0629010 seconds
61.540: [GC61.540: [ParNew: 36996K->4130K(37568K), 0.0019080 secs] 256964K->226146K(344180K), 0.0019470 secs] [Times: user=0.01 sys=0.00, real=0.00 secs] 
61.542: Total time for which application threads were stopped: 0.0021010 seconds, Stopping threads took: 0.0000880 seconds
61.599: Application time: 0.0570360 seconds
61.599: [GC61.599: [ParNew: 36560K->4115K(37568K), 0.0016370 secs] 258576K->227155K(344180K), 0.0016810 secs] [Times: user=0.01 sys=0.01, real=0.00 secs] 
61.600: Total time for which application threads were stopped: 0.0018380 seconds, Stopping threads took: 0.0000940 seconds
61.660: Application time: 0.0595450 seconds
61.660: [GC61.660: [ParNew: 36817K->4113K(37568K), 0.0018990 secs] 259857K->229201K(344180K), 0.0019360 secs] [Times: user=0.02 sys=0.00, real=0.00 secs] 
61.662: Total time for which application threads were stopped: 0.0020670 seconds, Stopping threads took: 0.0000660 seconds
61.719: Application time: 0.0569690 seconds
61.719: [GC61.719: [ParNew: 36729K->4115K(37568K), 0.0020870 secs] 261817K->231251K(344180K), 0.0021250 secs] [Times: user=0.02 sys=0.00, real=0.00 secs] 
61.721: Total time for which application threads were stopped: 0.0022770 seconds, Stopping threads took: 0.0000870 seconds
61.784: Application time: 0.0624610 seconds
61.784: [GC61.784: [ParNew: 37042K->4118K(37568K), 0.0019180 secs] 264179K->233302K(344180K), 0.0019580 secs] [Times: user=0.01 sys=0.00, real=0.01 secs] 
61.786: Total time for which application threads were stopped: 0.0021240 seconds, Stopping threads took: 0.0001010 seconds
61.844: Application time: 0.0578660 seconds
61.844: [GC61.844: [ParNew: 36980K->4112K(37568K), 0.0023180 secs] 266164K->236368K(344180K), 0.0023550 secs] [Times: user=0.01 sys=0.00, real=0.01 secs] 
61.846: Total time for which application threads were stopped: 0.0025030 seconds, Stopping threads took: 0.0000870 seconds
61.846: Application time: 0.0000790 seconds
61.846: [GC [1 CMS-initial-mark: 232256K(306612K)] 237392K(344180K), 0.0001090 secs] [Times: user=0.00 sys=0.00, real=0.00 secs] 
61.847: Total time for which application threads were stopped: 0.0002960 seconds, Stopping threads took: 0.0001650 seconds
61.847: [CMS-concurrent-mark-start]
61.854: [CMS-concurrent-mark: 0.007/0.007 secs] [Times: user=0.05 sys=0.00, real=0.00 secs] 
61.854: [CMS-concurrent-preclean-start]
61.854: [CMS-concurrent-preclean: 0.001/0.001 secs] [Times: user=0.00 sys=0.00, real=0.00 secs] 
61.854: [CMS-concurrent-abortable-preclean-start]
61.911: Application time: 0.0647520 seconds
61.911: [GC61.911: [ParNew: 37211K->4144K(37568K), 0.0022950 secs] 269467K->239472K(344180K), 0.0023350 secs] [Times: user=0.02 sys=0.00, real=0.00 secs] 
61.914: Total time for which application threads were stopped: 0.0024770 seconds, Stopping threads took: 0.0000770 seconds
61.978: Application time: 0.0644550 seconds
61.978: [GC61.978: [ParNew: 37301K->4158K(37568K), 0.0016290 secs] 272629K->240571K(344180K), 0.0016700 secs] [Times: user=0.01 sys=0.00, real=0.00 secs] 
61.980: Total time for which application threads were stopped: 0.0018110 seconds, Stopping threads took: 0.0000590 seconds
62.041: Application time: 0.0604300 seconds
62.041: [GC62.041: [ParNew: 37187K->4159K(37568K), 0.0015510 secs] 273600K->240693K(344180K), 0.0015870 secs] [Times: user=0.01 sys=0.00, real=0.00 secs] 
62.042: Total time for which application threads were stopped: 0.0017170 seconds, Stopping threads took: 0.0000630 seconds
62.106: Application time: 0.0636060 seconds
62.108: [GC62.108: [ParNew: 37089K->2134K(37568K), 0.0042670 secs] 273623K->238686K(344180K), 0.0042980 secs] [Times: user=0.03 sys=0.00, real=0.00 secs] 
62.113: Total time for which application threads were stopped: 0.0069340 seconds, Stopping threads took: 0.0025550 seconds
62.167: Application time: 0.0545310 seconds
62.167: [GC62.167: [ParNew: 35228K->4118K(37568K), 0.0017630 secs] 271780K->241722K(344180K), 0.0018030 secs] [Times: user=0.01 sys=0.00, real=0.00 secs] 
62.169: Total time for which application threads were stopped: 0.0019340 seconds, Stopping threads took: 0.0000640 seconds
62.228: Application time: 0.0588990 seconds
62.232: [GC62.232: [ParNew: 36901K->4114K(37568K), 0.0023410 secs] 274506K->244790K(344180K), 0.0023840 secs] [Times: user=0.02 sys=0.00, real=0.00 secs] 
62.235: Total time for which application threads were stopped: 0.0066450 seconds, Stopping threads took: 0.0041910 seconds
62.296: Application time: 0.0611390 seconds
62.301: [GC62.301: [ParNew: 36889K->4148K(37568K), 0.0017550 secs] 277565K->245848K(344180K), 0.0018020 secs] [Times: user=0.01 sys=0.00, real=0.00 secs] 
62.302: Total time for which application threads were stopped: 0.0064040 seconds, Stopping threads took: 0.0045160 seconds
62.365: Application time: 0.0625990 seconds
62.365: [GC62.365: [ParNew: 36854K->4115K(37568K), 0.0015900 secs] 278555K->246840K(344180K), 0.0016250 secs] [Times: user=0.01 sys=0.00, real=0.00 secs] 
62.367: Total time for which application threads were stopped: 0.0017750 seconds, Stopping threads took: 0.0000870 seconds
62.426: Application time: 0.0590620 seconds
62.426: [GC62.426: [ParNew: 36889K->4129K(37568K), 0.0018660 secs] 279614K->248902K(344180K), 0.0019060 secs] [Times: user=0.01 sys=0.00, real=0.00 secs] 
62.428: Total time for which application threads were stopped: 0.0020420 seconds, Stopping threads took: 0.0000690 seconds
62.489: Application time: 0.0611660 seconds
62.489: [GC62.489: [ParNew: 36977K->4116K(37568K), 0.0018550 secs] 281749K->250936K(344180K), 0.0018900 secs] [Times: user=0.01 sys=0.00, real=0.00 secs] 
62.491: Total time for which application threads were stopped: 0.0020280 seconds, Stopping threads took: 0.0000680 seconds
62.549: Application time: 0.0574740 seconds
62.549: [GC62.549: [ParNew: 36870K->4112K(37568K), 0.0022080 secs] 283691K->254004K(344180K), 0.0022470 secs] [Times: user=0.02 sys=0.00, real=0.00 secs] 
62.551: Total time for which application threads were stopped: 0.0023870 seconds, Stopping threads took: 0.0000730 seconds
62.615: Application time: 0.0641430 seconds
62.615: [GC62.615: [ParNew: 37215K->4142K(37568K), 0.0022970 secs] 287108K->257106K(344180K), 0.0023350 secs] [Times: user=0.02 sys=0.00, real=0.01 secs] 
62.618: Total time for which application threads were stopped: 0.0024800 seconds, Stopping threads took: 0.0000790 seconds
62.681: Application time: 0.0639530 seconds
62.682: [GC62.682: [ParNew: 37303K->4156K(37568K), 0.0022330 secs] 290268K->260237K(344180K), 0.0022730 secs] [Times: user=0.01 sys=0.00, real=0.00 secs] 
62.684: Total time for which application threads were stopped: 0.0024150 seconds, Stopping threads took: 0.0000750 seconds
62.746: Application time: 0.0621550 seconds
62.746: [GC62.746: [ParNew: 37382K->4159K(37568K), 0.0014650 secs] 293463K->260366K(344180K), 0.0014980 secs] [Times: user=0.01 sys=0.00, real=0.00 secs] 
62.748: Total time for which application threads were stopped: 0.0017190 seconds, Stopping threads took: 0.0001410 seconds
62.813: Application time: 0.0649400 seconds
62.813: [GC62.813: [ParNew: 37150K->2147K(37568K), 0.0010940 secs] 293357K->258383K(344180K), 0.0011230 secs] [Times: user=0.01 sys=0.00, real=0.00 secs] 
62.814: Total time for which application threads were stopped: 0.0013110 seconds, Stopping threads took: 0.0001100 seconds
62.870: Application time: 0.0557940 seconds
62.870: [GC62.870: [ParNew: 34996K->4122K(37568K), 0.0013760 secs] 291233K->260387K(344180K), 0.0014140 secs] [Times: user=0.01 sys=0.00, real=0.00 secs] 
62.871: Total time for which application threads were stopped: 0.0015800 seconds, Stopping threads took: 0.0001030 seconds
62.930: Application time: 0.0588060 seconds
62.930: [GC62.930: [ParNew: 37001K->4114K(37568K), 0.0022150 secs] 293265K->263451K(344180K), 0.0022610 secs] [Times: user=0.02 sys=0.00, real=0.00 secs] 
62.933: Total time for which application threads were stopped: 0.0023870 seconds, Stopping threads took: 0.0000580 seconds
62.992: Application time: 0.0590650 seconds
62.992: [GC62.992: [ParNew: 36759K->4149K(37568K), 0.0014320 secs] 296096K->263486K(344180K), 0.0014680 secs] [Times: user=0.01 sys=0.00, real=0.00 secs] 
62.993: Total time for which application threads were stopped: 0.0016520 seconds, Stopping threads took: 0.0001110 seconds
63.056: Application time: 0.0630840 seconds
63.057: [GC63.057: [ParNew: 36967K->4121K(37568K), 0.0012680 secs] 296304K->263458K(344180K), 0.0013020 secs] [Times: user=0.01 sys=0.00, real=0.00 secs] 
63.058: Total time for which application threads were stopped: 0.0014160 seconds, Stopping threads took: 0.0000530 seconds
63.118: Application time: 0.0599380 seconds
63.118: [GC63.118: [ParNew: 36873K->4120K(37568K), 0.0015340 secs] 296210K->264481K(344180K), 0.0015780 secs] [Times: user=0.01 sys=0.00, real=0.00 secs] 
63.119: Total time for which application threads were stopped: 0.0016940 seconds, Stopping threads took: 0.0000510 seconds
63.180: Application time: 0.0602810 seconds
63.180: [GC63.180: [ParNew: 36918K->4130K(37568K), 0.0019620 secs] 297279K->266539K(344180K), 0.0019990 secs] [Times: user=0.01 sys=0.00, real=0.00 secs] 
63.182: Total time for which application threads were stopped: 0.0021200 seconds, Stopping threads took: 0.0000600 seconds
63.242: Application time: 0.0598140 seconds
63.242: [GC63.242: [ParNew: 36865K->4133K(37568K), 0.0016470 secs] 299274K->267566K(344180K), 0.0016850 secs] [Times: user=0.01 sys=0.00, real=0.00 secs] 
63.244: Total time for which application threads were stopped: 0.0018290 seconds, Stopping threads took: 0.0000780 seconds
63.305: Application time: 0.0612140 seconds
63.305: [GC63.305: [ParNew: 37055K->4150K(37568K), 0.0020850 secs] 300488K->269647K(344180K), 0.0021300 secs] [Times: user=0.02 sys=0.00, real=0.00 secs] 
63.307: Total time for which application threads were stopped: 0.0022650 seconds, Stopping threads took: 0.0000650 seconds
63.369: Application time: 0.0618960 seconds
63.369: [GC63.369: [ParNew: 37210K->4155K(37568K), 0.0020390 secs] 302707K->271729K(344180K), 0.0020810 secs] [Times: user=0.02 sys=0.00, real=0.00 secs] 
63.371: Total time for which application threads were stopped: 0.0022240 seconds, Stopping threads took: 0.0000720 seconds
63.433: Application time: 0.0623240 seconds
63.434: [GC63.434: [ParNew: 37347K->4159K(37568K), 0.0016930 secs] 304920K->272898K(344180K), 0.0017340 secs] [Times: user=0.01 sys=0.00, real=0.00 secs] 
63.435: Total time for which application threads were stopped: 0.0018610 seconds, Stopping threads took: 0.0000590 seconds
63.495: Application time: 0.0596600 seconds
63.495: [GC63.495: [ParNew: 36776K->4155K(37568K), 0.0013610 secs] 305515K->272916K(344180K), 0.0013970 secs] [Times: user=0.01 sys=0.00, real=0.01 secs] 
63.497: Total time for which application threads were stopped: 0.0015290 seconds, Stopping threads took: 0.0000680 seconds
63.554: Application time: 0.0573060 seconds
63.554: [GC63.554: [ParNew: 36597K->4118K(37568K), 0.0020000 secs] 305358K->274947K(344180K), 0.0020370 secs] [Times: user=0.01 sys=0.00, real=0.00 secs] 
63.556: Total time for which application threads were stopped: 0.0021620 seconds, Stopping threads took: 0.0000590 seconds
63.618: Application time: 0.0615650 seconds
63.618: [GC63.618: [ParNew: 36969K->4116K(37568K), 0.0034730 secs] 307798K->276993K(344180K), 0.0035150 secs] [Times: user=0.01 sys=0.00, real=0.00 secs] 
63.621: Total time for which application threads were stopped: 0.0036380 seconds, Stopping threads took: 0.0000580 seconds
63.679: Application time: 0.0574080 seconds
63.679: [GC63.679: [ParNew: 36699K->4133K(37568K), 0.0013620 secs] 309576K->277011K(344180K), 0.0013970 secs] [Times: user=0.01 sys=0.00, real=0.00 secs] 
63.680: Total time for which application threads were stopped: 0.0015860 seconds, Stopping threads took: 0.0001270 seconds
63.743: Application time: 0.0630350 seconds
63.743: [GC63.743: [ParNew: 36980K->4119K(37568K), 0.0015450 secs] 309857K->278021K(344180K), 0.0015790 secs] [Times: user=0.01 sys=0.00, real=0.01 secs] 
63.745: Total time for which application threads were stopped: 0.0017000 seconds, Stopping threads took: 0.0000600 seconds
63.805: Application time: 0.0604370 seconds
63.806: [GC63.806: [ParNew: 36973K->4116K(37568K), 0.0019640 secs] 310875K->280065K(344180K), 0.0020070 secs] [Times: user=0.01 sys=0.00, real=0.00 secs] 
63.808: Total time for which application threads were stopped: 0.0021670 seconds, Stopping threads took: 0.0000930 seconds
63.867: Application time: 0.0596770 seconds
63.867: [GC63.867: [ParNew: 36846K->4130K(37568K), 0.0016140 secs] 312796K->281103K(344180K), 0.0016550 secs] [Times: user=0.01 sys=0.00, real=0.00 secs] 
63.869: Total time for which application threads were stopped: 0.0018600 seconds, Stopping threads took: 0.0001300 seconds
63.930: Application time: 0.0611590 seconds
63.930: [GC63.930: [ParNew: 36918K->4130K(37568K), 0.0016590 secs] 313892K->282128K(344180K), 0.0016980 secs] [Times: user=0.01 sys=0.00, real=0.00 secs] 
63.932: Total time for which application threads were stopped: 0.0018290 seconds, Stopping threads took: 0.0000650 seconds
63.992: Application time: 0.0594520 seconds
63.992: [GC63.992: [ParNew: 36953K->4142K(37568K), 0.0020850 secs] 314950K->284188K(344180K), 0.0021270 secs] [Times: user=0.01 sys=0.00, real=0.00 secs] 
63.994: Total time for which application threads were stopped: 0.0023050 seconds, Stopping threads took: 0.0001090 seconds
64.058: Application time: 0.0645920 seconds
64.059: [GC64.059: [ParNew: 37298K->4158K(37568K), 0.0013930 secs] 317343K->284276K(344180K), 0.0014290 secs] [Times: user=0.01 sys=0.00, real=0.00 secs] 
64.060: Total time for which application threads were stopped: 0.0016030 seconds, Stopping threads took: 0.0001050 seconds
64.116: Application time: 0.0556190 seconds
64.116: [GC64.116: [ParNew: 36627K->4157K(37568K), 0.0017400 secs] 316746K->285361K(344180K), 0.0017780 secs] [Times: user=0.01 sys=0.00, real=0.01 secs] 
64.118: Total time for which application threads were stopped: 0.0019130 seconds, Stopping threads took: 0.0000710 seconds
64.179: Application time: 0.0615330 seconds
64.180: [GC64.180: [ParNew: 37099K->4140K(37568K), 0.0019510 secs] 318303K->287429K(344180K), 0.0019930 secs] [Times: user=0.02 sys=0.00, real=0.00 secs] 
64.182: Total time for which application threads were stopped: 0.0033200 seconds, Stopping threads took: 0.0012600 seconds
64.241: Application time: 0.0589070 seconds
64.241: [GC64.241: [ParNew: 37046K->4158K(37568K), 0.0019410 secs] 320335K->289523K(344180K), 0.0019790 secs] [Times: user=0.01 sys=0.00, real=0.00 secs] 
64.243: Total time for which application threads were stopped: 0.0021370 seconds, Stopping threads took: 0.0000920 seconds
64.306: Application time: 0.0624210 seconds
64.306: [GC64.306: [ParNew: 36959K->4132K(37568K), 0.0013350 secs] 322324K->289526K(344180K), 0.0013700 secs] [Times: user=0.01 sys=0.00, real=0.00 secs] 
64.307: Total time for which application threads were stopped: 0.0015000 seconds, Stopping threads took: 0.0000710 seconds
64.367: Application time: 0.0591710 seconds
64.367: [GC64.367: [ParNew: 36805K->4115K(37568K), 0.0018480 secs] 322199K->291557K(344180K), 0.0018870 secs] [Times: user=0.02 sys=0.00, real=0.00 secs] 
64.369: Total time for which application threads were stopped: 0.0020270 seconds, Stopping threads took: 0.0000720 seconds
64.430: Application time: 0.0613970 seconds
64.430: [GC64.430: [ParNew: 36919K->4130K(37568K), 0.0018740 secs] 324361K->293620K(344180K), 0.0019080 secs] [Times: user=0.01 sys=0.00, real=0.00 secs] 
64.432: Total time for which application threads were stopped: 0.0020410 seconds, Stopping threads took: 0.0000690 seconds
64.493: Application time: 0.0604670 seconds
64.493: [GC64.493: [ParNew: 36977K->4116K(37568K), 0.0019790 secs] 326467K->295654K(344180K), 0.0020160 secs] [Times: user=0.01 sys=0.00, real=0.00 secs] 
64.495: Total time for which application threads were stopped: 0.0021420 seconds, Stopping threads took: 0.0000620 seconds
64.554: Application time: 0.0596900 seconds
64.554: [GC64.555: [ParNew: 36834K->4131K(37568K), 0.0016570 secs] 328372K->296693K(344180K), 0.0017010 secs] [Times: user=0.01 sys=0.00, real=0.00 secs] 
64.556: Total time for which application threads were stopped: 0.0018780 seconds, Stopping threads took: 0.0001070 seconds
64.618: Application time: 0.0619000 seconds
64.618: [GC64.618: [ParNew: 36942K->4134K(37568K), 0.0016520 secs] 329504K->297720K(344180K), 0.0016880 secs] [Times: user=0.01 sys=0.00, real=0.00 secs] 
64.620: Total time for which application threads were stopped: 0.0018610 seconds, Stopping threads took: 0.0000990 seconds
64.679: Application time: 0.0588720 seconds
64.679: [GC64.679: [ParNew: 36703K->4126K(37568K), 0.0020250 secs] 330289K->299760K(344180K), 0.0020740 secs] [Times: user=0.01 sys=0.00, real=0.00 secs] 
64.681: Total time for which application threads were stopped: 0.0022310 seconds, Stopping threads took: 0.0000900 seconds
64.745: Application time: 0.0638160 seconds
64.745: [GC64.745: [ParNew: 37278K->4159K(37568K), 0.0013900 secs] 332913K->299865K(344180K), 0.0014250 secs] [Times: user=0.01 sys=0.00, real=0.00 secs] 
64.746: Total time for which application threads were stopped: 0.0015570 seconds, Stopping threads took: 0.0000710 seconds
64.800: Application time: 0.0536510 seconds
64.800: [GC64.800: [ParNew: 36687K->4156K(37568K), 0.0023170 secs] 332393K->302988K(344180K), 0.0023580 secs] [Times: user=0.02 sys=0.00, real=0.00 secs] 
64.803: Total time for which application threads were stopped: 0.0025230 seconds, Stopping threads took: 0.0000990 seconds
64.866: Application time: 0.0628700 seconds
64.866: [GC64.866: [ParNew: 37263K->4142K(37568K), 0.0021560 secs] 336095K->306091K(344180K), 0.0021950 secs] [Times: user=0.02 sys=0.01, real=0.00 secs] 
64.868: Total time for which application threads were stopped: 0.0023260 seconds, Stopping threads took: 0.0000660 seconds
64.928: Application time: 0.0597960 seconds
64.928: [GC64.928: [ParNew: 37114K->4158K(37568K), 0.0020050 secs] 339063K->308184K(344180K), 0.0020440 secs] [Times: user=0.01 sys=0.00, real=0.00 secs] 
64.930: Total time for which application threads were stopped: 0.0022000 seconds, Stopping threads took: 0.0000910 seconds
64.993: Application time: 0.0633150 seconds
64.993: [GC64.993: [ParNew: 37001K->4151K(37568K), 0.0014730 secs] 341027K->308205K(344180K), 0.0015100 secs] [Times: user=0.00 sys=0.00, real=0.00 secs] 
64.995: Total time for which application threads were stopped: 0.0016810 seconds, Stopping threads took: 0.0001070 seconds
65.053: Application time: 0.0583980 seconds
65.056: [GC65.056: [ParNew: 36678K->4136K(37568K), 0.0015590 secs] 340733K->308190K(344180K), 0.0015910 secs] [Times: user=0.01 sys=0.00, real=0.00 secs] 
65.058: Total time for which application threads were stopped: 0.0048240 seconds, Stopping threads took: 0.0031500 seconds
65.120: Application time: 0.0624240 seconds
65.121: [GC65.121: [ParNew: 36899K->4120K(37568K), 0.0014630 secs] 340953K->309198K(344180K), 0.0014960 secs] [Times: user=0.01 sys=0.00, real=0.00 secs] 
65.122: Total time for which application threads were stopped: 0.0016370 seconds, Stopping threads took: 0.0000760 seconds
65.183: Application time: 0.0605240 seconds
65.183: [GC65.183: [ParNew: 36896K->4121K(37568K), 0.0015950 secs] 341974K->310223K(344180K), 0.0016350 secs] [Times: user=0.01 sys=0.00, real=0.01 secs] 
65.184: Total time for which application threads were stopped: 0.0017550 seconds, Stopping threads took: 0.0000570 seconds
65.243: Application time: 0.0588520 seconds
65.243: [GC65.243: [ParNew: 36842K->4113K(37568K), 0.0018470 secs] 342944K->312263K(346236K), 0.0018900 secs] [Times: user=0.01 sys=0.00, real=0.01 secs] 
65.245: Total time for which application threads were stopped: 0.0020780 seconds, Stopping threads took: 0.0001160 seconds
65.308: Application time: 0.0625700 seconds
65.308: [GC65.308: [ParNew: 36873K->4150K(37568K), 0.0013350 secs] 345024K->312300K(346236K), 0.0013760 secs] [Times: user=0.00 sys=0.01, real=0.00 secs] 
65.309: Total time for which application threads were stopped: 0.0015260 seconds, Stopping threads took: 0.0000850 seconds
65.369: Application time: 0.0597780 seconds
65.369: [GC65.369: [ParNew: 36839K->4158K(37568K), 0.0013570 secs] 344989K->312324K(346236K), 0.0013950 secs] [Times: user=0.01 sys=0.00, real=0.00 secs] 
65.371: Total time for which application threads were stopped: 0.0015370 seconds, Stopping threads took: 0.0000770 seconds
65.430: Application time: 0.0594550 seconds
65.430: [GC65.430: [ParNew: 36898K->4159K(37568K), 0.0012970 secs] 345065K->312371K(346236K), 0.0013290 secs] [Times: user=0.00 sys=0.00, real=0.00 secs] 
65.432: Total time for which application threads were stopped: 0.0014690 seconds, Stopping threads took: 0.0000810 seconds
65.487: Application time: 0.0556640 seconds
65.487: [GC65.488: [ParNew: 37128K->4150K(37568K), 0.0022400 secs] 345340K->315507K(349320K), 0.0022890 secs] [Times: user=0.01 sys=0.00, real=0.00 secs] 
65.490: Total time for which application threads were stopped: 0.0024260 seconds, Stopping threads took: 0.0000710 seconds
65.551: Application time: 0.0615240 seconds
65.551: [GC65.551: [ParNew: 37179K->4146K(37568K), 0.0021280 secs] 348536K->318613K(352596K), 0.0021710 secs] [Times: user=0.01 sys=0.01, real=0.00 secs] 
65.554: Total time for which application threads were stopped: 0.0023400 seconds, Stopping threads took: 0.0001030 seconds
65.616: Application time: 0.0624100 seconds
65.616: [GC65.616: [ParNew: 37198K->4142K(37568K), 0.0021730 secs] 351665K->321709K(355680K), 0.0022120 secs] [Times: user=0.02 sys=0.00, real=0.01 secs] 
65.618: Total time for which application threads were stopped: 0.0023530 seconds, Stopping threads took: 0.0000710 seconds
65.679: Application time: 0.0609450 seconds
65.679: [GC65.680: [ParNew: 36879K->4150K(37568K), 0.0016770 secs] 354447K->322770K(356708K), 0.0017150 secs] [Times: user=0.01 sys=0.00, real=0.00 secs] 
65.681: Total time for which application threads were stopped: 0.0018640 seconds, Stopping threads took: 0.0000690 seconds
65.744: Application time: 0.0625230 seconds
65.744: [GC65.744: [ParNew: 36836K->4123K(37568K), 0.0013990 secs] 355456K->322743K(356708K), 0.0014360 secs] [Times: user=0.01 sys=0.00, real=0.01 secs] 
65.745: Total time for which application threads were stopped: 0.0015610 seconds, Stopping threads took: 0.0000590 seconds
65.806: Application time: 0.0605510 seconds
65.806: [GC65.806: [ParNew: 36755K->4114K(37568K), 0.0016030 secs] 355375K->323758K(357736K), 0.0016400 secs] [Times: user=0.01 sys=0.00, real=0.00 secs] 
65.808: Total time for which application threads were stopped: 0.0017790 seconds, Stopping threads took: 0.0000780 seconds
65.866: Application time: 0.0581900 seconds
65.866: [GC65.866: [ParNew: 36795K->4118K(37568K), 0.0018540 secs] 356439K->325810K(359792K), 0.0018940 secs] [Times: user=0.02 sys=0.00, real=0.00 secs] 
65.868: Total time for which application threads were stopped: 0.0020350 seconds, Stopping threads took: 0.0000760 seconds
65.928: Application time: 0.0600790 seconds
65.928: [GC65.928: [ParNew: 36972K->4117K(37568K), 0.0019910 secs] 358665K->327857K(361848K), 0.0020310 secs] [Times: user=0.01 sys=0.01, real=0.00 secs] 
65.930: Total time for which application threads were stopped: 0.0021830 seconds, Stopping threads took: 0.0000840 seconds
65.995: Application time: 0.0646620 seconds
65.995: [GC65.995: [ParNew: 37036K->4152K(37568K), 0.0013810 secs] 360777K->327892K(361848K), 0.0014150 secs] [Times: user=0.01 sys=0.00, real=0.01 secs] 
65.996: Total time for which application threads were stopped: 0.0015490 seconds, Stopping threads took: 0.0000710 seconds
66.055: Application time: 0.0587830 seconds
66.055: [GC66.055: [ParNew: 36542K->3126K(37568K), 0.0011960 secs] 360282K->326866K(361848K), 0.0012300 secs] [Times: user=0.01 sys=0.00, real=0.01 secs] 
66.057: Total time for which application threads were stopped: 0.0013520 seconds, Stopping threads took: 0.0000630 seconds
66.111: Application time: 0.0542330 seconds
66.111: [GC66.111: [ParNew: 35654K->4140K(37568K), 0.0043720 secs] 359394K->330981K(364932K), 0.0044140 secs] [Times: user=0.02 sys=0.01, real=0.00 secs] 
66.115: Total time for which application threads were stopped: 0.0045630 seconds, Stopping threads took: 0.0000820 seconds
66.175: Application time: 0.0598290 seconds
66.175: [GC66.175: [ParNew: 37473K->4156K(37568K), 0.0021350 secs] 364313K->334169K(368016K), 0.0021800 secs] [Times: user=0.00 sys=0.01, real=0.01 secs] 
66.177: Total time for which application threads were stopped: 0.0023320 seconds, Stopping threads took: 0.0000830 seconds
66.241: Application time: 0.0640040 seconds
66.242: [GC66.242: [ParNew: 37254K->4158K(37568K), 0.0016800 secs] 367268K->335243K(369044K), 0.0017210 secs] [Times: user=0.01 sys=0.01, real=0.00 secs] 
66.243: Total time for which application threads were stopped: 0.0018830 seconds, Stopping threads took: 0.0000850 seconds
66.306: Application time: 0.0621500 seconds
66.306: [GC66.306: [ParNew: 37091K->4158K(37568K), 0.0018830 secs] 368175K->337315K(371100K), 0.0019290 secs] [Times: user=0.01 sys=0.00, real=0.00 secs] 
66.308: Total time for which application threads were stopped: 0.0020700 seconds, Stopping threads took: 0.0000730 seconds
66.368: Application time: 0.0606680 seconds
66.368: [GC66.368: [ParNew: 36883K->4115K(37568K), 0.0014630 secs] 370040K->337301K(371292K), 0.0015040 secs] [Times: user=0.01 sys=0.00, real=0.00 secs] 
66.370: Total time for which application threads were stopped: 0.0016300 seconds, Stopping threads took: 0.0000580 seconds
66.429: Application time: 0.0595090 seconds
66.430: [GC66.430: [ParNew: 36690K->4116K(37568K), 0.0016640 secs] 369875K->338326K(372320K), 0.0017000 secs] [Times: user=0.01 sys=0.00, real=0.00 secs] 
66.431: Total time for which application threads were stopped: 0.0018560 seconds, Stopping threads took: 0.0000920 seconds
66.491: Application time: 0.0598640 seconds
66.491: [GC66.491: [ParNew: 36855K->4112K(37568K), 0.0020090 secs] 371065K->341393K(375404K), 0.0020500 secs] [Times: user=0.00 sys=0.01, real=0.00 secs] 
66.493: Total time for which application threads were stopped: 0.0021810 seconds, Stopping threads took: 0.0000620 seconds
66.556: Application time: 0.0629730 seconds
66.556: [GC66.556: [ParNew: 36841K->4116K(37568K), 0.0019190 secs] 374122K->343445K(377460K), 0.0019550 secs] [Times: user=0.02 sys=0.00, real=0.00 secs] 
66.558: Total time for which application threads were stopped: 0.0021010 seconds, Stopping threads took: 0.0000830 seconds
66.617: Application time: 0.0588770 seconds
66.617: [GC66.617: [ParNew: 36861K->4112K(37568K), 0.0020090 secs] 376191K->345490K(379516K), 0.0020450 secs] [Times: user=0.01 sys=0.00, real=0.00 secs] 
66.619: Total time for which application threads were stopped: 0.0021800 seconds, Stopping threads took: 0.0000670 seconds
66.684: Application time: 0.0649750 seconds
66.685: [GC66.685: [ParNew: 37095K->4158K(37568K), 0.0014460 secs] 378473K->345538K(379516K), 0.0014820 secs] [Times: user=0.01 sys=0.00, real=0.00 secs] 
66.686: Total time for which application threads were stopped: 0.0016110 seconds, Stopping threads took: 0.0000620 seconds
66.745: Application time: 0.0588850 seconds
66.745: [GC66.745: [ParNew: 36692K->4146K(37568K), 0.0013370 secs] 378072K->345542K(379516K), 0.0013710 secs] [Times: user=0.01 sys=0.00, real=0.00 secs] 
66.746: Total time for which application threads were stopped: 0.0015160 seconds, Stopping threads took: 0.0000770 seconds
66.804: Application time: 0.0577180 seconds
66.804: [GC66.804: [ParNew: 36743K->4142K(37568K), 0.0019500 secs] 378140K->347599K(381572K), 0.0019870 secs] [Times: user=0.01 sys=0.00, real=0.01 secs] 
66.806: Total time for which application threads were stopped: 0.0021160 seconds, Stopping threads took: 0.0000620 seconds
66.864: Application time: 0.0581390 seconds
66.865: [GC66.865: [ParNew: 37256K->4159K(37568K), 0.0019670 secs] 380713K->349776K(383628K), 0.0020050 secs] [Times: user=0.01 sys=0.00, real=0.00 secs] 
66.867: Total time for which application threads were stopped: 0.0021660 seconds, Stopping threads took: 0.0000930 seconds
 CMS: abort preclean due to time 66.867: [CMS-concurrent-abortable-preclean: 0.060/5.013 secs] [Times: user=39.40 sys=0.13, real=5.02 secs] 
66.868: Application time: 0.0017380 seconds
66.869: [GC[YG occupancy: 5278 K (37568 K)]66.869: [Rescan (parallel) , 0.0001970 secs]66.869: [weak refs processing, 0.0000050 secs]66.869: [scrub string table, 0.0001150 secs] [1 CMS-remark: 345617K(346060K)] 350895K(383628K), 0.0003390 secs] [Times: user=0.00 sys=0.00, real=0.00 secs] 
66.869: Total time for which application threads were stopped: 0.0005530 seconds, Stopping threads took: 0.0001880 seconds
66.869: [CMS-concurrent-sweep-start]
66.870: [CMS-concurrent-sweep: 0.001/0.001 secs] [Times: user=0.01 sys=0.00, real=0.00 secs] 
66.870: [CMS-concurrent-reset-start]
66.872: [CMS-concurrent-reset: 0.002/0.002 secs] [Times: user=0.00 sys=0.00, real=0.00 secs] 
66.929: Application time: 0.0599190 seconds
66.929: [GC66.929: [ParNew: 37039K->4143K(37568K), 0.0021190 secs] 157011K->127217K(383628K), 0.0021610 secs] [Times: user=0.01 sys=0.00, real=0.00 secs] 
66.931: Total time for which application threads were stopped: 0.0023100 seconds, Stopping threads took: 0.0000840 seconds
66.992: Application time: 0.0605360 seconds
66.992: [GC66.992: [ParNew: 37176K->4141K(37568K), 0.0020890 secs] 160251K->129292K(383628K), 0.0021280 secs] [Times: user=0.01 sys=0.00, real=0.00 secs] 
66.994: Total time for which application threads were stopped: 0.0022980 seconds, Stopping threads took: 0.0001060 seconds
67.057: Application time: 0.0628530 seconds
67.057: [GC67.057: [ParNew: 37064K->4119K(37568K), 0.0019850 secs] 162215K->131346K(383628K), 0.0020260 secs] [Times: user=0.02 sys=0.00, real=0.00 secs] 
67.059: Total time for which application threads were stopped: 0.0021980 seconds, Stopping threads took: 0.0001030 seconds
67.122: Application time: 0.0627000 seconds
67.122: [GC67.122: [ParNew: 36964K->4133K(37568K), 0.0012710 secs] 164191K->131360K(383628K), 0.0013040 secs] [Times: user=0.01 sys=0.00, real=0.00 secs] 
67.123: Total time for which application threads were stopped: 0.0014180 seconds, Stopping threads took: 0.0000540 seconds
67.184: Application time: 0.0604240 seconds
67.184: [GC67.184: [ParNew: 36710K->3098K(37568K), 0.0011120 secs] 163937K->130326K(383628K), 0.0011410 secs] [Times: user=0.01 sys=0.00, real=0.00 secs] 
67.186: Total time for which application threads were stopped: 0.0020120 seconds, Stopping threads took: 0.0008150 seconds
67.244: Application time: 0.0586590 seconds
67.244: [GC67.244: [ParNew: 35716K->4118K(37568K), 0.0019930 secs] 162944K->133394K(383628K), 0.0020330 secs] [Times: user=0.01 sys=0.00, real=0.00 secs] 
67.246: Total time for which application threads were stopped: 0.0022060 seconds, Stopping threads took: 0.0001080 seconds
67.308: Application time: 0.0615830 seconds
67.308: [GC67.308: [ParNew: 36975K->4139K(37568K), 0.0016220 secs] 166251K->134438K(383628K), 0.0016590 secs] [Times: user=0.01 sys=0.00, real=0.00 secs] 
67.310: Total time for which application threads were stopped: 0.0018000 seconds, Stopping threads took: 0.0000670 seconds
67.366: Application time: 0.0565140 seconds
67.366: [GC67.366: [ParNew: 36528K->4135K(37568K), 0.0013640 secs] 166827K->134434K(383628K), 0.0013990 secs] [Times: user=0.01 sys=0.00, real=0.00 secs] 
67.368: Total time for which application threads were stopped: 0.0015690 seconds, Stopping threads took: 0.0001050 seconds
67.429: Application time: 0.0611760 seconds
67.429: [GC67.429: [ParNew: 36700K->4120K(37568K), 0.0016560 secs] 167000K->135443K(383628K), 0.0016920 secs] [Times: user=0.01 sys=0.00, real=0.00 secs] 
67.431: Total time for which application threads were stopped: 0.0018170 seconds, Stopping threads took: 0.0000620 seconds
67.488: Application time: 0.0574690 seconds
67.488: [GC67.488: [ParNew: 37016K->4153K(37568K), 0.0019480 secs] 168340K->137540K(383628K), 0.0019860 secs] [Times: user=0.02 sys=0.00, real=0.00 secs] 
67.490: Total time for which application threads were stopped: 0.0021130 seconds, Stopping threads took: 0.0000600 seconds
67.551: Application time: 0.0606160 seconds
67.551: [GC67.551: [ParNew: 37366K->4158K(37568K), 0.0020030 secs] 170753K->139711K(383628K), 0.0020440 secs] [Times: user=0.02 sys=0.00, real=0.00 secs] 
67.553: Total time for which application threads were stopped: 0.0021710 seconds, Stopping threads took: 0.0000620 seconds
67.613: Application time: 0.0595630 seconds
67.613: [GC67.613: [ParNew: 37114K->4145K(37568K), 0.0023070 secs] 172666K->142808K(383628K), 0.0023480 secs] [Times: user=0.02 sys=0.00, real=0.00 secs] 
67.615: Total time for which application threads were stopped: 0.0025780 seconds, Stopping threads took: 0.0001600 seconds
67.679: Application time: 0.0637500 seconds
67.679: [GC67.679: [ParNew: 37207K->4144K(37568K), 0.0021670 secs] 175870K->145907K(383628K), 0.0022090 secs] [Times: user=0.02 sys=0.00, real=0.00 secs] 
67.682: Total time for which application threads were stopped: 0.0023500 seconds, Stopping threads took: 0.0000680 seconds
67.744: Application time: 0.0622840 seconds
67.744: [GC67.744: [ParNew: 37107K->4112K(37568K), 0.0021250 secs] 178871K->147952K(383628K), 0.0021710 secs] [Times: user=0.01 sys=0.00, real=0.01 secs] 
67.746: Total time for which application threads were stopped: 0.0023360 seconds, Stopping threads took: 0.0000970 seconds
67.809: Application time: 0.0625650 seconds
67.809: [GC67.809: [ParNew: 36948K->4132K(37568K), 0.0015600 secs] 180788K->147971K(383628K), 0.0015960 secs] [Times: user=0.01 sys=0.00, real=0.00 secs] 
67.810: Total time for which application threads were stopped: 0.0017780 seconds, Stopping threads took: 0.0001070 seconds
67.873: Application time: 0.0624790 seconds
67.873: [GC67.873: [ParNew: 36897K->3128K(37568K), 0.0011100 secs] 180737K->146968K(383628K), 0.0011430 secs] [Times: user=0.01 sys=0.00, real=0.00 secs] 
67.874: Total time for which application threads were stopped: 0.0013060 seconds, Stopping threads took: 0.0001040 seconds
67.933: Application time: 0.0591600 seconds
67.934: [GC67.934: [ParNew: 35607K->4120K(37568K), 0.0016400 secs] 179446K->148984K(383628K), 0.0016780 secs] [Times: user=0.01 sys=0.00, real=0.00 secs] 
67.935: Total time for which application threads were stopped: 0.0018150 seconds, Stopping threads took: 0.0000690 seconds
67.997: Application time: 0.0615280 seconds
67.997: [GC67.997: [ParNew: 36763K->3129K(37568K), 0.0011510 secs] 181627K->147993K(383628K), 0.0011830 secs] [Times: user=0.01 sys=0.00, real=0.00 secs] 
67.998: Total time for which application threads were stopped: 0.0013060 seconds, Stopping threads took: 0.0000610 seconds
68.054: Application time: 0.0559470 seconds
68.054: [GC68.054: [ParNew: 36250K->4118K(37568K), 0.0013340 secs] 181114K->148982K(383628K), 0.0013680 secs] [Times: user=0.01 sys=0.00, real=0.00 secs] 
68.056: Total time for which application threads were stopped: 0.0014830 seconds, Stopping threads took: 0.0000570 seconds
68.112: Application time: 0.0563210 seconds
68.112: [GC68.112: [ParNew: 36863K->4113K(37568K), 0.0039600 secs] 181727K->151025K(383628K), 0.0040030 secs] [Times: user=0.03 sys=0.00, real=0.00 secs] 
68.116: Total time for which application threads were stopped: 0.0041440 seconds, Stopping threads took: 0.0000720 seconds
68.176: Application time: 0.0597930 seconds
68.176: [GC68.176: [ParNew: 37223K->4153K(37568K), 0.0023550 secs] 184135K->154153K(383628K), 0.0023970 secs] [Times: user=0.01 sys=0.00, real=0.01 secs] 
68.178: Total time for which application threads were stopped: 0.0025350 seconds, Stopping threads took: 0.0000680 seconds
68.241: Application time: 0.0629690 seconds
68.241: [GC68.241: [ParNew: 37561K->4159K(37568K), 0.0021700 secs] 187561K->156332K(383628K), 0.0022110 secs] [Times: user=0.01 sys=0.00, real=0.00 secs] 
68.244: Total time for which application threads were stopped: 0.0023650 seconds, Stopping threads took: 0.0000860 seconds
68.305: Application time: 0.0615740 seconds
68.305: [GC68.305: [ParNew: 37116K->4140K(37568K), 0.0020620 secs] 189289K->158391K(383628K), 0.0021020 secs] [Times: user=0.01 sys=0.00, real=0.00 secs] 
68.308: Total time for which application threads were stopped: 0.0022550 seconds, Stopping threads took: 0.0000890 seconds
68.369: Application time: 0.0614990 seconds
68.369: [GC68.369: [ParNew: 37094K->4141K(37568K), 0.0019010 secs] 191345K->160468K(383628K), 0.0019390 secs] [Times: user=0.02 sys=0.00, real=0.00 secs] 
68.371: Total time for which application threads were stopped: 0.0020760 seconds, Stopping threads took: 0.0000650 seconds
68.432: Application time: 0.0605450 seconds
68.432: [GC68.432: [ParNew: 37010K->4112K(37568K), 0.0022680 secs] 193338K->163540K(383628K), 0.0023090 secs] [Times: user=0.02 sys=0.00, real=0.00 secs] 
68.434: Total time for which application threads were stopped: 0.0024620 seconds, Stopping threads took: 0.0000850 seconds
68.498: Application time: 0.0635590 seconds
68.498: [GC68.498: [ParNew: 37065K->4134K(37568K), 0.0018870 secs] 196493K->165610K(383628K), 0.0019240 secs] [Times: user=0.01 sys=0.00, real=0.00 secs] 
68.500: Total time for which application threads were stopped: 0.0020510 seconds, Stopping threads took: 0.0000640 seconds
68.561: Application time: 0.0613810 seconds
68.561: [GC68.561: [ParNew: 36924K->4150K(37568K), 0.0017250 secs] 198400K->166650K(383628K), 0.0017590 secs] [Times: user=0.01 sys=0.00, real=0.00 secs] 
68.563: Total time for which application threads were stopped: 0.0019220 seconds, Stopping threads took: 0.0000980 seconds
68.624: Application time: 0.0607270 seconds
68.624: [GC68.624: [ParNew: 36724K->3127K(37568K), 0.0011520 secs] 199224K->165627K(383628K), 0.0012010 secs] [Times: user=0.01 sys=0.00, real=0.01 secs] 
68.625: Total time for which application threads were stopped: 0.0013330 seconds, Stopping threads took: 0.0000660 seconds
68.688: Application time: 0.0628600 seconds
68.688: [GC68.688: [ParNew: 35762K->2123K(37568K), 0.0008440 secs] 198263K->164623K(383628K), 0.0008790 secs] [Times: user=0.01 sys=0.00, real=0.00 secs] 
68.689: Total time for which application threads were stopped: 0.0010010 seconds, Stopping threads took: 0.0000600 seconds
68.742: Application time: 0.0534400 seconds
68.742: [GC68.742: [ParNew: 35050K->4120K(37568K), 0.0015150 secs] 197551K->167644K(383628K), 0.0015530 secs] [Times: user=0.02 sys=0.00, real=0.00 secs] 
68.744: Total time for which application threads were stopped: 0.0016760 seconds, Stopping threads took: 0.0000600 seconds
68.799: Application time: 0.0545410 seconds
68.799: [GC68.799: [ParNew: 36835K->4114K(37568K), 0.0019740 secs] 200359K->169686K(383628K), 0.0020120 secs] [Times: user=0.02 sys=0.00, real=0.00 secs] 
68.801: Total time for which application threads were stopped: 0.0021550 seconds, Stopping threads took: 0.0000790 seconds
68.864: Application time: 0.0634180 seconds
68.864: [GC68.864: [ParNew: 37315K->4158K(37568K), 0.0016150 secs] 202887K->170770K(383628K), 0.0016560 secs] [Times: user=0.01 sys=0.00, real=0.01 secs] 
68.866: Total time for which application threads were stopped: 0.0017850 seconds, Stopping threads took: 0.0000680 seconds
68.926: Application time: 0.0603920 seconds
68.928: [GC68.928: [ParNew: 37499K->4159K(37568K), 0.0022770 secs] 204111K->173956K(383628K), 0.0023190 secs] [Times: user=0.01 sys=0.00, real=0.00 secs] 
68.931: Total time for which application threads were stopped: 0.0044130 seconds, Stopping threads took: 0.0020160 seconds
68.991: Application time: 0.0606210 seconds
68.992: [GC68.992: [ParNew: 37222K->4143K(37568K), 0.0020860 secs] 207019K->176031K(383628K), 0.0021270 secs] [Times: user=0.02 sys=0.00, real=0.00 secs] 
68.994: Total time for which application threads were stopped: 0.0024060 seconds, Stopping threads took: 0.0002110 seconds
69.060: Application time: 0.0661800 seconds
69.060: [GC69.060: [ParNew: 37271K->3121K(37568K), 0.0011830 secs] 209158K->175037K(383628K), 0.0012150 secs] [Times: user=0.01 sys=0.00, real=0.00 secs] 
69.061: Total time for which application threads were stopped: 0.0013770 seconds, Stopping threads took: 0.0001040 seconds
69.121: Application time: 0.0592810 seconds
69.121: [GC69.121: [ParNew: 35836K->4130K(37568K), 0.0018350 secs] 207752K->178122K(383628K), 0.0018710 secs] [Times: user=0.02 sys=0.00, real=0.00 secs] 
69.123: Total time for which application threads were stopped: 0.0020000 seconds, Stopping threads took: 0.0000640 seconds
69.185: Application time: 0.0619030 seconds
69.185: [GC69.185: [ParNew: 36912K->4131K(37568K), 0.0017200 secs] 210904K->179147K(383628K), 0.0017570 secs] [Times: user=0.01 sys=0.00, real=0.00 secs] 
69.186: Total time for which application threads were stopped: 0.0019170 seconds, Stopping threads took: 0.0000950 seconds
69.252: Application time: 0.0654060 seconds
69.252: [GC69.252: [ParNew: 37112K->3107K(37568K), 0.0011360 secs] 212129K->178123K(383628K), 0.0011710 secs] [Times: user=0.01 sys=0.00, real=0.00 secs] 
69.253: Total time for which application threads were stopped: 0.0012990 seconds, Stopping threads took: 0.0000640 seconds
69.313: Application time: 0.0602150 seconds
69.314: [GC69.314: [ParNew: 35669K->3143K(37568K), 0.0011270 secs] 210685K->178159K(383628K), 0.0011720 secs] [Times: user=0.01 sys=0.00, real=0.00 secs] 
69.315: Total time for which application threads were stopped: 0.0013190 seconds, Stopping threads took: 0.0000840 seconds
69.376: Application time: 0.0614900 seconds
69.376: [GC69.376: [ParNew: 36551K->3152K(37568K), 0.0010100 secs] 211567K->178169K(383628K), 0.0010440 secs] [Times: user=0.01 sys=0.00, real=0.00 secs] 
69.377: Total time for which application threads were stopped: 0.0011720 seconds, Stopping threads took: 0.0000680 seconds
69.436: Application time: 0.0590400 seconds
69.437: [GC69.437: [ParNew: 36560K->4136K(37568K), 0.0013090 secs] 211577K->179153K(383628K), 0.0013420 secs] [Times: user=0.01 sys=0.00, real=0.00 secs] 
69.438: Total time for which application threads were stopped: 0.0014880 seconds, Stopping threads took: 0.0000780 seconds
69.489: Application time: 0.0512420 seconds
69.489: [GC69.489: [ParNew: 36541K->4112K(37568K), 0.0022510 secs] 211557K->182200K(383628K), 0.0022910 secs] [Times: user=0.01 sys=0.00, real=0.00 secs] 
69.492: Total time for which application threads were stopped: 0.0024250 seconds, Stopping threads took: 0.0000680 seconds
69.554: Application time: 0.0619730 seconds
69.554: [GC69.554: [ParNew: 37278K->4152K(37568K), 0.0022350 secs] 215366K->185328K(383628K), 0.0022770 secs] [Times: user=0.02 sys=0.00, real=0.00 secs] 
69.556: Total time for which application threads were stopped: 0.0024000 seconds, Stopping threads took: 0.0000580 seconds
69.615: Application time: 0.0588270 seconds
69.615: [GC69.615: [ParNew: 37472K->4155K(37568K), 0.0023830 secs] 218648K->188516K(383628K), 0.0024270 secs] [Times: user=0.01 sys=0.00, real=0.01 secs] 
69.617: Total time for which application threads were stopped: 0.0025660 seconds, Stopping threads took: 0.0000680 seconds
69.617: Application time: 0.0000560 seconds
69.618: [GC [1 CMS-initial-mark: 184361K(346060K)] 189540K(383628K), 0.0001130 secs] [Times: user=0.00 sys=0.00, real=0.00 secs] 
69.618: Total time for which application threads were stopped: 0.0003180 seconds, Stopping threads took: 0.0001770 seconds
69.618: [CMS-concurrent-mark-start]
69.621: [CMS-concurrent-mark: 0.004/0.004 secs] [Times: user=0.02 sys=0.00, real=0.00 secs] 
69.621: [CMS-concurrent-preclean-start]
69.622: [CMS-concurrent-preclean: 0.000/0.000 secs] [Times: user=0.00 sys=0.00, real=0.00 secs] 
69.622: Application time: 0.0039910 seconds
69.622: [GC[YG occupancy: 5245 K (37568 K)]69.622: [Rescan (parallel) , 0.0002230 secs]69.622: [weak refs processing, 0.0000060 secs]69.622: [scrub string table, 0.0001100 secs] [1 CMS-remark: 184361K(346060K)] 189607K(383628K), 0.0003650 secs] [Times: user=0.00 sys=0.00, real=0.00 secs] 
69.622: Total time for which application threads were stopped: 0.0004370 seconds, Stopping threads took: 0.0000450 seconds
69.622: [CMS-concurrent-sweep-start]
69.623: [CMS-concurrent-sweep: 0.001/0.001 secs] [Times: user=0.01 sys=0.00, real=0.00 secs] 
69.623: [CMS-concurrent-reset-start]
69.626: [CMS-concurrent-reset: 0.002/0.002 secs] [Times: user=0.01 sys=0.00, real=0.01 secs] 
69.684: Application time: 0.0616620 seconds
69.684: [GC69.684: [ParNew: 37275K->4138K(37568K), 0.0019730 secs] 43851K->12804K(383628K), 0.0020140 secs] [Times: user=0.02 sys=0.00, real=0.01 secs] 
69.686: Total time for which application threads were stopped: 0.0021870 seconds, Stopping threads took: 0.0001050 seconds
69.750: Application time: 0.0642890 seconds
69.750: [GC69.750: [ParNew: 37247K->4141K(37568K), 0.0023140 secs] 45913K->15907K(383628K), 0.0023530 secs] [Times: user=0.02 sys=0.00, real=0.00 secs] 
69.753: Total time for which application threads were stopped: 0.0024900 seconds, Stopping threads took: 0.0000710 seconds
69.813: Application time: 0.0598760 seconds
69.813: [GC69.813: [ParNew: 36987K->4130K(37568K), 0.0020130 secs] 48753K->17973K(383628K), 0.0020540 secs] [Times: user=0.01 sys=0.00, real=0.00 secs] 
69.815: Total time for which application threads were stopped: 0.0022910 seconds, Stopping threads took: 0.0001470 seconds
69.879: Application time: 0.0636470 seconds
69.879: [GC69.879: [ParNew: 37040K->4116K(37568K), 0.0016850 secs] 50883K->18983K(383628K), 0.0017300 secs] [Times: user=0.01 sys=0.00, real=0.00 secs] 
69.881: Total time for which application threads were stopped: 0.0018950 seconds, Stopping threads took: 0.0001000 seconds
69.943: Application time: 0.0629280 seconds
69.944: [GC69.944: [ParNew: 36937K->4154K(37568K), 0.0016680 secs] 51804K->20045K(383628K), 0.0017070 secs] [Times: user=0.01 sys=0.00, real=0.01 secs] 
69.945: Total time for which application threads were stopped: 0.0018420 seconds, Stopping threads took: 0.0000600 seconds
70.007: Application time: 0.0614330 seconds
70.007: [GC70.007: [ParNew: 36816K->3110K(37568K), 0.0011170 secs] 52707K->19001K(383628K), 0.0011530 secs] [Times: user=0.01 sys=0.00, real=0.00 secs] 
70.008: Total time for which application threads were stopped: 0.0012730 seconds, Stopping threads took: 0.0000580 seconds
70.072: Application time: 0.0638230 seconds
70.072: [GC70.072: [ParNew: 35864K->1083K(37568K), 0.0006070 secs] 51755K->16974K(383628K), 0.0006360 secs] [Times: user=0.00 sys=0.00, real=0.00 secs] 
70.073: Total time for which application threads were stopped: 0.0007670 seconds, Stopping threads took: 0.0000780 seconds
70.126: Application time: 0.0532200 seconds
70.126: [GC70.126: [ParNew: 33782K->4116K(37568K), 0.0018680 secs] 49673K->22055K(383628K), 0.0019090 secs] [Times: user=0.02 sys=0.00, real=0.00 secs] 
70.128: Total time for which application threads were stopped: 0.0020280 seconds, Stopping threads took: 0.0000540 seconds
70.181: Application time: 0.0535200 seconds
70.181: [GC70.181: [ParNew: 36703K->4114K(37568K), 0.0020470 secs] 54642K->24101K(383628K), 0.0020910 secs] [Times: user=0.02 sys=0.00, real=0.00 secs] 
70.184: Total time for which application threads were stopped: 0.0022210 seconds, Stopping threads took: 0.0000620 seconds
70.247: Application time: 0.0634070 seconds
70.248: [GC70.248: [ParNew: 37392K->4156K(37568K), 0.0018910 secs] 57379K->25207K(383628K), 0.0019320 secs] [Times: user=0.02 sys=0.00, real=0.00 secs] 
70.250: Total time for which application threads were stopped: 0.0033650 seconds, Stopping threads took: 0.0013710 seconds
70.310: Application time: 0.0600270 seconds
70.311: [GC70.311: [ParNew: 37307K->4152K(37568K), 0.0023810 secs] 58358K->28368K(383628K), 0.0024230 secs] [Times: user=0.01 sys=0.00, real=0.00 secs] 
70.313: Total time for which application threads were stopped: 0.0025960 seconds, Stopping threads took: 0.0001050 seconds
70.375: Application time: 0.0621070 seconds
70.375: [GC70.375: [ParNew: 37203K->4143K(37568K), 0.0020520 secs] 61419K->30446K(383628K), 0.0020900 secs] [Times: user=0.02 sys=0.00, real=0.01 secs] 
70.377: Total time for which application threads were stopped: 0.0023090 seconds, Stopping threads took: 0.0001500 seconds
70.441: Application time: 0.0639210 seconds
70.441: [GC70.441: [ParNew: 37175K->4156K(37568K), 0.0019780 secs] 63478K->32543K(383628K), 0.0020170 secs] [Times: user=0.01 sys=0.00, real=0.00 secs] 
70.444: Total time for which application threads were stopped: 0.0021670 seconds, Stopping threads took: 0.0000830 seconds
70.502: Application time: 0.0583280 seconds
70.502: [GC70.502: [ParNew: 36793K->4114K(37568K), 0.0017210 secs] 65180K->33545K(383628K), 0.0017580 secs] [Times: user=0.01 sys=0.00, real=0.00 secs] 
70.504: Total time for which application threads were stopped: 0.0019740 seconds, Stopping threads took: 0.0001440 seconds
70.569: Application time: 0.0649850 seconds
70.569: [GC70.569: [ParNew: 37094K->4130K(37568K), 0.0016100 secs] 66525K->34585K(383628K), 0.0016470 secs] [Times: user=0.01 sys=0.00, real=0.00 secs] 
70.571: Total time for which application threads were stopped: 0.0017830 seconds, Stopping threads took: 0.0000730 seconds
70.632: Application time: 0.0609350 seconds
70.632: [GC70.632: [ParNew: 36917K->4115K(37568K), 0.0016510 secs] 67372K->35594K(383628K), 0.0016900 secs] [Times: user=0.01 sys=0.00, real=0.00 secs] 
70.633: Total time for which application threads were stopped: 0.0018320 seconds, Stopping threads took: 0.0000640 seconds
70.694: Application time: 0.0611140 seconds
70.695: [GC70.695: [ParNew: 36734K->4148K(37568K), 0.0014210 secs] 68213K->35627K(383628K), 0.0014600 secs] [Times: user=0.01 sys=0.00, real=0.00 secs] 
70.696: Total time for which application threads were stopped: 0.0016140 seconds, Stopping threads took: 0.0000870 seconds
70.756: Application time: 0.0596590 seconds
70.756: [GC70.756: [ParNew: 37556K->3133K(37568K), 0.0010440 secs] 69035K->34613K(383628K), 0.0010790 secs] [Times: user=0.01 sys=0.00, real=0.00 secs] 
70.757: Total time for which application threads were stopped: 0.0017290 seconds, Stopping threads took: 0.0005950 seconds
70.820: Application time: 0.0621250 seconds
70.820: [GC70.820: [ParNew: 35826K->4117K(37568K), 0.0013890 secs] 67305K->35596K(383628K), 0.0014250 secs] [Times: user=0.01 sys=0.00, real=0.00 secs] 
70.821: Total time for which application threads were stopped: 0.0015760 seconds, Stopping threads took: 0.0000900 seconds
70.877: Application time: 0.0561870 seconds
70.877: [GC70.878: [ParNew: 37515K->4116K(37568K), 0.0015830 secs] 68994K->36619K(383628K), 0.0016170 secs] [Times: user=0.01 sys=0.00, real=0.00 secs] 
70.879: Total time for which application threads were stopped: 0.0017560 seconds, Stopping threads took: 0.0000810 seconds
70.938: Application time: 0.0586120 seconds
70.938: [GC70.938: [ParNew: 37119K->4152K(37568K), 0.0021210 secs] 69622K->39743K(383628K), 0.0021610 secs] [Times: user=0.01 sys=0.00, real=0.00 secs] 
70.940: Total time for which application threads were stopped: 0.0023100 seconds, Stopping threads took: 0.0000810 seconds
71.002: Application time: 0.0619590 seconds
71.002: [GC71.002: [ParNew: 37554K->4157K(37568K), 0.0021970 secs] 73145K->42930K(383628K), 0.0022380 secs] [Times: user=0.02 sys=0.00, real=0.01 secs] 
71.004: Total time for which application threads were stopped: 0.0023910 seconds, Stopping threads took: 0.0000910 seconds
71.064: Application time: 0.0592370 seconds
71.064: [GC71.064: [ParNew: 37162K->4144K(37568K), 0.0023020 secs] 75934K->46034K(383628K), 0.0023480 secs] [Times: user=0.02 sys=0.00, real=0.01 secs] 
71.066: Total time for which application threads were stopped: 0.0025040 seconds, Stopping threads took: 0.0000770 seconds
71.129: Application time: 0.0627810 seconds
71.129: [GC71.129: [ParNew: 37194K->4152K(37568K), 0.0019270 secs] 79085K->48127K(383628K), 0.0019640 secs] [Times: user=0.01 sys=0.00, real=0.00 secs] 
71.131: Total time for which application threads were stopped: 0.0020980 seconds, Stopping threads took: 0.0000710 seconds
71.190: Application time: 0.0588140 seconds
71.190: [GC71.190: [ParNew: 36847K->4114K(37568K), 0.0020100 secs] 80822K->50157K(383628K), 0.0020490 secs] [Times: user=0.02 sys=0.00, real=0.00 secs] 
71.192: Total time for which application threads were stopped: 0.0022850 seconds, Stopping threads took: 0.0001680 seconds
71.258: Application time: 0.0656140 seconds
71.258: [GC71.258: [ParNew: 37092K->4134K(37568K), 0.0017430 secs] 83136K->51202K(383628K), 0.0017800 secs] [Times: user=0.01 sys=0.00, real=0.00 secs] 
71.260: Total time for which application threads were stopped: 0.0019100 seconds, Stopping threads took: 0.0000710 seconds
71.320: Application time: 0.0602750 seconds
71.320: [GC71.320: [ParNew: 36889K->4134K(37568K), 0.0020860 secs] 83956K->53249K(383628K), 0.0021240 secs] [Times: user=0.02 sys=0.00, real=0.00 secs] 
71.322: Total time for which application threads were stopped: 0.0022960 seconds, Stopping threads took: 0.0001040 seconds
71.386: Application time: 0.0635100 seconds
71.386: [GC71.386: [ParNew: 36943K->4130K(37568K), 0.0014050 secs] 86059K->53246K(383628K), 0.0014420 secs] [Times: user=0.01 sys=0.00, real=0.00 secs] 
71.387: Total time for which application threads were stopped: 0.0015800 seconds, Stopping threads took: 0.0000750 seconds
71.447: Application time: 0.0595080 seconds
71.447: [GC71.447: [ParNew: 37538K->4149K(37568K), 0.0014100 secs] 86654K->53265K(383628K), 0.0014550 secs] [Times: user=0.01 sys=0.00, real=0.00 secs] 
71.448: Total time for which application threads were stopped: 0.0016010 seconds, Stopping threads took: 0.0000820 seconds
71.509: Application time: 0.0609790 seconds
71.510: [GC71.510: [ParNew: 36746K->4139K(37568K), 0.0013720 secs] 85862K->53254K(383628K), 0.0014080 secs] [Times: user=0.01 sys=0.00, real=0.00 secs] 
71.511: Total time for which application threads were stopped: 0.0015170 seconds, Stopping threads took: 0.0000520 seconds
71.566: Application time: 0.0548050 seconds
71.566: [GC71.566: [ParNew: 37431K->4117K(37568K), 0.0016670 secs] 86547K->54256K(383628K), 0.0017050 secs] [Times: user=0.02 sys=0.00, real=0.00 secs] 
71.568: Total time for which application threads were stopped: 0.0018380 seconds, Stopping threads took: 0.0000610 seconds
71.627: Application time: 0.0592110 seconds
71.627: [GC71.627: [ParNew: 37110K->4156K(37568K), 0.0019550 secs] 87250K->56380K(383628K), 0.0019960 secs] [Times: user=0.01 sys=0.00, real=0.00 secs] 
71.629: Total time for which application threads were stopped: 0.0021520 seconds, Stopping threads took: 0.0000910 seconds
71.690: Application time: 0.0608620 seconds
71.690: [GC71.690: [ParNew: 37522K->4154K(37568K), 0.0022440 secs] 89746K->59551K(383628K), 0.0022870 secs] [Times: user=0.02 sys=0.00, real=0.00 secs] 
71.692: Total time for which application threads were stopped: 0.0024190 seconds, Stopping threads took: 0.0000650 seconds
71.751: Application time: 0.0592320 seconds
71.752: [GC71.752: [ParNew: 37166K->4140K(37568K), 0.0023560 secs] 92563K->62651K(383628K), 0.0024000 secs] [Times: user=0.02 sys=0.00, real=0.00 secs] 
71.754: Total time for which application threads were stopped: 0.0025340 seconds, Stopping threads took: 0.0000640 seconds
71.818: Application time: 0.0635080 seconds
71.818: [GC71.818: [ParNew: 37221K->4146K(37568K), 0.0016900 secs] 95732K->63710K(383628K), 0.0017260 secs] [Times: user=0.02 sys=0.00, real=0.00 secs] 
71.819: Total time for which application threads were stopped: 0.0018550 seconds, Stopping threads took: 0.0000640 seconds
71.879: Application time: 0.0594800 seconds
71.879: [GC71.879: [ParNew: 36877K->4116K(37568K), 0.0020460 secs] 96440K->65756K(383628K), 0.0020870 secs] [Times: user=0.02 sys=0.00, real=0.00 secs] 
71.881: Total time for which application threads were stopped: 0.0022260 seconds, Stopping threads took: 0.0000710 seconds
71.945: Application time: 0.0636670 seconds
71.945: [GC71.945: [ParNew: 37041K->4120K(37568K), 0.0016100 secs] 98681K->66784K(383628K), 0.0016500 secs] [Times: user=0.01 sys=0.00, real=0.00 secs] 
71.947: Total time for which application threads were stopped: 0.0017870 seconds, Stopping threads took: 0.0000700 seconds
72.008: Application time: 0.0614440 seconds
72.008: [GC72.008: [ParNew: 36890K->4130K(37568K), 0.0019720 secs] 99554K->68842K(383628K), 0.0020140 secs] [Times: user=0.02 sys=0.00, real=0.00 secs] 
72.010: Total time for which application threads were stopped: 0.0021410 seconds, Stopping threads took: 0.0000640 seconds
72.071: Application time: 0.0612870 seconds
72.072: [GC72.072: [ParNew: 36862K->4137K(37568K), 0.0014030 secs] 101574K->68849K(383628K), 0.0014380 secs] [Times: user=0.01 sys=0.00, real=0.00 secs] 
72.073: Total time for which application threads were stopped: 0.0015930 seconds, Stopping threads took: 0.0000820 seconds
72.134: Application time: 0.0609520 seconds
72.134: [GC72.134: [ParNew: 36671K->3129K(37568K), 0.0011270 secs] 101383K->67841K(383628K), 0.0011590 secs] [Times: user=0.01 sys=0.00, real=0.00 secs] 
72.135: Total time for which application threads were stopped: 0.0012750 seconds, Stopping threads took: 0.0000550 seconds
72.194: Application time: 0.0589670 seconds
72.194: [GC72.194: [ParNew: 35565K->4121K(37568K), 0.0013200 secs] 100277K->68833K(383628K), 0.0013540 secs] [Times: user=0.01 sys=0.00, real=0.00 secs] 
72.196: Total time for which application threads were stopped: 0.0014710 seconds, Stopping threads took: 0.0000550 seconds
72.251: Application time: 0.0555860 seconds
72.251: [GC72.251: [ParNew: 37529K->4133K(37568K), 0.0019910 secs] 102241K->70893K(383628K), 0.0020410 secs] [Times: user=0.01 sys=0.00, real=0.00 secs] 
72.253: Total time for which application threads were stopped: 0.0021720 seconds, Stopping threads took: 0.0000650 seconds
72.313: Application time: 0.0594540 seconds
72.313: [GC72.313: [ParNew: 37194K->4154K(37568K), 0.0018890 secs] 103954K->73010K(383628K), 0.0019300 secs] [Times: user=0.01 sys=0.00, real=0.00 secs] 
72.315: Total time for which application threads were stopped: 0.0020550 seconds, Stopping threads took: 0.0000620 seconds
72.375: Application time: 0.0595390 seconds
72.375: [GC72.375: [ParNew: 37383K->4156K(37568K), 0.0022800 secs] 106239K->76162K(383628K), 0.0023220 secs] [Times: user=0.01 sys=0.00, real=0.01 secs] 
72.377: Total time for which application threads were stopped: 0.0024530 seconds, Stopping threads took: 0.0000640 seconds
72.438: Application time: 0.0606280 seconds
72.438: [GC72.438: [ParNew: 37192K->4142K(37568K), 0.0023230 secs] 109198K->79265K(383628K), 0.0023650 secs] [Times: user=0.02 sys=0.00, real=0.00 secs] 
72.440: Total time for which application threads were stopped: 0.0025090 seconds, Stopping threads took: 0.0000740 seconds
72.503: Application time: 0.0631980 seconds
72.503: [GC72.503: [ParNew: 37240K->4158K(37568K), 0.0016610 secs] 112364K->80334K(383628K), 0.0017020 secs] [Times: user=0.01 sys=0.00, real=0.01 secs] 
72.505: Total time for which application threads were stopped: 0.0018340 seconds, Stopping threads took: 0.0000650 seconds
72.566: Application time: 0.0604250 seconds
72.566: [GC72.566: [ParNew: 36919K->4132K(37568K), 0.0016490 secs] 113095K->81360K(383628K), 0.0016880 secs] [Times: user=0.01 sys=0.00, real=0.00 secs] 
72.567: Total time for which application threads were stopped: 0.0018300 seconds, Stopping threads took: 0.0000770 seconds
72.631: Application time: 0.0632320 seconds
72.631: [GC72.631: [ParNew: 37077K->4111K(37568K), 0.0017100 secs] 114305K->82364K(383628K), 0.0017490 secs] [Times: user=0.02 sys=0.00, real=0.00 secs] 
72.633: Total time for which application threads were stopped: 0.0018870 seconds, Stopping threads took: 0.0000620 seconds
72.693: Application time: 0.0608380 seconds
72.693: [GC72.693: [ParNew: 36831K->4126K(37568K), 0.0021150 secs] 115084K->84426K(383628K), 0.0021530 secs] [Times: user=0.01 sys=0.00, real=0.00 secs] 
72.696: Total time for which application threads were stopped: 0.0022810 seconds, Stopping threads took: 0.0000620 seconds
72.759: Application time: 0.0631410 seconds
72.759: [GC72.759: [ParNew: 36967K->3130K(37568K), 0.0011550 secs] 117268K->83431K(383628K), 0.0011890 secs] [Times: user=0.01 sys=0.00, real=0.00 secs] 
72.760: Total time for which application threads were stopped: 0.0013030 seconds, Stopping threads took: 0.0000580 seconds
72.819: Application time: 0.0593040 seconds
72.820: [GC72.820: [ParNew: 36459K->4117K(37568K), 0.0014110 secs] 116760K->84418K(383628K), 0.0014460 secs] [Times: user=0.01 sys=0.00, real=0.00 secs] 
72.821: Total time for which application threads were stopped: 0.0015810 seconds, Stopping threads took: 0.0000730 seconds
72.880: Application time: 0.0590120 seconds
72.880: [GC72.880: [ParNew: 36699K->4128K(37568K), 0.0019570 secs] 116999K->86476K(383628K), 0.0019980 secs] [Times: user=0.01 sys=0.01, real=0.00 secs] 
72.882: Total time for which application threads were stopped: 0.0021410 seconds, Stopping threads took: 0.0000780 seconds
72.938: Application time: 0.0559660 seconds
72.938: [GC72.938: [ParNew: 37536K->4134K(37568K), 0.0019610 secs] 119884K->88531K(383628K), 0.0019990 secs] [Times: user=0.01 sys=0.00, real=0.00 secs] 
72.940: Total time for which application threads were stopped: 0.0021430 seconds, Stopping threads took: 0.0000780 seconds
73.002: Application time: 0.0620070 seconds
73.002: [GC73.002: [ParNew: 37260K->4156K(37568K), 0.0019640 secs] 121657K->90640K(383628K), 0.0020030 secs] [Times: user=0.01 sys=0.00, real=0.01 secs] 
73.004: Total time for which application threads were stopped: 0.0021790 seconds, Stopping threads took: 0.0001120 seconds
73.062: Application time: 0.0572380 seconds
73.062: [GC73.062: [ParNew: 37279K->4158K(37568K), 0.0023010 secs] 123764K->93800K(383628K), 0.0023520 secs] [Times: user=0.01 sys=0.00, real=0.00 secs] 
73.064: Total time for which application threads were stopped: 0.0024900 seconds, Stopping threads took: 0.0000720 seconds
73.127: Application time: 0.0628560 seconds
73.127: [GC73.127: [ParNew: 37217K->4142K(37568K), 0.0021860 secs] 126859K->96902K(383628K), 0.0022240 secs] [Times: user=0.02 sys=0.00, real=0.00 secs] 
73.129: Total time for which application threads were stopped: 0.0023590 seconds, Stopping threads took: 0.0000690 seconds
73.191: Application time: 0.0612020 seconds
73.191: [GC73.191: [ParNew: 37203K->4142K(37568K), 0.0022740 secs] 129963K->100002K(383628K), 0.0023170 secs] [Times: user=0.01 sys=0.00, real=0.00 secs] 
73.193: Total time for which application threads were stopped: 0.0024600 seconds, Stopping threads took: 0.0000670 seconds
73.257: Application time: 0.0635690 seconds
73.257: [GC73.257: [ParNew: 37082K->4116K(37568K), 0.0018910 secs] 132942K->102053K(383628K), 0.0019300 secs] [Times: user=0.02 sys=0.00, real=0.00 secs] 
73.259: Total time for which application threads were stopped: 0.0020570 seconds, Stopping threads took: 0.0000590 seconds
73.320: Application time: 0.0613710 seconds
73.320: [GC73.320: [ParNew: 36961K->4131K(37568K), 0.0016580 secs] 134898K->103092K(383628K), 0.0016960 secs] [Times: user=0.00 sys=0.00, real=0.00 secs] 
73.322: Total time for which application threads were stopped: 0.0018290 seconds, Stopping threads took: 0.0000680 seconds
73.382: Application time: 0.0604760 seconds
73.382: [GC73.382: [ParNew: 36809K->4124K(37568K), 0.0017210 secs] 135770K->104109K(383628K), 0.0017580 secs] [Times: user=0.01 sys=0.01, real=0.00 secs] 
73.384: Total time for which application threads were stopped: 0.0018900 seconds, Stopping threads took: 0.0000660 seconds
73.447: Application time: 0.0622820 seconds
73.447: [GC73.447: [ParNew: 36935K->4133K(37568K), 0.0017080 secs] 136920K->105142K(383628K), 0.0017450 secs] [Times: user=0.01 sys=0.00, real=0.00 secs] 
73.448: Total time for which application threads were stopped: 0.0018770 seconds, Stopping threads took: 0.0000660 seconds
73.510: Application time: 0.0615920 seconds
73.510: [GC73.510: [ParNew: 36717K->4150K(37568K), 0.0013490 secs] 137726K->105159K(383628K), 0.0013820 secs] [Times: user=0.00 sys=0.00, real=0.00 secs] 
73.512: Total time for which application threads were stopped: 0.0015040 seconds, Stopping threads took: 0.0000670 seconds
73.568: Application time: 0.0565510 seconds
73.568: [GC73.568: [ParNew: 37398K->4123K(37568K), 0.0014490 secs] 138407K->105132K(383628K), 0.0014870 secs] [Times: user=0.00 sys=0.01, real=0.00 secs] 
73.570: Total time for which application threads were stopped: 0.0016130 seconds, Stopping threads took: 0.0000600 seconds
73.629: Application time: 0.0589530 seconds
73.629: [GC73.629: [ParNew: 36809K->4130K(37568K), 0.0020220 secs] 137818K->107187K(383628K), 0.0020660 secs] [Times: user=0.01 sys=0.00, real=0.00 secs] 
73.631: Total time for which application threads were stopped: 0.0022180 seconds, Stopping threads took: 0.0000830 seconds
73.689: Application time: 0.0582370 seconds
73.689: [GC73.689: [ParNew: 37019K->4155K(37568K), 0.0018950 secs] 140076K->109309K(383628K), 0.0019330 secs] [Times: user=0.01 sys=0.00, real=0.00 secs] 
73.691: Total time for which application threads were stopped: 0.0020610 seconds, Stopping threads took: 0.0000620 seconds
73.752: Application time: 0.0603570 seconds
73.752: [GC73.752: [ParNew: 37333K->4158K(37568K), 0.0019250 secs] 142486K->111441K(383628K), 0.0019630 secs] [Times: user=0.02 sys=0.00, real=0.00 secs] 
73.754: Total time for which application threads were stopped: 0.0021030 seconds, Stopping threads took: 0.0000660 seconds
73.813: Application time: 0.0593940 seconds
73.813: [GC73.813: [ParNew: 37179K->4138K(37568K), 0.0024140 secs] 144462K->114534K(383628K), 0.0024520 secs] [Times: user=0.02 sys=0.00, real=0.00 secs] 
73.816: Total time for which application threads were stopped: 0.0025860 seconds, Stopping threads took: 0.0000640 seconds
73.877: Application time: 0.0610410 seconds
73.877: [GC73.877: [ParNew: 37190K->4140K(37568K), 0.0022940 secs] 147586K->117637K(383628K), 0.0023320 secs] [Times: user=0.01 sys=0.00, real=0.00 secs] 
73.879: Total time for which application threads were stopped: 0.0025180 seconds, Stopping threads took: 0.0001190 seconds
73.942: Application time: 0.0632050 seconds
73.942: [GC73.942: [ParNew: 37075K->4121K(37568K), 0.0019700 secs] 150572K->119694K(383628K), 0.0020110 secs] [Times: user=0.02 sys=0.00, real=0.01 secs] 
73.945: Total time for which application threads were stopped: 0.0021340 seconds, Stopping threads took: 0.0000570 seconds
74.006: Application time: 0.0617890 seconds
74.006: [GC74.006: [ParNew: 36969K->4133K(37568K), 0.0017090 secs] 152543K->120730K(383628K), 0.0017490 secs] [Times: user=0.01 sys=0.00, real=0.00 secs] 
74.008: Total time for which application threads were stopped: 0.0018770 seconds, Stopping threads took: 0.0000640 seconds
74.068: Application time: 0.0594830 seconds
74.068: [GC74.068: [ParNew: 36612K->4116K(37568K), 0.0019850 secs] 153209K->122761K(383628K), 0.0020260 secs] [Times: user=0.01 sys=0.00, real=0.00 secs] 
74.070: Total time for which application threads were stopped: 0.0021610 seconds, Stopping threads took: 0.0000670 seconds
74.133: Application time: 0.0630000 seconds
74.133: [GC74.133: [ParNew: 37095K->4112K(37568K), 0.0022630 secs] 155740K->125829K(383628K), 0.0023050 secs] [Times: user=0.01 sys=0.00, real=0.00 secs] 
74.135: Total time for which application threads were stopped: 0.0024610 seconds, Stopping threads took: 0.0000880 seconds
74.197: Application time: 0.0620490 seconds
74.197: [GC74.197: [ParNew: 36934K->4118K(37568K), 0.0016820 secs] 158652K->126859K(383628K), 0.0017200 secs] [Times: user=0.01 sys=0.00, real=0.00 secs] 
74.199: Total time for which application threads were stopped: 0.0018630 seconds, Stopping threads took: 0.0000740 seconds
74.259: Application time: 0.0602620 seconds
74.260: [GC74.260: [ParNew: 37526K->3146K(37568K), 0.0011290 secs] 160267K->125887K(383628K), 0.0011620 secs] [Times: user=0.01 sys=0.00, real=0.00 secs] 
74.261: Total time for which application threads were stopped: 0.0012890 seconds, Stopping threads took: 0.0000490 seconds
74.322: Application time: 0.0616370 seconds
74.323: [GC74.323: [ParNew: 35787K->2106K(37568K), 0.0008360 secs] 158528K->124848K(383628K), 0.0008700 secs] [Times: user=0.01 sys=0.00, real=0.00 secs] 
74.323: Total time for which application threads were stopped: 0.0009890 seconds, Stopping threads took: 0.0000610 seconds
74.377: Application time: 0.0535250 seconds
74.377: [GC74.377: [ParNew: 34666K->4159K(37568K), 0.0015970 secs] 157408K->127969K(383628K), 0.0016320 secs] [Times: user=0.02 sys=0.00, real=0.00 secs] 
74.379: Total time for which application threads were stopped: 0.0017610 seconds, Stopping threads took: 0.0000660 seconds
74.435: Application time: 0.0567250 seconds
74.436: [GC74.436: [ParNew: 37276K->4156K(37568K), 0.0023350 secs] 161086K->131119K(383628K), 0.0023740 secs] [Times: user=0.02 sys=0.00, real=0.01 secs] 
74.438: Total time for which application threads were stopped: 0.0025300 seconds, Stopping threads took: 0.0000890 seconds
74.502: Application time: 0.0638270 seconds
74.502: [GC74.502: [ParNew: 37249K->4142K(37568K), 0.0022360 secs] 164212K->134222K(383628K), 0.0022790 secs] [Times: user=0.01 sys=0.00, real=0.00 secs] 
74.504: Total time for which application threads were stopped: 0.0024340 seconds, Stopping threads took: 0.0000870 seconds
74.563: Application time: 0.0592620 seconds
74.564: [GC74.564: [ParNew: 37145K->4139K(37568K), 0.0022380 secs] 167226K->137321K(383628K), 0.0022780 secs] [Times: user=0.02 sys=0.00, real=0.01 secs] 
74.566: Total time for which application threads were stopped: 0.0024140 seconds, Stopping threads took: 0.0000720 seconds
74.629: Application time: 0.0631500 seconds
74.629: [GC74.629: [ParNew: 37033K->4116K(37568K), 0.0016780 secs] 170214K->138350K(383628K), 0.0017220 secs] [Times: user=0.01 sys=0.00, real=0.00 secs] 
74.631: Total time for which application threads were stopped: 0.0018580 seconds, Stopping threads took: 0.0000720 seconds
74.694: Application time: 0.0631220 seconds
74.694: [GC74.694: [ParNew: 36979K->4150K(37568K), 0.0013740 secs] 171212K->138383K(383628K), 0.0014080 secs] [Times: user=0.01 sys=0.00, real=0.00 secs] 
74.696: Total time for which application threads were stopped: 0.0015500 seconds, Stopping threads took: 0.0000810 seconds
74.753: Application time: 0.0571500 seconds
74.753: [GC74.753: [ParNew: 36671K->4110K(37568K), 0.0022670 secs] 170905K->141415K(383628K), 0.0023070 secs] [Times: user=0.02 sys=0.00, real=0.00 secs] 
74.755: Total time for which application threads were stopped: 0.0024380 seconds, Stopping threads took: 0.0000640 seconds
74.819: Application time: 0.0637270 seconds
74.819: [GC74.819: [ParNew: 37072K->4132K(37568K), 0.0019450 secs] 174378K->143486K(383628K), 0.0019850 secs] [Times: user=0.01 sys=0.00, real=0.00 secs] 
74.821: Total time for which application threads were stopped: 0.0021220 seconds, Stopping threads took: 0.0000610 seconds
74.883: Application time: 0.0619530 seconds
74.883: [GC74.883: [ParNew: 36994K->4150K(37568K), 0.0016920 secs] 176348K->144528K(383628K), 0.0017340 secs] [Times: user=0.01 sys=0.00, real=0.01 secs] 
74.885: Total time for which application threads were stopped: 0.0018590 seconds, Stopping threads took: 0.0000560 seconds
74.945: Application time: 0.0603850 seconds
74.945: [GC74.945: [ParNew: 37558K->3127K(37568K), 0.0011630 secs] 177936K->143505K(383628K), 0.0011970 secs] [Times: user=0.00 sys=0.00, real=0.00 secs] 
74.947: Total time for which application threads were stopped: 0.0013220 seconds, Stopping threads took: 0.0000610 seconds
75.007: Application time: 0.0603170 seconds
75.007: [GC75.007: [ParNew: 35584K->3134K(37568K), 0.0010180 secs] 175962K->143512K(383628K), 0.0010500 secs] [Times: user=0.01 sys=0.00, real=0.00 secs] 
75.008: Total time for which application threads were stopped: 0.0011700 seconds, Stopping threads took: 0.0000640 seconds
75.062: Application time: 0.0538020 seconds
75.062: [GC75.062: [ParNew: 35824K->4158K(37568K), 0.0019200 secs] 176202K->146629K(383628K), 0.0019600 secs] [Times: user=0.02 sys=0.00, real=0.00 secs] 
75.064: Total time for which application threads were stopped: 0.0021240 seconds, Stopping threads took: 0.0001040 seconds
75.122: Application time: 0.0585210 seconds
75.123: [GC75.123: [ParNew: 37313K->4159K(37568K), 0.0019380 secs] 179784K->148759K(383628K), 0.0019760 secs] [Times: user=0.02 sys=0.00, real=0.01 secs] 
75.125: Total time for which application threads were stopped: 0.0021230 seconds, Stopping threads took: 0.0000810 seconds
75.188: Application time: 0.0632470 seconds
75.188: [GC75.188: [ParNew: 37252K->4142K(37568K), 0.0020380 secs] 181852K->150836K(383628K), 0.0020780 secs] [Times: user=0.02 sys=0.00, real=0.00 secs] 
75.190: Total time for which application threads were stopped: 0.0022150 seconds, Stopping threads took: 0.0000700 seconds
75.249: Application time: 0.0588080 seconds
75.249: [GC75.249: [ParNew: 37142K->4140K(37568K), 0.0023130 secs] 183836K->153935K(383628K), 0.0023530 secs] [Times: user=0.01 sys=0.00, real=0.00 secs] 
75.251: Total time for which application threads were stopped: 0.0024900 seconds, Stopping threads took: 0.0000660 seconds
75.316: Application time: 0.0647290 seconds
75.316: [GC75.316: [ParNew: 37112K->4146K(37568K), 0.0017900 secs] 186906K->154993K(383628K), 0.0018270 secs] [Times: user=0.01 sys=0.00, real=0.01 secs] 
75.318: Total time for which application threads were stopped: 0.0019580 seconds, Stopping threads took: 0.0000680 seconds
75.380: Application time: 0.0616080 seconds
75.380: [GC75.380: [ParNew: 36945K->4150K(37568K), 0.0016440 secs] 187793K->156021K(383628K), 0.0016770 secs] [Times: user=0.01 sys=0.00, real=0.00 secs] 
75.382: Total time for which application threads were stopped: 0.0018210 seconds, Stopping threads took: 0.0000740 seconds
75.441: Application time: 0.0595980 seconds
75.444: [GC75.444: [ParNew: 36761K->4114K(37568K), 0.0013880 secs] 188633K->155985K(383628K), 0.0014310 secs] [Times: user=0.01 sys=0.00, real=0.00 secs] 
75.446: Total time for which application threads were stopped: 0.0047260 seconds, Stopping threads took: 0.0032310 seconds
75.508: Application time: 0.0626330 seconds
75.509: [GC75.509: [ParNew: 36978K->4113K(37568K), 0.0019280 secs] 188849K->158032K(383628K), 0.0019690 secs] [Times: user=0.02 sys=0.00, real=0.00 secs] 
75.511: Total time for which application threads were stopped: 0.0021180 seconds, Stopping threads took: 0.0000830 seconds
75.574: Application time: 0.0632670 seconds
75.574: [GC75.574: [ParNew: 37060K->4150K(37568K), 0.0013950 secs] 190979K->158069K(383628K), 0.0014290 secs] [Times: user=0.01 sys=0.00, real=0.00 secs] 
75.575: Total time for which application threads were stopped: 0.0015720 seconds, Stopping threads took: 0.0000800 seconds
75.636: Application time: 0.0605500 seconds
75.636: [GC75.636: [ParNew: 37558K->3167K(37568K), 0.0011100 secs] 191477K->157087K(383628K), 0.0011430 secs] [Times: user=0.01 sys=0.00, real=0.01 secs] 
75.637: Total time for which application threads were stopped: 0.0012710 seconds, Stopping threads took: 0.0000650 seconds
75.698: Application time: 0.0605440 seconds
75.698: [GC75.698: [ParNew: 35725K->1102K(37568K), 0.0006430 secs] 189644K->155021K(383628K), 0.0006690 secs] [Times: user=0.00 sys=0.00, real=0.00 secs] 
75.699: Total time for which application threads were stopped: 0.0007800 seconds, Stopping threads took: 0.0000590 seconds
75.752: Application time: 0.0537400 seconds
75.752: [GC75.752: [ParNew: 33724K->4158K(37568K), 0.0019230 secs] 187644K->160182K(383628K), 0.0019600 secs] [Times: user=0.01 sys=0.00, real=0.00 secs] 
75.754: Total time for which application threads were stopped: 0.0020890 seconds, Stopping threads took: 0.0000640 seconds
75.812: Application time: 0.0575850 seconds
75.812: [GC75.812: [ParNew: 37233K->4159K(37568K), 0.0017180 secs] 193256K->161276K(383628K), 0.0017560 secs] [Times: user=0.01 sys=0.00, real=0.00 secs] 
75.814: Total time for which application threads were stopped: 0.0019160 seconds, Stopping threads took: 0.0000930 seconds
75.878: Application time: 0.0645000 seconds
75.879: [GC75.879: [ParNew: 37251K->4145K(37568K), 0.0019810 secs] 194368K->163356K(383628K), 0.0020240 secs] [Times: user=0.01 sys=0.00, real=0.00 secs] 
75.881: Total time for which application threads were stopped: 0.0022070 seconds, Stopping threads took: 0.0001160 seconds
75.938: Application time: 0.0573120 seconds
75.938: [GC75.938: [ParNew: 37092K->4154K(37568K), 0.0020420 secs] 196302K->165441K(383628K), 0.0020850 secs] [Times: user=0.02 sys=0.00, real=0.00 secs] 
75.940: Total time for which application threads were stopped: 0.0022550 seconds, Stopping threads took: 0.0000910 seconds
76.005: Application time: 0.0651480 seconds
76.005: [GC76.005: [ParNew: 37137K->4130K(37568K), 0.0016750 secs] 198424K->166470K(383628K), 0.0017110 secs] [Times: user=0.02 sys=0.00, real=0.00 secs] 
76.007: Total time for which application threads were stopped: 0.0018400 seconds, Stopping threads took: 0.0000620 seconds
76.067: Application time: 0.0602480 seconds
76.068: [GC76.068: [ParNew: 36781K->4138K(37568K), 0.0015140 secs] 199121K->167501K(383628K), 0.0015480 secs] [Times: user=0.01 sys=0.00, real=0.00 secs] 
76.069: Total time for which application threads were stopped: 0.0016650 seconds, Stopping threads took: 0.0000600 seconds
76.132: Application time: 0.0624970 seconds
76.132: [GC76.132: [ParNew: 37023K->4130K(37568K), 0.0019390 secs] 200387K->169542K(383628K), 0.0019780 secs] [Times: user=0.02 sys=0.00, real=0.00 secs] 
76.134: Total time for which application threads were stopped: 0.0021070 seconds, Stopping threads took: 0.0000640 seconds
76.194: Application time: 0.0599180 seconds
76.194: [GC76.194: [ParNew: 36923K->4114K(37568K), 0.0017540 secs] 202335K->170549K(383628K), 0.0017940 secs] [Times: user=0.02 sys=0.00, real=0.00 secs] 
76.196: Total time for which application threads were stopped: 0.0019520 seconds, Stopping threads took: 0.0000890 seconds
76.258: Application time: 0.0628450 seconds
76.259: [GC76.259: [ParNew: 36875K->4150K(37568K), 0.0013620 secs] 203311K->170585K(383628K), 0.0014090 secs] [Times: user=0.01 sys=0.00, real=0.00 secs] 
76.260: Total time for which application threads were stopped: 0.0015640 seconds, Stopping threads took: 0.0000890 seconds
76.323: Application time: 0.0629880 seconds
76.323: [GC76.323: [ParNew: 36862K->2141K(37568K), 0.0009040 secs] 203298K->168577K(383628K), 0.0009380 secs] [Times: user=0.01 sys=0.00, real=0.00 secs] 
76.324: Total time for which application threads were stopped: 0.0010880 seconds, Stopping threads took: 0.0000950 seconds
76.379: Application time: 0.0545390 seconds
76.379: [GC76.379: [ParNew: 35170K->4115K(37568K), 0.0019800 secs] 201605K->172599K(383628K), 0.0020210 secs] [Times: user=0.02 sys=0.00, real=0.00 secs] 
76.381: Total time for which application threads were stopped: 0.0021610 seconds, Stopping threads took: 0.0000740 seconds
76.435: Application time: 0.0544360 seconds
76.435: [GC76.435: [ParNew: 37022K->4156K(37568K), 0.0021510 secs] 205505K->174728K(383628K), 0.0021930 secs] [Times: user=0.01 sys=0.00, real=0.01 secs] 
76.438: Total time for which application threads were stopped: 0.0024550 seconds, Stopping threads took: 0.0001930 seconds
76.504: Application time: 0.0659780 seconds
76.504: [GC76.504: [ParNew: 37477K->4158K(37568K), 0.0013980 secs] 208049K->174823K(383628K), 0.0014370 secs] [Times: user=0.01 sys=0.00, real=0.01 secs] 
76.505: Total time for which application threads were stopped: 0.0015770 seconds, Stopping threads took: 0.0000680 seconds
76.564: Application time: 0.0590610 seconds
76.564: [GC76.564: [ParNew: 37050K->4140K(37568K), 0.0022330 secs] 207715K->177915K(383628K), 0.0022740 secs] [Times: user=0.02 sys=0.00, real=0.00 secs] 
76.567: Total time for which application threads were stopped: 0.0024110 seconds, Stopping threads took: 0.0000700 seconds
76.629: Application time: 0.0626000 seconds
76.629: [GC76.629: [ParNew: 37172K->4159K(37568K), 0.0013840 secs] 210947K->177962K(383628K), 0.0014190 secs] [Times: user=0.01 sys=0.00, real=0.00 secs] 
76.631: Total time for which application threads were stopped: 0.0015640 seconds, Stopping threads took: 0.0000860 seconds
76.692: Application time: 0.0608320 seconds
76.692: [GC76.692: [ParNew: 36926K->4114K(37568K), 0.0019670 secs] 210729K->179994K(383628K), 0.0020060 secs] [Times: user=0.02 sys=0.00, real=0.00 secs] 
76.694: Total time for which application threads were stopped: 0.0021530 seconds, Stopping threads took: 0.0000810 seconds
76.754: Application time: 0.0605610 seconds
76.755: [GC76.755: [ParNew: 36957K->4112K(37568K), 0.0022270 secs] 212837K->183064K(383628K), 0.0022700 secs] [Times: user=0.02 sys=0.00, real=0.01 secs] 
76.757: Total time for which application threads were stopped: 0.0024270 seconds, Stopping threads took: 0.0000880 seconds
76.820: Application time: 0.0636260 seconds
76.821: [GC76.821: [ParNew: 37093K->4132K(37568K), 0.0019530 secs] 216044K->185132K(383628K), 0.0019950 secs] [Times: user=0.01 sys=0.00, real=0.00 secs] 
76.823: Total time for which application threads were stopped: 0.0021210 seconds, Stopping threads took: 0.0000590 seconds
76.886: Application time: 0.0634950 seconds
76.886: [GC76.886: [ParNew: 37071K->4146K(37568K), 0.0016570 secs] 218071K->186170K(383628K), 0.0016980 secs] [Times: user=0.01 sys=0.00, real=0.00 secs] 
76.888: Total time for which application threads were stopped: 0.0018540 seconds, Stopping threads took: 0.0000880 seconds
76.947: Application time: 0.0588350 seconds
76.947: [GC76.947: [ParNew: 36589K->3129K(37568K), 0.0011150 secs] 218613K->185153K(383628K), 0.0011490 secs] [Times: user=0.01 sys=0.00, real=0.00 secs] 
76.948: Total time for which application threads were stopped: 0.0012980 seconds, Stopping threads took: 0.0000820 seconds
77.009: Application time: 0.0607810 seconds
77.009: [GC77.009: [ParNew: 35558K->3132K(37568K), 0.0010540 secs] 217582K->185156K(383628K), 0.0010880 secs] [Times: user=0.01 sys=0.00, real=0.00 secs] 
77.010: Total time for which application threads were stopped: 0.0012260 seconds, Stopping threads took: 0.0000590 seconds
77.068: Application time: 0.0577930 seconds
77.068: [GC77.068: [ParNew: 36540K->4150K(37568K), 0.0018560 secs] 218564K->188222K(383628K), 0.0018950 secs] [Times: user=0.01 sys=0.00, real=0.00 secs] 
77.070: Total time for which application threads were stopped: 0.0020190 seconds, Stopping threads took: 0.0000660 seconds
77.123: Application time: 0.0532370 seconds
77.123: [GC77.123: [ParNew: 36801K->4154K(37568K), 0.0022690 secs] 220873K->191314K(383628K), 0.0023100 secs] [Times: user=0.02 sys=0.00, real=0.01 secs] 
77.126: Total time for which application threads were stopped: 0.0024420 seconds, Stopping threads took: 0.0000650 seconds
77.188: Application time: 0.0625230 seconds
77.188: [GC77.188: [ParNew: 37562K->4154K(37568K), 0.0027040 secs] 224722K->195523K(383628K), 0.0027560 secs] [Times: user=0.02 sys=0.00, real=0.00 secs] 
77.191: Total time for which application threads were stopped: 0.0029150 seconds, Stopping threads took: 0.0000930 seconds
77.250: Application time: 0.0588640 seconds
77.250: [GC77.250: [ParNew: 37140K->4142K(37568K), 0.0023390 secs] 228509K->198625K(383628K), 0.0023820 secs] [Times: user=0.01 sys=0.01, real=0.00 secs] 
77.252: Total time for which application threads were stopped: 0.0025170 seconds, Stopping threads took: 0.0000650 seconds
77.316: Application time: 0.0635760 seconds
77.316: [GC77.316: [ParNew: 37213K->4141K(37568K), 0.0016910 secs] 231697K->199676K(383628K), 0.0017350 secs] [Times: user=0.01 sys=0.00, real=0.01 secs] 
77.318: Total time for which application threads were stopped: 0.0018660 seconds, Stopping threads took: 0.0000620 seconds
77.382: Application time: 0.0636740 seconds
77.382: [GC77.382: [ParNew: 37088K->4131K(37568K), 0.0015830 secs] 232624K->200720K(383628K), 0.0016180 secs] [Times: user=0.01 sys=0.00, real=0.00 secs] 
77.383: Total time for which application threads were stopped: 0.0017430 seconds, Stopping threads took: 0.0000640 seconds
77.441: Application time: 0.0579300 seconds
77.441: [GC77.441: [ParNew: 36821K->4134K(37568K), 0.0016720 secs] 233409K->201746K(383628K), 0.0017110 secs] [Times: user=0.01 sys=0.00, real=0.00 secs] 
77.443: Total time for which application threads were stopped: 0.0018630 seconds, Stopping threads took: 0.0000880 seconds
77.509: Application time: 0.0654140 seconds
77.509: [GC77.509: [ParNew: 37134K->4132K(37568K), 0.0016550 secs] 234747K->202768K(383628K), 0.0016940 secs] [Times: user=0.01 sys=0.00, real=0.00 secs] 
77.510: Total time for which application threads were stopped: 0.0018550 seconds, Stopping threads took: 0.0000950 seconds
77.571: Application time: 0.0603010 seconds
77.571: [GC77.571: [ParNew: 36908K->4130K(37568K), 0.0019940 secs] 235544K->204815K(383628K), 0.0020380 secs] [Times: user=0.01 sys=0.00, real=0.00 secs] 
77.573: Total time for which application threads were stopped: 0.0021830 seconds, Stopping threads took: 0.0000680 seconds
77.638: Application time: 0.0651260 seconds
77.638: [GC77.638: [ParNew: 37102K->3166K(37568K), 0.0013140 secs] 237786K->203850K(383628K), 0.0013460 secs] [Times: user=0.01 sys=0.00, real=0.00 secs] 
77.640: Total time for which application threads were stopped: 0.0015910 seconds, Stopping threads took: 0.0001640 seconds
77.696: Application time: 0.0567540 seconds
77.696: [GC77.696: [ParNew: 36164K->3097K(37568K), 0.0011030 secs] 236848K->203781K(383628K), 0.0011400 secs] [Times: user=0.01 sys=0.00, real=0.00 secs] 
77.698: Total time for which application threads were stopped: 0.0012960 seconds, Stopping threads took: 0.0000920 seconds
77.756: Application time: 0.0588680 seconds
77.757: [GC77.757: [ParNew: 35655K->4116K(37568K), 0.0018520 secs] 236339K->206849K(383628K), 0.0018940 secs] [Times: user=0.02 sys=0.00, real=0.00 secs] 
77.759: Total time for which application threads were stopped: 0.0020480 seconds, Stopping threads took: 0.0000880 seconds
77.811: Application time: 0.0524650 seconds
77.811: [GC77.811: [ParNew: 36777K->4158K(37568K), 0.0020760 secs] 239510K->208978K(383628K), 0.0021220 secs] [Times: user=0.01 sys=0.00, real=0.00 secs] 
77.813: Total time for which application threads were stopped: 0.0022940 seconds, Stopping threads took: 0.0001060 seconds
77.878: Application time: 0.0648560 seconds
77.880: [GC77.880: [ParNew: 37512K->4152K(37568K), 0.0013210 secs] 242333K->209066K(383628K), 0.0013550 secs] [Times: user=0.01 sys=0.00, real=0.00 secs] 
77.882: Total time for which application threads were stopped: 0.0036260 seconds, Stopping threads took: 0.0021900 seconds
77.939: Application time: 0.0574480 seconds
77.939: [GC77.939: [ParNew: 37097K->4140K(37568K), 0.0022700 secs] 242011K->212164K(383628K), 0.0023150 secs] [Times: user=0.01 sys=0.00, real=0.00 secs] 
77.942: Total time for which application threads were stopped: 0.0024560 seconds, Stopping threads took: 0.0000730 seconds
78.004: Application time: 0.0625980 seconds
78.004: [GC78.004: [ParNew: 37215K->4158K(37568K), 0.0019700 secs] 245239K->214258K(383628K), 0.0020120 secs] [Times: user=0.02 sys=0.00, real=0.00 secs] 
78.006: Total time for which application threads were stopped: 0.0021520 seconds, Stopping threads took: 0.0000730 seconds
78.066: Application time: 0.0597500 seconds
78.066: [GC78.066: [ParNew: 36897K->4118K(37568K), 0.0019260 secs] 246998K->216295K(383628K), 0.0019790 secs] [Times: user=0.01 sys=0.01, real=0.00 secs] 
78.068: Total time for which application threads were stopped: 0.0021190 seconds, Stopping threads took: 0.0000710 seconds
78.133: Application time: 0.0644500 seconds
78.133: [GC78.133: [ParNew: 37036K->4116K(37568K), 0.0018280 secs] 249213K->218341K(383628K), 0.0018670 secs] [Times: user=0.01 sys=0.00, real=0.00 secs] 
78.135: Total time for which application threads were stopped: 0.0020180 seconds, Stopping threads took: 0.0000800 seconds
78.195: Application time: 0.0598860 seconds
78.195: [GC78.195: [ParNew: 36989K->4113K(37568K), 0.0023280 secs] 251214K->221410K(383628K), 0.0023700 secs] [Times: user=0.02 sys=0.00, real=0.01 secs] 
78.197: Total time for which application threads were stopped: 0.0025830 seconds, Stopping threads took: 0.0001440 seconds
78.263: Application time: 0.0654000 seconds
78.263: [GC78.263: [ParNew: 37055K->4142K(37568K), 0.0016700 secs] 254352K->222463K(383628K), 0.0017090 secs] [Times: user=0.01 sys=0.00, real=0.01 secs] 
78.265: Total time for which application threads were stopped: 0.0018400 seconds, Stopping threads took: 0.0000610 seconds
78.325: Application time: 0.0608480 seconds
78.326: [GC78.326: [ParNew: 36692K->2123K(37568K), 0.0009290 secs] 255013K->220444K(383628K), 0.0009620 secs] [Times: user=0.00 sys=0.00, real=0.00 secs] 
78.326: Total time for which application threads were stopped: 0.0011050 seconds, Stopping threads took: 0.0000840 seconds
78.385: Application time: 0.0585710 seconds
78.385: [GC78.385: [ParNew: 35295K->4124K(37568K), 0.0013120 secs] 253616K->222445K(383628K), 0.0013480 secs] [Times: user=0.01 sys=0.00, real=0.00 secs] 
78.387: Total time for which application threads were stopped: 0.0014810 seconds, Stopping threads took: 0.0000720 seconds
78.445: Application time: 0.0583050 seconds
78.445: [GC78.445: [ParNew: 36881K->4136K(37568K), 0.0018980 secs] 255202K->224505K(383628K), 0.0019380 secs] [Times: user=0.01 sys=0.00, real=0.00 secs] 
78.447: Total time for which application threads were stopped: 0.0020790 seconds, Stopping threads took: 0.0000750 seconds
78.504: Application time: 0.0568080 seconds
78.504: [GC78.504: [ParNew: 37133K->4159K(37568K), 0.0014530 secs] 257502K->224617K(383628K), 0.0014900 secs] [Times: user=0.01 sys=0.00, real=0.01 secs] 
78.505: Total time for which application threads were stopped: 0.0016210 seconds, Stopping threads took: 0.0000680 seconds
78.566: Application time: 0.0602040 seconds
78.566: [GC78.566: [ParNew: 37058K->4152K(37568K), 0.0020650 secs] 257516K->226708K(383628K), 0.0021050 secs] [Times: user=0.01 sys=0.00, real=0.00 secs] 
78.568: Total time for which application threads were stopped: 0.0022650 seconds, Stopping threads took: 0.0000930 seconds
78.629: Application time: 0.0608280 seconds
78.629: [GC78.630: [ParNew: 37203K->4158K(37568K), 0.0023520 secs] 259758K->228794K(383628K), 0.0039280 secs] [Times: user=0.01 sys=0.00, real=0.00 secs] 
78.633: Total time for which application threads were stopped: 0.0040780 seconds, Stopping threads took: 0.0000840 seconds
78.695: Application time: 0.0624140 seconds
78.695: [GC78.695: [ParNew: 37180K->4157K(37568K), 0.0019100 secs] 261816K->230874K(383628K), 0.0019510 secs] [Times: user=0.01 sys=0.00, real=0.01 secs] 
78.697: Total time for which application threads were stopped: 0.0020930 seconds, Stopping threads took: 0.0000680 seconds
78.755: Application time: 0.0581640 seconds
78.756: [GC78.756: [ParNew: 36879K->4117K(37568K), 0.0016470 secs] 263596K->231882K(383628K), 0.0016850 secs] [Times: user=0.01 sys=0.00, real=0.01 secs] 
78.757: Total time for which application threads were stopped: 0.0018310 seconds, Stopping threads took: 0.0000830 seconds
78.820: Application time: 0.0627800 seconds
78.820: [GC78.820: [ParNew: 37013K->4114K(37568K), 0.0022300 secs] 264778K->234951K(383628K), 0.0022710 secs] [Times: user=0.01 sys=0.00, real=0.00 secs] 
78.822: Total time for which application threads were stopped: 0.0023970 seconds, Stopping threads took: 0.0000600 seconds
78.884: Application time: 0.0620050 seconds
78.885: [GC78.885: [ParNew: 37061K->4130K(37568K), 0.0019730 secs] 267898K->237015K(383628K), 0.0020110 secs] [Times: user=0.01 sys=0.00, real=0.00 secs] 
78.887: Total time for which application threads were stopped: 0.0021620 seconds, Stopping threads took: 0.0000810 seconds
78.948: Application time: 0.0618780 seconds
78.949: [GC78.949: [ParNew: 36896K->4158K(37568K), 0.0014430 secs] 269782K->237046K(383628K), 0.0014810 secs] [Times: user=0.01 sys=0.00, real=0.00 secs] 
78.950: Total time for which application threads were stopped: 0.0016200 seconds, Stopping threads took: 0.0000720 seconds
79.013: Application time: 0.0624500 seconds
79.013: [GC79.013: [ParNew: 36837K->3117K(37568K), 0.0010980 secs] 269725K->236005K(383628K), 0.0011330 secs] [Times: user=0.01 sys=0.00, real=0.00 secs] 
79.014: Total time for which application threads were stopped: 0.0012790 seconds, Stopping threads took: 0.0000840 seconds
79.072: Application time: 0.0581240 seconds
79.072: [GC79.072: [ParNew: 36401K->4117K(37568K), 0.0014540 secs] 269289K->237005K(383628K), 0.0014900 secs] [Times: user=0.01 sys=0.00, real=0.00 secs] 
79.074: Total time for which application threads were stopped: 0.0016030 seconds, Stopping threads took: 0.0000540 seconds
79.132: Application time: 0.0583860 seconds
79.132: [GC79.132: [ParNew: 36751K->4112K(37568K), 0.0022130 secs] 269639K->240072K(383628K), 0.0022530 secs] [Times: user=0.01 sys=0.00, real=0.00 secs] 
79.134: Total time for which application threads were stopped: 0.0023840 seconds, Stopping threads took: 0.0000610 seconds
79.193: Application time: 0.0584460 seconds
79.193: [GC79.193: [ParNew: 37125K->4156K(37568K), 0.0017640 secs] 273085K->241228K(383628K), 0.0018040 secs] [Times: user=0.02 sys=0.00, real=0.00 secs] 
79.195: Total time for which application threads were stopped: 0.0019300 seconds, Stopping threads took: 0.0000580 seconds
79.253: Application time: 0.0582920 seconds
79.253: [GC79.253: [ParNew: 37049K->4152K(37568K), 0.0024510 secs] 274122K->244338K(383628K), 0.0024930 secs] [Times: user=0.02 sys=0.00, real=0.00 secs] 
79.256: Total time for which application threads were stopped: 0.0026370 seconds, Stopping threads took: 0.0000650 seconds
79.322: Application time: 0.0660230 seconds
79.322: [GC79.322: [ParNew: 37271K->4159K(37568K), 0.0016210 secs] 277457K->245410K(383628K), 0.0016600 secs] [Times: user=0.01 sys=0.00, real=0.00 secs] 
79.323: Total time for which application threads were stopped: 0.0017760 seconds, Stopping threads took: 0.0000540 seconds
79.378: Application time: 0.0546920 seconds
79.378: [GC79.378: [ParNew: 36887K->4144K(37568K), 0.0019930 secs] 278139K->247472K(383628K), 0.0020450 secs] [Times: user=0.01 sys=0.01, real=0.00 secs] 
79.380: Total time for which application threads were stopped: 0.0021940 seconds, Stopping threads took: 0.0000680 seconds
79.446: Application time: 0.0659560 seconds
79.446: [GC79.446: [ParNew: 37167K->4114K(37568K), 0.0016540 secs] 280495K->248495K(383628K), 0.0016920 secs] [Times: user=0.01 sys=0.00, real=0.00 secs] 
79.448: Total time for which application threads were stopped: 0.0018370 seconds, Stopping threads took: 0.0000800 seconds
79.508: Application time: 0.0595470 seconds
79.508: [GC79.508: [ParNew: 36937K->4130K(37568K), 0.0019830 secs] 281318K->250559K(383628K), 0.0020230 secs] [Times: user=0.02 sys=0.00, real=0.00 secs] 
79.510: Total time for which application threads were stopped: 0.0021860 seconds, Stopping threads took: 0.0000970 seconds
79.571: Application time: 0.0616240 seconds
79.572: [GC79.572: [ParNew: 36919K->4157K(37568K), 0.0017640 secs] 283348K->251610K(383628K), 0.0018070 secs] [Times: user=0.01 sys=0.00, real=0.00 secs] 
79.573: Total time for which application threads were stopped: 0.0019730 seconds, Stopping threads took: 0.0001010 seconds
79.633: Application time: 0.0599080 seconds
79.633: [GC79.634: [ParNew: 36712K->4113K(37568K), 0.0016560 secs] 284165K->252590K(383628K), 0.0016930 secs] [Times: user=0.01 sys=0.00, real=0.00 secs] 
79.635: Total time for which application threads were stopped: 0.0018310 seconds, Stopping threads took: 0.0000690 seconds
79.700: Application time: 0.0650220 seconds
79.700: [GC79.700: [ParNew: 37054K->3144K(37568K), 0.0010970 secs] 285531K->251621K(383628K), 0.0011300 secs] [Times: user=0.00 sys=0.00, real=0.00 secs] 
79.702: Total time for which application threads were stopped: 0.0013300 seconds, Stopping threads took: 0.0001400 seconds
79.757: Application time: 0.0554490 seconds
79.757: [GC79.757: [ParNew: 36336K->4120K(37568K), 0.0017540 secs] 284813K->253621K(383628K), 0.0017910 secs] [Times: user=0.01 sys=0.00, real=0.00 secs] 
79.759: Total time for which application threads were stopped: 0.0019370 seconds, Stopping threads took: 0.0000710 seconds
79.818: Application time: 0.0588490 seconds
79.818: [GC79.818: [ParNew: 36966K->4112K(37568K), 0.0023750 secs] 286467K->256685K(383628K), 0.0024190 secs] [Times: user=0.02 sys=0.00, real=0.00 secs] 
79.820: Total time for which application threads were stopped: 0.0025830 seconds, Stopping threads took: 0.0000930 seconds
79.886: Application time: 0.0651330 seconds
79.886: [GC79.886: [ParNew: 37520K->4159K(37568K), 0.0014390 secs] 290093K->256838K(383628K), 0.0014760 secs] [Times: user=0.01 sys=0.00, real=0.00 secs] 
79.887: Total time for which application threads were stopped: 0.0015930 seconds, Stopping threads took: 0.0000520 seconds
79.943: Application time: 0.0555330 seconds
79.943: [GC79.943: [ParNew: 36799K->4156K(37568K), 0.0016800 secs] 289478K->257886K(383628K), 0.0017200 secs] [Times: user=0.02 sys=0.00, real=0.01 secs] 
79.945: Total time for which application threads were stopped: 0.0018750 seconds, Stopping threads took: 0.0000910 seconds
80.009: Application time: 0.0647700 seconds
80.009: [GC80.009: [ParNew: 37188K->4148K(37568K), 0.0015200 secs] 290917K->258942K(383628K), 0.0015550 secs] [Times: user=0.02 sys=0.00, real=0.00 secs] 
80.011: Total time for which application threads were stopped: 0.0016780 seconds, Stopping threads took: 0.0000620 seconds
80.067: Application time: 0.0564030 seconds
80.068: [GC80.068: [ParNew: 36963K->4158K(37568K), 0.0018010 secs] 291758K->260005K(383628K), 0.0018390 secs] [Times: user=0.01 sys=0.00, real=0.00 secs] 
80.069: Total time for which application threads were stopped: 0.0020440 seconds, Stopping threads took: 0.0001390 seconds
80.133: Application time: 0.0634510 seconds
80.133: [GC80.133: [ParNew: 37056K->4122K(37568K), 0.0019920 secs] 292903K->262045K(383628K), 0.0020350 secs] [Times: user=0.02 sys=0.00, real=0.00 secs] 
80.135: Total time for which application threads were stopped: 0.0021670 seconds, Stopping threads took: 0.0000650 seconds
80.197: Application time: 0.0623350 seconds
80.198: [GC80.198: [ParNew: 37020K->4154K(37568K), 0.0014100 secs] 294943K->262077K(383628K), 0.0014550 secs] [Times: user=0.01 sys=0.00, real=0.00 secs] 
80.199: Total time for which application threads were stopped: 0.0016050 seconds, Stopping threads took: 0.0000870 seconds
80.259: Application time: 0.0596240 seconds
80.259: [GC80.259: [ParNew: 36650K->4120K(37568K), 0.0016770 secs] 294573K->263068K(383628K), 0.0017170 secs] [Times: user=0.02 sys=0.00, real=0.00 secs] 
80.261: Total time for which application threads were stopped: 0.0018670 seconds, Stopping threads took: 0.0000750 seconds
80.322: Application time: 0.0617430 seconds
80.322: [GC80.322: [ParNew: 36908K->4140K(37568K), 0.0014060 secs] 295855K->263087K(383628K), 0.0014370 secs] [Times: user=0.01 sys=0.00, real=0.00 secs] 
80.324: Total time for which application threads were stopped: 0.0015550 seconds, Stopping threads took: 0.0000580 seconds
80.385: Application time: 0.0614740 seconds
80.385: [GC80.385: [ParNew: 36900K->4135K(37568K), 0.0016260 secs] 295847K->264106K(383628K), 0.0016630 secs] [Times: user=0.02 sys=0.00, real=0.00 secs] 
80.387: Total time for which application threads were stopped: 0.0017920 seconds, Stopping threads took: 0.0000650 seconds
80.447: Application time: 0.0601800 seconds
80.447: [GC80.447: [ParNew: 36676K->2087K(37568K), 0.0009630 secs] 296647K->262058K(383628K), 0.0009960 secs] [Times: user=0.00 sys=0.00, real=0.00 secs] 
80.448: Total time for which application threads were stopped: 0.0011060 seconds, Stopping threads took: 0.0000520 seconds
80.508: Application time: 0.0595450 seconds
80.508: [GC80.508: [ParNew: 34760K->4117K(37568K), 0.0017710 secs] 294732K->265112K(383628K), 0.0018080 secs] [Times: user=0.01 sys=0.00, real=0.00 secs] 
80.510: Total time for which application threads were stopped: 0.0020070 seconds, Stopping threads took: 0.0001320 seconds
80.565: Application time: 0.0554540 seconds
80.566: [GC80.566: [ParNew: 36936K->4158K(37568K), 0.0016600 secs] 297932K->266254K(383628K), 0.0016990 secs] [Times: user=0.02 sys=0.00, real=0.00 secs] 
80.567: Total time for which application threads were stopped: 0.0019070 seconds, Stopping threads took: 0.0001400 seconds
80.628: Application time: 0.0610330 seconds
80.628: [GC80.628: [ParNew: 37220K->4158K(37568K), 0.0023810 secs] 299316K->269379K(383628K), 0.0024220 secs] [Times: user=0.01 sys=0.00, real=0.00 secs] 
80.631: Total time for which application threads were stopped: 0.0025440 seconds, Stopping threads took: 0.0000540 seconds
80.691: Application time: 0.0598030 seconds
80.691: [GC80.691: [ParNew: 37160K->4144K(37568K), 0.0021110 secs] 302382K->271455K(383628K), 0.0021510 secs] [Times: user=0.01 sys=0.00, real=0.00 secs] 
80.693: Total time for which application threads were stopped: 0.0023110 seconds, Stopping threads took: 0.0000930 seconds
80.754: Application time: 0.0613890 seconds
80.755: [GC80.755: [ParNew: 37157K->4141K(37568K), 0.0020090 secs] 304467K->273528K(383628K), 0.0020520 secs] [Times: user=0.02 sys=0.00, real=0.01 secs] 
80.757: Total time for which application threads were stopped: 0.0022090 seconds, Stopping threads took: 0.0000890 seconds
80.820: Application time: 0.0632120 seconds
80.820: [GC80.820: [ParNew: 37082K->4150K(37568K), 0.0017760 secs] 306470K->274590K(383628K), 0.0018100 secs] [Times: user=0.00 sys=0.01, real=0.00 secs] 
80.822: Total time for which application threads were stopped: 0.0023000 seconds, Stopping threads took: 0.0004160 seconds
80.884: Application time: 0.0619210 seconds
80.884: [GC80.884: [ParNew: 36818K->4147K(37568K), 0.0013210 secs] 307258K->274587K(383628K), 0.0013560 secs] [Times: user=0.01 sys=0.00, real=0.01 secs] 
80.886: Total time for which application threads were stopped: 0.0014760 seconds, Stopping threads took: 0.0000570 seconds
80.943: Application time: 0.0574840 seconds
80.943: [GC80.943: [ParNew: 36638K->4118K(37568K), 0.0016330 secs] 307077K->275582K(383628K), 0.0016710 secs] [Times: user=0.02 sys=0.00, real=0.01 secs] 
80.945: Total time for which application threads were stopped: 0.0017920 seconds, Stopping threads took: 0.0000560 seconds
81.007: Application time: 0.0624320 seconds
81.007: [GC81.007: [ParNew: 37057K->4110K(37568K), 0.0022400 secs] 308521K->278646K(383628K), 0.0022870 secs] [Times: user=0.01 sys=0.00, real=0.00 secs] 
81.010: Total time for which application threads were stopped: 0.0024200 seconds, Stopping threads took: 0.0000670 seconds
81.068: Application time: 0.0583790 seconds
81.068: [GC81.068: [ParNew: 37518K->4134K(37568K), 0.0018800 secs] 312054K->279694K(383628K), 0.0019150 secs] [Times: user=0.01 sys=0.00, real=0.00 secs] 
81.070: Total time for which application threads were stopped: 0.0021100 seconds, Stopping threads took: 0.0001310 seconds
81.132: Application time: 0.0623240 seconds
81.133: [GC81.133: [ParNew: 36941K->4122K(37568K), 0.0013540 secs] 312501K->279682K(383628K), 0.0013890 secs] [Times: user=0.02 sys=0.00, real=0.00 secs] 
81.134: Total time for which application threads were stopped: 0.0015040 seconds, Stopping threads took: 0.0000490 seconds
81.196: Application time: 0.0615760 seconds
81.196: [GC81.196: [ParNew: 36665K->4144K(37568K), 0.0019220 secs] 312225K->281752K(383628K), 0.0019610 secs] [Times: user=0.01 sys=0.00, real=0.01 secs] 
81.198: Total time for which application threads were stopped: 0.0020820 seconds, Stopping threads took: 0.0000540 seconds
81.256: Application time: 0.0579380 seconds
81.256: [GC81.256: [ParNew: 37099K->4152K(37568K), 0.0018240 secs] 314706K->282837K(383628K), 0.0018610 secs] [Times: user=0.01 sys=0.00, real=0.01 secs] 
81.258: Total time for which application threads were stopped: 0.0020070 seconds, Stopping threads took: 0.0000840 seconds
81.315: Application time: 0.0576460 seconds
81.315: [GC81.315: [ParNew: 37258K->4157K(37568K), 0.0019350 secs] 315943K->284963K(383628K), 0.0019780 secs] [Times: user=0.01 sys=0.00, real=0.01 secs] 
81.317: Total time for which application threads were stopped: 0.0021110 seconds, Stopping threads took: 0.0000660 seconds
81.380: Application time: 0.0629300 seconds
81.380: [GC81.380: [ParNew: 37270K->4143K(37568K), 0.0019740 secs] 318076K->287042K(383628K), 0.0020110 secs] [Times: user=0.02 sys=0.00, real=0.00 secs] 
81.382: Total time for which application threads were stopped: 0.0021790 seconds, Stopping threads took: 0.0000960 seconds
81.444: Application time: 0.0615370 seconds
81.444: [GC81.444: [ParNew: 37151K->4143K(37568K), 0.0022640 secs] 320050K->290143K(383628K), 0.0023070 secs] [Times: user=0.01 sys=0.00, real=0.01 secs] 
81.446: Total time for which application threads were stopped: 0.0024630 seconds, Stopping threads took: 0.0000870 seconds
81.447: Application time: 0.0000670 seconds
81.447: [GC [1 CMS-initial-mark: 285999K(346060K)] 291167K(383628K), 0.0001370 secs] [Times: user=0.00 sys=0.00, real=0.00 secs] 
81.447: Total time for which application threads were stopped: 0.0003590 seconds, Stopping threads took: 0.0001950 seconds
81.447: [CMS-concurrent-mark-start]
81.451: [CMS-concurrent-mark: 0.004/0.004 secs] [Times: user=0.02 sys=0.00, real=0.00 secs] 
81.451: [CMS-concurrent-preclean-start]
81.451: [CMS-concurrent-preclean: 0.001/0.001 secs] [Times: user=0.00 sys=0.00, real=0.00 secs] 
81.451: [CMS-concurrent-abortable-preclean-start]
81.509: Application time: 0.0616980 seconds
81.509: [GC81.509: [ParNew: 36978K->4128K(37568K), 0.0021130 secs] 322978K->292204K(383628K), 0.0021520 secs] [Times: user=0.02 sys=0.00, real=0.00 secs] 
81.511: Total time for which application threads were stopped: 0.0022890 seconds, Stopping threads took: 0.0000700 seconds
81.574: Application time: 0.0634880 seconds
81.574: [GC81.574: [ParNew: 36907K->4133K(37568K), 0.0014890 secs] 324984K->292209K(383628K), 0.0015210 secs] [Times: user=0.01 sys=0.00, real=0.00 secs] 
81.576: Total time for which application threads were stopped: 0.0016470 seconds, Stopping threads took: 0.0000650 seconds
81.638: Application time: 0.0623750 seconds
81.639: [GC81.639: [ParNew: 36939K->4150K(37568K), 0.0016910 secs] 325015K->293250K(383628K), 0.0017290 secs] [Times: user=0.01 sys=0.00, real=0.00 secs] 
81.640: Total time for which application threads were stopped: 0.0018730 seconds, Stopping threads took: 0.0000770 seconds
81.699: Application time: 0.0590270 seconds
81.699: [GC81.699: [ParNew: 36623K->4116K(37568K), 0.0015120 secs] 325724K->293216K(383628K), 0.0015570 secs] [Times: user=0.01 sys=0.00, real=0.00 secs] 
81.701: Total time for which application threads were stopped: 0.0016920 seconds, Stopping threads took: 0.0000710 seconds
81.762: Application time: 0.0615040 seconds
81.763: [GC81.763: [ParNew: 36739K->4137K(37568K), 0.0013900 secs] 325839K->293237K(383628K), 0.0014300 secs] [Times: user=0.01 sys=0.00, real=0.00 secs] 
81.764: Total time for which application threads were stopped: 0.0015730 seconds, Stopping threads took: 0.0000750 seconds
81.822: Application time: 0.0578650 seconds
81.822: [GC81.822: [ParNew: 36522K->4142K(37568K), 0.0016950 secs] 325622K->294266K(383628K), 0.0017330 secs] [Times: user=0.01 sys=0.00, real=0.00 secs] 
81.824: Total time for which application threads were stopped: 0.0018560 seconds, Stopping threads took: 0.0000570 seconds
81.880: Application time: 0.0566370 seconds
81.881: [GC81.881: [ParNew: 36595K->4119K(37568K), 0.0017480 secs] 326719K->295267K(383628K), 0.0017870 secs] [Times: user=0.02 sys=0.00, real=0.00 secs] 
81.882: Total time for which application threads were stopped: 0.0019240 seconds, Stopping threads took: 0.0000700 seconds
81.945: Application time: 0.0623620 seconds
81.945: [GC81.945: [ParNew: 37219K->4152K(37568K), 0.0017990 secs] 328367K->297365K(383628K), 0.0018350 secs] [Times: user=0.02 sys=0.00, real=0.00 secs] 
81.947: Total time for which application threads were stopped: 0.0019690 seconds, Stopping threads took: 0.0000640 seconds
82.003: Application time: 0.0566750 seconds
82.003: [GC82.004: [ParNew: 37462K->4152K(37568K), 0.0023310 secs] 330674K->300549K(383628K), 0.0023710 secs] [Times: user=0.02 sys=0.00, real=0.01 secs] 
82.006: Total time for which application threads were stopped: 0.0025100 seconds, Stopping threads took: 0.0000720 seconds
82.074: Application time: 0.0677480 seconds
82.075: [GC82.075: [ParNew: 37156K->4139K(37568K), 0.0021440 secs] 333554K->302627K(383628K), 0.0021790 secs] [Times: user=0.02 sys=0.00, real=0.01 secs] 
82.077: Total time for which application threads were stopped: 0.0037680 seconds, Stopping threads took: 0.0015210 seconds
82.141: Application time: 0.0635950 seconds
82.141: [GC82.141: [ParNew: 37099K->4140K(37568K), 0.0017260 secs] 335586K->303680K(383628K), 0.0017650 secs] [Times: user=0.01 sys=0.00, real=0.00 secs] 
82.143: Total time for which application threads were stopped: 0.0019030 seconds, Stopping threads took: 0.0000700 seconds
82.206: Application time: 0.0631850 seconds
82.206: [GC82.206: [ParNew: 37041K->4118K(37568K), 0.0018610 secs] 336581K->305734K(383628K), 0.0019040 secs] [Times: user=0.01 sys=0.00, real=0.00 secs] 
82.208: Total time for which application threads were stopped: 0.0020580 seconds, Stopping threads took: 0.0000860 seconds
82.269: Application time: 0.0607010 seconds
82.269: [GC82.269: [ParNew: 36985K->4114K(37568K), 0.0020850 secs] 338601K->307778K(383628K), 0.0021250 secs] [Times: user=0.02 sys=0.00, real=0.00 secs] 
82.271: Total time for which application threads were stopped: 0.0022880 seconds, Stopping threads took: 0.0000950 seconds
82.332: Application time: 0.0609080 seconds
82.332: [GC82.332: [ParNew: 36929K->4130K(37568K), 0.0021030 secs] 340594K->309842K(383628K), 0.0021450 secs] [Times: user=0.01 sys=0.01, real=0.00 secs] 
82.334: Total time for which application threads were stopped: 0.0022920 seconds, Stopping threads took: 0.0000750 seconds
82.400: Application time: 0.0654000 seconds
82.400: [GC82.400: [ParNew: 37134K->4142K(37568K), 0.0016760 secs] 342846K->310878K(383628K), 0.0017140 secs] [Times: user=0.01 sys=0.00, real=0.00 secs] 
82.402: Total time for which application threads were stopped: 0.0019070 seconds, Stopping threads took: 0.0001260 seconds
82.463: Application time: 0.0613990 seconds
82.463: [GC82.463: [ParNew: 37550K->3159K(37568K), 0.0010850 secs] 344286K->309895K(383628K), 0.0011290 secs] [Times: user=0.01 sys=0.00, real=0.01 secs] 
82.464: Total time for which application threads were stopped: 0.0012640 seconds, Stopping threads took: 0.0000480 seconds
82.525: Application time: 0.0606250 seconds
82.528: [GC82.528: [ParNew: 36531K->3109K(37568K), 0.0012390 secs] 343268K->309845K(383628K), 0.0012710 secs] [Times: user=0.01 sys=0.00, real=0.00 secs] 
82.530: Total time for which application threads were stopped: 0.0047030 seconds, Stopping threads took: 0.0033770 seconds
82.583: Application time: 0.0536140 seconds
82.583: [GC82.583: [ParNew: 35509K->4133K(37568K), 0.0017290 secs] 342246K->311894K(383628K), 0.0017680 secs] [Times: user=0.02 sys=0.00, real=0.01 secs] 
82.585: Total time for which application threads were stopped: 0.0019050 seconds, Stopping threads took: 0.0000720 seconds
82.646: Application time: 0.0609080 seconds
82.646: [GC82.646: [ParNew: 37304K->4159K(37568K), 0.0016650 secs] 345065K->313000K(383628K), 0.0017010 secs] [Times: user=0.01 sys=0.00, real=0.00 secs] 
82.648: Total time for which application threads were stopped: 0.0018200 seconds, Stopping threads took: 0.0000550 seconds
82.708: Application time: 0.0600470 seconds
82.708: [GC82.708: [ParNew: 37330K->4159K(37568K), 0.0020690 secs] 346171K->315118K(383628K), 0.0021160 secs] [Times: user=0.01 sys=0.01, real=0.00 secs] 
82.710: Total time for which application threads were stopped: 0.0022490 seconds, Stopping threads took: 0.0000620 seconds
82.772: Application time: 0.0617300 seconds
82.772: [GC82.772: [ParNew: 37151K->4141K(37568K), 0.0020150 secs] 348109K->317193K(383628K), 0.0020550 secs] [Times: user=0.02 sys=0.00, real=0.00 secs] 
82.774: Total time for which application threads were stopped: 0.0021830 seconds, Stopping threads took: 0.0000630 seconds
82.836: Application time: 0.0617720 seconds
82.836: [GC82.836: [ParNew: 37217K->4159K(37568K), 0.0019530 secs] 350269K->319288K(383628K), 0.0019950 secs] [Times: user=0.02 sys=0.00, real=0.01 secs] 
82.838: Total time for which application threads were stopped: 0.0021300 seconds, Stopping threads took: 0.0000650 seconds
82.898: Application time: 0.0598630 seconds
82.898: [GC82.898: [ParNew: 36902K->4116K(37568K), 0.0019460 secs] 352031K->321321K(383628K), 0.0019880 secs] [Times: user=0.01 sys=0.00, real=0.00 secs] 
82.900: Total time for which application threads were stopped: 0.0021370 seconds, Stopping threads took: 0.0000830 seconds
82.962: Application time: 0.0620790 seconds
82.962: [GC82.962: [ParNew: 36986K->4112K(37568K), 0.0022380 secs] 354191K->324389K(383628K), 0.0022800 secs] [Times: user=0.02 sys=0.00, real=0.01 secs] 
82.965: Total time for which application threads were stopped: 0.0024380 seconds, Stopping threads took: 0.0000890 seconds
83.029: Application time: 0.0640150 seconds
83.029: [GC83.029: [ParNew: 37078K->4135K(37568K), 0.0017100 secs] 357355K->325436K(383628K), 0.0017460 secs] [Times: user=0.01 sys=0.00, real=0.00 secs] 
83.031: Total time for which application threads were stopped: 0.0019540 seconds, Stopping threads took: 0.0001350 seconds
83.091: Application time: 0.0608420 seconds
83.091: [GC83.092: [ParNew: 36834K->4158K(37568K), 0.0014490 secs] 358135K->325463K(383628K), 0.0014850 secs] [Times: user=0.01 sys=0.00, real=0.00 secs] 
83.093: Total time for which application threads were stopped: 0.0016210 seconds, Stopping threads took: 0.0000720 seconds
83.155: Application time: 0.0617250 seconds
83.155: [GC83.155: [ParNew: 37565K->3118K(37568K), 0.0010910 secs] 358870K->324423K(383628K), 0.0011220 secs] [Times: user=0.01 sys=0.00, real=0.00 secs] 
83.156: Total time for which application threads were stopped: 0.0012580 seconds, Stopping threads took: 0.0000720 seconds
83.218: Application time: 0.0618740 seconds
83.218: [GC83.218: [ParNew: 35638K->2096K(37568K), 0.0007850 secs] 356943K->323401K(383628K), 0.0008190 secs] [Times: user=0.01 sys=0.00, real=0.00 secs] 
83.219: Total time for which application threads were stopped: 0.0009680 seconds, Stopping threads took: 0.0000920 seconds
83.271: Application time: 0.0518560 seconds
83.271: [GC83.271: [ParNew: 35504K->4120K(37568K), 0.0025310 secs] 356809K->329521K(383628K), 0.0025840 secs] [Times: user=0.02 sys=0.00, real=0.00 secs] 
83.273: Total time for which application threads were stopped: 0.0027470 seconds, Stopping threads took: 0.0000960 seconds
83.335: Application time: 0.0612690 seconds
83.335: [GC83.335: [ParNew: 37377K->4157K(37568K), 0.0017310 secs] 362778K->330638K(383628K), 0.0017730 secs] [Times: user=0.01 sys=0.00, real=0.01 secs] 
83.337: Total time for which application threads were stopped: 0.0019500 seconds, Stopping threads took: 0.0001080 seconds
83.400: Application time: 0.0634400 seconds
83.400: [GC83.400: [ParNew: 37424K->4152K(37568K), 0.0019310 secs] 363905K->332758K(383628K), 0.0019680 secs] [Times: user=0.01 sys=0.00, real=0.00 secs] 
83.402: Total time for which application threads were stopped: 0.0021020 seconds, Stopping threads took: 0.0000670 seconds
83.462: Application time: 0.0601240 seconds
83.462: [GC83.462: [ParNew: 36914K->4151K(37568K), 0.0013690 secs] 365520K->332811K(383628K), 0.0014070 secs] [Times: user=0.01 sys=0.00, real=0.00 secs] 
83.464: Total time for which application threads were stopped: 0.0015320 seconds, Stopping threads took: 0.0000590 seconds
83.526: Application time: 0.0622540 seconds
83.526: [GC83.526: [ParNew: 37051K->4142K(37568K), 0.0016310 secs] 365711K->333839K(383628K), 0.0016670 secs] [Times: user=0.01 sys=0.00, real=0.00 secs] 
83.528: Total time for which application threads were stopped: 0.0018010 seconds, Stopping threads took: 0.0000700 seconds
83.586: Application time: 0.0580210 seconds
83.586: [GC83.586: [ParNew: 36976K->4112K(37568K), 0.0023180 secs] 366673K->336909K(383628K), 0.0023590 secs] [Times: user=0.01 sys=0.00, real=0.00 secs] 
83.588: Total time for which application threads were stopped: 0.0025060 seconds, Stopping threads took: 0.0000730 seconds
83.651: Application time: 0.0627670 seconds
83.651: [GC83.651: [ParNew: 37076K->4112K(37568K), 0.0025010 secs] 369873K->339981K(383628K), 0.0025450 secs] [Times: user=0.02 sys=0.00, real=0.00 secs] 
83.654: Total time for which application threads were stopped: 0.0026840 seconds, Stopping threads took: 0.0000740 seconds
83.713: Application time: 0.0587950 seconds
83.713: [GC83.713: [ParNew: 36783K->4112K(37568K), 0.0020920 secs] 372652K->342029K(383628K), 0.0021350 secs] [Times: user=0.02 sys=0.00, real=0.00 secs] 
83.715: Total time for which application threads were stopped: 0.0023290 seconds, Stopping threads took: 0.0001210 seconds
83.780: Application time: 0.0654230 seconds
83.781: [GC83.781: [ParNew: 37065K->3110K(37568K), 0.0012450 secs] 374982K->341027K(383628K), 0.0012790 secs] [Times: user=0.01 sys=0.00, real=0.00 secs] 
83.782: Total time for which application threads were stopped: 0.0014060 seconds, Stopping threads took: 0.0000600 seconds
83.847: Application time: 0.0647090 seconds
83.847: [GC83.847: [ParNew: 36026K->3128K(37568K), 0.0010890 secs] 373943K->341045K(383628K), 0.0011240 secs] [Times: user=0.01 sys=0.00, real=0.00 secs] 
83.848: Total time for which application threads were stopped: 0.0012580 seconds, Stopping threads took: 0.0000700 seconds
83.907: Application time: 0.0595780 seconds
83.908: [GC83.908: [ParNew: 36536K->3158K(37568K), 0.0011210 secs] 374453K->341075K(383628K), 0.0011530 secs] [Times: user=0.01 sys=0.00, real=0.00 secs] 
83.909: Total time for which application threads were stopped: 0.0012890 seconds, Stopping threads took: 0.0000750 seconds
83.966: Application time: 0.0573050 seconds
83.966: [GC83.966: [ParNew: 36333K->4114K(37568K), 0.0018920 secs] 374250K->344079K(383628K), 0.0019310 secs] [Times: user=0.01 sys=0.00, real=0.00 secs] 
83.968: Total time for which application threads were stopped: 0.0020680 seconds, Stopping threads took: 0.0000710 seconds
84.023: Application time: 0.0551810 seconds
84.023: [GC84.023: [ParNew: 37206K->4158K(37568K), 0.0023490 secs] 377171K->347235K(383628K), 0.0023920 secs] [Times: user=0.02 sys=0.00, real=0.01 secs] 
84.026: Total time for which application threads were stopped: 0.0025690 seconds, Stopping threads took: 0.0001110 seconds
84.090: Application time: 0.0636710 seconds
84.090: [GC84.090: [ParNew: 37444K->4152K(37568K), 0.0019870 secs] 380521K->349371K(383628K), 0.0020360 secs] [Times: user=0.02 sys=0.00, real=0.00 secs] 
84.092: Total time for which application threads were stopped: 0.0022080 seconds, Stopping threads took: 0.0000940 seconds
84.156: Application time: 0.0639700 seconds
84.156: [GC84.156: [ParNew: 37239K->4156K(37568K), 0.0016790 secs] 382458K->350440K(384656K), 0.0017180 secs] [Times: user=0.01 sys=0.00, real=0.01 secs] 
84.158: Total time for which application threads were stopped: 0.0018460 seconds, Stopping threads took: 0.0000630 seconds
84.215: Application time: 0.0576660 seconds
84.215: [GC84.215: [ParNew: 36789K->4149K(37568K), 0.0014570 secs] 383073K->350458K(384656K), 0.0014930 secs] [Times: user=0.01 sys=0.00, real=0.01 secs] 
84.217: Total time for which application threads were stopped: 0.0016260 seconds, Stopping threads took: 0.0000690 seconds
84.281: Application time: 0.0646130 seconds
84.284: [GC84.284: [ParNew: 37097K->4115K(37568K), 0.0014830 secs] 383406K->350452K(384656K), 0.0015170 secs] [Times: user=0.01 sys=0.00, real=0.00 secs] 
84.286: Total time for which application threads were stopped: 0.0044910 seconds, Stopping threads took: 0.0029120 seconds
84.345: Application time: 0.0590140 seconds
84.345: [GC84.345: [ParNew: 36879K->4112K(37568K), 0.0021800 secs] 383216K->353521K(387740K), 0.0022200 secs] [Times: user=0.02 sys=0.00, real=0.00 secs] 
84.347: Total time for which application threads were stopped: 0.0023560 seconds, Stopping threads took: 0.0000700 seconds
84.410: Application time: 0.0627690 seconds
84.410: [GC84.410: [ParNew: 37034K->4135K(37568K), 0.0018080 secs] 386443K->355592K(389796K), 0.0018460 secs] [Times: user=0.02 sys=0.00, real=0.00 secs] 
84.412: Total time for which application threads were stopped: 0.0019800 seconds, Stopping threads took: 0.0000700 seconds
84.471: Application time: 0.0593290 seconds
84.472: [GC84.472: [ParNew: 36808K->4129K(37568K), 0.0014790 secs] 388265K->355587K(389796K), 0.0015120 secs] [Times: user=0.01 sys=0.00, real=0.00 secs] 
84.473: Total time for which application threads were stopped: 0.0017960 seconds, Stopping threads took: 0.0002200 seconds
84.536: Application time: 0.0626200 seconds
84.536: [GC84.536: [ParNew: 36752K->3111K(37568K), 0.0012650 secs] 388209K->354569K(389796K), 0.0012990 secs] [Times: user=0.01 sys=0.00, real=0.01 secs] 
84.537: Total time for which application threads were stopped: 0.0014220 seconds, Stopping threads took: 0.0000580 seconds
84.600: Application time: 0.0629520 seconds
84.600: [GC84.600: [ParNew: 35774K->3115K(37568K), 0.0010110 secs] 387231K->354572K(389796K), 0.0010440 secs] [Times: user=0.00 sys=0.00, real=0.00 secs] 
84.601: Total time for which application threads were stopped: 0.0011930 seconds, Stopping threads took: 0.0000810 seconds
84.658: Application time: 0.0570450 seconds
84.659: [GC84.659: [ParNew: 36457K->4119K(37568K), 0.0013740 secs] 387914K->355576K(389796K), 0.0014100 secs] [Times: user=0.01 sys=0.00, real=0.00 secs] 
84.660: Total time for which application threads were stopped: 0.0015340 seconds, Stopping threads took: 0.0000610 seconds
84.716: Application time: 0.0565180 seconds
84.717: [GC84.717: [ParNew: 37147K->4156K(37568K), 0.0021910 secs] 388604K->358725K(392880K), 0.0022310 secs] [Times: user=0.01 sys=0.00, real=0.00 secs] 
84.719: Total time for which application threads were stopped: 0.0023700 seconds, Stopping threads took: 0.0000710 seconds
84.782: Application time: 0.0631880 seconds
84.782: [GC84.782: [ParNew: 37456K->4155K(37568K), 0.0018600 secs] 392026K->360858K(394936K), 0.0019030 secs] [Times: user=0.01 sys=0.00, real=0.00 secs] 
84.784: Total time for which application threads were stopped: 0.0020260 seconds, Stopping threads took: 0.0000560 seconds
84.842: Application time: 0.0583940 seconds
84.843: [GC84.843: [ParNew: 36965K->4158K(37568K), 0.0016520 secs] 393669K->361930K(395964K), 0.0016990 secs] [Times: user=0.01 sys=0.01, real=0.01 secs] 
84.844: Total time for which application threads were stopped: 0.0018400 seconds, Stopping threads took: 0.0000720 seconds
84.907: Application time: 0.0624870 seconds
84.907: [GC84.907: [ParNew: 37098K->4145K(37568K), 0.0017290 secs] 394871K->362987K(396992K), 0.0017750 secs] [Times: user=0.02 sys=0.00, real=0.00 secs] 
84.909: Total time for which application threads were stopped: 0.0019240 seconds, Stopping threads took: 0.0000860 seconds
84.971: Application time: 0.0619940 seconds
84.971: [GC84.971: [ParNew: 36930K->4120K(37568K), 0.0018340 secs] 395772K->365022K(399048K), 0.0018710 secs] [Times: user=0.00 sys=0.01, real=0.00 secs] 
84.973: Total time for which application threads were stopped: 0.0020280 seconds, Stopping threads took: 0.0000940 seconds
85.033: Application time: 0.0599050 seconds
85.033: [GC85.033: [ParNew: 36943K->4110K(37568K), 0.0019340 secs] 397845K->367059K(401104K), 0.0019730 secs] [Times: user=0.01 sys=0.00, real=0.00 secs] 
85.035: Total time for which application threads were stopped: 0.0020980 seconds, Stopping threads took: 0.0000610 seconds
85.097: Application time: 0.0620790 seconds
85.097: [GC85.097: [ParNew: 36993K->4117K(37568K), 0.0018690 secs] 399943K->369115K(403160K), 0.0019090 secs] [Times: user=0.01 sys=0.00, real=0.00 secs] 
85.099: Total time for which application threads were stopped: 0.0020490 seconds, Stopping threads took: 0.0000740 seconds
85.164: Application time: 0.0650920 seconds
85.164: [GC85.164: [ParNew: 37127K->4127K(37568K), 0.0015220 secs] 402125K->369125K(403160K), 0.0015570 secs] [Times: user=0.01 sys=0.00, real=0.01 secs] 
85.166: Total time for which application threads were stopped: 0.0016910 seconds, Stopping threads took: 0.0000570 seconds
85.226: Application time: 0.0598700 seconds
85.226: [GC85.226: [ParNew: 37535K->4152K(37568K), 0.0014310 secs] 402533K->369150K(403160K), 0.0014660 secs] [Times: user=0.01 sys=0.00, real=0.00 secs] 
85.227: Total time for which application threads were stopped: 0.0015950 seconds, Stopping threads took: 0.0000610 seconds
85.289: Application time: 0.0622760 seconds
85.290: [GC85.290: [ParNew: 36778K->2081K(37568K), 0.0009290 secs] 401776K->367079K(403160K), 0.0009640 secs] [Times: user=0.01 sys=0.00, real=0.00 secs] 
85.291: Total time for which application threads were stopped: 0.0010900 seconds, Stopping threads took: 0.0000670 seconds
85.346: Application time: 0.0556000 seconds
85.346: [GC85.346: [ParNew: 35489K->4136K(37568K), 0.0018850 secs] 400487K->371181K(405216K), 0.0019220 secs] [Times: user=0.02 sys=0.00, real=0.00 secs] 
85.348: Total time for which application threads were stopped: 0.0020640 seconds, Stopping threads took: 0.0000770 seconds
85.406: Application time: 0.0575090 seconds
85.406: [GC85.406: [ParNew: 37147K->4159K(37568K), 0.0019630 secs] 404193K->373341K(407272K), 0.0020030 secs] [Times: user=0.01 sys=0.00, real=0.00 secs] 
85.408: Total time for which application threads were stopped: 0.0021420 seconds, Stopping threads took: 0.0000720 seconds
85.472: Application time: 0.0640430 seconds
85.472: [GC85.472: [ParNew: 37378K->4159K(37568K), 0.0017680 secs] 406560K->374419K(408300K), 0.0018040 secs] [Times: user=0.01 sys=0.00, real=0.00 secs] 
85.474: Total time for which application threads were stopped: 0.0019620 seconds, Stopping threads took: 0.0000940 seconds
85.530: Application time: 0.0560730 seconds
85.530: [GC85.530: [ParNew: 36910K->4140K(37568K), 0.0020650 secs] 407169K->376493K(410548K), 0.0021060 secs] [Times: user=0.02 sys=0.00, real=0.00 secs] 
85.532: Total time for which application threads were stopped: 0.0022750 seconds, Stopping threads took: 0.0000990 seconds
85.598: Application time: 0.0657490 seconds
85.598: [GC85.598: [ParNew: 37241K->4146K(37568K), 0.0017650 secs] 409594K->377567K(411576K), 0.0018030 secs] [Times: user=0.01 sys=0.00, real=0.00 secs] 
85.600: Total time for which application threads were stopped: 0.0019410 seconds, Stopping threads took: 0.0000710 seconds
85.661: Application time: 0.0615830 seconds
85.662: [GC85.662: [ParNew: 37003K->4130K(37568K), 0.0018440 secs] 410424K->379612K(413632K), 0.0018810 secs] [Times: user=0.02 sys=0.00, real=0.00 secs] 
85.664: Total time for which application threads were stopped: 0.0020380 seconds, Stopping threads took: 0.0000870 seconds
85.721: Application time: 0.0579430 seconds
85.722: [GC85.722: [ParNew: 36838K->4116K(37568K), 0.0019280 secs] 412320K->381646K(415688K), 0.0019660 secs] [Times: user=0.02 sys=0.00, real=0.00 secs] 
85.724: Total time for which application threads were stopped: 0.0021130 seconds, Stopping threads took: 0.0000710 seconds
85.789: Application time: 0.0650310 seconds
85.789: [GC85.789: [ParNew: 37060K->4131K(37568K), 0.0017200 secs] 414591K->382685K(416716K), 0.0017570 secs] [Times: user=0.01 sys=0.00, real=0.00 secs] 
85.791: Total time for which application threads were stopped: 0.0018810 seconds, Stopping threads took: 0.0000580 seconds
85.850: Application time: 0.0598240 seconds
85.850: [GC85.850: [ParNew: 36869K->4112K(37568K), 0.0018980 secs] 415423K->384715K(418772K), 0.0019370 secs] [Times: user=0.02 sys=0.00, real=0.00 secs] 
85.852: Total time for which application threads were stopped: 0.0020910 seconds, Stopping threads took: 0.0000870 seconds
85.914: Application time: 0.0619070 seconds
85.914: [GC85.914: [ParNew: 36857K->3127K(37568K), 0.0011630 secs] 417459K->383729K(418772K), 0.0011950 secs] [Times: user=0.01 sys=0.00, real=0.00 secs] 
85.916: Total time for which application threads were stopped: 0.0013300 seconds, Stopping threads took: 0.0000730 seconds
85.977: Application time: 0.0610110 seconds
85.977: [GC85.977: [ParNew: 35687K->4121K(37568K), 0.0014150 secs] 416289K->384723K(418772K), 0.0014490 secs] [Times: user=0.01 sys=0.00, real=0.00 secs] 
85.978: Total time for which application threads were stopped: 0.0015860 seconds, Stopping threads took: 0.0000730 seconds
86.037: Application time: 0.0586690 seconds
86.037: [GC86.037: [ParNew: 36586K->4133K(37568K), 0.0017190 secs] 417188K->385759K(419800K), 0.0017570 secs] [Times: user=0.01 sys=0.00, real=0.00 secs] 
86.039: Total time for which application threads were stopped: 0.0018820 seconds, Stopping threads took: 0.0000580 seconds
86.095: Application time: 0.0566710 seconds
86.096: [GC86.096: [ParNew: 37071K->4158K(37568K), 0.0017180 secs] 418697K->386880K(420828K), 0.0017560 secs] [Times: user=0.01 sys=0.00, real=0.01 secs] 
86.097: Total time for which application threads were stopped: 0.0019330 seconds, Stopping threads took: 0.0001130 seconds
86.158: Application time: 0.0607030 seconds
86.158: [GC86.158: [ParNew: 37171K->4154K(37568K), 0.0019600 secs] 419893K->388998K(422884K), 0.0019970 secs] [Times: user=0.02 sys=0.00, real=0.00 secs] 
86.160: Total time for which application threads were stopped: 0.0021290 seconds, Stopping threads took: 0.0000650 seconds
86.223: Application time: 0.0632070 seconds
86.224: [GC86.224: [ParNew: 37098K->4147K(37568K), 0.0015080 secs] 421942K->389016K(423076K), 0.0015440 secs] [Times: user=0.01 sys=0.00, real=0.01 secs] 
86.225: Total time for which application threads were stopped: 0.0016860 seconds, Stopping threads took: 0.0000720 seconds
86.284: Application time: 0.0591560 seconds
86.284: [GC86.284: [ParNew: 37002K->4158K(37568K), 0.0018710 secs] 421871K->391104K(425132K), 0.0019110 secs] [Times: user=0.02 sys=0.00, real=0.00 secs] 
86.286: Total time for which application threads were stopped: 0.0020420 seconds, Stopping threads took: 0.0000660 seconds
86.347: Application time: 0.0601950 seconds
86.347: [GC86.347: [ParNew: 36863K->4135K(37568K), 0.0016950 secs] 423809K->392133K(426160K), 0.0017280 secs] [Times: user=0.01 sys=0.00, real=0.00 secs] 
86.348: Total time for which application threads were stopped: 0.0018600 seconds, Stopping threads took: 0.0000690 seconds
86.405: Application time: 0.0569950 seconds
86.406: [GC86.406: [ParNew: 36789K->4110K(37568K), 0.0021780 secs] 424788K->395180K(429244K), 0.0022210 secs] [Times: user=0.02 sys=0.00, real=0.00 secs] 
86.408: Total time for which application threads were stopped: 0.0024840 seconds, Stopping threads took: 0.0001910 seconds
86.473: Application time: 0.0653070 seconds
86.473: [GC86.473: [ParNew: 37122K->4115K(37568K), 0.0018700 secs] 428193K->397233K(431300K), 0.0019160 secs] [Times: user=0.01 sys=0.00, real=0.00 secs] 
86.475: Total time for which application threads were stopped: 0.0020650 seconds, Stopping threads took: 0.0000840 seconds
 CMS: abort preclean due to time 86.476: [CMS-concurrent-abortable-preclean: 0.065/5.025 secs] [Times: user=39.62 sys=0.05, real=5.02 secs] 
86.476: Application time: 0.0009810 seconds
86.477: [GC[YG occupancy: 7234 K (37568 K)]86.477: [Rescan (parallel) , 0.0002840 secs]86.477: [weak refs processing, 0.0000050 secs]86.477: [scrub string table, 0.0001160 secs] [1 CMS-remark: 393118K(393732K)] 400353K(431300K), 0.0004260 secs] [Times: user=0.00 sys=0.00, real=0.00 secs] 
86.477: Total time for which application threads were stopped: 0.0007030 seconds, Stopping threads took: 0.0002520 seconds
86.477: [CMS-concurrent-sweep-start]
86.478: [CMS-concurrent-sweep: 0.001/0.001 secs] [Times: user=0.00 sys=0.00, real=0.00 secs] 
86.478: [CMS-concurrent-reset-start]
86.480: [CMS-concurrent-reset: 0.002/0.002 secs] [Times: user=0.00 sys=0.00, real=0.00 secs] 
86.536: Application time: 0.0594220 seconds
86.537: [GC86.537: [ParNew: 36912K->4129K(37568K), 0.0020170 secs] 150630K->119895K(431300K), 0.0020600 secs] [Times: user=0.01 sys=0.00, real=0.00 secs] 
86.539: Total time for which application threads were stopped: 0.0022160 seconds, Stopping threads took: 0.0000880 seconds
86.599: Application time: 0.0602030 seconds
86.599: [GC86.599: [ParNew: 36820K->4128K(37568K), 0.0014670 secs] 152586K->119894K(431300K), 0.0015040 secs] [Times: user=0.01 sys=0.00, real=0.00 secs] 
86.600: Total time for which application threads were stopped: 0.0016480 seconds, Stopping threads took: 0.0000770 seconds
86.666: Application time: 0.0654350 seconds
86.666: [GC86.666: [ParNew: 37102K->3129K(37568K), 0.0011090 secs] 152867K->118895K(431300K), 0.0011420 secs] [Times: user=0.01 sys=0.00, real=0.00 secs] 
86.667: Total time for which application threads were stopped: 0.0012690 seconds, Stopping threads took: 0.0000640 seconds
86.725: Application time: 0.0579020 seconds
86.725: [GC86.725: [ParNew: 36402K->4149K(37568K), 0.0014320 secs] 152168K->119915K(431300K), 0.0014710 secs] [Times: user=0.01 sys=0.00, real=0.00 secs] 
86.727: Total time for which application threads were stopped: 0.0016110 seconds, Stopping threads took: 0.0000630 seconds
86.784: Application time: 0.0577030 seconds
86.784: [GC86.785: [ParNew: 37003K->4156K(37568K), 0.0022940 secs] 152768K->123038K(431300K), 0.0023370 secs] [Times: user=0.01 sys=0.00, real=0.00 secs] 
86.787: Total time for which application threads were stopped: 0.0024660 seconds, Stopping threads took: 0.0000670 seconds
86.846: Application time: 0.0589490 seconds
86.846: [GC86.846: [ParNew: 37221K->4158K(37568K), 0.0020220 secs] 156104K->125185K(431300K), 0.0020600 secs] [Times: user=0.01 sys=0.00, real=0.00 secs] 
86.848: Total time for which application threads were stopped: 0.0021860 seconds, Stopping threads took: 0.0000580 seconds
86.908: Application time: 0.0603880 seconds
86.908: [GC86.909: [ParNew: 36989K->4148K(37568K), 0.0017660 secs] 158017K->126245K(431300K), 0.0018060 secs] [Times: user=0.02 sys=0.00, real=0.00 secs] 
86.910: Total time for which application threads were stopped: 0.0019310 seconds, Stopping threads took: 0.0000560 seconds
86.974: Application time: 0.0632530 seconds
86.974: [GC86.974: [ParNew: 37129K->4151K(37568K), 0.0014100 secs] 159226K->126261K(431300K), 0.0014450 secs] [Times: user=0.01 sys=0.00, real=0.00 secs] 
86.975: Total time for which application threads were stopped: 0.0015630 seconds, Stopping threads took: 0.0000570 seconds
87.034: Application time: 0.0589050 seconds
87.034: [GC87.034: [ParNew: 36993K->4110K(37568K), 0.0023270 secs] 159102K->129320K(431300K), 0.0023660 secs] [Times: user=0.02 sys=0.00, real=0.01 secs] 
87.037: Total time for which application threads were stopped: 0.0025040 seconds, Stopping threads took: 0.0000790 seconds
87.098: Application time: 0.0616860 seconds
87.098: [GC87.098: [ParNew: 36978K->4132K(37568K), 0.0019450 secs] 162188K->131390K(431300K), 0.0019850 secs] [Times: user=0.01 sys=0.00, real=0.00 secs] 
87.100: Total time for which application threads were stopped: 0.0021110 seconds, Stopping threads took: 0.0000610 seconds
87.158: Application time: 0.0580770 seconds
87.159: [GC87.159: [ParNew: 36836K->4112K(37568K), 0.0020500 secs] 164094K->133418K(431300K), 0.0020970 secs] [Times: user=0.02 sys=0.00, real=0.00 secs] 
87.161: Total time for which application threads were stopped: 0.0022380 seconds, Stopping threads took: 0.0000690 seconds
87.224: Application time: 0.0634240 seconds
87.224: [GC87.224: [ParNew: 37062K->4114K(37568K), 0.0023210 secs] 166368K->136492K(431300K), 0.0023620 secs] [Times: user=0.02 sys=0.00, real=0.01 secs] 
87.227: Total time for which application threads were stopped: 0.0025030 seconds, Stopping threads took: 0.0000720 seconds
87.289: Application time: 0.0619470 seconds
87.289: [GC87.289: [ParNew: 36894K->4148K(37568K), 0.0018300 secs] 169272K->137550K(431300K), 0.0018750 secs] [Times: user=0.01 sys=0.00, real=0.00 secs] 
87.291: Total time for which application threads were stopped: 0.0020500 seconds, Stopping threads took: 0.0001010 seconds
87.351: Application time: 0.0606030 seconds
87.352: [GC87.352: [ParNew: 36731K->3111K(37568K), 0.0013820 secs] 170133K->136514K(431300K), 0.0014180 secs] [Times: user=0.01 sys=0.00, real=0.00 secs] 
87.354: Total time for which application threads were stopped: 0.0026850 seconds, Stopping threads took: 0.0011840 seconds
87.414: Application time: 0.0598730 seconds
87.414: [GC87.414: [ParNew: 35622K->4159K(37568K), 0.0013720 secs] 169024K->137563K(431300K), 0.0014080 secs] [Times: user=0.00 sys=0.00, real=0.00 secs] 
87.415: Total time for which application threads were stopped: 0.0015340 seconds, Stopping threads took: 0.0000610 seconds
87.469: Application time: 0.0535720 seconds
87.469: [GC87.469: [ParNew: 36885K->4154K(37568K), 0.0023730 secs] 170288K->140674K(431300K), 0.0024170 secs] [Times: user=0.02 sys=0.00, real=0.00 secs] 
87.471: Total time for which application threads were stopped: 0.0025790 seconds, Stopping threads took: 0.0000930 seconds
87.535: Application time: 0.0639280 seconds
87.535: [GC87.536: [ParNew: 37350K->4158K(37568K), 0.0017600 secs] 173870K->141788K(431300K), 0.0017980 secs] [Times: user=0.01 sys=0.00, real=0.01 secs] 
87.537: Total time for which application threads were stopped: 0.0019220 seconds, Stopping threads took: 0.0000650 seconds
87.595: Application time: 0.0575330 seconds
87.595: [GC87.595: [ParNew: 36811K->4143K(37568K), 0.0014920 secs] 174440K->141814K(431300K), 0.0015290 secs] [Times: user=0.01 sys=0.00, real=0.01 secs] 
87.597: Total time for which application threads were stopped: 0.0016790 seconds, Stopping threads took: 0.0000850 seconds
87.658: Application time: 0.0619000 seconds
87.659: [GC87.659: [ParNew: 37085K->4138K(37568K), 0.0024110 secs] 174756K->144909K(431300K), 0.0024510 secs] [Times: user=0.02 sys=0.00, real=0.00 secs] 
87.661: Total time for which application threads were stopped: 0.0025800 seconds, Stopping threads took: 0.0000630 seconds
87.720: Application time: 0.0586460 seconds
87.720: [GC87.720: [ParNew: 36974K->4130K(37568K), 0.0020450 secs] 177745K->146978K(431300K), 0.0020840 secs] [Times: user=0.01 sys=0.00, real=0.00 secs] 
87.722: Total time for which application threads were stopped: 0.0022320 seconds, Stopping threads took: 0.0000830 seconds
87.783: Application time: 0.0607730 seconds
87.783: [GC87.783: [ParNew: 36966K->4115K(37568K), 0.0020360 secs] 179814K->149011K(431300K), 0.0020770 secs] [Times: user=0.01 sys=0.00, real=0.01 secs] 
87.785: Total time for which application threads were stopped: 0.0022020 seconds, Stopping threads took: 0.0000580 seconds
87.847: Application time: 0.0626010 seconds
87.848: [GC87.848: [ParNew: 36992K->4116K(37568K), 0.0019460 secs] 181888K->151060K(431300K), 0.0019860 secs] [Times: user=0.01 sys=0.00, real=0.00 secs] 
87.850: Total time for which application threads were stopped: 0.0021370 seconds, Stopping threads took: 0.0000770 seconds
87.911: Application time: 0.0618460 seconds
87.912: [GC87.912: [ParNew: 36997K->4112K(37568K), 0.0020120 secs] 183941K->153105K(431300K), 0.0020640 secs] [Times: user=0.01 sys=0.00, real=0.00 secs] 
87.914: Total time for which application threads were stopped: 0.0021980 seconds, Stopping threads took: 0.0000640 seconds
87.975: Application time: 0.0611480 seconds
87.975: [GC87.975: [ParNew: 36844K->4128K(37568K), 0.0016580 secs] 185836K->154144K(431300K), 0.0016960 secs] [Times: user=0.01 sys=0.00, real=0.01 secs] 
87.977: Total time for which application threads were stopped: 0.0018430 seconds, Stopping threads took: 0.0000780 seconds
88.040: Application time: 0.0629950 seconds
88.040: [GC88.040: [ParNew: 36939K->3129K(37568K), 0.0012000 secs] 186955K->153146K(431300K), 0.0012350 secs] [Times: user=0.01 sys=0.00, real=0.00 secs] 
88.041: Total time for which application threads were stopped: 0.0013710 seconds, Stopping threads took: 0.0000760 seconds
88.100: Application time: 0.0585920 seconds
88.100: [GC88.100: [ParNew: 36524K->4146K(37568K), 0.0014230 secs] 186540K->154162K(431300K), 0.0014650 secs] [Times: user=0.01 sys=0.00, real=0.00 secs] 
88.101: Total time for which application threads were stopped: 0.0016130 seconds, Stopping threads took: 0.0000810 seconds
88.159: Application time: 0.0578680 seconds
88.159: [GC88.159: [ParNew: 36914K->4154K(37568K), 0.0022700 secs] 186930K->157287K(431300K), 0.0023110 secs] [Times: user=0.02 sys=0.00, real=0.00 secs] 
88.162: Total time for which application threads were stopped: 0.0024500 seconds, Stopping threads took: 0.0000720 seconds
88.222: Application time: 0.0600500 seconds
88.222: [GC88.222: [ParNew: 37235K->4157K(37568K), 0.0017730 secs] 190368K->158419K(431300K), 0.0018070 secs] [Times: user=0.01 sys=0.00, real=0.00 secs] 
88.224: Total time for which application threads were stopped: 0.0019530 seconds, Stopping threads took: 0.0000820 seconds
88.281: Application time: 0.0574360 seconds
88.281: [GC88.281: [ParNew: 36846K->4147K(37568K), 0.0016920 secs] 191108K->159454K(431300K), 0.0017300 secs] [Times: user=0.01 sys=0.00, real=0.00 secs] 
88.283: Total time for which application threads were stopped: 0.0018830 seconds, Stopping threads took: 0.0000890 seconds
88.345: Application time: 0.0624970 seconds
88.346: [GC88.346: [ParNew: 37166K->4142K(37568K), 0.0021940 secs] 192473K->162550K(431300K), 0.0022320 secs] [Times: user=0.02 sys=0.00, real=0.00 secs] 
88.348: Total time for which application threads were stopped: 0.0023750 seconds, Stopping threads took: 0.0000790 seconds
88.406: Application time: 0.0580130 seconds
88.406: [GC88.406: [ParNew: 36983K->4130K(37568K), 0.0019830 secs] 195391K->164614K(431300K), 0.0020250 secs] [Times: user=0.02 sys=0.00, real=0.00 secs] 
88.408: Total time for which application threads were stopped: 0.0021820 seconds, Stopping threads took: 0.0000790 seconds
88.470: Application time: 0.0621530 seconds
88.470: [GC88.470: [ParNew: 37024K->4128K(37568K), 0.0020000 secs] 197509K->166660K(431300K), 0.0020380 secs] [Times: user=0.01 sys=0.00, real=0.00 secs] 
88.472: Total time for which application threads were stopped: 0.0021900 seconds, Stopping threads took: 0.0000760 seconds
88.533: Application time: 0.0608500 seconds
88.533: [GC88.533: [ParNew: 36915K->4112K(37568K), 0.0020020 secs] 199448K->168693K(431300K), 0.0020440 secs] [Times: user=0.01 sys=0.00, real=0.00 secs] 
88.535: Total time for which application threads were stopped: 0.0022050 seconds, Stopping threads took: 0.0000910 seconds
88.599: Application time: 0.0641390 seconds
88.600: [GC88.600: [ParNew: 37065K->4113K(37568K), 0.0019640 secs] 201645K->170742K(431300K), 0.0020050 secs] [Times: user=0.02 sys=0.00, real=0.00 secs] 
88.602: Total time for which application threads were stopped: 0.0021480 seconds, Stopping threads took: 0.0000770 seconds
88.662: Application time: 0.0600400 seconds
88.662: [GC88.662: [ParNew: 36862K->4134K(37568K), 0.0018330 secs] 203491K->171786K(431300K), 0.0018750 secs] [Times: user=0.01 sys=0.00, real=0.00 secs] 
88.664: Total time for which application threads were stopped: 0.0020380 seconds, Stopping threads took: 0.0000970 seconds
88.726: Application time: 0.0621720 seconds
88.726: [GC88.726: [ParNew: 36846K->3127K(37568K), 0.0011200 secs] 204498K->170779K(431300K), 0.0011620 secs] [Times: user=0.01 sys=0.00, real=0.00 secs] 
88.727: Total time for which application threads were stopped: 0.0012860 seconds, Stopping threads took: 0.0000610 seconds
88.786: Application time: 0.0591840 seconds
88.786: [GC88.787: [ParNew: 36535K->3146K(37568K), 0.0011420 secs] 204187K->170799K(431300K), 0.0011770 secs] [Times: user=0.01 sys=0.00, real=0.00 secs] 
88.788: Total time for which application threads were stopped: 0.0013020 seconds, Stopping threads took: 0.0000690 seconds
88.845: Application time: 0.0575130 seconds
88.845: [GC88.845: [ParNew: 35972K->4159K(37568K), 0.0023110 secs] 203624K->174928K(431300K), 0.0023510 secs] [Times: user=0.02 sys=0.00, real=0.00 secs] 
88.848: Total time for which application threads were stopped: 0.0024850 seconds, Stopping threads took: 0.0000680 seconds
88.907: Application time: 0.0590010 seconds
88.907: [GC88.907: [ParNew: 37183K->4158K(37568K), 0.0017030 secs] 207952K->176037K(431300K), 0.0017400 secs] [Times: user=0.01 sys=0.00, real=0.00 secs] 
88.909: Total time for which application threads were stopped: 0.0018880 seconds, Stopping threads took: 0.0000760 seconds
88.968: Application time: 0.0597760 seconds
88.968: [GC88.968: [ParNew: 37008K->4159K(37568K), 0.0014200 secs] 208887K->176082K(431300K), 0.0014580 secs] [Times: user=0.01 sys=0.00, real=0.00 secs] 
88.970: Total time for which application threads were stopped: 0.0015840 seconds, Stopping threads took: 0.0000610 seconds
89.033: Application time: 0.0629620 seconds
89.033: [GC89.033: [ParNew: 37168K->4146K(37568K), 0.0018690 secs] 209091K->178146K(431300K), 0.0019060 secs] [Times: user=0.01 sys=0.00, real=0.00 secs] 
89.035: Total time for which application threads were stopped: 0.0020400 seconds, Stopping threads took: 0.0000730 seconds
89.093: Application time: 0.0579930 seconds
89.093: [GC89.093: [ParNew: 36912K->4113K(37568K), 0.0020450 secs] 210912K->180189K(431300K), 0.0020840 secs] [Times: user=0.01 sys=0.00, real=0.00 secs] 
89.095: Total time for which application threads were stopped: 0.0022970 seconds, Stopping threads took: 0.0001460 seconds
89.157: Application time: 0.0617520 seconds
89.157: [GC89.157: [ParNew: 36993K->4130K(37568K), 0.0019390 secs] 213070K->182254K(431300K), 0.0019790 secs] [Times: user=0.01 sys=0.00, real=0.00 secs] 
89.159: Total time for which application threads were stopped: 0.0021230 seconds, Stopping threads took: 0.0000780 seconds
89.219: Application time: 0.0601410 seconds
89.219: [GC89.219: [ParNew: 36918K->4112K(37568K), 0.0019960 secs] 215042K->184285K(431300K), 0.0020370 secs] [Times: user=0.02 sys=0.00, real=0.00 secs] 
89.221: Total time for which application threads were stopped: 0.0021720 seconds, Stopping threads took: 0.0000680 seconds
89.284: Application time: 0.0623060 seconds
89.284: [GC89.284: [ParNew: 36967K->4130K(37568K), 0.0019730 secs] 217140K->186351K(431300K), 0.0020110 secs] [Times: user=0.01 sys=0.00, real=0.01 secs] 
89.286: Total time for which application threads were stopped: 0.0021510 seconds, Stopping threads took: 0.0000730 seconds
89.348: Application time: 0.0621850 seconds
89.348: [GC89.348: [ParNew: 36843K->4113K(37568K), 0.0021620 secs] 219064K->188382K(431300K), 0.0022040 secs] [Times: user=0.01 sys=0.00, real=0.00 secs] 
89.350: Total time for which application threads were stopped: 0.0023460 seconds, Stopping threads took: 0.0000740 seconds
89.413: Application time: 0.0626370 seconds
89.413: [GC89.413: [ParNew: 36964K->4132K(37568K), 0.0013990 secs] 221233K->188401K(431300K), 0.0014320 secs] [Times: user=0.01 sys=0.00, real=0.00 secs] 
89.415: Total time for which application threads were stopped: 0.0015720 seconds, Stopping threads took: 0.0000680 seconds
89.470: Application time: 0.0550910 seconds
89.470: [GC89.470: [ParNew: 37291K->4150K(37568K), 0.0017230 secs] 221559K->189443K(431300K), 0.0017640 secs] [Times: user=0.02 sys=0.00, real=0.00 secs] 
89.472: Total time for which application threads were stopped: 0.0019170 seconds, Stopping threads took: 0.0000800 seconds
89.532: Application time: 0.0599590 seconds
89.532: [GC89.532: [ParNew: 37228K->4154K(37568K), 0.0023610 secs] 222521K->192563K(431300K), 0.0024050 secs] [Times: user=0.01 sys=0.00, real=0.00 secs] 
89.534: Total time for which application threads were stopped: 0.0025600 seconds, Stopping threads took: 0.0000870 seconds
89.592: Application time: 0.0576580 seconds
89.592: [GC89.592: [ParNew: 37159K->4154K(37568K), 0.0017800 secs] 225568K->193692K(431300K), 0.0018190 secs] [Times: user=0.02 sys=0.00, real=0.00 secs] 
89.594: Total time for which application threads were stopped: 0.0019750 seconds, Stopping threads took: 0.0000890 seconds
89.659: Application time: 0.0647280 seconds
89.659: [GC89.659: [ParNew: 37256K->4159K(37568K), 0.0016470 secs] 226794K->194743K(431300K), 0.0016850 secs] [Times: user=0.02 sys=0.00, real=0.00 secs] 
89.660: Total time for which application threads were stopped: 0.0018090 seconds, Stopping threads took: 0.0000590 seconds
89.716: Application time: 0.0557990 seconds
89.716: [GC89.716: [ParNew: 36797K->4142K(37568K), 0.0020720 secs] 227380K->196802K(431300K), 0.0021180 secs] [Times: user=0.02 sys=0.00, real=0.01 secs] 
89.718: Total time for which application threads were stopped: 0.0022550 seconds, Stopping threads took: 0.0000680 seconds
89.783: Application time: 0.0644580 seconds
89.783: [GC89.783: [ParNew: 37119K->4112K(37568K), 0.0022780 secs] 229779K->199873K(431300K), 0.0023220 secs] [Times: user=0.01 sys=0.00, real=0.01 secs] 
89.785: Total time for which application threads were stopped: 0.0024480 seconds, Stopping threads took: 0.0000580 seconds
89.846: Application time: 0.0602720 seconds
89.846: [GC89.846: [ParNew: 37000K->4112K(37568K), 0.0022740 secs] 232761K->202945K(431300K), 0.0023110 secs] [Times: user=0.01 sys=0.00, real=0.00 secs] 
89.848: Total time for which application threads were stopped: 0.0024380 seconds, Stopping threads took: 0.0000610 seconds
89.910: Application time: 0.0618230 seconds
89.910: [GC89.910: [ParNew: 36934K->4135K(37568K), 0.0016410 secs] 235767K->203992K(431300K), 0.0016790 secs] [Times: user=0.01 sys=0.00, real=0.00 secs] 
89.912: Total time for which application threads were stopped: 0.0018060 seconds, Stopping threads took: 0.0000580 seconds
89.972: Application time: 0.0599660 seconds
89.972: [GC89.972: [ParNew: 36783K->4114K(37568K), 0.0018440 secs] 236640K->204995K(431300K), 0.0018840 secs] [Times: user=0.01 sys=0.00, real=0.00 secs] 
89.974: Total time for which application threads were stopped: 0.0020580 seconds, Stopping threads took: 0.0000990 seconds
90.039: Application time: 0.0653860 seconds
90.039: [GC90.039: [ParNew: 37097K->3111K(37568K), 0.0011110 secs] 237978K->203992K(431300K), 0.0011460 secs] [Times: user=0.00 sys=0.00, real=0.00 secs] 
90.040: Total time for which application threads were stopped: 0.0012680 seconds, Stopping threads took: 0.0000640 seconds
90.099: Application time: 0.0585230 seconds
90.099: [GC90.099: [ParNew: 36519K->4132K(37568K), 0.0013850 secs] 237400K->205013K(431300K), 0.0014220 secs] [Times: user=0.00 sys=0.01, real=0.00 secs] 
90.100: Total time for which application threads were stopped: 0.0015390 seconds, Stopping threads took: 0.0000530 seconds
90.157: Application time: 0.0562270 seconds
90.157: [GC90.157: [ParNew: 37540K->4146K(37568K), 0.0019680 secs] 238421K->207075K(431300K), 0.0020080 secs] [Times: user=0.02 sys=0.00, real=0.00 secs] 
90.159: Total time for which application threads were stopped: 0.0021690 seconds, Stopping threads took: 0.0000930 seconds
90.220: Application time: 0.0607500 seconds
90.220: [GC90.220: [ParNew: 37201K->4154K(37568K), 0.0023620 secs] 240130K->210199K(431300K), 0.0024080 secs] [Times: user=0.02 sys=0.00, real=0.00 secs] 
90.222: Total time for which application threads were stopped: 0.0025360 seconds, Stopping threads took: 0.0000600 seconds
90.282: Application time: 0.0602300 seconds
90.282: [GC90.282: [ParNew: 37380K->4152K(37568K), 0.0020200 secs] 243425K->212350K(431300K), 0.0020670 secs] [Times: user=0.02 sys=0.00, real=0.01 secs] 
90.285: Total time for which application threads were stopped: 0.0021930 seconds, Stopping threads took: 0.0000580 seconds
90.346: Application time: 0.0612830 seconds
90.346: [GC90.346: [ParNew: 37111K->4158K(37568K), 0.0017660 secs] 245310K->213402K(431300K), 0.0018010 secs] [Times: user=0.02 sys=0.00, real=0.00 secs] 
90.348: Total time for which application threads were stopped: 0.0019330 seconds, Stopping threads took: 0.0000690 seconds
90.409: Application time: 0.0616310 seconds
90.409: [GC90.410: [ParNew: 37022K->4146K(37568K), 0.0016770 secs] 246266K->214458K(431300K), 0.0017160 secs] [Times: user=0.01 sys=0.00, real=0.00 secs] 
90.411: Total time for which application threads were stopped: 0.0018480 seconds, Stopping threads took: 0.0000660 seconds
90.470: Application time: 0.0590380 seconds
90.470: [GC90.470: [ParNew: 36826K->4118K(37568K), 0.0020960 secs] 247139K->216491K(431300K), 0.0021370 secs] [Times: user=0.01 sys=0.01, real=0.00 secs] 
90.473: Total time for which application threads were stopped: 0.0022630 seconds, Stopping threads took: 0.0000620 seconds
90.533: Application time: 0.0602850 seconds
90.533: [GC90.533: [ParNew: 37035K->4112K(37568K), 0.0024440 secs] 249408K->219557K(431300K), 0.0024870 secs] [Times: user=0.02 sys=0.00, real=0.00 secs] 
90.535: Total time for which application threads were stopped: 0.0026290 seconds, Stopping threads took: 0.0000630 seconds
90.599: Application time: 0.0638110 seconds
90.599: [GC90.599: [ParNew: 37062K->4132K(37568K), 0.0021110 secs] 252507K->221625K(431300K), 0.0021550 secs] [Times: user=0.01 sys=0.00, real=0.00 secs] 
90.602: Total time for which application threads were stopped: 0.0022960 seconds, Stopping threads took: 0.0000710 seconds
90.661: Application time: 0.0598090 seconds
90.662: [GC90.662: [ParNew: 36798K->4158K(37568K), 0.0014890 secs] 254292K->221656K(431300K), 0.0015250 secs] [Times: user=0.01 sys=0.00, real=0.00 secs] 
90.663: Total time for which application threads were stopped: 0.0016800 seconds, Stopping threads took: 0.0000890 seconds
90.726: Application time: 0.0626610 seconds
90.726: [GC90.726: [ParNew: 36863K->3116K(37568K), 0.0011800 secs] 254361K->220614K(431300K), 0.0012140 secs] [Times: user=0.00 sys=0.00, real=0.00 secs] 
90.727: Total time for which application threads were stopped: 0.0013490 seconds, Stopping threads took: 0.0000690 seconds
90.786: Application time: 0.0592140 seconds
90.786: [GC90.786: [ParNew: 36524K->4132K(37568K), 0.0017610 secs] 254022K->222654K(431300K), 0.0017970 secs] [Times: user=0.01 sys=0.00, real=0.00 secs] 
90.788: Total time for which application threads were stopped: 0.0019220 seconds, Stopping threads took: 0.0000600 seconds
90.848: Application time: 0.0595300 seconds
90.848: [GC90.848: [ParNew: 36772K->4159K(37568K), 0.0017500 secs] 255294K->223705K(431300K), 0.0017910 secs] [Times: user=0.01 sys=0.00, real=0.00 secs] 
90.850: Total time for which application threads were stopped: 0.0019100 seconds, Stopping threads took: 0.0000590 seconds
90.906: Application time: 0.0560120 seconds
90.906: [GC90.906: [ParNew: 37020K->4152K(37568K), 0.0022830 secs] 256567K->226815K(431300K), 0.0023260 secs] [Times: user=0.01 sys=0.00, real=0.00 secs] 
90.908: Total time for which application threads were stopped: 0.0024560 seconds, Stopping threads took: 0.0000620 seconds
90.968: Application time: 0.0598040 seconds
90.968: [GC90.968: [ParNew: 37371K->4153K(37568K), 0.0023290 secs] 260034K->229978K(431300K), 0.0023710 secs] [Times: user=0.02 sys=0.00, real=0.00 secs] 
90.970: Total time for which application threads were stopped: 0.0025050 seconds, Stopping threads took: 0.0000650 seconds
91.032: Application time: 0.0617880 seconds
91.032: [GC91.032: [ParNew: 37137K->4158K(37568K), 0.0017100 secs] 262961K->231044K(431300K), 0.0017490 secs] [Times: user=0.01 sys=0.00, real=0.00 secs] 
91.034: Total time for which application threads were stopped: 0.0019640 seconds, Stopping threads took: 0.0001480 seconds
91.095: Application time: 0.0608770 seconds
91.095: [GC91.095: [ParNew: 36999K->4146K(37568K), 0.0017150 secs] 263885K->232101K(431300K), 0.0017620 secs] [Times: user=0.01 sys=0.00, real=0.01 secs] 
91.097: Total time for which application threads were stopped: 0.0019160 seconds, Stopping threads took: 0.0000810 seconds
91.158: Application time: 0.0606380 seconds
91.158: [GC91.158: [ParNew: 36905K->4116K(37568K), 0.0019890 secs] 264860K->234131K(431300K), 0.0020260 secs] [Times: user=0.02 sys=0.00, real=0.00 secs] 
91.160: Total time for which application threads were stopped: 0.0021680 seconds, Stopping threads took: 0.0000780 seconds
91.219: Application time: 0.0594040 seconds
91.219: [GC91.219: [ParNew: 36950K->4112K(37568K), 0.0023550 secs] 266965K->237199K(431300K), 0.0023990 secs] [Times: user=0.02 sys=0.00, real=0.00 secs] 
91.222: Total time for which application threads were stopped: 0.0025370 seconds, Stopping threads took: 0.0000640 seconds
91.286: Application time: 0.0639970 seconds
91.286: [GC91.286: [ParNew: 37104K->4128K(37568K), 0.0021200 secs] 270191K->239263K(431300K), 0.0021600 secs] [Times: user=0.01 sys=0.00, real=0.00 secs] 
91.288: Total time for which application threads were stopped: 0.0022990 seconds, Stopping threads took: 0.0000700 seconds
91.348: Application time: 0.0602680 seconds
91.348: [GC91.348: [ParNew: 36814K->4150K(37568K), 0.0016790 secs] 271949K->240309K(431300K), 0.0017170 secs] [Times: user=0.02 sys=0.01, real=0.00 secs] 
91.350: Total time for which application threads were stopped: 0.0018770 seconds, Stopping threads took: 0.0000920 seconds
91.412: Application time: 0.0622200 seconds
91.413: [GC91.413: [ParNew: 36838K->2071K(37568K), 0.0009930 secs] 272998K->238231K(431300K), 0.0010230 secs] [Times: user=0.01 sys=0.00, real=0.00 secs] 
91.414: Total time for which application threads were stopped: 0.0011600 seconds, Stopping threads took: 0.0000770 seconds
91.474: Application time: 0.0601410 seconds
91.474: [GC91.474: [ParNew: 35475K->4117K(37568K), 0.0013800 secs] 271634K->240276K(431300K), 0.0014150 secs] [Times: user=0.01 sys=0.00, real=0.00 secs] 
91.475: Total time for which application threads were stopped: 0.0015410 seconds, Stopping threads took: 0.0000630 seconds
91.533: Application time: 0.0577770 seconds
91.536: [GC91.536: [ParNew: 36707K->4158K(37568K), 0.0016890 secs] 272866K->241341K(431300K), 0.0017280 secs] [Times: user=0.01 sys=0.00, real=0.00 secs] 
91.538: Total time for which application threads were stopped: 0.0051150 seconds, Stopping threads took: 0.0033240 seconds
91.595: Application time: 0.0570420 seconds
91.595: [GC91.595: [ParNew: 37093K->4157K(37568K), 0.0019820 secs] 274276K->243433K(431300K), 0.0020220 secs] [Times: user=0.02 sys=0.00, real=0.01 secs] 
91.597: Total time for which application threads were stopped: 0.0021740 seconds, Stopping threads took: 0.0000900 seconds
91.657: Application time: 0.0600770 seconds
91.658: [GC91.658: [ParNew: 37417K->4158K(37568K), 0.0020550 secs] 276692K->245563K(431300K), 0.0020960 secs] [Times: user=0.01 sys=0.00, real=0.00 secs] 
91.660: Total time for which application threads were stopped: 0.0022470 seconds, Stopping threads took: 0.0000740 seconds
91.723: Application time: 0.0631950 seconds
91.724: [GC91.724: [ParNew: 37224K->4156K(37568K), 0.0018130 secs] 278628K->246630K(431300K), 0.0018510 secs] [Times: user=0.01 sys=0.00, real=0.00 secs] 
91.726: Total time for which application threads were stopped: 0.0033510 seconds, Stopping threads took: 0.0014350 seconds
91.785: Application time: 0.0583870 seconds
91.785: [GC91.785: [ParNew: 36861K->4159K(37568K), 0.0017130 secs] 279335K->247687K(431300K), 0.0017530 secs] [Times: user=0.01 sys=0.00, real=0.00 secs] 
91.787: Total time for which application threads were stopped: 0.0019040 seconds, Stopping threads took: 0.0000870 seconds
91.848: Application time: 0.0619530 seconds
91.849: [GC91.849: [ParNew: 36995K->4116K(37568K), 0.0016660 secs] 280522K->248696K(431300K), 0.0017010 secs] [Times: user=0.01 sys=0.00, real=0.00 secs] 
91.850: Total time for which application threads were stopped: 0.0018280 seconds, Stopping threads took: 0.0000560 seconds
91.909: Application time: 0.0588720 seconds
91.909: [GC91.909: [ParNew: 36917K->4112K(37568K), 0.0023490 secs] 281497K->251763K(431300K), 0.0023910 secs] [Times: user=0.02 sys=0.00, real=0.00 secs] 
91.912: Total time for which application threads were stopped: 0.0025370 seconds, Stopping threads took: 0.0000750 seconds
91.976: Application time: 0.0643600 seconds
91.976: [GC91.976: [ParNew: 37041K->4112K(37568K), 0.0019920 secs] 284693K->253812K(431300K), 0.0020320 secs] [Times: user=0.01 sys=0.00, real=0.01 secs] 
91.978: Total time for which application threads were stopped: 0.0021690 seconds, Stopping threads took: 0.0000680 seconds
92.038: Application time: 0.0601630 seconds
92.039: [GC92.039: [ParNew: 36871K->4118K(37568K), 0.0021090 secs] 286571K->255866K(431300K), 0.0021480 secs] [Times: user=0.02 sys=0.00, real=0.00 secs] 
92.041: Total time for which application threads were stopped: 0.0023040 seconds, Stopping threads took: 0.0000890 seconds
92.105: Application time: 0.0641930 seconds
92.105: [GC92.105: [ParNew: 37041K->4132K(37568K), 0.0015760 secs] 288789K->255880K(431300K), 0.0016120 secs] [Times: user=0.01 sys=0.00, real=0.00 secs] 
92.107: Total time for which application threads were stopped: 0.0017690 seconds, Stopping threads took: 0.0000910 seconds
92.169: Application time: 0.0626390 seconds
92.169: [GC92.170: [ParNew: 36830K->3129K(37568K), 0.0011660 secs] 288578K->254877K(431300K), 0.0011990 secs] [Times: user=0.01 sys=0.00, real=0.00 secs] 
92.171: Total time for which application threads were stopped: 0.0013510 seconds, Stopping threads took: 0.0000820 seconds
92.229: Application time: 0.0581090 seconds
92.229: [GC92.229: [ParNew: 36405K->3146K(37568K), 0.0011990 secs] 288153K->254894K(431300K), 0.0012350 secs] [Times: user=0.00 sys=0.00, real=0.00 secs] 
92.230: Total time for which application threads were stopped: 0.0013540 seconds, Stopping threads took: 0.0000560 seconds
92.285: Application time: 0.0545010 seconds
92.285: [GC92.285: [ParNew: 35723K->4156K(37568K), 0.0020870 secs] 287471K->258012K(431300K), 0.0021270 secs] [Times: user=0.02 sys=0.00, real=0.00 secs] 
92.287: Total time for which application threads were stopped: 0.0022610 seconds, Stopping threads took: 0.0000680 seconds
92.345: Application time: 0.0578790 seconds
92.345: [GC92.345: [ParNew: 37208K->4154K(37568K), 0.0021030 secs] 291065K->260123K(431300K), 0.0021450 secs] [Times: user=0.01 sys=0.00, real=0.00 secs] 
92.347: Total time for which application threads were stopped: 0.0022970 seconds, Stopping threads took: 0.0000870 seconds
92.410: Application time: 0.0624320 seconds
92.410: [GC92.410: [ParNew: 37180K->4143K(37568K), 0.0020880 secs] 293149K->262206K(431300K), 0.0021280 secs] [Times: user=0.01 sys=0.00, real=0.00 secs] 
92.412: Total time for which application threads were stopped: 0.0022540 seconds, Stopping threads took: 0.0000580 seconds
92.471: Application time: 0.0595050 seconds
92.471: [GC92.471: [ParNew: 37006K->4144K(37568K), 0.0019510 secs] 295069K->264283K(431300K), 0.0019920 secs] [Times: user=0.01 sys=0.00, real=0.00 secs] 
92.473: Total time for which application threads were stopped: 0.0021270 seconds, Stopping threads took: 0.0000680 seconds
92.534: Application time: 0.0604350 seconds
92.534: [GC92.534: [ParNew: 37026K->4114K(37568K), 0.0022720 secs] 297165K->267354K(431300K), 0.0023260 secs] [Times: user=0.01 sys=0.00, real=0.01 secs] 
92.536: Total time for which application threads were stopped: 0.0024570 seconds, Stopping threads took: 0.0000610 seconds
92.536: Application time: 0.0000920 seconds
92.537: [GC [1 CMS-initial-mark: 263240K(393732K)] 268378K(431300K), 0.0001400 secs] [Times: user=0.00 sys=0.00, real=0.00 secs] 
92.537: Total time for which application threads were stopped: 0.0003270 seconds, Stopping threads took: 0.0001590 seconds
92.537: [CMS-concurrent-mark-start]
92.541: [CMS-concurrent-mark: 0.004/0.004 secs] [Times: user=0.03 sys=0.00, real=0.00 secs] 
92.541: [CMS-concurrent-preclean-start]
92.541: [CMS-concurrent-preclean: 0.001/0.001 secs] [Times: user=0.00 sys=0.00, real=0.00 secs] 
92.541: [CMS-concurrent-abortable-preclean-start]
92.601: Application time: 0.0642130 seconds
92.601: [GC92.601: [ParNew: 37050K->4132K(37568K), 0.0020240 secs] 300290K->269420K(431300K), 0.0020630 secs] [Times: user=0.01 sys=0.00, real=0.00 secs] 
92.603: Total time for which application threads were stopped: 0.0021920 seconds, Stopping threads took: 0.0000610 seconds
92.665: Application time: 0.0620040 seconds
92.665: [GC92.665: [ParNew: 36980K->4132K(37568K), 0.0019820 secs] 302268K->271468K(431300K), 0.0020200 secs] [Times: user=0.01 sys=0.00, real=0.00 secs] 
92.667: Total time for which application threads were stopped: 0.0021770 seconds, Stopping threads took: 0.0000910 seconds
92.729: Application time: 0.0618800 seconds
92.732: [GC92.732: [ParNew: 36908K->4148K(37568K), 0.0014180 secs] 304244K->271484K(431300K), 0.0014540 secs] [Times: user=0.01 sys=0.00, real=0.00 secs] 
92.734: Total time for which application threads were stopped: 0.0046560 seconds, Stopping threads took: 0.0031310 seconds
92.795: Application time: 0.0607710 seconds
92.795: [GC92.795: [ParNew: 36767K->4135K(37568K), 0.0018030 secs] 304103K->272495K(431300K), 0.0018420 secs] [Times: user=0.02 sys=0.00, real=0.01 secs] 
92.797: Total time for which application threads were stopped: 0.0019710 seconds, Stopping threads took: 0.0000660 seconds
92.857: Application time: 0.0604660 seconds
92.857: [GC92.857: [ParNew: 36838K->4132K(37568K), 0.0014660 secs] 305198K->272492K(431300K), 0.0015030 secs] [Times: user=0.01 sys=0.00, real=0.00 secs] 
92.859: Total time for which application threads were stopped: 0.0017480 seconds, Stopping threads took: 0.0001810 seconds
92.916: Application time: 0.0574580 seconds
92.916: [GC92.916: [ParNew: 36694K->4146K(37568K), 0.0017430 secs] 305054K->273530K(431300K), 0.0017800 secs] [Times: user=0.01 sys=0.00, real=0.00 secs] 
92.918: Total time for which application threads were stopped: 0.0019110 seconds, Stopping threads took: 0.0000660 seconds
92.981: Application time: 0.0627280 seconds
92.981: [GC92.981: [ParNew: 37338K->4159K(37568K), 0.0016980 secs] 306723K->274636K(431300K), 0.0017360 secs] [Times: user=0.01 sys=0.00, real=0.00 secs] 
92.983: Total time for which application threads were stopped: 0.0018720 seconds, Stopping threads took: 0.0000660 seconds
93.040: Application time: 0.0570470 seconds
93.040: [GC93.040: [ParNew: 36764K->4158K(37568K), 0.0013970 secs] 307240K->274696K(431300K), 0.0014350 secs] [Times: user=0.01 sys=0.00, real=0.00 secs] 
93.041: Total time for which application threads were stopped: 0.0015670 seconds, Stopping threads took: 0.0000690 seconds
93.101: Application time: 0.0597410 seconds
93.101: [GC93.101: [ParNew: 36871K->4152K(37568K), 0.0019610 secs] 307409K->276779K(431300K), 0.0019960 secs] [Times: user=0.02 sys=0.00, real=0.00 secs] 
93.103: Total time for which application threads were stopped: 0.0021270 seconds, Stopping threads took: 0.0000680 seconds
93.163: Application time: 0.0597260 seconds
93.163: [GC93.163: [ParNew: 37137K->4141K(37568K), 0.0021260 secs] 309764K->278845K(431300K), 0.0021660 secs] [Times: user=0.02 sys=0.00, real=0.01 secs] 
93.165: Total time for which application threads were stopped: 0.0023380 seconds, Stopping threads took: 0.0001070 seconds
93.224: Application time: 0.0589830 seconds
93.225: [GC93.225: [ParNew: 37040K->4112K(37568K), 0.0023620 secs] 311743K->281916K(431300K), 0.0024040 secs] [Times: user=0.02 sys=0.00, real=0.00 secs] 
93.227: Total time for which application threads were stopped: 0.0025800 seconds, Stopping threads took: 0.0001080 seconds
93.292: Application time: 0.0649800 seconds
93.292: [GC93.292: [ParNew: 37112K->4115K(37568K), 0.0020430 secs] 314916K->283967K(431300K), 0.0020830 secs] [Times: user=0.01 sys=0.00, real=0.00 secs] 
93.294: Total time for which application threads were stopped: 0.0022520 seconds, Stopping threads took: 0.0000950 seconds
93.357: Application time: 0.0630590 seconds
93.357: [GC93.357: [ParNew: 36822K->4113K(37568K), 0.0013940 secs] 316675K->283966K(431300K), 0.0014390 secs] [Times: user=0.01 sys=0.01, real=0.00 secs] 
93.359: Total time for which application threads were stopped: 0.0015740 seconds, Stopping threads took: 0.0000720 seconds
93.415: Application time: 0.0560290 seconds
93.415: [GC93.415: [ParNew: 36523K->4113K(37568K), 0.0017740 secs] 316375K->284989K(431300K), 0.0018190 secs] [Times: user=0.01 sys=0.00, real=0.01 secs] 
93.417: Total time for which application threads were stopped: 0.0019500 seconds, Stopping threads took: 0.0000630 seconds
93.480: Application time: 0.0634830 seconds
93.480: [GC93.480: [ParNew: 36978K->4114K(37568K), 0.0021620 secs] 317855K->288062K(431300K), 0.0022020 secs] [Times: user=0.01 sys=0.00, real=0.00 secs] 
93.483: Total time for which application threads were stopped: 0.0023220 seconds, Stopping threads took: 0.0000550 seconds
93.541: Application time: 0.0586070 seconds
93.541: [GC93.541: [ParNew: 36894K->4149K(37568K), 0.0017890 secs] 320843K->289121K(431300K), 0.0018300 secs] [Times: user=0.01 sys=0.00, real=0.00 secs] 
93.543: Total time for which application threads were stopped: 0.0019610 seconds, Stopping threads took: 0.0000610 seconds
93.609: Application time: 0.0658490 seconds
93.609: [GC93.609: [ParNew: 37143K->4159K(37568K), 0.0014880 secs] 322115K->289148K(431300K), 0.0015270 secs] [Times: user=0.01 sys=0.00, real=0.00 secs] 
93.611: Total time for which application threads were stopped: 0.0016780 seconds, Stopping threads took: 0.0000870 seconds
93.670: Application time: 0.0590690 seconds
93.670: [GC93.670: [ParNew: 37036K->3197K(37568K), 0.0012340 secs] 322025K->288198K(431300K), 0.0012720 secs] [Times: user=0.01 sys=0.00, real=0.00 secs] 
93.671: Total time for which application threads were stopped: 0.0014130 seconds, Stopping threads took: 0.0000800 seconds
93.733: Application time: 0.0613390 seconds
93.733: [GC93.733: [ParNew: 36053K->3202K(37568K), 0.0011160 secs] 321054K->288289K(431300K), 0.0011520 secs] [Times: user=0.00 sys=0.00, real=0.00 secs] 
93.734: Total time for which application threads were stopped: 0.0012740 seconds, Stopping threads took: 0.0000600 seconds
93.792: Application time: 0.0578350 seconds
93.792: [GC93.792: [ParNew: 35716K->4150K(37568K), 0.0014490 secs] 320802K->289293K(431300K), 0.0014830 secs] [Times: user=0.01 sys=0.00, real=0.00 secs] 
93.793: Total time for which application threads were stopped: 0.0016060 seconds, Stopping threads took: 0.0000640 seconds
93.850: Application time: 0.0570960 seconds
93.850: [GC93.850: [ParNew: 37108K->4142K(37568K), 0.0023370 secs] 322251K->292386K(431300K), 0.0023810 secs] [Times: user=0.01 sys=0.00, real=0.00 secs] 
93.853: Total time for which application threads were stopped: 0.0025210 seconds, Stopping threads took: 0.0000630 seconds
93.915: Application time: 0.0619880 seconds
93.915: [GC93.915: [ParNew: 37053K->4114K(37568K), 0.0022550 secs] 325297K->295458K(431300K), 0.0022980 secs] [Times: user=0.02 sys=0.00, real=0.01 secs] 
93.917: Total time for which application threads were stopped: 0.0024340 seconds, Stopping threads took: 0.0000680 seconds
93.978: Application time: 0.0603460 seconds
93.978: [GC93.978: [ParNew: 36858K->4146K(37568K), 0.0014630 secs] 328203K->295491K(431300K), 0.0014990 secs] [Times: user=0.01 sys=0.00, real=0.00 secs] 
93.979: Total time for which application threads were stopped: 0.0016540 seconds, Stopping threads took: 0.0000890 seconds
94.043: Application time: 0.0641460 seconds
94.044: [GC94.044: [ParNew: 36945K->4152K(37568K), 0.0014150 secs] 328290K->295497K(431300K), 0.0014490 secs] [Times: user=0.01 sys=0.00, real=0.01 secs] 
94.045: Total time for which application threads were stopped: 0.0015780 seconds, Stopping threads took: 0.0000660 seconds
94.101: Application time: 0.0561770 seconds
94.101: [GC94.101: [ParNew: 37560K->4130K(37568K), 0.0023190 secs] 328905K->298547K(431300K), 0.0023610 secs] [Times: user=0.01 sys=0.00, real=0.00 secs] 
94.104: Total time for which application threads were stopped: 0.0024920 seconds, Stopping threads took: 0.0000610 seconds
94.168: Application time: 0.0637980 seconds
94.168: [GC94.168: [ParNew: 37058K->4132K(37568K), 0.0019710 secs] 331475K->300597K(431300K), 0.0020210 secs] [Times: user=0.02 sys=0.00, real=0.00 secs] 
94.170: Total time for which application threads were stopped: 0.0021510 seconds, Stopping threads took: 0.0000610 seconds
94.229: Application time: 0.0597400 seconds
94.230: [GC94.230: [ParNew: 36890K->4136K(37568K), 0.0015900 secs] 333354K->301625K(431300K), 0.0016270 secs] [Times: user=0.02 sys=0.00, real=0.00 secs] 
94.231: Total time for which application threads were stopped: 0.0017650 seconds, Stopping threads took: 0.0000740 seconds
94.293: Application time: 0.0620200 seconds
94.293: [GC94.293: [ParNew: 37060K->4158K(37568K), 0.0016390 secs] 334549K->302671K(431300K), 0.0016730 secs] [Times: user=0.01 sys=0.00, real=0.00 secs] 
94.295: Total time for which application threads were stopped: 0.0018110 seconds, Stopping threads took: 0.0000750 seconds
94.355: Application time: 0.0596350 seconds
94.355: [GC94.355: [ParNew: 37254K->4159K(37568K), 0.0017670 secs] 335767K->303765K(431300K), 0.0018050 secs] [Times: user=0.02 sys=0.00, real=0.01 secs] 
94.357: Total time for which application threads were stopped: 0.0020010 seconds, Stopping threads took: 0.0001230 seconds
94.419: Application time: 0.0626700 seconds
94.419: [GC94.419: [ParNew: 37107K->4159K(37568K), 0.0014650 secs] 336713K->303854K(431300K), 0.0015060 secs] [Times: user=0.02 sys=0.00, real=0.00 secs] 
94.421: Total time for which application threads were stopped: 0.0016360 seconds, Stopping threads took: 0.0000660 seconds
94.479: Application time: 0.0583170 seconds
94.479: [GC94.479: [ParNew: 36634K->4154K(37568K), 0.0013220 secs] 336329K->303862K(431300K), 0.0013620 secs] [Times: user=0.01 sys=0.00, real=0.00 secs] 
94.481: Total time for which application threads were stopped: 0.0014870 seconds, Stopping threads took: 0.0000600 seconds
94.540: Application time: 0.0591170 seconds
94.540: [GC94.540: [ParNew: 37113K->4142K(37568K), 0.0022560 secs] 336821K->306950K(431300K), 0.0022940 secs] [Times: user=0.02 sys=0.00, real=0.00 secs] 
94.542: Total time for which application threads were stopped: 0.0024390 seconds, Stopping threads took: 0.0000790 seconds
94.603: Application time: 0.0609450 seconds
94.603: [GC94.603: [ParNew: 37024K->4132K(37568K), 0.0020620 secs] 339832K->309017K(431300K), 0.0021040 secs] [Times: user=0.01 sys=0.00, real=0.01 secs] 
94.606: Total time for which application threads were stopped: 0.0022340 seconds, Stopping threads took: 0.0000590 seconds
94.669: Application time: 0.0631530 seconds
94.669: [GC94.669: [ParNew: 36985K->4131K(37568K), 0.0016980 secs] 341871K->310040K(431300K), 0.0017340 secs] [Times: user=0.02 sys=0.00, real=0.00 secs] 
94.671: Total time for which application threads were stopped: 0.0018930 seconds, Stopping threads took: 0.0000920 seconds
94.732: Application time: 0.0613700 seconds
94.732: [GC94.732: [ParNew: 36566K->4121K(37568K), 0.0013070 secs] 342476K->310031K(431300K), 0.0013440 secs] [Times: user=0.01 sys=0.00, real=0.00 secs] 
94.733: Total time for which application threads were stopped: 0.0014740 seconds, Stopping threads took: 0.0000660 seconds
94.792: Application time: 0.0587360 seconds
94.792: [GC94.792: [ParNew: 36858K->4110K(37568K), 0.0019710 secs] 342767K->312067K(431300K), 0.0020150 secs] [Times: user=0.01 sys=0.00, real=0.00 secs] 
94.794: Total time for which application threads were stopped: 0.0021780 seconds, Stopping threads took: 0.0000960 seconds
94.855: Application time: 0.0606190 seconds
94.855: [GC94.855: [ParNew: 37035K->4116K(37568K), 0.0022180 secs] 344992K->315145K(431300K), 0.0022590 secs] [Times: user=0.01 sys=0.00, real=0.01 secs] 
94.857: Total time for which application threads were stopped: 0.0023850 seconds, Stopping threads took: 0.0000570 seconds
94.917: Application time: 0.0600100 seconds
94.921: [GC94.921: [ParNew: 36824K->4128K(37568K), 0.0017670 secs] 347853K->316182K(431300K), 0.0018050 secs] [Times: user=0.01 sys=0.00, real=0.00 secs] 
94.922: Total time for which application threads were stopped: 0.0050420 seconds, Stopping threads took: 0.0031310 seconds
94.986: Application time: 0.0634680 seconds
94.986: [GC94.986: [ParNew: 37114K->4158K(37568K), 0.0014940 secs] 349167K->316212K(431300K), 0.0015290 secs] [Times: user=0.01 sys=0.00, real=0.00 secs] 
94.988: Total time for which application threads were stopped: 0.0016830 seconds, Stopping threads took: 0.0000880 seconds
95.050: Application time: 0.0625900 seconds
95.050: [GC95.050: [ParNew: 37304K->4159K(37568K), 0.0013790 secs] 349358K->316320K(431300K), 0.0014160 secs] [Times: user=0.01 sys=0.00, real=0.00 secs] 
95.052: Total time for which application threads were stopped: 0.0015600 seconds, Stopping threads took: 0.0000820 seconds
95.111: Application time: 0.0589860 seconds
95.111: [GC95.111: [ParNew: 36825K->3169K(37568K), 0.0011920 secs] 348986K->315339K(431300K), 0.0012260 secs] [Times: user=0.01 sys=0.00, real=0.00 secs] 
95.112: Total time for which application threads were stopped: 0.0013700 seconds, Stopping threads took: 0.0000800 seconds
95.170: Application time: 0.0574660 seconds
95.170: [GC95.170: [ParNew: 35790K->4147K(37568K), 0.0018150 secs] 347960K->317398K(431300K), 0.0018530 secs] [Times: user=0.02 sys=0.00, real=0.00 secs] 
95.172: Total time for which application threads were stopped: 0.0020020 seconds, Stopping threads took: 0.0000810 seconds
95.235: Application time: 0.0639330 seconds
95.236: [GC95.236: [ParNew: 37132K->4150K(37568K), 0.0017280 secs] 350383K->318470K(431300K), 0.0017690 secs] [Times: user=0.02 sys=0.00, real=0.01 secs] 
95.237: Total time for which application threads were stopped: 0.0018980 seconds, Stopping threads took: 0.0000620 seconds
95.295: Application time: 0.0572940 seconds
95.295: [GC95.295: [ParNew: 36670K->4156K(37568K), 0.0014790 secs] 350990K->318488K(431300K), 0.0015150 secs] [Times: user=0.01 sys=0.00, real=0.01 secs] 
95.296: Total time for which application threads were stopped: 0.0016530 seconds, Stopping threads took: 0.0000640 seconds
95.353: Application time: 0.0564590 seconds
95.353: [GC95.353: [ParNew: 36613K->4114K(37568K), 0.0020010 secs] 350946K->320494K(431300K), 0.0020410 secs] [Times: user=0.02 sys=0.00, real=0.00 secs] 
95.355: Total time for which application threads were stopped: 0.0021740 seconds, Stopping threads took: 0.0000680 seconds
95.417: Application time: 0.0617410 seconds
95.417: [GC95.417: [ParNew: 37002K->4112K(37568K), 0.0022610 secs] 353382K->323564K(431300K), 0.0023030 secs] [Times: user=0.02 sys=0.00, real=0.00 secs] 
95.419: Total time for which application threads were stopped: 0.0024310 seconds, Stopping threads took: 0.0000600 seconds
95.478: Application time: 0.0586300 seconds
95.478: [GC95.478: [ParNew: 36994K->4112K(37568K), 0.0019800 secs] 356447K->325612K(431300K), 0.0020240 secs] [Times: user=0.02 sys=0.00, real=0.00 secs] 
95.480: Total time for which application threads were stopped: 0.0021930 seconds, Stopping threads took: 0.0000910 seconds
95.544: Application time: 0.0638140 seconds
95.544: [GC95.545: [ParNew: 37055K->4112K(37568K), 0.0017280 secs] 358555K->326637K(431300K), 0.0017680 secs] [Times: user=0.02 sys=0.00, real=0.00 secs] 
95.546: Total time for which application threads were stopped: 0.0025040 seconds, Stopping threads took: 0.0006710 seconds
95.606: Application time: 0.0602300 seconds
95.607: [GC95.607: [ParNew: 36803K->4132K(37568K), 0.0018270 secs] 359327K->327680K(431300K), 0.0018620 secs] [Times: user=0.02 sys=0.00, real=0.00 secs] 
95.609: Total time for which application threads were stopped: 0.0020670 seconds, Stopping threads took: 0.0001380 seconds
95.673: Application time: 0.0646240 seconds
95.673: [GC95.673: [ParNew: 37173K->4147K(37568K), 0.0014130 secs] 360721K->327711K(431300K), 0.0014500 secs] [Times: user=0.01 sys=0.00, real=0.00 secs] 
95.675: Total time for which application threads were stopped: 0.0016030 seconds, Stopping threads took: 0.0000900 seconds
95.734: Application time: 0.0593060 seconds
95.734: [GC95.734: [ParNew: 37139K->4158K(37568K), 0.0017420 secs] 360704K->328819K(431300K), 0.0017900 secs] [Times: user=0.02 sys=0.00, real=0.00 secs] 
95.736: Total time for which application threads were stopped: 0.0019230 seconds, Stopping threads took: 0.0000660 seconds
95.799: Application time: 0.0630890 seconds
95.799: [GC95.799: [ParNew: 37272K->4156K(37568K), 0.0022850 secs] 361933K->329914K(431300K), 0.0023220 secs] [Times: user=0.01 sys=0.00, real=0.00 secs] 
95.802: Total time for which application threads were stopped: 0.0025040 seconds, Stopping threads took: 0.0001140 seconds
95.859: Application time: 0.0575810 seconds
95.859: [GC95.859: [ParNew: 37564K->4147K(37568K), 0.0014780 secs] 363322K->329915K(431300K), 0.0015160 secs] [Times: user=0.01 sys=0.00, real=0.00 secs] 
95.861: Total time for which application threads were stopped: 0.0016710 seconds, Stopping threads took: 0.0000890 seconds
95.924: Application time: 0.0634450 seconds
95.924: [GC95.924: [ParNew: 37098K->4159K(37568K), 0.0014680 secs] 362866K->329955K(431300K), 0.0015010 secs] [Times: user=0.01 sys=0.00, real=0.00 secs] 
95.926: Total time for which application threads were stopped: 0.0016380 seconds, Stopping threads took: 0.0000720 seconds
95.983: Application time: 0.0569920 seconds
95.983: [GC95.983: [ParNew: 36668K->4132K(37568K), 0.0017200 secs] 362464K->330980K(431300K), 0.0017600 secs] [Times: user=0.01 sys=0.00, real=0.01 secs] 
95.985: Total time for which application threads were stopped: 0.0019070 seconds, Stopping threads took: 0.0000710 seconds
96.047: Application time: 0.0624550 seconds
96.047: [GC96.047: [ParNew: 36968K->4134K(37568K), 0.0017350 secs] 363817K->332007K(431300K), 0.0017740 secs] [Times: user=0.01 sys=0.00, real=0.00 secs] 
96.049: Total time for which application threads were stopped: 0.0019010 seconds, Stopping threads took: 0.0000630 seconds
96.104: Application time: 0.0551030 seconds
96.104: [GC96.104: [ParNew: 36666K->4113K(37568K), 0.0021280 secs] 364539K->334034K(431300K), 0.0021690 secs] [Times: user=0.01 sys=0.00, real=0.00 secs] 
96.107: Total time for which application threads were stopped: 0.0023070 seconds, Stopping threads took: 0.0000690 seconds
96.172: Application time: 0.0648670 seconds
96.172: [GC96.172: [ParNew: 37108K->4110K(37568K), 0.0022170 secs] 367029K->337102K(431300K), 0.0022600 secs] [Times: user=0.02 sys=0.00, real=0.00 secs] 
96.174: Total time for which application threads were stopped: 0.0023960 seconds, Stopping threads took: 0.0000690 seconds
96.234: Application time: 0.0601850 seconds
96.234: [GC96.234: [ParNew: 36997K->4130K(37568K), 0.0019790 secs] 369990K->339170K(431300K), 0.0020210 secs] [Times: user=0.01 sys=0.00, real=0.00 secs] 
96.236: Total time for which application threads were stopped: 0.0021460 seconds, Stopping threads took: 0.0000560 seconds
96.298: Application time: 0.0613370 seconds
96.298: [GC96.298: [ParNew: 36867K->4148K(37568K), 0.0017180 secs] 371908K->340213K(431300K), 0.0017580 secs] [Times: user=0.01 sys=0.00, real=0.00 secs] 
96.299: Total time for which application threads were stopped: 0.0018960 seconds, Stopping threads took: 0.0000720 seconds
96.368: Application time: 0.0688300 seconds
96.368: [GC96.368: [ParNew: 37389K->2111K(37568K), 0.0010140 secs] 373453K->338175K(431300K), 0.0010650 secs] [Times: user=0.01 sys=0.00, real=0.00 secs] 
96.370: Total time for which application threads were stopped: 0.0011880 seconds, Stopping threads took: 0.0000480 seconds
96.432: Application time: 0.0622400 seconds
96.432: [GC96.432: [ParNew: 35519K->4158K(37568K), 0.0014910 secs] 371583K->340309K(431300K), 0.0015310 secs] [Times: user=0.01 sys=0.00, real=0.00 secs] 
96.433: Total time for which application threads were stopped: 0.0016530 seconds, Stopping threads took: 0.0000540 seconds
96.491: Application time: 0.0574550 seconds
96.492: [GC96.492: [ParNew: 36882K->4155K(37568K), 0.0020740 secs] 373033K->342399K(431300K), 0.0021170 secs] [Times: user=0.01 sys=0.00, real=0.00 secs] 
96.495: Total time for which application threads were stopped: 0.0037530 seconds, Stopping threads took: 0.0015570 seconds
96.552: Application time: 0.0575280 seconds
96.552: [GC96.552: [ParNew: 36992K->4158K(37568K), 0.0022010 secs] 375237K->344491K(431300K), 0.0022510 secs] [Times: user=0.01 sys=0.00, real=0.00 secs] 
96.555: Total time for which application threads were stopped: 0.0023780 seconds, Stopping threads took: 0.0000590 seconds
96.617: Application time: 0.0622880 seconds
96.617: [GC96.617: [ParNew: 37098K->4140K(37568K), 0.0019120 secs] 377432K->346550K(431300K), 0.0019550 secs] [Times: user=0.01 sys=0.00, real=0.00 secs] 
96.619: Total time for which application threads were stopped: 0.0020860 seconds, Stopping threads took: 0.0000640 seconds
96.677: Application time: 0.0580760 seconds
96.677: [GC96.677: [ParNew: 36976K->4112K(37568K), 0.0025410 secs] 379386K->349622K(431300K), 0.0025870 secs] [Times: user=0.01 sys=0.00, real=0.00 secs] 
96.680: Total time for which application threads were stopped: 0.0027190 seconds, Stopping threads took: 0.0000620 seconds
96.742: Application time: 0.0623270 seconds
96.743: [GC96.743: [ParNew: 37055K->4112K(37568K), 0.0024090 secs] 382565K->352694K(431300K), 0.0024490 secs] [Times: user=0.02 sys=0.00, real=0.01 secs] 
96.745: Total time for which application threads were stopped: 0.0029630 seconds, Stopping threads took: 0.0004440 seconds
96.808: Application time: 0.0633340 seconds
96.808: [GC96.808: [ParNew: 37045K->4110K(37568K), 0.0025220 secs] 385628K->355764K(431300K), 0.0025630 secs] [Times: user=0.02 sys=0.00, real=0.00 secs] 
96.811: Total time for which application threads were stopped: 0.0026930 seconds, Stopping threads took: 0.0000600 seconds
96.872: Application time: 0.0608910 seconds
96.872: [GC96.872: [ParNew: 36864K->4148K(37568K), 0.0018590 secs] 388519K->356826K(431300K), 0.0018990 secs] [Times: user=0.01 sys=0.00, real=0.00 secs] 
96.874: Total time for which application threads were stopped: 0.0020670 seconds, Stopping threads took: 0.0001020 seconds
96.940: Application time: 0.0659510 seconds
96.940: [GC96.940: [ParNew: 37038K->3110K(37568K), 0.0012070 secs] 389717K->355788K(431300K), 0.0012430 secs] [Times: user=0.01 sys=0.00, real=0.00 secs] 
96.941: Total time for which application threads were stopped: 0.0013670 seconds, Stopping threads took: 0.0000580 seconds
97.001: Application time: 0.0592890 seconds
97.001: [GC97.001: [ParNew: 36476K->4133K(37568K), 0.0014070 secs] 389155K->356812K(431300K), 0.0014410 secs] [Times: user=0.01 sys=0.00, real=0.00 secs] 
97.002: Total time for which application threads were stopped: 0.0016070 seconds, Stopping threads took: 0.0000960 seconds
97.061: Application time: 0.0589210 seconds
97.061: [GC97.061: [ParNew: 36822K->4158K(37568K), 0.0016380 secs] 389501K->357861K(431300K), 0.0016720 secs] [Times: user=0.01 sys=0.00, real=0.00 secs] 
97.063: Total time for which application threads were stopped: 0.0017900 seconds, Stopping threads took: 0.0000560 seconds
97.120: Application time: 0.0570220 seconds
97.120: [GC97.120: [ParNew: 36910K->4154K(37568K), 0.0019560 secs] 390613K->359950K(431300K), 0.0019970 secs] [Times: user=0.02 sys=0.00, real=0.00 secs] 
97.122: Total time for which application threads were stopped: 0.0021260 seconds, Stopping threads took: 0.0000640 seconds
97.184: Application time: 0.0621200 seconds
97.184: [GC97.184: [ParNew: 37358K->4155K(37568K), 0.0016460 secs] 393153K->361063K(431300K), 0.0016850 secs] [Times: user=0.01 sys=0.00, real=0.00 secs] 
97.186: Total time for which application threads were stopped: 0.0018850 seconds, Stopping threads took: 0.0001370 seconds
97.248: Application time: 0.0621440 seconds
97.248: [GC97.248: [ParNew: 37172K->4144K(37568K), 0.0016830 secs] 394080K->362114K(431300K), 0.0017220 secs] [Times: user=0.01 sys=0.00, real=0.00 secs] 
97.250: Total time for which application threads were stopped: 0.0018570 seconds, Stopping threads took: 0.0000670 seconds
97.310: Application time: 0.0597000 seconds
97.310: [GC97.310: [ParNew: 36951K->4159K(37568K), 0.0017210 secs] 394921K->363201K(431300K), 0.0017600 secs] [Times: user=0.01 sys=0.00, real=0.00 secs] 
97.312: Total time for which application threads were stopped: 0.0019410 seconds, Stopping threads took: 0.0001160 seconds
97.373: Application time: 0.0609490 seconds
97.373: [GC97.373: [ParNew: 36906K->4120K(37568K), 0.0017440 secs] 395948K->364195K(431300K), 0.0017910 secs] [Times: user=0.02 sys=0.00, real=0.00 secs] 
97.375: Total time for which application threads were stopped: 0.0019210 seconds, Stopping threads took: 0.0000620 seconds
97.434: Application time: 0.0597480 seconds
97.434: [GC97.435: [ParNew: 36859K->4112K(37568K), 0.0020720 secs] 396934K->366235K(431300K), 0.0021150 secs] [Times: user=0.02 sys=0.00, real=0.01 secs] 
97.437: Total time for which application threads were stopped: 0.0022640 seconds, Stopping threads took: 0.0000810 seconds
97.501: Application time: 0.0640490 seconds
97.501: [GC97.501: [ParNew: 37009K->4131K(37568K), 0.0017890 secs] 399132K->367278K(431300K), 0.0018300 secs] [Times: user=0.01 sys=0.00, real=0.00 secs] 
97.503: Total time for which application threads were stopped: 0.0019560 seconds, Stopping threads took: 0.0000580 seconds
97.560: Application time: 0.0575150 seconds
97.560: [GC97.560: [ParNew: 36561K->4133K(37568K), 0.0014920 secs] 399708K->367280K(431300K), 0.0015270 secs] [Times: user=0.01 sys=0.00, real=0.00 secs] 
97.562: Total time for which application threads were stopped: 0.0016650 seconds, Stopping threads took: 0.0000610 seconds
 CMS: abort preclean due to time 97.563: [CMS-concurrent-abortable-preclean: 0.068/5.021 secs] [Times: user=39.58 sys=0.04, real=5.02 secs] 
97.563: Application time: 0.0008880 seconds
97.563: [GC[YG occupancy: 5205 K (37568 K)]97.563: [Rescan (parallel) , 0.0002240 secs]97.563: [weak refs processing, 0.0000060 secs]97.563: [scrub string table, 0.0001000 secs] [1 CMS-remark: 363146K(393732K)] 368352K(431300K), 0.0003500 secs] [Times: user=0.00 sys=0.00, real=0.00 secs] 
97.563: Total time for which application threads were stopped: 0.0004540 seconds, Stopping threads took: 0.0000810 seconds
97.563: [CMS-concurrent-sweep-start]
97.564: [CMS-concurrent-sweep: 0.001/0.001 secs] [Times: user=0.01 sys=0.00, real=0.01 secs] 
97.564: [CMS-concurrent-reset-start]
97.566: [CMS-concurrent-reset: 0.002/0.002 secs] [Times: user=0.00 sys=0.00, real=0.00 secs] 
97.626: Application time: 0.0632450 seconds
97.627: [GC97.627: [ParNew: 37007K->3126K(37568K), 0.0011750 secs] 143550K->109669K(431300K), 0.0012090 secs] [Times: user=0.01 sys=0.00, real=0.00 secs] 
97.628: Total time for which application threads were stopped: 0.0013820 seconds, Stopping threads took: 0.0001120 seconds
97.686: Application time: 0.0586280 seconds
97.687: [GC97.687: [ParNew: 36534K->4121K(37568K), 0.0015550 secs] 143077K->111688K(431300K), 0.0015890 secs] [Times: user=0.01 sys=0.00, real=0.00 secs] 
97.688: Total time for which application threads were stopped: 0.0017210 seconds, Stopping threads took: 0.0000680 seconds
97.748: Application time: 0.0598670 seconds
97.748: [GC97.748: [ParNew: 36837K->4112K(37568K), 0.0022580 secs] 144404K->114751K(431300K), 0.0023010 secs] [Times: user=0.01 sys=0.00, real=0.00 secs] 
97.750: Total time for which application threads were stopped: 0.0024310 seconds, Stopping threads took: 0.0000650 seconds
97.810: Application time: 0.0591700 seconds
97.810: [GC97.810: [ParNew: 37319K->4158K(37568K), 0.0022920 secs] 147959K->117909K(431300K), 0.0023340 secs] [Times: user=0.01 sys=0.00, real=0.00 secs] 
97.812: Total time for which application threads were stopped: 0.0024600 seconds, Stopping threads took: 0.0000590 seconds
97.872: Application time: 0.0595780 seconds
97.872: [GC97.872: [ParNew: 37246K->4158K(37568K), 0.0020240 secs] 150998K->120059K(431300K), 0.0020650 secs] [Times: user=0.02 sys=0.00, real=0.00 secs] 
97.874: Total time for which application threads were stopped: 0.0022050 seconds, Stopping threads took: 0.0000720 seconds
97.938: Application time: 0.0642530 seconds
97.938: [GC97.938: [ParNew: 37217K->4156K(37568K), 0.0017970 secs] 153118K->121110K(431300K), 0.0018340 secs] [Times: user=0.01 sys=0.00, real=0.00 secs] 
97.940: Total time for which application threads were stopped: 0.0019640 seconds, Stopping threads took: 0.0000640 seconds
98.005: Application time: 0.0646930 seconds
98.005: [GC98.005: [ParNew: 37147K->4148K(37568K), 0.0013580 secs] 154102K->121132K(431300K), 0.0014000 secs] [Times: user=0.01 sys=0.00, real=0.00 secs] 
98.006: Total time for which application threads were stopped: 0.0015100 seconds, Stopping threads took: 0.0000500 seconds
98.063: Application time: 0.0563280 seconds
98.063: [GC98.063: [ParNew: 37551K->4116K(37568K), 0.0017780 secs] 154534K->122151K(431300K), 0.0018170 secs] [Times: user=0.01 sys=0.00, real=0.01 secs] 
98.065: Total time for which application threads were stopped: 0.0019560 seconds, Stopping threads took: 0.0000620 seconds
98.130: Application time: 0.0655640 seconds
98.130: [GC98.130: [ParNew: 37065K->4113K(37568K), 0.0030960 secs] 155101K->125221K(431300K), 0.0031330 secs] [Times: user=0.02 sys=0.00, real=0.00 secs] 
98.133: Total time for which application threads were stopped: 0.0032620 seconds, Stopping threads took: 0.0000670 seconds
98.191: Application time: 0.0571150 seconds
98.191: [GC98.191: [ParNew: 36744K->4115K(37568K), 0.0017740 secs] 157851K->126247K(431300K), 0.0018180 secs] [Times: user=0.01 sys=0.00, real=0.00 secs] 
98.192: Total time for which application threads were stopped: 0.0019500 seconds, Stopping threads took: 0.0000610 seconds
98.252: Application time: 0.0594960 seconds
98.252: [GC98.252: [ParNew: 36779K->4114K(37568K), 0.0020100 secs] 158911K->128294K(431300K), 0.0020490 secs] [Times: user=0.01 sys=0.01, real=0.00 secs] 
98.254: Total time for which application threads were stopped: 0.0021860 seconds, Stopping threads took: 0.0000680 seconds
98.317: Application time: 0.0632470 seconds
98.318: [GC98.318: [ParNew: 37055K->4138K(37568K), 0.0015130 secs] 161235K->128318K(431300K), 0.0015530 secs] [Times: user=0.01 sys=0.00, real=0.00 secs] 
98.319: Total time for which application threads were stopped: 0.0016810 seconds, Stopping threads took: 0.0000590 seconds
98.381: Application time: 0.0621750 seconds
98.381: [GC98.381: [ParNew: 36890K->4148K(37568K), 0.0016500 secs] 161070K->129352K(431300K), 0.0016880 secs] [Times: user=0.01 sys=0.00, real=0.00 secs] 
98.383: Total time for which application threads were stopped: 0.0018200 seconds, Stopping threads took: 0.0000670 seconds
98.440: Application time: 0.0565210 seconds
98.440: [GC98.440: [ParNew: 36598K->4145K(37568K), 0.0016980 secs] 161801K->130373K(431300K), 0.0017360 secs] [Times: user=0.01 sys=0.00, real=0.00 secs] 
98.441: Total time for which application threads were stopped: 0.0018710 seconds, Stopping threads took: 0.0000730 seconds
98.501: Application time: 0.0590430 seconds
98.501: [GC98.501: [ParNew: 37158K->4159K(37568K), 0.0021400 secs] 163386K->132480K(431300K), 0.0021800 secs] [Times: user=0.01 sys=0.00, real=0.00 secs] 
98.503: Total time for which application threads were stopped: 0.0023150 seconds, Stopping threads took: 0.0000680 seconds
98.563: Application time: 0.0597950 seconds
98.563: [GC98.563: [ParNew: 37226K->4156K(37568K), 0.0019710 secs] 165547K->134625K(431300K), 0.0020150 secs] [Times: user=0.02 sys=0.00, real=0.01 secs] 
98.565: Total time for which application threads were stopped: 0.0021900 seconds, Stopping threads took: 0.0001040 seconds
98.628: Application time: 0.0627850 seconds
98.628: [GC98.628: [ParNew: 37193K->4158K(37568K), 0.0015310 secs] 167663K->134671K(431300K), 0.0015660 secs] [Times: user=0.01 sys=0.00, real=0.00 secs] 
98.629: Total time for which application threads were stopped: 0.0017070 seconds, Stopping threads took: 0.0000670 seconds
98.690: Application time: 0.0609200 seconds
98.690: [GC98.690: [ParNew: 36910K->4158K(37568K), 0.0018430 secs] 167423K->135723K(431300K), 0.0018870 secs] [Times: user=0.01 sys=0.00, real=0.00 secs] 
98.692: Total time for which application threads were stopped: 0.0020190 seconds, Stopping threads took: 0.0000660 seconds
98.751: Application time: 0.0585820 seconds
98.751: [GC98.751: [ParNew: 36713K->4114K(37568K), 0.0016190 secs] 168278K->136715K(431300K), 0.0016620 secs] [Times: user=0.01 sys=0.00, real=0.00 secs] 
98.753: Total time for which application threads were stopped: 0.0018360 seconds, Stopping threads took: 0.0000970 seconds
98.816: Application time: 0.0629710 seconds
98.816: [GC98.816: [ParNew: 37091K->4114K(37568K), 0.0023700 secs] 169693K->139788K(431300K), 0.0024150 secs] [Times: user=0.02 sys=0.00, real=0.01 secs] 
98.818: Total time for which application threads were stopped: 0.0025820 seconds, Stopping threads took: 0.0000990 seconds
98.880: Application time: 0.0617780 seconds
98.880: [GC98.880: [ParNew: 36967K->4128K(37568K), 0.0020480 secs] 172641K->141850K(431300K), 0.0020930 secs] [Times: user=0.01 sys=0.00, real=0.00 secs] 
98.882: Total time for which application threads were stopped: 0.0022290 seconds, Stopping threads took: 0.0000660 seconds
98.941: Application time: 0.0592200 seconds
98.942: [GC98.942: [ParNew: 36645K->4149K(37568K), 0.0014250 secs] 174367K->141870K(431300K), 0.0014630 secs] [Times: user=0.02 sys=0.00, real=0.00 secs] 
98.943: Total time for which application threads were stopped: 0.0015920 seconds, Stopping threads took: 0.0000630 seconds
99.005: Application time: 0.0616080 seconds
99.005: [GC99.005: [ParNew: 36875K->4117K(37568K), 0.0017670 secs] 174597K->142863K(431300K), 0.0018080 secs] [Times: user=0.01 sys=0.00, real=0.00 secs] 
99.007: Total time for which application threads were stopped: 0.0019280 seconds, Stopping threads took: 0.0000540 seconds
99.064: Application time: 0.0572660 seconds
99.064: [GC99.064: [ParNew: 36587K->4131K(37568K), 0.0018800 secs] 175332K->143900K(431300K), 0.0019210 secs] [Times: user=0.01 sys=0.00, real=0.01 secs] 
99.066: Total time for which application threads were stopped: 0.0021320 seconds, Stopping threads took: 0.0001450 seconds
99.125: Application time: 0.0592720 seconds
99.125: [GC99.125: [ParNew: 36776K->4112K(37568K), 0.0024730 secs] 176546K->146954K(431300K), 0.0025150 secs] [Times: user=0.02 sys=0.00, real=0.00 secs] 
99.128: Total time for which application threads were stopped: 0.0026870 seconds, Stopping threads took: 0.0001020 seconds
99.190: Application time: 0.0620950 seconds
99.190: [GC99.190: [ParNew: 37357K->4159K(37568K), 0.0018300 secs] 180199K->148078K(431300K), 0.0018670 secs] [Times: user=0.01 sys=0.00, real=0.00 secs] 
99.192: Total time for which application threads were stopped: 0.0020040 seconds, Stopping threads took: 0.0000660 seconds
99.251: Application time: 0.0586730 seconds
99.251: [GC99.251: [ParNew: 37203K->4153K(37568K), 0.0020730 secs] 181122K->150201K(431300K), 0.0021160 secs] [Times: user=0.02 sys=0.00, real=0.00 secs] 
99.253: Total time for which application threads were stopped: 0.0022510 seconds, Stopping threads took: 0.0000620 seconds
99.316: Application time: 0.0625030 seconds
99.316: [GC99.316: [ParNew: 37120K->4158K(37568K), 0.0017740 secs] 183168K->151268K(431300K), 0.0018150 secs] [Times: user=0.01 sys=0.00, real=0.01 secs] 
99.317: Total time for which application threads were stopped: 0.0019630 seconds, Stopping threads took: 0.0000820 seconds
99.383: Application time: 0.0651590 seconds
99.383: [GC99.383: [ParNew: 37228K->4144K(37568K), 0.0016850 secs] 184338K->152323K(431300K), 0.0017280 secs] [Times: user=0.01 sys=0.00, real=0.01 secs] 
99.384: Total time for which application threads were stopped: 0.0018540 seconds, Stopping threads took: 0.0000570 seconds
99.440: Application time: 0.0554170 seconds
99.440: [GC99.440: [ParNew: 36610K->4113K(37568K), 0.0017320 secs] 184789K->153328K(431300K), 0.0017710 secs] [Times: user=0.02 sys=0.00, real=0.00 secs] 
99.442: Total time for which application threads were stopped: 0.0019380 seconds, Stopping threads took: 0.0001010 seconds
99.504: Application time: 0.0621250 seconds
99.504: [GC99.504: [ParNew: 36946K->4114K(37568K), 0.0023700 secs] 186161K->156401K(431300K), 0.0024130 secs] [Times: user=0.02 sys=0.00, real=0.01 secs] 
99.507: Total time for which application threads were stopped: 0.0025680 seconds, Stopping threads took: 0.0000860 seconds
99.570: Application time: 0.0634570 seconds
99.572: [GC99.572: [ParNew: 37091K->4148K(37568K), 0.0020210 secs] 189378K->157459K(431300K), 0.0020700 secs] [Times: user=0.01 sys=0.00, real=0.00 secs] 
99.575: Total time for which application threads were stopped: 0.0044950 seconds, Stopping threads took: 0.0023570 seconds
99.634: Application time: 0.0596400 seconds
99.634: [GC99.634: [ParNew: 37556K->4158K(37568K), 0.0015680 secs] 190867K->157474K(431300K), 0.0016030 secs] [Times: user=0.01 sys=0.00, real=0.00 secs] 
99.636: Total time for which application threads were stopped: 0.0017690 seconds, Stopping threads took: 0.0001010 seconds
99.697: Application time: 0.0608560 seconds
99.697: [GC99.697: [ParNew: 36728K->3098K(37568K), 0.0010430 secs] 190044K->156415K(431300K), 0.0010780 secs] [Times: user=0.00 sys=0.00, real=0.00 secs] 
99.698: Total time for which application threads were stopped: 0.0012450 seconds, Stopping threads took: 0.0000980 seconds
99.754: Application time: 0.0564330 seconds
99.755: [GC99.755: [ParNew: 35792K->4116K(37568K), 0.0020630 secs] 189108K->159480K(431300K), 0.0021070 secs] [Times: user=0.02 sys=0.00, real=0.01 secs] 
99.757: Total time for which application threads were stopped: 0.0022580 seconds, Stopping threads took: 0.0000850 seconds
99.816: Application time: 0.0590440 seconds
99.816: [GC99.816: [ParNew: 36947K->4143K(37568K), 0.0019860 secs] 192312K->161555K(431300K), 0.0020260 secs] [Times: user=0.02 sys=0.00, real=0.01 secs] 
99.818: Total time for which application threads were stopped: 0.0021690 seconds, Stopping threads took: 0.0000730 seconds
99.880: Application time: 0.0620230 seconds
99.880: [GC99.880: [ParNew: 37157K->4157K(37568K), 0.0017940 secs] 194570K->162654K(431300K), 0.0018340 secs] [Times: user=0.02 sys=0.00, real=0.00 secs] 
99.882: Total time for which application threads were stopped: 0.0019750 seconds, Stopping threads took: 0.0000740 seconds
99.945: Application time: 0.0627410 seconds
99.945: [GC99.945: [ParNew: 37337K->4158K(37568K), 0.0017000 secs] 195834K->163762K(431300K), 0.0017350 secs] [Times: user=0.01 sys=0.00, real=0.00 secs] 
99.947: Total time for which application threads were stopped: 0.0018890 seconds, Stopping threads took: 0.0000890 seconds
100.004: Application time: 0.0572060 seconds
100.004: [GC100.004: [ParNew: 36866K->4141K(37568K), 0.0020650 secs] 196470K->165823K(431300K), 0.0021050 secs] [Times: user=0.02 sys=0.00, real=0.01 secs] 
100.006: Total time for which application threads were stopped: 0.0022390 seconds, Stopping threads took: 0.0000670 seconds
100.069: Application time: 0.0629960 seconds
100.069: [GC100.069: [ParNew: 37160K->4143K(37568K), 0.0016260 secs] 198842K->166877K(431300K), 0.0016670 secs] [Times: user=0.01 sys=0.00, real=0.00 secs] 
100.071: Total time for which application threads were stopped: 0.0017900 seconds, Stopping threads took: 0.0000570 seconds
100.128: Application time: 0.0575540 seconds
100.128: [GC100.129: [ParNew: 36804K->4114K(37568K), 0.0021420 secs] 199538K->168925K(431300K), 0.0021830 secs] [Times: user=0.02 sys=0.00, real=0.00 secs] 
100.131: Total time for which application threads were stopped: 0.0023290 seconds, Stopping threads took: 0.0000790 seconds
100.193: Application time: 0.0627100 seconds
100.194: [GC100.194: [ParNew: 36878K->4130K(37568K), 0.0020130 secs] 201689K->170988K(431300K), 0.0020530 secs] [Times: user=0.01 sys=0.00, real=0.00 secs] 
100.196: Total time for which application threads were stopped: 0.0022030 seconds, Stopping threads took: 0.0000790 seconds
100.260: Application time: 0.0641890 seconds
100.260: [GC100.260: [ParNew: 37051K->4146K(37568K), 0.0017490 secs] 203910K->172028K(431300K), 0.0017880 secs] [Times: user=0.01 sys=0.00, real=0.00 secs] 
100.262: Total time for which application threads were stopped: 0.0019330 seconds, Stopping threads took: 0.0000670 seconds
100.321: Application time: 0.0589490 seconds
100.321: [GC100.321: [ParNew: 36653K->4134K(37568K), 0.0016600 secs] 204536K->173040K(431300K), 0.0016990 secs] [Times: user=0.01 sys=0.00, real=0.00 secs] 
100.323: Total time for which application threads were stopped: 0.0018210 seconds, Stopping threads took: 0.0000540 seconds
100.380: Application time: 0.0576240 seconds
100.380: [GC100.380: [ParNew: 36599K->4121K(37568K), 0.0016100 secs] 205506K->174051K(431300K), 0.0016580 secs] [Times: user=0.01 sys=0.00, real=0.00 secs] 
100.382: Total time for which application threads were stopped: 0.0017830 seconds, Stopping threads took: 0.0000570 seconds
100.441: Application time: 0.0593130 seconds
100.441: [GC100.441: [ParNew: 36874K->4114K(37568K), 0.0019480 secs] 206805K->176093K(431300K), 0.0019850 secs] [Times: user=0.01 sys=0.00, real=0.00 secs] 
100.443: Total time for which application threads were stopped: 0.0021130 seconds, Stopping threads took: 0.0000600 seconds
100.502: Application time: 0.0589220 seconds
100.502: [GC100.502: [ParNew: 36958K->4142K(37568K), 0.0020460 secs] 208937K->178169K(431300K), 0.0020890 secs] [Times: user=0.02 sys=0.00, real=0.01 secs] 
100.505: Total time for which application threads were stopped: 0.0022480 seconds, Stopping threads took: 0.0000910 seconds
100.566: Application time: 0.0613970 seconds
100.566: [GC100.566: [ParNew: 37182K->4156K(37568K), 0.0020380 secs] 211208K->180292K(431300K), 0.0020760 secs] [Times: user=0.02 sys=0.00, real=0.00 secs] 
100.568: Total time for which application threads were stopped: 0.0022000 seconds, Stopping threads took: 0.0000570 seconds
100.631: Application time: 0.0628170 seconds
100.631: [GC100.631: [ParNew: 37230K->4159K(37568K), 0.0020080 secs] 213366K->182408K(431300K), 0.0020460 secs] [Times: user=0.01 sys=0.00, real=0.00 secs] 
100.633: Total time for which application threads were stopped: 0.0021870 seconds, Stopping threads took: 0.0000750 seconds
100.693: Application time: 0.0599200 seconds
100.693: [GC100.693: [ParNew: 37032K->4158K(37568K), 0.0017700 secs] 215280K->183492K(431300K), 0.0018110 secs] [Times: user=0.01 sys=0.00, real=0.00 secs] 
100.695: Total time for which application threads were stopped: 0.0019720 seconds, Stopping threads took: 0.0000930 seconds
100.756: Application time: 0.0607720 seconds
100.756: [GC100.756: [ParNew: 37008K->4158K(37568K), 0.0015390 secs] 216343K->183505K(431300K), 0.0015790 secs] [Times: user=0.01 sys=0.00, real=0.01 secs] 
100.758: Total time for which application threads were stopped: 0.0017130 seconds, Stopping threads took: 0.0000660 seconds
100.818: Application time: 0.0604640 seconds
100.818: [GC100.818: [ParNew: 36830K->4137K(37568K), 0.0017360 secs] 216177K->184536K(431300K), 0.0017730 secs] [Times: user=0.02 sys=0.00, real=0.00 secs] 
100.820: Total time for which application threads were stopped: 0.0019060 seconds, Stopping threads took: 0.0000590 seconds
100.880: Application time: 0.0603190 seconds
100.880: [GC100.880: [ParNew: 36806K->4129K(37568K), 0.0016700 secs] 217205K->185552K(431300K), 0.0017070 secs] [Times: user=0.01 sys=0.00, real=0.00 secs] 
100.882: Total time for which application threads were stopped: 0.0018540 seconds, Stopping threads took: 0.0000820 seconds
100.941: Application time: 0.0591690 seconds
100.941: [GC100.941: [ParNew: 36840K->4120K(37568K), 0.0019030 secs] 218263K->187591K(431300K), 0.0019420 secs] [Times: user=0.01 sys=0.00, real=0.00 secs] 
100.943: Total time for which application threads were stopped: 0.0020700 seconds, Stopping threads took: 0.0000620 seconds
101.003: Application time: 0.0593050 seconds
101.003: [GC101.003: [ParNew: 36845K->4130K(37568K), 0.0019980 secs] 220316K->189649K(431300K), 0.0020380 secs] [Times: user=0.01 sys=0.00, real=0.01 secs] 
101.005: Total time for which application threads were stopped: 0.0021740 seconds, Stopping threads took: 0.0000690 seconds
101.065: Application time: 0.0597660 seconds
101.065: [GC101.065: [ParNew: 36907K->4116K(37568K), 0.0022010 secs] 222426K->191683K(431300K), 0.0022430 secs] [Times: user=0.02 sys=0.00, real=0.00 secs] 
101.067: Total time for which application threads were stopped: 0.0023750 seconds, Stopping threads took: 0.0000610 seconds
101.132: Application time: 0.0650230 seconds
101.132: [GC101.132: [ParNew: 37020K->4147K(37568K), 0.0016560 secs] 224587K->192738K(431300K), 0.0016930 secs] [Times: user=0.02 sys=0.00, real=0.00 secs] 
101.134: Total time for which application threads were stopped: 0.0018380 seconds, Stopping threads took: 0.0000700 seconds
101.195: Application time: 0.0609100 seconds
101.195: [GC101.195: [ParNew: 36945K->4159K(37568K), 0.0013510 secs] 225536K->192750K(431300K), 0.0013860 secs] [Times: user=0.01 sys=0.00, real=0.00 secs] 
101.196: Total time for which application threads were stopped: 0.0015110 seconds, Stopping threads took: 0.0000610 seconds
101.255: Application time: 0.0590500 seconds
101.255: [GC101.255: [ParNew: 37032K->4153K(37568K), 0.0016780 secs] 225623K->193845K(431300K), 0.0017150 secs] [Times: user=0.01 sys=0.00, real=0.01 secs] 
101.257: Total time for which application threads were stopped: 0.0018470 seconds, Stopping threads took: 0.0000710 seconds
101.319: Application time: 0.0614630 seconds
101.319: [GC101.319: [ParNew: 37179K->4158K(37568K), 0.0019800 secs] 226871K->195952K(431300K), 0.0020230 secs] [Times: user=0.01 sys=0.00, real=0.00 secs] 
101.321: Total time for which application threads were stopped: 0.0021610 seconds, Stopping threads took: 0.0000600 seconds
101.378: Application time: 0.0570920 seconds
101.378: [GC101.378: [ParNew: 36729K->4144K(37568K), 0.0016770 secs] 228523K->197002K(431300K), 0.0017190 secs] [Times: user=0.01 sys=0.00, real=0.00 secs] 
101.380: Total time for which application threads were stopped: 0.0018470 seconds, Stopping threads took: 0.0000610 seconds
101.440: Application time: 0.0605350 seconds
101.440: [GC101.440: [ParNew: 37044K->4154K(37568K), 0.0021470 secs] 229902K->199097K(431300K), 0.0021870 secs] [Times: user=0.02 sys=0.00, real=0.00 secs] 
101.443: Total time for which application threads were stopped: 0.0023680 seconds, Stopping threads took: 0.0001150 seconds
101.505: Application time: 0.0625090 seconds
101.505: [GC101.505: [ParNew: 37047K->4133K(37568K), 0.0017430 secs] 231990K->200121K(431300K), 0.0017810 secs] [Times: user=0.01 sys=0.00, real=0.00 secs] 
101.507: Total time for which application threads were stopped: 0.0019000 seconds, Stopping threads took: 0.0000540 seconds
101.567: Application time: 0.0595370 seconds
101.567: [GC101.567: [ParNew: 36752K->4132K(37568K), 0.0016490 secs] 232740K->201144K(431300K), 0.0016870 secs] [Times: user=0.02 sys=0.00, real=0.00 secs] 
101.568: Total time for which application threads were stopped: 0.0018130 seconds, Stopping threads took: 0.0000620 seconds
101.629: Application time: 0.0610550 seconds
101.630: [GC101.630: [ParNew: 36851K->4130K(37568K), 0.0013810 secs] 233863K->201142K(431300K), 0.0014150 secs] [Times: user=0.01 sys=0.00, real=0.00 secs] 
101.631: Total time for which application threads were stopped: 0.0015440 seconds, Stopping threads took: 0.0000670 seconds
101.688: Application time: 0.0569390 seconds
101.688: [GC101.688: [ParNew: 36770K->4115K(37568K), 0.0019400 secs] 233782K->203174K(431300K), 0.0019800 secs] [Times: user=0.02 sys=0.00, real=0.00 secs] 
101.690: Total time for which application threads were stopped: 0.0021120 seconds, Stopping threads took: 0.0000670 seconds
101.753: Application time: 0.0633170 seconds
101.753: [GC101.753: [ParNew: 37069K->4132K(37568K), 0.0020510 secs] 236129K->205239K(431300K), 0.0020910 secs] [Times: user=0.02 sys=0.00, real=0.00 secs] 
101.756: Total time for which application threads were stopped: 0.0022170 seconds, Stopping threads took: 0.0000570 seconds
101.815: Application time: 0.0592690 seconds
101.815: [GC101.815: [ParNew: 36770K->4134K(37568K), 0.0017130 secs] 237878K->206265K(431300K), 0.0017530 secs] [Times: user=0.01 sys=0.00, real=0.01 secs] 
101.817: Total time for which application threads were stopped: 0.0019050 seconds, Stopping threads took: 0.0000870 seconds
101.876: Application time: 0.0592930 seconds
101.876: [GC101.876: [ParNew: 36697K->4134K(37568K), 0.0016960 secs] 238828K->207289K(431300K), 0.0017360 secs] [Times: user=0.01 sys=0.00, real=0.01 secs] 
101.878: Total time for which application threads were stopped: 0.0018850 seconds, Stopping threads took: 0.0000740 seconds
101.939: Application time: 0.0608830 seconds
101.940: [GC101.941: [ParNew: 37125K->4154K(37568K), 0.0022870 secs] 240280K->210397K(431300K), 0.0023360 secs] [Times: user=0.02 sys=0.00, real=0.00 secs] 
101.943: Total time for which application threads were stopped: 0.0040440 seconds, Stopping threads took: 0.0016200 seconds
102.002: Application time: 0.0591440 seconds
102.002: [GC102.002: [ParNew: 37448K->4156K(37568K), 0.0023570 secs] 243692K->213585K(431300K), 0.0023990 secs] [Times: user=0.01 sys=0.00, real=0.01 secs] 
102.005: Total time for which application threads were stopped: 0.0025790 seconds, Stopping threads took: 0.0001120 seconds
102.005: Application time: 0.0000810 seconds
102.005: [GC [1 CMS-initial-mark: 209428K(393732K)] 214616K(431300K), 0.0001360 secs] [Times: user=0.00 sys=0.00, real=0.00 secs] 
102.005: Total time for which application threads were stopped: 0.0003330 seconds, Stopping threads took: 0.0001730 seconds
102.005: [CMS-concurrent-mark-start]
102.007: [CMS-concurrent-mark: 0.002/0.002 secs] [Times: user=0.01 sys=0.00, real=0.00 secs] 
102.007: [CMS-concurrent-preclean-start]
102.008: [CMS-concurrent-preclean: 0.001/0.001 secs] [Times: user=0.00 sys=0.00, real=0.00 secs] 
102.008: [CMS-concurrent-abortable-preclean-start]
102.070: Application time: 0.0647670 seconds
102.070: [GC102.070: [ParNew: 37144K->4158K(37568K), 0.0020590 secs] 246573K->215677K(431300K), 0.0021030 secs] [Times: user=0.02 sys=0.00, real=0.00 secs] 
102.072: Total time for which application threads were stopped: 0.0022710 seconds, Stopping threads took: 0.0000990 seconds
102.133: Application time: 0.0609940 seconds
102.133: [GC102.133: [ParNew: 36998K->4147K(37568K), 0.0015240 secs] 248516K->215711K(431300K), 0.0015630 secs] [Times: user=0.01 sys=0.00, real=0.00 secs] 
102.135: Total time for which application threads were stopped: 0.0017180 seconds, Stopping threads took: 0.0000890 seconds
102.197: Application time: 0.0620700 seconds
102.197: [GC102.197: [ParNew: 36839K->4130K(37568K), 0.0015450 secs] 248402K->215706K(431300K), 0.0015830 secs] [Times: user=0.02 sys=0.00, real=0.00 secs] 
102.199: Total time for which application threads were stopped: 0.0017150 seconds, Stopping threads took: 0.0000670 seconds
102.257: Application time: 0.0587780 seconds
102.257: [GC102.257: [ParNew: 36671K->4134K(37568K), 0.0018350 secs] 248247K->216734K(431300K), 0.0018710 secs] [Times: user=0.02 sys=0.00, real=0.00 secs] 
102.259: Total time for which application threads were stopped: 0.0020060 seconds, Stopping threads took: 0.0000680 seconds
102.317: Application time: 0.0575600 seconds
102.317: [GC102.317: [ParNew: 37542K->4135K(37568K), 0.0017360 secs] 250142K->217759K(431300K), 0.0017720 secs] [Times: user=0.01 sys=0.00, real=0.00 secs] 
102.319: Total time for which application threads were stopped: 0.0019010 seconds, Stopping threads took: 0.0000590 seconds
102.381: Application time: 0.0626340 seconds
102.382: [GC102.382: [ParNew: 36969K->4118K(37568K), 0.0016800 secs] 250593K->218766K(431300K), 0.0017170 secs] [Times: user=0.01 sys=0.00, real=0.00 secs] 
102.383: Total time for which application threads were stopped: 0.0018530 seconds, Stopping threads took: 0.0000630 seconds
102.442: Application time: 0.0589270 seconds
102.442: [GC102.442: [ParNew: 36919K->4112K(37568K), 0.0023170 secs] 251567K->221832K(431300K), 0.0023590 secs] [Times: user=0.01 sys=0.00, real=0.01 secs] 
102.445: Total time for which application threads were stopped: 0.0025030 seconds, Stopping threads took: 0.0000770 seconds
102.507: Application time: 0.0625520 seconds
102.507: [GC102.507: [ParNew: 37030K->4129K(37568K), 0.0020040 secs] 254750K->223897K(431300K), 0.0020410 secs] [Times: user=0.02 sys=0.00, real=0.00 secs] 
102.509: Total time for which application threads were stopped: 0.0021690 seconds, Stopping threads took: 0.0000630 seconds
102.570: Application time: 0.0604530 seconds
102.570: [GC102.570: [ParNew: 36862K->4116K(37568K), 0.0018990 secs] 256630K->225932K(431300K), 0.0019410 secs] [Times: user=0.01 sys=0.00, real=0.00 secs] 
102.572: Total time for which application threads were stopped: 0.0020790 seconds, Stopping threads took: 0.0000610 seconds
102.633: Application time: 0.0613740 seconds
102.633: [GC102.633: [ParNew: 37310K->4156K(37568K), 0.0017630 secs] 259126K->227060K(431300K), 0.0018000 secs] [Times: user=0.01 sys=0.00, real=0.00 secs] 
102.635: Total time for which application threads were stopped: 0.0019380 seconds, Stopping threads took: 0.0000720 seconds
102.696: Application time: 0.0603660 seconds
102.696: [GC102.696: [ParNew: 37145K->4159K(37568K), 0.0017490 secs] 260049K->228165K(431300K), 0.0017900 secs] [Times: user=0.02 sys=0.00, real=0.01 secs] 
102.698: Total time for which application threads were stopped: 0.0019300 seconds, Stopping threads took: 0.0000690 seconds
102.759: Application time: 0.0617740 seconds
102.759: [GC102.759: [ParNew: 37020K->3125K(37568K), 0.0011720 secs] 261025K->227160K(431300K), 0.0012060 secs] [Times: user=0.01 sys=0.00, real=0.00 secs] 
102.761: Total time for which application threads were stopped: 0.0013320 seconds, Stopping threads took: 0.0000620 seconds
102.824: Application time: 0.0630760 seconds
102.824: [GC102.824: [ParNew: 35994K->4148K(37568K), 0.0016020 secs] 260029K->229235K(431300K), 0.0016380 secs] [Times: user=0.01 sys=0.00, real=0.01 secs] 
102.826: Total time for which application threads were stopped: 0.0017610 seconds, Stopping threads took: 0.0000640 seconds
102.882: Application time: 0.0561340 seconds
102.882: [GC102.882: [ParNew: 36717K->4119K(37568K), 0.0021210 secs] 261805K->231283K(431300K), 0.0021570 secs] [Times: user=0.02 sys=0.00, real=0.00 secs] 
102.884: Total time for which application threads were stopped: 0.0022970 seconds, Stopping threads took: 0.0000770 seconds
102.946: Application time: 0.0615250 seconds
102.946: [GC102.946: [ParNew: 36949K->4116K(37568K), 0.0022600 secs] 264113K->234352K(431300K), 0.0023000 secs] [Times: user=0.02 sys=0.00, real=0.00 secs] 
102.948: Total time for which application threads were stopped: 0.0024370 seconds, Stopping threads took: 0.0000610 seconds
103.010: Application time: 0.0618960 seconds
103.010: [GC103.010: [ParNew: 36979K->4129K(37568K), 0.0015150 secs] 267215K->234365K(431300K), 0.0015510 secs] [Times: user=0.01 sys=0.00, real=0.00 secs] 
103.012: Total time for which application threads were stopped: 0.0017090 seconds, Stopping threads took: 0.0000910 seconds
103.073: Application time: 0.0612480 seconds
103.073: [GC103.073: [ParNew: 36784K->4154K(37568K), 0.0013870 secs] 267020K->234390K(431300K), 0.0014250 secs] [Times: user=0.01 sys=0.00, real=0.00 secs] 
103.074: Total time for which application threads were stopped: 0.0015640 seconds, Stopping threads took: 0.0000740 seconds
103.133: Application time: 0.0584450 seconds
103.133: [GC103.133: [ParNew: 37562K->4130K(37568K), 0.0016870 secs] 267798K->235391K(431300K), 0.0017270 secs] [Times: user=0.01 sys=0.00, real=0.00 secs] 
103.135: Total time for which application threads were stopped: 0.0018460 seconds, Stopping threads took: 0.0000550 seconds
103.197: Application time: 0.0627490 seconds
103.198: [GC103.198: [ParNew: 37023K->4116K(37568K), 0.0019790 secs] 268283K->237424K(431300K), 0.0020220 secs] [Times: user=0.02 sys=0.00, real=0.00 secs] 
103.200: Total time for which application threads were stopped: 0.0021690 seconds, Stopping threads took: 0.0000800 seconds
103.255: Application time: 0.0552570 seconds
103.255: [GC103.255: [ParNew: 36688K->4116K(37568K), 0.0020950 secs] 269997K->239472K(431300K), 0.0021340 secs] [Times: user=0.02 sys=0.00, real=0.01 secs] 
103.257: Total time for which application threads were stopped: 0.0022890 seconds, Stopping threads took: 0.0000890 seconds
103.322: Application time: 0.0648920 seconds
103.322: [GC103.322: [ParNew: 37390K->4152K(37568K), 0.0016730 secs] 272746K->240581K(431300K), 0.0017050 secs] [Times: user=0.01 sys=0.00, real=0.00 secs] 
103.324: Total time for which application threads were stopped: 0.0018270 seconds, Stopping threads took: 0.0000590 seconds
103.384: Application time: 0.0600920 seconds
103.384: [GC103.384: [ParNew: 37223K->4159K(37568K), 0.0021150 secs] 273652K->242729K(431300K), 0.0021660 secs] [Times: user=0.01 sys=0.00, real=0.01 secs] 
103.386: Total time for which application threads were stopped: 0.0023000 seconds, Stopping threads took: 0.0000630 seconds
103.448: Application time: 0.0614230 seconds
103.448: [GC103.448: [ParNew: 37050K->4159K(37568K), 0.0017540 secs] 275620K->243783K(431300K), 0.0017900 secs] [Times: user=0.02 sys=0.00, real=0.00 secs] 
103.450: Total time for which application threads were stopped: 0.0019560 seconds, Stopping threads took: 0.0000930 seconds
103.510: Application time: 0.0599660 seconds
103.510: [GC103.510: [ParNew: 36901K->4119K(37568K), 0.0020150 secs] 276526K->245820K(431300K), 0.0020530 secs] [Times: user=0.01 sys=0.00, real=0.00 secs] 
103.512: Total time for which application threads were stopped: 0.0021850 seconds, Stopping threads took: 0.0000670 seconds
103.572: Application time: 0.0603360 seconds
103.572: [GC103.572: [ParNew: 36920K->4158K(37568K), 0.0014560 secs] 278621K->245859K(431300K), 0.0014910 secs] [Times: user=0.01 sys=0.00, real=0.00 secs] 
103.574: Total time for which application threads were stopped: 0.0016410 seconds, Stopping threads took: 0.0000860 seconds
103.638: Application time: 0.0639120 seconds
103.638: [GC103.638: [ParNew: 37080K->4116K(37568K), 0.0019980 secs] 278781K->247893K(431300K), 0.0020430 secs] [Times: user=0.01 sys=0.00, real=0.00 secs] 
103.640: Total time for which application threads were stopped: 0.0022190 seconds, Stopping threads took: 0.0001060 seconds
103.701: Application time: 0.0613340 seconds
103.701: [GC103.701: [ParNew: 36792K->3110K(37568K), 0.0012210 secs] 280569K->246888K(431300K), 0.0016410 secs] [Times: user=0.01 sys=0.00, real=0.00 secs] 
103.703: Total time for which application threads were stopped: 0.0017570 seconds, Stopping threads took: 0.0000530 seconds
103.762: Application time: 0.0586270 seconds
103.762: [GC103.762: [ParNew: 36518K->4116K(37568K), 0.0017520 secs] 280296K->248918K(431300K), 0.0017910 secs] [Times: user=0.01 sys=0.00, real=0.00 secs] 
103.764: Total time for which application threads were stopped: 0.0020130 seconds, Stopping threads took: 0.0001350 seconds
103.825: Application time: 0.0614350 seconds
103.825: [GC103.825: [ParNew: 36874K->4115K(37568K), 0.0015550 secs] 281676K->248917K(431300K), 0.0015880 secs] [Times: user=0.01 sys=0.00, real=0.00 secs] 
103.827: Total time for which application threads were stopped: 0.0017030 seconds, Stopping threads took: 0.0000540 seconds
103.882: Application time: 0.0551520 seconds
103.882: [GC103.882: [ParNew: 36726K->4116K(37568K), 0.0020510 secs] 281527K->250965K(431300K), 0.0020930 secs] [Times: user=0.02 sys=0.00, real=0.00 secs] 
103.884: Total time for which application threads were stopped: 0.0022300 seconds, Stopping threads took: 0.0000640 seconds
103.948: Application time: 0.0642790 seconds
103.949: [GC103.949: [ParNew: 37104K->4132K(37568K), 0.0016420 secs] 283953K->252006K(431300K), 0.0016790 secs] [Times: user=0.01 sys=0.00, real=0.00 secs] 
103.950: Total time for which application threads were stopped: 0.0018100 seconds, Stopping threads took: 0.0000550 seconds
104.012: Application time: 0.0618390 seconds
104.012: [GC104.012: [ParNew: 37254K->4158K(37568K), 0.0020200 secs] 285128K->254136K(431300K), 0.0020590 secs] [Times: user=0.01 sys=0.01, real=0.00 secs] 
104.014: Total time for which application threads were stopped: 0.0021840 seconds, Stopping threads took: 0.0000590 seconds
104.073: Application time: 0.0582560 seconds
104.073: [GC104.073: [ParNew: 37046K->4152K(37568K), 0.0019890 secs] 287023K->256255K(431300K), 0.0020260 secs] [Times: user=0.01 sys=0.00, real=0.00 secs] 
104.075: Total time for which application threads were stopped: 0.0021520 seconds, Stopping threads took: 0.0000620 seconds
104.137: Application time: 0.0619490 seconds
104.137: [GC104.137: [ParNew: 37122K->4150K(37568K), 0.0020120 secs] 289226K->258339K(431300K), 0.0020550 secs] [Times: user=0.01 sys=0.00, real=0.00 secs] 
104.139: Total time for which application threads were stopped: 0.0022190 seconds, Stopping threads took: 0.0000980 seconds
104.201: Application time: 0.0622410 seconds
104.201: [GC104.201: [ParNew: 37073K->4128K(37568K), 0.0021180 secs] 291262K->260393K(431300K), 0.0021690 secs] [Times: user=0.02 sys=0.00, real=0.00 secs] 
104.203: Total time for which application threads were stopped: 0.0023280 seconds, Stopping threads took: 0.0000890 seconds
104.265: Application time: 0.0613640 seconds
104.265: [GC104.265: [ParNew: 36844K->4158K(37568K), 0.0017180 secs] 293110K->261453K(431300K), 0.0017530 secs] [Times: user=0.01 sys=0.00, real=0.00 secs] 
104.267: Total time for which application threads were stopped: 0.0018750 seconds, Stopping threads took: 0.0000630 seconds
104.326: Application time: 0.0595290 seconds
104.326: [GC104.326: [ParNew: 36697K->4137K(37568K), 0.0015350 secs] 293992K->261456K(431300K), 0.0015730 secs] [Times: user=0.01 sys=0.00, real=0.00 secs] 
104.328: Total time for which application threads were stopped: 0.0017040 seconds, Stopping threads took: 0.0000670 seconds
104.387: Application time: 0.0590150 seconds
104.387: [GC104.387: [ParNew: 36705K->4115K(37568K), 0.0018930 secs] 294024K->263482K(431300K), 0.0019330 secs] [Times: user=0.01 sys=0.00, real=0.00 secs] 
104.389: Total time for which application threads were stopped: 0.0020590 seconds, Stopping threads took: 0.0000590 seconds
104.447: Application time: 0.0578130 seconds
104.447: [GC104.447: [ParNew: 36779K->4116K(37568K), 0.0019400 secs] 296146K->265531K(431300K), 0.0019800 secs] [Times: user=0.01 sys=0.00, real=0.00 secs] 
104.449: Total time for which application threads were stopped: 0.0021060 seconds, Stopping threads took: 0.0000610 seconds
104.511: Application time: 0.0623640 seconds
104.511: [GC104.511: [ParNew: 37001K->4134K(37568K), 0.0015100 secs] 298416K->265550K(431300K), 0.0015490 secs] [Times: user=0.01 sys=0.00, real=0.00 secs] 
104.513: Total time for which application threads were stopped: 0.0016830 seconds, Stopping threads took: 0.0000580 seconds
104.573: Application time: 0.0597000 seconds
104.573: [GC104.573: [ParNew: 36764K->4118K(37568K), 0.0019940 secs] 298180K->267581K(431300K), 0.0020360 secs] [Times: user=0.02 sys=0.00, real=0.00 secs] 
104.575: Total time for which application threads were stopped: 0.0021680 seconds, Stopping threads took: 0.0000660 seconds
104.635: Application time: 0.0604110 seconds
104.635: [GC104.635: [ParNew: 37049K->4112K(37568K), 0.0022930 secs] 300512K->270647K(431300K), 0.0023390 secs] [Times: user=0.02 sys=0.00, real=0.01 secs] 
104.638: Total time for which application threads were stopped: 0.0024970 seconds, Stopping threads took: 0.0000890 seconds
104.698: Application time: 0.0598240 seconds
104.698: [GC104.698: [ParNew: 37174K->4152K(37568K), 0.0020200 secs] 303709K->272783K(431300K), 0.0020610 secs] [Times: user=0.02 sys=0.00, real=0.00 secs] 
104.700: Total time for which application threads were stopped: 0.0021940 seconds, Stopping threads took: 0.0000630 seconds
104.765: Application time: 0.0650220 seconds
104.765: [GC104.765: [ParNew: 37434K->4159K(37568K), 0.0014980 secs] 306065K->272892K(431300K), 0.0015380 secs] [Times: user=0.02 sys=0.00, real=0.00 secs] 
104.766: Total time for which application threads were stopped: 0.0016760 seconds, Stopping threads took: 0.0000720 seconds
104.827: Application time: 0.0607140 seconds
104.827: [GC104.827: [ParNew: 36968K->4158K(37568K), 0.0020570 secs] 305701K->274961K(431300K), 0.0020960 secs] [Times: user=0.02 sys=0.00, real=0.00 secs] 
104.829: Total time for which application threads were stopped: 0.0022300 seconds, Stopping threads took: 0.0000690 seconds
104.890: Application time: 0.0608930 seconds
104.890: [GC104.890: [ParNew: 36910K->4129K(37568K), 0.0021570 secs] 307712K->277008K(431300K), 0.0021980 secs] [Times: user=0.01 sys=0.00, real=0.00 secs] 
104.893: Total time for which application threads were stopped: 0.0023370 seconds, Stopping threads took: 0.0000710 seconds
104.952: Application time: 0.0591580 seconds
104.952: [GC104.952: [ParNew: 36705K->4156K(37568K), 0.0017180 secs] 309584K->278079K(431300K), 0.0017650 secs] [Times: user=0.02 sys=0.00, real=0.00 secs] 
104.954: Total time for which application threads were stopped: 0.0019020 seconds, Stopping threads took: 0.0000700 seconds
105.015: Application time: 0.0608170 seconds
105.015: [GC105.015: [ParNew: 36814K->4136K(37568K), 0.0013830 secs] 310737K->278068K(431300K), 0.0014200 secs] [Times: user=0.01 sys=0.00, real=0.00 secs] 
105.016: Total time for which application threads were stopped: 0.0015670 seconds, Stopping threads took: 0.0000730 seconds
105.076: Application time: 0.0599930 seconds
105.076: [GC105.076: [ParNew: 36756K->4117K(37568K), 0.0019250 secs] 310687K->280097K(431300K), 0.0019690 secs] [Times: user=0.02 sys=0.00, real=0.01 secs] 
105.078: Total time for which application threads were stopped: 0.0021240 seconds, Stopping threads took: 0.0000850 seconds
105.138: Application time: 0.0598800 seconds
105.138: [GC105.138: [ParNew: 36870K->4134K(37568K), 0.0016780 secs] 312850K->281138K(431300K), 0.0017150 secs] [Times: user=0.02 sys=0.00, real=0.00 secs] 
105.140: Total time for which application threads were stopped: 0.0018380 seconds, Stopping threads took: 0.0000580 seconds
105.196: Application time: 0.0560050 seconds
105.196: [GC105.196: [ParNew: 36645K->4112K(37568K), 0.0020340 secs] 313648K->283164K(431300K), 0.0020730 secs] [Times: user=0.02 sys=0.01, real=0.01 secs] 
105.198: Total time for which application threads were stopped: 0.0022070 seconds, Stopping threads took: 0.0000650 seconds
105.263: Application time: 0.0651300 seconds
105.263: [GC105.263: [ParNew: 37099K->4114K(37568K), 0.0016410 secs] 316151K->284190K(431300K), 0.0016810 secs] [Times: user=0.01 sys=0.00, real=0.01 secs] 
105.265: Total time for which application threads were stopped: 0.0018120 seconds, Stopping threads took: 0.0000630 seconds
105.324: Application time: 0.0593640 seconds
105.325: [GC105.325: [ParNew: 36960K->4114K(37568K), 0.0022210 secs] 317036K->287262K(431300K), 0.0022620 secs] [Times: user=0.02 sys=0.00, real=0.00 secs] 
105.327: Total time for which application threads were stopped: 0.0024010 seconds, Stopping threads took: 0.0000700 seconds
105.388: Application time: 0.0610010 seconds
105.388: [GC105.388: [ParNew: 37259K->4158K(37568K), 0.0017990 secs] 320407K->288406K(431300K), 0.0018370 secs] [Times: user=0.01 sys=0.00, real=0.00 secs] 
105.390: Total time for which application threads were stopped: 0.0019690 seconds, Stopping threads took: 0.0000640 seconds
105.453: Application time: 0.0634130 seconds
105.453: [GC105.453: [ParNew: 37304K->4158K(37568K), 0.0018370 secs] 321552K->289496K(431300K), 0.0018770 secs] [Times: user=0.02 sys=0.00, real=0.00 secs] 
105.455: Total time for which application threads were stopped: 0.0020280 seconds, Stopping threads took: 0.0000850 seconds
105.514: Application time: 0.0590050 seconds
105.514: [GC105.514: [ParNew: 36738K->4156K(37568K), 0.0017850 secs] 322076K->290552K(431300K), 0.0018270 secs] [Times: user=0.02 sys=0.00, real=0.00 secs] 
105.516: Total time for which application threads were stopped: 0.0020010 seconds, Stopping threads took: 0.0000990 seconds
105.576: Application time: 0.0593470 seconds
105.576: [GC105.576: [ParNew: 36829K->4144K(37568K), 0.0018370 secs] 323225K->291588K(431300K), 0.0018760 secs] [Times: user=0.01 sys=0.00, real=0.01 secs] 
105.578: Total time for which application threads were stopped: 0.0020790 seconds, Stopping threads took: 0.0001260 seconds
105.637: Application time: 0.0591300 seconds
105.637: [GC105.637: [ParNew: 36901K->4158K(37568K), 0.0019020 secs] 324346K->292627K(431300K), 0.0019420 secs] [Times: user=0.02 sys=0.00, real=0.00 secs] 
105.639: Total time for which application threads were stopped: 0.0020730 seconds, Stopping threads took: 0.0000610 seconds
105.700: Application time: 0.0609750 seconds
105.700: [GC105.700: [ParNew: 36881K->4133K(37568K), 0.0017330 secs] 325350K->293655K(431300K), 0.0017740 secs] [Times: user=0.01 sys=0.00, real=0.00 secs] 
105.702: Total time for which application threads were stopped: 0.0019300 seconds, Stopping threads took: 0.0000890 seconds
105.763: Application time: 0.0613120 seconds
105.763: [GC105.763: [ParNew: 36830K->4115K(37568K), 0.0016280 secs] 326351K->294660K(431300K), 0.0016740 secs] [Times: user=0.01 sys=0.00, real=0.01 secs] 
105.765: Total time for which application threads were stopped: 0.0018040 seconds, Stopping threads took: 0.0000640 seconds
105.824: Application time: 0.0590110 seconds
105.824: [GC105.824: [ParNew: 36713K->4131K(37568K), 0.0016580 secs] 327258K->295700K(431300K), 0.0016940 secs] [Times: user=0.01 sys=0.00, real=0.01 secs] 
105.826: Total time for which application threads were stopped: 0.0018140 seconds, Stopping threads took: 0.0000600 seconds
105.883: Application time: 0.0576740 seconds
105.884: [GC105.884: [ParNew: 36789K->4112K(37568K), 0.0023290 secs] 328359K->298753K(431300K), 0.0023700 secs] [Times: user=0.01 sys=0.00, real=0.01 secs] 
105.886: Total time for which application threads were stopped: 0.0025190 seconds, Stopping threads took: 0.0000810 seconds
105.950: Application time: 0.0639920 seconds
105.950: [GC105.950: [ParNew: 37112K->4112K(37568K), 0.0019410 secs] 331753K->300802K(431300K), 0.0019840 secs] [Times: user=0.01 sys=0.00, real=0.00 secs] 
105.952: Total time for which application threads were stopped: 0.0021000 seconds, Stopping threads took: 0.0000520 seconds
106.011: Application time: 0.0589460 seconds
106.011: [GC106.011: [ParNew: 36958K->4132K(37568K), 0.0019770 secs] 333648K->302870K(431300K), 0.0020210 secs] [Times: user=0.01 sys=0.00, real=0.00 secs] 
106.013: Total time for which application threads were stopped: 0.0021620 seconds, Stopping threads took: 0.0000700 seconds
106.075: Application time: 0.0614570 seconds
106.075: [GC106.075: [ParNew: 37250K->4158K(37568K), 0.0018310 secs] 335987K->303993K(431300K), 0.0018690 secs] [Times: user=0.02 sys=0.00, real=0.01 secs] 
106.077: Total time for which application threads were stopped: 0.0020320 seconds, Stopping threads took: 0.0000970 seconds
106.142: Application time: 0.0651530 seconds
106.142: [GC106.142: [ParNew: 37271K->3197K(37568K), 0.0011730 secs] 337106K->303046K(431300K), 0.0012080 secs] [Times: user=0.01 sys=0.00, real=0.00 secs] 
106.143: Total time for which application threads were stopped: 0.0013500 seconds, Stopping threads took: 0.0000680 seconds
106.198: Application time: 0.0552530 seconds
106.199: [GC106.199: [ParNew: 35661K->4124K(37568K), 0.0021660 secs] 335510K->306106K(431300K), 0.0022110 secs] [Times: user=0.02 sys=0.00, real=0.00 secs] 
106.201: Total time for which application threads were stopped: 0.0023740 seconds, Stopping threads took: 0.0000930 seconds
106.264: Application time: 0.0634650 seconds
106.264: [GC106.264: [ParNew: 37113K->4146K(37568K), 0.0020180 secs] 339096K->308189K(431300K), 0.0020550 secs] [Times: user=0.02 sys=0.00, real=0.00 secs] 
106.267: Total time for which application threads were stopped: 0.0022050 seconds, Stopping threads took: 0.0000830 seconds
106.324: Application time: 0.0574430 seconds
106.324: [GC106.324: [ParNew: 36544K->4142K(37568K), 0.0014720 secs] 340587K->308201K(431300K), 0.0015100 secs] [Times: user=0.01 sys=0.00, real=0.01 secs] 
106.326: Total time for which application threads were stopped: 0.0016420 seconds, Stopping threads took: 0.0000650 seconds
106.388: Application time: 0.0619240 seconds
106.388: [GC106.388: [ParNew: 36871K->4114K(37568K), 0.0013890 secs] 340930K->308202K(431300K), 0.0014220 secs] [Times: user=0.01 sys=0.00, real=0.00 secs] 
106.389: Total time for which application threads were stopped: 0.0015450 seconds, Stopping threads took: 0.0000660 seconds
106.449: Application time: 0.0596590 seconds
106.449: [GC106.449: [ParNew: 36884K->4132K(37568K), 0.0019660 secs] 340972K->310267K(431300K), 0.0020030 secs] [Times: user=0.01 sys=0.00, real=0.00 secs] 
106.451: Total time for which application threads were stopped: 0.0021320 seconds, Stopping threads took: 0.0000640 seconds
106.512: Application time: 0.0610770 seconds
106.512: [GC106.512: [ParNew: 36917K->4117K(37568K), 0.0013460 secs] 343052K->310252K(431300K), 0.0013840 secs] [Times: user=0.01 sys=0.00, real=0.00 secs] 
106.513: Total time for which application threads were stopped: 0.0015180 seconds, Stopping threads took: 0.0000630 seconds
106.573: Application time: 0.0594830 seconds
106.576: [GC106.576: [ParNew: 36742K->4112K(37568K), 0.0023340 secs] 342878K->313319K(431300K), 0.0023740 secs] [Times: user=0.02 sys=0.00, real=0.00 secs] 
106.579: Total time for which application threads were stopped: 0.0058580 seconds, Stopping threads took: 0.0034210 seconds
106.641: Application time: 0.0621780 seconds
106.641: [GC106.641: [ParNew: 36933K->4130K(37568K), 0.0020160 secs] 346140K->315386K(431300K), 0.0020570 secs] [Times: user=0.01 sys=0.00, real=0.00 secs] 
106.643: Total time for which application threads were stopped: 0.0021760 seconds, Stopping threads took: 0.0000540 seconds
106.704: Application time: 0.0605080 seconds
106.704: [GC106.704: [ParNew: 36967K->4116K(37568K), 0.0018760 secs] 348222K->316396K(431300K), 0.0019150 secs] [Times: user=0.01 sys=0.00, real=0.01 secs] 
106.706: Total time for which application threads were stopped: 0.0020530 seconds, Stopping threads took: 0.0000620 seconds
106.768: Application time: 0.0623460 seconds
106.768: [GC106.768: [ParNew: 37202K->4156K(37568K), 0.0018420 secs] 349482K->317480K(431300K), 0.0018800 secs] [Times: user=0.01 sys=0.00, real=0.00 secs] 
106.770: Total time for which application threads were stopped: 0.0020380 seconds, Stopping threads took: 0.0000910 seconds
106.832: Application time: 0.0623180 seconds
106.833: [GC106.833: [ParNew: 37450K->4159K(37568K), 0.0016600 secs] 350774K->318628K(431300K), 0.0017010 secs] [Times: user=0.02 sys=0.00, real=0.00 secs] 
106.834: Total time for which application threads were stopped: 0.0018650 seconds, Stopping threads took: 0.0000990 seconds
106.893: Application time: 0.0589780 seconds
106.893: [GC106.893: [ParNew: 36720K->4114K(37568K), 0.0020280 secs] 351189K->320661K(431300K), 0.0020700 secs] [Times: user=0.01 sys=0.00, real=0.00 secs] 
106.895: Total time for which application threads were stopped: 0.0022010 seconds, Stopping threads took: 0.0000630 seconds
106.959: Application time: 0.0630320 seconds
106.959: [GC106.959: [ParNew: 37205K->4155K(37568K), 0.0016770 secs] 353752K->321757K(431300K), 0.0017110 secs] [Times: user=0.02 sys=0.00, real=0.00 secs] 
106.960: Total time for which application threads were stopped: 0.0018560 seconds, Stopping threads took: 0.0000810 seconds
107.020: Application time: 0.0593060 seconds
107.020: [GC107.020: [ParNew: 36691K->4151K(37568K), 0.0016520 secs] 354294K->321779K(431300K), 0.0016910 secs] [Times: user=0.01 sys=0.00, real=0.00 secs] 
107.022: Total time for which application threads were stopped: 0.0018310 seconds, Stopping threads took: 0.0000750 seconds
 CMS: abort preclean due to time 107.022: [CMS-concurrent-abortable-preclean: 0.071/5.014 secs] [Times: user=39.61 sys=0.03, real=5.01 secs] 
107.022: Application time: 0.0009040 seconds
107.023: [GC[YG occupancy: 6273 K (37568 K)]107.023: [Rescan (parallel) , 0.0002850 secs]107.023: [weak refs processing, 0.0000050 secs]107.023: [scrub string table, 0.0001100 secs] [1 CMS-remark: 317627K(393732K)] 323901K(431300K), 0.0004220 secs] [Times: user=0.00 sys=0.00, real=0.00 secs] 
107.023: Total time for which application threads were stopped: 0.0005210 seconds, Stopping threads took: 0.0000750 seconds
107.023: [CMS-concurrent-sweep-start]
107.024: [CMS-concurrent-sweep: 0.001/0.001 secs] [Times: user=0.00 sys=0.00, real=0.00 secs] 
107.024: [CMS-concurrent-reset-start]
107.026: [CMS-concurrent-reset: 0.002/0.002 secs] [Times: user=0.01 sys=0.00, real=0.01 secs] 
107.081: Application time: 0.0583920 seconds
107.082: [GC107.082: [ParNew: 36722K->4116K(37568K), 0.0016550 secs] 151524K->119941K(431300K), 0.0016950 secs] [Times: user=0.02 sys=0.00, real=0.00 secs] 
107.083: Total time for which application threads were stopped: 0.0018810 seconds, Stopping threads took: 0.0001190 seconds
107.146: Application time: 0.0626080 seconds
107.146: [GC107.146: [ParNew: 36884K->3132K(37568K), 0.0010590 secs] 152709K->118958K(431300K), 0.0011020 secs] [Times: user=0.01 sys=0.00, real=0.00 secs] 
107.147: Total time for which application threads were stopped: 0.0012650 seconds, Stopping threads took: 0.0001000 seconds
107.208: Application time: 0.0604530 seconds
107.208: [GC107.208: [ParNew: 35954K->4150K(37568K), 0.0014590 secs] 151780K->119976K(431300K), 0.0014940 secs] [Times: user=0.01 sys=0.00, real=0.00 secs] 
107.209: Total time for which application threads were stopped: 0.0016560 seconds, Stopping threads took: 0.0000910 seconds
107.269: Application time: 0.0594970 seconds
107.269: [GC107.269: [ParNew: 36724K->4119K(37568K), 0.0017470 secs] 152549K->120969K(431300K), 0.0017820 secs] [Times: user=0.02 sys=0.00, real=0.00 secs] 
107.271: Total time for which application threads were stopped: 0.0019240 seconds, Stopping threads took: 0.0000760 seconds
107.331: Application time: 0.0600280 seconds
107.331: [GC107.331: [ParNew: 36814K->4146K(37568K), 0.0017990 secs] 153664K->122019K(431300K), 0.0018380 secs] [Times: user=0.01 sys=0.00, real=0.00 secs] 
107.333: Total time for which application threads were stopped: 0.0019740 seconds, Stopping threads took: 0.0000680 seconds
107.391: Application time: 0.0578930 seconds
107.391: [GC107.391: [ParNew: 37554K->4120K(37568K), 0.0016630 secs] 155427K->123017K(431300K), 0.0017010 secs] [Times: user=0.01 sys=0.00, real=0.00 secs] 
107.392: Total time for which application threads were stopped: 0.0018350 seconds, Stopping threads took: 0.0000680 seconds
107.454: Application time: 0.0618010 seconds
107.454: [GC107.454: [ParNew: 37169K->4157K(37568K), 0.0018700 secs] 156067K->124094K(431300K), 0.0019130 secs] [Times: user=0.01 sys=0.00, real=0.00 secs] 
107.456: Total time for which application threads were stopped: 0.0020850 seconds, Stopping threads took: 0.0001030 seconds
107.519: Application time: 0.0628620 seconds
107.519: [GC107.519: [ParNew: 37369K->4156K(37568K), 0.0020210 secs] 157307K->126271K(431300K), 0.0020630 secs] [Times: user=0.01 sys=0.00, real=0.00 secs] 
107.521: Total time for which application threads were stopped: 0.0021810 seconds, Stopping threads took: 0.0000540 seconds
107.579: Application time: 0.0581540 seconds
107.580: [GC107.580: [ParNew: 36890K->4112K(37568K), 0.0018980 secs] 159004K->128301K(431300K), 0.0019420 secs] [Times: user=0.01 sys=0.00, real=0.00 secs] 
107.582: Total time for which application threads were stopped: 0.0021160 seconds, Stopping threads took: 0.0001090 seconds
107.643: Application time: 0.0616440 seconds
107.643: [GC107.643: [ParNew: 37200K->4143K(37568K), 0.0018700 secs] 161389K->130380K(431300K), 0.0019100 secs] [Times: user=0.02 sys=0.00, real=0.01 secs] 
107.645: Total time for which application threads were stopped: 0.0020320 seconds, Stopping threads took: 0.0000570 seconds
107.705: Application time: 0.0596780 seconds
107.705: [GC107.705: [ParNew: 37127K->4141K(37568K), 0.0023220 secs] 163364K->133478K(431300K), 0.0023620 secs] [Times: user=0.01 sys=0.00, real=0.00 secs] 
107.707: Total time for which application threads were stopped: 0.0024980 seconds, Stopping threads took: 0.0000660 seconds
107.769: Application time: 0.0612360 seconds
107.769: [GC107.769: [ParNew: 36955K->4130K(37568K), 0.0019900 secs] 166292K->135544K(431300K), 0.0020310 secs] [Times: user=0.01 sys=0.00, real=0.00 secs] 
107.771: Total time for which application threads were stopped: 0.0022020 seconds, Stopping threads took: 0.0000930 seconds
107.836: Application time: 0.0646610 seconds
107.836: [GC107.836: [ParNew: 37080K->4146K(37568K), 0.0017340 secs] 168494K->136584K(431300K), 0.0017740 secs] [Times: user=0.02 sys=0.00, real=0.01 secs] 
107.837: Total time for which application threads were stopped: 0.0019090 seconds, Stopping threads took: 0.0000640 seconds
107.896: Application time: 0.0587060 seconds
107.896: [GC107.896: [ParNew: 37489K->4113K(37568K), 0.0020650 secs] 169927K->138599K(431300K), 0.0021160 secs] [Times: user=0.01 sys=0.00, real=0.01 secs] 
107.898: Total time for which application threads were stopped: 0.0022470 seconds, Stopping threads took: 0.0000590 seconds
107.961: Application time: 0.0628230 seconds
107.961: [GC107.961: [ParNew: 37037K->4116K(37568K), 0.0019170 secs] 171523K->140650K(431300K), 0.0019600 secs] [Times: user=0.01 sys=0.00, real=0.00 secs] 
107.963: Total time for which application threads were stopped: 0.0020900 seconds, Stopping threads took: 0.0000680 seconds
108.024: Application time: 0.0611020 seconds
108.025: [GC108.025: [ParNew: 36976K->4112K(37568K), 0.0023380 secs] 173510K->143718K(431300K), 0.0023790 secs] [Times: user=0.02 sys=0.00, real=0.00 secs] 
108.027: Total time for which application threads were stopped: 0.0025040 seconds, Stopping threads took: 0.0000590 seconds
108.089: Application time: 0.0619490 seconds
108.089: [GC108.089: [ParNew: 36940K->4147K(37568K), 0.0014730 secs] 176546K->143753K(431300K), 0.0015100 secs] [Times: user=0.01 sys=0.00, real=0.00 secs] 
108.091: Total time for which application threads were stopped: 0.0016370 seconds, Stopping threads took: 0.0000580 seconds
108.150: Application time: 0.0598840 seconds
108.151: [GC108.151: [ParNew: 36865K->3231K(37568K), 0.0011400 secs] 176471K->142837K(431300K), 0.0011730 secs] [Times: user=0.01 sys=0.00, real=0.00 secs] 
108.152: Total time for which application threads were stopped: 0.0012920 seconds, Stopping threads took: 0.0000550 seconds
108.211: Application time: 0.0589200 seconds
108.211: [GC108.211: [ParNew: 36071K->4154K(37568K), 0.0021020 secs] 175677K->145938K(431300K), 0.0021450 secs] [Times: user=0.01 sys=0.00, real=0.00 secs] 
108.213: Total time for which application threads were stopped: 0.0022900 seconds, Stopping threads took: 0.0000790 seconds
108.270: Application time: 0.0568600 seconds
108.270: [GC108.270: [ParNew: 36730K->4137K(37568K), 0.0016390 secs] 178514K->146986K(431300K), 0.0016780 secs] [Times: user=0.01 sys=0.00, real=0.00 secs] 
108.272: Total time for which application threads were stopped: 0.0018230 seconds, Stopping threads took: 0.0000710 seconds
108.334: Application time: 0.0619050 seconds
108.334: [GC108.334: [ParNew: 37008K->4150K(37568K), 0.0014170 secs] 179857K->146999K(431300K), 0.0014500 secs] [Times: user=0.01 sys=0.00, real=0.00 secs] 
108.335: Total time for which application threads were stopped: 0.0015750 seconds, Stopping threads took: 0.0000650 seconds
108.393: Application time: 0.0579980 seconds
108.393: [GC108.393: [ParNew: 37019K->4142K(37568K), 0.0024250 secs] 179868K->150092K(431300K), 0.0024640 secs] [Times: user=0.01 sys=0.00, real=0.00 secs] 
108.396: Total time for which application threads were stopped: 0.0025910 seconds, Stopping threads took: 0.0000600 seconds
108.459: Application time: 0.0629690 seconds
108.459: [GC108.459: [ParNew: 37082K->4117K(37568K), 0.0020630 secs] 183032K->152143K(431300K), 0.0021000 secs] [Times: user=0.02 sys=0.00, real=0.00 secs] 
108.461: Total time for which application threads were stopped: 0.0022270 seconds, Stopping threads took: 0.0000640 seconds
108.521: Application time: 0.0596630 seconds
108.521: [GC108.521: [ParNew: 36765K->4123K(37568K), 0.0016530 secs] 184791K->153173K(431300K), 0.0016900 secs] [Times: user=0.01 sys=0.00, real=0.00 secs] 
108.522: Total time for which application threads were stopped: 0.0018180 seconds, Stopping threads took: 0.0000630 seconds
108.583: Application time: 0.0609140 seconds
108.583: [GC108.583: [ParNew: 36905K->4113K(37568K), 0.0018410 secs] 185955K->154188K(431300K), 0.0018830 secs] [Times: user=0.01 sys=0.00, real=0.01 secs] 
108.585: Total time for which application threads were stopped: 0.0020960 seconds, Stopping threads took: 0.0001460 seconds
108.644: Application time: 0.0588490 seconds
108.644: [GC108.644: [ParNew: 36907K->4110K(37568K), 0.0024490 secs] 186981K->157257K(431300K), 0.0024920 secs] [Times: user=0.01 sys=0.00, real=0.00 secs] 
108.647: Total time for which application threads were stopped: 0.0026710 seconds, Stopping threads took: 0.0001070 seconds
108.712: Application time: 0.0653280 seconds
108.712: [GC108.712: [ParNew: 37107K->4158K(37568K), 0.0015490 secs] 190253K->157310K(431300K), 0.0015890 secs] [Times: user=0.01 sys=0.00, real=0.00 secs] 
108.714: Total time for which application threads were stopped: 0.0017580 seconds, Stopping threads took: 0.0000980 seconds
108.775: Application time: 0.0610190 seconds
108.775: [GC108.775: [ParNew: 36626K->4150K(37568K), 0.0013930 secs] 189777K->157302K(431300K), 0.0014300 secs] [Times: user=0.01 sys=0.00, real=0.01 secs] 
108.777: Total time for which application threads were stopped: 0.0015600 seconds, Stopping threads took: 0.0000630 seconds
108.832: Application time: 0.0555260 seconds
108.832: [GC108.832: [ParNew: 36795K->4152K(37568K), 0.0021070 secs] 189947K->159400K(431300K), 0.0021440 secs] [Times: user=0.01 sys=0.00, real=0.00 secs] 
108.834: Total time for which application threads were stopped: 0.0022690 seconds, Stopping threads took: 0.0000580 seconds
108.893: Application time: 0.0591240 seconds
108.894: [GC108.894: [ParNew: 37304K->4158K(37568K), 0.0024010 secs] 192553K->162555K(431300K), 0.0024430 secs] [Times: user=0.01 sys=0.00, real=0.00 secs] 
108.896: Total time for which application threads were stopped: 0.0025770 seconds, Stopping threads took: 0.0000650 seconds
108.962: Application time: 0.0655500 seconds
108.962: [GC108.962: [ParNew: 37136K->4151K(37568K), 0.0013900 secs] 195534K->162594K(431300K), 0.0014220 secs] [Times: user=0.01 sys=0.00, real=0.00 secs] 
108.963: Total time for which application threads were stopped: 0.0015500 seconds, Stopping threads took: 0.0000650 seconds
109.021: Application time: 0.0579790 seconds
109.021: [GC109.021: [ParNew: 36786K->4147K(37568K), 0.0013540 secs] 195229K->162590K(431300K), 0.0013890 secs] [Times: user=0.01 sys=0.00, real=0.00 secs] 
109.023: Total time for which application threads were stopped: 0.0015170 seconds, Stopping threads took: 0.0000630 seconds
109.084: Application time: 0.0614080 seconds
109.084: [GC109.084: [ParNew: 37053K->4140K(37568K), 0.0022610 secs] 195497K->165683K(431300K), 0.0023010 secs] [Times: user=0.01 sys=0.00, real=0.01 secs] 
109.087: Total time for which application threads were stopped: 0.0024300 seconds, Stopping threads took: 0.0000640 seconds
109.145: Application time: 0.0583010 seconds
109.145: [GC109.145: [ParNew: 36790K->4115K(37568K), 0.0017580 secs] 198334K->166711K(431300K), 0.0017930 secs] [Times: user=0.01 sys=0.00, real=0.00 secs] 
109.147: Total time for which application threads were stopped: 0.0019220 seconds, Stopping threads took: 0.0000650 seconds
109.208: Application time: 0.0612130 seconds
109.208: [GC109.208: [ParNew: 36901K->4120K(37568K), 0.0016780 secs] 199497K->167741K(431300K), 0.0017140 secs] [Times: user=0.01 sys=0.00, real=0.00 secs] 
109.210: Total time for which application threads were stopped: 0.0018630 seconds, Stopping threads took: 0.0000850 seconds
109.272: Application time: 0.0618400 seconds
109.272: [GC109.272: [ParNew: 36966K->4117K(37568K), 0.0017120 secs] 200586K->168761K(431300K), 0.0017520 secs] [Times: user=0.02 sys=0.00, real=0.00 secs] 
109.274: Total time for which application threads were stopped: 0.0018920 seconds, Stopping threads took: 0.0000730 seconds
109.333: Application time: 0.0589550 seconds
109.333: [GC109.333: [ParNew: 36804K->4124K(37568K), 0.0020750 secs] 201448K->170816K(431300K), 0.0021160 secs] [Times: user=0.01 sys=0.00, real=0.00 secs] 
109.335: Total time for which application threads were stopped: 0.0022650 seconds, Stopping threads took: 0.0000730 seconds
109.399: Application time: 0.0637890 seconds
109.399: [GC109.399: [ParNew: 37070K->4131K(37568K), 0.0016670 secs] 203763K->171847K(431300K), 0.0017040 secs] [Times: user=0.01 sys=0.00, real=0.00 secs] 
109.400: Total time for which application threads were stopped: 0.0018380 seconds, Stopping threads took: 0.0000700 seconds
109.460: Application time: 0.0598200 seconds
109.460: [GC109.460: [ParNew: 36671K->4148K(37568K), 0.0014120 secs] 204387K->171865K(431300K), 0.0014490 secs] [Times: user=0.01 sys=0.00, real=0.00 secs] 
109.462: Total time for which application threads were stopped: 0.0016030 seconds, Stopping threads took: 0.0000890 seconds
109.519: Application time: 0.0570390 seconds
109.519: [GC109.519: [ParNew: 36899K->4159K(37568K), 0.0020300 secs] 204615K->173963K(431300K), 0.0020800 secs] [Times: user=0.02 sys=0.00, real=0.00 secs] 
109.521: Total time for which application threads were stopped: 0.0022040 seconds, Stopping threads took: 0.0000550 seconds
109.581: Application time: 0.0595210 seconds
109.581: [GC109.581: [ParNew: 37154K->4157K(37568K), 0.0021090 secs] 206959K->176103K(431300K), 0.0021500 secs] [Times: user=0.01 sys=0.00, real=0.00 secs] 
109.583: Total time for which application threads were stopped: 0.0022710 seconds, Stopping threads took: 0.0000550 seconds
109.643: Application time: 0.0601570 seconds
109.643: [GC109.643: [ParNew: 36900K->4134K(37568K), 0.0017290 secs] 208846K->177141K(431300K), 0.0017710 secs] [Times: user=0.02 sys=0.00, real=0.01 secs] 
109.645: Total time for which application threads were stopped: 0.0019030 seconds, Stopping threads took: 0.0000640 seconds
109.705: Application time: 0.0599280 seconds
109.705: [GC109.705: [ParNew: 37016K->4144K(37568K), 0.0019280 secs] 210023K->179199K(431300K), 0.0019660 secs] [Times: user=0.01 sys=0.00, real=0.00 secs] 
109.707: Total time for which application threads were stopped: 0.0020890 seconds, Stopping threads took: 0.0000580 seconds
109.768: Application time: 0.0609400 seconds
109.768: [GC109.768: [ParNew: 37134K->4144K(37568K), 0.0023200 secs] 212189K->182300K(431300K), 0.0023610 secs] [Times: user=0.02 sys=0.00, real=0.00 secs] 
109.770: Total time for which application threads were stopped: 0.0025150 seconds, Stopping threads took: 0.0000890 seconds
109.832: Application time: 0.0613720 seconds
109.832: [GC109.832: [ParNew: 37069K->4132K(37568K), 0.0019670 secs] 215225K->184364K(431300K), 0.0020050 secs] [Times: user=0.01 sys=0.00, real=0.00 secs] 
109.834: Total time for which application threads were stopped: 0.0021670 seconds, Stopping threads took: 0.0000960 seconds
109.898: Application time: 0.0638730 seconds
109.898: [GC109.898: [ParNew: 37059K->4112K(37568K), 0.0019760 secs] 217292K->186393K(431300K), 0.0020130 secs] [Times: user=0.02 sys=0.00, real=0.00 secs] 
109.900: Total time for which application threads were stopped: 0.0021620 seconds, Stopping threads took: 0.0000730 seconds
109.959: Application time: 0.0589090 seconds
109.959: [GC109.959: [ParNew: 36546K->4122K(37568K), 0.0014430 secs] 218827K->186402K(431300K), 0.0014770 secs] [Times: user=0.01 sys=0.00, real=0.00 secs] 
109.961: Total time for which application threads were stopped: 0.0016260 seconds, Stopping threads took: 0.0000840 seconds
110.023: Application time: 0.0627860 seconds
110.023: [GC110.023: [ParNew: 36859K->4138K(37568K), 0.0014260 secs] 219139K->186418K(431300K), 0.0014640 secs] [Times: user=0.01 sys=0.00, real=0.01 secs] 
110.025: Total time for which application threads were stopped: 0.0015890 seconds, Stopping threads took: 0.0000610 seconds
110.084: Application time: 0.0587920 seconds
110.084: [GC110.084: [ParNew: 36710K->4132K(37568K), 0.0017040 secs] 218991K->187436K(431300K), 0.0017430 secs] [Times: user=0.01 sys=0.00, real=0.01 secs] 
110.086: Total time for which application threads were stopped: 0.0019250 seconds, Stopping threads took: 0.0001150 seconds
110.145: Application time: 0.0588830 seconds
110.145: [GC110.145: [ParNew: 36739K->4121K(37568K), 0.0017090 secs] 220043K->188450K(431300K), 0.0017450 secs] [Times: user=0.01 sys=0.00, real=0.00 secs] 
110.146: Total time for which application threads were stopped: 0.0019030 seconds, Stopping threads took: 0.0000920 seconds
110.206: Application time: 0.0600400 seconds
110.207: [GC110.207: [ParNew: 37028K->4158K(37568K), 0.0014190 secs] 221357K->188547K(431300K), 0.0014570 secs] [Times: user=0.01 sys=0.00, real=0.00 secs] 
110.208: Total time for which application threads were stopped: 0.0015760 seconds, Stopping threads took: 0.0000540 seconds
110.265: Application time: 0.0570940 seconds
110.265: [GC110.265: [ParNew: 37147K->4157K(37568K), 0.0019890 secs] 221536K->190659K(431300K), 0.0020310 secs] [Times: user=0.01 sys=0.00, real=0.00 secs] 
110.267: Total time for which application threads were stopped: 0.0021770 seconds, Stopping threads took: 0.0000680 seconds
110.330: Application time: 0.0623400 seconds
110.330: [GC110.330: [ParNew: 37099K->4115K(37568K), 0.0019780 secs] 223601K->192710K(431300K), 0.0020190 secs] [Times: user=0.01 sys=0.00, real=0.00 secs] 
110.332: Total time for which application threads were stopped: 0.0021420 seconds, Stopping threads took: 0.0000610 seconds
110.391: Application time: 0.0587100 seconds
110.391: [GC110.391: [ParNew: 36928K->4143K(37568K), 0.0016940 secs] 225524K->193762K(431300K), 0.0017320 secs] [Times: user=0.01 sys=0.01, real=0.00 secs] 
110.392: Total time for which application threads were stopped: 0.0018580 seconds, Stopping threads took: 0.0000610 seconds
110.454: Application time: 0.0616800 seconds
110.454: [GC110.454: [ParNew: 37135K->4141K(37568K), 0.0024080 secs] 226755K->196862K(431300K), 0.0024480 secs] [Times: user=0.01 sys=0.00, real=0.01 secs] 
110.457: Total time for which application threads were stopped: 0.0025960 seconds, Stopping threads took: 0.0000690 seconds
110.519: Application time: 0.0625910 seconds
110.519: [GC110.519: [ParNew: 36993K->4134K(37568K), 0.0019830 secs] 229714K->198931K(431300K), 0.0020220 secs] [Times: user=0.01 sys=0.00, real=0.00 secs] 
110.521: Total time for which application threads were stopped: 0.0021830 seconds, Stopping threads took: 0.0000960 seconds
110.584: Application time: 0.0625010 seconds
110.584: [GC110.584: [ParNew: 37003K->4134K(37568K), 0.0017530 secs] 231800K->199955K(431300K), 0.0017960 secs] [Times: user=0.02 sys=0.00, real=0.01 secs] 
110.586: Total time for which application threads were stopped: 0.0019310 seconds, Stopping threads took: 0.0000690 seconds
110.645: Application time: 0.0586270 seconds
110.645: [GC110.645: [ParNew: 36581K->4121K(37568K), 0.0014100 secs] 232402K->199942K(431300K), 0.0014450 secs] [Times: user=0.01 sys=0.00, real=0.00 secs] 
110.646: Total time for which application threads were stopped: 0.0015690 seconds, Stopping threads took: 0.0000590 seconds
110.709: Application time: 0.0632380 seconds
110.709: [GC110.709: [ParNew: 37010K->4136K(37568K), 0.0014380 secs] 232831K->199957K(431300K), 0.0014740 secs] [Times: user=0.01 sys=0.00, real=0.00 secs] 
110.711: Total time for which application threads were stopped: 0.0015890 seconds, Stopping threads took: 0.0000520 seconds
110.769: Application time: 0.0578790 seconds
110.769: [GC110.769: [ParNew: 36692K->4133K(37568K), 0.0015130 secs] 232513K->199954K(431300K), 0.0015490 secs] [Times: user=0.01 sys=0.00, real=0.00 secs] 
110.770: Total time for which application threads were stopped: 0.0016740 seconds, Stopping threads took: 0.0000590 seconds
110.828: Application time: 0.0575400 seconds
110.828: [GC110.828: [ParNew: 36562K->4117K(37568K), 0.0016740 secs] 232383K->200962K(431300K), 0.0017180 secs] [Times: user=0.02 sys=0.00, real=0.00 secs] 
110.830: Total time for which application threads were stopped: 0.0018540 seconds, Stopping threads took: 0.0000720 seconds
110.892: Application time: 0.0621240 seconds
110.892: [GC110.892: [ParNew: 37225K->4159K(37568K), 0.0014300 secs] 234070K->201064K(431300K), 0.0014690 secs] [Times: user=0.01 sys=0.00, real=0.00 secs] 
110.894: Total time for which application threads were stopped: 0.0015870 seconds, Stopping threads took: 0.0000550 seconds
110.950: Application time: 0.0562120 seconds
110.950: [GC110.950: [ParNew: 37044K->4157K(37568K), 0.0019860 secs] 233949K->203195K(431300K), 0.0020280 secs] [Times: user=0.02 sys=0.00, real=0.00 secs] 
110.952: Total time for which application threads were stopped: 0.0021550 seconds, Stopping threads took: 0.0000610 seconds
111.014: Application time: 0.0617190 seconds
111.014: [GC111.014: [ParNew: 37028K->4116K(37568K), 0.0020420 secs] 236066K->205231K(431300K), 0.0020860 secs] [Times: user=0.02 sys=0.00, real=0.00 secs] 
111.016: Total time for which application threads were stopped: 0.0022260 seconds, Stopping threads took: 0.0000570 seconds
111.077: Application time: 0.0613780 seconds
111.077: [GC111.077: [ParNew: 37060K->4149K(37568K), 0.0016020 secs] 238175K->206288K(431300K), 0.0016470 secs] [Times: user=0.01 sys=0.00, real=0.00 secs] 
111.079: Total time for which application threads were stopped: 0.0017640 seconds, Stopping threads took: 0.0000590 seconds
111.138: Application time: 0.0591240 seconds
111.138: [GC111.138: [ParNew: 37164K->4144K(37568K), 0.0023770 secs] 239303K->209384K(431300K), 0.0024160 secs] [Times: user=0.02 sys=0.00, real=0.00 secs] 
111.141: Total time for which application threads were stopped: 0.0025890 seconds, Stopping threads took: 0.0001060 seconds
111.141: Application time: 0.0000610 seconds
111.141: [GC [1 CMS-initial-mark: 205240K(393732K)] 210408K(431300K), 0.0001320 secs] [Times: user=0.00 sys=0.00, real=0.00 secs] 
111.141: Total time for which application threads were stopped: 0.0003140 seconds, Stopping threads took: 0.0001600 seconds
111.141: [CMS-concurrent-mark-start]
111.145: [CMS-concurrent-mark: 0.004/0.004 secs] [Times: user=0.02 sys=0.00, real=0.01 secs] 
111.145: [CMS-concurrent-preclean-start]
111.146: [CMS-concurrent-preclean: 0.001/0.001 secs] [Times: user=0.00 sys=0.00, real=0.00 secs] 
111.146: [CMS-concurrent-abortable-preclean-start]
111.207: Application time: 0.0656060 seconds
111.207: [GC111.207: [ParNew: 37062K->4135K(37568K), 0.0020260 secs] 242302K->211451K(431300K), 0.0020660 secs] [Times: user=0.01 sys=0.00, real=0.00 secs] 
111.209: Total time for which application threads were stopped: 0.0021970 seconds, Stopping threads took: 0.0000640 seconds
111.271: Application time: 0.0622170 seconds
111.271: [GC111.271: [ParNew: 36784K->4146K(37568K), 0.0015150 secs] 244100K->211463K(431300K), 0.0015520 secs] [Times: user=0.01 sys=0.00, real=0.00 secs] 
111.273: Total time for which application threads were stopped: 0.0017090 seconds, Stopping threads took: 0.0000910 seconds
111.337: Application time: 0.0641070 seconds
111.337: [GC111.337: [ParNew: 36981K->2105K(37568K), 0.0010320 secs] 244297K->209421K(431300K), 0.0010660 secs] [Times: user=0.01 sys=0.00, real=0.00 secs] 
111.338: Total time for which application threads were stopped: 0.0012110 seconds, Stopping threads took: 0.0000850 seconds
111.396: Application time: 0.0577290 seconds
111.396: [GC111.396: [ParNew: 35508K->4117K(37568K), 0.0016340 secs] 242825K->212458K(431300K), 0.0016730 secs] [Times: user=0.01 sys=0.00, real=0.01 secs] 
111.398: Total time for which application threads were stopped: 0.0018240 seconds, Stopping threads took: 0.0000870 seconds
111.460: Application time: 0.0623110 seconds
111.460: [GC111.460: [ParNew: 36952K->4130K(37568K), 0.0019260 secs] 245293K->214518K(431300K), 0.0019700 secs] [Times: user=0.01 sys=0.01, real=0.00 secs] 
111.462: Total time for which application threads were stopped: 0.0021240 seconds, Stopping threads took: 0.0000870 seconds
111.521: Application time: 0.0586640 seconds
111.521: [GC111.521: [ParNew: 37526K->4133K(37568K), 0.0016680 secs] 247914K->215545K(431300K), 0.0017130 secs] [Times: user=0.02 sys=0.00, real=0.00 secs] 
111.523: Total time for which application threads were stopped: 0.0018500 seconds, Stopping threads took: 0.0000570 seconds
111.582: Application time: 0.0594650 seconds
111.582: [GC111.582: [ParNew: 37019K->4154K(37568K), 0.0013850 secs] 248431K->215591K(431300K), 0.0014200 secs] [Times: user=0.01 sys=0.00, real=0.00 secs] 
111.584: Total time for which application threads were stopped: 0.0015400 seconds, Stopping threads took: 0.0000630 seconds
111.643: Application time: 0.0594820 seconds
111.643: [GC111.643: [ParNew: 37474K->4154K(37568K), 0.0023330 secs] 248911K->218768K(431300K), 0.0023750 secs] [Times: user=0.02 sys=0.00, real=0.01 secs] 
111.646: Total time for which application threads were stopped: 0.0025050 seconds, Stopping threads took: 0.0000640 seconds
111.706: Application time: 0.0602200 seconds
111.706: [GC111.706: [ParNew: 37060K->4108K(37568K), 0.0024680 secs] 251674K->221835K(431300K), 0.0025130 secs] [Times: user=0.01 sys=0.00, real=0.00 secs] 
111.709: Total time for which application threads were stopped: 0.0026940 seconds, Stopping threads took: 0.0001120 seconds
111.773: Application time: 0.0645280 seconds
111.773: [GC111.773: [ParNew: 37180K->4144K(37568K), 0.0018900 secs] 254908K->223936K(431300K), 0.0019360 secs] [Times: user=0.01 sys=0.00, real=0.00 secs] 
111.775: Total time for which application threads were stopped: 0.0020890 seconds, Stopping threads took: 0.0000860 seconds
111.838: Application time: 0.0630630 seconds
111.838: [GC111.838: [ParNew: 37180K->4148K(37568K), 0.0017000 secs] 256972K->224992K(431300K), 0.0017360 secs] [Times: user=0.02 sys=0.00, real=0.00 secs] 
111.840: Total time for which application threads were stopped: 0.0018910 seconds, Stopping threads took: 0.0000900 seconds
111.897: Application time: 0.0572960 seconds
111.898: [GC111.898: [ParNew: 36644K->4117K(37568K), 0.0017070 secs] 257488K->225998K(431300K), 0.0017420 secs] [Times: user=0.01 sys=0.00, real=0.00 secs] 
111.899: Total time for which application threads were stopped: 0.0018700 seconds, Stopping threads took: 0.0000630 seconds
111.963: Application time: 0.0640530 seconds
111.964: [GC111.964: [ParNew: 37053K->4131K(37568K), 0.0018220 secs] 258934K->227036K(431300K), 0.0018570 secs] [Times: user=0.02 sys=0.00, real=0.01 secs] 
111.965: Total time for which application threads were stopped: 0.0020260 seconds, Stopping threads took: 0.0001060 seconds
112.025: Application time: 0.0591750 seconds
112.025: [GC112.025: [ParNew: 36767K->4118K(37568K), 0.0020780 secs] 259671K->229071K(431300K), 0.0021180 secs] [Times: user=0.02 sys=0.00, real=0.00 secs] 
112.027: Total time for which application threads were stopped: 0.0022770 seconds, Stopping threads took: 0.0000780 seconds
112.092: Application time: 0.0652260 seconds
112.092: [GC112.092: [ParNew: 37088K->4149K(37568K), 0.0014550 secs] 262041K->229102K(431300K), 0.0014940 secs] [Times: user=0.01 sys=0.00, real=0.00 secs] 
112.094: Total time for which application threads were stopped: 0.0016200 seconds, Stopping threads took: 0.0000580 seconds
112.153: Application time: 0.0593320 seconds
112.153: [GC112.153: [ParNew: 36633K->4121K(37568K), 0.0013620 secs] 261586K->229074K(431300K), 0.0014020 secs] [Times: user=0.01 sys=0.00, real=0.00 secs] 
112.155: Total time for which application threads were stopped: 0.0017100 seconds, Stopping threads took: 0.0002190 seconds
112.216: Application time: 0.0610990 seconds
112.216: [GC112.216: [ParNew: 36668K->2128K(37568K), 0.0009340 secs] 261621K->227081K(431300K), 0.0009690 secs] [Times: user=0.01 sys=0.00, real=0.01 secs] 
112.217: Total time for which application threads were stopped: 0.0010900 seconds, Stopping threads took: 0.0000600 seconds
112.273: Application time: 0.0559470 seconds
112.273: [GC112.273: [ParNew: 34632K->4155K(37568K), 0.0020010 secs] 259585K->231172K(431300K), 0.0020400 secs] [Times: user=0.02 sys=0.00, real=0.00 secs] 
112.275: Total time for which application threads were stopped: 0.0021580 seconds, Stopping threads took: 0.0000540 seconds
112.334: Application time: 0.0591800 seconds
112.334: [GC112.334: [ParNew: 37442K->4154K(37568K), 0.0021600 secs] 264459K->233348K(431300K), 0.0021990 secs] [Times: user=0.01 sys=0.00, real=0.01 secs] 
112.337: Total time for which application threads were stopped: 0.0023260 seconds, Stopping threads took: 0.0000610 seconds
112.396: Application time: 0.0594740 seconds
112.396: [GC112.396: [ParNew: 36903K->4117K(37568K), 0.0019900 secs] 266097K->235385K(431300K), 0.0020290 secs] [Times: user=0.02 sys=0.00, real=0.01 secs] 
112.398: Total time for which application threads were stopped: 0.0022230 seconds, Stopping threads took: 0.0001270 seconds
112.461: Application time: 0.0626620 seconds
112.461: [GC112.461: [ParNew: 37100K->4142K(37568K), 0.0019800 secs] 268368K->237458K(431300K), 0.0020190 secs] [Times: user=0.02 sys=0.00, real=0.00 secs] 
112.463: Total time for which application threads were stopped: 0.0021550 seconds, Stopping threads took: 0.0000710 seconds
112.526: Application time: 0.0632050 seconds
112.526: [GC112.526: [ParNew: 37140K->4140K(37568K), 0.0020480 secs] 270456K->239533K(431300K), 0.0020870 secs] [Times: user=0.01 sys=0.00, real=0.00 secs] 
112.529: Total time for which application threads were stopped: 0.0022310 seconds, Stopping threads took: 0.0000620 seconds
112.589: Application time: 0.0605290 seconds
112.589: [GC112.589: [ParNew: 36835K->4132K(37568K), 0.0017610 secs] 272228K->240577K(431300K), 0.0018000 secs] [Times: user=0.01 sys=0.00, real=0.00 secs] 
112.591: Total time for which application threads were stopped: 0.0019440 seconds, Stopping threads took: 0.0000780 seconds
112.650: Application time: 0.0593320 seconds
112.650: [GC112.651: [ParNew: 36790K->4116K(37568K), 0.0019980 secs] 273236K->242609K(431300K), 0.0020390 secs] [Times: user=0.02 sys=0.00, real=0.00 secs] 
112.653: Total time for which application threads were stopped: 0.0021710 seconds, Stopping threads took: 0.0000640 seconds
112.714: Application time: 0.0612930 seconds
112.714: [GC112.714: [ParNew: 36989K->4112K(37568K), 0.0021080 secs] 275483K->244654K(431300K), 0.0021480 secs] [Times: user=0.01 sys=0.00, real=0.00 secs] 
112.716: Total time for which application threads were stopped: 0.0022890 seconds, Stopping threads took: 0.0000730 seconds
112.779: Application time: 0.0632670 seconds
112.780: [GC112.780: [ParNew: 36872K->4148K(37568K), 0.0017970 secs] 277413K->245714K(431300K), 0.0018390 secs] [Times: user=0.02 sys=0.00, real=0.00 secs] 
112.781: Total time for which application threads were stopped: 0.0019670 seconds, Stopping threads took: 0.0000620 seconds
112.841: Application time: 0.0596570 seconds
112.841: [GC112.841: [ParNew: 36770K->3110K(37568K), 0.0011670 secs] 278335K->244675K(431300K), 0.0012010 secs] [Times: user=0.01 sys=0.00, real=0.00 secs] 
112.842: Total time for which application threads were stopped: 0.0013440 seconds, Stopping threads took: 0.0000810 seconds
112.902: Application time: 0.0599120 seconds
112.902: [GC112.902: [ParNew: 36516K->4117K(37568K), 0.0016690 secs] 278082K->246706K(431300K), 0.0017050 secs] [Times: user=0.01 sys=0.00, real=0.00 secs] 
112.904: Total time for which application threads were stopped: 0.0018540 seconds, Stopping threads took: 0.0000840 seconds
112.962: Application time: 0.0574180 seconds
112.962: [GC112.962: [ParNew: 36836K->4142K(37568K), 0.0022860 secs] 279425K->249803K(431300K), 0.0023290 secs] [Times: user=0.01 sys=0.00, real=0.00 secs] 
112.964: Total time for which application threads were stopped: 0.0024550 seconds, Stopping threads took: 0.0000570 seconds
113.024: Application time: 0.0600920 seconds
113.024: [GC113.024: [ParNew: 37550K->4158K(37568K), 0.0016970 secs] 283211K->250969K(431300K), 0.0017340 secs] [Times: user=0.01 sys=0.00, real=0.01 secs] 
113.026: Total time for which application threads were stopped: 0.0018570 seconds, Stopping threads took: 0.0000560 seconds
113.086: Application time: 0.0597510 seconds
113.086: [GC113.086: [ParNew: 36952K->4116K(37568K), 0.0017680 secs] 283762K->251996K(431300K), 0.0018070 secs] [Times: user=0.02 sys=0.00, real=0.00 secs] 
113.088: Total time for which application threads were stopped: 0.0019480 seconds, Stopping threads took: 0.0000660 seconds
113.150: Application time: 0.0626650 seconds
113.150: [GC113.150: [ParNew: 37078K->4143K(37568K), 0.0019220 secs] 284959K->254072K(431300K), 0.0019610 secs] [Times: user=0.01 sys=0.00, real=0.00 secs] 
113.152: Total time for which application threads were stopped: 0.0020840 seconds, Stopping threads took: 0.0000580 seconds
113.213: Application time: 0.0610370 seconds
113.214: [GC113.214: [ParNew: 37166K->4158K(37568K), 0.0019750 secs] 287095K->256164K(431300K), 0.0020140 secs] [Times: user=0.01 sys=0.00, real=0.00 secs] 
113.216: Total time for which application threads were stopped: 0.0021410 seconds, Stopping threads took: 0.0000610 seconds
113.277: Application time: 0.0613800 seconds
113.277: [GC113.277: [ParNew: 36917K->4118K(37568K), 0.0020140 secs] 288924K->258201K(431300K), 0.0020540 secs] [Times: user=0.02 sys=0.00, real=0.00 secs] 
113.279: Total time for which application threads were stopped: 0.0021980 seconds, Stopping threads took: 0.0000800 seconds
113.342: Application time: 0.0631820 seconds
113.343: [GC113.343: [ParNew: 37031K->4127K(37568K), 0.0016080 secs] 291114K->259234K(431300K), 0.0016550 secs] [Times: user=0.01 sys=0.00, real=0.00 secs] 
113.344: Total time for which application threads were stopped: 0.0018070 seconds, Stopping threads took: 0.0000830 seconds
113.404: Application time: 0.0600500 seconds
113.404: [GC113.404: [ParNew: 36858K->4150K(37568K), 0.0018710 secs] 291964K->260281K(431300K), 0.0019110 secs] [Times: user=0.01 sys=0.00, real=0.00 secs] 
113.406: Total time for which application threads were stopped: 0.0020680 seconds, Stopping threads took: 0.0000890 seconds
113.470: Application time: 0.0635810 seconds
113.472: [GC113.472: [ParNew: 37023K->4156K(37568K), 0.0014900 secs] 293154K->260287K(431300K), 0.0015300 secs] [Times: user=0.01 sys=0.00, real=0.00 secs] 
113.474: Total time for which application threads were stopped: 0.0040560 seconds, Stopping threads took: 0.0024580 seconds
113.534: Application time: 0.0600110 seconds
113.534: [GC113.534: [ParNew: 36630K->3111K(37568K), 0.0013740 secs] 292761K->259241K(431300K), 0.0014090 secs] [Times: user=0.01 sys=0.00, real=0.00 secs] 
113.535: Total time for which application threads were stopped: 0.0015340 seconds, Stopping threads took: 0.0000620 seconds
113.596: Application time: 0.0601410 seconds
113.596: [GC113.596: [ParNew: 36519K->4130K(37568K), 0.0016300 secs] 292649K->261285K(431300K), 0.0016720 secs] [Times: user=0.01 sys=0.00, real=0.01 secs] 
113.597: Total time for which application threads were stopped: 0.0018140 seconds, Stopping threads took: 0.0000690 seconds
113.652: Application time: 0.0547450 seconds
113.652: [GC113.652: [ParNew: 36717K->4146K(37568K), 0.0023110 secs] 293872K->264373K(431300K), 0.0023540 secs] [Times: user=0.01 sys=0.00, real=0.00 secs] 
113.655: Total time for which application threads were stopped: 0.0025120 seconds, Stopping threads took: 0.0000900 seconds
113.715: Application time: 0.0605660 seconds
113.715: [GC113.715: [ParNew: 37554K->4156K(37568K), 0.0021760 secs] 297781K->266555K(431300K), 0.0022150 secs] [Times: user=0.01 sys=0.00, real=0.01 secs] 
113.718: Total time for which application threads were stopped: 0.0023670 seconds, Stopping threads took: 0.0000870 seconds
113.778: Application time: 0.0602180 seconds
113.778: [GC113.778: [ParNew: 36981K->4133K(37568K), 0.0020390 secs] 299381K->268627K(431300K), 0.0020860 secs] [Times: user=0.02 sys=0.00, real=0.00 secs] 
113.780: Total time for which application threads were stopped: 0.0022510 seconds, Stopping threads took: 0.0000900 seconds
113.844: Application time: 0.0635350 seconds
113.844: [GC113.844: [ParNew: 37171K->4157K(37568K), 0.0016480 secs] 301664K->269679K(431300K), 0.0016870 secs] [Times: user=0.02 sys=0.00, real=0.01 secs] 
113.846: Total time for which application threads were stopped: 0.0018360 seconds, Stopping threads took: 0.0000830 seconds
113.904: Application time: 0.0585720 seconds
113.904: [GC113.904: [ParNew: 36898K->4144K(37568K), 0.0020400 secs] 302419K->271738K(431300K), 0.0020820 secs] [Times: user=0.01 sys=0.00, real=0.01 secs] 
113.906: Total time for which application threads were stopped: 0.0022240 seconds, Stopping threads took: 0.0000740 seconds
113.969: Application time: 0.0627190 seconds
113.969: [GC113.969: [ParNew: 37034K->4112K(37568K), 0.0023230 secs] 304629K->274807K(431300K), 0.0023660 secs] [Times: user=0.02 sys=0.00, real=0.00 secs] 
113.972: Total time for which application threads were stopped: 0.0025050 seconds, Stopping threads took: 0.0000690 seconds
114.031: Application time: 0.0596260 seconds
114.031: [GC114.031: [ParNew: 36962K->4112K(37568K), 0.0023450 secs] 307657K->277879K(431300K), 0.0023870 secs] [Times: user=0.02 sys=0.00, real=0.00 secs] 
114.034: Total time for which application threads were stopped: 0.0025240 seconds, Stopping threads took: 0.0000680 seconds
114.097: Application time: 0.0634790 seconds
114.097: [GC114.097: [ParNew: 37032K->4130K(37568K), 0.0017790 secs] 310799K->278921K(431300K), 0.0018170 secs] [Times: user=0.01 sys=0.00, real=0.00 secs] 
114.099: Total time for which application threads were stopped: 0.0019880 seconds, Stopping threads took: 0.0000870 seconds
114.164: Application time: 0.0650710 seconds
114.164: [GC114.164: [ParNew: 36992K->2114K(37568K), 0.0009210 secs] 311783K->276905K(431300K), 0.0009520 secs] [Times: user=0.00 sys=0.00, real=0.00 secs] 
114.165: Total time for which application threads were stopped: 0.0011320 seconds, Stopping threads took: 0.0001190 seconds
114.226: Application time: 0.0602440 seconds
114.226: [GC114.226: [ParNew: 35522K->4142K(37568K), 0.0014030 secs] 310313K->278933K(431300K), 0.0014390 secs] [Times: user=0.01 sys=0.00, real=0.00 secs] 
114.227: Total time for which application threads were stopped: 0.0015910 seconds, Stopping threads took: 0.0000880 seconds
114.287: Application time: 0.0601970 seconds
114.287: [GC114.288: [ParNew: 36634K->4152K(37568K), 0.0014260 secs] 311425K->278943K(431300K), 0.0014650 secs] [Times: user=0.01 sys=0.00, real=0.00 secs] 
114.289: Total time for which application threads were stopped: 0.0015900 seconds, Stopping threads took: 0.0000610 seconds
114.341: Application time: 0.0517260 seconds
114.341: [GC114.341: [ParNew: 36600K->4144K(37568K), 0.0023200 secs] 311391K->282007K(431300K), 0.0023640 secs] [Times: user=0.02 sys=0.00, real=0.00 secs] 
114.343: Total time for which application threads were stopped: 0.0024900 seconds, Stopping threads took: 0.0000590 seconds
114.406: Application time: 0.0624430 seconds
114.406: [GC114.406: [ParNew: 36603K->4158K(37568K), 0.0018070 secs] 314466K->283174K(431300K), 0.0018450 secs] [Times: user=0.01 sys=0.00, real=0.00 secs] 
114.408: Total time for which application threads were stopped: 0.0019700 seconds, Stopping threads took: 0.0000590 seconds
114.470: Application time: 0.0621590 seconds
114.470: [GC114.470: [ParNew: 37051K->4135K(37568K), 0.0016880 secs] 316067K->284217K(431300K), 0.0017240 secs] [Times: user=0.02 sys=0.00, real=0.00 secs] 
114.472: Total time for which application threads were stopped: 0.0018580 seconds, Stopping threads took: 0.0000700 seconds
114.530: Application time: 0.0582660 seconds
114.530: [GC114.530: [ParNew: 36788K->4149K(37568K), 0.0014500 secs] 316870K->284231K(431300K), 0.0014870 secs] [Times: user=0.01 sys=0.00, real=0.00 secs] 
114.532: Total time for which application threads were stopped: 0.0016160 seconds, Stopping threads took: 0.0000610 seconds
114.595: Application time: 0.0631990 seconds
114.595: [GC114.595: [ParNew: 37141K->4151K(37568K), 0.0020190 secs] 317223K->286310K(431300K), 0.0020630 secs] [Times: user=0.02 sys=0.00, real=0.01 secs] 
114.597: Total time for which application threads were stopped: 0.0022420 seconds, Stopping threads took: 0.0001130 seconds
114.657: Application time: 0.0599340 seconds
114.657: [GC114.657: [ParNew: 36955K->4114K(37568K), 0.0019720 secs] 319114K->288350K(431300K), 0.0020100 secs] [Times: user=0.02 sys=0.00, real=0.00 secs] 
114.659: Total time for which application threads were stopped: 0.0021670 seconds, Stopping threads took: 0.0000820 seconds
114.720: Application time: 0.0607680 seconds
114.720: [GC114.720: [ParNew: 36899K->4112K(37568K), 0.0020660 secs] 321134K->290395K(431300K), 0.0021070 secs] [Times: user=0.02 sys=0.00, real=0.00 secs] 
114.722: Total time for which application threads were stopped: 0.0022730 seconds, Stopping threads took: 0.0000990 seconds
114.783: Application time: 0.0613030 seconds
114.784: [GC114.784: [ParNew: 36860K->4132K(37568K), 0.0017410 secs] 323143K->291439K(431300K), 0.0017830 secs] [Times: user=0.01 sys=0.00, real=0.01 secs] 
114.785: Total time for which application threads were stopped: 0.0019830 seconds, Stopping threads took: 0.0001330 seconds
114.849: Application time: 0.0632700 seconds
114.849: [GC114.849: [ParNew: 36979K->4134K(37568K), 0.0017340 secs] 324286K->292466K(431300K), 0.0017760 secs] [Times: user=0.02 sys=0.00, real=0.00 secs] 
114.851: Total time for which application threads were stopped: 0.0019080 seconds, Stopping threads took: 0.0000620 seconds
114.912: Application time: 0.0614800 seconds
114.912: [GC114.912: [ParNew: 36817K->3146K(37568K), 0.0011910 secs] 325149K->291477K(431300K), 0.0012370 secs] [Times: user=0.00 sys=0.00, real=0.00 secs] 
114.913: Total time for which application threads were stopped: 0.0013580 seconds, Stopping threads took: 0.0000580 seconds
114.972: Application time: 0.0585120 seconds
114.972: [GC114.972: [ParNew: 36523K->3116K(37568K), 0.0011260 secs] 324855K->291447K(431300K), 0.0011600 secs] [Times: user=0.00 sys=0.01, real=0.00 secs] 
114.973: Total time for which application threads were stopped: 0.0013250 seconds, Stopping threads took: 0.0001020 seconds
115.035: Application time: 0.0613700 seconds
115.035: [GC115.035: [ParNew: 36055K->4158K(37568K), 0.0015830 secs] 324386K->293530K(431300K), 0.0016200 secs] [Times: user=0.02 sys=0.00, real=0.01 secs] 
115.036: Total time for which application threads were stopped: 0.0017380 seconds, Stopping threads took: 0.0000550 seconds
115.091: Application time: 0.0547340 seconds
115.091: [GC115.091: [ParNew: 37236K->4154K(37568K), 0.0021590 secs] 326609K->295703K(431300K), 0.0021980 secs] [Times: user=0.02 sys=0.00, real=0.00 secs] 
115.093: Total time for which application threads were stopped: 0.0023290 seconds, Stopping threads took: 0.0000650 seconds
115.159: Application time: 0.0654400 seconds
115.159: [GC115.159: [ParNew: 37104K->4132K(37568K), 0.0014800 secs] 328653K->295707K(431300K), 0.0015130 secs] [Times: user=0.01 sys=0.00, real=0.00 secs] 
115.161: Total time for which application threads were stopped: 0.0016400 seconds, Stopping threads took: 0.0000590 seconds
115.220: Application time: 0.0599500 seconds
115.221: [GC115.221: [ParNew: 36999K->4143K(37568K), 0.0020140 secs] 328575K->297767K(431300K), 0.0020550 secs] [Times: user=0.01 sys=0.00, real=0.00 secs] 
115.223: Total time for which application threads were stopped: 0.0021830 seconds, Stopping threads took: 0.0000630 seconds
115.285: Application time: 0.0627160 seconds
115.286: [GC115.286: [ParNew: 37129K->4158K(37568K), 0.0016910 secs] 330752K->298834K(431300K), 0.0017290 secs] [Times: user=0.01 sys=0.00, real=0.00 secs] 
115.287: Total time for which application threads were stopped: 0.0018630 seconds, Stopping threads took: 0.0000700 seconds
115.348: Application time: 0.0606700 seconds
115.348: [GC115.348: [ParNew: 36961K->4132K(37568K), 0.0016730 secs] 331637K->299861K(431300K), 0.0017120 secs] [Times: user=0.00 sys=0.00, real=0.00 secs] 
115.350: Total time for which application threads were stopped: 0.0018670 seconds, Stopping threads took: 0.0000890 seconds
115.410: Application time: 0.0601660 seconds
115.413: [GC115.413: [ParNew: 36828K->4152K(37568K), 0.0014320 secs] 332557K->299881K(431300K), 0.0014710 secs] [Times: user=0.01 sys=0.00, real=0.00 secs] 
115.414: Total time for which application threads were stopped: 0.0040610 seconds, Stopping threads took: 0.0025270 seconds
115.476: Application time: 0.0622100 seconds
115.476: [GC115.476: [ParNew: 36934K->4134K(37568K), 0.0017080 secs] 332663K->300887K(431300K), 0.0017490 secs] [Times: user=0.01 sys=0.00, real=0.00 secs] 
115.478: Total time for which application threads were stopped: 0.0018830 seconds, Stopping threads took: 0.0000660 seconds
115.538: Application time: 0.0598360 seconds
115.538: [GC115.538: [ParNew: 36841K->4134K(37568K), 0.0018230 secs] 333594K->301911K(431300K), 0.0018640 secs] [Times: user=0.01 sys=0.00, real=0.00 secs] 
115.540: Total time for which application threads were stopped: 0.0020090 seconds, Stopping threads took: 0.0000720 seconds
115.604: Application time: 0.0639800 seconds
115.604: [GC115.604: [ParNew: 36935K->2081K(37568K), 0.0009510 secs] 334712K->299858K(431300K), 0.0009820 secs] [Times: user=0.01 sys=0.00, real=0.01 secs] 
115.605: Total time for which application threads were stopped: 0.0011100 seconds, Stopping threads took: 0.0000670 seconds
115.665: Application time: 0.0594490 seconds
115.665: [GC115.665: [ParNew: 35460K->3110K(37568K), 0.0011390 secs] 333237K->300887K(431300K), 0.0011700 secs] [Times: user=0.01 sys=0.00, real=0.00 secs] 
115.666: Total time for which application threads were stopped: 0.0013230 seconds, Stopping threads took: 0.0000790 seconds
115.720: Application time: 0.0542890 seconds
115.720: [GC115.720: [ParNew: 35677K->4140K(37568K), 0.0022730 secs] 333454K->304989K(431300K), 0.0023140 secs] [Times: user=0.02 sys=0.00, real=0.00 secs] 
115.723: Total time for which application threads were stopped: 0.0024540 seconds, Stopping threads took: 0.0000720 seconds
115.784: Application time: 0.0618220 seconds
115.785: [GC115.785: [ParNew: 37548K->4157K(37568K), 0.0019370 secs] 338397K->306175K(431300K), 0.0019740 secs] [Times: user=0.02 sys=0.00, real=0.00 secs] 
115.787: Total time for which application threads were stopped: 0.0020910 seconds, Stopping threads took: 0.0000540 seconds
115.845: Application time: 0.0589620 seconds
115.846: [GC115.846: [ParNew: 36912K->4114K(37568K), 0.0021600 secs] 338930K->308206K(431300K), 0.0022000 secs] [Times: user=0.01 sys=0.00, real=0.00 secs] 
115.848: Total time for which application threads were stopped: 0.0023900 seconds, Stopping threads took: 0.0001200 seconds
115.912: Application time: 0.0641830 seconds
115.912: [GC115.912: [ParNew: 37117K->4141K(37568K), 0.0017620 secs] 341209K->309258K(431300K), 0.0018000 secs] [Times: user=0.01 sys=0.00, real=0.00 secs] 
115.914: Total time for which application threads were stopped: 0.0019230 seconds, Stopping threads took: 0.0000580 seconds
115.974: Application time: 0.0601490 seconds
115.974: [GC115.974: [ParNew: 37066K->4145K(37568K), 0.0020190 secs] 342182K->311338K(431300K), 0.0020590 secs] [Times: user=0.01 sys=0.00, real=0.01 secs] 
115.976: Total time for which application threads were stopped: 0.0022330 seconds, Stopping threads took: 0.0001090 seconds
116.036: Application time: 0.0596860 seconds
116.036: [GC116.036: [ParNew: 36811K->4130K(37568K), 0.0021030 secs] 344004K->313399K(431300K), 0.0021470 secs] [Times: user=0.01 sys=0.01, real=0.01 secs] 
116.038: Total time for which application threads were stopped: 0.0022830 seconds, Stopping threads took: 0.0000680 seconds
116.102: Application time: 0.0635860 seconds
116.102: [GC116.102: [ParNew: 37116K->4132K(37568K), 0.0019340 secs] 346385K->315449K(431300K), 0.0019730 secs] [Times: user=0.01 sys=0.00, real=0.00 secs] 
116.104: Total time for which application threads were stopped: 0.0021010 seconds, Stopping threads took: 0.0000590 seconds
116.166: Application time: 0.0616330 seconds
116.166: [GC116.166: [ParNew: 36922K->4113K(37568K), 0.0020910 secs] 348240K->317478K(431300K), 0.0021350 secs] [Times: user=0.01 sys=0.00, real=0.00 secs] 
116.168: Total time for which application threads were stopped: 0.0023240 seconds, Stopping threads took: 0.0001100 seconds
 CMS: abort preclean due to time 116.169: [CMS-concurrent-abortable-preclean: 0.069/5.023 secs] [Times: user=39.59 sys=0.07, real=5.02 secs] 
116.172: Application time: 0.0043550 seconds
116.173: [GC[YG occupancy: 8449 K (37568 K)]116.173: [Rescan (parallel) , 0.0003450 secs]116.173: [weak refs processing, 0.0000070 secs]116.173: [scrub string table, 0.0001330 secs] [1 CMS-remark: 313365K(393732K)] 321814K(431300K), 0.0005210 secs] [Times: user=0.00 sys=0.00, real=0.00 secs] 
116.173: Total time for which application threads were stopped: 0.0007480 seconds, Stopping threads took: 0.0001910 seconds
116.173: [CMS-concurrent-sweep-start]
116.175: [CMS-concurrent-sweep: 0.001/0.001 secs] [Times: user=0.01 sys=0.00, real=0.00 secs] 
116.175: [CMS-concurrent-reset-start]
116.177: [CMS-concurrent-reset: 0.002/0.002 secs] [Times: user=0.02 sys=0.00, real=0.01 secs] 
116.231: Application time: 0.0579550 seconds
116.231: [GC116.231: [ParNew: 36721K->4149K(37568K), 0.0014930 secs] 151469K->118898K(431300K), 0.0015310 secs] [Times: user=0.01 sys=0.00, real=0.00 secs] 
116.233: Total time for which application threads were stopped: 0.0017020 seconds, Stopping threads took: 0.0001020 seconds
116.293: Application time: 0.0600980 seconds
116.293: [GC116.293: [ParNew: 36579K->3118K(37568K), 0.0011310 secs] 151327K->117866K(431300K), 0.0011650 secs] [Times: user=0.00 sys=0.00, real=0.00 secs] 
116.294: Total time for which application threads were stopped: 0.0012870 seconds, Stopping threads took: 0.0000510 seconds
116.350: Application time: 0.0554530 seconds
116.350: [GC116.350: [ParNew: 36526K->4112K(37568K), 0.0022480 secs] 151274K->121932K(431300K), 0.0022900 secs] [Times: user=0.01 sys=0.00, real=0.00 secs] 
116.352: Total time for which application threads were stopped: 0.0024240 seconds, Stopping threads took: 0.0000670 seconds
116.410: Application time: 0.0581080 seconds
116.410: [GC116.410: [ParNew: 37024K->4140K(37568K), 0.0023280 secs] 154845K->125032K(431300K), 0.0023710 secs] [Times: user=0.02 sys=0.00, real=0.00 secs] 
116.413: Total time for which application threads were stopped: 0.0025410 seconds, Stopping threads took: 0.0001010 seconds
116.475: Application time: 0.0624570 seconds
116.475: [GC116.475: [ParNew: 37548K->4156K(37568K), 0.0023750 secs] 158440K->128245K(431300K), 0.0024160 secs] [Times: user=0.02 sys=0.00, real=0.01 secs] 
116.478: Total time for which application threads were stopped: 0.0025510 seconds, Stopping threads took: 0.0000670 seconds
116.539: Application time: 0.0608340 seconds
116.539: [GC116.539: [ParNew: 36989K->4115K(37568K), 0.0020400 secs] 161078K->130299K(431300K), 0.0020810 secs] [Times: user=0.01 sys=0.00, real=0.00 secs] 
116.541: Total time for which application threads were stopped: 0.0022160 seconds, Stopping threads took: 0.0000660 seconds
116.605: Application time: 0.0638850 seconds
116.605: [GC116.605: [ParNew: 37140K->4158K(37568K), 0.0013430 secs] 163324K->130346K(431300K), 0.0013790 secs] [Times: user=0.01 sys=0.00, real=0.00 secs] 
116.606: Total time for which application threads were stopped: 0.0014990 seconds, Stopping threads took: 0.0000580 seconds
116.667: Application time: 0.0606420 seconds
116.667: [GC116.667: [ParNew: 37061K->4158K(37568K), 0.0018900 secs] 163249K->132419K(431300K), 0.0019290 secs] [Times: user=0.01 sys=0.00, real=0.00 secs] 
116.669: Total time for which application threads were stopped: 0.0020980 seconds, Stopping threads took: 0.0000920 seconds
116.729: Application time: 0.0600630 seconds
116.729: [GC116.729: [ParNew: 36942K->4114K(37568K), 0.0020400 secs] 165203K->134452K(431300K), 0.0020800 secs] [Times: user=0.02 sys=0.00, real=0.00 secs] 
116.731: Total time for which application threads were stopped: 0.0022230 seconds, Stopping threads took: 0.0000760 seconds
116.794: Application time: 0.0631590 seconds
116.794: [GC116.794: [ParNew: 36999K->4113K(37568K), 0.0021840 secs] 167337K->136499K(431300K), 0.0022290 secs] [Times: user=0.01 sys=0.00, real=0.01 secs] 
116.797: Total time for which application threads were stopped: 0.0023600 seconds, Stopping threads took: 0.0000620 seconds
116.859: Application time: 0.0620100 seconds
116.859: [GC116.859: [ParNew: 36885K->4146K(37568K), 0.0013410 secs] 169271K->136532K(431300K), 0.0013780 secs] [Times: user=0.01 sys=0.00, real=0.00 secs] 
116.860: Total time for which application threads were stopped: 0.0015390 seconds, Stopping threads took: 0.0000950 seconds
116.922: Application time: 0.0617120 seconds
116.922: [GC116.922: [ParNew: 36823K->2089K(37568K), 0.0009230 secs] 169209K->134475K(431300K), 0.0009570 secs] [Times: user=0.01 sys=0.00, real=0.00 secs] 
116.923: Total time for which application threads were stopped: 0.0010830 seconds, Stopping threads took: 0.0000650 seconds
116.983: Application time: 0.0595650 seconds
116.983: [GC116.983: [ParNew: 35485K->4134K(37568K), 0.0017260 secs] 167871K->137544K(431300K), 0.0017670 secs] [Times: user=0.01 sys=0.00, real=0.01 secs] 
116.984: Total time for which application threads were stopped: 0.0018940 seconds, Stopping threads took: 0.0000590 seconds
117.046: Application time: 0.0611760 seconds
117.046: [GC117.046: [ParNew: 36804K->4133K(37568K), 0.0013600 secs] 170214K->137543K(431300K), 0.0013950 secs] [Times: user=0.01 sys=0.00, real=0.00 secs] 
117.047: Total time for which application threads were stopped: 0.0015080 seconds, Stopping threads took: 0.0000540 seconds
117.101: Application time: 0.0542410 seconds
117.102: [GC117.102: [ParNew: 36762K->4142K(37568K), 0.0022910 secs] 170172K->140624K(431300K), 0.0023400 secs] [Times: user=0.01 sys=0.00, real=0.00 secs] 
117.104: Total time for which application threads were stopped: 0.0024710 seconds, Stopping threads took: 0.0000660 seconds
117.164: Application time: 0.0605170 seconds
117.165: [GC117.165: [ParNew: 36538K->4158K(37568K), 0.0019770 secs] 173020K->142830K(431300K), 0.0020170 secs] [Times: user=0.01 sys=0.00, real=0.00 secs] 
117.167: Total time for which application threads were stopped: 0.0021510 seconds, Stopping threads took: 0.0000680 seconds
117.227: Application time: 0.0599600 seconds
117.227: [GC117.227: [ParNew: 36835K->4146K(37568K), 0.0017790 secs] 175507K->143872K(431300K), 0.0018180 secs] [Times: user=0.01 sys=0.00, real=0.00 secs] 
117.228: Total time for which application threads were stopped: 0.0019480 seconds, Stopping threads took: 0.0000570 seconds
117.291: Application time: 0.0626260 seconds
117.291: [GC117.291: [ParNew: 37095K->4149K(37568K), 0.0015800 secs] 176822K->144900K(431300K), 0.0016170 secs] [Times: user=0.01 sys=0.00, real=0.00 secs] 
117.293: Total time for which application threads were stopped: 0.0017290 seconds, Stopping threads took: 0.0000520 seconds
117.350: Application time: 0.0571790 seconds
117.350: [GC117.350: [ParNew: 37002K->4140K(37568K), 0.0023450 secs] 177752K->147991K(431300K), 0.0023880 secs] [Times: user=0.02 sys=0.00, real=0.00 secs] 
117.353: Total time for which application threads were stopped: 0.0025230 seconds, Stopping threads took: 0.0000700 seconds
117.415: Application time: 0.0627730 seconds
117.415: [GC117.415: [ParNew: 37082K->4116K(37568K), 0.0023080 secs] 180933K->151067K(431300K), 0.0023500 secs] [Times: user=0.02 sys=0.00, real=0.01 secs] 
117.418: Total time for which application threads were stopped: 0.0024870 seconds, Stopping threads took: 0.0000670 seconds
117.478: Application time: 0.0602580 seconds
117.478: [GC117.478: [ParNew: 36917K->4150K(37568K), 0.0017800 secs] 183869K->152125K(431300K), 0.0018210 secs] [Times: user=0.01 sys=0.00, real=0.00 secs] 
117.480: Total time for which application threads were stopped: 0.0019830 seconds, Stopping threads took: 0.0000910 seconds
117.544: Application time: 0.0642040 seconds
117.548: [GC117.548: [ParNew: 37025K->3110K(37568K), 0.0012160 secs] 185001K->151086K(431300K), 0.0012520 secs] [Times: user=0.01 sys=0.00, real=0.00 secs] 
117.550: Total time for which application threads were stopped: 0.0054390 seconds, Stopping threads took: 0.0041230 seconds
117.610: Application time: 0.0607430 seconds
117.611: [GC117.611: [ParNew: 35682K->4122K(37568K), 0.0013720 secs] 183658K->152097K(431300K), 0.0014070 secs] [Times: user=0.01 sys=0.00, real=0.00 secs] 
117.612: Total time for which application threads were stopped: 0.0015700 seconds, Stopping threads took: 0.0000990 seconds
117.672: Application time: 0.0598220 seconds
117.672: [GC117.672: [ParNew: 36576K->4158K(37568K), 0.0014530 secs] 184551K->152139K(431300K), 0.0014910 secs] [Times: user=0.01 sys=0.00, real=0.00 secs] 
117.673: Total time for which application threads were stopped: 0.0016230 seconds, Stopping threads took: 0.0000680 seconds
117.728: Application time: 0.0547030 seconds
117.728: [GC117.728: [ParNew: 37490K->4112K(37568K), 0.0020750 secs] 185471K->154142K(431300K), 0.0021210 secs] [Times: user=0.01 sys=0.01, real=0.00 secs] 
117.730: Total time for which application threads were stopped: 0.0022630 seconds, Stopping threads took: 0.0000660 seconds
117.791: Application time: 0.0604320 seconds
117.791: [GC117.791: [ParNew: 37086K->4142K(37568K), 0.0024160 secs] 187117K->157244K(431300K), 0.0024570 secs] [Times: user=0.02 sys=0.00, real=0.00 secs] 
117.793: Total time for which application threads were stopped: 0.0025880 seconds, Stopping threads took: 0.0000640 seconds
117.855: Application time: 0.0617160 seconds
117.855: [GC117.855: [ParNew: 37550K->4158K(37568K), 0.0020950 secs] 190652K->159449K(431300K), 0.0021360 secs] [Times: user=0.01 sys=0.00, real=0.01 secs] 
117.858: Total time for which application threads were stopped: 0.0023460 seconds, Stopping threads took: 0.0001200 seconds
117.918: Application time: 0.0605740 seconds
117.918: [GC117.918: [ParNew: 36873K->4133K(37568K), 0.0013680 secs] 192163K->159454K(431300K), 0.0014110 secs] [Times: user=0.01 sys=0.00, real=0.00 secs] 
117.920: Total time for which application threads were stopped: 0.0015600 seconds, Stopping threads took: 0.0000840 seconds
117.982: Application time: 0.0620770 seconds
117.982: [GC117.982: [ParNew: 37025K->4146K(37568K), 0.0016200 secs] 192346K->160491K(431300K), 0.0016570 secs] [Times: user=0.01 sys=0.00, real=0.00 secs] 
117.984: Total time for which application threads were stopped: 0.0017790 seconds, Stopping threads took: 0.0000590 seconds
118.041: Application time: 0.0573070 seconds
118.041: [GC118.041: [ParNew: 37071K->4140K(37568K), 0.0024410 secs] 193416K->163586K(431300K), 0.0024840 secs] [Times: user=0.02 sys=0.00, real=0.00 secs] 
118.043: Total time for which application threads were stopped: 0.0026150 seconds, Stopping threads took: 0.0000620 seconds
118.108: Application time: 0.0645390 seconds
118.108: [GC118.108: [ParNew: 37106K->4130K(37568K), 0.0020020 secs] 196552K->165652K(431300K), 0.0020420 secs] [Times: user=0.02 sys=0.00, real=0.00 secs] 
118.110: Total time for which application threads were stopped: 0.0021900 seconds, Stopping threads took: 0.0000840 seconds
118.170: Application time: 0.0600370 seconds
118.170: [GC118.170: [ParNew: 36844K->4132K(37568K), 0.0016790 secs] 198366K->166678K(431300K), 0.0017150 secs] [Times: user=0.01 sys=0.00, real=0.00 secs] 
118.172: Total time for which application threads were stopped: 0.0018470 seconds, Stopping threads took: 0.0000650 seconds
118.235: Application time: 0.0627230 seconds
118.235: [GC118.235: [ParNew: 36934K->3128K(37568K), 0.0012600 secs] 199480K->165674K(431300K), 0.0012950 secs] [Times: user=0.01 sys=0.00, real=0.00 secs] 
118.236: Total time for which application threads were stopped: 0.0014360 seconds, Stopping threads took: 0.0000670 seconds
118.295: Application time: 0.0590490 seconds
118.295: [GC118.295: [ParNew: 35665K->4116K(37568K), 0.0017220 secs] 198211K->167687K(431300K), 0.0017610 secs] [Times: user=0.01 sys=0.00, real=0.01 secs] 
118.297: Total time for which application threads were stopped: 0.0019130 seconds, Stopping threads took: 0.0000860 seconds
118.361: Application time: 0.0636180 seconds
118.361: [GC118.361: [ParNew: 36776K->3117K(37568K), 0.0011660 secs] 200347K->166687K(431300K), 0.0012010 secs] [Times: user=0.01 sys=0.00, real=0.00 secs] 
118.362: Total time for which application threads were stopped: 0.0013170 seconds, Stopping threads took: 0.0000560 seconds
118.416: Application time: 0.0542450 seconds
118.416: [GC118.416: [ParNew: 36415K->4112K(37568K), 0.0022790 secs] 199986K->170754K(431300K), 0.0023200 secs] [Times: user=0.02 sys=0.00, real=0.00 secs] 
118.419: Total time for which application threads were stopped: 0.0024520 seconds, Stopping threads took: 0.0000650 seconds
118.481: Application time: 0.0617280 seconds
118.481: [GC118.481: [ParNew: 37151K->4140K(37568K), 0.0022550 secs] 203794K->173854K(431300K), 0.0022990 secs] [Times: user=0.02 sys=0.00, real=0.00 secs] 
118.483: Total time for which application threads were stopped: 0.0024300 seconds, Stopping threads took: 0.0000620 seconds
118.543: Application time: 0.0599160 seconds
118.543: [GC118.543: [ParNew: 37533K->4159K(37568K), 0.0018180 secs] 207247K->175057K(431300K), 0.0018540 secs] [Times: user=0.01 sys=0.00, real=0.01 secs] 
118.545: Total time for which application threads were stopped: 0.0019770 seconds, Stopping threads took: 0.0000580 seconds
118.608: Application time: 0.0627180 seconds
118.608: [GC118.608: [ParNew: 36950K->4113K(37568K), 0.0016970 secs] 207848K->176049K(431300K), 0.0017360 secs] [Times: user=0.01 sys=0.00, real=0.00 secs] 
118.609: Total time for which application threads were stopped: 0.0018600 seconds, Stopping threads took: 0.0000580 seconds
118.666: Application time: 0.0563450 seconds
118.666: [GC118.666: [ParNew: 36829K->4144K(37568K), 0.0020210 secs] 208766K->178128K(431300K), 0.0020610 secs] [Times: user=0.02 sys=0.00, real=0.00 secs] 
118.668: Total time for which application threads were stopped: 0.0021980 seconds, Stopping threads took: 0.0000700 seconds
118.733: Application time: 0.0648150 seconds
118.733: [GC118.733: [ParNew: 37222K->4138K(37568K), 0.0022830 secs] 211206K->181223K(431300K), 0.0023300 secs] [Times: user=0.01 sys=0.00, real=0.00 secs] 
118.735: Total time for which application threads were stopped: 0.0024500 seconds, Stopping threads took: 0.0000550 seconds
118.794: Application time: 0.0587260 seconds
118.794: [GC118.794: [ParNew: 36999K->4114K(37568K), 0.0022830 secs] 214085K->184299K(431300K), 0.0023200 secs] [Times: user=0.02 sys=0.00, real=0.01 secs] 
118.796: Total time for which application threads were stopped: 0.0024550 seconds, Stopping threads took: 0.0000570 seconds
118.797: Application time: 0.0000710 seconds
118.797: [GC [1 CMS-initial-mark: 180185K(393732K)] 185323K(431300K), 0.0001280 secs] [Times: user=0.00 sys=0.00, real=0.00 secs] 
118.797: Total time for which application threads were stopped: 0.0002990 seconds, Stopping threads took: 0.0001500 seconds
118.797: [CMS-concurrent-mark-start]
118.799: [CMS-concurrent-mark: 0.003/0.003 secs] [Times: user=0.00 sys=0.00, real=0.00 secs] 
118.799: [CMS-concurrent-preclean-start]
118.800: [CMS-concurrent-preclean: 0.001/0.001 secs] [Times: user=0.00 sys=0.00, real=0.00 secs] 
118.800: [CMS-concurrent-abortable-preclean-start]
118.860: Application time: 0.0636730 seconds
118.861: [GC118.861: [ParNew: 36990K->4112K(37568K), 0.0018380 secs] 217176K->185321K(431300K), 0.0018780 secs] [Times: user=0.02 sys=0.00, real=0.00 secs] 
118.863: Total time for which application threads were stopped: 0.0020490 seconds, Stopping threads took: 0.0001010 seconds
118.928: Application time: 0.0652140 seconds
118.928: [GC118.928: [ParNew: 37054K->4148K(37568K), 0.0016420 secs] 218264K->186382K(431300K), 0.0016830 secs] [Times: user=0.01 sys=0.00, real=0.00 secs] 
118.930: Total time for which application threads were stopped: 0.0018410 seconds, Stopping threads took: 0.0000920 seconds
118.992: Application time: 0.0622740 seconds
118.992: [GC118.992: [ParNew: 36876K->3130K(37568K), 0.0011900 secs] 219110K->185363K(431300K), 0.0012270 secs] [Times: user=0.01 sys=0.00, real=0.00 secs] 
118.993: Total time for which application threads were stopped: 0.0013540 seconds, Stopping threads took: 0.0000660 seconds
119.054: Application time: 0.0609740 seconds
119.054: [GC119.054: [ParNew: 36538K->2126K(37568K), 0.0008970 secs] 218771K->184360K(431300K), 0.0009310 secs] [Times: user=0.00 sys=0.00, real=0.00 secs] 
119.055: Total time for which application threads were stopped: 0.0010550 seconds, Stopping threads took: 0.0000660 seconds
119.109: Application time: 0.0535350 seconds
119.109: [GC119.109: [ParNew: 35242K->4110K(37568K), 0.0023350 secs] 217476K->189415K(431300K), 0.0023790 secs] [Times: user=0.02 sys=0.00, real=0.00 secs] 
119.111: Total time for which application threads were stopped: 0.0025110 seconds, Stopping threads took: 0.0000640 seconds
119.171: Application time: 0.0595650 seconds
119.171: [GC119.171: [ParNew: 37093K->4142K(37568K), 0.0022560 secs] 222399K->192520K(431300K), 0.0022970 secs] [Times: user=0.02 sys=0.00, real=0.00 secs] 
119.173: Total time for which application threads were stopped: 0.0024380 seconds, Stopping threads took: 0.0000740 seconds
119.235: Application time: 0.0619560 seconds
119.235: [GC119.235: [ParNew: 37550K->4159K(37568K), 0.0020410 secs] 225928K->194710K(431300K), 0.0020840 secs] [Times: user=0.01 sys=0.00, real=0.01 secs] 
119.238: Total time for which application threads were stopped: 0.0022570 seconds, Stopping threads took: 0.0001040 seconds
119.301: Application time: 0.0634490 seconds
119.301: [GC119.301: [ParNew: 37103K->4133K(37568K), 0.0018050 secs] 227654K->195754K(431300K), 0.0018460 secs] [Times: user=0.01 sys=0.00, real=0.00 secs] 
119.303: Total time for which application threads were stopped: 0.0020100 seconds, Stopping threads took: 0.0000920 seconds
119.362: Application time: 0.0585310 seconds
119.362: [GC119.362: [ParNew: 36989K->4140K(37568K), 0.0022690 secs] 228610K->198833K(431300K), 0.0023220 secs] [Times: user=0.02 sys=0.00, real=0.00 secs] 
119.364: Total time for which application threads were stopped: 0.0024580 seconds, Stopping threads took: 0.0000650 seconds
119.428: Application time: 0.0635850 seconds
119.428: [GC119.428: [ParNew: 37189K->4141K(37568K), 0.0019770 secs] 231882K->200911K(431300K), 0.0020210 secs] [Times: user=0.02 sys=0.00, real=0.00 secs] 
119.430: Total time for which application threads were stopped: 0.0021880 seconds, Stopping threads took: 0.0001020 seconds
119.492: Application time: 0.0624230 seconds
119.492: [GC119.492: [ParNew: 37033K->4130K(37568K), 0.0018640 secs] 233803K->202976K(431300K), 0.0019070 secs] [Times: user=0.01 sys=0.00, real=0.00 secs] 
119.494: Total time for which application threads were stopped: 0.0020450 seconds, Stopping threads took: 0.0000730 seconds
119.555: Application time: 0.0611740 seconds
119.556: [GC119.556: [ParNew: 36940K->4135K(37568K), 0.0014860 secs] 235787K->202981K(431300K), 0.0015240 secs] [Times: user=0.01 sys=0.00, real=0.01 secs] 
119.557: Total time for which application threads were stopped: 0.0016970 seconds, Stopping threads took: 0.0001070 seconds
119.620: Application time: 0.0627940 seconds
119.620: [GC119.620: [ParNew: 36876K->3127K(37568K), 0.0011440 secs] 235723K->201974K(431300K), 0.0011780 secs] [Times: user=0.01 sys=0.00, real=0.00 secs] 
119.621: Total time for which application threads were stopped: 0.0013080 seconds, Stopping threads took: 0.0000690 seconds
119.684: Application time: 0.0627360 seconds
119.684: [GC119.684: [ParNew: 35869K->4138K(37568K), 0.0013630 secs] 234715K->202984K(431300K), 0.0014050 secs] [Times: user=0.01 sys=0.00, real=0.01 secs] 
119.686: Total time for which application threads were stopped: 0.0015530 seconds, Stopping threads took: 0.0000800 seconds
119.746: Application time: 0.0603000 seconds
119.746: [GC119.746: [ParNew: 37546K->4143K(37568K), 0.0014830 secs] 236392K->202989K(431300K), 0.0015200 secs] [Times: user=0.01 sys=0.00, real=0.00 secs] 
119.747: Total time for which application threads were stopped: 0.0016620 seconds, Stopping threads took: 0.0000820 seconds
119.804: Application time: 0.0563320 seconds
119.804: [GC119.804: [ParNew: 37472K->4134K(37568K), 0.0017580 secs] 236319K->204005K(431300K), 0.0017960 secs] [Times: user=0.01 sys=0.00, real=0.01 secs] 
119.806: Total time for which application threads were stopped: 0.0019320 seconds, Stopping threads took: 0.0000600 seconds
119.864: Application time: 0.0578650 seconds
119.864: [GC119.864: [ParNew: 37062K->4157K(37568K), 0.0019680 secs] 236932K->206092K(431300K), 0.0020070 secs] [Times: user=0.01 sys=0.00, real=0.01 secs] 
119.866: Total time for which application threads were stopped: 0.0021610 seconds, Stopping threads took: 0.0000900 seconds
119.928: Application time: 0.0624580 seconds
119.928: [GC119.928: [ParNew: 37472K->4156K(37568K), 0.0017600 secs] 239406K->207244K(431300K), 0.0017960 secs] [Times: user=0.01 sys=0.00, real=0.00 secs] 
119.930: Total time for which application threads were stopped: 0.0019290 seconds, Stopping threads took: 0.0000680 seconds
119.991: Application time: 0.0610650 seconds
119.991: [GC119.991: [ParNew: 36977K->4117K(37568K), 0.0019800 secs] 240064K->209279K(431300K), 0.0020220 secs] [Times: user=0.01 sys=0.00, real=0.00 secs] 
119.993: Total time for which application threads were stopped: 0.0021680 seconds, Stopping threads took: 0.0000850 seconds
120.055: Application time: 0.0620600 seconds
120.056: [GC120.056: [ParNew: 37056K->4143K(37568K), 0.0022280 secs] 242218K->212377K(431300K), 0.0022690 secs] [Times: user=0.01 sys=0.00, real=0.01 secs] 
120.058: Total time for which application threads were stopped: 0.0024030 seconds, Stopping threads took: 0.0000700 seconds
120.118: Application time: 0.0598560 seconds
120.118: [GC120.118: [ParNew: 37142K->4140K(37568K), 0.0022870 secs] 245376K->215474K(431300K), 0.0023320 secs] [Times: user=0.02 sys=0.00, real=0.00 secs] 
120.120: Total time for which application threads were stopped: 0.0025040 seconds, Stopping threads took: 0.0000940 seconds
120.184: Application time: 0.0638330 seconds
120.184: [GC120.184: [ParNew: 37057K->4130K(37568K), 0.0021070 secs] 248391K->217541K(431300K), 0.0021500 secs] [Times: user=0.02 sys=0.01, real=0.01 secs] 
120.186: Total time for which application threads were stopped: 0.0023000 seconds, Stopping threads took: 0.0000800 seconds
120.252: Application time: 0.0656910 seconds
120.252: [GC120.252: [ParNew: 37073K->4151K(37568K), 0.0014000 secs] 250484K->217562K(431300K), 0.0014370 secs] [Times: user=0.00 sys=0.00, real=0.00 secs] 
120.254: Total time for which application threads were stopped: 0.0015680 seconds, Stopping threads took: 0.0000680 seconds
120.314: Application time: 0.0604960 seconds
120.314: [GC120.314: [ParNew: 36803K->4158K(37568K), 0.0013890 secs] 250214K->217569K(431300K), 0.0014250 secs] [Times: user=0.01 sys=0.00, real=0.00 secs] 
120.316: Total time for which application threads were stopped: 0.0015670 seconds, Stopping threads took: 0.0000670 seconds
120.378: Application time: 0.0622080 seconds
120.378: [GC120.378: [ParNew: 36782K->3112K(37568K), 0.0011900 secs] 250193K->216524K(431300K), 0.0012250 secs] [Times: user=0.00 sys=0.00, real=0.00 secs] 
120.379: Total time for which application threads were stopped: 0.0013480 seconds, Stopping threads took: 0.0000610 seconds
120.438: Application time: 0.0586010 seconds
120.438: [GC120.438: [ParNew: 36520K->4133K(37568K), 0.0017440 secs] 249932K->218568K(431300K), 0.0017840 secs] [Times: user=0.01 sys=0.00, real=0.00 secs] 
120.440: Total time for which application threads were stopped: 0.0019250 seconds, Stopping threads took: 0.0000750 seconds
120.499: Application time: 0.0587740 seconds
120.499: [GC120.499: [ParNew: 36677K->4116K(37568K), 0.0019790 secs] 251112K->220599K(431300K), 0.0020210 secs] [Times: user=0.01 sys=0.00, real=0.00 secs] 
120.501: Total time for which application threads were stopped: 0.0021450 seconds, Stopping threads took: 0.0000570 seconds
120.559: Application time: 0.0585850 seconds
120.561: [GC120.561: [ParNew: 37028K->4154K(37568K), 0.0019570 secs] 253511K->221693K(431300K), 0.0019920 secs] [Times: user=0.01 sys=0.00, real=0.00 secs] 
120.563: Total time for which application threads were stopped: 0.0032150 seconds, Stopping threads took: 0.0011370 seconds
120.628: Application time: 0.0652970 seconds
120.628: [GC120.628: [ParNew: 37504K->3225K(37568K), 0.0012890 secs] 255043K->220790K(431300K), 0.0013240 secs] [Times: user=0.01 sys=0.00, real=0.00 secs] 
120.629: Total time for which application threads were stopped: 0.0014710 seconds, Stopping threads took: 0.0000830 seconds
120.685: Application time: 0.0553720 seconds
120.685: [GC120.685: [ParNew: 35782K->4118K(37568K), 0.0021720 secs] 253346K->223845K(431300K), 0.0022140 secs] [Times: user=0.02 sys=0.00, real=0.00 secs] 
120.687: Total time for which application threads were stopped: 0.0023810 seconds, Stopping threads took: 0.0001020 seconds
120.750: Application time: 0.0630750 seconds
120.750: [GC120.750: [ParNew: 37172K->4140K(37568K), 0.0022670 secs] 256898K->226938K(431300K), 0.0023080 secs] [Times: user=0.02 sys=0.00, real=0.00 secs] 
120.753: Total time for which application threads were stopped: 0.0024310 seconds, Stopping threads took: 0.0000570 seconds
120.812: Application time: 0.0589950 seconds
120.812: [GC120.812: [ParNew: 37084K->4140K(37568K), 0.0023600 secs] 259882K->230039K(431300K), 0.0024020 secs] [Times: user=0.02 sys=0.00, real=0.00 secs] 
120.814: Total time for which application threads were stopped: 0.0025630 seconds, Stopping threads took: 0.0000930 seconds
120.877: Application time: 0.0627240 seconds
120.877: [GC120.877: [ParNew: 37115K->4132K(37568K), 0.0017480 secs] 263014K->231083K(431300K), 0.0017840 secs] [Times: user=0.01 sys=0.00, real=0.00 secs] 
120.879: Total time for which application threads were stopped: 0.0019210 seconds, Stopping threads took: 0.0000630 seconds
120.943: Application time: 0.0646230 seconds
120.944: [GC120.944: [ParNew: 37031K->4132K(37568K), 0.0020450 secs] 263983K->233131K(431300K), 0.0020920 secs] [Times: user=0.01 sys=0.00, real=0.01 secs] 
120.946: Total time for which application threads were stopped: 0.0022290 seconds, Stopping threads took: 0.0000710 seconds
121.007: Application time: 0.0613580 seconds
121.007: [GC121.007: [ParNew: 36756K->4132K(37568K), 0.0014370 secs] 265755K->233131K(431300K), 0.0014710 secs] [Times: user=0.01 sys=0.00, real=0.00 secs] 
121.009: Total time for which application threads were stopped: 0.0016000 seconds, Stopping threads took: 0.0000640 seconds
121.069: Application time: 0.0608180 seconds
121.070: [GC121.070: [ParNew: 36611K->3129K(37568K), 0.0011830 secs] 265611K->232128K(431300K), 0.0012160 secs] [Times: user=0.01 sys=0.00, real=0.00 secs] 
121.071: Total time for which application threads were stopped: 0.0013520 seconds, Stopping threads took: 0.0000720 seconds
121.130: Application time: 0.0595130 seconds
121.130: [GC121.130: [ParNew: 36537K->4134K(37568K), 0.0015850 secs] 265536K->234157K(431300K), 0.0016240 secs] [Times: user=0.01 sys=0.00, real=0.00 secs] 
121.132: Total time for which application threads were stopped: 0.0017780 seconds, Stopping threads took: 0.0000900 seconds
121.192: Application time: 0.0602910 seconds
121.192: [GC121.192: [ParNew: 36908K->4116K(37568K), 0.0018340 secs] 266931K->235163K(431300K), 0.0018720 secs] [Times: user=0.01 sys=0.00, real=0.00 secs] 
121.194: Total time for which application threads were stopped: 0.0019860 seconds, Stopping threads took: 0.0000560 seconds
121.252: Application time: 0.0580260 seconds
121.252: [GC121.252: [ParNew: 37068K->4158K(37568K), 0.0020810 secs] 268115K->237281K(431300K), 0.0021220 secs] [Times: user=0.01 sys=0.00, real=0.00 secs] 
121.255: Total time for which application threads were stopped: 0.0022570 seconds, Stopping threads took: 0.0000670 seconds
121.319: Application time: 0.0640760 seconds
121.319: [GC121.319: [ParNew: 37504K->4158K(37568K), 0.0014460 secs] 270627K->237382K(431300K), 0.0014810 secs] [Times: user=0.01 sys=0.00, real=0.00 secs] 
121.320: Total time for which application threads were stopped: 0.0016100 seconds, Stopping threads took: 0.0000570 seconds
121.376: Application time: 0.0560250 seconds
121.376: [GC121.376: [ParNew: 36634K->4116K(37568K), 0.0018290 secs] 269859K->238407K(431300K), 0.0018660 secs] [Times: user=0.02 sys=0.00, real=0.00 secs] 
121.378: Total time for which application threads were stopped: 0.0019960 seconds, Stopping threads took: 0.0000660 seconds
121.443: Application time: 0.0644410 seconds
121.443: [GC121.443: [ParNew: 37196K->4144K(37568K), 0.0017150 secs] 271487K->239458K(431300K), 0.0017540 secs] [Times: user=0.01 sys=0.00, real=0.01 secs] 
121.445: Total time for which application threads were stopped: 0.0019020 seconds, Stopping threads took: 0.0000820 seconds
121.504: Application time: 0.0592120 seconds
121.504: [GC121.504: [ParNew: 37066K->4144K(37568K), 0.0020750 secs] 272381K->241535K(431300K), 0.0021190 secs] [Times: user=0.02 sys=0.00, real=0.01 secs] 
121.506: Total time for which application threads were stopped: 0.0022530 seconds, Stopping threads took: 0.0000640 seconds
121.572: Application time: 0.0656600 seconds
121.572: [GC121.572: [ParNew: 37169K->3106K(37568K), 0.0012680 secs] 274560K->240525K(431300K), 0.0013040 secs] [Times: user=0.01 sys=0.00, real=0.00 secs] 
121.573: Total time for which application threads were stopped: 0.0014200 seconds, Stopping threads took: 0.0000520 seconds
121.633: Application time: 0.0594350 seconds
121.633: [GC121.633: [ParNew: 35808K->4130K(37568K), 0.0018230 secs] 273227K->242573K(431300K), 0.0018590 secs] [Times: user=0.01 sys=0.00, real=0.00 secs] 
121.635: Total time for which application threads were stopped: 0.0020640 seconds, Stopping threads took: 0.0001390 seconds
121.699: Application time: 0.0637680 seconds
121.699: [GC121.699: [ParNew: 36886K->2083K(37568K), 0.0009880 secs] 275329K->240527K(431300K), 0.0010220 secs] [Times: user=0.01 sys=0.00, real=0.00 secs] 
121.700: Total time for which application threads were stopped: 0.0011550 seconds, Stopping threads took: 0.0000640 seconds
121.757: Application time: 0.0572970 seconds
121.757: [GC121.757: [ParNew: 35169K->3102K(37568K), 0.0011700 secs] 273613K->241546K(431300K), 0.0012050 secs] [Times: user=0.01 sys=0.00, real=0.00 secs] 
121.758: Total time for which application threads were stopped: 0.0013290 seconds, Stopping threads took: 0.0000640 seconds
121.812: Application time: 0.0538330 seconds
121.812: [GC121.812: [ParNew: 36510K->4115K(37568K), 0.0022740 secs] 274954K->245631K(431300K), 0.0023200 secs] [Times: user=0.01 sys=0.00, real=0.00 secs] 
121.815: Total time for which application threads were stopped: 0.0024590 seconds, Stopping threads took: 0.0000700 seconds
121.878: Application time: 0.0629680 seconds
121.878: [GC121.878: [ParNew: 37121K->4112K(37568K), 0.0023410 secs] 278636K->248700K(431300K), 0.0023870 secs] [Times: user=0.01 sys=0.00, real=0.00 secs] 
121.880: Total time for which application threads were stopped: 0.0025230 seconds, Stopping threads took: 0.0000660 seconds
121.943: Application time: 0.0630600 seconds
121.943: [GC121.943: [ParNew: 37289K->4158K(37568K), 0.0019220 secs] 281877K->250810K(431300K), 0.0019620 secs] [Times: user=0.01 sys=0.00, real=0.01 secs] 
121.945: Total time for which application threads were stopped: 0.0020930 seconds, Stopping threads took: 0.0000710 seconds
122.004: Application time: 0.0591180 seconds
122.004: [GC122.005: [ParNew: 37437K->4159K(37568K), 0.0021200 secs] 284089K->252964K(431300K), 0.0021580 secs] [Times: user=0.02 sys=0.00, real=0.00 secs] 
122.007: Total time for which application threads were stopped: 0.0023020 seconds, Stopping threads took: 0.0000670 seconds
122.070: Application time: 0.0632770 seconds
122.070: [GC122.070: [ParNew: 37060K->4130K(37568K), 0.0020750 secs] 285865K->255033K(431300K), 0.0021150 secs] [Times: user=0.02 sys=0.00, real=0.00 secs] 
122.072: Total time for which application threads were stopped: 0.0022770 seconds, Stopping threads took: 0.0000940 seconds
122.136: Application time: 0.0639120 seconds
122.136: [GC122.136: [ParNew: 37149K->4143K(37568K), 0.0019090 secs] 288052K->257094K(431300K), 0.0019470 secs] [Times: user=0.01 sys=0.00, real=0.01 secs] 
122.138: Total time for which application threads were stopped: 0.0020730 seconds, Stopping threads took: 0.0000620 seconds
122.197: Application time: 0.0584440 seconds
122.197: [GC122.197: [ParNew: 36941K->4158K(37568K), 0.0020040 secs] 289893K->259187K(431300K), 0.0020430 secs] [Times: user=0.02 sys=0.00, real=0.00 secs] 
122.199: Total time for which application threads were stopped: 0.0021780 seconds, Stopping threads took: 0.0000670 seconds
122.262: Application time: 0.0631100 seconds
122.262: [GC122.262: [ParNew: 37062K->4114K(37568K), 0.0021630 secs] 292091K->261219K(431300K), 0.0022110 secs] [Times: user=0.02 sys=0.00, real=0.01 secs] 
122.264: Total time for which application threads were stopped: 0.0023710 seconds, Stopping threads took: 0.0000930 seconds
122.328: Application time: 0.0634160 seconds
122.328: [GC122.328: [ParNew: 36888K->4137K(37568K), 0.0017320 secs] 293993K->262266K(431300K), 0.0017720 secs] [Times: user=0.01 sys=0.00, real=0.00 secs] 
122.330: Total time for which application threads were stopped: 0.0019040 seconds, Stopping threads took: 0.0000630 seconds
122.390: Application time: 0.0608180 seconds
122.391: [GC122.391: [ParNew: 36698K->3131K(37568K), 0.0012390 secs] 294828K->261260K(431300K), 0.0012750 secs] [Times: user=0.01 sys=0.00, real=0.00 secs] 
122.392: Total time for which application threads were stopped: 0.0014360 seconds, Stopping threads took: 0.0000960 seconds
122.453: Application time: 0.0607220 seconds
122.453: [GC122.453: [ParNew: 36539K->4139K(37568K), 0.0013490 secs] 294668K->262268K(431300K), 0.0013860 secs] [Times: user=0.01 sys=0.00, real=0.00 secs] 
122.454: Total time for which application threads were stopped: 0.0015080 seconds, Stopping threads took: 0.0000610 seconds
122.510: Application time: 0.0560320 seconds
122.510: [GC122.510: [ParNew: 37492K->4116K(37568K), 0.0021110 secs] 295621K->264293K(431300K), 0.0021580 secs] [Times: user=0.01 sys=0.00, real=0.00 secs] 
122.512: Total time for which application threads were stopped: 0.0022990 seconds, Stopping threads took: 0.0000700 seconds
122.567: Application time: 0.0548110 seconds
122.567: [GC122.567: [ParNew: 36866K->4112K(37568K), 0.0023280 secs] 297044K->267361K(431300K), 0.0023700 secs] [Times: user=0.02 sys=0.00, real=0.00 secs] 
122.570: Total time for which application threads were stopped: 0.0025210 seconds, Stopping threads took: 0.0000830 seconds
122.635: Application time: 0.0654070 seconds
122.635: [GC122.635: [ParNew: 37337K->4156K(37568K), 0.0016960 secs] 300587K->268445K(431300K), 0.0017360 secs] [Times: user=0.01 sys=0.00, real=0.01 secs] 
122.637: Total time for which application threads were stopped: 0.0018810 seconds, Stopping threads took: 0.0000780 seconds
122.697: Application time: 0.0599640 seconds
122.697: [GC122.697: [ParNew: 37475K->4158K(37568K), 0.0023310 secs] 301765K->271625K(431300K), 0.0023690 secs] [Times: user=0.02 sys=0.00, real=0.00 secs] 
122.700: Total time for which application threads were stopped: 0.0024960 seconds, Stopping threads took: 0.0000610 seconds
122.761: Application time: 0.0612330 seconds
122.761: [GC122.761: [ParNew: 37037K->4132K(37568K), 0.0020190 secs] 304504K->273697K(431300K), 0.0020610 secs] [Times: user=0.02 sys=0.00, real=0.00 secs] 
122.763: Total time for which application threads were stopped: 0.0021980 seconds, Stopping threads took: 0.0000670 seconds
122.827: Application time: 0.0643520 seconds
122.827: [GC122.827: [ParNew: 37117K->4145K(37568K), 0.0016360 secs] 306682K->274734K(431300K), 0.0016740 secs] [Times: user=0.01 sys=0.00, real=0.00 secs] 
122.829: Total time for which application threads were stopped: 0.0018010 seconds, Stopping threads took: 0.0000620 seconds
122.890: Application time: 0.0613380 seconds
122.891: [GC122.891: [ParNew: 37112K->4146K(37568K), 0.0020050 secs] 307701K->276811K(431300K), 0.0020460 secs] [Times: user=0.01 sys=0.00, real=0.00 secs] 
122.893: Total time for which application threads were stopped: 0.0021710 seconds, Stopping threads took: 0.0000580 seconds
122.952: Application time: 0.0597380 seconds
122.953: [GC122.953: [ParNew: 36838K->4118K(37568K), 0.0020880 secs] 309503K->278860K(431300K), 0.0021230 secs] [Times: user=0.02 sys=0.00, real=0.00 secs] 
122.955: Total time for which application threads were stopped: 0.0022620 seconds, Stopping threads took: 0.0000710 seconds
123.020: Application time: 0.0654790 seconds
123.020: [GC123.020: [ParNew: 37100K->4131K(37568K), 0.0016870 secs] 311842K->279897K(431300K), 0.0017300 secs] [Times: user=0.01 sys=0.00, real=0.00 secs] 
123.022: Total time for which application threads were stopped: 0.0018750 seconds, Stopping threads took: 0.0000680 seconds
123.085: Application time: 0.0634020 seconds
123.086: [GC123.086: [ParNew: 36937K->3114K(37568K), 0.0011290 secs] 312703K->278880K(431300K), 0.0011650 secs] [Times: user=0.00 sys=0.00, real=0.00 secs] 
123.087: Total time for which application threads were stopped: 0.0013000 seconds, Stopping threads took: 0.0000690 seconds
123.146: Application time: 0.0589430 seconds
123.146: [GC123.146: [ParNew: 36290K->2107K(37568K), 0.0009010 secs] 312056K->277873K(431300K), 0.0009360 secs] [Times: user=0.01 sys=0.00, real=0.00 secs] 
123.147: Total time for which application threads were stopped: 0.0010480 seconds, Stopping threads took: 0.0000570 seconds
123.201: Application time: 0.0543350 seconds
123.201: [GC123.201: [ParNew: 35482K->4110K(37568K), 0.0023670 secs] 311248K->282948K(431300K), 0.0024070 secs] [Times: user=0.02 sys=0.00, real=0.00 secs] 
123.204: Total time for which application threads were stopped: 0.0025330 seconds, Stopping threads took: 0.0000610 seconds
123.263: Application time: 0.0598680 seconds
123.264: [GC123.264: [ParNew: 36913K->4134K(37568K), 0.0019790 secs] 315751K->285020K(431300K), 0.0020240 secs] [Times: user=0.01 sys=0.00, real=0.01 secs] 
123.266: Total time for which application threads were stopped: 0.0021540 seconds, Stopping threads took: 0.0000620 seconds
123.326: Application time: 0.0602670 seconds
123.326: [GC123.326: [ParNew: 37265K->4159K(37568K), 0.0020490 secs] 318151K->287134K(431300K), 0.0020990 secs] [Times: user=0.02 sys=0.00, real=0.00 secs] 
123.328: Total time for which application threads were stopped: 0.0022360 seconds, Stopping threads took: 0.0000690 seconds
123.393: Application time: 0.0646260 seconds
123.393: [GC123.393: [ParNew: 37438K->4152K(37568K), 0.0019390 secs] 320413K->289268K(431300K), 0.0019830 secs] [Times: user=0.01 sys=0.00, real=0.00 secs] 
123.395: Total time for which application threads were stopped: 0.0021190 seconds, Stopping threads took: 0.0000690 seconds
123.454: Application time: 0.0594940 seconds
123.454: [GC123.455: [ParNew: 36993K->4115K(37568K), 0.0020200 secs] 322109K->291316K(431300K), 0.0020640 secs] [Times: user=0.01 sys=0.00, real=0.01 secs] 
123.457: Total time for which application threads were stopped: 0.0022030 seconds, Stopping threads took: 0.0000700 seconds
123.519: Application time: 0.0625530 seconds
123.519: [GC123.519: [ParNew: 37113K->4158K(37568K), 0.0016860 secs] 324315K->292385K(431300K), 0.0017260 secs] [Times: user=0.01 sys=0.00, real=0.00 secs] 
123.521: Total time for which application threads were stopped: 0.0018500 seconds, Stopping threads took: 0.0000560 seconds
123.581: Application time: 0.0604020 seconds
123.582: [GC123.582: [ParNew: 37064K->4144K(37568K), 0.0021340 secs] 325290K->294447K(431300K), 0.0021760 secs] [Times: user=0.02 sys=0.00, real=0.00 secs] 
123.584: Total time for which application threads were stopped: 0.0023220 seconds, Stopping threads took: 0.0000700 seconds
123.648: Application time: 0.0642940 seconds
123.648: [GC123.648: [ParNew: 37070K->4134K(37568K), 0.0017430 secs] 327374K->295490K(431300K), 0.0017850 secs] [Times: user=0.01 sys=0.00, real=0.00 secs] 
123.650: Total time for which application threads were stopped: 0.0019180 seconds, Stopping threads took: 0.0000650 seconds
123.710: Application time: 0.0598700 seconds
123.710: [GC123.710: [ParNew: 36833K->4146K(37568K), 0.0018280 secs] 328188K->296526K(431300K), 0.0018670 secs] [Times: user=0.01 sys=0.00, real=0.00 secs] 
123.712: Total time for which application threads were stopped: 0.0020050 seconds, Stopping threads took: 0.0000680 seconds
123.776: Application time: 0.0643020 seconds
123.776: [GC123.776: [ParNew: 36955K->3128K(37568K), 0.0026390 secs] 329335K->295508K(431300K), 0.0026790 secs] [Times: user=0.01 sys=0.00, real=0.01 secs] 
123.779: Total time for which application threads were stopped: 0.0028160 seconds, Stopping threads took: 0.0000730 seconds
123.840: Application time: 0.0613700 seconds
123.840: [GC123.840: [ParNew: 36527K->2120K(37568K), 0.0008610 secs] 328907K->294499K(431300K), 0.0008930 secs] [Times: user=0.01 sys=0.00, real=0.00 secs] 
123.841: Total time for which application threads were stopped: 0.0010200 seconds, Stopping threads took: 0.0000650 seconds
 CMS: abort preclean due to time 123.842: [CMS-concurrent-abortable-preclean: 0.068/5.042 secs] [Times: user=39.80 sys=0.03, real=5.04 secs] 
123.842: Application time: 0.0004940 seconds
123.842: [GC[YG occupancy: 2203 K (37568 K)]123.842: [Rescan (parallel) , 0.0002270 secs]123.842: [weak refs processing, 0.0000060 secs]123.842: [scrub string table, 0.0000930 secs] [1 CMS-remark: 292379K(393732K)] 294583K(431300K), 0.0003490 secs] [Times: user=0.00 sys=0.00, real=0.00 secs] 
123.842: Total time for which application threads were stopped: 0.0004270 seconds, Stopping threads took: 0.0000560 seconds
123.842: [CMS-concurrent-sweep-start]
123.843: [CMS-concurrent-sweep: 0.001/0.001 secs] [Times: user=0.00 sys=0.00, real=0.00 secs] 
123.843: [CMS-concurrent-reset-start]
123.846: [CMS-concurrent-reset: 0.002/0.002 secs] [Times: user=0.02 sys=0.00, real=0.01 secs] 
123.899: Application time: 0.0570940 seconds
123.899: [GC123.899: [ParNew: 35397K->4122K(37568K), 0.0016380 secs] 154249K->123998K(431300K), 0.0016730 secs] [Times: user=0.01 sys=0.00, real=0.00 secs] 
123.901: Total time for which application threads were stopped: 0.0017970 seconds, Stopping threads took: 0.0000540 seconds
123.958: Application time: 0.0569010 seconds
123.958: [GC123.958: [ParNew: 36892K->4114K(37568K), 0.0020000 secs] 156769K->126038K(431300K), 0.0020390 secs] [Times: user=0.02 sys=0.00, real=0.00 secs] 
123.960: Total time for which application threads were stopped: 0.0021790 seconds, Stopping threads took: 0.0000730 seconds
124.021: Application time: 0.0605760 seconds
124.021: [GC124.021: [ParNew: 37018K->4157K(37568K), 0.0018240 secs] 158943K->128146K(431300K), 0.0018640 secs] [Times: user=0.01 sys=0.00, real=0.00 secs] 
124.023: Total time for which application threads were stopped: 0.0020110 seconds, Stopping threads took: 0.0000800 seconds
124.083: Application time: 0.0599800 seconds
124.083: [GC124.083: [ParNew: 37541K->4155K(37568K), 0.0024140 secs] 161529K->131329K(431300K), 0.0024570 secs] [Times: user=0.02 sys=0.00, real=0.01 secs] 
124.085: Total time for which application threads were stopped: 0.0025950 seconds, Stopping threads took: 0.0000610 seconds
124.147: Application time: 0.0615980 seconds
124.147: [GC124.147: [ParNew: 37083K->4112K(37568K), 0.0025420 secs] 164257K->134399K(431300K), 0.0025890 secs] [Times: user=0.01 sys=0.00, real=0.00 secs] 
124.150: Total time for which application threads were stopped: 0.0027210 seconds, Stopping threads took: 0.0000650 seconds
124.211: Application time: 0.0612580 seconds
124.211: [GC124.211: [ParNew: 37157K->4142K(37568K), 0.0023720 secs] 167445K->137501K(431300K), 0.0024190 secs] [Times: user=0.02 sys=0.00, real=0.00 secs] 
124.214: Total time for which application threads were stopped: 0.0025800 seconds, Stopping threads took: 0.0000930 seconds
124.277: Application time: 0.0633080 seconds
124.277: [GC124.277: [ParNew: 37191K->4142K(37568K), 0.0022390 secs] 170550K->140602K(431300K), 0.0022820 secs] [Times: user=0.01 sys=0.00, real=0.00 secs] 
124.279: Total time for which application threads were stopped: 0.0024100 seconds, Stopping threads took: 0.0000610 seconds
124.279: Application time: 0.0000460 seconds
124.280: [GC [1 CMS-initial-mark: 136459K(393732K)] 141626K(431300K), 0.0001330 secs] [Times: user=0.00 sys=0.00, real=0.00 secs] 
124.280: Total time for which application threads were stopped: 0.0003210 seconds, Stopping threads took: 0.0001630 seconds
124.280: [CMS-concurrent-mark-start]
124.283: [CMS-concurrent-mark: 0.004/0.004 secs] [Times: user=0.01 sys=0.00, real=0.00 secs] 
124.283: [CMS-concurrent-preclean-start]
124.284: [CMS-concurrent-preclean: 0.001/0.001 secs] [Times: user=0.00 sys=0.00, real=0.00 secs] 
124.284: [CMS-concurrent-abortable-preclean-start]
124.344: Application time: 0.0643080 seconds
124.344: [GC124.344: [ParNew: 37074K->4113K(37568K), 0.0018140 secs] 173534K->141625K(431300K), 0.0018520 secs] [Times: user=0.02 sys=0.00, real=0.01 secs] 
124.346: Total time for which application threads were stopped: 0.0019890 seconds, Stopping threads took: 0.0000680 seconds
124.407: Application time: 0.0612810 seconds
124.407: [GC124.407: [ParNew: 36834K->4150K(37568K), 0.0017980 secs] 174346K->142686K(431300K), 0.0018350 secs] [Times: user=0.01 sys=0.00, real=0.00 secs] 
124.409: Total time for which application threads were stopped: 0.0019700 seconds, Stopping threads took: 0.0000660 seconds
124.472: Application time: 0.0629410 seconds
124.472: [GC124.472: [ParNew: 36832K->3097K(37568K), 0.0011280 secs] 175369K->141633K(431300K), 0.0011620 secs] [Times: user=0.01 sys=0.00, real=0.00 secs] 
124.473: Total time for which application threads were stopped: 0.0013450 seconds, Stopping threads took: 0.0001130 seconds
124.536: Application time: 0.0626310 seconds
124.536: [GC124.536: [ParNew: 35636K->2139K(37568K), 0.0010160 secs] 174172K->140676K(431300K), 0.0010500 secs] [Times: user=0.00 sys=0.00, real=0.01 secs] 
124.537: Total time for which application threads were stopped: 0.0011700 seconds, Stopping threads took: 0.0000600 seconds
124.587: Application time: 0.0499870 seconds
124.587: [GC124.587: [ParNew: 34999K->4115K(37568K), 0.0023540 secs] 173536K->145723K(431300K), 0.0024040 secs] [Times: user=0.02 sys=0.00, real=0.00 secs] 
124.590: Total time for which application threads were stopped: 0.0025530 seconds, Stopping threads took: 0.0000700 seconds
124.651: Application time: 0.0610940 seconds
124.651: [GC124.651: [ParNew: 36938K->4131K(37568K), 0.0019730 secs] 178547K->147788K(431300K), 0.0020140 secs] [Times: user=0.01 sys=0.00, real=0.00 secs] 
124.653: Total time for which application threads were stopped: 0.0021430 seconds, Stopping threads took: 0.0000660 seconds
124.715: Application time: 0.0615780 seconds
124.715: [GC124.715: [ParNew: 37305K->4152K(37568K), 0.0016440 secs] 180962K->148881K(431300K), 0.0016840 secs] [Times: user=0.01 sys=0.00, real=0.01 secs] 
124.716: Total time for which application threads were stopped: 0.0018270 seconds, Stopping threads took: 0.0000780 seconds
124.775: Application time: 0.0584760 seconds
124.775: [GC124.775: [ParNew: 37297K->4156K(37568K), 0.0023260 secs] 182026K->152034K(431300K), 0.0023710 secs] [Times: user=0.02 sys=0.00, real=0.01 secs] 
124.777: Total time for which application threads were stopped: 0.0025150 seconds, Stopping threads took: 0.0000730 seconds
124.840: Application time: 0.0624220 seconds
124.840: [GC124.840: [ParNew: 37127K->4114K(37568K), 0.0023300 secs] 185005K->155109K(431300K), 0.0023710 secs] [Times: user=0.02 sys=0.00, real=0.00 secs] 
124.842: Total time for which application threads were stopped: 0.0025080 seconds, Stopping threads took: 0.0000680 seconds
124.905: Application time: 0.0623050 seconds
124.905: [GC124.905: [ParNew: 37150K->4142K(37568K), 0.0023070 secs] 188146K->158210K(431300K), 0.0023500 secs] [Times: user=0.02 sys=0.00, real=0.00 secs] 
124.907: Total time for which application threads were stopped: 0.0025250 seconds, Stopping threads took: 0.0001080 seconds
124.969: Application time: 0.0619820 seconds
124.969: [GC124.969: [ParNew: 37165K->4146K(37568K), 0.0023410 secs] 191233K->161314K(431300K), 0.0023820 secs] [Times: user=0.02 sys=0.00, real=0.00 secs] 
124.972: Total time for which application threads were stopped: 0.0025240 seconds, Stopping threads took: 0.0000730 seconds
125.035: Application time: 0.0636020 seconds
125.035: [GC125.035: [ParNew: 37072K->4115K(37568K), 0.0020130 secs] 194240K->163360K(431300K), 0.0020560 secs] [Times: user=0.02 sys=0.00, real=0.01 secs] 
125.038: Total time for which application threads were stopped: 0.0021940 seconds, Stopping threads took: 0.0000670 seconds
125.101: Application time: 0.0630050 seconds
125.101: [GC125.101: [ParNew: 36784K->4134K(37568K), 0.0014540 secs] 196029K->163379K(431300K), 0.0014910 secs] [Times: user=0.01 sys=0.00, real=0.00 secs] 
125.102: Total time for which application threads were stopped: 0.0016240 seconds, Stopping threads took: 0.0000560 seconds
125.163: Application time: 0.0608870 seconds
125.163: [GC125.163: [ParNew: 36609K->4133K(37568K), 0.0015650 secs] 195854K->163378K(431300K), 0.0016060 secs] [Times: user=0.01 sys=0.00, real=0.01 secs] 
125.165: Total time for which application threads were stopped: 0.0017690 seconds, Stopping threads took: 0.0000950 seconds
125.225: Application time: 0.0597480 seconds
125.225: [GC125.225: [ParNew: 37529K->4132K(37568K), 0.0016320 secs] 196774K->164401K(431300K), 0.0016680 secs] [Times: user=0.02 sys=0.00, real=0.00 secs] 
125.226: Total time for which application threads were stopped: 0.0017940 seconds, Stopping threads took: 0.0000620 seconds
125.287: Application time: 0.0602190 seconds
125.287: [GC125.287: [ParNew: 36746K->4127K(37568K), 0.0014410 secs] 197015K->164396K(431300K), 0.0014710 secs] [Times: user=0.01 sys=0.00, real=0.00 secs] 
125.288: Total time for which application threads were stopped: 0.0015870 seconds, Stopping threads took: 0.0000550 seconds
125.347: Application time: 0.0587630 seconds
125.347: [GC125.347: [ParNew: 36820K->4131K(37568K), 0.0017020 secs] 197089K->165424K(431300K), 0.0017410 secs] [Times: user=0.01 sys=0.00, real=0.00 secs] 
125.349: Total time for which application threads were stopped: 0.0018630 seconds, Stopping threads took: 0.0000570 seconds
125.405: Application time: 0.0557290 seconds
125.405: [GC125.405: [ParNew: 37052K->4157K(37568K), 0.0020960 secs] 198344K->167538K(431300K), 0.0021420 secs] [Times: user=0.01 sys=0.00, real=0.00 secs] 
125.407: Total time for which application threads were stopped: 0.0022940 seconds, Stopping threads took: 0.0000830 seconds
125.472: Application time: 0.0651740 seconds
125.472: [GC125.472: [ParNew: 37454K->4156K(37568K), 0.0017620 secs] 200835K->168654K(431300K), 0.0018030 secs] [Times: user=0.01 sys=0.00, real=0.00 secs] 
125.474: Total time for which application threads were stopped: 0.0019810 seconds, Stopping threads took: 0.0001120 seconds
125.531: Application time: 0.0568830 seconds
125.531: [GC125.531: [ParNew: 36966K->4112K(37568K), 0.0024360 secs] 201464K->171720K(431300K), 0.0024790 secs] [Times: user=0.01 sys=0.00, real=0.00 secs] 
125.534: Total time for which application threads were stopped: 0.0026260 seconds, Stopping threads took: 0.0000790 seconds
125.597: Application time: 0.0637180 seconds
125.597: [GC125.597: [ParNew: 37151K->4141K(37568K), 0.0021130 secs] 204759K->173797K(431300K), 0.0021510 secs] [Times: user=0.01 sys=0.00, real=0.00 secs] 
125.600: Total time for which application threads were stopped: 0.0023030 seconds, Stopping threads took: 0.0000880 seconds
125.663: Application time: 0.0630060 seconds
125.663: [GC125.663: [ParNew: 37132K->4158K(37568K), 0.0020170 secs] 206789K->175890K(431300K), 0.0020610 secs] [Times: user=0.01 sys=0.00, real=0.01 secs] 
125.665: Total time for which application threads were stopped: 0.0023240 seconds, Stopping threads took: 0.0001740 seconds
125.727: Application time: 0.0620820 seconds
125.727: [GC125.727: [ParNew: 36993K->4113K(37568K), 0.0021380 secs] 208726K->177922K(431300K), 0.0021810 secs] [Times: user=0.01 sys=0.00, real=0.00 secs] 
125.729: Total time for which application threads were stopped: 0.0023260 seconds, Stopping threads took: 0.0000730 seconds
125.794: Application time: 0.0649130 seconds
125.794: [GC125.794: [ParNew: 36882K->3130K(37568K), 0.0011900 secs] 210691K->176939K(431300K), 0.0012230 secs] [Times: user=0.01 sys=0.00, real=0.00 secs] 
125.796: Total time for which application threads were stopped: 0.0013520 seconds, Stopping threads took: 0.0000650 seconds
125.855: Application time: 0.0591090 seconds
125.855: [GC125.855: [ParNew: 35543K->4118K(37568K), 0.0017330 secs] 209353K->178951K(431300K), 0.0017690 secs] [Times: user=0.01 sys=0.00, real=0.01 secs] 
125.857: Total time for which application threads were stopped: 0.0019420 seconds, Stopping threads took: 0.0001060 seconds
125.917: Application time: 0.0599270 seconds
125.917: [GC125.917: [ParNew: 36650K->4149K(37568K), 0.0016670 secs] 211484K->180006K(431300K), 0.0017040 secs] [Times: user=0.01 sys=0.00, real=0.00 secs] 
125.918: Total time for which application threads were stopped: 0.0018240 seconds, Stopping threads took: 0.0000540 seconds
125.977: Application time: 0.0590280 seconds
125.978: [GC125.978: [ParNew: 36744K->3114K(37568K), 0.0011720 secs] 212602K->178971K(431300K), 0.0012040 secs] [Times: user=0.01 sys=0.00, real=0.00 secs] 
125.979: Total time for which application threads were stopped: 0.0013350 seconds, Stopping threads took: 0.0000700 seconds
126.034: Application time: 0.0557490 seconds
126.035: [GC126.035: [ParNew: 36513K->4119K(37568K), 0.0016960 secs] 212370K->181000K(431300K), 0.0017320 secs] [Times: user=0.01 sys=0.00, real=0.01 secs] 
126.036: Total time for which application threads were stopped: 0.0018660 seconds, Stopping threads took: 0.0000690 seconds
126.098: Application time: 0.0620310 seconds
126.099: [GC126.099: [ParNew: 37185K->4154K(37568K), 0.0022520 secs] 214066K->184123K(431300K), 0.0022910 secs] [Times: user=0.02 sys=0.00, real=0.00 secs] 
126.101: Total time for which application threads were stopped: 0.0024330 seconds, Stopping threads took: 0.0000790 seconds
126.159: Application time: 0.0585530 seconds
126.159: [GC126.160: [ParNew: 37489K->4155K(37568K), 0.0020930 secs] 217458K->186286K(431300K), 0.0021360 secs] [Times: user=0.01 sys=0.00, real=0.00 secs] 
126.162: Total time for which application threads were stopped: 0.0022920 seconds, Stopping threads took: 0.0000790 seconds
126.226: Application time: 0.0638950 seconds
126.226: [GC126.226: [ParNew: 37155K->4112K(37568K), 0.0022600 secs] 219286K->189356K(431300K), 0.0023060 secs] [Times: user=0.02 sys=0.00, real=0.00 secs] 
126.228: Total time for which application threads were stopped: 0.0024590 seconds, Stopping threads took: 0.0000750 seconds
126.291: Application time: 0.0629250 seconds
126.291: [GC126.291: [ParNew: 37157K->4142K(37568K), 0.0019350 secs] 222402K->191435K(431300K), 0.0019760 secs] [Times: user=0.01 sys=0.00, real=0.00 secs] 
126.293: Total time for which application threads were stopped: 0.0021030 seconds, Stopping threads took: 0.0000610 seconds
126.353: Application time: 0.0604180 seconds
126.354: [GC126.354: [ParNew: 37008K->4154K(37568K), 0.0018280 secs] 224301K->192515K(431300K), 0.0018700 secs] [Times: user=0.01 sys=0.00, real=0.00 secs] 
126.356: Total time for which application threads were stopped: 0.0020510 seconds, Stopping threads took: 0.0001120 seconds
126.418: Application time: 0.0626470 seconds
126.418: [GC126.418: [ParNew: 36929K->4135K(37568K), 0.0013800 secs] 225290K->192508K(431300K), 0.0014150 secs] [Times: user=0.01 sys=0.00, real=0.00 secs] 
126.420: Total time for which application threads were stopped: 0.0015840 seconds, Stopping threads took: 0.0001040 seconds
126.480: Application time: 0.0600980 seconds
126.480: [GC126.480: [ParNew: 36678K->4122K(37568K), 0.0016700 secs] 225051K->193519K(431300K), 0.0017100 secs] [Times: user=0.02 sys=0.00, real=0.00 secs] 
126.482: Total time for which application threads were stopped: 0.0018790 seconds, Stopping threads took: 0.0001030 seconds
126.542: Application time: 0.0605080 seconds
126.542: [GC126.542: [ParNew: 36763K->4118K(37568K), 0.0016760 secs] 226160K->194540K(431300K), 0.0017150 secs] [Times: user=0.01 sys=0.00, real=0.00 secs] 
126.544: Total time for which application threads were stopped: 0.0018390 seconds, Stopping threads took: 0.0000560 seconds
126.604: Application time: 0.0594260 seconds
126.604: [GC126.604: [ParNew: 36828K->4129K(37568K), 0.0019760 secs] 227249K->196599K(431300K), 0.0020150 secs] [Times: user=0.02 sys=0.00, real=0.01 secs] 
126.606: Total time for which application threads were stopped: 0.0021690 seconds, Stopping threads took: 0.0000870 seconds
126.665: Application time: 0.0596180 seconds
126.665: [GC126.665: [ParNew: 36641K->4147K(37568K), 0.0014960 secs] 229111K->196616K(431300K), 0.0015340 secs] [Times: user=0.01 sys=0.00, real=0.00 secs] 
126.667: Total time for which application threads were stopped: 0.0016620 seconds, Stopping threads took: 0.0000620 seconds
126.725: Application time: 0.0578710 seconds
126.725: [GC126.725: [ParNew: 36534K->4118K(37568K), 0.0019770 secs] 229003K->198636K(431300K), 0.0020180 secs] [Times: user=0.01 sys=0.00, real=0.00 secs] 
126.727: Total time for which application threads were stopped: 0.0021620 seconds, Stopping threads took: 0.0000760 seconds
126.789: Application time: 0.0624680 seconds
126.790: [GC126.790: [ParNew: 37375K->4154K(37568K), 0.0016690 secs] 231893K->199744K(431300K), 0.0017020 secs] [Times: user=0.01 sys=0.00, real=0.00 secs] 
126.791: Total time for which application threads were stopped: 0.0018240 seconds, Stopping threads took: 0.0000560 seconds
126.847: Application time: 0.0560290 seconds
126.847: [GC126.847: [ParNew: 37280K->4156K(37568K), 0.0025420 secs] 232870K->202895K(431300K), 0.0025870 secs] [Times: user=0.02 sys=0.00, real=0.00 secs] 
126.850: Total time for which application threads were stopped: 0.0027300 seconds, Stopping threads took: 0.0000710 seconds
126.914: Application time: 0.0638080 seconds
126.914: [GC126.914: [ParNew: 37128K->4112K(37568K), 0.0023280 secs] 235868K->205969K(431300K), 0.0023720 secs] [Times: user=0.01 sys=0.00, real=0.01 secs] 
126.916: Total time for which application threads were stopped: 0.0025010 seconds, Stopping threads took: 0.0000590 seconds
126.978: Application time: 0.0615660 seconds
126.978: [GC126.978: [ParNew: 36924K->4144K(37568K), 0.0019960 secs] 238781K->208049K(431300K), 0.0020440 secs] [Times: user=0.01 sys=0.00, real=0.00 secs] 
126.980: Total time for which application threads were stopped: 0.0022170 seconds, Stopping threads took: 0.0001070 seconds
127.043: Application time: 0.0629500 seconds
127.043: [GC127.043: [ParNew: 37088K->3142K(37568K), 0.0011600 secs] 240993K->207076K(431300K), 0.0011940 secs] [Times: user=0.01 sys=0.00, real=0.01 secs] 
127.044: Total time for which application threads were stopped: 0.0013240 seconds, Stopping threads took: 0.0000680 seconds
127.104: Application time: 0.0597210 seconds
127.104: [GC127.104: [ParNew: 35729K->4114K(37568K), 0.0016590 secs] 239662K->209100K(431300K), 0.0017020 secs] [Times: user=0.01 sys=0.00, real=0.01 secs] 
127.106: Total time for which application threads were stopped: 0.0018370 seconds, Stopping threads took: 0.0000740 seconds
127.166: Application time: 0.0603440 seconds
127.166: [GC127.166: [ParNew: 36840K->4116K(37568K), 0.0020960 secs] 241826K->211150K(431300K), 0.0021360 secs] [Times: user=0.01 sys=0.00, real=0.00 secs] 
127.169: Total time for which application threads were stopped: 0.0022680 seconds, Stopping threads took: 0.0000650 seconds
127.228: Application time: 0.0589770 seconds
127.228: [GC127.228: [ParNew: 36868K->4116K(37568K), 0.0018120 secs] 243902K->212174K(431300K), 0.0018510 secs] [Times: user=0.02 sys=0.00, real=0.00 secs] 
127.230: Total time for which application threads were stopped: 0.0020220 seconds, Stopping threads took: 0.0001020 seconds
127.295: Application time: 0.0655710 seconds
127.295: [GC127.295: [ParNew: 37081K->4136K(37568K), 0.0013410 secs] 245139K->212194K(431300K), 0.0013780 secs] [Times: user=0.01 sys=0.00, real=0.01 secs] 
127.297: Total time for which application threads were stopped: 0.0015070 seconds, Stopping threads took: 0.0000580 seconds
127.357: Application time: 0.0603230 seconds
127.357: [GC127.357: [ParNew: 36785K->4152K(37568K), 0.0014670 secs] 244843K->212210K(431300K), 0.0015060 secs] [Times: user=0.01 sys=0.00, real=0.00 secs] 
127.359: Total time for which application threads were stopped: 0.0016340 seconds, Stopping threads took: 0.0000640 seconds
127.419: Application time: 0.0603630 seconds
127.419: [GC127.419: [ParNew: 36627K->3128K(37568K), 0.0009570 secs] 244685K->211186K(431300K), 0.0009860 secs] [Times: user=0.01 sys=0.00, real=0.00 secs] 
127.420: Total time for which application threads were stopped: 0.0010970 seconds, Stopping threads took: 0.0000560 seconds
127.475: Application time: 0.0551250 seconds
127.475: [GC127.475: [ParNew: 35770K->4145K(37568K), 0.0023510 secs] 243828K->215303K(431300K), 0.0023910 secs] [Times: user=0.02 sys=0.00, real=0.01 secs] 
127.478: Total time for which application threads were stopped: 0.0025220 seconds, Stopping threads took: 0.0000670 seconds
127.537: Application time: 0.0588500 seconds
127.537: [GC127.537: [ParNew: 37438K->4156K(37568K), 0.0022150 secs] 248596K->217471K(431300K), 0.0022560 secs] [Times: user=0.02 sys=0.00, real=0.00 secs] 
127.539: Total time for which application threads were stopped: 0.0024180 seconds, Stopping threads took: 0.0000910 seconds
127.603: Application time: 0.0639420 seconds
127.603: [GC127.603: [ParNew: 37053K->4130K(37568K), 0.0019190 secs] 250368K->218503K(431300K), 0.0019600 secs] [Times: user=0.02 sys=0.00, real=0.01 secs] 
127.605: Total time for which application threads were stopped: 0.0021920 seconds, Stopping threads took: 0.0001490 seconds
127.669: Application time: 0.0634670 seconds
127.669: [GC127.669: [ParNew: 37110K->4158K(37568K), 0.0017150 secs] 251483K->219573K(431300K), 0.0017530 secs] [Times: user=0.01 sys=0.00, real=0.00 secs] 
127.671: Total time for which application threads were stopped: 0.0019210 seconds, Stopping threads took: 0.0001040 seconds
127.731: Application time: 0.0601850 seconds
127.731: [GC127.731: [ParNew: 36910K->4147K(37568K), 0.0015190 secs] 252325K->219590K(431300K), 0.0015610 secs] [Times: user=0.01 sys=0.00, real=0.00 secs] 
127.733: Total time for which application threads were stopped: 0.0017350 seconds, Stopping threads took: 0.0001000 seconds
127.795: Application time: 0.0625650 seconds
127.795: [GC127.795: [ParNew: 36927K->4128K(37568K), 0.0019630 secs] 252371K->221632K(431300K), 0.0020040 secs] [Times: user=0.01 sys=0.00, real=0.01 secs] 
127.797: Total time for which application threads were stopped: 0.0021360 seconds, Stopping threads took: 0.0000620 seconds
127.857: Application time: 0.0600140 seconds
127.857: [GC127.857: [ParNew: 36824K->4138K(37568K), 0.0013810 secs] 254329K->221642K(431300K), 0.0014130 secs] [Times: user=0.01 sys=0.00, real=0.00 secs] 
127.859: Total time for which application threads were stopped: 0.0015430 seconds, Stopping threads took: 0.0000620 seconds
127.917: Application time: 0.0586620 seconds
127.918: [GC127.918: [ParNew: 37534K->4120K(37568K), 0.0017180 secs] 255038K->222648K(431300K), 0.0017560 secs] [Times: user=0.02 sys=0.00, real=0.00 secs] 
127.919: Total time for which application threads were stopped: 0.0018820 seconds, Stopping threads took: 0.0000590 seconds
127.982: Application time: 0.0630660 seconds
127.982: [GC127.983: [ParNew: 36970K->4118K(37568K), 0.0016300 secs] 255498K->223670K(431300K), 0.0016700 secs] [Times: user=0.01 sys=0.00, real=0.00 secs] 
127.984: Total time for which application threads were stopped: 0.0017880 seconds, Stopping threads took: 0.0000530 seconds
128.040: Application time: 0.0555480 seconds
128.040: [GC128.040: [ParNew: 36642K->4112K(37568K), 0.0022270 secs] 256194K->225712K(431300K), 0.0022700 secs] [Times: user=0.01 sys=0.00, real=0.00 secs] 
128.042: Total time for which application threads were stopped: 0.0024290 seconds, Stopping threads took: 0.0000880 seconds
128.107: Application time: 0.0646870 seconds
128.107: [GC128.107: [ParNew: 37184K->4144K(37568K), 0.0019310 secs] 258784K->227792K(431300K), 0.0019730 secs] [Times: user=0.01 sys=0.00, real=0.00 secs] 
128.109: Total time for which application threads were stopped: 0.0020930 seconds, Stopping threads took: 0.0000590 seconds
128.167: Application time: 0.0583170 seconds
128.167: [GC128.167: [ParNew: 37036K->4141K(37568K), 0.0020280 secs] 260684K->229865K(431300K), 0.0020710 secs] [Times: user=0.01 sys=0.00, real=0.00 secs] 
128.169: Total time for which application threads were stopped: 0.0022080 seconds, Stopping threads took: 0.0000670 seconds
128.233: Application time: 0.0632890 seconds
128.233: [GC128.233: [ParNew: 37449K->4159K(37568K), 0.0018760 secs] 263174K->231025K(431300K), 0.0019180 secs] [Times: user=0.01 sys=0.00, real=0.00 secs] 
128.235: Total time for which application threads were stopped: 0.0020520 seconds, Stopping threads took: 0.0000650 seconds
128.293: Application time: 0.0579170 seconds
128.293: [GC128.293: [ParNew: 36713K->4120K(37568K), 0.0017440 secs] 263578K->232035K(431300K), 0.0017840 secs] [Times: user=0.02 sys=0.00, real=0.00 secs] 
128.295: Total time for which application threads were stopped: 0.0019140 seconds, Stopping threads took: 0.0000640 seconds
128.359: Application time: 0.0641510 seconds
128.359: [GC128.359: [ParNew: 37152K->4145K(37568K), 0.0014730 secs] 265068K->232060K(431300K), 0.0015080 secs] [Times: user=0.01 sys=0.00, real=0.00 secs] 
128.360: Total time for which application threads were stopped: 0.0016380 seconds, Stopping threads took: 0.0000530 seconds
128.421: Application time: 0.0609490 seconds
128.422: [GC128.422: [ParNew: 37061K->4156K(37568K), 0.0020000 secs] 264976K->234148K(431300K), 0.0020400 secs] [Times: user=0.02 sys=0.00, real=0.00 secs] 
128.424: Total time for which application threads were stopped: 0.0021670 seconds, Stopping threads took: 0.0000600 seconds
128.484: Application time: 0.0604670 seconds
128.484: [GC128.484: [ParNew: 36818K->4132K(37568K), 0.0018180 secs] 266810K->235177K(431300K), 0.0018540 secs] [Times: user=0.01 sys=0.00, real=0.01 secs] 
128.486: Total time for which application threads were stopped: 0.0019990 seconds, Stopping threads took: 0.0000810 seconds
128.549: Application time: 0.0628050 seconds
128.549: [GC128.549: [ParNew: 36999K->4116K(37568K), 0.0014330 secs] 268043K->235160K(431300K), 0.0014730 secs] [Times: user=0.01 sys=0.00, real=0.00 secs] 
128.550: Total time for which application threads were stopped: 0.0016100 seconds, Stopping threads took: 0.0000750 seconds
128.613: Application time: 0.0629580 seconds
128.614: [GC128.614: [ParNew: 36857K->3126K(37568K), 0.0010740 secs] 267901K->234171K(431300K), 0.0011060 secs] [Times: user=0.01 sys=0.00, real=0.00 secs] 
128.615: Total time for which application threads were stopped: 0.0012270 seconds, Stopping threads took: 0.0000630 seconds
128.673: Application time: 0.0587810 seconds
128.676: [GC128.676: [ParNew: 35603K->4131K(37568K), 0.0014320 secs] 266647K->235176K(431300K), 0.0014670 secs] [Times: user=0.01 sys=0.00, real=0.00 secs] 
128.678: Total time for which application threads were stopped: 0.0045030 seconds, Stopping threads took: 0.0029740 seconds
128.734: Application time: 0.0562340 seconds
128.734: [GC128.734: [ParNew: 37539K->4115K(37568K), 0.0021050 secs] 268584K->237207K(431300K), 0.0021500 secs] [Times: user=0.01 sys=0.01, real=0.01 secs] 
128.737: Total time for which application threads were stopped: 0.0023360 seconds, Stopping threads took: 0.0001130 seconds
128.798: Application time: 0.0619420 seconds
128.799: [GC128.799: [ParNew: 37000K->4159K(37568K), 0.0018200 secs] 270093K->238276K(431300K), 0.0018620 secs] [Times: user=0.01 sys=0.00, real=0.00 secs] 
128.800: Total time for which application threads were stopped: 0.0020340 seconds, Stopping threads took: 0.0001060 seconds
128.859: Application time: 0.0584320 seconds
128.861: [GC128.861: [ParNew: 36855K->4144K(37568K), 0.0018960 secs] 270972K->239329K(431300K), 0.0019350 secs] [Times: user=0.02 sys=0.00, real=0.00 secs] 
128.862: Total time for which application threads were stopped: 0.0035800 seconds, Stopping threads took: 0.0015510 seconds
128.925: Application time: 0.0625540 seconds
128.925: [GC128.925: [ParNew: 37478K->4153K(37568K), 0.0017050 secs] 272663K->240447K(431300K), 0.0017430 secs] [Times: user=0.01 sys=0.00, real=0.00 secs] 
128.927: Total time for which application threads were stopped: 0.0018690 seconds, Stopping threads took: 0.0000580 seconds
128.985: Application time: 0.0576100 seconds
128.985: [GC128.985: [ParNew: 36949K->4112K(37568K), 0.0023220 secs] 273242K->243519K(431300K), 0.0023660 secs] [Times: user=0.02 sys=0.00, real=0.00 secs] 
128.987: Total time for which application threads were stopped: 0.0025050 seconds, Stopping threads took: 0.0000680 seconds
129.050: Application time: 0.0631590 seconds
129.050: [GC129.050: [ParNew: 37197K->4140K(37568K), 0.0024150 secs] 276604K->246619K(431300K), 0.0024570 secs] [Times: user=0.02 sys=0.00, real=0.00 secs] 
129.053: Total time for which application threads were stopped: 0.0026180 seconds, Stopping threads took: 0.0000950 seconds
129.117: Application time: 0.0642380 seconds
129.117: [GC129.117: [ParNew: 37223K->4140K(37568K), 0.0019700 secs] 279702K->248696K(431300K), 0.0020090 secs] [Times: user=0.01 sys=0.00, real=0.00 secs] 
129.119: Total time for which application threads were stopped: 0.0022010 seconds, Stopping threads took: 0.0001050 seconds
129.182: Application time: 0.0630540 seconds
129.182: [GC129.182: [ParNew: 37058K->4132K(37568K), 0.0020240 secs] 281614K->250765K(431300K), 0.0020610 secs] [Times: user=0.01 sys=0.00, real=0.01 secs] 
129.185: Total time for which application threads were stopped: 0.0022040 seconds, Stopping threads took: 0.0000780 seconds
129.245: Application time: 0.0608010 seconds
129.245: [GC129.245: [ParNew: 36786K->4148K(37568K), 0.0015040 secs] 283419K->250781K(431300K), 0.0015390 secs] [Times: user=0.01 sys=0.00, real=0.00 secs] 
129.247: Total time for which application threads were stopped: 0.0016670 seconds, Stopping threads took: 0.0000650 seconds
129.310: Application time: 0.0629220 seconds
129.313: [GC129.313: [ParNew: 36836K->3130K(37568K), 0.0010870 secs] 283469K->249762K(431300K), 0.0011250 secs] [Times: user=0.01 sys=0.00, real=0.00 secs] 
129.314: Total time for which application threads were stopped: 0.0037490 seconds, Stopping threads took: 0.0025630 seconds
 CMS: abort preclean due to time 129.315: [CMS-concurrent-abortable-preclean: 0.068/5.031 secs] [Times: user=39.64 sys=0.04, real=5.03 secs] 
129.315: Application time: 0.0009550 seconds
129.315: [GC[YG occupancy: 4233 K (37568 K)]129.315: [Rescan (parallel) , 0.0002360 secs]129.315: [weak refs processing, 0.0000060 secs]129.315: [scrub string table, 0.0001060 secs] [1 CMS-remark: 246632K(393732K)] 250866K(431300K), 0.0003680 secs] [Times: user=0.00 sys=0.00, real=0.00 secs] 
129.315: Total time for which application threads were stopped: 0.0004540 seconds, Stopping threads took: 0.0000620 seconds
129.315: [CMS-concurrent-sweep-start]
129.316: [CMS-concurrent-sweep: 0.001/0.001 secs] [Times: user=0.01 sys=0.00, real=0.01 secs] 
129.316: [CMS-concurrent-reset-start]
129.318: [CMS-concurrent-reset: 0.002/0.002 secs] [Times: user=0.01 sys=0.00, real=0.00 secs] 
129.375: Application time: 0.0598410 seconds
129.375: [GC129.375: [ParNew: 36503K->4113K(37568K), 0.0018600 secs] 153310K->122968K(431300K), 0.0019030 secs] [Times: user=0.01 sys=0.00, real=0.01 secs] 
129.377: Total time for which application threads were stopped: 0.0020480 seconds, Stopping threads took: 0.0000690 seconds
129.431: Application time: 0.0542360 seconds
129.431: [GC129.431: [ParNew: 37521K->4122K(37568K), 0.0019660 secs] 156376K->125025K(431300K), 0.0020070 secs] [Times: user=0.02 sys=0.00, real=0.00 secs] 
129.433: Total time for which application threads were stopped: 0.0021450 seconds, Stopping threads took: 0.0000690 seconds
129.496: Application time: 0.0628700 seconds
129.496: [GC129.496: [ParNew: 37131K->4140K(37568K), 0.0022230 secs] 158033K->128115K(431300K), 0.0022650 secs] [Times: user=0.02 sys=0.00, real=0.00 secs] 
129.499: Total time for which application threads were stopped: 0.0024700 seconds, Stopping threads took: 0.0001370 seconds
129.563: Application time: 0.0642140 seconds
129.563: [GC129.563: [ParNew: 37241K->4152K(37568K), 0.0016930 secs] 161216K->129187K(431300K), 0.0017350 secs] [Times: user=0.01 sys=0.00, real=0.01 secs] 
129.565: Total time for which application threads were stopped: 0.0018540 seconds, Stopping threads took: 0.0000560 seconds
129.623: Application time: 0.0584990 seconds
129.623: [GC129.623: [ParNew: 37280K->4158K(37568K), 0.0017600 secs] 162316K->130326K(431300K), 0.0017990 secs] [Times: user=0.01 sys=0.00, real=0.01 secs] 
129.625: Total time for which application threads were stopped: 0.0019300 seconds, Stopping threads took: 0.0000650 seconds
129.687: Application time: 0.0614810 seconds
129.687: [GC129.687: [ParNew: 36977K->4140K(37568K), 0.0016390 secs] 163145K->131358K(431300K), 0.0016790 secs] [Times: user=0.01 sys=0.00, real=0.00 secs] 
129.688: Total time for which application threads were stopped: 0.0018020 seconds, Stopping threads took: 0.0000570 seconds
129.748: Application time: 0.0591490 seconds
129.748: [GC129.748: [ParNew: 36974K->4144K(37568K), 0.0021490 secs] 164192K->133410K(431300K), 0.0021910 secs] [Times: user=0.02 sys=0.00, real=0.00 secs] 
129.750: Total time for which application threads were stopped: 0.0023220 seconds, Stopping threads took: 0.0000620 seconds
129.811: Application time: 0.0608500 seconds
129.811: [GC129.811: [ParNew: 37111K->4140K(37568K), 0.0023960 secs] 166377K->136506K(431300K), 0.0024410 secs] [Times: user=0.02 sys=0.00, real=0.00 secs] 
129.813: Total time for which application threads were stopped: 0.0026010 seconds, Stopping threads took: 0.0000930 seconds
129.877: Application time: 0.0637780 seconds
129.877: [GC129.877: [ParNew: 37108K->4148K(37568K), 0.0017540 secs] 169475K->137567K(431300K), 0.0017910 secs] [Times: user=0.01 sys=0.00, real=0.00 secs] 
129.879: Total time for which application threads were stopped: 0.0019260 seconds, Stopping threads took: 0.0000590 seconds
129.942: Application time: 0.0624760 seconds
129.942: [GC129.942: [ParNew: 36871K->3159K(37568K), 0.0011460 secs] 170291K->136578K(431300K), 0.0011810 secs] [Times: user=0.01 sys=0.00, real=0.00 secs] 
129.943: Total time for which application threads were stopped: 0.0013250 seconds, Stopping threads took: 0.0000710 seconds
130.001: Application time: 0.0577540 seconds
130.001: [GC130.001: [ParNew: 36400K->3101K(37568K), 0.0011320 secs] 169820K->136520K(431300K), 0.0011660 secs] [Times: user=0.01 sys=0.00, real=0.00 secs] 
130.002: Total time for which application threads were stopped: 0.0013000 seconds, Stopping threads took: 0.0000710 seconds
130.064: Application time: 0.0617580 seconds
130.064: [GC130.064: [ParNew: 35917K->4118K(37568K), 0.0018720 secs] 169336K->139585K(431300K), 0.0019110 secs] [Times: user=0.01 sys=0.00, real=0.01 secs] 
130.066: Total time for which application threads were stopped: 0.0020320 seconds, Stopping threads took: 0.0000580 seconds
130.122: Application time: 0.0566150 seconds
130.123: [GC130.123: [ParNew: 36564K->4121K(37568K), 0.0016300 secs] 172031K->140612K(431300K), 0.0016700 secs] [Times: user=0.01 sys=0.00, real=0.00 secs] 
130.124: Total time for which application threads were stopped: 0.0018040 seconds, Stopping threads took: 0.0000670 seconds
130.185: Application time: 0.0605050 seconds
130.185: [GC130.185: [ParNew: 37029K->4145K(37568K), 0.0016660 secs] 173520K->141660K(431300K), 0.0017050 secs] [Times: user=0.01 sys=0.00, real=0.00 secs] 
130.187: Total time for which application threads were stopped: 0.0018310 seconds, Stopping threads took: 0.0000590 seconds
130.252: Application time: 0.0650590 seconds
130.252: [GC130.252: [ParNew: 37428K->4152K(37568K), 0.0021110 secs] 174943K->143752K(431300K), 0.0021500 secs] [Times: user=0.02 sys=0.00, real=0.00 secs] 
130.254: Total time for which application threads were stopped: 0.0023480 seconds, Stopping threads took: 0.0001110 seconds
130.313: Application time: 0.0593370 seconds
130.313: [GC130.313: [ParNew: 37170K->4159K(37568K), 0.0013780 secs] 176770K->143867K(431300K), 0.0014120 secs] [Times: user=0.01 sys=0.00, real=0.00 secs] 
130.315: Total time for which application threads were stopped: 0.0015300 seconds, Stopping threads took: 0.0000600 seconds
130.373: Application time: 0.0578030 seconds
130.373: [GC130.373: [ParNew: 36729K->4112K(37568K), 0.0019760 secs] 176437K->145895K(431300K), 0.0020120 secs] [Times: user=0.02 sys=0.00, real=0.00 secs] 
130.375: Total time for which application threads were stopped: 0.0021400 seconds, Stopping threads took: 0.0000640 seconds
130.434: Application time: 0.0591250 seconds
130.434: [GC130.434: [ParNew: 37038K->4147K(37568K), 0.0023200 secs] 178820K->149002K(431300K), 0.0023600 secs] [Times: user=0.02 sys=0.00, real=0.01 secs] 
130.436: Total time for which application threads were stopped: 0.0025370 seconds, Stopping threads took: 0.0001050 seconds
130.501: Application time: 0.0640780 seconds
130.501: [GC130.501: [ParNew: 37187K->4141K(37568K), 0.0019780 secs] 182041K->151072K(431300K), 0.0020200 secs] [Times: user=0.01 sys=0.00, real=0.00 secs] 
130.503: Total time for which application threads were stopped: 0.0021550 seconds, Stopping threads took: 0.0000690 seconds
130.564: Application time: 0.0608750 seconds
130.564: [GC130.564: [ParNew: 36869K->4137K(37568K), 0.0014520 secs] 183800K->151096K(431300K), 0.0014890 secs] [Times: user=0.01 sys=0.00, real=0.01 secs] 
130.565: Total time for which application threads were stopped: 0.0016190 seconds, Stopping threads took: 0.0000660 seconds
130.625: Application time: 0.0596250 seconds
130.625: [GC130.625: [ParNew: 36579K->4150K(37568K), 0.0015400 secs] 183538K->151110K(431300K), 0.0015750 secs] [Times: user=0.01 sys=0.00, real=0.00 secs] 
130.626: Total time for which application threads were stopped: 0.0016930 seconds, Stopping threads took: 0.0000560 seconds
130.685: Application time: 0.0587880 seconds
130.685: [GC130.685: [ParNew: 36713K->4113K(37568K), 0.0018750 secs] 183673K->153121K(431300K), 0.0019100 secs] [Times: user=0.01 sys=0.00, real=0.00 secs] 
130.687: Total time for which application threads were stopped: 0.0020400 seconds, Stopping threads took: 0.0000670 seconds
130.743: Application time: 0.0560840 seconds
130.744: [GC130.744: [ParNew: 36744K->4115K(37568K), 0.0020890 secs] 185752K->155171K(431300K), 0.0021370 secs] [Times: user=0.01 sys=0.00, real=0.01 secs] 
130.746: Total time for which application threads were stopped: 0.0022720 seconds, Stopping threads took: 0.0000690 seconds
130.807: Application time: 0.0618000 seconds
130.808: [GC130.808: [ParNew: 36971K->4112K(37568K), 0.0022050 secs] 188027K->158239K(431300K), 0.0022440 secs] [Times: user=0.02 sys=0.00, real=0.00 secs] 
130.810: Total time for which application threads were stopped: 0.0023650 seconds, Stopping threads took: 0.0000610 seconds
130.873: Application time: 0.0631640 seconds
130.873: [GC130.873: [ParNew: 37179K->4156K(37568K), 0.0020330 secs] 191307K->160331K(431300K), 0.0020700 secs] [Times: user=0.01 sys=0.00, real=0.00 secs] 
130.875: Total time for which application threads were stopped: 0.0022440 seconds, Stopping threads took: 0.0001080 seconds
130.938: Application time: 0.0622420 seconds
130.938: [GC130.938: [ParNew: 37092K->4159K(37568K), 0.0015860 secs] 193267K->161387K(431300K), 0.0016240 secs] [Times: user=0.01 sys=0.00, real=0.00 secs] 
130.939: Total time for which application threads were stopped: 0.0017620 seconds, Stopping threads took: 0.0000650 seconds
130.997: Application time: 0.0573390 seconds
130.997: [GC130.997: [ParNew: 36969K->4155K(37568K), 0.0014660 secs] 194197K->161492K(431300K), 0.0015020 secs] [Times: user=0.01 sys=0.00, real=0.00 secs] 
130.998: Total time for which application threads were stopped: 0.0016280 seconds, Stopping threads took: 0.0000620 seconds
131.057: Application time: 0.0586710 seconds
131.057: [GC131.057: [ParNew: 36890K->4112K(37568K), 0.0024590 secs] 194227K->164554K(431300K), 0.0024990 secs] [Times: user=0.02 sys=0.00, real=0.00 secs] 
131.060: Total time for which application threads were stopped: 0.0026390 seconds, Stopping threads took: 0.0000750 seconds
131.121: Application time: 0.0611450 seconds
131.121: [GC131.121: [ParNew: 37144K->4138K(37568K), 0.0023410 secs] 197587K->167653K(431300K), 0.0023780 secs] [Times: user=0.02 sys=0.00, real=0.00 secs] 
131.123: Total time for which application threads were stopped: 0.0025030 seconds, Stopping threads took: 0.0000590 seconds
131.123: Application time: 0.0000710 seconds
131.123: [GC [1 CMS-initial-mark: 163514K(393732K)] 168677K(431300K), 0.0001220 secs] [Times: user=0.00 sys=0.00, real=0.00 secs] 
131.124: Total time for which application threads were stopped: 0.0003200 seconds, Stopping threads took: 0.0001760 seconds
131.124: [CMS-concurrent-mark-start]
131.131: [CMS-concurrent-mark: 0.007/0.007 secs] [Times: user=0.04 sys=0.00, real=0.01 secs] 
131.131: [CMS-concurrent-preclean-start]
131.131: [CMS-concurrent-preclean: 0.001/0.001 secs] [Times: user=0.00 sys=0.00, real=0.00 secs] 
131.131: [CMS-concurrent-abortable-preclean-start]
131.190: Application time: 0.0659210 seconds
131.190: [GC131.190: [ParNew: 37232K->4156K(37568K), 0.0017420 secs] 200747K->168740K(431300K), 0.0017780 secs] [Times: user=0.01 sys=0.00, real=0.00 secs] 
131.191: Total time for which application threads were stopped: 0.0019170 seconds, Stopping threads took: 0.0000730 seconds
131.253: Application time: 0.0614400 seconds
131.253: [GC131.253: [ParNew: 36751K->3151K(37568K), 0.0011930 secs] 201334K->167747K(431300K), 0.0012290 secs] [Times: user=0.01 sys=0.00, real=0.00 secs] 
131.254: Total time for which application threads were stopped: 0.0013980 seconds, Stopping threads took: 0.0001040 seconds
131.314: Application time: 0.0593380 seconds
131.314: [GC131.314: [ParNew: 36528K->3096K(37568K), 0.0011160 secs] 201124K->167692K(431300K), 0.0011490 secs] [Times: user=0.01 sys=0.00, real=0.00 secs] 
131.315: Total time for which application threads were stopped: 0.0012730 seconds, Stopping threads took: 0.0000610 seconds
131.375: Application time: 0.0599520 seconds
131.375: [GC131.375: [ParNew: 35854K->4118K(37568K), 0.0023050 secs] 200450K->171786K(431300K), 0.0023460 secs] [Times: user=0.02 sys=0.00, real=0.01 secs] 
131.377: Total time for which application threads were stopped: 0.0024840 seconds, Stopping threads took: 0.0000720 seconds
131.435: Application time: 0.0581280 seconds
131.436: [GC131.436: [ParNew: 36868K->4132K(37568K), 0.0020010 secs] 204536K->173848K(431300K), 0.0020500 secs] [Times: user=0.01 sys=0.00, real=0.01 secs] 
131.438: Total time for which application threads were stopped: 0.0021830 seconds, Stopping threads took: 0.0000630 seconds
131.502: Application time: 0.0645620 seconds
131.502: [GC131.502: [ParNew: 37060K->4116K(37568K), 0.0016070 secs] 206776K->174856K(431300K), 0.0016450 secs] [Times: user=0.01 sys=0.00, real=0.00 secs] 
131.504: Total time for which application threads were stopped: 0.0018100 seconds, Stopping threads took: 0.0000900 seconds
131.564: Application time: 0.0601150 seconds
131.564: [GC131.564: [ParNew: 37042K->4156K(37568K), 0.0020060 secs] 207782K->176952K(431300K), 0.0020470 secs] [Times: user=0.02 sys=0.00, real=0.01 secs] 
131.566: Total time for which application threads were stopped: 0.0021690 seconds, Stopping threads took: 0.0000590 seconds
131.627: Application time: 0.0604410 seconds
131.628: [GC131.628: [ParNew: 36830K->4112K(37568K), 0.0021020 secs] 209626K->178977K(431300K), 0.0021380 secs] [Times: user=0.01 sys=0.00, real=0.00 secs] 
131.631: Total time for which application threads were stopped: 0.0038090 seconds, Stopping threads took: 0.0015960 seconds
131.692: Application time: 0.0612110 seconds
131.692: [GC131.692: [ParNew: 36518K->4158K(37568K), 0.0021120 secs] 211382K->181185K(431300K), 0.0021520 secs] [Times: user=0.02 sys=0.00, real=0.00 secs] 
131.694: Total time for which application threads were stopped: 0.0022820 seconds, Stopping threads took: 0.0000640 seconds
131.755: Application time: 0.0611140 seconds
131.755: [GC131.755: [ParNew: 36977K->4158K(37568K), 0.0018740 secs] 214004K->182257K(431300K), 0.0019150 secs] [Times: user=0.01 sys=0.00, real=0.01 secs] 
131.757: Total time for which application threads were stopped: 0.0020860 seconds, Stopping threads took: 0.0001020 seconds
131.819: Application time: 0.0618210 seconds
131.819: [GC131.819: [ParNew: 36833K->4134K(37568K), 0.0015960 secs] 214932K->182246K(431300K), 0.0016320 secs] [Times: user=0.01 sys=0.00, real=0.00 secs] 
131.821: Total time for which application threads were stopped: 0.0017630 seconds, Stopping threads took: 0.0000660 seconds
131.883: Application time: 0.0622590 seconds
131.883: [GC131.883: [ParNew: 36817K->4145K(37568K), 0.0016160 secs] 214929K->182273K(431300K), 0.0016530 secs] [Times: user=0.01 sys=0.00, real=0.01 secs] 
131.885: Total time for which application threads were stopped: 0.0018330 seconds, Stopping threads took: 0.0001150 seconds
131.942: Application time: 0.0571870 seconds
131.942: [GC131.942: [ParNew: 37539K->4116K(37568K), 0.0017030 secs] 215667K->183280K(431300K), 0.0017390 secs] [Times: user=0.02 sys=0.00, real=0.00 secs] 
131.944: Total time for which application threads were stopped: 0.0018850 seconds, Stopping threads took: 0.0000820 seconds
132.002: Application time: 0.0577200 seconds
132.002: [GC132.002: [ParNew: 36831K->4114K(37568K), 0.0019770 secs] 215996K->185327K(431300K), 0.0020150 secs] [Times: user=0.02 sys=0.00, real=0.00 secs] 
132.004: Total time for which application threads were stopped: 0.0021400 seconds, Stopping threads took: 0.0000590 seconds
132.065: Application time: 0.0615450 seconds
132.066: [GC132.066: [ParNew: 36950K->4112K(37568K), 0.0024050 secs] 218163K->188396K(431300K), 0.0024450 secs] [Times: user=0.01 sys=0.00, real=0.00 secs] 
132.068: Total time for which application threads were stopped: 0.0025860 seconds, Stopping threads took: 0.0000670 seconds
132.130: Application time: 0.0618500 seconds
132.130: [GC132.130: [ParNew: 36999K->4132K(37568K), 0.0019840 secs] 221283K->190464K(431300K), 0.0020210 secs] [Times: user=0.02 sys=0.00, real=0.00 secs] 
132.132: Total time for which application threads were stopped: 0.0022130 seconds, Stopping threads took: 0.0001270 seconds
132.195: Application time: 0.0627740 seconds
132.195: [GC132.195: [ParNew: 36991K->4116K(37568K), 0.0019090 secs] 223324K->192497K(431300K), 0.0019570 secs] [Times: user=0.01 sys=0.00, real=0.01 secs] 
132.197: Total time for which application threads were stopped: 0.0020900 seconds, Stopping threads took: 0.0000650 seconds
132.255: Application time: 0.0581050 seconds
132.255: [GC132.255: [ParNew: 36855K->4142K(37568K), 0.0020870 secs] 225236K->194571K(431300K), 0.0021270 secs] [Times: user=0.01 sys=0.00, real=0.01 secs] 
132.257: Total time for which application threads were stopped: 0.0022740 seconds, Stopping threads took: 0.0000810 seconds
132.323: Application time: 0.0655440 seconds
132.323: [GC132.323: [ParNew: 37244K->4145K(37568K), 0.0015930 secs] 227673K->195626K(431300K), 0.0016310 secs] [Times: user=0.01 sys=0.00, real=0.01 secs] 
132.325: Total time for which application threads were stopped: 0.0017840 seconds, Stopping threads took: 0.0000890 seconds
132.384: Application time: 0.0597040 seconds
132.384: [GC132.385: [ParNew: 37360K->4152K(37568K), 0.0018650 secs] 228842K->196758K(431300K), 0.0019050 secs] [Times: user=0.02 sys=0.00, real=0.00 secs] 
132.386: Total time for which application threads were stopped: 0.0020290 seconds, Stopping threads took: 0.0000550 seconds
132.450: Application time: 0.0640440 seconds
132.451: [GC132.451: [ParNew: 37088K->4159K(37568K), 0.0014560 secs] 229694K->196825K(431300K), 0.0014910 secs] [Times: user=0.01 sys=0.00, real=0.00 secs] 
132.452: Total time for which application threads were stopped: 0.0016240 seconds, Stopping threads took: 0.0000700 seconds
132.510: Application time: 0.0582250 seconds
132.510: [GC132.510: [ParNew: 37550K->4118K(37568K), 0.0014790 secs] 230215K->196796K(431300K), 0.0015170 secs] [Times: user=0.01 sys=0.00, real=0.00 secs] 
132.512: Total time for which application threads were stopped: 0.0016450 seconds, Stopping threads took: 0.0000650 seconds
132.571: Application time: 0.0591220 seconds
132.571: [GC132.571: [ParNew: 36779K->4143K(37568K), 0.0020070 secs] 229457K->198870K(431300K), 0.0020470 secs] [Times: user=0.02 sys=0.00, real=0.00 secs] 
132.573: Total time for which application threads were stopped: 0.0022160 seconds, Stopping threads took: 0.0000810 seconds
132.637: Application time: 0.0638220 seconds
132.637: [GC132.637: [ParNew: 36975K->4149K(37568K), 0.0014860 secs] 231702K->198904K(431300K), 0.0015200 secs] [Times: user=0.01 sys=0.00, real=0.00 secs] 
132.639: Total time for which application threads were stopped: 0.0016390 seconds, Stopping threads took: 0.0000550 seconds
132.695: Application time: 0.0560260 seconds
132.695: [GC132.695: [ParNew: 36584K->4120K(37568K), 0.0016930 secs] 231339K->199899K(431300K), 0.0017320 secs] [Times: user=0.02 sys=0.00, real=0.01 secs] 
132.697: Total time for which application threads were stopped: 0.0018700 seconds, Stopping threads took: 0.0000750 seconds
132.761: Application time: 0.0646650 seconds
132.761: [GC132.761: [ParNew: 37071K->4116K(37568K), 0.0018970 secs] 232850K->201943K(431300K), 0.0019360 secs] [Times: user=0.02 sys=0.00, real=0.00 secs] 
132.763: Total time for which application threads were stopped: 0.0020690 seconds, Stopping threads took: 0.0000690 seconds
132.820: Application time: 0.0566430 seconds
132.820: [GC132.820: [ParNew: 36862K->4128K(37568K), 0.0020560 secs] 234689K->204003K(431300K), 0.0020980 secs] [Times: user=0.01 sys=0.00, real=0.00 secs] 
132.822: Total time for which application threads were stopped: 0.0022430 seconds, Stopping threads took: 0.0000760 seconds
132.886: Application time: 0.0641260 seconds
132.887: [GC132.887: [ParNew: 37090K->4130K(37568K), 0.0019830 secs] 236965K->206053K(431300K), 0.0020200 secs] [Times: user=0.01 sys=0.00, real=0.00 secs] 
132.889: Total time for which application threads were stopped: 0.0022080 seconds, Stopping threads took: 0.0001070 seconds
132.948: Application time: 0.0595950 seconds
132.948: [GC132.948: [ParNew: 36944K->4143K(37568K), 0.0017190 secs] 238867K->207090K(431300K), 0.0017550 secs] [Times: user=0.02 sys=0.00, real=0.00 secs] 
132.950: Total time for which application threads were stopped: 0.0019100 seconds, Stopping threads took: 0.0000880 seconds
133.013: Application time: 0.0631900 seconds
133.013: [GC133.013: [ParNew: 37088K->4157K(37568K), 0.0018240 secs] 240035K->208160K(431300K), 0.0018690 secs] [Times: user=0.02 sys=0.00, real=0.00 secs] 
133.015: Total time for which application threads were stopped: 0.0019990 seconds, Stopping threads took: 0.0000660 seconds
133.074: Application time: 0.0590570 seconds
133.074: [GC133.075: [ParNew: 37191K->4158K(37568K), 0.0014780 secs] 241194K->208255K(431300K), 0.0015160 secs] [Times: user=0.01 sys=0.00, real=0.00 secs] 
133.076: Total time for which application threads were stopped: 0.0016510 seconds, Stopping threads took: 0.0000620 seconds
133.138: Application time: 0.0617000 seconds
133.138: [GC133.138: [ParNew: 36865K->4144K(37568K), 0.0017160 secs] 240962K->209310K(431300K), 0.0017550 secs] [Times: user=0.01 sys=0.00, real=0.00 secs] 
133.140: Total time for which application threads were stopped: 0.0018970 seconds, Stopping threads took: 0.0000760 seconds
133.199: Application time: 0.0589920 seconds
133.199: [GC133.199: [ParNew: 36794K->4118K(37568K), 0.0019380 secs] 241960K->211361K(431300K), 0.0019780 secs] [Times: user=0.01 sys=0.00, real=0.00 secs] 
133.201: Total time for which application threads were stopped: 0.0021320 seconds, Stopping threads took: 0.0000860 seconds
133.261: Application time: 0.0601240 seconds
133.261: [GC133.261: [ParNew: 36933K->4158K(37568K), 0.0017710 secs] 244176K->212425K(431300K), 0.0018090 secs] [Times: user=0.02 sys=0.00, real=0.00 secs] 
133.263: Total time for which application threads were stopped: 0.0019450 seconds, Stopping threads took: 0.0000660 seconds
133.322: Application time: 0.0591730 seconds
133.322: [GC133.322: [ParNew: 36787K->4116K(37568K), 0.0017030 secs] 245053K->213436K(431300K), 0.0017430 secs] [Times: user=0.01 sys=0.00, real=0.00 secs] 
133.324: Total time for which application threads were stopped: 0.0018770 seconds, Stopping threads took: 0.0000680 seconds
133.383: Application time: 0.0592310 seconds
133.383: [GC133.383: [ParNew: 36838K->4132K(37568K), 0.0020580 secs] 246157K->215499K(431300K), 0.0021010 secs] [Times: user=0.02 sys=0.00, real=0.01 secs] 
133.385: Total time for which application threads were stopped: 0.0022450 seconds, Stopping threads took: 0.0000760 seconds
133.447: Application time: 0.0621270 seconds
133.448: [GC133.448: [ParNew: 36975K->4115K(37568K), 0.0019190 secs] 248342K->217530K(431300K), 0.0019630 secs] [Times: user=0.02 sys=0.00, real=0.00 secs] 
133.450: Total time for which application threads were stopped: 0.0020870 seconds, Stopping threads took: 0.0000550 seconds
133.509: Application time: 0.0593440 seconds
133.509: [GC133.509: [ParNew: 36848K->4131K(37568K), 0.0017770 secs] 250263K->218570K(431300K), 0.0018190 secs] [Times: user=0.01 sys=0.00, real=0.00 secs] 
133.511: Total time for which application threads were stopped: 0.0019600 seconds, Stopping threads took: 0.0000740 seconds
133.574: Application time: 0.0634760 seconds
133.574: [GC133.575: [ParNew: 37029K->4117K(37568K), 0.0019300 secs] 251469K->220605K(431300K), 0.0019680 secs] [Times: user=0.01 sys=0.00, real=0.01 secs] 
133.576: Total time for which application threads were stopped: 0.0020990 seconds, Stopping threads took: 0.0000680 seconds
133.637: Application time: 0.0601820 seconds
133.637: [GC133.637: [ParNew: 37063K->4140K(37568K), 0.0019780 secs] 253550K->222675K(431300K), 0.0020190 secs] [Times: user=0.01 sys=0.00, real=0.00 secs] 
133.639: Total time for which application threads were stopped: 0.0021870 seconds, Stopping threads took: 0.0000920 seconds
133.701: Application time: 0.0625960 seconds
133.704: [GC133.704: [ParNew: 37091K->4159K(37568K), 0.0015310 secs] 255627K->222725K(431300K), 0.0015690 secs] [Times: user=0.01 sys=0.00, real=0.00 secs] 
133.706: Total time for which application threads were stopped: 0.0045320 seconds, Stopping threads took: 0.0028960 seconds
133.765: Application time: 0.0593220 seconds
133.765: [GC133.765: [ParNew: 37073K->4159K(37568K), 0.0016150 secs] 255640K->222842K(431300K), 0.0016500 secs] [Times: user=0.01 sys=0.00, real=0.00 secs] 
133.767: Total time for which application threads were stopped: 0.0017930 seconds, Stopping threads took: 0.0000700 seconds
133.828: Application time: 0.0611540 seconds
133.828: [GC133.828: [ParNew: 36908K->4156K(37568K), 0.0032320 secs] 255590K->223896K(431300K), 0.0032720 secs] [Times: user=0.01 sys=0.00, real=0.00 secs] 
133.832: Total time for which application threads were stopped: 0.0033980 seconds, Stopping threads took: 0.0000620 seconds
133.892: Application time: 0.0601020 seconds
133.892: [GC133.892: [ParNew: 36787K->4118K(37568K), 0.0017380 secs] 256527K->224907K(431300K), 0.0017750 secs] [Times: user=0.02 sys=0.00, real=0.00 secs] 
133.894: Total time for which application threads were stopped: 0.0019060 seconds, Stopping threads took: 0.0000680 seconds
133.950: Application time: 0.0566330 seconds
133.950: [GC133.950: [ParNew: 37526K->4149K(37568K), 0.0016950 secs] 258315K->225978K(431300K), 0.0017290 secs] [Times: user=0.01 sys=0.00, real=0.00 secs] 
133.952: Total time for which application threads were stopped: 0.0018790 seconds, Stopping threads took: 0.0000880 seconds
134.016: Application time: 0.0637550 seconds
134.016: [GC134.016: [ParNew: 37040K->4116K(37568K), 0.0013300 secs] 258869K->225957K(431300K), 0.0013660 secs] [Times: user=0.01 sys=0.00, real=0.01 secs] 
134.017: Total time for which application threads were stopped: 0.0014820 seconds, Stopping threads took: 0.0000540 seconds
134.073: Application time: 0.0556520 seconds
134.073: [GC134.073: [ParNew: 36855K->4114K(37568K), 0.0022470 secs] 258696K->229027K(431300K), 0.0022900 secs] [Times: user=0.02 sys=0.00, real=0.00 secs] 
134.075: Total time for which application threads were stopped: 0.0024190 seconds, Stopping threads took: 0.0000600 seconds
134.136: Application time: 0.0602730 seconds
134.136: [GC134.136: [ParNew: 37033K->4114K(37568K), 0.0023110 secs] 261946K->232099K(431300K), 0.0023500 secs] [Times: user=0.01 sys=0.00, real=0.01 secs] 
134.138: Total time for which application threads were stopped: 0.0025160 seconds, Stopping threads took: 0.0001010 seconds
134.203: Application time: 0.0643890 seconds
134.203: [GC134.203: [ParNew: 37079K->4114K(37568K), 0.0022370 secs] 265064K->235171K(431300K), 0.0022810 secs] [Times: user=0.01 sys=0.00, real=0.01 secs] 
134.205: Total time for which application threads were stopped: 0.0024170 seconds, Stopping threads took: 0.0000590 seconds
134.266: Application time: 0.0611590 seconds
134.266: [GC134.266: [ParNew: 37058K->4117K(37568K), 0.0021170 secs] 268115K->237222K(431300K), 0.0021590 secs] [Times: user=0.02 sys=0.00, real=0.00 secs] 
134.269: Total time for which application threads were stopped: 0.0022920 seconds, Stopping threads took: 0.0000680 seconds
134.334: Application time: 0.0653200 seconds
134.334: [GC134.334: [ParNew: 37219K->4156K(37568K), 0.0019610 secs] 270324K->239309K(431300K), 0.0020040 secs] [Times: user=0.01 sys=0.00, real=0.00 secs] 
134.336: Total time for which application threads were stopped: 0.0021260 seconds, Stopping threads took: 0.0000570 seconds
134.396: Application time: 0.0601610 seconds
134.396: [GC134.396: [ParNew: 37122K->4156K(37568K), 0.0017720 secs] 272275K->240410K(431300K), 0.0018200 secs] [Times: user=0.00 sys=0.00, real=0.01 secs] 
134.398: Total time for which application threads were stopped: 0.0019600 seconds, Stopping threads took: 0.0000740 seconds
134.461: Application time: 0.0629370 seconds
134.461: [GC134.461: [ParNew: 37214K->4159K(37568K), 0.0015580 secs] 273467K->240494K(431300K), 0.0015980 secs] [Times: user=0.01 sys=0.00, real=0.00 secs] 
134.463: Total time for which application threads were stopped: 0.0017300 seconds, Stopping threads took: 0.0000650 seconds
134.524: Application time: 0.0613650 seconds
134.524: [GC134.524: [ParNew: 36828K->3163K(37568K), 0.0012140 secs] 273163K->239511K(431300K), 0.0012510 secs] [Times: user=0.01 sys=0.00, real=0.01 secs] 
134.526: Total time for which application threads were stopped: 0.0013720 seconds, Stopping threads took: 0.0000590 seconds
134.585: Application time: 0.0598440 seconds
134.585: [GC134.586: [ParNew: 36571K->3096K(37568K), 0.0012500 secs] 272919K->239473K(431300K), 0.0012960 secs] [Times: user=0.01 sys=0.00, real=0.00 secs] 
134.587: Total time for which application threads were stopped: 0.0014270 seconds, Stopping threads took: 0.0000670 seconds
134.645: Application time: 0.0579240 seconds
134.645: [GC134.645: [ParNew: 35630K->4147K(37568K), 0.0016580 secs] 272007K->241548K(431300K), 0.0016940 secs] [Times: user=0.01 sys=0.00, real=0.00 secs] 
134.647: Total time for which application threads were stopped: 0.0018170 seconds, Stopping threads took: 0.0000600 seconds
134.703: Application time: 0.0564820 seconds
134.703: [GC134.703: [ParNew: 36689K->4116K(37568K), 0.0016780 secs] 274090K->242569K(431300K), 0.0017150 secs] [Times: user=0.01 sys=0.00, real=0.01 secs] 
134.705: Total time for which application threads were stopped: 0.0018800 seconds, Stopping threads took: 0.0001040 seconds
134.764: Application time: 0.0588440 seconds
134.764: [GC134.764: [ParNew: 36911K->4112K(37568K), 0.0023200 secs] 275364K->245637K(431300K), 0.0023660 secs] [Times: user=0.01 sys=0.00, real=0.01 secs] 
134.766: Total time for which application threads were stopped: 0.0025100 seconds, Stopping threads took: 0.0000620 seconds
134.828: Application time: 0.0615700 seconds
134.828: [GC134.828: [ParNew: 37086K->4111K(37568K), 0.0022860 secs] 278611K->248709K(431300K), 0.0023280 secs] [Times: user=0.02 sys=0.00, real=0.00 secs] 
134.830: Total time for which application threads were stopped: 0.0024810 seconds, Stopping threads took: 0.0000840 seconds
134.894: Application time: 0.0639020 seconds
134.894: [GC134.894: [ParNew: 37105K->4112K(37568K), 0.0018960 secs] 281703K->250758K(431300K), 0.0019450 secs] [Times: user=0.01 sys=0.01, real=0.01 secs] 
134.896: Total time for which application threads were stopped: 0.0020940 seconds, Stopping threads took: 0.0000830 seconds
134.955: Application time: 0.0583660 seconds
134.955: [GC134.955: [ParNew: 36879K->4130K(37568K), 0.0021490 secs] 283525K->252823K(431300K), 0.0021910 secs] [Times: user=0.01 sys=0.00, real=0.01 secs] 
134.957: Total time for which application threads were stopped: 0.0023500 seconds, Stopping threads took: 0.0000920 seconds
135.021: Application time: 0.0642460 seconds
135.021: [GC135.021: [ParNew: 37200K->4158K(37568K), 0.0020020 secs] 285893K->254904K(431300K), 0.0020460 secs] [Times: user=0.02 sys=0.00, real=0.00 secs] 
135.023: Total time for which application threads were stopped: 0.0021700 seconds, Stopping threads took: 0.0000570 seconds
135.087: Application time: 0.0639750 seconds
135.088: [GC135.088: [ParNew: 37258K->4155K(37568K), 0.0017920 secs] 288004K->255989K(431300K), 0.0018340 secs] [Times: user=0.01 sys=0.00, real=0.00 secs] 
135.089: Total time for which application threads were stopped: 0.0020030 seconds, Stopping threads took: 0.0001030 seconds
135.151: Application time: 0.0613460 seconds
135.151: [GC135.151: [ParNew: 37177K->4158K(37568K), 0.0020590 secs] 289012K->258113K(431300K), 0.0021010 secs] [Times: user=0.02 sys=0.00, real=0.00 secs] 
135.153: Total time for which application threads were stopped: 0.0022370 seconds, Stopping threads took: 0.0000650 seconds
135.216: Application time: 0.0629610 seconds
135.216: [GC135.216: [ParNew: 37038K->3170K(37568K), 0.0012440 secs] 290993K->257155K(431300K), 0.0012790 secs] [Times: user=0.01 sys=0.00, real=0.01 secs] 
135.217: Total time for which application threads were stopped: 0.0014020 seconds, Stopping threads took: 0.0000580 seconds
135.279: Application time: 0.0614440 seconds
135.279: [GC135.279: [ParNew: 36578K->3151K(37568K), 0.0012720 secs] 290563K->257165K(431300K), 0.0013060 secs] [Times: user=0.00 sys=0.00, real=0.00 secs] 
135.280: Total time for which application threads were stopped: 0.0014310 seconds, Stopping threads took: 0.0000560 seconds
135.339: Application time: 0.0591150 seconds
135.340: [GC135.340: [ParNew: 36449K->4118K(37568K), 0.0017580 secs] 290462K->259156K(431300K), 0.0017950 secs] [Times: user=0.01 sys=0.00, real=0.00 secs] 
135.341: Total time for which application threads were stopped: 0.0019490 seconds, Stopping threads took: 0.0000810 seconds
135.343: Application time: 0.0012500 seconds
135.343: Total time for which application threads were stopped: 0.0000640 seconds, Stopping threads took: 0.0000450 seconds
135.404: Application time: 0.0610800 seconds
135.404: [GC135.404: [ParNew: 36968K->4116K(37568K), 0.0016400 secs] 292005K->260177K(431300K), 0.0016800 secs] [Times: user=0.01 sys=0.00, real=0.01 secs] 
135.406: Total time for which application threads were stopped: 0.0018110 seconds, Stopping threads took: 0.0000640 seconds
135.465: Application time: 0.0597150 seconds
135.465: [GC135.465: [ParNew: 36737K->4115K(37568K), 0.0020450 secs] 292798K->262224K(431300K), 0.0020850 secs] [Times: user=0.01 sys=0.00, real=0.00 secs] 
135.468: Total time for which application threads were stopped: 0.0022210 seconds, Stopping threads took: 0.0000700 seconds
135.532: Application time: 0.0645530 seconds
135.532: [GC135.532: [ParNew: 37064K->4112K(37568K), 0.0019400 secs] 295173K->264269K(431300K), 0.0019850 secs] [Times: user=0.01 sys=0.00, real=0.00 secs] 
135.534: Total time for which application threads were stopped: 0.0021130 seconds, Stopping threads took: 0.0000580 seconds
135.597: Application time: 0.0623610 seconds
135.597: [GC135.597: [ParNew: 36709K->4110K(37568K), 0.0021100 secs] 296867K->266315K(431300K), 0.0021550 secs] [Times: user=0.02 sys=0.00, real=0.00 secs] 
135.599: Total time for which application threads were stopped: 0.0023130 seconds, Stopping threads took: 0.0000910 seconds
135.646: Application time: 0.0468810 seconds
135.646: Total time for which application threads were stopped: 0.0001130 seconds, Stopping threads took: 0.0000900 seconds
135.666: Application time: 0.0198430 seconds
135.666: [GC135.666: [ParNew: 36895K->4110K(37568K), 0.0017120 secs] 299100K->267339K(431300K), 0.0017560 secs] [Times: user=0.01 sys=0.00, real=0.00 secs] 
135.668: Total time for which application threads were stopped: 0.0019030 seconds, Stopping threads took: 0.0000780 seconds
135.668: [CMS-concurrent-abortable-preclean: 0.063/4.536 secs] [Times: user=35.47 sys=0.05, real=4.54 secs] 
135.668: Application time: 0.0000740 seconds
135.668: [GC[YG occupancy: 5134 K (37568 K)]135.668: [Rescan (parallel) , 0.0001970 secs]135.668: [weak refs processing, 0.0000060 secs]135.668: [scrub string table, 0.0000970 secs] [1 CMS-remark: 263229K(393732K)] 268363K(431300K), 0.0003240 secs] [Times: user=0.00 sys=0.00, real=0.00 secs] 
135.668: Total time for which application threads were stopped: 0.0004990 seconds, Stopping threads took: 0.0001450 seconds
135.668: [CMS-concurrent-sweep-start]
135.670: [CMS-concurrent-sweep: 0.001/0.001 secs] [Times: user=0.00 sys=0.00, real=0.00 secs] 
135.670: [CMS-concurrent-reset-start]
135.672: [CMS-concurrent-reset: 0.002/0.002 secs] [Times: user=0.01 sys=0.00, real=0.00 secs] 
135.723: Application time: 0.0545430 seconds
135.723: Total time for which application threads were stopped: 0.0001080 seconds, Stopping threads took: 0.0000810 seconds
135.726: Application time: 0.0033240 seconds
135.726: Total time for which application threads were stopped: 0.0000470 seconds, Stopping threads took: 0.0000310 seconds
135.748: Application time: 0.0216420 seconds
135.748: [GC135.748: [ParNew: 36703K->2058K(37568K), 0.0010070 secs] 143057K->108412K(431300K), 0.0010430 secs] [Times: user=0.00 sys=0.00, real=0.00 secs] 
135.749: Total time for which application threads were stopped: 0.0011660 seconds, Stopping threads took: 0.0000590 seconds
135.772: Application time: 0.0231260 seconds
135.772: Total time for which application threads were stopped: 0.0000570 seconds, Stopping threads took: 0.0000360 seconds
135.797: Application time: 0.0248030 seconds
135.797: Total time for which application threads were stopped: 0.0000670 seconds, Stopping threads took: 0.0000340 seconds
135.829: Application time: 0.0322840 seconds
135.829: Total time for which application threads were stopped: 0.0001210 seconds, Stopping threads took: 0.0000860 seconds
135.854: Application time: 0.0242150 seconds
135.854: [GC135.854: [ParNew: 35068K->4158K(37568K), 0.0025040 secs] 141423K->113765K(431300K), 0.0025560 secs] [Times: user=0.02 sys=0.00, real=0.01 secs] 
135.857: Total time for which application threads were stopped: 0.0032720 seconds, Stopping threads took: 0.0006460 seconds
135.927: Application time: 0.0703210 seconds
135.928: [GC135.928: [ParNew: 37519K->4100K(37568K), 0.0015040 secs] 147126K->113762K(431300K), 0.0015410 secs] [Times: user=0.01 sys=0.00, real=0.00 secs] 
135.929: Total time for which application threads were stopped: 0.0019640 seconds, Stopping threads took: 0.0003600 seconds
136.000: Application time: 0.0705640 seconds
136.000: [GC136.000: [ParNew: 37467K->1036K(37568K), 0.0006370 secs] 147129K->110698K(431300K), 0.0006740 secs] [Times: user=0.00 sys=0.00, real=0.00 secs] 
136.001: Total time for which application threads were stopped: 0.0008140 seconds, Stopping threads took: 0.0000790 seconds
136.063: Application time: 0.0620380 seconds
136.063: [GC136.063: [ParNew: 33924K->4106K(37568K), 0.0020890 secs] 143587K->115816K(431300K), 0.0021310 secs] [Times: user=0.01 sys=0.00, real=0.01 secs] 
136.065: Total time for which application threads were stopped: 0.0025840 seconds, Stopping threads took: 0.0003810 seconds
136.135: Application time: 0.0692220 seconds
136.135: [GC136.135: [ParNew: 37109K->3105K(37568K), 0.0011380 secs] 148820K->114816K(431300K), 0.0011730 secs] [Times: user=0.00 sys=0.00, real=0.00 secs] 
136.136: Total time for which application threads were stopped: 0.0013250 seconds, Stopping threads took: 0.0000930 seconds
136.201: Application time: 0.0655550 seconds
136.202: [GC136.202: [ParNew: 35902K->61K(37568K), 0.0005040 secs] 147613K->111772K(431300K), 0.0005320 secs] [Times: user=0.00 sys=0.00, real=0.00 secs] 
136.202: Total time for which application threads were stopped: 0.0006510 seconds, Stopping threads took: 0.0000650 seconds
136.240: Application time: 0.0375550 seconds
136.240: [GC136.240: [ParNew: 32843K->4112K(37568K), 0.0023860 secs] 144553K->118894K(431300K), 0.0024260 secs] [Times: user=0.02 sys=0.00, real=0.00 secs] 
136.242: Total time for which application threads were stopped: 0.0026170 seconds, Stopping threads took: 0.0001240 seconds
136.308: Application time: 0.0660330 seconds
136.308: [GC136.308: [ParNew: 37123K->4117K(37568K), 0.0016190 secs] 151906K->119924K(431300K), 0.0016600 secs] [Times: user=0.01 sys=0.00, real=0.00 secs] 
136.310: Total time for which application threads were stopped: 0.0018100 seconds, Stopping threads took: 0.0000720 seconds
136.374: Application time: 0.0635600 seconds
136.374: [GC136.374: [ParNew: 37091K->4111K(37568K), 0.0019890 secs] 152898K->121966K(431300K), 0.0020280 secs] [Times: user=0.02 sys=0.00, real=0.00 secs] 
136.376: Total time for which application threads were stopped: 0.0021470 seconds, Stopping threads took: 0.0000610 seconds
136.434: Application time: 0.0584550 seconds
136.434: [GC136.434: [ParNew: 37009K->4112K(37568K), 0.0022850 secs] 154864K->125039K(431300K), 0.0023220 secs] [Times: user=0.02 sys=0.00, real=0.01 secs] 
136.437: Total time for which application threads were stopped: 0.0024500 seconds, Stopping threads took: 0.0000640 seconds
136.501: Application time: 0.0642470 seconds
136.501: [GC136.501: [ParNew: 37122K->4110K(37568K), 0.0021760 secs] 158049K->128109K(431300K), 0.0022200 secs] [Times: user=0.02 sys=0.00, real=0.00 secs] 
136.503: Total time for which application threads were stopped: 0.0023760 seconds, Stopping threads took: 0.0000900 seconds
136.562: Application time: 0.0588050 seconds
136.562: [GC136.562: [ParNew: 36769K->4156K(37568K), 0.0023480 secs] 160768K->131407K(431300K), 0.0023910 secs] [Times: user=0.02 sys=0.00, real=0.01 secs] 
136.565: Total time for which application threads were stopped: 0.0025250 seconds, Stopping threads took: 0.0000680 seconds
136.630: Application time: 0.0658180 seconds
136.631: [GC136.631: [ParNew: 37162K->4114K(37568K), 0.0023500 secs] 164413K->134486K(431300K), 0.0023930 secs] [Times: user=0.02 sys=0.00, real=0.00 secs] 
136.633: Total time for which application threads were stopped: 0.0025410 seconds, Stopping threads took: 0.0000740 seconds
136.698: Application time: 0.0653650 seconds
136.699: [GC136.699: [ParNew: 37095K->4112K(37568K), 0.0022170 secs] 167468K->137557K(431300K), 0.0022610 secs] [Times: user=0.01 sys=0.00, real=0.00 secs] 
136.701: Total time for which application threads were stopped: 0.0024230 seconds, Stopping threads took: 0.0000950 seconds
136.764: Application time: 0.0629130 seconds
136.764: [GC136.764: [ParNew: 37010K->4132K(37568K), 0.0019520 secs] 170454K->139625K(431300K), 0.0019950 secs] [Times: user=0.02 sys=0.00, real=0.01 secs] 
136.766: Total time for which application threads were stopped: 0.0021330 seconds, Stopping threads took: 0.0000690 seconds
136.830: Application time: 0.0646220 seconds
136.831: [GC136.831: [ParNew: 37041K->3109K(37568K), 0.0011570 secs] 172534K->138602K(431300K), 0.0011920 secs] [Times: user=0.01 sys=0.00, real=0.00 secs] 
136.832: Total time for which application threads were stopped: 0.0013100 seconds, Stopping threads took: 0.0000480 seconds
136.895: Application time: 0.0634910 seconds
136.895: [GC136.895: [ParNew: 35768K->125K(37568K), 0.0005510 secs] 171261K->135618K(431300K), 0.0005800 secs] [Times: user=0.00 sys=0.00, real=0.00 secs] 
136.896: Total time for which application threads were stopped: 0.0007040 seconds, Stopping threads took: 0.0000720 seconds
136.936: Application time: 0.0396100 seconds
136.936: [GC136.936: [ParNew: 33071K->4112K(37568K), 0.0023390 secs] 168564K->142676K(431300K), 0.0023780 secs] [Times: user=0.02 sys=0.00, real=0.01 secs] 
136.938: Total time for which application threads were stopped: 0.0025480 seconds, Stopping threads took: 0.0001030 seconds
137.002: Application time: 0.0635470 seconds
137.002: [GC137.002: [ParNew: 37101K->4111K(37568K), 0.0019980 secs] 175666K->144724K(431300K), 0.0020330 secs] [Times: user=0.02 sys=0.00, real=0.00 secs] 
137.004: Total time for which application threads were stopped: 0.0021610 seconds, Stopping threads took: 0.0000620 seconds
137.071: Application time: 0.0668020 seconds
137.071: [GC137.071: [ParNew: 37140K->3090K(37568K), 0.0010400 secs] 177752K->143703K(431300K), 0.0010700 secs] [Times: user=0.01 sys=0.00, real=0.00 secs] 
137.072: Total time for which application threads were stopped: 0.0011750 seconds, Stopping threads took: 0.0000500 seconds
137.130: Application time: 0.0578820 seconds
137.130: [GC137.130: [ParNew: 35945K->4110K(37568K), 0.0019160 secs] 176557K->146771K(431300K), 0.0019520 secs] [Times: user=0.01 sys=0.00, real=0.00 secs] 
137.132: Total time for which application threads were stopped: 0.0020850 seconds, Stopping threads took: 0.0000680 seconds
137.197: Application time: 0.0654500 seconds
137.198: [GC137.198: [ParNew: 37116K->4112K(37568K), 0.0019250 secs] 179777K->148820K(431300K), 0.0019650 secs] [Times: user=0.01 sys=0.00, real=0.00 secs] 
137.200: Total time for which application threads were stopped: 0.0022280 seconds, Stopping threads took: 0.0001970 seconds
137.261: Application time: 0.0611130 seconds
137.261: [GC137.261: [ParNew: 36815K->4158K(37568K), 0.0022870 secs] 181523K->152119K(431300K), 0.0023290 secs] [Times: user=0.01 sys=0.00, real=0.00 secs] 
137.263: Total time for which application threads were stopped: 0.0024510 seconds, Stopping threads took: 0.0000580 seconds
137.325: Application time: 0.0620260 seconds
137.325: [GC137.325: [ParNew: 37113K->4112K(37568K), 0.0020430 secs] 185074K->154169K(431300K), 0.0020830 secs] [Times: user=0.02 sys=0.00, real=0.00 secs] 
137.327: Total time for which application threads were stopped: 0.0022040 seconds, Stopping threads took: 0.0000590 seconds
137.391: Application time: 0.0636870 seconds
137.391: [GC137.391: [ParNew: 37035K->4120K(37568K), 0.0023090 secs] 187092K->157249K(431300K), 0.0023490 secs] [Times: user=0.02 sys=0.00, real=0.00 secs] 
137.393: Total time for which application threads were stopped: 0.0024950 seconds, Stopping threads took: 0.0000710 seconds
137.457: Application time: 0.0637110 seconds
137.457: [GC137.457: [ParNew: 37038K->4110K(37568K), 0.0017290 secs] 190167K->158263K(431300K), 0.0017760 secs] [Times: user=0.01 sys=0.00, real=0.00 secs] 
137.459: Total time for which application threads were stopped: 0.0020110 seconds, Stopping threads took: 0.0001680 seconds
137.524: Application time: 0.0643050 seconds
137.524: [GC137.524: [ParNew: 37518K->3114K(37568K), 0.0013440 secs] 191671K->157267K(431300K), 0.0013790 secs] [Times: user=0.01 sys=0.00, real=0.01 secs] 
137.525: Total time for which application threads were stopped: 0.0015000 seconds, Stopping threads took: 0.0000640 seconds
137.586: Application time: 0.0608830 seconds
137.586: [GC137.586: [ParNew: 36522K->4154K(37568K), 0.0014670 secs] 190675K->158307K(431300K), 0.0015050 secs] [Times: user=0.01 sys=0.00, real=0.00 secs] 
137.588: Total time for which application threads were stopped: 0.0016230 seconds, Stopping threads took: 0.0000550 seconds
137.648: Application time: 0.0606900 seconds
137.648: [GC137.648: [ParNew: 37562K->3138K(37568K), 0.0010970 secs] 191715K->157291K(431300K), 0.0011280 secs] [Times: user=0.01 sys=0.00, real=0.00 secs] 
137.649: Total time for which application threads were stopped: 0.0012380 seconds, Stopping threads took: 0.0000550 seconds
137.705: Application time: 0.0557670 seconds
137.705: [GC137.705: [ParNew: 36546K->4119K(37568K), 0.0023210 secs] 190699K->161345K(431300K), 0.0023620 secs] [Times: user=0.02 sys=0.00, real=0.00 secs] 
137.708: Total time for which application threads were stopped: 0.0025010 seconds, Stopping threads took: 0.0000730 seconds
137.765: Application time: 0.0573220 seconds
137.765: [GC137.765: [ParNew: 37011K->4112K(37568K), 0.0024450 secs] 194236K->164409K(431300K), 0.0024870 secs] [Times: user=0.01 sys=0.00, real=0.00 secs] 
137.768: Total time for which application threads were stopped: 0.0026220 seconds, Stopping threads took: 0.0000670 seconds
137.833: Application time: 0.0649170 seconds
137.833: [GC137.833: [ParNew: 37099K->4113K(37568K), 0.0018900 secs] 197396K->166458K(431300K), 0.0019290 secs] [Times: user=0.02 sys=0.00, real=0.00 secs] 
137.835: Total time for which application threads were stopped: 0.0020810 seconds, Stopping threads took: 0.0000880 seconds
137.894: Application time: 0.0592880 seconds
137.894: [GC137.894: [ParNew: 37031K->4112K(37568K), 0.0022250 secs] 199377K->169529K(431300K), 0.0022700 secs] [Times: user=0.01 sys=0.01, real=0.01 secs] 
137.896: Total time for which application threads were stopped: 0.0024190 seconds, Stopping threads took: 0.0000720 seconds
137.896: Application time: 0.0000460 seconds
137.897: [GC [1 CMS-initial-mark: 165417K(393732K)] 170553K(431300K), 0.0001230 secs] [Times: user=0.00 sys=0.00, real=0.00 secs] 
137.897: Total time for which application threads were stopped: 0.0003410 seconds, Stopping threads took: 0.0001910 seconds
137.897: [CMS-concurrent-mark-start]
137.900: [CMS-concurrent-mark: 0.003/0.003 secs] [Times: user=0.01 sys=0.00, real=0.00 secs] 
137.900: [CMS-concurrent-preclean-start]
137.900: [CMS-concurrent-preclean: 0.000/0.000 secs] [Times: user=0.00 sys=0.00, real=0.00 secs] 
137.900: Application time: 0.0033420 seconds
137.900: [GC[YG occupancy: 5208 K (37568 K)]137.900: [Rescan (parallel) , 0.0002440 secs]137.900: [weak refs processing, 0.0000060 secs]137.900: [scrub string table, 0.0001480 secs] [1 CMS-remark: 165417K(393732K)] 170626K(431300K), 0.0004270 secs] [Times: user=0.00 sys=0.00, real=0.00 secs] 
137.901: Total time for which application threads were stopped: 0.0005010 seconds, Stopping threads took: 0.0000450 seconds
137.901: [CMS-concurrent-sweep-start]
137.902: [CMS-concurrent-sweep: 0.001/0.001 secs] [Times: user=0.01 sys=0.00, real=0.00 secs] 
137.902: [CMS-concurrent-reset-start]
137.904: [CMS-concurrent-reset: 0.002/0.002 secs] [Times: user=0.00 sys=0.00, real=0.00 secs] 
137.960: Application time: 0.0596640 seconds
137.964: [GC137.964: [ParNew: 36897K->4158K(37568K), 0.0025130 secs] 43575K->14088K(431300K), 0.0025530 secs] [Times: user=0.01 sys=0.00, real=0.00 secs] 
137.967: Total time for which application threads were stopped: 0.0066990 seconds, Stopping threads took: 0.0040580 seconds
138.033: Application time: 0.0656340 seconds
138.033: [GC138.033: [ParNew: 37166K->4112K(37568K), 0.0021990 secs] 47095K->17162K(431300K), 0.0022510 secs] [Times: user=0.02 sys=0.00, real=0.00 secs] 
138.035: Total time for which application threads were stopped: 0.0023860 seconds, Stopping threads took: 0.0000680 seconds
138.096: Application time: 0.0609270 seconds
138.096: [GC138.096: [ParNew: 36965K->4112K(37568K), 0.0016450 secs] 50014K->18185K(431300K), 0.0016860 secs] [Times: user=0.02 sys=0.00, real=0.01 secs] 
138.098: Total time for which application threads were stopped: 0.0018240 seconds, Stopping threads took: 0.0000690 seconds
138.161: Application time: 0.0636640 seconds
138.162: [GC138.162: [ParNew: 36985K->4144K(37568K), 0.0018190 secs] 51058K->19241K(431300K), 0.0018570 secs] [Times: user=0.02 sys=0.00, real=0.00 secs] 
138.163: Total time for which application threads were stopped: 0.0020240 seconds, Stopping threads took: 0.0001000 seconds
138.225: Application time: 0.0612730 seconds
138.225: [GC138.225: [ParNew: 36665K->4134K(37568K), 0.0014530 secs] 51762K->19231K(431300K), 0.0014910 secs] [Times: user=0.01 sys=0.00, real=0.00 secs] 
138.226: Total time for which application threads were stopped: 0.0016120 seconds, Stopping threads took: 0.0000620 seconds
138.289: Application time: 0.0629170 seconds
138.289: [GC138.289: [ParNew: 36728K->3112K(37568K), 0.0013170 secs] 51826K->18210K(431300K), 0.0013530 secs] [Times: user=0.01 sys=0.00, real=0.00 secs] 
138.291: Total time for which application threads were stopped: 0.0014680 seconds, Stopping threads took: 0.0000530 seconds
138.350: Application time: 0.0590840 seconds
138.350: [GC138.350: [ParNew: 36296K->3102K(37568K), 0.0010180 secs] 51394K->18199K(431300K), 0.0010520 secs] [Times: user=0.01 sys=0.00, real=0.00 secs] 
138.351: Total time for which application threads were stopped: 0.0011830 seconds, Stopping threads took: 0.0000740 seconds
138.406: Application time: 0.0554500 seconds
138.407: [GC138.407: [ParNew: 36510K->4115K(37568K), 0.0016070 secs] 51607K->20237K(431300K), 0.0016430 secs] [Times: user=0.01 sys=0.00, real=0.00 secs] 
138.408: Total time for which application threads were stopped: 0.0017730 seconds, Stopping threads took: 0.0000580 seconds
138.464: Application time: 0.0559560 seconds
138.464: [GC138.464: [ParNew: 36914K->4113K(37568K), 0.0019790 secs] 53035K->22282K(431300K), 0.0020190 secs] [Times: user=0.02 sys=0.00, real=0.00 secs] 
138.466: Total time for which application threads were stopped: 0.0021620 seconds, Stopping threads took: 0.0000660 seconds
138.530: Application time: 0.0640380 seconds
138.531: [GC138.531: [ParNew: 37083K->4114K(37568K), 0.0021670 secs] 55253K->25355K(431300K), 0.0022090 secs] [Times: user=0.01 sys=0.00, real=0.00 secs] 
138.533: Total time for which application threads were stopped: 0.0023680 seconds, Stopping threads took: 0.0000950 seconds
138.591: Application time: 0.0584260 seconds
138.591: [GC138.591: [ParNew: 37003K->4112K(37568K), 0.0022540 secs] 58245K->28426K(431300K), 0.0022990 secs] [Times: user=0.01 sys=0.00, real=0.00 secs] 
138.594: Total time for which application threads were stopped: 0.0024350 seconds, Stopping threads took: 0.0000660 seconds
138.657: Application time: 0.0636240 seconds
138.657: [GC138.657: [ParNew: 36936K->4158K(37568K), 0.0020530 secs] 61250K->30701K(431300K), 0.0020910 secs] [Times: user=0.02 sys=0.00, real=0.00 secs] 
138.659: Total time for which application threads were stopped: 0.0022280 seconds, Stopping threads took: 0.0000710 seconds
138.721: Application time: 0.0617290 seconds
138.721: [GC138.721: [ParNew: 37078K->4114K(37568K), 0.0022910 secs] 63620K->33776K(431300K), 0.0023320 secs] [Times: user=0.02 sys=0.00, real=0.00 secs] 
138.724: Total time for which application threads were stopped: 0.0024540 seconds, Stopping threads took: 0.0000560 seconds
138.784: Application time: 0.0605050 seconds
138.784: [GC138.784: [ParNew: 36850K->4116K(37568K), 0.0017900 secs] 66513K->34802K(431300K), 0.0018370 secs] [Times: user=0.02 sys=0.00, real=0.00 secs] 
138.786: Total time for which application threads were stopped: 0.0020120 seconds, Stopping threads took: 0.0001080 seconds
138.852: Application time: 0.0658790 seconds
138.852: [GC138.852: [ParNew: 37117K->4151K(37568K), 0.0017220 secs] 67804K->35862K(431300K), 0.0017670 secs] [Times: user=0.01 sys=0.00, real=0.00 secs] 
138.854: Total time for which application threads were stopped: 0.0019060 seconds, Stopping threads took: 0.0000720 seconds
138.920: Application time: 0.0663050 seconds
138.920: [GC138.920: [ParNew: 36780K->4152K(37568K), 0.0014100 secs] 68490K->35862K(431300K), 0.0014490 secs] [Times: user=0.01 sys=0.00, real=0.00 secs] 
138.922: Total time for which application threads were stopped: 0.0016150 seconds, Stopping threads took: 0.0000930 seconds
138.981: Application time: 0.0593770 seconds
138.981: [GC138.981: [ParNew: 36558K->2093K(37568K), 0.0009360 secs] 68269K->33803K(431300K), 0.0009680 secs] [Times: user=0.00 sys=0.00, real=0.00 secs] 
138.982: Total time for which application threads were stopped: 0.0010920 seconds, Stopping threads took: 0.0000650 seconds
139.037: Application time: 0.0549610 seconds
139.037: [GC139.037: [ParNew: 35103K->4122K(37568K), 0.0016760 secs] 66814K->36856K(431300K), 0.0017140 secs] [Times: user=0.01 sys=0.00, real=0.00 secs] 
139.039: Total time for which application threads were stopped: 0.0018320 seconds, Stopping threads took: 0.0000530 seconds
139.096: Application time: 0.0570530 seconds
139.096: [GC139.096: [ParNew: 36771K->4118K(37568K), 0.0019150 secs] 69506K->38900K(431300K), 0.0019570 secs] [Times: user=0.01 sys=0.00, real=0.00 secs] 
139.098: Total time for which application threads were stopped: 0.0021320 seconds, Stopping threads took: 0.0001080 seconds
139.157: Application time: 0.0589790 seconds
139.157: [GC139.157: [ParNew: 36944K->4112K(37568K), 0.0022520 secs] 71727K->41966K(431300K), 0.0022910 secs] [Times: user=0.02 sys=0.00, real=0.00 secs] 
139.160: Total time for which application threads were stopped: 0.0024190 seconds, Stopping threads took: 0.0000620 seconds
139.221: Application time: 0.0614110 seconds
139.221: [GC139.221: [ParNew: 37066K->4114K(37568K), 0.0023250 secs] 74921K->45040K(431300K), 0.0023690 secs] [Times: user=0.02 sys=0.00, real=0.00 secs] 
139.224: Total time for which application threads were stopped: 0.0024970 seconds, Stopping threads took: 0.0000590 seconds
139.285: Application time: 0.0614580 seconds
139.285: [GC139.285: [ParNew: 37066K->4112K(37568K), 0.0022030 secs] 77993K->48110K(431300K), 0.0022420 secs] [Times: user=0.02 sys=0.00, real=0.00 secs] 
139.288: Total time for which application threads were stopped: 0.0023620 seconds, Stopping threads took: 0.0000560 seconds
139.349: Application time: 0.0610600 seconds
139.349: [GC139.349: [ParNew: 36874K->4159K(37568K), 0.0020990 secs] 80873K->50391K(431300K), 0.0021430 secs] [Times: user=0.01 sys=0.00, real=0.00 secs] 
139.351: Total time for which application threads were stopped: 0.0022790 seconds, Stopping threads took: 0.0000700 seconds
139.415: Application time: 0.0643520 seconds
139.415: [GC139.415: [ParNew: 37109K->4132K(37568K), 0.0019720 secs] 83340K->52455K(431300K), 0.0020140 secs] [Times: user=0.01 sys=0.00, real=0.01 secs] 
139.417: Total time for which application threads were stopped: 0.0021510 seconds, Stopping threads took: 0.0000700 seconds
139.479: Application time: 0.0616810 seconds
139.479: [GC139.479: [ParNew: 36936K->4132K(37568K), 0.0020480 secs] 85259K->54503K(431300K), 0.0020890 secs] [Times: user=0.01 sys=0.00, real=0.00 secs] 
139.481: Total time for which application threads were stopped: 0.0022290 seconds, Stopping threads took: 0.0000640 seconds
139.543: Application time: 0.0614030 seconds
139.543: [GC139.543: [ParNew: 36852K->4127K(37568K), 0.0016280 secs] 87223K->54497K(431300K), 0.0016690 secs] [Times: user=0.01 sys=0.00, real=0.01 secs] 
139.545: Total time for which application threads were stopped: 0.0018360 seconds, Stopping threads took: 0.0000980 seconds
139.609: Application time: 0.0646350 seconds
139.609: [GC139.609: [ParNew: 36985K->2106K(37568K), 0.0008960 secs] 87356K->52477K(431300K), 0.0009400 secs] [Times: user=0.01 sys=0.00, real=0.00 secs] 
139.610: Total time for which application threads were stopped: 0.0010830 seconds, Stopping threads took: 0.0000790 seconds
139.669: Application time: 0.0589490 seconds
139.669: [GC139.669: [ParNew: 35277K->2092K(37568K), 0.0008830 secs] 85648K->52463K(431300K), 0.0009160 secs] [Times: user=0.00 sys=0.00, real=0.00 secs] 
139.670: Total time for which application threads were stopped: 0.0010420 seconds, Stopping threads took: 0.0000630 seconds
139.726: Application time: 0.0556340 seconds
139.726: [GC139.726: [ParNew: 35419K->4121K(37568K), 0.0019330 secs] 85790K->56540K(431300K), 0.0019730 secs] [Times: user=0.01 sys=0.00, real=0.00 secs] 
139.728: Total time for which application threads were stopped: 0.0020960 seconds, Stopping threads took: 0.0000580 seconds
139.784: Application time: 0.0557460 seconds
139.784: [GC139.784: [ParNew: 36695K->4113K(37568K), 0.0017020 secs] 89114K->57556K(431300K), 0.0017410 secs] [Times: user=0.01 sys=0.00, real=0.01 secs] 
139.786: Total time for which application threads were stopped: 0.0018780 seconds, Stopping threads took: 0.0000720 seconds
139.848: Application time: 0.0626780 seconds
139.848: [GC139.848: [ParNew: 37009K->4113K(37568K), 0.0016020 secs] 90452K->58580K(431300K), 0.0016380 secs] [Times: user=0.01 sys=0.00, real=0.00 secs] 
139.850: Total time for which application threads were stopped: 0.0017750 seconds, Stopping threads took: 0.0000740 seconds
139.909: Application time: 0.0591740 seconds
139.909: [GC139.909: [ParNew: 37024K->4110K(37568K), 0.0023670 secs] 91491K->61649K(431300K), 0.0024080 secs] [Times: user=0.02 sys=0.00, real=0.00 secs] 
139.912: Total time for which application threads were stopped: 0.0025340 seconds, Stopping threads took: 0.0000570 seconds
139.973: Application time: 0.0616300 seconds
139.976: [GC139.976: [ParNew: 37067K->4112K(37568K), 0.0024870 secs] 94606K->64723K(431300K), 0.0025280 secs] [Times: user=0.02 sys=0.00, real=0.00 secs] 
139.979: Total time for which application threads were stopped: 0.0055550 seconds, Stopping threads took: 0.0029610 seconds
140.061: Application time: 0.0824520 seconds
140.062: [GC140.062: [ParNew: 36888K->4158K(37568K), 0.0023420 secs] 97499K->68021K(431300K), 0.0023870 secs] [Times: user=0.02 sys=0.00, real=0.00 secs] 
140.064: Total time for which application threads were stopped: 0.0025700 seconds, Stopping threads took: 0.0000850 seconds
140.124: Application time: 0.0599880 seconds
140.124: [GC140.124: [ParNew: 37060K->4116K(37568K), 0.0024160 secs] 100923K->71099K(431300K), 0.0024610 secs] [Times: user=0.01 sys=0.00, real=0.01 secs] 
140.127: Total time for which application threads were stopped: 0.0026070 seconds, Stopping threads took: 0.0000740 seconds
140.190: Application time: 0.0634290 seconds
140.190: [GC140.190: [ParNew: 37091K->4130K(37568K), 0.0019860 secs] 104074K->73162K(431300K), 0.0020290 secs] [Times: user=0.02 sys=0.00, real=0.00 secs] 
140.192: Total time for which application threads were stopped: 0.0021630 seconds, Stopping threads took: 0.0000660 seconds
140.252: Application time: 0.0596670 seconds
140.252: [GC140.252: [ParNew: 36710K->3140K(37568K), 0.0012090 secs] 105742K->72171K(431300K), 0.0012430 secs] [Times: user=0.01 sys=0.00, real=0.00 secs] 
140.253: Total time for which application threads were stopped: 0.0013660 seconds, Stopping threads took: 0.0000580 seconds
140.314: Application time: 0.0604320 seconds
140.314: [GC140.314: [ParNew: 36548K->2125K(37568K), 0.0009440 secs] 105579K->71157K(431300K), 0.0009770 secs] [Times: user=0.00 sys=0.00, real=0.00 secs] 
140.315: Total time for which application threads were stopped: 0.0011220 seconds, Stopping threads took: 0.0000830 seconds
140.376: Application time: 0.0611040 seconds
140.376: [GC140.376: [ParNew: 35533K->3114K(37568K), 0.0010310 secs] 104565K->72145K(431300K), 0.0010650 secs] [Times: user=0.01 sys=0.00, real=0.01 secs] 
140.377: Total time for which application threads were stopped: 0.0012070 seconds, Stopping threads took: 0.0000750 seconds
140.427: Application time: 0.0494690 seconds
140.427: [GC140.427: [ParNew: 36480K->4116K(37568K), 0.0022120 secs] 105511K->76219K(431300K), 0.0022510 secs] [Times: user=0.02 sys=0.00, real=0.00 secs] 
140.429: Total time for which application threads were stopped: 0.0023760 seconds, Stopping threads took: 0.0000600 seconds
140.488: Application time: 0.0587370 seconds
140.488: [GC140.488: [ParNew: 37067K->4114K(37568K), 0.0019780 secs] 109170K->78266K(431300K), 0.0020200 secs] [Times: user=0.01 sys=0.00, real=0.00 secs] 
140.490: Total time for which application threads were stopped: 0.0021950 seconds, Stopping threads took: 0.0001080 seconds
140.552: Application time: 0.0616610 seconds
140.552: [GC140.552: [ParNew: 37073K->4114K(37568K), 0.0023420 secs] 111225K->81337K(431300K), 0.0023850 secs] [Times: user=0.02 sys=0.00, real=0.00 secs] 
140.554: Total time for which application threads were stopped: 0.0025170 seconds, Stopping threads took: 0.0000640 seconds
140.616: Application time: 0.0617410 seconds
140.616: [GC140.616: [ParNew: 37079K->4112K(37568K), 0.0019640 secs] 114303K->83383K(431300K), 0.0020040 secs] [Times: user=0.01 sys=0.00, real=0.01 secs] 
140.618: Total time for which application threads were stopped: 0.0021690 seconds, Stopping threads took: 0.0000920 seconds
140.679: Application time: 0.0613960 seconds
140.679: [GC140.679: [ParNew: 37139K->4159K(37568K), 0.0015740 secs] 116410K->84454K(431300K), 0.0016110 secs] [Times: user=0.01 sys=0.00, real=0.00 secs] 
140.681: Total time for which application threads were stopped: 0.0017420 seconds, Stopping threads took: 0.0000690 seconds
140.738: Application time: 0.0569880 seconds
140.738: [GC140.738: [ParNew: 36612K->4158K(37568K), 0.0020330 secs] 116908K->86687K(431300K), 0.0020710 secs] [Times: user=0.01 sys=0.00, real=0.00 secs] 
140.740: Total time for which application threads were stopped: 0.0022170 seconds, Stopping threads took: 0.0000680 seconds
140.803: Application time: 0.0627070 seconds
140.803: [GC140.803: [ParNew: 37084K->4112K(37568K), 0.0017870 secs] 119613K->87708K(431300K), 0.0018240 secs] [Times: user=0.02 sys=0.00, real=0.01 secs] 
140.805: Total time for which application threads were stopped: 0.0019380 seconds, Stopping threads took: 0.0000510 seconds
140.864: Application time: 0.0591800 seconds
140.864: [GC140.864: [ParNew: 36953K->4113K(37568K), 0.0019660 secs] 120549K->89757K(431300K), 0.0020040 secs] [Times: user=0.01 sys=0.00, real=0.01 secs] 
140.866: Total time for which application threads were stopped: 0.0021430 seconds, Stopping threads took: 0.0000690 seconds
140.928: Application time: 0.0618860 seconds
140.928: [GC140.928: [ParNew: 36931K->4132K(37568K), 0.0013940 secs] 122575K->89776K(431300K), 0.0014320 secs] [Times: user=0.01 sys=0.00, real=0.00 secs] 
140.930: Total time for which application threads were stopped: 0.0015750 seconds, Stopping threads took: 0.0000720 seconds
140.991: Application time: 0.0615900 seconds
140.991: [GC140.991: [ParNew: 36855K->3147K(37568K), 0.0011330 secs] 122499K->88791K(431300K), 0.0011660 secs] [Times: user=0.01 sys=0.00, real=0.00 secs] 
140.993: Total time for which application threads were stopped: 0.0012900 seconds, Stopping threads took: 0.0000630 seconds
141.053: Application time: 0.0599090 seconds
141.053: [GC141.053: [ParNew: 36540K->1069K(37568K), 0.0006880 secs] 122183K->86713K(431300K), 0.0007160 secs] [Times: user=0.00 sys=0.00, real=0.00 secs] 
141.053: Total time for which application threads were stopped: 0.0008170 seconds, Stopping threads took: 0.0000500 seconds
141.102: Application time: 0.0484580 seconds
141.102: [GC141.102: [ParNew: 33954K->4116K(37568K), 0.0024450 secs] 119598K->92832K(431300K), 0.0024850 secs] [Times: user=0.01 sys=0.01, real=0.01 secs] 
141.104: Total time for which application threads were stopped: 0.0026340 seconds, Stopping threads took: 0.0000850 seconds
141.163: Application time: 0.0589750 seconds
141.164: [GC141.164: [ParNew: 37018K->4114K(37568K), 0.0022390 secs] 125734K->95902K(431300K), 0.0022890 secs] [Times: user=0.01 sys=0.00, real=0.01 secs] 
141.166: Total time for which application threads were stopped: 0.0024280 seconds, Stopping threads took: 0.0000620 seconds
141.227: Application time: 0.0615540 seconds
141.228: [GC141.228: [ParNew: 37050K->4114K(37568K), 0.0018720 secs] 128838K->97950K(431300K), 0.0019140 secs] [Times: user=0.01 sys=0.00, real=0.00 secs] 
141.229: Total time for which application threads were stopped: 0.0020650 seconds, Stopping threads took: 0.0000860 seconds
141.288: Application time: 0.0587420 seconds
141.288: [GC141.288: [ParNew: 36931K->4115K(37568K), 0.0016680 secs] 130767K->98975K(431300K), 0.0017100 secs] [Times: user=0.01 sys=0.00, real=0.00 secs] 
141.290: Total time for which application threads were stopped: 0.0018590 seconds, Stopping threads took: 0.0000820 seconds
141.351: Application time: 0.0609710 seconds
141.351: [GC141.351: [ParNew: 37131K->4144K(37568K), 0.0019450 secs] 131991K->101052K(431300K), 0.0019870 secs] [Times: user=0.01 sys=0.00, real=0.00 secs] 
141.353: Total time for which application threads were stopped: 0.0021060 seconds, Stopping threads took: 0.0000530 seconds
141.408: Application time: 0.0544110 seconds
141.408: [GC141.408: [ParNew: 36633K->4156K(37568K), 0.0024440 secs] 133541K->104317K(431300K), 0.0024890 secs] [Times: user=0.02 sys=0.00, real=0.00 secs] 
141.410: Total time for which application threads were stopped: 0.0026420 seconds, Stopping threads took: 0.0000830 seconds
141.474: Application time: 0.0637330 seconds
141.474: [GC141.474: [ParNew: 37177K->4112K(37568K), 0.0023490 secs] 137338K->107392K(431300K), 0.0023900 secs] [Times: user=0.01 sys=0.00, real=0.01 secs] 
141.476: Total time for which application threads were stopped: 0.0025320 seconds, Stopping threads took: 0.0000740 seconds
141.537: Application time: 0.0606940 seconds
141.540: [GC141.540: [ParNew: 36979K->4135K(37568K), 0.0019480 secs] 140260K->109463K(431300K), 0.0019910 secs] [Times: user=0.02 sys=0.00, real=0.00 secs] 
141.542: Total time for which application threads were stopped: 0.0052400 seconds, Stopping threads took: 0.0031810 seconds
141.605: Application time: 0.0621950 seconds
141.605: [GC141.605: [ParNew: 37024K->4158K(37568K), 0.0015180 secs] 142352K->109489K(431300K), 0.0015590 secs] [Times: user=0.01 sys=0.00, real=0.00 secs] 
141.606: Total time for which application threads were stopped: 0.0017450 seconds, Stopping threads took: 0.0001160 seconds
141.671: Application time: 0.0646630 seconds
141.671: [GC141.671: [ParNew: 37125K->1097K(37568K), 0.0007440 secs] 142456K->106428K(431300K), 0.0007740 secs] [Times: user=0.00 sys=0.00, real=0.00 secs] 
141.672: Total time for which application threads were stopped: 0.0009010 seconds, Stopping threads took: 0.0000610 seconds
141.730: Application time: 0.0577870 seconds
141.730: [GC141.730: [ParNew: 34151K->2078K(37568K), 0.0008790 secs] 139481K->107409K(431300K), 0.0009120 secs] [Times: user=0.01 sys=0.00, real=0.00 secs] 
141.731: Total time for which application threads were stopped: 0.0010550 seconds, Stopping threads took: 0.0000840 seconds
141.779: Application time: 0.0482940 seconds
141.779: [GC141.779: [ParNew: 35033K->4112K(37568K), 0.0022980 secs] 140363K->112515K(431300K), 0.0023400 secs] [Times: user=0.01 sys=0.00, real=0.00 secs] 
141.782: Total time for which application threads were stopped: 0.0024770 seconds, Stopping threads took: 0.0000700 seconds
141.840: Application time: 0.0584630 seconds
141.844: [GC141.844: [ParNew: 37040K->4112K(37568K), 0.0020450 secs] 145443K->114563K(431300K), 0.0020840 secs] [Times: user=0.01 sys=0.00, real=0.00 secs] 
141.847: Total time for which application threads were stopped: 0.0065050 seconds, Stopping threads took: 0.0043550 seconds
141.910: Application time: 0.0639440 seconds
141.911: [GC141.911: [ParNew: 37088K->4130K(37568K), 0.0016270 secs] 147539K->115605K(431300K), 0.0016640 secs] [Times: user=0.01 sys=0.00, real=0.00 secs] 
141.912: Total time for which application threads were stopped: 0.0018390 seconds, Stopping threads took: 0.0001000 seconds
141.968: Application time: 0.0561600 seconds
141.969: [GC141.969: [ParNew: 36867K->4113K(37568K), 0.0020400 secs] 148342K->117636K(431300K), 0.0020900 secs] [Times: user=0.01 sys=0.00, real=0.00 secs] 
141.971: Total time for which application threads were stopped: 0.0022220 seconds, Stopping threads took: 0.0000630 seconds
142.034: Application time: 0.0630800 seconds
142.034: [GC142.034: [ParNew: 37181K->4146K(37568K), 0.0018990 secs] 150705K->119717K(431300K), 0.0019370 secs] [Times: user=0.01 sys=0.00, real=0.00 secs] 
142.036: Total time for which application threads were stopped: 0.0020660 seconds, Stopping threads took: 0.0000700 seconds
142.092: Application time: 0.0557460 seconds
142.092: [GC142.092: [ParNew: 36684K->4158K(37568K), 0.0025020 secs] 152255K->122978K(431300K), 0.0025420 secs] [Times: user=0.01 sys=0.00, real=0.00 secs] 
142.094: Total time for which application threads were stopped: 0.0027300 seconds, Stopping threads took: 0.0001200 seconds
142.156: Application time: 0.0616990 seconds
142.156: [GC142.156: [ParNew: 37102K->4118K(37568K), 0.0023400 secs] 155922K->126061K(431300K), 0.0023800 secs] [Times: user=0.02 sys=0.00, real=0.01 secs] 
142.159: Total time for which application threads were stopped: 0.0025130 seconds, Stopping threads took: 0.0000640 seconds
142.220: Application time: 0.0617400 seconds
142.221: [GC142.221: [ParNew: 37010K->4130K(37568K), 0.0022470 secs] 158954K->128121K(431300K), 0.0022890 secs] [Times: user=0.02 sys=0.00, real=0.00 secs] 
142.223: Total time for which application threads were stopped: 0.0025250 seconds, Stopping threads took: 0.0001550 seconds
142.286: Application time: 0.0631650 seconds
142.286: [GC142.286: [ParNew: 36993K->3111K(37568K), 0.0011990 secs] 160984K->127102K(431300K), 0.0012350 secs] [Times: user=0.01 sys=0.00, real=0.00 secs] 
142.287: Total time for which application threads were stopped: 0.0013630 seconds, Stopping threads took: 0.0000660 seconds
142.347: Application time: 0.0595710 seconds
142.347: [GC142.347: [ParNew: 36510K->3100K(37568K), 0.0011200 secs] 160502K->127091K(431300K), 0.0011540 secs] [Times: user=0.00 sys=0.00, real=0.00 secs] 
142.348: Total time for which application threads were stopped: 0.0012840 seconds, Stopping threads took: 0.0000660 seconds
142.407: Application time: 0.0591170 seconds
142.407: [GC142.407: [ParNew: 36508K->4121K(37568K), 0.0017390 secs] 160499K->129136K(431300K), 0.0017760 secs] [Times: user=0.01 sys=0.00, real=0.00 secs] 
142.409: Total time for which application threads were stopped: 0.0019010 seconds, Stopping threads took: 0.0000600 seconds
142.463: Application time: 0.0541260 seconds
142.463: [GC142.464: [ParNew: 37519K->4118K(37568K), 0.0019360 secs] 162535K->131181K(431300K), 0.0019760 secs] [Times: user=0.02 sys=0.00, real=0.01 secs] 
142.465: Total time for which application threads were stopped: 0.0021170 seconds, Stopping threads took: 0.0000730 seconds
142.524: Application time: 0.0589010 seconds
142.525: [GC142.525: [ParNew: 36956K->4121K(37568K), 0.0016720 secs] 164019K->132208K(431300K), 0.0017090 secs] [Times: user=0.01 sys=0.00, real=0.00 secs] 
142.526: Total time for which application threads were stopped: 0.0018440 seconds, Stopping threads took: 0.0000710 seconds
142.588: Application time: 0.0613360 seconds
142.588: [GC142.588: [ParNew: 37098K->4134K(37568K), 0.0017210 secs] 165185K->133246K(431300K), 0.0017620 secs] [Times: user=0.01 sys=0.00, real=0.00 secs] 
142.589: Total time for which application threads were stopped: 0.0019140 seconds, Stopping threads took: 0.0000860 seconds
142.646: Application time: 0.0565500 seconds
142.646: [GC142.646: [ParNew: 36779K->4117K(37568K), 0.0019570 secs] 165890K->135276K(431300K), 0.0020000 secs] [Times: user=0.02 sys=0.00, real=0.00 secs] 
142.648: Total time for which application threads were stopped: 0.0021330 seconds, Stopping threads took: 0.0000610 seconds
142.709: Application time: 0.0609250 seconds
142.709: [GC142.709: [ParNew: 37130K->4144K(37568K), 0.0019400 secs] 168289K->137351K(431300K), 0.0019900 secs] [Times: user=0.02 sys=0.00, real=0.00 secs] 
142.711: Total time for which application threads were stopped: 0.0021280 seconds, Stopping threads took: 0.0000700 seconds
142.768: Application time: 0.0563140 seconds
142.768: [GC142.768: [ParNew: 36718K->4158K(37568K), 0.0024740 secs] 169926K->140618K(431300K), 0.0025160 secs] [Times: user=0.02 sys=0.00, real=0.00 secs] 
142.770: Total time for which application threads were stopped: 0.0026730 seconds, Stopping threads took: 0.0000770 seconds
142.834: Application time: 0.0638900 seconds
142.834: [GC142.834: [ParNew: 37161K->4110K(37568K), 0.0019570 secs] 173622K->142665K(431300K), 0.0019980 secs] [Times: user=0.01 sys=0.00, real=0.00 secs] 
142.836: Total time for which application threads were stopped: 0.0021620 seconds, Stopping threads took: 0.0001000 seconds
142.896: Application time: 0.0598060 seconds
142.896: [GC142.896: [ParNew: 36913K->4128K(37568K), 0.0020730 secs] 175469K->144731K(431300K), 0.0021150 secs] [Times: user=0.01 sys=0.01, real=0.01 secs] 
142.898: Total time for which application threads were stopped: 0.0022520 seconds, Stopping threads took: 0.0000660 seconds
142.960: Application time: 0.0613120 seconds
142.960: [GC142.960: [ParNew: 36850K->3138K(37568K), 0.0011490 secs] 177453K->143742K(431300K), 0.0011860 secs] [Times: user=0.01 sys=0.00, real=0.00 secs] 
142.961: Total time for which application threads were stopped: 0.0013220 seconds, Stopping threads took: 0.0000700 seconds
143.022: Application time: 0.0612940 seconds
143.022: [GC143.022: [ParNew: 35754K->2107K(37568K), 0.0008420 secs] 176358K->142711K(431300K), 0.0008710 secs] [Times: user=0.00 sys=0.00, real=0.00 secs] 
143.023: Total time for which application threads were stopped: 0.0009910 seconds, Stopping threads took: 0.0000640 seconds
143.079: Application time: 0.0559910 seconds
143.079: [GC143.079: [ParNew: 35350K->4135K(37568K), 0.0016730 secs] 175954K->145763K(431300K), 0.0017130 secs] [Times: user=0.01 sys=0.00, real=0.00 secs] 
143.081: Total time for which application threads were stopped: 0.0018590 seconds, Stopping threads took: 0.0000800 seconds
143.135: Application time: 0.0537890 seconds
143.135: [GC143.135: [ParNew: 36668K->4128K(37568K), 0.0020840 secs] 178296K->147803K(431300K), 0.0021250 secs] [Times: user=0.01 sys=0.00, real=0.01 secs] 
143.137: Total time for which application threads were stopped: 0.0022830 seconds, Stopping threads took: 0.0000950 seconds
143.198: Application time: 0.0604760 seconds
143.198: [GC143.198: [ParNew: 37002K->4132K(37568K), 0.0019980 secs] 180677K->149856K(431300K), 0.0020400 secs] [Times: user=0.01 sys=0.00, real=0.00 secs] 
143.200: Total time for which application threads were stopped: 0.0021840 seconds, Stopping threads took: 0.0000760 seconds
143.260: Application time: 0.0604010 seconds
143.260: [GC143.260: [ParNew: 36893K->4134K(37568K), 0.0020000 secs] 182617K->151906K(431300K), 0.0020380 secs] [Times: user=0.02 sys=0.00, real=0.00 secs] 
143.262: Total time for which application threads were stopped: 0.0021640 seconds, Stopping threads took: 0.0000630 seconds
143.319: Application time: 0.0569900 seconds
143.320: [GC143.320: [ParNew: 36854K->4113K(37568K), 0.0019220 secs] 184626K->153933K(431300K), 0.0019610 secs] [Times: user=0.02 sys=0.00, real=0.00 secs] 
143.322: Total time for which application threads were stopped: 0.0020990 seconds, Stopping threads took: 0.0000630 seconds
143.381: Application time: 0.0591790 seconds
143.381: [GC143.381: [ParNew: 36960K->4114K(37568K), 0.0022530 secs] 186780K->157006K(431300K), 0.0022900 secs] [Times: user=0.02 sys=0.00, real=0.00 secs] 
143.383: Total time for which application threads were stopped: 0.0024150 seconds, Stopping threads took: 0.0000570 seconds
143.444: Application time: 0.0603930 seconds
143.444: [GC143.444: [ParNew: 36905K->4158K(37568K), 0.0023680 secs] 189797K->160302K(431300K), 0.0024090 secs] [Times: user=0.01 sys=0.00, real=0.01 secs] 
143.446: Total time for which application threads were stopped: 0.0025700 seconds, Stopping threads took: 0.0000960 seconds
143.506: Application time: 0.0595980 seconds
143.506: [GC143.506: [ParNew: 37031K->4112K(37568K), 0.0023430 secs] 193175K->163376K(431300K), 0.0023920 secs] [Times: user=0.02 sys=0.00, real=0.00 secs] 
143.508: Total time for which application threads were stopped: 0.0025410 seconds, Stopping threads took: 0.0000820 seconds
143.571: Application time: 0.0623820 seconds
143.571: [GC143.571: [ParNew: 37037K->4132K(37568K), 0.0017290 secs] 196301K->164420K(431300K), 0.0017680 secs] [Times: user=0.01 sys=0.00, real=0.00 secs] 
143.573: Total time for which application threads were stopped: 0.0019230 seconds, Stopping threads took: 0.0000860 seconds
143.635: Application time: 0.0625430 seconds
143.635: [GC143.635: [ParNew: 36964K->2121K(37568K), 0.0009390 secs] 197252K->162409K(431300K), 0.0009680 secs] [Times: user=0.01 sys=0.00, real=0.00 secs] 
143.636: Total time for which application threads were stopped: 0.0010840 seconds, Stopping threads took: 0.0000620 seconds
143.693: Application time: 0.0571220 seconds
143.693: [GC143.693: [ParNew: 35192K->2073K(37568K), 0.0009860 secs] 195480K->162362K(431300K), 0.0010160 secs] [Times: user=0.01 sys=0.00, real=0.00 secs] 
143.695: Total time for which application threads were stopped: 0.0012100 seconds, Stopping threads took: 0.0001370 seconds
143.748: Application time: 0.0536930 seconds
143.748: [GC143.748: [ParNew: 35481K->4113K(37568K), 0.0026070 secs] 195770K->167473K(431300K), 0.0026500 secs] [Times: user=0.02 sys=0.00, real=0.00 secs] 
143.751: Total time for which application threads were stopped: 0.0028000 seconds, Stopping threads took: 0.0000840 seconds
143.809: Application time: 0.0576830 seconds
143.809: [GC143.809: [ParNew: 36905K->4110K(37568K), 0.0023790 secs] 200265K->170542K(431300K), 0.0024200 secs] [Times: user=0.02 sys=0.00, real=0.00 secs] 
143.811: Total time for which application threads were stopped: 0.0025780 seconds, Stopping threads took: 0.0000880 seconds
143.874: Application time: 0.0624680 seconds
143.874: [GC143.874: [ParNew: 37014K->4114K(37568K), 0.0033070 secs] 203446K->171570K(431300K), 0.0033540 secs] [Times: user=0.01 sys=0.00, real=0.01 secs] 
143.877: Total time for which application threads were stopped: 0.0034910 seconds, Stopping threads took: 0.0000610 seconds
143.940: Application time: 0.0626940 seconds
143.940: [GC143.940: [ParNew: 36952K->4150K(37568K), 0.0017140 secs] 204408K->172630K(431300K), 0.0017460 secs] [Times: user=0.01 sys=0.00, real=0.00 secs] 
143.942: Total time for which application threads were stopped: 0.0019050 seconds, Stopping threads took: 0.0001030 seconds
143.997: Application time: 0.0549690 seconds
143.997: [GC143.997: [ParNew: 36715K->4110K(37568K), 0.0023570 secs] 205195K->175662K(431300K), 0.0023960 secs] [Times: user=0.02 sys=0.00, real=0.00 secs] 
143.999: Total time for which application threads were stopped: 0.0025280 seconds, Stopping threads took: 0.0000650 seconds
144.062: Application time: 0.0625920 seconds
144.062: [GC144.062: [ParNew: 37117K->4111K(37568K), 0.0019310 secs] 208670K->177711K(431300K), 0.0019700 secs] [Times: user=0.01 sys=0.00, real=0.00 secs] 
144.064: Total time for which application threads were stopped: 0.0020890 seconds, Stopping threads took: 0.0000540 seconds
144.119: Application time: 0.0551050 seconds
144.119: [GC144.119: [ParNew: 36764K->4158K(37568K), 0.0023290 secs] 210365K->181011K(431300K), 0.0023660 secs] [Times: user=0.02 sys=0.00, real=0.00 secs] 
144.122: Total time for which application threads were stopped: 0.0025120 seconds, Stopping threads took: 0.0000840 seconds
144.187: Application time: 0.0649730 seconds
144.187: [GC144.187: [ParNew: 37025K->4152K(37568K), 0.0018290 secs] 213878K->182077K(431300K), 0.0018670 secs] [Times: user=0.01 sys=0.00, real=0.00 secs] 
144.189: Total time for which application threads were stopped: 0.0023350 seconds, Stopping threads took: 0.0004060 seconds
144.249: Application time: 0.0600360 seconds
144.249: [GC144.249: [ParNew: 36833K->3145K(37568K), 0.0012170 secs] 214758K->181070K(431300K), 0.0012530 secs] [Times: user=0.00 sys=0.00, real=0.00 secs] 
144.250: Total time for which application threads were stopped: 0.0014030 seconds, Stopping threads took: 0.0000760 seconds
144.314: Application time: 0.0631260 seconds
144.314: [GC144.314: [ParNew: 35913K->2091K(37568K), 0.0008420 secs] 213838K->180016K(431300K), 0.0008760 secs] [Times: user=0.00 sys=0.00, real=0.00 secs] 
144.315: Total time for which application threads were stopped: 0.0010020 seconds, Stopping threads took: 0.0000670 seconds
144.369: Application time: 0.0549500 seconds
144.370: [GC144.370: [ParNew: 35263K->4118K(37568K), 0.0016090 secs] 213188K->183067K(431300K), 0.0016460 secs] [Times: user=0.01 sys=0.00, real=0.00 secs] 
144.371: Total time for which application threads were stopped: 0.0017710 seconds, Stopping threads took: 0.0000630 seconds
144.426: Application time: 0.0546810 seconds
144.426: [GC144.426: [ParNew: 36890K->4134K(37568K), 0.0020730 secs] 215839K->185131K(431300K), 0.0021120 secs] [Times: user=0.02 sys=0.00, real=0.00 secs] 
144.428: Total time for which application threads were stopped: 0.0022780 seconds, Stopping threads took: 0.0000900 seconds
144.489: Application time: 0.0611020 seconds
144.489: [GC144.489: [ParNew: 36992K->4130K(37568K), 0.0019570 secs] 217989K->187175K(431300K), 0.0019980 secs] [Times: user=0.02 sys=0.00, real=0.00 secs] 
144.491: Total time for which application threads were stopped: 0.0021370 seconds, Stopping threads took: 0.0000720 seconds
144.552: Application time: 0.0601330 seconds
144.552: [GC144.552: [ParNew: 36827K->3110K(37568K), 0.0012650 secs] 219872K->186155K(431300K), 0.0012960 secs] [Times: user=0.01 sys=0.00, real=0.00 secs] 
144.553: Total time for which application threads were stopped: 0.0014650 seconds, Stopping threads took: 0.0001070 seconds
144.617: Application time: 0.0638840 seconds
144.617: [GC144.617: [ParNew: 36058K->3114K(37568K), 0.0011110 secs] 219103K->186159K(431300K), 0.0011450 secs] [Times: user=0.01 sys=0.00, real=0.00 secs] 
144.618: Total time for which application threads were stopped: 0.0012900 seconds, Stopping threads took: 0.0000830 seconds
144.672: Application time: 0.0541050 seconds
144.672: [GC144.672: [ParNew: 35625K->4118K(37568K), 0.0019510 secs] 218670K->189211K(431300K), 0.0019910 secs] [Times: user=0.02 sys=0.00, real=0.00 secs] 
144.674: Total time for which application threads were stopped: 0.0021400 seconds, Stopping threads took: 0.0000830 seconds
144.732: Application time: 0.0574680 seconds
144.732: [GC144.732: [ParNew: 36950K->4116K(37568K), 0.0023120 secs] 222043K->192281K(431300K), 0.0023540 secs] [Times: user=0.01 sys=0.00, real=0.00 secs] 
144.734: Total time for which application threads were stopped: 0.0024880 seconds, Stopping threads took: 0.0000660 seconds
144.795: Application time: 0.0605270 seconds
144.795: [GC144.795: [ParNew: 36794K->4159K(37568K), 0.0017960 secs] 224959K->193529K(431300K), 0.0018340 secs] [Times: user=0.01 sys=0.00, real=0.01 secs] 
144.797: Total time for which application threads were stopped: 0.0019730 seconds, Stopping threads took: 0.0000740 seconds
144.859: Application time: 0.0616990 seconds
144.859: [GC144.859: [ParNew: 37046K->4110K(37568K), 0.0020880 secs] 226416K->195575K(431300K), 0.0021300 secs] [Times: user=0.01 sys=0.00, real=0.00 secs] 
144.861: Total time for which application threads were stopped: 0.0022710 seconds, Stopping threads took: 0.0000730 seconds
144.920: Application time: 0.0588730 seconds
144.920: [GC144.920: [ParNew: 36693K->4148K(37568K), 0.0014340 secs] 228158K->195614K(431300K), 0.0014750 secs] [Times: user=0.01 sys=0.00, real=0.00 secs] 
144.921: Total time for which application threads were stopped: 0.0016130 seconds, Stopping threads took: 0.0000670 seconds
144.983: Application time: 0.0616360 seconds
144.983: [GC144.983: [ParNew: 36817K->4135K(37568K), 0.0013760 secs] 228283K->195600K(431300K), 0.0014130 secs] [Times: user=0.01 sys=0.00, real=0.01 secs] 
144.985: Total time for which application threads were stopped: 0.0015400 seconds, Stopping threads took: 0.0000540 seconds
145.042: Application time: 0.0575370 seconds
145.044: [GC145.044: [ParNew: 36600K->4130K(37568K), 0.0022280 secs] 228065K->196619K(431300K), 0.0022780 secs] [Times: user=0.01 sys=0.00, real=0.00 secs] 
145.047: Total time for which application threads were stopped: 0.0045990 seconds, Stopping threads took: 0.0022410 seconds
145.108: Application time: 0.0616930 seconds
145.109: [GC145.109: [ParNew: 37013K->4115K(37568K), 0.0020390 secs] 229502K->198652K(431300K), 0.0020800 secs] [Times: user=0.01 sys=0.00, real=0.00 secs] 
145.111: Total time for which application threads were stopped: 0.0022280 seconds, Stopping threads took: 0.0000840 seconds
145.168: Application time: 0.0575120 seconds
145.168: [GC145.168: [ParNew: 36901K->4110K(37568K), 0.0020120 secs] 231438K->200695K(431300K), 0.0020540 secs] [Times: user=0.01 sys=0.00, real=0.00 secs] 
145.170: Total time for which application threads were stopped: 0.0022470 seconds, Stopping threads took: 0.0001230 seconds
145.233: Application time: 0.0624320 seconds
145.233: [GC145.233: [ParNew: 37054K->4133K(37568K), 0.0017100 secs] 233639K->201742K(431300K), 0.0017490 secs] [Times: user=0.02 sys=0.00, real=0.00 secs] 
145.235: Total time for which application threads were stopped: 0.0018750 seconds, Stopping threads took: 0.0000620 seconds
145.294: Application time: 0.0593290 seconds
145.294: [GC145.294: [ParNew: 36761K->4150K(37568K), 0.0015210 secs] 234370K->201759K(431300K), 0.0015540 secs] [Times: user=0.01 sys=0.00, real=0.00 secs] 
145.296: Total time for which application threads were stopped: 0.0017130 seconds, Stopping threads took: 0.0000940 seconds
145.355: Application time: 0.0591930 seconds
145.356: [GC145.356: [ParNew: 37558K->4150K(37568K), 0.0014450 secs] 235167K->201759K(431300K), 0.0014810 secs] [Times: user=0.01 sys=0.00, real=0.00 secs] 
145.358: Total time for which application threads were stopped: 0.0029620 seconds, Stopping threads took: 0.0014190 seconds
145.415: Application time: 0.0571110 seconds
145.415: [GC145.415: [ParNew: 36649K->4116K(37568K), 0.0020710 secs] 234259K->203773K(431300K), 0.0021120 secs] [Times: user=0.01 sys=0.00, real=0.01 secs] 
145.417: Total time for which application threads were stopped: 0.0022330 seconds, Stopping threads took: 0.0000580 seconds
145.471: Application time: 0.0533230 seconds
145.471: [GC145.471: [ParNew: 36502K->4158K(37568K), 0.0024360 secs] 236159K->207013K(431300K), 0.0024770 secs] [Times: user=0.02 sys=0.00, real=0.00 secs] 
145.473: Total time for which application threads were stopped: 0.0026030 seconds, Stopping threads took: 0.0000600 seconds
145.533: Application time: 0.0601180 seconds
145.533: [GC145.534: [ParNew: 37316K->4154K(37568K), 0.0021840 secs] 240172K->209137K(431300K), 0.0022220 secs] [Times: user=0.01 sys=0.00, real=0.00 secs] 
145.536: Total time for which application threads were stopped: 0.0023930 seconds, Stopping threads took: 0.0000930 seconds
145.598: Application time: 0.0621880 seconds
145.598: [GC145.598: [ParNew: 37081K->4112K(37568K), 0.0019440 secs] 242064K->211167K(431300K), 0.0019810 secs] [Times: user=0.01 sys=0.00, real=0.00 secs] 
145.600: Total time for which application threads were stopped: 0.0021440 seconds, Stopping threads took: 0.0000970 seconds
145.660: Application time: 0.0602770 seconds
145.661: [GC145.661: [ParNew: 36887K->4117K(37568K), 0.0017030 secs] 243943K->212197K(431300K), 0.0017430 secs] [Times: user=0.01 sys=0.00, real=0.00 secs] 
145.662: Total time for which application threads were stopped: 0.0019780 seconds, Stopping threads took: 0.0001690 seconds
145.726: Application time: 0.0632850 seconds
145.726: [GC145.726: [ParNew: 37064K->4131K(37568K), 0.0015380 secs] 245143K->213234K(431300K), 0.0015740 secs] [Times: user=0.01 sys=0.00, real=0.00 secs] 
145.727: Total time for which application threads were stopped: 0.0016930 seconds, Stopping threads took: 0.0000560 seconds
145.783: Application time: 0.0557470 seconds
145.783: [GC145.783: [ParNew: 36546K->4112K(37568K), 0.0020420 secs] 245650K->215263K(431300K), 0.0020830 secs] [Times: user=0.02 sys=0.00, real=0.01 secs] 
145.785: Total time for which application threads were stopped: 0.0022390 seconds, Stopping threads took: 0.0000780 seconds
145.844: Application time: 0.0587690 seconds
145.844: [GC145.844: [ParNew: 36910K->4114K(37568K), 0.0023060 secs] 248062K->218337K(431300K), 0.0023480 secs] [Times: user=0.01 sys=0.00, real=0.01 secs] 
145.847: Total time for which application threads were stopped: 0.0024930 seconds, Stopping threads took: 0.0000780 seconds
145.908: Application time: 0.0610940 seconds
145.908: [GC145.908: [ParNew: 36873K->4159K(37568K), 0.0015320 secs] 251096K->218385K(431300K), 0.0015730 secs] [Times: user=0.01 sys=0.00, real=0.00 secs] 
145.909: Total time for which application threads were stopped: 0.0017460 seconds, Stopping threads took: 0.0001050 seconds
145.969: Application time: 0.0595320 seconds
145.969: [GC145.969: [ParNew: 37567K->4135K(37568K), 0.0014660 secs] 251793K->218361K(431300K), 0.0015050 secs] [Times: user=0.01 sys=0.00, real=0.00 secs] 
145.971: Total time for which application threads were stopped: 0.0016900 seconds, Stopping threads took: 0.0001190 seconds
146.028: Application time: 0.0572310 seconds
146.028: [GC146.028: [ParNew: 36690K->4136K(37568K), 0.0016650 secs] 250916K->219386K(431300K), 0.0017030 secs] [Times: user=0.01 sys=0.00, real=0.00 secs] 
146.030: Total time for which application threads were stopped: 0.0018470 seconds, Stopping threads took: 0.0000820 seconds
146.082: Application time: 0.0527840 seconds
146.083: [GC146.083: [ParNew: 36733K->4114K(37568K), 0.0022990 secs] 251983K->222436K(431300K), 0.0023400 secs] [Times: user=0.02 sys=0.00, real=0.01 secs] 
146.085: Total time for which application threads were stopped: 0.0025000 seconds, Stopping threads took: 0.0000830 seconds
146.147: Application time: 0.0618140 seconds
146.147: [GC146.147: [ParNew: 36680K->4158K(37568K), 0.0022820 secs] 255002K->225676K(431300K), 0.0023230 secs] [Times: user=0.02 sys=0.00, real=0.00 secs] 
146.149: Total time for which application threads were stopped: 0.0024830 seconds, Stopping threads took: 0.0000940 seconds
146.208: Application time: 0.0585860 seconds
146.208: [GC146.208: [ParNew: 37308K->4154K(37568K), 0.0023230 secs] 258826K->228807K(431300K), 0.0023680 secs] [Times: user=0.02 sys=0.00, real=0.00 secs] 
146.210: Total time for which application threads were stopped: 0.0025100 seconds, Stopping threads took: 0.0000700 seconds
146.273: Application time: 0.0628820 seconds
146.273: [GC146.273: [ParNew: 37122K->4130K(37568K), 0.0020470 secs] 261775K->230872K(431300K), 0.0020840 secs] [Times: user=0.01 sys=0.00, real=0.00 secs] 
146.276: Total time for which application threads were stopped: 0.0022280 seconds, Stopping threads took: 0.0000790 seconds
146.337: Application time: 0.0615060 seconds
146.337: [GC146.337: [ParNew: 37052K->4130K(37568K), 0.0021160 secs] 263795K->232920K(431300K), 0.0021560 secs] [Times: user=0.01 sys=0.00, real=0.00 secs] 
146.339: Total time for which application threads were stopped: 0.0023080 seconds, Stopping threads took: 0.0000870 seconds
146.397: Application time: 0.0578740 seconds
146.397: [GC146.397: [ParNew: 36697K->4112K(37568K), 0.0015360 secs] 265487K->232902K(431300K), 0.0015670 secs] [Times: user=0.02 sys=0.00, real=0.00 secs] 
146.399: Total time for which application threads were stopped: 0.0017910 seconds, Stopping threads took: 0.0001590 seconds
146.464: Application time: 0.0649960 seconds
146.464: [GC146.464: [ParNew: 37122K->4136K(37568K), 0.0013620 secs] 265912K->232926K(431300K), 0.0013970 secs] [Times: user=0.01 sys=0.00, real=0.01 secs] 
146.466: Total time for which application threads were stopped: 0.0015430 seconds, Stopping threads took: 0.0000830 seconds
146.524: Application time: 0.0580730 seconds
146.524: [GC146.524: [ParNew: 36668K->4152K(37568K), 0.0015100 secs] 265458K->232942K(431300K), 0.0015490 secs] [Times: user=0.01 sys=0.00, real=0.01 secs] 
146.525: Total time for which application threads were stopped: 0.0016950 seconds, Stopping threads took: 0.0000780 seconds
146.584: Application time: 0.0587840 seconds
146.584: [GC146.584: [ParNew: 37560K->4158K(37568K), 0.0016230 secs] 266350K->233973K(431300K), 0.0016700 secs] [Times: user=0.01 sys=0.00, real=0.01 secs] 
146.586: Total time for which application threads were stopped: 0.0017980 seconds, Stopping threads took: 0.0000540 seconds
146.644: Application time: 0.0579120 seconds
146.644: [GC146.644: [ParNew: 37566K->4132K(37568K), 0.0016750 secs] 267381K->234971K(431300K), 0.0017120 secs] [Times: user=0.01 sys=0.00, real=0.01 secs] 
146.646: Total time for which application threads were stopped: 0.0018530 seconds, Stopping threads took: 0.0000800 seconds
146.699: Application time: 0.0535140 seconds
146.699: [GC146.699: [ParNew: 36576K->4112K(37568K), 0.0023600 secs] 267415K->238023K(431300K), 0.0024010 secs] [Times: user=0.02 sys=0.00, real=0.00 secs] 
146.702: Total time for which application threads were stopped: 0.0025260 seconds, Stopping threads took: 0.0000590 seconds
146.763: Application time: 0.0611030 seconds
146.763: [GC146.763: [ParNew: 37123K->4112K(37568K), 0.0019540 secs] 271034K->240071K(431300K), 0.0019930 secs] [Times: user=0.01 sys=0.01, real=0.01 secs] 
146.765: Total time for which application threads were stopped: 0.0021140 seconds, Stopping threads took: 0.0000580 seconds
146.819: Application time: 0.0544460 seconds
146.820: [GC146.820: [ParNew: 36560K->4156K(37568K), 0.0023810 secs] 272519K->243311K(431300K), 0.0024200 secs] [Times: user=0.02 sys=0.00, real=0.00 secs] 
146.822: Total time for which application threads were stopped: 0.0025830 seconds, Stopping threads took: 0.0000970 seconds
146.887: Application time: 0.0648460 seconds
146.887: [GC146.887: [ParNew: 37379K->4152K(37568K), 0.0023130 secs] 276534K->246442K(431300K), 0.0023540 secs] [Times: user=0.01 sys=0.00, real=0.00 secs] 
146.889: Total time for which application threads were stopped: 0.0024920 seconds, Stopping threads took: 0.0000700 seconds
146.949: Application time: 0.0598420 seconds
146.949: [GC146.949: [ParNew: 36974K->4130K(37568K), 0.0020130 secs] 279264K->248509K(431300K), 0.0020560 secs] [Times: user=0.02 sys=0.00, real=0.00 secs] 
146.951: Total time for which application threads were stopped: 0.0021840 seconds, Stopping threads took: 0.0000580 seconds
147.011: Application time: 0.0599100 seconds
147.011: [GC147.011: [ParNew: 36864K->4132K(37568K), 0.0018030 secs] 281243K->249536K(431300K), 0.0018440 secs] [Times: user=0.01 sys=0.00, real=0.00 secs] 
147.013: Total time for which application threads were stopped: 0.0019710 seconds, Stopping threads took: 0.0000590 seconds
147.074: Application time: 0.0604850 seconds
147.074: [GC147.074: [ParNew: 36901K->4115K(37568K), 0.0020010 secs] 282305K->251567K(431300K), 0.0020390 secs] [Times: user=0.02 sys=0.00, real=0.00 secs] 
147.076: Total time for which application threads were stopped: 0.0021680 seconds, Stopping threads took: 0.0000620 seconds
147.137: Application time: 0.0613400 seconds
147.137: [GC147.137: [ParNew: 37011K->4152K(37568K), 0.0014210 secs] 284462K->251603K(431300K), 0.0014570 secs] [Times: user=0.01 sys=0.00, real=0.00 secs] 
147.139: Total time for which application threads were stopped: 0.0015940 seconds, Stopping threads took: 0.0000620 seconds
147.197: Application time: 0.0585600 seconds
147.197: [GC147.198: [ParNew: 36675K->4148K(37568K), 0.0015150 secs] 284127K->251599K(431300K), 0.0015500 secs] [Times: user=0.02 sys=0.00, real=0.00 secs] 
147.199: Total time for which application threads were stopped: 0.0016900 seconds, Stopping threads took: 0.0000770 seconds
147.257: Application time: 0.0577200 seconds
147.257: [GC147.257: [ParNew: 37546K->4130K(37568K), 0.0017220 secs] 284997K->252605K(431300K), 0.0017610 secs] [Times: user=0.01 sys=0.00, real=0.00 secs] 
147.259: Total time for which application threads were stopped: 0.0019080 seconds, Stopping threads took: 0.0000800 seconds
147.318: Application time: 0.0596140 seconds
147.318: [GC147.318: [ParNew: 36846K->4132K(37568K), 0.0017630 secs] 285322K->253632K(431300K), 0.0018010 secs] [Times: user=0.01 sys=0.00, real=0.00 secs] 
147.320: Total time for which application threads were stopped: 0.0019360 seconds, Stopping threads took: 0.0000700 seconds
147.373: Application time: 0.0527820 seconds
147.376: [GC147.376: [ParNew: 36547K->4112K(37568K), 0.0020120 secs] 286046K->255659K(431300K), 0.0020590 secs] [Times: user=0.02 sys=0.00, real=0.00 secs] 
147.378: Total time for which application threads were stopped: 0.0054390 seconds, Stopping threads took: 0.0033130 seconds
147.441: Application time: 0.0622450 seconds
147.441: [GC147.441: [ParNew: 37018K->4116K(37568K), 0.0018230 secs] 288566K->257711K(431300K), 0.0018600 secs] [Times: user=0.02 sys=0.00, real=0.00 secs] 
147.443: Total time for which application threads were stopped: 0.0019760 seconds, Stopping threads took: 0.0000610 seconds
147.498: Application time: 0.0552570 seconds
147.498: [GC147.498: [ParNew: 36590K->4158K(37568K), 0.0021740 secs] 290186K->259926K(431300K), 0.0022200 secs] [Times: user=0.01 sys=0.00, real=0.00 secs] 
147.500: Total time for which application threads were stopped: 0.0023520 seconds, Stopping threads took: 0.0000650 seconds
147.564: Application time: 0.0633900 seconds
147.564: [GC147.564: [ParNew: 37374K->4158K(37568K), 0.0017590 secs] 293143K->261021K(431300K), 0.0017980 secs] [Times: user=0.01 sys=0.00, real=0.01 secs] 
147.566: Total time for which application threads were stopped: 0.0019480 seconds, Stopping threads took: 0.0000860 seconds
147.624: Application time: 0.0582580 seconds
147.624: [GC147.624: [ParNew: 36866K->4136K(37568K), 0.0017120 secs] 293729K->262056K(431300K), 0.0017530 secs] [Times: user=0.01 sys=0.00, real=0.01 secs] 
147.626: Total time for which application threads were stopped: 0.0018940 seconds, Stopping threads took: 0.0000760 seconds
147.686: Application time: 0.0598550 seconds
147.686: [GC147.686: [ParNew: 36885K->4131K(37568K), 0.0018300 secs] 294805K->263075K(431300K), 0.0018690 secs] [Times: user=0.01 sys=0.00, real=0.00 secs] 
147.688: Total time for which application threads were stopped: 0.0020230 seconds, Stopping threads took: 0.0000790 seconds
147.750: Application time: 0.0618280 seconds
147.750: [GC147.750: [ParNew: 37008K->4117K(37568K), 0.0019850 secs] 295953K->265109K(431300K), 0.0020240 secs] [Times: user=0.01 sys=0.00, real=0.00 secs] 
147.752: Total time for which application threads were stopped: 0.0021530 seconds, Stopping threads took: 0.0000630 seconds
147.811: Application time: 0.0598320 seconds
147.812: [GC147.812: [ParNew: 36869K->4148K(37568K), 0.0017350 secs] 297862K->266164K(431300K), 0.0017730 secs] [Times: user=0.01 sys=0.00, real=0.00 secs] 
147.813: Total time for which application threads were stopped: 0.0019520 seconds, Stopping threads took: 0.0001100 seconds
147.872: Application time: 0.0581310 seconds
147.872: [GC147.872: [ParNew: 36587K->4138K(37568K), 0.0014090 secs] 298604K->266154K(431300K), 0.0014490 secs] [Times: user=0.01 sys=0.00, real=0.00 secs] 
147.873: Total time for which application threads were stopped: 0.0015940 seconds, Stopping threads took: 0.0000790 seconds
147.933: Application time: 0.0602030 seconds
147.934: [GC147.934: [ParNew: 36820K->3100K(37568K), 0.0011890 secs] 298837K->265117K(431300K), 0.0012240 secs] [Times: user=0.01 sys=0.00, real=0.00 secs] 
147.935: Total time for which application threads were stopped: 0.0013980 seconds, Stopping threads took: 0.0001100 seconds
147.992: Application time: 0.0573760 seconds
147.992: [GC147.992: [ParNew: 36508K->4135K(37568K), 0.0016040 secs] 298525K->267175K(431300K), 0.0016470 secs] [Times: user=0.01 sys=0.00, real=0.00 secs] 
147.994: Total time for which application threads were stopped: 0.0017760 seconds, Stopping threads took: 0.0000690 seconds
148.050: Application time: 0.0559700 seconds
148.050: [GC148.050: [ParNew: 36754K->4112K(37568K), 0.0019480 secs] 299794K->269200K(431300K), 0.0019840 secs] [Times: user=0.02 sys=0.00, real=0.00 secs] 
148.052: Total time for which application threads were stopped: 0.0021140 seconds, Stopping threads took: 0.0000680 seconds
148.110: Application time: 0.0577720 seconds
148.110: [GC148.110: [ParNew: 36959K->4112K(37568K), 0.0022130 secs] 302047K->272272K(431300K), 0.0022590 secs] [Times: user=0.01 sys=0.00, real=0.00 secs] 
148.112: Total time for which application threads were stopped: 0.0024090 seconds, Stopping threads took: 0.0000830 seconds
148.170: Application time: 0.0581130 seconds
148.170: [GC148.170: [ParNew: 36690K->4156K(37568K), 0.0024530 secs] 304850K->275513K(431300K), 0.0024950 secs] [Times: user=0.02 sys=0.00, real=0.00 secs] 
148.173: Total time for which application threads were stopped: 0.0026330 seconds, Stopping threads took: 0.0000670 seconds
148.173: Application time: 0.0000410 seconds
148.173: [GC [1 CMS-initial-mark: 271356K(393732K)] 276537K(431300K), 0.0001200 secs] [Times: user=0.00 sys=0.00, real=0.00 secs] 
148.173: Total time for which application threads were stopped: 0.0003020 seconds, Stopping threads took: 0.0001610 seconds
148.173: [CMS-concurrent-mark-start]
148.177: [CMS-concurrent-mark: 0.004/0.004 secs] [Times: user=0.03 sys=0.00, real=0.01 secs] 
148.177: [CMS-concurrent-preclean-start]
148.178: [CMS-concurrent-preclean: 0.000/0.000 secs] [Times: user=0.00 sys=0.00, real=0.00 secs] 
148.178: [CMS-concurrent-abortable-preclean-start]
148.238: Application time: 0.0646800 seconds
148.238: [GC148.238: [ParNew: 37223K->4158K(37568K), 0.0018260 secs] 308580K->276614K(431300K), 0.0018640 secs] [Times: user=0.02 sys=0.00, real=0.00 secs] 
148.240: Total time for which application threads were stopped: 0.0020080 seconds, Stopping threads took: 0.0000650 seconds
148.304: Application time: 0.0640220 seconds
148.304: [GC148.304: [ParNew: 37150K->3128K(37568K), 0.0011640 secs] 309606K->275613K(431300K), 0.0011960 secs] [Times: user=0.01 sys=0.00, real=0.01 secs] 
148.305: Total time for which application threads were stopped: 0.0013340 seconds, Stopping threads took: 0.0000780 seconds
148.366: Application time: 0.0604320 seconds
148.366: [GC148.366: [ParNew: 35967K->4140K(37568K), 0.0013930 secs] 308452K->276625K(431300K), 0.0014310 secs] [Times: user=0.01 sys=0.00, real=0.00 secs] 
148.367: Total time for which application threads were stopped: 0.0015730 seconds, Stopping threads took: 0.0000770 seconds
148.427: Application time: 0.0591880 seconds
148.427: [GC148.427: [ParNew: 36731K->3101K(37568K), 0.0011670 secs] 309216K->275586K(431300K), 0.0011980 secs] [Times: user=0.01 sys=0.00, real=0.00 secs] 
148.428: Total time for which application threads were stopped: 0.0013520 seconds, Stopping threads took: 0.0000940 seconds
148.487: Application time: 0.0587100 seconds
148.487: [GC148.487: [ParNew: 35632K->4118K(37568K), 0.0017360 secs] 308116K->277626K(431300K), 0.0017770 secs] [Times: user=0.01 sys=0.00, real=0.00 secs] 
148.489: Total time for which application threads were stopped: 0.0019440 seconds, Stopping threads took: 0.0000980 seconds
148.545: Application time: 0.0569100 seconds
148.546: [GC148.546: [ParNew: 37518K->4110K(37568K), 0.0021490 secs] 311027K->279667K(431300K), 0.0021900 secs] [Times: user=0.01 sys=0.00, real=0.00 secs] 
148.548: Total time for which application threads were stopped: 0.0023280 seconds, Stopping threads took: 0.0000720 seconds
148.612: Application time: 0.0642010 seconds
148.612: [GC148.612: [ParNew: 37106K->3113K(37568K), 0.0012010 secs] 312663K->278670K(431300K), 0.0012340 secs] [Times: user=0.00 sys=0.00, real=0.00 secs] 
148.613: Total time for which application threads were stopped: 0.0013650 seconds, Stopping threads took: 0.0000700 seconds
148.670: Application time: 0.0565430 seconds
148.670: [GC148.670: [ParNew: 35646K->4113K(37568K), 0.0016670 secs] 311202K->280694K(431300K), 0.0017040 secs] [Times: user=0.01 sys=0.00, real=0.00 secs] 
148.672: Total time for which application threads were stopped: 0.0018430 seconds, Stopping threads took: 0.0000740 seconds
148.730: Application time: 0.0580800 seconds
148.730: [GC148.730: [ParNew: 36747K->4111K(37568K), 0.0016330 secs] 313328K->281716K(431300K), 0.0016730 secs] [Times: user=0.02 sys=0.00, real=0.00 secs] 
148.732: Total time for which application threads were stopped: 0.0018030 seconds, Stopping threads took: 0.0000670 seconds
148.788: Application time: 0.0566910 seconds
148.788: [GC148.789: [ParNew: 36934K->4115K(37568K), 0.0020370 secs] 314538K->283768K(431300K), 0.0020820 secs] [Times: user=0.01 sys=0.00, real=0.00 secs] 
148.791: Total time for which application threads were stopped: 0.0022190 seconds, Stopping threads took: 0.0000630 seconds
148.850: Application time: 0.0589620 seconds
148.850: [GC148.850: [ParNew: 36595K->4158K(37568K), 0.0023620 secs] 316248K->287007K(431300K), 0.0024040 secs] [Times: user=0.02 sys=0.00, real=0.00 secs] 
148.852: Total time for which application threads were stopped: 0.0025620 seconds, Stopping threads took: 0.0000900 seconds
148.913: Application time: 0.0612320 seconds
148.913: [GC148.913: [ParNew: 37316K->4157K(37568K), 0.0015740 secs] 320165K->287085K(431300K), 0.0016150 secs] [Times: user=0.01 sys=0.00, real=0.00 secs] 
148.915: Total time for which application threads were stopped: 0.0017520 seconds, Stopping threads took: 0.0000670 seconds
148.978: Application time: 0.0624360 seconds
148.978: [GC148.978: [ParNew: 37034K->4135K(37568K), 0.0016890 secs] 319962K->288112K(431300K), 0.0017290 secs] [Times: user=0.02 sys=0.00, real=0.00 secs] 
148.979: Total time for which application threads were stopped: 0.0018650 seconds, Stopping threads took: 0.0000690 seconds
149.037: Application time: 0.0571410 seconds
149.037: [GC149.037: [ParNew: 36634K->4136K(37568K), 0.0013930 secs] 320611K->288113K(431300K), 0.0014310 secs] [Times: user=0.01 sys=0.00, real=0.00 secs] 
149.038: Total time for which application threads were stopped: 0.0015780 seconds, Stopping threads took: 0.0000810 seconds
149.099: Application time: 0.0611740 seconds
149.099: [GC149.099: [ParNew: 36881K->4114K(37568K), 0.0019930 secs] 320858K->290139K(431300K), 0.0020340 secs] [Times: user=0.02 sys=0.00, real=0.00 secs] 
149.101: Total time for which application threads were stopped: 0.0021680 seconds, Stopping threads took: 0.0000680 seconds
149.158: Application time: 0.0566150 seconds
149.158: [GC149.158: [ParNew: 36566K->4134K(37568K), 0.0017210 secs] 322591K->291183K(431300K), 0.0017550 secs] [Times: user=0.01 sys=0.00, real=0.00 secs] 
149.160: Total time for which application threads were stopped: 0.0018950 seconds, Stopping threads took: 0.0000730 seconds
149.220: Application time: 0.0599820 seconds
149.220: [GC149.220: [ParNew: 36857K->4132K(37568K), 0.0016570 secs] 323906K->292206K(431300K), 0.0016940 secs] [Times: user=0.01 sys=0.00, real=0.00 secs] 
149.222: Total time for which application threads were stopped: 0.0018290 seconds, Stopping threads took: 0.0000700 seconds
149.280: Application time: 0.0585130 seconds
149.280: [GC149.280: [ParNew: 36837K->4134K(37568K), 0.0016790 secs] 324910K->293231K(431300K), 0.0017210 secs] [Times: user=0.01 sys=0.00, real=0.00 secs] 
149.282: Total time for which application threads were stopped: 0.0018520 seconds, Stopping threads took: 0.0000610 seconds
149.340: Application time: 0.0576490 seconds
149.340: [GC149.340: [ParNew: 36675K->4133K(37568K), 0.0017570 secs] 325772K->294254K(431300K), 0.0017960 secs] [Times: user=0.01 sys=0.00, real=0.00 secs] 
149.342: Total time for which application threads were stopped: 0.0019720 seconds, Stopping threads took: 0.0001040 seconds
149.398: Application time: 0.0564830 seconds
149.398: [GC149.398: [ParNew: 36775K->4114K(37568K), 0.0024980 secs] 326896K->297307K(431300K), 0.0025430 secs] [Times: user=0.02 sys=0.00, real=0.00 secs] 
149.401: Total time for which application threads were stopped: 0.0026850 seconds, Stopping threads took: 0.0000750 seconds
149.461: Application time: 0.0602620 seconds
149.461: [GC149.461: [ParNew: 37068K->4116K(37568K), 0.0024360 secs] 330261K->300381K(431300K), 0.0024780 secs] [Times: user=0.02 sys=0.00, real=0.00 secs] 
149.464: Total time for which application threads were stopped: 0.0026060 seconds, Stopping threads took: 0.0000570 seconds
149.523: Application time: 0.0592500 seconds
149.523: [GC149.523: [ParNew: 36504K->4158K(37568K), 0.0022220 secs] 332770K->302612K(431300K), 0.0022630 secs] [Times: user=0.02 sys=0.00, real=0.01 secs] 
149.525: Total time for which application threads were stopped: 0.0024070 seconds, Stopping threads took: 0.0000670 seconds
149.586: Application time: 0.0601920 seconds
149.586: [GC149.586: [ParNew: 36954K->4156K(37568K), 0.0018420 secs] 335407K->303681K(431300K), 0.0018810 secs] [Times: user=0.01 sys=0.00, real=0.00 secs] 
149.588: Total time for which application threads were stopped: 0.0020110 seconds, Stopping threads took: 0.0000630 seconds
149.646: Application time: 0.0587010 seconds
149.647: [GC149.647: [ParNew: 36972K->4112K(37568K), 0.0023100 secs] 336496K->306749K(431300K), 0.0023540 secs] [Times: user=0.02 sys=0.00, real=0.00 secs] 
149.649: Total time for which application threads were stopped: 0.0025290 seconds, Stopping threads took: 0.0001070 seconds
149.710: Application time: 0.0607650 seconds
149.710: [GC149.710: [ParNew: 36806K->4135K(37568K), 0.0016200 secs] 339443K->306772K(431300K), 0.0016620 secs] [Times: user=0.01 sys=0.00, real=0.00 secs] 
149.712: Total time for which application threads were stopped: 0.0018240 seconds, Stopping threads took: 0.0000930 seconds
149.773: Application time: 0.0617120 seconds
149.773: [GC149.773: [ParNew: 36906K->4123K(37568K), 0.0013710 secs] 339544K->306761K(431300K), 0.0014070 secs] [Times: user=0.01 sys=0.00, real=0.00 secs] 
149.775: Total time for which application threads were stopped: 0.0015300 seconds, Stopping threads took: 0.0000600 seconds
149.832: Application time: 0.0569020 seconds
149.832: [GC149.832: [ParNew: 36623K->4130K(37568K), 0.0017350 secs] 339260K->307791K(431300K), 0.0017760 secs] [Times: user=0.02 sys=0.00, real=0.00 secs] 
149.834: Total time for which application threads were stopped: 0.0019340 seconds, Stopping threads took: 0.0000940 seconds
149.887: Application time: 0.0531220 seconds
149.887: [GC149.887: [ParNew: 36720K->4112K(37568K), 0.0024940 secs] 340381K->310845K(431300K), 0.0025360 secs] [Times: user=0.02 sys=0.00, real=0.00 secs] 
149.889: Total time for which application threads were stopped: 0.0027170 seconds, Stopping threads took: 0.0000970 seconds
149.957: Application time: 0.0673640 seconds
149.957: [GC149.957: [ParNew: 37056K->4112K(37568K), 0.0023490 secs] 343790K->313917K(431300K), 0.0023960 secs] [Times: user=0.02 sys=0.00, real=0.00 secs] 
149.959: Total time for which application threads were stopped: 0.0025380 seconds, Stopping threads took: 0.0000700 seconds
150.022: Application time: 0.0622900 seconds
150.022: [GC150.022: [ParNew: 37076K->4129K(37568K), 0.0015640 secs] 346882K->313935K(431300K), 0.0016010 secs] [Times: user=0.01 sys=0.00, real=0.00 secs] 
150.023: Total time for which application threads were stopped: 0.0017830 seconds, Stopping threads took: 0.0001160 seconds
150.083: Application time: 0.0591720 seconds
150.083: [GC150.083: [ParNew: 36664K->4156K(37568K), 0.0014570 secs] 346469K->313961K(431300K), 0.0014940 secs] [Times: user=0.01 sys=0.00, real=0.00 secs] 
150.084: Total time for which application threads were stopped: 0.0016590 seconds, Stopping threads took: 0.0000990 seconds
150.142: Application time: 0.0576190 seconds
150.142: [GC150.142: [ParNew: 36687K->4134K(37568K), 0.0017050 secs] 346492K->314963K(431300K), 0.0017470 secs] [Times: user=0.02 sys=0.00, real=0.00 secs] 
150.144: Total time for which application threads were stopped: 0.0018800 seconds, Stopping threads took: 0.0000670 seconds
150.204: Application time: 0.0599130 seconds
150.204: [GC150.204: [ParNew: 37507K->4158K(37568K), 0.0020470 secs] 348336K->317148K(431300K), 0.0020860 secs] [Times: user=0.02 sys=0.00, real=0.01 secs] 
150.206: Total time for which application threads were stopped: 0.0022100 seconds, Stopping threads took: 0.0000580 seconds
150.264: Application time: 0.0576500 seconds
150.264: [GC150.264: [ParNew: 37163K->4151K(37568K), 0.0022480 secs] 350154K->319268K(431300K), 0.0022940 secs] [Times: user=0.01 sys=0.00, real=0.01 secs] 
150.266: Total time for which application threads were stopped: 0.0024390 seconds, Stopping threads took: 0.0000760 seconds
150.327: Application time: 0.0613990 seconds
150.328: [GC150.328: [ParNew: 37080K->4133K(37568K), 0.0018880 secs] 352197K->320311K(431300K), 0.0019390 secs] [Times: user=0.01 sys=0.00, real=0.00 secs] 
150.329: Total time for which application threads were stopped: 0.0020810 seconds, Stopping threads took: 0.0000740 seconds
150.390: Application time: 0.0604210 seconds
150.390: [GC150.390: [ParNew: 36871K->4135K(37568K), 0.0017540 secs] 353049K->321338K(431300K), 0.0017950 secs] [Times: user=0.02 sys=0.00, real=0.00 secs] 
150.392: Total time for which application threads were stopped: 0.0019340 seconds, Stopping threads took: 0.0000640 seconds
150.450: Application time: 0.0576920 seconds
150.450: [GC150.450: [ParNew: 36729K->4115K(37568K), 0.0019890 secs] 353931K->323365K(431300K), 0.0020300 secs] [Times: user=0.02 sys=0.00, real=0.00 secs] 
150.452: Total time for which application threads were stopped: 0.0021700 seconds, Stopping threads took: 0.0000700 seconds
150.513: Application time: 0.0612450 seconds
150.513: [GC150.513: [ParNew: 36991K->4130K(37568K), 0.0022460 secs] 356242K->325428K(431300K), 0.0022860 secs] [Times: user=0.01 sys=0.00, real=0.00 secs] 
150.515: Total time for which application threads were stopped: 0.0024180 seconds, Stopping threads took: 0.0000680 seconds
150.572: Application time: 0.0566010 seconds
150.572: [GC150.572: [ParNew: 36662K->4134K(37568K), 0.0017700 secs] 357961K->326457K(431300K), 0.0018120 secs] [Times: user=0.02 sys=0.00, real=0.00 secs] 
150.574: Total time for which application threads were stopped: 0.0019640 seconds, Stopping threads took: 0.0000840 seconds
150.632: Application time: 0.0581820 seconds
150.632: [GC150.632: [ParNew: 36766K->4117K(37568K), 0.0021180 secs] 359088K->328488K(431300K), 0.0021620 secs] [Times: user=0.02 sys=0.00, real=0.00 secs] 
150.634: Total time for which application threads were stopped: 0.0023240 seconds, Stopping threads took: 0.0000920 seconds
150.695: Application time: 0.0608280 seconds
150.696: [GC150.696: [ParNew: 36765K->4133K(37568K), 0.0014870 secs] 361136K->328504K(431300K), 0.0015250 secs] [Times: user=0.01 sys=0.00, real=0.00 secs] 
150.698: Total time for which application threads were stopped: 0.0026870 seconds, Stopping threads took: 0.0011030 seconds
150.754: Application time: 0.0565030 seconds
150.755: [GC150.755: [ParNew: 36748K->4118K(37568K), 0.0020760 secs] 361118K->330537K(431300K), 0.0021160 secs] [Times: user=0.01 sys=0.00, real=0.01 secs] 
150.757: Total time for which application threads were stopped: 0.0022640 seconds, Stopping threads took: 0.0000830 seconds
150.816: Application time: 0.0592200 seconds
150.816: [GC150.816: [ParNew: 36946K->4132K(37568K), 0.0020930 secs] 363365K->332599K(431300K), 0.0021330 secs] [Times: user=0.01 sys=0.00, real=0.01 secs] 
150.818: Total time for which application threads were stopped: 0.0022630 seconds, Stopping threads took: 0.0000640 seconds
150.875: Application time: 0.0568540 seconds
150.875: [GC150.875: [ParNew: 37358K->4158K(37568K), 0.0021100 secs] 365825K->334771K(431300K), 0.0021540 secs] [Times: user=0.01 sys=0.00, real=0.01 secs] 
150.877: Total time for which application threads were stopped: 0.0023000 seconds, Stopping threads took: 0.0000780 seconds
150.938: Application time: 0.0604420 seconds
150.938: [GC150.938: [ParNew: 37428K->4158K(37568K), 0.0024150 secs] 368041K->337929K(431300K), 0.0024590 secs] [Times: user=0.02 sys=0.00, real=0.00 secs] 
150.941: Total time for which application threads were stopped: 0.0027140 seconds, Stopping threads took: 0.0001760 seconds
151.003: Application time: 0.0626790 seconds
151.003: [GC151.003: [ParNew: 37170K->4117K(37568K), 0.0021350 secs] 370941K->339982K(431300K), 0.0021810 secs] [Times: user=0.02 sys=0.00, real=0.01 secs] 
151.006: Total time for which application threads were stopped: 0.0023260 seconds, Stopping threads took: 0.0000750 seconds
151.069: Application time: 0.0633580 seconds
151.069: [GC151.069: [ParNew: 37077K->4135K(37568K), 0.0016400 secs] 372942K->341024K(431300K), 0.0016770 secs] [Times: user=0.02 sys=0.00, real=0.00 secs] 
151.071: Total time for which application threads were stopped: 0.0018150 seconds, Stopping threads took: 0.0000640 seconds
151.129: Application time: 0.0584520 seconds
151.129: [GC151.129: [ParNew: 36604K->4153K(37568K), 0.0013980 secs] 373493K->341042K(431300K), 0.0014360 secs] [Times: user=0.01 sys=0.00, real=0.00 secs] 
151.131: Total time for which application threads were stopped: 0.0015770 seconds, Stopping threads took: 0.0000760 seconds
151.190: Application time: 0.0595320 seconds
151.190: [GC151.190: [ParNew: 36626K->3094K(37568K), 0.0011300 secs] 373515K->339983K(431300K), 0.0011640 secs] [Times: user=0.01 sys=0.00, real=0.00 secs] 
151.192: Total time for which application threads were stopped: 0.0012930 seconds, Stopping threads took: 0.0000680 seconds
151.246: Application time: 0.0541560 seconds
151.246: [GC151.246: [ParNew: 36502K->4114K(37568K), 0.0022960 secs] 373391K->344075K(431300K), 0.0023380 secs] [Times: user=0.02 sys=0.00, real=0.00 secs] 
151.248: Total time for which application threads were stopped: 0.0024690 seconds, Stopping threads took: 0.0000630 seconds
151.307: Application time: 0.0591030 seconds
151.307: [GC151.307: [ParNew: 37029K->4116K(37568K), 0.0022890 secs] 376991K->347149K(431300K), 0.0023280 secs] [Times: user=0.02 sys=0.00, real=0.00 secs] 
151.310: Total time for which application threads were stopped: 0.0024610 seconds, Stopping threads took: 0.0000650 seconds
151.371: Application time: 0.0608300 seconds
151.371: [GC151.371: [ParNew: 36976K->4126K(37568K), 0.0017850 secs] 380010K->348183K(431300K), 0.0018260 secs] [Times: user=0.02 sys=0.00, real=0.00 secs] 
151.373: Total time for which application threads were stopped: 0.0020800 seconds, Stopping threads took: 0.0001900 seconds
151.433: Application time: 0.0607130 seconds
151.434: [GC151.434: [ParNew: 36899K->4129K(37568K), 0.0017460 secs] 380956K->349210K(431300K), 0.0017850 secs] [Times: user=0.01 sys=0.00, real=0.00 secs] 
151.435: Total time for which application threads were stopped: 0.0019100 seconds, Stopping threads took: 0.0000580 seconds
151.494: Application time: 0.0584600 seconds
151.494: [GC151.494: [ParNew: 36929K->4139K(37568K), 0.0021800 secs] 382011K->351268K(431300K), 0.0022210 secs] [Times: user=0.01 sys=0.00, real=0.00 secs] 
151.496: Total time for which application threads were stopped: 0.0023710 seconds, Stopping threads took: 0.0000700 seconds
151.560: Application time: 0.0640050 seconds
151.560: [GC151.560: [ParNew: 37547K->4158K(37568K), 0.0019720 secs] 384676K->353448K(431300K), 0.0020150 secs] [Times: user=0.01 sys=0.00, real=0.00 secs] 
151.562: Total time for which application threads were stopped: 0.0021510 seconds, Stopping threads took: 0.0000720 seconds
151.618: Application time: 0.0555730 seconds
151.618: [GC151.618: [ParNew: 37091K->4156K(37568K), 0.0019940 secs] 386382K->354540K(431300K), 0.0020310 secs] [Times: user=0.01 sys=0.00, real=0.00 secs] 
151.620: Total time for which application threads were stopped: 0.0022070 seconds, Stopping threads took: 0.0001120 seconds
151.680: Application time: 0.0596390 seconds
151.680: [GC151.680: [ParNew: 36967K->4114K(37568K), 0.0023630 secs] 387351K->357616K(431300K), 0.0024070 secs] [Times: user=0.01 sys=0.00, real=0.00 secs] 
151.682: Total time for which application threads were stopped: 0.0025780 seconds, Stopping threads took: 0.0001010 seconds
151.746: Application time: 0.0640910 seconds
151.747: [GC151.747: [ParNew: 37091K->4111K(37568K), 0.0017090 secs] 390593K->358637K(431300K), 0.0017480 secs] [Times: user=0.02 sys=0.00, real=0.00 secs] 
151.748: Total time for which application threads were stopped: 0.0019430 seconds, Stopping threads took: 0.0001300 seconds
151.808: Application time: 0.0596240 seconds
151.808: [GC151.808: [ParNew: 36506K->4149K(37568K), 0.0013210 secs] 391032K->358675K(431300K), 0.0013570 secs] [Times: user=0.01 sys=0.00, real=0.00 secs] 
151.809: Total time for which application threads were stopped: 0.0015080 seconds, Stopping threads took: 0.0000890 seconds
151.867: Application time: 0.0572570 seconds
151.867: [GC151.867: [ParNew: 37430K->4120K(37568K), 0.0016770 secs] 391956K->359670K(431300K), 0.0017240 secs] [Times: user=0.02 sys=0.00, real=0.00 secs] 
151.869: Total time for which application threads were stopped: 0.0018470 seconds, Stopping threads took: 0.0000580 seconds
151.922: Application time: 0.0530640 seconds
151.922: [GC151.922: [ParNew: 36802K->4112K(37568K), 0.0022910 secs] 392352K->362734K(431300K), 0.0023320 secs] [Times: user=0.02 sys=0.00, real=0.00 secs] 
151.924: Total time for which application threads were stopped: 0.0024560 seconds, Stopping threads took: 0.0000550 seconds
151.984: Application time: 0.0594060 seconds
151.984: [GC151.984: [ParNew: 37097K->4110K(37568K), 0.0023560 secs] 395719K->365804K(431300K), 0.0024000 secs] [Times: user=0.02 sys=0.00, real=0.01 secs] 
151.986: Total time for which application threads were stopped: 0.0025410 seconds, Stopping threads took: 0.0000690 seconds
152.049: Application time: 0.0626530 seconds
152.049: [GC152.049: [ParNew: 37101K->4130K(37568K), 0.0020200 secs] 398795K->367872K(431300K), 0.0020590 secs] [Times: user=0.01 sys=0.00, real=0.00 secs] 
152.051: Total time for which application threads were stopped: 0.0022270 seconds, Stopping threads took: 0.0000900 seconds
152.110: Application time: 0.0586060 seconds
152.110: [GC152.110: [ParNew: 36889K->4130K(37568K), 0.0020250 secs] 400631K->369920K(431300K), 0.0020660 secs] [Times: user=0.01 sys=0.00, real=0.00 secs] 
152.112: Total time for which application threads were stopped: 0.0022080 seconds, Stopping threads took: 0.0000720 seconds
152.174: Application time: 0.0626930 seconds
152.175: [GC152.175: [ParNew: 37146K->4142K(37568K), 0.0021000 secs] 402936K->371980K(431300K), 0.0021440 secs] [Times: user=0.02 sys=0.00, real=0.01 secs] 
152.177: Total time for which application threads were stopped: 0.0022810 seconds, Stopping threads took: 0.0000650 seconds
152.239: Application time: 0.0621390 seconds
152.239: [GC152.239: [ParNew: 37501K->4158K(37568K), 0.0017700 secs] 405339K->373164K(431300K), 0.0018120 secs] [Times: user=0.01 sys=0.00, real=0.00 secs] 
152.241: Total time for which application threads were stopped: 0.0019810 seconds, Stopping threads took: 0.0001030 seconds
152.300: Application time: 0.0593020 seconds
152.300: [GC152.300: [ParNew: 37019K->4158K(37568K), 0.0018450 secs] 406026K->374246K(431300K), 0.0018810 secs] [Times: user=0.01 sys=0.00, real=0.00 secs] 
152.302: Total time for which application threads were stopped: 0.0020470 seconds, Stopping threads took: 0.0000920 seconds
152.362: Application time: 0.0595230 seconds
152.362: [GC152.362: [ParNew: 36856K->4136K(37568K), 0.0017830 secs] 406945K->375278K(431300K), 0.0018230 secs] [Times: user=0.01 sys=0.00, real=0.00 secs] 
152.364: Total time for which application threads were stopped: 0.0019530 seconds, Stopping threads took: 0.0000600 seconds
152.423: Application time: 0.0597740 seconds
152.424: [GC152.424: [ParNew: 36735K->4131K(37568K), 0.0015310 secs] 407876K->375273K(431300K), 0.0015690 secs] [Times: user=0.01 sys=0.00, real=0.01 secs] 
152.425: Total time for which application threads were stopped: 0.0017130 seconds, Stopping threads took: 0.0000780 seconds
152.484: Application time: 0.0591000 seconds
152.484: [GC152.484: [ParNew: 37539K->4158K(37568K), 0.0014900 secs] 408681K->375302K(431300K), 0.0015310 secs] [Times: user=0.01 sys=0.00, real=0.00 secs] 
152.486: Total time for which application threads were stopped: 0.0016830 seconds, Stopping threads took: 0.0000870 seconds
152.541: Application time: 0.0550680 seconds
152.541: [GC152.541: [ParNew: 37566K->4115K(37568K), 0.0026220 secs] 408710K->379356K(431300K), 0.0026660 secs] [Times: user=0.02 sys=0.00, real=0.00 secs] 
152.544: Total time for which application threads were stopped: 0.0028170 seconds, Stopping threads took: 0.0000850 seconds
152.603: Application time: 0.0590140 seconds
152.603: [GC152.603: [ParNew: 37063K->4114K(37568K), 0.0022860 secs] 412304K->382427K(431300K), 0.0023280 secs] [Times: user=0.02 sys=0.00, real=0.01 secs] 
152.605: Total time for which application threads were stopped: 0.0024880 seconds, Stopping threads took: 0.0000870 seconds
152.666: Application time: 0.0601270 seconds
152.666: [GC152.666: [ParNew: 37043K->4112K(37568K), 0.0021430 secs] 415355K->385497K(431300K), 0.0021920 secs] [Times: user=0.02 sys=0.00, real=0.00 secs] 
152.668: Total time for which application threads were stopped: 0.0023300 seconds, Stopping threads took: 0.0000730 seconds
152.727: Application time: 0.0592730 seconds
152.727: [GC152.727: [ParNew: 37059K->4111K(37568K), 0.0020160 secs] 418444K->387544K(431300K), 0.0020560 secs] [Times: user=0.02 sys=0.00, real=0.00 secs] 
152.729: Total time for which application threads were stopped: 0.0022080 seconds, Stopping threads took: 0.0000860 seconds
152.793: Application time: 0.0638680 seconds
152.793: [GC152.793: [ParNew: 37125K->4111K(37568K), 0.0015980 secs] 420557K->388568K(431300K), 0.0016330 secs] [Times: user=0.01 sys=0.00, real=0.00 secs] 
152.795: Total time for which application threads were stopped: 0.0017560 seconds, Stopping threads took: 0.0000620 seconds
152.853: Application time: 0.0577870 seconds
152.853: [GC152.853: [ParNew: 37061K->4143K(37568K), 0.0019830 secs] 421518K->390648K(431300K), 0.0020220 secs] [Times: user=0.02 sys=0.00, real=0.00 secs] 
152.855: Total time for which application threads were stopped: 0.0021510 seconds, Stopping threads took: 0.0000590 seconds
152.916: Application time: 0.0615480 seconds
152.917: [GC152.917: [ParNew: 37464K->4158K(37568K), 0.0018460 secs] 423969K->391845K(431300K), 0.0018860 secs] [Times: user=0.01 sys=0.00, real=0.00 secs] 
152.918: Total time for which application threads were stopped: 0.0020160 seconds, Stopping threads took: 0.0000630 seconds
152.979: Application time: 0.0608750 seconds
152.979: [GC152.979: [ParNew: 37103K->4159K(37568K), 0.0017720 secs] 424790K->392900K(431300K), 0.0018110 secs] [Times: user=0.01 sys=0.00, real=0.00 secs] 
152.981: Total time for which application threads were stopped: 0.0019690 seconds, Stopping threads took: 0.0000920 seconds
153.040: Application time: 0.0585960 seconds
153.040: [GC153.040: [ParNew: 36747K->4149K(37568K), 0.0017510 secs] 425488K->393956K(431300K), 0.0017890 secs] [Times: user=0.01 sys=0.00, real=0.00 secs] 
153.042: Total time for which application threads were stopped: 0.0019380 seconds, Stopping threads took: 0.0000810 seconds
153.104: Application time: 0.0618960 seconds
153.104: [GC153.104: [ParNew: 36964K->4155K(37568K), 0.0014200 secs] 426770K->393962K(431300K), 0.0014540 secs] [Times: user=0.01 sys=0.00, real=0.01 secs] 
153.105: Total time for which application threads were stopped: 0.0016060 seconds, Stopping threads took: 0.0000840 seconds
153.164: Application time: 0.0582830 seconds
153.164: [GC153.164: [ParNew: 36635K->4125K(37568K), 0.0015020 secs] 426441K->393931K(431300K), 0.0015410 secs] [Times: user=0.01 sys=0.00, real=0.01 secs] 
153.165: Total time for which application threads were stopped: 0.0016930 seconds, Stopping threads took: 0.0000840 seconds
153.224: Application time: 0.0582520 seconds
153.224: [GC153.224: [ParNew: 37530K->4133K(37568K), 0.0016890 secs] 427337K->394963K(431300K), 0.0017290 secs] [Times: user=0.01 sys=0.00, real=0.01 secs] 
153.225: Total time for which application threads were stopped: 0.0018550 seconds, Stopping threads took: 0.0000610 seconds
 CMS: abort preclean due to time 153.226: [CMS-concurrent-abortable-preclean: 0.068/5.049 secs] [Times: user=39.80 sys=0.01, real=5.05 secs] 
153.226: Application time: 0.0007660 seconds
153.226: [GC[YG occupancy: 4174 K (37568 K)]153.226: [Rescan (parallel) , 0.0002260 secs]153.227: [weak refs processing, 0.0000060 secs]153.227: [scrub string table, 0.0001000 secs] [1 CMS-remark: 390830K(393732K)] 395004K(431300K), 0.0003540 secs] [Times: user=0.00 sys=0.00, real=0.00 secs] 
153.227: Total time for which application threads were stopped: 0.0004460 seconds, Stopping threads took: 0.0000660 seconds
153.227: [CMS-concurrent-sweep-start]
153.228: [CMS-concurrent-sweep: 0.001/0.001 secs] [Times: user=0.00 sys=0.00, real=0.00 secs] 
153.228: [CMS-concurrent-reset-start]
153.230: [CMS-concurrent-reset: 0.002/0.002 secs] [Times: user=0.01 sys=0.00, real=0.00 secs] 
153.281: Application time: 0.0548280 seconds
153.282: [GC153.282: [ParNew: 36665K->4112K(37568K), 0.0022560 secs] 162779K->133297K(431300K), 0.0022980 secs] [Times: user=0.02 sys=0.00, real=0.00 secs] 
153.284: Total time for which application threads were stopped: 0.0024400 seconds, Stopping threads took: 0.0000740 seconds
153.341: Application time: 0.0572810 seconds
153.341: [GC153.341: [ParNew: 36920K->4126K(37568K), 0.0019970 secs] 166105K->135359K(431300K), 0.0020340 secs] [Times: user=0.01 sys=0.00, real=0.00 secs] 
153.343: Total time for which application threads were stopped: 0.0021710 seconds, Stopping threads took: 0.0000730 seconds
153.403: Application time: 0.0599740 seconds
153.403: [GC153.403: [ParNew: 36989K->4116K(37568K), 0.0016850 secs] 168223K->136374K(431300K), 0.0017220 secs] [Times: user=0.01 sys=0.00, real=0.01 secs] 
153.405: Total time for which application threads were stopped: 0.0018640 seconds, Stopping threads took: 0.0000760 seconds
153.466: Application time: 0.0608850 seconds
153.466: [GC153.466: [ParNew: 37013K->4112K(37568K), 0.0020270 secs] 169270K->138417K(431300K), 0.0020670 secs] [Times: user=0.01 sys=0.00, real=0.00 secs] 
153.468: Total time for which application threads were stopped: 0.0022060 seconds, Stopping threads took: 0.0000650 seconds
153.526: Application time: 0.0580110 seconds
153.526: [GC153.526: [ParNew: 36991K->4112K(37568K), 0.0022400 secs] 171296K->141489K(431300K), 0.0022830 secs] [Times: user=0.01 sys=0.01, real=0.00 secs] 
153.529: Total time for which application threads were stopped: 0.0024400 seconds, Stopping threads took: 0.0000880 seconds
153.589: Application time: 0.0604140 seconds
153.589: [GC153.589: [ParNew: 36663K->4156K(37568K), 0.0023670 secs] 174041K->144730K(431300K), 0.0024080 secs] [Times: user=0.02 sys=0.00, real=0.00 secs] 
153.592: Total time for which application threads were stopped: 0.0025450 seconds, Stopping threads took: 0.0000720 seconds
153.653: Application time: 0.0610630 seconds
153.653: [GC153.653: [ParNew: 37249K->4157K(37568K), 0.0021500 secs] 177823K->146854K(431300K), 0.0021930 secs] [Times: user=0.01 sys=0.00, real=0.00 secs] 
153.655: Total time for which application threads were stopped: 0.0023420 seconds, Stopping threads took: 0.0000710 seconds
153.717: Application time: 0.0615500 seconds
153.717: [GC153.717: [ParNew: 36954K->4136K(37568K), 0.0017180 secs] 179651K->146861K(431300K), 0.0017570 secs] [Times: user=0.00 sys=0.00, real=0.00 secs] 
153.719: Total time for which application threads were stopped: 0.0018900 seconds, Stopping threads took: 0.0000650 seconds
153.780: Application time: 0.0613440 seconds
153.780: [GC153.780: [ParNew: 36864K->3144K(37568K), 0.0012880 secs] 179590K->145870K(431300K), 0.0013250 secs] [Times: user=0.00 sys=0.00, real=0.00 secs] 
153.781: Total time for which application threads were stopped: 0.0014810 seconds, Stopping threads took: 0.0000910 seconds
153.841: Application time: 0.0592850 seconds
153.841: [GC153.841: [ParNew: 36552K->3150K(37568K), 0.0010960 secs] 179278K->145876K(431300K), 0.0011270 secs] [Times: user=0.01 sys=0.00, real=0.00 secs] 
153.842: Total time for which application threads were stopped: 0.0012700 seconds, Stopping threads took: 0.0000820 seconds
153.901: Application time: 0.0586200 seconds
153.901: [GC153.901: [ParNew: 36558K->4157K(37568K), 0.0012760 secs] 179284K->146882K(431300K), 0.0013120 secs] [Times: user=0.01 sys=0.00, real=0.00 secs] 
153.902: Total time for which application threads were stopped: 0.0014430 seconds, Stopping threads took: 0.0000700 seconds
153.954: Application time: 0.0522270 seconds
153.954: [GC153.954: [ParNew: 36625K->4112K(37568K), 0.0023320 secs] 179351K->149910K(431300K), 0.0023750 secs] [Times: user=0.02 sys=0.00, real=0.01 secs] 
153.957: Total time for which application threads were stopped: 0.0025090 seconds, Stopping threads took: 0.0000660 seconds
154.015: Application time: 0.0579120 seconds
154.015: [GC154.015: [ParNew: 36976K->4109K(37568K), 0.0019330 secs] 182774K->151955K(431300K), 0.0019690 secs] [Times: user=0.01 sys=0.00, real=0.01 secs] 
154.017: Total time for which application threads were stopped: 0.0020960 seconds, Stopping threads took: 0.0000640 seconds
154.077: Application time: 0.0599150 seconds
154.080: [GC154.080: [ParNew: 36975K->4128K(37568K), 0.0020530 secs] 184821K->154022K(431300K), 0.0020950 secs] [Times: user=0.02 sys=0.00, real=0.00 secs] 
154.083: Total time for which application threads were stopped: 0.0058230 seconds, Stopping threads took: 0.0036600 seconds
154.145: Application time: 0.0624850 seconds
154.145: [GC154.145: [ParNew: 37039K->4113K(37568K), 0.0018810 secs] 186933K->156055K(431300K), 0.0019250 secs] [Times: user=0.01 sys=0.00, real=0.00 secs] 
154.147: Total time for which application threads were stopped: 0.0020720 seconds, Stopping threads took: 0.0000800 seconds
154.207: Application time: 0.0595000 seconds
154.207: [GC154.207: [ParNew: 36980K->4117K(37568K), 0.0023410 secs] 188922K->159131K(431300K), 0.0023840 secs] [Times: user=0.01 sys=0.00, real=0.00 secs] 
154.209: Total time for which application threads were stopped: 0.0025300 seconds, Stopping threads took: 0.0000710 seconds
154.268: Application time: 0.0584810 seconds
154.268: [GC154.268: [ParNew: 37525K->4158K(37568K), 0.0023760 secs] 192539K->162385K(431300K), 0.0024220 secs] [Times: user=0.01 sys=0.00, real=0.00 secs] 
154.270: Total time for which application threads were stopped: 0.0025560 seconds, Stopping threads took: 0.0000670 seconds
154.330: Application time: 0.0602270 seconds
154.331: [GC154.331: [ParNew: 37232K->4154K(37568K), 0.0020750 secs] 195459K->164475K(431300K), 0.0021130 secs] [Times: user=0.01 sys=0.00, real=0.00 secs] 
154.333: Total time for which application threads were stopped: 0.0022500 seconds, Stopping threads took: 0.0000720 seconds
154.393: Application time: 0.0602840 seconds
154.393: [GC154.393: [ParNew: 36957K->4128K(37568K), 0.0020450 secs] 197278K->166538K(431300K), 0.0020890 secs] [Times: user=0.02 sys=0.00, real=0.00 secs] 
154.395: Total time for which application threads were stopped: 0.0022380 seconds, Stopping threads took: 0.0000760 seconds
154.457: Application time: 0.0623280 seconds
154.458: [GC154.458: [ParNew: 37042K->4150K(37568K), 0.0018570 secs] 199452K->167584K(431300K), 0.0018940 secs] [Times: user=0.01 sys=0.00, real=0.00 secs] 
154.460: Total time for which application threads were stopped: 0.0020500 seconds, Stopping threads took: 0.0000900 seconds
154.520: Application time: 0.0603600 seconds
154.520: [GC154.520: [ParNew: 36765K->3150K(37568K), 0.0011720 secs] 200199K->166584K(431300K), 0.0012100 secs] [Times: user=0.01 sys=0.00, real=0.00 secs] 
154.521: Total time for which application threads were stopped: 0.0013680 seconds, Stopping threads took: 0.0000930 seconds
154.580: Application time: 0.0582910 seconds
154.580: [GC154.580: [ParNew: 36408K->2105K(37568K), 0.0009210 secs] 199842K->165540K(431300K), 0.0009560 secs] [Times: user=0.01 sys=0.00, real=0.00 secs] 
154.581: Total time for which application threads were stopped: 0.0011010 seconds, Stopping threads took: 0.0000850 seconds
154.634: Application time: 0.0530680 seconds
154.634: [GC154.634: [ParNew: 35513K->4112K(37568K), 0.0023360 secs] 198948K->170618K(431300K), 0.0023780 secs] [Times: user=0.01 sys=0.00, real=0.00 secs] 
154.636: Total time for which application threads were stopped: 0.0025120 seconds, Stopping threads took: 0.0000650 seconds
154.694: Application time: 0.0580620 seconds
154.694: [GC154.694: [ParNew: 37010K->4114K(37568K), 0.0023850 secs] 203516K->173692K(431300K), 0.0024280 secs] [Times: user=0.01 sys=0.00, real=0.01 secs] 
154.697: Total time for which application threads were stopped: 0.0025730 seconds, Stopping threads took: 0.0000770 seconds
154.761: Application time: 0.0644090 seconds
154.761: [GC154.761: [ParNew: 37143K->4118K(37568K), 0.0015590 secs] 206721K->174720K(431300K), 0.0015960 secs] [Times: user=0.01 sys=0.00, real=0.00 secs] 
154.763: Total time for which application threads were stopped: 0.0017200 seconds, Stopping threads took: 0.0000530 seconds
154.819: Application time: 0.0559310 seconds
154.819: [GC154.819: [ParNew: 36814K->4111K(37568K), 0.0022910 secs] 207416K->176762K(431300K), 0.0023390 secs] [Times: user=0.01 sys=0.00, real=0.00 secs] 
154.821: Total time for which application threads were stopped: 0.0024850 seconds, Stopping threads took: 0.0000770 seconds
154.884: Application time: 0.0622730 seconds
154.884: [GC154.884: [ParNew: 37150K->4147K(37568K), 0.0021140 secs] 209801K->178845K(431300K), 0.0021580 secs] [Times: user=0.01 sys=0.00, real=0.01 secs] 
154.886: Total time for which application threads were stopped: 0.0023010 seconds, Stopping threads took: 0.0000770 seconds
154.945: Application time: 0.0591650 seconds
154.945: [GC154.945: [ParNew: 37553K->4158K(37568K), 0.0020200 secs] 212251K->181049K(431300K), 0.0020620 secs] [Times: user=0.02 sys=0.00, real=0.00 secs] 
154.947: Total time for which application threads were stopped: 0.0021870 seconds, Stopping threads took: 0.0000570 seconds
155.008: Application time: 0.0604980 seconds
155.008: [GC155.008: [ParNew: 37206K->4158K(37568K), 0.0021500 secs] 214097K->183151K(431300K), 0.0021950 secs] [Times: user=0.02 sys=0.00, real=0.00 secs] 
155.010: Total time for which application threads were stopped: 0.0023610 seconds, Stopping threads took: 0.0000970 seconds
155.073: Application time: 0.0626430 seconds
155.073: [GC155.073: [ParNew: 37023K->4113K(37568K), 0.0018300 secs] 216017K->184160K(431300K), 0.0018700 secs] [Times: user=0.01 sys=0.00, real=0.00 secs] 
155.075: Total time for which application threads were stopped: 0.0019970 seconds, Stopping threads took: 0.0000580 seconds
155.134: Application time: 0.0591030 seconds
155.134: [GC155.134: [ParNew: 36702K->4152K(37568K), 0.0014890 secs] 216748K->184199K(431300K), 0.0015250 secs] [Times: user=0.01 sys=0.00, real=0.00 secs] 
155.136: Total time for which application threads were stopped: 0.0016460 seconds, Stopping threads took: 0.0000560 seconds
155.193: Application time: 0.0575730 seconds
155.193: [GC155.193: [ParNew: 36586K->4154K(37568K), 0.0013870 secs] 216633K->184200K(431300K), 0.0014190 secs] [Times: user=0.01 sys=0.00, real=0.00 secs] 
155.195: Total time for which application threads were stopped: 0.0015550 seconds, Stopping threads took: 0.0000720 seconds
155.257: Application time: 0.0619460 seconds
155.257: [GC155.257: [ParNew: 36935K->3106K(37568K), 0.0012120 secs] 216982K->183152K(431300K), 0.0012460 secs] [Times: user=0.01 sys=0.00, real=0.00 secs] 
155.258: Total time for which application threads were stopped: 0.0013670 seconds, Stopping threads took: 0.0000630 seconds
155.311: Application time: 0.0532350 seconds
155.311: [GC155.311: [ParNew: 36334K->4116K(37568K), 0.0019100 secs] 216381K->186210K(431300K), 0.0019490 secs] [Times: user=0.02 sys=0.00, real=0.00 secs] 
155.313: Total time for which application threads were stopped: 0.0020820 seconds, Stopping threads took: 0.0000640 seconds
155.368: Application time: 0.0548580 seconds
155.368: [GC155.368: [ParNew: 36916K->4114K(37568K), 0.0023300 secs] 219010K->189280K(431300K), 0.0023720 secs] [Times: user=0.01 sys=0.00, real=0.00 secs] 
155.371: Total time for which application threads were stopped: 0.0025230 seconds, Stopping threads took: 0.0000850 seconds
155.431: Application time: 0.0606280 seconds
155.432: [GC155.432: [ParNew: 37068K->4112K(37568K), 0.0022440 secs] 222234K->192350K(431300K), 0.0022860 secs] [Times: user=0.01 sys=0.00, real=0.00 secs] 
155.434: Total time for which application threads were stopped: 0.0024180 seconds, Stopping threads took: 0.0000630 seconds
155.496: Application time: 0.0620220 seconds
155.496: [GC155.496: [ParNew: 37081K->4112K(37568K), 0.0019880 secs] 225319K->194399K(431300K), 0.0020300 secs] [Times: user=0.01 sys=0.00, real=0.01 secs] 
155.498: Total time for which application threads were stopped: 0.0021680 seconds, Stopping threads took: 0.0000700 seconds
155.560: Application time: 0.0615000 seconds
155.560: [GC155.560: [ParNew: 37169K->4141K(37568K), 0.0020730 secs] 227456K->196476K(431300K), 0.0021230 secs] [Times: user=0.02 sys=0.00, real=0.00 secs] 
155.562: Total time for which application threads were stopped: 0.0022680 seconds, Stopping threads took: 0.0000740 seconds
155.624: Application time: 0.0619860 seconds
155.624: [GC155.624: [ParNew: 37549K->4158K(37568K), 0.0018360 secs] 229884K->197676K(431300K), 0.0018770 secs] [Times: user=0.02 sys=0.00, real=0.01 secs] 
155.626: Total time for which application threads were stopped: 0.0020150 seconds, Stopping threads took: 0.0000690 seconds
155.683: Application time: 0.0568110 seconds
155.683: [GC155.683: [ParNew: 36740K->4159K(37568K), 0.0015010 secs] 230257K->197707K(431300K), 0.0015360 secs] [Times: user=0.01 sys=0.00, real=0.00 secs] 
155.684: Total time for which application threads were stopped: 0.0016840 seconds, Stopping threads took: 0.0000770 seconds
155.744: Application time: 0.0599480 seconds
155.744: [GC155.744: [ParNew: 36932K->4114K(37568K), 0.0023260 secs] 230481K->200775K(431300K), 0.0023680 secs] [Times: user=0.01 sys=0.00, real=0.00 secs] 
155.747: Total time for which application threads were stopped: 0.0025430 seconds, Stopping threads took: 0.0001090 seconds
155.806: Application time: 0.0592020 seconds
155.806: [GC155.806: [ParNew: 37018K->4130K(37568K), 0.0020970 secs] 233680K->202839K(431300K), 0.0021410 secs] [Times: user=0.01 sys=0.00, real=0.00 secs] 
155.808: Total time for which application threads were stopped: 0.0022840 seconds, Stopping threads took: 0.0000660 seconds
155.867: Application time: 0.0585140 seconds
155.867: [GC155.867: [ParNew: 36561K->4150K(37568K), 0.0015090 secs] 235271K->202859K(431300K), 0.0015460 secs] [Times: user=0.00 sys=0.00, real=0.00 secs] 
155.869: Total time for which application threads were stopped: 0.0017790 seconds, Stopping threads took: 0.0001360 seconds
155.928: Application time: 0.0591040 seconds
155.928: [GC155.928: [ParNew: 36556K->3129K(37568K), 0.0011980 secs] 235266K->201838K(431300K), 0.0012300 secs] [Times: user=0.01 sys=0.00, real=0.00 secs] 
155.929: Total time for which application threads were stopped: 0.0013630 seconds, Stopping threads took: 0.0000730 seconds
155.981: Application time: 0.0522490 seconds
155.981: [GC155.981: [ParNew: 35626K->4112K(37568K), 0.0022980 secs] 234336K->205893K(431300K), 0.0023370 secs] [Times: user=0.02 sys=0.00, real=0.00 secs] 
155.984: Total time for which application threads were stopped: 0.0024640 seconds, Stopping threads took: 0.0000620 seconds
156.048: Application time: 0.0647190 seconds
156.049: [GC156.049: [ParNew: 37283K->4112K(37568K), 0.0019330 secs] 239064K->207941K(431300K), 0.0019740 secs] [Times: user=0.01 sys=0.00, real=0.00 secs] 
156.051: Total time for which application threads were stopped: 0.0021070 seconds, Stopping threads took: 0.0000660 seconds
156.107: Application time: 0.0568990 seconds
156.108: [GC156.108: [ParNew: 36859K->4116K(37568K), 0.0020490 secs] 240688K->209993K(431300K), 0.0020890 secs] [Times: user=0.01 sys=0.00, real=0.00 secs] 
156.110: Total time for which application threads were stopped: 0.0022710 seconds, Stopping threads took: 0.0001140 seconds
156.171: Application time: 0.0610210 seconds
156.171: [GC156.171: [ParNew: 37030K->4116K(37568K), 0.0023400 secs] 242907K->213065K(431300K), 0.0023790 secs] [Times: user=0.01 sys=0.00, real=0.00 secs] 
156.173: Total time for which application threads were stopped: 0.0025350 seconds, Stopping threads took: 0.0000870 seconds
156.237: Application time: 0.0632380 seconds
156.237: [GC156.237: [ParNew: 37206K->4158K(37568K), 0.0015010 secs] 246155K->213107K(431300K), 0.0015400 secs] [Times: user=0.01 sys=0.00, real=0.00 secs] 
156.238: Total time for which application threads were stopped: 0.0016530 seconds, Stopping threads took: 0.0000450 seconds
156.296: Application time: 0.0581920 seconds
156.297: [GC156.297: [ParNew: 37203K->4158K(37568K), 0.0014470 secs] 246152K->213266K(431300K), 0.0014830 secs] [Times: user=0.01 sys=0.00, real=0.00 secs] 
156.298: Total time for which application threads were stopped: 0.0016210 seconds, Stopping threads took: 0.0000720 seconds
156.356: Application time: 0.0576370 seconds
156.356: [GC156.356: [ParNew: 36755K->4152K(37568K), 0.0017250 secs] 245863K->214330K(431300K), 0.0017720 secs] [Times: user=0.01 sys=0.00, real=0.01 secs] 
156.358: Total time for which application threads were stopped: 0.0019400 seconds, Stopping threads took: 0.0001040 seconds
156.418: Application time: 0.0602840 seconds
156.418: [GC156.418: [ParNew: 36992K->4116K(37568K), 0.0017290 secs] 247170K->215344K(431300K), 0.0017690 secs] [Times: user=0.01 sys=0.00, real=0.00 secs] 
156.420: Total time for which application threads were stopped: 0.0019100 seconds, Stopping threads took: 0.0000700 seconds
156.477: Application time: 0.0569590 seconds
156.477: [GC156.477: [ParNew: 36742K->4130K(37568K), 0.0017930 secs] 247969K->216381K(431300K), 0.0018310 secs] [Times: user=0.01 sys=0.00, real=0.00 secs] 
156.479: Total time for which application threads were stopped: 0.0019510 seconds, Stopping threads took: 0.0000540 seconds
156.537: Application time: 0.0581210 seconds
156.537: [GC156.537: [ParNew: 36753K->4116K(37568K), 0.0019820 secs] 249004K->218415K(431300K), 0.0020190 secs] [Times: user=0.01 sys=0.00, real=0.00 secs] 
156.539: Total time for which application threads were stopped: 0.0021850 seconds, Stopping threads took: 0.0000930 seconds
156.599: Application time: 0.0596790 seconds
156.599: [GC156.599: [ParNew: 36886K->4131K(37568K), 0.0014100 secs] 251186K->218431K(431300K), 0.0014530 secs] [Times: user=0.01 sys=0.00, real=0.00 secs] 
156.600: Total time for which application threads were stopped: 0.0015910 seconds, Stopping threads took: 0.0000750 seconds
156.661: Application time: 0.0608590 seconds
156.663: [GC156.663: [ParNew: 36957K->4133K(37568K), 0.0014560 secs] 251256K->218432K(431300K), 0.0014950 secs] [Times: user=0.01 sys=0.00, real=0.01 secs] 
156.665: Total time for which application threads were stopped: 0.0037700 seconds, Stopping threads took: 0.0022160 seconds
156.718: Application time: 0.0535170 seconds
156.719: [GC156.719: [ParNew: 36675K->4116K(37568K), 0.0020260 secs] 250974K->220464K(431300K), 0.0020650 secs] [Times: user=0.02 sys=0.00, real=0.00 secs] 
156.721: Total time for which application threads were stopped: 0.0022200 seconds, Stopping threads took: 0.0000820 seconds
156.783: Application time: 0.0621560 seconds
156.783: [GC156.783: [ParNew: 37073K->4114K(37568K), 0.0022840 secs] 253421K->223533K(431300K), 0.0023280 secs] [Times: user=0.01 sys=0.00, real=0.01 secs] 
156.785: Total time for which application threads were stopped: 0.0024600 seconds, Stopping threads took: 0.0000640 seconds
156.846: Application time: 0.0604550 seconds
156.846: [GC156.846: [ParNew: 37043K->4114K(37568K), 0.0023260 secs] 256462K->226605K(431300K), 0.0023680 secs] [Times: user=0.02 sys=0.00, real=0.00 secs] 
156.848: Total time for which application threads were stopped: 0.0025430 seconds, Stopping threads took: 0.0000960 seconds
156.848: Application time: 0.0000690 seconds
156.849: [GC [1 CMS-initial-mark: 222491K(393732K)] 227630K(431300K), 0.0001350 secs] [Times: user=0.00 sys=0.00, real=0.00 secs] 
156.849: Total time for which application threads were stopped: 0.0003430 seconds, Stopping threads took: 0.0001830 seconds
156.849: [CMS-concurrent-mark-start]
156.853: [CMS-concurrent-mark: 0.004/0.004 secs] [Times: user=0.03 sys=0.00, real=0.00 secs] 
156.853: [CMS-concurrent-preclean-start]
156.853: [CMS-concurrent-preclean: 0.001/0.001 secs] [Times: user=0.00 sys=0.00, real=0.00 secs] 
156.853: [CMS-concurrent-abortable-preclean-start]
156.910: Application time: 0.0611280 seconds
156.910: [GC156.910: [ParNew: 37051K->4149K(37568K), 0.0017530 secs] 259543K->227665K(431300K), 0.0017920 secs] [Times: user=0.02 sys=0.00, real=0.00 secs] 
156.912: Total time for which application threads were stopped: 0.0019350 seconds, Stopping threads took: 0.0000730 seconds
156.975: Application time: 0.0635940 seconds
156.976: [GC156.976: [ParNew: 37549K->2232K(37568K), 0.0009810 secs] 261065K->225776K(431300K), 0.0010140 secs] [Times: user=0.01 sys=0.00, real=0.01 secs] 
156.977: Total time for which application threads were stopped: 0.0012540 seconds, Stopping threads took: 0.0001630 seconds
157.033: Application time: 0.0564030 seconds
157.033: [GC157.033: [ParNew: 35640K->4158K(37568K), 0.0014510 secs] 259184K->227872K(431300K), 0.0014850 secs] [Times: user=0.01 sys=0.00, real=0.00 secs] 
157.035: Total time for which application threads were stopped: 0.0016330 seconds, Stopping threads took: 0.0000840 seconds
157.095: Application time: 0.0600120 seconds
157.095: [GC157.095: [ParNew: 36915K->4120K(37568K), 0.0020890 secs] 260630K->229912K(431300K), 0.0021330 secs] [Times: user=0.01 sys=0.00, real=0.01 secs] 
157.097: Total time for which application threads were stopped: 0.0022580 seconds, Stopping threads took: 0.0000580 seconds
157.152: Application time: 0.0551620 seconds
157.156: [GC157.156: [ParNew: 36723K->4116K(37568K), 0.0018670 secs] 262515K->230932K(431300K), 0.0019080 secs] [Times: user=0.01 sys=0.00, real=0.00 secs] 
157.158: Total time for which application threads were stopped: 0.0061930 seconds, Stopping threads took: 0.0042160 seconds
157.219: Application time: 0.0603650 seconds
157.219: [GC157.219: [ParNew: 36914K->4116K(37568K), 0.0020050 secs] 263730K->232980K(431300K), 0.0020500 secs] [Times: user=0.02 sys=0.00, real=0.00 secs] 
157.221: Total time for which application threads were stopped: 0.0021880 seconds, Stopping threads took: 0.0000680 seconds
157.283: Application time: 0.0623400 seconds
157.283: [GC157.283: [ParNew: 37026K->4118K(37568K), 0.0017620 secs] 265890K->234006K(431300K), 0.0018050 secs] [Times: user=0.01 sys=0.00, real=0.01 secs] 
157.285: Total time for which application threads were stopped: 0.0019480 seconds, Stopping threads took: 0.0000750 seconds
157.340: Application time: 0.0547360 seconds
157.344: [GC157.344: [ParNew: 36535K->4113K(37568K), 0.0016630 secs] 266423K->235025K(431300K), 0.0017040 secs] [Times: user=0.01 sys=0.00, real=0.00 secs] 
157.346: Total time for which application threads were stopped: 0.0062590 seconds, Stopping threads took: 0.0044910 seconds
157.406: Application time: 0.0601460 seconds
157.406: [GC157.406: [ParNew: 36952K->4112K(37568K), 0.0021720 secs] 267864K->238096K(431300K), 0.0022120 secs] [Times: user=0.02 sys=0.00, real=0.00 secs] 
157.409: Total time for which application threads were stopped: 0.0023440 seconds, Stopping threads took: 0.0000660 seconds
157.466: Application time: 0.0575190 seconds
157.466: [GC157.466: [ParNew: 36998K->4115K(37568K), 0.0020230 secs] 270982K->240147K(431300K), 0.0020620 secs] [Times: user=0.01 sys=0.00, real=0.00 secs] 
157.468: Total time for which application threads were stopped: 0.0021900 seconds, Stopping threads took: 0.0000610 seconds
157.530: Application time: 0.0614680 seconds
157.530: [GC157.530: [ParNew: 37062K->4116K(37568K), 0.0022750 secs] 273094K->243220K(431300K), 0.0023170 secs] [Times: user=0.02 sys=0.00, real=0.00 secs] 
157.532: Total time for which application threads were stopped: 0.0024740 seconds, Stopping threads took: 0.0000680 seconds
157.593: Application time: 0.0610150 seconds
157.594: [GC157.594: [ParNew: 37140K->4156K(37568K), 0.0020480 secs] 276244K->245308K(431300K), 0.0020870 secs] [Times: user=0.02 sys=0.00, real=0.00 secs] 
157.596: Total time for which application threads were stopped: 0.0022990 seconds, Stopping threads took: 0.0001230 seconds
157.659: Application time: 0.0630500 seconds
157.659: [GC157.659: [ParNew: 37563K->3251K(37568K), 0.0012460 secs] 278715K->244432K(431300K), 0.0012820 secs] [Times: user=0.01 sys=0.00, real=0.00 secs] 
157.660: Total time for which application threads were stopped: 0.0014410 seconds, Stopping threads took: 0.0000960 seconds
157.719: Application time: 0.0584010 seconds
157.719: [GC157.719: [ParNew: 35771K->3169K(37568K), 0.0011180 secs] 276952K->244492K(431300K), 0.0011520 secs] [Times: user=0.01 sys=0.00, real=0.00 secs] 
157.720: Total time for which application threads were stopped: 0.0012720 seconds, Stopping threads took: 0.0000610 seconds
157.775: Application time: 0.0547190 seconds
157.775: [GC157.775: [ParNew: 35659K->4138K(37568K), 0.0021660 secs] 276983K->247566K(431300K), 0.0022160 secs] [Times: user=0.01 sys=0.00, real=0.01 secs] 
157.777: Total time for which application threads were stopped: 0.0023760 seconds, Stopping threads took: 0.0000940 seconds
157.837: Application time: 0.0598700 seconds
157.837: [GC157.837: [ParNew: 36934K->4114K(37568K), 0.0017110 secs] 280362K->248566K(431300K), 0.0017520 secs] [Times: user=0.01 sys=0.00, real=0.00 secs] 
157.839: Total time for which application threads were stopped: 0.0019100 seconds, Stopping threads took: 0.0000890 seconds
157.901: Application time: 0.0624700 seconds
157.901: [GC157.901: [ParNew: 36946K->4132K(37568K), 0.0015050 secs] 281399K->248585K(431300K), 0.0015400 secs] [Times: user=0.01 sys=0.00, real=0.00 secs] 
157.903: Total time for which application threads were stopped: 0.0016750 seconds, Stopping threads took: 0.0000680 seconds
157.960: Application time: 0.0576030 seconds
157.961: [GC157.961: [ParNew: 36673K->4117K(37568K), 0.0016350 secs] 281125K->249593K(431300K), 0.0016720 secs] [Times: user=0.01 sys=0.00, real=0.00 secs] 
157.962: Total time for which application threads were stopped: 0.0018590 seconds, Stopping threads took: 0.0001210 seconds
158.019: Application time: 0.0563030 seconds
158.019: [GC158.019: [ParNew: 36674K->4116K(37568K), 0.0019710 secs] 282150K->251640K(431300K), 0.0020160 secs] [Times: user=0.02 sys=0.00, real=0.00 secs] 
158.021: Total time for which application threads were stopped: 0.0021730 seconds, Stopping threads took: 0.0000880 seconds
158.083: Application time: 0.0618690 seconds
158.083: [GC158.083: [ParNew: 37065K->4130K(37568K), 0.0013110 secs] 284589K->251654K(431300K), 0.0013500 secs] [Times: user=0.01 sys=0.00, real=0.00 secs] 
158.084: Total time for which application threads were stopped: 0.0014980 seconds, Stopping threads took: 0.0000740 seconds
158.142: Application time: 0.0575460 seconds
158.142: [GC158.142: [ParNew: 36778K->4117K(37568K), 0.0016810 secs] 284303K->252665K(431300K), 0.0017220 secs] [Times: user=0.01 sys=0.00, real=0.00 secs] 
158.144: Total time for which application threads were stopped: 0.0018760 seconds, Stopping threads took: 0.0000890 seconds
158.204: Application time: 0.0600750 seconds
158.204: [GC158.204: [ParNew: 36970K->4116K(37568K), 0.0020570 secs] 285519K->254712K(431300K), 0.0020970 secs] [Times: user=0.01 sys=0.00, real=0.01 secs] 
158.206: Total time for which application threads were stopped: 0.0022340 seconds, Stopping threads took: 0.0000700 seconds
158.267: Application time: 0.0612210 seconds
158.267: [GC158.267: [ParNew: 36945K->4133K(37568K), 0.0018220 secs] 287542K->255753K(431300K), 0.0018660 secs] [Times: user=0.01 sys=0.00, real=0.00 secs] 
158.269: Total time for which application threads were stopped: 0.0019910 seconds, Stopping threads took: 0.0000570 seconds
158.327: Application time: 0.0574450 seconds
158.327: [GC158.327: [ParNew: 37288K->4158K(37568K), 0.0017740 secs] 288909K->256937K(431300K), 0.0018160 secs] [Times: user=0.01 sys=0.01, real=0.00 secs] 
158.329: Total time for which application threads were stopped: 0.0019640 seconds, Stopping threads took: 0.0000840 seconds
158.389: Application time: 0.0606380 seconds
158.389: [GC158.389: [ParNew: 37267K->4157K(37568K), 0.0018070 secs] 290046K->258015K(431300K), 0.0018470 secs] [Times: user=0.01 sys=0.00, real=0.00 secs] 
158.391: Total time for which application threads were stopped: 0.0020250 seconds, Stopping threads took: 0.0001070 seconds
158.453: Application time: 0.0620460 seconds
158.453: [GC158.453: [ParNew: 36961K->4150K(37568K), 0.0015000 secs] 290819K->258049K(431300K), 0.0015370 secs] [Times: user=0.01 sys=0.00, real=0.00 secs] 
158.455: Total time for which application threads were stopped: 0.0017040 seconds, Stopping threads took: 0.0001010 seconds
158.513: Application time: 0.0584970 seconds
158.514: [GC158.514: [ParNew: 37558K->4150K(37568K), 0.0014460 secs] 291457K->258049K(431300K), 0.0014840 secs] [Times: user=0.01 sys=0.00, real=0.00 secs] 
158.515: Total time for which application threads were stopped: 0.0016420 seconds, Stopping threads took: 0.0000940 seconds
158.567: Application time: 0.0520280 seconds
158.567: [GC158.567: [ParNew: 36564K->4110K(37568K), 0.0023630 secs] 290463K->261081K(431300K), 0.0024130 secs] [Times: user=0.02 sys=0.00, real=0.00 secs] 
158.570: Total time for which application threads were stopped: 0.0025360 seconds, Stopping threads took: 0.0000630 seconds
158.631: Application time: 0.0613100 seconds
158.631: [GC158.631: [ParNew: 37097K->4112K(37568K), 0.0022510 secs] 294068K->264155K(431300K), 0.0022930 secs] [Times: user=0.01 sys=0.00, real=0.00 secs] 
158.633: Total time for which application threads were stopped: 0.0024760 seconds, Stopping threads took: 0.0001070 seconds
158.694: Application time: 0.0603030 seconds
158.694: [GC158.694: [ParNew: 37014K->4112K(37568K), 0.0022580 secs] 297057K->267227K(431300K), 0.0022960 secs] [Times: user=0.02 sys=0.00, real=0.00 secs] 
158.696: Total time for which application threads were stopped: 0.0024450 seconds, Stopping threads took: 0.0000840 seconds
158.756: Application time: 0.0594780 seconds
158.756: [GC158.756: [ParNew: 36975K->4128K(37568K), 0.0020020 secs] 300090K->269291K(431300K), 0.0020420 secs] [Times: user=0.02 sys=0.00, real=0.01 secs] 
158.758: Total time for which application threads were stopped: 0.0022310 seconds, Stopping threads took: 0.0001220 seconds
158.820: Application time: 0.0623540 seconds
158.820: [GC158.820: [ParNew: 37041K->4114K(37568K), 0.0021420 secs] 302205K->271325K(431300K), 0.0021830 secs] [Times: user=0.01 sys=0.00, real=0.00 secs] 
158.823: Total time for which application threads were stopped: 0.0023110 seconds, Stopping threads took: 0.0000620 seconds
158.881: Application time: 0.0584810 seconds
158.881: [GC158.881: [ParNew: 36801K->4130K(37568K), 0.0020710 secs] 304013K->273389K(431300K), 0.0021100 secs] [Times: user=0.02 sys=0.00, real=0.00 secs] 
158.883: Total time for which application threads were stopped: 0.0022760 seconds, Stopping threads took: 0.0000890 seconds
158.945: Application time: 0.0620040 seconds
158.946: [GC158.946: [ParNew: 37011K->4117K(37568K), 0.0016250 secs] 306270K->274400K(431300K), 0.0016620 secs] [Times: user=0.01 sys=0.00, real=0.00 secs] 
158.947: Total time for which application threads were stopped: 0.0018870 seconds, Stopping threads took: 0.0001600 seconds
159.004: Application time: 0.0572240 seconds
159.005: [GC159.005: [ParNew: 37366K->4159K(37568K), 0.0032360 secs] 307650K->275612K(431300K), 0.0032780 secs] [Times: user=0.01 sys=0.00, real=0.00 secs] 
159.008: Total time for which application threads were stopped: 0.0034250 seconds, Stopping threads took: 0.0000830 seconds
159.069: Application time: 0.0607360 seconds
159.069: [GC159.069: [ParNew: 37163K->4152K(37568K), 0.0021320 secs] 308616K->277711K(431300K), 0.0021720 secs] [Times: user=0.01 sys=0.00, real=0.00 secs] 
159.071: Total time for which application threads were stopped: 0.0022950 seconds, Stopping threads took: 0.0000600 seconds
159.131: Application time: 0.0597290 seconds
159.132: [GC159.133: [ParNew: 36717K->3127K(37568K), 0.0011680 secs] 310276K->276711K(431300K), 0.0012050 secs] [Times: user=0.01 sys=0.00, real=0.00 secs] 
159.134: Total time for which application threads were stopped: 0.0030740 seconds, Stopping threads took: 0.0017730 seconds
159.192: Application time: 0.0585560 seconds
159.192: [GC159.192: [ParNew: 36535K->4118K(37568K), 0.0016530 secs] 310119K->278726K(431300K), 0.0016920 secs] [Times: user=0.01 sys=0.00, real=0.00 secs] 
159.194: Total time for which application threads were stopped: 0.0018420 seconds, Stopping threads took: 0.0000850 seconds
159.251: Application time: 0.0569110 seconds
159.251: [GC159.251: [ParNew: 36714K->4112K(37568K), 0.0019720 secs] 311322K->280768K(431300K), 0.0020150 secs] [Times: user=0.02 sys=0.00, real=0.00 secs] 
159.253: Total time for which application threads were stopped: 0.0021690 seconds, Stopping threads took: 0.0000880 seconds
159.311: Application time: 0.0574960 seconds
159.311: [GC159.311: [ParNew: 36954K->4112K(37568K), 0.0022560 secs] 313610K->283840K(431300K), 0.0023070 secs] [Times: user=0.01 sys=0.00, real=0.00 secs] 
159.313: Total time for which application threads were stopped: 0.0024340 seconds, Stopping threads took: 0.0000610 seconds
159.371: Application time: 0.0582520 seconds
159.372: [GC159.372: [ParNew: 37030K->4114K(37568K), 0.0023790 secs] 316758K->286914K(431300K), 0.0024240 secs] [Times: user=0.02 sys=0.00, real=0.00 secs] 
159.374: Total time for which application threads were stopped: 0.0025810 seconds, Stopping threads took: 0.0000890 seconds
159.435: Application time: 0.0614310 seconds
159.436: [GC159.436: [ParNew: 37086K->4112K(37568K), 0.0025730 secs] 319886K->289984K(431300K), 0.0026150 secs] [Times: user=0.02 sys=0.00, real=0.01 secs] 
159.438: Total time for which application threads were stopped: 0.0027650 seconds, Stopping threads took: 0.0000810 seconds
159.502: Application time: 0.0635850 seconds
159.502: [GC159.502: [ParNew: 37113K->4132K(37568K), 0.0020840 secs] 322986K->292052K(431300K), 0.0021240 secs] [Times: user=0.02 sys=0.00, real=0.00 secs] 
159.504: Total time for which application threads were stopped: 0.0022820 seconds, Stopping threads took: 0.0000890 seconds
159.563: Application time: 0.0590820 seconds
159.563: [GC159.563: [ParNew: 36869K->4150K(37568K), 0.0017050 secs] 324789K->293094K(431300K), 0.0017440 secs] [Times: user=0.01 sys=0.00, real=0.01 secs] 
159.565: Total time for which application threads were stopped: 0.0019380 seconds, Stopping threads took: 0.0001240 seconds
159.626: Application time: 0.0613470 seconds
159.627: [GC159.627: [ParNew: 36955K->4159K(37568K), 0.0014500 secs] 325899K->293122K(431300K), 0.0014880 secs] [Times: user=0.01 sys=0.00, real=0.00 secs] 
159.628: Total time for which application threads were stopped: 0.0016480 seconds, Stopping threads took: 0.0000930 seconds
159.686: Application time: 0.0581460 seconds
159.686: [GC159.686: [ParNew: 37112K->4159K(37568K), 0.0017490 secs] 326074K->293249K(431300K), 0.0017850 secs] [Times: user=0.01 sys=0.00, real=0.00 secs] 
159.688: Total time for which application threads were stopped: 0.0019200 seconds, Stopping threads took: 0.0000590 seconds
159.746: Application time: 0.0577200 seconds
159.746: [GC159.746: [ParNew: 36995K->4158K(37568K), 0.0018170 secs] 326086K->294335K(431300K), 0.0018530 secs] [Times: user=0.01 sys=0.00, real=0.00 secs] 
159.748: Total time for which application threads were stopped: 0.0019900 seconds, Stopping threads took: 0.0000690 seconds
159.805: Application time: 0.0572060 seconds
159.805: [GC159.805: [ParNew: 36666K->4114K(37568K), 0.0017510 secs] 326843K->295340K(431300K), 0.0017840 secs] [Times: user=0.01 sys=0.00, real=0.00 secs] 
159.807: Total time for which application threads were stopped: 0.0019520 seconds, Stopping threads took: 0.0001040 seconds
159.869: Application time: 0.0615330 seconds
159.869: [GC159.869: [ParNew: 36847K->4137K(37568K), 0.0013600 secs] 328073K->295363K(431300K), 0.0013940 secs] [Times: user=0.01 sys=0.00, real=0.00 secs] 
159.870: Total time for which application threads were stopped: 0.0015250 seconds, Stopping threads took: 0.0000740 seconds
159.924: Application time: 0.0536230 seconds
159.924: [GC159.924: [ParNew: 36641K->4117K(37568K), 0.0019670 secs] 327868K->297391K(431300K), 0.0020040 secs] [Times: user=0.01 sys=0.00, real=0.01 secs] 
159.926: Total time for which application threads were stopped: 0.0021260 seconds, Stopping threads took: 0.0000570 seconds
159.983: Application time: 0.0572450 seconds
159.983: [GC159.983: [ParNew: 36983K->4112K(37568K), 0.0023150 secs] 330257K->300458K(431300K), 0.0023560 secs] [Times: user=0.01 sys=0.00, real=0.01 secs] 
159.986: Total time for which application threads were stopped: 0.0025100 seconds, Stopping threads took: 0.0000870 seconds
160.046: Application time: 0.0603060 seconds
160.046: [GC160.046: [ParNew: 37065K->4111K(37568K), 0.0019430 secs] 333411K->302505K(431300K), 0.0019850 secs] [Times: user=0.02 sys=0.00, real=0.00 secs] 
160.048: Total time for which application threads were stopped: 0.0021260 seconds, Stopping threads took: 0.0000720 seconds
160.110: Application time: 0.0624220 seconds
160.111: [GC160.111: [ParNew: 37080K->4112K(37568K), 0.0044270 secs] 335474K->304554K(431300K), 0.0044750 secs] [Times: user=0.03 sys=0.00, real=0.00 secs] 
160.115: Total time for which application threads were stopped: 0.0047080 seconds, Stopping threads took: 0.0001680 seconds
160.175: Application time: 0.0597000 seconds
160.175: [GC160.175: [ParNew: 36888K->4131K(37568K), 0.0020560 secs] 337330K->306621K(431300K), 0.0020990 secs] [Times: user=0.02 sys=0.00, real=0.01 secs] 
160.177: Total time for which application threads were stopped: 0.0022370 seconds, Stopping threads took: 0.0000670 seconds
160.241: Application time: 0.0637200 seconds
160.241: [GC160.241: [ParNew: 37087K->4150K(37568K), 0.0014420 secs] 339577K->306641K(431300K), 0.0014790 secs] [Times: user=0.01 sys=0.00, real=0.00 secs] 
160.242: Total time for which application threads were stopped: 0.0016260 seconds, Stopping threads took: 0.0000730 seconds
160.301: Application time: 0.0588610 seconds
160.301: [GC160.301: [ParNew: 36792K->4158K(37568K), 0.0017400 secs] 339283K->307676K(431300K), 0.0017810 secs] [Times: user=0.01 sys=0.00, real=0.00 secs] 
160.303: Total time for which application threads were stopped: 0.0019570 seconds, Stopping threads took: 0.0001080 seconds
160.368: Application time: 0.0648830 seconds
160.368: [GC160.368: [ParNew: 36582K->4159K(37568K), 0.0015340 secs] 340100K->307833K(431300K), 0.0015750 secs] [Times: user=0.01 sys=0.00, real=0.00 secs] 
160.370: Total time for which application threads were stopped: 0.0017360 seconds, Stopping threads took: 0.0000940 seconds
160.427: Application time: 0.0576050 seconds
160.428: [GC160.428: [ParNew: 37567K->3184K(37568K), 0.0011680 secs] 341241K->306873K(431300K), 0.0012010 secs] [Times: user=0.01 sys=0.00, real=0.00 secs] 
160.429: Total time for which application threads were stopped: 0.0013190 seconds, Stopping threads took: 0.0000620 seconds
160.485: Application time: 0.0559460 seconds
160.485: [GC160.485: [ParNew: 36550K->4118K(37568K), 0.0019660 secs] 340239K->309912K(431300K), 0.0020030 secs] [Times: user=0.01 sys=0.00, real=0.00 secs] 
160.487: Total time for which application threads were stopped: 0.0021510 seconds, Stopping threads took: 0.0000840 seconds
160.542: Application time: 0.0550640 seconds
160.542: [GC160.542: [ParNew: 36748K->4118K(37568K), 0.0016020 secs] 342542K->310936K(431300K), 0.0016420 secs] [Times: user=0.01 sys=0.00, real=0.00 secs] 
160.544: Total time for which application threads were stopped: 0.0017800 seconds, Stopping threads took: 0.0000740 seconds
160.601: Application time: 0.0575670 seconds
160.601: [GC160.601: [ParNew: 36983K->4110K(37568K), 0.0022980 secs] 343801K->314000K(431300K), 0.0023390 secs] [Times: user=0.01 sys=0.00, real=0.00 secs] 
160.604: Total time for which application threads were stopped: 0.0024780 seconds, Stopping threads took: 0.0000730 seconds
160.665: Application time: 0.0613690 seconds
160.665: [GC160.665: [ParNew: 37089K->4111K(37568K), 0.0019820 secs] 346979K->316049K(431300K), 0.0020190 secs] [Times: user=0.01 sys=0.00, real=0.00 secs] 
160.667: Total time for which application threads were stopped: 0.0021730 seconds, Stopping threads took: 0.0000890 seconds
160.728: Application time: 0.0603990 seconds
160.728: [GC160.728: [ParNew: 37036K->4112K(37568K), 0.0022090 secs] 348974K->319122K(431300K), 0.0022540 secs] [Times: user=0.02 sys=0.00, real=0.00 secs] 
160.730: Total time for which application threads were stopped: 0.0023920 seconds, Stopping threads took: 0.0000680 seconds
160.792: Application time: 0.0621000 seconds
160.792: [GC160.792: [ParNew: 37073K->4132K(37568K), 0.0019700 secs] 352083K->321190K(431300K), 0.0020100 secs] [Times: user=0.01 sys=0.00, real=0.00 secs] 
160.794: Total time for which application threads were stopped: 0.0021830 seconds, Stopping threads took: 0.0000970 seconds
160.854: Application time: 0.0600380 seconds
160.855: [GC160.855: [ParNew: 36903K->4114K(37568K), 0.0019700 secs] 353962K->323220K(431300K), 0.0020110 secs] [Times: user=0.01 sys=0.00, real=0.01 secs] 
160.857: Total time for which application threads were stopped: 0.0021490 seconds, Stopping threads took: 0.0000620 seconds
160.917: Application time: 0.0604620 seconds
160.917: [GC160.917: [ParNew: 36925K->4118K(37568K), 0.0017820 secs] 356031K->324248K(431300K), 0.0018200 secs] [Times: user=0.01 sys=0.00, real=0.00 secs] 
160.919: Total time for which application threads were stopped: 0.0019870 seconds, Stopping threads took: 0.0001000 seconds
160.981: Application time: 0.0619650 seconds
160.981: [GC160.981: [ParNew: 37087K->4159K(37568K), 0.0017290 secs] 357217K->325313K(431300K), 0.0017690 secs] [Times: user=0.01 sys=0.00, real=0.00 secs] 
160.983: Total time for which application threads were stopped: 0.0019330 seconds, Stopping threads took: 0.0000950 seconds
161.041: Application time: 0.0576320 seconds
161.041: [GC161.041: [ParNew: 37045K->4159K(37568K), 0.0019480 secs] 358199K->326450K(431300K), 0.0019860 secs] [Times: user=0.02 sys=0.00, real=0.00 secs] 
161.043: Total time for which application threads were stopped: 0.0021660 seconds, Stopping threads took: 0.0001140 seconds
161.103: Application time: 0.0604240 seconds
161.103: [GC161.103: [ParNew: 37154K->4158K(37568K), 0.0017700 secs] 359445K->327563K(431300K), 0.0018120 secs] [Times: user=0.01 sys=0.00, real=0.01 secs] 
161.105: Total time for which application threads were stopped: 0.0019670 seconds, Stopping threads took: 0.0000850 seconds
161.165: Application time: 0.0600860 seconds
161.165: [GC161.165: [ParNew: 36754K->3124K(37568K), 0.0011610 secs] 360159K->326559K(431300K), 0.0011940 secs] [Times: user=0.01 sys=0.00, real=0.00 secs] 
161.167: Total time for which application threads were stopped: 0.0013440 seconds, Stopping threads took: 0.0000940 seconds
161.219: Application time: 0.0521220 seconds
161.219: [GC161.219: [ParNew: 36251K->4110K(37568K), 0.0023240 secs] 359685K->330616K(431300K), 0.0023640 secs] [Times: user=0.02 sys=0.00, real=0.00 secs] 
161.221: Total time for which application threads were stopped: 0.0024930 seconds, Stopping threads took: 0.0000660 seconds
161.280: Application time: 0.0585740 seconds
161.280: [GC161.280: [ParNew: 37033K->4112K(37568K), 0.0022830 secs] 363540K->333690K(431300K), 0.0023240 secs] [Times: user=0.02 sys=0.00, real=0.00 secs] 
161.282: Total time for which application threads were stopped: 0.0024610 seconds, Stopping threads took: 0.0000710 seconds
161.341: Application time: 0.0592300 seconds
161.342: [GC161.342: [ParNew: 37043K->4114K(37568K), 0.0023820 secs] 366621K->336764K(431300K), 0.0024240 secs] [Times: user=0.02 sys=0.00, real=0.00 secs] 
161.344: Total time for which application threads were stopped: 0.0025870 seconds, Stopping threads took: 0.0000850 seconds
161.406: Application time: 0.0623030 seconds
161.407: [GC161.407: [ParNew: 37094K->4114K(37568K), 0.0023470 secs] 369744K->339836K(431300K), 0.0023920 secs] [Times: user=0.02 sys=0.00, real=0.00 secs] 
161.409: Total time for which application threads were stopped: 0.0025470 seconds, Stopping threads took: 0.0000870 seconds
161.469: Application time: 0.0601180 seconds
161.469: [GC161.469: [ParNew: 37051K->4114K(37568K), 0.0022760 secs] 372774K->342908K(431300K), 0.0023160 secs] [Times: user=0.02 sys=0.00, real=0.00 secs] 
161.472: Total time for which application threads were stopped: 0.0024540 seconds, Stopping threads took: 0.0000710 seconds
161.531: Application time: 0.0596670 seconds
161.531: [GC161.531: [ParNew: 36966K->4128K(37568K), 0.0021980 secs] 375761K->344970K(431300K), 0.0022430 secs] [Times: user=0.02 sys=0.00, real=0.00 secs] 
161.534: Total time for which application threads were stopped: 0.0023890 seconds, Stopping threads took: 0.0000750 seconds
161.596: Application time: 0.0628370 seconds
161.597: [GC161.597: [ParNew: 36957K->4114K(37568K), 0.0014880 secs] 377800K->344956K(431300K), 0.0015230 secs] [Times: user=0.01 sys=0.00, real=0.00 secs] 
161.598: Total time for which application threads were stopped: 0.0016990 seconds, Stopping threads took: 0.0001130 seconds
161.658: Application time: 0.0596940 seconds
161.658: [GC161.658: [ParNew: 36961K->4156K(37568K), 0.0017930 secs] 377803K->346043K(431300K), 0.0018410 secs] [Times: user=0.01 sys=0.00, real=0.00 secs] 
161.660: Total time for which application threads were stopped: 0.0019970 seconds, Stopping threads took: 0.0000890 seconds
161.722: Application time: 0.0619710 seconds
161.722: [GC161.722: [ParNew: 37539K->4158K(37568K), 0.0015470 secs] 379426K->346183K(431300K), 0.0015870 secs] [Times: user=0.01 sys=0.00, real=0.00 secs] 
161.724: Total time for which application threads were stopped: 0.0017230 seconds, Stopping threads took: 0.0000680 seconds
161.782: Application time: 0.0583820 seconds
161.782: [GC161.782: [ParNew: 36708K->4158K(37568K), 0.0014460 secs] 378733K->346217K(431300K), 0.0014820 secs] [Times: user=0.01 sys=0.00, real=0.00 secs] 
161.784: Total time for which application threads were stopped: 0.0016160 seconds, Stopping threads took: 0.0000690 seconds
161.842: Application time: 0.0580940 seconds
161.842: [GC161.842: [ParNew: 37566K->4152K(37568K), 0.0014120 secs] 379625K->346248K(431300K), 0.0014460 secs] [Times: user=0.01 sys=0.00, real=0.00 secs] 
161.843: Total time for which application threads were stopped: 0.0015710 seconds, Stopping threads took: 0.0000620 seconds
161.898: Application time: 0.0550250 seconds
161.898: [GC161.898: [ParNew: 37529K->4117K(37568K), 0.0019830 secs] 379625K->348261K(431300K), 0.0020210 secs] [Times: user=0.02 sys=0.00, real=0.00 secs] 
161.900: Total time for which application threads were stopped: 0.0021550 seconds, Stopping threads took: 0.0000620 seconds
 CMS: abort preclean due to time 161.901: [CMS-concurrent-abortable-preclean: 0.072/5.048 secs] [Times: user=39.73 sys=0.08, real=5.05 secs] 
161.901: Application time: 0.0008980 seconds
161.901: [GC[YG occupancy: 5166 K (37568 K)]161.901: [Rescan (parallel) , 0.0002370 secs]161.902: [weak refs processing, 0.0000050 secs]161.902: [scrub string table, 0.0001070 secs] [1 CMS-remark: 344144K(393732K)] 349310K(431300K), 0.0003670 secs] [Times: user=0.01 sys=0.00, real=0.00 secs] 
161.902: Total time for which application threads were stopped: 0.0004770 seconds, Stopping threads took: 0.0000870 seconds
161.902: [CMS-concurrent-sweep-start]
161.903: [CMS-concurrent-sweep: 0.001/0.001 secs] [Times: user=0.00 sys=0.00, real=0.00 secs] 
161.903: [CMS-concurrent-reset-start]
161.905: [CMS-concurrent-reset: 0.002/0.002 secs] [Times: user=0.02 sys=0.00, real=0.01 secs] 
161.959: Application time: 0.0571880 seconds
161.959: [GC161.959: [ParNew: 37015K->4112K(37568K), 0.0021980 secs] 165361K->135529K(431300K), 0.0022430 secs] [Times: user=0.02 sys=0.00, real=0.00 secs] 
161.961: Total time for which application threads were stopped: 0.0023920 seconds, Stopping threads took: 0.0000820 seconds
162.019: Application time: 0.0579220 seconds
162.019: [GC162.019: [ParNew: 37014K->4113K(37568K), 0.0022270 secs] 168431K->138603K(431300K), 0.0022680 secs] [Times: user=0.02 sys=0.00, real=0.00 secs] 
162.022: Total time for which application threads were stopped: 0.0024110 seconds, Stopping threads took: 0.0000780 seconds
162.083: Application time: 0.0612640 seconds
162.083: [GC162.083: [ParNew: 37105K->4113K(37568K), 0.0019740 secs] 171595K->140650K(431300K), 0.0020120 secs] [Times: user=0.01 sys=0.00, real=0.01 secs] 
162.085: Total time for which application threads were stopped: 0.0021730 seconds, Stopping threads took: 0.0000930 seconds
162.147: Application time: 0.0623460 seconds
162.148: [GC162.148: [ParNew: 37042K->4113K(37568K), 0.0021910 secs] 173580K->143723K(431300K), 0.0022300 secs] [Times: user=0.01 sys=0.00, real=0.00 secs] 
162.150: Total time for which application threads were stopped: 0.0023940 seconds, Stopping threads took: 0.0001000 seconds
162.208: Application time: 0.0585480 seconds
162.209: [GC162.209: [ParNew: 36981K->4128K(37568K), 0.0019720 secs] 176591K->145786K(431300K), 0.0020080 secs] [Times: user=0.02 sys=0.00, real=0.00 secs] 
162.211: Total time for which application threads were stopped: 0.0021580 seconds, Stopping threads took: 0.0000830 seconds
162.274: Application time: 0.0630360 seconds
162.274: [GC162.274: [ParNew: 37052K->4135K(37568K), 0.0016550 secs] 178709K->146816K(431300K), 0.0016970 secs] [Times: user=0.01 sys=0.00, real=0.00 secs] 
162.275: Total time for which application threads were stopped: 0.0018230 seconds, Stopping threads took: 0.0000680 seconds
162.337: Application time: 0.0611740 seconds
162.337: [GC162.337: [ParNew: 37049K->4149K(37568K), 0.0015730 secs] 179731K->147870K(431300K), 0.0016130 secs] [Times: user=0.01 sys=0.00, real=0.00 secs] 
162.338: Total time for which application threads were stopped: 0.0017410 seconds, Stopping threads took: 0.0000640 seconds
162.396: Application time: 0.0577570 seconds
162.396: [GC162.396: [ParNew: 37079K->4158K(37568K), 0.0018070 secs] 180801K->149029K(431300K), 0.0018500 secs] [Times: user=0.02 sys=0.00, real=0.01 secs] 
162.398: Total time for which application threads were stopped: 0.0020500 seconds, Stopping threads took: 0.0001340 seconds
162.457: Application time: 0.0585660 seconds
162.457: [GC162.457: [ParNew: 37016K->4159K(37568K), 0.0019600 secs] 181887K->151125K(431300K), 0.0020010 secs] [Times: user=0.01 sys=0.00, real=0.00 secs] 
162.459: Total time for which application threads were stopped: 0.0021460 seconds, Stopping threads took: 0.0000680 seconds
162.523: Application time: 0.0642990 seconds
162.523: [GC162.523: [ParNew: 37144K->3146K(37568K), 0.0011770 secs] 184110K->150153K(431300K), 0.0012110 secs] [Times: user=0.01 sys=0.00, real=0.01 secs] 
162.525: Total time for which application threads were stopped: 0.0013450 seconds, Stopping threads took: 0.0000780 seconds
162.577: Application time: 0.0524530 seconds
162.577: [GC162.577: [ParNew: 35889K->4114K(37568K), 0.0015900 secs] 182896K->152145K(431300K), 0.0016250 secs] [Times: user=0.01 sys=0.00, real=0.00 secs] 
162.579: Total time for which application threads were stopped: 0.0017350 seconds, Stopping threads took: 0.0000530 seconds
162.634: Application time: 0.0552510 seconds
162.634: [GC162.634: [ParNew: 36964K->4115K(37568K), 0.0018640 secs] 184995K->154194K(431300K), 0.0019040 secs] [Times: user=0.02 sys=0.00, real=0.00 secs] 
162.636: Total time for which application threads were stopped: 0.0020440 seconds, Stopping threads took: 0.0000730 seconds
162.694: Application time: 0.0578430 seconds
162.694: [GC162.694: [ParNew: 37065K->4110K(37568K), 0.0019520 secs] 187144K->156237K(431300K), 0.0019910 secs] [Times: user=0.01 sys=0.00, real=0.00 secs] 
162.696: Total time for which application threads were stopped: 0.0021320 seconds, Stopping threads took: 0.0000750 seconds
162.759: Application time: 0.0633190 seconds
162.759: [GC162.759: [ParNew: 37068K->4117K(37568K), 0.0018400 secs] 189195K->158292K(431300K), 0.0018810 secs] [Times: user=0.01 sys=0.00, real=0.00 secs] 
162.761: Total time for which application threads were stopped: 0.0020080 seconds, Stopping threads took: 0.0000600 seconds
162.822: Application time: 0.0608910 seconds
162.822: [GC162.822: [ParNew: 37057K->4130K(37568K), 0.0019500 secs] 191232K->160353K(431300K), 0.0019950 secs] [Times: user=0.01 sys=0.00, real=0.01 secs] 
162.824: Total time for which application threads were stopped: 0.0021180 seconds, Stopping threads took: 0.0000560 seconds
162.882: Application time: 0.0579720 seconds
162.882: [GC162.882: [ParNew: 36842K->4113K(37568K), 0.0020350 secs] 193065K->162384K(431300K), 0.0020750 secs] [Times: user=0.01 sys=0.00, real=0.01 secs] 
162.885: Total time for which application threads were stopped: 0.0022320 seconds, Stopping threads took: 0.0000890 seconds
162.947: Application time: 0.0621600 seconds
162.947: [GC162.947: [ParNew: 37069K->4118K(37568K), 0.0019690 secs] 195340K->164437K(431300K), 0.0020140 secs] [Times: user=0.02 sys=0.00, real=0.00 secs] 
162.949: Total time for which application threads were stopped: 0.0021410 seconds, Stopping threads took: 0.0000590 seconds
163.009: Application time: 0.0598780 seconds
163.009: [GC163.009: [ParNew: 37005K->4158K(37568K), 0.0020370 secs] 197324K->166525K(431300K), 0.0020730 secs] [Times: user=0.01 sys=0.00, real=0.00 secs] 
163.011: Total time for which application threads were stopped: 0.0022440 seconds, Stopping threads took: 0.0000890 seconds
163.072: Application time: 0.0615220 seconds
163.073: [GC163.073: [ParNew: 37566K->4159K(37568K), 0.0018900 secs] 199933K->167753K(431300K), 0.0019300 secs] [Times: user=0.02 sys=0.00, real=0.00 secs] 
163.075: Total time for which application threads were stopped: 0.0020890 seconds, Stopping threads took: 0.0000880 seconds
163.137: Application time: 0.0627000 seconds
163.137: [GC163.137: [ParNew: 37104K->3158K(37568K), 0.0013120 secs] 200697K->166754K(431300K), 0.0013480 secs] [Times: user=0.00 sys=0.00, real=0.00 secs] 
163.139: Total time for which application threads were stopped: 0.0014830 seconds, Stopping threads took: 0.0000700 seconds
163.198: Application time: 0.0588220 seconds
163.200: [GC163.200: [ParNew: 36510K->3113K(37568K), 0.0011210 secs] 200106K->166737K(431300K), 0.0011540 secs] [Times: user=0.01 sys=0.00, real=0.00 secs] 
163.202: Total time for which application threads were stopped: 0.0040030 seconds, Stopping threads took: 0.0027870 seconds
163.261: Application time: 0.0589450 seconds
163.261: [GC163.261: [ParNew: 36521K->4148K(37568K), 0.0016420 secs] 200145K->168796K(431300K), 0.0016840 secs] [Times: user=0.01 sys=0.00, real=0.00 secs] 
163.262: Total time for which application threads were stopped: 0.0018330 seconds, Stopping threads took: 0.0000870 seconds
163.313: Application time: 0.0504380 seconds
163.313: [GC163.313: [ParNew: 36576K->4114K(37568K), 0.0022420 secs] 201224K->171834K(431300K), 0.0022830 secs] [Times: user=0.02 sys=0.00, real=0.00 secs] 
163.315: Total time for which application threads were stopped: 0.0024090 seconds, Stopping threads took: 0.0000560 seconds
163.375: Application time: 0.0594780 seconds
163.375: [GC163.375: [ParNew: 37056K->4112K(37568K), 0.0022760 secs] 204776K->174904K(431300K), 0.0023200 secs] [Times: user=0.02 sys=0.00, real=0.01 secs] 
163.377: Total time for which application threads were stopped: 0.0024630 seconds, Stopping threads took: 0.0000750 seconds
163.438: Application time: 0.0608080 seconds
163.438: [GC163.438: [ParNew: 37068K->4114K(37568K), 0.0018560 secs] 207860K->176955K(431300K), 0.0018950 secs] [Times: user=0.02 sys=0.00, real=0.00 secs] 
163.440: Total time for which application threads were stopped: 0.0020570 seconds, Stopping threads took: 0.0000980 seconds
163.501: Application time: 0.0611790 seconds
163.501: [GC163.501: [ParNew: 37090K->4128K(37568K), 0.0019670 secs] 209931K->179016K(431300K), 0.0020060 secs] [Times: user=0.01 sys=0.00, real=0.00 secs] 
163.503: Total time for which application threads were stopped: 0.0021420 seconds, Stopping threads took: 0.0000700 seconds
163.566: Application time: 0.0622590 seconds
163.566: [GC163.566: [ParNew: 37041K->4129K(37568K), 0.0019190 secs] 211930K->181066K(431300K), 0.0019610 secs] [Times: user=0.01 sys=0.00, real=0.00 secs] 
163.568: Total time for which application threads were stopped: 0.0021000 seconds, Stopping threads took: 0.0000640 seconds
163.624: Application time: 0.0561440 seconds
163.624: [GC163.624: [ParNew: 36811K->4118K(37568K), 0.0020200 secs] 213747K->183102K(431300K), 0.0020620 secs] [Times: user=0.02 sys=0.00, real=0.01 secs] 
163.626: Total time for which application threads were stopped: 0.0022040 seconds, Stopping threads took: 0.0000710 seconds
163.688: Application time: 0.0623260 seconds
163.692: [GC163.692: [ParNew: 37078K->4114K(37568K), 0.0025210 secs] 216063K->186170K(431300K), 0.0025640 secs] [Times: user=0.01 sys=0.00, real=0.00 secs] 
163.695: Total time for which application threads were stopped: 0.0066380 seconds, Stopping threads took: 0.0040040 seconds
163.755: Application time: 0.0602470 seconds
163.755: [GC163.756: [ParNew: 36654K->4159K(37568K), 0.0019630 secs] 218711K->187425K(431300K), 0.0020020 secs] [Times: user=0.01 sys=0.00, real=0.01 secs] 
163.758: Total time for which application threads were stopped: 0.0022360 seconds, Stopping threads took: 0.0001680 seconds
163.820: Application time: 0.0622600 seconds
163.820: [GC163.820: [ParNew: 37081K->2151K(37568K), 0.0010690 secs] 220347K->185432K(431300K), 0.0011090 secs] [Times: user=0.01 sys=0.00, real=0.00 secs] 
163.821: Total time for which application threads were stopped: 0.0012380 seconds, Stopping threads took: 0.0000660 seconds
163.879: Application time: 0.0577900 seconds
163.879: [GC163.879: [ParNew: 35305K->2095K(37568K), 0.0008680 secs] 218586K->185404K(431300K), 0.0008990 secs] [Times: user=0.00 sys=0.00, real=0.00 secs] 
163.880: Total time for which application threads were stopped: 0.0010510 seconds, Stopping threads took: 0.0000920 seconds
163.938: Application time: 0.0578340 seconds
163.938: [GC163.938: [ParNew: 35503K->4148K(37568K), 0.0018370 secs] 218812K->189505K(431300K), 0.0018730 secs] [Times: user=0.01 sys=0.00, real=0.00 secs] 
163.940: Total time for which application threads were stopped: 0.0020000 seconds, Stopping threads took: 0.0000640 seconds
163.991: Application time: 0.0515330 seconds
163.991: [GC163.991: [ParNew: 36633K->4114K(37568K), 0.0023050 secs] 221991K->192543K(431300K), 0.0023480 secs] [Times: user=0.02 sys=0.00, real=0.00 secs] 
163.994: Total time for which application threads were stopped: 0.0024830 seconds, Stopping threads took: 0.0000680 seconds
164.054: Application time: 0.0605420 seconds
164.054: [GC164.054: [ParNew: 37068K->4113K(37568K), 0.0020030 secs] 225497K->194591K(431300K), 0.0020470 secs] [Times: user=0.02 sys=0.00, real=0.01 secs] 
164.056: Total time for which application threads were stopped: 0.0022000 seconds, Stopping threads took: 0.0000890 seconds
164.114: Application time: 0.0576510 seconds
164.115: [GC164.115: [ParNew: 37008K->4112K(37568K), 0.0023680 secs] 227485K->197661K(431300K), 0.0024120 secs] [Times: user=0.02 sys=0.00, real=0.01 secs] 
164.117: Total time for which application threads were stopped: 0.0030980 seconds, Stopping threads took: 0.0005900 seconds
164.117: Application time: 0.0000660 seconds
164.117: [GC [1 CMS-initial-mark: 193549K(393732K)] 198685K(431300K), 0.0001190 secs] [Times: user=0.00 sys=0.00, real=0.00 secs] 
164.118: Total time for which application threads were stopped: 0.0003330 seconds, Stopping threads took: 0.0001890 seconds
164.118: [CMS-concurrent-mark-start]
164.121: [CMS-concurrent-mark: 0.004/0.004 secs] [Times: user=0.02 sys=0.00, real=0.00 secs] 
164.121: [CMS-concurrent-preclean-start]
164.122: [CMS-concurrent-preclean: 0.001/0.001 secs] [Times: user=0.00 sys=0.00, real=0.00 secs] 
164.122: [CMS-concurrent-abortable-preclean-start]
164.180: Application time: 0.0625760 seconds
164.180: [GC164.180: [ParNew: 37093K->4115K(37568K), 0.0019890 secs] 230642K->199712K(431300K), 0.0020280 secs] [Times: user=0.01 sys=0.00, real=0.00 secs] 
164.182: Total time for which application threads were stopped: 0.0021770 seconds, Stopping threads took: 0.0000770 seconds
164.247: Application time: 0.0642240 seconds
164.247: [GC164.247: [ParNew: 37111K->4117K(37568K), 0.0019880 secs] 232709K->201762K(431300K), 0.0020290 secs] [Times: user=0.02 sys=0.00, real=0.00 secs] 
164.249: Total time for which application threads were stopped: 0.0021570 seconds, Stopping threads took: 0.0000620 seconds
164.307: Application time: 0.0579180 seconds
164.307: [GC164.307: [ParNew: 36831K->4148K(37568K), 0.0017630 secs] 234477K->202817K(431300K), 0.0018010 secs] [Times: user=0.01 sys=0.00, real=0.00 secs] 
164.309: Total time for which application threads were stopped: 0.0019480 seconds, Stopping threads took: 0.0000810 seconds
164.370: Application time: 0.0617760 seconds
164.371: [GC164.371: [ParNew: 37102K->4158K(37568K), 0.0017940 secs] 235772K->203856K(431300K), 0.0018310 secs] [Times: user=0.01 sys=0.00, real=0.00 secs] 
164.372: Total time for which application threads were stopped: 0.0019630 seconds, Stopping threads took: 0.0000680 seconds
164.434: Application time: 0.0614750 seconds
164.434: [GC164.434: [ParNew: 37566K->4158K(37568K), 0.0018390 secs] 237264K->205050K(431300K), 0.0018790 secs] [Times: user=0.01 sys=0.00, real=0.00 secs] 
164.436: Total time for which application threads were stopped: 0.0020460 seconds, Stopping threads took: 0.0000940 seconds
164.496: Application time: 0.0604300 seconds
164.500: [GC164.500: [ParNew: 36819K->3141K(37568K), 0.0013150 secs] 237711K->204063K(431300K), 0.0013480 secs] [Times: user=0.01 sys=0.00, real=0.00 secs] 
164.502: Total time for which application threads were stopped: 0.0055100 seconds, Stopping threads took: 0.0040940 seconds
164.560: Application time: 0.0578180 seconds
164.560: [GC164.560: [ParNew: 35612K->4124K(37568K), 0.0015240 secs] 236534K->205075K(431300K), 0.0015630 secs] [Times: user=0.01 sys=0.00, real=0.00 secs] 
164.561: Total time for which application threads were stopped: 0.0016970 seconds, Stopping threads took: 0.0000690 seconds
164.619: Application time: 0.0578630 seconds
164.619: [GC164.619: [ParNew: 37532K->4132K(37568K), 0.0014040 secs] 238483K->205083K(431300K), 0.0014410 secs] [Times: user=0.01 sys=0.00, real=0.00 secs] 
164.621: Total time for which application threads were stopped: 0.0015730 seconds, Stopping threads took: 0.0000570 seconds
164.677: Application time: 0.0558460 seconds
164.677: [GC164.677: [ParNew: 36685K->4111K(37568K), 0.0019670 secs] 237636K->207109K(431300K), 0.0020080 secs] [Times: user=0.02 sys=0.00, real=0.00 secs] 
164.679: Total time for which application threads were stopped: 0.0021350 seconds, Stopping threads took: 0.0000630 seconds
164.736: Application time: 0.0570310 seconds
164.740: [GC164.740: [ParNew: 36966K->4114K(37568K), 0.0022360 secs] 239964K->210184K(431300K), 0.0022790 secs] [Times: user=0.02 sys=0.00, real=0.00 secs] 
164.743: Total time for which application threads were stopped: 0.0068840 seconds, Stopping threads took: 0.0045390 seconds
164.803: Application time: 0.0602180 seconds
164.803: [GC164.803: [ParNew: 37076K->4114K(37568K), 0.0022550 secs] 243146K->213256K(431300K), 0.0023010 secs] [Times: user=0.02 sys=0.00, real=0.01 secs] 
164.805: Total time for which application threads were stopped: 0.0024350 seconds, Stopping threads took: 0.0000650 seconds
164.864: Application time: 0.0585960 seconds
164.864: [GC164.864: [ParNew: 36991K->4113K(37568K), 0.0023440 secs] 246134K->216328K(431300K), 0.0023880 secs] [Times: user=0.02 sys=0.00, real=0.01 secs] 
164.866: Total time for which application threads were stopped: 0.0025260 seconds, Stopping threads took: 0.0000660 seconds
164.928: Application time: 0.0617590 seconds
164.928: [GC164.928: [ParNew: 37119K->4110K(37568K), 0.0024790 secs] 249334K->219396K(431300K), 0.0025210 secs] [Times: user=0.02 sys=0.00, real=0.00 secs] 
164.931: Total time for which application threads were stopped: 0.0027020 seconds, Stopping threads took: 0.0001110 seconds
164.993: Application time: 0.0618390 seconds
164.993: [GC164.993: [ParNew: 37001K->4112K(37568K), 0.0020800 secs] 252287K->221447K(431300K), 0.0021250 secs] [Times: user=0.01 sys=0.00, real=0.00 secs] 
164.995: Total time for which application threads were stopped: 0.0022790 seconds, Stopping threads took: 0.0000850 seconds
165.059: Application time: 0.0634760 seconds
165.059: [GC165.059: [ParNew: 37119K->4158K(37568K), 0.0015780 secs] 254454K->221531K(431300K), 0.0016160 secs] [Times: user=0.01 sys=0.00, real=0.00 secs] 
165.060: Total time for which application threads were stopped: 0.0017580 seconds, Stopping threads took: 0.0000690 seconds
165.120: Application time: 0.0595150 seconds
165.120: [GC165.120: [ParNew: 37244K->3306K(37568K), 0.0010890 secs] 254617K->220679K(431300K), 0.0011240 secs] [Times: user=0.01 sys=0.00, real=0.00 secs] 
165.121: Total time for which application threads were stopped: 0.0012600 seconds, Stopping threads took: 0.0000690 seconds
165.181: Application time: 0.0603120 seconds
165.182: [GC165.182: [ParNew: 36011K->4144K(37568K), 0.0018040 secs] 253384K->222712K(431300K), 0.0018410 secs] [Times: user=0.01 sys=0.00, real=0.00 secs] 
165.183: Total time for which application threads were stopped: 0.0020340 seconds, Stopping threads took: 0.0001360 seconds
165.239: Application time: 0.0553810 seconds
165.239: [GC165.239: [ParNew: 37552K->4133K(37568K), 0.0017940 secs] 256120K->223754K(431300K), 0.0018330 secs] [Times: user=0.02 sys=0.00, real=0.00 secs] 
165.241: Total time for which application threads were stopped: 0.0019850 seconds, Stopping threads took: 0.0000870 seconds
165.298: Application time: 0.0575690 seconds
165.299: [GC165.299: [ParNew: 36626K->4118K(37568K), 0.0016630 secs] 256247K->224763K(431300K), 0.0017010 secs] [Times: user=0.01 sys=0.00, real=0.00 secs] 
165.300: Total time for which application threads were stopped: 0.0018570 seconds, Stopping threads took: 0.0000910 seconds
165.362: Application time: 0.0614440 seconds
165.362: [GC165.362: [ParNew: 36953K->4111K(37568K), 0.0016680 secs] 257598K->225780K(431300K), 0.0017040 secs] [Times: user=0.01 sys=0.00, real=0.00 secs] 
165.364: Total time for which application threads were stopped: 0.0018250 seconds, Stopping threads took: 0.0000600 seconds
165.418: Application time: 0.0542200 seconds
165.418: [GC165.418: [ParNew: 36761K->4118K(37568K), 0.0020110 secs] 258429K->227835K(431300K), 0.0020510 secs] [Times: user=0.01 sys=0.00, real=0.00 secs] 
165.420: Total time for which application threads were stopped: 0.0021890 seconds, Stopping threads took: 0.0000720 seconds
165.484: Application time: 0.0640250 seconds
165.484: [GC165.484: [ParNew: 37100K->4117K(37568K), 0.0017570 secs] 260817K->228858K(431300K), 0.0017960 secs] [Times: user=0.01 sys=0.00, real=0.01 secs] 
165.486: Total time for which application threads were stopped: 0.0019240 seconds, Stopping threads took: 0.0000680 seconds
165.544: Application time: 0.0581500 seconds
165.544: [GC165.544: [ParNew: 37004K->4114K(37568K), 0.0022600 secs] 261745K->231927K(431300K), 0.0023000 secs] [Times: user=0.01 sys=0.01, real=0.01 secs] 
165.546: Total time for which application threads were stopped: 0.0024330 seconds, Stopping threads took: 0.0000690 seconds
165.608: Application time: 0.0613920 seconds
165.608: [GC165.608: [ParNew: 37026K->4112K(37568K), 0.0020190 secs] 264839K->233973K(431300K), 0.0020590 secs] [Times: user=0.02 sys=0.00, real=0.00 secs] 
165.610: Total time for which application threads were stopped: 0.0021970 seconds, Stopping threads took: 0.0000710 seconds
165.670: Application time: 0.0603700 seconds
165.671: [GC165.671: [ParNew: 36886K->4148K(37568K), 0.0017270 secs] 266747K->235033K(431300K), 0.0017700 secs] [Times: user=0.01 sys=0.00, real=0.00 secs] 
165.672: Total time for which application threads were stopped: 0.0019220 seconds, Stopping threads took: 0.0000680 seconds
165.735: Application time: 0.0630780 seconds
165.736: [GC165.736: [ParNew: 37213K->4143K(37568K), 0.0016130 secs] 268098K->236052K(431300K), 0.0016520 secs] [Times: user=0.01 sys=0.00, real=0.00 secs] 
165.738: Total time for which application threads were stopped: 0.0026560 seconds, Stopping threads took: 0.0009430 seconds
165.795: Application time: 0.0571650 seconds
165.795: [GC165.795: [ParNew: 36930K->4158K(37568K), 0.0018380 secs] 268839K->237216K(431300K), 0.0018750 secs] [Times: user=0.02 sys=0.00, real=0.01 secs] 
165.797: Total time for which application threads were stopped: 0.0020370 seconds, Stopping threads took: 0.0000990 seconds
165.855: Application time: 0.0573710 seconds
165.855: [GC165.855: [ParNew: 36947K->4143K(37568K), 0.0024490 secs] 270005K->240319K(431300K), 0.0024930 secs] [Times: user=0.02 sys=0.00, real=0.01 secs] 
165.857: Total time for which application threads were stopped: 0.0026340 seconds, Stopping threads took: 0.0000710 seconds
165.919: Application time: 0.0621430 seconds
165.920: [GC165.920: [ParNew: 37133K->4142K(37568K), 0.0017480 secs] 273309K->241371K(431300K), 0.0017870 secs] [Times: user=0.01 sys=0.00, real=0.00 secs] 
165.921: Total time for which application threads were stopped: 0.0019380 seconds, Stopping threads took: 0.0000840 seconds
165.980: Application time: 0.0589630 seconds
165.980: [GC165.981: [ParNew: 36656K->3127K(37568K), 0.0010920 secs] 273885K->240384K(431300K), 0.0011240 secs] [Times: user=0.01 sys=0.00, real=0.00 secs] 
165.982: Total time for which application threads were stopped: 0.0012810 seconds, Stopping threads took: 0.0000980 seconds
166.038: Application time: 0.0562560 seconds
166.038: [GC166.038: [ParNew: 36535K->4110K(37568K), 0.0022790 secs] 273792K->244439K(431300K), 0.0023300 secs] [Times: user=0.02 sys=0.00, real=0.00 secs] 
166.040: Total time for which application threads were stopped: 0.0024570 seconds, Stopping threads took: 0.0000610 seconds
166.095: Application time: 0.0544230 seconds
166.095: [GC166.095: [ParNew: 36898K->4114K(37568K), 0.0024650 secs] 277227K->247515K(431300K), 0.0025050 secs] [Times: user=0.02 sys=0.00, real=0.01 secs] 
166.097: Total time for which application threads were stopped: 0.0026850 seconds, Stopping threads took: 0.0001130 seconds
166.161: Application time: 0.0636410 seconds
166.161: [GC166.161: [ParNew: 37111K->4116K(37568K), 0.0023460 secs] 280512K->250589K(431300K), 0.0023880 secs] [Times: user=0.02 sys=0.00, real=0.00 secs] 
166.164: Total time for which application threads were stopped: 0.0025430 seconds, Stopping threads took: 0.0000880 seconds
166.223: Application time: 0.0588990 seconds
166.223: [GC166.223: [ParNew: 37016K->4111K(37568K), 0.0020670 secs] 283490K->252633K(431300K), 0.0021110 secs] [Times: user=0.00 sys=0.00, real=0.01 secs] 
166.225: Total time for which application threads were stopped: 0.0022540 seconds, Stopping threads took: 0.0000660 seconds
166.287: Application time: 0.0625920 seconds
166.288: [GC166.288: [ParNew: 37060K->4115K(37568K), 0.0017130 secs] 285582K->253660K(431300K), 0.0017510 secs] [Times: user=0.02 sys=0.00, real=0.00 secs] 
166.289: Total time for which application threads were stopped: 0.0019080 seconds, Stopping threads took: 0.0000910 seconds
166.351: Application time: 0.0617340 seconds
166.351: [GC166.351: [ParNew: 36953K->4148K(37568K), 0.0016170 secs] 286499K->254718K(431300K), 0.0016570 secs] [Times: user=0.01 sys=0.00, real=0.00 secs] 
166.353: Total time for which application threads were stopped: 0.0018110 seconds, Stopping threads took: 0.0000880 seconds
166.413: Application time: 0.0603360 seconds
166.413: [GC166.413: [ParNew: 37019K->4159K(37568K), 0.0015790 secs] 287589K->255753K(431300K), 0.0016200 secs] [Times: user=0.01 sys=0.00, real=0.00 secs] 
166.415: Total time for which application threads were stopped: 0.0017800 seconds, Stopping threads took: 0.0000920 seconds
166.474: Application time: 0.0594880 seconds
166.475: [GC166.475: [ParNew: 37406K->3293K(37568K), 0.0012570 secs] 289000K->254915K(431300K), 0.0012940 secs] [Times: user=0.01 sys=0.00, real=0.00 secs] 
166.476: Total time for which application threads were stopped: 0.0014570 seconds, Stopping threads took: 0.0000970 seconds
166.534: Application time: 0.0584180 seconds
166.534: [GC166.534: [ParNew: 36701K->4140K(37568K), 0.0017150 secs] 288323K->256958K(431300K), 0.0017510 secs] [Times: user=0.01 sys=0.00, real=0.00 secs] 
166.536: Total time for which application threads were stopped: 0.0018940 seconds, Stopping threads took: 0.0000800 seconds
166.595: Application time: 0.0585160 seconds
166.595: [GC166.595: [ParNew: 36950K->4145K(37568K), 0.0017440 secs] 289768K->257987K(431300K), 0.0017820 secs] [Times: user=0.02 sys=0.00, real=0.01 secs] 
166.597: Total time for which application threads were stopped: 0.0019100 seconds, Stopping threads took: 0.0000660 seconds
166.654: Application time: 0.0570160 seconds
166.654: [GC166.654: [ParNew: 36822K->4129K(37568K), 0.0017830 secs] 290664K->259024K(431300K), 0.0018220 secs] [Times: user=0.01 sys=0.00, real=0.00 secs] 
166.656: Total time for which application threads were stopped: 0.0019590 seconds, Stopping threads took: 0.0000690 seconds
166.716: Application time: 0.0603380 seconds
166.716: [GC166.716: [ParNew: 36756K->4129K(37568K), 0.0016310 secs] 291650K->260048K(431300K), 0.0016680 secs] [Times: user=0.02 sys=0.00, real=0.01 secs] 
166.718: Total time for which application threads were stopped: 0.0018190 seconds, Stopping threads took: 0.0000870 seconds
166.774: Application time: 0.0560450 seconds
166.774: [GC166.774: [ParNew: 36787K->4119K(37568K), 0.0019740 secs] 292706K->262085K(431300K), 0.0020200 secs] [Times: user=0.02 sys=0.00, real=0.00 secs] 
166.776: Total time for which application threads were stopped: 0.0021710 seconds, Stopping threads took: 0.0000750 seconds
166.835: Application time: 0.0586240 seconds
166.835: [GC166.835: [ParNew: 36982K->4112K(37568K), 0.0022690 secs] 294949K->265150K(431300K), 0.0023100 secs] [Times: user=0.02 sys=0.00, real=0.01 secs] 
166.837: Total time for which application threads were stopped: 0.0024430 seconds, Stopping threads took: 0.0000680 seconds
166.900: Application time: 0.0630600 seconds
166.900: [GC166.900: [ParNew: 37113K->4112K(37568K), 0.0019940 secs] 298151K->267199K(431300K), 0.0020360 secs] [Times: user=0.02 sys=0.00, real=0.00 secs] 
166.902: Total time for which application threads were stopped: 0.0021690 seconds, Stopping threads took: 0.0000650 seconds
166.960: Application time: 0.0579470 seconds
166.960: [GC166.960: [ParNew: 36844K->4116K(37568K), 0.0019900 secs] 299930K->269251K(431300K), 0.0020310 secs] [Times: user=0.02 sys=0.00, real=0.00 secs] 
166.962: Total time for which application threads were stopped: 0.0021750 seconds, Stopping threads took: 0.0000750 seconds
167.024: Application time: 0.0617390 seconds
167.024: [GC167.024: [ParNew: 37036K->4115K(37568K), 0.0021750 secs] 302171K->271297K(431300K), 0.0022160 secs] [Times: user=0.02 sys=0.00, real=0.00 secs] 
167.027: Total time for which application threads were stopped: 0.0024730 seconds, Stopping threads took: 0.0001670 seconds
167.089: Application time: 0.0626060 seconds
167.089: [GC167.089: [ParNew: 37082K->4147K(37568K), 0.0013910 secs] 304265K->271330K(431300K), 0.0014270 secs] [Times: user=0.01 sys=0.00, real=0.00 secs] 
167.091: Total time for which application threads were stopped: 0.0015460 seconds, Stopping threads took: 0.0000550 seconds
167.149: Application time: 0.0581050 seconds
167.149: [GC167.149: [ParNew: 37281K->4158K(37568K), 0.0015730 secs] 304464K->271515K(431300K), 0.0016100 secs] [Times: user=0.01 sys=0.00, real=0.00 secs] 
167.151: Total time for which application threads were stopped: 0.0017660 seconds, Stopping threads took: 0.0000920 seconds
167.209: Application time: 0.0582790 seconds
167.209: [GC167.209: [ParNew: 36622K->4116K(37568K), 0.0016900 secs] 303980K->272524K(431300K), 0.0017270 secs] [Times: user=0.02 sys=0.00, real=0.00 secs] 
167.211: Total time for which application threads were stopped: 0.0018500 seconds, Stopping threads took: 0.0000570 seconds
167.270: Application time: 0.0588780 seconds
167.270: [GC167.270: [ParNew: 36804K->4158K(37568K), 0.0019570 secs] 305212K->274614K(431300K), 0.0019970 secs] [Times: user=0.01 sys=0.00, real=0.00 secs] 
167.272: Total time for which application threads were stopped: 0.0021270 seconds, Stopping threads took: 0.0000640 seconds
167.329: Application time: 0.0575240 seconds
167.329: [GC167.329: [ParNew: 36899K->4121K(37568K), 0.0018350 secs] 307355K->275629K(431300K), 0.0018730 secs] [Times: user=0.01 sys=0.00, real=0.00 secs] 
167.331: Total time for which application threads were stopped: 0.0020170 seconds, Stopping threads took: 0.0000670 seconds
167.389: Application time: 0.0576910 seconds
167.389: [GC167.389: [ParNew: 36717K->4119K(37568K), 0.0017580 secs] 308226K->276651K(431300K), 0.0018000 secs] [Times: user=0.01 sys=0.00, real=0.00 secs] 
167.391: Total time for which application threads were stopped: 0.0019490 seconds, Stopping threads took: 0.0000840 seconds
167.449: Application time: 0.0584330 seconds
167.450: [GC167.450: [ParNew: 36843K->4113K(37568K), 0.0022840 secs] 309376K->279718K(431300K), 0.0023260 secs] [Times: user=0.02 sys=0.00, real=0.00 secs] 
167.452: Total time for which application threads were stopped: 0.0024580 seconds, Stopping threads took: 0.0000680 seconds
167.511: Application time: 0.0593900 seconds
167.511: [GC167.511: [ParNew: 37068K->4116K(37568K), 0.0022550 secs] 312673K->282792K(431300K), 0.0023000 secs] [Times: user=0.02 sys=0.00, real=0.00 secs] 
167.514: Total time for which application threads were stopped: 0.0024440 seconds, Stopping threads took: 0.0000730 seconds
167.574: Application time: 0.0602060 seconds
167.574: [GC167.574: [ParNew: 37000K->4112K(37568K), 0.0023900 secs] 315677K->285860K(431300K), 0.0024430 secs] [Times: user=0.02 sys=0.00, real=0.01 secs] 
167.577: Total time for which application threads were stopped: 0.0025860 seconds, Stopping threads took: 0.0000760 seconds
167.638: Application time: 0.0615020 seconds
167.638: [GC167.638: [ParNew: 37022K->4129K(37568K), 0.0019830 secs] 318770K->287926K(431300K), 0.0020250 secs] [Times: user=0.02 sys=0.00, real=0.00 secs] 
167.640: Total time for which application threads were stopped: 0.0022070 seconds, Stopping threads took: 0.0001140 seconds
167.701: Application time: 0.0612100 seconds
167.702: [GC167.702: [ParNew: 36950K->4148K(37568K), 0.0016590 secs] 320746K->288969K(431300K), 0.0016980 secs] [Times: user=0.02 sys=0.00, real=0.00 secs] 
167.703: Total time for which application threads were stopped: 0.0018530 seconds, Stopping threads took: 0.0000880 seconds
167.763: Application time: 0.0599140 seconds
167.763: [GC167.763: [ParNew: 36834K->2140K(37568K), 0.0008950 secs] 321655K->286961K(431300K), 0.0009280 secs] [Times: user=0.00 sys=0.00, real=0.01 secs] 
167.764: Total time for which application threads were stopped: 0.0010680 seconds, Stopping threads took: 0.0000720 seconds
167.822: Application time: 0.0575660 seconds
167.822: [GC167.822: [ParNew: 35059K->4158K(37568K), 0.0015190 secs] 319880K->289138K(431300K), 0.0015520 secs] [Times: user=0.01 sys=0.00, real=0.00 secs] 
167.824: Total time for which application threads were stopped: 0.0016860 seconds, Stopping threads took: 0.0000720 seconds
167.877: Application time: 0.0536630 seconds
167.877: [GC167.877: [ParNew: 36822K->4114K(37568K), 0.0025880 secs] 321802K->292212K(431300K), 0.0026290 secs] [Times: user=0.01 sys=0.00, real=0.00 secs] 
167.880: Total time for which application threads were stopped: 0.0027710 seconds, Stopping threads took: 0.0000620 seconds
167.940: Application time: 0.0600190 seconds
167.940: [GC167.940: [ParNew: 37050K->4158K(37568K), 0.0017840 secs] 325149K->293297K(431300K), 0.0018260 secs] [Times: user=0.01 sys=0.01, real=0.00 secs] 
167.942: Total time for which application threads were stopped: 0.0019870 seconds, Stopping threads took: 0.0000910 seconds
168.004: Application time: 0.0623550 seconds
168.004: [GC168.005: [ParNew: 37012K->4150K(37568K), 0.0014480 secs] 326150K->293302K(431300K), 0.0014840 secs] [Times: user=0.01 sys=0.00, real=0.00 secs] 
168.006: Total time for which application threads were stopped: 0.0016220 seconds, Stopping threads took: 0.0000730 seconds
168.062: Application time: 0.0558180 seconds
168.062: [GC168.062: [ParNew: 36551K->4117K(37568K), 0.0020110 secs] 325702K->295316K(431300K), 0.0020520 secs] [Times: user=0.01 sys=0.00, real=0.00 secs] 
168.064: Total time for which application threads were stopped: 0.0022140 seconds, Stopping threads took: 0.0000940 seconds
168.126: Application time: 0.0615690 seconds
168.126: [GC168.126: [ParNew: 37052K->4118K(37568K), 0.0018810 secs] 328252K->297365K(431300K), 0.0019260 secs] [Times: user=0.01 sys=0.00, real=0.00 secs] 
168.128: Total time for which application threads were stopped: 0.0020570 seconds, Stopping threads took: 0.0000640 seconds
168.185: Application time: 0.0572820 seconds
168.185: [GC168.185: [ParNew: 36925K->4112K(37568K), 0.0023600 secs] 330172K->300431K(431300K), 0.0024010 secs] [Times: user=0.02 sys=0.00, real=0.00 secs] 
168.188: Total time for which application threads were stopped: 0.0025800 seconds, Stopping threads took: 0.0001180 seconds
168.248: Application time: 0.0606700 seconds
168.248: [GC168.248: [ParNew: 36990K->4134K(37568K), 0.0019660 secs] 333310K->302501K(431300K), 0.0020050 secs] [Times: user=0.02 sys=0.00, real=0.00 secs] 
168.250: Total time for which application threads were stopped: 0.0021590 seconds, Stopping threads took: 0.0000820 seconds
168.312: Application time: 0.0618690 seconds
168.312: [GC168.312: [ParNew: 37002K->4115K(37568K), 0.0018430 secs] 335370K->303506K(431300K), 0.0018810 secs] [Times: user=0.01 sys=0.00, real=0.00 secs] 
168.314: Total time for which application threads were stopped: 0.0020700 seconds, Stopping threads took: 0.0001120 seconds
168.378: Application time: 0.0639600 seconds
168.378: [GC168.378: [ParNew: 36917K->3113K(37568K), 0.0011510 secs] 336308K->302504K(431300K), 0.0011840 secs] [Times: user=0.01 sys=0.00, real=0.00 secs] 
168.380: Total time for which application threads were stopped: 0.0013180 seconds, Stopping threads took: 0.0000640 seconds
168.435: Application time: 0.0552930 seconds
168.435: [GC168.435: [ParNew: 36338K->4148K(37568K), 0.0014900 secs] 335729K->303540K(431300K), 0.0015230 secs] [Times: user=0.01 sys=0.00, real=0.01 secs] 
168.437: Total time for which application threads were stopped: 0.0016740 seconds, Stopping threads took: 0.0000900 seconds
168.489: Application time: 0.0529100 seconds
168.490: [GC168.490: [ParNew: 37099K->4154K(37568K), 0.0024430 secs] 336490K->306694K(431300K), 0.0024850 secs] [Times: user=0.01 sys=0.00, real=0.00 secs] 
168.492: Total time for which application threads were stopped: 0.0026470 seconds, Stopping threads took: 0.0000920 seconds
168.554: Application time: 0.0617230 seconds
168.554: [GC168.554: [ParNew: 37433K->4156K(37568K), 0.0020710 secs] 339973K->308825K(431300K), 0.0021100 secs] [Times: user=0.02 sys=0.00, real=0.00 secs] 
168.556: Total time for which application threads were stopped: 0.0022470 seconds, Stopping threads took: 0.0000700 seconds
168.616: Application time: 0.0596950 seconds
168.616: [GC168.616: [ParNew: 37104K->4157K(37568K), 0.0020760 secs] 341773K->310920K(431300K), 0.0021200 secs] [Times: user=0.01 sys=0.00, real=0.01 secs] 
168.618: Total time for which application threads were stopped: 0.0022590 seconds, Stopping threads took: 0.0000700 seconds
168.682: Application time: 0.0635860 seconds
168.682: [GC168.682: [ParNew: 37089K->4148K(37568K), 0.0016990 secs] 343853K->311959K(431300K), 0.0017410 secs] [Times: user=0.02 sys=0.00, real=0.00 secs] 
168.684: Total time for which application threads were stopped: 0.0018920 seconds, Stopping threads took: 0.0000840 seconds
168.744: Application time: 0.0599840 seconds
168.744: [GC168.744: [ParNew: 36879K->4137K(37568K), 0.0016310 secs] 344690K->312973K(431300K), 0.0016700 secs] [Times: user=0.02 sys=0.00, real=0.01 secs] 
168.745: Total time for which application threads were stopped: 0.0018270 seconds, Stopping threads took: 0.0000940 seconds
168.803: Application time: 0.0574550 seconds
168.803: [GC168.803: [ParNew: 36845K->4110K(37568K), 0.0022930 secs] 345681K->316017K(431300K), 0.0023340 secs] [Times: user=0.02 sys=0.00, real=0.01 secs] 
168.805: Total time for which application threads were stopped: 0.0024740 seconds, Stopping threads took: 0.0000740 seconds
168.867: Application time: 0.0622090 seconds
168.868: [GC168.868: [ParNew: 37117K->4130K(37568K), 0.0018410 secs] 349025K->317061K(431300K), 0.0018780 secs] [Times: user=0.01 sys=0.00, real=0.00 secs] 
168.869: Total time for which application threads were stopped: 0.0019940 seconds, Stopping threads took: 0.0000540 seconds
168.928: Application time: 0.0581360 seconds
168.928: [GC168.928: [ParNew: 36786K->4116K(37568K), 0.0017320 secs] 349718K->318072K(431300K), 0.0017730 secs] [Times: user=0.01 sys=0.00, real=0.00 secs] 
168.930: Total time for which application threads were stopped: 0.0019660 seconds, Stopping threads took: 0.0001130 seconds
168.992: Application time: 0.0624800 seconds
168.992: [GC168.992: [ParNew: 36905K->3111K(37568K), 0.0012670 secs] 350861K->317066K(431300K), 0.0013020 secs] [Times: user=0.00 sys=0.00, real=0.00 secs] 
168.994: Total time for which application threads were stopped: 0.0014640 seconds, Stopping threads took: 0.0000980 seconds
169.052: Application time: 0.0582250 seconds
169.052: [GC169.052: [ParNew: 36467K->4113K(37568K), 0.0016820 secs] 350423K->319093K(431300K), 0.0017250 secs] [Times: user=0.01 sys=0.00, real=0.00 secs] 
169.054: Total time for which application threads were stopped: 0.0019810 seconds, Stopping threads took: 0.0001570 seconds
169.111: Application time: 0.0575790 seconds
169.112: [GC169.112: [ParNew: 36563K->4116K(37568K), 0.0037200 secs] 351543K->320120K(431300K), 0.0037660 secs] [Times: user=0.03 sys=0.00, real=0.00 secs] 
169.116: Total time for which application threads were stopped: 0.0048550 seconds, Stopping threads took: 0.0010230 seconds
169.171: Application time: 0.0544550 seconds
169.171: [GC169.171: [ParNew: 37211K->4152K(37568K), 0.0023330 secs] 353215K->323300K(431300K), 0.0023740 secs] [Times: user=0.02 sys=0.00, real=0.00 secs] 
169.173: Total time for which application threads were stopped: 0.0025010 seconds, Stopping threads took: 0.0000600 seconds
 CMS: abort preclean due to time 169.174: [CMS-concurrent-abortable-preclean: 0.070/5.052 secs] [Times: user=39.75 sys=0.06, real=5.05 secs] 
169.174: Application time: 0.0009080 seconds
169.174: [GC[YG occupancy: 5209 K (37568 K)]169.174: [Rescan (parallel) , 0.0001970 secs]169.174: [weak refs processing, 0.0000050 secs]169.174: [scrub string table, 0.0001030 secs] [1 CMS-remark: 319147K(393732K)] 324357K(431300K), 0.0003300 secs] [Times: user=0.01 sys=0.00, real=0.00 secs] 
169.174: Total time for which application threads were stopped: 0.0004130 seconds, Stopping threads took: 0.0000540 seconds
169.174: [CMS-concurrent-sweep-start]
169.176: [CMS-concurrent-sweep: 0.001/0.001 secs] [Times: user=0.00 sys=0.00, real=0.00 secs] 
169.176: [CMS-concurrent-reset-start]
169.178: [CMS-concurrent-reset: 0.002/0.002 secs] [Times: user=0.01 sys=0.00, real=0.01 secs] 
169.233: Application time: 0.0582440 seconds
169.233: [GC169.233: [ParNew: 37399K->4154K(37568K), 0.0022610 secs] 169697K->139614K(431300K), 0.0023010 secs] [Times: user=0.02 sys=0.00, real=0.00 secs] 
169.235: Total time for which application threads were stopped: 0.0024340 seconds, Stopping threads took: 0.0000650 seconds
169.296: Application time: 0.0605360 seconds
169.296: [GC169.296: [ParNew: 37202K->4140K(37568K), 0.0023400 secs] 172662K->142709K(431300K), 0.0023790 secs] [Times: user=0.02 sys=0.00, real=0.01 secs] 
169.298: Total time for which application threads were stopped: 0.0025190 seconds, Stopping threads took: 0.0000720 seconds
169.361: Application time: 0.0626760 seconds
169.361: [GC169.361: [ParNew: 37097K->4114K(37568K), 0.0020200 secs] 175666K->144759K(431300K), 0.0020610 secs] [Times: user=0.01 sys=0.00, real=0.00 secs] 
169.363: Total time for which application threads were stopped: 0.0022070 seconds, Stopping threads took: 0.0000810 seconds
169.422: Application time: 0.0590610 seconds
169.422: [GC169.422: [ParNew: 36880K->4114K(37568K), 0.0017310 secs] 177526K->145784K(431300K), 0.0017700 secs] [Times: user=0.01 sys=0.00, real=0.00 secs] 
169.424: Total time for which application threads were stopped: 0.0019200 seconds, Stopping threads took: 0.0000830 seconds
169.487: Application time: 0.0625060 seconds
169.487: [GC169.487: [ParNew: 37032K->4136K(37568K), 0.0013900 secs] 178702K->145806K(431300K), 0.0014260 secs] [Times: user=0.01 sys=0.00, real=0.00 secs] 
169.488: Total time for which application threads were stopped: 0.0015690 seconds, Stopping threads took: 0.0000680 seconds
169.544: Application time: 0.0561460 seconds
169.545: [GC169.545: [ParNew: 36576K->4116K(37568K), 0.0018450 secs] 178246K->146810K(431300K), 0.0018770 secs] [Times: user=0.01 sys=0.00, real=0.00 secs] 
169.546: Total time for which application threads were stopped: 0.0021690 seconds, Stopping threads took: 0.0002080 seconds
169.608: Application time: 0.0618130 seconds
169.608: [GC169.608: [ParNew: 36888K->4136K(37568K), 0.0017340 secs] 179582K->147854K(431300K), 0.0017730 secs] [Times: user=0.02 sys=0.00, real=0.00 secs] 
169.610: Total time for which application threads were stopped: 0.0019110 seconds, Stopping threads took: 0.0000720 seconds
169.670: Application time: 0.0594750 seconds
169.670: [GC169.670: [ParNew: 36854K->4134K(37568K), 0.0014560 secs] 180572K->147852K(431300K), 0.0014920 secs] [Times: user=0.01 sys=0.00, real=0.00 secs] 
169.671: Total time for which application threads were stopped: 0.0016500 seconds, Stopping threads took: 0.0000930 seconds
169.730: Application time: 0.0586470 seconds
169.730: [GC169.730: [ParNew: 36568K->4137K(37568K), 0.0015260 secs] 180286K->147855K(431300K), 0.0015700 secs] [Times: user=0.01 sys=0.00, real=0.00 secs] 
169.732: Total time for which application threads were stopped: 0.0016960 seconds, Stopping threads took: 0.0000650 seconds
169.787: Application time: 0.0554020 seconds
169.787: [GC169.787: [ParNew: 37514K->4115K(37568K), 0.0020810 secs] 181232K->149881K(431300K), 0.0021230 secs] [Times: user=0.02 sys=0.00, real=0.00 secs] 
169.789: Total time for which application threads were stopped: 0.0022790 seconds, Stopping threads took: 0.0000900 seconds
169.845: Application time: 0.0555740 seconds
169.845: [GC169.845: [ParNew: 37332K->4152K(37568K), 0.0024160 secs] 183098K->153062K(431300K), 0.0024580 secs] [Times: user=0.02 sys=0.00, real=0.00 secs] 
169.848: Total time for which application threads were stopped: 0.0026240 seconds, Stopping threads took: 0.0001010 seconds
169.909: Application time: 0.0611360 seconds
169.909: [GC169.909: [ParNew: 37453K->4156K(37568K), 0.0020760 secs] 186363K->155200K(431300K), 0.0021180 secs] [Times: user=0.01 sys=0.00, real=0.00 secs] 
169.911: Total time for which application threads were stopped: 0.0022600 seconds, Stopping threads took: 0.0000750 seconds
169.971: Application time: 0.0599460 seconds
169.971: [GC169.971: [ParNew: 37194K->4146K(37568K), 0.0020140 secs] 188238K->157280K(431300K), 0.0020520 secs] [Times: user=0.02 sys=0.00, real=0.00 secs] 
169.973: Total time for which application threads were stopped: 0.0021770 seconds, Stopping threads took: 0.0000610 seconds
170.033: Application time: 0.0594740 seconds
170.033: [GC170.033: [ParNew: 37024K->4113K(37568K), 0.0019980 secs] 190157K->159324K(431300K), 0.0020390 secs] [Times: user=0.02 sys=0.00, real=0.00 secs] 
170.035: Total time for which application threads were stopped: 0.0021940 seconds, Stopping threads took: 0.0000790 seconds
170.097: Application time: 0.0619080 seconds
170.097: [GC170.097: [ParNew: 37013K->4133K(37568K), 0.0019500 secs] 192224K->161391K(431300K), 0.0019880 secs] [Times: user=0.01 sys=0.00, real=0.00 secs] 
170.099: Total time for which application threads were stopped: 0.0021530 seconds, Stopping threads took: 0.0001000 seconds
170.159: Application time: 0.0606210 seconds
170.160: [GC170.160: [ParNew: 36979K->4112K(37568K), 0.0020640 secs] 194237K->163419K(431300K), 0.0021060 secs] [Times: user=0.01 sys=0.00, real=0.00 secs] 
170.162: Total time for which application threads were stopped: 0.0022460 seconds, Stopping threads took: 0.0000700 seconds
170.223: Application time: 0.0617450 seconds
170.225: [GC170.225: [ParNew: 36949K->3124K(37568K), 0.0013000 secs] 196255K->162431K(431300K), 0.0013370 secs] [Times: user=0.01 sys=0.00, real=0.00 secs] 
170.226: Total time for which application threads were stopped: 0.0024840 seconds, Stopping threads took: 0.0010830 seconds
170.285: Application time: 0.0589140 seconds
170.285: [GC170.285: [ParNew: 35593K->4139K(37568K), 0.0014140 secs] 194900K->163445K(431300K), 0.0014470 secs] [Times: user=0.01 sys=0.00, real=0.00 secs] 
170.287: Total time for which application threads were stopped: 0.0016680 seconds, Stopping threads took: 0.0001580 seconds
170.346: Application time: 0.0594730 seconds
170.346: [GC170.346: [ParNew: 36706K->3125K(37568K), 0.0012250 secs] 196013K->162431K(431300K), 0.0012590 secs] [Times: user=0.01 sys=0.00, real=0.00 secs] 
170.347: Total time for which application threads were stopped: 0.0014700 seconds, Stopping threads took: 0.0001290 seconds
170.405: Application time: 0.0579800 seconds
170.406: [GC170.406: [ParNew: 35631K->3116K(37568K), 0.0010600 secs] 194937K->162422K(431300K), 0.0010940 secs] [Times: user=0.01 sys=0.00, real=0.00 secs] 
170.407: Total time for which application threads were stopped: 0.0012450 seconds, Stopping threads took: 0.0000920 seconds
170.460: Application time: 0.0536350 seconds
170.460: [GC170.460: [ParNew: 36439K->4114K(37568K), 0.0016730 secs] 195746K->164444K(431300K), 0.0017110 secs] [Times: user=0.01 sys=0.00, real=0.00 secs] 
170.462: Total time for which application threads were stopped: 0.0018400 seconds, Stopping threads took: 0.0000560 seconds
170.516: Application time: 0.0543130 seconds
170.517: [GC170.517: [ParNew: 37334K->4154K(37568K), 0.0023410 secs] 197665K->167628K(431300K), 0.0023840 secs] [Times: user=0.01 sys=0.00, real=0.00 secs] 
170.519: Total time for which application threads were stopped: 0.0025170 seconds, Stopping threads took: 0.0000630 seconds
170.582: Application time: 0.0630790 seconds
170.582: [GC170.582: [ParNew: 37478K->4159K(37568K), 0.0021500 secs] 200952K->169760K(431300K), 0.0021940 secs] [Times: user=0.01 sys=0.01, real=0.01 secs] 
170.584: Total time for which application threads were stopped: 0.0023350 seconds, Stopping threads took: 0.0000620 seconds
170.646: Application time: 0.0617380 seconds
170.646: [GC170.646: [ParNew: 37237K->4142K(37568K), 0.0023240 secs] 202838K->172865K(431300K), 0.0023660 secs] [Times: user=0.01 sys=0.00, real=0.00 secs] 
170.649: Total time for which application threads were stopped: 0.0025400 seconds, Stopping threads took: 0.0001070 seconds
170.707: Application time: 0.0580140 seconds
170.707: [GC170.707: [ParNew: 36913K->4130K(37568K), 0.0016480 secs] 205637K->173906K(431300K), 0.0016830 secs] [Times: user=0.01 sys=0.00, real=0.00 secs] 
170.709: Total time for which application threads were stopped: 0.0018070 seconds, Stopping threads took: 0.0000580 seconds
170.772: Application time: 0.0630240 seconds
170.772: [GC170.772: [ParNew: 37084K->4116K(37568K), 0.0019150 secs] 206860K->175940K(431300K), 0.0019550 secs] [Times: user=0.02 sys=0.00, real=0.00 secs] 
170.774: Total time for which application threads were stopped: 0.0020970 seconds, Stopping threads took: 0.0000770 seconds
170.833: Application time: 0.0596240 seconds
170.833: [GC170.833: [ParNew: 36948K->4120K(37568K), 0.0017010 secs] 208772K->176968K(431300K), 0.0017390 secs] [Times: user=0.01 sys=0.00, real=0.00 secs] 
170.835: Total time for which application threads were stopped: 0.0019030 seconds, Stopping threads took: 0.0000970 seconds
170.898: Application time: 0.0627420 seconds
170.898: [GC170.898: [ParNew: 37011K->4151K(37568K), 0.0015170 secs] 209859K->176998K(431300K), 0.0015510 secs] [Times: user=0.01 sys=0.00, real=0.00 secs] 
170.900: Total time for which application threads were stopped: 0.0016840 seconds, Stopping threads took: 0.0000700 seconds
170.957: Application time: 0.0578360 seconds
170.958: [GC170.958: [ParNew: 37559K->4126K(37568K), 0.0017600 secs] 210406K->177998K(431300K), 0.0017990 secs] [Times: user=0.01 sys=0.00, real=0.00 secs] 
170.959: Total time for which application threads were stopped: 0.0019280 seconds, Stopping threads took: 0.0000630 seconds
171.021: Application time: 0.0617540 seconds
171.021: [GC171.021: [ParNew: 36939K->3096K(37568K), 0.0011340 secs] 210811K->176968K(431300K), 0.0011690 secs] [Times: user=0.01 sys=0.00, real=0.00 secs] 
171.022: Total time for which application threads were stopped: 0.0013130 seconds, Stopping threads took: 0.0000820 seconds
171.081: Application time: 0.0581250 seconds
171.081: [GC171.081: [ParNew: 35632K->4133K(37568K), 0.0015350 secs] 209504K->178005K(431300K), 0.0015750 secs] [Times: user=0.01 sys=0.00, real=0.00 secs] 
171.082: Total time for which application threads were stopped: 0.0017100 seconds, Stopping threads took: 0.0000710 seconds
171.139: Application time: 0.0566850 seconds
171.139: [GC171.139: [ParNew: 37541K->4134K(37568K), 0.0015970 secs] 211413K->179030K(431300K), 0.0016350 secs] [Times: user=0.01 sys=0.00, real=0.00 secs] 
171.141: Total time for which application threads were stopped: 0.0017730 seconds, Stopping threads took: 0.0000650 seconds
171.200: Application time: 0.0593040 seconds
171.200: [GC171.200: [ParNew: 37401K->4158K(37568K), 0.0018830 secs] 212296K->181199K(431300K), 0.0019230 secs] [Times: user=0.01 sys=0.00, real=0.00 secs] 
171.202: Total time for which application threads were stopped: 0.0020400 seconds, Stopping threads took: 0.0000540 seconds
171.257: Application time: 0.0549370 seconds
171.257: [GC171.257: [ParNew: 37188K->4152K(37568K), 0.0023660 secs] 214229K->184327K(431300K), 0.0024200 secs] [Times: user=0.01 sys=0.00, real=0.00 secs] 
171.260: Total time for which application threads were stopped: 0.0025500 seconds, Stopping threads took: 0.0000610 seconds
171.322: Application time: 0.0625160 seconds
171.324: [GC171.324: [ParNew: 37254K->4149K(37568K), 0.0019990 secs] 217430K->186413K(431300K), 0.0020400 secs] [Times: user=0.02 sys=0.00, real=0.00 secs] 
171.327: Total time for which application threads were stopped: 0.0044090 seconds, Stopping threads took: 0.0023050 seconds
171.386: Application time: 0.0591610 seconds
171.386: [GC171.386: [ParNew: 37044K->4140K(37568K), 0.0017080 secs] 219309K->187456K(431300K), 0.0017490 secs] [Times: user=0.01 sys=0.00, real=0.00 secs] 
171.388: Total time for which application threads were stopped: 0.0019110 seconds, Stopping threads took: 0.0000950 seconds
171.448: Application time: 0.0605220 seconds
171.448: [GC171.448: [ParNew: 36979K->4131K(37568K), 0.0017290 secs] 220296K->188472K(431300K), 0.0017680 secs] [Times: user=0.01 sys=0.00, real=0.00 secs] 
171.450: Total time for which application threads were stopped: 0.0018950 seconds, Stopping threads took: 0.0000610 seconds
171.512: Application time: 0.0623040 seconds
171.512: [GC171.512: [ParNew: 37050K->4116K(37568K), 0.0020290 secs] 221391K->190505K(431300K), 0.0020690 secs] [Times: user=0.02 sys=0.01, real=0.00 secs] 
171.515: Total time for which application threads were stopped: 0.0022080 seconds, Stopping threads took: 0.0000720 seconds
171.573: Application time: 0.0581860 seconds
171.573: [GC171.573: [ParNew: 36778K->4146K(37568K), 0.0018100 secs] 223167K->191559K(431300K), 0.0018520 secs] [Times: user=0.01 sys=0.00, real=0.00 secs] 
171.575: Total time for which application threads were stopped: 0.0019800 seconds, Stopping threads took: 0.0000590 seconds
171.635: Application time: 0.0607220 seconds
171.636: [GC171.636: [ParNew: 36860K->4134K(37568K), 0.0014490 secs] 224272K->191547K(431300K), 0.0014880 secs] [Times: user=0.01 sys=0.00, real=0.01 secs] 
171.637: Total time for which application threads were stopped: 0.0016200 seconds, Stopping threads took: 0.0000660 seconds
171.695: Application time: 0.0575560 seconds
171.695: [GC171.695: [ParNew: 36595K->4138K(37568K), 0.0014420 secs] 224008K->191551K(431300K), 0.0014770 secs] [Times: user=0.01 sys=0.00, real=0.00 secs] 
171.696: Total time for which application threads were stopped: 0.0016260 seconds, Stopping threads took: 0.0000750 seconds
171.756: Application time: 0.0599340 seconds
171.756: [GC171.756: [ParNew: 36793K->4135K(37568K), 0.0014290 secs] 224206K->191548K(431300K), 0.0014660 secs] [Times: user=0.00 sys=0.00, real=0.01 secs] 
171.758: Total time for which application threads were stopped: 0.0016140 seconds, Stopping threads took: 0.0000840 seconds
171.811: Application time: 0.0531860 seconds
171.811: [GC171.811: [ParNew: 37347K->4115K(37568K), 0.0018270 secs] 224760K->192552K(431300K), 0.0018680 secs] [Times: user=0.02 sys=0.00, real=0.00 secs] 
171.813: Total time for which application threads were stopped: 0.0019940 seconds, Stopping threads took: 0.0000600 seconds
171.874: Application time: 0.0610580 seconds
171.874: [GC171.874: [ParNew: 37523K->4156K(37568K), 0.0020380 secs] 225960K->194741K(431300K), 0.0020760 secs] [Times: user=0.02 sys=0.00, real=0.00 secs] 
171.876: Total time for which application threads were stopped: 0.0022140 seconds, Stopping threads took: 0.0000750 seconds
171.931: Application time: 0.0543940 seconds
171.931: [GC171.931: [ParNew: 37184K->4154K(37568K), 0.0024070 secs] 227769K->197869K(431300K), 0.0024500 secs] [Times: user=0.02 sys=0.00, real=0.00 secs] 
171.933: Total time for which application threads were stopped: 0.0026060 seconds, Stopping threads took: 0.0000890 seconds
171.933: Application time: 0.0000760 seconds
171.934: [GC [1 CMS-initial-mark: 193715K(393732K)] 198899K(431300K), 0.0001520 secs] [Times: user=0.00 sys=0.00, real=0.00 secs] 
171.934: Total time for which application threads were stopped: 0.0003520 seconds, Stopping threads took: 0.0001750 seconds
171.934: [CMS-concurrent-mark-start]
171.937: [CMS-concurrent-mark: 0.004/0.004 secs] [Times: user=0.03 sys=0.00, real=0.01 secs] 
171.938: [CMS-concurrent-preclean-start]
171.938: [CMS-concurrent-preclean: 0.001/0.001 secs] [Times: user=0.00 sys=0.00, real=0.00 secs] 
171.938: Application time: 0.0045310 seconds
171.938: [GC[YG occupancy: 5228 K (37568 K)]171.938: [Rescan (parallel) , 0.0002590 secs]171.939: [weak refs processing, 0.0000070 secs]171.939: [scrub string table, 0.0001100 secs] [1 CMS-remark: 193715K(393732K)] 198944K(431300K), 0.0004050 secs] [Times: user=0.00 sys=0.00, real=0.00 secs] 
171.939: Total time for which application threads were stopped: 0.0004980 seconds, Stopping threads took: 0.0000630 seconds
171.939: [CMS-concurrent-sweep-start]
171.940: [CMS-concurrent-sweep: 0.001/0.001 secs] [Times: user=0.00 sys=0.00, real=0.00 secs] 
171.940: [CMS-concurrent-reset-start]
171.942: [CMS-concurrent-reset: 0.002/0.002 secs] [Times: user=0.02 sys=0.00, real=0.00 secs] 
171.998: Application time: 0.0595870 seconds
171.998: [GC171.998: [ParNew: 37229K->4144K(37568K), 0.0021100 secs] 43894K->12914K(431300K), 0.0021500 secs] [Times: user=0.02 sys=0.00, real=0.00 secs] 
172.001: Total time for which application threads were stopped: 0.0022860 seconds, Stopping threads took: 0.0000660 seconds
172.064: Application time: 0.0631320 seconds
172.064: [GC172.064: [ParNew: 37086K->4115K(37568K), 0.0019050 secs] 45856K->14946K(431300K), 0.0019440 secs] [Times: user=0.02 sys=0.00, real=0.01 secs] 
172.066: Total time for which application threads were stopped: 0.0020890 seconds, Stopping threads took: 0.0000810 seconds
172.123: Application time: 0.0575050 seconds
172.123: [GC172.123: [ParNew: 36866K->4109K(37568K), 0.0019350 secs] 47697K->16987K(431300K), 0.0019750 secs] [Times: user=0.02 sys=0.00, real=0.01 secs] 
172.125: Total time for which application threads were stopped: 0.0021150 seconds, Stopping threads took: 0.0000750 seconds
172.186: Application time: 0.0609320 seconds
172.186: [GC172.187: [ParNew: 36922K->4117K(37568K), 0.0017050 secs] 49800K->18020K(431300K), 0.0017420 secs] [Times: user=0.01 sys=0.00, real=0.00 secs] 
172.188: Total time for which application threads were stopped: 0.0019030 seconds, Stopping threads took: 0.0000930 seconds
172.247: Application time: 0.0587570 seconds
172.247: [GC172.247: [ParNew: 36838K->4135K(37568K), 0.0018140 secs] 50740K->19062K(431300K), 0.0018530 secs] [Times: user=0.01 sys=0.00, real=0.00 secs] 
172.249: Total time for which application threads were stopped: 0.0020020 seconds, Stopping threads took: 0.0000740 seconds
172.309: Application time: 0.0596420 seconds
172.309: [GC172.309: [ParNew: 36767K->4131K(37568K), 0.0017630 secs] 51694K->20082K(431300K), 0.0018030 secs] [Times: user=0.01 sys=0.00, real=0.00 secs] 
172.311: Total time for which application threads were stopped: 0.0019300 seconds, Stopping threads took: 0.0000580 seconds
172.369: Application time: 0.0581720 seconds
172.369: [GC172.369: [ParNew: 36737K->4136K(37568K), 0.0018000 secs] 52688K->21110K(431300K), 0.0018380 secs] [Times: user=0.01 sys=0.00, real=0.00 secs] 
172.371: Total time for which application threads were stopped: 0.0019670 seconds, Stopping threads took: 0.0000600 seconds
172.434: Application time: 0.0629170 seconds
172.434: [GC172.434: [ParNew: 37006K->4146K(37568K), 0.0013290 secs] 53981K->21121K(431300K), 0.0013670 secs] [Times: user=0.01 sys=0.00, real=0.00 secs] 
172.435: Total time for which application threads were stopped: 0.0015140 seconds, Stopping threads took: 0.0000830 seconds
172.492: Application time: 0.0570590 seconds
172.492: [GC172.492: [ParNew: 37542K->4118K(37568K), 0.0013110 secs] 54517K->21093K(431300K), 0.0013430 secs] [Times: user=0.01 sys=0.00, real=0.00 secs] 
172.494: Total time for which application threads were stopped: 0.0014690 seconds, Stopping threads took: 0.0000650 seconds
172.548: Application time: 0.0545180 seconds
172.548: [GC172.548: [ParNew: 37136K->4158K(37568K), 0.0021950 secs] 54111K->23274K(431300K), 0.0022350 secs] [Times: user=0.01 sys=0.00, real=0.00 secs] 
172.551: Total time for which application threads were stopped: 0.0023880 seconds, Stopping threads took: 0.0000890 seconds
172.608: Application time: 0.0570960 seconds
172.608: [GC172.608: [ParNew: 37279K->4158K(37568K), 0.0022820 secs] 56394K->26412K(431300K), 0.0023240 secs] [Times: user=0.01 sys=0.00, real=0.00 secs] 
172.610: Total time for which application threads were stopped: 0.0024590 seconds, Stopping threads took: 0.0000660 seconds
172.671: Application time: 0.0605820 seconds
172.671: [GC172.671: [ParNew: 37212K->4139K(37568K), 0.0020440 secs] 59466K->28482K(431300K), 0.0020850 secs] [Times: user=0.01 sys=0.00, real=0.00 secs] 
172.673: Total time for which application threads were stopped: 0.0022590 seconds, Stopping threads took: 0.0001080 seconds
172.736: Application time: 0.0624940 seconds
172.736: [GC172.736: [ParNew: 37080K->4119K(37568K), 0.0016860 secs] 61424K->29515K(431300K), 0.0017220 secs] [Times: user=0.01 sys=0.00, real=0.01 secs] 
172.737: Total time for which application threads were stopped: 0.0018580 seconds, Stopping threads took: 0.0000730 seconds
172.795: Application time: 0.0581110 seconds
172.796: [GC172.796: [ParNew: 36857K->4112K(37568K), 0.0020750 secs] 62253K->31556K(431300K), 0.0021160 secs] [Times: user=0.01 sys=0.00, real=0.01 secs] 
172.798: Total time for which application threads were stopped: 0.0022530 seconds, Stopping threads took: 0.0000620 seconds
172.860: Application time: 0.0621880 seconds
172.860: [GC172.860: [ParNew: 37080K->4136K(37568K), 0.0018250 secs] 64524K->32604K(431300K), 0.0018620 secs] [Times: user=0.01 sys=0.00, real=0.00 secs] 
172.862: Total time for which application threads were stopped: 0.0019960 seconds, Stopping threads took: 0.0000720 seconds
172.920: Application time: 0.0582080 seconds
172.920: [GC172.920: [ParNew: 36701K->4134K(37568K), 0.0016690 secs] 65169K->33626K(431300K), 0.0017100 secs] [Times: user=0.02 sys=0.00, real=0.00 secs] 
172.922: Total time for which application threads were stopped: 0.0018440 seconds, Stopping threads took: 0.0000670 seconds
172.984: Application time: 0.0615910 seconds
172.984: [GC172.984: [ParNew: 36982K->4137K(37568K), 0.0015880 secs] 66474K->33629K(431300K), 0.0016260 secs] [Times: user=0.01 sys=0.00, real=0.01 secs] 
172.985: Total time for which application threads were stopped: 0.0017560 seconds, Stopping threads took: 0.0000640 seconds
173.043: Application time: 0.0577360 seconds
173.043: [GC173.043: [ParNew: 36626K->4112K(37568K), 0.0017660 secs] 66118K->34628K(431300K), 0.0018050 secs] [Times: user=0.01 sys=0.00, real=0.01 secs] 
173.045: Total time for which application threads were stopped: 0.0019420 seconds, Stopping threads took: 0.0000710 seconds
173.106: Application time: 0.0614220 seconds
173.107: [GC173.107: [ParNew: 36846K->3124K(37568K), 0.0011640 secs] 67361K->33640K(431300K), 0.0011980 secs] [Times: user=0.01 sys=0.00, real=0.00 secs] 
173.108: Total time for which application threads were stopped: 0.0013660 seconds, Stopping threads took: 0.0001030 seconds
173.161: Application time: 0.0528850 seconds
173.161: [GC173.161: [ParNew: 36162K->4113K(37568K), 0.0020680 secs] 66678K->36677K(431300K), 0.0021090 secs] [Times: user=0.01 sys=0.00, real=0.00 secs] 
173.163: Total time for which application threads were stopped: 0.0022470 seconds, Stopping threads took: 0.0000710 seconds
173.220: Application time: 0.0573070 seconds
173.220: [GC173.220: [ParNew: 37354K->4158K(37568K), 0.0023440 secs] 69917K->39858K(431300K), 0.0023870 secs] [Times: user=0.01 sys=0.00, real=0.00 secs] 
173.223: Total time for which application threads were stopped: 0.0025470 seconds, Stopping threads took: 0.0000940 seconds
173.282: Application time: 0.0588260 seconds
173.282: [GC173.282: [ParNew: 37439K->4159K(37568K), 0.0024630 secs] 73139K->43022K(431300K), 0.0025080 secs] [Times: user=0.02 sys=0.00, real=0.00 secs] 
173.284: Total time for which application threads were stopped: 0.0026400 seconds, Stopping threads took: 0.0000600 seconds
173.347: Application time: 0.0630820 seconds
173.347: [GC173.347: [ParNew: 37245K->4141K(37568K), 0.0044920 secs] 76108K->46121K(431300K), 0.0045400 secs] [Times: user=0.04 sys=0.00, real=0.00 secs] 
173.352: Total time for which application threads were stopped: 0.0046930 seconds, Stopping threads took: 0.0000740 seconds
173.411: Application time: 0.0586820 seconds
173.411: [GC173.411: [ParNew: 36973K->4132K(37568K), 0.0019470 secs] 78954K->48189K(431300K), 0.0019900 secs] [Times: user=0.01 sys=0.00, real=0.00 secs] 
173.413: Total time for which application threads were stopped: 0.0021250 seconds, Stopping threads took: 0.0000680 seconds
173.473: Application time: 0.0606160 seconds
173.474: [GC173.474: [ParNew: 37023K->4114K(37568K), 0.0017510 secs] 81080K->49195K(431300K), 0.0017880 secs] [Times: user=0.02 sys=0.00, real=0.00 secs] 
173.475: Total time for which application threads were stopped: 0.0019300 seconds, Stopping threads took: 0.0000790 seconds
173.540: Application time: 0.0643330 seconds
173.540: [GC173.540: [ParNew: 37127K->4118K(37568K), 0.0016730 secs] 82208K->50223K(431300K), 0.0017100 secs] [Times: user=0.01 sys=0.00, real=0.00 secs] 
173.542: Total time for which application threads were stopped: 0.0018310 seconds, Stopping threads took: 0.0000600 seconds
173.599: Application time: 0.0577310 seconds
173.599: [GC173.599: [ParNew: 36850K->4130K(37568K), 0.0019640 secs] 82955K->52283K(431300K), 0.0020040 secs] [Times: user=0.02 sys=0.00, real=0.00 secs] 
173.601: Total time for which application threads were stopped: 0.0021340 seconds, Stopping threads took: 0.0000640 seconds
173.665: Application time: 0.0635070 seconds
173.665: [GC173.665: [ParNew: 37080K->4128K(37568K), 0.0016540 secs] 85233K->53305K(431300K), 0.0016930 secs] [Times: user=0.02 sys=0.00, real=0.00 secs] 
173.667: Total time for which application threads were stopped: 0.0018530 seconds, Stopping threads took: 0.0000960 seconds
173.725: Application time: 0.0585580 seconds
173.726: [GC173.726: [ParNew: 36669K->4135K(37568K), 0.0014350 secs] 85846K->53312K(431300K), 0.0014690 secs] [Times: user=0.01 sys=0.00, real=0.00 secs] 
173.727: Total time for which application threads were stopped: 0.0016600 seconds, Stopping threads took: 0.0001260 seconds
173.789: Application time: 0.0615440 seconds
173.792: [GC173.792: [ParNew: 36705K->1099K(37568K), 0.0007530 secs] 85882K->50276K(431300K), 0.0007820 secs] [Times: user=0.01 sys=0.00, real=0.00 secs] 
173.793: Total time for which application threads were stopped: 0.0046450 seconds, Stopping threads took: 0.0038080 seconds
173.840: Application time: 0.0468430 seconds
173.840: [GC173.840: [ParNew: 33777K->4114K(37568K), 0.0023060 secs] 82954K->56363K(431300K), 0.0023450 secs] [Times: user=0.02 sys=0.00, real=0.00 secs] 
173.843: Total time for which application threads were stopped: 0.0024740 seconds, Stopping threads took: 0.0000640 seconds
173.900: Application time: 0.0572060 seconds
173.900: [GC173.900: [ParNew: 37441K->4152K(37568K), 0.0022990 secs] 89690K->59545K(431300K), 0.0023410 secs] [Times: user=0.02 sys=0.00, real=0.00 secs] 
173.902: Total time for which application threads were stopped: 0.0025280 seconds, Stopping threads took: 0.0001120 seconds
173.963: Application time: 0.0611000 seconds
173.963: [GC173.964: [ParNew: 37447K->4158K(37568K), 0.0023750 secs] 92840K->62705K(431300K), 0.0024180 secs] [Times: user=0.02 sys=0.00, real=0.01 secs] 
173.966: Total time for which application threads were stopped: 0.0025520 seconds, Stopping threads took: 0.0000680 seconds
174.029: Application time: 0.0627650 seconds
174.029: [GC174.029: [ParNew: 37259K->4146K(37568K), 0.0021770 secs] 95807K->65810K(431300K), 0.0022150 secs] [Times: user=0.02 sys=0.00, real=0.00 secs] 
174.031: Total time for which application threads were stopped: 0.0023420 seconds, Stopping threads took: 0.0000610 seconds
174.090: Application time: 0.0588610 seconds
174.090: [GC174.090: [ParNew: 37055K->4133K(37568K), 0.0035910 secs] 98720K->67875K(431300K), 0.0036320 secs] [Times: user=0.01 sys=0.00, real=0.00 secs] 
174.094: Total time for which application threads were stopped: 0.0037990 seconds, Stopping threads took: 0.0000940 seconds
174.156: Application time: 0.0623710 seconds
174.156: [GC174.156: [ParNew: 37068K->4132K(37568K), 0.0019720 secs] 100809K->69921K(431300K), 0.0020130 secs] [Times: user=0.01 sys=0.01, real=0.01 secs] 
174.158: Total time for which application threads were stopped: 0.0021520 seconds, Stopping threads took: 0.0000710 seconds
174.218: Application time: 0.0601060 seconds
174.218: [GC174.219: [ParNew: 36954K->4120K(37568K), 0.0019940 secs] 102743K->71957K(431300K), 0.0020360 secs] [Times: user=0.01 sys=0.00, real=0.00 secs] 
174.221: Total time for which application threads were stopped: 0.0021980 seconds, Stopping threads took: 0.0000950 seconds
174.281: Application time: 0.0600650 seconds
174.281: [GC174.281: [ParNew: 36917K->4116K(37568K), 0.0019570 secs] 104754K->74001K(431300K), 0.0019960 secs] [Times: user=0.02 sys=0.00, real=0.00 secs] 
174.283: Total time for which application threads were stopped: 0.0021470 seconds, Stopping threads took: 0.0000850 seconds
174.345: Application time: 0.0623380 seconds
174.345: [GC174.345: [ParNew: 37029K->4116K(37568K), 0.0016980 secs] 106915K->75025K(431300K), 0.0017350 secs] [Times: user=0.02 sys=0.00, real=0.00 secs] 
174.347: Total time for which application threads were stopped: 0.0019010 seconds, Stopping threads took: 0.0001000 seconds
174.409: Application time: 0.0622690 seconds
174.409: [GC174.409: [ParNew: 36960K->4151K(37568K), 0.0013820 secs] 107869K->75060K(431300K), 0.0014170 secs] [Times: user=0.01 sys=0.00, real=0.00 secs] 
174.411: Total time for which application threads were stopped: 0.0015780 seconds, Stopping threads took: 0.0000840 seconds
174.471: Application time: 0.0602070 seconds
174.471: [GC174.471: [ParNew: 37559K->2141K(37568K), 0.0008960 secs] 108468K->73051K(431300K), 0.0009270 secs] [Times: user=0.01 sys=0.00, real=0.00 secs] 
174.472: Total time for which application threads were stopped: 0.0010450 seconds, Stopping threads took: 0.0000600 seconds
174.528: Application time: 0.0560370 seconds
174.528: [GC174.528: [ParNew: 35149K->4144K(37568K), 0.0013500 secs] 106058K->75054K(431300K), 0.0013810 secs] [Times: user=0.01 sys=0.00, real=0.00 secs] 
174.530: Total time for which application threads were stopped: 0.0015160 seconds, Stopping threads took: 0.0000780 seconds
174.579: Application time: 0.0494480 seconds
174.579: [GC174.579: [ParNew: 37102K->4156K(37568K), 0.0023240 secs] 108012K->78206K(431300K), 0.0023680 secs] [Times: user=0.01 sys=0.00, real=0.00 secs] 
174.582: Total time for which application threads were stopped: 0.0024990 seconds, Stopping threads took: 0.0000630 seconds
174.646: Application time: 0.0639140 seconds
174.646: [GC174.646: [ParNew: 37503K->4159K(37568K), 0.0013840 secs] 111553K->78294K(431300K), 0.0014170 secs] [Times: user=0.01 sys=0.00, real=0.00 secs] 
174.647: Total time for which application threads were stopped: 0.0015250 seconds, Stopping threads took: 0.0000480 seconds
174.706: Application time: 0.0589200 seconds
174.706: [GC174.706: [ParNew: 37177K->4144K(37568K), 0.0017850 secs] 111313K->79349K(431300K), 0.0018240 secs] [Times: user=0.01 sys=0.00, real=0.00 secs] 
174.708: Total time for which application threads were stopped: 0.0019500 seconds, Stopping threads took: 0.0000600 seconds
174.768: Application time: 0.0599600 seconds
174.768: [GC174.768: [ParNew: 37083K->4116K(37568K), 0.0022330 secs] 112288K->82421K(431300K), 0.0022750 secs] [Times: user=0.01 sys=0.00, real=0.00 secs] 
174.770: Total time for which application threads were stopped: 0.0024100 seconds, Stopping threads took: 0.0000680 seconds
174.831: Application time: 0.0605020 seconds
174.831: [GC174.831: [ParNew: 37069K->4112K(37568K), 0.0022730 secs] 115374K->85490K(431300K), 0.0023160 secs] [Times: user=0.02 sys=0.00, real=0.00 secs] 
174.833: Total time for which application threads were stopped: 0.0024440 seconds, Stopping threads took: 0.0000610 seconds
174.895: Application time: 0.0615400 seconds
174.896: [GC174.896: [ParNew: 36999K->4128K(37568K), 0.0020120 secs] 118377K->87554K(431300K), 0.0020490 secs] [Times: user=0.01 sys=0.00, real=0.01 secs] 
174.898: Total time for which application threads were stopped: 0.0028450 seconds, Stopping threads took: 0.0007320 seconds
174.959: Application time: 0.0616790 seconds
174.959: [GC174.959: [ParNew: 37017K->4132K(37568K), 0.0019870 secs] 120443K->89606K(431300K), 0.0020260 secs] [Times: user=0.01 sys=0.00, real=0.00 secs] 
174.961: Total time for which application threads were stopped: 0.0021720 seconds, Stopping threads took: 0.0000740 seconds
175.021: Application time: 0.0591110 seconds
175.021: [GC175.021: [ParNew: 36761K->4152K(37568K), 0.0016300 secs] 122235K->89626K(431300K), 0.0016640 secs] [Times: user=0.01 sys=0.00, real=0.00 secs] 
175.022: Total time for which application threads were stopped: 0.0018580 seconds, Stopping threads took: 0.0001270 seconds
175.085: Application time: 0.0626650 seconds
175.085: [GC175.085: [ParNew: 37008K->4120K(37568K), 0.0013950 secs] 122481K->89594K(431300K), 0.0014290 secs] [Times: user=0.01 sys=0.00, real=0.00 secs] 
175.087: Total time for which application threads were stopped: 0.0015820 seconds, Stopping threads took: 0.0000890 seconds
175.146: Application time: 0.0597420 seconds
175.147: [GC175.147: [ParNew: 37475K->3094K(37568K), 0.0010690 secs] 122949K->88568K(431300K), 0.0011010 secs] [Times: user=0.01 sys=0.00, real=0.00 secs] 
175.148: Total time for which application threads were stopped: 0.0012550 seconds, Stopping threads took: 0.0000950 seconds
175.209: Application time: 0.0613290 seconds
175.209: [GC175.209: [ParNew: 36095K->1190K(37568K), 0.0006310 secs] 121568K->86664K(431300K), 0.0006630 secs] [Times: user=0.01 sys=0.00, real=0.00 secs] 
175.210: Total time for which application threads were stopped: 0.0007840 seconds, Stopping threads took: 0.0000670 seconds
175.259: Application time: 0.0487140 seconds
175.259: [GC175.259: [ParNew: 34346K->4157K(37568K), 0.0023260 secs] 119820K->92774K(431300K), 0.0023710 secs] [Times: user=0.02 sys=0.00, real=0.00 secs] 
175.261: Total time for which application threads were stopped: 0.0025260 seconds, Stopping threads took: 0.0000890 seconds
175.323: Application time: 0.0620650 seconds
175.323: [GC175.323: [ParNew: 37414K->4158K(37568K), 0.0022810 secs] 126032K->95930K(431300K), 0.0023250 secs] [Times: user=0.01 sys=0.00, real=0.01 secs] 
175.326: Total time for which application threads were stopped: 0.0024470 seconds, Stopping threads took: 0.0000560 seconds
175.382: Application time: 0.0567860 seconds
175.382: [GC175.383: [ParNew: 37175K->4142K(37568K), 0.0020390 secs] 128947K->98007K(431300K), 0.0020820 secs] [Times: user=0.01 sys=0.00, real=0.01 secs] 
175.385: Total time for which application threads were stopped: 0.0022230 seconds, Stopping threads took: 0.0000730 seconds
175.447: Application time: 0.0628410 seconds
175.448: [GC175.448: [ParNew: 37131K->4114K(37568K), 0.0019530 secs] 130996K->100056K(431300K), 0.0019950 secs] [Times: user=0.01 sys=0.00, real=0.00 secs] 
175.450: Total time for which application threads were stopped: 0.0029770 seconds, Stopping threads took: 0.0009160 seconds
175.511: Application time: 0.0601740 seconds
175.511: [GC175.511: [ParNew: 36999K->4130K(37568K), 0.0019580 secs] 132941K->102120K(431300K), 0.0020020 secs] [Times: user=0.02 sys=0.00, real=0.00 secs] 
175.513: Total time for which application threads were stopped: 0.0021880 seconds, Stopping threads took: 0.0001080 seconds
175.574: Application time: 0.0611630 seconds
175.574: [GC175.574: [ParNew: 37044K->4132K(37568K), 0.0019980 secs] 135034K->104170K(431300K), 0.0020370 secs] [Times: user=0.01 sys=0.00, real=0.00 secs] 
175.576: Total time for which application threads were stopped: 0.0021700 seconds, Stopping threads took: 0.0000660 seconds
175.636: Application time: 0.0594930 seconds
175.636: [GC175.636: [ParNew: 36883K->4117K(37568K), 0.0019900 secs] 136921K->106203K(431300K), 0.0020310 secs] [Times: user=0.01 sys=0.00, real=0.01 secs] 
175.638: Total time for which application threads were stopped: 0.0022130 seconds, Stopping threads took: 0.0001110 seconds
175.701: Application time: 0.0626720 seconds
175.701: [GC175.701: [ParNew: 36980K->4120K(37568K), 0.0015000 secs] 139066K->106206K(431300K), 0.0015430 secs] [Times: user=0.01 sys=0.00, real=0.00 secs] 
175.702: Total time for which application threads were stopped: 0.0016940 seconds, Stopping threads took: 0.0000920 seconds
175.762: Application time: 0.0598060 seconds
175.762: [GC175.762: [ParNew: 37524K->4140K(37568K), 0.0014560 secs] 139611K->106226K(431300K), 0.0014930 secs] [Times: user=0.01 sys=0.00, real=0.00 secs] 
175.764: Total time for which application threads were stopped: 0.0016260 seconds, Stopping threads took: 0.0000690 seconds
175.821: Application time: 0.0572930 seconds
175.821: [GC175.821: [ParNew: 36632K->4110K(37568K), 0.0020610 secs] 138718K->108244K(431300K), 0.0021020 secs] [Times: user=0.01 sys=0.00, real=0.00 secs] 
175.823: Total time for which application threads were stopped: 0.0022230 seconds, Stopping threads took: 0.0000560 seconds
175.881: Application time: 0.0581380 seconds
175.881: [GC175.881: [ParNew: 37008K->4158K(37568K), 0.0017350 secs] 141142K->109336K(431300K), 0.0017710 secs] [Times: user=0.01 sys=0.00, real=0.00 secs] 
175.883: Total time for which application threads were stopped: 0.0019000 seconds, Stopping threads took: 0.0000630 seconds
175.939: Application time: 0.0553800 seconds
175.939: [GC175.939: [ParNew: 36874K->4157K(37568K), 0.0017630 secs] 142053K->110440K(431300K), 0.0018010 secs] [Times: user=0.01 sys=0.00, real=0.00 secs] 
175.941: Total time for which application threads were stopped: 0.0019280 seconds, Stopping threads took: 0.0000590 seconds
176.002: Application time: 0.0613080 seconds
176.002: [GC176.002: [ParNew: 37193K->4152K(37568K), 0.0018340 secs] 143476K->112541K(431300K), 0.0018720 secs] [Times: user=0.02 sys=0.00, real=0.00 secs] 
176.004: Total time for which application threads were stopped: 0.0020080 seconds, Stopping threads took: 0.0000770 seconds
176.059: Application time: 0.0550000 seconds
176.059: [GC176.059: [ParNew: 37132K->4140K(37568K), 0.0022920 secs] 145521K->115642K(431300K), 0.0023320 secs] [Times: user=0.02 sys=0.00, real=0.00 secs] 
176.061: Total time for which application threads were stopped: 0.0024710 seconds, Stopping threads took: 0.0000640 seconds
176.122: Application time: 0.0602620 seconds
176.122: [GC176.122: [ParNew: 37079K->4114K(37568K), 0.0022250 secs] 148581K->118716K(431300K), 0.0022670 secs] [Times: user=0.02 sys=0.00, real=0.00 secs] 
176.124: Total time for which application threads were stopped: 0.0024040 seconds, Stopping threads took: 0.0000700 seconds
176.185: Application time: 0.0614590 seconds
176.186: [GC176.186: [ParNew: 37067K->4130K(37568K), 0.0017470 secs] 151670K->119757K(431300K), 0.0017900 secs] [Times: user=0.01 sys=0.00, real=0.00 secs] 
176.187: Total time for which application threads were stopped: 0.0019320 seconds, Stopping threads took: 0.0000740 seconds
176.248: Application time: 0.0606210 seconds
176.248: [GC176.248: [ParNew: 36959K->4134K(37568K), 0.0020040 secs] 152586K->121808K(431300K), 0.0020450 secs] [Times: user=0.01 sys=0.00, real=0.00 secs] 
176.250: Total time for which application threads were stopped: 0.0021830 seconds, Stopping threads took: 0.0000710 seconds
176.311: Application time: 0.0612490 seconds
176.312: [GC176.312: [ParNew: 36958K->4116K(37568K), 0.0018340 secs] 154632K->122814K(431300K), 0.0018740 secs] [Times: user=0.01 sys=0.00, real=0.00 secs] 
176.313: Total time for which application threads were stopped: 0.0020030 seconds, Stopping threads took: 0.0000600 seconds
176.375: Application time: 0.0614560 seconds
176.375: [GC176.375: [ParNew: 36895K->2104K(37568K), 0.0009380 secs] 155594K->120803K(431300K), 0.0009700 secs] [Times: user=0.01 sys=0.00, real=0.00 secs] 
176.376: Total time for which application threads were stopped: 0.0010950 seconds, Stopping threads took: 0.0000660 seconds
176.435: Application time: 0.0592340 seconds
176.435: [GC176.435: [ParNew: 35512K->4139K(37568K), 0.0013670 secs] 154211K->122837K(431300K), 0.0014080 secs] [Times: user=0.01 sys=0.00, real=0.01 secs] 
176.437: Total time for which application threads were stopped: 0.0015240 seconds, Stopping threads took: 0.0000550 seconds
176.494: Application time: 0.0568190 seconds
176.494: [GC176.494: [ParNew: 36673K->4112K(37568K), 0.0022670 secs] 155372K->125883K(431300K), 0.0023100 secs] [Times: user=0.02 sys=0.00, real=0.00 secs] 
176.496: Total time for which application threads were stopped: 0.0024480 seconds, Stopping threads took: 0.0000710 seconds
176.555: Application time: 0.0587640 seconds
176.555: [GC176.555: [ParNew: 37076K->4158K(37568K), 0.0017410 secs] 158847K->126952K(431300K), 0.0017830 secs] [Times: user=0.01 sys=0.00, real=0.01 secs] 
176.557: Total time for which application threads were stopped: 0.0019100 seconds, Stopping threads took: 0.0000600 seconds
176.614: Application time: 0.0568010 seconds
176.614: [GC176.614: [ParNew: 37070K->4159K(37568K), 0.0014810 secs] 159864K->127083K(431300K), 0.0015180 secs] [Times: user=0.01 sys=0.00, real=0.00 secs] 
176.615: Total time for which application threads were stopped: 0.0016510 seconds, Stopping threads took: 0.0000550 seconds
176.677: Application time: 0.0622230 seconds
176.677: [GC176.678: [ParNew: 37110K->3128K(37568K), 0.0010130 secs] 160034K->126094K(431300K), 0.0010430 secs] [Times: user=0.01 sys=0.00, real=0.00 secs] 
176.679: Total time for which application threads were stopped: 0.0011760 seconds, Stopping threads took: 0.0000780 seconds
176.732: Application time: 0.0535230 seconds
176.732: [GC176.732: [ParNew: 35982K->4142K(37568K), 0.0023500 secs] 158948K->130208K(431300K), 0.0023940 secs] [Times: user=0.01 sys=0.01, real=0.00 secs] 
176.735: Total time for which application threads were stopped: 0.0025510 seconds, Stopping threads took: 0.0000890 seconds
176.796: Application time: 0.0611390 seconds
176.796: [GC176.796: [ParNew: 37078K->4116K(37568K), 0.0022070 secs] 163145K->133283K(431300K), 0.0022470 secs] [Times: user=0.02 sys=0.00, real=0.01 secs] 
176.798: Total time for which application threads were stopped: 0.0023850 seconds, Stopping threads took: 0.0000710 seconds
176.857: Application time: 0.0590320 seconds
176.857: [GC176.857: [ParNew: 36988K->4115K(37568K), 0.0020770 secs] 166155K->135330K(431300K), 0.0021160 secs] [Times: user=0.02 sys=0.00, real=0.00 secs] 
176.859: Total time for which application threads were stopped: 0.0022990 seconds, Stopping threads took: 0.0001120 seconds
176.923: Application time: 0.0638510 seconds
176.923: [GC176.923: [ParNew: 37114K->4117K(37568K), 0.0013710 secs] 168329K->135332K(431300K), 0.0014120 secs] [Times: user=0.01 sys=0.00, real=0.01 secs] 
176.925: Total time for which application threads were stopped: 0.0015470 seconds, Stopping threads took: 0.0000710 seconds
176.983: Application time: 0.0581620 seconds
176.983: [GC176.983: [ParNew: 36720K->4131K(37568K), 0.0017500 secs] 167935K->136370K(431300K), 0.0017920 secs] [Times: user=0.02 sys=0.00, real=0.01 secs] 
176.985: Total time for which application threads were stopped: 0.0019420 seconds, Stopping threads took: 0.0000800 seconds
177.045: Application time: 0.0604820 seconds
177.046: [GC177.046: [ParNew: 36844K->4152K(37568K), 0.0014880 secs] 169083K->136391K(431300K), 0.0015220 secs] [Times: user=0.01 sys=0.00, real=0.00 secs] 
177.047: Total time for which application threads were stopped: 0.0016720 seconds, Stopping threads took: 0.0000870 seconds
177.105: Application time: 0.0574260 seconds
177.105: [GC177.105: [ParNew: 37560K->4134K(37568K), 0.0017500 secs] 169799K->137397K(431300K), 0.0017880 secs] [Times: user=0.01 sys=0.00, real=0.00 secs] 
177.107: Total time for which application threads were stopped: 0.0019130 seconds, Stopping threads took: 0.0000650 seconds
177.166: Application time: 0.0596860 seconds
177.166: [GC177.166: [ParNew: 36854K->4118K(37568K), 0.0019120 secs] 170117K->139429K(431300K), 0.0019540 secs] [Times: user=0.01 sys=0.00, real=0.00 secs] 
177.168: Total time for which application threads were stopped: 0.0021240 seconds, Stopping threads took: 0.0000840 seconds
177.226: Application time: 0.0578240 seconds
177.226: [GC177.226: [ParNew: 37026K->4159K(37568K), 0.0018130 secs] 172337K->140511K(431300K), 0.0018610 secs] [Times: user=0.02 sys=0.00, real=0.00 secs] 
177.228: Total time for which application threads were stopped: 0.0020040 seconds, Stopping threads took: 0.0000760 seconds
177.290: Application time: 0.0619280 seconds
177.290: [GC177.290: [ParNew: 37449K->4158K(37568K), 0.0013690 secs] 173801K->140666K(431300K), 0.0014090 secs] [Times: user=0.01 sys=0.00, real=0.00 secs] 
177.292: Total time for which application threads were stopped: 0.0015260 seconds, Stopping threads took: 0.0000530 seconds
177.348: Application time: 0.0559320 seconds
177.348: [GC177.348: [ParNew: 36622K->4146K(37568K), 0.0016770 secs] 173130K->141681K(431300K), 0.0017150 secs] [Times: user=0.01 sys=0.00, real=0.00 secs] 
177.349: Total time for which application threads were stopped: 0.0018470 seconds, Stopping threads took: 0.0000680 seconds
177.405: Application time: 0.0551970 seconds
177.405: [GC177.405: [ParNew: 37101K->4146K(37568K), 0.0023450 secs] 174636K->144782K(431300K), 0.0023860 secs] [Times: user=0.01 sys=0.00, real=0.00 secs] 
177.407: Total time for which application threads were stopped: 0.0025220 seconds, Stopping threads took: 0.0000740 seconds
177.469: Application time: 0.0614640 seconds
177.469: [GC177.469: [ParNew: 37115K->4112K(37568K), 0.0023130 secs] 177751K->147848K(431300K), 0.0023560 secs] [Times: user=0.01 sys=0.00, real=0.00 secs] 
177.471: Total time for which application threads were stopped: 0.0024840 seconds, Stopping threads took: 0.0000590 seconds
177.531: Application time: 0.0595110 seconds
177.531: [GC177.531: [ParNew: 37008K->4114K(37568K), 0.0023230 secs] 180744K->150922K(431300K), 0.0023640 secs] [Times: user=0.02 sys=0.00, real=0.00 secs] 
177.533: Total time for which application threads were stopped: 0.0025710 seconds, Stopping threads took: 0.0001380 seconds
177.596: Application time: 0.0627390 seconds
177.596: [GC177.596: [ParNew: 37064K->4114K(37568K), 0.0016800 secs] 183873K->151946K(431300K), 0.0017200 secs] [Times: user=0.01 sys=0.00, real=0.01 secs] 
177.598: Total time for which application threads were stopped: 0.0018700 seconds, Stopping threads took: 0.0000840 seconds
177.661: Application time: 0.0632090 seconds
177.661: [GC177.661: [ParNew: 37048K->3127K(37568K), 0.0011620 secs] 184881K->150960K(431300K), 0.0011960 secs] [Times: user=0.01 sys=0.00, real=0.00 secs] 
177.662: Total time for which application threads were stopped: 0.0013200 seconds, Stopping threads took: 0.0000640 seconds
177.720: Application time: 0.0574660 seconds
177.720: [GC177.720: [ParNew: 35514K->3115K(37568K), 0.0011570 secs] 183346K->150948K(431300K), 0.0011900 secs] [Times: user=0.01 sys=0.00, real=0.00 secs] 
177.721: Total time for which application threads were stopped: 0.0013460 seconds, Stopping threads took: 0.0000870 seconds
177.779: Application time: 0.0577730 seconds
177.779: [GC177.779: [ParNew: 36523K->4118K(37568K), 0.0020180 secs] 184356K->153998K(431300K), 0.0020580 secs] [Times: user=0.02 sys=0.00, real=0.00 secs] 
177.781: Total time for which application threads were stopped: 0.0021820 seconds, Stopping threads took: 0.0000560 seconds
177.838: Application time: 0.0566500 seconds
177.838: [GC177.838: [ParNew: 36775K->4112K(37568K), 0.0023230 secs] 186656K->157064K(431300K), 0.0023670 secs] [Times: user=0.02 sys=0.00, real=0.00 secs] 
177.840: Total time for which application threads were stopped: 0.0024990 seconds, Stopping threads took: 0.0000620 seconds
177.899: Application time: 0.0589260 seconds
177.899: [GC177.899: [ParNew: 37075K->4158K(37568K), 0.0018170 secs] 190028K->158155K(431300K), 0.0018520 secs] [Times: user=0.01 sys=0.00, real=0.00 secs] 
177.901: Total time for which application threads were stopped: 0.0020170 seconds, Stopping threads took: 0.0000980 seconds
177.964: Application time: 0.0629330 seconds
177.964: [GC177.964: [ParNew: 37522K->3254K(37568K), 0.0010910 secs] 191518K->157259K(431300K), 0.0011290 secs] [Times: user=0.01 sys=0.00, real=0.01 secs] 
177.965: Total time for which application threads were stopped: 0.0012540 seconds, Stopping threads took: 0.0000560 seconds
178.019: Application time: 0.0535050 seconds
178.019: [GC178.019: [ParNew: 35670K->4144K(37568K), 0.0020620 secs] 189675K->160340K(431300K), 0.0021020 secs] [Times: user=0.01 sys=0.00, real=0.00 secs] 
178.021: Total time for which application threads were stopped: 0.0022340 seconds, Stopping threads took: 0.0000660 seconds
178.082: Application time: 0.0610460 seconds
178.082: [GC178.082: [ParNew: 37165K->4140K(37568K), 0.0022990 secs] 193360K->163436K(431300K), 0.0023430 secs] [Times: user=0.01 sys=0.00, real=0.01 secs] 
178.085: Total time for which application threads were stopped: 0.0024700 seconds, Stopping threads took: 0.0000590 seconds
178.145: Application time: 0.0602490 seconds
178.145: [GC178.145: [ParNew: 37131K->4110K(37568K), 0.0020840 secs] 196427K->165483K(431300K), 0.0021250 secs] [Times: user=0.02 sys=0.00, real=0.00 secs] 
178.147: Total time for which application threads were stopped: 0.0022450 seconds, Stopping threads took: 0.0000540 seconds
178.205: Application time: 0.0579090 seconds
178.205: [GC178.205: [ParNew: 36930K->4112K(37568K), 0.0025440 secs] 198303K->168557K(431300K), 0.0025820 secs] [Times: user=0.02 sys=0.00, real=0.00 secs] 
178.208: Total time for which application threads were stopped: 0.0027960 seconds, Stopping threads took: 0.0001510 seconds
178.271: Application time: 0.0630160 seconds
178.271: [GC178.271: [ParNew: 37035K->4114K(37568K), 0.0017830 secs] 201480K->169583K(431300K), 0.0018230 secs] [Times: user=0.02 sys=0.00, real=0.00 secs] 
178.273: Total time for which application threads were stopped: 0.0019810 seconds, Stopping threads took: 0.0000790 seconds
178.334: Application time: 0.0607570 seconds
178.334: [GC178.334: [ParNew: 36741K->4134K(37568K), 0.0013860 secs] 202210K->169603K(431300K), 0.0014220 secs] [Times: user=0.01 sys=0.00, real=0.00 secs] 
178.335: Total time for which application threads were stopped: 0.0015550 seconds, Stopping threads took: 0.0000680 seconds
178.395: Application time: 0.0599740 seconds
178.396: [GC178.396: [ParNew: 36708K->2091K(37568K), 0.0008020 secs] 202177K->167560K(431300K), 0.0008330 secs] [Times: user=0.01 sys=0.00, real=0.00 secs] 
178.397: Total time for which application threads were stopped: 0.0021780 seconds, Stopping threads took: 0.0012830 seconds
178.453: Application time: 0.0554550 seconds
178.453: [GC178.453: [ParNew: 35499K->4124K(37568K), 0.0019170 secs] 200968K->171641K(431300K), 0.0019580 secs] [Times: user=0.02 sys=0.00, real=0.00 secs] 
178.455: Total time for which application threads were stopped: 0.0020790 seconds, Stopping threads took: 0.0000550 seconds
178.510: Application time: 0.0554020 seconds
178.510: [GC178.510: [ParNew: 36934K->4113K(37568K), 0.0024220 secs] 204451K->174702K(431300K), 0.0024660 secs] [Times: user=0.02 sys=0.00, real=0.00 secs] 
178.513: Total time for which application threads were stopped: 0.0026760 seconds, Stopping threads took: 0.0001410 seconds
178.577: Application time: 0.0642470 seconds
178.577: [GC178.577: [ParNew: 37219K->4158K(37568K), 0.0014300 secs] 207808K->174751K(431300K), 0.0014640 secs] [Times: user=0.01 sys=0.00, real=0.00 secs] 
178.579: Total time for which application threads were stopped: 0.0015910 seconds, Stopping threads took: 0.0000640 seconds
178.637: Application time: 0.0578240 seconds
178.640: [GC178.640: [ParNew: 37359K->4158K(37568K), 0.0017570 secs] 207953K->175912K(431300K), 0.0017920 secs] [Times: user=0.01 sys=0.00, real=0.00 secs] 
178.642: Total time for which application threads were stopped: 0.0056110 seconds, Stopping threads took: 0.0037540 seconds
178.703: Application time: 0.0606510 seconds
178.703: [GC178.703: [ParNew: 36964K->3157K(37568K), 0.0011920 secs] 208718K->174941K(431300K), 0.0012250 secs] [Times: user=0.01 sys=0.00, real=0.00 secs] 
178.704: Total time for which application threads were stopped: 0.0013460 seconds, Stopping threads took: 0.0000580 seconds
178.758: Application time: 0.0541350 seconds
178.758: [GC178.759: [ParNew: 35795K->4140K(37568K), 0.0023220 secs] 207580K->179025K(431300K), 0.0023770 secs] [Times: user=0.02 sys=0.00, real=0.00 secs] 
178.761: Total time for which application threads were stopped: 0.0025380 seconds, Stopping threads took: 0.0000910 seconds
178.823: Application time: 0.0624920 seconds
178.823: [GC178.824: [ParNew: 37141K->4114K(37568K), 0.0023760 secs] 212026K->182099K(431300K), 0.0024200 secs] [Times: user=0.02 sys=0.00, real=0.01 secs] 
178.826: Total time for which application threads were stopped: 0.0025620 seconds, Stopping threads took: 0.0000640 seconds
178.885: Application time: 0.0590580 seconds
178.885: [GC178.885: [ParNew: 36986K->4111K(37568K), 0.0020470 secs] 214971K->184144K(431300K), 0.0020930 secs] [Times: user=0.01 sys=0.00, real=0.00 secs] 
178.887: Total time for which application threads were stopped: 0.0022320 seconds, Stopping threads took: 0.0000670 seconds
178.948: Application time: 0.0606110 seconds
178.948: [GC178.948: [ParNew: 36910K->4129K(37568K), 0.0015790 secs] 216944K->184162K(431300K), 0.0016220 secs] [Times: user=0.01 sys=0.00, real=0.00 secs] 
178.950: Total time for which application threads were stopped: 0.0017920 seconds, Stopping threads took: 0.0000990 seconds
179.010: Application time: 0.0599720 seconds
179.010: [GC179.010: [ParNew: 36744K->4132K(37568K), 0.0014290 secs] 216777K->184165K(431300K), 0.0014620 secs] [Times: user=0.01 sys=0.00, real=0.00 secs] 
179.011: Total time for which application threads were stopped: 0.0015930 seconds, Stopping threads took: 0.0000690 seconds
179.073: Application time: 0.0613910 seconds
179.073: [GC179.073: [ParNew: 36870K->2113K(37568K), 0.0008520 secs] 216903K->182146K(431300K), 0.0008860 secs] [Times: user=0.00 sys=0.00, real=0.00 secs] 
179.074: Total time for which application threads were stopped: 0.0010260 seconds, Stopping threads took: 0.0000820 seconds
179.129: Application time: 0.0555860 seconds
179.129: [GC179.129: [ParNew: 35512K->4119K(37568K), 0.0017260 secs] 215546K->185176K(431300K), 0.0017650 secs] [Times: user=0.02 sys=0.00, real=0.00 secs] 
179.131: Total time for which application threads were stopped: 0.0018970 seconds, Stopping threads took: 0.0000680 seconds
179.187: Application time: 0.0554070 seconds
179.187: [GC179.187: [ParNew: 36850K->4110K(37568K), 0.0024270 secs] 217907K->188239K(431300K), 0.0024700 secs] [Times: user=0.02 sys=0.00, real=0.00 secs] 
179.189: Total time for which application threads were stopped: 0.0026820 seconds, Stopping threads took: 0.0001420 seconds
179.252: Application time: 0.0629260 seconds
179.256: [GC179.256: [ParNew: 37116K->4158K(37568K), 0.0018680 secs] 221245K->189328K(431300K), 0.0019080 secs] [Times: user=0.02 sys=0.00, real=0.01 secs] 
179.258: Total time for which application threads were stopped: 0.0057800 seconds, Stopping threads took: 0.0038110 seconds
179.315: Application time: 0.0572580 seconds
179.315: [GC179.315: [ParNew: 37217K->4158K(37568K), 0.0017670 secs] 222387K->190464K(431300K), 0.0018070 secs] [Times: user=0.02 sys=0.00, real=0.01 secs] 
179.317: Total time for which application threads were stopped: 0.0019480 seconds, Stopping threads took: 0.0000730 seconds
179.378: Application time: 0.0609010 seconds
179.378: [GC179.378: [ParNew: 37064K->4158K(37568K), 0.0017630 secs] 223370K->191534K(431300K), 0.0018010 secs] [Times: user=0.02 sys=0.00, real=0.00 secs] 
179.380: Total time for which application threads were stopped: 0.0019620 seconds, Stopping threads took: 0.0000900 seconds
179.439: Application time: 0.0588050 seconds
179.439: [GC179.439: [ParNew: 37037K->4149K(37568K), 0.0019580 secs] 224413K->193602K(431300K), 0.0019980 secs] [Times: user=0.02 sys=0.00, real=0.00 secs] 
179.441: Total time for which application threads were stopped: 0.0021460 seconds, Stopping threads took: 0.0000860 seconds
179.499: Application time: 0.0584850 seconds
179.500: [GC179.500: [ParNew: 37001K->4112K(37568K), 0.0022910 secs] 226454K->196665K(431300K), 0.0023360 secs] [Times: user=0.01 sys=0.00, real=0.00 secs] 
179.502: Total time for which application threads were stopped: 0.0025240 seconds, Stopping threads took: 0.0001110 seconds
179.564: Application time: 0.0620360 seconds
179.564: [GC179.564: [ParNew: 37050K->4113K(37568K), 0.0019980 secs] 229604K->198715K(431300K), 0.0020390 secs] [Times: user=0.01 sys=0.00, real=0.01 secs] 
179.566: Total time for which application threads were stopped: 0.0021810 seconds, Stopping threads took: 0.0000730 seconds
179.628: Application time: 0.0613550 seconds
179.628: [GC179.628: [ParNew: 36950K->4150K(37568K), 0.0016430 secs] 231552K->199776K(431300K), 0.0016810 secs] [Times: user=0.02 sys=0.00, real=0.00 secs] 
179.629: Total time for which application threads were stopped: 0.0018190 seconds, Stopping threads took: 0.0000740 seconds
179.685: Application time: 0.0557740 seconds
179.685: [GC179.685: [ParNew: 37549K->4117K(37568K), 0.0018490 secs] 233175K->200767K(431300K), 0.0018880 secs] [Times: user=0.01 sys=0.00, real=0.00 secs] 
179.687: Total time for which application threads were stopped: 0.0020320 seconds, Stopping threads took: 0.0000760 seconds
179.750: Application time: 0.0633070 seconds
179.751: [GC179.751: [ParNew: 37028K->4112K(37568K), 0.0016810 secs] 233678K->201786K(431300K), 0.0017210 secs] [Times: user=0.01 sys=0.00, real=0.00 secs] 
179.752: Total time for which application threads were stopped: 0.0018680 seconds, Stopping threads took: 0.0000820 seconds
179.809: Application time: 0.0564670 seconds
179.812: [GC179.813: [ParNew: 36744K->4115K(37568K), 0.0018510 secs] 234418K->202812K(431300K), 0.0018950 secs] [Times: user=0.01 sys=0.00, real=0.00 secs] 
179.814: Total time for which application threads were stopped: 0.0055920 seconds, Stopping threads took: 0.0036140 seconds
179.875: Application time: 0.0607930 seconds
179.875: [GC179.875: [ParNew: 36772K->4117K(37568K), 0.0017410 secs] 235470K->203839K(431300K), 0.0017830 secs] [Times: user=0.01 sys=0.00, real=0.01 secs] 
179.877: Total time for which application threads were stopped: 0.0019100 seconds, Stopping threads took: 0.0000590 seconds
179.935: Application time: 0.0577620 seconds
179.935: [GC179.935: [ParNew: 36918K->4142K(37568K), 0.0017560 secs] 236639K->204888K(431300K), 0.0017970 secs] [Times: user=0.02 sys=0.00, real=0.01 secs] 
179.937: Total time for which application threads were stopped: 0.0019440 seconds, Stopping threads took: 0.0000710 seconds
179.997: Application time: 0.0599970 seconds
179.997: [GC179.997: [ParNew: 37376K->4158K(37568K), 0.0016850 secs] 238122K->206060K(431300K), 0.0017240 secs] [Times: user=0.02 sys=0.00, real=0.00 secs] 
179.999: Total time for which application threads were stopped: 0.0018450 seconds, Stopping threads took: 0.0000540 seconds
180.056: Application time: 0.0577020 seconds
180.057: [GC180.057: [ParNew: 36974K->4144K(37568K), 0.0019800 secs] 238876K->208133K(431300K), 0.0020200 secs] [Times: user=0.01 sys=0.00, real=0.00 secs] 
180.059: Total time for which application threads were stopped: 0.0021870 seconds, Stopping threads took: 0.0001000 seconds
180.120: Application time: 0.0610670 seconds
180.120: [GC180.120: [ParNew: 37175K->4154K(37568K), 0.0018160 secs] 241164K->210220K(431300K), 0.0018530 secs] [Times: user=0.01 sys=0.00, real=0.00 secs] 
180.122: Total time for which application threads were stopped: 0.0019980 seconds, Stopping threads took: 0.0000840 seconds
180.177: Application time: 0.0556910 seconds
180.177: [GC180.177: [ParNew: 36723K->4129K(37568K), 0.0020060 secs] 242788K->212271K(431300K), 0.0020480 secs] [Times: user=0.02 sys=0.00, real=0.00 secs] 
180.180: Total time for which application threads were stopped: 0.0021950 seconds, Stopping threads took: 0.0000790 seconds
180.242: Application time: 0.0620080 seconds
180.242: [GC180.242: [ParNew: 37027K->4131K(37568K), 0.0017870 secs] 245169K->213297K(431300K), 0.0018260 secs] [Times: user=0.02 sys=0.00, real=0.00 secs] 
180.243: Total time for which application threads were stopped: 0.0019570 seconds, Stopping threads took: 0.0000630 seconds
180.302: Application time: 0.0580560 seconds
180.302: [GC180.302: [ParNew: 36726K->4119K(37568K), 0.0017790 secs] 245892K->214309K(431300K), 0.0018290 secs] [Times: user=0.01 sys=0.00, real=0.00 secs] 
180.304: Total time for which application threads were stopped: 0.0019710 seconds, Stopping threads took: 0.0000730 seconds
180.362: Application time: 0.0588970 seconds
180.363: [GC180.363: [ParNew: 36843K->4130K(37568K), 0.0021540 secs] 247033K->216368K(431300K), 0.0021960 secs] [Times: user=0.02 sys=0.00, real=0.01 secs] 
180.365: Total time for which application threads were stopped: 0.0023390 seconds, Stopping threads took: 0.0000750 seconds
180.427: Application time: 0.0626540 seconds
180.428: [GC180.428: [ParNew: 37022K->4121K(37568K), 0.0016200 secs] 249261K->217384K(431300K), 0.0016620 secs] [Times: user=0.01 sys=0.00, real=0.00 secs] 
180.429: Total time for which application threads were stopped: 0.0018210 seconds, Stopping threads took: 0.0000930 seconds
180.484: Application time: 0.0548550 seconds
180.484: [GC180.484: [ParNew: 37440K->4116K(37568K), 0.0020380 secs] 250702K->219426K(431300K), 0.0020780 secs] [Times: user=0.01 sys=0.01, real=0.01 secs] 
180.486: Total time for which application threads were stopped: 0.0022200 seconds, Stopping threads took: 0.0000700 seconds
180.546: Application time: 0.0599400 seconds
180.546: [GC180.546: [ParNew: 37026K->4116K(37568K), 0.0022720 secs] 252337K->222499K(431300K), 0.0023140 secs] [Times: user=0.02 sys=0.00, real=0.00 secs] 
180.549: Total time for which application threads were stopped: 0.0024470 seconds, Stopping threads took: 0.0000650 seconds
180.607: Application time: 0.0579620 seconds
180.608: [GC180.608: [ParNew: 37062K->4140K(37568K), 0.0019720 secs] 255444K->224570K(431300K), 0.0020110 secs] [Times: user=0.01 sys=0.00, real=0.00 secs] 
180.610: Total time for which application threads were stopped: 0.0037570 seconds, Stopping threads took: 0.0016800 seconds
180.672: Application time: 0.0614430 seconds
180.672: [GC180.672: [ParNew: 36528K->4159K(37568K), 0.0017340 secs] 256958K->225755K(431300K), 0.0017770 secs] [Times: user=0.02 sys=0.00, real=0.00 secs] 
180.674: Total time for which application threads were stopped: 0.0019290 seconds, Stopping threads took: 0.0000860 seconds
180.735: Application time: 0.0614260 seconds
180.735: [GC180.735: [ParNew: 37098K->4158K(37568K), 0.0016920 secs] 258694K->226808K(431300K), 0.0017310 secs] [Times: user=0.01 sys=0.00, real=0.01 secs] 
180.737: Total time for which application threads were stopped: 0.0018900 seconds, Stopping threads took: 0.0000950 seconds
180.794: Application time: 0.0565330 seconds
180.794: [GC180.794: [ParNew: 36728K->4146K(37568K), 0.0016740 secs] 259378K->227848K(431300K), 0.0017150 secs] [Times: user=0.01 sys=0.00, real=0.00 secs] 
180.796: Total time for which application threads were stopped: 0.0018720 seconds, Stopping threads took: 0.0000880 seconds
180.856: Application time: 0.0601480 seconds
180.856: [GC180.856: [ParNew: 36989K->4118K(37568K), 0.0018770 secs] 260692K->229897K(431300K), 0.0019160 secs] [Times: user=0.02 sys=0.00, real=0.01 secs] 
180.858: Total time for which application threads were stopped: 0.0020710 seconds, Stopping threads took: 0.0000880 seconds
180.916: Application time: 0.0577700 seconds
180.916: [GC180.916: [ParNew: 36839K->4146K(37568K), 0.0017850 secs] 262618K->230949K(431300K), 0.0018230 secs] [Times: user=0.01 sys=0.00, real=0.01 secs] 
180.917: Total time for which application threads were stopped: 0.0019480 seconds, Stopping threads took: 0.0000600 seconds
180.976: Application time: 0.0587390 seconds
180.976: [GC180.976: [ParNew: 36782K->4132K(37568K), 0.0016990 secs] 263585K->231959K(431300K), 0.0017390 secs] [Times: user=0.01 sys=0.00, real=0.00 secs] 
180.978: Total time for which application threads were stopped: 0.0018970 seconds, Stopping threads took: 0.0000890 seconds
181.040: Application time: 0.0616050 seconds
181.040: [GC181.040: [ParNew: 36931K->4131K(37568K), 0.0014410 secs] 264758K->231958K(431300K), 0.0014780 secs] [Times: user=0.01 sys=0.00, real=0.00 secs] 
181.041: Total time for which application threads were stopped: 0.0016220 seconds, Stopping threads took: 0.0000670 seconds
181.100: Application time: 0.0584420 seconds
181.100: [GC181.100: [ParNew: 37539K->4112K(37568K), 0.0015770 secs] 265366K->232964K(431300K), 0.0016230 secs] [Times: user=0.01 sys=0.00, real=0.00 secs] 
181.102: Total time for which application threads were stopped: 0.0017520 seconds, Stopping threads took: 0.0000640 seconds
181.157: Application time: 0.0559500 seconds
181.158: [GC181.158: [ParNew: 36774K->4114K(37568K), 0.0022120 secs] 265625K->236037K(431300K), 0.0022550 secs] [Times: user=0.01 sys=0.00, real=0.00 secs] 
181.160: Total time for which application threads were stopped: 0.0023850 seconds, Stopping threads took: 0.0000630 seconds
181.216: Application time: 0.0562120 seconds
181.216: [GC181.216: [ParNew: 36965K->4112K(37568K), 0.0023240 secs] 268888K->239107K(431300K), 0.0023650 secs] [Times: user=0.02 sys=0.01, real=0.01 secs] 
181.219: Total time for which application threads were stopped: 0.0025030 seconds, Stopping threads took: 0.0000690 seconds
181.281: Application time: 0.0626020 seconds
181.281: [GC181.281: [ParNew: 37190K->4158K(37568K), 0.0019790 secs] 272185K->241201K(431300K), 0.0020160 secs] [Times: user=0.01 sys=0.00, real=0.00 secs] 
181.283: Total time for which application threads were stopped: 0.0022380 seconds, Stopping threads took: 0.0001550 seconds
181.345: Application time: 0.0620220 seconds
181.346: [GC181.346: [ParNew: 36573K->4159K(37568K), 0.0017930 secs] 273616K->242383K(431300K), 0.0018330 secs] [Times: user=0.01 sys=0.00, real=0.00 secs] 
181.347: Total time for which application threads were stopped: 0.0019790 seconds, Stopping threads took: 0.0000770 seconds
181.404: Application time: 0.0568420 seconds
181.404: [GC181.404: [ParNew: 36668K->3141K(37568K), 0.0011500 secs] 274892K->241380K(431300K), 0.0011850 secs] [Times: user=0.00 sys=0.00, real=0.00 secs] 
181.406: Total time for which application threads were stopped: 0.0013300 seconds, Stopping threads took: 0.0000820 seconds
181.466: Application time: 0.0607240 seconds
181.466: [GC181.466: [ParNew: 36051K->4151K(37568K), 0.0015660 secs] 274289K->243441K(431300K), 0.0016010 secs] [Times: user=0.01 sys=0.00, real=0.00 secs] 
181.468: Total time for which application threads were stopped: 0.0017240 seconds, Stopping threads took: 0.0000610 seconds
181.527: Application time: 0.0585760 seconds
181.527: [GC181.527: [ParNew: 36963K->4116K(37568K), 0.0022690 secs] 276254K->246507K(431300K), 0.0023090 secs] [Times: user=0.02 sys=0.00, real=0.00 secs] 
181.529: Total time for which application threads were stopped: 0.0024640 seconds, Stopping threads took: 0.0000920 seconds
181.587: Application time: 0.0580630 seconds
181.587: [GC181.587: [ParNew: 36856K->4130K(37568K), 0.0020940 secs] 279248K->248569K(431300K), 0.0021340 secs] [Times: user=0.01 sys=0.00, real=0.00 secs] 
181.589: Total time for which application threads were stopped: 0.0022970 seconds, Stopping threads took: 0.0000870 seconds
181.651: Application time: 0.0612260 seconds
181.651: [GC181.651: [ParNew: 36903K->3128K(37568K), 0.0011780 secs] 281343K->247568K(431300K), 0.0012120 secs] [Times: user=0.01 sys=0.00, real=0.00 secs] 
181.652: Total time for which application threads were stopped: 0.0013720 seconds, Stopping threads took: 0.0000970 seconds
181.712: Application time: 0.0599170 seconds
181.712: [GC181.712: [ParNew: 35566K->3113K(37568K), 0.0010680 secs] 280005K->247552K(431300K), 0.0011020 secs] [Times: user=0.00 sys=0.01, real=0.00 secs] 
181.713: Total time for which application threads were stopped: 0.0012530 seconds, Stopping threads took: 0.0000960 seconds
181.770: Application time: 0.0563390 seconds
181.770: [GC181.770: [ParNew: 35586K->4113K(37568K), 0.0018440 secs] 280025K->250600K(431300K), 0.0018840 secs] [Times: user=0.02 sys=0.00, real=0.00 secs] 
181.772: Total time for which application threads were stopped: 0.0019990 seconds, Stopping threads took: 0.0000550 seconds
181.824: Application time: 0.0528900 seconds
181.825: [GC181.825: [ParNew: 36866K->4114K(37568K), 0.0023980 secs] 283353K->253673K(431300K), 0.0024380 secs] [Times: user=0.01 sys=0.00, real=0.00 secs] 
181.827: Total time for which application threads were stopped: 0.0025910 seconds, Stopping threads took: 0.0000860 seconds
181.890: Application time: 0.0631010 seconds
181.890: [GC181.890: [ParNew: 37055K->4114K(37568K), 0.0022970 secs] 286614K->256745K(431300K), 0.0023400 secs] [Times: user=0.02 sys=0.00, real=0.00 secs] 
181.893: Total time for which application threads were stopped: 0.0025030 seconds, Stopping threads took: 0.0000980 seconds
181.954: Application time: 0.0613110 seconds
181.954: [GC181.954: [ParNew: 37177K->4158K(37568K), 0.0019950 secs] 289809K->258837K(431300K), 0.0020370 secs] [Times: user=0.02 sys=0.00, real=0.00 secs] 
181.956: Total time for which application threads were stopped: 0.0021740 seconds, Stopping threads took: 0.0000660 seconds
182.015: Application time: 0.0590120 seconds
182.015: [GC182.015: [ParNew: 37267K->4158K(37568K), 0.0014560 secs] 291946K->259008K(431300K), 0.0014910 secs] [Times: user=0.01 sys=0.00, real=0.01 secs] 
182.017: Total time for which application threads were stopped: 0.0017070 seconds, Stopping threads took: 0.0001560 seconds
182.077: Application time: 0.0601840 seconds
182.077: [GC182.077: [ParNew: 37125K->4152K(37568K), 0.0021180 secs] 291975K->261053K(431300K), 0.0021610 secs] [Times: user=0.01 sys=0.00, real=0.00 secs] 
182.079: Total time for which application threads were stopped: 0.0023080 seconds, Stopping threads took: 0.0000810 seconds
182.139: Application time: 0.0592800 seconds
182.139: [GC182.139: [ParNew: 37013K->4142K(37568K), 0.0020550 secs] 293914K->263119K(431300K), 0.0020920 secs] [Times: user=0.01 sys=0.00, real=0.00 secs] 
182.141: Total time for which application threads were stopped: 0.0022920 seconds, Stopping threads took: 0.0001230 seconds
182.202: Application time: 0.0606970 seconds
182.202: [GC182.202: [ParNew: 36956K->4116K(37568K), 0.0019720 secs] 295933K->265169K(431300K), 0.0020130 secs] [Times: user=0.02 sys=0.00, real=0.00 secs] 
182.204: Total time for which application threads were stopped: 0.0021450 seconds, Stopping threads took: 0.0000660 seconds
182.265: Application time: 0.0615450 seconds
182.265: [GC182.265: [ParNew: 36981K->4147K(37568K), 0.0015520 secs] 298035K->265201K(431300K), 0.0015860 secs] [Times: user=0.01 sys=0.00, real=0.00 secs] 
182.267: Total time for which application threads were stopped: 0.0017040 seconds, Stopping threads took: 0.0000570 seconds
182.327: Application time: 0.0601110 seconds
182.327: [GC182.327: [ParNew: 36711K->4154K(37568K), 0.0014340 secs] 297764K->265207K(431300K), 0.0014700 secs] [Times: user=0.01 sys=0.00, real=0.00 secs] 
182.329: Total time for which application threads were stopped: 0.0016120 seconds, Stopping threads took: 0.0000790 seconds
182.388: Application time: 0.0589340 seconds
182.388: [GC182.388: [ParNew: 37562K->3115K(37568K), 0.0011990 secs] 298615K->264168K(431300K), 0.0012350 secs] [Times: user=0.01 sys=0.00, real=0.00 secs] 
182.389: Total time for which application threads were stopped: 0.0013560 seconds, Stopping threads took: 0.0000570 seconds
182.444: Application time: 0.0545480 seconds
182.444: [GC182.444: [ParNew: 36523K->4119K(37568K), 0.0020440 secs] 297576K->267220K(431300K), 0.0020830 secs] [Times: user=0.01 sys=0.00, real=0.01 secs] 
182.446: Total time for which application threads were stopped: 0.0022120 seconds, Stopping threads took: 0.0000630 seconds
182.504: Application time: 0.0576920 seconds
182.504: [GC182.504: [ParNew: 36862K->4115K(37568K), 0.0020050 secs] 299964K->269264K(431300K), 0.0020430 secs] [Times: user=0.01 sys=0.00, real=0.01 secs] 
182.506: Total time for which application threads were stopped: 0.0022090 seconds, Stopping threads took: 0.0001010 seconds
182.565: Application time: 0.0592420 seconds
182.565: [GC182.565: [ParNew: 36977K->4112K(37568K), 0.0022900 secs] 302127K->272333K(431300K), 0.0023290 secs] [Times: user=0.01 sys=0.00, real=0.00 secs] 
182.567: Total time for which application threads were stopped: 0.0024520 seconds, Stopping threads took: 0.0000620 seconds
182.627: Application time: 0.0590670 seconds
182.627: [GC182.627: [ParNew: 37147K->4140K(37568K), 0.0022890 secs] 305369K->275433K(431300K), 0.0023400 secs] [Times: user=0.01 sys=0.00, real=0.00 secs] 
182.629: Total time for which application threads were stopped: 0.0024830 seconds, Stopping threads took: 0.0000750 seconds
182.629: Application time: 0.0000540 seconds
182.629: [GC [1 CMS-initial-mark: 271293K(393732K)] 276457K(431300K), 0.0001160 secs] [Times: user=0.00 sys=0.00, real=0.00 secs] 
182.629: Total time for which application threads were stopped: 0.0003050 seconds, Stopping threads took: 0.0001670 seconds
182.629: [CMS-concurrent-mark-start]
182.633: [CMS-concurrent-mark: 0.004/0.004 secs] [Times: user=0.02 sys=0.00, real=0.00 secs] 
182.633: [CMS-concurrent-preclean-start]
182.634: [CMS-concurrent-preclean: 0.001/0.001 secs] [Times: user=0.00 sys=0.00, real=0.00 secs] 
182.634: Application time: 0.0045230 seconds
182.634: [GC[YG occupancy: 5203 K (37568 K)]182.634: [Rescan (parallel) , 0.0002360 secs]182.634: [weak refs processing, 0.0000060 secs]182.634: [scrub string table, 0.0001080 secs] [1 CMS-remark: 271293K(393732K)] 276496K(431300K), 0.0003720 secs] [Times: user=0.00 sys=0.00, real=0.00 secs] 
182.634: Total time for which application threads were stopped: 0.0004550 seconds, Stopping threads took: 0.0000590 seconds
182.634: [CMS-concurrent-sweep-start]
182.636: [CMS-concurrent-sweep: 0.001/0.001 secs] [Times: user=0.00 sys=0.00, real=0.00 secs] 
182.636: [CMS-concurrent-reset-start]
182.638: [CMS-concurrent-reset: 0.002/0.002 secs] [Times: user=0.02 sys=0.00, real=0.01 secs] 
182.694: Application time: 0.0598840 seconds
182.694: [GC182.694: [ParNew: 37548K->4152K(37568K), 0.0024020 secs] 44234K->14011K(431300K), 0.0024470 secs] [Times: user=0.02 sys=0.00, real=0.01 secs] 
182.697: Total time for which application threads were stopped: 0.0025940 seconds, Stopping threads took: 0.0000660 seconds
182.756: Application time: 0.0594420 seconds
182.756: [GC182.756: [ParNew: 37146K->4154K(37568K), 0.0019670 secs] 47005K->16119K(431300K), 0.0020100 secs] [Times: user=0.01 sys=0.00, real=0.00 secs] 
182.758: Total time for which application threads were stopped: 0.0021480 seconds, Stopping threads took: 0.0000690 seconds
182.820: Application time: 0.0619760 seconds
182.821: [GC182.821: [ParNew: 37175K->4158K(37568K), 0.0017870 secs] 49140K->17188K(431300K), 0.0018260 secs] [Times: user=0.01 sys=0.00, real=0.00 secs] 
182.822: Total time for which application threads were stopped: 0.0019560 seconds, Stopping threads took: 0.0000640 seconds
182.881: Application time: 0.0589400 seconds
182.881: [GC182.881: [ParNew: 36852K->4132K(37568K), 0.0021300 secs] 49882K->19238K(431300K), 0.0021730 secs] [Times: user=0.02 sys=0.00, real=0.00 secs] 
182.884: Total time for which application threads were stopped: 0.0023110 seconds, Stopping threads took: 0.0000710 seconds
182.945: Application time: 0.0609280 seconds
182.945: [GC182.945: [ParNew: 36957K->4118K(37568K), 0.0017630 secs] 52063K->20248K(431300K), 0.0018050 secs] [Times: user=0.02 sys=0.00, real=0.00 secs] 
182.946: Total time for which application threads were stopped: 0.0019320 seconds, Stopping threads took: 0.0000590 seconds
183.008: Application time: 0.0612560 seconds
183.008: [GC183.008: [ParNew: 36882K->4158K(37568K), 0.0014240 secs] 53013K->20294K(431300K), 0.0014630 secs] [Times: user=0.01 sys=0.00, real=0.00 secs] 
183.009: Total time for which application threads were stopped: 0.0016190 seconds, Stopping threads took: 0.0000900 seconds
183.068: Application time: 0.0587360 seconds
183.068: [GC183.068: [ParNew: 37566K->3149K(37568K), 0.0010730 secs] 53702K->19285K(431300K), 0.0011060 secs] [Times: user=0.00 sys=0.00, real=0.00 secs] 
183.069: Total time for which application threads were stopped: 0.0012430 seconds, Stopping threads took: 0.0000830 seconds
183.125: Application time: 0.0558190 seconds
183.125: [GC183.125: [ParNew: 36489K->4113K(37568K), 0.0019340 secs] 52626K->22298K(431300K), 0.0019710 secs] [Times: user=0.01 sys=0.00, real=0.00 secs] 
183.127: Total time for which application threads were stopped: 0.0021240 seconds, Stopping threads took: 0.0000820 seconds
183.186: Application time: 0.0591890 seconds
183.187: [GC183.187: [ParNew: 36969K->4110K(37568K), 0.0023040 secs] 55154K->25367K(431300K), 0.0023470 secs] [Times: user=0.02 sys=0.00, real=0.00 secs] 
183.189: Total time for which application threads were stopped: 0.0024730 seconds, Stopping threads took: 0.0000590 seconds
183.244: Application time: 0.0551500 seconds
183.244: [GC183.244: [ParNew: 36777K->4113K(37568K), 0.0020230 secs] 58033K->27418K(431300K), 0.0020650 secs] [Times: user=0.01 sys=0.00, real=0.01 secs] 
183.246: Total time for which application threads were stopped: 0.0022240 seconds, Stopping threads took: 0.0000840 seconds
183.311: Application time: 0.0642610 seconds
183.311: [GC183.311: [ParNew: 37158K->4145K(37568K), 0.0017000 secs] 60463K->28474K(431300K), 0.0017360 secs] [Times: user=0.00 sys=0.00, real=0.00 secs] 
183.312: Total time for which application threads were stopped: 0.0018570 seconds, Stopping threads took: 0.0000570 seconds
183.370: Application time: 0.0573380 seconds
183.370: [GC183.370: [ParNew: 37249K->4159K(37568K), 0.0021050 secs] 61578K->30637K(431300K), 0.0021450 secs] [Times: user=0.02 sys=0.00, real=0.00 secs] 
183.372: Total time for which application threads were stopped: 0.0022680 seconds, Stopping threads took: 0.0000580 seconds
183.432: Application time: 0.0600610 seconds
183.432: [GC183.432: [ParNew: 37282K->4159K(37568K), 0.0023490 secs] 63760K->33767K(431300K), 0.0023900 secs] [Times: user=0.01 sys=0.01, real=0.00 secs] 
183.435: Total time for which application threads were stopped: 0.0025310 seconds, Stopping threads took: 0.0000720 seconds
183.493: Application time: 0.0587110 seconds
183.494: [GC183.494: [ParNew: 37175K->4140K(37568K), 0.0024240 secs] 66783K->36861K(431300K), 0.0024680 secs] [Times: user=0.02 sys=0.00, real=0.00 secs] 
183.496: Total time for which application threads were stopped: 0.0026200 seconds, Stopping threads took: 0.0000830 seconds
183.559: Application time: 0.0626660 seconds
183.559: [GC183.559: [ParNew: 37087K->4115K(37568K), 0.0017510 secs] 69808K->37889K(431300K), 0.0017910 secs] [Times: user=0.01 sys=0.00, real=0.00 secs] 
183.561: Total time for which application threads were stopped: 0.0019270 seconds, Stopping threads took: 0.0000680 seconds
183.618: Application time: 0.0578280 seconds
183.619: [GC183.619: [ParNew: 36671K->4122K(37568K), 0.0017020 secs] 70445K->38919K(431300K), 0.0017400 secs] [Times: user=0.01 sys=0.00, real=0.00 secs] 
183.621: Total time for which application threads were stopped: 0.0024270 seconds, Stopping threads took: 0.0006220 seconds
183.682: Application time: 0.0607370 seconds
183.682: [GC183.682: [ParNew: 36785K->3118K(37568K), 0.0011060 secs] 71583K->37915K(431300K), 0.0011380 secs] [Times: user=0.00 sys=0.00, real=0.00 secs] 
183.683: Total time for which application threads were stopped: 0.0012830 seconds, Stopping threads took: 0.0000850 seconds
183.743: Application time: 0.0603550 seconds
183.744: [GC183.744: [ParNew: 35834K->4133K(37568K), 0.0016540 secs] 70631K->39955K(431300K), 0.0016950 secs] [Times: user=0.02 sys=0.00, real=0.00 secs] 
183.746: Total time for which application threads were stopped: 0.0028890 seconds, Stopping threads took: 0.0011210 seconds
183.803: Application time: 0.0565800 seconds
183.803: [GC183.803: [ParNew: 37541K->4118K(37568K), 0.0014240 secs] 73363K->39940K(431300K), 0.0014720 secs] [Times: user=0.01 sys=0.00, real=0.01 secs] 
183.804: Total time for which application threads were stopped: 0.0016210 seconds, Stopping threads took: 0.0000870 seconds
183.863: Application time: 0.0583820 seconds
183.863: [GC183.863: [ParNew: 36799K->4115K(37568K), 0.0019680 secs] 72620K->41984K(431300K), 0.0020070 secs] [Times: user=0.02 sys=0.00, real=0.01 secs] 
183.865: Total time for which application threads were stopped: 0.0021530 seconds, Stopping threads took: 0.0000790 seconds
183.922: Application time: 0.0571800 seconds
183.922: [GC183.922: [ParNew: 36836K->4128K(37568K), 0.0019680 secs] 74706K->44045K(431300K), 0.0020170 secs] [Times: user=0.02 sys=0.00, real=0.00 secs] 
183.924: Total time for which application threads were stopped: 0.0021480 seconds, Stopping threads took: 0.0000670 seconds
183.984: Application time: 0.0598550 seconds
183.984: [GC183.984: [ParNew: 37104K->4147K(37568K), 0.0017540 secs] 77021K->45089K(431300K), 0.0017950 secs] [Times: user=0.01 sys=0.00, real=0.01 secs] 
183.986: Total time for which application threads were stopped: 0.0019530 seconds, Stopping threads took: 0.0000910 seconds
184.048: Application time: 0.0622980 seconds
184.048: [GC184.048: [ParNew: 37523K->4157K(37568K), 0.0016270 secs] 78464K->46239K(431300K), 0.0016650 secs] [Times: user=0.01 sys=0.00, real=0.00 secs] 
184.050: Total time for which application threads were stopped: 0.0018170 seconds, Stopping threads took: 0.0000860 seconds
184.107: Application time: 0.0564190 seconds
184.107: [GC184.107: [ParNew: 37055K->4159K(37568K), 0.0019510 secs] 79137K->48325K(431300K), 0.0019890 secs] [Times: user=0.01 sys=0.00, real=0.00 secs] 
184.109: Total time for which application threads were stopped: 0.0021330 seconds, Stopping threads took: 0.0000810 seconds
184.170: Application time: 0.0615000 seconds
184.170: [GC184.170: [ParNew: 37239K->4143K(37568K), 0.0021710 secs] 81405K->50407K(431300K), 0.0022160 secs] [Times: user=0.01 sys=0.00, real=0.00 secs] 
184.173: Total time for which application threads were stopped: 0.0023470 seconds, Stopping threads took: 0.0000630 seconds
184.234: Application time: 0.0612220 seconds
184.234: [GC184.234: [ParNew: 37023K->4112K(37568K), 0.0020300 secs] 83287K->52452K(431300K), 0.0020740 secs] [Times: user=0.01 sys=0.00, real=0.00 secs] 
184.236: Total time for which application threads were stopped: 0.0022050 seconds, Stopping threads took: 0.0000620 seconds
184.296: Application time: 0.0598700 seconds
184.296: [GC184.296: [ParNew: 36826K->4148K(37568K), 0.0016620 secs] 85167K->53512K(431300K), 0.0016990 secs] [Times: user=0.02 sys=0.00, real=0.01 secs] 
184.298: Total time for which application threads were stopped: 0.0018540 seconds, Stopping threads took: 0.0000780 seconds
184.358: Application time: 0.0607250 seconds
184.359: [GC184.359: [ParNew: 36805K->4132K(37568K), 0.0013910 secs] 86170K->53497K(431300K), 0.0014250 secs] [Times: user=0.01 sys=0.00, real=0.00 secs] 
184.360: Total time for which application threads were stopped: 0.0015640 seconds, Stopping threads took: 0.0000770 seconds
184.421: Application time: 0.0613040 seconds
184.421: [GC184.421: [ParNew: 36876K->2106K(37568K), 0.0010020 secs] 86241K->51471K(431300K), 0.0010290 secs] [Times: user=0.01 sys=0.00, real=0.00 secs] 
184.423: Total time for which application threads were stopped: 0.0012060 seconds, Stopping threads took: 0.0001030 seconds
184.479: Application time: 0.0564390 seconds
184.479: [GC184.479: [ParNew: 35297K->4116K(37568K), 0.0013950 secs] 84661K->53481K(431300K), 0.0014330 secs] [Times: user=0.01 sys=0.00, real=0.00 secs] 
184.481: Total time for which application threads were stopped: 0.0015660 seconds, Stopping threads took: 0.0000700 seconds
184.534: Application time: 0.0537770 seconds
184.534: [GC184.534: [ParNew: 36713K->4136K(37568K), 0.0020970 secs] 86077K->55548K(431300K), 0.0021370 secs] [Times: user=0.01 sys=0.00, real=0.01 secs] 
184.537: Total time for which application threads were stopped: 0.0022690 seconds, Stopping threads took: 0.0000650 seconds
184.593: Application time: 0.0561200 seconds
184.593: [GC184.593: [ParNew: 36794K->4116K(37568K), 0.0020450 secs] 88206K->57576K(431300K), 0.0020810 secs] [Times: user=0.02 sys=0.00, real=0.00 secs] 
184.595: Total time for which application threads were stopped: 0.0022180 seconds, Stopping threads took: 0.0000710 seconds
184.658: Application time: 0.0629070 seconds
184.658: [GC184.658: [ParNew: 37187K->4141K(37568K), 0.0021590 secs] 90647K->60673K(431300K), 0.0021990 secs] [Times: user=0.02 sys=0.00, real=0.00 secs] 
184.660: Total time for which application threads were stopped: 0.0023320 seconds, Stopping threads took: 0.0000670 seconds
184.720: Application time: 0.0597520 seconds
184.720: [GC184.720: [ParNew: 37522K->4154K(37568K), 0.0022710 secs] 94054K->63859K(431300K), 0.0023230 secs] [Times: user=0.02 sys=0.00, real=0.00 secs] 
184.722: Total time for which application threads were stopped: 0.0024530 seconds, Stopping threads took: 0.0000660 seconds
184.782: Application time: 0.0599260 seconds
184.782: [GC184.782: [ParNew: 37238K->4159K(37568K), 0.0021160 secs] 96943K->65982K(431300K), 0.0021560 secs] [Times: user=0.01 sys=0.00, real=0.01 secs] 
184.785: Total time for which application threads were stopped: 0.0022850 seconds, Stopping threads took: 0.0000650 seconds
184.845: Application time: 0.0606360 seconds
184.845: [GC184.845: [ParNew: 37100K->4144K(37568K), 0.0020830 secs] 98923K->68044K(431300K), 0.0021230 secs] [Times: user=0.02 sys=0.00, real=0.00 secs] 
184.848: Total time for which application threads were stopped: 0.0023280 seconds, Stopping threads took: 0.0001300 seconds
184.909: Application time: 0.0611420 seconds
184.909: [GC184.909: [ParNew: 37002K->4118K(37568K), 0.0018620 secs] 100903K->70094K(431300K), 0.0018970 secs] [Times: user=0.02 sys=0.00, real=0.00 secs] 
184.911: Total time for which application threads were stopped: 0.0020130 seconds, Stopping threads took: 0.0000550 seconds
184.972: Application time: 0.0610590 seconds
184.972: [GC184.972: [ParNew: 37014K->4148K(37568K), 0.0017630 secs] 102991K->71148K(431300K), 0.0018030 secs] [Times: user=0.01 sys=0.00, real=0.00 secs] 
184.974: Total time for which application threads were stopped: 0.0019650 seconds, Stopping threads took: 0.0000950 seconds
185.036: Application time: 0.0627550 seconds
185.037: [GC185.037: [ParNew: 37064K->4136K(37568K), 0.0014840 secs] 104065K->71137K(431300K), 0.0015200 secs] [Times: user=0.01 sys=0.00, real=0.00 secs] 
185.038: Total time for which application threads were stopped: 0.0016710 seconds, Stopping threads took: 0.0000850 seconds
185.098: Application time: 0.0595670 seconds
185.098: [GC185.098: [ParNew: 37544K->3145K(37568K), 0.0011970 secs] 104545K->70145K(431300K), 0.0012350 secs] [Times: user=0.01 sys=0.00, real=0.00 secs] 
185.099: Total time for which application threads were stopped: 0.0013580 seconds, Stopping threads took: 0.0000570 seconds
185.158: Application time: 0.0593950 seconds
185.159: [GC185.159: [ParNew: 36503K->3110K(37568K), 0.0011620 secs] 103503K->70110K(431300K), 0.0011930 secs] [Times: user=0.01 sys=0.00, real=0.00 secs] 
185.160: Total time for which application threads were stopped: 0.0013170 seconds, Stopping threads took: 0.0000670 seconds
185.214: Application time: 0.0541720 seconds
185.214: [GC185.214: [ParNew: 36518K->4130K(37568K), 0.0018850 secs] 103518K->73179K(431300K), 0.0019190 secs] [Times: user=0.01 sys=0.00, real=0.00 secs] 
185.216: Total time for which application threads were stopped: 0.0020380 seconds, Stopping threads took: 0.0000550 seconds
185.274: Application time: 0.0582740 seconds
185.274: [GC185.274: [ParNew: 36931K->4115K(37568K), 0.0017470 secs] 105979K->74187K(431300K), 0.0017840 secs] [Times: user=0.01 sys=0.00, real=0.00 secs] 
185.276: Total time for which application threads were stopped: 0.0019600 seconds, Stopping threads took: 0.0001130 seconds
185.337: Application time: 0.0603470 seconds
185.337: [GC185.337: [ParNew: 37079K->4142K(37568K), 0.0020880 secs] 107152K->77287K(431300K), 0.0021280 secs] [Times: user=0.01 sys=0.00, real=0.00 secs] 
185.339: Total time for which application threads were stopped: 0.0022570 seconds, Stopping threads took: 0.0000650 seconds
185.396: Application time: 0.0572730 seconds
185.396: [GC185.396: [ParNew: 37502K->4158K(37568K), 0.0023670 secs] 110647K->80471K(431300K), 0.0024070 secs] [Times: user=0.02 sys=0.00, real=0.01 secs] 
185.399: Total time for which application threads were stopped: 0.0025730 seconds, Stopping threads took: 0.0000910 seconds
185.461: Application time: 0.0622960 seconds
185.461: [GC185.461: [ParNew: 37351K->4154K(37568K), 0.0022530 secs] 113664K->83601K(431300K), 0.0023060 secs] [Times: user=0.02 sys=0.00, real=0.00 secs] 
185.464: Total time for which application threads were stopped: 0.0025110 seconds, Stopping threads took: 0.0001350 seconds
185.521: Application time: 0.0578380 seconds
185.521: [GC185.522: [ParNew: 37077K->4158K(37568K), 0.0022560 secs] 116524K->85694K(431300K), 0.0022960 secs] [Times: user=0.01 sys=0.00, real=0.00 secs] 
185.524: Total time for which application threads were stopped: 0.0024560 seconds, Stopping threads took: 0.0000930 seconds
185.585: Application time: 0.0615850 seconds
185.586: [GC185.586: [ParNew: 37073K->4130K(37568K), 0.0021500 secs] 118609K->87743K(431300K), 0.0021880 secs] [Times: user=0.01 sys=0.00, real=0.00 secs] 
185.588: Total time for which application threads were stopped: 0.0024160 seconds, Stopping threads took: 0.0001630 seconds
185.651: Application time: 0.0632810 seconds
185.651: [GC185.651: [ParNew: 37070K->4116K(37568K), 0.0019830 secs] 120683K->89777K(431300K), 0.0020260 secs] [Times: user=0.01 sys=0.00, real=0.00 secs] 
185.653: Total time for which application threads were stopped: 0.0021770 seconds, Stopping threads took: 0.0000800 seconds
185.713: Application time: 0.0599440 seconds
185.713: [GC185.713: [ParNew: 36871K->4133K(37568K), 0.0014840 secs] 122532K->89794K(431300K), 0.0015230 secs] [Times: user=0.01 sys=0.00, real=0.00 secs] 
185.715: Total time for which application threads were stopped: 0.0017260 seconds, Stopping threads took: 0.0001350 seconds
185.777: Application time: 0.0625200 seconds
185.778: [GC185.778: [ParNew: 36913K->3140K(37568K), 0.0012670 secs] 122574K->88801K(431300K), 0.0013010 secs] [Times: user=0.01 sys=0.00, real=0.00 secs] 
185.779: Total time for which application threads were stopped: 0.0014270 seconds, Stopping threads took: 0.0000660 seconds
185.833: Application time: 0.0539880 seconds
185.833: [GC185.833: [ParNew: 35933K->4116K(37568K), 0.0020160 secs] 121594K->91825K(431300K), 0.0020580 secs] [Times: user=0.02 sys=0.00, real=0.00 secs] 
185.835: Total time for which application threads were stopped: 0.0021830 seconds, Stopping threads took: 0.0000590 seconds
185.892: Application time: 0.0565770 seconds
185.892: [GC185.892: [ParNew: 36776K->4120K(37568K), 0.0018330 secs] 124485K->93877K(431300K), 0.0018730 secs] [Times: user=0.01 sys=0.00, real=0.00 secs] 
185.894: Total time for which application threads were stopped: 0.0019950 seconds, Stopping threads took: 0.0000560 seconds
185.949: Application time: 0.0557000 seconds
185.950: [GC185.950: [ParNew: 36721K->4115K(37568K), 0.0019990 secs] 126479K->95920K(431300K), 0.0020370 secs] [Times: user=0.01 sys=0.00, real=0.00 secs] 
185.952: Total time for which application threads were stopped: 0.0022320 seconds, Stopping threads took: 0.0001220 seconds
186.013: Application time: 0.0617290 seconds
186.013: [GC186.013: [ParNew: 37155K->4142K(37568K), 0.0019350 secs] 128960K->97995K(431300K), 0.0019720 secs] [Times: user=0.01 sys=0.00, real=0.00 secs] 
186.015: Total time for which application threads were stopped: 0.0020990 seconds, Stopping threads took: 0.0000610 seconds
186.072: Application time: 0.0567950 seconds
186.072: [GC186.072: [ParNew: 37451K->4156K(37568K), 0.0023570 secs] 131304K->101178K(431300K), 0.0023980 secs] [Times: user=0.02 sys=0.00, real=0.00 secs] 
186.075: Total time for which application threads were stopped: 0.0026050 seconds, Stopping threads took: 0.0001410 seconds
186.137: Application time: 0.0617600 seconds
186.137: [GC186.137: [ParNew: 37347K->4156K(37568K), 0.0023910 secs] 134368K->104312K(431300K), 0.0024340 secs] [Times: user=0.02 sys=0.00, real=0.00 secs] 
186.139: Total time for which application threads were stopped: 0.0025660 seconds, Stopping threads took: 0.0000630 seconds
186.198: Application time: 0.0588860 seconds
186.198: [GC186.198: [ParNew: 37141K->4144K(37568K), 0.0020520 secs] 137297K->106405K(431300K), 0.0020970 secs] [Times: user=0.02 sys=0.00, real=0.00 secs] 
186.200: Total time for which application threads were stopped: 0.0022510 seconds, Stopping threads took: 0.0000740 seconds
186.264: Application time: 0.0634680 seconds
186.264: [GC186.264: [ParNew: 37104K->4117K(37568K), 0.0020020 secs] 139365K->108438K(431300K), 0.0020520 secs] [Times: user=0.01 sys=0.00, real=0.01 secs] 
186.266: Total time for which application threads were stopped: 0.0021870 seconds, Stopping threads took: 0.0000680 seconds
186.325: Application time: 0.0592540 seconds
186.325: [GC186.325: [ParNew: 36872K->4116K(37568K), 0.0020330 secs] 141193K->110485K(431300K), 0.0020700 secs] [Times: user=0.01 sys=0.00, real=0.00 secs] 
186.327: Total time for which application threads were stopped: 0.0022090 seconds, Stopping threads took: 0.0000700 seconds
186.391: Application time: 0.0638130 seconds
186.391: [GC186.391: [ParNew: 37022K->4116K(37568K), 0.0013910 secs] 143391K->110486K(431300K), 0.0014290 secs] [Times: user=0.01 sys=0.00, real=0.00 secs] 
186.393: Total time for which application threads were stopped: 0.0015720 seconds, Stopping threads took: 0.0000760 seconds
186.452: Application time: 0.0592930 seconds
186.452: [GC186.452: [ParNew: 37524K->4154K(37568K), 0.0014090 secs] 143894K->110524K(431300K), 0.0014500 secs] [Times: user=0.01 sys=0.00, real=0.00 secs] 
186.454: Total time for which application threads were stopped: 0.0015890 seconds, Stopping threads took: 0.0000640 seconds
186.512: Application time: 0.0587760 seconds
186.513: [GC186.513: [ParNew: 37562K->4133K(37568K), 0.0016280 secs] 143932K->111527K(431300K), 0.0016680 secs] [Times: user=0.01 sys=0.00, real=0.00 secs] 
186.514: Total time for which application threads were stopped: 0.0018010 seconds, Stopping threads took: 0.0000650 seconds
186.568: Application time: 0.0535360 seconds
186.568: [GC186.568: [ParNew: 36614K->4130K(37568K), 0.0020190 secs] 144007K->113571K(431300K), 0.0020600 secs] [Times: user=0.02 sys=0.00, real=0.00 secs] 
186.570: Total time for which application threads were stopped: 0.0021960 seconds, Stopping threads took: 0.0000670 seconds
186.630: Application time: 0.0596720 seconds
186.630: [GC186.630: [ParNew: 36879K->4138K(37568K), 0.0014050 secs] 146321K->113579K(431300K), 0.0014390 secs] [Times: user=0.01 sys=0.00, real=0.00 secs] 
186.631: Total time for which application threads were stopped: 0.0015570 seconds, Stopping threads took: 0.0000570 seconds
186.689: Application time: 0.0574240 seconds
186.689: [GC186.689: [ParNew: 36940K->4146K(37568K), 0.0019040 secs] 146382K->115635K(431300K), 0.0019430 secs] [Times: user=0.02 sys=0.00, real=0.00 secs] 
186.691: Total time for which application threads were stopped: 0.0020950 seconds, Stopping threads took: 0.0000830 seconds
186.749: Application time: 0.0586790 seconds
186.750: [GC186.750: [ParNew: 37456K->4152K(37568K), 0.0022560 secs] 148946K->118814K(431300K), 0.0022960 secs] [Times: user=0.02 sys=0.00, real=0.00 secs] 
186.752: Total time for which application threads were stopped: 0.0024220 seconds, Stopping threads took: 0.0000600 seconds
186.811: Application time: 0.0594160 seconds
186.811: [GC186.811: [ParNew: 37305K->4156K(37568K), 0.0023640 secs] 151968K->121949K(431300K), 0.0024070 secs] [Times: user=0.02 sys=0.00, real=0.00 secs] 
186.814: Total time for which application threads were stopped: 0.0025410 seconds, Stopping threads took: 0.0000670 seconds
186.876: Application time: 0.0618260 seconds
186.876: [GC186.876: [ParNew: 37231K->4144K(37568K), 0.0023180 secs] 155024K->125049K(431300K), 0.0023570 secs] [Times: user=0.02 sys=0.00, real=0.01 secs] 
186.878: Total time for which application threads were stopped: 0.0025100 seconds, Stopping threads took: 0.0000890 seconds
186.939: Application time: 0.0609280 seconds
186.939: [GC186.939: [ParNew: 37072K->4119K(37568K), 0.0019640 secs] 157978K->127101K(431300K), 0.0020040 secs] [Times: user=0.02 sys=0.00, real=0.00 secs] 
186.941: Total time for which application threads were stopped: 0.0021640 seconds, Stopping threads took: 0.0000930 seconds
187.002: Application time: 0.0603970 seconds
187.002: [GC187.002: [ParNew: 36978K->4150K(37568K), 0.0017190 secs] 159960K->128156K(431300K), 0.0017540 secs] [Times: user=0.02 sys=0.00, real=0.00 secs] 
187.004: Total time for which application threads were stopped: 0.0019710 seconds, Stopping threads took: 0.0001300 seconds
187.066: Application time: 0.0628110 seconds
187.067: [GC187.067: [ParNew: 37006K->4132K(37568K), 0.0014370 secs] 161012K->128138K(431300K), 0.0014760 secs] [Times: user=0.01 sys=0.00, real=0.00 secs] 
187.068: Total time for which application threads were stopped: 0.0016240 seconds, Stopping threads took: 0.0000790 seconds
187.127: Application time: 0.0593270 seconds
187.128: [GC187.128: [ParNew: 36548K->2111K(37568K), 0.0008690 secs] 160554K->126117K(431300K), 0.0008980 secs] [Times: user=0.01 sys=0.00, real=0.00 secs] 
187.128: Total time for which application threads were stopped: 0.0010200 seconds, Stopping threads took: 0.0000680 seconds
187.187: Application time: 0.0590610 seconds
187.188: [GC187.188: [ParNew: 35477K->3104K(37568K), 0.0011030 secs] 159483K->127110K(431300K), 0.0011370 secs] [Times: user=0.00 sys=0.00, real=0.00 secs] 
187.189: Total time for which application threads were stopped: 0.0012610 seconds, Stopping threads took: 0.0000620 seconds
187.241: Application time: 0.0519150 seconds
187.241: [GC187.241: [ParNew: 36507K->4116K(37568K), 0.0022840 secs] 160513K->131194K(431300K), 0.0023230 secs] [Times: user=0.02 sys=0.00, real=0.00 secs] 
187.243: Total time for which application threads were stopped: 0.0024500 seconds, Stopping threads took: 0.0000620 seconds
187.303: Application time: 0.0597510 seconds
187.303: [GC187.303: [ParNew: 36862K->4134K(37568K), 0.0016550 secs] 163940K->132236K(431300K), 0.0016920 secs] [Times: user=0.02 sys=0.00, real=0.01 secs] 
187.305: Total time for which application threads were stopped: 0.0018470 seconds, Stopping threads took: 0.0000870 seconds
187.365: Application time: 0.0606150 seconds
187.365: [GC187.365: [ParNew: 37072K->4144K(37568K), 0.0016670 secs] 165174K->133270K(431300K), 0.0017030 secs] [Times: user=0.01 sys=0.00, real=0.00 secs] 
187.367: Total time for which application threads were stopped: 0.0018570 seconds, Stopping threads took: 0.0000880 seconds
187.424: Application time: 0.0569280 seconds
187.424: [GC187.424: [ParNew: 37363K->4158K(37568K), 0.0023260 secs] 166489K->136448K(431300K), 0.0023690 secs] [Times: user=0.01 sys=0.00, real=0.01 secs] 
187.427: Total time for which application threads were stopped: 0.0025290 seconds, Stopping threads took: 0.0000950 seconds
187.487: Application time: 0.0603560 seconds
187.487: [GC187.487: [ParNew: 37371K->4154K(37568K), 0.0023250 secs] 169662K->139583K(431300K), 0.0023690 secs] [Times: user=0.01 sys=0.00, real=0.00 secs] 
187.490: Total time for which application threads were stopped: 0.0025120 seconds, Stopping threads took: 0.0000760 seconds
187.550: Application time: 0.0600140 seconds
187.550: [GC187.550: [ParNew: 37182K->4144K(37568K), 0.0022610 secs] 172610K->142686K(431300K), 0.0023020 secs] [Times: user=0.02 sys=0.00, real=0.00 secs] 
187.552: Total time for which application threads were stopped: 0.0024560 seconds, Stopping threads took: 0.0000770 seconds
187.611: Application time: 0.0593120 seconds
187.611: [GC187.611: [ParNew: 36973K->4134K(37568K), 0.0021780 secs] 175515K->144752K(431300K), 0.0022200 secs] [Times: user=0.02 sys=0.00, real=0.00 secs] 
187.614: Total time for which application threads were stopped: 0.0023730 seconds, Stopping threads took: 0.0000840 seconds
187.676: Application time: 0.0627720 seconds
187.677: [GC187.677: [ParNew: 37024K->4116K(37568K), 0.0020310 secs] 177642K->146782K(431300K), 0.0020720 secs] [Times: user=0.01 sys=0.00, real=0.00 secs] 
187.679: Total time for which application threads were stopped: 0.0022010 seconds, Stopping threads took: 0.0000620 seconds
187.739: Application time: 0.0605020 seconds
187.739: [GC187.739: [ParNew: 36931K->4117K(37568K), 0.0017390 secs] 179598K->147808K(431300K), 0.0017750 secs] [Times: user=0.01 sys=0.00, real=0.00 secs] 
187.741: Total time for which application threads were stopped: 0.0019140 seconds, Stopping threads took: 0.0000740 seconds
187.803: Application time: 0.0619830 seconds
187.803: [GC187.803: [ParNew: 36979K->4155K(37568K), 0.0014600 secs] 180670K->147845K(431300K), 0.0015050 secs] [Times: user=0.01 sys=0.00, real=0.01 secs] 
187.805: Total time for which application threads were stopped: 0.0016610 seconds, Stopping threads took: 0.0000910 seconds
187.864: Application time: 0.0588890 seconds
187.864: [GC187.864: [ParNew: 37563K->3148K(37568K), 0.0011480 secs] 181253K->146838K(431300K), 0.0011780 secs] [Times: user=0.01 sys=0.00, real=0.01 secs] 
187.865: Total time for which application threads were stopped: 0.0012960 seconds, Stopping threads took: 0.0000590 seconds
187.922: Application time: 0.0568730 seconds
187.922: [GC187.922: [ParNew: 36458K->4114K(37568K), 0.0019770 secs] 180149K->149852K(431300K), 0.0020160 secs] [Times: user=0.02 sys=0.00, real=0.00 secs] 
187.924: Total time for which application threads were stopped: 0.0021910 seconds, Stopping threads took: 0.0001130 seconds
187.980: Application time: 0.0562310 seconds
187.980: [GC187.980: [ParNew: 36701K->4111K(37568K), 0.0019250 secs] 182439K->151897K(431300K), 0.0019630 secs] [Times: user=0.02 sys=0.00, real=0.00 secs] 
187.982: Total time for which application threads were stopped: 0.0020990 seconds, Stopping threads took: 0.0000730 seconds
188.039: Application time: 0.0563290 seconds
188.039: [GC188.039: [ParNew: 36805K->4140K(37568K), 0.0022090 secs] 184591K->154998K(431300K), 0.0022480 secs] [Times: user=0.01 sys=0.00, real=0.00 secs] 
188.041: Total time for which application threads were stopped: 0.0023730 seconds, Stopping threads took: 0.0000600 seconds
188.101: Application time: 0.0595100 seconds
188.101: [GC188.101: [ParNew: 37499K->4159K(37568K), 0.0019890 secs] 188358K->157162K(431300K), 0.0020260 secs] [Times: user=0.01 sys=0.00, real=0.00 secs] 
188.103: Total time for which application threads were stopped: 0.0021650 seconds, Stopping threads took: 0.0000650 seconds
188.162: Application time: 0.0590790 seconds
188.162: [GC188.162: [ParNew: 37319K->4150K(37568K), 0.0024270 secs] 190322K->160287K(431300K), 0.0024660 secs] [Times: user=0.02 sys=0.00, real=0.01 secs] 
188.164: Total time for which application threads were stopped: 0.0025930 seconds, Stopping threads took: 0.0000590 seconds
188.226: Application time: 0.0620970 seconds
188.227: [GC188.227: [ParNew: 37198K->4138K(37568K), 0.0023200 secs] 193335K->163388K(431300K), 0.0023620 secs] [Times: user=0.02 sys=0.00, real=0.00 secs] 
188.229: Total time for which application threads were stopped: 0.0025160 seconds, Stopping threads took: 0.0000890 seconds
188.290: Application time: 0.0610950 seconds
188.290: [GC188.290: [ParNew: 37092K->4133K(37568K), 0.0016630 secs] 196342K->164436K(431300K), 0.0017020 secs] [Times: user=0.01 sys=0.00, real=0.00 secs] 
188.292: Total time for which application threads were stopped: 0.0018390 seconds, Stopping threads took: 0.0000710 seconds
188.354: Application time: 0.0620880 seconds
188.354: [GC188.354: [ParNew: 36949K->4147K(37568K), 0.0017410 secs] 197252K->165473K(431300K), 0.0017810 secs] [Times: user=0.01 sys=0.00, real=0.00 secs] 
188.356: Total time for which application threads were stopped: 0.0019450 seconds, Stopping threads took: 0.0000970 seconds
188.414: Application time: 0.0585030 seconds
188.415: [GC188.415: [ParNew: 36762K->4116K(37568K), 0.0016410 secs] 198088K->166467K(431300K), 0.0016830 secs] [Times: user=0.01 sys=0.00, real=0.00 secs] 
188.416: Total time for which application threads were stopped: 0.0018290 seconds, Stopping threads took: 0.0000700 seconds
188.478: Application time: 0.0618750 seconds
188.478: [GC188.478: [ParNew: 36918K->4148K(37568K), 0.0014450 secs] 199269K->166499K(431300K), 0.0014800 secs] [Times: user=0.01 sys=0.00, real=0.00 secs] 
188.480: Total time for which application threads were stopped: 0.0016150 seconds, Stopping threads took: 0.0000730 seconds
188.537: Application time: 0.0575970 seconds
188.538: [GC188.538: [ParNew: 36695K->4119K(37568K), 0.0016800 secs] 199046K->167494K(431300K), 0.0017130 secs] [Times: user=0.02 sys=0.00, real=0.00 secs] 
188.539: Total time for which application threads were stopped: 0.0018830 seconds, Stopping threads took: 0.0000960 seconds
188.599: Application time: 0.0597920 seconds
188.599: [GC188.599: [ParNew: 36758K->4131K(37568K), 0.0016660 secs] 200133K->168529K(431300K), 0.0017050 secs] [Times: user=0.01 sys=0.00, real=0.00 secs] 
188.601: Total time for which application threads were stopped: 0.0018550 seconds, Stopping threads took: 0.0000830 seconds
188.660: Application time: 0.0591110 seconds
188.660: [GC188.660: [ParNew: 36767K->3141K(37568K), 0.0010400 secs] 201165K->167540K(431300K), 0.0010730 secs] [Times: user=0.00 sys=0.00, real=0.00 secs] 
188.661: Total time for which application threads were stopped: 0.0012150 seconds, Stopping threads took: 0.0000750 seconds
188.715: Application time: 0.0533790 seconds
188.715: [GC188.715: [ParNew: 36536K->4116K(37568K), 0.0019980 secs] 200934K->170591K(431300K), 0.0020390 secs] [Times: user=0.02 sys=0.00, real=0.01 secs] 
188.717: Total time for which application threads were stopped: 0.0021730 seconds, Stopping threads took: 0.0000700 seconds
188.772: Application time: 0.0555510 seconds
188.772: [GC188.773: [ParNew: 37367K->4152K(37568K), 0.0023080 secs] 203842K->173771K(431300K), 0.0023520 secs] [Times: user=0.02 sys=0.00, real=0.00 secs] 
188.775: Total time for which application threads were stopped: 0.0024870 seconds, Stopping threads took: 0.0000660 seconds
188.837: Application time: 0.0619960 seconds
188.837: [GC188.837: [ParNew: 37341K->4153K(37568K), 0.0020620 secs] 206961K->175879K(431300K), 0.0021040 secs] [Times: user=0.01 sys=0.00, real=0.00 secs] 
188.839: Total time for which application threads were stopped: 0.0022330 seconds, Stopping threads took: 0.0000610 seconds
188.902: Application time: 0.0624960 seconds
188.902: [GC188.902: [ParNew: 37250K->4146K(37568K), 0.0021920 secs] 208976K->178984K(431300K), 0.0022310 secs] [Times: user=0.02 sys=0.00, real=0.00 secs] 
188.904: Total time for which application threads were stopped: 0.0023670 seconds, Stopping threads took: 0.0000700 seconds
188.964: Application time: 0.0599290 seconds
188.964: [GC188.964: [ParNew: 37040K->4150K(37568K), 0.0016520 secs] 211879K->180041K(431300K), 0.0016930 secs] [Times: user=0.01 sys=0.00, real=0.01 secs] 
188.966: Total time for which application threads were stopped: 0.0018330 seconds, Stopping threads took: 0.0000730 seconds
189.026: Application time: 0.0598970 seconds
189.026: [GC189.026: [ParNew: 36872K->4130K(37568K), 0.0017260 secs] 212763K->181045K(431300K), 0.0017620 secs] [Times: user=0.01 sys=0.00, real=0.00 secs] 
189.028: Total time for which application threads were stopped: 0.0019060 seconds, Stopping threads took: 0.0000850 seconds
189.085: Application time: 0.0575080 seconds
189.085: [GC189.085: [ParNew: 36727K->4116K(37568K), 0.0016650 secs] 213643K->182055K(431300K), 0.0017030 secs] [Times: user=0.01 sys=0.00, real=0.00 secs] 
189.087: Total time for which application threads were stopped: 0.0018710 seconds, Stopping threads took: 0.0001010 seconds
189.150: Application time: 0.0628440 seconds
189.150: [GC189.150: [ParNew: 37052K->4131K(37568K), 0.0017530 secs] 214991K->183094K(431300K), 0.0017940 secs] [Times: user=0.02 sys=0.00, real=0.00 secs] 
189.152: Total time for which application threads were stopped: 0.0019310 seconds, Stopping threads took: 0.0000680 seconds
189.209: Application time: 0.0575540 seconds
189.209: [GC189.209: [ParNew: 36659K->4121K(37568K), 0.0017030 secs] 215622K->184108K(431300K), 0.0017490 secs] [Times: user=0.01 sys=0.00, real=0.00 secs] 
189.211: Total time for which application threads were stopped: 0.0018880 seconds, Stopping threads took: 0.0000580 seconds
189.272: Application time: 0.0605500 seconds
189.272: [GC189.272: [ParNew: 36768K->3110K(37568K), 0.0011790 secs] 216756K->183097K(431300K), 0.0012140 secs] [Times: user=0.01 sys=0.00, real=0.00 secs] 
189.273: Total time for which application threads were stopped: 0.0013600 seconds, Stopping threads took: 0.0000830 seconds
189.331: Application time: 0.0576370 seconds
189.331: [GC189.331: [ParNew: 35663K->4142K(37568K), 0.0013380 secs] 215650K->184129K(431300K), 0.0013790 secs] [Times: user=0.01 sys=0.00, real=0.00 secs] 
189.332: Total time for which application threads were stopped: 0.0015220 seconds, Stopping threads took: 0.0000870 seconds
189.386: Application time: 0.0538280 seconds
189.386: [GC189.386: [ParNew: 36610K->4117K(37568K), 0.0018940 secs] 216597K->186180K(431300K), 0.0019350 secs] [Times: user=0.02 sys=0.00, real=0.00 secs] 
189.388: Total time for which application threads were stopped: 0.0020860 seconds, Stopping threads took: 0.0000860 seconds
189.444: Application time: 0.0554270 seconds
189.444: [GC189.444: [ParNew: 37357K->4155K(37568K), 0.0021290 secs] 219421K->188339K(431300K), 0.0021680 secs] [Times: user=0.02 sys=0.00, real=0.01 secs] 
189.446: Total time for which application threads were stopped: 0.0023790 seconds, Stopping threads took: 0.0001410 seconds
189.509: Application time: 0.0632060 seconds
189.509: [GC189.509: [ParNew: 37344K->4158K(37568K), 0.0023770 secs] 221528K->191465K(431300K), 0.0024190 secs] [Times: user=0.02 sys=0.00, real=0.00 secs] 
189.512: Total time for which application threads were stopped: 0.0025470 seconds, Stopping threads took: 0.0000610 seconds
189.571: Application time: 0.0593020 seconds
189.571: [GC189.571: [ParNew: 37196K->4140K(37568K), 0.0022800 secs] 224504K->194568K(431300K), 0.0023230 secs] [Times: user=0.02 sys=0.00, real=0.00 secs] 
189.573: Total time for which application threads were stopped: 0.0024600 seconds, Stopping threads took: 0.0000660 seconds
189.636: Application time: 0.0626230 seconds
189.636: [GC189.636: [ParNew: 37060K->4131K(37568K), 0.0015560 secs] 227489K->194588K(431300K), 0.0015940 secs] [Times: user=0.01 sys=0.00, real=0.01 secs] 
189.638: Total time for which application threads were stopped: 0.0017580 seconds, Stopping threads took: 0.0001020 seconds
189.697: Application time: 0.0594560 seconds
189.697: [GC189.697: [ParNew: 36846K->4136K(37568K), 0.0016990 secs] 227303K->195617K(431300K), 0.0017340 secs] [Times: user=0.02 sys=0.00, real=0.00 secs] 
189.699: Total time for which application threads were stopped: 0.0018580 seconds, Stopping threads took: 0.0000600 seconds
189.758: Application time: 0.0584260 seconds
189.758: [GC189.758: [ParNew: 36799K->4116K(37568K), 0.0020650 secs] 228280K->197645K(431300K), 0.0021040 secs] [Times: user=0.02 sys=0.00, real=0.00 secs] 
189.760: Total time for which application threads were stopped: 0.0022940 seconds, Stopping threads took: 0.0001100 seconds
189.823: Application time: 0.0636060 seconds
189.824: [GC189.824: [ParNew: 37090K->4136K(37568K), 0.0014620 secs] 230619K->197665K(431300K), 0.0014990 secs] [Times: user=0.01 sys=0.00, real=0.01 secs] 
189.825: Total time for which application threads were stopped: 0.0016520 seconds, Stopping threads took: 0.0000890 seconds
189.884: Application time: 0.0590020 seconds
189.884: [GC189.884: [ParNew: 36697K->4115K(37568K), 0.0014300 secs] 230226K->197644K(431300K), 0.0014700 secs] [Times: user=0.01 sys=0.00, real=0.01 secs] 
189.886: Total time for which application threads were stopped: 0.0016130 seconds, Stopping threads took: 0.0000800 seconds
189.945: Application time: 0.0593090 seconds
189.945: [GC189.945: [ParNew: 37509K->3133K(37568K), 0.0011130 secs] 231038K->196662K(431300K), 0.0011490 secs] [Times: user=0.01 sys=0.00, real=0.00 secs] 
189.946: Total time for which application threads were stopped: 0.0012770 seconds, Stopping threads took: 0.0000660 seconds
190.004: Application time: 0.0577480 seconds
190.004: [GC190.004: [ParNew: 35660K->3095K(37568K), 0.0010920 secs] 229189K->196624K(431300K), 0.0011270 secs] [Times: user=0.01 sys=0.01, real=0.01 secs] 
190.005: Total time for which application threads were stopped: 0.0012550 seconds, Stopping threads took: 0.0000680 seconds
190.059: Application time: 0.0534400 seconds
190.059: [GC190.059: [ParNew: 35755K->4142K(37568K), 0.0016990 secs] 229284K->198695K(431300K), 0.0017390 secs] [Times: user=0.02 sys=0.00, real=0.00 secs] 
190.061: Total time for which application threads were stopped: 0.0018690 seconds, Stopping threads took: 0.0000650 seconds
190.120: Application time: 0.0593930 seconds
190.120: [GC190.120: [ParNew: 37483K->4156K(37568K), 0.0022090 secs] 232036K->201882K(431300K), 0.0022610 secs] [Times: user=0.01 sys=0.00, real=0.00 secs] 
190.122: Total time for which application threads were stopped: 0.0023850 seconds, Stopping threads took: 0.0000560 seconds
190.183: Application time: 0.0603470 seconds
190.183: [GC190.183: [ParNew: 37292K->4154K(37568K), 0.0023690 secs] 235018K->205010K(431300K), 0.0024120 secs] [Times: user=0.02 sys=0.00, real=0.01 secs] 
190.185: Total time for which application threads were stopped: 0.0025450 seconds, Stopping threads took: 0.0000660 seconds
190.246: Application time: 0.0605160 seconds
190.246: [GC190.246: [ParNew: 37191K->4140K(37568K), 0.0023600 secs] 238046K->208109K(431300K), 0.0024050 secs] [Times: user=0.01 sys=0.00, real=0.00 secs] 
190.248: Total time for which application threads were stopped: 0.0025430 seconds, Stopping threads took: 0.0000680 seconds
190.310: Application time: 0.0617910 seconds
190.310: [GC190.310: [ParNew: 37065K->4113K(37568K), 0.0018220 secs] 241034K->209135K(431300K), 0.0018570 secs] [Times: user=0.02 sys=0.00, real=0.00 secs] 
190.312: Total time for which application threads were stopped: 0.0020230 seconds, Stopping threads took: 0.0000870 seconds
190.376: Application time: 0.0639680 seconds
190.376: [GC190.376: [ParNew: 37053K->4133K(37568K), 0.0015290 secs] 242075K->209154K(431300K), 0.0015630 secs] [Times: user=0.01 sys=0.00, real=0.00 secs] 
190.378: Total time for which application threads were stopped: 0.0017050 seconds, Stopping threads took: 0.0000780 seconds
190.434: Application time: 0.0562860 seconds
190.434: [GC190.434: [ParNew: 37541K->4153K(37568K), 0.0014190 secs] 242562K->209174K(431300K), 0.0014570 secs] [Times: user=0.01 sys=0.00, real=0.00 secs] 
190.436: Total time for which application threads were stopped: 0.0015950 seconds, Stopping threads took: 0.0000720 seconds
190.498: Application time: 0.0625030 seconds
190.498: [GC190.498: [ParNew: 36967K->4138K(37568K), 0.0014560 secs] 241989K->209159K(431300K), 0.0014880 secs] [Times: user=0.01 sys=0.00, real=0.00 secs] 
190.500: Total time for which application threads were stopped: 0.0016180 seconds, Stopping threads took: 0.0000670 seconds
190.557: Application time: 0.0571180 seconds
190.557: [GC190.557: [ParNew: 36686K->4121K(37568K), 0.0017200 secs] 241707K->210166K(431300K), 0.0017580 secs] [Times: user=0.02 sys=0.00, real=0.00 secs] 
190.559: Total time for which application threads were stopped: 0.0018830 seconds, Stopping threads took: 0.0000610 seconds
190.614: Application time: 0.0554320 seconds
190.614: [GC190.614: [ParNew: 36539K->4119K(37568K), 0.0017370 secs] 242584K->211188K(431300K), 0.0017770 secs] [Times: user=0.01 sys=0.00, real=0.00 secs] 
190.616: Total time for which application threads were stopped: 0.0019290 seconds, Stopping threads took: 0.0000730 seconds
190.679: Application time: 0.0631500 seconds
190.680: [GC190.680: [ParNew: 37154K->4158K(37568K), 0.0013660 secs] 244223K->211246K(431300K), 0.0014010 secs] [Times: user=0.01 sys=0.00, real=0.00 secs] 
190.681: Total time for which application threads were stopped: 0.0015210 seconds, Stopping threads took: 0.0000620 seconds
190.735: Application time: 0.0544450 seconds
190.736: [GC190.736: [ParNew: 37566K->4119K(37568K), 0.0016810 secs] 244654K->212243K(431300K), 0.0017180 secs] [Times: user=0.02 sys=0.00, real=0.01 secs] 
190.737: Total time for which application threads were stopped: 0.0018370 seconds, Stopping threads took: 0.0000540 seconds
190.798: Application time: 0.0606030 seconds
190.798: [GC190.798: [ParNew: 37425K->4152K(37568K), 0.0022210 secs] 245550K->215420K(431300K), 0.0022610 secs] [Times: user=0.02 sys=0.00, real=0.00 secs] 
190.800: Total time for which application threads were stopped: 0.0023920 seconds, Stopping threads took: 0.0000650 seconds
190.858: Application time: 0.0575590 seconds
190.858: [GC190.858: [ParNew: 37237K->4156K(37568K), 0.0022730 secs] 248505K->218554K(431300K), 0.0023210 secs] [Times: user=0.02 sys=0.00, real=0.00 secs] 
190.860: Total time for which application threads were stopped: 0.0024610 seconds, Stopping threads took: 0.0000600 seconds
190.920: Application time: 0.0594720 seconds
190.920: [GC190.920: [ParNew: 37206K->4144K(37568K), 0.0023580 secs] 251605K->221655K(431300K), 0.0024030 secs] [Times: user=0.02 sys=0.00, real=0.00 secs] 
190.922: Total time for which application threads were stopped: 0.0025740 seconds, Stopping threads took: 0.0001010 seconds
190.984: Application time: 0.0619800 seconds
190.984: [GC190.984: [ParNew: 37127K->4112K(37568K), 0.0020410 secs] 254639K->223700K(431300K), 0.0020790 secs] [Times: user=0.02 sys=0.00, real=0.00 secs] 
190.987: Total time for which application threads were stopped: 0.0022650 seconds, Stopping threads took: 0.0001180 seconds
191.050: Application time: 0.0639220 seconds
191.051: [GC191.051: [ParNew: 37086K->4130K(37568K), 0.0019220 secs] 256674K->225766K(431300K), 0.0019620 secs] [Times: user=0.01 sys=0.00, real=0.00 secs] 
191.053: Total time for which application threads were stopped: 0.0020980 seconds, Stopping threads took: 0.0000700 seconds
191.110: Application time: 0.0571700 seconds
191.110: [GC191.110: [ParNew: 36556K->4116K(37568K), 0.0014040 secs] 258192K->225752K(431300K), 0.0014360 secs] [Times: user=0.01 sys=0.00, real=0.00 secs] 
191.111: Total time for which application threads were stopped: 0.0015930 seconds, Stopping threads took: 0.0000950 seconds
191.173: Application time: 0.0612670 seconds
191.173: [GC191.173: [ParNew: 36756K->4136K(37568K), 0.0017540 secs] 258392K->226796K(431300K), 0.0017920 secs] [Times: user=0.01 sys=0.00, real=0.00 secs] 
191.175: Total time for which application threads were stopped: 0.0019250 seconds, Stopping threads took: 0.0000690 seconds
191.232: Application time: 0.0570200 seconds
191.232: [GC191.232: [ParNew: 36708K->4129K(37568K), 0.0017180 secs] 259368K->227813K(431300K), 0.0017570 secs] [Times: user=0.01 sys=0.00, real=0.00 secs] 
191.233: Total time for which application threads were stopped: 0.0018900 seconds, Stopping threads took: 0.0000720 seconds
191.289: Application time: 0.0560150 seconds
191.290: [GC191.290: [ParNew: 36545K->4116K(37568K), 0.0017110 secs] 260229K->228825K(431300K), 0.0017490 secs] [Times: user=0.01 sys=0.00, real=0.00 secs] 
191.291: Total time for which application threads were stopped: 0.0019020 seconds, Stopping threads took: 0.0000870 seconds
191.354: Application time: 0.0622840 seconds
191.356: [GC191.356: [ParNew: 37108K->4141K(37568K), 0.0017690 secs] 261817K->229873K(431300K), 0.0018070 secs] [Times: user=0.01 sys=0.00, real=0.00 secs] 
191.358: Total time for which application threads were stopped: 0.0045350 seconds, Stopping threads took: 0.0026640 seconds
191.413: Application time: 0.0543350 seconds
191.413: [GC191.413: [ParNew: 36547K->4119K(37568K), 0.0016520 secs] 262279K->230904K(431300K), 0.0016930 secs] [Times: user=0.02 sys=0.00, real=0.00 secs] 
191.414: Total time for which application threads were stopped: 0.0018180 seconds, Stopping threads took: 0.0000480 seconds
191.474: Application time: 0.0596640 seconds
191.474: [GC191.474: [ParNew: 37432K->4158K(37568K), 0.0023320 secs] 264217K->234083K(431300K), 0.0023760 secs] [Times: user=0.02 sys=0.00, real=0.01 secs] 
191.477: Total time for which application threads were stopped: 0.0025080 seconds, Stopping threads took: 0.0000650 seconds
191.537: Application time: 0.0600530 seconds
191.537: [GC191.537: [ParNew: 37307K->4156K(37568K), 0.0023430 secs] 267232K->237215K(431300K), 0.0023850 secs] [Times: user=0.02 sys=0.00, real=0.00 secs] 
191.539: Total time for which application threads were stopped: 0.0025060 seconds, Stopping threads took: 0.0000540 seconds
191.599: Application time: 0.0597860 seconds
191.599: [GC191.599: [ParNew: 37156K->4158K(37568K), 0.0019650 secs] 270215K->239308K(431300K), 0.0020080 secs] [Times: user=0.01 sys=0.00, real=0.00 secs] 
191.601: Total time for which application threads were stopped: 0.0021850 seconds, Stopping threads took: 0.0001090 seconds
191.661: Application time: 0.0602550 seconds
191.661: [GC191.661: [ParNew: 36942K->4144K(37568K), 0.0017570 secs] 272092K->240346K(431300K), 0.0018040 secs] [Times: user=0.01 sys=0.00, real=0.00 secs] 
191.663: Total time for which application threads were stopped: 0.0019450 seconds, Stopping threads took: 0.0000740 seconds
191.722: Application time: 0.0591840 seconds
191.723: [GC191.723: [ParNew: 36818K->4121K(37568K), 0.0017830 secs] 273021K->241347K(431300K), 0.0018240 secs] [Times: user=0.01 sys=0.00, real=0.01 secs] 
191.724: Total time for which application threads were stopped: 0.0019830 seconds, Stopping threads took: 0.0000940 seconds
191.784: Application time: 0.0599010 seconds
191.784: [GC191.784: [ParNew: 36849K->4148K(37568K), 0.0017930 secs] 274076K->242398K(431300K), 0.0018330 secs] [Times: user=0.01 sys=0.00, real=0.00 secs] 
191.786: Total time for which application threads were stopped: 0.0019640 seconds, Stopping threads took: 0.0000630 seconds
191.844: Application time: 0.0576970 seconds
191.844: [GC191.844: [ParNew: 36709K->4118K(37568K), 0.0017960 secs] 274960K->243393K(431300K), 0.0018350 secs] [Times: user=0.01 sys=0.01, real=0.01 secs] 
191.846: Total time for which application threads were stopped: 0.0019580 seconds, Stopping threads took: 0.0000550 seconds
191.905: Application time: 0.0586780 seconds
191.905: [GC191.905: [ParNew: 36852K->4128K(37568K), 0.0021100 secs] 276127K->245450K(431300K), 0.0021490 secs] [Times: user=0.02 sys=0.00, real=0.00 secs] 
191.907: Total time for which application threads were stopped: 0.0022840 seconds, Stopping threads took: 0.0000700 seconds
191.968: Application time: 0.0611460 seconds
191.968: [GC191.968: [ParNew: 36971K->4136K(37568K), 0.0017060 secs] 278293K->246482K(431300K), 0.0017420 secs] [Times: user=0.00 sys=0.00, real=0.00 secs] 
191.970: Total time for which application threads were stopped: 0.0018910 seconds, Stopping threads took: 0.0000750 seconds
192.027: Application time: 0.0571410 seconds
192.027: [GC192.027: [ParNew: 37544K->4158K(37568K), 0.0017250 secs] 279890K->247530K(431300K), 0.0017630 secs] [Times: user=0.01 sys=0.00, real=0.00 secs] 
192.029: Total time for which application threads were stopped: 0.0019070 seconds, Stopping threads took: 0.0000800 seconds
192.089: Application time: 0.0600810 seconds
192.089: [GC192.089: [ParNew: 36910K->4112K(37568K), 0.0018770 secs] 280283K->249561K(431300K), 0.0019150 secs] [Times: user=0.02 sys=0.00, real=0.00 secs] 
192.091: Total time for which application threads were stopped: 0.0020650 seconds, Stopping threads took: 0.0000860 seconds
192.147: Application time: 0.0557780 seconds
192.147: [GC192.147: [ParNew: 37336K->4157K(37568K), 0.0020510 secs] 282785K->251722K(431300K), 0.0020910 secs] [Times: user=0.02 sys=0.00, real=0.00 secs] 
192.149: Total time for which application threads were stopped: 0.0022210 seconds, Stopping threads took: 0.0000620 seconds
192.210: Application time: 0.0609710 seconds
192.210: [GC192.210: [ParNew: 37317K->4156K(37568K), 0.0020400 secs] 284882K->253831K(431300K), 0.0020780 secs] [Times: user=0.01 sys=0.00, real=0.00 secs] 
192.212: Total time for which application threads were stopped: 0.0022060 seconds, Stopping threads took: 0.0000640 seconds
192.276: Application time: 0.0638860 seconds
192.276: [GC192.276: [ParNew: 37279K->4148K(37568K), 0.0014290 secs] 286954K->253880K(431300K), 0.0014710 secs] [Times: user=0.01 sys=0.00, real=0.00 secs] 
192.278: Total time for which application threads were stopped: 0.0016050 seconds, Stopping threads took: 0.0000680 seconds
192.335: Application time: 0.0568640 seconds
192.335: [GC192.335: [ParNew: 36779K->4130K(37568K), 0.0017510 secs] 286511K->254899K(431300K), 0.0017940 secs] [Times: user=0.01 sys=0.00, real=0.01 secs] 
192.337: Total time for which application threads were stopped: 0.0019200 seconds, Stopping threads took: 0.0000600 seconds
192.398: Application time: 0.0610930 seconds
192.398: [GC192.398: [ParNew: 36954K->4134K(37568K), 0.0016990 secs] 287723K->255926K(431300K), 0.0017350 secs] [Times: user=0.01 sys=0.00, real=0.00 secs] 
192.400: Total time for which application threads were stopped: 0.0019060 seconds, Stopping threads took: 0.0000960 seconds
192.461: Application time: 0.0617570 seconds
192.462: [GC192.462: [ParNew: 37023K->4116K(37568K), 0.0020480 secs] 288816K->257956K(431300K), 0.0020880 secs] [Times: user=0.01 sys=0.00, real=0.00 secs] 
192.464: Total time for which application threads were stopped: 0.0022240 seconds, Stopping threads took: 0.0000660 seconds
192.520: Application time: 0.0567150 seconds
192.520: [GC192.521: [ParNew: 36524K->4137K(37568K), 0.0015560 secs] 290364K->257977K(431300K), 0.0015870 secs] [Times: user=0.01 sys=0.00, real=0.00 secs] 
192.522: Total time for which application threads were stopped: 0.0017400 seconds, Stopping threads took: 0.0000840 seconds
192.580: Application time: 0.0577820 seconds
192.580: [GC192.580: [ParNew: 36674K->4117K(37568K), 0.0018050 secs] 290515K->258981K(431300K), 0.0018420 secs] [Times: user=0.01 sys=0.00, real=0.00 secs] 
192.582: Total time for which application threads were stopped: 0.0019740 seconds, Stopping threads took: 0.0000660 seconds
192.644: Application time: 0.0620270 seconds
192.644: [GC192.644: [ParNew: 36901K->4152K(37568K), 0.0014690 secs] 291765K->259016K(431300K), 0.0015090 secs] [Times: user=0.01 sys=0.00, real=0.01 secs] 
192.646: Total time for which application threads were stopped: 0.0016580 seconds, Stopping threads took: 0.0000840 seconds
192.699: Application time: 0.0534090 seconds
192.699: [GC192.699: [ParNew: 36580K->4158K(37568K), 0.0016930 secs] 291445K->260050K(431300K), 0.0017290 secs] [Times: user=0.01 sys=0.00, real=0.00 secs] 
192.701: Total time for which application threads were stopped: 0.0018500 seconds, Stopping threads took: 0.0000560 seconds
192.758: Application time: 0.0574190 seconds
192.758: [GC192.758: [ParNew: 36903K->4117K(37568K), 0.0016200 secs] 292796K->261059K(431300K), 0.0016550 secs] [Times: user=0.01 sys=0.00, real=0.00 secs] 
192.760: Total time for which application threads were stopped: 0.0017890 seconds, Stopping threads took: 0.0000700 seconds
192.820: Application time: 0.0601970 seconds
192.820: [GC192.820: [ParNew: 37470K->4157K(37568K), 0.0020740 secs] 294411K->263214K(431300K), 0.0021130 secs] [Times: user=0.02 sys=0.00, real=0.00 secs] 
192.823: Total time for which application threads were stopped: 0.0022750 seconds, Stopping threads took: 0.0000970 seconds
192.881: Application time: 0.0583360 seconds
192.881: [GC192.881: [ParNew: 37241K->4152K(37568K), 0.0023440 secs] 296298K->266343K(431300K), 0.0023840 secs] [Times: user=0.02 sys=0.00, real=0.00 secs] 
192.883: Total time for which application threads were stopped: 0.0025130 seconds, Stopping threads took: 0.0000600 seconds
192.946: Application time: 0.0623870 seconds
192.946: [GC192.946: [ParNew: 37225K->4143K(37568K), 0.0019690 secs] 299416K->268424K(431300K), 0.0020090 secs] [Times: user=0.02 sys=0.00, real=0.00 secs] 
192.948: Total time for which application threads were stopped: 0.0021390 seconds, Stopping threads took: 0.0000640 seconds
193.007: Application time: 0.0591010 seconds
193.007: [GC193.007: [ParNew: 36915K->4118K(37568K), 0.0020530 secs] 301195K->270475K(431300K), 0.0020930 secs] [Times: user=0.01 sys=0.00, real=0.00 secs] 
193.009: Total time for which application threads were stopped: 0.0022420 seconds, Stopping threads took: 0.0000840 seconds
193.073: Application time: 0.0635800 seconds
193.073: [GC193.073: [ParNew: 37059K->4133K(37568K), 0.0017300 secs] 303416K->271514K(431300K), 0.0017670 secs] [Times: user=0.01 sys=0.00, real=0.00 secs] 
193.075: Total time for which application threads were stopped: 0.0019150 seconds, Stopping threads took: 0.0000720 seconds
193.137: Application time: 0.0619310 seconds
193.137: [GC193.137: [ParNew: 36915K->4133K(37568K), 0.0014690 secs] 304296K->271514K(431300K), 0.0015020 secs] [Times: user=0.01 sys=0.00, real=0.00 secs] 
193.138: Total time for which application threads were stopped: 0.0016190 seconds, Stopping threads took: 0.0000540 seconds
193.196: Application time: 0.0581540 seconds
193.197: [GC193.197: [ParNew: 37541K->4134K(37568K), 0.0014370 secs] 304922K->271515K(431300K), 0.0014840 secs] [Times: user=0.01 sys=0.00, real=0.00 secs] 
193.198: Total time for which application threads were stopped: 0.0016330 seconds, Stopping threads took: 0.0000820 seconds
193.258: Application time: 0.0599560 seconds
193.258: [GC193.258: [ParNew: 36770K->4114K(37568K), 0.0016870 secs] 304151K->272519K(431300K), 0.0017260 secs] [Times: user=0.01 sys=0.00, real=0.00 secs] 
193.260: Total time for which application threads were stopped: 0.0018870 seconds, Stopping threads took: 0.0000970 seconds
193.315: Application time: 0.0553790 seconds
193.315: [GC193.315: [ParNew: 37503K->4130K(37568K), 0.0020330 secs] 305908K->274583K(431300K), 0.0020710 secs] [Times: user=0.02 sys=0.00, real=0.01 secs] 
193.318: Total time for which application threads were stopped: 0.0022090 seconds, Stopping threads took: 0.0000720 seconds
193.375: Application time: 0.0577180 seconds
193.375: [GC193.375: [ParNew: 36989K->4144K(37568K), 0.0017430 secs] 307442K->275621K(431300K), 0.0017820 secs] [Times: user=0.01 sys=0.00, real=0.01 secs] 
193.377: Total time for which application threads were stopped: 0.0019370 seconds, Stopping threads took: 0.0000890 seconds
193.438: Application time: 0.0605820 seconds
193.438: [GC193.438: [ParNew: 37006K->4132K(37568K), 0.0016720 secs] 308483K->276661K(431300K), 0.0017060 secs] [Times: user=0.01 sys=0.00, real=0.00 secs] 
193.440: Total time for which application threads were stopped: 0.0018220 seconds, Stopping threads took: 0.0000550 seconds
193.497: Application time: 0.0573790 seconds
193.497: [GC193.497: [ParNew: 37393K->4158K(37568K), 0.0019580 secs] 309923K->278832K(431300K), 0.0019960 secs] [Times: user=0.01 sys=0.00, real=0.00 secs] 
193.499: Total time for which application threads were stopped: 0.0021310 seconds, Stopping threads took: 0.0000700 seconds
193.559: Application time: 0.0603390 seconds
193.560: [GC193.560: [ParNew: 37216K->4142K(37568K), 0.0022530 secs] 311890K->281935K(431300K), 0.0022960 secs] [Times: user=0.02 sys=0.00, real=0.00 secs] 
193.562: Total time for which application threads were stopped: 0.0024200 seconds, Stopping threads took: 0.0000570 seconds
193.622: Application time: 0.0599300 seconds
193.622: [GC193.622: [ParNew: 37173K->4148K(37568K), 0.0022680 secs] 314966K->285041K(431300K), 0.0023080 secs] [Times: user=0.02 sys=0.00, real=0.00 secs] 
193.624: Total time for which application threads were stopped: 0.0024660 seconds, Stopping threads took: 0.0000790 seconds
193.683: Application time: 0.0586900 seconds
193.683: [GC193.683: [ParNew: 37034K->4112K(37568K), 0.0023730 secs] 317927K->288106K(431300K), 0.0024140 secs] [Times: user=0.01 sys=0.00, real=0.01 secs] 
193.685: Total time for which application threads were stopped: 0.0025510 seconds, Stopping threads took: 0.0000690 seconds
193.748: Application time: 0.0625730 seconds
193.748: [GC193.748: [ParNew: 37101K->4130K(37568K), 0.0021280 secs] 321095K->290172K(431300K), 0.0021690 secs] [Times: user=0.00 sys=0.00, real=0.00 secs] 
193.750: Total time for which application threads were stopped: 0.0023170 seconds, Stopping threads took: 0.0000770 seconds
193.814: Application time: 0.0637960 seconds
193.814: [GC193.814: [ParNew: 37092K->4121K(37568K), 0.0014520 secs] 323134K->290163K(431300K), 0.0014940 secs] [Times: user=0.01 sys=0.00, real=0.00 secs] 
193.816: Total time for which application threads were stopped: 0.0016230 seconds, Stopping threads took: 0.0000600 seconds
193.876: Application time: 0.0601900 seconds
193.880: [GC193.880: [ParNew: 36814K->3141K(37568K), 0.0013260 secs] 322856K->289183K(431300K), 0.0013590 secs] [Times: user=0.01 sys=0.00, real=0.00 secs] 
193.882: Total time for which application threads were stopped: 0.0057780 seconds, Stopping threads took: 0.0043570 seconds
193.940: Application time: 0.0580100 seconds
193.940: [GC193.940: [ParNew: 36211K->2106K(37568K), 0.0009140 secs] 322253K->288148K(431300K), 0.0009470 secs] [Times: user=0.01 sys=0.00, real=0.00 secs] 
193.941: Total time for which application threads were stopped: 0.0010820 seconds, Stopping threads took: 0.0000680 seconds
193.997: Application time: 0.0560970 seconds
193.997: [GC193.997: [ParNew: 35514K->4126K(37568K), 0.0024460 secs] 321556K->293240K(431300K), 0.0024930 secs] [Times: user=0.02 sys=0.00, real=0.00 secs] 
194.000: Total time for which application threads were stopped: 0.0026210 seconds, Stopping threads took: 0.0000570 seconds
194.054: Application time: 0.0540300 seconds
194.054: [GC194.054: [ParNew: 36828K->4144K(37568K), 0.0020930 secs] 325942K->295306K(431300K), 0.0021350 secs] [Times: user=0.01 sys=0.00, real=0.00 secs] 
194.056: Total time for which application threads were stopped: 0.0022770 seconds, Stopping threads took: 0.0000730 seconds
194.119: Application time: 0.0633900 seconds
194.119: [GC194.119: [ParNew: 37118K->4131K(37568K), 0.0015640 secs] 328280K->296346K(431300K), 0.0015970 secs] [Times: user=0.02 sys=0.00, real=0.00 secs] 
194.121: Total time for which application threads were stopped: 0.0017610 seconds, Stopping threads took: 0.0001060 seconds
194.176: Application time: 0.0545340 seconds
194.177: [GC194.177: [ParNew: 37307K->4156K(37568K), 0.0021320 secs] 329521K->298515K(431300K), 0.0021740 secs] [Times: user=0.01 sys=0.00, real=0.00 secs] 
194.179: Total time for which application threads were stopped: 0.0031510 seconds, Stopping threads took: 0.0008830 seconds
194.242: Application time: 0.0631090 seconds
194.242: [GC194.242: [ParNew: 37257K->4140K(37568K), 0.0038080 secs] 331616K->301617K(431300K), 0.0038560 secs] [Times: user=0.02 sys=0.00, real=0.01 secs] 
194.246: Total time for which application threads were stopped: 0.0039880 seconds, Stopping threads took: 0.0000650 seconds
194.307: Application time: 0.0614560 seconds
194.307: [GC194.307: [ParNew: 37232K->4149K(37568K), 0.0019650 secs] 334709K->303702K(431300K), 0.0020070 secs] [Times: user=0.01 sys=0.00, real=0.00 secs] 
194.309: Total time for which application threads were stopped: 0.0021700 seconds, Stopping threads took: 0.0000980 seconds
194.368: Application time: 0.0584890 seconds
194.368: [GC194.368: [ParNew: 37009K->4112K(37568K), 0.0022210 secs] 336563K->306766K(431300K), 0.0022660 secs] [Times: user=0.01 sys=0.00, real=0.00 secs] 
194.370: Total time for which application threads were stopped: 0.0024150 seconds, Stopping threads took: 0.0000820 seconds
194.430: Application time: 0.0599020 seconds
194.430: [GC194.430: [ParNew: 37046K->4114K(37568K), 0.0023340 secs] 339700K->309840K(431300K), 0.0023750 secs] [Times: user=0.02 sys=0.00, real=0.00 secs] 
194.433: Total time for which application threads were stopped: 0.0025180 seconds, Stopping threads took: 0.0000720 seconds
194.497: Application time: 0.0641650 seconds
194.497: [GC194.497: [ParNew: 37125K->4114K(37568K), 0.0020580 secs] 342851K->311888K(431300K), 0.0020960 secs] [Times: user=0.02 sys=0.00, real=0.00 secs] 
194.499: Total time for which application threads were stopped: 0.0022760 seconds, Stopping threads took: 0.0001150 seconds
194.560: Application time: 0.0608870 seconds
194.560: [GC194.560: [ParNew: 36770K->4158K(37568K), 0.0015410 secs] 344544K->311938K(431300K), 0.0015800 secs] [Times: user=0.01 sys=0.00, real=0.00 secs] 
194.562: Total time for which application threads were stopped: 0.0017150 seconds, Stopping threads took: 0.0000680 seconds
194.621: Application time: 0.0595130 seconds
194.622: [GC194.622: [ParNew: 37552K->2091K(37568K), 0.0010350 secs] 345333K->309872K(431300K), 0.0010680 secs] [Times: user=0.01 sys=0.00, real=0.00 secs] 
194.623: Total time for which application threads were stopped: 0.0012190 seconds, Stopping threads took: 0.0000880 seconds
194.683: Application time: 0.0601170 seconds
194.683: [GC194.683: [ParNew: 35499K->4120K(37568K), 0.0016980 secs] 343280K->312924K(431300K), 0.0017400 secs] [Times: user=0.01 sys=0.00, real=0.01 secs] 
194.685: Total time for which application threads were stopped: 0.0019020 seconds, Stopping threads took: 0.0000870 seconds
194.735: Application time: 0.0502970 seconds
194.735: [GC194.735: [ParNew: 36505K->4144K(37568K), 0.0021470 secs] 345309K->314996K(431300K), 0.0021950 secs] [Times: user=0.02 sys=0.00, real=0.01 secs] 
194.737: Total time for which application threads were stopped: 0.0023960 seconds, Stopping threads took: 0.0001350 seconds
194.799: Application time: 0.0621340 seconds
194.800: [GC194.800: [ParNew: 37074K->4132K(37568K), 0.0019910 secs] 347926K->317061K(431300K), 0.0020320 secs] [Times: user=0.01 sys=0.00, real=0.00 secs] 
194.802: Total time for which application threads were stopped: 0.0021670 seconds, Stopping threads took: 0.0000690 seconds
194.862: Application time: 0.0607570 seconds
194.862: [GC194.863: [ParNew: 37540K->4159K(37568K), 0.0021460 secs] 350469K->319232K(431300K), 0.0021870 secs] [Times: user=0.02 sys=0.00, real=0.01 secs] 
194.865: Total time for which application threads were stopped: 0.0023140 seconds, Stopping threads took: 0.0000610 seconds
194.921: Application time: 0.0559380 seconds
194.921: [GC194.921: [ParNew: 36985K->4140K(37568K), 0.0023150 secs] 352058K->322331K(431300K), 0.0023580 secs] [Times: user=0.01 sys=0.00, real=0.00 secs] 
194.923: Total time for which application threads were stopped: 0.0024870 seconds, Stopping threads took: 0.0000600 seconds
194.985: Application time: 0.0622800 seconds
194.986: [GC194.986: [ParNew: 37219K->4145K(37568K), 0.0019850 secs] 355411K->324413K(431300K), 0.0020250 secs] [Times: user=0.02 sys=0.00, real=0.00 secs] 
194.988: Total time for which application threads were stopped: 0.0021700 seconds, Stopping threads took: 0.0000760 seconds
195.048: Application time: 0.0602520 seconds
195.048: [GC195.048: [ParNew: 37070K->4117K(37568K), 0.0024150 secs] 357338K->327485K(431300K), 0.0024540 secs] [Times: user=0.01 sys=0.00, real=0.00 secs] 
195.050: Total time for which application threads were stopped: 0.0026040 seconds, Stopping threads took: 0.0000840 seconds
195.110: Application time: 0.0599450 seconds
195.111: [GC195.111: [ParNew: 36802K->4146K(37568K), 0.0016830 secs] 360171K->328539K(431300K), 0.0017240 secs] [Times: user=0.01 sys=0.00, real=0.00 secs] 
195.112: Total time for which application threads were stopped: 0.0018870 seconds, Stopping threads took: 0.0000970 seconds
195.175: Application time: 0.0625160 seconds
195.175: [GC195.175: [ParNew: 37022K->4133K(37568K), 0.0017420 secs] 361415K->329549K(431300K), 0.0017840 secs] [Times: user=0.01 sys=0.00, real=0.01 secs] 
195.177: Total time for which application threads were stopped: 0.0019240 seconds, Stopping threads took: 0.0000710 seconds
195.238: Application time: 0.0611870 seconds
195.238: [GC195.238: [ParNew: 36900K->4118K(37568K), 0.0013400 secs] 362316K->329535K(431300K), 0.0013790 secs] [Times: user=0.01 sys=0.00, real=0.00 secs] 
195.240: Total time for which application threads were stopped: 0.0016250 seconds, Stopping threads took: 0.0001550 seconds
195.297: Application time: 0.0573150 seconds
195.297: [GC195.297: [ParNew: 36546K->4117K(37568K), 0.0015440 secs] 361963K->329534K(431300K), 0.0015840 secs] [Times: user=0.01 sys=0.00, real=0.00 secs] 
195.299: Total time for which application threads were stopped: 0.0017380 seconds, Stopping threads took: 0.0000880 seconds
195.353: Application time: 0.0541000 seconds
195.353: [GC195.353: [ParNew: 36547K->4128K(37568K), 0.0020460 secs] 361964K->331593K(431300K), 0.0020880 secs] [Times: user=0.02 sys=0.00, real=0.00 secs] 
195.355: Total time for which application threads were stopped: 0.0022980 seconds, Stopping threads took: 0.0001400 seconds
195.417: Application time: 0.0618350 seconds
195.417: [GC195.417: [ParNew: 37036K->4159K(37568K), 0.0018190 secs] 364501K->332664K(431300K), 0.0018580 secs] [Times: user=0.01 sys=0.00, real=0.00 secs] 
195.419: Total time for which application threads were stopped: 0.0019780 seconds, Stopping threads took: 0.0000550 seconds
195.476: Application time: 0.0567130 seconds
195.476: [GC195.476: [ParNew: 37567K->4114K(37568K), 0.0016540 secs] 366072K->333656K(431300K), 0.0016930 secs] [Times: user=0.02 sys=0.00, real=0.01 secs] 
195.477: Total time for which application threads were stopped: 0.0018250 seconds, Stopping threads took: 0.0000660 seconds
195.537: Application time: 0.0595320 seconds
195.537: [GC195.537: [ParNew: 37402K->4159K(37568K), 0.0023430 secs] 366943K->336838K(431300K), 0.0023910 secs] [Times: user=0.02 sys=0.00, real=0.00 secs] 
195.539: Total time for which application threads were stopped: 0.0025170 seconds, Stopping threads took: 0.0000580 seconds
195.597: Application time: 0.0572830 seconds
195.597: [GC195.597: [ParNew: 37235K->4156K(37568K), 0.0022700 secs] 369914K->339972K(431300K), 0.0023130 secs] [Times: user=0.01 sys=0.00, real=0.00 secs] 
195.599: Total time for which application threads were stopped: 0.0024420 seconds, Stopping threads took: 0.0000640 seconds
195.599: Application time: 0.0000640 seconds
195.599: [GC [1 CMS-initial-mark: 335816K(393732K)] 341002K(431300K), 0.0001280 secs] [Times: user=0.00 sys=0.00, real=0.00 secs] 
195.600: Total time for which application threads were stopped: 0.0003160 seconds, Stopping threads took: 0.0001650 seconds
195.600: [CMS-concurrent-mark-start]
195.603: [CMS-concurrent-mark: 0.004/0.004 secs] [Times: user=0.01 sys=0.00, real=0.00 secs] 
195.603: [CMS-concurrent-preclean-start]
195.604: [CMS-concurrent-preclean: 0.001/0.001 secs] [Times: user=0.00 sys=0.00, real=0.00 secs] 
195.604: [CMS-concurrent-abortable-preclean-start]
195.662: Application time: 0.0627660 seconds
195.662: [GC195.662: [ParNew: 37231K->4140K(37568K), 0.0022990 secs] 373048K->343069K(431300K), 0.0023390 secs] [Times: user=0.01 sys=0.00, real=0.01 secs] 
195.665: Total time for which application threads were stopped: 0.0025300 seconds, Stopping threads took: 0.0001230 seconds
195.725: Application time: 0.0603410 seconds
195.725: [GC195.725: [ParNew: 37011K->4130K(37568K), 0.0020050 secs] 375940K->345135K(431300K), 0.0020460 secs] [Times: user=0.01 sys=0.00, real=0.00 secs] 
195.727: Total time for which application threads were stopped: 0.0021990 seconds, Stopping threads took: 0.0000860 seconds
195.789: Application time: 0.0619600 seconds
195.789: [GC195.789: [ParNew: 37012K->4138K(37568K), 0.0014400 secs] 378018K->345143K(431300K), 0.0014750 secs] [Times: user=0.01 sys=0.00, real=0.00 secs] 
195.791: Total time for which application threads were stopped: 0.0016070 seconds, Stopping threads took: 0.0000610 seconds
195.849: Application time: 0.0582390 seconds
195.849: [GC195.849: [ParNew: 36765K->4116K(37568K), 0.0020580 secs] 377771K->347169K(431300K), 0.0020990 secs] [Times: user=0.02 sys=0.00, real=0.00 secs] 
195.851: Total time for which application threads were stopped: 0.0022320 seconds, Stopping threads took: 0.0000610 seconds
195.912: Application time: 0.0604210 seconds
195.912: [GC195.912: [ParNew: 36897K->4130K(37568K), 0.0018090 secs] 379951K->348208K(431300K), 0.0018510 secs] [Times: user=0.01 sys=0.00, real=0.00 secs] 
195.914: Total time for which application threads were stopped: 0.0019910 seconds, Stopping threads took: 0.0000710 seconds
195.978: Application time: 0.0639460 seconds
195.978: [GC195.978: [ParNew: 37130K->3130K(37568K), 0.0011300 secs] 381207K->347208K(431300K), 0.0011640 secs] [Times: user=0.01 sys=0.00, real=0.00 secs] 
195.979: Total time for which application threads were stopped: 0.0013150 seconds, Stopping threads took: 0.0000880 seconds
196.034: Application time: 0.0550010 seconds
196.034: [GC196.034: [ParNew: 36330K->4136K(37568K), 0.0015560 secs] 380408K->348213K(431300K), 0.0015910 secs] [Times: user=0.01 sys=0.00, real=0.00 secs] 
196.036: Total time for which application threads were stopped: 0.0017390 seconds, Stopping threads took: 0.0000850 seconds
196.092: Application time: 0.0560730 seconds
196.092: [GC196.092: [ParNew: 36783K->4145K(37568K), 0.0020600 secs] 380861K->350270K(431300K), 0.0021040 secs] [Times: user=0.01 sys=0.00, real=0.00 secs] 
196.094: Total time for which application threads were stopped: 0.0022700 seconds, Stopping threads took: 0.0000970 seconds
196.155: Application time: 0.0610010 seconds
196.155: [GC196.155: [ParNew: 37000K->4159K(37568K), 0.0018360 secs] 383126K->351354K(431300K), 0.0018920 secs] [Times: user=0.01 sys=0.00, real=0.01 secs] 
196.157: Total time for which application threads were stopped: 0.0020470 seconds, Stopping threads took: 0.0000860 seconds
196.215: Application time: 0.0578660 seconds
196.216: [GC196.216: [ParNew: 37214K->4158K(37568K), 0.0019330 secs] 384409K->353481K(431300K), 0.0019740 secs] [Times: user=0.01 sys=0.00, real=0.00 secs] 
196.218: Total time for which application threads were stopped: 0.0033000 seconds, Stopping threads took: 0.0012580 seconds
196.278: Application time: 0.0595800 seconds
196.278: [GC196.278: [ParNew: 37148K->4146K(37568K), 0.0023270 secs] 386471K->356587K(431300K), 0.0023690 secs] [Times: user=0.01 sys=0.00, real=0.00 secs] 
196.280: Total time for which application threads were stopped: 0.0024920 seconds, Stopping threads took: 0.0000560 seconds
196.339: Application time: 0.0584560 seconds
196.339: [GC196.339: [ParNew: 37147K->4145K(37568K), 0.0024540 secs] 389588K->359687K(431300K), 0.0024930 secs] [Times: user=0.02 sys=0.00, real=0.00 secs] 
196.342: Total time for which application threads were stopped: 0.0026290 seconds, Stopping threads took: 0.0000620 seconds
196.403: Application time: 0.0615800 seconds
196.403: [GC196.403: [ParNew: 37101K->4132K(37568K), 0.0020210 secs] 392642K->361750K(431300K), 0.0020640 secs] [Times: user=0.02 sys=0.00, real=0.01 secs] 
196.405: Total time for which application threads were stopped: 0.0022040 seconds, Stopping threads took: 0.0000710 seconds
196.466: Application time: 0.0607080 seconds
196.466: [GC196.466: [ParNew: 36905K->4134K(37568K), 0.0016850 secs] 394523K->362776K(431300K), 0.0017220 secs] [Times: user=0.01 sys=0.00, real=0.00 secs] 
196.468: Total time for which application threads were stopped: 0.0018900 seconds, Stopping threads took: 0.0001020 seconds
196.527: Application time: 0.0591350 seconds
196.527: [GC196.527: [ParNew: 36627K->4134K(37568K), 0.0016750 secs] 395269K->363800K(431300K), 0.0017160 secs] [Times: user=0.01 sys=0.00, real=0.00 secs] 
196.529: Total time for which application threads were stopped: 0.0018500 seconds, Stopping threads took: 0.0000670 seconds
196.587: Application time: 0.0581280 seconds
196.587: [GC196.587: [ParNew: 36840K->4115K(37568K), 0.0020530 secs] 396506K->365830K(431300K), 0.0020940 secs] [Times: user=0.01 sys=0.00, real=0.00 secs] 
196.589: Total time for which application threads were stopped: 0.0022740 seconds, Stopping threads took: 0.0001090 seconds
196.650: Application time: 0.0604350 seconds
196.650: [GC196.650: [ParNew: 36945K->4134K(37568K), 0.0017420 secs] 398659K->366873K(431300K), 0.0017770 secs] [Times: user=0.01 sys=0.00, real=0.00 secs] 
196.652: Total time for which application threads were stopped: 0.0019010 seconds, Stopping threads took: 0.0000560 seconds
196.710: Application time: 0.0579780 seconds
196.710: [GC196.710: [ParNew: 36595K->4135K(37568K), 0.0013900 secs] 399333K->366873K(431300K), 0.0014280 secs] [Times: user=0.01 sys=0.00, real=0.00 secs] 
196.711: Total time for which application threads were stopped: 0.0015550 seconds, Stopping threads took: 0.0000620 seconds
196.770: Application time: 0.0588650 seconds
196.770: [GC196.770: [ParNew: 36935K->4144K(37568K), 0.0020440 secs] 399673K->368930K(431300K), 0.0020850 secs] [Times: user=0.01 sys=0.00, real=0.00 secs] 
196.772: Total time for which application threads were stopped: 0.0022220 seconds, Stopping threads took: 0.0000640 seconds
196.831: Application time: 0.0582910 seconds
196.831: [GC196.831: [ParNew: 37011K->4156K(37568K), 0.0021310 secs] 401797K->371023K(431300K), 0.0021720 secs] [Times: user=0.02 sys=0.00, real=0.00 secs] 
196.833: Total time for which application threads were stopped: 0.0023620 seconds, Stopping threads took: 0.0001220 seconds
196.892: Application time: 0.0591080 seconds
196.892: [GC196.892: [ParNew: 37376K->4158K(37568K), 0.0018350 secs] 404242K->372162K(431300K), 0.0018720 secs] [Times: user=0.01 sys=0.00, real=0.00 secs] 
196.894: Total time for which application threads were stopped: 0.0020670 seconds, Stopping threads took: 0.0001200 seconds
196.952: Application time: 0.0581860 seconds
196.952: [GC196.952: [ParNew: 37004K->4147K(37568K), 0.0020460 secs] 405008K->374225K(431300K), 0.0020950 secs] [Times: user=0.02 sys=0.00, real=0.00 secs] 
196.955: Total time for which application threads were stopped: 0.0022500 seconds, Stopping threads took: 0.0000910 seconds
197.016: Application time: 0.0613320 seconds
197.017: [GC197.017: [ParNew: 37143K->4146K(37568K), 0.0021020 secs] 407220K->376300K(431300K), 0.0021430 secs] [Times: user=0.02 sys=0.00, real=0.00 secs] 
197.019: Total time for which application threads were stopped: 0.0027770 seconds, Stopping threads took: 0.0005460 seconds
197.083: Application time: 0.0638930 seconds
197.083: [GC197.083: [ParNew: 36948K->3119K(37568K), 0.0010990 secs] 409102K->375302K(431300K), 0.0011330 secs] [Times: user=0.01 sys=0.00, real=0.00 secs] 
197.084: Total time for which application threads were stopped: 0.0012840 seconds, Stopping threads took: 0.0000930 seconds
197.139: Application time: 0.0551090 seconds
197.139: [GC197.139: [ParNew: 36527K->4118K(37568K), 0.0020740 secs] 408710K->378349K(431300K), 0.0021170 secs] [Times: user=0.01 sys=0.00, real=0.00 secs] 
197.141: Total time for which application threads were stopped: 0.0022690 seconds, Stopping threads took: 0.0000850 seconds
197.205: Application time: 0.0633110 seconds
197.205: [GC197.205: [ParNew: 36920K->4116K(37568K), 0.0021050 secs] 411151K->380395K(431300K), 0.0021440 secs] [Times: user=0.01 sys=0.00, real=0.00 secs] 
197.207: Total time for which application threads were stopped: 0.0023110 seconds, Stopping threads took: 0.0001020 seconds
197.265: Application time: 0.0578960 seconds
197.265: [GC197.265: [ParNew: 36905K->4133K(37568K), 0.0018430 secs] 413184K->381436K(431300K), 0.0018790 secs] [Times: user=0.02 sys=0.00, real=0.00 secs] 
197.267: Total time for which application threads were stopped: 0.0020900 seconds, Stopping threads took: 0.0001470 seconds
197.330: Application time: 0.0627870 seconds
197.330: [GC197.330: [ParNew: 36754K->3101K(37568K), 0.0011530 secs] 414057K->380404K(431300K), 0.0011830 secs] [Times: user=0.01 sys=0.00, real=0.00 secs] 
197.331: Total time for which application threads were stopped: 0.0013190 seconds, Stopping threads took: 0.0000810 seconds
197.384: Application time: 0.0530670 seconds
197.384: [GC197.384: [ParNew: 35574K->4112K(37568K), 0.0022390 secs] 412877K->384487K(431300K), 0.0022790 secs] [Times: user=0.01 sys=0.00, real=0.01 secs] 
197.386: Total time for which application threads were stopped: 0.0024100 seconds, Stopping threads took: 0.0000650 seconds
197.443: Application time: 0.0562320 seconds
197.443: [GC197.443: [ParNew: 36994K->4112K(37568K), 0.0024170 secs] 417369K->387559K(431300K), 0.0024580 secs] [Times: user=0.02 sys=0.00, real=0.01 secs] 
197.445: Total time for which application threads were stopped: 0.0025970 seconds, Stopping threads took: 0.0000680 seconds
197.507: Application time: 0.0617730 seconds
197.507: [GC197.507: [ParNew: 37313K->4152K(37568K), 0.0023190 secs] 420760K->390687K(431300K), 0.0023600 secs] [Times: user=0.01 sys=0.00, real=0.00 secs] 
197.510: Total time for which application threads were stopped: 0.0025120 seconds, Stopping threads took: 0.0000860 seconds
197.571: Application time: 0.0618210 seconds
197.572: [GC197.572: [ParNew: 37549K->4157K(37568K), 0.0023310 secs] 424084K->393878K(431300K), 0.0023720 secs] [Times: user=0.01 sys=0.00, real=0.00 secs] 
197.574: Total time for which application threads were stopped: 0.0025440 seconds, Stopping threads took: 0.0001060 seconds
197.636: Application time: 0.0620220 seconds
197.636: [GC197.636: [ParNew: 37210K->4158K(37568K), 0.0020480 secs] 426930K->395968K(431300K), 0.0020900 secs] [Times: user=0.01 sys=0.00, real=0.01 secs] 
197.638: Total time for which application threads were stopped: 0.0022300 seconds, Stopping threads took: 0.0000720 seconds
197.699: Application time: 0.0607430 seconds
197.699: [GC197.699: [ParNew: 36975K->4159K(37568K), 0.0014780 secs] 428785K->395997K(431300K), 0.0015130 secs] [Times: user=0.01 sys=0.00, real=0.00 secs] 
197.701: Total time for which application threads were stopped: 0.0016640 seconds, Stopping threads took: 0.0000810 seconds
197.758: Application time: 0.0573150 seconds
197.758: [GC197.758: [ParNew: 37567K->4122K(37568K), 0.0017610 secs] 429405K->397013K(431300K), 0.0017960 secs] [Times: user=0.02 sys=0.00, real=0.00 secs] 
197.760: Total time for which application threads were stopped: 0.0019330 seconds, Stopping threads took: 0.0000720 seconds
197.821: Application time: 0.0610490 seconds
197.821: [GC197.821: [ParNew: 37030K->4114K(37568K), 0.0021430 secs] 429921K->400077K(434384K), 0.0021830 secs] [Times: user=0.02 sys=0.00, real=0.00 secs] 
197.823: Total time for which application threads were stopped: 0.0023800 seconds, Stopping threads took: 0.0001280 seconds
197.883: Application time: 0.0596450 seconds
197.883: [GC197.883: [ParNew: 36903K->4146K(37568K), 0.0017970 secs] 432866K->401134K(435412K), 0.0018390 secs] [Times: user=0.02 sys=0.00, real=0.01 secs] 
197.885: Total time for which application threads were stopped: 0.0019810 seconds, Stopping threads took: 0.0000710 seconds
197.946: Application time: 0.0609520 seconds
197.946: [GC197.946: [ParNew: 36806K->3129K(37568K), 0.0011750 secs] 433793K->400116K(435412K), 0.0012060 secs] [Times: user=0.01 sys=0.00, real=0.00 secs] 
197.947: Total time for which application threads were stopped: 0.0013490 seconds, Stopping threads took: 0.0000820 seconds
198.008: Application time: 0.0603890 seconds
198.008: [GC198.008: [ParNew: 35705K->3115K(37568K), 0.0010980 secs] 432692K->400102K(435412K), 0.0011290 secs] [Times: user=0.00 sys=0.00, real=0.00 secs] 
198.009: Total time for which application threads were stopped: 0.0012500 seconds, Stopping threads took: 0.0000630 seconds
198.065: Application time: 0.0559310 seconds
198.065: [GC198.065: [ParNew: 36513K->4112K(37568K), 0.0016890 secs] 433501K->402124K(436440K), 0.0017240 secs] [Times: user=0.01 sys=0.00, real=0.00 secs] 
198.067: Total time for which application threads were stopped: 0.0018570 seconds, Stopping threads took: 0.0000710 seconds
198.125: Application time: 0.0587220 seconds
198.125: [GC198.126: [ParNew: 36942K->4116K(37568K), 0.0018080 secs] 434953K->404175K(438496K), 0.0018460 secs] [Times: user=0.01 sys=0.00, real=0.00 secs] 
198.127: Total time for which application threads were stopped: 0.0019800 seconds, Stopping threads took: 0.0000670 seconds
198.187: Application time: 0.0596760 seconds
198.187: [GC198.187: [ParNew: 37413K->4156K(37568K), 0.0020090 secs] 437473K->406307K(440552K), 0.0020490 secs] [Times: user=0.02 sys=0.00, real=0.00 secs] 
198.189: Total time for which application threads were stopped: 0.0022070 seconds, Stopping threads took: 0.0000920 seconds
198.250: Application time: 0.0612270 seconds
198.251: [GC198.251: [ParNew: 37398K->4157K(37568K), 0.0019880 secs] 439550K->408442K(442608K), 0.0020360 secs] [Times: user=0.01 sys=0.00, real=0.00 secs] 
198.253: Total time for which application threads were stopped: 0.0021680 seconds, Stopping threads took: 0.0000640 seconds
198.314: Application time: 0.0611500 seconds
198.314: [GC198.314: [ParNew: 37093K->4156K(37568K), 0.0019600 secs] 441378K->410535K(444664K), 0.0020010 secs] [Times: user=0.01 sys=0.00, real=0.00 secs] 
198.316: Total time for which application threads were stopped: 0.0021640 seconds, Stopping threads took: 0.0000940 seconds
198.376: Application time: 0.0596020 seconds
198.376: [GC198.376: [ParNew: 36833K->3123K(37568K), 0.0012200 secs] 443211K->409527K(444664K), 0.0012540 secs] [Times: user=0.01 sys=0.00, real=0.01 secs] 
198.377: Total time for which application threads were stopped: 0.0013890 seconds, Stopping threads took: 0.0000730 seconds
198.434: Application time: 0.0570650 seconds
198.434: [GC198.434: [ParNew: 36531K->4112K(37568K), 0.0019470 secs] 442935K->412592K(446720K), 0.0019880 secs] [Times: user=0.01 sys=0.00, real=0.00 secs] 
198.436: Total time for which application threads were stopped: 0.0021210 seconds, Stopping threads took: 0.0000650 seconds
198.495: Application time: 0.0586350 seconds
198.495: [GC198.495: [ParNew: 36854K->4132K(37568K), 0.0019470 secs] 445333K->414659K(448776K), 0.0019960 secs] [Times: user=0.01 sys=0.01, real=0.01 secs] 
198.497: Total time for which application threads were stopped: 0.0021360 seconds, Stopping threads took: 0.0000700 seconds
198.555: Application time: 0.0577610 seconds
198.555: [GC198.555: [ParNew: 36839K->4112K(37568K), 0.0021350 secs] 447366K->417711K(451860K), 0.0021800 secs] [Times: user=0.01 sys=0.01, real=0.01 secs] 
198.557: Total time for which application threads were stopped: 0.0023710 seconds, Stopping threads took: 0.0001200 seconds
198.621: Application time: 0.0636390 seconds
198.624: [GC198.624: [ParNew: 37139K->4112K(37568K), 0.0017020 secs] 450739K->418735K(452888K), 0.0017430 secs] [Times: user=0.01 sys=0.00, real=0.00 secs] 
198.626: Total time for which application threads were stopped: 0.0054510 seconds, Stopping threads took: 0.0036430 seconds
198.683: Application time: 0.0565340 seconds
198.683: [GC198.683: [ParNew: 36953K->4130K(37568K), 0.0018930 secs] 451576K->420802K(454944K), 0.0019340 secs] [Times: user=0.01 sys=0.01, real=0.01 secs] 
198.685: Total time for which application threads were stopped: 0.0020810 seconds, Stopping threads took: 0.0000800 seconds
198.746: Application time: 0.0610320 seconds
198.746: [GC198.746: [ParNew: 37024K->4128K(37568K), 0.0019560 secs] 453695K->422848K(457000K), 0.0019970 secs] [Times: user=0.02 sys=0.00, real=0.00 secs] 
198.748: Total time for which application threads were stopped: 0.0021570 seconds, Stopping threads took: 0.0000980 seconds
198.809: Application time: 0.0606380 seconds
198.809: [GC198.809: [ParNew: 36889K->4112K(37568K), 0.0020480 secs] 455609K->424880K(459056K), 0.0020900 secs] [Times: user=0.02 sys=0.00, real=0.00 secs] 
198.811: Total time for which application threads were stopped: 0.0022250 seconds, Stopping threads took: 0.0000660 seconds
198.875: Application time: 0.0644720 seconds
198.875: [GC198.875: [ParNew: 37200K->3230K(37568K), 0.0013770 secs] 457968K->423998K(459056K), 0.0014140 secs] [Times: user=0.00 sys=0.00, real=0.01 secs] 
198.877: Total time for which application threads were stopped: 0.0015470 seconds, Stopping threads took: 0.0000690 seconds
198.934: Application time: 0.0575630 seconds
198.935: [GC198.935: [ParNew: 35938K->4158K(37568K), 0.0017560 secs] 456706K->426080K(460084K), 0.0017940 secs] [Times: user=0.01 sys=0.00, real=0.01 secs] 
198.936: Total time for which application threads were stopped: 0.0019300 seconds, Stopping threads took: 0.0000680 seconds
198.996: Application time: 0.0599680 seconds
198.996: [GC198.996: [ParNew: 37013K->4152K(37568K), 0.0020180 secs] 458935K->428171K(462140K), 0.0020610 secs] [Times: user=0.02 sys=0.00, real=0.00 secs] 
198.999: Total time for which application threads were stopped: 0.0021960 seconds, Stopping threads took: 0.0000590 seconds
199.059: Application time: 0.0608390 seconds
199.059: [GC199.059: [ParNew: 37091K->4158K(37568K), 0.0017780 secs] 461110K->429238K(463168K), 0.0018180 secs] [Times: user=0.02 sys=0.00, real=0.00 secs] 
199.061: Total time for which application threads were stopped: 0.0019520 seconds, Stopping threads took: 0.0000680 seconds
199.118: Application time: 0.0571570 seconds
199.119: [GC199.119: [ParNew: 37566K->4111K(37568K), 0.0016280 secs] 462646K->430227K(464196K), 0.0016660 secs] [Times: user=0.01 sys=0.00, real=0.00 secs] 
199.120: Total time for which application threads were stopped: 0.0018220 seconds, Stopping threads took: 0.0000830 seconds
199.182: Application time: 0.0614010 seconds
199.182: [GC199.182: [ParNew: 36943K->4118K(37568K), 0.0017130 secs] 463060K->431259K(465224K), 0.0017560 secs] [Times: user=0.01 sys=0.00, real=0.00 secs] 
199.184: Total time for which application threads were stopped: 0.0019150 seconds, Stopping threads took: 0.0000920 seconds
199.244: Application time: 0.0608010 seconds
199.245: [GC199.245: [ParNew: 36903K->4130K(37568K), 0.0033330 secs] 464043K->433318K(467280K), 0.0033770 secs] [Times: user=0.01 sys=0.00, real=0.00 secs] 
199.248: Total time for which application threads were stopped: 0.0035090 seconds, Stopping threads took: 0.0000610 seconds
199.302: Application time: 0.0541250 seconds
199.302: [GC199.302: [ParNew: 36596K->4114K(37568K), 0.0020800 secs] 465784K->435350K(469336K), 0.0021310 secs] [Times: user=0.01 sys=0.00, real=0.01 secs] 
199.304: Total time for which application threads were stopped: 0.0022650 seconds, Stopping threads took: 0.0000640 seconds
199.364: Application time: 0.0598930 seconds
199.364: [GC199.364: [ParNew: 36911K->4132K(37568K), 0.0019270 secs] 468147K->437416K(471392K), 0.0019650 secs] [Times: user=0.01 sys=0.00, real=0.00 secs] 
199.366: Total time for which application threads were stopped: 0.0021050 seconds, Stopping threads took: 0.0000750 seconds
199.434: Application time: 0.0680400 seconds
199.434: [GC199.435: [ParNew: 37336K->4141K(37568K), 0.0014270 secs] 470620K->437425K(471392K), 0.0014640 secs] [Times: user=0.01 sys=0.00, real=0.00 secs] 
199.436: Total time for which application threads were stopped: 0.0016170 seconds, Stopping threads took: 0.0000870 seconds
199.496: Application time: 0.0596330 seconds
199.496: [GC199.496: [ParNew: 36755K->4120K(37568K), 0.0017770 secs] 470039K->438428K(472420K), 0.0018160 secs] [Times: user=0.01 sys=0.00, real=0.01 secs] 
199.498: Total time for which application threads were stopped: 0.0019380 seconds, Stopping threads took: 0.0000600 seconds
199.553: Application time: 0.0558780 seconds
199.554: [GC199.554: [ParNew: 36931K->4159K(37568K), 0.0018250 secs] 471240K->439547K(473448K), 0.0018660 secs] [Times: user=0.02 sys=0.00, real=0.00 secs] 
199.556: Total time for which application threads were stopped: 0.0020670 seconds, Stopping threads took: 0.0001240 seconds
199.615: Application time: 0.0598160 seconds
199.615: [GC199.615: [ParNew: 37108K->4159K(37568K), 0.0017560 secs] 472496K->440657K(474668K), 0.0017930 secs] [Times: user=0.01 sys=0.00, real=0.01 secs] 
199.617: Total time for which application threads were stopped: 0.0019210 seconds, Stopping threads took: 0.0000630 seconds
199.676: Application time: 0.0584000 seconds
199.676: [GC199.676: [ParNew: 36964K->4158K(37568K), 0.0018350 secs] 473462K->441714K(475696K), 0.0018750 secs] [Times: user=0.01 sys=0.01, real=0.01 secs] 
199.678: Total time for which application threads were stopped: 0.0020060 seconds, Stopping threads took: 0.0000640 seconds
199.734: Application time: 0.0568400 seconds
199.735: [GC199.735: [ParNew: 36825K->4114K(37568K), 0.0020070 secs] 474381K->443743K(477752K), 0.0020490 secs] [Times: user=0.02 sys=0.00, real=0.01 secs] 
199.737: Total time for which application threads were stopped: 0.0022080 seconds, Stopping threads took: 0.0000900 seconds
199.800: Application time: 0.0634070 seconds
199.800: [GC199.800: [ParNew: 37187K->4158K(37568K), 0.0019370 secs] 476816K->445835K(479808K), 0.0019740 secs] [Times: user=0.01 sys=0.00, real=0.00 secs] 
199.802: Total time for which application threads were stopped: 0.0020930 seconds, Stopping threads took: 0.0000560 seconds
199.859: Application time: 0.0567760 seconds
199.859: [GC199.859: [ParNew: 36860K->4117K(37568K), 0.0019590 secs] 478537K->447871K(481864K), 0.0019970 secs] [Times: user=0.00 sys=0.01, real=0.00 secs] 
199.861: Total time for which application threads were stopped: 0.0021640 seconds, Stopping threads took: 0.0001000 seconds
199.923: Application time: 0.0616060 seconds
199.923: [GC199.923: [ParNew: 37079K->4117K(37568K), 0.0017800 secs] 480833K->448894K(482892K), 0.0018180 secs] [Times: user=0.01 sys=0.01, real=0.01 secs] 
199.925: Total time for which application threads were stopped: 0.0019540 seconds, Stopping threads took: 0.0000710 seconds
199.985: Application time: 0.0598310 seconds
199.985: [GC199.985: [ParNew: 36932K->4135K(37568K), 0.0014820 secs] 481710K->448912K(482892K), 0.0015190 secs] [Times: user=0.01 sys=0.00, real=0.00 secs] 
199.986: Total time for which application threads were stopped: 0.0016700 seconds, Stopping threads took: 0.0000810 seconds
200.048: Application time: 0.0617190 seconds
200.048: [GC200.048: [ParNew: 36959K->4148K(37568K), 0.0017830 secs] 481737K->449949K(483920K), 0.0018340 secs] [Times: user=0.00 sys=0.00, real=0.00 secs] 
200.050: Total time for which application threads were stopped: 0.0020050 seconds, Stopping threads took: 0.0001080 seconds
200.108: Application time: 0.0576900 seconds
200.108: [GC200.108: [ParNew: 37556K->4134K(37568K), 0.0015370 secs] 483357K->449936K(483920K), 0.0015740 secs] [Times: user=0.01 sys=0.00, real=0.00 secs] 
200.109: Total time for which application threads were stopped: 0.0017960 seconds, Stopping threads took: 0.0001450 seconds
200.173: Application time: 0.0633130 seconds
200.173: [GC200.173: [ParNew: 36975K->4114K(37568K), 0.0017010 secs] 482777K->450940K(484948K), 0.0017400 secs] [Times: user=0.01 sys=0.00, real=0.00 secs] 
200.175: Total time for which application threads were stopped: 0.0018790 seconds, Stopping threads took: 0.0000740 seconds
200.230: Application time: 0.0557930 seconds
200.231: [GC200.231: [ParNew: 36869K->4158K(37568K), 0.0015150 secs] 483695K->451031K(484948K), 0.0015520 secs] [Times: user=0.01 sys=0.00, real=0.00 secs] 
200.232: Total time for which application threads were stopped: 0.0016850 seconds, Stopping threads took: 0.0000690 seconds
200.288: Application time: 0.0559870 seconds
200.288: [GC200.288: [ParNew: 37145K->4158K(37568K), 0.0021190 secs] 484019K->453173K(487196K), 0.0021600 secs] [Times: user=0.02 sys=0.00, real=0.00 secs] 
200.290: Total time for which application threads were stopped: 0.0022950 seconds, Stopping threads took: 0.0000660 seconds
200.351: Application time: 0.0608570 seconds
200.351: [GC200.351: [ParNew: 36968K->4159K(37568K), 0.0019460 secs] 485983K->455253K(489252K), 0.0019880 secs] [Times: user=0.00 sys=0.00, real=0.00 secs] 
200.353: Total time for which application threads were stopped: 0.0021380 seconds, Stopping threads took: 0.0000880 seconds
200.411: Application time: 0.0580730 seconds
200.412: [GC200.412: [ParNew: 36961K->4114K(37568K), 0.0019760 secs] 488054K->457283K(491308K), 0.0020170 secs] [Times: user=0.00 sys=0.01, real=0.00 secs] 
200.414: Total time for which application threads were stopped: 0.0021580 seconds, Stopping threads took: 0.0000740 seconds
200.473: Application time: 0.0595400 seconds
200.473: [GC200.473: [ParNew: 37054K->4146K(37568K), 0.0019780 secs] 490223K->459364K(493364K), 0.0020180 secs] [Times: user=0.01 sys=0.00, real=0.00 secs] 
200.475: Total time for which application threads were stopped: 0.0021740 seconds, Stopping threads took: 0.0000890 seconds
200.539: Application time: 0.0635360 seconds
200.539: [GC200.539: [ParNew: 37109K->4130K(37568K), 0.0016970 secs] 492327K->460400K(494392K), 0.0017310 secs] [Times: user=0.02 sys=0.00, real=0.00 secs] 
200.541: Total time for which application threads were stopped: 0.0018550 seconds, Stopping threads took: 0.0000640 seconds
200.598: Application time: 0.0569540 seconds
200.598: [GC200.598: [ParNew: 36823K->4117K(37568K), 0.0020730 secs] 493093K->462435K(496448K), 0.0021140 secs] [Times: user=0.02 sys=0.00, real=0.00 secs] 
200.600: Total time for which application threads were stopped: 0.0022670 seconds, Stopping threads took: 0.0000890 seconds
200.661: Application time: 0.0613800 seconds
200.661: [GC200.662: [ParNew: 36937K->4131K(37568K), 0.0019650 secs] 495255K->464497K(498504K), 0.0020060 secs] [Times: user=0.01 sys=0.00, real=0.00 secs] 
200.664: Total time for which application threads were stopped: 0.0021630 seconds, Stopping threads took: 0.0000840 seconds
 CMS: abort preclean due to time 200.664: [CMS-concurrent-abortable-preclean: 0.073/5.060 secs] [Times: user=39.75 sys=0.11, real=5.07 secs] 
200.664: Application time: 0.0009700 seconds
200.665: [GC[YG occupancy: 5193 K (37568 K)]200.665: [Rescan (parallel) , 0.0002200 secs]200.665: [weak refs processing, 0.0000050 secs]200.665: [scrub string table, 0.0001350 secs] [1 CMS-remark: 460366K(460936K)] 465560K(498504K), 0.0003810 secs] [Times: user=0.00 sys=0.00, real=0.00 secs] 
200.665: Total time for which application threads were stopped: 0.0004500 seconds, Stopping threads took: 0.0000440 seconds
200.665: [CMS-concurrent-sweep-start]
200.666: [CMS-concurrent-sweep: 0.001/0.001 secs] [Times: user=0.00 sys=0.00, real=0.00 secs] 
200.666: [CMS-concurrent-reset-start]
200.668: [CMS-concurrent-reset: 0.002/0.002 secs] [Times: user=0.00 sys=0.00, real=0.00 secs] 
200.725: Application time: 0.0602490 seconds
200.725: [GC200.725: [ParNew: 36779K->4133K(37568K), 0.0015140 secs] 168015K->135368K(498504K), 0.0015510 secs] [Times: user=0.01 sys=0.00, real=0.00 secs] 
200.727: Total time for which application threads were stopped: 0.0016930 seconds, Stopping threads took: 0.0000760 seconds
200.789: Application time: 0.0622500 seconds
200.789: [GC200.789: [ParNew: 36934K->3097K(37568K), 0.0011010 secs] 168169K->134332K(498504K), 0.0011310 secs] [Times: user=0.01 sys=0.00, real=0.00 secs] 
200.790: Total time for which application threads were stopped: 0.0012660 seconds, Stopping threads took: 0.0000780 seconds
200.846: Application time: 0.0553630 seconds
200.846: [GC200.846: [ParNew: 36477K->4123K(37568K), 0.0014890 secs] 167712K->135358K(498504K), 0.0015270 secs] [Times: user=0.01 sys=0.00, real=0.00 secs] 
200.847: Total time for which application threads were stopped: 0.0016460 seconds, Stopping threads took: 0.0000550 seconds
200.903: Application time: 0.0559800 seconds
200.904: [GC200.904: [ParNew: 36977K->4156K(37568K), 0.0020610 secs] 168212K->137455K(498504K), 0.0021010 secs] [Times: user=0.02 sys=0.00, real=0.01 secs] 
200.906: Total time for which application threads were stopped: 0.0022620 seconds, Stopping threads took: 0.0000940 seconds
200.966: Application time: 0.0607440 seconds
200.967: [GC200.967: [ParNew: 37381K->4158K(37568K), 0.0020350 secs] 170680K->139630K(498504K), 0.0020760 secs] [Times: user=0.01 sys=0.00, real=0.00 secs] 
200.969: Total time for which application threads were stopped: 0.0022020 seconds, Stopping threads took: 0.0000560 seconds
201.027: Application time: 0.0584040 seconds
201.027: [GC201.027: [ParNew: 37060K->4158K(37568K), 0.0017840 secs] 172532K->140690K(498504K), 0.0018200 secs] [Times: user=0.01 sys=0.00, real=0.00 secs] 
201.029: Total time for which application threads were stopped: 0.0019430 seconds, Stopping threads took: 0.0000560 seconds
201.088: Application time: 0.0585840 seconds
201.088: [GC201.088: [ParNew: 36885K->4130K(37568K), 0.0020290 secs] 173416K->142739K(498504K), 0.0020680 secs] [Times: user=0.02 sys=0.00, real=0.00 secs] 
201.090: Total time for which application threads were stopped: 0.0022060 seconds, Stopping threads took: 0.0000730 seconds
201.149: Application time: 0.0592700 seconds
201.149: [GC201.149: [ParNew: 37038K->4142K(37568K), 0.0023130 secs] 175646K->145822K(498504K), 0.0023510 secs] [Times: user=0.01 sys=0.00, real=0.00 secs] 
201.152: Total time for which application threads were stopped: 0.0024830 seconds, Stopping threads took: 0.0000710 seconds
201.211: Application time: 0.0593290 seconds
201.211: [GC201.211: [ParNew: 37074K->4116K(37568K), 0.0023270 secs] 178754K->148897K(498504K), 0.0023730 secs] [Times: user=0.01 sys=0.00, real=0.00 secs] 
201.213: Total time for which application threads were stopped: 0.0025140 seconds, Stopping threads took: 0.0000620 seconds
201.274: Application time: 0.0604630 seconds
201.274: [GC201.274: [ParNew: 36952K->4135K(37568K), 0.0019850 secs] 181733K->149940K(498504K), 0.0020240 secs] [Times: user=0.01 sys=0.00, real=0.00 secs] 
201.276: Total time for which application threads were stopped: 0.0021570 seconds, Stopping threads took: 0.0000640 seconds
201.338: Application time: 0.0624320 seconds
201.339: [GC201.339: [ParNew: 37047K->4131K(37568K), 0.0014440 secs] 182852K->149936K(498504K), 0.0014810 secs] [Times: user=0.01 sys=0.00, real=0.00 secs] 
201.340: Total time for which application threads were stopped: 0.0016370 seconds, Stopping threads took: 0.0000920 seconds
201.400: Application time: 0.0600370 seconds
201.404: [GC201.404: [ParNew: 36772K->3111K(37568K), 0.0012410 secs] 182577K->148916K(498504K), 0.0012760 secs] [Times: user=0.00 sys=0.00, real=0.00 secs] 
201.406: Total time for which application threads were stopped: 0.0055790 seconds, Stopping threads took: 0.0042360 seconds
201.464: Application time: 0.0580260 seconds
201.464: [GC201.464: [ParNew: 36510K->4133K(37568K), 0.0017690 secs] 182315K->150962K(498504K), 0.0018030 secs] [Times: user=0.01 sys=0.00, real=0.01 secs] 
201.466: Total time for which application threads were stopped: 0.0019240 seconds, Stopping threads took: 0.0000590 seconds
201.523: Application time: 0.0574280 seconds
201.523: [GC201.523: [ParNew: 36733K->4118K(37568K), 0.0020440 secs] 183562K->152995K(498504K), 0.0020860 secs] [Times: user=0.02 sys=0.00, real=0.01 secs] 
201.525: Total time for which application threads were stopped: 0.0022170 seconds, Stopping threads took: 0.0000630 seconds
201.580: Application time: 0.0551340 seconds
201.581: [GC201.581: [ParNew: 36937K->4153K(37568K), 0.0020440 secs] 185814K->155094K(498504K), 0.0020840 secs] [Times: user=0.01 sys=0.00, real=0.00 secs] 
201.583: Total time for which application threads were stopped: 0.0022220 seconds, Stopping threads took: 0.0000710 seconds
201.642: Application time: 0.0595670 seconds
201.642: [GC201.642: [ParNew: 37370K->4158K(37568K), 0.0021390 secs] 188311K->157270K(498504K), 0.0021770 secs] [Times: user=0.01 sys=0.00, real=0.01 secs] 
201.645: Total time for which application threads were stopped: 0.0023160 seconds, Stopping threads took: 0.0000730 seconds
201.706: Application time: 0.0611400 seconds
201.706: [GC201.706: [ParNew: 37105K->4145K(37568K), 0.0017270 secs] 190217K->158315K(498504K), 0.0017670 secs] [Times: user=0.01 sys=0.00, real=0.00 secs] 
201.708: Total time for which application threads were stopped: 0.0018990 seconds, Stopping threads took: 0.0000660 seconds
201.764: Application time: 0.0563800 seconds
201.764: [GC201.764: [ParNew: 36791K->4111K(37568K), 0.0020340 secs] 190961K->160358K(498504K), 0.0020760 secs] [Times: user=0.02 sys=0.00, real=0.01 secs] 
201.766: Total time for which application threads were stopped: 0.0022230 seconds, Stopping threads took: 0.0000690 seconds
201.826: Application time: 0.0601930 seconds
201.827: [GC201.827: [ParNew: 37137K->4142K(37568K), 0.0023740 secs] 193383K->163460K(498504K), 0.0024170 secs] [Times: user=0.02 sys=0.00, real=0.00 secs] 
201.829: Total time for which application threads were stopped: 0.0026060 seconds, Stopping threads took: 0.0001240 seconds
201.888: Application time: 0.0588220 seconds
201.888: [GC201.888: [ParNew: 37048K->4116K(37568K), 0.0023220 secs] 196367K->166535K(498504K), 0.0023610 secs] [Times: user=0.02 sys=0.00, real=0.00 secs] 
201.890: Total time for which application threads were stopped: 0.0024960 seconds, Stopping threads took: 0.0000670 seconds
201.952: Application time: 0.0614730 seconds
201.952: [GC201.952: [ParNew: 36999K->4130K(37568K), 0.0020410 secs] 199418K->168597K(498504K), 0.0020780 secs] [Times: user=0.01 sys=0.00, real=0.00 secs] 
201.954: Total time for which application threads were stopped: 0.0022180 seconds, Stopping threads took: 0.0000770 seconds
202.016: Application time: 0.0615670 seconds
202.016: [GC202.016: [ParNew: 36962K->4131K(37568K), 0.0017780 secs] 201429K->169622K(498504K), 0.0018190 secs] [Times: user=0.01 sys=0.00, real=0.01 secs] 
202.018: Total time for which application threads were stopped: 0.0019510 seconds, Stopping threads took: 0.0000590 seconds
202.078: Application time: 0.0605970 seconds
202.078: [GC202.078: [ParNew: 36803K->3092K(37568K), 0.0011890 secs] 202294K->168583K(498504K), 0.0012250 secs] [Times: user=0.01 sys=0.00, real=0.00 secs] 
202.079: Total time for which application threads were stopped: 0.0013520 seconds, Stopping threads took: 0.0000640 seconds
202.138: Application time: 0.0586240 seconds
202.138: [GC202.138: [ParNew: 36500K->4134K(37568K), 0.0014690 secs] 201991K->169625K(498504K), 0.0015050 secs] [Times: user=0.01 sys=0.00, real=0.00 secs] 
202.140: Total time for which application threads were stopped: 0.0016160 seconds, Stopping threads took: 0.0000480 seconds
202.196: Application time: 0.0564980 seconds
202.196: [GC202.196: [ParNew: 36693K->4118K(37568K), 0.0023090 secs] 202184K->171657K(498504K), 0.0023580 secs] [Times: user=0.02 sys=0.00, real=0.00 secs] 
202.199: Total time for which application threads were stopped: 0.0025050 seconds, Stopping threads took: 0.0000790 seconds
202.257: Application time: 0.0585590 seconds
202.257: [GC202.257: [ParNew: 37033K->4159K(37568K), 0.0017110 secs] 204572K->172770K(498504K), 0.0017480 secs] [Times: user=0.02 sys=0.00, real=0.00 secs] 
202.259: Total time for which application threads were stopped: 0.0019050 seconds, Stopping threads took: 0.0000910 seconds
202.317: Application time: 0.0574830 seconds
202.317: [GC202.317: [ParNew: 37173K->4158K(37568K), 0.0021100 secs] 205785K->174895K(498504K), 0.0021500 secs] [Times: user=0.02 sys=0.00, real=0.00 secs] 
202.319: Total time for which application threads were stopped: 0.0023090 seconds, Stopping threads took: 0.0000840 seconds
202.379: Application time: 0.0599240 seconds
202.379: [GC202.379: [ParNew: 37157K->4140K(37568K), 0.0024820 secs] 207894K->177995K(498504K), 0.0025240 secs] [Times: user=0.01 sys=0.00, real=0.00 secs] 
202.382: Total time for which application threads were stopped: 0.0026620 seconds, Stopping threads took: 0.0000690 seconds
202.439: Application time: 0.0576130 seconds
202.439: [GC202.439: [ParNew: 36946K->4128K(37568K), 0.0021520 secs] 210801K->180059K(498504K), 0.0021930 secs] [Times: user=0.02 sys=0.00, real=0.00 secs] 
202.442: Total time for which application threads were stopped: 0.0023700 seconds, Stopping threads took: 0.0001120 seconds
202.502: Application time: 0.0604510 seconds
202.502: [GC202.502: [ParNew: 37104K->4143K(37568K), 0.0020710 secs] 213036K->182122K(498504K), 0.0021110 secs] [Times: user=0.01 sys=0.00, real=0.00 secs] 
202.504: Total time for which application threads were stopped: 0.0022400 seconds, Stopping threads took: 0.0000660 seconds
202.564: Application time: 0.0601590 seconds
202.565: [GC202.565: [ParNew: 36979K->4109K(37568K), 0.0021930 secs] 214959K->184165K(498504K), 0.0022350 secs] [Times: user=0.02 sys=0.00, real=0.00 secs] 
202.567: Total time for which application threads were stopped: 0.0023600 seconds, Stopping threads took: 0.0000560 seconds
202.628: Application time: 0.0615090 seconds
202.628: [GC202.628: [ParNew: 37065K->4115K(37568K), 0.0023540 secs] 217121K->187243K(498504K), 0.0023970 secs] [Times: user=0.02 sys=0.00, real=0.00 secs] 
202.631: Total time for which application threads were stopped: 0.0025370 seconds, Stopping threads took: 0.0000720 seconds
202.692: Application time: 0.0608960 seconds
202.692: [GC202.692: [ParNew: 36975K->4150K(37568K), 0.0017600 secs] 220103K->188302K(498504K), 0.0018040 secs] [Times: user=0.02 sys=0.00, real=0.00 secs] 
202.694: Total time for which application threads were stopped: 0.0019590 seconds, Stopping threads took: 0.0000850 seconds
202.755: Application time: 0.0609170 seconds
202.755: [GC202.755: [ParNew: 36842K->3144K(37568K), 0.0011890 secs] 220994K->187296K(498504K), 0.0012210 secs] [Times: user=0.01 sys=0.00, real=0.00 secs] 
202.756: Total time for which application threads were stopped: 0.0013590 seconds, Stopping threads took: 0.0000810 seconds
202.815: Application time: 0.0586160 seconds
202.815: [GC202.815: [ParNew: 36424K->3116K(37568K), 0.0012120 secs] 220576K->187268K(498504K), 0.0012500 secs] [Times: user=0.01 sys=0.00, real=0.00 secs] 
202.816: Total time for which application threads were stopped: 0.0013860 seconds, Stopping threads took: 0.0000710 seconds
202.870: Application time: 0.0542700 seconds
202.870: [GC202.870: [ParNew: 35645K->4114K(37568K), 0.0023640 secs] 219797K->191338K(498504K), 0.0024050 secs] [Times: user=0.02 sys=0.00, real=0.00 secs] 
202.873: Total time for which application threads were stopped: 0.0025670 seconds, Stopping threads took: 0.0000830 seconds
202.931: Application time: 0.0578380 seconds
202.931: [GC202.931: [ParNew: 36957K->4158K(37568K), 0.0017290 secs] 224181K->192437K(498504K), 0.0017690 secs] [Times: user=0.02 sys=0.00, real=0.00 secs] 
202.933: Total time for which application threads were stopped: 0.0019000 seconds, Stopping threads took: 0.0000630 seconds
202.992: Application time: 0.0593260 seconds
202.992: [GC202.992: [ParNew: 37327K->4156K(37568K), 0.0018130 secs] 225606K->193564K(498504K), 0.0018570 secs] [Times: user=0.02 sys=0.00, real=0.00 secs] 
202.994: Total time for which application threads were stopped: 0.0019830 seconds, Stopping threads took: 0.0000590 seconds
203.052: Application time: 0.0580620 seconds
203.052: [GC203.052: [ParNew: 37095K->4140K(37568K), 0.0023870 secs] 226503K->196658K(498504K), 0.0024300 secs] [Times: user=0.01 sys=0.00, real=0.00 secs] 
203.054: Total time for which application threads were stopped: 0.0025540 seconds, Stopping threads took: 0.0000610 seconds
203.115: Application time: 0.0605020 seconds
203.115: [GC203.115: [ParNew: 37046K->4111K(37568K), 0.0021390 secs] 229565K->198705K(498504K), 0.0021820 secs] [Times: user=0.01 sys=0.00, real=0.01 secs] 
203.117: Total time for which application threads were stopped: 0.0023220 seconds, Stopping threads took: 0.0000710 seconds
203.177: Application time: 0.0593040 seconds
203.177: [GC203.177: [ParNew: 37030K->4148K(37568K), 0.0020840 secs] 231624K->200790K(498504K), 0.0021250 secs] [Times: user=0.01 sys=0.00, real=0.00 secs] 
203.179: Total time for which application threads were stopped: 0.0022580 seconds, Stopping threads took: 0.0000670 seconds
203.239: Application time: 0.0598020 seconds
203.239: [GC203.239: [ParNew: 36969K->4116K(37568K), 0.0020850 secs] 233611K->202835K(498504K), 0.0021270 secs] [Times: user=0.01 sys=0.00, real=0.00 secs] 
203.241: Total time for which application threads were stopped: 0.0022610 seconds, Stopping threads took: 0.0000670 seconds
203.304: Application time: 0.0629080 seconds
203.304: [GC203.304: [ParNew: 37123K->4112K(37568K), 0.0023520 secs] 235842K->205903K(498504K), 0.0023920 secs] [Times: user=0.01 sys=0.00, real=0.01 secs] 
203.306: Total time for which application threads were stopped: 0.0025230 seconds, Stopping threads took: 0.0000660 seconds
203.365: Application time: 0.0586590 seconds
203.365: [GC203.365: [ParNew: 36893K->4146K(37568K), 0.0018130 secs] 238684K->206961K(498504K), 0.0018520 secs] [Times: user=0.01 sys=0.00, real=0.00 secs] 
203.367: Total time for which application threads were stopped: 0.0019890 seconds, Stopping threads took: 0.0000680 seconds
203.429: Application time: 0.0621860 seconds
203.429: [GC203.429: [ParNew: 36882K->3110K(37568K), 0.0011680 secs] 239697K->205926K(498504K), 0.0012010 secs] [Times: user=0.01 sys=0.00, real=0.00 secs] 
203.431: Total time for which application threads were stopped: 0.0013420 seconds, Stopping threads took: 0.0000710 seconds
203.488: Application time: 0.0570260 seconds
203.488: [GC203.488: [ParNew: 36200K->3103K(37568K), 0.0011490 secs] 239015K->205918K(498504K), 0.0011860 secs] [Times: user=0.01 sys=0.00, real=0.00 secs] 
203.489: Total time for which application threads were stopped: 0.0013130 seconds, Stopping threads took: 0.0000650 seconds
203.543: Application time: 0.0539030 seconds
203.543: [GC203.543: [ParNew: 35749K->4112K(37568K), 0.0023770 secs] 238565K->209999K(498504K), 0.0024200 secs] [Times: user=0.02 sys=0.00, real=0.01 secs] 
203.545: Total time for which application threads were stopped: 0.0025590 seconds, Stopping threads took: 0.0000720 seconds
203.605: Application time: 0.0598530 seconds
203.605: [GC203.605: [ParNew: 37057K->4157K(37568K), 0.0016580 secs] 242944K->211084K(498504K), 0.0016960 secs] [Times: user=0.01 sys=0.00, real=0.00 secs] 
203.607: Total time for which application threads were stopped: 0.0018210 seconds, Stopping threads took: 0.0000640 seconds
203.666: Application time: 0.0591750 seconds
203.666: [GC203.666: [ParNew: 37295K->4158K(37568K), 0.0020530 secs] 244223K->213243K(498504K), 0.0020950 secs] [Times: user=0.01 sys=0.00, real=0.00 secs] 
203.668: Total time for which application threads were stopped: 0.0022250 seconds, Stopping threads took: 0.0000620 seconds
203.727: Application time: 0.0580870 seconds
203.727: [GC203.727: [ParNew: 37081K->4142K(37568K), 0.0024570 secs] 246166K->216345K(498504K), 0.0025060 secs] [Times: user=0.02 sys=0.00, real=0.00 secs] 
203.729: Total time for which application threads were stopped: 0.0026450 seconds, Stopping threads took: 0.0000720 seconds
203.791: Application time: 0.0614500 seconds
203.791: [GC203.791: [ParNew: 37131K->4110K(37568K), 0.0022590 secs] 249334K->219413K(498504K), 0.0022990 secs] [Times: user=0.01 sys=0.00, real=0.00 secs] 
203.793: Total time for which application threads were stopped: 0.0024280 seconds, Stopping threads took: 0.0000630 seconds
203.853: Application time: 0.0600250 seconds
203.853: [GC203.853: [ParNew: 37082K->4156K(37568K), 0.0021730 secs] 252385K->221507K(498504K), 0.0022130 secs] [Times: user=0.01 sys=0.00, real=0.00 secs] 
203.855: Total time for which application threads were stopped: 0.0023470 seconds, Stopping threads took: 0.0000710 seconds
203.918: Application time: 0.0630610 seconds
203.919: [GC203.919: [ParNew: 37085K->4128K(37568K), 0.0018000 secs] 254437K->222532K(498504K), 0.0018380 secs] [Times: user=0.01 sys=0.00, real=0.00 secs] 
203.920: Total time for which application threads were stopped: 0.0019790 seconds, Stopping threads took: 0.0000790 seconds
203.978: Application time: 0.0578030 seconds
203.978: [GC203.979: [ParNew: 36803K->4152K(37568K), 0.0015230 secs] 255207K->222555K(498504K), 0.0015620 secs] [Times: user=0.01 sys=0.00, real=0.00 secs] 
203.980: Total time for which application threads were stopped: 0.0017960 seconds, Stopping threads took: 0.0001570 seconds
204.044: Application time: 0.0634580 seconds
204.044: [GC204.044: [ParNew: 37071K->4149K(37568K), 0.0015370 secs] 255474K->222553K(498504K), 0.0015700 secs] [Times: user=0.01 sys=0.00, real=0.01 secs] 
204.045: Total time for which application threads were stopped: 0.0016960 seconds, Stopping threads took: 0.0000610 seconds
204.103: Application time: 0.0578300 seconds
204.103: [GC204.103: [ParNew: 36545K->3113K(37568K), 0.0011290 secs] 254949K->221517K(498504K), 0.0011640 secs] [Times: user=0.00 sys=0.01, real=0.01 secs] 
204.104: Total time for which application threads were stopped: 0.0013010 seconds, Stopping threads took: 0.0000840 seconds
204.162: Application time: 0.0576290 seconds
204.162: [GC204.162: [ParNew: 36521K->4121K(37568K), 0.0017970 secs] 254925K->223549K(498504K), 0.0018380 secs] [Times: user=0.01 sys=0.00, real=0.00 secs] 
204.164: Total time for which application threads were stopped: 0.0019660 seconds, Stopping threads took: 0.0000650 seconds
204.219: Application time: 0.0553080 seconds
204.219: [GC204.219: [ParNew: 36755K->4112K(37568K), 0.0020550 secs] 256183K->225588K(498504K), 0.0020980 secs] [Times: user=0.02 sys=0.00, real=0.00 secs] 
204.222: Total time for which application threads were stopped: 0.0022590 seconds, Stopping threads took: 0.0000900 seconds
204.282: Application time: 0.0608840 seconds
204.283: [GC204.283: [ParNew: 37231K->4157K(37568K), 0.0017990 secs] 258707K->226693K(498504K), 0.0018350 secs] [Times: user=0.01 sys=0.00, real=0.01 secs] 
204.284: Total time for which application threads were stopped: 0.0019780 seconds, Stopping threads took: 0.0000800 seconds
204.341: Application time: 0.0565930 seconds
204.341: [GC204.341: [ParNew: 37249K->4156K(37568K), 0.0020640 secs] 259785K->228853K(498504K), 0.0021030 secs] [Times: user=0.01 sys=0.00, real=0.00 secs] 
204.343: Total time for which application threads were stopped: 0.0022520 seconds, Stopping threads took: 0.0000820 seconds
204.405: Application time: 0.0614420 seconds
204.405: [GC204.405: [ParNew: 36984K->4138K(37568K), 0.0020770 secs] 261681K->230905K(498504K), 0.0021180 secs] [Times: user=0.02 sys=0.00, real=0.00 secs] 
204.407: Total time for which application threads were stopped: 0.0022490 seconds, Stopping threads took: 0.0000650 seconds
204.466: Application time: 0.0592860 seconds
204.466: [GC204.466: [ParNew: 37085K->4116K(37568K), 0.0024460 secs] 263852K->233983K(498504K), 0.0024900 secs] [Times: user=0.02 sys=0.00, real=0.00 secs] 
204.469: Total time for which application threads were stopped: 0.0026320 seconds, Stopping threads took: 0.0000730 seconds
204.530: Application time: 0.0607900 seconds
204.530: [GC204.530: [ParNew: 37091K->4143K(37568K), 0.0020340 secs] 266959K->236058K(498504K), 0.0020860 secs] [Times: user=0.01 sys=0.00, real=0.00 secs] 
204.532: Total time for which application threads were stopped: 0.0022260 seconds, Stopping threads took: 0.0000600 seconds
204.594: Application time: 0.0625530 seconds
204.595: [GC204.595: [ParNew: 37107K->4131K(37568K), 0.0020170 secs] 269023K->238123K(498504K), 0.0020620 secs] [Times: user=0.02 sys=0.00, real=0.01 secs] 
204.597: Total time for which application threads were stopped: 0.0021900 seconds, Stopping threads took: 0.0000590 seconds
204.655: Application time: 0.0587930 seconds
204.656: [GC204.656: [ParNew: 36785K->4134K(37568K), 0.0017890 secs] 270777K->239150K(498504K), 0.0018290 secs] [Times: user=0.01 sys=0.00, real=0.01 secs] 
204.657: Total time for which application threads were stopped: 0.0019850 seconds, Stopping threads took: 0.0000880 seconds
204.718: Application time: 0.0610400 seconds
204.719: [GC204.719: [ParNew: 36782K->4152K(37568K), 0.0015010 secs] 271798K->239168K(498504K), 0.0015360 secs] [Times: user=0.01 sys=0.00, real=0.00 secs] 
204.720: Total time for which application threads were stopped: 0.0016820 seconds, Stopping threads took: 0.0000820 seconds
204.778: Application time: 0.0574410 seconds
204.778: [GC204.778: [ParNew: 36657K->4116K(37568K), 0.0020250 secs] 271673K->241180K(498504K), 0.0020650 secs] [Times: user=0.01 sys=0.00, real=0.00 secs] 
204.780: Total time for which application threads were stopped: 0.0022420 seconds, Stopping threads took: 0.0001090 seconds
204.836: Application time: 0.0564490 seconds
204.836: [GC204.836: [ParNew: 36687K->4134K(37568K), 0.0017840 secs] 273752K->242222K(498504K), 0.0018230 secs] [Times: user=0.01 sys=0.00, real=0.00 secs] 
204.838: Total time for which application threads were stopped: 0.0019620 seconds, Stopping threads took: 0.0000720 seconds
204.897: Application time: 0.0584910 seconds
204.897: [GC204.897: [ParNew: 36695K->4137K(37568K), 0.0017480 secs] 274783K->243249K(498504K), 0.0017840 secs] [Times: user=0.01 sys=0.00, real=0.00 secs] 
204.899: Total time for which application threads were stopped: 0.0019280 seconds, Stopping threads took: 0.0000790 seconds
204.959: Application time: 0.0606410 seconds
204.959: [GC204.959: [ParNew: 37198K->4156K(37568K), 0.0015160 secs] 276310K->243285K(498504K), 0.0015540 secs] [Times: user=0.01 sys=0.00, real=0.00 secs] 
204.961: Total time for which application threads were stopped: 0.0017020 seconds, Stopping threads took: 0.0000850 seconds
205.015: Application time: 0.0536770 seconds
205.015: [GC205.015: [ParNew: 37152K->4156K(37568K), 0.0022130 secs] 276280K->245446K(498504K), 0.0022540 secs] [Times: user=0.02 sys=0.00, real=0.01 secs] 
205.017: Total time for which application threads were stopped: 0.0023860 seconds, Stopping threads took: 0.0000640 seconds
205.079: Application time: 0.0624200 seconds
205.080: [GC205.080: [ParNew: 37192K->4145K(37568K), 0.0021310 secs] 278482K->247525K(498504K), 0.0021700 secs] [Times: user=0.01 sys=0.00, real=0.00 secs] 
205.082: Total time for which application threads were stopped: 0.0023090 seconds, Stopping threads took: 0.0000640 seconds
205.139: Application time: 0.0575800 seconds
205.140: [GC205.140: [ParNew: 37038K->4110K(37568K), 0.0024450 secs] 280418K->250590K(498504K), 0.0024870 secs] [Times: user=0.02 sys=0.00, real=0.00 secs] 
205.142: Total time for which application threads were stopped: 0.0026340 seconds, Stopping threads took: 0.0000760 seconds
205.205: Application time: 0.0631790 seconds
205.205: [GC205.205: [ParNew: 37168K->4145K(37568K), 0.0016920 secs] 283648K->251649K(498504K), 0.0017330 secs] [Times: user=0.01 sys=0.00, real=0.00 secs] 
205.207: Total time for which application threads were stopped: 0.0019330 seconds, Stopping threads took: 0.0001140 seconds
205.266: Application time: 0.0592810 seconds
205.267: [GC205.267: [ParNew: 36916K->4137K(37568K), 0.0018590 secs] 284420K->252694K(498504K), 0.0018960 secs] [Times: user=0.01 sys=0.00, real=0.00 secs] 
205.268: Total time for which application threads were stopped: 0.0020390 seconds, Stopping threads took: 0.0000650 seconds
205.330: Application time: 0.0618000 seconds
205.330: [GC205.330: [ParNew: 36963K->3148K(37568K), 0.0011390 secs] 285519K->251705K(498504K), 0.0011730 secs] [Times: user=0.01 sys=0.00, real=0.00 secs] 
205.332: Total time for which application threads were stopped: 0.0013210 seconds, Stopping threads took: 0.0000860 seconds
205.390: Application time: 0.0583190 seconds
205.390: [GC205.390: [ParNew: 36556K->4115K(37568K), 0.0017710 secs] 285113K->253695K(498504K), 0.0018050 secs] [Times: user=0.01 sys=0.00, real=0.00 secs] 
205.392: Total time for which application threads were stopped: 0.0019280 seconds, Stopping threads took: 0.0000590 seconds
205.450: Application time: 0.0577620 seconds
205.450: [GC205.450: [ParNew: 36776K->4112K(37568K), 0.0023770 secs] 286356K->256764K(498504K), 0.0024180 secs] [Times: user=0.01 sys=0.00, real=0.00 secs] 
205.452: Total time for which application threads were stopped: 0.0025450 seconds, Stopping threads took: 0.0000620 seconds
205.509: Application time: 0.0565730 seconds
205.509: [GC205.509: [ParNew: 36700K->4134K(37568K), 0.0018150 secs] 289353K->257810K(498504K), 0.0018570 secs] [Times: user=0.01 sys=0.00, real=0.00 secs] 
205.511: Total time for which application threads were stopped: 0.0019970 seconds, Stopping threads took: 0.0000690 seconds
205.569: Application time: 0.0586640 seconds
205.570: [GC205.570: [ParNew: 36713K->4132K(37568K), 0.0018710 secs] 290389K->258833K(498504K), 0.0019050 secs] [Times: user=0.01 sys=0.00, real=0.00 secs] 
205.571: Total time for which application threads were stopped: 0.0020370 seconds, Stopping threads took: 0.0000660 seconds
205.634: Application time: 0.0621970 seconds
205.634: [GC205.634: [ParNew: 37210K->4157K(37568K), 0.0016760 secs] 291911K->259898K(498504K), 0.0017110 secs] [Times: user=0.01 sys=0.00, real=0.00 secs] 
205.635: Total time for which application threads were stopped: 0.0018610 seconds, Stopping threads took: 0.0000810 seconds
205.690: Application time: 0.0546280 seconds
205.690: [GC205.690: [ParNew: 37173K->4159K(37568K), 0.0021730 secs] 292913K->262057K(498504K), 0.0022120 secs] [Times: user=0.02 sys=0.00, real=0.00 secs] 
205.692: Total time for which application threads were stopped: 0.0023380 seconds, Stopping threads took: 0.0000620 seconds
205.752: Application time: 0.0600270 seconds
205.753: [GC205.753: [ParNew: 37176K->4145K(37568K), 0.0021280 secs] 295074K->264137K(498504K), 0.0021660 secs] [Times: user=0.01 sys=0.00, real=0.00 secs] 
205.755: Total time for which application threads were stopped: 0.0023160 seconds, Stopping threads took: 0.0000850 seconds
205.813: Application time: 0.0579040 seconds
205.813: [GC205.813: [ParNew: 37037K->4111K(37568K), 0.0024850 secs] 297029K->267203K(498504K), 0.0025230 secs] [Times: user=0.02 sys=0.00, real=0.00 secs] 
205.815: Total time for which application threads were stopped: 0.0026560 seconds, Stopping threads took: 0.0000670 seconds
205.879: Application time: 0.0636040 seconds
205.879: [GC205.879: [ParNew: 37217K->4158K(37568K), 0.0017000 secs] 300309K->268275K(498504K), 0.0017390 secs] [Times: user=0.01 sys=0.00, real=0.00 secs] 
205.881: Total time for which application threads were stopped: 0.0018680 seconds, Stopping threads took: 0.0000640 seconds
205.940: Application time: 0.0590680 seconds
205.944: [GC205.944: [ParNew: 36923K->4146K(37568K), 0.0019480 secs] 301039K->269315K(498504K), 0.0019870 secs] [Times: user=0.02 sys=0.00, real=0.00 secs] 
205.946: Total time for which application threads were stopped: 0.0065210 seconds, Stopping threads took: 0.0044570 seconds
206.010: Application time: 0.0633560 seconds
206.010: [GC206.010: [ParNew: 37048K->3107K(37568K), 0.0011680 secs] 302216K->268276K(498504K), 0.0012040 secs] [Times: user=0.00 sys=0.00, real=0.00 secs] 
206.011: Total time for which application threads were stopped: 0.0013450 seconds, Stopping threads took: 0.0000790 seconds
206.066: Application time: 0.0552330 seconds
206.067: [GC206.067: [ParNew: 36317K->4122K(37568K), 0.0015310 secs] 301486K->269291K(498504K), 0.0015810 secs] [Times: user=0.01 sys=0.00, real=0.00 secs] 
206.068: Total time for which application threads were stopped: 0.0017460 seconds, Stopping threads took: 0.0000980 seconds
206.126: Application time: 0.0583000 seconds
206.127: [GC206.127: [ParNew: 36894K->4116K(37568K), 0.0024310 secs] 302063K->272357K(498504K), 0.0024760 secs] [Times: user=0.02 sys=0.00, real=0.00 secs] 
206.129: Total time for which application threads were stopped: 0.0026190 seconds, Stopping threads took: 0.0000740 seconds
206.187: Application time: 0.0578670 seconds
206.187: [GC206.187: [ParNew: 36798K->4147K(37568K), 0.0018710 secs] 305039K->273412K(498504K), 0.0019120 secs] [Times: user=0.01 sys=0.00, real=0.00 secs] 
206.189: Total time for which application threads were stopped: 0.0021280 seconds, Stopping threads took: 0.0001370 seconds
206.251: Application time: 0.0615830 seconds
206.251: [GC206.251: [ParNew: 36926K->4152K(37568K), 0.0014710 secs] 306191K->273417K(498504K), 0.0015060 secs] [Times: user=0.01 sys=0.00, real=0.00 secs] 
206.252: Total time for which application threads were stopped: 0.0016320 seconds, Stopping threads took: 0.0000600 seconds
206.312: Application time: 0.0600270 seconds
206.312: [GC206.312: [ParNew: 37104K->4154K(37568K), 0.0014100 secs] 306369K->273467K(498504K), 0.0014470 secs] [Times: user=0.01 sys=0.00, real=0.00 secs] 
206.314: Total time for which application threads were stopped: 0.0015830 seconds, Stopping threads took: 0.0000730 seconds
206.367: Application time: 0.0528090 seconds
206.367: [GC206.367: [ParNew: 36935K->4158K(37568K), 0.0020030 secs] 306249K->275600K(498504K), 0.0020420 secs] [Times: user=0.01 sys=0.00, real=0.00 secs] 
206.369: Total time for which application threads were stopped: 0.0022390 seconds, Stopping threads took: 0.0001330 seconds
206.430: Application time: 0.0612940 seconds
206.430: [GC206.430: [ParNew: 37203K->4143K(37568K), 0.0020960 secs] 308645K->277675K(498504K), 0.0021370 secs] [Times: user=0.02 sys=0.00, real=0.00 secs] 
206.433: Total time for which application threads were stopped: 0.0022760 seconds, Stopping threads took: 0.0000740 seconds
206.490: Application time: 0.0577640 seconds
206.490: [GC206.490: [ParNew: 37005K->4110K(37568K), 0.0024090 secs] 310537K->280742K(498504K), 0.0024520 secs] [Times: user=0.02 sys=0.00, real=0.00 secs] 
206.493: Total time for which application threads were stopped: 0.0025990 seconds, Stopping threads took: 0.0000740 seconds
206.557: Application time: 0.0643330 seconds
206.557: [GC206.557: [ParNew: 37230K->4158K(37568K), 0.0014990 secs] 313863K->280791K(498504K), 0.0015350 secs] [Times: user=0.02 sys=0.00, real=0.00 secs] 
206.559: Total time for which application threads were stopped: 0.0016870 seconds, Stopping threads took: 0.0000900 seconds
206.617: Application time: 0.0579350 seconds
206.620: [GC206.620: [ParNew: 36811K->4134K(37568K), 0.0018920 secs] 313444K->281819K(498504K), 0.0019270 secs] [Times: user=0.02 sys=0.00, real=0.00 secs] 
206.622: Total time for which application threads were stopped: 0.0055380 seconds, Stopping threads took: 0.0035450 seconds
206.685: Application time: 0.0622880 seconds
206.685: [GC206.685: [ParNew: 36911K->3101K(37568K), 0.0012390 secs] 314597K->280787K(498504K), 0.0012770 secs] [Times: user=0.00 sys=0.00, real=0.00 secs] 
206.686: Total time for which application threads were stopped: 0.0014450 seconds, Stopping threads took: 0.0001010 seconds
206.743: Application time: 0.0570590 seconds
206.743: [GC206.743: [ParNew: 36509K->4120K(37568K), 0.0019580 secs] 314195K->283854K(498504K), 0.0020000 secs] [Times: user=0.01 sys=0.00, real=0.01 secs] 
206.745: Total time for which application threads were stopped: 0.0021360 seconds, Stopping threads took: 0.0000630 seconds
206.805: Application time: 0.0593670 seconds
206.805: [GC206.805: [ParNew: 36923K->4115K(37568K), 0.0020740 secs] 316657K->285897K(498504K), 0.0021150 secs] [Times: user=0.02 sys=0.00, real=0.00 secs] 
206.807: Total time for which application threads were stopped: 0.0022590 seconds, Stopping threads took: 0.0000670 seconds
206.863: Application time: 0.0564880 seconds
206.864: [GC206.864: [ParNew: 36781K->4130K(37568K), 0.0017780 secs] 318563K->286936K(498504K), 0.0018200 secs] [Times: user=0.01 sys=0.00, real=0.01 secs] 
206.865: Total time for which application threads were stopped: 0.0019580 seconds, Stopping threads took: 0.0000680 seconds
206.928: Application time: 0.0627250 seconds
206.928: [GC206.928: [ParNew: 36997K->3097K(37568K), 0.0012200 secs] 319803K->285902K(498504K), 0.0012540 secs] [Times: user=0.01 sys=0.00, real=0.00 secs] 
206.930: Total time for which application threads were stopped: 0.0013890 seconds, Stopping threads took: 0.0000720 seconds
206.986: Application time: 0.0566900 seconds
206.986: [GC206.986: [ParNew: 35964K->4159K(37568K), 0.0017770 secs] 318770K->288034K(498504K), 0.0018200 secs] [Times: user=0.01 sys=0.00, real=0.00 secs] 
206.988: Total time for which application threads were stopped: 0.0019500 seconds, Stopping threads took: 0.0000620 seconds
207.049: Application time: 0.0611760 seconds
207.049: [GC207.049: [ParNew: 37275K->4156K(37568K), 0.0019790 secs] 321149K->290180K(498504K), 0.0020190 secs] [Times: user=0.02 sys=0.00, real=0.00 secs] 
207.051: Total time for which application threads were stopped: 0.0021400 seconds, Stopping threads took: 0.0000560 seconds
207.107: Application time: 0.0552090 seconds
207.107: [GC207.107: [ParNew: 36928K->4143K(37568K), 0.0021230 secs] 322952K->292240K(498504K), 0.0021670 secs] [Times: user=0.01 sys=0.00, real=0.00 secs] 
207.109: Total time for which application threads were stopped: 0.0023150 seconds, Stopping threads took: 0.0000810 seconds
207.167: Application time: 0.0578560 seconds
207.167: [GC207.167: [ParNew: 37013K->4112K(37568K), 0.0025300 secs] 325110K->295310K(498504K), 0.0025730 secs] [Times: user=0.02 sys=0.00, real=0.00 secs] 
207.170: Total time for which application threads were stopped: 0.0027970 seconds, Stopping threads took: 0.0001530 seconds
207.235: Application time: 0.0651000 seconds
207.235: [GC207.235: [ParNew: 37185K->4158K(37568K), 0.0021770 secs] 328383K->297404K(498504K), 0.0022190 secs] [Times: user=0.02 sys=0.00, real=0.01 secs] 
207.237: Total time for which application threads were stopped: 0.0023760 seconds, Stopping threads took: 0.0000850 seconds
207.301: Application time: 0.0634850 seconds
207.301: [GC207.301: [ParNew: 37118K->4132K(37568K), 0.0018850 secs] 330363K->298430K(498504K), 0.0019260 secs] [Times: user=0.02 sys=0.00, real=0.00 secs] 
207.303: Total time for which application threads were stopped: 0.0020690 seconds, Stopping threads took: 0.0000630 seconds
207.363: Application time: 0.0606920 seconds
207.363: [GC207.364: [ParNew: 36760K->2100K(37568K), 0.0010650 secs] 331058K->296398K(498504K), 0.0011000 secs] [Times: user=0.01 sys=0.00, real=0.01 secs] 
207.365: Total time for which application threads were stopped: 0.0012170 seconds, Stopping threads took: 0.0000550 seconds
207.423: Application time: 0.0582880 seconds
207.423: [GC207.423: [ParNew: 35386K->4134K(37568K), 0.0014330 secs] 329684K->298433K(498504K), 0.0014720 secs] [Times: user=0.01 sys=0.00, real=0.01 secs] 
207.425: Total time for which application threads were stopped: 0.0016230 seconds, Stopping threads took: 0.0000880 seconds
207.477: Application time: 0.0527660 seconds
207.477: [GC207.477: [ParNew: 36639K->4116K(37568K), 0.0023250 secs] 330938K->301486K(498504K), 0.0023670 secs] [Times: user=0.02 sys=0.00, real=0.00 secs] 
207.480: Total time for which application threads were stopped: 0.0025060 seconds, Stopping threads took: 0.0000710 seconds
207.541: Application time: 0.0609960 seconds
207.541: [GC207.541: [ParNew: 37071K->4112K(37568K), 0.0020600 secs] 334442K->303530K(498504K), 0.0021040 secs] [Times: user=0.01 sys=0.00, real=0.00 secs] 
207.543: Total time for which application threads were stopped: 0.0022600 seconds, Stopping threads took: 0.0000850 seconds
207.603: Application time: 0.0597570 seconds
207.603: [GC207.603: [ParNew: 36954K->4128K(37568K), 0.0020360 secs] 336373K->305595K(498504K), 0.0020870 secs] [Times: user=0.02 sys=0.00, real=0.01 secs] 
207.605: Total time for which application threads were stopped: 0.0022300 seconds, Stopping threads took: 0.0000750 seconds
207.668: Application time: 0.0630700 seconds
207.668: [GC207.668: [ParNew: 37349K->4159K(37568K), 0.0017300 secs] 338815K->306690K(498504K), 0.0017710 secs] [Times: user=0.01 sys=0.00, real=0.00 secs] 
207.670: Total time for which application threads were stopped: 0.0019170 seconds, Stopping threads took: 0.0000790 seconds
207.729: Application time: 0.0585390 seconds
207.729: [GC207.729: [ParNew: 37035K->4159K(37568K), 0.0014140 secs] 339566K->306810K(498504K), 0.0014500 secs] [Times: user=0.01 sys=0.00, real=0.00 secs] 
207.730: Total time for which application threads were stopped: 0.0015760 seconds, Stopping threads took: 0.0000620 seconds
207.787: Application time: 0.0566030 seconds
207.787: [GC207.787: [ParNew: 36927K->4142K(37568K), 0.0020200 secs] 339578K->308854K(498504K), 0.0020600 secs] [Times: user=0.01 sys=0.00, real=0.00 secs] 
207.789: Total time for which application threads were stopped: 0.0022060 seconds, Stopping threads took: 0.0000790 seconds
207.851: Application time: 0.0618050 seconds
207.851: [GC207.851: [ParNew: 37079K->4114K(37568K), 0.0024170 secs] 341791K->311926K(498504K), 0.0024580 secs] [Times: user=0.02 sys=0.00, real=0.00 secs] 
207.853: Total time for which application threads were stopped: 0.0026520 seconds, Stopping threads took: 0.0001160 seconds
207.913: Application time: 0.0594840 seconds
207.917: [GC207.917: [ParNew: 37104K->4158K(37568K), 0.0022480 secs] 344916K->314019K(498504K), 0.0022900 secs] [Times: user=0.01 sys=0.00, real=0.00 secs] 
207.919: Total time for which application threads were stopped: 0.0059620 seconds, Stopping threads took: 0.0036060 seconds
207.979: Application time: 0.0598320 seconds
207.981: [GC207.981: [ParNew: 36862K->4151K(37568K), 0.0015430 secs] 346723K->314040K(498504K), 0.0015810 secs] [Times: user=0.01 sys=0.00, real=0.00 secs] 
207.982: Total time for which application threads were stopped: 0.0034470 seconds, Stopping threads took: 0.0017990 seconds
208.046: Application time: 0.0642870 seconds
208.048: [GC208.048: [ParNew: 36981K->2098K(37568K), 0.0013560 secs] 346870K->311988K(498504K), 0.0014020 secs] [Times: user=0.01 sys=0.00, real=0.00 secs] 
208.050: Total time for which application threads were stopped: 0.0034090 seconds, Stopping threads took: 0.0019240 seconds
208.115: Application time: 0.0651450 seconds
208.115: [GC208.115: [ParNew: 34967K->1133K(37568K), 0.0007960 secs] 344857K->311022K(498504K), 0.0008270 secs] [Times: user=0.01 sys=0.00, real=0.00 secs] 
208.116: Total time for which application threads were stopped: 0.0009470 seconds, Stopping threads took: 0.0000620 seconds
208.168: Application time: 0.0521600 seconds
208.168: [GC208.168: [ParNew: 33894K->4112K(37568K), 0.0023100 secs] 343784K->317073K(498504K), 0.0023500 secs] [Times: user=0.02 sys=0.00, real=0.00 secs] 
208.171: Total time for which application threads were stopped: 0.0024690 seconds, Stopping threads took: 0.0000520 seconds
208.223: Application time: 0.0529140 seconds
208.224: [GC208.224: [ParNew: 36955K->4110K(37568K), 0.0022250 secs] 349917K->319119K(498504K), 0.0022670 secs] [Times: user=0.02 sys=0.00, real=0.01 secs] 
208.226: Total time for which application threads were stopped: 0.0024090 seconds, Stopping threads took: 0.0000720 seconds
208.287: Application time: 0.0615110 seconds
208.288: [GC208.288: [ParNew: 37054K->4112K(37568K), 0.0024060 secs] 352064K->322194K(498504K), 0.0024510 secs] [Times: user=0.02 sys=0.00, real=0.00 secs] 
208.290: Total time for which application threads were stopped: 0.0025980 seconds, Stopping threads took: 0.0000770 seconds
208.290: Application time: 0.0000750 seconds
208.290: [GC [1 CMS-initial-mark: 318081K(460936K)] 323218K(498504K), 0.0001410 secs] [Times: user=0.00 sys=0.00, real=0.00 secs] 
208.290: Total time for which application threads were stopped: 0.0003820 seconds, Stopping threads took: 0.0002090 seconds
208.291: [CMS-concurrent-mark-start]
208.295: [CMS-concurrent-mark: 0.004/0.004 secs] [Times: user=0.02 sys=0.00, real=0.00 secs] 
208.295: [CMS-concurrent-preclean-start]
208.296: [CMS-concurrent-preclean: 0.001/0.001 secs] [Times: user=0.00 sys=0.00, real=0.00 secs] 
208.296: [CMS-concurrent-abortable-preclean-start]
208.352: Application time: 0.0617360 seconds
208.352: [GC208.352: [ParNew: 37098K->4153K(37568K), 0.0020420 secs] 355180K->324299K(498504K), 0.0020840 secs] [Times: user=0.01 sys=0.00, real=0.00 secs] 
208.354: Total time for which application threads were stopped: 0.0022370 seconds, Stopping threads took: 0.0000760 seconds
208.413: Application time: 0.0585090 seconds
208.413: [GC208.413: [ParNew: 37404K->4158K(37568K), 0.0024040 secs] 357550K->327485K(498504K), 0.0024460 secs] [Times: user=0.02 sys=0.00, real=0.00 secs] 
208.416: Total time for which application threads were stopped: 0.0026110 seconds, Stopping threads took: 0.0000950 seconds
208.478: Application time: 0.0623220 seconds
208.478: [GC208.478: [ParNew: 37269K->4140K(37568K), 0.0026880 secs] 360596K->330585K(498504K), 0.0027330 secs] [Times: user=0.02 sys=0.00, real=0.00 secs] 
208.481: Total time for which application threads were stopped: 0.0028710 seconds, Stopping threads took: 0.0000700 seconds
208.541: Application time: 0.0599470 seconds
208.541: [GC208.541: [ParNew: 36970K->4112K(37568K), 0.0020490 secs] 363415K->332634K(498504K), 0.0020820 secs] [Times: user=0.01 sys=0.00, real=0.00 secs] 
208.543: Total time for which application threads were stopped: 0.0024390 seconds, Stopping threads took: 0.0002690 seconds
208.604: Application time: 0.0608240 seconds
208.604: [GC208.604: [ParNew: 37071K->4139K(37568K), 0.0022210 secs] 365593K->334708K(498504K), 0.0022590 secs] [Times: user=0.01 sys=0.00, real=0.01 secs] 
208.606: Total time for which application threads were stopped: 0.0024120 seconds, Stopping threads took: 0.0000850 seconds
208.668: Application time: 0.0619100 seconds
208.668: [GC208.668: [ParNew: 36983K->4113K(37568K), 0.0017730 secs] 367552K->335735K(498504K), 0.0018090 secs] [Times: user=0.01 sys=0.00, real=0.00 secs] 
208.670: Total time for which application threads were stopped: 0.0019310 seconds, Stopping threads took: 0.0000580 seconds
208.731: Application time: 0.0606450 seconds
208.731: [GC208.731: [ParNew: 36892K->4148K(37568K), 0.0014820 secs] 368514K->335770K(498504K), 0.0015210 secs] [Times: user=0.01 sys=0.00, real=0.00 secs] 
208.733: Total time for which application threads were stopped: 0.0016500 seconds, Stopping threads took: 0.0000620 seconds
208.792: Application time: 0.0597650 seconds
208.792: [GC208.792: [ParNew: 37542K->3114K(37568K), 0.0011460 secs] 369164K->334736K(498504K), 0.0011790 secs] [Times: user=0.01 sys=0.00, real=0.00 secs] 
208.794: Total time for which application threads were stopped: 0.0013320 seconds, Stopping threads took: 0.0000890 seconds
208.854: Application time: 0.0602440 seconds
208.854: [GC208.854: [ParNew: 35626K->1069K(37568K), 0.0006950 secs] 367248K->332691K(498504K), 0.0007220 secs] [Times: user=0.01 sys=0.00, real=0.00 secs] 
208.855: Total time for which application threads were stopped: 0.0008680 seconds, Stopping threads took: 0.0000840 seconds
208.907: Application time: 0.0523730 seconds
208.908: [GC208.909: [ParNew: 34477K->4118K(37568K), 0.0024110 secs] 366099K->338812K(498504K), 0.0024530 secs] [Times: user=0.02 sys=0.00, real=0.00 secs] 
208.911: Total time for which application threads were stopped: 0.0038390 seconds, Stopping threads took: 0.0013200 seconds
208.969: Application time: 0.0581750 seconds
208.969: [GC208.969: [ParNew: 36995K->4113K(37568K), 0.0019260 secs] 371690K->339831K(498504K), 0.0019640 secs] [Times: user=0.02 sys=0.00, real=0.00 secs] 
208.971: Total time for which application threads were stopped: 0.0021720 seconds, Stopping threads took: 0.0001410 seconds
209.034: Application time: 0.0622100 seconds
209.034: [GC209.034: [ParNew: 37056K->4157K(37568K), 0.0019950 secs] 372774K->341939K(498504K), 0.0020310 secs] [Times: user=0.01 sys=0.00, real=0.00 secs] 
209.036: Total time for which application threads were stopped: 0.0022030 seconds, Stopping threads took: 0.0000920 seconds
209.092: Application time: 0.0559690 seconds
209.092: [GC209.092: [ParNew: 37468K->4156K(37568K), 0.0021550 secs] 375250K->344096K(498504K), 0.0022000 secs] [Times: user=0.02 sys=0.00, real=0.00 secs] 
209.094: Total time for which application threads were stopped: 0.0023500 seconds, Stopping threads took: 0.0000800 seconds
209.159: Application time: 0.0646490 seconds
209.159: [GC209.159: [ParNew: 37262K->4158K(37568K), 0.0016870 secs] 377201K->345167K(498504K), 0.0017250 secs] [Times: user=0.01 sys=0.00, real=0.00 secs] 
209.161: Total time for which application threads were stopped: 0.0018740 seconds, Stopping threads took: 0.0000850 seconds
209.217: Application time: 0.0565980 seconds
209.221: [GC209.221: [ParNew: 36877K->4114K(37568K), 0.0021350 secs] 377886K->347200K(498504K), 0.0021820 secs] [Times: user=0.01 sys=0.00, real=0.00 secs] 
209.223: Total time for which application threads were stopped: 0.0056170 seconds, Stopping threads took: 0.0033450 seconds
209.285: Application time: 0.0622230 seconds
209.285: [GC209.285: [ParNew: 37139K->4142K(37568K), 0.0021130 secs] 380225K->349276K(498504K), 0.0021550 secs] [Times: user=0.02 sys=0.00, real=0.00 secs] 
209.287: Total time for which application threads were stopped: 0.0023680 seconds, Stopping threads took: 0.0001250 seconds
209.349: Application time: 0.0620850 seconds
209.350: [GC209.350: [ParNew: 37049K->4112K(37568K), 0.0023930 secs] 382183K->352346K(498504K), 0.0024370 secs] [Times: user=0.02 sys=0.00, real=0.00 secs] 
209.352: Total time for which application threads were stopped: 0.0025690 seconds, Stopping threads took: 0.0000610 seconds
209.413: Application time: 0.0606540 seconds
209.413: [GC209.413: [ParNew: 36906K->4133K(37568K), 0.0017580 secs] 385140K->353392K(498504K), 0.0017970 secs] [Times: user=0.01 sys=0.00, real=0.00 secs] 
209.415: Total time for which application threads were stopped: 0.0019630 seconds, Stopping threads took: 0.0000910 seconds
209.475: Application time: 0.0606010 seconds
209.475: [GC209.475: [ParNew: 36675K->3129K(37568K), 0.0012990 secs] 385934K->352387K(498504K), 0.0013360 secs] [Times: user=0.01 sys=0.00, real=0.01 secs] 
209.477: Total time for which application threads were stopped: 0.0014900 seconds, Stopping threads took: 0.0000880 seconds
209.533: Application time: 0.0563450 seconds
209.533: [GC209.533: [ParNew: 36262K->4112K(37568K), 0.0018910 secs] 385521K->354395K(498504K), 0.0019310 secs] [Times: user=0.01 sys=0.00, real=0.00 secs] 
209.535: Total time for which application threads were stopped: 0.0020750 seconds, Stopping threads took: 0.0000780 seconds
209.592: Application time: 0.0563860 seconds
209.592: [GC209.592: [ParNew: 36736K->4110K(37568K), 0.0020100 secs] 387019K->356441K(498504K), 0.0020520 secs] [Times: user=0.02 sys=0.00, real=0.00 secs] 
209.594: Total time for which application threads were stopped: 0.0021870 seconds, Stopping threads took: 0.0000680 seconds
209.652: Application time: 0.0586270 seconds
209.653: [GC209.653: [ParNew: 36826K->4133K(37568K), 0.0017560 secs] 389156K->357487K(498504K), 0.0017960 secs] [Times: user=0.02 sys=0.00, real=0.00 secs] 
209.654: Total time for which application threads were stopped: 0.0019340 seconds, Stopping threads took: 0.0000720 seconds
209.714: Application time: 0.0595200 seconds
209.714: [GC209.714: [ParNew: 37244K->4158K(37568K), 0.0017970 secs] 390598K->358554K(498504K), 0.0018350 secs] [Times: user=0.02 sys=0.00, real=0.00 secs] 
209.716: Total time for which application threads were stopped: 0.0019760 seconds, Stopping threads took: 0.0000810 seconds
209.774: Application time: 0.0581100 seconds
209.774: [GC209.774: [ParNew: 37419K->4158K(37568K), 0.0023590 secs] 391815K->361736K(498504K), 0.0024010 secs] [Times: user=0.02 sys=0.00, real=0.01 secs] 
209.777: Total time for which application threads were stopped: 0.0025730 seconds, Stopping threads took: 0.0001060 seconds
209.837: Application time: 0.0602160 seconds
209.837: [GC209.837: [ParNew: 37192K->4142K(37568K), 0.0022140 secs] 394770K->363814K(498504K), 0.0022650 secs] [Times: user=0.02 sys=0.00, real=0.00 secs] 
209.839: Total time for which application threads were stopped: 0.0024100 seconds, Stopping threads took: 0.0000770 seconds
209.901: Application time: 0.0620700 seconds
209.901: [GC209.901: [ParNew: 37130K->4112K(37568K), 0.0023630 secs] 396802K->366884K(498504K), 0.0024040 secs] [Times: user=0.01 sys=0.00, real=0.00 secs] 
209.904: Total time for which application threads were stopped: 0.0026460 seconds, Stopping threads took: 0.0001770 seconds
209.962: Application time: 0.0580800 seconds
209.962: [GC209.962: [ParNew: 36956K->4158K(37568K), 0.0021040 secs] 399728K->368978K(498504K), 0.0021420 secs] [Times: user=0.01 sys=0.01, real=0.01 secs] 
209.964: Total time for which application threads were stopped: 0.0023430 seconds, Stopping threads took: 0.0001150 seconds
210.029: Application time: 0.0649340 seconds
210.029: [GC210.029: [ParNew: 37177K->4151K(37568K), 0.0016110 secs] 401998K->369000K(498504K), 0.0016510 secs] [Times: user=0.01 sys=0.00, real=0.00 secs] 
210.031: Total time for which application threads were stopped: 0.0018130 seconds, Stopping threads took: 0.0000930 seconds
210.095: Application time: 0.0638650 seconds
210.095: [GC210.095: [ParNew: 37053K->3109K(37568K), 0.0011950 secs] 401903K->367958K(498504K), 0.0012410 secs] [Times: user=0.00 sys=0.00, real=0.01 secs] 
210.096: Total time for which application threads were stopped: 0.0013940 seconds, Stopping threads took: 0.0000850 seconds
210.154: Application time: 0.0574890 seconds
210.154: [GC210.154: [ParNew: 36402K->3113K(37568K), 0.0011670 secs] 401251K->367962K(498504K), 0.0012030 secs] [Times: user=0.01 sys=0.00, real=0.00 secs] 
210.155: Total time for which application threads were stopped: 0.0013380 seconds, Stopping threads took: 0.0000690 seconds
210.213: Application time: 0.0582910 seconds
210.214: [GC210.214: [ParNew: 36521K->4128K(37568K), 0.0020270 secs] 401370K->371025K(498504K), 0.0020690 secs] [Times: user=0.02 sys=0.00, real=0.00 secs] 
210.216: Total time for which application threads were stopped: 0.0021940 seconds, Stopping threads took: 0.0000570 seconds
210.273: Application time: 0.0577850 seconds
210.274: [GC210.274: [ParNew: 36704K->4134K(37568K), 0.0016370 secs] 403601K->372055K(498504K), 0.0016770 secs] [Times: user=0.01 sys=0.00, real=0.00 secs] 
210.275: Total time for which application threads were stopped: 0.0018290 seconds, Stopping threads took: 0.0000860 seconds
210.332: Application time: 0.0564180 seconds
210.332: [GC210.332: [ParNew: 36797K->4116K(37568K), 0.0017230 secs] 404718K->373061K(498504K), 0.0017610 secs] [Times: user=0.02 sys=0.00, real=0.00 secs] 
210.334: Total time for which application threads were stopped: 0.0019160 seconds, Stopping threads took: 0.0000900 seconds
210.389: Application time: 0.0554850 seconds
210.389: [GC210.389: [ParNew: 36990K->4156K(37568K), 0.0021110 secs] 405935K->375165K(498504K), 0.0021510 secs] [Times: user=0.01 sys=0.00, real=0.00 secs] 
210.391: Total time for which application threads were stopped: 0.0023100 seconds, Stopping threads took: 0.0000900 seconds
210.453: Application time: 0.0612640 seconds
210.453: [GC210.453: [ParNew: 37532K->4156K(37568K), 0.0023940 secs] 408541K->378347K(498504K), 0.0024350 secs] [Times: user=0.01 sys=0.00, real=0.00 secs] 
210.455: Total time for which application threads were stopped: 0.0025610 seconds, Stopping threads took: 0.0000580 seconds
210.516: Application time: 0.0611330 seconds
210.517: [GC210.517: [ParNew: 37244K->4142K(37568K), 0.0024210 secs] 411434K->381451K(498504K), 0.0024630 secs] [Times: user=0.02 sys=0.00, real=0.00 secs] 
210.519: Total time for which application threads were stopped: 0.0026450 seconds, Stopping threads took: 0.0001080 seconds
210.581: Application time: 0.0622670 seconds
210.581: [GC210.581: [ParNew: 37069K->4134K(37568K), 0.0020840 secs] 414377K->383519K(498504K), 0.0021260 secs] [Times: user=0.01 sys=0.00, real=0.00 secs] 
210.584: Total time for which application threads were stopped: 0.0023190 seconds, Stopping threads took: 0.0001170 seconds
210.643: Application time: 0.0591610 seconds
210.643: [GC210.643: [ParNew: 36945K->4148K(37568K), 0.0021600 secs] 416330K->385581K(498504K), 0.0021990 secs] [Times: user=0.02 sys=0.00, real=0.01 secs] 
210.645: Total time for which application threads were stopped: 0.0023550 seconds, Stopping threads took: 0.0000880 seconds
210.706: Application time: 0.0605730 seconds
210.706: [GC210.706: [ParNew: 36932K->4120K(37568K), 0.0015520 secs] 418365K->385581K(498504K), 0.0015900 secs] [Times: user=0.01 sys=0.00, real=0.00 secs] 
210.707: Total time for which application threads were stopped: 0.0017470 seconds, Stopping threads took: 0.0000920 seconds
210.768: Application time: 0.0607660 seconds
210.768: [GC210.768: [ParNew: 36823K->4114K(37568K), 0.0018520 secs] 418285K->386600K(498504K), 0.0018900 secs] [Times: user=0.01 sys=0.00, real=0.00 secs] 
210.770: Total time for which application threads were stopped: 0.0020460 seconds, Stopping threads took: 0.0000940 seconds
210.829: Application time: 0.0591430 seconds
210.830: [GC210.830: [ParNew: 36844K->4136K(37568K), 0.0014730 secs] 419330K->386621K(498504K), 0.0015110 secs] [Times: user=0.01 sys=0.00, real=0.00 secs] 
210.831: Total time for which application threads were stopped: 0.0017160 seconds, Stopping threads took: 0.0001370 seconds
210.895: Application time: 0.0634820 seconds
210.895: [GC210.895: [ParNew: 37059K->4129K(37568K), 0.0017820 secs] 419545K->387639K(498504K), 0.0018200 secs] [Times: user=0.01 sys=0.00, real=0.01 secs] 
210.897: Total time for which application threads were stopped: 0.0019500 seconds, Stopping threads took: 0.0000640 seconds
210.951: Application time: 0.0548640 seconds
210.952: [GC210.952: [ParNew: 37190K->4136K(37568K), 0.0015670 secs] 420699K->387646K(498504K), 0.0016080 secs] [Times: user=0.01 sys=0.00, real=0.00 secs] 
210.953: Total time for which application threads were stopped: 0.0017600 seconds, Stopping threads took: 0.0000880 seconds
211.010: Application time: 0.0566690 seconds
211.010: [GC211.010: [ParNew: 36798K->4115K(37568K), 0.0020560 secs] 420307K->389672K(498504K), 0.0020970 secs] [Times: user=0.01 sys=0.00, real=0.00 secs] 
211.012: Total time for which application threads were stopped: 0.0022360 seconds, Stopping threads took: 0.0000720 seconds
211.072: Application time: 0.0601490 seconds
211.072: [GC211.072: [ParNew: 37192K->4154K(37568K), 0.0019700 secs] 422750K->391791K(498504K), 0.0020120 secs] [Times: user=0.02 sys=0.00, real=0.00 secs] 
211.074: Total time for which application threads were stopped: 0.0021940 seconds, Stopping threads took: 0.0001070 seconds
211.132: Application time: 0.0578540 seconds
211.132: [GC211.132: [ParNew: 37316K->4158K(37568K), 0.0017880 secs] 424954K->392929K(498504K), 0.0018330 secs] [Times: user=0.01 sys=0.00, real=0.00 secs] 
211.134: Total time for which application threads were stopped: 0.0019600 seconds, Stopping threads took: 0.0000570 seconds
211.196: Application time: 0.0621340 seconds
211.197: [GC211.197: [ParNew: 37177K->4159K(37568K), 0.0017310 secs] 425948K->393984K(498504K), 0.0017710 secs] [Times: user=0.01 sys=0.00, real=0.00 secs] 
211.198: Total time for which application threads were stopped: 0.0019030 seconds, Stopping threads took: 0.0000650 seconds
211.255: Application time: 0.0563020 seconds
211.255: [GC211.255: [ParNew: 36838K->4116K(37568K), 0.0020130 secs] 426664K->396018K(498504K), 0.0020560 secs] [Times: user=0.01 sys=0.00, real=0.01 secs] 
211.257: Total time for which application threads were stopped: 0.0022140 seconds, Stopping threads took: 0.0000920 seconds
211.318: Application time: 0.0615990 seconds
211.319: [GC211.319: [ParNew: 37194K->4142K(37568K), 0.0023600 secs] 429095K->399116K(498504K), 0.0024000 secs] [Times: user=0.01 sys=0.00, real=0.00 secs] 
211.321: Total time for which application threads were stopped: 0.0025450 seconds, Stopping threads took: 0.0000810 seconds
211.380: Application time: 0.0589800 seconds
211.380: [GC211.380: [ParNew: 36928K->4130K(37568K), 0.0022030 secs] 431902K->401180K(498504K), 0.0022540 secs] [Times: user=0.01 sys=0.00, real=0.00 secs] 
211.382: Total time for which application threads were stopped: 0.0024150 seconds, Stopping threads took: 0.0000910 seconds
211.446: Application time: 0.0633700 seconds
211.446: [GC211.446: [ParNew: 37074K->4158K(37568K), 0.0015420 secs] 434124K->401215K(498504K), 0.0015800 secs] [Times: user=0.02 sys=0.00, real=0.00 secs] 
211.447: Total time for which application threads were stopped: 0.0017310 seconds, Stopping threads took: 0.0000840 seconds
211.506: Application time: 0.0587150 seconds
211.506: [GC211.506: [ParNew: 37566K->4119K(37568K), 0.0014210 secs] 434623K->401175K(498504K), 0.0014610 secs] [Times: user=0.01 sys=0.00, real=0.00 secs] 
211.508: Total time for which application threads were stopped: 0.0016000 seconds, Stopping threads took: 0.0000700 seconds
211.571: Application time: 0.0633770 seconds
211.571: [GC211.571: [ParNew: 37014K->4131K(37568K), 0.0017390 secs] 434071K->402212K(498504K), 0.0017780 secs] [Times: user=0.01 sys=0.00, real=0.00 secs] 
211.573: Total time for which application threads were stopped: 0.0019080 seconds, Stopping threads took: 0.0000630 seconds
211.632: Application time: 0.0590550 seconds
211.632: [GC211.632: [ParNew: 36712K->4152K(37568K), 0.0017320 secs] 434793K->403257K(498504K), 0.0017680 secs] [Times: user=0.01 sys=0.00, real=0.00 secs] 
211.634: Total time for which application threads were stopped: 0.0019000 seconds, Stopping threads took: 0.0000580 seconds
211.690: Application time: 0.0559150 seconds
211.690: [GC211.690: [ParNew: 36736K->4158K(37568K), 0.0019250 secs] 435841K->404299K(498504K), 0.0019650 secs] [Times: user=0.01 sys=0.00, real=0.00 secs] 
211.692: Total time for which application threads were stopped: 0.0021250 seconds, Stopping threads took: 0.0000900 seconds
211.754: Application time: 0.0619660 seconds
211.754: [GC211.754: [ParNew: 37102K->4158K(37568K), 0.0017090 secs] 437244K->405341K(498504K), 0.0017490 secs] [Times: user=0.01 sys=0.00, real=0.00 secs] 
211.756: Total time for which application threads were stopped: 0.0019010 seconds, Stopping threads took: 0.0000860 seconds
211.810: Application time: 0.0537180 seconds
211.810: [GC211.810: [ParNew: 36894K->4156K(37568K), 0.0020680 secs] 438077K->407487K(498504K), 0.0021090 secs] [Times: user=0.02 sys=0.00, real=0.00 secs] 
211.812: Total time for which application threads were stopped: 0.0022580 seconds, Stopping threads took: 0.0000840 seconds
211.874: Application time: 0.0623690 seconds
211.874: [GC211.874: [ParNew: 37106K->4112K(37568K), 0.0022140 secs] 440437K->410557K(498504K), 0.0022530 secs] [Times: user=0.02 sys=0.00, real=0.01 secs] 
211.877: Total time for which application threads were stopped: 0.0023990 seconds, Stopping threads took: 0.0000820 seconds
211.933: Application time: 0.0564230 seconds
211.933: [GC211.933: [ParNew: 37081K->4144K(37568K), 0.0023730 secs] 443527K->413661K(498504K), 0.0024140 secs] [Times: user=0.02 sys=0.00, real=0.00 secs] 
211.936: Total time for which application threads were stopped: 0.0025820 seconds, Stopping threads took: 0.0001030 seconds
211.998: Application time: 0.0626220 seconds
211.998: [GC211.998: [ParNew: 37232K->4142K(37568K), 0.0024190 secs] 446750K->416760K(498504K), 0.0024610 secs] [Times: user=0.02 sys=0.00, real=0.00 secs] 
212.001: Total time for which application threads were stopped: 0.0025990 seconds, Stopping threads took: 0.0000600 seconds
212.059: Application time: 0.0578910 seconds
212.059: [GC212.059: [ParNew: 36883K->4131K(37568K), 0.0018670 secs] 449501K->417801K(498504K), 0.0019080 secs] [Times: user=0.02 sys=0.00, real=0.00 secs] 
212.061: Total time for which application threads were stopped: 0.0020620 seconds, Stopping threads took: 0.0000850 seconds
212.124: Application time: 0.0632150 seconds
212.124: [GC212.124: [ParNew: 36951K->3113K(37568K), 0.0011800 secs] 450622K->416784K(498504K), 0.0012180 secs] [Times: user=0.00 sys=0.01, real=0.01 secs] 
212.125: Total time for which application threads were stopped: 0.0013470 seconds, Stopping threads took: 0.0000550 seconds
212.185: Application time: 0.0590670 seconds
212.185: [GC212.185: [ParNew: 35731K->4130K(37568K), 0.0017630 secs] 449402K->418824K(498504K), 0.0018070 secs] [Times: user=0.02 sys=0.00, real=0.00 secs] 
212.187: Total time for which application threads were stopped: 0.0019860 seconds, Stopping threads took: 0.0001010 seconds
212.246: Application time: 0.0594970 seconds
212.248: [GC212.248: [ParNew: 36789K->3109K(37568K), 0.0011820 secs] 451483K->417804K(498504K), 0.0012230 secs] [Times: user=0.01 sys=0.00, real=0.00 secs] 
212.250: Total time for which application threads were stopped: 0.0036750 seconds, Stopping threads took: 0.0023850 seconds
212.308: Application time: 0.0584390 seconds
212.308: [GC212.308: [ParNew: 35733K->4113K(37568K), 0.0019020 secs] 450427K->419832K(498504K), 0.0019440 secs] [Times: user=0.01 sys=0.00, real=0.00 secs] 
212.310: Total time for which application threads were stopped: 0.0020850 seconds, Stopping threads took: 0.0000720 seconds
212.365: Application time: 0.0544950 seconds
212.365: [GC212.365: [ParNew: 36607K->4158K(37568K), 0.0017580 secs] 452326K->420901K(498504K), 0.0017950 secs] [Times: user=0.01 sys=0.00, real=0.00 secs] 
212.367: Total time for which application threads were stopped: 0.0019370 seconds, Stopping threads took: 0.0000760 seconds
212.427: Application time: 0.0598890 seconds
212.427: [GC212.427: [ParNew: 36970K->4144K(37568K), 0.0020670 secs] 453713K->422963K(498504K), 0.0021120 secs] [Times: user=0.02 sys=0.00, real=0.00 secs] 
212.429: Total time for which application threads were stopped: 0.0022950 seconds, Stopping threads took: 0.0001170 seconds
212.486: Application time: 0.0569200 seconds
212.486: [GC212.486: [ParNew: 37399K->4158K(37568K), 0.0021130 secs] 456219K->425138K(498504K), 0.0021500 secs] [Times: user=0.01 sys=0.00, real=0.00 secs] 
212.488: Total time for which application threads were stopped: 0.0022840 seconds, Stopping threads took: 0.0000650 seconds
212.552: Application time: 0.0644170 seconds
212.553: [GC212.553: [ParNew: 37228K->4156K(37568K), 0.0016300 secs] 458208K->426195K(498504K), 0.0016690 secs] [Times: user=0.01 sys=0.00, real=0.00 secs] 
212.554: Total time for which application threads were stopped: 0.0017900 seconds, Stopping threads took: 0.0000580 seconds
212.612: Application time: 0.0580040 seconds
212.612: [GC212.612: [ParNew: 36918K->4118K(37568K), 0.0017200 secs] 458956K->427205K(498504K), 0.0017610 secs] [Times: user=0.02 sys=0.00, real=0.00 secs] 
212.614: Total time for which application threads were stopped: 0.0018980 seconds, Stopping threads took: 0.0000690 seconds
212.675: Application time: 0.0608780 seconds
212.675: [GC212.675: [ParNew: 37111K->4143K(37568K), 0.0020500 secs] 460198K->429278K(498504K), 0.0020880 secs] [Times: user=0.01 sys=0.00, real=0.01 secs] 
212.677: Total time for which application threads were stopped: 0.0022460 seconds, Stopping threads took: 0.0000960 seconds
212.735: Application time: 0.0575860 seconds
212.735: [GC212.735: [ParNew: 36853K->4113K(37568K), 0.0022280 secs] 461988K->431324K(498504K), 0.0022710 secs] [Times: user=0.01 sys=0.00, real=0.01 secs] 
212.737: Total time for which application threads were stopped: 0.0024370 seconds, Stopping threads took: 0.0000880 seconds
212.801: Application time: 0.0632400 seconds
212.801: [GC212.801: [ParNew: 37094K->4132K(37568K), 0.0018060 secs] 464305K->432367K(498504K), 0.0018480 secs] [Times: user=0.01 sys=0.00, real=0.00 secs] 
212.803: Total time for which application threads were stopped: 0.0020050 seconds, Stopping threads took: 0.0000890 seconds
212.862: Application time: 0.0596530 seconds
212.862: [GC212.862: [ParNew: 36824K->4132K(37568K), 0.0019360 secs] 465059K->433391K(498504K), 0.0019760 secs] [Times: user=0.01 sys=0.01, real=0.01 secs] 
212.864: Total time for which application threads were stopped: 0.0021370 seconds, Stopping threads took: 0.0000900 seconds
212.926: Application time: 0.0621200 seconds
212.927: [GC212.927: [ParNew: 36851K->2103K(37568K), 0.0010550 secs] 466110K->431362K(498504K), 0.0010960 secs] [Times: user=0.00 sys=0.00, real=0.00 secs] 
212.928: Total time for which application threads were stopped: 0.0012210 seconds, Stopping threads took: 0.0000620 seconds
212.986: Application time: 0.0578240 seconds
212.986: [GC212.986: [ParNew: 35340K->4131K(37568K), 0.0017710 secs] 464599K->434414K(498504K), 0.0018050 secs] [Times: user=0.02 sys=0.00, real=0.00 secs] 
212.987: Total time for which application threads were stopped: 0.0019330 seconds, Stopping threads took: 0.0000630 seconds
213.044: Application time: 0.0563860 seconds
213.044: [GC213.044: [ParNew: 36740K->4143K(37568K), 0.0017130 secs] 467023K->435451K(498504K), 0.0017530 secs] [Times: user=0.02 sys=0.00, real=0.01 secs] 
213.046: Total time for which application threads were stopped: 0.0018820 seconds, Stopping threads took: 0.0000660 seconds
213.102: Application time: 0.0559070 seconds
213.102: [GC213.102: [ParNew: 37013K->4140K(37568K), 0.0024520 secs] 468321K->438548K(498504K), 0.0025020 secs] [Times: user=0.02 sys=0.00, real=0.01 secs] 
213.104: Total time for which application threads were stopped: 0.0026850 seconds, Stopping threads took: 0.0001160 seconds
213.165: Application time: 0.0602740 seconds
213.165: [GC213.165: [ParNew: 37477K->4157K(37568K), 0.0020440 secs] 471885K->440710K(498504K), 0.0020830 secs] [Times: user=0.01 sys=0.00, real=0.00 secs] 
213.167: Total time for which application threads were stopped: 0.0022270 seconds, Stopping threads took: 0.0000780 seconds
213.227: Application time: 0.0601920 seconds
213.227: [GC213.227: [ParNew: 37093K->4156K(37568K), 0.0021900 secs] 473645K->442806K(498504K), 0.0022320 secs] [Times: user=0.01 sys=0.00, real=0.00 secs] 
213.229: Total time for which application threads were stopped: 0.0023800 seconds, Stopping threads took: 0.0000800 seconds
213.291: Application time: 0.0611820 seconds
213.291: [GC213.291: [ParNew: 37020K->4111K(37568K), 0.0020360 secs] 475671K->444834K(498504K), 0.0020770 secs] [Times: user=0.01 sys=0.00, real=0.00 secs] 
213.293: Total time for which application threads were stopped: 0.0022410 seconds, Stopping threads took: 0.0000820 seconds
213.354: Application time: 0.0616610 seconds
213.355: [GC213.355: [ParNew: 37026K->4158K(37568K), 0.0017500 secs] 477750K->445905K(498504K), 0.0017930 secs] [Times: user=0.01 sys=0.00, real=0.01 secs] 
213.356: Total time for which application threads were stopped: 0.0019320 seconds, Stopping threads took: 0.0000730 seconds
 CMS: abort preclean due to time 213.357: [CMS-concurrent-abortable-preclean: 0.084/5.062 secs] [Times: user=39.87 sys=0.04, real=5.07 secs] 
213.357: Application time: 0.0010190 seconds
213.358: [GC[YG occupancy: 5229 K (37568 K)]213.358: [Rescan (parallel) , 0.0002240 secs]213.358: [weak refs processing, 0.0000060 secs]213.358: [scrub string table, 0.0001120 secs] [1 CMS-remark: 441747K(460936K)] 446976K(498504K), 0.0003630 secs] [Times: user=0.00 sys=0.00, real=0.00 secs] 
213.358: Total time for which application threads were stopped: 0.0004720 seconds, Stopping threads took: 0.0000780 seconds
213.358: [CMS-concurrent-sweep-start]
213.359: [CMS-concurrent-sweep: 0.001/0.001 secs] [Times: user=0.00 sys=0.00, real=0.00 secs] 
213.359: [CMS-concurrent-reset-start]
213.362: [CMS-concurrent-reset: 0.003/0.003 secs] [Times: user=0.02 sys=0.00, real=0.00 secs] 
213.414: Application time: 0.0559100 seconds
213.414: [GC213.414: [ParNew: 36845K->4116K(37568K), 0.0022740 secs] 167246K->137617K(498504K), 0.0023110 secs] [Times: user=0.02 sys=0.00, real=0.00 secs] 
213.416: Total time for which application threads were stopped: 0.0024630 seconds, Stopping threads took: 0.0000780 seconds
213.478: Application time: 0.0620360 seconds
213.478: [GC213.479: [ParNew: 37081K->4134K(37568K), 0.0021240 secs] 170583K->139684K(498504K), 0.0021650 secs] [Times: user=0.02 sys=0.00, real=0.00 secs] 
213.481: Total time for which application threads were stopped: 0.0023300 seconds, Stopping threads took: 0.0000960 seconds
213.541: Application time: 0.0606610 seconds
213.541: [GC213.541: [ParNew: 36936K->4137K(37568K), 0.0017860 secs] 172486K->140710K(498504K), 0.0018320 secs] [Times: user=0.01 sys=0.00, real=0.00 secs] 
213.543: Total time for which application threads were stopped: 0.0019640 seconds, Stopping threads took: 0.0000650 seconds
213.604: Application time: 0.0606840 seconds
213.604: [GC213.604: [ParNew: 36813K->3124K(37568K), 0.0012130 secs] 173387K->139698K(498504K), 0.0012470 secs] [Times: user=0.00 sys=0.01, real=0.01 secs] 
213.605: Total time for which application threads were stopped: 0.0013910 seconds, Stopping threads took: 0.0000790 seconds
213.665: Application time: 0.0593700 seconds
213.665: [GC213.665: [ParNew: 36532K->4154K(37568K), 0.0014860 secs] 173106K->140728K(498504K), 0.0015260 secs] [Times: user=0.01 sys=0.00, real=0.00 secs] 
213.666: Total time for which application threads were stopped: 0.0016640 seconds, Stopping threads took: 0.0000710 seconds
213.725: Application time: 0.0581850 seconds
213.725: [GC213.725: [ParNew: 36689K->4134K(37568K), 0.0013510 secs] 173263K->140708K(498504K), 0.0013840 secs] [Times: user=0.01 sys=0.00, real=0.00 secs] 
213.726: Total time for which application threads were stopped: 0.0015000 seconds, Stopping threads took: 0.0000590 seconds
213.779: Application time: 0.0529550 seconds
213.779: [GC213.779: [ParNew: 36915K->4152K(37568K), 0.0023840 secs] 173489K->143814K(498504K), 0.0024250 secs] [Times: user=0.02 sys=0.00, real=0.00 secs] 
213.782: Total time for which application threads were stopped: 0.0025610 seconds, Stopping threads took: 0.0000680 seconds
213.841: Application time: 0.0596110 seconds
213.841: [GC213.841: [ParNew: 37520K->4158K(37568K), 0.0024000 secs] 177182K->147002K(498504K), 0.0024380 secs] [Times: user=0.01 sys=0.00, real=0.00 secs] 
213.844: Total time for which application threads were stopped: 0.0025940 seconds, Stopping threads took: 0.0000790 seconds
213.906: Application time: 0.0624580 seconds
213.906: [GC213.906: [ParNew: 37184K->4149K(37568K), 0.0017770 secs] 180028K->148079K(498504K), 0.0018200 secs] [Times: user=0.02 sys=0.00, real=0.00 secs] 
213.908: Total time for which application threads were stopped: 0.0019790 seconds, Stopping threads took: 0.0000930 seconds
213.966: Application time: 0.0580770 seconds
213.966: [GC213.966: [ParNew: 36779K->4117K(37568K), 0.0016640 secs] 180709K->149083K(498504K), 0.0017010 secs] [Times: user=0.01 sys=0.00, real=0.00 secs] 
213.968: Total time for which application threads were stopped: 0.0018400 seconds, Stopping threads took: 0.0000740 seconds
214.028: Application time: 0.0593910 seconds
214.029: [GC214.029: [ParNew: 37003K->4144K(37568K), 0.0018690 secs] 181969K->151158K(498504K), 0.0019070 secs] [Times: user=0.01 sys=0.00, real=0.00 secs] 
214.030: Total time for which application threads were stopped: 0.0028600 seconds, Stopping threads took: 0.0008680 seconds
214.088: Application time: 0.0578180 seconds
214.089: [GC214.089: [ParNew: 37044K->4116K(37568K), 0.0023040 secs] 184058K->154231K(498504K), 0.0023450 secs] [Times: user=0.02 sys=0.00, real=0.00 secs] 
214.091: Total time for which application threads were stopped: 0.0026820 seconds, Stopping threads took: 0.0002590 seconds
214.151: Application time: 0.0604460 seconds
214.152: [GC214.152: [ParNew: 37026K->4112K(37568K), 0.0024790 secs] 187141K->157299K(498504K), 0.0025240 secs] [Times: user=0.02 sys=0.00, real=0.00 secs] 
214.154: Total time for which application threads were stopped: 0.0026650 seconds, Stopping threads took: 0.0000700 seconds
214.217: Application time: 0.0631080 seconds
214.217: [GC214.217: [ParNew: 37009K->4116K(37568K), 0.0016630 secs] 190196K->158327K(498504K), 0.0017010 secs] [Times: user=0.01 sys=0.00, real=0.00 secs] 
214.219: Total time for which application threads were stopped: 0.0018400 seconds, Stopping threads took: 0.0000700 seconds
214.279: Application time: 0.0600770 seconds
214.279: [GC214.279: [ParNew: 36685K->2111K(37568K), 0.0009970 secs] 190896K->156322K(498504K), 0.0010280 secs] [Times: user=0.01 sys=0.00, real=0.00 secs] 
214.280: Total time for which application threads were stopped: 0.0011860 seconds, Stopping threads took: 0.0000890 seconds
214.340: Application time: 0.0599600 seconds
214.340: [GC214.342: [ParNew: 35519K->4155K(37568K), 0.0015070 secs] 189730K->158366K(498504K), 0.0031380 secs] [Times: user=0.01 sys=0.00, real=0.00 secs] 
214.344: Total time for which application threads were stopped: 0.0033070 seconds, Stopping threads took: 0.0001060 seconds
214.401: Application time: 0.0574680 seconds
214.401: [GC214.401: [ParNew: 36705K->4118K(37568K), 0.0016310 secs] 190916K->159353K(498504K), 0.0016690 secs] [Times: user=0.01 sys=0.00, real=0.00 secs] 
214.403: Total time for which application threads were stopped: 0.0018250 seconds, Stopping threads took: 0.0000850 seconds
214.457: Application time: 0.0540880 seconds
214.457: [GC214.457: [ParNew: 36915K->4153K(37568K), 0.0017230 secs] 192150K->160428K(498504K), 0.0017650 secs] [Times: user=0.02 sys=0.00, real=0.00 secs] 
214.459: Total time for which application threads were stopped: 0.0019880 seconds, Stopping threads took: 0.0001560 seconds
214.518: Application time: 0.0591660 seconds
214.518: [GC214.518: [ParNew: 37498K->4156K(37568K), 0.0024500 secs] 193773K->163612K(498504K), 0.0024940 secs] [Times: user=0.02 sys=0.00, real=0.00 secs] 
214.521: Total time for which application threads were stopped: 0.0026660 seconds, Stopping threads took: 0.0001020 seconds
214.584: Application time: 0.0633820 seconds
214.584: [GC214.584: [ParNew: 37154K->4146K(37568K), 0.0020340 secs] 196610K->165696K(498504K), 0.0020730 secs] [Times: user=0.01 sys=0.00, real=0.00 secs] 
214.586: Total time for which application threads were stopped: 0.0022350 seconds, Stopping threads took: 0.0000860 seconds
214.645: Application time: 0.0590280 seconds
214.646: [GC214.646: [ParNew: 36825K->4131K(37568K), 0.0016450 secs] 198375K->166734K(498504K), 0.0016840 secs] [Times: user=0.01 sys=0.00, real=0.00 secs] 
214.647: Total time for which application threads were stopped: 0.0018250 seconds, Stopping threads took: 0.0000760 seconds
214.708: Application time: 0.0610330 seconds
214.708: [GC214.708: [ParNew: 37071K->4145K(37568K), 0.0014410 secs] 199674K->166748K(498504K), 0.0014790 secs] [Times: user=0.01 sys=0.00, real=0.00 secs] 
214.710: Total time for which application threads were stopped: 0.0016230 seconds, Stopping threads took: 0.0000830 seconds
214.767: Application time: 0.0567390 seconds
214.767: [GC214.767: [ParNew: 36916K->4112K(37568K), 0.0023090 secs] 199519K->169815K(498504K), 0.0023520 secs] [Times: user=0.02 sys=0.00, real=0.00 secs] 
214.769: Total time for which application threads were stopped: 0.0025270 seconds, Stopping threads took: 0.0001060 seconds
214.830: Application time: 0.0613200 seconds
214.831: [GC214.831: [ParNew: 37030K->4130K(37568K), 0.0021580 secs] 202733K->171881K(498504K), 0.0021990 secs] [Times: user=0.02 sys=0.00, real=0.00 secs] 
214.833: Total time for which application threads were stopped: 0.0023880 seconds, Stopping threads took: 0.0001240 seconds
214.894: Application time: 0.0611340 seconds
214.894: [GC214.894: [ParNew: 36890K->4134K(37568K), 0.0017300 secs] 204641K->172909K(498504K), 0.0017700 secs] [Times: user=0.01 sys=0.00, real=0.00 secs] 
214.896: Total time for which application threads were stopped: 0.0019140 seconds, Stopping threads took: 0.0000750 seconds
214.957: Application time: 0.0611910 seconds
214.957: [GC214.957: [ParNew: 36807K->2089K(37568K), 0.0009570 secs] 205583K->170864K(498504K), 0.0009890 secs] [Times: user=0.01 sys=0.00, real=0.00 secs] 
214.958: Total time for which application threads were stopped: 0.0011270 seconds, Stopping threads took: 0.0000690 seconds
215.017: Application time: 0.0587680 seconds
215.017: [GC215.017: [ParNew: 35497K->4137K(37568K), 0.0016110 secs] 204272K->173936K(498504K), 0.0016530 secs] [Times: user=0.01 sys=0.00, real=0.00 secs] 
215.019: Total time for which application threads were stopped: 0.0017750 seconds, Stopping threads took: 0.0000550 seconds
215.074: Application time: 0.0553660 seconds
215.074: [GC215.074: [ParNew: 36672K->4128K(37568K), 0.0020430 secs] 206472K->175975K(498504K), 0.0020840 secs] [Times: user=0.02 sys=0.00, real=0.01 secs] 
215.076: Total time for which application threads were stopped: 0.0022250 seconds, Stopping threads took: 0.0000790 seconds
215.133: Application time: 0.0564640 seconds
215.133: [GC215.133: [ParNew: 37116K->4158K(37568K), 0.0021010 secs] 208963K->178095K(498504K), 0.0021390 secs] [Times: user=0.01 sys=0.00, real=0.00 secs] 
215.135: Total time for which application threads were stopped: 0.0022790 seconds, Stopping threads took: 0.0000760 seconds
215.196: Application time: 0.0607820 seconds
215.196: [GC215.196: [ParNew: 37433K->4158K(37568K), 0.0021660 secs] 211371K->180229K(498504K), 0.0022100 secs] [Times: user=0.01 sys=0.00, real=0.01 secs] 
215.198: Total time for which application threads were stopped: 0.0023450 seconds, Stopping threads took: 0.0000640 seconds
215.259: Application time: 0.0605680 seconds
215.259: [GC215.259: [ParNew: 37127K->4158K(37568K), 0.0021020 secs] 213198K->182323K(498504K), 0.0021460 secs] [Times: user=0.01 sys=0.00, real=0.00 secs] 
215.261: Total time for which application threads were stopped: 0.0022780 seconds, Stopping threads took: 0.0000650 seconds
215.319: Application time: 0.0580900 seconds
215.319: [GC215.319: [ParNew: 36846K->4134K(37568K), 0.0016690 secs] 215011K->183351K(498504K), 0.0017090 secs] [Times: user=0.01 sys=0.00, real=0.00 secs] 
215.321: Total time for which application threads were stopped: 0.0018410 seconds, Stopping threads took: 0.0000650 seconds
215.382: Application time: 0.0609870 seconds
215.382: [GC215.382: [ParNew: 37087K->4145K(37568K), 0.0017210 secs] 216304K->184386K(498504K), 0.0017650 secs] [Times: user=0.01 sys=0.00, real=0.00 secs] 
215.384: Total time for which application threads were stopped: 0.0018900 seconds, Stopping threads took: 0.0000590 seconds
215.441: Application time: 0.0569380 seconds
215.441: [GC215.441: [ParNew: 36908K->4110K(37568K), 0.0024620 secs] 217149K->187451K(498504K), 0.0025050 secs] [Times: user=0.01 sys=0.00, real=0.00 secs] 
215.444: Total time for which application threads were stopped: 0.0026630 seconds, Stopping threads took: 0.0000900 seconds
215.506: Application time: 0.0623620 seconds
215.506: [GC215.506: [ParNew: 37050K->4115K(37568K), 0.0018370 secs] 220392K->188480K(498504K), 0.0018800 secs] [Times: user=0.02 sys=0.00, real=0.00 secs] 
215.508: Total time for which application threads were stopped: 0.0020230 seconds, Stopping threads took: 0.0000650 seconds
215.568: Application time: 0.0602860 seconds
215.568: [GC215.568: [ParNew: 36895K->4130K(37568K), 0.0017420 secs] 221261K->189520K(498504K), 0.0017840 secs] [Times: user=0.01 sys=0.00, real=0.00 secs] 
215.570: Total time for which application threads were stopped: 0.0019490 seconds, Stopping threads took: 0.0000920 seconds
215.633: Application time: 0.0624150 seconds
215.633: [GC215.633: [ParNew: 36962K->3125K(37568K), 0.0011980 secs] 222351K->188515K(498504K), 0.0012330 secs] [Times: user=0.01 sys=0.00, real=0.00 secs] 
215.634: Total time for which application threads were stopped: 0.0013490 seconds, Stopping threads took: 0.0000550 seconds
215.692: Application time: 0.0581650 seconds
215.692: [GC215.692: [ParNew: 36403K->2088K(37568K), 0.0009510 secs] 221793K->187478K(498504K), 0.0009820 secs] [Times: user=0.01 sys=0.00, real=0.00 secs] 
215.693: Total time for which application threads were stopped: 0.0011100 seconds, Stopping threads took: 0.0000710 seconds
215.746: Application time: 0.0532370 seconds
215.747: [GC215.747: [ParNew: 34485K->4130K(37568K), 0.0021140 secs] 219874K->191567K(498504K), 0.0021550 secs] [Times: user=0.02 sys=0.00, real=0.00 secs] 
215.749: Total time for which application threads were stopped: 0.0022890 seconds, Stopping threads took: 0.0000690 seconds
215.804: Application time: 0.0553170 seconds
215.804: [GC215.804: [ParNew: 37029K->4154K(37568K), 0.0023510 secs] 224466K->194680K(498504K), 0.0023970 secs] [Times: user=0.01 sys=0.01, real=0.01 secs] 
215.807: Total time for which application threads were stopped: 0.0025490 seconds, Stopping threads took: 0.0000830 seconds
215.871: Application time: 0.0643780 seconds
215.871: [GC215.871: [ParNew: 37562K->4159K(37568K), 0.0018050 secs] 228088K->195838K(498504K), 0.0018530 secs] [Times: user=0.01 sys=0.00, real=0.00 secs] 
215.873: Total time for which application threads were stopped: 0.0019870 seconds, Stopping threads took: 0.0000670 seconds
215.935: Application time: 0.0615710 seconds
215.935: [GC215.935: [ParNew: 37103K->4158K(37568K), 0.0014970 secs] 228782K->195864K(498504K), 0.0015320 secs] [Times: user=0.01 sys=0.00, real=0.00 secs] 
215.936: Total time for which application threads were stopped: 0.0016600 seconds, Stopping threads took: 0.0000660 seconds
215.993: Application time: 0.0567790 seconds
215.993: [GC215.993: [ParNew: 36733K->4114K(37568K), 0.0017840 secs] 228439K->196873K(498504K), 0.0018220 secs] [Times: user=0.01 sys=0.00, real=0.00 secs] 
215.995: Total time for which application threads were stopped: 0.0019390 seconds, Stopping threads took: 0.0000540 seconds
216.053: Application time: 0.0576180 seconds
216.053: [GC216.053: [ParNew: 37064K->4142K(37568K), 0.0023530 secs] 229822K->199972K(498504K), 0.0023920 secs] [Times: user=0.02 sys=0.00, real=0.00 secs] 
216.055: Total time for which application threads were stopped: 0.0025470 seconds, Stopping threads took: 0.0000800 seconds
216.115: Application time: 0.0601220 seconds
216.115: [GC216.115: [ParNew: 36974K->4133K(37568K), 0.0018420 secs] 232804K->201016K(498504K), 0.0018830 secs] [Times: user=0.01 sys=0.00, real=0.01 secs] 
216.117: Total time for which application threads were stopped: 0.0020620 seconds, Stopping threads took: 0.0001010 seconds
216.177: Application time: 0.0596900 seconds
216.177: [GC216.177: [ParNew: 36934K->4118K(37568K), 0.0020740 secs] 233817K->203049K(498504K), 0.0021170 secs] [Times: user=0.01 sys=0.00, real=0.00 secs] 
216.179: Total time for which application threads were stopped: 0.0022510 seconds, Stopping threads took: 0.0000690 seconds
216.240: Application time: 0.0606260 seconds
216.240: [GC216.240: [ParNew: 36968K->4129K(37568K), 0.0018790 secs] 235899K->204084K(498504K), 0.0019160 secs] [Times: user=0.01 sys=0.00, real=0.00 secs] 
216.242: Total time for which application threads were stopped: 0.0021360 seconds, Stopping threads took: 0.0001550 seconds
216.305: Application time: 0.0625130 seconds
216.308: [GC216.308: [ParNew: 36990K->4130K(37568K), 0.0014240 secs] 236945K->204086K(498504K), 0.0014640 secs] [Times: user=0.01 sys=0.00, real=0.00 secs] 
216.310: Total time for which application threads were stopped: 0.0054220 seconds, Stopping threads took: 0.0038930 seconds
216.368: Application time: 0.0581430 seconds
216.368: [GC216.368: [ParNew: 37538K->4116K(37568K), 0.0014550 secs] 237494K->204071K(498504K), 0.0014940 secs] [Times: user=0.00 sys=0.01, real=0.00 secs] 
216.370: Total time for which application threads were stopped: 0.0016440 seconds, Stopping threads took: 0.0000850 seconds
216.426: Application time: 0.0566080 seconds
216.426: [GC216.426: [ParNew: 36707K->4116K(37568K), 0.0020880 secs] 236662K->206119K(498504K), 0.0021290 secs] [Times: user=0.02 sys=0.00, real=0.00 secs] 
216.429: Total time for which application threads were stopped: 0.0022620 seconds, Stopping threads took: 0.0000740 seconds
216.487: Application time: 0.0579000 seconds
216.487: [GC216.487: [ParNew: 37219K->4158K(37568K), 0.0020850 secs] 239223K->208249K(498504K), 0.0021240 secs] [Times: user=0.01 sys=0.00, real=0.00 secs] 
216.489: Total time for which application threads were stopped: 0.0022640 seconds, Stopping threads took: 0.0000740 seconds
216.547: Application time: 0.0584190 seconds
216.547: [GC216.547: [ParNew: 37200K->4157K(37568K), 0.0019870 secs] 241291K->209358K(498504K), 0.0020290 secs] [Times: user=0.02 sys=0.00, real=0.00 secs] 
216.549: Total time for which application threads were stopped: 0.0021660 seconds, Stopping threads took: 0.0000660 seconds
216.613: Application time: 0.0633270 seconds
216.613: [GC216.613: [ParNew: 37168K->4158K(37568K), 0.0015250 secs] 242369K->209424K(498504K), 0.0015720 secs] [Times: user=0.01 sys=0.00, real=0.00 secs] 
216.614: Total time for which application threads were stopped: 0.0017150 seconds, Stopping threads took: 0.0000730 seconds
216.669: Application time: 0.0546980 seconds
216.669: [GC216.669: [ParNew: 36600K->4114K(37568K), 0.0020820 secs] 241867K->211441K(498504K), 0.0021220 secs] [Times: user=0.01 sys=0.00, real=0.00 secs] 
216.671: Total time for which application threads were stopped: 0.0022610 seconds, Stopping threads took: 0.0000730 seconds
216.729: Application time: 0.0575930 seconds
216.729: [GC216.729: [ParNew: 37044K->4140K(37568K), 0.0024670 secs] 244371K->214539K(498504K), 0.0025100 secs] [Times: user=0.02 sys=0.00, real=0.00 secs] 
216.732: Total time for which application threads were stopped: 0.0026430 seconds, Stopping threads took: 0.0000660 seconds
216.792: Application time: 0.0606960 seconds
216.792: [GC216.792: [ParNew: 37017K->4132K(37568K), 0.0021490 secs] 247416K->216608K(498504K), 0.0021910 secs] [Times: user=0.02 sys=0.00, real=0.00 secs] 
216.795: Total time for which application threads were stopped: 0.0023280 seconds, Stopping threads took: 0.0000700 seconds
216.855: Application time: 0.0598740 seconds
216.855: [GC216.855: [ParNew: 36928K->4113K(37568K), 0.0020440 secs] 249404K->218637K(498504K), 0.0020870 secs] [Times: user=0.02 sys=0.00, real=0.01 secs] 
216.857: Total time for which application threads were stopped: 0.0022360 seconds, Stopping threads took: 0.0000780 seconds
216.920: Application time: 0.0630200 seconds
216.920: [GC216.920: [ParNew: 36795K->4113K(37568K), 0.0014120 secs] 251319K->218637K(498504K), 0.0014440 secs] [Times: user=0.01 sys=0.00, real=0.00 secs] 
216.921: Total time for which application threads were stopped: 0.0015750 seconds, Stopping threads took: 0.0000700 seconds
216.976: Application time: 0.0548440 seconds
216.976: [GC216.976: [ParNew: 37521K->4116K(37568K), 0.0019930 secs] 252045K->220688K(498504K), 0.0020320 secs] [Times: user=0.02 sys=0.00, real=0.00 secs] 
216.978: Total time for which application threads were stopped: 0.0021710 seconds, Stopping threads took: 0.0000700 seconds
217.041: Application time: 0.0629430 seconds
217.041: [GC217.041: [ParNew: 37039K->4116K(37568K), 0.0019020 secs] 253611K->222736K(498504K), 0.0019390 secs] [Times: user=0.02 sys=0.00, real=0.00 secs] 
217.043: Total time for which application threads were stopped: 0.0020620 seconds, Stopping threads took: 0.0000610 seconds
217.101: Application time: 0.0574940 seconds
217.101: [GC217.101: [ParNew: 36988K->4112K(37568K), 0.0024620 secs] 255608K->225804K(498504K), 0.0024980 secs] [Times: user=0.01 sys=0.00, real=0.00 secs] 
217.104: Total time for which application threads were stopped: 0.0026290 seconds, Stopping threads took: 0.0000660 seconds
217.164: Application time: 0.0606470 seconds
217.164: [GC217.164: [ParNew: 37378K->4158K(37568K), 0.0017940 secs] 259070K->226961K(498504K), 0.0018330 secs] [Times: user=0.01 sys=0.00, real=0.00 secs] 
217.166: Total time for which application threads were stopped: 0.0019970 seconds, Stopping threads took: 0.0000850 seconds
217.226: Application time: 0.0598990 seconds
217.226: [GC217.226: [ParNew: 36955K->4157K(37568K), 0.0018090 secs] 259757K->228030K(498504K), 0.0018450 secs] [Times: user=0.01 sys=0.00, real=0.00 secs] 
217.228: Total time for which application threads were stopped: 0.0020620 seconds, Stopping threads took: 0.0001570 seconds
217.286: Application time: 0.0582930 seconds
217.287: [GC217.287: [ParNew: 36992K->4159K(37568K), 0.0022030 secs] 260865K->230125K(498504K), 0.0022430 secs] [Times: user=0.01 sys=0.00, real=0.00 secs] 
217.289: Total time for which application threads were stopped: 0.0023960 seconds, Stopping threads took: 0.0000860 seconds
217.349: Application time: 0.0599670 seconds
217.349: [GC217.349: [ParNew: 36980K->4121K(37568K), 0.0020800 secs] 262946K->232159K(498504K), 0.0021170 secs] [Times: user=0.02 sys=0.00, real=0.00 secs] 
217.351: Total time for which application threads were stopped: 0.0022430 seconds, Stopping threads took: 0.0000610 seconds
217.412: Application time: 0.0606940 seconds
217.412: [GC217.412: [ParNew: 37065K->4158K(37568K), 0.0020320 secs] 265103K->234244K(498504K), 0.0020820 secs] [Times: user=0.02 sys=0.00, real=0.00 secs] 
217.414: Total time for which application threads were stopped: 0.0022340 seconds, Stopping threads took: 0.0000830 seconds
217.475: Application time: 0.0610640 seconds
217.475: [GC217.475: [ParNew: 36991K->4159K(37568K), 0.0014910 secs] 267077K->234278K(498504K), 0.0015320 secs] [Times: user=0.01 sys=0.00, real=0.01 secs] 
217.477: Total time for which application threads were stopped: 0.0016730 seconds, Stopping threads took: 0.0000740 seconds
217.535: Application time: 0.0585050 seconds
217.535: [GC217.535: [ParNew: 36603K->4123K(37568K), 0.0013860 secs] 266722K->234242K(498504K), 0.0014250 secs] [Times: user=0.01 sys=0.00, real=0.01 secs] 
217.537: Total time for which application threads were stopped: 0.0015590 seconds, Stopping threads took: 0.0000700 seconds
217.595: Application time: 0.0579370 seconds
217.595: [GC217.595: [ParNew: 36664K->4134K(37568K), 0.0017780 secs] 266783K->235276K(498504K), 0.0018170 secs] [Times: user=0.01 sys=0.00, real=0.01 secs] 
217.597: Total time for which application threads were stopped: 0.0019700 seconds, Stopping threads took: 0.0000880 seconds
217.649: Application time: 0.0524570 seconds
217.649: [GC217.649: [ParNew: 36611K->4112K(37568K), 0.0024270 secs] 267753K->238326K(498504K), 0.0024710 secs] [Times: user=0.02 sys=0.00, real=0.00 secs] 
217.652: Total time for which application threads were stopped: 0.0026030 seconds, Stopping threads took: 0.0000640 seconds
217.714: Application time: 0.0623170 seconds
217.714: [GC217.714: [ParNew: 37086K->4116K(37568K), 0.0023770 secs] 271301K->241402K(498504K), 0.0024190 secs] [Times: user=0.02 sys=0.00, real=0.01 secs] 
217.717: Total time for which application threads were stopped: 0.0025580 seconds, Stopping threads took: 0.0000640 seconds
217.776: Application time: 0.0598040 seconds
217.777: [GC217.777: [ParNew: 37011K->4130K(37568K), 0.0019920 secs] 274298K->243465K(498504K), 0.0020320 secs] [Times: user=0.01 sys=0.00, real=0.00 secs] 
217.779: Total time for which application threads were stopped: 0.0021480 seconds, Stopping threads took: 0.0000540 seconds
217.838: Application time: 0.0592610 seconds
217.840: [GC217.840: [ParNew: 37274K->4159K(37568K), 0.0014750 secs] 276608K->243594K(498504K), 0.0015140 secs] [Times: user=0.01 sys=0.00, real=0.00 secs] 
217.842: Total time for which application threads were stopped: 0.0041070 seconds, Stopping threads took: 0.0025290 seconds
217.901: Application time: 0.0590950 seconds
217.901: [GC217.901: [ParNew: 37034K->4158K(37568K), 0.0021530 secs] 276469K->245671K(498504K), 0.0021940 secs] [Times: user=0.01 sys=0.00, real=0.00 secs] 
217.903: Total time for which application threads were stopped: 0.0023720 seconds, Stopping threads took: 0.0001100 seconds
217.961: Application time: 0.0578690 seconds
217.964: [GC217.964: [ParNew: 36937K->4140K(37568K), 0.0020320 secs] 278450K->247742K(498504K), 0.0020730 secs] [Times: user=0.02 sys=0.00, real=0.00 secs] 
217.966: Total time for which application threads were stopped: 0.0052040 seconds, Stopping threads took: 0.0030620 seconds
218.028: Application time: 0.0620070 seconds
218.029: [GC218.029: [ParNew: 37055K->4117K(37568K), 0.0014250 secs] 280657K->247748K(498504K), 0.0014580 secs] [Times: user=0.01 sys=0.00, real=0.00 secs] 
218.030: Total time for which application threads were stopped: 0.0016200 seconds, Stopping threads took: 0.0001020 seconds
218.092: Application time: 0.0623330 seconds
218.093: [GC218.093: [ParNew: 37187K->4154K(37568K), 0.0014440 secs] 280818K->247801K(498504K), 0.0014810 secs] [Times: user=0.01 sys=0.00, real=0.00 secs] 
218.094: Total time for which application threads were stopped: 0.0016180 seconds, Stopping threads took: 0.0000750 seconds
218.151: Application time: 0.0572410 seconds
218.151: [GC218.151: [ParNew: 36783K->4129K(37568K), 0.0018700 secs] 280430K->248812K(498504K), 0.0019140 secs] [Times: user=0.01 sys=0.00, real=0.00 secs] 
218.153: Total time for which application threads were stopped: 0.0020680 seconds, Stopping threads took: 0.0000720 seconds
218.214: Application time: 0.0608060 seconds
218.214: [GC218.214: [ParNew: 36797K->4133K(37568K), 0.0014760 secs] 281480K->248816K(498504K), 0.0015140 secs] [Times: user=0.01 sys=0.00, real=0.00 secs] 
218.216: Total time for which application threads were stopped: 0.0016710 seconds, Stopping threads took: 0.0000900 seconds
218.273: Application time: 0.0575830 seconds
218.274: [GC218.274: [ParNew: 36640K->4152K(37568K), 0.0014440 secs] 281323K->248835K(498504K), 0.0014840 secs] [Times: user=0.01 sys=0.00, real=0.00 secs] 
218.275: Total time for which application threads were stopped: 0.0016240 seconds, Stopping threads took: 0.0000650 seconds
218.331: Application time: 0.0558040 seconds
218.331: [GC218.331: [ParNew: 36632K->4115K(37568K), 0.0020200 secs] 281315K->250846K(498504K), 0.0020630 secs] [Times: user=0.01 sys=0.00, real=0.00 secs] 
218.333: Total time for which application threads were stopped: 0.0022220 seconds, Stopping threads took: 0.0000930 seconds
218.396: Application time: 0.0624220 seconds
218.396: [GC218.396: [ParNew: 37001K->4120K(37568K), 0.0014380 secs] 283732K->250852K(498504K), 0.0014730 secs] [Times: user=0.01 sys=0.00, real=0.01 secs] 
218.397: Total time for which application threads were stopped: 0.0016170 seconds, Stopping threads took: 0.0000810 seconds
218.452: Application time: 0.0548610 seconds
218.452: [GC218.452: [ParNew: 36506K->4119K(37568K), 0.0014380 secs] 283237K->250850K(498504K), 0.0014800 secs] [Times: user=0.01 sys=0.01, real=0.00 secs] 
218.454: Total time for which application threads were stopped: 0.0016380 seconds, Stopping threads took: 0.0000920 seconds
218.512: Application time: 0.0588290 seconds
218.513: [GC218.513: [ParNew: 37218K->4154K(37568K), 0.0021490 secs] 283949K->252949K(498504K), 0.0022000 secs] [Times: user=0.02 sys=0.00, real=0.00 secs] 
218.515: Total time for which application threads were stopped: 0.0023400 seconds, Stopping threads took: 0.0000640 seconds
218.574: Application time: 0.0593560 seconds
218.574: [GC218.574: [ParNew: 37451K->4159K(37568K), 0.0021610 secs] 286247K->255126K(498504K), 0.0022010 secs] [Times: user=0.01 sys=0.00, real=0.01 secs] 
218.577: Total time for which application threads were stopped: 0.0023370 seconds, Stopping threads took: 0.0000710 seconds
218.635: Application time: 0.0581780 seconds
218.635: [GC218.635: [ParNew: 37051K->4140K(37568K), 0.0021250 secs] 288017K->257188K(498504K), 0.0021640 secs] [Times: user=0.02 sys=0.00, real=0.01 secs] 
218.637: Total time for which application threads were stopped: 0.0023020 seconds, Stopping threads took: 0.0000710 seconds
218.701: Application time: 0.0635960 seconds
218.701: [GC218.701: [ParNew: 37114K->4135K(37568K), 0.0014310 secs] 290163K->257212K(498504K), 0.0014700 secs] [Times: user=0.01 sys=0.00, real=0.00 secs] 
218.702: Total time for which application threads were stopped: 0.0016260 seconds, Stopping threads took: 0.0000910 seconds
218.761: Application time: 0.0592240 seconds
218.762: [GC218.762: [ParNew: 36951K->4144K(37568K), 0.0019420 secs] 290028K->259269K(498504K), 0.0019840 secs] [Times: user=0.02 sys=0.00, real=0.00 secs] 
218.764: Total time for which application threads were stopped: 0.0021070 seconds, Stopping threads took: 0.0000550 seconds
218.823: Application time: 0.0590180 seconds
218.823: [GC218.823: [ParNew: 36829K->4148K(37568K), 0.0019480 secs] 291954K->260325K(498504K), 0.0019890 secs] [Times: user=0.01 sys=0.00, real=0.01 secs] 
218.825: Total time for which application threads were stopped: 0.0022250 seconds, Stopping threads took: 0.0001580 seconds
218.887: Application time: 0.0626680 seconds
218.888: [GC218.888: [ParNew: 37109K->4146K(37568K), 0.0014840 secs] 293287K->260323K(498504K), 0.0015230 secs] [Times: user=0.01 sys=0.00, real=0.00 secs] 
218.889: Total time for which application threads were stopped: 0.0016830 seconds, Stopping threads took: 0.0000980 seconds
218.947: Application time: 0.0577500 seconds
218.947: [GC218.947: [ParNew: 37554K->3100K(37568K), 0.0012220 secs] 293731K->259277K(498504K), 0.0012700 secs] [Times: user=0.01 sys=0.00, real=0.00 secs] 
218.948: Total time for which application threads were stopped: 0.0014270 seconds, Stopping threads took: 0.0000910 seconds
219.005: Application time: 0.0561880 seconds
219.005: [GC219.005: [ParNew: 35595K->4116K(37568K), 0.0020870 secs] 291772K->262341K(498504K), 0.0021280 secs] [Times: user=0.02 sys=0.00, real=0.00 secs] 
219.007: Total time for which application threads were stopped: 0.0022750 seconds, Stopping threads took: 0.0000780 seconds
219.069: Application time: 0.0620080 seconds
219.069: [GC219.069: [ParNew: 36993K->4129K(37568K), 0.0017130 secs] 295218K->263379K(498504K), 0.0017490 secs] [Times: user=0.01 sys=0.00, real=0.00 secs] 
219.071: Total time for which application threads were stopped: 0.0019160 seconds, Stopping threads took: 0.0001020 seconds
219.126: Application time: 0.0550350 seconds
219.128: [GC219.128: [ParNew: 37537K->4112K(37568K), 0.0023200 secs] 296787K->265409K(498504K), 0.0023650 secs] [Times: user=0.02 sys=0.00, real=0.00 secs] 
219.131: Total time for which application threads were stopped: 0.0050480 seconds, Stopping threads took: 0.0026010 seconds
219.192: Application time: 0.0614160 seconds
219.193: [GC219.193: [ParNew: 37274K->4152K(37568K), 0.0024230 secs] 298571K->268537K(498504K), 0.0024680 secs] [Times: user=0.01 sys=0.00, real=0.00 secs] 
219.195: Total time for which application threads were stopped: 0.0027610 seconds, Stopping threads took: 0.0002270 seconds
219.252: Application time: 0.0573380 seconds
219.252: [GC219.252: [ParNew: 37371K->4158K(37568K), 0.0020750 secs] 301756K->270717K(498504K), 0.0021130 secs] [Times: user=0.02 sys=0.00, real=0.00 secs] 
219.255: Total time for which application threads were stopped: 0.0022610 seconds, Stopping threads took: 0.0000840 seconds
219.315: Application time: 0.0605990 seconds
219.315: [GC219.315: [ParNew: 37147K->4143K(37568K), 0.0020280 secs] 303707K->272780K(498504K), 0.0020700 secs] [Times: user=0.01 sys=0.00, real=0.01 secs] 
219.317: Total time for which application threads were stopped: 0.0022010 seconds, Stopping threads took: 0.0000620 seconds
219.376: Application time: 0.0581610 seconds
219.376: [GC219.376: [ParNew: 36960K->4112K(37568K), 0.0024520 secs] 305598K->275849K(498504K), 0.0024970 secs] [Times: user=0.02 sys=0.00, real=0.01 secs] 
219.378: Total time for which application threads were stopped: 0.0026680 seconds, Stopping threads took: 0.0000960 seconds
219.378: Application time: 0.0000910 seconds
219.379: [GC [1 CMS-initial-mark: 271737K(460936K)] 276874K(498504K), 0.0001190 secs] [Times: user=0.00 sys=0.00, real=0.00 secs] 
219.379: Total time for which application threads were stopped: 0.0003190 seconds, Stopping threads took: 0.0001740 seconds
219.379: [CMS-concurrent-mark-start]
219.383: [CMS-concurrent-mark: 0.004/0.004 secs] [Times: user=0.01 sys=0.00, real=0.00 secs] 
219.383: [CMS-concurrent-preclean-start]
219.383: [CMS-concurrent-preclean: 0.000/0.000 secs] [Times: user=0.00 sys=0.00, real=0.00 secs] 
219.383: [CMS-concurrent-abortable-preclean-start]
219.443: Application time: 0.0647670 seconds
219.444: [GC219.444: [ParNew: 37099K->4140K(37568K), 0.0021200 secs] 308837K->277926K(498504K), 0.0021630 secs] [Times: user=0.02 sys=0.00, real=0.01 secs] 
219.446: Total time for which application threads were stopped: 0.0023840 seconds, Stopping threads took: 0.0001500 seconds
219.507: Application time: 0.0616690 seconds
219.508: [GC219.508: [ParNew: 36953K->4118K(37568K), 0.0016370 secs] 310739K->277932K(498504K), 0.0016780 secs] [Times: user=0.01 sys=0.00, real=0.00 secs] 
219.509: Total time for which application threads were stopped: 0.0018030 seconds, Stopping threads took: 0.0000580 seconds
219.569: Application time: 0.0593200 seconds
219.570: [GC219.570: [ParNew: 36712K->4123K(37568K), 0.0015100 secs] 310526K->277937K(498504K), 0.0015470 secs] [Times: user=0.01 sys=0.00, real=0.00 secs] 
219.572: Total time for which application threads were stopped: 0.0029300 seconds, Stopping threads took: 0.0012970 seconds
219.630: Application time: 0.0588100 seconds
219.630: [GC219.630: [ParNew: 36791K->4113K(37568K), 0.0015880 secs] 310605K->277927K(498504K), 0.0016310 secs] [Times: user=0.02 sys=0.00, real=0.00 secs] 
219.632: Total time for which application threads were stopped: 0.0017640 seconds, Stopping threads took: 0.0000710 seconds
219.690: Application time: 0.0578760 seconds
219.690: [GC219.690: [ParNew: 36607K->4132K(37568K), 0.0016960 secs] 310421K->278970K(498504K), 0.0017350 secs] [Times: user=0.01 sys=0.00, real=0.00 secs] 
219.692: Total time for which application threads were stopped: 0.0019200 seconds, Stopping threads took: 0.0001190 seconds
219.751: Application time: 0.0594960 seconds
219.752: [GC219.752: [ParNew: 36728K->3111K(37568K), 0.0012360 secs] 311566K->277950K(498504K), 0.0012670 secs] [Times: user=0.01 sys=0.00, real=0.00 secs] 
219.754: Total time for which application threads were stopped: 0.0022420 seconds, Stopping threads took: 0.0009160 seconds
219.808: Application time: 0.0539560 seconds
219.808: [GC219.808: [ParNew: 35641K->4116K(37568K), 0.0021020 secs] 310480K->281002K(498504K), 0.0021460 secs] [Times: user=0.01 sys=0.00, real=0.00 secs] 
219.810: Total time for which application threads were stopped: 0.0023060 seconds, Stopping threads took: 0.0000940 seconds
219.871: Application time: 0.0609770 seconds
219.871: [GC219.871: [ParNew: 37239K->4152K(37568K), 0.0023540 secs] 314125K->284126K(498504K), 0.0024000 secs] [Times: user=0.02 sys=0.00, real=0.00 secs] 
219.873: Total time for which application threads were stopped: 0.0025300 seconds, Stopping threads took: 0.0000600 seconds
219.934: Application time: 0.0605740 seconds
219.934: [GC219.934: [ParNew: 37483K->4158K(37568K), 0.0020890 secs] 317457K->286306K(498504K), 0.0021350 secs] [Times: user=0.02 sys=0.00, real=0.01 secs] 
219.936: Total time for which application threads were stopped: 0.0023140 seconds, Stopping threads took: 0.0001040 seconds
219.994: Application time: 0.0579050 seconds
219.994: [GC219.994: [ParNew: 37036K->4141K(37568K), 0.0020550 secs] 319184K->288366K(498504K), 0.0020960 secs] [Times: user=0.02 sys=0.00, real=0.01 secs] 
219.996: Total time for which application threads were stopped: 0.0022310 seconds, Stopping threads took: 0.0000650 seconds
220.059: Application time: 0.0623310 seconds
220.059: [GC220.059: [ParNew: 37091K->4120K(37568K), 0.0021410 secs] 321317K->290422K(498504K), 0.0021850 secs] [Times: user=0.01 sys=0.00, real=0.00 secs] 
220.061: Total time for which application threads were stopped: 0.0023400 seconds, Stopping threads took: 0.0000900 seconds
220.122: Application time: 0.0606660 seconds
220.122: [GC220.122: [ParNew: 37031K->4156K(37568K), 0.0020300 secs] 323333K->292506K(498504K), 0.0020710 secs] [Times: user=0.01 sys=0.00, real=0.00 secs] 
220.124: Total time for which application threads were stopped: 0.0021940 seconds, Stopping threads took: 0.0000580 seconds
220.186: Application time: 0.0617580 seconds
220.186: [GC220.186: [ParNew: 36987K->4115K(37568K), 0.0017780 secs] 325337K->293518K(498504K), 0.0018200 secs] [Times: user=0.01 sys=0.00, real=0.00 secs] 
220.188: Total time for which application threads were stopped: 0.0019860 seconds, Stopping threads took: 0.0000970 seconds
220.246: Application time: 0.0579030 seconds
220.246: [GC220.246: [ParNew: 37523K->4134K(37568K), 0.0018520 secs] 326926K->294561K(498504K), 0.0018920 secs] [Times: user=0.01 sys=0.00, real=0.00 secs] 
220.248: Total time for which application threads were stopped: 0.0020280 seconds, Stopping threads took: 0.0000680 seconds
220.308: Application time: 0.0607720 seconds
220.309: [GC220.309: [ParNew: 36919K->4134K(37568K), 0.0017870 secs] 327346K->295585K(498504K), 0.0018300 secs] [Times: user=0.01 sys=0.00, real=0.00 secs] 
220.310: Total time for which application threads were stopped: 0.0019850 seconds, Stopping threads took: 0.0000870 seconds
220.367: Application time: 0.0566620 seconds
220.367: [GC220.367: [ParNew: 36547K->4118K(37568K), 0.0015230 secs] 327998K->295569K(498504K), 0.0015670 secs] [Times: user=0.02 sys=0.00, real=0.00 secs] 
220.369: Total time for which application threads were stopped: 0.0016910 seconds, Stopping threads took: 0.0000630 seconds
220.426: Application time: 0.0576680 seconds
220.427: [GC220.427: [ParNew: 36812K->4117K(37568K), 0.0021010 secs] 328263K->297616K(498504K), 0.0021440 secs] [Times: user=0.01 sys=0.00, real=0.00 secs] 
220.429: Total time for which application threads were stopped: 0.0022820 seconds, Stopping threads took: 0.0000700 seconds
220.487: Application time: 0.0581790 seconds
220.487: [GC220.487: [ParNew: 36806K->4131K(37568K), 0.0021430 secs] 330305K->299678K(498504K), 0.0021800 secs] [Times: user=0.02 sys=0.00, real=0.00 secs] 
220.489: Total time for which application threads were stopped: 0.0023400 seconds, Stopping threads took: 0.0000880 seconds
220.549: Application time: 0.0599520 seconds
220.549: [GC220.549: [ParNew: 37301K->4159K(37568K), 0.0017470 secs] 332848K->300773K(498504K), 0.0017890 secs] [Times: user=0.01 sys=0.00, real=0.00 secs] 
220.551: Total time for which application threads were stopped: 0.0020550 seconds, Stopping threads took: 0.0001760 seconds
220.611: Application time: 0.0599080 seconds
220.611: [GC220.611: [ParNew: 37335K->4158K(37568K), 0.0020880 secs] 333949K->302906K(498504K), 0.0021300 secs] [Times: user=0.01 sys=0.00, real=0.00 secs] 
220.613: Total time for which application threads were stopped: 0.0022850 seconds, Stopping threads took: 0.0000900 seconds
220.672: Application time: 0.0585190 seconds
220.672: [GC220.672: [ParNew: 36886K->4159K(37568K), 0.0018550 secs] 335634K->303977K(498504K), 0.0018960 secs] [Times: user=0.01 sys=0.00, real=0.00 secs] 
220.674: Total time for which application threads were stopped: 0.0020620 seconds, Stopping threads took: 0.0001000 seconds
220.733: Application time: 0.0584650 seconds
220.733: [GC220.733: [ParNew: 36897K->4114K(37568K), 0.0020580 secs] 336715K->306008K(498504K), 0.0020950 secs] [Times: user=0.01 sys=0.00, real=0.00 secs] 
220.735: Total time for which application threads were stopped: 0.0022160 seconds, Stopping threads took: 0.0000600 seconds
220.796: Application time: 0.0615380 seconds
220.796: [GC220.796: [ParNew: 37151K->4158K(37568K), 0.0020960 secs] 339045K->308100K(498504K), 0.0021340 secs] [Times: user=0.02 sys=0.00, real=0.00 secs] 
220.799: Total time for which application threads were stopped: 0.0022580 seconds, Stopping threads took: 0.0000600 seconds
220.856: Application time: 0.0572760 seconds
220.856: [GC220.856: [ParNew: 36856K->4115K(37568K), 0.0021250 secs] 340798K->310134K(498504K), 0.0021720 secs] [Times: user=0.02 sys=0.00, real=0.01 secs] 
220.858: Total time for which application threads were stopped: 0.0023350 seconds, Stopping threads took: 0.0000910 seconds
220.922: Application time: 0.0635680 seconds
220.922: [GC220.922: [ParNew: 37037K->4138K(37568K), 0.0015290 secs] 343057K->310157K(498504K), 0.0015650 secs] [Times: user=0.01 sys=0.00, real=0.00 secs] 
220.923: Total time for which application threads were stopped: 0.0017360 seconds, Stopping threads took: 0.0001070 seconds
220.985: Application time: 0.0615660 seconds
220.985: [GC220.985: [ParNew: 36998K->4113K(37568K), 0.0018030 secs] 343017K->311156K(498504K), 0.0018410 secs] [Times: user=0.01 sys=0.00, real=0.00 secs] 
220.987: Total time for which application threads were stopped: 0.0019980 seconds, Stopping threads took: 0.0000930 seconds
221.045: Application time: 0.0583350 seconds
221.045: [GC221.046: [ParNew: 37521K->4149K(37568K), 0.0014500 secs] 344564K->311192K(498504K), 0.0014840 secs] [Times: user=0.01 sys=0.00, real=0.00 secs] 
221.047: Total time for which application threads were stopped: 0.0016110 seconds, Stopping threads took: 0.0000550 seconds
221.105: Application time: 0.0583900 seconds
221.106: [GC221.106: [ParNew: 36687K->4117K(37568K), 0.0019200 secs] 343730K->312184K(498504K), 0.0019600 secs] [Times: user=0.01 sys=0.00, real=0.00 secs] 
221.108: Total time for which application threads were stopped: 0.0021320 seconds, Stopping threads took: 0.0001070 seconds
221.165: Application time: 0.0570610 seconds
221.169: [GC221.169: [ParNew: 36748K->4130K(37568K), 0.0018130 secs] 344815K->313221K(498504K), 0.0018630 secs] [Times: user=0.02 sys=0.00, real=0.00 secs] 
221.170: Total time for which application threads were stopped: 0.0058550 seconds, Stopping threads took: 0.0039060 seconds
221.228: Application time: 0.0576980 seconds
221.228: [GC221.228: [ParNew: 37259K->4158K(37568K), 0.0018740 secs] 346350K->314318K(498504K), 0.0019180 secs] [Times: user=0.01 sys=0.00, real=0.00 secs] 
221.230: Total time for which application threads were stopped: 0.0021690 seconds, Stopping threads took: 0.0001700 seconds
221.292: Application time: 0.0617150 seconds
221.292: [GC221.292: [ParNew: 37314K->4158K(37568K), 0.0021900 secs] 347473K->316463K(498504K), 0.0022330 secs] [Times: user=0.01 sys=0.00, real=0.00 secs] 
221.294: Total time for which application threads were stopped: 0.0024060 seconds, Stopping threads took: 0.0001040 seconds
221.353: Application time: 0.0585300 seconds
221.353: [GC221.353: [ParNew: 36932K->4158K(37568K), 0.0018210 secs] 349237K->317516K(498504K), 0.0018610 secs] [Times: user=0.02 sys=0.00, real=0.00 secs] 
221.355: Total time for which application threads were stopped: 0.0019890 seconds, Stopping threads took: 0.0000630 seconds
221.418: Application time: 0.0625730 seconds
221.418: [GC221.418: [ParNew: 37047K->4114K(37568K), 0.0020890 secs] 350406K->319549K(498504K), 0.0021310 secs] [Times: user=0.01 sys=0.00, real=0.00 secs] 
221.420: Total time for which application threads were stopped: 0.0022880 seconds, Stopping threads took: 0.0000900 seconds
221.479: Application time: 0.0587080 seconds
221.479: [GC221.479: [ParNew: 36998K->4156K(37568K), 0.0020260 secs] 352433K->321639K(498504K), 0.0020670 secs] [Times: user=0.02 sys=0.00, real=0.00 secs] 
221.481: Total time for which application threads were stopped: 0.0022190 seconds, Stopping threads took: 0.0000850 seconds
221.541: Application time: 0.0607240 seconds
221.542: [GC221.542: [ParNew: 37011K->4148K(37568K), 0.0017680 secs] 354494K->322683K(498504K), 0.0018060 secs] [Times: user=0.02 sys=0.00, real=0.00 secs] 
221.543: Total time for which application threads were stopped: 0.0019650 seconds, Stopping threads took: 0.0000930 seconds
221.604: Application time: 0.0605870 seconds
221.604: [GC221.604: [ParNew: 36748K->4139K(37568K), 0.0014940 secs] 355284K->322675K(498504K), 0.0015270 secs] [Times: user=0.01 sys=0.00, real=0.01 secs] 
221.606: Total time for which application threads were stopped: 0.0016700 seconds, Stopping threads took: 0.0000710 seconds
221.664: Application time: 0.0578050 seconds
221.664: [GC221.664: [ParNew: 36673K->4128K(37568K), 0.0018140 secs] 355208K->323688K(498504K), 0.0018580 secs] [Times: user=0.01 sys=0.00, real=0.01 secs] 
221.666: Total time for which application threads were stopped: 0.0020210 seconds, Stopping threads took: 0.0000960 seconds
221.725: Application time: 0.0591840 seconds
221.725: [GC221.725: [ParNew: 36936K->4130K(37568K), 0.0022890 secs] 356496K->325737K(498504K), 0.0023250 secs] [Times: user=0.02 sys=0.00, real=0.00 secs] 
221.727: Total time for which application threads were stopped: 0.0024520 seconds, Stopping threads took: 0.0000640 seconds
221.786: Application time: 0.0585380 seconds
221.786: [GC221.786: [ParNew: 36854K->4111K(37568K), 0.0017830 secs] 358462K->326743K(498504K), 0.0018230 secs] [Times: user=0.02 sys=0.00, real=0.00 secs] 
221.788: Total time for which application threads were stopped: 0.0019790 seconds, Stopping threads took: 0.0000940 seconds
221.847: Application time: 0.0595750 seconds
221.847: [GC221.847: [ParNew: 36964K->4158K(37568K), 0.0016160 secs] 359596K->326790K(498504K), 0.0016540 secs] [Times: user=0.01 sys=0.00, real=0.00 secs] 
221.849: Total time for which application threads were stopped: 0.0017920 seconds, Stopping threads took: 0.0000710 seconds
221.907: Application time: 0.0577020 seconds
221.907: [GC221.907: [ParNew: 37008K->4157K(37568K), 0.0017940 secs] 359639K->327858K(498504K), 0.0018340 secs] [Times: user=0.01 sys=0.00, real=0.00 secs] 
221.909: Total time for which application threads were stopped: 0.0019890 seconds, Stopping threads took: 0.0000790 seconds
221.971: Application time: 0.0624700 seconds
221.971: [GC221.971: [ParNew: 37342K->4157K(37568K), 0.0014990 secs] 361042K->327942K(498504K), 0.0015360 secs] [Times: user=0.01 sys=0.00, real=0.00 secs] 
221.973: Total time for which application threads were stopped: 0.0016840 seconds, Stopping threads took: 0.0000870 seconds
222.034: Application time: 0.0608080 seconds
222.034: [GC222.034: [ParNew: 37108K->4158K(37568K), 0.0020620 secs] 360893K->330037K(498504K), 0.0021040 secs] [Times: user=0.02 sys=0.00, real=0.00 secs] 
222.036: Total time for which application threads were stopped: 0.0022430 seconds, Stopping threads took: 0.0000770 seconds
222.098: Application time: 0.0615350 seconds
222.098: [GC222.098: [ParNew: 37016K->4133K(37568K), 0.0014310 secs] 362895K->330037K(498504K), 0.0014640 secs] [Times: user=0.01 sys=0.00, real=0.00 secs] 
222.099: Total time for which application threads were stopped: 0.0015800 seconds, Stopping threads took: 0.0000530 seconds
222.154: Application time: 0.0553000 seconds
222.155: [GC222.155: [ParNew: 36550K->4152K(37568K), 0.0016160 secs] 362453K->330072K(498504K), 0.0016530 secs] [Times: user=0.01 sys=0.00, real=0.00 secs] 
222.156: Total time for which application threads were stopped: 0.0018010 seconds, Stopping threads took: 0.0000720 seconds
222.216: Application time: 0.0593640 seconds
222.216: [GC222.216: [ParNew: 36864K->4116K(37568K), 0.0020460 secs] 362784K->332096K(498504K), 0.0020890 secs] [Times: user=0.02 sys=0.00, real=0.01 secs] 
222.218: Total time for which application threads were stopped: 0.0022330 seconds, Stopping threads took: 0.0000750 seconds
222.280: Application time: 0.0617160 seconds
222.280: [GC222.280: [ParNew: 36914K->3111K(37568K), 0.0012290 secs] 364893K->331091K(498504K), 0.0012640 secs] [Times: user=0.01 sys=0.00, real=0.00 secs] 
222.282: Total time for which application threads were stopped: 0.0022130 seconds, Stopping threads took: 0.0008890 seconds
222.336: Application time: 0.0540070 seconds
222.336: [GC222.336: [ParNew: 35542K->4114K(37568K), 0.0021960 secs] 363522K->334142K(498504K), 0.0022390 secs] [Times: user=0.01 sys=0.00, real=0.01 secs] 
222.338: Total time for which application threads were stopped: 0.0024190 seconds, Stopping threads took: 0.0001160 seconds
222.397: Application time: 0.0586560 seconds
222.397: [GC222.397: [ParNew: 36958K->4112K(37568K), 0.0023940 secs] 366986K->337212K(498504K), 0.0024370 secs] [Times: user=0.02 sys=0.00, real=0.00 secs] 
222.399: Total time for which application threads were stopped: 0.0025740 seconds, Stopping threads took: 0.0000690 seconds
222.459: Application time: 0.0596070 seconds
222.459: [GC222.459: [ParNew: 36981K->4132K(37568K), 0.0021340 secs] 370081K->339280K(498504K), 0.0021780 secs] [Times: user=0.02 sys=0.00, real=0.00 secs] 
222.461: Total time for which application threads were stopped: 0.0023200 seconds, Stopping threads took: 0.0000730 seconds
222.525: Application time: 0.0632590 seconds
222.525: [GC222.525: [ParNew: 37186K->4158K(37568K), 0.0020610 secs] 372334K->341354K(498504K), 0.0021020 secs] [Times: user=0.01 sys=0.00, real=0.00 secs] 
222.527: Total time for which application threads were stopped: 0.0022270 seconds, Stopping threads took: 0.0000590 seconds
222.587: Application time: 0.0597560 seconds
222.587: [GC222.587: [ParNew: 37105K->4159K(37568K), 0.0018220 secs] 374301K->342438K(498504K), 0.0018620 secs] [Times: user=0.02 sys=0.00, real=0.00 secs] 
222.589: Total time for which application threads were stopped: 0.0020000 seconds, Stopping threads took: 0.0000720 seconds
222.647: Application time: 0.0589140 seconds
222.648: [GC222.648: [ParNew: 37107K->4158K(37568K), 0.0021270 secs] 375386K->344570K(498504K), 0.0021710 secs] [Times: user=0.02 sys=0.00, real=0.00 secs] 
222.650: Total time for which application threads were stopped: 0.0023430 seconds, Stopping threads took: 0.0001030 seconds
222.713: Application time: 0.0627630 seconds
222.713: [GC222.713: [ParNew: 37033K->4158K(37568K), 0.0020960 secs] 377446K->346652K(498504K), 0.0021440 secs] [Times: user=0.02 sys=0.00, real=0.00 secs] 
222.715: Total time for which application threads were stopped: 0.0023410 seconds, Stopping threads took: 0.0001180 seconds
222.770: Application time: 0.0554130 seconds
222.770: [GC222.770: [ParNew: 36685K->4132K(37568K), 0.0019350 secs] 379179K->347674K(498504K), 0.0019770 secs] [Times: user=0.00 sys=0.02, real=0.00 secs] 
222.772: Total time for which application threads were stopped: 0.0021250 seconds, Stopping threads took: 0.0000770 seconds
222.835: Application time: 0.0622900 seconds
222.835: [GC222.835: [ParNew: 37087K->4145K(37568K), 0.0015800 secs] 380630K->347687K(498504K), 0.0016190 secs] [Times: user=0.01 sys=0.00, real=0.01 secs] 
222.837: Total time for which application threads were stopped: 0.0018160 seconds, Stopping threads took: 0.0001360 seconds
222.897: Application time: 0.0602230 seconds
222.897: [GC222.897: [ParNew: 36951K->4132K(37568K), 0.0018260 secs] 380493K->348727K(498504K), 0.0018650 secs] [Times: user=0.01 sys=0.00, real=0.00 secs] 
222.899: Total time for which application threads were stopped: 0.0020740 seconds, Stopping threads took: 0.0001420 seconds
222.957: Application time: 0.0579610 seconds
222.957: [GC222.957: [ParNew: 36571K->4137K(37568K), 0.0014490 secs] 381166K->348732K(498504K), 0.0014840 secs] [Times: user=0.01 sys=0.00, real=0.00 secs] 
222.958: Total time for which application threads were stopped: 0.0016090 seconds, Stopping threads took: 0.0000610 seconds
223.017: Application time: 0.0584390 seconds
223.017: [GC223.017: [ParNew: 36762K->4118K(37568K), 0.0019170 secs] 381358K->350761K(498504K), 0.0019600 secs] [Times: user=0.01 sys=0.00, real=0.00 secs] 
223.019: Total time for which application threads were stopped: 0.0020850 seconds, Stopping threads took: 0.0000600 seconds
223.077: Application time: 0.0583960 seconds
223.077: [GC223.078: [ParNew: 37034K->4113K(37568K), 0.0022260 secs] 383677K->352804K(498504K), 0.0022690 secs] [Times: user=0.02 sys=0.00, real=0.00 secs] 
223.080: Total time for which application threads were stopped: 0.0024100 seconds, Stopping threads took: 0.0000710 seconds
223.138: Application time: 0.0582640 seconds
223.138: [GC223.138: [ParNew: 36777K->4113K(37568K), 0.0020540 secs] 385468K->354852K(498504K), 0.0020910 secs] [Times: user=0.01 sys=0.00, real=0.00 secs] 
223.140: Total time for which application threads were stopped: 0.0022310 seconds, Stopping threads took: 0.0000630 seconds
223.203: Application time: 0.0628430 seconds
223.203: [GC223.203: [ParNew: 37121K->4143K(37568K), 0.0014330 secs] 387860K->354882K(498504K), 0.0014750 secs] [Times: user=0.01 sys=0.00, real=0.01 secs] 
223.205: Total time for which application threads were stopped: 0.0016490 seconds, Stopping threads took: 0.0001080 seconds
223.261: Application time: 0.0561000 seconds
223.261: [GC223.261: [ParNew: 36826K->4158K(37568K), 0.0017440 secs] 387566K->355966K(498504K), 0.0017830 secs] [Times: user=0.01 sys=0.00, real=0.00 secs] 
223.263: Total time for which application threads were stopped: 0.0019530 seconds, Stopping threads took: 0.0000960 seconds
223.325: Application time: 0.0623450 seconds
223.325: [GC223.325: [ParNew: 37228K->4158K(37568K), 0.0020100 secs] 389036K->358087K(498504K), 0.0020490 secs] [Times: user=0.01 sys=0.00, real=0.00 secs] 
223.327: Total time for which application threads were stopped: 0.0021760 seconds, Stopping threads took: 0.0000620 seconds
223.386: Application time: 0.0588920 seconds
223.386: [GC223.386: [ParNew: 37096K->4158K(37568K), 0.0020100 secs] 391025K->360176K(498504K), 0.0020500 secs] [Times: user=0.01 sys=0.00, real=0.00 secs] 
223.388: Total time for which application threads were stopped: 0.0021720 seconds, Stopping threads took: 0.0000630 seconds
223.443: Application time: 0.0545290 seconds
223.443: [GC223.443: [ParNew: 36739K->4115K(37568K), 0.0021670 secs] 392758K->362223K(498504K), 0.0022100 secs] [Times: user=0.01 sys=0.00, real=0.01 secs] 
223.445: Total time for which application threads were stopped: 0.0024940 seconds, Stopping threads took: 0.0001870 seconds
223.509: Application time: 0.0637920 seconds
223.509: [GC223.509: [ParNew: 37181K->4146K(37568K), 0.0017840 secs] 395289K->363294K(498504K), 0.0018200 secs] [Times: user=0.02 sys=0.00, real=0.00 secs] 
223.511: Total time for which application threads were stopped: 0.0019780 seconds, Stopping threads took: 0.0000930 seconds
223.569: Application time: 0.0572910 seconds
223.569: [GC223.569: [ParNew: 36792K->4117K(37568K), 0.0018370 secs] 395940K->364301K(498504K), 0.0018800 secs] [Times: user=0.02 sys=0.00, real=0.00 secs] 
223.571: Total time for which application threads were stopped: 0.0020520 seconds, Stopping threads took: 0.0001010 seconds
223.632: Application time: 0.0618390 seconds
223.633: [GC223.633: [ParNew: 36931K->4148K(37568K), 0.0014250 secs] 397115K->364332K(498504K), 0.0014650 secs] [Times: user=0.01 sys=0.00, real=0.00 secs] 
223.634: Total time for which application threads were stopped: 0.0015970 seconds, Stopping threads took: 0.0000660 seconds
223.690: Application time: 0.0560760 seconds
223.690: [GC223.690: [ParNew: 36610K->4111K(37568K), 0.0017980 secs] 396795K->365320K(498504K), 0.0018390 secs] [Times: user=0.01 sys=0.00, real=0.00 secs] 
223.692: Total time for which application threads were stopped: 0.0019960 seconds, Stopping threads took: 0.0000910 seconds
223.752: Application time: 0.0596180 seconds
223.752: [GC223.752: [ParNew: 36997K->4114K(37568K), 0.0024170 secs] 398205K->368394K(498504K), 0.0024590 secs] [Times: user=0.02 sys=0.00, real=0.00 secs] 
223.754: Total time for which application threads were stopped: 0.0026020 seconds, Stopping threads took: 0.0000740 seconds
223.813: Application time: 0.0590320 seconds
223.814: [GC223.814: [ParNew: 36952K->4128K(37568K), 0.0021390 secs] 401232K->370457K(498504K), 0.0021810 secs] [Times: user=0.02 sys=0.00, real=0.00 secs] 
223.816: Total time for which application threads were stopped: 0.0023520 seconds, Stopping threads took: 0.0000910 seconds
223.879: Application time: 0.0636030 seconds
223.884: [GC223.884: [ParNew: 37185K->4158K(37568K), 0.0017650 secs] 403514K->371527K(498504K), 0.0018070 secs] [Times: user=0.01 sys=0.00, real=0.00 secs] 
223.886: Total time for which application threads were stopped: 0.0069200 seconds, Stopping threads took: 0.0050450 seconds
223.944: Application time: 0.0572840 seconds
223.944: [GC223.944: [ParNew: 36680K->3171K(37568K), 0.0012390 secs] 404048K->370553K(498504K), 0.0012760 secs] [Times: user=0.01 sys=0.00, real=0.01 secs] 
223.945: Total time for which application threads were stopped: 0.0014020 seconds, Stopping threads took: 0.0000650 seconds
224.005: Application time: 0.0600360 seconds
224.005: [GC224.005: [ParNew: 36047K->4157K(37568K), 0.0017140 secs] 403428K->372635K(498504K), 0.0017560 secs] [Times: user=0.01 sys=0.00, real=0.00 secs] 
224.007: Total time for which application threads were stopped: 0.0018810 seconds, Stopping threads took: 0.0000620 seconds
224.063: Application time: 0.0564210 seconds
224.063: [GC224.063: [ParNew: 37060K->4146K(37568K), 0.0021270 secs] 405538K->374729K(498504K), 0.0021680 secs] [Times: user=0.02 sys=0.00, real=0.01 secs] 
224.066: Total time for which application threads were stopped: 0.0023050 seconds, Stopping threads took: 0.0000730 seconds
224.124: Application time: 0.0585930 seconds
224.124: [GC224.124: [ParNew: 36990K->4158K(37568K), 0.0020340 secs] 407573K->376802K(498504K), 0.0020770 secs] [Times: user=0.02 sys=0.00, real=0.00 secs] 
224.126: Total time for which application threads were stopped: 0.0022130 seconds, Stopping threads took: 0.0000620 seconds
224.188: Application time: 0.0618960 seconds
224.188: [GC224.188: [ParNew: 37148K->4142K(37568K), 0.0018020 secs] 409792K->377838K(498504K), 0.0018440 secs] [Times: user=0.02 sys=0.00, real=0.00 secs] 
224.190: Total time for which application threads were stopped: 0.0019660 seconds, Stopping threads took: 0.0000570 seconds
224.249: Application time: 0.0590170 seconds
224.249: [GC224.249: [ParNew: 36693K->4134K(37568K), 0.0017220 secs] 410390K->378883K(498504K), 0.0017670 secs] [Times: user=0.01 sys=0.00, real=0.00 secs] 
224.251: Total time for which application threads were stopped: 0.0019220 seconds, Stopping threads took: 0.0000900 seconds
224.311: Application time: 0.0602590 seconds
224.312: [GC224.312: [ParNew: 36948K->4119K(37568K), 0.0014950 secs] 411697K->378868K(498504K), 0.0015340 secs] [Times: user=0.02 sys=0.00, real=0.00 secs] 
224.313: Total time for which application threads were stopped: 0.0016500 seconds, Stopping threads took: 0.0000520 seconds
224.375: Application time: 0.0615220 seconds
224.375: [GC224.375: [ParNew: 37029K->4118K(37568K), 0.0020160 secs] 411778K->380915K(498504K), 0.0020630 secs] [Times: user=0.01 sys=0.00, real=0.01 secs] 
224.377: Total time for which application threads were stopped: 0.0022280 seconds, Stopping threads took: 0.0000770 seconds
224.438: Application time: 0.0610280 seconds
224.438: [GC224.438: [ParNew: 36977K->3146K(37568K), 0.0012240 secs] 413774K->379943K(498504K), 0.0012600 secs] [Times: user=0.01 sys=0.00, real=0.00 secs] 
224.439: Total time for which application threads were stopped: 0.0014060 seconds, Stopping threads took: 0.0000900 seconds
 CMS: abort preclean due to time 224.440: [CMS-concurrent-abortable-preclean: 0.080/5.057 secs] [Times: user=39.79 sys=0.04, real=5.06 secs] 
224.440: Application time: 0.0009040 seconds
224.440: [GC[YG occupancy: 4196 K (37568 K)]224.440: [Rescan (parallel) , 0.0002330 secs]224.441: [weak refs processing, 0.0000050 secs]224.441: [scrub string table, 0.0001070 secs] [1 CMS-remark: 376796K(460936K)] 380993K(498504K), 0.0003660 secs] [Times: user=0.00 sys=0.00, real=0.00 secs] 
224.441: Total time for which application threads were stopped: 0.0004320 seconds, Stopping threads took: 0.0000440 seconds
224.441: [CMS-concurrent-sweep-start]
224.442: [CMS-concurrent-sweep: 0.001/0.001 secs] [Times: user=0.00 sys=0.00, real=0.00 secs] 
224.442: [CMS-concurrent-reset-start]
224.443: [CMS-concurrent-reset: 0.002/0.002 secs] [Times: user=0.00 sys=0.00, real=0.00 secs] 
224.498: Application time: 0.0573070 seconds
224.498: [GC224.498: [ParNew: 36312K->4124K(37568K), 0.0015010 secs] 148116K->115928K(498504K), 0.0015360 secs] [Times: user=0.01 sys=0.00, real=0.00 secs] 
224.500: Total time for which application threads were stopped: 0.0016630 seconds, Stopping threads took: 0.0000630 seconds
224.557: Application time: 0.0575050 seconds
224.557: [GC224.557: [ParNew: 36918K->4144K(37568K), 0.0019830 secs] 148722K->117996K(498504K), 0.0020200 secs] [Times: user=0.02 sys=0.00, real=0.00 secs] 
224.559: Total time for which application threads were stopped: 0.0021480 seconds, Stopping threads took: 0.0000600 seconds
224.619: Application time: 0.0593300 seconds
224.620: [GC224.620: [ParNew: 36969K->4156K(37568K), 0.0020210 secs] 150822K->120085K(498504K), 0.0020620 secs] [Times: user=0.02 sys=0.00, real=0.00 secs] 
224.622: Total time for which application threads were stopped: 0.0038790 seconds, Stopping threads took: 0.0017510 seconds
224.682: Application time: 0.0592050 seconds
224.682: [GC224.682: [ParNew: 37303K->4158K(37568K), 0.0014560 secs] 153233K->120164K(498504K), 0.0014940 secs] [Times: user=0.01 sys=0.00, real=0.00 secs] 
224.683: Total time for which application threads were stopped: 0.0016740 seconds, Stopping threads took: 0.0001150 seconds
224.742: Application time: 0.0584220 seconds
224.742: [GC224.742: [ParNew: 37101K->4143K(37568K), 0.0022060 secs] 153106K->123258K(498504K), 0.0022430 secs] [Times: user=0.02 sys=0.00, real=0.00 secs] 
224.744: Total time for which application threads were stopped: 0.0023730 seconds, Stopping threads took: 0.0000640 seconds
224.804: Application time: 0.0597570 seconds
224.804: [GC224.804: [ParNew: 37171K->4147K(37568K), 0.0021440 secs] 156287K->125339K(498504K), 0.0021840 secs] [Times: user=0.01 sys=0.00, real=0.01 secs] 
224.806: Total time for which application threads were stopped: 0.0023260 seconds, Stopping threads took: 0.0000740 seconds
224.869: Application time: 0.0631230 seconds
224.873: [GC224.873: [ParNew: 37190K->4157K(37568K), 0.0017290 secs] 158382K->126401K(498504K), 0.0017740 secs] [Times: user=0.02 sys=0.00, real=0.00 secs] 
224.874: Total time for which application threads were stopped: 0.0049310 seconds, Stopping threads took: 0.0030720 seconds
224.930: Application time: 0.0559790 seconds
224.931: [GC224.931: [ParNew: 36656K->4120K(37568K), 0.0016560 secs] 158900K->126393K(498504K), 0.0016990 secs] [Times: user=0.01 sys=0.00, real=0.00 secs] 
224.932: Total time for which application threads were stopped: 0.0019740 seconds, Stopping threads took: 0.0001860 seconds
224.995: Application time: 0.0623100 seconds
224.995: [GC224.995: [ParNew: 36993K->4134K(37568K), 0.0017930 secs] 159266K->127431K(498504K), 0.0018350 secs] [Times: user=0.01 sys=0.00, real=0.01 secs] 
224.997: Total time for which application threads were stopped: 0.0019720 seconds, Stopping threads took: 0.0000720 seconds
225.055: Application time: 0.0589440 seconds
225.056: [GC225.056: [ParNew: 36848K->4137K(37568K), 0.0018480 secs] 160145K->128458K(498504K), 0.0018870 secs] [Times: user=0.01 sys=0.00, real=0.01 secs] 
225.058: Total time for which application threads were stopped: 0.0020410 seconds, Stopping threads took: 0.0000870 seconds
225.116: Application time: 0.0588520 seconds
225.116: [GC225.117: [ParNew: 36620K->4148K(37568K), 0.0015120 secs] 160941K->128469K(498504K), 0.0015470 secs] [Times: user=0.01 sys=0.00, real=0.00 secs] 
225.118: Total time for which application threads were stopped: 0.0016710 seconds, Stopping threads took: 0.0000630 seconds
225.175: Application time: 0.0568700 seconds
225.175: [GC225.175: [ParNew: 36609K->4134K(37568K), 0.0017410 secs] 160930K->129479K(498504K), 0.0017800 secs] [Times: user=0.02 sys=0.00, real=0.01 secs] 
225.177: Total time for which application threads were stopped: 0.0019130 seconds, Stopping threads took: 0.0000680 seconds
225.234: Application time: 0.0568440 seconds
225.234: [GC225.234: [ParNew: 36943K->4144K(37568K), 0.0019680 secs] 162288K->131537K(498504K), 0.0020090 secs] [Times: user=0.02 sys=0.00, real=0.00 secs] 
225.236: Total time for which application threads were stopped: 0.0021370 seconds, Stopping threads took: 0.0000610 seconds
225.292: Application time: 0.0561650 seconds
225.292: [GC225.292: [ParNew: 36800K->4138K(37568K), 0.0023960 secs] 164193K->134631K(498504K), 0.0024410 secs] [Times: user=0.01 sys=0.00, real=0.00 secs] 
225.295: Total time for which application threads were stopped: 0.0026030 seconds, Stopping threads took: 0.0000980 seconds
225.356: Application time: 0.0617520 seconds
225.356: [GC225.357: [ParNew: 37438K->4148K(37568K), 0.0022620 secs] 167932K->137790K(498504K), 0.0023060 secs] [Times: user=0.02 sys=0.00, real=0.00 secs] 
225.359: Total time for which application threads were stopped: 0.0024580 seconds, Stopping threads took: 0.0000860 seconds
225.417: Application time: 0.0577590 seconds
225.417: [GC225.417: [ParNew: 37113K->4140K(37568K), 0.0022800 secs] 170755K->140891K(498504K), 0.0023200 secs] [Times: user=0.02 sys=0.00, real=0.00 secs] 
225.419: Total time for which application threads were stopped: 0.0024610 seconds, Stopping threads took: 0.0000710 seconds
225.482: Application time: 0.0626700 seconds
225.482: [GC225.482: [ParNew: 37214K->4141K(37568K), 0.0018080 secs] 173966K->141945K(498504K), 0.0018480 secs] [Times: user=0.01 sys=0.00, real=0.00 secs] 
225.484: Total time for which application threads were stopped: 0.0020080 seconds, Stopping threads took: 0.0000850 seconds
225.546: Application time: 0.0619220 seconds
225.546: [GC225.546: [ParNew: 37092K->4144K(37568K), 0.0017160 secs] 174896K->143017K(498504K), 0.0017550 secs] [Times: user=0.01 sys=0.00, real=0.00 secs] 
225.548: Total time for which application threads were stopped: 0.0019240 seconds, Stopping threads took: 0.0001060 seconds
225.604: Application time: 0.0560770 seconds
225.604: [GC225.604: [ParNew: 36685K->4116K(37568K), 0.0020990 secs] 175558K->145049K(498504K), 0.0021420 secs] [Times: user=0.02 sys=0.00, real=0.01 secs] 
225.606: Total time for which application threads were stopped: 0.0022830 seconds, Stopping threads took: 0.0000640 seconds
225.668: Application time: 0.0619160 seconds
225.668: [GC225.668: [ParNew: 37044K->4116K(37568K), 0.0022860 secs] 177978K->148121K(498504K), 0.0023260 secs] [Times: user=0.02 sys=0.00, real=0.00 secs] 
225.670: Total time for which application threads were stopped: 0.0024590 seconds, Stopping threads took: 0.0000670 seconds
225.731: Application time: 0.0611230 seconds
225.732: [GC225.732: [ParNew: 37012K->4112K(37568K), 0.0018020 secs] 181018K->149141K(498504K), 0.0018420 secs] [Times: user=0.01 sys=0.00, real=0.00 secs] 
225.733: Total time for which application threads were stopped: 0.0020080 seconds, Stopping threads took: 0.0000970 seconds
225.792: Application time: 0.0580760 seconds
225.792: [GC225.792: [ParNew: 37520K->4150K(37568K), 0.0015270 secs] 182549K->149180K(498504K), 0.0015630 secs] [Times: user=0.01 sys=0.00, real=0.00 secs] 
225.793: Total time for which application threads were stopped: 0.0016820 seconds, Stopping threads took: 0.0000580 seconds
225.852: Application time: 0.0591240 seconds
225.852: [GC225.852: [ParNew: 36644K->4119K(37568K), 0.0014620 secs] 181673K->149148K(498504K), 0.0014970 secs] [Times: user=0.01 sys=0.00, real=0.00 secs] 
225.854: Total time for which application threads were stopped: 0.0016170 seconds, Stopping threads took: 0.0000550 seconds
225.908: Application time: 0.0542810 seconds
225.908: [GC225.908: [ParNew: 36576K->4141K(37568K), 0.0016520 secs] 181605K->150194K(498504K), 0.0016920 secs] [Times: user=0.01 sys=0.00, real=0.00 secs] 
225.910: Total time for which application threads were stopped: 0.0018330 seconds, Stopping threads took: 0.0000770 seconds
225.967: Application time: 0.0570070 seconds
225.967: [GC225.967: [ParNew: 37032K->4142K(37568K), 0.0023580 secs] 183085K->153296K(498504K), 0.0024010 secs] [Times: user=0.02 sys=0.00, real=0.00 secs] 
225.970: Total time for which application threads were stopped: 0.0025320 seconds, Stopping threads took: 0.0000660 seconds
226.031: Application time: 0.0608900 seconds
226.031: [GC226.031: [ParNew: 37434K->4156K(37568K), 0.0023920 secs] 186588K->156450K(498504K), 0.0024350 secs] [Times: user=0.01 sys=0.00, real=0.00 secs] 
226.033: Total time for which application threads were stopped: 0.0025980 seconds, Stopping threads took: 0.0000860 seconds
226.091: Application time: 0.0578240 seconds
226.091: [GC226.091: [ParNew: 37137K->4145K(37568K), 0.0020900 secs] 189432K->158533K(498504K), 0.0021300 secs] [Times: user=0.01 sys=0.00, real=0.00 secs] 
226.093: Total time for which application threads were stopped: 0.0023460 seconds, Stopping threads took: 0.0001500 seconds
226.156: Application time: 0.0622830 seconds
226.156: [GC226.156: [ParNew: 37188K->4144K(37568K), 0.0021160 secs] 191576K->160609K(498504K), 0.0021580 secs] [Times: user=0.02 sys=0.00, real=0.01 secs] 
226.158: Total time for which application threads were stopped: 0.0023040 seconds, Stopping threads took: 0.0000740 seconds
226.221: Application time: 0.0632130 seconds
226.221: [GC226.221: [ParNew: 37199K->4156K(37568K), 0.0019860 secs] 193664K->162697K(498504K), 0.0020280 secs] [Times: user=0.02 sys=0.00, real=0.00 secs] 
226.223: Total time for which application threads were stopped: 0.0021710 seconds, Stopping threads took: 0.0000750 seconds
226.281: Application time: 0.0572970 seconds
226.281: [GC226.281: [ParNew: 36616K->4152K(37568K), 0.0015610 secs] 195157K->162722K(498504K), 0.0015980 secs] [Times: user=0.01 sys=0.00, real=0.00 secs] 
226.282: Total time for which application threads were stopped: 0.0017250 seconds, Stopping threads took: 0.0000590 seconds
226.344: Application time: 0.0614720 seconds
226.344: [GC226.344: [ParNew: 36931K->4118K(37568K), 0.0017110 secs] 195501K->163712K(498504K), 0.0017510 secs] [Times: user=0.02 sys=0.00, real=0.01 secs] 
226.346: Total time for which application threads were stopped: 0.0018820 seconds, Stopping threads took: 0.0000690 seconds
226.404: Application time: 0.0586140 seconds
226.404: [GC226.404: [ParNew: 36901K->4130K(37568K), 0.0020480 secs] 196494K->165771K(498504K), 0.0020950 secs] [Times: user=0.02 sys=0.00, real=0.00 secs] 
226.407: Total time for which application threads were stopped: 0.0022400 seconds, Stopping threads took: 0.0000760 seconds
226.464: Application time: 0.0579360 seconds
226.465: [GC226.465: [ParNew: 37536K->4131K(37568K), 0.0017900 secs] 199178K->166797K(498504K), 0.0018310 secs] [Times: user=0.01 sys=0.00, real=0.00 secs] 
226.466: Total time for which application threads were stopped: 0.0019670 seconds, Stopping threads took: 0.0000680 seconds
226.528: Application time: 0.0616800 seconds
226.528: [GC226.528: [ParNew: 36955K->3108K(37568K), 0.0010990 secs] 199620K->165774K(498504K), 0.0011380 secs] [Times: user=0.00 sys=0.00, real=0.00 secs] 
226.529: Total time for which application threads were stopped: 0.0012640 seconds, Stopping threads took: 0.0000610 seconds
226.585: Application time: 0.0553000 seconds
226.585: [GC226.585: [ParNew: 36516K->4144K(37568K), 0.0020080 secs] 199182K->168858K(498504K), 0.0020500 secs] [Times: user=0.01 sys=0.00, real=0.00 secs] 
226.587: Total time for which application threads were stopped: 0.0021870 seconds, Stopping threads took: 0.0000630 seconds
226.644: Application time: 0.0573880 seconds
226.644: [GC226.644: [ParNew: 37056K->4142K(37568K), 0.0023690 secs] 201770K->171956K(498504K), 0.0024090 secs] [Times: user=0.02 sys=0.00, real=0.00 secs] 
226.647: Total time for which application threads were stopped: 0.0025630 seconds, Stopping threads took: 0.0000890 seconds
226.708: Application time: 0.0610450 seconds
226.708: [GC226.708: [ParNew: 37420K->4151K(37568K), 0.0020550 secs] 205234K->174090K(498504K), 0.0020990 secs] [Times: user=0.02 sys=0.00, real=0.00 secs] 
226.710: Total time for which application threads were stopped: 0.0022340 seconds, Stopping threads took: 0.0000670 seconds
226.767: Application time: 0.0567570 seconds
226.767: [GC226.767: [ParNew: 37126K->4138K(37568K), 0.0025160 secs] 207065K->177186K(498504K), 0.0025570 secs] [Times: user=0.02 sys=0.00, real=0.00 secs] 
226.770: Total time for which application threads were stopped: 0.0026960 seconds, Stopping threads took: 0.0000680 seconds
226.832: Application time: 0.0628470 seconds
226.833: [GC226.833: [ParNew: 37254K->4140K(37568K), 0.0024020 secs] 210303K->180289K(498504K), 0.0024440 secs] [Times: user=0.02 sys=0.00, real=0.00 secs] 
226.835: Total time for which application threads were stopped: 0.0026860 seconds, Stopping threads took: 0.0001730 seconds
226.898: Application time: 0.0632620 seconds
226.898: [GC226.898: [ParNew: 37194K->4141K(37568K), 0.0017830 secs] 213343K->181342K(498504K), 0.0018310 secs] [Times: user=0.01 sys=0.00, real=0.00 secs] 
226.900: Total time for which application threads were stopped: 0.0019810 seconds, Stopping threads took: 0.0000850 seconds
226.959: Application time: 0.0582260 seconds
226.959: [GC226.959: [ParNew: 36847K->4134K(37568K), 0.0018650 secs] 214048K->182388K(498504K), 0.0019030 secs] [Times: user=0.01 sys=0.00, real=0.00 secs] 
226.961: Total time for which application threads were stopped: 0.0020390 seconds, Stopping threads took: 0.0000720 seconds
227.020: Application time: 0.0595890 seconds
227.020: [GC227.020: [ParNew: 36765K->4134K(37568K), 0.0014660 secs] 215019K->182388K(498504K), 0.0015010 secs] [Times: user=0.01 sys=0.00, real=0.00 secs] 
227.022: Total time for which application threads were stopped: 0.0016490 seconds, Stopping threads took: 0.0000790 seconds
227.085: Application time: 0.0632690 seconds
227.085: [GC227.085: [ParNew: 37040K->4151K(37568K), 0.0014390 secs] 215294K->182405K(498504K), 0.0014780 secs] [Times: user=0.01 sys=0.00, real=0.00 secs] 
227.087: Total time for which application threads were stopped: 0.0016160 seconds, Stopping threads took: 0.0000720 seconds
227.144: Application time: 0.0577770 seconds
227.145: [GC227.145: [ParNew: 36632K->4131K(37568K), 0.0017530 secs] 214886K->183409K(498504K), 0.0017940 secs] [Times: user=0.02 sys=0.00, real=0.00 secs] 
227.146: Total time for which application threads were stopped: 0.0019360 seconds, Stopping threads took: 0.0000660 seconds
227.204: Application time: 0.0578770 seconds
227.204: [GC227.204: [ParNew: 37539K->4147K(37568K), 0.0017760 secs] 216817K->184449K(498504K), 0.0018250 secs] [Times: user=0.01 sys=0.00, real=0.00 secs] 
227.206: Total time for which application threads were stopped: 0.0019580 seconds, Stopping threads took: 0.0000640 seconds
227.263: Application time: 0.0571840 seconds
227.264: [GC227.264: [ParNew: 36748K->4158K(37568K), 0.0018000 secs] 217050K->185489K(498504K), 0.0018390 secs] [Times: user=0.01 sys=0.00, real=0.01 secs] 
227.265: Total time for which application threads were stopped: 0.0019610 seconds, Stopping threads took: 0.0000560 seconds
227.321: Application time: 0.0552570 seconds
227.321: [GC227.321: [ParNew: 36918K->4140K(37568K), 0.0022530 secs] 218249K->188567K(498504K), 0.0022950 secs] [Times: user=0.02 sys=0.00, real=0.00 secs] 
227.323: Total time for which application threads were stopped: 0.0024180 seconds, Stopping threads took: 0.0000550 seconds
227.384: Application time: 0.0611390 seconds
227.384: [GC227.384: [ParNew: 37442K->4157K(37568K), 0.0020150 secs] 221869K->190702K(498504K), 0.0020550 secs] [Times: user=0.01 sys=0.00, real=0.00 secs] 
227.386: Total time for which application threads were stopped: 0.0022210 seconds, Stopping threads took: 0.0001010 seconds
227.443: Application time: 0.0569010 seconds
227.444: [GC227.444: [ParNew: 37128K->4142K(37568K), 0.0023350 secs] 223672K->193804K(498504K), 0.0023760 secs] [Times: user=0.01 sys=0.00, real=0.01 secs] 
227.446: Total time for which application threads were stopped: 0.0025470 seconds, Stopping threads took: 0.0001090 seconds
227.507: Application time: 0.0608070 seconds
227.507: [GC227.507: [ParNew: 37220K->4141K(37568K), 0.0023660 secs] 226882K->196903K(498504K), 0.0024080 secs] [Times: user=0.02 sys=0.00, real=0.00 secs] 
227.509: Total time for which application threads were stopped: 0.0025680 seconds, Stopping threads took: 0.0000890 seconds
227.571: Application time: 0.0617140 seconds
227.571: [GC227.571: [ParNew: 37187K->4143K(37568K), 0.0020040 secs] 229949K->198982K(498504K), 0.0020480 secs] [Times: user=0.01 sys=0.00, real=0.00 secs] 
227.573: Total time for which application threads were stopped: 0.0021970 seconds, Stopping threads took: 0.0000800 seconds
227.636: Application time: 0.0623830 seconds
227.636: [GC227.636: [ParNew: 37073K->4130K(37568K), 0.0017670 secs] 231912K->200022K(498504K), 0.0018060 secs] [Times: user=0.01 sys=0.00, real=0.01 secs] 
227.638: Total time for which application threads were stopped: 0.0019380 seconds, Stopping threads took: 0.0000660 seconds
227.698: Application time: 0.0608570 seconds
227.699: [GC227.699: [ParNew: 36887K->4151K(37568K), 0.0015190 secs] 232778K->200043K(498504K), 0.0015560 secs] [Times: user=0.01 sys=0.00, real=0.00 secs] 
227.700: Total time for which application threads were stopped: 0.0016920 seconds, Stopping threads took: 0.0000630 seconds
227.758: Application time: 0.0578730 seconds
227.760: [GC227.760: [ParNew: 36612K->3113K(37568K), 0.0013750 secs] 232504K->199004K(498504K), 0.0014100 secs] [Times: user=0.01 sys=0.00, real=0.00 secs] 
227.762: Total time for which application threads were stopped: 0.0038760 seconds, Stopping threads took: 0.0024020 seconds
227.819: Application time: 0.0575460 seconds
227.820: [GC227.820: [ParNew: 35525K->4116K(37568K), 0.0018180 secs] 231417K->201031K(498504K), 0.0018560 secs] [Times: user=0.01 sys=0.00, real=0.00 secs] 
227.821: Total time for which application threads were stopped: 0.0020020 seconds, Stopping threads took: 0.0000800 seconds
227.879: Application time: 0.0579990 seconds
227.880: [GC227.880: [ParNew: 37516K->4114K(37568K), 0.0019400 secs] 234431K->203077K(498504K), 0.0019810 secs] [Times: user=0.01 sys=0.00, real=0.00 secs] 
227.882: Total time for which application threads were stopped: 0.0021340 seconds, Stopping threads took: 0.0000850 seconds
227.940: Application time: 0.0581520 seconds
227.940: [GC227.940: [ParNew: 36796K->4113K(37568K), 0.0020080 secs] 235760K->205124K(498504K), 0.0020470 secs] [Times: user=0.01 sys=0.00, real=0.00 secs] 
227.942: Total time for which application threads were stopped: 0.0021770 seconds, Stopping threads took: 0.0000630 seconds
227.999: Application time: 0.0568220 seconds
227.999: [GC227.999: [ParNew: 37069K->4157K(37568K), 0.0018540 secs] 238080K->206213K(498504K), 0.0018970 secs] [Times: user=0.02 sys=0.00, real=0.00 secs] 
228.001: Total time for which application threads were stopped: 0.0020610 seconds, Stopping threads took: 0.0000940 seconds
228.060: Application time: 0.0587770 seconds
228.060: [GC228.060: [ParNew: 37341K->4159K(37568K), 0.0023520 secs] 239396K->209363K(498504K), 0.0023960 secs] [Times: user=0.02 sys=0.00, real=0.00 secs] 
228.062: Total time for which application threads were stopped: 0.0025250 seconds, Stopping threads took: 0.0000600 seconds
228.121: Application time: 0.0592630 seconds
228.121: [GC228.121: [ParNew: 37193K->4142K(37568K), 0.0022960 secs] 242397K->212464K(498504K), 0.0023360 secs] [Times: user=0.02 sys=0.00, real=0.00 secs] 
228.124: Total time for which application threads were stopped: 0.0024590 seconds, Stopping threads took: 0.0000590 seconds
228.185: Application time: 0.0607400 seconds
228.185: [GC228.185: [ParNew: 37224K->4144K(37568K), 0.0023630 secs] 245546K->215566K(498504K), 0.0024060 secs] [Times: user=0.02 sys=0.00, real=0.00 secs] 
228.187: Total time for which application threads were stopped: 0.0025530 seconds, Stopping threads took: 0.0000800 seconds
228.246: Application time: 0.0593520 seconds
228.247: [GC228.247: [ParNew: 37143K->4142K(37568K), 0.0024000 secs] 248565K->218665K(498504K), 0.0024440 secs] [Times: user=0.02 sys=0.00, real=0.00 secs] 
228.249: Total time for which application threads were stopped: 0.0026070 seconds, Stopping threads took: 0.0000840 seconds
228.249: Application time: 0.0000650 seconds
228.249: [GC [1 CMS-initial-mark: 214523K(460936K)] 219689K(498504K), 0.0001270 secs] [Times: user=0.00 sys=0.00, real=0.00 secs] 
228.249: Total time for which application threads were stopped: 0.0003310 seconds, Stopping threads took: 0.0001810 seconds
228.249: [CMS-concurrent-mark-start]
228.254: [CMS-concurrent-mark: 0.004/0.004 secs] [Times: user=0.03 sys=0.00, real=0.00 secs] 
228.254: [CMS-concurrent-preclean-start]
228.254: [CMS-concurrent-preclean: 0.001/0.001 secs] [Times: user=0.00 sys=0.00, real=0.00 secs] 
228.254: [CMS-concurrent-abortable-preclean-start]
228.313: Application time: 0.0631460 seconds
228.313: [GC228.313: [ParNew: 36977K->4130K(37568K), 0.0020860 secs] 251500K->220730K(498504K), 0.0021280 secs] [Times: user=0.02 sys=0.00, real=0.00 secs] 
228.315: Total time for which application threads were stopped: 0.0022850 seconds, Stopping threads took: 0.0000870 seconds
228.379: Application time: 0.0637370 seconds
228.379: [GC228.379: [ParNew: 37145K->4137K(37568K), 0.0017180 secs] 253745K->221761K(498504K), 0.0017560 secs] [Times: user=0.01 sys=0.00, real=0.00 secs] 
228.381: Total time for which application threads were stopped: 0.0019390 seconds, Stopping threads took: 0.0001170 seconds
228.439: Application time: 0.0584490 seconds
228.439: [GC228.439: [ParNew: 36613K->4150K(37568K), 0.0015050 secs] 254237K->221774K(498504K), 0.0015410 secs] [Times: user=0.01 sys=0.00, real=0.00 secs] 
228.441: Total time for which application threads were stopped: 0.0016870 seconds, Stopping threads took: 0.0000830 seconds
228.501: Application time: 0.0604020 seconds
228.501: [GC228.501: [ParNew: 37558K->3134K(37568K), 0.0011830 secs] 255182K->220758K(498504K), 0.0012200 secs] [Times: user=0.00 sys=0.00, real=0.00 secs] 
228.502: Total time for which application threads were stopped: 0.0013700 seconds, Stopping threads took: 0.0000870 seconds
228.560: Application time: 0.0575700 seconds
228.560: [GC228.560: [ParNew: 36542K->4140K(37568K), 0.0016780 secs] 254166K->222788K(498504K), 0.0017170 secs] [Times: user=0.00 sys=0.01, real=0.00 secs] 
228.562: Total time for which application threads were stopped: 0.0018530 seconds, Stopping threads took: 0.0000690 seconds
228.615: Application time: 0.0527520 seconds
228.615: [GC228.615: [ParNew: 36688K->4114K(37568K), 0.0024170 secs] 255336K->225834K(498504K), 0.0024670 secs] [Times: user=0.02 sys=0.00, real=0.01 secs] 
228.617: Total time for which application threads were stopped: 0.0026110 seconds, Stopping threads took: 0.0000740 seconds
228.681: Application time: 0.0638510 seconds
228.681: [GC228.681: [ParNew: 37323K->4153K(37568K), 0.0019870 secs] 259043K->227937K(498504K), 0.0020250 secs] [Times: user=0.02 sys=0.00, real=0.00 secs] 
228.683: Total time for which application threads were stopped: 0.0021570 seconds, Stopping threads took: 0.0000670 seconds
228.739: Application time: 0.0561800 seconds
228.740: [GC228.740: [ParNew: 37283K->4157K(37568K), 0.0021320 secs] 261067K->230102K(498504K), 0.0021740 secs] [Times: user=0.02 sys=0.00, real=0.00 secs] 
228.742: Total time for which application threads were stopped: 0.0023070 seconds, Stopping threads took: 0.0000640 seconds
228.803: Application time: 0.0607480 seconds
228.803: [GC228.803: [ParNew: 37067K->4124K(37568K), 0.0021130 secs] 263012K->232159K(498504K), 0.0021550 secs] [Times: user=0.02 sys=0.00, real=0.01 secs] 
228.805: Total time for which application threads were stopped: 0.0023090 seconds, Stopping threads took: 0.0000760 seconds
228.866: Application time: 0.0610440 seconds
228.866: [GC228.866: [ParNew: 37175K->4140K(37568K), 0.0024320 secs] 265211K->235247K(498504K), 0.0024750 secs] [Times: user=0.02 sys=0.00, real=0.00 secs] 
228.868: Total time for which application threads were stopped: 0.0026170 seconds, Stopping threads took: 0.0000730 seconds
228.929: Application time: 0.0602770 seconds
228.929: [GC228.929: [ParNew: 37134K->4157K(37568K), 0.0020200 secs] 268241K->237340K(498504K), 0.0020600 secs] [Times: user=0.01 sys=0.00, real=0.00 secs] 
228.931: Total time for which application threads were stopped: 0.0022520 seconds, Stopping threads took: 0.0001270 seconds
228.990: Application time: 0.0593010 seconds
228.990: [GC228.990: [ParNew: 36930K->4115K(37568K), 0.0020840 secs] 270114K->239375K(498504K), 0.0021230 secs] [Times: user=0.01 sys=0.00, real=0.00 secs] 
228.993: Total time for which application threads were stopped: 0.0023030 seconds, Stopping threads took: 0.0001130 seconds
229.056: Application time: 0.0629710 seconds
229.060: [GC229.060: [ParNew: 37024K->4131K(37568K), 0.0018270 secs] 272285K->240415K(498504K), 0.0018700 secs] [Times: user=0.01 sys=0.00, real=0.00 secs] 
229.062: Total time for which application threads were stopped: 0.0067570 seconds, Stopping threads took: 0.0048170 seconds
229.125: Application time: 0.0627180 seconds
229.125: [GC229.125: [ParNew: 36955K->4134K(37568K), 0.0014150 secs] 273239K->240419K(498504K), 0.0014540 secs] [Times: user=0.01 sys=0.00, real=0.00 secs] 
229.127: Total time for which application threads were stopped: 0.0015820 seconds, Stopping threads took: 0.0000630 seconds
229.186: Application time: 0.0598320 seconds
229.187: [GC229.187: [ParNew: 36703K->3129K(37568K), 0.0011600 secs] 272987K->239413K(498504K), 0.0011950 secs] [Times: user=0.01 sys=0.00, real=0.00 secs] 
229.188: Total time for which application threads were stopped: 0.0013600 seconds, Stopping threads took: 0.0001010 seconds
229.247: Application time: 0.0592590 seconds
229.247: [GC229.247: [ParNew: 36537K->3134K(37568K), 0.0010590 secs] 272821K->239418K(498504K), 0.0010920 secs] [Times: user=0.00 sys=0.01, real=0.00 secs] 
229.248: Total time for which application threads were stopped: 0.0012550 seconds, Stopping threads took: 0.0001070 seconds
229.303: Application time: 0.0547180 seconds
229.303: [GC229.303: [ParNew: 36542K->4159K(37568K), 0.0017870 secs] 272826K->241475K(498504K), 0.0018280 secs] [Times: user=0.02 sys=0.00, real=0.01 secs] 
229.305: Total time for which application threads were stopped: 0.0019860 seconds, Stopping threads took: 0.0000910 seconds
229.361: Application time: 0.0563340 seconds
229.362: [GC229.362: [ParNew: 37132K->4156K(37568K), 0.0024810 secs] 274449K->244556K(498504K), 0.0025220 secs] [Times: user=0.01 sys=0.00, real=0.00 secs] 
229.364: Total time for which application threads were stopped: 0.0026740 seconds, Stopping threads took: 0.0000610 seconds
229.426: Application time: 0.0615640 seconds
229.426: [GC229.426: [ParNew: 37499K->4157K(37568K), 0.0019610 secs] 277899K->245699K(498504K), 0.0020020 secs] [Times: user=0.02 sys=0.00, real=0.00 secs] 
229.428: Total time for which application threads were stopped: 0.0021630 seconds, Stopping threads took: 0.0000940 seconds
229.486: Application time: 0.0579210 seconds
229.486: [GC229.486: [ParNew: 36901K->4116K(37568K), 0.0018180 secs] 278443K->246724K(498504K), 0.0018590 secs] [Times: user=0.01 sys=0.00, real=0.00 secs] 
229.488: Total time for which application threads were stopped: 0.0020640 seconds, Stopping threads took: 0.0001190 seconds
229.550: Application time: 0.0621210 seconds
229.550: [GC229.550: [ParNew: 37159K->4144K(37568K), 0.0019130 secs] 279766K->248799K(498504K), 0.0019530 secs] [Times: user=0.01 sys=0.00, real=0.00 secs] 
229.552: Total time for which application threads were stopped: 0.0020790 seconds, Stopping threads took: 0.0000610 seconds
229.612: Application time: 0.0596940 seconds
229.612: [GC229.612: [ParNew: 37119K->4140K(37568K), 0.0024440 secs] 281774K->251896K(498504K), 0.0024860 secs] [Times: user=0.01 sys=0.00, real=0.00 secs] 
229.614: Total time for which application threads were stopped: 0.0026250 seconds, Stopping threads took: 0.0000720 seconds
229.679: Application time: 0.0641670 seconds
229.679: [GC229.679: [ParNew: 37138K->4150K(37568K), 0.0018800 secs] 284894K->252958K(498504K), 0.0019190 secs] [Times: user=0.01 sys=0.00, real=0.00 secs] 
229.681: Total time for which application threads were stopped: 0.0020630 seconds, Stopping threads took: 0.0000790 seconds
229.742: Application time: 0.0614260 seconds
229.742: [GC229.742: [ParNew: 37005K->4159K(37568K), 0.0015470 secs] 285813K->252970K(498504K), 0.0015840 secs] [Times: user=0.01 sys=0.00, real=0.00 secs] 
229.744: Total time for which application threads were stopped: 0.0017520 seconds, Stopping threads took: 0.0001030 seconds
229.804: Application time: 0.0605030 seconds
229.804: [GC229.804: [ParNew: 36801K->3146K(37568K), 0.0012710 secs] 285611K->251956K(498504K), 0.0013050 secs] [Times: user=0.01 sys=0.00, real=0.00 secs] 
229.806: Total time for which application threads were stopped: 0.0014800 seconds, Stopping threads took: 0.0001100 seconds
229.865: Application time: 0.0591260 seconds
229.865: [GC229.865: [ParNew: 36554K->3115K(37568K), 0.0012380 secs] 285364K->251925K(498504K), 0.0012680 secs] [Times: user=0.00 sys=0.00, real=0.00 secs] 
229.866: Total time for which application threads were stopped: 0.0014360 seconds, Stopping threads took: 0.0001000 seconds
229.929: Application time: 0.0628590 seconds
229.929: [GC229.929: [ParNew: 35933K->4148K(37568K), 0.0013860 secs] 284744K->252959K(498504K), 0.0014230 secs] [Times: user=0.01 sys=0.00, real=0.00 secs] 
229.931: Total time for which application threads were stopped: 0.0015720 seconds, Stopping threads took: 0.0000870 seconds
229.983: Application time: 0.0520260 seconds
229.983: [GC229.983: [ParNew: 37183K->4112K(37568K), 0.0022920 secs] 285993K->255994K(498504K), 0.0023340 secs] [Times: user=0.01 sys=0.00, real=0.01 secs] 
229.985: Total time for which application threads were stopped: 0.0024580 seconds, Stopping threads took: 0.0000570 seconds
230.040: Application time: 0.0548500 seconds
230.040: [GC230.040: [ParNew: 37171K->4154K(37568K), 0.0023860 secs] 289054K->259125K(498504K), 0.0024280 secs] [Times: user=0.01 sys=0.00, real=0.00 secs] 
230.043: Total time for which application threads were stopped: 0.0025600 seconds, Stopping threads took: 0.0000630 seconds
230.103: Application time: 0.0603330 seconds
230.103: [GC230.103: [ParNew: 37538K->4159K(37568K), 0.0021600 secs] 292509K->261287K(498504K), 0.0022010 secs] [Times: user=0.01 sys=0.00, real=0.01 secs] 
230.105: Total time for which application threads were stopped: 0.0023830 seconds, Stopping threads took: 0.0001120 seconds
230.170: Application time: 0.0645660 seconds
230.170: [GC230.170: [ParNew: 37160K->4114K(37568K), 0.0017150 secs] 294288K->262311K(498504K), 0.0017590 secs] [Times: user=0.01 sys=0.00, real=0.00 secs] 
230.172: Total time for which application threads were stopped: 0.0019110 seconds, Stopping threads took: 0.0000890 seconds
230.228: Application time: 0.0566630 seconds
230.229: [GC230.229: [ParNew: 36994K->4158K(37568K), 0.0021330 secs] 295192K->264404K(498504K), 0.0021730 secs] [Times: user=0.02 sys=0.00, real=0.00 secs] 
230.231: Total time for which application threads were stopped: 0.0023120 seconds, Stopping threads took: 0.0000710 seconds
230.293: Application time: 0.0625230 seconds
230.293: [GC230.293: [ParNew: 37188K->4141K(37568K), 0.0022000 secs] 297434K->266463K(498504K), 0.0022430 secs] [Times: user=0.02 sys=0.00, real=0.00 secs] 
230.296: Total time for which application threads were stopped: 0.0024020 seconds, Stopping threads took: 0.0000910 seconds
230.358: Application time: 0.0620690 seconds
230.358: [GC230.358: [ParNew: 37066K->4120K(37568K), 0.0019690 secs] 299388K->268519K(498504K), 0.0020110 secs] [Times: user=0.02 sys=0.00, real=0.00 secs] 
230.360: Total time for which application threads were stopped: 0.0021780 seconds, Stopping threads took: 0.0000990 seconds
230.419: Application time: 0.0590760 seconds
230.419: [GC230.419: [ParNew: 36743K->4133K(37568K), 0.0018920 secs] 301142K->269556K(498504K), 0.0019320 secs] [Times: user=0.01 sys=0.00, real=0.00 secs] 
230.421: Total time for which application threads were stopped: 0.0021290 seconds, Stopping threads took: 0.0001170 seconds
230.484: Application time: 0.0628370 seconds
230.484: [GC230.484: [ParNew: 37054K->4136K(37568K), 0.0016960 secs] 302477K->270583K(498504K), 0.0017340 secs] [Times: user=0.01 sys=0.00, real=0.01 secs] 
230.486: Total time for which application threads were stopped: 0.0018620 seconds, Stopping threads took: 0.0000640 seconds
230.545: Application time: 0.0592740 seconds
230.545: [GC230.545: [ParNew: 36760K->4135K(37568K), 0.0015150 secs] 303208K->270582K(498504K), 0.0015490 secs] [Times: user=0.01 sys=0.00, real=0.00 secs] 
230.547: Total time for which application threads were stopped: 0.0016910 seconds, Stopping threads took: 0.0000750 seconds
230.607: Application time: 0.0598510 seconds
230.607: [GC230.607: [ParNew: 37543K->3128K(37568K), 0.0011800 secs] 303990K->269575K(498504K), 0.0012150 secs] [Times: user=0.01 sys=0.00, real=0.00 secs] 
230.608: Total time for which application threads were stopped: 0.0013400 seconds, Stopping threads took: 0.0000610 seconds
230.665: Application time: 0.0567670 seconds
230.665: [GC230.665: [ParNew: 36432K->4148K(37568K), 0.0016440 secs] 302879K->271619K(498504K), 0.0016860 secs] [Times: user=0.02 sys=0.00, real=0.00 secs] 
230.667: Total time for which application threads were stopped: 0.0018690 seconds, Stopping threads took: 0.0001180 seconds
230.721: Application time: 0.0537990 seconds
230.721: [GC230.721: [ParNew: 37051K->4144K(37568K), 0.0023400 secs] 304522K->274715K(498504K), 0.0023810 secs] [Times: user=0.01 sys=0.00, real=0.00 secs] 
230.723: Total time for which application threads were stopped: 0.0025170 seconds, Stopping threads took: 0.0000710 seconds
230.781: Application time: 0.0583480 seconds
230.782: [GC230.782: [ParNew: 37506K->4159K(37568K), 0.0022240 secs] 308077K->276871K(498504K), 0.0022640 secs] [Times: user=0.01 sys=0.00, real=0.00 secs] 
230.784: Total time for which application threads were stopped: 0.0024670 seconds, Stopping threads took: 0.0001340 seconds
230.848: Application time: 0.0641920 seconds
230.848: [GC230.848: [ParNew: 37157K->4112K(37568K), 0.0023390 secs] 309870K->279947K(498504K), 0.0023790 secs] [Times: user=0.01 sys=0.00, real=0.00 secs] 
230.851: Total time for which application threads were stopped: 0.0025020 seconds, Stopping threads took: 0.0000600 seconds
230.909: Application time: 0.0584110 seconds
230.909: [GC230.909: [ParNew: 37113K->4157K(37568K), 0.0021560 secs] 312947K->282039K(498504K), 0.0021990 secs] [Times: user=0.01 sys=0.00, real=0.00 secs] 
230.911: Total time for which application threads were stopped: 0.0024060 seconds, Stopping threads took: 0.0001270 seconds
230.974: Application time: 0.0626690 seconds
230.974: [GC230.974: [ParNew: 37171K->4144K(37568K), 0.0018300 secs] 315053K->283078K(498504K), 0.0018700 secs] [Times: user=0.02 sys=0.00, real=0.00 secs] 
230.976: Total time for which application threads were stopped: 0.0020850 seconds, Stopping threads took: 0.0001380 seconds
231.037: Application time: 0.0612690 seconds
231.038: [GC231.038: [ParNew: 36966K->4150K(37568K), 0.0017520 secs] 315901K->284137K(498504K), 0.0017900 secs] [Times: user=0.02 sys=0.00, real=0.00 secs] 
231.039: Total time for which application threads were stopped: 0.0019380 seconds, Stopping threads took: 0.0000820 seconds
231.098: Application time: 0.0584620 seconds
231.098: [GC231.098: [ParNew: 36763K->4114K(37568K), 0.0020380 secs] 316751K->286149K(498504K), 0.0020750 secs] [Times: user=0.02 sys=0.00, real=0.00 secs] 
231.100: Total time for which application threads were stopped: 0.0023020 seconds, Stopping threads took: 0.0001620 seconds
231.162: Application time: 0.0614020 seconds
231.162: [GC231.162: [ParNew: 36930K->4134K(37568K), 0.0017970 secs] 318965K->287194K(498504K), 0.0018350 secs] [Times: user=0.01 sys=0.00, real=0.00 secs] 
231.163: Total time for which application threads were stopped: 0.0019610 seconds, Stopping threads took: 0.0000590 seconds
231.221: Application time: 0.0576700 seconds
231.224: [GC231.224: [ParNew: 36556K->4133K(37568K), 0.0015590 secs] 319615K->287193K(498504K), 0.0015940 secs] [Times: user=0.02 sys=0.00, real=0.00 secs] 
231.226: Total time for which application threads were stopped: 0.0048750 seconds, Stopping threads took: 0.0032160 seconds
231.284: Application time: 0.0580370 seconds
231.284: [GC231.284: [ParNew: 36611K->4116K(37568K), 0.0022070 secs] 319670K->289223K(498504K), 0.0022520 secs] [Times: user=0.01 sys=0.00, real=0.01 secs] 
231.286: Total time for which application threads were stopped: 0.0024240 seconds, Stopping threads took: 0.0001030 seconds
231.343: Application time: 0.0562740 seconds
231.343: [GC231.343: [ParNew: 36688K->4149K(37568K), 0.0017970 secs] 321795K->290297K(498504K), 0.0018410 secs] [Times: user=0.02 sys=0.00, real=0.01 secs] 
231.345: Total time for which application threads were stopped: 0.0019900 seconds, Stopping threads took: 0.0000830 seconds
231.403: Application time: 0.0585520 seconds
231.404: [GC231.404: [ParNew: 36976K->4147K(37568K), 0.0018330 secs] 323124K->291331K(498504K), 0.0018770 secs] [Times: user=0.02 sys=0.00, real=0.01 secs] 
231.405: Total time for which application threads were stopped: 0.0021330 seconds, Stopping threads took: 0.0001900 seconds
231.465: Application time: 0.0596150 seconds
231.465: [GC231.465: [ParNew: 37519K->4158K(37568K), 0.0023290 secs] 324703K->294510K(498504K), 0.0023680 secs] [Times: user=0.02 sys=0.00, real=0.00 secs] 
231.468: Total time for which application threads were stopped: 0.0025220 seconds, Stopping threads took: 0.0000880 seconds
231.526: Application time: 0.0586570 seconds
231.526: [GC231.526: [ParNew: 37058K->4112K(37568K), 0.0023150 secs] 327411K->297582K(498504K), 0.0023610 secs] [Times: user=0.01 sys=0.00, real=0.00 secs] 
231.529: Total time for which application threads were stopped: 0.0025060 seconds, Stopping threads took: 0.0000660 seconds
231.589: Application time: 0.0598930 seconds
231.589: [GC231.589: [ParNew: 37159K->4142K(37568K), 0.0023510 secs] 330629K->300684K(498504K), 0.0023920 secs] [Times: user=0.02 sys=0.00, real=0.00 secs] 
231.591: Total time for which application threads were stopped: 0.0025470 seconds, Stopping threads took: 0.0000880 seconds
231.654: Application time: 0.0627540 seconds
231.654: [GC231.654: [ParNew: 37215K->4158K(37568K), 0.0020230 secs] 333758K->302777K(498504K), 0.0020600 secs] [Times: user=0.02 sys=0.00, real=0.00 secs] 
231.656: Total time for which application threads were stopped: 0.0021910 seconds, Stopping threads took: 0.0000650 seconds
231.717: Application time: 0.0606930 seconds
231.717: [GC231.717: [ParNew: 37043K->4130K(37568K), 0.0020720 secs] 335663K->304826K(498504K), 0.0021190 secs] [Times: user=0.02 sys=0.00, real=0.00 secs] 
231.719: Total time for which application threads were stopped: 0.0022540 seconds, Stopping threads took: 0.0000660 seconds
231.780: Application time: 0.0611840 seconds
231.784: [GC231.784: [ParNew: 36839K->4132K(37568K), 0.0015040 secs] 337535K->304828K(498504K), 0.0015420 secs] [Times: user=0.01 sys=0.00, real=0.00 secs] 
231.786: Total time for which application threads were stopped: 0.0057010 seconds, Stopping threads took: 0.0040930 seconds
231.847: Application time: 0.0605900 seconds
231.847: [GC231.847: [ParNew: 36699K->3143K(37568K), 0.0012870 secs] 337395K->303839K(498504K), 0.0013220 secs] [Times: user=0.01 sys=0.00, real=0.00 secs] 
231.848: Total time for which application threads were stopped: 0.0014430 seconds, Stopping threads took: 0.0000560 seconds
231.904: Application time: 0.0557630 seconds
231.904: [GC231.904: [ParNew: 36326K->4130K(37568K), 0.0018780 secs] 337022K->305849K(498504K), 0.0019190 secs] [Times: user=0.01 sys=0.00, real=0.01 secs] 
231.906: Total time for which application threads were stopped: 0.0020690 seconds, Stopping threads took: 0.0000830 seconds
231.962: Application time: 0.0558610 seconds
231.962: [GC231.962: [ParNew: 36766K->4112K(37568K), 0.0024200 secs] 338486K->308904K(498504K), 0.0024620 secs] [Times: user=0.01 sys=0.00, real=0.01 secs] 
231.964: Total time for which application threads were stopped: 0.0026020 seconds, Stopping threads took: 0.0000620 seconds
232.024: Application time: 0.0595240 seconds
232.024: [GC232.024: [ParNew: 36981K->4158K(37568K), 0.0017580 secs] 341773K->309974K(498504K), 0.0017940 secs] [Times: user=0.02 sys=0.00, real=0.01 secs] 
232.026: Total time for which application threads were stopped: 0.0019330 seconds, Stopping threads took: 0.0000740 seconds
232.084: Application time: 0.0577400 seconds
232.084: [GC232.084: [ParNew: 36848K->4146K(37568K), 0.0020480 secs] 342664K->312038K(498504K), 0.0020900 secs] [Times: user=0.02 sys=0.00, real=0.01 secs] 
232.086: Total time for which application threads were stopped: 0.0022270 seconds, Stopping threads took: 0.0000630 seconds
232.146: Application time: 0.0598090 seconds
232.146: [GC232.146: [ParNew: 37503K->4156K(37568K), 0.0023740 secs] 345395K->315217K(498504K), 0.0024150 secs] [Times: user=0.01 sys=0.00, real=0.00 secs] 
232.148: Total time for which application threads were stopped: 0.0025730 seconds, Stopping threads took: 0.0000910 seconds
232.209: Application time: 0.0613650 seconds
232.210: [GC232.210: [ParNew: 37081K->4116K(37568K), 0.0023490 secs] 348142K->318295K(498504K), 0.0023890 secs] [Times: user=0.01 sys=0.00, real=0.00 secs] 
232.212: Total time for which application threads were stopped: 0.0025270 seconds, Stopping threads took: 0.0000690 seconds
232.273: Application time: 0.0611210 seconds
232.273: [GC232.273: [ParNew: 37197K->4158K(37568K), 0.0019800 secs] 351376K->320385K(498504K), 0.0020220 secs] [Times: user=0.01 sys=0.00, real=0.00 secs] 
232.275: Total time for which application threads were stopped: 0.0021460 seconds, Stopping threads took: 0.0000570 seconds
232.334: Application time: 0.0588680 seconds
232.334: [GC232.334: [ParNew: 36866K->4148K(37568K), 0.0017360 secs] 353093K->321444K(498504K), 0.0017730 secs] [Times: user=0.01 sys=0.00, real=0.00 secs] 
232.336: Total time for which application threads were stopped: 0.0019220 seconds, Stopping threads took: 0.0000810 seconds
232.396: Application time: 0.0603140 seconds
232.397: [GC232.397: [ParNew: 36914K->4117K(37568K), 0.0020140 secs] 354210K->323473K(498504K), 0.0020550 secs] [Times: user=0.02 sys=0.00, real=0.00 secs] 
232.399: Total time for which application threads were stopped: 0.0021870 seconds, Stopping threads took: 0.0000640 seconds
232.457: Application time: 0.0585610 seconds
232.457: [GC232.457: [ParNew: 36824K->4148K(37568K), 0.0018540 secs] 356180K->324528K(498504K), 0.0018910 secs] [Times: user=0.01 sys=0.00, real=0.00 secs] 
232.459: Total time for which application threads were stopped: 0.0021030 seconds, Stopping threads took: 0.0001450 seconds
232.521: Application time: 0.0621400 seconds
232.522: [GC232.522: [ParNew: 36985K->4133K(37568K), 0.0017330 secs] 357366K->325537K(498504K), 0.0017800 secs] [Times: user=0.01 sys=0.00, real=0.00 secs] 
232.523: Total time for which application threads were stopped: 0.0019190 seconds, Stopping threads took: 0.0000710 seconds
232.582: Application time: 0.0587480 seconds
232.582: [GC232.582: [ParNew: 36720K->4147K(37568K), 0.0014970 secs] 358124K->325551K(498504K), 0.0015340 secs] [Times: user=0.01 sys=0.00, real=0.00 secs] 
232.584: Total time for which application threads were stopped: 0.0017040 seconds, Stopping threads took: 0.0001030 seconds
232.643: Application time: 0.0594670 seconds
232.643: [GC232.643: [ParNew: 36788K->4151K(37568K), 0.0015010 secs] 358192K->325555K(498504K), 0.0015400 secs] [Times: user=0.01 sys=0.00, real=0.01 secs] 
232.645: Total time for which application threads were stopped: 0.0017050 seconds, Stopping threads took: 0.0000890 seconds
232.699: Application time: 0.0540540 seconds
232.699: [GC232.699: [ParNew: 37559K->4154K(37568K), 0.0020350 secs] 358963K->327606K(498504K), 0.0020750 secs] [Times: user=0.01 sys=0.00, real=0.00 secs] 
232.701: Total time for which application threads were stopped: 0.0022160 seconds, Stopping threads took: 0.0000750 seconds
232.762: Application time: 0.0604400 seconds
232.762: [GC232.762: [ParNew: 37132K->4144K(37568K), 0.0020730 secs] 360584K->329673K(498504K), 0.0021140 secs] [Times: user=0.02 sys=0.00, real=0.00 secs] 
232.764: Total time for which application threads were stopped: 0.0022500 seconds, Stopping threads took: 0.0000700 seconds
232.822: Application time: 0.0577630 seconds
232.822: [GC232.822: [ParNew: 37356K->4156K(37568K), 0.0025140 secs] 362885K->332853K(498504K), 0.0025570 secs] [Times: user=0.02 sys=0.00, real=0.01 secs] 
232.824: Total time for which application threads were stopped: 0.0026980 seconds, Stopping threads took: 0.0000730 seconds
232.885: Application time: 0.0605750 seconds
232.885: [GC232.885: [ParNew: 37020K->4130K(37568K), 0.0020320 secs] 365718K->334921K(498504K), 0.0020730 secs] [Times: user=0.01 sys=0.00, real=0.00 secs] 
232.887: Total time for which application threads were stopped: 0.0022090 seconds, Stopping threads took: 0.0000690 seconds
232.948: Application time: 0.0610370 seconds
232.948: [GC232.948: [ParNew: 37126K->4143K(37568K), 0.0019640 secs] 367917K->336983K(498504K), 0.0020020 secs] [Times: user=0.01 sys=0.00, real=0.00 secs] 
232.950: Total time for which application threads were stopped: 0.0021480 seconds, Stopping threads took: 0.0000730 seconds
233.009: Application time: 0.0588540 seconds
233.009: [GC233.009: [ParNew: 36981K->4158K(37568K), 0.0019910 secs] 369820K->339074K(498504K), 0.0020310 secs] [Times: user=0.02 sys=0.00, real=0.00 secs] 
233.011: Total time for which application threads were stopped: 0.0021530 seconds, Stopping threads took: 0.0000560 seconds
233.072: Application time: 0.0609630 seconds
233.072: [GC233.072: [ParNew: 37000K->4114K(37568K), 0.0020700 secs] 371916K->341106K(498504K), 0.0021100 secs] [Times: user=0.02 sys=0.00, real=0.00 secs] 
233.075: Total time for which application threads were stopped: 0.0022430 seconds, Stopping threads took: 0.0000650 seconds
233.134: Application time: 0.0598180 seconds
233.135: [GC233.135: [ParNew: 36878K->4114K(37568K), 0.0021200 secs] 373871K->343155K(498504K), 0.0021620 secs] [Times: user=0.02 sys=0.00, real=0.01 secs] 
233.137: Total time for which application threads were stopped: 0.0023140 seconds, Stopping threads took: 0.0000830 seconds
233.196: Application time: 0.0590770 seconds
233.196: [GC233.196: [ParNew: 36719K->4150K(37568K), 0.0015490 secs] 375760K->343190K(498504K), 0.0015860 secs] [Times: user=0.01 sys=0.00, real=0.01 secs] 
233.198: Total time for which application threads were stopped: 0.0017590 seconds, Stopping threads took: 0.0000970 seconds
233.257: Application time: 0.0598350 seconds
233.257: [GC233.258: [ParNew: 36792K->4117K(37568K), 0.0017560 secs] 375833K->344181K(498504K), 0.0018050 secs] [Times: user=0.01 sys=0.00, real=0.00 secs] 
233.259: Total time for which application threads were stopped: 0.0019360 seconds, Stopping threads took: 0.0000640 seconds
 CMS: abort preclean due to time 233.260: [CMS-concurrent-abortable-preclean: 0.079/5.006 secs] [Times: user=39.39 sys=0.08, real=5.01 secs] 
233.260: Application time: 0.0010220 seconds
233.260: [GC[YG occupancy: 5206 K (37568 K)]233.260: [Rescan (parallel) , 0.0002880 secs]233.261: [weak refs processing, 0.0000050 secs]233.261: [scrub string table, 0.0000990 secs] [1 CMS-remark: 340064K(460936K)] 345270K(498504K), 0.0004140 secs] [Times: user=0.00 sys=0.00, real=0.00 secs] 
233.261: Total time for which application threads were stopped: 0.0005150 seconds, Stopping threads took: 0.0000720 seconds
233.261: [CMS-concurrent-sweep-start]
233.262: [CMS-concurrent-sweep: 0.001/0.001 secs] [Times: user=0.01 sys=0.00, real=0.00 secs] 
233.262: [CMS-concurrent-reset-start]
233.265: [CMS-concurrent-reset: 0.002/0.002 secs] [Times: user=0.02 sys=0.00, real=0.01 secs] 
233.318: Application time: 0.0568420 seconds
233.318: [GC233.318: [ParNew: 36677K->4133K(37568K), 0.0017290 secs] 168943K->137423K(498504K), 0.0017680 secs] [Times: user=0.01 sys=0.00, real=0.00 secs] 
233.320: Total time for which application threads were stopped: 0.0018890 seconds, Stopping threads took: 0.0000570 seconds
233.378: Application time: 0.0582070 seconds
233.378: [GC233.378: [ParNew: 36855K->4157K(37568K), 0.0017280 secs] 170145K->138475K(498504K), 0.0017670 secs] [Times: user=0.01 sys=0.00, real=0.00 secs] 
233.380: Total time for which application threads were stopped: 0.0019090 seconds, Stopping threads took: 0.0000790 seconds
233.438: Application time: 0.0579810 seconds
233.438: [GC233.438: [ParNew: 36969K->4142K(37568K), 0.0020400 secs] 171287K->140532K(498504K), 0.0020820 secs] [Times: user=0.01 sys=0.00, real=0.00 secs] 
233.440: Total time for which application threads were stopped: 0.0022100 seconds, Stopping threads took: 0.0000590 seconds
233.499: Application time: 0.0593530 seconds
233.499: [GC233.499: [ParNew: 37390K->4158K(37568K), 0.0020270 secs] 173780K->142713K(498504K), 0.0020700 secs] [Times: user=0.02 sys=0.00, real=0.00 secs] 
233.501: Total time for which application threads were stopped: 0.0022160 seconds, Stopping threads took: 0.0000770 seconds
233.560: Application time: 0.0585270 seconds
233.560: [GC233.560: [ParNew: 36948K->4130K(37568K), 0.0020450 secs] 175503K->144759K(498504K), 0.0020860 secs] [Times: user=0.02 sys=0.00, real=0.00 secs] 
233.562: Total time for which application threads were stopped: 0.0022160 seconds, Stopping threads took: 0.0000660 seconds
233.622: Application time: 0.0595780 seconds
233.622: [GC233.622: [ParNew: 37048K->4142K(37568K), 0.0019670 secs] 177677K->146819K(498504K), 0.0020080 secs] [Times: user=0.01 sys=0.00, real=0.00 secs] 
233.624: Total time for which application threads were stopped: 0.0021470 seconds, Stopping threads took: 0.0000690 seconds
233.683: Application time: 0.0593360 seconds
233.683: [GC233.683: [ParNew: 37093K->4145K(37568K), 0.0021330 secs] 179770K->148915K(498504K), 0.0021770 secs] [Times: user=0.01 sys=0.00, real=0.01 secs] 
233.686: Total time for which application threads were stopped: 0.0023290 seconds, Stopping threads took: 0.0000800 seconds
233.746: Application time: 0.0606750 seconds
233.746: [GC233.746: [ParNew: 36952K->4117K(37568K), 0.0018130 secs] 181722K->149923K(498504K), 0.0018520 secs] [Times: user=0.01 sys=0.00, real=0.00 secs] 
233.748: Total time for which application threads were stopped: 0.0020360 seconds, Stopping threads took: 0.0001090 seconds
233.806: Application time: 0.0575140 seconds
233.806: [GC233.806: [ParNew: 36573K->4115K(37568K), 0.0017680 secs] 182379K->150945K(498504K), 0.0018060 secs] [Times: user=0.01 sys=0.00, real=0.00 secs] 
233.808: Total time for which application threads were stopped: 0.0019570 seconds, Stopping threads took: 0.0000840 seconds
233.870: Application time: 0.0618440 seconds
233.870: [GC233.870: [ParNew: 36959K->4123K(37568K), 0.0014110 secs] 183789K->150953K(498504K), 0.0014540 secs] [Times: user=0.01 sys=0.00, real=0.00 secs] 
233.871: Total time for which application threads were stopped: 0.0016070 seconds, Stopping threads took: 0.0000890 seconds
233.926: Application time: 0.0545070 seconds
233.926: [GC233.926: [ParNew: 36538K->4134K(37568K), 0.0018530 secs] 183368K->151988K(498504K), 0.0018950 secs] [Times: user=0.02 sys=0.00, real=0.00 secs] 
233.928: Total time for which application threads were stopped: 0.0020490 seconds, Stopping threads took: 0.0000870 seconds
233.989: Application time: 0.0613630 seconds
233.989: [GC233.989: [ParNew: 36954K->4133K(37568K), 0.0017770 secs] 184808K->153011K(498504K), 0.0018150 secs] [Times: user=0.01 sys=0.00, real=0.00 secs] 
233.991: Total time for which application threads were stopped: 0.0019560 seconds, Stopping threads took: 0.0000760 seconds
234.049: Application time: 0.0576690 seconds
234.049: [GC234.049: [ParNew: 36838K->4159K(37568K), 0.0016810 secs] 185716K->154061K(498504K), 0.0017190 secs] [Times: user=0.02 sys=0.00, real=0.00 secs] 
234.051: Total time for which application threads were stopped: 0.0018810 seconds, Stopping threads took: 0.0000980 seconds
234.110: Application time: 0.0590570 seconds
234.112: [GC234.112: [ParNew: 37044K->4140K(37568K), 0.0022680 secs] 186946K->156118K(498504K), 0.0023160 secs] [Times: user=0.02 sys=0.00, real=0.00 secs] 
234.115: Total time for which application threads were stopped: 0.0049730 seconds, Stopping threads took: 0.0025760 seconds
234.173: Application time: 0.0585860 seconds
234.173: [GC234.173: [ParNew: 37367K->4156K(37568K), 0.0020620 secs] 189346K->158299K(498504K), 0.0021020 secs] [Times: user=0.02 sys=0.00, real=0.00 secs] 
234.176: Total time for which application threads were stopped: 0.0022570 seconds, Stopping threads took: 0.0000900 seconds
234.235: Application time: 0.0591790 seconds
234.235: [GC234.235: [ParNew: 36962K->4135K(37568K), 0.0017430 secs] 191106K->159329K(498504K), 0.0017830 secs] [Times: user=0.01 sys=0.00, real=0.01 secs] 
234.237: Total time for which application threads were stopped: 0.0019240 seconds, Stopping threads took: 0.0000760 seconds
234.297: Application time: 0.0603060 seconds
234.297: [GC234.297: [ParNew: 37105K->4144K(37568K), 0.0020150 secs] 192298K->161385K(498504K), 0.0020560 secs] [Times: user=0.02 sys=0.00, real=0.00 secs] 
234.299: Total time for which application threads were stopped: 0.0022210 seconds, Stopping threads took: 0.0000860 seconds
234.358: Application time: 0.0589350 seconds
234.358: [GC234.358: [ParNew: 37041K->4157K(37568K), 0.0021630 secs] 194282K->163474K(498504K), 0.0022030 secs] [Times: user=0.01 sys=0.00, real=0.00 secs] 
234.361: Total time for which application threads were stopped: 0.0023430 seconds, Stopping threads took: 0.0000730 seconds
234.422: Application time: 0.0616750 seconds
234.422: [GC234.422: [ParNew: 36976K->4148K(37568K), 0.0015470 secs] 196294K->163495K(498504K), 0.0015840 secs] [Times: user=0.01 sys=0.00, real=0.00 secs] 
234.424: Total time for which application threads were stopped: 0.0017420 seconds, Stopping threads took: 0.0000930 seconds
234.482: Application time: 0.0577610 seconds
234.482: [GC234.482: [ParNew: 36607K->4120K(37568K), 0.0016850 secs] 195953K->164490K(498504K), 0.0017240 secs] [Times: user=0.01 sys=0.00, real=0.00 secs] 
234.484: Total time for which application threads were stopped: 0.0018550 seconds, Stopping threads took: 0.0000630 seconds
234.542: Application time: 0.0580650 seconds
234.542: [GC234.542: [ParNew: 36738K->4130K(37568K), 0.0021690 secs] 197109K->166548K(498504K), 0.0022090 secs] [Times: user=0.01 sys=0.00, real=0.00 secs] 
234.544: Total time for which application threads were stopped: 0.0023680 seconds, Stopping threads took: 0.0000930 seconds
234.601: Application time: 0.0573650 seconds
234.601: [GC234.601: [ParNew: 36778K->4132K(37568K), 0.0020590 secs] 199197K->168598K(498504K), 0.0021010 secs] [Times: user=0.02 sys=0.00, real=0.00 secs] 
234.604: Total time for which application threads were stopped: 0.0022320 seconds, Stopping threads took: 0.0000590 seconds
234.665: Application time: 0.0614560 seconds
234.665: [GC234.665: [ParNew: 36935K->4149K(37568K), 0.0015080 secs] 201401K->168616K(498504K), 0.0015530 secs] [Times: user=0.01 sys=0.00, real=0.00 secs] 
234.667: Total time for which application threads were stopped: 0.0016980 seconds, Stopping threads took: 0.0000830 seconds
234.722: Application time: 0.0550580 seconds
234.722: [GC234.722: [ParNew: 37549K->4124K(37568K), 0.0020010 secs] 202015K->170639K(498504K), 0.0020410 secs] [Times: user=0.01 sys=0.00, real=0.00 secs] 
234.724: Total time for which application threads were stopped: 0.0021950 seconds, Stopping threads took: 0.0000890 seconds
234.785: Application time: 0.0610720 seconds
234.785: [GC234.785: [ParNew: 37273K->4158K(37568K), 0.0022990 secs] 203788K->173753K(498504K), 0.0023380 secs] [Times: user=0.02 sys=0.00, real=0.00 secs] 
234.788: Total time for which application threads were stopped: 0.0024730 seconds, Stopping threads took: 0.0000700 seconds
234.847: Application time: 0.0591200 seconds
234.847: [GC234.847: [ParNew: 37501K->4158K(37568K), 0.0024830 secs] 207096K->176942K(498504K), 0.0025270 secs] [Times: user=0.02 sys=0.00, real=0.00 secs] 
234.849: Total time for which application threads were stopped: 0.0027090 seconds, Stopping threads took: 0.0000890 seconds
234.907: Application time: 0.0579920 seconds
234.908: [GC234.908: [ParNew: 36927K->4132K(37568K), 0.0020230 secs] 209711K->179010K(498504K), 0.0020650 secs] [Times: user=0.02 sys=0.00, real=0.00 secs] 
234.910: Total time for which application threads were stopped: 0.0022310 seconds, Stopping threads took: 0.0000990 seconds
234.973: Application time: 0.0632460 seconds
234.973: [GC234.973: [ParNew: 37182K->4141K(37568K), 0.0019940 secs] 212059K->181067K(498504K), 0.0020340 secs] [Times: user=0.01 sys=0.00, real=0.00 secs] 
234.975: Total time for which application threads were stopped: 0.0021620 seconds, Stopping threads took: 0.0000580 seconds
235.035: Application time: 0.0603670 seconds
235.036: [GC235.036: [ParNew: 37083K->4144K(37568K), 0.0021410 secs] 214009K->183146K(498504K), 0.0021840 secs] [Times: user=0.02 sys=0.00, real=0.01 secs] 
235.038: Total time for which application threads were stopped: 0.0023170 seconds, Stopping threads took: 0.0000650 seconds
235.098: Application time: 0.0606810 seconds
235.099: [GC235.099: [ParNew: 36890K->4134K(37568K), 0.0015130 secs] 215893K->183165K(498504K), 0.0015490 secs] [Times: user=0.02 sys=0.00, real=0.00 secs] 
235.100: Total time for which application threads were stopped: 0.0016840 seconds, Stopping threads took: 0.0000690 seconds
235.163: Application time: 0.0626820 seconds
235.163: [GC235.163: [ParNew: 37052K->4148K(37568K), 0.0013150 secs] 216083K->183179K(498504K), 0.0013500 secs] [Times: user=0.01 sys=0.00, real=0.00 secs] 
235.164: Total time for which application threads were stopped: 0.0014680 seconds, Stopping threads took: 0.0000550 seconds
235.219: Application time: 0.0550530 seconds
235.219: [GC235.219: [ParNew: 37286K->4114K(37568K), 0.0017580 secs] 216316K->184169K(498504K), 0.0017980 secs] [Times: user=0.01 sys=0.00, real=0.00 secs] 
235.221: Total time for which application threads were stopped: 0.0019510 seconds, Stopping threads took: 0.0000870 seconds
235.280: Application time: 0.0587640 seconds
235.280: [GC235.280: [ParNew: 36955K->4116K(37568K), 0.0024430 secs] 217010K->187243K(498504K), 0.0024900 secs] [Times: user=0.01 sys=0.01, real=0.00 secs] 
235.283: Total time for which application threads were stopped: 0.0026240 seconds, Stopping threads took: 0.0000650 seconds
235.343: Application time: 0.0604150 seconds
235.343: [GC235.343: [ParNew: 36864K->4158K(37568K), 0.0014160 secs] 219991K->187286K(498504K), 0.0014570 secs] [Times: user=0.01 sys=0.00, real=0.01 secs] 
235.345: Total time for which application threads were stopped: 0.0015910 seconds, Stopping threads took: 0.0000670 seconds
235.402: Application time: 0.0573020 seconds
235.402: [GC235.402: [ParNew: 36726K->3124K(37568K), 0.0011320 secs] 219855K->186252K(498504K), 0.0011700 secs] [Times: user=0.01 sys=0.00, real=0.00 secs] 
235.403: Total time for which application threads were stopped: 0.0013020 seconds, Stopping threads took: 0.0000650 seconds
235.459: Application time: 0.0553260 seconds
235.459: [GC235.459: [ParNew: 35908K->4140K(37568K), 0.0023420 secs] 219036K->190369K(498504K), 0.0023850 secs] [Times: user=0.01 sys=0.00, real=0.00 secs] 
235.461: Total time for which application threads were stopped: 0.0025240 seconds, Stopping threads took: 0.0000690 seconds
235.524: Application time: 0.0627800 seconds
235.524: [GC235.524: [ParNew: 37548K->4158K(37568K), 0.0023720 secs] 223777K->193573K(498504K), 0.0024150 secs] [Times: user=0.01 sys=0.00, real=0.01 secs] 
235.526: Total time for which application threads were stopped: 0.0025470 seconds, Stopping threads took: 0.0000660 seconds
235.582: Application time: 0.0553430 seconds
235.582: [GC235.582: [ParNew: 36816K->4112K(37568K), 0.0019600 secs] 226231K->194581K(498504K), 0.0019990 secs] [Times: user=0.01 sys=0.00, real=0.00 secs] 
235.584: Total time for which application threads were stopped: 0.0021370 seconds, Stopping threads took: 0.0000680 seconds
235.648: Application time: 0.0642800 seconds
235.648: [GC235.648: [ParNew: 37217K->4147K(37568K), 0.0016440 secs] 227686K->194616K(498504K), 0.0016830 secs] [Times: user=0.01 sys=0.00, real=0.00 secs] 
235.650: Total time for which application threads were stopped: 0.0018210 seconds, Stopping threads took: 0.0000660 seconds
235.709: Application time: 0.0586830 seconds
235.709: [GC235.709: [ParNew: 37080K->4141K(37568K), 0.0023700 secs] 227549K->197710K(498504K), 0.0024090 secs] [Times: user=0.02 sys=0.00, real=0.00 secs] 
235.711: Total time for which application threads were stopped: 0.0025420 seconds, Stopping threads took: 0.0000650 seconds
235.773: Application time: 0.0621030 seconds
235.773: [GC235.773: [ParNew: 36994K->4131K(37568K), 0.0014360 secs] 230564K->197729K(498504K), 0.0014730 secs] [Times: user=0.01 sys=0.00, real=0.00 secs] 
235.775: Total time for which application threads were stopped: 0.0016140 seconds, Stopping threads took: 0.0000740 seconds
235.835: Application time: 0.0597500 seconds
235.835: [GC235.835: [ParNew: 36547K->3112K(37568K), 0.0010460 secs] 230145K->196710K(498504K), 0.0010770 secs] [Times: user=0.01 sys=0.00, real=0.00 secs] 
235.836: Total time for which application threads were stopped: 0.0011990 seconds, Stopping threads took: 0.0000640 seconds
235.891: Application time: 0.0549820 seconds
235.891: [GC235.891: [ParNew: 35572K->4112K(37568K), 0.0022910 secs] 229170K->200782K(498504K), 0.0023350 secs] [Times: user=0.02 sys=0.00, real=0.00 secs] 
235.893: Total time for which application threads were stopped: 0.0024660 seconds, Stopping threads took: 0.0000620 seconds
235.952: Application time: 0.0581500 seconds
235.952: [GC235.952: [ParNew: 36952K->4112K(37568K), 0.0023840 secs] 233622K->203854K(498504K), 0.0024270 secs] [Times: user=0.02 sys=0.00, real=0.00 secs] 
235.954: Total time for which application threads were stopped: 0.0025850 seconds, Stopping threads took: 0.0000800 seconds
236.012: Application time: 0.0581140 seconds
236.012: [GC236.012: [ParNew: 36743K->4158K(37568K), 0.0015340 secs] 236485K->203903K(498504K), 0.0015730 secs] [Times: user=0.01 sys=0.00, real=0.00 secs] 
236.014: Total time for which application threads were stopped: 0.0017430 seconds, Stopping threads took: 0.0001030 seconds
236.077: Application time: 0.0628600 seconds
236.077: [GC236.077: [ParNew: 37131K->2117K(37568K), 0.0009640 secs] 236876K->201861K(498504K), 0.0009970 secs] [Times: user=0.01 sys=0.00, real=0.00 secs] 
236.078: Total time for which application threads were stopped: 0.0011240 seconds, Stopping threads took: 0.0000660 seconds
236.132: Application time: 0.0536690 seconds
236.132: [GC236.132: [ParNew: 34715K->4140K(37568K), 0.0023950 secs] 234459K->206985K(498504K), 0.0024370 secs] [Times: user=0.02 sys=0.00, real=0.00 secs] 
236.134: Total time for which application threads were stopped: 0.0025840 seconds, Stopping threads took: 0.0000810 seconds
236.196: Application time: 0.0620150 seconds
236.196: [GC236.196: [ParNew: 37548K->4158K(37568K), 0.0026860 secs] 240393K->211196K(498504K), 0.0027380 secs] [Times: user=0.02 sys=0.00, real=0.00 secs] 
236.199: Total time for which application threads were stopped: 0.0029220 seconds, Stopping threads took: 0.0001140 seconds
236.206: Application time: 0.0070940 seconds
236.206: [GC [1 CMS-initial-mark: 207038K(460936K)] 215438K(498504K), 0.0001980 secs] [Times: user=0.00 sys=0.00, real=0.00 secs] 
236.207: Total time for which application threads were stopped: 0.0002820 seconds, Stopping threads took: 0.0000580 seconds
236.207: [CMS-concurrent-mark-start]
236.210: [CMS-concurrent-mark: 0.004/0.004 secs] [Times: user=0.02 sys=0.00, real=0.00 secs] 
236.210: [CMS-concurrent-preclean-start]
236.211: [CMS-concurrent-preclean: 0.001/0.001 secs] [Times: user=0.00 sys=0.00, real=0.00 secs] 
236.211: [CMS-concurrent-abortable-preclean-start]
236.260: Application time: 0.0539140 seconds
236.261: [GC236.261: [ParNew: 36943K->4132K(37568K), 0.0021490 secs] 243981K->213264K(498504K), 0.0021910 secs] [Times: user=0.01 sys=0.00, real=0.00 secs] 
236.263: Total time for which application threads were stopped: 0.0023230 seconds, Stopping threads took: 0.0000640 seconds
236.324: Application time: 0.0608820 seconds
236.324: [GC236.324: [ParNew: 37031K->4158K(37568K), 0.0015110 secs] 246163K->213310K(498504K), 0.0015500 secs] [Times: user=0.01 sys=0.00, real=0.01 secs] 
236.325: Total time for which application threads were stopped: 0.0016970 seconds, Stopping threads took: 0.0000800 seconds
236.386: Application time: 0.0605370 seconds
236.386: [GC236.386: [ParNew: 36923K->4159K(37568K), 0.0013810 secs] 246076K->213329K(498504K), 0.0014190 secs] [Times: user=0.01 sys=0.00, real=0.00 secs] 
236.387: Total time for which application threads were stopped: 0.0015680 seconds, Stopping threads took: 0.0000830 seconds
236.446: Application time: 0.0586500 seconds
236.446: [GC236.446: [ParNew: 36730K->4132K(37568K), 0.0017040 secs] 245899K->214346K(498504K), 0.0017420 secs] [Times: user=0.01 sys=0.00, real=0.00 secs] 
236.448: Total time for which application threads were stopped: 0.0018720 seconds, Stopping threads took: 0.0000680 seconds
236.503: Application time: 0.0546590 seconds
236.503: [GC236.503: [ParNew: 36616K->4113K(37568K), 0.0020940 secs] 246830K->216375K(498504K), 0.0021400 secs] [Times: user=0.01 sys=0.00, real=0.01 secs] 
236.505: Total time for which application threads were stopped: 0.0023110 seconds, Stopping threads took: 0.0000940 seconds
236.566: Application time: 0.0609860 seconds
236.566: [GC236.566: [ParNew: 37030K->4119K(37568K), 0.0017310 secs] 249292K->217404K(498504K), 0.0017720 secs] [Times: user=0.01 sys=0.00, real=0.00 secs] 
236.568: Total time for which application threads were stopped: 0.0019110 seconds, Stopping threads took: 0.0000750 seconds
236.626: Application time: 0.0580220 seconds
236.626: [GC236.626: [ParNew: 36765K->4115K(37568K), 0.0020930 secs] 250051K->219449K(498504K), 0.0021330 secs] [Times: user=0.01 sys=0.00, real=0.00 secs] 
236.628: Total time for which application threads were stopped: 0.0022960 seconds, Stopping threads took: 0.0000960 seconds
236.689: Application time: 0.0606040 seconds
236.692: [GC236.692: [ParNew: 36968K->4128K(37568K), 0.0022110 secs] 252302K->221510K(498504K), 0.0022540 secs] [Times: user=0.02 sys=0.00, real=0.00 secs] 
236.695: Total time for which application threads were stopped: 0.0059060 seconds, Stopping threads took: 0.0035830 seconds
236.751: Application time: 0.0567160 seconds
236.752: [GC236.752: [ParNew: 36685K->4148K(37568K), 0.0018680 secs] 254067K->222554K(498504K), 0.0019080 secs] [Times: user=0.02 sys=0.00, real=0.00 secs] 
236.753: Total time for which application threads were stopped: 0.0020410 seconds, Stopping threads took: 0.0000670 seconds
236.815: Application time: 0.0612360 seconds
236.815: [GC236.815: [ParNew: 37173K->4140K(37568K), 0.0020940 secs] 255579K->224623K(498504K), 0.0021360 secs] [Times: user=0.02 sys=0.00, real=0.01 secs] 
236.817: Total time for which application threads were stopped: 0.0022670 seconds, Stopping threads took: 0.0000540 seconds
236.875: Application time: 0.0578490 seconds
236.875: [GC236.875: [ParNew: 37413K->4152K(37568K), 0.0025140 secs] 257896K->227808K(498504K), 0.0025590 secs] [Times: user=0.02 sys=0.00, real=0.01 secs] 
236.878: Total time for which application threads were stopped: 0.0027310 seconds, Stopping threads took: 0.0001010 seconds
236.937: Application time: 0.0598830 seconds
236.938: [GC236.938: [ParNew: 37020K->4132K(37568K), 0.0023060 secs] 260675K->229877K(498504K), 0.0023460 secs] [Times: user=0.02 sys=0.00, real=0.00 secs] 
236.940: Total time for which application threads were stopped: 0.0025130 seconds, Stopping threads took: 0.0000980 seconds
237.003: Application time: 0.0635430 seconds
237.004: [GC237.004: [ParNew: 37073K->4148K(37568K), 0.0017460 secs] 262818K->230933K(498504K), 0.0017790 secs] [Times: user=0.01 sys=0.00, real=0.01 secs] 
237.005: Total time for which application threads were stopped: 0.0019520 seconds, Stopping threads took: 0.0001020 seconds
237.066: Application time: 0.0606980 seconds
237.066: [GC237.066: [ParNew: 36997K->4159K(37568K), 0.0016960 secs] 263783K->231984K(498504K), 0.0017350 secs] [Times: user=0.01 sys=0.00, real=0.00 secs] 
237.068: Total time for which application threads were stopped: 0.0018750 seconds, Stopping threads took: 0.0000740 seconds
237.127: Application time: 0.0585830 seconds
237.128: [GC237.128: [ParNew: 36614K->4121K(37568K), 0.0014840 secs] 264439K->231974K(498504K), 0.0015190 secs] [Times: user=0.01 sys=0.00, real=0.00 secs] 
237.130: Total time for which application threads were stopped: 0.0033440 seconds, Stopping threads took: 0.0017640 seconds
237.188: Application time: 0.0579450 seconds
237.188: [GC237.188: [ParNew: 36848K->4114K(37568K), 0.0019980 secs] 264702K->234015K(498504K), 0.0020410 secs] [Times: user=0.02 sys=0.00, real=0.00 secs] 
237.190: Total time for which application threads were stopped: 0.0021660 seconds, Stopping threads took: 0.0000560 seconds
237.248: Application time: 0.0581660 seconds
237.248: [GC237.248: [ParNew: 36703K->4142K(37568K), 0.0016740 secs] 266605K->235067K(498504K), 0.0017120 secs] [Times: user=0.01 sys=0.00, real=0.00 secs] 
237.250: Total time for which application threads were stopped: 0.0018760 seconds, Stopping threads took: 0.0000970 seconds
237.310: Application time: 0.0602960 seconds
237.311: [GC237.311: [ParNew: 36895K->3114K(37568K), 0.0011760 secs] 267820K->234040K(498504K), 0.0012100 secs] [Times: user=0.01 sys=0.00, real=0.00 secs] 
237.312: Total time for which application threads were stopped: 0.0013850 seconds, Stopping threads took: 0.0001140 seconds
237.369: Application time: 0.0568670 seconds
237.369: [GC237.369: [ParNew: 35604K->4116K(37568K), 0.0017140 secs] 266529K->236065K(498504K), 0.0017530 secs] [Times: user=0.02 sys=0.00, real=0.00 secs] 
237.371: Total time for which application threads were stopped: 0.0019850 seconds, Stopping threads took: 0.0001680 seconds
237.426: Application time: 0.0548890 seconds
237.426: [GC237.426: [ParNew: 36794K->4112K(37568K), 0.0024140 secs] 268743K->239133K(498504K), 0.0024600 secs] [Times: user=0.02 sys=0.00, real=0.00 secs] 
237.428: Total time for which application threads were stopped: 0.0025970 seconds, Stopping threads took: 0.0000650 seconds
237.492: Application time: 0.0637520 seconds
237.492: [GC237.492: [ParNew: 37342K->4152K(37568K), 0.0024040 secs] 272363K->242261K(498504K), 0.0024480 secs] [Times: user=0.01 sys=0.00, real=0.00 secs] 
237.494: Total time for which application threads were stopped: 0.0025940 seconds, Stopping threads took: 0.0000780 seconds
237.553: Application time: 0.0584390 seconds
237.553: [GC237.553: [ParNew: 37423K->4159K(37568K), 0.0024330 secs] 275532K->245450K(498504K), 0.0024710 secs] [Times: user=0.02 sys=0.00, real=0.00 secs] 
237.556: Total time for which application threads were stopped: 0.0027090 seconds, Stopping threads took: 0.0001610 seconds
237.617: Application time: 0.0608840 seconds
237.617: [GC237.617: [ParNew: 36852K->4129K(37568K), 0.0015140 secs] 278142K->245466K(498504K), 0.0015580 secs] [Times: user=0.01 sys=0.00, real=0.00 secs] 
237.618: Total time for which application threads were stopped: 0.0017110 seconds, Stopping threads took: 0.0000870 seconds
237.681: Application time: 0.0627770 seconds
237.681: [GC237.681: [ParNew: 36971K->3157K(37568K), 0.0012810 secs] 278308K->244494K(498504K), 0.0013110 secs] [Times: user=0.01 sys=0.00, real=0.00 secs] 
237.682: Total time for which application threads were stopped: 0.0014190 seconds, Stopping threads took: 0.0000510 seconds
237.737: Application time: 0.0546000 seconds
237.737: [GC237.737: [ParNew: 35761K->4156K(37568K), 0.0020420 secs] 277098K->247569K(498504K), 0.0020820 secs] [Times: user=0.02 sys=0.00, real=0.00 secs] 
237.739: Total time for which application threads were stopped: 0.0022140 seconds, Stopping threads took: 0.0000630 seconds
237.802: Application time: 0.0629440 seconds
237.802: [GC237.802: [ParNew: 37103K->4130K(37568K), 0.0020730 secs] 280516K->249619K(498504K), 0.0021120 secs] [Times: user=0.02 sys=0.00, real=0.01 secs] 
237.804: Total time for which application threads were stopped: 0.0022300 seconds, Stopping threads took: 0.0000550 seconds
237.860: Application time: 0.0557250 seconds
237.860: [GC237.860: [ParNew: 36783K->4117K(37568K), 0.0017380 secs] 282273K->250631K(498504K), 0.0017780 secs] [Times: user=0.01 sys=0.00, real=0.00 secs] 
237.862: Total time for which application threads were stopped: 0.0019640 seconds, Stopping threads took: 0.0001090 seconds
237.925: Application time: 0.0625660 seconds
237.925: [GC237.925: [ParNew: 37061K->4130K(37568K), 0.0019010 secs] 283575K->251668K(498504K), 0.0019420 secs] [Times: user=0.01 sys=0.00, real=0.00 secs] 
237.927: Total time for which application threads were stopped: 0.0020700 seconds, Stopping threads took: 0.0000620 seconds
237.985: Application time: 0.0578260 seconds
237.985: [GC237.985: [ParNew: 36720K->4132K(37568K), 0.0017340 secs] 284257K->252694K(498504K), 0.0017730 secs] [Times: user=0.01 sys=0.00, real=0.00 secs] 
237.987: Total time for which application threads were stopped: 0.0019040 seconds, Stopping threads took: 0.0000610 seconds
238.048: Application time: 0.0613760 seconds
238.048: [GC238.048: [ParNew: 36896K->4132K(37568K), 0.0015230 secs] 285458K->252694K(498504K), 0.0015580 secs] [Times: user=0.01 sys=0.00, real=0.00 secs] 
238.050: Total time for which application threads were stopped: 0.0017060 seconds, Stopping threads took: 0.0000850 seconds
238.110: Application time: 0.0601440 seconds
238.110: [GC238.110: [ParNew: 36959K->4159K(37568K), 0.0016350 secs] 285521K->253761K(498504K), 0.0016740 secs] [Times: user=0.01 sys=0.00, real=0.00 secs] 
238.112: Total time for which application threads were stopped: 0.0018200 seconds, Stopping threads took: 0.0000810 seconds
238.167: Application time: 0.0554890 seconds
238.167: [GC238.167: [ParNew: 36627K->4115K(37568K), 0.0021610 secs] 286229K->255806K(498504K), 0.0022040 secs] [Times: user=0.02 sys=0.00, real=0.00 secs] 
238.169: Total time for which application threads were stopped: 0.0023490 seconds, Stopping threads took: 0.0000760 seconds
238.230: Application time: 0.0610590 seconds
238.231: [GC238.231: [ParNew: 37305K->4158K(37568K), 0.0017430 secs] 288996K->256913K(498504K), 0.0017860 secs] [Times: user=0.01 sys=0.00, real=0.00 secs] 
238.232: Total time for which application threads were stopped: 0.0019060 seconds, Stopping threads took: 0.0000540 seconds
238.288: Application time: 0.0552550 seconds
238.288: [GC238.288: [ParNew: 36642K->4146K(37568K), 0.0020250 secs] 289397K->258995K(498504K), 0.0020660 secs] [Times: user=0.02 sys=0.00, real=0.00 secs] 
238.290: Total time for which application threads were stopped: 0.0022160 seconds, Stopping threads took: 0.0000840 seconds
238.351: Application time: 0.0610840 seconds
238.351: [GC238.351: [ParNew: 37042K->4130K(37568K), 0.0020240 secs] 291890K->261055K(498504K), 0.0020650 secs] [Times: user=0.02 sys=0.00, real=0.00 secs] 
238.353: Total time for which application threads were stopped: 0.0022040 seconds, Stopping threads took: 0.0000710 seconds
238.409: Application time: 0.0561170 seconds
238.409: [GC238.409: [ParNew: 37039K->4155K(37568K), 0.0020370 secs] 293964K->263144K(498504K), 0.0020880 secs] [Times: user=0.02 sys=0.00, real=0.00 secs] 
238.411: Total time for which application threads were stopped: 0.0022310 seconds, Stopping threads took: 0.0000690 seconds
238.471: Application time: 0.0592760 seconds
238.471: [GC238.471: [ParNew: 37021K->4112K(37568K), 0.0023580 secs] 296010K->266214K(498504K), 0.0024020 secs] [Times: user=0.02 sys=0.00, real=0.00 secs] 
238.473: Total time for which application threads were stopped: 0.0025600 seconds, Stopping threads took: 0.0000890 seconds
238.536: Application time: 0.0623780 seconds
238.536: [GC238.536: [ParNew: 37078K->4112K(37568K), 0.0020860 secs] 299180K->268263K(498504K), 0.0021250 secs] [Times: user=0.01 sys=0.00, real=0.01 secs] 
238.538: Total time for which application threads were stopped: 0.0022710 seconds, Stopping threads took: 0.0000800 seconds
238.601: Application time: 0.0625720 seconds
238.601: [GC238.601: [ParNew: 37125K->4112K(37568K), 0.0023310 secs] 301276K->271334K(498504K), 0.0023740 secs] [Times: user=0.02 sys=0.00, real=0.00 secs] 
238.603: Total time for which application threads were stopped: 0.0025400 seconds, Stopping threads took: 0.0001000 seconds
238.661: Application time: 0.0582150 seconds
238.662: [GC238.662: [ParNew: 36799K->4158K(37568K), 0.0015380 secs] 304022K->271381K(498504K), 0.0015750 secs] [Times: user=0.01 sys=0.00, real=0.00 secs] 
238.663: Total time for which application threads were stopped: 0.0018030 seconds, Stopping threads took: 0.0001540 seconds
238.725: Application time: 0.0621280 seconds
238.725: [GC238.725: [ParNew: 36862K->3107K(37568K), 0.0011720 secs] 304085K->270330K(498504K), 0.0012040 secs] [Times: user=0.00 sys=0.00, real=0.00 secs] 
238.727: Total time for which application threads were stopped: 0.0013510 seconds, Stopping threads took: 0.0000860 seconds
238.784: Application time: 0.0578770 seconds
238.785: [GC238.785: [ParNew: 36515K->4141K(37568K), 0.0016820 secs] 303738K->272388K(498504K), 0.0017170 secs] [Times: user=0.01 sys=0.00, real=0.00 secs] 
238.786: Total time for which application threads were stopped: 0.0018400 seconds, Stopping threads took: 0.0000600 seconds
238.845: Application time: 0.0584860 seconds
238.845: [GC238.845: [ParNew: 36966K->4146K(37568K), 0.0020240 secs] 305214K->274470K(498504K), 0.0020640 secs] [Times: user=0.01 sys=0.00, real=0.00 secs] 
238.847: Total time for which application threads were stopped: 0.0021990 seconds, Stopping threads took: 0.0000700 seconds
238.908: Application time: 0.0613420 seconds
238.908: [GC238.908: [ParNew: 37406K->4158K(37568K), 0.0018120 secs] 307730K->275623K(498504K), 0.0018500 secs] [Times: user=0.01 sys=0.00, real=0.00 secs] 
238.910: Total time for which application threads were stopped: 0.0019930 seconds, Stopping threads took: 0.0000780 seconds
238.969: Application time: 0.0583290 seconds
238.969: [GC238.969: [ParNew: 36729K->3112K(37568K), 0.0011520 secs] 308195K->274607K(498504K), 0.0011830 secs] [Times: user=0.00 sys=0.00, real=0.00 secs] 
238.970: Total time for which application threads were stopped: 0.0013210 seconds, Stopping threads took: 0.0000790 seconds
239.023: Application time: 0.0534210 seconds
239.024: [GC239.024: [ParNew: 35504K->4112K(37568K), 0.0023910 secs] 306999K->278679K(498504K), 0.0024320 secs] [Times: user=0.02 sys=0.00, real=0.01 secs] 
239.026: Total time for which application threads were stopped: 0.0025660 seconds, Stopping threads took: 0.0000690 seconds
239.084: Application time: 0.0584270 seconds
239.085: [GC239.085: [ParNew: 37225K->4152K(37568K), 0.0023420 secs] 311792K->281807K(498504K), 0.0023850 secs] [Times: user=0.02 sys=0.00, real=0.00 secs] 
239.087: Total time for which application threads were stopped: 0.0025190 seconds, Stopping threads took: 0.0000660 seconds
239.148: Application time: 0.0615550 seconds
239.149: [GC239.149: [ParNew: 37133K->4117K(37568K), 0.0020940 secs] 314788K->283861K(498504K), 0.0021360 secs] [Times: user=0.02 sys=0.00, real=0.00 secs] 
239.151: Total time for which application threads were stopped: 0.0022640 seconds, Stopping threads took: 0.0000590 seconds
239.212: Application time: 0.0614310 seconds
239.216: [GC239.216: [ParNew: 37072K->4110K(37568K), 0.0021130 secs] 316816K->285902K(498504K), 0.0021550 secs] [Times: user=0.01 sys=0.00, real=0.00 secs] 
239.219: Total time for which application threads were stopped: 0.0064030 seconds, Stopping threads took: 0.0041710 seconds
239.279: Application time: 0.0603360 seconds
239.279: [GC239.279: [ParNew: 37036K->4112K(37568K), 0.0023920 secs] 318828K->288976K(498504K), 0.0024370 secs] [Times: user=0.02 sys=0.00, real=0.00 secs] 
239.282: Total time for which application threads were stopped: 0.0026020 seconds, Stopping threads took: 0.0000960 seconds
239.346: Application time: 0.0642200 seconds
239.346: [GC239.346: [ParNew: 37101K->4133K(37568K), 0.0017590 secs] 321965K->290022K(498504K), 0.0017990 secs] [Times: user=0.01 sys=0.00, real=0.00 secs] 
239.348: Total time for which application threads were stopped: 0.0019570 seconds, Stopping threads took: 0.0000910 seconds
239.406: Application time: 0.0584320 seconds
239.406: [GC239.406: [ParNew: 37541K->4152K(37568K), 0.0014850 secs] 323430K->290041K(498504K), 0.0015240 secs] [Times: user=0.01 sys=0.00, real=0.00 secs] 
239.408: Total time for which application threads were stopped: 0.0016560 seconds, Stopping threads took: 0.0000630 seconds
239.469: Application time: 0.0613200 seconds
239.469: [GC239.469: [ParNew: 36969K->4158K(37568K), 0.0014040 secs] 322858K->290052K(498504K), 0.0014430 secs] [Times: user=0.01 sys=0.00, real=0.00 secs] 
239.471: Total time for which application threads were stopped: 0.0015690 seconds, Stopping threads took: 0.0000610 seconds
239.531: Application time: 0.0602310 seconds
239.531: [GC239.531: [ParNew: 37132K->4159K(37568K), 0.0016020 secs] 323026K->290110K(498504K), 0.0016390 secs] [Times: user=0.01 sys=0.00, real=0.00 secs] 
239.533: Total time for which application threads were stopped: 0.0017670 seconds, Stopping threads took: 0.0000640 seconds
239.591: Application time: 0.0578120 seconds
239.591: [GC239.591: [ParNew: 36904K->4158K(37568K), 0.0017400 secs] 322855K->291216K(498504K), 0.0017810 secs] [Times: user=0.01 sys=0.00, real=0.00 secs] 
239.592: Total time for which application threads were stopped: 0.0019290 seconds, Stopping threads took: 0.0000810 seconds
239.648: Application time: 0.0558150 seconds
239.648: [GC239.648: [ParNew: 36621K->4133K(37568K), 0.0014610 secs] 323680K->291225K(498504K), 0.0015000 secs] [Times: user=0.01 sys=0.00, real=0.00 secs] 
239.650: Total time for which application threads were stopped: 0.0016280 seconds, Stopping threads took: 0.0000640 seconds
239.707: Application time: 0.0569060 seconds
239.707: [GC239.707: [ParNew: 36749K->4113K(37568K), 0.0019670 secs] 323841K->293252K(498504K), 0.0020050 secs] [Times: user=0.01 sys=0.00, real=0.00 secs] 
239.709: Total time for which application threads were stopped: 0.0021370 seconds, Stopping threads took: 0.0000660 seconds
239.767: Application time: 0.0577200 seconds
239.767: [GC239.767: [ParNew: 37154K->4152K(37568K), 0.0022980 secs] 326294K->296379K(498504K), 0.0023430 secs] [Times: user=0.02 sys=0.00, real=0.00 secs] 
239.769: Total time for which application threads were stopped: 0.0024880 seconds, Stopping threads took: 0.0000690 seconds
239.830: Application time: 0.0611040 seconds
239.830: [GC239.830: [ParNew: 37134K->4114K(37568K), 0.0024040 secs] 329361K->299454K(498504K), 0.0024420 secs] [Times: user=0.01 sys=0.00, real=0.00 secs] 
239.833: Total time for which application threads were stopped: 0.0025770 seconds, Stopping threads took: 0.0000670 seconds
239.893: Application time: 0.0601800 seconds
239.893: [GC239.893: [ParNew: 37050K->4114K(37568K), 0.0023590 secs] 332391K->302526K(498504K), 0.0023980 secs] [Times: user=0.02 sys=0.00, real=0.00 secs] 
239.896: Total time for which application threads were stopped: 0.0025280 seconds, Stopping threads took: 0.0000640 seconds
239.954: Application time: 0.0580930 seconds
239.954: [GC239.954: [ParNew: 36889K->4130K(37568K), 0.0021340 secs] 335302K->304590K(498504K), 0.0021840 secs] [Times: user=0.01 sys=0.00, real=0.00 secs] 
239.956: Total time for which application threads were stopped: 0.0023300 seconds, Stopping threads took: 0.0000790 seconds
240.021: Application time: 0.0649770 seconds
240.021: [GC240.021: [ParNew: 37201K->4132K(37568K), 0.0018450 secs] 337662K->305616K(498504K), 0.0018850 secs] [Times: user=0.01 sys=0.00, real=0.00 secs] 
240.023: Total time for which application threads were stopped: 0.0020420 seconds, Stopping threads took: 0.0000890 seconds
240.083: Application time: 0.0603090 seconds
240.084: [GC240.084: [ParNew: 36876K->4116K(37568K), 0.0017580 secs] 338361K->306625K(498504K), 0.0017970 secs] [Times: user=0.01 sys=0.00, real=0.00 secs] 
240.086: Total time for which application threads were stopped: 0.0029460 seconds, Stopping threads took: 0.0010810 seconds
240.147: Application time: 0.0605480 seconds
240.147: [GC240.147: [ParNew: 36900K->3169K(37568K), 0.0012750 secs] 339409K->305678K(498504K), 0.0013110 secs] [Times: user=0.01 sys=0.00, real=0.00 secs] 
240.148: Total time for which application threads were stopped: 0.0014560 seconds, Stopping threads took: 0.0000820 seconds
240.209: Application time: 0.0612150 seconds
240.210: [GC240.210: [ParNew: 35999K->3189K(37568K), 0.0012730 secs] 338508K->305755K(498504K), 0.0013110 secs] [Times: user=0.01 sys=0.00, real=0.00 secs] 
240.211: Total time for which application threads were stopped: 0.0014560 seconds, Stopping threads took: 0.0000810 seconds
240.265: Application time: 0.0545720 seconds
240.266: [GC240.266: [ParNew: 36458K->4158K(37568K), 0.0017610 secs] 339024K->307808K(498504K), 0.0018000 secs] [Times: user=0.01 sys=0.00, real=0.00 secs] 
240.267: Total time for which application threads were stopped: 0.0019260 seconds, Stopping threads took: 0.0000610 seconds
240.325: Application time: 0.0575700 seconds
240.325: [GC240.325: [ParNew: 37004K->4144K(37568K), 0.0017960 secs] 340654K->308843K(498504K), 0.0025700 secs] [Times: user=0.01 sys=0.00, real=0.00 secs] 
240.328: Total time for which application threads were stopped: 0.0027020 seconds, Stopping threads took: 0.0000540 seconds
240.382: Application time: 0.0541310 seconds
240.382: [GC240.382: [ParNew: 36727K->4120K(37568K), 0.0019890 secs] 341426K->310896K(498504K), 0.0020320 secs] [Times: user=0.01 sys=0.00, real=0.00 secs] 
240.384: Total time for which application threads were stopped: 0.0022610 seconds, Stopping threads took: 0.0001620 seconds
240.446: Application time: 0.0623990 seconds
240.447: [GC240.447: [ParNew: 37249K->4156K(37568K), 0.0020450 secs] 344025K->312996K(498504K), 0.0020860 secs] [Times: user=0.02 sys=0.00, real=0.00 secs] 
240.449: Total time for which application threads were stopped: 0.0022090 seconds, Stopping threads took: 0.0000590 seconds
240.508: Application time: 0.0590720 seconds
240.508: [GC240.508: [ParNew: 37086K->4113K(37568K), 0.0022880 secs] 345926K->316066K(498504K), 0.0023320 secs] [Times: user=0.01 sys=0.00, real=0.00 secs] 
240.510: Total time for which application threads were stopped: 0.0025030 seconds, Stopping threads took: 0.0001040 seconds
240.570: Application time: 0.0595830 seconds
240.570: [GC240.570: [ParNew: 37034K->4116K(37568K), 0.0023010 secs] 348987K->319141K(498504K), 0.0023460 secs] [Times: user=0.02 sys=0.00, real=0.00 secs] 
240.572: Total time for which application threads were stopped: 0.0025160 seconds, Stopping threads took: 0.0001010 seconds
240.634: Application time: 0.0612580 seconds
240.634: [GC240.634: [ParNew: 37039K->4112K(37568K), 0.0019990 secs] 352064K->321186K(498504K), 0.0020400 secs] [Times: user=0.02 sys=0.00, real=0.00 secs] 
240.636: Total time for which application threads were stopped: 0.0022150 seconds, Stopping threads took: 0.0001090 seconds
240.698: Application time: 0.0620920 seconds
240.698: [GC240.698: [ParNew: 36847K->4117K(37568K), 0.0016690 secs] 353920K->322215K(498504K), 0.0017140 secs] [Times: user=0.01 sys=0.00, real=0.00 secs] 
240.700: Total time for which application threads were stopped: 0.0018600 seconds, Stopping threads took: 0.0000810 seconds
240.760: Application time: 0.0597140 seconds
240.760: [GC240.760: [ParNew: 36844K->4125K(37568K), 0.0015140 secs] 354941K->322222K(498504K), 0.0015510 secs] [Times: user=0.01 sys=0.00, real=0.00 secs] 
240.761: Total time for which application threads were stopped: 0.0017020 seconds, Stopping threads took: 0.0000870 seconds
240.822: Application time: 0.0610050 seconds
240.822: [GC240.822: [ParNew: 36969K->4159K(37568K), 0.0015510 secs] 355066K->322256K(498504K), 0.0015900 secs] [Times: user=0.01 sys=0.00, real=0.00 secs] 
240.824: Total time for which application threads were stopped: 0.0017350 seconds, Stopping threads took: 0.0000800 seconds
240.885: Application time: 0.0612640 seconds
240.885: [GC240.885: [ParNew: 37147K->4158K(37568K), 0.0015200 secs] 355244K->322333K(498504K), 0.0015570 secs] [Times: user=0.01 sys=0.00, real=0.00 secs] 
240.887: Total time for which application threads were stopped: 0.0017150 seconds, Stopping threads took: 0.0000830 seconds
240.942: Application time: 0.0545610 seconds
240.942: [GC240.942: [ParNew: 37566K->4159K(37568K), 0.0018090 secs] 355741K->323428K(498504K), 0.0018500 secs] [Times: user=0.01 sys=0.00, real=0.00 secs] 
240.944: Total time for which application threads were stopped: 0.0019730 seconds, Stopping threads took: 0.0000550 seconds
241.004: Application time: 0.0602510 seconds
241.004: [GC241.004: [ParNew: 36886K->4121K(37568K), 0.0016710 secs] 356154K->324439K(498504K), 0.0017130 secs] [Times: user=0.01 sys=0.00, real=0.01 secs] 
241.006: Total time for which application threads were stopped: 0.0018510 seconds, Stopping threads took: 0.0000730 seconds
241.060: Application time: 0.0548840 seconds
241.061: [GC241.061: [ParNew: 36711K->4117K(37568K), 0.0016860 secs] 357030K->325459K(498504K), 0.0017250 secs] [Times: user=0.01 sys=0.00, real=0.00 secs] 
241.062: Total time for which application threads were stopped: 0.0018410 seconds, Stopping threads took: 0.0000530 seconds
241.121: Application time: 0.0584710 seconds
241.121: [GC241.121: [ParNew: 37235K->4153K(37568K), 0.0021350 secs] 358577K->328583K(498504K), 0.0021770 secs] [Times: user=0.01 sys=0.00, real=0.00 secs] 
241.123: Total time for which application threads were stopped: 0.0023270 seconds, Stopping threads took: 0.0000830 seconds
241.183: Application time: 0.0596300 seconds
241.183: [GC241.183: [ParNew: 37095K->4112K(37568K), 0.0023710 secs] 361525K->331655K(498504K), 0.0024170 secs] [Times: user=0.02 sys=0.00, real=0.01 secs] 
241.185: Total time for which application threads were stopped: 0.0025560 seconds, Stopping threads took: 0.0000690 seconds
241.248: Application time: 0.0622230 seconds
241.248: [GC241.248: [ParNew: 37102K->4114K(37568K), 0.0023490 secs] 364645K->334729K(498504K), 0.0023900 secs] [Times: user=0.02 sys=0.00, real=0.00 secs] 
241.250: Total time for which application threads were stopped: 0.0025370 seconds, Stopping threads took: 0.0000820 seconds
 CMS: abort preclean due to time 241.251: [CMS-concurrent-abortable-preclean: 0.079/5.040 secs] [Times: user=39.70 sys=0.07, real=5.04 secs] 
241.252: Application time: 0.0022410 seconds
241.253: [GC[YG occupancy: 7233 K (37568 K)]241.253: [Rescan (parallel) , 0.0002290 secs]241.253: [weak refs processing, 0.0000060 secs]241.253: [scrub string table, 0.0001170 secs] [1 CMS-remark: 330615K(460936K)] 337849K(498504K), 0.0003800 secs] [Times: user=0.00 sys=0.00, real=0.00 secs] 
241.253: Total time for which application threads were stopped: 0.0005970 seconds, Stopping threads took: 0.0001900 seconds
241.253: [CMS-concurrent-sweep-start]
241.254: [CMS-concurrent-sweep: 0.001/0.001 secs] [Times: user=0.00 sys=0.00, real=0.00 secs] 
241.254: [CMS-concurrent-reset-start]
241.257: [CMS-concurrent-reset: 0.002/0.002 secs] [Times: user=0.02 sys=0.00, real=0.01 secs] 
241.312: Application time: 0.0587460 seconds
241.312: [GC241.312: [ParNew: 36971K->4126K(37568K), 0.0021110 secs] 166238K->135441K(498504K), 0.0021550 secs] [Times: user=0.02 sys=0.00, real=0.00 secs] 
241.314: Total time for which application threads were stopped: 0.0022860 seconds, Stopping threads took: 0.0000660 seconds
241.374: Application time: 0.0597380 seconds
241.374: [GC241.374: [ParNew: 36886K->4133K(37568K), 0.0017110 secs] 168201K->136472K(498504K), 0.0017520 secs] [Times: user=0.02 sys=0.00, real=0.00 secs] 
241.376: Total time for which application threads were stopped: 0.0019230 seconds, Stopping threads took: 0.0001030 seconds
241.437: Application time: 0.0608930 seconds
241.437: [GC241.437: [ParNew: 36878K->4120K(37568K), 0.0017430 secs] 169217K->137483K(498504K), 0.0017860 secs] [Times: user=0.02 sys=0.00, real=0.00 secs] 
241.438: Total time for which application threads were stopped: 0.0019490 seconds, Stopping threads took: 0.0000850 seconds
241.499: Application time: 0.0609020 seconds
241.500: [GC241.500: [ParNew: 37002K->4145K(37568K), 0.0014600 secs] 170365K->137524K(498504K), 0.0015040 secs] [Times: user=0.01 sys=0.00, real=0.00 secs] 
241.501: Total time for which application threads were stopped: 0.0016640 seconds, Stopping threads took: 0.0000910 seconds
241.562: Application time: 0.0611340 seconds
241.562: [GC241.562: [ParNew: 37127K->3199K(37568K), 0.0013760 secs] 170506K->136591K(498504K), 0.0014110 secs] [Times: user=0.01 sys=0.00, real=0.00 secs] 
241.564: Total time for which application threads were stopped: 0.0015420 seconds, Stopping threads took: 0.0000680 seconds
241.620: Application time: 0.0564420 seconds
241.620: [GC241.620: [ParNew: 36605K->4158K(37568K), 0.0015700 secs] 169997K->137637K(498504K), 0.0016100 secs] [Times: user=0.01 sys=0.00, real=0.00 secs] 
241.622: Total time for which application threads were stopped: 0.0017640 seconds, Stopping threads took: 0.0000840 seconds
241.680: Application time: 0.0582990 seconds
241.680: [GC241.680: [ParNew: 36891K->4144K(37568K), 0.0017850 secs] 170370K->138695K(498504K), 0.0018250 secs] [Times: user=0.01 sys=0.00, real=0.00 secs] 
241.682: Total time for which application threads were stopped: 0.0019580 seconds, Stopping threads took: 0.0000700 seconds
241.735: Application time: 0.0531680 seconds
241.735: [GC241.735: [ParNew: 36650K->4117K(37568K), 0.0017460 secs] 171202K->139705K(498504K), 0.0017830 secs] [Times: user=0.02 sys=0.00, real=0.01 secs] 
241.737: Total time for which application threads were stopped: 0.0019090 seconds, Stopping threads took: 0.0000650 seconds
241.798: Application time: 0.0610480 seconds
241.798: [GC241.798: [ParNew: 37243K->4153K(37568K), 0.0019140 secs] 172831K->141805K(498504K), 0.0019550 secs] [Times: user=0.02 sys=0.00, real=0.00 secs] 
241.800: Total time for which application threads were stopped: 0.0020800 seconds, Stopping threads took: 0.0000600 seconds
241.857: Application time: 0.0567950 seconds
241.857: [GC241.857: [ParNew: 37018K->4112K(37568K), 0.0024260 secs] 174670K->144877K(498504K), 0.0024680 secs] [Times: user=0.02 sys=0.00, real=0.00 secs] 
241.860: Total time for which application threads were stopped: 0.0026330 seconds, Stopping threads took: 0.0000970 seconds
241.922: Application time: 0.0622980 seconds
241.922: [GC241.922: [ParNew: 37060K->4112K(37568K), 0.0020780 secs] 177825K->146926K(498504K), 0.0021220 secs] [Times: user=0.01 sys=0.01, real=0.01 secs] 
241.924: Total time for which application threads were stopped: 0.0022650 seconds, Stopping threads took: 0.0000710 seconds
241.988: Application time: 0.0638190 seconds
241.988: [GC241.988: [ParNew: 37114K->4143K(37568K), 0.0016100 secs] 179928K->146956K(498504K), 0.0016500 secs] [Times: user=0.01 sys=0.00, real=0.00 secs] 
241.990: Total time for which application threads were stopped: 0.0017890 seconds, Stopping threads took: 0.0000630 seconds
242.046: Application time: 0.0564710 seconds
242.047: [GC242.047: [ParNew: 36610K->4117K(37568K), 0.0016930 secs] 179423K->147954K(498504K), 0.0017320 secs] [Times: user=0.02 sys=0.00, real=0.00 secs] 
242.048: Total time for which application threads were stopped: 0.0018860 seconds, Stopping threads took: 0.0000880 seconds
242.110: Application time: 0.0616280 seconds
242.110: [GC242.110: [ParNew: 37014K->4118K(37568K), 0.0020710 secs] 180852K->150003K(498504K), 0.0021170 secs] [Times: user=0.01 sys=0.00, real=0.00 secs] 
242.112: Total time for which application threads were stopped: 0.0022470 seconds, Stopping threads took: 0.0000650 seconds
242.171: Application time: 0.0588840 seconds
242.171: [GC242.171: [ParNew: 37026K->4140K(37568K), 0.0020710 secs] 182912K->152074K(498504K), 0.0021140 secs] [Times: user=0.01 sys=0.00, real=0.00 secs] 
242.173: Total time for which application threads were stopped: 0.0023260 seconds, Stopping threads took: 0.0001410 seconds
242.237: Application time: 0.0636830 seconds
242.237: [GC242.237: [ParNew: 37327K->3217K(37568K), 0.0013830 secs] 185260K->151179K(498504K), 0.0014180 secs] [Times: user=0.01 sys=0.00, real=0.00 secs] 
242.239: Total time for which application threads were stopped: 0.0015840 seconds, Stopping threads took: 0.0001030 seconds
242.297: Application time: 0.0579580 seconds
242.297: [GC242.297: [ParNew: 36625K->3201K(37568K), 0.0011830 secs] 184587K->151220K(498504K), 0.0012170 secs] [Times: user=0.00 sys=0.00, real=0.00 secs] 
242.298: Total time for which application threads were stopped: 0.0013530 seconds, Stopping threads took: 0.0000740 seconds
242.353: Application time: 0.0546220 seconds
242.353: [GC242.353: [ParNew: 35681K->4112K(37568K), 0.0022920 secs] 183700K->155288K(498504K), 0.0023310 secs] [Times: user=0.02 sys=0.00, real=0.00 secs] 
242.355: Total time for which application threads were stopped: 0.0024540 seconds, Stopping threads took: 0.0000590 seconds
242.409: Application time: 0.0540790 seconds
242.409: [GC242.409: [ParNew: 36766K->4111K(37568K), 0.0017080 secs] 187942K->156311K(498504K), 0.0017430 secs] [Times: user=0.01 sys=0.00, real=0.00 secs] 
242.411: Total time for which application threads were stopped: 0.0019670 seconds, Stopping threads took: 0.0001560 seconds
242.475: Application time: 0.0637300 seconds
242.475: [GC242.475: [ParNew: 37296K->4156K(37568K), 0.0018550 secs] 189496K->157397K(498504K), 0.0018930 secs] [Times: user=0.01 sys=0.00, real=0.01 secs] 
242.477: Total time for which application threads were stopped: 0.0020180 seconds, Stopping threads took: 0.0000610 seconds
242.534: Application time: 0.0573950 seconds
242.534: [GC242.534: [ParNew: 36982K->4113K(37568K), 0.0024460 secs] 190223K->160467K(498504K), 0.0024860 secs] [Times: user=0.02 sys=0.00, real=0.01 secs] 
242.537: Total time for which application threads were stopped: 0.0026290 seconds, Stopping threads took: 0.0000640 seconds
242.599: Application time: 0.0619220 seconds
242.599: [GC242.599: [ParNew: 37065K->4112K(37568K), 0.0020530 secs] 193418K->162514K(498504K), 0.0020980 secs] [Times: user=0.01 sys=0.00, real=0.00 secs] 
242.601: Total time for which application threads were stopped: 0.0022400 seconds, Stopping threads took: 0.0000740 seconds
242.663: Application time: 0.0617460 seconds
242.663: [GC242.663: [ParNew: 37014K->4132K(37568K), 0.0019470 secs] 195416K->164581K(498504K), 0.0019890 secs] [Times: user=0.01 sys=0.00, real=0.01 secs] 
242.665: Total time for which application threads were stopped: 0.0021400 seconds, Stopping threads took: 0.0000870 seconds
242.722: Application time: 0.0566470 seconds
242.722: [GC242.722: [ParNew: 36761K->4130K(37568K), 0.0020660 secs] 197210K->166627K(498504K), 0.0021060 secs] [Times: user=0.02 sys=0.00, real=0.00 secs] 
242.724: Total time for which application threads were stopped: 0.0022370 seconds, Stopping threads took: 0.0000650 seconds
242.786: Application time: 0.0624580 seconds
242.787: [GC242.787: [ParNew: 37093K->4128K(37568K), 0.0020420 secs] 199591K->168673K(498504K), 0.0020800 secs] [Times: user=0.02 sys=0.00, real=0.00 secs] 
242.789: Total time for which application threads were stopped: 0.0022280 seconds, Stopping threads took: 0.0000810 seconds
242.847: Application time: 0.0586530 seconds
242.847: [GC242.847: [ParNew: 36980K->4158K(37568K), 0.0018290 secs] 201526K->169759K(498504K), 0.0018770 secs] [Times: user=0.02 sys=0.00, real=0.00 secs] 
242.849: Total time for which application threads were stopped: 0.0020450 seconds, Stopping threads took: 0.0001020 seconds
242.913: Application time: 0.0641270 seconds
242.914: [GC242.914: [ParNew: 37195K->3189K(37568K), 0.0012110 secs] 202796K->168819K(498504K), 0.0012460 secs] [Times: user=0.01 sys=0.00, real=0.00 secs] 
242.915: Total time for which application threads were stopped: 0.0014020 seconds, Stopping threads took: 0.0000920 seconds
242.970: Application time: 0.0556290 seconds
242.971: [GC242.971: [ParNew: 36498K->3200K(37568K), 0.0012350 secs] 202128K->168859K(498504K), 0.0012660 secs] [Times: user=0.01 sys=0.00, real=0.00 secs] 
242.972: Total time for which application threads were stopped: 0.0013750 seconds, Stopping threads took: 0.0000500 seconds
243.026: Application time: 0.0540730 seconds
243.026: [GC243.026: [ParNew: 35791K->4118K(37568K), 0.0023490 secs] 201449K->172934K(498504K), 0.0023900 secs] [Times: user=0.02 sys=0.00, real=0.00 secs] 
243.028: Total time for which application threads were stopped: 0.0025230 seconds, Stopping threads took: 0.0000680 seconds
243.088: Application time: 0.0590640 seconds
243.088: [GC243.088: [ParNew: 36964K->4131K(37568K), 0.0017500 secs] 205780K->173971K(498504K), 0.0017890 secs] [Times: user=0.01 sys=0.00, real=0.00 secs] 
243.089: Total time for which application threads were stopped: 0.0019430 seconds, Stopping threads took: 0.0000780 seconds
243.150: Application time: 0.0605640 seconds
243.150: [GC243.150: [ParNew: 37187K->4153K(37568K), 0.0019940 secs] 207027K->176057K(498504K), 0.0020380 secs] [Times: user=0.01 sys=0.00, real=0.00 secs] 
243.152: Total time for which application threads were stopped: 0.0021660 seconds, Stopping threads took: 0.0000610 seconds
243.209: Application time: 0.0566270 seconds
243.209: [GC243.209: [ParNew: 36946K->4112K(37568K), 0.0024000 secs] 208851K->179129K(498504K), 0.0024410 secs] [Times: user=0.02 sys=0.00, real=0.00 secs] 
243.211: Total time for which application threads were stopped: 0.0026090 seconds, Stopping threads took: 0.0000990 seconds
243.275: Application time: 0.0632940 seconds
243.275: [GC243.275: [ParNew: 37125K->4112K(37568K), 0.0023230 secs] 212142K->182201K(498504K), 0.0023680 secs] [Times: user=0.02 sys=0.00, real=0.01 secs] 
243.277: Total time for which application threads were stopped: 0.0025160 seconds, Stopping threads took: 0.0000790 seconds
243.340: Application time: 0.0626320 seconds
243.340: [GC243.340: [ParNew: 37093K->4130K(37568K), 0.0020160 secs] 215182K->184267K(498504K), 0.0020580 secs] [Times: user=0.02 sys=0.00, real=0.00 secs] 
243.342: Total time for which application threads were stopped: 0.0021980 seconds, Stopping threads took: 0.0000720 seconds
243.398: Application time: 0.0560520 seconds
243.400: [GC243.400: [ParNew: 36607K->4112K(37568K), 0.0016930 secs] 216744K->185274K(498504K), 0.0017310 secs] [Times: user=0.01 sys=0.00, real=0.00 secs] 
243.402: Total time for which application threads were stopped: 0.0040300 seconds, Stopping threads took: 0.0022330 seconds
243.465: Application time: 0.0625760 seconds
243.465: [GC243.465: [ParNew: 37034K->4121K(37568K), 0.0015590 secs] 218195K->185282K(498504K), 0.0015950 secs] [Times: user=0.01 sys=0.00, real=0.00 secs] 
243.466: Total time for which application threads were stopped: 0.0017240 seconds, Stopping threads took: 0.0000670 seconds
243.527: Application time: 0.0607380 seconds
243.527: [GC243.527: [ParNew: 37034K->4142K(37568K), 0.0020530 secs] 218195K->187351K(498504K), 0.0020940 secs] [Times: user=0.01 sys=0.00, real=0.00 secs] 
243.529: Total time for which application threads were stopped: 0.0022270 seconds, Stopping threads took: 0.0000650 seconds
243.591: Application time: 0.0611580 seconds
243.592: [GC243.592: [ParNew: 37158K->3201K(37568K), 0.0011710 secs] 220367K->186439K(498504K), 0.0012080 secs] [Times: user=0.01 sys=0.00, real=0.00 secs] 
243.594: Total time for which application threads were stopped: 0.0030900 seconds, Stopping threads took: 0.0017860 seconds
243.647: Application time: 0.0530500 seconds
243.647: [GC243.647: [ParNew: 35994K->4144K(37568K), 0.0025460 secs] 219232K->190511K(498504K), 0.0025940 secs] [Times: user=0.02 sys=0.00, real=0.00 secs] 
243.650: Total time for which application threads were stopped: 0.0028430 seconds, Stopping threads took: 0.0001630 seconds
243.704: Application time: 0.0547840 seconds
243.705: [GC243.705: [ParNew: 37177K->4154K(37568K), 0.0024200 secs] 223544K->193637K(498504K), 0.0024620 secs] [Times: user=0.01 sys=0.00, real=0.00 secs] 
243.707: Total time for which application threads were stopped: 0.0027160 seconds, Stopping threads took: 0.0001830 seconds
243.771: Application time: 0.0642350 seconds
243.771: [GC243.771: [ParNew: 37138K->4110K(37568K), 0.0020240 secs] 226621K->195682K(498504K), 0.0020670 secs] [Times: user=0.01 sys=0.00, real=0.00 secs] 
243.774: Total time for which application threads were stopped: 0.0022020 seconds, Stopping threads took: 0.0000710 seconds
243.835: Application time: 0.0619490 seconds
243.836: [GC243.836: [ParNew: 37319K->4152K(37568K), 0.0022850 secs] 228892K->198812K(498504K), 0.0023280 secs] [Times: user=0.01 sys=0.00, real=0.01 secs] 
243.838: Total time for which application threads were stopped: 0.0024620 seconds, Stopping threads took: 0.0000650 seconds
243.895: Application time: 0.0573410 seconds
243.895: [GC243.895: [ParNew: 36878K->4112K(37568K), 0.0017490 secs] 231538K->199837K(498504K), 0.0017870 secs] [Times: user=0.02 sys=0.00, real=0.01 secs] 
243.897: Total time for which application threads were stopped: 0.0019240 seconds, Stopping threads took: 0.0000730 seconds
243.959: Application time: 0.0622360 seconds
243.960: [GC243.960: [ParNew: 37064K->4117K(37568K), 0.0020830 secs] 232790K->201890K(498504K), 0.0021230 secs] [Times: user=0.02 sys=0.00, real=0.00 secs] 
243.962: Total time for which application threads were stopped: 0.0022780 seconds, Stopping threads took: 0.0000900 seconds
244.022: Application time: 0.0601100 seconds
244.022: [GC244.022: [ParNew: 36987K->4116K(37568K), 0.0020740 secs] 234760K->203937K(498504K), 0.0021120 secs] [Times: user=0.01 sys=0.00, real=0.00 secs] 
244.024: Total time for which application threads were stopped: 0.0022440 seconds, Stopping threads took: 0.0000670 seconds
244.085: Application time: 0.0610690 seconds
244.085: [GC244.085: [ParNew: 36924K->4145K(37568K), 0.0017390 secs] 236746K->204991K(498504K), 0.0017730 secs] [Times: user=0.01 sys=0.00, real=0.00 secs] 
244.087: Total time for which application threads were stopped: 0.0019240 seconds, Stopping threads took: 0.0000880 seconds
244.148: Application time: 0.0613920 seconds
244.149: [GC244.149: [ParNew: 36890K->4152K(37568K), 0.0014790 secs] 237736K->204998K(498504K), 0.0015180 secs] [Times: user=0.01 sys=0.00, real=0.00 secs] 
244.150: Total time for which application threads were stopped: 0.0016470 seconds, Stopping threads took: 0.0000560 seconds
244.209: Application time: 0.0589980 seconds
244.209: [GC244.209: [ParNew: 36801K->3175K(37568K), 0.0012810 secs] 237647K->204021K(498504K), 0.0013130 secs] [Times: user=0.01 sys=0.00, real=0.00 secs] 
244.211: Total time for which application threads were stopped: 0.0015070 seconds, Stopping threads took: 0.0001330 seconds
244.271: Application time: 0.0600210 seconds
244.271: [GC244.271: [ParNew: 35979K->2194K(37568K), 0.0009110 secs] 236824K->203068K(498504K), 0.0009440 secs] [Times: user=0.01 sys=0.00, real=0.00 secs] 
244.272: Total time for which application threads were stopped: 0.0010600 seconds, Stopping threads took: 0.0000610 seconds
244.323: Application time: 0.0514460 seconds
244.323: [GC244.323: [ParNew: 35298K->4140K(37568K), 0.0022920 secs] 236172K->208143K(498504K), 0.0023340 secs] [Times: user=0.02 sys=0.00, real=0.01 secs] 
244.326: Total time for which application threads were stopped: 0.0024570 seconds, Stopping threads took: 0.0000580 seconds
244.379: Application time: 0.0535130 seconds
244.379: [GC244.379: [ParNew: 37194K->4152K(37568K), 0.0023690 secs] 241198K->211272K(498504K), 0.0024110 secs] [Times: user=0.02 sys=0.00, real=0.00 secs] 
244.382: Total time for which application threads were stopped: 0.0025820 seconds, Stopping threads took: 0.0000960 seconds
244.445: Application time: 0.0637320 seconds
244.446: [GC244.446: [ParNew: 37166K->4115K(37568K), 0.0017620 secs] 244286K->212300K(498504K), 0.0018000 secs] [Times: user=0.01 sys=0.00, real=0.00 secs] 
244.447: Total time for which application threads were stopped: 0.0019260 seconds, Stopping threads took: 0.0000600 seconds
244.508: Application time: 0.0603460 seconds
244.508: [GC244.508: [ParNew: 37267K->4152K(37568K), 0.0022820 secs] 245452K->215425K(498504K), 0.0023250 secs] [Times: user=0.02 sys=0.00, real=0.00 secs] 
244.510: Total time for which application threads were stopped: 0.0024830 seconds, Stopping threads took: 0.0000920 seconds
244.570: Application time: 0.0599230 seconds
244.570: [GC244.570: [ParNew: 37040K->4132K(37568K), 0.0020310 secs] 248313K->217494K(498504K), 0.0020740 secs] [Times: user=0.01 sys=0.00, real=0.00 secs] 
244.572: Total time for which application threads were stopped: 0.0022280 seconds, Stopping threads took: 0.0000870 seconds
244.634: Application time: 0.0619140 seconds
244.634: [GC244.634: [ParNew: 37042K->4130K(37568K), 0.0019230 secs] 250404K->219540K(498504K), 0.0019610 secs] [Times: user=0.01 sys=0.00, real=0.01 secs] 
244.636: Total time for which application threads were stopped: 0.0020860 seconds, Stopping threads took: 0.0000590 seconds
244.695: Application time: 0.0587090 seconds
244.695: [GC244.695: [ParNew: 36874K->4118K(37568K), 0.0019840 secs] 252284K->221576K(498504K), 0.0020250 secs] [Times: user=0.01 sys=0.00, real=0.01 secs] 
244.697: Total time for which application threads were stopped: 0.0021850 seconds, Stopping threads took: 0.0000840 seconds
244.758: Application time: 0.0603510 seconds
244.760: [GC244.760: [ParNew: 36967K->4130K(37568K), 0.0021450 secs] 254425K->223636K(498504K), 0.0021860 secs] [Times: user=0.02 sys=0.00, real=0.00 secs] 
244.763: Total time for which application threads were stopped: 0.0049480 seconds, Stopping threads took: 0.0026950 seconds
244.822: Application time: 0.0598970 seconds
244.823: [GC244.823: [ParNew: 36833K->4132K(37568K), 0.0019630 secs] 256339K->224662K(498504K), 0.0020040 secs] [Times: user=0.01 sys=0.00, real=0.01 secs] 
244.825: Total time for which application threads were stopped: 0.0021650 seconds, Stopping threads took: 0.0000920 seconds
244.888: Application time: 0.0629210 seconds
244.888: [GC244.888: [ParNew: 37147K->3165K(37568K), 0.0012870 secs] 257677K->223695K(498504K), 0.0013210 secs] [Times: user=0.01 sys=0.00, real=0.00 secs] 
244.889: Total time for which application threads were stopped: 0.0014790 seconds, Stopping threads took: 0.0000940 seconds
244.948: Application time: 0.0588810 seconds
244.948: [GC244.948: [ParNew: 36573K->2152K(37568K), 0.0010500 secs] 257103K->222739K(498504K), 0.0010830 secs] [Times: user=0.01 sys=0.00, real=0.00 secs] 
244.949: Total time for which application threads were stopped: 0.0011990 seconds, Stopping threads took: 0.0000570 seconds
245.001: Application time: 0.0514190 seconds
245.001: [GC245.001: [ParNew: 35367K->4142K(37568K), 0.0022640 secs] 255954K->227830K(498504K), 0.0023060 secs] [Times: user=0.02 sys=0.00, real=0.00 secs] 
245.003: Total time for which application threads were stopped: 0.0024300 seconds, Stopping threads took: 0.0000580 seconds
245.058: Application time: 0.0549390 seconds
245.058: [GC245.058: [ParNew: 37199K->4150K(37568K), 0.0023990 secs] 260886K->230954K(498504K), 0.0024390 secs] [Times: user=0.02 sys=0.00, real=0.00 secs] 
245.060: Total time for which application threads were stopped: 0.0025660 seconds, Stopping threads took: 0.0000580 seconds
245.061: Application time: 0.0000280 seconds
245.061: [GC [1 CMS-initial-mark: 226804K(460936K)] 231978K(498504K), 0.0001190 secs] [Times: user=0.00 sys=0.00, real=0.00 secs] 
245.061: Total time for which application threads were stopped: 0.0002940 seconds, Stopping threads took: 0.0001530 seconds
245.061: [CMS-concurrent-mark-start]
245.065: [CMS-concurrent-mark: 0.004/0.004 secs] [Times: user=0.02 sys=0.00, real=0.01 secs] 
245.065: [CMS-concurrent-preclean-start]
245.065: [CMS-concurrent-preclean: 0.001/0.001 secs] [Times: user=0.00 sys=0.00, real=0.00 secs] 
245.065: Application time: 0.0046410 seconds
245.066: [GC[YG occupancy: 5255 K (37568 K)]245.066: [Rescan (parallel) , 0.0001730 secs]245.066: [weak refs processing, 0.0000060 secs]245.066: [scrub string table, 0.0001250 secs] [1 CMS-remark: 226804K(460936K)] 232060K(498504K), 0.0003270 secs] [Times: user=0.00 sys=0.00, real=0.00 secs] 
245.066: Total time for which application threads were stopped: 0.0003940 seconds, Stopping threads took: 0.0000440 seconds
245.066: [CMS-concurrent-sweep-start]
245.067: [CMS-concurrent-sweep: 0.001/0.001 secs] [Times: user=0.01 sys=0.00, real=0.00 secs] 
245.067: [CMS-concurrent-reset-start]
245.069: [CMS-concurrent-reset: 0.002/0.002 secs] [Times: user=0.01 sys=0.00, real=0.00 secs] 
245.126: Application time: 0.0599920 seconds
245.126: [GC245.126: [ParNew: 37147K->4110K(37568K), 0.0023620 secs] 43873K->13948K(498504K), 0.0024050 secs] [Times: user=0.01 sys=0.00, real=0.00 secs] 
245.128: Total time for which application threads were stopped: 0.0025360 seconds, Stopping threads took: 0.0000610 seconds
245.187: Application time: 0.0586110 seconds
245.187: [GC245.187: [ParNew: 37247K->4152K(37568K), 0.0023250 secs] 47085K->17079K(498504K), 0.0023670 secs] [Times: user=0.02 sys=0.00, real=0.00 secs] 
245.190: Total time for which application threads were stopped: 0.0025010 seconds, Stopping threads took: 0.0000650 seconds
245.252: Application time: 0.0625030 seconds
245.252: [GC245.252: [ParNew: 37131K->4114K(37568K), 0.0024430 secs] 50058K->20154K(498504K), 0.0024850 secs] [Times: user=0.01 sys=0.01, real=0.00 secs] 
245.255: Total time for which application threads were stopped: 0.0026320 seconds, Stopping threads took: 0.0000710 seconds
245.315: Application time: 0.0600730 seconds
245.315: [GC245.315: [ParNew: 37016K->4118K(37568K), 0.0023270 secs] 53056K->23230K(498504K), 0.0023730 secs] [Times: user=0.02 sys=0.00, real=0.01 secs] 
245.317: Total time for which application threads were stopped: 0.0025040 seconds, Stopping threads took: 0.0000640 seconds
245.378: Application time: 0.0611800 seconds
245.379: [GC245.379: [ParNew: 37103K->4134K(37568K), 0.0022800 secs] 56215K->25294K(498504K), 0.0023250 secs] [Times: user=0.02 sys=0.00, real=0.00 secs] 
245.381: Total time for which application threads were stopped: 0.0024910 seconds, Stopping threads took: 0.0001000 seconds
245.444: Application time: 0.0634580 seconds
245.444: [GC245.445: [ParNew: 37093K->4150K(37568K), 0.0017340 secs] 58253K->26334K(498504K), 0.0017770 secs] [Times: user=0.01 sys=0.00, real=0.00 secs] 
245.446: Total time for which application threads were stopped: 0.0019340 seconds, Stopping threads took: 0.0000900 seconds
245.505: Application time: 0.0585450 seconds
245.505: [GC245.505: [ParNew: 36662K->4137K(37568K), 0.0015750 secs] 58846K->26321K(498504K), 0.0016120 secs] [Times: user=0.01 sys=0.00, real=0.00 secs] 
245.507: Total time for which application threads were stopped: 0.0017540 seconds, Stopping threads took: 0.0000740 seconds
245.569: Application time: 0.0626230 seconds
245.569: [GC245.569: [ParNew: 37131K->2159K(37568K), 0.0010370 secs] 59315K->24343K(498504K), 0.0010670 secs] [Times: user=0.00 sys=0.00, real=0.00 secs] 
245.570: Total time for which application threads were stopped: 0.0012100 seconds, Stopping threads took: 0.0000830 seconds
245.629: Application time: 0.0584210 seconds
245.629: [GC245.629: [ParNew: 35553K->3173K(37568K), 0.0012580 secs] 57737K->25414K(498504K), 0.0012940 secs] [Times: user=0.01 sys=0.00, real=0.00 secs] 
245.630: Total time for which application threads were stopped: 0.0014300 seconds, Stopping threads took: 0.0000760 seconds
245.680: Application time: 0.0496420 seconds
245.680: [GC245.680: [ParNew: 36190K->4110K(37568K), 0.0023540 secs] 58431K->29480K(498504K), 0.0023940 secs] [Times: user=0.01 sys=0.00, real=0.00 secs] 
245.682: Total time for which application threads were stopped: 0.0025300 seconds, Stopping threads took: 0.0000700 seconds
245.743: Application time: 0.0603990 seconds
245.743: [GC245.743: [ParNew: 37284K->4156K(37568K), 0.0019300 secs] 62654K->31590K(498504K), 0.0019800 secs] [Times: user=0.01 sys=0.00, real=0.01 secs] 
245.745: Total time for which application threads were stopped: 0.0021180 seconds, Stopping threads took: 0.0000700 seconds
245.802: Application time: 0.0566840 seconds
245.802: [GC245.802: [ParNew: 37034K->4112K(37568K), 0.0025470 secs] 64468K->34659K(498504K), 0.0025930 secs] [Times: user=0.02 sys=0.00, real=0.01 secs] 
245.804: Total time for which application threads were stopped: 0.0027340 seconds, Stopping threads took: 0.0000620 seconds
245.868: Application time: 0.0633130 seconds
245.868: [GC245.868: [ParNew: 37316K->4153K(37568K), 0.0020080 secs] 67863K->36764K(498504K), 0.0020450 secs] [Times: user=0.01 sys=0.00, real=0.00 secs] 
245.870: Total time for which application threads were stopped: 0.0022030 seconds, Stopping threads took: 0.0000950 seconds
245.930: Application time: 0.0598070 seconds
245.930: [GC245.930: [ParNew: 37104K->4114K(37568K), 0.0021880 secs] 69715K->39838K(498504K), 0.0022280 secs] [Times: user=0.02 sys=0.00, real=0.00 secs] 
245.932: Total time for which application threads were stopped: 0.0023590 seconds, Stopping threads took: 0.0000660 seconds
245.992: Application time: 0.0597910 seconds
245.992: [GC245.992: [ParNew: 37055K->4114K(37568K), 0.0023240 secs] 72779K->42910K(498504K), 0.0023650 secs] [Times: user=0.02 sys=0.00, real=0.00 secs] 
245.994: Total time for which application threads were stopped: 0.0025180 seconds, Stopping threads took: 0.0000870 seconds
246.058: Application time: 0.0635610 seconds
246.060: [GC246.060: [ParNew: 37107K->4110K(37568K), 0.0024840 secs] 75903K->45978K(498504K), 0.0025240 secs] [Times: user=0.02 sys=0.00, real=0.00 secs] 
246.063: Total time for which application threads were stopped: 0.0049640 seconds, Stopping threads took: 0.0023750 seconds
246.122: Application time: 0.0592060 seconds
246.122: [GC246.122: [ParNew: 36959K->4116K(37568K), 0.0024320 secs] 78828K->49056K(498504K), 0.0024750 secs] [Times: user=0.02 sys=0.00, real=0.01 secs] 
246.125: Total time for which application threads were stopped: 0.0026910 seconds, Stopping threads took: 0.0001290 seconds
246.188: Application time: 0.0633570 seconds
246.188: [GC246.188: [ParNew: 37008K->4133K(37568K), 0.0014630 secs] 81949K->49073K(498504K), 0.0015040 secs] [Times: user=0.01 sys=0.00, real=0.00 secs] 
246.190: Total time for which application threads were stopped: 0.0016800 seconds, Stopping threads took: 0.0001070 seconds
246.252: Application time: 0.0622350 seconds
246.252: [GC246.252: [ParNew: 37040K->3185K(37568K), 0.0011550 secs] 81980K->48125K(498504K), 0.0011880 secs] [Times: user=0.00 sys=0.00, real=0.00 secs] 
246.253: Total time for which application threads were stopped: 0.0013300 seconds, Stopping threads took: 0.0000780 seconds
246.312: Application time: 0.0588380 seconds
246.312: [GC246.312: [ParNew: 36588K->3144K(37568K), 0.0012270 secs] 81529K->48142K(498504K), 0.0012600 secs] [Times: user=0.00 sys=0.00, real=0.00 secs] 
246.314: Total time for which application threads were stopped: 0.0014010 seconds, Stopping threads took: 0.0000750 seconds
246.370: Application time: 0.0566900 seconds
246.370: [GC246.371: [ParNew: 36552K->4159K(37568K), 0.0017050 secs] 81550K->50269K(498504K), 0.0017420 secs] [Times: user=0.01 sys=0.00, real=0.00 secs] 
246.372: Total time for which application threads were stopped: 0.0018790 seconds, Stopping threads took: 0.0000750 seconds
246.424: Application time: 0.0516010 seconds
246.424: [GC246.424: [ParNew: 36694K->4117K(37568K), 0.0020650 secs] 82803K->52304K(498504K), 0.0021030 secs] [Times: user=0.01 sys=0.00, real=0.01 secs] 
246.426: Total time for which application threads were stopped: 0.0022220 seconds, Stopping threads took: 0.0000550 seconds
246.482: Application time: 0.0559670 seconds
246.482: [GC246.482: [ParNew: 36970K->4112K(37568K), 0.0023450 secs] 85157K->55370K(498504K), 0.0024010 secs] [Times: user=0.02 sys=0.00, real=0.01 secs] 
246.485: Total time for which application threads were stopped: 0.0026590 seconds, Stopping threads took: 0.0001840 seconds
246.547: Application time: 0.0626310 seconds
246.547: [GC246.548: [ParNew: 37323K->4152K(37568K), 0.0023040 secs] 88581K->58498K(498504K), 0.0023450 secs] [Times: user=0.02 sys=0.00, real=0.00 secs] 
246.550: Total time for which application threads were stopped: 0.0025040 seconds, Stopping threads took: 0.0000930 seconds
246.614: Application time: 0.0639760 seconds
246.614: [GC246.614: [ParNew: 37157K->4110K(37568K), 0.0022240 secs] 91504K->61569K(498504K), 0.0022640 secs] [Times: user=0.02 sys=0.00, real=0.00 secs] 
246.616: Total time for which application threads were stopped: 0.0024000 seconds, Stopping threads took: 0.0000700 seconds
246.675: Application time: 0.0583840 seconds
246.675: [GC246.675: [ParNew: 36988K->4114K(37568K), 0.0019650 secs] 94447K->63622K(498504K), 0.0020040 secs] [Times: user=0.02 sys=0.00, real=0.01 secs] 
246.677: Total time for which application threads were stopped: 0.0021350 seconds, Stopping threads took: 0.0000680 seconds
246.739: Application time: 0.0621180 seconds
246.739: [GC246.739: [ParNew: 37111K->4112K(37568K), 0.0019670 secs] 96618K->65667K(498504K), 0.0020070 secs] [Times: user=0.01 sys=0.00, real=0.00 secs] 
246.741: Total time for which application threads were stopped: 0.0021310 seconds, Stopping threads took: 0.0000610 seconds
246.802: Application time: 0.0610870 seconds
246.802: [GC246.802: [ParNew: 36994K->4112K(37568K), 0.0023530 secs] 98550K->68740K(498504K), 0.0023920 secs] [Times: user=0.02 sys=0.00, real=0.01 secs] 
246.805: Total time for which application threads were stopped: 0.0025340 seconds, Stopping threads took: 0.0000760 seconds
246.867: Application time: 0.0627020 seconds
246.868: [GC246.868: [ParNew: 37117K->4114K(37568K), 0.0019910 secs] 101745K->70790K(498504K), 0.0020320 secs] [Times: user=0.02 sys=0.00, real=0.00 secs] 
246.870: Total time for which application threads were stopped: 0.0022610 seconds, Stopping threads took: 0.0001540 seconds
246.930: Application time: 0.0606470 seconds
246.930: [GC246.930: [ParNew: 36954K->4158K(37568K), 0.0014700 secs] 103630K->70892K(498504K), 0.0015030 secs] [Times: user=0.02 sys=0.00, real=0.00 secs] 
246.932: Total time for which application threads were stopped: 0.0016540 seconds, Stopping threads took: 0.0000870 seconds
246.994: Application time: 0.0618260 seconds
246.994: [GC246.994: [ParNew: 36915K->1127K(37568K), 0.0007350 secs] 103649K->67861K(498504K), 0.0007640 secs] [Times: user=0.01 sys=0.00, real=0.00 secs] 
246.995: Total time for which application threads were stopped: 0.0008850 seconds, Stopping threads took: 0.0000610 seconds
247.052: Application time: 0.0577540 seconds
247.056: [GC247.056: [ParNew: 34469K->3223K(37568K), 0.0011460 secs] 101204K->69958K(498504K), 0.0011770 secs] [Times: user=0.01 sys=0.00, real=0.00 secs] 
247.058: Total time for which application threads were stopped: 0.0052150 seconds, Stopping threads took: 0.0039800 seconds
247.107: Application time: 0.0496610 seconds
247.107: [GC247.107: [ParNew: 36372K->4115K(37568K), 0.0022400 secs] 103107K->73012K(498504K), 0.0022820 secs] [Times: user=0.01 sys=0.00, real=0.00 secs] 
247.110: Total time for which application threads were stopped: 0.0024090 seconds, Stopping threads took: 0.0000630 seconds
247.168: Application time: 0.0585250 seconds
247.168: [GC247.168: [ParNew: 37025K->4115K(37568K), 0.0020470 secs] 105922K->75060K(498504K), 0.0020880 secs] [Times: user=0.01 sys=0.00, real=0.00 secs] 
247.170: Total time for which application threads were stopped: 0.0022380 seconds, Stopping threads took: 0.0000780 seconds
247.230: Application time: 0.0597820 seconds
247.230: [GC247.230: [ParNew: 37281K->4158K(37568K), 0.0025250 secs] 108226K->78183K(498504K), 0.0025740 secs] [Times: user=0.01 sys=0.00, real=0.00 secs] 
247.233: Total time for which application threads were stopped: 0.0027590 seconds, Stopping threads took: 0.0000950 seconds
247.295: Application time: 0.0621990 seconds
247.295: [GC247.295: [ParNew: 37155K->4112K(37568K), 0.0024810 secs] 111180K->81258K(498504K), 0.0025310 secs] [Times: user=0.02 sys=0.00, real=0.01 secs] 
247.298: Total time for which application threads were stopped: 0.0026640 seconds, Stopping threads took: 0.0000660 seconds
247.358: Application time: 0.0605670 seconds
247.359: [GC247.359: [ParNew: 37032K->4112K(37568K), 0.0021910 secs] 114178K->84330K(498504K), 0.0022340 secs] [Times: user=0.02 sys=0.00, real=0.00 secs] 
247.361: Total time for which application threads were stopped: 0.0023830 seconds, Stopping threads took: 0.0000810 seconds
247.421: Application time: 0.0599490 seconds
247.421: [GC247.421: [ParNew: 37061K->4114K(37568K), 0.0022730 secs] 117279K->87404K(498504K), 0.0023120 secs] [Times: user=0.02 sys=0.00, real=0.00 secs] 
247.423: Total time for which application threads were stopped: 0.0024820 seconds, Stopping threads took: 0.0000970 seconds
247.484: Application time: 0.0603250 seconds
247.484: [GC247.484: [ParNew: 37023K->4114K(37568K), 0.0023160 secs] 120313K->90476K(498504K), 0.0023600 secs] [Times: user=0.02 sys=0.00, real=0.01 secs] 
247.486: Total time for which application threads were stopped: 0.0025160 seconds, Stopping threads took: 0.0000880 seconds
247.549: Application time: 0.0632710 seconds
247.550: [GC247.550: [ParNew: 37103K->4112K(37568K), 0.0021000 secs] 123465K->92522K(498504K), 0.0021430 secs] [Times: user=0.02 sys=0.00, real=0.00 secs] 
247.552: Total time for which application threads were stopped: 0.0023280 seconds, Stopping threads took: 0.0001170 seconds
247.613: Application time: 0.0612250 seconds
247.613: [GC247.613: [ParNew: 37017K->4159K(37568K), 0.0015470 secs] 125427K->92597K(498504K), 0.0015870 secs] [Times: user=0.01 sys=0.00, real=0.00 secs] 
247.615: Total time for which application threads were stopped: 0.0017230 seconds, Stopping threads took: 0.0000690 seconds
247.676: Application time: 0.0614910 seconds
247.676: [GC247.676: [ParNew: 37009K->2181K(37568K), 0.0011190 secs] 125447K->90648K(498504K), 0.0011580 secs] [Times: user=0.01 sys=0.00, real=0.01 secs] 
247.677: Total time for which application threads were stopped: 0.0013410 seconds, Stopping threads took: 0.0001200 seconds
247.737: Application time: 0.0591020 seconds
247.737: [GC247.737: [ParNew: 35582K->2151K(37568K), 0.0010840 secs] 124050K->90675K(498504K), 0.0011180 secs] [Times: user=0.01 sys=0.00, real=0.00 secs] 
247.738: Total time for which application threads were stopped: 0.0012490 seconds, Stopping threads took: 0.0000710 seconds
247.786: Application time: 0.0480540 seconds
247.786: [GC247.786: [ParNew: 35100K->4114K(37568K), 0.0022670 secs] 123624K->95768K(498504K), 0.0023200 secs] [Times: user=0.02 sys=0.00, real=0.00 secs] 
247.788: Total time for which application threads were stopped: 0.0024570 seconds, Stopping threads took: 0.0000680 seconds
247.848: Application time: 0.0600150 seconds
247.848: [GC247.848: [ParNew: 37081K->4111K(37568K), 0.0021630 secs] 128735K->97812K(498504K), 0.0022050 secs] [Times: user=0.01 sys=0.00, real=0.00 secs] 
247.851: Total time for which application threads were stopped: 0.0023320 seconds, Stopping threads took: 0.0000580 seconds
247.908: Application time: 0.0574600 seconds
247.908: [GC247.908: [ParNew: 37229K->4158K(37568K), 0.0023690 secs] 130930K->100939K(498504K), 0.0024120 secs] [Times: user=0.01 sys=0.00, real=0.00 secs] 
247.911: Total time for which application threads were stopped: 0.0025420 seconds, Stopping threads took: 0.0000610 seconds
247.972: Application time: 0.0609080 seconds
247.972: [GC247.972: [ParNew: 37135K->4112K(37568K), 0.0022840 secs] 133916K->104015K(498504K), 0.0023250 secs] [Times: user=0.02 sys=0.00, real=0.00 secs] 
247.974: Total time for which application threads were stopped: 0.0024840 seconds, Stopping threads took: 0.0000840 seconds
248.037: Application time: 0.0628080 seconds
248.037: [GC248.037: [ParNew: 37098K->4112K(37568K), 0.0022470 secs] 137001K->107087K(498504K), 0.0022900 secs] [Times: user=0.02 sys=0.00, real=0.00 secs] 
248.039: Total time for which application threads were stopped: 0.0024790 seconds, Stopping threads took: 0.0001120 seconds
248.097: Application time: 0.0578720 seconds
248.097: [GC248.097: [ParNew: 36999K->4114K(37568K), 0.0023450 secs] 139974K->110161K(498504K), 0.0023880 secs] [Times: user=0.02 sys=0.00, real=0.00 secs] 
248.100: Total time for which application threads were stopped: 0.0025260 seconds, Stopping threads took: 0.0000700 seconds
248.162: Application time: 0.0626650 seconds
248.163: [GC248.163: [ParNew: 37079K->4113K(37568K), 0.0024450 secs] 143126K->113232K(498504K), 0.0024890 secs] [Times: user=0.02 sys=0.00, real=0.01 secs] 
248.165: Total time for which application threads were stopped: 0.0026290 seconds, Stopping threads took: 0.0000720 seconds
248.228: Application time: 0.0629590 seconds
248.228: [GC248.228: [ParNew: 37083K->4116K(37568K), 0.0023650 secs] 146202K->116307K(498504K), 0.0024070 secs] [Times: user=0.02 sys=0.00, real=0.00 secs] 
248.231: Total time for which application threads were stopped: 0.0025860 seconds, Stopping threads took: 0.0001090 seconds
248.292: Application time: 0.0609090 seconds
248.292: [GC248.292: [ParNew: 37129K->4157K(37568K), 0.0018500 secs] 149320K->117404K(498504K), 0.0018880 secs] [Times: user=0.01 sys=0.00, real=0.00 secs] 
248.294: Total time for which application threads were stopped: 0.0020290 seconds, Stopping threads took: 0.0000720 seconds
248.359: Application time: 0.0649650 seconds
248.359: [GC248.359: [ParNew: 37363K->2193K(37568K), 0.0009750 secs] 150610K->115465K(498504K), 0.0010090 secs] [Times: user=0.01 sys=0.00, real=0.00 secs] 
248.360: Total time for which application threads were stopped: 0.0011530 seconds, Stopping threads took: 0.0000820 seconds
248.419: Application time: 0.0595470 seconds
248.419: [GC248.419: [ParNew: 35567K->1161K(37568K), 0.0007380 secs] 148840K->114490K(498504K), 0.0007680 secs] [Times: user=0.01 sys=0.00, real=0.00 secs] 
248.420: Total time for which application threads were stopped: 0.0008820 seconds, Stopping threads took: 0.0000580 seconds
248.471: Application time: 0.0508680 seconds
248.471: [GC248.471: [ParNew: 34052K->4147K(37568K), 0.0021940 secs] 147382K->120581K(498504K), 0.0022350 secs] [Times: user=0.02 sys=0.00, real=0.00 secs] 
248.473: Total time for which application threads were stopped: 0.0023620 seconds, Stopping threads took: 0.0000610 seconds
248.528: Application time: 0.0551350 seconds
248.529: [GC248.529: [ParNew: 36796K->4115K(37568K), 0.0017670 secs] 153229K->121598K(498504K), 0.0018050 secs] [Times: user=0.01 sys=0.00, real=0.00 secs] 
248.530: Total time for which application threads were stopped: 0.0019480 seconds, Stopping threads took: 0.0000710 seconds
248.592: Application time: 0.0612370 seconds
248.592: [GC248.592: [ParNew: 37226K->4152K(37568K), 0.0019780 secs] 154709K->123698K(498504K), 0.0020180 secs] [Times: user=0.02 sys=0.00, real=0.00 secs] 
248.594: Total time for which application threads were stopped: 0.0021480 seconds, Stopping threads took: 0.0000660 seconds
248.652: Application time: 0.0586280 seconds
248.653: [GC248.653: [ParNew: 37076K->4114K(37568K), 0.0022880 secs] 156622K->126773K(498504K), 0.0023280 secs] [Times: user=0.01 sys=0.00, real=0.00 secs] 
248.655: Total time for which application threads were stopped: 0.0024500 seconds, Stopping threads took: 0.0000560 seconds
248.716: Application time: 0.0609150 seconds
248.716: [GC248.716: [ParNew: 37091K->4110K(37568K), 0.0019410 secs] 159751K->128817K(498504K), 0.0019780 secs] [Times: user=0.02 sys=0.00, real=0.01 secs] 
248.718: Total time for which application threads were stopped: 0.0022020 seconds, Stopping threads took: 0.0001570 seconds
248.777: Application time: 0.0592520 seconds
248.777: [GC248.777: [ParNew: 36995K->4112K(37568K), 0.0023340 secs] 161703K->131891K(498504K), 0.0023760 secs] [Times: user=0.02 sys=0.00, real=0.00 secs] 
248.780: Total time for which application threads were stopped: 0.0025050 seconds, Stopping threads took: 0.0000620 seconds
248.841: Application time: 0.0611950 seconds
248.841: [GC248.841: [ParNew: 37071K->4110K(37568K), 0.0023860 secs] 164850K->134962K(498504K), 0.0024390 secs] [Times: user=0.01 sys=0.00, real=0.00 secs] 
248.844: Total time for which application threads were stopped: 0.0025680 seconds, Stopping threads took: 0.0000620 seconds
248.904: Application time: 0.0603320 seconds
248.904: [GC248.904: [ParNew: 37009K->4114K(37568K), 0.0024010 secs] 167861K->138038K(498504K), 0.0024420 secs] [Times: user=0.01 sys=0.00, real=0.01 secs] 
248.906: Total time for which application threads were stopped: 0.0025930 seconds, Stopping threads took: 0.0000800 seconds
248.970: Application time: 0.0638450 seconds
248.970: [GC248.970: [ParNew: 37335K->4156K(37568K), 0.0021430 secs] 171259K->140156K(498504K), 0.0021850 secs] [Times: user=0.02 sys=0.00, real=0.00 secs] 
248.973: Total time for which application threads were stopped: 0.0023270 seconds, Stopping threads took: 0.0000730 seconds
249.034: Application time: 0.0615780 seconds
249.034: [GC249.034: [ParNew: 37155K->3199K(37568K), 0.0012470 secs] 173155K->139228K(498504K), 0.0012810 secs] [Times: user=0.01 sys=0.00, real=0.00 secs] 
249.036: Total time for which application threads were stopped: 0.0014250 seconds, Stopping threads took: 0.0000720 seconds
249.098: Application time: 0.0626840 seconds
249.098: [GC249.098: [ParNew: 36152K->1172K(37568K), 0.0007650 secs] 172181K->137258K(498504K), 0.0007970 secs] [Times: user=0.00 sys=0.00, real=0.00 secs] 
249.099: Total time for which application threads were stopped: 0.0009320 seconds, Stopping threads took: 0.0000770 seconds
249.149: Application time: 0.0498460 seconds
249.149: [GC249.149: [ParNew: 34580K->4156K(37568K), 0.0026010 secs] 170666K->144354K(498504K), 0.0026430 secs] [Times: user=0.02 sys=0.00, real=0.00 secs] 
249.152: Total time for which application threads were stopped: 0.0027810 seconds, Stopping threads took: 0.0000710 seconds
249.207: Application time: 0.0546140 seconds
249.207: [GC249.207: [ParNew: 36824K->4116K(37568K), 0.0017830 secs] 177022K->145379K(498504K), 0.0018220 secs] [Times: user=0.01 sys=0.00, real=0.00 secs] 
249.208: Total time for which application threads were stopped: 0.0019520 seconds, Stopping threads took: 0.0000630 seconds
249.268: Application time: 0.0599850 seconds
249.269: [GC249.269: [ParNew: 37209K->4156K(37568K), 0.0020000 secs] 178472K->147483K(498504K), 0.0020370 secs] [Times: user=0.01 sys=0.00, real=0.00 secs] 
249.271: Total time for which application threads were stopped: 0.0021700 seconds, Stopping threads took: 0.0000680 seconds
249.329: Application time: 0.0586090 seconds
249.329: [GC249.329: [ParNew: 37073K->4111K(37568K), 0.0023080 secs] 180400K->150552K(498504K), 0.0023490 secs] [Times: user=0.02 sys=0.00, real=0.00 secs] 
249.332: Total time for which application threads were stopped: 0.0024730 seconds, Stopping threads took: 0.0000550 seconds
249.392: Application time: 0.0602830 seconds
249.392: [GC249.392: [ParNew: 37072K->4112K(37568K), 0.0023290 secs] 183512K->153624K(498504K), 0.0023730 secs] [Times: user=0.02 sys=0.00, real=0.00 secs] 
249.395: Total time for which application threads were stopped: 0.0025050 seconds, Stopping threads took: 0.0000630 seconds
249.456: Application time: 0.0612780 seconds
249.456: [GC249.456: [ParNew: 37052K->4112K(37568K), 0.0023620 secs] 186564K->156696K(498504K), 0.0024060 secs] [Times: user=0.01 sys=0.00, real=0.01 secs] 
249.458: Total time for which application threads were stopped: 0.0025520 seconds, Stopping threads took: 0.0000780 seconds
249.519: Application time: 0.0602010 seconds
249.519: [GC249.519: [ParNew: 37031K->4112K(37568K), 0.0023010 secs] 189616K->159768K(498504K), 0.0023440 secs] [Times: user=0.01 sys=0.00, real=0.00 secs] 
249.521: Total time for which application threads were stopped: 0.0024840 seconds, Stopping threads took: 0.0000730 seconds
249.583: Application time: 0.0623170 seconds
249.584: [GC249.584: [ParNew: 37077K->4134K(37568K), 0.0020360 secs] 192733K->161838K(498504K), 0.0020790 secs] [Times: user=0.02 sys=0.00, real=0.01 secs] 
249.586: Total time for which application threads were stopped: 0.0022590 seconds, Stopping threads took: 0.0001010 seconds
249.648: Application time: 0.0619250 seconds
249.648: [GC249.648: [ParNew: 37172K->4158K(37568K), 0.0019140 secs] 194876K->162931K(498504K), 0.0019660 secs] [Times: user=0.02 sys=0.00, real=0.00 secs] 
249.650: Total time for which application threads were stopped: 0.0021140 seconds, Stopping threads took: 0.0000790 seconds
249.711: Application time: 0.0612870 seconds
249.711: [GC249.711: [ParNew: 37124K->4158K(37568K), 0.0015190 secs] 195897K->162986K(498504K), 0.0015560 secs] [Times: user=0.01 sys=0.00, real=0.00 secs] 
249.713: Total time for which application threads were stopped: 0.0017020 seconds, Stopping threads took: 0.0000790 seconds
249.771: Application time: 0.0581510 seconds
249.771: [GC249.771: [ParNew: 36563K->3167K(37568K), 0.0012380 secs] 195391K->162012K(498504K), 0.0012740 secs] [Times: user=0.00 sys=0.00, real=0.00 secs] 
249.772: Total time for which application threads were stopped: 0.0014200 seconds, Stopping threads took: 0.0000830 seconds
249.824: Application time: 0.0520640 seconds
249.824: [GC249.824: [ParNew: 36218K->4114K(37568K), 0.0021760 secs] 195063K->165064K(498504K), 0.0022170 secs] [Times: user=0.01 sys=0.00, real=0.00 secs] 
249.827: Total time for which application threads were stopped: 0.0023450 seconds, Stopping threads took: 0.0000640 seconds
249.884: Application time: 0.0574530 seconds
249.884: [GC249.884: [ParNew: 36983K->4114K(37568K), 0.0023110 secs] 197933K->168136K(498504K), 0.0023510 secs] [Times: user=0.02 sys=0.00, real=0.01 secs] 
249.887: Total time for which application threads were stopped: 0.0024890 seconds, Stopping threads took: 0.0000710 seconds
249.945: Application time: 0.0580660 seconds
249.945: [GC249.945: [ParNew: 37099K->4156K(37568K), 0.0021280 secs] 201122K->170258K(498504K), 0.0021690 secs] [Times: user=0.01 sys=0.00, real=0.00 secs] 
249.947: Total time for which application threads were stopped: 0.0023040 seconds, Stopping threads took: 0.0000680 seconds
250.008: Application time: 0.0611940 seconds
250.012: [GC250.012: [ParNew: 37077K->4112K(37568K), 0.0021240 secs] 203180K->172288K(498504K), 0.0021650 secs] [Times: user=0.01 sys=0.01, real=0.00 secs] 
250.015: Total time for which application threads were stopped: 0.0064420 seconds, Stopping threads took: 0.0042100 seconds
250.077: Application time: 0.0623550 seconds
250.080: [GC250.080: [ParNew: 37029K->4112K(37568K), 0.0019390 secs] 205205K->174335K(498504K), 0.0019810 secs] [Times: user=0.02 sys=0.00, real=0.00 secs] 
250.082: Total time for which application threads were stopped: 0.0054630 seconds, Stopping threads took: 0.0034210 seconds
250.139: Application time: 0.0564300 seconds
250.139: [GC250.139: [ParNew: 36974K->4114K(37568K), 0.0025820 secs] 207198K->177409K(498504K), 0.0026290 secs] [Times: user=0.01 sys=0.00, real=0.00 secs] 
250.142: Total time for which application threads were stopped: 0.0028220 seconds, Stopping threads took: 0.0001120 seconds
250.205: Application time: 0.0628680 seconds
250.205: [GC250.205: [ParNew: 37103K->4114K(37568K), 0.0023160 secs] 210398K->180481K(498504K), 0.0023600 secs] [Times: user=0.01 sys=0.00, real=0.00 secs] 
250.207: Total time for which application threads were stopped: 0.0024940 seconds, Stopping threads took: 0.0000640 seconds
250.271: Application time: 0.0643490 seconds
250.272: [GC250.272: [ParNew: 37099K->4152K(37568K), 0.0016750 secs] 213466K->181543K(498504K), 0.0017190 secs] [Times: user=0.02 sys=0.00, real=0.00 secs] 
250.273: Total time for which application threads were stopped: 0.0018690 seconds, Stopping threads took: 0.0000830 seconds
250.331: Application time: 0.0574300 seconds
250.331: [GC250.331: [ParNew: 36758K->3149K(37568K), 0.0011340 secs] 214150K->180541K(498504K), 0.0011730 secs] [Times: user=0.00 sys=0.00, real=0.00 secs] 
250.332: Total time for which application threads were stopped: 0.0013590 seconds, Stopping threads took: 0.0001190 seconds
250.394: Application time: 0.0619050 seconds
250.394: [GC250.394: [ParNew: 36048K->3186K(37568K), 0.0012100 secs] 213440K->180635K(498504K), 0.0012600 secs] [Times: user=0.01 sys=0.00, real=0.00 secs] 
250.395: Total time for which application threads were stopped: 0.0013730 seconds, Stopping threads took: 0.0000510 seconds
250.453: Application time: 0.0578250 seconds
250.453: [GC250.453: [ParNew: 35853K->4156K(37568K), 0.0017530 secs] 213302K->182702K(498504K), 0.0017930 secs] [Times: user=0.01 sys=0.00, real=0.00 secs] 
250.455: Total time for which application threads were stopped: 0.0019550 seconds, Stopping threads took: 0.0000930 seconds
250.509: Application time: 0.0536070 seconds
250.509: [GC250.509: [ParNew: 37435K->4152K(37568K), 0.0014900 secs] 215981K->182710K(498504K), 0.0015300 secs] [Times: user=0.01 sys=0.00, real=0.00 secs] 
250.510: Total time for which application threads were stopped: 0.0016570 seconds, Stopping threads took: 0.0000610 seconds
250.571: Application time: 0.0604670 seconds
250.571: [GC250.571: [ParNew: 37018K->4110K(37568K), 0.0023430 secs] 215577K->185768K(498504K), 0.0023830 secs] [Times: user=0.02 sys=0.00, real=0.00 secs] 
250.573: Total time for which application threads were stopped: 0.0025510 seconds, Stopping threads took: 0.0001040 seconds
250.632: Application time: 0.0585280 seconds
250.632: [GC250.632: [ParNew: 37215K->4155K(37568K), 0.0023630 secs] 218874K->188902K(498504K), 0.0024070 secs] [Times: user=0.02 sys=0.00, real=0.00 secs] 
250.634: Total time for which application threads were stopped: 0.0025340 seconds, Stopping threads took: 0.0000590 seconds
250.693: Application time: 0.0590040 seconds
250.694: [GC250.694: [ParNew: 36967K->4132K(37568K), 0.0020920 secs] 221714K->190968K(498504K), 0.0021340 secs] [Times: user=0.01 sys=0.00, real=0.00 secs] 
250.696: Total time for which application threads were stopped: 0.0022830 seconds, Stopping threads took: 0.0000720 seconds
250.755: Application time: 0.0594710 seconds
250.755: [GC250.755: [ParNew: 36949K->4114K(37568K), 0.0019880 secs] 223785K->192998K(498504K), 0.0020320 secs] [Times: user=0.02 sys=0.00, real=0.01 secs] 
250.757: Total time for which application threads were stopped: 0.0022060 seconds, Stopping threads took: 0.0001040 seconds
250.817: Application time: 0.0597520 seconds
250.817: [GC250.817: [ParNew: 37010K->4114K(37568K), 0.0023700 secs] 225894K->196070K(498504K), 0.0024160 secs] [Times: user=0.02 sys=0.00, real=0.00 secs] 
250.820: Total time for which application threads were stopped: 0.0025470 seconds, Stopping threads took: 0.0000620 seconds
250.883: Application time: 0.0631780 seconds
250.883: [GC250.883: [ParNew: 37117K->4130K(37568K), 0.0017740 secs] 229073K->197110K(498504K), 0.0018110 secs] [Times: user=0.02 sys=0.00, real=0.01 secs] 
250.885: Total time for which application threads were stopped: 0.0019340 seconds, Stopping threads took: 0.0000560 seconds
250.944: Application time: 0.0596060 seconds
250.945: [GC250.945: [ParNew: 36810K->4148K(37568K), 0.0017510 secs] 229790K->198152K(498504K), 0.0017890 secs] [Times: user=0.01 sys=0.00, real=0.00 secs] 
250.946: Total time for which application threads were stopped: 0.0019200 seconds, Stopping threads took: 0.0000660 seconds
251.006: Application time: 0.0600850 seconds
251.007: [GC251.007: [ParNew: 36970K->3169K(37568K), 0.0013940 secs] 230974K->197173K(498504K), 0.0014260 secs] [Times: user=0.01 sys=0.00, real=0.00 secs] 
251.008: Total time for which application threads were stopped: 0.0015750 seconds, Stopping threads took: 0.0000870 seconds
251.066: Application time: 0.0575520 seconds
251.068: [GC251.069: [ParNew: 35825K->4155K(37568K), 0.0020300 secs] 229829K->199256K(498504K), 0.0020690 secs] [Times: user=0.01 sys=0.00, real=0.00 secs] 
251.071: Total time for which application threads were stopped: 0.0049740 seconds, Stopping threads took: 0.0028190 seconds
251.128: Application time: 0.0570810 seconds
251.128: [GC251.128: [ParNew: 36651K->4146K(37568K), 0.0017720 secs] 231752K->200312K(498504K), 0.0018140 secs] [Times: user=0.02 sys=0.00, real=0.00 secs] 
251.130: Total time for which application threads were stopped: 0.0019360 seconds, Stopping threads took: 0.0000550 seconds
251.187: Application time: 0.0569590 seconds
251.187: [GC251.187: [ParNew: 36842K->4142K(37568K), 0.0021000 secs] 233008K->202384K(498504K), 0.0021490 secs] [Times: user=0.02 sys=0.00, real=0.00 secs] 
251.190: Total time for which application threads were stopped: 0.0030030 seconds, Stopping threads took: 0.0007880 seconds
251.248: Application time: 0.0585460 seconds
251.248: [GC251.248: [ParNew: 36971K->4115K(37568K), 0.0024180 secs] 235214K->205458K(498504K), 0.0024650 secs] [Times: user=0.01 sys=0.00, real=0.00 secs] 
251.251: Total time for which application threads were stopped: 0.0026020 seconds, Stopping threads took: 0.0000590 seconds
251.310: Application time: 0.0590480 seconds
251.310: [GC251.310: [ParNew: 37275K->4158K(37568K), 0.0022150 secs] 238619K->207574K(498504K), 0.0022580 secs] [Times: user=0.02 sys=0.00, real=0.00 secs] 
251.312: Total time for which application threads were stopped: 0.0023950 seconds, Stopping threads took: 0.0000670 seconds
251.374: Application time: 0.0620130 seconds
251.374: [GC251.374: [ParNew: 37090K->4129K(37568K), 0.0017150 secs] 240507K->208602K(498504K), 0.0017560 secs] [Times: user=0.01 sys=0.00, real=0.00 secs] 
251.376: Total time for which application threads were stopped: 0.0018970 seconds, Stopping threads took: 0.0000750 seconds
251.432: Application time: 0.0558030 seconds
251.432: [GC251.432: [ParNew: 36797K->4118K(37568K), 0.0020690 secs] 241271K->210640K(498504K), 0.0021100 secs] [Times: user=0.02 sys=0.00, real=0.00 secs] 
251.434: Total time for which application threads were stopped: 0.0022690 seconds, Stopping threads took: 0.0000910 seconds
251.497: Application time: 0.0623950 seconds
251.497: [GC251.497: [ParNew: 37059K->4112K(37568K), 0.0023820 secs] 243581K->213705K(498504K), 0.0024240 secs] [Times: user=0.02 sys=0.00, real=0.00 secs] 
251.499: Total time for which application threads were stopped: 0.0025610 seconds, Stopping threads took: 0.0000680 seconds
251.559: Application time: 0.0603460 seconds
251.560: [GC251.560: [ParNew: 37068K->4134K(37568K), 0.0020810 secs] 246661K->215776K(498504K), 0.0021220 secs] [Times: user=0.02 sys=0.00, real=0.00 secs] 
251.562: Total time for which application threads were stopped: 0.0022600 seconds, Stopping threads took: 0.0000680 seconds
251.621: Application time: 0.0590780 seconds
251.621: [GC251.621: [ParNew: 36703K->4130K(37568K), 0.0015220 secs] 248345K->215771K(498504K), 0.0015560 secs] [Times: user=0.01 sys=0.00, real=0.00 secs] 
251.623: Total time for which application threads were stopped: 0.0017190 seconds, Stopping threads took: 0.0000980 seconds
251.685: Application time: 0.0623890 seconds
251.685: [GC251.685: [ParNew: 37171K->3189K(37568K), 0.0012110 secs] 248813K->214831K(498504K), 0.0012470 secs] [Times: user=0.01 sys=0.00, real=0.00 secs] 
251.686: Total time for which application threads were stopped: 0.0013790 seconds, Stopping threads took: 0.0000660 seconds
251.746: Application time: 0.0599210 seconds
251.746: [GC251.746: [ParNew: 36148K->3180K(37568K), 0.0012150 secs] 247790K->214879K(498504K), 0.0012520 secs] [Times: user=0.01 sys=0.00, real=0.00 secs] 
251.748: Total time for which application threads were stopped: 0.0013970 seconds, Stopping threads took: 0.0000770 seconds
251.804: Application time: 0.0566980 seconds
251.804: [GC251.804: [ParNew: 36588K->4159K(37568K), 0.0017810 secs] 248287K->216941K(498504K), 0.0018190 secs] [Times: user=0.01 sys=0.00, real=0.00 secs] 
251.806: Total time for which application threads were stopped: 0.0019760 seconds, Stopping threads took: 0.0000810 seconds
251.867: Application time: 0.0611430 seconds
251.868: [GC251.868: [ParNew: 37047K->3143K(37568K), 0.0012160 secs] 249828K->215953K(498504K), 0.0012470 secs] [Times: user=0.01 sys=0.00, real=0.00 secs] 
251.869: Total time for which application threads were stopped: 0.0013610 seconds, Stopping threads took: 0.0000570 seconds
251.922: Application time: 0.0527870 seconds
251.922: [GC251.922: [ParNew: 35589K->4116K(37568K), 0.0019870 secs] 248399K->219002K(498504K), 0.0020230 secs] [Times: user=0.01 sys=0.00, real=0.00 secs] 
251.924: Total time for which application threads were stopped: 0.0021790 seconds, Stopping threads took: 0.0000860 seconds
251.985: Application time: 0.0614450 seconds
251.985: [GC251.985: [ParNew: 37217K->4152K(37568K), 0.0020810 secs] 252103K->221118K(498504K), 0.0021190 secs] [Times: user=0.02 sys=0.00, real=0.00 secs] 
251.987: Total time for which application threads were stopped: 0.0022460 seconds, Stopping threads took: 0.0000600 seconds
252.049: Application time: 0.0619250 seconds
252.050: [GC252.050: [ParNew: 37118K->4151K(37568K), 0.0013960 secs] 254084K->221142K(498504K), 0.0014320 secs] [Times: user=0.01 sys=0.00, real=0.00 secs] 
252.051: Total time for which application threads were stopped: 0.0015860 seconds, Stopping threads took: 0.0000930 seconds
252.106: Application time: 0.0552840 seconds
252.106: [GC252.106: [ParNew: 36583K->4119K(37568K), 0.0016970 secs] 253575K->222134K(498504K), 0.0017360 secs] [Times: user=0.01 sys=0.00, real=0.00 secs] 
252.108: Total time for which application threads were stopped: 0.0018640 seconds, Stopping threads took: 0.0000630 seconds
252.171: Application time: 0.0625260 seconds
252.171: [GC252.171: [ParNew: 37081K->4116K(37568K), 0.0019330 secs] 255097K->224179K(498504K), 0.0019760 secs] [Times: user=0.02 sys=0.00, real=0.00 secs] 
252.173: Total time for which application threads were stopped: 0.0021290 seconds, Stopping threads took: 0.0000870 seconds
252.229: Application time: 0.0558160 seconds
252.229: [GC252.229: [ParNew: 36863K->4132K(37568K), 0.0019890 secs] 256927K->226244K(498504K), 0.0020300 secs] [Times: user=0.02 sys=0.00, real=0.00 secs] 
252.231: Total time for which application threads were stopped: 0.0021880 seconds, Stopping threads took: 0.0000910 seconds
252.292: Application time: 0.0615340 seconds
252.292: [GC252.292: [ParNew: 37089K->4132K(37568K), 0.0021500 secs] 259201K->228292K(498504K), 0.0021940 secs] [Times: user=0.02 sys=0.00, real=0.00 secs] 
252.295: Total time for which application threads were stopped: 0.0023340 seconds, Stopping threads took: 0.0000720 seconds
252.356: Application time: 0.0617630 seconds
252.357: [GC252.357: [ParNew: 37130K->4151K(37568K), 0.0014880 secs] 261289K->228326K(498504K), 0.0015270 secs] [Times: user=0.01 sys=0.00, real=0.00 secs] 
252.358: Total time for which application threads were stopped: 0.0016750 seconds, Stopping threads took: 0.0000720 seconds
252.420: Application time: 0.0615050 seconds
252.420: [GC252.420: [ParNew: 37268K->4159K(37568K), 0.0014480 secs] 261444K->228408K(498504K), 0.0014860 secs] [Times: user=0.01 sys=0.00, real=0.00 secs] 
252.421: Total time for which application threads were stopped: 0.0016140 seconds, Stopping threads took: 0.0000620 seconds
252.480: Application time: 0.0589070 seconds
252.480: [GC252.480: [ParNew: 36688K->3136K(37568K), 0.0012930 secs] 260936K->227414K(498504K), 0.0013290 secs] [Times: user=0.00 sys=0.00, real=0.00 secs] 
252.482: Total time for which application threads were stopped: 0.0014520 seconds, Stopping threads took: 0.0000610 seconds
252.537: Application time: 0.0551390 seconds
252.537: [GC252.537: [ParNew: 35570K->4159K(37568K), 0.0020280 secs] 259848K->229490K(498504K), 0.0020620 secs] [Times: user=0.01 sys=0.00, real=0.00 secs] 
252.539: Total time for which application threads were stopped: 0.0021910 seconds, Stopping threads took: 0.0000650 seconds
252.593: Application time: 0.0540240 seconds
252.593: [GC252.593: [ParNew: 36742K->4116K(37568K), 0.0023320 secs] 262073K->232548K(498504K), 0.0023760 secs] [Times: user=0.02 sys=0.00, real=0.00 secs] 
252.596: Total time for which application threads were stopped: 0.0025560 seconds, Stopping threads took: 0.0001130 seconds
252.658: Application time: 0.0623020 seconds
252.658: [GC252.658: [ParNew: 37288K->4153K(37568K), 0.0020550 secs] 265720K->234649K(498504K), 0.0020920 secs] [Times: user=0.01 sys=0.00, real=0.00 secs] 
252.660: Total time for which application threads were stopped: 0.0022260 seconds, Stopping threads took: 0.0000670 seconds
252.718: Application time: 0.0581280 seconds
252.718: [GC252.718: [ParNew: 36845K->4115K(37568K), 0.0017410 secs] 267341K->235676K(498504K), 0.0017870 secs] [Times: user=0.01 sys=0.00, real=0.00 secs] 
252.720: Total time for which application threads were stopped: 0.0019400 seconds, Stopping threads took: 0.0000880 seconds
252.779: Application time: 0.0591780 seconds
252.779: [GC252.779: [ParNew: 36878K->4118K(37568K), 0.0020830 secs] 268440K->237727K(498504K), 0.0021250 secs] [Times: user=0.02 sys=0.00, real=0.00 secs] 
252.782: Total time for which application threads were stopped: 0.0022850 seconds, Stopping threads took: 0.0000940 seconds
252.842: Application time: 0.0607040 seconds
252.842: [GC252.842: [ParNew: 36998K->4112K(37568K), 0.0020370 secs] 270607K->239769K(498504K), 0.0020780 secs] [Times: user=0.02 sys=0.00, real=0.01 secs] 
252.845: Total time for which application threads were stopped: 0.0022220 seconds, Stopping threads took: 0.0000770 seconds
252.902: Application time: 0.0571380 seconds
252.902: [GC252.902: [ParNew: 36770K->4118K(37568K), 0.0020780 secs] 272428K->241823K(498504K), 0.0021190 secs] [Times: user=0.01 sys=0.00, real=0.00 secs] 
252.904: Total time for which application threads were stopped: 0.0022620 seconds, Stopping threads took: 0.0000660 seconds
252.965: Application time: 0.0614800 seconds
252.966: [GC252.966: [ParNew: 37024K->4118K(37568K), 0.0019690 secs] 274729K->243871K(498504K), 0.0020100 secs] [Times: user=0.02 sys=0.00, real=0.00 secs] 
252.968: Total time for which application threads were stopped: 0.0021700 seconds, Stopping threads took: 0.0000930 seconds
253.028: Application time: 0.0609320 seconds
253.029: [GC253.029: [ParNew: 37080K->4157K(37568K), 0.0020070 secs] 276833K->245958K(498504K), 0.0020470 secs] [Times: user=0.01 sys=0.00, real=0.00 secs] 
253.031: Total time for which application threads were stopped: 0.0021930 seconds, Stopping threads took: 0.0000780 seconds
253.089: Application time: 0.0587300 seconds
253.090: [GC253.090: [ParNew: 37016K->4159K(37568K), 0.0015690 secs] 278817K->246066K(498504K), 0.0016050 secs] [Times: user=0.01 sys=0.00, real=0.00 secs] 
253.091: Total time for which application threads were stopped: 0.0017260 seconds, Stopping threads took: 0.0000550 seconds
253.147: Application time: 0.0560830 seconds
253.147: [GC253.147: [ParNew: 36578K->4143K(37568K), 0.0020800 secs] 278484K->248108K(498504K), 0.0021220 secs] [Times: user=0.01 sys=0.00, real=0.00 secs] 
253.150: Total time for which application threads were stopped: 0.0022650 seconds, Stopping threads took: 0.0000750 seconds
253.207: Application time: 0.0578220 seconds
253.207: [GC253.207: [ParNew: 36902K->4148K(37568K), 0.0020460 secs] 280866K->250189K(498504K), 0.0020880 secs] [Times: user=0.01 sys=0.00, real=0.00 secs] 
253.210: Total time for which application threads were stopped: 0.0022330 seconds, Stopping threads took: 0.0000780 seconds
253.268: Application time: 0.0581890 seconds
253.268: [GC253.268: [ParNew: 37006K->4115K(37568K), 0.0017640 secs] 283047K->251208K(498504K), 0.0018030 secs] [Times: user=0.02 sys=0.00, real=0.00 secs] 
253.270: Total time for which application threads were stopped: 0.0019340 seconds, Stopping threads took: 0.0000680 seconds
253.332: Application time: 0.0618990 seconds
253.332: [GC253.332: [ParNew: 37229K->4154K(37568K), 0.0019490 secs] 284322K->253312K(498504K), 0.0019920 secs] [Times: user=0.01 sys=0.00, real=0.00 secs] 
253.334: Total time for which application threads were stopped: 0.0021490 seconds, Stopping threads took: 0.0000890 seconds
253.392: Application time: 0.0577790 seconds
253.392: [GC253.392: [ParNew: 36835K->4117K(37568K), 0.0015510 secs] 285992K->253315K(498504K), 0.0015880 secs] [Times: user=0.01 sys=0.00, real=0.00 secs] 
253.393: Total time for which application threads were stopped: 0.0017130 seconds, Stopping threads took: 0.0000610 seconds
253.453: Application time: 0.0594300 seconds
253.453: [GC253.453: [ParNew: 36865K->4121K(37568K), 0.0020380 secs] 286064K->255367K(498504K), 0.0020760 secs] [Times: user=0.01 sys=0.00, real=0.00 secs] 
253.455: Total time for which application threads were stopped: 0.0022200 seconds, Stopping threads took: 0.0000580 seconds
253.513: Application time: 0.0584610 seconds
253.513: [GC253.513: [ParNew: 36889K->4112K(37568K), 0.0021920 secs] 288135K->257407K(498504K), 0.0022320 secs] [Times: user=0.02 sys=0.00, real=0.00 secs] 
253.516: Total time for which application threads were stopped: 0.0023750 seconds, Stopping threads took: 0.0000770 seconds
253.575: Application time: 0.0594500 seconds
253.575: [GC253.575: [ParNew: 36892K->4118K(37568K), 0.0021170 secs] 290186K->259460K(498504K), 0.0021620 secs] [Times: user=0.02 sys=0.00, real=0.01 secs] 
253.578: Total time for which application threads were stopped: 0.0023490 seconds, Stopping threads took: 0.0001170 seconds
253.640: Application time: 0.0622560 seconds
253.640: [GC253.640: [ParNew: 37024K->4135K(37568K), 0.0015220 secs] 292366K->259478K(498504K), 0.0015610 secs] [Times: user=0.01 sys=0.00, real=0.00 secs] 
253.642: Total time for which application threads were stopped: 0.0017110 seconds, Stopping threads took: 0.0000860 seconds
253.703: Application time: 0.0619670 seconds
253.704: [GC253.704: [ParNew: 37113K->3137K(37568K), 0.0012260 secs] 292456K->258480K(498504K), 0.0012610 secs] [Times: user=0.01 sys=0.00, real=0.01 secs] 
253.705: Total time for which application threads were stopped: 0.0014110 seconds, Stopping threads took: 0.0000850 seconds
253.761: Application time: 0.0561660 seconds
253.761: [GC253.761: [ParNew: 35781K->4158K(37568K), 0.0014900 secs] 291123K->259590K(498504K), 0.0015310 secs] [Times: user=0.01 sys=0.00, real=0.00 secs] 
253.763: Total time for which application threads were stopped: 0.0016660 seconds, Stopping threads took: 0.0000670 seconds
253.824: Application time: 0.0614380 seconds
253.824: [GC253.824: [ParNew: 37051K->4156K(37568K), 0.0017920 secs] 292483K->260645K(498504K), 0.0018330 secs] [Times: user=0.01 sys=0.00, real=0.01 secs] 
253.826: Total time for which application threads were stopped: 0.0019660 seconds, Stopping threads took: 0.0000690 seconds
253.883: Application time: 0.0569860 seconds
253.883: [GC253.883: [ParNew: 36829K->4154K(37568K), 0.0016460 secs] 293318K->260687K(498504K), 0.0016820 secs] [Times: user=0.02 sys=0.00, real=0.01 secs] 
253.885: Total time for which application threads were stopped: 0.0018250 seconds, Stopping threads took: 0.0000770 seconds
253.940: Application time: 0.0551220 seconds
253.940: [GC253.940: [ParNew: 36552K->4115K(37568K), 0.0020390 secs] 293086K->262701K(498504K), 0.0020850 secs] [Times: user=0.01 sys=0.00, real=0.00 secs] 
253.942: Total time for which application threads were stopped: 0.0022170 seconds, Stopping threads took: 0.0000620 seconds
254.004: Application time: 0.0615760 seconds
254.004: [GC254.004: [ParNew: 37214K->4159K(37568K), 0.0019450 secs] 295800K->264809K(498504K), 0.0019830 secs] [Times: user=0.01 sys=0.00, real=0.01 secs] 
254.006: Total time for which application threads were stopped: 0.0021140 seconds, Stopping threads took: 0.0000590 seconds
254.061: Application time: 0.0549920 seconds
254.061: [GC254.061: [ParNew: 36834K->4114K(37568K), 0.0021090 secs] 297484K->266853K(498504K), 0.0021510 secs] [Times: user=0.02 sys=0.00, real=0.00 secs] 
254.063: Total time for which application threads were stopped: 0.0022840 seconds, Stopping threads took: 0.0000660 seconds
254.123: Application time: 0.0599960 seconds
254.123: [GC254.123: [ParNew: 37037K->4116K(37568K), 0.0022870 secs] 299776K->269927K(498504K), 0.0023320 secs] [Times: user=0.02 sys=0.00, real=0.01 secs] 
254.126: Total time for which application threads were stopped: 0.0024930 seconds, Stopping threads took: 0.0000920 seconds
254.186: Application time: 0.0603910 seconds
254.186: [GC254.186: [ParNew: 37038K->4112K(37568K), 0.0023100 secs] 302849K->272995K(498504K), 0.0023510 secs] [Times: user=0.02 sys=0.00, real=0.00 secs] 
254.189: Total time for which application threads were stopped: 0.0024770 seconds, Stopping threads took: 0.0000620 seconds
254.249: Application time: 0.0605200 seconds
254.249: [GC254.249: [ParNew: 36962K->4128K(37568K), 0.0020470 secs] 305846K->275059K(498504K), 0.0020930 secs] [Times: user=0.02 sys=0.00, real=0.00 secs] 
254.251: Total time for which application threads were stopped: 0.0022210 seconds, Stopping threads took: 0.0000620 seconds
254.312: Application time: 0.0606490 seconds
254.312: [GC254.312: [ParNew: 36956K->4117K(37568K), 0.0017440 secs] 307887K->276072K(498504K), 0.0017820 secs] [Times: user=0.01 sys=0.01, real=0.00 secs] 
254.314: Total time for which application threads were stopped: 0.0019230 seconds, Stopping threads took: 0.0000740 seconds
254.376: Application time: 0.0624780 seconds
254.377: [GC254.377: [ParNew: 37064K->3176K(37568K), 0.0012450 secs] 309019K->275132K(498504K), 0.0012800 secs] [Times: user=0.01 sys=0.00, real=0.00 secs] 
254.378: Total time for which application threads were stopped: 0.0014040 seconds, Stopping threads took: 0.0000610 seconds
254.433: Application time: 0.0553150 seconds
254.436: [GC254.436: [ParNew: 35739K->4157K(37568K), 0.0018360 secs] 307695K->277213K(498504K), 0.0018770 secs] [Times: user=0.02 sys=0.00, real=0.00 secs] 
254.438: Total time for which application threads were stopped: 0.0051890 seconds, Stopping threads took: 0.0032510 seconds
254.498: Application time: 0.0598700 seconds
254.498: [GC254.498: [ParNew: 37047K->4144K(37568K), 0.0021860 secs] 310103K->279286K(498504K), 0.0022310 secs] [Times: user=0.01 sys=0.00, real=0.00 secs] 
254.501: Total time for which application threads were stopped: 0.0024030 seconds, Stopping threads took: 0.0001050 seconds
254.556: Application time: 0.0558010 seconds
254.560: [GC254.560: [ParNew: 36559K->4143K(37568K), 0.0015340 secs] 311701K->279313K(498504K), 0.0015760 secs] [Times: user=0.01 sys=0.00, real=0.00 secs] 
254.562: Total time for which application threads were stopped: 0.0056470 seconds, Stopping threads took: 0.0039940 seconds
254.620: Application time: 0.0576650 seconds
254.620: [GC254.620: [ParNew: 36856K->4115K(37568K), 0.0020840 secs] 312026K->281361K(498504K), 0.0021220 secs] [Times: user=0.01 sys=0.00, real=0.00 secs] 
254.622: Total time for which application threads were stopped: 0.0022540 seconds, Stopping threads took: 0.0000640 seconds
254.678: Application time: 0.0562560 seconds
254.678: [GC254.678: [ParNew: 36983K->4153K(37568K), 0.0020000 secs] 314230K->283464K(498504K), 0.0020430 secs] [Times: user=0.00 sys=0.00, real=0.00 secs] 
254.680: Total time for which application threads were stopped: 0.0021770 seconds, Stopping threads took: 0.0000670 seconds
254.741: Application time: 0.0609270 seconds
254.741: [GC254.741: [ParNew: 37095K->4114K(37568K), 0.0017830 secs] 316405K->284490K(498504K), 0.0018230 secs] [Times: user=0.01 sys=0.00, real=0.00 secs] 
254.743: Total time for which application threads were stopped: 0.0019570 seconds, Stopping threads took: 0.0000680 seconds
254.803: Application time: 0.0599900 seconds
254.803: [GC254.803: [ParNew: 37008K->4114K(37568K), 0.0023690 secs] 317384K->287561K(498504K), 0.0024130 secs] [Times: user=0.02 sys=0.00, real=0.01 secs] 
254.806: Total time for which application threads were stopped: 0.0025780 seconds, Stopping threads took: 0.0000960 seconds
254.865: Application time: 0.0591580 seconds
254.865: [GC254.865: [ParNew: 36996K->4131K(37568K), 0.0021600 secs] 320444K->289627K(498504K), 0.0022020 secs] [Times: user=0.02 sys=0.00, real=0.00 secs] 
254.867: Total time for which application threads were stopped: 0.0023920 seconds, Stopping threads took: 0.0001210 seconds
254.928: Application time: 0.0604450 seconds
254.928: [GC254.928: [ParNew: 36959K->4118K(37568K), 0.0020070 secs] 322455K->291661K(498504K), 0.0020450 secs] [Times: user=0.02 sys=0.00, real=0.00 secs] 
254.930: Total time for which application threads were stopped: 0.0021770 seconds, Stopping threads took: 0.0000650 seconds
254.993: Application time: 0.0624560 seconds
254.993: [GC254.993: [ParNew: 37025K->4117K(37568K), 0.0015110 secs] 324569K->291661K(498504K), 0.0015470 secs] [Times: user=0.01 sys=0.00, real=0.00 secs] 
254.994: Total time for which application threads were stopped: 0.0017030 seconds, Stopping threads took: 0.0000840 seconds
255.052: Application time: 0.0575180 seconds
255.052: [GC255.052: [ParNew: 36544K->4151K(37568K), 0.0016560 secs] 324088K->291695K(498504K), 0.0016970 secs] [Times: user=0.02 sys=0.00, real=0.00 secs] 
255.054: Total time for which application threads were stopped: 0.0018300 seconds, Stopping threads took: 0.0000640 seconds
255.114: Application time: 0.0603970 seconds
255.116: [GC255.116: [ParNew: 37198K->4158K(37568K), 0.0018240 secs] 324741K->292797K(498504K), 0.0018650 secs] [Times: user=0.01 sys=0.00, real=0.00 secs] 
255.118: Total time for which application threads were stopped: 0.0043720 seconds, Stopping threads took: 0.0024320 seconds
255.176: Application time: 0.0577270 seconds
255.176: [GC255.176: [ParNew: 36993K->4158K(37568K), 0.0018540 secs] 325632K->293868K(498504K), 0.0018950 secs] [Times: user=0.01 sys=0.00, real=0.01 secs] 
255.178: Total time for which application threads were stopped: 0.0020270 seconds, Stopping threads took: 0.0000630 seconds
255.234: Application time: 0.0559190 seconds
255.234: [GC255.234: [ParNew: 37566K->4146K(37568K), 0.0017210 secs] 327276K->294908K(498504K), 0.0017640 secs] [Times: user=0.01 sys=0.00, real=0.00 secs] 
255.236: Total time for which application threads were stopped: 0.0019360 seconds, Stopping threads took: 0.0001040 seconds
255.299: Application time: 0.0632840 seconds
255.299: [GC255.299: [ParNew: 37097K->3115K(37568K), 0.0012030 secs] 327859K->293905K(498504K), 0.0012400 secs] [Times: user=0.01 sys=0.00, real=0.00 secs] 
255.301: Total time for which application threads were stopped: 0.0013780 seconds, Stopping threads took: 0.0000730 seconds
255.355: Application time: 0.0544420 seconds
255.355: [GC255.355: [ParNew: 35889K->4156K(37568K), 0.0020410 secs] 326680K->297010K(498504K), 0.0020820 secs] [Times: user=0.02 sys=0.00, real=0.01 secs] 
255.357: Total time for which application threads were stopped: 0.0022200 seconds, Stopping threads took: 0.0000680 seconds
255.417: Application time: 0.0601870 seconds
255.418: [GC255.418: [ParNew: 37078K->4112K(37568K), 0.0023340 secs] 329933K->300079K(498504K), 0.0023830 secs] [Times: user=0.02 sys=0.00, real=0.00 secs] 
255.420: Total time for which application threads were stopped: 0.0025460 seconds, Stopping threads took: 0.0000920 seconds
255.481: Application time: 0.0608470 seconds
255.481: [GC255.481: [ParNew: 37057K->4130K(37568K), 0.0022240 secs] 333025K->302145K(498504K), 0.0022670 secs] [Times: user=0.02 sys=0.00, real=0.00 secs] 
255.483: Total time for which application threads were stopped: 0.0023930 seconds, Stopping threads took: 0.0000580 seconds
255.544: Application time: 0.0606410 seconds
255.544: [GC255.544: [ParNew: 36948K->4131K(37568K), 0.0019650 secs] 334963K->304195K(498504K), 0.0020060 secs] [Times: user=0.02 sys=0.00, real=0.01 secs] 
255.546: Total time for which application threads were stopped: 0.0021330 seconds, Stopping threads took: 0.0000580 seconds
255.606: Application time: 0.0602700 seconds
255.606: [GC255.606: [ParNew: 36987K->4112K(37568K), 0.0017440 secs] 337051K->305199K(498504K), 0.0017830 secs] [Times: user=0.01 sys=0.00, real=0.00 secs] 
255.608: Total time for which application threads were stopped: 0.0019330 seconds, Stopping threads took: 0.0000810 seconds
255.667: Application time: 0.0591190 seconds
255.667: [GC255.668: [ParNew: 37520K->4112K(37568K), 0.0024880 secs] 338607K->308271K(498504K), 0.0025300 secs] [Times: user=0.02 sys=0.00, real=0.00 secs] 
255.670: Total time for which application threads were stopped: 0.0026800 seconds, Stopping threads took: 0.0000720 seconds
255.732: Application time: 0.0622060 seconds
255.732: [GC255.732: [ParNew: 37150K->4158K(37568K), 0.0017820 secs] 341309K->309342K(498504K), 0.0018230 secs] [Times: user=0.01 sys=0.00, real=0.00 secs] 
255.734: Total time for which application threads were stopped: 0.0019870 seconds, Stopping threads took: 0.0000990 seconds
255.788: Application time: 0.0535160 seconds
255.788: [GC255.788: [ParNew: 37030K->4150K(37568K), 0.0025300 secs] 342214K->312483K(498504K), 0.0025750 secs] [Times: user=0.02 sys=0.00, real=0.00 secs] 
255.790: Total time for which application threads were stopped: 0.0027230 seconds, Stopping threads took: 0.0000800 seconds
255.853: Application time: 0.0623250 seconds
255.853: [GC255.853: [ParNew: 37215K->4158K(37568K), 0.0020390 secs] 345548K->314577K(498504K), 0.0020800 secs] [Times: user=0.02 sys=0.00, real=0.00 secs] 
255.855: Total time for which application threads were stopped: 0.0022170 seconds, Stopping threads took: 0.0000720 seconds
255.915: Application time: 0.0604100 seconds
255.916: [GC255.916: [ParNew: 37083K->4153K(37568K), 0.0018700 secs] 347502K->315649K(498504K), 0.0019100 secs] [Times: user=0.01 sys=0.00, real=0.01 secs] 
255.917: Total time for which application threads were stopped: 0.0020420 seconds, Stopping threads took: 0.0000640 seconds
255.976: Application time: 0.0584560 seconds
255.976: [GC255.976: [ParNew: 36758K->4147K(37568K), 0.0014740 secs] 348253K->315647K(498504K), 0.0015120 secs] [Times: user=0.01 sys=0.00, real=0.01 secs] 
255.978: Total time for which application threads were stopped: 0.0016630 seconds, Stopping threads took: 0.0000850 seconds
256.039: Application time: 0.0612590 seconds
256.039: [GC256.039: [ParNew: 37045K->4159K(37568K), 0.0015240 secs] 348545K->315675K(498504K), 0.0015600 secs] [Times: user=0.01 sys=0.00, real=0.00 secs] 
256.041: Total time for which application threads were stopped: 0.0016740 seconds, Stopping threads took: 0.0000530 seconds
256.095: Application time: 0.0545590 seconds
256.095: [GC256.095: [ParNew: 36676K->4114K(37568K), 0.0020300 secs] 348192K->317719K(498504K), 0.0020740 secs] [Times: user=0.02 sys=0.00, real=0.01 secs] 
256.097: Total time for which application threads were stopped: 0.0022480 seconds, Stopping threads took: 0.0001090 seconds
256.156: Application time: 0.0587360 seconds
256.156: [GC256.156: [ParNew: 37018K->4112K(37568K), 0.0023940 secs] 350622K->320789K(498504K), 0.0024370 secs] [Times: user=0.01 sys=0.00, real=0.01 secs] 
256.159: Total time for which application threads were stopped: 0.0025920 seconds, Stopping threads took: 0.0000850 seconds
256.221: Application time: 0.0623420 seconds
256.221: [GC256.221: [ParNew: 36997K->4116K(37568K), 0.0017810 secs] 353673K->321817K(498504K), 0.0018220 secs] [Times: user=0.02 sys=0.00, real=0.00 secs] 
256.223: Total time for which application threads were stopped: 0.0019680 seconds, Stopping threads took: 0.0000630 seconds
256.285: Application time: 0.0620370 seconds
256.285: [GC256.285: [ParNew: 36959K->4148K(37568K), 0.0013990 secs] 354660K->321849K(498504K), 0.0014380 secs] [Times: user=0.01 sys=0.00, real=0.00 secs] 
256.287: Total time for which application threads were stopped: 0.0016050 seconds, Stopping threads took: 0.0001020 seconds
256.344: Application time: 0.0572410 seconds
256.349: [GC256.349: [ParNew: 36547K->2080K(37568K), 0.0008740 secs] 354248K->319781K(498504K), 0.0009070 secs] [Times: user=0.01 sys=0.00, real=0.00 secs] 
256.349: Total time for which application threads were stopped: 0.0055450 seconds, Stopping threads took: 0.0045740 seconds
256.402: Application time: 0.0529290 seconds
256.403: [GC256.403: [ParNew: 34553K->4112K(37568K), 0.0025570 secs] 352254K->324885K(498504K), 0.0026040 secs] [Times: user=0.02 sys=0.00, real=0.01 secs] 
256.405: Total time for which application threads were stopped: 0.0028980 seconds, Stopping threads took: 0.0002030 seconds
256.466: Application time: 0.0606870 seconds
256.466: [GC256.466: [ParNew: 37516K->4156K(37568K), 0.0024450 secs] 358289K->328069K(498504K), 0.0024910 secs] [Times: user=0.02 sys=0.00, real=0.00 secs] 
256.469: Total time for which application threads were stopped: 0.0026280 seconds, Stopping threads took: 0.0000650 seconds
256.530: Application time: 0.0614420 seconds
256.530: [GC256.530: [ParNew: 37157K->4152K(37568K), 0.0017900 secs] 361070K->329151K(498504K), 0.0018310 secs] [Times: user=0.02 sys=0.00, real=0.00 secs] 
256.532: Total time for which application threads were stopped: 0.0019960 seconds, Stopping threads took: 0.0000980 seconds
256.593: Application time: 0.0607720 seconds
256.593: [GC256.593: [ParNew: 37049K->4146K(37568K), 0.0014970 secs] 362048K->329157K(498504K), 0.0015430 secs] [Times: user=0.01 sys=0.00, real=0.00 secs] 
256.594: Total time for which application threads were stopped: 0.0016790 seconds, Stopping threads took: 0.0000700 seconds
256.652: Application time: 0.0575990 seconds
256.652: [GC256.652: [ParNew: 36611K->4113K(37568K), 0.0017900 secs] 361622K->330177K(498504K), 0.0018310 secs] [Times: user=0.01 sys=0.00, real=0.00 secs] 
256.654: Total time for which application threads were stopped: 0.0020060 seconds, Stopping threads took: 0.0001060 seconds
256.713: Application time: 0.0588470 seconds
256.713: [GC256.713: [ParNew: 37100K->4159K(37568K), 0.0015820 secs] 363164K->330248K(498504K), 0.0016170 secs] [Times: user=0.01 sys=0.00, real=0.00 secs] 
256.715: Total time for which application threads were stopped: 0.0017430 seconds, Stopping threads took: 0.0000600 seconds
256.775: Application time: 0.0599650 seconds
256.775: [GC256.775: [ParNew: 36898K->4115K(37568K), 0.0020880 secs] 362986K->332284K(498504K), 0.0021310 secs] [Times: user=0.01 sys=0.00, real=0.01 secs] 
256.777: Total time for which application threads were stopped: 0.0022980 seconds, Stopping threads took: 0.0000900 seconds
256.836: Application time: 0.0585530 seconds
256.836: [GC256.836: [ParNew: 36728K->4117K(37568K), 0.0017260 secs] 364897K->333310K(498504K), 0.0017640 secs] [Times: user=0.01 sys=0.00, real=0.01 secs] 
256.837: Total time for which application threads were stopped: 0.0018930 seconds, Stopping threads took: 0.0000650 seconds
256.895: Application time: 0.0580560 seconds
256.896: [GC256.896: [ParNew: 36782K->4128K(37568K), 0.0018330 secs] 365975K->334346K(498504K), 0.0018730 secs] [Times: user=0.01 sys=0.00, real=0.01 secs] 
256.898: Total time for which application threads were stopped: 0.0020980 seconds, Stopping threads took: 0.0001590 seconds
256.957: Application time: 0.0592750 seconds
256.957: [GC256.957: [ParNew: 36844K->4133K(37568K), 0.0018250 secs] 367062K->335374K(498504K), 0.0018630 secs] [Times: user=0.02 sys=0.00, real=0.00 secs] 
256.959: Total time for which application threads were stopped: 0.0020370 seconds, Stopping threads took: 0.0001060 seconds
257.017: Application time: 0.0579880 seconds
257.017: [GC257.017: [ParNew: 36793K->4133K(37568K), 0.0017260 secs] 368035K->336398K(498504K), 0.0017650 secs] [Times: user=0.01 sys=0.00, real=0.00 secs] 
257.019: Total time for which application threads were stopped: 0.0019090 seconds, Stopping threads took: 0.0000760 seconds
257.078: Application time: 0.0597140 seconds
257.079: [GC257.079: [ParNew: 36958K->4116K(37568K), 0.0019890 secs] 369224K->338429K(498504K), 0.0020310 secs] [Times: user=0.01 sys=0.00, real=0.00 secs] 
257.081: Total time for which application threads were stopped: 0.0021670 seconds, Stopping threads took: 0.0000730 seconds
257.140: Application time: 0.0594400 seconds
257.140: [GC257.140: [ParNew: 37428K->4158K(37568K), 0.0023600 secs] 371742K->341612K(498504K), 0.0024020 secs] [Times: user=0.02 sys=0.00, real=0.00 secs] 
257.143: Total time for which application threads were stopped: 0.0025330 seconds, Stopping threads took: 0.0000650 seconds
257.202: Application time: 0.0590680 seconds
257.202: [GC257.202: [ParNew: 37097K->4158K(37568K), 0.0020600 secs] 374551K->343707K(498504K), 0.0021020 secs] [Times: user=0.01 sys=0.00, real=0.00 secs] 
257.204: Total time for which application threads were stopped: 0.0022650 seconds, Stopping threads took: 0.0000930 seconds
257.267: Application time: 0.0625700 seconds
257.267: [GC257.267: [ParNew: 37185K->4156K(37568K), 0.0015240 secs] 376734K->343758K(498504K), 0.0015620 secs] [Times: user=0.01 sys=0.00, real=0.00 secs] 
257.268: Total time for which application threads were stopped: 0.0016890 seconds, Stopping threads took: 0.0000620 seconds
257.327: Application time: 0.0584210 seconds
257.327: [GC257.327: [ParNew: 36763K->4136K(37568K), 0.0015160 secs] 376365K->343742K(498504K), 0.0015620 secs] [Times: user=0.01 sys=0.00, real=0.00 secs] 
257.328: Total time for which application threads were stopped: 0.0017690 seconds, Stopping threads took: 0.0001310 seconds
257.389: Application time: 0.0605420 seconds
257.389: [GC257.389: [ParNew: 37066K->4159K(37568K), 0.0015250 secs] 376672K->343813K(498504K), 0.0015570 secs] [Times: user=0.01 sys=0.00, real=0.00 secs] 
257.391: Total time for which application threads were stopped: 0.0016720 seconds, Stopping threads took: 0.0000550 seconds
257.448: Application time: 0.0574020 seconds
257.448: [GC257.448: [ParNew: 37563K->4122K(37568K), 0.0016390 secs] 377217K->343785K(498504K), 0.0016760 secs] [Times: user=0.01 sys=0.00, real=0.00 secs] 
257.450: Total time for which application threads were stopped: 0.0018360 seconds, Stopping threads took: 0.0000990 seconds
257.508: Application time: 0.0583090 seconds
257.508: [GC257.508: [ParNew: 36882K->4110K(37568K), 0.0023150 secs] 376545K->346845K(498504K), 0.0023570 secs] [Times: user=0.01 sys=0.00, real=0.00 secs] 
257.511: Total time for which application threads were stopped: 0.0025130 seconds, Stopping threads took: 0.0000860 seconds
257.570: Application time: 0.0592030 seconds
257.570: [GC257.570: [ParNew: 36938K->4128K(37568K), 0.0021320 secs] 379673K->348911K(498504K), 0.0021720 secs] [Times: user=0.01 sys=0.00, real=0.00 secs] 
257.572: Total time for which application threads were stopped: 0.0023100 seconds, Stopping threads took: 0.0000710 seconds
257.630: Application time: 0.0581320 seconds
257.632: [GC257.632: [ParNew: 36765K->4131K(37568K), 0.0015600 secs] 381548K->348914K(498504K), 0.0015990 secs] [Times: user=0.01 sys=0.00, real=0.00 secs] 
257.634: Total time for which application threads were stopped: 0.0036720 seconds, Stopping threads took: 0.0020050 seconds
257.694: Application time: 0.0600190 seconds
257.694: [GC257.694: [ParNew: 36734K->4120K(37568K), 0.0016610 secs] 381517K->349927K(498504K), 0.0017020 secs] [Times: user=0.01 sys=0.00, real=0.00 secs] 
257.696: Total time for which application threads were stopped: 0.0018180 seconds, Stopping threads took: 0.0000530 seconds
257.753: Application time: 0.0575710 seconds
257.754: [GC257.754: [ParNew: 36949K->4112K(37568K), 0.0019680 secs] 382756K->351967K(498504K), 0.0020070 secs] [Times: user=0.01 sys=0.00, real=0.00 secs] 
257.756: Total time for which application threads were stopped: 0.0021340 seconds, Stopping threads took: 0.0000620 seconds
257.813: Application time: 0.0577750 seconds
257.813: [GC257.813: [ParNew: 37422K->4158K(37568K), 0.0025010 secs] 385277K->355153K(498504K), 0.0025410 secs] [Times: user=0.01 sys=0.00, real=0.00 secs] 
257.816: Total time for which application threads were stopped: 0.0026720 seconds, Stopping threads took: 0.0000610 seconds
257.816: Application time: 0.0000310 seconds
257.816: [GC [1 CMS-initial-mark: 350995K(460936K)] 356177K(498504K), 0.0001430 secs] [Times: user=0.00 sys=0.00, real=0.01 secs] 
257.816: Total time for which application threads were stopped: 0.0003370 seconds, Stopping threads took: 0.0001700 seconds
257.816: [CMS-concurrent-mark-start]
257.821: [CMS-concurrent-mark: 0.004/0.004 secs] [Times: user=0.03 sys=0.00, real=0.00 secs] 
257.821: [CMS-concurrent-preclean-start]
257.821: [CMS-concurrent-preclean: 0.001/0.001 secs] [Times: user=0.00 sys=0.00, real=0.00 secs] 
257.821: [CMS-concurrent-abortable-preclean-start]
257.879: Application time: 0.0625320 seconds
257.879: [GC257.879: [ParNew: 37084K->4158K(37568K), 0.0023180 secs] 388080K->357247K(498504K), 0.0023570 secs] [Times: user=0.02 sys=0.00, real=0.00 secs] 
257.881: Total time for which application threads were stopped: 0.0024970 seconds, Stopping threads took: 0.0000640 seconds
257.942: Application time: 0.0603250 seconds
257.942: [GC257.942: [ParNew: 37009K->4158K(37568K), 0.0018240 secs] 390098K->358301K(498504K), 0.0018620 secs] [Times: user=0.01 sys=0.00, real=0.00 secs] 
257.944: Total time for which application threads were stopped: 0.0019900 seconds, Stopping threads took: 0.0000690 seconds
258.006: Application time: 0.0619710 seconds
258.006: [GC258.006: [ParNew: 37059K->4120K(37568K), 0.0017260 secs] 391202K->359316K(498504K), 0.0017760 secs] [Times: user=0.01 sys=0.00, real=0.00 secs] 
258.008: Total time for which application threads were stopped: 0.0019260 seconds, Stopping threads took: 0.0000830 seconds
258.067: Application time: 0.0588660 seconds
258.067: [GC258.067: [ParNew: 36845K->4158K(37568K), 0.0019040 secs] 392041K->360422K(498504K), 0.0019450 secs] [Times: user=0.01 sys=0.00, real=0.00 secs] 
258.069: Total time for which application threads were stopped: 0.0020780 seconds, Stopping threads took: 0.0000650 seconds
258.128: Application time: 0.0594290 seconds
258.128: [GC258.128: [ParNew: 36830K->4136K(37568K), 0.0013990 secs] 393094K->360417K(498504K), 0.0014360 secs] [Times: user=0.01 sys=0.00, real=0.00 secs] 
258.130: Total time for which application threads were stopped: 0.0015700 seconds, Stopping threads took: 0.0000690 seconds
258.188: Application time: 0.0580650 seconds
258.188: [GC258.188: [ParNew: 36749K->4134K(37568K), 0.0018380 secs] 393030K->361439K(498504K), 0.0018820 secs] [Times: user=0.01 sys=0.00, real=0.00 secs] 
258.190: Total time for which application threads were stopped: 0.0020180 seconds, Stopping threads took: 0.0000670 seconds
258.247: Application time: 0.0575330 seconds
258.247: [GC258.247: [ParNew: 36727K->4112K(37568K), 0.0023770 secs] 394033K->364490K(498504K), 0.0024190 secs] [Times: user=0.02 sys=0.00, real=0.00 secs] 
258.250: Total time for which application threads were stopped: 0.0025580 seconds, Stopping threads took: 0.0000710 seconds
258.311: Application time: 0.0607210 seconds
258.311: [GC258.311: [ParNew: 36997K->4128K(37568K), 0.0021790 secs] 397374K->366553K(498504K), 0.0022230 secs] [Times: user=0.02 sys=0.00, real=0.00 secs] 
258.313: Total time for which application threads were stopped: 0.0023610 seconds, Stopping threads took: 0.0000730 seconds
258.370: Application time: 0.0574580 seconds
258.371: [GC258.371: [ParNew: 36665K->4130K(37568K), 0.0022960 secs] 399091K->368603K(498504K), 0.0023370 secs] [Times: user=0.02 sys=0.00, real=0.00 secs] 
258.373: Total time for which application threads were stopped: 0.0025480 seconds, Stopping threads took: 0.0001230 seconds
258.434: Application time: 0.0614510 seconds
258.434: [GC258.434: [ParNew: 37163K->4144K(37568K), 0.0017490 secs] 401637K->369641K(498504K), 0.0017880 secs] [Times: user=0.02 sys=0.00, real=0.00 secs] 
258.436: Total time for which application threads were stopped: 0.0019260 seconds, Stopping threads took: 0.0000600 seconds
258.498: Application time: 0.0615770 seconds
258.498: [GC258.498: [ParNew: 37315K->4159K(37568K), 0.0020650 secs] 402812K->371790K(498504K), 0.0021030 secs] [Times: user=0.02 sys=0.00, real=0.00 secs] 
258.500: Total time for which application threads were stopped: 0.0022460 seconds, Stopping threads took: 0.0000790 seconds
258.557: Application time: 0.0569720 seconds
258.557: [GC258.557: [ParNew: 36877K->4141K(37568K), 0.0022210 secs] 404507K->373849K(498504K), 0.0022640 secs] [Times: user=0.02 sys=0.00, real=0.00 secs] 
258.559: Total time for which application threads were stopped: 0.0023970 seconds, Stopping threads took: 0.0000650 seconds
258.618: Application time: 0.0580830 seconds
258.618: [GC258.618: [ParNew: 36905K->4142K(37568K), 0.0024320 secs] 406613K->376950K(498504K), 0.0024740 secs] [Times: user=0.02 sys=0.00, real=0.00 secs] 
258.620: Total time for which application threads were stopped: 0.0026260 seconds, Stopping threads took: 0.0000840 seconds
258.683: Application time: 0.0632280 seconds
258.684: [GC258.684: [ParNew: 37113K->4146K(37568K), 0.0017360 secs] 409922K->378007K(498504K), 0.0017740 secs] [Times: user=0.01 sys=0.00, real=0.01 secs] 
258.685: Total time for which application threads were stopped: 0.0019100 seconds, Stopping threads took: 0.0000690 seconds
258.743: Application time: 0.0572140 seconds
258.743: [GC258.743: [ParNew: 36865K->4159K(37568K), 0.0015150 secs] 410726K->378052K(498504K), 0.0015530 secs] [Times: user=0.01 sys=0.00, real=0.00 secs] 
258.744: Total time for which application threads were stopped: 0.0016970 seconds, Stopping threads took: 0.0000690 seconds
258.804: Application time: 0.0598360 seconds
258.804: [GC258.804: [ParNew: 36761K->4114K(37568K), 0.0019700 secs] 410654K->380080K(498504K), 0.0020120 secs] [Times: user=0.01 sys=0.00, real=0.01 secs] 
258.806: Total time for which application threads were stopped: 0.0021350 seconds, Stopping threads took: 0.0000570 seconds
258.860: Application time: 0.0535460 seconds
258.860: [GC258.860: [ParNew: 36693K->4120K(37568K), 0.0020800 secs] 412659K->382134K(498504K), 0.0021200 secs] [Times: user=0.02 sys=0.00, real=0.00 secs] 
258.862: Total time for which application threads were stopped: 0.0022490 seconds, Stopping threads took: 0.0000610 seconds
258.921: Application time: 0.0586770 seconds
258.921: [GC258.921: [ParNew: 36995K->4114K(37568K), 0.0024080 secs] 415010K->385200K(498504K), 0.0024460 secs] [Times: user=0.02 sys=0.00, real=0.00 secs] 
258.923: Total time for which application threads were stopped: 0.0025820 seconds, Stopping threads took: 0.0000690 seconds
258.987: Application time: 0.0640450 seconds
258.987: [GC258.987: [ParNew: 37112K->4111K(37568K), 0.0019970 secs] 418198K->387245K(498504K), 0.0020360 secs] [Times: user=0.02 sys=0.00, real=0.00 secs] 
258.989: Total time for which application threads were stopped: 0.0021750 seconds, Stopping threads took: 0.0000620 seconds
259.047: Application time: 0.0572470 seconds
259.047: [GC259.047: [ParNew: 36804K->4118K(37568K), 0.0021570 secs] 419938K->389300K(498504K), 0.0022010 secs] [Times: user=0.01 sys=0.00, real=0.00 secs] 
259.049: Total time for which application threads were stopped: 0.0023370 seconds, Stopping threads took: 0.0000650 seconds
259.111: Application time: 0.0620660 seconds
259.111: [GC259.111: [ParNew: 37020K->4142K(37568K), 0.0038230 secs] 422202K->390348K(498504K), 0.0038650 secs] [Times: user=0.03 sys=0.00, real=0.00 secs] 
259.115: Total time for which application threads were stopped: 0.0040270 seconds, Stopping threads took: 0.0000940 seconds
259.176: Application time: 0.0604250 seconds
259.176: [GC259.176: [ParNew: 37183K->4156K(37568K), 0.0017750 secs] 423390K->391463K(498504K), 0.0018140 secs] [Times: user=0.02 sys=0.00, real=0.00 secs] 
259.178: Total time for which application threads were stopped: 0.0026530 seconds, Stopping threads took: 0.0007740 seconds
259.234: Application time: 0.0553630 seconds
259.234: [GC259.234: [ParNew: 36783K->4146K(37568K), 0.0021180 secs] 424090K->393554K(498504K), 0.0021630 secs] [Times: user=0.02 sys=0.00, real=0.00 secs] 
259.236: Total time for which application threads were stopped: 0.0023070 seconds, Stopping threads took: 0.0000750 seconds
259.299: Application time: 0.0629370 seconds
259.299: [GC259.299: [ParNew: 37212K->4142K(37568K), 0.0019950 secs] 426621K->395611K(498504K), 0.0020340 secs] [Times: user=0.01 sys=0.00, real=0.00 secs] 
259.301: Total time for which application threads were stopped: 0.0021630 seconds, Stopping threads took: 0.0000620 seconds
259.359: Application time: 0.0577520 seconds
259.359: [GC259.359: [ParNew: 36847K->4131K(37568K), 0.0018240 secs] 428316K->396653K(498504K), 0.0018590 secs] [Times: user=0.01 sys=0.00, real=0.00 secs] 
259.361: Total time for which application threads were stopped: 0.0020180 seconds, Stopping threads took: 0.0000940 seconds
259.422: Application time: 0.0612220 seconds
259.422: [GC259.422: [ParNew: 37020K->4159K(37568K), 0.0014940 secs] 429541K->396726K(498504K), 0.0015310 secs] [Times: user=0.01 sys=0.00, real=0.00 secs] 
259.424: Total time for which application threads were stopped: 0.0016690 seconds, Stopping threads took: 0.0000740 seconds
259.481: Application time: 0.0574080 seconds
259.481: [GC259.481: [ParNew: 37567K->4135K(37568K), 0.0014930 secs] 430134K->396715K(498504K), 0.0015320 secs] [Times: user=0.01 sys=0.00, real=0.00 secs] 
259.483: Total time for which application threads were stopped: 0.0016700 seconds, Stopping threads took: 0.0000740 seconds
259.542: Application time: 0.0588880 seconds
259.542: [GC259.542: [ParNew: 36903K->4116K(37568K), 0.0020870 secs] 429483K->398744K(498504K), 0.0021350 secs] [Times: user=0.01 sys=0.00, real=0.00 secs] 
259.544: Total time for which application threads were stopped: 0.0022660 seconds, Stopping threads took: 0.0000570 seconds
259.602: Application time: 0.0576200 seconds
259.602: [GC259.602: [ParNew: 36890K->4128K(37568K), 0.0020850 secs] 431518K->400804K(498504K), 0.0021270 secs] [Times: user=0.02 sys=0.00, real=0.00 secs] 
259.604: Total time for which application threads were stopped: 0.0022550 seconds, Stopping threads took: 0.0000580 seconds
259.663: Application time: 0.0590810 seconds
259.663: [GC259.663: [ParNew: 36914K->4116K(37568K), 0.0020840 secs] 433590K->402840K(498504K), 0.0021260 secs] [Times: user=0.01 sys=0.00, real=0.01 secs] 
259.665: Total time for which application threads were stopped: 0.0022710 seconds, Stopping threads took: 0.0000780 seconds
259.727: Application time: 0.0621650 seconds
259.727: [GC259.727: [ParNew: 37074K->4134K(37568K), 0.0016980 secs] 435798K->403882K(498504K), 0.0017340 secs] [Times: user=0.01 sys=0.00, real=0.00 secs] 
259.729: Total time for which application threads were stopped: 0.0018860 seconds, Stopping threads took: 0.0000880 seconds
259.789: Application time: 0.0594540 seconds
259.789: [GC259.789: [ParNew: 36944K->4156K(37568K), 0.0017290 secs] 436692K->404948K(498504K), 0.0017660 secs] [Times: user=0.02 sys=0.00, real=0.00 secs] 
259.791: Total time for which application threads were stopped: 0.0018990 seconds, Stopping threads took: 0.0000670 seconds
259.848: Application time: 0.0578270 seconds
259.849: [GC259.849: [ParNew: 37028K->4158K(37568K), 0.0021350 secs] 437820K->407035K(498504K), 0.0021710 secs] [Times: user=0.02 sys=0.00, real=0.00 secs] 
259.851: Total time for which application threads were stopped: 0.0024170 seconds, Stopping threads took: 0.0001800 seconds
259.911: Application time: 0.0604030 seconds
259.911: [GC259.911: [ParNew: 37076K->4156K(37568K), 0.0017940 secs] 439953K->408118K(498504K), 0.0018340 secs] [Times: user=0.02 sys=0.00, real=0.00 secs] 
259.913: Total time for which application threads were stopped: 0.0019930 seconds, Stopping threads took: 0.0000910 seconds
259.972: Application time: 0.0584340 seconds
259.972: [GC259.972: [ParNew: 36906K->4158K(37568K), 0.0018620 secs] 440868K->409173K(498504K), 0.0018990 secs] [Times: user=0.01 sys=0.00, real=0.00 secs] 
259.974: Total time for which application threads were stopped: 0.0020500 seconds, Stopping threads took: 0.0000870 seconds
260.035: Application time: 0.0616450 seconds
260.036: [GC260.036: [ParNew: 37149K->4130K(37568K), 0.0019990 secs] 442164K->411217K(498504K), 0.0020370 secs] [Times: user=0.01 sys=0.00, real=0.01 secs] 
260.038: Total time for which application threads were stopped: 0.0022090 seconds, Stopping threads took: 0.0001040 seconds
260.096: Application time: 0.0582150 seconds
260.096: [GC260.096: [ParNew: 36943K->4157K(37568K), 0.0017560 secs] 444031K->412304K(498504K), 0.0017930 secs] [Times: user=0.02 sys=0.00, real=0.01 secs] 
260.098: Total time for which application threads were stopped: 0.0019480 seconds, Stopping threads took: 0.0000800 seconds
260.157: Application time: 0.0588710 seconds
260.157: [GC260.157: [ParNew: 36778K->4128K(37568K), 0.0021040 secs] 444925K->414344K(498504K), 0.0021440 secs] [Times: user=0.01 sys=0.00, real=0.00 secs] 
260.159: Total time for which application threads were stopped: 0.0022900 seconds, Stopping threads took: 0.0000790 seconds
260.221: Application time: 0.0622870 seconds
260.224: [GC260.225: [ParNew: 37116K->4146K(37568K), 0.0017900 secs] 447333K->415386K(498504K), 0.0018300 secs] [Times: user=0.01 sys=0.00, real=0.00 secs] 
260.226: Total time for which application threads were stopped: 0.0051500 seconds, Stopping threads took: 0.0032560 seconds
260.283: Application time: 0.0568660 seconds
260.283: [GC260.283: [ParNew: 36645K->4137K(37568K), 0.0017870 secs] 447885K->415377K(498504K), 0.0018230 secs] [Times: user=0.01 sys=0.00, real=0.01 secs] 
260.285: Total time for which application threads were stopped: 0.0019810 seconds, Stopping threads took: 0.0000820 seconds
260.344: Application time: 0.0586560 seconds
260.344: [GC260.344: [ParNew: 36646K->4117K(37568K), 0.0017880 secs] 447886K->416381K(498504K), 0.0018350 secs] [Times: user=0.01 sys=0.00, real=0.01 secs] 
260.346: Total time for which application threads were stopped: 0.0019630 seconds, Stopping threads took: 0.0000610 seconds
260.404: Application time: 0.0578800 seconds
260.404: [GC260.404: [ParNew: 36857K->4112K(37568K), 0.0023820 secs] 449122K->419448K(498504K), 0.0024240 secs] [Times: user=0.02 sys=0.00, real=0.01 secs] 
260.406: Total time for which application threads were stopped: 0.0025560 seconds, Stopping threads took: 0.0000640 seconds
260.467: Application time: 0.0604120 seconds
260.468: [GC260.468: [ParNew: 37164K->4156K(37568K), 0.0021310 secs] 452500K->421540K(498504K), 0.0021760 secs] [Times: user=0.01 sys=0.00, real=0.00 secs] 
260.471: Total time for which application threads were stopped: 0.0039450 seconds, Stopping threads took: 0.0017010 seconds
260.533: Application time: 0.0620690 seconds
260.533: [GC260.533: [ParNew: 37120K->4158K(37568K), 0.0014590 secs] 454504K->421600K(498504K), 0.0015010 secs] [Times: user=0.01 sys=0.00, real=0.00 secs] 
260.534: Total time for which application threads were stopped: 0.0016680 seconds, Stopping threads took: 0.0001030 seconds
260.591: Application time: 0.0562430 seconds
260.591: [GC260.591: [ParNew: 36751K->4158K(37568K), 0.0015370 secs] 454194K->421645K(498504K), 0.0015760 secs] [Times: user=0.01 sys=0.00, real=0.00 secs] 
260.592: Total time for which application threads were stopped: 0.0017290 seconds, Stopping threads took: 0.0000880 seconds
260.652: Application time: 0.0592140 seconds
260.652: [GC260.652: [ParNew: 37159K->4145K(37568K), 0.0021800 secs] 454646K->423722K(498504K), 0.0022220 secs] [Times: user=0.02 sys=0.00, real=0.00 secs] 
260.654: Total time for which application threads were stopped: 0.0023620 seconds, Stopping threads took: 0.0000620 seconds
260.713: Application time: 0.0586590 seconds
260.713: [GC260.713: [ParNew: 36991K->4114K(37568K), 0.0020500 secs] 456567K->425767K(498504K), 0.0020920 secs] [Times: user=0.01 sys=0.00, real=0.00 secs] 
260.715: Total time for which application threads were stopped: 0.0022850 seconds, Stopping threads took: 0.0001260 seconds
260.776: Application time: 0.0612030 seconds
260.776: [GC260.776: [ParNew: 37297K->4159K(37568K), 0.0017960 secs] 458949K->426864K(498504K), 0.0018380 secs] [Times: user=0.02 sys=0.00, real=0.01 secs] 
260.778: Total time for which application threads were stopped: 0.0020150 seconds, Stopping threads took: 0.0001090 seconds
260.840: Application time: 0.0615420 seconds
260.840: [GC260.840: [ParNew: 37018K->4129K(37568K), 0.0020300 secs] 459722K->428911K(498504K), 0.0020720 secs] [Times: user=0.02 sys=0.00, real=0.00 secs] 
260.842: Total time for which application threads were stopped: 0.0022050 seconds, Stopping threads took: 0.0000640 seconds
260.902: Application time: 0.0599960 seconds
260.902: [GC260.902: [ParNew: 36832K->3145K(37568K), 0.0012360 secs] 461613K->427927K(498504K), 0.0012660 secs] [Times: user=0.01 sys=0.00, real=0.00 secs] 
260.903: Total time for which application threads were stopped: 0.0013870 seconds, Stopping threads took: 0.0000620 seconds
260.962: Application time: 0.0588160 seconds
260.962: [GC260.962: [ParNew: 35536K->4124K(37568K), 0.0014070 secs] 460318K->428906K(498504K), 0.0014450 secs] [Times: user=0.01 sys=0.00, real=0.00 secs] 
260.964: Total time for which application threads were stopped: 0.0015770 seconds, Stopping threads took: 0.0000690 seconds
261.024: Application time: 0.0601290 seconds
261.024: [GC261.024: [ParNew: 36898K->3113K(37568K), 0.0011440 secs] 461680K->427895K(498504K), 0.0011760 secs] [Times: user=0.00 sys=0.00, real=0.01 secs] 
261.025: Total time for which application threads were stopped: 0.0013230 seconds, Stopping threads took: 0.0000880 seconds
261.081: Application time: 0.0560780 seconds
261.081: [GC261.081: [ParNew: 35642K->4118K(37568K), 0.0018350 secs] 460424K->429923K(498504K), 0.0018770 secs] [Times: user=0.01 sys=0.00, real=0.00 secs] 
261.083: Total time for which application threads were stopped: 0.0020220 seconds, Stopping threads took: 0.0000820 seconds
261.141: Application time: 0.0578820 seconds
261.141: [GC261.141: [ParNew: 36897K->4159K(37568K), 0.0017050 secs] 462703K->430989K(498504K), 0.0017440 secs] [Times: user=0.02 sys=0.00, real=0.00 secs] 
261.143: Total time for which application threads were stopped: 0.0018920 seconds, Stopping threads took: 0.0000810 seconds
261.201: Application time: 0.0582060 seconds
261.201: [GC261.201: [ParNew: 36923K->4158K(37568K), 0.0018010 secs] 463752K->432069K(498504K), 0.0018410 secs] [Times: user=0.02 sys=0.00, real=0.00 secs] 
261.203: Total time for which application threads were stopped: 0.0019770 seconds, Stopping threads took: 0.0000600 seconds
261.259: Application time: 0.0555590 seconds
261.259: [GC261.259: [ParNew: 37016K->4152K(37568K), 0.0024580 secs] 464928K->435181K(498504K), 0.0025000 secs] [Times: user=0.02 sys=0.00, real=0.00 secs] 
261.261: Total time for which application threads were stopped: 0.0027240 seconds, Stopping threads took: 0.0001560 seconds
261.323: Application time: 0.0616010 seconds
261.323: [GC261.323: [ParNew: 37148K->4114K(37568K), 0.0023190 secs] 468177K->438255K(498504K), 0.0023590 secs] [Times: user=0.02 sys=0.00, real=0.01 secs] 
261.326: Total time for which application threads were stopped: 0.0024870 seconds, Stopping threads took: 0.0000620 seconds
261.383: Application time: 0.0573530 seconds
261.383: [GC261.383: [ParNew: 37080K->4140K(37568K), 0.0023760 secs] 471222K->441353K(498504K), 0.0024190 secs] [Times: user=0.01 sys=0.00, real=0.01 secs] 
261.385: Total time for which application threads were stopped: 0.0025690 seconds, Stopping threads took: 0.0000820 seconds
261.450: Application time: 0.0642640 seconds
261.450: [GC261.450: [ParNew: 37317K->4153K(37568K), 0.0020760 secs] 474531K->443459K(498504K), 0.0021180 secs] [Times: user=0.02 sys=0.00, real=0.00 secs] 
261.452: Total time for which application threads were stopped: 0.0022480 seconds, Stopping threads took: 0.0000620 seconds
261.511: Application time: 0.0590000 seconds
261.511: [GC261.511: [ParNew: 36891K->4116K(37568K), 0.0021160 secs] 476197K->445511K(498504K), 0.0021540 secs] [Times: user=0.02 sys=0.00, real=0.00 secs] 
261.513: Total time for which application threads were stopped: 0.0022870 seconds, Stopping threads took: 0.0000650 seconds
261.577: Application time: 0.0634590 seconds
261.577: [GC261.577: [ParNew: 37012K->3132K(37568K), 0.0013220 secs] 478408K->444528K(498504K), 0.0013590 secs] [Times: user=0.01 sys=0.00, real=0.00 secs] 
261.578: Total time for which application threads were stopped: 0.0014910 seconds, Stopping threads took: 0.0000700 seconds
261.636: Application time: 0.0578660 seconds
261.636: [GC261.636: [ParNew: 36540K->4138K(37568K), 0.0016870 secs] 477936K->446557K(498504K), 0.0017280 secs] [Times: user=0.01 sys=0.00, real=0.01 secs] 
261.638: Total time for which application threads were stopped: 0.0019160 seconds, Stopping threads took: 0.0001230 seconds
261.699: Application time: 0.0608110 seconds
261.699: [GC261.699: [ParNew: 36930K->4115K(37568K), 0.0017690 secs] 479350K->447558K(498504K), 0.0018100 secs] [Times: user=0.01 sys=0.00, real=0.00 secs] 
261.701: Total time for which application threads were stopped: 0.0019340 seconds, Stopping threads took: 0.0000590 seconds
261.757: Application time: 0.0565310 seconds
261.757: [GC261.757: [ParNew: 36573K->4128K(37568K), 0.0018110 secs] 480016K->448595K(498504K), 0.0018490 secs] [Times: user=0.01 sys=0.00, real=0.00 secs] 
261.759: Total time for which application threads were stopped: 0.0020290 seconds, Stopping threads took: 0.0001030 seconds
261.816: Application time: 0.0568030 seconds
261.816: [GC261.816: [ParNew: 36728K->4148K(37568K), 0.0017700 secs] 481195K->449639K(498504K), 0.0018140 secs] [Times: user=0.01 sys=0.00, real=0.01 secs] 
261.818: Total time for which application threads were stopped: 0.0019780 seconds, Stopping threads took: 0.0000960 seconds
261.881: Application time: 0.0626080 seconds
261.881: [GC261.881: [ParNew: 37265K->4155K(37568K), 0.0017520 secs] 482757K->450715K(498504K), 0.0018000 secs] [Times: user=0.01 sys=0.00, real=0.00 secs] 
261.883: Total time for which application threads were stopped: 0.0019460 seconds, Stopping threads took: 0.0000800 seconds
261.937: Application time: 0.0544520 seconds
261.937: [GC261.937: [ParNew: 36977K->4152K(37568K), 0.0023400 secs] 483537K->452817K(498504K), 0.0023810 secs] [Times: user=0.01 sys=0.00, real=0.00 secs] 
261.940: Total time for which application threads were stopped: 0.0025090 seconds, Stopping threads took: 0.0000620 seconds
261.998: Application time: 0.0583970 seconds
261.998: [GC261.998: [ParNew: 37015K->4114K(37568K), 0.0021800 secs] 485680K->454868K(498504K), 0.0022230 secs] [Times: user=0.01 sys=0.00, real=0.00 secs] 
262.000: Total time for which application threads were stopped: 0.0023600 seconds, Stopping threads took: 0.0000680 seconds
262.064: Application time: 0.0636230 seconds
262.064: [GC262.064: [ParNew: 37242K->4144K(37568K), 0.0017670 secs] 487996K->455922K(498504K), 0.0018050 secs] [Times: user=0.01 sys=0.01, real=0.01 secs] 
262.066: Total time for which application threads were stopped: 0.0019510 seconds, Stopping threads took: 0.0000800 seconds
262.125: Application time: 0.0590100 seconds
262.125: [GC262.125: [ParNew: 37219K->4153K(37568K), 0.0023460 secs] 488997K->459047K(498504K), 0.0023900 secs] [Times: user=0.02 sys=0.00, real=0.00 secs] 
262.127: Total time for which application threads were stopped: 0.0025250 seconds, Stopping threads took: 0.0000620 seconds
262.189: Application time: 0.0611500 seconds
262.189: [GC262.189: [ParNew: 36854K->4130K(37568K), 0.0015180 secs] 491749K->459066K(498504K), 0.0015540 secs] [Times: user=0.01 sys=0.00, real=0.00 secs] 
262.190: Total time for which application threads were stopped: 0.0017530 seconds, Stopping threads took: 0.0001320 seconds
262.252: Application time: 0.0616910 seconds
262.252: [GC262.252: [ParNew: 36882K->3129K(37568K), 0.0011500 secs] 491818K->458064K(498504K), 0.0011920 secs] [Times: user=0.00 sys=0.00, real=0.00 secs] 
262.253: Total time for which application threads were stopped: 0.0013370 seconds, Stopping threads took: 0.0000840 seconds
262.310: Application time: 0.0566890 seconds
262.310: [GC262.310: [ParNew: 36464K->4118K(37568K), 0.0020540 secs] 491400K->461102K(498504K), 0.0020980 secs] [Times: user=0.02 sys=0.00, real=0.00 secs] 
262.312: Total time for which application threads were stopped: 0.0022460 seconds, Stopping threads took: 0.0000720 seconds
262.371: Application time: 0.0588390 seconds
262.371: [GC262.371: [ParNew: 37020K->4112K(37568K), 0.0024210 secs] 494004K->464167K(498504K), 0.0024640 secs] [Times: user=0.02 sys=0.00, real=0.00 secs] 
262.374: Total time for which application threads were stopped: 0.0026280 seconds, Stopping threads took: 0.0000940 seconds
262.433: Application time: 0.0591840 seconds
262.433: [GC262.433: [ParNew: 36937K->4132K(37568K), 0.0020100 secs] 496993K->466236K(500560K), 0.0020500 secs] [Times: user=0.02 sys=0.00, real=0.00 secs] 
262.435: Total time for which application threads were stopped: 0.0021910 seconds, Stopping threads took: 0.0000720 seconds
262.498: Application time: 0.0626880 seconds
262.498: [GC262.498: [ParNew: 37141K->4158K(37568K), 0.0014420 secs] 499245K->466292K(500560K), 0.0014790 secs] [Times: user=0.01 sys=0.00, real=0.00 secs] 
262.500: Total time for which application threads were stopped: 0.0016200 seconds, Stopping threads took: 0.0000810 seconds
262.560: Application time: 0.0602580 seconds
262.560: [GC262.560: [ParNew: 37103K->4157K(37568K), 0.0017620 secs] 499238K->467348K(501588K), 0.0017990 secs] [Times: user=0.01 sys=0.00, real=0.00 secs] 
262.562: Total time for which application threads were stopped: 0.0019250 seconds, Stopping threads took: 0.0000610 seconds
262.619: Application time: 0.0568080 seconds
262.619: [GC262.619: [ParNew: 36893K->4158K(37568K), 0.0017540 secs] 500083K->468428K(502616K), 0.0017930 secs] [Times: user=0.01 sys=0.00, real=0.00 secs] 
262.620: Total time for which application threads were stopped: 0.0019450 seconds, Stopping threads took: 0.0000780 seconds
262.681: Application time: 0.0609590 seconds
262.682: [GC262.682: [ParNew: 36987K->4130K(37568K), 0.0015270 secs] 501256K->468428K(502616K), 0.0015630 secs] [Times: user=0.01 sys=0.00, real=0.00 secs] 
262.683: Total time for which application threads were stopped: 0.0017210 seconds, Stopping threads took: 0.0000950 seconds
262.741: Application time: 0.0579070 seconds
262.741: [GC262.741: [ParNew: 36920K->4154K(37568K), 0.0018190 secs] 501218K->469484K(503644K), 0.0018570 secs] [Times: user=0.02 sys=0.00, real=0.00 secs] 
262.743: Total time for which application threads were stopped: 0.0020100 seconds, Stopping threads took: 0.0000860 seconds
262.803: Application time: 0.0601070 seconds
262.803: [GC262.803: [ParNew: 37056K->4156K(37568K), 0.0018930 secs] 502386K->470579K(504672K), 0.0019320 secs] [Times: user=0.01 sys=0.01, real=0.01 secs] 
262.805: Total time for which application threads were stopped: 0.0020670 seconds, Stopping threads took: 0.0000700 seconds
262.864: Application time: 0.0590310 seconds
262.864: [GC262.864: [ParNew: 36741K->4136K(37568K), 0.0017040 secs] 503164K->470568K(504672K), 0.0017420 secs] [Times: user=0.01 sys=0.00, real=0.00 secs] 
262.866: Total time for which application threads were stopped: 0.0018760 seconds, Stopping threads took: 0.0000580 seconds
 CMS: abort preclean due to time 262.867: [CMS-concurrent-abortable-preclean: 0.081/5.046 secs] [Times: user=39.78 sys=0.04, real=5.05 secs] 
262.867: Application time: 0.0010900 seconds
262.867: [GC[YG occupancy: 5244 K (37568 K)]262.867: [Rescan (parallel) , 0.0003250 secs]262.868: [weak refs processing, 0.0000050 secs]262.868: [scrub string table, 0.0001050 secs] [1 CMS-remark: 466432K(467104K)] 471677K(504672K), 0.0004570 secs] [Times: user=0.00 sys=0.00, real=0.00 secs] 
262.868: Total time for which application threads were stopped: 0.0006050 seconds, Stopping threads took: 0.0001010 seconds
262.868: [CMS-concurrent-sweep-start]
262.869: [CMS-concurrent-sweep: 0.001/0.001 secs] [Times: user=0.01 sys=0.00, real=0.00 secs] 
262.869: [CMS-concurrent-reset-start]
262.871: [CMS-concurrent-reset: 0.002/0.002 secs] [Times: user=0.00 sys=0.00, real=0.00 secs] 
262.930: Application time: 0.0620090 seconds
262.930: [GC262.930: [ParNew: 37113K->4134K(37568K), 0.0016560 secs] 159281K->127326K(504672K), 0.0016930 secs] [Times: user=0.01 sys=0.00, real=0.00 secs] 
262.932: Total time for which application threads were stopped: 0.0018180 seconds, Stopping threads took: 0.0000580 seconds
262.989: Application time: 0.0570540 seconds
262.989: [GC262.989: [ParNew: 36573K->4119K(37568K), 0.0018650 secs] 159766K->128335K(504672K), 0.0019030 secs] [Times: user=0.02 sys=0.00, real=0.00 secs] 
262.991: Total time for which application threads were stopped: 0.0020400 seconds, Stopping threads took: 0.0000710 seconds
263.048: Application time: 0.0570610 seconds
263.048: [GC263.048: [ParNew: 36754K->4134K(37568K), 0.0017110 secs] 160971K->129375K(504672K), 0.0017470 secs] [Times: user=0.02 sys=0.00, real=0.00 secs] 
263.050: Total time for which application threads were stopped: 0.0018780 seconds, Stopping threads took: 0.0000680 seconds
263.106: Application time: 0.0558930 seconds
263.106: [GC263.106: [ParNew: 36759K->4114K(37568K), 0.0019940 secs] 162000K->131402K(504672K), 0.0020330 secs] [Times: user=0.02 sys=0.00, real=0.00 secs] 
263.108: Total time for which application threads were stopped: 0.0021660 seconds, Stopping threads took: 0.0000680 seconds
263.167: Application time: 0.0595600 seconds
263.167: [GC263.167: [ParNew: 37070K->4138K(37568K), 0.0023810 secs] 164358K->134498K(504672K), 0.0024250 secs] [Times: user=0.01 sys=0.00, real=0.00 secs] 
263.170: Total time for which application threads were stopped: 0.0025670 seconds, Stopping threads took: 0.0000740 seconds
263.230: Application time: 0.0604390 seconds
263.230: [GC263.231: [ParNew: 37235K->4154K(37568K), 0.0021190 secs] 167595K->136623K(504672K), 0.0021740 secs] [Times: user=0.01 sys=0.00, real=0.00 secs] 
263.233: Total time for which application threads were stopped: 0.0023140 seconds, Stopping threads took: 0.0000720 seconds
263.294: Application time: 0.0612580 seconds
263.294: [GC263.294: [ParNew: 37210K->4152K(37568K), 0.0017180 secs] 169679K->137710K(504672K), 0.0017550 secs] [Times: user=0.01 sys=0.00, real=0.00 secs] 
263.296: Total time for which application threads were stopped: 0.0019190 seconds, Stopping threads took: 0.0001000 seconds
263.353: Application time: 0.0568130 seconds
263.353: [GC263.353: [ParNew: 36750K->4118K(37568K), 0.0020670 secs] 170308K->139741K(504672K), 0.0021080 secs] [Times: user=0.02 sys=0.00, real=0.00 secs] 
263.355: Total time for which application threads were stopped: 0.0022450 seconds, Stopping threads took: 0.0000710 seconds
263.416: Application time: 0.0606530 seconds
263.416: [GC263.416: [ParNew: 37137K->4143K(37568K), 0.0020770 secs] 172760K->141814K(504672K), 0.0021210 secs] [Times: user=0.02 sys=0.00, real=0.01 secs] 
263.418: Total time for which application threads were stopped: 0.0022730 seconds, Stopping threads took: 0.0000740 seconds
263.480: Application time: 0.0621300 seconds
263.480: [GC263.480: [ParNew: 37246K->4159K(37568K), 0.0017500 secs] 174917K->142927K(504672K), 0.0017940 secs] [Times: user=0.01 sys=0.00, real=0.00 secs] 
263.482: Total time for which application threads were stopped: 0.0019250 seconds, Stopping threads took: 0.0000630 seconds
263.538: Application time: 0.0562540 seconds
263.538: [GC263.538: [ParNew: 37491K->4115K(37568K), 0.0015010 secs] 176259K->142895K(504672K), 0.0015400 secs] [Times: user=0.01 sys=0.00, real=0.00 secs] 
263.540: Total time for which application threads were stopped: 0.0016840 seconds, Stopping threads took: 0.0000750 seconds
263.602: Application time: 0.0622720 seconds
263.602: [GC263.602: [ParNew: 36960K->4112K(37568K), 0.0020070 secs] 175741K->144941K(504672K), 0.0020440 secs] [Times: user=0.01 sys=0.00, real=0.00 secs] 
263.604: Total time for which application threads were stopped: 0.0021700 seconds, Stopping threads took: 0.0000560 seconds
263.659: Application time: 0.0547840 seconds
263.659: [GC263.659: [ParNew: 36591K->4130K(37568K), 0.0021100 secs] 177420K->147007K(504672K), 0.0021500 secs] [Times: user=0.02 sys=0.00, real=0.00 secs] 
263.661: Total time for which application threads were stopped: 0.0022750 seconds, Stopping threads took: 0.0000570 seconds
263.719: Application time: 0.0572870 seconds
263.719: [GC263.719: [ParNew: 36893K->4116K(37568K), 0.0020720 secs] 179770K->149041K(504672K), 0.0021150 secs] [Times: user=0.02 sys=0.00, real=0.00 secs] 
263.721: Total time for which application threads were stopped: 0.0022780 seconds, Stopping threads took: 0.0000940 seconds
263.784: Application time: 0.0625970 seconds
263.784: [GC263.784: [ParNew: 36950K->4130K(37568K), 0.0016770 secs] 181875K->150079K(504672K), 0.0017150 secs] [Times: user=0.01 sys=0.00, real=0.01 secs] 
263.785: Total time for which application threads were stopped: 0.0018760 seconds, Stopping threads took: 0.0000960 seconds
263.842: Application time: 0.0564890 seconds
263.842: [GC263.842: [ParNew: 36963K->4147K(37568K), 0.0018140 secs] 182912K->151120K(504672K), 0.0018540 secs] [Times: user=0.01 sys=0.00, real=0.00 secs] 
263.844: Total time for which application threads were stopped: 0.0019810 seconds, Stopping threads took: 0.0000590 seconds
263.906: Application time: 0.0618240 seconds
263.906: [GC263.906: [ParNew: 37266K->4156K(37568K), 0.0020170 secs] 184239K->153221K(504672K), 0.0020580 secs] [Times: user=0.01 sys=0.00, real=0.00 secs] 
263.908: Total time for which application threads were stopped: 0.0022020 seconds, Stopping threads took: 0.0000790 seconds
263.966: Application time: 0.0576640 seconds
263.966: [GC263.966: [ParNew: 37052K->4156K(37568K), 0.0017540 secs] 186118K->154306K(504672K), 0.0017930 secs] [Times: user=0.02 sys=0.00, real=0.00 secs] 
263.968: Total time for which application threads were stopped: 0.0019500 seconds, Stopping threads took: 0.0000840 seconds
264.028: Application time: 0.0600660 seconds
264.028: [GC264.028: [ParNew: 36927K->4114K(37568K), 0.0020530 secs] 187078K->156349K(504672K), 0.0021050 secs] [Times: user=0.01 sys=0.00, real=0.00 secs] 
264.030: Total time for which application threads were stopped: 0.0022420 seconds, Stopping threads took: 0.0000700 seconds
264.089: Application time: 0.0595840 seconds
264.090: [GC264.090: [ParNew: 37050K->4156K(37568K), 0.0017840 secs] 189285K->157423K(504672K), 0.0018220 secs] [Times: user=0.01 sys=0.00, real=0.00 secs] 
264.091: Total time for which application threads were stopped: 0.0019650 seconds, Stopping threads took: 0.0000760 seconds
264.152: Application time: 0.0608830 seconds
264.152: [GC264.152: [ParNew: 37162K->4159K(37568K), 0.0019330 secs] 190429K->158515K(504672K), 0.0019740 secs] [Times: user=0.02 sys=0.00, real=0.00 secs] 
264.154: Total time for which application threads were stopped: 0.0021060 seconds, Stopping threads took: 0.0000690 seconds
264.212: Application time: 0.0574600 seconds
264.212: [GC264.212: [ParNew: 37567K->4118K(37568K), 0.0015060 secs] 191923K->158487K(504672K), 0.0015440 secs] [Times: user=0.02 sys=0.00, real=0.00 secs] 
264.214: Total time for which application threads were stopped: 0.0016950 seconds, Stopping threads took: 0.0000820 seconds
264.275: Application time: 0.0618540 seconds
264.276: [GC264.276: [ParNew: 36929K->4130K(37568K), 0.0017930 secs] 191298K->159523K(504672K), 0.0018300 secs] [Times: user=0.01 sys=0.00, real=0.01 secs] 
264.277: Total time for which application threads were stopped: 0.0019650 seconds, Stopping threads took: 0.0000700 seconds
264.333: Application time: 0.0555200 seconds
264.333: [GC264.333: [ParNew: 36647K->4132K(37568K), 0.0017480 secs] 192040K->160549K(504672K), 0.0017860 secs] [Times: user=0.01 sys=0.00, real=0.00 secs] 
264.335: Total time for which application threads were stopped: 0.0019130 seconds, Stopping threads took: 0.0000640 seconds
264.394: Application time: 0.0590450 seconds
264.394: [GC264.394: [ParNew: 36940K->4115K(37568K), 0.0020200 secs] 193357K->162580K(504672K), 0.0020620 secs] [Times: user=0.01 sys=0.00, real=0.00 secs] 
264.396: Total time for which application threads were stopped: 0.0022000 seconds, Stopping threads took: 0.0000700 seconds
264.455: Application time: 0.0591260 seconds
264.455: [GC264.455: [ParNew: 36912K->4129K(37568K), 0.0020070 secs] 195377K->164642K(504672K), 0.0020500 secs] [Times: user=0.01 sys=0.00, real=0.01 secs] 
264.457: Total time for which application threads were stopped: 0.0021990 seconds, Stopping threads took: 0.0000830 seconds
264.517: Application time: 0.0595750 seconds
264.517: [GC264.517: [ParNew: 37076K->4141K(37568K), 0.0020310 secs] 197589K->166702K(504672K), 0.0020700 secs] [Times: user=0.02 sys=0.00, real=0.00 secs] 
264.519: Total time for which application threads were stopped: 0.0022290 seconds, Stopping threads took: 0.0000810 seconds
264.577: Application time: 0.0576730 seconds
264.577: [GC264.577: [ParNew: 37138K->4154K(37568K), 0.0021710 secs] 199699K->168824K(504672K), 0.0022120 secs] [Times: user=0.01 sys=0.00, real=0.00 secs] 
264.579: Total time for which application threads were stopped: 0.0023640 seconds, Stopping threads took: 0.0000830 seconds
264.641: Application time: 0.0622770 seconds
264.642: [GC264.642: [ParNew: 37244K->4159K(37568K), 0.0018560 secs] 201914K->169910K(504672K), 0.0018960 secs] [Times: user=0.02 sys=0.00, real=0.00 secs] 
264.644: Total time for which application threads were stopped: 0.0020250 seconds, Stopping threads took: 0.0000630 seconds
264.701: Application time: 0.0576240 seconds
264.701: [GC264.701: [ParNew: 36745K->4122K(37568K), 0.0017510 secs] 202496K->170922K(504672K), 0.0017900 secs] [Times: user=0.01 sys=0.00, real=0.00 secs] 
264.703: Total time for which application threads were stopped: 0.0019190 seconds, Stopping threads took: 0.0000700 seconds
264.764: Application time: 0.0606250 seconds
264.764: [GC264.764: [ParNew: 37006K->4158K(37568K), 0.0021460 secs] 203806K->173006K(504672K), 0.0021890 secs] [Times: user=0.02 sys=0.00, real=0.01 secs] 
264.766: Total time for which application threads were stopped: 0.0023330 seconds, Stopping threads took: 0.0000680 seconds
264.825: Application time: 0.0588140 seconds
264.825: [GC264.825: [ParNew: 37066K->4158K(37568K), 0.0017630 secs] 205914K->174090K(504672K), 0.0018060 secs] [Times: user=0.01 sys=0.00, real=0.00 secs] 
264.827: Total time for which application threads were stopped: 0.0019710 seconds, Stopping threads took: 0.0000990 seconds
264.886: Application time: 0.0588680 seconds
264.886: [GC264.886: [ParNew: 36764K->4132K(37568K), 0.0018480 secs] 206697K->175113K(504672K), 0.0018910 secs] [Times: user=0.01 sys=0.00, real=0.00 secs] 
264.888: Total time for which application threads were stopped: 0.0020270 seconds, Stopping threads took: 0.0000680 seconds
264.947: Application time: 0.0595680 seconds
264.947: [GC264.947: [ParNew: 36917K->4134K(37568K), 0.0017860 secs] 207898K->176139K(504672K), 0.0018240 secs] [Times: user=0.02 sys=0.00, real=0.00 secs] 
264.949: Total time for which application threads were stopped: 0.0019490 seconds, Stopping threads took: 0.0000580 seconds
265.005: Application time: 0.0553000 seconds
265.005: [GC265.005: [ParNew: 36590K->4120K(37568K), 0.0017600 secs] 208596K->177149K(504672K), 0.0018000 secs] [Times: user=0.01 sys=0.00, real=0.00 secs] 
265.006: Total time for which application threads were stopped: 0.0019280 seconds, Stopping threads took: 0.0000640 seconds
265.067: Application time: 0.0610140 seconds
265.068: [GC265.068: [ParNew: 36911K->4116K(37568K), 0.0019430 secs] 209941K->179193K(504672K), 0.0019840 secs] [Times: user=0.02 sys=0.00, real=0.00 secs] 
265.070: Total time for which application threads were stopped: 0.0021160 seconds, Stopping threads took: 0.0000560 seconds
265.126: Application time: 0.0567880 seconds
265.127: [GC265.127: [ParNew: 36824K->4121K(37568K), 0.0016990 secs] 211902K->180222K(504672K), 0.0017390 secs] [Times: user=0.01 sys=0.00, real=0.00 secs] 
265.128: Total time for which application threads were stopped: 0.0018970 seconds, Stopping threads took: 0.0000820 seconds
265.189: Application time: 0.0605700 seconds
265.189: [GC265.189: [ParNew: 37084K->4144K(37568K), 0.0019150 secs] 213185K->182293K(504672K), 0.0019550 secs] [Times: user=0.01 sys=0.00, real=0.00 secs] 
265.191: Total time for which application threads were stopped: 0.0020780 seconds, Stopping threads took: 0.0000560 seconds
265.250: Application time: 0.0593210 seconds
265.250: [GC265.250: [ParNew: 37222K->4152K(37568K), 0.0018690 secs] 215372K->183395K(504672K), 0.0019080 secs] [Times: user=0.02 sys=0.00, real=0.00 secs] 
265.252: Total time for which application threads were stopped: 0.0020470 seconds, Stopping threads took: 0.0000650 seconds
265.313: Application time: 0.0605380 seconds
265.313: [GC265.313: [ParNew: 37116K->4158K(37568K), 0.0018740 secs] 216358K->184474K(504672K), 0.0019100 secs] [Times: user=0.02 sys=0.00, real=0.00 secs] 
265.315: Total time for which application threads were stopped: 0.0020300 seconds, Stopping threads took: 0.0000550 seconds
265.372: Application time: 0.0571490 seconds
265.372: [GC265.372: [ParNew: 36769K->4134K(37568K), 0.0018640 secs] 217085K->185498K(504672K), 0.0019060 secs] [Times: user=0.02 sys=0.00, real=0.00 secs] 
265.374: Total time for which application threads were stopped: 0.0020710 seconds, Stopping threads took: 0.0000980 seconds
265.438: Application time: 0.0641530 seconds
265.438: [GC265.438: [ParNew: 37232K->3136K(37568K), 0.0012670 secs] 218597K->184501K(504672K), 0.0012990 secs] [Times: user=0.01 sys=0.00, real=0.00 secs] 
265.440: Total time for which application threads were stopped: 0.0014190 seconds, Stopping threads took: 0.0000580 seconds
265.493: Application time: 0.0537960 seconds
265.494: [GC265.494: [ParNew: 35649K->4153K(37568K), 0.0031490 secs] 217014K->185587K(504672K), 0.0031910 secs] [Times: user=0.01 sys=0.00, real=0.01 secs] 
265.497: Total time for which application threads were stopped: 0.0033390 seconds, Stopping threads took: 0.0000790 seconds
265.557: Application time: 0.0597810 seconds
265.557: [GC265.557: [ParNew: 36898K->4113K(37568K), 0.0020100 secs] 218331K->187611K(504672K), 0.0020580 secs] [Times: user=0.01 sys=0.00, real=0.00 secs] 
265.559: Total time for which application threads were stopped: 0.0022060 seconds, Stopping threads took: 0.0000810 seconds
265.620: Application time: 0.0608580 seconds
265.620: [GC265.620: [ParNew: 36982K->4136K(37568K), 0.0017720 secs] 220480K->188658K(504672K), 0.0018150 secs] [Times: user=0.02 sys=0.00, real=0.00 secs] 
265.622: Total time for which application threads were stopped: 0.0019700 seconds, Stopping threads took: 0.0000810 seconds
265.678: Application time: 0.0563760 seconds
265.678: [GC265.678: [ParNew: 36631K->4116K(37568K), 0.0017050 secs] 221153K->189663K(504672K), 0.0017430 secs] [Times: user=0.01 sys=0.00, real=0.00 secs] 
265.680: Total time for which application threads were stopped: 0.0019110 seconds, Stopping threads took: 0.0001030 seconds
265.743: Application time: 0.0627950 seconds
265.743: [GC265.743: [ParNew: 37013K->3099K(37568K), 0.0010910 secs] 222560K->188645K(504672K), 0.0011230 secs] [Times: user=0.01 sys=0.00, real=0.00 secs] 
265.744: Total time for which application threads were stopped: 0.0012500 seconds, Stopping threads took: 0.0000660 seconds
265.799: Application time: 0.0548580 seconds
265.799: [GC265.799: [ParNew: 35663K->4118K(37568K), 0.0020410 secs] 221209K->191712K(504672K), 0.0020830 secs] [Times: user=0.02 sys=0.00, real=0.00 secs] 
265.801: Total time for which application threads were stopped: 0.0022310 seconds, Stopping threads took: 0.0000820 seconds
265.862: Application time: 0.0609670 seconds
265.862: [GC265.862: [ParNew: 37105K->4140K(37568K), 0.0023060 secs] 224699K->194806K(504672K), 0.0023500 secs] [Times: user=0.02 sys=0.00, real=0.01 secs] 
265.865: Total time for which application threads were stopped: 0.0024790 seconds, Stopping threads took: 0.0000600 seconds
265.925: Application time: 0.0601240 seconds
265.925: [GC265.925: [ParNew: 37174K->4159K(37568K), 0.0015480 secs] 227841K->194886K(504672K), 0.0015860 secs] [Times: user=0.01 sys=0.00, real=0.00 secs] 
265.926: Total time for which application threads were stopped: 0.0017120 seconds, Stopping threads took: 0.0000600 seconds
265.986: Application time: 0.0598200 seconds
265.986: [GC265.986: [ParNew: 37112K->4158K(37568K), 0.0016670 secs] 227839K->195967K(504672K), 0.0017010 secs] [Times: user=0.02 sys=0.00, real=0.00 secs] 
265.988: Total time for which application threads were stopped: 0.0018270 seconds, Stopping threads took: 0.0000630 seconds
266.047: Application time: 0.0586220 seconds
266.047: [GC266.047: [ParNew: 36879K->4130K(37568K), 0.0018570 secs] 228687K->196987K(504672K), 0.0019000 secs] [Times: user=0.02 sys=0.00, real=0.00 secs] 
266.049: Total time for which application threads were stopped: 0.0020470 seconds, Stopping threads took: 0.0000790 seconds
266.110: Application time: 0.0614710 seconds
266.110: [GC266.110: [ParNew: 37088K->4159K(37568K), 0.0017540 secs] 229945K->198040K(504672K), 0.0017930 secs] [Times: user=0.01 sys=0.00, real=0.00 secs] 
266.112: Total time for which application threads were stopped: 0.0019270 seconds, Stopping threads took: 0.0000700 seconds
266.168: Application time: 0.0559400 seconds
266.168: [GC266.168: [ParNew: 36741K->4158K(37568K), 0.0018170 secs] 230622K->199119K(504672K), 0.0018600 secs] [Times: user=0.02 sys=0.00, real=0.00 secs] 
266.170: Total time for which application threads were stopped: 0.0020410 seconds, Stopping threads took: 0.0001050 seconds
266.229: Application time: 0.0587780 seconds
266.229: [GC266.229: [ParNew: 36851K->4134K(37568K), 0.0017700 secs] 231813K->200148K(504672K), 0.0018100 secs] [Times: user=0.01 sys=0.00, real=0.00 secs] 
266.231: Total time for which application threads were stopped: 0.0019510 seconds, Stopping threads took: 0.0000750 seconds
266.290: Application time: 0.0592180 seconds
266.292: [GC266.292: [ParNew: 36893K->4133K(37568K), 0.0017200 secs] 232908K->201171K(504672K), 0.0017590 secs] [Times: user=0.01 sys=0.00, real=0.00 secs] 
266.294: Total time for which application threads were stopped: 0.0041820 seconds, Stopping threads took: 0.0023470 seconds
266.352: Application time: 0.0575710 seconds
266.352: [GC266.352: [ParNew: 36788K->4114K(37568K), 0.0021020 secs] 233827K->203200K(504672K), 0.0021450 secs] [Times: user=0.02 sys=0.00, real=0.00 secs] 
266.354: Total time for which application threads were stopped: 0.0022780 seconds, Stopping threads took: 0.0000630 seconds
266.410: Application time: 0.0564290 seconds
266.411: [GC266.411: [ParNew: 36737K->4116K(37568K), 0.0019450 secs] 235824K->205251K(504672K), 0.0019890 secs] [Times: user=0.01 sys=0.00, real=0.00 secs] 
266.413: Total time for which application threads were stopped: 0.0021460 seconds, Stopping threads took: 0.0000900 seconds
266.473: Application time: 0.0601410 seconds
266.473: [GC266.473: [ParNew: 37000K->4118K(37568K), 0.0020030 secs] 238135K->207301K(504672K), 0.0020430 secs] [Times: user=0.02 sys=0.00, real=0.00 secs] 
266.475: Total time for which application threads were stopped: 0.0021720 seconds, Stopping threads took: 0.0000640 seconds
266.537: Application time: 0.0615600 seconds
266.537: [GC266.537: [ParNew: 37158K->4144K(37568K), 0.0022390 secs] 240340K->210399K(504672K), 0.0022800 secs] [Times: user=0.02 sys=0.00, real=0.00 secs] 
266.539: Total time for which application threads were stopped: 0.0024440 seconds, Stopping threads took: 0.0000980 seconds
266.598: Application time: 0.0585410 seconds
266.598: [GC266.598: [ParNew: 37100K->4159K(37568K), 0.0018120 secs] 243354K->211495K(504672K), 0.0018520 secs] [Times: user=0.01 sys=0.00, real=0.00 secs] 
266.599: Total time for which application threads were stopped: 0.0019800 seconds, Stopping threads took: 0.0000600 seconds
266.659: Application time: 0.0598900 seconds
266.660: [GC266.660: [ParNew: 37091K->4158K(37568K), 0.0017570 secs] 244426K->212562K(504672K), 0.0017990 secs] [Times: user=0.01 sys=0.00, real=0.00 secs] 
266.661: Total time for which application threads were stopped: 0.0019780 seconds, Stopping threads took: 0.0001130 seconds
266.720: Application time: 0.0588210 seconds
266.720: [GC266.720: [ParNew: 36817K->4132K(37568K), 0.0021490 secs] 245221K->214625K(504672K), 0.0021910 secs] [Times: user=0.01 sys=0.00, real=0.00 secs] 
266.723: Total time for which application threads were stopped: 0.0023680 seconds, Stopping threads took: 0.0000900 seconds
266.782: Application time: 0.0598720 seconds
266.783: [GC266.783: [ParNew: 36989K->4154K(37568K), 0.0017830 secs] 247482K->215680K(504672K), 0.0018240 secs] [Times: user=0.01 sys=0.01, real=0.01 secs] 
266.784: Total time for which application threads were stopped: 0.0019680 seconds, Stopping threads took: 0.0000790 seconds
266.848: Application time: 0.0640690 seconds
266.849: [GC266.849: [ParNew: 37326K->2178K(37568K), 0.0010300 secs] 248852K->213724K(504672K), 0.0010630 secs] [Times: user=0.01 sys=0.00, real=0.00 secs] 
266.850: Total time for which application threads were stopped: 0.0012220 seconds, Stopping threads took: 0.0000970 seconds
266.907: Application time: 0.0577210 seconds
266.908: [GC266.908: [ParNew: 35547K->4122K(37568K), 0.0014050 secs] 247093K->215725K(504672K), 0.0014410 secs] [Times: user=0.01 sys=0.00, real=0.00 secs] 
266.909: Total time for which application threads were stopped: 0.0015950 seconds, Stopping threads took: 0.0000960 seconds
266.962: Application time: 0.0532280 seconds
266.962: [GC266.962: [ParNew: 36557K->4116K(37568K), 0.0017610 secs] 248160K->216743K(504672K), 0.0018000 secs] [Times: user=0.02 sys=0.00, real=0.00 secs] 
266.964: Total time for which application threads were stopped: 0.0019220 seconds, Stopping threads took: 0.0000550 seconds
267.022: Application time: 0.0577910 seconds
267.022: [GC267.022: [ParNew: 36982K->4110K(37568K), 0.0023780 secs] 249609K->219809K(504672K), 0.0024170 secs] [Times: user=0.02 sys=0.00, real=0.01 secs] 
267.025: Total time for which application threads were stopped: 0.0025840 seconds, Stopping threads took: 0.0001010 seconds
267.085: Application time: 0.0609090 seconds
267.086: [GC267.086: [ParNew: 36991K->4133K(37568K), 0.0017060 secs] 252690K->220856K(504672K), 0.0017530 secs] [Times: user=0.01 sys=0.00, real=0.00 secs] 
267.087: Total time for which application threads were stopped: 0.0019110 seconds, Stopping threads took: 0.0000930 seconds
267.147: Application time: 0.0597540 seconds
267.147: [GC267.147: [ParNew: 36968K->4111K(37568K), 0.0020850 secs] 253691K->222882K(504672K), 0.0021250 secs] [Times: user=0.01 sys=0.00, real=0.00 secs] 
267.149: Total time for which application threads were stopped: 0.0022790 seconds, Stopping threads took: 0.0000880 seconds
267.207: Application time: 0.0577980 seconds
267.207: [GC267.207: [ParNew: 37014K->4140K(37568K), 0.0024310 secs] 255786K->225983K(504672K), 0.0024750 secs] [Times: user=0.01 sys=0.00, real=0.00 secs] 
267.210: Total time for which application threads were stopped: 0.0026600 seconds, Stopping threads took: 0.0001180 seconds
267.274: Application time: 0.0644230 seconds
267.276: [GC267.276: [ParNew: 37370K->4156K(37568K), 0.0018100 secs] 259214K->227084K(504672K), 0.0018540 secs] [Times: user=0.01 sys=0.00, real=0.00 secs] 
267.278: Total time for which application threads were stopped: 0.0040060 seconds, Stopping threads took: 0.0020770 seconds
267.338: Application time: 0.0593800 seconds
267.338: [GC267.338: [ParNew: 37190K->4158K(37568K), 0.0020960 secs] 260117K->229191K(504672K), 0.0021360 secs] [Times: user=0.01 sys=0.00, real=0.00 secs] 
267.340: Total time for which application threads were stopped: 0.0022700 seconds, Stopping threads took: 0.0000660 seconds
267.399: Application time: 0.0594750 seconds
267.400: [GC267.400: [ParNew: 36915K->4150K(37568K), 0.0015550 secs] 261948K->229208K(504672K), 0.0015960 secs] [Times: user=0.01 sys=0.00, real=0.00 secs] 
267.401: Total time for which application threads were stopped: 0.0017400 seconds, Stopping threads took: 0.0000760 seconds
267.461: Application time: 0.0598770 seconds
267.461: [GC267.461: [ParNew: 36857K->4159K(37568K), 0.0014600 secs] 261915K->229233K(504672K), 0.0015000 secs] [Times: user=0.01 sys=0.00, real=0.00 secs] 
267.463: Total time for which application threads were stopped: 0.0016340 seconds, Stopping threads took: 0.0000660 seconds
267.525: Application time: 0.0622620 seconds
267.525: [GC267.525: [ParNew: 37165K->3184K(37568K), 0.0010850 secs] 262239K->228270K(504672K), 0.0011160 secs] [Times: user=0.00 sys=0.00, real=0.00 secs] 
267.526: Total time for which application threads were stopped: 0.0012450 seconds, Stopping threads took: 0.0000700 seconds
267.581: Application time: 0.0550410 seconds
267.584: [GC267.584: [ParNew: 36298K->4130K(37568K), 0.0016860 secs] 261384K->229273K(504672K), 0.0017270 secs] [Times: user=0.01 sys=0.00, real=0.00 secs] 
267.586: Total time for which application threads were stopped: 0.0048900 seconds, Stopping threads took: 0.0030970 seconds
267.640: Application time: 0.0538790 seconds
267.640: [GC267.640: [ParNew: 36680K->4111K(37568K), 0.0020970 secs] 261824K->231303K(504672K), 0.0021370 secs] [Times: user=0.01 sys=0.01, real=0.00 secs] 
267.642: Total time for which application threads were stopped: 0.0022960 seconds, Stopping threads took: 0.0000900 seconds
267.703: Application time: 0.0606430 seconds
267.703: [GC267.703: [ParNew: 37049K->4118K(37568K), 0.0019840 secs] 264240K->233358K(504672K), 0.0020210 secs] [Times: user=0.01 sys=0.00, real=0.01 secs] 
267.705: Total time for which application threads were stopped: 0.0021700 seconds, Stopping threads took: 0.0000850 seconds
267.763: Application time: 0.0582640 seconds
267.763: [GC267.764: [ParNew: 36973K->4113K(37568K), 0.0020100 secs] 266213K->235401K(504672K), 0.0020480 secs] [Times: user=0.01 sys=0.00, real=0.01 secs] 
267.766: Total time for which application threads were stopped: 0.0021840 seconds, Stopping threads took: 0.0000710 seconds
267.829: Application time: 0.0633630 seconds
267.829: [GC267.829: [ParNew: 37076K->4128K(37568K), 0.0017340 secs] 268363K->236439K(504672K), 0.0017690 secs] [Times: user=0.01 sys=0.00, real=0.00 secs] 
267.831: Total time for which application threads were stopped: 0.0019000 seconds, Stopping threads took: 0.0000580 seconds
267.887: Application time: 0.0565580 seconds
267.888: [GC267.888: [ParNew: 36926K->4144K(37568K), 0.0019850 secs] 269237K->238503K(504672K), 0.0020360 secs] [Times: user=0.01 sys=0.00, real=0.00 secs] 
267.890: Total time for which application threads were stopped: 0.0022100 seconds, Stopping threads took: 0.0001060 seconds
267.952: Application time: 0.0627270 seconds
267.952: [GC267.952: [ParNew: 37354K->4152K(37568K), 0.0024240 secs] 271713K->241628K(504672K), 0.0024650 secs] [Times: user=0.01 sys=0.00, real=0.00 secs] 
267.955: Total time for which application threads were stopped: 0.0025940 seconds, Stopping threads took: 0.0000620 seconds
268.014: Application time: 0.0588940 seconds
268.014: [GC268.014: [ParNew: 37115K->4158K(37568K), 0.0021450 secs] 274592K->243751K(504672K), 0.0021840 secs] [Times: user=0.01 sys=0.00, real=0.00 secs] 
268.016: Total time for which application threads were stopped: 0.0023560 seconds, Stopping threads took: 0.0001010 seconds
268.079: Application time: 0.0627530 seconds
268.079: [GC268.079: [ParNew: 37010K->3109K(37568K), 0.0013230 secs] 276603K->242731K(504672K), 0.0013610 secs] [Times: user=0.01 sys=0.00, real=0.00 secs] 
268.080: Total time for which application threads were stopped: 0.0015030 seconds, Stopping threads took: 0.0000750 seconds
268.139: Application time: 0.0587500 seconds
268.140: [GC268.140: [ParNew: 36517K->4147K(37568K), 0.0015020 secs] 276139K->243769K(504672K), 0.0015390 secs] [Times: user=0.01 sys=0.00, real=0.00 secs] 
268.142: Total time for which application threads were stopped: 0.0027560 seconds, Stopping threads took: 0.0011510 seconds
268.203: Application time: 0.0607350 seconds
268.203: [GC268.203: [ParNew: 37008K->4159K(37568K), 0.0017040 secs] 276630K->243813K(504672K), 0.0017420 secs] [Times: user=0.01 sys=0.00, real=0.01 secs] 
268.205: Total time for which application threads were stopped: 0.0018930 seconds, Stopping threads took: 0.0000860 seconds
268.261: Application time: 0.0568350 seconds
268.262: [GC268.262: [ParNew: 36762K->4149K(37568K), 0.0017450 secs] 276417K->244852K(504672K), 0.0017840 secs] [Times: user=0.01 sys=0.00, real=0.00 secs] 
268.263: Total time for which application threads were stopped: 0.0019340 seconds, Stopping threads took: 0.0000860 seconds
268.319: Application time: 0.0558470 seconds
268.319: [GC268.319: [ParNew: 36695K->4116K(37568K), 0.0018240 secs] 277398K->245872K(504672K), 0.0018630 secs] [Times: user=0.01 sys=0.00, real=0.00 secs] 
268.321: Total time for which application threads were stopped: 0.0019950 seconds, Stopping threads took: 0.0000650 seconds
268.376: Application time: 0.0549390 seconds
268.376: [GC268.376: [ParNew: 36892K->4112K(37568K), 0.0024320 secs] 278648K->248940K(504672K), 0.0024780 secs] [Times: user=0.02 sys=0.00, real=0.00 secs] 
268.379: Total time for which application threads were stopped: 0.0026850 seconds, Stopping threads took: 0.0001220 seconds
268.442: Application time: 0.0627710 seconds
268.442: [GC268.442: [ParNew: 37067K->4129K(37568K), 0.0020130 secs] 281895K->249981K(504672K), 0.0020480 secs] [Times: user=0.01 sys=0.00, real=0.00 secs] 
268.444: Total time for which application threads were stopped: 0.0022200 seconds, Stopping threads took: 0.0000980 seconds
268.505: Application time: 0.0615360 seconds
268.505: [GC268.505: [ParNew: 36987K->4130K(37568K), 0.0020930 secs] 282839K->252030K(504672K), 0.0021310 secs] [Times: user=0.01 sys=0.00, real=0.00 secs] 
268.508: Total time for which application threads were stopped: 0.0022540 seconds, Stopping threads took: 0.0000610 seconds
268.564: Application time: 0.0566520 seconds
268.564: [GC268.564: [ParNew: 37003K->4140K(37568K), 0.0020340 secs] 284903K->254088K(504672K), 0.0020790 secs] [Times: user=0.02 sys=0.00, real=0.00 secs] 
268.567: Total time for which application threads were stopped: 0.0022350 seconds, Stopping threads took: 0.0000860 seconds
268.629: Application time: 0.0622460 seconds
268.629: [GC268.629: [ParNew: 37333K->4154K(37568K), 0.0024000 secs] 287281K->257218K(504672K), 0.0024420 secs] [Times: user=0.01 sys=0.00, real=0.00 secs] 
268.631: Total time for which application threads were stopped: 0.0025760 seconds, Stopping threads took: 0.0000620 seconds
268.692: Application time: 0.0608370 seconds
268.692: [GC268.692: [ParNew: 37239K->4159K(37568K), 0.0022010 secs] 290304K->259339K(504672K), 0.0022430 secs] [Times: user=0.01 sys=0.00, real=0.00 secs] 
268.695: Total time for which application threads were stopped: 0.0023940 seconds, Stopping threads took: 0.0000760 seconds
268.754: Application time: 0.0596970 seconds
268.754: [GC268.754: [ParNew: 36747K->4149K(37568K), 0.0015270 secs] 291927K->259361K(504672K), 0.0015620 secs] [Times: user=0.01 sys=0.00, real=0.00 secs] 
268.756: Total time for which application threads were stopped: 0.0017000 seconds, Stopping threads took: 0.0000710 seconds
268.816: Application time: 0.0601160 seconds
268.816: [GC268.816: [ParNew: 36848K->3141K(37568K), 0.0011750 secs] 292061K->258354K(504672K), 0.0012120 secs] [Times: user=0.01 sys=0.01, real=0.01 secs] 
268.817: Total time for which application threads were stopped: 0.0013520 seconds, Stopping threads took: 0.0000730 seconds
268.875: Application time: 0.0578350 seconds
268.875: [GC268.875: [ParNew: 35725K->4157K(37568K), 0.0015310 secs] 290938K->259406K(504672K), 0.0015690 secs] [Times: user=0.01 sys=0.00, real=0.01 secs] 
268.877: Total time for which application threads were stopped: 0.0017170 seconds, Stopping threads took: 0.0000750 seconds
268.930: Application time: 0.0534820 seconds
268.931: [GC268.931: [ParNew: 36571K->4159K(37568K), 0.0017100 secs] 291821K->260458K(504672K), 0.0017470 secs] [Times: user=0.01 sys=0.00, real=0.00 secs] 
268.932: Total time for which application threads were stopped: 0.0018920 seconds, Stopping threads took: 0.0000710 seconds
268.991: Application time: 0.0588120 seconds
268.991: [GC268.991: [ParNew: 36921K->4113K(37568K), 0.0019730 secs] 293221K->262485K(504672K), 0.0020160 secs] [Times: user=0.01 sys=0.00, real=0.00 secs] 
268.993: Total time for which application threads were stopped: 0.0021430 seconds, Stopping threads took: 0.0000620 seconds
269.052: Application time: 0.0583540 seconds
269.052: [GC269.052: [ParNew: 36983K->4111K(37568K), 0.0020170 secs] 295355K->264530K(504672K), 0.0020580 secs] [Times: user=0.01 sys=0.00, real=0.00 secs] 
269.054: Total time for which application threads were stopped: 0.0022250 seconds, Stopping threads took: 0.0001010 seconds
269.116: Application time: 0.0623320 seconds
269.116: [GC269.116: [ParNew: 37078K->4111K(37568K), 0.0019960 secs] 297498K->266579K(504672K), 0.0020300 secs] [Times: user=0.02 sys=0.00, real=0.00 secs] 
269.118: Total time for which application threads were stopped: 0.0022280 seconds, Stopping threads took: 0.0001350 seconds
269.174: Application time: 0.0556100 seconds
269.174: [GC269.174: [ParNew: 36827K->4110K(37568K), 0.0020970 secs] 299294K->268626K(504672K), 0.0021370 secs] [Times: user=0.01 sys=0.00, real=0.01 secs] 
269.176: Total time for which application threads were stopped: 0.0023300 seconds, Stopping threads took: 0.0001250 seconds
269.240: Application time: 0.0637530 seconds
269.240: [GC269.240: [ParNew: 37207K->4144K(37568K), 0.0019180 secs] 301723K->270707K(504672K), 0.0019640 secs] [Times: user=0.01 sys=0.01, real=0.00 secs] 
269.242: Total time for which application threads were stopped: 0.0020840 seconds, Stopping threads took: 0.0000570 seconds
269.301: Application time: 0.0589330 seconds
269.301: [GC269.301: [ParNew: 37188K->4152K(37568K), 0.0023520 secs] 303752K->273832K(504672K), 0.0023930 secs] [Times: user=0.02 sys=0.00, real=0.00 secs] 
269.304: Total time for which application threads were stopped: 0.0025630 seconds, Stopping threads took: 0.0001010 seconds
269.366: Application time: 0.0620150 seconds
269.366: [GC269.366: [ParNew: 37260K->4159K(37568K), 0.0015980 secs] 306940K->273922K(504672K), 0.0016370 secs] [Times: user=0.01 sys=0.00, real=0.00 secs] 
269.368: Total time for which application threads were stopped: 0.0017620 seconds, Stopping threads took: 0.0000620 seconds
269.425: Application time: 0.0577480 seconds
269.425: [GC269.425: [ParNew: 37567K->4134K(37568K), 0.0015590 secs] 307330K->273915K(504672K), 0.0016080 secs] [Times: user=0.01 sys=0.00, real=0.00 secs] 
269.427: Total time for which application threads were stopped: 0.0017760 seconds, Stopping threads took: 0.0001010 seconds
269.490: Application time: 0.0631440 seconds
269.490: [GC269.490: [ParNew: 37123K->3128K(37568K), 0.0010870 secs] 306904K->272909K(504672K), 0.0011230 secs] [Times: user=0.00 sys=0.00, real=0.00 secs] 
269.491: Total time for which application threads were stopped: 0.0012620 seconds, Stopping threads took: 0.0000670 seconds
269.546: Application time: 0.0549610 seconds
269.547: [GC269.547: [ParNew: 36536K->4159K(37568K), 0.0017420 secs] 306317K->274997K(504672K), 0.0017770 secs] [Times: user=0.01 sys=0.00, real=0.00 secs] 
269.548: Total time for which application threads were stopped: 0.0019250 seconds, Stopping threads took: 0.0000880 seconds
269.605: Application time: 0.0570320 seconds
269.606: [GC269.606: [ParNew: 36915K->4144K(37568K), 0.0020230 secs] 307753K->277054K(504672K), 0.0020650 secs] [Times: user=0.01 sys=0.00, real=0.00 secs] 
269.608: Total time for which application threads were stopped: 0.0022010 seconds, Stopping threads took: 0.0000670 seconds
269.668: Application time: 0.0608310 seconds
269.669: [GC269.669: [ParNew: 36954K->4117K(37568K), 0.0017540 secs] 309864K->278080K(504672K), 0.0017920 secs] [Times: user=0.01 sys=0.00, real=0.00 secs] 
269.670: Total time for which application threads were stopped: 0.0019340 seconds, Stopping threads took: 0.0000780 seconds
269.725: Application time: 0.0549790 seconds
269.725: [GC269.725: [ParNew: 36797K->4114K(37568K), 0.0023360 secs] 310760K->281149K(504672K), 0.0023780 secs] [Times: user=0.02 sys=0.00, real=0.00 secs] 
269.728: Total time for which application threads were stopped: 0.0025120 seconds, Stopping threads took: 0.0000640 seconds
269.790: Application time: 0.0620930 seconds
269.790: [GC269.790: [ParNew: 37102K->4112K(37568K), 0.0023180 secs] 314137K->284219K(504672K), 0.0023590 secs] [Times: user=0.02 sys=0.00, real=0.00 secs] 
269.792: Total time for which application threads were stopped: 0.0024960 seconds, Stopping threads took: 0.0000690 seconds
269.850: Application time: 0.0572840 seconds
269.850: [GC269.850: [ParNew: 36847K->4130K(37568K), 0.0020350 secs] 316954K->286285K(504672K), 0.0020750 secs] [Times: user=0.02 sys=0.00, real=0.00 secs] 
269.852: Total time for which application threads were stopped: 0.0022080 seconds, Stopping threads took: 0.0000680 seconds
269.913: Application time: 0.0614380 seconds
269.913: [GC269.914: [ParNew: 37145K->4143K(37568K), 0.0020940 secs] 319300K->288346K(504672K), 0.0021300 secs] [Times: user=0.02 sys=0.00, real=0.00 secs] 
269.916: Total time for which application threads were stopped: 0.0022540 seconds, Stopping threads took: 0.0000600 seconds
269.975: Application time: 0.0597020 seconds
269.975: [GC269.975: [ParNew: 37176K->4153K(37568K), 0.0020620 secs] 321379K->290449K(504672K), 0.0021020 secs] [Times: user=0.02 sys=0.00, real=0.01 secs] 
269.978: Total time for which application threads were stopped: 0.0022450 seconds, Stopping threads took: 0.0000740 seconds
270.042: Application time: 0.0647670 seconds
270.042: [GC270.043: [ParNew: 37374K->4159K(37568K), 0.0014920 secs] 323670K->290524K(504672K), 0.0015290 secs] [Times: user=0.01 sys=0.00, real=0.00 secs] 
270.044: Total time for which application threads were stopped: 0.0016760 seconds, Stopping threads took: 0.0000710 seconds
270.102: Application time: 0.0584380 seconds
270.103: [GC270.103: [ParNew: 37567K->4128K(37568K), 0.0018040 secs] 323932K->291546K(504672K), 0.0018430 secs] [Times: user=0.01 sys=0.00, real=0.01 secs] 
270.104: Total time for which application threads were stopped: 0.0019900 seconds, Stopping threads took: 0.0000800 seconds
270.165: Application time: 0.0605790 seconds
270.165: [GC270.165: [ParNew: 36931K->3144K(37568K), 0.0012090 secs] 324348K->290562K(504672K), 0.0012530 secs] [Times: user=0.01 sys=0.00, real=0.00 secs] 
270.166: Total time for which application threads were stopped: 0.0014370 seconds, Stopping threads took: 0.0001190 seconds
270.229: Application time: 0.0626070 seconds
270.229: [GC270.229: [ParNew: 36086K->4158K(37568K), 0.0017730 secs] 323503K->292645K(504672K), 0.0018120 secs] [Times: user=0.01 sys=0.00, real=0.00 secs] 
270.231: Total time for which application threads were stopped: 0.0019360 seconds, Stopping threads took: 0.0000600 seconds
270.286: Application time: 0.0547410 seconds
270.286: [GC270.286: [ParNew: 36548K->4159K(37568K), 0.0014120 secs] 325034K->292658K(504672K), 0.0014530 secs] [Times: user=0.01 sys=0.00, real=0.00 secs] 
270.287: Total time for which application threads were stopped: 0.0015850 seconds, Stopping threads took: 0.0000660 seconds
270.346: Application time: 0.0587760 seconds
270.346: [GC270.346: [ParNew: 36945K->4115K(37568K), 0.0018140 secs] 325445K->293667K(504672K), 0.0018520 secs] [Times: user=0.01 sys=0.00, real=0.00 secs] 
270.348: Total time for which application threads were stopped: 0.0019930 seconds, Stopping threads took: 0.0000740 seconds
270.404: Application time: 0.0563290 seconds
270.405: [GC270.405: [ParNew: 36777K->4118K(37568K), 0.0021000 secs] 326329K->295718K(504672K), 0.0021410 secs] [Times: user=0.02 sys=0.00, real=0.00 secs] 
270.407: Total time for which application threads were stopped: 0.0022690 seconds, Stopping threads took: 0.0000580 seconds
270.468: Application time: 0.0612100 seconds
270.468: [GC270.468: [ParNew: 36983K->4137K(37568K), 0.0017650 secs] 328583K->296761K(504672K), 0.0018030 secs] [Times: user=0.02 sys=0.00, real=0.00 secs] 
270.470: Total time for which application threads were stopped: 0.0019330 seconds, Stopping threads took: 0.0000650 seconds
270.531: Application time: 0.0613690 seconds
270.531: [GC270.531: [ParNew: 36944K->4115K(37568K), 0.0018350 secs] 329568K->297763K(504672K), 0.0018760 secs] [Times: user=0.01 sys=0.00, real=0.00 secs] 
270.533: Total time for which application threads were stopped: 0.0020350 seconds, Stopping threads took: 0.0000920 seconds
270.589: Application time: 0.0557700 seconds
270.589: [GC270.589: [ParNew: 36795K->4139K(37568K), 0.0021150 secs] 330443K->299835K(504672K), 0.0021600 secs] [Times: user=0.02 sys=0.00, real=0.00 secs] 
270.591: Total time for which application threads were stopped: 0.0023250 seconds, Stopping threads took: 0.0000860 seconds
270.653: Application time: 0.0620900 seconds
270.654: [GC270.654: [ParNew: 37397K->4152K(37568K), 0.0020470 secs] 333093K->301973K(504672K), 0.0020860 secs] [Times: user=0.01 sys=0.00, real=0.00 secs] 
270.656: Total time for which application threads were stopped: 0.0022280 seconds, Stopping threads took: 0.0000770 seconds
270.715: Application time: 0.0594350 seconds
270.715: [GC270.715: [ParNew: 36992K->4146K(37568K), 0.0017050 secs] 334812K->303028K(504672K), 0.0017460 secs] [Times: user=0.01 sys=0.00, real=0.01 secs] 
270.717: Total time for which application threads were stopped: 0.0018970 seconds, Stopping threads took: 0.0000840 seconds
270.776: Application time: 0.0585970 seconds
270.776: [GC270.776: [ParNew: 36872K->4149K(37568K), 0.0018110 secs] 335754K->304055K(504672K), 0.0018520 secs] [Times: user=0.01 sys=0.00, real=0.01 secs] 
270.778: Total time for which application threads were stopped: 0.0020030 seconds, Stopping threads took: 0.0000840 seconds
270.837: Application time: 0.0594410 seconds
270.837: [GC270.837: [ParNew: 36999K->4141K(37568K), 0.0015270 secs] 336906K->304076K(504672K), 0.0015640 secs] [Times: user=0.01 sys=0.00, real=0.00 secs] 
270.839: Total time for which application threads were stopped: 0.0017080 seconds, Stopping threads took: 0.0000780 seconds
270.901: Application time: 0.0619030 seconds
270.901: [GC270.901: [ParNew: 37061K->4159K(37568K), 0.0014700 secs] 336996K->304153K(504672K), 0.0015090 secs] [Times: user=0.01 sys=0.00, real=0.00 secs] 
270.902: Total time for which application threads were stopped: 0.0016260 seconds, Stopping threads took: 0.0000530 seconds
270.958: Application time: 0.0554250 seconds
270.958: [GC270.958: [ParNew: 37546K->4146K(37568K), 0.0017500 secs] 337540K->305165K(504672K), 0.0017970 secs] [Times: user=0.01 sys=0.00, real=0.00 secs] 
270.960: Total time for which application threads were stopped: 0.0019370 seconds, Stopping threads took: 0.0000770 seconds
271.018: Application time: 0.0584180 seconds
271.018: [GC271.018: [ParNew: 37040K->4115K(37568K), 0.0020820 secs] 338058K->307210K(504672K), 0.0021170 secs] [Times: user=0.02 sys=0.00, real=0.00 secs] 
271.020: Total time for which application threads were stopped: 0.0022450 seconds, Stopping threads took: 0.0000660 seconds
271.086: Application time: 0.0660740 seconds
271.087: [GC271.087: [ParNew: 36820K->4113K(37568K), 0.0020540 secs] 339915K->309256K(504672K), 0.0020930 secs] [Times: user=0.01 sys=0.00, real=0.00 secs] 
271.089: Total time for which application threads were stopped: 0.0022750 seconds, Stopping threads took: 0.0001150 seconds
271.152: Application time: 0.0632710 seconds
271.152: [GC271.152: [ParNew: 37082K->4112K(37568K), 0.0019940 secs] 342225K->311304K(504672K), 0.0020330 secs] [Times: user=0.01 sys=0.00, real=0.00 secs] 
271.154: Total time for which application threads were stopped: 0.0021960 seconds, Stopping threads took: 0.0000860 seconds
271.213: Application time: 0.0586160 seconds
271.213: [GC271.213: [ParNew: 36815K->4128K(37568K), 0.0021770 secs] 344006K->313367K(504672K), 0.0022180 secs] [Times: user=0.01 sys=0.00, real=0.00 secs] 
271.215: Total time for which application threads were stopped: 0.0023720 seconds, Stopping threads took: 0.0000860 seconds
271.273: Application time: 0.0575340 seconds
271.273: [GC271.273: [ParNew: 36660K->4150K(37568K), 0.0015410 secs] 345900K->313389K(504672K), 0.0015780 secs] [Times: user=0.01 sys=0.00, real=0.00 secs] 
271.274: Total time for which application threads were stopped: 0.0017010 seconds, Stopping threads took: 0.0000580 seconds
271.331: Application time: 0.0570420 seconds
271.332: [GC271.332: [ParNew: 37063K->4154K(37568K), 0.0023110 secs] 346302K->316510K(504672K), 0.0023520 secs] [Times: user=0.01 sys=0.01, real=0.00 secs] 
271.334: Total time for which application threads were stopped: 0.0024820 seconds, Stopping threads took: 0.0000610 seconds
271.395: Application time: 0.0609190 seconds
271.395: [GC271.395: [ParNew: 37176K->4158K(37568K), 0.0021420 secs] 349532K->318603K(504672K), 0.0021860 secs] [Times: user=0.01 sys=0.00, real=0.01 secs] 
271.397: Total time for which application threads were stopped: 0.0023320 seconds, Stopping threads took: 0.0000780 seconds
271.455: Application time: 0.0576250 seconds
271.455: [GC271.455: [ParNew: 37005K->4143K(37568K), 0.0021050 secs] 351450K->320665K(504672K), 0.0021460 secs] [Times: user=0.02 sys=0.00, real=0.01 secs] 
271.457: Total time for which application threads were stopped: 0.0022850 seconds, Stopping threads took: 0.0000680 seconds
271.518: Application time: 0.0605230 seconds
271.518: [GC271.518: [ParNew: 36969K->4134K(37568K), 0.0015250 secs] 353491K->320685K(504672K), 0.0015630 secs] [Times: user=0.01 sys=0.00, real=0.00 secs] 
271.519: Total time for which application threads were stopped: 0.0017030 seconds, Stopping threads took: 0.0000750 seconds
271.579: Application time: 0.0594490 seconds
271.579: [GC271.579: [ParNew: 37131K->4155K(37568K), 0.0020540 secs] 353681K->322769K(504672K), 0.0020970 secs] [Times: user=0.01 sys=0.00, real=0.00 secs] 
271.581: Total time for which application threads were stopped: 0.0022440 seconds, Stopping threads took: 0.0000770 seconds
271.642: Application time: 0.0613140 seconds
271.643: [GC271.643: [ParNew: 37127K->4152K(37568K), 0.0017540 secs] 355742K->323831K(504672K), 0.0018040 secs] [Times: user=0.02 sys=0.00, real=0.01 secs] 
271.644: Total time for which application threads were stopped: 0.0019670 seconds, Stopping threads took: 0.0000970 seconds
271.702: Application time: 0.0580510 seconds
271.703: [GC271.703: [ParNew: 36776K->4130K(37568K), 0.0018340 secs] 356455K->324862K(504672K), 0.0018700 secs] [Times: user=0.01 sys=0.00, real=0.01 secs] 
271.704: Total time for which application threads were stopped: 0.0020330 seconds, Stopping threads took: 0.0000780 seconds
271.761: Application time: 0.0563140 seconds
271.761: [GC271.761: [ParNew: 36582K->4111K(37568K), 0.0021490 secs] 357314K->326891K(504672K), 0.0021880 secs] [Times: user=0.01 sys=0.00, real=0.00 secs] 
271.763: Total time for which application threads were stopped: 0.0023450 seconds, Stopping threads took: 0.0000910 seconds
271.824: Application time: 0.0610030 seconds
271.824: [GC271.824: [ParNew: 36935K->4132K(37568K), 0.0016930 secs] 359715K->327936K(504672K), 0.0017320 secs] [Times: user=0.01 sys=0.00, real=0.01 secs] 
271.826: Total time for which application threads were stopped: 0.0018640 seconds, Stopping threads took: 0.0000680 seconds
271.886: Application time: 0.0598240 seconds
271.886: [GC271.886: [ParNew: 36873K->4114K(37568K), 0.0016440 secs] 360677K->328942K(504672K), 0.0016820 secs] [Times: user=0.01 sys=0.00, real=0.00 secs] 
271.888: Total time for which application threads were stopped: 0.0018110 seconds, Stopping threads took: 0.0000620 seconds
271.945: Application time: 0.0571710 seconds
271.945: [GC271.945: [ParNew: 36689K->4146K(37568K), 0.0017620 secs] 361517K->329998K(504672K), 0.0017990 secs] [Times: user=0.01 sys=0.00, real=0.00 secs] 
271.947: Total time for which application threads were stopped: 0.0019370 seconds, Stopping threads took: 0.0000710 seconds
272.005: Application time: 0.0578210 seconds
272.005: [GC272.005: [ParNew: 37100K->4152K(37568K), 0.0023880 secs] 362952K->333120K(504672K), 0.0024310 secs] [Times: user=0.02 sys=0.00, real=0.00 secs] 
272.007: Total time for which application threads were stopped: 0.0025640 seconds, Stopping threads took: 0.0000650 seconds
272.007: Application time: 0.0000460 seconds
272.007: [GC [1 CMS-initial-mark: 328968K(467104K)] 334144K(504672K), 0.0001070 secs] [Times: user=0.00 sys=0.00, real=0.00 secs] 
272.007: Total time for which application threads were stopped: 0.0002970 seconds, Stopping threads took: 0.0001680 seconds
272.007: [CMS-concurrent-mark-start]
272.011: [CMS-concurrent-mark: 0.004/0.004 secs] [Times: user=0.01 sys=0.00, real=0.00 secs] 
272.011: [CMS-concurrent-preclean-start]
272.012: [CMS-concurrent-preclean: 0.001/0.001 secs] [Times: user=0.00 sys=0.00, real=0.00 secs] 
272.012: Application time: 0.0047940 seconds
272.012: [GC[YG occupancy: 5303 K (37568 K)]272.012: [Rescan (parallel) , 0.0002160 secs]272.013: [weak refs processing, 0.0000060 secs]272.013: [scrub string table, 0.0001250 secs] [1 CMS-remark: 328968K(467104K)] 334272K(504672K), 0.0003740 secs] [Times: user=0.01 sys=0.00, real=0.00 secs] 
272.013: Total time for which application threads were stopped: 0.0005060 seconds, Stopping threads took: 0.0001050 seconds
272.013: [CMS-concurrent-sweep-start]
272.014: [CMS-concurrent-sweep: 0.002/0.002 secs] [Times: user=0.00 sys=0.00, real=0.00 secs] 
272.014: [CMS-concurrent-reset-start]
272.017: [CMS-concurrent-reset: 0.002/0.002 secs] [Times: user=0.02 sys=0.00, real=0.01 secs] 
272.068: Application time: 0.0554500 seconds
272.068: [GC272.068: [ParNew: 37136K->4145K(37568K), 0.0019680 secs] 43884K->12982K(504672K), 0.0020080 secs] [Times: user=0.01 sys=0.00, real=0.00 secs] 
272.070: Total time for which application threads were stopped: 0.0021370 seconds, Stopping threads took: 0.0000580 seconds
272.131: Application time: 0.0602930 seconds
272.131: [GC272.131: [ParNew: 37110K->4159K(37568K), 0.0017110 secs] 45947K->14049K(504672K), 0.0017490 secs] [Times: user=0.01 sys=0.00, real=0.00 secs] 
272.133: Total time for which application threads were stopped: 0.0019060 seconds, Stopping threads took: 0.0000930 seconds
272.194: Application time: 0.0612280 seconds
272.194: [GC272.194: [ParNew: 37018K->4131K(37568K), 0.0014440 secs] 46908K->14049K(504672K), 0.0014780 secs] [Times: user=0.01 sys=0.00, real=0.00 secs] 
272.195: Total time for which application threads were stopped: 0.0016580 seconds, Stopping threads took: 0.0001180 seconds
272.257: Application time: 0.0620710 seconds
272.258: [GC272.258: [ParNew: 37215K->4156K(37568K), 0.0014670 secs] 47133K->14119K(504672K), 0.0015130 secs] [Times: user=0.01 sys=0.00, real=0.00 secs] 
272.259: Total time for which application threads were stopped: 0.0016480 seconds, Stopping threads took: 0.0000610 seconds
272.315: Application time: 0.0561010 seconds
272.315: [GC272.315: [ParNew: 37564K->4146K(37568K), 0.0018130 secs] 47527K->15145K(504672K), 0.0018530 secs] [Times: user=0.01 sys=0.00, real=0.01 secs] 
272.317: Total time for which application threads were stopped: 0.0020220 seconds, Stopping threads took: 0.0001060 seconds
272.374: Application time: 0.0570210 seconds
272.374: [GC272.374: [ParNew: 36896K->4112K(37568K), 0.0024620 secs] 47896K->18211K(504672K), 0.0025040 secs] [Times: user=0.02 sys=0.00, real=0.01 secs] 
272.377: Total time for which application threads were stopped: 0.0026440 seconds, Stopping threads took: 0.0000730 seconds
272.438: Application time: 0.0612400 seconds
272.438: [GC272.438: [ParNew: 36973K->4132K(37568K), 0.0021340 secs] 51073K->20280K(504672K), 0.0021750 secs] [Times: user=0.01 sys=0.00, real=0.00 secs] 
272.441: Total time for which application threads were stopped: 0.0023320 seconds, Stopping threads took: 0.0000920 seconds
272.498: Application time: 0.0577450 seconds
272.498: [GC272.498: [ParNew: 36836K->4110K(37568K), 0.0019150 secs] 52984K->21281K(504672K), 0.0019550 secs] [Times: user=0.01 sys=0.00, real=0.00 secs] 
272.500: Total time for which application threads were stopped: 0.0021240 seconds, Stopping threads took: 0.0001010 seconds
272.564: Application time: 0.0637700 seconds
272.568: [GC272.568: [ParNew: 37038K->2105K(37568K), 0.0009570 secs] 54210K->19277K(504672K), 0.0009870 secs] [Times: user=0.01 sys=0.00, real=0.00 secs] 
272.569: Total time for which application threads were stopped: 0.0052200 seconds, Stopping threads took: 0.0041760 seconds
272.625: Application time: 0.0557560 seconds
272.625: [GC272.625: [ParNew: 35513K->4145K(37568K), 0.0020830 secs] 52685K->23365K(504672K), 0.0021280 secs] [Times: user=0.01 sys=0.00, real=0.00 secs] 
272.627: Total time for which application threads were stopped: 0.0022690 seconds, Stopping threads took: 0.0000730 seconds
272.691: Application time: 0.0633200 seconds
272.691: [GC272.691: [ParNew: 37273K->4158K(37568K), 0.0014820 secs] 56492K->23422K(504672K), 0.0015220 secs] [Times: user=0.01 sys=0.00, real=0.00 secs] 
272.692: Total time for which application threads were stopped: 0.0016570 seconds, Stopping threads took: 0.0000700 seconds
272.749: Application time: 0.0565450 seconds
272.749: [GC272.749: [ParNew: 37085K->4140K(37568K), 0.0020630 secs] 56350K->25493K(504672K), 0.0021060 secs] [Times: user=0.01 sys=0.00, real=0.00 secs] 
272.751: Total time for which application threads were stopped: 0.0022670 seconds, Stopping threads took: 0.0000930 seconds
272.813: Application time: 0.0612990 seconds
272.813: [GC272.813: [ParNew: 37209K->4156K(37568K), 0.0022140 secs] 58563K->27590K(504672K), 0.0022530 secs] [Times: user=0.02 sys=0.00, real=0.00 secs] 
272.815: Total time for which application threads were stopped: 0.0023900 seconds, Stopping threads took: 0.0000620 seconds
272.873: Application time: 0.0581050 seconds
272.873: [GC272.873: [ParNew: 36846K->4112K(37568K), 0.0018490 secs] 60280K->28595K(504672K), 0.0018910 secs] [Times: user=0.01 sys=0.00, real=0.00 secs] 
272.875: Total time for which application threads were stopped: 0.0020500 seconds, Stopping threads took: 0.0000910 seconds
272.937: Application time: 0.0623910 seconds
272.938: [GC272.938: [ParNew: 37163K->3180K(37568K), 0.0012010 secs] 61646K->27663K(504672K), 0.0012330 secs] [Times: user=0.01 sys=0.00, real=0.00 secs] 
272.939: Total time for which application threads were stopped: 0.0013860 seconds, Stopping threads took: 0.0000940 seconds
272.996: Application time: 0.0572650 seconds
272.996: [GC272.996: [ParNew: 36588K->4110K(37568K), 0.0020910 secs] 61071K->30726K(504672K), 0.0021320 secs] [Times: user=0.02 sys=0.00, real=0.01 secs] 
272.998: Total time for which application threads were stopped: 0.0022540 seconds, Stopping threads took: 0.0000560 seconds
273.056: Application time: 0.0580990 seconds
273.057: [GC273.057: [ParNew: 36929K->4114K(37568K), 0.0022920 secs] 63545K->33802K(504672K), 0.0023480 secs] [Times: user=0.02 sys=0.00, real=0.00 secs] 
273.059: Total time for which application threads were stopped: 0.0024780 seconds, Stopping threads took: 0.0000640 seconds
273.119: Application time: 0.0597700 seconds
273.119: [GC273.119: [ParNew: 37015K->4130K(37568K), 0.0018910 secs] 66703K->35866K(504672K), 0.0019300 secs] [Times: user=0.02 sys=0.00, real=0.00 secs] 
273.121: Total time for which application threads were stopped: 0.0020450 seconds, Stopping threads took: 0.0000520 seconds
273.179: Application time: 0.0581550 seconds
273.179: [GC273.179: [ParNew: 36849K->4114K(37568K), 0.0055580 secs] 68585K->37898K(504672K), 0.0056000 secs] [Times: user=0.04 sys=0.00, real=0.01 secs] 
273.185: Total time for which application threads were stopped: 0.0057820 seconds, Stopping threads took: 0.0001130 seconds
273.248: Application time: 0.0633420 seconds
273.248: [GC273.248: [ParNew: 37006K->4133K(37568K), 0.0019130 secs] 70791K->38941K(504672K), 0.0019490 secs] [Times: user=0.01 sys=0.00, real=0.00 secs] 
273.250: Total time for which application threads were stopped: 0.0020970 seconds, Stopping threads took: 0.0000830 seconds
273.308: Application time: 0.0579250 seconds
273.308: [GC273.308: [ParNew: 36945K->4156K(37568K), 0.0017340 secs] 71753K->40021K(504672K), 0.0017720 secs] [Times: user=0.01 sys=0.00, real=0.00 secs] 
273.310: Total time for which application threads were stopped: 0.0019030 seconds, Stopping threads took: 0.0000660 seconds
273.371: Application time: 0.0610790 seconds
273.371: [GC273.371: [ParNew: 37001K->4158K(37568K), 0.0014460 secs] 72865K->40047K(504672K), 0.0014840 secs] [Times: user=0.01 sys=0.00, real=0.00 secs] 
273.373: Total time for which application threads were stopped: 0.0016080 seconds, Stopping threads took: 0.0000530 seconds
273.429: Application time: 0.0565100 seconds
273.429: [GC273.429: [ParNew: 37000K->4154K(37568K), 0.0018520 secs] 72889K->41128K(504672K), 0.0018900 secs] [Times: user=0.01 sys=0.00, real=0.00 secs] 
273.431: Total time for which application threads were stopped: 0.0020480 seconds, Stopping threads took: 0.0000920 seconds
273.492: Application time: 0.0611690 seconds
273.493: [GC273.493: [ParNew: 36924K->4122K(37568K), 0.0016850 secs] 73898K->42145K(504672K), 0.0017230 secs] [Times: user=0.01 sys=0.00, real=0.00 secs] 
273.494: Total time for which application threads were stopped: 0.0018450 seconds, Stopping threads took: 0.0000590 seconds
273.552: Application time: 0.0579620 seconds
273.552: [GC273.552: [ParNew: 36853K->4113K(37568K), 0.0017940 secs] 74875K->43160K(504672K), 0.0018280 secs] [Times: user=0.02 sys=0.00, real=0.00 secs] 
273.554: Total time for which application threads were stopped: 0.0019850 seconds, Stopping threads took: 0.0000910 seconds
273.616: Application time: 0.0615060 seconds
273.616: [GC273.616: [ParNew: 37128K->4159K(37568K), 0.0013760 secs] 76175K->43263K(504672K), 0.0014140 secs] [Times: user=0.01 sys=0.00, real=0.01 secs] 
273.617: Total time for which application threads were stopped: 0.0015880 seconds, Stopping threads took: 0.0001170 seconds
273.673: Application time: 0.0553120 seconds
273.673: [GC273.673: [ParNew: 37567K->4146K(37568K), 0.0017310 secs] 76671K->44275K(504672K), 0.0017670 secs] [Times: user=0.01 sys=0.00, real=0.00 secs] 
273.675: Total time for which application threads were stopped: 0.0019050 seconds, Stopping threads took: 0.0000760 seconds
273.736: Application time: 0.0610600 seconds
273.736: [GC273.736: [ParNew: 37142K->4110K(37568K), 0.0022600 secs] 77271K->47340K(504672K), 0.0023040 secs] [Times: user=0.02 sys=0.00, real=0.01 secs] 
273.738: Total time for which application threads were stopped: 0.0024550 seconds, Stopping threads took: 0.0000840 seconds
273.795: Application time: 0.0573270 seconds
273.795: [GC273.795: [ParNew: 36905K->4112K(37568K), 0.0019750 secs] 80134K->49390K(504672K), 0.0020260 secs] [Times: user=0.01 sys=0.00, real=0.01 secs] 
273.798: Total time for which application threads were stopped: 0.0021590 seconds, Stopping threads took: 0.0000650 seconds
273.856: Application time: 0.0588120 seconds
273.860: [GC273.860: [ParNew: 36922K->4113K(37568K), 0.0022460 secs] 82199K->51438K(504672K), 0.0022890 secs] [Times: user=0.02 sys=0.00, real=0.00 secs] 
273.863: Total time for which application threads were stopped: 0.0064090 seconds, Stopping threads took: 0.0040520 seconds
273.927: Application time: 0.0641170 seconds
273.928: [GC273.928: [ParNew: 37109K->3108K(37568K), 0.0011340 secs] 84435K->50433K(504672K), 0.0011720 secs] [Times: user=0.01 sys=0.00, real=0.00 secs] 
273.930: Total time for which application threads were stopped: 0.0027800 seconds, Stopping threads took: 0.0015150 seconds
273.984: Application time: 0.0546500 seconds
273.984: [GC273.984: [ParNew: 35752K->4158K(37568K), 0.0017420 secs] 83077K->52540K(504672K), 0.0017860 secs] [Times: user=0.02 sys=0.00, real=0.00 secs] 
273.986: Total time for which application threads were stopped: 0.0019160 seconds, Stopping threads took: 0.0000590 seconds
274.049: Application time: 0.0631650 seconds
274.049: [GC274.050: [ParNew: 37178K->4146K(37568K), 0.0018210 secs] 85560K->53592K(504672K), 0.0018610 secs] [Times: user=0.01 sys=0.00, real=0.00 secs] 
274.051: Total time for which application threads were stopped: 0.0019910 seconds, Stopping threads took: 0.0000650 seconds
274.107: Application time: 0.0553780 seconds
274.107: [GC274.107: [ParNew: 36805K->4157K(37568K), 0.0017490 secs] 86251K->54669K(504672K), 0.0017900 secs] [Times: user=0.01 sys=0.00, real=0.00 secs] 
274.109: Total time for which application threads were stopped: 0.0019700 seconds, Stopping threads took: 0.0001120 seconds
274.171: Application time: 0.0619520 seconds
274.171: [GC274.171: [ParNew: 36997K->4117K(37568K), 0.0017610 secs] 87508K->55681K(504672K), 0.0018000 secs] [Times: user=0.02 sys=0.00, real=0.00 secs] 
274.173: Total time for which application threads were stopped: 0.0019240 seconds, Stopping threads took: 0.0000600 seconds
274.231: Application time: 0.0580050 seconds
274.231: [GC274.231: [ParNew: 36869K->4130K(37568K), 0.0020750 secs] 88434K->57742K(504672K), 0.0021140 secs] [Times: user=0.01 sys=0.00, real=0.00 secs] 
274.233: Total time for which application threads were stopped: 0.0022790 seconds, Stopping threads took: 0.0000970 seconds
274.293: Application time: 0.0604990 seconds
274.293: [GC274.294: [ParNew: 37076K->4158K(37568K), 0.0014790 secs] 90688K->57836K(504672K), 0.0015110 secs] [Times: user=0.02 sys=0.00, real=0.00 secs] 
274.295: Total time for which application threads were stopped: 0.0016310 seconds, Stopping threads took: 0.0000590 seconds
274.349: Application time: 0.0541250 seconds
274.349: [GC274.349: [ParNew: 36572K->4140K(37568K), 0.0023730 secs] 90250K->60890K(504672K), 0.0024190 secs] [Times: user=0.01 sys=0.00, real=0.00 secs] 
274.352: Total time for which application threads were stopped: 0.0025530 seconds, Stopping threads took: 0.0000650 seconds
274.411: Application time: 0.0591640 seconds
274.411: [GC274.411: [ParNew: 37082K->4114K(37568K), 0.0023910 secs] 93833K->63965K(504672K), 0.0024350 secs] [Times: user=0.02 sys=0.00, real=0.00 secs] 
274.413: Total time for which application threads were stopped: 0.0025690 seconds, Stopping threads took: 0.0000620 seconds
274.472: Application time: 0.0587200 seconds
274.472: [GC274.472: [ParNew: 36900K->4132K(37568K), 0.0020200 secs] 96751K->66031K(504672K), 0.0020630 secs] [Times: user=0.02 sys=0.00, real=0.00 secs] 
274.474: Total time for which application threads were stopped: 0.0022180 seconds, Stopping threads took: 0.0000660 seconds
274.535: Application time: 0.0610230 seconds
274.536: [GC274.536: [ParNew: 36964K->4128K(37568K), 0.0018210 secs] 98863K->67051K(504672K), 0.0018630 secs] [Times: user=0.01 sys=0.00, real=0.01 secs] 
274.537: Total time for which application threads were stopped: 0.0020310 seconds, Stopping threads took: 0.0000980 seconds
274.599: Application time: 0.0617890 seconds
274.599: [GC274.599: [ParNew: 36934K->4118K(37568K), 0.0016850 secs] 99857K->68065K(504672K), 0.0017360 secs] [Times: user=0.02 sys=0.00, real=0.00 secs] 
274.601: Total time for which application threads were stopped: 0.0018610 seconds, Stopping threads took: 0.0000580 seconds
274.659: Application time: 0.0582390 seconds
274.659: [GC274.660: [ParNew: 36892K->4156K(37568K), 0.0017420 secs] 100839K->69147K(504672K), 0.0017810 secs] [Times: user=0.01 sys=0.00, real=0.00 secs] 
274.661: Total time for which application threads were stopped: 0.0019500 seconds, Stopping threads took: 0.0001040 seconds
274.721: Application time: 0.0598650 seconds
274.721: [GC274.721: [ParNew: 37093K->4158K(37568K), 0.0017930 secs] 102084K->70214K(504672K), 0.0018330 secs] [Times: user=0.01 sys=0.00, real=0.00 secs] 
274.723: Total time for which application threads were stopped: 0.0019710 seconds, Stopping threads took: 0.0000740 seconds
274.777: Application time: 0.0538800 seconds
274.777: [GC274.777: [ParNew: 36693K->4141K(37568K), 0.0021440 secs] 102749K->72270K(504672K), 0.0021830 secs] [Times: user=0.02 sys=0.00, real=0.00 secs] 
274.779: Total time for which application threads were stopped: 0.0023470 seconds, Stopping threads took: 0.0000950 seconds
274.843: Application time: 0.0639520 seconds
274.843: [GC274.843: [ParNew: 37252K->4147K(37568K), 0.0015360 secs] 105380K->72304K(504672K), 0.0015720 secs] [Times: user=0.01 sys=0.00, real=0.01 secs] 
274.845: Total time for which application threads were stopped: 0.0017100 seconds, Stopping threads took: 0.0000740 seconds
274.903: Application time: 0.0577800 seconds
274.903: [GC274.903: [ParNew: 36838K->4146K(37568K), 0.0018190 secs] 104995K->73356K(504672K), 0.0018610 secs] [Times: user=0.02 sys=0.00, real=0.01 secs] 
274.905: Total time for which application threads were stopped: 0.0019960 seconds, Stopping threads took: 0.0000680 seconds
274.965: Application time: 0.0598660 seconds
274.965: [GC274.965: [ParNew: 37068K->4158K(37568K), 0.0014340 secs] 106278K->73416K(504672K), 0.0014700 secs] [Times: user=0.01 sys=0.00, real=0.00 secs] 
274.966: Total time for which application threads were stopped: 0.0016200 seconds, Stopping threads took: 0.0000850 seconds
275.023: Application time: 0.0569130 seconds
275.023: [GC275.023: [ParNew: 36718K->4144K(37568K), 0.0020010 secs] 105975K->75459K(504672K), 0.0020440 secs] [Times: user=0.02 sys=0.00, real=0.01 secs] 
275.025: Total time for which application threads were stopped: 0.0021810 seconds, Stopping threads took: 0.0000610 seconds
275.086: Application time: 0.0603480 seconds
275.086: [GC275.086: [ParNew: 37095K->4112K(37568K), 0.0022540 secs] 108409K->78527K(504672K), 0.0022970 secs] [Times: user=0.01 sys=0.00, real=0.00 secs] 
275.088: Total time for which application threads were stopped: 0.0024360 seconds, Stopping threads took: 0.0000720 seconds
275.146: Application time: 0.0576790 seconds
275.146: [GC275.146: [ParNew: 36804K->4114K(37568K), 0.0020020 secs] 111219K->80578K(504672K), 0.0020440 secs] [Times: user=0.02 sys=0.00, real=0.00 secs] 
275.148: Total time for which application threads were stopped: 0.0022060 seconds, Stopping threads took: 0.0000960 seconds
275.209: Application time: 0.0605630 seconds
275.209: [GC275.209: [ParNew: 36930K->4135K(37568K), 0.0017440 secs] 113394K->81622K(504672K), 0.0017830 secs] [Times: user=0.01 sys=0.00, real=0.00 secs] 
275.211: Total time for which application threads were stopped: 0.0019070 seconds, Stopping threads took: 0.0000580 seconds
275.270: Application time: 0.0599330 seconds
275.271: [GC275.271: [ParNew: 36924K->4114K(37568K), 0.0017520 secs] 114411K->82626K(504672K), 0.0017910 secs] [Times: user=0.00 sys=0.01, real=0.00 secs] 
275.272: Total time for which application threads were stopped: 0.0019140 seconds, Stopping threads took: 0.0000570 seconds
275.332: Application time: 0.0592590 seconds
275.332: [GC275.332: [ParNew: 36954K->4147K(37568K), 0.0018670 secs] 115466K->83699K(504672K), 0.0019060 secs] [Times: user=0.01 sys=0.00, real=0.00 secs] 
275.334: Total time for which application threads were stopped: 0.0020540 seconds, Stopping threads took: 0.0000710 seconds
275.392: Application time: 0.0586420 seconds
275.392: [GC275.392: [ParNew: 37008K->4159K(37568K), 0.0014720 secs] 116559K->83759K(504672K), 0.0015100 secs] [Times: user=0.01 sys=0.00, real=0.00 secs] 
275.394: Total time for which application threads were stopped: 0.0016340 seconds, Stopping threads took: 0.0000570 seconds
275.451: Application time: 0.0571680 seconds
275.451: [GC275.451: [ParNew: 36856K->4142K(37568K), 0.0021170 secs] 116456K->85811K(504672K), 0.0021560 secs] [Times: user=0.01 sys=0.00, real=0.00 secs] 
275.453: Total time for which application threads were stopped: 0.0022930 seconds, Stopping threads took: 0.0000720 seconds
275.516: Application time: 0.0623220 seconds
275.516: [GC275.516: [ParNew: 37203K->4145K(37568K), 0.0016860 secs] 118872K->86867K(504672K), 0.0017240 secs] [Times: user=0.01 sys=0.00, real=0.01 secs] 
275.518: Total time for which application threads were stopped: 0.0018450 seconds, Stopping threads took: 0.0000590 seconds
275.577: Application time: 0.0594390 seconds
275.577: [GC275.577: [ParNew: 36843K->4146K(37568K), 0.0014950 secs] 119565K->86896K(504672K), 0.0015330 secs] [Times: user=0.01 sys=0.00, real=0.00 secs] 
275.579: Total time for which application threads were stopped: 0.0016850 seconds, Stopping threads took: 0.0000770 seconds
275.637: Application time: 0.0580730 seconds
275.637: [GC275.637: [ParNew: 36796K->3154K(37568K), 0.0011310 secs] 119546K->85904K(504672K), 0.0011680 secs] [Times: user=0.01 sys=0.00, real=0.00 secs] 
275.638: Total time for which application threads were stopped: 0.0013050 seconds, Stopping threads took: 0.0000770 seconds
275.691: Application time: 0.0527980 seconds
275.691: [GC275.691: [ParNew: 35899K->4140K(37568K), 0.0025600 secs] 118649K->90019K(504672K), 0.0026020 secs] [Times: user=0.02 sys=0.00, real=0.00 secs] 
275.694: Total time for which application threads were stopped: 0.0027890 seconds, Stopping threads took: 0.0001180 seconds
275.758: Application time: 0.0645570 seconds
275.760: [GC275.760: [ParNew: 37159K->4114K(37568K), 0.0019630 secs] 123038K->92069K(504672K), 0.0020010 secs] [Times: user=0.02 sys=0.00, real=0.00 secs] 
275.762: Total time for which application threads were stopped: 0.0041680 seconds, Stopping threads took: 0.0020910 seconds
275.819: Application time: 0.0567640 seconds
275.819: [GC275.819: [ParNew: 36802K->4133K(37568K), 0.0015700 secs] 124757K->92089K(504672K), 0.0016040 secs] [Times: user=0.01 sys=0.00, real=0.00 secs] 
275.821: Total time for which application threads were stopped: 0.0017240 seconds, Stopping threads took: 0.0000590 seconds
275.883: Application time: 0.0620540 seconds
275.883: [GC275.883: [ParNew: 36980K->4135K(37568K), 0.0016150 secs] 124936K->92090K(504672K), 0.0016490 secs] [Times: user=0.01 sys=0.00, real=0.01 secs] 
275.885: Total time for which application threads were stopped: 0.0017820 seconds, Stopping threads took: 0.0000720 seconds
275.941: Application time: 0.0559650 seconds
275.941: [GC275.941: [ParNew: 36768K->4130K(37568K), 0.0021690 secs] 124724K->94134K(504672K), 0.0022070 secs] [Times: user=0.02 sys=0.00, real=0.00 secs] 
275.943: Total time for which application threads were stopped: 0.0024270 seconds, Stopping threads took: 0.0001540 seconds
276.006: Application time: 0.0631230 seconds
276.006: [GC276.006: [ParNew: 37191K->4159K(37568K), 0.0018440 secs] 127194K->95187K(504672K), 0.0018860 secs] [Times: user=0.02 sys=0.00, real=0.00 secs] 
276.008: Total time for which application threads were stopped: 0.0020790 seconds, Stopping threads took: 0.0001260 seconds
276.063: Application time: 0.0548630 seconds
276.063: [GC276.063: [ParNew: 36646K->4158K(37568K), 0.0033310 secs] 127674K->96271K(504672K), 0.0033770 secs] [Times: user=0.02 sys=0.00, real=0.01 secs] 
276.067: Total time for which application threads were stopped: 0.0035440 seconds, Stopping threads took: 0.0001020 seconds
276.129: Application time: 0.0623130 seconds
276.129: [GC276.129: [ParNew: 37159K->4144K(37568K), 0.0020870 secs] 129272K->98330K(504672K), 0.0021280 secs] [Times: user=0.02 sys=0.00, real=0.00 secs] 
276.131: Total time for which application threads were stopped: 0.0022870 seconds, Stopping threads took: 0.0000830 seconds
276.190: Application time: 0.0590880 seconds
276.191: [GC276.191: [ParNew: 37046K->4156K(37568K), 0.0018360 secs] 131232K->99402K(504672K), 0.0018800 secs] [Times: user=0.01 sys=0.00, real=0.00 secs] 
276.193: Total time for which application threads were stopped: 0.0020180 seconds, Stopping threads took: 0.0000700 seconds
276.249: Application time: 0.0568280 seconds
276.249: [GC276.249: [ParNew: 36563K->4134K(37568K), 0.0014420 secs] 131810K->99401K(504672K), 0.0014770 secs] [Times: user=0.01 sys=0.00, real=0.00 secs] 
276.251: Total time for which application threads were stopped: 0.0016030 seconds, Stopping threads took: 0.0000620 seconds
276.310: Application time: 0.0595210 seconds
276.311: [GC276.311: [ParNew: 36874K->4142K(37568K), 0.0016940 secs] 132141K->100433K(504672K), 0.0017390 secs] [Times: user=0.01 sys=0.00, real=0.00 secs] 
276.312: Total time for which application threads were stopped: 0.0018690 seconds, Stopping threads took: 0.0000660 seconds
276.370: Application time: 0.0578050 seconds
276.370: [GC276.370: [ParNew: 37187K->4157K(37568K), 0.0020920 secs] 133478K->102541K(504672K), 0.0021320 secs] [Times: user=0.01 sys=0.00, real=0.00 secs] 
276.372: Total time for which application threads were stopped: 0.0022570 seconds, Stopping threads took: 0.0000630 seconds
276.431: Application time: 0.0581140 seconds
276.431: [GC276.431: [ParNew: 36934K->4113K(37568K), 0.0017480 secs] 135318K->103562K(504672K), 0.0017870 secs] [Times: user=0.00 sys=0.00, real=0.00 secs] 
276.432: Total time for which application threads were stopped: 0.0019550 seconds, Stopping threads took: 0.0001010 seconds
276.492: Application time: 0.0596930 seconds
276.492: [GC276.492: [ParNew: 36990K->4110K(37568K), 0.0024060 secs] 136438K->106630K(504672K), 0.0024410 secs] [Times: user=0.01 sys=0.01, real=0.00 secs] 
276.495: Total time for which application threads were stopped: 0.0025900 seconds, Stopping threads took: 0.0000800 seconds
276.553: Application time: 0.0581860 seconds
276.553: [GC276.553: [ParNew: 36830K->4116K(37568K), 0.0020610 secs] 139351K->108685K(504672K), 0.0020980 secs] [Times: user=0.02 sys=0.00, real=0.00 secs] 
276.555: Total time for which application threads were stopped: 0.0023150 seconds, Stopping threads took: 0.0001490 seconds
276.619: Application time: 0.0635580 seconds
276.619: [GC276.619: [ParNew: 37075K->4132K(37568K), 0.0017510 secs] 141644K->109725K(504672K), 0.0017920 secs] [Times: user=0.01 sys=0.00, real=0.00 secs] 
276.621: Total time for which application threads were stopped: 0.0019240 seconds, Stopping threads took: 0.0000660 seconds
276.681: Application time: 0.0598190 seconds
276.681: [GC276.681: [ParNew: 37095K->4157K(37568K), 0.0014170 secs] 142688K->109782K(504672K), 0.0014550 secs] [Times: user=0.01 sys=0.00, real=0.00 secs] 
276.682: Total time for which application threads were stopped: 0.0015870 seconds, Stopping threads took: 0.0000610 seconds
276.740: Application time: 0.0582980 seconds
276.741: [GC276.741: [ParNew: 36827K->4145K(37568K), 0.0018480 secs] 142451K->110835K(504672K), 0.0018850 secs] [Times: user=0.01 sys=0.00, real=0.00 secs] 
276.743: Total time for which application threads were stopped: 0.0020490 seconds, Stopping threads took: 0.0000980 seconds
276.802: Application time: 0.0593840 seconds
276.802: [GC276.802: [ParNew: 36967K->4158K(37568K), 0.0018460 secs] 143657K->111884K(504672K), 0.0018860 secs] [Times: user=0.01 sys=0.00, real=0.00 secs] 
276.804: Total time for which application threads were stopped: 0.0020280 seconds, Stopping threads took: 0.0000730 seconds
276.862: Application time: 0.0576520 seconds
276.862: [GC276.862: [ParNew: 36779K->4158K(37568K), 0.0018320 secs] 144506K->112940K(504672K), 0.0018680 secs] [Times: user=0.01 sys=0.00, real=0.00 secs] 
276.864: Total time for which application threads were stopped: 0.0020170 seconds, Stopping threads took: 0.0000850 seconds
276.919: Application time: 0.0553430 seconds
276.919: [GC276.919: [ParNew: 37566K->4114K(37568K), 0.0024680 secs] 146348K->115996K(504672K), 0.0025180 secs] [Times: user=0.02 sys=0.00, real=0.00 secs] 
276.922: Total time for which application threads were stopped: 0.0026470 seconds, Stopping threads took: 0.0000610 seconds
276.982: Application time: 0.0608200 seconds
276.984: [GC276.984: [ParNew: 37116K->4140K(37568K), 0.0023030 secs] 148998K->119095K(504672K), 0.0023450 secs] [Times: user=0.02 sys=0.00, real=0.00 secs] 
276.987: Total time for which application threads were stopped: 0.0043350 seconds, Stopping threads took: 0.0019230 seconds
277.046: Application time: 0.0594270 seconds
277.046: [GC277.046: [ParNew: 37236K->4155K(37568K), 0.0019250 secs] 152190K->121202K(504672K), 0.0019640 secs] [Times: user=0.02 sys=0.00, real=0.00 secs] 
277.048: Total time for which application threads were stopped: 0.0021040 seconds, Stopping threads took: 0.0000750 seconds
277.107: Application time: 0.0591110 seconds
277.108: [GC277.108: [ParNew: 36978K->4119K(37568K), 0.0016900 secs] 154025K->122231K(504672K), 0.0017270 secs] [Times: user=0.01 sys=0.00, real=0.00 secs] 
277.109: Total time for which application threads were stopped: 0.0018620 seconds, Stopping threads took: 0.0000710 seconds
277.169: Application time: 0.0597690 seconds
277.169: [GC277.169: [ParNew: 36968K->4116K(37568K), 0.0019770 secs] 155080K->124276K(504672K), 0.0020190 secs] [Times: user=0.01 sys=0.00, real=0.00 secs] 
277.171: Total time for which application threads were stopped: 0.0021620 seconds, Stopping threads took: 0.0000770 seconds
277.231: Application time: 0.0597020 seconds
277.231: [GC277.231: [ParNew: 36997K->4115K(37568K), 0.0020940 secs] 157157K->126323K(504672K), 0.0021350 secs] [Times: user=0.02 sys=0.00, real=0.00 secs] 
277.233: Total time for which application threads were stopped: 0.0022790 seconds, Stopping threads took: 0.0000670 seconds
277.296: Application time: 0.0626270 seconds
277.300: [GC277.301: [ParNew: 36969K->4146K(37568K), 0.0020090 secs] 159177K->127378K(504672K), 0.0020490 secs] [Times: user=0.01 sys=0.00, real=0.00 secs] 
277.303: Total time for which application threads were stopped: 0.0067470 seconds, Stopping threads took: 0.0046290 seconds
277.359: Application time: 0.0563190 seconds
277.359: [GC277.359: [ParNew: 36676K->4159K(37568K), 0.0018130 secs] 159908K->128416K(504672K), 0.0018530 secs] [Times: user=0.02 sys=0.00, real=0.00 secs] 
277.361: Total time for which application threads were stopped: 0.0020500 seconds, Stopping threads took: 0.0001300 seconds
277.423: Application time: 0.0622500 seconds
277.423: [GC277.423: [ParNew: 37277K->4156K(37568K), 0.0019310 secs] 161534K->129496K(504672K), 0.0019760 secs] [Times: user=0.02 sys=0.00, real=0.01 secs] 
277.425: Total time for which application threads were stopped: 0.0021030 seconds, Stopping threads took: 0.0000600 seconds
277.483: Application time: 0.0579830 seconds
277.483: [GC277.483: [ParNew: 36871K->4144K(37568K), 0.0018050 secs] 162212K->130534K(504672K), 0.0018460 secs] [Times: user=0.01 sys=0.00, real=0.01 secs] 
277.485: Total time for which application threads were stopped: 0.0019850 seconds, Stopping threads took: 0.0000690 seconds
277.544: Application time: 0.0587380 seconds
277.544: [GC277.544: [ParNew: 36827K->4158K(37568K), 0.0019250 secs] 163217K->131616K(504672K), 0.0019660 secs] [Times: user=0.01 sys=0.00, real=0.01 secs] 
277.546: Total time for which application threads were stopped: 0.0021020 seconds, Stopping threads took: 0.0000690 seconds
277.603: Application time: 0.0571890 seconds
277.603: [GC277.603: [ParNew: 37566K->4118K(37568K), 0.0019680 secs] 165024K->133637K(504672K), 0.0020080 secs] [Times: user=0.02 sys=0.00, real=0.01 secs] 
277.605: Total time for which application threads were stopped: 0.0021350 seconds, Stopping threads took: 0.0000610 seconds
277.663: Application time: 0.0574620 seconds
277.663: [GC277.663: [ParNew: 37071K->4140K(37568K), 0.0023080 secs] 166590K->136731K(504672K), 0.0023610 secs] [Times: user=0.01 sys=0.00, real=0.01 secs] 
277.665: Total time for which application threads were stopped: 0.0024940 seconds, Stopping threads took: 0.0000660 seconds
277.727: Application time: 0.0615760 seconds
277.727: [GC277.727: [ParNew: 37299K->4154K(37568K), 0.0022230 secs] 169890K->139861K(504672K), 0.0022660 secs] [Times: user=0.01 sys=0.00, real=0.00 secs] 
277.729: Total time for which application threads were stopped: 0.0023890 seconds, Stopping threads took: 0.0000560 seconds
277.786: Application time: 0.0570590 seconds
277.787: [GC277.787: [ParNew: 36900K->4115K(37568K), 0.0018050 secs] 172607K->140887K(504672K), 0.0018480 secs] [Times: user=0.01 sys=0.00, real=0.00 secs] 
277.788: Total time for which application threads were stopped: 0.0020050 seconds, Stopping threads took: 0.0000770 seconds
277.850: Application time: 0.0616260 seconds
277.850: [GC277.850: [ParNew: 37007K->4116K(37568K), 0.0019790 secs] 173779K->142936K(504672K), 0.0020230 secs] [Times: user=0.01 sys=0.00, real=0.00 secs] 
277.852: Total time for which application threads were stopped: 0.0021800 seconds, Stopping threads took: 0.0000880 seconds
277.915: Application time: 0.0622870 seconds
277.915: [GC277.915: [ParNew: 37027K->4146K(37568K), 0.0016590 secs] 175848K->143990K(504672K), 0.0016960 secs] [Times: user=0.01 sys=0.00, real=0.01 secs] 
277.916: Total time for which application threads were stopped: 0.0018600 seconds, Stopping threads took: 0.0000970 seconds
277.972: Application time: 0.0558800 seconds
277.972: [GC277.972: [ParNew: 36559K->4115K(37568K), 0.0020410 secs] 176404K->146007K(504672K), 0.0020810 secs] [Times: user=0.02 sys=0.00, real=0.00 secs] 
277.974: Total time for which application threads were stopped: 0.0022140 seconds, Stopping threads took: 0.0000690 seconds
278.032: Application time: 0.0578810 seconds
278.032: [GC278.033: [ParNew: 37072K->4140K(37568K), 0.0024900 secs] 178964K->149104K(504672K), 0.0025300 secs] [Times: user=0.02 sys=0.00, real=0.00 secs] 
278.035: Total time for which application threads were stopped: 0.0026800 seconds, Stopping threads took: 0.0000790 seconds
278.098: Application time: 0.0625760 seconds
278.098: [GC278.098: [ParNew: 37287K->4158K(37568K), 0.0015970 secs] 182251K->149188K(504672K), 0.0016370 secs] [Times: user=0.01 sys=0.00, real=0.00 secs] 
278.099: Total time for which application threads were stopped: 0.0017650 seconds, Stopping threads took: 0.0000620 seconds
278.157: Application time: 0.0575360 seconds
278.157: [GC278.157: [ParNew: 36835K->4143K(37568K), 0.0018940 secs] 181864K->150217K(504672K), 0.0019340 secs] [Times: user=0.01 sys=0.00, real=0.00 secs] 
278.159: Total time for which application threads were stopped: 0.0020850 seconds, Stopping threads took: 0.0000820 seconds
278.222: Application time: 0.0627720 seconds
278.222: [GC278.222: [ParNew: 37114K->2123K(37568K), 0.0010400 secs] 183188K->148226K(504672K), 0.0010730 secs] [Times: user=0.00 sys=0.00, real=0.00 secs] 
278.223: Total time for which application threads were stopped: 0.0012240 seconds, Stopping threads took: 0.0000880 seconds
278.280: Application time: 0.0570510 seconds
278.280: [GC278.280: [ParNew: 35531K->4132K(37568K), 0.0017320 secs] 181634K->151287K(504672K), 0.0017730 secs] [Times: user=0.01 sys=0.00, real=0.00 secs] 
278.282: Total time for which application threads were stopped: 0.0019210 seconds, Stopping threads took: 0.0000820 seconds
278.340: Application time: 0.0584040 seconds
278.341: [GC278.341: [ParNew: 36876K->4144K(37568K), 0.0020530 secs] 184031K->153347K(504672K), 0.0020930 secs] [Times: user=0.01 sys=0.00, real=0.00 secs] 
278.343: Total time for which application threads were stopped: 0.0022320 seconds, Stopping threads took: 0.0000680 seconds
278.400: Application time: 0.0577490 seconds
278.404: [GC278.404: [ParNew: 37187K->4152K(37568K), 0.0021390 secs] 186390K->155448K(504672K), 0.0021790 secs] [Times: user=0.01 sys=0.00, real=0.00 secs] 
278.407: Total time for which application threads were stopped: 0.0062140 seconds, Stopping threads took: 0.0039680 seconds
278.465: Application time: 0.0579970 seconds
278.465: [GC278.465: [ParNew: 36881K->4116K(37568K), 0.0019820 secs] 188177K->157501K(504672K), 0.0020370 secs] [Times: user=0.01 sys=0.00, real=0.00 secs] 
278.467: Total time for which application threads were stopped: 0.0022070 seconds, Stopping threads took: 0.0001000 seconds
278.528: Application time: 0.0607250 seconds
278.528: [GC278.528: [ParNew: 36988K->4134K(37568K), 0.0017780 secs] 190373K->158543K(504672K), 0.0018180 secs] [Times: user=0.01 sys=0.00, real=0.00 secs] 
278.529: Total time for which application threads were stopped: 0.0019560 seconds, Stopping threads took: 0.0000690 seconds
278.591: Application time: 0.0616790 seconds
278.591: [GC278.591: [ParNew: 36977K->4146K(37568K), 0.0017000 secs] 191386K->159579K(504672K), 0.0017370 secs] [Times: user=0.02 sys=0.00, real=0.00 secs] 
278.593: Total time for which application threads were stopped: 0.0018640 seconds, Stopping threads took: 0.0000630 seconds
278.648: Application time: 0.0546930 seconds
278.648: [GC278.648: [ParNew: 36598K->4112K(37568K), 0.0022990 secs] 192031K->162617K(504672K), 0.0023410 secs] [Times: user=0.02 sys=0.00, real=0.00 secs] 
278.651: Total time for which application threads were stopped: 0.0030370 seconds, Stopping threads took: 0.0006300 seconds
278.713: Application time: 0.0621950 seconds
278.713: [GC278.713: [ParNew: 37217K->4142K(37568K), 0.0023750 secs] 195722K->165719K(504672K), 0.0024160 secs] [Times: user=0.02 sys=0.00, real=0.00 secs] 
278.716: Total time for which application threads were stopped: 0.0025550 seconds, Stopping threads took: 0.0000740 seconds
278.776: Application time: 0.0602090 seconds
278.776: [GC278.776: [ParNew: 37270K->4154K(37568K), 0.0023500 secs] 198847K->168847K(504672K), 0.0023930 secs] [Times: user=0.01 sys=0.00, real=0.01 secs] 
278.778: Total time for which application threads were stopped: 0.0025220 seconds, Stopping threads took: 0.0000620 seconds
278.841: Application time: 0.0626320 seconds
278.844: [GC278.844: [ParNew: 37171K->4159K(37568K), 0.0015710 secs] 201864K->168914K(504672K), 0.0016080 secs] [Times: user=0.01 sys=0.00, real=0.00 secs] 
278.846: Total time for which application threads were stopped: 0.0051440 seconds, Stopping threads took: 0.0034640 seconds
278.903: Application time: 0.0568760 seconds
278.903: [GC278.903: [ParNew: 37471K->3123K(37568K), 0.0012140 secs] 202226K->167886K(504672K), 0.0012470 secs] [Times: user=0.01 sys=0.00, real=0.01 secs] 
278.904: Total time for which application threads were stopped: 0.0014010 seconds, Stopping threads took: 0.0000840 seconds
278.963: Application time: 0.0583510 seconds
278.963: [GC278.963: [ParNew: 35747K->4115K(37568K), 0.0022940 secs] 200511K->171978K(504672K), 0.0023370 secs] [Times: user=0.02 sys=0.00, real=0.01 secs] 
278.965: Total time for which application threads were stopped: 0.0024740 seconds, Stopping threads took: 0.0000710 seconds
279.024: Application time: 0.0584740 seconds
279.024: [GC279.024: [ParNew: 37026K->4152K(37568K), 0.0019430 secs] 204890K->174072K(504672K), 0.0019800 secs] [Times: user=0.02 sys=0.00, real=0.01 secs] 
279.026: Total time for which application threads were stopped: 0.0021080 seconds, Stopping threads took: 0.0000640 seconds
279.083: Application time: 0.0567910 seconds
279.083: [GC279.083: [ParNew: 37068K->4152K(37568K), 0.0020540 secs] 206988K->176172K(504672K), 0.0020960 secs] [Times: user=0.02 sys=0.00, real=0.01 secs] 
279.085: Total time for which application threads were stopped: 0.0022600 seconds, Stopping threads took: 0.0000970 seconds
279.146: Application time: 0.0614660 seconds
279.146: [GC279.146: [ParNew: 37067K->4130K(37568K), 0.0018180 secs] 209087K->177199K(504672K), 0.0018500 secs] [Times: user=0.01 sys=0.00, real=0.00 secs] 
279.148: Total time for which application threads were stopped: 0.0019890 seconds, Stopping threads took: 0.0000780 seconds
279.206: Application time: 0.0578830 seconds
279.206: [GC279.206: [ParNew: 36881K->4110K(37568K), 0.0021310 secs] 209950K->179227K(504672K), 0.0021690 secs] [Times: user=0.01 sys=0.00, real=0.00 secs] 
279.208: Total time for which application threads were stopped: 0.0023350 seconds, Stopping threads took: 0.0000940 seconds
279.271: Application time: 0.0625410 seconds
279.271: [GC279.271: [ParNew: 36976K->4154K(37568K), 0.0014980 secs] 212093K->179271K(504672K), 0.0015390 secs] [Times: user=0.01 sys=0.00, real=0.00 secs] 
279.273: Total time for which application threads were stopped: 0.0016660 seconds, Stopping threads took: 0.0000580 seconds
279.332: Application time: 0.0595870 seconds
279.332: [GC279.332: [ParNew: 36804K->4136K(37568K), 0.0017350 secs] 211922K->180277K(504672K), 0.0017770 secs] [Times: user=0.01 sys=0.00, real=0.00 secs] 
279.334: Total time for which application threads were stopped: 0.0019670 seconds, Stopping threads took: 0.0001240 seconds
279.393: Application time: 0.0586060 seconds
279.393: [GC279.393: [ParNew: 37099K->4156K(37568K), 0.0020230 secs] 213240K->182361K(504672K), 0.0020610 secs] [Times: user=0.02 sys=0.00, real=0.00 secs] 
279.395: Total time for which application threads were stopped: 0.0022180 seconds, Stopping threads took: 0.0000850 seconds
279.454: Application time: 0.0585690 seconds
279.454: [GC279.454: [ParNew: 37012K->4156K(37568K), 0.0020840 secs] 215217K->184450K(504672K), 0.0021210 secs] [Times: user=0.01 sys=0.00, real=0.00 secs] 
279.456: Total time for which application threads were stopped: 0.0022690 seconds, Stopping threads took: 0.0000770 seconds
279.517: Application time: 0.0611020 seconds
279.517: [GC279.517: [ParNew: 37011K->3124K(37568K), 0.0012900 secs] 217305K->183447K(504672K), 0.0013260 secs] [Times: user=0.01 sys=0.00, real=0.00 secs] 
279.518: Total time for which application threads were stopped: 0.0014870 seconds, Stopping threads took: 0.0000960 seconds
279.576: Application time: 0.0576360 seconds
279.576: [GC279.576: [ParNew: 35687K->4144K(37568K), 0.0015320 secs] 216010K->184511K(504672K), 0.0015710 secs] [Times: user=0.01 sys=0.00, real=0.01 secs] 
279.578: Total time for which application threads were stopped: 0.0017090 seconds, Stopping threads took: 0.0000730 seconds
279.637: Application time: 0.0592600 seconds
279.641: [GC279.641: [ParNew: 36871K->4158K(37568K), 0.0016300 secs] 217239K->185562K(504672K), 0.0016650 secs] [Times: user=0.02 sys=0.00, real=0.00 secs] 
279.642: Total time for which application threads were stopped: 0.0051160 seconds, Stopping threads took: 0.0033900 seconds
279.696: Application time: 0.0540460 seconds
279.696: [GC279.696: [ParNew: 36795K->4110K(37568K), 0.0024400 secs] 218199K->188614K(504672K), 0.0024810 secs] [Times: user=0.01 sys=0.00, real=0.00 secs] 
279.699: Total time for which application threads were stopped: 0.0026220 seconds, Stopping threads took: 0.0000760 seconds
279.758: Application time: 0.0591760 seconds
279.758: [GC279.758: [ParNew: 37214K->4157K(37568K), 0.0020500 secs] 221719K->190726K(504672K), 0.0020930 secs] [Times: user=0.01 sys=0.00, real=0.00 secs] 
279.760: Total time for which application threads were stopped: 0.0022410 seconds, Stopping threads took: 0.0000720 seconds
279.821: Application time: 0.0608100 seconds
279.821: [GC279.821: [ParNew: 37079K->4131K(37568K), 0.0018920 secs] 223648K->191764K(504672K), 0.0019300 secs] [Times: user=0.01 sys=0.00, real=0.00 secs] 
279.823: Total time for which application threads were stopped: 0.0020620 seconds, Stopping threads took: 0.0000640 seconds
279.883: Application time: 0.0594680 seconds
279.883: [GC279.883: [ParNew: 36821K->4134K(37568K), 0.0017070 secs] 224455K->192791K(504672K), 0.0017470 secs] [Times: user=0.01 sys=0.00, real=0.01 secs] 
279.885: Total time for which application threads were stopped: 0.0018790 seconds, Stopping threads took: 0.0000650 seconds
279.947: Application time: 0.0624300 seconds
279.947: [GC279.947: [ParNew: 37019K->4116K(37568K), 0.0017260 secs] 225676K->193798K(504672K), 0.0017660 secs] [Times: user=0.02 sys=0.00, real=0.00 secs] 
279.949: Total time for which application threads were stopped: 0.0019580 seconds, Stopping threads took: 0.0001170 seconds
280.009: Application time: 0.0596460 seconds
280.009: [GC280.009: [ParNew: 36781K->4137K(37568K), 0.0014670 secs] 226463K->193819K(504672K), 0.0015140 secs] [Times: user=0.01 sys=0.00, real=0.00 secs] 
280.010: Total time for which application threads were stopped: 0.0016370 seconds, Stopping threads took: 0.0000560 seconds
280.068: Application time: 0.0578870 seconds
280.068: [GC280.068: [ParNew: 36876K->4145K(37568K), 0.0017110 secs] 226558K->194851K(504672K), 0.0017510 secs] [Times: user=0.01 sys=0.00, real=0.00 secs] 
280.070: Total time for which application threads were stopped: 0.0019270 seconds, Stopping threads took: 0.0001100 seconds
280.126: Application time: 0.0562070 seconds
280.126: [GC280.126: [ParNew: 36884K->4159K(37568K), 0.0018050 secs] 227590K->195933K(504672K), 0.0018440 secs] [Times: user=0.01 sys=0.00, real=0.00 secs] 
280.128: Total time for which application threads were stopped: 0.0019800 seconds, Stopping threads took: 0.0000710 seconds
280.191: Application time: 0.0624710 seconds
280.191: [GC280.191: [ParNew: 37162K->4159K(37568K), 0.0014890 secs] 228937K->195980K(504672K), 0.0015280 secs] [Times: user=0.01 sys=0.01, real=0.00 secs] 
280.192: Total time for which application threads were stopped: 0.0016890 seconds, Stopping threads took: 0.0000950 seconds
280.252: Application time: 0.0592080 seconds
280.252: [GC280.252: [ParNew: 36861K->4154K(37568K), 0.0014940 secs] 228683K->196008K(504672K), 0.0015350 secs] [Times: user=0.01 sys=0.00, real=0.00 secs] 
280.253: Total time for which application threads were stopped: 0.0016920 seconds, Stopping threads took: 0.0000910 seconds
280.307: Application time: 0.0537860 seconds
280.307: [GC280.307: [ParNew: 36583K->4118K(37568K), 0.0020850 secs] 228437K->198040K(504672K), 0.0021250 secs] [Times: user=0.02 sys=0.00, real=0.00 secs] 
280.309: Total time for which application threads were stopped: 0.0022580 seconds, Stopping threads took: 0.0000660 seconds
280.369: Application time: 0.0595970 seconds
280.369: [GC280.369: [ParNew: 37100K->4142K(37568K), 0.0022650 secs] 231023K->201136K(504672K), 0.0023060 secs] [Times: user=0.02 sys=0.00, real=0.00 secs] 
280.371: Total time for which application threads were stopped: 0.0024490 seconds, Stopping threads took: 0.0000770 seconds
280.430: Application time: 0.0581980 seconds
280.430: [GC280.430: [ParNew: 37166K->4154K(37568K), 0.0021720 secs] 234160K->203257K(504672K), 0.0022170 secs] [Times: user=0.01 sys=0.00, real=0.00 secs] 
280.432: Total time for which application threads were stopped: 0.0023590 seconds, Stopping threads took: 0.0000730 seconds
280.495: Application time: 0.0634890 seconds
280.496: [GC280.496: [ParNew: 37115K->4130K(37568K), 0.0019990 secs] 236218K->205306K(504672K), 0.0020400 secs] [Times: user=0.01 sys=0.00, real=0.01 secs] 
280.498: Total time for which application threads were stopped: 0.0021780 seconds, Stopping threads took: 0.0000620 seconds
280.557: Application time: 0.0592170 seconds
280.557: [GC280.557: [ParNew: 36934K->4116K(37568K), 0.0016540 secs] 238110K->206316K(504672K), 0.0016880 secs] [Times: user=0.01 sys=0.00, real=0.00 secs] 
280.559: Total time for which application threads were stopped: 0.0018300 seconds, Stopping threads took: 0.0000760 seconds
280.618: Application time: 0.0597020 seconds
280.618: [GC280.619: [ParNew: 36816K->4128K(37568K), 0.0017590 secs] 239016K->207352K(504672K), 0.0017940 secs] [Times: user=0.01 sys=0.00, real=0.00 secs] 
280.620: Total time for which application threads were stopped: 0.0019450 seconds, Stopping threads took: 0.0000740 seconds
280.678: Application time: 0.0572350 seconds
280.678: [GC280.678: [ParNew: 37536K->4118K(37568K), 0.0016770 secs] 240760K->208366K(504672K), 0.0017130 secs] [Times: user=0.01 sys=0.00, real=0.00 secs] 
280.679: Total time for which application threads were stopped: 0.0018430 seconds, Stopping threads took: 0.0000660 seconds
280.740: Application time: 0.0607830 seconds
280.740: [GC280.740: [ParNew: 37174K->4144K(37568K), 0.0020670 secs] 241423K->210440K(504672K), 0.0021140 secs] [Times: user=0.01 sys=0.00, real=0.00 secs] 
280.742: Total time for which application threads were stopped: 0.0022540 seconds, Stopping threads took: 0.0000610 seconds
280.802: Application time: 0.0594170 seconds
280.802: [GC280.802: [ParNew: 37187K->4156K(37568K), 0.0024790 secs] 243483K->213569K(504672K), 0.0025200 secs] [Times: user=0.01 sys=0.01, real=0.01 secs] 
280.805: Total time for which application threads were stopped: 0.0026460 seconds, Stopping threads took: 0.0000580 seconds
280.865: Application time: 0.0610000 seconds
280.866: [GC280.866: [ParNew: 37136K->4159K(37568K), 0.0017500 secs] 246549K->214638K(504672K), 0.0017910 secs] [Times: user=0.02 sys=0.00, real=0.00 secs] 
280.867: Total time for which application threads were stopped: 0.0019280 seconds, Stopping threads took: 0.0000680 seconds
280.928: Application time: 0.0606670 seconds
280.928: [GC280.928: [ParNew: 36903K->2155K(37568K), 0.0009450 secs] 247382K->212662K(504672K), 0.0009810 secs] [Times: user=0.00 sys=0.00, real=0.00 secs] 
280.929: Total time for which application threads were stopped: 0.0011150 seconds, Stopping threads took: 0.0000710 seconds
280.987: Application time: 0.0578890 seconds
280.987: [GC280.987: [ParNew: 35563K->4122K(37568K), 0.0013980 secs] 246070K->214658K(504672K), 0.0014350 secs] [Times: user=0.01 sys=0.00, real=0.00 secs] 
280.989: Total time for which application threads were stopped: 0.0015470 seconds, Stopping threads took: 0.0000530 seconds
281.044: Application time: 0.0551740 seconds
281.044: [GC281.044: [ParNew: 36982K->4142K(37568K), 0.0022720 secs] 247518K->217750K(504672K), 0.0023120 secs] [Times: user=0.02 sys=0.00, real=0.01 secs] 
281.046: Total time for which application threads were stopped: 0.0024580 seconds, Stopping threads took: 0.0000730 seconds
281.104: Application time: 0.0576730 seconds
281.104: [GC281.104: [ParNew: 37252K->4152K(37568K), 0.0024860 secs] 250859K->220876K(504672K), 0.0025320 secs] [Times: user=0.01 sys=0.01, real=0.01 secs] 
281.107: Total time for which application threads were stopped: 0.0026890 seconds, Stopping threads took: 0.0000880 seconds
281.170: Application time: 0.0633900 seconds
281.170: [GC281.170: [ParNew: 37117K->4128K(37568K), 0.0019860 secs] 253841K->222941K(504672K), 0.0020270 secs] [Times: user=0.01 sys=0.00, real=0.00 secs] 
281.172: Total time for which application threads were stopped: 0.0021580 seconds, Stopping threads took: 0.0000620 seconds
281.232: Application time: 0.0597550 seconds
281.232: [GC281.232: [ParNew: 36914K->4130K(37568K), 0.0020540 secs] 255727K->224991K(504672K), 0.0020900 secs] [Times: user=0.02 sys=0.00, real=0.00 secs] 
281.234: Total time for which application threads were stopped: 0.0022260 seconds, Stopping threads took: 0.0000710 seconds
281.293: Application time: 0.0591090 seconds
281.293: [GC281.293: [ParNew: 36652K->4146K(37568K), 0.0017410 secs] 257514K->226031K(504672K), 0.0017770 secs] [Times: user=0.02 sys=0.00, real=0.00 secs] 
281.295: Total time for which application threads were stopped: 0.0019160 seconds, Stopping threads took: 0.0000750 seconds
281.355: Application time: 0.0598740 seconds
281.355: [GC281.355: [ParNew: 36901K->4125K(37568K), 0.0014800 secs] 258786K->226011K(504672K), 0.0015200 secs] [Times: user=0.01 sys=0.00, real=0.01 secs] 
281.357: Total time for which application threads were stopped: 0.0016670 seconds, Stopping threads took: 0.0000860 seconds
281.414: Application time: 0.0569430 seconds
281.414: [GC281.414: [ParNew: 36857K->4143K(37568K), 0.0020690 secs] 258743K->228077K(504672K), 0.0021090 secs] [Times: user=0.02 sys=0.00, real=0.00 secs] 
281.416: Total time for which application threads were stopped: 0.0022420 seconds, Stopping threads took: 0.0000650 seconds
281.476: Application time: 0.0604630 seconds
281.477: [GC281.477: [ParNew: 37201K->4156K(37568K), 0.0024010 secs] 261134K->231198K(504672K), 0.0024400 secs] [Times: user=0.01 sys=0.00, real=0.00 secs] 
281.479: Total time for which application threads were stopped: 0.0025690 seconds, Stopping threads took: 0.0000610 seconds
281.538: Application time: 0.0587540 seconds
281.538: [GC281.538: [ParNew: 37053K->4159K(37568K), 0.0018820 secs] 264095K->232290K(504672K), 0.0019270 secs] [Times: user=0.01 sys=0.00, real=0.00 secs] 
281.540: Total time for which application threads were stopped: 0.0021800 seconds, Stopping threads took: 0.0001840 seconds
281.605: Application time: 0.0647510 seconds
281.605: [GC281.605: [ParNew: 37255K->2168K(37568K), 0.0009370 secs] 265386K->230312K(504672K), 0.0009700 secs] [Times: user=0.00 sys=0.00, real=0.00 secs] 
281.606: Total time for which application threads were stopped: 0.0011090 seconds, Stopping threads took: 0.0000660 seconds
281.659: Application time: 0.0536470 seconds
281.660: [GC281.660: [ParNew: 35192K->4116K(37568K), 0.0017220 secs] 263335K->233312K(504672K), 0.0017590 secs] [Times: user=0.02 sys=0.00, real=0.00 secs] 
281.661: Total time for which application threads were stopped: 0.0019100 seconds, Stopping threads took: 0.0000900 seconds
281.719: Application time: 0.0575410 seconds
281.719: [GC281.719: [ParNew: 37051K->4144K(37568K), 0.0023430 secs] 266247K->236412K(504672K), 0.0023860 secs] [Times: user=0.01 sys=0.00, real=0.00 secs] 
281.721: Total time for which application threads were stopped: 0.0025420 seconds, Stopping threads took: 0.0000920 seconds
281.780: Application time: 0.0588800 seconds
281.780: [GC281.780: [ParNew: 37270K->4152K(37568K), 0.0024310 secs] 269538K->239537K(504672K), 0.0024710 secs] [Times: user=0.02 sys=0.00, real=0.00 secs] 
281.783: Total time for which application threads were stopped: 0.0026110 seconds, Stopping threads took: 0.0000740 seconds
281.845: Application time: 0.0615870 seconds
281.845: [GC281.845: [ParNew: 37098K->4129K(37568K), 0.0018380 secs] 272483K->240579K(504672K), 0.0018760 secs] [Times: user=0.02 sys=0.00, real=0.00 secs] 
281.847: Total time for which application threads were stopped: 0.0020290 seconds, Stopping threads took: 0.0000850 seconds
281.909: Application time: 0.0622580 seconds
281.909: [GC281.909: [ParNew: 37053K->4148K(37568K), 0.0015210 secs] 273503K->240598K(504672K), 0.0015610 secs] [Times: user=0.01 sys=0.00, real=0.00 secs] 
281.911: Total time for which application threads were stopped: 0.0017150 seconds, Stopping threads took: 0.0000870 seconds
281.968: Application time: 0.0570750 seconds
281.968: [GC281.968: [ParNew: 36576K->4132K(37568K), 0.0014450 secs] 273026K->240582K(504672K), 0.0014860 secs] [Times: user=0.01 sys=0.00, real=0.00 secs] 
281.969: Total time for which application threads were stopped: 0.0016460 seconds, Stopping threads took: 0.0000910 seconds
282.032: Application time: 0.0628350 seconds
282.032: [GC282.032: [ParNew: 37003K->3096K(37568K), 0.0010870 secs] 273453K->239546K(504672K), 0.0011180 secs] [Times: user=0.01 sys=0.00, real=0.00 secs] 
282.033: Total time for which application threads were stopped: 0.0012350 seconds, Stopping threads took: 0.0000580 seconds
282.087: Application time: 0.0531910 seconds
282.087: [GC282.087: [ParNew: 35604K->4140K(37568K), 0.0023640 secs] 272054K->243662K(504672K), 0.0024050 secs] [Times: user=0.02 sys=0.00, real=0.00 secs] 
282.089: Total time for which application threads were stopped: 0.0025310 seconds, Stopping threads took: 0.0000600 seconds
282.149: Application time: 0.0603200 seconds
282.150: [GC282.150: [ParNew: 37221K->4156K(37568K), 0.0023530 secs] 276743K->246794K(504672K), 0.0023940 secs] [Times: user=0.01 sys=0.00, real=0.00 secs] 
282.152: Total time for which application threads were stopped: 0.0025640 seconds, Stopping threads took: 0.0000880 seconds
282.214: Application time: 0.0618120 seconds
282.214: [GC282.214: [ParNew: 37172K->4157K(37568K), 0.0018250 secs] 279811K->247881K(504672K), 0.0018650 secs] [Times: user=0.01 sys=0.00, real=0.00 secs] 
282.216: Total time for which application threads were stopped: 0.0020130 seconds, Stopping threads took: 0.0000780 seconds
282.277: Application time: 0.0607950 seconds
282.277: [GC282.277: [ParNew: 36920K->3142K(37568K), 0.0012720 secs] 280643K->246874K(504672K), 0.0013060 secs] [Times: user=0.01 sys=0.00, real=0.00 secs] 
282.278: Total time for which application threads were stopped: 0.0014920 seconds, Stopping threads took: 0.0001230 seconds
282.336: Application time: 0.0580840 seconds
282.336: [GC282.336: [ParNew: 36523K->4115K(37568K), 0.0014230 secs] 280255K->247875K(504672K), 0.0014680 secs] [Times: user=0.01 sys=0.00, real=0.01 secs] 
282.338: Total time for which application threads were stopped: 0.0015810 seconds, Stopping threads took: 0.0000550 seconds
282.398: Application time: 0.0606180 seconds
282.398: [GC282.398: [ParNew: 37051K->4142K(37568K), 0.0022680 secs] 280811K->250974K(504672K), 0.0023110 secs] [Times: user=0.01 sys=0.00, real=0.00 secs] 
282.401: Total time for which application threads were stopped: 0.0024280 seconds, Stopping threads took: 0.0000530 seconds
282.454: Application time: 0.0535960 seconds
282.455: [GC282.455: [ParNew: 37151K->4154K(37568K), 0.0025140 secs] 283984K->254103K(504672K), 0.0025590 secs] [Times: user=0.02 sys=0.00, real=0.01 secs] 
282.457: Total time for which application threads were stopped: 0.0027200 seconds, Stopping threads took: 0.0000910 seconds
282.521: Application time: 0.0639490 seconds
282.521: [GC282.521: [ParNew: 37155K->4110K(37568K), 0.0020790 secs] 287105K->256148K(504672K), 0.0021260 secs] [Times: user=0.02 sys=0.00, real=0.00 secs] 
282.523: Total time for which application threads were stopped: 0.0022790 seconds, Stopping threads took: 0.0000830 seconds
282.586: Application time: 0.0623480 seconds
282.586: [GC282.586: [ParNew: 37032K->4131K(37568K), 0.0017620 secs] 289070K->257193K(504672K), 0.0018010 secs] [Times: user=0.01 sys=0.00, real=0.00 secs] 
282.588: Total time for which application threads were stopped: 0.0019390 seconds, Stopping threads took: 0.0000740 seconds
282.650: Application time: 0.0619620 seconds
282.650: [GC282.650: [ParNew: 36960K->4159K(37568K), 0.0014380 secs] 290022K->257226K(504672K), 0.0014750 secs] [Times: user=0.00 sys=0.00, real=0.00 secs] 
282.651: Total time for which application threads were stopped: 0.0016340 seconds, Stopping threads took: 0.0000940 seconds
282.710: Application time: 0.0586500 seconds
282.710: [GC282.710: [ParNew: 37563K->4133K(37568K), 0.0014180 secs] 290630K->257201K(504672K), 0.0014540 secs] [Times: user=0.01 sys=0.00, real=0.00 secs] 
282.711: Total time for which application threads were stopped: 0.0015890 seconds, Stopping threads took: 0.0000660 seconds
282.767: Application time: 0.0556120 seconds
282.767: [GC282.767: [ParNew: 36767K->4142K(37568K), 0.0023700 secs] 289835K->260282K(504672K), 0.0024160 secs] [Times: user=0.02 sys=0.00, real=0.00 secs] 
282.770: Total time for which application threads were stopped: 0.0025840 seconds, Stopping threads took: 0.0000990 seconds
282.828: Application time: 0.0585110 seconds
282.828: [GC282.828: [ParNew: 37229K->4152K(37568K), 0.0025930 secs] 293369K->263408K(504672K), 0.0026400 secs] [Times: user=0.02 sys=0.00, real=0.00 secs] 
282.831: Total time for which application threads were stopped: 0.0027930 seconds, Stopping threads took: 0.0000770 seconds
282.891: Application time: 0.0602700 seconds
282.891: [GC282.891: [ParNew: 37022K->4156K(37568K), 0.0017820 secs] 296278K->264497K(504672K), 0.0018250 secs] [Times: user=0.01 sys=0.00, real=0.00 secs] 
282.893: Total time for which application threads were stopped: 0.0019720 seconds, Stopping threads took: 0.0000770 seconds
282.957: Application time: 0.0642050 seconds
282.958: [GC282.958: [ParNew: 37182K->2134K(37568K), 0.0011140 secs] 297523K->262484K(504672K), 0.0011460 secs] [Times: user=0.01 sys=0.00, real=0.00 secs] 
282.959: Total time for which application threads were stopped: 0.0013340 seconds, Stopping threads took: 0.0001240 seconds
283.018: Application time: 0.0590050 seconds
283.018: [GC283.018: [ParNew: 35533K->4154K(37568K), 0.0014950 secs] 295883K->264540K(504672K), 0.0015310 secs] [Times: user=0.01 sys=0.00, real=0.00 secs] 
283.019: Total time for which application threads were stopped: 0.0016680 seconds, Stopping threads took: 0.0000750 seconds
283.079: Application time: 0.0596150 seconds
283.079: [GC283.079: [ParNew: 37117K->4144K(37568K), 0.0017810 secs] 297504K->265586K(504672K), 0.0018240 secs] [Times: user=0.01 sys=0.00, real=0.00 secs] 
283.081: Total time for which application threads were stopped: 0.0019450 seconds, Stopping threads took: 0.0000620 seconds
283.136: Application time: 0.0550980 seconds
283.136: [GC283.136: [ParNew: 37018K->4140K(37568K), 0.0023630 secs] 298460K->268679K(504672K), 0.0024120 secs] [Times: user=0.02 sys=0.00, real=0.01 secs] 
283.139: Total time for which application threads were stopped: 0.0025940 seconds, Stopping threads took: 0.0001180 seconds
283.203: Application time: 0.0638210 seconds
283.203: [GC283.203: [ParNew: 37157K->4112K(37568K), 0.0024060 secs] 301697K->271752K(504672K), 0.0024490 secs] [Times: user=0.02 sys=0.00, real=0.01 secs] 
283.205: Total time for which application threads were stopped: 0.0026950 seconds, Stopping threads took: 0.0001780 seconds
283.265: Application time: 0.0595590 seconds
283.265: [GC283.265: [ParNew: 37005K->4112K(37568K), 0.0024500 secs] 304646K->274824K(504672K), 0.0024920 secs] [Times: user=0.01 sys=0.00, real=0.00 secs] 
283.267: Total time for which application threads were stopped: 0.0026520 seconds, Stopping threads took: 0.0000790 seconds
283.329: Application time: 0.0619010 seconds
283.329: [GC283.330: [ParNew: 36927K->4130K(37568K), 0.0014390 secs] 307639K->274842K(504672K), 0.0014770 secs] [Times: user=0.01 sys=0.00, real=0.00 secs] 
283.331: Total time for which application threads were stopped: 0.0016580 seconds, Stopping threads took: 0.0001130 seconds
283.394: Application time: 0.0630390 seconds
283.394: [GC283.394: [ParNew: 36963K->2121K(37568K), 0.0009270 secs] 307675K->272833K(504672K), 0.0009580 secs] [Times: user=0.01 sys=0.00, real=0.00 secs] 
283.395: Total time for which application threads were stopped: 0.0010710 seconds, Stopping threads took: 0.0000570 seconds
283.449: Application time: 0.0543790 seconds
283.450: [GC283.450: [ParNew: 35347K->4144K(37568K), 0.0021510 secs] 306059K->276904K(504672K), 0.0021930 secs] [Times: user=0.01 sys=0.00, real=0.00 secs] 
283.452: Total time for which application threads were stopped: 0.0023240 seconds, Stopping threads took: 0.0000650 seconds
283.510: Application time: 0.0577130 seconds
283.510: [GC283.510: [ParNew: 37207K->4152K(37568K), 0.0024460 secs] 309967K->280029K(504672K), 0.0024840 secs] [Times: user=0.02 sys=0.00, real=0.00 secs] 
283.512: Total time for which application threads were stopped: 0.0027010 seconds, Stopping threads took: 0.0001510 seconds
283.577: Application time: 0.0648930 seconds
283.577: [GC283.577: [ParNew: 37098K->4158K(37568K), 0.0015090 secs] 312975K->280097K(504672K), 0.0015450 secs] [Times: user=0.02 sys=0.00, real=0.00 secs] 
283.579: Total time for which application threads were stopped: 0.0016860 seconds, Stopping threads took: 0.0000780 seconds
283.636: Application time: 0.0571420 seconds
283.636: [GC283.636: [ParNew: 36703K->4140K(37568K), 0.0014970 secs] 312642K->280088K(504672K), 0.0015350 secs] [Times: user=0.01 sys=0.00, real=0.01 secs] 
283.638: Total time for which application threads were stopped: 0.0016740 seconds, Stopping threads took: 0.0000830 seconds
283.694: Application time: 0.0559020 seconds
283.694: [GC283.694: [ParNew: 36990K->4144K(37568K), 0.0019960 secs] 312938K->282168K(504672K), 0.0020390 secs] [Times: user=0.02 sys=0.00, real=0.00 secs] 
283.696: Total time for which application threads were stopped: 0.0021640 seconds, Stopping threads took: 0.0000580 seconds
283.757: Application time: 0.0616840 seconds
283.758: [GC283.758: [ParNew: 37101K->4112K(37568K), 0.0023790 secs] 315125K->285237K(504672K), 0.0024210 secs] [Times: user=0.02 sys=0.00, real=0.00 secs] 
283.760: Total time for which application threads were stopped: 0.0025880 seconds, Stopping threads took: 0.0001010 seconds
283.818: Application time: 0.0579270 seconds
283.818: [GC283.818: [ParNew: 37110K->4154K(37568K), 0.0020730 secs] 318235K->287359K(504672K), 0.0021130 secs] [Times: user=0.02 sys=0.00, real=0.00 secs] 
283.820: Total time for which application threads were stopped: 0.0022750 seconds, Stopping threads took: 0.0000860 seconds
283.883: Application time: 0.0623870 seconds
283.883: [GC283.883: [ParNew: 37099K->4128K(37568K), 0.0018060 secs] 320304K->288382K(504672K), 0.0018560 secs] [Times: user=0.01 sys=0.00, real=0.01 secs] 
283.885: Total time for which application threads were stopped: 0.0020160 seconds, Stopping threads took: 0.0000970 seconds
283.944: Application time: 0.0595850 seconds
283.944: [GC283.944: [ParNew: 36926K->4136K(37568K), 0.0017760 secs] 321180K->289414K(504672K), 0.0018140 secs] [Times: user=0.01 sys=0.00, real=0.00 secs] 
283.946: Total time for which application threads were stopped: 0.0019800 seconds, Stopping threads took: 0.0000990 seconds
284.011: Application time: 0.0644140 seconds
284.011: [GC284.011: [ParNew: 37126K->3142K(37568K), 0.0011160 secs] 322404K->288420K(504672K), 0.0011520 secs] [Times: user=0.00 sys=0.00, real=0.00 secs] 
284.012: Total time for which application threads were stopped: 0.0012830 seconds, Stopping threads took: 0.0000670 seconds
284.068: Application time: 0.0557200 seconds
284.068: [GC284.068: [ParNew: 36355K->4116K(37568K), 0.0014990 secs] 321634K->289394K(504672K), 0.0015330 secs] [Times: user=0.01 sys=0.00, real=0.00 secs] 
284.069: Total time for which application threads were stopped: 0.0016780 seconds, Stopping threads took: 0.0000840 seconds
284.131: Application time: 0.0616360 seconds
284.131: [GC284.131: [ParNew: 37063K->4159K(37568K), 0.0016560 secs] 322341K->290497K(504672K), 0.0016950 secs] [Times: user=0.01 sys=0.00, real=0.00 secs] 
284.133: Total time for which application threads were stopped: 0.0018370 seconds, Stopping threads took: 0.0000800 seconds
284.192: Application time: 0.0589400 seconds
284.192: [GC284.192: [ParNew: 37180K->4159K(37568K), 0.0015840 secs] 323518K->290563K(504672K), 0.0016170 secs] [Times: user=0.01 sys=0.00, real=0.00 secs] 
284.193: Total time for which application threads were stopped: 0.0017570 seconds, Stopping threads took: 0.0000820 seconds
284.248: Application time: 0.0544280 seconds
284.248: [GC284.248: [ParNew: 37510K->4116K(37568K), 0.0017580 secs] 323913K->291593K(504672K), 0.0018040 secs] [Times: user=0.01 sys=0.00, real=0.00 secs] 
284.250: Total time for which application threads were stopped: 0.0019500 seconds, Stopping threads took: 0.0000760 seconds
284.313: Application time: 0.0626730 seconds
284.313: [GC284.313: [ParNew: 37140K->4146K(37568K), 0.0020720 secs] 324616K->293670K(504672K), 0.0021130 secs] [Times: user=0.01 sys=0.00, real=0.00 secs] 
284.315: Total time for which application threads were stopped: 0.0022640 seconds, Stopping threads took: 0.0000850 seconds
284.370: Application time: 0.0548850 seconds
284.370: [GC284.370: [ParNew: 36916K->4142K(37568K), 0.0017750 secs] 326440K->294719K(504672K), 0.0018120 secs] [Times: user=0.01 sys=0.00, real=0.00 secs] 
284.372: Total time for which application threads were stopped: 0.0019730 seconds, Stopping threads took: 0.0000850 seconds
284.434: Application time: 0.0620840 seconds
284.434: [GC284.434: [ParNew: 37078K->4116K(37568K), 0.0019360 secs] 327655K->296769K(504672K), 0.0019750 secs] [Times: user=0.02 sys=0.00, real=0.00 secs] 
284.436: Total time for which application threads were stopped: 0.0021270 seconds, Stopping threads took: 0.0000850 seconds
284.496: Application time: 0.0598780 seconds
284.496: [GC284.496: [ParNew: 37224K->4155K(37568K), 0.0019680 secs] 329877K->298873K(504672K), 0.0020080 secs] [Times: user=0.02 sys=0.00, real=0.01 secs] 
284.498: Total time for which application threads were stopped: 0.0021610 seconds, Stopping threads took: 0.0000890 seconds
284.558: Application time: 0.0605210 seconds
284.559: [GC284.559: [ParNew: 37034K->4133K(37568K), 0.0021430 secs] 331751K->300940K(504672K), 0.0021790 secs] [Times: user=0.02 sys=0.00, real=0.00 secs] 
284.561: Total time for which application threads were stopped: 0.0023260 seconds, Stopping threads took: 0.0000830 seconds
284.619: Application time: 0.0583350 seconds
284.619: [GC284.619: [ParNew: 36872K->4112K(37568K), 0.0021840 secs] 333679K->302967K(504672K), 0.0022230 secs] [Times: user=0.01 sys=0.00, real=0.00 secs] 
284.621: Total time for which application threads were stopped: 0.0023680 seconds, Stopping threads took: 0.0000650 seconds
284.683: Application time: 0.0615760 seconds
284.683: [GC284.683: [ParNew: 36961K->4130K(37568K), 0.0018440 secs] 335815K->304008K(504672K), 0.0018820 secs] [Times: user=0.02 sys=0.00, real=0.01 secs] 
284.685: Total time for which application threads were stopped: 0.0020430 seconds, Stopping threads took: 0.0000940 seconds
284.742: Application time: 0.0573940 seconds
284.743: [GC284.743: [ParNew: 37538K->4116K(37568K), 0.0018850 secs] 337416K->305018K(504672K), 0.0019230 secs] [Times: user=0.01 sys=0.00, real=0.01 secs] 
284.745: Total time for which application threads were stopped: 0.0020560 seconds, Stopping threads took: 0.0000670 seconds
284.808: Application time: 0.0637020 seconds
284.808: [GC284.808: [ParNew: 37262K->4159K(37568K), 0.0014230 secs] 338165K->305079K(504672K), 0.0014590 secs] [Times: user=0.01 sys=0.00, real=0.00 secs] 
284.810: Total time for which application threads were stopped: 0.0016080 seconds, Stopping threads took: 0.0000860 seconds
284.865: Application time: 0.0555460 seconds
284.865: [GC284.866: [ParNew: 36721K->4158K(37568K), 0.0017350 secs] 337641K->306158K(504672K), 0.0017770 secs] [Times: user=0.01 sys=0.00, real=0.00 secs] 
284.867: Total time for which application threads were stopped: 0.0019030 seconds, Stopping threads took: 0.0000580 seconds
284.922: Application time: 0.0546190 seconds
284.922: [GC284.922: [ParNew: 36679K->4113K(37568K), 0.0021540 secs] 338680K->308203K(504672K), 0.0021930 secs] [Times: user=0.01 sys=0.00, real=0.00 secs] 
284.924: Total time for which application threads were stopped: 0.0023290 seconds, Stopping threads took: 0.0000610 seconds
284.987: Application time: 0.0624800 seconds
284.987: [GC284.987: [ParNew: 37145K->4149K(37568K), 0.0016330 secs] 341235K->309263K(504672K), 0.0016700 secs] [Times: user=0.02 sys=0.00, real=0.00 secs] 
284.989: Total time for which application threads were stopped: 0.0018140 seconds, Stopping threads took: 0.0000830 seconds
285.044: Application time: 0.0555210 seconds
285.044: [GC285.044: [ParNew: 37036K->4140K(37568K), 0.0021260 secs] 342150K->311331K(504672K), 0.0021700 secs] [Times: user=0.01 sys=0.00, real=0.01 secs] 
285.046: Total time for which application threads were stopped: 0.0023090 seconds, Stopping threads took: 0.0000690 seconds
285.109: Application time: 0.0628500 seconds
285.109: [GC285.109: [ParNew: 37059K->4131K(37568K), 0.0018300 secs] 344250K->312374K(504672K), 0.0018670 secs] [Times: user=0.02 sys=0.00, real=0.00 secs] 
285.111: Total time for which application threads were stopped: 0.0020060 seconds, Stopping threads took: 0.0000750 seconds
285.170: Application time: 0.0591020 seconds
285.170: [GC285.170: [ParNew: 37141K->4156K(37568K), 0.0020390 secs] 345384K->314463K(504672K), 0.0020800 secs] [Times: user=0.02 sys=0.00, real=0.00 secs] 
285.173: Total time for which application threads were stopped: 0.0022160 seconds, Stopping threads took: 0.0000710 seconds
285.233: Application time: 0.0602070 seconds
285.233: [GC285.233: [ParNew: 37035K->4115K(37568K), 0.0021110 secs] 347342K->316511K(504672K), 0.0021520 secs] [Times: user=0.01 sys=0.00, real=0.00 secs] 
285.235: Total time for which application threads were stopped: 0.0022900 seconds, Stopping threads took: 0.0000680 seconds
285.298: Application time: 0.0629400 seconds
285.298: [GC285.298: [ParNew: 37039K->4151K(37568K), 0.0019080 secs] 349435K->317571K(504672K), 0.0019490 secs] [Times: user=0.01 sys=0.00, real=0.00 secs] 
285.300: Total time for which application threads were stopped: 0.0020710 seconds, Stopping threads took: 0.0000560 seconds
285.358: Application time: 0.0576510 seconds
285.358: [GC285.358: [ParNew: 36634K->4136K(37568K), 0.0015990 secs] 350054K->317556K(504672K), 0.0016380 secs] [Times: user=0.01 sys=0.00, real=0.00 secs] 
285.360: Total time for which application threads were stopped: 0.0017930 seconds, Stopping threads took: 0.0000880 seconds
285.420: Application time: 0.0601350 seconds
285.420: [GC285.420: [ParNew: 36798K->4136K(37568K), 0.0014180 secs] 350218K->317556K(504672K), 0.0014600 secs] [Times: user=0.01 sys=0.00, real=0.00 secs] 
285.421: Total time for which application threads were stopped: 0.0016290 seconds, Stopping threads took: 0.0001070 seconds
285.480: Application time: 0.0582540 seconds
285.480: [GC285.480: [ParNew: 36895K->4159K(37568K), 0.0017610 secs] 350315K->318609K(504672K), 0.0018010 secs] [Times: user=0.01 sys=0.00, real=0.00 secs] 
285.481: Total time for which application threads were stopped: 0.0019570 seconds, Stopping threads took: 0.0000820 seconds
285.537: Application time: 0.0558570 seconds
285.537: [GC285.537: [ParNew: 36875K->4158K(37568K), 0.0015000 secs] 351325K->318677K(504672K), 0.0015360 secs] [Times: user=0.01 sys=0.00, real=0.00 secs] 
285.539: Total time for which application threads were stopped: 0.0016650 seconds, Stopping threads took: 0.0000670 seconds
285.595: Application time: 0.0555840 seconds
285.595: [GC285.595: [ParNew: 36724K->4116K(37568K), 0.0020810 secs] 351242K->320724K(504672K), 0.0021220 secs] [Times: user=0.02 sys=0.00, real=0.01 secs] 
285.597: Total time for which application threads were stopped: 0.0022610 seconds, Stopping threads took: 0.0000750 seconds
285.655: Application time: 0.0583190 seconds
285.655: [GC285.655: [ParNew: 37076K->4140K(37568K), 0.0024460 secs] 353684K->323820K(504672K), 0.0024870 secs] [Times: user=0.02 sys=0.00, real=0.01 secs] 
285.658: Total time for which application threads were stopped: 0.0026250 seconds, Stopping threads took: 0.0000690 seconds
285.717: Application time: 0.0593180 seconds
285.717: [GC285.717: [ParNew: 37077K->4158K(37568K), 0.0020470 secs] 356758K->325917K(504672K), 0.0020880 secs] [Times: user=0.02 sys=0.00, real=0.00 secs] 
285.719: Total time for which application threads were stopped: 0.0022430 seconds, Stopping threads took: 0.0000890 seconds
285.780: Application time: 0.0601580 seconds
285.780: [GC285.780: [ParNew: 37000K->4113K(37568K), 0.0020930 secs] 358759K->327948K(504672K), 0.0021300 secs] [Times: user=0.01 sys=0.00, real=0.00 secs] 
285.782: Total time for which application threads were stopped: 0.0022660 seconds, Stopping threads took: 0.0000680 seconds
285.843: Application time: 0.0610070 seconds
285.843: [GC285.843: [ParNew: 37215K->4154K(37568K), 0.0022820 secs] 361050K->331078K(504672K), 0.0023250 secs] [Times: user=0.02 sys=0.00, real=0.01 secs] 
285.845: Total time for which application threads were stopped: 0.0024490 seconds, Stopping threads took: 0.0000590 seconds
285.906: Application time: 0.0605680 seconds
285.906: [GC285.906: [ParNew: 37096K->4128K(37568K), 0.0022260 secs] 364019K->333141K(504672K), 0.0022620 secs] [Times: user=0.02 sys=0.00, real=0.00 secs] 
285.908: Total time for which application threads were stopped: 0.0024070 seconds, Stopping threads took: 0.0000780 seconds
285.969: Application time: 0.0609930 seconds
285.969: [GC285.969: [ParNew: 37536K->4139K(37568K), 0.0017020 secs] 366549K->334176K(504672K), 0.0017390 secs] [Times: user=0.01 sys=0.00, real=0.00 secs] 
285.971: Total time for which application threads were stopped: 0.0018700 seconds, Stopping threads took: 0.0000640 seconds
286.026: Application time: 0.0553170 seconds
286.027: [GC286.027: [ParNew: 36643K->4130K(37568K), 0.0020910 secs] 366680K->336215K(504672K), 0.0021340 secs] [Times: user=0.02 sys=0.00, real=0.00 secs] 
286.029: Total time for which application threads were stopped: 0.0022960 seconds, Stopping threads took: 0.0000840 seconds
286.091: Application time: 0.0618170 seconds
286.091: [GC286.091: [ParNew: 37010K->4113K(37568K), 0.0019630 secs] 369095K->338246K(504672K), 0.0020030 secs] [Times: user=0.02 sys=0.00, real=0.00 secs] 
286.093: Total time for which application threads were stopped: 0.0021550 seconds, Stopping threads took: 0.0000930 seconds
286.149: Application time: 0.0567280 seconds
286.150: [GC286.150: [ParNew: 36985K->4143K(37568K), 0.0021480 secs] 371118K->340324K(504672K), 0.0021950 secs] [Times: user=0.01 sys=0.00, real=0.00 secs] 
286.152: Total time for which application threads were stopped: 0.0023370 seconds, Stopping threads took: 0.0000660 seconds
286.213: Application time: 0.0615840 seconds
286.216: [GC286.216: [ParNew: 37400K->4156K(37568K), 0.0021880 secs] 373581K->342469K(504672K), 0.0022300 secs] [Times: user=0.01 sys=0.00, real=0.00 secs] 
286.219: Total time for which application threads were stopped: 0.0052740 seconds, Stopping threads took: 0.0029770 seconds
286.276: Application time: 0.0570830 seconds
286.276: [GC286.276: [ParNew: 36695K->4112K(37568K), 0.0017960 secs] 375009K->343479K(504672K), 0.0018370 secs] [Times: user=0.01 sys=0.00, real=0.01 secs] 
286.278: Total time for which application threads were stopped: 0.0019770 seconds, Stopping threads took: 0.0000690 seconds
286.341: Application time: 0.0631130 seconds
286.341: [GC286.341: [ParNew: 37145K->4142K(37568K), 0.0014630 secs] 376512K->343509K(504672K), 0.0014990 secs] [Times: user=0.01 sys=0.00, real=0.00 secs] 
286.342: Total time for which application threads were stopped: 0.0016110 seconds, Stopping threads took: 0.0000550 seconds
286.401: Application time: 0.0585480 seconds
286.401: [GC286.401: [ParNew: 36957K->4144K(37568K), 0.0017790 secs] 376324K->344563K(504672K), 0.0018210 secs] [Times: user=0.01 sys=0.00, real=0.00 secs] 
286.403: Total time for which application threads were stopped: 0.0019510 seconds, Stopping threads took: 0.0000630 seconds
286.460: Application time: 0.0573510 seconds
286.460: [GC286.460: [ParNew: 36607K->4134K(37568K), 0.0017280 secs] 377027K->345606K(504672K), 0.0017660 secs] [Times: user=0.02 sys=0.00, real=0.00 secs] 
286.462: Total time for which application threads were stopped: 0.0019610 seconds, Stopping threads took: 0.0001290 seconds
286.523: Application time: 0.0608550 seconds
286.523: [GC286.523: [ParNew: 37094K->3152K(37568K), 0.0011890 secs] 378566K->344624K(504672K), 0.0012250 secs] [Times: user=0.01 sys=0.00, real=0.01 secs] 
286.524: Total time for which application threads were stopped: 0.0013460 seconds, Stopping threads took: 0.0000580 seconds
286.582: Application time: 0.0578400 seconds
286.582: [GC286.582: [ParNew: 35769K->4111K(37568K), 0.0021440 secs] 377242K->347688K(504672K), 0.0021820 secs] [Times: user=0.02 sys=0.00, real=0.01 secs] 
286.585: Total time for which application threads were stopped: 0.0023590 seconds, Stopping threads took: 0.0001040 seconds
286.641: Application time: 0.0561660 seconds
286.641: [GC286.641: [ParNew: 36784K->4113K(37568K), 0.0021400 secs] 380361K->349738K(504672K), 0.0021840 secs] [Times: user=0.01 sys=0.00, real=0.00 secs] 
286.643: Total time for which application threads were stopped: 0.0023310 seconds, Stopping threads took: 0.0000820 seconds
286.703: Application time: 0.0598470 seconds
286.703: [GC286.703: [ParNew: 36915K->4132K(37568K), 0.0020650 secs] 382541K->351805K(504672K), 0.0021070 secs] [Times: user=0.02 sys=0.00, real=0.01 secs] 
286.705: Total time for which application threads were stopped: 0.0022570 seconds, Stopping threads took: 0.0000840 seconds
286.766: Application time: 0.0603980 seconds
286.766: [GC286.766: [ParNew: 36989K->4115K(37568K), 0.0020350 secs] 384662K->353836K(504672K), 0.0020770 secs] [Times: user=0.01 sys=0.00, real=0.00 secs] 
286.768: Total time for which application threads were stopped: 0.0022090 seconds, Stopping threads took: 0.0000640 seconds
286.826: Application time: 0.0583010 seconds
286.826: [GC286.826: [ParNew: 37011K->4159K(37568K), 0.0020520 secs] 386732K->355928K(504672K), 0.0020920 secs] [Times: user=0.01 sys=0.00, real=0.00 secs] 
286.828: Total time for which application threads were stopped: 0.0022240 seconds, Stopping threads took: 0.0000620 seconds
286.891: Application time: 0.0622480 seconds
286.891: [GC286.891: [ParNew: 37432K->4158K(37568K), 0.0022880 secs] 389202K->358057K(504672K), 0.0023300 secs] [Times: user=0.01 sys=0.00, real=0.00 secs] 
286.893: Total time for which application threads were stopped: 0.0024860 seconds, Stopping threads took: 0.0000900 seconds
286.953: Application time: 0.0602810 seconds
286.954: [GC286.954: [ParNew: 36888K->4137K(37568K), 0.0017570 secs] 390787K->359093K(504672K), 0.0018030 secs] [Times: user=0.01 sys=0.00, real=0.00 secs] 
286.955: Total time for which application threads were stopped: 0.0019530 seconds, Stopping threads took: 0.0000850 seconds
287.011: Application time: 0.0552840 seconds
287.011: [GC287.011: [ParNew: 36650K->4143K(37568K), 0.0021340 secs] 391607K->361148K(504672K), 0.0021770 secs] [Times: user=0.02 sys=0.00, real=0.00 secs] 
287.013: Total time for which application threads were stopped: 0.0023130 seconds, Stopping threads took: 0.0000640 seconds
287.073: Application time: 0.0605080 seconds
287.074: [GC287.074: [ParNew: 37112K->4144K(37568K), 0.0024400 secs] 394117K->364249K(504672K), 0.0024820 secs] [Times: user=0.01 sys=0.00, real=0.00 secs] 
287.076: Total time for which application threads were stopped: 0.0026490 seconds, Stopping threads took: 0.0000970 seconds
287.138: Application time: 0.0615430 seconds
287.138: [GC287.138: [ParNew: 36938K->4126K(37568K), 0.0014440 secs] 397044K->364260K(504672K), 0.0014870 secs] [Times: user=0.01 sys=0.00, real=0.00 secs] 
287.139: Total time for which application threads were stopped: 0.0016540 seconds, Stopping threads took: 0.0000870 seconds
287.198: Application time: 0.0588250 seconds
287.198: [GC287.198: [ParNew: 36852K->4158K(37568K), 0.0013910 secs] 396986K->364328K(504672K), 0.0014310 secs] [Times: user=0.01 sys=0.00, real=0.00 secs] 
287.200: Total time for which application threads were stopped: 0.0015840 seconds, Stopping threads took: 0.0000880 seconds
287.254: Application time: 0.0544020 seconds
287.254: [GC287.254: [ParNew: 36667K->4132K(37568K), 0.0020550 secs] 396837K->366371K(504672K), 0.0020960 secs] [Times: user=0.02 sys=0.00, real=0.01 secs] 
287.256: Total time for which application threads were stopped: 0.0022250 seconds, Stopping threads took: 0.0000650 seconds
287.314: Application time: 0.0580620 seconds
287.315: [GC287.315: [ParNew: 36858K->4112K(37568K), 0.0020670 secs] 399097K->368399K(504672K), 0.0021040 secs] [Times: user=0.02 sys=0.00, real=0.01 secs] 
287.317: Total time for which application threads were stopped: 0.0022610 seconds, Stopping threads took: 0.0000900 seconds
287.378: Application time: 0.0615660 seconds
287.378: [GC287.378: [ParNew: 37033K->4112K(37568K), 0.0017540 secs] 401320K->369423K(504672K), 0.0017950 secs] [Times: user=0.01 sys=0.00, real=0.00 secs] 
287.380: Total time for which application threads were stopped: 0.0019690 seconds, Stopping threads took: 0.0001080 seconds
287.439: Application time: 0.0591080 seconds
287.439: [GC287.439: [ParNew: 36897K->4121K(37568K), 0.0018400 secs] 402208K->370456K(504672K), 0.0018780 secs] [Times: user=0.02 sys=0.00, real=0.00 secs] 
287.441: Total time for which application threads were stopped: 0.0020320 seconds, Stopping threads took: 0.0000870 seconds
287.500: Application time: 0.0591020 seconds
287.501: [GC287.501: [ParNew: 36877K->4159K(37568K), 0.0018550 secs] 403212K->371534K(504672K), 0.0018940 secs] [Times: user=0.01 sys=0.00, real=0.00 secs] 
287.503: Total time for which application threads were stopped: 0.0020180 seconds, Stopping threads took: 0.0000580 seconds
287.563: Application time: 0.0601900 seconds
287.563: [GC287.563: [ParNew: 37317K->4159K(37568K), 0.0018100 secs] 404692K->372625K(504672K), 0.0018530 secs] [Times: user=0.01 sys=0.00, real=0.01 secs] 
287.565: Total time for which application threads were stopped: 0.0019860 seconds, Stopping threads took: 0.0000650 seconds
287.622: Application time: 0.0575500 seconds
287.622: [GC287.622: [ParNew: 36788K->4120K(37568K), 0.0020300 secs] 405254K->374667K(504672K), 0.0020690 secs] [Times: user=0.01 sys=0.00, real=0.01 secs] 
287.624: Total time for which application threads were stopped: 0.0022150 seconds, Stopping threads took: 0.0000800 seconds
287.686: Application time: 0.0610670 seconds
287.686: [GC287.686: [ParNew: 37194K->4158K(37568K), 0.0021680 secs] 407741K->376753K(504672K), 0.0022070 secs] [Times: user=0.02 sys=0.00, real=0.00 secs] 
287.688: Total time for which application threads were stopped: 0.0023480 seconds, Stopping threads took: 0.0000650 seconds
287.748: Application time: 0.0598470 seconds
287.748: [GC287.748: [ParNew: 36956K->4158K(37568K), 0.0017750 secs] 409551K->377824K(504672K), 0.0018260 secs] [Times: user=0.01 sys=0.00, real=0.00 secs] 
287.750: Total time for which application threads were stopped: 0.0019520 seconds, Stopping threads took: 0.0000570 seconds
287.809: Application time: 0.0590200 seconds
287.809: [GC287.809: [ParNew: 36691K->3117K(37568K), 0.0012020 secs] 410358K->376795K(504672K), 0.0012400 secs] [Times: user=0.01 sys=0.00, real=0.00 secs] 
287.810: Total time for which application threads were stopped: 0.0013830 seconds, Stopping threads took: 0.0000780 seconds
287.865: Application time: 0.0549970 seconds
287.865: [GC287.865: [ParNew: 35778K->4152K(37568K), 0.0020620 secs] 409457K->379894K(504672K), 0.0021010 secs] [Times: user=0.02 sys=0.00, real=0.00 secs] 
287.867: Total time for which application threads were stopped: 0.0022240 seconds, Stopping threads took: 0.0000570 seconds
287.925: Application time: 0.0579790 seconds
287.925: [GC287.925: [ParNew: 36897K->4130K(37568K), 0.0020310 secs] 412640K->381961K(504672K), 0.0020680 secs] [Times: user=0.02 sys=0.00, real=0.00 secs] 
287.927: Total time for which application threads were stopped: 0.0022000 seconds, Stopping threads took: 0.0000630 seconds
287.988: Application time: 0.0605900 seconds
287.988: [GC287.988: [ParNew: 36947K->4130K(37568K), 0.0014830 secs] 414779K->381962K(504672K), 0.0015200 secs] [Times: user=0.01 sys=0.00, real=0.00 secs] 
287.990: Total time for which application threads were stopped: 0.0016630 seconds, Stopping threads took: 0.0000800 seconds
288.047: Application time: 0.0575030 seconds
288.047: [GC288.047: [ParNew: 36794K->4116K(37568K), 0.0020660 secs] 414625K->383996K(504672K), 0.0021070 secs] [Times: user=0.02 sys=0.00, real=0.00 secs] 
288.049: Total time for which application threads were stopped: 0.0022390 seconds, Stopping threads took: 0.0000690 seconds
288.109: Application time: 0.0599380 seconds
288.110: [GC288.110: [ParNew: 36984K->4128K(37568K), 0.0020460 secs] 416864K->386056K(504672K), 0.0020860 secs] [Times: user=0.01 sys=0.00, real=0.00 secs] 
288.112: Total time for which application threads were stopped: 0.0022210 seconds, Stopping threads took: 0.0000690 seconds
288.173: Application time: 0.0614130 seconds
288.173: [GC288.173: [ParNew: 37115K->4156K(37568K), 0.0016850 secs] 419043K->387108K(504672K), 0.0017230 secs] [Times: user=0.01 sys=0.00, real=0.00 secs] 
288.175: Total time for which application threads were stopped: 0.0018660 seconds, Stopping threads took: 0.0000770 seconds
288.231: Application time: 0.0565500 seconds
288.232: [GC288.232: [ParNew: 37018K->4159K(37568K), 0.0018930 secs] 419970K->388200K(504672K), 0.0019300 secs] [Times: user=0.01 sys=0.00, real=0.00 secs] 
288.234: Total time for which application threads were stopped: 0.0020650 seconds, Stopping threads took: 0.0000620 seconds
288.295: Application time: 0.0615620 seconds
288.295: [GC288.295: [ParNew: 37043K->4115K(37568K), 0.0023980 secs] 421084K->391278K(504672K), 0.0024440 secs] [Times: user=0.01 sys=0.00, real=0.01 secs] 
288.298: Total time for which application threads were stopped: 0.0026000 seconds, Stopping threads took: 0.0000880 seconds
288.298: Application time: 0.0000870 seconds
288.300: [GC [1 CMS-initial-mark: 387162K(467104K)] 392315K(504672K), 0.0001330 secs] [Times: user=0.00 sys=0.00, real=0.00 secs] 
288.301: Total time for which application threads were stopped: 0.0027140 seconds, Stopping threads took: 0.0025550 seconds
288.301: [CMS-concurrent-mark-start]
288.305: [CMS-concurrent-mark: 0.005/0.005 secs] [Times: user=0.03 sys=0.00, real=0.01 secs] 
288.305: [CMS-concurrent-preclean-start]
288.306: [CMS-concurrent-preclean: 0.001/0.001 secs] [Times: user=0.00 sys=0.00, real=0.00 secs] 
288.306: [CMS-concurrent-abortable-preclean-start]
288.361: Application time: 0.0603000 seconds
288.361: [GC288.361: [ParNew: 37056K->4152K(37568K), 0.0020960 secs] 424218K->393370K(504672K), 0.0021500 secs] [Times: user=0.02 sys=0.00, real=0.00 secs] 
288.363: Total time for which application threads were stopped: 0.0023140 seconds, Stopping threads took: 0.0000910 seconds
288.425: Application time: 0.0615800 seconds
288.429: [GC288.429: [ParNew: 37078K->4149K(37568K), 0.0016650 secs] 426297K->393404K(504672K), 0.0016990 secs] [Times: user=0.01 sys=0.00, real=0.00 secs] 
288.430: Total time for which application threads were stopped: 0.0055960 seconds, Stopping threads took: 0.0038130 seconds
288.487: Application time: 0.0571560 seconds
288.488: [GC288.488: [ParNew: 36587K->4137K(37568K), 0.0015920 secs] 425842K->393405K(504672K), 0.0016300 secs] [Times: user=0.02 sys=0.00, real=0.00 secs] 
288.489: Total time for which application threads were stopped: 0.0017680 seconds, Stopping threads took: 0.0000720 seconds
288.551: Application time: 0.0619600 seconds
288.551: [GC288.551: [ParNew: 37094K->3189K(37568K), 0.0011040 secs] 426362K->392457K(504672K), 0.0011390 secs] [Times: user=0.01 sys=0.00, real=0.00 secs] 
288.552: Total time for which application threads were stopped: 0.0012490 seconds, Stopping threads took: 0.0000500 seconds
288.608: Application time: 0.0554370 seconds
288.608: [GC288.608: [ParNew: 36581K->4112K(37568K), 0.0021340 secs] 425849K->395484K(504672K), 0.0021720 secs] [Times: user=0.01 sys=0.00, real=0.00 secs] 
288.610: Total time for which application threads were stopped: 0.0023020 seconds, Stopping threads took: 0.0000650 seconds
288.665: Application time: 0.0551590 seconds
288.665: [GC288.666: [ParNew: 36774K->4114K(37568K), 0.0022700 secs] 428146K->398558K(504672K), 0.0023150 secs] [Times: user=0.02 sys=0.00, real=0.00 secs] 
288.668: Total time for which application threads were stopped: 0.0024720 seconds, Stopping threads took: 0.0000880 seconds
288.729: Application time: 0.0614460 seconds
288.729: [GC288.729: [ParNew: 37100K->4112K(37568K), 0.0020950 secs] 431545K->400605K(504672K), 0.0021350 secs] [Times: user=0.02 sys=0.00, real=0.00 secs] 
288.732: Total time for which application threads were stopped: 0.0022700 seconds, Stopping threads took: 0.0000680 seconds
288.791: Application time: 0.0592850 seconds
288.793: [GC288.793: [ParNew: 36952K->4136K(37568K), 0.0022930 secs] 433445K->402677K(504672K), 0.0023340 secs] [Times: user=0.02 sys=0.00, real=0.00 secs] 
288.795: Total time for which application threads were stopped: 0.0040350 seconds, Stopping threads took: 0.0016230 seconds
288.860: Application time: 0.0650930 seconds
288.860: [GC288.860: [ParNew: 37272K->4150K(37568K), 0.0014500 secs] 435813K->402707K(504672K), 0.0014920 secs] [Times: user=0.01 sys=0.00, real=0.00 secs] 
288.862: Total time for which application threads were stopped: 0.0016530 seconds, Stopping threads took: 0.0000930 seconds
288.917: Application time: 0.0549300 seconds
288.917: [GC288.917: [ParNew: 36765K->4156K(37568K), 0.0020350 secs] 435322K->404790K(504672K), 0.0020760 secs] [Times: user=0.01 sys=0.00, real=0.00 secs] 
288.919: Total time for which application threads were stopped: 0.0022040 seconds, Stopping threads took: 0.0000620 seconds
288.981: Application time: 0.0617950 seconds
288.981: [GC288.981: [ParNew: 37218K->4140K(37568K), 0.0025480 secs] 437852K->407887K(504672K), 0.0025890 secs] [Times: user=0.02 sys=0.00, real=0.00 secs] 
288.983: Total time for which application threads were stopped: 0.0027260 seconds, Stopping threads took: 0.0000690 seconds
289.042: Application time: 0.0590300 seconds
289.042: [GC289.042: [ParNew: 37026K->4146K(37568K), 0.0021240 secs] 440772K->409985K(504672K), 0.0021690 secs] [Times: user=0.02 sys=0.00, real=0.01 secs] 
289.045: Total time for which application threads were stopped: 0.0023170 seconds, Stopping threads took: 0.0000780 seconds
289.105: Application time: 0.0604020 seconds
289.105: [GC289.105: [ParNew: 37011K->4153K(37568K), 0.0016100 secs] 442850K->410029K(504672K), 0.0016500 secs] [Times: user=0.01 sys=0.00, real=0.00 secs] 
289.107: Total time for which application threads were stopped: 0.0017880 seconds, Stopping threads took: 0.0000700 seconds
289.167: Application time: 0.0599530 seconds
289.167: [GC289.167: [ParNew: 36764K->4138K(37568K), 0.0015090 secs] 442640K->410018K(504672K), 0.0015540 secs] [Times: user=0.01 sys=0.00, real=0.00 secs] 
289.168: Total time for which application threads were stopped: 0.0016850 seconds, Stopping threads took: 0.0000660 seconds
289.232: Application time: 0.0630400 seconds
289.232: [GC289.232: [ParNew: 37252K->4159K(37568K), 0.0015130 secs] 443132K->410096K(504672K), 0.0015470 secs] [Times: user=0.01 sys=0.00, real=0.00 secs] 
289.233: Total time for which application threads were stopped: 0.0017040 seconds, Stopping threads took: 0.0000960 seconds
289.288: Application time: 0.0548980 seconds
289.288: [GC289.288: [ParNew: 37314K->4134K(37568K), 0.0014350 secs] 443251K->410071K(504672K), 0.0014730 secs] [Times: user=0.01 sys=0.00, real=0.00 secs] 
289.290: Total time for which application threads were stopped: 0.0016060 seconds, Stopping threads took: 0.0000710 seconds
289.346: Application time: 0.0567190 seconds
289.347: [GC289.347: [ParNew: 36857K->4114K(37568K), 0.0024000 secs] 442795K->413123K(504672K), 0.0024410 secs] [Times: user=0.01 sys=0.00, real=0.00 secs] 
289.349: Total time for which application threads were stopped: 0.0026040 seconds, Stopping threads took: 0.0000880 seconds
289.405: Application time: 0.0555040 seconds
289.405: [GC289.405: [ParNew: 36962K->4112K(37568K), 0.0023830 secs] 445972K->416193K(504672K), 0.0024270 secs] [Times: user=0.02 sys=0.00, real=0.00 secs] 
289.407: Total time for which application threads were stopped: 0.0026080 seconds, Stopping threads took: 0.0001100 seconds
289.470: Application time: 0.0627070 seconds
289.470: [GC289.470: [ParNew: 36831K->4116K(37568K), 0.0026140 secs] 448912K->419269K(504672K), 0.0026560 secs] [Times: user=0.02 sys=0.00, real=0.00 secs] 
289.473: Total time for which application threads were stopped: 0.0028070 seconds, Stopping threads took: 0.0000840 seconds
289.533: Application time: 0.0606630 seconds
289.533: [GC289.533: [ParNew: 37158K->4138K(37568K), 0.0025610 secs] 452312K->422363K(504672K), 0.0026050 secs] [Times: user=0.02 sys=0.00, real=0.00 secs] 
289.536: Total time for which application threads were stopped: 0.0027430 seconds, Stopping threads took: 0.0000690 seconds
289.595: Application time: 0.0588620 seconds
289.595: [GC289.595: [ParNew: 37164K->4154K(37568K), 0.0022020 secs] 455390K->424488K(504672K), 0.0022430 secs] [Times: user=0.01 sys=0.00, real=0.01 secs] 
289.597: Total time for which application threads were stopped: 0.0023860 seconds, Stopping threads took: 0.0000730 seconds
289.660: Application time: 0.0627330 seconds
289.660: [GC289.660: [ParNew: 37160K->4146K(37568K), 0.0018820 secs] 457495K->425529K(504672K), 0.0019220 secs] [Times: user=0.01 sys=0.00, real=0.00 secs] 
289.662: Total time for which application threads were stopped: 0.0020460 seconds, Stopping threads took: 0.0000590 seconds
289.720: Application time: 0.0578380 seconds
289.720: [GC289.720: [ParNew: 37065K->4158K(37568K), 0.0023300 secs] 458448K->427617K(504672K), 0.0023750 secs] [Times: user=0.01 sys=0.01, real=0.00 secs] 
289.723: Total time for which application threads were stopped: 0.0025490 seconds, Stopping threads took: 0.0001040 seconds
289.785: Application time: 0.0629210 seconds
289.786: [GC289.786: [ParNew: 37185K->4146K(37568K), 0.0017650 secs] 460645K->428658K(504672K), 0.0018120 secs] [Times: user=0.01 sys=0.00, real=0.00 secs] 
289.787: Total time for which application threads were stopped: 0.0019810 seconds, Stopping threads took: 0.0001010 seconds
289.845: Application time: 0.0579520 seconds
289.846: [GC289.846: [ParNew: 36716K->4129K(37568K), 0.0015630 secs] 461228K->428670K(504672K), 0.0016020 secs] [Times: user=0.01 sys=0.00, real=0.00 secs] 
289.847: Total time for which application threads were stopped: 0.0017860 seconds, Stopping threads took: 0.0001180 seconds
289.909: Application time: 0.0616950 seconds
289.909: [GC289.909: [ParNew: 37004K->2166K(37568K), 0.0010030 secs] 461544K->426707K(504672K), 0.0010390 secs] [Times: user=0.01 sys=0.00, real=0.00 secs] 
289.910: Total time for which application threads were stopped: 0.0012050 seconds, Stopping threads took: 0.0000890 seconds
289.965: Application time: 0.0552640 seconds
289.965: [GC289.965: [ParNew: 35450K->4114K(37568K), 0.0021410 secs] 459991K->430760K(504672K), 0.0021850 secs] [Times: user=0.01 sys=0.00, real=0.00 secs] 
289.968: Total time for which application threads were stopped: 0.0023410 seconds, Stopping threads took: 0.0000880 seconds
290.029: Application time: 0.0618140 seconds
290.030: [GC290.030: [ParNew: 37012K->4148K(37568K), 0.0016970 secs] 463657K->431818K(504672K), 0.0017340 secs] [Times: user=0.02 sys=0.00, real=0.00 secs] 
290.031: Total time for which application threads were stopped: 0.0018590 seconds, Stopping threads took: 0.0000600 seconds
290.086: Application time: 0.0541860 seconds
290.086: [GC290.086: [ParNew: 37556K->4112K(37568K), 0.0020860 secs] 465226K->433830K(504672K), 0.0021250 secs] [Times: user=0.01 sys=0.00, real=0.00 secs] 
290.088: Total time for which application threads were stopped: 0.0022430 seconds, Stopping threads took: 0.0000470 seconds
290.149: Application time: 0.0615820 seconds
290.153: [GC290.153: [ParNew: 37046K->4114K(37568K), 0.0021000 secs] 466764K->435880K(504672K), 0.0021350 secs] [Times: user=0.02 sys=0.00, real=0.00 secs] 
290.155: Total time for which application threads were stopped: 0.0053440 seconds, Stopping threads took: 0.0031240 seconds
290.215: Application time: 0.0603700 seconds
290.215: [GC290.215: [ParNew: 37150K->4140K(37568K), 0.0023120 secs] 468916K->438978K(504672K), 0.0023580 secs] [Times: user=0.02 sys=0.00, real=0.01 secs] 
290.218: Total time for which application threads were stopped: 0.0025010 seconds, Stopping threads took: 0.0000740 seconds
290.277: Application time: 0.0596250 seconds
290.277: [GC290.277: [ParNew: 37191K->4158K(37568K), 0.0020440 secs] 472029K->441104K(504672K), 0.0020870 secs] [Times: user=0.02 sys=0.00, real=0.00 secs] 
290.280: Total time for which application threads were stopped: 0.0022950 seconds, Stopping threads took: 0.0001290 seconds
290.338: Application time: 0.0588350 seconds
290.339: [GC290.339: [ParNew: 37078K->4142K(37568K), 0.0019570 secs] 474025K->442138K(504672K), 0.0019960 secs] [Times: user=0.01 sys=0.00, real=0.00 secs] 
290.341: Total time for which application threads were stopped: 0.0021700 seconds, Stopping threads took: 0.0001080 seconds
290.402: Application time: 0.0611620 seconds
290.402: [GC290.402: [ParNew: 37154K->4146K(37568K), 0.0021470 secs] 475150K->444218K(504672K), 0.0021870 secs] [Times: user=0.01 sys=0.00, real=0.00 secs] 
290.404: Total time for which application threads were stopped: 0.0023180 seconds, Stopping threads took: 0.0000630 seconds
290.467: Application time: 0.0628000 seconds
290.467: [GC290.467: [ParNew: 37211K->4141K(37568K), 0.0023060 secs] 477283K->447314K(504672K), 0.0023500 secs] [Times: user=0.01 sys=0.00, real=0.00 secs] 
290.469: Total time for which application threads were stopped: 0.0025070 seconds, Stopping threads took: 0.0000740 seconds
290.528: Application time: 0.0590310 seconds
290.529: [GC290.529: [ParNew: 36862K->4147K(37568K), 0.0019190 secs] 480035K->448372K(504672K), 0.0019620 secs] [Times: user=0.02 sys=0.00, real=0.00 secs] 
290.531: Total time for which application threads were stopped: 0.0021890 seconds, Stopping threads took: 0.0001550 seconds
290.595: Application time: 0.0640170 seconds
290.595: [GC290.595: [ParNew: 37268K->3197K(37568K), 0.0012150 secs] 481493K->447423K(504672K), 0.0012490 secs] [Times: user=0.01 sys=0.00, real=0.00 secs] 
290.596: Total time for which application threads were stopped: 0.0013860 seconds, Stopping threads took: 0.0000720 seconds
290.650: Application time: 0.0539880 seconds
290.650: [GC290.650: [ParNew: 36090K->4114K(37568K), 0.0018140 secs] 480315K->449420K(504672K), 0.0018540 secs] [Times: user=0.02 sys=0.00, real=0.00 secs] 
290.652: Total time for which application threads were stopped: 0.0019990 seconds, Stopping threads took: 0.0000810 seconds
290.709: Application time: 0.0570900 seconds
290.709: [GC290.709: [ParNew: 36879K->4132K(37568K), 0.0019810 secs] 482185K->451486K(504672K), 0.0020280 secs] [Times: user=0.02 sys=0.00, real=0.00 secs] 
290.711: Total time for which application threads were stopped: 0.0021620 seconds, Stopping threads took: 0.0000660 seconds
290.768: Application time: 0.0569150 seconds
290.768: [GC290.768: [ParNew: 36607K->4118K(37568K), 0.0014040 secs] 483961K->451472K(504672K), 0.0014420 secs] [Times: user=0.01 sys=0.00, real=0.00 secs] 
290.770: Total time for which application threads were stopped: 0.0015970 seconds, Stopping threads took: 0.0000880 seconds
290.832: Application time: 0.0619010 seconds
290.832: [GC290.832: [ParNew: 37000K->4112K(37568K), 0.0023160 secs] 484354K->454538K(504672K), 0.0023580 secs] [Times: user=0.02 sys=0.00, real=0.00 secs] 
290.834: Total time for which application threads were stopped: 0.0025100 seconds, Stopping threads took: 0.0000880 seconds
290.891: Application time: 0.0568810 seconds
290.891: [GC290.891: [ParNew: 37072K->4140K(37568K), 0.0020150 secs] 487499K->456614K(504672K), 0.0020610 secs] [Times: user=0.02 sys=0.00, real=0.00 secs] 
290.893: Total time for which application threads were stopped: 0.0021920 seconds, Stopping threads took: 0.0000600 seconds
290.953: Application time: 0.0601360 seconds
290.953: [GC290.954: [ParNew: 37234K->4158K(37568K), 0.0020980 secs] 489708K->458741K(504672K), 0.0021400 secs] [Times: user=0.02 sys=0.00, real=0.00 secs] 
290.956: Total time for which application threads were stopped: 0.0023080 seconds, Stopping threads took: 0.0001000 seconds
291.019: Application time: 0.0630300 seconds
291.019: [GC291.019: [ParNew: 37192K->4159K(37568K), 0.0021140 secs] 491775K->460816K(504672K), 0.0021550 secs] [Times: user=0.01 sys=0.00, real=0.00 secs] 
291.021: Total time for which application threads were stopped: 0.0022930 seconds, Stopping threads took: 0.0000610 seconds
291.080: Application time: 0.0589110 seconds
291.080: [GC291.080: [ParNew: 36987K->4158K(37568K), 0.0018730 secs] 493643K->461867K(504672K), 0.0019100 secs] [Times: user=0.02 sys=0.00, real=0.00 secs] 
291.082: Total time for which application threads were stopped: 0.0020440 seconds, Stopping threads took: 0.0000650 seconds
291.144: Application time: 0.0622250 seconds
291.144: [GC291.144: [ParNew: 37131K->4147K(37568K), 0.0015370 secs] 494840K->461900K(504672K), 0.0015740 secs] [Times: user=0.01 sys=0.00, real=0.00 secs] 
291.146: Total time for which application threads were stopped: 0.0017360 seconds, Stopping threads took: 0.0000930 seconds
291.206: Application time: 0.0598110 seconds
291.206: [GC291.206: [ParNew: 36930K->4144K(37568K), 0.0018980 secs] 494684K->462934K(504672K), 0.0019420 secs] [Times: user=0.01 sys=0.00, real=0.00 secs] 
291.208: Total time for which application threads were stopped: 0.0020930 seconds, Stopping threads took: 0.0000850 seconds
291.268: Application time: 0.0606000 seconds
291.269: [GC291.269: [ParNew: 36978K->4159K(37568K), 0.0015230 secs] 495768K->462995K(504672K), 0.0015580 secs] [Times: user=0.01 sys=0.00, real=0.00 secs] 
291.270: Total time for which application threads were stopped: 0.0016800 seconds, Stopping threads took: 0.0000580 seconds
291.328: Application time: 0.0579290 seconds
291.328: [GC291.328: [ParNew: 37558K->4124K(37568K), 0.0018000 secs] 496395K->463997K(504672K), 0.0018400 secs] [Times: user=0.01 sys=0.01, real=0.00 secs] 
291.330: Total time for which application threads were stopped: 0.0020080 seconds, Stopping threads took: 0.0001020 seconds
291.390: Application time: 0.0603680 seconds
291.390: [GC291.391: [ParNew: 36833K->4116K(37568K), 0.0015340 secs] 496706K->463989K(504672K), 0.0015680 secs] [Times: user=0.01 sys=0.00, real=0.00 secs] 
291.392: Total time for which application threads were stopped: 0.0016790 seconds, Stopping threads took: 0.0000490 seconds
291.446: Application time: 0.0540070 seconds
291.446: [GC291.446: [ParNew: 37524K->4118K(37568K), 0.0023950 secs] 497397K->467063K(504672K), 0.0024380 secs] [Times: user=0.01 sys=0.00, real=0.00 secs] 
291.449: Total time for which application threads were stopped: 0.0025750 seconds, Stopping threads took: 0.0000590 seconds
291.507: Application time: 0.0587140 seconds
291.508: [GC291.508: [ParNew: 36997K->4114K(37568K), 0.0023320 secs] 499942K->470131K(504672K), 0.0023770 secs] [Times: user=0.02 sys=0.00, real=0.00 secs] 
291.510: Total time for which application threads were stopped: 0.0025490 seconds, Stopping threads took: 0.0001070 seconds
291.570: Application time: 0.0604200 seconds
291.570: [GC291.571: [ParNew: 37163K->4141K(37568K), 0.0020970 secs] 503180K->473230K(507756K), 0.0021370 secs] [Times: user=0.02 sys=0.00, real=0.00 secs] 
291.573: Total time for which application threads were stopped: 0.0023030 seconds, Stopping threads took: 0.0000910 seconds
291.635: Application time: 0.0618700 seconds
291.635: [GC291.635: [ParNew: 37360K->4156K(37568K), 0.0026790 secs] 506449K->476362K(510840K), 0.0027230 secs] [Times: user=0.02 sys=0.00, real=0.01 secs] 
291.637: Total time for which application threads were stopped: 0.0028510 seconds, Stopping threads took: 0.0000600 seconds
291.698: Application time: 0.0607770 seconds
291.698: [GC291.698: [ParNew: 37155K->4158K(37568K), 0.0020710 secs] 509361K->478453K(512896K), 0.0021110 secs] [Times: user=0.01 sys=0.00, real=0.00 secs] 
291.700: Total time for which application threads were stopped: 0.0022440 seconds, Stopping threads took: 0.0000670 seconds
291.761: Application time: 0.0606880 seconds
291.761: [GC291.761: [ParNew: 37180K->4153K(37568K), 0.0020880 secs] 511475K->480532K(514952K), 0.0021280 secs] [Times: user=0.01 sys=0.00, real=0.00 secs] 
291.763: Total time for which application threads were stopped: 0.0022730 seconds, Stopping threads took: 0.0000760 seconds
291.827: Application time: 0.0637680 seconds
291.827: [GC291.827: [ParNew: 37267K->4149K(37568K), 0.0019350 secs] 513646K->482597K(517008K), 0.0019760 secs] [Times: user=0.01 sys=0.01, real=0.00 secs] 
291.829: Total time for which application threads were stopped: 0.0021170 seconds, Stopping threads took: 0.0000750 seconds
291.888: Application time: 0.0591370 seconds
291.889: [GC291.889: [ParNew: 36855K->3150K(37568K), 0.0012640 secs] 515303K->481626K(517008K), 0.0012960 secs] [Times: user=0.01 sys=0.00, real=0.00 secs] 
291.890: Total time for which application threads were stopped: 0.0014400 seconds, Stopping threads took: 0.0000840 seconds
291.951: Application time: 0.0613810 seconds
291.951: [GC291.951: [ParNew: 35919K->2119K(37568K), 0.0011540 secs] 514395K->480624K(517008K), 0.0011860 secs] [Times: user=0.01 sys=0.00, real=0.00 secs] 
291.953: Total time for which application threads were stopped: 0.0013050 seconds, Stopping threads took: 0.0000600 seconds
292.012: Application time: 0.0599480 seconds
292.013: [GC292.013: [ParNew: 35527K->4122K(37568K), 0.0014240 secs] 514032K->482655K(517008K), 0.0014620 secs] [Times: user=0.01 sys=0.00, real=0.00 secs] 
292.014: Total time for which application threads were stopped: 0.0015920 seconds, Stopping threads took: 0.0000670 seconds
292.071: Application time: 0.0571170 seconds
292.071: [GC292.071: [ParNew: 37530K->4114K(37568K), 0.0019580 secs] 516063K->484695K(519064K), 0.0019980 secs] [Times: user=0.01 sys=0.00, real=0.00 secs] 
292.073: Total time for which application threads were stopped: 0.0021340 seconds, Stopping threads took: 0.0000700 seconds
292.130: Application time: 0.0571060 seconds
292.131: [GC292.131: [ParNew: 37520K->4112K(37568K), 0.0021500 secs] 518101K->487765K(522148K), 0.0021930 secs] [Times: user=0.01 sys=0.01, real=0.00 secs] 
292.133: Total time for which application threads were stopped: 0.0023380 seconds, Stopping threads took: 0.0000700 seconds
292.192: Application time: 0.0593170 seconds
292.192: [GC292.192: [ParNew: 37077K->4112K(37568K), 0.0022320 secs] 520730K->490837K(525232K), 0.0022720 secs] [Times: user=0.01 sys=0.01, real=0.00 secs] 
292.194: Total time for which application threads were stopped: 0.0023980 seconds, Stopping threads took: 0.0000600 seconds
292.254: Application time: 0.0592020 seconds
292.254: [GC292.254: [ParNew: 37125K->4141K(37568K), 0.0019660 secs] 523850K->492914K(527288K), 0.0020110 secs] [Times: user=0.01 sys=0.00, real=0.00 secs] 
292.256: Total time for which application threads were stopped: 0.0021490 seconds, Stopping threads took: 0.0000740 seconds
292.316: Application time: 0.0606120 seconds
292.317: [GC292.317: [ParNew: 37312K->4156K(37568K), 0.0022010 secs] 526086K->496046K(530372K), 0.0022400 secs] [Times: user=0.02 sys=0.00, real=0.00 secs] 
292.319: Total time for which application threads were stopped: 0.0023660 seconds, Stopping threads took: 0.0000620 seconds
292.379: Application time: 0.0601110 seconds
292.379: [GC292.379: [ParNew: 37201K->4139K(37568K), 0.0020370 secs] 529091K->498119K(532428K), 0.0020770 secs] [Times: user=0.00 sys=0.01, real=0.00 secs] 
292.381: Total time for which application threads were stopped: 0.0022260 seconds, Stopping threads took: 0.0000790 seconds
292.444: Application time: 0.0626580 seconds
292.444: [GC292.444: [ParNew: 37220K->4140K(37568K), 0.0022100 secs] 531199K->501219K(535512K), 0.0022520 secs] [Times: user=0.01 sys=0.00, real=0.01 secs] 
292.446: Total time for which application threads were stopped: 0.0024120 seconds, Stopping threads took: 0.0000920 seconds
292.505: Application time: 0.0586310 seconds
292.505: [GC292.505: [ParNew: 36989K->4158K(37568K), 0.0020310 secs] 534069K->503314K(537568K), 0.0020720 secs] [Times: user=0.01 sys=0.00, real=0.00 secs] 
292.507: Total time for which application threads were stopped: 0.0022070 seconds, Stopping threads took: 0.0000670 seconds
292.571: Application time: 0.0636690 seconds
292.571: [GC292.571: [ParNew: 37139K->4158K(37568K), 0.0018020 secs] 536296K->504387K(538596K), 0.0018400 secs] [Times: user=0.02 sys=0.00, real=0.00 secs] 
292.573: Total time for which application threads were stopped: 0.0019840 seconds, Stopping threads took: 0.0000780 seconds
292.634: Application time: 0.0616480 seconds
292.635: [GC292.635: [ParNew: 37076K->4149K(37568K), 0.0016890 secs] 537305K->504402K(538596K), 0.0017260 secs] [Times: user=0.01 sys=0.00, real=0.00 secs] 
292.636: Total time for which application threads were stopped: 0.0018690 seconds, Stopping threads took: 0.0000650 seconds
292.697: Application time: 0.0606830 seconds
292.700: [GC292.700: [ParNew: 36791K->3133K(37568K), 0.0012370 secs] 537045K->503398K(538596K), 0.0012740 secs] [Times: user=0.01 sys=0.00, real=0.00 secs] 
292.702: Total time for which application threads were stopped: 0.0047420 seconds, Stopping threads took: 0.0034030 seconds
292.760: Application time: 0.0586830 seconds
292.760: [GC292.760: [ParNew: 35525K->2112K(37568K), 0.0010170 secs] 535791K->502378K(538596K), 0.0010470 secs] [Times: user=0.00 sys=0.00, real=0.00 secs] 
292.762: Total time for which application threads were stopped: 0.0011610 seconds, Stopping threads took: 0.0000570 seconds
292.817: Application time: 0.0553110 seconds
292.817: [GC292.817: [ParNew: 35358K->4124K(37568K), 0.0014520 secs] 535624K->504390K(538596K), 0.0014880 secs] [Times: user=0.02 sys=0.00, real=0.00 secs] 
292.818: Total time for which application threads were stopped: 0.0016380 seconds, Stopping threads took: 0.0000840 seconds
292.872: Application time: 0.0532270 seconds
292.872: [GC292.872: [ParNew: 36655K->4113K(37568K), 0.0020200 secs] 536921K->506427K(540652K), 0.0020610 secs] [Times: user=0.01 sys=0.01, real=0.00 secs] 
292.874: Total time for which application threads were stopped: 0.0021970 seconds, Stopping threads took: 0.0000720 seconds
292.934: Application time: 0.0600060 seconds
292.934: [GC292.934: [ParNew: 37196K->4145K(37568K), 0.0020270 secs] 539510K->508507K(542708K), 0.0020670 secs] [Times: user=0.01 sys=0.00, real=0.00 secs] 
292.936: Total time for which application threads were stopped: 0.0022240 seconds, Stopping threads took: 0.0000900 seconds
292.995: Application time: 0.0589090 seconds
292.995: [GC292.995: [ParNew: 37249K->4154K(37568K), 0.0022660 secs] 541611K->511632K(545792K), 0.0023080 secs] [Times: user=0.02 sys=0.01, real=0.01 secs] 
292.998: Total time for which application threads were stopped: 0.0024430 seconds, Stopping threads took: 0.0000670 seconds
293.058: Application time: 0.0602300 seconds
293.058: [GC293.058: [ParNew: 37230K->4142K(37568K), 0.0023040 secs] 544708K->514733K(548876K), 0.0023560 secs] [Times: user=0.02 sys=0.00, real=0.00 secs] 
293.060: Total time for which application threads were stopped: 0.0025030 seconds, Stopping threads took: 0.0000760 seconds
293.124: Application time: 0.0633330 seconds
293.124: [GC293.124: [ParNew: 37213K->4142K(37568K), 0.0022240 secs] 547804K->517834K(551960K), 0.0022630 secs] [Times: user=0.01 sys=0.01, real=0.01 secs] 
293.126: Total time for which application threads were stopped: 0.0023900 seconds, Stopping threads took: 0.0000590 seconds
293.186: Application time: 0.0598130 seconds
293.186: [GC293.186: [ParNew: 37125K->4143K(37568K), 0.0020350 secs] 550817K->519911K(554016K), 0.0020770 secs] [Times: user=0.02 sys=0.00, real=0.00 secs] 
293.188: Total time for which application threads were stopped: 0.0022220 seconds, Stopping threads took: 0.0000660 seconds
293.250: Application time: 0.0622580 seconds
293.250: [GC293.250: [ParNew: 37174K->4158K(37568K), 0.0018100 secs] 552943K->520999K(555044K), 0.0018510 secs] [Times: user=0.02 sys=0.00, real=0.00 secs] 
293.252: Total time for which application threads were stopped: 0.0020010 seconds, Stopping threads took: 0.0000820 seconds
293.315: Application time: 0.0626610 seconds
293.315: [GC293.315: [ParNew: 37111K->4148K(37568K), 0.0018560 secs] 553952K->522021K(556072K), 0.0018980 secs] [Times: user=0.01 sys=0.00, real=0.01 secs] 
293.317: Total time for which application threads were stopped: 0.0020280 seconds, Stopping threads took: 0.0000610 seconds
 CMS: abort preclean due to time 293.318: [CMS-concurrent-abortable-preclean: 0.080/5.012 secs] [Times: user=39.36 sys=0.12, real=5.01 secs] 
293.318: Application time: 0.0011320 seconds
293.318: [GC[YG occupancy: 6336 K (37568 K)]293.318: [Rescan (parallel) , 0.0002130 secs]293.318: [weak refs processing, 0.0000060 secs]293.318: [scrub string table, 0.0001060 secs] [1 CMS-remark: 517873K(518504K)] 524209K(556072K), 0.0003470 secs] [Times: user=0.00 sys=0.00, real=0.00 secs] 
293.319: Total time for which application threads were stopped: 0.0004570 seconds, Stopping threads took: 0.0000800 seconds
293.319: [CMS-concurrent-sweep-start]
293.320: [CMS-concurrent-sweep: 0.002/0.002 secs] [Times: user=0.02 sys=0.00, real=0.00 secs] 
293.320: [CMS-concurrent-reset-start]
293.323: [CMS-concurrent-reset: 0.003/0.003 secs] [Times: user=0.00 sys=0.00, real=0.00 secs] 
293.379: Application time: 0.0599990 seconds
293.379: [GC293.379: [ParNew: 36753K->4151K(37568K), 0.0015410 secs] 174267K->141693K(556072K), 0.0015790 secs] [Times: user=0.01 sys=0.00, real=0.00 secs] 
293.380: Total time for which application threads were stopped: 0.0017370 seconds, Stopping threads took: 0.0000830 seconds
293.440: Application time: 0.0599520 seconds
293.440: [GC293.440: [ParNew: 37559K->2105K(37568K), 0.0010520 secs] 175101K->139647K(556072K), 0.0010810 secs] [Times: user=0.01 sys=0.00, real=0.00 secs] 
293.441: Total time for which application threads were stopped: 0.0012020 seconds, Stopping threads took: 0.0000630 seconds
293.496: Application time: 0.0543230 seconds
293.496: [GC293.496: [ParNew: 35201K->4114K(37568K), 0.0023000 secs] 172743K->144728K(556072K), 0.0023420 secs] [Times: user=0.02 sys=0.00, real=0.01 secs] 
293.498: Total time for which application threads were stopped: 0.0024830 seconds, Stopping threads took: 0.0000750 seconds
293.551: Application time: 0.0524380 seconds
293.551: [GC293.551: [ParNew: 36685K->4114K(37568K), 0.0020430 secs] 177300K->146776K(556072K), 0.0020870 secs] [Times: user=0.01 sys=0.00, real=0.00 secs] 
293.553: Total time for which application threads were stopped: 0.0022160 seconds, Stopping threads took: 0.0000630 seconds
293.616: Application time: 0.0626990 seconds
293.616: [GC293.616: [ParNew: 37193K->4141K(37568K), 0.0017560 secs] 179856K->147827K(556072K), 0.0017950 secs] [Times: user=0.02 sys=0.00, real=0.01 secs] 
293.618: Total time for which application threads were stopped: 0.0019270 seconds, Stopping threads took: 0.0000590 seconds
293.674: Application time: 0.0565450 seconds
293.674: [GC293.674: [ParNew: 37225K->4152K(37568K), 0.0023230 secs] 180911K->150955K(556072K), 0.0023680 secs] [Times: user=0.02 sys=0.00, real=0.01 secs] 
293.677: Total time for which application threads were stopped: 0.0025240 seconds, Stopping threads took: 0.0000880 seconds
293.738: Application time: 0.0615390 seconds
293.738: [GC293.738: [ParNew: 37265K->4140K(37568K), 0.0024330 secs] 184068K->154056K(556072K), 0.0024750 secs] [Times: user=0.02 sys=0.00, real=0.00 secs] 
293.741: Total time for which application threads were stopped: 0.0026250 seconds, Stopping threads took: 0.0000730 seconds
293.804: Application time: 0.0633510 seconds
293.804: [GC293.804: [ParNew: 37109K->4158K(37568K), 0.0020510 secs] 187025K->156150K(556072K), 0.0020930 secs] [Times: user=0.01 sys=0.01, real=0.01 secs] 
293.806: Total time for which application threads were stopped: 0.0022210 seconds, Stopping threads took: 0.0000610 seconds
293.863: Application time: 0.0563670 seconds
293.863: [GC293.863: [ParNew: 36984K->4140K(37568K), 0.0023940 secs] 188976K->159233K(556072K), 0.0024360 secs] [Times: user=0.01 sys=0.00, real=0.01 secs] 
293.865: Total time for which application threads were stopped: 0.0025740 seconds, Stopping threads took: 0.0000680 seconds
293.928: Application time: 0.0630640 seconds
293.928: [GC293.929: [ParNew: 37259K->4143K(37568K), 0.0020900 secs] 192352K->161313K(556072K), 0.0021330 secs] [Times: user=0.01 sys=0.00, real=0.00 secs] 
293.931: Total time for which application threads were stopped: 0.0022740 seconds, Stopping threads took: 0.0000730 seconds
293.990: Application time: 0.0595510 seconds
293.990: [GC293.990: [ParNew: 37148K->4158K(37568K), 0.0022290 secs] 194317K->163405K(556072K), 0.0022700 secs] [Times: user=0.01 sys=0.00, real=0.00 secs] 
293.993: Total time for which application threads were stopped: 0.0024340 seconds, Stopping threads took: 0.0000930 seconds
294.056: Application time: 0.0636410 seconds
294.056: [GC294.056: [ParNew: 37100K->4152K(37568K), 0.0015450 secs] 196347K->163428K(556072K), 0.0015830 secs] [Times: user=0.01 sys=0.00, real=0.00 secs] 
294.058: Total time for which application threads were stopped: 0.0017660 seconds, Stopping threads took: 0.0001160 seconds
294.118: Application time: 0.0600940 seconds
294.118: [GC294.118: [ParNew: 37560K->3130K(37568K), 0.0011490 secs] 196836K->162406K(556072K), 0.0011830 secs] [Times: user=0.01 sys=0.00, real=0.00 secs] 
294.119: Total time for which application threads were stopped: 0.0013070 seconds, Stopping threads took: 0.0000580 seconds
294.179: Application time: 0.0592780 seconds
294.179: [GC294.179: [ParNew: 36538K->2092K(37568K), 0.0010450 secs] 195814K->161367K(556072K), 0.0010820 secs] [Times: user=0.01 sys=0.00, real=0.00 secs] 
294.180: Total time for which application threads were stopped: 0.0012660 seconds, Stopping threads took: 0.0001230 seconds
294.234: Application time: 0.0543650 seconds
294.234: [GC294.234: [ParNew: 35500K->4130K(37568K), 0.0020250 secs] 194775K->165453K(556072K), 0.0020650 secs] [Times: user=0.02 sys=0.00, real=0.01 secs] 
294.237: Total time for which application threads were stopped: 0.0021890 seconds, Stopping threads took: 0.0000570 seconds
294.293: Application time: 0.0567000 seconds
294.293: [GC294.293: [ParNew: 36928K->4141K(37568K), 0.0020390 secs] 198252K->167513K(556072K), 0.0020810 secs] [Times: user=0.02 sys=0.00, real=0.00 secs] 
294.295: Total time for which application threads were stopped: 0.0022270 seconds, Stopping threads took: 0.0000730 seconds
294.356: Application time: 0.0600790 seconds
294.356: [GC294.356: [ParNew: 37219K->4152K(37568K), 0.0024220 secs] 200591K->170640K(556072K), 0.0024640 secs] [Times: user=0.01 sys=0.00, real=0.01 secs] 
294.358: Total time for which application threads were stopped: 0.0025990 seconds, Stopping threads took: 0.0000690 seconds
294.416: Application time: 0.0580270 seconds
294.416: [GC294.416: [ParNew: 37210K->4140K(37568K), 0.0024610 secs] 203698K->173741K(556072K), 0.0025100 secs] [Times: user=0.02 sys=0.00, real=0.00 secs] 
294.419: Total time for which application threads were stopped: 0.0026520 seconds, Stopping threads took: 0.0000670 seconds
294.482: Application time: 0.0626490 seconds
294.482: [GC294.482: [ParNew: 37176K->4142K(37568K), 0.0021540 secs] 206777K->175819K(556072K), 0.0021920 secs] [Times: user=0.01 sys=0.00, real=0.00 secs] 
294.484: Total time for which application threads were stopped: 0.0023310 seconds, Stopping threads took: 0.0000770 seconds
294.541: Application time: 0.0571990 seconds
294.541: [GC294.541: [ParNew: 36974K->4140K(37568K), 0.0021190 secs] 208652K->177894K(556072K), 0.0021590 secs] [Times: user=0.01 sys=0.00, real=0.00 secs] 
294.543: Total time for which application threads were stopped: 0.0022840 seconds, Stopping threads took: 0.0000580 seconds
294.606: Application time: 0.0623880 seconds
294.606: [GC294.606: [ParNew: 37219K->4145K(37568K), 0.0015020 secs] 210973K->177928K(556072K), 0.0015380 secs] [Times: user=0.01 sys=0.00, real=0.00 secs] 
294.607: Total time for which application threads were stopped: 0.0016640 seconds, Stopping threads took: 0.0000650 seconds
294.667: Application time: 0.0598780 seconds
294.667: [GC294.667: [ParNew: 37094K->4144K(37568K), 0.0024080 secs] 210876K->181027K(556072K), 0.0024510 secs] [Times: user=0.02 sys=0.00, real=0.00 secs] 
294.670: Total time for which application threads were stopped: 0.0025850 seconds, Stopping threads took: 0.0000640 seconds
294.731: Application time: 0.0616480 seconds
294.732: [GC294.732: [ParNew: 37043K->4146K(37568K), 0.0018180 secs] 213926K->182082K(556072K), 0.0018570 secs] [Times: user=0.02 sys=0.00, real=0.00 secs] 
294.733: Total time for which application threads were stopped: 0.0019960 seconds, Stopping threads took: 0.0000700 seconds
294.795: Application time: 0.0610140 seconds
294.795: [GC294.795: [ParNew: 36816K->3139K(37568K), 0.0012310 secs] 214751K->181074K(556072K), 0.0012670 secs] [Times: user=0.01 sys=0.00, real=0.00 secs] 
294.796: Total time for which application threads were stopped: 0.0014090 seconds, Stopping threads took: 0.0000700 seconds
294.854: Application time: 0.0584050 seconds
294.854: [GC294.854: [ParNew: 36448K->2087K(37568K), 0.0011380 secs] 214383K->180022K(556072K), 0.0011740 secs] [Times: user=0.01 sys=0.00, real=0.00 secs] 
294.856: Total time for which application threads were stopped: 0.0013280 seconds, Stopping threads took: 0.0000890 seconds
294.912: Application time: 0.0564800 seconds
294.912: [GC294.912: [ParNew: 35495K->4120K(37568K), 0.0020670 secs] 213430K->184104K(556072K), 0.0021110 secs] [Times: user=0.01 sys=0.00, real=0.00 secs] 
294.914: Total time for which application threads were stopped: 0.0022350 seconds, Stopping threads took: 0.0000540 seconds
294.969: Application time: 0.0546490 seconds
294.969: [GC294.969: [ParNew: 36860K->4144K(37568K), 0.0020830 secs] 216844K->186192K(556072K), 0.0021250 secs] [Times: user=0.02 sys=0.00, real=0.00 secs] 
294.971: Total time for which application threads were stopped: 0.0022590 seconds, Stopping threads took: 0.0000630 seconds
295.031: Application time: 0.0594580 seconds
295.031: [GC295.031: [ParNew: 37115K->4152K(37568K), 0.0023570 secs] 219163K->189300K(556072K), 0.0024010 secs] [Times: user=0.02 sys=0.00, real=0.00 secs] 
295.033: Total time for which application threads were stopped: 0.0025330 seconds, Stopping threads took: 0.0000640 seconds
295.095: Application time: 0.0616030 seconds
295.095: [GC295.095: [ParNew: 37267K->4140K(37568K), 0.0020130 secs] 222416K->191378K(556072K), 0.0020570 secs] [Times: user=0.01 sys=0.00, real=0.01 secs] 
295.097: Total time for which application threads were stopped: 0.0021860 seconds, Stopping threads took: 0.0000620 seconds
295.158: Application time: 0.0605390 seconds
295.158: [GC295.158: [ParNew: 37150K->4145K(37568K), 0.0018160 secs] 224388K->192451K(556072K), 0.0018550 secs] [Times: user=0.01 sys=0.00, real=0.00 secs] 
295.160: Total time for which application threads were stopped: 0.0019950 seconds, Stopping threads took: 0.0000740 seconds
295.217: Application time: 0.0577830 seconds
295.218: [GC295.218: [ParNew: 36987K->4146K(37568K), 0.0021950 secs] 225293K->194512K(556072K), 0.0022490 secs] [Times: user=0.01 sys=0.00, real=0.00 secs] 
295.220: Total time for which application threads were stopped: 0.0023930 seconds, Stopping threads took: 0.0000740 seconds
295.282: Application time: 0.0625130 seconds
295.282: [GC295.282: [ParNew: 37175K->4158K(37568K), 0.0017860 secs] 227542K->195577K(556072K), 0.0018280 secs] [Times: user=0.01 sys=0.00, real=0.00 secs] 
295.284: Total time for which application threads were stopped: 0.0019610 seconds, Stopping threads took: 0.0000660 seconds
295.345: Application time: 0.0608060 seconds
295.345: [GC295.345: [ParNew: 37075K->4146K(37568K), 0.0020780 secs] 228494K->197657K(556072K), 0.0021230 secs] [Times: user=0.01 sys=0.00, real=0.00 secs] 
295.347: Total time for which application threads were stopped: 0.0022570 seconds, Stopping threads took: 0.0000560 seconds
295.406: Application time: 0.0584640 seconds
295.406: [GC295.406: [ParNew: 36903K->4134K(37568K), 0.0017750 secs] 230414K->198682K(556072K), 0.0018110 secs] [Times: user=0.01 sys=0.00, real=0.00 secs] 
295.408: Total time for which application threads were stopped: 0.0019630 seconds, Stopping threads took: 0.0000860 seconds
295.470: Application time: 0.0618830 seconds
295.470: [GC295.470: [ParNew: 36992K->4135K(37568K), 0.0018490 secs] 231540K->199707K(556072K), 0.0018840 secs] [Times: user=0.01 sys=0.00, real=0.00 secs] 
295.472: Total time for which application threads were stopped: 0.0020200 seconds, Stopping threads took: 0.0000730 seconds
295.529: Application time: 0.0575710 seconds
295.529: [GC295.529: [ParNew: 36540K->3129K(37568K), 0.0012540 secs] 232112K->198701K(556072K), 0.0012850 secs] [Times: user=0.01 sys=0.00, real=0.00 secs] 
295.531: Total time for which application threads were stopped: 0.0013960 seconds, Stopping threads took: 0.0000530 seconds
295.589: Application time: 0.0581410 seconds
295.589: [GC295.589: [ParNew: 36537K->4139K(37568K), 0.0018420 secs] 232109K->200736K(556072K), 0.0018810 secs] [Times: user=0.01 sys=0.00, real=0.00 secs] 
295.591: Total time for which application threads were stopped: 0.0020010 seconds, Stopping threads took: 0.0000570 seconds
295.649: Application time: 0.0586270 seconds
295.650: [GC295.650: [ParNew: 36957K->4152K(37568K), 0.0016570 secs] 233553K->201812K(556072K), 0.0016970 secs] [Times: user=0.02 sys=0.00, real=0.00 secs] 
295.651: Total time for which application threads were stopped: 0.0018420 seconds, Stopping threads took: 0.0000800 seconds
295.706: Application time: 0.0548330 seconds
295.706: [GC295.706: [ParNew: 36922K->4140K(37568K), 0.0024970 secs] 234582K->204889K(556072K), 0.0025360 secs] [Times: user=0.02 sys=0.00, real=0.00 secs] 
295.709: Total time for which application threads were stopped: 0.0026640 seconds, Stopping threads took: 0.0000670 seconds
295.766: Application time: 0.0572880 seconds
295.766: [GC295.766: [ParNew: 37153K->4140K(37568K), 0.0024170 secs] 237903K->207990K(556072K), 0.0024560 secs] [Times: user=0.02 sys=0.00, real=0.00 secs] 
295.769: Total time for which application threads were stopped: 0.0026000 seconds, Stopping threads took: 0.0000750 seconds
295.831: Application time: 0.0619790 seconds
295.831: [GC295.831: [ParNew: 37223K->4158K(37568K), 0.0020120 secs] 241073K->210084K(556072K), 0.0020520 secs] [Times: user=0.02 sys=0.00, real=0.00 secs] 
295.833: Total time for which application threads were stopped: 0.0022050 seconds, Stopping threads took: 0.0000860 seconds
295.894: Application time: 0.0610350 seconds
295.894: [GC295.894: [ParNew: 37178K->4156K(37568K), 0.0021020 secs] 243104K->212159K(556072K), 0.0021420 secs] [Times: user=0.01 sys=0.00, real=0.00 secs] 
295.896: Total time for which application threads were stopped: 0.0022980 seconds, Stopping threads took: 0.0000800 seconds
295.955: Application time: 0.0591410 seconds
295.955: [GC295.955: [ParNew: 37026K->4156K(37568K), 0.0019170 secs] 245029K->213216K(556072K), 0.0019670 secs] [Times: user=0.02 sys=0.00, real=0.01 secs] 
295.957: Total time for which application threads were stopped: 0.0021020 seconds, Stopping threads took: 0.0000680 seconds
296.020: Application time: 0.0628020 seconds
296.020: [GC296.020: [ParNew: 37262K->4147K(37568K), 0.0018280 secs] 246321K->214255K(556072K), 0.0018680 secs] [Times: user=0.01 sys=0.00, real=0.00 secs] 
296.022: Total time for which application threads were stopped: 0.0020280 seconds, Stopping threads took: 0.0000940 seconds
296.083: Application time: 0.0605350 seconds
296.083: [GC296.083: [ParNew: 36873K->4118K(37568K), 0.0022070 secs] 246981K->216302K(556072K), 0.0022480 secs] [Times: user=0.01 sys=0.00, real=0.01 secs] 
296.085: Total time for which application threads were stopped: 0.0024070 seconds, Stopping threads took: 0.0000910 seconds
296.145: Application time: 0.0599550 seconds
296.145: [GC296.145: [ParNew: 36823K->4154K(37568K), 0.0015540 secs] 249007K->216338K(556072K), 0.0015950 secs] [Times: user=0.01 sys=0.00, real=0.00 secs] 
296.147: Total time for which application threads were stopped: 0.0017580 seconds, Stopping threads took: 0.0000950 seconds
296.208: Application time: 0.0609480 seconds
296.208: [GC296.208: [ParNew: 36744K->3124K(37568K), 0.0012380 secs] 248928K->215308K(556072K), 0.0012770 secs] [Times: user=0.01 sys=0.00, real=0.00 secs] 
296.209: Total time for which application threads were stopped: 0.0014150 seconds, Stopping threads took: 0.0000750 seconds
296.267: Application time: 0.0579100 seconds
296.267: [GC296.267: [ParNew: 36519K->4118K(37568K), 0.0016210 secs] 248704K->216302K(556072K), 0.0016580 secs] [Times: user=0.01 sys=0.00, real=0.00 secs] 
296.269: Total time for which application threads were stopped: 0.0017970 seconds, Stopping threads took: 0.0000770 seconds
296.322: Application time: 0.0531340 seconds
296.322: [GC296.322: [ParNew: 36717K->4158K(37568K), 0.0019500 secs] 248901K->217411K(556072K), 0.0019920 secs] [Times: user=0.02 sys=0.00, real=0.00 secs] 
296.324: Total time for which application threads were stopped: 0.0021190 seconds, Stopping threads took: 0.0000610 seconds
296.382: Application time: 0.0580490 seconds
296.382: [GC296.382: [ParNew: 37023K->4112K(37568K), 0.0023560 secs] 250276K->220478K(556072K), 0.0023960 secs] [Times: user=0.02 sys=0.00, real=0.01 secs] 
296.385: Total time for which application threads were stopped: 0.0025280 seconds, Stopping threads took: 0.0000650 seconds
296.446: Application time: 0.0610470 seconds
296.446: [GC296.446: [ParNew: 37175K->4138K(37568K), 0.0023890 secs] 253542K->223577K(556072K), 0.0024320 secs] [Times: user=0.01 sys=0.01, real=0.00 secs] 
296.448: Total time for which application threads were stopped: 0.0025870 seconds, Stopping threads took: 0.0000800 seconds
296.507: Application time: 0.0589470 seconds
296.508: [GC296.508: [ParNew: 37154K->4159K(37568K), 0.0020400 secs] 256592K->225674K(556072K), 0.0020850 secs] [Times: user=0.02 sys=0.00, real=0.00 secs] 
296.510: Total time for which application threads were stopped: 0.0022260 seconds, Stopping threads took: 0.0000690 seconds
296.571: Application time: 0.0610690 seconds
296.571: [GC296.571: [ParNew: 37156K->4156K(37568K), 0.0017980 secs] 258671K->226724K(556072K), 0.0018380 secs] [Times: user=0.02 sys=0.00, real=0.00 secs] 
296.573: Total time for which application threads were stopped: 0.0019920 seconds, Stopping threads took: 0.0000890 seconds
296.634: Application time: 0.0611550 seconds
296.634: [GC296.634: [ParNew: 37128K->4144K(37568K), 0.0020670 secs] 259696K->228788K(556072K), 0.0021070 secs] [Times: user=0.01 sys=0.00, real=0.00 secs] 
296.636: Total time for which application threads were stopped: 0.0022580 seconds, Stopping threads took: 0.0000850 seconds
296.694: Application time: 0.0577150 seconds
296.694: [GC296.694: [ParNew: 36974K->4142K(37568K), 0.0021680 secs] 261619K->230863K(556072K), 0.0022090 secs] [Times: user=0.02 sys=0.00, real=0.00 secs] 
296.696: Total time for which application threads were stopped: 0.0023430 seconds, Stopping threads took: 0.0000650 seconds
296.758: Application time: 0.0622220 seconds
296.759: [GC296.759: [ParNew: 36993K->4119K(37568K), 0.0020380 secs] 263714K->231892K(556072K), 0.0020840 secs] [Times: user=0.01 sys=0.00, real=0.00 secs] 
296.761: Total time for which application threads were stopped: 0.0022220 seconds, Stopping threads took: 0.0000710 seconds
296.820: Application time: 0.0597820 seconds
296.821: [GC296.821: [ParNew: 36759K->4139K(37568K), 0.0016580 secs] 264533K->231913K(556072K), 0.0016940 secs] [Times: user=0.01 sys=0.00, real=0.00 secs] 
296.822: Total time for which application threads were stopped: 0.0018650 seconds, Stopping threads took: 0.0000850 seconds
296.880: Application time: 0.0579540 seconds
296.880: [GC296.880: [ParNew: 37547K->4148K(37568K), 0.0019110 secs] 265321K->232945K(556072K), 0.0019520 secs] [Times: user=0.01 sys=0.00, real=0.00 secs] 
296.882: Total time for which application threads were stopped: 0.0021130 seconds, Stopping threads took: 0.0000930 seconds
296.942: Application time: 0.0594950 seconds
296.942: [GC296.942: [ParNew: 36797K->4118K(37568K), 0.0016960 secs] 265595K->233940K(556072K), 0.0017350 secs] [Times: user=0.01 sys=0.00, real=0.00 secs] 
296.944: Total time for which application threads were stopped: 0.0018690 seconds, Stopping threads took: 0.0000680 seconds
296.999: Application time: 0.0556550 seconds
297.000: [GC297.000: [ParNew: 37000K->4159K(37568K), 0.0017290 secs] 266821K->235065K(556072K), 0.0017660 secs] [Times: user=0.02 sys=0.00, real=0.00 secs] 
297.001: Total time for which application threads were stopped: 0.0019320 seconds, Stopping threads took: 0.0000930 seconds
297.057: Application time: 0.0556720 seconds
297.057: [GC297.057: [ParNew: 36785K->4113K(37568K), 0.0024900 secs] 267691K->238116K(556072K), 0.0025290 secs] [Times: user=0.02 sys=0.00, real=0.00 secs] 
297.060: Total time for which application threads were stopped: 0.0026690 seconds, Stopping threads took: 0.0000730 seconds
297.123: Application time: 0.0633760 seconds
297.123: [GC297.123: [ParNew: 37224K->4140K(37568K), 0.0022170 secs] 271227K->241215K(556072K), 0.0022580 secs] [Times: user=0.02 sys=0.00, real=0.01 secs] 
297.125: Total time for which application threads were stopped: 0.0023760 seconds, Stopping threads took: 0.0000510 seconds
297.182: Application time: 0.0563820 seconds
297.182: [GC297.182: [ParNew: 37063K->4157K(37568K), 0.0020810 secs] 274138K->243309K(556072K), 0.0021230 secs] [Times: user=0.01 sys=0.00, real=0.00 secs] 
297.184: Total time for which application threads were stopped: 0.0022870 seconds, Stopping threads took: 0.0000970 seconds
297.245: Application time: 0.0608440 seconds
297.245: [GC297.245: [ParNew: 37129K->4144K(37568K), 0.0020920 secs] 276280K->245372K(556072K), 0.0021350 secs] [Times: user=0.02 sys=0.00, real=0.00 secs] 
297.247: Total time for which application threads were stopped: 0.0022650 seconds, Stopping threads took: 0.0000610 seconds
297.308: Application time: 0.0605650 seconds
297.308: [GC297.308: [ParNew: 37122K->4144K(37568K), 0.0021190 secs] 278350K->247449K(556072K), 0.0021600 secs] [Times: user=0.02 sys=0.00, real=0.00 secs] 
297.310: Total time for which application threads were stopped: 0.0023040 seconds, Stopping threads took: 0.0000770 seconds
297.371: Application time: 0.0607060 seconds
297.371: [GC297.371: [ParNew: 37093K->4156K(37568K), 0.0021560 secs] 280398K->249537K(556072K), 0.0021980 secs] [Times: user=0.02 sys=0.00, real=0.00 secs] 
297.373: Total time for which application threads were stopped: 0.0023290 seconds, Stopping threads took: 0.0000630 seconds
297.432: Application time: 0.0593720 seconds
297.433: [GC297.433: [ParNew: 36908K->4117K(37568K), 0.0018040 secs] 282289K->250550K(556072K), 0.0018450 secs] [Times: user=0.02 sys=0.00, real=0.00 secs] 
297.434: Total time for which application threads were stopped: 0.0019950 seconds, Stopping threads took: 0.0000800 seconds
297.496: Application time: 0.0618770 seconds
297.496: [GC297.496: [ParNew: 36888K->3127K(37568K), 0.0012130 secs] 283322K->249560K(556072K), 0.0012470 secs] [Times: user=0.01 sys=0.00, real=0.00 secs] 
297.498: Total time for which application threads were stopped: 0.0013830 seconds, Stopping threads took: 0.0000610 seconds
297.555: Application time: 0.0576000 seconds
297.555: [GC297.555: [ParNew: 36381K->4121K(37568K), 0.0015890 secs] 282815K->250555K(556072K), 0.0016240 secs] [Times: user=0.01 sys=0.00, real=0.01 secs] 
297.557: Total time for which application threads were stopped: 0.0017790 seconds, Stopping threads took: 0.0000850 seconds
297.613: Application time: 0.0558200 seconds
297.613: [GC297.613: [ParNew: 36740K->4112K(37568K), 0.0024360 secs] 283174K->253618K(556072K), 0.0024820 secs] [Times: user=0.02 sys=0.00, real=0.00 secs] 
297.616: Total time for which application threads were stopped: 0.0026550 seconds, Stopping threads took: 0.0001040 seconds
297.677: Application time: 0.0617350 seconds
297.677: [GC297.677: [ParNew: 37362K->4159K(37568K), 0.0019980 secs] 286868K->255773K(556072K), 0.0020430 secs] [Times: user=0.02 sys=0.00, real=0.00 secs] 
297.680: Total time for which application threads were stopped: 0.0021730 seconds, Stopping threads took: 0.0000620 seconds
297.735: Application time: 0.0557630 seconds
297.735: [GC297.735: [ParNew: 36580K->4116K(37568K), 0.0018610 secs] 288194K->256779K(556072K), 0.0018990 secs] [Times: user=0.01 sys=0.00, real=0.01 secs] 
297.737: Total time for which application threads were stopped: 0.0021280 seconds, Stopping threads took: 0.0001630 seconds
297.802: Application time: 0.0645330 seconds
297.802: [GC297.802: [ParNew: 37196K->4149K(37568K), 0.0015580 secs] 289859K->256813K(556072K), 0.0015910 secs] [Times: user=0.01 sys=0.00, real=0.00 secs] 
297.804: Total time for which application threads were stopped: 0.0017390 seconds, Stopping threads took: 0.0000870 seconds
297.858: Application time: 0.0547730 seconds
297.859: [GC297.859: [ParNew: 36889K->4147K(37568K), 0.0020690 secs] 289552K->258887K(556072K), 0.0021140 secs] [Times: user=0.01 sys=0.00, real=0.00 secs] 
297.861: Total time for which application threads were stopped: 0.0022910 seconds, Stopping threads took: 0.0001090 seconds
297.921: Application time: 0.0601400 seconds
297.921: [GC297.921: [ParNew: 37117K->4144K(37568K), 0.0023400 secs] 291858K->261984K(556072K), 0.0023820 secs] [Times: user=0.02 sys=0.00, real=0.00 secs] 
297.923: Total time for which application threads were stopped: 0.0025050 seconds, Stopping threads took: 0.0000580 seconds
297.982: Application time: 0.0589490 seconds
297.982: [GC297.982: [ParNew: 36767K->4116K(37568K), 0.0021450 secs] 294607K->264033K(556072K), 0.0021850 secs] [Times: user=0.02 sys=0.00, real=0.01 secs] 
297.985: Total time for which application threads were stopped: 0.0023360 seconds, Stopping threads took: 0.0000840 seconds
298.048: Application time: 0.0628220 seconds
298.048: [GC298.048: [ParNew: 37304K->4155K(37568K), 0.0018050 secs] 297221K->265112K(556072K), 0.0018510 secs] [Times: user=0.01 sys=0.00, real=0.00 secs] 
298.050: Total time for which application threads were stopped: 0.0020160 seconds, Stopping threads took: 0.0000950 seconds
298.111: Application time: 0.0615530 seconds
298.111: [GC298.111: [ParNew: 37046K->4147K(37568K), 0.0040540 secs] 298003K->266169K(556072K), 0.0040970 secs] [Times: user=0.03 sys=0.00, real=0.00 secs] 
298.115: Total time for which application threads were stopped: 0.0042420 seconds, Stopping threads took: 0.0000650 seconds
298.172: Application time: 0.0565920 seconds
298.172: [GC298.172: [ParNew: 37555K->4130K(37568K), 0.0018450 secs] 299577K->267177K(556072K), 0.0018900 secs] [Times: user=0.02 sys=0.00, real=0.00 secs] 
298.174: Total time for which application threads were stopped: 0.0020830 seconds, Stopping threads took: 0.0001140 seconds
298.236: Application time: 0.0623360 seconds
298.236: [GC298.236: [ParNew: 37009K->4117K(37568K), 0.0017870 secs] 300055K->268187K(556072K), 0.0018270 secs] [Times: user=0.01 sys=0.00, real=0.00 secs] 
298.238: Total time for which application threads were stopped: 0.0019550 seconds, Stopping threads took: 0.0000610 seconds
298.295: Application time: 0.0564130 seconds
298.295: [GC298.295: [ParNew: 36856K->4112K(37568K), 0.0021710 secs] 300926K->270231K(556072K), 0.0022180 secs] [Times: user=0.02 sys=0.00, real=0.01 secs] 
298.297: Total time for which application threads were stopped: 0.0023940 seconds, Stopping threads took: 0.0001110 seconds
298.358: Application time: 0.0611780 seconds
298.358: [GC298.358: [ParNew: 37290K->4156K(37568K), 0.0021660 secs] 303408K->272378K(556072K), 0.0022080 secs] [Times: user=0.01 sys=0.00, real=0.00 secs] 
298.361: Total time for which application threads were stopped: 0.0023370 seconds, Stopping threads took: 0.0000610 seconds
298.420: Application time: 0.0594460 seconds
298.420: [GC298.420: [ParNew: 36983K->4148K(37568K), 0.0015420 secs] 305205K->272416K(556072K), 0.0015800 secs] [Times: user=0.01 sys=0.00, real=0.00 secs] 
298.422: Total time for which application threads were stopped: 0.0017560 seconds, Stopping threads took: 0.0001080 seconds
298.482: Application time: 0.0598030 seconds
298.482: [GC298.482: [ParNew: 36631K->4133K(37568K), 0.0015740 secs] 304899K->272413K(556072K), 0.0016090 secs] [Times: user=0.01 sys=0.00, real=0.00 secs] 
298.483: Total time for which application threads were stopped: 0.0017340 seconds, Stopping threads took: 0.0000620 seconds
298.540: Application time: 0.0561310 seconds
298.540: [GC298.540: [ParNew: 36790K->4140K(37568K), 0.0019830 secs] 305070K->274469K(556072K), 0.0020230 secs] [Times: user=0.02 sys=0.00, real=0.00 secs] 
298.542: Total time for which application threads were stopped: 0.0021500 seconds, Stopping threads took: 0.0000630 seconds
298.598: Application time: 0.0567560 seconds
298.599: [GC298.599: [ParNew: 36963K->4146K(37568K), 0.0021070 secs] 307292K->276551K(556072K), 0.0021480 secs] [Times: user=0.02 sys=0.00, real=0.00 secs] 
298.601: Total time for which application threads were stopped: 0.0022900 seconds, Stopping threads took: 0.0000750 seconds
298.661: Application time: 0.0601860 seconds
298.661: [GC298.661: [ParNew: 37075K->4110K(37568K), 0.0018930 secs] 309480K->277568K(556072K), 0.0019290 secs] [Times: user=0.01 sys=0.00, real=0.00 secs] 
298.663: Total time for which application threads were stopped: 0.0020680 seconds, Stopping threads took: 0.0000630 seconds
298.725: Application time: 0.0620210 seconds
298.725: [GC298.725: [ParNew: 37231K->4158K(37568K), 0.0017820 secs] 310689K->278656K(556072K), 0.0018180 secs] [Times: user=0.01 sys=0.00, real=0.00 secs] 
298.727: Total time for which application threads were stopped: 0.0019660 seconds, Stopping threads took: 0.0000840 seconds
298.787: Application time: 0.0600730 seconds
298.787: [GC298.787: [ParNew: 37056K->4130K(37568K), 0.0021180 secs] 311554K->280716K(556072K), 0.0021590 secs] [Times: user=0.02 sys=0.00, real=0.00 secs] 
298.789: Total time for which application threads were stopped: 0.0022910 seconds, Stopping threads took: 0.0000650 seconds
298.852: Application time: 0.0626290 seconds
298.852: [GC298.852: [ParNew: 37031K->3109K(37568K), 0.0012670 secs] 313618K->279696K(556072K), 0.0013030 secs] [Times: user=0.01 sys=0.00, real=0.00 secs] 
298.853: Total time for which application threads were stopped: 0.0014630 seconds, Stopping threads took: 0.0000960 seconds
298.910: Application time: 0.0569200 seconds
298.910: [GC298.910: [ParNew: 36515K->4121K(37568K), 0.0014860 secs] 313102K->280707K(556072K), 0.0015240 secs] [Times: user=0.01 sys=0.00, real=0.00 secs] 
298.912: Total time for which application threads were stopped: 0.0016610 seconds, Stopping threads took: 0.0000710 seconds
298.971: Application time: 0.0592500 seconds
298.971: [GC298.971: [ParNew: 36826K->4112K(37568K), 0.0025360 secs] 313413K->283770K(556072K), 0.0025810 secs] [Times: user=0.02 sys=0.00, real=0.00 secs] 
298.974: Total time for which application threads were stopped: 0.0027270 seconds, Stopping threads took: 0.0000750 seconds
299.036: Application time: 0.0622690 seconds
299.036: [GC299.036: [ParNew: 37381K->4159K(37568K), 0.0018950 secs] 317040K->284901K(556072K), 0.0019380 secs] [Times: user=0.02 sys=0.00, real=0.00 secs] 
299.038: Total time for which application threads were stopped: 0.0021210 seconds, Stopping threads took: 0.0001050 seconds
299.096: Application time: 0.0575540 seconds
299.096: [GC299.096: [ParNew: 36758K->4143K(37568K), 0.0014900 secs] 317499K->284914K(556072K), 0.0015280 secs] [Times: user=0.01 sys=0.00, real=0.01 secs] 
299.098: Total time for which application threads were stopped: 0.0016590 seconds, Stopping threads took: 0.0000670 seconds
299.155: Application time: 0.0574660 seconds
299.155: [GC299.155: [ParNew: 36579K->4119K(37568K), 0.0016550 secs] 317351K->284919K(556072K), 0.0016970 secs] [Times: user=0.02 sys=0.00, real=0.01 secs] 
299.157: Total time for which application threads were stopped: 0.0018440 seconds, Stopping threads took: 0.0000820 seconds
299.211: Application time: 0.0544510 seconds
299.211: [GC299.211: [ParNew: 36792K->4158K(37568K), 0.0021590 secs] 317592K->287006K(556072K), 0.0021990 secs] [Times: user=0.01 sys=0.00, real=0.00 secs] 
299.214: Total time for which application threads were stopped: 0.0023420 seconds, Stopping threads took: 0.0000660 seconds
299.274: Application time: 0.0603440 seconds
299.274: [GC299.274: [ParNew: 37134K->4144K(37568K), 0.0020710 secs] 319982K->289068K(556072K), 0.0021120 secs] [Times: user=0.01 sys=0.00, real=0.00 secs] 
299.276: Total time for which application threads were stopped: 0.0022430 seconds, Stopping threads took: 0.0000580 seconds
299.333: Application time: 0.0567770 seconds
299.333: [GC299.333: [ParNew: 36990K->4112K(37568K), 0.0023840 secs] 321915K->292137K(556072K), 0.0024240 secs] [Times: user=0.01 sys=0.00, real=0.00 secs] 
299.336: Total time for which application threads were stopped: 0.0025840 seconds, Stopping threads took: 0.0000920 seconds
299.401: Application time: 0.0650140 seconds
299.401: [GC299.401: [ParNew: 37308K->4158K(37568K), 0.0020070 secs] 325333K->293251K(556072K), 0.0020460 secs] [Times: user=0.01 sys=0.00, real=0.00 secs] 
299.403: Total time for which application threads were stopped: 0.0021990 seconds, Stopping threads took: 0.0000850 seconds
299.463: Application time: 0.0602730 seconds
299.463: [GC299.463: [ParNew: 36828K->4137K(37568K), 0.0016510 secs] 325922K->293243K(556072K), 0.0016930 secs] [Times: user=0.02 sys=0.00, real=0.01 secs] 
299.465: Total time for which application threads were stopped: 0.0018370 seconds, Stopping threads took: 0.0000750 seconds
299.525: Application time: 0.0595960 seconds
299.525: [GC299.525: [ParNew: 36823K->4120K(37568K), 0.0018030 secs] 325929K->294250K(556072K), 0.0018420 secs] [Times: user=0.02 sys=0.00, real=0.00 secs] 
299.527: Total time for which application threads were stopped: 0.0019680 seconds, Stopping threads took: 0.0000600 seconds
299.585: Application time: 0.0583830 seconds
299.585: [GC299.585: [ParNew: 36732K->4136K(37568K), 0.0017450 secs] 326862K->295290K(556072K), 0.0017830 secs] [Times: user=0.02 sys=0.00, real=0.00 secs] 
299.587: Total time for which application threads were stopped: 0.0019170 seconds, Stopping threads took: 0.0000710 seconds
299.644: Application time: 0.0570880 seconds
299.644: [GC299.644: [ParNew: 36790K->4113K(37568K), 0.0019340 secs] 327944K->296291K(556072K), 0.0019720 secs] [Times: user=0.01 sys=0.00, real=0.01 secs] 
299.646: Total time for which application threads were stopped: 0.0021210 seconds, Stopping threads took: 0.0000840 seconds
299.704: Application time: 0.0583050 seconds
299.704: [GC299.705: [ParNew: 37186K->4158K(37568K), 0.0019300 secs] 329365K->297417K(556072K), 0.0019710 secs] [Times: user=0.01 sys=0.00, real=0.00 secs] 
299.706: Total time for which application threads were stopped: 0.0021010 seconds, Stopping threads took: 0.0000610 seconds
299.768: Application time: 0.0613870 seconds
299.768: [GC299.768: [ParNew: 36983K->4114K(37568K), 0.0019380 secs] 330242K->298426K(556072K), 0.0019800 secs] [Times: user=0.02 sys=0.00, real=0.00 secs] 
299.770: Total time for which application threads were stopped: 0.0021170 seconds, Stopping threads took: 0.0000660 seconds
299.827: Application time: 0.0572210 seconds
299.827: [GC299.827: [ParNew: 36890K->4153K(37568K), 0.0018370 secs] 331202K->299497K(556072K), 0.0018880 secs] [Times: user=0.02 sys=0.00, real=0.00 secs] 
299.829: Total time for which application threads were stopped: 0.0020270 seconds, Stopping threads took: 0.0000680 seconds
299.891: Application time: 0.0620350 seconds
299.891: [GC299.891: [ParNew: 37147K->4158K(37568K), 0.0020180 secs] 332491K->301570K(556072K), 0.0020570 secs] [Times: user=0.01 sys=0.00, real=0.00 secs] 
299.893: Total time for which application threads were stopped: 0.0021850 seconds, Stopping threads took: 0.0000650 seconds
299.949: Application time: 0.0552930 seconds
299.949: [GC299.949: [ParNew: 36908K->4144K(37568K), 0.0021000 secs] 334320K->303633K(556072K), 0.0021370 secs] [Times: user=0.02 sys=0.00, real=0.00 secs] 
299.951: Total time for which application threads were stopped: 0.0022740 seconds, Stopping threads took: 0.0000690 seconds
300.015: Application time: 0.0637290 seconds
300.015: [GC300.015: [ParNew: 37142K->4112K(37568K), 0.0020480 secs] 336631K->305678K(556072K), 0.0020910 secs] [Times: user=0.01 sys=0.00, real=0.01 secs] 
300.017: Total time for which application threads were stopped: 0.0022340 seconds, Stopping threads took: 0.0000750 seconds
300.075: Application time: 0.0581800 seconds
300.075: [GC300.075: [ParNew: 37111K->4158K(37568K), 0.0019860 secs] 338677K->306793K(556072K), 0.0020320 secs] [Times: user=0.02 sys=0.00, real=0.01 secs] 
300.077: Total time for which application threads were stopped: 0.0021990 seconds, Stopping threads took: 0.0000980 seconds
300.140: Application time: 0.0629810 seconds
300.140: [GC300.141: [ParNew: 36927K->4134K(37568K), 0.0015790 secs] 339562K->306782K(556072K), 0.0016170 secs] [Times: user=0.01 sys=0.00, real=0.00 secs] 
300.142: Total time for which application threads were stopped: 0.0017690 seconds, Stopping threads took: 0.0000830 seconds
300.197: Application time: 0.0553400 seconds
300.198: [GC300.198: [ParNew: 37374K->4119K(37568K), 0.0019430 secs] 340022K->307791K(556072K), 0.0019840 secs] [Times: user=0.02 sys=0.00, real=0.00 secs] 
300.200: Total time for which application threads were stopped: 0.0021280 seconds, Stopping threads took: 0.0000750 seconds
300.264: Application time: 0.0639100 seconds
300.264: [GC300.264: [ParNew: 37057K->3115K(37568K), 0.0012300 secs] 340729K->306787K(556072K), 0.0012660 secs] [Times: user=0.01 sys=0.00, real=0.01 secs] 
300.265: Total time for which application threads were stopped: 0.0014120 seconds, Stopping threads took: 0.0000840 seconds
300.318: Application time: 0.0530970 seconds
300.318: [GC300.318: [ParNew: 35542K->4138K(37568K), 0.0018070 secs] 339214K->308834K(556072K), 0.0018450 secs] [Times: user=0.02 sys=0.00, real=0.00 secs] 
300.320: Total time for which application threads were stopped: 0.0019800 seconds, Stopping threads took: 0.0000610 seconds
300.378: Application time: 0.0579210 seconds
300.378: [GC300.378: [ParNew: 37216K->4154K(37568K), 0.0021500 secs] 341912K->310938K(556072K), 0.0021860 secs] [Times: user=0.01 sys=0.00, real=0.00 secs] 
300.380: Total time for which application threads were stopped: 0.0023230 seconds, Stopping threads took: 0.0000710 seconds
300.441: Application time: 0.0604730 seconds
300.441: [GC300.441: [ParNew: 36966K->4130K(37568K), 0.0022570 secs] 343750K->313007K(556072K), 0.0022980 secs] [Times: user=0.01 sys=0.00, real=0.00 secs] 
300.443: Total time for which application threads were stopped: 0.0024270 seconds, Stopping threads took: 0.0000610 seconds
300.502: Application time: 0.0589190 seconds
300.502: [GC300.502: [ParNew: 37043K->4144K(37568K), 0.0020640 secs] 345921K->315070K(556072K), 0.0021070 secs] [Times: user=0.02 sys=0.00, real=0.01 secs] 
300.504: Total time for which application threads were stopped: 0.0022820 seconds, Stopping threads took: 0.0001100 seconds
300.566: Application time: 0.0616490 seconds
300.568: [GC300.568: [ParNew: 37121K->4144K(37568K), 0.0019690 secs] 348047K->317147K(556072K), 0.0020100 secs] [Times: user=0.02 sys=0.00, real=0.00 secs] 
300.570: Total time for which application threads were stopped: 0.0037750 seconds, Stopping threads took: 0.0017020 seconds
300.628: Application time: 0.0585430 seconds
300.628: [GC300.629: [ParNew: 37034K->4145K(37568K), 0.0018000 secs] 350037K->318199K(556072K), 0.0018480 secs] [Times: user=0.01 sys=0.00, real=0.00 secs] 
300.630: Total time for which application threads were stopped: 0.0020140 seconds, Stopping threads took: 0.0001050 seconds
300.689: Application time: 0.0591440 seconds
300.690: [GC300.690: [ParNew: 36832K->4131K(37568K), 0.0020760 secs] 350887K->320262K(556072K), 0.0021200 secs] [Times: user=0.02 sys=0.00, real=0.00 secs] 
300.692: Total time for which application threads were stopped: 0.0022630 seconds, Stopping threads took: 0.0000750 seconds
300.751: Application time: 0.0593890 seconds
300.751: [GC300.751: [ParNew: 37101K->4156K(37568K), 0.0015880 secs] 353232K->320303K(556072K), 0.0016260 secs] [Times: user=0.02 sys=0.00, real=0.00 secs] 
300.753: Total time for which application threads were stopped: 0.0017810 seconds, Stopping threads took: 0.0000890 seconds
300.814: Application time: 0.0609700 seconds
300.814: [GC300.814: [ParNew: 36912K->4136K(37568K), 0.0018570 secs] 353059K->321349K(556072K), 0.0018960 secs] [Times: user=0.02 sys=0.00, real=0.00 secs] 
300.816: Total time for which application threads were stopped: 0.0020200 seconds, Stopping threads took: 0.0000570 seconds
300.873: Application time: 0.0571170 seconds
300.876: [GC300.876: [ParNew: 36664K->4152K(37568K), 0.0017990 secs] 353876K->321364K(556072K), 0.0018340 secs] [Times: user=0.02 sys=0.00, real=0.00 secs] 
300.878: Total time for which application threads were stopped: 0.0052210 seconds, Stopping threads took: 0.0033150 seconds
300.936: Application time: 0.0579420 seconds
300.936: [GC300.936: [ParNew: 36738K->4132K(37568K), 0.0018820 secs] 353951K->322369K(556072K), 0.0019220 secs] [Times: user=0.02 sys=0.00, real=0.00 secs] 
300.938: Total time for which application threads were stopped: 0.0020850 seconds, Stopping threads took: 0.0000950 seconds
300.996: Application time: 0.0578750 seconds
301.004: [GC301.004: [ParNew: 36722K->4116K(37568K), 0.0017780 secs] 354959K->323376K(556072K), 0.0018170 secs] [Times: user=0.01 sys=0.00, real=0.01 secs] 
301.006: Total time for which application threads were stopped: 0.0099220 seconds, Stopping threads took: 0.0080390 seconds
301.065: Application time: 0.0586480 seconds
301.065: [GC301.065: [ParNew: 37105K->4158K(37568K), 0.0021270 secs] 356366K->325522K(556072K), 0.0021690 secs] [Times: user=0.02 sys=0.00, real=0.00 secs] 
301.067: Total time for which application threads were stopped: 0.0023000 seconds, Stopping threads took: 0.0000630 seconds
301.126: Application time: 0.0587330 seconds
301.126: [GC301.126: [ParNew: 36951K->4115K(37568K), 0.0019940 secs] 358316K->327557K(556072K), 0.0020340 secs] [Times: user=0.02 sys=0.00, real=0.00 secs] 
301.128: Total time for which application threads were stopped: 0.0021540 seconds, Stopping threads took: 0.0000560 seconds
301.187: Application time: 0.0587890 seconds
301.187: [GC301.187: [ParNew: 37156K->4141K(37568K), 0.0023930 secs] 360598K->330655K(556072K), 0.0024380 secs] [Times: user=0.02 sys=0.00, real=0.00 secs] 
301.189: Total time for which application threads were stopped: 0.0026150 seconds, Stopping threads took: 0.0001090 seconds
301.252: Application time: 0.0626320 seconds
301.252: [GC301.252: [ParNew: 37206K->4152K(37568K), 0.0036910 secs] 363720K->332750K(556072K), 0.0037400 secs] [Times: user=0.01 sys=0.00, real=0.00 secs] 
301.256: Total time for which application threads were stopped: 0.0038960 seconds, Stopping threads took: 0.0000880 seconds
301.314: Application time: 0.0585200 seconds
301.315: [GC301.315: [ParNew: 36957K->4150K(37568K), 0.0018160 secs] 365556K->333793K(556072K), 0.0018600 secs] [Times: user=0.01 sys=0.01, real=0.01 secs] 
301.316: Total time for which application threads were stopped: 0.0019940 seconds, Stopping threads took: 0.0000660 seconds
301.376: Application time: 0.0597770 seconds
301.376: [GC301.376: [ParNew: 36879K->4118K(37568K), 0.0018350 secs] 366522K->334813K(556072K), 0.0018870 secs] [Times: user=0.01 sys=0.00, real=0.01 secs] 
301.378: Total time for which application threads were stopped: 0.0020170 seconds, Stopping threads took: 0.0000630 seconds
301.438: Application time: 0.0600850 seconds
301.438: [GC301.438: [ParNew: 37130K->4156K(37568K), 0.0019260 secs] 367825K->335892K(556072K), 0.0019630 secs] [Times: user=0.02 sys=0.00, real=0.00 secs] 
301.440: Total time for which application threads were stopped: 0.0021420 seconds, Stopping threads took: 0.0001030 seconds
301.498: Application time: 0.0575380 seconds
301.498: [GC301.498: [ParNew: 36754K->4131K(37568K), 0.0018740 secs] 368490K->336932K(556072K), 0.0019130 secs] [Times: user=0.01 sys=0.00, real=0.00 secs] 
301.500: Total time for which application threads were stopped: 0.0020450 seconds, Stopping threads took: 0.0000620 seconds
301.560: Application time: 0.0596960 seconds
301.560: [GC301.560: [ParNew: 36763K->4132K(37568K), 0.0018290 secs] 369564K->337957K(556072K), 0.0018720 secs] [Times: user=0.01 sys=0.00, real=0.00 secs] 
301.562: Total time for which application threads were stopped: 0.0020050 seconds, Stopping threads took: 0.0000630 seconds
301.620: Application time: 0.0580770 seconds
301.620: [GC301.620: [ParNew: 36659K->4153K(37568K), 0.0015530 secs] 370483K->337978K(556072K), 0.0015960 secs] [Times: user=0.01 sys=0.00, real=0.00 secs] 
301.622: Total time for which application threads were stopped: 0.0017530 seconds, Stopping threads took: 0.0000910 seconds
301.679: Application time: 0.0570680 seconds
301.679: [GC301.679: [ParNew: 36719K->4116K(37568K), 0.0020710 secs] 370543K->339989K(556072K), 0.0021120 secs] [Times: user=0.02 sys=0.00, real=0.00 secs] 
301.681: Total time for which application threads were stopped: 0.0022550 seconds, Stopping threads took: 0.0000790 seconds
301.741: Application time: 0.0598630 seconds
301.741: [GC301.741: [ParNew: 37284K->4158K(37568K), 0.0017720 secs] 373157K->341111K(556072K), 0.0018100 secs] [Times: user=0.01 sys=0.00, real=0.00 secs] 
301.743: Total time for which application threads were stopped: 0.0019420 seconds, Stopping threads took: 0.0000680 seconds
301.800: Application time: 0.0574790 seconds
301.800: [GC301.800: [ParNew: 36907K->4117K(37568K), 0.0017040 secs] 373859K->341099K(556072K), 0.0017430 secs] [Times: user=0.01 sys=0.00, real=0.00 secs] 
301.802: Total time for which application threads were stopped: 0.0019100 seconds, Stopping threads took: 0.0000970 seconds
301.862: Application time: 0.0596520 seconds
301.862: [GC301.862: [ParNew: 37122K->4144K(37568K), 0.0022530 secs] 374104K->343174K(556072K), 0.0022930 secs] [Times: user=0.02 sys=0.00, real=0.00 secs] 
301.864: Total time for which application threads were stopped: 0.0024250 seconds, Stopping threads took: 0.0000660 seconds
301.925: Application time: 0.0603930 seconds
301.925: [GC301.925: [ParNew: 37135K->4146K(37568K), 0.0021940 secs] 376165K->345253K(556072K), 0.0022350 secs] [Times: user=0.01 sys=0.00, real=0.00 secs] 
301.927: Total time for which application threads were stopped: 0.0023830 seconds, Stopping threads took: 0.0000840 seconds
301.987: Application time: 0.0603860 seconds
301.987: [GC301.988: [ParNew: 37081K->4152K(37568K), 0.0018440 secs] 378188K->346319K(556072K), 0.0018870 secs] [Times: user=0.01 sys=0.00, real=0.00 secs] 
301.989: Total time for which application threads were stopped: 0.0020790 seconds, Stopping threads took: 0.0001130 seconds
302.049: Application time: 0.0599160 seconds
302.049: [GC302.049: [ParNew: 36891K->4138K(37568K), 0.0018040 secs] 379058K->347350K(556072K), 0.0018440 secs] [Times: user=0.01 sys=0.00, real=0.00 secs] 
302.051: Total time for which application threads were stopped: 0.0019980 seconds, Stopping threads took: 0.0000880 seconds
302.113: Application time: 0.0617780 seconds
302.114: [GC302.114: [ParNew: 37153K->4159K(37568K), 0.0020090 secs] 380365K->348427K(556072K), 0.0020550 secs] [Times: user=0.02 sys=0.00, real=0.01 secs] 
302.117: Total time for which application threads were stopped: 0.0034010 seconds, Stopping threads took: 0.0012750 seconds
302.175: Application time: 0.0583630 seconds
302.175: [GC302.175: [ParNew: 36587K->4113K(37568K), 0.0018970 secs] 380855K->349430K(556072K), 0.0019490 secs] [Times: user=0.01 sys=0.00, real=0.01 secs] 
302.177: Total time for which application threads were stopped: 0.0020700 seconds, Stopping threads took: 0.0000580 seconds
302.235: Application time: 0.0575610 seconds
302.235: [GC302.235: [ParNew: 36723K->4131K(37568K), 0.0017440 secs] 382040K->350472K(556072K), 0.0017830 secs] [Times: user=0.01 sys=0.01, real=0.01 secs] 
302.236: Total time for which application threads were stopped: 0.0019010 seconds, Stopping threads took: 0.0000540 seconds
302.292: Application time: 0.0551530 seconds
302.292: [GC302.292: [ParNew: 36531K->4121K(37568K), 0.0015430 secs] 382872K->350462K(556072K), 0.0015790 secs] [Times: user=0.01 sys=0.00, real=0.00 secs] 
302.293: Total time for which application threads were stopped: 0.0017180 seconds, Stopping threads took: 0.0000740 seconds
302.351: Application time: 0.0575050 seconds
302.351: [GC302.351: [ParNew: 36901K->4112K(37568K), 0.0023960 secs] 383242K->353525K(556072K), 0.0024370 secs] [Times: user=0.02 sys=0.00, real=0.00 secs] 
302.353: Total time for which application threads were stopped: 0.0025770 seconds, Stopping threads took: 0.0000730 seconds
302.413: Application time: 0.0599970 seconds
302.413: [GC302.414: [ParNew: 37296K->4159K(37568K), 0.0017780 secs] 386709K->354654K(556072K), 0.0018210 secs] [Times: user=0.01 sys=0.00, real=0.00 secs] 
302.415: Total time for which application threads were stopped: 0.0019720 seconds, Stopping threads took: 0.0000840 seconds
302.472: Application time: 0.0570550 seconds
302.473: [GC302.473: [ParNew: 36872K->4114K(37568K), 0.0020370 secs] 387367K->356686K(556072K), 0.0020760 secs] [Times: user=0.02 sys=0.00, real=0.00 secs] 
302.475: Total time for which application threads were stopped: 0.0022020 seconds, Stopping threads took: 0.0000600 seconds
302.536: Application time: 0.0609720 seconds
302.536: [GC302.536: [ParNew: 37148K->4141K(37568K), 0.0023640 secs] 389720K->359785K(556072K), 0.0024040 secs] [Times: user=0.02 sys=0.00, real=0.01 secs] 
302.538: Total time for which application threads were stopped: 0.0025660 seconds, Stopping threads took: 0.0000870 seconds
302.598: Application time: 0.0602460 seconds
302.599: [GC302.599: [ParNew: 37216K->4158K(37568K), 0.0021530 secs] 392860K->361879K(556072K), 0.0021970 secs] [Times: user=0.01 sys=0.00, real=0.00 secs] 
302.601: Total time for which application threads were stopped: 0.0023390 seconds, Stopping threads took: 0.0000750 seconds
302.664: Application time: 0.0633420 seconds
302.664: [GC302.664: [ParNew: 37207K->4156K(37568K), 0.0019000 secs] 394928K->362945K(556072K), 0.0019380 secs] [Times: user=0.01 sys=0.00, real=0.01 secs] 
302.666: Total time for which application threads were stopped: 0.0020670 seconds, Stopping threads took: 0.0000620 seconds
302.725: Application time: 0.0591940 seconds
302.725: [GC302.725: [ParNew: 36845K->4130K(37568K), 0.0017930 secs] 395634K->363956K(556072K), 0.0018310 secs] [Times: user=0.02 sys=0.00, real=0.00 secs] 
302.727: Total time for which application threads were stopped: 0.0019790 seconds, Stopping threads took: 0.0000830 seconds
302.787: Application time: 0.0601040 seconds
302.788: [GC302.788: [ParNew: 36897K->3181K(37568K), 0.0013470 secs] 396723K->363007K(556072K), 0.0013850 secs] [Times: user=0.01 sys=0.00, real=0.00 secs] 
302.789: Total time for which application threads were stopped: 0.0015640 seconds, Stopping threads took: 0.0001130 seconds
302.847: Application time: 0.0581480 seconds
302.847: [GC302.847: [ParNew: 36589K->4114K(37568K), 0.0017790 secs] 396415K->365021K(556072K), 0.0018200 secs] [Times: user=0.01 sys=0.00, real=0.00 secs] 
302.849: Total time for which application threads were stopped: 0.0019880 seconds, Stopping threads took: 0.0001000 seconds
302.909: Application time: 0.0602660 seconds
302.909: [GC302.910: [ParNew: 36869K->4140K(37568K), 0.0014640 secs] 397776K->365047K(556072K), 0.0015030 secs] [Times: user=0.01 sys=0.00, real=0.00 secs] 
302.911: Total time for which application threads were stopped: 0.0016310 seconds, Stopping threads took: 0.0000540 seconds
302.966: Application time: 0.0545390 seconds
302.966: [GC302.966: [ParNew: 37548K->4121K(37568K), 0.0017690 secs] 398455K->366052K(556072K), 0.0018080 secs] [Times: user=0.01 sys=0.00, real=0.00 secs] 
302.968: Total time for which application threads were stopped: 0.0019390 seconds, Stopping threads took: 0.0000650 seconds
303.028: Application time: 0.0602170 seconds
303.028: [GC303.028: [ParNew: 37019K->4116K(37568K), 0.0019790 secs] 398950K->368095K(556072K), 0.0020200 secs] [Times: user=0.01 sys=0.00, real=0.00 secs] 
303.030: Total time for which application threads were stopped: 0.0021380 seconds, Stopping threads took: 0.0000560 seconds
303.089: Application time: 0.0595460 seconds
303.090: [GC303.090: [ParNew: 37373K->4159K(37568K), 0.0018850 secs] 401352K->369218K(556072K), 0.0019230 secs] [Times: user=0.01 sys=0.00, real=0.00 secs] 
303.091: Total time for which application threads were stopped: 0.0020780 seconds, Stopping threads took: 0.0000820 seconds
303.149: Application time: 0.0578490 seconds
303.149: [GC303.149: [ParNew: 36869K->4114K(37568K), 0.0021360 secs] 401929K->371251K(556072K), 0.0021770 secs] [Times: user=0.01 sys=0.00, real=0.00 secs] 
303.152: Total time for which application threads were stopped: 0.0023180 seconds, Stopping threads took: 0.0000730 seconds
303.213: Application time: 0.0614510 seconds
303.213: [GC303.213: [ParNew: 37181K->4145K(37568K), 0.0017510 secs] 404317K->372305K(556072K), 0.0017910 secs] [Times: user=0.02 sys=0.00, real=0.00 secs] 
303.215: Total time for which application threads were stopped: 0.0019190 seconds, Stopping threads took: 0.0000610 seconds
303.272: Application time: 0.0568870 seconds
303.272: [GC303.272: [ParNew: 37061K->4140K(37568K), 0.0024210 secs] 405222K->375401K(556072K), 0.0024670 secs] [Times: user=0.02 sys=0.01, real=0.00 secs] 
303.275: Total time for which application threads were stopped: 0.0026110 seconds, Stopping threads took: 0.0000720 seconds
303.275: Application time: 0.0000670 seconds
303.275: [GC [1 CMS-initial-mark: 371261K(518504K)] 376425K(556072K), 0.0001230 secs] [Times: user=0.00 sys=0.00, real=0.00 secs] 
303.275: Total time for which application threads were stopped: 0.0003240 seconds, Stopping threads took: 0.0001750 seconds
303.275: [CMS-concurrent-mark-start]
303.279: [CMS-concurrent-mark: 0.004/0.004 secs] [Times: user=0.01 sys=0.00, real=0.01 secs] 
303.279: [CMS-concurrent-preclean-start]
303.280: [CMS-concurrent-preclean: 0.001/0.001 secs] [Times: user=0.00 sys=0.00, real=0.00 secs] 
303.280: [CMS-concurrent-abortable-preclean-start]
303.339: Application time: 0.0639890 seconds
303.339: [GC303.339: [ParNew: 37245K->4140K(37568K), 0.0022490 secs] 408506K->377477K(556072K), 0.0022900 secs] [Times: user=0.02 sys=0.00, real=0.00 secs] 
303.341: Total time for which application threads were stopped: 0.0024260 seconds, Stopping threads took: 0.0000660 seconds
303.405: Application time: 0.0636700 seconds
303.405: [GC303.405: [ParNew: 37104K->4132K(37568K), 0.0020080 secs] 410441K->379546K(556072K), 0.0020520 secs] [Times: user=0.01 sys=0.00, real=0.00 secs] 
303.407: Total time for which application threads were stopped: 0.0022210 seconds, Stopping threads took: 0.0001000 seconds
303.469: Application time: 0.0613080 seconds
303.469: [GC303.469: [ParNew: 37109K->4158K(37568K), 0.0015280 secs] 412523K->379621K(556072K), 0.0015670 secs] [Times: user=0.01 sys=0.00, real=0.00 secs] 
303.470: Total time for which application threads were stopped: 0.0017360 seconds, Stopping threads took: 0.0000990 seconds
303.530: Application time: 0.0599710 seconds
303.530: [GC303.530: [ParNew: 36552K->1099K(37568K), 0.0009090 secs] 412015K->376571K(556072K), 0.0009400 secs] [Times: user=0.00 sys=0.00, real=0.00 secs] 
303.531: Total time for which application threads were stopped: 0.0010720 seconds, Stopping threads took: 0.0000770 seconds
303.588: Application time: 0.0570410 seconds
303.588: [GC303.589: [ParNew: 34321K->4124K(37568K), 0.0014800 secs] 409792K->379595K(556072K), 0.0015250 secs] [Times: user=0.01 sys=0.00, real=0.00 secs] 
303.590: Total time for which application threads were stopped: 0.0016520 seconds, Stopping threads took: 0.0000670 seconds
303.643: Application time: 0.0525010 seconds
303.643: [GC303.643: [ParNew: 36612K->4132K(37568K), 0.0021770 secs] 412084K->381651K(556072K), 0.0022160 secs] [Times: user=0.01 sys=0.00, real=0.01 secs] 
303.645: Total time for which application threads were stopped: 0.0023740 seconds, Stopping threads took: 0.0000850 seconds
303.703: Application time: 0.0578240 seconds
303.703: [GC303.703: [ParNew: 36912K->4112K(37568K), 0.0021340 secs] 414431K->383680K(556072K), 0.0021770 secs] [Times: user=0.02 sys=0.00, real=0.01 secs] 
303.705: Total time for which application threads were stopped: 0.0023100 seconds, Stopping threads took: 0.0000630 seconds
303.767: Application time: 0.0618610 seconds
303.767: [GC303.767: [ParNew: 37371K->4158K(37568K), 0.0018780 secs] 416938K->384805K(556072K), 0.0019170 secs] [Times: user=0.01 sys=0.00, real=0.00 secs] 
303.769: Total time for which application threads were stopped: 0.0020460 seconds, Stopping threads took: 0.0000670 seconds
303.825: Application time: 0.0564230 seconds
303.828: [GC303.828: [ParNew: 36874K->4114K(37568K), 0.0020600 secs] 417521K->386839K(556072K), 0.0021000 secs] [Times: user=0.02 sys=0.00, real=0.00 secs] 
303.831: Total time for which application threads were stopped: 0.0052180 seconds, Stopping threads took: 0.0030550 seconds
303.892: Application time: 0.0611030 seconds
303.892: [GC303.892: [ParNew: 37133K->4140K(37568K), 0.0023620 secs] 419858K->389937K(556072K), 0.0024070 secs] [Times: user=0.01 sys=0.00, real=0.00 secs] 
303.894: Total time for which application threads were stopped: 0.0025470 seconds, Stopping threads took: 0.0000720 seconds
303.955: Application time: 0.0611850 seconds
303.956: [GC303.956: [ParNew: 37230K->4144K(37568K), 0.0023480 secs] 423027K->393041K(556072K), 0.0023910 secs] [Times: user=0.02 sys=0.00, real=0.01 secs] 
303.958: Total time for which application threads were stopped: 0.0025470 seconds, Stopping threads took: 0.0000870 seconds
304.018: Application time: 0.0603150 seconds
304.018: [GC304.018: [ParNew: 37125K->4158K(37568K), 0.0022200 secs] 426023K->395132K(556072K), 0.0022610 secs] [Times: user=0.01 sys=0.00, real=0.00 secs] 
304.021: Total time for which application threads were stopped: 0.0024160 seconds, Stopping threads took: 0.0000870 seconds
304.082: Application time: 0.0615860 seconds
304.084: [GC304.084: [ParNew: 36918K->4125K(37568K), 0.0019940 secs] 427892K->396152K(556072K), 0.0020390 secs] [Times: user=0.01 sys=0.00, real=0.00 secs] 
304.087: Total time for which application threads were stopped: 0.0041860 seconds, Stopping threads took: 0.0020540 seconds
304.150: Application time: 0.0631290 seconds
304.150: [GC304.150: [ParNew: 37249K->4159K(37568K), 0.0015030 secs] 429276K->396230K(556072K), 0.0015400 secs] [Times: user=0.02 sys=0.00, real=0.00 secs] 
304.151: Total time for which application threads were stopped: 0.0017000 seconds, Stopping threads took: 0.0000910 seconds
304.211: Application time: 0.0592180 seconds
304.211: [GC304.211: [ParNew: 37567K->3124K(37568K), 0.0012530 secs] 429638K->395208K(556072K), 0.0012860 secs] [Times: user=0.01 sys=0.00, real=0.00 secs] 
304.212: Total time for which application threads were stopped: 0.0014340 seconds, Stopping threads took: 0.0000830 seconds
304.271: Application time: 0.0588170 seconds
304.271: [GC304.271: [ParNew: 36531K->3106K(37568K), 0.0011550 secs] 428615K->395190K(556072K), 0.0011890 secs] [Times: user=0.01 sys=0.00, real=0.00 secs] 
304.272: Total time for which application threads were stopped: 0.0013350 seconds, Stopping threads took: 0.0000840 seconds
304.330: Application time: 0.0580630 seconds
304.330: [GC304.330: [ParNew: 35702K->4113K(37568K), 0.0020630 secs] 427785K->398245K(556072K), 0.0021010 secs] [Times: user=0.02 sys=0.00, real=0.00 secs] 
304.332: Total time for which application threads were stopped: 0.0022270 seconds, Stopping threads took: 0.0000570 seconds
304.385: Application time: 0.0529910 seconds
304.386: [GC304.386: [ParNew: 36703K->4114K(37568K), 0.0024540 secs] 430835K->401318K(556072K), 0.0024980 secs] [Times: user=0.02 sys=0.00, real=0.00 secs] 
304.388: Total time for which application threads were stopped: 0.0026240 seconds, Stopping threads took: 0.0000580 seconds
304.449: Application time: 0.0606000 seconds
304.449: [GC304.449: [ParNew: 37388K->4159K(37568K), 0.0021590 secs] 434592K->403451K(556072K), 0.0022020 secs] [Times: user=0.02 sys=0.00, real=0.00 secs] 
304.451: Total time for which application threads were stopped: 0.0023400 seconds, Stopping threads took: 0.0000680 seconds
304.513: Application time: 0.0620860 seconds
304.513: [GC304.513: [ParNew: 37122K->4116K(37568K), 0.0024570 secs] 436414K->406525K(556072K), 0.0024970 secs] [Times: user=0.01 sys=0.00, real=0.00 secs] 
304.516: Total time for which application threads were stopped: 0.0026320 seconds, Stopping threads took: 0.0000650 seconds
304.576: Application time: 0.0605390 seconds
304.576: [GC304.576: [ParNew: 37073K->4159K(37568K), 0.0017320 secs] 439483K->407593K(556072K), 0.0017690 secs] [Times: user=0.01 sys=0.00, real=0.00 secs] 
304.578: Total time for which application threads were stopped: 0.0019100 seconds, Stopping threads took: 0.0000750 seconds
304.638: Application time: 0.0595920 seconds
304.638: [GC304.638: [ParNew: 37012K->4157K(37568K), 0.0018240 secs] 440446K->408643K(556072K), 0.0018660 secs] [Times: user=0.01 sys=0.00, real=0.00 secs] 
304.640: Total time for which application threads were stopped: 0.0020130 seconds, Stopping threads took: 0.0000790 seconds
304.700: Application time: 0.0601310 seconds
304.700: [GC304.700: [ParNew: 37028K->4145K(37568K), 0.0020200 secs] 441514K->410708K(556072K), 0.0020600 secs] [Times: user=0.02 sys=0.00, real=0.00 secs] 
304.702: Total time for which application threads were stopped: 0.0021990 seconds, Stopping threads took: 0.0000620 seconds
304.764: Application time: 0.0620270 seconds
304.764: [GC304.764: [ParNew: 36980K->4133K(37568K), 0.0014960 secs] 443542K->410724K(556072K), 0.0015350 secs] [Times: user=0.01 sys=0.00, real=0.01 secs] 
304.766: Total time for which application threads were stopped: 0.0016710 seconds, Stopping threads took: 0.0000720 seconds
304.822: Application time: 0.0557210 seconds
304.822: [GC304.822: [ParNew: 36811K->4157K(37568K), 0.0018930 secs] 443402K->411788K(556072K), 0.0019290 secs] [Times: user=0.01 sys=0.00, real=0.00 secs] 
304.824: Total time for which application threads were stopped: 0.0020590 seconds, Stopping threads took: 0.0000620 seconds
304.883: Application time: 0.0592980 seconds
304.883: [GC304.883: [ParNew: 36898K->4129K(37568K), 0.0022350 secs] 444530K->413850K(556072K), 0.0022750 secs] [Times: user=0.02 sys=0.00, real=0.01 secs] 
304.885: Total time for which application threads were stopped: 0.0024110 seconds, Stopping threads took: 0.0000660 seconds
304.949: Application time: 0.0634260 seconds
304.952: [GC304.952: [ParNew: 37057K->4158K(37568K), 0.0014810 secs] 446778K->413880K(556072K), 0.0015150 secs] [Times: user=0.01 sys=0.00, real=0.00 secs] 
304.954: Total time for which application threads were stopped: 0.0052150 seconds, Stopping threads took: 0.0036350 seconds
305.009: Application time: 0.0554190 seconds
305.009: [GC305.010: [ParNew: 37135K->4116K(37568K), 0.0019820 secs] 446857K->415886K(556072K), 0.0020220 secs] [Times: user=0.01 sys=0.00, real=0.00 secs] 
305.012: Total time for which application threads were stopped: 0.0021550 seconds, Stopping threads took: 0.0000670 seconds
305.070: Application time: 0.0580830 seconds
305.070: [GC305.070: [ParNew: 36979K->4115K(37568K), 0.0020100 secs] 448749K->417933K(556072K), 0.0020540 secs] [Times: user=0.01 sys=0.00, real=0.00 secs] 
305.072: Total time for which application threads were stopped: 0.0021810 seconds, Stopping threads took: 0.0000590 seconds
305.132: Application time: 0.0597880 seconds
305.132: [GC305.132: [ParNew: 37377K->4159K(37568K), 0.0021020 secs] 451195K->420066K(556072K), 0.0021490 secs] [Times: user=0.02 sys=0.00, real=0.00 secs] 
305.134: Total time for which application threads were stopped: 0.0022760 seconds, Stopping threads took: 0.0000640 seconds
305.194: Application time: 0.0599970 seconds
305.194: [GC305.194: [ParNew: 37092K->4113K(37568K), 0.0021450 secs] 452998K->422113K(556072K), 0.0021880 secs] [Times: user=0.02 sys=0.00, real=0.00 secs] 
305.196: Total time for which application threads were stopped: 0.0023240 seconds, Stopping threads took: 0.0000690 seconds
305.258: Application time: 0.0613590 seconds
305.258: [GC305.258: [ParNew: 37130K->4159K(37568K), 0.0021570 secs] 455129K->424207K(556072K), 0.0021980 secs] [Times: user=0.01 sys=0.00, real=0.00 secs] 
305.260: Total time for which application threads were stopped: 0.0023620 seconds, Stopping threads took: 0.0000900 seconds
305.321: Application time: 0.0608580 seconds
305.321: [GC305.321: [ParNew: 37089K->4157K(37568K), 0.0018460 secs] 457137K->425258K(556072K), 0.0018850 secs] [Times: user=0.01 sys=0.00, real=0.00 secs] 
305.323: Total time for which application threads were stopped: 0.0020100 seconds, Stopping threads took: 0.0000580 seconds
305.384: Application time: 0.0607170 seconds
305.384: [GC305.384: [ParNew: 37057K->4159K(37568K), 0.0015640 secs] 458157K->425290K(556072K), 0.0016050 secs] [Times: user=0.01 sys=0.00, real=0.01 secs] 
305.385: Total time for which application threads were stopped: 0.0017490 seconds, Stopping threads took: 0.0000800 seconds
305.446: Application time: 0.0605070 seconds
305.446: [GC305.446: [ParNew: 36920K->4114K(37568K), 0.0020360 secs] 458050K->427321K(556072K), 0.0020840 secs] [Times: user=0.01 sys=0.00, real=0.00 secs] 
305.448: Total time for which application threads were stopped: 0.0022220 seconds, Stopping threads took: 0.0000660 seconds
305.510: Application time: 0.0620030 seconds
305.510: [GC305.510: [ParNew: 37189K->4158K(37568K), 0.0018430 secs] 460396K->428418K(556072K), 0.0018810 secs] [Times: user=0.01 sys=0.00, real=0.00 secs] 
305.512: Total time for which application threads were stopped: 0.0020270 seconds, Stopping threads took: 0.0000820 seconds
305.570: Application time: 0.0578040 seconds
305.570: [GC305.570: [ParNew: 36610K->4130K(37568K), 0.0018200 secs] 460870K->429442K(556072K), 0.0018580 secs] [Times: user=0.01 sys=0.00, real=0.00 secs] 
305.572: Total time for which application threads were stopped: 0.0020000 seconds, Stopping threads took: 0.0000750 seconds
305.630: Application time: 0.0579510 seconds
305.630: [GC305.630: [ParNew: 37420K->4121K(37568K), 0.0015210 secs] 462733K->429434K(556072K), 0.0015580 secs] [Times: user=0.02 sys=0.00, real=0.00 secs] 
305.631: Total time for which application threads were stopped: 0.0017050 seconds, Stopping threads took: 0.0000880 seconds
305.685: Application time: 0.0530590 seconds
305.685: [GC305.685: [ParNew: 37529K->4118K(37568K), 0.0023640 secs] 462842K->432503K(556072K), 0.0024070 secs] [Times: user=0.01 sys=0.00, real=0.00 secs] 
305.687: Total time for which application threads were stopped: 0.0025250 seconds, Stopping threads took: 0.0000510 seconds
305.747: Application time: 0.0602790 seconds
305.748: [GC305.748: [ParNew: 37050K->4113K(37568K), 0.0020020 secs] 465435K->434546K(556072K), 0.0020420 secs] [Times: user=0.01 sys=0.00, real=0.00 secs] 
305.750: Total time for which application threads were stopped: 0.0022170 seconds, Stopping threads took: 0.0001080 seconds
305.809: Application time: 0.0596690 seconds
305.809: [GC305.809: [ParNew: 37375K->4159K(37568K), 0.0026380 secs] 467808K->437704K(556072K), 0.0026780 secs] [Times: user=0.02 sys=0.00, real=0.00 secs] 
305.812: Total time for which application threads were stopped: 0.0028130 seconds, Stopping threads took: 0.0000570 seconds
305.871: Application time: 0.0586150 seconds
305.871: [GC305.871: [ParNew: 37084K->4113K(37568K), 0.0025410 secs] 470629K->440779K(556072K), 0.0025810 secs] [Times: user=0.02 sys=0.00, real=0.00 secs] 
305.873: Total time for which application threads were stopped: 0.0028110 seconds, Stopping threads took: 0.0001620 seconds
305.939: Application time: 0.0655450 seconds
305.939: [GC305.939: [ParNew: 37167K->4142K(37568K), 0.0018910 secs] 473833K->441833K(556072K), 0.0019310 secs] [Times: user=0.01 sys=0.00, real=0.00 secs] 
305.941: Total time for which application threads were stopped: 0.0022420 seconds, Stopping threads took: 0.0002490 seconds
306.003: Application time: 0.0619730 seconds
306.003: [GC306.003: [ParNew: 37190K->4158K(37568K), 0.0020840 secs] 474881K->443928K(556072K), 0.0021250 secs] [Times: user=0.02 sys=0.00, real=0.01 secs] 
306.006: Total time for which application threads were stopped: 0.0022570 seconds, Stopping threads took: 0.0000650 seconds
306.064: Application time: 0.0586770 seconds
306.064: [GC306.064: [ParNew: 36992K->4147K(37568K), 0.0018900 secs] 476762K->444986K(556072K), 0.0019310 secs] [Times: user=0.02 sys=0.00, real=0.00 secs] 
306.066: Total time for which application threads were stopped: 0.0021090 seconds, Stopping threads took: 0.0001090 seconds
306.129: Application time: 0.0630310 seconds
306.129: [GC306.129: [ParNew: 37078K->4138K(37568K), 0.0016790 secs] 477916K->446013K(556072K), 0.0017180 secs] [Times: user=0.01 sys=0.00, real=0.00 secs] 
306.131: Total time for which application threads were stopped: 0.0018460 seconds, Stopping threads took: 0.0000630 seconds
306.192: Application time: 0.0608380 seconds
306.192: [GC306.192: [ParNew: 37127K->4156K(37568K), 0.0018550 secs] 479002K->447071K(556072K), 0.0018980 secs] [Times: user=0.01 sys=0.00, real=0.00 secs] 
306.194: Total time for which application threads were stopped: 0.0020260 seconds, Stopping threads took: 0.0000570 seconds
306.254: Application time: 0.0603990 seconds
306.255: [GC306.255: [ParNew: 36685K->2111K(37568K), 0.0026950 secs] 479600K->445067K(556072K), 0.0027360 secs] [Times: user=0.00 sys=0.01, real=0.01 secs] 
306.257: Total time for which application threads were stopped: 0.0029120 seconds, Stopping threads took: 0.0001130 seconds
306.316: Application time: 0.0582020 seconds
306.316: [GC306.316: [ParNew: 35433K->3100K(37568K), 0.0012470 secs] 478389K->446056K(556072K), 0.0012820 secs] [Times: user=0.01 sys=0.00, real=0.01 secs] 
306.317: Total time for which application threads were stopped: 0.0014050 seconds, Stopping threads took: 0.0000540 seconds
306.372: Application time: 0.0553320 seconds
306.372: [GC306.372: [ParNew: 35553K->4114K(37568K), 0.0018170 secs] 478509K->448094K(556072K), 0.0018540 secs] [Times: user=0.02 sys=0.00, real=0.00 secs] 
306.374: Total time for which application threads were stopped: 0.0019870 seconds, Stopping threads took: 0.0000690 seconds
306.431: Application time: 0.0563520 seconds
306.431: [GC306.431: [ParNew: 36758K->4117K(37568K), 0.0017370 secs] 480738K->449121K(556072K), 0.0017760 secs] [Times: user=0.01 sys=0.00, real=0.00 secs] 
306.433: Total time for which application threads were stopped: 0.0018980 seconds, Stopping threads took: 0.0000540 seconds
306.492: Application time: 0.0593110 seconds
306.493: [GC306.493: [ParNew: 37321K->4158K(37568K), 0.0021750 secs] 482325K->451252K(556072K), 0.0022120 secs] [Times: user=0.02 sys=0.00, real=0.00 secs] 
306.495: Total time for which application threads were stopped: 0.0030390 seconds, Stopping threads took: 0.0007610 seconds
306.554: Application time: 0.0587820 seconds
306.554: [GC306.554: [ParNew: 37104K->4114K(37568K), 0.0025270 secs] 484198K->454325K(556072K), 0.0025710 secs] [Times: user=0.02 sys=0.00, real=0.01 secs] 
306.556: Total time for which application threads were stopped: 0.0027280 seconds, Stopping threads took: 0.0000920 seconds
306.616: Application time: 0.0592600 seconds
306.616: [GC306.616: [ParNew: 37137K->4140K(37568K), 0.0025330 secs] 487349K->457423K(556072K), 0.0025760 secs] [Times: user=0.01 sys=0.00, real=0.01 secs] 
306.618: Total time for which application threads were stopped: 0.0027390 seconds, Stopping threads took: 0.0000950 seconds
306.682: Application time: 0.0636070 seconds
306.682: [GC306.682: [ParNew: 37215K->4140K(37568K), 0.0023390 secs] 490499K->460524K(556072K), 0.0023930 secs] [Times: user=0.02 sys=0.00, real=0.01 secs] 
306.685: Total time for which application threads were stopped: 0.0025340 seconds, Stopping threads took: 0.0000710 seconds
306.749: Application time: 0.0640680 seconds
306.749: [GC306.749: [ParNew: 37221K->4158K(37568K), 0.0015330 secs] 493605K->460571K(556072K), 0.0015710 secs] [Times: user=0.01 sys=0.00, real=0.00 secs] 
306.750: Total time for which application threads were stopped: 0.0017590 seconds, Stopping threads took: 0.0001220 seconds
306.811: Application time: 0.0601830 seconds
306.811: [GC306.811: [ParNew: 36934K->4130K(37568K), 0.0019110 secs] 493346K->461595K(556072K), 0.0019510 secs] [Times: user=0.02 sys=0.00, real=0.00 secs] 
306.813: Total time for which application threads were stopped: 0.0021290 seconds, Stopping threads took: 0.0001110 seconds
306.876: Application time: 0.0636370 seconds
306.877: [GC306.877: [ParNew: 37272K->4157K(37568K), 0.0014980 secs] 494737K->461654K(556072K), 0.0015340 secs] [Times: user=0.01 sys=0.00, real=0.00 secs] 
306.878: Total time for which application threads were stopped: 0.0017070 seconds, Stopping threads took: 0.0000960 seconds
306.938: Application time: 0.0601710 seconds
306.938: [GC306.938: [ParNew: 37565K->2119K(37568K), 0.0011080 secs] 495062K->459641K(556072K), 0.0011400 secs] [Times: user=0.00 sys=0.00, real=0.00 secs] 
306.940: Total time for which application threads were stopped: 0.0012780 seconds, Stopping threads took: 0.0000770 seconds
307.000: Application time: 0.0604690 seconds
307.000: [GC307.000: [ParNew: 35527K->3113K(37568K), 0.0010940 secs] 493049K->460636K(556072K), 0.0011290 secs] [Times: user=0.01 sys=0.00, real=0.00 secs] 
307.001: Total time for which application threads were stopped: 0.0012510 seconds, Stopping threads took: 0.0000640 seconds
307.052: Application time: 0.0504220 seconds
307.052: [GC307.052: [ParNew: 36358K->4110K(37568K), 0.0025420 secs] 493881K->464705K(556072K), 0.0025840 secs] [Times: user=0.02 sys=0.00, real=0.00 secs] 
307.054: Total time for which application threads were stopped: 0.0027270 seconds, Stopping threads took: 0.0000760 seconds
307.114: Application time: 0.0593290 seconds
307.114: [GC307.115: [ParNew: 36897K->4128K(37568K), 0.0021820 secs] 497491K->466771K(556072K), 0.0022260 secs] [Times: user=0.02 sys=0.00, real=0.01 secs] 
307.117: Total time for which application threads were stopped: 0.0029990 seconds, Stopping threads took: 0.0006970 seconds
307.177: Application time: 0.0601510 seconds
307.177: [GC307.177: [ParNew: 37319K->4158K(37568K), 0.0017230 secs] 499961K->467865K(556072K), 0.0017620 secs] [Times: user=0.01 sys=0.00, real=0.00 secs] 
307.179: Total time for which application threads were stopped: 0.0018870 seconds, Stopping threads took: 0.0000540 seconds
307.240: Application time: 0.0610540 seconds
307.240: [GC307.240: [ParNew: 37089K->4112K(37568K), 0.0024000 secs] 500796K->470936K(556072K), 0.0024410 secs] [Times: user=0.02 sys=0.00, real=0.00 secs] 
307.242: Total time for which application threads were stopped: 0.0025920 seconds, Stopping threads took: 0.0000850 seconds
307.300: Application time: 0.0575130 seconds
307.300: [GC307.300: [ParNew: 37104K->4142K(37568K), 0.0024330 secs] 503928K->474038K(556072K), 0.0024760 secs] [Times: user=0.02 sys=0.00, real=0.00 secs] 
307.303: Total time for which application threads were stopped: 0.0026110 seconds, Stopping threads took: 0.0000630 seconds
307.364: Application time: 0.0617030 seconds
307.364: [GC307.364: [ParNew: 37241K->4140K(37568K), 0.0024790 secs] 507138K->477137K(556072K), 0.0025240 secs] [Times: user=0.02 sys=0.00, real=0.00 secs] 
307.367: Total time for which application threads were stopped: 0.0026660 seconds, Stopping threads took: 0.0000700 seconds
307.426: Application time: 0.0594370 seconds
307.426: [GC307.427: [ParNew: 37133K->4140K(37568K), 0.0025870 secs] 510130K->480237K(556072K), 0.0026310 secs] [Times: user=0.02 sys=0.00, real=0.00 secs] 
307.429: Total time for which application threads were stopped: 0.0027820 seconds, Stopping threads took: 0.0000680 seconds
307.492: Application time: 0.0630640 seconds
307.492: [GC307.492: [ParNew: 37096K->4128K(37568K), 0.0022000 secs] 513194K->482302K(556072K), 0.0022500 secs] [Times: user=0.02 sys=0.00, real=0.00 secs] 
307.495: Total time for which application threads were stopped: 0.0024210 seconds, Stopping threads took: 0.0001040 seconds
307.557: Application time: 0.0627420 seconds
307.558: [GC307.558: [ParNew: 37202K->4159K(37568K), 0.0015250 secs] 515377K->482378K(556072K), 0.0015630 secs] [Times: user=0.01 sys=0.00, real=0.00 secs] 
307.559: Total time for which application threads were stopped: 0.0017210 seconds, Stopping threads took: 0.0000920 seconds
307.617: Application time: 0.0583150 seconds
307.618: [GC307.618: [ParNew: 37453K->3095K(37568K), 0.0013080 secs] 515672K->481327K(556072K), 0.0013430 secs] [Times: user=0.01 sys=0.00, real=0.00 secs] 
307.619: Total time for which application threads were stopped: 0.0014740 seconds, Stopping threads took: 0.0000660 seconds
307.679: Application time: 0.0598500 seconds
307.679: [GC307.679: [ParNew: 36503K->4112K(37568K), 0.0018080 secs] 514735K->483368K(556072K), 0.0018470 secs] [Times: user=0.01 sys=0.00, real=0.00 secs] 
307.681: Total time for which application threads were stopped: 0.0019830 seconds, Stopping threads took: 0.0000710 seconds
307.738: Application time: 0.0576510 seconds
307.738: [GC307.738: [ParNew: 36584K->4122K(37568K), 0.0017790 secs] 515840K->484402K(556072K), 0.0018200 secs] [Times: user=0.01 sys=0.00, real=0.00 secs] 
307.740: Total time for which application threads were stopped: 0.0019440 seconds, Stopping threads took: 0.0000600 seconds
307.792: Application time: 0.0517560 seconds
307.792: [GC307.792: [ParNew: 36778K->4112K(37568K), 0.0023940 secs] 517058K->487464K(556072K), 0.0024340 secs] [Times: user=0.02 sys=0.00, real=0.00 secs] 
307.795: Total time for which application threads were stopped: 0.0025720 seconds, Stopping threads took: 0.0000690 seconds
307.858: Application time: 0.0630970 seconds
307.858: [GC307.858: [ParNew: 37377K->4159K(37568K), 0.0022470 secs] 520729K->489596K(556072K), 0.0022850 secs] [Times: user=0.02 sys=0.00, real=0.00 secs] 
307.860: Total time for which application threads were stopped: 0.0024420 seconds, Stopping threads took: 0.0000910 seconds
307.923: Application time: 0.0625160 seconds
307.923: [GC307.923: [ParNew: 37096K->4133K(37568K), 0.0014810 secs] 522533K->489620K(556072K), 0.0015170 secs] [Times: user=0.01 sys=0.00, real=0.01 secs] 
307.924: Total time for which application threads were stopped: 0.0016670 seconds, Stopping threads took: 0.0000860 seconds
307.980: Application time: 0.0559170 seconds
307.980: [GC307.980: [ParNew: 36946K->4142K(37568K), 0.0023970 secs] 522433K->492700K(556072K), 0.0024380 secs] [Times: user=0.02 sys=0.00, real=0.00 secs] 
307.983: Total time for which application threads were stopped: 0.0025920 seconds, Stopping threads took: 0.0000790 seconds
308.046: Application time: 0.0629810 seconds
308.046: [GC308.046: [ParNew: 37250K->4140K(37568K), 0.0026690 secs] 525809K->495799K(556072K), 0.0027160 secs] [Times: user=0.01 sys=0.00, real=0.00 secs] 
308.049: Total time for which application threads were stopped: 0.0028690 seconds, Stopping threads took: 0.0000880 seconds
308.108: Application time: 0.0592870 seconds
308.108: [GC308.108: [ParNew: 37152K->4138K(37568K), 0.0023460 secs] 528811K->498898K(556072K), 0.0023930 secs] [Times: user=0.02 sys=0.01, real=0.00 secs] 
308.111: Total time for which application threads were stopped: 0.0025440 seconds, Stopping threads took: 0.0000850 seconds
308.171: Application time: 0.0602670 seconds
308.171: [GC308.171: [ParNew: 37049K->4114K(37568K), 0.0024460 secs] 531808K->501974K(556072K), 0.0024890 secs] [Times: user=0.01 sys=0.00, real=0.00 secs] 
308.173: Total time for which application threads were stopped: 0.0026340 seconds, Stopping threads took: 0.0000730 seconds
308.237: Application time: 0.0639650 seconds
308.238: [GC308.238: [ParNew: 37311K->4156K(37568K), 0.0022060 secs] 535171K->504096K(556072K), 0.0022480 secs] [Times: user=0.02 sys=0.00, real=0.00 secs] 
308.240: Total time for which application threads were stopped: 0.0023960 seconds, Stopping threads took: 0.0000720 seconds
308.301: Application time: 0.0614420 seconds
308.301: [GC308.301: [ParNew: 36877K->3139K(37568K), 0.0012720 secs] 536817K->503104K(556072K), 0.0013040 secs] [Times: user=0.01 sys=0.00, real=0.00 secs] 
308.303: Total time for which application threads were stopped: 0.0014460 seconds, Stopping threads took: 0.0000780 seconds
 CMS: abort preclean due to time 308.303: [CMS-concurrent-abortable-preclean: 0.087/5.023 secs] [Times: user=39.53 sys=0.06, real=5.02 secs] 
308.303: Application time: 0.0006250 seconds
308.304: [GC[YG occupancy: 4247 K (37568 K)]308.304: [Rescan (parallel) , 0.0001820 secs]308.304: [weak refs processing, 0.0000060 secs]308.304: [scrub string table, 0.0000990 secs] [1 CMS-remark: 499965K(518504K)] 504212K(556072K), 0.0003080 secs] [Times: user=0.00 sys=0.00, real=0.00 secs] 
308.304: Total time for which application threads were stopped: 0.0004780 seconds, Stopping threads took: 0.0001460 seconds
308.304: [CMS-concurrent-sweep-start]
308.305: [CMS-concurrent-sweep: 0.001/0.001 secs] [Times: user=0.01 sys=0.00, real=0.01 secs] 
308.305: [CMS-concurrent-reset-start]
308.307: [CMS-concurrent-reset: 0.002/0.002 secs] [Times: user=0.00 sys=0.00, real=0.00 secs] 
308.367: Application time: 0.0631830 seconds
308.367: [GC308.367: [ParNew: 36547K->1103K(37568K), 0.0007570 secs] 172037K->136593K(556072K), 0.0007900 secs] [Times: user=0.00 sys=0.00, real=0.00 secs] 
308.368: Total time for which application threads were stopped: 0.0009560 seconds, Stopping threads took: 0.0001030 seconds
308.422: Application time: 0.0535860 seconds
308.422: [GC308.422: [ParNew: 33931K->4110K(37568K), 0.0020130 secs] 169422K->141648K(556072K), 0.0020520 secs] [Times: user=0.01 sys=0.00, real=0.00 secs] 
308.424: Total time for which application threads were stopped: 0.0021880 seconds, Stopping threads took: 0.0000720 seconds
308.476: Application time: 0.0526700 seconds
308.477: [GC308.477: [ParNew: 36889K->4112K(37568K), 0.0023910 secs] 174428K->144722K(556072K), 0.0024330 secs] [Times: user=0.01 sys=0.00, real=0.00 secs] 
308.479: Total time for which application threads were stopped: 0.0025610 seconds, Stopping threads took: 0.0000580 seconds
308.539: Application time: 0.0600650 seconds
308.539: [GC308.539: [ParNew: 37356K->4156K(37568K), 0.0023850 secs] 177966K->147878K(556072K), 0.0024290 secs] [Times: user=0.01 sys=0.00, real=0.00 secs] 
308.542: Total time for which application threads were stopped: 0.0025920 seconds, Stopping threads took: 0.0000870 seconds
308.605: Application time: 0.0631800 seconds
308.605: [GC308.605: [ParNew: 37142K->4110K(37568K), 0.0022920 secs] 180864K->150950K(556072K), 0.0023370 secs] [Times: user=0.02 sys=0.00, real=0.00 secs] 
308.607: Total time for which application threads were stopped: 0.0024650 seconds, Stopping threads took: 0.0000590 seconds
308.667: Application time: 0.0597720 seconds
308.667: [GC308.667: [ParNew: 37104K->4159K(37568K), 0.0019840 secs] 183944K->153049K(556072K), 0.0020250 secs] [Times: user=0.02 sys=0.00, real=0.00 secs] 
308.669: Total time for which application threads were stopped: 0.0021790 seconds, Stopping threads took: 0.0000870 seconds
308.729: Application time: 0.0594090 seconds
308.729: [GC308.729: [ParNew: 37088K->4143K(37568K), 0.0020660 secs] 185977K->155109K(556072K), 0.0021060 secs] [Times: user=0.02 sys=0.00, real=0.00 secs] 
308.731: Total time for which application threads were stopped: 0.0023050 seconds, Stopping threads took: 0.0001330 seconds
308.791: Application time: 0.0599730 seconds
308.792: [GC308.792: [ParNew: 37089K->4142K(37568K), 0.0020140 secs] 188055K->157185K(556072K), 0.0020550 secs] [Times: user=0.01 sys=0.00, real=0.00 secs] 
308.794: Total time for which application threads were stopped: 0.0035230 seconds, Stopping threads took: 0.0014010 seconds
308.858: Application time: 0.0637910 seconds
308.858: [GC308.858: [ParNew: 37131K->4110K(37568K), 0.0020360 secs] 190174K->159229K(556072K), 0.0020870 secs] [Times: user=0.02 sys=0.00, real=0.00 secs] 
308.860: Total time for which application threads were stopped: 0.0022060 seconds, Stopping threads took: 0.0000520 seconds
308.919: Application time: 0.0588160 seconds
308.919: [GC308.919: [ParNew: 36998K->4158K(37568K), 0.0018600 secs] 192117K->160345K(556072K), 0.0018980 secs] [Times: user=0.01 sys=0.00, real=0.00 secs] 
308.921: Total time for which application threads were stopped: 0.0020600 seconds, Stopping threads took: 0.0000920 seconds
308.981: Application time: 0.0597050 seconds
308.981: [GC308.981: [ParNew: 36769K->4136K(37568K), 0.0015110 secs] 192956K->160336K(556072K), 0.0015460 secs] [Times: user=0.01 sys=0.00, real=0.00 secs] 
308.983: Total time for which application threads were stopped: 0.0016790 seconds, Stopping threads took: 0.0000670 seconds
309.042: Application time: 0.0594150 seconds
309.042: [GC309.042: [ParNew: 36637K->3139K(37568K), 0.0011960 secs] 192838K->159340K(556072K), 0.0012300 secs] [Times: user=0.00 sys=0.00, real=0.00 secs] 
309.044: Total time for which application threads were stopped: 0.0013790 seconds, Stopping threads took: 0.0000800 seconds
309.096: Application time: 0.0524000 seconds
309.096: [GC309.096: [ParNew: 36144K->4118K(37568K), 0.0020580 secs] 192345K->162366K(556072K), 0.0021010 secs] [Times: user=0.02 sys=0.00, real=0.01 secs] 
309.098: Total time for which application threads were stopped: 0.0022340 seconds, Stopping threads took: 0.0000670 seconds
309.153: Application time: 0.0549740 seconds
309.153: [GC309.153: [ParNew: 36920K->4112K(37568K), 0.0024400 secs] 195169K->165432K(556072K), 0.0024830 secs] [Times: user=0.02 sys=0.00, real=0.00 secs] 
309.156: Total time for which application threads were stopped: 0.0026170 seconds, Stopping threads took: 0.0000640 seconds
309.217: Application time: 0.0608670 seconds
309.217: [GC309.217: [ParNew: 37423K->4148K(37568K), 0.0024800 secs] 198743K->168589K(556072K), 0.0025220 secs] [Times: user=0.01 sys=0.00, real=0.00 secs] 
309.219: Total time for which application threads were stopped: 0.0026540 seconds, Stopping threads took: 0.0000620 seconds
309.282: Application time: 0.0631060 seconds
309.283: [GC309.283: [ParNew: 37127K->4114K(37568K), 0.0021470 secs] 201568K->170640K(556072K), 0.0021890 secs] [Times: user=0.01 sys=0.00, real=0.01 secs] 
309.285: Total time for which application threads were stopped: 0.0023150 seconds, Stopping threads took: 0.0000570 seconds
309.343: Application time: 0.0580740 seconds
309.343: [GC309.343: [ParNew: 37041K->4157K(37568K), 0.0021050 secs] 203568K->172731K(556072K), 0.0021470 secs] [Times: user=0.01 sys=0.00, real=0.01 secs] 
309.345: Total time for which application threads were stopped: 0.0022990 seconds, Stopping threads took: 0.0000830 seconds
309.406: Application time: 0.0607650 seconds
309.408: [GC309.408: [ParNew: 37142K->4142K(37568K), 0.0020670 secs] 205717K->174793K(556072K), 0.0021090 secs] [Times: user=0.01 sys=0.00, real=0.00 secs] 
309.411: Total time for which application threads were stopped: 0.0046850 seconds, Stopping threads took: 0.0025000 seconds
309.470: Application time: 0.0598010 seconds
309.470: [GC309.470: [ParNew: 37099K->4146K(37568K), 0.0023150 secs] 207750K->176874K(556072K), 0.0023610 secs] [Times: user=0.02 sys=0.00, real=0.00 secs] 
309.473: Total time for which application threads were stopped: 0.0024940 seconds, Stopping threads took: 0.0000630 seconds
309.535: Application time: 0.0620800 seconds
309.535: [GC309.535: [ParNew: 37016K->4133K(37568K), 0.0018980 secs] 209744K->177913K(556072K), 0.0019360 secs] [Times: user=0.02 sys=0.00, real=0.01 secs] 
309.537: Total time for which application threads were stopped: 0.0020600 seconds, Stopping threads took: 0.0000580 seconds
309.597: Application time: 0.0597740 seconds
309.597: [GC309.597: [ParNew: 37043K->4158K(37568K), 0.0017790 secs] 210823K->178996K(556072K), 0.0018190 secs] [Times: user=0.01 sys=0.00, real=0.00 secs] 
309.599: Total time for which application threads were stopped: 0.0019830 seconds, Stopping threads took: 0.0000900 seconds
309.658: Application time: 0.0589670 seconds
309.658: [GC309.658: [ParNew: 36790K->4131K(37568K), 0.0018790 secs] 211627K->180017K(556072K), 0.0019270 secs] [Times: user=0.01 sys=0.00, real=0.00 secs] 
309.660: Total time for which application threads were stopped: 0.0020860 seconds, Stopping threads took: 0.0000910 seconds
309.720: Application time: 0.0601860 seconds
309.720: [GC309.720: [ParNew: 36712K->3147K(37568K), 0.0012480 secs] 212598K->179033K(556072K), 0.0012840 secs] [Times: user=0.00 sys=0.00, real=0.00 secs] 
309.721: Total time for which application threads were stopped: 0.0014020 seconds, Stopping threads took: 0.0000540 seconds
309.774: Application time: 0.0523670 seconds
309.774: [GC309.774: [ParNew: 36149K->4116K(37568K), 0.0017350 secs] 212035K->181027K(556072K), 0.0017690 secs] [Times: user=0.01 sys=0.00, real=0.00 secs] 
309.776: Total time for which application threads were stopped: 0.0019430 seconds, Stopping threads took: 0.0001110 seconds
309.839: Application time: 0.0630280 seconds
309.839: [GC309.839: [ParNew: 37073K->4121K(37568K), 0.0017210 secs] 213983K->182055K(556072K), 0.0017560 secs] [Times: user=0.02 sys=0.00, real=0.00 secs] 
309.841: Total time for which application threads were stopped: 0.0018800 seconds, Stopping threads took: 0.0000670 seconds
309.895: Application time: 0.0547030 seconds
309.896: [GC309.896: [ParNew: 37266K->4151K(37568K), 0.0021200 secs] 215201K->184181K(556072K), 0.0021620 secs] [Times: user=0.02 sys=0.00, real=0.01 secs] 
309.898: Total time for which application threads were stopped: 0.0023370 seconds, Stopping threads took: 0.0001060 seconds
309.959: Application time: 0.0610330 seconds
309.959: [GC309.959: [ParNew: 37102K->4112K(37568K), 0.0022980 secs] 217132K->187252K(556072K), 0.0023370 secs] [Times: user=0.01 sys=0.00, real=0.00 secs] 
309.961: Total time for which application threads were stopped: 0.0024650 seconds, Stopping threads took: 0.0000620 seconds
310.020: Application time: 0.0586510 seconds
310.020: [GC310.020: [ParNew: 37067K->4142K(37568K), 0.0020940 secs] 220207K->189330K(556072K), 0.0021350 secs] [Times: user=0.02 sys=0.00, real=0.00 secs] 
310.022: Total time for which application threads were stopped: 0.0022900 seconds, Stopping threads took: 0.0000890 seconds
310.085: Application time: 0.0628930 seconds
310.085: [GC310.085: [ParNew: 37195K->4153K(37568K), 0.0020150 secs] 222383K->191426K(556072K), 0.0020560 secs] [Times: user=0.02 sys=0.00, real=0.00 secs] 
310.087: Total time for which application threads were stopped: 0.0021840 seconds, Stopping threads took: 0.0000620 seconds
310.148: Application time: 0.0604670 seconds
310.148: [GC310.148: [ParNew: 37109K->4152K(37568K), 0.0017920 secs] 224382K->192478K(556072K), 0.0018320 secs] [Times: user=0.01 sys=0.00, real=0.00 secs] 
310.150: Total time for which application threads were stopped: 0.0019870 seconds, Stopping threads took: 0.0000740 seconds
310.210: Application time: 0.0598480 seconds
310.210: [GC310.210: [ParNew: 36735K->4159K(37568K), 0.0016400 secs] 225060K->192508K(556072K), 0.0016770 secs] [Times: user=0.01 sys=0.00, real=0.00 secs] 
310.211: Total time for which application threads were stopped: 0.0018440 seconds, Stopping threads took: 0.0001020 seconds
310.269: Application time: 0.0574360 seconds
310.269: [GC310.269: [ParNew: 36681K->4151K(37568K), 0.0015960 secs] 225031K->192501K(556072K), 0.0016330 secs] [Times: user=0.01 sys=0.00, real=0.00 secs] 
310.271: Total time for which application threads were stopped: 0.0017860 seconds, Stopping threads took: 0.0000890 seconds
310.329: Application time: 0.0588780 seconds
310.330: [GC310.330: [ParNew: 36973K->4158K(37568K), 0.0022750 secs] 225323K->194584K(556072K), 0.0023200 secs] [Times: user=0.01 sys=0.00, real=0.00 secs] 
310.332: Total time for which application threads were stopped: 0.0025140 seconds, Stopping threads took: 0.0001240 seconds
310.390: Application time: 0.0576940 seconds
310.390: [GC310.390: [ParNew: 36607K->4130K(37568K), 0.0014600 secs] 227033K->194584K(556072K), 0.0014970 secs] [Times: user=0.01 sys=0.00, real=0.00 secs] 
310.391: Total time for which application threads were stopped: 0.0016500 seconds, Stopping threads took: 0.0000750 seconds
310.450: Application time: 0.0590180 seconds
310.450: [GC310.450: [ParNew: 36730K->4131K(37568K), 0.0014820 secs] 227185K->194586K(556072K), 0.0015220 secs] [Times: user=0.01 sys=0.00, real=0.00 secs] 
310.452: Total time for which application threads were stopped: 0.0016550 seconds, Stopping threads took: 0.0000670 seconds
310.507: Application time: 0.0549310 seconds
310.507: [GC310.507: [ParNew: 36832K->4114K(37568K), 0.0023700 secs] 227287K->197641K(556072K), 0.0024150 secs] [Times: user=0.02 sys=0.00, real=0.00 secs] 
310.510: Total time for which application threads were stopped: 0.0025760 seconds, Stopping threads took: 0.0000810 seconds
310.570: Application time: 0.0605030 seconds
310.570: [GC310.570: [ParNew: 37393K->4154K(37568K), 0.0024360 secs] 230919K->200793K(556072K), 0.0024820 secs] [Times: user=0.02 sys=0.00, real=0.00 secs] 
310.573: Total time for which application threads were stopped: 0.0026080 seconds, Stopping threads took: 0.0000590 seconds
310.632: Application time: 0.0596830 seconds
310.636: [GC310.636: [ParNew: 37059K->4110K(37568K), 0.0020940 secs] 233698K->202842K(556072K), 0.0021370 secs] [Times: user=0.01 sys=0.00, real=0.00 secs] 
310.639: Total time for which application threads were stopped: 0.0062370 seconds, Stopping threads took: 0.0040310 seconds
310.699: Application time: 0.0609070 seconds
310.700: [GC310.700: [ParNew: 37168K->4140K(37568K), 0.0020890 secs] 235900K->204920K(556072K), 0.0021320 secs] [Times: user=0.02 sys=0.00, real=0.00 secs] 
310.702: Total time for which application threads were stopped: 0.0022770 seconds, Stopping threads took: 0.0000670 seconds
310.765: Application time: 0.0631590 seconds
310.765: [GC310.765: [ParNew: 37261K->4140K(37568K), 0.0020520 secs] 238041K->206997K(556072K), 0.0020930 secs] [Times: user=0.02 sys=0.00, real=0.00 secs] 
310.767: Total time for which application threads were stopped: 0.0022170 seconds, Stopping threads took: 0.0000570 seconds
310.827: Application time: 0.0598120 seconds
310.827: [GC310.827: [ParNew: 36997K->4158K(37568K), 0.0015220 secs] 239854K->207060K(556072K), 0.0015610 secs] [Times: user=0.01 sys=0.00, real=0.00 secs] 
310.829: Total time for which application threads were stopped: 0.0017060 seconds, Stopping threads took: 0.0000780 seconds
310.887: Application time: 0.0586370 seconds
310.887: [GC310.887: [ParNew: 36613K->3143K(37568K), 0.0012820 secs] 239515K->206057K(556072K), 0.0013150 secs] [Times: user=0.01 sys=0.00, real=0.00 secs] 
310.889: Total time for which application threads were stopped: 0.0014320 seconds, Stopping threads took: 0.0000560 seconds
310.947: Application time: 0.0582140 seconds
310.948: [GC310.948: [ParNew: 35752K->4156K(37568K), 0.0018110 secs] 238666K->208126K(556072K), 0.0018510 secs] [Times: user=0.02 sys=0.00, real=0.00 secs] 
310.950: Total time for which application threads were stopped: 0.0033440 seconds, Stopping threads took: 0.0014280 seconds
311.008: Application time: 0.0577800 seconds
311.008: [GC311.008: [ParNew: 36882K->4114K(37568K), 0.0020340 secs] 240853K->210157K(556072K), 0.0020790 secs] [Times: user=0.02 sys=0.01, real=0.00 secs] 
311.010: Total time for which application threads were stopped: 0.0022190 seconds, Stopping threads took: 0.0000720 seconds
311.069: Application time: 0.0587610 seconds
311.069: [GC311.069: [ParNew: 36821K->4132K(37568K), 0.0015980 secs] 242864K->210175K(556072K), 0.0016370 secs] [Times: user=0.01 sys=0.00, real=0.00 secs] 
311.071: Total time for which application threads were stopped: 0.0018060 seconds, Stopping threads took: 0.0001020 seconds
311.129: Application time: 0.0583870 seconds
311.129: [GC311.129: [ParNew: 36586K->4138K(37568K), 0.0014000 secs] 242629K->210181K(556072K), 0.0014340 secs] [Times: user=0.01 sys=0.00, real=0.00 secs] 
311.131: Total time for which application threads were stopped: 0.0015650 seconds, Stopping threads took: 0.0000700 seconds
311.189: Application time: 0.0582040 seconds
311.189: [GC311.189: [ParNew: 36899K->4118K(37568K), 0.0019390 secs] 242942K->212209K(556072K), 0.0019820 secs] [Times: user=0.02 sys=0.00, real=0.00 secs] 
311.191: Total time for which application threads were stopped: 0.0021450 seconds, Stopping threads took: 0.0001000 seconds
311.246: Application time: 0.0544250 seconds
311.246: [GC311.246: [ParNew: 37285K->4150K(37568K), 0.0025310 secs] 245376K->215361K(556072K), 0.0025730 secs] [Times: user=0.02 sys=0.00, real=0.00 secs] 
311.248: Total time for which application threads were stopped: 0.0027270 seconds, Stopping threads took: 0.0000650 seconds
311.312: Application time: 0.0635990 seconds
311.312: [GC311.312: [ParNew: 37134K->4114K(37568K), 0.0024300 secs] 248345K->218435K(556072K), 0.0024820 secs] [Times: user=0.02 sys=0.00, real=0.00 secs] 
311.315: Total time for which application threads were stopped: 0.0026200 seconds, Stopping threads took: 0.0000690 seconds
311.373: Application time: 0.0588660 seconds
311.374: [GC311.374: [ParNew: 37129K->4140K(37568K), 0.0024260 secs] 251450K->221533K(556072K), 0.0024710 secs] [Times: user=0.02 sys=0.00, real=0.00 secs] 
311.376: Total time for which application threads were stopped: 0.0026120 seconds, Stopping threads took: 0.0000710 seconds
311.440: Application time: 0.0640750 seconds
311.440: [GC311.440: [ParNew: 37259K->4158K(37568K), 0.0017370 secs] 254652K->222619K(556072K), 0.0017780 secs] [Times: user=0.01 sys=0.00, real=0.00 secs] 
311.442: Total time for which application threads were stopped: 0.0019030 seconds, Stopping threads took: 0.0000580 seconds
311.502: Application time: 0.0597900 seconds
311.504: [GC311.504: [ParNew: 36967K->4158K(37568K), 0.0018050 secs] 255428K->223672K(556072K), 0.0018460 secs] [Times: user=0.01 sys=0.00, real=0.00 secs] 
311.506: Total time for which application threads were stopped: 0.0044820 seconds, Stopping threads took: 0.0025680 seconds
311.567: Application time: 0.0603050 seconds
311.567: [GC311.567: [ParNew: 36848K->3157K(37568K), 0.0012530 secs] 256362K->222684K(556072K), 0.0012900 secs] [Times: user=0.01 sys=0.00, real=0.00 secs] 
311.568: Total time for which application threads were stopped: 0.0014260 seconds, Stopping threads took: 0.0000740 seconds
311.624: Application time: 0.0564010 seconds
311.625: [GC311.625: [ParNew: 36561K->4148K(37568K), 0.0018890 secs] 256087K->224727K(556072K), 0.0019310 secs] [Times: user=0.02 sys=0.00, real=0.00 secs] 
311.627: Total time for which application threads were stopped: 0.0021040 seconds, Stopping threads took: 0.0001040 seconds
311.687: Application time: 0.0606360 seconds
311.687: [GC311.687: [ParNew: 36971K->4116K(37568K), 0.0020900 secs] 257550K->226772K(556072K), 0.0021320 secs] [Times: user=0.02 sys=0.00, real=0.00 secs] 
311.689: Total time for which application threads were stopped: 0.0023000 seconds, Stopping threads took: 0.0000990 seconds
311.746: Application time: 0.0570010 seconds
311.747: [GC311.747: [ParNew: 36733K->4135K(37568K), 0.0014770 secs] 259388K->226791K(556072K), 0.0015120 secs] [Times: user=0.01 sys=0.00, real=0.00 secs] 
311.748: Total time for which application threads were stopped: 0.0016660 seconds, Stopping threads took: 0.0000810 seconds
311.805: Application time: 0.0570540 seconds
311.805: [GC311.805: [ParNew: 36567K->4117K(37568K), 0.0018150 secs] 259222K->227796K(556072K), 0.0018490 secs] [Times: user=0.02 sys=0.00, real=0.00 secs] 
311.807: Total time for which application threads were stopped: 0.0019690 seconds, Stopping threads took: 0.0000540 seconds
311.866: Application time: 0.0592670 seconds
311.867: [GC311.867: [ParNew: 36956K->4112K(37568K), 0.0023390 secs] 260635K->230863K(556072K), 0.0023800 secs] [Times: user=0.02 sys=0.00, real=0.00 secs] 
311.869: Total time for which application threads were stopped: 0.0025330 seconds, Stopping threads took: 0.0000890 seconds
311.927: Application time: 0.0578150 seconds
311.927: [GC311.927: [ParNew: 37337K->4158K(37568K), 0.0024300 secs] 264088K->234023K(556072K), 0.0024750 secs] [Times: user=0.01 sys=0.00, real=0.00 secs] 
311.929: Total time for which application threads were stopped: 0.0026290 seconds, Stopping threads took: 0.0000740 seconds
311.991: Application time: 0.0612210 seconds
311.991: [GC311.991: [ParNew: 37122K->4113K(37568K), 0.0020550 secs] 266987K->236071K(556072K), 0.0021000 secs] [Times: user=0.02 sys=0.00, real=0.00 secs] 
311.993: Total time for which application threads were stopped: 0.0022290 seconds, Stopping threads took: 0.0000600 seconds
312.051: Application time: 0.0586270 seconds
312.052: [GC312.052: [ParNew: 37085K->4156K(37568K), 0.0021980 secs] 269044K->238162K(556072K), 0.0022390 secs] [Times: user=0.01 sys=0.00, real=0.00 secs] 
312.054: Total time for which application threads were stopped: 0.0024230 seconds, Stopping threads took: 0.0001140 seconds
312.118: Application time: 0.0645550 seconds
312.119: [GC312.119: [ParNew: 37292K->3137K(37568K), 0.0011880 secs] 271298K->237172K(556072K), 0.0012230 secs] [Times: user=0.01 sys=0.00, real=0.00 secs] 
312.120: Total time for which application threads were stopped: 0.0013460 seconds, Stopping threads took: 0.0000610 seconds
312.182: Application time: 0.0623060 seconds
312.182: [GC312.182: [ParNew: 36110K->4159K(37568K), 0.0014650 secs] 270146K->238251K(556072K), 0.0015020 secs] [Times: user=0.01 sys=0.00, real=0.00 secs] 
312.184: Total time for which application threads were stopped: 0.0016550 seconds, Stopping threads took: 0.0000890 seconds
312.241: Application time: 0.0572870 seconds
312.241: [GC312.241: [ParNew: 37567K->3129K(37568K), 0.0012850 secs] 271659K->237222K(556072K), 0.0013160 secs] [Times: user=0.01 sys=0.00, real=0.00 secs] 
312.243: Total time for which application threads were stopped: 0.0014430 seconds, Stopping threads took: 0.0000640 seconds
312.300: Application time: 0.0579280 seconds
312.301: [GC312.301: [ParNew: 35656K->4152K(37568K), 0.0017420 secs] 269749K->239297K(556072K), 0.0017780 secs] [Times: user=0.01 sys=0.00, real=0.00 secs] 
312.302: Total time for which application threads were stopped: 0.0019180 seconds, Stopping threads took: 0.0000650 seconds
312.363: Application time: 0.0608410 seconds
312.363: [GC312.363: [ParNew: 36961K->4134K(37568K), 0.0018260 secs] 272106K->240332K(556072K), 0.0018660 secs] [Times: user=0.01 sys=0.00, real=0.01 secs] 
312.365: Total time for which application threads were stopped: 0.0020120 seconds, Stopping threads took: 0.0000800 seconds
312.420: Application time: 0.0547550 seconds
312.420: [GC312.420: [ParNew: 37542K->4118K(37568K), 0.0021010 secs] 273740K->242364K(556072K), 0.0021440 secs] [Times: user=0.01 sys=0.00, real=0.00 secs] 
312.422: Total time for which application threads were stopped: 0.0022740 seconds, Stopping threads took: 0.0000610 seconds
312.483: Application time: 0.0604840 seconds
312.483: [GC312.483: [ParNew: 36973K->4112K(37568K), 0.0023760 secs] 275219K->245430K(556072K), 0.0024180 secs] [Times: user=0.02 sys=0.00, real=0.01 secs] 
312.485: Total time for which application threads were stopped: 0.0025580 seconds, Stopping threads took: 0.0000710 seconds
312.543: Application time: 0.0582010 seconds
312.544: [GC312.544: [ParNew: 37014K->4156K(37568K), 0.0020920 secs] 278332K->247522K(556072K), 0.0021390 secs] [Times: user=0.01 sys=0.00, real=0.01 secs] 
312.546: Total time for which application threads were stopped: 0.0023420 seconds, Stopping threads took: 0.0001350 seconds
312.607: Application time: 0.0608720 seconds
312.607: [GC312.607: [ParNew: 37204K->4154K(37568K), 0.0020650 secs] 280570K->249612K(556072K), 0.0021110 secs] [Times: user=0.01 sys=0.00, real=0.00 secs] 
312.609: Total time for which application threads were stopped: 0.0022550 seconds, Stopping threads took: 0.0000750 seconds
312.667: Application time: 0.0584460 seconds
312.668: [GC312.668: [ParNew: 36958K->4130K(37568K), 0.0020260 secs] 282416K->251677K(556072K), 0.0020650 secs] [Times: user=0.01 sys=0.00, real=0.00 secs] 
312.670: Total time for which application threads were stopped: 0.0022140 seconds, Stopping threads took: 0.0000850 seconds
312.731: Application time: 0.0611220 seconds
312.731: [GC312.731: [ParNew: 37125K->4142K(37568K), 0.0019770 secs] 284672K->253738K(556072K), 0.0020250 secs] [Times: user=0.02 sys=0.00, real=0.00 secs] 
312.733: Total time for which application threads were stopped: 0.0021610 seconds, Stopping threads took: 0.0000730 seconds
312.790: Application time: 0.0573140 seconds
312.790: [GC312.790: [ParNew: 37038K->4158K(37568K), 0.0020880 secs] 286634K->255830K(556072K), 0.0021280 secs] [Times: user=0.02 sys=0.00, real=0.00 secs] 
312.793: Total time for which application threads were stopped: 0.0022980 seconds, Stopping threads took: 0.0001020 seconds
312.855: Application time: 0.0623770 seconds
312.855: [GC312.855: [ParNew: 37226K->4156K(37568K), 0.0019020 secs] 288898K->256885K(556072K), 0.0019410 secs] [Times: user=0.01 sys=0.00, real=0.01 secs] 
312.857: Total time for which application threads were stopped: 0.0021130 seconds, Stopping threads took: 0.0000970 seconds
312.917: Application time: 0.0601130 seconds
312.917: [GC312.917: [ParNew: 36968K->4152K(37568K), 0.0017420 secs] 289696K->257945K(556072K), 0.0017820 secs] [Times: user=0.02 sys=0.00, real=0.00 secs] 
312.919: Total time for which application threads were stopped: 0.0019210 seconds, Stopping threads took: 0.0000710 seconds
312.977: Application time: 0.0577890 seconds
312.977: [GC312.977: [ParNew: 36729K->4143K(37568K), 0.0016050 secs] 290522K->257949K(556072K), 0.0016370 secs] [Times: user=0.01 sys=0.00, real=0.00 secs] 
312.979: Total time for which application threads were stopped: 0.0017660 seconds, Stopping threads took: 0.0000650 seconds
313.037: Application time: 0.0585780 seconds
313.037: [GC313.037: [ParNew: 36756K->4117K(37568K), 0.0017590 secs] 290562K->258975K(556072K), 0.0017980 secs] [Times: user=0.01 sys=0.00, real=0.00 secs] 
313.039: Total time for which application threads were stopped: 0.0019240 seconds, Stopping threads took: 0.0000600 seconds
313.098: Application time: 0.0585460 seconds
313.098: [GC313.098: [ParNew: 36808K->4128K(37568K), 0.0021680 secs] 291666K->261034K(556072K), 0.0022090 secs] [Times: user=0.02 sys=0.00, real=0.00 secs] 
313.100: Total time for which application threads were stopped: 0.0023520 seconds, Stopping threads took: 0.0000740 seconds
313.158: Application time: 0.0578830 seconds
313.158: [GC313.158: [ParNew: 36713K->4130K(37568K), 0.0017400 secs] 293619K->262060K(556072K), 0.0017780 secs] [Times: user=0.01 sys=0.00, real=0.00 secs] 
313.160: Total time for which application threads were stopped: 0.0019130 seconds, Stopping threads took: 0.0000690 seconds
313.219: Application time: 0.0594520 seconds
313.219: [GC313.219: [ParNew: 36999K->4158K(37568K), 0.0015890 secs] 294930K->262091K(556072K), 0.0016310 secs] [Times: user=0.01 sys=0.00, real=0.00 secs] 
313.221: Total time for which application threads were stopped: 0.0017850 seconds, Stopping threads took: 0.0000880 seconds
313.279: Application time: 0.0575130 seconds
313.279: [GC313.279: [ParNew: 37107K->4153K(37568K), 0.0024060 secs] 295040K->265203K(556072K), 0.0024520 secs] [Times: user=0.02 sys=0.00, real=0.00 secs] 
313.281: Total time for which application threads were stopped: 0.0025880 seconds, Stopping threads took: 0.0000680 seconds
313.341: Application time: 0.0602550 seconds
313.342: [GC313.342: [ParNew: 37030K->4128K(37568K), 0.0019340 secs] 298080K->266243K(556072K), 0.0019750 secs] [Times: user=0.01 sys=0.00, real=0.00 secs] 
313.344: Total time for which application threads were stopped: 0.0021260 seconds, Stopping threads took: 0.0000840 seconds
313.401: Application time: 0.0577460 seconds
313.401: [GC313.401: [ParNew: 36852K->4158K(37568K), 0.0018720 secs] 298967K->267297K(556072K), 0.0019150 secs] [Times: user=0.01 sys=0.00, real=0.00 secs] 
313.403: Total time for which application threads were stopped: 0.0020660 seconds, Stopping threads took: 0.0000730 seconds
313.463: Application time: 0.0597560 seconds
313.463: [GC313.463: [ParNew: 37066K->4144K(37568K), 0.0021100 secs] 300205K->269359K(556072K), 0.0021520 secs] [Times: user=0.02 sys=0.00, real=0.01 secs] 
313.465: Total time for which application threads were stopped: 0.0023030 seconds, Stopping threads took: 0.0000830 seconds
313.527: Application time: 0.0616590 seconds
313.527: [GC313.527: [ParNew: 37173K->4138K(37568K), 0.0024920 secs] 302388K->272454K(556072K), 0.0025430 secs] [Times: user=0.02 sys=0.00, real=0.00 secs] 
313.530: Total time for which application threads were stopped: 0.0026880 seconds, Stopping threads took: 0.0000770 seconds
313.590: Application time: 0.0603070 seconds
313.590: [GC313.590: [ParNew: 37068K->4158K(37568K), 0.0019240 secs] 305385K->273543K(556072K), 0.0019600 secs] [Times: user=0.01 sys=0.00, real=0.00 secs] 
313.592: Total time for which application threads were stopped: 0.0020910 seconds, Stopping threads took: 0.0000640 seconds
313.650: Application time: 0.0573540 seconds
313.650: [GC313.650: [ParNew: 36649K->4147K(37568K), 0.0015490 secs] 306033K->273544K(556072K), 0.0015860 secs] [Times: user=0.01 sys=0.00, real=0.00 secs] 
313.651: Total time for which application threads were stopped: 0.0017300 seconds, Stopping threads took: 0.0000840 seconds
313.710: Application time: 0.0589300 seconds
313.710: [GC313.710: [ParNew: 36849K->4112K(37568K), 0.0020890 secs] 306246K->275586K(556072K), 0.0021300 secs] [Times: user=0.02 sys=0.00, real=0.00 secs] 
313.712: Total time for which application threads were stopped: 0.0022840 seconds, Stopping threads took: 0.0000870 seconds
313.771: Application time: 0.0584680 seconds
313.771: [GC313.771: [ParNew: 36894K->4115K(37568K), 0.0021070 secs] 308368K->277637K(556072K), 0.0021490 secs] [Times: user=0.01 sys=0.00, real=0.00 secs] 
313.773: Total time for which application threads were stopped: 0.0023070 seconds, Stopping threads took: 0.0000900 seconds
313.829: Application time: 0.0559400 seconds
313.829: [GC313.829: [ParNew: 36556K->4117K(37568K), 0.0018440 secs] 310078K->278663K(556072K), 0.0018790 secs] [Times: user=0.02 sys=0.00, real=0.00 secs] 
313.831: Total time for which application threads were stopped: 0.0020250 seconds, Stopping threads took: 0.0000790 seconds
313.894: Application time: 0.0626020 seconds
313.894: [GC313.894: [ParNew: 37138K->4153K(37568K), 0.0014830 secs] 311684K->278699K(556072K), 0.0015190 secs] [Times: user=0.01 sys=0.00, real=0.00 secs] 
313.895: Total time for which application threads were stopped: 0.0016500 seconds, Stopping threads took: 0.0000700 seconds
313.949: Application time: 0.0537190 seconds
313.949: [GC313.949: [ParNew: 36966K->4154K(37568K), 0.0021670 secs] 311512K->280808K(556072K), 0.0022080 secs] [Times: user=0.02 sys=0.00, real=0.00 secs] 
313.952: Total time for which application threads were stopped: 0.0023630 seconds, Stopping threads took: 0.0000780 seconds
314.015: Application time: 0.0629400 seconds
314.015: [GC314.015: [ParNew: 37068K->4114K(37568K), 0.0020550 secs] 313722K->282841K(556072K), 0.0020920 secs] [Times: user=0.02 sys=0.00, real=0.01 secs] 
314.017: Total time for which application threads were stopped: 0.0022360 seconds, Stopping threads took: 0.0000780 seconds
314.074: Application time: 0.0571350 seconds
314.074: [GC314.074: [ParNew: 36912K->4158K(37568K), 0.0015360 secs] 315640K->282890K(556072K), 0.0015730 secs] [Times: user=0.01 sys=0.00, real=0.00 secs] 
314.076: Total time for which application threads were stopped: 0.0017080 seconds, Stopping threads took: 0.0000670 seconds
314.138: Application time: 0.0628460 seconds
314.139: [GC314.139: [ParNew: 37171K->4141K(37568K), 0.0021170 secs] 315903K->284945K(556072K), 0.0021600 secs] [Times: user=0.02 sys=0.00, real=0.00 secs] 
314.141: Total time for which application threads were stopped: 0.0023170 seconds, Stopping threads took: 0.0000870 seconds
314.200: Application time: 0.0588530 seconds
314.200: [GC314.200: [ParNew: 37074K->4158K(37568K), 0.0021250 secs] 317878K->287038K(556072K), 0.0021640 secs] [Times: user=0.01 sys=0.00, real=0.00 secs] 
314.202: Total time for which application threads were stopped: 0.0022990 seconds, Stopping threads took: 0.0000670 seconds
314.263: Application time: 0.0609740 seconds
314.263: [GC314.263: [ParNew: 37004K->4159K(37568K), 0.0015550 secs] 319885K->287084K(556072K), 0.0016000 secs] [Times: user=0.01 sys=0.00, real=0.01 secs] 
314.265: Total time for which application threads were stopped: 0.0017470 seconds, Stopping threads took: 0.0000810 seconds
314.322: Application time: 0.0572550 seconds
314.324: [GC314.324: [ParNew: 37567K->4118K(37568K), 0.0019300 secs] 320492K->288080K(556072K), 0.0019720 secs] [Times: user=0.01 sys=0.00, real=0.00 secs] 
314.326: Total time for which application threads were stopped: 0.0045140 seconds, Stopping threads took: 0.0024770 seconds
314.387: Application time: 0.0606520 seconds
314.387: [GC314.387: [ParNew: 37102K->4158K(37568K), 0.0020770 secs] 321064K->290167K(556072K), 0.0021160 secs] [Times: user=0.02 sys=0.00, real=0.00 secs] 
314.389: Total time for which application threads were stopped: 0.0022780 seconds, Stopping threads took: 0.0000960 seconds
314.447: Application time: 0.0574940 seconds
314.447: [GC314.447: [ParNew: 36817K->4119K(37568K), 0.0017850 secs] 322827K->291181K(556072K), 0.0018250 secs] [Times: user=0.01 sys=0.00, real=0.00 secs] 
314.449: Total time for which application threads were stopped: 0.0019760 seconds, Stopping threads took: 0.0000830 seconds
314.507: Application time: 0.0585900 seconds
314.508: [GC314.508: [ParNew: 36633K->4132K(37568K), 0.0020880 secs] 323695K->293242K(556072K), 0.0021290 secs] [Times: user=0.02 sys=0.00, real=0.00 secs] 
314.510: Total time for which application threads were stopped: 0.0022760 seconds, Stopping threads took: 0.0000710 seconds
314.568: Application time: 0.0584450 seconds
314.568: [GC314.568: [ParNew: 36917K->4117K(37568K), 0.0021180 secs] 326027K->295275K(556072K), 0.0021580 secs] [Times: user=0.01 sys=0.00, real=0.00 secs] 
314.570: Total time for which application threads were stopped: 0.0022920 seconds, Stopping threads took: 0.0000670 seconds
314.629: Application time: 0.0589270 seconds
314.629: [GC314.629: [ParNew: 37304K->4158K(37568K), 0.0021670 secs] 328462K->297420K(556072K), 0.0022040 secs] [Times: user=0.02 sys=0.00, real=0.00 secs] 
314.632: Total time for which application threads were stopped: 0.0023310 seconds, Stopping threads took: 0.0000600 seconds
314.693: Application time: 0.0608420 seconds
314.693: [GC314.693: [ParNew: 37057K->4126K(37568K), 0.0022210 secs] 330319K->299466K(556072K), 0.0022630 secs] [Times: user=0.02 sys=0.00, real=0.00 secs] 
314.695: Total time for which application threads were stopped: 0.0023910 seconds, Stopping threads took: 0.0000590 seconds
314.754: Application time: 0.0589250 seconds
314.754: [GC314.754: [ParNew: 36999K->4142K(37568K), 0.0020820 secs] 332339K->301530K(556072K), 0.0021260 secs] [Times: user=0.02 sys=0.00, real=0.00 secs] 
314.756: Total time for which application threads were stopped: 0.0023010 seconds, Stopping threads took: 0.0001040 seconds
314.815: Application time: 0.0592860 seconds
314.816: [GC314.816: [ParNew: 37006K->4140K(37568K), 0.0021470 secs] 334394K->303605K(556072K), 0.0021900 secs] [Times: user=0.02 sys=0.00, real=0.01 secs] 
314.818: Total time for which application threads were stopped: 0.0023430 seconds, Stopping threads took: 0.0000810 seconds
314.881: Application time: 0.0627200 seconds
314.881: [GC314.881: [ParNew: 37156K->4144K(37568K), 0.0018320 secs] 336620K->304661K(556072K), 0.0018720 secs] [Times: user=0.01 sys=0.00, real=0.00 secs] 
314.883: Total time for which application threads were stopped: 0.0020000 seconds, Stopping threads took: 0.0000590 seconds
314.939: Application time: 0.0566510 seconds
314.939: [GC314.939: [ParNew: 36533K->4149K(37568K), 0.0015130 secs] 337050K->304710K(556072K), 0.0015510 secs] [Times: user=0.01 sys=0.00, real=0.00 secs] 
314.941: Total time for which application threads were stopped: 0.0016800 seconds, Stopping threads took: 0.0000650 seconds
315.004: Application time: 0.0631360 seconds
315.004: [GC315.004: [ParNew: 37101K->3122K(37568K), 0.0012900 secs] 337663K->303696K(556072K), 0.0013230 secs] [Times: user=0.01 sys=0.00, real=0.01 secs] 
315.005: Total time for which application threads were stopped: 0.0014700 seconds, Stopping threads took: 0.0000890 seconds
315.061: Application time: 0.0557460 seconds
315.061: [GC315.061: [ParNew: 35776K->4113K(37568K), 0.0022040 secs] 336350K->306764K(556072K), 0.0022530 secs] [Times: user=0.01 sys=0.00, real=0.00 secs] 
315.064: Total time for which application threads were stopped: 0.0024140 seconds, Stopping threads took: 0.0000830 seconds
315.123: Application time: 0.0593650 seconds
315.123: [GC315.123: [ParNew: 36788K->4134K(37568K), 0.0018340 secs] 339439K->307808K(556072K), 0.0018750 secs] [Times: user=0.01 sys=0.00, real=0.01 secs] 
315.125: Total time for which application threads were stopped: 0.0020120 seconds, Stopping threads took: 0.0000700 seconds
315.185: Application time: 0.0601510 seconds
315.185: [GC315.185: [ParNew: 36860K->4119K(37568K), 0.0015030 secs] 340534K->307793K(556072K), 0.0015430 secs] [Times: user=0.01 sys=0.00, real=0.00 secs] 
315.187: Total time for which application threads were stopped: 0.0016790 seconds, Stopping threads took: 0.0000670 seconds
315.244: Application time: 0.0570740 seconds
315.244: [GC315.244: [ParNew: 36604K->4115K(37568K), 0.0017800 secs] 340279K->308813K(556072K), 0.0018200 secs] [Times: user=0.01 sys=0.00, real=0.01 secs] 
315.246: Total time for which application threads were stopped: 0.0019550 seconds, Stopping threads took: 0.0000700 seconds
315.302: Application time: 0.0562690 seconds
315.302: [GC315.302: [ParNew: 37069K->4154K(37568K), 0.0023360 secs] 341768K->311940K(556072K), 0.0023790 secs] [Times: user=0.01 sys=0.00, real=0.01 secs] 
315.305: Total time for which application threads were stopped: 0.0025130 seconds, Stopping threads took: 0.0000660 seconds
315.367: Application time: 0.0619030 seconds
315.367: [GC315.367: [ParNew: 37235K->4143K(37568K), 0.0020160 secs] 345021K->312995K(556072K), 0.0020570 secs] [Times: user=0.01 sys=0.00, real=0.00 secs] 
315.369: Total time for which application threads were stopped: 0.0021910 seconds, Stopping threads took: 0.0000700 seconds
315.427: Application time: 0.0577460 seconds
315.427: [GC315.427: [ParNew: 36988K->4111K(37568K), 0.0021440 secs] 345840K->315039K(556072K), 0.0021860 secs] [Times: user=0.02 sys=0.00, real=0.00 secs] 
315.429: Total time for which application threads were stopped: 0.0023460 seconds, Stopping threads took: 0.0000920 seconds
315.493: Application time: 0.0642770 seconds
315.493: [GC315.493: [ParNew: 37447K->4158K(37568K), 0.0020920 secs] 348375K->317190K(556072K), 0.0021340 secs] [Times: user=0.01 sys=0.00, real=0.00 secs] 
315.495: Total time for which application threads were stopped: 0.0022750 seconds, Stopping threads took: 0.0000750 seconds
315.555: Application time: 0.0598510 seconds
315.555: [GC315.555: [ParNew: 36876K->4150K(37568K), 0.0018110 secs] 349909K->318236K(556072K), 0.0018540 secs] [Times: user=0.02 sys=0.00, real=0.01 secs] 
315.557: Total time for which application threads were stopped: 0.0020160 seconds, Stopping threads took: 0.0000930 seconds
315.617: Application time: 0.0592560 seconds
315.617: [GC315.617: [ParNew: 36784K->3159K(37568K), 0.0012030 secs] 350870K->317245K(556072K), 0.0012400 secs] [Times: user=0.01 sys=0.00, real=0.00 secs] 
315.618: Total time for which application threads were stopped: 0.0013910 seconds, Stopping threads took: 0.0000770 seconds
315.676: Application time: 0.0578620 seconds
315.676: [GC315.676: [ParNew: 35810K->4146K(37568K), 0.0017530 secs] 349896K->319284K(556072K), 0.0017960 secs] [Times: user=0.01 sys=0.00, real=0.01 secs] 
315.678: Total time for which application threads were stopped: 0.0019210 seconds, Stopping threads took: 0.0000570 seconds
315.737: Application time: 0.0588660 seconds
315.737: [GC315.737: [ParNew: 36904K->4134K(37568K), 0.0021410 secs] 352042K->321349K(556072K), 0.0021830 secs] [Times: user=0.01 sys=0.00, real=0.00 secs] 
315.739: Total time for which application threads were stopped: 0.0023370 seconds, Stopping threads took: 0.0000850 seconds
315.797: Application time: 0.0585120 seconds
315.798: [GC315.798: [ParNew: 36748K->4134K(37568K), 0.0017450 secs] 353963K->322373K(556072K), 0.0017840 secs] [Times: user=0.01 sys=0.00, real=0.00 secs] 
315.799: Total time for which application threads were stopped: 0.0019330 seconds, Stopping threads took: 0.0000720 seconds
315.858: Application time: 0.0584670 seconds
315.858: [GC315.858: [ParNew: 36770K->4154K(37568K), 0.0015120 secs] 355009K->322393K(556072K), 0.0015490 secs] [Times: user=0.01 sys=0.00, real=0.00 secs] 
315.860: Total time for which application threads were stopped: 0.0016820 seconds, Stopping threads took: 0.0000690 seconds
315.916: Application time: 0.0561440 seconds
315.916: [GC315.916: [ParNew: 36695K->4113K(37568K), 0.0020090 secs] 354934K->324400K(556072K), 0.0020500 secs] [Times: user=0.02 sys=0.00, real=0.01 secs] 
315.918: Total time for which application threads were stopped: 0.0022050 seconds, Stopping threads took: 0.0000900 seconds
315.978: Application time: 0.0597490 seconds
315.978: [GC315.978: [ParNew: 37222K->4154K(37568K), 0.0023810 secs] 357509K->327529K(556072K), 0.0024230 secs] [Times: user=0.01 sys=0.00, real=0.00 secs] 
315.980: Total time for which application threads were stopped: 0.0025800 seconds, Stopping threads took: 0.0000910 seconds
316.038: Application time: 0.0581860 seconds
316.039: [GC316.039: [ParNew: 37131K->4140K(37568K), 0.0021090 secs] 360506K->329604K(556072K), 0.0021510 secs] [Times: user=0.01 sys=0.00, real=0.00 secs] 
316.041: Total time for which application threads were stopped: 0.0022800 seconds, Stopping threads took: 0.0000630 seconds
316.102: Application time: 0.0609520 seconds
316.102: [GC316.102: [ParNew: 37049K->4130K(37568K), 0.0020510 secs] 362513K->331670K(556072K), 0.0020900 secs] [Times: user=0.02 sys=0.00, real=0.00 secs] 
316.104: Total time for which application threads were stopped: 0.0022160 seconds, Stopping threads took: 0.0000590 seconds
316.164: Application time: 0.0605440 seconds
316.165: [GC316.165: [ParNew: 37270K->4158K(37568K), 0.0021130 secs] 364811K->333786K(556072K), 0.0021540 secs] [Times: user=0.02 sys=0.00, real=0.00 secs] 
316.167: Total time for which application threads were stopped: 0.0024160 seconds, Stopping threads took: 0.0001800 seconds
316.230: Application time: 0.0632950 seconds
316.230: [GC316.230: [ParNew: 37111K->4128K(37568K), 0.0018080 secs] 366739K->334826K(556072K), 0.0018480 secs] [Times: user=0.02 sys=0.00, real=0.00 secs] 
316.232: Total time for which application threads were stopped: 0.0019780 seconds, Stopping threads took: 0.0000620 seconds
316.289: Application time: 0.0564240 seconds
316.289: [GC316.289: [ParNew: 37536K->4145K(37568K), 0.0017750 secs] 368234K->335883K(556072K), 0.0018140 secs] [Times: user=0.01 sys=0.00, real=0.00 secs] 
316.290: Total time for which application threads were stopped: 0.0019470 seconds, Stopping threads took: 0.0000680 seconds
316.353: Application time: 0.0625440 seconds
316.353: [GC316.353: [ParNew: 37092K->4145K(37568K), 0.0018410 secs] 368831K->336920K(556072K), 0.0018800 secs] [Times: user=0.01 sys=0.00, real=0.00 secs] 
316.355: Total time for which application threads were stopped: 0.0019990 seconds, Stopping threads took: 0.0000590 seconds
316.413: Application time: 0.0576580 seconds
316.413: [GC316.413: [ParNew: 36888K->4132K(37568K), 0.0020620 secs] 369663K->338983K(556072K), 0.0021050 secs] [Times: user=0.02 sys=0.00, real=0.00 secs] 
316.415: Total time for which application threads were stopped: 0.0022360 seconds, Stopping threads took: 0.0000600 seconds
316.474: Application time: 0.0592820 seconds
316.474: [GC316.474: [ParNew: 36734K->4139K(37568K), 0.0014930 secs] 371585K->338990K(556072K), 0.0015290 secs] [Times: user=0.01 sys=0.00, real=0.00 secs] 
316.476: Total time for which application threads were stopped: 0.0016680 seconds, Stopping threads took: 0.0000750 seconds
316.535: Application time: 0.0587010 seconds
316.535: [GC316.535: [ParNew: 36681K->4119K(37568K), 0.0016980 secs] 371533K->339994K(556072K), 0.0017370 secs] [Times: user=0.01 sys=0.01, real=0.01 secs] 
316.536: Total time for which application threads were stopped: 0.0018750 seconds, Stopping threads took: 0.0000730 seconds
316.595: Application time: 0.0588420 seconds
316.595: [GC316.595: [ParNew: 36907K->4132K(37568K), 0.0016980 secs] 372783K->341031K(556072K), 0.0017430 secs] [Times: user=0.01 sys=0.00, real=0.01 secs] 
316.597: Total time for which application threads were stopped: 0.0018910 seconds, Stopping threads took: 0.0000850 seconds
316.652: Application time: 0.0544430 seconds
316.652: [GC316.652: [ParNew: 36972K->4154K(37568K), 0.0024130 secs] 373872K->344141K(556072K), 0.0024580 secs] [Times: user=0.02 sys=0.00, real=0.00 secs] 
316.654: Total time for which application threads were stopped: 0.0025970 seconds, Stopping threads took: 0.0000680 seconds
316.716: Application time: 0.0620840 seconds
316.716: [GC316.716: [ParNew: 37250K->4140K(37568K), 0.0025690 secs] 377238K->347240K(556072K), 0.0026120 secs] [Times: user=0.01 sys=0.00, real=0.00 secs] 
316.719: Total time for which application threads were stopped: 0.0027540 seconds, Stopping threads took: 0.0000650 seconds
316.719: Application time: 0.0000520 seconds
316.719: [GC [1 CMS-initial-mark: 343100K(518504K)] 348271K(556072K), 0.0001300 secs] [Times: user=0.00 sys=0.00, real=0.00 secs] 
316.719: Total time for which application threads were stopped: 0.0003110 seconds, Stopping threads took: 0.0001550 seconds
316.719: [CMS-concurrent-mark-start]
316.724: [CMS-concurrent-mark: 0.004/0.004 secs] [Times: user=0.02 sys=0.00, real=0.00 secs] 
316.724: [CMS-concurrent-preclean-start]
316.725: [CMS-concurrent-preclean: 0.001/0.001 secs] [Times: user=0.02 sys=0.00, real=0.01 secs] 
316.725: [CMS-concurrent-abortable-preclean-start]
316.783: Application time: 0.0634540 seconds
316.783: [GC316.783: [ParNew: 37105K->4128K(37568K), 0.0018060 secs] 380206K->348281K(556072K), 0.0018470 secs] [Times: user=0.01 sys=0.00, real=0.01 secs] 
316.785: Total time for which application threads were stopped: 0.0019920 seconds, Stopping threads took: 0.0000800 seconds
316.842: Application time: 0.0569340 seconds
316.842: [GC316.842: [ParNew: 36911K->4155K(37568K), 0.0015240 secs] 381064K->348372K(556072K), 0.0015640 secs] [Times: user=0.01 sys=0.00, real=0.00 secs] 
316.844: Total time for which application threads were stopped: 0.0017190 seconds, Stopping threads took: 0.0000870 seconds
316.905: Application time: 0.0616660 seconds
316.905: [GC316.905: [ParNew: 36945K->4134K(37568K), 0.0015560 secs] 381162K->348373K(556072K), 0.0015940 secs] [Times: user=0.01 sys=0.00, real=0.00 secs] 
316.907: Total time for which application threads were stopped: 0.0017130 seconds, Stopping threads took: 0.0000580 seconds
316.966: Application time: 0.0590040 seconds
316.966: [GC316.966: [ParNew: 36865K->4116K(37568K), 0.0021040 secs] 381103K->350402K(556072K), 0.0021440 secs] [Times: user=0.02 sys=0.00, real=0.00 secs] 
316.968: Total time for which application threads were stopped: 0.0022640 seconds, Stopping threads took: 0.0000530 seconds
317.026: Application time: 0.0582040 seconds
317.026: [GC317.027: [ParNew: 37003K->4159K(37568K), 0.0018670 secs] 383290K->351513K(556072K), 0.0019070 secs] [Times: user=0.01 sys=0.00, real=0.00 secs] 
317.028: Total time for which application threads were stopped: 0.0020340 seconds, Stopping threads took: 0.0000590 seconds
317.088: Application time: 0.0590810 seconds
317.088: [GC317.088: [ParNew: 36749K->4142K(37568K), 0.0015020 secs] 384104K->351510K(556072K), 0.0015370 secs] [Times: user=0.01 sys=0.00, real=0.00 secs] 
317.089: Total time for which application threads were stopped: 0.0016690 seconds, Stopping threads took: 0.0000690 seconds
317.148: Application time: 0.0585560 seconds
317.148: [GC317.148: [ParNew: 36864K->4129K(37568K), 0.0018210 secs] 384232K->352521K(556072K), 0.0018640 secs] [Times: user=0.02 sys=0.00, real=0.00 secs] 
317.150: Total time for which application threads were stopped: 0.0020060 seconds, Stopping threads took: 0.0000730 seconds
317.209: Application time: 0.0592830 seconds
317.209: [GC317.209: [ParNew: 36801K->4122K(37568K), 0.0018050 secs] 385193K->353538K(556072K), 0.0018410 secs] [Times: user=0.02 sys=0.00, real=0.00 secs] 
317.211: Total time for which application threads were stopped: 0.0020150 seconds, Stopping threads took: 0.0001030 seconds
317.269: Application time: 0.0582540 seconds
317.269: [GC317.269: [ParNew: 36825K->4131K(37568K), 0.0018510 secs] 386241K->354571K(556072K), 0.0018930 secs] [Times: user=0.02 sys=0.00, real=0.00 secs] 
317.271: Total time for which application threads were stopped: 0.0020340 seconds, Stopping threads took: 0.0000670 seconds
317.331: Application time: 0.0599930 seconds
317.331: [GC317.331: [ParNew: 37290K->4159K(37568K), 0.0018020 secs] 387730K->355665K(556072K), 0.0018380 secs] [Times: user=0.01 sys=0.00, real=0.00 secs] 
317.333: Total time for which application threads were stopped: 0.0019740 seconds, Stopping threads took: 0.0000710 seconds
317.392: Application time: 0.0590490 seconds
317.392: [GC317.393: [ParNew: 36893K->4128K(37568K), 0.0020790 secs] 388399K->357727K(556072K), 0.0021220 secs] [Times: user=0.01 sys=0.00, real=0.00 secs] 
317.395: Total time for which application threads were stopped: 0.0022810 seconds, Stopping threads took: 0.0000910 seconds
317.453: Application time: 0.0584820 seconds
317.453: [GC317.453: [ParNew: 36859K->4128K(37568K), 0.0019470 secs] 390458K->358751K(556072K), 0.0019860 secs] [Times: user=0.01 sys=0.00, real=0.00 secs] 
317.455: Total time for which application threads were stopped: 0.0021520 seconds, Stopping threads took: 0.0000970 seconds
317.516: Application time: 0.0608180 seconds
317.516: [GC317.516: [ParNew: 37027K->4157K(37568K), 0.0017690 secs] 391650K->359836K(556072K), 0.0018090 secs] [Times: user=0.01 sys=0.00, real=0.01 secs] 
317.518: Total time for which application threads were stopped: 0.0019490 seconds, Stopping threads took: 0.0000740 seconds
317.574: Application time: 0.0561630 seconds
317.574: [GC317.574: [ParNew: 36926K->4144K(37568K), 0.0018800 secs] 392605K->360872K(556072K), 0.0019210 secs] [Times: user=0.01 sys=0.00, real=0.00 secs] 
317.576: Total time for which application threads were stopped: 0.0020880 seconds, Stopping threads took: 0.0000910 seconds
317.638: Application time: 0.0614350 seconds
317.638: [GC317.638: [ParNew: 37029K->4115K(37568K), 0.0020700 secs] 393758K->362920K(556072K), 0.0021110 secs] [Times: user=0.02 sys=0.00, real=0.00 secs] 
317.640: Total time for which application threads were stopped: 0.0022530 seconds, Stopping threads took: 0.0000750 seconds
317.699: Application time: 0.0587180 seconds
317.699: [GC317.699: [ParNew: 36876K->4157K(37568K), 0.0016510 secs] 395681K->362994K(556072K), 0.0016890 secs] [Times: user=0.01 sys=0.00, real=0.00 secs] 
317.701: Total time for which application threads were stopped: 0.0019030 seconds, Stopping threads took: 0.0001480 seconds
317.760: Application time: 0.0591920 seconds
317.760: [GC317.760: [ParNew: 36822K->4118K(37568K), 0.0018410 secs] 395659K->364004K(556072K), 0.0018840 secs] [Times: user=0.01 sys=0.00, real=0.00 secs] 
317.762: Total time for which application threads were stopped: 0.0020570 seconds, Stopping threads took: 0.0001020 seconds
317.824: Application time: 0.0617410 seconds
317.824: [GC317.824: [ParNew: 36964K->3093K(37568K), 0.0012740 secs] 396850K->362979K(556072K), 0.0013070 secs] [Times: user=0.00 sys=0.00, real=0.00 secs] 
317.826: Total time for which application threads were stopped: 0.0021220 seconds, Stopping threads took: 0.0007480 seconds
317.884: Application time: 0.0584950 seconds
317.884: [GC317.884: [ParNew: 35843K->4130K(37568K), 0.0021870 secs] 395728K->366064K(556072K), 0.0022300 secs] [Times: user=0.02 sys=0.00, real=0.00 secs] 
317.887: Total time for which application threads were stopped: 0.0023980 seconds, Stopping threads took: 0.0001020 seconds
317.944: Application time: 0.0575840 seconds
317.944: [GC317.944: [ParNew: 36887K->4114K(37568K), 0.0021930 secs] 398821K->368096K(556072K), 0.0022360 secs] [Times: user=0.02 sys=0.00, real=0.00 secs] 
317.947: Total time for which application threads were stopped: 0.0023870 seconds, Stopping threads took: 0.0000830 seconds
318.006: Application time: 0.0592330 seconds
318.006: [GC318.006: [ParNew: 37074K->4158K(37568K), 0.0022530 secs] 401056K->370228K(556072K), 0.0022940 secs] [Times: user=0.02 sys=0.00, real=0.00 secs] 
318.008: Total time for which application threads were stopped: 0.0024260 seconds, Stopping threads took: 0.0000630 seconds
318.071: Application time: 0.0630010 seconds
318.071: [GC318.071: [ParNew: 37032K->3096K(37568K), 0.0013580 secs] 403102K->369212K(556072K), 0.0013930 secs] [Times: user=0.01 sys=0.00, real=0.00 secs] 
318.073: Total time for which application threads were stopped: 0.0015270 seconds, Stopping threads took: 0.0000710 seconds
318.130: Application time: 0.0576830 seconds
318.131: [GC318.131: [ParNew: 36504K->4135K(37568K), 0.0017080 secs] 402620K->371274K(556072K), 0.0017440 secs] [Times: user=0.01 sys=0.00, real=0.00 secs] 
318.132: Total time for which application threads were stopped: 0.0018620 seconds, Stopping threads took: 0.0000520 seconds
318.193: Application time: 0.0610580 seconds
318.194: [GC318.194: [ParNew: 37221K->4159K(37568K), 0.0016240 secs] 404360K->371343K(556072K), 0.0016620 secs] [Times: user=0.01 sys=0.00, real=0.00 secs] 
318.195: Total time for which application threads were stopped: 0.0017790 seconds, Stopping threads took: 0.0000530 seconds
318.250: Application time: 0.0548420 seconds
318.250: [GC318.250: [ParNew: 36956K->4114K(37568K), 0.0025850 secs] 404140K->374411K(556072K), 0.0026280 secs] [Times: user=0.02 sys=0.00, real=0.00 secs] 
318.253: Total time for which application threads were stopped: 0.0027920 seconds, Stopping threads took: 0.0000960 seconds
318.314: Application time: 0.0615430 seconds
318.314: [GC318.315: [ParNew: 37017K->4117K(37568K), 0.0021790 secs] 407314K->376462K(556072K), 0.0022210 secs] [Times: user=0.02 sys=0.00, real=0.01 secs] 
318.317: Total time for which application threads were stopped: 0.0023490 seconds, Stopping threads took: 0.0000580 seconds
318.378: Application time: 0.0611540 seconds
318.378: [GC318.378: [ParNew: 37211K->4157K(37568K), 0.0017620 secs] 409556K->377558K(556072K), 0.0018020 secs] [Times: user=0.02 sys=0.00, real=0.00 secs] 
318.380: Total time for which application threads were stopped: 0.0019720 seconds, Stopping threads took: 0.0000910 seconds
318.441: Application time: 0.0612830 seconds
318.441: [GC318.441: [ParNew: 36969K->3129K(37568K), 0.0013400 secs] 410371K->376555K(556072K), 0.0013740 secs] [Times: user=0.01 sys=0.00, real=0.00 secs] 
318.443: Total time for which application threads were stopped: 0.0015200 seconds, Stopping threads took: 0.0000820 seconds
318.501: Application time: 0.0579970 seconds
318.501: [GC318.501: [ParNew: 36525K->4115K(37568K), 0.0018420 secs] 409951K->378565K(556072K), 0.0018840 secs] [Times: user=0.02 sys=0.00, real=0.00 secs] 
318.503: Total time for which application threads were stopped: 0.0020080 seconds, Stopping threads took: 0.0000560 seconds
318.562: Application time: 0.0596220 seconds
318.562: [GC318.562: [ParNew: 36822K->4118K(37568K), 0.0018480 secs] 411272K->379592K(556072K), 0.0018920 secs] [Times: user=0.01 sys=0.00, real=0.01 secs] 
318.564: Total time for which application threads were stopped: 0.0020220 seconds, Stopping threads took: 0.0000660 seconds
318.622: Application time: 0.0576360 seconds
318.622: [GC318.622: [ParNew: 36994K->4116K(37568K), 0.0021570 secs] 412468K->381638K(556072K), 0.0021930 secs] [Times: user=0.01 sys=0.00, real=0.00 secs] 
318.624: Total time for which application threads were stopped: 0.0023280 seconds, Stopping threads took: 0.0000640 seconds
318.686: Application time: 0.0614510 seconds
318.686: [GC318.686: [ParNew: 37319K->4149K(37568K), 0.0018230 secs] 414841K->382743K(556072K), 0.0018620 secs] [Times: user=0.02 sys=0.00, real=0.00 secs] 
318.688: Total time for which application threads were stopped: 0.0020060 seconds, Stopping threads took: 0.0000770 seconds
318.749: Application time: 0.0615310 seconds
318.749: [GC318.749: [ParNew: 36933K->4148K(37568K), 0.0015120 secs] 415528K->382780K(556072K), 0.0015490 secs] [Times: user=0.01 sys=0.00, real=0.00 secs] 
318.751: Total time for which application threads were stopped: 0.0017030 seconds, Stopping threads took: 0.0000900 seconds
318.809: Application time: 0.0580700 seconds
318.809: [GC318.809: [ParNew: 36601K->4119K(37568K), 0.0014730 secs] 415233K->382751K(556072K), 0.0015180 secs] [Times: user=0.01 sys=0.00, real=0.00 secs] 
318.811: Total time for which application threads were stopped: 0.0016710 seconds, Stopping threads took: 0.0000920 seconds
318.867: Application time: 0.0561810 seconds
318.867: [GC318.867: [ParNew: 37045K->4153K(37568K), 0.0023730 secs] 415677K->384881K(556072K), 0.0024150 secs] [Times: user=0.01 sys=0.00, real=0.00 secs] 
318.869: Total time for which application threads were stopped: 0.0025450 seconds, Stopping threads took: 0.0000650 seconds
318.928: Application time: 0.0582820 seconds
318.928: [GC318.928: [ParNew: 36962K->4112K(37568K), 0.0023450 secs] 417690K->387949K(556072K), 0.0023860 secs] [Times: user=0.02 sys=0.00, real=0.00 secs] 
318.930: Total time for which application threads were stopped: 0.0025230 seconds, Stopping threads took: 0.0000620 seconds
318.990: Application time: 0.0596890 seconds
318.990: [GC318.990: [ParNew: 37021K->4112K(37568K), 0.0024480 secs] 420858K->391021K(556072K), 0.0024920 secs] [Times: user=0.02 sys=0.00, real=0.00 secs] 
318.993: Total time for which application threads were stopped: 0.0026530 seconds, Stopping threads took: 0.0000960 seconds
319.055: Application time: 0.0619860 seconds
319.055: [GC319.055: [ParNew: 37191K->4157K(37568K), 0.0021210 secs] 424101K->393147K(556072K), 0.0021600 secs] [Times: user=0.01 sys=0.00, real=0.01 secs] 
319.057: Total time for which application threads were stopped: 0.0022910 seconds, Stopping threads took: 0.0000640 seconds
319.117: Application time: 0.0599810 seconds
319.117: [GC319.117: [ParNew: 36829K->4132K(37568K), 0.0020590 secs] 425819K->395194K(556072K), 0.0020990 secs] [Times: user=0.01 sys=0.00, real=0.00 secs] 
319.119: Total time for which application threads were stopped: 0.0022480 seconds, Stopping threads took: 0.0000830 seconds
319.181: Application time: 0.0619200 seconds
319.181: [GC319.181: [ParNew: 36949K->4132K(37568K), 0.0017430 secs] 428012K->396218K(556072K), 0.0017810 secs] [Times: user=0.01 sys=0.00, real=0.00 secs] 
319.183: Total time for which application threads were stopped: 0.0019320 seconds, Stopping threads took: 0.0000850 seconds
319.243: Application time: 0.0598300 seconds
319.243: [GC319.243: [ParNew: 36783K->4137K(37568K), 0.0014400 secs] 428869K->396223K(556072K), 0.0014790 secs] [Times: user=0.01 sys=0.00, real=0.01 secs] 
319.244: Total time for which application threads were stopped: 0.0016090 seconds, Stopping threads took: 0.0000650 seconds
319.300: Application time: 0.0556700 seconds
319.300: [GC319.300: [ParNew: 36677K->4131K(37568K), 0.0021350 secs] 428764K->398265K(556072K), 0.0021790 secs] [Times: user=0.02 sys=0.00, real=0.00 secs] 
319.302: Total time for which application threads were stopped: 0.0023470 seconds, Stopping threads took: 0.0000980 seconds
319.363: Application time: 0.0609190 seconds
319.363: [GC319.364: [ParNew: 37273K->4158K(37568K), 0.0020690 secs] 431408K->400381K(556072K), 0.0021090 secs] [Times: user=0.02 sys=0.00, real=0.01 secs] 
319.366: Total time for which application threads were stopped: 0.0022550 seconds, Stopping threads took: 0.0000810 seconds
319.425: Application time: 0.0594860 seconds
319.425: [GC319.425: [ParNew: 36792K->3131K(37568K), 0.0012320 secs] 433015K->399400K(556072K), 0.0012700 secs] [Times: user=0.01 sys=0.00, real=0.00 secs] 
319.427: Total time for which application threads were stopped: 0.0014270 seconds, Stopping threads took: 0.0000900 seconds
319.486: Application time: 0.0598820 seconds
319.487: [GC319.487: [ParNew: 35765K->3131K(37568K), 0.0012830 secs] 432034K->399400K(556072K), 0.0013140 secs] [Times: user=0.01 sys=0.00, real=0.00 secs] 
319.488: Total time for which application threads were stopped: 0.0014510 seconds, Stopping threads took: 0.0000690 seconds
319.544: Application time: 0.0556400 seconds
319.544: [GC319.544: [ParNew: 35926K->4153K(37568K), 0.0023510 secs] 432196K->403510K(556072K), 0.0024040 secs] [Times: user=0.02 sys=0.00, real=0.01 secs] 
319.546: Total time for which application threads were stopped: 0.0025590 seconds, Stopping threads took: 0.0000890 seconds
319.604: Application time: 0.0581040 seconds
319.604: [GC319.604: [ParNew: 37120K->4142K(37568K), 0.0023460 secs] 436477K->406612K(556072K), 0.0023890 secs] [Times: user=0.02 sys=0.00, real=0.00 secs] 
319.607: Total time for which application threads were stopped: 0.0025460 seconds, Stopping threads took: 0.0000830 seconds
319.666: Application time: 0.0596700 seconds
319.667: [GC319.667: [ParNew: 37008K->4130K(37568K), 0.0021430 secs] 439478K->408677K(556072K), 0.0021890 secs] [Times: user=0.01 sys=0.00, real=0.00 secs] 
319.669: Total time for which application threads were stopped: 0.0023560 seconds, Stopping threads took: 0.0000950 seconds
319.733: Application time: 0.0641100 seconds
319.733: [GC319.733: [ParNew: 37357K->4154K(37568K), 0.0015190 secs] 441904K->408733K(556072K), 0.0015560 secs] [Times: user=0.01 sys=0.00, real=0.00 secs] 
319.735: Total time for which application threads were stopped: 0.0017070 seconds, Stopping threads took: 0.0000870 seconds
319.793: Application time: 0.0581610 seconds
319.793: [GC319.793: [ParNew: 36816K->4129K(37568K), 0.0018310 secs] 441395K->409757K(556072K), 0.0018760 secs] [Times: user=0.02 sys=0.00, real=0.00 secs] 
319.795: Total time for which application threads were stopped: 0.0020800 seconds, Stopping threads took: 0.0001330 seconds
319.855: Application time: 0.0599670 seconds
319.855: [GC319.855: [ParNew: 36708K->4154K(37568K), 0.0016710 secs] 442336K->409782K(556072K), 0.0017110 secs] [Times: user=0.02 sys=0.00, real=0.01 secs] 
319.857: Total time for which application threads were stopped: 0.0018930 seconds, Stopping threads took: 0.0001170 seconds
319.918: Application time: 0.0614330 seconds
319.918: [GC319.918: [ParNew: 36871K->4119K(37568K), 0.0015560 secs] 442499K->409747K(556072K), 0.0015930 secs] [Times: user=0.02 sys=0.00, real=0.00 secs] 
319.920: Total time for which application threads were stopped: 0.0017410 seconds, Stopping threads took: 0.0000830 seconds
319.977: Application time: 0.0572120 seconds
319.977: [GC319.977: [ParNew: 36660K->4148K(37568K), 0.0019190 secs] 442288K->410800K(556072K), 0.0019600 secs] [Times: user=0.01 sys=0.00, real=0.00 secs] 
319.979: Total time for which application threads were stopped: 0.0020990 seconds, Stopping threads took: 0.0000720 seconds
320.038: Application time: 0.0588020 seconds
320.038: [GC320.038: [ParNew: 37075K->4156K(37568K), 0.0018780 secs] 443727K->411880K(556072K), 0.0019180 secs] [Times: user=0.01 sys=0.00, real=0.00 secs] 
320.040: Total time for which application threads were stopped: 0.0020580 seconds, Stopping threads took: 0.0000640 seconds
320.096: Application time: 0.0556460 seconds
320.096: [GC320.096: [ParNew: 36547K->4116K(37568K), 0.0018360 secs] 444271K->412902K(556072K), 0.0018720 secs] [Times: user=0.01 sys=0.00, real=0.01 secs] 
320.098: Total time for which application threads were stopped: 0.0020040 seconds, Stopping threads took: 0.0000670 seconds
320.156: Application time: 0.0583570 seconds
320.156: [GC320.156: [ParNew: 36882K->4114K(37568K), 0.0023520 secs] 445668K->415971K(556072K), 0.0023990 secs] [Times: user=0.02 sys=0.00, real=0.01 secs] 
320.159: Total time for which application threads were stopped: 0.0025290 seconds, Stopping threads took: 0.0000600 seconds
320.217: Application time: 0.0585080 seconds
320.217: [GC320.217: [ParNew: 37268K->4154K(37568K), 0.0023930 secs] 449126K->419099K(556072K), 0.0024360 secs] [Times: user=0.02 sys=0.00, real=0.00 secs] 
320.220: Total time for which application threads were stopped: 0.0025730 seconds, Stopping threads took: 0.0000670 seconds
320.278: Application time: 0.0583920 seconds
320.278: [GC320.278: [ParNew: 37169K->4142K(37568K), 0.0024590 secs] 452115K->422200K(556072K), 0.0025040 secs] [Times: user=0.02 sys=0.00, real=0.00 secs] 
320.281: Total time for which application threads were stopped: 0.0026710 seconds, Stopping threads took: 0.0000980 seconds
320.345: Application time: 0.0639090 seconds
320.345: [GC320.345: [ParNew: 37098K->4136K(37568K), 0.0018280 secs] 455156K->423247K(556072K), 0.0018780 secs] [Times: user=0.01 sys=0.00, real=0.00 secs] 
320.347: Total time for which application threads were stopped: 0.0020250 seconds, Stopping threads took: 0.0000810 seconds
320.406: Application time: 0.0592120 seconds
320.406: [GC320.406: [ParNew: 37178K->4154K(37568K), 0.0023270 secs] 456289K->425345K(556072K), 0.0023680 secs] [Times: user=0.01 sys=0.00, real=0.00 secs] 
320.408: Total time for which application threads were stopped: 0.0025930 seconds, Stopping threads took: 0.0001550 seconds
320.473: Application time: 0.0641000 seconds
320.473: [GC320.473: [ParNew: 37201K->4128K(37568K), 0.0020210 secs] 458392K->427392K(556072K), 0.0020660 secs] [Times: user=0.02 sys=0.00, real=0.00 secs] 
320.475: Total time for which application threads were stopped: 0.0021970 seconds, Stopping threads took: 0.0000580 seconds
320.533: Application time: 0.0584800 seconds
320.533: [GC320.533: [ParNew: 36676K->4134K(37568K), 0.0015250 secs] 459940K->427399K(556072K), 0.0015650 secs] [Times: user=0.01 sys=0.00, real=0.00 secs] 
320.535: Total time for which application threads were stopped: 0.0017500 seconds, Stopping threads took: 0.0001170 seconds
320.596: Application time: 0.0610280 seconds
320.596: [GC320.596: [ParNew: 36679K->3132K(37568K), 0.0013100 secs] 459943K->426396K(556072K), 0.0013480 secs] [Times: user=0.01 sys=0.00, real=0.01 secs] 
320.598: Total time for which application threads were stopped: 0.0014810 seconds, Stopping threads took: 0.0000580 seconds
320.655: Application time: 0.0577040 seconds
320.655: [GC320.655: [ParNew: 35547K->4122K(37568K), 0.0015380 secs] 458811K->427386K(556072K), 0.0015730 secs] [Times: user=0.01 sys=0.01, real=0.01 secs] 
320.657: Total time for which application threads were stopped: 0.0017380 seconds, Stopping threads took: 0.0001020 seconds
320.712: Application time: 0.0547940 seconds
320.712: [GC320.712: [ParNew: 36697K->4159K(37568K), 0.0017940 secs] 459961K->428463K(556072K), 0.0018380 secs] [Times: user=0.02 sys=0.00, real=0.00 secs] 
320.714: Total time for which application threads were stopped: 0.0019630 seconds, Stopping threads took: 0.0000580 seconds
320.772: Application time: 0.0582170 seconds
320.772: [GC320.772: [ParNew: 36968K->4158K(37568K), 0.0019330 secs] 461273K->429529K(556072K), 0.0019700 secs] [Times: user=0.01 sys=0.00, real=0.00 secs] 
320.774: Total time for which application threads were stopped: 0.0021180 seconds, Stopping threads took: 0.0000810 seconds
320.832: Application time: 0.0575670 seconds
320.832: [GC320.832: [ParNew: 36897K->4112K(37568K), 0.0024760 secs] 462268K->432584K(556072K), 0.0025190 secs] [Times: user=0.02 sys=0.00, real=0.00 secs] 
320.834: Total time for which application threads were stopped: 0.0027200 seconds, Stopping threads took: 0.0001140 seconds
320.894: Application time: 0.0599590 seconds
320.894: [GC320.894: [ParNew: 37306K->4152K(37568K), 0.0024250 secs] 465777K->435712K(556072K), 0.0024710 secs] [Times: user=0.02 sys=0.00, real=0.01 secs] 
320.897: Total time for which application threads were stopped: 0.0026060 seconds, Stopping threads took: 0.0000660 seconds
320.959: Application time: 0.0621140 seconds
320.959: [GC320.959: [ParNew: 37213K->4141K(37568K), 0.0018230 secs] 468773K->436766K(556072K), 0.0018610 secs] [Times: user=0.01 sys=0.00, real=0.00 secs] 
320.961: Total time for which application threads were stopped: 0.0019960 seconds, Stopping threads took: 0.0000720 seconds
321.021: Application time: 0.0600820 seconds
321.024: [GC321.024: [ParNew: 37025K->4130K(37568K), 0.0020550 secs] 469650K->438831K(556072K), 0.0020990 secs] [Times: user=0.02 sys=0.00, real=0.01 secs] 
321.026: Total time for which application threads were stopped: 0.0048530 seconds, Stopping threads took: 0.0026650 seconds
321.087: Application time: 0.0607960 seconds
321.087: [GC321.087: [ParNew: 37139K->4157K(37568K), 0.0020930 secs] 471840K->440923K(556072K), 0.0021380 secs] [Times: user=0.02 sys=0.00, real=0.00 secs] 
321.089: Total time for which application threads were stopped: 0.0022830 seconds, Stopping threads took: 0.0000650 seconds
321.150: Application time: 0.0613010 seconds
321.151: [GC321.151: [ParNew: 36998K->4151K(37568K), 0.0015190 secs] 473763K->440958K(556072K), 0.0015570 secs] [Times: user=0.01 sys=0.00, real=0.00 secs] 
321.152: Total time for which application threads were stopped: 0.0017030 seconds, Stopping threads took: 0.0000690 seconds
321.214: Application time: 0.0623730 seconds
321.215: [GC321.215: [ParNew: 36912K->2102K(37568K), 0.0010880 secs] 473718K->438908K(556072K), 0.0011200 secs] [Times: user=0.01 sys=0.00, real=0.00 secs] 
321.216: Total time for which application threads were stopped: 0.0012330 seconds, Stopping threads took: 0.0000520 seconds
321.269: Application time: 0.0530430 seconds
321.269: [GC321.269: [ParNew: 35118K->4114K(37568K), 0.0021860 secs] 471925K->442968K(556072K), 0.0022270 secs] [Times: user=0.02 sys=0.00, real=0.00 secs] 
321.271: Total time for which application threads were stopped: 0.0023610 seconds, Stopping threads took: 0.0000660 seconds
321.334: Application time: 0.0631080 seconds
321.334: [GC321.334: [ParNew: 37051K->4115K(37568K), 0.0022030 secs] 475906K->445017K(556072K), 0.0022430 secs] [Times: user=0.02 sys=0.00, real=0.01 secs] 
321.337: Total time for which application threads were stopped: 0.0023660 seconds, Stopping threads took: 0.0000560 seconds
321.389: Application time: 0.0524860 seconds
321.389: [GC321.389: [ParNew: 36744K->4154K(37568K), 0.0019540 secs] 477647K->446097K(556072K), 0.0019980 secs] [Times: user=0.01 sys=0.00, real=0.00 secs] 
321.391: Total time for which application threads were stopped: 0.0022160 seconds, Stopping threads took: 0.0001510 seconds
321.454: Application time: 0.0623320 seconds
321.454: [GC321.454: [ParNew: 37206K->4141K(37568K), 0.0020790 secs] 479149K->448172K(556072K), 0.0021210 secs] [Times: user=0.01 sys=0.00, real=0.00 secs] 
321.456: Total time for which application threads were stopped: 0.0022760 seconds, Stopping threads took: 0.0000860 seconds
321.516: Application time: 0.0598420 seconds
321.516: [GC321.516: [ParNew: 36963K->4134K(37568K), 0.0017370 secs] 480995K->449218K(556072K), 0.0017790 secs] [Times: user=0.01 sys=0.00, real=0.01 secs] 
321.518: Total time for which application threads were stopped: 0.0019620 seconds, Stopping threads took: 0.0001180 seconds
321.577: Application time: 0.0591230 seconds
321.577: [GC321.577: [ParNew: 37114K->4154K(37568K), 0.0021360 secs] 482198K->451303K(556072K), 0.0021760 secs] [Times: user=0.01 sys=0.00, real=0.00 secs] 
321.579: Total time for which application threads were stopped: 0.0023000 seconds, Stopping threads took: 0.0000580 seconds
321.641: Application time: 0.0614580 seconds
321.641: [GC321.641: [ParNew: 37207K->4144K(37568K), 0.0023890 secs] 484355K->454405K(556072K), 0.0024300 secs] [Times: user=0.01 sys=0.00, real=0.00 secs] 
321.643: Total time for which application threads were stopped: 0.0025930 seconds, Stopping threads took: 0.0000970 seconds
321.701: Application time: 0.0578260 seconds
321.701: [GC321.701: [ParNew: 36922K->4124K(37568K), 0.0022460 secs] 487183K->456462K(556072K), 0.0022840 secs] [Times: user=0.02 sys=0.00, real=0.00 secs] 
321.703: Total time for which application threads were stopped: 0.0024730 seconds, Stopping threads took: 0.0001110 seconds
321.765: Application time: 0.0619740 seconds
321.766: [GC321.766: [ParNew: 37188K->4158K(37568K), 0.0015780 secs] 489526K->456541K(556072K), 0.0016150 secs] [Times: user=0.01 sys=0.00, real=0.00 secs] 
321.767: Total time for which application threads were stopped: 0.0017380 seconds, Stopping threads took: 0.0000580 seconds
 CMS: abort preclean due to time 321.768: [CMS-concurrent-abortable-preclean: 0.086/5.044 secs] [Times: user=39.75 sys=0.05, real=5.04 secs] 
321.768: Application time: 0.0012050 seconds
321.768: [GC[YG occupancy: 6275 K (37568 K)]321.769: [Rescan (parallel) , 0.0002470 secs]321.769: [weak refs processing, 0.0000050 secs]321.769: [scrub string table, 0.0001180 secs] [1 CMS-remark: 452383K(518504K)] 458658K(556072K), 0.0003900 secs] [Times: user=0.00 sys=0.00, real=0.00 secs] 
321.769: Total time for which application threads were stopped: 0.0004780 seconds, Stopping threads took: 0.0000630 seconds
321.769: [CMS-concurrent-sweep-start]
321.770: [CMS-concurrent-sweep: 0.001/0.001 secs] [Times: user=0.00 sys=0.00, real=0.00 secs] 
321.770: [CMS-concurrent-reset-start]
321.772: [CMS-concurrent-reset: 0.002/0.002 secs] [Times: user=0.03 sys=0.00, real=0.00 secs] 
321.829: Application time: 0.0604570 seconds
321.829: [GC321.829: [ParNew: 36748K->2094K(37568K), 0.0009370 secs] 152828K->118187K(556072K), 0.0009710 secs] [Times: user=0.01 sys=0.00, real=0.00 secs] 
321.830: Total time for which application threads were stopped: 0.0011150 seconds, Stopping threads took: 0.0000810 seconds
321.889: Application time: 0.0587100 seconds
321.889: [GC321.889: [ParNew: 35502K->4117K(37568K), 0.0016820 secs] 151595K->121234K(556072K), 0.0017230 secs] [Times: user=0.01 sys=0.00, real=0.00 secs] 
321.891: Total time for which application threads were stopped: 0.0018630 seconds, Stopping threads took: 0.0000750 seconds
321.946: Application time: 0.0544670 seconds
321.946: [GC321.946: [ParNew: 36701K->4118K(37568K), 0.0019680 secs] 153819K->123284K(556072K), 0.0020120 secs] [Times: user=0.01 sys=0.00, real=0.00 secs] 
321.948: Total time for which application threads were stopped: 0.0021470 seconds, Stopping threads took: 0.0000640 seconds
322.006: Application time: 0.0579660 seconds
322.006: [GC322.006: [ParNew: 36935K->4131K(37568K), 0.0018870 secs] 156101K->124320K(556072K), 0.0019300 secs] [Times: user=0.02 sys=0.00, real=0.00 secs] 
322.008: Total time for which application threads were stopped: 0.0020960 seconds, Stopping threads took: 0.0000950 seconds
322.069: Application time: 0.0611740 seconds
322.069: [GC322.069: [ParNew: 37207K->4156K(37568K), 0.0020560 secs] 157397K->126410K(556072K), 0.0020970 secs] [Times: user=0.01 sys=0.00, real=0.00 secs] 
322.071: Total time for which application threads were stopped: 0.0022270 seconds, Stopping threads took: 0.0000630 seconds
322.131: Application time: 0.0593890 seconds
322.131: [GC322.131: [ParNew: 37092K->4144K(37568K), 0.0020750 secs] 159346K->128487K(556072K), 0.0021190 secs] [Times: user=0.01 sys=0.00, real=0.00 secs] 
322.133: Total time for which application threads were stopped: 0.0022540 seconds, Stopping threads took: 0.0000670 seconds
322.196: Application time: 0.0627360 seconds
322.196: [GC322.196: [ParNew: 37084K->4111K(37568K), 0.0016930 secs] 161427K->129506K(556072K), 0.0017300 secs] [Times: user=0.01 sys=0.00, real=0.01 secs] 
322.197: Total time for which application threads were stopped: 0.0018830 seconds, Stopping threads took: 0.0000890 seconds
322.253: Application time: 0.0560230 seconds
322.254: [GC322.254: [ParNew: 36823K->4153K(37568K), 0.0017840 secs] 162218K->130596K(556072K), 0.0018240 secs] [Times: user=0.01 sys=0.00, real=0.00 secs] 
322.255: Total time for which application threads were stopped: 0.0019870 seconds, Stopping threads took: 0.0000870 seconds
322.314: Application time: 0.0590590 seconds
322.315: [GC322.315: [ParNew: 37057K->4144K(37568K), 0.0025000 secs] 163501K->133692K(556072K), 0.0025440 secs] [Times: user=0.01 sys=0.00, real=0.01 secs] 
322.317: Total time for which application threads were stopped: 0.0026950 seconds, Stopping threads took: 0.0000840 seconds
322.380: Application time: 0.0628970 seconds
322.380: [GC322.380: [ParNew: 37153K->4131K(37568K), 0.0018830 secs] 166701K->134732K(556072K), 0.0019260 secs] [Times: user=0.01 sys=0.00, real=0.00 secs] 
322.382: Total time for which application threads were stopped: 0.0020650 seconds, Stopping threads took: 0.0000690 seconds
322.440: Application time: 0.0577510 seconds
322.440: [GC322.440: [ParNew: 36845K->4159K(37568K), 0.0015980 secs] 167446K->134792K(556072K), 0.0016370 secs] [Times: user=0.01 sys=0.00, real=0.00 secs] 
322.442: Total time for which application threads were stopped: 0.0017760 seconds, Stopping threads took: 0.0000730 seconds
322.501: Application time: 0.0592080 seconds
322.501: [GC322.501: [ParNew: 36666K->3113K(37568K), 0.0012630 secs] 167299K->133771K(556072K), 0.0013100 secs] [Times: user=0.01 sys=0.00, real=0.00 secs] 
322.502: Total time for which application threads were stopped: 0.0014770 seconds, Stopping threads took: 0.0001020 seconds
322.557: Application time: 0.0546060 seconds
322.557: [GC322.557: [ParNew: 36521K->4116K(37568K), 0.0024320 secs] 167179K->137846K(556072K), 0.0024720 secs] [Times: user=0.01 sys=0.00, real=0.00 secs] 
322.560: Total time for which application threads were stopped: 0.0026090 seconds, Stopping threads took: 0.0000710 seconds
322.621: Application time: 0.0609620 seconds
322.621: [GC322.621: [ParNew: 37026K->4120K(37568K), 0.0021170 secs] 170756K->139898K(556072K), 0.0021600 secs] [Times: user=0.02 sys=0.00, real=0.00 secs] 
322.623: Total time for which application threads were stopped: 0.0022920 seconds, Stopping threads took: 0.0000670 seconds
322.682: Application time: 0.0589470 seconds
322.682: [GC322.682: [ParNew: 37012K->4115K(37568K), 0.0019990 secs] 172790K->141941K(556072K), 0.0020400 secs] [Times: user=0.02 sys=0.00, real=0.00 secs] 
322.684: Total time for which application threads were stopped: 0.0021710 seconds, Stopping threads took: 0.0000630 seconds
322.744: Application time: 0.0604150 seconds
322.745: [GC322.745: [ParNew: 37168K->4158K(37568K), 0.0018650 secs] 174994K->143040K(556072K), 0.0019050 secs] [Times: user=0.01 sys=0.00, real=0.00 secs] 
322.746: Total time for which application threads were stopped: 0.0020680 seconds, Stopping threads took: 0.0000950 seconds
322.804: Application time: 0.0577770 seconds
322.804: [GC322.804: [ParNew: 37033K->4140K(37568K), 0.0021870 secs] 175916K->145095K(556072K), 0.0022280 secs] [Times: user=0.02 sys=0.00, real=0.00 secs] 
322.807: Total time for which application threads were stopped: 0.0025140 seconds, Stopping threads took: 0.0002020 seconds
322.871: Application time: 0.0646250 seconds
322.871: [GC322.871: [ParNew: 37153K->4115K(37568K), 0.0016930 secs] 178109K->146123K(556072K), 0.0017350 secs] [Times: user=0.01 sys=0.00, real=0.00 secs] 
322.873: Total time for which application threads were stopped: 0.0018620 seconds, Stopping threads took: 0.0000610 seconds
322.928: Application time: 0.0544000 seconds
322.928: [GC322.928: [ParNew: 36745K->4158K(37568K), 0.0019680 secs] 178753K->147206K(556072K), 0.0020060 secs] [Times: user=0.02 sys=0.00, real=0.00 secs] 
322.930: Total time for which application threads were stopped: 0.0021820 seconds, Stopping threads took: 0.0001110 seconds
322.994: Application time: 0.0645360 seconds
322.994: [GC322.994: [ParNew: 37267K->4150K(37568K), 0.0016740 secs] 180315K->148263K(556072K), 0.0017160 secs] [Times: user=0.02 sys=0.00, real=0.00 secs] 
322.996: Total time for which application threads were stopped: 0.0018480 seconds, Stopping threads took: 0.0000660 seconds
323.055: Application time: 0.0589040 seconds
323.055: [GC323.055: [ParNew: 36896K->4130K(37568K), 0.0018870 secs] 181009K->149296K(556072K), 0.0019260 secs] [Times: user=0.01 sys=0.00, real=0.01 secs] 
323.057: Total time for which application threads were stopped: 0.0020780 seconds, Stopping threads took: 0.0000840 seconds
323.117: Application time: 0.0599690 seconds
323.117: [GC323.117: [ParNew: 36978K->4158K(37568K), 0.0015900 secs] 182144K->149386K(556072K), 0.0016220 secs] [Times: user=0.01 sys=0.00, real=0.00 secs] 
323.119: Total time for which application threads were stopped: 0.0017580 seconds, Stopping threads took: 0.0000770 seconds
323.176: Application time: 0.0570240 seconds
323.176: [GC323.176: [ParNew: 37424K->4120K(37568K), 0.0015440 secs] 182651K->149348K(556072K), 0.0015770 secs] [Times: user=0.01 sys=0.00, real=0.01 secs] 
323.178: Total time for which application threads were stopped: 0.0017060 seconds, Stopping threads took: 0.0000670 seconds
323.238: Application time: 0.0602050 seconds
323.238: [GC323.238: [ParNew: 36890K->4134K(37568K), 0.0018380 secs] 182119K->150387K(556072K), 0.0018750 secs] [Times: user=0.01 sys=0.00, real=0.00 secs] 
323.240: Total time for which application threads were stopped: 0.0020300 seconds, Stopping threads took: 0.0000830 seconds
323.292: Application time: 0.0523720 seconds
323.292: [GC323.292: [ParNew: 36788K->4112K(37568K), 0.0023660 secs] 183041K->153436K(556072K), 0.0024040 secs] [Times: user=0.02 sys=0.00, real=0.00 secs] 
323.295: Total time for which application threads were stopped: 0.0025470 seconds, Stopping threads took: 0.0000690 seconds
323.358: Application time: 0.0631390 seconds
323.358: [GC323.358: [ParNew: 37108K->4114K(37568K), 0.0017370 secs] 186432K->154463K(556072K), 0.0017770 secs] [Times: user=0.01 sys=0.00, real=0.00 secs] 
323.360: Total time for which application threads were stopped: 0.0019160 seconds, Stopping threads took: 0.0000650 seconds
323.419: Application time: 0.0589980 seconds
323.419: [GC323.419: [ParNew: 37176K->4154K(37568K), 0.0020540 secs] 187525K->156566K(556072K), 0.0020980 secs] [Times: user=0.02 sys=0.00, real=0.00 secs] 
323.421: Total time for which application threads were stopped: 0.0022400 seconds, Stopping threads took: 0.0000740 seconds
323.480: Application time: 0.0589280 seconds
323.480: [GC323.480: [ParNew: 37063K->4142K(37568K), 0.0021900 secs] 189475K->158644K(556072K), 0.0022360 secs] [Times: user=0.01 sys=0.01, real=0.00 secs] 
323.482: Total time for which application threads were stopped: 0.0024140 seconds, Stopping threads took: 0.0001070 seconds
323.546: Application time: 0.0637150 seconds
323.546: [GC323.546: [ParNew: 37121K->4114K(37568K), 0.0015360 secs] 191622K->158644K(556072K), 0.0015730 secs] [Times: user=0.01 sys=0.00, real=0.00 secs] 
323.548: Total time for which application threads were stopped: 0.0016960 seconds, Stopping threads took: 0.0000600 seconds
323.603: Application time: 0.0553840 seconds
323.603: [GC323.603: [ParNew: 36691K->4158K(37568K), 0.0019300 secs] 191221K->159728K(556072K), 0.0019700 secs] [Times: user=0.01 sys=0.00, real=0.01 secs] 
323.605: Total time for which application threads were stopped: 0.0021220 seconds, Stopping threads took: 0.0000860 seconds
323.668: Application time: 0.0621800 seconds
323.668: [GC323.668: [ParNew: 37141K->4148K(37568K), 0.0020470 secs] 192711K->161807K(556072K), 0.0020870 secs] [Times: user=0.01 sys=0.00, real=0.00 secs] 
323.670: Total time for which application threads were stopped: 0.0022150 seconds, Stopping threads took: 0.0000650 seconds
323.729: Application time: 0.0595260 seconds
323.729: [GC323.729: [ParNew: 37016K->4132K(37568K), 0.0020690 secs] 194675K->163868K(556072K), 0.0021120 secs] [Times: user=0.02 sys=0.00, real=0.00 secs] 
323.732: Total time for which application threads were stopped: 0.0022750 seconds, Stopping threads took: 0.0000930 seconds
323.792: Application time: 0.0604100 seconds
323.792: [GC323.792: [ParNew: 37014K->3168K(37568K), 0.0013180 secs] 196749K->162904K(556072K), 0.0013530 secs] [Times: user=0.01 sys=0.00, real=0.00 secs] 
323.793: Total time for which application threads were stopped: 0.0014840 seconds, Stopping threads took: 0.0000680 seconds
323.850: Application time: 0.0568450 seconds
323.852: [GC323.852: [ParNew: 36439K->3097K(37568K), 0.0013440 secs] 196175K->162890K(556072K), 0.0013790 secs] [Times: user=0.01 sys=0.00, real=0.00 secs] 
323.854: Total time for which application threads were stopped: 0.0034580 seconds, Stopping threads took: 0.0020150 seconds
323.915: Application time: 0.0612140 seconds
323.915: [GC323.915: [ParNew: 35900K->4132K(37568K), 0.0016390 secs] 195693K->164949K(556072K), 0.0016740 secs] [Times: user=0.01 sys=0.00, real=0.01 secs] 
323.917: Total time for which application threads were stopped: 0.0018110 seconds, Stopping threads took: 0.0000660 seconds
323.970: Application time: 0.0528370 seconds
323.970: [GC323.970: [ParNew: 36706K->4112K(37568K), 0.0023830 secs] 197523K->168001K(556072K), 0.0024290 secs] [Times: user=0.01 sys=0.00, real=0.00 secs] 
323.972: Total time for which application threads were stopped: 0.0025660 seconds, Stopping threads took: 0.0000690 seconds
324.030: Application time: 0.0577850 seconds
324.030: [GC324.030: [ParNew: 37025K->4112K(37568K), 0.0024820 secs] 200914K->171073K(556072K), 0.0025350 secs] [Times: user=0.01 sys=0.00, real=0.00 secs] 
324.033: Total time for which application threads were stopped: 0.0026880 seconds, Stopping threads took: 0.0000840 seconds
324.098: Application time: 0.0648470 seconds
324.098: [GC324.098: [ParNew: 37334K->4156K(37568K), 0.0015330 secs] 204295K->171154K(556072K), 0.0015710 secs] [Times: user=0.01 sys=0.00, real=0.00 secs] 
324.099: Total time for which application threads were stopped: 0.0017020 seconds, Stopping threads took: 0.0000670 seconds
324.157: Application time: 0.0579590 seconds
324.157: [GC324.157: [ParNew: 36975K->4146K(37568K), 0.0021420 secs] 203972K->173212K(556072K), 0.0021830 secs] [Times: user=0.01 sys=0.00, real=0.00 secs] 
324.160: Total time for which application threads were stopped: 0.0023240 seconds, Stopping threads took: 0.0000710 seconds
324.220: Application time: 0.0605230 seconds
324.220: [GC324.220: [ParNew: 36969K->4132K(37568K), 0.0017350 secs] 206035K->174251K(556072K), 0.0017720 secs] [Times: user=0.01 sys=0.01, real=0.00 secs] 
324.222: Total time for which application threads were stopped: 0.0019080 seconds, Stopping threads took: 0.0000720 seconds
324.284: Application time: 0.0616080 seconds
324.284: [GC324.284: [ParNew: 37220K->4158K(37568K), 0.0015200 secs] 207339K->174340K(556072K), 0.0015560 secs] [Times: user=0.01 sys=0.00, real=0.01 secs] 
324.285: Total time for which application threads were stopped: 0.0016790 seconds, Stopping threads took: 0.0000600 seconds
324.345: Application time: 0.0596340 seconds
324.345: [GC324.345: [ParNew: 36913K->4130K(37568K), 0.0021120 secs] 207096K->176386K(556072K), 0.0021530 secs] [Times: user=0.02 sys=0.00, real=0.00 secs] 
324.347: Total time for which application threads were stopped: 0.0023040 seconds, Stopping threads took: 0.0000840 seconds
324.407: Application time: 0.0596050 seconds
324.407: [GC324.407: [ParNew: 36991K->4143K(37568K), 0.0017930 secs] 209248K->177423K(556072K), 0.0018330 secs] [Times: user=0.02 sys=0.00, real=0.00 secs] 
324.409: Total time for which application threads were stopped: 0.0020040 seconds, Stopping threads took: 0.0001040 seconds
324.469: Application time: 0.0598150 seconds
324.469: [GC324.469: [ParNew: 36724K->4159K(37568K), 0.0016190 secs] 210004K->177472K(556072K), 0.0016590 secs] [Times: user=0.01 sys=0.00, real=0.00 secs] 
324.470: Total time for which application threads were stopped: 0.0017920 seconds, Stopping threads took: 0.0000630 seconds
324.530: Application time: 0.0590970 seconds
324.530: [GC324.530: [ParNew: 36629K->3114K(37568K), 0.0011520 secs] 209942K->176451K(556072K), 0.0011850 secs] [Times: user=0.01 sys=0.00, real=0.00 secs] 
324.531: Total time for which application threads were stopped: 0.0013310 seconds, Stopping threads took: 0.0000850 seconds
324.583: Application time: 0.0522790 seconds
324.583: [GC324.583: [ParNew: 35525K->4112K(37568K), 0.0022780 secs] 208863K->180521K(556072K), 0.0023200 secs] [Times: user=0.01 sys=0.00, real=0.01 secs] 
324.586: Total time for which application threads were stopped: 0.0024530 seconds, Stopping threads took: 0.0000690 seconds
324.641: Application time: 0.0555790 seconds
324.641: [GC324.641: [ParNew: 36987K->4112K(37568K), 0.0024320 secs] 213396K->183593K(556072K), 0.0024740 secs] [Times: user=0.02 sys=0.00, real=0.00 secs] 
324.644: Total time for which application threads were stopped: 0.0026050 seconds, Stopping threads took: 0.0000620 seconds
324.705: Application time: 0.0613430 seconds
324.709: [GC324.709: [ParNew: 37092K->4110K(37568K), 0.0024540 secs] 216574K->186663K(556072K), 0.0024960 secs] [Times: user=0.01 sys=0.00, real=0.00 secs] 
324.711: Total time for which application threads were stopped: 0.0059280 seconds, Stopping threads took: 0.0033640 seconds
324.776: Application time: 0.0647950 seconds
324.776: [GC324.776: [ParNew: 37341K->4153K(37568K), 0.0018090 secs] 219894K->187747K(556072K), 0.0018460 secs] [Times: user=0.02 sys=0.00, real=0.01 secs] 
324.778: Total time for which application threads were stopped: 0.0020090 seconds, Stopping threads took: 0.0000890 seconds
324.836: Application time: 0.0580450 seconds
324.836: [GC324.836: [ParNew: 37093K->4158K(37568K), 0.0021240 secs] 220687K->189841K(556072K), 0.0021670 secs] [Times: user=0.02 sys=0.00, real=0.01 secs] 
324.838: Total time for which application threads were stopped: 0.0023300 seconds, Stopping threads took: 0.0000930 seconds
324.901: Application time: 0.0629910 seconds
324.901: [GC324.901: [ParNew: 36960K->4126K(37568K), 0.0018720 secs] 222642K->190862K(556072K), 0.0019120 secs] [Times: user=0.02 sys=0.00, real=0.00 secs] 
324.903: Total time for which application threads were stopped: 0.0020570 seconds, Stopping threads took: 0.0000780 seconds
324.966: Application time: 0.0626820 seconds
324.966: [GC324.966: [ParNew: 37322K->4158K(37568K), 0.0015710 secs] 224057K->190957K(556072K), 0.0016130 secs] [Times: user=0.01 sys=0.00, real=0.00 secs] 
324.968: Total time for which application threads were stopped: 0.0017910 seconds, Stopping threads took: 0.0001080 seconds
325.026: Application time: 0.0582130 seconds
325.026: [GC325.026: [ParNew: 37566K->4117K(37568K), 0.0015660 secs] 224365K->190938K(556072K), 0.0016070 secs] [Times: user=0.01 sys=0.00, real=0.00 secs] 
325.028: Total time for which application threads were stopped: 0.0017800 seconds, Stopping threads took: 0.0000960 seconds
325.087: Application time: 0.0597000 seconds
325.088: [GC325.088: [ParNew: 36809K->4151K(37568K), 0.0017840 secs] 223630K->191996K(556072K), 0.0018230 secs] [Times: user=0.01 sys=0.00, real=0.00 secs] 
325.089: Total time for which application threads were stopped: 0.0019700 seconds, Stopping threads took: 0.0000840 seconds
325.145: Application time: 0.0551250 seconds
325.145: [GC325.145: [ParNew: 36689K->4133K(37568K), 0.0018370 secs] 224534K->193030K(556072K), 0.0018750 secs] [Times: user=0.01 sys=0.00, real=0.00 secs] 
325.147: Total time for which application threads were stopped: 0.0019930 seconds, Stopping threads took: 0.0000530 seconds
325.205: Application time: 0.0582950 seconds
325.205: [GC325.205: [ParNew: 36833K->4152K(37568K), 0.0016980 secs] 225730K->194073K(556072K), 0.0017390 secs] [Times: user=0.01 sys=0.00, real=0.00 secs] 
325.207: Total time for which application threads were stopped: 0.0019010 seconds, Stopping threads took: 0.0000950 seconds
325.265: Application time: 0.0585520 seconds
325.265: [GC325.265: [ParNew: 36948K->4127K(37568K), 0.0020200 secs] 226870K->196125K(556072K), 0.0020620 secs] [Times: user=0.01 sys=0.00, real=0.00 secs] 
325.268: Total time for which application threads were stopped: 0.0021890 seconds, Stopping threads took: 0.0000590 seconds
325.326: Application time: 0.0587660 seconds
325.326: [GC325.326: [ParNew: 36893K->4117K(37568K), 0.0020110 secs] 228891K->198163K(556072K), 0.0020570 secs] [Times: user=0.02 sys=0.00, real=0.00 secs] 
325.328: Total time for which application threads were stopped: 0.0021870 seconds, Stopping threads took: 0.0000630 seconds
325.386: Application time: 0.0571440 seconds
325.388: [GC325.388: [ParNew: 36974K->4112K(37568K), 0.0024030 secs] 231020K->201230K(556072K), 0.0024450 secs] [Times: user=0.02 sys=0.00, real=0.00 secs] 
325.391: Total time for which application threads were stopped: 0.0052560 seconds, Stopping threads took: 0.0027440 seconds
325.455: Application time: 0.0639080 seconds
325.455: [GC325.455: [ParNew: 37272K->4157K(37568K), 0.0018430 secs] 234390K->202320K(556072K), 0.0018820 secs] [Times: user=0.01 sys=0.00, real=0.01 secs] 
325.457: Total time for which application threads were stopped: 0.0020370 seconds, Stopping threads took: 0.0000880 seconds
325.517: Application time: 0.0602090 seconds
325.517: [GC325.517: [ParNew: 37085K->4154K(37568K), 0.0020300 secs] 235247K->204401K(556072K), 0.0020730 secs] [Times: user=0.02 sys=0.00, real=0.00 secs] 
325.519: Total time for which application threads were stopped: 0.0022210 seconds, Stopping threads took: 0.0000820 seconds
325.578: Application time: 0.0582550 seconds
325.578: [GC325.578: [ParNew: 36745K->4130K(37568K), 0.0018500 secs] 236992K->205430K(556072K), 0.0018950 secs] [Times: user=0.01 sys=0.00, real=0.00 secs] 
325.580: Total time for which application threads were stopped: 0.0020610 seconds, Stopping threads took: 0.0000920 seconds
325.643: Application time: 0.0629540 seconds
325.643: [GC325.643: [ParNew: 37385K->4156K(37568K), 0.0015280 secs] 238685K->205508K(556072K), 0.0015650 secs] [Times: user=0.01 sys=0.00, real=0.00 secs] 
325.644: Total time for which application threads were stopped: 0.0017040 seconds, Stopping threads took: 0.0000760 seconds
325.703: Application time: 0.0586720 seconds
325.703: [GC325.703: [ParNew: 36891K->4131K(37568K), 0.0018190 secs] 238243K->206540K(556072K), 0.0018610 secs] [Times: user=0.01 sys=0.00, real=0.01 secs] 
325.705: Total time for which application threads were stopped: 0.0020220 seconds, Stopping threads took: 0.0000930 seconds
325.762: Application time: 0.0565840 seconds
325.762: [GC325.762: [ParNew: 37539K->4147K(37568K), 0.0021020 secs] 239948K->208605K(556072K), 0.0021420 secs] [Times: user=0.02 sys=0.00, real=0.00 secs] 
325.764: Total time for which application threads were stopped: 0.0022920 seconds, Stopping threads took: 0.0000820 seconds
325.825: Application time: 0.0609940 seconds
325.825: [GC325.825: [ParNew: 37039K->4112K(37568K), 0.0021160 secs] 241497K->210647K(556072K), 0.0021560 secs] [Times: user=0.01 sys=0.00, real=0.00 secs] 
325.827: Total time for which application threads were stopped: 0.0023050 seconds, Stopping threads took: 0.0000810 seconds
325.887: Application time: 0.0596810 seconds
325.887: [GC325.887: [ParNew: 37048K->4144K(37568K), 0.0021160 secs] 243582K->212742K(556072K), 0.0021570 secs] [Times: user=0.02 sys=0.00, real=0.00 secs] 
325.889: Total time for which application threads were stopped: 0.0022850 seconds, Stopping threads took: 0.0000590 seconds
325.947: Application time: 0.0578100 seconds
325.947: [GC325.947: [ParNew: 36639K->3113K(37568K), 0.0012660 secs] 245237K->211724K(556072K), 0.0013060 secs] [Times: user=0.01 sys=0.00, real=0.00 secs] 
325.948: Total time for which application threads were stopped: 0.0014720 seconds, Stopping threads took: 0.0001000 seconds
326.011: Application time: 0.0622430 seconds
326.011: [GC326.011: [ParNew: 35947K->4121K(37568K), 0.0014900 secs] 244557K->212732K(556072K), 0.0015230 secs] [Times: user=0.01 sys=0.00, real=0.00 secs] 
326.012: Total time for which application threads were stopped: 0.0016530 seconds, Stopping threads took: 0.0000690 seconds
326.067: Application time: 0.0551060 seconds
326.067: [GC326.068: [ParNew: 36747K->4129K(37568K), 0.0020490 secs] 245357K->214788K(556072K), 0.0020930 secs] [Times: user=0.02 sys=0.00, real=0.00 secs] 
326.070: Total time for which application threads were stopped: 0.0022450 seconds, Stopping threads took: 0.0000810 seconds
326.130: Application time: 0.0608810 seconds
326.131: [GC326.131: [ParNew: 37157K->4159K(37568K), 0.0017110 secs] 247816K->215874K(556072K), 0.0017450 secs] [Times: user=0.01 sys=0.00, real=0.00 secs] 
326.132: Total time for which application threads were stopped: 0.0018760 seconds, Stopping threads took: 0.0000620 seconds
326.191: Application time: 0.0587650 seconds
326.191: [GC326.191: [ParNew: 36952K->4144K(37568K), 0.0015460 secs] 248668K->215885K(556072K), 0.0015860 secs] [Times: user=0.01 sys=0.00, real=0.00 secs] 
326.193: Total time for which application threads were stopped: 0.0017270 seconds, Stopping threads took: 0.0000770 seconds
326.252: Application time: 0.0593320 seconds
326.252: [GC326.252: [ParNew: 36960K->4114K(37568K), 0.0021090 secs] 248700K->217931K(556072K), 0.0021500 secs] [Times: user=0.01 sys=0.00, real=0.00 secs] 
326.254: Total time for which application threads were stopped: 0.0022820 seconds, Stopping threads took: 0.0000620 seconds
326.313: Application time: 0.0584480 seconds
326.313: [GC326.313: [ParNew: 37112K->4154K(37568K), 0.0019400 secs] 250929K->219027K(556072K), 0.0019830 secs] [Times: user=0.01 sys=0.00, real=0.00 secs] 
326.315: Total time for which application threads were stopped: 0.0021530 seconds, Stopping threads took: 0.0001010 seconds
326.380: Application time: 0.0644830 seconds
326.380: [GC326.380: [ParNew: 37266K->3157K(37568K), 0.0013550 secs] 252139K->218054K(556072K), 0.0014020 secs] [Times: user=0.01 sys=0.00, real=0.00 secs] 
326.381: Total time for which application threads were stopped: 0.0015460 seconds, Stopping threads took: 0.0000780 seconds
326.435: Application time: 0.0537740 seconds
326.436: [GC326.436: [ParNew: 36421K->4155K(37568K), 0.0019340 secs] 251319K->220114K(556072K), 0.0019770 secs] [Times: user=0.01 sys=0.00, real=0.00 secs] 
326.438: Total time for which application threads were stopped: 0.0034700 seconds, Stopping threads took: 0.0014250 seconds
326.503: Application time: 0.0651080 seconds
326.504: [GC326.504: [ParNew: 37219K->4142K(37568K), 0.0020030 secs] 253177K->222148K(556072K), 0.0020480 secs] [Times: user=0.02 sys=0.00, real=0.01 secs] 
326.506: Total time for which application threads were stopped: 0.0021840 seconds, Stopping threads took: 0.0000670 seconds
326.564: Application time: 0.0586810 seconds
326.564: [GC326.564: [ParNew: 37158K->4147K(37568K), 0.0021540 secs] 255164K->224230K(556072K), 0.0021940 secs] [Times: user=0.01 sys=0.00, real=0.00 secs] 
326.567: Total time for which application threads were stopped: 0.0023300 seconds, Stopping threads took: 0.0000680 seconds
326.625: Application time: 0.0580360 seconds
326.625: [GC326.625: [ParNew: 36594K->4152K(37568K), 0.0015110 secs] 256678K->224263K(556072K), 0.0015510 secs] [Times: user=0.01 sys=0.00, real=0.00 secs] 
326.626: Total time for which application threads were stopped: 0.0016890 seconds, Stopping threads took: 0.0000700 seconds
326.686: Application time: 0.0595170 seconds
326.686: [GC326.686: [ParNew: 36733K->4121K(37568K), 0.0015210 secs] 256844K->224233K(556072K), 0.0015590 secs] [Times: user=0.01 sys=0.00, real=0.00 secs] 
326.688: Total time for which application threads were stopped: 0.0017190 seconds, Stopping threads took: 0.0000850 seconds
326.742: Application time: 0.0543960 seconds
326.742: [GC326.742: [ParNew: 36747K->4116K(37568K), 0.0020690 secs] 256859K->226276K(556072K), 0.0021110 secs] [Times: user=0.01 sys=0.00, real=0.01 secs] 
326.744: Total time for which application threads were stopped: 0.0022950 seconds, Stopping threads took: 0.0001160 seconds
326.807: Application time: 0.0623560 seconds
326.807: [GC326.807: [ParNew: 37280K->4156K(37568K), 0.0020240 secs] 259440K->228379K(556072K), 0.0020680 secs] [Times: user=0.02 sys=0.00, real=0.00 secs] 
326.809: Total time for which application threads were stopped: 0.0021940 seconds, Stopping threads took: 0.0000590 seconds
326.868: Application time: 0.0586080 seconds
326.868: [GC326.868: [ParNew: 37033K->4159K(37568K), 0.0017960 secs] 261257K->229448K(556072K), 0.0018340 secs] [Times: user=0.02 sys=0.00, real=0.00 secs] 
326.870: Total time for which application threads were stopped: 0.0019950 seconds, Stopping threads took: 0.0000950 seconds
326.929: Application time: 0.0598870 seconds
326.930: [GC326.930: [ParNew: 36952K->4121K(37568K), 0.0019620 secs] 262241K->231486K(556072K), 0.0019980 secs] [Times: user=0.02 sys=0.00, real=0.00 secs] 
326.932: Total time for which application threads were stopped: 0.0021410 seconds, Stopping threads took: 0.0000780 seconds
326.990: Application time: 0.0588520 seconds
326.991: [GC326.991: [ParNew: 37214K->4158K(37568K), 0.0019500 secs] 264579K->232592K(556072K), 0.0019890 secs] [Times: user=0.01 sys=0.00, real=0.00 secs] 
326.993: Total time for which application threads were stopped: 0.0021240 seconds, Stopping threads took: 0.0000650 seconds
327.055: Application time: 0.0629520 seconds
327.056: [GC327.056: [ParNew: 37139K->4156K(37568K), 0.0018380 secs] 265572K->233643K(556072K), 0.0018760 secs] [Times: user=0.01 sys=0.00, real=0.01 secs] 
327.058: Total time for which application threads were stopped: 0.0020270 seconds, Stopping threads took: 0.0000830 seconds
327.114: Application time: 0.0561210 seconds
327.116: [GC327.117: [ParNew: 37564K->4144K(37568K), 0.0016470 secs] 267051K->233644K(556072K), 0.0016960 secs] [Times: user=0.01 sys=0.00, real=0.00 secs] 
327.118: Total time for which application threads were stopped: 0.0045730 seconds, Stopping threads took: 0.0027880 seconds
327.181: Application time: 0.0630200 seconds
327.181: [GC327.181: [ParNew: 37043K->4116K(37568K), 0.0020780 secs] 266542K->235692K(556072K), 0.0021170 secs] [Times: user=0.01 sys=0.00, real=0.00 secs] 
327.183: Total time for which application threads were stopped: 0.0022410 seconds, Stopping threads took: 0.0000570 seconds
327.243: Application time: 0.0591480 seconds
327.243: [GC327.243: [ParNew: 37118K->4158K(37568K), 0.0021640 secs] 268694K->237783K(556072K), 0.0022090 secs] [Times: user=0.02 sys=0.00, real=0.01 secs] 
327.245: Total time for which application threads were stopped: 0.0023600 seconds, Stopping threads took: 0.0000730 seconds
327.304: Application time: 0.0585250 seconds
327.304: [GC327.304: [ParNew: 36748K->4159K(37568K), 0.0016040 secs] 270374K->237818K(556072K), 0.0016440 secs] [Times: user=0.01 sys=0.00, real=0.01 secs] 
327.305: Total time for which application threads were stopped: 0.0017730 seconds, Stopping threads took: 0.0000630 seconds
327.363: Application time: 0.0575830 seconds
327.363: [GC327.363: [ParNew: 36567K->4112K(37568K), 0.0023530 secs] 270226K->240842K(556072K), 0.0023920 secs] [Times: user=0.01 sys=0.00, real=0.01 secs] 
327.365: Total time for which application threads were stopped: 0.0025470 seconds, Stopping threads took: 0.0000880 seconds
327.423: Application time: 0.0580410 seconds
327.424: [GC327.424: [ParNew: 36893K->4134K(37568K), 0.0021000 secs] 273624K->242912K(556072K), 0.0021410 secs] [Times: user=0.01 sys=0.00, real=0.01 secs] 
327.426: Total time for which application threads were stopped: 0.0022730 seconds, Stopping threads took: 0.0000690 seconds
327.482: Application time: 0.0565860 seconds
327.482: [GC327.482: [ParNew: 36831K->4144K(37568K), 0.0020630 secs] 275610K->244970K(556072K), 0.0021010 secs] [Times: user=0.02 sys=0.00, real=0.01 secs] 
327.485: Total time for which application threads were stopped: 0.0022400 seconds, Stopping threads took: 0.0000760 seconds
327.544: Application time: 0.0595350 seconds
327.544: [GC327.544: [ParNew: 37212K->4154K(37568K), 0.0025050 secs] 278038K->248097K(556072K), 0.0025470 secs] [Times: user=0.01 sys=0.00, real=0.01 secs] 
327.547: Total time for which application threads were stopped: 0.0026900 seconds, Stopping threads took: 0.0000710 seconds
327.605: Application time: 0.0582620 seconds
327.605: [GC327.605: [ParNew: 37043K->4113K(37568K), 0.0025450 secs] 280986K->251169K(556072K), 0.0025860 secs] [Times: user=0.02 sys=0.00, real=0.00 secs] 
327.608: Total time for which application threads were stopped: 0.0027550 seconds, Stopping threads took: 0.0000990 seconds
327.672: Application time: 0.0645020 seconds
327.672: [GC327.672: [ParNew: 37317K->4158K(37568K), 0.0022730 secs] 284374K->253286K(556072K), 0.0023120 secs] [Times: user=0.02 sys=0.00, real=0.00 secs] 
327.675: Total time for which application threads were stopped: 0.0024540 seconds, Stopping threads took: 0.0000800 seconds
327.731: Application time: 0.0566900 seconds
327.732: [GC327.732: [ParNew: 37566K->4158K(37568K), 0.0020870 secs] 286694K->255368K(556072K), 0.0021310 secs] [Times: user=0.02 sys=0.00, real=0.00 secs] 
327.734: Total time for which application threads were stopped: 0.0022680 seconds, Stopping threads took: 0.0000670 seconds
327.795: Application time: 0.0616010 seconds
327.795: [GC327.795: [ParNew: 37036K->3093K(37568K), 0.0012510 secs] 288246K->254331K(556072K), 0.0012840 secs] [Times: user=0.01 sys=0.00, real=0.01 secs] 
327.797: Total time for which application threads were stopped: 0.0014430 seconds, Stopping threads took: 0.0000920 seconds
327.855: Application time: 0.0579960 seconds
327.855: [GC327.855: [ParNew: 35974K->4142K(37568K), 0.0023840 secs] 287213K->258453K(556072K), 0.0024270 secs] [Times: user=0.02 sys=0.00, real=0.01 secs] 
327.857: Total time for which application threads were stopped: 0.0025840 seconds, Stopping threads took: 0.0000890 seconds
327.918: Application time: 0.0604270 seconds
327.918: [GC327.918: [ParNew: 37087K->4159K(37568K), 0.0016820 secs] 291398K->258515K(556072K), 0.0017280 secs] [Times: user=0.01 sys=0.00, real=0.00 secs] 
327.920: Total time for which application threads were stopped: 0.0018730 seconds, Stopping threads took: 0.0000770 seconds
327.978: Application time: 0.0580920 seconds
327.978: [GC327.978: [ParNew: 36751K->4119K(37568K), 0.0019100 secs] 291107K->259511K(556072K), 0.0019490 secs] [Times: user=0.01 sys=0.00, real=0.00 secs] 
327.980: Total time for which application threads were stopped: 0.0020980 seconds, Stopping threads took: 0.0000820 seconds
328.040: Application time: 0.0600980 seconds
328.040: [GC328.040: [ParNew: 36921K->4131K(37568K), 0.0021780 secs] 292312K->261571K(556072K), 0.0022210 secs] [Times: user=0.01 sys=0.00, real=0.00 secs] 
328.042: Total time for which application threads were stopped: 0.0023620 seconds, Stopping threads took: 0.0000720 seconds
328.103: Application time: 0.0610390 seconds
328.104: [GC328.104: [ParNew: 36981K->4114K(37568K), 0.0018430 secs] 294421K->262578K(556072K), 0.0018870 secs] [Times: user=0.01 sys=0.00, real=0.01 secs] 
328.105: Total time for which application threads were stopped: 0.0020440 seconds, Stopping threads took: 0.0000900 seconds
328.161: Application time: 0.0557690 seconds
328.161: [GC328.161: [ParNew: 36706K->4158K(37568K), 0.0017810 secs] 295170K->263662K(556072K), 0.0018200 secs] [Times: user=0.01 sys=0.00, real=0.00 secs] 
328.163: Total time for which application threads were stopped: 0.0019550 seconds, Stopping threads took: 0.0000670 seconds
328.225: Application time: 0.0620340 seconds
328.225: [GC328.225: [ParNew: 37154K->4151K(37568K), 0.0014230 secs] 296658K->263696K(556072K), 0.0014630 secs] [Times: user=0.01 sys=0.00, real=0.00 secs] 
328.227: Total time for which application threads were stopped: 0.0015840 seconds, Stopping threads took: 0.0000560 seconds
328.281: Application time: 0.0543730 seconds
328.281: [GC328.281: [ParNew: 36792K->4128K(37568K), 0.0021920 secs] 296337K->265750K(556072K), 0.0022360 secs] [Times: user=0.02 sys=0.00, real=0.00 secs] 
328.284: Total time for which application threads were stopped: 0.0023890 seconds, Stopping threads took: 0.0000830 seconds
328.347: Application time: 0.0636800 seconds
328.347: [GC328.347: [ParNew: 37293K->4155K(37568K), 0.0015290 secs] 298915K->265809K(556072K), 0.0015650 secs] [Times: user=0.01 sys=0.00, real=0.00 secs] 
328.349: Total time for which application threads were stopped: 0.0017010 seconds, Stopping threads took: 0.0000640 seconds
328.407: Application time: 0.0578600 seconds
328.407: [GC328.407: [ParNew: 36913K->4146K(37568K), 0.0018640 secs] 298567K->266848K(556072K), 0.0019050 secs] [Times: user=0.01 sys=0.00, real=0.00 secs] 
328.409: Total time for which application threads were stopped: 0.0020860 seconds, Stopping threads took: 0.0001110 seconds
328.469: Application time: 0.0604730 seconds
328.469: [GC328.469: [ParNew: 37047K->4156K(37568K), 0.0018090 secs] 299749K->267919K(556072K), 0.0018520 secs] [Times: user=0.01 sys=0.00, real=0.00 secs] 
328.471: Total time for which application threads were stopped: 0.0019880 seconds, Stopping threads took: 0.0000680 seconds
328.529: Application time: 0.0580220 seconds
328.529: [GC328.529: [ParNew: 36951K->4142K(37568K), 0.0020750 secs] 300714K->269973K(556072K), 0.0021150 secs] [Times: user=0.02 sys=0.00, real=0.00 secs] 
328.532: Total time for which application threads were stopped: 0.0022470 seconds, Stopping threads took: 0.0000660 seconds
328.591: Application time: 0.0596080 seconds
328.591: [GC328.591: [ParNew: 36931K->4131K(37568K), 0.0018630 secs] 302763K->271015K(556072K), 0.0019030 secs] [Times: user=0.02 sys=0.00, real=0.00 secs] 
328.593: Total time for which application threads were stopped: 0.0020440 seconds, Stopping threads took: 0.0000740 seconds
328.651: Application time: 0.0575100 seconds
328.651: [GC328.651: [ParNew: 36706K->4119K(37568K), 0.0018050 secs] 303590K->272027K(556072K), 0.0018430 secs] [Times: user=0.01 sys=0.00, real=0.00 secs] 
328.653: Total time for which application threads were stopped: 0.0019840 seconds, Stopping threads took: 0.0000660 seconds
328.712: Application time: 0.0592810 seconds
328.712: [GC328.712: [ParNew: 36855K->4130K(37568K), 0.0021410 secs] 304764K->274086K(556072K), 0.0021820 secs] [Times: user=0.01 sys=0.00, real=0.00 secs] 
328.714: Total time for which application threads were stopped: 0.0023230 seconds, Stopping threads took: 0.0000730 seconds
328.775: Application time: 0.0603650 seconds
328.775: [GC328.775: [ParNew: 36900K->4132K(37568K), 0.0018140 secs] 306856K->275113K(556072K), 0.0018520 secs] [Times: user=0.02 sys=0.00, real=0.01 secs] 
328.777: Total time for which application threads were stopped: 0.0019770 seconds, Stopping threads took: 0.0000630 seconds
328.833: Application time: 0.0566510 seconds
328.833: [GC328.834: [ParNew: 36953K->4158K(37568K), 0.0018780 secs] 307933K->276194K(556072K), 0.0019220 secs] [Times: user=0.01 sys=0.00, real=0.00 secs] 
328.835: Total time for which application threads were stopped: 0.0020770 seconds, Stopping threads took: 0.0000850 seconds
328.895: Application time: 0.0599300 seconds
328.896: [GC328.896: [ParNew: 37057K->4142K(37568K), 0.0020610 secs] 309093K->278251K(556072K), 0.0021050 secs] [Times: user=0.02 sys=0.00, real=0.01 secs] 
328.898: Total time for which application threads were stopped: 0.0022860 seconds, Stopping threads took: 0.0001040 seconds
328.955: Application time: 0.0573110 seconds
328.955: [GC328.955: [ParNew: 36837K->4128K(37568K), 0.0021850 secs] 310946K->280314K(556072K), 0.0022270 secs] [Times: user=0.01 sys=0.00, real=0.01 secs] 
328.957: Total time for which application threads were stopped: 0.0023640 seconds, Stopping threads took: 0.0000670 seconds
329.020: Application time: 0.0629620 seconds
329.020: [GC329.020: [ParNew: 37222K->4152K(37568K), 0.0015730 secs] 313408K->280362K(556072K), 0.0016120 secs] [Times: user=0.02 sys=0.00, real=0.00 secs] 
329.022: Total time for which application threads were stopped: 0.0017420 seconds, Stopping threads took: 0.0000630 seconds
329.082: Application time: 0.0596330 seconds
329.082: [GC329.082: [ParNew: 36952K->4144K(37568K), 0.0014540 secs] 313162K->280403K(556072K), 0.0014900 secs] [Times: user=0.01 sys=0.00, real=0.00 secs] 
329.083: Total time for which application threads were stopped: 0.0016060 seconds, Stopping threads took: 0.0000530 seconds
329.141: Application time: 0.0578920 seconds
329.141: [GC329.141: [ParNew: 36792K->4132K(37568K), 0.0018110 secs] 313051K->281428K(556072K), 0.0018510 secs] [Times: user=0.02 sys=0.00, real=0.00 secs] 
329.143: Total time for which application threads were stopped: 0.0019890 seconds, Stopping threads took: 0.0000700 seconds
329.201: Application time: 0.0576410 seconds
329.201: [GC329.201: [ParNew: 36832K->4144K(37568K), 0.0021780 secs] 314128K->283487K(556072K), 0.0022190 secs] [Times: user=0.01 sys=0.00, real=0.00 secs] 
329.203: Total time for which application threads were stopped: 0.0023430 seconds, Stopping threads took: 0.0000560 seconds
329.263: Application time: 0.0598170 seconds
329.263: [GC329.263: [ParNew: 37037K->4159K(37568K), 0.0017460 secs] 316380K->284556K(556072K), 0.0017880 secs] [Times: user=0.01 sys=0.00, real=0.01 secs] 
329.265: Total time for which application threads were stopped: 0.0019770 seconds, Stopping threads took: 0.0001210 seconds
329.325: Application time: 0.0598430 seconds
329.325: [GC329.325: [ParNew: 37043K->4146K(37568K), 0.0019470 secs] 317440K->285596K(556072K), 0.0019850 secs] [Times: user=0.02 sys=0.00, real=0.00 secs] 
329.327: Total time for which application threads were stopped: 0.0021120 seconds, Stopping threads took: 0.0000600 seconds
329.385: Application time: 0.0581940 seconds
329.385: [GC329.385: [ParNew: 36635K->3114K(37568K), 0.0011620 secs] 318085K->284564K(556072K), 0.0011970 secs] [Times: user=0.01 sys=0.00, real=0.00 secs] 
329.386: Total time for which application threads were stopped: 0.0013180 seconds, Stopping threads took: 0.0000600 seconds
329.446: Application time: 0.0595970 seconds
329.446: [GC329.446: [ParNew: 35883K->4122K(37568K), 0.0017190 secs] 317333K->286596K(556072K), 0.0017640 secs] [Times: user=0.01 sys=0.00, real=0.00 secs] 
329.448: Total time for which application threads were stopped: 0.0019070 seconds, Stopping threads took: 0.0000710 seconds
329.506: Application time: 0.0583750 seconds
329.506: [GC329.506: [ParNew: 37180K->4157K(37568K), 0.0023750 secs] 319654K->289715K(556072K), 0.0024180 secs] [Times: user=0.02 sys=0.00, real=0.00 secs] 
329.509: Total time for which application threads were stopped: 0.0025470 seconds, Stopping threads took: 0.0000610 seconds
329.567: Application time: 0.0580770 seconds
329.567: [GC329.567: [ParNew: 37027K->4158K(37568K), 0.0020850 secs] 322585K->291809K(556072K), 0.0021240 secs] [Times: user=0.02 sys=0.00, real=0.00 secs] 
329.569: Total time for which application threads were stopped: 0.0022920 seconds, Stopping threads took: 0.0001020 seconds
329.631: Application time: 0.0622380 seconds
329.632: [GC329.632: [ParNew: 37045K->4114K(37568K), 0.0014720 secs] 324697K->291794K(556072K), 0.0015120 secs] [Times: user=0.01 sys=0.00, real=0.00 secs] 
329.633: Total time for which application threads were stopped: 0.0016400 seconds, Stopping threads took: 0.0000620 seconds
329.698: Application time: 0.0652960 seconds
329.699: [GC329.699: [ParNew: 37232K->4157K(37568K), 0.0015790 secs] 324911K->291853K(556072K), 0.0016160 secs] [Times: user=0.01 sys=0.00, real=0.00 secs] 
329.700: Total time for which application threads were stopped: 0.0017770 seconds, Stopping threads took: 0.0000970 seconds
329.759: Application time: 0.0583570 seconds
329.759: [GC329.759: [ParNew: 36809K->4159K(37568K), 0.0015730 secs] 324505K->291911K(556072K), 0.0016240 secs] [Times: user=0.01 sys=0.00, real=0.00 secs] 
329.760: Total time for which application threads were stopped: 0.0017840 seconds, Stopping threads took: 0.0000900 seconds
329.818: Application time: 0.0581140 seconds
329.819: [GC329.819: [ParNew: 36560K->3156K(37568K), 0.0011340 secs] 324313K->290921K(556072K), 0.0011660 secs] [Times: user=0.01 sys=0.00, real=0.00 secs] 
329.820: Total time for which application threads were stopped: 0.0012870 seconds, Stopping threads took: 0.0000620 seconds
329.872: Application time: 0.0524490 seconds
329.872: [GC329.872: [ParNew: 35647K->4112K(37568K), 0.0023120 secs] 323412K->294977K(556072K), 0.0023530 secs] [Times: user=0.02 sys=0.00, real=0.00 secs] 
329.875: Total time for which application threads were stopped: 0.0024970 seconds, Stopping threads took: 0.0000730 seconds
329.934: Application time: 0.0594540 seconds
329.934: [GC329.934: [ParNew: 37105K->4140K(37568K), 0.0023580 secs] 327970K->298078K(556072K), 0.0023990 secs] [Times: user=0.02 sys=0.00, real=0.01 secs] 
329.937: Total time for which application threads were stopped: 0.0025660 seconds, Stopping threads took: 0.0001000 seconds
329.997: Application time: 0.0600720 seconds
329.997: [GC329.997: [ParNew: 37044K->4131K(37568K), 0.0018000 secs] 330982K->299121K(556072K), 0.0018370 secs] [Times: user=0.01 sys=0.00, real=0.00 secs] 
329.999: Total time for which application threads were stopped: 0.0020400 seconds, Stopping threads took: 0.0001270 seconds
330.058: Application time: 0.0590710 seconds
330.059: [GC330.059: [ParNew: 36947K->4112K(37568K), 0.0018030 secs] 331937K->300127K(556072K), 0.0018440 secs] [Times: user=0.02 sys=0.00, real=0.00 secs] 
330.061: Total time for which application threads were stopped: 0.0030430 seconds, Stopping threads took: 0.0011330 seconds
330.124: Application time: 0.0632690 seconds
330.124: [GC330.124: [ParNew: 36970K->4132K(37568K), 0.0016570 secs] 332985K->301170K(556072K), 0.0016960 secs] [Times: user=0.01 sys=0.00, real=0.00 secs] 
330.126: Total time for which application threads were stopped: 0.0018330 seconds, Stopping threads took: 0.0000710 seconds
330.184: Application time: 0.0581690 seconds
330.184: [GC330.184: [ParNew: 37078K->4156K(37568K), 0.0020740 secs] 334116K->303258K(556072K), 0.0021130 secs] [Times: user=0.01 sys=0.00, real=0.00 secs] 
330.186: Total time for which application threads were stopped: 0.0022580 seconds, Stopping threads took: 0.0000690 seconds
330.246: Application time: 0.0592900 seconds
330.246: [GC330.246: [ParNew: 37022K->4158K(37568K), 0.0020660 secs] 336125K->305351K(556072K), 0.0021090 secs] [Times: user=0.01 sys=0.00, real=0.00 secs] 
330.248: Total time for which application threads were stopped: 0.0022840 seconds, Stopping threads took: 0.0001050 seconds
330.308: Application time: 0.0597870 seconds
330.308: [GC330.308: [ParNew: 36995K->4120K(37568K), 0.0020930 secs] 338188K->307389K(556072K), 0.0021320 secs] [Times: user=0.02 sys=0.00, real=0.00 secs] 
330.310: Total time for which application threads were stopped: 0.0022830 seconds, Stopping threads took: 0.0000860 seconds
330.372: Application time: 0.0620580 seconds
330.372: [GC330.372: [ParNew: 37096K->4159K(37568K), 0.0018220 secs] 340366K->308453K(556072K), 0.0018600 secs] [Times: user=0.02 sys=0.00, real=0.00 secs] 
330.374: Total time for which application threads were stopped: 0.0019930 seconds, Stopping threads took: 0.0000610 seconds
330.433: Application time: 0.0589340 seconds
330.433: [GC330.433: [ParNew: 36682K->3152K(37568K), 0.0012690 secs] 340976K->307474K(556072K), 0.0013010 secs] [Times: user=0.00 sys=0.00, real=0.00 secs] 
330.435: Total time for which application threads were stopped: 0.0014470 seconds, Stopping threads took: 0.0000880 seconds
330.490: Application time: 0.0557790 seconds
330.490: [GC330.490: [ParNew: 35581K->4146K(37568K), 0.0018210 secs] 339904K->309550K(556072K), 0.0018590 secs] [Times: user=0.01 sys=0.00, real=0.00 secs] 
330.492: Total time for which application threads were stopped: 0.0019850 seconds, Stopping threads took: 0.0000620 seconds
330.548: Application time: 0.0552430 seconds
330.548: [GC330.548: [ParNew: 36855K->4113K(37568K), 0.0020730 secs] 342258K->311593K(556072K), 0.0021100 secs] [Times: user=0.02 sys=0.00, real=0.00 secs] 
330.550: Total time for which application threads were stopped: 0.0022760 seconds, Stopping threads took: 0.0000930 seconds
330.610: Application time: 0.0603780 seconds
330.610: [GC330.610: [ParNew: 37063K->4158K(37568K), 0.0020540 secs] 344543K->313686K(556072K), 0.0020940 secs] [Times: user=0.01 sys=0.01, real=0.00 secs] 
330.612: Total time for which application threads were stopped: 0.0022190 seconds, Stopping threads took: 0.0000600 seconds
330.669: Application time: 0.0568050 seconds
330.669: [GC330.669: [ParNew: 36937K->4110K(37568K), 0.0025690 secs] 346465K->316738K(556072K), 0.0026110 secs] [Times: user=0.01 sys=0.00, real=0.00 secs] 
330.672: Total time for which application threads were stopped: 0.0028230 seconds, Stopping threads took: 0.0001440 seconds
330.672: Application time: 0.0000780 seconds
330.672: [GC [1 CMS-initial-mark: 312628K(518504K)] 317769K(556072K), 0.0001230 secs] [Times: user=0.00 sys=0.00, real=0.00 secs] 
330.673: Total time for which application threads were stopped: 0.0003560 seconds, Stopping threads took: 0.0002070 seconds
330.673: [CMS-concurrent-mark-start]
330.677: [CMS-concurrent-mark: 0.005/0.005 secs] [Times: user=0.03 sys=0.00, real=0.01 secs] 
330.677: [CMS-concurrent-preclean-start]
330.678: [CMS-concurrent-preclean: 0.001/0.001 secs] [Times: user=0.00 sys=0.00, real=0.00 secs] 
330.678: [CMS-concurrent-abortable-preclean-start]
330.737: Application time: 0.0646980 seconds
330.737: [GC330.737: [ParNew: 37172K->4113K(37568K), 0.0017460 secs] 349801K->317766K(556072K), 0.0017840 secs] [Times: user=0.01 sys=0.00, real=0.00 secs] 
330.739: Total time for which application threads were stopped: 0.0019560 seconds, Stopping threads took: 0.0000980 seconds
330.799: Application time: 0.0603040 seconds
330.800: [GC330.800: [ParNew: 36984K->4116K(37568K), 0.0021490 secs] 350637K->319816K(556072K), 0.0021920 secs] [Times: user=0.01 sys=0.00, real=0.00 secs] 
330.802: Total time for which application threads were stopped: 0.0023230 seconds, Stopping threads took: 0.0000630 seconds
330.861: Application time: 0.0595850 seconds
330.862: [GC330.862: [ParNew: 37168K->4157K(37568K), 0.0020930 secs] 352869K->321938K(556072K), 0.0021360 secs] [Times: user=0.02 sys=0.00, real=0.00 secs] 
330.864: Total time for which application threads were stopped: 0.0022910 seconds, Stopping threads took: 0.0000870 seconds
330.925: Application time: 0.0611550 seconds
330.925: [GC330.925: [ParNew: 36977K->4158K(37568K), 0.0016170 secs] 354757K->321980K(556072K), 0.0016510 secs] [Times: user=0.01 sys=0.00, real=0.00 secs] 
330.927: Total time for which application threads were stopped: 0.0018150 seconds, Stopping threads took: 0.0000990 seconds
330.985: Application time: 0.0584590 seconds
330.985: [GC330.985: [ParNew: 37566K->4133K(37568K), 0.0018380 secs] 355388K->322992K(556072K), 0.0018750 secs] [Times: user=0.01 sys=0.00, real=0.00 secs] 
330.987: Total time for which application threads were stopped: 0.0020250 seconds, Stopping threads took: 0.0000850 seconds
331.048: Application time: 0.0612150 seconds
331.049: [GC331.049: [ParNew: 37054K->3175K(37568K), 0.0013370 secs] 355912K->322033K(556072K), 0.0013710 secs] [Times: user=0.01 sys=0.00, real=0.00 secs] 
331.050: Total time for which application threads were stopped: 0.0015190 seconds, Stopping threads took: 0.0000770 seconds
331.106: Application time: 0.0558680 seconds
331.106: [GC331.106: [ParNew: 35795K->4146K(37568K), 0.0018050 secs] 354653K->324085K(556072K), 0.0018440 secs] [Times: user=0.01 sys=0.00, real=0.00 secs] 
331.108: Total time for which application threads were stopped: 0.0019850 seconds, Stopping threads took: 0.0000740 seconds
331.167: Application time: 0.0591270 seconds
331.167: [GC331.167: [ParNew: 36962K->4145K(37568K), 0.0018000 secs] 356902K->325152K(556072K), 0.0018430 secs] [Times: user=0.01 sys=0.00, real=0.00 secs] 
331.169: Total time for which application threads were stopped: 0.0020100 seconds, Stopping threads took: 0.0000990 seconds
331.226: Application time: 0.0566160 seconds
331.226: [GC331.226: [ParNew: 36802K->4117K(37568K), 0.0018150 secs] 357810K->326161K(556072K), 0.0018560 secs] [Times: user=0.01 sys=0.00, real=0.00 secs] 
331.228: Total time for which application threads were stopped: 0.0019950 seconds, Stopping threads took: 0.0000710 seconds
331.287: Application time: 0.0596830 seconds
331.287: [GC331.287: [ParNew: 37134K->4142K(37568K), 0.0024140 secs] 359179K->329258K(556072K), 0.0024590 secs] [Times: user=0.02 sys=0.00, real=0.00 secs] 
331.290: Total time for which application threads were stopped: 0.0026090 seconds, Stopping threads took: 0.0000810 seconds
331.352: Application time: 0.0625840 seconds
331.352: [GC331.353: [ParNew: 37092K->4113K(37568K), 0.0020180 secs] 362208K->331306K(556072K), 0.0020590 secs] [Times: user=0.02 sys=0.00, real=0.00 secs] 
331.355: Total time for which application threads were stopped: 0.0021820 seconds, Stopping threads took: 0.0000550 seconds
331.414: Application time: 0.0589450 seconds
331.414: [GC331.414: [ParNew: 36899K->4119K(37568K), 0.0017740 secs] 364092K->332336K(556072K), 0.0018120 secs] [Times: user=0.01 sys=0.00, real=0.00 secs] 
331.415: Total time for which application threads were stopped: 0.0019610 seconds, Stopping threads took: 0.0000820 seconds
331.476: Application time: 0.0602770 seconds
331.476: [GC331.476: [ParNew: 36864K->4116K(37568K), 0.0033450 secs] 365081K->333357K(556072K), 0.0033890 secs] [Times: user=0.02 sys=0.00, real=0.01 secs] 
331.479: Total time for which application threads were stopped: 0.0035230 seconds, Stopping threads took: 0.0000680 seconds
331.536: Application time: 0.0571210 seconds
331.537: [GC331.537: [ParNew: 36947K->4158K(37568K), 0.0018500 secs] 366189K->334452K(556072K), 0.0018890 secs] [Times: user=0.01 sys=0.00, real=0.00 secs] 
331.538: Total time for which application threads were stopped: 0.0020190 seconds, Stopping threads took: 0.0000610 seconds
331.600: Application time: 0.0620140 seconds
331.601: [GC331.601: [ParNew: 37114K->4138K(37568K), 0.0020090 secs] 367409K->335486K(556072K), 0.0020510 secs] [Times: user=0.01 sys=0.00, real=0.00 secs] 
331.603: Total time for which application threads were stopped: 0.0021850 seconds, Stopping threads took: 0.0000610 seconds
331.662: Application time: 0.0591000 seconds
331.662: [GC331.662: [ParNew: 36832K->4118K(37568K), 0.0022350 secs] 368179K->337542K(556072K), 0.0022890 secs] [Times: user=0.01 sys=0.00, real=0.00 secs] 
331.664: Total time for which application threads were stopped: 0.0024310 seconds, Stopping threads took: 0.0000730 seconds
331.724: Application time: 0.0600920 seconds
331.724: [GC331.724: [ParNew: 37028K->4158K(37568K), 0.0016050 secs] 370452K->337626K(556072K), 0.0016440 secs] [Times: user=0.01 sys=0.00, real=0.00 secs] 
331.726: Total time for which application threads were stopped: 0.0017700 seconds, Stopping threads took: 0.0000610 seconds
331.785: Application time: 0.0586500 seconds
331.785: [GC331.785: [ParNew: 36875K->4158K(37568K), 0.0015520 secs] 370344K->337647K(556072K), 0.0015930 secs] [Times: user=0.01 sys=0.00, real=0.00 secs] 
331.786: Total time for which application threads were stopped: 0.0017570 seconds, Stopping threads took: 0.0000970 seconds
331.844: Application time: 0.0580340 seconds
331.845: [GC331.845: [ParNew: 36859K->4159K(37568K), 0.0017510 secs] 370348K->338694K(556072K), 0.0017900 secs] [Times: user=0.01 sys=0.00, real=0.00 secs] 
331.846: Total time for which application threads were stopped: 0.0019310 seconds, Stopping threads took: 0.0000760 seconds
331.900: Application time: 0.0539860 seconds
331.901: [GC331.901: [ParNew: 36730K->4110K(37568K), 0.0026540 secs] 371265K->341746K(556072K), 0.0026960 secs] [Times: user=0.02 sys=0.00, real=0.00 secs] 
331.903: Total time for which application threads were stopped: 0.0028670 seconds, Stopping threads took: 0.0001020 seconds
331.966: Application time: 0.0630990 seconds
331.966: [GC331.966: [ParNew: 37170K->4141K(37568K), 0.0020560 secs] 374806K->343825K(556072K), 0.0020970 secs] [Times: user=0.01 sys=0.00, real=0.00 secs] 
331.969: Total time for which application threads were stopped: 0.0022300 seconds, Stopping threads took: 0.0000640 seconds
332.026: Application time: 0.0573970 seconds
332.026: [GC332.026: [ParNew: 36792K->4131K(37568K), 0.0017600 secs] 376476K->344868K(556072K), 0.0018000 secs] [Times: user=0.01 sys=0.00, real=0.00 secs] 
332.028: Total time for which application threads were stopped: 0.0019570 seconds, Stopping threads took: 0.0000890 seconds
332.088: Application time: 0.0604460 seconds
332.089: [GC332.089: [ParNew: 36948K->4132K(37568K), 0.0020650 secs] 377684K->346916K(556072K), 0.0021060 secs] [Times: user=0.01 sys=0.00, real=0.00 secs] 
332.091: Total time for which application threads were stopped: 0.0022270 seconds, Stopping threads took: 0.0000550 seconds
332.151: Application time: 0.0603490 seconds
332.151: [GC332.151: [ParNew: 36942K->4118K(37568K), 0.0021760 secs] 379727K->348950K(556072K), 0.0022110 secs] [Times: user=0.01 sys=0.00, real=0.00 secs] 
332.153: Total time for which application threads were stopped: 0.0023430 seconds, Stopping threads took: 0.0000570 seconds
332.211: Application time: 0.0576890 seconds
332.211: [GC332.211: [ParNew: 37033K->4156K(37568K), 0.0020870 secs] 381866K->351052K(556072K), 0.0021240 secs] [Times: user=0.01 sys=0.00, real=0.00 secs] 
332.213: Total time for which application threads were stopped: 0.0022540 seconds, Stopping threads took: 0.0000620 seconds
332.275: Application time: 0.0613740 seconds
332.275: [GC332.275: [ParNew: 36989K->4145K(37568K), 0.0015140 secs] 383886K->351083K(556072K), 0.0015520 secs] [Times: user=0.01 sys=0.00, real=0.01 secs] 
332.276: Total time for which application threads were stopped: 0.0016970 seconds, Stopping threads took: 0.0000790 seconds
332.338: Application time: 0.0614790 seconds
332.338: [GC332.338: [ParNew: 36969K->4114K(37568K), 0.0017780 secs] 383907K->352104K(556072K), 0.0018180 secs] [Times: user=0.01 sys=0.00, real=0.00 secs] 
332.340: Total time for which application threads were stopped: 0.0019600 seconds, Stopping threads took: 0.0000760 seconds
332.397: Application time: 0.0572270 seconds
332.397: [GC332.397: [ParNew: 36802K->4159K(37568K), 0.0017350 secs] 384792K->353173K(556072K), 0.0017870 secs] [Times: user=0.01 sys=0.00, real=0.00 secs] 
332.399: Total time for which application threads were stopped: 0.0019540 seconds, Stopping threads took: 0.0001000 seconds
332.457: Application time: 0.0578410 seconds
332.457: [GC332.457: [ParNew: 37007K->4154K(37568K), 0.0024210 secs] 386022K->356285K(556072K), 0.0024650 secs] [Times: user=0.01 sys=0.00, real=0.00 secs] 
332.459: Total time for which application threads were stopped: 0.0026270 seconds, Stopping threads took: 0.0000960 seconds
332.520: Application time: 0.0600960 seconds
332.520: [GC332.520: [ParNew: 37116K->4158K(37568K), 0.0018800 secs] 389246K->357370K(556072K), 0.0019190 secs] [Times: user=0.01 sys=0.00, real=0.00 secs] 
332.522: Total time for which application threads were stopped: 0.0027810 seconds, Stopping threads took: 0.0007960 seconds
332.580: Application time: 0.0576240 seconds
332.580: [GC332.580: [ParNew: 36659K->4112K(37568K), 0.0019930 secs] 389871K->359385K(556072K), 0.0020340 secs] [Times: user=0.02 sys=0.00, real=0.00 secs] 
332.582: Total time for which application threads were stopped: 0.0021810 seconds, Stopping threads took: 0.0000760 seconds
332.643: Application time: 0.0606250 seconds
332.643: [GC332.643: [ParNew: 36999K->4158K(37568K), 0.0015230 secs] 392272K->359451K(556072K), 0.0015610 secs] [Times: user=0.01 sys=0.00, real=0.01 secs] 
332.644: Total time for which application threads were stopped: 0.0016910 seconds, Stopping threads took: 0.0000630 seconds
332.700: Application time: 0.0552770 seconds
332.700: [GC332.700: [ParNew: 36639K->4112K(37568K), 0.0020740 secs] 391931K->361462K(556072K), 0.0021190 secs] [Times: user=0.01 sys=0.00, real=0.00 secs] 
332.702: Total time for which application threads were stopped: 0.0023040 seconds, Stopping threads took: 0.0001080 seconds
332.762: Application time: 0.0598860 seconds
332.762: [GC332.762: [ParNew: 37008K->4114K(37568K), 0.0021600 secs] 394357K->363511K(556072K), 0.0022020 secs] [Times: user=0.02 sys=0.00, real=0.00 secs] 
332.764: Total time for which application threads were stopped: 0.0023820 seconds, Stopping threads took: 0.0001030 seconds
332.828: Application time: 0.0636270 seconds
332.828: [GC332.828: [ParNew: 37073K->4132K(37568K), 0.0015210 secs] 396471K->363530K(556072K), 0.0015580 secs] [Times: user=0.01 sys=0.00, real=0.00 secs] 
332.830: Total time for which application threads were stopped: 0.0017060 seconds, Stopping threads took: 0.0000810 seconds
332.885: Application time: 0.0552230 seconds
332.885: [GC332.885: [ParNew: 36782K->4158K(37568K), 0.0018170 secs] 396180K->364597K(556072K), 0.0018530 secs] [Times: user=0.01 sys=0.00, real=0.00 secs] 
332.887: Total time for which application threads were stopped: 0.0019750 seconds, Stopping threads took: 0.0000620 seconds
332.949: Application time: 0.0621600 seconds
332.949: [GC332.949: [ParNew: 37045K->4159K(37568K), 0.0019210 secs] 397484K->365663K(556072K), 0.0019570 secs] [Times: user=0.01 sys=0.00, real=0.00 secs] 
332.951: Total time for which application threads were stopped: 0.0021300 seconds, Stopping threads took: 0.0001100 seconds
333.010: Application time: 0.0584050 seconds
333.010: [GC333.010: [ParNew: 36917K->4113K(37568K), 0.0017690 secs] 398420K->366669K(556072K), 0.0018060 secs] [Times: user=0.01 sys=0.00, real=0.00 secs] 
333.012: Total time for which application threads were stopped: 0.0019610 seconds, Stopping threads took: 0.0000920 seconds
333.068: Application time: 0.0565330 seconds
333.068: [GC333.068: [ParNew: 36873K->4143K(37568K), 0.0020770 secs] 399429K->368747K(556072K), 0.0021190 secs] [Times: user=0.01 sys=0.00, real=0.00 secs] 
333.070: Total time for which application threads were stopped: 0.0022560 seconds, Stopping threads took: 0.0000680 seconds
333.131: Application time: 0.0610480 seconds
333.131: [GC333.131: [ParNew: 37208K->4154K(37568K), 0.0024120 secs] 401812K->371875K(556072K), 0.0024520 secs] [Times: user=0.01 sys=0.00, real=0.00 secs] 
333.134: Total time for which application threads were stopped: 0.0026010 seconds, Stopping threads took: 0.0000820 seconds
333.196: Application time: 0.0625210 seconds
333.197: [GC333.197: [ParNew: 36808K->4113K(37568K), 0.0021240 secs] 404529K->373923K(556072K), 0.0021740 secs] [Times: user=0.02 sys=0.00, real=0.00 secs] 
333.199: Total time for which application threads were stopped: 0.0023050 seconds, Stopping threads took: 0.0000650 seconds
333.256: Application time: 0.0575340 seconds
333.256: [GC333.256: [ParNew: 36945K->4141K(37568K), 0.0020970 secs] 406755K->375999K(556072K), 0.0021370 secs] [Times: user=0.01 sys=0.00, real=0.00 secs] 
333.259: Total time for which application threads were stopped: 0.0022850 seconds, Stopping threads took: 0.0000700 seconds
333.320: Application time: 0.0613580 seconds
333.320: [GC333.320: [ParNew: 37105K->4157K(37568K), 0.0021510 secs] 408963K->378092K(556072K), 0.0021940 secs] [Times: user=0.01 sys=0.00, real=0.00 secs] 
333.322: Total time for which application threads were stopped: 0.0023330 seconds, Stopping threads took: 0.0000700 seconds
333.381: Application time: 0.0591920 seconds
333.382: [GC333.382: [ParNew: 36909K->4115K(37568K), 0.0021570 secs] 410844K->380126K(556072K), 0.0022000 secs] [Times: user=0.01 sys=0.00, real=0.00 secs] 
333.384: Total time for which application threads were stopped: 0.0024110 seconds, Stopping threads took: 0.0001420 seconds
333.446: Application time: 0.0621460 seconds
333.446: [GC333.446: [ParNew: 37002K->4121K(37568K), 0.0014720 secs] 413013K->380131K(556072K), 0.0015090 secs] [Times: user=0.01 sys=0.00, real=0.00 secs] 
333.448: Total time for which application threads were stopped: 0.0016370 seconds, Stopping threads took: 0.0000660 seconds
333.506: Application time: 0.0584120 seconds
333.506: [GC333.506: [ParNew: 36843K->4126K(37568K), 0.0019270 secs] 412854K->381161K(556072K), 0.0019670 secs] [Times: user=0.02 sys=0.00, real=0.00 secs] 
333.508: Total time for which application threads were stopped: 0.0021080 seconds, Stopping threads took: 0.0000730 seconds
333.573: Application time: 0.0643160 seconds
333.573: [GC333.573: [ParNew: 37311K->4154K(37568K), 0.0016170 secs] 414346K->381221K(556072K), 0.0016540 secs] [Times: user=0.01 sys=0.00, real=0.00 secs] 
333.574: Total time for which application threads were stopped: 0.0017950 seconds, Stopping threads took: 0.0000760 seconds
333.632: Application time: 0.0577340 seconds
333.632: [GC333.632: [ParNew: 36687K->4156K(37568K), 0.0016390 secs] 413754K->381252K(556072K), 0.0016770 secs] [Times: user=0.01 sys=0.01, real=0.00 secs] 
333.634: Total time for which application threads were stopped: 0.0018440 seconds, Stopping threads took: 0.0001000 seconds
333.694: Application time: 0.0596100 seconds
333.694: [GC333.694: [ParNew: 36684K->4158K(37568K), 0.0015770 secs] 413780K->381280K(556072K), 0.0016120 secs] [Times: user=0.01 sys=0.00, real=0.00 secs] 
333.695: Total time for which application threads were stopped: 0.0017540 seconds, Stopping threads took: 0.0000800 seconds
333.748: Application time: 0.0524270 seconds
333.748: [GC333.748: [ParNew: 36564K->4140K(37568K), 0.0022800 secs] 413687K->383310K(556072K), 0.0023200 secs] [Times: user=0.01 sys=0.00, real=0.00 secs] 
333.750: Total time for which application threads were stopped: 0.0024720 seconds, Stopping threads took: 0.0000870 seconds
333.810: Application time: 0.0598970 seconds
333.810: [GC333.810: [ParNew: 37174K->4156K(37568K), 0.0020480 secs] 416344K->385434K(556072K), 0.0020880 secs] [Times: user=0.01 sys=0.00, real=0.00 secs] 
333.812: Total time for which application threads were stopped: 0.0022330 seconds, Stopping threads took: 0.0000580 seconds
333.871: Application time: 0.0585860 seconds
333.871: [GC333.871: [ParNew: 36907K->4120K(37568K), 0.0022420 secs] 418185K->387471K(556072K), 0.0022850 secs] [Times: user=0.01 sys=0.00, real=0.00 secs] 
333.873: Total time for which application threads were stopped: 0.0024150 seconds, Stopping threads took: 0.0000650 seconds
333.933: Application time: 0.0595290 seconds
333.933: [GC333.933: [ParNew: 37158K->4143K(37568K), 0.0021170 secs] 420510K->389543K(556072K), 0.0021580 secs] [Times: user=0.01 sys=0.00, real=0.00 secs] 
333.935: Total time for which application threads were stopped: 0.0023390 seconds, Stopping threads took: 0.0001030 seconds
333.998: Application time: 0.0623260 seconds
333.998: [GC333.998: [ParNew: 37233K->4142K(37568K), 0.0024110 secs] 422633K->392642K(556072K), 0.0024530 secs] [Times: user=0.01 sys=0.00, real=0.00 secs] 
334.000: Total time for which application threads were stopped: 0.0025960 seconds, Stopping threads took: 0.0000760 seconds
334.067: Application time: 0.0673540 seconds
334.068: [GC334.068: [ParNew: 36714K->3109K(37568K), 0.0011970 secs] 425214K->391638K(556072K), 0.0012370 secs] [Times: user=0.01 sys=0.00, real=0.00 secs] 
334.069: Total time for which application threads were stopped: 0.0013910 seconds, Stopping threads took: 0.0000890 seconds
334.125: Application time: 0.0558140 seconds
334.125: [GC334.125: [ParNew: 35555K->4116K(37568K), 0.0020610 secs] 424084K->394693K(556072K), 0.0021030 secs] [Times: user=0.02 sys=0.00, real=0.00 secs] 
334.127: Total time for which application threads were stopped: 0.0022510 seconds, Stopping threads took: 0.0000800 seconds
334.184: Application time: 0.0572800 seconds
334.184: [GC334.184: [ParNew: 36968K->4114K(37568K), 0.0026070 secs] 427544K->397763K(556072K), 0.0026490 secs] [Times: user=0.02 sys=0.00, real=0.00 secs] 
334.187: Total time for which application threads were stopped: 0.0027950 seconds, Stopping threads took: 0.0000700 seconds
334.247: Application time: 0.0603580 seconds
334.248: [GC334.248: [ParNew: 37059K->4158K(37568K), 0.0021700 secs] 430708K->399855K(556072K), 0.0022160 secs] [Times: user=0.02 sys=0.00, real=0.00 secs] 
334.250: Total time for which application threads were stopped: 0.0023730 seconds, Stopping threads took: 0.0000880 seconds
334.312: Application time: 0.0620820 seconds
334.312: [GC334.312: [ParNew: 37280K->4152K(37568K), 0.0021160 secs] 432978K->401942K(556072K), 0.0021580 secs] [Times: user=0.02 sys=0.00, real=0.00 secs] 
334.314: Total time for which application threads were stopped: 0.0023340 seconds, Stopping threads took: 0.0000990 seconds
334.377: Application time: 0.0628930 seconds
334.377: [GC334.377: [ParNew: 37057K->3109K(37568K), 0.0013210 secs] 434847K->400940K(556072K), 0.0013580 secs] [Times: user=0.01 sys=0.00, real=0.00 secs] 
334.379: Total time for which application threads were stopped: 0.0015390 seconds, Stopping threads took: 0.0001160 seconds
334.434: Application time: 0.0555610 seconds
334.434: [GC334.434: [ParNew: 35493K->4148K(37568K), 0.0018560 secs] 433324K->403019K(556072K), 0.0018970 secs] [Times: user=0.01 sys=0.00, real=0.00 secs] 
334.436: Total time for which application threads were stopped: 0.0020230 seconds, Stopping threads took: 0.0000590 seconds
334.493: Application time: 0.0568640 seconds
334.493: [GC334.493: [ParNew: 37016K->4156K(37568K), 0.0021330 secs] 435888K->405120K(556072K), 0.0021740 secs] [Times: user=0.02 sys=0.00, real=0.00 secs] 
334.495: Total time for which application threads were stopped: 0.0023370 seconds, Stopping threads took: 0.0000980 seconds
334.556: Application time: 0.0604100 seconds
334.556: [GC334.556: [ParNew: 37001K->4130K(37568K), 0.0022030 secs] 437964K->407167K(556072K), 0.0022440 secs] [Times: user=0.01 sys=0.00, real=0.01 secs] 
334.558: Total time for which application threads were stopped: 0.0024100 seconds, Stopping threads took: 0.0000990 seconds
334.619: Application time: 0.0608880 seconds
334.619: [GC334.619: [ParNew: 37028K->4145K(37568K), 0.0017870 secs] 440065K->408221K(556072K), 0.0018280 secs] [Times: user=0.01 sys=0.00, real=0.00 secs] 
334.621: Total time for which application threads were stopped: 0.0019490 seconds, Stopping threads took: 0.0000560 seconds
334.678: Application time: 0.0564520 seconds
334.678: [GC334.678: [ParNew: 36666K->4142K(37568K), 0.0018690 secs] 440742K->409255K(556072K), 0.0019090 secs] [Times: user=0.02 sys=0.00, real=0.00 secs] 
334.680: Total time for which application threads were stopped: 0.0020680 seconds, Stopping threads took: 0.0000900 seconds
334.741: Application time: 0.0614500 seconds
334.741: [GC334.741: [ParNew: 37056K->4114K(37568K), 0.0019950 secs] 442170K->411304K(556072K), 0.0020480 secs] [Times: user=0.02 sys=0.00, real=0.00 secs] 
334.743: Total time for which application threads were stopped: 0.0021740 seconds, Stopping threads took: 0.0000630 seconds
334.799: Application time: 0.0555170 seconds
334.799: [GC334.799: [ParNew: 36645K->4116K(37568K), 0.0020730 secs] 443835K->413354K(556072K), 0.0021160 secs] [Times: user=0.02 sys=0.00, real=0.00 secs] 
334.801: Total time for which application threads were stopped: 0.0022720 seconds, Stopping threads took: 0.0000890 seconds
334.862: Application time: 0.0608760 seconds
334.862: [GC334.862: [ParNew: 37054K->4113K(37568K), 0.0020880 secs] 446292K->415399K(556072K), 0.0021340 secs] [Times: user=0.01 sys=0.00, real=0.00 secs] 
334.864: Total time for which application threads were stopped: 0.0022840 seconds, Stopping threads took: 0.0000690 seconds
334.926: Application time: 0.0619670 seconds
334.926: [GC334.926: [ParNew: 37209K->4142K(37568K), 0.0023910 secs] 448495K->418500K(556072K), 0.0024340 secs] [Times: user=0.02 sys=0.00, real=0.00 secs] 
334.929: Total time for which application threads were stopped: 0.0026240 seconds, Stopping threads took: 0.0001220 seconds
334.987: Application time: 0.0585350 seconds
334.987: [GC334.987: [ParNew: 37093K->4158K(37568K), 0.0019710 secs] 451451K->419613K(556072K), 0.0020130 secs] [Times: user=0.02 sys=0.00, real=0.00 secs] 
334.989: Total time for which application threads were stopped: 0.0021710 seconds, Stopping threads took: 0.0000880 seconds
335.051: Application time: 0.0615340 seconds
335.051: [GC335.051: [ParNew: 36970K->4130K(37568K), 0.0016160 secs] 452425K->419598K(556072K), 0.0016540 secs] [Times: user=0.01 sys=0.00, real=0.00 secs] 
335.053: Total time for which application threads were stopped: 0.0018040 seconds, Stopping threads took: 0.0000840 seconds
335.115: Application time: 0.0624850 seconds
335.115: [GC335.115: [ParNew: 37063K->3182K(37568K), 0.0013720 secs] 452531K->418650K(556072K), 0.0014060 secs] [Times: user=0.01 sys=0.00, real=0.01 secs] 
335.117: Total time for which application threads were stopped: 0.0015260 seconds, Stopping threads took: 0.0000600 seconds
335.173: Application time: 0.0566520 seconds
335.174: [GC335.174: [ParNew: 36564K->4147K(37568K), 0.0018760 secs] 452032K->420696K(556072K), 0.0019140 secs] [Times: user=0.02 sys=0.00, real=0.00 secs] 
335.176: Total time for which application threads were stopped: 0.0020480 seconds, Stopping threads took: 0.0000690 seconds
335.232: Application time: 0.0563920 seconds
335.232: [GC335.232: [ParNew: 36830K->4112K(37568K), 0.0025340 secs] 453379K->423761K(556072K), 0.0025760 secs] [Times: user=0.02 sys=0.00, real=0.00 secs] 
335.235: Total time for which application threads were stopped: 0.0027370 seconds, Stopping threads took: 0.0000940 seconds
335.295: Application time: 0.0607620 seconds
335.296: [GC335.296: [ParNew: 37062K->4159K(37568K), 0.0018340 secs] 456712K->424833K(556072K), 0.0018740 secs] [Times: user=0.02 sys=0.00, real=0.01 secs] 
335.297: Total time for which application threads were stopped: 0.0020040 seconds, Stopping threads took: 0.0000620 seconds
335.357: Application time: 0.0592800 seconds
335.357: [GC335.357: [ParNew: 36963K->4157K(37568K), 0.0019160 secs] 457637K->425891K(556072K), 0.0019580 secs] [Times: user=0.01 sys=0.00, real=0.00 secs] 
335.359: Total time for which application threads were stopped: 0.0021000 seconds, Stopping threads took: 0.0000720 seconds
335.421: Application time: 0.0625710 seconds
335.422: [GC335.422: [ParNew: 37027K->4132K(37568K), 0.0016220 secs] 458761K->425887K(556072K), 0.0016580 secs] [Times: user=0.01 sys=0.00, real=0.00 secs] 
335.423: Total time for which application threads were stopped: 0.0018480 seconds, Stopping threads took: 0.0001210 seconds
335.478: Application time: 0.0550080 seconds
335.478: [GC335.478: [ParNew: 36696K->4112K(37568K), 0.0022390 secs] 458450K->427915K(556072K), 0.0022810 secs] [Times: user=0.01 sys=0.00, real=0.00 secs] 
335.481: Total time for which application threads were stopped: 0.0024210 seconds, Stopping threads took: 0.0000630 seconds
335.539: Application time: 0.0580160 seconds
335.539: [GC335.539: [ParNew: 36937K->4112K(37568K), 0.0023900 secs] 460739K->430986K(556072K), 0.0024360 secs] [Times: user=0.01 sys=0.00, real=0.00 secs] 
335.541: Total time for which application threads were stopped: 0.0025800 seconds, Stopping threads took: 0.0000730 seconds
335.606: Application time: 0.0644500 seconds
335.606: [GC335.606: [ParNew: 37223K->4158K(37568K), 0.0020220 secs] 464098K->432057K(556072K), 0.0020640 secs] [Times: user=0.02 sys=0.00, real=0.00 secs] 
335.608: Total time for which application threads were stopped: 0.0022030 seconds, Stopping threads took: 0.0000710 seconds
335.667: Application time: 0.0595170 seconds
335.668: [GC335.668: [ParNew: 37134K->4158K(37568K), 0.0018760 secs] 465033K->433155K(556072K), 0.0019190 secs] [Times: user=0.01 sys=0.00, real=0.00 secs] 
335.669: Total time for which application threads were stopped: 0.0020570 seconds, Stopping threads took: 0.0000650 seconds
335.728: Application time: 0.0588190 seconds
335.728: [GC335.728: [ParNew: 36713K->4139K(37568K), 0.0015450 secs] 465710K->433149K(556072K), 0.0015860 secs] [Times: user=0.01 sys=0.00, real=0.00 secs] 
335.730: Total time for which application threads were stopped: 0.0017610 seconds, Stopping threads took: 0.0001070 seconds
 CMS: abort preclean due to time 335.731: [CMS-concurrent-abortable-preclean: 0.085/5.053 secs] [Times: user=39.80 sys=0.02, real=5.05 secs] 
335.732: Application time: 0.0022890 seconds
335.733: [GC[YG occupancy: 5317 K (37568 K)]335.733: [Rescan (parallel) , 0.0002640 secs]335.733: [weak refs processing, 0.0000060 secs]335.733: [scrub string table, 0.0001230 secs] [1 CMS-remark: 429009K(518504K)] 434327K(556072K), 0.0004180 secs] [Times: user=0.00 sys=0.00, real=0.00 secs] 
335.733: Total time for which application threads were stopped: 0.0006130 seconds, Stopping threads took: 0.0001700 seconds
335.733: [CMS-concurrent-sweep-start]
335.734: [CMS-concurrent-sweep: 0.001/0.001 secs] [Times: user=0.00 sys=0.00, real=0.00 secs] 
335.734: [CMS-concurrent-reset-start]
335.737: [CMS-concurrent-reset: 0.002/0.002 secs] [Times: user=0.03 sys=0.00, real=0.01 secs] 
335.794: Application time: 0.0614100 seconds
335.794: [GC335.795: [ParNew: 37235K->3171K(37568K), 0.0011430 secs] 160454K->126390K(556072K), 0.0011780 secs] [Times: user=0.01 sys=0.00, real=0.00 secs] 
335.796: Total time for which application threads were stopped: 0.0012960 seconds, Stopping threads took: 0.0000570 seconds
335.854: Application time: 0.0585970 seconds
335.854: [GC335.854: [ParNew: 35810K->4153K(37568K), 0.0014180 secs] 159028K->127429K(556072K), 0.0014560 secs] [Times: user=0.01 sys=0.00, real=0.00 secs] 
335.856: Total time for which application threads were stopped: 0.0016100 seconds, Stopping threads took: 0.0000910 seconds
335.910: Application time: 0.0539510 seconds
335.910: [GC335.910: [ParNew: 37459K->4116K(37568K), 0.0020640 secs] 160735K->129468K(556072K), 0.0021060 secs] [Times: user=0.01 sys=0.00, real=0.00 secs] 
335.912: Total time for which application threads were stopped: 0.0022440 seconds, Stopping threads took: 0.0000720 seconds
335.971: Application time: 0.0591710 seconds
335.971: [GC335.971: [ParNew: 36986K->4144K(37568K), 0.0020900 secs] 162338K->131561K(556072K), 0.0021300 secs] [Times: user=0.01 sys=0.00, real=0.00 secs] 
335.974: Total time for which application threads were stopped: 0.0023070 seconds, Stopping threads took: 0.0001000 seconds
336.030: Application time: 0.0560740 seconds
336.030: [GC336.030: [ParNew: 36976K->4138K(37568K), 0.0025300 secs] 164393K->134639K(556072K), 0.0025720 secs] [Times: user=0.02 sys=0.00, real=0.00 secs] 
336.032: Total time for which application threads were stopped: 0.0027030 seconds, Stopping threads took: 0.0000610 seconds
336.093: Application time: 0.0609740 seconds
336.093: [GC336.093: [ParNew: 37045K->4127K(37568K), 0.0017910 secs] 167546K->135681K(556072K), 0.0018300 secs] [Times: user=0.02 sys=0.00, real=0.00 secs] 
336.095: Total time for which application threads were stopped: 0.0019630 seconds, Stopping threads took: 0.0000630 seconds
336.157: Application time: 0.0621170 seconds
336.158: [GC336.158: [ParNew: 36999K->4115K(37568K), 0.0016620 secs] 168553K->136693K(556072K), 0.0016990 secs] [Times: user=0.01 sys=0.00, real=0.00 secs] 
336.159: Total time for which application threads were stopped: 0.0018300 seconds, Stopping threads took: 0.0000660 seconds
336.215: Application time: 0.0561320 seconds
336.216: [GC336.216: [ParNew: 36907K->4112K(37568K), 0.0023740 secs] 169484K->139761K(556072K), 0.0024190 secs] [Times: user=0.02 sys=0.00, real=0.01 secs] 
336.218: Total time for which application threads were stopped: 0.0025860 seconds, Stopping threads took: 0.0001000 seconds
336.280: Application time: 0.0620020 seconds
336.280: [GC336.280: [ParNew: 37176K->4140K(37568K), 0.0023520 secs] 172825K->142861K(556072K), 0.0023930 secs] [Times: user=0.01 sys=0.00, real=0.00 secs] 
336.283: Total time for which application threads were stopped: 0.0025340 seconds, Stopping threads took: 0.0000740 seconds
336.345: Application time: 0.0622450 seconds
336.345: [GC336.345: [ParNew: 37347K->4156K(37568K), 0.0020490 secs] 176069K->144987K(556072K), 0.0020910 secs] [Times: user=0.02 sys=0.00, real=0.00 secs] 
336.347: Total time for which application threads were stopped: 0.0022350 seconds, Stopping threads took: 0.0000820 seconds
336.404: Application time: 0.0571100 seconds
336.404: [GC336.404: [ParNew: 36627K->4134K(37568K), 0.0016100 secs] 177457K->144989K(556072K), 0.0016490 secs] [Times: user=0.01 sys=0.01, real=0.01 secs] 
336.406: Total time for which application threads were stopped: 0.0018060 seconds, Stopping threads took: 0.0000880 seconds
336.469: Application time: 0.0626230 seconds
336.469: [GC336.469: [ParNew: 37195K->4155K(37568K), 0.0015050 secs] 178050K->145043K(556072K), 0.0015450 secs] [Times: user=0.01 sys=0.00, real=0.00 secs] 
336.470: Total time for which application threads were stopped: 0.0016950 seconds, Stopping threads took: 0.0000850 seconds
336.528: Application time: 0.0578340 seconds
336.528: [GC336.528: [ParNew: 36564K->3158K(37568K), 0.0013490 secs] 177451K->144070K(556072K), 0.0013920 secs] [Times: user=0.01 sys=0.00, real=0.00 secs] 
336.530: Total time for which application threads were stopped: 0.0015200 seconds, Stopping threads took: 0.0000530 seconds
336.584: Application time: 0.0545120 seconds
336.584: [GC336.584: [ParNew: 36566K->4135K(37568K), 0.0020670 secs] 177478K->147124K(556072K), 0.0021100 secs] [Times: user=0.02 sys=0.00, real=0.01 secs] 
336.586: Total time for which application threads were stopped: 0.0022860 seconds, Stopping threads took: 0.0001080 seconds
336.647: Application time: 0.0608870 seconds
336.647: [GC336.647: [ParNew: 37107K->4159K(37568K), 0.0020850 secs] 180096K->149196K(556072K), 0.0021260 secs] [Times: user=0.02 sys=0.00, real=0.00 secs] 
336.650: Total time for which application threads were stopped: 0.0022520 seconds, Stopping threads took: 0.0000640 seconds
336.706: Application time: 0.0563690 seconds
336.706: [GC336.706: [ParNew: 36947K->4144K(37568K), 0.0020610 secs] 181984K->151257K(556072K), 0.0021010 secs] [Times: user=0.02 sys=0.00, real=0.00 secs] 
336.708: Total time for which application threads were stopped: 0.0022410 seconds, Stopping threads took: 0.0000730 seconds
336.769: Application time: 0.0608930 seconds
336.769: [GC336.769: [ParNew: 37087K->4114K(37568K), 0.0020770 secs] 184201K->153304K(556072K), 0.0021180 secs] [Times: user=0.02 sys=0.00, real=0.00 secs] 
336.771: Total time for which application threads were stopped: 0.0022770 seconds, Stopping threads took: 0.0000890 seconds
336.831: Application time: 0.0599140 seconds
336.831: [GC336.831: [ParNew: 37073K->4112K(37568K), 0.0022950 secs] 186263K->156374K(556072K), 0.0023360 secs] [Times: user=0.02 sys=0.00, real=0.00 secs] 
336.834: Total time for which application threads were stopped: 0.0024660 seconds, Stopping threads took: 0.0000640 seconds
336.893: Application time: 0.0597030 seconds
336.894: [GC336.894: [ParNew: 36926K->4130K(37568K), 0.0020830 secs] 189188K->158440K(556072K), 0.0021320 secs] [Times: user=0.01 sys=0.00, real=0.00 secs] 
336.896: Total time for which application threads were stopped: 0.0023040 seconds, Stopping threads took: 0.0001110 seconds
336.956: Application time: 0.0601480 seconds
336.956: [GC336.956: [ParNew: 37000K->4158K(37568K), 0.0018290 secs] 191310K->159492K(556072K), 0.0018690 secs] [Times: user=0.01 sys=0.00, real=0.01 secs] 
336.958: Total time for which application threads were stopped: 0.0020100 seconds, Stopping threads took: 0.0000750 seconds
337.018: Application time: 0.0600070 seconds
337.018: [GC337.018: [ParNew: 37108K->4153K(37568K), 0.0020370 secs] 192442K->161580K(556072K), 0.0020760 secs] [Times: user=0.01 sys=0.00, real=0.00 secs] 
337.020: Total time for which application threads were stopped: 0.0022290 seconds, Stopping threads took: 0.0000850 seconds
337.080: Application time: 0.0596180 seconds
337.080: [GC337.080: [ParNew: 36923K->4132K(37568K), 0.0022490 secs] 194349K->163647K(556072K), 0.0022890 secs] [Times: user=0.01 sys=0.00, real=0.00 secs] 
337.082: Total time for which application threads were stopped: 0.0024500 seconds, Stopping threads took: 0.0000820 seconds
337.144: Application time: 0.0619330 seconds
337.144: [GC337.144: [ParNew: 37103K->4155K(37568K), 0.0015010 secs] 196619K->163710K(556072K), 0.0015360 secs] [Times: user=0.01 sys=0.00, real=0.01 secs] 
337.146: Total time for which application threads were stopped: 0.0016800 seconds, Stopping threads took: 0.0000870 seconds
337.203: Application time: 0.0576560 seconds
337.204: [GC337.204: [ParNew: 37563K->4155K(37568K), 0.0015370 secs] 197118K->163752K(556072K), 0.0015800 secs] [Times: user=0.01 sys=0.00, real=0.01 secs] 
337.205: Total time for which application threads were stopped: 0.0017290 seconds, Stopping threads took: 0.0000820 seconds
337.262: Application time: 0.0563570 seconds
337.262: [GC337.262: [ParNew: 36596K->4116K(37568K), 0.0023760 secs] 196192K->166789K(556072K), 0.0024180 secs] [Times: user=0.02 sys=0.00, real=0.00 secs] 
337.264: Total time for which application threads were stopped: 0.0025480 seconds, Stopping threads took: 0.0000630 seconds
337.324: Application time: 0.0595130 seconds
337.324: [GC337.324: [ParNew: 37108K->4153K(37568K), 0.0018070 secs] 199782K->167858K(556072K), 0.0018400 secs] [Times: user=0.01 sys=0.00, real=0.01 secs] 
337.326: Total time for which application threads were stopped: 0.0019760 seconds, Stopping threads took: 0.0000720 seconds
337.381: Application time: 0.0550400 seconds
337.381: [GC337.381: [ParNew: 36930K->4140K(37568K), 0.0023570 secs] 200635K->170938K(556072K), 0.0024010 secs] [Times: user=0.01 sys=0.00, real=0.00 secs] 
337.383: Total time for which application threads were stopped: 0.0025470 seconds, Stopping threads took: 0.0000770 seconds
337.446: Application time: 0.0627520 seconds
337.446: [GC337.446: [ParNew: 37134K->4114K(37568K), 0.0023200 secs] 203932K->174012K(556072K), 0.0023610 secs] [Times: user=0.02 sys=0.00, real=0.00 secs] 
337.448: Total time for which application threads were stopped: 0.0024950 seconds, Stopping threads took: 0.0000710 seconds
337.506: Application time: 0.0579040 seconds
337.506: [GC337.506: [ParNew: 36982K->4129K(37568K), 0.0020930 secs] 206880K->176076K(556072K), 0.0021330 secs] [Times: user=0.02 sys=0.00, real=0.00 secs] 
337.509: Total time for which application threads were stopped: 0.0022690 seconds, Stopping threads took: 0.0000680 seconds
337.570: Application time: 0.0610450 seconds
337.570: [GC337.570: [ParNew: 37031K->4130K(37568K), 0.0018120 secs] 208977K->177100K(556072K), 0.0018500 secs] [Times: user=0.02 sys=0.00, real=0.00 secs] 
337.572: Total time for which application threads were stopped: 0.0020000 seconds, Stopping threads took: 0.0000820 seconds
337.633: Application time: 0.0612960 seconds
337.633: [GC337.633: [ParNew: 37133K->4148K(37568K), 0.0020990 secs] 210103K->179166K(556072K), 0.0021420 secs] [Times: user=0.01 sys=0.00, real=0.00 secs] 
337.635: Total time for which application threads were stopped: 0.0023110 seconds, Stopping threads took: 0.0000830 seconds
337.697: Application time: 0.0617330 seconds
337.697: [GC337.697: [ParNew: 37227K->4159K(37568K), 0.0016040 secs] 212245K->179265K(556072K), 0.0016430 secs] [Times: user=0.01 sys=0.00, real=0.00 secs] 
337.699: Total time for which application threads were stopped: 0.0018060 seconds, Stopping threads took: 0.0000980 seconds
337.757: Application time: 0.0577200 seconds
337.757: [GC337.757: [ParNew: 36550K->4118K(37568K), 0.0018000 secs] 211656K->180249K(556072K), 0.0018400 secs] [Times: user=0.01 sys=0.00, real=0.00 secs] 
337.759: Total time for which application threads were stopped: 0.0020040 seconds, Stopping threads took: 0.0000950 seconds
337.821: Application time: 0.0627550 seconds
337.823: [GC337.823: [ParNew: 37040K->4144K(37568K), 0.0018700 secs] 213172K->181316K(556072K), 0.0019060 secs] [Times: user=0.01 sys=0.00, real=0.01 secs] 
337.825: Total time for which application threads were stopped: 0.0031920 seconds, Stopping threads took: 0.0012210 seconds
337.880: Application time: 0.0551470 seconds
337.880: [GC337.880: [ParNew: 37552K->4157K(37568K), 0.0017860 secs] 214724K->182381K(556072K), 0.0018320 secs] [Times: user=0.02 sys=0.00, real=0.00 secs] 
337.882: Total time for which application threads were stopped: 0.0019640 seconds, Stopping threads took: 0.0000610 seconds
337.939: Application time: 0.0568980 seconds
337.939: [GC337.939: [ParNew: 36829K->4117K(37568K), 0.0021980 secs] 215054K->184430K(556072K), 0.0022400 secs] [Times: user=0.02 sys=0.00, real=0.00 secs] 
337.941: Total time for which application threads were stopped: 0.0023990 seconds, Stopping threads took: 0.0000910 seconds
337.996: Application time: 0.0548540 seconds
337.996: [GC337.996: [ParNew: 36846K->4144K(37568K), 0.0020910 secs] 217160K->186505K(556072K), 0.0021290 secs] [Times: user=0.01 sys=0.00, real=0.01 secs] 
337.998: Total time for which application threads were stopped: 0.0022490 seconds, Stopping threads took: 0.0000600 seconds
338.061: Application time: 0.0625200 seconds
338.061: [GC338.061: [ParNew: 37159K->4144K(37568K), 0.0020200 secs] 219520K->188582K(556072K), 0.0020630 secs] [Times: user=0.02 sys=0.00, real=0.00 secs] 
338.063: Total time for which application threads were stopped: 0.0022080 seconds, Stopping threads took: 0.0000790 seconds
338.119: Application time: 0.0562730 seconds
338.119: [GC338.119: [ParNew: 36984K->4112K(37568K), 0.0023290 secs] 221422K->191650K(556072K), 0.0023710 secs] [Times: user=0.02 sys=0.00, real=0.00 secs] 
338.122: Total time for which application threads were stopped: 0.0025300 seconds, Stopping threads took: 0.0000950 seconds
338.185: Application time: 0.0633050 seconds
338.185: [GC338.185: [ParNew: 37115K->4112K(37568K), 0.0024080 secs] 224653K->194722K(556072K), 0.0024480 secs] [Times: user=0.02 sys=0.00, real=0.00 secs] 
338.187: Total time for which application threads were stopped: 0.0026090 seconds, Stopping threads took: 0.0000850 seconds
338.250: Application time: 0.0620450 seconds
338.250: [GC338.250: [ParNew: 37086K->4114K(37568K), 0.0023830 secs] 227696K->197796K(556072K), 0.0024240 secs] [Times: user=0.01 sys=0.00, real=0.00 secs] 
338.252: Total time for which application threads were stopped: 0.0026670 seconds, Stopping threads took: 0.0001750 seconds
338.311: Application time: 0.0584350 seconds
338.311: [GC338.311: [ParNew: 36905K->4159K(37568K), 0.0018300 secs] 230588K->198865K(556072K), 0.0018730 secs] [Times: user=0.01 sys=0.00, real=0.00 secs] 
338.313: Total time for which application threads were stopped: 0.0020480 seconds, Stopping threads took: 0.0001060 seconds
338.374: Application time: 0.0615580 seconds
338.374: [GC338.374: [ParNew: 37124K->4158K(37568K), 0.0016040 secs] 231831K->198942K(556072K), 0.0016390 secs] [Times: user=0.01 sys=0.00, real=0.00 secs] 
338.376: Total time for which application threads were stopped: 0.0017980 seconds, Stopping threads took: 0.0000920 seconds
338.437: Application time: 0.0610920 seconds
338.437: [GC338.437: [ParNew: 36836K->4119K(37568K), 0.0015030 secs] 231620K->198912K(556072K), 0.0015490 secs] [Times: user=0.01 sys=0.00, real=0.00 secs] 
338.439: Total time for which application threads were stopped: 0.0016760 seconds, Stopping threads took: 0.0000610 seconds
338.497: Application time: 0.0582240 seconds
338.497: [GC338.497: [ParNew: 36760K->4159K(37568K), 0.0014790 secs] 231553K->198952K(556072K), 0.0015190 secs] [Times: user=0.01 sys=0.00, real=0.00 secs] 
338.499: Total time for which application threads were stopped: 0.0016320 seconds, Stopping threads took: 0.0000530 seconds
338.552: Application time: 0.0533170 seconds
338.552: [GC338.552: [ParNew: 36589K->4158K(37568K), 0.0017520 secs] 231382K->200035K(556072K), 0.0017930 secs] [Times: user=0.01 sys=0.00, real=0.00 secs] 
338.554: Total time for which application threads were stopped: 0.0019240 seconds, Stopping threads took: 0.0000660 seconds
338.613: Application time: 0.0586180 seconds
338.613: [GC338.613: [ParNew: 36938K->4118K(37568K), 0.0017360 secs] 232815K->201045K(556072K), 0.0017760 secs] [Times: user=0.01 sys=0.00, real=0.00 secs] 
338.614: Total time for which application threads were stopped: 0.0019170 seconds, Stopping threads took: 0.0000760 seconds
338.672: Application time: 0.0575950 seconds
338.672: [GC338.672: [ParNew: 37043K->4140K(37568K), 0.0023310 secs] 233969K->204138K(556072K), 0.0023740 secs] [Times: user=0.02 sys=0.00, real=0.00 secs] 
338.675: Total time for which application threads were stopped: 0.0025060 seconds, Stopping threads took: 0.0000640 seconds
338.735: Application time: 0.0607450 seconds
338.735: [GC338.735: [ParNew: 37135K->4144K(37568K), 0.0017140 secs] 237133K->205212K(556072K), 0.0017530 secs] [Times: user=0.01 sys=0.00, real=0.01 secs] 
338.737: Total time for which application threads were stopped: 0.0019140 seconds, Stopping threads took: 0.0000890 seconds
338.796: Application time: 0.0588530 seconds
338.796: [GC338.796: [ParNew: 36948K->4121K(37568K), 0.0019560 secs] 238016K->207248K(556072K), 0.0019980 secs] [Times: user=0.02 sys=0.00, real=0.01 secs] 
338.798: Total time for which application threads were stopped: 0.0021420 seconds, Stopping threads took: 0.0000830 seconds
338.857: Application time: 0.0589350 seconds
338.857: [GC338.857: [ParNew: 36998K->4112K(37568K), 0.0024600 secs] 240126K->210311K(556072K), 0.0025020 secs] [Times: user=0.01 sys=0.00, real=0.00 secs] 
338.860: Total time for which application threads were stopped: 0.0026460 seconds, Stopping threads took: 0.0000760 seconds
338.922: Application time: 0.0618680 seconds
338.922: [GC338.922: [ParNew: 37070K->4114K(37568K), 0.0023840 secs] 243270K->213385K(556072K), 0.0024220 secs] [Times: user=0.02 sys=0.00, real=0.00 secs] 
338.924: Total time for which application threads were stopped: 0.0025510 seconds, Stopping threads took: 0.0000620 seconds
338.984: Application time: 0.0601980 seconds
338.985: [GC338.985: [ParNew: 37079K->4139K(37568K), 0.0021960 secs] 246351K->215459K(556072K), 0.0022370 secs] [Times: user=0.01 sys=0.00, real=0.00 secs] 
338.987: Total time for which application threads were stopped: 0.0023770 seconds, Stopping threads took: 0.0000670 seconds
339.050: Application time: 0.0631380 seconds
339.050: [GC339.050: [ParNew: 37290K->4156K(37568K), 0.0016430 secs] 248610K->215548K(556072K), 0.0016820 secs] [Times: user=0.01 sys=0.00, real=0.00 secs] 
339.052: Total time for which application threads were stopped: 0.0018330 seconds, Stopping threads took: 0.0000860 seconds
339.111: Application time: 0.0588670 seconds
339.111: [GC339.111: [ParNew: 36550K->3097K(37568K), 0.0013810 secs] 247942K->214502K(556072K), 0.0014150 secs] [Times: user=0.01 sys=0.00, real=0.00 secs] 
339.112: Total time for which application threads were stopped: 0.0015570 seconds, Stopping threads took: 0.0000780 seconds
339.176: Application time: 0.0642000 seconds
339.177: [GC339.177: [ParNew: 36321K->150K(37568K), 0.0006240 secs] 247727K->211556K(556072K), 0.0006530 secs] [Times: user=0.01 sys=0.00, real=0.00 secs] 
339.177: Total time for which application threads were stopped: 0.0007910 seconds, Stopping threads took: 0.0000830 seconds
339.221: Application time: 0.0442500 seconds
339.222: [GC339.222: [ParNew: 32698K->4150K(37568K), 0.0023960 secs] 244103K->218676K(556072K), 0.0024490 secs] [Times: user=0.02 sys=0.00, real=0.00 secs] 
339.224: Total time for which application threads were stopped: 0.0026100 seconds, Stopping threads took: 0.0000910 seconds
339.286: Application time: 0.0614530 seconds
339.286: [GC339.286: [ParNew: 37075K->4112K(37568K), 0.0020680 secs] 251600K->220723K(556072K), 0.0021070 secs] [Times: user=0.01 sys=0.00, real=0.00 secs] 
339.288: Total time for which application threads were stopped: 0.0022650 seconds, Stopping threads took: 0.0000850 seconds
339.347: Application time: 0.0589030 seconds
339.347: [GC339.347: [ParNew: 37159K->4139K(37568K), 0.0020520 secs] 253770K->222798K(556072K), 0.0020970 secs] [Times: user=0.02 sys=0.00, real=0.00 secs] 
339.349: Total time for which application threads were stopped: 0.0022510 seconds, Stopping threads took: 0.0000900 seconds
339.411: Application time: 0.0624210 seconds
339.411: [GC339.412: [ParNew: 37217K->4158K(37568K), 0.0019920 secs] 255876K->224893K(556072K), 0.0020310 secs] [Times: user=0.01 sys=0.00, real=0.00 secs] 
339.414: Total time for which application threads were stopped: 0.0021810 seconds, Stopping threads took: 0.0000850 seconds
339.471: Application time: 0.0570960 seconds
339.471: [GC339.471: [ParNew: 36845K->4118K(37568K), 0.0020070 secs] 257581K->226930K(556072K), 0.0020500 secs] [Times: user=0.01 sys=0.00, real=0.00 secs] 
339.473: Total time for which application threads were stopped: 0.0022040 seconds, Stopping threads took: 0.0000880 seconds
339.535: Application time: 0.0623060 seconds
339.535: [GC339.535: [ParNew: 37048K->4112K(37568K), 0.0022810 secs] 259860K->229996K(556072K), 0.0023240 secs] [Times: user=0.02 sys=0.00, real=0.01 secs] 
339.538: Total time for which application threads were stopped: 0.0024680 seconds, Stopping threads took: 0.0000770 seconds
339.598: Application time: 0.0603550 seconds
339.598: [GC339.598: [ParNew: 37069K->4116K(37568K), 0.0023220 secs] 262953K->233072K(556072K), 0.0023620 secs] [Times: user=0.00 sys=0.01, real=0.00 secs] 
339.600: Total time for which application threads were stopped: 0.0024820 seconds, Stopping threads took: 0.0000580 seconds
339.661: Application time: 0.0602370 seconds
339.661: [GC339.661: [ParNew: 37112K->4153K(37568K), 0.0017470 secs] 266068K->234141K(556072K), 0.0017870 secs] [Times: user=0.01 sys=0.00, real=0.00 secs] 
339.663: Total time for which application threads were stopped: 0.0019160 seconds, Stopping threads took: 0.0000600 seconds
339.725: Application time: 0.0623170 seconds
339.725: [GC339.725: [ParNew: 37292K->4158K(37568K), 0.0018340 secs] 267281K->235235K(556072K), 0.0018730 secs] [Times: user=0.02 sys=0.00, real=0.00 secs] 
339.727: Total time for which application threads were stopped: 0.0020630 seconds, Stopping threads took: 0.0001260 seconds
339.787: Application time: 0.0604470 seconds
339.788: [GC339.788: [ParNew: 36788K->4150K(37568K), 0.0015050 secs] 267865K->235240K(556072K), 0.0015430 secs] [Times: user=0.01 sys=0.00, real=0.00 secs] 
339.789: Total time for which application threads were stopped: 0.0017090 seconds, Stopping threads took: 0.0000930 seconds
339.849: Application time: 0.0598370 seconds
339.852: [GC339.852: [ParNew: 36930K->1156K(37568K), 0.0008020 secs] 268020K->232246K(556072K), 0.0008300 secs] [Times: user=0.00 sys=0.00, real=0.00 secs] 
339.853: Total time for which application threads were stopped: 0.0042310 seconds, Stopping threads took: 0.0033510 seconds
339.906: Application time: 0.0531020 seconds
339.906: [GC339.906: [ParNew: 34050K->4155K(37568K), 0.0020300 secs] 265140K->237341K(556072K), 0.0020670 secs] [Times: user=0.01 sys=0.00, real=0.00 secs] 
339.909: Total time for which application threads were stopped: 0.0021860 seconds, Stopping threads took: 0.0000570 seconds
339.964: Application time: 0.0556370 seconds
339.964: [GC339.964: [ParNew: 36960K->4112K(37568K), 0.0024230 secs] 270147K->240408K(556072K), 0.0024850 secs] [Times: user=0.02 sys=0.01, real=0.01 secs] 
339.967: Total time for which application threads were stopped: 0.0026190 seconds, Stopping threads took: 0.0000650 seconds
340.023: Application time: 0.0563730 seconds
340.023: [GC340.023: [ParNew: 36919K->4141K(37568K), 0.0020340 secs] 273215K->242485K(556072K), 0.0020780 secs] [Times: user=0.01 sys=0.00, real=0.01 secs] 
340.025: Total time for which application threads were stopped: 0.0022240 seconds, Stopping threads took: 0.0000760 seconds
340.087: Application time: 0.0619220 seconds
340.087: [GC340.087: [ParNew: 37230K->4142K(37568K), 0.0020520 secs] 275574K->244563K(556072K), 0.0020930 secs] [Times: user=0.02 sys=0.00, real=0.00 secs] 
340.090: Total time for which application threads were stopped: 0.0022770 seconds, Stopping threads took: 0.0001170 seconds
340.154: Application time: 0.0641920 seconds
340.154: [GC340.154: [ParNew: 37100K->4119K(37568K), 0.0013690 secs] 277521K->244568K(556072K), 0.0014020 secs] [Times: user=0.01 sys=0.00, real=0.00 secs] 
340.155: Total time for which application threads were stopped: 0.0015400 seconds, Stopping threads took: 0.0000790 seconds
340.211: Application time: 0.0553130 seconds
340.211: [GC340.211: [ParNew: 36946K->4116K(37568K), 0.0023470 secs] 277395K->247637K(556072K), 0.0023900 secs] [Times: user=0.02 sys=0.00, real=0.00 secs] 
340.213: Total time for which application threads were stopped: 0.0025720 seconds, Stopping threads took: 0.0001120 seconds
340.276: Application time: 0.0628210 seconds
340.276: [GC340.276: [ParNew: 37107K->4112K(37568K), 0.0020850 secs] 280629K->249681K(556072K), 0.0021240 secs] [Times: user=0.01 sys=0.00, real=0.01 secs] 
340.278: Total time for which application threads were stopped: 0.0022590 seconds, Stopping threads took: 0.0000700 seconds
340.338: Application time: 0.0599290 seconds
340.338: [GC340.338: [ParNew: 37065K->4159K(37568K), 0.0021610 secs] 282635K->251777K(556072K), 0.0022030 secs] [Times: user=0.01 sys=0.00, real=0.00 secs] 
340.341: Total time for which application threads were stopped: 0.0023470 seconds, Stopping threads took: 0.0000630 seconds
340.403: Application time: 0.0621980 seconds
340.403: [GC340.403: [ParNew: 37197K->3202K(37568K), 0.0012940 secs] 284815K->250848K(556072K), 0.0013300 secs] [Times: user=0.01 sys=0.00, real=0.00 secs] 
340.404: Total time for which application threads were stopped: 0.0014820 seconds, Stopping threads took: 0.0000870 seconds
340.465: Application time: 0.0611030 seconds
340.465: [GC340.466: [ParNew: 35845K->3146K(37568K), 0.0011940 secs] 283491K->250850K(556072K), 0.0012300 secs] [Times: user=0.01 sys=0.00, real=0.00 secs] 
340.467: Total time for which application threads were stopped: 0.0013820 seconds, Stopping threads took: 0.0000880 seconds
340.525: Application time: 0.0584060 seconds
340.525: [GC340.525: [ParNew: 35752K->3149K(37568K), 0.0012440 secs] 283456K->250852K(556072K), 0.0012730 secs] [Times: user=0.01 sys=0.00, real=0.00 secs] 
340.527: Total time for which application threads were stopped: 0.0014180 seconds, Stopping threads took: 0.0000890 seconds
340.582: Application time: 0.0551730 seconds
340.582: [GC340.582: [ParNew: 36425K->4145K(37568K), 0.0014460 secs] 284128K->251906K(556072K), 0.0014800 secs] [Times: user=0.01 sys=0.00, real=0.00 secs] 
340.583: Total time for which application threads were stopped: 0.0016050 seconds, Stopping threads took: 0.0000640 seconds
340.640: Application time: 0.0571290 seconds
340.641: [GC340.641: [ParNew: 36909K->4130K(37568K), 0.0021130 secs] 284670K->253967K(556072K), 0.0021510 secs] [Times: user=0.01 sys=0.00, real=0.00 secs] 
340.643: Total time for which application threads were stopped: 0.0023120 seconds, Stopping threads took: 0.0000950 seconds
340.698: Application time: 0.0552750 seconds
340.698: [GC340.698: [ParNew: 36883K->4141K(37568K), 0.0020900 secs] 286720K->256026K(556072K), 0.0021340 secs] [Times: user=0.02 sys=0.00, real=0.00 secs] 
340.700: Total time for which application threads were stopped: 0.0022630 seconds, Stopping threads took: 0.0000590 seconds
340.763: Application time: 0.0627550 seconds
340.763: [GC340.763: [ParNew: 37217K->4142K(37568K), 0.0020210 secs] 289102K->258103K(556072K), 0.0020710 secs] [Times: user=0.01 sys=0.00, real=0.01 secs] 
340.765: Total time for which application threads were stopped: 0.0022030 seconds, Stopping threads took: 0.0000660 seconds
340.828: Application time: 0.0621990 seconds
340.828: [GC340.828: [ParNew: 37094K->4112K(37568K), 0.0019710 secs] 291056K->260151K(556072K), 0.0020090 secs] [Times: user=0.01 sys=0.00, real=0.00 secs] 
340.830: Total time for which application threads were stopped: 0.0021400 seconds, Stopping threads took: 0.0000670 seconds
340.887: Application time: 0.0574250 seconds
340.887: [GC340.887: [ParNew: 36987K->4112K(37568K), 0.0023650 secs] 293025K->263222K(556072K), 0.0024030 secs] [Times: user=0.02 sys=0.00, real=0.00 secs] 
340.890: Total time for which application threads were stopped: 0.0025670 seconds, Stopping threads took: 0.0000770 seconds
340.949: Application time: 0.0596800 seconds
340.949: [GC340.949: [ParNew: 37000K->4112K(37568K), 0.0024770 secs] 296110K->266294K(556072K), 0.0025180 secs] [Times: user=0.02 sys=0.00, real=0.00 secs] 
340.952: Total time for which application threads were stopped: 0.0026640 seconds, Stopping threads took: 0.0000740 seconds
341.015: Application time: 0.0632210 seconds
341.015: [GC341.015: [ParNew: 37195K->4158K(37568K), 0.0018200 secs] 299377K->267380K(556072K), 0.0018590 secs] [Times: user=0.01 sys=0.00, real=0.01 secs] 
341.017: Total time for which application threads were stopped: 0.0020000 seconds, Stopping threads took: 0.0000740 seconds
341.080: Application time: 0.0624490 seconds
341.080: [GC341.080: [ParNew: 37075K->3182K(37568K), 0.0013990 secs] 300298K->266416K(556072K), 0.0014320 secs] [Times: user=0.01 sys=0.00, real=0.00 secs] 
341.081: Total time for which application threads were stopped: 0.0015920 seconds, Stopping threads took: 0.0000980 seconds
341.141: Application time: 0.0595030 seconds
341.141: [GC341.141: [ParNew: 36590K->4121K(37568K), 0.0015440 secs] 299824K->267413K(556072K), 0.0015810 secs] [Times: user=0.02 sys=0.00, real=0.00 secs] 
341.142: Total time for which application threads were stopped: 0.0017030 seconds, Stopping threads took: 0.0000560 seconds
341.203: Application time: 0.0606380 seconds
341.203: [GC341.203: [ParNew: 36865K->4159K(37568K), 0.0018810 secs] 300157K->268475K(556072K), 0.0019180 secs] [Times: user=0.01 sys=0.00, real=0.01 secs] 
341.205: Total time for which application threads were stopped: 0.0020510 seconds, Stopping threads took: 0.0000750 seconds
341.256: Application time: 0.0506470 seconds
341.256: [GC341.256: [ParNew: 37567K->4154K(37568K), 0.0025090 secs] 301883K->271602K(556072K), 0.0025510 secs] [Times: user=0.02 sys=0.00, real=0.01 secs] 
341.259: Total time for which application threads were stopped: 0.0027100 seconds, Stopping threads took: 0.0000900 seconds
341.322: Application time: 0.0639150 seconds
341.323: [GC341.323: [ParNew: 37131K->4120K(37568K), 0.0016210 secs] 304580K->271593K(556072K), 0.0016600 secs] [Times: user=0.01 sys=0.00, real=0.00 secs] 
341.324: Total time for which application threads were stopped: 0.0018100 seconds, Stopping threads took: 0.0000850 seconds
341.382: Application time: 0.0576910 seconds
341.382: [GC341.382: [ParNew: 37007K->4143K(37568K), 0.0022910 secs] 304480K->274689K(556072K), 0.0023330 secs] [Times: user=0.02 sys=0.00, real=0.01 secs] 
341.384: Total time for which application threads were stopped: 0.0024870 seconds, Stopping threads took: 0.0000880 seconds
341.444: Application time: 0.0595170 seconds
341.444: [GC341.444: [ParNew: 37139K->4158K(37568K), 0.0021070 secs] 307684K->276780K(556072K), 0.0021480 secs] [Times: user=0.02 sys=0.00, real=0.01 secs] 
341.446: Total time for which application threads were stopped: 0.0023390 seconds, Stopping threads took: 0.0001160 seconds
341.507: Application time: 0.0611880 seconds
341.508: [GC341.508: [ParNew: 36981K->4113K(37568K), 0.0020120 secs] 309603K->278811K(556072K), 0.0020550 secs] [Times: user=0.01 sys=0.00, real=0.00 secs] 
341.510: Total time for which application threads were stopped: 0.0021890 seconds, Stopping threads took: 0.0000620 seconds
341.567: Application time: 0.0578190 seconds
341.568: [GC341.568: [ParNew: 36960K->4112K(37568K), 0.0023970 secs] 311658K->281882K(556072K), 0.0024450 secs] [Times: user=0.01 sys=0.00, real=0.00 secs] 
341.570: Total time for which application threads were stopped: 0.0025790 seconds, Stopping threads took: 0.0000660 seconds
341.631: Application time: 0.0611630 seconds
341.631: [GC341.631: [ParNew: 37068K->4112K(37568K), 0.0024730 secs] 314839K->284954K(556072K), 0.0025170 secs] [Times: user=0.02 sys=0.00, real=0.00 secs] 
341.634: Total time for which application threads were stopped: 0.0026700 seconds, Stopping threads took: 0.0000830 seconds
341.634: Application time: 0.0000660 seconds
341.634: [GC [1 CMS-initial-mark: 280842K(518504K)] 285978K(556072K), 0.0001250 secs] [Times: user=0.00 sys=0.00, real=0.00 secs] 
341.634: Total time for which application threads were stopped: 0.0003190 seconds, Stopping threads took: 0.0001660 seconds
341.634: [CMS-concurrent-mark-start]
341.639: [CMS-concurrent-mark: 0.005/0.005 secs] [Times: user=0.02 sys=0.00, real=0.01 secs] 
341.639: [CMS-concurrent-preclean-start]
341.640: [CMS-concurrent-preclean: 0.001/0.001 secs] [Times: user=0.01 sys=0.00, real=0.00 secs] 
341.640: [CMS-concurrent-abortable-preclean-start]
341.697: Application time: 0.0622160 seconds
341.697: [GC341.697: [ParNew: 37141K->4159K(37568K), 0.0021990 secs] 317983K->287050K(556072K), 0.0022350 secs] [Times: user=0.01 sys=0.00, real=0.00 secs] 
341.699: Total time for which application threads were stopped: 0.0023630 seconds, Stopping threads took: 0.0000630 seconds
341.760: Application time: 0.0615420 seconds
341.761: [GC341.761: [ParNew: 37213K->4159K(37568K), 0.0015910 secs] 320105K->287128K(556072K), 0.0016290 secs] [Times: user=0.01 sys=0.00, real=0.00 secs] 
341.762: Total time for which application threads were stopped: 0.0017730 seconds, Stopping threads took: 0.0000750 seconds
341.823: Application time: 0.0606180 seconds
341.823: [GC341.823: [ParNew: 36718K->3110K(37568K), 0.0012170 secs] 319686K->286088K(556072K), 0.0012540 secs] [Times: user=0.00 sys=0.00, real=0.00 secs] 
341.824: Total time for which application threads were stopped: 0.0013760 seconds, Stopping threads took: 0.0000560 seconds
341.880: Application time: 0.0557330 seconds
341.880: [GC341.880: [ParNew: 36518K->4158K(37568K), 0.0018500 secs] 319496K->288175K(556072K), 0.0018920 secs] [Times: user=0.01 sys=0.00, real=0.00 secs] 
341.882: Total time for which application threads were stopped: 0.0020450 seconds, Stopping threads took: 0.0000840 seconds
341.939: Application time: 0.0572060 seconds
341.939: [GC341.939: [ParNew: 36772K->4146K(37568K), 0.0017340 secs] 320790K->289228K(556072K), 0.0017730 secs] [Times: user=0.02 sys=0.00, real=0.00 secs] 
341.941: Total time for which application threads were stopped: 0.0019320 seconds, Stopping threads took: 0.0000920 seconds
342.002: Application time: 0.0609310 seconds
342.002: [GC342.002: [ParNew: 37053K->4115K(37568K), 0.0020330 secs] 322135K->291273K(556072K), 0.0020740 secs] [Times: user=0.01 sys=0.00, real=0.00 secs] 
342.004: Total time for which application threads were stopped: 0.0022460 seconds, Stopping threads took: 0.0000880 seconds
342.064: Application time: 0.0597710 seconds
342.064: [GC342.064: [ParNew: 37133K->4159K(37568K), 0.0014860 secs] 324292K->291350K(556072K), 0.0015240 secs] [Times: user=0.01 sys=0.00, real=0.01 secs] 
342.066: Total time for which application threads were stopped: 0.0016690 seconds, Stopping threads took: 0.0000800 seconds
342.121: Application time: 0.0556410 seconds
342.121: [GC342.122: [ParNew: 36752K->4115K(37568K), 0.0020240 secs] 323943K->293379K(556072K), 0.0020650 secs] [Times: user=0.01 sys=0.00, real=0.00 secs] 
342.124: Total time for which application threads were stopped: 0.0021950 seconds, Stopping threads took: 0.0000660 seconds
342.186: Application time: 0.0626830 seconds
342.186: [GC342.186: [ParNew: 37062K->4116K(37568K), 0.0019420 secs] 326326K->295428K(556072K), 0.0019860 secs] [Times: user=0.02 sys=0.00, real=0.00 secs] 
342.188: Total time for which application threads were stopped: 0.0021190 seconds, Stopping threads took: 0.0000680 seconds
342.245: Application time: 0.0568300 seconds
342.245: [GC342.245: [ParNew: 36921K->4114K(37568K), 0.0020890 secs] 328233K->297474K(556072K), 0.0021290 secs] [Times: user=0.02 sys=0.00, real=0.00 secs] 
342.248: Total time for which application threads were stopped: 0.0022890 seconds, Stopping threads took: 0.0000930 seconds
342.309: Application time: 0.0619510 seconds
342.310: [GC342.310: [ParNew: 36995K->4132K(37568K), 0.0021150 secs] 330355K->299540K(556072K), 0.0021540 secs] [Times: user=0.02 sys=0.00, real=0.00 secs] 
342.312: Total time for which application threads were stopped: 0.0022920 seconds, Stopping threads took: 0.0000730 seconds
342.372: Application time: 0.0602240 seconds
342.372: [GC342.372: [ParNew: 37055K->4144K(37568K), 0.0019060 secs] 332463K->300592K(556072K), 0.0019490 secs] [Times: user=0.02 sys=0.00, real=0.00 secs] 
342.374: Total time for which application threads were stopped: 0.0020830 seconds, Stopping threads took: 0.0000630 seconds
342.438: Application time: 0.0637950 seconds
342.438: [GC342.438: [ParNew: 37263K->4158K(37568K), 0.0018350 secs] 333711K->301682K(556072K), 0.0018760 secs] [Times: user=0.01 sys=0.00, real=0.00 secs] 
342.440: Total time for which application threads were stopped: 0.0020080 seconds, Stopping threads took: 0.0000650 seconds
342.498: Application time: 0.0576620 seconds
342.498: [GC342.498: [ParNew: 36554K->3128K(37568K), 0.0012750 secs] 334079K->300670K(556072K), 0.0013110 secs] [Times: user=0.01 sys=0.00, real=0.00 secs] 
342.499: Total time for which application threads were stopped: 0.0014610 seconds, Stopping threads took: 0.0000870 seconds
342.554: Application time: 0.0554720 seconds
342.555: [GC342.555: [ParNew: 36536K->4153K(37568K), 0.0019180 secs] 334078K->302743K(556072K), 0.0019580 secs] [Times: user=0.01 sys=0.00, real=0.01 secs] 
342.557: Total time for which application threads were stopped: 0.0021120 seconds, Stopping threads took: 0.0000830 seconds
342.613: Application time: 0.0565600 seconds
342.613: [GC342.613: [ParNew: 37032K->4140K(37568K), 0.0023360 secs] 335622K->305835K(556072K), 0.0023750 secs] [Times: user=0.02 sys=0.00, real=0.00 secs] 
342.616: Total time for which application threads were stopped: 0.0025240 seconds, Stopping threads took: 0.0000850 seconds
342.674: Application time: 0.0588200 seconds
342.675: [GC342.675: [ParNew: 37073K->4112K(37568K), 0.0023890 secs] 338768K->308907K(556072K), 0.0024310 secs] [Times: user=0.02 sys=0.00, real=0.01 secs] 
342.677: Total time for which application threads were stopped: 0.0025830 seconds, Stopping threads took: 0.0000840 seconds
342.736: Application time: 0.0592340 seconds
342.736: [GC342.736: [ParNew: 37091K->4153K(37568K), 0.0021270 secs] 341886K->311012K(556072K), 0.0021640 secs] [Times: user=0.01 sys=0.00, real=0.00 secs] 
342.739: Total time for which application threads were stopped: 0.0022940 seconds, Stopping threads took: 0.0000680 seconds
342.799: Application time: 0.0601880 seconds
342.799: [GC342.799: [ParNew: 36990K->4112K(37568K), 0.0023610 secs] 343850K->314084K(556072K), 0.0024070 secs] [Times: user=0.01 sys=0.00, real=0.00 secs] 
342.801: Total time for which application threads were stopped: 0.0025700 seconds, Stopping threads took: 0.0000950 seconds
342.863: Application time: 0.0621240 seconds
342.864: [GC342.864: [ParNew: 37122K->4112K(37568K), 0.0020280 secs] 347095K->316133K(556072K), 0.0020690 secs] [Times: user=0.01 sys=0.00, real=0.01 secs] 
342.866: Total time for which application threads were stopped: 0.0022060 seconds, Stopping threads took: 0.0000680 seconds
342.925: Application time: 0.0592790 seconds
342.925: [GC342.925: [ParNew: 36891K->4130K(37568K), 0.0020770 secs] 348912K->318199K(556072K), 0.0021160 secs] [Times: user=0.02 sys=0.00, real=0.00 secs] 
342.927: Total time for which application threads were stopped: 0.0022470 seconds, Stopping threads took: 0.0000630 seconds
342.989: Application time: 0.0616110 seconds
342.989: [GC342.989: [ParNew: 36979K->4115K(37568K), 0.0017480 secs] 351047K->319207K(556072K), 0.0017970 secs] [Times: user=0.01 sys=0.00, real=0.00 secs] 
342.991: Total time for which application threads were stopped: 0.0019290 seconds, Stopping threads took: 0.0000620 seconds
343.053: Application time: 0.0619280 seconds
343.053: [GC343.053: [ParNew: 37061K->4156K(37568K), 0.0017810 secs] 352153K->320281K(556072K), 0.0018230 secs] [Times: user=0.01 sys=0.00, real=0.00 secs] 
343.055: Total time for which application threads were stopped: 0.0019610 seconds, Stopping threads took: 0.0000700 seconds
343.116: Application time: 0.0614880 seconds
343.116: [GC343.116: [ParNew: 37149K->4156K(37568K), 0.0015120 secs] 353273K->320333K(556072K), 0.0015540 secs] [Times: user=0.01 sys=0.00, real=0.01 secs] 
343.118: Total time for which application threads were stopped: 0.0016960 seconds, Stopping threads took: 0.0000710 seconds
343.176: Application time: 0.0580080 seconds
343.176: [GC343.176: [ParNew: 37520K->3129K(37568K), 0.0012730 secs] 353697K->319331K(556072K), 0.0013120 secs] [Times: user=0.00 sys=0.00, real=0.01 secs] 
343.177: Total time for which application threads were stopped: 0.0014470 seconds, Stopping threads took: 0.0000720 seconds
343.234: Application time: 0.0565390 seconds
343.234: [GC343.234: [ParNew: 35741K->4158K(37568K), 0.0017560 secs] 351943K->321416K(556072K), 0.0017950 secs] [Times: user=0.01 sys=0.00, real=0.00 secs] 
343.236: Total time for which application threads were stopped: 0.0019220 seconds, Stopping threads took: 0.0000630 seconds
343.293: Application time: 0.0573700 seconds
343.293: [GC343.293: [ParNew: 36927K->4144K(37568K), 0.0020420 secs] 354185K->323475K(556072K), 0.0020790 secs] [Times: user=0.01 sys=0.00, real=0.00 secs] 
343.295: Total time for which application threads were stopped: 0.0022070 seconds, Stopping threads took: 0.0000620 seconds
343.354: Application time: 0.0586900 seconds
343.354: [GC343.354: [ParNew: 36992K->4131K(37568K), 0.0020530 secs] 356324K->325538K(556072K), 0.0020960 secs] [Times: user=0.01 sys=0.00, real=0.00 secs] 
343.356: Total time for which application threads were stopped: 0.0022370 seconds, Stopping threads took: 0.0000640 seconds
343.419: Application time: 0.0625670 seconds
343.419: [GC343.419: [ParNew: 37291K->4154K(37568K), 0.0020570 secs] 358698K->327626K(556072K), 0.0020960 secs] [Times: user=0.01 sys=0.00, real=0.00 secs] 
343.421: Total time for which application threads were stopped: 0.0022280 seconds, Stopping threads took: 0.0000680 seconds
343.478: Application time: 0.0564760 seconds
343.478: [GC343.478: [ParNew: 36848K->4116K(37568K), 0.0022480 secs] 360320K->329677K(556072K), 0.0022890 secs] [Times: user=0.02 sys=0.00, real=0.00 secs] 
343.480: Total time for which application threads were stopped: 0.0024320 seconds, Stopping threads took: 0.0000770 seconds
343.543: Application time: 0.0628810 seconds
343.543: [GC343.543: [ParNew: 37094K->4121K(37568K), 0.0017490 secs] 362655K->330706K(556072K), 0.0017870 secs] [Times: user=0.01 sys=0.00, real=0.01 secs] 
343.545: Total time for which application threads were stopped: 0.0019110 seconds, Stopping threads took: 0.0000610 seconds
343.602: Application time: 0.0577050 seconds
343.603: [GC343.603: [ParNew: 36974K->4128K(37568K), 0.0021500 secs] 363558K->332761K(556072K), 0.0021900 secs] [Times: user=0.02 sys=0.00, real=0.01 secs] 
343.605: Total time for which application threads were stopped: 0.0023550 seconds, Stopping threads took: 0.0000970 seconds
343.667: Application time: 0.0625190 seconds
343.668: [GC343.668: [ParNew: 37005K->4121K(37568K), 0.0018320 secs] 365638K->333778K(556072K), 0.0018730 secs] [Times: user=0.01 sys=0.00, real=0.00 secs] 
343.670: Total time for which application threads were stopped: 0.0021880 seconds, Stopping threads took: 0.0002150 seconds
343.730: Application time: 0.0602280 seconds
343.730: [GC343.730: [ParNew: 36957K->4158K(37568K), 0.0016340 secs] 366614K->333847K(556072K), 0.0016690 secs] [Times: user=0.01 sys=0.00, real=0.00 secs] 
343.732: Total time for which application threads were stopped: 0.0019170 seconds, Stopping threads took: 0.0001820 seconds
343.794: Application time: 0.0623080 seconds
343.794: [GC343.794: [ParNew: 37168K->2184K(37568K), 0.0010380 secs] 366857K->331873K(556072K), 0.0010700 secs] [Times: user=0.01 sys=0.00, real=0.00 secs] 
343.795: Total time for which application threads were stopped: 0.0012400 seconds, Stopping threads took: 0.0001090 seconds
343.854: Application time: 0.0586760 seconds
343.854: [GC343.854: [ParNew: 35340K->3111K(37568K), 0.0012790 secs] 365029K->332857K(556072K), 0.0013100 secs] [Times: user=0.01 sys=0.00, real=0.00 secs] 
343.855: Total time for which application threads were stopped: 0.0014190 seconds, Stopping threads took: 0.0000520 seconds
343.906: Application time: 0.0501980 seconds
343.906: [GC343.906: [ParNew: 36519K->4158K(37568K), 0.0024380 secs] 366265K->336976K(556072K), 0.0024770 secs] [Times: user=0.02 sys=0.00, real=0.00 secs] 
343.908: Total time for which application threads were stopped: 0.0026150 seconds, Stopping threads took: 0.0000710 seconds
343.968: Application time: 0.0601360 seconds
343.968: [GC343.968: [ParNew: 37229K->4156K(37568K), 0.0022900 secs] 370047K->339067K(556072K), 0.0023320 secs] [Times: user=0.01 sys=0.00, real=0.00 secs] 
343.971: Total time for which application threads were stopped: 0.0024590 seconds, Stopping threads took: 0.0000580 seconds
344.032: Application time: 0.0611900 seconds
344.032: [GC344.032: [ParNew: 37062K->4112K(37568K), 0.0023750 secs] 371973K->342136K(556072K), 0.0024180 secs] [Times: user=0.01 sys=0.00, real=0.00 secs] 
344.035: Total time for which application threads were stopped: 0.0025590 seconds, Stopping threads took: 0.0000740 seconds
344.095: Application time: 0.0606600 seconds
344.095: [GC344.095: [ParNew: 37289K->4152K(37568K), 0.0020770 secs] 375313K->344240K(556072K), 0.0021190 secs] [Times: user=0.02 sys=0.00, real=0.01 secs] 
344.097: Total time for which application threads were stopped: 0.0022640 seconds, Stopping threads took: 0.0000740 seconds
344.156: Application time: 0.0587620 seconds
344.156: [GC344.156: [ParNew: 36838K->4114K(37568K), 0.0022040 secs] 376926K->346291K(556072K), 0.0022500 secs] [Times: user=0.01 sys=0.00, real=0.00 secs] 
344.159: Total time for which application threads were stopped: 0.0023880 seconds, Stopping threads took: 0.0000710 seconds
344.218: Application time: 0.0596990 seconds
344.218: [GC344.219: [ParNew: 36998K->4112K(37568K), 0.0024850 secs] 379175K->349361K(556072K), 0.0025280 secs] [Times: user=0.02 sys=0.00, real=0.00 secs] 
344.221: Total time for which application threads were stopped: 0.0027160 seconds, Stopping threads took: 0.0001090 seconds
344.283: Application time: 0.0620260 seconds
344.283: [GC344.283: [ParNew: 37105K->4116K(37568K), 0.0024490 secs] 382354K->352437K(556072K), 0.0024880 secs] [Times: user=0.02 sys=0.00, real=0.01 secs] 
344.286: Total time for which application threads were stopped: 0.0026750 seconds, Stopping threads took: 0.0001180 seconds
344.346: Application time: 0.0601730 seconds
344.346: [GC344.346: [ParNew: 36849K->4130K(37568K), 0.0018180 secs] 385171K->353475K(556072K), 0.0018600 secs] [Times: user=0.01 sys=0.00, real=0.00 secs] 
344.348: Total time for which application threads were stopped: 0.0020100 seconds, Stopping threads took: 0.0000820 seconds
344.410: Application time: 0.0623650 seconds
344.410: [GC344.410: [ParNew: 36942K->4144K(37568K), 0.0020320 secs] 386288K->355537K(556072K), 0.0020720 secs] [Times: user=0.02 sys=0.00, real=0.00 secs] 
344.413: Total time for which application threads were stopped: 0.0022070 seconds, Stopping threads took: 0.0000720 seconds
344.472: Application time: 0.0596650 seconds
344.472: [GC344.472: [ParNew: 37055K->3183K(37568K), 0.0013860 secs] 388448K->354605K(556072K), 0.0014220 secs] [Times: user=0.01 sys=0.00, real=0.00 secs] 
344.474: Total time for which application threads were stopped: 0.0015650 seconds, Stopping threads took: 0.0000740 seconds
344.531: Application time: 0.0574920 seconds
344.531: [GC344.531: [ParNew: 36591K->4116K(37568K), 0.0018520 secs] 388013K->356619K(556072K), 0.0019040 secs] [Times: user=0.01 sys=0.00, real=0.00 secs] 
344.533: Total time for which application threads were stopped: 0.0020440 seconds, Stopping threads took: 0.0000720 seconds
344.594: Application time: 0.0606710 seconds
344.594: [GC344.594: [ParNew: 36924K->4147K(37568K), 0.0015420 secs] 389427K->356649K(556072K), 0.0015800 secs] [Times: user=0.01 sys=0.00, real=0.00 secs] 
344.596: Total time for which application threads were stopped: 0.0017070 seconds, Stopping threads took: 0.0000620 seconds
344.650: Application time: 0.0541490 seconds
344.650: [GC344.650: [ParNew: 36790K->4155K(37568K), 0.0020420 secs] 389293K->358750K(556072K), 0.0020810 secs] [Times: user=0.01 sys=0.00, real=0.00 secs] 
344.652: Total time for which application threads were stopped: 0.0022140 seconds, Stopping threads took: 0.0000660 seconds
344.712: Application time: 0.0598950 seconds
344.712: [GC344.712: [ParNew: 37035K->4113K(37568K), 0.0021650 secs] 391631K->360797K(556072K), 0.0022060 secs] [Times: user=0.01 sys=0.00, real=0.00 secs] 
344.714: Total time for which application threads were stopped: 0.0023280 seconds, Stopping threads took: 0.0000590 seconds
344.773: Application time: 0.0587380 seconds
344.773: [GC344.773: [ParNew: 37237K->4158K(37568K), 0.0024480 secs] 393921K->363930K(556072K), 0.0024920 secs] [Times: user=0.01 sys=0.00, real=0.00 secs] 
344.776: Total time for which application threads were stopped: 0.0026330 seconds, Stopping threads took: 0.0000580 seconds
344.836: Application time: 0.0600560 seconds
344.836: [GC344.836: [ParNew: 37049K->4135K(37568K), 0.0021390 secs] 396821K->365996K(556072K), 0.0021810 secs] [Times: user=0.02 sys=0.00, real=0.01 secs] 
344.838: Total time for which application threads were stopped: 0.0023230 seconds, Stopping threads took: 0.0000710 seconds
344.901: Application time: 0.0628710 seconds
344.901: [GC344.901: [ParNew: 37006K->4132K(37568K), 0.0014730 secs] 398867K->365993K(556072K), 0.0015120 secs] [Times: user=0.01 sys=0.00, real=0.00 secs] 
344.903: Total time for which application threads were stopped: 0.0016740 seconds, Stopping threads took: 0.0000980 seconds
344.958: Application time: 0.0555800 seconds
344.958: [GC344.958: [ParNew: 36648K->4112K(37568K), 0.0020790 secs] 398510K->368021K(556072K), 0.0021210 secs] [Times: user=0.01 sys=0.01, real=0.00 secs] 
344.960: Total time for which application threads were stopped: 0.0022830 seconds, Stopping threads took: 0.0000930 seconds
345.024: Application time: 0.0633110 seconds
345.024: [GC345.024: [ParNew: 37097K->4118K(37568K), 0.0018720 secs] 401007K->369051K(556072K), 0.0019110 secs] [Times: user=0.01 sys=0.00, real=0.01 secs] 
345.026: Total time for which application threads were stopped: 0.0020820 seconds, Stopping threads took: 0.0001060 seconds
345.089: Application time: 0.0631260 seconds
345.089: [GC345.089: [ParNew: 37158K->4139K(37568K), 0.0020500 secs] 402091K->371121K(556072K), 0.0020870 secs] [Times: user=0.01 sys=0.00, real=0.00 secs] 
345.091: Total time for which application threads were stopped: 0.0022230 seconds, Stopping threads took: 0.0000730 seconds
345.147: Application time: 0.0561260 seconds
345.147: [GC345.147: [ParNew: 36614K->3186K(37568K), 0.0013070 secs] 403596K->370196K(556072K), 0.0013390 secs] [Times: user=0.01 sys=0.00, real=0.00 secs] 
345.149: Total time for which application threads were stopped: 0.0014830 seconds, Stopping threads took: 0.0000840 seconds
345.209: Application time: 0.0597970 seconds
345.209: [GC345.209: [ParNew: 35768K->4135K(37568K), 0.0014800 secs] 402779K->371202K(556072K), 0.0015160 secs] [Times: user=0.01 sys=0.00, real=0.00 secs] 
345.210: Total time for which application threads were stopped: 0.0016370 seconds, Stopping threads took: 0.0000580 seconds
345.262: Application time: 0.0517580 seconds
345.262: [GC345.262: [ParNew: 36546K->4158K(37568K), 0.0020940 secs] 403613K->373274K(556072K), 0.0021350 secs] [Times: user=0.01 sys=0.00, real=0.00 secs] 
345.264: Total time for which application threads were stopped: 0.0022700 seconds, Stopping threads took: 0.0000600 seconds
345.324: Application time: 0.0601910 seconds
345.325: [GC345.325: [ParNew: 37244K->4157K(37568K), 0.0022070 secs] 406360K->375366K(556072K), 0.0022440 secs] [Times: user=0.01 sys=0.00, real=0.00 secs] 
345.327: Total time for which application threads were stopped: 0.0023800 seconds, Stopping threads took: 0.0000600 seconds
345.388: Application time: 0.0616350 seconds
345.389: [GC345.389: [ParNew: 37051K->4112K(37568K), 0.0024320 secs] 408260K->378434K(556072K), 0.0024730 secs] [Times: user=0.02 sys=0.00, real=0.00 secs] 
345.391: Total time for which application threads were stopped: 0.0025990 seconds, Stopping threads took: 0.0000590 seconds
345.452: Application time: 0.0604390 seconds
345.452: [GC345.452: [ParNew: 37282K->4154K(37568K), 0.0020620 secs] 411604K->380540K(556072K), 0.0021040 secs] [Times: user=0.01 sys=0.00, real=0.00 secs] 
345.454: Total time for which application threads were stopped: 0.0022400 seconds, Stopping threads took: 0.0000700 seconds
345.513: Application time: 0.0587920 seconds
345.513: [GC345.513: [ParNew: 36911K->4149K(37568K), 0.0015310 secs] 413297K->380576K(556072K), 0.0015650 secs] [Times: user=0.02 sys=0.00, real=0.00 secs] 
345.514: Total time for which application threads were stopped: 0.0016840 seconds, Stopping threads took: 0.0000560 seconds
345.576: Application time: 0.0612750 seconds
345.576: [GC345.576: [ParNew: 37060K->4134K(37568K), 0.0018900 secs] 413487K->381585K(556072K), 0.0019310 secs] [Times: user=0.01 sys=0.00, real=0.01 secs] 
345.578: Total time for which application threads were stopped: 0.0020820 seconds, Stopping threads took: 0.0000860 seconds
345.635: Application time: 0.0576450 seconds
345.635: [GC345.635: [ParNew: 36764K->4114K(37568K), 0.0020950 secs] 414215K->383613K(556072K), 0.0021370 secs] [Times: user=0.02 sys=0.00, real=0.01 secs] 
345.638: Total time for which application threads were stopped: 0.0022740 seconds, Stopping threads took: 0.0000690 seconds
345.699: Application time: 0.0616470 seconds
345.699: [GC345.699: [ParNew: 36989K->4129K(37568K), 0.0021740 secs] 416488K->385676K(556072K), 0.0022120 secs] [Times: user=0.02 sys=0.00, real=0.00 secs] 
345.702: Total time for which application threads were stopped: 0.0023480 seconds, Stopping threads took: 0.0000710 seconds
345.760: Application time: 0.0581000 seconds
345.760: [GC345.760: [ParNew: 36960K->4158K(37568K), 0.0019160 secs] 418508K->386730K(556072K), 0.0019570 secs] [Times: user=0.02 sys=0.00, real=0.00 secs] 
345.762: Total time for which application threads were stopped: 0.0021040 seconds, Stopping threads took: 0.0000780 seconds
345.826: Application time: 0.0644240 seconds
345.826: [GC345.826: [ParNew: 37384K->4159K(37568K), 0.0015860 secs] 419955K->386803K(556072K), 0.0016270 secs] [Times: user=0.01 sys=0.00, real=0.00 secs] 
345.828: Total time for which application threads were stopped: 0.0017610 seconds, Stopping threads took: 0.0000540 seconds
345.886: Application time: 0.0578070 seconds
345.886: [GC345.886: [ParNew: 37467K->4118K(37568K), 0.0015050 secs] 420110K->386778K(556072K), 0.0015460 secs] [Times: user=0.01 sys=0.00, real=0.00 secs] 
345.887: Total time for which application threads were stopped: 0.0017290 seconds, Stopping threads took: 0.0001160 seconds
345.950: Application time: 0.0626710 seconds
345.950: [GC345.950: [ParNew: 37172K->2148K(37568K), 0.0009810 secs] 419833K->384809K(556072K), 0.0010130 secs] [Times: user=0.01 sys=0.00, real=0.00 secs] 
345.951: Total time for which application threads were stopped: 0.0011530 seconds, Stopping threads took: 0.0000810 seconds
346.005: Application time: 0.0538110 seconds
346.005: [GC346.005: [ParNew: 34547K->4158K(37568K), 0.0017970 secs] 417207K->387916K(556072K), 0.0018360 secs] [Times: user=0.02 sys=0.00, real=0.00 secs] 
346.007: Total time for which application threads were stopped: 0.0020030 seconds, Stopping threads took: 0.0001020 seconds
346.064: Application time: 0.0568640 seconds
346.064: [GC346.064: [ParNew: 36738K->4118K(37568K), 0.0014900 secs] 420496K->387888K(556072K), 0.0015330 secs] [Times: user=0.01 sys=0.00, real=0.01 secs] 
346.066: Total time for which application threads were stopped: 0.0016780 seconds, Stopping threads took: 0.0000860 seconds
346.123: Application time: 0.0578370 seconds
346.124: [GC346.124: [ParNew: 37037K->4140K(37568K), 0.0023600 secs] 420808K->390982K(556072K), 0.0024020 secs] [Times: user=0.02 sys=0.00, real=0.01 secs] 
346.126: Total time for which application threads were stopped: 0.0026190 seconds, Stopping threads took: 0.0001500 seconds
346.188: Application time: 0.0618160 seconds
346.188: [GC346.188: [ParNew: 37220K->4140K(37568K), 0.0023850 secs] 424062K->394083K(556072K), 0.0024310 secs] [Times: user=0.02 sys=0.00, real=0.00 secs] 
346.191: Total time for which application threads were stopped: 0.0025950 seconds, Stopping threads took: 0.0000980 seconds
346.248: Application time: 0.0579680 seconds
346.249: [GC346.249: [ParNew: 36901K->4130K(37568K), 0.0020950 secs] 426844K->396149K(556072K), 0.0021350 secs] [Times: user=0.02 sys=0.00, real=0.00 secs] 
346.251: Total time for which application threads were stopped: 0.0022900 seconds, Stopping threads took: 0.0000880 seconds
346.313: Application time: 0.0620260 seconds
346.313: [GC346.313: [ParNew: 37066K->4118K(37568K), 0.0020280 secs] 429086K->397161K(556072K), 0.0020670 secs] [Times: user=0.02 sys=0.00, real=0.00 secs] 
346.315: Total time for which application threads were stopped: 0.0022160 seconds, Stopping threads took: 0.0000860 seconds
346.373: Application time: 0.0582510 seconds
346.373: [GC346.373: [ParNew: 36913K->4112K(37568K), 0.0024340 secs] 429957K->400228K(556072K), 0.0024770 secs] [Times: user=0.02 sys=0.00, real=0.00 secs] 
346.376: Total time for which application threads were stopped: 0.0026480 seconds, Stopping threads took: 0.0000920 seconds
346.439: Application time: 0.0633820 seconds
346.439: [GC346.439: [ParNew: 37208K->4158K(37568K), 0.0018940 secs] 433323K->401314K(556072K), 0.0019300 secs] [Times: user=0.01 sys=0.00, real=0.00 secs] 
346.441: Total time for which application threads were stopped: 0.0020910 seconds, Stopping threads took: 0.0000960 seconds
346.502: Application time: 0.0603330 seconds
346.502: [GC346.502: [ParNew: 37028K->4158K(37568K), 0.0015980 secs] 434184K->401390K(556072K), 0.0016350 secs] [Times: user=0.01 sys=0.00, real=0.00 secs] 
346.504: Total time for which application threads were stopped: 0.0017670 seconds, Stopping threads took: 0.0000630 seconds
346.563: Application time: 0.0591770 seconds
346.563: [GC346.563: [ParNew: 37566K->3115K(37568K), 0.0012820 secs] 434798K->400348K(556072K), 0.0013180 secs] [Times: user=0.01 sys=0.00, real=0.00 secs] 
346.564: Total time for which application threads were stopped: 0.0014610 seconds, Stopping threads took: 0.0000830 seconds
346.625: Application time: 0.0612040 seconds
346.625: [GC346.625: [ParNew: 36058K->2147K(37568K), 0.0010360 secs] 433292K->399380K(556072K), 0.0010700 secs] [Times: user=0.01 sys=0.00, real=0.00 secs] 
346.627: Total time for which application threads were stopped: 0.0011990 seconds, Stopping threads took: 0.0000680 seconds
346.680: Application time: 0.0536610 seconds
346.680: [GC346.680: [ParNew: 34585K->4144K(37568K), 0.0020690 secs] 431818K->403482K(556072K), 0.0021070 secs] [Times: user=0.02 sys=0.00, real=0.00 secs] 
346.682: Total time for which application threads were stopped: 0.0022380 seconds, Stopping threads took: 0.0000590 seconds
 CMS: abort preclean due to time 346.684: [CMS-concurrent-abortable-preclean: 0.088/5.044 secs] [Times: user=39.81 sys=0.04, real=5.04 secs] 
346.684: Application time: 0.0011480 seconds
346.684: [GC[YG occupancy: 5218 K (37568 K)]346.684: [Rescan (parallel) , 0.0001770 secs]346.684: [weak refs processing, 0.0000060 secs]346.684: [scrub string table, 0.0001050 secs] [1 CMS-remark: 399338K(518504K)] 404556K(556072K), 0.0003070 secs] [Times: user=0.00 sys=0.00, real=0.00 secs] 
346.684: Total time for which application threads were stopped: 0.0003930 seconds, Stopping threads took: 0.0000610 seconds
346.684: [CMS-concurrent-sweep-start]
346.685: [CMS-concurrent-sweep: 0.001/0.001 secs] [Times: user=0.00 sys=0.00, real=0.01 secs] 
346.686: [CMS-concurrent-reset-start]
346.687: [CMS-concurrent-reset: 0.002/0.002 secs] [Times: user=0.00 sys=0.00, real=0.00 secs] 
346.739: Application time: 0.0545250 seconds
346.739: [GC346.739: [ParNew: 36698K->4114K(37568K), 0.0024190 secs] 162041K->132557K(556072K), 0.0024600 secs] [Times: user=0.02 sys=0.00, real=0.00 secs] 
346.741: Total time for which application threads were stopped: 0.0025890 seconds, Stopping threads took: 0.0000620 seconds
346.801: Application time: 0.0598690 seconds
346.801: [GC346.801: [ParNew: 37174K->4140K(37568K), 0.0022570 secs] 165618K->135655K(556072K), 0.0022970 secs] [Times: user=0.01 sys=0.00, real=0.00 secs] 
346.803: Total time for which application threads were stopped: 0.0024270 seconds, Stopping threads took: 0.0000640 seconds
346.865: Application time: 0.0614910 seconds
346.865: [GC346.865: [ParNew: 37154K->4141K(37568K), 0.0020710 secs] 168669K->137733K(556072K), 0.0021110 secs] [Times: user=0.01 sys=0.00, real=0.00 secs] 
346.867: Total time for which application threads were stopped: 0.0022870 seconds, Stopping threads took: 0.0001080 seconds
346.930: Application time: 0.0631620 seconds
346.931: [GC346.931: [ParNew: 37100K->4130K(37568K), 0.0013680 secs] 170692K->137751K(556072K), 0.0014020 secs] [Times: user=0.01 sys=0.00, real=0.00 secs] 
346.932: Total time for which application threads were stopped: 0.0015760 seconds, Stopping threads took: 0.0001020 seconds
346.988: Application time: 0.0564190 seconds
346.988: [GC346.988: [ParNew: 36791K->4131K(37568K), 0.0017210 secs] 170411K->138775K(556072K), 0.0017560 secs] [Times: user=0.01 sys=0.00, real=0.00 secs] 
346.990: Total time for which application threads were stopped: 0.0019020 seconds, Stopping threads took: 0.0000810 seconds
347.053: Application time: 0.0627160 seconds
347.053: [GC347.053: [ParNew: 37033K->4130K(37568K), 0.0017740 secs] 171677K->139799K(556072K), 0.0018140 secs] [Times: user=0.02 sys=0.00, real=0.00 secs] 
347.055: Total time for which application threads were stopped: 0.0019480 seconds, Stopping threads took: 0.0000700 seconds
347.111: Application time: 0.0560570 seconds
347.111: [GC347.111: [ParNew: 36924K->4142K(37568K), 0.0045950 secs] 172592K->142882K(556072K), 0.0046380 secs] [Times: user=0.03 sys=0.00, real=0.00 secs] 
347.116: Total time for which application threads were stopped: 0.0047830 seconds, Stopping threads took: 0.0000750 seconds
347.179: Application time: 0.0635010 seconds
347.179: [GC347.179: [ParNew: 37347K->4154K(37568K), 0.0018150 secs] 176088K->143979K(556072K), 0.0018570 secs] [Times: user=0.01 sys=0.00, real=0.00 secs] 
347.181: Total time for which application threads were stopped: 0.0019860 seconds, Stopping threads took: 0.0000620 seconds
347.240: Application time: 0.0584650 seconds
347.240: [GC347.240: [ParNew: 36829K->4132K(37568K), 0.0019040 secs] 176655K->145006K(556072K), 0.0019460 secs] [Times: user=0.01 sys=0.00, real=0.00 secs] 
347.242: Total time for which application threads were stopped: 0.0021120 seconds, Stopping threads took: 0.0000970 seconds
347.307: Application time: 0.0651410 seconds
347.307: [GC347.307: [ParNew: 37351K->2143K(37568K), 0.0010870 secs] 178225K->143017K(556072K), 0.0011170 secs] [Times: user=0.01 sys=0.00, real=0.00 secs] 
347.308: Total time for which application threads were stopped: 0.0012550 seconds, Stopping threads took: 0.0000760 seconds
347.364: Application time: 0.0556310 seconds
347.364: [GC347.364: [ParNew: 35074K->3124K(37568K), 0.0012770 secs] 175948K->144055K(556072K), 0.0013140 secs] [Times: user=0.01 sys=0.00, real=0.01 secs] 
347.365: Total time for which application threads were stopped: 0.0014630 seconds, Stopping threads took: 0.0000910 seconds
347.418: Application time: 0.0521950 seconds
347.418: [GC347.418: [ParNew: 35679K->4114K(37568K), 0.0021120 secs] 176611K->147122K(556072K), 0.0021560 secs] [Times: user=0.02 sys=0.00, real=0.00 secs] 
347.420: Total time for which application threads were stopped: 0.0022910 seconds, Stopping threads took: 0.0000600 seconds
347.478: Application time: 0.0579920 seconds
347.478: [GC347.478: [ParNew: 37092K->4140K(37568K), 0.0022660 secs] 180099K->150219K(556072K), 0.0023090 secs] [Times: user=0.02 sys=0.00, real=0.00 secs] 
347.480: Total time for which application threads were stopped: 0.0024830 seconds, Stopping threads took: 0.0000870 seconds
347.542: Application time: 0.0617370 seconds
347.542: [GC347.542: [ParNew: 37236K->4141K(37568K), 0.0020800 secs] 183316K->152297K(556072K), 0.0021320 secs] [Times: user=0.01 sys=0.00, real=0.01 secs] 
347.544: Total time for which application threads were stopped: 0.0022830 seconds, Stopping threads took: 0.0000800 seconds
347.608: Application time: 0.0635930 seconds
347.608: [GC347.608: [ParNew: 37131K->4130K(37568K), 0.0017720 secs] 185288K->153339K(556072K), 0.0018100 secs] [Times: user=0.01 sys=0.00, real=0.00 secs] 
347.610: Total time for which application threads were stopped: 0.0019640 seconds, Stopping threads took: 0.0000860 seconds
347.668: Application time: 0.0577030 seconds
347.668: [GC347.668: [ParNew: 36716K->4122K(37568K), 0.0018080 secs] 185925K->154355K(556072K), 0.0018480 secs] [Times: user=0.01 sys=0.00, real=0.00 secs] 
347.670: Total time for which application threads were stopped: 0.0020410 seconds, Stopping threads took: 0.0001270 seconds
347.730: Application time: 0.0603920 seconds
347.730: [GC347.730: [ParNew: 36908K->4126K(37568K), 0.0017170 secs] 187141K->155383K(556072K), 0.0017540 secs] [Times: user=0.01 sys=0.00, real=0.00 secs] 
347.732: Total time for which application threads were stopped: 0.0019060 seconds, Stopping threads took: 0.0000890 seconds
347.791: Application time: 0.0588460 seconds
347.791: [GC347.791: [ParNew: 37106K->4139K(37568K), 0.0020370 secs] 188363K->157444K(556072K), 0.0020780 secs] [Times: user=0.01 sys=0.00, real=0.00 secs] 
347.793: Total time for which application threads were stopped: 0.0022410 seconds, Stopping threads took: 0.0000970 seconds
347.854: Application time: 0.0613160 seconds
347.854: [GC347.854: [ParNew: 37258K->4154K(37568K), 0.0024020 secs] 190562K->160576K(556072K), 0.0024460 secs] [Times: user=0.02 sys=0.00, real=0.01 secs] 
347.857: Total time for which application threads were stopped: 0.0025760 seconds, Stopping threads took: 0.0000620 seconds
347.919: Application time: 0.0617190 seconds
347.919: [GC347.919: [ParNew: 37063K->4129K(37568K), 0.0017990 secs] 193484K->161616K(556072K), 0.0018390 secs] [Times: user=0.01 sys=0.00, real=0.00 secs] 
347.921: Total time for which application threads were stopped: 0.0019950 seconds, Stopping threads took: 0.0000870 seconds
347.984: Application time: 0.0633030 seconds
347.984: [GC347.984: [ParNew: 37275K->2178K(37568K), 0.0009830 secs] 194761K->159664K(556072K), 0.0010180 secs] [Times: user=0.00 sys=0.00, real=0.01 secs] 
347.985: Total time for which application threads were stopped: 0.0011490 seconds, Stopping threads took: 0.0000570 seconds
348.042: Application time: 0.0568620 seconds
348.042: [GC348.042: [ParNew: 35204K->4149K(37568K), 0.0014330 secs] 192690K->161693K(556072K), 0.0014660 secs] [Times: user=0.01 sys=0.00, real=0.00 secs] 
348.044: Total time for which application threads were stopped: 0.0015850 seconds, Stopping threads took: 0.0000580 seconds
348.096: Application time: 0.0528960 seconds
348.097: [GC348.097: [ParNew: 37557K->4114K(37568K), 0.0023090 secs] 195101K->164758K(556072K), 0.0023510 secs] [Times: user=0.02 sys=0.00, real=0.00 secs] 
348.099: Total time for which application threads were stopped: 0.0024740 seconds, Stopping threads took: 0.0000570 seconds
348.158: Application time: 0.0591570 seconds
348.158: [GC348.158: [ParNew: 37113K->4140K(37568K), 0.0023050 secs] 197757K->167856K(556072K), 0.0023460 secs] [Times: user=0.01 sys=0.00, real=0.00 secs] 
348.161: Total time for which application threads were stopped: 0.0025020 seconds, Stopping threads took: 0.0000900 seconds
348.222: Application time: 0.0613950 seconds
348.222: [GC348.222: [ParNew: 37213K->4141K(37568K), 0.0020290 secs] 200929K->169933K(556072K), 0.0020790 secs] [Times: user=0.01 sys=0.00, real=0.00 secs] 
348.224: Total time for which application threads were stopped: 0.0022200 seconds, Stopping threads took: 0.0000740 seconds
348.284: Application time: 0.0600370 seconds
348.284: [GC348.284: [ParNew: 37011K->4114K(37568K), 0.0020060 secs] 202804K->171983K(556072K), 0.0020460 secs] [Times: user=0.02 sys=0.00, real=0.00 secs] 
348.286: Total time for which application threads were stopped: 0.0022160 seconds, Stopping threads took: 0.0001040 seconds
348.345: Application time: 0.0590150 seconds
348.346: [GC348.346: [ParNew: 36835K->4130K(37568K), 0.0017520 secs] 204704K->173023K(556072K), 0.0017890 secs] [Times: user=0.01 sys=0.00, real=0.00 secs] 
348.347: Total time for which application threads were stopped: 0.0019340 seconds, Stopping threads took: 0.0000780 seconds
348.409: Application time: 0.0618020 seconds
348.409: [GC348.409: [ParNew: 36983K->4118K(37568K), 0.0017150 secs] 205876K->174035K(556072K), 0.0017500 secs] [Times: user=0.01 sys=0.00, real=0.00 secs] 
348.411: Total time for which application threads were stopped: 0.0018710 seconds, Stopping threads took: 0.0000560 seconds
348.467: Application time: 0.0561670 seconds
348.467: [GC348.467: [ParNew: 36959K->4140K(37568K), 0.0025560 secs] 206876K->177129K(556072K), 0.0025980 secs] [Times: user=0.01 sys=0.00, real=0.00 secs] 
348.470: Total time for which application threads were stopped: 0.0027690 seconds, Stopping threads took: 0.0001030 seconds
348.534: Application time: 0.0636290 seconds
348.534: [GC348.534: [ParNew: 37317K->4158K(37568K), 0.0021310 secs] 210306K->179240K(556072K), 0.0021670 secs] [Times: user=0.01 sys=0.00, real=0.00 secs] 
348.536: Total time for which application threads were stopped: 0.0022990 seconds, Stopping threads took: 0.0000600 seconds
348.594: Application time: 0.0578960 seconds
348.594: [GC348.594: [ParNew: 36812K->4114K(37568K), 0.0018700 secs] 211894K->180261K(556072K), 0.0019080 secs] [Times: user=0.01 sys=0.00, real=0.00 secs] 
348.596: Total time for which application threads were stopped: 0.0020440 seconds, Stopping threads took: 0.0000680 seconds
348.659: Application time: 0.0627530 seconds
348.659: [GC348.659: [ParNew: 37171K->2146K(37568K), 0.0011430 secs] 213318K->178292K(556072K), 0.0011770 secs] [Times: user=0.01 sys=0.00, real=0.00 secs] 
348.660: Total time for which application threads were stopped: 0.0013300 seconds, Stopping threads took: 0.0000880 seconds
348.718: Application time: 0.0582330 seconds
348.718: [GC348.718: [ParNew: 35529K->3142K(37568K), 0.0013100 secs] 211676K->179346K(556072K), 0.0013410 secs] [Times: user=0.01 sys=0.00, real=0.00 secs] 
348.720: Total time for which application threads were stopped: 0.0014680 seconds, Stopping threads took: 0.0000690 seconds
348.774: Application time: 0.0547630 seconds
348.775: [GC348.775: [ParNew: 36550K->4118K(37568K), 0.0023140 secs] 212754K->183423K(556072K), 0.0023550 secs] [Times: user=0.02 sys=0.00, real=0.01 secs] 
348.777: Total time for which application threads were stopped: 0.0024780 seconds, Stopping threads took: 0.0000560 seconds
348.836: Application time: 0.0592190 seconds
348.836: [GC348.836: [ParNew: 37081K->4141K(37568K), 0.0020700 secs] 216385K->185494K(556072K), 0.0021180 secs] [Times: user=0.02 sys=0.00, real=0.01 secs] 
348.838: Total time for which application threads were stopped: 0.0022500 seconds, Stopping threads took: 0.0000630 seconds
348.895: Application time: 0.0562090 seconds
348.895: [GC348.895: [ParNew: 37113K->4140K(37568K), 0.0025440 secs] 218465K->188593K(556072K), 0.0025870 secs] [Times: user=0.01 sys=0.00, real=0.01 secs] 
348.897: Total time for which application threads were stopped: 0.0027240 seconds, Stopping threads took: 0.0000680 seconds
348.960: Application time: 0.0630600 seconds
348.961: [GC348.961: [ParNew: 37125K->4130K(37568K), 0.0020790 secs] 221578K->190659K(556072K), 0.0021160 secs] [Times: user=0.01 sys=0.00, real=0.00 secs] 
348.963: Total time for which application threads were stopped: 0.0022490 seconds, Stopping threads took: 0.0000570 seconds
349.025: Application time: 0.0622660 seconds
349.025: [GC349.025: [ParNew: 37071K->4131K(37568K), 0.0020520 secs] 223600K->192708K(556072K), 0.0020920 secs] [Times: user=0.01 sys=0.00, real=0.00 secs] 
349.027: Total time for which application threads were stopped: 0.0022390 seconds, Stopping threads took: 0.0000820 seconds
349.088: Application time: 0.0610440 seconds
349.088: [GC349.088: [ParNew: 36993K->4120K(37568K), 0.0017410 secs] 225570K->193721K(556072K), 0.0017770 secs] [Times: user=0.01 sys=0.00, real=0.00 secs] 
349.090: Total time for which application threads were stopped: 0.0019240 seconds, Stopping threads took: 0.0000740 seconds
349.147: Application time: 0.0572360 seconds
349.147: [GC349.148: [ParNew: 36845K->4144K(37568K), 0.0021570 secs] 226446K->195793K(556072K), 0.0021970 secs] [Times: user=0.02 sys=0.00, real=0.00 secs] 
349.150: Total time for which application threads were stopped: 0.0023280 seconds, Stopping threads took: 0.0000640 seconds
349.212: Application time: 0.0618140 seconds
349.212: [GC349.212: [ParNew: 37255K->4158K(37568K), 0.0020790 secs] 228905K->197904K(556072K), 0.0021260 secs] [Times: user=0.02 sys=0.00, real=0.00 secs] 
349.214: Total time for which application threads were stopped: 0.0022640 seconds, Stopping threads took: 0.0000690 seconds
349.274: Application time: 0.0606910 seconds
349.275: [GC349.275: [ParNew: 37027K->4152K(37568K), 0.0018600 secs] 230774K->198960K(556072K), 0.0018990 secs] [Times: user=0.02 sys=0.00, real=0.01 secs] 
349.277: Total time for which application threads were stopped: 0.0020480 seconds, Stopping threads took: 0.0000830 seconds
349.334: Application time: 0.0572860 seconds
349.334: [GC349.334: [ParNew: 36609K->4158K(37568K), 0.0016800 secs] 231416K->199007K(556072K), 0.0017180 secs] [Times: user=0.01 sys=0.00, real=0.00 secs] 
349.336: Total time for which application threads were stopped: 0.0018750 seconds, Stopping threads took: 0.0000890 seconds
349.395: Application time: 0.0594600 seconds
349.395: [GC349.395: [ParNew: 36791K->4154K(37568K), 0.0014870 secs] 231640K->199028K(556072K), 0.0015240 secs] [Times: user=0.01 sys=0.00, real=0.01 secs] 
349.397: Total time for which application threads were stopped: 0.0016530 seconds, Stopping threads took: 0.0000640 seconds
349.451: Application time: 0.0538150 seconds
349.451: [GC349.451: [ParNew: 36553K->4122K(37568K), 0.0020220 secs] 231427K->201065K(556072K), 0.0020640 secs] [Times: user=0.02 sys=0.00, real=0.00 secs] 
349.453: Total time for which application threads were stopped: 0.0022240 seconds, Stopping threads took: 0.0000950 seconds
349.508: Application time: 0.0554180 seconds
349.512: [GC349.512: [ParNew: 37007K->4140K(37568K), 0.0024270 secs] 233950K->204155K(556072K), 0.0024690 secs] [Times: user=0.02 sys=0.00, real=0.00 secs] 
349.515: Total time for which application threads were stopped: 0.0066200 seconds, Stopping threads took: 0.0040820 seconds
349.578: Application time: 0.0629420 seconds
349.578: [GC349.578: [ParNew: 37219K->4140K(37568K), 0.0023590 secs] 237234K->207255K(556072K), 0.0023980 secs] [Times: user=0.02 sys=0.00, real=0.00 secs] 
349.580: Total time for which application threads were stopped: 0.0025740 seconds, Stopping threads took: 0.0001120 seconds
349.640: Application time: 0.0591490 seconds
349.640: [GC349.640: [ParNew: 37065K->4112K(37568K), 0.0023650 secs] 240180K->210328K(556072K), 0.0024050 secs] [Times: user=0.02 sys=0.00, real=0.00 secs] 
349.642: Total time for which application threads were stopped: 0.0025600 seconds, Stopping threads took: 0.0000770 seconds
349.703: Application time: 0.0604290 seconds
349.703: [GC349.703: [ParNew: 36967K->4132K(37568K), 0.0021560 secs] 243183K->212396K(556072K), 0.0021980 secs] [Times: user=0.01 sys=0.00, real=0.01 secs] 
349.705: Total time for which application threads were stopped: 0.0023680 seconds, Stopping threads took: 0.0001000 seconds
349.767: Application time: 0.0618470 seconds
349.767: [GC349.767: [ParNew: 36974K->4134K(37568K), 0.0018710 secs] 245238K->213422K(556072K), 0.0019170 secs] [Times: user=0.01 sys=0.00, real=0.00 secs] 
349.769: Total time for which application threads were stopped: 0.0020460 seconds, Stopping threads took: 0.0000650 seconds
349.827: Application time: 0.0584380 seconds
349.827: [GC349.827: [ParNew: 36883K->4141K(37568K), 0.0020050 secs] 246171K->215477K(556072K), 0.0020450 secs] [Times: user=0.01 sys=0.00, real=0.00 secs] 
349.829: Total time for which application threads were stopped: 0.0021930 seconds, Stopping threads took: 0.0000800 seconds
349.891: Application time: 0.0617060 seconds
349.891: [GC349.891: [ParNew: 37202K->4159K(37568K), 0.0016180 secs] 248538K->215540K(556072K), 0.0016570 secs] [Times: user=0.01 sys=0.00, real=0.00 secs] 
349.893: Total time for which application threads were stopped: 0.0018070 seconds, Stopping threads took: 0.0000850 seconds
349.950: Application time: 0.0574980 seconds
349.951: [GC349.951: [ParNew: 36643K->4135K(37568K), 0.0015650 secs] 248023K->215557K(556072K), 0.0016010 secs] [Times: user=0.01 sys=0.00, real=0.00 secs] 
349.952: Total time for which application threads were stopped: 0.0017590 seconds, Stopping threads took: 0.0000930 seconds
350.010: Application time: 0.0576760 seconds
350.010: [GC350.010: [ParNew: 36673K->4156K(37568K), 0.0015170 secs] 248095K->215617K(556072K), 0.0015530 secs] [Times: user=0.01 sys=0.00, real=0.00 secs] 
350.012: Total time for which application threads were stopped: 0.0016950 seconds, Stopping threads took: 0.0000800 seconds
350.064: Application time: 0.0528750 seconds
350.065: [GC350.065: [ParNew: 36807K->4140K(37568K), 0.0024300 secs] 248269K->218690K(556072K), 0.0024710 secs] [Times: user=0.02 sys=0.00, real=0.00 secs] 
350.067: Total time for which application threads were stopped: 0.0026180 seconds, Stopping threads took: 0.0000760 seconds
350.130: Application time: 0.0629730 seconds
350.130: [GC350.130: [ParNew: 37127K->4114K(37568K), 0.0024500 secs] 251677K->221765K(556072K), 0.0024910 secs] [Times: user=0.02 sys=0.00, real=0.00 secs] 
350.133: Total time for which application threads were stopped: 0.0026220 seconds, Stopping threads took: 0.0000640 seconds
350.188: Application time: 0.0552550 seconds
350.188: [GC350.188: [ParNew: 36983K->4152K(37568K), 0.0021070 secs] 254634K->223867K(556072K), 0.0021470 secs] [Times: user=0.01 sys=0.00, real=0.00 secs] 
350.190: Total time for which application threads were stopped: 0.0023100 seconds, Stopping threads took: 0.0000870 seconds
350.255: Application time: 0.0643990 seconds
350.255: [GC350.255: [ParNew: 37159K->4119K(37568K), 0.0017460 secs] 256875K->224899K(556072K), 0.0017880 secs] [Times: user=0.01 sys=0.00, real=0.01 secs] 
350.257: Total time for which application threads were stopped: 0.0019140 seconds, Stopping threads took: 0.0000590 seconds
350.316: Application time: 0.0597020 seconds
350.316: [GC350.316: [ParNew: 37000K->4119K(37568K), 0.0023280 secs] 257781K->227971K(556072K), 0.0023700 secs] [Times: user=0.02 sys=0.00, real=0.00 secs] 
350.319: Total time for which application threads were stopped: 0.0025100 seconds, Stopping threads took: 0.0000720 seconds
350.379: Application time: 0.0597950 seconds
350.379: [GC350.379: [ParNew: 36966K->4132K(37568K), 0.0018230 secs] 260819K->229008K(556072K), 0.0018660 secs] [Times: user=0.01 sys=0.00, real=0.00 secs] 
350.381: Total time for which application threads were stopped: 0.0020060 seconds, Stopping threads took: 0.0000710 seconds
350.441: Application time: 0.0599630 seconds
350.441: [GC350.441: [ParNew: 36860K->4130K(37568K), 0.0017890 secs] 261737K->230031K(556072K), 0.0018250 secs] [Times: user=0.02 sys=0.00, real=0.00 secs] 
350.443: Total time for which application threads were stopped: 0.0019660 seconds, Stopping threads took: 0.0000730 seconds
350.505: Application time: 0.0625840 seconds
350.505: [GC350.505: [ParNew: 37092K->4158K(37568K), 0.0014470 secs] 262992K->230079K(556072K), 0.0014880 secs] [Times: user=0.01 sys=0.00, real=0.00 secs] 
350.507: Total time for which application threads were stopped: 0.0016270 seconds, Stopping threads took: 0.0000710 seconds
350.565: Application time: 0.0585420 seconds
350.568: [GC350.568: [ParNew: 36854K->3168K(37568K), 0.0012610 secs] 262775K->229098K(556072K), 0.0013050 secs] [Times: user=0.01 sys=0.00, real=0.00 secs] 
350.570: Total time for which application threads were stopped: 0.0043950 seconds, Stopping threads took: 0.0030280 seconds
350.629: Application time: 0.0588760 seconds
350.629: [GC350.629: [ParNew: 36576K->4135K(37568K), 0.0017490 secs] 262506K->231146K(556072K), 0.0017900 secs] [Times: user=0.01 sys=0.00, real=0.00 secs] 
350.631: Total time for which application threads were stopped: 0.0019510 seconds, Stopping threads took: 0.0000940 seconds
350.689: Application time: 0.0584090 seconds
350.689: [GC350.689: [ParNew: 37021K->4153K(37568K), 0.0014810 secs] 264032K->231188K(556072K), 0.0015170 secs] [Times: user=0.01 sys=0.00, real=0.00 secs] 
350.691: Total time for which application threads were stopped: 0.0016480 seconds, Stopping threads took: 0.0000630 seconds
350.745: Application time: 0.0540770 seconds
350.745: [GC350.745: [ParNew: 36853K->4142K(37568K), 0.0017630 secs] 263888K->232234K(556072K), 0.0018030 secs] [Times: user=0.01 sys=0.00, real=0.00 secs] 
350.747: Total time for which application threads were stopped: 0.0019360 seconds, Stopping threads took: 0.0000660 seconds
350.806: Application time: 0.0589180 seconds
350.806: [GC350.806: [ParNew: 37062K->4114K(37568K), 0.0023980 secs] 265154K->235306K(556072K), 0.0024400 secs] [Times: user=0.02 sys=0.00, real=0.00 secs] 
350.808: Total time for which application threads were stopped: 0.0026250 seconds, Stopping threads took: 0.0001170 seconds
350.867: Application time: 0.0588870 seconds
350.868: [GC350.868: [ParNew: 37108K->4158K(37568K), 0.0021280 secs] 268301K->237426K(556072K), 0.0021720 secs] [Times: user=0.02 sys=0.00, real=0.00 secs] 
350.871: Total time for which application threads were stopped: 0.0035690 seconds, Stopping threads took: 0.0013280 seconds
350.933: Application time: 0.0624710 seconds
350.933: [GC350.933: [ParNew: 37098K->4113K(37568K), 0.0021540 secs] 270366K->239458K(556072K), 0.0021940 secs] [Times: user=0.01 sys=0.00, real=0.00 secs] 
350.935: Total time for which application threads were stopped: 0.0023300 seconds, Stopping threads took: 0.0000680 seconds
350.993: Application time: 0.0577390 seconds
350.993: [GC350.993: [ParNew: 36922K->4112K(37568K), 0.0023970 secs] 272267K->242529K(556072K), 0.0024400 secs] [Times: user=0.01 sys=0.00, real=0.00 secs] 
350.996: Total time for which application threads were stopped: 0.0025840 seconds, Stopping threads took: 0.0000770 seconds
351.059: Application time: 0.0627820 seconds
351.059: [GC351.059: [ParNew: 37030K->4132K(37568K), 0.0020340 secs] 275448K->243573K(556072K), 0.0020760 secs] [Times: user=0.02 sys=0.00, real=0.00 secs] 
351.061: Total time for which application threads were stopped: 0.0022280 seconds, Stopping threads took: 0.0000850 seconds
351.119: Application time: 0.0580040 seconds
351.119: [GC351.119: [ParNew: 36840K->4112K(37568K), 0.0018740 secs] 276282K->244577K(556072K), 0.0019140 secs] [Times: user=0.01 sys=0.00, real=0.00 secs] 
351.121: Total time for which application threads were stopped: 0.0022170 seconds, Stopping threads took: 0.0002310 seconds
351.185: Application time: 0.0643020 seconds
351.185: [GC351.185: [ParNew: 37098K->3172K(37568K), 0.0013780 secs] 277564K->243638K(556072K), 0.0014130 secs] [Times: user=0.00 sys=0.00, real=0.00 secs] 
351.187: Total time for which application threads were stopped: 0.0015820 seconds, Stopping threads took: 0.0001040 seconds
351.246: Application time: 0.0588190 seconds
351.246: [GC351.246: [ParNew: 35819K->3160K(37568K), 0.0012690 secs] 276285K->243655K(556072K), 0.0013020 secs] [Times: user=0.01 sys=0.00, real=0.00 secs] 
351.247: Total time for which application threads were stopped: 0.0014560 seconds, Stopping threads took: 0.0000830 seconds
351.304: Application time: 0.0571590 seconds
351.304: [GC351.304: [ParNew: 36568K->4134K(37568K), 0.0021330 secs] 277063K->246733K(556072K), 0.0021720 secs] [Times: user=0.01 sys=0.00, real=0.00 secs] 
351.307: Total time for which application threads were stopped: 0.0023230 seconds, Stopping threads took: 0.0000850 seconds
351.366: Application time: 0.0589940 seconds
351.366: [GC351.366: [ParNew: 37001K->4156K(37568K), 0.0019800 secs] 279601K->248819K(556072K), 0.0020200 secs] [Times: user=0.01 sys=0.00, real=0.00 secs] 
351.368: Total time for which application threads were stopped: 0.0021450 seconds, Stopping threads took: 0.0000600 seconds
351.424: Application time: 0.0565190 seconds
351.424: [GC351.424: [ParNew: 36980K->4148K(37568K), 0.0015630 secs] 281643K->248853K(556072K), 0.0016010 secs] [Times: user=0.01 sys=0.00, real=0.00 secs] 
351.426: Total time for which application threads were stopped: 0.0017500 seconds, Stopping threads took: 0.0000860 seconds
351.482: Application time: 0.0556440 seconds
351.482: [GC351.482: [ParNew: 36911K->4112K(37568K), 0.0024080 secs] 281616K->251917K(556072K), 0.0024500 secs] [Times: user=0.02 sys=0.00, real=0.00 secs] 
351.484: Total time for which application threads were stopped: 0.0026030 seconds, Stopping threads took: 0.0000750 seconds
351.547: Application time: 0.0622820 seconds
351.547: [GC351.547: [ParNew: 37278K->4152K(37568K), 0.0021620 secs] 285083K->254021K(556072K), 0.0022040 secs] [Times: user=0.01 sys=0.00, real=0.00 secs] 
351.549: Total time for which application threads were stopped: 0.0023600 seconds, Stopping threads took: 0.0000850 seconds
351.611: Application time: 0.0615690 seconds
351.611: [GC351.611: [ParNew: 37027K->4130K(37568K), 0.0020680 secs] 286896K->256088K(556072K), 0.0021110 secs] [Times: user=0.02 sys=0.00, real=0.00 secs] 
351.613: Total time for which application threads were stopped: 0.0022370 seconds, Stopping threads took: 0.0000600 seconds
351.672: Application time: 0.0590180 seconds
351.672: [GC351.672: [ParNew: 36927K->4136K(37568K), 0.0033070 secs] 288885K->257118K(556072K), 0.0033520 secs] [Times: user=0.01 sys=0.00, real=0.00 secs] 
351.675: Total time for which application threads were stopped: 0.0034810 seconds, Stopping threads took: 0.0000650 seconds
351.736: Application time: 0.0607700 seconds
351.736: [GC351.736: [ParNew: 36915K->4130K(37568K), 0.0020400 secs] 289897K->259160K(556072K), 0.0020830 secs] [Times: user=0.01 sys=0.00, real=0.01 secs] 
351.738: Total time for which application threads were stopped: 0.0022260 seconds, Stopping threads took: 0.0000730 seconds
351.799: Application time: 0.0610090 seconds
351.799: [GC351.799: [ParNew: 37017K->4133K(37568K), 0.0017710 secs] 292047K->260187K(556072K), 0.0018070 secs] [Times: user=0.01 sys=0.00, real=0.00 secs] 
351.801: Total time for which application threads were stopped: 0.0019450 seconds, Stopping threads took: 0.0000640 seconds
351.861: Application time: 0.0594500 seconds
351.861: [GC351.861: [ParNew: 36867K->4147K(37568K), 0.0015680 secs] 292921K->260217K(556072K), 0.0016050 secs] [Times: user=0.01 sys=0.00, real=0.00 secs] 
351.862: Total time for which application threads were stopped: 0.0017590 seconds, Stopping threads took: 0.0000860 seconds
351.921: Application time: 0.0582880 seconds
351.921: [GC351.921: [ParNew: 36744K->2151K(37568K), 0.0009540 secs] 292814K->258234K(556072K), 0.0009840 secs] [Times: user=0.01 sys=0.00, real=0.00 secs] 
351.922: Total time for which application threads were stopped: 0.0011050 seconds, Stopping threads took: 0.0000640 seconds
351.977: Application time: 0.0550440 seconds
351.977: [GC351.977: [ParNew: 34651K->4117K(37568K), 0.0021500 secs] 290734K->262304K(556072K), 0.0021870 secs] [Times: user=0.02 sys=0.00, real=0.00 secs] 
351.979: Total time for which application threads were stopped: 0.0023470 seconds, Stopping threads took: 0.0000970 seconds
352.035: Application time: 0.0553990 seconds
352.035: [GC352.035: [ParNew: 36977K->4156K(37568K), 0.0020760 secs] 295164K->264408K(556072K), 0.0021190 secs] [Times: user=0.01 sys=0.00, real=0.01 secs] 
352.037: Total time for which application threads were stopped: 0.0022620 seconds, Stopping threads took: 0.0000710 seconds
352.099: Application time: 0.0624100 seconds
352.099: [GC352.099: [ParNew: 37221K->4152K(37568K), 0.0018660 secs] 297473K->265493K(556072K), 0.0019110 secs] [Times: user=0.02 sys=0.00, real=0.00 secs] 
352.101: Total time for which application threads were stopped: 0.0020710 seconds, Stopping threads took: 0.0000950 seconds
352.163: Application time: 0.0614880 seconds
352.163: [GC352.163: [ParNew: 36971K->4130K(37568K), 0.0017650 secs] 298311K->266500K(556072K), 0.0018040 secs] [Times: user=0.02 sys=0.00, real=0.01 secs] 
352.165: Total time for which application threads were stopped: 0.0019520 seconds, Stopping threads took: 0.0000820 seconds
352.221: Application time: 0.0558060 seconds
352.221: [GC352.221: [ParNew: 36747K->4144K(37568K), 0.0020610 secs] 299117K->268561K(556072K), 0.0021030 secs] [Times: user=0.02 sys=0.00, real=0.00 secs] 
352.223: Total time for which application threads were stopped: 0.0022770 seconds, Stopping threads took: 0.0001060 seconds
352.283: Application time: 0.0602760 seconds
352.283: [GC352.283: [ParNew: 37199K->4144K(37568K), 0.0023590 secs] 301616K->271662K(556072K), 0.0023990 secs] [Times: user=0.02 sys=0.00, real=0.01 secs] 
352.286: Total time for which application threads were stopped: 0.0025280 seconds, Stopping threads took: 0.0000630 seconds
352.344: Application time: 0.0584750 seconds
352.344: [GC352.344: [ParNew: 36959K->4133K(37568K), 0.0021010 secs] 304477K->273727K(556072K), 0.0021410 secs] [Times: user=0.02 sys=0.00, real=0.00 secs] 
352.347: Total time for which application threads were stopped: 0.0023130 seconds, Stopping threads took: 0.0000880 seconds
352.408: Application time: 0.0614110 seconds
352.408: [GC352.408: [ParNew: 37006K->4116K(37568K), 0.0018110 secs] 306601K->274734K(556072K), 0.0018490 secs] [Times: user=0.01 sys=0.00, real=0.00 secs] 
352.410: Total time for which application threads were stopped: 0.0019680 seconds, Stopping threads took: 0.0000490 seconds
352.471: Application time: 0.0612680 seconds
352.471: [GC352.471: [ParNew: 36956K->4132K(37568K), 0.0019080 secs] 307574K->275774K(556072K), 0.0019500 secs] [Times: user=0.01 sys=0.00, real=0.00 secs] 
352.473: Total time for which application threads were stopped: 0.0021120 seconds, Stopping threads took: 0.0000930 seconds
352.532: Application time: 0.0589730 seconds
352.533: [GC352.533: [ParNew: 36710K->4159K(37568K), 0.0016770 secs] 308352K->275818K(556072K), 0.0017190 secs] [Times: user=0.01 sys=0.00, real=0.00 secs] 
352.534: Total time for which application threads were stopped: 0.0020530 seconds, Stopping threads took: 0.0002560 seconds
352.591: Application time: 0.0571390 seconds
352.592: [GC352.592: [ParNew: 36631K->4142K(37568K), 0.0018170 secs] 308290K->276837K(556072K), 0.0018570 secs] [Times: user=0.01 sys=0.00, real=0.00 secs] 
352.593: Total time for which application threads were stopped: 0.0019880 seconds, Stopping threads took: 0.0000660 seconds
352.649: Application time: 0.0559800 seconds
352.650: [GC352.650: [ParNew: 36880K->4158K(37568K), 0.0021150 secs] 309575K->278930K(556072K), 0.0021530 secs] [Times: user=0.01 sys=0.00, real=0.00 secs] 
352.652: Total time for which application threads were stopped: 0.0022770 seconds, Stopping threads took: 0.0000580 seconds
352.709: Application time: 0.0574660 seconds
352.709: [GC352.709: [ParNew: 37158K->4156K(37568K), 0.0021340 secs] 311930K->281020K(556072K), 0.0021720 secs] [Times: user=0.02 sys=0.00, real=0.00 secs] 
352.711: Total time for which application threads were stopped: 0.0023210 seconds, Stopping threads took: 0.0000800 seconds
352.774: Application time: 0.0620470 seconds
352.774: [GC352.774: [ParNew: 37200K->4139K(37568K), 0.0021230 secs] 314064K->283092K(556072K), 0.0021630 secs] [Times: user=0.01 sys=0.00, real=0.00 secs] 
352.776: Total time for which application threads were stopped: 0.0022870 seconds, Stopping threads took: 0.0000610 seconds
352.833: Application time: 0.0566980 seconds
352.833: [GC352.833: [ParNew: 36673K->4120K(37568K), 0.0017220 secs] 315626K->284126K(556072K), 0.0017680 secs] [Times: user=0.02 sys=0.00, real=0.00 secs] 
352.834: Total time for which application threads were stopped: 0.0018990 seconds, Stopping threads took: 0.0000670 seconds
352.895: Application time: 0.0602910 seconds
352.895: [GC352.895: [ParNew: 37088K->4144K(37568K), 0.0021060 secs] 317094K->286198K(556072K), 0.0021520 secs] [Times: user=0.02 sys=0.00, real=0.01 secs] 
352.897: Total time for which application threads were stopped: 0.0022940 seconds, Stopping threads took: 0.0000660 seconds
352.957: Application time: 0.0601410 seconds
352.957: [GC352.957: [ParNew: 37143K->4156K(37568K), 0.0020390 secs] 319197K->288290K(556072K), 0.0020810 secs] [Times: user=0.02 sys=0.00, real=0.00 secs] 
352.959: Total time for which application threads were stopped: 0.0022090 seconds, Stopping threads took: 0.0000590 seconds
353.018: Application time: 0.0584280 seconds
353.018: [GC353.018: [ParNew: 36880K->4117K(37568K), 0.0020520 secs] 321015K->290324K(556072K), 0.0020930 secs] [Times: user=0.01 sys=0.00, real=0.00 secs] 
353.020: Total time for which application threads were stopped: 0.0022220 seconds, Stopping threads took: 0.0000630 seconds
353.081: Application time: 0.0609770 seconds
353.084: [GC353.084: [ParNew: 37013K->4132K(37568K), 0.0016140 secs] 323220K->290339K(556072K), 0.0016500 secs] [Times: user=0.01 sys=0.00, real=0.00 secs] 
353.086: Total time for which application threads were stopped: 0.0050410 seconds, Stopping threads took: 0.0033260 seconds
353.148: Application time: 0.0616420 seconds
353.148: [GC353.148: [ParNew: 36848K->4146K(37568K), 0.0017880 secs] 323055K->291377K(556072K), 0.0018260 secs] [Times: user=0.01 sys=0.00, real=0.00 secs] 
353.150: Total time for which application threads were stopped: 0.0019580 seconds, Stopping threads took: 0.0000660 seconds
353.207: Application time: 0.0573610 seconds
353.207: [GC353.207: [ParNew: 37554K->4122K(37568K), 0.0018550 secs] 324785K->292377K(556072K), 0.0018980 secs] [Times: user=0.01 sys=0.00, real=0.00 secs] 
353.209: Total time for which application threads were stopped: 0.0020260 seconds, Stopping threads took: 0.0000590 seconds
353.270: Application time: 0.0610650 seconds
353.270: [GC353.270: [ParNew: 37233K->4158K(37568K), 0.0017690 secs] 325488K->293499K(556072K), 0.0018070 secs] [Times: user=0.01 sys=0.00, real=0.00 secs] 
353.272: Total time for which application threads were stopped: 0.0019510 seconds, Stopping threads took: 0.0000800 seconds
353.326: Application time: 0.0537670 seconds
353.326: [GC353.326: [ParNew: 36680K->4132K(37568K), 0.0023250 secs] 326020K->295546K(556072K), 0.0023670 secs] [Times: user=0.02 sys=0.00, real=0.00 secs] 
353.328: Total time for which application threads were stopped: 0.0025360 seconds, Stopping threads took: 0.0001030 seconds
353.388: Application time: 0.0599450 seconds
353.388: [GC353.388: [ParNew: 37166K->4158K(37568K), 0.0020700 secs] 328580K->297636K(556072K), 0.0021100 secs] [Times: user=0.02 sys=0.00, real=0.00 secs] 
353.391: Total time for which application threads were stopped: 0.0022790 seconds, Stopping threads took: 0.0000980 seconds
353.452: Application time: 0.0618750 seconds
353.453: [GC353.453: [ParNew: 37188K->4152K(37568K), 0.0018170 secs] 330666K->298719K(556072K), 0.0018560 secs] [Times: user=0.02 sys=0.00, real=0.00 secs] 
353.454: Total time for which application threads were stopped: 0.0020140 seconds, Stopping threads took: 0.0000810 seconds
353.513: Application time: 0.0581700 seconds
353.513: [GC353.513: [ParNew: 36767K->4118K(37568K), 0.0017630 secs] 331335K->299714K(556072K), 0.0018000 secs] [Times: user=0.02 sys=0.00, real=0.00 secs] 
353.515: Total time for which application threads were stopped: 0.0019430 seconds, Stopping threads took: 0.0000800 seconds
353.572: Application time: 0.0571020 seconds
353.572: [GC353.572: [ParNew: 36925K->4142K(37568K), 0.0023120 secs] 332521K->302809K(556072K), 0.0023530 secs] [Times: user=0.02 sys=0.00, real=0.00 secs] 
353.574: Total time for which application threads were stopped: 0.0024820 seconds, Stopping threads took: 0.0000630 seconds
353.636: Application time: 0.0621720 seconds
353.636: [GC353.636: [ParNew: 37233K->4149K(37568K), 0.0021700 secs] 335900K->304893K(556072K), 0.0022190 secs] [Times: user=0.01 sys=0.00, real=0.00 secs] 
353.639: Total time for which application threads were stopped: 0.0023490 seconds, Stopping threads took: 0.0000660 seconds
353.698: Application time: 0.0590050 seconds
353.698: [GC353.698: [ParNew: 36992K->4127K(37568K), 0.0020320 secs] 337737K->306948K(556072K), 0.0020730 secs] [Times: user=0.02 sys=0.00, real=0.00 secs] 
353.700: Total time for which application threads were stopped: 0.0022460 seconds, Stopping threads took: 0.0001070 seconds
353.761: Application time: 0.0611730 seconds
353.761: [GC353.761: [ParNew: 36977K->4128K(37568K), 0.0019010 secs] 339798K->307973K(556072K), 0.0019360 secs] [Times: user=0.01 sys=0.00, real=0.00 secs] 
353.763: Total time for which application threads were stopped: 0.0021280 seconds, Stopping threads took: 0.0001270 seconds
353.821: Application time: 0.0579200 seconds
353.821: [GC353.821: [ParNew: 36638K->4131K(37568K), 0.0019180 secs] 340482K->308999K(556072K), 0.0019530 secs] [Times: user=0.01 sys=0.00, real=0.00 secs] 
353.823: Total time for which application threads were stopped: 0.0021700 seconds, Stopping threads took: 0.0001480 seconds
353.886: Application time: 0.0621970 seconds
353.886: [GC353.886: [ParNew: 37006K->3167K(37568K), 0.0013800 secs] 341875K->308035K(556072K), 0.0014130 secs] [Times: user=0.01 sys=0.00, real=0.00 secs] 
353.887: Total time for which application threads were stopped: 0.0015540 seconds, Stopping threads took: 0.0000800 seconds
353.943: Application time: 0.0558660 seconds
353.943: [GC353.943: [ParNew: 36575K->4157K(37568K), 0.0018690 secs] 341443K->310138K(556072K), 0.0019090 secs] [Times: user=0.02 sys=0.00, real=0.01 secs] 
353.945: Total time for which application threads were stopped: 0.0020320 seconds, Stopping threads took: 0.0000570 seconds
354.001: Application time: 0.0555340 seconds
354.001: [GC354.001: [ParNew: 36905K->4154K(37568K), 0.0021530 secs] 342886K->312199K(556072K), 0.0021910 secs] [Times: user=0.01 sys=0.00, real=0.00 secs] 
354.003: Total time for which application threads were stopped: 0.0023470 seconds, Stopping threads took: 0.0000830 seconds
354.061: Application time: 0.0583410 seconds
354.061: [GC354.061: [ParNew: 37289K->4152K(37568K), 0.0024690 secs] 345335K->315326K(556072K), 0.0025120 secs] [Times: user=0.02 sys=0.00, real=0.00 secs] 
354.064: Total time for which application threads were stopped: 0.0026550 seconds, Stopping threads took: 0.0000710 seconds
354.064: Application time: 0.0000650 seconds
354.064: [GC [1 CMS-initial-mark: 311174K(518504K)] 316350K(556072K), 0.0001280 secs] [Times: user=0.00 sys=0.00, real=0.00 secs] 
354.064: Total time for which application threads were stopped: 0.0003240 seconds, Stopping threads took: 0.0001610 seconds
354.064: [CMS-concurrent-mark-start]
354.072: [CMS-concurrent-mark: 0.008/0.008 secs] [Times: user=0.03 sys=0.00, real=0.00 secs] 
354.072: [CMS-concurrent-preclean-start]
354.073: [CMS-concurrent-preclean: 0.001/0.001 secs] [Times: user=0.03 sys=0.00, real=0.00 secs] 
354.073: [CMS-concurrent-abortable-preclean-start]
354.128: Application time: 0.0640140 seconds
354.128: [GC354.128: [ParNew: 37245K->4143K(37568K), 0.0021060 secs] 348420K->317406K(556072K), 0.0021500 secs] [Times: user=0.01 sys=0.00, real=0.00 secs] 
354.131: Total time for which application threads were stopped: 0.0023420 seconds, Stopping threads took: 0.0001220 seconds
354.189: Application time: 0.0586410 seconds
354.189: [GC354.189: [ParNew: 36883K->4132K(37568K), 0.0021360 secs] 350146K->319472K(556072K), 0.0021780 secs] [Times: user=0.02 sys=0.00, real=0.00 secs] 
354.192: Total time for which application threads were stopped: 0.0023220 seconds, Stopping threads took: 0.0000750 seconds
354.254: Application time: 0.0619300 seconds
354.254: [GC354.254: [ParNew: 37219K->4156K(37568K), 0.0017150 secs] 352559K->320536K(556072K), 0.0017520 secs] [Times: user=0.02 sys=0.00, real=0.00 secs] 
354.255: Total time for which application threads were stopped: 0.0018840 seconds, Stopping threads took: 0.0000590 seconds
354.315: Application time: 0.0593750 seconds
354.315: [GC354.315: [ParNew: 36849K->4111K(37568K), 0.0020750 secs] 353229K->322580K(556072K), 0.0021170 secs] [Times: user=0.02 sys=0.00, real=0.01 secs] 
354.317: Total time for which application threads were stopped: 0.0022500 seconds, Stopping threads took: 0.0000660 seconds
354.378: Application time: 0.0612570 seconds
354.378: [GC354.378: [ParNew: 36998K->4130K(37568K), 0.0018030 secs] 355467K->323623K(556072K), 0.0018460 secs] [Times: user=0.01 sys=0.00, real=0.00 secs] 
354.380: Total time for which application threads were stopped: 0.0019850 seconds, Stopping threads took: 0.0000630 seconds
354.439: Application time: 0.0588410 seconds
354.439: [GC354.439: [ParNew: 36656K->4120K(37568K), 0.0018560 secs] 356149K->324637K(556072K), 0.0018970 secs] [Times: user=0.02 sys=0.00, real=0.00 secs] 
354.441: Total time for which application threads were stopped: 0.0020580 seconds, Stopping threads took: 0.0000910 seconds
354.500: Application time: 0.0590620 seconds
354.500: [GC354.500: [ParNew: 36527K->4133K(37568K), 0.0018820 secs] 357044K->325673K(556072K), 0.0019220 secs] [Times: user=0.02 sys=0.00, real=0.00 secs] 
354.502: Total time for which application threads were stopped: 0.0021440 seconds, Stopping threads took: 0.0001550 seconds
354.559: Application time: 0.0567840 seconds
354.559: [GC354.559: [ParNew: 36620K->4118K(37568K), 0.0020350 secs] 358160K->327707K(556072K), 0.0020770 secs] [Times: user=0.02 sys=0.00, real=0.00 secs] 
354.561: Total time for which application threads were stopped: 0.0022200 seconds, Stopping threads took: 0.0000680 seconds
354.617: Application time: 0.0558010 seconds
354.617: [GC354.617: [ParNew: 36952K->4153K(37568K), 0.0019750 secs] 360541K->329806K(556072K), 0.0020160 secs] [Times: user=0.02 sys=0.00, real=0.00 secs] 
354.619: Total time for which application threads were stopped: 0.0021710 seconds, Stopping threads took: 0.0000900 seconds
354.677: Application time: 0.0573840 seconds
354.677: [GC354.677: [ParNew: 37099K->4141K(37568K), 0.0024660 secs] 362752K->332907K(556072K), 0.0025090 secs] [Times: user=0.02 sys=0.00, real=0.00 secs] 
354.679: Total time for which application threads were stopped: 0.0026420 seconds, Stopping threads took: 0.0000640 seconds
354.743: Application time: 0.0633730 seconds
354.743: [GC354.743: [ParNew: 37368K->4153K(37568K), 0.0020770 secs] 366134K->335011K(556072K), 0.0021220 secs] [Times: user=0.01 sys=0.00, real=0.01 secs] 
354.745: Total time for which application threads were stopped: 0.0022520 seconds, Stopping threads took: 0.0000580 seconds
354.804: Application time: 0.0592890 seconds
354.804: [GC354.804: [ParNew: 37160K->4143K(37568K), 0.0023760 secs] 368019K->338115K(556072K), 0.0024160 secs] [Times: user=0.02 sys=0.00, real=0.00 secs] 
354.807: Total time for which application threads were stopped: 0.0025520 seconds, Stopping threads took: 0.0000690 seconds
354.866: Application time: 0.0587020 seconds
354.866: [GC354.866: [ParNew: 36947K->4132K(37568K), 0.0021080 secs] 370918K->340180K(556072K), 0.0021490 secs] [Times: user=0.02 sys=0.00, real=0.00 secs] 
354.868: Total time for which application threads were stopped: 0.0023030 seconds, Stopping threads took: 0.0000880 seconds
354.930: Application time: 0.0624550 seconds
354.930: [GC354.930: [ParNew: 37258K->4155K(37568K), 0.0020580 secs] 373306K->342267K(556072K), 0.0021000 secs] [Times: user=0.02 sys=0.00, real=0.00 secs] 
354.933: Total time for which application threads were stopped: 0.0022280 seconds, Stopping threads took: 0.0000610 seconds
354.993: Application time: 0.0605660 seconds
354.993: [GC354.993: [ParNew: 37008K->4121K(37568K), 0.0021090 secs] 375121K->344322K(556072K), 0.0021490 secs] [Times: user=0.02 sys=0.00, real=0.00 secs] 
354.995: Total time for which application threads were stopped: 0.0022820 seconds, Stopping threads took: 0.0000630 seconds
355.056: Application time: 0.0607350 seconds
355.056: [GC355.056: [ParNew: 36853K->4159K(37568K), 0.0015630 secs] 377054K->344363K(556072K), 0.0016070 secs] [Times: user=0.01 sys=0.00, real=0.00 secs] 
355.058: Total time for which application threads were stopped: 0.0017620 seconds, Stopping threads took: 0.0000820 seconds
355.118: Application time: 0.0602850 seconds
355.118: [GC355.118: [ParNew: 37567K->4122K(37568K), 0.0015510 secs] 377771K->344326K(556072K), 0.0015880 secs] [Times: user=0.02 sys=0.00, real=0.00 secs] 
355.120: Total time for which application threads were stopped: 0.0017230 seconds, Stopping threads took: 0.0000630 seconds
355.178: Application time: 0.0576040 seconds
355.178: [GC355.178: [ParNew: 36637K->4128K(37568K), 0.0021690 secs] 376841K->346380K(556072K), 0.0022060 secs] [Times: user=0.01 sys=0.00, real=0.00 secs] 
355.180: Total time for which application threads were stopped: 0.0023410 seconds, Stopping threads took: 0.0000710 seconds
355.237: Application time: 0.0568770 seconds
355.237: [GC355.237: [ParNew: 36674K->4132K(37568K), 0.0017440 secs] 378926K->347408K(556072K), 0.0017850 secs] [Times: user=0.01 sys=0.00, real=0.00 secs] 
355.239: Total time for which application threads were stopped: 0.0019410 seconds, Stopping threads took: 0.0000870 seconds
355.298: Application time: 0.0593610 seconds
355.298: [GC355.298: [ParNew: 37025K->4158K(37568K), 0.0017110 secs] 380301K->348490K(556072K), 0.0017520 secs] [Times: user=0.02 sys=0.00, real=0.00 secs] 
355.300: Total time for which application threads were stopped: 0.0018780 seconds, Stopping threads took: 0.0000600 seconds
355.355: Application time: 0.0554290 seconds
355.356: [GC355.356: [ParNew: 36977K->4142K(37568K), 0.0024000 secs] 381309K->351571K(556072K), 0.0024450 secs] [Times: user=0.02 sys=0.00, real=0.01 secs] 
355.358: Total time for which application threads were stopped: 0.0025900 seconds, Stopping threads took: 0.0000780 seconds
355.418: Application time: 0.0601390 seconds
355.418: [GC355.418: [ParNew: 37349K->4152K(37568K), 0.0024800 secs] 384778K->354698K(556072K), 0.0025240 secs] [Times: user=0.02 sys=0.00, real=0.00 secs] 
355.421: Total time for which application threads were stopped: 0.0026510 seconds, Stopping threads took: 0.0000600 seconds
355.481: Application time: 0.0605400 seconds
355.481: [GC355.481: [ParNew: 37178K->4142K(37568K), 0.0023720 secs] 387724K->357801K(556072K), 0.0024180 secs] [Times: user=0.02 sys=0.00, real=0.00 secs] 
355.484: Total time for which application threads were stopped: 0.0025550 seconds, Stopping threads took: 0.0000670 seconds
355.545: Application time: 0.0612600 seconds
355.545: [GC355.545: [ParNew: 37035K->4130K(37568K), 0.0018290 secs] 390694K->358842K(556072K), 0.0018660 secs] [Times: user=0.02 sys=0.00, real=0.00 secs] 
355.547: Total time for which application threads were stopped: 0.0020230 seconds, Stopping threads took: 0.0000930 seconds
355.608: Application time: 0.0607550 seconds
355.608: [GC355.608: [ParNew: 37165K->4156K(37568K), 0.0020450 secs] 391877K->360931K(556072K), 0.0020830 secs] [Times: user=0.02 sys=0.00, real=0.00 secs] 
355.610: Total time for which application threads were stopped: 0.0022260 seconds, Stopping threads took: 0.0000760 seconds
355.672: Application time: 0.0621140 seconds
355.672: [GC355.672: [ParNew: 36910K->4132K(37568K), 0.0016950 secs] 393686K->361972K(556072K), 0.0017320 secs] [Times: user=0.02 sys=0.00, real=0.00 secs] 
355.674: Total time for which application threads were stopped: 0.0018990 seconds, Stopping threads took: 0.0000900 seconds
355.733: Application time: 0.0591460 seconds
355.733: [GC355.733: [ParNew: 36754K->4138K(37568K), 0.0016810 secs] 394595K->361979K(556072K), 0.0017190 secs] [Times: user=0.01 sys=0.00, real=0.00 secs] 
355.735: Total time for which application threads were stopped: 0.0018510 seconds, Stopping threads took: 0.0000660 seconds
355.793: Application time: 0.0575630 seconds
355.793: [GC355.793: [ParNew: 36682K->4116K(37568K), 0.0020670 secs] 394523K->364005K(556072K), 0.0021090 secs] [Times: user=0.01 sys=0.00, real=0.00 secs] 
355.795: Total time for which application threads were stopped: 0.0022590 seconds, Stopping threads took: 0.0000820 seconds
355.853: Application time: 0.0584180 seconds
355.854: [GC355.854: [ParNew: 36770K->4148K(37568K), 0.0017940 secs] 396658K->365060K(556072K), 0.0018420 secs] [Times: user=0.01 sys=0.00, real=0.00 secs] 
355.855: Total time for which application threads were stopped: 0.0019990 seconds, Stopping threads took: 0.0000910 seconds
355.915: Application time: 0.0591610 seconds
355.915: [GC355.915: [ParNew: 36799K->3158K(37568K), 0.0012170 secs] 397711K->364070K(556072K), 0.0012500 secs] [Times: user=0.01 sys=0.00, real=0.00 secs] 
355.916: Total time for which application threads were stopped: 0.0013690 seconds, Stopping threads took: 0.0000580 seconds
355.970: Application time: 0.0543690 seconds
355.970: [GC355.970: [ParNew: 35655K->4144K(37568K), 0.0019720 secs] 396568K->367133K(556072K), 0.0020140 secs] [Times: user=0.01 sys=0.00, real=0.00 secs] 
355.972: Total time for which application threads were stopped: 0.0021580 seconds, Stopping threads took: 0.0000800 seconds
356.032: Application time: 0.0593770 seconds
356.032: [GC356.032: [ParNew: 37165K->4144K(37568K), 0.0024100 secs] 400154K->370233K(556072K), 0.0024510 secs] [Times: user=0.01 sys=0.00, real=0.00 secs] 
356.034: Total time for which application threads were stopped: 0.0025960 seconds, Stopping threads took: 0.0000790 seconds
356.093: Application time: 0.0581380 seconds
356.093: [GC356.093: [ParNew: 37238K->4154K(37568K), 0.0024320 secs] 403328K->373360K(556072K), 0.0024750 secs] [Times: user=0.01 sys=0.00, real=0.00 secs] 
356.095: Total time for which application threads were stopped: 0.0026010 seconds, Stopping threads took: 0.0000570 seconds
356.156: Application time: 0.0606360 seconds
356.156: [GC356.156: [ParNew: 37256K->4140K(37568K), 0.0024710 secs] 406462K->376459K(556072K), 0.0025120 secs] [Times: user=0.02 sys=0.00, real=0.01 secs] 
356.159: Total time for which application threads were stopped: 0.0026690 seconds, Stopping threads took: 0.0000870 seconds
356.223: Application time: 0.0645470 seconds
356.223: [GC356.223: [ParNew: 37160K->4113K(37568K), 0.0020220 secs] 409479K->378509K(556072K), 0.0020680 secs] [Times: user=0.02 sys=0.00, real=0.01 secs] 
356.225: Total time for which application threads were stopped: 0.0022130 seconds, Stopping threads took: 0.0000690 seconds
356.284: Application time: 0.0586480 seconds
356.284: [GC356.284: [ParNew: 37155K->4156K(37568K), 0.0025250 secs] 411551K->381640K(556072K), 0.0025660 secs] [Times: user=0.02 sys=0.00, real=0.01 secs] 
356.287: Total time for which application threads were stopped: 0.0027320 seconds, Stopping threads took: 0.0000940 seconds
356.349: Application time: 0.0622970 seconds
356.349: [GC356.349: [ParNew: 37036K->4131K(37568K), 0.0018160 secs] 414520K->382680K(556072K), 0.0018570 secs] [Times: user=0.01 sys=0.00, real=0.00 secs] 
356.351: Total time for which application threads were stopped: 0.0019920 seconds, Stopping threads took: 0.0000640 seconds
356.413: Application time: 0.0619130 seconds
356.413: [GC356.413: [ParNew: 36883K->3134K(37568K), 0.0013060 secs] 415432K->381683K(556072K), 0.0013390 secs] [Times: user=0.01 sys=0.00, real=0.00 secs] 
356.414: Total time for which application threads were stopped: 0.0015180 seconds, Stopping threads took: 0.0001130 seconds
356.474: Application time: 0.0596400 seconds
356.474: [GC356.474: [ParNew: 36542K->3132K(37568K), 0.0013830 secs] 415091K->381681K(556072K), 0.0014230 secs] [Times: user=0.01 sys=0.00, real=0.00 secs] 
356.476: Total time for which application threads were stopped: 0.0015570 seconds, Stopping threads took: 0.0000670 seconds
356.537: Application time: 0.0615730 seconds
356.537: [GC356.537: [ParNew: 35801K->3116K(37568K), 0.0011880 secs] 414350K->381665K(556072K), 0.0012250 secs] [Times: user=0.01 sys=0.00, real=0.00 secs] 
356.539: Total time for which application threads were stopped: 0.0013840 seconds, Stopping threads took: 0.0000960 seconds
356.586: Application time: 0.0477130 seconds
356.586: [GC356.586: [ParNew: 35942K->4116K(37568K), 0.0020950 secs] 414491K->384713K(556072K), 0.0021440 secs] [Times: user=0.02 sys=0.00, real=0.00 secs] 
356.589: Total time for which application threads were stopped: 0.0023030 seconds, Stopping threads took: 0.0000910 seconds
356.649: Application time: 0.0604630 seconds
356.649: [GC356.649: [ParNew: 37120K->4144K(37568K), 0.0020140 secs] 417717K->386789K(556072K), 0.0020490 secs] [Times: user=0.02 sys=0.00, real=0.00 secs] 
356.651: Total time for which application threads were stopped: 0.0021910 seconds, Stopping threads took: 0.0000780 seconds
356.708: Application time: 0.0570880 seconds
356.708: [GC356.708: [ParNew: 37260K->4152K(37568K), 0.0024520 secs] 419905K->389913K(556072K), 0.0025000 secs] [Times: user=0.02 sys=0.00, real=0.00 secs] 
356.711: Total time for which application threads were stopped: 0.0026310 seconds, Stopping threads took: 0.0000600 seconds
356.773: Application time: 0.0616650 seconds
356.773: [GC356.773: [ParNew: 37328K->4154K(37568K), 0.0024470 secs] 423090K->393044K(556072K), 0.0024910 secs] [Times: user=0.02 sys=0.00, real=0.00 secs] 
356.775: Total time for which application threads were stopped: 0.0026270 seconds, Stopping threads took: 0.0000590 seconds
356.837: Application time: 0.0620380 seconds
356.837: [GC356.837: [ParNew: 37225K->4140K(37568K), 0.0023040 secs] 426115K->396143K(556072K), 0.0023460 secs] [Times: user=0.01 sys=0.00, real=0.00 secs] 
356.840: Total time for which application threads were stopped: 0.0025130 seconds, Stopping threads took: 0.0000990 seconds
356.898: Application time: 0.0583470 seconds
356.898: [GC356.898: [ParNew: 37037K->4112K(37568K), 0.0023750 secs] 429041K->399216K(556072K), 0.0024150 secs] [Times: user=0.01 sys=0.00, real=0.00 secs] 
356.901: Total time for which application threads were stopped: 0.0025750 seconds, Stopping threads took: 0.0000950 seconds
356.963: Application time: 0.0622390 seconds
356.963: [GC356.963: [ParNew: 37276K->4152K(37568K), 0.0024600 secs] 432381K->402344K(556072K), 0.0025050 secs] [Times: user=0.02 sys=0.00, real=0.01 secs] 
356.966: Total time for which application threads were stopped: 0.0026450 seconds, Stopping threads took: 0.0000680 seconds
357.029: Application time: 0.0629150 seconds
357.029: [GC357.029: [ParNew: 37091K->4134K(37568K), 0.0021550 secs] 435283K->404416K(556072K), 0.0021960 secs] [Times: user=0.02 sys=0.00, real=0.00 secs] 
357.031: Total time for which application threads were stopped: 0.0023600 seconds, Stopping threads took: 0.0000960 seconds
357.091: Application time: 0.0600120 seconds
357.091: [GC357.091: [ParNew: 36650K->4133K(37568K), 0.0016090 secs] 436931K->404414K(556072K), 0.0016510 secs] [Times: user=0.01 sys=0.00, real=0.00 secs] 
357.093: Total time for which application threads were stopped: 0.0018380 seconds, Stopping threads took: 0.0001190 seconds
357.154: Application time: 0.0610230 seconds
357.156: [GC357.156: [ParNew: 36726K->4132K(37568K), 0.0018780 secs] 437008K->405437K(556072K), 0.0019170 secs] [Times: user=0.02 sys=0.00, real=0.00 secs] 
357.158: Total time for which application threads were stopped: 0.0045510 seconds, Stopping threads took: 0.0025660 seconds
357.219: Application time: 0.0605010 seconds
357.219: [GC357.219: [ParNew: 36767K->3127K(37568K), 0.0011330 secs] 438073K->404433K(556072K), 0.0011670 secs] [Times: user=0.01 sys=0.00, real=0.00 secs] 
357.220: Total time for which application threads were stopped: 0.0013220 seconds, Stopping threads took: 0.0000930 seconds
357.271: Application time: 0.0513170 seconds
357.272: [GC357.272: [ParNew: 35900K->4114K(37568K), 0.0023910 secs] 437205K->408491K(556072K), 0.0024310 secs] [Times: user=0.02 sys=0.00, real=0.00 secs] 
357.274: Total time for which application threads were stopped: 0.0025600 seconds, Stopping threads took: 0.0000630 seconds
357.332: Application time: 0.0579670 seconds
357.332: [GC357.332: [ParNew: 37148K->4142K(37568K), 0.0023510 secs] 441526K->411591K(556072K), 0.0023940 secs] [Times: user=0.01 sys=0.00, real=0.00 secs] 
357.335: Total time for which application threads were stopped: 0.0025250 seconds, Stopping threads took: 0.0000550 seconds
357.392: Application time: 0.0576030 seconds
357.392: [GC357.392: [ParNew: 37260K->4152K(37568K), 0.0024020 secs] 444709K->414718K(556072K), 0.0024550 secs] [Times: user=0.02 sys=0.00, real=0.00 secs] 
357.395: Total time for which application threads were stopped: 0.0025980 seconds, Stopping threads took: 0.0000760 seconds
357.455: Application time: 0.0603360 seconds
357.455: [GC357.455: [ParNew: 37321K->4154K(37568K), 0.0023790 secs] 447887K->417849K(556072K), 0.0024260 secs] [Times: user=0.02 sys=0.00, real=0.01 secs] 
357.458: Total time for which application threads were stopped: 0.0025630 seconds, Stopping threads took: 0.0000650 seconds
357.519: Application time: 0.0618310 seconds
357.520: [GC357.520: [ParNew: 37234K->4142K(37568K), 0.0024620 secs] 450929K->420950K(556072K), 0.0025070 secs] [Times: user=0.02 sys=0.00, real=0.00 secs] 
357.522: Total time for which application threads were stopped: 0.0026610 seconds, Stopping threads took: 0.0000860 seconds
357.581: Application time: 0.0587420 seconds
357.581: [GC357.581: [ParNew: 37026K->4114K(37568K), 0.0023920 secs] 453834K->424023K(556072K), 0.0024350 secs] [Times: user=0.02 sys=0.00, real=0.00 secs] 
357.583: Total time for which application threads were stopped: 0.0025770 seconds, Stopping threads took: 0.0000720 seconds
357.646: Application time: 0.0626210 seconds
357.646: [GC357.646: [ParNew: 37288K->4153K(37568K), 0.0023780 secs] 457197K->426126K(556072K), 0.0024230 secs] [Times: user=0.01 sys=0.01, real=0.00 secs] 
357.649: Total time for which application threads were stopped: 0.0025730 seconds, Stopping threads took: 0.0000810 seconds
357.711: Application time: 0.0618810 seconds
357.711: [GC357.711: [ParNew: 36854K->4117K(37568K), 0.0018690 secs] 458827K->427155K(556072K), 0.0019130 secs] [Times: user=0.01 sys=0.00, real=0.00 secs] 
357.713: Total time for which application threads were stopped: 0.0020540 seconds, Stopping threads took: 0.0000730 seconds
357.770: Application time: 0.0573230 seconds
357.770: [GC357.770: [ParNew: 36545K->4115K(37568K), 0.0021500 secs] 459583K->429200K(556072K), 0.0021880 secs] [Times: user=0.02 sys=0.00, real=0.00 secs] 
357.772: Total time for which application threads were stopped: 0.0023220 seconds, Stopping threads took: 0.0000660 seconds
357.834: Application time: 0.0613180 seconds
357.834: [GC357.834: [ParNew: 36944K->4136K(37568K), 0.0018180 secs] 462030K->430246K(556072K), 0.0018590 secs] [Times: user=0.02 sys=0.00, real=0.00 secs] 
357.836: Total time for which application threads were stopped: 0.0020370 seconds, Stopping threads took: 0.0000970 seconds
357.895: Application time: 0.0598250 seconds
357.896: [GC357.896: [ParNew: 36827K->4148K(37568K), 0.0015160 secs] 462937K->430258K(556072K), 0.0015530 secs] [Times: user=0.02 sys=0.00, real=0.01 secs] 
357.897: Total time for which application threads were stopped: 0.0016880 seconds, Stopping threads took: 0.0000670 seconds
357.959: Application time: 0.0616120 seconds
357.959: [GC357.959: [ParNew: 36794K->2075K(37568K), 0.0010260 secs] 462904K->428185K(556072K), 0.0010570 secs] [Times: user=0.01 sys=0.00, real=0.00 secs] 
357.960: Total time for which application threads were stopped: 0.0011960 seconds, Stopping threads took: 0.0000820 seconds
358.015: Application time: 0.0551990 seconds
358.015: [GC358.015: [ParNew: 35483K->4159K(37568K), 0.0016040 secs] 461593K->430285K(556072K), 0.0016390 secs] [Times: user=0.01 sys=0.00, real=0.01 secs] 
358.017: Total time for which application threads were stopped: 0.0017670 seconds, Stopping threads took: 0.0000670 seconds
358.073: Application time: 0.0562100 seconds
358.073: [GC358.073: [ParNew: 37071K->4142K(37568K), 0.0024250 secs] 463197K->433381K(556072K), 0.0024650 secs] [Times: user=0.02 sys=0.00, real=0.00 secs] 
358.076: Total time for which application threads were stopped: 0.0025890 seconds, Stopping threads took: 0.0000590 seconds
358.135: Application time: 0.0597440 seconds
358.136: [GC358.136: [ParNew: 37226K->4159K(37568K), 0.0021550 secs] 466465K->435502K(556072K), 0.0021960 secs] [Times: user=0.02 sys=0.00, real=0.01 secs] 
358.138: Total time for which application threads were stopped: 0.0023600 seconds, Stopping threads took: 0.0000870 seconds
358.198: Application time: 0.0599650 seconds
358.198: [GC358.198: [ParNew: 37082K->4147K(37568K), 0.0018310 secs] 468425K->436544K(556072K), 0.0018670 secs] [Times: user=0.02 sys=0.00, real=0.00 secs] 
358.200: Total time for which application threads were stopped: 0.0020000 seconds, Stopping threads took: 0.0000660 seconds
358.260: Application time: 0.0600830 seconds
358.260: [GC358.260: [ParNew: 36936K->4136K(37568K), 0.0018040 secs] 469333K->437585K(556072K), 0.0018400 secs] [Times: user=0.02 sys=0.00, real=0.00 secs] 
358.262: Total time for which application threads were stopped: 0.0019930 seconds, Stopping threads took: 0.0000900 seconds
358.326: Application time: 0.0637070 seconds
358.326: [GC358.326: [ParNew: 37273K->4159K(37568K), 0.0018290 secs] 470723K->438677K(556072K), 0.0018690 secs] [Times: user=0.01 sys=0.00, real=0.00 secs] 
358.328: Total time for which application threads were stopped: 0.0019850 seconds, Stopping threads took: 0.0000530 seconds
358.383: Application time: 0.0552310 seconds
358.383: [GC358.383: [ParNew: 36701K->4110K(37568K), 0.0021080 secs] 471218K->440689K(556072K), 0.0021490 secs] [Times: user=0.02 sys=0.00, real=0.01 secs] 
358.385: Total time for which application threads were stopped: 0.0023000 seconds, Stopping threads took: 0.0000720 seconds
358.446: Application time: 0.0612450 seconds
358.446: [GC358.446: [ParNew: 36996K->4112K(37568K), 0.0023570 secs] 473575K->443763K(556072K), 0.0023980 secs] [Times: user=0.01 sys=0.01, real=0.00 secs] 
358.449: Total time for which application threads were stopped: 0.0025270 seconds, Stopping threads took: 0.0000620 seconds
358.509: Application time: 0.0602810 seconds
358.509: [GC358.509: [ParNew: 36945K->4113K(37568K), 0.0021610 secs] 476596K->445812K(556072K), 0.0022030 secs] [Times: user=0.01 sys=0.00, real=0.00 secs] 
358.511: Total time for which application threads were stopped: 0.0023350 seconds, Stopping threads took: 0.0000610 seconds
358.570: Application time: 0.0584670 seconds
358.570: [GC358.570: [ParNew: 36722K->4149K(37568K), 0.0016120 secs] 478421K->445848K(556072K), 0.0016500 secs] [Times: user=0.01 sys=0.00, real=0.00 secs] 
358.572: Total time for which application threads were stopped: 0.0017970 seconds, Stopping threads took: 0.0000810 seconds
358.635: Application time: 0.0632950 seconds
358.635: [GC358.635: [ParNew: 37018K->3130K(37568K), 0.0012920 secs] 478717K->444829K(556072K), 0.0013290 secs] [Times: user=0.01 sys=0.00, real=0.01 secs] 
358.637: Total time for which application threads were stopped: 0.0014720 seconds, Stopping threads took: 0.0000800 seconds
358.695: Application time: 0.0584420 seconds
358.695: [GC358.695: [ParNew: 35941K->4158K(37568K), 0.0015070 secs] 477640K->445919K(556072K), 0.0015420 secs] [Times: user=0.01 sys=0.00, real=0.01 secs] 
358.697: Total time for which application threads were stopped: 0.0016900 seconds, Stopping threads took: 0.0000870 seconds
358.753: Application time: 0.0562810 seconds
358.753: [GC358.753: [ParNew: 36689K->4120K(37568K), 0.0021190 secs] 478451K->447955K(556072K), 0.0021580 secs] [Times: user=0.01 sys=0.00, real=0.00 secs] 
358.755: Total time for which application threads were stopped: 0.0023230 seconds, Stopping threads took: 0.0001020 seconds
358.813: Application time: 0.0574100 seconds
358.813: [GC358.813: [ParNew: 37115K->4158K(37568K), 0.0020430 secs] 480950K->449041K(556072K), 0.0020780 secs] [Times: user=0.01 sys=0.00, real=0.00 secs] 
358.815: Total time for which application threads were stopped: 0.0022000 seconds, Stopping threads took: 0.0000570 seconds
358.878: Application time: 0.0631500 seconds
358.878: [GC358.878: [ParNew: 37170K->4158K(37568K), 0.0018900 secs] 482053K->450099K(556072K), 0.0019270 secs] [Times: user=0.02 sys=0.00, real=0.00 secs] 
358.880: Total time for which application threads were stopped: 0.0021330 seconds, Stopping threads took: 0.0001230 seconds
358.935: Application time: 0.0548060 seconds
358.935: [GC358.935: [ParNew: 36553K->4139K(37568K), 0.0016110 secs] 482494K->450108K(556072K), 0.0016570 secs] [Times: user=0.01 sys=0.00, real=0.01 secs] 
358.937: Total time for which application threads were stopped: 0.0017950 seconds, Stopping threads took: 0.0000600 seconds
358.994: Application time: 0.0576570 seconds
358.995: [GC358.995: [ParNew: 37014K->4156K(37568K), 0.0024740 secs] 482983K->453213K(556072K), 0.0025220 secs] [Times: user=0.01 sys=0.00, real=0.01 secs] 
358.997: Total time for which application threads were stopped: 0.0026530 seconds, Stopping threads took: 0.0000610 seconds
359.058: Application time: 0.0604650 seconds
359.058: [GC359.058: [ParNew: 37049K->4114K(37568K), 0.0025820 secs] 486106K->456284K(556072K), 0.0026220 secs] [Times: user=0.02 sys=0.00, real=0.00 secs] 
359.060: Total time for which application threads were stopped: 0.0027770 seconds, Stopping threads took: 0.0000810 seconds
359.125: Application time: 0.0644100 seconds
359.125: [GC359.125: [ParNew: 37129K->4112K(37568K), 0.0043310 secs] 489299K->459354K(556072K), 0.0043690 secs] [Times: user=0.03 sys=0.00, real=0.00 secs] 
359.129: Total time for which application threads were stopped: 0.0044930 seconds, Stopping threads took: 0.0000590 seconds
 CMS: abort preclean due to time 359.130: [CMS-concurrent-abortable-preclean: 0.086/5.057 secs] [Times: user=39.87 sys=0.05, real=5.06 secs] 
359.130: Application time: 0.0011120 seconds
359.130: [GC[YG occupancy: 6173 K (37568 K)]359.130: [Rescan (parallel) , 0.0002750 secs]359.131: [weak refs processing, 0.0000060 secs]359.131: [scrub string table, 0.0001080 secs] [1 CMS-remark: 455242K(518504K)] 461415K(556072K), 0.0004130 secs] [Times: user=0.00 sys=0.00, real=0.00 secs] 
359.131: Total time for which application threads were stopped: 0.0004860 seconds, Stopping threads took: 0.0000460 seconds
359.131: [CMS-concurrent-sweep-start]
359.133: [CMS-concurrent-sweep: 0.002/0.002 secs] [Times: user=0.01 sys=0.00, real=0.00 secs] 
359.133: [CMS-concurrent-reset-start]
359.135: [CMS-concurrent-reset: 0.002/0.002 secs] [Times: user=0.00 sys=0.00, real=0.00 secs] 
359.189: Application time: 0.0583880 seconds
359.189: [GC359.189: [ParNew: 36931K->4127K(37568K), 0.0020730 secs] 187816K->157060K(556072K), 0.0021130 secs] [Times: user=0.02 sys=0.00, real=0.00 secs] 
359.191: Total time for which application threads were stopped: 0.0022510 seconds, Stopping threads took: 0.0000710 seconds
359.255: Application time: 0.0636180 seconds
359.256: [GC359.256: [ParNew: 37093K->3142K(37568K), 0.0013410 secs] 190026K->156074K(556072K), 0.0013760 secs] [Times: user=0.01 sys=0.00, real=0.00 secs] 
359.258: Total time for which application threads were stopped: 0.0027340 seconds, Stopping threads took: 0.0012920 seconds
359.317: Application time: 0.0596550 seconds
359.318: [GC359.318: [ParNew: 36550K->4134K(37568K), 0.0014920 secs] 189482K->157067K(556072K), 0.0015300 secs] [Times: user=0.01 sys=0.00, real=0.00 secs] 
359.319: Total time for which application threads were stopped: 0.0016540 seconds, Stopping threads took: 0.0000590 seconds
359.377: Application time: 0.0577540 seconds
359.377: [GC359.377: [ParNew: 36741K->4140K(37568K), 0.0022600 secs] 189674K->160144K(556072K), 0.0023000 secs] [Times: user=0.01 sys=0.00, real=0.00 secs] 
359.379: Total time for which application threads were stopped: 0.0024560 seconds, Stopping threads took: 0.0000900 seconds
359.435: Application time: 0.0556280 seconds
359.435: [GC359.435: [ParNew: 37141K->4156K(37568K), 0.0020910 secs] 193145K->162253K(556072K), 0.0021320 secs] [Times: user=0.01 sys=0.00, real=0.01 secs] 
359.437: Total time for which application threads were stopped: 0.0022620 seconds, Stopping threads took: 0.0000620 seconds
359.498: Application time: 0.0603730 seconds
359.498: [GC359.498: [ParNew: 37211K->4158K(37568K), 0.0018110 secs] 195308K->163348K(556072K), 0.0018490 secs] [Times: user=0.01 sys=0.00, real=0.00 secs] 
359.500: Total time for which application threads were stopped: 0.0020290 seconds, Stopping threads took: 0.0001010 seconds
359.562: Application time: 0.0626500 seconds
359.562: [GC359.562: [ParNew: 37133K->3156K(37568K), 0.0012420 secs] 196323K->162379K(556072K), 0.0012860 secs] [Times: user=0.01 sys=0.00, real=0.00 secs] 
359.564: Total time for which application threads were stopped: 0.0014500 seconds, Stopping threads took: 0.0000990 seconds
359.620: Application time: 0.0560410 seconds
359.620: [GC359.620: [ParNew: 36561K->4137K(37568K), 0.0018400 secs] 195784K->164412K(556072K), 0.0018800 secs] [Times: user=0.01 sys=0.00, real=0.00 secs] 
359.622: Total time for which application threads were stopped: 0.0020160 seconds, Stopping threads took: 0.0000710 seconds
359.683: Application time: 0.0610580 seconds
359.683: [GC359.683: [ParNew: 37151K->4153K(37568K), 0.0017770 secs] 197426K->165473K(556072K), 0.0018150 secs] [Times: user=0.01 sys=0.00, real=0.01 secs] 
359.685: Total time for which application threads were stopped: 0.0019620 seconds, Stopping threads took: 0.0000820 seconds
359.740: Application time: 0.0550010 seconds
359.740: [GC359.740: [ParNew: 36876K->4112K(37568K), 0.0023970 secs] 198196K->168540K(556072K), 0.0024390 secs] [Times: user=0.02 sys=0.00, real=0.00 secs] 
359.742: Total time for which application threads were stopped: 0.0025680 seconds, Stopping threads took: 0.0000610 seconds
359.804: Application time: 0.0617510 seconds
359.804: [GC359.804: [ParNew: 37086K->4117K(37568K), 0.0024160 secs] 201514K->171618K(556072K), 0.0024600 secs] [Times: user=0.02 sys=0.00, real=0.01 secs] 
359.807: Total time for which application threads were stopped: 0.0025960 seconds, Stopping threads took: 0.0000680 seconds
359.867: Application time: 0.0605770 seconds
359.867: [GC359.867: [ParNew: 37031K->4128K(37568K), 0.0020450 secs] 204531K->173676K(556072K), 0.0020860 secs] [Times: user=0.02 sys=0.00, real=0.00 secs] 
359.870: Total time for which application threads were stopped: 0.0022440 seconds, Stopping threads took: 0.0000920 seconds
359.932: Application time: 0.0621900 seconds
359.932: [GC359.932: [ParNew: 37010K->4129K(37568K), 0.0018430 secs] 206558K->174702K(556072K), 0.0018820 secs] [Times: user=0.01 sys=0.00, real=0.00 secs] 
359.934: Total time for which application threads were stopped: 0.0020120 seconds, Stopping threads took: 0.0000630 seconds
359.994: Application time: 0.0598400 seconds
359.996: [GC359.996: [ParNew: 36602K->2099K(37568K), 0.0009900 secs] 207174K->172671K(556072K), 0.0010210 secs] [Times: user=0.01 sys=0.00, real=0.00 secs] 
359.997: Total time for which application threads were stopped: 0.0038200 seconds, Stopping threads took: 0.0027400 seconds
360.051: Application time: 0.0539520 seconds
360.052: [GC360.052: [ParNew: 34563K->4140K(37568K), 0.0025080 secs] 205135K->177784K(556072K), 0.0025520 secs] [Times: user=0.02 sys=0.00, real=0.00 secs] 
360.054: Total time for which application threads were stopped: 0.0027080 seconds, Stopping threads took: 0.0000760 seconds
360.119: Application time: 0.0650240 seconds
360.119: [GC360.119: [ParNew: 37360K->4152K(37568K), 0.0022430 secs] 211005K->180913K(556072K), 0.0022870 secs] [Times: user=0.02 sys=0.00, real=0.00 secs] 
360.122: Total time for which application threads were stopped: 0.0024180 seconds, Stopping threads took: 0.0000650 seconds
360.177: Application time: 0.0556060 seconds
360.177: [GC360.177: [ParNew: 36895K->4154K(37568K), 0.0016500 secs] 213656K->180972K(556072K), 0.0016860 secs] [Times: user=0.01 sys=0.00, real=0.00 secs] 
360.179: Total time for which application threads were stopped: 0.0018290 seconds, Stopping threads took: 0.0000770 seconds
360.238: Application time: 0.0589360 seconds
360.238: [GC360.238: [ParNew: 36831K->4142K(37568K), 0.0018590 secs] 213650K->182025K(556072K), 0.0018980 secs] [Times: user=0.02 sys=0.00, real=0.00 secs] 
360.240: Total time for which application threads were stopped: 0.0020240 seconds, Stopping threads took: 0.0000600 seconds
360.298: Application time: 0.0580210 seconds
360.298: [GC360.298: [ParNew: 36900K->4113K(37568K), 0.0024080 secs] 214783K->185097K(556072K), 0.0024490 secs] [Times: user=0.02 sys=0.00, real=0.00 secs] 
360.301: Total time for which application threads were stopped: 0.0026000 seconds, Stopping threads took: 0.0000750 seconds
360.360: Application time: 0.0596780 seconds
360.360: [GC360.360: [ParNew: 37111K->4158K(37568K), 0.0020200 secs] 218094K->187206K(556072K), 0.0020650 secs] [Times: user=0.02 sys=0.00, real=0.00 secs] 
360.362: Total time for which application threads were stopped: 0.0022310 seconds, Stopping threads took: 0.0000980 seconds
360.421: Application time: 0.0585090 seconds
360.421: [GC360.421: [ParNew: 36944K->4115K(37568K), 0.0024750 secs] 219992K->190276K(556072K), 0.0025190 secs] [Times: user=0.02 sys=0.00, real=0.00 secs] 
360.424: Total time for which application threads were stopped: 0.0026610 seconds, Stopping threads took: 0.0000740 seconds
360.483: Application time: 0.0596940 seconds
360.484: [GC360.484: [ParNew: 36955K->4131K(37568K), 0.0018950 secs] 223116K->191316K(556072K), 0.0019360 secs] [Times: user=0.02 sys=0.00, real=0.01 secs] 
360.485: Total time for which application threads were stopped: 0.0021230 seconds, Stopping threads took: 0.0001190 seconds
360.549: Application time: 0.0639850 seconds
360.550: [GC360.550: [ParNew: 37098K->3125K(37568K), 0.0012400 secs] 224283K->190310K(556072K), 0.0012750 secs] [Times: user=0.00 sys=0.00, real=0.00 secs] 
360.551: Total time for which application threads were stopped: 0.0014540 seconds, Stopping threads took: 0.0001150 seconds
360.606: Application time: 0.0548800 seconds
360.606: [GC360.606: [ParNew: 35539K->4133K(37568K), 0.0017940 secs] 222724K->192342K(556072K), 0.0018340 secs] [Times: user=0.02 sys=0.00, real=0.00 secs] 
360.608: Total time for which application threads were stopped: 0.0019800 seconds, Stopping threads took: 0.0000660 seconds
360.671: Application time: 0.0629280 seconds
360.671: [GC360.671: [ParNew: 36987K->3110K(37568K), 0.0014600 secs] 225196K->191319K(556072K), 0.0014940 secs] [Times: user=0.01 sys=0.00, real=0.00 secs] 
360.672: Total time for which application threads were stopped: 0.0016280 seconds, Stopping threads took: 0.0000690 seconds
360.726: Application time: 0.0538930 seconds
360.726: [GC360.726: [ParNew: 35611K->4154K(37568K), 0.0022840 secs] 223820K->194411K(556072K), 0.0023270 secs] [Times: user=0.01 sys=0.00, real=0.00 secs] 
360.729: Total time for which application threads were stopped: 0.0024790 seconds, Stopping threads took: 0.0000810 seconds
360.791: Application time: 0.0620900 seconds
360.791: [GC360.791: [ParNew: 37286K->4159K(37568K), 0.0018670 secs] 227543K->195499K(556072K), 0.0019070 secs] [Times: user=0.01 sys=0.00, real=0.00 secs] 
360.793: Total time for which application threads were stopped: 0.0020660 seconds, Stopping threads took: 0.0000950 seconds
360.851: Application time: 0.0576630 seconds
360.851: [GC360.851: [ParNew: 37033K->4153K(37568K), 0.0021450 secs] 228372K->197586K(556072K), 0.0021850 secs] [Times: user=0.02 sys=0.00, real=0.00 secs] 
360.853: Total time for which application threads were stopped: 0.0023510 seconds, Stopping threads took: 0.0000960 seconds
360.913: Application time: 0.0598550 seconds
360.913: [GC360.913: [ParNew: 37014K->4158K(37568K), 0.0018250 secs] 230447K->198661K(556072K), 0.0018680 secs] [Times: user=0.02 sys=0.00, real=0.00 secs] 
360.915: Total time for which application threads were stopped: 0.0020070 seconds, Stopping threads took: 0.0000690 seconds
360.975: Application time: 0.0604920 seconds
360.975: [GC360.975: [ParNew: 36904K->4117K(37568K), 0.0016990 secs] 231407K->199668K(556072K), 0.0017400 secs] [Times: user=0.01 sys=0.00, real=0.01 secs] 
360.977: Total time for which application threads were stopped: 0.0018660 seconds, Stopping threads took: 0.0000600 seconds
361.034: Application time: 0.0568300 seconds
361.034: [GC361.034: [ParNew: 36983K->4156K(37568K), 0.0020310 secs] 232534K->201771K(556072K), 0.0020740 secs] [Times: user=0.02 sys=0.00, real=0.00 secs] 
361.036: Total time for which application threads were stopped: 0.0022070 seconds, Stopping threads took: 0.0000640 seconds
361.094: Application time: 0.0581650 seconds
361.094: [GC361.094: [ParNew: 36991K->4117K(37568K), 0.0021670 secs] 234606K->203821K(556072K), 0.0022170 secs] [Times: user=0.01 sys=0.00, real=0.01 secs] 
361.097: Total time for which application threads were stopped: 0.0023650 seconds, Stopping threads took: 0.0000800 seconds
361.158: Application time: 0.0609060 seconds
361.158: [GC361.158: [ParNew: 36925K->4132K(37568K), 0.0021740 secs] 236630K->205884K(556072K), 0.0022210 secs] [Times: user=0.02 sys=0.00, real=0.00 secs] 
361.160: Total time for which application threads were stopped: 0.0023760 seconds, Stopping threads took: 0.0000710 seconds
361.223: Application time: 0.0634420 seconds
361.224: [GC361.224: [ParNew: 37077K->4130K(37568K), 0.0016350 secs] 238829K->205883K(556072K), 0.0016780 secs] [Times: user=0.01 sys=0.00, real=0.01 secs] 
361.225: Total time for which application threads were stopped: 0.0018670 seconds, Stopping threads took: 0.0001180 seconds
361.284: Application time: 0.0583740 seconds
361.284: [GC361.284: [ParNew: 37538K->4155K(37568K), 0.0014900 secs] 239291K->205907K(556072K), 0.0015270 secs] [Times: user=0.01 sys=0.00, real=0.01 secs] 
361.285: Total time for which application threads were stopped: 0.0016690 seconds, Stopping threads took: 0.0000790 seconds
361.344: Application time: 0.0582110 seconds
361.344: [GC361.344: [ParNew: 36727K->4114K(37568K), 0.0021160 secs] 238479K->207914K(556072K), 0.0021590 secs] [Times: user=0.01 sys=0.00, real=0.01 secs] 
361.346: Total time for which application threads were stopped: 0.0022910 seconds, Stopping threads took: 0.0000690 seconds
361.401: Application time: 0.0550860 seconds
361.401: [GC361.401: [ParNew: 37007K->4158K(37568K), 0.0021170 secs] 240807K->210006K(556072K), 0.0021610 secs] [Times: user=0.02 sys=0.00, real=0.00 secs] 
361.403: Total time for which application threads were stopped: 0.0023190 seconds, Stopping threads took: 0.0000870 seconds
361.463: Application time: 0.0595570 seconds
361.463: [GC361.463: [ParNew: 37169K->4154K(37568K), 0.0021570 secs] 243018K->212111K(556072K), 0.0021970 secs] [Times: user=0.01 sys=0.00, real=0.01 secs] 
361.465: Total time for which application threads were stopped: 0.0023350 seconds, Stopping threads took: 0.0000710 seconds
361.528: Application time: 0.0624400 seconds
361.528: [GC361.528: [ParNew: 37303K->4158K(37568K), 0.0018260 secs] 245261K->213196K(556072K), 0.0018650 secs] [Times: user=0.01 sys=0.00, real=0.00 secs] 
361.530: Total time for which application threads were stopped: 0.0020090 seconds, Stopping threads took: 0.0000770 seconds
361.586: Application time: 0.0567970 seconds
361.587: [GC361.587: [ParNew: 36721K->4143K(37568K), 0.0019130 secs] 245759K->214230K(556072K), 0.0019540 secs] [Times: user=0.01 sys=0.00, real=0.00 secs] 
361.588: Total time for which application threads were stopped: 0.0020810 seconds, Stopping threads took: 0.0000570 seconds
361.647: Application time: 0.0585880 seconds
361.647: [GC361.647: [ParNew: 36902K->4112K(37568K), 0.0023580 secs] 246989K->217299K(556072K), 0.0024020 secs] [Times: user=0.02 sys=0.00, real=0.00 secs] 
361.650: Total time for which application threads were stopped: 0.0025750 seconds, Stopping threads took: 0.0001040 seconds
361.710: Application time: 0.0607550 seconds
361.711: [GC361.711: [ParNew: 37247K->4157K(37568K), 0.0021730 secs] 250434K->219409K(556072K), 0.0022170 secs] [Times: user=0.01 sys=0.01, real=0.00 secs] 
361.713: Total time for which application threads were stopped: 0.0024470 seconds, Stopping threads took: 0.0001560 seconds
361.773: Application time: 0.0606150 seconds
361.774: [GC361.774: [ParNew: 36973K->4128K(37568K), 0.0017920 secs] 252225K->220444K(556072K), 0.0018310 secs] [Times: user=0.01 sys=0.00, real=0.00 secs] 
361.775: Total time for which application threads were stopped: 0.0019530 seconds, Stopping threads took: 0.0000560 seconds
361.835: Application time: 0.0591340 seconds
361.837: [GC361.837: [ParNew: 36938K->4114K(37568K), 0.0018150 secs] 253255K->221454K(556072K), 0.0018550 secs] [Times: user=0.01 sys=0.00, real=0.00 secs] 
361.838: Total time for which application threads were stopped: 0.0038280 seconds, Stopping threads took: 0.0018730 seconds
361.901: Application time: 0.0624420 seconds
361.901: [GC361.901: [ParNew: 36973K->4147K(37568K), 0.0016130 secs] 254313K->221488K(556072K), 0.0016490 secs] [Times: user=0.01 sys=0.00, real=0.00 secs] 
361.903: Total time for which application threads were stopped: 0.0018070 seconds, Stopping threads took: 0.0000920 seconds
361.961: Application time: 0.0587710 seconds
361.962: [GC361.962: [ParNew: 37555K->4121K(37568K), 0.0014780 secs] 254896K->221462K(556072K), 0.0015130 secs] [Times: user=0.01 sys=0.00, real=0.00 secs] 
361.963: Total time for which application threads were stopped: 0.0016330 seconds, Stopping threads took: 0.0000540 seconds
362.021: Application time: 0.0584070 seconds
362.022: [GC362.022: [ParNew: 36659K->4115K(37568K), 0.0019350 secs] 254000K->223503K(556072K), 0.0019750 secs] [Times: user=0.02 sys=0.00, real=0.00 secs] 
362.024: Total time for which application threads were stopped: 0.0021050 seconds, Stopping threads took: 0.0000650 seconds
362.079: Application time: 0.0556740 seconds
362.079: [GC362.079: [ParNew: 36956K->4139K(37568K), 0.0020860 secs] 256345K->225576K(556072K), 0.0021270 secs] [Times: user=0.02 sys=0.00, real=0.00 secs] 
362.082: Total time for which application threads were stopped: 0.0022700 seconds, Stopping threads took: 0.0000760 seconds
362.141: Application time: 0.0590870 seconds
362.141: [GC362.141: [ParNew: 37144K->4159K(37568K), 0.0017830 secs] 258581K->226680K(556072K), 0.0018190 secs] [Times: user=0.01 sys=0.00, real=0.00 secs] 
362.143: Total time for which application threads were stopped: 0.0019910 seconds, Stopping threads took: 0.0001020 seconds
362.205: Application time: 0.0620910 seconds
362.205: [GC362.205: [ParNew: 37267K->4155K(37568K), 0.0017620 secs] 259788K->227758K(556072K), 0.0018020 secs] [Times: user=0.01 sys=0.00, real=0.00 secs] 
362.207: Total time for which application threads were stopped: 0.0019240 seconds, Stopping threads took: 0.0000570 seconds
362.263: Application time: 0.0568060 seconds
362.264: [GC362.264: [ParNew: 36781K->4146K(37568K), 0.0017770 secs] 260383K->228797K(556072K), 0.0018160 secs] [Times: user=0.02 sys=0.00, real=0.01 secs] 
362.265: Total time for which application threads were stopped: 0.0019650 seconds, Stopping threads took: 0.0000750 seconds
362.325: Application time: 0.0598670 seconds
362.325: [GC362.325: [ParNew: 36985K->4116K(37568K), 0.0021300 secs] 261636K->230844K(556072K), 0.0021720 secs] [Times: user=0.01 sys=0.00, real=0.00 secs] 
362.328: Total time for which application threads were stopped: 0.0022980 seconds, Stopping threads took: 0.0000590 seconds
362.386: Application time: 0.0584950 seconds
362.386: [GC362.386: [ParNew: 37190K->4158K(37568K), 0.0025120 secs] 263917K->233966K(556072K), 0.0025570 secs] [Times: user=0.02 sys=0.00, real=0.00 secs] 
362.389: Total time for which application threads were stopped: 0.0027010 seconds, Stopping threads took: 0.0000750 seconds
362.451: Application time: 0.0625030 seconds
362.451: [GC362.451: [ParNew: 37143K->4130K(37568K), 0.0022640 secs] 266951K->236035K(556072K), 0.0023020 secs] [Times: user=0.02 sys=0.00, real=0.00 secs] 
362.454: Total time for which application threads were stopped: 0.0024410 seconds, Stopping threads took: 0.0000740 seconds
362.513: Application time: 0.0592420 seconds
362.513: [GC362.513: [ParNew: 36848K->4130K(37568K), 0.0017770 secs] 268753K->237059K(556072K), 0.0018130 secs] [Times: user=0.02 sys=0.00, real=0.00 secs] 
362.515: Total time for which application threads were stopped: 0.0019760 seconds, Stopping threads took: 0.0000970 seconds
362.578: Application time: 0.0625810 seconds
362.580: [GC362.580: [ParNew: 36983K->3125K(37568K), 0.0013240 secs] 269912K->236054K(556072K), 0.0013630 secs] [Times: user=0.01 sys=0.00, real=0.00 secs] 
362.582: Total time for which application threads were stopped: 0.0042650 seconds, Stopping threads took: 0.0028380 seconds
362.640: Application time: 0.0584510 seconds
362.640: [GC362.640: [ParNew: 36533K->4114K(37568K), 0.0018800 secs] 269462K->238067K(556072K), 0.0019260 secs] [Times: user=0.01 sys=0.00, real=0.00 secs] 
362.642: Total time for which application threads were stopped: 0.0020810 seconds, Stopping threads took: 0.0000910 seconds
362.698: Application time: 0.0561350 seconds
362.699: [GC362.699: [ParNew: 36565K->4115K(37568K), 0.0020170 secs] 270518K->240116K(556072K), 0.0020560 secs] [Times: user=0.01 sys=0.00, real=0.00 secs] 
362.701: Total time for which application threads were stopped: 0.0022250 seconds, Stopping threads took: 0.0001020 seconds
362.758: Application time: 0.0577260 seconds
362.759: [GC362.759: [ParNew: 36967K->4159K(37568K), 0.0021770 secs] 272968K->242208K(556072K), 0.0022230 secs] [Times: user=0.02 sys=0.00, real=0.00 secs] 
362.761: Total time for which application threads were stopped: 0.0024140 seconds, Stopping threads took: 0.0001220 seconds
362.819: Application time: 0.0582410 seconds
362.819: [GC362.819: [ParNew: 37085K->4159K(37568K), 0.0018240 secs] 275134K->243293K(556072K), 0.0018680 secs] [Times: user=0.01 sys=0.00, real=0.00 secs] 
362.821: Total time for which application threads were stopped: 0.0020470 seconds, Stopping threads took: 0.0001010 seconds
362.881: Application time: 0.0595290 seconds
362.881: [GC362.881: [ParNew: 37134K->4151K(37568K), 0.0022990 secs] 276268K->245374K(556072K), 0.0023390 secs] [Times: user=0.01 sys=0.00, real=0.00 secs] 
362.883: Total time for which application threads were stopped: 0.0024800 seconds, Stopping threads took: 0.0000730 seconds
362.941: Application time: 0.0578070 seconds
362.944: [GC362.944: [ParNew: 36836K->4126K(37568K), 0.0021230 secs] 278059K->247438K(556072K), 0.0021690 secs] [Times: user=0.02 sys=0.00, real=0.01 secs] 
362.946: Total time for which application threads were stopped: 0.0051910 seconds, Stopping threads took: 0.0029560 seconds
363.005: Application time: 0.0593460 seconds
363.006: [GC363.006: [ParNew: 37111K->4147K(37568K), 0.0019950 secs] 280423K->249507K(556072K), 0.0020350 secs] [Times: user=0.02 sys=0.00, real=0.00 secs] 
363.008: Total time for which application threads were stopped: 0.0021830 seconds, Stopping threads took: 0.0000830 seconds
363.066: Application time: 0.0584320 seconds
363.066: [GC363.066: [ParNew: 37245K->4152K(37568K), 0.0024440 secs] 282605K->252628K(556072K), 0.0024890 secs] [Times: user=0.01 sys=0.00, real=0.00 secs] 
363.069: Total time for which application threads were stopped: 0.0026570 seconds, Stopping threads took: 0.0000990 seconds
363.132: Application time: 0.0634220 seconds
363.132: [GC363.132: [ParNew: 37147K->4128K(37568K), 0.0020870 secs] 285623K->254694K(556072K), 0.0021340 secs] [Times: user=0.01 sys=0.01, real=0.00 secs] 
363.134: Total time for which application threads were stopped: 0.0022640 seconds, Stopping threads took: 0.0000650 seconds
363.193: Application time: 0.0583290 seconds
363.196: [GC363.196: [ParNew: 36850K->4146K(37568K), 0.0020310 secs] 287416K->255735K(556072K), 0.0020720 secs] [Times: user=0.01 sys=0.00, real=0.00 secs] 
363.199: Total time for which application threads were stopped: 0.0057740 seconds, Stopping threads took: 0.0036200 seconds
363.262: Application time: 0.0634130 seconds
363.262: [GC363.262: [ParNew: 37021K->3109K(37568K), 0.0012020 secs] 288611K->254699K(556072K), 0.0012380 secs] [Times: user=0.01 sys=0.00, real=0.00 secs] 
363.263: Total time for which application threads were stopped: 0.0013670 seconds, Stopping threads took: 0.0000600 seconds
363.322: Application time: 0.0582890 seconds
363.322: [GC363.322: [ParNew: 36517K->4120K(37568K), 0.0017550 secs] 288107K->256734K(556072K), 0.0017950 secs] [Times: user=0.02 sys=0.00, real=0.00 secs] 
363.324: Total time for which application threads were stopped: 0.0019300 seconds, Stopping threads took: 0.0000560 seconds
363.383: Application time: 0.0591410 seconds
363.383: [GC363.383: [ParNew: 36729K->4132K(37568K), 0.0017530 secs] 289342K->257769K(556072K), 0.0017950 secs] [Times: user=0.01 sys=0.00, real=0.01 secs] 
363.385: Total time for which application threads were stopped: 0.0019560 seconds, Stopping threads took: 0.0000940 seconds
363.443: Application time: 0.0581760 seconds
363.443: [GC363.443: [ParNew: 37083K->4158K(37568K), 0.0018450 secs] 290720K->258852K(556072K), 0.0018970 secs] [Times: user=0.01 sys=0.00, real=0.01 secs] 
363.445: Total time for which application threads were stopped: 0.0020320 seconds, Stopping threads took: 0.0000660 seconds
363.499: Application time: 0.0541000 seconds
363.499: [GC363.499: [ParNew: 36690K->4158K(37568K), 0.0018470 secs] 291383K->259901K(556072K), 0.0018910 secs] [Times: user=0.02 sys=0.00, real=0.00 secs] 
363.501: Total time for which application threads were stopped: 0.0020480 seconds, Stopping threads took: 0.0000900 seconds
363.565: Application time: 0.0635130 seconds
363.568: [GC363.568: [ParNew: 37267K->4158K(37568K), 0.0016470 secs] 293009K->259961K(556072K), 0.0016840 secs] [Times: user=0.01 sys=0.00, real=0.00 secs] 
363.570: Total time for which application threads were stopped: 0.0055700 seconds, Stopping threads took: 0.0038240 seconds
363.626: Application time: 0.0556400 seconds
363.626: [GC363.626: [ParNew: 36787K->4115K(37568K), 0.0018140 secs] 292590K->260967K(556072K), 0.0018510 secs] [Times: user=0.02 sys=0.00, real=0.00 secs] 
363.628: Total time for which application threads were stopped: 0.0019820 seconds, Stopping threads took: 0.0000640 seconds
363.685: Application time: 0.0575360 seconds
363.685: [GC363.685: [ParNew: 37050K->4140K(37568K), 0.0023460 secs] 293903K->264064K(556072K), 0.0023890 secs] [Times: user=0.02 sys=0.00, real=0.00 secs] 
363.688: Total time for which application threads were stopped: 0.0025490 seconds, Stopping threads took: 0.0000880 seconds
363.751: Application time: 0.0635460 seconds
363.751: [GC363.751: [ParNew: 37334K->4155K(37568K), 0.0020630 secs] 297258K->266172K(556072K), 0.0021040 secs] [Times: user=0.01 sys=0.00, real=0.00 secs] 
363.754: Total time for which application threads were stopped: 0.0022250 seconds, Stopping threads took: 0.0000550 seconds
363.812: Application time: 0.0584240 seconds
363.812: [GC363.812: [ParNew: 36940K->4128K(37568K), 0.0021020 secs] 298957K->268234K(556072K), 0.0021400 secs] [Times: user=0.01 sys=0.00, real=0.00 secs] 
363.814: Total time for which application threads were stopped: 0.0022760 seconds, Stopping threads took: 0.0000710 seconds
363.874: Application time: 0.0596940 seconds
363.874: [GC363.874: [ParNew: 36975K->4116K(37568K), 0.0021480 secs] 301081K->270270K(556072K), 0.0022040 secs] [Times: user=0.01 sys=0.00, real=0.01 secs] 
363.876: Total time for which application threads were stopped: 0.0023550 seconds, Stopping threads took: 0.0000720 seconds
363.939: Application time: 0.0624630 seconds
363.939: [GC363.939: [ParNew: 37045K->4132K(37568K), 0.0020430 secs] 303199K->272334K(556072K), 0.0020840 secs] [Times: user=0.01 sys=0.00, real=0.00 secs] 
363.941: Total time for which application threads were stopped: 0.0022380 seconds, Stopping threads took: 0.0000880 seconds
364.002: Application time: 0.0608280 seconds
364.002: [GC364.002: [ParNew: 36980K->4146K(37568K), 0.0018500 secs] 305182K->273372K(556072K), 0.0018850 secs] [Times: user=0.01 sys=0.00, real=0.00 secs] 
364.004: Total time for which application threads were stopped: 0.0020110 seconds, Stopping threads took: 0.0000580 seconds
364.062: Application time: 0.0585840 seconds
364.063: [GC364.063: [ParNew: 36658K->4154K(37568K), 0.0015510 secs] 305884K->273380K(556072K), 0.0015880 secs] [Times: user=0.01 sys=0.00, real=0.00 secs] 
364.064: Total time for which application threads were stopped: 0.0017320 seconds, Stopping threads took: 0.0000770 seconds
364.123: Application time: 0.0589500 seconds
364.123: [GC364.123: [ParNew: 37014K->3212K(37568K), 0.0012670 secs] 306240K->272438K(556072K), 0.0013080 secs] [Times: user=0.01 sys=0.00, real=0.01 secs] 
364.125: Total time for which application threads were stopped: 0.0014560 seconds, Stopping threads took: 0.0000860 seconds
364.184: Application time: 0.0593250 seconds
364.184: [GC364.184: [ParNew: 36620K->4148K(37568K), 0.0015710 secs] 305846K->273459K(556072K), 0.0016100 secs] [Times: user=0.01 sys=0.00, real=0.01 secs] 
364.186: Total time for which application threads were stopped: 0.0017410 seconds, Stopping threads took: 0.0000650 seconds
364.238: Application time: 0.0519630 seconds
364.238: [GC364.238: [ParNew: 36597K->4142K(37568K), 0.0023690 secs] 305908K->276525K(556072K), 0.0024120 secs] [Times: user=0.02 sys=0.00, real=0.00 secs] 
364.240: Total time for which application threads were stopped: 0.0025420 seconds, Stopping threads took: 0.0000610 seconds
364.299: Application time: 0.0589750 seconds
364.299: [GC364.299: [ParNew: 37156K->4141K(37568K), 0.0023070 secs] 309539K->278602K(556072K), 0.0023490 secs] [Times: user=0.01 sys=0.00, real=0.00 secs] 
364.302: Total time for which application threads were stopped: 0.0025080 seconds, Stopping threads took: 0.0000930 seconds
364.361: Application time: 0.0594270 seconds
364.361: [GC364.361: [ParNew: 37187K->4145K(37568K), 0.0022730 secs] 311647K->280682K(556072K), 0.0023160 secs] [Times: user=0.01 sys=0.00, real=0.00 secs] 
364.364: Total time for which application threads were stopped: 0.0024790 seconds, Stopping threads took: 0.0000940 seconds
364.427: Application time: 0.0633700 seconds
364.427: [GC364.427: [ParNew: 37331K->4155K(37568K), 0.0020230 secs] 313867K->282784K(556072K), 0.0020610 secs] [Times: user=0.02 sys=0.00, real=0.00 secs] 
364.429: Total time for which application threads were stopped: 0.0022100 seconds, Stopping threads took: 0.0000780 seconds
364.490: Application time: 0.0608780 seconds
364.490: [GC364.490: [ParNew: 37113K->4128K(37568K), 0.0020410 secs] 315742K->284847K(556072K), 0.0020790 secs] [Times: user=0.01 sys=0.01, real=0.00 secs] 
364.492: Total time for which application threads were stopped: 0.0022580 seconds, Stopping threads took: 0.0001030 seconds
364.551: Application time: 0.0583130 seconds
364.551: [GC364.551: [ParNew: 36819K->4133K(37568K), 0.0018550 secs] 317537K->285875K(556072K), 0.0018920 secs] [Times: user=0.02 sys=0.00, real=0.00 secs] 
364.553: Total time for which application threads were stopped: 0.0020290 seconds, Stopping threads took: 0.0000720 seconds
364.613: Application time: 0.0604290 seconds
364.613: [GC364.613: [ParNew: 36905K->4120K(37568K), 0.0018220 secs] 318648K->286886K(556072K), 0.0018570 secs] [Times: user=0.01 sys=0.00, real=0.00 secs] 
364.615: Total time for which application threads were stopped: 0.0020190 seconds, Stopping threads took: 0.0000980 seconds
364.674: Application time: 0.0589800 seconds
364.674: [GC364.674: [ParNew: 36861K->4111K(37568K), 0.0022680 secs] 319627K->288925K(556072K), 0.0023100 secs] [Times: user=0.02 sys=0.00, real=0.01 secs] 
364.677: Total time for which application threads were stopped: 0.0024650 seconds, Stopping threads took: 0.0000850 seconds
364.740: Application time: 0.0634560 seconds
364.740: [GC364.740: [ParNew: 37107K->4148K(37568K), 0.0018460 secs] 321921K->289986K(556072K), 0.0018880 secs] [Times: user=0.01 sys=0.00, real=0.00 secs] 
364.742: Total time for which application threads were stopped: 0.0020180 seconds, Stopping threads took: 0.0000600 seconds
364.800: Application time: 0.0583970 seconds
364.801: [GC364.801: [ParNew: 36884K->3215K(37568K), 0.0012910 secs] 322722K->289053K(556072K), 0.0013240 secs] [Times: user=0.01 sys=0.00, real=0.00 secs] 
364.802: Total time for which application threads were stopped: 0.0014400 seconds, Stopping threads took: 0.0000580 seconds
364.861: Application time: 0.0592800 seconds
364.861: [GC364.861: [ParNew: 36616K->3129K(37568K), 0.0012680 secs] 322454K->289053K(556072K), 0.0013050 secs] [Times: user=0.01 sys=0.00, real=0.00 secs] 
364.863: Total time for which application threads were stopped: 0.0014710 seconds, Stopping threads took: 0.0001030 seconds
364.914: Application time: 0.0515660 seconds
364.914: [GC364.914: [ParNew: 35548K->4140K(37568K), 0.0024130 secs] 321472K->293136K(556072K), 0.0024550 secs] [Times: user=0.01 sys=0.00, real=0.01 secs] 
364.917: Total time for which application threads were stopped: 0.0025870 seconds, Stopping threads took: 0.0000640 seconds
364.976: Application time: 0.0594480 seconds
364.976: [GC364.976: [ParNew: 37140K->4144K(37568K), 0.0022750 secs] 326136K->296240K(556072K), 0.0023220 secs] [Times: user=0.02 sys=0.00, real=0.00 secs] 
364.979: Total time for which application threads were stopped: 0.0025040 seconds, Stopping threads took: 0.0001070 seconds
364.979: Application time: 0.0000680 seconds
364.979: [GC [1 CMS-initial-mark: 292096K(518504K)] 297264K(556072K), 0.0001370 secs] [Times: user=0.00 sys=0.00, real=0.00 secs] 
364.979: Total time for which application threads were stopped: 0.0003390 seconds, Stopping threads took: 0.0001800 seconds
364.979: [CMS-concurrent-mark-start]
364.984: [CMS-concurrent-mark: 0.004/0.004 secs] [Times: user=0.01 sys=0.00, real=0.00 secs] 
364.984: [CMS-concurrent-preclean-start]
364.984: [CMS-concurrent-preclean: 0.001/0.001 secs] [Times: user=0.03 sys=0.00, real=0.01 secs] 
364.984: [CMS-concurrent-abortable-preclean-start]
365.038: Application time: 0.0591100 seconds
365.038: [GC365.038: [ParNew: 37168K->4140K(37568K), 0.0024950 secs] 329265K->299337K(556072K), 0.0025390 secs] [Times: user=0.02 sys=0.00, real=0.00 secs] 
365.041: Total time for which application threads were stopped: 0.0026730 seconds, Stopping threads took: 0.0000660 seconds
365.105: Application time: 0.0645240 seconds
365.106: [GC365.106: [ParNew: 37349K->4156K(37568K), 0.0021790 secs] 332546K->301457K(556072K), 0.0022180 secs] [Times: user=0.02 sys=0.00, real=0.00 secs] 
365.108: Total time for which application threads were stopped: 0.0024430 seconds, Stopping threads took: 0.0001500 seconds
365.167: Application time: 0.0591300 seconds
365.167: [GC365.167: [ParNew: 36956K->4130K(37568K), 0.0018480 secs] 334258K->302484K(556072K), 0.0018910 secs] [Times: user=0.01 sys=0.00, real=0.00 secs] 
365.169: Total time for which application threads were stopped: 0.0020830 seconds, Stopping threads took: 0.0001230 seconds
365.231: Application time: 0.0617960 seconds
365.231: [GC365.231: [ParNew: 37021K->4113K(37568K), 0.0021550 secs] 335375K->304516K(556072K), 0.0021980 secs] [Times: user=0.01 sys=0.00, real=0.00 secs] 
365.233: Total time for which application threads were stopped: 0.0023600 seconds, Stopping threads took: 0.0000920 seconds
365.294: Application time: 0.0602230 seconds
365.294: [GC365.294: [ParNew: 36769K->4136K(37568K), 0.0017920 secs] 337172K->305563K(556072K), 0.0018310 secs] [Times: user=0.01 sys=0.00, real=0.00 secs] 
365.296: Total time for which application threads were stopped: 0.0019960 seconds, Stopping threads took: 0.0000990 seconds
365.355: Application time: 0.0593160 seconds
365.355: [GC365.355: [ParNew: 36891K->4130K(37568K), 0.0018260 secs] 338318K->306581K(556072K), 0.0018700 secs] [Times: user=0.02 sys=0.00, real=0.01 secs] 
365.357: Total time for which application threads were stopped: 0.0020070 seconds, Stopping threads took: 0.0000690 seconds
365.415: Application time: 0.0582060 seconds
365.415: [GC365.415: [ParNew: 36748K->4130K(37568K), 0.0022930 secs] 339199K->308629K(556072K), 0.0023370 secs] [Times: user=0.02 sys=0.00, real=0.01 secs] 
365.418: Total time for which application threads were stopped: 0.0025010 seconds, Stopping threads took: 0.0000930 seconds
365.479: Application time: 0.0617180 seconds
365.479: [GC365.479: [ParNew: 37099K->4156K(37568K), 0.0015990 secs] 341597K->308691K(556072K), 0.0016410 secs] [Times: user=0.01 sys=0.00, real=0.00 secs] 
365.481: Total time for which application threads were stopped: 0.0018720 seconds, Stopping threads took: 0.0001340 seconds
365.539: Application time: 0.0573770 seconds
365.539: [GC365.539: [ParNew: 37564K->4157K(37568K), 0.0015010 secs] 342099K->308733K(556072K), 0.0015400 secs] [Times: user=0.01 sys=0.00, real=0.00 secs] 
365.540: Total time for which application threads were stopped: 0.0017140 seconds, Stopping threads took: 0.0001080 seconds
365.600: Application time: 0.0600760 seconds
365.600: [GC365.600: [ParNew: 37077K->4158K(37568K), 0.0016600 secs] 341653K->309786K(556072K), 0.0016970 secs] [Times: user=0.01 sys=0.00, real=0.00 secs] 
365.602: Total time for which application threads were stopped: 0.0018230 seconds, Stopping threads took: 0.0000580 seconds
365.657: Application time: 0.0548470 seconds
365.657: [GC365.657: [ParNew: 36890K->4112K(37568K), 0.0023830 secs] 342519K->312849K(556072K), 0.0024240 secs] [Times: user=0.02 sys=0.00, real=0.00 secs] 
365.660: Total time for which application threads were stopped: 0.0025710 seconds, Stopping threads took: 0.0000780 seconds
365.719: Application time: 0.0591560 seconds
365.719: [GC365.719: [ParNew: 37130K->4142K(37568K), 0.0023300 secs] 345868K->315951K(556072K), 0.0023690 secs] [Times: user=0.01 sys=0.00, real=0.00 secs] 
365.721: Total time for which application threads were stopped: 0.0025090 seconds, Stopping threads took: 0.0000740 seconds
365.782: Application time: 0.0611780 seconds
365.783: [GC365.783: [ParNew: 37217K->4152K(37568K), 0.0020690 secs] 349027K->318054K(556072K), 0.0021100 secs] [Times: user=0.01 sys=0.00, real=0.01 secs] 
365.785: Total time for which application threads were stopped: 0.0022480 seconds, Stopping threads took: 0.0000690 seconds
365.844: Application time: 0.0593270 seconds
365.844: [GC365.844: [ParNew: 36961K->4111K(37568K), 0.0022230 secs] 350863K->320102K(556072K), 0.0022640 secs] [Times: user=0.01 sys=0.00, real=0.01 secs] 
365.846: Total time for which application threads were stopped: 0.0024260 seconds, Stopping threads took: 0.0000950 seconds
365.910: Application time: 0.0633460 seconds
365.910: [GC365.910: [ParNew: 37091K->4134K(37568K), 0.0015480 secs] 353082K->320125K(556072K), 0.0015830 secs] [Times: user=0.01 sys=0.00, real=0.00 secs] 
365.911: Total time for which application threads were stopped: 0.0017190 seconds, Stopping threads took: 0.0000730 seconds
365.971: Application time: 0.0590200 seconds
365.971: [GC365.971: [ParNew: 36856K->4152K(37568K), 0.0017690 secs] 352847K->321167K(556072K), 0.0018100 secs] [Times: user=0.01 sys=0.00, real=0.00 secs] 
365.972: Total time for which application threads were stopped: 0.0019690 seconds, Stopping threads took: 0.0000930 seconds
366.032: Application time: 0.0594680 seconds
366.032: [GC366.032: [ParNew: 36810K->4139K(37568K), 0.0015520 secs] 353825K->321154K(556072K), 0.0015880 secs] [Times: user=0.01 sys=0.00, real=0.00 secs] 
366.034: Total time for which application threads were stopped: 0.0017330 seconds, Stopping threads took: 0.0000710 seconds
366.093: Application time: 0.0589580 seconds
366.093: [GC366.093: [ParNew: 36712K->4137K(37568K), 0.0017830 secs] 353727K->322176K(556072K), 0.0018220 secs] [Times: user=0.01 sys=0.00, real=0.00 secs] 
366.095: Total time for which application threads were stopped: 0.0019760 seconds, Stopping threads took: 0.0000870 seconds
366.153: Application time: 0.0588670 seconds
366.154: [GC366.154: [ParNew: 36864K->4158K(37568K), 0.0016950 secs] 354903K->322214K(556072K), 0.0017320 secs] [Times: user=0.02 sys=0.00, real=0.00 secs] 
366.155: Total time for which application threads were stopped: 0.0018640 seconds, Stopping threads took: 0.0000680 seconds
366.212: Application time: 0.0567830 seconds
366.212: [GC366.212: [ParNew: 36838K->4156K(37568K), 0.0021270 secs] 354894K->324301K(556072K), 0.0021780 secs] [Times: user=0.01 sys=0.00, real=0.00 secs] 
366.214: Total time for which application threads were stopped: 0.0023370 seconds, Stopping threads took: 0.0000890 seconds
366.275: Application time: 0.0602370 seconds
366.275: [GC366.275: [ParNew: 37112K->4158K(37568K), 0.0017620 secs] 357258K->325386K(556072K), 0.0018020 secs] [Times: user=0.02 sys=0.00, real=0.01 secs] 
366.277: Total time for which application threads were stopped: 0.0019490 seconds, Stopping threads took: 0.0000840 seconds
366.332: Application time: 0.0550870 seconds
366.332: [GC366.332: [ParNew: 36817K->4115K(37568K), 0.0024080 secs] 358045K->328443K(556072K), 0.0024570 secs] [Times: user=0.01 sys=0.00, real=0.00 secs] 
366.334: Total time for which application threads were stopped: 0.0026160 seconds, Stopping threads took: 0.0000890 seconds
366.396: Application time: 0.0616910 seconds
366.396: [GC366.396: [ParNew: 37168K->4143K(37568K), 0.0021550 secs] 361496K->330520K(556072K), 0.0022070 secs] [Times: user=0.01 sys=0.00, real=0.01 secs] 
366.398: Total time for which application threads were stopped: 0.0023610 seconds, Stopping threads took: 0.0000840 seconds
366.460: Application time: 0.0618380 seconds
366.460: [GC366.460: [ParNew: 37295K->4155K(37568K), 0.0020190 secs] 363671K->332624K(556072K), 0.0020600 secs] [Times: user=0.02 sys=0.00, real=0.00 secs] 
366.462: Total time for which application threads were stopped: 0.0022230 seconds, Stopping threads took: 0.0000960 seconds
366.521: Application time: 0.0584620 seconds
366.521: [GC366.521: [ParNew: 36867K->4119K(37568K), 0.0017820 secs] 365336K->333654K(556072K), 0.0018200 secs] [Times: user=0.01 sys=0.00, real=0.00 secs] 
366.523: Total time for which application threads were stopped: 0.0019580 seconds, Stopping threads took: 0.0000710 seconds
366.584: Application time: 0.0613860 seconds
366.584: [GC366.584: [ParNew: 37000K->4150K(37568K), 0.0015250 secs] 366534K->333684K(556072K), 0.0015600 secs] [Times: user=0.01 sys=0.00, real=0.00 secs] 
366.586: Total time for which application threads were stopped: 0.0017550 seconds, Stopping threads took: 0.0001220 seconds
366.645: Application time: 0.0586920 seconds
366.645: [GC366.645: [ParNew: 36747K->4136K(37568K), 0.0017450 secs] 366281K->334694K(556072K), 0.0017850 secs] [Times: user=0.01 sys=0.00, real=0.00 secs] 
366.647: Total time for which application threads were stopped: 0.0019330 seconds, Stopping threads took: 0.0000810 seconds
366.705: Application time: 0.0581350 seconds
366.705: [GC366.705: [ParNew: 36671K->4116K(37568K), 0.0022240 secs] 367229K->336722K(556072K), 0.0022640 secs] [Times: user=0.01 sys=0.00, real=0.00 secs] 
366.707: Total time for which application threads were stopped: 0.0024200 seconds, Stopping threads took: 0.0000910 seconds
366.767: Application time: 0.0600940 seconds
366.768: [GC366.768: [ParNew: 36918K->4114K(37568K), 0.0023130 secs] 369525K->338768K(556072K), 0.0023580 secs] [Times: user=0.02 sys=0.00, real=0.00 secs] 
366.770: Total time for which application threads were stopped: 0.0026400 seconds, Stopping threads took: 0.0002130 seconds
366.825: Application time: 0.0552450 seconds
366.825: [GC366.825: [ParNew: 36617K->4158K(37568K), 0.0015360 secs] 371271K->338829K(556072K), 0.0015710 secs] [Times: user=0.01 sys=0.00, real=0.00 secs] 
366.827: Total time for which application threads were stopped: 0.0017000 seconds, Stopping threads took: 0.0000660 seconds
366.888: Application time: 0.0611740 seconds
366.888: [GC366.888: [ParNew: 37055K->4148K(37568K), 0.0020030 secs] 371725K->340907K(556072K), 0.0020450 secs] [Times: user=0.01 sys=0.00, real=0.00 secs] 
366.890: Total time for which application threads were stopped: 0.0021980 seconds, Stopping threads took: 0.0000880 seconds
366.949: Application time: 0.0582680 seconds
366.949: [GC366.949: [ParNew: 37103K->4143K(37568K), 0.0021600 secs] 373862K->342979K(556072K), 0.0022030 secs] [Times: user=0.01 sys=0.00, real=0.00 secs] 
366.951: Total time for which application threads were stopped: 0.0023250 seconds, Stopping threads took: 0.0000560 seconds
367.007: Application time: 0.0557820 seconds
367.007: [GC367.007: [ParNew: 36951K->4144K(37568K), 0.0021060 secs] 375787K->345056K(556072K), 0.0021490 secs] [Times: user=0.01 sys=0.00, real=0.00 secs] 
367.009: Total time for which application threads were stopped: 0.0022860 seconds, Stopping threads took: 0.0000690 seconds
367.071: Application time: 0.0624740 seconds
367.072: [GC367.072: [ParNew: 37179K->4141K(37568K), 0.0021850 secs] 378092K->347130K(556072K), 0.0022290 secs] [Times: user=0.02 sys=0.00, real=0.00 secs] 
367.074: Total time for which application threads were stopped: 0.0023880 seconds, Stopping threads took: 0.0000900 seconds
367.134: Application time: 0.0603090 seconds
367.134: [GC367.134: [ParNew: 37274K->4152K(37568K), 0.0024480 secs] 380263K->350257K(556072K), 0.0024920 secs] [Times: user=0.02 sys=0.00, real=0.01 secs] 
367.137: Total time for which application threads were stopped: 0.0026690 seconds, Stopping threads took: 0.0000930 seconds
367.199: Application time: 0.0617340 seconds
367.199: [GC367.199: [ParNew: 36988K->4148K(37568K), 0.0017900 secs] 383094K->351318K(556072K), 0.0018300 secs] [Times: user=0.01 sys=0.00, real=0.00 secs] 
367.201: Total time for which application threads were stopped: 0.0019680 seconds, Stopping threads took: 0.0000700 seconds
367.261: Application time: 0.0600420 seconds
367.261: [GC367.261: [ParNew: 36723K->4135K(37568K), 0.0016240 secs] 383894K->351305K(556072K), 0.0016580 secs] [Times: user=0.01 sys=0.00, real=0.00 secs] 
367.262: Total time for which application threads were stopped: 0.0018040 seconds, Stopping threads took: 0.0000820 seconds
367.319: Application time: 0.0561890 seconds
367.319: [GC367.319: [ParNew: 37543K->4118K(37568K), 0.0024500 secs] 384713K->354360K(556072K), 0.0024940 secs] [Times: user=0.02 sys=0.00, real=0.00 secs] 
367.321: Total time for which application threads were stopped: 0.0026270 seconds, Stopping threads took: 0.0000640 seconds
367.383: Application time: 0.0613930 seconds
367.383: [GC367.383: [ParNew: 36962K->4112K(37568K), 0.0023760 secs] 387204K->357427K(556072K), 0.0024220 secs] [Times: user=0.02 sys=0.00, real=0.01 secs] 
367.385: Total time for which application threads were stopped: 0.0025610 seconds, Stopping threads took: 0.0000720 seconds
367.444: Application time: 0.0586420 seconds
367.444: [GC367.444: [ParNew: 36925K->4130K(37568K), 0.0021990 secs] 390240K->359492K(556072K), 0.0022430 secs] [Times: user=0.02 sys=0.00, real=0.01 secs] 
367.446: Total time for which application threads were stopped: 0.0023830 seconds, Stopping threads took: 0.0000680 seconds
367.507: Application time: 0.0606340 seconds
367.507: [GC367.507: [ParNew: 37066K->4154K(37568K), 0.0017800 secs] 392429K->360573K(556072K), 0.0018210 secs] [Times: user=0.01 sys=0.00, real=0.00 secs] 
367.509: Total time for which application threads were stopped: 0.0019620 seconds, Stopping threads took: 0.0000720 seconds
367.569: Application time: 0.0604040 seconds
367.569: [GC367.569: [ParNew: 37125K->4159K(37568K), 0.0015090 secs] 393544K->360635K(556072K), 0.0015500 secs] [Times: user=0.01 sys=0.00, real=0.00 secs] 
367.571: Total time for which application threads were stopped: 0.0016750 seconds, Stopping threads took: 0.0000560 seconds
367.629: Application time: 0.0580850 seconds
367.629: [GC367.629: [ParNew: 36665K->4122K(37568K), 0.0015480 secs] 393142K->360623K(556072K), 0.0015850 secs] [Times: user=0.01 sys=0.00, real=0.00 secs] 
367.631: Total time for which application threads were stopped: 0.0017220 seconds, Stopping threads took: 0.0000730 seconds
367.685: Application time: 0.0546900 seconds
367.685: [GC367.685: [ParNew: 36907K->4140K(37568K), 0.0023470 secs] 393408K->363713K(556072K), 0.0023890 secs] [Times: user=0.02 sys=0.00, real=0.00 secs] 
367.688: Total time for which application threads were stopped: 0.0025310 seconds, Stopping threads took: 0.0000600 seconds
367.751: Application time: 0.0633600 seconds
367.751: [GC367.751: [ParNew: 37244K->4157K(37568K), 0.0018760 secs] 396817K->364783K(556072K), 0.0019170 secs] [Times: user=0.02 sys=0.00, real=0.00 secs] 
367.753: Total time for which application threads were stopped: 0.0020520 seconds, Stopping threads took: 0.0000730 seconds
367.812: Application time: 0.0583110 seconds
367.812: [GC367.812: [ParNew: 37104K->4152K(37568K), 0.0021090 secs] 397729K->366871K(556072K), 0.0021510 secs] [Times: user=0.02 sys=0.00, real=0.00 secs] 
367.814: Total time for which application threads were stopped: 0.0023120 seconds, Stopping threads took: 0.0000920 seconds
367.876: Application time: 0.0617740 seconds
367.876: [GC367.876: [ParNew: 37062K->4114K(37568K), 0.0020260 secs] 399780K->367898K(556072K), 0.0020690 secs] [Times: user=0.01 sys=0.00, real=0.01 secs] 
367.878: Total time for which application threads were stopped: 0.0022170 seconds, Stopping threads took: 0.0000770 seconds
367.941: Application time: 0.0629740 seconds
367.941: [GC367.941: [ParNew: 36992K->4133K(37568K), 0.0018330 secs] 400775K->368940K(556072K), 0.0018840 secs] [Times: user=0.01 sys=0.00, real=0.00 secs] 
367.943: Total time for which application threads were stopped: 0.0020400 seconds, Stopping threads took: 0.0000860 seconds
368.001: Application time: 0.0577140 seconds
368.004: [GC368.004: [ParNew: 36636K->4135K(37568K), 0.0015840 secs] 401443K->368943K(556072K), 0.0016190 secs] [Times: user=0.01 sys=0.00, real=0.01 secs] 
368.005: Total time for which application threads were stopped: 0.0046330 seconds, Stopping threads took: 0.0029580 seconds
368.066: Application time: 0.0603680 seconds
368.066: [GC368.066: [ParNew: 36859K->4123K(37568K), 0.0018400 secs] 401666K->369955K(556072K), 0.0018800 secs] [Times: user=0.01 sys=0.00, real=0.00 secs] 
368.068: Total time for which application threads were stopped: 0.0020840 seconds, Stopping threads took: 0.0001410 seconds
368.126: Application time: 0.0582520 seconds
368.126: [GC368.126: [ParNew: 36817K->4110K(37568K), 0.0021080 secs] 402648K->371990K(556072K), 0.0021490 secs] [Times: user=0.02 sys=0.00, real=0.00 secs] 
368.128: Total time for which application threads were stopped: 0.0023850 seconds, Stopping threads took: 0.0001690 seconds
368.190: Application time: 0.0617160 seconds
368.190: [GC368.190: [ParNew: 37215K->4159K(37568K), 0.0015010 secs] 405095K->372094K(556072K), 0.0015380 secs] [Times: user=0.01 sys=0.00, real=0.00 secs] 
368.192: Total time for which application threads were stopped: 0.0016650 seconds, Stopping threads took: 0.0000540 seconds
368.247: Application time: 0.0547350 seconds
368.247: [GC368.247: [ParNew: 37362K->4140K(37568K), 0.0017980 secs] 405298K->373129K(556072K), 0.0018400 secs] [Times: user=0.02 sys=0.00, real=0.00 secs] 
368.249: Total time for which application threads were stopped: 0.0019870 seconds, Stopping threads took: 0.0000800 seconds
368.303: Application time: 0.0546910 seconds
368.303: [GC368.303: [ParNew: 36944K->4112K(37568K), 0.0023780 secs] 405933K->376201K(556072K), 0.0024190 secs] [Times: user=0.02 sys=0.00, real=0.01 secs] 
368.306: Total time for which application threads were stopped: 0.0025510 seconds, Stopping threads took: 0.0000640 seconds
368.366: Application time: 0.0605370 seconds
368.366: [GC368.366: [ParNew: 37195K->4142K(37568K), 0.0024090 secs] 409285K->379304K(556072K), 0.0024540 secs] [Times: user=0.02 sys=0.00, real=0.00 secs] 
368.369: Total time for which application threads were stopped: 0.0026130 seconds, Stopping threads took: 0.0000920 seconds
368.430: Application time: 0.0615830 seconds
368.431: [GC368.431: [ParNew: 37185K->4141K(37568K), 0.0021490 secs] 412347K->381379K(556072K), 0.0021910 secs] [Times: user=0.02 sys=0.00, real=0.00 secs] 
368.433: Total time for which application threads were stopped: 0.0023310 seconds, Stopping threads took: 0.0000720 seconds
368.495: Application time: 0.0623420 seconds
368.495: [GC368.495: [ParNew: 37313K->4158K(37568K), 0.0021680 secs] 414551K->383500K(556072K), 0.0022130 secs] [Times: user=0.01 sys=0.00, real=0.01 secs] 
368.498: Total time for which application threads were stopped: 0.0023600 seconds, Stopping threads took: 0.0000770 seconds
368.557: Application time: 0.0596050 seconds
368.557: [GC368.557: [ParNew: 36913K->4137K(37568K), 0.0017700 secs] 416256K->384533K(556072K), 0.0018070 secs] [Times: user=0.01 sys=0.00, real=0.00 secs] 
368.559: Total time for which application threads were stopped: 0.0019300 seconds, Stopping threads took: 0.0000570 seconds
368.620: Application time: 0.0609740 seconds
368.620: [GC368.620: [ParNew: 36873K->4147K(37568K), 0.0016810 secs] 417269K->384542K(556072K), 0.0017180 secs] [Times: user=0.01 sys=0.00, real=0.00 secs] 
368.622: Total time for which application threads were stopped: 0.0019390 seconds, Stopping threads took: 0.0001560 seconds
368.678: Application time: 0.0556600 seconds
368.678: [GC368.678: [ParNew: 36585K->4110K(37568K), 0.0021940 secs] 416981K->386554K(556072K), 0.0022350 secs] [Times: user=0.01 sys=0.00, real=0.00 secs] 
368.680: Total time for which application threads were stopped: 0.0024000 seconds, Stopping threads took: 0.0000940 seconds
368.741: Application time: 0.0611410 seconds
368.741: [GC368.741: [ParNew: 37016K->4117K(37568K), 0.0021840 secs] 419460K->388609K(556072K), 0.0022340 secs] [Times: user=0.02 sys=0.00, real=0.00 secs] 
368.744: Total time for which application threads were stopped: 0.0023820 seconds, Stopping threads took: 0.0000710 seconds
368.806: Application time: 0.0624070 seconds
368.806: [GC368.806: [ParNew: 36967K->4158K(37568K), 0.0015060 secs] 421459K->388654K(556072K), 0.0015460 secs] [Times: user=0.01 sys=0.00, real=0.00 secs] 
368.808: Total time for which application threads were stopped: 0.0017150 seconds, Stopping threads took: 0.0001030 seconds
368.866: Application time: 0.0579350 seconds
368.866: [GC368.866: [ParNew: 36770K->3189K(37568K), 0.0011510 secs] 421266K->387685K(556072K), 0.0011850 secs] [Times: user=0.01 sys=0.00, real=0.00 secs] 
368.867: Total time for which application threads were stopped: 0.0013170 seconds, Stopping threads took: 0.0000720 seconds
368.922: Application time: 0.0554790 seconds
368.923: [GC368.923: [ParNew: 35815K->4149K(37568K), 0.0018130 secs] 420311K->389770K(556072K), 0.0018510 secs] [Times: user=0.01 sys=0.00, real=0.01 secs] 
368.924: Total time for which application threads were stopped: 0.0019750 seconds, Stopping threads took: 0.0000570 seconds
368.980: Application time: 0.0559560 seconds
368.980: [GC368.981: [ParNew: 36798K->4110K(37568K), 0.0025210 secs] 422420K->392816K(556072K), 0.0025610 secs] [Times: user=0.01 sys=0.00, real=0.00 secs] 
368.983: Total time for which application threads were stopped: 0.0027080 seconds, Stopping threads took: 0.0000820 seconds
369.045: Application time: 0.0619580 seconds
369.045: [GC369.045: [ParNew: 37202K->4141K(37568K), 0.0020330 secs] 425908K->394895K(556072K), 0.0020720 secs] [Times: user=0.01 sys=0.00, real=0.00 secs] 
369.047: Total time for which application threads were stopped: 0.0022240 seconds, Stopping threads took: 0.0000870 seconds
369.107: Application time: 0.0596140 seconds
369.107: [GC369.107: [ParNew: 37143K->4141K(37568K), 0.0021310 secs] 427897K->396972K(556072K), 0.0021680 secs] [Times: user=0.02 sys=0.00, real=0.00 secs] 
369.109: Total time for which application threads were stopped: 0.0023190 seconds, Stopping threads took: 0.0000840 seconds
369.172: Application time: 0.0629820 seconds
369.172: [GC369.172: [ParNew: 37249K->4156K(37568K), 0.0021190 secs] 430080K->399095K(556072K), 0.0021580 secs] [Times: user=0.01 sys=0.00, real=0.00 secs] 
369.174: Total time for which application threads were stopped: 0.0023030 seconds, Stopping threads took: 0.0000680 seconds
369.234: Application time: 0.0598320 seconds
369.234: [GC369.234: [ParNew: 36964K->4135K(37568K), 0.0015540 secs] 431903K->399099K(556072K), 0.0015900 secs] [Times: user=0.01 sys=0.00, real=0.00 secs] 
369.236: Total time for which application threads were stopped: 0.0017140 seconds, Stopping threads took: 0.0000600 seconds
369.296: Application time: 0.0597030 seconds
369.296: [GC369.296: [ParNew: 36827K->4146K(37568K), 0.0018320 secs] 431791K->400134K(556072K), 0.0018690 secs] [Times: user=0.01 sys=0.00, real=0.01 secs] 
369.298: Total time for which application threads were stopped: 0.0020100 seconds, Stopping threads took: 0.0000610 seconds
369.356: Application time: 0.0583580 seconds
369.356: [GC369.356: [ParNew: 36763K->4113K(37568K), 0.0018260 secs] 432751K->401125K(556072K), 0.0018690 secs] [Times: user=0.01 sys=0.01, real=0.01 secs] 
369.358: Total time for which application threads were stopped: 0.0020240 seconds, Stopping threads took: 0.0000870 seconds
369.421: Application time: 0.0626380 seconds
369.421: [GC369.421: [ParNew: 37003K->4149K(37568K), 0.0015130 secs] 434015K->401161K(556072K), 0.0015480 secs] [Times: user=0.01 sys=0.00, real=0.00 secs] 
369.422: Total time for which application threads were stopped: 0.0016720 seconds, Stopping threads took: 0.0000590 seconds
369.479: Application time: 0.0569410 seconds
369.480: [GC369.480: [ParNew: 37432K->4115K(37568K), 0.0016320 secs] 434444K->401127K(556072K), 0.0016800 secs] [Times: user=0.01 sys=0.00, real=0.00 secs] 
369.481: Total time for which application threads were stopped: 0.0018340 seconds, Stopping threads took: 0.0000860 seconds
369.537: Application time: 0.0560320 seconds
369.537: [GC369.537: [ParNew: 36726K->4142K(37568K), 0.0023130 secs] 433738K->403202K(556072K), 0.0023530 secs] [Times: user=0.02 sys=0.00, real=0.00 secs] 
369.540: Total time for which application threads were stopped: 0.0024890 seconds, Stopping threads took: 0.0000670 seconds
369.597: Application time: 0.0575510 seconds
369.597: [GC369.597: [ParNew: 37037K->4159K(37568K), 0.0021360 secs] 436097K->405312K(556072K), 0.0021710 secs] [Times: user=0.02 sys=0.00, real=0.00 secs] 
369.600: Total time for which application threads were stopped: 0.0023190 seconds, Stopping threads took: 0.0000780 seconds
369.657: Application time: 0.0575600 seconds
369.657: [GC369.657: [ParNew: 37050K->4142K(37568K), 0.0024530 secs] 438204K->408408K(556072K), 0.0024960 secs] [Times: user=0.02 sys=0.00, real=0.00 secs] 
369.660: Total time for which application threads were stopped: 0.0026300 seconds, Stopping threads took: 0.0000660 seconds
369.722: Application time: 0.0622330 seconds
369.722: [GC369.722: [ParNew: 37220K->4141K(37568K), 0.0020180 secs] 441486K->410484K(556072K), 0.0020570 secs] [Times: user=0.02 sys=0.00, real=0.00 secs] 
369.724: Total time for which application threads were stopped: 0.0022020 seconds, Stopping threads took: 0.0000770 seconds
369.786: Application time: 0.0616850 seconds
369.786: [GC369.786: [ParNew: 37178K->4142K(37568K), 0.0020780 secs] 443522K->412562K(556072K), 0.0021180 secs] [Times: user=0.01 sys=0.00, real=0.00 secs] 
369.788: Total time for which application threads were stopped: 0.0022720 seconds, Stopping threads took: 0.0000880 seconds
369.844: Application time: 0.0556280 seconds
369.844: [GC369.844: [ParNew: 37025K->4156K(37568K), 0.0021890 secs] 445445K->414668K(556072K), 0.0022350 secs] [Times: user=0.01 sys=0.00, real=0.01 secs] 
369.846: Total time for which application threads were stopped: 0.0023820 seconds, Stopping threads took: 0.0000710 seconds
369.910: Application time: 0.0641950 seconds
369.911: [GC369.911: [ParNew: 37149K->4116K(37568K), 0.0021040 secs] 447661K->416717K(556072K), 0.0021470 secs] [Times: user=0.01 sys=0.00, real=0.00 secs] 
369.913: Total time for which application threads were stopped: 0.0022670 seconds, Stopping threads took: 0.0000580 seconds
369.973: Application time: 0.0605150 seconds
369.973: [GC369.973: [ParNew: 36817K->4115K(37568K), 0.0022010 secs] 449419K->418764K(556072K), 0.0022420 secs] [Times: user=0.01 sys=0.00, real=0.00 secs] 
369.976: Total time for which application threads were stopped: 0.0023870 seconds, Stopping threads took: 0.0000760 seconds
370.037: Application time: 0.0617360 seconds
370.037: [GC370.037: [ParNew: 36937K->4114K(37568K), 0.0018090 secs] 451586K->419787K(556072K), 0.0018490 secs] [Times: user=0.01 sys=0.00, real=0.00 secs] 
370.039: Total time for which application threads were stopped: 0.0019880 seconds, Stopping threads took: 0.0000690 seconds
 CMS: abort preclean due to time 370.040: [CMS-concurrent-abortable-preclean: 0.084/5.056 secs] [Times: user=39.85 sys=0.02, real=5.05 secs] 
370.040: Application time: 0.0010340 seconds
370.040: [GC[YG occupancy: 5202 K (37568 K)]370.040: [Rescan (parallel) , 0.0002610 secs]370.041: [weak refs processing, 0.0000050 secs]370.041: [scrub string table, 0.0001200 secs] [1 CMS-remark: 415673K(518504K)] 420875K(556072K), 0.0004080 secs] [Times: user=0.01 sys=0.00, real=0.00 secs] 
370.041: Total time for which application threads were stopped: 0.0005050 seconds, Stopping threads took: 0.0000680 seconds
370.041: [CMS-concurrent-sweep-start]
370.042: [CMS-concurrent-sweep: 0.001/0.001 secs] [Times: user=0.00 sys=0.00, real=0.00 secs] 
370.042: [CMS-concurrent-reset-start]
370.045: [CMS-concurrent-reset: 0.002/0.002 secs] [Times: user=0.02 sys=0.00, real=0.01 secs] 
370.101: Application time: 0.0601740 seconds
370.101: [GC370.101: [ParNew: 36699K->3138K(37568K), 0.0012260 secs] 167114K->133553K(556072K), 0.0012690 secs] [Times: user=0.01 sys=0.00, real=0.00 secs] 
370.102: Total time for which application threads were stopped: 0.0014220 seconds, Stopping threads took: 0.0000880 seconds
370.159: Application time: 0.0566290 seconds
370.159: [GC370.159: [ParNew: 36546K->4143K(37568K), 0.0019970 secs] 166961K->136606K(556072K), 0.0020390 secs] [Times: user=0.01 sys=0.00, real=0.00 secs] 
370.161: Total time for which application threads were stopped: 0.0021730 seconds, Stopping threads took: 0.0000670 seconds
370.218: Application time: 0.0570740 seconds
370.218: [GC370.218: [ParNew: 36840K->4130K(37568K), 0.0021550 secs] 169303K->138669K(556072K), 0.0021990 secs] [Times: user=0.01 sys=0.00, real=0.00 secs] 
370.221: Total time for which application threads were stopped: 0.0023260 seconds, Stopping threads took: 0.0000580 seconds
370.277: Application time: 0.0562540 seconds
370.277: [GC370.277: [ParNew: 37052K->4156K(37568K), 0.0062730 secs] 171591K->141783K(556072K), 0.0063120 secs] [Times: user=0.05 sys=0.00, real=0.00 secs] 
370.283: Total time for which application threads were stopped: 0.0064470 seconds, Stopping threads took: 0.0000670 seconds
370.345: Application time: 0.0618860 seconds
370.345: [GC370.345: [ParNew: 37356K->4158K(37568K), 0.0021370 secs] 174984K->143902K(556072K), 0.0021780 secs] [Times: user=0.02 sys=0.00, real=0.00 secs] 
370.348: Total time for which application threads were stopped: 0.0023430 seconds, Stopping threads took: 0.0000890 seconds
370.409: Application time: 0.0611090 seconds
370.409: [GC370.409: [ParNew: 37049K->4131K(37568K), 0.0022310 secs] 176793K->145953K(556072K), 0.0022720 secs] [Times: user=0.02 sys=0.00, real=0.00 secs] 
370.411: Total time for which application threads were stopped: 0.0024050 seconds, Stopping threads took: 0.0000660 seconds
370.467: Application time: 0.0562270 seconds
370.467: [GC370.467: [ParNew: 36784K->4144K(37568K), 0.0017890 secs] 178605K->146989K(556072K), 0.0018280 secs] [Times: user=0.01 sys=0.00, real=0.00 secs] 
370.469: Total time for which application threads were stopped: 0.0019630 seconds, Stopping threads took: 0.0000680 seconds
370.532: Application time: 0.0622090 seconds
370.532: [GC370.532: [ParNew: 37307K->4156K(37568K), 0.0018090 secs] 180153K->148074K(556072K), 0.0018510 secs] [Times: user=0.01 sys=0.00, real=0.00 secs] 
370.534: Total time for which application threads were stopped: 0.0020190 seconds, Stopping threads took: 0.0001000 seconds
370.591: Application time: 0.0579470 seconds
370.592: [GC370.592: [ParNew: 36913K->4117K(37568K), 0.0021320 secs] 180831K->150120K(556072K), 0.0021730 secs] [Times: user=0.02 sys=0.00, real=0.00 secs] 
370.594: Total time for which application threads were stopped: 0.0023340 seconds, Stopping threads took: 0.0000940 seconds
370.653: Application time: 0.0592750 seconds
370.653: [GC370.653: [ParNew: 36806K->4137K(37568K), 0.0018380 secs] 182810K->151164K(556072K), 0.0018770 secs] [Times: user=0.01 sys=0.00, real=0.00 secs] 
370.655: Total time for which application threads were stopped: 0.0020040 seconds, Stopping threads took: 0.0000590 seconds
370.716: Application time: 0.0613300 seconds
370.717: [GC370.717: [ParNew: 36899K->4122K(37568K), 0.0014880 secs] 183926K->151149K(556072K), 0.0015250 secs] [Times: user=0.01 sys=0.00, real=0.00 secs] 
370.718: Total time for which application threads were stopped: 0.0016880 seconds, Stopping threads took: 0.0001000 seconds
370.778: Application time: 0.0594460 seconds
370.778: [GC370.778: [ParNew: 36686K->4130K(37568K), 0.0015170 secs] 183713K->151157K(556072K), 0.0015540 secs] [Times: user=0.01 sys=0.00, real=0.00 secs] 
370.779: Total time for which application threads were stopped: 0.0016900 seconds, Stopping threads took: 0.0000740 seconds
370.834: Application time: 0.0544490 seconds
370.834: [GC370.834: [ParNew: 36616K->4142K(37568K), 0.0021330 secs] 183644K->153217K(556072K), 0.0021760 secs] [Times: user=0.02 sys=0.00, real=0.00 secs] 
370.836: Total time for which application threads were stopped: 0.0023200 seconds, Stopping threads took: 0.0000750 seconds
370.894: Application time: 0.0577930 seconds
370.894: [GC370.894: [ParNew: 36855K->4114K(37568K), 0.0020190 secs] 185931K->155266K(556072K), 0.0020690 secs] [Times: user=0.01 sys=0.00, real=0.00 secs] 
370.896: Total time for which application threads were stopped: 0.0022130 seconds, Stopping threads took: 0.0000700 seconds
370.954: Application time: 0.0580320 seconds
370.954: [GC370.954: [ParNew: 37134K->4152K(37568K), 0.0019980 secs] 188286K->157368K(556072K), 0.0020390 secs] [Times: user=0.01 sys=0.00, real=0.00 secs] 
370.956: Total time for which application threads were stopped: 0.0021990 seconds, Stopping threads took: 0.0000850 seconds
371.019: Application time: 0.0622820 seconds
371.019: [GC371.019: [ParNew: 37354K->4156K(37568K), 0.0022400 secs] 190570K->159477K(556072K), 0.0022840 secs] [Times: user=0.02 sys=0.00, real=0.00 secs] 
371.021: Total time for which application threads were stopped: 0.0025160 seconds, Stopping threads took: 0.0001640 seconds
371.082: Application time: 0.0604790 seconds
371.082: [GC371.082: [ParNew: 36989K->4132K(37568K), 0.0019710 secs] 192310K->161542K(556072K), 0.0020130 secs] [Times: user=0.02 sys=0.00, real=0.00 secs] 
371.084: Total time for which application threads were stopped: 0.0021660 seconds, Stopping threads took: 0.0000870 seconds
371.141: Application time: 0.0577100 seconds
371.142: [GC371.142: [ParNew: 36847K->4150K(37568K), 0.0017670 secs] 194257K->162584K(556072K), 0.0018040 secs] [Times: user=0.01 sys=0.00, real=0.00 secs] 
371.143: Total time for which application threads were stopped: 0.0019330 seconds, Stopping threads took: 0.0000620 seconds
371.205: Application time: 0.0617100 seconds
371.205: [GC371.205: [ParNew: 37243K->4158K(37568K), 0.0021630 secs] 195677K->164679K(556072K), 0.0022020 secs] [Times: user=0.02 sys=0.00, real=0.00 secs] 
371.207: Total time for which application threads were stopped: 0.0023400 seconds, Stopping threads took: 0.0000720 seconds
371.265: Application time: 0.0578190 seconds
371.265: [GC371.265: [ParNew: 36887K->4148K(37568K), 0.0018680 secs] 197408K->165742K(556072K), 0.0019070 secs] [Times: user=0.01 sys=0.00, real=0.00 secs] 
371.267: Total time for which application threads were stopped: 0.0020390 seconds, Stopping threads took: 0.0000680 seconds
371.327: Application time: 0.0599010 seconds
371.327: [GC371.327: [ParNew: 36890K->4136K(37568K), 0.0017650 secs] 198484K->166754K(556072K), 0.0018050 secs] [Times: user=0.02 sys=0.00, real=0.00 secs] 
371.329: Total time for which application threads were stopped: 0.0019400 seconds, Stopping threads took: 0.0000670 seconds
371.388: Application time: 0.0588200 seconds
371.388: [GC371.388: [ParNew: 36819K->4151K(37568K), 0.0015920 secs] 199437K->166769K(556072K), 0.0016330 secs] [Times: user=0.01 sys=0.00, real=0.00 secs] 
371.390: Total time for which application threads were stopped: 0.0017760 seconds, Stopping threads took: 0.0000750 seconds
371.450: Application time: 0.0601580 seconds
371.450: [GC371.450: [ParNew: 36773K->4153K(37568K), 0.0015590 secs] 199392K->166772K(556072K), 0.0015940 secs] [Times: user=0.01 sys=0.00, real=0.00 secs] 
371.452: Total time for which application threads were stopped: 0.0017250 seconds, Stopping threads took: 0.0000600 seconds
371.507: Application time: 0.0551530 seconds
371.507: [GC371.507: [ParNew: 37561K->4113K(37568K), 0.0021540 secs] 200180K->168780K(556072K), 0.0021950 secs] [Times: user=0.02 sys=0.00, real=0.00 secs] 
371.509: Total time for which application threads were stopped: 0.0023400 seconds, Stopping threads took: 0.0000800 seconds
371.568: Application time: 0.0586450 seconds
371.568: [GC371.568: [ParNew: 37006K->4152K(37568K), 0.0020230 secs] 201672K->170866K(556072K), 0.0020660 secs] [Times: user=0.02 sys=0.00, real=0.00 secs] 
371.570: Total time for which application threads were stopped: 0.0022140 seconds, Stopping threads took: 0.0000820 seconds
371.631: Application time: 0.0614550 seconds
371.632: [GC371.632: [ParNew: 37390K->4159K(37568K), 0.0018350 secs] 204105K->171966K(556072K), 0.0018790 secs] [Times: user=0.02 sys=0.00, real=0.00 secs] 
371.633: Total time for which application threads were stopped: 0.0020080 seconds, Stopping threads took: 0.0000630 seconds
371.692: Application time: 0.0586770 seconds
371.692: [GC371.692: [ParNew: 37101K->4157K(37568K), 0.0018880 secs] 204908K->173033K(556072K), 0.0019280 secs] [Times: user=0.02 sys=0.00, real=0.00 secs] 
371.694: Total time for which application threads were stopped: 0.0021390 seconds, Stopping threads took: 0.0001340 seconds
371.756: Application time: 0.0613940 seconds
371.756: [GC371.756: [ParNew: 36998K->4147K(37568K), 0.0018440 secs] 205874K->174076K(556072K), 0.0018850 secs] [Times: user=0.01 sys=0.00, real=0.01 secs] 
371.758: Total time for which application threads were stopped: 0.0020180 seconds, Stopping threads took: 0.0000660 seconds
371.814: Application time: 0.0565060 seconds
371.814: [GC371.814: [ParNew: 36752K->4157K(37568K), 0.0018480 secs] 206682K->175119K(556072K), 0.0018890 secs] [Times: user=0.01 sys=0.00, real=0.00 secs] 
371.816: Total time for which application threads were stopped: 0.0020270 seconds, Stopping threads took: 0.0000790 seconds
371.876: Application time: 0.0593950 seconds
371.876: [GC371.876: [ParNew: 37049K->4144K(37568K), 0.0021210 secs] 208010K->177190K(556072K), 0.0021630 secs] [Times: user=0.02 sys=0.00, real=0.01 secs] 
371.878: Total time for which application threads were stopped: 0.0023460 seconds, Stopping threads took: 0.0001140 seconds
371.936: Application time: 0.0581050 seconds
371.936: [GC371.936: [ParNew: 36885K->4146K(37568K), 0.0018320 secs] 209931K->178244K(556072K), 0.0018670 secs] [Times: user=0.01 sys=0.00, real=0.01 secs] 
371.938: Total time for which application threads were stopped: 0.0019960 seconds, Stopping threads took: 0.0000620 seconds
371.998: Application time: 0.0597520 seconds
371.998: [GC371.998: [ParNew: 36927K->4113K(37568K), 0.0020810 secs] 211025K->180272K(556072K), 0.0021210 secs] [Times: user=0.02 sys=0.00, real=0.00 secs] 
372.000: Total time for which application threads were stopped: 0.0022660 seconds, Stopping threads took: 0.0000710 seconds
372.062: Application time: 0.0622420 seconds
372.062: [GC372.062: [ParNew: 37095K->4134K(37568K), 0.0020610 secs] 213254K->182341K(556072K), 0.0021010 secs] [Times: user=0.01 sys=0.00, real=0.01 secs] 
372.065: Total time for which application threads were stopped: 0.0022470 seconds, Stopping threads took: 0.0000800 seconds
372.122: Application time: 0.0578330 seconds
372.123: [GC372.123: [ParNew: 36728K->4134K(37568K), 0.0014210 secs] 214934K->182341K(556072K), 0.0014570 secs] [Times: user=0.01 sys=0.00, real=0.00 secs] 
372.124: Total time for which application threads were stopped: 0.0015890 seconds, Stopping threads took: 0.0000690 seconds
372.183: Application time: 0.0594150 seconds
372.184: [GC372.184: [ParNew: 36838K->4151K(37568K), 0.0014900 secs] 215045K->182358K(556072K), 0.0015310 secs] [Times: user=0.01 sys=0.00, real=0.01 secs] 
372.185: Total time for which application threads were stopped: 0.0016540 seconds, Stopping threads took: 0.0000580 seconds
372.243: Application time: 0.0583560 seconds
372.244: [GC372.244: [ParNew: 36846K->4128K(37568K), 0.0020400 secs] 215053K->184411K(556072K), 0.0020810 secs] [Times: user=0.01 sys=0.00, real=0.01 secs] 
372.246: Total time for which application threads were stopped: 0.0022140 seconds, Stopping threads took: 0.0000670 seconds
372.304: Application time: 0.0583120 seconds
372.304: [GC372.304: [ParNew: 37214K->4158K(37568K), 0.0020900 secs] 217497K->186532K(556072K), 0.0021350 secs] [Times: user=0.01 sys=0.00, real=0.01 secs] 
372.306: Total time for which application threads were stopped: 0.0022770 seconds, Stopping threads took: 0.0000740 seconds
372.365: Application time: 0.0587090 seconds
372.365: [GC372.365: [ParNew: 36935K->4156K(37568K), 0.0020630 secs] 219308K->188623K(556072K), 0.0021000 secs] [Times: user=0.02 sys=0.00, real=0.00 secs] 
372.367: Total time for which application threads were stopped: 0.0022260 seconds, Stopping threads took: 0.0000670 seconds
372.428: Application time: 0.0610770 seconds
372.428: [GC372.428: [ParNew: 36995K->4131K(37568K), 0.0018620 secs] 221463K->189651K(556072K), 0.0019070 secs] [Times: user=0.01 sys=0.00, real=0.00 secs] 
372.430: Total time for which application threads were stopped: 0.0020340 seconds, Stopping threads took: 0.0000610 seconds
372.488: Application time: 0.0576580 seconds
372.488: [GC372.488: [ParNew: 36892K->4144K(37568K), 0.0020520 secs] 222412K->191712K(556072K), 0.0020930 secs] [Times: user=0.01 sys=0.00, real=0.00 secs] 
372.490: Total time for which application threads were stopped: 0.0022250 seconds, Stopping threads took: 0.0000630 seconds
372.553: Application time: 0.0632610 seconds
372.554: [GC372.554: [ParNew: 37218K->4158K(37568K), 0.0014750 secs] 224786K->191755K(556072K), 0.0015150 secs] [Times: user=0.01 sys=0.00, real=0.00 secs] 
372.555: Total time for which application threads were stopped: 0.0016580 seconds, Stopping threads took: 0.0000680 seconds
372.609: Application time: 0.0539240 seconds
372.609: [GC372.609: [ParNew: 36620K->4149K(37568K), 0.0018100 secs] 224217K->192798K(556072K), 0.0018460 secs] [Times: user=0.01 sys=0.00, real=0.00 secs] 
372.611: Total time for which application threads were stopped: 0.0019900 seconds, Stopping threads took: 0.0000800 seconds
372.670: Application time: 0.0585310 seconds
372.670: [GC372.670: [ParNew: 37000K->4110K(37568K), 0.0026550 secs] 225649K->195860K(556072K), 0.0026970 secs] [Times: user=0.02 sys=0.00, real=0.00 secs] 
372.672: Total time for which application threads were stopped: 0.0028730 seconds, Stopping threads took: 0.0001090 seconds
372.737: Application time: 0.0649640 seconds
372.738: [GC372.738: [ParNew: 37122K->4148K(37568K), 0.0015500 secs] 228872K->195898K(556072K), 0.0015870 secs] [Times: user=0.01 sys=0.00, real=0.00 secs] 
372.739: Total time for which application threads were stopped: 0.0017080 seconds, Stopping threads took: 0.0000580 seconds
372.796: Application time: 0.0565250 seconds
372.796: [GC372.796: [ParNew: 37475K->4116K(37568K), 0.0015290 secs] 229225K->195866K(556072K), 0.0015630 secs] [Times: user=0.01 sys=0.00, real=0.01 secs] 
372.797: Total time for which application threads were stopped: 0.0016860 seconds, Stopping threads took: 0.0000610 seconds
372.857: Application time: 0.0595100 seconds
372.857: [GC372.857: [ParNew: 36835K->4112K(37568K), 0.0024300 secs] 228585K->198934K(556072K), 0.0024710 secs] [Times: user=0.02 sys=0.00, real=0.00 secs] 
372.859: Total time for which application threads were stopped: 0.0025930 seconds, Stopping threads took: 0.0000580 seconds
372.918: Application time: 0.0583610 seconds
372.918: [GC372.918: [ParNew: 37125K->4141K(37568K), 0.0020580 secs] 231948K->201011K(556072K), 0.0020960 secs] [Times: user=0.01 sys=0.00, real=0.00 secs] 
372.920: Total time for which application threads were stopped: 0.0022240 seconds, Stopping threads took: 0.0000690 seconds
372.978: Application time: 0.0583850 seconds
372.979: [GC372.979: [ParNew: 37238K->4158K(37568K), 0.0021270 secs] 234108K->203161K(556072K), 0.0021660 secs] [Times: user=0.02 sys=0.00, real=0.00 secs] 
372.981: Total time for which application threads were stopped: 0.0023060 seconds, Stopping threads took: 0.0000720 seconds
373.042: Application time: 0.0616150 seconds
373.042: [GC373.042: [ParNew: 37100K->4151K(37568K), 0.0017850 secs] 236103K->204207K(556072K), 0.0018310 secs] [Times: user=0.01 sys=0.00, real=0.01 secs] 
373.044: Total time for which application threads were stopped: 0.0019830 seconds, Stopping threads took: 0.0000850 seconds
373.104: Application time: 0.0592580 seconds
373.104: [GC373.104: [ParNew: 36857K->4137K(37568K), 0.0017540 secs] 236913K->205246K(556072K), 0.0017890 secs] [Times: user=0.01 sys=0.00, real=0.01 secs] 
373.106: Total time for which application threads were stopped: 0.0019370 seconds, Stopping threads took: 0.0000760 seconds
373.164: Application time: 0.0585860 seconds
373.164: [GC373.164: [ParNew: 36927K->4146K(37568K), 0.0021360 secs] 238036K->207303K(556072K), 0.0021780 secs] [Times: user=0.01 sys=0.00, real=0.01 secs] 
373.166: Total time for which application threads were stopped: 0.0023260 seconds, Stopping threads took: 0.0000710 seconds
373.229: Application time: 0.0624330 seconds
373.229: [GC373.229: [ParNew: 37006K->4158K(37568K), 0.0018470 secs] 240163K->208371K(556072K), 0.0018870 secs] [Times: user=0.01 sys=0.00, real=0.00 secs] 
373.231: Total time for which application threads were stopped: 0.0020290 seconds, Stopping threads took: 0.0000720 seconds
373.296: Application time: 0.0649250 seconds
373.296: [GC373.296: [ParNew: 36968K->4146K(37568K), 0.0016240 secs] 241181K->208384K(556072K), 0.0016610 secs] [Times: user=0.02 sys=0.00, real=0.01 secs] 
373.298: Total time for which application threads were stopped: 0.0018190 seconds, Stopping threads took: 0.0000920 seconds
373.365: Application time: 0.0676490 seconds
373.365: [GC373.365: [ParNew: 36957K->3101K(37568K), 0.0012240 secs] 241195K->207367K(556072K), 0.0012600 secs] [Times: user=0.01 sys=0.00, real=0.00 secs] 
373.367: Total time for which application threads were stopped: 0.0013870 seconds, Stopping threads took: 0.0000620 seconds
373.428: Application time: 0.0616720 seconds
373.429: [GC373.429: [ParNew: 35575K->4153K(37568K), 0.0015630 secs] 239842K->208420K(556072K), 0.0016020 secs] [Times: user=0.01 sys=0.00, real=0.00 secs] 
373.430: Total time for which application threads were stopped: 0.0017570 seconds, Stopping threads took: 0.0000900 seconds
373.490: Application time: 0.0601130 seconds
373.490: [GC373.490: [ParNew: 36558K->4116K(37568K), 0.0020870 secs] 240825K->210430K(556072K), 0.0021310 secs] [Times: user=0.02 sys=0.00, real=0.00 secs] 
373.493: Total time for which application threads were stopped: 0.0022730 seconds, Stopping threads took: 0.0000750 seconds
373.558: Application time: 0.0652640 seconds
373.558: [GC373.558: [ParNew: 37026K->4114K(37568K), 0.0023990 secs] 243341K->213500K(556072K), 0.0024450 secs] [Times: user=0.02 sys=0.00, real=0.00 secs] 
373.560: Total time for which application threads were stopped: 0.0026270 seconds, Stopping threads took: 0.0001130 seconds
373.626: Application time: 0.0652480 seconds
373.626: [GC373.626: [ParNew: 37059K->4143K(37568K), 0.0023160 secs] 246445K->215578K(556072K), 0.0023560 secs] [Times: user=0.02 sys=0.00, real=0.00 secs] 
373.628: Total time for which application threads were stopped: 0.0025320 seconds, Stopping threads took: 0.0000980 seconds
373.694: Application time: 0.0654090 seconds
373.694: [GC373.694: [ParNew: 37268K->4159K(37568K), 0.0019260 secs] 248703K->216707K(556072K), 0.0019660 secs] [Times: user=0.02 sys=0.00, real=0.00 secs] 
373.696: Total time for which application threads were stopped: 0.0021050 seconds, Stopping threads took: 0.0000710 seconds
373.764: Application time: 0.0684240 seconds
373.764: [GC373.764: [ParNew: 37133K->4157K(37568K), 0.0017210 secs] 249681K->217762K(556072K), 0.0017590 secs] [Times: user=0.02 sys=0.00, real=0.01 secs] 
373.766: Total time for which application threads were stopped: 0.0019020 seconds, Stopping threads took: 0.0000780 seconds
373.831: Application time: 0.0647580 seconds
373.831: [GC373.831: [ParNew: 36897K->4134K(37568K), 0.0017470 secs] 250502K->218784K(556072K), 0.0017890 secs] [Times: user=0.01 sys=0.00, real=0.00 secs] 
373.833: Total time for which application threads were stopped: 0.0019450 seconds, Stopping threads took: 0.0000890 seconds
373.895: Application time: 0.0626110 seconds
373.895: [GC373.895: [ParNew: 36799K->4153K(37568K), 0.0018950 secs] 251449K->219834K(556072K), 0.0019350 secs] [Times: user=0.01 sys=0.00, real=0.01 secs] 
373.897: Total time for which application threads were stopped: 0.0020700 seconds, Stopping threads took: 0.0000660 seconds
373.965: Application time: 0.0678990 seconds
373.965: [GC373.965: [ParNew: 37102K->4148K(37568K), 0.0017390 secs] 252783K->220874K(556072K), 0.0017780 secs] [Times: user=0.01 sys=0.00, real=0.00 secs] 
373.967: Total time for which application threads were stopped: 0.0019270 seconds, Stopping threads took: 0.0000800 seconds
374.029: Application time: 0.0616060 seconds
374.029: [GC374.029: [ParNew: 36805K->4143K(37568K), 0.0019900 secs] 253531K->221922K(556072K), 0.0020370 secs] [Times: user=0.02 sys=0.00, real=0.00 secs] 
374.031: Total time for which application threads were stopped: 0.0021700 seconds, Stopping threads took: 0.0000670 seconds
374.095: Application time: 0.0641610 seconds
374.095: [GC374.095: [ParNew: 36793K->4114K(37568K), 0.0021330 secs] 254571K->223969K(556072K), 0.0021750 secs] [Times: user=0.02 sys=0.00, real=0.01 secs] 
374.098: Total time for which application threads were stopped: 0.0023650 seconds, Stopping threads took: 0.0001200 seconds
374.164: Application time: 0.0667600 seconds
374.164: [GC374.164: [ParNew: 36960K->4117K(37568K), 0.0015500 secs] 256815K->223972K(556072K), 0.0015890 secs] [Times: user=0.01 sys=0.00, real=0.00 secs] 
374.166: Total time for which application threads were stopped: 0.0017480 seconds, Stopping threads took: 0.0000850 seconds
374.229: Application time: 0.0626730 seconds
374.229: [GC374.229: [ParNew: 36628K->4120K(37568K), 0.0018070 secs] 256483K->224999K(556072K), 0.0018480 secs] [Times: user=0.01 sys=0.00, real=0.00 secs] 
374.231: Total time for which application threads were stopped: 0.0020000 seconds, Stopping threads took: 0.0000860 seconds
374.295: Application time: 0.0643510 seconds
374.295: [GC374.295: [ParNew: 36957K->4112K(37568K), 0.0024090 secs] 257837K->228063K(556072K), 0.0024510 secs] [Times: user=0.01 sys=0.00, real=0.01 secs] 
374.298: Total time for which application threads were stopped: 0.0026160 seconds, Stopping threads took: 0.0000950 seconds
374.363: Application time: 0.0654390 seconds
374.363: [GC374.363: [ParNew: 37035K->4158K(37568K), 0.0020340 secs] 260986K->230157K(556072K), 0.0020790 secs] [Times: user=0.01 sys=0.00, real=0.01 secs] 
374.365: Total time for which application threads were stopped: 0.0022350 seconds, Stopping threads took: 0.0000840 seconds
374.431: Application time: 0.0652970 seconds
374.431: [GC374.431: [ParNew: 37270K->4158K(37568K), 0.0019110 secs] 263270K->231254K(556072K), 0.0019530 secs] [Times: user=0.02 sys=0.00, real=0.00 secs] 
374.433: Total time for which application threads were stopped: 0.0021340 seconds, Stopping threads took: 0.0001090 seconds
374.499: Application time: 0.0662440 seconds
374.499: [GC374.499: [ParNew: 37041K->4156K(37568K), 0.0021430 secs] 264137K->233341K(556072K), 0.0021850 secs] [Times: user=0.01 sys=0.00, real=0.00 secs] 
374.501: Total time for which application threads were stopped: 0.0023460 seconds, Stopping threads took: 0.0000900 seconds
374.570: Application time: 0.0684390 seconds
374.570: [GC374.570: [ParNew: 37059K->4134K(37568K), 0.0016770 secs] 266244K->234372K(556072K), 0.0017140 secs] [Times: user=0.01 sys=0.00, real=0.00 secs] 
374.572: Total time for which application threads were stopped: 0.0018370 seconds, Stopping threads took: 0.0000600 seconds
374.633: Application time: 0.0610330 seconds
374.633: [GC374.633: [ParNew: 36625K->4146K(37568K), 0.0018050 secs] 266863K->235408K(556072K), 0.0018430 secs] [Times: user=0.02 sys=0.00, real=0.00 secs] 
374.635: Total time for which application threads were stopped: 0.0019850 seconds, Stopping threads took: 0.0000770 seconds
374.699: Application time: 0.0646100 seconds
374.699: [GC374.699: [ParNew: 37021K->4141K(37568K), 0.0021140 secs] 268283K->237479K(556072K), 0.0021530 secs] [Times: user=0.01 sys=0.00, real=0.00 secs] 
374.702: Total time for which application threads were stopped: 0.0023070 seconds, Stopping threads took: 0.0000730 seconds
374.764: Application time: 0.0626150 seconds
374.764: [GC374.764: [ParNew: 36842K->4145K(37568K), 0.0018480 secs] 270180K->238552K(556072K), 0.0018900 secs] [Times: user=0.02 sys=0.00, real=0.00 secs] 
374.766: Total time for which application threads were stopped: 0.0020520 seconds, Stopping threads took: 0.0000930 seconds
374.833: Application time: 0.0662190 seconds
374.833: [GC374.833: [ParNew: 36894K->4135K(37568K), 0.0018380 secs] 271301K->239578K(556072K), 0.0018790 secs] [Times: user=0.02 sys=0.00, real=0.00 secs] 
374.835: Total time for which application threads were stopped: 0.0020310 seconds, Stopping threads took: 0.0000730 seconds
374.901: Application time: 0.0659900 seconds
374.901: [GC374.901: [ParNew: 36968K->4129K(37568K), 0.0017660 secs] 272411K->240596K(556072K), 0.0018050 secs] [Times: user=0.01 sys=0.00, real=0.00 secs] 
374.903: Total time for which application threads were stopped: 0.0019420 seconds, Stopping threads took: 0.0000710 seconds
374.964: Application time: 0.0618950 seconds
374.965: [GC374.965: [ParNew: 36618K->4118K(37568K), 0.0019560 secs] 273086K->242633K(556072K), 0.0019950 secs] [Times: user=0.01 sys=0.00, real=0.00 secs] 
374.967: Total time for which application threads were stopped: 0.0021480 seconds, Stopping threads took: 0.0000880 seconds
375.033: Application time: 0.0665540 seconds
375.033: [GC375.033: [ParNew: 37065K->4114K(37568K), 0.0018300 secs] 275580K->243653K(556072K), 0.0018700 secs] [Times: user=0.01 sys=0.00, real=0.00 secs] 
375.035: Total time for which application threads were stopped: 0.0020250 seconds, Stopping threads took: 0.0000860 seconds
375.098: Application time: 0.0627510 seconds
375.098: [GC375.098: [ParNew: 36874K->4144K(37568K), 0.0020100 secs] 276414K->245731K(556072K), 0.0020490 secs] [Times: user=0.02 sys=0.00, real=0.00 secs] 
375.100: Total time for which application threads were stopped: 0.0021820 seconds, Stopping threads took: 0.0000620 seconds
375.167: Application time: 0.0666230 seconds
375.167: [GC375.167: [ParNew: 37324K->4159K(37568K), 0.0019360 secs] 278911K->246843K(556072K), 0.0019800 secs] [Times: user=0.01 sys=0.00, real=0.00 secs] 
375.169: Total time for which application threads were stopped: 0.0021300 seconds, Stopping threads took: 0.0000760 seconds
375.237: Application time: 0.0686630 seconds
375.238: [GC375.238: [ParNew: 37177K->4157K(37568K), 0.0019170 secs] 279861K->247911K(556072K), 0.0019580 secs] [Times: user=0.01 sys=0.00, real=0.00 secs] 
375.240: Total time for which application threads were stopped: 0.0021500 seconds, Stopping threads took: 0.0001120 seconds
375.301: Application time: 0.0616070 seconds
375.301: [GC375.301: [ParNew: 37565K->4115K(37568K), 0.0018550 secs] 281319K->248917K(556072K), 0.0018940 secs] [Times: user=0.01 sys=0.00, real=0.00 secs] 
375.303: Total time for which application threads were stopped: 0.0020310 seconds, Stopping threads took: 0.0000680 seconds
375.372: Application time: 0.0687240 seconds
375.372: [GC375.372: [ParNew: 37128K->4148K(37568K), 0.0017840 secs] 281930K->249974K(556072K), 0.0018260 secs] [Times: user=0.01 sys=0.01, real=0.00 secs] 
375.374: Total time for which application threads were stopped: 0.0019570 seconds, Stopping threads took: 0.0000620 seconds
375.439: Application time: 0.0653270 seconds
375.439: [GC375.439: [ParNew: 36840K->4144K(37568K), 0.0019770 secs] 282666K->252047K(556072K), 0.0020220 secs] [Times: user=0.02 sys=0.00, real=0.00 secs] 
375.441: Total time for which application threads were stopped: 0.0021520 seconds, Stopping threads took: 0.0000600 seconds
375.504: Application time: 0.0627840 seconds
375.504: [GC375.504: [ParNew: 36900K->4142K(37568K), 0.0020050 secs] 284803K->254121K(556072K), 0.0020460 secs] [Times: user=0.02 sys=0.00, real=0.00 secs] 
375.506: Total time for which application threads were stopped: 0.0022080 seconds, Stopping threads took: 0.0000920 seconds
375.570: Application time: 0.0636680 seconds
375.570: [GC375.570: [ParNew: 36933K->4130K(37568K), 0.0021760 secs] 286912K->256186K(556072K), 0.0022170 secs] [Times: user=0.02 sys=0.00, real=0.00 secs] 
375.572: Total time for which application threads were stopped: 0.0023550 seconds, Stopping threads took: 0.0000710 seconds
375.637: Application time: 0.0649260 seconds
375.638: [GC375.638: [ParNew: 36840K->4148K(37568K), 0.0018440 secs] 288895K->257228K(556072K), 0.0018820 secs] [Times: user=0.01 sys=0.00, real=0.00 secs] 
375.639: Total time for which application threads were stopped: 0.0020130 seconds, Stopping threads took: 0.0000610 seconds
375.702: Application time: 0.0629110 seconds
375.702: [GC375.702: [ParNew: 36740K->4118K(37568K), 0.0021440 secs] 289820K->259246K(556072K), 0.0021910 secs] [Times: user=0.01 sys=0.00, real=0.01 secs] 
375.705: Total time for which application threads were stopped: 0.0023360 seconds, Stopping threads took: 0.0000780 seconds
375.771: Application time: 0.0661400 seconds
375.771: [GC375.771: [ParNew: 37056K->4112K(37568K), 0.0024410 secs] 292184K->262312K(556072K), 0.0024850 secs] [Times: user=0.02 sys=0.00, real=0.00 secs] 
375.773: Total time for which application threads were stopped: 0.0026560 seconds, Stopping threads took: 0.0000940 seconds
375.840: Application time: 0.0669480 seconds
375.841: [GC375.841: [ParNew: 37178K->4142K(37568K), 0.0023040 secs] 295378K->265414K(556072K), 0.0023490 secs] [Times: user=0.02 sys=0.00, real=0.00 secs] 
375.843: Total time for which application threads were stopped: 0.0025100 seconds, Stopping threads took: 0.0000890 seconds
375.908: Application time: 0.0653120 seconds
375.908: [GC375.908: [ParNew: 37249K->4158K(37568K), 0.0019330 secs] 298521K->266554K(556072K), 0.0019740 secs] [Times: user=0.01 sys=0.00, real=0.00 secs] 
375.910: Total time for which application threads were stopped: 0.0021160 seconds, Stopping threads took: 0.0000710 seconds
375.978: Application time: 0.0680290 seconds
375.979: [GC375.979: [ParNew: 37134K->4151K(37568K), 0.0016290 secs] 299530K->266577K(556072K), 0.0016710 secs] [Times: user=0.01 sys=0.00, real=0.00 secs] 
375.980: Total time for which application threads were stopped: 0.0018250 seconds, Stopping threads took: 0.0000840 seconds
376.045: Application time: 0.0643430 seconds
376.045: [GC376.045: [ParNew: 36758K->4114K(37568K), 0.0019070 secs] 299184K->267577K(556072K), 0.0019510 secs] [Times: user=0.01 sys=0.00, real=0.00 secs] 
376.047: Total time for which application threads were stopped: 0.0021190 seconds, Stopping threads took: 0.0000950 seconds
376.112: Application time: 0.0651220 seconds
376.112: [GC376.112: [ParNew: 36754K->4156K(37568K), 0.0032750 secs] 300216K->267643K(556072K), 0.0033160 secs] [Times: user=0.02 sys=0.00, real=0.00 secs] 
376.115: Total time for which application threads were stopped: 0.0034410 seconds, Stopping threads took: 0.0000580 seconds
376.177: Application time: 0.0618150 seconds
376.177: [GC376.177: [ParNew: 37564K->4146K(37568K), 0.0025140 secs] 301051K->270709K(556072K), 0.0025600 secs] [Times: user=0.02 sys=0.00, real=0.00 secs] 
376.180: Total time for which application threads were stopped: 0.0027340 seconds, Stopping threads took: 0.0001050 seconds
376.245: Application time: 0.0655590 seconds
376.245: [GC376.245: [ParNew: 37153K->4140K(37568K), 0.0021520 secs] 303716K->272779K(556072K), 0.0021920 secs] [Times: user=0.01 sys=0.00, real=0.00 secs] 
376.248: Total time for which application threads were stopped: 0.0023230 seconds, Stopping threads took: 0.0000620 seconds
376.311: Application time: 0.0632610 seconds
376.311: [GC376.311: [ParNew: 36972K->4128K(37568K), 0.0020520 secs] 305611K->274844K(556072K), 0.0020920 secs] [Times: user=0.01 sys=0.00, real=0.00 secs] 
376.313: Total time for which application threads were stopped: 0.0022400 seconds, Stopping threads took: 0.0000660 seconds
376.380: Application time: 0.0665170 seconds
376.380: [GC376.380: [ParNew: 36858K->4130K(37568K), 0.0015750 secs] 307574K->274846K(556072K), 0.0016120 secs] [Times: user=0.01 sys=0.00, real=0.00 secs] 
376.381: Total time for which application threads were stopped: 0.0017630 seconds, Stopping threads took: 0.0000840 seconds
376.444: Application time: 0.0629130 seconds
376.445: [GC376.445: [ParNew: 36790K->4118K(37568K), 0.0020750 secs] 307507K->276882K(556072K), 0.0021160 secs] [Times: user=0.02 sys=0.00, real=0.00 secs] 
376.447: Total time for which application threads were stopped: 0.0022510 seconds, Stopping threads took: 0.0000670 seconds
376.513: Application time: 0.0661280 seconds
376.513: [GC376.513: [ParNew: 37050K->4112K(37568K), 0.0024200 secs] 309815K->279948K(556072K), 0.0024600 secs] [Times: user=0.02 sys=0.00, real=0.00 secs] 
376.515: Total time for which application threads were stopped: 0.0026460 seconds, Stopping threads took: 0.0001170 seconds
376.571: Application time: 0.0557830 seconds
376.571: Total time for which application threads were stopped: 0.0001110 seconds, Stopping threads took: 0.0000850 seconds
376.587: Application time: 0.0157970 seconds
376.587: [GC376.587: [ParNew: 36930K->4112K(37568K), 0.0019490 secs] 312767K->280972K(556072K), 0.0020050 secs] [Times: user=0.02 sys=0.00, real=0.00 secs] 
376.589: Total time for which application threads were stopped: 0.0021520 seconds, Stopping threads took: 0.0000740 seconds
376.624: Application time: 0.0348400 seconds
376.624: Total time for which application threads were stopped: 0.0001330 seconds, Stopping threads took: 0.0001060 seconds
376.670: Application time: 0.0454120 seconds
376.670: Total time for which application threads were stopped: 0.0000670 seconds, Stopping threads took: 0.0000420 seconds
376.686: Application time: 0.0161490 seconds
376.686: [GC376.686: [ParNew: 36750K->2062K(37568K), 0.0010650 secs] 313610K->278922K(556072K), 0.0010990 secs] [Times: user=0.00 sys=0.00, real=0.00 secs] 
376.687: Total time for which application threads were stopped: 0.0011870 seconds, Stopping threads took: 0.0000270 seconds
376.762: Application time: 0.0748280 seconds
376.762: Total time for which application threads were stopped: 0.0000630 seconds, Stopping threads took: 0.0000380 seconds
376.827: Application time: 0.0647690 seconds
376.827: [GC376.827: [ParNew: 35470K->12K(37568K), 0.0009210 secs] 312330K->276872K(556072K), 0.0009430 secs] [Times: user=0.00 sys=0.00, real=0.00 secs] 
376.828: Total time for which application threads were stopped: 0.0010160 seconds, Stopping threads took: 0.0000100 seconds
376.863: Application time: 0.0355610 seconds
376.863: Total time for which application threads were stopped: 0.0000530 seconds, Stopping threads took: 0.0000170 seconds
376.886: Application time: 0.0222950 seconds
376.886: Total time for which application threads were stopped: 0.0000680 seconds, Stopping threads took: 0.0000080 seconds
376.894: Application time: 0.0082920 seconds
376.894: Total time for which application threads were stopped: 0.0000720 seconds, Stopping threads took: 0.0000170 seconds
377.351: Application time: 0.4571800 seconds
377.351: [GC377.351: [ParNew: 33420K->4160K(37568K), 0.0060160 secs] 310280K->284071K(556072K), 0.0060600 secs] [Times: user=0.04 sys=0.00, real=0.01 secs] 
377.357: Total time for which application threads were stopped: 0.0061650 seconds, Stopping threads took: 0.0000110 seconds
377.358: Application time: 0.0000590 seconds
377.358: Total time for which application threads were stopped: 0.0000380 seconds, Stopping threads took: 0.0000170 seconds
377.358: Application time: 0.0000200 seconds
377.358: Total time for which application threads were stopped: 0.0000190 seconds, Stopping threads took: 0.0000130 seconds
377.358: Application time: 0.0000150 seconds
377.358: Total time for which application threads were stopped: 0.0000240 seconds, Stopping threads took: 0.0000170 seconds
377.358: Application time: 0.0000210 seconds
377.358: Total time for which application threads were stopped: 0.0000210 seconds, Stopping threads took: 0.0000170 seconds
377.358: Application time: 0.0000120 seconds
377.358: Total time for which application threads were stopped: 0.0000140 seconds, Stopping threads took: 0.0000090 seconds
377.358: Application time: 0.0000140 seconds
377.358: Total time for which application threads were stopped: 0.0000290 seconds, Stopping threads took: 0.0000250 seconds
377.358: Application time: 0.0000120 seconds
377.358: Total time for which application threads were stopped: 0.0000270 seconds, Stopping threads took: 0.0000230 seconds
377.358: Application time: 0.0000100 seconds
377.358: Total time for which application threads were stopped: 0.0000200 seconds, Stopping threads took: 0.0000160 seconds
377.358: Application time: 0.0000120 seconds
377.358: Total time for which application threads were stopped: 0.0000150 seconds, Stopping threads took: 0.0000110 seconds
377.358: Application time: 0.0000120 seconds
377.358: Total time for which application threads were stopped: 0.0000180 seconds, Stopping threads took: 0.0000130 seconds
377.358: Application time: 0.0000120 seconds
377.358: Total time for which application threads were stopped: 0.0000180 seconds, Stopping threads took: 0.0000140 seconds
377.358: Application time: 0.0000120 seconds
377.358: Total time for which application threads were stopped: 0.0000190 seconds, Stopping threads took: 0.0000150 seconds
377.358: Application time: 0.0000120 seconds
377.358: Total time for which application threads were stopped: 0.0000180 seconds, Stopping threads took: 0.0000140 seconds
377.358: Application time: 0.0000110 seconds
377.358: Total time for which application threads were stopped: 0.0000160 seconds, Stopping threads took: 0.0000120 seconds
377.358: Application time: 0.0000120 seconds
377.358: Total time for which application threads were stopped: 0.0000160 seconds, Stopping threads took: 0.0000120 seconds
377.358: Application time: 0.0000120 seconds
377.358: Total time for which application threads were stopped: 0.0000170 seconds, Stopping threads took: 0.0000130 seconds
377.358: Application time: 0.0000120 seconds
377.358: Total time for which application threads were stopped: 0.0000150 seconds, Stopping threads took: 0.0000110 seconds
377.358: Application time: 0.0000120 seconds
377.358: Total time for which application threads were stopped: 0.0000150 seconds, Stopping threads took: 0.0000110 seconds
377.358: Application time: 0.0000130 seconds
377.358: Total time for which application threads were stopped: 0.0000160 seconds, Stopping threads took: 0.0000120 seconds
377.358: Application time: 0.0000120 seconds
377.358: Total time for which application threads were stopped: 0.0000310 seconds, Stopping threads took: 0.0000140 seconds
377.358: Application time: 0.0000120 seconds
377.358: Total time for which application threads were stopped: 0.0000160 seconds, Stopping threads took: 0.0000120 seconds
377.358: Application time: 0.0000120 seconds
377.358: Total time for which application threads were stopped: 0.0000180 seconds, Stopping threads took: 0.0000140 seconds
377.358: Application time: 0.0000110 seconds
377.358: Total time for which application threads were stopped: 0.0000160 seconds, Stopping threads took: 0.0000120 seconds
377.358: Application time: 0.0000110 seconds
377.358: Total time for which application threads were stopped: 0.0000170 seconds, Stopping threads took: 0.0000130 seconds
377.358: Application time: 0.0000120 seconds
377.358: Total time for which application threads were stopped: 0.0000150 seconds, Stopping threads took: 0.0000110 seconds
377.358: Application time: 0.0000120 seconds
377.358: Total time for which application threads were stopped: 0.0000190 seconds, Stopping threads took: 0.0000150 seconds
377.358: Application time: 0.0000120 seconds
377.358: Total time for which application threads were stopped: 0.0000180 seconds, Stopping threads took: 0.0000140 seconds
377.358: Application time: 0.0000130 seconds
377.358: Total time for which application threads were stopped: 0.0000150 seconds, Stopping threads took: 0.0000100 seconds
377.358: Application time: 0.0000120 seconds
377.358: Total time for which application threads were stopped: 0.0000190 seconds, Stopping threads took: 0.0000150 seconds
377.358: Application time: 0.0000120 seconds
377.359: Total time for which application threads were stopped: 0.0000180 seconds, Stopping threads took: 0.0000140 seconds
377.359: Application time: 0.0000120 seconds
377.359: Total time for which application threads were stopped: 0.0000180 seconds, Stopping threads took: 0.0000140 seconds
377.359: Application time: 0.0000120 seconds
377.359: Total time for which application threads were stopped: 0.0000180 seconds, Stopping threads took: 0.0000140 seconds
377.359: Application time: 0.0000110 seconds
377.359: Total time for which application threads were stopped: 0.0000160 seconds, Stopping threads took: 0.0000120 seconds
377.359: Application time: 0.0000110 seconds
377.359: Total time for which application threads were stopped: 0.0000130 seconds, Stopping threads took: 0.0000090 seconds
377.359: Application time: 0.0000120 seconds
377.359: Total time for which application threads were stopped: 0.0000160 seconds, Stopping threads took: 0.0000120 seconds
377.359: Application time: 0.0000130 seconds
377.359: Total time for which application threads were stopped: 0.0000160 seconds, Stopping threads took: 0.0000120 seconds
377.359: Application time: 0.0000120 seconds
377.359: Total time for which application threads were stopped: 0.0000160 seconds, Stopping threads took: 0.0000110 seconds
377.359: Application time: 0.0000130 seconds
377.359: Total time for which application threads were stopped: 0.0000130 seconds, Stopping threads took: 0.0000090 seconds
377.359: Application time: 0.0000110 seconds
377.359: Total time for which application threads were stopped: 0.0000100 seconds, Stopping threads took: 0.0000060 seconds
377.359: Application time: 0.0000110 seconds
377.359: Total time for which application threads were stopped: 0.0000180 seconds, Stopping threads took: 0.0000110 seconds
377.359: Application time: 0.0003330 seconds
377.359: Total time for which application threads were stopped: 0.0000180 seconds, Stopping threads took: 0.0000130 seconds
377.359: Application time: 0.0002010 seconds
377.359: Total time for which application threads were stopped: 0.0000170 seconds, Stopping threads took: 0.0000090 seconds
377.359: Application time: 0.0000260 seconds
377.359: Total time for which application threads were stopped: 0.0000150 seconds, Stopping threads took: 0.0000100 seconds
377.359: Application time: 0.0000550 seconds
377.359: Total time for which application threads were stopped: 0.0000180 seconds, Stopping threads took: 0.0000110 seconds
377.665: Application time: 0.3058890 seconds
377.665: Total time for which application threads were stopped: 0.0000650 seconds, Stopping threads took: 0.0000130 seconds
377.667: Application time: 0.0017700 seconds
377.667: Total time for which application threads were stopped: 0.0000210 seconds, Stopping threads took: 0.0000100 seconds
Heap
 par new generation   total 37568K, used 24293K [0x0000000080c00000, 0x00000000834c0000, 0x00000000a96a0000)
  eden space 33408K,  60% used [0x0000000080c00000, 0x0000000081fa95d0, 0x0000000082ca0000)
  from space 4160K, 100% used [0x00000000830b0000, 0x00000000834c0000, 0x00000000834c0000)
  to   space 4160K,   0% used [0x0000000082ca0000, 0x0000000082ca0000, 0x00000000830b0000)
 concurrent mark-sweep generation total 518504K, used 279911K [0x00000000a96a0000, 0x00000000c90fa000, 0x00000000fae00000)
 concurrent-mark-sweep perm gen total 21248K, used 13267K [0x00000000fae00000, 0x00000000fc2c0000, 0x0000000100000000)
377.667: Application time: 0.0001710 seconds
