Java HotSpot(TM) 64-Bit Server VM (24.80-b11) for linux-amd64 JRE (1.7.0_80-b15), built on Apr 10 2015 19:53:14 by "java_re" with gcc 4.3.0 20080428 (Red Hat 4.3.0-8)
Memory: 4k page, physical 8000092k(5679252k free), swap 8218620k(8218620k free)
CommandLine flags: -XX:InitialHeapSize=128001472 -XX:MaxHeapSize=2048023552 -XX:+PrintGC -XX:+PrintGCApplicationConcurrentTime -XX:+PrintGCApplicationStoppedTime -XX:+PrintGCDetails -XX:+PrintGCTimeStamps -XX:+UseCompressedOops -XX:+UseG1GC 
1.009: Application time: 0.9853000 seconds
1.009: Total time for which application threads were stopped: 0.0000450 seconds, Stopping threads took: 0.0000110 seconds
4.029: Application time: 3.0200540 seconds
4.029: Total time for which application threads were stopped: 0.0000600 seconds, Stopping threads took: 0.0000100 seconds
14.694: Application time: 10.6650110 seconds
14.695: Total time for which application threads were stopped: 0.0000220 seconds, Stopping threads took: 0.0000080 seconds
14.695: Application time: 0.0000250 seconds
14.695: Total time for which application threads were stopped: 0.0000060 seconds, Stopping threads took: 0.0000020 seconds
14.696: Application time: 0.0014540 seconds
14.696: Total time for which application threads were stopped: 0.0000060 seconds, Stopping threads took: 0.0000030 seconds
14.719: Application time: 0.0225080 seconds
14.719: Total time for which application threads were stopped: 0.0000450 seconds, Stopping threads took: 0.0000120 seconds
14.729: Application time: 0.0106800 seconds
14.729: [GC pause (young), 0.0023940 secs]
   [Parallel Time: 1.5 ms, GC Workers: 8]
      [GC Worker Start (ms): Min: 14729.3, Avg: 14729.4, Max: 14729.4, Diff: 0.1]
      [Ext Root Scanning (ms): Min: 0.3, Avg: 0.5, Max: 0.5, Diff: 0.2, Sum: 3.9]
      [Update RS (ms): Min: 0.0, Avg: 0.0, Max: 0.0, Diff: 0.0, Sum: 0.0]
         [Processed Buffers: Min: 0, Avg: 2.2, Max: 9, Diff: 9, Sum: 18]
      [Scan RS (ms): Min: 0.0, Avg: 0.0, Max: 0.0, Diff: 0.0, Sum: 0.0]
      [Code Root Scanning (ms): Min: 0.0, Avg: 0.0, Max: 0.0, Diff: 0.0, Sum: 0.0]
      [Object Copy (ms): Min: 0.7, Avg: 0.8, Max: 0.9, Diff: 0.2, Sum: 6.1]
      [Termination (ms): Min: 0.0, Avg: 0.0, Max: 0.0, Diff: 0.0, Sum: 0.0]
      [GC Worker Other (ms): Min: 0.0, Avg: 0.0, Max: 0.0, Diff: 0.0, Sum: 0.1]
      [GC Worker Total (ms): Min: 1.2, Avg: 1.3, Max: 1.3, Diff: 0.1, Sum: 10.2]
      [GC Worker End (ms): Min: 14730.6, Avg: 14730.6, Max: 14730.7, Diff: 0.0]
   [Code Root Fixup: 0.0 ms]
   [Code Root Migration: 0.0 ms]
   [Clear CT: 0.1 ms]
   [Other: 0.7 ms]
      [Choose CSet: 0.0 ms]
      [Ref Proc: 0.6 ms]
      [Ref Enq: 0.0 ms]
      [Free CSet: 0.0 ms]
   [Eden: 9216.0K(9216.0K)->0.0B(23.0M) Survivors: 0.0B->2048.0K Heap: 9216.0K(123.0M)->3331.5K(123.0M)]
 [Times: user=0.00 sys=0.00, real=0.01 secs] 
14.732: Total time for which application threads were stopped: 0.0025130 seconds, Stopping threads took: 0.0000170 seconds
14.732: Application time: 0.0001020 seconds
14.732: Total time for which application threads were stopped: 0.0000280 seconds, Stopping threads took: 0.0000170 seconds
14.732: Application time: 0.0000430 seconds
14.732: Total time for which application threads were stopped: 0.0000380 seconds, Stopping threads took: 0.0000330 seconds
14.732: Application time: 0.0000340 seconds
14.732: Total time for which application threads were stopped: 0.0000100 seconds, Stopping threads took: 0.0000060 seconds
14.732: Application time: 0.0000300 seconds
14.732: Total time for which application threads were stopped: 0.0000210 seconds, Stopping threads took: 0.0000170 seconds
14.732: Application time: 0.0000150 seconds
14.732: Total time for which application threads were stopped: 0.0000200 seconds, Stopping threads took: 0.0000160 seconds
14.732: Application time: 0.0000130 seconds
14.732: Total time for which application threads were stopped: 0.0000160 seconds, Stopping threads took: 0.0000120 seconds
14.732: Application time: 0.0000140 seconds
14.732: Total time for which application threads were stopped: 0.0000310 seconds, Stopping threads took: 0.0000260 seconds
14.732: Application time: 0.0000120 seconds
14.732: Total time for which application threads were stopped: 0.0000140 seconds, Stopping threads took: 0.0000090 seconds
14.732: Application time: 0.0000350 seconds
14.732: Total time for which application threads were stopped: 0.0000180 seconds, Stopping threads took: 0.0000140 seconds
14.732: Application time: 0.0000140 seconds
14.732: Total time for which application threads were stopped: 0.0000210 seconds, Stopping threads took: 0.0000160 seconds
14.732: Application time: 0.0000100 seconds
14.732: Total time for which application threads were stopped: 0.0000170 seconds, Stopping threads took: 0.0000120 seconds
14.732: Application time: 0.0000130 seconds
14.732: Total time for which application threads were stopped: 0.0000170 seconds, Stopping threads took: 0.0000120 seconds
14.732: Application time: 0.0001090 seconds
14.732: Total time for which application threads were stopped: 0.0000200 seconds, Stopping threads took: 0.0000150 seconds
14.733: Application time: 0.0000110 seconds
14.733: Total time for which application threads were stopped: 0.0000170 seconds, Stopping threads took: 0.0000120 seconds
14.733: Application time: 0.0000120 seconds
14.733: Total time for which application threads were stopped: 0.0000140 seconds, Stopping threads took: 0.0000090 seconds
14.733: Application time: 0.0000100 seconds
14.733: Total time for which application threads were stopped: 0.0000140 seconds, Stopping threads took: 0.0000100 seconds
14.733: Application time: 0.0000100 seconds
14.733: Total time for which application threads were stopped: 0.0000140 seconds, Stopping threads took: 0.0000100 seconds
14.733: Application time: 0.0000110 seconds
14.733: Total time for which application threads were stopped: 0.0000140 seconds, Stopping threads took: 0.0000100 seconds
14.733: Application time: 0.0000100 seconds
14.733: Total time for which application threads were stopped: 0.0000140 seconds, Stopping threads took: 0.0000100 seconds
14.733: Application time: 0.0000110 seconds
14.733: Total time for which application threads were stopped: 0.0000290 seconds, Stopping threads took: 0.0000130 seconds
14.733: Application time: 0.0003830 seconds
14.733: Total time for which application threads were stopped: 0.0000120 seconds, Stopping threads took: 0.0000060 seconds
14.734: Application time: 0.0010370 seconds
14.734: [Full GC 3436K->2132K(7168K), 0.0149480 secs]
   [Eden: 1024.0K(23.0M)->0.0B(2048.0K) Survivors: 2048.0K->0.0B Heap: 3436.2K(123.0M)->2132.1K(7168.0K)], [Perm: 5076K->5076K(20480K)]
 [Times: user=0.02 sys=0.00, real=0.01 secs] 
14.749: Total time for which application threads were stopped: 0.0150150 seconds, Stopping threads took: 0.0000040 seconds
14.749: Application time: 0.0000330 seconds
14.749: [Full GC 2132K->2132K(7168K), 0.0124640 secs]
   [Eden: 0.0B(2048.0K)->0.0B(2048.0K) Survivors: 0.0B->0.0B Heap: 2132.1K(7168.0K)->2132.1K(7168.0K)], [Perm: 5076K->5076K(20480K)]
 [Times: user=0.02 sys=0.01, real=0.01 secs] 
14.762: Total time for which application threads were stopped: 0.0125320 seconds, Stopping threads took: 0.0000060 seconds
14.762: Application time: 0.0000730 seconds
14.762: Total time for which application threads were stopped: 0.0000180 seconds, Stopping threads took: 0.0000090 seconds
14.762: Application time: 0.0000310 seconds
14.762: Total time for which application threads were stopped: 0.0000130 seconds, Stopping threads took: 0.0000090 seconds
14.762: Application time: 0.0000190 seconds
14.762: Total time for which application threads were stopped: 0.0000140 seconds, Stopping threads took: 0.0000110 seconds
14.762: Application time: 0.0000180 seconds
14.762: Total time for which application threads were stopped: 0.0000140 seconds, Stopping threads took: 0.0000110 seconds
14.762: Application time: 0.0000080 seconds
14.762: Total time for which application threads were stopped: 0.0000120 seconds, Stopping threads took: 0.0000090 seconds
14.762: Application time: 0.0000090 seconds
14.762: Total time for which application threads were stopped: 0.0000060 seconds, Stopping threads took: 0.0000030 seconds
14.762: Application time: 0.0000080 seconds
14.762: Total time for which application threads were stopped: 0.0000120 seconds, Stopping threads took: 0.0000080 seconds
14.762: Application time: 0.0000090 seconds
14.762: Total time for which application threads were stopped: 0.0000130 seconds, Stopping threads took: 0.0000090 seconds
14.762: Application time: 0.0000090 seconds
14.762: Total time for which application threads were stopped: 0.0000120 seconds, Stopping threads took: 0.0000080 seconds
14.762: Application time: 0.0000090 seconds
14.762: Total time for which application threads were stopped: 0.0000080 seconds, Stopping threads took: 0.0000050 seconds
14.762: Application time: 0.0000080 seconds
14.762: Total time for which application threads were stopped: 0.0000130 seconds, Stopping threads took: 0.0000100 seconds
14.765: Application time: 0.0029710 seconds
14.765: [GC pause (young) (initial-mark), 0.0008120 secs]
   [Parallel Time: 0.7 ms, GC Workers: 8]
      [GC Worker Start (ms): Min: 14765.1, Avg: 14765.1, Max: 14765.1, Diff: 0.0]
      [Ext Root Scanning (ms): Min: 0.4, Avg: 0.5, Max: 0.6, Diff: 0.1, Sum: 4.0]
      [Code Root Marking (ms): Min: 0.0, Avg: 0.0, Max: 0.0, Diff: 0.0, Sum: 0.0]
      [Update RS (ms): Min: 0.0, Avg: 0.0, Max: 0.0, Diff: 0.0, Sum: 0.0]
         [Processed Buffers: Min: 0, Avg: 0.5, Max: 3, Diff: 3, Sum: 4]
      [Scan RS (ms): Min: 0.0, Avg: 0.0, Max: 0.0, Diff: 0.0, Sum: 0.0]
      [Code Root Scanning (ms): Min: 0.0, Avg: 0.0, Max: 0.0, Diff: 0.0, Sum: 0.0]
      [Object Copy (ms): Min: 0.0, Avg: 0.1, Max: 0.1, Diff: 0.1, Sum: 0.7]
      [Termination (ms): Min: 0.0, Avg: 0.0, Max: 0.0, Diff: 0.0, Sum: 0.0]
      [GC Worker Other (ms): Min: 0.0, Avg: 0.0, Max: 0.0, Diff: 0.0, Sum: 0.0]
      [GC Worker Total (ms): Min: 0.6, Avg: 0.6, Max: 0.6, Diff: 0.0, Sum: 4.9]
      [GC Worker End (ms): Min: 14765.7, Avg: 14765.7, Max: 14765.7, Diff: 0.0]
   [Code Root Fixup: 0.0 ms]
   [Code Root Migration: 0.0 ms]
   [Clear CT: 0.0 ms]
   [Other: 0.1 ms]
      [Choose CSet: 0.0 ms]
      [Ref Proc: 0.1 ms]
      [Ref Enq: 0.0 ms]
      [Free CSet: 0.0 ms]
   [Eden: 1024.0K(2048.0K)->0.0B(1024.0K) Survivors: 0.0B->1024.0K Heap: 2338.7K(7168.0K)->5034.6K(7168.0K)]
 [Times: user=0.00 sys=0.00, real=0.00 secs] 
14.766: Total time for which application threads were stopped: 0.0008890 seconds, Stopping threads took: 0.0000040 seconds
14.766: [GC concurrent-root-region-scan-start]
14.766: [GC concurrent-root-region-scan-end, 0.0000320 secs]
14.766: [GC concurrent-mark-start]
14.766: Application time: 0.0000800 seconds
14.766: Total time for which application threads were stopped: 0.0000230 seconds, Stopping threads took: 0.0000150 seconds
14.766: Application time: 0.0000220 seconds
14.766: [GC pause (young), 0.0004240 secs]
   [Parallel Time: 0.3 ms, GC Workers: 8]
      [GC Worker Start (ms): Min: 14766.1, Avg: 14766.1, Max: 14766.1, Diff: 0.0]
      [Ext Root Scanning (ms): Min: 0.2, Avg: 0.2, Max: 0.3, Diff: 0.1, Sum: 1.9]
      [SATB Filtering (ms): Min: 0.0, Avg: 0.0, Max: 0.0, Diff: 0.0, Sum: 0.0]
      [Update RS (ms): Min: 0.0, Avg: 0.0, Max: 0.0, Diff: 0.0, Sum: 0.1]
         [Processed Buffers: Min: 0, Avg: 1.2, Max: 5, Diff: 5, Sum: 10]
      [Scan RS (ms): Min: 0.0, Avg: 0.0, Max: 0.0, Diff: 0.0, Sum: 0.0]
      [Code Root Scanning (ms): Min: 0.0, Avg: 0.0, Max: 0.0, Diff: 0.0, Sum: 0.0]
      [Object Copy (ms): Min: 0.0, Avg: 0.0, Max: 0.0, Diff: 0.0, Sum: 0.2]
      [Termination (ms): Min: 0.0, Avg: 0.0, Max: 0.0, Diff: 0.0, Sum: 0.1]
      [GC Worker Other (ms): Min: 0.0, Avg: 0.0, Max: 0.0, Diff: 0.0, Sum: 0.0]
      [GC Worker Total (ms): Min: 0.3, Avg: 0.3, Max: 0.3, Diff: 0.0, Sum: 2.3]
      [GC Worker End (ms): Min: 14766.4, Avg: 14766.4, Max: 14766.4, Diff: 0.0]
   [Code Root Fixup: 0.0 ms]
   [Code Root Migration: 0.0 ms]
   [Clear CT: 0.0 ms]
   [Other: 0.1 ms]
      [Choose CSet: 0.0 ms]
      [Ref Proc: 0.1 ms]
      [Ref Enq: 0.0 ms]
      [Free CSet: 0.0 ms]
   [Eden: 0.0B(1024.0K)->0.0B(1024.0K) Survivors: 1024.0K->1024.0K Heap: 5641.3K(7168.0K)->5190.7K(8192.0K)]
 [Times: user=0.00 sys=0.00, real=0.00 secs] 
14.767: Total time for which application threads were stopped: 0.0004850 seconds, Stopping threads took: 0.0000030 seconds
14.767: Application time: 0.0000290 seconds
14.767: Total time for which application threads were stopped: 0.0000140 seconds, Stopping threads took: 0.0000060 seconds
14.767: Application time: 0.0000290 seconds
14.767: Total time for which application threads were stopped: 0.0000130 seconds, Stopping threads took: 0.0000090 seconds
14.767: Application time: 0.0000200 seconds
14.767: Total time for which application threads were stopped: 0.0000180 seconds, Stopping threads took: 0.0000120 seconds
14.767: Application time: 0.0000240 seconds
14.767: Total time for which application threads were stopped: 0.0000150 seconds, Stopping threads took: 0.0000110 seconds
14.767: Application time: 0.0000310 seconds
14.767: Total time for which application threads were stopped: 0.0000180 seconds, Stopping threads took: 0.0000120 seconds
14.767: Application time: 0.0000230 seconds
14.767: Total time for which application threads were stopped: 0.0000160 seconds, Stopping threads took: 0.0000100 seconds
14.768: [GC concurrent-mark-end, 0.0025290 secs]
14.768: Application time: 0.0017110 seconds
14.768: [GC remark 14.769: [GC ref-proc, 0.0001060 secs], 0.0004270 secs]
 [Times: user=0.00 sys=0.00, real=0.00 secs] 
14.769: Total time for which application threads were stopped: 0.0004440 seconds, Stopping threads took: 0.0000040 seconds
14.769: Application time: 0.0000160 seconds
14.769: [GC cleanup 5621K->5621K(8192K), 0.0001560 secs]
 [Times: user=0.00 sys=0.00, real=0.00 secs] 
14.769: Total time for which application threads were stopped: 0.0001860 seconds, Stopping threads took: 0.0000200 seconds
14.796: Application time: 0.0268250 seconds
14.796: [GC pause (young), 0.0022420 secs]
   [Parallel Time: 1.0 ms, GC Workers: 8]
      [GC Worker Start (ms): Min: 14796.0, Avg: 14796.1, Max: 14796.9, Diff: 0.8]
      [Ext Root Scanning (ms): Min: 0.0, Avg: 0.5, Max: 0.9, Diff: 0.9, Sum: 4.2]
      [Update RS (ms): Min: 0.0, Avg: 0.0, Max: 0.1, Diff: 0.1, Sum: 0.1]
         [Processed Buffers: Min: 0, Avg: 1.9, Max: 9, Diff: 9, Sum: 15]
      [Scan RS (ms): Min: 0.0, Avg: 0.0, Max: 0.0, Diff: 0.0, Sum: 0.0]
      [Code Root Scanning (ms): Min: 0.0, Avg: 0.0, Max: 0.0, Diff: 0.0, Sum: 0.0]
      [Object Copy (ms): Min: 0.1, Avg: 0.2, Max: 0.3, Diff: 0.2, Sum: 1.7]
      [Termination (ms): Min: 0.0, Avg: 0.1, Max: 0.2, Diff: 0.2, Sum: 0.9]
      [GC Worker Other (ms): Min: 0.0, Avg: 0.0, Max: 0.0, Diff: 0.0, Sum: 0.0]
      [GC Worker Total (ms): Min: 0.1, Avg: 0.9, Max: 1.0, Diff: 0.8, Sum: 6.9]
      [GC Worker End (ms): Min: 14797.0, Avg: 14797.0, Max: 14797.0, Diff: 0.0]
   [Code Root Fixup: 0.0 ms]
   [Code Root Migration: 0.0 ms]
   [Clear CT: 0.1 ms]
   [Other: 1.2 ms]
      [Choose CSet: 0.0 ms]
      [Ref Proc: 1.2 ms]
      [Ref Enq: 0.0 ms]
      [Free CSet: 0.0 ms]
   [Eden: 1024.0K(1024.0K)->0.0B(1024.0K) Survivors: 1024.0K->1024.0K Heap: 6214.7K(8192.0K)->5420.8K(9216.0K)]
 [Times: user=0.01 sys=0.01, real=0.00 secs] 
14.798: Total time for which application threads were stopped: 0.0023490 seconds, Stopping threads took: 0.0000120 seconds
14.798: Application time: 0.0000470 seconds
14.798: Total time for which application threads were stopped: 0.0000330 seconds, Stopping threads took: 0.0000230 seconds
14.798: Application time: 0.0000140 seconds
14.798: Total time for which application threads were stopped: 0.0000230 seconds, Stopping threads took: 0.0000130 seconds
14.798: Application time: 0.0000120 seconds
14.798: Total time for which application threads were stopped: 0.0000240 seconds, Stopping threads took: 0.0000130 seconds
14.798: Application time: 0.0000100 seconds
14.799: Total time for which application threads were stopped: 0.0000210 seconds, Stopping threads took: 0.0000120 seconds
14.799: Application time: 0.0000120 seconds
14.799: Total time for which application threads were stopped: 0.0000200 seconds, Stopping threads took: 0.0000110 seconds
14.799: Application time: 0.0000130 seconds
14.799: Total time for which application threads were stopped: 0.0000210 seconds, Stopping threads took: 0.0000130 seconds
14.799: Application time: 0.0000110 seconds
14.799: Total time for which application threads were stopped: 0.0000200 seconds, Stopping threads took: 0.0000120 seconds
14.799: Application time: 0.0000110 seconds
14.799: Total time for which application threads were stopped: 0.0000200 seconds, Stopping threads took: 0.0000120 seconds
14.799: Application time: 0.0000110 seconds
14.799: Total time for which application threads were stopped: 0.0000210 seconds, Stopping threads took: 0.0000130 seconds
14.799: Application time: 0.0000110 seconds
14.799: Total time for which application threads were stopped: 0.0000220 seconds, Stopping threads took: 0.0000130 seconds
14.799: Application time: 0.0000110 seconds
14.799: Total time for which application threads were stopped: 0.0000210 seconds, Stopping threads took: 0.0000130 seconds
14.799: Application time: 0.0000100 seconds
14.799: Total time for which application threads were stopped: 0.0000200 seconds, Stopping threads took: 0.0000120 seconds
14.799: Application time: 0.0000110 seconds
14.799: Total time for which application threads were stopped: 0.0000210 seconds, Stopping threads took: 0.0000130 seconds
14.799: Application time: 0.0000110 seconds
14.799: Total time for which application threads were stopped: 0.0000210 seconds, Stopping threads took: 0.0000130 seconds
14.799: Application time: 0.0000110 seconds
14.799: Total time for which application threads were stopped: 0.0000220 seconds, Stopping threads took: 0.0000130 seconds
14.799: Application time: 0.0000110 seconds
14.799: Total time for which application threads were stopped: 0.0000210 seconds, Stopping threads took: 0.0000130 seconds
14.799: Application time: 0.0000100 seconds
14.799: Total time for which application threads were stopped: 0.0000200 seconds, Stopping threads took: 0.0000120 seconds
14.799: Application time: 0.0000100 seconds
14.799: Total time for which application threads were stopped: 0.0000200 seconds, Stopping threads took: 0.0000120 seconds
14.819: Application time: 0.0201890 seconds
14.819: [GC pause (mixed), 0.0015220 secs]
   [Parallel Time: 1.3 ms, GC Workers: 8]
      [GC Worker Start (ms): Min: 14819.2, Avg: 14819.2, Max: 14819.3, Diff: 0.1]
      [Ext Root Scanning (ms): Min: 0.5, Avg: 0.6, Max: 1.1, Diff: 0.6, Sum: 5.0]
      [Update RS (ms): Min: 0.0, Avg: 0.0, Max: 0.0, Diff: 0.0, Sum: 0.1]
         [Processed Buffers: Min: 0, Avg: 1.1, Max: 5, Diff: 5, Sum: 9]
      [Scan RS (ms): Min: 0.0, Avg: 0.0, Max: 0.0, Diff: 0.0, Sum: 0.0]
      [Code Root Scanning (ms): Min: 0.0, Avg: 0.0, Max: 0.0, Diff: 0.0, Sum: 0.0]
      [Object Copy (ms): Min: 0.1, Avg: 0.3, Max: 0.4, Diff: 0.2, Sum: 2.5]
      [Termination (ms): Min: 0.0, Avg: 0.3, Max: 0.3, Diff: 0.3, Sum: 2.1]
      [GC Worker Other (ms): Min: 0.0, Avg: 0.0, Max: 0.0, Diff: 0.0, Sum: 0.1]
      [GC Worker Total (ms): Min: 1.2, Avg: 1.2, Max: 1.3, Diff: 0.1, Sum: 9.8]
      [GC Worker End (ms): Min: 14820.5, Avg: 14820.5, Max: 14820.5, Diff: 0.0]
   [Code Root Fixup: 0.0 ms]
   [Code Root Migration: 0.0 ms]
   [Clear CT: 0.1 ms]
   [Other: 0.1 ms]
      [Choose CSet: 0.0 ms]
      [Ref Proc: 0.1 ms]
      [Ref Enq: 0.0 ms]
      [Free CSet: 0.0 ms]
   [Eden: 1024.0K(1024.0K)->0.0B(1024.0K) Survivors: 1024.0K->1024.0K Heap: 6444.8K(9216.0K)->4738.3K(10.0M)]
 [Times: user=0.01 sys=0.00, real=0.00 secs] 
14.821: Total time for which application threads were stopped: 0.0016230 seconds, Stopping threads took: 0.0000120 seconds
14.821: Application time: 0.0000580 seconds
14.821: Total time for which application threads were stopped: 0.0000280 seconds, Stopping threads took: 0.0000110 seconds
14.821: Application time: 0.0000140 seconds
14.821: Total time for which application threads were stopped: 0.0000230 seconds, Stopping threads took: 0.0000110 seconds
14.823: Application time: 0.0018630 seconds
14.823: Total time for which application threads were stopped: 0.0000340 seconds, Stopping threads took: 0.0000060 seconds
14.825: Application time: 0.0022540 seconds
14.825: [GC pause (young), 0.0008140 secs]
   [Parallel Time: 0.7 ms, GC Workers: 8]
      [GC Worker Start (ms): Min: 14825.1, Avg: 14825.1, Max: 14825.1, Diff: 0.0]
      [Ext Root Scanning (ms): Min: 0.4, Avg: 0.4, Max: 0.5, Diff: 0.1, Sum: 3.5]
      [Update RS (ms): Min: 0.0, Avg: 0.1, Max: 0.2, Diff: 0.2, Sum: 0.7]
         [Processed Buffers: Min: 0, Avg: 1.5, Max: 5, Diff: 5, Sum: 12]
      [Scan RS (ms): Min: 0.0, Avg: 0.0, Max: 0.0, Diff: 0.0, Sum: 0.0]
      [Code Root Scanning (ms): Min: 0.0, Avg: 0.0, Max: 0.0, Diff: 0.0, Sum: 0.0]
      [Object Copy (ms): Min: 0.0, Avg: 0.1, Max: 0.1, Diff: 0.1, Sum: 0.9]
      [Termination (ms): Min: 0.0, Avg: 0.0, Max: 0.0, Diff: 0.0, Sum: 0.0]
      [GC Worker Other (ms): Min: 0.0, Avg: 0.0, Max: 0.0, Diff: 0.0, Sum: 0.0]
      [GC Worker Total (ms): Min: 0.6, Avg: 0.7, Max: 0.7, Diff: 0.0, Sum: 5.2]
      [GC Worker End (ms): Min: 14825.7, Avg: 14825.7, Max: 14825.7, Diff: 0.0]
   [Code Root Fixup: 0.0 ms]
   [Code Root Migration: 0.0 ms]
   [Clear CT: 0.0 ms]
   [Other: 0.1 ms]
      [Choose CSet: 0.0 ms]
      [Ref Proc: 0.1 ms]
      [Ref Enq: 0.0 ms]
      [Free CSet: 0.0 ms]
   [Eden: 1024.0K(1024.0K)->0.0B(1024.0K) Survivors: 1024.0K->1024.0K Heap: 5762.3K(10.0M)->4720.0K(10.0M)]
 [Times: user=0.00 sys=0.00, real=0.00 secs] 
14.826: Total time for which application threads were stopped: 0.0008840 seconds, Stopping threads took: 0.0000030 seconds
14.829: Application time: 0.0026020 seconds
14.829: [GC pause (young) (initial-mark), 0.0009490 secs]
   [Parallel Time: 0.8 ms, GC Workers: 8]
      [GC Worker Start (ms): Min: 14828.6, Avg: 14828.7, Max: 14829.3, Diff: 0.7]
      [Ext Root Scanning (ms): Min: 0.0, Avg: 0.3, Max: 0.5, Diff: 0.5, Sum: 2.8]
      [Code Root Marking (ms): Min: 0.0, Avg: 0.0, Max: 0.0, Diff: 0.0, Sum: 0.0]
      [Update RS (ms): Min: 0.0, Avg: 0.0, Max: 0.0, Diff: 0.0, Sum: 0.1]
         [Processed Buffers: Min: 0, Avg: 1.0, Max: 3, Diff: 3, Sum: 8]
      [Scan RS (ms): Min: 0.0, Avg: 0.0, Max: 0.0, Diff: 0.0, Sum: 0.0]
      [Code Root Scanning (ms): Min: 0.0, Avg: 0.0, Max: 0.0, Diff: 0.0, Sum: 0.0]
      [Object Copy (ms): Min: 0.0, Avg: 0.2, Max: 0.2, Diff: 0.2, Sum: 1.4]
      [Termination (ms): Min: 0.0, Avg: 0.1, Max: 0.1, Diff: 0.1, Sum: 0.5]
      [GC Worker Other (ms): Min: 0.0, Avg: 0.0, Max: 0.0, Diff: 0.0, Sum: 0.0]
      [GC Worker Total (ms): Min: 0.0, Avg: 0.6, Max: 0.7, Diff: 0.7, Sum: 4.8]
      [GC Worker End (ms): Min: 14829.3, Avg: 14829.3, Max: 14829.3, Diff: 0.0]
   [Code Root Fixup: 0.0 ms]
   [Code Root Migration: 0.0 ms]
   [Clear CT: 0.0 ms]
   [Other: 0.1 ms]
      [Choose CSet: 0.0 ms]
      [Ref Proc: 0.1 ms]
      [Ref Enq: 0.0 ms]
      [Free CSet: 0.0 ms]
   [Eden: 1024.0K(1024.0K)->0.0B(1024.0K) Survivors: 1024.0K->1024.0K Heap: 5744.0K(10.0M)->4751.4K(10.0M)]
 [Times: user=0.01 sys=0.00, real=0.00 secs] 
14.83014.830: : [GC concurrent-root-region-scan-start]
Total time for which application threads were stopped: 0.0010270 seconds, Stopping threads took: 0.0000080 seconds
14.830: [GC concurrent-root-region-scan-end, 0.0001570 secs]
14.830: [GC concurrent-mark-start]
14.831: Application time: 0.0017440 seconds
14.831: [GC pause (young), 0.0009440 secs]
   [Parallel Time: 0.8 ms, GC Workers: 8]
      [GC Worker Start (ms): Min: 14831.4, Avg: 14831.7, Max: 14832.1, Diff: 0.7]
      [Ext Root Scanning (ms): Min: 0.0, Avg: 0.2, Max: 0.5, Diff: 0.5, Sum: 1.9]
      [SATB Filtering (ms): Min: 0.0, Avg: 0.0, Max: 0.0, Diff: 0.0, Sum: 0.0]
      [Update RS (ms): Min: 0.0, Avg: 0.0, Max: 0.0, Diff: 0.0, Sum: 0.1]
         [Processed Buffers: Min: 0, Avg: 1.0, Max: 3, Diff: 3, Sum: 8]
      [Scan RS (ms): Min: 0.0, Avg: 0.0, Max: 0.0, Diff: 0.0, Sum: 0.0]
      [Code Root Scanning (ms): Min: 0.0, Avg: 0.0, Max: 0.0, Diff: 0.0, Sum: 0.0]
      [Object Copy (ms): Min: 0.0, Avg: 0.1, Max: 0.1, Diff: 0.1, Sum: 0.5]
      [Termination (ms): Min: 0.0, Avg: 0.1, Max: 0.1, Diff: 0.1, Sum: 0.4]
      [GC Worker Other (ms): Min: 0.0, Avg: 0.0, Max: 0.0, Diff: 0.0, Sum: 0.0]
      [GC Worker Total (ms): Min: 0.0, Avg: 0.4, Max: 0.7, Diff: 0.7, Sum: 3.0]
      [GC Worker End (ms): Min: 14832.1, Avg: 14832.1, Max: 14832.1, Diff: 0.0]
   [Code Root Fixup: 0.0 ms]
   [Code Root Migration: 0.0 ms]
   [Clear CT: 0.1 ms]
   [Other: 0.1 ms]
      [Choose CSet: 0.0 ms]
      [Ref Proc: 0.1 ms]
      [Ref Enq: 0.0 ms]
      [Free CSet: 0.0 ms]
   [Eden: 1024.0K(1024.0K)->0.0B(1024.0K) Survivors: 1024.0K->1024.0K Heap: 5775.4K(10.0M)->4759.6K(10.0M)]
 [Times: user=0.00 sys=0.00, real=0.00 secs] 
14.832: Total time for which application threads were stopped: 0.0010450 seconds, Stopping threads took: 0.0000240 seconds
14.833: [GC concurrent-mark-end, 0.0029890 secs]
14.833: Application time: 0.0003690 seconds
14.833: [GC remark 14.835: [GC ref-proc, 0.0001120 secs], 0.0030150 secs]
 [Times: user=0.02 sys=0.00, real=0.00 secs] 
14.836: Total time for which application threads were stopped: 0.0030510 seconds, Stopping threads took: 0.0000180 seconds
14.836: Application time: 0.0000170 seconds
14.836: [GC cleanup 5477K->5477K(10M), 0.0001580 secs]
 [Times: user=0.00 sys=0.00, real=0.00 secs] 
14.836: Total time for which application threads were stopped: 0.0001890 seconds, Stopping threads took: 0.0000210 seconds
14.840: Application time: 0.0036470 seconds
14.840: [GC pause (young), 0.0011650 secs]
   [Parallel Time: 1.0 ms, GC Workers: 8]
      [GC Worker Start (ms): Min: 14839.7, Avg: 14839.9, Max: 14840.7, Diff: 1.0]
      [Ext Root Scanning (ms): Min: 0.0, Avg: 0.6, Max: 0.8, Diff: 0.8, Sum: 5.1]
      [Update RS (ms): Min: 0.0, Avg: 0.0, Max: 0.0, Diff: 0.0, Sum: 0.2]
         [Processed Buffers: Min: 0, Avg: 0.8, Max: 2, Diff: 2, Sum: 6]
      [Scan RS (ms): Min: 0.0, Avg: 0.0, Max: 0.0, Diff: 0.0, Sum: 0.0]
      [Code Root Scanning (ms): Min: 0.0, Avg: 0.0, Max: 0.0, Diff: 0.0, Sum: 0.0]
      [Object Copy (ms): Min: 0.0, Avg: 0.1, Max: 0.2, Diff: 0.2, Sum: 0.9]
      [Termination (ms): Min: 0.0, Avg: 0.1, Max: 0.1, Diff: 0.1, Sum: 0.6]
      [GC Worker Other (ms): Min: 0.0, Avg: 0.0, Max: 0.0, Diff: 0.0, Sum: 0.0]
      [GC Worker Total (ms): Min: 0.0, Avg: 0.8, Max: 1.0, Diff: 1.0, Sum: 6.7]
      [GC Worker End (ms): Min: 14840.7, Avg: 14840.7, Max: 14840.7, Diff: 0.0]
   [Code Root Fixup: 0.0 ms]
   [Code Root Migration: 0.0 ms]
   [Clear CT: 0.0 ms]
   [Other: 0.1 ms]
      [Choose CSet: 0.0 ms]
      [Ref Proc: 0.1 ms]
      [Ref Enq: 0.0 ms]
      [Free CSet: 0.0 ms]
   [Eden: 1024.0K(1024.0K)->0.0B(1024.0K) Survivors: 1024.0K->1024.0K Heap: 5783.6K(10.0M)->4840.3K(10.0M)]
 [Times: user=0.00 sys=0.00, real=0.00 secs] 
14.841: Total time for which application threads were stopped: 0.0012720 seconds, Stopping threads took: 0.0000180 seconds
14.844: Application time: 0.0026330 seconds
14.844: Total time for which application threads were stopped: 0.0000340 seconds, Stopping threads took: 0.0000130 seconds
14.844: Application time: 0.0000760 seconds
14.844: [GC pause (mixed), 0.0011660 secs]
   [Parallel Time: 1.0 ms, GC Workers: 8]
      [GC Worker Start (ms): Min: 14843.7, Avg: 14843.7, Max: 14843.8, Diff: 0.1]
      [Ext Root Scanning (ms): Min: 0.7, Avg: 0.7, Max: 0.7, Diff: 0.1, Sum: 5.4]
      [Update RS (ms): Min: 0.0, Avg: 0.0, Max: 0.1, Diff: 0.1, Sum: 0.2]
         [Processed Buffers: Min: 0, Avg: 0.8, Max: 2, Diff: 2, Sum: 6]
      [Scan RS (ms): Min: 0.0, Avg: 0.0, Max: 0.0, Diff: 0.0, Sum: 0.1]
      [Code Root Scanning (ms): Min: 0.0, Avg: 0.0, Max: 0.0, Diff: 0.0, Sum: 0.0]
      [Object Copy (ms): Min: 0.2, Avg: 0.2, Max: 0.2, Diff: 0.0, Sum: 1.4]
      [Termination (ms): Min: 0.0, Avg: 0.0, Max: 0.0, Diff: 0.0, Sum: 0.0]
      [GC Worker Other (ms): Min: 0.0, Avg: 0.0, Max: 0.0, Diff: 0.0, Sum: 0.1]
      [GC Worker Total (ms): Min: 0.9, Avg: 0.9, Max: 0.9, Diff: 0.1, Sum: 7.2]
      [GC Worker End (ms): Min: 14844.6, Avg: 14844.6, Max: 14844.6, Diff: 0.0]
   [Code Root Fixup: 0.0 ms]
   [Code Root Migration: 0.0 ms]
   [Clear CT: 0.0 ms]
   [Other: 0.1 ms]
      [Choose CSet: 0.0 ms]
      [Ref Proc: 0.1 ms]
      [Ref Enq: 0.0 ms]
      [Free CSet: 0.0 ms]
   [Eden: 1024.0K(1024.0K)->0.0B(10.0M) Survivors: 1024.0K->1024.0K Heap: 5864.3K(10.0M)->4816.4K(20.0M)]
 [Times: user=0.00 sys=0.01, real=0.00 secs] 
14.845: Total time for which application threads were stopped: 0.0012480 seconds, Stopping threads took: 0.0000030 seconds
14.896: Application time: 0.0515690 seconds
14.897: Total time for which application threads were stopped: 0.0000510 seconds, Stopping threads took: 0.0000240 seconds
14.897: Application time: 0.0001710 seconds
14.897: Total time for which application threads were stopped: 0.0000780 seconds, Stopping threads took: 0.0000660 seconds
14.897: Application time: 0.0002170 seconds
14.897: Total time for which application threads were stopped: 0.0000250 seconds, Stopping threads took: 0.0000160 seconds
14.897: Application time: 0.0001810 seconds
14.897: Total time for which application threads were stopped: 0.0000400 seconds, Stopping threads took: 0.0000280 seconds
14.897: Application time: 0.0000870 seconds
14.897: Total time for which application threads were stopped: 0.0000380 seconds, Stopping threads took: 0.0000310 seconds
14.964: Application time: 0.0666770 seconds
14.964: [GC pause (young), 0.0047310 secs]
   [Parallel Time: 4.5 ms, GC Workers: 8]
      [GC Worker Start (ms): Min: 14964.2, Avg: 14964.2, Max: 14964.2, Diff: 0.0]
      [Ext Root Scanning (ms): Min: 0.8, Avg: 1.4, Max: 2.8, Diff: 2.0, Sum: 11.2]
      [Update RS (ms): Min: 0.0, Avg: 0.1, Max: 0.2, Diff: 0.2, Sum: 0.5]
         [Processed Buffers: Min: 0, Avg: 2.6, Max: 11, Diff: 11, Sum: 21]
      [Scan RS (ms): Min: 0.0, Avg: 0.0, Max: 0.0, Diff: 0.0, Sum: 0.0]
      [Code Root Scanning (ms): Min: 0.0, Avg: 0.0, Max: 0.0, Diff: 0.0, Sum: 0.0]
      [Object Copy (ms): Min: 1.5, Avg: 2.9, Max: 3.4, Diff: 1.9, Sum: 23.0]
      [Termination (ms): Min: 0.0, Avg: 0.1, Max: 0.1, Diff: 0.1, Sum: 0.5]
      [GC Worker Other (ms): Min: 0.0, Avg: 0.0, Max: 0.0, Diff: 0.0, Sum: 0.0]
      [GC Worker Total (ms): Min: 4.4, Avg: 4.4, Max: 4.4, Diff: 0.0, Sum: 35.2]
      [GC Worker End (ms): Min: 14968.6, Avg: 14968.6, Max: 14968.6, Diff: 0.0]
   [Code Root Fixup: 0.0 ms]
   [Code Root Migration: 0.0 ms]
   [Clear CT: 0.0 ms]
   [Other: 0.2 ms]
      [Choose CSet: 0.0 ms]
      [Ref Proc: 0.1 ms]
      [Ref Enq: 0.0 ms]
      [Free CSet: 0.0 ms]
   [Eden: 10.0M(10.0M)->0.0B(17.0M) Survivors: 1024.0K->2048.0K Heap: 14.7M(20.0M)->13.1M(50.0M)]
 [Times: user=0.03 sys=0.00, real=0.00 secs] 
14.969: Total time for which application threads were stopped: 0.0049180 seconds, Stopping threads took: 0.0000510 seconds
15.130: Application time: 0.1608050 seconds
15.131: [GC pause (young), 0.0088010 secs]
   [Parallel Time: 8.1 ms, GC Workers: 8]
      [GC Worker Start (ms): Min: 15131.4, Avg: 15131.4, Max: 15131.5, Diff: 0.1]
      [Ext Root Scanning (ms): Min: 0.6, Avg: 1.2, Max: 5.1, Diff: 4.5, Sum: 9.6]
      [Update RS (ms): Min: 0.0, Avg: 0.3, Max: 0.4, Diff: 0.4, Sum: 2.5]
         [Processed Buffers: Min: 0, Avg: 2.9, Max: 5, Diff: 5, Sum: 23]
      [Scan RS (ms): Min: 0.0, Avg: 0.1, Max: 0.2, Diff: 0.2, Sum: 0.7]
      [Code Root Scanning (ms): Min: 0.0, Avg: 0.0, Max: 0.0, Diff: 0.0, Sum: 0.0]
      [Object Copy (ms): Min: 2.9, Avg: 6.4, Max: 6.9, Diff: 4.0, Sum: 51.0]
      [Termination (ms): Min: 0.0, Avg: 0.1, Max: 0.1, Diff: 0.1, Sum: 0.5]
      [GC Worker Other (ms): Min: 0.0, Avg: 0.0, Max: 0.0, Diff: 0.0, Sum: 0.1]
      [GC Worker Total (ms): Min: 8.0, Avg: 8.0, Max: 8.1, Diff: 0.0, Sum: 64.4]
      [GC Worker End (ms): Min: 15139.5, Avg: 15139.5, Max: 15139.5, Diff: 0.0]
   [Code Root Fixup: 0.0 ms]
   [Code Root Migration: 0.0 ms]
   [Clear CT: 0.0 ms]
   [Other: 0.6 ms]
      [Choose CSet: 0.0 ms]
      [Ref Proc: 0.5 ms]
      [Ref Enq: 0.0 ms]
      [Free CSet: 0.0 ms]
   [Eden: 17.0M(17.0M)->0.0B(6144.0K) Survivors: 2048.0K->3072.0K Heap: 30.1M(50.0M)->41.6M(61.0M)]
 [Times: user=0.07 sys=0.00, real=0.00 secs] 
15.140: Total time for which application threads were stopped: 0.0105050 seconds, Stopping threads took: 0.0015550 seconds
15.158: Application time: 0.0177010 seconds
15.158: Total time for which application threads were stopped: 0.0000760 seconds, Stopping threads took: 0.0000510 seconds
15.163: Application time: 0.0052870 seconds
15.163: Total time for which application threads were stopped: 0.0000640 seconds, Stopping threads took: 0.0000360 seconds
15.166: Application time: 0.0030680 seconds
15.167: Total time for which application threads were stopped: 0.0000560 seconds, Stopping threads took: 0.0000270 seconds
15.180: Application time: 0.0138090 seconds
15.180: [GC pause (young) (initial-mark), 0.0051290 secs]
   [Parallel Time: 4.9 ms, GC Workers: 8]
      [GC Worker Start (ms): Min: 15180.5, Avg: 15180.5, Max: 15180.5, Diff: 0.1]
      [Ext Root Scanning (ms): Min: 0.7, Avg: 1.3, Max: 4.8, Diff: 4.1, Sum: 10.2]
      [Code Root Marking (ms): Min: 0.0, Avg: 0.0, Max: 0.0, Diff: 0.0, Sum: 0.1]
      [Update RS (ms): Min: 0.0, Avg: 0.5, Max: 0.7, Diff: 0.7, Sum: 4.3]
         [Processed Buffers: Min: 0, Avg: 3.1, Max: 6, Diff: 6, Sum: 25]
      [Scan RS (ms): Min: 0.0, Avg: 0.1, Max: 0.1, Diff: 0.1, Sum: 0.9]
      [Code Root Scanning (ms): Min: 0.0, Avg: 0.0, Max: 0.0, Diff: 0.0, Sum: 0.0]
      [Object Copy (ms): Min: 0.0, Avg: 2.7, Max: 3.2, Diff: 3.2, Sum: 22.0]
      [Termination (ms): Min: 0.0, Avg: 0.1, Max: 0.1, Diff: 0.1, Sum: 0.8]
      [GC Worker Other (ms): Min: 0.0, Avg: 0.0, Max: 0.0, Diff: 0.0, Sum: 0.0]
      [GC Worker Total (ms): Min: 4.8, Avg: 4.8, Max: 4.8, Diff: 0.0, Sum: 38.3]
      [GC Worker End (ms): Min: 15185.3, Avg: 15185.3, Max: 15185.3, Diff: 0.0]
   [Code Root Fixup: 0.0 ms]
   [Code Root Migration: 0.0 ms]
   [Clear CT: 0.0 ms]
   [Other: 0.2 ms]
      [Choose CSet: 0.0 ms]
      [Ref Proc: 0.1 ms]
      [Ref Enq: 0.0 ms]
      [Free CSet: 0.0 ms]
   [Eden: 6144.0K(6144.0K)->0.0B(1024.0K) Survivors: 3072.0K->2048.0K Heap: 47.6M(61.0M)->50.1M(61.0M)]
 [Times: user=0.04 sys=0.00, real=0.01 secs] 
15.186: [GC concurrent-root-region-scan-start]
15.186: Total time for which application threads were stopped: 0.0052980 seconds, Stopping threads took: 0.0000370 seconds
15.187: [GC concurrent-root-region-scan-end, 0.0009230 secs]
15.187: [GC concurrent-mark-start]
15.213: [GC concurrent-mark-end, 0.0267880 secs]
15.213: Application time: 0.0277420 seconds
15.213: [GC remark 15.214: [GC ref-proc, 0.0001180 secs], 0.0005940 secs]
 [Times: user=0.00 sys=0.00, real=0.00 secs] 
15.214: Total time for which application threads were stopped: 0.0006900 seconds, Stopping threads took: 0.0000400 seconds
15.214: Application time: 0.0000200 seconds
15.214: [GC cleanup 50M->50M(61M), 0.0001940 secs]
 [Times: user=0.00 sys=0.00, real=0.00 secs] 
15.214: Total time for which application threads were stopped: 0.0002350 seconds, Stopping threads took: 0.0000240 seconds
15.224: Application time: 0.0094790 seconds
15.224: [GC pause (young), 0.0027890 secs]
   [Parallel Time: 2.6 ms, GC Workers: 8]
      [GC Worker Start (ms): Min: 15224.0, Avg: 15224.0, Max: 15224.0, Diff: 0.1]
      [Ext Root Scanning (ms): Min: 0.6, Avg: 1.0, Max: 2.5, Diff: 1.8, Sum: 7.7]
      [Update RS (ms): Min: 0.0, Avg: 0.5, Max: 0.8, Diff: 0.8, Sum: 4.3]
         [Processed Buffers: Min: 0, Avg: 3.0, Max: 8, Diff: 8, Sum: 24]
      [Scan RS (ms): Min: 0.0, Avg: 0.0, Max: 0.1, Diff: 0.1, Sum: 0.2]
      [Code Root Scanning (ms): Min: 0.0, Avg: 0.0, Max: 0.0, Diff: 0.0, Sum: 0.0]
      [Object Copy (ms): Min: 0.0, Avg: 0.9, Max: 1.1, Diff: 1.1, Sum: 7.1]
      [Termination (ms): Min: 0.0, Avg: 0.1, Max: 0.1, Diff: 0.1, Sum: 0.7]
      [GC Worker Other (ms): Min: 0.0, Avg: 0.0, Max: 0.0, Diff: 0.0, Sum: 0.0]
      [GC Worker Total (ms): Min: 2.5, Avg: 2.5, Max: 2.5, Diff: 0.1, Sum: 20.0]
      [GC Worker End (ms): Min: 15226.5, Avg: 15226.5, Max: 15226.5, Diff: 0.0]
   [Code Root Fixup: 0.0 ms]
   [Code Root Migration: 0.0 ms]
   [Clear CT: 0.0 ms]
   [Other: 0.2 ms]
      [Choose CSet: 0.0 ms]
      [Ref Proc: 0.1 ms]
      [Ref Enq: 0.0 ms]
      [Free CSet: 0.0 ms]
   [Eden: 1024.0K(1024.0K)->0.0B(2048.0K) Survivors: 2048.0K->1024.0K Heap: 51.1M(61.0M)->55.9M(61.0M)]
 [Times: user=0.02 sys=0.00, real=0.00 secs] 
15.227: Total time for which application threads were stopped: 0.0029720 seconds, Stopping threads took: 0.0000620 seconds
15.285: Application time: 0.0583400 seconds
15.285: [GC pause (mixed), 0.0034190 secs]
   [Parallel Time: 3.2 ms, GC Workers: 8]
      [GC Worker Start (ms): Min: 15285.2, Avg: 15285.3, Max: 15285.3, Diff: 0.0]
      [Ext Root Scanning (ms): Min: 0.6, Avg: 0.8, Max: 1.6, Diff: 1.0, Sum: 6.6]
      [Update RS (ms): Min: 0.0, Avg: 0.6, Max: 0.7, Diff: 0.7, Sum: 4.5]
         [Processed Buffers: Min: 0, Avg: 3.1, Max: 7, Diff: 7, Sum: 25]
      [Scan RS (ms): Min: 0.0, Avg: 0.1, Max: 0.2, Diff: 0.2, Sum: 0.7]
      [Code Root Scanning (ms): Min: 0.0, Avg: 0.0, Max: 0.0, Diff: 0.0, Sum: 0.0]
      [Object Copy (ms): Min: 1.4, Avg: 1.6, Max: 1.7, Diff: 0.2, Sum: 12.5]
      [Termination (ms): Min: 0.0, Avg: 0.1, Max: 0.1, Diff: 0.1, Sum: 0.5]
      [GC Worker Other (ms): Min: 0.0, Avg: 0.0, Max: 0.0, Diff: 0.0, Sum: 0.0]
      [GC Worker Total (ms): Min: 3.1, Avg: 3.1, Max: 3.1, Diff: 0.0, Sum: 24.9]
      [GC Worker End (ms): Min: 15288.4, Avg: 15288.4, Max: 15288.4, Diff: 0.0]
   [Code Root Fixup: 0.0 ms]
   [Code Root Migration: 0.0 ms]
   [Clear CT: 0.0 ms]
   [Other: 0.2 ms]
      [Choose CSet: 0.0 ms]
      [Ref Proc: 0.1 ms]
      [Ref Enq: 0.0 ms]
      [Free CSet: 0.0 ms]
   [Eden: 2048.0K(2048.0K)->0.0B(2048.0K) Survivors: 1024.0K->1024.0K Heap: 57.9M(61.0M)->55.4M(66.0M)]
 [Times: user=0.03 sys=0.00, real=0.00 secs] 
15.289: Total time for which application threads were stopped: 0.0035640 seconds, Stopping threads took: 0.0000160 seconds
15.333: Application time: 0.0444330 seconds
15.333: [GC pause (mixed), 0.0042200 secs]
   [Parallel Time: 4.0 ms, GC Workers: 8]
      [GC Worker Start (ms): Min: 15333.3, Avg: 15333.4, Max: 15333.4, Diff: 0.1]
      [Ext Root Scanning (ms): Min: 0.7, Avg: 1.6, Max: 3.9, Diff: 3.2, Sum: 12.5]
      [Update RS (ms): Min: 0.0, Avg: 0.6, Max: 1.0, Diff: 1.0, Sum: 5.1]
         [Processed Buffers: Min: 0, Avg: 3.2, Max: 7, Diff: 7, Sum: 26]
      [Scan RS (ms): Min: 0.0, Avg: 0.1, Max: 0.1, Diff: 0.1, Sum: 0.5]
      [Code Root Scanning (ms): Min: 0.0, Avg: 0.0, Max: 0.0, Diff: 0.0, Sum: 0.0]
      [Object Copy (ms): Min: 0.0, Avg: 1.5, Max: 2.1, Diff: 2.1, Sum: 12.3]
      [Termination (ms): Min: 0.0, Avg: 0.1, Max: 0.1, Diff: 0.1, Sum: 0.7]
      [GC Worker Other (ms): Min: 0.0, Avg: 0.0, Max: 0.0, Diff: 0.0, Sum: 0.0]
      [GC Worker Total (ms): Min: 3.8, Avg: 3.9, Max: 3.9, Diff: 0.1, Sum: 31.1]
      [GC Worker End (ms): Min: 15337.2, Avg: 15337.2, Max: 15337.2, Diff: 0.0]
   [Code Root Fixup: 0.0 ms]
   [Code Root Migration: 0.0 ms]
   [Clear CT: 0.0 ms]
   [Other: 0.2 ms]
      [Choose CSet: 0.0 ms]
      [Ref Proc: 0.1 ms]
      [Ref Enq: 0.0 ms]
      [Free CSet: 0.0 ms]
   [Eden: 2048.0K(2048.0K)->0.0B(2048.0K) Survivors: 1024.0K->1024.0K Heap: 57.4M(66.0M)->54.7M(66.0M)]
 [Times: user=0.04 sys=0.00, real=0.00 secs] 
15.338: Total time for which application threads were stopped: 0.0044450 seconds, Stopping threads took: 0.0001060 seconds
15.376: Application time: 0.0382300 seconds
15.376: [GC pause (young), 0.0026040 secs]
   [Parallel Time: 2.4 ms, GC Workers: 8]
      [GC Worker Start (ms): Min: 15376.0, Avg: 15376.6, Max: 15378.4, Diff: 2.4]
      [Ext Root Scanning (ms): Min: 0.0, Avg: 0.5, Max: 0.8, Diff: 0.8, Sum: 4.2]
      [Update RS (ms): Min: 0.0, Avg: 0.4, Max: 0.6, Diff: 0.6, Sum: 3.2]
         [Processed Buffers: Min: 0, Avg: 3.4, Max: 7, Diff: 7, Sum: 27]
      [Scan RS (ms): Min: 0.0, Avg: 0.0, Max: 0.1, Diff: 0.1, Sum: 0.2]
      [Code Root Scanning (ms): Min: 0.0, Avg: 0.0, Max: 0.0, Diff: 0.0, Sum: 0.0]
      [Object Copy (ms): Min: 0.0, Avg: 0.8, Max: 1.0, Diff: 1.0, Sum: 6.1]
      [Termination (ms): Min: 0.0, Avg: 0.1, Max: 0.1, Diff: 0.1, Sum: 0.6]
      [GC Worker Other (ms): Min: 0.0, Avg: 0.0, Max: 0.0, Diff: 0.0, Sum: 0.0]
      [GC Worker Total (ms): Min: 0.0, Avg: 1.8, Max: 2.4, Diff: 2.4, Sum: 14.4]
      [GC Worker End (ms): Min: 15378.4, Avg: 15378.4, Max: 15378.4, Diff: 0.0]
   [Code Root Fixup: 0.0 ms]
   [Code Root Migration: 0.0 ms]
   [Clear CT: 0.0 ms]
   [Other: 0.1 ms]
      [Choose CSet: 0.0 ms]
      [Ref Proc: 0.1 ms]
      [Ref Enq: 0.0 ms]
      [Free CSet: 0.0 ms]
   [Eden: 2048.0K(2048.0K)->0.0B(2048.0K) Survivors: 1024.0K->1024.0K Heap: 56.7M(66.0M)->58.3M(66.0M)]
 [Times: user=0.01 sys=0.00, real=0.00 secs] 
15.379: Total time for which application threads were stopped: 0.0027990 seconds, Stopping threads took: 0.0000590 seconds
15.408: Application time: 0.0288930 seconds
15.408: [GC pause (young) (initial-mark), 0.0024930 secs]
   [Parallel Time: 2.3 ms, GC Workers: 8]
      [GC Worker Start (ms): Min: 15407.7, Avg: 15407.7, Max: 15407.7, Diff: 0.1]
      [Ext Root Scanning (ms): Min: 0.6, Avg: 0.7, Max: 1.2, Diff: 0.6, Sum: 5.9]
      [Code Root Marking (ms): Min: 0.0, Avg: 0.0, Max: 0.1, Diff: 0.1, Sum: 0.1]
      [Update RS (ms): Min: 0.1, Avg: 0.5, Max: 1.3, Diff: 1.2, Sum: 4.1]
         [Processed Buffers: Min: 1, Avg: 2.5, Max: 5, Diff: 4, Sum: 20]
      [Scan RS (ms): Min: 0.0, Avg: 0.0, Max: 0.0, Diff: 0.0, Sum: 0.0]
      [Code Root Scanning (ms): Min: 0.0, Avg: 0.0, Max: 0.0, Diff: 0.0, Sum: 0.0]
      [Object Copy (ms): Min: 0.1, Avg: 0.9, Max: 1.1, Diff: 1.0, Sum: 7.0]
      [Termination (ms): Min: 0.0, Avg: 0.1, Max: 0.1, Diff: 0.1, Sum: 0.7]
      [GC Worker Other (ms): Min: 0.0, Avg: 0.0, Max: 0.0, Diff: 0.0, Sum: 0.0]
      [GC Worker Total (ms): Min: 2.2, Avg: 2.2, Max: 2.2, Diff: 0.0, Sum: 17.8]
      [GC Worker End (ms): Min: 15409.9, Avg: 15409.9, Max: 15409.9, Diff: 0.0]
   [Code Root Fixup: 0.0 ms]
   [Code Root Migration: 0.0 ms]
   [Clear CT: 0.0 ms]
   [Other: 0.2 ms]
      [Choose CSet: 0.0 ms]
      [Ref Proc: 0.1 ms]
      [Ref Enq: 0.0 ms]
      [Free CSet: 0.0 ms]
   [Eden: 2048.0K(2048.0K)->0.0B(2048.0K) Survivors: 1024.0K->1024.0K Heap: 60.3M(66.0M)->60.3M(66.0M)]
 [Times: user=0.01 sys=0.01, real=0.00 secs] 
15.410: [GC concurrent-root-region-scan-start]
15.410: Total time for which application threads were stopped: 0.0026870 seconds, Stopping threads took: 0.0000620 seconds
15.411: [GC concurrent-root-region-scan-end, 0.0011590 secs]
15.411: [GC concurrent-mark-start]
15.441: Application time: 0.0308770 seconds
15.441: [GC pause (young), 0.0022460 secs]
   [Parallel Time: 2.0 ms, GC Workers: 8]
      [GC Worker Start (ms): Min: 15441.2, Avg: 15441.5, Max: 15443.2, Diff: 2.0]
      [Ext Root Scanning (ms): Min: 0.0, Avg: 0.6, Max: 0.8, Diff: 0.8, Sum: 4.6]
      [SATB Filtering (ms): Min: 0.0, Avg: 0.0, Max: 0.1, Diff: 0.1, Sum: 0.1]
      [Update RS (ms): Min: 0.0, Avg: 0.4, Max: 0.6, Diff: 0.6, Sum: 3.4]
         [Processed Buffers: Min: 0, Avg: 2.6, Max: 6, Diff: 6, Sum: 21]
      [Scan RS (ms): Min: 0.0, Avg: 0.0, Max: 0.0, Diff: 0.0, Sum: 0.0]
      [Code Root Scanning (ms): Min: 0.0, Avg: 0.0, Max: 0.0, Diff: 0.0, Sum: 0.0]
      [Object Copy (ms): Min: 0.0, Avg: 0.6, Max: 0.8, Diff: 0.8, Sum: 5.1]
      [Termination (ms): Min: 0.0, Avg: 0.1, Max: 0.1, Diff: 0.1, Sum: 0.6]
      [GC Worker Other (ms): Min: 0.0, Avg: 0.0, Max: 0.0, Diff: 0.0, Sum: 0.0]
      [GC Worker Total (ms): Min: 0.0, Avg: 1.7, Max: 2.0, Diff: 2.0, Sum: 13.8]
      [GC Worker End (ms): Min: 15443.2, Avg: 15443.2, Max: 15443.2, Diff: 0.0]
   [Code Root Fixup: 0.0 ms]
   [Code Root Migration: 0.0 ms]
   [Clear CT: 0.0 ms]
   [Other: 0.2 ms]
      [Choose CSet: 0.0 ms]
      [Ref Proc: 0.1 ms]
      [Ref Enq: 0.0 ms]
      [Free CSet: 0.0 ms]
   [Eden: 2048.0K(2048.0K)->0.0B(2048.0K) Survivors: 1024.0K->1024.0K Heap: 62.3M(66.0M)->61.7M(66.0M)]
 [Times: user=0.02 sys=0.00, real=0.01 secs] 
15.444: Total time for which application threads were stopped: 0.0024340 seconds, Stopping threads took: 0.0000690 seconds
15.462: Application time: 0.0188520 seconds
15.462: Total time for which application threads were stopped: 0.0000580 seconds, Stopping threads took: 0.0000370 seconds
15.463: Application time: 0.0005510 seconds
15.463: Total time for which application threads were stopped: 0.0000300 seconds, Stopping threads took: 0.0000220 seconds
15.464: Application time: 0.0012810 seconds
15.464: Total time for which application threads were stopped: 0.0000480 seconds, Stopping threads took: 0.0000330 seconds
15.464: Application time: 0.0000890 seconds
15.464: Total time for which application threads were stopped: 0.0000210 seconds, Stopping threads took: 0.0000130 seconds
15.465: [GC concurrent-mark-end, 0.0531710 secs]
15.465: Application time: 0.0000920 seconds
15.465: [GC remark 15.465: [GC ref-proc, 0.0001540 secs], 0.0009450 secs]
 [Times: user=0.00 sys=0.00, real=0.00 secs] 
15.466: Total time for which application threads were stopped: 0.0009970 seconds, Stopping threads took: 0.0000230 seconds
15.466: Application time: 0.0000250 seconds
15.466: [GC cleanup 62M->62M(66M), 0.0002380 secs]
 [Times: user=0.00 sys=0.00, real=0.00 secs] 
15.466: Total time for which application threads were stopped: 0.0002830 seconds, Stopping threads took: 0.0000220 seconds
15.471: Application time: 0.0051710 seconds
15.471: Total time for which application threads were stopped: 0.0000920 seconds, Stopping threads took: 0.0000520 seconds
15.471: Application time: 0.0000550 seconds
15.471: Total time for which application threads were stopped: 0.0000510 seconds, Stopping threads took: 0.0000250 seconds
15.474: Application time: 0.0029940 seconds
15.474: Total time for which application threads were stopped: 0.0000840 seconds, Stopping threads took: 0.0000570 seconds
15.481: Application time: 0.0063060 seconds
15.481: Total time for which application threads were stopped: 0.0000760 seconds, Stopping threads took: 0.0000550 seconds
15.483: Application time: 0.0023710 seconds
15.483: Total time for which application threads were stopped: 0.0000540 seconds, Stopping threads took: 0.0000430 seconds
15.483: Application time: 0.0000390 seconds
15.483: Total time for which application threads were stopped: 0.0000490 seconds, Stopping threads took: 0.0000300 seconds
15.483: Application time: 0.0000380 seconds
15.483: Total time for which application threads were stopped: 0.0000470 seconds, Stopping threads took: 0.0000330 seconds
15.485: Application time: 0.0011930 seconds
15.485: Total time for which application threads were stopped: 0.0000400 seconds, Stopping threads took: 0.0000290 seconds
15.487: Application time: 0.0020370 seconds
15.487: Total time for which application threads were stopped: 0.0000640 seconds, Stopping threads took: 0.0000380 seconds
15.487: Application time: 0.0000440 seconds
15.487: Total time for which application threads were stopped: 0.0000450 seconds, Stopping threads took: 0.0000340 seconds
15.491: Application time: 0.0046170 seconds
15.491: [GC pause (young), 0.0032120 secs]
   [Parallel Time: 3.0 ms, GC Workers: 8]
      [GC Worker Start (ms): Min: 15491.4, Avg: 15493.1, Max: 15494.1, Diff: 2.7]
      [Ext Root Scanning (ms): Min: 0.0, Avg: 0.4, Max: 1.1, Diff: 1.1, Sum: 3.4]
      [Update RS (ms): Min: 0.0, Avg: 0.3, Max: 0.7, Diff: 0.7, Sum: 2.0]
         [Processed Buffers: Min: 0, Avg: 2.2, Max: 8, Diff: 8, Sum: 18]
      [Scan RS (ms): Min: 0.0, Avg: 0.0, Max: 0.0, Diff: 0.0, Sum: 0.0]
      [Code Root Scanning (ms): Min: 0.0, Avg: 0.0, Max: 0.0, Diff: 0.0, Sum: 0.0]
      [Object Copy (ms): Min: 0.2, Avg: 0.5, Max: 1.1, Diff: 0.9, Sum: 4.4]
      [Termination (ms): Min: 0.0, Avg: 0.1, Max: 0.1, Diff: 0.1, Sum: 0.5]
      [GC Worker Other (ms): Min: 0.0, Avg: 0.0, Max: 0.0, Diff: 0.0, Sum: 0.0]
      [GC Worker Total (ms): Min: 0.3, Avg: 1.3, Max: 3.0, Diff: 2.7, Sum: 10.3]
      [GC Worker End (ms): Min: 15494.4, Avg: 15494.4, Max: 15494.4, Diff: 0.0]
   [Code Root Fixup: 0.0 ms]
   [Code Root Migration: 0.0 ms]
   [Clear CT: 0.0 ms]
   [Other: 0.2 ms]
      [Choose CSet: 0.0 ms]
      [Ref Proc: 0.1 ms]
      [Ref Enq: 0.0 ms]
      [Free CSet: 0.0 ms]
   [Eden: 2048.0K(2048.0K)->0.0B(2048.0K) Survivors: 1024.0K->1024.0K Heap: 63.7M(66.0M)->64.0M(68.0M)]
 [Times: user=0.00 sys=0.01, real=0.00 secs] 
15.495: Total time for which application threads were stopped: 0.0033500 seconds, Stopping threads took: 0.0000340 seconds
15.508: Application time: 0.0133900 seconds
15.508: Total time for which application threads were stopped: 0.0000780 seconds, Stopping threads took: 0.0000550 seconds
15.519: Application time: 0.0108610 seconds
15.519: Total time for which application threads were stopped: 0.0000670 seconds, Stopping threads took: 0.0000410 seconds
15.519: Application time: 0.0003030 seconds
15.523: Total time for which application threads were stopped: 0.0039450 seconds, Stopping threads took: 0.0039350 seconds
15.525: Application time: 0.0013070 seconds
15.525: Total time for which application threads were stopped: 0.0000710 seconds, Stopping threads took: 0.0000540 seconds
15.525: Application time: 0.0000290 seconds
15.525: Total time for which application threads were stopped: 0.0000430 seconds, Stopping threads took: 0.0000280 seconds
15.537: Application time: 0.0126050 seconds
15.537: [GC pause (mixed), 0.0032260 secs]
   [Parallel Time: 3.0 ms, GC Workers: 8]
      [GC Worker Start (ms): Min: 15537.5, Avg: 15537.5, Max: 15537.6, Diff: 0.1]
      [Ext Root Scanning (ms): Min: 0.6, Avg: 0.8, Max: 1.2, Diff: 0.6, Sum: 6.0]
      [Update RS (ms): Min: 0.0, Avg: 0.5, Max: 1.1, Diff: 1.1, Sum: 3.6]
         [Processed Buffers: Min: 0, Avg: 2.6, Max: 4, Diff: 4, Sum: 21]
      [Scan RS (ms): Min: 0.0, Avg: 0.1, Max: 0.2, Diff: 0.2, Sum: 1.0]
      [Code Root Scanning (ms): Min: 0.0, Avg: 0.0, Max: 0.0, Diff: 0.0, Sum: 0.0]
      [Object Copy (ms): Min: 1.1, Avg: 1.5, Max: 1.7, Diff: 0.5, Sum: 12.1]
      [Termination (ms): Min: 0.0, Avg: 0.1, Max: 0.1, Diff: 0.1, Sum: 0.4]
      [GC Worker Other (ms): Min: 0.0, Avg: 0.0, Max: 0.0, Diff: 0.0, Sum: 0.1]
      [GC Worker Total (ms): Min: 2.9, Avg: 2.9, Max: 2.9, Diff: 0.1, Sum: 23.3]
      [GC Worker End (ms): Min: 15540.5, Avg: 15540.5, Max: 15540.5, Diff: 0.0]
   [Code Root Fixup: 0.0 ms]
   [Code Root Migration: 0.0 ms]
   [Clear CT: 0.0 ms]
   [Other: 0.2 ms]
      [Choose CSet: 0.0 ms]
      [Ref Proc: 0.1 ms]
      [Ref Enq: 0.0 ms]
      [Free CSet: 0.0 ms]
   [Eden: 2048.0K(2048.0K)->0.0B(2048.0K) Survivors: 1024.0K->1024.0K Heap: 66.0M(68.0M)->61.1M(72.0M)]
 [Times: user=0.03 sys=0.00, real=0.00 secs] 
15.541: Total time for which application threads were stopped: 0.0034100 seconds, Stopping threads took: 0.0000420 seconds
15.551: Application time: 0.0105100 seconds
15.551: Total time for which application threads were stopped: 0.0000660 seconds, Stopping threads took: 0.0000420 seconds
15.554: Application time: 0.0028170 seconds
15.554: Total time for which application threads were stopped: 0.0000550 seconds, Stopping threads took: 0.0000390 seconds
15.554: Application time: 0.0000120 seconds
15.554: Total time for which application threads were stopped: 0.0000270 seconds, Stopping threads took: 0.0000190 seconds
15.578: Application time: 0.0241000 seconds
15.579: [GC pause (mixed), 0.0041390 secs]
   [Parallel Time: 3.9 ms, GC Workers: 8]
      [GC Worker Start (ms): Min: 15578.6, Avg: 15578.6, Max: 15578.6, Diff: 0.0]
      [Ext Root Scanning (ms): Min: 0.7, Avg: 1.1, Max: 3.9, Diff: 3.2, Sum: 9.1]
      [Update RS (ms): Min: 0.0, Avg: 0.8, Max: 1.0, Diff: 1.0, Sum: 6.6]
         [Processed Buffers: Min: 0, Avg: 4.2, Max: 8, Diff: 8, Sum: 34]
      [Scan RS (ms): Min: 0.0, Avg: 0.2, Max: 0.2, Diff: 0.2, Sum: 1.3]
      [Code Root Scanning (ms): Min: 0.0, Avg: 0.0, Max: 0.0, Diff: 0.0, Sum: 0.0]
      [Object Copy (ms): Min: 0.0, Avg: 1.6, Max: 1.9, Diff: 1.9, Sum: 13.1]
      [Termination (ms): Min: 0.0, Avg: 0.1, Max: 0.1, Diff: 0.1, Sum: 0.7]
      [GC Worker Other (ms): Min: 0.0, Avg: 0.0, Max: 0.0, Diff: 0.0, Sum: 0.0]
      [GC Worker Total (ms): Min: 3.8, Avg: 3.9, Max: 3.9, Diff: 0.0, Sum: 30.9]
      [GC Worker End (ms): Min: 15582.4, Avg: 15582.5, Max: 15582.5, Diff: 0.0]
   [Code Root Fixup: 0.0 ms]
   [Code Root Migration: 0.0 ms]
   [Clear CT: 0.0 ms]
   [Other: 0.2 ms]
      [Choose CSet: 0.0 ms]
      [Ref Proc: 0.1 ms]
      [Ref Enq: 0.0 ms]
      [Free CSet: 0.0 ms]
   [Eden: 2048.0K(2048.0K)->0.0B(2048.0K) Survivors: 1024.0K->1024.0K Heap: 63.1M(72.0M)->59.6M(72.0M)]
 [Times: user=0.03 sys=0.00, real=0.00 secs] 
15.583: Total time for which application threads were stopped: 0.0043280 seconds, Stopping threads took: 0.0000640 seconds
15.631: Application time: 0.0478110 seconds
15.631: [GC pause (mixed), 0.0045820 secs]
   [Parallel Time: 4.3 ms, GC Workers: 8]
      [GC Worker Start (ms): Min: 15630.7, Avg: 15630.7, Max: 15630.7, Diff: 0.0]
      [Ext Root Scanning (ms): Min: 0.7, Avg: 0.8, Max: 1.2, Diff: 0.6, Sum: 6.6]
      [Update RS (ms): Min: 0.5, Avg: 1.2, Max: 3.3, Diff: 2.8, Sum: 9.7]
         [Processed Buffers: Min: 1, Avg: 4.1, Max: 7, Diff: 6, Sum: 33]
      [Scan RS (ms): Min: 0.0, Avg: 0.2, Max: 0.3, Diff: 0.3, Sum: 1.7]
      [Code Root Scanning (ms): Min: 0.0, Avg: 0.0, Max: 0.0, Diff: 0.0, Sum: 0.0]
      [Object Copy (ms): Min: 0.1, Avg: 1.8, Max: 2.1, Diff: 2.0, Sum: 14.4]
      [Termination (ms): Min: 0.0, Avg: 0.2, Max: 0.2, Diff: 0.2, Sum: 1.3]
      [GC Worker Other (ms): Min: 0.0, Avg: 0.0, Max: 0.0, Diff: 0.0, Sum: 0.1]
      [GC Worker Total (ms): Min: 4.2, Avg: 4.2, Max: 4.2, Diff: 0.0, Sum: 33.8]
      [GC Worker End (ms): Min: 15634.9, Avg: 15634.9, Max: 15635.0, Diff: 0.0]
   [Code Root Fixup: 0.0 ms]
   [Code Root Migration: 0.0 ms]
   [Clear CT: 0.1 ms]
   [Other: 0.2 ms]
      [Choose CSet: 0.0 ms]
      [Ref Proc: 0.1 ms]
      [Ref Enq: 0.0 ms]
      [Free CSet: 0.0 ms]
   [Eden: 2048.0K(2048.0K)->0.0B(2048.0K) Survivors: 1024.0K->1024.0K Heap: 61.6M(72.0M)->62.2M(72.0M)]
 [Times: user=0.04 sys=0.00, real=0.01 secs] 
15.635: Total time for which application threads were stopped: 0.0047600 seconds, Stopping threads took: 0.0000460 seconds
15.682: Application time: 0.0464770 seconds
15.682: [GC pause (young), 0.0036650 secs]
   [Parallel Time: 3.3 ms, GC Workers: 8]
      [GC Worker Start (ms): Min: 15682.0, Avg: 15682.0, Max: 15682.0, Diff: 0.1]
      [Ext Root Scanning (ms): Min: 0.6, Avg: 1.4, Max: 3.3, Diff: 2.6, Sum: 11.1]
      [Update RS (ms): Min: 0.0, Avg: 0.9, Max: 1.2, Diff: 1.2, Sum: 7.0]
         [Processed Buffers: Min: 0, Avg: 4.4, Max: 10, Diff: 10, Sum: 35]
      [Scan RS (ms): Min: 0.0, Avg: 0.0, Max: 0.1, Diff: 0.1, Sum: 0.1]
      [Code Root Scanning (ms): Min: 0.0, Avg: 0.0, Max: 0.0, Diff: 0.0, Sum: 0.0]
      [Object Copy (ms): Min: 0.0, Avg: 0.9, Max: 1.2, Diff: 1.2, Sum: 7.0]
      [Termination (ms): Min: 0.0, Avg: 0.1, Max: 0.2, Diff: 0.2, Sum: 1.1]
      [GC Worker Other (ms): Min: 0.0, Avg: 0.0, Max: 0.0, Diff: 0.0, Sum: 0.0]
      [GC Worker Total (ms): Min: 3.3, Avg: 3.3, Max: 3.3, Diff: 0.1, Sum: 26.2]
      [GC Worker End (ms): Min: 15685.3, Avg: 15685.3, Max: 15685.3, Diff: 0.0]
   [Code Root Fixup: 0.0 ms]
   [Code Root Migration: 0.0 ms]
   [Clear CT: 0.0 ms]
   [Other: 0.3 ms]
      [Choose CSet: 0.0 ms]
      [Ref Proc: 0.2 ms]
      [Ref Enq: 0.0 ms]
      [Free CSet: 0.0 ms]
   [Eden: 2048.0K(2048.0K)->0.0B(2048.0K) Survivors: 1024.0K->1024.0K Heap: 64.2M(72.0M)->64.9M(72.0M)]
 [Times: user=0.03 sys=0.00, real=0.01 secs] 
15.686: Total time for which application threads were stopped: 0.0039130 seconds, Stopping threads took: 0.0000830 seconds
15.725: Application time: 0.0396530 seconds
15.725: [GC pause (young) (initial-mark), 0.0032850 secs]
   [Parallel Time: 3.0 ms, GC Workers: 8]
      [GC Worker Start (ms): Min: 15725.5, Avg: 15726.5, Max: 15728.4, Diff: 2.9]
      [Ext Root Scanning (ms): Min: 0.0, Avg: 0.4, Max: 0.7, Diff: 0.7, Sum: 3.4]
      [Code Root Marking (ms): Min: 0.0, Avg: 0.0, Max: 0.0, Diff: 0.0, Sum: 0.2]
      [Update RS (ms): Min: 0.0, Avg: 0.4, Max: 0.6, Diff: 0.6, Sum: 2.9]
         [Processed Buffers: Min: 0, Avg: 2.5, Max: 9, Diff: 9, Sum: 20]
      [Scan RS (ms): Min: 0.0, Avg: 0.0, Max: 0.0, Diff: 0.0, Sum: 0.0]
      [Code Root Scanning (ms): Min: 0.0, Avg: 0.0, Max: 0.0, Diff: 0.0, Sum: 0.0]
      [Object Copy (ms): Min: 0.0, Avg: 1.1, Max: 1.6, Diff: 1.6, Sum: 8.7]
      [Termination (ms): Min: 0.0, Avg: 0.1, Max: 0.1, Diff: 0.1, Sum: 0.6]
      [GC Worker Other (ms): Min: 0.0, Avg: 0.0, Max: 0.0, Diff: 0.0, Sum: 0.0]
      [GC Worker Total (ms): Min: 0.0, Avg: 2.0, Max: 2.9, Diff: 2.9, Sum: 15.7]
      [GC Worker End (ms): Min: 15728.4, Avg: 15728.4, Max: 15728.4, Diff: 0.0]
   [Code Root Fixup: 0.0 ms]
   [Code Root Migration: 0.0 ms]
   [Clear CT: 0.0 ms]
   [Other: 0.3 ms]
      [Choose CSet: 0.0 ms]
      [Ref Proc: 0.2 ms]
      [Ref Enq: 0.0 ms]
      [Free CSet: 0.0 ms]
   [Eden: 2048.0K(2048.0K)->0.0B(2048.0K) Survivors: 1024.0K->1024.0K Heap: 66.9M(72.0M)->66.9M(72.0M)]
 [Times: user=0.02 sys=0.00, real=0.00 secs] 
15.729: [GC concurrent-root-region-scan-start]
15.729: Total time for which application threads were stopped: 0.0034930 seconds, Stopping threads took: 0.0000380 seconds
15.731: [GC concurrent-root-region-scan-end, 0.0017000 secs]
15.731: [GC concurrent-mark-start]
15.773: Application time: 0.0444410 seconds
15.773: [GC pause (young), 0.0030250 secs]
   [Parallel Time: 2.7 ms, GC Workers: 8]
      [GC Worker Start (ms): Min: 15773.4, Avg: 15774.0, Max: 15776.1, Diff: 2.7]
      [Ext Root Scanning (ms): Min: 0.0, Avg: 0.5, Max: 0.8, Diff: 0.8, Sum: 4.2]
      [SATB Filtering (ms): Min: 0.0, Avg: 0.0, Max: 0.1, Diff: 0.1, Sum: 0.1]
      [Update RS (ms): Min: 0.0, Avg: 0.5, Max: 0.8, Diff: 0.8, Sum: 4.0]
         [Processed Buffers: Min: 0, Avg: 2.6, Max: 11, Diff: 11, Sum: 21]
      [Scan RS (ms): Min: 0.0, Avg: 0.0, Max: 0.0, Diff: 0.0, Sum: 0.0]
      [Code Root Scanning (ms): Min: 0.0, Avg: 0.0, Max: 0.0, Diff: 0.0, Sum: 0.0]
      [Object Copy (ms): Min: 0.0, Avg: 1.0, Max: 1.4, Diff: 1.4, Sum: 8.2]
      [Termination (ms): Min: 0.0, Avg: 0.1, Max: 0.1, Diff: 0.1, Sum: 0.6]
      [GC Worker Other (ms): Min: 0.0, Avg: 0.0, Max: 0.0, Diff: 0.0, Sum: 0.0]
      [GC Worker Total (ms): Min: 0.0, Avg: 2.1, Max: 2.7, Diff: 2.7, Sum: 17.1]
      [GC Worker End (ms): Min: 15776.1, Avg: 15776.2, Max: 15776.2, Diff: 0.0]
   [Code Root Fixup: 0.0 ms]
   [Code Root Migration: 0.0 ms]
   [Clear CT: 0.0 ms]
   [Other: 0.2 ms]
      [Choose CSet: 0.0 ms]
      [Ref Proc: 0.2 ms]
      [Ref Enq: 0.0 ms]
      [Free CSet: 0.0 ms]
   [Eden: 2048.0K(2048.0K)->0.0B(2048.0K) Survivors: 1024.0K->1024.0K Heap: 68.9M(72.0M)->69.0M(73.0M)]
 [Times: user=0.03 sys=0.00, real=0.00 secs] 
15.777: Total time for which application threads were stopped: 0.0031990 seconds, Stopping threads took: 0.0000490 seconds
15.801: [GC concurrent-mark-end, 0.0708100 secs]
15.801: Application time: 0.0248920 seconds
15.801: [GC remark 15.802: [GC ref-proc, 0.0001130 secs], 0.0008220 secs]
 [Times: user=0.00 sys=0.00, real=0.00 secs] 
15.802: Total time for which application threads were stopped: 0.0009110 seconds, Stopping threads took: 0.0000520 seconds
15.802: Application time: 0.0000210 seconds
15.802: [GC cleanup 70M->70M(73M), 0.0002930 secs]
 [Times: user=0.00 sys=0.00, real=0.00 secs] 
15.803: Total time for which application threads were stopped: 0.0003420 seconds, Stopping threads took: 0.0000310 seconds
15.819: Application time: 0.0164130 seconds
15.819: [GC pause (young), 0.0028500 secs]
   [Parallel Time: 2.6 ms, GC Workers: 8]
      [GC Worker Start (ms): Min: 15819.2, Avg: 15819.5, Max: 15821.1, Diff: 1.9]
      [Ext Root Scanning (ms): Min: 0.0, Avg: 0.6, Max: 0.8, Diff: 0.8, Sum: 4.8]
      [Update RS (ms): Min: 0.0, Avg: 0.5, Max: 0.7, Diff: 0.7, Sum: 4.3]
         [Processed Buffers: Min: 0, Avg: 3.0, Max: 5, Diff: 5, Sum: 24]
      [Scan RS (ms): Min: 0.0, Avg: 0.0, Max: 0.0, Diff: 0.0, Sum: 0.0]
      [Code Root Scanning (ms): Min: 0.0, Avg: 0.0, Max: 0.0, Diff: 0.0, Sum: 0.0]
      [Object Copy (ms): Min: 0.6, Avg: 1.1, Max: 1.2, Diff: 0.6, Sum: 8.6]
      [Termination (ms): Min: 0.0, Avg: 0.1, Max: 0.1, Diff: 0.1, Sum: 0.5]
      [GC Worker Other (ms): Min: 0.0, Avg: 0.0, Max: 0.0, Diff: 0.0, Sum: 0.0]
      [GC Worker Total (ms): Min: 0.6, Avg: 2.3, Max: 2.5, Diff: 1.9, Sum: 18.2]
      [GC Worker End (ms): Min: 15821.8, Avg: 15821.8, Max: 15821.8, Diff: 0.0]
   [Code Root Fixup: 0.0 ms]
   [Code Root Migration: 0.0 ms]
   [Clear CT: 0.0 ms]
   [Other: 0.2 ms]
      [Choose CSet: 0.0 ms]
      [Ref Proc: 0.2 ms]
      [Ref Enq: 0.0 ms]
      [Free CSet: 0.0 ms]
   [Eden: 2048.0K(2048.0K)->0.0B(2048.0K) Survivors: 1024.0K->1024.0K Heap: 71.0M(73.0M)->71.1M(75.0M)]
 [Times: user=0.02 sys=0.00, real=0.00 secs] 
15.822: Total time for which application threads were stopped: 0.0030590 seconds, Stopping threads took: 0.0000510 seconds
15.827: Application time: 0.0053310 seconds
15.828: Total time for which application threads were stopped: 0.0000800 seconds, Stopping threads took: 0.0000540 seconds
15.837: Application time: 0.0096090 seconds
15.837: Total time for which application threads were stopped: 0.0001550 seconds, Stopping threads took: 0.0000560 seconds
15.849: Application time: 0.0114530 seconds
15.849: Total time for which application threads were stopped: 0.0001310 seconds, Stopping threads took: 0.0000730 seconds
15.851: Application time: 0.0020690 seconds
15.851: [GC pause (mixed), 0.0040410 secs]
   [Parallel Time: 3.7 ms, GC Workers: 8]
      [GC Worker Start (ms): Min: 15851.1, Avg: 15851.6, Max: 15852.8, Diff: 1.7]
      [Ext Root Scanning (ms): Min: 0.0, Avg: 0.5, Max: 0.8, Diff: 0.8, Sum: 4.1]
      [Update RS (ms): Min: 0.0, Avg: 0.5, Max: 0.8, Diff: 0.8, Sum: 3.6]
         [Processed Buffers: Min: 0, Avg: 3.1, Max: 6, Diff: 6, Sum: 25]
      [Scan RS (ms): Min: 0.0, Avg: 0.2, Max: 0.3, Diff: 0.3, Sum: 1.5]
      [Code Root Scanning (ms): Min: 0.0, Avg: 0.0, Max: 0.0, Diff: 0.0, Sum: 0.0]
      [Object Copy (ms): Min: 1.8, Avg: 1.9, Max: 2.0, Diff: 0.2, Sum: 15.5]
      [Termination (ms): Min: 0.0, Avg: 0.1, Max: 0.1, Diff: 0.1, Sum: 0.5]
      [GC Worker Other (ms): Min: 0.0, Avg: 0.0, Max: 0.0, Diff: 0.0, Sum: 0.1]
      [GC Worker Total (ms): Min: 1.9, Avg: 3.1, Max: 3.6, Diff: 1.7, Sum: 25.2]
      [GC Worker End (ms): Min: 15854.7, Avg: 15854.7, Max: 15854.7, Diff: 0.0]
   [Code Root Fixup: 0.0 ms]
   [Code Root Migration: 0.0 ms]
   [Clear CT: 0.1 ms]
   [Other: 0.3 ms]
      [Choose CSet: 0.0 ms]
      [Ref Proc: 0.1 ms]
      [Ref Enq: 0.0 ms]
      [Free CSet: 0.1 ms]
   [Eden: 2048.0K(2048.0K)->0.0B(2048.0K) Survivors: 1024.0K->1024.0K Heap: 73.1M(75.0M)->67.2M(79.0M)]
 [Times: user=0.03 sys=0.00, real=0.01 secs] 
15.855: Total time for which application threads were stopped: 0.0042990 seconds, Stopping threads took: 0.0000320 seconds
15.883: Application time: 0.0280530 seconds
15.883: Total time for which application threads were stopped: 0.0000890 seconds, Stopping threads took: 0.0000570 seconds
15.883: Application time: 0.0000420 seconds
15.884: Total time for which application threads were stopped: 0.0000450 seconds, Stopping threads took: 0.0000300 seconds
15.884: Application time: 0.0000320 seconds
15.884: Total time for which application threads were stopped: 0.0000510 seconds, Stopping threads took: 0.0000380 seconds
15.884: Application time: 0.0000430 seconds
15.887: Total time for which application threads were stopped: 0.0037490 seconds, Stopping threads took: 0.0037220 seconds
15.888: Application time: 0.0001090 seconds
15.888: Total time for which application threads were stopped: 0.0000620 seconds, Stopping threads took: 0.0000410 seconds
15.888: Application time: 0.0000400 seconds
15.891: Total time for which application threads were stopped: 0.0037330 seconds, Stopping threads took: 0.0037130 seconds
15.891: Application time: 0.0000440 seconds
15.891: Total time for which application threads were stopped: 0.0000450 seconds, Stopping threads took: 0.0000270 seconds
15.892: Application time: 0.0000510 seconds
15.892: Total time for which application threads were stopped: 0.0003400 seconds, Stopping threads took: 0.0003210 seconds
15.894: Application time: 0.0019400 seconds
15.894: [GC pause (mixed), 0.0065670 secs]
   [Parallel Time: 6.2 ms, GC Workers: 8]
      [GC Worker Start (ms): Min: 15893.9, Avg: 15893.9, Max: 15893.9, Diff: 0.0]
      [Ext Root Scanning (ms): Min: 0.7, Avg: 0.9, Max: 1.4, Diff: 0.8, Sum: 6.8]
      [Update RS (ms): Min: 1.3, Avg: 2.2, Max: 5.4, Diff: 4.2, Sum: 18.0]
         [Processed Buffers: Min: 1, Avg: 4.9, Max: 10, Diff: 9, Sum: 39]
      [Scan RS (ms): Min: 0.0, Avg: 0.3, Max: 0.5, Diff: 0.5, Sum: 2.7]
      [Code Root Scanning (ms): Min: 0.0, Avg: 0.0, Max: 0.0, Diff: 0.0, Sum: 0.0]
      [Object Copy (ms): Min: 0.0, Avg: 2.6, Max: 3.4, Diff: 3.4, Sum: 20.5]
      [Termination (ms): Min: 0.0, Avg: 0.2, Max: 0.2, Diff: 0.2, Sum: 1.4]
      [GC Worker Other (ms): Min: 0.0, Avg: 0.0, Max: 0.0, Diff: 0.0, Sum: 0.0]
      [GC Worker Total (ms): Min: 6.2, Avg: 6.2, Max: 6.2, Diff: 0.0, Sum: 49.4]
      [GC Worker End (ms): Min: 15900.1, Avg: 15900.1, Max: 15900.1, Diff: 0.0]
   [Code Root Fixup: 0.0 ms]
   [Code Root Migration: 0.0 ms]
   [Clear CT: 0.1 ms]
   [Other: 0.3 ms]
      [Choose CSet: 0.0 ms]
      [Ref Proc: 0.1 ms]
      [Ref Enq: 0.0 ms]
      [Free CSet: 0.0 ms]
   [Eden: 2048.0K(2048.0K)->0.0B(2048.0K) Survivors: 1024.0K->1024.0K Heap: 69.2M(79.0M)->67.5M(79.0M)]
 [Times: user=0.05 sys=0.00, real=0.00 secs] 
15.901: Total time for which application threads were stopped: 0.0067080 seconds, Stopping threads took: 0.0000330 seconds
15.903: Application time: 0.0020190 seconds
15.903: Total time for which application threads were stopped: 0.0000640 seconds, Stopping threads took: 0.0000330 seconds
15.903: Application time: 0.0000460 seconds
15.903: Total time for which application threads were stopped: 0.0000520 seconds, Stopping threads took: 0.0000350 seconds
15.922: Application time: 0.0197850 seconds
15.923: [GC pause (young), 0.0037350 secs]
   [Parallel Time: 3.5 ms, GC Workers: 8]
      [GC Worker Start (ms): Min: 15922.6, Avg: 15922.6, Max: 15922.7, Diff: 0.0]
      [Ext Root Scanning (ms): Min: 0.6, Avg: 1.4, Max: 3.5, Diff: 2.9, Sum: 11.1]
      [Update RS (ms): Min: 0.0, Avg: 1.3, Max: 2.0, Diff: 2.0, Sum: 10.1]
         [Processed Buffers: Min: 0, Avg: 5.6, Max: 10, Diff: 10, Sum: 45]
      [Scan RS (ms): Min: 0.0, Avg: 0.0, Max: 0.0, Diff: 0.0, Sum: 0.1]
      [Code Root Scanning (ms): Min: 0.0, Avg: 0.0, Max: 0.0, Diff: 0.0, Sum: 0.0]
      [Object Copy (ms): Min: 0.0, Avg: 0.6, Max: 0.9, Diff: 0.9, Sum: 5.0]
      [Termination (ms): Min: 0.0, Avg: 0.2, Max: 0.2, Diff: 0.2, Sum: 1.3]
      [GC Worker Other (ms): Min: 0.0, Avg: 0.0, Max: 0.0, Diff: 0.0, Sum: 0.0]
      [GC Worker Total (ms): Min: 3.4, Avg: 3.5, Max: 3.5, Diff: 0.1, Sum: 27.6]
      [GC Worker End (ms): Min: 15926.1, Avg: 15926.1, Max: 15926.1, Diff: 0.0]
   [Code Root Fixup: 0.0 ms]
   [Code Root Migration: 0.0 ms]
   [Clear CT: 0.0 ms]
   [Other: 0.2 ms]
      [Choose CSet: 0.0 ms]
      [Ref Proc: 0.1 ms]
      [Ref Enq: 0.0 ms]
      [Free CSet: 0.0 ms]
   [Eden: 2048.0K(2048.0K)->0.0B(2048.0K) Survivors: 1024.0K->1024.0K Heap: 69.5M(79.0M)->70.9M(79.0M)]
 [Times: user=0.03 sys=0.00, real=0.01 secs] 
15.926: Total time for which application threads were stopped: 0.0039190 seconds, Stopping threads took: 0.0000560 seconds
15.949: Application time: 0.0221270 seconds
15.949: [GC pause (young) (initial-mark), 0.0025410 secs]
   [Parallel Time: 2.4 ms, GC Workers: 8]
      [GC Worker Start (ms): Min: 15948.6, Avg: 15949.2, Max: 15951.0, Diff: 2.3]
      [Ext Root Scanning (ms): Min: 0.0, Avg: 0.5, Max: 0.8, Diff: 0.8, Sum: 4.0]
      [Code Root Marking (ms): Min: 0.0, Avg: 0.0, Max: 0.1, Diff: 0.1, Sum: 0.2]
      [Update RS (ms): Min: 0.0, Avg: 0.4, Max: 0.6, Diff: 0.6, Sum: 2.9]
         [Processed Buffers: Min: 0, Avg: 2.5, Max: 5, Diff: 5, Sum: 20]
      [Scan RS (ms): Min: 0.0, Avg: 0.0, Max: 0.0, Diff: 0.0, Sum: 0.0]
      [Code Root Scanning (ms): Min: 0.0, Avg: 0.0, Max: 0.0, Diff: 0.0, Sum: 0.0]
      [Object Copy (ms): Min: 0.0, Avg: 0.8, Max: 1.1, Diff: 1.1, Sum: 6.3]
      [Termination (ms): Min: 0.0, Avg: 0.1, Max: 0.1, Diff: 0.1, Sum: 0.6]
      [GC Worker Other (ms): Min: 0.0, Avg: 0.0, Max: 0.0, Diff: 0.0, Sum: 0.0]
      [GC Worker Total (ms): Min: 0.0, Avg: 1.8, Max: 2.4, Diff: 2.3, Sum: 14.0]
      [GC Worker End (ms): Min: 15951.0, Avg: 15951.0, Max: 15951.0, Diff: 0.0]
   [Code Root Fixup: 0.0 ms]
   [Code Root Migration: 0.0 ms]
   [Clear CT: 0.0 ms]
   [Other: 0.1 ms]
      [Choose CSet: 0.0 ms]
      [Ref Proc: 0.1 ms]
      [Ref Enq: 0.0 ms]
      [Free CSet: 0.0 ms]
   [Eden: 2048.0K(2048.0K)->0.0B(2048.0K) Survivors: 1024.0K->1024.0K Heap: 72.9M(79.0M)->72.4M(79.0M)]
 [Times: user=0.02 sys=0.00, real=0.00 secs] 
15.951: [GC concurrent-root-region-scan-start]
15.951: Total time for which application threads were stopped: 0.0027050 seconds, Stopping threads took: 0.0000430 seconds
15.953: [GC concurrent-root-region-scan-end, 0.0014280 secs]
15.953: [GC concurrent-mark-start]
15.979: Application time: 0.0278370 seconds
15.979: [GC pause (young), 0.0033410 secs]
   [Parallel Time: 3.1 ms, GC Workers: 8]
      [GC Worker Start (ms): Min: 15979.2, Avg: 15979.2, Max: 15979.2, Diff: 0.0]
      [Ext Root Scanning (ms): Min: 0.6, Avg: 1.2, Max: 3.0, Diff: 2.4, Sum: 9.9]
      [SATB Filtering (ms): Min: 0.0, Avg: 0.0, Max: 0.1, Diff: 0.1, Sum: 0.1]
      [Update RS (ms): Min: 0.0, Avg: 0.4, Max: 0.7, Diff: 0.7, Sum: 3.4]
         [Processed Buffers: Min: 0, Avg: 2.6, Max: 6, Diff: 6, Sum: 21]
      [Scan RS (ms): Min: 0.0, Avg: 0.0, Max: 0.0, Diff: 0.0, Sum: 0.0]
      [Code Root Scanning (ms): Min: 0.0, Avg: 0.0, Max: 0.0, Diff: 0.0, Sum: 0.0]
      [Object Copy (ms): Min: 0.0, Avg: 0.7, Max: 1.0, Diff: 1.0, Sum: 5.9]
      [Termination (ms): Min: 0.0, Avg: 0.6, Max: 0.8, Diff: 0.8, Sum: 5.2]
      [GC Worker Other (ms): Min: 0.0, Avg: 0.0, Max: 0.0, Diff: 0.0, Sum: 0.0]
      [GC Worker Total (ms): Min: 3.0, Avg: 3.1, Max: 3.1, Diff: 0.1, Sum: 24.5]
      [GC Worker End (ms): Min: 15982.3, Avg: 15982.3, Max: 15982.3, Diff: 0.0]
   [Code Root Fixup: 0.0 ms]
   [Code Root Migration: 0.0 ms]
   [Clear CT: 0.0 ms]
   [Other: 0.2 ms]
      [Choose CSet: 0.0 ms]
      [Ref Proc: 0.1 ms]
      [Ref Enq: 0.0 ms]
      [Free CSet: 0.0 ms]
   [Eden: 2048.0K(2048.0K)->0.0B(2048.0K) Survivors: 1024.0K->1024.0K Heap: 74.4M(79.0M)->73.9M(79.0M)]
 [Times: user=0.03 sys=0.00, real=0.00 secs] 
15.983: Total time for which application threads were stopped: 0.0035010 seconds, Stopping threads took: 0.0000340 seconds
16.009: Application time: 0.0261380 seconds
16.009: [GC pause (young), 0.0027070 secs]
   [Parallel Time: 2.4 ms, GC Workers: 8]
      [GC Worker Start (ms): Min: 16008.9, Avg: 16008.9, Max: 16008.9, Diff: 0.1]
      [Ext Root Scanning (ms): Min: 0.6, Avg: 1.1, Max: 2.3, Diff: 1.7, Sum: 9.1]
      [SATB Filtering (ms): Min: 0.0, Avg: 0.0, Max: 0.0, Diff: 0.0, Sum: 0.0]
      [Update RS (ms): Min: 0.0, Avg: 0.4, Max: 0.7, Diff: 0.7, Sum: 3.4]
         [Processed Buffers: Min: 0, Avg: 2.6, Max: 5, Diff: 5, Sum: 21]
      [Scan RS (ms): Min: 0.0, Avg: 0.0, Max: 0.0, Diff: 0.0, Sum: 0.0]
      [Code Root Scanning (ms): Min: 0.0, Avg: 0.0, Max: 0.0, Diff: 0.0, Sum: 0.0]
      [Object Copy (ms): Min: 0.0, Avg: 0.7, Max: 1.0, Diff: 1.0, Sum: 5.5]
      [Termination (ms): Min: 0.0, Avg: 0.1, Max: 0.1, Diff: 0.1, Sum: 0.6]
      [GC Worker Other (ms): Min: 0.0, Avg: 0.0, Max: 0.0, Diff: 0.0, Sum: 0.0]
      [GC Worker Total (ms): Min: 2.3, Avg: 2.3, Max: 2.4, Diff: 0.1, Sum: 18.7]
      [GC Worker End (ms): Min: 16011.2, Avg: 16011.2, Max: 16011.2, Diff: 0.0]
   [Code Root Fixup: 0.0 ms]
   [Code Root Migration: 0.0 ms]
   [Clear CT: 0.1 ms]
   [Other: 0.2 ms]
      [Choose CSet: 0.0 ms]
      [Ref Proc: 0.2 ms]
      [Ref Enq: 0.0 ms]
      [Free CSet: 0.0 ms]
   [Eden: 2048.0K(2048.0K)->0.0B(2048.0K) Survivors: 1024.0K->1024.0K Heap: 75.9M(79.0M)->75.1M(79.0M)]
 [Times: user=0.02 sys=0.00, real=0.01 secs] 
16.012: Total time for which application threads were stopped: 0.0029030 seconds, Stopping threads took: 0.0000780 seconds
16.037: Application time: 0.0249890 seconds
16.039: [GC pause (young), 0.0023960 secs]
   [Parallel Time: 2.1 ms, GC Workers: 8]
      [GC Worker Start (ms): Min: 16039.4, Avg: 16039.5, Max: 16039.5, Diff: 0.1]
      [Ext Root Scanning (ms): Min: 0.6, Avg: 0.9, Max: 2.0, Diff: 1.4, Sum: 7.1]
      [SATB Filtering (ms): Min: 0.0, Avg: 0.0, Max: 0.1, Diff: 0.1, Sum: 0.1]
      [Update RS (ms): Min: 0.0, Avg: 0.4, Max: 0.6, Diff: 0.6, Sum: 3.6]
         [Processed Buffers: Min: 0, Avg: 2.4, Max: 5, Diff: 5, Sum: 19]
      [Scan RS (ms): Min: 0.0, Avg: 0.0, Max: 0.0, Diff: 0.0, Sum: 0.0]
      [Code Root Scanning (ms): Min: 0.0, Avg: 0.0, Max: 0.0, Diff: 0.0, Sum: 0.0]
      [Object Copy (ms): Min: 0.0, Avg: 0.6, Max: 0.8, Diff: 0.8, Sum: 5.1]
      [Termination (ms): Min: 0.0, Avg: 0.1, Max: 0.1, Diff: 0.1, Sum: 0.7]
      [GC Worker Other (ms): Min: 0.0, Avg: 0.0, Max: 0.0, Diff: 0.0, Sum: 0.0]
      [GC Worker Total (ms): Min: 2.0, Avg: 2.1, Max: 2.1, Diff: 0.1, Sum: 16.5]
      [GC Worker End (ms): Min: 16041.5, Avg: 16041.5, Max: 16041.5, Diff: 0.0]
   [Code Root Fixup: 0.0 ms]
   [Code Root Migration: 0.0 ms]
   [Clear CT: 0.1 ms]
   [Other: 0.2 ms]
      [Choose CSet: 0.0 ms]
      [Ref Proc: 0.1 ms]
      [Ref Enq: 0.0 ms]
      [Free CSet: 0.0 ms]
   [Eden: 2048.0K(2048.0K)->0.0B(3072.0K) Survivors: 1024.0K->1024.0K Heap: 77.1M(79.0M)->76.1M(80.0M)]
 [Times: user=0.01 sys=0.00, real=0.00 secs] 
16.042: Total time for which application threads were stopped: 0.0052780 seconds, Stopping threads took: 0.0027620 seconds
16.045: [GC concurrent-mark-end, 0.0923790 secs]
16.045: Application time: 0.0031720 seconds
16.045: [GC remark 16.045: [GC ref-proc, 0.0001130 secs], 0.0007460 secs]
 [Times: user=0.01 sys=0.00, real=0.00 secs] 
16.046: Total time for which application threads were stopped: 0.0008190 seconds, Stopping threads took: 0.0000390 seconds
16.046: Application time: 0.0000210 seconds
16.046: [GC cleanup 76M->76M(80M), 0.0003480 secs]
 [Times: user=0.00 sys=0.00, real=0.00 secs] 
16.046: Total time for which application threads were stopped: 0.0004110 seconds, Stopping threads took: 0.0000390 seconds
16.068: Application time: 0.0219500 seconds
16.068: [GC pause (young), 0.0032620 secs]
   [Parallel Time: 3.0 ms, GC Workers: 8]
      [GC Worker Start (ms): Min: 16068.4, Avg: 16068.9, Max: 16070.4, Diff: 2.0]
      [Ext Root Scanning (ms): Min: 0.0, Avg: 0.6, Max: 0.8, Diff: 0.8, Sum: 4.6]
      [Update RS (ms): Min: 0.0, Avg: 0.4, Max: 0.7, Diff: 0.7, Sum: 3.3]
         [Processed Buffers: Min: 0, Avg: 2.5, Max: 5, Diff: 5, Sum: 20]
      [Scan RS (ms): Min: 0.0, Avg: 0.0, Max: 0.0, Diff: 0.0, Sum: 0.0]
      [Code Root Scanning (ms): Min: 0.0, Avg: 0.0, Max: 0.0, Diff: 0.0, Sum: 0.0]
      [Object Copy (ms): Min: 0.5, Avg: 1.1, Max: 1.6, Diff: 1.1, Sum: 8.8]
      [Termination (ms): Min: 0.0, Avg: 0.4, Max: 0.5, Diff: 0.5, Sum: 3.1]
      [GC Worker Other (ms): Min: 0.0, Avg: 0.0, Max: 0.0, Diff: 0.0, Sum: 0.0]
      [GC Worker Total (ms): Min: 1.0, Avg: 2.5, Max: 3.0, Diff: 2.0, Sum: 19.7]
      [GC Worker End (ms): Min: 16071.3, Avg: 16071.3, Max: 16071.4, Diff: 0.0]
   [Code Root Fixup: 0.0 ms]
   [Code Root Migration: 0.0 ms]
   [Clear CT: 0.0 ms]
   [Other: 0.2 ms]
      [Choose CSet: 0.0 ms]
      [Ref Proc: 0.1 ms]
      [Ref Enq: 0.0 ms]
      [Free CSet: 0.0 ms]
   [Eden: 3072.0K(3072.0K)->0.0B(3072.0K) Survivors: 1024.0K->1024.0K Heap: 79.1M(80.0M)->77.6M(82.0M)]
 [Times: user=0.03 sys=0.00, real=0.01 secs] 
16.072: Total time for which application threads were stopped: 0.0034530 seconds, Stopping threads took: 0.0000490 seconds
16.094: Application time: 0.0219680 seconds
16.094: [GC pause (mixed), 0.0059230 secs]
   [Parallel Time: 5.5 ms, GC Workers: 8]
      [GC Worker Start (ms): Min: 16093.8, Avg: 16093.9, Max: 16093.9, Diff: 0.1]
      [Ext Root Scanning (ms): Min: 0.6, Avg: 1.0, Max: 2.9, Diff: 2.3, Sum: 8.0]
      [Update RS (ms): Min: 0.0, Avg: 0.4, Max: 0.6, Diff: 0.6, Sum: 3.5]
         [Processed Buffers: Min: 0, Avg: 2.6, Max: 5, Diff: 5, Sum: 21]
      [Scan RS (ms): Min: 0.0, Avg: 0.5, Max: 0.6, Diff: 0.6, Sum: 3.7]
      [Code Root Scanning (ms): Min: 0.0, Avg: 0.0, Max: 0.0, Diff: 0.0, Sum: 0.0]
      [Object Copy (ms): Min: 2.4, Avg: 3.4, Max: 3.7, Diff: 1.2, Sum: 27.5]
      [Termination (ms): Min: 0.0, Avg: 0.1, Max: 0.1, Diff: 0.1, Sum: 0.5]
      [GC Worker Other (ms): Min: 0.0, Avg: 0.0, Max: 0.0, Diff: 0.0, Sum: 0.0]
      [GC Worker Total (ms): Min: 5.4, Avg: 5.4, Max: 5.4, Diff: 0.1, Sum: 43.2]
      [GC Worker End (ms): Min: 16099.3, Avg: 16099.3, Max: 16099.3, Diff: 0.0]
   [Code Root Fixup: 0.0 ms]
   [Code Root Migration: 0.0 ms]
   [Clear CT: 0.1 ms]
   [Other: 0.4 ms]
      [Choose CSet: 0.0 ms]
      [Ref Proc: 0.1 ms]
      [Ref Enq: 0.0 ms]
      [Free CSet: 0.0 ms]
   [Eden: 3072.0K(3072.0K)->0.0B(58.0M) Survivors: 1024.0K->1024.0K Heap: 80.6M(82.0M)->73.9M(176.0M)]
 [Times: user=0.04 sys=0.01, real=0.00 secs] 
16.100: Total time for which application threads were stopped: 0.0061150 seconds, Stopping threads took: 0.0000530 seconds
16.134: Application time: 0.0342490 seconds
16.134: Total time for which application threads were stopped: 0.0001030 seconds, Stopping threads took: 0.0000480 seconds
16.137: Application time: 0.0031100 seconds
16.137: Total time for which application threads were stopped: 0.0000640 seconds, Stopping threads took: 0.0000480 seconds
16.142: Application time: 0.0045540 seconds
16.142: Total time for which application threads were stopped: 0.0000660 seconds, Stopping threads took: 0.0000400 seconds
16.147: Application time: 0.0050320 seconds
16.151: Total time for which application threads were stopped: 0.0043930 seconds, Stopping threads took: 0.0043670 seconds
16.155: Application time: 0.0037890 seconds
16.155: Total time for which application threads were stopped: 0.0000650 seconds, Stopping threads took: 0.0000480 seconds
16.163: Application time: 0.0082100 seconds
16.164: Total time for which application threads were stopped: 0.0001230 seconds, Stopping threads took: 0.0000980 seconds
16.176: Application time: 0.0123920 seconds
16.176: Total time for which application threads were stopped: 0.0000710 seconds, Stopping threads took: 0.0000460 seconds
16.191: Application time: 0.0146650 seconds
16.191: Total time for which application threads were stopped: 0.0000730 seconds, Stopping threads took: 0.0000500 seconds
16.506: Application time: 0.3148520 seconds
16.511: Total time for which application threads were stopped: 0.0057940 seconds, Stopping threads took: 0.0057320 seconds
16.634: Application time: 0.1229970 seconds
16.635: [GC pause (young), 0.0080640 secs]
   [Parallel Time: 7.3 ms, GC Workers: 8]
      [GC Worker Start (ms): Min: 16634.6, Avg: 16634.6, Max: 16634.6, Diff: 0.0]
      [Ext Root Scanning (ms): Min: 0.7, Avg: 0.8, Max: 0.9, Diff: 0.2, Sum: 6.1]
      [Update RS (ms): Min: 1.5, Avg: 1.6, Max: 1.8, Diff: 0.4, Sum: 13.1]
         [Processed Buffers: Min: 4, Avg: 5.2, Max: 8, Diff: 4, Sum: 42]
      [Scan RS (ms): Min: 0.0, Avg: 0.0, Max: 0.1, Diff: 0.1, Sum: 0.2]
      [Code Root Scanning (ms): Min: 0.0, Avg: 0.0, Max: 0.0, Diff: 0.0, Sum: 0.0]
      [Object Copy (ms): Min: 4.6, Avg: 4.8, Max: 4.9, Diff: 0.3, Sum: 38.3]
      [Termination (ms): Min: 0.0, Avg: 0.0, Max: 0.0, Diff: 0.0, Sum: 0.0]
      [GC Worker Other (ms): Min: 0.0, Avg: 0.0, Max: 0.0, Diff: 0.0, Sum: 0.2]
      [GC Worker Total (ms): Min: 7.2, Avg: 7.2, Max: 7.3, Diff: 0.1, Sum: 57.9]
      [GC Worker End (ms): Min: 16641.8, Avg: 16641.8, Max: 16641.8, Diff: 0.0]
   [Code Root Fixup: 0.0 ms]
   [Code Root Migration: 0.0 ms]
   [Clear CT: 0.1 ms]
   [Other: 0.7 ms]
      [Choose CSet: 0.0 ms]
      [Ref Proc: 0.1 ms]
      [Ref Enq: 0.0 ms]
      [Free CSet: 0.1 ms]
   [Eden: 58.0M(58.0M)->0.0B(154.0M) Survivors: 1024.0K->8192.0K Heap: 131.9M(176.0M)->85.3M(352.0M)]
 [Times: user=0.06 sys=0.00, real=0.00 secs] 
16.643: Total time for which application threads were stopped: 0.0082550 seconds, Stopping threads took: 0.0000670 seconds
17.196: Application time: 0.5536060 seconds
17.196: [GC pause (young), 0.0166280 secs]
   [Parallel Time: 16.3 ms, GC Workers: 8]
      [GC Worker Start (ms): Min: 17196.5, Avg: 17197.0, Max: 17199.9, Diff: 3.4]
      [Ext Root Scanning (ms): Min: 0.0, Avg: 2.5, Max: 14.8, Diff: 14.8, Sum: 19.8]
      [Update RS (ms): Min: 0.0, Avg: 1.3, Max: 1.8, Diff: 1.8, Sum: 10.0]
         [Processed Buffers: Min: 0, Avg: 5.5, Max: 9, Diff: 9, Sum: 44]
      [Scan RS (ms): Min: 0.0, Avg: 0.0, Max: 0.1, Diff: 0.1, Sum: 0.3]
      [Code Root Scanning (ms): Min: 0.0, Avg: 0.0, Max: 0.0, Diff: 0.0, Sum: 0.0]
      [Object Copy (ms): Min: 1.3, Avg: 12.0, Max: 13.6, Diff: 12.4, Sum: 95.7]
      [Termination (ms): Min: 0.0, Avg: 0.0, Max: 0.0, Diff: 0.0, Sum: 0.0]
      [GC Worker Other (ms): Min: 0.0, Avg: 0.0, Max: 0.1, Diff: 0.0, Sum: 0.2]
      [GC Worker Total (ms): Min: 12.8, Avg: 15.8, Max: 16.2, Diff: 3.5, Sum: 126.1]
      [GC Worker End (ms): Min: 17212.7, Avg: 17212.7, Max: 17212.8, Diff: 0.0]
   [Code Root Fixup: 0.0 ms]
   [Code Root Migration: 0.0 ms]
   [Clear CT: 0.1 ms]
   [Other: 0.2 ms]
      [Choose CSet: 0.0 ms]
      [Ref Proc: 0.1 ms]
      [Ref Enq: 0.0 ms]
      [Free CSet: 0.1 ms]
   [Eden: 154.0M(154.0M)->0.0B(159.0M) Survivors: 8192.0K->21.0M Heap: 239.3M(352.0M)->107.1M(352.0M)]
 [Times: user=0.13 sys=0.01, real=0.02 secs] 
17.213: Total time for which application threads were stopped: 0.0169060 seconds, Stopping threads took: 0.0000880 seconds
17.254: Application time: 0.0409950 seconds
17.254: Total time for which application threads were stopped: 0.0001350 seconds, Stopping threads took: 0.0000920 seconds
17.263: Application time: 0.0090370 seconds
17.263: Total time for which application threads were stopped: 0.0000930 seconds, Stopping threads took: 0.0000540 seconds
17.264: Application time: 0.0000370 seconds
17.264: Total time for which application threads were stopped: 0.0000550 seconds, Stopping threads took: 0.0000380 seconds
17.596: Application time: 0.3325000 seconds
17.596: [GC pause (young), 0.0145380 secs]
   [Parallel Time: 13.9 ms, GC Workers: 8]
      [GC Worker Start (ms): Min: 17596.3, Avg: 17596.7, Max: 17599.4, Diff: 3.1]
      [Ext Root Scanning (ms): Min: 0.0, Avg: 0.6, Max: 0.9, Diff: 0.9, Sum: 5.2]
      [Update RS (ms): Min: 0.0, Avg: 1.4, Max: 1.8, Diff: 1.8, Sum: 11.5]
         [Processed Buffers: Min: 0, Avg: 6.1, Max: 9, Diff: 9, Sum: 49]
      [Scan RS (ms): Min: 0.0, Avg: 0.4, Max: 0.5, Diff: 0.5, Sum: 3.2]
      [Code Root Scanning (ms): Min: 0.0, Avg: 0.0, Max: 0.0, Diff: 0.0, Sum: 0.0]
      [Object Copy (ms): Min: 10.7, Avg: 10.9, Max: 11.0, Diff: 0.3, Sum: 87.1]
      [Termination (ms): Min: 0.0, Avg: 0.1, Max: 0.1, Diff: 0.1, Sum: 0.5]
      [GC Worker Other (ms): Min: 0.0, Avg: 0.0, Max: 0.0, Diff: 0.0, Sum: 0.1]
      [GC Worker Total (ms): Min: 10.8, Avg: 13.5, Max: 13.9, Diff: 3.1, Sum: 107.6]
      [GC Worker End (ms): Min: 17610.1, Avg: 17610.1, Max: 17610.1, Diff: 0.0]
   [Code Root Fixup: 0.0 ms]
   [Code Root Migration: 0.0 ms]
   [Clear CT: 0.1 ms]
   [Other: 0.5 ms]
      [Choose CSet: 0.0 ms]
      [Ref Proc: 0.2 ms]
      [Ref Enq: 0.0 ms]
      [Free CSet: 0.1 ms]
   [Eden: 159.0M(159.0M)->0.0B(172.0M) Survivors: 21.0M->4096.0K Heap: 266.1M(352.0M)->110.6M(352.0M)]
 [Times: user=0.10 sys=0.01, real=0.01 secs] 
17.611: Total time for which application threads were stopped: 0.0147840 seconds, Stopping threads took: 0.0000910 seconds
17.668: Application time: 0.0567640 seconds
17.668: Total time for which application threads were stopped: 0.0001260 seconds, Stopping threads took: 0.0000920 seconds
18.116: Application time: 0.4480470 seconds
18.116: [GC pause (young), 0.0037430 secs]
   [Parallel Time: 3.3 ms, GC Workers: 8]
      [GC Worker Start (ms): Min: 18116.0, Avg: 18116.0, Max: 18116.0, Diff: 0.1]
      [Ext Root Scanning (ms): Min: 0.6, Avg: 1.0, Max: 3.2, Diff: 2.6, Sum: 7.9]
      [Update RS (ms): Min: 0.0, Avg: 1.3, Max: 1.6, Diff: 1.6, Sum: 10.7]
         [Processed Buffers: Min: 0, Avg: 6.5, Max: 9, Diff: 9, Sum: 52]
      [Scan RS (ms): Min: 0.0, Avg: 0.1, Max: 0.2, Diff: 0.2, Sum: 0.8]
      [Code Root Scanning (ms): Min: 0.0, Avg: 0.0, Max: 0.0, Diff: 0.0, Sum: 0.0]
      [Object Copy (ms): Min: 0.0, Avg: 0.7, Max: 0.9, Diff: 0.9, Sum: 5.6]
      [Termination (ms): Min: 0.0, Avg: 0.1, Max: 0.1, Diff: 0.1, Sum: 0.7]
      [GC Worker Other (ms): Min: 0.0, Avg: 0.0, Max: 0.0, Diff: 0.0, Sum: 0.0]
      [GC Worker Total (ms): Min: 3.2, Avg: 3.2, Max: 3.2, Diff: 0.1, Sum: 25.7]
      [GC Worker End (ms): Min: 18119.2, Avg: 18119.2, Max: 18119.2, Diff: 0.0]
   [Code Root Fixup: 0.0 ms]
   [Code Root Migration: 0.0 ms]
   [Clear CT: 0.1 ms]
   [Other: 0.3 ms]
      [Choose CSet: 0.0 ms]
      [Ref Proc: 0.2 ms]
      [Ref Enq: 0.0 ms]
      [Free CSet: 0.1 ms]
   [Eden: 172.0M(172.0M)->0.0B(183.0M) Survivors: 4096.0K->4096.0K Heap: 282.6M(352.0M)->110.6M(352.0M)]
 [Times: user=0.02 sys=0.01, real=0.00 secs] 
18.120: Total time for which application threads were stopped: 0.0039630 seconds, Stopping threads took: 0.0000460 seconds
18.414: Application time: 0.2944510 seconds
18.414: [GC pause (young), 0.0102890 secs]
   [Parallel Time: 9.6 ms, GC Workers: 8]
      [GC Worker Start (ms): Min: 18414.4, Avg: 18415.2, Max: 18419.4, Diff: 5.0]
      [Ext Root Scanning (ms): Min: 0.0, Avg: 0.6, Max: 0.9, Diff: 0.9, Sum: 4.8]
      [Update RS (ms): Min: 0.0, Avg: 0.2, Max: 0.4, Diff: 0.4, Sum: 1.7]
         [Processed Buffers: Min: 0, Avg: 2.1, Max: 3, Diff: 3, Sum: 17]
      [Scan RS (ms): Min: 0.0, Avg: 0.1, Max: 0.1, Diff: 0.1, Sum: 0.4]
      [Code Root Scanning (ms): Min: 0.0, Avg: 0.0, Max: 0.0, Diff: 0.0, Sum: 0.0]
      [Object Copy (ms): Min: 4.4, Avg: 7.8, Max: 8.4, Diff: 3.9, Sum: 62.0]
      [Termination (ms): Min: 0.0, Avg: 0.0, Max: 0.0, Diff: 0.0, Sum: 0.0]
      [GC Worker Other (ms): Min: 0.0, Avg: 0.0, Max: 0.1, Diff: 0.1, Sum: 0.3]
      [GC Worker Total (ms): Min: 4.5, Avg: 8.7, Max: 9.5, Diff: 5.0, Sum: 69.4]
      [GC Worker End (ms): Min: 18423.9, Avg: 18423.9, Max: 18423.9, Diff: 0.1]
   [Code Root Fixup: 0.1 ms]
   [Code Root Migration: 0.1 ms]
   [Clear CT: 0.1 ms]
   [Other: 0.4 ms]
      [Choose CSet: 0.0 ms]
      [Ref Proc: 0.2 ms]
      [Ref Enq: 0.0 ms]
      [Free CSet: 0.2 ms]
   [Eden: 183.0M(183.0M)->0.0B(160.0M) Survivors: 4096.0K->24.0M Heap: 293.6M(352.0M)->130.1M(352.0M)]
 [Times: user=0.08 sys=0.00, real=0.01 secs] 
18.425: Total time for which application threads were stopped: 0.0104860 seconds, Stopping threads took: 0.0000200 seconds
18.867: Application time: 0.4422460 seconds
18.867: [GC pause (young), 0.0308130 secs]
   [Parallel Time: 30.2 ms, GC Workers: 8]
      [GC Worker Start (ms): Min: 18867.1, Avg: 18867.2, Max: 18867.2, Diff: 0.1]
      [Ext Root Scanning (ms): Min: 0.6, Avg: 0.7, Max: 0.7, Diff: 0.1, Sum: 5.4]
      [Update RS (ms): Min: 0.2, Avg: 0.3, Max: 0.4, Diff: 0.2, Sum: 2.5]
         [Processed Buffers: Min: 1, Avg: 1.9, Max: 2, Diff: 1, Sum: 15]
      [Scan RS (ms): Min: 0.0, Avg: 0.0, Max: 0.1, Diff: 0.1, Sum: 0.4]
      [Code Root Scanning (ms): Min: 0.0, Avg: 0.0, Max: 0.0, Diff: 0.0, Sum: 0.0]
      [Object Copy (ms): Min: 29.1, Avg: 29.1, Max: 29.1, Diff: 0.0, Sum: 232.7]
      [Termination (ms): Min: 0.0, Avg: 0.0, Max: 0.0, Diff: 0.0, Sum: 0.0]
      [GC Worker Other (ms): Min: 0.0, Avg: 0.0, Max: 0.0, Diff: 0.0, Sum: 0.1]
      [GC Worker Total (ms): Min: 30.1, Avg: 30.1, Max: 30.2, Diff: 0.1, Sum: 241.1]
      [GC Worker End (ms): Min: 18897.3, Avg: 18897.3, Max: 18897.3, Diff: 0.0]
   [Code Root Fixup: 0.0 ms]
   [Code Root Migration: 0.0 ms]
   [Clear CT: 0.1 ms]
   [Other: 0.4 ms]
      [Choose CSet: 0.0 ms]
      [Ref Proc: 0.1 ms]
      [Ref Enq: 0.0 ms]
      [Free CSet: 0.1 ms]
   [Eden: 160.0M(160.0M)->0.0B(121.0M) Survivors: 24.0M->23.0M Heap: 290.1M(352.0M)->178.2M(363.0M)]
 [Times: user=0.22 sys=0.01, real=0.03 secs] 
18.898: Total time for which application threads were stopped: 0.0310470 seconds, Stopping threads took: 0.0000750 seconds
18.997: Application time: 0.0991350 seconds
18.997: [GC pause (young), 0.0193460 secs]
   [Parallel Time: 18.9 ms, GC Workers: 8]
      [GC Worker Start (ms): Min: 18997.2, Avg: 18997.3, Max: 18997.3, Diff: 0.1]
      [Ext Root Scanning (ms): Min: 0.7, Avg: 0.8, Max: 0.8, Diff: 0.1, Sum: 6.1]
      [Update RS (ms): Min: 1.6, Avg: 1.7, Max: 1.8, Diff: 0.2, Sum: 13.2]
         [Processed Buffers: Min: 6, Avg: 6.9, Max: 8, Diff: 2, Sum: 55]
      [Scan RS (ms): Min: 1.0, Avg: 1.1, Max: 1.2, Diff: 0.2, Sum: 8.8]
      [Code Root Scanning (ms): Min: 0.0, Avg: 0.0, Max: 0.0, Diff: 0.0, Sum: 0.0]
      [Object Copy (ms): Min: 15.2, Avg: 15.2, Max: 15.2, Diff: 0.1, Sum: 121.6]
      [Termination (ms): Min: 0.0, Avg: 0.0, Max: 0.0, Diff: 0.0, Sum: 0.0]
      [GC Worker Other (ms): Min: 0.0, Avg: 0.0, Max: 0.1, Diff: 0.1, Sum: 0.4]
      [GC Worker Total (ms): Min: 18.7, Avg: 18.8, Max: 18.8, Diff: 0.1, Sum: 150.2]
      [GC Worker End (ms): Min: 19016.0, Avg: 19016.1, Max: 19016.1, Diff: 0.1]
   [Code Root Fixup: 0.0 ms]
   [Code Root Migration: 0.0 ms]
   [Clear CT: 0.1 ms]
   [Other: 0.3 ms]
      [Choose CSet: 0.0 ms]
      [Ref Proc: 0.1 ms]
      [Ref Enq: 0.0 ms]
      [Free CSet: 0.1 ms]
   [Eden: 121.0M(121.0M)->0.0B(107.0M) Survivors: 23.0M->18.0M Heap: 299.2M(363.0M)->196.1M(363.0M)]
 [Times: user=0.16 sys=0.00, real=0.02 secs] 
19.017: Total time for which application threads were stopped: 0.0195130 seconds, Stopping threads took: 0.0000340 seconds
19.095: Application time: 0.0783980 seconds
19.095: [GC pause (young) (initial-mark), 0.0124310 secs]
   [Parallel Time: 10.2 ms, GC Workers: 8]
      [GC Worker Start (ms): Min: 19095.3, Avg: 19096.7, Max: 19105.4, Diff: 10.1]
      [Ext Root Scanning (ms): Min: 0.0, Avg: 0.6, Max: 0.9, Diff: 0.9, Sum: 4.9]
      [Code Root Marking (ms): Min: 0.0, Avg: 0.1, Max: 0.2, Diff: 0.2, Sum: 0.7]
      [Update RS (ms): Min: 0.0, Avg: 1.5, Max: 1.8, Diff: 1.8, Sum: 12.3]
         [Processed Buffers: Min: 0, Avg: 7.4, Max: 11, Diff: 11, Sum: 59]
      [Scan RS (ms): Min: 0.0, Avg: 0.0, Max: 0.1, Diff: 0.1, Sum: 0.3]
      [Code Root Scanning (ms): Min: 0.0, Avg: 0.0, Max: 0.0, Diff: 0.0, Sum: 0.0]
      [Object Copy (ms): Min: 0.0, Avg: 6.3, Max: 7.3, Diff: 7.3, Sum: 50.5]
      [Termination (ms): Min: 0.0, Avg: 0.1, Max: 0.1, Diff: 0.1, Sum: 0.9]
      [GC Worker Other (ms): Min: 0.0, Avg: 0.0, Max: 0.0, Diff: 0.0, Sum: 0.1]
      [GC Worker Total (ms): Min: 0.0, Avg: 8.7, Max: 10.2, Diff: 10.1, Sum: 69.7]
      [GC Worker End (ms): Min: 19105.4, Avg: 19105.4, Max: 19105.5, Diff: 0.0]
   [Code Root Fixup: 0.0 ms]
   [Code Root Migration: 0.0 ms]
   [Clear CT: 0.1 ms]
   [Other: 2.0 ms]
      [Choose CSet: 0.0 ms]
      [Ref Proc: 1.8 ms]
      [Ref Enq: 0.0 ms]
      [Free CSet: 0.1 ms]
   [Eden: 107.0M(107.0M)->0.0B(108.0M) Survivors: 18.0M->4096.0K Heap: 303.1M(363.0M)->198.6M(363.0M)]
 [Times: user=0.09 sys=0.00, real=0.01 secs] 
19.108: [GC concurrent-root-region-scan-start]
19.108: Total time for which application threads were stopped: 0.0127060 seconds, Stopping threads took: 0.0000900 seconds
19.109: [GC concurrent-root-region-scan-end, 0.0008350 secs]
19.109: [GC concurrent-mark-start]
19.217: 19.217: [GC concurrent-mark-end, 0.1084080 secs]
Application time: 0.1092430 seconds
19.217: [GC pause (young), 0.0036480 secs]
   [Parallel Time: 3.4 ms, GC Workers: 8]
      [GC Worker Start (ms): Min: 19217.2, Avg: 19217.5, Max: 19219.3, Diff: 2.2]
      [Ext Root Scanning (ms): Min: 0.0, Avg: 0.6, Max: 1.0, Diff: 1.0, Sum: 5.0]
      [SATB Filtering (ms): Min: 0.0, Avg: 0.0, Max: 0.0, Diff: 0.0, Sum: 0.0]
      [Update RS (ms): Min: 0.6, Avg: 1.7, Max: 2.1, Diff: 1.5, Sum: 13.6]
         [Processed Buffers: Min: 5, Avg: 8.0, Max: 10, Diff: 5, Sum: 64]
      [Scan RS (ms): Min: 0.0, Avg: 0.1, Max: 0.1, Diff: 0.1, Sum: 0.4]
      [Code Root Scanning (ms): Min: 0.0, Avg: 0.0, Max: 0.0, Diff: 0.0, Sum: 0.0]
      [Object Copy (ms): Min: 0.5, Avg: 0.6, Max: 0.6, Diff: 0.1, Sum: 4.4]
      [Termination (ms): Min: 0.0, Avg: 0.0, Max: 0.0, Diff: 0.0, Sum: 0.0]
      [GC Worker Other (ms): Min: 0.0, Avg: 0.0, Max: 0.0, Diff: 0.0, Sum: 0.2]
      [GC Worker Total (ms): Min: 1.1, Avg: 2.9, Max: 3.3, Diff: 2.2, Sum: 23.6]
      [GC Worker End (ms): Min: 19220.5, Avg: 19220.5, Max: 19220.5, Diff: 0.0]
   [Code Root Fixup: 0.0 ms]
   [Code Root Migration: 0.0 ms]
   [Clear CT: 0.1 ms]
   [Other: 0.2 ms]
      [Choose CSet: 0.0 ms]
      [Ref Proc: 0.1 ms]
      [Ref Enq: 0.0 ms]
      [Free CSet: 0.1 ms]
   [Eden: 108.0M(108.0M)->0.0B(112.0M) Survivors: 4096.0K->4096.0K Heap: 306.6M(363.0M)->199.1M(363.0M)]
 [Times: user=0.02 sys=0.00, real=0.00 secs] 
19.221: Total time for which application threads were stopped: 0.0038670 seconds, Stopping threads took: 0.0000490 seconds
19.221: Application time: 0.0000570 seconds
19.223: [GC remark 19.223: [GC ref-proc, 0.0001150 secs], 0.0007000 secs]
 [Times: user=0.01 sys=0.00, real=0.00 secs] 
19.224: Total time for which application threads were stopped: 0.0031480 seconds, Stopping threads took: 0.0024220 seconds
19.224: Application time: 0.0000230 seconds
19.227: [GC cleanup 199M->192M(363M), 0.0005140 secs]
 [Times: user=0.00 sys=0.00, real=0.00 secs] 
19.228: Total time for which application threads were stopped: 0.0037920 seconds, Stopping threads took: 0.0032590 seconds
19.228: [GC concurrent-cleanup-start]
19.228: [GC concurrent-cleanup-end, 0.0000180 secs]
19.277: Application time: 0.0490360 seconds
19.277: [GC pause (young), 0.0020560 secs]
   [Parallel Time: 1.7 ms, GC Workers: 8]
      [GC Worker Start (ms): Min: 19277.0, Avg: 19277.3, Max: 19278.7, Diff: 1.7]
      [Ext Root Scanning (ms): Min: 0.0, Avg: 0.7, Max: 0.9, Diff: 0.9, Sum: 5.4]
      [Update RS (ms): Min: 0.0, Avg: 0.1, Max: 0.2, Diff: 0.2, Sum: 1.2]
         [Processed Buffers: Min: 0, Avg: 2.1, Max: 4, Diff: 4, Sum: 17]
      [Scan RS (ms): Min: 0.0, Avg: 0.0, Max: 0.1, Diff: 0.1, Sum: 0.3]
      [Code Root Scanning (ms): Min: 0.0, Avg: 0.0, Max: 0.0, Diff: 0.0, Sum: 0.0]
      [Object Copy (ms): Min: 0.0, Avg: 0.5, Max: 0.6, Diff: 0.6, Sum: 4.1]
      [Termination (ms): Min: 0.0, Avg: 0.1, Max: 0.1, Diff: 0.1, Sum: 0.6]
      [GC Worker Other (ms): Min: 0.0, Avg: 0.0, Max: 0.0, Diff: 0.0, Sum: 0.1]
      [GC Worker Total (ms): Min: 0.0, Avg: 1.5, Max: 1.7, Diff: 1.7, Sum: 11.7]
      [GC Worker End (ms): Min: 19278.7, Avg: 19278.7, Max: 19278.7, Diff: 0.0]
   [Code Root Fixup: 0.0 ms]
   [Code Root Migration: 0.0 ms]
   [Clear CT: 0.1 ms]
   [Other: 0.2 ms]
      [Choose CSet: 0.0 ms]
      [Ref Proc: 0.1 ms]
      [Ref Enq: 0.0 ms]
      [Free CSet: 0.1 ms]
   [Eden: 112.0M(112.0M)->0.0B(16.0M) Survivors: 4096.0K->2048.0K Heap: 304.1M(363.0M)->189.9M(363.0M)]
 [Times: user=0.01 sys=0.00, real=0.00 secs] 
19.279: Total time for which application threads were stopped: 0.0021870 seconds, Stopping threads took: 0.0000250 seconds
19.285: Application time: 0.0060400 seconds
19.285: [GC pause (mixed), 0.0021930 secs]
   [Parallel Time: 1.9 ms, GC Workers: 8]
      [GC Worker Start (ms): Min: 19285.3, Avg: 19285.3, Max: 19285.4, Diff: 0.1]
      [Ext Root Scanning (ms): Min: 0.7, Avg: 0.7, Max: 0.8, Diff: 0.1, Sum: 5.9]
      [Update RS (ms): Min: 0.1, Avg: 0.1, Max: 0.2, Diff: 0.1, Sum: 1.1]
         [Processed Buffers: Min: 1, Avg: 2.0, Max: 3, Diff: 2, Sum: 16]
      [Scan RS (ms): Min: 0.2, Avg: 0.2, Max: 0.4, Diff: 0.2, Sum: 1.8]
      [Code Root Scanning (ms): Min: 0.0, Avg: 0.0, Max: 0.0, Diff: 0.0, Sum: 0.0]
      [Object Copy (ms): Min: 0.6, Avg: 0.7, Max: 0.8, Diff: 0.2, Sum: 5.6]
      [Termination (ms): Min: 0.0, Avg: 0.0, Max: 0.0, Diff: 0.0, Sum: 0.0]
      [GC Worker Other (ms): Min: 0.0, Avg: 0.0, Max: 0.0, Diff: 0.0, Sum: 0.1]
      [GC Worker Total (ms): Min: 1.8, Avg: 1.8, Max: 1.8, Diff: 0.1, Sum: 14.4]
      [GC Worker End (ms): Min: 19287.1, Avg: 19287.1, Max: 19287.1, Diff: 0.0]
   [Code Root Fixup: 0.0 ms]
   [Code Root Migration: 0.0 ms]
   [Clear CT: 0.1 ms]
   [Other: 0.2 ms]
      [Choose CSet: 0.0 ms]
      [Ref Proc: 0.1 ms]
      [Ref Enq: 0.0 ms]
      [Free CSet: 0.1 ms]
   [Eden: 16.0M(16.0M)->0.0B(16.0M) Survivors: 2048.0K->2048.0K Heap: 205.9M(363.0M)->153.7M(363.0M)]
 [Times: user=0.01 sys=0.00, real=0.00 secs] 
19.287: Total time for which application threads were stopped: 0.0023170 seconds, Stopping threads took: 0.0000150 seconds
19.294: Application time: 0.0060690 seconds
19.294: [GC pause (mixed), 0.0024210 secs]
   [Parallel Time: 2.1 ms, GC Workers: 8]
      [GC Worker Start (ms): Min: 19293.7, Avg: 19293.7, Max: 19293.8, Diff: 0.1]
      [Ext Root Scanning (ms): Min: 0.7, Avg: 0.7, Max: 0.8, Diff: 0.2, Sum: 6.0]
      [Update RS (ms): Min: 0.2, Avg: 0.3, Max: 0.4, Diff: 0.1, Sum: 2.3]
         [Processed Buffers: Min: 1, Avg: 2.1, Max: 3, Diff: 2, Sum: 17]
      [Scan RS (ms): Min: 0.1, Avg: 0.2, Max: 0.3, Diff: 0.1, Sum: 1.6]
      [Code Root Scanning (ms): Min: 0.0, Avg: 0.0, Max: 0.0, Diff: 0.0, Sum: 0.0]
      [Object Copy (ms): Min: 0.7, Avg: 0.8, Max: 0.8, Diff: 0.1, Sum: 6.0]
      [Termination (ms): Min: 0.0, Avg: 0.0, Max: 0.0, Diff: 0.0, Sum: 0.0]
      [GC Worker Other (ms): Min: 0.0, Avg: 0.0, Max: 0.0, Diff: 0.0, Sum: 0.1]
      [GC Worker Total (ms): Min: 2.0, Avg: 2.0, Max: 2.0, Diff: 0.1, Sum: 15.9]
      [GC Worker End (ms): Min: 19295.7, Avg: 19295.7, Max: 19295.7, Diff: 0.0]
   [Code Root Fixup: 0.0 ms]
   [Code Root Migration: 0.0 ms]
   [Clear CT: 0.1 ms]
   [Other: 0.2 ms]
      [Choose CSet: 0.1 ms]
      [Ref Proc: 0.1 ms]
      [Ref Enq: 0.0 ms]
      [Free CSet: 0.1 ms]
   [Eden: 16.0M(16.0M)->0.0B(181.0M) Survivors: 2048.0K->2048.0K Heap: 169.7M(363.0M)->119.4M(363.0M)]
 [Times: user=0.02 sys=0.00, real=0.00 secs] 
19.296: Total time for which application threads were stopped: 0.0025730 seconds, Stopping threads took: 0.0000390 seconds
19.379: Application time: 0.0828840 seconds
19.379: [GC pause (young), 0.0182670 secs]
   [Parallel Time: 17.8 ms, GC Workers: 8]
      [GC Worker Start (ms): Min: 19379.4, Avg: 19381.9, Max: 19391.4, Diff: 11.9]
      [Ext Root Scanning (ms): Min: 0.0, Avg: 0.5, Max: 0.8, Diff: 0.8, Sum: 4.3]
      [Update RS (ms): Min: 0.0, Avg: 0.3, Max: 0.9, Diff: 0.9, Sum: 2.8]
         [Processed Buffers: Min: 0, Avg: 2.1, Max: 5, Diff: 5, Sum: 17]
      [Scan RS (ms): Min: 0.0, Avg: 0.1, Max: 0.1, Diff: 0.1, Sum: 0.4]
      [Code Root Scanning (ms): Min: 0.0, Avg: 0.0, Max: 0.0, Diff: 0.0, Sum: 0.0]
      [Object Copy (ms): Min: 5.7, Avg: 14.3, Max: 16.5, Diff: 10.8, Sum: 114.2]
      [Termination (ms): Min: 0.0, Avg: 0.0, Max: 0.0, Diff: 0.0, Sum: 0.0]
      [GC Worker Other (ms): Min: 0.0, Avg: 0.0, Max: 0.1, Diff: 0.0, Sum: 0.3]
      [GC Worker Total (ms): Min: 5.8, Avg: 15.3, Max: 17.7, Diff: 11.9, Sum: 122.0]
      [GC Worker End (ms): Min: 19397.2, Avg: 19397.2, Max: 19397.2, Diff: 0.0]
   [Code Root Fixup: 0.0 ms]
   [Code Root Migration: 0.0 ms]
   [Clear CT: 0.1 ms]
   [Other: 0.3 ms]
      [Choose CSet: 0.0 ms]
      [Ref Proc: 0.1 ms]
      [Ref Enq: 0.0 ms]
      [Free CSet: 0.1 ms]
   [Eden: 181.0M(181.0M)->0.0B(141.0M) Survivors: 2048.0K->23.0M Heap: 300.4M(363.0M)->158.9M(363.0M)]
 [Times: user=0.12 sys=0.01, real=0.02 secs] 
19.398: Total time for which application threads were stopped: 0.0187370 seconds, Stopping threads took: 0.0003280 seconds
19.507: Application time: 0.1095020 seconds
19.507: [GC pause (young), 0.0276330 secs]
   [Parallel Time: 27.1 ms, GC Workers: 8]
      [GC Worker Start (ms): Min: 19507.4, Avg: 19507.4, Max: 19507.5, Diff: 0.1]
      [Ext Root Scanning (ms): Min: 0.7, Avg: 0.7, Max: 0.8, Diff: 0.1, Sum: 5.9]
      [Update RS (ms): Min: 2.0, Avg: 2.1, Max: 2.1, Diff: 0.1, Sum: 16.5]
         [Processed Buffers: Min: 8, Avg: 8.6, Max: 10, Diff: 2, Sum: 69]
      [Scan RS (ms): Min: 0.9, Avg: 1.0, Max: 1.2, Diff: 0.3, Sum: 8.4]
      [Code Root Scanning (ms): Min: 0.0, Avg: 0.0, Max: 0.0, Diff: 0.0, Sum: 0.0]
      [Object Copy (ms): Min: 23.0, Avg: 23.1, Max: 23.2, Diff: 0.2, Sum: 184.7]
      [Termination (ms): Min: 0.0, Avg: 0.0, Max: 0.0, Diff: 0.0, Sum: 0.0]
      [GC Worker Other (ms): Min: 0.0, Avg: 0.0, Max: 0.1, Diff: 0.1, Sum: 0.3]
      [GC Worker Total (ms): Min: 26.9, Avg: 27.0, Max: 27.0, Diff: 0.1, Sum: 215.8]
      [GC Worker End (ms): Min: 19534.4, Avg: 19534.4, Max: 19534.4, Diff: 0.1]
   [Code Root Fixup: 0.0 ms]
   [Code Root Migration: 0.0 ms]
   [Clear CT: 0.1 ms]
   [Other: 0.4 ms]
      [Choose CSet: 0.0 ms]
      [Ref Proc: 0.1 ms]
      [Ref Enq: 0.0 ms]
      [Free CSet: 0.1 ms]
   [Eden: 141.0M(141.0M)->0.0B(110.0M) Survivors: 23.0M->21.0M Heap: 299.9M(363.0M)->193.1M(363.0M)]
 [Times: user=0.21 sys=0.00, real=0.03 secs] 
19.535: Total time for which application threads were stopped: 0.0278250 seconds, Stopping threads took: 0.0000690 seconds
19.613: Application time: 0.0781690 seconds
19.613: [GC pause (young) (initial-mark), 0.0162430 secs]
   [Parallel Time: 15.7 ms, GC Workers: 8]
      [GC Worker Start (ms): Min: 19613.4, Avg: 19613.4, Max: 19613.5, Diff: 0.1]
      [Ext Root Scanning (ms): Min: 0.7, Avg: 0.7, Max: 0.8, Diff: 0.2, Sum: 5.8]
      [Code Root Marking (ms): Min: 0.0, Avg: 0.1, Max: 0.2, Diff: 0.2, Sum: 0.8]
      [Update RS (ms): Min: 2.2, Avg: 2.3, Max: 2.4, Diff: 0.2, Sum: 18.6]
         [Processed Buffers: Min: 8, Avg: 9.4, Max: 10, Diff: 2, Sum: 75]
      [Scan RS (ms): Min: 0.2, Avg: 0.3, Max: 0.3, Diff: 0.1, Sum: 2.1]
      [Code Root Scanning (ms): Min: 0.0, Avg: 0.0, Max: 0.0, Diff: 0.0, Sum: 0.0]
      [Object Copy (ms): Min: 12.1, Avg: 12.1, Max: 12.2, Diff: 0.1, Sum: 97.2]
      [Termination (ms): Min: 0.0, Avg: 0.0, Max: 0.0, Diff: 0.0, Sum: 0.0]
      [GC Worker Other (ms): Min: 0.0, Avg: 0.0, Max: 0.1, Diff: 0.1, Sum: 0.3]
      [GC Worker Total (ms): Min: 15.6, Avg: 15.6, Max: 15.6, Diff: 0.1, Sum: 124.8]
      [GC Worker End (ms): Min: 19629.0, Avg: 19629.0, Max: 19629.1, Diff: 0.1]
   [Code Root Fixup: 0.0 ms]
   [Code Root Migration: 0.0 ms]
   [Clear CT: 0.1 ms]
   [Other: 0.4 ms]
      [Choose CSet: 0.0 ms]
      [Ref Proc: 0.1 ms]
      [Ref Enq: 0.0 ms]
      [Free CSet: 0.1 ms]
   [Eden: 110.0M(110.0M)->0.0B(102.0M) Survivors: 21.0M->12.0M Heap: 303.1M(363.0M)->204.1M(363.0M)]
 [Times: user=0.13 sys=0.00, real=0.01 secs] 
19.630: [GC concurrent-root-region-scan-start]
19.630: Total time for which application threads were stopped: 0.0164210 seconds, Stopping threads took: 0.0000370 seconds
19.635: [GC concurrent-root-region-scan-end, 0.0056850 secs]
19.635: [GC concurrent-mark-start]
19.710: Application time: 0.0798740 seconds
19.710: [GC pause (young), 0.0087670 secs]
   [Parallel Time: 7.3 ms, GC Workers: 8]
      [GC Worker Start (ms): Min: 19709.7, Avg: 19709.7, Max: 19709.7, Diff: 0.1]
      [Ext Root Scanning (ms): Min: 0.6, Avg: 0.7, Max: 0.7, Diff: 0.1, Sum: 5.3]
      [SATB Filtering (ms): Min: 0.0, Avg: 0.0, Max: 0.0, Diff: 0.0, Sum: 0.0]
      [Update RS (ms): Min: 2.6, Avg: 2.6, Max: 2.6, Diff: 0.1, Sum: 20.6]
         [Processed Buffers: Min: 9, Avg: 10.1, Max: 12, Diff: 3, Sum: 81]
      [Scan RS (ms): Min: 0.0, Avg: 0.0, Max: 0.1, Diff: 0.1, Sum: 0.3]
      [Code Root Scanning (ms): Min: 0.0, Avg: 0.0, Max: 0.0, Diff: 0.0, Sum: 0.0]
      [Object Copy (ms): Min: 3.9, Avg: 3.9, Max: 3.9, Diff: 0.0, Sum: 31.1]
      [Termination (ms): Min: 0.0, Avg: 0.0, Max: 0.0, Diff: 0.0, Sum: 0.0]
      [GC Worker Other (ms): Min: 0.0, Avg: 0.0, Max: 0.0, Diff: 0.0, Sum: 0.3]
      [GC Worker Total (ms): Min: 7.1, Avg: 7.2, Max: 7.2, Diff: 0.1, Sum: 57.5]
      [GC Worker End (ms): Min: 19716.9, Avg: 19716.9, Max: 19716.9, Diff: 0.0]
   [Code Root Fixup: 0.0 ms]
   [Code Root Migration: 0.0 ms]
   [Clear CT: 0.1 ms]
   [Other: 1.3 ms]
      [Choose CSet: 0.0 ms]
      [Ref Proc: 0.2 ms]
      [Ref Enq: 0.0 ms]
      [Free CSet: 0.1 ms]
   [Eden: 102.0M(102.0M)->0.0B(339.0M) Survivors: 12.0M->4096.0K Heap: 306.1M(363.0M)->207.6M(682.0M)]
 [Times: user=0.06 sys=0.00, real=0.01 secs] 
19.718: Total time for which application threads were stopped: 0.0089330 seconds, Stopping threads took: 0.0000500 seconds
19.770: [GC concurrent-mark-end, 0.1343590 secs]
19.770: Application time: 0.0512660 seconds
19.770: [GC remark 19.770: [GC ref-proc, 0.0001170 secs], 0.0008220 secs]
 [Times: user=0.01 sys=0.00, real=0.00 secs] 
19.771: Total time for which application threads were stopped: 0.0009570 seconds, Stopping threads took: 0.0000920 seconds
19.771: Application time: 0.0000240 seconds
19.771: [GC cleanup 273M->197M(682M), 0.0006660 secs]
 [Times: user=0.00 sys=0.00, real=0.01 secs] 
19.771: Total time for which application threads were stopped: 0.0007280 seconds, Stopping threads took: 0.0000370 seconds
19.771: [GC concurrent-cleanup-start]
19.772: [GC concurrent-cleanup-end, 0.0001000 secs]
19.890: Application time: 0.1181120 seconds
19.890: [GC pause (young), 0.0082310 secs]
   [Parallel Time: 6.9 ms, GC Workers: 8]
      [GC Worker Start (ms): Min: 19889.7, Avg: 19890.6, Max: 19896.5, Diff: 6.8]
      [Ext Root Scanning (ms): Min: 0.0, Avg: 0.7, Max: 0.9, Diff: 0.8, Sum: 5.2]
      [Update RS (ms): Min: 0.0, Avg: 1.8, Max: 2.2, Diff: 2.2, Sum: 14.5]
         [Processed Buffers: Min: 0, Avg: 9.4, Max: 14, Diff: 14, Sum: 75]
      [Scan RS (ms): Min: 0.0, Avg: 0.1, Max: 0.1, Diff: 0.1, Sum: 0.7]
      [Code Root Scanning (ms): Min: 0.0, Avg: 0.0, Max: 0.0, Diff: 0.0, Sum: 0.0]
      [Object Copy (ms): Min: 0.0, Avg: 3.3, Max: 3.9, Diff: 3.9, Sum: 26.6]
      [Termination (ms): Min: 0.0, Avg: 0.1, Max: 0.1, Diff: 0.1, Sum: 0.9]
      [GC Worker Other (ms): Min: 0.0, Avg: 0.0, Max: 0.0, Diff: 0.0, Sum: 0.1]
      [GC Worker Total (ms): Min: 0.0, Avg: 6.0, Max: 6.9, Diff: 6.8, Sum: 48.0]
      [GC Worker End (ms): Min: 19896.6, Avg: 19896.6, Max: 19896.6, Diff: 0.0]
   [Code Root Fixup: 0.0 ms]
   [Code Root Migration: 0.0 ms]
   [Clear CT: 0.1 ms]
   [Other: 1.1 ms]
      [Choose CSet: 0.0 ms]
      [Ref Proc: 0.1 ms]
      [Ref Enq: 0.0 ms]
      [Free CSet: 0.2 ms]
   [Eden: 339.0M(339.0M)->0.0B(550.0M) Survivors: 4096.0K->12.0M Heap: 470.6M(682.0M)->139.6M(937.0M)]
 [Times: user=0.05 sys=0.00, real=0.01 secs] 
19.898: Total time for which application threads were stopped: 0.0084050 seconds, Stopping threads took: 0.0000390 seconds
20.229: Application time: 0.3306250 seconds
20.229: [GC pause (young), 0.0324170 secs]
   [Parallel Time: 30.9 ms, GC Workers: 8]
      [GC Worker Start (ms): Min: 20228.8, Avg: 20228.8, Max: 20228.8, Diff: 0.1]
      [Ext Root Scanning (ms): Min: 0.7, Avg: 0.8, Max: 0.9, Diff: 0.2, Sum: 6.6]
      [Update RS (ms): Min: 0.2, Avg: 0.3, Max: 0.5, Diff: 0.3, Sum: 2.4]
         [Processed Buffers: Min: 1, Avg: 2.1, Max: 3, Diff: 2, Sum: 17]
      [Scan RS (ms): Min: 0.0, Avg: 0.2, Max: 0.3, Diff: 0.3, Sum: 1.5]
      [Code Root Scanning (ms): Min: 0.0, Avg: 0.0, Max: 0.0, Diff: 0.0, Sum: 0.0]
      [Object Copy (ms): Min: 29.4, Avg: 29.4, Max: 29.5, Diff: 0.1, Sum: 235.2]
      [Termination (ms): Min: 0.0, Avg: 0.0, Max: 0.0, Diff: 0.0, Sum: 0.0]
      [GC Worker Other (ms): Min: 0.0, Avg: 0.0, Max: 0.1, Diff: 0.1, Sum: 0.3]
      [GC Worker Total (ms): Min: 30.7, Avg: 30.8, Max: 30.8, Diff: 0.1, Sum: 246.1]
      [GC Worker End (ms): Min: 20259.5, Avg: 20259.6, Max: 20259.6, Diff: 0.1]
   [Code Root Fixup: 0.1 ms]
   [Code Root Migration: 0.1 ms]
   [Clear CT: 0.3 ms]
   [Other: 1.2 ms]
      [Choose CSet: 0.0 ms]
      [Ref Proc: 0.2 ms]
      [Ref Enq: 0.0 ms]
      [Free CSet: 0.3 ms]
   [Eden: 550.0M(550.0M)->0.0B(615.0M) Survivors: 12.0M->69.0M Heap: 689.6M(937.0M)->196.1M(1141.0M)]
 [Times: user=0.22 sys=0.03, real=0.03 secs] 
20.261: Total time for which application threads were stopped: 0.0325990 seconds, Stopping threads took: 0.0000290 seconds
20.594: Application time: 0.3329930 seconds
20.594: [GC pause (young), 0.0322150 secs]
   [Parallel Time: 30.7 ms, GC Workers: 8]
      [GC Worker Start (ms): Min: 20594.3, Avg: 20594.4, Max: 20594.4, Diff: 0.1]
      [Ext Root Scanning (ms): Min: 0.7, Avg: 0.8, Max: 0.9, Diff: 0.1, Sum: 6.4]
      [Update RS (ms): Min: 0.2, Avg: 0.3, Max: 0.4, Diff: 0.2, Sum: 2.4]
         [Processed Buffers: Min: 1, Avg: 2.1, Max: 3, Diff: 2, Sum: 17]
      [Scan RS (ms): Min: 0.2, Avg: 0.3, Max: 0.3, Diff: 0.1, Sum: 2.1]
      [Code Root Scanning (ms): Min: 0.0, Avg: 0.0, Max: 0.0, Diff: 0.0, Sum: 0.0]
      [Object Copy (ms): Min: 29.2, Avg: 29.2, Max: 29.3, Diff: 0.1, Sum: 233.6]
      [Termination (ms): Min: 0.0, Avg: 0.0, Max: 0.0, Diff: 0.0, Sum: 0.0]
      [GC Worker Other (ms): Min: 0.0, Avg: 0.1, Max: 0.1, Diff: 0.1, Sum: 0.4]
      [GC Worker Total (ms): Min: 30.6, Avg: 30.6, Max: 30.6, Diff: 0.0, Sum: 245.0]
      [GC Worker End (ms): Min: 20625.0, Avg: 20625.0, Max: 20625.0, Diff: 0.0]
   [Code Root Fixup: 0.0 ms]
   [Code Root Migration: 0.1 ms]
   [Clear CT: 0.3 ms]
   [Other: 1.1 ms]
      [Choose CSet: 0.0 ms]
      [Ref Proc: 0.1 ms]
      [Ref Enq: 0.0 ms]
      [Free CSet: 0.4 ms]
   [Eden: 615.0M(615.0M)->0.0B(713.0M) Survivors: 69.0M->69.0M Heap: 811.1M(1141.0M)->197.1M(1304.0M)]
 [Times: user=0.22 sys=0.04, real=0.03 secs] 
20.627: Total time for which application threads were stopped: 0.0323740 seconds, Stopping threads took: 0.0000280 seconds
20.996: Application time: 0.3689650 seconds
20.996: [GC pause (young), 0.0320220 secs]
   [Parallel Time: 30.6 ms, GC Workers: 8]
      [GC Worker Start (ms): Min: 20995.7, Avg: 20995.7, Max: 20995.8, Diff: 0.1]
      [Ext Root Scanning (ms): Min: 0.7, Avg: 0.8, Max: 0.8, Diff: 0.1, Sum: 6.3]
      [Update RS (ms): Min: 0.2, Avg: 0.3, Max: 0.4, Diff: 0.2, Sum: 2.4]
         [Processed Buffers: Min: 1, Avg: 2.1, Max: 3, Diff: 2, Sum: 17]
      [Scan RS (ms): Min: 0.2, Avg: 0.3, Max: 0.4, Diff: 0.2, Sum: 2.3]
      [Code Root Scanning (ms): Min: 0.0, Avg: 0.0, Max: 0.0, Diff: 0.0, Sum: 0.0]
      [Object Copy (ms): Min: 29.1, Avg: 29.1, Max: 29.1, Diff: 0.0, Sum: 232.6]
      [Termination (ms): Min: 0.0, Avg: 0.0, Max: 0.0, Diff: 0.0, Sum: 0.0]
      [GC Worker Other (ms): Min: 0.0, Avg: 0.0, Max: 0.1, Diff: 0.0, Sum: 0.4]
      [GC Worker Total (ms): Min: 30.5, Avg: 30.5, Max: 30.5, Diff: 0.1, Sum: 244.0]
      [GC Worker End (ms): Min: 21026.2, Avg: 21026.2, Max: 21026.2, Diff: 0.0]
   [Code Root Fixup: 0.0 ms]
   [Code Root Migration: 0.1 ms]
   [Clear CT: 0.3 ms]
   [Other: 1.0 ms]
      [Choose CSet: 0.0 ms]
      [Ref Proc: 0.1 ms]
      [Ref Enq: 0.0 ms]
      [Free CSet: 0.4 ms]
   [Eden: 713.0M(713.0M)->0.0B(791.0M) Survivors: 69.0M->69.0M Heap: 910.1M(1304.0M)->197.1M(1434.0M)]
 [Times: user=0.23 sys=0.02, real=0.03 secs] 
21.028: Total time for which application threads were stopped: 0.0322090 seconds, Stopping threads took: 0.0000620 seconds
21.440: Application time: 0.4125740 seconds
21.440: [GC pause (young), 0.0339870 secs]
   [Parallel Time: 32.5 ms, GC Workers: 8]
      [GC Worker Start (ms): Min: 21440.5, Avg: 21440.5, Max: 21440.6, Diff: 0.1]
      [Ext Root Scanning (ms): Min: 0.7, Avg: 0.8, Max: 0.8, Diff: 0.1, Sum: 6.1]
      [Update RS (ms): Min: 0.2, Avg: 0.3, Max: 0.4, Diff: 0.2, Sum: 2.4]
         [Processed Buffers: Min: 1, Avg: 2.1, Max: 3, Diff: 2, Sum: 17]
      [Scan RS (ms): Min: 0.2, Avg: 0.3, Max: 0.4, Diff: 0.2, Sum: 2.6]
      [Code Root Scanning (ms): Min: 0.0, Avg: 0.0, Max: 0.0, Diff: 0.0, Sum: 0.0]
      [Object Copy (ms): Min: 29.1, Avg: 29.4, Max: 31.0, Diff: 1.9, Sum: 234.8]
      [Termination (ms): Min: 0.0, Avg: 1.7, Max: 1.9, Diff: 1.9, Sum: 13.5]
      [GC Worker Other (ms): Min: 0.0, Avg: 0.0, Max: 0.0, Diff: 0.0, Sum: 0.2]
      [GC Worker Total (ms): Min: 32.4, Avg: 32.5, Max: 32.5, Diff: 0.1, Sum: 259.7]
      [GC Worker End (ms): Min: 21473.0, Avg: 21473.0, Max: 21473.0, Diff: 0.0]
   [Code Root Fixup: 0.0 ms]
   [Code Root Migration: 0.1 ms]
   [Clear CT: 0.4 ms]
   [Other: 0.9 ms]
      [Choose CSet: 0.0 ms]
      [Ref Proc: 0.1 ms]
      [Ref Enq: 0.0 ms]
      [Free CSet: 0.5 ms]
   [Eden: 791.0M(791.0M)->0.0B(852.0M) Survivors: 69.0M->70.0M Heap: 988.1M(1434.0M)->198.1M(1538.0M)]
 [Times: user=0.25 sys=0.01, real=0.04 secs] 
21.474: Total time for which application threads were stopped: 0.0341580 seconds, Stopping threads took: 0.0000520 seconds
21.915: Application time: 0.4404310 seconds
21.915: [GC pause (young), 0.0322970 secs]
   [Parallel Time: 31.1 ms, GC Workers: 8]
      [GC Worker Start (ms): Min: 21915.1, Avg: 21915.1, Max: 21915.1, Diff: 0.1]
      [Ext Root Scanning (ms): Min: 0.8, Avg: 0.8, Max: 0.9, Diff: 0.1, Sum: 6.6]
      [Update RS (ms): Min: 0.2, Avg: 0.3, Max: 0.4, Diff: 0.2, Sum: 2.4]
         [Processed Buffers: Min: 1, Avg: 2.1, Max: 3, Diff: 2, Sum: 17]
      [Scan RS (ms): Min: 0.3, Avg: 0.4, Max: 0.4, Diff: 0.2, Sum: 2.8]
      [Code Root Scanning (ms): Min: 0.0, Avg: 0.0, Max: 0.0, Diff: 0.0, Sum: 0.0]
      [Object Copy (ms): Min: 29.5, Avg: 29.5, Max: 29.5, Diff: 0.0, Sum: 235.7]
      [Termination (ms): Min: 0.0, Avg: 0.0, Max: 0.0, Diff: 0.0, Sum: 0.0]
      [GC Worker Other (ms): Min: 0.0, Avg: 0.1, Max: 0.1, Diff: 0.0, Sum: 0.4]
      [GC Worker Total (ms): Min: 31.0, Avg: 31.0, Max: 31.0, Diff: 0.1, Sum: 248.0]
      [GC Worker End (ms): Min: 21946.1, Avg: 21946.1, Max: 21946.1, Diff: 0.0]
   [Code Root Fixup: 0.1 ms]
   [Code Root Migration: 0.1 ms]
   [Clear CT: 0.4 ms]
   [Other: 0.7 ms]
      [Choose CSet: 0.0 ms]
      [Ref Proc: 0.1 ms]
      [Ref Enq: 0.0 ms]
      [Free CSet: 0.5 ms]
   [Eden: 852.0M(852.0M)->0.0B(852.0M) Survivors: 70.0M->70.0M Heap: 1050.1M(1538.0M)->197.6M(1538.0M)]
 [Times: user=0.24 sys=0.02, real=0.03 secs] 
21.947: Total time for which application threads were stopped: 0.0324830 seconds, Stopping threads took: 0.0000490 seconds
22.383: Application time: 0.4351650 seconds
22.383: [GC pause (young), 0.0325330 secs]
   [Parallel Time: 31.4 ms, GC Workers: 8]
      [GC Worker Start (ms): Min: 22382.7, Avg: 22382.8, Max: 22382.8, Diff: 0.1]
      [Ext Root Scanning (ms): Min: 0.7, Avg: 0.8, Max: 0.9, Diff: 0.2, Sum: 6.6]
      [Update RS (ms): Min: 0.1, Avg: 0.3, Max: 0.4, Diff: 0.3, Sum: 2.4]
         [Processed Buffers: Min: 1, Avg: 2.1, Max: 3, Diff: 2, Sum: 17]
      [Scan RS (ms): Min: 0.2, Avg: 0.4, Max: 0.4, Diff: 0.2, Sum: 2.8]
      [Code Root Scanning (ms): Min: 0.0, Avg: 0.0, Max: 0.0, Diff: 0.0, Sum: 0.0]
      [Object Copy (ms): Min: 29.8, Avg: 29.8, Max: 29.8, Diff: 0.0, Sum: 238.5]
      [Termination (ms): Min: 0.0, Avg: 0.0, Max: 0.0, Diff: 0.0, Sum: 0.0]
      [GC Worker Other (ms): Min: 0.0, Avg: 0.1, Max: 0.1, Diff: 0.1, Sum: 0.4]
      [GC Worker Total (ms): Min: 31.3, Avg: 31.3, Max: 31.4, Diff: 0.1, Sum: 250.7]
      [GC Worker End (ms): Min: 22414.1, Avg: 22414.1, Max: 22414.1, Diff: 0.0]
   [Code Root Fixup: 0.1 ms]
   [Code Root Migration: 0.1 ms]
   [Clear CT: 0.3 ms]
   [Other: 0.6 ms]
      [Choose CSet: 0.0 ms]
      [Ref Proc: 0.1 ms]
      [Ref Enq: 0.0 ms]
      [Free CSet: 0.5 ms]
   [Eden: 852.0M(852.0M)->0.0B(852.0M) Survivors: 70.0M->70.0M Heap: 1049.6M(1538.0M)->198.1M(1538.0M)]
 [Times: user=0.26 sys=0.00, real=0.04 secs] 
22.415: Total time for which application threads were stopped: 0.0327340 seconds, Stopping threads took: 0.0000520 seconds
22.846: Application time: 0.4310010 seconds
22.846: [GC pause (young), 0.0331560 secs]
   [Parallel Time: 31.9 ms, GC Workers: 8]
      [GC Worker Start (ms): Min: 22846.4, Avg: 22846.5, Max: 22846.5, Diff: 0.1]
      [Ext Root Scanning (ms): Min: 0.7, Avg: 0.8, Max: 0.9, Diff: 0.1, Sum: 6.6]
      [Update RS (ms): Min: 0.2, Avg: 0.3, Max: 0.3, Diff: 0.1, Sum: 2.3]
         [Processed Buffers: Min: 1, Avg: 2.1, Max: 3, Diff: 2, Sum: 17]
      [Scan RS (ms): Min: 0.3, Avg: 0.4, Max: 0.4, Diff: 0.1, Sum: 3.0]
      [Code Root Scanning (ms): Min: 0.0, Avg: 0.0, Max: 0.0, Diff: 0.0, Sum: 0.0]
      [Object Copy (ms): Min: 30.2, Avg: 30.3, Max: 30.3, Diff: 0.1, Sum: 242.0]
      [Termination (ms): Min: 0.0, Avg: 0.0, Max: 0.0, Diff: 0.0, Sum: 0.0]
      [GC Worker Other (ms): Min: 0.0, Avg: 0.1, Max: 0.1, Diff: 0.1, Sum: 0.4]
      [GC Worker Total (ms): Min: 31.8, Avg: 31.8, Max: 31.8, Diff: 0.1, Sum: 254.4]
      [GC Worker End (ms): Min: 22878.2, Avg: 22878.3, Max: 22878.3, Diff: 0.0]
   [Code Root Fixup: 0.1 ms]
   [Code Root Migration: 0.1 ms]
   [Clear CT: 0.4 ms]
   [Other: 0.7 ms]
      [Choose CSet: 0.0 ms]
      [Ref Proc: 0.1 ms]
      [Ref Enq: 0.0 ms]
      [Free CSet: 0.6 ms]
   [Eden: 852.0M(852.0M)->0.0B(852.0M) Survivors: 70.0M->70.0M Heap: 1050.1M(1538.0M)->197.6M(1538.0M)]
 [Times: user=0.26 sys=0.00, real=0.03 secs] 
22.880: Total time for which application threads were stopped: 0.0333100 seconds, Stopping threads took: 0.0000320 seconds
23.310: Application time: 0.4305480 seconds
23.310: [GC pause (young), 0.0327080 secs]
   [Parallel Time: 31.6 ms, GC Workers: 8]
      [GC Worker Start (ms): Min: 23310.3, Avg: 23310.3, Max: 23310.4, Diff: 0.1]
      [Ext Root Scanning (ms): Min: 0.7, Avg: 0.8, Max: 0.8, Diff: 0.1, Sum: 6.4]
      [Update RS (ms): Min: 0.2, Avg: 0.3, Max: 0.4, Diff: 0.2, Sum: 2.4]
         [Processed Buffers: Min: 1, Avg: 2.1, Max: 3, Diff: 2, Sum: 17]
      [Scan RS (ms): Min: 0.3, Avg: 0.4, Max: 0.4, Diff: 0.1, Sum: 3.0]
      [Code Root Scanning (ms): Min: 0.0, Avg: 0.0, Max: 0.0, Diff: 0.0, Sum: 0.0]
      [Object Copy (ms): Min: 30.0, Avg: 30.0, Max: 30.0, Diff: 0.0, Sum: 239.8]
      [Termination (ms): Min: 0.0, Avg: 0.0, Max: 0.0, Diff: 0.0, Sum: 0.0]
      [GC Worker Other (ms): Min: 0.0, Avg: 0.0, Max: 0.1, Diff: 0.0, Sum: 0.3]
      [GC Worker Total (ms): Min: 31.4, Avg: 31.5, Max: 31.5, Diff: 0.1, Sum: 252.0]
      [GC Worker End (ms): Min: 23341.8, Avg: 23341.8, Max: 23341.8, Diff: 0.0]
   [Code Root Fixup: 0.0 ms]
   [Code Root Migration: 0.1 ms]
   [Clear CT: 0.4 ms]
   [Other: 0.6 ms]
      [Choose CSet: 0.0 ms]
      [Ref Proc: 0.1 ms]
      [Ref Enq: 0.0 ms]
      [Free CSet: 0.5 ms]
   [Eden: 852.0M(852.0M)->0.0B(852.0M) Survivors: 70.0M->70.0M Heap: 1049.6M(1538.0M)->197.7M(1538.0M)]
 [Times: user=0.25 sys=0.00, real=0.03 secs] 
23.343: Total time for which application threads were stopped: 0.0328690 seconds, Stopping threads took: 0.0000170 seconds
23.771: Application time: 0.4283960 seconds
23.772: [GC pause (young), 0.0331500 secs]
   [Parallel Time: 31.9 ms, GC Workers: 8]
      [GC Worker Start (ms): Min: 23771.6, Avg: 23772.1, Max: 23775.4, Diff: 3.8]
      [Ext Root Scanning (ms): Min: 0.0, Avg: 0.7, Max: 0.9, Diff: 0.9, Sum: 5.4]
      [Update RS (ms): Min: 0.0, Avg: 0.3, Max: 0.5, Diff: 0.5, Sum: 2.2]
         [Processed Buffers: Min: 0, Avg: 2.1, Max: 3, Diff: 3, Sum: 17]
      [Scan RS (ms): Min: 0.2, Avg: 0.4, Max: 0.5, Diff: 0.3, Sum: 2.9]
      [Code Root Scanning (ms): Min: 0.0, Avg: 0.0, Max: 0.0, Diff: 0.0, Sum: 0.0]
      [Object Copy (ms): Min: 27.9, Avg: 30.1, Max: 30.4, Diff: 2.6, Sum: 240.4]
      [Termination (ms): Min: 0.0, Avg: 0.0, Max: 0.0, Diff: 0.0, Sum: 0.0]
      [GC Worker Other (ms): Min: 0.0, Avg: 0.0, Max: 0.1, Diff: 0.0, Sum: 0.4]
      [GC Worker Total (ms): Min: 28.1, Avg: 31.4, Max: 31.9, Diff: 3.8, Sum: 251.3]
      [GC Worker End (ms): Min: 23803.5, Avg: 23803.5, Max: 23803.5, Diff: 0.0]
   [Code Root Fixup: 0.0 ms]
   [Code Root Migration: 0.1 ms]
   [Clear CT: 0.4 ms]
   [Other: 0.7 ms]
      [Choose CSet: 0.0 ms]
      [Ref Proc: 0.1 ms]
      [Ref Enq: 0.0 ms]
      [Free CSet: 0.5 ms]
   [Eden: 852.0M(852.0M)->0.0B(852.0M) Survivors: 70.0M->70.0M Heap: 1049.7M(1538.0M)->198.2M(1538.0M)]
 [Times: user=0.25 sys=0.00, real=0.03 secs] 
23.805: Total time for which application threads were stopped: 0.0333300 seconds, Stopping threads took: 0.0000550 seconds
24.236: Application time: 0.4308550 seconds
24.236: [GC pause (young), 0.0310400 secs]
   [Parallel Time: 29.9 ms, GC Workers: 8]
      [GC Worker Start (ms): Min: 24235.8, Avg: 24235.8, Max: 24235.8, Diff: 0.1]
      [Ext Root Scanning (ms): Min: 0.7, Avg: 0.7, Max: 0.8, Diff: 0.1, Sum: 5.9]
      [Update RS (ms): Min: 0.2, Avg: 0.3, Max: 0.4, Diff: 0.2, Sum: 2.3]
         [Processed Buffers: Min: 1, Avg: 2.1, Max: 3, Diff: 2, Sum: 17]
      [Scan RS (ms): Min: 0.3, Avg: 0.4, Max: 0.4, Diff: 0.1, Sum: 3.0]
      [Code Root Scanning (ms): Min: 0.0, Avg: 0.0, Max: 0.0, Diff: 0.0, Sum: 0.0]
      [Object Copy (ms): Min: 28.3, Avg: 28.4, Max: 28.4, Diff: 0.1, Sum: 226.9]
      [Termination (ms): Min: 0.0, Avg: 0.0, Max: 0.0, Diff: 0.0, Sum: 0.0]
      [GC Worker Other (ms): Min: 0.0, Avg: 0.0, Max: 0.1, Diff: 0.0, Sum: 0.3]
      [GC Worker Total (ms): Min: 29.8, Avg: 29.8, Max: 29.9, Diff: 0.1, Sum: 238.5]
      [GC Worker End (ms): Min: 24265.6, Avg: 24265.6, Max: 24265.6, Diff: 0.0]
   [Code Root Fixup: 0.0 ms]
   [Code Root Migration: 0.1 ms]
   [Clear CT: 0.4 ms]
   [Other: 0.6 ms]
      [Choose CSet: 0.0 ms]
      [Ref Proc: 0.1 ms]
      [Ref Enq: 0.0 ms]
      [Free CSet: 0.5 ms]
   [Eden: 852.0M(852.0M)->0.0B(854.0M) Survivors: 70.0M->68.0M Heap: 1050.2M(1538.0M)->195.7M(1538.0M)]
 [Times: user=0.24 sys=0.00, real=0.03 secs] 
24.267: Total time for which application threads were stopped: 0.0312300 seconds, Stopping threads took: 0.0000520 seconds
24.706: Application time: 0.4394460 seconds
24.706: [GC pause (young), 0.0335600 secs]
   [Parallel Time: 32.3 ms, GC Workers: 8]
      [GC Worker Start (ms): Min: 24706.5, Avg: 24706.5, Max: 24706.5, Diff: 0.1]
      [Ext Root Scanning (ms): Min: 0.7, Avg: 0.7, Max: 0.8, Diff: 0.1, Sum: 5.8]
      [Update RS (ms): Min: 0.2, Avg: 0.3, Max: 0.4, Diff: 0.2, Sum: 2.4]
         [Processed Buffers: Min: 1, Avg: 2.1, Max: 3, Diff: 2, Sum: 17]
      [Scan RS (ms): Min: 0.3, Avg: 0.4, Max: 0.4, Diff: 0.2, Sum: 3.0]
      [Code Root Scanning (ms): Min: 0.0, Avg: 0.0, Max: 0.0, Diff: 0.0, Sum: 0.0]
      [Object Copy (ms): Min: 30.8, Avg: 30.8, Max: 30.9, Diff: 0.1, Sum: 246.5]
      [Termination (ms): Min: 0.0, Avg: 0.0, Max: 0.0, Diff: 0.0, Sum: 0.0]
      [GC Worker Other (ms): Min: 0.0, Avg: 0.1, Max: 0.1, Diff: 0.0, Sum: 0.5]
      [GC Worker Total (ms): Min: 32.2, Avg: 32.3, Max: 32.3, Diff: 0.1, Sum: 258.1]
      [GC Worker End (ms): Min: 24738.7, Avg: 24738.7, Max: 24738.8, Diff: 0.0]
   [Code Root Fixup: 0.0 ms]
   [Code Root Migration: 0.1 ms]
   [Clear CT: 0.4 ms]
   [Other: 0.7 ms]
      [Choose CSet: 0.0 ms]
      [Ref Proc: 0.1 ms]
      [Ref Enq: 0.0 ms]
      [Free CSet: 0.5 ms]
   [Eden: 854.0M(854.0M)->0.0B(851.0M) Survivors: 68.0M->71.0M Heap: 1049.7M(1538.0M)->199.2M(1538.0M)]
 [Times: user=0.26 sys=0.00, real=0.03 secs] 
24.740: Total time for which application threads were stopped: 0.0337490 seconds, Stopping threads took: 0.0000590 seconds
25.190: Application time: 0.4496220 seconds
25.190: [GC pause (young), 0.0328810 secs]
   [Parallel Time: 31.6 ms, GC Workers: 8]
      [GC Worker Start (ms): Min: 25189.8, Avg: 25189.8, Max: 25189.9, Diff: 0.1]
      [Ext Root Scanning (ms): Min: 0.7, Avg: 0.7, Max: 0.8, Diff: 0.1, Sum: 6.0]
      [Update RS (ms): Min: 0.2, Avg: 0.3, Max: 0.5, Diff: 0.3, Sum: 2.4]
         [Processed Buffers: Min: 1, Avg: 2.1, Max: 3, Diff: 2, Sum: 17]
      [Scan RS (ms): Min: 0.3, Avg: 0.4, Max: 0.5, Diff: 0.2, Sum: 3.1]
      [Code Root Scanning (ms): Min: 0.0, Avg: 0.0, Max: 0.0, Diff: 0.0, Sum: 0.0]
      [Object Copy (ms): Min: 30.0, Avg: 30.0, Max: 30.1, Diff: 0.1, Sum: 240.2]
      [Termination (ms): Min: 0.0, Avg: 0.0, Max: 0.0, Diff: 0.0, Sum: 0.0]
      [GC Worker Other (ms): Min: 0.0, Avg: 0.0, Max: 0.1, Diff: 0.0, Sum: 0.4]
      [GC Worker Total (ms): Min: 31.5, Avg: 31.5, Max: 31.5, Diff: 0.1, Sum: 252.0]
      [GC Worker End (ms): Min: 25221.3, Avg: 25221.3, Max: 25221.4, Diff: 0.0]
   [Code Root Fixup: 0.0 ms]
   [Code Root Migration: 0.1 ms]
   [Clear CT: 0.4 ms]
   [Other: 0.8 ms]
      [Choose CSet: 0.0 ms]
      [Ref Proc: 0.1 ms]
      [Ref Enq: 0.0 ms]
      [Free CSet: 0.5 ms]
   [Eden: 851.0M(851.0M)->0.0B(854.0M) Survivors: 71.0M->68.0M Heap: 1050.2M(1538.0M)->196.2M(1538.0M)]
 [Times: user=0.26 sys=0.00, real=0.03 secs] 
25.223: Total time for which application threads were stopped: 0.0330500 seconds, Stopping threads took: 0.0000340 seconds
25.683: Application time: 0.4599370 seconds
25.683: [GC pause (young), 0.0325190 secs]
   [Parallel Time: 31.3 ms, GC Workers: 8]
      [GC Worker Start (ms): Min: 25682.8, Avg: 25682.8, Max: 25682.9, Diff: 0.1]
      [Ext Root Scanning (ms): Min: 0.8, Avg: 0.8, Max: 0.8, Diff: 0.1, Sum: 6.4]
      [Update RS (ms): Min: 0.2, Avg: 0.3, Max: 0.4, Diff: 0.1, Sum: 2.3]
         [Processed Buffers: Min: 1, Avg: 2.1, Max: 3, Diff: 2, Sum: 17]
      [Scan RS (ms): Min: 0.3, Avg: 0.4, Max: 0.4, Diff: 0.1, Sum: 2.9]
      [Code Root Scanning (ms): Min: 0.0, Avg: 0.0, Max: 0.0, Diff: 0.0, Sum: 0.0]
      [Object Copy (ms): Min: 29.7, Avg: 29.7, Max: 29.7, Diff: 0.0, Sum: 237.8]
      [Termination (ms): Min: 0.0, Avg: 0.0, Max: 0.0, Diff: 0.0, Sum: 0.0]
      [GC Worker Other (ms): Min: 0.0, Avg: 0.1, Max: 0.1, Diff: 0.0, Sum: 0.5]
      [GC Worker Total (ms): Min: 31.2, Avg: 31.2, Max: 31.3, Diff: 0.1, Sum: 249.8]
      [GC Worker End (ms): Min: 25714.0, Avg: 25714.1, Max: 25714.1, Diff: 0.0]
   [Code Root Fixup: 0.0 ms]
   [Code Root Migration: 0.1 ms]
   [Clear CT: 0.4 ms]
   [Other: 0.7 ms]
      [Choose CSet: 0.0 ms]
      [Ref Proc: 0.1 ms]
      [Ref Enq: 0.0 ms]
      [Free CSet: 0.5 ms]
   [Eden: 854.0M(854.0M)->0.0B(852.0M) Survivors: 68.0M->70.0M Heap: 1050.2M(1538.0M)->197.7M(1538.0M)]
 [Times: user=0.26 sys=0.00, real=0.04 secs] 
25.715: Total time for which application threads were stopped: 0.0326980 seconds, Stopping threads took: 0.0000420 seconds
26.167: Application time: 0.4518820 seconds
26.167: [GC pause (young), 0.0331510 secs]
   [Parallel Time: 31.9 ms, GC Workers: 8]
      [GC Worker Start (ms): Min: 26167.4, Avg: 26167.4, Max: 26167.5, Diff: 0.1]
      [Ext Root Scanning (ms): Min: 0.7, Avg: 0.8, Max: 0.8, Diff: 0.1, Sum: 6.2]
      [Update RS (ms): Min: 0.2, Avg: 0.3, Max: 0.4, Diff: 0.2, Sum: 2.3]
         [Processed Buffers: Min: 1, Avg: 2.1, Max: 3, Diff: 2, Sum: 17]
      [Scan RS (ms): Min: 0.3, Avg: 0.4, Max: 0.4, Diff: 0.1, Sum: 2.9]
      [Code Root Scanning (ms): Min: 0.0, Avg: 0.0, Max: 0.0, Diff: 0.0, Sum: 0.0]
      [Object Copy (ms): Min: 30.3, Avg: 30.3, Max: 30.4, Diff: 0.0, Sum: 242.7]
      [Termination (ms): Min: 0.0, Avg: 0.0, Max: 0.0, Diff: 0.0, Sum: 0.0]
      [GC Worker Other (ms): Min: 0.0, Avg: 0.0, Max: 0.1, Diff: 0.1, Sum: 0.4]
      [GC Worker Total (ms): Min: 31.8, Avg: 31.8, Max: 31.9, Diff: 0.1, Sum: 254.6]
      [GC Worker End (ms): Min: 26199.2, Avg: 26199.3, Max: 26199.3, Diff: 0.0]
   [Code Root Fixup: 0.0 ms]
   [Code Root Migration: 0.1 ms]
   [Clear CT: 0.4 ms]
   [Other: 0.7 ms]
      [Choose CSet: 0.0 ms]
      [Ref Proc: 0.1 ms]
      [Ref Enq: 0.0 ms]
      [Free CSet: 0.5 ms]
   [Eden: 852.0M(852.0M)->0.0B(852.0M) Survivors: 70.0M->70.0M Heap: 1049.7M(1538.0M)->197.7M(1538.0M)]
 [Times: user=0.25 sys=0.00, real=0.03 secs] 
26.201: Total time for which application threads were stopped: 0.0333460 seconds, Stopping threads took: 0.0000430 seconds
26.641: Application time: 0.4399480 seconds
26.641: [GC pause (young), 0.0333770 secs]
   [Parallel Time: 32.1 ms, GC Workers: 8]
      [GC Worker Start (ms): Min: 26640.7, Avg: 26640.7, Max: 26640.8, Diff: 0.1]
      [Ext Root Scanning (ms): Min: 0.7, Avg: 0.8, Max: 0.8, Diff: 0.2, Sum: 6.1]
      [Update RS (ms): Min: 0.2, Avg: 0.3, Max: 0.5, Diff: 0.3, Sum: 2.3]
         [Processed Buffers: Min: 1, Avg: 2.1, Max: 3, Diff: 2, Sum: 17]
      [Scan RS (ms): Min: 0.3, Avg: 0.4, Max: 0.4, Diff: 0.1, Sum: 3.0]
      [Code Root Scanning (ms): Min: 0.0, Avg: 0.0, Max: 0.0, Diff: 0.0, Sum: 0.1]
      [Object Copy (ms): Min: 30.5, Avg: 30.6, Max: 30.6, Diff: 0.1, Sum: 244.4]
      [Termination (ms): Min: 0.0, Avg: 0.0, Max: 0.0, Diff: 0.0, Sum: 0.0]
      [GC Worker Other (ms): Min: 0.0, Avg: 0.0, Max: 0.1, Diff: 0.0, Sum: 0.4]
      [GC Worker Total (ms): Min: 32.0, Avg: 32.0, Max: 32.1, Diff: 0.1, Sum: 256.3]
      [GC Worker End (ms): Min: 26672.7, Avg: 26672.8, Max: 26672.8, Diff: 0.0]
   [Code Root Fixup: 0.0 ms]
   [Code Root Migration: 0.1 ms]
   [Clear CT: 0.4 ms]
   [Other: 0.7 ms]
      [Choose CSet: 0.0 ms]
      [Ref Proc: 0.2 ms]
      [Ref Enq: 0.0 ms]
      [Free CSet: 0.5 ms]
   [Eden: 852.0M(852.0M)->0.0B(852.0M) Survivors: 70.0M->70.0M Heap: 1049.7M(1538.0M)->197.7M(1538.0M)]
 [Times: user=0.26 sys=0.00, real=0.04 secs] 
26.674: Total time for which application threads were stopped: 0.0335610 seconds, Stopping threads took: 0.0000590 seconds
27.113: Application time: 0.4388070 seconds
27.113: [GC pause (young), 0.0328540 secs]
   [Parallel Time: 31.7 ms, GC Workers: 8]
      [GC Worker Start (ms): Min: 27113.0, Avg: 27113.1, Max: 27113.1, Diff: 0.1]
      [Ext Root Scanning (ms): Min: 0.7, Avg: 0.8, Max: 0.9, Diff: 0.2, Sum: 6.5]
      [Update RS (ms): Min: 0.2, Avg: 0.3, Max: 0.4, Diff: 0.1, Sum: 2.3]
         [Processed Buffers: Min: 1, Avg: 2.1, Max: 3, Diff: 2, Sum: 17]
      [Scan RS (ms): Min: 0.3, Avg: 0.4, Max: 0.4, Diff: 0.1, Sum: 3.0]
      [Code Root Scanning (ms): Min: 0.0, Avg: 0.0, Max: 0.0, Diff: 0.0, Sum: 0.0]
      [Object Copy (ms): Min: 30.1, Avg: 30.1, Max: 30.1, Diff: 0.1, Sum: 240.7]
      [Termination (ms): Min: 0.0, Avg: 0.0, Max: 0.0, Diff: 0.0, Sum: 0.0]
      [GC Worker Other (ms): Min: 0.0, Avg: 0.0, Max: 0.1, Diff: 0.0, Sum: 0.4]
      [GC Worker Total (ms): Min: 31.6, Avg: 31.6, Max: 31.6, Diff: 0.1, Sum: 252.9]
      [GC Worker End (ms): Min: 27144.7, Avg: 27144.7, Max: 27144.7, Diff: 0.0]
   [Code Root Fixup: 0.0 ms]
   [Code Root Migration: 0.1 ms]
   [Clear CT: 0.4 ms]
   [Other: 0.6 ms]
      [Choose CSet: 0.0 ms]
      [Ref Proc: 0.1 ms]
      [Ref Enq: 0.0 ms]
      [Free CSet: 0.5 ms]
   [Eden: 852.0M(852.0M)->0.0B(852.0M) Survivors: 70.0M->70.0M Heap: 1049.7M(1538.0M)->197.7M(1538.0M)]
 [Times: user=0.25 sys=0.00, real=0.03 secs] 
27.146: Total time for which application threads were stopped: 0.0330230 seconds, Stopping threads took: 0.0000290 seconds
27.581: Application time: 0.4348640 seconds
27.581: [GC pause (young), 0.0334050 secs]
   [Parallel Time: 32.2 ms, GC Workers: 8]
      [GC Worker Start (ms): Min: 27581.0, Avg: 27581.0, Max: 27581.0, Diff: 0.1]
      [Ext Root Scanning (ms): Min: 0.7, Avg: 0.8, Max: 0.8, Diff: 0.1, Sum: 6.1]
      [Update RS (ms): Min: 0.2, Avg: 0.3, Max: 0.4, Diff: 0.2, Sum: 2.3]
         [Processed Buffers: Min: 1, Avg: 2.1, Max: 3, Diff: 2, Sum: 17]
      [Scan RS (ms): Min: 0.3, Avg: 0.4, Max: 0.4, Diff: 0.2, Sum: 3.1]
      [Code Root Scanning (ms): Min: 0.0, Avg: 0.0, Max: 0.0, Diff: 0.0, Sum: 0.1]
      [Object Copy (ms): Min: 30.6, Avg: 30.6, Max: 30.7, Diff: 0.1, Sum: 245.0]
      [Termination (ms): Min: 0.0, Avg: 0.0, Max: 0.0, Diff: 0.0, Sum: 0.0]
      [GC Worker Other (ms): Min: 0.0, Avg: 0.0, Max: 0.1, Diff: 0.0, Sum: 0.4]
      [GC Worker Total (ms): Min: 32.1, Avg: 32.1, Max: 32.1, Diff: 0.1, Sum: 256.8]
      [GC Worker End (ms): Min: 27613.1, Avg: 27613.1, Max: 27613.1, Diff: 0.0]
   [Code Root Fixup: 0.0 ms]
   [Code Root Migration: 0.1 ms]
   [Clear CT: 0.4 ms]
   [Other: 0.7 ms]
      [Choose CSet: 0.0 ms]
      [Ref Proc: 0.1 ms]
      [Ref Enq: 0.0 ms]
      [Free CSet: 0.5 ms]
   [Eden: 852.0M(852.0M)->0.0B(852.0M) Survivors: 70.0M->70.0M Heap: 1049.7M(1538.0M)->197.7M(1538.0M)]
 [Times: user=0.26 sys=0.00, real=0.04 secs] 
27.614: Total time for which application threads were stopped: 0.0336060 seconds, Stopping threads took: 0.0000350 seconds
28.045: Application time: 0.4308870 seconds
28.045: [GC pause (young), 0.0329640 secs]
   [Parallel Time: 31.8 ms, GC Workers: 8]
      [GC Worker Start (ms): Min: 28045.5, Avg: 28045.5, Max: 28045.5, Diff: 0.1]
      [Ext Root Scanning (ms): Min: 0.7, Avg: 0.8, Max: 0.8, Diff: 0.1, Sum: 6.0]
      [Update RS (ms): Min: 0.2, Avg: 0.3, Max: 0.4, Diff: 0.2, Sum: 2.3]
         [Processed Buffers: Min: 1, Avg: 2.1, Max: 3, Diff: 2, Sum: 17]
      [Scan RS (ms): Min: 0.3, Avg: 0.4, Max: 0.4, Diff: 0.1, Sum: 3.1]
      [Code Root Scanning (ms): Min: 0.0, Avg: 0.0, Max: 0.0, Diff: 0.0, Sum: 0.0]
      [Object Copy (ms): Min: 30.2, Avg: 30.3, Max: 30.3, Diff: 0.1, Sum: 242.1]
      [Termination (ms): Min: 0.0, Avg: 0.0, Max: 0.0, Diff: 0.0, Sum: 0.0]
      [GC Worker Other (ms): Min: 0.0, Avg: 0.0, Max: 0.1, Diff: 0.0, Sum: 0.4]
      [GC Worker Total (ms): Min: 31.7, Avg: 31.7, Max: 31.8, Diff: 0.1, Sum: 254.0]
      [GC Worker End (ms): Min: 28077.2, Avg: 28077.2, Max: 28077.3, Diff: 0.0]
   [Code Root Fixup: 0.0 ms]
   [Code Root Migration: 0.1 ms]
   [Clear CT: 0.4 ms]
   [Other: 0.6 ms]
      [Choose CSet: 0.0 ms]
      [Ref Proc: 0.1 ms]
      [Ref Enq: 0.0 ms]
      [Free CSet: 0.5 ms]
   [Eden: 852.0M(852.0M)->0.0B(853.0M) Survivors: 70.0M->69.0M Heap: 1049.7M(1538.0M)->197.2M(1538.0M)]
 [Times: user=0.26 sys=0.00, real=0.03 secs] 
28.078: Total time for which application threads were stopped: 0.0331570 seconds, Stopping threads took: 0.0000530 seconds
28.508: Application time: 0.4291670 seconds
28.508: [GC pause (young), 0.0335450 secs]
   [Parallel Time: 32.3 ms, GC Workers: 8]
      [GC Worker Start (ms): Min: 28507.7, Avg: 28507.8, Max: 28507.8, Diff: 0.1]
      [Ext Root Scanning (ms): Min: 0.7, Avg: 0.8, Max: 0.8, Diff: 0.1, Sum: 6.0]
      [Update RS (ms): Min: 0.2, Avg: 0.3, Max: 0.4, Diff: 0.2, Sum: 2.3]
         [Processed Buffers: Min: 1, Avg: 2.1, Max: 4, Diff: 3, Sum: 17]
      [Scan RS (ms): Min: 0.3, Avg: 0.4, Max: 0.5, Diff: 0.1, Sum: 3.1]
      [Code Root Scanning (ms): Min: 0.0, Avg: 0.0, Max: 0.0, Diff: 0.0, Sum: 0.0]
      [Object Copy (ms): Min: 30.7, Avg: 30.8, Max: 30.8, Diff: 0.1, Sum: 246.3]
      [Termination (ms): Min: 0.0, Avg: 0.0, Max: 0.0, Diff: 0.0, Sum: 0.0]
      [GC Worker Other (ms): Min: 0.0, Avg: 0.0, Max: 0.1, Diff: 0.0, Sum: 0.4]
      [GC Worker Total (ms): Min: 32.2, Avg: 32.3, Max: 32.3, Diff: 0.1, Sum: 258.1]
      [GC Worker End (ms): Min: 28540.0, Avg: 28540.0, Max: 28540.1, Diff: 0.0]
   [Code Root Fixup: 0.0 ms]
   [Code Root Migration: 0.1 ms]
   [Clear CT: 0.4 ms]
   [Other: 0.7 ms]
      [Choose CSet: 0.0 ms]
      [Ref Proc: 0.1 ms]
      [Ref Enq: 0.0 ms]
      [Free CSet: 0.5 ms]
   [Eden: 853.0M(853.0M)->0.0B(852.0M) Survivors: 69.0M->70.0M Heap: 1050.2M(1538.0M)->197.8M(1538.0M)]
 [Times: user=0.26 sys=0.00, real=0.03 secs] 
28.541: Total time for which application threads were stopped: 0.0337070 seconds, Stopping threads took: 0.0000290 seconds
28.970: Application time: 0.4289610 seconds
28.970: [GC pause (young), 0.0346920 secs]
   [Parallel Time: 33.5 ms, GC Workers: 8]
      [GC Worker Start (ms): Min: 28970.4, Avg: 28970.5, Max: 28970.5, Diff: 0.1]
      [Ext Root Scanning (ms): Min: 0.7, Avg: 0.7, Max: 0.8, Diff: 0.1, Sum: 6.0]
      [Update RS (ms): Min: 0.2, Avg: 0.3, Max: 0.4, Diff: 0.1, Sum: 2.4]
         [Processed Buffers: Min: 1, Avg: 2.1, Max: 3, Diff: 2, Sum: 17]
      [Scan RS (ms): Min: 0.3, Avg: 0.4, Max: 0.4, Diff: 0.1, Sum: 3.1]
      [Code Root Scanning (ms): Min: 0.0, Avg: 0.0, Max: 0.0, Diff: 0.0, Sum: 0.0]
      [Object Copy (ms): Min: 31.9, Avg: 31.9, Max: 32.0, Diff: 0.1, Sum: 255.4]
      [Termination (ms): Min: 0.0, Avg: 0.0, Max: 0.0, Diff: 0.0, Sum: 0.0]
      [GC Worker Other (ms): Min: 0.0, Avg: 0.0, Max: 0.1, Diff: 0.0, Sum: 0.3]
      [GC Worker Total (ms): Min: 33.4, Avg: 33.4, Max: 33.4, Diff: 0.1, Sum: 267.2]
      [GC Worker End (ms): Min: 29003.8, Avg: 29003.9, Max: 29003.9, Diff: 0.0]
   [Code Root Fixup: 0.0 ms]
   [Code Root Migration: 0.1 ms]
   [Clear CT: 0.4 ms]
   [Other: 0.7 ms]
      [Choose CSet: 0.0 ms]
      [Ref Proc: 0.1 ms]
      [Ref Enq: 0.0 ms]
      [Free CSet: 0.5 ms]
   [Eden: 852.0M(852.0M)->0.0B(850.0M) Survivors: 70.0M->72.0M Heap: 1049.8M(1538.0M)->200.3M(1538.0M)]
 [Times: user=0.27 sys=0.00, real=0.04 secs] 
29.005: Total time for which application threads were stopped: 0.0348470 seconds, Stopping threads took: 0.0000170 seconds
29.438: Application time: 0.4325140 seconds
29.438: [GC pause (young), 0.0296850 secs]
   [Parallel Time: 28.4 ms, GC Workers: 8]
      [GC Worker Start (ms): Min: 29437.8, Avg: 29438.0, Max: 29439.3, Diff: 1.6]
      [Ext Root Scanning (ms): Min: 0.0, Avg: 0.7, Max: 0.9, Diff: 0.9, Sum: 5.3]
      [Update RS (ms): Min: 0.0, Avg: 0.3, Max: 0.4, Diff: 0.4, Sum: 2.2]
         [Processed Buffers: Min: 0, Avg: 2.1, Max: 3, Diff: 3, Sum: 17]
      [Scan RS (ms): Min: 0.0, Avg: 0.3, Max: 0.5, Diff: 0.4, Sum: 2.8]
      [Code Root Scanning (ms): Min: 0.0, Avg: 0.0, Max: 0.0, Diff: 0.0, Sum: 0.0]
      [Object Copy (ms): Min: 26.7, Avg: 26.8, Max: 26.9, Diff: 0.1, Sum: 214.4]
      [Termination (ms): Min: 0.0, Avg: 0.0, Max: 0.0, Diff: 0.0, Sum: 0.0]
      [GC Worker Other (ms): Min: 0.0, Avg: 0.0, Max: 0.1, Diff: 0.0, Sum: 0.3]
      [GC Worker Total (ms): Min: 26.8, Avg: 28.1, Max: 28.4, Diff: 1.6, Sum: 225.1]
      [GC Worker End (ms): Min: 29466.1, Avg: 29466.1, Max: 29466.2, Diff: 0.0]
   [Code Root Fixup: 0.1 ms]
   [Code Root Migration: 0.1 ms]
   [Clear CT: 0.4 ms]
   [Other: 0.7 ms]
      [Choose CSet: 0.0 ms]
      [Ref Proc: 0.1 ms]
      [Ref Enq: 0.0 ms]
      [Free CSet: 0.6 ms]
   [Eden: 850.0M(850.0M)->0.0B(858.0M) Survivors: 72.0M->64.0M Heap: 1050.3M(1538.0M)->191.8M(1538.0M)]
 [Times: user=0.22 sys=0.00, real=0.03 secs] 
29.468: Total time for which application threads were stopped: 0.0298370 seconds, Stopping threads took: 0.0000330 seconds
29.916: Application time: 0.4488320 seconds
29.916: [GC pause (young), 0.0314620 secs]
   [Parallel Time: 30.3 ms, GC Workers: 8]
      [GC Worker Start (ms): Min: 29916.5, Avg: 29916.5, Max: 29916.5, Diff: 0.1]
      [Ext Root Scanning (ms): Min: 0.6, Avg: 0.7, Max: 0.8, Diff: 0.1, Sum: 5.7]
      [Update RS (ms): Min: 0.2, Avg: 0.3, Max: 0.4, Diff: 0.2, Sum: 2.3]
         [Processed Buffers: Min: 1, Avg: 2.1, Max: 3, Diff: 2, Sum: 17]
      [Scan RS (ms): Min: 0.3, Avg: 0.4, Max: 0.4, Diff: 0.1, Sum: 3.0]
      [Code Root Scanning (ms): Min: 0.0, Avg: 0.0, Max: 0.0, Diff: 0.0, Sum: 0.1]
      [Object Copy (ms): Min: 28.7, Avg: 28.7, Max: 28.8, Diff: 0.1, Sum: 229.9]
      [Termination (ms): Min: 0.0, Avg: 0.0, Max: 0.0, Diff: 0.0, Sum: 0.0]
      [GC Worker Other (ms): Min: 0.0, Avg: 0.1, Max: 0.1, Diff: 0.1, Sum: 0.5]
      [GC Worker Total (ms): Min: 30.1, Avg: 30.2, Max: 30.2, Diff: 0.1, Sum: 241.5]
      [GC Worker End (ms): Min: 29946.7, Avg: 29946.7, Max: 29946.7, Diff: 0.1]
   [Code Root Fixup: 0.0 ms]
   [Code Root Migration: 0.1 ms]
   [Clear CT: 0.4 ms]
   [Other: 0.7 ms]
      [Choose CSet: 0.0 ms]
      [Ref Proc: 0.1 ms]
      [Ref Enq: 0.0 ms]
      [Free CSet: 0.5 ms]
   [Eden: 858.0M(858.0M)->0.0B(854.0M) Survivors: 64.0M->68.0M Heap: 1049.8M(1538.0M)->195.8M(1538.0M)]
 [Times: user=0.25 sys=0.00, real=0.03 secs] 
29.948: Total time for which application threads were stopped: 0.0316360 seconds, Stopping threads took: 0.0000340 seconds
30.403: Application time: 0.4550570 seconds
30.403: [GC pause (young), 0.0324120 secs]
   [Parallel Time: 31.2 ms, GC Workers: 8]
      [GC Worker Start (ms): Min: 30403.2, Avg: 30403.2, Max: 30403.3, Diff: 0.1]
      [Ext Root Scanning (ms): Min: 0.7, Avg: 0.8, Max: 0.8, Diff: 0.1, Sum: 6.1]
      [Update RS (ms): Min: 0.2, Avg: 0.3, Max: 0.4, Diff: 0.1, Sum: 2.3]
         [Processed Buffers: Min: 1, Avg: 2.1, Max: 3, Diff: 2, Sum: 17]
      [Scan RS (ms): Min: 0.3, Avg: 0.4, Max: 0.4, Diff: 0.1, Sum: 3.1]
      [Code Root Scanning (ms): Min: 0.0, Avg: 0.0, Max: 0.0, Diff: 0.0, Sum: 0.0]
      [Object Copy (ms): Min: 29.6, Avg: 29.6, Max: 29.7, Diff: 0.1, Sum: 237.0]
      [Termination (ms): Min: 0.0, Avg: 0.0, Max: 0.0, Diff: 0.0, Sum: 0.0]
      [GC Worker Other (ms): Min: 0.0, Avg: 0.0, Max: 0.1, Diff: 0.0, Sum: 0.3]
      [GC Worker Total (ms): Min: 31.1, Avg: 31.1, Max: 31.2, Diff: 0.1, Sum: 248.9]
      [GC Worker End (ms): Min: 30434.3, Avg: 30434.3, Max: 30434.4, Diff: 0.0]
   [Code Root Fixup: 0.0 ms]
   [Code Root Migration: 0.1 ms]
   [Clear CT: 0.4 ms]
   [Other: 0.7 ms]
      [Choose CSet: 0.0 ms]
      [Ref Proc: 0.1 ms]
      [Ref Enq: 0.0 ms]
      [Free CSet: 0.6 ms]
   [Eden: 854.0M(854.0M)->0.0B(853.0M) Survivors: 68.0M->69.0M Heap: 1049.8M(1538.0M)->197.3M(1538.0M)]
 [Times: user=0.25 sys=0.00, real=0.04 secs] 
30.436: Total time for which application threads were stopped: 0.0326070 seconds, Stopping threads took: 0.0000730 seconds
30.889: Application time: 0.4535750 seconds
30.889: [GC pause (young), 0.0336700 secs]
   [Parallel Time: 32.5 ms, GC Workers: 8]
      [GC Worker Start (ms): Min: 30889.4, Avg: 30889.4, Max: 30889.5, Diff: 0.1]
      [Ext Root Scanning (ms): Min: 0.6, Avg: 0.7, Max: 0.8, Diff: 0.2, Sum: 5.8]
      [Update RS (ms): Min: 0.2, Avg: 0.3, Max: 0.4, Diff: 0.2, Sum: 2.3]
         [Processed Buffers: Min: 1, Avg: 2.1, Max: 3, Diff: 2, Sum: 17]
      [Scan RS (ms): Min: 0.3, Avg: 0.4, Max: 0.4, Diff: 0.1, Sum: 3.1]
      [Code Root Scanning (ms): Min: 0.0, Avg: 0.0, Max: 0.0, Diff: 0.0, Sum: 0.0]
      [Object Copy (ms): Min: 30.9, Avg: 30.9, Max: 31.0, Diff: 0.1, Sum: 247.6]
      [Termination (ms): Min: 0.0, Avg: 0.0, Max: 0.0, Diff: 0.0, Sum: 0.0]
      [GC Worker Other (ms): Min: 0.0, Avg: 0.0, Max: 0.1, Diff: 0.0, Sum: 0.4]
      [GC Worker Total (ms): Min: 32.3, Avg: 32.4, Max: 32.4, Diff: 0.1, Sum: 259.1]
      [GC Worker End (ms): Min: 30921.8, Avg: 30921.8, Max: 30921.8, Diff: 0.0]
   [Code Root Fixup: 0.0 ms]
   [Code Root Migration: 0.1 ms]
   [Clear CT: 0.4 ms]
   [Other: 0.7 ms]
      [Choose CSet: 0.0 ms]
      [Ref Proc: 0.1 ms]
      [Ref Enq: 0.0 ms]
      [Free CSet: 0.5 ms]
   [Eden: 853.0M(853.0M)->0.0B(852.0M) Survivors: 69.0M->70.0M Heap: 1050.3M(1538.0M)->198.3M(1538.0M)]
 [Times: user=0.26 sys=0.00, real=0.03 secs] 
30.923: Total time for which application threads were stopped: 0.0338670 seconds, Stopping threads took: 0.0000640 seconds
31.369: Application time: 0.4460390 seconds
31.369: [GC pause (young), 0.0343660 secs]
   [Parallel Time: 33.2 ms, GC Workers: 8]
      [GC Worker Start (ms): Min: 31369.3, Avg: 31369.3, Max: 31369.4, Diff: 0.1]
      [Ext Root Scanning (ms): Min: 0.7, Avg: 0.7, Max: 0.8, Diff: 0.1, Sum: 6.0]
      [Update RS (ms): Min: 0.2, Avg: 0.3, Max: 0.4, Diff: 0.2, Sum: 2.3]
         [Processed Buffers: Min: 1, Avg: 2.1, Max: 3, Diff: 2, Sum: 17]
      [Scan RS (ms): Min: 0.3, Avg: 0.4, Max: 0.4, Diff: 0.2, Sum: 3.0]
      [Code Root Scanning (ms): Min: 0.0, Avg: 0.0, Max: 0.0, Diff: 0.0, Sum: 0.0]
      [Object Copy (ms): Min: 31.6, Avg: 31.6, Max: 31.7, Diff: 0.1, Sum: 253.0]
      [Termination (ms): Min: 0.0, Avg: 0.0, Max: 0.0, Diff: 0.0, Sum: 0.0]
      [GC Worker Other (ms): Min: 0.0, Avg: 0.0, Max: 0.1, Diff: 0.0, Sum: 0.4]
      [GC Worker Total (ms): Min: 33.0, Avg: 33.1, Max: 33.1, Diff: 0.1, Sum: 264.7]
      [GC Worker End (ms): Min: 31402.4, Avg: 31402.4, Max: 31402.4, Diff: 0.0]
   [Code Root Fixup: 0.0 ms]
   [Code Root Migration: 0.1 ms]
   [Clear CT: 0.4 ms]
   [Other: 0.7 ms]
      [Choose CSet: 0.0 ms]
      [Ref Proc: 0.1 ms]
      [Ref Enq: 0.0 ms]
      [Free CSet: 0.5 ms]
   [Eden: 852.0M(852.0M)->0.0B(852.0M) Survivors: 70.0M->70.0M Heap: 1050.3M(1538.0M)->198.3M(1538.0M)]
 [Times: user=0.26 sys=0.00, real=0.04 secs] 
31.404: Total time for which application threads were stopped: 0.0345750 seconds, Stopping threads took: 0.0000770 seconds
31.840: Application time: 0.4363510 seconds
31.840: [GC pause (young), 0.0328270 secs]
   [Parallel Time: 31.7 ms, GC Workers: 8]
      [GC Worker Start (ms): Min: 31840.2, Avg: 31840.2, Max: 31840.3, Diff: 0.1]
      [Ext Root Scanning (ms): Min: 0.7, Avg: 0.8, Max: 0.8, Diff: 0.2, Sum: 6.1]
      [Update RS (ms): Min: 0.2, Avg: 0.3, Max: 0.3, Diff: 0.1, Sum: 2.3]
         [Processed Buffers: Min: 2, Avg: 2.1, Max: 3, Diff: 1, Sum: 17]
      [Scan RS (ms): Min: 0.3, Avg: 0.4, Max: 0.4, Diff: 0.1, Sum: 3.2]
      [Code Root Scanning (ms): Min: 0.0, Avg: 0.0, Max: 0.0, Diff: 0.0, Sum: 0.0]
      [Object Copy (ms): Min: 30.1, Avg: 30.1, Max: 30.2, Diff: 0.1, Sum: 240.8]
      [Termination (ms): Min: 0.0, Avg: 0.0, Max: 0.0, Diff: 0.0, Sum: 0.0]
      [GC Worker Other (ms): Min: 0.0, Avg: 0.0, Max: 0.1, Diff: 0.0, Sum: 0.3]
      [GC Worker Total (ms): Min: 31.5, Avg: 31.6, Max: 31.6, Diff: 0.1, Sum: 252.7]
      [GC Worker End (ms): Min: 31871.8, Avg: 31871.8, Max: 31871.8, Diff: 0.0]
   [Code Root Fixup: 0.1 ms]
   [Code Root Migration: 0.1 ms]
   [Clear CT: 0.4 ms]
   [Other: 0.6 ms]
      [Choose CSet: 0.0 ms]
      [Ref Proc: 0.1 ms]
      [Ref Enq: 0.0 ms]
      [Free CSet: 0.5 ms]
   [Eden: 852.0M(852.0M)->0.0B(852.0M) Survivors: 70.0M->70.0M Heap: 1050.3M(1538.0M)->198.3M(1538.0M)]
 [Times: user=0.25 sys=0.00, real=0.04 secs] 
31.873: Total time for which application threads were stopped: 0.0330140 seconds, Stopping threads took: 0.0000500 seconds
32.309: Application time: 0.4356920 seconds
32.309: [GC pause (young), 0.0325820 secs]
   [Parallel Time: 31.4 ms, GC Workers: 8]
      [GC Worker Start (ms): Min: 32308.9, Avg: 32310.7, Max: 32317.1, Diff: 8.3]
      [Ext Root Scanning (ms): Min: 0.0, Avg: 0.6, Max: 0.9, Diff: 0.9, Sum: 5.0]
      [Update RS (ms): Min: 0.0, Avg: 0.3, Max: 0.5, Diff: 0.5, Sum: 2.1]
         [Processed Buffers: Min: 0, Avg: 2.1, Max: 4, Diff: 4, Sum: 17]
      [Scan RS (ms): Min: 0.2, Avg: 0.3, Max: 0.4, Diff: 0.2, Sum: 2.7]
      [Code Root Scanning (ms): Min: 0.0, Avg: 0.0, Max: 0.0, Diff: 0.0, Sum: 0.0]
      [Object Copy (ms): Min: 22.8, Avg: 28.2, Max: 29.8, Diff: 6.9, Sum: 225.9]
      [Termination (ms): Min: 0.0, Avg: 0.0, Max: 0.0, Diff: 0.0, Sum: 0.0]
      [GC Worker Other (ms): Min: 0.0, Avg: 0.0, Max: 0.1, Diff: 0.1, Sum: 0.4]
      [GC Worker Total (ms): Min: 23.1, Avg: 29.5, Max: 31.4, Diff: 8.3, Sum: 236.1]
      [GC Worker End (ms): Min: 32340.3, Avg: 32340.3, Max: 32340.3, Diff: 0.0]
   [Code Root Fixup: 0.0 ms]
   [Code Root Migration: 0.1 ms]
   [Clear CT: 0.4 ms]
   [Other: 0.6 ms]
      [Choose CSet: 0.0 ms]
      [Ref Proc: 0.1 ms]
      [Ref Enq: 0.0 ms]
      [Free CSet: 0.5 ms]
   [Eden: 852.0M(852.0M)->0.0B(852.0M) Survivors: 70.0M->70.0M Heap: 1050.3M(1538.0M)->198.3M(1538.0M)]
 [Times: user=0.24 sys=0.00, real=0.03 secs] 
32.342: Total time for which application threads were stopped: 0.0327340 seconds, Stopping threads took: 0.0000260 seconds
32.773: Application time: 0.4315720 seconds
32.773: [GC pause (young), 0.0333860 secs]
   [Parallel Time: 32.2 ms, GC Workers: 8]
      [GC Worker Start (ms): Min: 32773.2, Avg: 32773.2, Max: 32773.3, Diff: 0.1]
      [Ext Root Scanning (ms): Min: 0.7, Avg: 0.7, Max: 0.8, Diff: 0.1, Sum: 5.9]
      [Update RS (ms): Min: 0.2, Avg: 0.3, Max: 0.3, Diff: 0.1, Sum: 2.3]
         [Processed Buffers: Min: 1, Avg: 2.1, Max: 3, Diff: 2, Sum: 17]
      [Scan RS (ms): Min: 0.3, Avg: 0.4, Max: 0.4, Diff: 0.1, Sum: 3.1]
      [Code Root Scanning (ms): Min: 0.0, Avg: 0.0, Max: 0.0, Diff: 0.0, Sum: 0.1]
      [Object Copy (ms): Min: 30.6, Avg: 30.7, Max: 30.7, Diff: 0.1, Sum: 245.3]
      [Termination (ms): Min: 0.0, Avg: 0.0, Max: 0.0, Diff: 0.0, Sum: 0.0]
      [GC Worker Other (ms): Min: 0.0, Avg: 0.0, Max: 0.1, Diff: 0.0, Sum: 0.4]
      [GC Worker Total (ms): Min: 32.1, Avg: 32.1, Max: 32.2, Diff: 0.1, Sum: 257.1]
      [GC Worker End (ms): Min: 32805.3, Avg: 32805.4, Max: 32805.4, Diff: 0.0]
   [Code Root Fixup: 0.0 ms]
   [Code Root Migration: 0.1 ms]
   [Clear CT: 0.4 ms]
   [Other: 0.7 ms]
      [Choose CSet: 0.0 ms]
      [Ref Proc: 0.1 ms]
      [Ref Enq: 0.0 ms]
      [Free CSet: 0.5 ms]
   [Eden: 852.0M(852.0M)->0.0B(852.0M) Survivors: 70.0M->70.0M Heap: 1050.3M(1538.0M)->197.9M(1538.0M)]
 [Times: user=0.26 sys=0.00, real=0.03 secs] 
32.807: Total time for which application threads were stopped: 0.0335680 seconds, Stopping threads took: 0.0000160 seconds
33.236: Application time: 0.4292860 seconds
33.236: [GC pause (young), 0.0327690 secs]
   [Parallel Time: 31.6 ms, GC Workers: 8]
      [GC Worker Start (ms): Min: 33236.1, Avg: 33236.1, Max: 33236.1, Diff: 0.1]
      [Ext Root Scanning (ms): Min: 0.7, Avg: 0.8, Max: 0.9, Diff: 0.1, Sum: 6.4]
      [Update RS (ms): Min: 0.2, Avg: 0.3, Max: 0.3, Diff: 0.1, Sum: 2.3]
         [Processed Buffers: Min: 1, Avg: 2.1, Max: 3, Diff: 2, Sum: 17]
      [Scan RS (ms): Min: 0.3, Avg: 0.4, Max: 0.4, Diff: 0.1, Sum: 3.0]
      [Code Root Scanning (ms): Min: 0.0, Avg: 0.0, Max: 0.0, Diff: 0.0, Sum: 0.0]
      [Object Copy (ms): Min: 30.0, Avg: 30.0, Max: 30.1, Diff: 0.0, Sum: 240.3]
      [Termination (ms): Min: 0.0, Avg: 0.0, Max: 0.0, Diff: 0.0, Sum: 0.0]
      [GC Worker Other (ms): Min: 0.0, Avg: 0.0, Max: 0.1, Diff: 0.0, Sum: 0.3]
      [GC Worker Total (ms): Min: 31.5, Avg: 31.5, Max: 31.6, Diff: 0.1, Sum: 252.4]
      [GC Worker End (ms): Min: 33267.6, Avg: 33267.6, Max: 33267.7, Diff: 0.0]
   [Code Root Fixup: 0.0 ms]
   [Code Root Migration: 0.1 ms]
   [Clear CT: 0.4 ms]
   [Other: 0.6 ms]
      [Choose CSet: 0.0 ms]
      [Ref Proc: 0.1 ms]
      [Ref Enq: 0.0 ms]
      [Free CSet: 0.5 ms]
   [Eden: 852.0M(852.0M)->0.0B(852.0M) Survivors: 70.0M->70.0M Heap: 1049.9M(1538.0M)->197.9M(1538.0M)]
 [Times: user=0.26 sys=0.00, real=0.03 secs] 
33.269: Total time for which application threads were stopped: 0.0329380 seconds, Stopping threads took: 0.0000450 seconds
33.697: Application time: 0.4284320 seconds
33.697: [GC pause (young), 0.0327740 secs]
   [Parallel Time: 31.5 ms, GC Workers: 8]
      [GC Worker Start (ms): Min: 33697.4, Avg: 33697.5, Max: 33697.5, Diff: 0.1]
      [Ext Root Scanning (ms): Min: 0.8, Avg: 0.8, Max: 0.9, Diff: 0.1, Sum: 6.4]
      [Update RS (ms): Min: 0.2, Avg: 0.3, Max: 0.3, Diff: 0.1, Sum: 2.3]
         [Processed Buffers: Min: 1, Avg: 2.1, Max: 3, Diff: 2, Sum: 17]
      [Scan RS (ms): Min: 0.3, Avg: 0.4, Max: 0.4, Diff: 0.1, Sum: 3.0]
      [Code Root Scanning (ms): Min: 0.0, Avg: 0.0, Max: 0.0, Diff: 0.0, Sum: 0.0]
      [Object Copy (ms): Min: 29.9, Avg: 29.9, Max: 29.9, Diff: 0.0, Sum: 239.5]
      [Termination (ms): Min: 0.0, Avg: 0.0, Max: 0.0, Diff: 0.0, Sum: 0.0]
      [GC Worker Other (ms): Min: 0.0, Avg: 0.0, Max: 0.1, Diff: 0.0, Sum: 0.4]
      [GC Worker Total (ms): Min: 31.4, Avg: 31.4, Max: 31.5, Diff: 0.1, Sum: 251.6]
      [GC Worker End (ms): Min: 33728.9, Avg: 33728.9, Max: 33728.9, Diff: 0.0]
   [Code Root Fixup: 0.0 ms]
   [Code Root Migration: 0.1 ms]
   [Clear CT: 0.4 ms]
   [Other: 0.7 ms]
      [Choose CSet: 0.0 ms]
      [Ref Proc: 0.1 ms]
      [Ref Enq: 0.0 ms]
      [Free CSet: 0.5 ms]
   [Eden: 852.0M(852.0M)->0.0B(852.0M) Survivors: 70.0M->70.0M Heap: 1049.9M(1538.0M)->197.9M(1538.0M)]
 [Times: user=0.25 sys=0.00, real=0.03 secs] 
33.730: Total time for which application threads were stopped: 0.0329500 seconds, Stopping threads took: 0.0000420 seconds
34.160: Application time: 0.4293830 seconds
34.160: [GC pause (young), 0.0305870 secs]
   [Parallel Time: 29.3 ms, GC Workers: 8]
      [GC Worker Start (ms): Min: 34159.8, Avg: 34159.8, Max: 34159.8, Diff: 0.1]
      [Ext Root Scanning (ms): Min: 0.7, Avg: 0.8, Max: 0.8, Diff: 0.1, Sum: 6.0]
      [Update RS (ms): Min: 0.2, Avg: 0.3, Max: 0.4, Diff: 0.2, Sum: 2.3]
         [Processed Buffers: Min: 1, Avg: 2.1, Max: 3, Diff: 2, Sum: 17]
      [Scan RS (ms): Min: 0.3, Avg: 0.4, Max: 0.4, Diff: 0.1, Sum: 3.1]
      [Code Root Scanning (ms): Min: 0.0, Avg: 0.0, Max: 0.0, Diff: 0.0, Sum: 0.0]
      [Object Copy (ms): Min: 27.8, Avg: 27.8, Max: 27.9, Diff: 0.1, Sum: 222.4]
      [Termination (ms): Min: 0.0, Avg: 0.0, Max: 0.0, Diff: 0.0, Sum: 0.0]
      [GC Worker Other (ms): Min: 0.0, Avg: 0.0, Max: 0.1, Diff: 0.0, Sum: 0.3]
      [GC Worker Total (ms): Min: 29.2, Avg: 29.3, Max: 29.3, Diff: 0.1, Sum: 234.2]
      [GC Worker End (ms): Min: 34189.0, Avg: 34189.1, Max: 34189.1, Diff: 0.0]
   [Code Root Fixup: 0.0 ms]
   [Code Root Migration: 0.1 ms]
   [Clear CT: 0.4 ms]
   [Other: 0.7 ms]
      [Choose CSet: 0.0 ms]
      [Ref Proc: 0.1 ms]
      [Ref Enq: 0.0 ms]
      [Free CSet: 0.6 ms]
   [Eden: 852.0M(852.0M)->0.0B(857.0M) Survivors: 70.0M->65.0M Heap: 1049.9M(1538.0M)->193.4M(1538.0M)]
 [Times: user=0.23 sys=0.00, real=0.03 secs] 
34.190: Total time for which application threads were stopped: 0.0307450 seconds, Stopping threads took: 0.0000300 seconds
34.629: Application time: 0.4387610 seconds
34.629: [GC pause (young), 0.0301270 secs]
   [Parallel Time: 28.9 ms, GC Workers: 8]
      [GC Worker Start (ms): Min: 34629.3, Avg: 34629.6, Max: 34631.4, Diff: 2.0]
      [Ext Root Scanning (ms): Min: 0.0, Avg: 0.7, Max: 0.9, Diff: 0.9, Sum: 5.2]
      [Update RS (ms): Min: 0.0, Avg: 0.3, Max: 0.4, Diff: 0.4, Sum: 2.2]
         [Processed Buffers: Min: 0, Avg: 2.1, Max: 3, Diff: 3, Sum: 17]
      [Scan RS (ms): Min: 0.0, Avg: 0.3, Max: 0.4, Diff: 0.4, Sum: 2.6]
      [Code Root Scanning (ms): Min: 0.0, Avg: 0.0, Max: 0.0, Diff: 0.0, Sum: 0.0]
      [Object Copy (ms): Min: 26.8, Avg: 27.3, Max: 27.5, Diff: 0.7, Sum: 218.6]
      [Termination (ms): Min: 0.0, Avg: 0.0, Max: 0.0, Diff: 0.0, Sum: 0.0]
      [GC Worker Other (ms): Min: 0.0, Avg: 0.1, Max: 0.1, Diff: 0.1, Sum: 0.4]
      [GC Worker Total (ms): Min: 26.8, Avg: 28.6, Max: 28.9, Diff: 2.1, Sum: 229.1]
      [GC Worker End (ms): Min: 34658.2, Avg: 34658.2, Max: 34658.3, Diff: 0.0]
   [Code Root Fixup: 0.0 ms]
   [Code Root Migration: 0.1 ms]
   [Clear CT: 0.4 ms]
   [Other: 0.7 ms]
      [Choose CSet: 0.0 ms]
      [Ref Proc: 0.1 ms]
      [Ref Enq: 0.0 ms]
      [Free CSet: 0.5 ms]
   [Eden: 857.0M(857.0M)->0.0B(856.0M) Survivors: 65.0M->66.0M Heap: 1050.4M(1538.0M)->194.4M(1538.0M)]
 [Times: user=0.23 sys=0.00, real=0.03 secs] 
34.659: Total time for which application threads were stopped: 0.0303320 seconds, Stopping threads took: 0.0000720 seconds
35.116: Application time: 0.4566050 seconds
35.116: [GC pause (young), 0.0317390 secs]
   [Parallel Time: 30.6 ms, GC Workers: 8]
      [GC Worker Start (ms): Min: 35116.2, Avg: 35116.2, Max: 35116.3, Diff: 0.1]
      [Ext Root Scanning (ms): Min: 0.7, Avg: 0.8, Max: 0.8, Diff: 0.1, Sum: 6.2]
      [Update RS (ms): Min: 0.2, Avg: 0.3, Max: 0.3, Diff: 0.1, Sum: 2.3]
         [Processed Buffers: Min: 1, Avg: 2.1, Max: 3, Diff: 2, Sum: 17]
      [Scan RS (ms): Min: 0.3, Avg: 0.4, Max: 0.4, Diff: 0.1, Sum: 3.0]
      [Code Root Scanning (ms): Min: 0.0, Avg: 0.0, Max: 0.0, Diff: 0.0, Sum: 0.0]
      [Object Copy (ms): Min: 29.0, Avg: 29.0, Max: 29.0, Diff: 0.1, Sum: 232.0]
      [Termination (ms): Min: 0.0, Avg: 0.0, Max: 0.0, Diff: 0.0, Sum: 0.0]
      [GC Worker Other (ms): Min: 0.0, Avg: 0.0, Max: 0.1, Diff: 0.0, Sum: 0.4]
      [GC Worker Total (ms): Min: 30.5, Avg: 30.5, Max: 30.5, Diff: 0.1, Sum: 244.0]
      [GC Worker End (ms): Min: 35146.7, Avg: 35146.7, Max: 35146.8, Diff: 0.0]
   [Code Root Fixup: 0.0 ms]
   [Code Root Migration: 0.1 ms]
   [Clear CT: 0.4 ms]
   [Other: 0.6 ms]
      [Choose CSet: 0.0 ms]
      [Ref Proc: 0.1 ms]
      [Ref Enq: 0.0 ms]
      [Free CSet: 0.5 ms]
   [Eden: 856.0M(856.0M)->0.0B(854.0M) Survivors: 66.0M->68.0M Heap: 1050.4M(1538.0M)->196.4M(1538.0M)]
 [Times: user=0.25 sys=0.00, real=0.03 secs] 
35.148: Total time for which application threads were stopped: 0.0319120 seconds, Stopping threads took: 0.0000410 seconds
35.606: Application time: 0.4578160 seconds
35.606: [GC pause (young), 0.0321530 secs]
   [Parallel Time: 31.0 ms, GC Workers: 8]
      [GC Worker Start (ms): Min: 35606.0, Avg: 35606.3, Max: 35607.4, Diff: 1.4]
      [Ext Root Scanning (ms): Min: 0.0, Avg: 0.6, Max: 0.9, Diff: 0.9, Sum: 4.7]
      [Update RS (ms): Min: 0.0, Avg: 0.3, Max: 0.4, Diff: 0.4, Sum: 2.0]
         [Processed Buffers: Min: 0, Avg: 2.1, Max: 3, Diff: 3, Sum: 17]
      [Scan RS (ms): Min: 0.1, Avg: 0.3, Max: 0.4, Diff: 0.3, Sum: 2.6]
      [Code Root Scanning (ms): Min: 0.0, Avg: 0.0, Max: 0.0, Diff: 0.0, Sum: 0.0]
      [Object Copy (ms): Min: 29.3, Avg: 29.4, Max: 29.4, Diff: 0.1, Sum: 235.0]
      [Termination (ms): Min: 0.0, Avg: 0.0, Max: 0.0, Diff: 0.0, Sum: 0.0]
      [GC Worker Other (ms): Min: 0.0, Avg: 0.0, Max: 0.1, Diff: 0.0, Sum: 0.4]
      [GC Worker Total (ms): Min: 29.5, Avg: 30.6, Max: 31.0, Diff: 1.4, Sum: 244.7]
      [GC Worker End (ms): Min: 35636.9, Avg: 35636.9, Max: 35637.0, Diff: 0.0]
   [Code Root Fixup: 0.0 ms]
   [Code Root Migration: 0.1 ms]
   [Clear CT: 0.4 ms]
   [Other: 0.6 ms]
      [Choose CSet: 0.0 ms]
      [Ref Proc: 0.1 ms]
      [Ref Enq: 0.0 ms]
      [Free CSet: 0.5 ms]
   [Eden: 854.0M(854.0M)->0.0B(853.0M) Survivors: 68.0M->69.0M Heap: 1050.4M(1538.0M)->196.9M(1538.0M)]
 [Times: user=0.25 sys=0.00, real=0.03 secs] 
35.638: Total time for which application threads were stopped: 0.0323460 seconds, Stopping threads took: 0.0000590 seconds
36.090: Application time: 0.4514670 seconds
36.090: [GC pause (young), 0.0334110 secs]
   [Parallel Time: 32.2 ms, GC Workers: 8]
      [GC Worker Start (ms): Min: 36089.8, Avg: 36090.5, Max: 36095.5, Diff: 5.7]
      [Ext Root Scanning (ms): Min: 0.0, Avg: 0.7, Max: 0.8, Diff: 0.8, Sum: 5.5]
      [Update RS (ms): Min: 0.0, Avg: 0.3, Max: 0.3, Diff: 0.3, Sum: 2.1]
         [Processed Buffers: Min: 0, Avg: 2.1, Max: 3, Diff: 3, Sum: 17]
      [Scan RS (ms): Min: 0.3, Avg: 0.4, Max: 0.4, Diff: 0.1, Sum: 2.9]
      [Code Root Scanning (ms): Min: 0.0, Avg: 0.0, Max: 0.0, Diff: 0.0, Sum: 0.0]
      [Object Copy (ms): Min: 26.0, Avg: 30.0, Max: 30.6, Diff: 4.7, Sum: 240.2]
      [Termination (ms): Min: 0.0, Avg: 0.0, Max: 0.0, Diff: 0.0, Sum: 0.0]
      [GC Worker Other (ms): Min: 0.0, Avg: 0.1, Max: 0.1, Diff: 0.0, Sum: 0.4]
      [GC Worker Total (ms): Min: 26.4, Avg: 31.4, Max: 32.1, Diff: 5.7, Sum: 251.1]
      [GC Worker End (ms): Min: 36121.9, Avg: 36121.9, Max: 36121.9, Diff: 0.0]
   [Code Root Fixup: 0.0 ms]
   [Code Root Migration: 0.1 ms]
   [Clear CT: 0.4 ms]
   [Other: 0.7 ms]
      [Choose CSet: 0.0 ms]
      [Ref Proc: 0.1 ms]
      [Ref Enq: 0.0 ms]
      [Free CSet: 0.6 ms]
   [Eden: 853.0M(853.0M)->0.0B(851.0M) Survivors: 69.0M->71.0M Heap: 1049.9M(1538.0M)->198.9M(1538.0M)]
 [Times: user=0.26 sys=0.00, real=0.03 secs] 
36.123: Total time for which application threads were stopped: 0.0335800 seconds, Stopping threads took: 0.0000490 seconds
36.564: Application time: 0.4411010 seconds
36.564: [GC pause (young), 0.0324290 secs]
   [Parallel Time: 31.3 ms, GC Workers: 8]
      [GC Worker Start (ms): Min: 36564.4, Avg: 36564.5, Max: 36564.5, Diff: 0.1]
      [Ext Root Scanning (ms): Min: 0.8, Avg: 0.8, Max: 0.9, Diff: 0.1, Sum: 6.4]
      [Update RS (ms): Min: 0.2, Avg: 0.3, Max: 0.3, Diff: 0.2, Sum: 2.3]
         [Processed Buffers: Min: 1, Avg: 2.1, Max: 3, Diff: 2, Sum: 17]
      [Scan RS (ms): Min: 0.3, Avg: 0.4, Max: 0.4, Diff: 0.1, Sum: 2.9]
      [Code Root Scanning (ms): Min: 0.0, Avg: 0.0, Max: 0.0, Diff: 0.0, Sum: 0.0]
      [Object Copy (ms): Min: 29.7, Avg: 29.7, Max: 29.7, Diff: 0.0, Sum: 237.7]
      [Termination (ms): Min: 0.0, Avg: 0.0, Max: 0.0, Diff: 0.0, Sum: 0.0]
      [GC Worker Other (ms): Min: 0.0, Avg: 0.0, Max: 0.1, Diff: 0.0, Sum: 0.3]
      [GC Worker Total (ms): Min: 31.2, Avg: 31.2, Max: 31.2, Diff: 0.1, Sum: 249.6]
      [GC Worker End (ms): Min: 36595.7, Avg: 36595.7, Max: 36595.7, Diff: 0.0]
   [Code Root Fixup: 0.0 ms]
   [Code Root Migration: 0.1 ms]
   [Clear CT: 0.4 ms]
   [Other: 0.6 ms]
      [Choose CSet: 0.0 ms]
      [Ref Proc: 0.1 ms]
      [Ref Enq: 0.0 ms]
      [Free CSet: 0.5 ms]
   [Eden: 851.0M(851.0M)->0.0B(852.0M) Survivors: 71.0M->70.0M Heap: 1049.9M(1538.0M)->198.0M(1538.0M)]
 [Times: user=0.25 sys=0.00, real=0.03 secs] 
36.597: Total time for which application threads were stopped: 0.0325960 seconds, Stopping threads took: 0.0000260 seconds
37.034: Application time: 0.4373130 seconds
37.034: [GC pause (young), 0.0326280 secs]
   [Parallel Time: 31.5 ms, GC Workers: 8]
      [GC Worker Start (ms): Min: 37034.4, Avg: 37034.4, Max: 37034.5, Diff: 0.1]
      [Ext Root Scanning (ms): Min: 0.7, Avg: 0.8, Max: 0.9, Diff: 0.1, Sum: 6.6]
      [Update RS (ms): Min: 0.2, Avg: 0.3, Max: 0.4, Diff: 0.2, Sum: 2.3]
         [Processed Buffers: Min: 1, Avg: 2.1, Max: 3, Diff: 2, Sum: 17]
      [Scan RS (ms): Min: 0.3, Avg: 0.4, Max: 0.4, Diff: 0.1, Sum: 3.0]
      [Code Root Scanning (ms): Min: 0.0, Avg: 0.0, Max: 0.0, Diff: 0.0, Sum: 0.0]
      [Object Copy (ms): Min: 29.8, Avg: 29.8, Max: 29.9, Diff: 0.0, Sum: 238.7]
      [Termination (ms): Min: 0.0, Avg: 0.0, Max: 0.0, Diff: 0.0, Sum: 0.0]
      [GC Worker Other (ms): Min: 0.0, Avg: 0.1, Max: 0.1, Diff: 0.0, Sum: 0.4]
      [GC Worker Total (ms): Min: 31.4, Avg: 31.4, Max: 31.4, Diff: 0.1, Sum: 251.1]
      [GC Worker End (ms): Min: 37065.8, Avg: 37065.8, Max: 37065.8, Diff: 0.0]
   [Code Root Fixup: 0.0 ms]
   [Code Root Migration: 0.1 ms]
   [Clear CT: 0.4 ms]
   [Other: 0.6 ms]
      [Choose CSet: 0.0 ms]
      [Ref Proc: 0.1 ms]
      [Ref Enq: 0.0 ms]
      [Free CSet: 0.5 ms]
   [Eden: 852.0M(852.0M)->0.0B(851.0M) Survivors: 70.0M->71.0M Heap: 1050.0M(1538.0M)->199.0M(1538.0M)]
 [Times: user=0.26 sys=0.00, real=0.03 secs] 
37.067: Total time for which application threads were stopped: 0.0328370 seconds, Stopping threads took: 0.0000830 seconds
37.500: Application time: 0.4325650 seconds
37.500: [GC pause (young), 0.0330000 secs]
   [Parallel Time: 31.8 ms, GC Workers: 8]
      [GC Worker Start (ms): Min: 37499.8, Avg: 37499.8, Max: 37499.8, Diff: 0.1]
      [Ext Root Scanning (ms): Min: 0.6, Avg: 0.7, Max: 0.8, Diff: 0.2, Sum: 5.8]
      [Update RS (ms): Min: 0.2, Avg: 0.3, Max: 0.4, Diff: 0.2, Sum: 2.3]
         [Processed Buffers: Min: 1, Avg: 2.1, Max: 4, Diff: 3, Sum: 17]
      [Scan RS (ms): Min: 0.3, Avg: 0.4, Max: 0.4, Diff: 0.1, Sum: 3.0]
      [Code Root Scanning (ms): Min: 0.0, Avg: 0.0, Max: 0.0, Diff: 0.0, Sum: 0.0]
      [Object Copy (ms): Min: 30.3, Avg: 30.3, Max: 30.3, Diff: 0.1, Sum: 242.4]
      [Termination (ms): Min: 0.0, Avg: 0.0, Max: 0.0, Diff: 0.0, Sum: 0.0]
      [GC Worker Other (ms): Min: 0.0, Avg: 0.0, Max: 0.0, Diff: 0.0, Sum: 0.3]
      [GC Worker Total (ms): Min: 31.7, Avg: 31.7, Max: 31.8, Diff: 0.0, Sum: 253.9]
      [GC Worker End (ms): Min: 37531.5, Avg: 37531.5, Max: 37531.6, Diff: 0.0]
   [Code Root Fixup: 0.0 ms]
   [Code Root Migration: 0.1 ms]
   [Clear CT: 0.4 ms]
   [Other: 0.7 ms]
      [Choose CSet: 0.0 ms]
      [Ref Proc: 0.1 ms]
      [Ref Enq: 0.0 ms]
      [Free CSet: 0.5 ms]
   [Eden: 851.0M(851.0M)->0.0B(852.0M) Survivors: 71.0M->70.0M Heap: 1050.0M(1538.0M)->198.5M(1538.0M)]
 [Times: user=0.26 sys=0.00, real=0.04 secs] 
37.533: Total time for which application threads were stopped: 0.0331700 seconds, Stopping threads took: 0.0000390 seconds
37.964: Application time: 0.4307950 seconds
37.964: [GC pause (young), 0.0345480 secs]
   [Parallel Time: 33.4 ms, GC Workers: 8]
      [GC Worker Start (ms): Min: 37963.7, Avg: 37963.8, Max: 37963.8, Diff: 0.1]
      [Ext Root Scanning (ms): Min: 0.7, Avg: 0.8, Max: 0.8, Diff: 0.1, Sum: 6.1]
      [Update RS (ms): Min: 0.2, Avg: 0.3, Max: 0.4, Diff: 0.1, Sum: 2.3]
         [Processed Buffers: Min: 1, Avg: 2.1, Max: 3, Diff: 2, Sum: 17]
      [Scan RS (ms): Min: 0.3, Avg: 0.4, Max: 0.5, Diff: 0.1, Sum: 3.2]
      [Code Root Scanning (ms): Min: 0.0, Avg: 0.0, Max: 0.0, Diff: 0.0, Sum: 0.0]
      [Object Copy (ms): Min: 31.8, Avg: 31.8, Max: 31.9, Diff: 0.1, Sum: 254.5]
      [Termination (ms): Min: 0.0, Avg: 0.0, Max: 0.0, Diff: 0.0, Sum: 0.0]
      [GC Worker Other (ms): Min: 0.0, Avg: 0.0, Max: 0.1, Diff: 0.0, Sum: 0.3]
      [GC Worker Total (ms): Min: 33.3, Avg: 33.3, Max: 33.4, Diff: 0.1, Sum: 266.5]
      [GC Worker End (ms): Min: 37997.1, Avg: 37997.1, Max: 37997.1, Diff: 0.0]
   [Code Root Fixup: 0.0 ms]
   [Code Root Migration: 0.1 ms]
   [Clear CT: 0.4 ms]
   [Other: 0.7 ms]
      [Choose CSet: 0.0 ms]
      [Ref Proc: 0.1 ms]
      [Ref Enq: 0.0 ms]
      [Free CSet: 0.5 ms]
   [Eden: 852.0M(852.0M)->0.0B(853.0M) Survivors: 70.0M->69.0M Heap: 1050.5M(1538.0M)->197.5M(1538.0M)]
 [Times: user=0.26 sys=0.00, real=0.03 secs] 
37.998: Total time for which application threads were stopped: 0.0347430 seconds, Stopping threads took: 0.0000460 seconds
38.427: Application time: 0.4289850 seconds
38.427: [GC pause (young), 0.0335580 secs]
   [Parallel Time: 32.3 ms, GC Workers: 8]
      [GC Worker Start (ms): Min: 38427.5, Avg: 38428.0, Max: 38431.4, Diff: 3.9]
      [Ext Root Scanning (ms): Min: 0.0, Avg: 0.7, Max: 0.9, Diff: 0.8, Sum: 5.3]
      [Update RS (ms): Min: 0.0, Avg: 0.3, Max: 0.4, Diff: 0.4, Sum: 2.2]
         [Processed Buffers: Min: 0, Avg: 2.1, Max: 4, Diff: 4, Sum: 17]
      [Scan RS (ms): Min: 0.1, Avg: 0.3, Max: 0.4, Diff: 0.4, Sum: 2.7]
      [Code Root Scanning (ms): Min: 0.0, Avg: 0.0, Max: 0.0, Diff: 0.0, Sum: 0.0]
      [Object Copy (ms): Min: 28.2, Avg: 30.4, Max: 30.8, Diff: 2.6, Sum: 243.5]
      [Termination (ms): Min: 0.0, Avg: 0.0, Max: 0.0, Diff: 0.0, Sum: 0.0]
      [GC Worker Other (ms): Min: 0.0, Avg: 0.0, Max: 0.1, Diff: 0.0, Sum: 0.4]
      [GC Worker Total (ms): Min: 28.4, Avg: 31.8, Max: 32.3, Diff: 3.9, Sum: 254.1]
      [GC Worker End (ms): Min: 38459.7, Avg: 38459.7, Max: 38459.8, Diff: 0.0]
   [Code Root Fixup: 0.0 ms]
   [Code Root Migration: 0.1 ms]
   [Clear CT: 0.4 ms]
   [Other: 0.7 ms]
      [Choose CSet: 0.0 ms]
      [Ref Proc: 0.1 ms]
      [Ref Enq: 0.0 ms]
      [Free CSet: 0.6 ms]
   [Eden: 853.0M(853.0M)->0.0B(851.0M) Survivors: 69.0M->71.0M Heap: 1050.5M(1538.0M)->199.0M(1538.0M)]
 [Times: user=0.26 sys=0.00, real=0.03 secs] 
38.461: Total time for which application threads were stopped: 0.0337250 seconds, Stopping threads took: 0.0000310 seconds
38.890: Application time: 0.4292040 seconds
38.890: [GC pause (young), 0.0297130 secs]
   [Parallel Time: 28.6 ms, GC Workers: 8]
      [GC Worker Start (ms): Min: 38890.4, Avg: 38890.4, Max: 38890.5, Diff: 0.1]
      [Ext Root Scanning (ms): Min: 0.7, Avg: 0.7, Max: 0.8, Diff: 0.1, Sum: 5.9]
      [Update RS (ms): Min: 0.2, Avg: 0.3, Max: 0.4, Diff: 0.2, Sum: 2.4]
         [Processed Buffers: Min: 1, Avg: 2.1, Max: 3, Diff: 2, Sum: 17]
      [Scan RS (ms): Min: 0.3, Avg: 0.4, Max: 0.4, Diff: 0.1, Sum: 3.1]
      [Code Root Scanning (ms): Min: 0.0, Avg: 0.0, Max: 0.0, Diff: 0.0, Sum: 0.1]
      [Object Copy (ms): Min: 27.0, Avg: 27.0, Max: 27.0, Diff: 0.1, Sum: 215.9]
      [Termination (ms): Min: 0.0, Avg: 0.0, Max: 0.0, Diff: 0.0, Sum: 0.0]
      [GC Worker Other (ms): Min: 0.0, Avg: 0.0, Max: 0.1, Diff: 0.0, Sum: 0.3]
      [GC Worker Total (ms): Min: 28.4, Avg: 28.5, Max: 28.5, Diff: 0.1, Sum: 227.8]
      [GC Worker End (ms): Min: 38918.9, Avg: 38918.9, Max: 38918.9, Diff: 0.0]
   [Code Root Fixup: 0.0 ms]
   [Code Root Migration: 0.1 ms]
   [Clear CT: 0.4 ms]
   [Other: 0.7 ms]
      [Choose CSet: 0.0 ms]
      [Ref Proc: 0.1 ms]
      [Ref Enq: 0.0 ms]
      [Free CSet: 0.5 ms]
   [Eden: 851.0M(851.0M)->0.0B(856.0M) Survivors: 71.0M->66.0M Heap: 1050.0M(1538.0M)->194.0M(1538.0M)]
 [Times: user=0.23 sys=0.00, real=0.03 secs] 
38.920: Total time for which application threads were stopped: 0.0298750 seconds, Stopping threads took: 0.0000360 seconds
39.356: Application time: 0.4363170 seconds
39.357: [GC pause (young), 0.0284190 secs]
   [Parallel Time: 27.2 ms, GC Workers: 8]
      [GC Worker Start (ms): Min: 39356.6, Avg: 39356.6, Max: 39356.7, Diff: 0.1]
      [Ext Root Scanning (ms): Min: 0.7, Avg: 0.8, Max: 0.8, Diff: 0.1, Sum: 6.1]
      [Update RS (ms): Min: 0.2, Avg: 0.3, Max: 0.4, Diff: 0.2, Sum: 2.3]
         [Processed Buffers: Min: 1, Avg: 2.1, Max: 3, Diff: 2, Sum: 17]
      [Scan RS (ms): Min: 0.3, Avg: 0.4, Max: 0.4, Diff: 0.1, Sum: 2.8]
      [Code Root Scanning (ms): Min: 0.0, Avg: 0.0, Max: 0.0, Diff: 0.0, Sum: 0.0]
      [Object Copy (ms): Min: 25.7, Avg: 25.7, Max: 25.7, Diff: 0.0, Sum: 205.5]
      [Termination (ms): Min: 0.0, Avg: 0.0, Max: 0.0, Diff: 0.0, Sum: 0.0]
      [GC Worker Other (ms): Min: 0.0, Avg: 0.0, Max: 0.1, Diff: 0.0, Sum: 0.3]
      [GC Worker Total (ms): Min: 27.1, Avg: 27.1, Max: 27.2, Diff: 0.1, Sum: 217.2]
      [GC Worker End (ms): Min: 39383.8, Avg: 39383.8, Max: 39383.8, Diff: 0.0]
   [Code Root Fixup: 0.0 ms]
   [Code Root Migration: 0.1 ms]
   [Clear CT: 0.4 ms]
   [Other: 0.7 ms]
      [Choose CSet: 0.0 ms]
      [Ref Proc: 0.1 ms]
      [Ref Enq: 0.0 ms]
      [Free CSet: 0.5 ms]
   [Eden: 856.0M(856.0M)->0.0B(859.0M) Survivors: 66.0M->63.0M Heap: 1050.0M(1538.0M)->191.5M(1538.0M)]
 [Times: user=0.22 sys=0.00, real=0.03 secs] 
39.385: Total time for which application threads were stopped: 0.0285930 seconds, Stopping threads took: 0.0000330 seconds
39.840: Application time: 0.4544930 seconds
39.840: [GC pause (young), 0.0332880 secs]
   [Parallel Time: 32.0 ms, GC Workers: 8]
      [GC Worker Start (ms): Min: 39839.7, Avg: 39839.7, Max: 39839.8, Diff: 0.1]
      [Ext Root Scanning (ms): Min: 0.7, Avg: 0.7, Max: 0.8, Diff: 0.1, Sum: 5.7]
      [Update RS (ms): Min: 0.2, Avg: 0.3, Max: 0.5, Diff: 0.3, Sum: 2.4]
         [Processed Buffers: Min: 1, Avg: 2.1, Max: 3, Diff: 2, Sum: 17]
      [Scan RS (ms): Min: 0.3, Avg: 0.4, Max: 0.5, Diff: 0.2, Sum: 3.0]
      [Code Root Scanning (ms): Min: 0.0, Avg: 0.0, Max: 0.0, Diff: 0.0, Sum: 0.0]
      [Object Copy (ms): Min: 30.5, Avg: 30.5, Max: 30.6, Diff: 0.1, Sum: 244.3]
      [Termination (ms): Min: 0.0, Avg: 0.0, Max: 0.0, Diff: 0.0, Sum: 0.0]
      [GC Worker Other (ms): Min: 0.0, Avg: 0.0, Max: 0.1, Diff: 0.0, Sum: 0.4]
      [GC Worker Total (ms): Min: 31.9, Avg: 32.0, Max: 32.0, Diff: 0.1, Sum: 255.8]
      [GC Worker End (ms): Min: 39871.7, Avg: 39871.7, Max: 39871.7, Diff: 0.0]
   [Code Root Fixup: 0.0 ms]
   [Code Root Migration: 0.1 ms]
   [Clear CT: 0.4 ms]
   [Other: 0.7 ms]
      [Choose CSet: 0.0 ms]
      [Ref Proc: 0.1 ms]
      [Ref Enq: 0.0 ms]
      [Free CSet: 0.6 ms]
   [Eden: 859.0M(859.0M)->0.0B(852.0M) Survivors: 63.0M->70.0M Heap: 1050.5M(1538.0M)->198.5M(1538.0M)]
 [Times: user=0.26 sys=0.00, real=0.04 secs] 
39.873: Total time for which application threads were stopped: 0.0334660 seconds, Stopping threads took: 0.0000580 seconds
40.327: Application time: 0.4542130 seconds
40.327: [GC pause (young), 0.0326770 secs]
   [Parallel Time: 31.5 ms, GC Workers: 8]
      [GC Worker Start (ms): Min: 40327.4, Avg: 40327.4, Max: 40327.4, Diff: 0.1]
      [Ext Root Scanning (ms): Min: 0.7, Avg: 0.7, Max: 0.8, Diff: 0.1, Sum: 6.0]
      [Update RS (ms): Min: 0.2, Avg: 0.3, Max: 0.4, Diff: 0.2, Sum: 2.4]
         [Processed Buffers: Min: 1, Avg: 2.1, Max: 3, Diff: 2, Sum: 17]
      [Scan RS (ms): Min: 0.3, Avg: 0.4, Max: 0.4, Diff: 0.2, Sum: 3.0]
      [Code Root Scanning (ms): Min: 0.0, Avg: 0.0, Max: 0.0, Diff: 0.0, Sum: 0.0]
      [Object Copy (ms): Min: 29.9, Avg: 29.9, Max: 30.0, Diff: 0.1, Sum: 239.4]
      [Termination (ms): Min: 0.0, Avg: 0.0, Max: 0.0, Diff: 0.0, Sum: 0.0]
      [GC Worker Other (ms): Min: 0.0, Avg: 0.0, Max: 0.1, Diff: 0.0, Sum: 0.4]
      [GC Worker Total (ms): Min: 31.3, Avg: 31.4, Max: 31.4, Diff: 0.1, Sum: 251.2]
      [GC Worker End (ms): Min: 40358.8, Avg: 40358.8, Max: 40358.8, Diff: 0.0]
   [Code Root Fixup: 0.0 ms]
   [Code Root Migration: 0.1 ms]
   [Clear CT: 0.4 ms]
   [Other: 0.7 ms]
      [Choose CSet: 0.0 ms]
      [Ref Proc: 0.1 ms]
      [Ref Enq: 0.0 ms]
      [Free CSet: 0.5 ms]
   [Eden: 852.0M(852.0M)->0.0B(851.0M) Survivors: 70.0M->71.0M Heap: 1050.5M(1538.0M)->199.1M(1538.0M)]
 [Times: user=0.25 sys=0.00, real=0.03 secs] 
40.360: Total time for which application threads were stopped: 0.0328670 seconds, Stopping threads took: 0.0000360 seconds
40.813: Application time: 0.4533620 seconds
40.814: [GC pause (young), 0.0326860 secs]
   [Parallel Time: 31.4 ms, GC Workers: 8]
      [GC Worker Start (ms): Min: 40813.6, Avg: 40813.9, Max: 40815.4, Diff: 1.8]
      [Ext Root Scanning (ms): Min: 0.0, Avg: 0.7, Max: 0.9, Diff: 0.9, Sum: 5.4]
      [Update RS (ms): Min: 0.0, Avg: 0.3, Max: 0.4, Diff: 0.4, Sum: 2.2]
         [Processed Buffers: Min: 0, Avg: 2.1, Max: 4, Diff: 4, Sum: 17]
      [Scan RS (ms): Min: 0.0, Avg: 0.3, Max: 0.4, Diff: 0.4, Sum: 2.6]
      [Code Root Scanning (ms): Min: 0.0, Avg: 0.0, Max: 0.0, Diff: 0.0, Sum: 0.0]
      [Object Copy (ms): Min: 29.5, Avg: 29.8, Max: 29.9, Diff: 0.4, Sum: 238.4]
      [Termination (ms): Min: 0.0, Avg: 0.0, Max: 0.0, Diff: 0.0, Sum: 0.0]
      [GC Worker Other (ms): Min: 0.0, Avg: 0.1, Max: 0.1, Diff: 0.1, Sum: 0.4]
      [GC Worker Total (ms): Min: 29.6, Avg: 31.1, Max: 31.4, Diff: 1.8, Sum: 249.0]
      [GC Worker End (ms): Min: 40845.0, Avg: 40845.0, Max: 40845.0, Diff: 0.0]
   [Code Root Fixup: 0.0 ms]
   [Code Root Migration: 0.1 ms]
   [Clear CT: 0.4 ms]
   [Other: 0.8 ms]
      [Choose CSet: 0.0 ms]
      [Ref Proc: 0.1 ms]
      [Ref Enq: 0.0 ms]
      [Free CSet: 0.6 ms]
   [Eden: 851.0M(851.0M)->0.0B(852.0M) Survivors: 71.0M->70.0M Heap: 1050.1M(1538.0M)->198.1M(1538.0M)]
 [Times: user=0.25 sys=0.00, real=0.03 secs] 
40.846: Total time for which application threads were stopped: 0.0328620 seconds, Stopping threads took: 0.0000530 seconds
41.292: Application time: 0.4452350 seconds
41.292: [GC pause (young), 0.0324720 secs]
   [Parallel Time: 31.3 ms, GC Workers: 8]
      [GC Worker Start (ms): Min: 41291.8, Avg: 41292.2, Max: 41295.4, Diff: 3.6]
      [Ext Root Scanning (ms): Min: 0.0, Avg: 0.7, Max: 0.9, Diff: 0.9, Sum: 5.6]
      [Update RS (ms): Min: 0.0, Avg: 0.3, Max: 0.4, Diff: 0.4, Sum: 2.2]
         [Processed Buffers: Min: 0, Avg: 2.1, Max: 4, Diff: 4, Sum: 17]
      [Scan RS (ms): Min: 0.2, Avg: 0.3, Max: 0.4, Diff: 0.2, Sum: 2.7]
      [Code Root Scanning (ms): Min: 0.0, Avg: 0.0, Max: 0.0, Diff: 0.0, Sum: 0.0]
      [Object Copy (ms): Min: 27.3, Avg: 29.4, Max: 29.7, Diff: 2.4, Sum: 235.2]
      [Termination (ms): Min: 0.0, Avg: 0.0, Max: 0.0, Diff: 0.0, Sum: 0.0]
      [GC Worker Other (ms): Min: 0.0, Avg: 0.0, Max: 0.1, Diff: 0.0, Sum: 0.4]
      [GC Worker Total (ms): Min: 27.6, Avg: 30.8, Max: 31.2, Diff: 3.6, Sum: 246.1]
      [GC Worker End (ms): Min: 41323.0, Avg: 41323.0, Max: 41323.0, Diff: 0.0]
   [Code Root Fixup: 0.0 ms]
   [Code Root Migration: 0.1 ms]
   [Clear CT: 0.4 ms]
   [Other: 0.6 ms]
      [Choose CSet: 0.0 ms]
      [Ref Proc: 0.1 ms]
      [Ref Enq: 0.0 ms]
      [Free CSet: 0.5 ms]
   [Eden: 852.0M(852.0M)->0.0B(852.0M) Survivors: 70.0M->70.0M Heap: 1050.1M(1538.0M)->198.6M(1538.0M)]
 [Times: user=0.25 sys=0.00, real=0.03 secs] 
41.324: Total time for which application threads were stopped: 0.0326860 seconds, Stopping threads took: 0.0000800 seconds
41.761: Application time: 0.4370630 seconds
41.761: [GC pause (young), 0.0325880 secs]
   [Parallel Time: 31.3 ms, GC Workers: 8]
      [GC Worker Start (ms): Min: 41761.5, Avg: 41761.5, Max: 41761.5, Diff: 0.1]
      [Ext Root Scanning (ms): Min: 0.7, Avg: 0.8, Max: 0.9, Diff: 0.1, Sum: 6.5]
      [Update RS (ms): Min: 0.3, Avg: 0.3, Max: 0.4, Diff: 0.1, Sum: 2.3]
         [Processed Buffers: Min: 1, Avg: 2.1, Max: 3, Diff: 2, Sum: 17]
      [Scan RS (ms): Min: 0.3, Avg: 0.4, Max: 0.4, Diff: 0.1, Sum: 2.9]
      [Code Root Scanning (ms): Min: 0.0, Avg: 0.0, Max: 0.0, Diff: 0.0, Sum: 0.0]
      [Object Copy (ms): Min: 29.7, Avg: 29.7, Max: 29.8, Diff: 0.0, Sum: 237.9]
      [Termination (ms): Min: 0.0, Avg: 0.0, Max: 0.0, Diff: 0.0, Sum: 0.0]
      [GC Worker Other (ms): Min: 0.0, Avg: 0.0, Max: 0.1, Diff: 0.0, Sum: 0.3]
      [GC Worker Total (ms): Min: 31.2, Avg: 31.3, Max: 31.3, Diff: 0.1, Sum: 250.0]
      [GC Worker End (ms): Min: 41792.7, Avg: 41792.7, Max: 41792.8, Diff: 0.0]
   [Code Root Fixup: 0.1 ms]
   [Code Root Migration: 0.1 ms]
   [Clear CT: 0.4 ms]
   [Other: 0.7 ms]
      [Choose CSet: 0.0 ms]
      [Ref Proc: 0.1 ms]
      [Ref Enq: 0.0 ms]
      [Free CSet: 0.5 ms]
   [Eden: 852.0M(852.0M)->0.0B(852.0M) Survivors: 70.0M->70.0M Heap: 1050.6M(1538.0M)->198.6M(1538.0M)]
 [Times: user=0.25 sys=0.00, real=0.04 secs] 
41.794: Total time for which application threads were stopped: 0.0327630 seconds, Stopping threads took: 0.0000430 seconds
42.230: Application time: 0.4355270 seconds
42.230: [GC pause (young), 0.0325520 secs]
   [Parallel Time: 31.4 ms, GC Workers: 8]
      [GC Worker Start (ms): Min: 42229.8, Avg: 42229.8, Max: 42229.8, Diff: 0.1]
      [Ext Root Scanning (ms): Min: 0.7, Avg: 0.8, Max: 0.8, Diff: 0.1, Sum: 6.4]
      [Update RS (ms): Min: 0.2, Avg: 0.3, Max: 0.4, Diff: 0.2, Sum: 2.3]
         [Processed Buffers: Min: 1, Avg: 2.1, Max: 3, Diff: 2, Sum: 17]
      [Scan RS (ms): Min: 0.3, Avg: 0.4, Max: 0.4, Diff: 0.1, Sum: 3.0]
      [Code Root Scanning (ms): Min: 0.0, Avg: 0.0, Max: 0.0, Diff: 0.0, Sum: 0.0]
      [Object Copy (ms): Min: 29.8, Avg: 29.8, Max: 29.8, Diff: 0.0, Sum: 238.4]
      [Termination (ms): Min: 0.0, Avg: 0.0, Max: 0.0, Diff: 0.0, Sum: 0.0]
      [GC Worker Other (ms): Min: 0.0, Avg: 0.0, Max: 0.1, Diff: 0.0, Sum: 0.4]
      [GC Worker Total (ms): Min: 31.3, Avg: 31.3, Max: 31.4, Diff: 0.1, Sum: 250.4]
      [GC Worker End (ms): Min: 42261.1, Avg: 42261.1, Max: 42261.1, Diff: 0.1]
   [Code Root Fixup: 0.0 ms]
   [Code Root Migration: 0.1 ms]
   [Clear CT: 0.4 ms]
   [Other: 0.7 ms]
      [Choose CSet: 0.0 ms]
      [Ref Proc: 0.1 ms]
      [Ref Enq: 0.0 ms]
      [Free CSet: 0.5 ms]
   [Eden: 852.0M(852.0M)->0.0B(851.0M) Survivors: 70.0M->71.0M Heap: 1050.6M(1538.0M)->199.1M(1538.0M)]
 [Times: user=0.25 sys=0.00, real=0.03 secs] 
42.262: Total time for which application threads were stopped: 0.0327210 seconds, Stopping threads took: 0.0000320 seconds
42.693: Application time: 0.4303920 seconds
42.693: [GC pause (young), 0.0335060 secs]
   [Parallel Time: 32.2 ms, GC Workers: 8]
      [GC Worker Start (ms): Min: 42692.8, Avg: 42692.9, Max: 42692.9, Diff: 0.1]
      [Ext Root Scanning (ms): Min: 0.7, Avg: 0.8, Max: 0.8, Diff: 0.1, Sum: 6.0]
      [Update RS (ms): Min: 0.2, Avg: 0.3, Max: 0.4, Diff: 0.2, Sum: 2.3]
         [Processed Buffers: Min: 1, Avg: 2.1, Max: 3, Diff: 2, Sum: 17]
      [Scan RS (ms): Min: 0.3, Avg: 0.4, Max: 0.5, Diff: 0.1, Sum: 3.2]
      [Code Root Scanning (ms): Min: 0.0, Avg: 0.0, Max: 0.0, Diff: 0.0, Sum: 0.0]
      [Object Copy (ms): Min: 30.6, Avg: 30.7, Max: 30.7, Diff: 0.1, Sum: 245.4]
      [Termination (ms): Min: 0.0, Avg: 0.0, Max: 0.0, Diff: 0.0, Sum: 0.0]
      [GC Worker Other (ms): Min: 0.0, Avg: 0.1, Max: 0.1, Diff: 0.0, Sum: 0.4]
      [GC Worker Total (ms): Min: 32.1, Avg: 32.2, Max: 32.2, Diff: 0.1, Sum: 257.4]
      [GC Worker End (ms): Min: 42725.0, Avg: 42725.1, Max: 42725.1, Diff: 0.0]
   [Code Root Fixup: 0.1 ms]
   [Code Root Migration: 0.1 ms]
   [Clear CT: 0.4 ms]
   [Other: 0.7 ms]
      [Choose CSet: 0.0 ms]
      [Ref Proc: 0.1 ms]
      [Ref Enq: 0.0 ms]
      [Free CSet: 0.5 ms]
   [Eden: 851.0M(851.0M)->0.0B(852.0M) Survivors: 71.0M->70.0M Heap: 1050.1M(1538.0M)->198.6M(1538.0M)]
 [Times: user=0.26 sys=0.00, real=0.03 secs] 
42.726: Total time for which application threads were stopped: 0.0336450 seconds, Stopping threads took: 0.0000150 seconds
43.156: Application time: 0.4291700 seconds
43.156: [GC pause (young), 0.0326370 secs]
   [Parallel Time: 31.5 ms, GC Workers: 8]
      [GC Worker Start (ms): Min: 43155.7, Avg: 43155.7, Max: 43155.7, Diff: 0.1]
      [Ext Root Scanning (ms): Min: 0.7, Avg: 0.8, Max: 0.9, Diff: 0.1, Sum: 6.4]
      [Update RS (ms): Min: 0.2, Avg: 0.3, Max: 0.4, Diff: 0.2, Sum: 2.3]
         [Processed Buffers: Min: 1, Avg: 2.1, Max: 3, Diff: 2, Sum: 17]
      [Scan RS (ms): Min: 0.3, Avg: 0.4, Max: 0.4, Diff: 0.1, Sum: 3.0]
      [Code Root Scanning (ms): Min: 0.0, Avg: 0.0, Max: 0.0, Diff: 0.0, Sum: 0.0]
      [Object Copy (ms): Min: 29.9, Avg: 29.9, Max: 29.9, Diff: 0.0, Sum: 239.2]
      [Termination (ms): Min: 0.0, Avg: 0.0, Max: 0.0, Diff: 0.0, Sum: 0.0]
      [GC Worker Other (ms): Min: 0.0, Avg: 0.1, Max: 0.1, Diff: 0.0, Sum: 0.4]
      [GC Worker Total (ms): Min: 31.4, Avg: 31.4, Max: 31.4, Diff: 0.1, Sum: 251.3]
      [GC Worker End (ms): Min: 43187.1, Avg: 43187.1, Max: 43187.1, Diff: 0.0]
   [Code Root Fixup: 0.0 ms]
   [Code Root Migration: 0.1 ms]
   [Clear CT: 0.4 ms]
   [Other: 0.6 ms]
      [Choose CSet: 0.0 ms]
      [Ref Proc: 0.1 ms]
      [Ref Enq: 0.0 ms]
      [Free CSet: 0.5 ms]
   [Eden: 852.0M(852.0M)->0.0B(853.0M) Survivors: 70.0M->69.0M Heap: 1050.6M(1538.0M)->197.6M(1538.0M)]
 [Times: user=0.26 sys=0.00, real=0.03 secs] 
43.188: Total time for which application threads were stopped: 0.0328130 seconds, Stopping threads took: 0.0000270 seconds
43.618: Application time: 0.4295430 seconds
43.618: [GC pause (young), 0.0336130 secs]
   [Parallel Time: 32.4 ms, GC Workers: 8]
      [GC Worker Start (ms): Min: 43618.0, Avg: 43618.1, Max: 43618.1, Diff: 0.1]
      [Ext Root Scanning (ms): Min: 0.8, Avg: 0.8, Max: 0.9, Diff: 0.1, Sum: 6.4]
      [Update RS (ms): Min: 0.2, Avg: 0.3, Max: 0.3, Diff: 0.1, Sum: 2.3]
         [Processed Buffers: Min: 1, Avg: 2.1, Max: 3, Diff: 2, Sum: 17]
      [Scan RS (ms): Min: 0.3, Avg: 0.4, Max: 0.4, Diff: 0.1, Sum: 3.1]
      [Code Root Scanning (ms): Min: 0.0, Avg: 0.0, Max: 0.0, Diff: 0.0, Sum: 0.0]
      [Object Copy (ms): Min: 30.8, Avg: 30.8, Max: 30.8, Diff: 0.0, Sum: 246.3]
      [Termination (ms): Min: 0.0, Avg: 0.0, Max: 0.0, Diff: 0.0, Sum: 0.0]
      [GC Worker Other (ms): Min: 0.0, Avg: 0.1, Max: 0.1, Diff: 0.0, Sum: 0.5]
      [GC Worker Total (ms): Min: 32.3, Avg: 32.3, Max: 32.4, Diff: 0.1, Sum: 258.6]
      [GC Worker End (ms): Min: 43650.4, Avg: 43650.4, Max: 43650.4, Diff: 0.0]
   [Code Root Fixup: 0.0 ms]
   [Code Root Migration: 0.1 ms]
   [Clear CT: 0.4 ms]
   [Other: 0.7 ms]
      [Choose CSet: 0.0 ms]
      [Ref Proc: 0.1 ms]
      [Ref Enq: 0.0 ms]
      [Free CSet: 0.5 ms]
   [Eden: 853.0M(853.0M)->0.0B(849.0M) Survivors: 69.0M->73.0M Heap: 1050.6M(1538.0M)->201.1M(1538.0M)]
 [Times: user=0.26 sys=0.00, real=0.04 secs] 
43.652: Total time for which application threads were stopped: 0.0337750 seconds, Stopping threads took: 0.0000400 seconds
44.087: Application time: 0.4348580 seconds
44.087: [GC pause (young), 0.0325050 secs]
   [Parallel Time: 31.3 ms, GC Workers: 8]
      [GC Worker Start (ms): Min: 44086.7, Avg: 44086.7, Max: 44086.7, Diff: 0.1]
      [Ext Root Scanning (ms): Min: 0.7, Avg: 0.8, Max: 0.8, Diff: 0.1, Sum: 6.0]
      [Update RS (ms): Min: 0.2, Avg: 0.3, Max: 0.4, Diff: 0.2, Sum: 2.3]
         [Processed Buffers: Min: 1, Avg: 2.1, Max: 3, Diff: 2, Sum: 17]
      [Scan RS (ms): Min: 0.3, Avg: 0.4, Max: 0.4, Diff: 0.1, Sum: 3.1]
      [Code Root Scanning (ms): Min: 0.0, Avg: 0.0, Max: 0.0, Diff: 0.0, Sum: 0.0]
      [Object Copy (ms): Min: 29.7, Avg: 29.7, Max: 29.8, Diff: 0.1, Sum: 237.5]
      [Termination (ms): Min: 0.0, Avg: 0.0, Max: 0.0, Diff: 0.0, Sum: 0.0]
      [GC Worker Other (ms): Min: 0.0, Avg: 0.1, Max: 0.1, Diff: 0.0, Sum: 0.5]
      [GC Worker Total (ms): Min: 31.1, Avg: 31.2, Max: 31.2, Diff: 0.1, Sum: 249.4]
      [GC Worker End (ms): Min: 44117.9, Avg: 44117.9, Max: 44117.9, Diff: 0.0]
   [Code Root Fixup: 0.0 ms]
   [Code Root Migration: 0.1 ms]
   [Clear CT: 0.4 ms]
   [Other: 0.7 ms]
      [Choose CSet: 0.0 ms]
      [Ref Proc: 0.1 ms]
      [Ref Enq: 0.0 ms]
      [Free CSet: 0.6 ms]
   [Eden: 849.0M(849.0M)->0.0B(852.0M) Survivors: 73.0M->70.0M Heap: 1050.1M(1538.0M)->198.1M(1538.0M)]
 [Times: user=0.25 sys=0.00, real=0.03 secs] 
44.119: Total time for which application threads were stopped: 0.0326770 seconds, Stopping threads took: 0.0000390 seconds
44.563: Application time: 0.4439770 seconds
44.563: [GC pause (young), 0.0321670 secs]
   [Parallel Time: 31.0 ms, GC Workers: 8]
      [GC Worker Start (ms): Min: 44563.4, Avg: 44563.4, Max: 44563.4, Diff: 0.1]
      [Ext Root Scanning (ms): Min: 0.6, Avg: 0.7, Max: 0.8, Diff: 0.2, Sum: 5.8]
      [Update RS (ms): Min: 0.2, Avg: 0.3, Max: 0.4, Diff: 0.2, Sum: 2.3]
         [Processed Buffers: Min: 1, Avg: 2.1, Max: 4, Diff: 3, Sum: 17]
      [Scan RS (ms): Min: 0.3, Avg: 0.4, Max: 0.4, Diff: 0.1, Sum: 3.1]
      [Code Root Scanning (ms): Min: 0.0, Avg: 0.0, Max: 0.0, Diff: 0.0, Sum: 0.0]
      [Object Copy (ms): Min: 29.4, Avg: 29.4, Max: 29.4, Diff: 0.1, Sum: 235.2]
      [Termination (ms): Min: 0.0, Avg: 0.0, Max: 0.0, Diff: 0.0, Sum: 0.0]
      [GC Worker Other (ms): Min: 0.0, Avg: 0.1, Max: 0.1, Diff: 0.0, Sum: 0.5]
      [GC Worker Total (ms): Min: 30.8, Avg: 30.9, Max: 30.9, Diff: 0.1, Sum: 246.9]
      [GC Worker End (ms): Min: 44594.2, Avg: 44594.3, Max: 44594.3, Diff: 0.0]
   [Code Root Fixup: 0.0 ms]
   [Code Root Migration: 0.1 ms]
   [Clear CT: 0.4 ms]
   [Other: 0.7 ms]
      [Choose CSet: 0.0 ms]
      [Ref Proc: 0.1 ms]
      [Ref Enq: 0.0 ms]
      [Free CSet: 0.5 ms]
   [Eden: 852.0M(852.0M)->0.0B(854.0M) Survivors: 70.0M->68.0M Heap: 1050.1M(1538.0M)->196.2M(1538.0M)]
 [Times: user=0.25 sys=0.00, real=0.03 secs] 
44.596: Total time for which application threads were stopped: 0.0323720 seconds, Stopping threads took: 0.0000660 seconds
45.057: Application time: 0.4615010 seconds
45.057: [GC pause (young), 0.0309950 secs]
   [Parallel Time: 29.7 ms, GC Workers: 8]
      [GC Worker Start (ms): Min: 45057.2, Avg: 45057.3, Max: 45057.3, Diff: 0.1]
      [Ext Root Scanning (ms): Min: 0.7, Avg: 0.7, Max: 0.8, Diff: 0.1, Sum: 5.8]
      [Update RS (ms): Min: 0.2, Avg: 0.3, Max: 0.4, Diff: 0.2, Sum: 2.3]
         [Processed Buffers: Min: 1, Avg: 2.1, Max: 4, Diff: 3, Sum: 17]
      [Scan RS (ms): Min: 0.3, Avg: 0.4, Max: 0.4, Diff: 0.1, Sum: 2.9]
      [Code Root Scanning (ms): Min: 0.0, Avg: 0.0, Max: 0.0, Diff: 0.0, Sum: 0.0]
      [Object Copy (ms): Min: 28.2, Avg: 28.2, Max: 28.3, Diff: 0.1, Sum: 225.9]
      [Termination (ms): Min: 0.0, Avg: 0.0, Max: 0.0, Diff: 0.0, Sum: 0.0]
      [GC Worker Other (ms): Min: 0.0, Avg: 0.1, Max: 0.1, Diff: 0.0, Sum: 0.4]
      [GC Worker Total (ms): Min: 29.6, Avg: 29.7, Max: 29.7, Diff: 0.1, Sum: 237.4]
      [GC Worker End (ms): Min: 45086.9, Avg: 45086.9, Max: 45086.9, Diff: 0.0]
   [Code Root Fixup: 0.0 ms]
   [Code Root Migration: 0.1 ms]
   [Clear CT: 0.4 ms]
   [Other: 0.7 ms]
      [Choose CSet: 0.0 ms]
      [Ref Proc: 0.1 ms]
      [Ref Enq: 0.0 ms]
      [Free CSet: 0.6 ms]
   [Eden: 854.0M(854.0M)->0.0B(856.0M) Survivors: 68.0M->66.0M Heap: 1050.2M(1538.0M)->194.7M(1538.0M)]
 [Times: user=0.24 sys=0.00, real=0.03 secs] 
45.088: Total time for which application threads were stopped: 0.0311740 seconds, Stopping threads took: 0.0000450 seconds
45.544: Application time: 0.4552440 seconds
45.544: [GC pause (young), 0.0322910 secs]
   [Parallel Time: 31.1 ms, GC Workers: 8]
      [GC Worker Start (ms): Min: 45543.6, Avg: 45543.7, Max: 45543.7, Diff: 0.1]
      [Ext Root Scanning (ms): Min: 0.7, Avg: 0.7, Max: 0.8, Diff: 0.1, Sum: 5.9]
      [Update RS (ms): Min: 0.2, Avg: 0.3, Max: 0.4, Diff: 0.2, Sum: 2.3]
         [Processed Buffers: Min: 1, Avg: 2.1, Max: 3, Diff: 2, Sum: 17]
      [Scan RS (ms): Min: 0.3, Avg: 0.4, Max: 0.4, Diff: 0.2, Sum: 3.0]
      [Code Root Scanning (ms): Min: 0.0, Avg: 0.0, Max: 0.0, Diff: 0.0, Sum: 0.1]
      [Object Copy (ms): Min: 29.5, Avg: 29.6, Max: 29.6, Diff: 0.1, Sum: 236.7]
      [Termination (ms): Min: 0.0, Avg: 0.0, Max: 0.0, Diff: 0.0, Sum: 0.0]
      [GC Worker Other (ms): Min: 0.0, Avg: 0.1, Max: 0.1, Diff: 0.0, Sum: 0.4]
      [GC Worker Total (ms): Min: 31.0, Avg: 31.1, Max: 31.1, Diff: 0.1, Sum: 248.4]
      [GC Worker End (ms): Min: 45574.7, Avg: 45574.7, Max: 45574.7, Diff: 0.0]
   [Code Root Fixup: 0.0 ms]
   [Code Root Migration: 0.1 ms]
   [Clear CT: 0.4 ms]
   [Other: 0.6 ms]
      [Choose CSet: 0.0 ms]
      [Ref Proc: 0.1 ms]
      [Ref Enq: 0.0 ms]
      [Free CSet: 0.5 ms]
   [Eden: 856.0M(856.0M)->0.0B(852.0M) Survivors: 66.0M->70.0M Heap: 1050.7M(1538.0M)->198.2M(1538.0M)]
 [Times: user=0.25 sys=0.00, real=0.03 secs] 
45.576: Total time for which application threads were stopped: 0.0324680 seconds, Stopping threads took: 0.0000460 seconds
46.023: Application time: 0.4471000 seconds
46.023: [GC pause (young), 0.0328250 secs]
   [Parallel Time: 31.6 ms, GC Workers: 8]
      [GC Worker Start (ms): Min: 46023.2, Avg: 46023.3, Max: 46023.3, Diff: 0.1]
      [Ext Root Scanning (ms): Min: 0.7, Avg: 0.8, Max: 0.8, Diff: 0.1, Sum: 6.3]
      [Update RS (ms): Min: 0.2, Avg: 0.3, Max: 0.4, Diff: 0.1, Sum: 2.3]
         [Processed Buffers: Min: 1, Avg: 2.1, Max: 3, Diff: 2, Sum: 17]
      [Scan RS (ms): Min: 0.3, Avg: 0.4, Max: 0.4, Diff: 0.1, Sum: 2.9]
      [Code Root Scanning (ms): Min: 0.0, Avg: 0.0, Max: 0.0, Diff: 0.0, Sum: 0.0]
      [Object Copy (ms): Min: 30.1, Avg: 30.1, Max: 30.1, Diff: 0.0, Sum: 240.7]
      [Termination (ms): Min: 0.0, Avg: 0.0, Max: 0.0, Diff: 0.0, Sum: 0.0]
      [GC Worker Other (ms): Min: 0.0, Avg: 0.1, Max: 0.1, Diff: 0.0, Sum: 0.4]
      [GC Worker Total (ms): Min: 31.5, Avg: 31.6, Max: 31.6, Diff: 0.1, Sum: 252.6]
      [GC Worker End (ms): Min: 46054.8, Avg: 46054.9, Max: 46054.9, Diff: 0.0]
   [Code Root Fixup: 0.0 ms]
   [Code Root Migration: 0.1 ms]
   [Clear CT: 0.4 ms]
   [Other: 0.7 ms]
      [Choose CSet: 0.0 ms]
      [Ref Proc: 0.1 ms]
      [Ref Enq: 0.0 ms]
      [Free CSet: 0.5 ms]
   [Eden: 852.0M(852.0M)->0.0B(852.0M) Survivors: 70.0M->70.0M Heap: 1050.2M(1538.0M)->198.7M(1538.0M)]
 [Times: user=0.26 sys=0.00, real=0.04 secs] 
46.056: Total time for which application threads were stopped: 0.0330360 seconds, Stopping threads took: 0.0000720 seconds
46.497: Application time: 0.4413600 seconds
46.498: [GC pause (young), 0.0331120 secs]
   [Parallel Time: 31.9 ms, GC Workers: 8]
      [GC Worker Start (ms): Min: 46497.6, Avg: 46497.6, Max: 46497.7, Diff: 0.1]
      [Ext Root Scanning (ms): Min: 0.7, Avg: 0.8, Max: 0.9, Diff: 0.2, Sum: 6.4]
      [Update RS (ms): Min: 0.2, Avg: 0.3, Max: 0.4, Diff: 0.2, Sum: 2.3]
         [Processed Buffers: Min: 1, Avg: 2.1, Max: 3, Diff: 2, Sum: 17]
      [Scan RS (ms): Min: 0.3, Avg: 0.4, Max: 0.4, Diff: 0.1, Sum: 3.0]
      [Code Root Scanning (ms): Min: 0.0, Avg: 0.0, Max: 0.0, Diff: 0.0, Sum: 0.0]
      [Object Copy (ms): Min: 30.3, Avg: 30.4, Max: 30.4, Diff: 0.1, Sum: 242.8]
      [Termination (ms): Min: 0.0, Avg: 0.0, Max: 0.0, Diff: 0.0, Sum: 0.0]
      [GC Worker Other (ms): Min: 0.0, Avg: 0.1, Max: 0.1, Diff: 0.0, Sum: 0.4]
      [GC Worker Total (ms): Min: 31.8, Avg: 31.9, Max: 31.9, Diff: 0.1, Sum: 255.0]
      [GC Worker End (ms): Min: 46529.5, Avg: 46529.5, Max: 46529.5, Diff: 0.0]
   [Code Root Fixup: 0.1 ms]
   [Code Root Migration: 0.1 ms]
   [Clear CT: 0.4 ms]
   [Other: 0.6 ms]
      [Choose CSet: 0.0 ms]
      [Ref Proc: 0.1 ms]
      [Ref Enq: 0.0 ms]
      [Free CSet: 0.5 ms]
   [Eden: 852.0M(852.0M)->0.0B(852.0M) Survivors: 70.0M->70.0M Heap: 1050.7M(1538.0M)->198.7M(1538.0M)]
 [Times: user=0.25 sys=0.00, real=0.03 secs] 
46.531: Total time for which application threads were stopped: 0.0332770 seconds, Stopping threads took: 0.0000400 seconds
46.968: Application time: 0.4371690 seconds
46.968: [GC pause (young), 0.0334340 secs]
   [Parallel Time: 32.2 ms, GC Workers: 8]
      [GC Worker Start (ms): Min: 46968.1, Avg: 46968.1, Max: 46968.1, Diff: 0.1]
      [Ext Root Scanning (ms): Min: 0.7, Avg: 0.8, Max: 0.8, Diff: 0.1, Sum: 6.3]
      [Update RS (ms): Min: 0.2, Avg: 0.3, Max: 0.4, Diff: 0.1, Sum: 2.2]
         [Processed Buffers: Min: 1, Avg: 2.1, Max: 3, Diff: 2, Sum: 17]
      [Scan RS (ms): Min: 0.3, Avg: 0.4, Max: 0.4, Diff: 0.1, Sum: 3.0]
      [Code Root Scanning (ms): Min: 0.0, Avg: 0.0, Max: 0.0, Diff: 0.0, Sum: 0.0]
      [Object Copy (ms): Min: 30.7, Avg: 30.7, Max: 30.7, Diff: 0.1, Sum: 245.4]
      [Termination (ms): Min: 0.0, Avg: 0.0, Max: 0.0, Diff: 0.0, Sum: 0.0]
      [GC Worker Other (ms): Min: 0.0, Avg: 0.0, Max: 0.1, Diff: 0.0, Sum: 0.4]
      [GC Worker Total (ms): Min: 32.1, Avg: 32.2, Max: 32.2, Diff: 0.1, Sum: 257.4]
      [GC Worker End (ms): Min: 47000.3, Avg: 47000.3, Max: 47000.3, Diff: 0.0]
   [Code Root Fixup: 0.0 ms]
   [Code Root Migration: 0.1 ms]
   [Clear CT: 0.4 ms]
   [Other: 0.7 ms]
      [Choose CSet: 0.0 ms]
      [Ref Proc: 0.1 ms]
      [Ref Enq: 0.0 ms]
      [Free CSet: 0.5 ms]
   [Eden: 852.0M(852.0M)->0.0B(851.0M) Survivors: 70.0M->71.0M Heap: 1050.7M(1538.0M)->199.2M(1538.0M)]
 [Times: user=0.26 sys=0.00, real=0.03 secs] 
47.002: Total time for which application threads were stopped: 0.0336390 seconds, Stopping threads took: 0.0000540 seconds
47.439: Application time: 0.4375620 seconds
47.439: [GC pause (young), 0.0326500 secs]
   [Parallel Time: 31.5 ms, GC Workers: 8]
      [GC Worker Start (ms): Min: 47439.3, Avg: 47439.3, Max: 47439.3, Diff: 0.1]
      [Ext Root Scanning (ms): Min: 0.7, Avg: 0.8, Max: 0.8, Diff: 0.1, Sum: 6.2]
      [Update RS (ms): Min: 0.2, Avg: 0.3, Max: 0.4, Diff: 0.2, Sum: 2.3]
         [Processed Buffers: Min: 1, Avg: 2.1, Max: 3, Diff: 2, Sum: 17]
      [Scan RS (ms): Min: 0.3, Avg: 0.4, Max: 0.4, Diff: 0.1, Sum: 3.1]
      [Code Root Scanning (ms): Min: 0.0, Avg: 0.0, Max: 0.0, Diff: 0.0, Sum: 0.0]
      [Object Copy (ms): Min: 29.8, Avg: 29.9, Max: 29.9, Diff: 0.1, Sum: 239.0]
      [Termination (ms): Min: 0.0, Avg: 0.0, Max: 0.0, Diff: 0.0, Sum: 0.0]
      [GC Worker Other (ms): Min: 0.0, Avg: 0.1, Max: 0.1, Diff: 0.0, Sum: 0.5]
      [GC Worker Total (ms): Min: 31.3, Avg: 31.4, Max: 31.4, Diff: 0.1, Sum: 251.1]
      [GC Worker End (ms): Min: 47470.7, Avg: 47470.7, Max: 47470.7, Diff: 0.0]
   [Code Root Fixup: 0.0 ms]
   [Code Root Migration: 0.1 ms]
   [Clear CT: 0.4 ms]
   [Other: 0.7 ms]
      [Choose CSet: 0.0 ms]
      [Ref Proc: 0.1 ms]
      [Ref Enq: 0.0 ms]
      [Free CSet: 0.5 ms]
   [Eden: 851.0M(851.0M)->0.0B(851.0M) Survivors: 71.0M->71.0M Heap: 1050.2M(1538.0M)->199.7M(1538.0M)]
 [Times: user=0.25 sys=0.00, real=0.04 secs] 
47.472: Total time for which application threads were stopped: 0.0328110 seconds, Stopping threads took: 0.0000340 seconds
47.903: Application time: 0.4307300 seconds
47.903: [GC pause (young), 0.0329020 secs]
   [Parallel Time: 31.6 ms, GC Workers: 8]
      [GC Worker Start (ms): Min: 47902.8, Avg: 47902.9, Max: 47903.4, Diff: 0.5]
      [Ext Root Scanning (ms): Min: 0.3, Avg: 0.8, Max: 0.9, Diff: 0.6, Sum: 6.1]
      [Update RS (ms): Min: 0.2, Avg: 0.3, Max: 0.4, Diff: 0.2, Sum: 2.3]
         [Processed Buffers: Min: 1, Avg: 2.1, Max: 3, Diff: 2, Sum: 17]
      [Scan RS (ms): Min: 0.3, Avg: 0.4, Max: 0.4, Diff: 0.1, Sum: 3.0]
      [Code Root Scanning (ms): Min: 0.0, Avg: 0.0, Max: 0.0, Diff: 0.0, Sum: 0.0]
      [Object Copy (ms): Min: 29.9, Avg: 30.0, Max: 30.0, Diff: 0.1, Sum: 239.7]
      [Termination (ms): Min: 0.0, Avg: 0.0, Max: 0.0, Diff: 0.0, Sum: 0.0]
      [GC Worker Other (ms): Min: 0.0, Avg: 0.1, Max: 0.1, Diff: 0.0, Sum: 0.4]
      [GC Worker Total (ms): Min: 31.0, Avg: 31.4, Max: 31.6, Diff: 0.6, Sum: 251.5]
      [GC Worker End (ms): Min: 47934.3, Avg: 47934.4, Max: 47934.4, Diff: 0.0]
   [Code Root Fixup: 0.1 ms]
   [Code Root Migration: 0.1 ms]
   [Clear CT: 0.4 ms]
   [Other: 0.8 ms]
      [Choose CSet: 0.0 ms]
      [Ref Proc: 0.1 ms]
      [Ref Enq: 0.0 ms]
      [Free CSet: 0.6 ms]
   [Eden: 851.0M(851.0M)->0.0B(852.0M) Survivors: 71.0M->70.0M Heap: 1050.7M(1538.0M)->198.7M(1538.0M)]
 [Times: user=0.25 sys=0.00, real=0.04 secs] 
47.936: Total time for which application threads were stopped: 0.0330780 seconds, Stopping threads took: 0.0000360 seconds
48.367: Application time: 0.4313440 seconds
48.367: [GC pause (young), 0.0305340 secs]
   [Parallel Time: 29.4 ms, GC Workers: 8]
      [GC Worker Start (ms): Min: 48367.2, Avg: 48367.3, Max: 48367.3, Diff: 0.1]
      [Ext Root Scanning (ms): Min: 0.7, Avg: 0.8, Max: 0.9, Diff: 0.1, Sum: 6.3]
      [Update RS (ms): Min: 0.2, Avg: 0.3, Max: 0.4, Diff: 0.1, Sum: 2.3]
         [Processed Buffers: Min: 1, Avg: 2.1, Max: 3, Diff: 2, Sum: 17]
      [Scan RS (ms): Min: 0.3, Avg: 0.4, Max: 0.4, Diff: 0.1, Sum: 2.9]
      [Code Root Scanning (ms): Min: 0.0, Avg: 0.0, Max: 0.0, Diff: 0.0, Sum: 0.0]
      [Object Copy (ms): Min: 27.8, Avg: 27.8, Max: 27.8, Diff: 0.0, Sum: 222.4]
      [Termination (ms): Min: 0.0, Avg: 0.0, Max: 0.0, Diff: 0.0, Sum: 0.0]
      [GC Worker Other (ms): Min: 0.0, Avg: 0.0, Max: 0.1, Diff: 0.0, Sum: 0.4]
      [GC Worker Total (ms): Min: 29.3, Avg: 29.3, Max: 29.3, Diff: 0.1, Sum: 234.3]
      [GC Worker End (ms): Min: 48396.5, Avg: 48396.6, Max: 48396.6, Diff: 0.0]
   [Code Root Fixup: 0.0 ms]
   [Code Root Migration: 0.1 ms]
   [Clear CT: 0.4 ms]
   [Other: 0.6 ms]
      [Choose CSet: 0.0 ms]
      [Ref Proc: 0.1 ms]
      [Ref Enq: 0.0 ms]
      [Free CSet: 0.5 ms]
   [Eden: 852.0M(852.0M)->0.0B(855.0M) Survivors: 70.0M->67.0M Heap: 1050.7M(1538.0M)->195.7M(1538.0M)]
 [Times: user=0.24 sys=0.00, real=0.03 secs] 
48.399: Total time for which application threads were stopped: 0.0323320 seconds, Stopping threads took: 0.0000560 seconds
48.837: Application time: 0.4379900 seconds
48.838: [GC pause (young), 0.0312760 secs]
   [Parallel Time: 30.1 ms, GC Workers: 8]
      [GC Worker Start (ms): Min: 48837.6, Avg: 48837.6, Max: 48837.6, Diff: 0.1]
      [Ext Root Scanning (ms): Min: 0.7, Avg: 0.7, Max: 0.8, Diff: 0.1, Sum: 5.9]
      [Update RS (ms): Min: 0.2, Avg: 0.3, Max: 0.4, Diff: 0.1, Sum: 2.3]
         [Processed Buffers: Min: 1, Avg: 2.1, Max: 3, Diff: 2, Sum: 17]
      [Scan RS (ms): Min: 0.3, Avg: 0.4, Max: 0.4, Diff: 0.1, Sum: 3.0]
      [Code Root Scanning (ms): Min: 0.0, Avg: 0.0, Max: 0.0, Diff: 0.0, Sum: 0.1]
      [Object Copy (ms): Min: 28.5, Avg: 28.6, Max: 28.6, Diff: 0.1, Sum: 228.5]
      [Termination (ms): Min: 0.0, Avg: 0.0, Max: 0.0, Diff: 0.0, Sum: 0.0]
      [GC Worker Other (ms): Min: 0.0, Avg: 0.0, Max: 0.1, Diff: 0.0, Sum: 0.4]
      [GC Worker Total (ms): Min: 30.0, Avg: 30.0, Max: 30.1, Diff: 0.1, Sum: 240.2]
      [GC Worker End (ms): Min: 48867.6, Avg: 48867.6, Max: 48867.6, Diff: 0.0]
   [Code Root Fixup: 0.1 ms]
   [Code Root Migration: 0.1 ms]
   [Clear CT: 0.4 ms]
   [Other: 0.6 ms]
      [Choose CSet: 0.0 ms]
      [Ref Proc: 0.1 ms]
      [Ref Enq: 0.0 ms]
      [Free CSet: 0.5 ms]
   [Eden: 855.0M(855.0M)->0.0B(854.0M) Survivors: 67.0M->68.0M Heap: 1050.7M(1538.0M)->196.8M(1538.0M)]
 [Times: user=0.25 sys=0.00, real=0.03 secs] 
48.869: Total time for which application threads were stopped: 0.0314630 seconds, Stopping threads took: 0.0000490 seconds
49.312: Application time: 0.4426100 seconds
49.312: [GC pause (young), 0.0309450 secs]
   [Parallel Time: 29.8 ms, GC Workers: 8]
      [GC Worker Start (ms): Min: 49311.7, Avg: 49311.7, Max: 49311.7, Diff: 0.1]
      [Ext Root Scanning (ms): Min: 0.7, Avg: 0.7, Max: 0.8, Diff: 0.1, Sum: 5.9]
      [Update RS (ms): Min: 0.2, Avg: 0.3, Max: 0.4, Diff: 0.2, Sum: 2.3]
         [Processed Buffers: Min: 1, Avg: 2.1, Max: 4, Diff: 3, Sum: 17]
      [Scan RS (ms): Min: 0.3, Avg: 0.4, Max: 0.4, Diff: 0.1, Sum: 3.1]
      [Code Root Scanning (ms): Min: 0.0, Avg: 0.0, Max: 0.0, Diff: 0.0, Sum: 0.0]
      [Object Copy (ms): Min: 28.2, Avg: 28.2, Max: 28.3, Diff: 0.1, Sum: 226.0]
      [Termination (ms): Min: 0.0, Avg: 0.0, Max: 0.0, Diff: 0.0, Sum: 0.0]
      [GC Worker Other (ms): Min: 0.0, Avg: 0.1, Max: 0.1, Diff: 0.0, Sum: 0.4]
      [GC Worker Total (ms): Min: 29.7, Avg: 29.7, Max: 29.7, Diff: 0.1, Sum: 237.7]
      [GC Worker End (ms): Min: 49341.4, Avg: 49341.4, Max: 49341.4, Diff: 0.0]
   [Code Root Fixup: 0.0 ms]
   [Code Root Migration: 0.1 ms]
   [Clear CT: 0.4 ms]
   [Other: 0.6 ms]
      [Choose CSet: 0.0 ms]
      [Ref Proc: 0.1 ms]
      [Ref Enq: 0.0 ms]
      [Free CSet: 0.5 ms]
   [Eden: 854.0M(854.0M)->0.0B(855.0M) Survivors: 68.0M->67.0M Heap: 1050.8M(1538.0M)->195.3M(1538.0M)]
 [Times: user=0.24 sys=0.00, real=0.02 secs] 
49.343: Total time for which application threads were stopped: 0.0311430 seconds, Stopping threads took: 0.0000760 seconds
49.789: Application time: 0.4465460 seconds
49.789: [GC pause (young), 0.0321880 secs]
   [Parallel Time: 31.0 ms, GC Workers: 8]
      [GC Worker Start (ms): Min: 49789.3, Avg: 49789.6, Max: 49791.4, Diff: 2.0]
      [Ext Root Scanning (ms): Min: 0.0, Avg: 0.7, Max: 0.9, Diff: 0.9, Sum: 5.4]
      [Update RS (ms): Min: 0.0, Avg: 0.3, Max: 0.5, Diff: 0.5, Sum: 2.2]
         [Processed Buffers: Min: 0, Avg: 2.1, Max: 3, Diff: 3, Sum: 17]
      [Scan RS (ms): Min: 0.0, Avg: 0.3, Max: 0.4, Diff: 0.4, Sum: 2.5]
      [Code Root Scanning (ms): Min: 0.0, Avg: 0.0, Max: 0.0, Diff: 0.0, Sum: 0.0]
      [Object Copy (ms): Min: 28.9, Avg: 29.4, Max: 29.5, Diff: 0.6, Sum: 235.1]
      [Termination (ms): Min: 0.0, Avg: 0.0, Max: 0.0, Diff: 0.0, Sum: 0.0]
      [GC Worker Other (ms): Min: 0.0, Avg: 0.0, Max: 0.1, Diff: 0.0, Sum: 0.4]
      [GC Worker Total (ms): Min: 29.0, Avg: 30.7, Max: 31.0, Diff: 2.0, Sum: 245.7]
      [GC Worker End (ms): Min: 49820.3, Avg: 49820.3, Max: 49820.3, Diff: 0.0]
   [Code Root Fixup: 0.0 ms]
   [Code Root Migration: 0.1 ms]
   [Clear CT: 0.4 ms]
   [Other: 0.6 ms]
      [Choose CSet: 0.0 ms]
      [Ref Proc: 0.1 ms]
      [Ref Enq: 0.0 ms]
      [Free CSet: 0.5 ms]
   [Eden: 855.0M(855.0M)->0.0B(853.0M) Survivors: 67.0M->69.0M Heap: 1050.3M(1538.0M)->197.8M(1538.0M)]
 [Times: user=0.25 sys=0.00, real=0.03 secs] 
49.822: Total time for which application threads were stopped: 0.0323910 seconds, Stopping threads took: 0.0000570 seconds
50.272: Application time: 0.4508370 seconds
50.273: [GC pause (young), 0.0327150 secs]
   [Parallel Time: 31.5 ms, GC Workers: 8]
      [GC Worker Start (ms): Min: 50272.6, Avg: 50273.3, Max: 50278.5, Diff: 5.9]
      [Ext Root Scanning (ms): Min: 0.0, Avg: 0.7, Max: 0.9, Diff: 0.9, Sum: 5.2]
      [Update RS (ms): Min: 0.0, Avg: 0.3, Max: 0.4, Diff: 0.4, Sum: 2.1]
         [Processed Buffers: Min: 0, Avg: 2.1, Max: 4, Diff: 4, Sum: 17]
      [Scan RS (ms): Min: 0.2, Avg: 0.4, Max: 0.4, Diff: 0.2, Sum: 2.9]
      [Code Root Scanning (ms): Min: 0.0, Avg: 0.0, Max: 0.0, Diff: 0.0, Sum: 0.1]
      [Object Copy (ms): Min: 25.2, Avg: 29.3, Max: 29.9, Diff: 4.7, Sum: 234.5]
      [Termination (ms): Min: 0.0, Avg: 0.0, Max: 0.0, Diff: 0.0, Sum: 0.0]
      [GC Worker Other (ms): Min: 0.0, Avg: 0.1, Max: 0.1, Diff: 0.0, Sum: 0.4]
      [GC Worker Total (ms): Min: 25.5, Avg: 30.7, Max: 31.4, Diff: 5.9, Sum: 245.2]
      [GC Worker End (ms): Min: 50304.0, Avg: 50304.0, Max: 50304.0, Diff: 0.0]
   [Code Root Fixup: 0.0 ms]
   [Code Root Migration: 0.1 ms]
   [Clear CT: 0.4 ms]
   [Other: 0.7 ms]
      [Choose CSet: 0.0 ms]
      [Ref Proc: 0.1 ms]
      [Ref Enq: 0.0 ms]
      [Free CSet: 0.6 ms]
   [Eden: 853.0M(853.0M)->0.0B(853.0M) Survivors: 69.0M->69.0M Heap: 1050.8M(1538.0M)->197.3M(1538.0M)]
 [Times: user=0.25 sys=0.00, real=0.03 secs] 
50.305: Total time for which application threads were stopped: 0.0328890 seconds, Stopping threads took: 0.0000510 seconds
50.757: Application time: 0.4512410 seconds
50.757: [GC pause (young), 0.0329430 secs]
   [Parallel Time: 31.8 ms, GC Workers: 8]
      [GC Worker Start (ms): Min: 50756.7, Avg: 50757.4, Max: 50759.4, Diff: 2.7]
      [Ext Root Scanning (ms): Min: 0.0, Avg: 0.6, Max: 0.9, Diff: 0.9, Sum: 4.7]
      [Update RS (ms): Min: 0.0, Avg: 0.3, Max: 0.4, Diff: 0.4, Sum: 2.0]
         [Processed Buffers: Min: 0, Avg: 2.1, Max: 4, Diff: 4, Sum: 17]
      [Scan RS (ms): Min: 0.0, Avg: 0.3, Max: 0.4, Diff: 0.4, Sum: 2.4]
      [Code Root Scanning (ms): Min: 0.0, Avg: 0.0, Max: 0.0, Diff: 0.0, Sum: 0.0]
      [Object Copy (ms): Min: 29.0, Avg: 29.9, Max: 30.2, Diff: 1.2, Sum: 239.0]
      [Termination (ms): Min: 0.0, Avg: 0.0, Max: 0.0, Diff: 0.0, Sum: 0.0]
      [GC Worker Other (ms): Min: 0.0, Avg: 0.0, Max: 0.1, Diff: 0.0, Sum: 0.4]
      [GC Worker Total (ms): Min: 29.1, Avg: 31.1, Max: 31.8, Diff: 2.7, Sum: 248.6]
      [GC Worker End (ms): Min: 50788.5, Avg: 50788.5, Max: 50788.5, Diff: 0.0]
   [Code Root Fixup: 0.0 ms]
   [Code Root Migration: 0.1 ms]
   [Clear CT: 0.4 ms]
   [Other: 0.6 ms]
      [Choose CSet: 0.0 ms]
      [Ref Proc: 0.1 ms]
      [Ref Enq: 0.0 ms]
      [Free CSet: 0.5 ms]
   [Eden: 853.0M(853.0M)->0.0B(852.0M) Survivors: 69.0M->70.0M Heap: 1050.3M(1538.0M)->198.8M(1538.0M)]
 [Times: user=0.25 sys=0.00, real=0.03 secs] 
50.790: Total time for which application threads were stopped: 0.0331420 seconds, Stopping threads took: 0.0000590 seconds
51.232: Application time: 0.4419610 seconds
51.232: [GC pause (young), 0.0334260 secs]
   [Parallel Time: 32.2 ms, GC Workers: 8]
      [GC Worker Start (ms): Min: 51231.8, Avg: 51231.8, Max: 51231.9, Diff: 0.1]
      [Ext Root Scanning (ms): Min: 0.7, Avg: 0.8, Max: 0.8, Diff: 0.1, Sum: 6.1]
      [Update RS (ms): Min: 0.2, Avg: 0.3, Max: 0.4, Diff: 0.2, Sum: 2.3]
         [Processed Buffers: Min: 1, Avg: 2.1, Max: 3, Diff: 2, Sum: 17]
      [Scan RS (ms): Min: 0.3, Avg: 0.4, Max: 0.4, Diff: 0.1, Sum: 3.1]
      [Code Root Scanning (ms): Min: 0.0, Avg: 0.0, Max: 0.0, Diff: 0.0, Sum: 0.0]
      [Object Copy (ms): Min: 30.7, Avg: 30.7, Max: 30.7, Diff: 0.1, Sum: 245.6]
      [Termination (ms): Min: 0.0, Avg: 0.0, Max: 0.0, Diff: 0.0, Sum: 0.0]
      [GC Worker Other (ms): Min: 0.0, Avg: 0.0, Max: 0.1, Diff: 0.0, Sum: 0.4]
      [GC Worker Total (ms): Min: 32.1, Avg: 32.2, Max: 32.2, Diff: 0.1, Sum: 257.4]
      [GC Worker End (ms): Min: 51264.0, Avg: 51264.0, Max: 51264.0, Diff: 0.0]
   [Code Root Fixup: 0.0 ms]
   [Code Root Migration: 0.1 ms]
   [Clear CT: 0.4 ms]
   [Other: 0.7 ms]
      [Choose CSet: 0.0 ms]
      [Ref Proc: 0.1 ms]
      [Ref Enq: 0.0 ms]
      [Free CSet: 0.5 ms]
   [Eden: 852.0M(852.0M)->0.0B(851.0M) Survivors: 70.0M->71.0M Heap: 1050.8M(1538.0M)->199.3M(1538.0M)]
 [Times: user=0.26 sys=0.00, real=0.03 secs] 
51.265: Total time for which application threads were stopped: 0.0336060 seconds, Stopping threads took: 0.0000480 seconds
51.703: Application time: 0.4373900 seconds
51.703: [GC pause (young), 0.0325040 secs]
   [Parallel Time: 31.3 ms, GC Workers: 8]
      [GC Worker Start (ms): Min: 51702.8, Avg: 51702.9, Max: 51703.3, Diff: 0.5]
      [Ext Root Scanning (ms): Min: 0.3, Avg: 0.7, Max: 0.9, Diff: 0.7, Sum: 5.8]
      [Update RS (ms): Min: 0.2, Avg: 0.3, Max: 0.4, Diff: 0.2, Sum: 2.3]
         [Processed Buffers: Min: 1, Avg: 2.1, Max: 3, Diff: 2, Sum: 17]
      [Scan RS (ms): Min: 0.3, Avg: 0.4, Max: 0.4, Diff: 0.1, Sum: 3.2]
      [Code Root Scanning (ms): Min: 0.0, Avg: 0.0, Max: 0.0, Diff: 0.0, Sum: 0.1]
      [Object Copy (ms): Min: 29.7, Avg: 29.7, Max: 29.7, Diff: 0.1, Sum: 237.7]
      [Termination (ms): Min: 0.0, Avg: 0.0, Max: 0.0, Diff: 0.0, Sum: 0.0]
      [GC Worker Other (ms): Min: 0.0, Avg: 0.1, Max: 0.1, Diff: 0.0, Sum: 0.5]
      [GC Worker Total (ms): Min: 30.8, Avg: 31.2, Max: 31.3, Diff: 0.5, Sum: 249.5]
      [GC Worker End (ms): Min: 51734.1, Avg: 51734.1, Max: 51734.1, Diff: 0.0]
   [Code Root Fixup: 0.0 ms]
   [Code Root Migration: 0.1 ms]
   [Clear CT: 0.4 ms]
   [Other: 0.7 ms]
      [Choose CSet: 0.0 ms]
      [Ref Proc: 0.1 ms]
      [Ref Enq: 0.0 ms]
      [Free CSet: 0.5 ms]
   [Eden: 851.0M(851.0M)->0.0B(852.0M) Survivors: 71.0M->70.0M Heap: 1050.3M(1538.0M)->198.3M(1538.0M)]
 [Times: user=0.25 sys=0.00, real=0.04 secs] 
51.735: Total time for which application threads were stopped: 0.0327050 seconds, Stopping threads took: 0.0000580 seconds
52.170: Application time: 0.4349830 seconds
52.170: [GC pause (young), 0.0334320 secs]
   [Parallel Time: 32.2 ms, GC Workers: 8]
      [GC Worker Start (ms): Min: 52170.5, Avg: 52170.5, Max: 52170.6, Diff: 0.1]
      [Ext Root Scanning (ms): Min: 0.7, Avg: 0.8, Max: 0.8, Diff: 0.2, Sum: 6.0]
      [Update RS (ms): Min: 0.2, Avg: 0.3, Max: 0.4, Diff: 0.2, Sum: 2.3]
         [Processed Buffers: Min: 1, Avg: 2.1, Max: 4, Diff: 3, Sum: 17]
      [Scan RS (ms): Min: 0.3, Avg: 0.4, Max: 0.4, Diff: 0.1, Sum: 3.1]
      [Code Root Scanning (ms): Min: 0.0, Avg: 0.0, Max: 0.0, Diff: 0.0, Sum: 0.0]
      [Object Copy (ms): Min: 30.6, Avg: 30.6, Max: 30.7, Diff: 0.1, Sum: 244.7]
      [Termination (ms): Min: 0.0, Avg: 0.0, Max: 0.0, Diff: 0.0, Sum: 0.0]
      [GC Worker Other (ms): Min: 0.0, Avg: 0.1, Max: 0.1, Diff: 0.0, Sum: 0.4]
      [GC Worker Total (ms): Min: 32.0, Avg: 32.1, Max: 32.1, Diff: 0.1, Sum: 256.7]
      [GC Worker End (ms): Min: 52202.6, Avg: 52202.6, Max: 52202.6, Diff: 0.0]
   [Code Root Fixup: 0.1 ms]
   [Code Root Migration: 0.1 ms]
   [Clear CT: 0.4 ms]
   [Other: 0.7 ms]
      [Choose CSet: 0.0 ms]
      [Ref Proc: 0.1 ms]
      [Ref Enq: 0.0 ms]
      [Free CSet: 0.6 ms]
   [Eden: 852.0M(852.0M)->0.0B(852.0M) Survivors: 70.0M->70.0M Heap: 1050.3M(1538.0M)->198.3M(1538.0M)]
 [Times: user=0.26 sys=0.01, real=0.04 secs] 
52.204: Total time for which application threads were stopped: 0.0335920 seconds, Stopping threads took: 0.0000280 seconds
52.637: Application time: 0.4327750 seconds
52.637: [GC pause (young), 0.0333150 secs]
   [Parallel Time: 32.1 ms, GC Workers: 8]
      [GC Worker Start (ms): Min: 52636.8, Avg: 52636.9, Max: 52636.9, Diff: 0.1]
      [Ext Root Scanning (ms): Min: 0.7, Avg: 0.8, Max: 0.9, Diff: 0.1, Sum: 6.4]
      [Update RS (ms): Min: 0.2, Avg: 0.3, Max: 0.3, Diff: 0.1, Sum: 2.3]
         [Processed Buffers: Min: 1, Avg: 2.1, Max: 3, Diff: 2, Sum: 17]
      [Scan RS (ms): Min: 0.3, Avg: 0.4, Max: 0.4, Diff: 0.1, Sum: 3.1]
      [Code Root Scanning (ms): Min: 0.0, Avg: 0.0, Max: 0.0, Diff: 0.0, Sum: 0.0]
      [Object Copy (ms): Min: 30.5, Avg: 30.5, Max: 30.5, Diff: 0.0, Sum: 244.1]
      [Termination (ms): Min: 0.0, Avg: 0.0, Max: 0.0, Diff: 0.0, Sum: 0.0]
      [GC Worker Other (ms): Min: 0.0, Avg: 0.1, Max: 0.1, Diff: 0.0, Sum: 0.4]
      [GC Worker Total (ms): Min: 32.0, Avg: 32.0, Max: 32.1, Diff: 0.1, Sum: 256.4]
      [GC Worker End (ms): Min: 52668.9, Avg: 52668.9, Max: 52668.9, Diff: 0.0]
   [Code Root Fixup: 0.0 ms]
   [Code Root Migration: 0.1 ms]
   [Clear CT: 0.4 ms]
   [Other: 0.7 ms]
      [Choose CSet: 0.0 ms]
      [Ref Proc: 0.1 ms]
      [Ref Enq: 0.0 ms]
      [Free CSet: 0.5 ms]
   [Eden: 852.0M(852.0M)->0.0B(852.0M) Survivors: 70.0M->70.0M Heap: 1050.3M(1538.0M)->198.3M(1538.0M)]
 [Times: user=0.26 sys=0.00, real=0.03 secs] 
52.670: Total time for which application threads were stopped: 0.0334680 seconds, Stopping threads took: 0.0000150 seconds
53.102: Application time: 0.4320590 seconds
53.102: [GC pause (young), 0.0305430 secs]
   [Parallel Time: 29.4 ms, GC Workers: 8]
      [GC Worker Start (ms): Min: 53102.4, Avg: 53102.5, Max: 53103.3, Diff: 1.0]
      [Ext Root Scanning (ms): Min: 0.0, Avg: 1.7, Max: 8.9, Diff: 8.9, Sum: 13.3]
      [Update RS (ms): Min: 0.0, Avg: 0.3, Max: 0.4, Diff: 0.4, Sum: 2.3]
         [Processed Buffers: Min: 0, Avg: 2.1, Max: 4, Diff: 4, Sum: 17]
      [Scan RS (ms): Min: 0.3, Avg: 0.4, Max: 0.5, Diff: 0.1, Sum: 3.0]
      [Code Root Scanning (ms): Min: 0.0, Avg: 0.0, Max: 0.0, Diff: 0.0, Sum: 0.0]
      [Object Copy (ms): Min: 20.0, Avg: 26.8, Max: 27.9, Diff: 7.9, Sum: 214.7]
      [Termination (ms): Min: 0.0, Avg: 0.0, Max: 0.0, Diff: 0.0, Sum: 0.0]
      [GC Worker Other (ms): Min: 0.0, Avg: 0.0, Max: 0.1, Diff: 0.0, Sum: 0.4]
      [GC Worker Total (ms): Min: 28.4, Avg: 29.2, Max: 29.4, Diff: 1.0, Sum: 233.7]
      [GC Worker End (ms): Min: 53131.7, Avg: 53131.7, Max: 53131.8, Diff: 0.0]
   [Code Root Fixup: 0.1 ms]
   [Code Root Migration: 0.1 ms]
   [Clear CT: 0.3 ms]
   [Other: 0.6 ms]
      [Choose CSet: 0.0 ms]
      [Ref Proc: 0.1 ms]
      [Ref Enq: 0.0 ms]
      [Free CSet: 0.5 ms]
   [Eden: 852.0M(852.0M)->0.0B(857.0M) Survivors: 70.0M->65.0M Heap: 1050.3M(1538.0M)->193.9M(1538.0M)]
 [Times: user=0.23 sys=0.01, real=0.04 secs] 
53.133: Total time for which application threads were stopped: 0.0307090 seconds, Stopping threads took: 0.0000420 seconds
53.570: Application time: 0.4371820 seconds
53.570: [GC pause (young), 0.0298240 secs]
   [Parallel Time: 28.7 ms, GC Workers: 8]
      [GC Worker Start (ms): Min: 53570.3, Avg: 53570.3, Max: 53570.4, Diff: 0.1]
      [Ext Root Scanning (ms): Min: 0.8, Avg: 0.8, Max: 0.8, Diff: 0.1, Sum: 6.3]
      [Update RS (ms): Min: 0.2, Avg: 0.3, Max: 0.3, Diff: 0.1, Sum: 2.4]
         [Processed Buffers: Min: 1, Avg: 2.1, Max: 4, Diff: 3, Sum: 17]
      [Scan RS (ms): Min: 0.3, Avg: 0.4, Max: 0.4, Diff: 0.1, Sum: 2.9]
      [Code Root Scanning (ms): Min: 0.0, Avg: 0.0, Max: 0.0, Diff: 0.0, Sum: 0.0]
      [Object Copy (ms): Min: 27.1, Avg: 27.1, Max: 27.1, Diff: 0.0, Sum: 216.6]
      [Termination (ms): Min: 0.0, Avg: 0.0, Max: 0.0, Diff: 0.0, Sum: 0.0]
      [GC Worker Other (ms): Min: 0.0, Avg: 0.1, Max: 0.1, Diff: 0.0, Sum: 0.5]
      [GC Worker Total (ms): Min: 28.5, Avg: 28.6, Max: 28.6, Diff: 0.1, Sum: 228.7]
      [GC Worker End (ms): Min: 53598.9, Avg: 53598.9, Max: 53598.9, Diff: 0.0]
   [Code Root Fixup: 0.0 ms]
   [Code Root Migration: 0.1 ms]
   [Clear CT: 0.4 ms]
   [Other: 0.7 ms]
      [Choose CSet: 0.0 ms]
      [Ref Proc: 0.1 ms]
      [Ref Enq: 0.0 ms]
      [Free CSet: 0.5 ms]
   [Eden: 857.0M(857.0M)->0.0B(857.0M) Survivors: 65.0M->65.0M Heap: 1050.9M(1538.0M)->193.9M(1538.0M)]
 [Times: user=0.23 sys=0.00, real=0.03 secs] 
53.602: Total time for which application threads were stopped: 0.0316090 seconds, Stopping threads took: 0.0000530 seconds
54.044: Application time: 0.4423800 seconds
54.044: [GC pause (young), 0.0337070 secs]
   [Parallel Time: 32.5 ms, GC Workers: 8]
      [GC Worker Start (ms): Min: 54044.3, Avg: 54044.3, Max: 54044.3, Diff: 0.1]
      [Ext Root Scanning (ms): Min: 0.7, Avg: 0.7, Max: 0.8, Diff: 0.1, Sum: 6.0]
      [Update RS (ms): Min: 0.2, Avg: 0.3, Max: 0.4, Diff: 0.2, Sum: 2.3]
         [Processed Buffers: Min: 1, Avg: 2.1, Max: 3, Diff: 2, Sum: 17]
      [Scan RS (ms): Min: 0.3, Avg: 0.4, Max: 0.4, Diff: 0.2, Sum: 2.9]
      [Code Root Scanning (ms): Min: 0.0, Avg: 0.0, Max: 0.0, Diff: 0.0, Sum: 0.0]
      [Object Copy (ms): Min: 31.0, Avg: 31.0, Max: 31.0, Diff: 0.1, Sum: 247.7]
      [Termination (ms): Min: 0.0, Avg: 0.0, Max: 0.0, Diff: 0.0, Sum: 0.0]
      [GC Worker Other (ms): Min: 0.0, Avg: 0.0, Max: 0.1, Diff: 0.0, Sum: 0.4]
      [GC Worker Total (ms): Min: 32.4, Avg: 32.4, Max: 32.5, Diff: 0.1, Sum: 259.3]
      [GC Worker End (ms): Min: 54076.7, Avg: 54076.7, Max: 54076.7, Diff: 0.0]
   [Code Root Fixup: 0.0 ms]
   [Code Root Migration: 0.1 ms]
   [Clear CT: 0.4 ms]
   [Other: 0.7 ms]
      [Choose CSet: 0.0 ms]
      [Ref Proc: 0.1 ms]
      [Ref Enq: 0.0 ms]
      [Free CSet: 0.6 ms]
   [Eden: 857.0M(857.0M)->0.0B(849.0M) Survivors: 65.0M->73.0M Heap: 1050.9M(1538.0M)->201.9M(1538.0M)]
 [Times: user=0.26 sys=0.00, real=0.03 secs] 
54.078: Total time for which application threads were stopped: 0.0338810 seconds, Stopping threads took: 0.0000500 seconds
54.519: Application time: 0.4405900 seconds
54.519: [GC pause (young), 0.0323330 secs]
   [Parallel Time: 31.2 ms, GC Workers: 8]
      [GC Worker Start (ms): Min: 54518.8, Avg: 54518.8, Max: 54518.9, Diff: 0.1]
      [Ext Root Scanning (ms): Min: 0.7, Avg: 0.8, Max: 0.8, Diff: 0.1, Sum: 6.1]
      [Update RS (ms): Min: 0.2, Avg: 0.3, Max: 0.4, Diff: 0.2, Sum: 2.4]
         [Processed Buffers: Min: 1, Avg: 2.1, Max: 4, Diff: 3, Sum: 17]
      [Scan RS (ms): Min: 0.3, Avg: 0.4, Max: 0.4, Diff: 0.2, Sum: 3.1]
      [Code Root Scanning (ms): Min: 0.0, Avg: 0.0, Max: 0.0, Diff: 0.0, Sum: 0.0]
      [Object Copy (ms): Min: 29.5, Avg: 29.6, Max: 29.6, Diff: 0.1, Sum: 236.5]
      [Termination (ms): Min: 0.0, Avg: 0.0, Max: 0.0, Diff: 0.0, Sum: 0.0]
      [GC Worker Other (ms): Min: 0.0, Avg: 0.1, Max: 0.1, Diff: 0.0, Sum: 0.4]
      [GC Worker Total (ms): Min: 31.0, Avg: 31.1, Max: 31.1, Diff: 0.1, Sum: 248.6]
      [GC Worker End (ms): Min: 54549.9, Avg: 54549.9, Max: 54549.9, Diff: 0.0]
   [Code Root Fixup: 0.0 ms]
   [Code Root Migration: 0.1 ms]
   [Clear CT: 0.4 ms]
   [Other: 0.7 ms]
      [Choose CSet: 0.0 ms]
      [Ref Proc: 0.1 ms]
      [Ref Enq: 0.0 ms]
      [Free CSet: 0.5 ms]
   [Eden: 849.0M(849.0M)->0.0B(853.0M) Survivors: 73.0M->69.0M Heap: 1050.9M(1538.0M)->197.9M(1538.0M)]
 [Times: user=0.25 sys=0.00, real=0.03 secs] 
54.551: Total time for which application threads were stopped: 0.0325510 seconds, Stopping threads took: 0.0000810 seconds
55.002: Application time: 0.4510800 seconds
55.002: [GC pause (young), 0.0326830 secs]
   [Parallel Time: 31.4 ms, GC Workers: 8]
      [GC Worker Start (ms): Min: 55002.4, Avg: 55002.4, Max: 55002.5, Diff: 0.1]
      [Ext Root Scanning (ms): Min: 0.7, Avg: 0.7, Max: 0.8, Diff: 0.1, Sum: 5.7]
      [Update RS (ms): Min: 0.2, Avg: 0.3, Max: 0.4, Diff: 0.2, Sum: 2.5]
         [Processed Buffers: Min: 1, Avg: 2.1, Max: 3, Diff: 2, Sum: 17]
      [Scan RS (ms): Min: 0.3, Avg: 0.4, Max: 0.4, Diff: 0.1, Sum: 3.0]
      [Code Root Scanning (ms): Min: 0.0, Avg: 0.0, Max: 0.0, Diff: 0.0, Sum: 0.0]
      [Object Copy (ms): Min: 29.9, Avg: 29.9, Max: 29.9, Diff: 0.1, Sum: 239.3]
      [Termination (ms): Min: 0.0, Avg: 0.0, Max: 0.0, Diff: 0.0, Sum: 0.0]
      [GC Worker Other (ms): Min: 0.0, Avg: 0.1, Max: 0.1, Diff: 0.0, Sum: 0.4]
      [GC Worker Total (ms): Min: 31.3, Avg: 31.4, Max: 31.4, Diff: 0.0, Sum: 250.9]
      [GC Worker End (ms): Min: 55033.8, Avg: 55033.8, Max: 55033.8, Diff: 0.0]
   [Code Root Fixup: 0.0 ms]
   [Code Root Migration: 0.1 ms]
   [Clear CT: 0.4 ms]
   [Other: 0.7 ms]
      [Choose CSet: 0.0 ms]
      [Ref Proc: 0.1 ms]
      [Ref Enq: 0.0 ms]
      [Free CSet: 0.6 ms]
   [Eden: 853.0M(853.0M)->0.0B(852.0M) Survivors: 69.0M->70.0M Heap: 1050.9M(1538.0M)->198.4M(1538.0M)]
 [Times: user=0.25 sys=0.00, real=0.04 secs] 
55.035: Total time for which application threads were stopped: 0.0328880 seconds, Stopping threads took: 0.0000690 seconds
55.488: Application time: 0.4528120 seconds
55.488: [GC pause (young), 0.0331190 secs]
   [Parallel Time: 31.9 ms, GC Workers: 8]
      [GC Worker Start (ms): Min: 55488.1, Avg: 55488.2, Max: 55488.2, Diff: 0.1]
      [Ext Root Scanning (ms): Min: 0.6, Avg: 0.7, Max: 0.7, Diff: 0.1, Sum: 5.5]
      [Update RS (ms): Min: 0.2, Avg: 0.3, Max: 0.4, Diff: 0.1, Sum: 2.3]
         [Processed Buffers: Min: 1, Avg: 2.1, Max: 3, Diff: 2, Sum: 17]
      [Scan RS (ms): Min: 0.3, Avg: 0.4, Max: 0.4, Diff: 0.1, Sum: 3.0]
      [Code Root Scanning (ms): Min: 0.0, Avg: 0.0, Max: 0.0, Diff: 0.0, Sum: 0.0]
      [Object Copy (ms): Min: 30.4, Avg: 30.4, Max: 30.4, Diff: 0.0, Sum: 243.4]
      [Termination (ms): Min: 0.0, Avg: 0.0, Max: 0.0, Diff: 0.0, Sum: 0.0]
      [GC Worker Other (ms): Min: 0.0, Avg: 0.0, Max: 0.1, Diff: 0.0, Sum: 0.3]
      [GC Worker Total (ms): Min: 31.8, Avg: 31.8, Max: 31.9, Diff: 0.1, Sum: 254.7]
      [GC Worker End (ms): Min: 55520.0, Avg: 55520.0, Max: 55520.0, Diff: 0.0]
   [Code Root Fixup: 0.0 ms]
   [Code Root Migration: 0.1 ms]
   [Clear CT: 0.4 ms]
   [Other: 0.7 ms]
      [Choose CSet: 0.0 ms]
      [Ref Proc: 0.1 ms]
      [Ref Enq: 0.0 ms]
      [Free CSet: 0.5 ms]
   [Eden: 852.0M(852.0M)->0.0B(851.0M) Survivors: 70.0M->71.0M Heap: 1050.4M(1538.0M)->199.4M(1538.0M)]
 [Times: user=0.25 sys=0.00, real=0.03 secs] 
55.521: Total time for which application threads were stopped: 0.0333280 seconds, Stopping threads took: 0.0000720 seconds
55.965: Application time: 0.4436910 seconds
55.965: [GC pause (young), 0.0336110 secs]
   [Parallel Time: 32.4 ms, GC Workers: 8]
      [GC Worker Start (ms): Min: 55965.1, Avg: 55965.1, Max: 55965.2, Diff: 0.1]
      [Ext Root Scanning (ms): Min: 0.7, Avg: 0.7, Max: 0.8, Diff: 0.1, Sum: 6.0]
      [Update RS (ms): Min: 0.2, Avg: 0.3, Max: 0.4, Diff: 0.1, Sum: 2.3]
         [Processed Buffers: Min: 1, Avg: 2.1, Max: 3, Diff: 2, Sum: 17]
      [Scan RS (ms): Min: 0.3, Avg: 0.4, Max: 0.5, Diff: 0.2, Sum: 3.0]
      [Code Root Scanning (ms): Min: 0.0, Avg: 0.0, Max: 0.0, Diff: 0.0, Sum: 0.0]
      [Object Copy (ms): Min: 30.8, Avg: 30.8, Max: 30.9, Diff: 0.1, Sum: 246.7]
      [Termination (ms): Min: 0.0, Avg: 0.0, Max: 0.0, Diff: 0.0, Sum: 0.0]
      [GC Worker Other (ms): Min: 0.0, Avg: 0.1, Max: 0.1, Diff: 0.0, Sum: 0.4]
      [GC Worker Total (ms): Min: 32.3, Avg: 32.3, Max: 32.3, Diff: 0.1, Sum: 258.5]
      [GC Worker End (ms): Min: 55997.4, Avg: 55997.5, Max: 55997.5, Diff: 0.0]
   [Code Root Fixup: 0.1 ms]
   [Code Root Migration: 0.1 ms]
   [Clear CT: 0.4 ms]
   [Other: 0.7 ms]
      [Choose CSet: 0.0 ms]
      [Ref Proc: 0.1 ms]
      [Ref Enq: 0.0 ms]
      [Free CSet: 0.5 ms]
   [Eden: 851.0M(851.0M)->0.0B(852.0M) Survivors: 71.0M->70.0M Heap: 1050.4M(1538.0M)->198.4M(1538.0M)]
 [Times: user=0.26 sys=0.00, real=0.03 secs] 
55.999: Total time for which application threads were stopped: 0.0337860 seconds, Stopping threads took: 0.0000450 seconds
56.441: Application time: 0.4420580 seconds
56.441: [GC pause (young), 0.0324710 secs]
   [Parallel Time: 31.3 ms, GC Workers: 8]
      [GC Worker Start (ms): Min: 56441.0, Avg: 56441.0, Max: 56441.0, Diff: 0.1]
      [Ext Root Scanning (ms): Min: 0.7, Avg: 0.8, Max: 0.9, Diff: 0.1, Sum: 6.4]
      [Update RS (ms): Min: 0.2, Avg: 0.3, Max: 0.3, Diff: 0.1, Sum: 2.3]
         [Processed Buffers: Min: 1, Avg: 2.1, Max: 3, Diff: 2, Sum: 17]
      [Scan RS (ms): Min: 0.3, Avg: 0.4, Max: 0.4, Diff: 0.1, Sum: 2.9]
      [Code Root Scanning (ms): Min: 0.0, Avg: 0.0, Max: 0.0, Diff: 0.0, Sum: 0.0]
      [Object Copy (ms): Min: 29.7, Avg: 29.7, Max: 29.7, Diff: 0.0, Sum: 237.9]
      [Termination (ms): Min: 0.0, Avg: 0.0, Max: 0.0, Diff: 0.0, Sum: 0.0]
      [GC Worker Other (ms): Min: 0.0, Avg: 0.0, Max: 0.1, Diff: 0.0, Sum: 0.4]
      [GC Worker Total (ms): Min: 31.2, Avg: 31.2, Max: 31.3, Diff: 0.1, Sum: 249.9]
      [GC Worker End (ms): Min: 56472.2, Avg: 56472.2, Max: 56472.2, Diff: 0.0]
   [Code Root Fixup: 0.0 ms]
   [Code Root Migration: 0.1 ms]
   [Clear CT: 0.4 ms]
   [Other: 0.6 ms]
      [Choose CSet: 0.0 ms]
      [Ref Proc: 0.1 ms]
      [Ref Enq: 0.0 ms]
      [Free CSet: 0.5 ms]
   [Eden: 852.0M(852.0M)->0.0B(852.0M) Survivors: 70.0M->70.0M Heap: 1050.4M(1538.0M)->198.9M(1538.0M)]
 [Times: user=0.26 sys=0.00, real=0.04 secs] 
56.473: Total time for which application threads were stopped: 0.0326550 seconds, Stopping threads took: 0.0000360 seconds
56.910: Application time: 0.4361220 seconds
56.910: [GC pause (young), 0.0328340 secs]
   [Parallel Time: 31.6 ms, GC Workers: 8]
      [GC Worker Start (ms): Min: 56909.7, Avg: 56909.8, Max: 56909.8, Diff: 0.1]
      [Ext Root Scanning (ms): Min: 0.7, Avg: 0.8, Max: 0.8, Diff: 0.1, Sum: 6.3]
      [Update RS (ms): Min: 0.2, Avg: 0.3, Max: 0.4, Diff: 0.2, Sum: 2.3]
         [Processed Buffers: Min: 1, Avg: 2.1, Max: 3, Diff: 2, Sum: 17]
      [Scan RS (ms): Min: 0.3, Avg: 0.4, Max: 0.4, Diff: 0.1, Sum: 2.9]
      [Code Root Scanning (ms): Min: 0.0, Avg: 0.0, Max: 0.0, Diff: 0.0, Sum: 0.0]
      [Object Copy (ms): Min: 30.1, Avg: 30.1, Max: 30.1, Diff: 0.1, Sum: 240.8]
      [Termination (ms): Min: 0.0, Avg: 0.0, Max: 0.0, Diff: 0.0, Sum: 0.0]
      [GC Worker Other (ms): Min: 0.0, Avg: 0.1, Max: 0.1, Diff: 0.0, Sum: 0.4]
      [GC Worker Total (ms): Min: 31.5, Avg: 31.6, Max: 31.6, Diff: 0.1, Sum: 252.7]
      [GC Worker End (ms): Min: 56941.3, Avg: 56941.3, Max: 56941.4, Diff: 0.0]
   [Code Root Fixup: 0.0 ms]
   [Code Root Migration: 0.1 ms]
   [Clear CT: 0.4 ms]
   [Other: 0.7 ms]
      [Choose CSet: 0.0 ms]
      [Ref Proc: 0.1 ms]
      [Ref Enq: 0.0 ms]
      [Free CSet: 0.5 ms]
   [Eden: 852.0M(852.0M)->0.0B(852.0M) Survivors: 70.0M->70.0M Heap: 1050.9M(1538.0M)->198.5M(1538.0M)]
 [Times: user=0.26 sys=0.00, real=0.03 secs] 
56.943: Total time for which application threads were stopped: 0.0330010 seconds, Stopping threads took: 0.0000370 seconds
57.376: Application time: 0.4331460 seconds
57.376: [GC pause (young), 0.0326120 secs]
   [Parallel Time: 31.4 ms, GC Workers: 8]
      [GC Worker Start (ms): Min: 57375.9, Avg: 57375.9, Max: 57376.0, Diff: 0.1]
      [Ext Root Scanning (ms): Min: 0.7, Avg: 0.8, Max: 0.8, Diff: 0.1, Sum: 6.2]
      [Update RS (ms): Min: 0.2, Avg: 0.3, Max: 0.4, Diff: 0.2, Sum: 2.3]
         [Processed Buffers: Min: 1, Avg: 2.1, Max: 4, Diff: 3, Sum: 17]
      [Scan RS (ms): Min: 0.3, Avg: 0.4, Max: 0.4, Diff: 0.1, Sum: 2.8]
      [Code Root Scanning (ms): Min: 0.0, Avg: 0.0, Max: 0.0, Diff: 0.0, Sum: 0.0]
      [Object Copy (ms): Min: 29.8, Avg: 29.9, Max: 29.9, Diff: 0.0, Sum: 238.9]
      [Termination (ms): Min: 0.0, Avg: 0.0, Max: 0.0, Diff: 0.0, Sum: 0.0]
      [GC Worker Other (ms): Min: 0.0, Avg: 0.1, Max: 0.1, Diff: 0.0, Sum: 0.4]
      [GC Worker Total (ms): Min: 31.3, Avg: 31.3, Max: 31.4, Diff: 0.1, Sum: 250.6]
      [GC Worker End (ms): Min: 57407.2, Avg: 57407.3, Max: 57407.3, Diff: 0.0]
   [Code Root Fixup: 0.1 ms]
   [Code Root Migration: 0.1 ms]
   [Clear CT: 0.4 ms]
   [Other: 0.6 ms]
      [Choose CSet: 0.0 ms]
      [Ref Proc: 0.1 ms]
      [Ref Enq: 0.0 ms]
      [Free CSet: 0.5 ms]
   [Eden: 852.0M(852.0M)->0.0B(853.0M) Survivors: 70.0M->69.0M Heap: 1050.5M(1538.0M)->198.0M(1538.0M)]
 [Times: user=0.25 sys=0.01, real=0.03 secs] 
57.409: Total time for which application threads were stopped: 0.0328140 seconds, Stopping threads took: 0.0000540 seconds
57.841: Application time: 0.4324950 seconds
57.841: [GC pause (young), 0.0317810 secs]
   [Parallel Time: 30.6 ms, GC Workers: 8]
      [GC Worker Start (ms): Min: 57841.2, Avg: 57841.2, Max: 57841.3, Diff: 0.1]
      [Ext Root Scanning (ms): Min: 0.7, Avg: 0.7, Max: 0.8, Diff: 0.1, Sum: 6.0]
      [Update RS (ms): Min: 0.2, Avg: 0.3, Max: 0.4, Diff: 0.2, Sum: 2.3]
         [Processed Buffers: Min: 1, Avg: 2.1, Max: 3, Diff: 2, Sum: 17]
      [Scan RS (ms): Min: 0.3, Avg: 0.4, Max: 0.5, Diff: 0.1, Sum: 3.2]
      [Code Root Scanning (ms): Min: 0.0, Avg: 0.0, Max: 0.0, Diff: 0.0, Sum: 0.0]
      [Object Copy (ms): Min: 29.0, Avg: 29.1, Max: 29.1, Diff: 0.1, Sum: 232.4]
      [Termination (ms): Min: 0.0, Avg: 0.0, Max: 0.0, Diff: 0.0, Sum: 0.0]
      [GC Worker Other (ms): Min: 0.0, Avg: 0.0, Max: 0.1, Diff: 0.0, Sum: 0.4]
      [GC Worker Total (ms): Min: 30.5, Avg: 30.5, Max: 30.6, Diff: 0.1, Sum: 244.3]
      [GC Worker End (ms): Min: 57871.7, Avg: 57871.7, Max: 57871.8, Diff: 0.0]
   [Code Root Fixup: 0.0 ms]
   [Code Root Migration: 0.1 ms]
   [Clear CT: 0.4 ms]
   [Other: 0.6 ms]
      [Choose CSet: 0.0 ms]
      [Ref Proc: 0.1 ms]
      [Ref Enq: 0.0 ms]
      [Free CSet: 0.5 ms]
   [Eden: 853.0M(853.0M)->0.0B(853.0M) Survivors: 69.0M->69.0M Heap: 1051.0M(1538.0M)->197.5M(1538.0M)]
 [Times: user=0.24 sys=0.00, real=0.04 secs] 
57.873: Total time for which application threads were stopped: 0.0319300 seconds, Stopping threads took: 0.0000150 seconds
58.307: Application time: 0.4342510 seconds
58.307: [GC pause (young), 0.0332040 secs]
   [Parallel Time: 32.0 ms, GC Workers: 8]
      [GC Worker Start (ms): Min: 58307.4, Avg: 58307.5, Max: 58307.5, Diff: 0.1]
      [Ext Root Scanning (ms): Min: 0.7, Avg: 0.8, Max: 0.8, Diff: 0.1, Sum: 6.1]
      [Update RS (ms): Min: 0.2, Avg: 0.3, Max: 0.3, Diff: 0.1, Sum: 2.3]
         [Processed Buffers: Min: 1, Avg: 2.1, Max: 3, Diff: 2, Sum: 17]
      [Scan RS (ms): Min: 0.3, Avg: 0.4, Max: 0.4, Diff: 0.1, Sum: 3.0]
      [Code Root Scanning (ms): Min: 0.0, Avg: 0.0, Max: 0.0, Diff: 0.0, Sum: 0.0]
      [Object Copy (ms): Min: 30.5, Avg: 30.5, Max: 30.5, Diff: 0.1, Sum: 243.7]
      [Termination (ms): Min: 0.0, Avg: 0.0, Max: 0.0, Diff: 0.0, Sum: 0.0]
      [GC Worker Other (ms): Min: 0.0, Avg: 0.0, Max: 0.1, Diff: 0.0, Sum: 0.4]
      [GC Worker Total (ms): Min: 31.9, Avg: 31.9, Max: 32.0, Diff: 0.1, Sum: 255.5]
      [GC Worker End (ms): Min: 58339.4, Avg: 58339.4, Max: 58339.4, Diff: 0.0]
   [Code Root Fixup: 0.0 ms]
   [Code Root Migration: 0.1 ms]
   [Clear CT: 0.4 ms]
   [Other: 0.7 ms]
      [Choose CSet: 0.0 ms]
      [Ref Proc: 0.1 ms]
      [Ref Enq: 0.0 ms]
      [Free CSet: 0.5 ms]
   [Eden: 853.0M(853.0M)->0.0B(850.0M) Survivors: 69.0M->72.0M Heap: 1050.5M(1538.0M)->201.0M(1538.0M)]
 [Times: user=0.26 sys=0.00, real=0.03 secs] 
58.341: Total time for which application threads were stopped: 0.0334110 seconds, Stopping threads took: 0.0000530 seconds
58.776: Application time: 0.4358080 seconds
58.777: [GC pause (young), 0.0314090 secs]
   [Parallel Time: 30.2 ms, GC Workers: 8]
      [GC Worker Start (ms): Min: 58776.6, Avg: 58776.6, Max: 58776.7, Diff: 0.1]
      [Ext Root Scanning (ms): Min: 0.7, Avg: 0.8, Max: 0.8, Diff: 0.1, Sum: 6.3]
      [Update RS (ms): Min: 0.2, Avg: 0.3, Max: 0.4, Diff: 0.2, Sum: 2.3]
         [Processed Buffers: Min: 1, Avg: 2.1, Max: 3, Diff: 2, Sum: 17]
      [Scan RS (ms): Min: 0.3, Avg: 0.4, Max: 0.4, Diff: 0.1, Sum: 2.8]
      [Code Root Scanning (ms): Min: 0.0, Avg: 0.0, Max: 0.0, Diff: 0.0, Sum: 0.0]
      [Object Copy (ms): Min: 28.6, Avg: 28.6, Max: 28.7, Diff: 0.0, Sum: 229.1]
      [Termination (ms): Min: 0.0, Avg: 0.0, Max: 0.0, Diff: 0.0, Sum: 0.0]
      [GC Worker Other (ms): Min: 0.0, Avg: 0.1, Max: 0.1, Diff: 0.0, Sum: 0.5]
      [GC Worker Total (ms): Min: 30.1, Avg: 30.1, Max: 30.2, Diff: 0.1, Sum: 241.0]
      [GC Worker End (ms): Min: 58806.7, Avg: 58806.7, Max: 58806.8, Diff: 0.0]
   [Code Root Fixup: 0.0 ms]
   [Code Root Migration: 0.1 ms]
   [Clear CT: 0.4 ms]
   [Other: 0.7 ms]
      [Choose CSet: 0.0 ms]
      [Ref Proc: 0.1 ms]
      [Ref Enq: 0.0 ms]
      [Free CSet: 0.6 ms]
   [Eden: 850.0M(850.0M)->0.0B(854.0M) Survivors: 72.0M->68.0M Heap: 1051.0M(1538.0M)->197.0M(1538.0M)]
 [Times: user=0.24 sys=0.00, real=0.03 secs] 
58.810: Total time for which application threads were stopped: 0.0331860 seconds, Stopping threads took: 0.0000260 seconds
59.251: Application time: 0.4412500 seconds
59.251: [GC pause (young), 0.0327210 secs]
   [Parallel Time: 31.5 ms, GC Workers: 8]
      [GC Worker Start (ms): Min: 59251.1, Avg: 59251.1, Max: 59251.2, Diff: 0.1]
      [Ext Root Scanning (ms): Min: 0.7, Avg: 0.8, Max: 0.8, Diff: 0.1, Sum: 6.1]
      [Update RS (ms): Min: 0.2, Avg: 0.3, Max: 0.4, Diff: 0.2, Sum: 2.3]
         [Processed Buffers: Min: 1, Avg: 2.1, Max: 3, Diff: 2, Sum: 17]
      [Scan RS (ms): Min: 0.3, Avg: 0.4, Max: 0.4, Diff: 0.1, Sum: 3.0]
      [Code Root Scanning (ms): Min: 0.0, Avg: 0.0, Max: 0.0, Diff: 0.0, Sum: 0.0]
      [Object Copy (ms): Min: 30.0, Avg: 30.0, Max: 30.0, Diff: 0.1, Sum: 240.0]
      [Termination (ms): Min: 0.0, Avg: 0.0, Max: 0.0, Diff: 0.0, Sum: 0.0]
      [GC Worker Other (ms): Min: 0.0, Avg: 0.1, Max: 0.1, Diff: 0.1, Sum: 0.5]
      [GC Worker Total (ms): Min: 31.4, Avg: 31.5, Max: 31.5, Diff: 0.1, Sum: 251.8]
      [GC Worker End (ms): Min: 59282.6, Avg: 59282.6, Max: 59282.6, Diff: 0.0]
   [Code Root Fixup: 0.0 ms]
   [Code Root Migration: 0.1 ms]
   [Clear CT: 0.4 ms]
   [Other: 0.7 ms]
      [Choose CSet: 0.0 ms]
      [Ref Proc: 0.1 ms]
      [Ref Enq: 0.0 ms]
      [Free CSet: 0.5 ms]
   [Eden: 854.0M(854.0M)->0.0B(851.0M) Survivors: 68.0M->71.0M Heap: 1051.0M(1538.0M)->200.0M(1538.0M)]
 [Times: user=0.25 sys=0.00, real=0.04 secs] 
59.284: Total time for which application threads were stopped: 0.0329540 seconds, Stopping threads took: 0.0000900 seconds
59.730: Application time: 0.4462510 seconds
59.730: [GC pause (young), 0.0330860 secs]
   [Parallel Time: 31.9 ms, GC Workers: 8]
      [GC Worker Start (ms): Min: 59730.3, Avg: 59730.3, Max: 59730.4, Diff: 0.1]
      [Ext Root Scanning (ms): Min: 0.6, Avg: 0.7, Max: 0.8, Diff: 0.1, Sum: 5.8]
      [Update RS (ms): Min: 0.2, Avg: 0.3, Max: 0.4, Diff: 0.2, Sum: 2.5]
         [Processed Buffers: Min: 1, Avg: 2.1, Max: 3, Diff: 2, Sum: 17]
      [Scan RS (ms): Min: 0.3, Avg: 0.4, Max: 0.4, Diff: 0.2, Sum: 2.9]
      [Code Root Scanning (ms): Min: 0.0, Avg: 0.0, Max: 0.0, Diff: 0.0, Sum: 0.0]
      [Object Copy (ms): Min: 30.3, Avg: 30.3, Max: 30.4, Diff: 0.1, Sum: 242.7]
      [Termination (ms): Min: 0.0, Avg: 0.0, Max: 0.0, Diff: 0.0, Sum: 0.0]
      [GC Worker Other (ms): Min: 0.0, Avg: 0.1, Max: 0.1, Diff: 0.0, Sum: 0.4]
      [GC Worker Total (ms): Min: 31.8, Avg: 31.8, Max: 31.8, Diff: 0.1, Sum: 254.4]
      [GC Worker End (ms): Min: 59762.1, Avg: 59762.1, Max: 59762.1, Diff: 0.0]
   [Code Root Fixup: 0.0 ms]
   [Code Root Migration: 0.1 ms]
   [Clear CT: 0.4 ms]
   [Other: 0.7 ms]
      [Choose CSet: 0.0 ms]
      [Ref Proc: 0.1 ms]
      [Ref Enq: 0.0 ms]
      [Free CSet: 0.5 ms]
   [Eden: 851.0M(851.0M)->0.0B(852.0M) Survivors: 71.0M->70.0M Heap: 1051.0M(1538.0M)->199.0M(1538.0M)]
 [Times: user=0.26 sys=0.00, real=0.04 secs] 
59.763: Total time for which application threads were stopped: 0.0333270 seconds, Stopping threads took: 0.0000800 seconds
60.218: Application time: 0.4543210 seconds
60.218: [GC pause (young), 0.0329460 secs]
   [Parallel Time: 31.7 ms, GC Workers: 8]
      [GC Worker Start (ms): Min: 60217.9, Avg: 60218.0, Max: 60218.0, Diff: 0.1]
      [Ext Root Scanning (ms): Min: 0.7, Avg: 0.8, Max: 0.8, Diff: 0.1, Sum: 6.0]
      [Update RS (ms): Min: 0.2, Avg: 0.3, Max: 0.4, Diff: 0.2, Sum: 2.4]
         [Processed Buffers: Min: 1, Avg: 2.1, Max: 3, Diff: 2, Sum: 17]
      [Scan RS (ms): Min: 0.3, Avg: 0.4, Max: 0.5, Diff: 0.2, Sum: 3.1]
      [Code Root Scanning (ms): Min: 0.0, Avg: 0.0, Max: 0.0, Diff: 0.0, Sum: 0.0]
      [Object Copy (ms): Min: 30.1, Avg: 30.1, Max: 30.2, Diff: 0.1, Sum: 241.0]
      [Termination (ms): Min: 0.0, Avg: 0.0, Max: 0.0, Diff: 0.0, Sum: 0.0]
      [GC Worker Other (ms): Min: 0.0, Avg: 0.1, Max: 0.1, Diff: 0.0, Sum: 0.4]
      [GC Worker Total (ms): Min: 31.6, Avg: 31.6, Max: 31.7, Diff: 0.1, Sum: 252.9]
      [GC Worker End (ms): Min: 60249.6, Avg: 60249.6, Max: 60249.6, Diff: 0.0]
   [Code Root Fixup: 0.0 ms]
   [Code Root Migration: 0.1 ms]
   [Clear CT: 0.4 ms]
   [Other: 0.7 ms]
      [Choose CSet: 0.0 ms]
      [Ref Proc: 0.1 ms]
      [Ref Enq: 0.0 ms]
      [Free CSet: 0.6 ms]
   [Eden: 852.0M(852.0M)->0.0B(851.0M) Survivors: 70.0M->71.0M Heap: 1051.0M(1538.0M)->199.5M(1538.0M)]
 [Times: user=0.26 sys=0.00, real=0.03 secs] 
60.251: Total time for which application threads were stopped: 0.0331490 seconds, Stopping threads took: 0.0000490 seconds
60.699: Application time: 0.4480730 seconds
60.699: [GC pause (young), 0.0324010 secs]
   [Parallel Time: 31.2 ms, GC Workers: 8]
      [GC Worker Start (ms): Min: 60699.1, Avg: 60699.2, Max: 60699.2, Diff: 0.1]
      [Ext Root Scanning (ms): Min: 0.7, Avg: 0.8, Max: 0.9, Diff: 0.2, Sum: 6.3]
      [Update RS (ms): Min: 0.2, Avg: 0.3, Max: 0.4, Diff: 0.1, Sum: 2.3]
         [Processed Buffers: Min: 1, Avg: 2.1, Max: 3, Diff: 2, Sum: 17]
      [Scan RS (ms): Min: 0.3, Avg: 0.4, Max: 0.4, Diff: 0.1, Sum: 2.8]
      [Code Root Scanning (ms): Min: 0.0, Avg: 0.0, Max: 0.0, Diff: 0.0, Sum: 0.0]
      [Object Copy (ms): Min: 29.6, Avg: 29.7, Max: 29.7, Diff: 0.0, Sum: 237.3]
      [Termination (ms): Min: 0.0, Avg: 0.0, Max: 0.0, Diff: 0.0, Sum: 0.0]
      [GC Worker Other (ms): Min: 0.0, Avg: 0.1, Max: 0.1, Diff: 0.0, Sum: 0.4]
      [GC Worker Total (ms): Min: 31.1, Avg: 31.2, Max: 31.2, Diff: 0.1, Sum: 249.2]
      [GC Worker End (ms): Min: 60730.3, Avg: 60730.3, Max: 60730.3, Diff: 0.0]
   [Code Root Fixup: 0.0 ms]
   [Code Root Migration: 0.1 ms]
   [Clear CT: 0.4 ms]
   [Other: 0.7 ms]
      [Choose CSet: 0.0 ms]
      [Ref Proc: 0.1 ms]
      [Ref Enq: 0.0 ms]
      [Free CSet: 0.5 ms]
   [Eden: 851.0M(851.0M)->0.0B(852.0M) Survivors: 71.0M->70.0M Heap: 1050.5M(1538.0M)->199.0M(1538.0M)]
 [Times: user=0.25 sys=0.00, real=0.04 secs] 
60.732: Total time for which application threads were stopped: 0.0325770 seconds, Stopping threads took: 0.0000440 seconds
61.176: Application time: 0.4441220 seconds
61.176: [GC pause (young), 0.0329820 secs]
   [Parallel Time: 31.7 ms, GC Workers: 8]
      [GC Worker Start (ms): Min: 61175.8, Avg: 61175.9, Max: 61175.9, Diff: 0.1]
      [Ext Root Scanning (ms): Min: 0.6, Avg: 0.7, Max: 0.8, Diff: 0.2, Sum: 5.9]
      [Update RS (ms): Min: 0.2, Avg: 0.3, Max: 0.4, Diff: 0.2, Sum: 2.4]
         [Processed Buffers: Min: 1, Avg: 2.1, Max: 3, Diff: 2, Sum: 17]
      [Scan RS (ms): Min: 0.3, Avg: 0.4, Max: 0.4, Diff: 0.1, Sum: 2.9]
      [Code Root Scanning (ms): Min: 0.0, Avg: 0.0, Max: 0.0, Diff: 0.0, Sum: 0.0]
      [Object Copy (ms): Min: 30.2, Avg: 30.2, Max: 30.3, Diff: 0.1, Sum: 241.9]
      [Termination (ms): Min: 0.0, Avg: 0.0, Max: 0.0, Diff: 0.0, Sum: 0.0]
      [GC Worker Other (ms): Min: 0.0, Avg: 0.1, Max: 0.1, Diff: 0.0, Sum: 0.4]
      [GC Worker Total (ms): Min: 31.6, Avg: 31.7, Max: 31.7, Diff: 0.1, Sum: 253.5]
      [GC Worker End (ms): Min: 61207.5, Avg: 61207.6, Max: 61207.6, Diff: 0.0]
   [Code Root Fixup: 0.1 ms]
   [Code Root Migration: 0.1 ms]
   [Clear CT: 0.4 ms]
   [Other: 0.7 ms]
      [Choose CSet: 0.0 ms]
      [Ref Proc: 0.1 ms]
      [Ref Enq: 0.0 ms]
      [Free CSet: 0.5 ms]
   [Eden: 852.0M(852.0M)->0.0B(852.0M) Survivors: 70.0M->70.0M Heap: 1051.0M(1538.0M)->198.6M(1538.0M)]
 [Times: user=0.26 sys=0.00, real=0.03 secs] 
61.209: Total time for which application threads were stopped: 0.0331530 seconds, Stopping threads took: 0.0000270 seconds
61.648: Application time: 0.4391300 seconds
61.648: [GC pause (young), 0.0329350 secs]
   [Parallel Time: 31.7 ms, GC Workers: 8]
      [GC Worker Start (ms): Min: 61648.1, Avg: 61649.0, Max: 61651.4, Diff: 3.3]
      [Ext Root Scanning (ms): Min: 0.0, Avg: 0.6, Max: 0.9, Diff: 0.9, Sum: 4.8]
      [Update RS (ms): Min: 0.0, Avg: 0.3, Max: 0.4, Diff: 0.4, Sum: 2.1]
         [Processed Buffers: Min: 0, Avg: 2.1, Max: 4, Diff: 4, Sum: 17]
      [Scan RS (ms): Min: 0.1, Avg: 0.3, Max: 0.4, Diff: 0.4, Sum: 2.4]
      [Code Root Scanning (ms): Min: 0.0, Avg: 0.0, Max: 0.0, Diff: 0.0, Sum: 0.0]
      [Object Copy (ms): Min: 28.3, Avg: 29.7, Max: 30.1, Diff: 1.8, Sum: 237.3]
      [Termination (ms): Min: 0.0, Avg: 0.0, Max: 0.0, Diff: 0.0, Sum: 0.0]
      [GC Worker Other (ms): Min: 0.0, Avg: 0.0, Max: 0.1, Diff: 0.0, Sum: 0.4]
      [GC Worker Total (ms): Min: 28.4, Avg: 30.9, Max: 31.7, Diff: 3.3, Sum: 246.9]
      [GC Worker End (ms): Min: 61679.8, Avg: 61679.8, Max: 61679.8, Diff: 0.0]
   [Code Root Fixup: 0.0 ms]
   [Code Root Migration: 0.1 ms]
   [Clear CT: 0.4 ms]
   [Other: 0.7 ms]
      [Choose CSet: 0.0 ms]
      [Ref Proc: 0.1 ms]
      [Ref Enq: 0.0 ms]
      [Free CSet: 0.5 ms]
   [Eden: 852.0M(852.0M)->0.0B(852.0M) Survivors: 70.0M->70.0M Heap: 1050.6M(1538.0M)->198.6M(1538.0M)]
 [Times: user=0.25 sys=0.00, real=0.03 secs] 
61.681: Total time for which application threads were stopped: 0.0331110 seconds, Stopping threads took: 0.0000360 seconds
62.116: Application time: 0.4351990 seconds
62.116: [GC pause (young), 0.0327530 secs]
   [Parallel Time: 31.6 ms, GC Workers: 8]
      [GC Worker Start (ms): Min: 62116.4, Avg: 62116.5, Max: 62116.5, Diff: 0.1]
      [Ext Root Scanning (ms): Min: 0.7, Avg: 0.8, Max: 0.8, Diff: 0.1, Sum: 6.3]
      [Update RS (ms): Min: 0.2, Avg: 0.3, Max: 0.3, Diff: 0.1, Sum: 2.3]
         [Processed Buffers: Min: 1, Avg: 2.1, Max: 3, Diff: 2, Sum: 17]
      [Scan RS (ms): Min: 0.3, Avg: 0.4, Max: 0.4, Diff: 0.1, Sum: 3.0]
      [Code Root Scanning (ms): Min: 0.0, Avg: 0.0, Max: 0.0, Diff: 0.0, Sum: 0.0]
      [Object Copy (ms): Min: 30.0, Avg: 30.0, Max: 30.1, Diff: 0.1, Sum: 240.2]
      [Termination (ms): Min: 0.0, Avg: 0.0, Max: 0.0, Diff: 0.0, Sum: 0.0]
      [GC Worker Other (ms): Min: 0.0, Avg: 0.1, Max: 0.1, Diff: 0.0, Sum: 0.4]
      [GC Worker Total (ms): Min: 31.5, Avg: 31.5, Max: 31.6, Diff: 0.1, Sum: 252.2]
      [GC Worker End (ms): Min: 62148.0, Avg: 62148.0, Max: 62148.0, Diff: 0.0]
   [Code Root Fixup: 0.0 ms]
   [Code Root Migration: 0.1 ms]
   [Clear CT: 0.4 ms]
   [Other: 0.6 ms]
      [Choose CSet: 0.0 ms]
      [Ref Proc: 0.1 ms]
      [Ref Enq: 0.0 ms]
      [Free CSet: 0.5 ms]
   [Eden: 852.0M(852.0M)->0.0B(852.0M) Survivors: 70.0M->70.0M Heap: 1050.6M(1538.0M)->198.6M(1538.0M)]
 [Times: user=0.26 sys=0.00, real=0.03 secs] 
62.149: Total time for which application threads were stopped: 0.0329220 seconds, Stopping threads took: 0.0000220 seconds
62.584: Application time: 0.4346840 seconds
62.584: [GC pause (young), 0.0320860 secs]
   [Parallel Time: 30.9 ms, GC Workers: 8]
      [GC Worker Start (ms): Min: 62584.0, Avg: 62585.7, Max: 62593.6, Diff: 9.5]
      [Ext Root Scanning (ms): Min: 0.0, Avg: 0.6, Max: 0.9, Diff: 0.9, Sum: 4.9]
      [Update RS (ms): Min: 0.0, Avg: 0.3, Max: 0.5, Diff: 0.5, Sum: 2.0]
         [Processed Buffers: Min: 0, Avg: 2.1, Max: 5, Diff: 5, Sum: 17]
      [Scan RS (ms): Min: 0.1, Avg: 0.3, Max: 0.4, Diff: 0.3, Sum: 2.5]
      [Code Root Scanning (ms): Min: 0.0, Avg: 0.0, Max: 0.0, Diff: 0.0, Sum: 0.0]
      [Object Copy (ms): Min: 21.1, Avg: 28.0, Max: 29.3, Diff: 8.2, Sum: 223.8]
      [Termination (ms): Min: 0.0, Avg: 0.0, Max: 0.0, Diff: 0.0, Sum: 0.0]
      [GC Worker Other (ms): Min: 0.0, Avg: 0.1, Max: 0.1, Diff: 0.0, Sum: 0.5]
      [GC Worker Total (ms): Min: 21.3, Avg: 29.2, Max: 30.9, Diff: 9.5, Sum: 233.8]
      [GC Worker End (ms): Min: 62614.9, Avg: 62614.9, Max: 62614.9, Diff: 0.0]
   [Code Root Fixup: 0.1 ms]
   [Code Root Migration: 0.1 ms]
   [Clear CT: 0.4 ms]
   [Other: 0.6 ms]
      [Choose CSet: 0.0 ms]
      [Ref Proc: 0.1 ms]
      [Ref Enq: 0.0 ms]
      [Free CSet: 0.5 ms]
   [Eden: 852.0M(852.0M)->0.0B(853.0M) Survivors: 70.0M->69.0M Heap: 1050.6M(1538.0M)->197.6M(1538.0M)]
 [Times: user=0.24 sys=0.00, real=0.03 secs] 
62.616: Total time for which application threads were stopped: 0.0322460 seconds, Stopping threads took: 0.0000310 seconds
63.052: Application time: 0.4358070 seconds
63.052: [GC pause (young), 0.0324830 secs]
   [Parallel Time: 31.2 ms, GC Workers: 8]
      [GC Worker Start (ms): Min: 63052.1, Avg: 63052.2, Max: 63052.2, Diff: 0.1]
      [Ext Root Scanning (ms): Min: 0.7, Avg: 0.8, Max: 0.8, Diff: 0.1, Sum: 6.1]
      [Update RS (ms): Min: 0.2, Avg: 0.3, Max: 0.3, Diff: 0.1, Sum: 2.3]
         [Processed Buffers: Min: 1, Avg: 2.1, Max: 3, Diff: 2, Sum: 17]
      [Scan RS (ms): Min: 0.3, Avg: 0.4, Max: 0.4, Diff: 0.1, Sum: 3.0]
      [Code Root Scanning (ms): Min: 0.0, Avg: 0.0, Max: 0.0, Diff: 0.0, Sum: 0.0]
      [Object Copy (ms): Min: 29.7, Avg: 29.7, Max: 29.7, Diff: 0.1, Sum: 237.4]
      [Termination (ms): Min: 0.0, Avg: 0.0, Max: 0.0, Diff: 0.0, Sum: 0.0]
      [GC Worker Other (ms): Min: 0.0, Avg: 0.1, Max: 0.1, Diff: 0.1, Sum: 0.4]
      [GC Worker Total (ms): Min: 31.1, Avg: 31.2, Max: 31.2, Diff: 0.1, Sum: 249.3]
      [GC Worker End (ms): Min: 63083.3, Avg: 63083.3, Max: 63083.3, Diff: 0.0]
   [Code Root Fixup: 0.1 ms]
   [Code Root Migration: 0.1 ms]
   [Clear CT: 0.4 ms]
   [Other: 0.7 ms]
      [Choose CSet: 0.0 ms]
      [Ref Proc: 0.1 ms]
      [Ref Enq: 0.0 ms]
      [Free CSet: 0.6 ms]
   [Eden: 853.0M(853.0M)->0.0B(853.0M) Survivors: 69.0M->69.0M Heap: 1050.6M(1538.0M)->198.1M(1538.0M)]
 [Times: user=0.25 sys=0.00, real=0.03 secs] 
63.085: Total time for which application threads were stopped: 0.0326890 seconds, Stopping threads took: 0.0000530 seconds
63.521: Application time: 0.4364110 seconds
63.521: [GC pause (young), 0.0319130 secs]
   [Parallel Time: 30.7 ms, GC Workers: 8]
      [GC Worker Start (ms): Min: 63521.2, Avg: 63521.2, Max: 63521.3, Diff: 0.1]
      [Ext Root Scanning (ms): Min: 0.7, Avg: 0.8, Max: 0.8, Diff: 0.1, Sum: 6.1]
      [Update RS (ms): Min: 0.2, Avg: 0.3, Max: 0.3, Diff: 0.1, Sum: 2.3]
         [Processed Buffers: Min: 1, Avg: 2.1, Max: 3, Diff: 2, Sum: 17]
      [Scan RS (ms): Min: 0.3, Avg: 0.4, Max: 0.4, Diff: 0.1, Sum: 3.1]
      [Code Root Scanning (ms): Min: 0.0, Avg: 0.0, Max: 0.0, Diff: 0.0, Sum: 0.0]
      [Object Copy (ms): Min: 29.2, Avg: 29.2, Max: 29.2, Diff: 0.1, Sum: 233.4]
      [Termination (ms): Min: 0.0, Avg: 0.0, Max: 0.0, Diff: 0.0, Sum: 0.0]
      [GC Worker Other (ms): Min: 0.0, Avg: 0.0, Max: 0.1, Diff: 0.0, Sum: 0.4]
      [GC Worker Total (ms): Min: 30.6, Avg: 30.7, Max: 30.7, Diff: 0.1, Sum: 245.3]
      [GC Worker End (ms): Min: 63551.9, Avg: 63551.9, Max: 63551.9, Diff: 0.0]
   [Code Root Fixup: 0.1 ms]
   [Code Root Migration: 0.1 ms]
   [Clear CT: 0.4 ms]
   [Other: 0.7 ms]
      [Choose CSet: 0.0 ms]
      [Ref Proc: 0.1 ms]
      [Ref Enq: 0.0 ms]
      [Free CSet: 0.5 ms]
   [Eden: 853.0M(853.0M)->0.0B(853.0M) Survivors: 69.0M->69.0M Heap: 1051.1M(1538.0M)->198.1M(1538.0M)]
 [Times: user=0.25 sys=0.00, real=0.04 secs] 
63.553: Total time for which application threads were stopped: 0.0320750 seconds, Stopping threads took: 0.0000290 seconds
63.990: Application time: 0.4368040 seconds
63.990: [GC pause (young), 0.0332190 secs]
   [Parallel Time: 32.0 ms, GC Workers: 8]
      [GC Worker Start (ms): Min: 63990.1, Avg: 63990.1, Max: 63990.2, Diff: 0.1]
      [Ext Root Scanning (ms): Min: 0.7, Avg: 0.8, Max: 0.8, Diff: 0.1, Sum: 6.1]
      [Update RS (ms): Min: 0.2, Avg: 0.3, Max: 0.4, Diff: 0.2, Sum: 2.4]
         [Processed Buffers: Min: 1, Avg: 2.1, Max: 3, Diff: 2, Sum: 17]
      [Scan RS (ms): Min: 0.3, Avg: 0.4, Max: 0.4, Diff: 0.2, Sum: 2.9]
      [Code Root Scanning (ms): Min: 0.0, Avg: 0.0, Max: 0.0, Diff: 0.0, Sum: 0.0]
      [Object Copy (ms): Min: 30.5, Avg: 30.5, Max: 30.6, Diff: 0.1, Sum: 244.0]
      [Termination (ms): Min: 0.0, Avg: 0.0, Max: 0.0, Diff: 0.0, Sum: 0.0]
      [GC Worker Other (ms): Min: 0.0, Avg: 0.1, Max: 0.1, Diff: 0.0, Sum: 0.4]
      [GC Worker Total (ms): Min: 31.9, Avg: 32.0, Max: 32.0, Diff: 0.1, Sum: 255.8]
      [GC Worker End (ms): Min: 64022.1, Avg: 64022.1, Max: 64022.1, Diff: 0.0]
   [Code Root Fixup: 0.0 ms]
   [Code Root Migration: 0.1 ms]
   [Clear CT: 0.4 ms]
   [Other: 0.6 ms]
      [Choose CSet: 0.0 ms]
      [Ref Proc: 0.1 ms]
      [Ref Enq: 0.0 ms]
      [Free CSet: 0.5 ms]
   [Eden: 853.0M(853.0M)->0.0B(850.0M) Survivors: 69.0M->72.0M Heap: 1051.1M(1538.0M)->201.1M(1538.0M)]
 [Times: user=0.26 sys=0.00, real=0.04 secs] 
64.023: Total time for which application threads were stopped: 0.0334310 seconds, Stopping threads took: 0.0000480 seconds
64.464: Application time: 0.4411040 seconds
64.465: [GC pause (young), 0.0330860 secs]
   [Parallel Time: 31.9 ms, GC Workers: 8]
      [GC Worker Start (ms): Min: 64464.6, Avg: 64464.7, Max: 64464.7, Diff: 0.1]
      [Ext Root Scanning (ms): Min: 0.7, Avg: 0.8, Max: 0.8, Diff: 0.1, Sum: 6.0]
      [Update RS (ms): Min: 0.2, Avg: 0.3, Max: 0.4, Diff: 0.1, Sum: 2.4]
         [Processed Buffers: Min: 1, Avg: 2.1, Max: 3, Diff: 2, Sum: 17]
      [Scan RS (ms): Min: 0.3, Avg: 0.4, Max: 0.4, Diff: 0.2, Sum: 2.9]
      [Code Root Scanning (ms): Min: 0.0, Avg: 0.0, Max: 0.0, Diff: 0.0, Sum: 0.0]
      [Object Copy (ms): Min: 30.3, Avg: 30.4, Max: 30.4, Diff: 0.1, Sum: 243.0]
      [Termination (ms): Min: 0.0, Avg: 0.0, Max: 0.0, Diff: 0.0, Sum: 0.0]
      [GC Worker Other (ms): Min: 0.0, Avg: 0.0, Max: 0.1, Diff: 0.0, Sum: 0.3]
      [GC Worker Total (ms): Min: 31.8, Avg: 31.8, Max: 31.9, Diff: 0.1, Sum: 254.6]
      [GC Worker End (ms): Min: 64496.5, Avg: 64496.5, Max: 64496.5, Diff: 0.0]
   [Code Root Fixup: 0.0 ms]
   [Code Root Migration: 0.1 ms]
   [Clear CT: 0.4 ms]
   [Other: 0.6 ms]
      [Choose CSet: 0.0 ms]
      [Ref Proc: 0.1 ms]
      [Ref Enq: 0.0 ms]
      [Free CSet: 0.5 ms]
   [Eden: 850.0M(850.0M)->0.0B(850.0M) Survivors: 72.0M->72.0M Heap: 1051.1M(1538.0M)->200.6M(1538.0M)]
 [Times: user=0.25 sys=0.01, real=0.03 secs] 
64.498: Total time for which application threads were stopped: 0.0332650 seconds, Stopping threads took: 0.0000500 seconds
64.947: Application time: 0.4489090 seconds
64.947: [GC pause (young), 0.0327180 secs]
   [Parallel Time: 31.5 ms, GC Workers: 8]
      [GC Worker Start (ms): Min: 64946.8, Avg: 64946.9, Max: 64946.9, Diff: 0.1]
      [Ext Root Scanning (ms): Min: 0.7, Avg: 0.7, Max: 0.8, Diff: 0.1, Sum: 5.8]
      [Update RS (ms): Min: 0.2, Avg: 0.3, Max: 0.4, Diff: 0.2, Sum: 2.4]
         [Processed Buffers: Min: 1, Avg: 2.1, Max: 3, Diff: 2, Sum: 17]
      [Scan RS (ms): Min: 0.3, Avg: 0.4, Max: 0.4, Diff: 0.2, Sum: 2.9]
      [Code Root Scanning (ms): Min: 0.0, Avg: 0.0, Max: 0.0, Diff: 0.0, Sum: 0.0]
      [Object Copy (ms): Min: 30.0, Avg: 30.0, Max: 30.0, Diff: 0.1, Sum: 240.0]
      [Termination (ms): Min: 0.0, Avg: 0.0, Max: 0.0, Diff: 0.0, Sum: 0.0]
      [GC Worker Other (ms): Min: 0.0, Avg: 0.1, Max: 0.1, Diff: 0.0, Sum: 0.5]
      [GC Worker Total (ms): Min: 31.4, Avg: 31.4, Max: 31.5, Diff: 0.1, Sum: 251.5]
      [GC Worker End (ms): Min: 64978.3, Avg: 64978.3, Max: 64978.3, Diff: 0.0]
   [Code Root Fixup: 0.0 ms]
   [Code Root Migration: 0.1 ms]
   [Clear CT: 0.4 ms]
   [Other: 0.7 ms]
      [Choose CSet: 0.0 ms]
      [Ref Proc: 0.1 ms]
      [Ref Enq: 0.0 ms]
      [Free CSet: 0.5 ms]
   [Eden: 850.0M(850.0M)->0.0B(853.0M) Survivors: 72.0M->69.0M Heap: 1050.6M(1538.0M)->197.7M(1538.0M)]
 [Times: user=0.26 sys=0.00, real=0.03 secs] 
64.980: Total time for which application threads were stopped: 0.0329250 seconds, Stopping threads took: 0.0000600 seconds
65.429: Application time: 0.4496610 seconds
65.429: [GC pause (young), 0.0333780 secs]
   [Parallel Time: 32.1 ms, GC Workers: 8]
      [GC Worker Start (ms): Min: 65429.4, Avg: 65430.3, Max: 65436.5, Diff: 7.1]
      [Ext Root Scanning (ms): Min: 0.0, Avg: 0.7, Max: 0.8, Diff: 0.8, Sum: 5.3]
      [Update RS (ms): Min: 0.0, Avg: 0.3, Max: 0.4, Diff: 0.4, Sum: 2.2]
         [Processed Buffers: Min: 0, Avg: 2.1, Max: 4, Diff: 4, Sum: 17]
      [Scan RS (ms): Min: 0.3, Avg: 0.4, Max: 0.4, Diff: 0.1, Sum: 2.8]
      [Code Root Scanning (ms): Min: 0.0, Avg: 0.0, Max: 0.0, Diff: 0.0, Sum: 0.0]
      [Object Copy (ms): Min: 24.6, Avg: 29.8, Max: 30.6, Diff: 6.0, Sum: 238.4]
      [Termination (ms): Min: 0.0, Avg: 0.0, Max: 0.0, Diff: 0.0, Sum: 0.0]
      [GC Worker Other (ms): Min: 0.0, Avg: 0.0, Max: 0.1, Diff: 0.0, Sum: 0.4]
      [GC Worker Total (ms): Min: 24.9, Avg: 31.1, Max: 32.1, Diff: 7.1, Sum: 249.2]
      [GC Worker End (ms): Min: 65461.5, Avg: 65461.5, Max: 65461.5, Diff: 0.0]
   [Code Root Fixup: 0.0 ms]
   [Code Root Migration: 0.1 ms]
   [Clear CT: 0.4 ms]
   [Other: 0.8 ms]
      [Choose CSet: 0.0 ms]
      [Ref Proc: 0.1 ms]
      [Ref Enq: 0.0 ms]
      [Free CSet: 0.6 ms]
   [Eden: 853.0M(853.0M)->0.0B(853.0M) Survivors: 69.0M->69.0M Heap: 1050.7M(1538.0M)->198.2M(1538.0M)]
 [Times: user=0.25 sys=0.00, real=0.03 secs] 
65.463: Total time for which application threads were stopped: 0.0335920 seconds, Stopping threads took: 0.0000740 seconds
65.908: Application time: 0.4448690 seconds
65.908: [GC pause (young), 0.0331610 secs]
   [Parallel Time: 32.0 ms, GC Workers: 8]
      [GC Worker Start (ms): Min: 65907.9, Avg: 65907.9, Max: 65908.0, Diff: 0.1]
      [Ext Root Scanning (ms): Min: 0.6, Avg: 0.7, Max: 0.8, Diff: 0.2, Sum: 5.6]
      [Update RS (ms): Min: 0.2, Avg: 0.3, Max: 0.4, Diff: 0.2, Sum: 2.4]
         [Processed Buffers: Min: 1, Avg: 2.1, Max: 3, Diff: 2, Sum: 17]
      [Scan RS (ms): Min: 0.3, Avg: 0.4, Max: 0.4, Diff: 0.1, Sum: 3.0]
      [Code Root Scanning (ms): Min: 0.0, Avg: 0.0, Max: 0.0, Diff: 0.0, Sum: 0.0]
      [Object Copy (ms): Min: 30.4, Avg: 30.5, Max: 30.5, Diff: 0.1, Sum: 243.6]
      [Termination (ms): Min: 0.0, Avg: 0.0, Max: 0.0, Diff: 0.0, Sum: 0.0]
      [GC Worker Other (ms): Min: 0.0, Avg: 0.0, Max: 0.1, Diff: 0.0, Sum: 0.4]
      [GC Worker Total (ms): Min: 31.8, Avg: 31.9, Max: 31.9, Diff: 0.1, Sum: 255.1]
      [GC Worker End (ms): Min: 65939.8, Avg: 65939.8, Max: 65939.8, Diff: 0.0]
   [Code Root Fixup: 0.1 ms]
   [Code Root Migration: 0.1 ms]
   [Clear CT: 0.4 ms]
   [Other: 0.7 ms]
      [Choose CSet: 0.0 ms]
      [Ref Proc: 0.1 ms]
      [Ref Enq: 0.0 ms]
      [Free CSet: 0.5 ms]
   [Eden: 853.0M(853.0M)->0.0B(853.0M) Survivors: 69.0M->69.0M Heap: 1051.2M(1538.0M)->198.2M(1538.0M)]
 [Times: user=0.26 sys=0.00, real=0.03 secs] 
65.941: Total time for which application threads were stopped: 0.0333730 seconds, Stopping threads took: 0.0000710 seconds
66.383: Application time: 0.4418780 seconds
66.383: [GC pause (young), 0.0332450 secs]
   [Parallel Time: 32.0 ms, GC Workers: 8]
      [GC Worker Start (ms): Min: 66383.1, Avg: 66383.2, Max: 66383.2, Diff: 0.1]
      [Ext Root Scanning (ms): Min: 0.7, Avg: 0.8, Max: 0.8, Diff: 0.1, Sum: 6.2]
      [Update RS (ms): Min: 0.2, Avg: 0.3, Max: 0.4, Diff: 0.1, Sum: 2.3]
         [Processed Buffers: Min: 1, Avg: 2.1, Max: 3, Diff: 2, Sum: 17]
      [Scan RS (ms): Min: 0.3, Avg: 0.4, Max: 0.5, Diff: 0.2, Sum: 2.9]
      [Code Root Scanning (ms): Min: 0.0, Avg: 0.0, Max: 0.0, Diff: 0.0, Sum: 0.0]
      [Object Copy (ms): Min: 30.4, Avg: 30.4, Max: 30.5, Diff: 0.1, Sum: 243.4]
      [Termination (ms): Min: 0.0, Avg: 0.0, Max: 0.0, Diff: 0.0, Sum: 0.0]
      [GC Worker Other (ms): Min: 0.0, Avg: 0.1, Max: 0.1, Diff: 0.0, Sum: 0.5]
      [GC Worker Total (ms): Min: 31.9, Avg: 31.9, Max: 32.0, Diff: 0.1, Sum: 255.4]
      [GC Worker End (ms): Min: 66415.1, Avg: 66415.1, Max: 66415.1, Diff: 0.0]
   [Code Root Fixup: 0.0 ms]
   [Code Root Migration: 0.1 ms]
   [Clear CT: 0.4 ms]
   [Other: 0.7 ms]
      [Choose CSet: 0.0 ms]
      [Ref Proc: 0.1 ms]
      [Ref Enq: 0.0 ms]
      [Free CSet: 0.5 ms]
   [Eden: 853.0M(853.0M)->0.0B(851.0M) Survivors: 69.0M->71.0M Heap: 1051.2M(1538.0M)->199.7M(1538.0M)]
 [Times: user=0.26 sys=0.00, real=0.04 secs] 
66.416: Total time for which application threads were stopped: 0.0334260 seconds, Stopping threads took: 0.0000490 seconds
66.852: Application time: 0.4351380 seconds
66.852: [GC pause (young), 0.0333280 secs]
   [Parallel Time: 32.0 ms, GC Workers: 8]
      [GC Worker Start (ms): Min: 66851.7, Avg: 66851.7, Max: 66851.8, Diff: 0.1]
      [Ext Root Scanning (ms): Min: 0.7, Avg: 0.8, Max: 0.8, Diff: 0.1, Sum: 6.2]
      [Update RS (ms): Min: 0.2, Avg: 0.3, Max: 0.4, Diff: 0.2, Sum: 2.3]
         [Processed Buffers: Min: 1, Avg: 2.1, Max: 3, Diff: 2, Sum: 17]
      [Scan RS (ms): Min: 0.3, Avg: 0.4, Max: 0.5, Diff: 0.2, Sum: 2.9]
      [Code Root Scanning (ms): Min: 0.0, Avg: 0.0, Max: 0.0, Diff: 0.0, Sum: 0.0]
      [Object Copy (ms): Min: 30.4, Avg: 30.5, Max: 30.5, Diff: 0.1, Sum: 243.8]
      [Termination (ms): Min: 0.0, Avg: 0.0, Max: 0.0, Diff: 0.0, Sum: 0.0]
      [GC Worker Other (ms): Min: 0.0, Avg: 0.1, Max: 0.1, Diff: 0.0, Sum: 0.4]
      [GC Worker Total (ms): Min: 31.9, Avg: 32.0, Max: 32.0, Diff: 0.1, Sum: 255.7]
      [GC Worker End (ms): Min: 66883.7, Avg: 66883.7, Max: 66883.7, Diff: 0.0]
   [Code Root Fixup: 0.1 ms]
   [Code Root Migration: 0.1 ms]
   [Clear CT: 0.4 ms]
   [Other: 0.8 ms]
      [Choose CSet: 0.0 ms]
      [Ref Proc: 0.1 ms]
      [Ref Enq: 0.0 ms]
      [Free CSet: 0.6 ms]
   [Eden: 851.0M(851.0M)->0.0B(850.0M) Survivors: 71.0M->72.0M Heap: 1050.7M(1538.0M)->201.2M(1538.0M)]
 [Times: user=0.26 sys=0.00, real=0.03 secs] 
66.885: Total time for which application threads were stopped: 0.0335390 seconds, Stopping threads took: 0.0000580 seconds
67.320: Application time: 0.4344160 seconds
67.320: [GC pause (young), 0.0322660 secs]
   [Parallel Time: 31.0 ms, GC Workers: 8]
      [GC Worker Start (ms): Min: 67319.6, Avg: 67319.7, Max: 67319.7, Diff: 0.1]
      [Ext Root Scanning (ms): Min: 0.7, Avg: 0.8, Max: 0.9, Diff: 0.1, Sum: 6.3]
      [Update RS (ms): Min: 0.2, Avg: 0.3, Max: 0.4, Diff: 0.2, Sum: 2.4]
         [Processed Buffers: Min: 1, Avg: 2.1, Max: 3, Diff: 2, Sum: 17]
      [Scan RS (ms): Min: 0.3, Avg: 0.3, Max: 0.4, Diff: 0.1, Sum: 2.7]
      [Code Root Scanning (ms): Min: 0.0, Avg: 0.0, Max: 0.0, Diff: 0.0, Sum: 0.0]
      [Object Copy (ms): Min: 29.4, Avg: 29.5, Max: 29.5, Diff: 0.0, Sum: 235.7]
      [Termination (ms): Min: 0.0, Avg: 0.0, Max: 0.0, Diff: 0.0, Sum: 0.0]
      [GC Worker Other (ms): Min: 0.0, Avg: 0.0, Max: 0.1, Diff: 0.0, Sum: 0.4]
      [GC Worker Total (ms): Min: 30.9, Avg: 30.9, Max: 31.0, Diff: 0.1, Sum: 247.6]
      [GC Worker End (ms): Min: 67350.6, Avg: 67350.6, Max: 67350.6, Diff: 0.0]
   [Code Root Fixup: 0.0 ms]
   [Code Root Migration: 0.1 ms]
   [Clear CT: 0.4 ms]
   [Other: 0.7 ms]
      [Choose CSet: 0.0 ms]
      [Ref Proc: 0.1 ms]
      [Ref Enq: 0.0 ms]
      [Free CSet: 0.5 ms]
   [Eden: 850.0M(850.0M)->0.0B(852.0M) Survivors: 72.0M->70.0M Heap: 1051.2M(1538.0M)->198.7M(1538.0M)]
 [Times: user=0.25 sys=0.00, real=0.04 secs] 
67.352: Total time for which application threads were stopped: 0.0324420 seconds, Stopping threads took: 0.0000460 seconds
67.786: Application time: 0.4344680 seconds
67.787: [GC pause (young), 0.0317830 secs]
   [Parallel Time: 30.6 ms, GC Workers: 8]
      [GC Worker Start (ms): Min: 67786.5, Avg: 67786.6, Max: 67786.6, Diff: 0.1]
      [Ext Root Scanning (ms): Min: 0.7, Avg: 0.8, Max: 0.9, Diff: 0.2, Sum: 6.4]
      [Update RS (ms): Min: 0.2, Avg: 0.3, Max: 0.4, Diff: 0.2, Sum: 2.3]
         [Processed Buffers: Min: 1, Avg: 2.1, Max: 3, Diff: 2, Sum: 17]
      [Scan RS (ms): Min: 0.3, Avg: 0.4, Max: 0.4, Diff: 0.2, Sum: 2.9]
      [Code Root Scanning (ms): Min: 0.0, Avg: 0.0, Max: 0.0, Diff: 0.0, Sum: 0.0]
      [Object Copy (ms): Min: 28.9, Avg: 29.0, Max: 29.0, Diff: 0.1, Sum: 231.8]
      [Termination (ms): Min: 0.0, Avg: 0.0, Max: 0.0, Diff: 0.0, Sum: 0.0]
      [GC Worker Other (ms): Min: 0.0, Avg: 0.1, Max: 0.1, Diff: 0.0, Sum: 0.4]
      [GC Worker Total (ms): Min: 30.4, Avg: 30.5, Max: 30.5, Diff: 0.1, Sum: 243.9]
      [GC Worker End (ms): Min: 67817.0, Avg: 67817.1, Max: 67817.1, Diff: 0.0]
   [Code Root Fixup: 0.0 ms]
   [Code Root Migration: 0.1 ms]
   [Clear CT: 0.4 ms]
   [Other: 0.7 ms]
      [Choose CSet: 0.0 ms]
      [Ref Proc: 0.1 ms]
      [Ref Enq: 0.0 ms]
      [Free CSet: 0.6 ms]
   [Eden: 852.0M(852.0M)->0.0B(853.0M) Survivors: 70.0M->69.0M Heap: 1050.7M(1538.0M)->198.2M(1538.0M)]
 [Times: user=0.25 sys=0.00, real=0.03 secs] 
67.818: Total time for which application threads were stopped: 0.0319410 seconds, Stopping threads took: 0.0000150 seconds
68.254: Application time: 0.4356560 seconds
68.254: [GC pause (young), 0.0318160 secs]
   [Parallel Time: 30.6 ms, GC Workers: 8]
      [GC Worker Start (ms): Min: 68254.2, Avg: 68254.3, Max: 68255.4, Diff: 1.2]
      [Ext Root Scanning (ms): Min: 0.0, Avg: 0.7, Max: 0.8, Diff: 0.8, Sum: 5.4]
      [Update RS (ms): Min: 0.0, Avg: 0.3, Max: 0.4, Diff: 0.4, Sum: 2.2]
         [Processed Buffers: Min: 0, Avg: 2.1, Max: 4, Diff: 4, Sum: 17]
      [Scan RS (ms): Min: 0.3, Avg: 0.4, Max: 0.4, Diff: 0.1, Sum: 3.0]
      [Code Root Scanning (ms): Min: 0.0, Avg: 0.0, Max: 0.0, Diff: 0.0, Sum: 0.0]
      [Object Copy (ms): Min: 28.9, Avg: 29.0, Max: 29.0, Diff: 0.1, Sum: 231.7]
      [Termination (ms): Min: 0.0, Avg: 0.0, Max: 0.0, Diff: 0.0, Sum: 0.0]
      [GC Worker Other (ms): Min: 0.0, Avg: 0.1, Max: 0.1, Diff: 0.0, Sum: 0.4]
      [GC Worker Total (ms): Min: 29.3, Avg: 30.4, Max: 30.5, Diff: 1.2, Sum: 242.8]
      [GC Worker End (ms): Min: 68284.7, Avg: 68284.7, Max: 68284.7, Diff: 0.0]
   [Code Root Fixup: 0.0 ms]
   [Code Root Migration: 0.1 ms]
   [Clear CT: 0.4 ms]
   [Other: 0.7 ms]
      [Choose CSet: 0.0 ms]
      [Ref Proc: 0.1 ms]
      [Ref Enq: 0.0 ms]
      [Free CSet: 0.5 ms]
   [Eden: 853.0M(853.0M)->0.0B(855.0M) Survivors: 69.0M->67.0M Heap: 1051.2M(1538.0M)->196.2M(1538.0M)]
 [Times: user=0.25 sys=0.00, real=0.03 secs] 
68.286: Total time for which application threads were stopped: 0.0320150 seconds, Stopping threads took: 0.0000570 seconds
68.724: Application time: 0.4376500 seconds
68.724: [GC pause (young), 0.0323180 secs]
   [Parallel Time: 31.0 ms, GC Workers: 8]
      [GC Worker Start (ms): Min: 68723.8, Avg: 68723.9, Max: 68723.9, Diff: 0.1]
      [Ext Root Scanning (ms): Min: 0.7, Avg: 0.7, Max: 0.8, Diff: 0.1, Sum: 5.9]
      [Update RS (ms): Min: 0.1, Avg: 0.3, Max: 0.5, Diff: 0.3, Sum: 2.4]
         [Processed Buffers: Min: 1, Avg: 2.1, Max: 3, Diff: 2, Sum: 17]
      [Scan RS (ms): Min: 0.2, Avg: 0.3, Max: 0.4, Diff: 0.2, Sum: 2.8]
      [Code Root Scanning (ms): Min: 0.0, Avg: 0.0, Max: 0.0, Diff: 0.0, Sum: 0.0]
      [Object Copy (ms): Min: 29.5, Avg: 29.5, Max: 29.6, Diff: 0.1, Sum: 236.4]
      [Termination (ms): Min: 0.0, Avg: 0.0, Max: 0.0, Diff: 0.0, Sum: 0.0]
      [GC Worker Other (ms): Min: 0.0, Avg: 0.1, Max: 0.1, Diff: 0.0, Sum: 0.4]
      [GC Worker Total (ms): Min: 30.9, Avg: 31.0, Max: 31.0, Diff: 0.1, Sum: 247.8]
      [GC Worker End (ms): Min: 68754.8, Avg: 68754.8, Max: 68754.9, Diff: 0.0]
   [Code Root Fixup: 0.0 ms]
   [Code Root Migration: 0.1 ms]
   [Clear CT: 0.4 ms]
   [Other: 0.7 ms]
      [Choose CSet: 0.0 ms]
      [Ref Proc: 0.1 ms]
      [Ref Enq: 0.0 ms]
      [Free CSet: 0.5 ms]
   [Eden: 855.0M(855.0M)->0.0B(853.0M) Survivors: 67.0M->69.0M Heap: 1051.2M(1538.0M)->197.8M(1538.0M)]
 [Times: user=0.26 sys=0.00, real=0.03 secs] 
68.756: Total time for which application threads were stopped: 0.0324980 seconds, Stopping threads took: 0.0000400 seconds
69.197: Application time: 0.4409140 seconds
69.197: [GC pause (young), 0.0301650 secs]
   [Parallel Time: 29.0 ms, GC Workers: 8]
      [GC Worker Start (ms): Min: 69197.2, Avg: 69197.3, Max: 69197.3, Diff: 0.1]
      [Ext Root Scanning (ms): Min: 0.7, Avg: 0.8, Max: 0.8, Diff: 0.1, Sum: 6.1]
      [Update RS (ms): Min: 0.2, Avg: 0.3, Max: 0.4, Diff: 0.2, Sum: 2.4]
         [Processed Buffers: Min: 1, Avg: 2.1, Max: 3, Diff: 2, Sum: 17]
      [Scan RS (ms): Min: 0.2, Avg: 0.3, Max: 0.4, Diff: 0.2, Sum: 2.6]
      [Code Root Scanning (ms): Min: 0.0, Avg: 0.0, Max: 0.0, Diff: 0.0, Sum: 0.0]
      [Object Copy (ms): Min: 27.5, Avg: 27.5, Max: 27.5, Diff: 0.0, Sum: 219.8]
      [Termination (ms): Min: 0.0, Avg: 0.0, Max: 0.0, Diff: 0.0, Sum: 0.0]
      [GC Worker Other (ms): Min: 0.0, Avg: 0.1, Max: 0.1, Diff: 0.0, Sum: 0.4]
      [GC Worker Total (ms): Min: 28.9, Avg: 28.9, Max: 28.9, Diff: 0.0, Sum: 231.3]
      [GC Worker End (ms): Min: 69226.2, Avg: 69226.2, Max: 69226.2, Diff: 0.0]
   [Code Root Fixup: 0.0 ms]
   [Code Root Migration: 0.1 ms]
   [Clear CT: 0.4 ms]
   [Other: 0.7 ms]
      [Choose CSet: 0.0 ms]
      [Ref Proc: 0.1 ms]
      [Ref Enq: 0.0 ms]
      [Free CSet: 0.5 ms]
   [Eden: 853.0M(853.0M)->0.0B(855.0M) Survivors: 69.0M->67.0M Heap: 1050.8M(1538.0M)->195.8M(1538.0M)]
 [Times: user=0.23 sys=0.00, real=0.03 secs] 
69.229: Total time for which application threads were stopped: 0.0318600 seconds, Stopping threads took: 0.0000270 seconds
69.676: Application time: 0.4468320 seconds
69.676: [GC pause (young), 0.0331030 secs]
   [Parallel Time: 31.9 ms, GC Workers: 8]
      [GC Worker Start (ms): Min: 69676.0, Avg: 69676.0, Max: 69676.0, Diff: 0.1]
      [Ext Root Scanning (ms): Min: 0.7, Avg: 0.7, Max: 0.8, Diff: 0.1, Sum: 5.9]
      [Update RS (ms): Min: 0.2, Avg: 0.3, Max: 0.4, Diff: 0.2, Sum: 2.4]
         [Processed Buffers: Min: 1, Avg: 2.1, Max: 3, Diff: 2, Sum: 17]
      [Scan RS (ms): Min: 0.3, Avg: 0.4, Max: 0.4, Diff: 0.2, Sum: 2.9]
      [Code Root Scanning (ms): Min: 0.0, Avg: 0.0, Max: 0.0, Diff: 0.0, Sum: 0.0]
      [Object Copy (ms): Min: 30.1, Avg: 30.2, Max: 30.4, Diff: 0.3, Sum: 241.5]
      [Termination (ms): Min: 0.0, Avg: 0.2, Max: 0.3, Diff: 0.3, Sum: 2.0]
      [GC Worker Other (ms): Min: 0.0, Avg: 0.0, Max: 0.0, Diff: 0.0, Sum: 0.2]
      [GC Worker Total (ms): Min: 31.8, Avg: 31.9, Max: 31.9, Diff: 0.1, Sum: 254.9]
      [GC Worker End (ms): Min: 69707.8, Avg: 69707.8, Max: 69707.9, Diff: 0.0]
   [Code Root Fixup: 0.0 ms]
   [Code Root Migration: 0.1 ms]
   [Clear CT: 0.4 ms]
   [Other: 0.7 ms]
      [Choose CSet: 0.0 ms]
      [Ref Proc: 0.1 ms]
      [Ref Enq: 0.0 ms]
      [Free CSet: 0.5 ms]
   [Eden: 855.0M(855.0M)->0.0B(850.0M) Survivors: 67.0M->72.0M Heap: 1050.8M(1538.0M)->201.3M(1538.0M)]
 [Times: user=0.26 sys=0.00, real=0.03 secs] 
69.709: Total time for which application threads were stopped: 0.0332830 seconds, Stopping threads took: 0.0000550 seconds
70.157: Application time: 0.4481980 seconds
70.157: [GC pause (young), 0.0326290 secs]
   [Parallel Time: 31.4 ms, GC Workers: 8]
      [GC Worker Start (ms): Min: 70157.4, Avg: 70157.5, Max: 70157.5, Diff: 0.1]
      [Ext Root Scanning (ms): Min: 0.8, Avg: 0.8, Max: 0.9, Diff: 0.2, Sum: 6.6]
      [Update RS (ms): Min: 0.1, Avg: 0.3, Max: 0.4, Diff: 0.3, Sum: 2.3]
         [Processed Buffers: Min: 1, Avg: 2.1, Max: 4, Diff: 3, Sum: 17]
      [Scan RS (ms): Min: 0.2, Avg: 0.3, Max: 0.4, Diff: 0.2, Sum: 2.7]
      [Code Root Scanning (ms): Min: 0.0, Avg: 0.0, Max: 0.0, Diff: 0.0, Sum: 0.0]
      [Object Copy (ms): Min: 29.8, Avg: 29.8, Max: 29.8, Diff: 0.0, Sum: 238.6]
      [Termination (ms): Min: 0.0, Avg: 0.0, Max: 0.0, Diff: 0.0, Sum: 0.0]
      [GC Worker Other (ms): Min: 0.0, Avg: 0.0, Max: 0.1, Diff: 0.0, Sum: 0.4]
      [GC Worker Total (ms): Min: 31.3, Avg: 31.3, Max: 31.3, Diff: 0.1, Sum: 250.6]
      [GC Worker End (ms): Min: 70188.8, Avg: 70188.8, Max: 70188.8, Diff: 0.0]
   [Code Root Fixup: 0.0 ms]
   [Code Root Migration: 0.1 ms]
   [Clear CT: 0.4 ms]
   [Other: 0.7 ms]
      [Choose CSet: 0.0 ms]
      [Ref Proc: 0.1 ms]
      [Ref Enq: 0.0 ms]
      [Free CSet: 0.5 ms]
   [Eden: 850.0M(850.0M)->0.0B(852.0M) Survivors: 72.0M->70.0M Heap: 1051.3M(1538.0M)->198.8M(1538.0M)]
 [Times: user=0.26 sys=0.00, real=0.03 secs] 
70.190: Total time for which application threads were stopped: 0.0328260 seconds, Stopping threads took: 0.0000670 seconds
70.635: Application time: 0.4446260 seconds
70.635: [GC pause (young), 0.0324910 secs]
   [Parallel Time: 31.3 ms, GC Workers: 8]
      [GC Worker Start (ms): Min: 70634.9, Avg: 70635.0, Max: 70635.0, Diff: 0.1]
      [Ext Root Scanning (ms): Min: 0.7, Avg: 0.8, Max: 0.8, Diff: 0.2, Sum: 6.3]
      [Update RS (ms): Min: 0.2, Avg: 0.3, Max: 0.4, Diff: 0.2, Sum: 2.4]
         [Processed Buffers: Min: 1, Avg: 2.1, Max: 3, Diff: 2, Sum: 17]
      [Scan RS (ms): Min: 0.2, Avg: 0.3, Max: 0.4, Diff: 0.2, Sum: 2.7]
      [Code Root Scanning (ms): Min: 0.0, Avg: 0.0, Max: 0.0, Diff: 0.0, Sum: 0.0]
      [Object Copy (ms): Min: 29.7, Avg: 29.7, Max: 29.7, Diff: 0.0, Sum: 237.8]
      [Termination (ms): Min: 0.0, Avg: 0.0, Max: 0.0, Diff: 0.0, Sum: 0.0]
      [GC Worker Other (ms): Min: 0.0, Avg: 0.1, Max: 0.1, Diff: 0.0, Sum: 0.4]
      [GC Worker Total (ms): Min: 31.1, Avg: 31.2, Max: 31.2, Diff: 0.1, Sum: 249.7]
      [GC Worker End (ms): Min: 70666.1, Avg: 70666.2, Max: 70666.2, Diff: 0.0]
   [Code Root Fixup: 0.0 ms]
   [Code Root Migration: 0.1 ms]
   [Clear CT: 0.4 ms]
   [Other: 0.7 ms]
      [Choose CSet: 0.0 ms]
      [Ref Proc: 0.1 ms]
      [Ref Enq: 0.0 ms]
      [Free CSet: 0.5 ms]
   [Eden: 852.0M(852.0M)->0.0B(853.0M) Survivors: 70.0M->69.0M Heap: 1050.8M(1538.0M)->198.3M(1538.0M)]
 [Times: user=0.25 sys=0.00, real=0.03 secs] 
70.667: Total time for which application threads were stopped: 0.0327200 seconds, Stopping threads took: 0.0000740 seconds
71.109: Application time: 0.4416710 seconds
71.109: [GC pause (young), 0.0324410 secs]
   [Parallel Time: 31.2 ms, GC Workers: 8]
      [GC Worker Start (ms): Min: 71109.3, Avg: 71109.3, Max: 71109.3, Diff: 0.1]
      [Ext Root Scanning (ms): Min: 0.7, Avg: 0.8, Max: 0.8, Diff: 0.1, Sum: 6.2]
      [Update RS (ms): Min: 0.2, Avg: 0.3, Max: 0.4, Diff: 0.2, Sum: 2.3]
         [Processed Buffers: Min: 1, Avg: 2.1, Max: 3, Diff: 2, Sum: 17]
      [Scan RS (ms): Min: 0.2, Avg: 0.3, Max: 0.4, Diff: 0.2, Sum: 2.8]
      [Code Root Scanning (ms): Min: 0.0, Avg: 0.0, Max: 0.0, Diff: 0.0, Sum: 0.0]
      [Object Copy (ms): Min: 29.7, Avg: 29.7, Max: 29.7, Diff: 0.0, Sum: 237.4]
      [Termination (ms): Min: 0.0, Avg: 0.0, Max: 0.0, Diff: 0.0, Sum: 0.0]
      [GC Worker Other (ms): Min: 0.0, Avg: 0.1, Max: 0.1, Diff: 0.1, Sum: 0.4]
      [GC Worker Total (ms): Min: 31.1, Avg: 31.1, Max: 31.2, Diff: 0.1, Sum: 249.2]
      [GC Worker End (ms): Min: 71140.4, Avg: 71140.4, Max: 71140.5, Diff: 0.0]
   [Code Root Fixup: 0.0 ms]
   [Code Root Migration: 0.1 ms]
   [Clear CT: 0.4 ms]
   [Other: 0.7 ms]
      [Choose CSet: 0.0 ms]
      [Ref Proc: 0.1 ms]
      [Ref Enq: 0.0 ms]
      [Free CSet: 0.5 ms]
   [Eden: 853.0M(853.0M)->0.0B(852.0M) Survivors: 69.0M->70.0M Heap: 1051.3M(1538.0M)->198.8M(1538.0M)]
 [Times: user=0.25 sys=0.00, real=0.03 secs] 
71.142: Total time for which application threads were stopped: 0.0326100 seconds, Stopping threads took: 0.0000320 seconds
71.580: Application time: 0.4386170 seconds
71.580: [GC pause (young), 0.0312860 secs]
   [Parallel Time: 30.1 ms, GC Workers: 8]
      [GC Worker Start (ms): Min: 71580.5, Avg: 71580.5, Max: 71580.6, Diff: 0.1]
      [Ext Root Scanning (ms): Min: 0.7, Avg: 0.8, Max: 0.8, Diff: 0.1, Sum: 6.3]
      [Update RS (ms): Min: 0.2, Avg: 0.3, Max: 0.4, Diff: 0.2, Sum: 2.4]
         [Processed Buffers: Min: 1, Avg: 2.1, Max: 3, Diff: 2, Sum: 17]
      [Scan RS (ms): Min: 0.2, Avg: 0.3, Max: 0.4, Diff: 0.2, Sum: 2.6]
      [Code Root Scanning (ms): Min: 0.0, Avg: 0.0, Max: 0.0, Diff: 0.0, Sum: 0.0]
      [Object Copy (ms): Min: 28.5, Avg: 28.5, Max: 28.6, Diff: 0.0, Sum: 228.4]
      [Termination (ms): Min: 0.0, Avg: 0.0, Max: 0.0, Diff: 0.0, Sum: 0.0]
      [GC Worker Other (ms): Min: 0.0, Avg: 0.1, Max: 0.1, Diff: 0.0, Sum: 0.4]
      [GC Worker Total (ms): Min: 30.0, Avg: 30.0, Max: 30.1, Diff: 0.1, Sum: 240.2]
      [GC Worker End (ms): Min: 71610.5, Avg: 71610.6, Max: 71610.6, Diff: 0.0]
   [Code Root Fixup: 0.1 ms]
   [Code Root Migration: 0.1 ms]
   [Clear CT: 0.4 ms]
   [Other: 0.7 ms]
      [Choose CSet: 0.0 ms]
      [Ref Proc: 0.1 ms]
      [Ref Enq: 0.0 ms]
      [Free CSet: 0.5 ms]
   [Eden: 852.0M(852.0M)->0.0B(853.0M) Survivors: 70.0M->69.0M Heap: 1050.8M(1538.0M)->197.8M(1538.0M)]
 [Times: user=0.25 sys=0.00, real=0.04 secs] 
71.612: Total time for which application threads were stopped: 0.0314680 seconds, Stopping threads took: 0.0000300 seconds
72.049: Application time: 0.4375720 seconds
72.050: [GC pause (young), 0.0331250 secs]
   [Parallel Time: 31.9 ms, GC Workers: 8]
      [GC Worker Start (ms): Min: 72049.6, Avg: 72049.8, Max: 72051.4, Diff: 1.8]
      [Ext Root Scanning (ms): Min: 0.0, Avg: 0.7, Max: 0.8, Diff: 0.8, Sum: 5.3]
      [Update RS (ms): Min: 0.0, Avg: 0.3, Max: 0.4, Diff: 0.4, Sum: 2.3]
         [Processed Buffers: Min: 0, Avg: 2.1, Max: 4, Diff: 4, Sum: 17]
      [Scan RS (ms): Min: 0.0, Avg: 0.3, Max: 0.4, Diff: 0.4, Sum: 2.6]
      [Code Root Scanning (ms): Min: 0.0, Avg: 0.0, Max: 0.0, Diff: 0.0, Sum: 0.0]
      [Object Copy (ms): Min: 30.0, Avg: 30.3, Max: 30.4, Diff: 0.4, Sum: 242.5]
      [Termination (ms): Min: 0.0, Avg: 0.0, Max: 0.0, Diff: 0.0, Sum: 0.0]
      [GC Worker Other (ms): Min: 0.0, Avg: 0.1, Max: 0.1, Diff: 0.0, Sum: 0.5]
      [GC Worker Total (ms): Min: 30.1, Avg: 31.6, Max: 31.9, Diff: 1.8, Sum: 253.1]
      [GC Worker End (ms): Min: 72081.4, Avg: 72081.4, Max: 72081.5, Diff: 0.0]
   [Code Root Fixup: 0.1 ms]
   [Code Root Migration: 0.1 ms]
   [Clear CT: 0.4 ms]
   [Other: 0.7 ms]
      [Choose CSet: 0.0 ms]
      [Ref Proc: 0.1 ms]
      [Ref Enq: 0.0 ms]
      [Free CSet: 0.5 ms]
   [Eden: 853.0M(853.0M)->0.0B(852.0M) Survivors: 69.0M->70.0M Heap: 1050.8M(1538.0M)->198.8M(1538.0M)]
 [Times: user=0.25 sys=0.00, real=0.03 secs] 
72.083: Total time for which application threads were stopped: 0.0333150 seconds, Stopping threads took: 0.0000460 seconds
72.516: Application time: 0.4330820 seconds
72.516: [GC pause (young), 0.0335700 secs]
   [Parallel Time: 32.3 ms, GC Workers: 8]
      [GC Worker Start (ms): Min: 72516.0, Avg: 72516.4, Max: 72519.4, Diff: 3.4]
      [Ext Root Scanning (ms): Min: 0.0, Avg: 0.7, Max: 0.9, Diff: 0.8, Sum: 5.5]
      [Update RS (ms): Min: 0.0, Avg: 0.3, Max: 0.4, Diff: 0.4, Sum: 2.2]
         [Processed Buffers: Min: 0, Avg: 2.1, Max: 4, Diff: 4, Sum: 17]
      [Scan RS (ms): Min: 0.2, Avg: 0.4, Max: 0.4, Diff: 0.3, Sum: 2.8]
      [Code Root Scanning (ms): Min: 0.0, Avg: 0.0, Max: 0.0, Diff: 0.0, Sum: 0.0]
      [Object Copy (ms): Min: 28.6, Avg: 30.5, Max: 30.8, Diff: 2.2, Sum: 243.7]
      [Termination (ms): Min: 0.0, Avg: 0.0, Max: 0.0, Diff: 0.0, Sum: 0.0]
      [GC Worker Other (ms): Min: 0.0, Avg: 0.1, Max: 0.1, Diff: 0.0, Sum: 0.4]
      [GC Worker Total (ms): Min: 28.8, Avg: 31.8, Max: 32.3, Diff: 3.4, Sum: 254.6]
      [GC Worker End (ms): Min: 72548.2, Avg: 72548.3, Max: 72548.3, Diff: 0.0]
   [Code Root Fixup: 0.0 ms]
   [Code Root Migration: 0.1 ms]
   [Clear CT: 0.4 ms]
   [Other: 0.7 ms]
      [Choose CSet: 0.0 ms]
      [Ref Proc: 0.1 ms]
      [Ref Enq: 0.0 ms]
      [Free CSet: 0.5 ms]
   [Eden: 852.0M(852.0M)->0.0B(850.0M) Survivors: 70.0M->72.0M Heap: 1050.8M(1538.0M)->200.8M(1538.0M)]
 [Times: user=0.26 sys=0.00, real=0.03 secs] 
72.550: Total time for which application threads were stopped: 0.0337940 seconds, Stopping threads took: 0.0000790 seconds
72.982: Application time: 0.4326770 seconds
72.982: [GC pause (young), 0.0325940 secs]
   [Parallel Time: 31.4 ms, GC Workers: 8]
      [GC Worker Start (ms): Min: 72982.5, Avg: 72982.5, Max: 72982.6, Diff: 0.1]
      [Ext Root Scanning (ms): Min: 0.7, Avg: 0.8, Max: 0.8, Diff: 0.1, Sum: 6.1]
      [Update RS (ms): Min: 0.2, Avg: 0.3, Max: 0.4, Diff: 0.2, Sum: 2.4]
         [Processed Buffers: Min: 1, Avg: 2.1, Max: 3, Diff: 2, Sum: 17]
      [Scan RS (ms): Min: 0.2, Avg: 0.3, Max: 0.4, Diff: 0.2, Sum: 2.6]
      [Code Root Scanning (ms): Min: 0.0, Avg: 0.0, Max: 0.0, Diff: 0.0, Sum: 0.0]
      [Object Copy (ms): Min: 29.9, Avg: 29.9, Max: 29.9, Diff: 0.1, Sum: 239.1]
      [Termination (ms): Min: 0.0, Avg: 0.0, Max: 0.0, Diff: 0.0, Sum: 0.0]
      [GC Worker Other (ms): Min: 0.0, Avg: 0.1, Max: 0.1, Diff: 0.0, Sum: 0.4]
      [GC Worker Total (ms): Min: 31.3, Avg: 31.3, Max: 31.4, Diff: 0.1, Sum: 250.6]
      [GC Worker End (ms): Min: 73013.8, Avg: 73013.9, Max: 73013.9, Diff: 0.0]
   [Code Root Fixup: 0.0 ms]
   [Code Root Migration: 0.1 ms]
   [Clear CT: 0.4 ms]
   [Other: 0.7 ms]
      [Choose CSet: 0.0 ms]
      [Ref Proc: 0.1 ms]
      [Ref Enq: 0.0 ms]
      [Free CSet: 0.5 ms]
   [Eden: 850.0M(850.0M)->0.0B(853.0M) Survivors: 72.0M->69.0M Heap: 1050.8M(1538.0M)->198.4M(1538.0M)]
 [Times: user=0.26 sys=0.00, real=0.04 secs] 
73.015: Total time for which application threads were stopped: 0.0328500 seconds, Stopping threads took: 0.0001230 seconds
73.448: Application time: 0.4332690 seconds
73.449: [GC pause (young), 0.0301970 secs]
   [Parallel Time: 29.0 ms, GC Workers: 8]
      [GC Worker Start (ms): Min: 73448.5, Avg: 73448.6, Max: 73448.6, Diff: 0.1]
      [Ext Root Scanning (ms): Min: 0.7, Avg: 0.8, Max: 0.9, Diff: 0.1, Sum: 6.2]
      [Update RS (ms): Min: 0.2, Avg: 0.3, Max: 0.4, Diff: 0.2, Sum: 2.4]
         [Processed Buffers: Min: 1, Avg: 2.1, Max: 3, Diff: 2, Sum: 17]
      [Scan RS (ms): Min: 0.2, Avg: 0.3, Max: 0.4, Diff: 0.2, Sum: 2.6]
      [Code Root Scanning (ms): Min: 0.0, Avg: 0.0, Max: 0.0, Diff: 0.0, Sum: 0.0]
      [Object Copy (ms): Min: 27.4, Avg: 27.4, Max: 27.5, Diff: 0.0, Sum: 219.5]
      [Termination (ms): Min: 0.0, Avg: 0.0, Max: 0.0, Diff: 0.0, Sum: 0.0]
      [GC Worker Other (ms): Min: 0.0, Avg: 0.1, Max: 0.1, Diff: 0.0, Sum: 0.4]
      [GC Worker Total (ms): Min: 28.9, Avg: 28.9, Max: 28.9, Diff: 0.1, Sum: 231.2]
      [GC Worker End (ms): Min: 73477.4, Avg: 73477.5, Max: 73477.5, Diff: 0.0]
   [Code Root Fixup: 0.0 ms]
   [Code Root Migration: 0.1 ms]
   [Clear CT: 0.4 ms]
   [Other: 0.7 ms]
      [Choose CSet: 0.0 ms]
      [Ref Proc: 0.1 ms]
      [Ref Enq: 0.0 ms]
      [Free CSet: 0.5 ms]
   [Eden: 853.0M(853.0M)->0.0B(856.0M) Survivors: 69.0M->66.0M Heap: 1051.4M(1538.0M)->194.9M(1538.0M)]
 [Times: user=0.24 sys=0.00, real=0.03 secs] 
73.479: Total time for which application threads were stopped: 0.0303800 seconds, Stopping threads took: 0.0000250 seconds
73.916: Application time: 0.4376690 seconds
73.917: [GC pause (young), 0.0325070 secs]
   [Parallel Time: 31.3 ms, GC Workers: 8]
      [GC Worker Start (ms): Min: 73916.6, Avg: 73916.6, Max: 73916.7, Diff: 0.1]
      [Ext Root Scanning (ms): Min: 0.7, Avg: 0.8, Max: 0.8, Diff: 0.1, Sum: 6.2]
      [Update RS (ms): Min: 0.2, Avg: 0.3, Max: 0.4, Diff: 0.2, Sum: 2.4]
         [Processed Buffers: Min: 1, Avg: 2.1, Max: 3, Diff: 2, Sum: 17]
      [Scan RS (ms): Min: 0.2, Avg: 0.3, Max: 0.4, Diff: 0.2, Sum: 2.7]
      [Code Root Scanning (ms): Min: 0.0, Avg: 0.0, Max: 0.0, Diff: 0.0, Sum: 0.0]
      [Object Copy (ms): Min: 29.8, Avg: 29.8, Max: 29.8, Diff: 0.0, Sum: 238.6]
      [Termination (ms): Min: 0.0, Avg: 0.0, Max: 0.0, Diff: 0.0, Sum: 0.0]
      [GC Worker Other (ms): Min: 0.0, Avg: 0.0, Max: 0.1, Diff: 0.0, Sum: 0.3]
      [GC Worker Total (ms): Min: 31.2, Avg: 31.3, Max: 31.3, Diff: 0.1, Sum: 250.2]
      [GC Worker End (ms): Min: 73947.9, Avg: 73947.9, Max: 73947.9, Diff: 0.0]
   [Code Root Fixup: 0.0 ms]
   [Code Root Migration: 0.1 ms]
   [Clear CT: 0.4 ms]
   [Other: 0.6 ms]
      [Choose CSet: 0.0 ms]
      [Ref Proc: 0.1 ms]
      [Ref Enq: 0.0 ms]
      [Free CSet: 0.5 ms]
   [Eden: 856.0M(856.0M)->0.0B(851.0M) Survivors: 66.0M->71.0M Heap: 1050.9M(1538.0M)->200.4M(1538.0M)]
 [Times: user=0.26 sys=0.00, real=0.03 secs] 
73.949: Total time for which application threads were stopped: 0.0326880 seconds, Stopping threads took: 0.0000500 seconds
74.388: Application time: 0.4386740 seconds
74.388: [GC pause (young), 0.0321680 secs]
   [Parallel Time: 30.9 ms, GC Workers: 8]
      [GC Worker Start (ms): Min: 74388.0, Avg: 74388.0, Max: 74388.0, Diff: 0.1]
      [Ext Root Scanning (ms): Min: 0.7, Avg: 0.8, Max: 0.8, Diff: 0.1, Sum: 6.0]
      [Update RS (ms): Min: 0.2, Avg: 0.3, Max: 0.4, Diff: 0.2, Sum: 2.4]
         [Processed Buffers: Min: 1, Avg: 2.1, Max: 3, Diff: 2, Sum: 17]
      [Scan RS (ms): Min: 0.2, Avg: 0.3, Max: 0.4, Diff: 0.2, Sum: 2.6]
      [Code Root Scanning (ms): Min: 0.0, Avg: 0.0, Max: 0.0, Diff: 0.0, Sum: 0.0]
      [Object Copy (ms): Min: 29.4, Avg: 29.4, Max: 29.5, Diff: 0.0, Sum: 235.5]
      [Termination (ms): Min: 0.0, Avg: 0.0, Max: 0.0, Diff: 0.0, Sum: 0.0]
      [GC Worker Other (ms): Min: 0.0, Avg: 0.1, Max: 0.1, Diff: 0.0, Sum: 0.5]
      [GC Worker Total (ms): Min: 30.8, Avg: 30.9, Max: 30.9, Diff: 0.1, Sum: 247.0]
      [GC Worker End (ms): Min: 74418.9, Avg: 74418.9, Max: 74418.9, Diff: 0.0]
   [Code Root Fixup: 0.0 ms]
   [Code Root Migration: 0.1 ms]
   [Clear CT: 0.4 ms]
   [Other: 0.7 ms]
      [Choose CSet: 0.0 ms]
      [Ref Proc: 0.1 ms]
      [Ref Enq: 0.0 ms]
      [Free CSet: 0.5 ms]
   [Eden: 851.0M(851.0M)->0.0B(852.0M) Survivors: 71.0M->70.0M Heap: 1051.4M(1538.0M)->199.4M(1538.0M)]
 [Times: user=0.25 sys=0.00, real=0.03 secs] 
74.420: Total time for which application threads were stopped: 0.0323790 seconds, Stopping threads took: 0.0000560 seconds
74.869: Application time: 0.4485660 seconds
74.869: [GC pause (young), 0.0339200 secs]
   [Parallel Time: 32.7 ms, GC Workers: 8]
      [GC Worker Start (ms): Min: 74868.9, Avg: 74868.9, Max: 74869.0, Diff: 0.1]
      [Ext Root Scanning (ms): Min: 0.7, Avg: 0.7, Max: 0.8, Diff: 0.1, Sum: 5.8]
      [Update RS (ms): Min: 0.2, Avg: 0.3, Max: 0.4, Diff: 0.2, Sum: 2.4]
         [Processed Buffers: Min: 1, Avg: 2.1, Max: 3, Diff: 2, Sum: 17]
      [Scan RS (ms): Min: 0.2, Avg: 0.4, Max: 0.4, Diff: 0.2, Sum: 2.8]
      [Code Root Scanning (ms): Min: 0.0, Avg: 0.0, Max: 0.0, Diff: 0.0, Sum: 0.0]
      [Object Copy (ms): Min: 31.2, Avg: 31.2, Max: 31.3, Diff: 0.1, Sum: 249.6]
      [Termination (ms): Min: 0.0, Avg: 0.0, Max: 0.0, Diff: 0.0, Sum: 0.0]
      [GC Worker Other (ms): Min: 0.0, Avg: 0.1, Max: 0.1, Diff: 0.0, Sum: 0.4]
      [GC Worker Total (ms): Min: 32.6, Avg: 32.6, Max: 32.7, Diff: 0.1, Sum: 261.1]
      [GC Worker End (ms): Min: 74901.6, Avg: 74901.6, Max: 74901.6, Diff: 0.0]
   [Code Root Fixup: 0.0 ms]
   [Code Root Migration: 0.1 ms]
   [Clear CT: 0.4 ms]
   [Other: 0.7 ms]
      [Choose CSet: 0.0 ms]
      [Ref Proc: 0.1 ms]
      [Ref Enq: 0.0 ms]
      [Free CSet: 0.5 ms]
   [Eden: 852.0M(852.0M)->0.0B(850.0M) Survivors: 70.0M->72.0M Heap: 1051.4M(1538.0M)->200.9M(1538.0M)]
 [Times: user=0.26 sys=0.00, real=0.03 secs] 
74.903: Total time for which application threads were stopped: 0.0341050 seconds, Stopping threads took: 0.0000490 seconds
75.349: Application time: 0.4465970 seconds
75.350: [GC pause (young), 0.0334790 secs]
   [Parallel Time: 32.1 ms, GC Workers: 8]
      [GC Worker Start (ms): Min: 75349.6, Avg: 75349.7, Max: 75349.7, Diff: 0.1]
      [Ext Root Scanning (ms): Min: 0.6, Avg: 0.7, Max: 0.8, Diff: 0.2, Sum: 5.9]
      [Update RS (ms): Min: 0.2, Avg: 0.3, Max: 0.4, Diff: 0.2, Sum: 2.4]
         [Processed Buffers: Min: 1, Avg: 2.1, Max: 3, Diff: 2, Sum: 17]
      [Scan RS (ms): Min: 0.2, Avg: 0.3, Max: 0.4, Diff: 0.2, Sum: 2.8]
      [Code Root Scanning (ms): Min: 0.0, Avg: 0.0, Max: 0.0, Diff: 0.0, Sum: 0.0]
      [Object Copy (ms): Min: 30.6, Avg: 30.6, Max: 30.7, Diff: 0.1, Sum: 245.0]
      [Termination (ms): Min: 0.0, Avg: 0.0, Max: 0.0, Diff: 0.0, Sum: 0.0]
      [GC Worker Other (ms): Min: 0.0, Avg: 0.1, Max: 0.1, Diff: 0.0, Sum: 0.4]
      [GC Worker Total (ms): Min: 32.0, Avg: 32.1, Max: 32.1, Diff: 0.1, Sum: 256.6]
      [GC Worker End (ms): Min: 75381.7, Avg: 75381.7, Max: 75381.8, Diff: 0.0]
   [Code Root Fixup: 0.0 ms]
   [Code Root Migration: 0.1 ms]
   [Clear CT: 0.4 ms]
   [Other: 0.7 ms]
      [Choose CSet: 0.0 ms]
      [Ref Proc: 0.1 ms]
      [Ref Enq: 0.0 ms]
      [Free CSet: 0.6 ms]
   [Eden: 850.0M(850.0M)->0.0B(852.0M) Survivors: 72.0M->70.0M Heap: 1050.9M(1538.0M)->199.4M(1538.0M)]
 [Times: user=0.26 sys=0.00, real=0.03 secs] 
75.383: Total time for which application threads were stopped: 0.0336850 seconds, Stopping threads took: 0.0000620 seconds
75.826: Application time: 0.4429420 seconds
75.826: [GC pause (young), 0.0341770 secs]
   [Parallel Time: 32.9 ms, GC Workers: 8]
      [GC Worker Start (ms): Min: 75826.3, Avg: 75826.3, Max: 75826.3, Diff: 0.1]
      [Ext Root Scanning (ms): Min: 0.6, Avg: 0.7, Max: 0.7, Diff: 0.1, Sum: 5.6]
      [Update RS (ms): Min: 0.2, Avg: 0.3, Max: 0.4, Diff: 0.2, Sum: 2.5]
         [Processed Buffers: Min: 1, Avg: 2.1, Max: 4, Diff: 3, Sum: 17]
      [Scan RS (ms): Min: 0.2, Avg: 0.3, Max: 0.5, Diff: 0.2, Sum: 2.7]
      [Code Root Scanning (ms): Min: 0.0, Avg: 0.0, Max: 0.0, Diff: 0.0, Sum: 0.0]
      [Object Copy (ms): Min: 31.3, Avg: 31.4, Max: 31.4, Diff: 0.0, Sum: 250.9]
      [Termination (ms): Min: 0.0, Avg: 0.0, Max: 0.0, Diff: 0.0, Sum: 0.0]
      [GC Worker Other (ms): Min: 0.0, Avg: 0.1, Max: 0.1, Diff: 0.0, Sum: 0.5]
      [GC Worker Total (ms): Min: 32.7, Avg: 32.8, Max: 32.8, Diff: 0.1, Sum: 262.3]
      [GC Worker End (ms): Min: 75859.1, Avg: 75859.1, Max: 75859.1, Diff: 0.0]
   [Code Root Fixup: 0.1 ms]
   [Code Root Migration: 0.1 ms]
   [Clear CT: 0.4 ms]
   [Other: 0.7 ms]
      [Choose CSet: 0.0 ms]
      [Ref Proc: 0.1 ms]
      [Ref Enq: 0.0 ms]
      [Free CSet: 0.6 ms]
   [Eden: 852.0M(852.0M)->0.0B(853.0M) Survivors: 70.0M->69.0M Heap: 1051.4M(1538.0M)->198.4M(1538.0M)]
 [Times: user=0.27 sys=0.00, real=0.03 secs] 
75.861: Total time for which application threads were stopped: 0.0343850 seconds, Stopping threads took: 0.0000660 seconds
76.302: Application time: 0.4410560 seconds
76.302: [GC pause (young), 0.0318090 secs]
   [Parallel Time: 30.6 ms, GC Workers: 8]
      [GC Worker Start (ms): Min: 76301.7, Avg: 76301.7, Max: 76301.8, Diff: 0.1]
      [Ext Root Scanning (ms): Min: 0.7, Avg: 0.7, Max: 0.8, Diff: 0.1, Sum: 6.0]
      [Update RS (ms): Min: 0.2, Avg: 0.3, Max: 0.4, Diff: 0.2, Sum: 2.4]
         [Processed Buffers: Min: 1, Avg: 2.1, Max: 4, Diff: 3, Sum: 17]
      [Scan RS (ms): Min: 0.3, Avg: 0.4, Max: 0.5, Diff: 0.2, Sum: 2.9]
      [Code Root Scanning (ms): Min: 0.0, Avg: 0.0, Max: 0.0, Diff: 0.0, Sum: 0.0]
      [Object Copy (ms): Min: 29.0, Avg: 29.1, Max: 29.1, Diff: 0.1, Sum: 232.5]
      [Termination (ms): Min: 0.0, Avg: 0.0, Max: 0.0, Diff: 0.0, Sum: 0.0]
      [GC Worker Other (ms): Min: 0.0, Avg: 0.0, Max: 0.1, Diff: 0.0, Sum: 0.4]
      [GC Worker Total (ms): Min: 30.5, Avg: 30.5, Max: 30.5, Diff: 0.1, Sum: 244.2]
      [GC Worker End (ms): Min: 76332.2, Avg: 76332.3, Max: 76332.3, Diff: 0.0]
   [Code Root Fixup: 0.0 ms]
   [Code Root Migration: 0.1 ms]
   [Clear CT: 0.4 ms]
   [Other: 0.7 ms]
      [Choose CSet: 0.0 ms]
      [Ref Proc: 0.1 ms]
      [Ref Enq: 0.0 ms]
      [Free CSet: 0.5 ms]
   [Eden: 853.0M(853.0M)->0.0B(853.0M) Survivors: 69.0M->69.0M Heap: 1051.4M(1538.0M)->198.4M(1538.0M)]
 [Times: user=0.25 sys=0.00, real=0.04 secs] 
76.334: Total time for which application threads were stopped: 0.0320150 seconds, Stopping threads took: 0.0000580 seconds
76.773: Application time: 0.4394050 seconds
76.773: [GC pause (young), 0.0324210 secs]
   [Parallel Time: 31.2 ms, GC Workers: 8]
      [GC Worker Start (ms): Min: 76773.1, Avg: 76773.1, Max: 76773.2, Diff: 0.1]
      [Ext Root Scanning (ms): Min: 0.7, Avg: 0.8, Max: 0.9, Diff: 0.1, Sum: 6.4]
      [Update RS (ms): Min: 0.2, Avg: 0.3, Max: 0.4, Diff: 0.2, Sum: 2.4]
         [Processed Buffers: Min: 1, Avg: 2.1, Max: 3, Diff: 2, Sum: 17]
      [Scan RS (ms): Min: 0.2, Avg: 0.3, Max: 0.4, Diff: 0.2, Sum: 2.7]
      [Code Root Scanning (ms): Min: 0.0, Avg: 0.0, Max: 0.0, Diff: 0.0, Sum: 0.0]
      [Object Copy (ms): Min: 29.7, Avg: 29.7, Max: 29.7, Diff: 0.0, Sum: 237.3]
      [Termination (ms): Min: 0.0, Avg: 0.0, Max: 0.0, Diff: 0.0, Sum: 0.0]
      [GC Worker Other (ms): Min: 0.0, Avg: 0.0, Max: 0.1, Diff: 0.0, Sum: 0.4]
      [GC Worker Total (ms): Min: 31.1, Avg: 31.2, Max: 31.2, Diff: 0.1, Sum: 249.2]
      [GC Worker End (ms): Min: 76804.3, Avg: 76804.3, Max: 76804.3, Diff: 0.0]
   [Code Root Fixup: 0.1 ms]
   [Code Root Migration: 0.1 ms]
   [Clear CT: 0.4 ms]
   [Other: 0.7 ms]
      [Choose CSet: 0.0 ms]
      [Ref Proc: 0.1 ms]
      [Ref Enq: 0.0 ms]
      [Free CSet: 0.5 ms]
   [Eden: 853.0M(853.0M)->0.0B(852.0M) Survivors: 69.0M->70.0M Heap: 1051.4M(1538.0M)->199.4M(1538.0M)]
 [Times: user=0.25 sys=0.00, real=0.03 secs] 
76.806: Total time for which application threads were stopped: 0.0325840 seconds, Stopping threads took: 0.0000260 seconds
77.239: Application time: 0.4333560 seconds
77.239: [GC pause (young), 0.0330750 secs]
   [Parallel Time: 31.8 ms, GC Workers: 8]
      [GC Worker Start (ms): Min: 77239.1, Avg: 77239.1, Max: 77239.1, Diff: 0.1]
      [Ext Root Scanning (ms): Min: 0.7, Avg: 0.8, Max: 0.8, Diff: 0.1, Sum: 6.2]
      [Update RS (ms): Min: 0.2, Avg: 0.3, Max: 0.4, Diff: 0.2, Sum: 2.4]
         [Processed Buffers: Min: 1, Avg: 2.1, Max: 3, Diff: 2, Sum: 17]
      [Scan RS (ms): Min: 0.3, Avg: 0.4, Max: 0.5, Diff: 0.2, Sum: 3.0]
      [Code Root Scanning (ms): Min: 0.0, Avg: 0.0, Max: 0.0, Diff: 0.0, Sum: 0.0]
      [Object Copy (ms): Min: 30.2, Avg: 30.2, Max: 30.3, Diff: 0.1, Sum: 241.7]
      [Termination (ms): Min: 0.0, Avg: 0.0, Max: 0.0, Diff: 0.0, Sum: 0.0]
      [GC Worker Other (ms): Min: 0.0, Avg: 0.1, Max: 0.1, Diff: 0.0, Sum: 0.5]
      [GC Worker Total (ms): Min: 31.7, Avg: 31.7, Max: 31.8, Diff: 0.1, Sum: 253.7]
      [GC Worker End (ms): Min: 77270.8, Avg: 77270.8, Max: 77270.8, Diff: 0.0]
   [Code Root Fixup: 0.0 ms]
   [Code Root Migration: 0.1 ms]
   [Clear CT: 0.4 ms]
   [Other: 0.7 ms]
      [Choose CSet: 0.0 ms]
      [Ref Proc: 0.1 ms]
      [Ref Enq: 0.0 ms]
      [Free CSet: 0.5 ms]
   [Eden: 852.0M(852.0M)->0.0B(852.0M) Survivors: 70.0M->70.0M Heap: 1051.4M(1538.0M)->199.0M(1538.0M)]
 [Times: user=0.26 sys=0.00, real=0.04 secs] 
77.272: Total time for which application threads were stopped: 0.0332620 seconds, Stopping threads took: 0.0000280 seconds
77.706: Application time: 0.4339520 seconds
77.706: [GC pause (young), 0.0326120 secs]
   [Parallel Time: 31.4 ms, GC Workers: 8]
      [GC Worker Start (ms): Min: 77706.2, Avg: 77706.4, Max: 77707.3, Diff: 1.1]
      [Ext Root Scanning (ms): Min: 0.0, Avg: 0.6, Max: 0.8, Diff: 0.8, Sum: 5.2]
      [Update RS (ms): Min: 0.0, Avg: 0.3, Max: 0.5, Diff: 0.5, Sum: 2.5]
         [Processed Buffers: Min: 0, Avg: 2.1, Max: 3, Diff: 3, Sum: 17]
      [Scan RS (ms): Min: 0.2, Avg: 0.4, Max: 0.5, Diff: 0.2, Sum: 2.9]
      [Code Root Scanning (ms): Min: 0.0, Avg: 0.0, Max: 0.0, Diff: 0.0, Sum: 0.0]
      [Object Copy (ms): Min: 29.8, Avg: 29.8, Max: 29.9, Diff: 0.1, Sum: 238.5]
      [Termination (ms): Min: 0.0, Avg: 0.0, Max: 0.0, Diff: 0.0, Sum: 0.0]
      [GC Worker Other (ms): Min: 0.0, Avg: 0.1, Max: 0.1, Diff: 0.0, Sum: 0.5]
      [GC Worker Total (ms): Min: 30.3, Avg: 31.2, Max: 31.4, Diff: 1.1, Sum: 249.6]
      [GC Worker End (ms): Min: 77737.6, Avg: 77737.6, Max: 77737.6, Diff: 0.0]
   [Code Root Fixup: 0.0 ms]
   [Code Root Migration: 0.1 ms]
   [Clear CT: 0.4 ms]
   [Other: 0.7 ms]
      [Choose CSet: 0.0 ms]
      [Ref Proc: 0.1 ms]
      [Ref Enq: 0.0 ms]
      [Free CSet: 0.5 ms]
   [Eden: 852.0M(852.0M)->0.0B(852.0M) Survivors: 70.0M->70.0M Heap: 1051.0M(1538.0M)->199.0M(1538.0M)]
 [Times: user=0.25 sys=0.00, real=0.03 secs] 
77.739: Total time for which application threads were stopped: 0.0327630 seconds, Stopping threads took: 0.0000150 seconds
78.172: Application time: 0.4332470 seconds
78.172: [GC pause (young), 0.0326240 secs]
   [Parallel Time: 31.3 ms, GC Workers: 8]
      [GC Worker Start (ms): Min: 78172.3, Avg: 78172.3, Max: 78172.4, Diff: 0.1]
      [Ext Root Scanning (ms): Min: 0.7, Avg: 0.7, Max: 0.8, Diff: 0.1, Sum: 6.0]
      [Update RS (ms): Min: 0.2, Avg: 0.3, Max: 0.4, Diff: 0.2, Sum: 2.4]
         [Processed Buffers: Min: 1, Avg: 2.1, Max: 4, Diff: 3, Sum: 17]
      [Scan RS (ms): Min: 0.2, Avg: 0.4, Max: 0.5, Diff: 0.2, Sum: 2.8]
      [Code Root Scanning (ms): Min: 0.0, Avg: 0.0, Max: 0.0, Diff: 0.0, Sum: 0.0]
      [Object Copy (ms): Min: 29.8, Avg: 29.8, Max: 29.9, Diff: 0.1, Sum: 238.6]
      [Termination (ms): Min: 0.0, Avg: 0.0, Max: 0.0, Diff: 0.0, Sum: 0.0]
      [GC Worker Other (ms): Min: 0.0, Avg: 0.0, Max: 0.1, Diff: 0.0, Sum: 0.4]
      [GC Worker Total (ms): Min: 31.2, Avg: 31.3, Max: 31.3, Diff: 0.1, Sum: 250.2]
      [GC Worker End (ms): Min: 78203.6, Avg: 78203.6, Max: 78203.6, Diff: 0.0]
   [Code Root Fixup: 0.0 ms]
   [Code Root Migration: 0.1 ms]
   [Clear CT: 0.4 ms]
   [Other: 0.7 ms]
      [Choose CSet: 0.0 ms]
      [Ref Proc: 0.1 ms]
      [Ref Enq: 0.0 ms]
      [Free CSet: 0.6 ms]
   [Eden: 852.0M(852.0M)->0.0B(852.0M) Survivors: 70.0M->70.0M Heap: 1051.0M(1538.0M)->199.0M(1538.0M)]
 [Times: user=0.26 sys=0.00, real=0.03 secs] 
78.205: Total time for which application threads were stopped: 0.0328010 seconds, Stopping threads took: 0.0000290 seconds
78.640: Application time: 0.4349580 seconds
78.640: [GC pause (young), 0.0315700 secs]
   [Parallel Time: 30.3 ms, GC Workers: 8]
      [GC Worker Start (ms): Min: 78640.0, Avg: 78640.1, Max: 78640.1, Diff: 0.1]
      [Ext Root Scanning (ms): Min: 0.6, Avg: 0.7, Max: 0.8, Diff: 0.2, Sum: 6.0]
      [Update RS (ms): Min: 0.2, Avg: 0.3, Max: 0.5, Diff: 0.3, Sum: 2.4]
         [Processed Buffers: Min: 1, Avg: 2.1, Max: 4, Diff: 3, Sum: 17]
      [Scan RS (ms): Min: 0.2, Avg: 0.4, Max: 0.5, Diff: 0.2, Sum: 2.9]
      [Code Root Scanning (ms): Min: 0.0, Avg: 0.0, Max: 0.0, Diff: 0.0, Sum: 0.0]
      [Object Copy (ms): Min: 28.7, Avg: 28.8, Max: 28.8, Diff: 0.1, Sum: 230.2]
      [Termination (ms): Min: 0.0, Avg: 0.0, Max: 0.0, Diff: 0.0, Sum: 0.0]
      [GC Worker Other (ms): Min: 0.0, Avg: 0.1, Max: 0.1, Diff: 0.0, Sum: 0.4]
      [GC Worker Total (ms): Min: 30.2, Avg: 30.2, Max: 30.3, Diff: 0.1, Sum: 241.9]
      [GC Worker End (ms): Min: 78670.3, Avg: 78670.3, Max: 78670.3, Diff: 0.0]
   [Code Root Fixup: 0.0 ms]
   [Code Root Migration: 0.1 ms]
   [Clear CT: 0.4 ms]
   [Other: 0.7 ms]
      [Choose CSet: 0.0 ms]
      [Ref Proc: 0.1 ms]
      [Ref Enq: 0.0 ms]
      [Free CSet: 0.6 ms]
   [Eden: 852.0M(852.0M)->0.0B(855.0M) Survivors: 70.0M->67.0M Heap: 1051.0M(1538.0M)->196.5M(1538.0M)]
 [Times: user=0.25 sys=0.00, real=0.04 secs] 
78.672: Total time for which application threads were stopped: 0.0317470 seconds, Stopping threads took: 0.0000360 seconds
79.114: Application time: 0.4420020 seconds
79.114: [GC pause (young), 0.0335750 secs]
   [Parallel Time: 32.3 ms, GC Workers: 8]
      [GC Worker Start (ms): Min: 79113.8, Avg: 79113.9, Max: 79113.9, Diff: 0.1]
      [Ext Root Scanning (ms): Min: 0.6, Avg: 0.7, Max: 0.8, Diff: 0.1, Sum: 5.8]
      [Update RS (ms): Min: 0.2, Avg: 0.3, Max: 0.5, Diff: 0.2, Sum: 2.4]
         [Processed Buffers: Min: 1, Avg: 2.1, Max: 3, Diff: 2, Sum: 17]
      [Scan RS (ms): Min: 0.3, Avg: 0.4, Max: 0.5, Diff: 0.1, Sum: 3.0]
      [Code Root Scanning (ms): Min: 0.0, Avg: 0.0, Max: 0.0, Diff: 0.0, Sum: 0.0]
      [Object Copy (ms): Min: 30.7, Avg: 30.8, Max: 30.8, Diff: 0.1, Sum: 246.3]
      [Termination (ms): Min: 0.0, Avg: 0.0, Max: 0.0, Diff: 0.0, Sum: 0.0]
      [GC Worker Other (ms): Min: 0.0, Avg: 0.1, Max: 0.1, Diff: 0.0, Sum: 0.4]
      [GC Worker Total (ms): Min: 32.2, Avg: 32.2, Max: 32.3, Diff: 0.1, Sum: 258.0]
      [GC Worker End (ms): Min: 79146.1, Avg: 79146.1, Max: 79146.1, Diff: 0.0]
   [Code Root Fixup: 0.0 ms]
   [Code Root Migration: 0.1 ms]
   [Clear CT: 0.4 ms]
   [Other: 0.7 ms]
      [Choose CSet: 0.0 ms]
      [Ref Proc: 0.1 ms]
      [Ref Enq: 0.0 ms]
      [Free CSet: 0.6 ms]
   [Eden: 855.0M(855.0M)->0.0B(850.0M) Survivors: 67.0M->72.0M Heap: 1051.5M(1538.0M)->201.5M(1538.0M)]
 [Times: user=0.26 sys=0.00, real=0.03 secs] 
79.147: Total time for which application threads were stopped: 0.0337720 seconds, Stopping threads took: 0.0000550 seconds
79.592: Application time: 0.4447150 seconds
79.592: [GC pause (young), 0.0320990 secs]
   [Parallel Time: 30.9 ms, GC Workers: 8]
      [GC Worker Start (ms): Min: 79592.3, Avg: 79592.3, Max: 79592.4, Diff: 0.1]
      [Ext Root Scanning (ms): Min: 0.7, Avg: 0.7, Max: 0.8, Diff: 0.1, Sum: 5.8]
      [Update RS (ms): Min: 0.2, Avg: 0.3, Max: 0.4, Diff: 0.2, Sum: 2.4]
         [Processed Buffers: Min: 1, Avg: 2.1, Max: 4, Diff: 3, Sum: 17]
      [Scan RS (ms): Min: 0.2, Avg: 0.4, Max: 0.4, Diff: 0.2, Sum: 2.9]
      [Code Root Scanning (ms): Min: 0.0, Avg: 0.0, Max: 0.0, Diff: 0.0, Sum: 0.0]
      [Object Copy (ms): Min: 29.3, Avg: 29.3, Max: 29.4, Diff: 0.1, Sum: 234.7]
      [Termination (ms): Min: 0.0, Avg: 0.0, Max: 0.0, Diff: 0.0, Sum: 0.0]
      [GC Worker Other (ms): Min: 0.0, Avg: 0.1, Max: 0.1, Diff: 0.0, Sum: 0.4]
      [GC Worker Total (ms): Min: 30.7, Avg: 30.8, Max: 30.8, Diff: 0.1, Sum: 246.3]
      [GC Worker End (ms): Min: 79623.1, Avg: 79623.1, Max: 79623.1, Diff: 0.0]
   [Code Root Fixup: 0.0 ms]
   [Code Root Migration: 0.1 ms]
   [Clear CT: 0.4 ms]
   [Other: 0.7 ms]
      [Choose CSet: 0.0 ms]
      [Ref Proc: 0.1 ms]
      [Ref Enq: 0.0 ms]
      [Free CSet: 0.5 ms]
   [Eden: 850.0M(850.0M)->0.0B(854.0M) Survivors: 72.0M->68.0M Heap: 1051.5M(1538.0M)->197.0M(1538.0M)]
 [Times: user=0.24 sys=0.00, real=0.03 secs] 
79.624: Total time for which application threads were stopped: 0.0323000 seconds, Stopping threads took: 0.0000630 seconds
80.076: Application time: 0.4515480 seconds
80.076: [GC pause (young), 0.0321570 secs]
   [Parallel Time: 30.9 ms, GC Workers: 8]
      [GC Worker Start (ms): Min: 80076.2, Avg: 80076.2, Max: 80076.2, Diff: 0.1]
      [Ext Root Scanning (ms): Min: 0.7, Avg: 0.8, Max: 0.8, Diff: 0.1, Sum: 6.1]
      [Update RS (ms): Min: 0.2, Avg: 0.3, Max: 0.4, Diff: 0.2, Sum: 2.3]
         [Processed Buffers: Min: 1, Avg: 2.1, Max: 4, Diff: 3, Sum: 17]
      [Scan RS (ms): Min: 0.2, Avg: 0.3, Max: 0.4, Diff: 0.2, Sum: 2.7]
      [Code Root Scanning (ms): Min: 0.0, Avg: 0.0, Max: 0.0, Diff: 0.0, Sum: 0.1]
      [Object Copy (ms): Min: 29.4, Avg: 29.4, Max: 29.4, Diff: 0.0, Sum: 235.4]
      [Termination (ms): Min: 0.0, Avg: 0.0, Max: 0.0, Diff: 0.0, Sum: 0.0]
      [GC Worker Other (ms): Min: 0.0, Avg: 0.1, Max: 0.1, Diff: 0.0, Sum: 0.4]
      [GC Worker Total (ms): Min: 30.9, Avg: 30.9, Max: 30.9, Diff: 0.1, Sum: 247.1]
      [GC Worker End (ms): Min: 80107.0, Avg: 80107.1, Max: 80107.1, Diff: 0.0]
   [Code Root Fixup: 0.0 ms]
   [Code Root Migration: 0.1 ms]
   [Clear CT: 0.4 ms]
   [Other: 0.7 ms]
      [Choose CSet: 0.0 ms]
      [Ref Proc: 0.1 ms]
      [Ref Enq: 0.0 ms]
      [Free CSet: 0.5 ms]
   [Eden: 854.0M(854.0M)->0.0B(852.0M) Survivors: 68.0M->70.0M Heap: 1051.0M(1538.0M)->199.0M(1538.0M)]
 [Times: user=0.25 sys=0.00, real=0.03 secs] 
80.108: Total time for which application threads were stopped: 0.0323570 seconds, Stopping threads took: 0.0000450 seconds
80.556: Application time: 0.4471780 seconds
80.556: [GC pause (young), 0.0327810 secs]
   [Parallel Time: 31.6 ms, GC Workers: 8]
      [GC Worker Start (ms): Min: 80555.7, Avg: 80556.2, Max: 80559.4, Diff: 3.7]
      [Ext Root Scanning (ms): Min: 0.0, Avg: 0.7, Max: 0.9, Diff: 0.9, Sum: 5.5]
      [Update RS (ms): Min: 0.0, Avg: 0.3, Max: 0.4, Diff: 0.4, Sum: 2.2]
         [Processed Buffers: Min: 0, Avg: 2.1, Max: 5, Diff: 5, Sum: 17]
      [Scan RS (ms): Min: 0.2, Avg: 0.3, Max: 0.4, Diff: 0.3, Sum: 2.5]
      [Code Root Scanning (ms): Min: 0.0, Avg: 0.0, Max: 0.0, Diff: 0.0, Sum: 0.0]
      [Object Copy (ms): Min: 27.6, Avg: 29.7, Max: 30.0, Diff: 2.4, Sum: 237.5]
      [Termination (ms): Min: 0.0, Avg: 0.0, Max: 0.0, Diff: 0.0, Sum: 0.0]
      [GC Worker Other (ms): Min: 0.0, Avg: 0.1, Max: 0.1, Diff: 0.0, Sum: 0.5]
      [GC Worker Total (ms): Min: 27.8, Avg: 31.0, Max: 31.5, Diff: 3.7, Sum: 248.3]
      [GC Worker End (ms): Min: 80587.2, Avg: 80587.2, Max: 80587.2, Diff: 0.0]
   [Code Root Fixup: 0.0 ms]
   [Code Root Migration: 0.1 ms]
   [Clear CT: 0.4 ms]
   [Other: 0.7 ms]
      [Choose CSet: 0.0 ms]
      [Ref Proc: 0.1 ms]
      [Ref Enq: 0.0 ms]
      [Free CSet: 0.5 ms]
   [Eden: 852.0M(852.0M)->0.0B(853.0M) Survivors: 70.0M->69.0M Heap: 1051.0M(1538.0M)->198.5M(1538.0M)]
 [Times: user=0.26 sys=0.00, real=0.03 secs] 
80.589: Total time for which application threads were stopped: 0.0329570 seconds, Stopping threads took: 0.0000420 seconds
81.031: Application time: 0.4427230 seconds
81.031: [GC pause (young), 0.0317390 secs]
   [Parallel Time: 30.5 ms, GC Workers: 8]
      [GC Worker Start (ms): Min: 81031.4, Avg: 81031.4, Max: 81031.5, Diff: 0.1]
      [Ext Root Scanning (ms): Min: 0.7, Avg: 0.8, Max: 0.8, Diff: 0.1, Sum: 6.3]
      [Update RS (ms): Min: 0.2, Avg: 0.3, Max: 0.4, Diff: 0.2, Sum: 2.4]
         [Processed Buffers: Min: 1, Avg: 2.1, Max: 3, Diff: 2, Sum: 17]
      [Scan RS (ms): Min: 0.3, Avg: 0.3, Max: 0.4, Diff: 0.2, Sum: 2.7]
      [Code Root Scanning (ms): Min: 0.0, Avg: 0.0, Max: 0.0, Diff: 0.0, Sum: 0.0]
      [Object Copy (ms): Min: 28.9, Avg: 29.0, Max: 29.0, Diff: 0.0, Sum: 231.7]
      [Termination (ms): Min: 0.0, Avg: 0.0, Max: 0.0, Diff: 0.0, Sum: 0.0]
      [GC Worker Other (ms): Min: 0.0, Avg: 0.1, Max: 0.1, Diff: 0.0, Sum: 0.5]
      [GC Worker Total (ms): Min: 30.4, Avg: 30.4, Max: 30.5, Diff: 0.1, Sum: 243.6]
      [GC Worker End (ms): Min: 81061.9, Avg: 81061.9, Max: 81061.9, Diff: 0.0]
   [Code Root Fixup: 0.1 ms]
   [Code Root Migration: 0.1 ms]
   [Clear CT: 0.4 ms]
   [Other: 0.7 ms]
      [Choose CSet: 0.0 ms]
      [Ref Proc: 0.1 ms]
      [Ref Enq: 0.0 ms]
      [Free CSet: 0.5 ms]
   [Eden: 853.0M(853.0M)->0.0B(853.0M) Survivors: 69.0M->69.0M Heap: 1051.5M(1538.0M)->198.0M(1538.0M)]
 [Times: user=0.25 sys=0.00, real=0.02 secs] 
81.063: Total time for which application threads were stopped: 0.0319810 seconds, Stopping threads took: 0.0000760 seconds
81.503: Application time: 0.4393540 seconds
81.503: [GC pause (young), 0.0328910 secs]
   [Parallel Time: 31.7 ms, GC Workers: 8]
      [GC Worker Start (ms): Min: 81502.7, Avg: 81502.7, Max: 81502.8, Diff: 0.1]
      [Ext Root Scanning (ms): Min: 0.7, Avg: 0.8, Max: 0.9, Diff: 0.1, Sum: 6.4]
      [Update RS (ms): Min: 0.2, Avg: 0.3, Max: 0.4, Diff: 0.2, Sum: 2.3]
         [Processed Buffers: Min: 1, Avg: 2.1, Max: 3, Diff: 2, Sum: 17]
      [Scan RS (ms): Min: 0.3, Avg: 0.4, Max: 0.4, Diff: 0.1, Sum: 3.0]
      [Code Root Scanning (ms): Min: 0.0, Avg: 0.0, Max: 0.0, Diff: 0.0, Sum: 0.0]
      [Object Copy (ms): Min: 30.1, Avg: 30.1, Max: 30.1, Diff: 0.1, Sum: 240.8]
      [Termination (ms): Min: 0.0, Avg: 0.0, Max: 0.0, Diff: 0.0, Sum: 0.0]
      [GC Worker Other (ms): Min: 0.0, Avg: 0.1, Max: 0.1, Diff: 0.0, Sum: 0.5]
      [GC Worker Total (ms): Min: 31.6, Avg: 31.6, Max: 31.6, Diff: 0.0, Sum: 252.9]
      [GC Worker End (ms): Min: 81534.3, Avg: 81534.3, Max: 81534.4, Diff: 0.0]
   [Code Root Fixup: 0.0 ms]
   [Code Root Migration: 0.1 ms]
   [Clear CT: 0.4 ms]
   [Other: 0.7 ms]
      [Choose CSet: 0.0 ms]
      [Ref Proc: 0.1 ms]
      [Ref Enq: 0.0 ms]
      [Free CSet: 0.5 ms]
   [Eden: 853.0M(853.0M)->0.0B(852.0M) Survivors: 69.0M->70.0M Heap: 1051.0M(1538.0M)->199.1M(1538.0M)]
 [Times: user=0.26 sys=0.00, real=0.04 secs] 
81.536: Total time for which application threads were stopped: 0.0330540 seconds, Stopping threads took: 0.0000280 seconds
81.973: Application time: 0.4372660 seconds
81.973: [GC pause (young), 0.0331910 secs]
   [Parallel Time: 31.9 ms, GC Workers: 8]
      [GC Worker Start (ms): Min: 81973.0, Avg: 81973.1, Max: 81973.1, Diff: 0.1]
      [Ext Root Scanning (ms): Min: 0.7, Avg: 0.8, Max: 0.8, Diff: 0.1, Sum: 6.1]
      [Update RS (ms): Min: 0.2, Avg: 0.3, Max: 0.4, Diff: 0.2, Sum: 2.4]
         [Processed Buffers: Min: 1, Avg: 2.1, Max: 3, Diff: 2, Sum: 17]
      [Scan RS (ms): Min: 0.3, Avg: 0.4, Max: 0.5, Diff: 0.2, Sum: 3.0]
      [Code Root Scanning (ms): Min: 0.0, Avg: 0.0, Max: 0.0, Diff: 0.0, Sum: 0.0]
      [Object Copy (ms): Min: 30.4, Avg: 30.4, Max: 30.4, Diff: 0.1, Sum: 243.1]
      [Termination (ms): Min: 0.0, Avg: 0.0, Max: 0.0, Diff: 0.0, Sum: 0.0]
      [GC Worker Other (ms): Min: 0.0, Avg: 0.0, Max: 0.1, Diff: 0.0, Sum: 0.4]
      [GC Worker Total (ms): Min: 31.8, Avg: 31.9, Max: 31.9, Diff: 0.1, Sum: 255.0]
      [GC Worker End (ms): Min: 82004.9, Avg: 82004.9, Max: 82005.0, Diff: 0.0]
   [Code Root Fixup: 0.0 ms]
   [Code Root Migration: 0.1 ms]
   [Clear CT: 0.4 ms]
   [Other: 0.7 ms]
      [Choose CSet: 0.0 ms]
      [Ref Proc: 0.1 ms]
      [Ref Enq: 0.0 ms]
      [Free CSet: 0.6 ms]
   [Eden: 852.0M(852.0M)->0.0B(852.0M) Survivors: 70.0M->70.0M Heap: 1051.1M(1538.0M)->199.1M(1538.0M)]
 [Times: user=0.26 sys=0.00, real=0.03 secs] 
82.006: Total time for which application threads were stopped: 0.0333770 seconds, Stopping threads took: 0.0000440 seconds
82.440: Application time: 0.4337840 seconds
82.440: [GC pause (young), 0.0333480 secs]
   [Parallel Time: 32.1 ms, GC Workers: 8]
      [GC Worker Start (ms): Min: 82440.2, Avg: 82440.6, Max: 82443.4, Diff: 3.2]
      [Ext Root Scanning (ms): Min: 0.0, Avg: 0.7, Max: 0.9, Diff: 0.9, Sum: 5.4]
      [Update RS (ms): Min: 0.0, Avg: 0.3, Max: 0.4, Diff: 0.4, Sum: 2.2]
         [Processed Buffers: Min: 0, Avg: 2.1, Max: 4, Diff: 4, Sum: 17]
      [Scan RS (ms): Min: 0.1, Avg: 0.3, Max: 0.4, Diff: 0.3, Sum: 2.7]
      [Code Root Scanning (ms): Min: 0.0, Avg: 0.0, Max: 0.0, Diff: 0.0, Sum: 0.0]
      [Object Copy (ms): Min: 28.7, Avg: 30.3, Max: 30.6, Diff: 1.9, Sum: 242.4]
      [Termination (ms): Min: 0.0, Avg: 0.0, Max: 0.0, Diff: 0.0, Sum: 0.0]
      [GC Worker Other (ms): Min: 0.0, Avg: 0.1, Max: 0.1, Diff: 0.0, Sum: 0.4]
      [GC Worker Total (ms): Min: 28.9, Avg: 31.6, Max: 32.1, Diff: 3.2, Sum: 253.1]
      [GC Worker End (ms): Min: 82472.2, Avg: 82472.2, Max: 82472.3, Diff: 0.0]
   [Code Root Fixup: 0.0 ms]
   [Code Root Migration: 0.1 ms]
   [Clear CT: 0.4 ms]
   [Other: 0.7 ms]
      [Choose CSet: 0.0 ms]
      [Ref Proc: 0.1 ms]
      [Ref Enq: 0.0 ms]
      [Free CSet: 0.6 ms]
   [Eden: 852.0M(852.0M)->0.0B(852.0M) Survivors: 70.0M->70.0M Heap: 1051.1M(1538.0M)->199.6M(1538.0M)]
 [Times: user=0.25 sys=0.00, real=0.04 secs] 
82.474: Total time for which application threads were stopped: 0.0335280 seconds, Stopping threads took: 0.0000370 seconds
82.907: Application time: 0.4331910 seconds
82.907: [GC pause (young), 0.0316100 secs]
   [Parallel Time: 30.3 ms, GC Workers: 8]
      [GC Worker Start (ms): Min: 82906.9, Avg: 82907.1, Max: 82907.4, Diff: 0.4]
      [Ext Root Scanning (ms): Min: 0.3, Avg: 0.7, Max: 1.0, Diff: 0.7, Sum: 5.6]
      [Update RS (ms): Min: 0.1, Avg: 0.3, Max: 0.4, Diff: 0.3, Sum: 2.4]
         [Processed Buffers: Min: 1, Avg: 2.1, Max: 4, Diff: 3, Sum: 17]
      [Scan RS (ms): Min: 0.3, Avg: 0.4, Max: 0.5, Diff: 0.2, Sum: 3.0]
      [Code Root Scanning (ms): Min: 0.0, Avg: 0.0, Max: 0.0, Diff: 0.0, Sum: 0.0]
      [Object Copy (ms): Min: 28.7, Avg: 28.7, Max: 28.8, Diff: 0.1, Sum: 229.9]
      [Termination (ms): Min: 0.0, Avg: 0.0, Max: 0.0, Diff: 0.0, Sum: 0.0]
      [GC Worker Other (ms): Min: 0.0, Avg: 0.0, Max: 0.1, Diff: 0.0, Sum: 0.4]
      [GC Worker Total (ms): Min: 29.8, Avg: 30.2, Max: 30.3, Diff: 0.5, Sum: 241.4]
      [GC Worker End (ms): Min: 82937.2, Avg: 82937.2, Max: 82937.2, Diff: 0.0]
   [Code Root Fixup: 0.0 ms]
   [Code Root Migration: 0.1 ms]
   [Clear CT: 0.4 ms]
   [Other: 0.7 ms]
      [Choose CSet: 0.0 ms]
      [Ref Proc: 0.1 ms]
      [Ref Enq: 0.0 ms]
      [Free CSet: 0.5 ms]
   [Eden: 852.0M(852.0M)->0.0B(853.0M) Survivors: 70.0M->69.0M Heap: 1051.6M(1538.0M)->198.1M(1538.0M)]
 [Times: user=0.25 sys=0.00, real=0.03 secs] 
82.939: Total time for which application threads were stopped: 0.0318050 seconds, Stopping threads took: 0.0000500 seconds
83.372: Application time: 0.4335800 seconds
83.372: [GC pause (young), 0.0336640 secs]
   [Parallel Time: 32.4 ms, GC Workers: 8]
      [GC Worker Start (ms): Min: 83372.3, Avg: 83372.3, Max: 83372.4, Diff: 0.1]
      [Ext Root Scanning (ms): Min: 0.7, Avg: 0.8, Max: 0.8, Diff: 0.1, Sum: 6.2]
      [Update RS (ms): Min: 0.2, Avg: 0.3, Max: 0.4, Diff: 0.2, Sum: 2.3]
         [Processed Buffers: Min: 1, Avg: 2.1, Max: 4, Diff: 3, Sum: 17]
      [Scan RS (ms): Min: 0.3, Avg: 0.4, Max: 0.4, Diff: 0.1, Sum: 2.9]
      [Code Root Scanning (ms): Min: 0.0, Avg: 0.0, Max: 0.0, Diff: 0.0, Sum: 0.0]
      [Object Copy (ms): Min: 30.9, Avg: 30.9, Max: 30.9, Diff: 0.1, Sum: 247.1]
      [Termination (ms): Min: 0.0, Avg: 0.0, Max: 0.0, Diff: 0.0, Sum: 0.0]
      [GC Worker Other (ms): Min: 0.0, Avg: 0.0, Max: 0.1, Diff: 0.0, Sum: 0.3]
      [GC Worker Total (ms): Min: 32.3, Avg: 32.4, Max: 32.4, Diff: 0.1, Sum: 258.9]
      [GC Worker End (ms): Min: 83404.7, Avg: 83404.7, Max: 83404.7, Diff: 0.0]
   [Code Root Fixup: 0.0 ms]
   [Code Root Migration: 0.1 ms]
   [Clear CT: 0.4 ms]
   [Other: 0.7 ms]
      [Choose CSet: 0.0 ms]
      [Ref Proc: 0.1 ms]
      [Ref Enq: 0.0 ms]
      [Free CSet: 0.5 ms]
   [Eden: 853.0M(853.0M)->0.0B(849.0M) Survivors: 69.0M->73.0M Heap: 1051.1M(1538.0M)->202.1M(1538.0M)]
 [Times: user=0.26 sys=0.00, real=0.03 secs] 
83.406: Total time for which application threads were stopped: 0.0338540 seconds, Stopping threads took: 0.0000560 seconds
83.841: Application time: 0.4349060 seconds
83.841: [GC pause (young), 0.0333470 secs]
   [Parallel Time: 32.1 ms, GC Workers: 8]
      [GC Worker Start (ms): Min: 83841.1, Avg: 83841.4, Max: 83843.4, Diff: 2.3]
      [Ext Root Scanning (ms): Min: 0.0, Avg: 0.7, Max: 0.9, Diff: 0.9, Sum: 5.5]
      [Update RS (ms): Min: 0.0, Avg: 0.3, Max: 0.4, Diff: 0.4, Sum: 2.2]
         [Processed Buffers: Min: 0, Avg: 2.1, Max: 3, Diff: 3, Sum: 17]
      [Scan RS (ms): Min: 0.1, Avg: 0.3, Max: 0.4, Diff: 0.3, Sum: 2.6]
      [Code Root Scanning (ms): Min: 0.0, Avg: 0.0, Max: 0.0, Diff: 0.0, Sum: 0.0]
      [Object Copy (ms): Min: 29.6, Avg: 30.4, Max: 30.6, Diff: 0.9, Sum: 243.6]
      [Termination (ms): Min: 0.0, Avg: 0.0, Max: 0.0, Diff: 0.0, Sum: 0.0]
      [GC Worker Other (ms): Min: 0.0, Avg: 0.0, Max: 0.1, Diff: 0.0, Sum: 0.3]
      [GC Worker Total (ms): Min: 29.8, Avg: 31.8, Max: 32.1, Diff: 2.3, Sum: 254.2]
      [GC Worker End (ms): Min: 83873.1, Avg: 83873.2, Max: 83873.2, Diff: 0.0]
   [Code Root Fixup: 0.1 ms]
   [Code Root Migration: 0.1 ms]
   [Clear CT: 0.4 ms]
   [Other: 0.7 ms]
      [Choose CSet: 0.0 ms]
      [Ref Proc: 0.1 ms]
      [Ref Enq: 0.0 ms]
      [Free CSet: 0.5 ms]
   [Eden: 849.0M(849.0M)->0.0B(850.0M) Survivors: 73.0M->72.0M Heap: 1051.1M(1538.0M)->201.6M(1538.0M)]
 [Times: user=0.26 sys=0.00, real=0.04 secs] 
83.874: Total time for which application threads were stopped: 0.0335440 seconds, Stopping threads took: 0.0000420 seconds
84.317: Application time: 0.4429330 seconds
84.318: [GC pause (young), 0.0334430 secs]
   [Parallel Time: 32.2 ms, GC Workers: 8]
      [GC Worker Start (ms): Min: 84317.6, Avg: 84317.6, Max: 84317.6, Diff: 0.1]
      [Ext Root Scanning (ms): Min: 0.7, Avg: 0.7, Max: 0.8, Diff: 0.1, Sum: 6.0]
      [Update RS (ms): Min: 0.2, Avg: 0.3, Max: 0.4, Diff: 0.2, Sum: 2.4]
         [Processed Buffers: Min: 1, Avg: 2.1, Max: 3, Diff: 2, Sum: 17]
      [Scan RS (ms): Min: 0.3, Avg: 0.4, Max: 0.4, Diff: 0.1, Sum: 2.9]
      [Code Root Scanning (ms): Min: 0.0, Avg: 0.0, Max: 0.0, Diff: 0.0, Sum: 0.0]
      [Object Copy (ms): Min: 30.6, Avg: 30.6, Max: 30.7, Diff: 0.1, Sum: 245.1]
      [Termination (ms): Min: 0.0, Avg: 0.0, Max: 0.0, Diff: 0.0, Sum: 0.0]
      [GC Worker Other (ms): Min: 0.0, Avg: 0.0, Max: 0.1, Diff: 0.1, Sum: 0.4]
      [GC Worker Total (ms): Min: 32.0, Avg: 32.1, Max: 32.2, Diff: 0.1, Sum: 256.8]
      [GC Worker End (ms): Min: 84349.7, Avg: 84349.7, Max: 84349.7, Diff: 0.1]
   [Code Root Fixup: 0.1 ms]
   [Code Root Migration: 0.1 ms]
   [Clear CT: 0.4 ms]
   [Other: 0.7 ms]
      [Choose CSet: 0.0 ms]
      [Ref Proc: 0.1 ms]
      [Ref Enq: 0.0 ms]
      [Free CSet: 0.6 ms]
   [Eden: 850.0M(850.0M)->0.0B(852.0M) Survivors: 72.0M->70.0M Heap: 1051.6M(1538.0M)->199.6M(1538.0M)]
 [Times: user=0.26 sys=0.00, real=0.03 secs] 
84.351: Total time for which application threads were stopped: 0.0336320 seconds, Stopping threads took: 0.0000590 seconds
84.800: Application time: 0.4494030 seconds
84.801: [GC pause (young), 0.0321660 secs]
   [Parallel Time: 30.9 ms, GC Workers: 8]
      [GC Worker Start (ms): Min: 84800.6, Avg: 84800.6, Max: 84800.7, Diff: 0.1]
      [Ext Root Scanning (ms): Min: 0.7, Avg: 0.7, Max: 0.8, Diff: 0.1, Sum: 5.7]
      [Update RS (ms): Min: 0.2, Avg: 0.3, Max: 0.4, Diff: 0.3, Sum: 2.5]
         [Processed Buffers: Min: 1, Avg: 2.1, Max: 3, Diff: 2, Sum: 17]
      [Scan RS (ms): Min: 0.3, Avg: 0.3, Max: 0.4, Diff: 0.2, Sum: 2.7]
      [Code Root Scanning (ms): Min: 0.0, Avg: 0.0, Max: 0.0, Diff: 0.0, Sum: 0.0]
      [Object Copy (ms): Min: 29.4, Avg: 29.5, Max: 29.5, Diff: 0.1, Sum: 235.6]
      [Termination (ms): Min: 0.0, Avg: 0.0, Max: 0.0, Diff: 0.0, Sum: 0.0]
      [GC Worker Other (ms): Min: 0.0, Avg: 0.0, Max: 0.1, Diff: 0.0, Sum: 0.3]
      [GC Worker Total (ms): Min: 30.8, Avg: 30.9, Max: 30.9, Diff: 0.1, Sum: 246.9]
      [GC Worker End (ms): Min: 84831.5, Avg: 84831.5, Max: 84831.5, Diff: 0.0]
   [Code Root Fixup: 0.0 ms]
   [Code Root Migration: 0.1 ms]
   [Clear CT: 0.4 ms]
   [Other: 0.7 ms]
      [Choose CSet: 0.0 ms]
      [Ref Proc: 0.1 ms]
      [Ref Enq: 0.0 ms]
      [Free CSet: 0.6 ms]
   [Eden: 852.0M(852.0M)->0.0B(854.0M) Survivors: 70.0M->68.0M Heap: 1051.6M(1538.0M)->197.6M(1538.0M)]
 [Times: user=0.25 sys=0.00, real=0.04 secs] 
84.833: Total time for which application threads were stopped: 0.0323790 seconds, Stopping threads took: 0.0000530 seconds
85.282: Application time: 0.4495500 seconds
85.282: [GC pause (young), 0.0330340 secs]
   [Parallel Time: 31.8 ms, GC Workers: 8]
      [GC Worker Start (ms): Min: 85282.5, Avg: 85282.6, Max: 85283.4, Diff: 0.8]
      [Ext Root Scanning (ms): Min: 0.0, Avg: 0.7, Max: 0.9, Diff: 0.9, Sum: 5.3]
      [Update RS (ms): Min: 0.1, Avg: 0.3, Max: 0.4, Diff: 0.3, Sum: 2.4]
         [Processed Buffers: Min: 1, Avg: 2.1, Max: 4, Diff: 3, Sum: 17]
      [Scan RS (ms): Min: 0.3, Avg: 0.4, Max: 0.4, Diff: 0.1, Sum: 2.9]
      [Code Root Scanning (ms): Min: 0.0, Avg: 0.0, Max: 0.0, Diff: 0.0, Sum: 0.0]
      [Object Copy (ms): Min: 30.2, Avg: 30.2, Max: 30.3, Diff: 0.1, Sum: 241.9]
      [Termination (ms): Min: 0.0, Avg: 0.0, Max: 0.0, Diff: 0.0, Sum: 0.0]
      [GC Worker Other (ms): Min: 0.0, Avg: 0.0, Max: 0.1, Diff: 0.0, Sum: 0.3]
      [GC Worker Total (ms): Min: 30.9, Avg: 31.6, Max: 31.7, Diff: 0.8, Sum: 252.9]
      [GC Worker End (ms): Min: 85314.2, Avg: 85314.3, Max: 85314.3, Diff: 0.0]
   [Code Root Fixup: 0.0 ms]
   [Code Root Migration: 0.1 ms]
   [Clear CT: 0.4 ms]
   [Other: 0.7 ms]
      [Choose CSet: 0.0 ms]
      [Ref Proc: 0.1 ms]
      [Ref Enq: 0.0 ms]
      [Free CSet: 0.6 ms]
   [Eden: 854.0M(854.0M)->0.0B(852.0M) Survivors: 68.0M->70.0M Heap: 1051.6M(1538.0M)->199.6M(1538.0M)]
 [Times: user=0.26 sys=0.00, real=0.04 secs] 
85.316: Total time for which application threads were stopped: 0.0332180 seconds, Stopping threads took: 0.0000410 seconds
85.762: Application time: 0.4466110 seconds
85.762: [GC pause (young), 0.0326460 secs]
   [Parallel Time: 31.3 ms, GC Workers: 8]
      [GC Worker Start (ms): Min: 85762.4, Avg: 85762.4, Max: 85762.4, Diff: 0.1]
      [Ext Root Scanning (ms): Min: 0.7, Avg: 0.8, Max: 0.8, Diff: 0.1, Sum: 6.1]
      [Update RS (ms): Min: 0.2, Avg: 0.3, Max: 0.4, Diff: 0.2, Sum: 2.4]
         [Processed Buffers: Min: 1, Avg: 2.1, Max: 3, Diff: 2, Sum: 17]
      [Scan RS (ms): Min: 0.3, Avg: 0.4, Max: 0.4, Diff: 0.2, Sum: 3.0]
      [Code Root Scanning (ms): Min: 0.0, Avg: 0.0, Max: 0.0, Diff: 0.0, Sum: 0.0]
      [Object Copy (ms): Min: 29.7, Avg: 29.8, Max: 29.8, Diff: 0.1, Sum: 238.3]
      [Termination (ms): Min: 0.0, Avg: 0.0, Max: 0.0, Diff: 0.0, Sum: 0.0]
      [GC Worker Other (ms): Min: 0.0, Avg: 0.0, Max: 0.1, Diff: 0.0, Sum: 0.3]
      [GC Worker Total (ms): Min: 31.2, Avg: 31.3, Max: 31.3, Diff: 0.1, Sum: 250.1]
      [GC Worker End (ms): Min: 85793.7, Avg: 85793.7, Max: 85793.7, Diff: 0.0]
   [Code Root Fixup: 0.0 ms]
   [Code Root Migration: 0.1 ms]
   [Clear CT: 0.4 ms]
   [Other: 0.8 ms]
      [Choose CSet: 0.0 ms]
      [Ref Proc: 0.1 ms]
      [Ref Enq: 0.0 ms]
      [Free CSet: 0.6 ms]
   [Eden: 852.0M(852.0M)->0.0B(853.0M) Survivors: 70.0M->69.0M Heap: 1051.6M(1538.0M)->198.7M(1538.0M)]
 [Times: user=0.25 sys=0.00, real=0.04 secs] 
85.795: Total time for which application threads were stopped: 0.0328480 seconds, Stopping threads took: 0.0000580 seconds
86.240: Application time: 0.4451400 seconds
86.240: [GC pause (young), 0.0334170 secs]
   [Parallel Time: 32.2 ms, GC Workers: 8]
      [GC Worker Start (ms): Min: 86240.3, Avg: 86241.2, Max: 86247.4, Diff: 7.1]
      [Ext Root Scanning (ms): Min: 0.0, Avg: 0.7, Max: 0.8, Diff: 0.8, Sum: 5.3]
      [Update RS (ms): Min: 0.0, Avg: 0.3, Max: 0.5, Diff: 0.5, Sum: 2.2]
         [Processed Buffers: Min: 0, Avg: 2.1, Max: 5, Diff: 5, Sum: 17]
      [Scan RS (ms): Min: 0.3, Avg: 0.4, Max: 0.4, Diff: 0.1, Sum: 3.0]
      [Code Root Scanning (ms): Min: 0.0, Avg: 0.0, Max: 0.0, Diff: 0.0, Sum: 0.0]
      [Object Copy (ms): Min: 24.6, Avg: 29.9, Max: 30.7, Diff: 6.1, Sum: 239.2]
      [Termination (ms): Min: 0.0, Avg: 0.0, Max: 0.0, Diff: 0.0, Sum: 0.0]
      [GC Worker Other (ms): Min: 0.0, Avg: 0.0, Max: 0.1, Diff: 0.0, Sum: 0.3]
      [GC Worker Total (ms): Min: 25.1, Avg: 31.3, Max: 32.2, Diff: 7.1, Sum: 250.2]
      [GC Worker End (ms): Min: 86272.5, Avg: 86272.5, Max: 86272.5, Diff: 0.0]
   [Code Root Fixup: 0.0 ms]
   [Code Root Migration: 0.1 ms]
   [Clear CT: 0.4 ms]
   [Other: 0.7 ms]
      [Choose CSet: 0.0 ms]
      [Ref Proc: 0.1 ms]
      [Ref Enq: 0.0 ms]
      [Free CSet: 0.5 ms]
   [Eden: 853.0M(853.0M)->0.0B(852.0M) Survivors: 69.0M->70.0M Heap: 1051.7M(1538.0M)->199.2M(1538.0M)]
 [Times: user=0.26 sys=0.00, real=0.04 secs] 
86.274: Total time for which application threads were stopped: 0.0335710 seconds, Stopping threads took: 0.0000160 seconds
86.711: Application time: 0.4376050 seconds
86.712: [GC pause (young), 0.0327630 secs]
   [Parallel Time: 31.6 ms, GC Workers: 8]
      [GC Worker Start (ms): Min: 86711.5, Avg: 86711.6, Max: 86711.6, Diff: 0.1]
      [Ext Root Scanning (ms): Min: 0.7, Avg: 0.8, Max: 0.8, Diff: 0.1, Sum: 6.2]
      [Update RS (ms): Min: 0.2, Avg: 0.3, Max: 0.4, Diff: 0.2, Sum: 2.4]
         [Processed Buffers: Min: 1, Avg: 2.1, Max: 3, Diff: 2, Sum: 17]
      [Scan RS (ms): Min: 0.3, Avg: 0.4, Max: 0.4, Diff: 0.1, Sum: 2.9]
      [Code Root Scanning (ms): Min: 0.0, Avg: 0.0, Max: 0.0, Diff: 0.0, Sum: 0.0]
      [Object Copy (ms): Min: 30.0, Avg: 30.0, Max: 30.0, Diff: 0.1, Sum: 240.0]
      [Termination (ms): Min: 0.0, Avg: 0.0, Max: 0.0, Diff: 0.0, Sum: 0.0]
      [GC Worker Other (ms): Min: 0.0, Avg: 0.0, Max: 0.1, Diff: 0.0, Sum: 0.4]
      [GC Worker Total (ms): Min: 31.4, Avg: 31.5, Max: 31.5, Diff: 0.1, Sum: 251.9]
      [GC Worker End (ms): Min: 86743.0, Avg: 86743.1, Max: 86743.1, Diff: 0.0]
   [Code Root Fixup: 0.0 ms]
   [Code Root Migration: 0.1 ms]
   [Clear CT: 0.4 ms]
   [Other: 0.7 ms]
      [Choose CSet: 0.0 ms]
      [Ref Proc: 0.1 ms]
      [Ref Enq: 0.0 ms]
      [Free CSet: 0.5 ms]
   [Eden: 852.0M(852.0M)->0.0B(852.0M) Survivors: 70.0M->70.0M Heap: 1051.2M(1538.0M)->199.2M(1538.0M)]
 [Times: user=0.25 sys=0.00, real=0.03 secs] 
86.744: Total time for which application threads were stopped: 0.0329660 seconds, Stopping threads took: 0.0000550 seconds
87.178: Application time: 0.4337730 seconds
87.178: [GC pause (young), 0.0324580 secs]
   [Parallel Time: 31.3 ms, GC Workers: 8]
      [GC Worker Start (ms): Min: 87178.3, Avg: 87178.3, Max: 87178.3, Diff: 0.1]
      [Ext Root Scanning (ms): Min: 0.7, Avg: 0.8, Max: 0.8, Diff: 0.1, Sum: 6.3]
      [Update RS (ms): Min: 0.2, Avg: 0.3, Max: 0.4, Diff: 0.2, Sum: 2.5]
         [Processed Buffers: Min: 1, Avg: 2.1, Max: 3, Diff: 2, Sum: 17]
      [Scan RS (ms): Min: 0.3, Avg: 0.3, Max: 0.4, Diff: 0.2, Sum: 2.7]
      [Code Root Scanning (ms): Min: 0.0, Avg: 0.0, Max: 0.0, Diff: 0.0, Sum: 0.0]
      [Object Copy (ms): Min: 29.7, Avg: 29.7, Max: 29.7, Diff: 0.0, Sum: 237.7]
      [Termination (ms): Min: 0.0, Avg: 0.0, Max: 0.0, Diff: 0.0, Sum: 0.0]
      [GC Worker Other (ms): Min: 0.0, Avg: 0.0, Max: 0.1, Diff: 0.0, Sum: 0.4]
      [GC Worker Total (ms): Min: 31.2, Avg: 31.2, Max: 31.2, Diff: 0.1, Sum: 249.7]
      [GC Worker End (ms): Min: 87209.5, Avg: 87209.5, Max: 87209.5, Diff: 0.0]
   [Code Root Fixup: 0.0 ms]
   [Code Root Migration: 0.1 ms]
   [Clear CT: 0.4 ms]
   [Other: 0.7 ms]
      [Choose CSet: 0.0 ms]
      [Ref Proc: 0.1 ms]
      [Ref Enq: 0.0 ms]
      [Free CSet: 0.5 ms]
   [Eden: 852.0M(852.0M)->0.0B(852.0M) Survivors: 70.0M->70.0M Heap: 1051.2M(1538.0M)->199.2M(1538.0M)]
 [Times: user=0.25 sys=0.00, real=0.03 secs] 
87.211: Total time for which application threads were stopped: 0.0326310 seconds, Stopping threads took: 0.0000360 seconds
87.642: Application time: 0.4317080 seconds
87.643: [GC pause (young), 0.0320810 secs]
   [Parallel Time: 30.9 ms, GC Workers: 8]
      [GC Worker Start (ms): Min: 87642.6, Avg: 87642.7, Max: 87643.3, Diff: 0.7]
      [Ext Root Scanning (ms): Min: 0.0, Avg: 0.7, Max: 0.9, Diff: 0.9, Sum: 5.6]
      [Update RS (ms): Min: 0.1, Avg: 0.3, Max: 0.5, Diff: 0.3, Sum: 2.4]
         [Processed Buffers: Min: 1, Avg: 2.1, Max: 3, Diff: 2, Sum: 17]
      [Scan RS (ms): Min: 0.3, Avg: 0.4, Max: 0.4, Diff: 0.1, Sum: 2.9]
      [Code Root Scanning (ms): Min: 0.0, Avg: 0.0, Max: 0.0, Diff: 0.0, Sum: 0.0]
      [Object Copy (ms): Min: 29.3, Avg: 29.3, Max: 29.4, Diff: 0.1, Sum: 234.6]
      [Termination (ms): Min: 0.0, Avg: 0.0, Max: 0.0, Diff: 0.0, Sum: 0.0]
      [GC Worker Other (ms): Min: 0.0, Avg: 0.0, Max: 0.1, Diff: 0.0, Sum: 0.3]
      [GC Worker Total (ms): Min: 30.1, Avg: 30.7, Max: 30.9, Diff: 0.7, Sum: 245.9]
      [GC Worker End (ms): Min: 87673.4, Avg: 87673.5, Max: 87673.5, Diff: 0.0]
   [Code Root Fixup: 0.0 ms]
   [Code Root Migration: 0.1 ms]
   [Clear CT: 0.4 ms]
   [Other: 0.7 ms]
      [Choose CSet: 0.0 ms]
      [Ref Proc: 0.1 ms]
      [Ref Enq: 0.0 ms]
      [Free CSet: 0.5 ms]
   [Eden: 852.0M(852.0M)->0.0B(854.0M) Survivors: 70.0M->68.0M Heap: 1051.2M(1538.0M)->197.7M(1538.0M)]
 [Times: user=0.25 sys=0.00, real=0.04 secs] 
87.675: Total time for which application threads were stopped: 0.0322740 seconds, Stopping threads took: 0.0000410 seconds
88.108: Application time: 0.4337220 seconds
88.109: [GC pause (young), 0.0325830 secs]
   [Parallel Time: 31.3 ms, GC Workers: 8]
      [GC Worker Start (ms): Min: 88108.6, Avg: 88108.7, Max: 88108.7, Diff: 0.1]
      [Ext Root Scanning (ms): Min: 0.8, Avg: 0.8, Max: 0.8, Diff: 0.1, Sum: 6.3]
      [Update RS (ms): Min: 0.2, Avg: 0.3, Max: 0.4, Diff: 0.2, Sum: 2.3]
         [Processed Buffers: Min: 1, Avg: 2.1, Max: 3, Diff: 2, Sum: 17]
      [Scan RS (ms): Min: 0.3, Avg: 0.4, Max: 0.4, Diff: 0.1, Sum: 2.9]
      [Code Root Scanning (ms): Min: 0.0, Avg: 0.0, Max: 0.0, Diff: 0.0, Sum: 0.0]
      [Object Copy (ms): Min: 29.8, Avg: 29.8, Max: 29.8, Diff: 0.1, Sum: 238.3]
      [Termination (ms): Min: 0.0, Avg: 0.0, Max: 0.0, Diff: 0.0, Sum: 0.0]
      [GC Worker Other (ms): Min: 0.0, Avg: 0.0, Max: 0.1, Diff: 0.0, Sum: 0.3]
      [GC Worker Total (ms): Min: 31.2, Avg: 31.3, Max: 31.3, Diff: 0.1, Sum: 250.2]
      [GC Worker End (ms): Min: 88139.9, Avg: 88139.9, Max: 88139.9, Diff: 0.0]
   [Code Root Fixup: 0.1 ms]
   [Code Root Migration: 0.1 ms]
   [Clear CT: 0.4 ms]
   [Other: 0.7 ms]
      [Choose CSet: 0.0 ms]
      [Ref Proc: 0.1 ms]
      [Ref Enq: 0.0 ms]
      [Free CSet: 0.5 ms]
   [Eden: 854.0M(854.0M)->0.0B(852.0M) Survivors: 68.0M->70.0M Heap: 1051.7M(1538.0M)->199.2M(1538.0M)]
 [Times: user=0.25 sys=0.00, real=0.03 secs] 
88.141: Total time for which application threads were stopped: 0.0327760 seconds, Stopping threads took: 0.0000570 seconds
88.575: Application time: 0.4340870 seconds
88.575: [GC pause (young), 0.0313380 secs]
   [Parallel Time: 30.0 ms, GC Workers: 8]
      [GC Worker Start (ms): Min: 88575.5, Avg: 88575.5, Max: 88575.5, Diff: 0.1]
      [Ext Root Scanning (ms): Min: 0.7, Avg: 0.7, Max: 0.8, Diff: 0.1, Sum: 6.0]
      [Update RS (ms): Min: 0.2, Avg: 0.3, Max: 0.4, Diff: 0.2, Sum: 2.3]
         [Processed Buffers: Min: 1, Avg: 2.1, Max: 3, Diff: 2, Sum: 17]
      [Scan RS (ms): Min: 0.3, Avg: 0.4, Max: 0.5, Diff: 0.2, Sum: 3.0]
      [Code Root Scanning (ms): Min: 0.0, Avg: 0.0, Max: 0.0, Diff: 0.0, Sum: 0.1]
      [Object Copy (ms): Min: 28.5, Avg: 28.5, Max: 28.5, Diff: 0.1, Sum: 228.0]
      [Termination (ms): Min: 0.0, Avg: 0.0, Max: 0.0, Diff: 0.0, Sum: 0.0]
      [GC Worker Other (ms): Min: 0.0, Avg: 0.1, Max: 0.1, Diff: 0.0, Sum: 0.4]
      [GC Worker Total (ms): Min: 29.9, Avg: 30.0, Max: 30.0, Diff: 0.1, Sum: 239.7]
      [GC Worker End (ms): Min: 88605.4, Avg: 88605.5, Max: 88605.5, Diff: 0.0]
   [Code Root Fixup: 0.0 ms]
   [Code Root Migration: 0.1 ms]
   [Clear CT: 0.4 ms]
   [Other: 0.8 ms]
      [Choose CSet: 0.0 ms]
      [Ref Proc: 0.1 ms]
      [Ref Enq: 0.0 ms]
      [Free CSet: 0.6 ms]
   [Eden: 852.0M(852.0M)->0.0B(856.0M) Survivors: 70.0M->66.0M Heap: 1051.2M(1538.0M)->195.7M(1538.0M)]
 [Times: user=0.24 sys=0.00, real=0.03 secs] 
88.607: Total time for which application threads were stopped: 0.0315130 seconds, Stopping threads took: 0.0000310 seconds
89.048: Application time: 0.4413410 seconds
89.048: [GC pause (young), 0.0306920 secs]
   [Parallel Time: 29.5 ms, GC Workers: 8]
      [GC Worker Start (ms): Min: 89048.3, Avg: 89048.4, Max: 89048.4, Diff: 0.1]
      [Ext Root Scanning (ms): Min: 0.7, Avg: 0.7, Max: 0.8, Diff: 0.1, Sum: 5.9]
      [Update RS (ms): Min: 0.2, Avg: 0.3, Max: 0.4, Diff: 0.2, Sum: 2.4]
         [Processed Buffers: Min: 1, Avg: 2.1, Max: 4, Diff: 3, Sum: 17]
      [Scan RS (ms): Min: 0.3, Avg: 0.4, Max: 0.4, Diff: 0.2, Sum: 2.9]
      [Code Root Scanning (ms): Min: 0.0, Avg: 0.0, Max: 0.0, Diff: 0.0, Sum: 0.0]
      [Object Copy (ms): Min: 28.0, Avg: 28.0, Max: 28.1, Diff: 0.1, Sum: 224.1]
      [Termination (ms): Min: 0.0, Avg: 0.0, Max: 0.0, Diff: 0.0, Sum: 0.0]
      [GC Worker Other (ms): Min: 0.0, Avg: 0.0, Max: 0.1, Diff: 0.0, Sum: 0.3]
      [GC Worker Total (ms): Min: 29.4, Avg: 29.5, Max: 29.5, Diff: 0.1, Sum: 235.6]
      [GC Worker End (ms): Min: 89077.8, Avg: 89077.8, Max: 89077.8, Diff: 0.0]
   [Code Root Fixup: 0.0 ms]
   [Code Root Migration: 0.1 ms]
   [Clear CT: 0.4 ms]
   [Other: 0.7 ms]
      [Choose CSet: 0.0 ms]
      [Ref Proc: 0.1 ms]
      [Ref Enq: 0.0 ms]
      [Free CSet: 0.5 ms]
   [Eden: 856.0M(856.0M)->0.0B(856.0M) Survivors: 66.0M->66.0M Heap: 1051.7M(1538.0M)->195.7M(1538.0M)]
 [Times: user=0.24 sys=0.00, real=0.03 secs] 
89.079: Total time for which application threads were stopped: 0.0308980 seconds, Stopping threads took: 0.0000650 seconds
89.528: Application time: 0.4484250 seconds
89.528: [GC pause (young), 0.0329610 secs]
   [Parallel Time: 31.7 ms, GC Workers: 8]
      [GC Worker Start (ms): Min: 89527.7, Avg: 89528.6, Max: 89531.4, Diff: 3.7]
      [Ext Root Scanning (ms): Min: 0.0, Avg: 0.6, Max: 0.9, Diff: 0.9, Sum: 4.6]
      [Update RS (ms): Min: 0.0, Avg: 0.3, Max: 0.4, Diff: 0.4, Sum: 2.0]
         [Processed Buffers: Min: 0, Avg: 2.1, Max: 6, Diff: 6, Sum: 17]
      [Scan RS (ms): Min: 0.2, Avg: 0.3, Max: 0.4, Diff: 0.2, Sum: 2.6]
      [Code Root Scanning (ms): Min: 0.0, Avg: 0.0, Max: 0.0, Diff: 0.0, Sum: 0.0]
      [Object Copy (ms): Min: 27.7, Avg: 29.5, Max: 30.2, Diff: 2.5, Sum: 236.3]
      [Termination (ms): Min: 0.0, Avg: 0.0, Max: 0.0, Diff: 0.0, Sum: 0.0]
      [GC Worker Other (ms): Min: 0.0, Avg: 0.0, Max: 0.1, Diff: 0.1, Sum: 0.3]
      [GC Worker Total (ms): Min: 27.9, Avg: 30.7, Max: 31.7, Diff: 3.8, Sum: 245.9]
      [GC Worker End (ms): Min: 89559.3, Avg: 89559.4, Max: 89559.4, Diff: 0.0]
   [Code Root Fixup: 0.0 ms]
   [Code Root Migration: 0.1 ms]
   [Clear CT: 0.4 ms]
   [Other: 0.7 ms]
      [Choose CSet: 0.0 ms]
      [Ref Proc: 0.1 ms]
      [Ref Enq: 0.0 ms]
      [Free CSet: 0.5 ms]
   [Eden: 856.0M(856.0M)->0.0B(852.0M) Survivors: 66.0M->70.0M Heap: 1051.7M(1538.0M)->199.3M(1538.0M)]
 [Times: user=0.22 sys=0.03, real=0.03 secs] 
89.561: Total time for which application threads were stopped: 0.0331700 seconds, Stopping threads took: 0.0000630 seconds
90.007: Application time: 0.4465060 seconds
90.007: [GC pause (young), 0.0332740 secs]
   [Parallel Time: 32.0 ms, GC Workers: 8]
      [GC Worker Start (ms): Min: 90007.4, Avg: 90007.4, Max: 90007.4, Diff: 0.1]
      [Ext Root Scanning (ms): Min: 0.7, Avg: 0.7, Max: 0.8, Diff: 0.1, Sum: 5.8]
      [Update RS (ms): Min: 0.2, Avg: 0.3, Max: 0.4, Diff: 0.2, Sum: 2.4]
         [Processed Buffers: Min: 1, Avg: 2.1, Max: 3, Diff: 2, Sum: 17]
      [Scan RS (ms): Min: 0.3, Avg: 0.4, Max: 0.4, Diff: 0.1, Sum: 2.9]
      [Code Root Scanning (ms): Min: 0.0, Avg: 0.0, Max: 0.0, Diff: 0.0, Sum: 0.0]
      [Object Copy (ms): Min: 30.5, Avg: 30.5, Max: 30.5, Diff: 0.1, Sum: 243.9]
      [Termination (ms): Min: 0.0, Avg: 0.0, Max: 0.0, Diff: 0.0, Sum: 0.0]
      [GC Worker Other (ms): Min: 0.0, Avg: 0.0, Max: 0.1, Diff: 0.1, Sum: 0.3]
      [GC Worker Total (ms): Min: 31.9, Avg: 31.9, Max: 32.0, Diff: 0.1, Sum: 255.4]
      [GC Worker End (ms): Min: 90039.3, Avg: 90039.3, Max: 90039.4, Diff: 0.1]
   [Code Root Fixup: 0.0 ms]
   [Code Root Migration: 0.1 ms]
   [Clear CT: 0.4 ms]
   [Other: 0.7 ms]
      [Choose CSet: 0.0 ms]
      [Ref Proc: 0.1 ms]
      [Ref Enq: 0.0 ms]
      [Free CSet: 0.6 ms]
   [Eden: 852.0M(852.0M)->0.0B(852.0M) Survivors: 70.0M->70.0M Heap: 1051.3M(1538.0M)->199.8M(1538.0M)]
 [Times: user=0.26 sys=0.00, real=0.03 secs] 
90.041: Total time for which application threads were stopped: 0.0334760 seconds, Stopping threads took: 0.0000640 seconds
90.488: Application time: 0.4475270 seconds
90.488: [GC pause (young), 0.0319120 secs]
   [Parallel Time: 30.6 ms, GC Workers: 8]
      [GC Worker Start (ms): Min: 90488.4, Avg: 90488.4, Max: 90488.4, Diff: 0.1]
      [Ext Root Scanning (ms): Min: 0.7, Avg: 0.7, Max: 0.8, Diff: 0.1, Sum: 5.9]
      [Update RS (ms): Min: 0.2, Avg: 0.3, Max: 0.3, Diff: 0.1, Sum: 2.3]
         [Processed Buffers: Min: 1, Avg: 2.1, Max: 4, Diff: 3, Sum: 17]
      [Scan RS (ms): Min: 0.3, Avg: 0.4, Max: 0.4, Diff: 0.1, Sum: 3.0]
      [Code Root Scanning (ms): Min: 0.0, Avg: 0.0, Max: 0.0, Diff: 0.0, Sum: 0.0]
      [Object Copy (ms): Min: 29.0, Avg: 29.1, Max: 29.1, Diff: 0.1, Sum: 232.7]
      [Termination (ms): Min: 0.0, Avg: 0.0, Max: 0.0, Diff: 0.0, Sum: 0.0]
      [GC Worker Other (ms): Min: 0.0, Avg: 0.0, Max: 0.1, Diff: 0.0, Sum: 0.4]
      [GC Worker Total (ms): Min: 30.5, Avg: 30.5, Max: 30.6, Diff: 0.1, Sum: 244.3]
      [GC Worker End (ms): Min: 90518.9, Avg: 90518.9, Max: 90518.9, Diff: 0.0]
   [Code Root Fixup: 0.0 ms]
   [Code Root Migration: 0.1 ms]
   [Clear CT: 0.4 ms]
   [Other: 0.8 ms]
      [Choose CSet: 0.0 ms]
      [Ref Proc: 0.1 ms]
      [Ref Enq: 0.0 ms]
      [Free CSet: 0.6 ms]
   [Eden: 852.0M(852.0M)->0.0B(854.0M) Survivors: 70.0M->68.0M Heap: 1051.8M(1538.0M)->197.8M(1538.0M)]
 [Times: user=0.24 sys=0.00, real=0.03 secs] 
90.520: Total time for which application threads were stopped: 0.0321090 seconds, Stopping threads took: 0.0000450 seconds
90.965: Application time: 0.4442700 seconds
90.965: [GC pause (young), 0.0332390 secs]
   [Parallel Time: 32.0 ms, GC Workers: 8]
      [GC Worker Start (ms): Min: 90964.7, Avg: 90964.7, Max: 90964.8, Diff: 0.1]
      [Ext Root Scanning (ms): Min: 0.7, Avg: 0.8, Max: 0.8, Diff: 0.1, Sum: 6.1]
      [Update RS (ms): Min: 0.2, Avg: 0.3, Max: 0.4, Diff: 0.1, Sum: 2.3]
         [Processed Buffers: Min: 1, Avg: 2.1, Max: 3, Diff: 2, Sum: 17]
      [Scan RS (ms): Min: 0.3, Avg: 0.4, Max: 0.4, Diff: 0.1, Sum: 3.0]
      [Code Root Scanning (ms): Min: 0.0, Avg: 0.0, Max: 0.0, Diff: 0.0, Sum: 0.0]
      [Object Copy (ms): Min: 30.4, Avg: 30.5, Max: 30.5, Diff: 0.1, Sum: 243.8]
      [Termination (ms): Min: 0.0, Avg: 0.0, Max: 0.0, Diff: 0.0, Sum: 0.0]
      [GC Worker Other (ms): Min: 0.0, Avg: 0.0, Max: 0.1, Diff: 0.0, Sum: 0.3]
      [GC Worker Total (ms): Min: 31.9, Avg: 31.9, Max: 32.0, Diff: 0.1, Sum: 255.5]
      [GC Worker End (ms): Min: 90996.7, Avg: 90996.7, Max: 90996.7, Diff: 0.0]
   [Code Root Fixup: 0.1 ms]
   [Code Root Migration: 0.1 ms]
   [Clear CT: 0.4 ms]
   [Other: 0.7 ms]
      [Choose CSet: 0.0 ms]
      [Ref Proc: 0.1 ms]
      [Ref Enq: 0.0 ms]
      [Free CSet: 0.5 ms]
   [Eden: 854.0M(854.0M)->0.0B(851.0M) Survivors: 68.0M->71.0M Heap: 1051.8M(1538.0M)->200.3M(1538.0M)]
 [Times: user=0.26 sys=0.00, real=0.03 secs] 
90.998: Total time for which application threads were stopped: 0.0334120 seconds, Stopping threads took: 0.0000380 seconds
91.436: Application time: 0.4375360 seconds
91.436: [GC pause (young), 0.0325040 secs]
   [Parallel Time: 31.3 ms, GC Workers: 8]
      [GC Worker Start (ms): Min: 91435.7, Avg: 91435.7, Max: 91435.8, Diff: 0.1]
      [Ext Root Scanning (ms): Min: 0.8, Avg: 0.8, Max: 0.8, Diff: 0.1, Sum: 6.4]
      [Update RS (ms): Min: 0.2, Avg: 0.3, Max: 0.3, Diff: 0.2, Sum: 2.3]
         [Processed Buffers: Min: 1, Avg: 2.1, Max: 3, Diff: 2, Sum: 17]
      [Scan RS (ms): Min: 0.3, Avg: 0.3, Max: 0.4, Diff: 0.1, Sum: 2.8]
      [Code Root Scanning (ms): Min: 0.0, Avg: 0.0, Max: 0.0, Diff: 0.0, Sum: 0.0]
      [Object Copy (ms): Min: 29.7, Avg: 29.7, Max: 29.8, Diff: 0.0, Sum: 238.0]
      [Termination (ms): Min: 0.0, Avg: 0.0, Max: 0.0, Diff: 0.0, Sum: 0.0]
      [GC Worker Other (ms): Min: 0.0, Avg: 0.1, Max: 0.1, Diff: 0.1, Sum: 0.4]
      [GC Worker Total (ms): Min: 31.2, Avg: 31.2, Max: 31.3, Diff: 0.1, Sum: 249.9]
      [GC Worker End (ms): Min: 91466.9, Avg: 91467.0, Max: 91467.0, Diff: 0.0]
   [Code Root Fixup: 0.0 ms]
   [Code Root Migration: 0.1 ms]
   [Clear CT: 0.4 ms]
   [Other: 0.7 ms]
      [Choose CSet: 0.0 ms]
      [Ref Proc: 0.1 ms]
      [Ref Enq: 0.0 ms]
      [Free CSet: 0.5 ms]
   [Eden: 851.0M(851.0M)->0.0B(852.0M) Survivors: 71.0M->70.0M Heap: 1051.3M(1538.0M)->199.8M(1538.0M)]
 [Times: user=0.26 sys=0.00, real=0.03 secs] 
91.468: Total time for which application threads were stopped: 0.0326960 seconds, Stopping threads took: 0.0000450 seconds
91.903: Application time: 0.4344060 seconds
91.903: [GC pause (young), 0.0312170 secs]
   [Parallel Time: 30.0 ms, GC Workers: 8]
      [GC Worker Start (ms): Min: 91902.8, Avg: 91902.8, Max: 91902.8, Diff: 0.1]
      [Ext Root Scanning (ms): Min: 0.7, Avg: 0.8, Max: 0.8, Diff: 0.1, Sum: 6.1]
      [Update RS (ms): Min: 0.2, Avg: 0.3, Max: 0.4, Diff: 0.2, Sum: 2.3]
         [Processed Buffers: Min: 1, Avg: 2.1, Max: 3, Diff: 2, Sum: 17]
      [Scan RS (ms): Min: 0.3, Avg: 0.4, Max: 0.4, Diff: 0.1, Sum: 3.0]
      [Code Root Scanning (ms): Min: 0.0, Avg: 0.0, Max: 0.0, Diff: 0.0, Sum: 0.0]
      [Object Copy (ms): Min: 28.4, Avg: 28.4, Max: 28.5, Diff: 0.1, Sum: 227.6]
      [Termination (ms): Min: 0.0, Avg: 0.0, Max: 0.0, Diff: 0.0, Sum: 0.0]
      [GC Worker Other (ms): Min: 0.0, Avg: 0.0, Max: 0.1, Diff: 0.0, Sum: 0.4]
      [GC Worker Total (ms): Min: 29.9, Avg: 29.9, Max: 30.0, Diff: 0.1, Sum: 239.4]
      [GC Worker End (ms): Min: 91932.7, Avg: 91932.7, Max: 91932.8, Diff: 0.0]
   [Code Root Fixup: 0.0 ms]
   [Code Root Migration: 0.1 ms]
   [Clear CT: 0.4 ms]
   [Other: 0.7 ms]
      [Choose CSet: 0.0 ms]
      [Ref Proc: 0.1 ms]
      [Ref Enq: 0.0 ms]
      [Free CSet: 0.5 ms]
   [Eden: 852.0M(852.0M)->0.0B(854.0M) Survivors: 70.0M->68.0M Heap: 1051.8M(1538.0M)->197.3M(1538.0M)]
 [Times: user=0.24 sys=0.00, real=0.04 secs] 
91.934: Total time for which application threads were stopped: 0.0314050 seconds, Stopping threads took: 0.0000480 seconds
92.371: Application time: 0.4369020 seconds
92.371: [GC pause (young), 0.0325510 secs]
   [Parallel Time: 31.4 ms, GC Workers: 8]
      [GC Worker Start (ms): Min: 92371.1, Avg: 92371.1, Max: 92371.1, Diff: 0.1]
      [Ext Root Scanning (ms): Min: 0.7, Avg: 0.8, Max: 0.8, Diff: 0.2, Sum: 6.1]
      [Update RS (ms): Min: 0.2, Avg: 0.3, Max: 0.4, Diff: 0.2, Sum: 2.3]
         [Processed Buffers: Min: 1, Avg: 2.1, Max: 4, Diff: 3, Sum: 17]
      [Scan RS (ms): Min: 0.3, Avg: 0.4, Max: 0.4, Diff: 0.1, Sum: 2.9]
      [Code Root Scanning (ms): Min: 0.0, Avg: 0.0, Max: 0.0, Diff: 0.0, Sum: 0.0]
      [Object Copy (ms): Min: 29.8, Avg: 29.8, Max: 29.8, Diff: 0.0, Sum: 238.6]
      [Termination (ms): Min: 0.0, Avg: 0.0, Max: 0.0, Diff: 0.0, Sum: 0.0]
      [GC Worker Other (ms): Min: 0.0, Avg: 0.0, Max: 0.1, Diff: 0.0, Sum: 0.4]
      [GC Worker Total (ms): Min: 31.3, Avg: 31.3, Max: 31.3, Diff: 0.1, Sum: 250.3]
      [GC Worker End (ms): Min: 92402.4, Avg: 92402.4, Max: 92402.4, Diff: 0.0]
   [Code Root Fixup: 0.0 ms]
   [Code Root Migration: 0.1 ms]
   [Clear CT: 0.4 ms]
   [Other: 0.7 ms]
      [Choose CSet: 0.0 ms]
      [Ref Proc: 0.1 ms]
      [Ref Enq: 0.0 ms]
      [Free CSet: 0.5 ms]
   [Eden: 854.0M(854.0M)->0.0B(852.0M) Survivors: 68.0M->70.0M Heap: 1051.3M(1538.0M)->199.3M(1538.0M)]
 [Times: user=0.26 sys=0.00, real=0.04 secs] 
92.404: Total time for which application threads were stopped: 0.0327240 seconds, Stopping threads took: 0.0000250 seconds
92.836: Application time: 0.4321850 seconds
92.836: [GC pause (young), 0.0342680 secs]
   [Parallel Time: 33.1 ms, GC Workers: 8]
      [GC Worker Start (ms): Min: 92836.0, Avg: 92836.0, Max: 92836.1, Diff: 0.1]
      [Ext Root Scanning (ms): Min: 0.7, Avg: 1.8, Max: 9.1, Diff: 8.5, Sum: 14.3]
      [Update RS (ms): Min: 0.0, Avg: 0.3, Max: 0.4, Diff: 0.4, Sum: 2.3]
         [Processed Buffers: Min: 0, Avg: 2.1, Max: 4, Diff: 4, Sum: 17]
      [Scan RS (ms): Min: 0.3, Avg: 0.4, Max: 0.4, Diff: 0.2, Sum: 2.9]
      [Code Root Scanning (ms): Min: 0.0, Avg: 0.0, Max: 0.0, Diff: 0.0, Sum: 0.0]
      [Object Copy (ms): Min: 23.5, Avg: 30.5, Max: 31.6, Diff: 8.1, Sum: 244.3]
      [Termination (ms): Min: 0.0, Avg: 0.0, Max: 0.0, Diff: 0.0, Sum: 0.0]
      [GC Worker Other (ms): Min: 0.0, Avg: 0.0, Max: 0.1, Diff: 0.0, Sum: 0.3]
      [GC Worker Total (ms): Min: 33.0, Avg: 33.0, Max: 33.0, Diff: 0.1, Sum: 264.0]
      [GC Worker End (ms): Min: 92869.0, Avg: 92869.0, Max: 92869.1, Diff: 0.0]
   [Code Root Fixup: 0.0 ms]
   [Code Root Migration: 0.1 ms]
   [Clear CT: 0.4 ms]
   [Other: 0.7 ms]
      [Choose CSet: 0.0 ms]
      [Ref Proc: 0.1 ms]
      [Ref Enq: 0.0 ms]
      [Free CSet: 0.5 ms]
   [Eden: 852.0M(852.0M)->0.0B(850.0M) Survivors: 70.0M->72.0M Heap: 1051.3M(1538.0M)->201.3M(1538.0M)]
 [Times: user=0.26 sys=0.00, real=0.03 secs] 
92.870: Total time for which application threads were stopped: 0.0344640 seconds, Stopping threads took: 0.0000540 seconds
93.306: Application time: 0.4353490 seconds
93.306: [GC pause (young), 0.0329080 secs]
   [Parallel Time: 31.6 ms, GC Workers: 8]
      [GC Worker Start (ms): Min: 93305.8, Avg: 93305.9, Max: 93305.9, Diff: 0.1]
      [Ext Root Scanning (ms): Min: 0.6, Avg: 0.7, Max: 0.8, Diff: 0.2, Sum: 5.9]
      [Update RS (ms): Min: 0.2, Avg: 0.4, Max: 1.3, Diff: 1.2, Sum: 3.3]
         [Processed Buffers: Min: 1, Avg: 2.1, Max: 3, Diff: 2, Sum: 17]
      [Scan RS (ms): Min: 0.0, Avg: 0.3, Max: 0.5, Diff: 0.4, Sum: 2.8]
      [Code Root Scanning (ms): Min: 0.0, Avg: 0.0, Max: 0.0, Diff: 0.0, Sum: 0.0]
      [Object Copy (ms): Min: 29.4, Avg: 30.0, Max: 30.2, Diff: 0.8, Sum: 240.2]
      [Termination (ms): Min: 0.0, Avg: 0.0, Max: 0.0, Diff: 0.0, Sum: 0.0]
      [GC Worker Other (ms): Min: 0.0, Avg: 0.0, Max: 0.1, Diff: 0.0, Sum: 0.3]
      [GC Worker Total (ms): Min: 31.5, Avg: 31.6, Max: 31.6, Diff: 0.1, Sum: 252.5]
      [GC Worker End (ms): Min: 93337.4, Avg: 93337.4, Max: 93337.5, Diff: 0.1]
   [Code Root Fixup: 0.0 ms]
   [Code Root Migration: 0.1 ms]
   [Clear CT: 0.4 ms]
   [Other: 0.7 ms]
      [Choose CSet: 0.0 ms]
      [Ref Proc: 0.1 ms]
      [Ref Enq: 0.0 ms]
      [Free CSet: 0.6 ms]
   [Eden: 850.0M(850.0M)->0.0B(852.0M) Survivors: 72.0M->70.0M Heap: 1051.3M(1538.0M)->199.3M(1538.0M)]
 [Times: user=0.26 sys=0.00, real=0.03 secs] 
93.339: Total time for which application threads were stopped: 0.0331060 seconds, Stopping threads took: 0.0000540 seconds
93.776: Application time: 0.4368120 seconds
93.776: [GC pause (young), 0.0309260 secs]
   [Parallel Time: 29.7 ms, GC Workers: 8]
      [GC Worker Start (ms): Min: 93775.7, Avg: 93775.8, Max: 93775.8, Diff: 0.1]
      [Ext Root Scanning (ms): Min: 0.7, Avg: 0.8, Max: 0.8, Diff: 0.1, Sum: 6.1]
      [Update RS (ms): Min: 0.2, Avg: 0.3, Max: 0.4, Diff: 0.2, Sum: 2.4]
         [Processed Buffers: Min: 1, Avg: 2.1, Max: 3, Diff: 2, Sum: 17]
      [Scan RS (ms): Min: 0.3, Avg: 0.3, Max: 0.4, Diff: 0.1, Sum: 2.8]
      [Code Root Scanning (ms): Min: 0.0, Avg: 0.0, Max: 0.0, Diff: 0.0, Sum: 0.1]
      [Object Copy (ms): Min: 28.2, Avg: 28.2, Max: 28.3, Diff: 0.1, Sum: 225.7]
      [Termination (ms): Min: 0.0, Avg: 0.0, Max: 0.0, Diff: 0.0, Sum: 0.0]
      [GC Worker Other (ms): Min: 0.0, Avg: 0.0, Max: 0.1, Diff: 0.0, Sum: 0.3]
      [GC Worker Total (ms): Min: 29.6, Avg: 29.7, Max: 29.7, Diff: 0.1, Sum: 237.4]
      [GC Worker End (ms): Min: 93805.4, Avg: 93805.4, Max: 93805.4, Diff: 0.0]
   [Code Root Fixup: 0.1 ms]
   [Code Root Migration: 0.1 ms]
   [Clear CT: 0.4 ms]
   [Other: 0.7 ms]
      [Choose CSet: 0.0 ms]
      [Ref Proc: 0.1 ms]
      [Ref Enq: 0.0 ms]
      [Free CSet: 0.5 ms]
   [Eden: 852.0M(852.0M)->0.0B(855.0M) Survivors: 70.0M->67.0M Heap: 1051.3M(1538.0M)->196.4M(1538.0M)]
 [Times: user=0.24 sys=0.00, real=0.03 secs] 
93.807: Total time for which application threads were stopped: 0.0310880 seconds, Stopping threads took: 0.0000280 seconds
94.252: Application time: 0.4450210 seconds
94.252: [GC pause (young), 0.0329040 secs]
   [Parallel Time: 31.6 ms, GC Workers: 8]
      [GC Worker Start (ms): Min: 94251.9, Avg: 94251.9, Max: 94251.9, Diff: 0.1]
      [Ext Root Scanning (ms): Min: 0.7, Avg: 0.7, Max: 0.8, Diff: 0.1, Sum: 5.8]
      [Update RS (ms): Min: 0.2, Avg: 0.3, Max: 0.4, Diff: 0.2, Sum: 2.3]
         [Processed Buffers: Min: 1, Avg: 2.1, Max: 3, Diff: 2, Sum: 17]
      [Scan RS (ms): Min: 0.3, Avg: 0.4, Max: 0.4, Diff: 0.2, Sum: 2.9]
      [Code Root Scanning (ms): Min: 0.0, Avg: 0.0, Max: 0.0, Diff: 0.0, Sum: 0.0]
      [Object Copy (ms): Min: 30.1, Avg: 30.1, Max: 30.2, Diff: 0.1, Sum: 240.9]
      [Termination (ms): Min: 0.0, Avg: 0.0, Max: 0.0, Diff: 0.0, Sum: 0.0]
      [GC Worker Other (ms): Min: 0.0, Avg: 0.1, Max: 0.1, Diff: 0.1, Sum: 0.4]
      [GC Worker Total (ms): Min: 31.5, Avg: 31.6, Max: 31.6, Diff: 0.1, Sum: 252.4]
      [GC Worker End (ms): Min: 94283.4, Avg: 94283.5, Max: 94283.5, Diff: 0.0]
   [Code Root Fixup: 0.1 ms]
   [Code Root Migration: 0.1 ms]
   [Clear CT: 0.3 ms]
   [Other: 0.8 ms]
      [Choose CSet: 0.0 ms]
      [Ref Proc: 0.1 ms]
      [Ref Enq: 0.0 ms]
      [Free CSet: 0.6 ms]
   [Eden: 855.0M(855.0M)->0.0B(852.0M) Survivors: 67.0M->70.0M Heap: 1051.4M(1538.0M)->199.9M(1538.0M)]
 [Times: user=0.25 sys=0.00, real=0.03 secs] 
94.285: Total time for which application threads were stopped: 0.0331160 seconds, Stopping threads took: 0.0000620 seconds
94.730: Application time: 0.4451130 seconds
94.730: [GC pause (young), 0.0335760 secs]
   [Parallel Time: 32.4 ms, GC Workers: 8]
      [GC Worker Start (ms): Min: 94730.1, Avg: 94730.3, Max: 94731.4, Diff: 1.3]
      [Ext Root Scanning (ms): Min: 0.0, Avg: 0.7, Max: 0.9, Diff: 0.8, Sum: 5.4]
      [Update RS (ms): Min: 0.0, Avg: 0.3, Max: 0.4, Diff: 0.4, Sum: 2.2]
         [Processed Buffers: Min: 0, Avg: 2.1, Max: 3, Diff: 3, Sum: 17]
      [Scan RS (ms): Min: 0.3, Avg: 0.4, Max: 0.4, Diff: 0.2, Sum: 2.8]
      [Code Root Scanning (ms): Min: 0.0, Avg: 0.0, Max: 0.0, Diff: 0.0, Sum: 0.0]
      [Object Copy (ms): Min: 30.8, Avg: 30.8, Max: 30.8, Diff: 0.1, Sum: 246.4]
      [Termination (ms): Min: 0.0, Avg: 0.0, Max: 0.0, Diff: 0.0, Sum: 0.0]
      [GC Worker Other (ms): Min: 0.0, Avg: 0.0, Max: 0.1, Diff: 0.0, Sum: 0.3]
      [GC Worker Total (ms): Min: 31.1, Avg: 32.2, Max: 32.3, Diff: 1.3, Sum: 257.2]
      [GC Worker End (ms): Min: 94762.4, Avg: 94762.4, Max: 94762.5, Diff: 0.1]
   [Code Root Fixup: 0.0 ms]
   [Code Root Migration: 0.1 ms]
   [Clear CT: 0.4 ms]
   [Other: 0.7 ms]
      [Choose CSet: 0.0 ms]
      [Ref Proc: 0.1 ms]
      [Ref Enq: 0.0 ms]
      [Free CSet: 0.5 ms]
   [Eden: 852.0M(852.0M)->0.0B(849.0M) Survivors: 70.0M->73.0M Heap: 1051.9M(1538.0M)->202.4M(1538.0M)]
 [Times: user=0.27 sys=0.00, real=0.04 secs] 
94.764: Total time for which application threads were stopped: 0.0337790 seconds, Stopping threads took: 0.0000690 seconds
95.207: Application time: 0.4434510 seconds
95.207: [GC pause (young), 0.0334030 secs]
   [Parallel Time: 32.1 ms, GC Workers: 8]
      [GC Worker Start (ms): Min: 95207.3, Avg: 95207.4, Max: 95207.4, Diff: 0.1]
      [Ext Root Scanning (ms): Min: 0.7, Avg: 0.7, Max: 0.8, Diff: 0.1, Sum: 5.8]
      [Update RS (ms): Min: 0.2, Avg: 0.3, Max: 0.4, Diff: 0.2, Sum: 2.3]
         [Processed Buffers: Min: 1, Avg: 2.1, Max: 3, Diff: 2, Sum: 17]
      [Scan RS (ms): Min: 0.3, Avg: 0.4, Max: 0.4, Diff: 0.2, Sum: 2.9]
      [Code Root Scanning (ms): Min: 0.0, Avg: 0.0, Max: 0.0, Diff: 0.0, Sum: 0.0]
      [Object Copy (ms): Min: 30.6, Avg: 30.6, Max: 30.7, Diff: 0.1, Sum: 244.8]
      [Termination (ms): Min: 0.0, Avg: 0.0, Max: 0.0, Diff: 0.0, Sum: 0.0]
      [GC Worker Other (ms): Min: 0.0, Avg: 0.1, Max: 0.1, Diff: 0.0, Sum: 0.4]
      [GC Worker Total (ms): Min: 32.0, Avg: 32.0, Max: 32.1, Diff: 0.1, Sum: 256.4]
      [GC Worker End (ms): Min: 95239.4, Avg: 95239.4, Max: 95239.4, Diff: 0.0]
   [Code Root Fixup: 0.0 ms]
   [Code Root Migration: 0.1 ms]
   [Clear CT: 0.4 ms]
   [Other: 0.7 ms]
      [Choose CSet: 0.0 ms]
      [Ref Proc: 0.1 ms]
      [Ref Enq: 0.0 ms]
      [Free CSet: 0.6 ms]
   [Eden: 849.0M(849.0M)->0.0B(851.0M) Survivors: 73.0M->71.0M Heap: 1051.4M(1538.0M)->200.4M(1538.0M)]
 [Times: user=0.26 sys=0.00, real=0.03 secs] 
95.241: Total time for which application threads were stopped: 0.0336160 seconds, Stopping threads took: 0.0000490 seconds
95.687: Application time: 0.4460110 seconds
95.687: [GC pause (young), 0.0333640 secs]
   [Parallel Time: 32.1 ms, GC Workers: 8]
      [GC Worker Start (ms): Min: 95687.0, Avg: 95687.0, Max: 95687.0, Diff: 0.1]
      [Ext Root Scanning (ms): Min: 0.7, Avg: 0.7, Max: 0.8, Diff: 0.1, Sum: 6.0]
      [Update RS (ms): Min: 0.2, Avg: 0.3, Max: 0.4, Diff: 0.2, Sum: 2.3]
         [Processed Buffers: Min: 1, Avg: 2.1, Max: 4, Diff: 3, Sum: 17]
      [Scan RS (ms): Min: 0.3, Avg: 0.4, Max: 0.5, Diff: 0.2, Sum: 3.0]
      [Code Root Scanning (ms): Min: 0.0, Avg: 0.0, Max: 0.0, Diff: 0.0, Sum: 0.0]
      [Object Copy (ms): Min: 30.5, Avg: 30.6, Max: 30.6, Diff: 0.1, Sum: 244.5]
      [Termination (ms): Min: 0.0, Avg: 0.0, Max: 0.0, Diff: 0.0, Sum: 0.0]
      [GC Worker Other (ms): Min: 0.0, Avg: 0.0, Max: 0.1, Diff: 0.0, Sum: 0.3]
      [GC Worker Total (ms): Min: 32.0, Avg: 32.0, Max: 32.0, Diff: 0.0, Sum: 256.1]
      [GC Worker End (ms): Min: 95719.0, Avg: 95719.0, Max: 95719.0, Diff: 0.0]
   [Code Root Fixup: 0.0 ms]
   [Code Root Migration: 0.1 ms]
   [Clear CT: 0.4 ms]
   [Other: 0.7 ms]
      [Choose CSet: 0.0 ms]
      [Ref Proc: 0.1 ms]
      [Ref Enq: 0.0 ms]
      [Free CSet: 0.6 ms]
   [Eden: 851.0M(851.0M)->0.0B(852.0M) Survivors: 71.0M->70.0M Heap: 1051.4M(1538.0M)->199.9M(1538.0M)]
 [Times: user=0.26 sys=0.00, real=0.03 secs] 
95.720: Total time for which application threads were stopped: 0.0335600 seconds, Stopping threads took: 0.0000540 seconds
96.164: Application time: 0.4437110 seconds
96.164: [GC pause (young), 0.0327820 secs]
   [Parallel Time: 31.6 ms, GC Workers: 8]
      [GC Worker Start (ms): Min: 96164.2, Avg: 96164.3, Max: 96164.3, Diff: 0.1]
      [Ext Root Scanning (ms): Min: 0.7, Avg: 0.8, Max: 0.8, Diff: 0.1, Sum: 6.0]
      [Update RS (ms): Min: 0.2, Avg: 0.3, Max: 0.4, Diff: 0.2, Sum: 2.3]
         [Processed Buffers: Min: 1, Avg: 2.1, Max: 4, Diff: 3, Sum: 17]
      [Scan RS (ms): Min: 0.3, Avg: 0.4, Max: 0.4, Diff: 0.1, Sum: 3.0]
      [Code Root Scanning (ms): Min: 0.0, Avg: 0.0, Max: 0.0, Diff: 0.0, Sum: 0.0]
      [Object Copy (ms): Min: 30.0, Avg: 30.1, Max: 30.1, Diff: 0.1, Sum: 240.6]
      [Termination (ms): Min: 0.0, Avg: 0.0, Max: 0.0, Diff: 0.0, Sum: 0.0]
      [GC Worker Other (ms): Min: 0.0, Avg: 0.0, Max: 0.1, Diff: 0.0, Sum: 0.3]
      [GC Worker Total (ms): Min: 31.5, Avg: 31.5, Max: 31.6, Diff: 0.1, Sum: 252.2]
      [GC Worker End (ms): Min: 96195.8, Avg: 96195.8, Max: 96195.8, Diff: 0.0]
   [Code Root Fixup: 0.0 ms]
   [Code Root Migration: 0.1 ms]
   [Clear CT: 0.3 ms]
   [Other: 0.7 ms]
      [Choose CSet: 0.0 ms]
      [Ref Proc: 0.1 ms]
      [Ref Enq: 0.0 ms]
      [Free CSet: 0.5 ms]
   [Eden: 852.0M(852.0M)->0.0B(851.0M) Survivors: 70.0M->71.0M Heap: 1051.9M(1538.0M)->200.4M(1538.0M)]
 [Times: user=0.25 sys=0.00, real=0.03 secs] 
96.197: Total time for which application threads were stopped: 0.0329890 seconds, Stopping threads took: 0.0000600 seconds
96.636: Application time: 0.4390710 seconds
96.636: [GC pause (young), 0.0317880 secs]
   [Parallel Time: 30.6 ms, GC Workers: 8]
      [GC Worker Start (ms): Min: 96636.3, Avg: 96636.7, Max: 96639.4, Diff: 3.1]
      [Ext Root Scanning (ms): Min: 0.0, Avg: 0.7, Max: 0.9, Diff: 0.9, Sum: 5.7]
      [Update RS (ms): Min: 0.0, Avg: 0.3, Max: 0.4, Diff: 0.4, Sum: 2.1]
         [Processed Buffers: Min: 0, Avg: 2.1, Max: 4, Diff: 4, Sum: 17]
      [Scan RS (ms): Min: 0.1, Avg: 0.3, Max: 0.4, Diff: 0.3, Sum: 2.6]
      [Code Root Scanning (ms): Min: 0.0, Avg: 0.0, Max: 0.0, Diff: 0.0, Sum: 0.0]
      [Object Copy (ms): Min: 27.2, Avg: 28.7, Max: 29.0, Diff: 1.7, Sum: 229.8]
      [Termination (ms): Min: 0.0, Avg: 0.0, Max: 0.0, Diff: 0.0, Sum: 0.0]
      [GC Worker Other (ms): Min: 0.0, Avg: 0.0, Max: 0.1, Diff: 0.0, Sum: 0.4]
      [GC Worker Total (ms): Min: 27.4, Avg: 30.1, Max: 30.5, Diff: 3.1, Sum: 240.6]
      [GC Worker End (ms): Min: 96666.8, Avg: 96666.8, Max: 96666.8, Diff: 0.0]
   [Code Root Fixup: 0.0 ms]
   [Code Root Migration: 0.1 ms]
   [Clear CT: 0.4 ms]
   [Other: 0.7 ms]
      [Choose CSet: 0.0 ms]
      [Ref Proc: 0.1 ms]
      [Ref Enq: 0.0 ms]
      [Free CSet: 0.5 ms]
   [Eden: 851.0M(851.0M)->0.0B(854.0M) Survivors: 71.0M->68.0M Heap: 1051.4M(1538.0M)->197.9M(1538.0M)]
 [Times: user=0.25 sys=0.00, real=0.03 secs] 
96.668: Total time for which application threads were stopped: 0.0319730 seconds, Stopping threads took: 0.0000520 seconds
97.108: Application time: 0.4403590 seconds
97.109: [GC pause (young), 0.0336150 secs]
   [Parallel Time: 32.4 ms, GC Workers: 8]
      [GC Worker Start (ms): Min: 97108.6, Avg: 97108.7, Max: 97108.7, Diff: 0.1]
      [Ext Root Scanning (ms): Min: 0.7, Avg: 0.8, Max: 0.8, Diff: 0.1, Sum: 6.1]
      [Update RS (ms): Min: 0.2, Avg: 0.3, Max: 0.4, Diff: 0.2, Sum: 2.3]
         [Processed Buffers: Min: 1, Avg: 2.1, Max: 3, Diff: 2, Sum: 17]
      [Scan RS (ms): Min: 0.3, Avg: 0.4, Max: 0.4, Diff: 0.1, Sum: 3.1]
      [Code Root Scanning (ms): Min: 0.0, Avg: 0.0, Max: 0.0, Diff: 0.0, Sum: 0.1]
      [Object Copy (ms): Min: 30.8, Avg: 30.8, Max: 30.9, Diff: 0.1, Sum: 246.8]
      [Termination (ms): Min: 0.0, Avg: 0.0, Max: 0.0, Diff: 0.0, Sum: 0.0]
      [GC Worker Other (ms): Min: 0.0, Avg: 0.0, Max: 0.1, Diff: 0.0, Sum: 0.3]
      [GC Worker Total (ms): Min: 32.3, Avg: 32.3, Max: 32.4, Diff: 0.1, Sum: 258.7]
      [GC Worker End (ms): Min: 97141.0, Avg: 97141.0, Max: 97141.0, Diff: 0.0]
   [Code Root Fixup: 0.0 ms]
   [Code Root Migration: 0.1 ms]
   [Clear CT: 0.4 ms]
   [Other: 0.7 ms]
      [Choose CSet: 0.0 ms]
      [Ref Proc: 0.1 ms]
      [Ref Enq: 0.0 ms]
      [Free CSet: 0.5 ms]
   [Eden: 854.0M(854.0M)->0.0B(852.0M) Survivors: 68.0M->70.0M Heap: 1051.9M(1538.0M)->199.9M(1538.0M)]
 [Times: user=0.26 sys=0.00, real=0.03 secs] 
97.142: Total time for which application threads were stopped: 0.0338270 seconds, Stopping threads took: 0.0000570 seconds
97.578: Application time: 0.4360570 seconds
97.578: [GC pause (young), 0.0325550 secs]
   [Parallel Time: 31.3 ms, GC Workers: 8]
      [GC Worker Start (ms): Min: 97578.5, Avg: 97578.5, Max: 97578.6, Diff: 0.1]
      [Ext Root Scanning (ms): Min: 0.7, Avg: 0.8, Max: 0.9, Diff: 0.1, Sum: 6.4]
      [Update RS (ms): Min: 0.2, Avg: 0.3, Max: 0.4, Diff: 0.2, Sum: 2.3]
         [Processed Buffers: Min: 1, Avg: 2.1, Max: 3, Diff: 2, Sum: 17]
      [Scan RS (ms): Min: 0.3, Avg: 0.4, Max: 0.4, Diff: 0.1, Sum: 2.9]
      [Code Root Scanning (ms): Min: 0.0, Avg: 0.0, Max: 0.0, Diff: 0.0, Sum: 0.0]
      [Object Copy (ms): Min: 29.7, Avg: 29.8, Max: 29.8, Diff: 0.1, Sum: 238.1]
      [Termination (ms): Min: 0.0, Avg: 0.0, Max: 0.0, Diff: 0.0, Sum: 0.0]
      [GC Worker Other (ms): Min: 0.0, Avg: 0.0, Max: 0.1, Diff: 0.0, Sum: 0.4]
      [GC Worker Total (ms): Min: 31.2, Avg: 31.3, Max: 31.3, Diff: 0.1, Sum: 250.2]
      [GC Worker End (ms): Min: 97609.8, Avg: 97609.8, Max: 97609.8, Diff: 0.0]
   [Code Root Fixup: 0.0 ms]
   [Code Root Migration: 0.1 ms]
   [Clear CT: 0.4 ms]
   [Other: 0.7 ms]
      [Choose CSet: 0.0 ms]
      [Ref Proc: 0.1 ms]
      [Ref Enq: 0.0 ms]
      [Free CSet: 0.5 ms]
   [Eden: 852.0M(852.0M)->0.0B(852.0M) Survivors: 70.0M->70.0M Heap: 1051.9M(1538.0M)->199.4M(1538.0M)]
 [Times: user=0.25 sys=0.00, real=0.03 secs] 
97.611: Total time for which application threads were stopped: 0.0327380 seconds, Stopping threads took: 0.0000460 seconds
98.046: Application time: 0.4351180 seconds
98.046: [GC pause (young), 0.0328810 secs]
   [Parallel Time: 31.6 ms, GC Workers: 8]
      [GC Worker Start (ms): Min: 98046.4, Avg: 98046.4, Max: 98046.5, Diff: 0.1]
      [Ext Root Scanning (ms): Min: 0.7, Avg: 0.7, Max: 0.8, Diff: 0.1, Sum: 5.8]
      [Update RS (ms): Min: 0.2, Avg: 0.3, Max: 0.4, Diff: 0.2, Sum: 2.4]
         [Processed Buffers: Min: 1, Avg: 2.1, Max: 3, Diff: 2, Sum: 17]
      [Scan RS (ms): Min: 0.3, Avg: 0.4, Max: 0.4, Diff: 0.1, Sum: 3.1]
      [Code Root Scanning (ms): Min: 0.0, Avg: 0.0, Max: 0.0, Diff: 0.0, Sum: 0.0]
      [Object Copy (ms): Min: 30.1, Avg: 30.1, Max: 30.1, Diff: 0.1, Sum: 240.8]
      [Termination (ms): Min: 0.0, Avg: 0.0, Max: 0.0, Diff: 0.0, Sum: 0.0]
      [GC Worker Other (ms): Min: 0.0, Avg: 0.0, Max: 0.1, Diff: 0.0, Sum: 0.4]
      [GC Worker Total (ms): Min: 31.5, Avg: 31.6, Max: 31.6, Diff: 0.1, Sum: 252.6]
      [GC Worker End (ms): Min: 98078.0, Avg: 98078.0, Max: 98078.0, Diff: 0.0]
   [Code Root Fixup: 0.0 ms]
   [Code Root Migration: 0.1 ms]
   [Clear CT: 0.4 ms]
   [Other: 0.7 ms]
      [Choose CSet: 0.0 ms]
      [Ref Proc: 0.1 ms]
      [Ref Enq: 0.0 ms]
      [Free CSet: 0.6 ms]
   [Eden: 852.0M(852.0M)->0.0B(852.0M) Survivors: 70.0M->70.0M Heap: 1051.4M(1538.0M)->200.0M(1538.0M)]
 [Times: user=0.25 sys=0.00, real=0.03 secs] 
98.079: Total time for which application threads were stopped: 0.0330940 seconds, Stopping threads took: 0.0000470 seconds
98.515: Application time: 0.4352570 seconds
98.515: [GC pause (young), 0.0326570 secs]
   [Parallel Time: 31.5 ms, GC Workers: 8]
      [GC Worker Start (ms): Min: 98514.7, Avg: 98514.8, Max: 98514.8, Diff: 0.1]
      [Ext Root Scanning (ms): Min: 0.7, Avg: 0.8, Max: 0.8, Diff: 0.1, Sum: 6.3]
      [Update RS (ms): Min: 0.2, Avg: 0.3, Max: 0.4, Diff: 0.1, Sum: 2.3]
         [Processed Buffers: Min: 1, Avg: 2.1, Max: 3, Diff: 2, Sum: 17]
      [Scan RS (ms): Min: 0.3, Avg: 0.4, Max: 0.4, Diff: 0.1, Sum: 2.9]
      [Code Root Scanning (ms): Min: 0.0, Avg: 0.0, Max: 0.0, Diff: 0.0, Sum: 0.0]
      [Object Copy (ms): Min: 29.9, Avg: 29.9, Max: 29.9, Diff: 0.1, Sum: 239.1]
      [Termination (ms): Min: 0.0, Avg: 0.0, Max: 0.0, Diff: 0.0, Sum: 0.0]
      [GC Worker Other (ms): Min: 0.0, Avg: 0.0, Max: 0.1, Diff: 0.0, Sum: 0.4]
      [GC Worker Total (ms): Min: 31.3, Avg: 31.4, Max: 31.4, Diff: 0.1, Sum: 251.1]
      [GC Worker End (ms): Min: 98546.1, Avg: 98546.1, Max: 98546.2, Diff: 0.0]
   [Code Root Fixup: 0.1 ms]
   [Code Root Migration: 0.1 ms]
   [Clear CT: 0.4 ms]
   [Other: 0.7 ms]
      [Choose CSet: 0.0 ms]
      [Ref Proc: 0.1 ms]
      [Ref Enq: 0.0 ms]
      [Free CSet: 0.5 ms]
   [Eden: 852.0M(852.0M)->0.0B(852.0M) Survivors: 70.0M->70.0M Heap: 1052.0M(1538.0M)->200.0M(1538.0M)]
 [Times: user=0.26 sys=0.00, real=0.03 secs] 
98.547: Total time for which application threads were stopped: 0.0328370 seconds, Stopping threads took: 0.0000460 seconds
98.986: Application time: 0.4384610 seconds
98.986: [GC pause (young), 0.0323880 secs]
   [Parallel Time: 31.2 ms, GC Workers: 8]
      [GC Worker Start (ms): Min: 98986.0, Avg: 98986.1, Max: 98986.1, Diff: 0.1]
      [Ext Root Scanning (ms): Min: 0.7, Avg: 0.7, Max: 0.8, Diff: 0.1, Sum: 5.9]
      [Update RS (ms): Min: 0.2, Avg: 0.3, Max: 0.5, Diff: 0.3, Sum: 2.3]
         [Processed Buffers: Min: 1, Avg: 2.1, Max: 3, Diff: 2, Sum: 17]
      [Scan RS (ms): Min: 0.3, Avg: 0.4, Max: 0.4, Diff: 0.1, Sum: 3.1]
      [Code Root Scanning (ms): Min: 0.0, Avg: 0.0, Max: 0.0, Diff: 0.0, Sum: 0.0]
      [Object Copy (ms): Min: 29.6, Avg: 29.6, Max: 29.7, Diff: 0.1, Sum: 236.8]
      [Termination (ms): Min: 0.0, Avg: 0.0, Max: 0.0, Diff: 0.0, Sum: 0.0]
      [GC Worker Other (ms): Min: 0.0, Avg: 0.0, Max: 0.1, Diff: 0.0, Sum: 0.4]
      [GC Worker Total (ms): Min: 31.0, Avg: 31.1, Max: 31.1, Diff: 0.1, Sum: 248.6]
      [GC Worker End (ms): Min: 99017.1, Avg: 99017.1, Max: 99017.1, Diff: 0.0]
   [Code Root Fixup: 0.0 ms]
   [Code Root Migration: 0.1 ms]
   [Clear CT: 0.4 ms]
   [Other: 0.7 ms]
      [Choose CSet: 0.0 ms]
      [Ref Proc: 0.1 ms]
      [Ref Enq: 0.0 ms]
      [Free CSet: 0.5 ms]
   [Eden: 852.0M(852.0M)->0.0B(852.0M) Survivors: 70.0M->70.0M Heap: 1052.0M(1538.0M)->200.0M(1538.0M)]
 [Times: user=0.25 sys=0.00, real=0.03 secs] 
99.018: Total time for which application threads were stopped: 0.0325660 seconds, Stopping threads took: 0.0000330 seconds
99.461: Application time: 0.4420830 seconds
99.461: [GC pause (young), 0.0328640 secs]
   [Parallel Time: 31.7 ms, GC Workers: 8]
      [GC Worker Start (ms): Min: 99460.7, Avg: 99460.7, Max: 99460.7, Diff: 0.1]
      [Ext Root Scanning (ms): Min: 0.7, Avg: 0.7, Max: 0.8, Diff: 0.1, Sum: 5.9]
      [Update RS (ms): Min: 0.2, Avg: 0.3, Max: 0.4, Diff: 0.2, Sum: 2.4]
         [Processed Buffers: Min: 1, Avg: 2.1, Max: 3, Diff: 2, Sum: 17]
      [Scan RS (ms): Min: 0.3, Avg: 0.4, Max: 0.4, Diff: 0.1, Sum: 2.9]
      [Code Root Scanning (ms): Min: 0.0, Avg: 0.0, Max: 0.0, Diff: 0.0, Sum: 0.0]
      [Object Copy (ms): Min: 30.1, Avg: 30.1, Max: 30.2, Diff: 0.1, Sum: 241.2]
      [Termination (ms): Min: 0.0, Avg: 0.0, Max: 0.0, Diff: 0.0, Sum: 0.0]
      [GC Worker Other (ms): Min: 0.0, Avg: 0.0, Max: 0.1, Diff: 0.0, Sum: 0.3]
      [GC Worker Total (ms): Min: 31.5, Avg: 31.6, Max: 31.6, Diff: 0.1, Sum: 252.6]
      [GC Worker End (ms): Min: 99492.3, Avg: 99492.3, Max: 99492.3, Diff: 0.0]
   [Code Root Fixup: 0.0 ms]
   [Code Root Migration: 0.1 ms]
   [Clear CT: 0.4 ms]
   [Other: 0.7 ms]
      [Choose CSet: 0.0 ms]
      [Ref Proc: 0.1 ms]
      [Ref Enq: 0.0 ms]
      [Free CSet: 0.5 ms]
   [Eden: 852.0M(852.0M)->0.0B(851.0M) Survivors: 70.0M->71.0M Heap: 1052.0M(1538.0M)->200.5M(1538.0M)]
 [Times: user=0.25 sys=0.00, real=0.04 secs] 
99.494: Total time for which application threads were stopped: 0.0330360 seconds, Stopping threads took: 0.0000290 seconds
99.939: Application time: 0.4452700 seconds
99.939: [GC pause (young), 0.0324070 secs]
   [Parallel Time: 31.2 ms, GC Workers: 8]
      [GC Worker Start (ms): Min: 99939.0, Avg: 99939.1, Max: 99939.3, Diff: 0.3]
      [Ext Root Scanning (ms): Min: 0.6, Avg: 0.8, Max: 0.8, Diff: 0.3, Sum: 6.1]
      [Update RS (ms): Min: 0.2, Avg: 0.3, Max: 0.4, Diff: 0.2, Sum: 2.3]
         [Processed Buffers: Min: 1, Avg: 2.1, Max: 3, Diff: 2, Sum: 17]
      [Scan RS (ms): Min: 0.3, Avg: 0.4, Max: 0.4, Diff: 0.1, Sum: 2.9]
      [Code Root Scanning (ms): Min: 0.0, Avg: 0.0, Max: 0.0, Diff: 0.0, Sum: 0.0]
      [Object Copy (ms): Min: 29.5, Avg: 29.6, Max: 29.6, Diff: 0.1, Sum: 236.7]
      [Termination (ms): Min: 0.0, Avg: 0.0, Max: 0.0, Diff: 0.0, Sum: 0.0]
      [GC Worker Other (ms): Min: 0.0, Avg: 0.0, Max: 0.1, Diff: 0.0, Sum: 0.3]
      [GC Worker Total (ms): Min: 30.8, Avg: 31.1, Max: 31.1, Diff: 0.4, Sum: 248.5]
      [GC Worker End (ms): Min: 99970.1, Avg: 99970.1, Max: 99970.2, Diff: 0.0]
   [Code Root Fixup: 0.0 ms]
   [Code Root Migration: 0.1 ms]
   [Clear CT: 0.4 ms]
   [Other: 0.7 ms]
      [Choose CSet: 0.0 ms]
      [Ref Proc: 0.1 ms]
      [Ref Enq: 0.0 ms]
      [Free CSet: 0.5 ms]
   [Eden: 851.0M(851.0M)->0.0B(852.0M) Survivors: 71.0M->70.0M Heap: 1051.5M(1538.0M)->200.0M(1538.0M)]
 [Times: user=0.26 sys=0.00, real=0.04 secs] 
99.971: Total time for which application threads were stopped: 0.0326190 seconds, Stopping threads took: 0.0000690 seconds
100.419: Application time: 0.4474070 seconds
100.419: [GC pause (young), 0.0323280 secs]
   [Parallel Time: 31.1 ms, GC Workers: 8]
      [GC Worker Start (ms): Min: 100419.0, Avg: 100419.0, Max: 100419.1, Diff: 0.1]
      [Ext Root Scanning (ms): Min: 0.8, Avg: 0.8, Max: 0.8, Diff: 0.1, Sum: 6.3]
      [Update RS (ms): Min: 0.2, Avg: 0.3, Max: 0.4, Diff: 0.1, Sum: 2.3]
         [Processed Buffers: Min: 1, Avg: 2.1, Max: 3, Diff: 2, Sum: 17]
      [Scan RS (ms): Min: 0.3, Avg: 0.4, Max: 0.4, Diff: 0.1, Sum: 2.8]
      [Code Root Scanning (ms): Min: 0.0, Avg: 0.0, Max: 0.0, Diff: 0.0, Sum: 0.0]
      [Object Copy (ms): Min: 29.5, Avg: 29.5, Max: 29.6, Diff: 0.0, Sum: 236.4]
      [Termination (ms): Min: 0.0, Avg: 0.0, Max: 0.0, Diff: 0.0, Sum: 0.0]
      [GC Worker Other (ms): Min: 0.0, Avg: 0.1, Max: 0.1, Diff: 0.0, Sum: 0.4]
      [GC Worker Total (ms): Min: 31.0, Avg: 31.0, Max: 31.1, Diff: 0.1, Sum: 248.2]
      [GC Worker End (ms): Min: 100450.1, Avg: 100450.1, Max: 100450.1, Diff: 0.0]
   [Code Root Fixup: 0.0 ms]
   [Code Root Migration: 0.1 ms]
   [Clear CT: 0.4 ms]
   [Other: 0.7 ms]
      [Choose CSet: 0.0 ms]
      [Ref Proc: 0.1 ms]
      [Ref Enq: 0.0 ms]
      [Free CSet: 0.5 ms]
   [Eden: 852.0M(852.0M)->0.0B(852.0M) Survivors: 70.0M->70.0M Heap: 1052.0M(1538.0M)->199.5M(1538.0M)]
 [Times: user=0.25 sys=0.00, real=0.04 secs] 
100.453: Total time for which application threads were stopped: 0.0340150 seconds, Stopping threads took: 0.0000430 seconds
100.899: Application time: 0.4465470 seconds
100.900: [GC pause (young), 0.0336050 secs]
   [Parallel Time: 32.3 ms, GC Workers: 8]
      [GC Worker Start (ms): Min: 100899.6, Avg: 100899.7, Max: 100899.7, Diff: 0.1]
      [Ext Root Scanning (ms): Min: 0.6, Avg: 0.7, Max: 0.8, Diff: 0.1, Sum: 5.9]
      [Update RS (ms): Min: 0.2, Avg: 0.3, Max: 0.5, Diff: 0.3, Sum: 2.4]
         [Processed Buffers: Min: 1, Avg: 2.1, Max: 3, Diff: 2, Sum: 17]
      [Scan RS (ms): Min: 0.3, Avg: 0.4, Max: 0.4, Diff: 0.1, Sum: 2.9]
      [Code Root Scanning (ms): Min: 0.0, Avg: 0.0, Max: 0.0, Diff: 0.0, Sum: 0.0]
      [Object Copy (ms): Min: 30.8, Avg: 30.8, Max: 30.9, Diff: 0.1, Sum: 246.4]
      [Termination (ms): Min: 0.0, Avg: 0.0, Max: 0.0, Diff: 0.0, Sum: 0.0]
      [GC Worker Other (ms): Min: 0.0, Avg: 0.0, Max: 0.1, Diff: 0.0, Sum: 0.4]
      [GC Worker Total (ms): Min: 32.2, Avg: 32.3, Max: 32.3, Diff: 0.1, Sum: 258.1]
      [GC Worker End (ms): Min: 100931.9, Avg: 100931.9, Max: 100931.9, Diff: 0.1]
   [Code Root Fixup: 0.0 ms]
   [Code Root Migration: 0.1 ms]
   [Clear CT: 0.4 ms]
   [Other: 0.7 ms]
      [Choose CSet: 0.0 ms]
      [Ref Proc: 0.1 ms]
      [Ref Enq: 0.0 ms]
      [Free CSet: 0.6 ms]
   [Eden: 852.0M(852.0M)->0.0B(852.0M) Survivors: 70.0M->70.0M Heap: 1051.5M(1538.0M)->200.0M(1538.0M)]
 [Times: user=0.26 sys=0.00, real=0.04 secs] 
100.933: Total time for which application threads were stopped: 0.0338350 seconds, Stopping threads took: 0.0000800 seconds
101.376: Application time: 0.4422530 seconds
101.376: [GC pause (young), 0.0327000 secs]
   [Parallel Time: 31.5 ms, GC Workers: 8]
      [GC Worker Start (ms): Min: 101375.7, Avg: 101375.7, Max: 101375.7, Diff: 0.1]
      [Ext Root Scanning (ms): Min: 0.7, Avg: 0.8, Max: 0.8, Diff: 0.1, Sum: 6.2]
      [Update RS (ms): Min: 0.2, Avg: 0.3, Max: 0.4, Diff: 0.1, Sum: 2.3]
         [Processed Buffers: Min: 1, Avg: 2.1, Max: 3, Diff: 2, Sum: 17]
      [Scan RS (ms): Min: 0.3, Avg: 0.4, Max: 0.5, Diff: 0.2, Sum: 2.8]
      [Code Root Scanning (ms): Min: 0.0, Avg: 0.0, Max: 0.0, Diff: 0.0, Sum: 0.0]
      [Object Copy (ms): Min: 29.9, Avg: 29.9, Max: 30.0, Diff: 0.1, Sum: 239.5]
      [Termination (ms): Min: 0.0, Avg: 0.0, Max: 0.0, Diff: 0.0, Sum: 0.0]
      [GC Worker Other (ms): Min: 0.0, Avg: 0.1, Max: 0.1, Diff: 0.0, Sum: 0.4]
      [GC Worker Total (ms): Min: 31.4, Avg: 31.4, Max: 31.4, Diff: 0.1, Sum: 251.3]
      [GC Worker End (ms): Min: 101407.1, Avg: 101407.1, Max: 101407.1, Diff: 0.0]
   [Code Root Fixup: 0.0 ms]
   [Code Root Migration: 0.1 ms]
   [Clear CT: 0.4 ms]
   [Other: 0.7 ms]
      [Choose CSet: 0.0 ms]
      [Ref Proc: 0.1 ms]
      [Ref Enq: 0.0 ms]
      [Free CSet: 0.5 ms]
   [Eden: 852.0M(852.0M)->0.0B(851.0M) Survivors: 70.0M->71.0M Heap: 1052.0M(1538.0M)->200.5M(1538.0M)]
 [Times: user=0.25 sys=0.00, real=0.03 secs] 
101.408: Total time for which application threads were stopped: 0.0328900 seconds, Stopping threads took: 0.0000580 seconds
101.847: Application time: 0.4388180 seconds
101.847: [GC pause (young), 0.0325080 secs]
   [Parallel Time: 31.3 ms, GC Workers: 8]
      [GC Worker Start (ms): Min: 101847.4, Avg: 101847.4, Max: 101847.5, Diff: 0.1]
      [Ext Root Scanning (ms): Min: 0.7, Avg: 0.8, Max: 0.9, Diff: 0.2, Sum: 6.3]
      [Update RS (ms): Min: 0.2, Avg: 0.3, Max: 0.4, Diff: 0.2, Sum: 2.3]
         [Processed Buffers: Min: 1, Avg: 2.1, Max: 3, Diff: 2, Sum: 17]
      [Scan RS (ms): Min: 0.3, Avg: 0.4, Max: 0.4, Diff: 0.1, Sum: 2.8]
      [Code Root Scanning (ms): Min: 0.0, Avg: 0.0, Max: 0.0, Diff: 0.0, Sum: 0.0]
      [Object Copy (ms): Min: 29.7, Avg: 29.7, Max: 29.8, Diff: 0.0, Sum: 237.9]
      [Termination (ms): Min: 0.0, Avg: 0.0, Max: 0.0, Diff: 0.0, Sum: 0.0]
      [GC Worker Other (ms): Min: 0.0, Avg: 0.0, Max: 0.1, Diff: 0.0, Sum: 0.4]
      [GC Worker Total (ms): Min: 31.2, Avg: 31.2, Max: 31.3, Diff: 0.1, Sum: 249.8]
      [GC Worker End (ms): Min: 101878.6, Avg: 101878.6, Max: 101878.7, Diff: 0.0]
   [Code Root Fixup: 0.0 ms]
   [Code Root Migration: 0.1 ms]
   [Clear CT: 0.4 ms]
   [Other: 0.7 ms]
      [Choose CSet: 0.0 ms]
      [Ref Proc: 0.1 ms]
      [Ref Enq: 0.0 ms]
      [Free CSet: 0.5 ms]
   [Eden: 851.0M(851.0M)->0.0B(852.0M) Survivors: 71.0M->70.0M Heap: 1051.5M(1538.0M)->200.1M(1538.0M)]
 [Times: user=0.25 sys=0.00, real=0.03 secs] 
101.880: Total time for which application threads were stopped: 0.0326840 seconds, Stopping threads took: 0.0000150 seconds
102.320: Application time: 0.4399720 seconds
102.320: [GC pause (young), 0.0328950 secs]
   [Parallel Time: 31.7 ms, GC Workers: 8]
      [GC Worker Start (ms): Min: 102320.1, Avg: 102320.1, Max: 102320.1, Diff: 0.1]
      [Ext Root Scanning (ms): Min: 0.7, Avg: 0.8, Max: 0.8, Diff: 0.1, Sum: 6.3]
      [Update RS (ms): Min: 0.2, Avg: 0.3, Max: 0.4, Diff: 0.2, Sum: 2.3]
         [Processed Buffers: Min: 1, Avg: 2.1, Max: 3, Diff: 2, Sum: 17]
      [Scan RS (ms): Min: 0.3, Avg: 0.4, Max: 0.4, Diff: 0.1, Sum: 3.0]
      [Code Root Scanning (ms): Min: 0.0, Avg: 0.0, Max: 0.0, Diff: 0.0, Sum: 0.0]
      [Object Copy (ms): Min: 30.1, Avg: 30.1, Max: 30.2, Diff: 0.1, Sum: 241.2]
      [Termination (ms): Min: 0.0, Avg: 0.0, Max: 0.0, Diff: 0.0, Sum: 0.0]
      [GC Worker Other (ms): Min: 0.0, Avg: 0.0, Max: 0.0, Diff: 0.0, Sum: 0.2]
      [GC Worker Total (ms): Min: 31.6, Avg: 31.6, Max: 31.7, Diff: 0.1, Sum: 252.9]
      [GC Worker End (ms): Min: 102351.7, Avg: 102351.7, Max: 102351.7, Diff: 0.0]
   [Code Root Fixup: 0.0 ms]
   [Code Root Migration: 0.1 ms]
   [Clear CT: 0.4 ms]
   [Other: 0.7 ms]
      [Choose CSet: 0.0 ms]
      [Ref Proc: 0.1 ms]
      [Ref Enq: 0.0 ms]
      [Free CSet: 0.5 ms]
   [Eden: 852.0M(852.0M)->0.0B(852.0M) Survivors: 70.0M->70.0M Heap: 1052.1M(1538.0M)->200.1M(1538.0M)]
 [Times: user=0.25 sys=0.00, real=0.04 secs] 
102.353: Total time for which application threads were stopped: 0.0330900 seconds, Stopping threads took: 0.0000520 seconds
102.790: Application time: 0.4368210 seconds
102.790: [GC pause (young), 0.0325980 secs]
   [Parallel Time: 31.4 ms, GC Workers: 8]
      [GC Worker Start (ms): Min: 102790.0, Avg: 102790.0, Max: 102790.1, Diff: 0.1]
      [Ext Root Scanning (ms): Min: 0.7, Avg: 0.8, Max: 0.8, Diff: 0.2, Sum: 6.2]
      [Update RS (ms): Min: 0.2, Avg: 0.3, Max: 0.5, Diff: 0.3, Sum: 2.4]
         [Processed Buffers: Min: 1, Avg: 2.1, Max: 3, Diff: 2, Sum: 17]
      [Scan RS (ms): Min: 0.3, Avg: 0.4, Max: 0.5, Diff: 0.2, Sum: 3.0]
      [Code Root Scanning (ms): Min: 0.0, Avg: 0.0, Max: 0.0, Diff: 0.0, Sum: 0.1]
      [Object Copy (ms): Min: 29.7, Avg: 29.8, Max: 29.8, Diff: 0.1, Sum: 238.3]
      [Termination (ms): Min: 0.0, Avg: 0.0, Max: 0.0, Diff: 0.0, Sum: 0.0]
      [GC Worker Other (ms): Min: 0.0, Avg: 0.0, Max: 0.1, Diff: 0.0, Sum: 0.4]
      [GC Worker Total (ms): Min: 31.2, Avg: 31.3, Max: 31.3, Diff: 0.1, Sum: 250.3]
      [GC Worker End (ms): Min: 102821.3, Avg: 102821.3, Max: 102821.3, Diff: 0.0]
   [Code Root Fixup: 0.1 ms]
   [Code Root Migration: 0.1 ms]
   [Clear CT: 0.4 ms]
   [Other: 0.7 ms]
      [Choose CSet: 0.0 ms]
      [Ref Proc: 0.1 ms]
      [Ref Enq: 0.0 ms]
      [Free CSet: 0.5 ms]
   [Eden: 852.0M(852.0M)->0.0B(853.0M) Survivors: 70.0M->69.0M Heap: 1052.1M(1538.0M)->199.1M(1538.0M)]
 [Times: user=0.25 sys=0.00, real=0.03 secs] 
102.823: Total time for which application threads were stopped: 0.0328030 seconds, Stopping threads took: 0.0000490 seconds
103.261: Application time: 0.4382380 seconds
103.261: [GC pause (young), 0.0322190 secs]
   [Parallel Time: 31.0 ms, GC Workers: 8]
      [GC Worker Start (ms): Min: 103261.0, Avg: 103261.0, Max: 103261.1, Diff: 0.1]
      [Ext Root Scanning (ms): Min: 0.6, Avg: 0.7, Max: 0.8, Diff: 0.2, Sum: 5.7]
      [Update RS (ms): Min: 0.2, Avg: 0.3, Max: 0.3, Diff: 0.1, Sum: 2.3]
         [Processed Buffers: Min: 1, Avg: 2.1, Max: 3, Diff: 2, Sum: 17]
      [Scan RS (ms): Min: 0.3, Avg: 0.4, Max: 0.4, Diff: 0.1, Sum: 3.0]
      [Code Root Scanning (ms): Min: 0.0, Avg: 0.0, Max: 0.0, Diff: 0.0, Sum: 0.0]
      [Object Copy (ms): Min: 29.4, Avg: 29.5, Max: 29.5, Diff: 0.1, Sum: 235.7]
      [Termination (ms): Min: 0.0, Avg: 0.0, Max: 0.0, Diff: 0.0, Sum: 0.0]
      [GC Worker Other (ms): Min: 0.0, Avg: 0.0, Max: 0.0, Diff: 0.0, Sum: 0.3]
      [GC Worker Total (ms): Min: 30.9, Avg: 30.9, Max: 30.9, Diff: 0.1, Sum: 247.1]
      [GC Worker End (ms): Min: 103291.9, Avg: 103291.9, Max: 103291.9, Diff: 0.0]
   [Code Root Fixup: 0.1 ms]
   [Code Root Migration: 0.1 ms]
   [Clear CT: 0.4 ms]
   [Other: 0.7 ms]
      [Choose CSet: 0.0 ms]
      [Ref Proc: 0.1 ms]
      [Ref Enq: 0.0 ms]
      [Free CSet: 0.5 ms]
   [Eden: 853.0M(853.0M)->0.0B(853.0M) Survivors: 69.0M->69.0M Heap: 1052.1M(1538.0M)->199.1M(1538.0M)]
 [Times: user=0.25 sys=0.00, real=0.04 secs] 
103.293: Total time for which application threads were stopped: 0.0324010 seconds, Stopping threads took: 0.0000390 seconds
103.732: Application time: 0.4386360 seconds
103.732: [GC pause (young), 0.0318510 secs]
   [Parallel Time: 30.6 ms, GC Workers: 8]
      [GC Worker Start (ms): Min: 103732.1, Avg: 103732.1, Max: 103732.2, Diff: 0.1]
      [Ext Root Scanning (ms): Min: 0.7, Avg: 0.9, Max: 2.0, Diff: 1.3, Sum: 7.4]
      [Update RS (ms): Min: 0.0, Avg: 0.3, Max: 0.4, Diff: 0.4, Sum: 2.3]
         [Processed Buffers: Min: 0, Avg: 2.1, Max: 4, Diff: 4, Sum: 17]
      [Scan RS (ms): Min: 0.0, Avg: 0.3, Max: 0.5, Diff: 0.4, Sum: 2.8]
      [Code Root Scanning (ms): Min: 0.0, Avg: 0.0, Max: 0.0, Diff: 0.0, Sum: 0.0]
      [Object Copy (ms): Min: 28.5, Avg: 29.0, Max: 29.1, Diff: 0.6, Sum: 231.8]
      [Termination (ms): Min: 0.0, Avg: 0.0, Max: 0.0, Diff: 0.0, Sum: 0.0]
      [GC Worker Other (ms): Min: 0.0, Avg: 0.0, Max: 0.1, Diff: 0.0, Sum: 0.4]
      [GC Worker Total (ms): Min: 30.6, Avg: 30.6, Max: 30.6, Diff: 0.1, Sum: 244.7]
      [GC Worker End (ms): Min: 103762.7, Avg: 103762.7, Max: 103762.7, Diff: 0.0]
   [Code Root Fixup: 0.0 ms]
   [Code Root Migration: 0.1 ms]
   [Clear CT: 0.4 ms]
   [Other: 0.7 ms]
      [Choose CSet: 0.0 ms]
      [Ref Proc: 0.1 ms]
      [Ref Enq: 0.0 ms]
      [Free CSet: 0.5 ms]
   [Eden: 853.0M(853.0M)->0.0B(854.0M) Survivors: 69.0M->68.0M Heap: 1052.1M(1538.0M)->198.1M(1538.0M)]
 [Times: user=0.25 sys=0.00, real=0.03 secs] 
103.764: Total time for which application threads were stopped: 0.0320820 seconds, Stopping threads took: 0.0000800 seconds
104.205: Application time: 0.4414190 seconds
104.206: [GC pause (young), 0.0304270 secs]
   [Parallel Time: 29.2 ms, GC Workers: 8]
      [GC Worker Start (ms): Min: 104205.6, Avg: 104205.6, Max: 104205.6, Diff: 0.1]
      [Ext Root Scanning (ms): Min: 0.7, Avg: 0.7, Max: 0.8, Diff: 0.1, Sum: 5.9]
      [Update RS (ms): Min: 0.2, Avg: 0.3, Max: 0.4, Diff: 0.2, Sum: 2.4]
         [Processed Buffers: Min: 1, Avg: 2.1, Max: 4, Diff: 3, Sum: 17]
      [Scan RS (ms): Min: 0.3, Avg: 0.4, Max: 0.4, Diff: 0.1, Sum: 2.9]
      [Code Root Scanning (ms): Min: 0.0, Avg: 0.0, Max: 0.0, Diff: 0.0, Sum: 0.0]
      [Object Copy (ms): Min: 27.7, Avg: 27.7, Max: 27.7, Diff: 0.1, Sum: 221.7]
      [Termination (ms): Min: 0.0, Avg: 0.0, Max: 0.0, Diff: 0.0, Sum: 0.0]
      [GC Worker Other (ms): Min: 0.0, Avg: 0.1, Max: 0.1, Diff: 0.0, Sum: 0.4]
      [GC Worker Total (ms): Min: 29.1, Avg: 29.2, Max: 29.2, Diff: 0.1, Sum: 233.3]
      [GC Worker End (ms): Min: 104234.7, Avg: 104234.8, Max: 104234.8, Diff: 0.0]
   [Code Root Fixup: 0.0 ms]
   [Code Root Migration: 0.1 ms]
   [Clear CT: 0.4 ms]
   [Other: 0.7 ms]
      [Choose CSet: 0.0 ms]
      [Ref Proc: 0.1 ms]
      [Ref Enq: 0.0 ms]
      [Free CSet: 0.5 ms]
   [Eden: 854.0M(854.0M)->0.0B(857.0M) Survivors: 68.0M->65.0M Heap: 1052.1M(1538.0M)->195.1M(1538.0M)]
 [Times: user=0.24 sys=0.00, real=0.03 secs] 
104.236: Total time for which application threads were stopped: 0.0306180 seconds, Stopping threads took: 0.0000570 seconds
104.685: Application time: 0.4490190 seconds
104.685: [GC pause (young), 0.0329770 secs]
   [Parallel Time: 31.6 ms, GC Workers: 8]
      [GC Worker Start (ms): Min: 104685.2, Avg: 104685.2, Max: 104685.3, Diff: 0.1]
      [Ext Root Scanning (ms): Min: 0.7, Avg: 0.7, Max: 0.8, Diff: 0.1, Sum: 6.0]
      [Update RS (ms): Min: 0.2, Avg: 0.3, Max: 0.4, Diff: 0.1, Sum: 2.4]
         [Processed Buffers: Min: 1, Avg: 2.1, Max: 3, Diff: 2, Sum: 17]
      [Scan RS (ms): Min: 0.3, Avg: 0.4, Max: 0.4, Diff: 0.1, Sum: 2.9]
      [Code Root Scanning (ms): Min: 0.0, Avg: 0.0, Max: 0.0, Diff: 0.0, Sum: 0.0]
      [Object Copy (ms): Min: 30.1, Avg: 30.1, Max: 30.2, Diff: 0.1, Sum: 241.0]
      [Termination (ms): Min: 0.0, Avg: 0.0, Max: 0.0, Diff: 0.0, Sum: 0.0]
      [GC Worker Other (ms): Min: 0.0, Avg: 0.0, Max: 0.1, Diff: 0.0, Sum: 0.3]
      [GC Worker Total (ms): Min: 31.6, Avg: 31.6, Max: 31.6, Diff: 0.0, Sum: 252.6]
      [GC Worker End (ms): Min: 104716.8, Avg: 104716.8, Max: 104716.8, Diff: 0.0]
   [Code Root Fixup: 0.0 ms]
   [Code Root Migration: 0.1 ms]
   [Clear CT: 0.4 ms]
   [Other: 0.8 ms]
      [Choose CSet: 0.0 ms]
      [Ref Proc: 0.1 ms]
      [Ref Enq: 0.0 ms]
      [Free CSet: 0.6 ms]
   [Eden: 857.0M(857.0M)->0.0B(854.0M) Survivors: 65.0M->68.0M Heap: 1052.1M(1538.0M)->198.1M(1538.0M)]
 [Times: user=0.26 sys=0.00, real=0.03 secs] 
104.718: Total time for which application threads were stopped: 0.0331780 seconds, Stopping threads took: 0.0000490 seconds
105.169: Application time: 0.4507720 seconds
105.169: [GC pause (young), 0.0329260 secs]
   [Parallel Time: 31.7 ms, GC Workers: 8]
      [GC Worker Start (ms): Min: 105169.2, Avg: 105169.2, Max: 105169.2, Diff: 0.1]
      [Ext Root Scanning (ms): Min: 0.7, Avg: 0.7, Max: 0.8, Diff: 0.1, Sum: 5.8]
      [Update RS (ms): Min: 0.2, Avg: 0.3, Max: 0.4, Diff: 0.2, Sum: 2.4]
         [Processed Buffers: Min: 1, Avg: 2.1, Max: 3, Diff: 2, Sum: 17]
      [Scan RS (ms): Min: 0.3, Avg: 0.4, Max: 0.5, Diff: 0.2, Sum: 2.9]
      [Code Root Scanning (ms): Min: 0.0, Avg: 0.0, Max: 0.0, Diff: 0.0, Sum: 0.0]
      [Object Copy (ms): Min: 30.1, Avg: 30.2, Max: 30.2, Diff: 0.1, Sum: 241.5]
      [Termination (ms): Min: 0.0, Avg: 0.0, Max: 0.0, Diff: 0.0, Sum: 0.0]
      [GC Worker Other (ms): Min: 0.0, Avg: 0.0, Max: 0.1, Diff: 0.0, Sum: 0.3]
      [GC Worker Total (ms): Min: 31.6, Avg: 31.6, Max: 31.7, Diff: 0.1, Sum: 253.1]
      [GC Worker End (ms): Min: 105200.8, Avg: 105200.8, Max: 105200.9, Diff: 0.0]
   [Code Root Fixup: 0.0 ms]
   [Code Root Migration: 0.1 ms]
   [Clear CT: 0.4 ms]
   [Other: 0.7 ms]
      [Choose CSet: 0.0 ms]
      [Ref Proc: 0.1 ms]
      [Ref Enq: 0.0 ms]
      [Free CSet: 0.5 ms]
   [Eden: 854.0M(854.0M)->0.0B(852.0M) Survivors: 68.0M->70.0M Heap: 1052.1M(1538.0M)->199.7M(1538.0M)]
 [Times: user=0.26 sys=0.00, real=0.03 secs] 
105.202: Total time for which application threads were stopped: 0.0331390 seconds, Stopping threads took: 0.0000810 seconds
105.647: Application time: 0.4450470 seconds
105.647: [GC pause (young), 0.0331330 secs]
   [Parallel Time: 31.8 ms, GC Workers: 8]
      [GC Worker Start (ms): Min: 105647.4, Avg: 105647.4, Max: 105647.4, Diff: 0.1]
      [Ext Root Scanning (ms): Min: 0.6, Avg: 0.7, Max: 0.8, Diff: 0.2, Sum: 5.9]
      [Update RS (ms): Min: 0.2, Avg: 0.3, Max: 0.4, Diff: 0.2, Sum: 2.4]
         [Processed Buffers: Min: 1, Avg: 2.1, Max: 3, Diff: 2, Sum: 17]
      [Scan RS (ms): Min: 0.3, Avg: 0.4, Max: 0.5, Diff: 0.2, Sum: 3.0]
      [Code Root Scanning (ms): Min: 0.0, Avg: 0.0, Max: 0.0, Diff: 0.0, Sum: 0.0]
      [Object Copy (ms): Min: 30.2, Avg: 30.3, Max: 30.4, Diff: 0.1, Sum: 242.3]
      [Termination (ms): Min: 0.0, Avg: 0.0, Max: 0.0, Diff: 0.0, Sum: 0.0]
      [GC Worker Other (ms): Min: 0.0, Avg: 0.0, Max: 0.1, Diff: 0.0, Sum: 0.4]
      [GC Worker Total (ms): Min: 31.7, Avg: 31.7, Max: 31.8, Diff: 0.1, Sum: 254.0]
      [GC Worker End (ms): Min: 105679.1, Avg: 105679.1, Max: 105679.2, Diff: 0.0]
   [Code Root Fixup: 0.0 ms]
   [Code Root Migration: 0.1 ms]
   [Clear CT: 0.4 ms]
   [Other: 0.7 ms]
      [Choose CSet: 0.0 ms]
      [Ref Proc: 0.1 ms]
      [Ref Enq: 0.0 ms]
      [Free CSet: 0.6 ms]
   [Eden: 852.0M(852.0M)->0.0B(853.0M) Survivors: 70.0M->69.0M Heap: 1051.7M(1538.0M)->199.2M(1538.0M)]
 [Times: user=0.25 sys=0.00, real=0.03 secs] 
105.682: Total time for which application threads were stopped: 0.0348810 seconds, Stopping threads took: 0.0000570 seconds
106.122: Application time: 0.4394900 seconds
106.122: [GC pause (young), 0.0327460 secs]
   [Parallel Time: 31.5 ms, GC Workers: 8]
      [GC Worker Start (ms): Min: 106121.7, Avg: 106121.7, Max: 106121.8, Diff: 0.1]
      [Ext Root Scanning (ms): Min: 0.7, Avg: 0.7, Max: 0.8, Diff: 0.1, Sum: 5.9]
      [Update RS (ms): Min: 0.2, Avg: 0.3, Max: 0.4, Diff: 0.1, Sum: 2.3]
         [Processed Buffers: Min: 1, Avg: 2.1, Max: 3, Diff: 2, Sum: 17]
      [Scan RS (ms): Min: 0.3, Avg: 0.4, Max: 0.4, Diff: 0.1, Sum: 2.9]
      [Code Root Scanning (ms): Min: 0.0, Avg: 0.0, Max: 0.0, Diff: 0.0, Sum: 0.0]
      [Object Copy (ms): Min: 30.0, Avg: 30.0, Max: 30.1, Diff: 0.1, Sum: 240.0]
      [Termination (ms): Min: 0.0, Avg: 0.0, Max: 0.0, Diff: 0.0, Sum: 0.0]
      [GC Worker Other (ms): Min: 0.0, Avg: 0.0, Max: 0.1, Diff: 0.1, Sum: 0.4]
      [GC Worker Total (ms): Min: 31.4, Avg: 31.4, Max: 31.5, Diff: 0.1, Sum: 251.5]
      [GC Worker End (ms): Min: 106153.1, Avg: 106153.2, Max: 106153.2, Diff: 0.1]
   [Code Root Fixup: 0.0 ms]
   [Code Root Migration: 0.1 ms]
   [Clear CT: 0.4 ms]
   [Other: 0.7 ms]
      [Choose CSet: 0.0 ms]
      [Ref Proc: 0.1 ms]
      [Ref Enq: 0.0 ms]
      [Free CSet: 0.5 ms]
   [Eden: 853.0M(853.0M)->0.0B(852.0M) Survivors: 69.0M->70.0M Heap: 1052.2M(1538.0M)->200.2M(1538.0M)]
 [Times: user=0.25 sys=0.00, real=0.04 secs] 
106.155: Total time for which application threads were stopped: 0.0329360 seconds, Stopping threads took: 0.0000480 seconds
106.593: Application time: 0.4387730 seconds
106.593: [GC pause (young), 0.0314360 secs]
   [Parallel Time: 30.2 ms, GC Workers: 8]
      [GC Worker Start (ms): Min: 106593.4, Avg: 106593.5, Max: 106593.5, Diff: 0.1]
      [Ext Root Scanning (ms): Min: 0.7, Avg: 0.8, Max: 0.8, Diff: 0.1, Sum: 6.3]
      [Update RS (ms): Min: 0.2, Avg: 0.3, Max: 0.4, Diff: 0.1, Sum: 2.3]
         [Processed Buffers: Min: 1, Avg: 2.1, Max: 3, Diff: 2, Sum: 17]
      [Scan RS (ms): Min: 0.3, Avg: 0.3, Max: 0.4, Diff: 0.2, Sum: 2.7]
      [Code Root Scanning (ms): Min: 0.0, Avg: 0.0, Max: 0.0, Diff: 0.0, Sum: 0.0]
      [Object Copy (ms): Min: 28.7, Avg: 28.7, Max: 28.8, Diff: 0.1, Sum: 229.7]
      [Termination (ms): Min: 0.0, Avg: 0.0, Max: 0.0, Diff: 0.0, Sum: 0.0]
      [GC Worker Other (ms): Min: 0.0, Avg: 0.0, Max: 0.1, Diff: 0.0, Sum: 0.3]
      [GC Worker Total (ms): Min: 30.1, Avg: 30.2, Max: 30.2, Diff: 0.1, Sum: 241.4]
      [GC Worker End (ms): Min: 106623.6, Avg: 106623.6, Max: 106623.7, Diff: 0.0]
   [Code Root Fixup: 0.0 ms]
   [Code Root Migration: 0.1 ms]
   [Clear CT: 0.4 ms]
   [Other: 0.7 ms]
      [Choose CSet: 0.0 ms]
      [Ref Proc: 0.1 ms]
      [Ref Enq: 0.0 ms]
      [Free CSet: 0.5 ms]
   [Eden: 852.0M(852.0M)->0.0B(854.0M) Survivors: 70.0M->68.0M Heap: 1052.2M(1538.0M)->197.7M(1538.0M)]
 [Times: user=0.24 sys=0.00, real=0.03 secs] 
106.625: Total time for which application threads were stopped: 0.0316240 seconds, Stopping threads took: 0.0000380 seconds
107.064: Application time: 0.4386530 seconds
107.064: [GC pause (young), 0.0308430 secs]
   [Parallel Time: 29.6 ms, GC Workers: 8]
      [GC Worker Start (ms): Min: 107064.4, Avg: 107064.9, Max: 107068.3, Diff: 3.9]
      [Ext Root Scanning (ms): Min: 0.0, Avg: 0.7, Max: 0.9, Diff: 0.9, Sum: 5.5]
      [Update RS (ms): Min: 0.0, Avg: 0.3, Max: 0.4, Diff: 0.4, Sum: 2.1]
         [Processed Buffers: Min: 0, Avg: 2.1, Max: 4, Diff: 4, Sum: 17]
      [Scan RS (ms): Min: 0.2, Avg: 0.3, Max: 0.4, Diff: 0.2, Sum: 2.7]
      [Code Root Scanning (ms): Min: 0.0, Avg: 0.0, Max: 0.0, Diff: 0.0, Sum: 0.0]
      [Object Copy (ms): Min: 25.4, Avg: 27.7, Max: 28.1, Diff: 2.7, Sum: 222.0]
      [Termination (ms): Min: 0.0, Avg: 0.0, Max: 0.0, Diff: 0.0, Sum: 0.0]
      [GC Worker Other (ms): Min: 0.0, Avg: 0.0, Max: 0.1, Diff: 0.0, Sum: 0.3]
      [GC Worker Total (ms): Min: 25.7, Avg: 29.1, Max: 29.6, Diff: 4.0, Sum: 232.7]
      [GC Worker End (ms): Min: 107094.0, Avg: 107094.0, Max: 107094.0, Diff: 0.0]
   [Code Root Fixup: 0.0 ms]
   [Code Root Migration: 0.1 ms]
   [Clear CT: 0.4 ms]
   [Other: 0.7 ms]
      [Choose CSet: 0.0 ms]
      [Ref Proc: 0.1 ms]
      [Ref Enq: 0.0 ms]
      [Free CSet: 0.5 ms]
   [Eden: 854.0M(854.0M)->0.0B(854.0M) Survivors: 68.0M->68.0M Heap: 1051.7M(1538.0M)->197.7M(1538.0M)]
 [Times: user=0.24 sys=0.00, real=0.03 secs] 
107.095: Total time for which application threads were stopped: 0.0317080 seconds, Stopping threads took: 0.0007320 seconds
107.535: Application time: 0.4400080 seconds
107.535: [GC pause (young), 0.0326940 secs]
   [Parallel Time: 31.4 ms, GC Workers: 8]
      [GC Worker Start (ms): Min: 107535.4, Avg: 107535.5, Max: 107535.5, Diff: 0.1]
      [Ext Root Scanning (ms): Min: 0.7, Avg: 0.8, Max: 0.9, Diff: 0.1, Sum: 6.4]
      [Update RS (ms): Min: 0.2, Avg: 0.3, Max: 0.4, Diff: 0.2, Sum: 2.4]
         [Processed Buffers: Min: 1, Avg: 2.1, Max: 3, Diff: 2, Sum: 17]
      [Scan RS (ms): Min: 0.3, Avg: 0.3, Max: 0.4, Diff: 0.2, Sum: 2.8]
      [Code Root Scanning (ms): Min: 0.0, Avg: 0.0, Max: 0.0, Diff: 0.0, Sum: 0.0]
      [Object Copy (ms): Min: 29.8, Avg: 29.9, Max: 29.9, Diff: 0.0, Sum: 238.8]
      [Termination (ms): Min: 0.0, Avg: 0.0, Max: 0.0, Diff: 0.0, Sum: 0.0]
      [GC Worker Other (ms): Min: 0.0, Avg: 0.0, Max: 0.1, Diff: 0.0, Sum: 0.4]
      [GC Worker Total (ms): Min: 31.3, Avg: 31.3, Max: 31.4, Diff: 0.1, Sum: 250.8]
      [GC Worker End (ms): Min: 107566.8, Avg: 107566.8, Max: 107566.8, Diff: 0.0]
   [Code Root Fixup: 0.0 ms]
   [Code Root Migration: 0.1 ms]
   [Clear CT: 0.4 ms]
   [Other: 0.7 ms]
      [Choose CSet: 0.0 ms]
      [Ref Proc: 0.1 ms]
      [Ref Enq: 0.0 ms]
      [Free CSet: 0.5 ms]
   [Eden: 854.0M(854.0M)->0.0B(852.0M) Survivors: 68.0M->70.0M Heap: 1051.7M(1538.0M)->199.7M(1538.0M)]
 [Times: user=0.25 sys=0.00, real=0.03 secs] 
107.568: Total time for which application threads were stopped: 0.0328910 seconds, Stopping threads took: 0.0000340 seconds
108.011: Application time: 0.4424350 seconds
108.011: [GC pause (young), 0.0316800 secs]
   [Parallel Time: 30.5 ms, GC Workers: 8]
      [GC Worker Start (ms): Min: 108010.8, Avg: 108010.8, Max: 108010.8, Diff: 0.1]
      [Ext Root Scanning (ms): Min: 0.7, Avg: 0.8, Max: 0.9, Diff: 0.1, Sum: 6.4]
      [Update RS (ms): Min: 0.2, Avg: 0.3, Max: 0.4, Diff: 0.2, Sum: 2.3]
         [Processed Buffers: Min: 1, Avg: 2.1, Max: 3, Diff: 2, Sum: 17]
      [Scan RS (ms): Min: 0.3, Avg: 0.4, Max: 0.4, Diff: 0.1, Sum: 2.8]
      [Code Root Scanning (ms): Min: 0.0, Avg: 0.0, Max: 0.0, Diff: 0.0, Sum: 0.0]
      [Object Copy (ms): Min: 28.8, Avg: 28.9, Max: 28.9, Diff: 0.1, Sum: 231.0]
      [Termination (ms): Min: 0.0, Avg: 0.0, Max: 0.0, Diff: 0.0, Sum: 0.0]
      [GC Worker Other (ms): Min: 0.0, Avg: 0.0, Max: 0.1, Diff: 0.0, Sum: 0.4]
      [GC Worker Total (ms): Min: 30.3, Avg: 30.4, Max: 30.4, Diff: 0.1, Sum: 243.0]
      [GC Worker End (ms): Min: 108041.1, Avg: 108041.2, Max: 108041.2, Diff: 0.0]
   [Code Root Fixup: 0.1 ms]
   [Code Root Migration: 0.1 ms]
   [Clear CT: 0.4 ms]
   [Other: 0.7 ms]
      [Choose CSet: 0.0 ms]
      [Ref Proc: 0.1 ms]
      [Ref Enq: 0.0 ms]
      [Free CSet: 0.5 ms]
   [Eden: 852.0M(852.0M)->0.0B(853.0M) Survivors: 70.0M->69.0M Heap: 1051.7M(1538.0M)->198.7M(1538.0M)]
 [Times: user=0.25 sys=0.00, real=0.03 secs] 
108.042: Total time for which application threads were stopped: 0.0318530 seconds, Stopping threads took: 0.0000390 seconds
108.481: Application time: 0.4383820 seconds
108.481: [GC pause (young), 0.0314570 secs]
   [Parallel Time: 30.3 ms, GC Workers: 8]
      [GC Worker Start (ms): Min: 108481.0, Avg: 108481.0, Max: 108481.0, Diff: 0.1]
      [Ext Root Scanning (ms): Min: 0.7, Avg: 0.8, Max: 0.8, Diff: 0.1, Sum: 6.0]
      [Update RS (ms): Min: 0.2, Avg: 0.3, Max: 0.4, Diff: 0.2, Sum: 2.4]
         [Processed Buffers: Min: 1, Avg: 2.1, Max: 3, Diff: 2, Sum: 17]
      [Scan RS (ms): Min: 0.3, Avg: 0.4, Max: 0.4, Diff: 0.2, Sum: 2.9]
      [Code Root Scanning (ms): Min: 0.0, Avg: 0.0, Max: 0.0, Diff: 0.0, Sum: 0.0]
      [Object Copy (ms): Min: 28.7, Avg: 28.7, Max: 28.8, Diff: 0.1, Sum: 229.8]
      [Termination (ms): Min: 0.0, Avg: 0.0, Max: 0.0, Diff: 0.0, Sum: 0.0]
      [GC Worker Other (ms): Min: 0.0, Avg: 0.0, Max: 0.1, Diff: 0.0, Sum: 0.3]
      [GC Worker Total (ms): Min: 30.2, Avg: 30.2, Max: 30.2, Diff: 0.1, Sum: 241.5]
      [GC Worker End (ms): Min: 108511.2, Avg: 108511.2, Max: 108511.2, Diff: 0.0]
   [Code Root Fixup: 0.0 ms]
   [Code Root Migration: 0.1 ms]
   [Clear CT: 0.4 ms]
   [Other: 0.7 ms]
      [Choose CSet: 0.0 ms]
      [Ref Proc: 0.1 ms]
      [Ref Enq: 0.0 ms]
      [Free CSet: 0.5 ms]
   [Eden: 853.0M(853.0M)->0.0B(854.0M) Survivors: 69.0M->68.0M Heap: 1051.7M(1538.0M)->198.2M(1538.0M)]
 [Times: user=0.24 sys=0.00, real=0.04 secs] 
108.512: Total time for which application threads were stopped: 0.0316370 seconds, Stopping threads took: 0.0000270 seconds
108.955: Application time: 0.4423450 seconds
108.955: [GC pause (young), 0.0331910 secs]
   [Parallel Time: 31.9 ms, GC Workers: 8]
      [GC Worker Start (ms): Min: 108954.9, Avg: 108955.0, Max: 108955.0, Diff: 0.1]
      [Ext Root Scanning (ms): Min: 0.7, Avg: 0.7, Max: 0.8, Diff: 0.1, Sum: 6.0]
      [Update RS (ms): Min: 0.2, Avg: 0.3, Max: 0.4, Diff: 0.2, Sum: 2.4]
         [Processed Buffers: Min: 1, Avg: 2.1, Max: 3, Diff: 2, Sum: 17]
      [Scan RS (ms): Min: 0.3, Avg: 0.4, Max: 0.4, Diff: 0.2, Sum: 2.9]
      [Code Root Scanning (ms): Min: 0.0, Avg: 0.0, Max: 0.0, Diff: 0.0, Sum: 0.0]
      [Object Copy (ms): Min: 30.4, Avg: 30.4, Max: 30.4, Diff: 0.1, Sum: 243.2]
      [Termination (ms): Min: 0.0, Avg: 0.0, Max: 0.0, Diff: 0.0, Sum: 0.0]
      [GC Worker Other (ms): Min: 0.0, Avg: 0.0, Max: 0.1, Diff: 0.0, Sum: 0.3]
      [GC Worker Total (ms): Min: 31.8, Avg: 31.9, Max: 31.9, Diff: 0.1, Sum: 254.9]
      [GC Worker End (ms): Min: 108986.8, Avg: 108986.8, Max: 108986.9, Diff: 0.0]
   [Code Root Fixup: 0.0 ms]
   [Code Root Migration: 0.1 ms]
   [Clear CT: 0.4 ms]
   [Other: 0.7 ms]
      [Choose CSet: 0.0 ms]
      [Ref Proc: 0.1 ms]
      [Ref Enq: 0.0 ms]
      [Free CSet: 0.5 ms]
   [Eden: 854.0M(854.0M)->0.0B(854.0M) Survivors: 68.0M->68.0M Heap: 1052.2M(1538.0M)->198.3M(1538.0M)]
 [Times: user=0.26 sys=0.00, real=0.03 secs] 
108.988: Total time for which application threads were stopped: 0.0333390 seconds, Stopping threads took: 0.0000160 seconds
109.436: Application time: 0.4475520 seconds
109.436: [GC pause (young), 0.0318760 secs]
   [Parallel Time: 30.6 ms, GC Workers: 8]
      [GC Worker Start (ms): Min: 109435.9, Avg: 109435.9, Max: 109435.9, Diff: 0.1]
      [Ext Root Scanning (ms): Min: 0.7, Avg: 0.7, Max: 0.7, Diff: 0.1, Sum: 5.7]
      [Update RS (ms): Min: 0.2, Avg: 0.3, Max: 0.4, Diff: 0.2, Sum: 2.4]
         [Processed Buffers: Min: 1, Avg: 2.1, Max: 3, Diff: 2, Sum: 17]
      [Scan RS (ms): Min: 0.3, Avg: 0.4, Max: 0.5, Diff: 0.2, Sum: 2.9]
      [Code Root Scanning (ms): Min: 0.0, Avg: 0.0, Max: 0.0, Diff: 0.0, Sum: 0.0]
      [Object Copy (ms): Min: 29.1, Avg: 29.1, Max: 29.2, Diff: 0.1, Sum: 233.1]
      [Termination (ms): Min: 0.0, Avg: 0.0, Max: 0.0, Diff: 0.0, Sum: 0.0]
      [GC Worker Other (ms): Min: 0.0, Avg: 0.1, Max: 0.1, Diff: 0.0, Sum: 0.5]
      [GC Worker Total (ms): Min: 30.5, Avg: 30.6, Max: 30.6, Diff: 0.1, Sum: 244.6]
      [GC Worker End (ms): Min: 109466.5, Avg: 109466.5, Max: 109466.5, Diff: 0.0]
   [Code Root Fixup: 0.0 ms]
   [Code Root Migration: 0.1 ms]
   [Clear CT: 0.4 ms]
   [Other: 0.7 ms]
      [Choose CSet: 0.0 ms]
      [Ref Proc: 0.1 ms]
      [Ref Enq: 0.0 ms]
      [Free CSet: 0.5 ms]
   [Eden: 854.0M(854.0M)->0.0B(854.0M) Survivors: 68.0M->68.0M Heap: 1052.3M(1538.0M)->198.3M(1538.0M)]
 [Times: user=0.25 sys=0.00, real=0.03 secs] 
109.468: Total time for which application threads were stopped: 0.0320710 seconds, Stopping threads took: 0.0000510 seconds
109.917: Application time: 0.4494130 seconds
109.917: [GC pause (young), 0.0327950 secs]
   [Parallel Time: 31.5 ms, GC Workers: 8]
      [GC Worker Start (ms): Min: 109917.4, Avg: 109917.4, Max: 109917.4, Diff: 0.1]
      [Ext Root Scanning (ms): Min: 0.7, Avg: 0.7, Max: 0.8, Diff: 0.1, Sum: 6.0]
      [Update RS (ms): Min: 0.2, Avg: 0.3, Max: 0.4, Diff: 0.2, Sum: 2.4]
         [Processed Buffers: Min: 1, Avg: 2.1, Max: 3, Diff: 2, Sum: 17]
      [Scan RS (ms): Min: 0.2, Avg: 0.4, Max: 0.4, Diff: 0.2, Sum: 2.9]
      [Code Root Scanning (ms): Min: 0.0, Avg: 0.0, Max: 0.0, Diff: 0.0, Sum: 0.1]
      [Object Copy (ms): Min: 30.0, Avg: 30.0, Max: 30.1, Diff: 0.1, Sum: 240.1]
      [Termination (ms): Min: 0.0, Avg: 0.0, Max: 0.0, Diff: 0.0, Sum: 0.0]
      [GC Worker Other (ms): Min: 0.0, Avg: 0.0, Max: 0.1, Diff: 0.0, Sum: 0.3]
      [GC Worker Total (ms): Min: 31.4, Avg: 31.5, Max: 31.5, Diff: 0.1, Sum: 251.8]
      [GC Worker End (ms): Min: 109948.8, Avg: 109948.9, Max: 109948.9, Diff: 0.0]
   [Code Root Fixup: 0.0 ms]
   [Code Root Migration: 0.1 ms]
   [Clear CT: 0.4 ms]
   [Other: 0.7 ms]
      [Choose CSet: 0.0 ms]
      [Ref Proc: 0.1 ms]
      [Ref Enq: 0.0 ms]
      [Free CSet: 0.5 ms]
   [Eden: 854.0M(854.0M)->0.0B(852.0M) Survivors: 68.0M->70.0M Heap: 1052.3M(1538.0M)->199.8M(1538.0M)]
 [Times: user=0.26 sys=0.00, real=0.03 secs] 
109.950: Total time for which application threads were stopped: 0.0329970 seconds, Stopping threads took: 0.0000640 seconds
110.397: Application time: 0.4471150 seconds
110.397: [GC pause (young), 0.0324600 secs]
   [Parallel Time: 31.2 ms, GC Workers: 8]
      [GC Worker Start (ms): Min: 110397.5, Avg: 110397.5, Max: 110397.6, Diff: 0.1]
      [Ext Root Scanning (ms): Min: 0.7, Avg: 0.8, Max: 0.8, Diff: 0.1, Sum: 6.1]
      [Update RS (ms): Min: 0.2, Avg: 0.3, Max: 0.3, Diff: 0.1, Sum: 2.3]
         [Processed Buffers: Min: 1, Avg: 2.1, Max: 3, Diff: 2, Sum: 17]
      [Scan RS (ms): Min: 0.3, Avg: 0.4, Max: 0.4, Diff: 0.1, Sum: 2.9]
      [Code Root Scanning (ms): Min: 0.0, Avg: 0.0, Max: 0.0, Diff: 0.0, Sum: 0.0]
      [Object Copy (ms): Min: 29.6, Avg: 29.7, Max: 29.7, Diff: 0.1, Sum: 237.4]
      [Termination (ms): Min: 0.0, Avg: 0.0, Max: 0.0, Diff: 0.0, Sum: 0.0]
      [GC Worker Other (ms): Min: 0.0, Avg: 0.0, Max: 0.1, Diff: 0.0, Sum: 0.4]
      [GC Worker Total (ms): Min: 31.1, Avg: 31.1, Max: 31.2, Diff: 0.1, Sum: 249.1]
      [GC Worker End (ms): Min: 110428.6, Avg: 110428.7, Max: 110428.7, Diff: 0.0]
   [Code Root Fixup: 0.0 ms]
   [Code Root Migration: 0.1 ms]
   [Clear CT: 0.4 ms]
   [Other: 0.7 ms]
      [Choose CSet: 0.0 ms]
      [Ref Proc: 0.1 ms]
      [Ref Enq: 0.0 ms]
      [Free CSet: 0.5 ms]
   [Eden: 852.0M(852.0M)->0.0B(852.0M) Survivors: 70.0M->70.0M Heap: 1051.8M(1538.0M)->199.8M(1538.0M)]
 [Times: user=0.25 sys=0.00, real=0.03 secs] 
110.430: Total time for which application threads were stopped: 0.0326630 seconds, Stopping threads took: 0.0000560 seconds
110.871: Application time: 0.4412020 seconds
110.871: [GC pause (young), 0.0330390 secs]
   [Parallel Time: 31.8 ms, GC Workers: 8]
      [GC Worker Start (ms): Min: 110871.3, Avg: 110872.4, Max: 110875.4, Diff: 4.1]
      [Ext Root Scanning (ms): Min: 0.0, Avg: 0.6, Max: 0.9, Diff: 0.9, Sum: 4.8]
      [Update RS (ms): Min: 0.0, Avg: 0.3, Max: 0.5, Diff: 0.5, Sum: 2.1]
         [Processed Buffers: Min: 0, Avg: 2.1, Max: 4, Diff: 4, Sum: 17]
      [Scan RS (ms): Min: 0.1, Avg: 0.3, Max: 0.4, Diff: 0.3, Sum: 2.5]
      [Code Root Scanning (ms): Min: 0.0, Avg: 0.0, Max: 0.0, Diff: 0.0, Sum: 0.0]
      [Object Copy (ms): Min: 27.5, Avg: 29.5, Max: 30.2, Diff: 2.7, Sum: 236.0]
      [Termination (ms): Min: 0.0, Avg: 0.0, Max: 0.0, Diff: 0.0, Sum: 0.1]
      [GC Worker Other (ms): Min: 0.0, Avg: 0.0, Max: 0.1, Diff: 0.0, Sum: 0.3]
      [GC Worker Total (ms): Min: 27.7, Avg: 30.7, Max: 31.8, Diff: 4.1, Sum: 245.8]
      [GC Worker End (ms): Min: 110903.1, Avg: 110903.1, Max: 110903.1, Diff: 0.1]
   [Code Root Fixup: 0.0 ms]
   [Code Root Migration: 0.1 ms]
   [Clear CT: 0.4 ms]
   [Other: 0.7 ms]
      [Choose CSet: 0.0 ms]
      [Ref Proc: 0.1 ms]
      [Ref Enq: 0.0 ms]
      [Free CSet: 0.6 ms]
   [Eden: 852.0M(852.0M)->0.0B(851.0M) Survivors: 70.0M->71.0M Heap: 1051.8M(1538.0M)->200.8M(1538.0M)]
 [Times: user=0.25 sys=0.00, real=0.04 secs] 
110.904: Total time for which application threads were stopped: 0.0332180 seconds, Stopping threads took: 0.0000430 seconds
111.341: Application time: 0.4369240 seconds
111.341: [GC pause (young), 0.0329100 secs]
   [Parallel Time: 31.7 ms, GC Workers: 8]
      [GC Worker Start (ms): Min: 111341.5, Avg: 111341.7, Max: 111343.4, Diff: 1.9]
      [Ext Root Scanning (ms): Min: 0.0, Avg: 0.7, Max: 0.9, Diff: 0.9, Sum: 5.6]
      [Update RS (ms): Min: 0.0, Avg: 0.3, Max: 0.4, Diff: 0.4, Sum: 2.1]
         [Processed Buffers: Min: 0, Avg: 2.1, Max: 3, Diff: 3, Sum: 17]
      [Scan RS (ms): Min: 0.0, Avg: 0.3, Max: 0.5, Diff: 0.4, Sum: 2.7]
      [Code Root Scanning (ms): Min: 0.0, Avg: 0.0, Max: 0.0, Diff: 0.0, Sum: 0.0]
      [Object Copy (ms): Min: 29.6, Avg: 30.0, Max: 30.2, Diff: 0.5, Sum: 240.4]
      [Termination (ms): Min: 0.0, Avg: 0.0, Max: 0.0, Diff: 0.0, Sum: 0.0]
      [GC Worker Other (ms): Min: 0.0, Avg: 0.0, Max: 0.1, Diff: 0.0, Sum: 0.3]
      [GC Worker Total (ms): Min: 29.7, Avg: 31.4, Max: 31.7, Diff: 2.0, Sum: 251.1]
      [GC Worker End (ms): Min: 111373.1, Avg: 111373.1, Max: 111373.1, Diff: 0.0]
   [Code Root Fixup: 0.1 ms]
   [Code Root Migration: 0.1 ms]
   [Clear CT: 0.4 ms]
   [Other: 0.7 ms]
      [Choose CSet: 0.0 ms]
      [Ref Proc: 0.1 ms]
      [Ref Enq: 0.0 ms]
      [Free CSet: 0.5 ms]
   [Eden: 851.0M(851.0M)->0.0B(852.0M) Survivors: 71.0M->70.0M Heap: 1051.8M(1538.0M)->199.8M(1538.0M)]
 [Times: user=0.26 sys=0.00, real=0.04 secs] 
111.374: Total time for which application threads were stopped: 0.0330800 seconds, Stopping threads took: 0.0000150 seconds
111.810: Application time: 0.4359790 seconds
111.810: [GC pause (young), 0.0318820 secs]
   [Parallel Time: 30.6 ms, GC Workers: 8]
      [GC Worker Start (ms): Min: 111810.5, Avg: 111810.6, Max: 111810.6, Diff: 0.1]
      [Ext Root Scanning (ms): Min: 0.7, Avg: 0.8, Max: 0.8, Diff: 0.1, Sum: 6.0]
      [Update RS (ms): Min: 0.2, Avg: 0.3, Max: 0.3, Diff: 0.1, Sum: 2.3]
         [Processed Buffers: Min: 1, Avg: 2.1, Max: 3, Diff: 2, Sum: 17]
      [Scan RS (ms): Min: 0.3, Avg: 0.4, Max: 0.5, Diff: 0.1, Sum: 3.0]
      [Code Root Scanning (ms): Min: 0.0, Avg: 0.0, Max: 0.0, Diff: 0.0, Sum: 0.1]
      [Object Copy (ms): Min: 29.0, Avg: 29.1, Max: 29.2, Diff: 0.1, Sum: 232.9]
      [Termination (ms): Min: 0.0, Avg: 0.0, Max: 0.0, Diff: 0.0, Sum: 0.0]
      [GC Worker Other (ms): Min: 0.0, Avg: 0.0, Max: 0.1, Diff: 0.1, Sum: 0.4]
      [GC Worker Total (ms): Min: 30.5, Avg: 30.6, Max: 30.6, Diff: 0.1, Sum: 244.6]
      [GC Worker End (ms): Min: 111841.1, Avg: 111841.1, Max: 111841.2, Diff: 0.0]
   [Code Root Fixup: 0.1 ms]
   [Code Root Migration: 0.1 ms]
   [Clear CT: 0.4 ms]
   [Other: 0.7 ms]
      [Choose CSet: 0.0 ms]
      [Ref Proc: 0.1 ms]
      [Ref Enq: 0.0 ms]
      [Free CSet: 0.5 ms]
   [Eden: 852.0M(852.0M)->0.0B(853.0M) Survivors: 70.0M->69.0M Heap: 1051.8M(1538.0M)->199.3M(1538.0M)]
 [Times: user=0.25 sys=0.00, real=0.03 secs] 
111.842: Total time for which application threads were stopped: 0.0320480 seconds, Stopping threads took: 0.0000290 seconds
112.277: Application time: 0.4347640 seconds
112.277: [GC pause (young), 0.0344920 secs]
   [Parallel Time: 33.2 ms, GC Workers: 8]
      [GC Worker Start (ms): Min: 112277.4, Avg: 112277.9, Max: 112279.4, Diff: 2.0]
      [Ext Root Scanning (ms): Min: 0.0, Avg: 0.6, Max: 0.8, Diff: 0.8, Sum: 4.6]
      [Update RS (ms): Min: 0.0, Avg: 0.2, Max: 0.4, Diff: 0.4, Sum: 2.0]
         [Processed Buffers: Min: 0, Avg: 2.1, Max: 4, Diff: 4, Sum: 17]
      [Scan RS (ms): Min: 0.0, Avg: 0.3, Max: 0.4, Diff: 0.4, Sum: 2.3]
      [Code Root Scanning (ms): Min: 0.0, Avg: 0.0, Max: 0.0, Diff: 0.0, Sum: 0.1]
      [Object Copy (ms): Min: 31.0, Avg: 31.4, Max: 31.6, Diff: 0.6, Sum: 251.3]
      [Termination (ms): Min: 0.0, Avg: 0.0, Max: 0.0, Diff: 0.0, Sum: 0.0]
      [GC Worker Other (ms): Min: 0.0, Avg: 0.1, Max: 0.1, Diff: 0.1, Sum: 0.4]
      [GC Worker Total (ms): Min: 31.1, Avg: 32.6, Max: 33.1, Diff: 2.0, Sum: 260.7]
      [GC Worker End (ms): Min: 112310.4, Avg: 112310.5, Max: 112310.5, Diff: 0.0]
   [Code Root Fixup: 0.0 ms]
   [Code Root Migration: 0.1 ms]
   [Clear CT: 0.4 ms]
   [Other: 0.8 ms]
      [Choose CSet: 0.0 ms]
      [Ref Proc: 0.1 ms]
      [Ref Enq: 0.0 ms]
      [Free CSet: 0.6 ms]
   [Eden: 853.0M(853.0M)->0.0B(849.0M) Survivors: 69.0M->73.0M Heap: 1052.3M(1538.0M)->202.8M(1538.0M)]
 [Times: user=0.26 sys=0.00, real=0.04 secs] 
112.312: Total time for which application threads were stopped: 0.0346740 seconds, Stopping threads took: 0.0000400 seconds
112.746: Application time: 0.4343640 seconds
112.746: [GC pause (young), 0.0341240 secs]
   [Parallel Time: 32.8 ms, GC Workers: 8]
      [GC Worker Start (ms): Min: 112746.4, Avg: 112746.4, Max: 112746.5, Diff: 0.1]
      [Ext Root Scanning (ms): Min: 0.7, Avg: 0.7, Max: 0.8, Diff: 0.1, Sum: 5.9]
      [Update RS (ms): Min: 0.2, Avg: 0.3, Max: 0.4, Diff: 0.2, Sum: 2.5]
         [Processed Buffers: Min: 1, Avg: 2.1, Max: 3, Diff: 2, Sum: 17]
      [Scan RS (ms): Min: 0.2, Avg: 0.4, Max: 0.4, Diff: 0.2, Sum: 2.8]
      [Code Root Scanning (ms): Min: 0.0, Avg: 0.0, Max: 0.0, Diff: 0.0, Sum: 0.0]
      [Object Copy (ms): Min: 31.2, Avg: 31.3, Max: 31.3, Diff: 0.1, Sum: 250.1]
      [Termination (ms): Min: 0.0, Avg: 0.0, Max: 0.0, Diff: 0.0, Sum: 0.0]
      [GC Worker Other (ms): Min: 0.0, Avg: 0.1, Max: 0.1, Diff: 0.0, Sum: 0.4]
      [GC Worker Total (ms): Min: 32.7, Avg: 32.7, Max: 32.8, Diff: 0.1, Sum: 261.7]
      [GC Worker End (ms): Min: 112779.1, Avg: 112779.1, Max: 112779.2, Diff: 0.0]
   [Code Root Fixup: 0.0 ms]
   [Code Root Migration: 0.1 ms]
   [Clear CT: 0.4 ms]
   [Other: 0.8 ms]
      [Choose CSet: 0.0 ms]
      [Ref Proc: 0.1 ms]
      [Ref Enq: 0.0 ms]
      [Free CSet: 0.6 ms]
   [Eden: 849.0M(849.0M)->0.0B(850.0M) Survivors: 73.0M->72.0M Heap: 1051.8M(1538.0M)->202.3M(1538.0M)]
 [Times: user=0.27 sys=0.01, real=0.03 secs] 
112.781: Total time for which application threads were stopped: 0.0343050 seconds, Stopping threads took: 0.0000390 seconds
113.216: Application time: 0.4357890 seconds
113.216: [GC pause (young), 0.0331330 secs]
   [Parallel Time: 31.9 ms, GC Workers: 8]
      [GC Worker Start (ms): Min: 113216.5, Avg: 113216.5, Max: 113216.6, Diff: 0.1]
      [Ext Root Scanning (ms): Min: 0.6, Avg: 0.7, Max: 0.8, Diff: 0.1, Sum: 5.7]
      [Update RS (ms): Min: 0.2, Avg: 0.3, Max: 0.4, Diff: 0.2, Sum: 2.4]
         [Processed Buffers: Min: 1, Avg: 2.1, Max: 3, Diff: 2, Sum: 17]
      [Scan RS (ms): Min: 0.3, Avg: 0.4, Max: 0.5, Diff: 0.2, Sum: 3.2]
      [Code Root Scanning (ms): Min: 0.0, Avg: 0.0, Max: 0.0, Diff: 0.0, Sum: 0.0]
      [Object Copy (ms): Min: 30.3, Avg: 30.3, Max: 30.4, Diff: 0.1, Sum: 242.6]
      [Termination (ms): Min: 0.0, Avg: 0.0, Max: 0.0, Diff: 0.0, Sum: 0.0]
      [GC Worker Other (ms): Min: 0.0, Avg: 0.0, Max: 0.1, Diff: 0.1, Sum: 0.4]
      [GC Worker Total (ms): Min: 31.7, Avg: 31.8, Max: 31.8, Diff: 0.1, Sum: 254.3]
      [GC Worker End (ms): Min: 113248.3, Avg: 113248.3, Max: 113248.4, Diff: 0.0]
   [Code Root Fixup: 0.0 ms]
   [Code Root Migration: 0.1 ms]
   [Clear CT: 0.4 ms]
   [Other: 0.7 ms]
      [Choose CSet: 0.0 ms]
      [Ref Proc: 0.1 ms]
      [Ref Enq: 0.0 ms]
      [Free CSet: 0.6 ms]
   [Eden: 850.0M(850.0M)->0.0B(852.0M) Survivors: 72.0M->70.0M Heap: 1052.3M(1538.0M)->200.4M(1538.0M)]
 [Times: user=0.26 sys=0.00, real=0.03 secs] 
113.250: Total time for which application threads were stopped: 0.0333390 seconds, Stopping threads took: 0.0000590 seconds
113.687: Application time: 0.4369180 seconds
113.687: [GC pause (young), 0.0336980 secs]
   [Parallel Time: 32.4 ms, GC Workers: 8]
      [GC Worker Start (ms): Min: 113686.8, Avg: 113686.8, Max: 113686.8, Diff: 0.1]
      [Ext Root Scanning (ms): Min: 0.7, Avg: 0.8, Max: 0.8, Diff: 0.1, Sum: 6.3]
      [Update RS (ms): Min: 0.2, Avg: 0.3, Max: 0.4, Diff: 0.2, Sum: 2.4]
         [Processed Buffers: Min: 1, Avg: 2.1, Max: 3, Diff: 2, Sum: 17]
      [Scan RS (ms): Min: 0.3, Avg: 0.3, Max: 0.4, Diff: 0.2, Sum: 2.8]
      [Code Root Scanning (ms): Min: 0.0, Avg: 0.0, Max: 0.0, Diff: 0.0, Sum: 0.0]
      [Object Copy (ms): Min: 30.8, Avg: 30.9, Max: 30.9, Diff: 0.0, Sum: 246.9]
      [Termination (ms): Min: 0.0, Avg: 0.0, Max: 0.0, Diff: 0.0, Sum: 0.0]
      [GC Worker Other (ms): Min: 0.0, Avg: 0.1, Max: 0.1, Diff: 0.1, Sum: 0.4]
      [GC Worker Total (ms): Min: 32.3, Avg: 32.4, Max: 32.4, Diff: 0.1, Sum: 258.8]
      [GC Worker End (ms): Min: 113719.1, Avg: 113719.1, Max: 113719.2, Diff: 0.0]
   [Code Root Fixup: 0.0 ms]
   [Code Root Migration: 0.1 ms]
   [Clear CT: 0.4 ms]
   [Other: 0.8 ms]
      [Choose CSet: 0.0 ms]
      [Ref Proc: 0.1 ms]
      [Ref Enq: 0.0 ms]
      [Free CSet: 0.5 ms]
   [Eden: 852.0M(852.0M)->0.0B(850.0M) Survivors: 70.0M->72.0M Heap: 1052.4M(1538.0M)->202.4M(1538.0M)]
 [Times: user=0.26 sys=0.00, real=0.03 secs] 
113.721: Total time for which application threads were stopped: 0.0338870 seconds, Stopping threads took: 0.0000540 seconds
114.161: Application time: 0.4407620 seconds
114.161: [GC pause (young), 0.0320070 secs]
   [Parallel Time: 30.8 ms, GC Workers: 8]
      [GC Worker Start (ms): Min: 114161.4, Avg: 114161.5, Max: 114161.5, Diff: 0.1]
      [Ext Root Scanning (ms): Min: 0.6, Avg: 0.7, Max: 0.8, Diff: 0.1, Sum: 5.8]
      [Update RS (ms): Min: 0.2, Avg: 0.3, Max: 0.4, Diff: 0.2, Sum: 2.4]
         [Processed Buffers: Min: 1, Avg: 2.1, Max: 3, Diff: 2, Sum: 17]
      [Scan RS (ms): Min: 0.3, Avg: 0.4, Max: 0.5, Diff: 0.2, Sum: 2.9]
      [Code Root Scanning (ms): Min: 0.0, Avg: 0.0, Max: 0.0, Diff: 0.0, Sum: 0.0]
      [Object Copy (ms): Min: 29.3, Avg: 29.3, Max: 29.3, Diff: 0.1, Sum: 234.4]
      [Termination (ms): Min: 0.0, Avg: 0.0, Max: 0.0, Diff: 0.0, Sum: 0.0]
      [GC Worker Other (ms): Min: 0.0, Avg: 0.0, Max: 0.1, Diff: 0.0, Sum: 0.3]
      [GC Worker Total (ms): Min: 30.7, Avg: 30.7, Max: 30.8, Diff: 0.1, Sum: 245.9]
      [GC Worker End (ms): Min: 114192.2, Avg: 114192.2, Max: 114192.2, Diff: 0.0]
   [Code Root Fixup: 0.0 ms]
   [Code Root Migration: 0.1 ms]
   [Clear CT: 0.4 ms]
   [Other: 0.7 ms]
      [Choose CSet: 0.0 ms]
      [Ref Proc: 0.1 ms]
      [Ref Enq: 0.0 ms]
      [Free CSet: 0.5 ms]
   [Eden: 850.0M(850.0M)->0.0B(854.0M) Survivors: 72.0M->68.0M Heap: 1052.4M(1538.0M)->197.9M(1538.0M)]
 [Times: user=0.25 sys=0.00, real=0.04 secs] 
114.194: Total time for which application threads were stopped: 0.0322250 seconds, Stopping threads took: 0.0000620 seconds
114.640: Application time: 0.4460540 seconds
114.640: [GC pause (young), 0.0318990 secs]
   [Parallel Time: 30.7 ms, GC Workers: 8]
      [GC Worker Start (ms): Min: 114639.7, Avg: 114639.7, Max: 114639.8, Diff: 0.1]
      [Ext Root Scanning (ms): Min: 0.7, Avg: 0.7, Max: 0.8, Diff: 0.1, Sum: 5.7]
      [Update RS (ms): Min: 0.2, Avg: 0.3, Max: 0.4, Diff: 0.2, Sum: 2.4]
         [Processed Buffers: Min: 1, Avg: 2.1, Max: 3, Diff: 2, Sum: 17]
      [Scan RS (ms): Min: 0.3, Avg: 0.4, Max: 0.4, Diff: 0.2, Sum: 2.9]
      [Code Root Scanning (ms): Min: 0.0, Avg: 0.0, Max: 0.0, Diff: 0.0, Sum: 0.0]
      [Object Copy (ms): Min: 29.2, Avg: 29.2, Max: 29.2, Diff: 0.1, Sum: 233.6]
      [Termination (ms): Min: 0.0, Avg: 0.0, Max: 0.0, Diff: 0.0, Sum: 0.0]
      [GC Worker Other (ms): Min: 0.0, Avg: 0.0, Max: 0.1, Diff: 0.0, Sum: 0.4]
      [GC Worker Total (ms): Min: 30.6, Avg: 30.6, Max: 30.7, Diff: 0.1, Sum: 245.0]
      [GC Worker End (ms): Min: 114670.3, Avg: 114670.4, Max: 114670.4, Diff: 0.0]
   [Code Root Fixup: 0.0 ms]
   [Code Root Migration: 0.1 ms]
   [Clear CT: 0.4 ms]
   [Other: 0.7 ms]
      [Choose CSet: 0.0 ms]
      [Ref Proc: 0.1 ms]
      [Ref Enq: 0.0 ms]
      [Free CSet: 0.5 ms]
   [Eden: 854.0M(854.0M)->0.0B(853.0M) Survivors: 68.0M->69.0M Heap: 1051.9M(1538.0M)->199.4M(1538.0M)]
 [Times: user=0.24 sys=0.00, real=0.04 secs] 
114.672: Total time for which application threads were stopped: 0.0321010 seconds, Stopping threads took: 0.0000710 seconds
115.120: Application time: 0.4485470 seconds
115.120: [GC pause (young), 0.0331500 secs]
   [Parallel Time: 31.9 ms, GC Workers: 8]
      [GC Worker Start (ms): Min: 115120.4, Avg: 115120.4, Max: 115120.4, Diff: 0.1]
      [Ext Root Scanning (ms): Min: 0.7, Avg: 0.7, Max: 0.8, Diff: 0.1, Sum: 5.8]
      [Update RS (ms): Min: 0.2, Avg: 0.3, Max: 0.4, Diff: 0.2, Sum: 2.4]
         [Processed Buffers: Min: 1, Avg: 2.1, Max: 3, Diff: 2, Sum: 17]
      [Scan RS (ms): Min: 0.3, Avg: 0.4, Max: 0.4, Diff: 0.1, Sum: 3.0]
      [Code Root Scanning (ms): Min: 0.0, Avg: 0.0, Max: 0.0, Diff: 0.0, Sum: 0.0]
      [Object Copy (ms): Min: 30.3, Avg: 30.4, Max: 30.4, Diff: 0.1, Sum: 243.0]
      [Termination (ms): Min: 0.0, Avg: 0.0, Max: 0.0, Diff: 0.0, Sum: 0.0]
      [GC Worker Other (ms): Min: 0.0, Avg: 0.0, Max: 0.1, Diff: 0.0, Sum: 0.3]
      [GC Worker Total (ms): Min: 31.8, Avg: 31.8, Max: 31.9, Diff: 0.1, Sum: 254.6]
      [GC Worker End (ms): Min: 115152.2, Avg: 115152.2, Max: 115152.2, Diff: 0.0]
   [Code Root Fixup: 0.0 ms]
   [Code Root Migration: 0.1 ms]
   [Clear CT: 0.4 ms]
   [Other: 0.7 ms]
      [Choose CSet: 0.0 ms]
      [Ref Proc: 0.1 ms]
      [Ref Enq: 0.0 ms]
      [Free CSet: 0.6 ms]
   [Eden: 853.0M(853.0M)->0.0B(853.0M) Survivors: 69.0M->69.0M Heap: 1052.4M(1538.0M)->199.4M(1538.0M)]
 [Times: user=0.26 sys=0.00, real=0.04 secs] 
115.154: Total time for which application threads were stopped: 0.0333660 seconds, Stopping threads took: 0.0000630 seconds
115.597: Application time: 0.4431670 seconds
115.597: [GC pause (young), 0.0334270 secs]
   [Parallel Time: 32.1 ms, GC Workers: 8]
      [GC Worker Start (ms): Min: 115596.9, Avg: 115596.9, Max: 115596.9, Diff: 0.1]
      [Ext Root Scanning (ms): Min: 0.7, Avg: 0.7, Max: 0.8, Diff: 0.1, Sum: 5.7]
      [Update RS (ms): Min: 0.2, Avg: 0.3, Max: 0.4, Diff: 0.2, Sum: 2.3]
         [Processed Buffers: Min: 1, Avg: 2.1, Max: 3, Diff: 2, Sum: 17]
      [Scan RS (ms): Min: 0.3, Avg: 0.4, Max: 0.5, Diff: 0.2, Sum: 2.9]
      [Code Root Scanning (ms): Min: 0.0, Avg: 0.0, Max: 0.0, Diff: 0.0, Sum: 0.0]
      [Object Copy (ms): Min: 30.6, Avg: 30.6, Max: 30.6, Diff: 0.1, Sum: 244.8]
      [Termination (ms): Min: 0.0, Avg: 0.0, Max: 0.0, Diff: 0.0, Sum: 0.0]
      [GC Worker Other (ms): Min: 0.0, Avg: 0.0, Max: 0.1, Diff: 0.0, Sum: 0.3]
      [GC Worker Total (ms): Min: 32.0, Avg: 32.0, Max: 32.1, Diff: 0.1, Sum: 256.1]
      [GC Worker End (ms): Min: 115628.9, Avg: 115628.9, Max: 115628.9, Diff: 0.0]
   [Code Root Fixup: 0.0 ms]
   [Code Root Migration: 0.1 ms]
   [Clear CT: 0.4 ms]
   [Other: 0.8 ms]
      [Choose CSet: 0.0 ms]
      [Ref Proc: 0.1 ms]
      [Ref Enq: 0.0 ms]
      [Free CSet: 0.6 ms]
   [Eden: 853.0M(853.0M)->0.0B(852.0M) Survivors: 69.0M->70.0M Heap: 1052.4M(1538.0M)->199.9M(1538.0M)]
 [Times: user=0.26 sys=0.00, real=0.03 secs] 
115.630: Total time for which application threads were stopped: 0.0335760 seconds, Stopping threads took: 0.0000150 seconds
116.069: Application time: 0.4388810 seconds
116.069: [GC pause (young), 0.0326920 secs]
   [Parallel Time: 31.5 ms, GC Workers: 8]
      [GC Worker Start (ms): Min: 116069.4, Avg: 116069.4, Max: 116069.4, Diff: 0.1]
      [Ext Root Scanning (ms): Min: 0.7, Avg: 0.8, Max: 0.9, Diff: 0.1, Sum: 6.3]
      [Update RS (ms): Min: 0.2, Avg: 0.3, Max: 0.4, Diff: 0.2, Sum: 2.3]
         [Processed Buffers: Min: 1, Avg: 2.1, Max: 3, Diff: 2, Sum: 17]
      [Scan RS (ms): Min: 0.3, Avg: 0.4, Max: 0.4, Diff: 0.2, Sum: 2.8]
      [Code Root Scanning (ms): Min: 0.0, Avg: 0.0, Max: 0.0, Diff: 0.0, Sum: 0.0]
      [Object Copy (ms): Min: 29.9, Avg: 29.9, Max: 29.9, Diff: 0.1, Sum: 239.2]
      [Termination (ms): Min: 0.0, Avg: 0.0, Max: 0.0, Diff: 0.0, Sum: 0.0]
      [GC Worker Other (ms): Min: 0.0, Avg: 0.0, Max: 0.1, Diff: 0.0, Sum: 0.3]
      [GC Worker Total (ms): Min: 31.3, Avg: 31.4, Max: 31.4, Diff: 0.1, Sum: 251.0]
      [GC Worker End (ms): Min: 116100.7, Avg: 116100.8, Max: 116100.8, Diff: 0.0]
   [Code Root Fixup: 0.1 ms]
   [Code Root Migration: 0.1 ms]
   [Clear CT: 0.4 ms]
   [Other: 0.7 ms]
      [Choose CSet: 0.0 ms]
      [Ref Proc: 0.1 ms]
      [Ref Enq: 0.0 ms]
      [Free CSet: 0.5 ms]
   [Eden: 852.0M(852.0M)->0.0B(852.0M) Survivors: 70.0M->70.0M Heap: 1051.9M(1538.0M)->200.4M(1538.0M)]
 [Times: user=0.25 sys=0.00, real=0.03 secs] 
116.102: Total time for which application threads were stopped: 0.0328840 seconds, Stopping threads took: 0.0000390 seconds
116.540: Application time: 0.4379920 seconds
116.540: [GC pause (young), 0.0316540 secs]
   [Parallel Time: 30.4 ms, GC Workers: 8]
      [GC Worker Start (ms): Min: 116540.2, Avg: 116540.3, Max: 116540.3, Diff: 0.1]
      [Ext Root Scanning (ms): Min: 0.7, Avg: 0.8, Max: 0.8, Diff: 0.2, Sum: 6.1]
      [Update RS (ms): Min: 0.2, Avg: 0.3, Max: 0.4, Diff: 0.2, Sum: 2.4]
         [Processed Buffers: Min: 1, Avg: 2.1, Max: 3, Diff: 2, Sum: 17]
      [Scan RS (ms): Min: 0.3, Avg: 0.4, Max: 0.4, Diff: 0.2, Sum: 2.8]
      [Code Root Scanning (ms): Min: 0.0, Avg: 0.0, Max: 0.0, Diff: 0.0, Sum: 0.0]
      [Object Copy (ms): Min: 28.8, Avg: 28.9, Max: 28.9, Diff: 0.1, Sum: 231.0]
      [Termination (ms): Min: 0.0, Avg: 0.0, Max: 0.0, Diff: 0.0, Sum: 0.0]
      [GC Worker Other (ms): Min: 0.0, Avg: 0.1, Max: 0.1, Diff: 0.1, Sum: 0.4]
      [GC Worker Total (ms): Min: 30.3, Avg: 30.3, Max: 30.4, Diff: 0.1, Sum: 242.8]
      [GC Worker End (ms): Min: 116570.6, Avg: 116570.6, Max: 116570.6, Diff: 0.0]
   [Code Root Fixup: 0.1 ms]
   [Code Root Migration: 0.1 ms]
   [Clear CT: 0.4 ms]
   [Other: 0.7 ms]
      [Choose CSet: 0.0 ms]
      [Ref Proc: 0.1 ms]
      [Ref Enq: 0.0 ms]
      [Free CSet: 0.5 ms]
   [Eden: 852.0M(852.0M)->0.0B(854.0M) Survivors: 70.0M->68.0M Heap: 1052.4M(1538.0M)->197.9M(1538.0M)]
 [Times: user=0.25 sys=0.00, real=0.04 secs] 
116.572: Total time for which application threads were stopped: 0.0318680 seconds, Stopping threads took: 0.0000700 seconds
117.010: Application time: 0.4379730 seconds
117.010: [GC pause (young), 0.0312450 secs]
   [Parallel Time: 30.0 ms, GC Workers: 8]
      [GC Worker Start (ms): Min: 117010.1, Avg: 117010.1, Max: 117010.1, Diff: 0.1]
      [Ext Root Scanning (ms): Min: 0.7, Avg: 0.8, Max: 0.9, Diff: 0.2, Sum: 6.4]
      [Update RS (ms): Min: 0.2, Avg: 0.3, Max: 0.4, Diff: 0.2, Sum: 2.3]
         [Processed Buffers: Min: 1, Avg: 2.1, Max: 3, Diff: 2, Sum: 17]
      [Scan RS (ms): Min: 0.3, Avg: 0.4, Max: 0.4, Diff: 0.1, Sum: 2.9]
      [Code Root Scanning (ms): Min: 0.0, Avg: 0.0, Max: 0.0, Diff: 0.0, Sum: 0.1]
      [Object Copy (ms): Min: 28.4, Avg: 28.4, Max: 28.5, Diff: 0.1, Sum: 227.5]
      [Termination (ms): Min: 0.0, Avg: 0.0, Max: 0.0, Diff: 0.0, Sum: 0.0]
      [GC Worker Other (ms): Min: 0.0, Avg: 0.0, Max: 0.1, Diff: 0.0, Sum: 0.3]
      [GC Worker Total (ms): Min: 29.9, Avg: 29.9, Max: 30.0, Diff: 0.1, Sum: 239.5]
      [GC Worker End (ms): Min: 117040.0, Avg: 117040.0, Max: 117040.1, Diff: 0.0]
   [Code Root Fixup: 0.0 ms]
   [Code Root Migration: 0.1 ms]
   [Clear CT: 0.4 ms]
   [Other: 0.7 ms]
      [Choose CSet: 0.0 ms]
      [Ref Proc: 0.1 ms]
      [Ref Enq: 0.0 ms]
      [Free CSet: 0.5 ms]
   [Eden: 854.0M(854.0M)->0.0B(854.0M) Survivors: 68.0M->68.0M Heap: 1051.9M(1538.0M)->198.4M(1538.0M)]
 [Times: user=0.24 sys=0.00, real=0.03 secs] 
117.041: Total time for which application threads were stopped: 0.0314350 seconds, Stopping threads took: 0.0000380 seconds
117.477: Application time: 0.4351740 seconds
117.477: [GC pause (young), 0.0323880 secs]
   [Parallel Time: 31.1 ms, GC Workers: 8]
      [GC Worker Start (ms): Min: 117476.7, Avg: 117476.7, Max: 117476.7, Diff: 0.1]
      [Ext Root Scanning (ms): Min: 0.7, Avg: 0.8, Max: 0.9, Diff: 0.1, Sum: 6.4]
      [Update RS (ms): Min: 0.2, Avg: 0.3, Max: 0.4, Diff: 0.2, Sum: 2.4]
         [Processed Buffers: Min: 1, Avg: 2.1, Max: 3, Diff: 2, Sum: 17]
      [Scan RS (ms): Min: 0.2, Avg: 0.3, Max: 0.4, Diff: 0.2, Sum: 2.7]
      [Code Root Scanning (ms): Min: 0.0, Avg: 0.0, Max: 0.0, Diff: 0.0, Sum: 0.0]
      [Object Copy (ms): Min: 29.6, Avg: 29.6, Max: 29.6, Diff: 0.0, Sum: 236.7]
      [Termination (ms): Min: 0.0, Avg: 0.0, Max: 0.0, Diff: 0.0, Sum: 0.0]
      [GC Worker Other (ms): Min: 0.0, Avg: 0.0, Max: 0.1, Diff: 0.0, Sum: 0.3]
      [GC Worker Total (ms): Min: 31.0, Avg: 31.1, Max: 31.1, Diff: 0.1, Sum: 248.6]
      [GC Worker End (ms): Min: 117507.8, Avg: 117507.8, Max: 117507.8, Diff: 0.0]
   [Code Root Fixup: 0.0 ms]
   [Code Root Migration: 0.1 ms]
   [Clear CT: 0.4 ms]
   [Other: 0.7 ms]
      [Choose CSet: 0.0 ms]
      [Ref Proc: 0.1 ms]
      [Ref Enq: 0.0 ms]
      [Free CSet: 0.5 ms]
   [Eden: 854.0M(854.0M)->0.0B(853.0M) Survivors: 68.0M->69.0M Heap: 1052.4M(1538.0M)->199.4M(1538.0M)]
 [Times: user=0.25 sys=0.00, real=0.03 secs] 
117.509: Total time for which application threads were stopped: 0.0325570 seconds, Stopping threads took: 0.0000330 seconds
117.944: Application time: 0.4351820 seconds
117.944: [GC pause (young), 0.0318080 secs]
   [Parallel Time: 30.5 ms, GC Workers: 8]
      [GC Worker Start (ms): Min: 117944.4, Avg: 117944.4, Max: 117944.5, Diff: 0.1]
      [Ext Root Scanning (ms): Min: 0.7, Avg: 0.8, Max: 0.8, Diff: 0.1, Sum: 6.1]
      [Update RS (ms): Min: 0.2, Avg: 0.3, Max: 0.4, Diff: 0.2, Sum: 2.4]
         [Processed Buffers: Min: 1, Avg: 2.1, Max: 4, Diff: 3, Sum: 17]
      [Scan RS (ms): Min: 0.3, Avg: 0.4, Max: 0.5, Diff: 0.2, Sum: 2.9]
      [Code Root Scanning (ms): Min: 0.0, Avg: 0.0, Max: 0.0, Diff: 0.0, Sum: 0.0]
      [Object Copy (ms): Min: 28.9, Avg: 29.0, Max: 29.0, Diff: 0.1, Sum: 231.8]
      [Termination (ms): Min: 0.0, Avg: 0.0, Max: 0.0, Diff: 0.0, Sum: 0.0]
      [GC Worker Other (ms): Min: 0.0, Avg: 0.0, Max: 0.1, Diff: 0.0, Sum: 0.3]
      [GC Worker Total (ms): Min: 30.4, Avg: 30.4, Max: 30.5, Diff: 0.1, Sum: 243.6]
      [GC Worker End (ms): Min: 117974.9, Avg: 117974.9, Max: 117974.9, Diff: 0.0]
   [Code Root Fixup: 0.0 ms]
   [Code Root Migration: 0.1 ms]
   [Clear CT: 0.4 ms]
   [Other: 0.7 ms]
      [Choose CSet: 0.0 ms]
      [Ref Proc: 0.1 ms]
      [Ref Enq: 0.0 ms]
      [Free CSet: 0.6 ms]
   [Eden: 853.0M(853.0M)->0.0B(854.0M) Survivors: 69.0M->68.0M Heap: 1052.4M(1538.0M)->198.5M(1538.0M)]
 [Times: user=0.25 sys=0.00, real=0.03 secs] 
117.976: Total time for which application threads were stopped: 0.0319760 seconds, Stopping threads took: 0.0000160 seconds
118.412: Application time: 0.4359440 seconds
118.412: [GC pause (young), 0.0350270 secs]
   [Parallel Time: 33.7 ms, GC Workers: 8]
      [GC Worker Start (ms): Min: 118412.4, Avg: 118412.4, Max: 118412.4, Diff: 0.1]
      [Ext Root Scanning (ms): Min: 0.7, Avg: 0.7, Max: 0.8, Diff: 0.1, Sum: 5.9]
      [Update RS (ms): Min: 0.2, Avg: 0.3, Max: 0.4, Diff: 0.2, Sum: 2.4]
         [Processed Buffers: Min: 1, Avg: 2.1, Max: 4, Diff: 3, Sum: 17]
      [Scan RS (ms): Min: 0.3, Avg: 0.4, Max: 0.4, Diff: 0.2, Sum: 2.9]
      [Code Root Scanning (ms): Min: 0.0, Avg: 0.0, Max: 0.0, Diff: 0.0, Sum: 0.0]
      [Object Copy (ms): Min: 32.2, Avg: 32.2, Max: 32.3, Diff: 0.1, Sum: 257.8]
      [Termination (ms): Min: 0.0, Avg: 0.0, Max: 0.0, Diff: 0.0, Sum: 0.0]
      [GC Worker Other (ms): Min: 0.0, Avg: 0.0, Max: 0.1, Diff: 0.1, Sum: 0.3]
      [GC Worker Total (ms): Min: 33.6, Avg: 33.7, Max: 33.7, Diff: 0.1, Sum: 269.3]
      [GC Worker End (ms): Min: 118446.1, Avg: 118446.1, Max: 118446.1, Diff: 0.0]
   [Code Root Fixup: 0.0 ms]
   [Code Root Migration: 0.1 ms]
   [Clear CT: 0.4 ms]
   [Other: 0.7 ms]
      [Choose CSet: 0.0 ms]
      [Ref Proc: 0.1 ms]
      [Ref Enq: 0.0 ms]
      [Free CSet: 0.6 ms]
   [Eden: 854.0M(854.0M)->0.0B(848.0M) Survivors: 68.0M->74.0M Heap: 1052.5M(1538.0M)->204.5M(1538.0M)]
 [Times: user=0.27 sys=0.00, real=0.03 secs] 
118.447: Total time for which application threads were stopped: 0.0352570 seconds, Stopping threads took: 0.0000770 seconds
118.884: Application time: 0.4367160 seconds
118.884: [GC pause (young), 0.0343730 secs]
   [Parallel Time: 33.1 ms, GC Workers: 8]
      [GC Worker Start (ms): Min: 118884.3, Avg: 118884.4, Max: 118884.4, Diff: 0.1]
      [Ext Root Scanning (ms): Min: 0.6, Avg: 0.7, Max: 0.7, Diff: 0.2, Sum: 5.5]
      [Update RS (ms): Min: 0.2, Avg: 0.3, Max: 0.4, Diff: 0.2, Sum: 2.5]
         [Processed Buffers: Min: 1, Avg: 2.1, Max: 3, Diff: 2, Sum: 17]
      [Scan RS (ms): Min: 0.2, Avg: 0.4, Max: 0.4, Diff: 0.2, Sum: 2.8]
      [Code Root Scanning (ms): Min: 0.0, Avg: 0.0, Max: 0.0, Diff: 0.0, Sum: 0.0]
      [Object Copy (ms): Min: 31.6, Avg: 31.6, Max: 31.7, Diff: 0.1, Sum: 253.1]
      [Termination (ms): Min: 0.0, Avg: 0.0, Max: 0.0, Diff: 0.0, Sum: 0.0]
      [GC Worker Other (ms): Min: 0.0, Avg: 0.0, Max: 0.1, Diff: 0.0, Sum: 0.4]
      [GC Worker Total (ms): Min: 33.0, Avg: 33.0, Max: 33.1, Diff: 0.1, Sum: 264.2]
      [GC Worker End (ms): Min: 118917.4, Avg: 118917.4, Max: 118917.4, Diff: 0.0]
   [Code Root Fixup: 0.0 ms]
   [Code Root Migration: 0.1 ms]
   [Clear CT: 0.4 ms]
   [Other: 0.7 ms]
      [Choose CSet: 0.0 ms]
      [Ref Proc: 0.1 ms]
      [Ref Enq: 0.0 ms]
      [Free CSet: 0.6 ms]
   [Eden: 848.0M(848.0M)->0.0B(852.0M) Survivors: 74.0M->70.0M Heap: 1052.5M(1538.0M)->200.0M(1538.0M)]
 [Times: user=0.26 sys=0.00, real=0.03 secs] 
118.919: Total time for which application threads were stopped: 0.0345620 seconds, Stopping threads took: 0.0000390 seconds
119.362: Application time: 0.4437340 seconds
119.363: [GC pause (young), 0.0318270 secs]
   [Parallel Time: 30.6 ms, GC Workers: 8]
      [GC Worker Start (ms): Min: 119362.6, Avg: 119362.7, Max: 119362.7, Diff: 0.1]
      [Ext Root Scanning (ms): Min: 0.7, Avg: 0.8, Max: 0.8, Diff: 0.1, Sum: 6.1]
      [Update RS (ms): Min: 0.2, Avg: 0.3, Max: 0.4, Diff: 0.2, Sum: 2.3]
         [Processed Buffers: Min: 1, Avg: 2.1, Max: 3, Diff: 2, Sum: 17]
      [Scan RS (ms): Min: 0.3, Avg: 0.4, Max: 0.5, Diff: 0.1, Sum: 3.1]
      [Code Root Scanning (ms): Min: 0.0, Avg: 0.0, Max: 0.0, Diff: 0.0, Sum: 0.0]
      [Object Copy (ms): Min: 29.0, Avg: 29.1, Max: 29.1, Diff: 0.1, Sum: 232.6]
      [Termination (ms): Min: 0.0, Avg: 0.0, Max: 0.0, Diff: 0.0, Sum: 0.0]
      [GC Worker Other (ms): Min: 0.0, Avg: 0.0, Max: 0.1, Diff: 0.0, Sum: 0.3]
      [GC Worker Total (ms): Min: 30.5, Avg: 30.6, Max: 30.6, Diff: 0.1, Sum: 244.4]
      [GC Worker End (ms): Min: 119393.2, Avg: 119393.2, Max: 119393.2, Diff: 0.0]
   [Code Root Fixup: 0.0 ms]
   [Code Root Migration: 0.1 ms]
   [Clear CT: 0.4 ms]
   [Other: 0.7 ms]
      [Choose CSet: 0.0 ms]
      [Ref Proc: 0.1 ms]
      [Ref Enq: 0.0 ms]
      [Free CSet: 0.5 ms]
   [Eden: 852.0M(852.0M)->0.0B(853.0M) Survivors: 70.0M->69.0M Heap: 1052.0M(1538.0M)->199.0M(1538.0M)]
 [Times: user=0.25 sys=0.00, real=0.04 secs] 
119.395: Total time for which application threads were stopped: 0.0320230 seconds, Stopping threads took: 0.0000570 seconds
119.843: Application time: 0.4484650 seconds
119.843: [GC pause (young), 0.0324780 secs]
   [Parallel Time: 31.3 ms, GC Workers: 8]
      [GC Worker Start (ms): Min: 119843.1, Avg: 119843.2, Max: 119843.3, Diff: 0.2]
      [Ext Root Scanning (ms): Min: 0.5, Avg: 0.7, Max: 0.8, Diff: 0.2, Sum: 5.3]
      [Update RS (ms): Min: 0.2, Avg: 0.3, Max: 0.4, Diff: 0.2, Sum: 2.4]
         [Processed Buffers: Min: 1, Avg: 2.1, Max: 3, Diff: 2, Sum: 17]
      [Scan RS (ms): Min: 0.3, Avg: 0.4, Max: 0.5, Diff: 0.2, Sum: 3.0]
      [Code Root Scanning (ms): Min: 0.0, Avg: 0.0, Max: 0.0, Diff: 0.0, Sum: 0.0]
      [Object Copy (ms): Min: 29.7, Avg: 29.8, Max: 29.8, Diff: 0.1, Sum: 238.1]
      [Termination (ms): Min: 0.0, Avg: 0.0, Max: 0.0, Diff: 0.0, Sum: 0.0]
      [GC Worker Other (ms): Min: 0.0, Avg: 0.1, Max: 0.1, Diff: 0.0, Sum: 0.4]
      [GC Worker Total (ms): Min: 31.0, Avg: 31.2, Max: 31.2, Diff: 0.2, Sum: 249.3]
      [GC Worker End (ms): Min: 119874.3, Avg: 119874.3, Max: 119874.4, Diff: 0.0]
   [Code Root Fixup: 0.0 ms]
   [Code Root Migration: 0.1 ms]
   [Clear CT: 0.4 ms]
   [Other: 0.7 ms]
      [Choose CSet: 0.0 ms]
      [Ref Proc: 0.1 ms]
      [Ref Enq: 0.0 ms]
      [Free CSet: 0.5 ms]
   [Eden: 853.0M(853.0M)->0.0B(853.0M) Survivors: 69.0M->69.0M Heap: 1052.0M(1538.0M)->199.5M(1538.0M)]
 [Times: user=0.25 sys=0.00, real=0.04 secs] 
119.876: Total time for which application threads were stopped: 0.0326740 seconds, Stopping threads took: 0.0000490 seconds
120.322: Application time: 0.4466170 seconds
120.322: [GC pause (young), 0.0326160 secs]
   [Parallel Time: 31.4 ms, GC Workers: 8]
      [GC Worker Start (ms): Min: 120322.4, Avg: 120322.4, Max: 120322.5, Diff: 0.1]
      [Ext Root Scanning (ms): Min: 0.7, Avg: 0.8, Max: 0.8, Diff: 0.1, Sum: 6.1]
      [Update RS (ms): Min: 0.2, Avg: 0.3, Max: 0.4, Diff: 0.2, Sum: 2.4]
         [Processed Buffers: Min: 1, Avg: 2.1, Max: 3, Diff: 2, Sum: 17]
      [Scan RS (ms): Min: 0.3, Avg: 0.4, Max: 0.4, Diff: 0.2, Sum: 3.0]
      [Code Root Scanning (ms): Min: 0.0, Avg: 0.0, Max: 0.0, Diff: 0.0, Sum: 0.0]
      [Object Copy (ms): Min: 29.8, Avg: 29.9, Max: 29.9, Diff: 0.1, Sum: 238.8]
      [Termination (ms): Min: 0.0, Avg: 0.0, Max: 0.0, Diff: 0.0, Sum: 0.0]
      [GC Worker Other (ms): Min: 0.0, Avg: 0.0, Max: 0.1, Diff: 0.0, Sum: 0.3]
      [GC Worker Total (ms): Min: 31.3, Avg: 31.3, Max: 31.4, Diff: 0.1, Sum: 250.6]
      [GC Worker End (ms): Min: 120353.7, Avg: 120353.8, Max: 120353.8, Diff: 0.1]
   [Code Root Fixup: 0.0 ms]
   [Code Root Migration: 0.1 ms]
   [Clear CT: 0.4 ms]
   [Other: 0.7 ms]
      [Choose CSet: 0.0 ms]
      [Ref Proc: 0.1 ms]
      [Ref Enq: 0.0 ms]
      [Free CSet: 0.5 ms]
   [Eden: 853.0M(853.0M)->0.0B(853.0M) Survivors: 69.0M->69.0M Heap: 1052.5M(1538.0M)->199.5M(1538.0M)]
 [Times: user=0.26 sys=0.00, real=0.04 secs] 
120.355: Total time for which application threads were stopped: 0.0327960 seconds, Stopping threads took: 0.0000350 seconds
120.797: Application time: 0.4420550 seconds
120.797: [GC pause (young), 0.0331110 secs]
   [Parallel Time: 31.9 ms, GC Workers: 8]
      [GC Worker Start (ms): Min: 120797.3, Avg: 120797.6, Max: 120799.4, Diff: 2.1]
      [Ext Root Scanning (ms): Min: 0.0, Avg: 0.6, Max: 0.8, Diff: 0.8, Sum: 5.2]
      [Update RS (ms): Min: 0.0, Avg: 0.3, Max: 0.4, Diff: 0.4, Sum: 2.2]
         [Processed Buffers: Min: 0, Avg: 2.1, Max: 4, Diff: 4, Sum: 17]
      [Scan RS (ms): Min: 0.0, Avg: 0.3, Max: 0.4, Diff: 0.4, Sum: 2.6]
      [Code Root Scanning (ms): Min: 0.0, Avg: 0.0, Max: 0.0, Diff: 0.0, Sum: 0.0]
      [Object Copy (ms): Min: 29.7, Avg: 30.3, Max: 30.4, Diff: 0.7, Sum: 242.4]
      [Termination (ms): Min: 0.0, Avg: 0.0, Max: 0.0, Diff: 0.0, Sum: 0.0]
      [GC Worker Other (ms): Min: 0.0, Avg: 0.0, Max: 0.1, Diff: 0.0, Sum: 0.4]
      [GC Worker Total (ms): Min: 29.8, Avg: 31.6, Max: 31.9, Diff: 2.1, Sum: 252.8]
      [GC Worker End (ms): Min: 120829.2, Avg: 120829.2, Max: 120829.2, Diff: 0.0]
   [Code Root Fixup: 0.0 ms]
   [Code Root Migration: 0.1 ms]
   [Clear CT: 0.4 ms]
   [Other: 0.7 ms]
      [Choose CSet: 0.0 ms]
      [Ref Proc: 0.1 ms]
      [Ref Enq: 0.0 ms]
      [Free CSet: 0.5 ms]
   [Eden: 853.0M(853.0M)->0.0B(852.0M) Survivors: 69.0M->70.0M Heap: 1052.5M(1538.0M)->200.0M(1538.0M)]
 [Times: user=0.25 sys=0.00, real=0.03 secs] 
120.830: Total time for which application threads were stopped: 0.0333140 seconds, Stopping threads took: 0.0000520 seconds
121.272: Application time: 0.4410940 seconds
121.272: [GC pause (young), 0.0327290 secs]
   [Parallel Time: 31.5 ms, GC Workers: 8]
      [GC Worker Start (ms): Min: 121271.7, Avg: 121271.7, Max: 121271.7, Diff: 0.1]
      [Ext Root Scanning (ms): Min: 0.7, Avg: 0.8, Max: 0.8, Diff: 0.2, Sum: 6.2]
      [Update RS (ms): Min: 0.2, Avg: 0.3, Max: 0.4, Diff: 0.2, Sum: 2.3]
         [Processed Buffers: Min: 1, Avg: 2.1, Max: 3, Diff: 2, Sum: 17]
      [Scan RS (ms): Min: 0.2, Avg: 0.3, Max: 0.4, Diff: 0.2, Sum: 2.7]
      [Code Root Scanning (ms): Min: 0.0, Avg: 0.0, Max: 0.0, Diff: 0.0, Sum: 0.0]
      [Object Copy (ms): Min: 29.9, Avg: 29.9, Max: 30.0, Diff: 0.1, Sum: 239.4]
      [Termination (ms): Min: 0.0, Avg: 0.0, Max: 0.0, Diff: 0.0, Sum: 0.0]
      [GC Worker Other (ms): Min: 0.0, Avg: 0.0, Max: 0.1, Diff: 0.1, Sum: 0.4]
      [GC Worker Total (ms): Min: 31.4, Avg: 31.4, Max: 31.4, Diff: 0.1, Sum: 251.1]
      [GC Worker End (ms): Min: 121303.1, Avg: 121303.1, Max: 121303.1, Diff: 0.0]
   [Code Root Fixup: 0.0 ms]
   [Code Root Migration: 0.1 ms]
   [Clear CT: 0.4 ms]
   [Other: 0.7 ms]
      [Choose CSet: 0.0 ms]
      [Ref Proc: 0.1 ms]
      [Ref Enq: 0.0 ms]
      [Free CSet: 0.5 ms]
   [Eden: 852.0M(852.0M)->0.0B(851.0M) Survivors: 70.0M->71.0M Heap: 1052.0M(1538.0M)->201.0M(1538.0M)]
 [Times: user=0.25 sys=0.00, real=0.03 secs] 
121.304: Total time for which application threads were stopped: 0.0328990 seconds, Stopping threads took: 0.0000360 seconds
121.741: Application time: 0.4369990 seconds
121.742: [GC pause (young), 0.0329670 secs]
   [Parallel Time: 31.7 ms, GC Workers: 8]
      [GC Worker Start (ms): Min: 121741.6, Avg: 121741.6, Max: 121741.7, Diff: 0.1]
      [Ext Root Scanning (ms): Min: 0.7, Avg: 0.7, Max: 0.8, Diff: 0.1, Sum: 6.0]
      [Update RS (ms): Min: 0.2, Avg: 0.3, Max: 0.4, Diff: 0.2, Sum: 2.4]
         [Processed Buffers: Min: 1, Avg: 2.1, Max: 4, Diff: 3, Sum: 17]
      [Scan RS (ms): Min: 0.3, Avg: 0.4, Max: 0.4, Diff: 0.2, Sum: 2.9]
      [Code Root Scanning (ms): Min: 0.0, Avg: 0.0, Max: 0.0, Diff: 0.0, Sum: 0.0]
      [Object Copy (ms): Min: 30.2, Avg: 30.2, Max: 30.3, Diff: 0.1, Sum: 241.6]
      [Termination (ms): Min: 0.0, Avg: 0.0, Max: 0.0, Diff: 0.0, Sum: 0.0]
      [GC Worker Other (ms): Min: 0.0, Avg: 0.1, Max: 0.1, Diff: 0.0, Sum: 0.5]
      [GC Worker Total (ms): Min: 31.6, Avg: 31.7, Max: 31.7, Diff: 0.1, Sum: 253.3]
      [GC Worker End (ms): Min: 121773.3, Avg: 121773.3, Max: 121773.3, Diff: 0.0]
   [Code Root Fixup: 0.1 ms]
   [Code Root Migration: 0.1 ms]
   [Clear CT: 0.4 ms]
   [Other: 0.7 ms]
      [Choose CSet: 0.0 ms]
      [Ref Proc: 0.1 ms]
      [Ref Enq: 0.0 ms]
      [Free CSet: 0.5 ms]
   [Eden: 851.0M(851.0M)->0.0B(852.0M) Survivors: 71.0M->70.0M Heap: 1052.0M(1538.0M)->200.5M(1538.0M)]
 [Times: user=0.25 sys=0.00, real=0.04 secs] 
121.775: Total time for which application threads were stopped: 0.0331770 seconds, Stopping threads took: 0.0000490 seconds
122.210: Application time: 0.4358720 seconds
122.211: [GC pause (young), 0.0328420 secs]
   [Parallel Time: 31.6 ms, GC Workers: 8]
      [GC Worker Start (ms): Min: 122210.6, Avg: 122210.6, Max: 122210.7, Diff: 0.1]
      [Ext Root Scanning (ms): Min: 0.7, Avg: 0.8, Max: 0.8, Diff: 0.1, Sum: 6.4]
      [Update RS (ms): Min: 0.2, Avg: 0.3, Max: 0.4, Diff: 0.2, Sum: 2.4]
         [Processed Buffers: Min: 1, Avg: 2.1, Max: 3, Diff: 2, Sum: 17]
      [Scan RS (ms): Min: 0.2, Avg: 0.3, Max: 0.4, Diff: 0.2, Sum: 2.8]
      [Code Root Scanning (ms): Min: 0.0, Avg: 0.0, Max: 0.0, Diff: 0.0, Sum: 0.0]
      [Object Copy (ms): Min: 30.1, Avg: 30.1, Max: 30.1, Diff: 0.0, Sum: 240.7]
      [Termination (ms): Min: 0.0, Avg: 0.0, Max: 0.0, Diff: 0.0, Sum: 0.0]
      [GC Worker Other (ms): Min: 0.0, Avg: 0.0, Max: 0.1, Diff: 0.0, Sum: 0.3]
      [GC Worker Total (ms): Min: 31.5, Avg: 31.6, Max: 31.6, Diff: 0.1, Sum: 252.6]
      [GC Worker End (ms): Min: 122242.2, Avg: 122242.2, Max: 122242.2, Diff: 0.1]
   [Code Root Fixup: 0.1 ms]
   [Code Root Migration: 0.1 ms]
   [Clear CT: 0.4 ms]
   [Other: 0.7 ms]
      [Choose CSet: 0.0 ms]
      [Ref Proc: 0.1 ms]
      [Ref Enq: 0.0 ms]
      [Free CSet: 0.5 ms]
   [Eden: 852.0M(852.0M)->0.0B(851.0M) Survivors: 70.0M->71.0M Heap: 1052.5M(1538.0M)->201.6M(1538.0M)]
 [Times: user=0.25 sys=0.00, real=0.04 secs] 
122.244: Total time for which application threads were stopped: 0.0330140 seconds, Stopping threads took: 0.0000380 seconds
122.676: Application time: 0.4320740 seconds
122.676: [GC pause (young), 0.0322630 secs]
   [Parallel Time: 31.0 ms, GC Workers: 8]
      [GC Worker Start (ms): Min: 122675.7, Avg: 122675.8, Max: 122675.8, Diff: 0.1]
      [Ext Root Scanning (ms): Min: 0.7, Avg: 0.8, Max: 0.8, Diff: 0.1, Sum: 6.3]
      [Update RS (ms): Min: 0.2, Avg: 0.3, Max: 0.4, Diff: 0.2, Sum: 2.4]
         [Processed Buffers: Min: 1, Avg: 2.1, Max: 4, Diff: 3, Sum: 17]
      [Scan RS (ms): Min: 0.2, Avg: 0.3, Max: 0.4, Diff: 0.2, Sum: 2.7]
      [Code Root Scanning (ms): Min: 0.0, Avg: 0.0, Max: 0.0, Diff: 0.0, Sum: 0.0]
      [Object Copy (ms): Min: 29.4, Avg: 29.5, Max: 29.5, Diff: 0.0, Sum: 235.7]
      [Termination (ms): Min: 0.0, Avg: 0.0, Max: 0.0, Diff: 0.0, Sum: 0.0]
      [GC Worker Other (ms): Min: 0.0, Avg: 0.1, Max: 0.1, Diff: 0.1, Sum: 0.5]
      [GC Worker Total (ms): Min: 30.9, Avg: 31.0, Max: 31.0, Diff: 0.1, Sum: 247.7]
      [GC Worker End (ms): Min: 122706.7, Avg: 122706.7, Max: 122706.7, Diff: 0.0]
   [Code Root Fixup: 0.0 ms]
   [Code Root Migration: 0.1 ms]
   [Clear CT: 0.4 ms]
   [Other: 0.7 ms]
      [Choose CSet: 0.0 ms]
      [Ref Proc: 0.1 ms]
      [Ref Enq: 0.0 ms]
      [Free CSet: 0.5 ms]
   [Eden: 851.0M(851.0M)->0.0B(852.0M) Survivors: 71.0M->70.0M Heap: 1052.6M(1538.0M)->200.6M(1538.0M)]
 [Times: user=0.25 sys=0.00, real=0.03 secs] 
122.708: Total time for which application threads were stopped: 0.0324580 seconds, Stopping threads took: 0.0000510 seconds
123.144: Application time: 0.4362230 seconds
123.144: [GC pause (young), 0.0325520 secs]
   [Parallel Time: 31.3 ms, GC Workers: 8]
      [GC Worker Start (ms): Min: 123144.4, Avg: 123144.8, Max: 123147.4, Diff: 3.0]
      [Ext Root Scanning (ms): Min: 0.0, Avg: 0.7, Max: 0.9, Diff: 0.9, Sum: 5.5]
      [Update RS (ms): Min: 0.0, Avg: 0.3, Max: 0.4, Diff: 0.4, Sum: 2.2]
         [Processed Buffers: Min: 0, Avg: 2.1, Max: 4, Diff: 4, Sum: 17]
      [Scan RS (ms): Min: 0.1, Avg: 0.3, Max: 0.4, Diff: 0.3, Sum: 2.6]
      [Code Root Scanning (ms): Min: 0.0, Avg: 0.0, Max: 0.0, Diff: 0.0, Sum: 0.0]
      [Object Copy (ms): Min: 28.1, Avg: 29.5, Max: 29.8, Diff: 1.7, Sum: 236.4]
      [Termination (ms): Min: 0.0, Avg: 0.0, Max: 0.0, Diff: 0.0, Sum: 0.0]
      [GC Worker Other (ms): Min: 0.0, Avg: 0.0, Max: 0.0, Diff: 0.0, Sum: 0.2]
      [GC Worker Total (ms): Min: 28.3, Avg: 30.9, Max: 31.3, Diff: 3.0, Sum: 247.0]
      [GC Worker End (ms): Min: 123175.6, Avg: 123175.7, Max: 123175.7, Diff: 0.0]
   [Code Root Fixup: 0.1 ms]
   [Code Root Migration: 0.1 ms]
   [Clear CT: 0.4 ms]
   [Other: 0.7 ms]
      [Choose CSet: 0.0 ms]
      [Ref Proc: 0.1 ms]
      [Ref Enq: 0.0 ms]
      [Free CSet: 0.5 ms]
   [Eden: 852.0M(852.0M)->0.0B(852.0M) Survivors: 70.0M->70.0M Heap: 1052.6M(1538.0M)->200.6M(1538.0M)]
 [Times: user=0.25 sys=0.00, real=0.03 secs] 
123.177: Total time for which application threads were stopped: 0.0327290 seconds, Stopping threads took: 0.0000360 seconds
123.614: Application time: 0.4366280 seconds
123.614: [GC pause (young), 0.0304880 secs]
   [Parallel Time: 29.3 ms, GC Workers: 8]
      [GC Worker Start (ms): Min: 123613.8, Avg: 123613.8, Max: 123613.8, Diff: 0.1]
      [Ext Root Scanning (ms): Min: 0.7, Avg: 0.7, Max: 0.8, Diff: 0.1, Sum: 6.0]
      [Update RS (ms): Min: 0.2, Avg: 0.3, Max: 0.5, Diff: 0.2, Sum: 2.4]
         [Processed Buffers: Min: 1, Avg: 2.1, Max: 3, Diff: 2, Sum: 17]
      [Scan RS (ms): Min: 0.3, Avg: 0.4, Max: 0.4, Diff: 0.2, Sum: 3.0]
      [Code Root Scanning (ms): Min: 0.0, Avg: 0.0, Max: 0.0, Diff: 0.0, Sum: 0.0]
      [Object Copy (ms): Min: 27.7, Avg: 27.7, Max: 27.8, Diff: 0.1, Sum: 221.6]
      [Termination (ms): Min: 0.0, Avg: 0.0, Max: 0.0, Diff: 0.0, Sum: 0.0]
      [GC Worker Other (ms): Min: 0.0, Avg: 0.1, Max: 0.1, Diff: 0.0, Sum: 0.5]
      [GC Worker Total (ms): Min: 29.1, Avg: 29.2, Max: 29.2, Diff: 0.1, Sum: 233.5]
      [GC Worker End (ms): Min: 123643.0, Avg: 123643.0, Max: 123643.0, Diff: 0.0]
   [Code Root Fixup: 0.1 ms]
   [Code Root Migration: 0.1 ms]
   [Clear CT: 0.4 ms]
   [Other: 0.7 ms]
      [Choose CSet: 0.0 ms]
      [Ref Proc: 0.1 ms]
      [Ref Enq: 0.0 ms]
      [Free CSet: 0.5 ms]
   [Eden: 852.0M(852.0M)->0.0B(855.0M) Survivors: 70.0M->67.0M Heap: 1052.6M(1538.0M)->197.1M(1538.0M)]
 [Times: user=0.24 sys=0.00, real=0.03 secs] 
123.646: Total time for which application threads were stopped: 0.0322080 seconds, Stopping threads took: 0.0000350 seconds
124.091: Application time: 0.4447690 seconds
124.091: [GC pause (young), 0.0323750 secs]
   [Parallel Time: 31.2 ms, GC Workers: 8]
      [GC Worker Start (ms): Min: 124090.7, Avg: 124090.8, Max: 124090.8, Diff: 0.1]
      [Ext Root Scanning (ms): Min: 0.7, Avg: 0.8, Max: 0.8, Diff: 0.2, Sum: 6.0]
      [Update RS (ms): Min: 0.2, Avg: 0.3, Max: 0.5, Diff: 0.3, Sum: 2.4]
         [Processed Buffers: Min: 1, Avg: 2.1, Max: 3, Diff: 2, Sum: 17]
      [Scan RS (ms): Min: 0.3, Avg: 0.4, Max: 0.5, Diff: 0.2, Sum: 3.0]
      [Code Root Scanning (ms): Min: 0.0, Avg: 0.0, Max: 0.0, Diff: 0.0, Sum: 0.0]
      [Object Copy (ms): Min: 29.6, Avg: 29.6, Max: 29.7, Diff: 0.1, Sum: 237.0]
      [Termination (ms): Min: 0.0, Avg: 0.0, Max: 0.0, Diff: 0.0, Sum: 0.0]
      [GC Worker Other (ms): Min: 0.0, Avg: 0.1, Max: 0.1, Diff: 0.0, Sum: 0.4]
      [GC Worker Total (ms): Min: 31.1, Avg: 31.1, Max: 31.2, Diff: 0.1, Sum: 248.9]
      [GC Worker End (ms): Min: 124121.8, Avg: 124121.9, Max: 124121.9, Diff: 0.0]
   [Code Root Fixup: 0.0 ms]
   [Code Root Migration: 0.1 ms]
   [Clear CT: 0.4 ms]
   [Other: 0.7 ms]
      [Choose CSet: 0.0 ms]
      [Ref Proc: 0.1 ms]
      [Ref Enq: 0.0 ms]
      [Free CSet: 0.5 ms]
   [Eden: 855.0M(855.0M)->0.0B(854.0M) Survivors: 67.0M->68.0M Heap: 1052.1M(1538.0M)->198.6M(1538.0M)]
 [Times: user=0.24 sys=0.00, real=0.03 secs] 
124.123: Total time for which application threads were stopped: 0.0325360 seconds, Stopping threads took: 0.0000270 seconds
124.573: Application time: 0.4501100 seconds
124.573: [GC pause (young), 0.0340860 secs]
   [Parallel Time: 32.7 ms, GC Workers: 8]
      [GC Worker Start (ms): Min: 124573.4, Avg: 124573.6, Max: 124575.4, Diff: 2.0]
      [Ext Root Scanning (ms): Min: 0.0, Avg: 0.6, Max: 0.8, Diff: 0.8, Sum: 5.1]
      [Update RS (ms): Min: 0.0, Avg: 0.3, Max: 0.5, Diff: 0.5, Sum: 2.3]
         [Processed Buffers: Min: 0, Avg: 2.1, Max: 3, Diff: 3, Sum: 17]
      [Scan RS (ms): Min: 0.0, Avg: 0.3, Max: 0.4, Diff: 0.4, Sum: 2.5]
      [Code Root Scanning (ms): Min: 0.0, Avg: 0.0, Max: 0.0, Diff: 0.0, Sum: 0.0]
      [Object Copy (ms): Min: 30.6, Avg: 31.1, Max: 31.2, Diff: 0.6, Sum: 249.1]
      [Termination (ms): Min: 0.0, Avg: 0.0, Max: 0.0, Diff: 0.0, Sum: 0.0]
      [GC Worker Other (ms): Min: 0.0, Avg: 0.1, Max: 0.1, Diff: 0.0, Sum: 0.4]
      [GC Worker Total (ms): Min: 30.7, Avg: 32.4, Max: 32.7, Diff: 2.0, Sum: 259.5]
      [GC Worker End (ms): Min: 124606.1, Avg: 124606.1, Max: 124606.1, Diff: 0.0]
   [Code Root Fixup: 0.0 ms]
   [Code Root Migration: 0.1 ms]
   [Clear CT: 0.4 ms]
   [Other: 0.8 ms]
      [Choose CSet: 0.0 ms]
      [Ref Proc: 0.1 ms]
      [Ref Enq: 0.0 ms]
      [Free CSet: 0.6 ms]
   [Eden: 854.0M(854.0M)->0.0B(850.0M) Survivors: 68.0M->72.0M Heap: 1052.6M(1538.0M)->202.1M(1538.0M)]
 [Times: user=0.27 sys=0.00, real=0.03 secs] 
124.608: Total time for which application threads were stopped: 0.0342560 seconds, Stopping threads took: 0.0000150 seconds
125.053: Application time: 0.4457510 seconds
125.053: [GC pause (young), 0.0322380 secs]
   [Parallel Time: 31.0 ms, GC Workers: 8]
      [GC Worker Start (ms): Min: 125053.4, Avg: 125053.4, Max: 125053.5, Diff: 0.1]
      [Ext Root Scanning (ms): Min: 0.7, Avg: 0.7, Max: 0.8, Diff: 0.1, Sum: 5.9]
      [Update RS (ms): Min: 0.2, Avg: 0.3, Max: 0.4, Diff: 0.2, Sum: 2.4]
         [Processed Buffers: Min: 1, Avg: 2.1, Max: 3, Diff: 2, Sum: 17]
      [Scan RS (ms): Min: 0.2, Avg: 0.3, Max: 0.4, Diff: 0.2, Sum: 2.8]
      [Code Root Scanning (ms): Min: 0.0, Avg: 0.0, Max: 0.0, Diff: 0.0, Sum: 0.0]
      [Object Copy (ms): Min: 29.5, Avg: 29.5, Max: 29.6, Diff: 0.1, Sum: 236.1]
      [Termination (ms): Min: 0.0, Avg: 0.0, Max: 0.0, Diff: 0.0, Sum: 0.0]
      [GC Worker Other (ms): Min: 0.0, Avg: 0.0, Max: 0.1, Diff: 0.0, Sum: 0.4]
      [GC Worker Total (ms): Min: 30.9, Avg: 31.0, Max: 31.0, Diff: 0.1, Sum: 247.6]
      [GC Worker End (ms): Min: 125084.4, Avg: 125084.4, Max: 125084.4, Diff: 0.0]
   [Code Root Fixup: 0.0 ms]
   [Code Root Migration: 0.1 ms]
   [Clear CT: 0.4 ms]
   [Other: 0.7 ms]
      [Choose CSet: 0.0 ms]
      [Ref Proc: 0.1 ms]
      [Ref Enq: 0.0 ms]
      [Free CSet: 0.5 ms]
   [Eden: 850.0M(850.0M)->0.0B(852.0M) Survivors: 72.0M->70.0M Heap: 1052.1M(1538.0M)->200.6M(1538.0M)]
 [Times: user=0.25 sys=0.00, real=0.03 secs] 
125.086: Total time for which application threads were stopped: 0.0324180 seconds, Stopping threads took: 0.0000460 seconds
125.530: Application time: 0.4447170 seconds
125.531: [GC pause (young), 0.0324830 secs]
   [Parallel Time: 31.3 ms, GC Workers: 8]
      [GC Worker Start (ms): Min: 125530.5, Avg: 125530.6, Max: 125530.6, Diff: 0.1]
      [Ext Root Scanning (ms): Min: 0.7, Avg: 0.8, Max: 0.8, Diff: 0.1, Sum: 6.4]
      [Update RS (ms): Min: 0.2, Avg: 0.3, Max: 0.4, Diff: 0.2, Sum: 2.3]
         [Processed Buffers: Min: 1, Avg: 2.1, Max: 3, Diff: 2, Sum: 17]
      [Scan RS (ms): Min: 0.3, Avg: 0.4, Max: 0.4, Diff: 0.2, Sum: 2.8]
      [Code Root Scanning (ms): Min: 0.0, Avg: 0.0, Max: 0.0, Diff: 0.0, Sum: 0.0]
      [Object Copy (ms): Min: 29.7, Avg: 29.7, Max: 29.7, Diff: 0.0, Sum: 237.7]
      [Termination (ms): Min: 0.0, Avg: 0.0, Max: 0.0, Diff: 0.0, Sum: 0.0]
      [GC Worker Other (ms): Min: 0.0, Avg: 0.1, Max: 0.1, Diff: 0.0, Sum: 0.5]
      [GC Worker Total (ms): Min: 31.2, Avg: 31.2, Max: 31.3, Diff: 0.1, Sum: 249.8]
      [GC Worker End (ms): Min: 125561.8, Avg: 125561.8, Max: 125561.8, Diff: 0.0]
   [Code Root Fixup: 0.0 ms]
   [Code Root Migration: 0.1 ms]
   [Clear CT: 0.4 ms]
   [Other: 0.7 ms]
      [Choose CSet: 0.0 ms]
      [Ref Proc: 0.1 ms]
      [Ref Enq: 0.0 ms]
      [Free CSet: 0.5 ms]
   [Eden: 852.0M(852.0M)->0.0B(852.0M) Survivors: 70.0M->70.0M Heap: 1052.6M(1538.0M)->200.1M(1538.0M)]
 [Times: user=0.25 sys=0.00, real=0.03 secs] 
125.563: Total time for which application threads were stopped: 0.0326700 seconds, Stopping threads took: 0.0000280 seconds
126.005: Application time: 0.4420110 seconds
126.005: [GC pause (young), 0.0328100 secs]
   [Parallel Time: 31.5 ms, GC Workers: 8]
      [GC Worker Start (ms): Min: 126005.2, Avg: 126005.3, Max: 126005.3, Diff: 0.1]
      [Ext Root Scanning (ms): Min: 0.7, Avg: 0.8, Max: 0.8, Diff: 0.1, Sum: 6.1]
      [Update RS (ms): Min: 0.2, Avg: 0.3, Max: 0.4, Diff: 0.2, Sum: 2.4]
         [Processed Buffers: Min: 1, Avg: 2.1, Max: 3, Diff: 2, Sum: 17]
      [Scan RS (ms): Min: 0.3, Avg: 0.4, Max: 0.4, Diff: 0.2, Sum: 2.8]
      [Code Root Scanning (ms): Min: 0.0, Avg: 0.0, Max: 0.0, Diff: 0.0, Sum: 0.0]
      [Object Copy (ms): Min: 30.0, Avg: 30.0, Max: 30.0, Diff: 0.1, Sum: 240.0]
      [Termination (ms): Min: 0.0, Avg: 0.0, Max: 0.0, Diff: 0.0, Sum: 0.0]
      [GC Worker Other (ms): Min: 0.0, Avg: 0.1, Max: 0.1, Diff: 0.0, Sum: 0.4]
      [GC Worker Total (ms): Min: 31.4, Avg: 31.5, Max: 31.5, Diff: 0.1, Sum: 251.8]
      [GC Worker End (ms): Min: 126036.7, Avg: 126036.7, Max: 126036.8, Diff: 0.0]
   [Code Root Fixup: 0.0 ms]
   [Code Root Migration: 0.1 ms]
   [Clear CT: 0.4 ms]
   [Other: 0.7 ms]
      [Choose CSet: 0.0 ms]
      [Ref Proc: 0.1 ms]
      [Ref Enq: 0.0 ms]
      [Free CSet: 0.6 ms]
   [Eden: 852.0M(852.0M)->0.0B(853.0M) Survivors: 70.0M->69.0M Heap: 1052.1M(1538.0M)->199.6M(1538.0M)]
 [Times: user=0.26 sys=0.00, real=0.03 secs] 
126.038: Total time for which application threads were stopped: 0.0329960 seconds, Stopping threads took: 0.0000540 seconds
126.479: Application time: 0.4413320 seconds
126.480: [GC pause (young), 0.0331620 secs]
   [Parallel Time: 31.9 ms, GC Workers: 8]
      [GC Worker Start (ms): Min: 126479.6, Avg: 126479.6, Max: 126479.7, Diff: 0.1]
      [Ext Root Scanning (ms): Min: 0.7, Avg: 0.8, Max: 0.8, Diff: 0.1, Sum: 6.1]
      [Update RS (ms): Min: 0.1, Avg: 0.3, Max: 0.4, Diff: 0.3, Sum: 2.3]
         [Processed Buffers: Min: 1, Avg: 2.1, Max: 4, Diff: 3, Sum: 17]
      [Scan RS (ms): Min: 0.2, Avg: 0.4, Max: 0.5, Diff: 0.2, Sum: 2.9]
      [Code Root Scanning (ms): Min: 0.0, Avg: 0.0, Max: 0.0, Diff: 0.0, Sum: 0.0]
      [Object Copy (ms): Min: 30.3, Avg: 30.3, Max: 30.4, Diff: 0.1, Sum: 242.8]
      [Termination (ms): Min: 0.0, Avg: 0.0, Max: 0.0, Diff: 0.0, Sum: 0.0]
      [GC Worker Other (ms): Min: 0.0, Avg: 0.1, Max: 0.1, Diff: 0.1, Sum: 0.4]
      [GC Worker Total (ms): Min: 31.8, Avg: 31.8, Max: 31.9, Diff: 0.1, Sum: 254.6]
      [GC Worker End (ms): Min: 126511.4, Avg: 126511.4, Max: 126511.5, Diff: 0.1]
   [Code Root Fixup: 0.0 ms]
   [Code Root Migration: 0.1 ms]
   [Clear CT: 0.4 ms]
   [Other: 0.7 ms]
      [Choose CSet: 0.0 ms]
      [Ref Proc: 0.1 ms]
      [Ref Enq: 0.0 ms]
      [Free CSet: 0.5 ms]
   [Eden: 853.0M(853.0M)->0.0B(852.0M) Survivors: 69.0M->70.0M Heap: 1052.6M(1538.0M)->200.1M(1538.0M)]
 [Times: user=0.26 sys=0.00, real=0.04 secs] 
126.513: Total time for which application threads were stopped: 0.0333680 seconds, Stopping threads took: 0.0000610 seconds
126.949: Application time: 0.4362420 seconds
126.949: [GC pause (young), 0.0343900 secs]
   [Parallel Time: 33.1 ms, GC Workers: 8]
      [GC Worker Start (ms): Min: 126949.2, Avg: 126949.2, Max: 126949.2, Diff: 0.1]
      [Ext Root Scanning (ms): Min: 0.7, Avg: 0.8, Max: 0.8, Diff: 0.1, Sum: 6.4]
      [Update RS (ms): Min: 0.2, Avg: 0.3, Max: 0.4, Diff: 0.2, Sum: 2.4]
         [Processed Buffers: Min: 1, Avg: 2.1, Max: 4, Diff: 3, Sum: 17]
      [Scan RS (ms): Min: 0.2, Avg: 0.3, Max: 0.4, Diff: 0.2, Sum: 2.8]
      [Code Root Scanning (ms): Min: 0.0, Avg: 0.0, Max: 0.0, Diff: 0.0, Sum: 0.0]
      [Object Copy (ms): Min: 30.4, Avg: 30.5, Max: 31.6, Diff: 1.2, Sum: 244.2]
      [Termination (ms): Min: 0.0, Avg: 1.1, Max: 1.2, Diff: 1.2, Sum: 8.6]
      [GC Worker Other (ms): Min: 0.0, Avg: 0.0, Max: 0.1, Diff: 0.0, Sum: 0.3]
      [GC Worker Total (ms): Min: 33.0, Avg: 33.1, Max: 33.1, Diff: 0.1, Sum: 264.6]
      [GC Worker End (ms): Min: 126982.2, Avg: 126982.3, Max: 126982.3, Diff: 0.0]
   [Code Root Fixup: 0.0 ms]
   [Code Root Migration: 0.1 ms]
   [Clear CT: 0.4 ms]
   [Other: 0.7 ms]
      [Choose CSet: 0.0 ms]
      [Ref Proc: 0.1 ms]
      [Ref Enq: 0.0 ms]
      [Free CSet: 0.5 ms]
   [Eden: 852.0M(852.0M)->0.0B(852.0M) Survivors: 70.0M->70.0M Heap: 1052.1M(1538.0M)->200.7M(1538.0M)]
 [Times: user=0.27 sys=0.01, real=0.04 secs] 
126.984: Total time for which application threads were stopped: 0.0345720 seconds, Stopping threads took: 0.0000470 seconds
127.418: Application time: 0.4343830 seconds
127.418: [GC pause (young), 0.0313660 secs]
   [Parallel Time: 30.1 ms, GC Workers: 8]
      [GC Worker Start (ms): Min: 127418.1, Avg: 127418.1, Max: 127418.2, Diff: 0.1]
      [Ext Root Scanning (ms): Min: 0.7, Avg: 0.8, Max: 0.8, Diff: 0.1, Sum: 6.3]
      [Update RS (ms): Min: 0.2, Avg: 0.3, Max: 0.5, Diff: 0.3, Sum: 2.4]
         [Processed Buffers: Min: 1, Avg: 2.1, Max: 3, Diff: 2, Sum: 17]
      [Scan RS (ms): Min: 0.2, Avg: 0.4, Max: 0.4, Diff: 0.2, Sum: 2.9]
      [Code Root Scanning (ms): Min: 0.0, Avg: 0.0, Max: 0.0, Diff: 0.0, Sum: 0.0]
      [Object Copy (ms): Min: 28.6, Avg: 28.6, Max: 28.6, Diff: 0.0, Sum: 228.8]
      [Termination (ms): Min: 0.0, Avg: 0.0, Max: 0.0, Diff: 0.0, Sum: 0.0]
      [GC Worker Other (ms): Min: 0.0, Avg: 0.0, Max: 0.1, Diff: 0.0, Sum: 0.4]
      [GC Worker Total (ms): Min: 30.0, Avg: 30.1, Max: 30.1, Diff: 0.1, Sum: 240.7]
      [GC Worker End (ms): Min: 127448.2, Avg: 127448.2, Max: 127448.2, Diff: 0.0]
   [Code Root Fixup: 0.0 ms]
   [Code Root Migration: 0.1 ms]
   [Clear CT: 0.4 ms]
   [Other: 0.7 ms]
      [Choose CSet: 0.0 ms]
      [Ref Proc: 0.1 ms]
      [Ref Enq: 0.0 ms]
      [Free CSet: 0.5 ms]
   [Eden: 852.0M(852.0M)->0.0B(854.0M) Survivors: 70.0M->68.0M Heap: 1052.7M(1538.0M)->198.7M(1538.0M)]
 [Times: user=0.24 sys=0.00, real=0.03 secs] 
127.450: Total time for which application threads were stopped: 0.0315310 seconds, Stopping threads took: 0.0000150 seconds
127.885: Application time: 0.4354110 seconds
127.885: [GC pause (young), 0.0321300 secs]
   [Parallel Time: 30.9 ms, GC Workers: 8]
      [GC Worker Start (ms): Min: 127885.1, Avg: 127885.1, Max: 127885.1, Diff: 0.1]
      [Ext Root Scanning (ms): Min: 0.7, Avg: 0.8, Max: 0.8, Diff: 0.1, Sum: 6.4]
      [Update RS (ms): Min: 0.2, Avg: 0.3, Max: 0.4, Diff: 0.2, Sum: 2.3]
         [Processed Buffers: Min: 1, Avg: 2.1, Max: 4, Diff: 3, Sum: 17]
      [Scan RS (ms): Min: 0.2, Avg: 0.3, Max: 0.4, Diff: 0.2, Sum: 2.8]
      [Code Root Scanning (ms): Min: 0.0, Avg: 0.0, Max: 0.0, Diff: 0.0, Sum: 0.0]
      [Object Copy (ms): Min: 29.3, Avg: 29.3, Max: 29.3, Diff: 0.0, Sum: 234.6]
      [Termination (ms): Min: 0.0, Avg: 0.0, Max: 0.0, Diff: 0.0, Sum: 0.0]
      [GC Worker Other (ms): Min: 0.0, Avg: 0.0, Max: 0.1, Diff: 0.0, Sum: 0.3]
      [GC Worker Total (ms): Min: 30.8, Avg: 30.8, Max: 30.8, Diff: 0.1, Sum: 246.5]
      [GC Worker End (ms): Min: 127915.9, Avg: 127915.9, Max: 127915.9, Diff: 0.0]
   [Code Root Fixup: 0.0 ms]
   [Code Root Migration: 0.1 ms]
   [Clear CT: 0.4 ms]
   [Other: 0.7 ms]
      [Choose CSet: 0.0 ms]
      [Ref Proc: 0.1 ms]
      [Ref Enq: 0.0 ms]
      [Free CSet: 0.5 ms]
   [Eden: 854.0M(854.0M)->0.0B(852.0M) Survivors: 68.0M->70.0M Heap: 1052.7M(1538.0M)->200.7M(1538.0M)]
 [Times: user=0.25 sys=0.00, real=0.03 secs] 
127.917: Total time for which application threads were stopped: 0.0323240 seconds, Stopping threads took: 0.0000580 seconds
128.359: Application time: 0.4418600 seconds
128.359: [GC pause (young), 0.0332760 secs]
   [Parallel Time: 32.1 ms, GC Workers: 8]
      [GC Worker Start (ms): Min: 128359.3, Avg: 128359.3, Max: 128359.4, Diff: 0.1]
      [Ext Root Scanning (ms): Min: 0.7, Avg: 0.7, Max: 0.8, Diff: 0.1, Sum: 5.9]
      [Update RS (ms): Min: 0.2, Avg: 0.3, Max: 0.4, Diff: 0.3, Sum: 2.4]
         [Processed Buffers: Min: 1, Avg: 2.1, Max: 3, Diff: 2, Sum: 17]
      [Scan RS (ms): Min: 0.2, Avg: 0.4, Max: 0.4, Diff: 0.2, Sum: 2.9]
      [Code Root Scanning (ms): Min: 0.0, Avg: 0.0, Max: 0.0, Diff: 0.0, Sum: 0.0]
      [Object Copy (ms): Min: 30.5, Avg: 30.5, Max: 30.6, Diff: 0.1, Sum: 244.3]
      [Termination (ms): Min: 0.0, Avg: 0.0, Max: 0.0, Diff: 0.0, Sum: 0.0]
      [GC Worker Other (ms): Min: 0.0, Avg: 0.1, Max: 0.1, Diff: 0.0, Sum: 0.5]
      [GC Worker Total (ms): Min: 31.9, Avg: 32.0, Max: 32.0, Diff: 0.1, Sum: 255.9]
      [GC Worker End (ms): Min: 128391.3, Avg: 128391.3, Max: 128391.3, Diff: 0.0]
   [Code Root Fixup: 0.0 ms]
   [Code Root Migration: 0.1 ms]
   [Clear CT: 0.4 ms]
   [Other: 0.7 ms]
      [Choose CSet: 0.0 ms]
      [Ref Proc: 0.1 ms]
      [Ref Enq: 0.0 ms]
      [Free CSet: 0.5 ms]
   [Eden: 852.0M(852.0M)->0.0B(851.0M) Survivors: 70.0M->71.0M Heap: 1052.7M(1538.0M)->201.2M(1538.0M)]
 [Times: user=0.26 sys=0.00, real=0.04 secs] 
128.393: Total time for which application threads were stopped: 0.0334980 seconds, Stopping threads took: 0.0000590 seconds
128.835: Application time: 0.4420440 seconds
128.835: [GC pause (young), 0.0334180 secs]
   [Parallel Time: 32.2 ms, GC Workers: 8]
      [GC Worker Start (ms): Min: 128834.8, Avg: 128834.9, Max: 128835.3, Diff: 0.5]
      [Ext Root Scanning (ms): Min: 0.3, Avg: 0.7, Max: 0.9, Diff: 0.6, Sum: 5.6]
      [Update RS (ms): Min: 0.1, Avg: 0.3, Max: 0.5, Diff: 0.3, Sum: 2.4]
         [Processed Buffers: Min: 1, Avg: 2.1, Max: 4, Diff: 3, Sum: 17]
      [Scan RS (ms): Min: 0.2, Avg: 0.4, Max: 0.5, Diff: 0.2, Sum: 3.0]
      [Code Root Scanning (ms): Min: 0.0, Avg: 0.0, Max: 0.0, Diff: 0.0, Sum: 0.0]
      [Object Copy (ms): Min: 30.6, Avg: 30.6, Max: 30.7, Diff: 0.1, Sum: 244.9]
      [Termination (ms): Min: 0.0, Avg: 0.0, Max: 0.0, Diff: 0.0, Sum: 0.0]
      [GC Worker Other (ms): Min: 0.0, Avg: 0.1, Max: 0.1, Diff: 0.0, Sum: 0.4]
      [GC Worker Total (ms): Min: 31.6, Avg: 32.1, Max: 32.1, Diff: 0.5, Sum: 256.4]
      [GC Worker End (ms): Min: 128866.9, Avg: 128866.9, Max: 128867.0, Diff: 0.0]
   [Code Root Fixup: 0.1 ms]
   [Code Root Migration: 0.1 ms]
   [Clear CT: 0.4 ms]
   [Other: 0.7 ms]
      [Choose CSet: 0.0 ms]
      [Ref Proc: 0.1 ms]
      [Ref Enq: 0.0 ms]
      [Free CSet: 0.5 ms]
   [Eden: 851.0M(851.0M)->0.0B(850.0M) Survivors: 71.0M->72.0M Heap: 1052.2M(1538.0M)->202.7M(1538.0M)]
 [Times: user=0.26 sys=0.00, real=0.03 secs] 
128.868: Total time for which application threads were stopped: 0.0336030 seconds, Stopping threads took: 0.0000490 seconds
129.315: Application time: 0.4466770 seconds
129.315: [GC pause (young), 0.0335380 secs]
   [Parallel Time: 32.3 ms, GC Workers: 8]
      [GC Worker Start (ms): Min: 129315.1, Avg: 129315.2, Max: 129315.4, Diff: 0.2]
      [Ext Root Scanning (ms): Min: 0.5, Avg: 0.7, Max: 0.7, Diff: 0.3, Sum: 5.3]
      [Update RS (ms): Min: 0.2, Avg: 0.3, Max: 0.5, Diff: 0.3, Sum: 2.4]
         [Processed Buffers: Min: 1, Avg: 2.1, Max: 3, Diff: 2, Sum: 17]
      [Scan RS (ms): Min: 0.2, Avg: 0.3, Max: 0.5, Diff: 0.2, Sum: 2.8]
      [Code Root Scanning (ms): Min: 0.0, Avg: 0.0, Max: 0.0, Diff: 0.0, Sum: 0.0]
      [Object Copy (ms): Min: 30.8, Avg: 30.8, Max: 30.8, Diff: 0.0, Sum: 246.4]
      [Termination (ms): Min: 0.0, Avg: 0.0, Max: 0.0, Diff: 0.0, Sum: 0.0]
      [GC Worker Other (ms): Min: 0.0, Avg: 0.1, Max: 0.1, Diff: 0.0, Sum: 0.5]
      [GC Worker Total (ms): Min: 32.0, Avg: 32.2, Max: 32.3, Diff: 0.3, Sum: 257.5]
      [GC Worker End (ms): Min: 129347.3, Avg: 129347.4, Max: 129347.4, Diff: 0.0]
   [Code Root Fixup: 0.0 ms]
   [Code Root Migration: 0.1 ms]
   [Clear CT: 0.4 ms]
   [Other: 0.7 ms]
      [Choose CSet: 0.0 ms]
      [Ref Proc: 0.1 ms]
      [Ref Enq: 0.0 ms]
      [Free CSet: 0.6 ms]
   [Eden: 850.0M(850.0M)->0.0B(852.0M) Survivors: 72.0M->70.0M Heap: 1052.7M(1538.0M)->200.7M(1538.0M)]
 [Times: user=0.25 sys=0.00, real=0.03 secs] 
129.349: Total time for which application threads were stopped: 0.0337490 seconds, Stopping threads took: 0.0000510 seconds
129.793: Application time: 0.4442780 seconds
129.793: [GC pause (young), 0.0335910 secs]
   [Parallel Time: 32.4 ms, GC Workers: 8]
      [GC Worker Start (ms): Min: 129793.1, Avg: 129793.1, Max: 129793.2, Diff: 0.1]
      [Ext Root Scanning (ms): Min: 0.6, Avg: 0.7, Max: 0.7, Diff: 0.1, Sum: 5.4]
      [Update RS (ms): Min: 0.2, Avg: 0.3, Max: 0.4, Diff: 0.2, Sum: 2.4]
         [Processed Buffers: Min: 1, Avg: 2.1, Max: 3, Diff: 2, Sum: 17]
      [Scan RS (ms): Min: 0.2, Avg: 0.4, Max: 0.4, Diff: 0.2, Sum: 2.8]
      [Code Root Scanning (ms): Min: 0.0, Avg: 0.0, Max: 0.0, Diff: 0.0, Sum: 0.0]
      [Object Copy (ms): Min: 30.9, Avg: 30.9, Max: 30.9, Diff: 0.0, Sum: 247.3]
      [Termination (ms): Min: 0.0, Avg: 0.0, Max: 0.0, Diff: 0.0, Sum: 0.0]
      [GC Worker Other (ms): Min: 0.0, Avg: 0.0, Max: 0.1, Diff: 0.0, Sum: 0.4]
      [GC Worker Total (ms): Min: 32.3, Avg: 32.3, Max: 32.3, Diff: 0.1, Sum: 258.4]
      [GC Worker End (ms): Min: 129825.4, Avg: 129825.4, Max: 129825.5, Diff: 0.0]
   [Code Root Fixup: 0.0 ms]
   [Code Root Migration: 0.1 ms]
   [Clear CT: 0.4 ms]
   [Other: 0.7 ms]
      [Choose CSet: 0.0 ms]
      [Ref Proc: 0.1 ms]
      [Ref Enq: 0.0 ms]
      [Free CSet: 0.5 ms]
   [Eden: 852.0M(852.0M)->0.0B(850.0M) Survivors: 70.0M->72.0M Heap: 1052.7M(1538.0M)->202.2M(1538.0M)]
 [Times: user=0.26 sys=0.00, real=0.03 secs] 
129.827: Total time for which application threads were stopped: 0.0337740 seconds, Stopping threads took: 0.0000400 seconds
130.269: Application time: 0.4418680 seconds
130.269: [GC pause (young), 0.0336680 secs]
   [Parallel Time: 32.4 ms, GC Workers: 8]
      [GC Worker Start (ms): Min: 130268.8, Avg: 130268.8, Max: 130268.9, Diff: 0.1]
      [Ext Root Scanning (ms): Min: 0.7, Avg: 0.7, Max: 0.8, Diff: 0.1, Sum: 5.6]
      [Update RS (ms): Min: 0.2, Avg: 0.3, Max: 0.5, Diff: 0.3, Sum: 2.4]
         [Processed Buffers: Min: 1, Avg: 2.1, Max: 3, Diff: 2, Sum: 17]
      [Scan RS (ms): Min: 0.2, Avg: 0.4, Max: 0.4, Diff: 0.2, Sum: 2.8]
      [Code Root Scanning (ms): Min: 0.0, Avg: 0.0, Max: 0.0, Diff: 0.0, Sum: 0.1]
      [Object Copy (ms): Min: 30.8, Avg: 30.9, Max: 30.9, Diff: 0.1, Sum: 247.2]
      [Termination (ms): Min: 0.0, Avg: 0.0, Max: 0.0, Diff: 0.0, Sum: 0.0]
      [GC Worker Other (ms): Min: 0.0, Avg: 0.1, Max: 0.1, Diff: 0.0, Sum: 0.4]
      [GC Worker Total (ms): Min: 32.3, Avg: 32.3, Max: 32.3, Diff: 0.1, Sum: 258.5]
      [GC Worker End (ms): Min: 130301.1, Avg: 130301.1, Max: 130301.1, Diff: 0.0]
   [Code Root Fixup: 0.1 ms]
   [Code Root Migration: 0.1 ms]
   [Clear CT: 0.4 ms]
   [Other: 0.7 ms]
      [Choose CSet: 0.0 ms]
      [Ref Proc: 0.1 ms]
      [Ref Enq: 0.0 ms]
      [Free CSet: 0.6 ms]
   [Eden: 850.0M(850.0M)->0.0B(852.0M) Survivors: 72.0M->70.0M Heap: 1052.2M(1538.0M)->200.2M(1538.0M)]
 [Times: user=0.26 sys=0.00, real=0.03 secs] 
130.303: Total time for which application threads were stopped: 0.0338680 seconds, Stopping threads took: 0.0000560 seconds
130.746: Application time: 0.4439050 seconds
130.747: [GC pause (young), 0.0347050 secs]
   [Parallel Time: 33.5 ms, GC Workers: 8]
      [GC Worker Start (ms): Min: 130746.5, Avg: 130746.6, Max: 130746.6, Diff: 0.1]
      [Ext Root Scanning (ms): Min: 0.7, Avg: 0.7, Max: 0.8, Diff: 0.1, Sum: 5.9]
      [Update RS (ms): Min: 0.2, Avg: 0.4, Max: 1.2, Diff: 1.1, Sum: 3.2]
         [Processed Buffers: Min: 1, Avg: 2.1, Max: 3, Diff: 2, Sum: 17]
      [Scan RS (ms): Min: 0.0, Avg: 0.4, Max: 0.5, Diff: 0.5, Sum: 3.0]
      [Code Root Scanning (ms): Min: 0.0, Avg: 0.0, Max: 0.0, Diff: 0.0, Sum: 0.0]
      [Object Copy (ms): Min: 31.4, Avg: 31.8, Max: 32.0, Diff: 0.5, Sum: 254.7]
      [Termination (ms): Min: 0.0, Avg: 0.0, Max: 0.0, Diff: 0.0, Sum: 0.0]
      [GC Worker Other (ms): Min: 0.0, Avg: 0.1, Max: 0.1, Diff: 0.0, Sum: 0.4]
      [GC Worker Total (ms): Min: 33.4, Avg: 33.4, Max: 33.5, Diff: 0.1, Sum: 267.3]
      [GC Worker End (ms): Min: 130780.0, Avg: 130780.0, Max: 130780.0, Diff: 0.0]
   [Code Root Fixup: 0.0 ms]
   [Code Root Migration: 0.1 ms]
   [Clear CT: 0.4 ms]
   [Other: 0.7 ms]
      [Choose CSet: 0.0 ms]
      [Ref Proc: 0.1 ms]
      [Ref Enq: 0.0 ms]
      [Free CSet: 0.5 ms]
   [Eden: 852.0M(852.0M)->0.0B(851.0M) Survivors: 70.0M->71.0M Heap: 1052.2M(1538.0M)->201.2M(1538.0M)]
 [Times: user=0.26 sys=0.00, real=0.03 secs] 
130.781: Total time for which application threads were stopped: 0.0348910 seconds, Stopping threads took: 0.0000450 seconds
131.222: Application time: 0.4408800 seconds
131.222: [GC pause (young), 0.0332010 secs]
   [Parallel Time: 32.0 ms, GC Workers: 8]
      [GC Worker Start (ms): Min: 131222.3, Avg: 131222.3, Max: 131222.4, Diff: 0.1]
      [Ext Root Scanning (ms): Min: 0.7, Avg: 0.7, Max: 0.8, Diff: 0.1, Sum: 5.8]
      [Update RS (ms): Min: 0.2, Avg: 0.3, Max: 0.4, Diff: 0.2, Sum: 2.5]
         [Processed Buffers: Min: 1, Avg: 2.1, Max: 3, Diff: 2, Sum: 17]
      [Scan RS (ms): Min: 0.2, Avg: 0.4, Max: 0.5, Diff: 0.2, Sum: 3.0]
      [Code Root Scanning (ms): Min: 0.0, Avg: 0.0, Max: 0.0, Diff: 0.0, Sum: 0.0]
      [Object Copy (ms): Min: 30.4, Avg: 30.4, Max: 30.5, Diff: 0.1, Sum: 243.3]
      [Termination (ms): Min: 0.0, Avg: 0.0, Max: 0.0, Diff: 0.0, Sum: 0.0]
      [GC Worker Other (ms): Min: 0.0, Avg: 0.1, Max: 0.1, Diff: 0.0, Sum: 0.5]
      [GC Worker Total (ms): Min: 31.8, Avg: 31.9, Max: 31.9, Diff: 0.1, Sum: 255.1]
      [GC Worker End (ms): Min: 131254.2, Avg: 131254.2, Max: 131254.2, Diff: 0.0]
   [Code Root Fixup: 0.0 ms]
   [Code Root Migration: 0.1 ms]
   [Clear CT: 0.4 ms]
   [Other: 0.7 ms]
      [Choose CSet: 0.0 ms]
      [Ref Proc: 0.1 ms]
      [Ref Enq: 0.0 ms]
      [Free CSet: 0.6 ms]
   [Eden: 851.0M(851.0M)->0.0B(852.0M) Survivors: 71.0M->70.0M Heap: 1052.2M(1538.0M)->200.3M(1538.0M)]
 [Times: user=0.26 sys=0.00, real=0.04 secs] 
131.256: Total time for which application threads were stopped: 0.0333640 seconds, Stopping threads took: 0.0000150 seconds
131.692: Application time: 0.4361370 seconds
131.692: [GC pause (young), 0.0338550 secs]
   [Parallel Time: 32.5 ms, GC Workers: 8]
      [GC Worker Start (ms): Min: 131691.8, Avg: 131691.8, Max: 131691.9, Diff: 0.1]
      [Ext Root Scanning (ms): Min: 0.7, Avg: 0.8, Max: 0.8, Diff: 0.2, Sum: 6.0]
      [Update RS (ms): Min: 0.2, Avg: 0.3, Max: 0.4, Diff: 0.3, Sum: 2.5]
         [Processed Buffers: Min: 1, Avg: 2.1, Max: 3, Diff: 2, Sum: 17]
      [Scan RS (ms): Min: 0.2, Avg: 0.3, Max: 0.5, Diff: 0.3, Sum: 2.8]
      [Code Root Scanning (ms): Min: 0.0, Avg: 0.0, Max: 0.0, Diff: 0.0, Sum: 0.0]
      [Object Copy (ms): Min: 31.0, Avg: 31.0, Max: 31.0, Diff: 0.1, Sum: 248.1]
      [Termination (ms): Min: 0.0, Avg: 0.0, Max: 0.0, Diff: 0.0, Sum: 0.0]
      [GC Worker Other (ms): Min: 0.0, Avg: 0.1, Max: 0.1, Diff: 0.0, Sum: 0.4]
      [GC Worker Total (ms): Min: 32.4, Avg: 32.5, Max: 32.5, Diff: 0.1, Sum: 259.8]
      [GC Worker End (ms): Min: 131724.3, Avg: 131724.3, Max: 131724.3, Diff: 0.0]
   [Code Root Fixup: 0.1 ms]
   [Code Root Migration: 0.1 ms]
   [Clear CT: 0.4 ms]
   [Other: 0.7 ms]
      [Choose CSet: 0.0 ms]
      [Ref Proc: 0.1 ms]
      [Ref Enq: 0.0 ms]
      [Free CSet: 0.5 ms]
   [Eden: 852.0M(852.0M)->0.0B(851.0M) Survivors: 70.0M->71.0M Heap: 1052.3M(1538.0M)->201.8M(1538.0M)]
 [Times: user=0.27 sys=0.00, real=0.03 secs] 
131.726: Total time for which application threads were stopped: 0.0340290 seconds, Stopping threads took: 0.0000370 seconds
132.160: Application time: 0.4344600 seconds
132.160: [GC pause (young), 0.0329300 secs]
   [Parallel Time: 31.7 ms, GC Workers: 8]
      [GC Worker Start (ms): Min: 132160.3, Avg: 132160.7, Max: 132163.4, Diff: 3.1]
      [Ext Root Scanning (ms): Min: 0.0, Avg: 0.6, Max: 0.8, Diff: 0.8, Sum: 5.2]
      [Update RS (ms): Min: 0.0, Avg: 0.3, Max: 0.4, Diff: 0.4, Sum: 2.2]
         [Processed Buffers: Min: 0, Avg: 2.1, Max: 4, Diff: 4, Sum: 17]
      [Scan RS (ms): Min: 0.0, Avg: 0.3, Max: 0.4, Diff: 0.4, Sum: 2.7]
      [Code Root Scanning (ms): Min: 0.0, Avg: 0.0, Max: 0.0, Diff: 0.0, Sum: 0.0]
      [Object Copy (ms): Min: 28.4, Avg: 29.9, Max: 30.2, Diff: 1.7, Sum: 239.3]
      [Termination (ms): Min: 0.0, Avg: 0.0, Max: 0.0, Diff: 0.0, Sum: 0.0]
      [GC Worker Other (ms): Min: 0.0, Avg: 0.0, Max: 0.1, Diff: 0.0, Sum: 0.4]
      [GC Worker Total (ms): Min: 28.5, Avg: 31.2, Max: 31.6, Diff: 3.1, Sum: 249.8]
      [GC Worker End (ms): Min: 132191.9, Avg: 132192.0, Max: 132192.0, Diff: 0.0]
   [Code Root Fixup: 0.0 ms]
   [Code Root Migration: 0.1 ms]
   [Clear CT: 0.4 ms]
   [Other: 0.7 ms]
      [Choose CSet: 0.0 ms]
      [Ref Proc: 0.1 ms]
      [Ref Enq: 0.0 ms]
      [Free CSet: 0.5 ms]
   [Eden: 851.0M(851.0M)->0.0B(851.0M) Survivors: 71.0M->71.0M Heap: 1052.8M(1538.0M)->201.8M(1538.0M)]
 [Times: user=0.25 sys=0.00, real=0.04 secs] 
132.193: Total time for which application threads were stopped: 0.0331390 seconds, Stopping threads took: 0.0000530 seconds
132.628: Application time: 0.4345530 seconds
132.628: [GC pause (young), 0.0318020 secs]
   [Parallel Time: 30.6 ms, GC Workers: 8]
      [GC Worker Start (ms): Min: 132628.0, Avg: 132628.0, Max: 132628.1, Diff: 0.1]
      [Ext Root Scanning (ms): Min: 0.7, Avg: 0.8, Max: 0.8, Diff: 0.1, Sum: 6.1]
      [Update RS (ms): Min: 0.2, Avg: 0.3, Max: 0.4, Diff: 0.2, Sum: 2.4]
         [Processed Buffers: Min: 1, Avg: 2.1, Max: 4, Diff: 3, Sum: 17]
      [Scan RS (ms): Min: 0.2, Avg: 0.4, Max: 0.4, Diff: 0.2, Sum: 2.9]
      [Code Root Scanning (ms): Min: 0.0, Avg: 0.0, Max: 0.0, Diff: 0.0, Sum: 0.0]
      [Object Copy (ms): Min: 29.0, Avg: 29.0, Max: 29.1, Diff: 0.1, Sum: 232.4]
      [Termination (ms): Min: 0.0, Avg: 0.0, Max: 0.0, Diff: 0.0, Sum: 0.0]
      [GC Worker Other (ms): Min: 0.0, Avg: 0.1, Max: 0.1, Diff: 0.0, Sum: 0.5]
      [GC Worker Total (ms): Min: 30.5, Avg: 30.5, Max: 30.6, Diff: 0.1, Sum: 244.2]
      [GC Worker End (ms): Min: 132658.5, Avg: 132658.5, Max: 132658.6, Diff: 0.0]
   [Code Root Fixup: 0.0 ms]
   [Code Root Migration: 0.1 ms]
   [Clear CT: 0.4 ms]
   [Other: 0.7 ms]
      [Choose CSet: 0.0 ms]
      [Ref Proc: 0.1 ms]
      [Ref Enq: 0.0 ms]
      [Free CSet: 0.5 ms]
   [Eden: 851.0M(851.0M)->0.0B(853.0M) Survivors: 71.0M->69.0M Heap: 1052.8M(1538.0M)->199.3M(1538.0M)]
 [Times: user=0.24 sys=0.00, real=0.03 secs] 
132.660: Total time for which application threads were stopped: 0.0319640 seconds, Stopping threads took: 0.0000280 seconds
133.099: Application time: 0.4390790 seconds
133.099: [GC pause (young), 0.0328880 secs]
   [Parallel Time: 31.6 ms, GC Workers: 8]
      [GC Worker Start (ms): Min: 133099.0, Avg: 133099.1, Max: 133099.1, Diff: 0.1]
      [Ext Root Scanning (ms): Min: 0.7, Avg: 0.8, Max: 0.8, Diff: 0.1, Sum: 6.2]
      [Update RS (ms): Min: 0.2, Avg: 0.3, Max: 0.4, Diff: 0.2, Sum: 2.4]
         [Processed Buffers: Min: 1, Avg: 2.1, Max: 4, Diff: 3, Sum: 17]
      [Scan RS (ms): Min: 0.2, Avg: 0.4, Max: 0.4, Diff: 0.2, Sum: 2.9]
      [Code Root Scanning (ms): Min: 0.0, Avg: 0.0, Max: 0.0, Diff: 0.0, Sum: 0.0]
      [Object Copy (ms): Min: 30.0, Avg: 30.0, Max: 30.1, Diff: 0.1, Sum: 240.3]
      [Termination (ms): Min: 0.0, Avg: 0.0, Max: 0.0, Diff: 0.0, Sum: 0.0]
      [GC Worker Other (ms): Min: 0.0, Avg: 0.1, Max: 0.1, Diff: 0.0, Sum: 0.5]
      [GC Worker Total (ms): Min: 31.5, Avg: 31.5, Max: 31.6, Diff: 0.1, Sum: 252.2]
      [GC Worker End (ms): Min: 133130.6, Avg: 133130.6, Max: 133130.6, Diff: 0.0]
   [Code Root Fixup: 0.0 ms]
   [Code Root Migration: 0.1 ms]
   [Clear CT: 0.4 ms]
   [Other: 0.7 ms]
      [Choose CSet: 0.0 ms]
      [Ref Proc: 0.1 ms]
      [Ref Enq: 0.0 ms]
      [Free CSet: 0.6 ms]
   [Eden: 853.0M(853.0M)->0.0B(854.0M) Survivors: 69.0M->68.0M Heap: 1052.3M(1538.0M)->198.8M(1538.0M)]
 [Times: user=0.26 sys=0.00, real=0.04 secs] 
133.132: Total time for which application threads were stopped: 0.0330490 seconds, Stopping threads took: 0.0000150 seconds
133.572: Application time: 0.4400830 seconds
133.572: [GC pause (young), 0.0323250 secs]
   [Parallel Time: 31.1 ms, GC Workers: 8]
      [GC Worker Start (ms): Min: 133572.2, Avg: 133572.2, Max: 133572.3, Diff: 0.1]
      [Ext Root Scanning (ms): Min: 0.7, Avg: 0.8, Max: 0.8, Diff: 0.1, Sum: 6.1]
      [Update RS (ms): Min: 0.2, Avg: 0.3, Max: 0.4, Diff: 0.3, Sum: 2.5]
         [Processed Buffers: Min: 1, Avg: 2.1, Max: 3, Diff: 2, Sum: 17]
      [Scan RS (ms): Min: 0.2, Avg: 0.3, Max: 0.4, Diff: 0.3, Sum: 2.7]
      [Code Root Scanning (ms): Min: 0.0, Avg: 0.0, Max: 0.0, Diff: 0.0, Sum: 0.0]
      [Object Copy (ms): Min: 29.5, Avg: 29.6, Max: 29.6, Diff: 0.1, Sum: 236.5]
      [Termination (ms): Min: 0.0, Avg: 0.0, Max: 0.0, Diff: 0.0, Sum: 0.0]
      [GC Worker Other (ms): Min: 0.0, Avg: 0.1, Max: 0.1, Diff: 0.0, Sum: 0.5]
      [GC Worker Total (ms): Min: 31.0, Avg: 31.0, Max: 31.1, Diff: 0.1, Sum: 248.3]
      [GC Worker End (ms): Min: 133603.2, Avg: 133603.3, Max: 133603.3, Diff: 0.0]
   [Code Root Fixup: 0.1 ms]
   [Code Root Migration: 0.1 ms]
   [Clear CT: 0.4 ms]
   [Other: 0.7 ms]
      [Choose CSet: 0.0 ms]
      [Ref Proc: 0.1 ms]
      [Ref Enq: 0.0 ms]
      [Free CSet: 0.5 ms]
   [Eden: 854.0M(854.0M)->0.0B(852.0M) Survivors: 68.0M->70.0M Heap: 1052.8M(1538.0M)->200.3M(1538.0M)]
 [Times: user=0.25 sys=0.00, real=0.03 secs] 
133.605: Total time for which application threads were stopped: 0.0325140 seconds, Stopping threads took: 0.0000460 seconds
134.047: Application time: 0.4427840 seconds
134.047: [GC pause (young), 0.0339660 secs]
   [Parallel Time: 32.8 ms, GC Workers: 8]
      [GC Worker Start (ms): Min: 134047.5, Avg: 134047.5, Max: 134047.6, Diff: 0.1]
      [Ext Root Scanning (ms): Min: 0.7, Avg: 0.8, Max: 0.8, Diff: 0.1, Sum: 6.2]
      [Update RS (ms): Min: 0.2, Avg: 0.3, Max: 0.4, Diff: 0.3, Sum: 2.4]
         [Processed Buffers: Min: 1, Avg: 2.1, Max: 3, Diff: 2, Sum: 17]
      [Scan RS (ms): Min: 0.2, Avg: 0.3, Max: 0.4, Diff: 0.2, Sum: 2.8]
      [Code Root Scanning (ms): Min: 0.0, Avg: 0.0, Max: 0.0, Diff: 0.0, Sum: 0.0]
      [Object Copy (ms): Min: 31.2, Avg: 31.2, Max: 31.2, Diff: 0.0, Sum: 249.8]
      [Termination (ms): Min: 0.0, Avg: 0.0, Max: 0.0, Diff: 0.0, Sum: 0.0]
      [GC Worker Other (ms): Min: 0.0, Avg: 0.0, Max: 0.1, Diff: 0.0, Sum: 0.3]
      [GC Worker Total (ms): Min: 32.7, Avg: 32.7, Max: 32.7, Diff: 0.1, Sum: 261.6]
      [GC Worker End (ms): Min: 134080.2, Avg: 134080.2, Max: 134080.2, Diff: 0.0]
   [Code Root Fixup: 0.0 ms]
   [Code Root Migration: 0.1 ms]
   [Clear CT: 0.4 ms]
   [Other: 0.7 ms]
      [Choose CSet: 0.0 ms]
      [Ref Proc: 0.1 ms]
      [Ref Enq: 0.0 ms]
      [Free CSet: 0.5 ms]
   [Eden: 852.0M(852.0M)->0.0B(848.0M) Survivors: 70.0M->74.0M Heap: 1052.3M(1538.0M)->204.3M(1538.0M)]
 [Times: user=0.27 sys=0.00, real=0.03 secs] 
134.082: Total time for which application threads were stopped: 0.0341650 seconds, Stopping threads took: 0.0000350 seconds
134.523: Application time: 0.4416680 seconds
134.523: [GC pause (young), 0.0328400 secs]
   [Parallel Time: 31.6 ms, GC Workers: 8]
      [GC Worker Start (ms): Min: 134523.3, Avg: 134523.4, Max: 134523.4, Diff: 0.1]
      [Ext Root Scanning (ms): Min: 0.7, Avg: 0.8, Max: 0.8, Diff: 0.1, Sum: 6.1]
      [Update RS (ms): Min: 0.2, Avg: 0.3, Max: 0.5, Diff: 0.3, Sum: 2.4]
         [Processed Buffers: Min: 1, Avg: 2.1, Max: 3, Diff: 2, Sum: 17]
      [Scan RS (ms): Min: 0.3, Avg: 0.4, Max: 0.5, Diff: 0.2, Sum: 2.9]
      [Code Root Scanning (ms): Min: 0.0, Avg: 0.0, Max: 0.0, Diff: 0.0, Sum: 0.0]
      [Object Copy (ms): Min: 30.0, Avg: 30.1, Max: 30.1, Diff: 0.1, Sum: 240.5]
      [Termination (ms): Min: 0.0, Avg: 0.0, Max: 0.0, Diff: 0.0, Sum: 0.0]
      [GC Worker Other (ms): Min: 0.0, Avg: 0.1, Max: 0.1, Diff: 0.0, Sum: 0.4]
      [GC Worker Total (ms): Min: 31.5, Avg: 31.5, Max: 31.6, Diff: 0.1, Sum: 252.3]
      [GC Worker End (ms): Min: 134554.9, Avg: 134554.9, Max: 134554.9, Diff: 0.0]
   [Code Root Fixup: 0.0 ms]
   [Code Root Migration: 0.1 ms]
   [Clear CT: 0.4 ms]
   [Other: 0.7 ms]
      [Choose CSet: 0.0 ms]
      [Ref Proc: 0.1 ms]
      [Ref Enq: 0.0 ms]
      [Free CSet: 0.5 ms]
   [Eden: 848.0M(848.0M)->0.0B(851.0M) Survivors: 74.0M->71.0M Heap: 1052.3M(1538.0M)->201.3M(1538.0M)]
 [Times: user=0.26 sys=0.00, real=0.04 secs] 
134.556: Total time for which application threads were stopped: 0.0330210 seconds, Stopping threads took: 0.0000460 seconds
134.998: Application time: 0.4421830 seconds
134.999: [GC pause (young), 0.0312620 secs]
   [Parallel Time: 30.0 ms, GC Workers: 8]
      [GC Worker Start (ms): Min: 134998.6, Avg: 134998.6, Max: 134998.6, Diff: 0.1]
      [Ext Root Scanning (ms): Min: 0.7, Avg: 0.8, Max: 0.9, Diff: 0.1, Sum: 6.4]
      [Update RS (ms): Min: 0.2, Avg: 0.3, Max: 0.4, Diff: 0.2, Sum: 2.4]
         [Processed Buffers: Min: 1, Avg: 2.2, Max: 4, Diff: 3, Sum: 18]
      [Scan RS (ms): Min: 0.2, Avg: 0.4, Max: 0.4, Diff: 0.2, Sum: 2.8]
      [Code Root Scanning (ms): Min: 0.0, Avg: 0.0, Max: 0.0, Diff: 0.0, Sum: 0.0]
      [Object Copy (ms): Min: 28.4, Avg: 28.4, Max: 28.5, Diff: 0.0, Sum: 227.3]
      [Termination (ms): Min: 0.0, Avg: 0.0, Max: 0.0, Diff: 0.0, Sum: 0.0]
      [GC Worker Other (ms): Min: 0.0, Avg: 0.0, Max: 0.1, Diff: 0.0, Sum: 0.4]
      [GC Worker Total (ms): Min: 29.9, Avg: 29.9, Max: 30.0, Diff: 0.1, Sum: 239.4]
      [GC Worker End (ms): Min: 135028.5, Avg: 135028.5, Max: 135028.5, Diff: 0.0]
   [Code Root Fixup: 0.0 ms]
   [Code Root Migration: 0.1 ms]
   [Clear CT: 0.4 ms]
   [Other: 0.7 ms]
      [Choose CSet: 0.0 ms]
      [Ref Proc: 0.1 ms]
      [Ref Enq: 0.0 ms]
      [Free CSet: 0.5 ms]
   [Eden: 851.0M(851.0M)->0.0B(854.0M) Survivors: 71.0M->68.0M Heap: 1052.3M(1538.0M)->198.3M(1538.0M)]
 [Times: user=0.24 sys=0.00, real=0.03 secs] 
135.030: Total time for which application threads were stopped: 0.0314670 seconds, Stopping threads took: 0.0000490 seconds
135.313: Application time: 0.2834340 seconds
135.313: Total time for which application threads were stopped: 0.0001270 seconds, Stopping threads took: 0.0000870 seconds
135.347: Application time: 0.0331600 seconds
135.347: Total time for which application threads were stopped: 0.0001200 seconds, Stopping threads took: 0.0000790 seconds
135.410: Application time: 0.0637270 seconds
135.411: Total time for which application threads were stopped: 0.0001140 seconds, Stopping threads took: 0.0000750 seconds
135.450: Application time: 0.0390930 seconds
135.450: Total time for which application threads were stopped: 0.0001270 seconds, Stopping threads took: 0.0000840 seconds
135.484: Application time: 0.0339490 seconds
135.484: [GC pause (young), 0.0326940 secs]
   [Parallel Time: 31.4 ms, GC Workers: 8]
      [GC Worker Start (ms): Min: 135483.8, Avg: 135483.9, Max: 135483.9, Diff: 0.1]
      [Ext Root Scanning (ms): Min: 0.7, Avg: 0.8, Max: 0.9, Diff: 0.1, Sum: 6.4]
      [Update RS (ms): Min: 0.2, Avg: 0.3, Max: 0.4, Diff: 0.3, Sum: 2.4]
         [Processed Buffers: Min: 1, Avg: 2.1, Max: 3, Diff: 2, Sum: 17]
      [Scan RS (ms): Min: 0.2, Avg: 0.4, Max: 0.4, Diff: 0.2, Sum: 2.9]
      [Code Root Scanning (ms): Min: 0.0, Avg: 0.0, Max: 0.0, Diff: 0.0, Sum: 0.0]
      [Object Copy (ms): Min: 29.8, Avg: 29.8, Max: 29.8, Diff: 0.1, Sum: 238.3]
      [Termination (ms): Min: 0.0, Avg: 0.0, Max: 0.0, Diff: 0.0, Sum: 0.0]
      [GC Worker Other (ms): Min: 0.0, Avg: 0.1, Max: 0.1, Diff: 0.0, Sum: 0.5]
      [GC Worker Total (ms): Min: 31.3, Avg: 31.3, Max: 31.4, Diff: 0.1, Sum: 250.5]
      [GC Worker End (ms): Min: 135515.2, Avg: 135515.2, Max: 135515.2, Diff: 0.0]
   [Code Root Fixup: 0.0 ms]
   [Code Root Migration: 0.1 ms]
   [Clear CT: 0.4 ms]
   [Other: 0.8 ms]
      [Choose CSet: 0.0 ms]
      [Ref Proc: 0.1 ms]
      [Ref Enq: 0.0 ms]
      [Free CSet: 0.5 ms]
   [Eden: 854.0M(854.0M)->0.0B(868.0M) Survivors: 68.0M->54.0M Heap: 1052.3M(1538.0M)->199.8M(1538.0M)]
 [Times: user=0.25 sys=0.01, real=0.03 secs] 
135.517: Total time for which application threads were stopped: 0.0328450 seconds, Stopping threads took: 0.0000150 seconds
135.549: Application time: 0.0321770 seconds
135.549: Total time for which application threads were stopped: 0.0001020 seconds, Stopping threads took: 0.0000510 seconds
135.577: Application time: 0.0279300 seconds
135.577: Total time for which application threads were stopped: 0.0000670 seconds, Stopping threads took: 0.0000250 seconds
135.632: Application time: 0.0552520 seconds
135.632: Total time for which application threads were stopped: 0.0000920 seconds, Stopping threads took: 0.0000470 seconds
135.632: Application time: 0.0001130 seconds
135.632: Total time for which application threads were stopped: 0.0000590 seconds, Stopping threads took: 0.0000050 seconds
135.643: Application time: 0.0108170 seconds
135.643: Total time for which application threads were stopped: 0.0000970 seconds, Stopping threads took: 0.0000310 seconds
135.643: Application time: 0.0000280 seconds
135.643: Total time for which application threads were stopped: 0.0000490 seconds, Stopping threads took: 0.0000260 seconds
135.643: Application time: 0.0000200 seconds
135.643: Total time for which application threads were stopped: 0.0000210 seconds, Stopping threads took: 0.0000080 seconds
135.643: Application time: 0.0000270 seconds
135.643: Total time for which application threads were stopped: 0.0000370 seconds, Stopping threads took: 0.0000130 seconds
135.644: Application time: 0.0000390 seconds
135.644: Total time for which application threads were stopped: 0.0000560 seconds, Stopping threads took: 0.0000350 seconds
135.644: Application time: 0.0000530 seconds
135.644: Total time for which application threads were stopped: 0.0000800 seconds, Stopping threads took: 0.0000160 seconds
135.644: Application time: 0.0000240 seconds
135.644: Total time for which application threads were stopped: 0.0000400 seconds, Stopping threads took: 0.0000140 seconds
135.644: Application time: 0.0000220 seconds
135.644: Total time for which application threads were stopped: 0.0000310 seconds, Stopping threads took: 0.0000040 seconds
135.644: Application time: 0.0000120 seconds
135.644: Total time for which application threads were stopped: 0.0000290 seconds, Stopping threads took: 0.0000200 seconds
135.644: Application time: 0.0000260 seconds
135.644: Total time for which application threads were stopped: 0.0000510 seconds, Stopping threads took: 0.0000330 seconds
135.712: Application time: 0.0681600 seconds
135.712: Total time for which application threads were stopped: 0.0001730 seconds, Stopping threads took: 0.0000590 seconds
135.712: Application time: 0.0000600 seconds
135.712: Total time for which application threads were stopped: 0.0000550 seconds, Stopping threads took: 0.0000240 seconds
135.713: Application time: 0.0002980 seconds
135.713: Total time for which application threads were stopped: 0.0000520 seconds, Stopping threads took: 0.0000350 seconds
135.713: Application time: 0.0000720 seconds
135.713: Total time for which application threads were stopped: 0.0000470 seconds, Stopping threads took: 0.0000390 seconds
135.713: Application time: 0.0000580 seconds
135.713: Total time for which application threads were stopped: 0.0000560 seconds, Stopping threads took: 0.0000400 seconds
135.753: Application time: 0.0402820 seconds
135.753: Total time for which application threads were stopped: 0.0001690 seconds, Stopping threads took: 0.0000500 seconds
136.075: Application time: 0.3211170 seconds
136.075: [GC pause (young), 0.0396680 secs]
   [Parallel Time: 38.4 ms, GC Workers: 8]
      [GC Worker Start (ms): Min: 136074.8, Avg: 136076.4, Max: 136087.4, Diff: 12.6]
      [Ext Root Scanning (ms): Min: 0.0, Avg: 0.7, Max: 0.9, Diff: 0.9, Sum: 5.5]
      [Update RS (ms): Min: 0.0, Avg: 3.5, Max: 4.1, Diff: 4.1, Sum: 27.9]
         [Processed Buffers: Min: 0, Avg: 15.4, Max: 20, Diff: 20, Sum: 123]
      [Scan RS (ms): Min: 0.3, Avg: 0.3, Max: 0.4, Diff: 0.1, Sum: 2.8]
      [Code Root Scanning (ms): Min: 0.0, Avg: 0.0, Max: 0.0, Diff: 0.0, Sum: 0.0]
      [Object Copy (ms): Min: 25.3, Avg: 32.2, Max: 33.2, Diff: 7.9, Sum: 257.5]
      [Termination (ms): Min: 0.0, Avg: 0.0, Max: 0.0, Diff: 0.0, Sum: 0.0]
      [GC Worker Other (ms): Min: 0.0, Avg: 0.1, Max: 0.1, Diff: 0.1, Sum: 0.4]
      [GC Worker Total (ms): Min: 25.8, Avg: 36.8, Max: 38.4, Diff: 12.6, Sum: 294.2]
      [GC Worker End (ms): Min: 136113.1, Avg: 136113.1, Max: 136113.2, Diff: 0.1]
   [Code Root Fixup: 0.0 ms]
   [Code Root Migration: 0.1 ms]
   [Clear CT: 0.4 ms]
   [Other: 0.7 ms]
      [Choose CSet: 0.0 ms]
      [Ref Proc: 0.1 ms]
      [Ref Enq: 0.0 ms]
      [Free CSet: 0.5 ms]
   [Eden: 868.0M(868.0M)->0.0B(845.0M) Survivors: 54.0M->77.0M Heap: 1067.8M(1538.0M)->222.8M(1538.0M)]
 [Times: user=0.30 sys=0.01, real=0.04 secs] 
136.114: Total time for which application threads were stopped: 0.0399160 seconds, Stopping threads took: 0.0000500 seconds
136.544: Application time: 0.4295060 seconds
136.544: [GC pause (young), 0.0316040 secs]
   [Parallel Time: 30.3 ms, GC Workers: 8]
      [GC Worker Start (ms): Min: 136544.1, Avg: 136544.2, Max: 136544.2, Diff: 0.1]
      [Ext Root Scanning (ms): Min: 0.6, Avg: 0.7, Max: 0.8, Diff: 0.2, Sum: 5.7]
      [Update RS (ms): Min: 0.2, Avg: 0.3, Max: 0.5, Diff: 0.3, Sum: 2.3]
         [Processed Buffers: Min: 1, Avg: 2.1, Max: 3, Diff: 2, Sum: 17]
      [Scan RS (ms): Min: 0.2, Avg: 0.4, Max: 0.4, Diff: 0.2, Sum: 2.9]
      [Code Root Scanning (ms): Min: 0.0, Avg: 0.0, Max: 0.0, Diff: 0.0, Sum: 0.0]
      [Object Copy (ms): Min: 28.8, Avg: 28.9, Max: 28.9, Diff: 0.0, Sum: 230.8]
      [Termination (ms): Min: 0.0, Avg: 0.0, Max: 0.0, Diff: 0.0, Sum: 0.0]
      [GC Worker Other (ms): Min: 0.0, Avg: 0.0, Max: 0.1, Diff: 0.0, Sum: 0.4]
      [GC Worker Total (ms): Min: 30.2, Avg: 30.3, Max: 30.3, Diff: 0.1, Sum: 242.2]
      [GC Worker End (ms): Min: 136574.4, Avg: 136574.4, Max: 136574.4, Diff: 0.0]
   [Code Root Fixup: 0.0 ms]
   [Code Root Migration: 0.1 ms]
   [Clear CT: 0.4 ms]
   [Other: 0.7 ms]
      [Choose CSet: 0.0 ms]
      [Ref Proc: 0.1 ms]
      [Ref Enq: 0.0 ms]
      [Free CSet: 0.6 ms]
   [Eden: 845.0M(845.0M)->0.0B(855.0M) Survivors: 77.0M->67.0M Heap: 1067.8M(1538.0M)->218.4M(1538.0M)]
 [Times: user=0.25 sys=0.00, real=0.03 secs] 
136.576: Total time for which application threads were stopped: 0.0317680 seconds, Stopping threads took: 0.0000310 seconds
137.032: Application time: 0.4562360 seconds
137.032: [GC pause (young), 0.0343350 secs]
   [Parallel Time: 33.0 ms, GC Workers: 8]
      [GC Worker Start (ms): Min: 137032.2, Avg: 137032.2, Max: 137032.2, Diff: 0.1]
      [Ext Root Scanning (ms): Min: 0.7, Avg: 0.7, Max: 0.8, Diff: 0.1, Sum: 5.9]
      [Update RS (ms): Min: 1.3, Avg: 2.0, Max: 6.6, Diff: 5.3, Sum: 16.3]
         [Processed Buffers: Min: 4, Avg: 5.2, Max: 8, Diff: 4, Sum: 42]
      [Scan RS (ms): Min: 0.3, Avg: 0.3, Max: 0.4, Diff: 0.1, Sum: 2.8]
      [Code Root Scanning (ms): Min: 0.0, Avg: 0.0, Max: 0.0, Diff: 0.0, Sum: 0.0]
      [Object Copy (ms): Min: 25.2, Avg: 29.8, Max: 30.5, Diff: 5.3, Sum: 238.3]
      [Termination (ms): Min: 0.0, Avg: 0.0, Max: 0.0, Diff: 0.0, Sum: 0.0]
      [GC Worker Other (ms): Min: 0.0, Avg: 0.0, Max: 0.1, Diff: 0.0, Sum: 0.4]
      [GC Worker Total (ms): Min: 32.9, Avg: 33.0, Max: 33.0, Diff: 0.1, Sum: 263.7]
      [GC Worker End (ms): Min: 137065.1, Avg: 137065.2, Max: 137065.2, Diff: 0.0]
   [Code Root Fixup: 0.0 ms]
   [Code Root Migration: 0.1 ms]
   [Clear CT: 0.4 ms]
   [Other: 0.8 ms]
      [Choose CSet: 0.0 ms]
      [Ref Proc: 0.1 ms]
      [Ref Enq: 0.0 ms]
      [Free CSet: 0.6 ms]
   [Eden: 855.0M(855.0M)->0.0B(852.0M) Survivors: 67.0M->70.0M Heap: 1073.4M(1538.0M)->226.0M(1538.0M)]
 [Times: user=0.26 sys=0.00, real=0.03 secs] 
137.067: Total time for which application threads were stopped: 0.0345370 seconds, Stopping threads took: 0.0000540 seconds
137.524: Application time: 0.4570440 seconds
137.524: [GC pause (young), 0.0329280 secs]
   [Parallel Time: 31.6 ms, GC Workers: 8]
      [GC Worker Start (ms): Min: 137523.7, Avg: 137523.8, Max: 137523.8, Diff: 0.1]
      [Ext Root Scanning (ms): Min: 0.6, Avg: 0.7, Max: 0.8, Diff: 0.1, Sum: 5.7]
      [Update RS (ms): Min: 0.2, Avg: 0.3, Max: 0.4, Diff: 0.2, Sum: 2.4]
         [Processed Buffers: Min: 1, Avg: 2.1, Max: 4, Diff: 3, Sum: 17]
      [Scan RS (ms): Min: 0.3, Avg: 0.4, Max: 0.4, Diff: 0.1, Sum: 2.9]
      [Code Root Scanning (ms): Min: 0.0, Avg: 0.0, Max: 0.0, Diff: 0.0, Sum: 0.0]
      [Object Copy (ms): Min: 30.1, Avg: 30.1, Max: 30.1, Diff: 0.1, Sum: 240.7]
      [Termination (ms): Min: 0.0, Avg: 0.0, Max: 0.0, Diff: 0.0, Sum: 0.0]
      [GC Worker Other (ms): Min: 0.0, Avg: 0.0, Max: 0.1, Diff: 0.0, Sum: 0.3]
      [GC Worker Total (ms): Min: 31.5, Avg: 31.5, Max: 31.6, Diff: 0.1, Sum: 252.2]
      [GC Worker End (ms): Min: 137555.3, Avg: 137555.3, Max: 137555.3, Diff: 0.0]
   [Code Root Fixup: 0.0 ms]
   [Code Root Migration: 0.1 ms]
   [Clear CT: 0.4 ms]
   [Other: 0.8 ms]
      [Choose CSet: 0.0 ms]
      [Ref Proc: 0.1 ms]
      [Ref Enq: 0.0 ms]
      [Free CSet: 0.6 ms]
   [Eden: 852.0M(852.0M)->0.0B(853.0M) Survivors: 70.0M->69.0M Heap: 1078.0M(1538.0M)->225.8M(1538.0M)]
 [Times: user=0.25 sys=0.00, real=0.03 secs] 
137.557: Total time for which application threads were stopped: 0.0331370 seconds, Stopping threads took: 0.0000680 seconds
138.011: Application time: 0.4545420 seconds
138.011: [GC pause (young), 0.0326980 secs]
   [Parallel Time: 31.5 ms, GC Workers: 8]
      [GC Worker Start (ms): Min: 138011.4, Avg: 138011.5, Max: 138011.5, Diff: 0.1]
      [Ext Root Scanning (ms): Min: 0.7, Avg: 0.8, Max: 0.8, Diff: 0.1, Sum: 6.2]
      [Update RS (ms): Min: 0.2, Avg: 0.3, Max: 0.5, Diff: 0.3, Sum: 2.4]
         [Processed Buffers: Min: 1, Avg: 2.2, Max: 3, Diff: 2, Sum: 18]
      [Scan RS (ms): Min: 0.2, Avg: 0.3, Max: 0.4, Diff: 0.2, Sum: 2.8]
      [Code Root Scanning (ms): Min: 0.0, Avg: 0.0, Max: 0.0, Diff: 0.0, Sum: 0.0]
      [Object Copy (ms): Min: 29.9, Avg: 29.9, Max: 29.9, Diff: 0.0, Sum: 239.2]
      [Termination (ms): Min: 0.0, Avg: 0.0, Max: 0.0, Diff: 0.0, Sum: 0.0]
      [GC Worker Other (ms): Min: 0.0, Avg: 0.1, Max: 0.1, Diff: 0.1, Sum: 0.5]
      [GC Worker Total (ms): Min: 31.4, Avg: 31.4, Max: 31.4, Diff: 0.0, Sum: 251.1]
      [GC Worker End (ms): Min: 138042.8, Avg: 138042.9, Max: 138042.9, Diff: 0.0]
   [Code Root Fixup: 0.0 ms]
   [Code Root Migration: 0.1 ms]
   [Clear CT: 0.4 ms]
   [Other: 0.7 ms]
      [Choose CSet: 0.0 ms]
      [Ref Proc: 0.1 ms]
      [Ref Enq: 0.0 ms]
      [Free CSet: 0.6 ms]
   [Eden: 853.0M(853.0M)->0.0B(852.0M) Survivors: 69.0M->70.0M Heap: 1078.8M(1538.0M)->227.0M(1538.0M)]
 [Times: user=0.25 sys=0.00, real=0.03 secs] 
138.044: Total time for which application threads were stopped: 0.0329110 seconds, Stopping threads took: 0.0000700 seconds
138.489: Application time: 0.4451620 seconds
138.489: [GC pause (young), 0.0334050 secs]
   [Parallel Time: 32.2 ms, GC Workers: 8]
      [GC Worker Start (ms): Min: 138489.5, Avg: 138489.5, Max: 138489.6, Diff: 0.1]
      [Ext Root Scanning (ms): Min: 0.7, Avg: 0.8, Max: 0.8, Diff: 0.1, Sum: 6.2]
      [Update RS (ms): Min: 0.2, Avg: 0.3, Max: 0.5, Diff: 0.2, Sum: 2.4]
         [Processed Buffers: Min: 1, Avg: 2.1, Max: 3, Diff: 2, Sum: 17]
      [Scan RS (ms): Min: 0.2, Avg: 0.4, Max: 0.5, Diff: 0.3, Sum: 3.0]
      [Code Root Scanning (ms): Min: 0.0, Avg: 0.0, Max: 0.0, Diff: 0.0, Sum: 0.0]
      [Object Copy (ms): Min: 30.6, Avg: 30.6, Max: 30.7, Diff: 0.1, Sum: 244.7]
      [Termination (ms): Min: 0.0, Avg: 0.0, Max: 0.0, Diff: 0.0, Sum: 0.0]
      [GC Worker Other (ms): Min: 0.0, Avg: 0.1, Max: 0.1, Diff: 0.0, Sum: 0.5]
      [GC Worker Total (ms): Min: 32.1, Avg: 32.1, Max: 32.1, Diff: 0.0, Sum: 256.8]
      [GC Worker End (ms): Min: 138521.6, Avg: 138521.6, Max: 138521.6, Diff: 0.0]
   [Code Root Fixup: 0.0 ms]
   [Code Root Migration: 0.1 ms]
   [Clear CT: 0.4 ms]
   [Other: 0.7 ms]
      [Choose CSet: 0.0 ms]
      [Ref Proc: 0.1 ms]
      [Ref Enq: 0.0 ms]
      [Free CSet: 0.5 ms]
   [Eden: 852.0M(852.0M)->0.0B(851.0M) Survivors: 70.0M->71.0M Heap: 1079.0M(1538.0M)->227.5M(1538.0M)]
 [Times: user=0.26 sys=0.00, real=0.03 secs] 
138.523: Total time for which application threads were stopped: 0.0336120 seconds, Stopping threads took: 0.0000710 seconds
138.962: Application time: 0.4388700 seconds
138.962: [GC pause (young), 0.0334330 secs]
   [Parallel Time: 32.2 ms, GC Workers: 8]
      [GC Worker Start (ms): Min: 138962.0, Avg: 138962.0, Max: 138962.0, Diff: 0.1]
      [Ext Root Scanning (ms): Min: 0.7, Avg: 0.8, Max: 0.8, Diff: 0.1, Sum: 6.2]
      [Update RS (ms): Min: 0.2, Avg: 0.3, Max: 0.4, Diff: 0.3, Sum: 2.4]
         [Processed Buffers: Min: 1, Avg: 2.1, Max: 3, Diff: 2, Sum: 17]
      [Scan RS (ms): Min: 0.2, Avg: 0.4, Max: 0.5, Diff: 0.2, Sum: 3.2]
      [Code Root Scanning (ms): Min: 0.0, Avg: 0.0, Max: 0.0, Diff: 0.0, Sum: 0.0]
      [Object Copy (ms): Min: 30.6, Avg: 30.6, Max: 30.7, Diff: 0.1, Sum: 245.0]
      [Termination (ms): Min: 0.0, Avg: 0.0, Max: 0.0, Diff: 0.0, Sum: 0.0]
      [GC Worker Other (ms): Min: 0.0, Avg: 0.1, Max: 0.1, Diff: 0.0, Sum: 0.4]
      [GC Worker Total (ms): Min: 32.1, Avg: 32.2, Max: 32.2, Diff: 0.1, Sum: 257.2]
      [GC Worker End (ms): Min: 138994.1, Avg: 138994.2, Max: 138994.2, Diff: 0.0]
   [Code Root Fixup: 0.0 ms]
   [Code Root Migration: 0.1 ms]
   [Clear CT: 0.4 ms]
   [Other: 0.7 ms]
      [Choose CSet: 0.0 ms]
      [Ref Proc: 0.1 ms]
      [Ref Enq: 0.0 ms]
      [Free CSet: 0.5 ms]
   [Eden: 851.0M(851.0M)->0.0B(851.0M) Survivors: 71.0M->71.0M Heap: 1078.5M(1538.0M)->227.5M(1538.0M)]
 [Times: user=0.26 sys=0.00, real=0.04 secs] 
138.995: Total time for which application threads were stopped: 0.0336250 seconds, Stopping threads took: 0.0000340 seconds
139.431: Application time: 0.4354300 seconds
139.431: [GC pause (young), 0.0328210 secs]
   [Parallel Time: 31.6 ms, GC Workers: 8]
      [GC Worker Start (ms): Min: 139431.0, Avg: 139431.0, Max: 139431.1, Diff: 0.1]
      [Ext Root Scanning (ms): Min: 0.7, Avg: 0.8, Max: 0.8, Diff: 0.1, Sum: 6.3]
      [Update RS (ms): Min: 0.2, Avg: 0.3, Max: 0.5, Diff: 0.3, Sum: 2.4]
         [Processed Buffers: Min: 1, Avg: 2.1, Max: 3, Diff: 2, Sum: 17]
      [Scan RS (ms): Min: 0.3, Avg: 0.4, Max: 0.5, Diff: 0.2, Sum: 3.1]
      [Code Root Scanning (ms): Min: 0.0, Avg: 0.0, Max: 0.0, Diff: 0.0, Sum: 0.0]
      [Object Copy (ms): Min: 30.0, Avg: 30.0, Max: 30.0, Diff: 0.1, Sum: 240.0]
      [Termination (ms): Min: 0.0, Avg: 0.0, Max: 0.0, Diff: 0.0, Sum: 0.0]
      [GC Worker Other (ms): Min: 0.0, Avg: 0.1, Max: 0.1, Diff: 0.0, Sum: 0.4]
      [GC Worker Total (ms): Min: 31.5, Avg: 31.5, Max: 31.6, Diff: 0.1, Sum: 252.1]
      [GC Worker End (ms): Min: 139462.5, Avg: 139462.6, Max: 139462.6, Diff: 0.0]
   [Code Root Fixup: 0.1 ms]
   [Code Root Migration: 0.1 ms]
   [Clear CT: 0.4 ms]
   [Other: 0.7 ms]
      [Choose CSet: 0.0 ms]
      [Ref Proc: 0.1 ms]
      [Ref Enq: 0.0 ms]
      [Free CSet: 0.6 ms]
   [Eden: 851.0M(851.0M)->0.0B(852.0M) Survivors: 71.0M->70.0M Heap: 1078.5M(1538.0M)->227.0M(1538.0M)]
 [Times: user=0.26 sys=0.00, real=0.04 secs] 
139.464: Total time for which application threads were stopped: 0.0329770 seconds, Stopping threads took: 0.0000200 seconds
139.898: Application time: 0.4337440 seconds
139.898: [GC pause (young), 0.0337650 secs]
   [Parallel Time: 32.5 ms, GC Workers: 8]
      [GC Worker Start (ms): Min: 139897.8, Avg: 139897.8, Max: 139897.8, Diff: 0.1]
      [Ext Root Scanning (ms): Min: 0.7, Avg: 0.8, Max: 0.8, Diff: 0.1, Sum: 6.0]
      [Update RS (ms): Min: 0.2, Avg: 0.3, Max: 0.4, Diff: 0.2, Sum: 2.4]
         [Processed Buffers: Min: 1, Avg: 2.1, Max: 3, Diff: 2, Sum: 17]
      [Scan RS (ms): Min: 0.2, Avg: 0.4, Max: 0.5, Diff: 0.3, Sum: 2.9]
      [Code Root Scanning (ms): Min: 0.0, Avg: 0.0, Max: 0.0, Diff: 0.0, Sum: 0.0]
      [Object Copy (ms): Min: 30.9, Avg: 30.9, Max: 30.9, Diff: 0.1, Sum: 247.3]
      [Termination (ms): Min: 0.0, Avg: 0.0, Max: 0.0, Diff: 0.0, Sum: 0.0]
      [GC Worker Other (ms): Min: 0.0, Avg: 0.1, Max: 0.1, Diff: 0.0, Sum: 0.5]
      [GC Worker Total (ms): Min: 32.3, Avg: 32.4, Max: 32.4, Diff: 0.1, Sum: 259.1]
      [GC Worker End (ms): Min: 139930.2, Avg: 139930.2, Max: 139930.2, Diff: 0.0]
   [Code Root Fixup: 0.0 ms]
   [Code Root Migration: 0.1 ms]
   [Clear CT: 0.4 ms]
   [Other: 0.7 ms]
      [Choose CSet: 0.0 ms]
      [Ref Proc: 0.1 ms]
      [Ref Enq: 0.0 ms]
      [Free CSet: 0.6 ms]
   [Eden: 852.0M(852.0M)->0.0B(852.0M) Survivors: 70.0M->70.0M Heap: 1079.0M(1538.0M)->227.1M(1538.0M)]
 [Times: user=0.26 sys=0.00, real=0.04 secs] 
139.932: Total time for which application threads were stopped: 0.0339520 seconds, Stopping threads took: 0.0000330 seconds
140.363: Application time: 0.4311750 seconds
140.363: [GC pause (young), 0.0329180 secs]
   [Parallel Time: 31.7 ms, GC Workers: 8]
      [GC Worker Start (ms): Min: 140362.9, Avg: 140362.9, Max: 140362.9, Diff: 0.1]
      [Ext Root Scanning (ms): Min: 0.8, Avg: 0.8, Max: 0.9, Diff: 0.1, Sum: 6.5]
      [Update RS (ms): Min: 0.2, Avg: 0.3, Max: 0.4, Diff: 0.3, Sum: 2.4]
         [Processed Buffers: Min: 1, Avg: 2.1, Max: 3, Diff: 2, Sum: 17]
      [Scan RS (ms): Min: 0.2, Avg: 0.4, Max: 0.5, Diff: 0.2, Sum: 2.9]
      [Code Root Scanning (ms): Min: 0.0, Avg: 0.0, Max: 0.0, Diff: 0.0, Sum: 0.0]
      [Object Copy (ms): Min: 30.1, Avg: 30.1, Max: 30.1, Diff: 0.1, Sum: 240.7]
      [Termination (ms): Min: 0.0, Avg: 0.0, Max: 0.0, Diff: 0.0, Sum: 0.0]
      [GC Worker Other (ms): Min: 0.0, Avg: 0.1, Max: 0.1, Diff: 0.0, Sum: 0.5]
      [GC Worker Total (ms): Min: 31.6, Avg: 31.6, Max: 31.7, Diff: 0.1, Sum: 253.0]
      [GC Worker End (ms): Min: 140394.5, Avg: 140394.5, Max: 140394.6, Diff: 0.0]
   [Code Root Fixup: 0.0 ms]
   [Code Root Migration: 0.1 ms]
   [Clear CT: 0.4 ms]
   [Other: 0.7 ms]
      [Choose CSet: 0.0 ms]
      [Ref Proc: 0.1 ms]
      [Ref Enq: 0.0 ms]
      [Free CSet: 0.5 ms]
   [Eden: 852.0M(852.0M)->0.0B(852.0M) Survivors: 70.0M->70.0M Heap: 1079.1M(1538.0M)->227.1M(1538.0M)]
 [Times: user=0.26 sys=0.00, real=0.04 secs] 
140.396: Total time for which application threads were stopped: 0.0331050 seconds, Stopping threads took: 0.0000400 seconds
140.826: Application time: 0.4299480 seconds
140.826: [GC pause (young), 0.0332360 secs]
   [Parallel Time: 32.0 ms, GC Workers: 8]
      [GC Worker Start (ms): Min: 140825.9, Avg: 140826.0, Max: 140826.0, Diff: 0.1]
      [Ext Root Scanning (ms): Min: 0.7, Avg: 0.8, Max: 0.9, Diff: 0.1, Sum: 6.4]
      [Update RS (ms): Min: 0.2, Avg: 0.3, Max: 0.4, Diff: 0.2, Sum: 2.4]
         [Processed Buffers: Min: 1, Avg: 2.1, Max: 3, Diff: 2, Sum: 17]
      [Scan RS (ms): Min: 0.2, Avg: 0.4, Max: 0.5, Diff: 0.2, Sum: 2.9]
      [Code Root Scanning (ms): Min: 0.0, Avg: 0.0, Max: 0.0, Diff: 0.0, Sum: 0.0]
      [Object Copy (ms): Min: 30.4, Avg: 30.4, Max: 30.4, Diff: 0.0, Sum: 243.5]
      [Termination (ms): Min: 0.0, Avg: 0.0, Max: 0.0, Diff: 0.0, Sum: 0.0]
      [GC Worker Other (ms): Min: 0.0, Avg: 0.1, Max: 0.1, Diff: 0.0, Sum: 0.4]
      [GC Worker Total (ms): Min: 31.9, Avg: 32.0, Max: 32.0, Diff: 0.1, Sum: 255.6]
      [GC Worker End (ms): Min: 140857.9, Avg: 140857.9, Max: 140857.9, Diff: 0.0]
   [Code Root Fixup: 0.0 ms]
   [Code Root Migration: 0.1 ms]
   [Clear CT: 0.4 ms]
   [Other: 0.7 ms]
      [Choose CSet: 0.0 ms]
      [Ref Proc: 0.1 ms]
      [Ref Enq: 0.0 ms]
      [Free CSet: 0.5 ms]
   [Eden: 852.0M(852.0M)->0.0B(850.0M) Survivors: 70.0M->72.0M Heap: 1079.1M(1538.0M)->228.6M(1538.0M)]
 [Times: user=0.26 sys=0.00, real=0.03 secs] 
140.859: Total time for which application threads were stopped: 0.0334200 seconds, Stopping threads took: 0.0000330 seconds
141.291: Application time: 0.4318380 seconds
141.291: [GC pause (young), 0.0295800 secs]
   [Parallel Time: 28.3 ms, GC Workers: 8]
      [GC Worker Start (ms): Min: 141291.2, Avg: 141291.2, Max: 141291.3, Diff: 0.1]
      [Ext Root Scanning (ms): Min: 0.7, Avg: 0.8, Max: 0.8, Diff: 0.1, Sum: 6.3]
      [Update RS (ms): Min: 0.2, Avg: 0.3, Max: 0.4, Diff: 0.2, Sum: 2.4]
         [Processed Buffers: Min: 1, Avg: 2.1, Max: 3, Diff: 2, Sum: 17]
      [Scan RS (ms): Min: 0.2, Avg: 0.3, Max: 0.4, Diff: 0.2, Sum: 2.7]
      [Code Root Scanning (ms): Min: 0.0, Avg: 0.0, Max: 0.0, Diff: 0.0, Sum: 0.0]
      [Object Copy (ms): Min: 26.8, Avg: 26.8, Max: 26.8, Diff: 0.1, Sum: 214.3]
      [Termination (ms): Min: 0.0, Avg: 0.0, Max: 0.0, Diff: 0.0, Sum: 0.0]
      [GC Worker Other (ms): Min: 0.0, Avg: 0.0, Max: 0.1, Diff: 0.0, Sum: 0.4]
      [GC Worker Total (ms): Min: 28.2, Avg: 28.3, Max: 28.3, Diff: 0.1, Sum: 226.1]
      [GC Worker End (ms): Min: 141319.5, Avg: 141319.5, Max: 141319.5, Diff: 0.0]
   [Code Root Fixup: 0.0 ms]
   [Code Root Migration: 0.1 ms]
   [Clear CT: 0.4 ms]
   [Other: 0.7 ms]
      [Choose CSet: 0.0 ms]
      [Ref Proc: 0.1 ms]
      [Ref Enq: 0.0 ms]
      [Free CSet: 0.5 ms]
   [Eden: 850.0M(850.0M)->0.0B(856.0M) Survivors: 72.0M->66.0M Heap: 1078.6M(1538.0M)->222.6M(1538.0M)]
 [Times: user=0.23 sys=0.00, real=0.03 secs] 
141.321: Total time for which application threads were stopped: 0.0297820 seconds, Stopping threads took: 0.0000580 seconds
141.764: Application time: 0.4431360 seconds
141.764: [GC pause (young), 0.0297810 secs]
   [Parallel Time: 28.6 ms, GC Workers: 8]
      [GC Worker Start (ms): Min: 141764.1, Avg: 141764.1, Max: 141764.2, Diff: 0.1]
      [Ext Root Scanning (ms): Min: 0.7, Avg: 0.8, Max: 0.8, Diff: 0.1, Sum: 6.2]
      [Update RS (ms): Min: 0.2, Avg: 0.3, Max: 0.4, Diff: 0.3, Sum: 2.4]
         [Processed Buffers: Min: 1, Avg: 2.1, Max: 3, Diff: 2, Sum: 17]
      [Scan RS (ms): Min: 0.2, Avg: 0.3, Max: 0.4, Diff: 0.2, Sum: 2.7]
      [Code Root Scanning (ms): Min: 0.0, Avg: 0.0, Max: 0.0, Diff: 0.0, Sum: 0.0]
      [Object Copy (ms): Min: 27.1, Avg: 27.1, Max: 27.1, Diff: 0.0, Sum: 216.6]
      [Termination (ms): Min: 0.0, Avg: 0.0, Max: 0.0, Diff: 0.0, Sum: 0.0]
      [GC Worker Other (ms): Min: 0.0, Avg: 0.0, Max: 0.1, Diff: 0.0, Sum: 0.4]
      [GC Worker Total (ms): Min: 28.5, Avg: 28.5, Max: 28.6, Diff: 0.1, Sum: 228.2]
      [GC Worker End (ms): Min: 141792.7, Avg: 141792.7, Max: 141792.7, Diff: 0.0]
   [Code Root Fixup: 0.0 ms]
   [Code Root Migration: 0.1 ms]
   [Clear CT: 0.4 ms]
   [Other: 0.7 ms]
      [Choose CSet: 0.0 ms]
      [Ref Proc: 0.1 ms]
      [Ref Enq: 0.0 ms]
      [Free CSet: 0.5 ms]
   [Eden: 856.0M(856.0M)->0.0B(856.0M) Survivors: 66.0M->66.0M Heap: 1078.6M(1538.0M)->222.6M(1538.0M)]
 [Times: user=0.23 sys=0.00, real=0.03 secs] 
141.794: Total time for which application threads were stopped: 0.0299700 seconds, Stopping threads took: 0.0000390 seconds
142.259: Application time: 0.4646540 seconds
142.259: [GC pause (young), 0.0324060 secs]
   [Parallel Time: 31.2 ms, GC Workers: 8]
      [GC Worker Start (ms): Min: 142258.7, Avg: 142258.8, Max: 142258.8, Diff: 0.1]
      [Ext Root Scanning (ms): Min: 0.7, Avg: 0.8, Max: 0.8, Diff: 0.1, Sum: 6.1]
      [Update RS (ms): Min: 0.2, Avg: 0.3, Max: 0.4, Diff: 0.2, Sum: 2.5]
         [Processed Buffers: Min: 1, Avg: 2.1, Max: 3, Diff: 2, Sum: 17]
      [Scan RS (ms): Min: 0.3, Avg: 0.4, Max: 0.4, Diff: 0.2, Sum: 2.9]
      [Code Root Scanning (ms): Min: 0.0, Avg: 0.0, Max: 0.0, Diff: 0.0, Sum: 0.0]
      [Object Copy (ms): Min: 29.6, Avg: 29.6, Max: 29.6, Diff: 0.1, Sum: 236.9]
      [Termination (ms): Min: 0.0, Avg: 0.0, Max: 0.0, Diff: 0.0, Sum: 0.0]
      [GC Worker Other (ms): Min: 0.0, Avg: 0.1, Max: 0.1, Diff: 0.0, Sum: 0.5]
      [GC Worker Total (ms): Min: 31.1, Avg: 31.1, Max: 31.1, Diff: 0.1, Sum: 248.9]
      [GC Worker End (ms): Min: 142289.8, Avg: 142289.9, Max: 142289.9, Diff: 0.0]
   [Code Root Fixup: 0.0 ms]
   [Code Root Migration: 0.1 ms]
   [Clear CT: 0.4 ms]
   [Other: 0.7 ms]
      [Choose CSet: 0.0 ms]
      [Ref Proc: 0.1 ms]
      [Ref Enq: 0.0 ms]
      [Free CSet: 0.5 ms]
   [Eden: 856.0M(856.0M)->0.0B(852.0M) Survivors: 66.0M->70.0M Heap: 1078.6M(1538.0M)->226.6M(1538.0M)]
 [Times: user=0.26 sys=0.00, real=0.03 secs] 
142.291: Total time for which application threads were stopped: 0.0325700 seconds, Stopping threads took: 0.0000280 seconds
142.749: Application time: 0.4575550 seconds
142.749: [GC pause (young), 0.0331240 secs]
   [Parallel Time: 31.9 ms, GC Workers: 8]
      [GC Worker Start (ms): Min: 142748.9, Avg: 142749.2, Max: 142751.4, Diff: 2.5]
      [Ext Root Scanning (ms): Min: 0.0, Avg: 0.7, Max: 0.9, Diff: 0.9, Sum: 5.5]
      [Update RS (ms): Min: 0.0, Avg: 0.3, Max: 0.4, Diff: 0.4, Sum: 2.2]
         [Processed Buffers: Min: 0, Avg: 2.1, Max: 3, Diff: 3, Sum: 17]
      [Scan RS (ms): Min: 0.1, Avg: 0.3, Max: 0.4, Diff: 0.3, Sum: 2.7]
      [Code Root Scanning (ms): Min: 0.0, Avg: 0.0, Max: 0.0, Diff: 0.0, Sum: 0.0]
      [Object Copy (ms): Min: 29.2, Avg: 30.1, Max: 30.3, Diff: 1.1, Sum: 241.1]
      [Termination (ms): Min: 0.0, Avg: 0.0, Max: 0.0, Diff: 0.0, Sum: 0.0]
      [GC Worker Other (ms): Min: 0.0, Avg: 0.0, Max: 0.1, Diff: 0.0, Sum: 0.4]
      [GC Worker Total (ms): Min: 29.4, Avg: 31.5, Max: 31.8, Diff: 2.5, Sum: 251.9]
      [GC Worker End (ms): Min: 142780.7, Avg: 142780.7, Max: 142780.7, Diff: 0.0]
   [Code Root Fixup: 0.0 ms]
   [Code Root Migration: 0.1 ms]
   [Clear CT: 0.4 ms]
   [Other: 0.8 ms]
      [Choose CSet: 0.0 ms]
      [Ref Proc: 0.1 ms]
      [Ref Enq: 0.0 ms]
      [Free CSet: 0.5 ms]
   [Eden: 852.0M(852.0M)->0.0B(851.0M) Survivors: 70.0M->71.0M Heap: 1078.6M(1538.0M)->227.6M(1538.0M)]
 [Times: user=0.26 sys=0.00, real=0.03 secs] 
142.782: Total time for which application threads were stopped: 0.0333320 seconds, Stopping threads took: 0.0000520 seconds
143.233: Application time: 0.4513320 seconds
143.234: [GC pause (young), 0.0332350 secs]
   [Parallel Time: 32.0 ms, GC Workers: 8]
      [GC Worker Start (ms): Min: 143233.6, Avg: 143233.6, Max: 143233.6, Diff: 0.1]
      [Ext Root Scanning (ms): Min: 0.7, Avg: 0.8, Max: 0.8, Diff: 0.1, Sum: 6.0]
      [Update RS (ms): Min: 0.2, Avg: 0.3, Max: 0.4, Diff: 0.2, Sum: 2.3]
         [Processed Buffers: Min: 1, Avg: 2.1, Max: 3, Diff: 2, Sum: 17]
      [Scan RS (ms): Min: 0.3, Avg: 0.4, Max: 0.5, Diff: 0.2, Sum: 3.0]
      [Code Root Scanning (ms): Min: 0.0, Avg: 0.0, Max: 0.0, Diff: 0.0, Sum: 0.0]
      [Object Copy (ms): Min: 30.4, Avg: 30.4, Max: 30.5, Diff: 0.1, Sum: 243.4]
      [Termination (ms): Min: 0.0, Avg: 0.0, Max: 0.0, Diff: 0.0, Sum: 0.0]
      [GC Worker Other (ms): Min: 0.0, Avg: 0.1, Max: 0.1, Diff: 0.0, Sum: 0.4]
      [GC Worker Total (ms): Min: 31.9, Avg: 31.9, Max: 31.9, Diff: 0.1, Sum: 255.2]
      [GC Worker End (ms): Min: 143265.5, Avg: 143265.5, Max: 143265.5, Diff: 0.0]
   [Code Root Fixup: 0.0 ms]
   [Code Root Migration: 0.1 ms]
   [Clear CT: 0.4 ms]
   [Other: 0.7 ms]
      [Choose CSet: 0.0 ms]
      [Ref Proc: 0.1 ms]
      [Ref Enq: 0.0 ms]
      [Free CSet: 0.6 ms]
   [Eden: 851.0M(851.0M)->0.0B(851.0M) Survivors: 71.0M->71.0M Heap: 1078.6M(1538.0M)->227.6M(1538.0M)]
 [Times: user=0.25 sys=0.01, real=0.03 secs] 
143.267: Total time for which application threads were stopped: 0.0334260 seconds, Stopping threads took: 0.0000590 seconds
143.710: Application time: 0.4433210 seconds
143.710: [GC pause (young), 0.0328920 secs]
   [Parallel Time: 31.7 ms, GC Workers: 8]
      [GC Worker Start (ms): Min: 143710.3, Avg: 143710.3, Max: 143710.4, Diff: 0.1]
      [Ext Root Scanning (ms): Min: 0.7, Avg: 0.8, Max: 0.9, Diff: 0.1, Sum: 6.4]
      [Update RS (ms): Min: 0.2, Avg: 0.3, Max: 0.4, Diff: 0.2, Sum: 2.5]
         [Processed Buffers: Min: 1, Avg: 2.1, Max: 3, Diff: 2, Sum: 17]
      [Scan RS (ms): Min: 0.3, Avg: 0.4, Max: 0.4, Diff: 0.2, Sum: 2.9]
      [Code Root Scanning (ms): Min: 0.0, Avg: 0.0, Max: 0.0, Diff: 0.0, Sum: 0.0]
      [Object Copy (ms): Min: 30.1, Avg: 30.1, Max: 30.1, Diff: 0.0, Sum: 240.8]
      [Termination (ms): Min: 0.0, Avg: 0.0, Max: 0.0, Diff: 0.0, Sum: 0.0]
      [GC Worker Other (ms): Min: 0.0, Avg: 0.1, Max: 0.1, Diff: 0.0, Sum: 0.4]
      [GC Worker Total (ms): Min: 31.6, Avg: 31.6, Max: 31.7, Diff: 0.1, Sum: 253.0]
      [GC Worker End (ms): Min: 143742.0, Avg: 143742.0, Max: 143742.0, Diff: 0.0]
   [Code Root Fixup: 0.0 ms]
   [Code Root Migration: 0.1 ms]
   [Clear CT: 0.4 ms]
   [Other: 0.7 ms]
      [Choose CSet: 0.0 ms]
      [Ref Proc: 0.1 ms]
      [Ref Enq: 0.0 ms]
      [Free CSet: 0.5 ms]
   [Eden: 851.0M(851.0M)->0.0B(852.0M) Survivors: 71.0M->70.0M Heap: 1078.6M(1538.0M)->226.7M(1538.0M)]
 [Times: user=0.26 sys=0.00, real=0.03 secs] 
143.743: Total time for which application threads were stopped: 0.0330930 seconds, Stopping threads took: 0.0000510 seconds
144.181: Application time: 0.4381380 seconds
144.181: [GC pause (young), 0.0335260 secs]
   [Parallel Time: 32.3 ms, GC Workers: 8]
      [GC Worker Start (ms): Min: 144181.5, Avg: 144181.5, Max: 144181.6, Diff: 0.1]
      [Ext Root Scanning (ms): Min: 0.7, Avg: 0.8, Max: 0.8, Diff: 0.1, Sum: 6.2]
      [Update RS (ms): Min: 0.2, Avg: 0.3, Max: 0.4, Diff: 0.2, Sum: 2.3]
         [Processed Buffers: Min: 1, Avg: 2.1, Max: 3, Diff: 2, Sum: 17]
      [Scan RS (ms): Min: 0.3, Avg: 0.4, Max: 0.4, Diff: 0.1, Sum: 3.0]
      [Code Root Scanning (ms): Min: 0.0, Avg: 0.0, Max: 0.0, Diff: 0.0, Sum: 0.0]
      [Object Copy (ms): Min: 30.7, Avg: 30.7, Max: 30.8, Diff: 0.1, Sum: 245.8]
      [Termination (ms): Min: 0.0, Avg: 0.0, Max: 0.0, Diff: 0.0, Sum: 0.0]
      [GC Worker Other (ms): Min: 0.0, Avg: 0.1, Max: 0.1, Diff: 0.0, Sum: 0.4]
      [GC Worker Total (ms): Min: 32.2, Avg: 32.2, Max: 32.3, Diff: 0.1, Sum: 257.9]
      [GC Worker End (ms): Min: 144213.8, Avg: 144213.8, Max: 144213.8, Diff: 0.0]
   [Code Root Fixup: 0.0 ms]
   [Code Root Migration: 0.1 ms]
   [Clear CT: 0.4 ms]
   [Other: 0.7 ms]
      [Choose CSet: 0.0 ms]
      [Ref Proc: 0.1 ms]
      [Ref Enq: 0.0 ms]
      [Free CSet: 0.5 ms]
   [Eden: 852.0M(852.0M)->0.0B(852.0M) Survivors: 70.0M->70.0M Heap: 1078.7M(1538.0M)->227.2M(1538.0M)]
 [Times: user=0.26 sys=0.00, real=0.04 secs] 
144.215: Total time for which application threads were stopped: 0.0336990 seconds, Stopping threads took: 0.0000270 seconds
144.651: Application time: 0.4354090 seconds
144.651: [GC pause (young), 0.0337780 secs]
   [Parallel Time: 32.5 ms, GC Workers: 8]
      [GC Worker Start (ms): Min: 144650.6, Avg: 144650.7, Max: 144650.7, Diff: 0.1]
      [Ext Root Scanning (ms): Min: 0.7, Avg: 0.8, Max: 0.8, Diff: 0.1, Sum: 6.2]
      [Update RS (ms): Min: 0.2, Avg: 0.3, Max: 0.4, Diff: 0.2, Sum: 2.4]
         [Processed Buffers: Min: 1, Avg: 2.1, Max: 3, Diff: 2, Sum: 17]
      [Scan RS (ms): Min: 0.2, Avg: 0.4, Max: 0.5, Diff: 0.2, Sum: 3.0]
      [Code Root Scanning (ms): Min: 0.0, Avg: 0.0, Max: 0.0, Diff: 0.0, Sum: 0.0]
      [Object Copy (ms): Min: 30.9, Avg: 30.9, Max: 31.0, Diff: 0.1, Sum: 247.5]
      [Termination (ms): Min: 0.0, Avg: 0.0, Max: 0.0, Diff: 0.0, Sum: 0.0]
      [GC Worker Other (ms): Min: 0.0, Avg: 0.1, Max: 0.1, Diff: 0.0, Sum: 0.5]
      [GC Worker Total (ms): Min: 32.4, Avg: 32.5, Max: 32.5, Diff: 0.1, Sum: 259.7]
      [GC Worker End (ms): Min: 144683.1, Avg: 144683.1, Max: 144683.2, Diff: 0.0]
   [Code Root Fixup: 0.0 ms]
   [Code Root Migration: 0.1 ms]
   [Clear CT: 0.4 ms]
   [Other: 0.7 ms]
      [Choose CSet: 0.0 ms]
      [Ref Proc: 0.1 ms]
      [Ref Enq: 0.0 ms]
      [Free CSet: 0.5 ms]
   [Eden: 852.0M(852.0M)->0.0B(852.0M) Survivors: 70.0M->70.0M Heap: 1079.2M(1538.0M)->227.2M(1538.0M)]
 [Times: user=0.26 sys=0.00, real=0.04 secs] 
144.686: Total time for which application threads were stopped: 0.0354760 seconds, Stopping threads took: 0.0000300 seconds
145.120: Application time: 0.4336680 seconds
145.120: [GC pause (young), 0.0334490 secs]
   [Parallel Time: 32.2 ms, GC Workers: 8]
      [GC Worker Start (ms): Min: 145119.8, Avg: 145119.8, Max: 145119.8, Diff: 0.1]
      [Ext Root Scanning (ms): Min: 0.7, Avg: 0.8, Max: 0.8, Diff: 0.1, Sum: 6.1]
      [Update RS (ms): Min: 0.2, Avg: 0.3, Max: 0.4, Diff: 0.2, Sum: 2.3]
         [Processed Buffers: Min: 1, Avg: 2.1, Max: 4, Diff: 3, Sum: 17]
      [Scan RS (ms): Min: 0.3, Avg: 0.4, Max: 0.4, Diff: 0.1, Sum: 3.0]
      [Code Root Scanning (ms): Min: 0.0, Avg: 0.0, Max: 0.0, Diff: 0.0, Sum: 0.0]
      [Object Copy (ms): Min: 30.6, Avg: 30.7, Max: 30.7, Diff: 0.1, Sum: 245.5]
      [Termination (ms): Min: 0.0, Avg: 0.0, Max: 0.0, Diff: 0.0, Sum: 0.0]
      [GC Worker Other (ms): Min: 0.0, Avg: 0.0, Max: 0.1, Diff: 0.0, Sum: 0.4]
      [GC Worker Total (ms): Min: 32.1, Avg: 32.2, Max: 32.2, Diff: 0.1, Sum: 257.3]
      [GC Worker End (ms): Min: 145151.9, Avg: 145152.0, Max: 145152.0, Diff: 0.0]
   [Code Root Fixup: 0.1 ms]
   [Code Root Migration: 0.1 ms]
   [Clear CT: 0.4 ms]
   [Other: 0.7 ms]
      [Choose CSet: 0.0 ms]
      [Ref Proc: 0.1 ms]
      [Ref Enq: 0.0 ms]
      [Free CSet: 0.5 ms]
   [Eden: 852.0M(852.0M)->0.0B(852.0M) Survivors: 70.0M->70.0M Heap: 1079.2M(1538.0M)->227.2M(1538.0M)]
 [Times: user=0.26 sys=0.00, real=0.04 secs] 
145.153: Total time for which application threads were stopped: 0.0335990 seconds, Stopping threads took: 0.0000160 seconds
145.584: Application time: 0.4312440 seconds
145.585: [GC pause (young), 0.0336390 secs]
   [Parallel Time: 32.4 ms, GC Workers: 8]
      [GC Worker Start (ms): Min: 145584.6, Avg: 145584.6, Max: 145584.7, Diff: 0.1]
      [Ext Root Scanning (ms): Min: 0.7, Avg: 0.8, Max: 0.8, Diff: 0.1, Sum: 6.2]
      [Update RS (ms): Min: 0.1, Avg: 0.3, Max: 0.4, Diff: 0.3, Sum: 2.4]
         [Processed Buffers: Min: 1, Avg: 2.1, Max: 3, Diff: 2, Sum: 17]
      [Scan RS (ms): Min: 0.3, Avg: 0.4, Max: 0.5, Diff: 0.2, Sum: 3.0]
      [Code Root Scanning (ms): Min: 0.0, Avg: 0.0, Max: 0.0, Diff: 0.0, Sum: 0.0]
      [Object Copy (ms): Min: 30.8, Avg: 30.8, Max: 30.9, Diff: 0.1, Sum: 246.6]
      [Termination (ms): Min: 0.0, Avg: 0.0, Max: 0.0, Diff: 0.0, Sum: 0.0]
      [GC Worker Other (ms): Min: 0.0, Avg: 0.1, Max: 0.1, Diff: 0.0, Sum: 0.4]
      [GC Worker Total (ms): Min: 32.3, Avg: 32.3, Max: 32.4, Diff: 0.1, Sum: 258.7]
      [GC Worker End (ms): Min: 145617.0, Avg: 145617.0, Max: 145617.0, Diff: 0.0]
   [Code Root Fixup: 0.0 ms]
   [Code Root Migration: 0.1 ms]
   [Clear CT: 0.4 ms]
   [Other: 0.7 ms]
      [Choose CSet: 0.0 ms]
      [Ref Proc: 0.1 ms]
      [Ref Enq: 0.0 ms]
      [Free CSet: 0.5 ms]
   [Eden: 852.0M(852.0M)->0.0B(849.0M) Survivors: 70.0M->73.0M Heap: 1079.2M(1538.0M)->229.7M(1538.0M)]
 [Times: user=0.26 sys=0.00, real=0.03 secs] 
145.618: Total time for which application threads were stopped: 0.0338110 seconds, Stopping threads took: 0.0000140 seconds
146.050: Application time: 0.4317390 seconds
146.050: [GC pause (young), 0.0341650 secs]
   [Parallel Time: 32.9 ms, GC Workers: 8]
      [GC Worker Start (ms): Min: 146050.2, Avg: 146050.2, Max: 146050.2, Diff: 0.1]
      [Ext Root Scanning (ms): Min: 0.6, Avg: 0.7, Max: 0.8, Diff: 0.2, Sum: 5.9]
      [Update RS (ms): Min: 0.2, Avg: 0.3, Max: 0.4, Diff: 0.2, Sum: 2.4]
         [Processed Buffers: Min: 1, Avg: 2.1, Max: 3, Diff: 2, Sum: 17]
      [Scan RS (ms): Min: 0.2, Avg: 0.4, Max: 0.4, Diff: 0.2, Sum: 2.9]
      [Code Root Scanning (ms): Min: 0.0, Avg: 0.0, Max: 0.0, Diff: 0.0, Sum: 0.0]
      [Object Copy (ms): Min: 31.3, Avg: 31.3, Max: 31.3, Diff: 0.1, Sum: 250.4]
      [Termination (ms): Min: 0.0, Avg: 0.0, Max: 0.0, Diff: 0.0, Sum: 0.0]
      [GC Worker Other (ms): Min: 0.0, Avg: 0.1, Max: 0.1, Diff: 0.0, Sum: 0.5]
      [GC Worker Total (ms): Min: 32.7, Avg: 32.8, Max: 32.8, Diff: 0.1, Sum: 262.2]
      [GC Worker End (ms): Min: 146083.0, Avg: 146083.0, Max: 146083.0, Diff: 0.0]
   [Code Root Fixup: 0.0 ms]
   [Code Root Migration: 0.1 ms]
   [Clear CT: 0.4 ms]
   [Other: 0.8 ms]
      [Choose CSet: 0.0 ms]
      [Ref Proc: 0.1 ms]
      [Ref Enq: 0.0 ms]
      [Free CSet: 0.6 ms]
   [Eden: 849.0M(849.0M)->0.0B(850.0M) Survivors: 73.0M->72.0M Heap: 1078.7M(1538.0M)->229.2M(1538.0M)]
 [Times: user=0.27 sys=0.00, real=0.04 secs] 
146.084: Total time for which application threads were stopped: 0.0343290 seconds, Stopping threads took: 0.0000280 seconds
146.522: Application time: 0.4377940 seconds
146.522: [GC pause (young), 0.0313690 secs]
   [Parallel Time: 30.1 ms, GC Workers: 8]
      [GC Worker Start (ms): Min: 146522.3, Avg: 146522.3, Max: 146522.4, Diff: 0.1]
      [Ext Root Scanning (ms): Min: 0.7, Avg: 0.7, Max: 0.8, Diff: 0.1, Sum: 6.0]
      [Update RS (ms): Min: 0.2, Avg: 0.3, Max: 0.4, Diff: 0.2, Sum: 2.5]
         [Processed Buffers: Min: 1, Avg: 2.1, Max: 3, Diff: 2, Sum: 17]
      [Scan RS (ms): Min: 0.3, Avg: 0.4, Max: 0.4, Diff: 0.2, Sum: 3.0]
      [Code Root Scanning (ms): Min: 0.0, Avg: 0.0, Max: 0.0, Diff: 0.0, Sum: 0.0]
      [Object Copy (ms): Min: 28.5, Avg: 28.6, Max: 28.6, Diff: 0.1, Sum: 228.6]
      [Termination (ms): Min: 0.0, Avg: 0.0, Max: 0.0, Diff: 0.0, Sum: 0.0]
      [GC Worker Other (ms): Min: 0.0, Avg: 0.0, Max: 0.1, Diff: 0.0, Sum: 0.4]
      [GC Worker Total (ms): Min: 30.0, Avg: 30.1, Max: 30.1, Diff: 0.1, Sum: 240.5]
      [GC Worker End (ms): Min: 146552.4, Avg: 146552.4, Max: 146552.4, Diff: 0.0]
   [Code Root Fixup: 0.0 ms]
   [Code Root Migration: 0.1 ms]
   [Clear CT: 0.4 ms]
   [Other: 0.7 ms]
      [Choose CSet: 0.0 ms]
      [Ref Proc: 0.1 ms]
      [Ref Enq: 0.0 ms]
      [Free CSet: 0.6 ms]
   [Eden: 850.0M(850.0M)->0.0B(854.0M) Survivors: 72.0M->68.0M Heap: 1079.2M(1538.0M)->224.7M(1538.0M)]
 [Times: user=0.24 sys=0.00, real=0.04 secs] 
146.554: Total time for which application threads were stopped: 0.0315570 seconds, Stopping threads took: 0.0000330 seconds
147.007: Application time: 0.4532290 seconds
147.007: [GC pause (young), 0.0312310 secs]
   [Parallel Time: 29.9 ms, GC Workers: 8]
      [GC Worker Start (ms): Min: 147007.1, Avg: 147007.1, Max: 147007.2, Diff: 0.1]
      [Ext Root Scanning (ms): Min: 0.6, Avg: 0.7, Max: 0.8, Diff: 0.2, Sum: 5.9]
      [Update RS (ms): Min: 0.2, Avg: 0.3, Max: 0.4, Diff: 0.2, Sum: 2.4]
         [Processed Buffers: Min: 1, Avg: 2.1, Max: 3, Diff: 2, Sum: 17]
      [Scan RS (ms): Min: 0.3, Avg: 0.4, Max: 0.4, Diff: 0.1, Sum: 2.8]
      [Code Root Scanning (ms): Min: 0.0, Avg: 0.0, Max: 0.0, Diff: 0.0, Sum: 0.0]
      [Object Copy (ms): Min: 28.4, Avg: 28.4, Max: 28.4, Diff: 0.1, Sum: 227.2]
      [Termination (ms): Min: 0.0, Avg: 0.0, Max: 0.0, Diff: 0.0, Sum: 0.0]
      [GC Worker Other (ms): Min: 0.0, Avg: 0.0, Max: 0.1, Diff: 0.0, Sum: 0.4]
      [GC Worker Total (ms): Min: 29.8, Avg: 29.9, Max: 29.9, Diff: 0.1, Sum: 238.8]
      [GC Worker End (ms): Min: 147037.0, Avg: 147037.0, Max: 147037.0, Diff: 0.0]
   [Code Root Fixup: 0.0 ms]
   [Code Root Migration: 0.1 ms]
   [Clear CT: 0.4 ms]
   [Other: 0.8 ms]
      [Choose CSet: 0.0 ms]
      [Ref Proc: 0.1 ms]
      [Ref Enq: 0.0 ms]
      [Free CSet: 0.6 ms]
   [Eden: 854.0M(854.0M)->0.0B(856.0M) Survivors: 68.0M->66.0M Heap: 1078.7M(1538.0M)->223.3M(1538.0M)]
 [Times: user=0.24 sys=0.00, real=0.03 secs] 
147.038: Total time for which application threads were stopped: 0.0314230 seconds, Stopping threads took: 0.0000590 seconds
147.500: Application time: 0.4615720 seconds
147.500: [GC pause (young), 0.0337670 secs]
   [Parallel Time: 32.5 ms, GC Workers: 8]
      [GC Worker Start (ms): Min: 147500.1, Avg: 147501.1, Max: 147507.4, Diff: 7.3]
      [Ext Root Scanning (ms): Min: 0.0, Avg: 0.6, Max: 0.9, Diff: 0.8, Sum: 5.1]
      [Update RS (ms): Min: 0.0, Avg: 0.3, Max: 0.4, Diff: 0.4, Sum: 2.4]
         [Processed Buffers: Min: 0, Avg: 2.1, Max: 4, Diff: 4, Sum: 17]
      [Scan RS (ms): Min: 0.2, Avg: 0.3, Max: 0.4, Diff: 0.2, Sum: 2.7]
      [Code Root Scanning (ms): Min: 0.0, Avg: 0.0, Max: 0.0, Diff: 0.0, Sum: 0.0]
      [Object Copy (ms): Min: 24.8, Avg: 30.2, Max: 31.0, Diff: 6.1, Sum: 241.5]
      [Termination (ms): Min: 0.0, Avg: 0.0, Max: 0.0, Diff: 0.0, Sum: 0.0]
      [GC Worker Other (ms): Min: 0.0, Avg: 0.1, Max: 0.1, Diff: 0.1, Sum: 0.4]
      [GC Worker Total (ms): Min: 25.2, Avg: 31.5, Max: 32.4, Diff: 7.3, Sum: 252.1]
      [GC Worker End (ms): Min: 147532.5, Avg: 147532.6, Max: 147532.6, Diff: 0.0]
   [Code Root Fixup: 0.0 ms]
   [Code Root Migration: 0.1 ms]
   [Clear CT: 0.4 ms]
   [Other: 0.8 ms]
      [Choose CSet: 0.0 ms]
      [Ref Proc: 0.1 ms]
      [Ref Enq: 0.0 ms]
      [Free CSet: 0.6 ms]
   [Eden: 856.0M(856.0M)->0.0B(851.0M) Survivors: 66.0M->71.0M Heap: 1079.3M(1538.0M)->227.8M(1538.0M)]
 [Times: user=0.25 sys=0.00, real=0.04 secs] 
147.534: Total time for which application threads were stopped: 0.0339750 seconds, Stopping threads took: 0.0000610 seconds
147.987: Application time: 0.4534600 seconds
147.988: [GC pause (young), 0.0328480 secs]
   [Parallel Time: 31.6 ms, GC Workers: 8]
      [GC Worker Start (ms): Min: 147987.6, Avg: 147988.1, Max: 147991.4, Diff: 3.8]
      [Ext Root Scanning (ms): Min: 0.0, Avg: 0.6, Max: 0.8, Diff: 0.8, Sum: 5.2]
      [Update RS (ms): Min: 0.0, Avg: 0.3, Max: 0.5, Diff: 0.5, Sum: 2.2]
         [Processed Buffers: Min: 0, Avg: 2.1, Max: 4, Diff: 4, Sum: 17]
      [Scan RS (ms): Min: 0.1, Avg: 0.3, Max: 0.4, Diff: 0.3, Sum: 2.8]
      [Code Root Scanning (ms): Min: 0.0, Avg: 0.0, Max: 0.0, Diff: 0.0, Sum: 0.0]
      [Object Copy (ms): Min: 27.5, Avg: 29.7, Max: 30.0, Diff: 2.5, Sum: 237.5]
      [Termination (ms): Min: 0.0, Avg: 0.0, Max: 0.0, Diff: 0.0, Sum: 0.0]
      [GC Worker Other (ms): Min: 0.0, Avg: 0.1, Max: 0.1, Diff: 0.0, Sum: 0.5]
      [GC Worker Total (ms): Min: 27.7, Avg: 31.0, Max: 31.5, Diff: 3.8, Sum: 248.2]
      [GC Worker End (ms): Min: 148019.1, Avg: 148019.1, Max: 148019.1, Diff: 0.0]
   [Code Root Fixup: 0.0 ms]
   [Code Root Migration: 0.1 ms]
   [Clear CT: 0.4 ms]
   [Other: 0.7 ms]
      [Choose CSet: 0.0 ms]
      [Ref Proc: 0.1 ms]
      [Ref Enq: 0.0 ms]
      [Free CSet: 0.5 ms]
   [Eden: 851.0M(851.0M)->0.0B(853.0M) Survivors: 71.0M->69.0M Heap: 1078.8M(1538.0M)->226.3M(1538.0M)]
 [Times: user=0.25 sys=0.01, real=0.03 secs] 
148.020: Total time for which application threads were stopped: 0.0330610 seconds, Stopping threads took: 0.0000690 seconds
148.468: Application time: 0.4475770 seconds
148.468: [GC pause (young), 0.0328140 secs]
   [Parallel Time: 31.6 ms, GC Workers: 8]
      [GC Worker Start (ms): Min: 148468.2, Avg: 148468.6, Max: 148471.4, Diff: 3.2]
      [Ext Root Scanning (ms): Min: 0.0, Avg: 0.7, Max: 0.9, Diff: 0.9, Sum: 5.5]
      [Update RS (ms): Min: 0.0, Avg: 0.3, Max: 0.4, Diff: 0.4, Sum: 2.2]
         [Processed Buffers: Min: 0, Avg: 2.1, Max: 4, Diff: 4, Sum: 17]
      [Scan RS (ms): Min: 0.1, Avg: 0.3, Max: 0.4, Diff: 0.4, Sum: 2.7]
      [Code Root Scanning (ms): Min: 0.0, Avg: 0.0, Max: 0.0, Diff: 0.0, Sum: 0.0]
      [Object Copy (ms): Min: 28.2, Avg: 29.8, Max: 30.0, Diff: 1.8, Sum: 238.1]
      [Termination (ms): Min: 0.0, Avg: 0.0, Max: 0.0, Diff: 0.0, Sum: 0.0]
      [GC Worker Other (ms): Min: 0.0, Avg: 0.0, Max: 0.1, Diff: 0.0, Sum: 0.4]
      [GC Worker Total (ms): Min: 28.3, Avg: 31.1, Max: 31.5, Diff: 3.2, Sum: 248.9]
      [GC Worker End (ms): Min: 148499.7, Avg: 148499.7, Max: 148499.8, Diff: 0.0]
   [Code Root Fixup: 0.0 ms]
   [Code Root Migration: 0.1 ms]
   [Clear CT: 0.4 ms]
   [Other: 0.7 ms]
      [Choose CSet: 0.0 ms]
      [Ref Proc: 0.1 ms]
      [Ref Enq: 0.0 ms]
      [Free CSet: 0.5 ms]
   [Eden: 853.0M(853.0M)->0.0B(852.0M) Survivors: 69.0M->70.0M Heap: 1079.3M(1538.0M)->226.8M(1538.0M)]
 [Times: user=0.25 sys=0.00, real=0.03 secs] 
148.501: Total time for which application threads were stopped: 0.0330190 seconds, Stopping threads took: 0.0000560 seconds
148.940: Application time: 0.4385610 seconds
148.940: [GC pause (young), 0.0334950 secs]
   [Parallel Time: 32.2 ms, GC Workers: 8]
      [GC Worker Start (ms): Min: 148939.8, Avg: 148940.7, Max: 148943.4, Diff: 3.6]
      [Ext Root Scanning (ms): Min: 0.0, Avg: 0.6, Max: 0.9, Diff: 0.9, Sum: 4.7]
      [Update RS (ms): Min: 0.0, Avg: 0.3, Max: 0.5, Diff: 0.5, Sum: 2.1]
         [Processed Buffers: Min: 0, Avg: 2.1, Max: 4, Diff: 4, Sum: 17]
      [Scan RS (ms): Min: 0.1, Avg: 0.3, Max: 0.4, Diff: 0.3, Sum: 2.5]
      [Code Root Scanning (ms): Min: 0.0, Avg: 0.0, Max: 0.0, Diff: 0.0, Sum: 0.0]
      [Object Copy (ms): Min: 28.4, Avg: 30.0, Max: 30.6, Diff: 2.2, Sum: 239.9]
      [Termination (ms): Min: 0.0, Avg: 0.0, Max: 0.0, Diff: 0.0, Sum: 0.0]
      [GC Worker Other (ms): Min: 0.0, Avg: 0.1, Max: 0.1, Diff: 0.0, Sum: 0.4]
      [GC Worker Total (ms): Min: 28.5, Avg: 31.2, Max: 32.1, Diff: 3.6, Sum: 249.6]
      [GC Worker End (ms): Min: 148971.9, Avg: 148971.9, Max: 148971.9, Diff: 0.0]
   [Code Root Fixup: 0.0 ms]
   [Code Root Migration: 0.1 ms]
   [Clear CT: 0.4 ms]
   [Other: 0.8 ms]
      [Choose CSet: 0.0 ms]
      [Ref Proc: 0.1 ms]
      [Ref Enq: 0.0 ms]
      [Free CSet: 0.6 ms]
   [Eden: 852.0M(852.0M)->0.0B(852.0M) Survivors: 70.0M->70.0M Heap: 1078.8M(1538.0M)->226.8M(1538.0M)]
 [Times: user=0.26 sys=0.00, real=0.04 secs] 
148.973: Total time for which application threads were stopped: 0.0336930 seconds, Stopping threads took: 0.0000610 seconds
149.411: Application time: 0.4374230 seconds
149.411: [GC pause (young), 0.0335150 secs]
   [Parallel Time: 32.3 ms, GC Workers: 8]
      [GC Worker Start (ms): Min: 149410.9, Avg: 149411.0, Max: 149411.4, Diff: 0.5]
      [Ext Root Scanning (ms): Min: 0.5, Avg: 0.7, Max: 0.8, Diff: 0.3, Sum: 5.9]
      [Update RS (ms): Min: 0.1, Avg: 0.3, Max: 0.4, Diff: 0.3, Sum: 2.3]
         [Processed Buffers: Min: 1, Avg: 2.1, Max: 4, Diff: 3, Sum: 17]
      [Scan RS (ms): Min: 0.2, Avg: 0.4, Max: 0.4, Diff: 0.2, Sum: 3.0]
      [Code Root Scanning (ms): Min: 0.0, Avg: 0.0, Max: 0.0, Diff: 0.0, Sum: 0.0]
      [Object Copy (ms): Min: 30.6, Avg: 30.7, Max: 30.7, Diff: 0.1, Sum: 245.3]
      [Termination (ms): Min: 0.0, Avg: 0.0, Max: 0.0, Diff: 0.0, Sum: 0.0]
      [GC Worker Other (ms): Min: 0.0, Avg: 0.1, Max: 0.1, Diff: 0.0, Sum: 0.5]
      [GC Worker Total (ms): Min: 31.7, Avg: 32.1, Max: 32.2, Diff: 0.5, Sum: 257.1]
      [GC Worker End (ms): Min: 149443.1, Avg: 149443.1, Max: 149443.1, Diff: 0.0]
   [Code Root Fixup: 0.0 ms]
   [Code Root Migration: 0.1 ms]
   [Clear CT: 0.4 ms]
   [Other: 0.7 ms]
      [Choose CSet: 0.0 ms]
      [Ref Proc: 0.1 ms]
      [Ref Enq: 0.0 ms]
      [Free CSet: 0.6 ms]
   [Eden: 852.0M(852.0M)->0.0B(852.0M) Survivors: 70.0M->70.0M Heap: 1078.8M(1538.0M)->227.3M(1538.0M)]
 [Times: user=0.26 sys=0.00, real=0.04 secs] 
149.444: Total time for which application threads were stopped: 0.0336980 seconds, Stopping threads took: 0.0000250 seconds
149.878: Application time: 0.4332180 seconds
149.878: [GC pause (young), 0.0327480 secs]
   [Parallel Time: 31.5 ms, GC Workers: 8]
      [GC Worker Start (ms): Min: 149877.8, Avg: 149877.8, Max: 149877.9, Diff: 0.1]
      [Ext Root Scanning (ms): Min: 0.7, Avg: 0.8, Max: 0.9, Diff: 0.1, Sum: 6.5]
      [Update RS (ms): Min: 0.2, Avg: 0.3, Max: 0.4, Diff: 0.2, Sum: 2.4]
         [Processed Buffers: Min: 1, Avg: 2.1, Max: 3, Diff: 2, Sum: 17]
      [Scan RS (ms): Min: 0.3, Avg: 0.4, Max: 0.4, Diff: 0.1, Sum: 2.9]
      [Code Root Scanning (ms): Min: 0.0, Avg: 0.0, Max: 0.0, Diff: 0.0, Sum: 0.0]
      [Object Copy (ms): Min: 29.9, Avg: 30.0, Max: 30.0, Diff: 0.0, Sum: 239.6]
      [Termination (ms): Min: 0.0, Avg: 0.0, Max: 0.0, Diff: 0.0, Sum: 0.0]
      [GC Worker Other (ms): Min: 0.0, Avg: 0.0, Max: 0.1, Diff: 0.0, Sum: 0.4]
      [GC Worker Total (ms): Min: 31.4, Avg: 31.5, Max: 31.5, Diff: 0.1, Sum: 251.8]
      [GC Worker End (ms): Min: 149909.3, Avg: 149909.3, Max: 149909.3, Diff: 0.0]
   [Code Root Fixup: 0.1 ms]
   [Code Root Migration: 0.1 ms]
   [Clear CT: 0.4 ms]
   [Other: 0.7 ms]
      [Choose CSet: 0.0 ms]
      [Ref Proc: 0.1 ms]
      [Ref Enq: 0.0 ms]
      [Free CSet: 0.5 ms]
   [Eden: 852.0M(852.0M)->0.0B(851.0M) Survivors: 70.0M->71.0M Heap: 1079.3M(1538.0M)->227.8M(1538.0M)]
 [Times: user=0.25 sys=0.00, real=0.03 secs] 
149.911: Total time for which application threads were stopped: 0.0329400 seconds, Stopping threads took: 0.0000560 seconds
150.343: Application time: 0.4321360 seconds
150.343: [GC pause (young), 0.0327030 secs]
   [Parallel Time: 31.4 ms, GC Workers: 8]
      [GC Worker Start (ms): Min: 150342.9, Avg: 150343.0, Max: 150343.3, Diff: 0.5]
      [Ext Root Scanning (ms): Min: 0.3, Avg: 0.7, Max: 0.9, Diff: 0.6, Sum: 5.6]
      [Update RS (ms): Min: 0.1, Avg: 0.3, Max: 0.4, Diff: 0.3, Sum: 2.4]
         [Processed Buffers: Min: 1, Avg: 2.1, Max: 4, Diff: 3, Sum: 17]
      [Scan RS (ms): Min: 0.3, Avg: 0.4, Max: 0.4, Diff: 0.1, Sum: 2.9]
      [Code Root Scanning (ms): Min: 0.0, Avg: 0.0, Max: 0.0, Diff: 0.0, Sum: 0.1]
      [Object Copy (ms): Min: 29.8, Avg: 29.9, Max: 29.9, Diff: 0.1, Sum: 238.9]
      [Termination (ms): Min: 0.0, Avg: 0.0, Max: 0.0, Diff: 0.0, Sum: 0.0]
      [GC Worker Other (ms): Min: 0.0, Avg: 0.1, Max: 0.1, Diff: 0.0, Sum: 0.4]
      [GC Worker Total (ms): Min: 30.9, Avg: 31.3, Max: 31.4, Diff: 0.5, Sum: 250.3]
      [GC Worker End (ms): Min: 150374.2, Avg: 150374.3, Max: 150374.3, Diff: 0.0]
   [Code Root Fixup: 0.0 ms]
   [Code Root Migration: 0.1 ms]
   [Clear CT: 0.4 ms]
   [Other: 0.8 ms]
      [Choose CSet: 0.0 ms]
      [Ref Proc: 0.1 ms]
      [Ref Enq: 0.0 ms]
      [Free CSet: 0.6 ms]
   [Eden: 851.0M(851.0M)->0.0B(853.0M) Survivors: 71.0M->69.0M Heap: 1078.8M(1538.0M)->225.8M(1538.0M)]
 [Times: user=0.25 sys=0.00, real=0.04 secs] 
150.376: Total time for which application threads were stopped: 0.0328960 seconds, Stopping threads took: 0.0000450 seconds
150.809: Application time: 0.4337750 seconds
150.810: [GC pause (young), 0.0335680 secs]
   [Parallel Time: 32.3 ms, GC Workers: 8]
      [GC Worker Start (ms): Min: 150809.5, Avg: 150809.6, Max: 150809.6, Diff: 0.1]
      [Ext Root Scanning (ms): Min: 0.7, Avg: 0.7, Max: 0.8, Diff: 0.1, Sum: 6.0]
      [Update RS (ms): Min: 0.2, Avg: 0.3, Max: 0.4, Diff: 0.1, Sum: 2.3]
         [Processed Buffers: Min: 1, Avg: 2.1, Max: 3, Diff: 2, Sum: 17]
      [Scan RS (ms): Min: 0.3, Avg: 0.4, Max: 0.4, Diff: 0.1, Sum: 3.1]
      [Code Root Scanning (ms): Min: 0.0, Avg: 0.0, Max: 0.0, Diff: 0.0, Sum: 0.0]
      [Object Copy (ms): Min: 30.7, Avg: 30.7, Max: 30.8, Diff: 0.1, Sum: 246.0]
      [Termination (ms): Min: 0.0, Avg: 0.0, Max: 0.0, Diff: 0.0, Sum: 0.0]
      [GC Worker Other (ms): Min: 0.0, Avg: 0.1, Max: 0.1, Diff: 0.0, Sum: 0.4]
      [GC Worker Total (ms): Min: 32.2, Avg: 32.2, Max: 32.3, Diff: 0.1, Sum: 257.7]
      [GC Worker End (ms): Min: 150841.8, Avg: 150841.8, Max: 150841.8, Diff: 0.0]
   [Code Root Fixup: 0.0 ms]
   [Code Root Migration: 0.1 ms]
   [Clear CT: 0.4 ms]
   [Other: 0.7 ms]
      [Choose CSet: 0.0 ms]
      [Ref Proc: 0.1 ms]
      [Ref Enq: 0.0 ms]
      [Free CSet: 0.6 ms]
   [Eden: 853.0M(853.0M)->0.0B(852.0M) Survivors: 69.0M->70.0M Heap: 1078.8M(1538.0M)->226.8M(1538.0M)]
 [Times: user=0.26 sys=0.00, real=0.03 secs] 
150.843: Total time for which application threads were stopped: 0.0337420 seconds, Stopping threads took: 0.0000280 seconds
151.278: Application time: 0.4347250 seconds
151.278: [GC pause (young), 0.0306580 secs]
   [Parallel Time: 29.4 ms, GC Workers: 8]
      [GC Worker Start (ms): Min: 151278.0, Avg: 151278.1, Max: 151278.1, Diff: 0.1]
      [Ext Root Scanning (ms): Min: 0.7, Avg: 0.7, Max: 0.8, Diff: 0.1, Sum: 5.8]
      [Update RS (ms): Min: 0.2, Avg: 0.3, Max: 0.4, Diff: 0.2, Sum: 2.5]
         [Processed Buffers: Min: 1, Avg: 2.1, Max: 3, Diff: 2, Sum: 17]
      [Scan RS (ms): Min: 0.2, Avg: 0.4, Max: 0.5, Diff: 0.2, Sum: 3.0]
      [Code Root Scanning (ms): Min: 0.0, Avg: 0.0, Max: 0.0, Diff: 0.0, Sum: 0.0]
      [Object Copy (ms): Min: 27.9, Avg: 27.9, Max: 28.0, Diff: 0.1, Sum: 223.2]
      [Termination (ms): Min: 0.0, Avg: 0.0, Max: 0.0, Diff: 0.0, Sum: 0.0]
      [GC Worker Other (ms): Min: 0.0, Avg: 0.0, Max: 0.1, Diff: 0.0, Sum: 0.4]
      [GC Worker Total (ms): Min: 29.3, Avg: 29.4, Max: 29.4, Diff: 0.1, Sum: 234.9]
      [GC Worker End (ms): Min: 151307.4, Avg: 151307.4, Max: 151307.5, Diff: 0.0]
   [Code Root Fixup: 0.0 ms]
   [Code Root Migration: 0.1 ms]
   [Clear CT: 0.4 ms]
   [Other: 0.7 ms]
      [Choose CSet: 0.0 ms]
      [Ref Proc: 0.1 ms]
      [Ref Enq: 0.0 ms]
      [Free CSet: 0.6 ms]
   [Eden: 852.0M(852.0M)->0.0B(856.0M) Survivors: 70.0M->66.0M Heap: 1078.8M(1538.0M)->223.4M(1538.0M)]
 [Times: user=0.24 sys=0.00, real=0.03 secs] 
151.309: Total time for which application threads were stopped: 0.0308580 seconds, Stopping threads took: 0.0000500 seconds
151.756: Application time: 0.4469730 seconds
151.756: [GC pause (young), 0.0327710 secs]
   [Parallel Time: 31.6 ms, GC Workers: 8]
      [GC Worker Start (ms): Min: 151755.9, Avg: 151755.9, Max: 151755.9, Diff: 0.1]
      [Ext Root Scanning (ms): Min: 0.7, Avg: 0.7, Max: 0.8, Diff: 0.1, Sum: 5.9]
      [Update RS (ms): Min: 0.2, Avg: 0.3, Max: 0.4, Diff: 0.2, Sum: 2.3]
         [Processed Buffers: Min: 1, Avg: 2.1, Max: 3, Diff: 2, Sum: 17]
      [Scan RS (ms): Min: 0.3, Avg: 0.4, Max: 0.4, Diff: 0.1, Sum: 2.9]
      [Code Root Scanning (ms): Min: 0.0, Avg: 0.0, Max: 0.0, Diff: 0.0, Sum: 0.1]
      [Object Copy (ms): Min: 30.0, Avg: 30.0, Max: 30.1, Diff: 0.1, Sum: 240.4]
      [Termination (ms): Min: 0.0, Avg: 0.0, Max: 0.0, Diff: 0.0, Sum: 0.0]
      [GC Worker Other (ms): Min: 0.0, Avg: 0.0, Max: 0.1, Diff: 0.0, Sum: 0.3]
      [GC Worker Total (ms): Min: 31.5, Avg: 31.5, Max: 31.5, Diff: 0.1, Sum: 252.0]
      [GC Worker End (ms): Min: 151787.4, Avg: 151787.4, Max: 151787.4, Diff: 0.0]
   [Code Root Fixup: 0.0 ms]
   [Code Root Migration: 0.1 ms]
   [Clear CT: 0.4 ms]
   [Other: 0.7 ms]
      [Choose CSet: 0.0 ms]
      [Ref Proc: 0.1 ms]
      [Ref Enq: 0.0 ms]
      [Free CSet: 0.6 ms]
   [Eden: 856.0M(856.0M)->0.0B(852.0M) Survivors: 66.0M->70.0M Heap: 1079.4M(1538.0M)->227.4M(1538.0M)]
 [Times: user=0.25 sys=0.00, real=0.03 secs] 
151.789: Total time for which application threads were stopped: 0.0329810 seconds, Stopping threads took: 0.0000690 seconds
152.243: Application time: 0.4546320 seconds
152.243: [GC pause (young), 0.0331790 secs]
   [Parallel Time: 31.9 ms, GC Workers: 8]
      [GC Worker Start (ms): Min: 152243.5, Avg: 152243.5, Max: 152243.6, Diff: 0.1]
      [Ext Root Scanning (ms): Min: 0.7, Avg: 0.7, Max: 0.8, Diff: 0.1, Sum: 5.8]
      [Update RS (ms): Min: 0.2, Avg: 0.3, Max: 0.4, Diff: 0.2, Sum: 2.4]
         [Processed Buffers: Min: 1, Avg: 2.1, Max: 3, Diff: 2, Sum: 17]
      [Scan RS (ms): Min: 0.3, Avg: 0.4, Max: 0.5, Diff: 0.1, Sum: 3.0]
      [Code Root Scanning (ms): Min: 0.0, Avg: 0.0, Max: 0.0, Diff: 0.0, Sum: 0.0]
      [Object Copy (ms): Min: 30.3, Avg: 30.3, Max: 30.4, Diff: 0.1, Sum: 242.7]
      [Termination (ms): Min: 0.0, Avg: 0.0, Max: 0.0, Diff: 0.0, Sum: 0.0]
      [GC Worker Other (ms): Min: 0.0, Avg: 0.1, Max: 0.1, Diff: 0.1, Sum: 0.5]
      [GC Worker Total (ms): Min: 31.7, Avg: 31.8, Max: 31.8, Diff: 0.1, Sum: 254.4]
      [GC Worker End (ms): Min: 152275.3, Avg: 152275.3, Max: 152275.3, Diff: 0.1]
   [Code Root Fixup: 0.0 ms]
   [Code Root Migration: 0.1 ms]
   [Clear CT: 0.4 ms]
   [Other: 0.7 ms]
      [Choose CSet: 0.0 ms]
      [Ref Proc: 0.1 ms]
      [Ref Enq: 0.0 ms]
      [Free CSet: 0.6 ms]
   [Eden: 852.0M(852.0M)->0.0B(852.0M) Survivors: 70.0M->70.0M Heap: 1079.4M(1538.0M)->226.9M(1538.0M)]
 [Times: user=0.25 sys=0.00, real=0.03 secs] 
152.277: Total time for which application threads were stopped: 0.0333690 seconds, Stopping threads took: 0.0000450 seconds
152.734: Application time: 0.4569190 seconds
152.734: [GC pause (young), 0.0336360 secs]
   [Parallel Time: 32.3 ms, GC Workers: 8]
      [GC Worker Start (ms): Min: 152733.8, Avg: 152733.8, Max: 152733.8, Diff: 0.1]
      [Ext Root Scanning (ms): Min: 0.7, Avg: 0.7, Max: 0.8, Diff: 0.1, Sum: 5.9]
      [Update RS (ms): Min: 0.2, Avg: 0.3, Max: 0.4, Diff: 0.2, Sum: 2.4]
         [Processed Buffers: Min: 1, Avg: 2.1, Max: 4, Diff: 3, Sum: 17]
      [Scan RS (ms): Min: 0.3, Avg: 0.4, Max: 0.4, Diff: 0.1, Sum: 3.0]
      [Code Root Scanning (ms): Min: 0.0, Avg: 0.0, Max: 0.0, Diff: 0.0, Sum: 0.0]
      [Object Copy (ms): Min: 30.7, Avg: 30.8, Max: 30.8, Diff: 0.0, Sum: 246.1]
      [Termination (ms): Min: 0.0, Avg: 0.0, Max: 0.0, Diff: 0.0, Sum: 0.0]
      [GC Worker Other (ms): Min: 0.0, Avg: 0.1, Max: 0.1, Diff: 0.0, Sum: 0.4]
      [GC Worker Total (ms): Min: 32.2, Avg: 32.2, Max: 32.3, Diff: 0.1, Sum: 257.9]
      [GC Worker End (ms): Min: 152766.0, Avg: 152766.0, Max: 152766.1, Diff: 0.0]
   [Code Root Fixup: 0.0 ms]
   [Code Root Migration: 0.1 ms]
   [Clear CT: 0.4 ms]
   [Other: 0.8 ms]
      [Choose CSet: 0.0 ms]
      [Ref Proc: 0.1 ms]
      [Ref Enq: 0.0 ms]
      [Free CSet: 0.6 ms]
   [Eden: 852.0M(852.0M)->0.0B(852.0M) Survivors: 70.0M->70.0M Heap: 1078.9M(1538.0M)->227.4M(1538.0M)]
 [Times: user=0.26 sys=0.00, real=0.03 secs] 
152.767: Total time for which application threads were stopped: 0.0338150 seconds, Stopping threads took: 0.0000430 seconds
153.219: Application time: 0.4517980 seconds
153.219: [GC pause (young), 0.0335360 secs]
   [Parallel Time: 32.3 ms, GC Workers: 8]
      [GC Worker Start (ms): Min: 153219.4, Avg: 153219.4, Max: 153219.5, Diff: 0.1]
      [Ext Root Scanning (ms): Min: 0.7, Avg: 0.7, Max: 0.8, Diff: 0.1, Sum: 5.9]
      [Update RS (ms): Min: 0.2, Avg: 0.3, Max: 0.4, Diff: 0.3, Sum: 2.3]
         [Processed Buffers: Min: 1, Avg: 2.1, Max: 3, Diff: 2, Sum: 17]
      [Scan RS (ms): Min: 0.3, Avg: 0.4, Max: 0.4, Diff: 0.2, Sum: 3.0]
      [Code Root Scanning (ms): Min: 0.0, Avg: 0.0, Max: 0.0, Diff: 0.0, Sum: 0.1]
      [Object Copy (ms): Min: 30.7, Avg: 30.7, Max: 30.8, Diff: 0.1, Sum: 245.9]
      [Termination (ms): Min: 0.0, Avg: 0.0, Max: 0.0, Diff: 0.0, Sum: 0.0]
      [GC Worker Other (ms): Min: 0.0, Avg: 0.0, Max: 0.1, Diff: 0.0, Sum: 0.3]
      [GC Worker Total (ms): Min: 32.1, Avg: 32.2, Max: 32.2, Diff: 0.1, Sum: 257.6]
      [GC Worker End (ms): Min: 153251.6, Avg: 153251.6, Max: 153251.7, Diff: 0.0]
   [Code Root Fixup: 0.0 ms]
   [Code Root Migration: 0.1 ms]
   [Clear CT: 0.4 ms]
   [Other: 0.7 ms]
      [Choose CSet: 0.0 ms]
      [Ref Proc: 0.1 ms]
      [Ref Enq: 0.0 ms]
      [Free CSet: 0.6 ms]
   [Eden: 852.0M(852.0M)->0.0B(852.0M) Survivors: 70.0M->70.0M Heap: 1079.4M(1538.0M)->226.9M(1538.0M)]
 [Times: user=0.26 sys=0.00, real=0.04 secs] 
153.253: Total time for which application threads were stopped: 0.0337590 seconds, Stopping threads took: 0.0000560 seconds
153.697: Application time: 0.4439720 seconds
153.697: [GC pause (young), 0.0326030 secs]
   [Parallel Time: 31.4 ms, GC Workers: 8]
      [GC Worker Start (ms): Min: 153697.1, Avg: 153697.1, Max: 153697.2, Diff: 0.1]
      [Ext Root Scanning (ms): Min: 0.8, Avg: 0.8, Max: 0.8, Diff: 0.1, Sum: 6.3]
      [Update RS (ms): Min: 0.2, Avg: 0.3, Max: 0.4, Diff: 0.2, Sum: 2.3]
         [Processed Buffers: Min: 1, Avg: 2.1, Max: 3, Diff: 2, Sum: 17]
      [Scan RS (ms): Min: 0.3, Avg: 0.4, Max: 0.5, Diff: 0.2, Sum: 3.0]
      [Code Root Scanning (ms): Min: 0.0, Avg: 0.0, Max: 0.0, Diff: 0.0, Sum: 0.1]
      [Object Copy (ms): Min: 29.8, Avg: 29.8, Max: 29.8, Diff: 0.1, Sum: 238.4]
      [Termination (ms): Min: 0.0, Avg: 0.0, Max: 0.0, Diff: 0.0, Sum: 0.0]
      [GC Worker Other (ms): Min: 0.0, Avg: 0.0, Max: 0.1, Diff: 0.0, Sum: 0.4]
      [GC Worker Total (ms): Min: 31.3, Avg: 31.3, Max: 31.4, Diff: 0.1, Sum: 250.5]
      [GC Worker End (ms): Min: 153728.4, Avg: 153728.4, Max: 153728.5, Diff: 0.0]
   [Code Root Fixup: 0.0 ms]
   [Code Root Migration: 0.1 ms]
   [Clear CT: 0.4 ms]
   [Other: 0.7 ms]
      [Choose CSet: 0.0 ms]
      [Ref Proc: 0.1 ms]
      [Ref Enq: 0.0 ms]
      [Free CSet: 0.5 ms]
   [Eden: 852.0M(852.0M)->0.0B(852.0M) Survivors: 70.0M->70.0M Heap: 1078.9M(1538.0M)->226.9M(1538.0M)]
 [Times: user=0.25 sys=0.00, real=0.03 secs] 
153.730: Total time for which application threads were stopped: 0.0327720 seconds, Stopping threads took: 0.0000340 seconds
154.169: Application time: 0.4397130 seconds
154.170: [GC pause (young), 0.0325210 secs]
   [Parallel Time: 31.3 ms, GC Workers: 8]
      [GC Worker Start (ms): Min: 154169.6, Avg: 154169.9, Max: 154171.4, Diff: 1.7]
      [Ext Root Scanning (ms): Min: 0.0, Avg: 0.7, Max: 1.0, Diff: 0.9, Sum: 5.7]
      [Update RS (ms): Min: 0.0, Avg: 0.3, Max: 0.4, Diff: 0.4, Sum: 2.2]
         [Processed Buffers: Min: 0, Avg: 2.1, Max: 4, Diff: 4, Sum: 17]
      [Scan RS (ms): Min: 0.0, Avg: 0.3, Max: 0.4, Diff: 0.4, Sum: 2.5]
      [Code Root Scanning (ms): Min: 0.0, Avg: 0.0, Max: 0.0, Diff: 0.0, Sum: 0.0]
      [Object Copy (ms): Min: 29.4, Avg: 29.6, Max: 29.7, Diff: 0.3, Sum: 237.2]
      [Termination (ms): Min: 0.0, Avg: 0.0, Max: 0.0, Diff: 0.0, Sum: 0.0]
      [GC Worker Other (ms): Min: 0.0, Avg: 0.0, Max: 0.1, Diff: 0.0, Sum: 0.4]
      [GC Worker Total (ms): Min: 29.5, Avg: 31.0, Max: 31.3, Diff: 1.8, Sum: 248.1]
      [GC Worker End (ms): Min: 154200.9, Avg: 154200.9, Max: 154200.9, Diff: 0.0]
   [Code Root Fixup: 0.1 ms]
   [Code Root Migration: 0.1 ms]
   [Clear CT: 0.4 ms]
   [Other: 0.7 ms]
      [Choose CSet: 0.0 ms]
      [Ref Proc: 0.1 ms]
      [Ref Enq: 0.0 ms]
      [Free CSet: 0.5 ms]
   [Eden: 852.0M(852.0M)->0.0B(852.0M) Survivors: 70.0M->70.0M Heap: 1078.9M(1538.0M)->227.4M(1538.0M)]
 [Times: user=0.25 sys=0.00, real=0.03 secs] 
154.202: Total time for which application threads were stopped: 0.0327230 seconds, Stopping threads took: 0.0000520 seconds
154.637: Application time: 0.4352350 seconds
154.638: [GC pause (young), 0.0335180 secs]
   [Parallel Time: 32.3 ms, GC Workers: 8]
      [GC Worker Start (ms): Min: 154637.6, Avg: 154637.7, Max: 154638.5, Diff: 0.9]
      [Ext Root Scanning (ms): Min: 0.0, Avg: 0.7, Max: 0.9, Diff: 0.9, Sum: 5.7]
      [Update RS (ms): Min: 0.2, Avg: 0.3, Max: 0.4, Diff: 0.2, Sum: 2.4]
         [Processed Buffers: Min: 1, Avg: 2.1, Max: 4, Diff: 3, Sum: 17]
      [Scan RS (ms): Min: 0.3, Avg: 0.4, Max: 0.4, Diff: 0.1, Sum: 2.9]
      [Code Root Scanning (ms): Min: 0.0, Avg: 0.0, Max: 0.0, Diff: 0.0, Sum: 0.1]
      [Object Copy (ms): Min: 30.7, Avg: 30.7, Max: 30.7, Diff: 0.1, Sum: 245.6]
      [Termination (ms): Min: 0.0, Avg: 0.0, Max: 0.0, Diff: 0.0, Sum: 0.0]
      [GC Worker Other (ms): Min: 0.0, Avg: 0.1, Max: 0.1, Diff: 0.1, Sum: 0.5]
      [GC Worker Total (ms): Min: 31.3, Avg: 32.1, Max: 32.3, Diff: 1.0, Sum: 257.2]
      [GC Worker End (ms): Min: 154669.8, Avg: 154669.8, Max: 154669.9, Diff: 0.1]
   [Code Root Fixup: 0.0 ms]
   [Code Root Migration: 0.1 ms]
   [Clear CT: 0.4 ms]
   [Other: 0.7 ms]
      [Choose CSet: 0.0 ms]
      [Ref Proc: 0.1 ms]
      [Ref Enq: 0.0 ms]
      [Free CSet: 0.5 ms]
   [Eden: 852.0M(852.0M)->0.0B(849.0M) Survivors: 70.0M->73.0M Heap: 1079.4M(1538.0M)->229.9M(1538.0M)]
 [Times: user=0.26 sys=0.00, real=0.03 secs] 
154.671: Total time for which application threads were stopped: 0.0337000 seconds, Stopping threads took: 0.0000380 seconds
155.104: Application time: 0.4326820 seconds
155.104: [GC pause (young), 0.0331890 secs]
   [Parallel Time: 32.0 ms, GC Workers: 8]
      [GC Worker Start (ms): Min: 155103.9, Avg: 155104.0, Max: 155104.0, Diff: 0.1]
      [Ext Root Scanning (ms): Min: 0.7, Avg: 0.8, Max: 0.8, Diff: 0.1, Sum: 6.0]
      [Update RS (ms): Min: 0.2, Avg: 0.3, Max: 0.5, Diff: 0.3, Sum: 2.3]
         [Processed Buffers: Min: 1, Avg: 2.1, Max: 3, Diff: 2, Sum: 17]
      [Scan RS (ms): Min: 0.2, Avg: 0.4, Max: 0.4, Diff: 0.2, Sum: 2.9]
      [Code Root Scanning (ms): Min: 0.0, Avg: 0.0, Max: 0.0, Diff: 0.0, Sum: 0.0]
      [Object Copy (ms): Min: 30.4, Avg: 30.4, Max: 30.5, Diff: 0.1, Sum: 243.4]
      [Termination (ms): Min: 0.0, Avg: 0.0, Max: 0.0, Diff: 0.0, Sum: 0.0]
      [GC Worker Other (ms): Min: 0.0, Avg: 0.0, Max: 0.1, Diff: 0.0, Sum: 0.4]
      [GC Worker Total (ms): Min: 31.9, Avg: 31.9, Max: 31.9, Diff: 0.1, Sum: 255.1]
      [GC Worker End (ms): Min: 155135.8, Avg: 155135.9, Max: 155135.9, Diff: 0.0]
   [Code Root Fixup: 0.0 ms]
   [Code Root Migration: 0.1 ms]
   [Clear CT: 0.4 ms]
   [Other: 0.7 ms]
      [Choose CSet: 0.0 ms]
      [Ref Proc: 0.1 ms]
      [Ref Enq: 0.0 ms]
      [Free CSet: 0.5 ms]
   [Eden: 849.0M(849.0M)->0.0B(852.0M) Survivors: 73.0M->70.0M Heap: 1078.9M(1538.0M)->226.9M(1538.0M)]
 [Times: user=0.25 sys=0.00, real=0.03 secs] 
155.140: Total time for which application threads were stopped: 0.0360770 seconds, Stopping threads took: 0.0000150 seconds
155.574: Application time: 0.4340510 seconds
155.574: [GC pause (young), 0.0325380 secs]
   [Parallel Time: 31.3 ms, GC Workers: 8]
      [GC Worker Start (ms): Min: 155574.1, Avg: 155574.1, Max: 155574.1, Diff: 0.1]
      [Ext Root Scanning (ms): Min: 0.7, Avg: 0.8, Max: 0.9, Diff: 0.1, Sum: 6.5]
      [Update RS (ms): Min: 0.2, Avg: 0.3, Max: 0.4, Diff: 0.2, Sum: 2.3]
         [Processed Buffers: Min: 1, Avg: 2.1, Max: 3, Diff: 2, Sum: 17]
      [Scan RS (ms): Min: 0.3, Avg: 0.4, Max: 0.4, Diff: 0.1, Sum: 2.9]
      [Code Root Scanning (ms): Min: 0.0, Avg: 0.0, Max: 0.0, Diff: 0.0, Sum: 0.0]
      [Object Copy (ms): Min: 29.7, Avg: 29.7, Max: 29.7, Diff: 0.0, Sum: 237.6]
      [Termination (ms): Min: 0.0, Avg: 0.0, Max: 0.0, Diff: 0.0, Sum: 0.0]
      [GC Worker Other (ms): Min: 0.0, Avg: 0.1, Max: 0.1, Diff: 0.0, Sum: 0.4]
      [GC Worker Total (ms): Min: 31.2, Avg: 31.2, Max: 31.2, Diff: 0.1, Sum: 249.8]
      [GC Worker End (ms): Min: 155605.3, Avg: 155605.3, Max: 155605.3, Diff: 0.0]
   [Code Root Fixup: 0.0 ms]
   [Code Root Migration: 0.1 ms]
   [Clear CT: 0.4 ms]
   [Other: 0.7 ms]
      [Choose CSet: 0.0 ms]
      [Ref Proc: 0.1 ms]
      [Ref Enq: 0.0 ms]
      [Free CSet: 0.6 ms]
   [Eden: 852.0M(852.0M)->0.0B(852.0M) Survivors: 70.0M->70.0M Heap: 1078.9M(1538.0M)->227.4M(1538.0M)]
 [Times: user=0.26 sys=0.00, real=0.03 secs] 
155.607: Total time for which application threads were stopped: 0.0327010 seconds, Stopping threads took: 0.0000270 seconds
156.040: Application time: 0.4330940 seconds
156.040: [GC pause (young), 0.0319990 secs]
   [Parallel Time: 30.8 ms, GC Workers: 8]
      [GC Worker Start (ms): Min: 156039.9, Avg: 156039.9, Max: 156039.9, Diff: 0.1]
      [Ext Root Scanning (ms): Min: 0.7, Avg: 0.7, Max: 0.8, Diff: 0.1, Sum: 6.0]
      [Update RS (ms): Min: 0.2, Avg: 0.3, Max: 0.4, Diff: 0.2, Sum: 2.4]
         [Processed Buffers: Min: 1, Avg: 2.1, Max: 4, Diff: 3, Sum: 17]
      [Scan RS (ms): Min: 0.3, Avg: 0.4, Max: 0.5, Diff: 0.2, Sum: 3.0]
      [Code Root Scanning (ms): Min: 0.0, Avg: 0.0, Max: 0.0, Diff: 0.0, Sum: 0.0]
      [Object Copy (ms): Min: 29.2, Avg: 29.2, Max: 29.2, Diff: 0.1, Sum: 233.7]
      [Termination (ms): Min: 0.0, Avg: 0.0, Max: 0.0, Diff: 0.0, Sum: 0.0]
      [GC Worker Other (ms): Min: 0.0, Avg: 0.1, Max: 0.1, Diff: 0.0, Sum: 0.4]
      [GC Worker Total (ms): Min: 30.7, Avg: 30.7, Max: 30.7, Diff: 0.1, Sum: 245.6]
      [GC Worker End (ms): Min: 156070.6, Avg: 156070.6, Max: 156070.6, Diff: 0.0]
   [Code Root Fixup: 0.0 ms]
   [Code Root Migration: 0.1 ms]
   [Clear CT: 0.4 ms]
   [Other: 0.7 ms]
      [Choose CSet: 0.0 ms]
      [Ref Proc: 0.1 ms]
      [Ref Enq: 0.0 ms]
      [Free CSet: 0.6 ms]
   [Eden: 852.0M(852.0M)->0.0B(854.0M) Survivors: 70.0M->68.0M Heap: 1079.4M(1538.0M)->225.5M(1538.0M)]
 [Times: user=0.25 sys=0.00, real=0.04 secs] 
156.072: Total time for which application threads were stopped: 0.0321720 seconds, Stopping threads took: 0.0000160 seconds
156.512: Application time: 0.4402220 seconds
156.512: [GC pause (young), 0.0312010 secs]
   [Parallel Time: 30.0 ms, GC Workers: 8]
      [GC Worker Start (ms): Min: 156512.3, Avg: 156512.7, Max: 156515.4, Diff: 3.1]
      [Ext Root Scanning (ms): Min: 0.0, Avg: 0.6, Max: 0.9, Diff: 0.8, Sum: 5.2]
      [Update RS (ms): Min: 0.0, Avg: 0.3, Max: 0.4, Diff: 0.4, Sum: 2.3]
         [Processed Buffers: Min: 0, Avg: 2.1, Max: 5, Diff: 5, Sum: 17]
      [Scan RS (ms): Min: 0.1, Avg: 0.3, Max: 0.4, Diff: 0.4, Sum: 2.7]
      [Code Root Scanning (ms): Min: 0.0, Avg: 0.0, Max: 0.0, Diff: 0.0, Sum: 0.0]
      [Object Copy (ms): Min: 26.6, Avg: 28.2, Max: 28.4, Diff: 1.8, Sum: 225.4]
      [Termination (ms): Min: 0.0, Avg: 0.0, Max: 0.0, Diff: 0.0, Sum: 0.0]
      [GC Worker Other (ms): Min: 0.0, Avg: 0.1, Max: 0.1, Diff: 0.0, Sum: 0.4]
      [GC Worker Total (ms): Min: 26.8, Avg: 29.5, Max: 29.9, Diff: 3.2, Sum: 236.0]
      [GC Worker End (ms): Min: 156542.2, Avg: 156542.2, Max: 156542.2, Diff: 0.0]
   [Code Root Fixup: 0.0 ms]
   [Code Root Migration: 0.1 ms]
   [Clear CT: 0.4 ms]
   [Other: 0.7 ms]
      [Choose CSet: 0.0 ms]
      [Ref Proc: 0.1 ms]
      [Ref Enq: 0.0 ms]
      [Free CSet: 0.6 ms]
   [Eden: 854.0M(854.0M)->0.0B(855.0M) Survivors: 68.0M->67.0M Heap: 1079.5M(1538.0M)->224.5M(1538.0M)]
 [Times: user=0.24 sys=0.00, real=0.03 secs] 
156.544: Total time for which application threads were stopped: 0.0313770 seconds, Stopping threads took: 0.0000400 seconds
156.995: Application time: 0.4514440 seconds
156.995: [GC pause (young), 0.0322010 secs]
   [Parallel Time: 30.9 ms, GC Workers: 8]
      [GC Worker Start (ms): Min: 156995.1, Avg: 156995.2, Max: 156995.2, Diff: 0.1]
      [Ext Root Scanning (ms): Min: 0.7, Avg: 0.7, Max: 0.8, Diff: 0.1, Sum: 6.0]
      [Update RS (ms): Min: 0.2, Avg: 0.3, Max: 0.4, Diff: 0.2, Sum: 2.4]
         [Processed Buffers: Min: 1, Avg: 2.1, Max: 4, Diff: 3, Sum: 17]
      [Scan RS (ms): Min: 0.2, Avg: 0.4, Max: 0.4, Diff: 0.2, Sum: 2.8]
      [Code Root Scanning (ms): Min: 0.0, Avg: 0.0, Max: 0.0, Diff: 0.0, Sum: 0.0]
      [Object Copy (ms): Min: 29.3, Avg: 29.3, Max: 29.4, Diff: 0.1, Sum: 234.7]
      [Termination (ms): Min: 0.0, Avg: 0.0, Max: 0.0, Diff: 0.0, Sum: 0.0]
      [GC Worker Other (ms): Min: 0.0, Avg: 0.0, Max: 0.1, Diff: 0.0, Sum: 0.4]
      [GC Worker Total (ms): Min: 30.7, Avg: 30.8, Max: 30.8, Diff: 0.1, Sum: 246.4]
      [GC Worker End (ms): Min: 157025.9, Avg: 157026.0, Max: 157026.0, Diff: 0.0]
   [Code Root Fixup: 0.0 ms]
   [Code Root Migration: 0.1 ms]
   [Clear CT: 0.4 ms]
   [Other: 0.8 ms]
      [Choose CSet: 0.0 ms]
      [Ref Proc: 0.1 ms]
      [Ref Enq: 0.0 ms]
      [Free CSet: 0.6 ms]
   [Eden: 855.0M(855.0M)->0.0B(854.0M) Survivors: 67.0M->68.0M Heap: 1079.5M(1538.0M)->225.0M(1538.0M)]
 [Times: user=0.25 sys=0.00, real=0.03 secs] 
157.027: Total time for which application threads were stopped: 0.0324340 seconds, Stopping threads took: 0.0000630 seconds
157.481: Application time: 0.4534610 seconds
157.481: [GC pause (young), 0.0328900 secs]
   [Parallel Time: 31.6 ms, GC Workers: 8]
      [GC Worker Start (ms): Min: 157481.4, Avg: 157481.4, Max: 157481.5, Diff: 0.1]
      [Ext Root Scanning (ms): Min: 0.6, Avg: 0.7, Max: 0.7, Diff: 0.1, Sum: 5.6]
      [Update RS (ms): Min: 0.2, Avg: 0.3, Max: 0.4, Diff: 0.2, Sum: 2.4]
         [Processed Buffers: Min: 1, Avg: 2.1, Max: 3, Diff: 2, Sum: 17]
      [Scan RS (ms): Min: 0.2, Avg: 0.3, Max: 0.4, Diff: 0.2, Sum: 2.6]
      [Code Root Scanning (ms): Min: 0.0, Avg: 0.0, Max: 0.0, Diff: 0.0, Sum: 0.0]
      [Object Copy (ms): Min: 30.1, Avg: 30.1, Max: 30.2, Diff: 0.1, Sum: 241.1]
      [Termination (ms): Min: 0.0, Avg: 0.0, Max: 0.0, Diff: 0.0, Sum: 0.0]
      [GC Worker Other (ms): Min: 0.0, Avg: 0.1, Max: 0.1, Diff: 0.1, Sum: 0.5]
      [GC Worker Total (ms): Min: 31.5, Avg: 31.5, Max: 31.6, Diff: 0.1, Sum: 252.2]
      [GC Worker End (ms): Min: 157512.9, Avg: 157512.9, Max: 157513.0, Diff: 0.1]
   [Code Root Fixup: 0.0 ms]
   [Code Root Migration: 0.1 ms]
   [Clear CT: 0.4 ms]
   [Other: 0.8 ms]
      [Choose CSet: 0.0 ms]
      [Ref Proc: 0.1 ms]
      [Ref Enq: 0.0 ms]
      [Free CSet: 0.6 ms]
   [Eden: 854.0M(854.0M)->0.0B(852.0M) Survivors: 68.0M->70.0M Heap: 1079.0M(1538.0M)->227.5M(1538.0M)]
 [Times: user=0.25 sys=0.00, real=0.04 secs] 
157.514: Total time for which application threads were stopped: 0.0334560 seconds, Stopping threads took: 0.0004350 seconds
157.967: Application time: 0.4524320 seconds
157.967: [GC pause (young), 0.0348330 secs]
   [Parallel Time: 33.5 ms, GC Workers: 8]
      [GC Worker Start (ms): Min: 157966.9, Avg: 157967.0, Max: 157967.0, Diff: 0.1]
      [Ext Root Scanning (ms): Min: 0.7, Avg: 0.7, Max: 0.8, Diff: 0.1, Sum: 5.9]
      [Update RS (ms): Min: 0.2, Avg: 0.3, Max: 0.4, Diff: 0.2, Sum: 2.4]
         [Processed Buffers: Min: 1, Avg: 2.1, Max: 3, Diff: 2, Sum: 17]
      [Scan RS (ms): Min: 0.3, Avg: 0.4, Max: 0.4, Diff: 0.1, Sum: 2.9]
      [Code Root Scanning (ms): Min: 0.0, Avg: 0.0, Max: 0.0, Diff: 0.0, Sum: 0.0]
      [Object Copy (ms): Min: 32.0, Avg: 32.0, Max: 32.0, Diff: 0.1, Sum: 256.0]
      [Termination (ms): Min: 0.0, Avg: 0.0, Max: 0.0, Diff: 0.0, Sum: 0.0]
      [GC Worker Other (ms): Min: 0.0, Avg: 0.1, Max: 0.1, Diff: 0.0, Sum: 0.4]
      [GC Worker Total (ms): Min: 33.4, Avg: 33.5, Max: 33.5, Diff: 0.1, Sum: 267.6]
      [GC Worker End (ms): Min: 158000.4, Avg: 158000.4, Max: 158000.4, Diff: 0.0]
   [Code Root Fixup: 0.0 ms]
   [Code Root Migration: 0.1 ms]
   [Clear CT: 0.4 ms]
   [Other: 0.8 ms]
      [Choose CSet: 0.0 ms]
      [Ref Proc: 0.1 ms]
      [Ref Enq: 0.0 ms]
      [Free CSet: 0.6 ms]
   [Eden: 852.0M(852.0M)->0.0B(851.0M) Survivors: 70.0M->71.0M Heap: 1079.5M(1538.0M)->228.5M(1538.0M)]
 [Times: user=0.26 sys=0.00, real=0.03 secs] 
158.002: Total time for which application threads were stopped: 0.0350460 seconds, Stopping threads took: 0.0000580 seconds
158.446: Application time: 0.4442230 seconds
158.446: [GC pause (young), 0.0335000 secs]
   [Parallel Time: 32.1 ms, GC Workers: 8]
      [GC Worker Start (ms): Min: 158446.2, Avg: 158446.2, Max: 158446.2, Diff: 0.1]
      [Ext Root Scanning (ms): Min: 0.7, Avg: 0.7, Max: 0.8, Diff: 0.1, Sum: 5.9]
      [Update RS (ms): Min: 0.2, Avg: 0.3, Max: 0.5, Diff: 0.3, Sum: 2.4]
         [Processed Buffers: Min: 1, Avg: 2.1, Max: 3, Diff: 2, Sum: 17]
      [Scan RS (ms): Min: 0.3, Avg: 0.4, Max: 0.5, Diff: 0.2, Sum: 3.0]
      [Code Root Scanning (ms): Min: 0.0, Avg: 0.0, Max: 0.0, Diff: 0.0, Sum: 0.0]
      [Object Copy (ms): Min: 30.6, Avg: 30.6, Max: 30.6, Diff: 0.1, Sum: 244.7]
      [Termination (ms): Min: 0.0, Avg: 0.0, Max: 0.0, Diff: 0.0, Sum: 0.0]
      [GC Worker Other (ms): Min: 0.0, Avg: 0.1, Max: 0.1, Diff: 0.0, Sum: 0.5]
      [GC Worker Total (ms): Min: 32.0, Avg: 32.1, Max: 32.1, Diff: 0.1, Sum: 256.5]
      [GC Worker End (ms): Min: 158478.2, Avg: 158478.3, Max: 158478.3, Diff: 0.0]
   [Code Root Fixup: 0.1 ms]
   [Code Root Migration: 0.1 ms]
   [Clear CT: 0.4 ms]
   [Other: 0.8 ms]
      [Choose CSet: 0.0 ms]
      [Ref Proc: 0.1 ms]
      [Ref Enq: 0.0 ms]
      [Free CSet: 0.6 ms]
   [Eden: 851.0M(851.0M)->0.0B(852.0M) Survivors: 71.0M->70.0M Heap: 1079.5M(1538.0M)->227.5M(1538.0M)]
 [Times: user=0.26 sys=0.00, real=0.03 secs] 
158.480: Total time for which application threads were stopped: 0.0336840 seconds, Stopping threads took: 0.0000370 seconds
158.918: Application time: 0.4383970 seconds
158.918: [GC pause (young), 0.0327430 secs]
   [Parallel Time: 31.5 ms, GC Workers: 8]
      [GC Worker Start (ms): Min: 158918.3, Avg: 158918.3, Max: 158918.3, Diff: 0.1]
      [Ext Root Scanning (ms): Min: 0.7, Avg: 0.8, Max: 0.8, Diff: 0.1, Sum: 6.2]
      [Update RS (ms): Min: 0.2, Avg: 0.3, Max: 0.4, Diff: 0.2, Sum: 2.5]
         [Processed Buffers: Min: 1, Avg: 2.1, Max: 4, Diff: 3, Sum: 17]
      [Scan RS (ms): Min: 0.3, Avg: 0.4, Max: 0.4, Diff: 0.2, Sum: 2.9]
      [Code Root Scanning (ms): Min: 0.0, Avg: 0.0, Max: 0.0, Diff: 0.0, Sum: 0.0]
      [Object Copy (ms): Min: 29.9, Avg: 29.9, Max: 29.9, Diff: 0.1, Sum: 239.3]
      [Termination (ms): Min: 0.0, Avg: 0.0, Max: 0.0, Diff: 0.0, Sum: 0.0]
      [GC Worker Other (ms): Min: 0.0, Avg: 0.1, Max: 0.1, Diff: 0.0, Sum: 0.4]
      [GC Worker Total (ms): Min: 31.4, Avg: 31.4, Max: 31.5, Diff: 0.1, Sum: 251.4]
      [GC Worker End (ms): Min: 158949.7, Avg: 158949.7, Max: 158949.7, Diff: 0.0]
   [Code Root Fixup: 0.0 ms]
   [Code Root Migration: 0.1 ms]
   [Clear CT: 0.4 ms]
   [Other: 0.7 ms]
      [Choose CSet: 0.0 ms]
      [Ref Proc: 0.1 ms]
      [Ref Enq: 0.0 ms]
      [Free CSet: 0.5 ms]
   [Eden: 852.0M(852.0M)->0.0B(853.0M) Survivors: 70.0M->69.0M Heap: 1079.5M(1538.0M)->226.5M(1538.0M)]
 [Times: user=0.25 sys=0.00, real=0.03 secs] 
158.951: Total time for which application threads were stopped: 0.0329440 seconds, Stopping threads took: 0.0000460 seconds
159.390: Application time: 0.4393870 seconds
159.391: [GC pause (young), 0.0321470 secs]
   [Parallel Time: 30.9 ms, GC Workers: 8]
      [GC Worker Start (ms): Min: 159390.6, Avg: 159390.7, Max: 159391.4, Diff: 0.8]
      [Ext Root Scanning (ms): Min: 0.0, Avg: 0.7, Max: 0.9, Diff: 0.9, Sum: 5.4]
      [Update RS (ms): Min: 0.1, Avg: 0.3, Max: 0.5, Diff: 0.4, Sum: 2.4]
         [Processed Buffers: Min: 1, Avg: 2.1, Max: 4, Diff: 3, Sum: 17]
      [Scan RS (ms): Min: 0.3, Avg: 0.4, Max: 0.4, Diff: 0.2, Sum: 3.0]
      [Code Root Scanning (ms): Min: 0.0, Avg: 0.0, Max: 0.0, Diff: 0.0, Sum: 0.0]
      [Object Copy (ms): Min: 29.3, Avg: 29.3, Max: 29.4, Diff: 0.1, Sum: 234.7]
      [Termination (ms): Min: 0.0, Avg: 0.0, Max: 0.0, Diff: 0.0, Sum: 0.0]
      [GC Worker Other (ms): Min: 0.0, Avg: 0.1, Max: 0.1, Diff: 0.0, Sum: 0.4]
      [GC Worker Total (ms): Min: 30.1, Avg: 30.8, Max: 30.9, Diff: 0.8, Sum: 246.1]
      [GC Worker End (ms): Min: 159421.4, Avg: 159421.5, Max: 159421.5, Diff: 0.0]
   [Code Root Fixup: 0.1 ms]
   [Code Root Migration: 0.1 ms]
   [Clear CT: 0.4 ms]
   [Other: 0.7 ms]
      [Choose CSet: 0.0 ms]
      [Ref Proc: 0.1 ms]
      [Ref Enq: 0.0 ms]
      [Free CSet: 0.5 ms]
   [Eden: 853.0M(853.0M)->0.0B(852.0M) Survivors: 69.0M->70.0M Heap: 1079.5M(1538.0M)->227.0M(1538.0M)]
 [Times: user=0.25 sys=0.00, real=0.03 secs] 
159.423: Total time for which application threads were stopped: 0.0323130 seconds, Stopping threads took: 0.0000300 seconds
159.860: Application time: 0.4367660 seconds
159.860: [GC pause (young), 0.0329760 secs]
   [Parallel Time: 31.7 ms, GC Workers: 8]
      [GC Worker Start (ms): Min: 159859.7, Avg: 159859.7, Max: 159859.7, Diff: 0.1]
      [Ext Root Scanning (ms): Min: 0.7, Avg: 0.8, Max: 0.8, Diff: 0.1, Sum: 6.0]
      [Update RS (ms): Min: 0.2, Avg: 0.3, Max: 0.5, Diff: 0.3, Sum: 2.4]
         [Processed Buffers: Min: 1, Avg: 2.1, Max: 3, Diff: 2, Sum: 17]
      [Scan RS (ms): Min: 0.2, Avg: 0.4, Max: 0.4, Diff: 0.2, Sum: 2.9]
      [Code Root Scanning (ms): Min: 0.0, Avg: 0.0, Max: 0.0, Diff: 0.0, Sum: 0.0]
      [Object Copy (ms): Min: 30.1, Avg: 30.1, Max: 30.2, Diff: 0.1, Sum: 241.0]
      [Termination (ms): Min: 0.0, Avg: 0.0, Max: 0.0, Diff: 0.0, Sum: 0.0]
      [GC Worker Other (ms): Min: 0.0, Avg: 0.1, Max: 0.1, Diff: 0.1, Sum: 0.4]
      [GC Worker Total (ms): Min: 31.5, Avg: 31.6, Max: 31.6, Diff: 0.1, Sum: 252.7]
      [GC Worker End (ms): Min: 159891.3, Avg: 159891.3, Max: 159891.3, Diff: 0.0]
   [Code Root Fixup: 0.1 ms]
   [Code Root Migration: 0.1 ms]
   [Clear CT: 0.4 ms]
   [Other: 0.8 ms]
      [Choose CSet: 0.0 ms]
      [Ref Proc: 0.1 ms]
      [Ref Enq: 0.0 ms]
      [Free CSet: 0.6 ms]
   [Eden: 852.0M(852.0M)->0.0B(852.0M) Survivors: 70.0M->70.0M Heap: 1079.0M(1538.0M)->227.0M(1538.0M)]
 [Times: user=0.25 sys=0.00, real=0.04 secs] 
159.893: Total time for which application threads were stopped: 0.0331670 seconds, Stopping threads took: 0.0000330 seconds
160.329: Application time: 0.4358460 seconds
160.329: [GC pause (young), 0.0328280 secs]
   [Parallel Time: 31.6 ms, GC Workers: 8]
      [GC Worker Start (ms): Min: 160328.7, Avg: 160328.7, Max: 160328.7, Diff: 0.1]
      [Ext Root Scanning (ms): Min: 0.7, Avg: 2.3, Max: 10.8, Diff: 10.0, Sum: 18.4]
      [Update RS (ms): Min: 0.0, Avg: 0.3, Max: 0.4, Diff: 0.4, Sum: 2.0]
         [Processed Buffers: Min: 0, Avg: 2.1, Max: 4, Diff: 4, Sum: 17]
      [Scan RS (ms): Min: 0.1, Avg: 0.3, Max: 0.4, Diff: 0.4, Sum: 2.6]
      [Code Root Scanning (ms): Min: 0.0, Avg: 0.0, Max: 0.0, Diff: 0.0, Sum: 0.0]
      [Object Copy (ms): Min: 20.5, Avg: 28.6, Max: 30.0, Diff: 9.5, Sum: 229.0]
      [Termination (ms): Min: 0.0, Avg: 0.0, Max: 0.0, Diff: 0.0, Sum: 0.0]
      [GC Worker Other (ms): Min: 0.0, Avg: 0.1, Max: 0.1, Diff: 0.0, Sum: 0.4]
      [GC Worker Total (ms): Min: 31.5, Avg: 31.6, Max: 31.6, Diff: 0.1, Sum: 252.5]
      [GC Worker End (ms): Min: 160360.2, Avg: 160360.3, Max: 160360.3, Diff: 0.0]
   [Code Root Fixup: 0.0 ms]
   [Code Root Migration: 0.1 ms]
   [Clear CT: 0.4 ms]
   [Other: 0.7 ms]
      [Choose CSet: 0.0 ms]
      [Ref Proc: 0.1 ms]
      [Ref Enq: 0.0 ms]
      [Free CSet: 0.5 ms]
   [Eden: 852.0M(852.0M)->0.0B(852.0M) Survivors: 70.0M->70.0M Heap: 1079.0M(1538.0M)->227.0M(1538.0M)]
 [Times: user=0.24 sys=0.00, real=0.03 secs] 
160.362: Total time for which application threads were stopped: 0.0330000 seconds, Stopping threads took: 0.0000310 seconds
160.796: Application time: 0.4343080 seconds
160.796: [GC pause (young), 0.0323800 secs]
   [Parallel Time: 31.2 ms, GC Workers: 8]
      [GC Worker Start (ms): Min: 160796.0, Avg: 160796.1, Max: 160796.1, Diff: 0.1]
      [Ext Root Scanning (ms): Min: 0.7, Avg: 0.7, Max: 0.8, Diff: 0.1, Sum: 5.9]
      [Update RS (ms): Min: 0.2, Avg: 0.3, Max: 0.4, Diff: 0.2, Sum: 2.4]
         [Processed Buffers: Min: 1, Avg: 2.1, Max: 4, Diff: 3, Sum: 17]
      [Scan RS (ms): Min: 0.2, Avg: 0.4, Max: 0.5, Diff: 0.2, Sum: 2.9]
      [Code Root Scanning (ms): Min: 0.0, Avg: 0.0, Max: 0.0, Diff: 0.0, Sum: 0.1]
      [Object Copy (ms): Min: 29.6, Avg: 29.6, Max: 29.7, Diff: 0.1, Sum: 237.1]
      [Termination (ms): Min: 0.0, Avg: 0.0, Max: 0.0, Diff: 0.0, Sum: 0.0]
      [GC Worker Other (ms): Min: 0.0, Avg: 0.1, Max: 0.1, Diff: 0.0, Sum: 0.4]
      [GC Worker Total (ms): Min: 31.0, Avg: 31.1, Max: 31.1, Diff: 0.1, Sum: 248.8]
      [GC Worker End (ms): Min: 160827.1, Avg: 160827.2, Max: 160827.2, Diff: 0.0]
   [Code Root Fixup: 0.0 ms]
   [Code Root Migration: 0.1 ms]
   [Clear CT: 0.4 ms]
   [Other: 0.7 ms]
      [Choose CSet: 0.0 ms]
      [Ref Proc: 0.1 ms]
      [Ref Enq: 0.0 ms]
      [Free CSet: 0.5 ms]
   [Eden: 852.0M(852.0M)->0.0B(852.0M) Survivors: 70.0M->70.0M Heap: 1079.0M(1538.0M)->227.6M(1538.0M)]
 [Times: user=0.26 sys=0.00, real=0.03 secs] 
160.828: Total time for which application threads were stopped: 0.0325940 seconds, Stopping threads took: 0.0000720 seconds
161.267: Application time: 0.4388560 seconds
161.267: [GC pause (young), 0.0323320 secs]
   [Parallel Time: 31.0 ms, GC Workers: 8]
      [GC Worker Start (ms): Min: 161267.4, Avg: 161267.5, Max: 161267.5, Diff: 0.1]
      [Ext Root Scanning (ms): Min: 0.7, Avg: 0.8, Max: 0.9, Diff: 0.1, Sum: 6.3]
      [Update RS (ms): Min: 0.2, Avg: 0.3, Max: 0.4, Diff: 0.2, Sum: 2.4]
         [Processed Buffers: Min: 1, Avg: 2.1, Max: 4, Diff: 3, Sum: 17]
      [Scan RS (ms): Min: 0.2, Avg: 0.4, Max: 0.4, Diff: 0.2, Sum: 2.8]
      [Code Root Scanning (ms): Min: 0.0, Avg: 0.0, Max: 0.0, Diff: 0.0, Sum: 0.0]
      [Object Copy (ms): Min: 29.5, Avg: 29.5, Max: 29.5, Diff: 0.0, Sum: 235.8]
      [Termination (ms): Min: 0.0, Avg: 0.0, Max: 0.0, Diff: 0.0, Sum: 0.0]
      [GC Worker Other (ms): Min: 0.0, Avg: 0.1, Max: 0.1, Diff: 0.0, Sum: 0.5]
      [GC Worker Total (ms): Min: 30.9, Avg: 31.0, Max: 31.0, Diff: 0.1, Sum: 247.8]
      [GC Worker End (ms): Min: 161298.4, Avg: 161298.4, Max: 161298.4, Diff: 0.0]
   [Code Root Fixup: 0.1 ms]
   [Code Root Migration: 0.1 ms]
   [Clear CT: 0.4 ms]
   [Other: 0.8 ms]
      [Choose CSet: 0.0 ms]
      [Ref Proc: 0.1 ms]
      [Ref Enq: 0.0 ms]
      [Free CSet: 0.5 ms]
   [Eden: 852.0M(852.0M)->0.0B(853.0M) Survivors: 70.0M->69.0M Heap: 1079.6M(1538.0M)->226.6M(1538.0M)]
 [Times: user=0.25 sys=0.01, real=0.03 secs] 
161.300: Total time for which application threads were stopped: 0.0325010 seconds, Stopping threads took: 0.0000260 seconds
161.745: Application time: 0.4455100 seconds
161.745: [GC pause (young), 0.0313520 secs]
   [Parallel Time: 30.1 ms, GC Workers: 8]
      [GC Worker Start (ms): Min: 161745.5, Avg: 161745.5, Max: 161745.5, Diff: 0.1]
      [Ext Root Scanning (ms): Min: 0.7, Avg: 0.8, Max: 0.8, Diff: 0.1, Sum: 6.2]
      [Update RS (ms): Min: 0.2, Avg: 0.3, Max: 0.4, Diff: 0.2, Sum: 2.4]
         [Processed Buffers: Min: 1, Avg: 2.1, Max: 3, Diff: 2, Sum: 17]
      [Scan RS (ms): Min: 0.2, Avg: 0.4, Max: 0.4, Diff: 0.2, Sum: 2.8]
      [Code Root Scanning (ms): Min: 0.0, Avg: 0.0, Max: 0.0, Diff: 0.0, Sum: 0.0]
      [Object Copy (ms): Min: 28.6, Avg: 28.6, Max: 28.6, Diff: 0.0, Sum: 228.8]
      [Termination (ms): Min: 0.0, Avg: 0.0, Max: 0.0, Diff: 0.0, Sum: 0.0]
      [GC Worker Other (ms): Min: 0.0, Avg: 0.0, Max: 0.1, Diff: 0.0, Sum: 0.3]
      [GC Worker Total (ms): Min: 30.0, Avg: 30.1, Max: 30.1, Diff: 0.1, Sum: 240.5]
      [GC Worker End (ms): Min: 161775.5, Avg: 161775.5, Max: 161775.6, Diff: 0.0]
   [Code Root Fixup: 0.1 ms]
   [Code Root Migration: 0.1 ms]
   [Clear CT: 0.4 ms]
   [Other: 0.7 ms]
      [Choose CSet: 0.0 ms]
      [Ref Proc: 0.1 ms]
      [Ref Enq: 0.0 ms]
      [Free CSet: 0.5 ms]
   [Eden: 853.0M(853.0M)->0.0B(854.0M) Survivors: 69.0M->68.0M Heap: 1079.6M(1538.0M)->225.6M(1538.0M)]
 [Times: user=0.24 sys=0.00, real=0.03 secs] 
161.777: Total time for which application threads were stopped: 0.0315330 seconds, Stopping threads took: 0.0000320 seconds
162.228: Application time: 0.4508960 seconds
162.228: [GC pause (young), 0.0338790 secs]
   [Parallel Time: 32.6 ms, GC Workers: 8]
      [GC Worker Start (ms): Min: 162227.9, Avg: 162228.3, Max: 162231.4, Diff: 3.5]
      [Ext Root Scanning (ms): Min: 0.0, Avg: 0.7, Max: 0.9, Diff: 0.9, Sum: 5.3]
      [Update RS (ms): Min: 0.0, Avg: 0.3, Max: 0.5, Diff: 0.5, Sum: 2.3]
         [Processed Buffers: Min: 0, Avg: 2.1, Max: 4, Diff: 4, Sum: 17]
      [Scan RS (ms): Min: 0.1, Avg: 0.3, Max: 0.4, Diff: 0.3, Sum: 2.7]
      [Code Root Scanning (ms): Min: 0.0, Avg: 0.0, Max: 0.0, Diff: 0.0, Sum: 0.0]
      [Object Copy (ms): Min: 28.9, Avg: 30.7, Max: 31.0, Diff: 2.2, Sum: 245.7]
      [Termination (ms): Min: 0.0, Avg: 0.0, Max: 0.0, Diff: 0.0, Sum: 0.0]
      [GC Worker Other (ms): Min: 0.0, Avg: 0.1, Max: 0.1, Diff: 0.1, Sum: 0.4]
      [GC Worker Total (ms): Min: 29.0, Avg: 32.0, Max: 32.5, Diff: 3.5, Sum: 256.4]
      [GC Worker End (ms): Min: 162260.4, Avg: 162260.4, Max: 162260.4, Diff: 0.1]
   [Code Root Fixup: 0.0 ms]
   [Code Root Migration: 0.1 ms]
   [Clear CT: 0.4 ms]
   [Other: 0.8 ms]
      [Choose CSet: 0.0 ms]
      [Ref Proc: 0.1 ms]
      [Ref Enq: 0.0 ms]
      [Free CSet: 0.6 ms]
   [Eden: 854.0M(854.0M)->0.0B(851.0M) Survivors: 68.0M->71.0M Heap: 1079.6M(1538.0M)->228.1M(1538.0M)]
 [Times: user=0.26 sys=0.00, real=0.03 secs] 
162.262: Total time for which application threads were stopped: 0.0340540 seconds, Stopping threads took: 0.0000440 seconds
162.713: Application time: 0.4507080 seconds
162.713: [GC pause (young), 0.0320420 secs]
   [Parallel Time: 30.7 ms, GC Workers: 8]
      [GC Worker Start (ms): Min: 162712.7, Avg: 162712.7, Max: 162712.7, Diff: 0.1]
      [Ext Root Scanning (ms): Min: 0.7, Avg: 0.7, Max: 0.8, Diff: 0.1, Sum: 5.9]
      [Update RS (ms): Min: 0.2, Avg: 0.3, Max: 0.5, Diff: 0.3, Sum: 2.3]
         [Processed Buffers: Min: 1, Avg: 2.1, Max: 4, Diff: 3, Sum: 17]
      [Scan RS (ms): Min: 0.3, Avg: 0.4, Max: 0.4, Diff: 0.2, Sum: 2.9]
      [Code Root Scanning (ms): Min: 0.0, Avg: 0.0, Max: 0.0, Diff: 0.0, Sum: 0.0]
      [Object Copy (ms): Min: 29.1, Avg: 29.1, Max: 29.2, Diff: 0.1, Sum: 233.2]
      [Termination (ms): Min: 0.0, Avg: 0.0, Max: 0.0, Diff: 0.0, Sum: 0.0]
      [GC Worker Other (ms): Min: 0.0, Avg: 0.1, Max: 0.1, Diff: 0.0, Sum: 0.5]
      [GC Worker Total (ms): Min: 30.6, Avg: 30.6, Max: 30.7, Diff: 0.1, Sum: 245.0]
      [GC Worker End (ms): Min: 162743.3, Avg: 162743.3, Max: 162743.4, Diff: 0.0]
   [Code Root Fixup: 0.1 ms]
   [Code Root Migration: 0.1 ms]
   [Clear CT: 0.4 ms]
   [Other: 0.8 ms]
      [Choose CSet: 0.0 ms]
      [Ref Proc: 0.1 ms]
      [Ref Enq: 0.0 ms]
      [Free CSet: 0.6 ms]
   [Eden: 851.0M(851.0M)->0.0B(853.0M) Survivors: 71.0M->69.0M Heap: 1079.1M(1538.0M)->226.6M(1538.0M)]
 [Times: user=0.25 sys=0.00, real=0.03 secs] 
162.745: Total time for which application threads were stopped: 0.0322590 seconds, Stopping threads took: 0.0000510 seconds
163.194: Application time: 0.4492540 seconds
163.194: [GC pause (young), 0.0332780 secs]
   [Parallel Time: 32.0 ms, GC Workers: 8]
      [GC Worker Start (ms): Min: 163194.2, Avg: 163194.2, Max: 163194.2, Diff: 0.1]
      [Ext Root Scanning (ms): Min: 0.7, Avg: 0.7, Max: 0.8, Diff: 0.1, Sum: 5.9]
      [Update RS (ms): Min: 0.2, Avg: 0.3, Max: 0.5, Diff: 0.3, Sum: 2.5]
         [Processed Buffers: Min: 1, Avg: 2.1, Max: 3, Diff: 2, Sum: 17]
      [Scan RS (ms): Min: 0.2, Avg: 0.4, Max: 0.4, Diff: 0.2, Sum: 3.0]
      [Code Root Scanning (ms): Min: 0.0, Avg: 0.0, Max: 0.0, Diff: 0.0, Sum: 0.0]
      [Object Copy (ms): Min: 30.4, Avg: 30.5, Max: 30.5, Diff: 0.1, Sum: 243.7]
      [Termination (ms): Min: 0.0, Avg: 0.0, Max: 0.0, Diff: 0.0, Sum: 0.0]
      [GC Worker Other (ms): Min: 0.0, Avg: 0.1, Max: 0.1, Diff: 0.1, Sum: 0.4]
      [GC Worker Total (ms): Min: 31.9, Avg: 31.9, Max: 32.0, Diff: 0.1, Sum: 255.5]
      [GC Worker End (ms): Min: 163226.1, Avg: 163226.1, Max: 163226.2, Diff: 0.0]
   [Code Root Fixup: 0.1 ms]
   [Code Root Migration: 0.1 ms]
   [Clear CT: 0.4 ms]
   [Other: 0.7 ms]
      [Choose CSet: 0.0 ms]
      [Ref Proc: 0.1 ms]
      [Ref Enq: 0.0 ms]
      [Free CSet: 0.6 ms]
   [Eden: 853.0M(853.0M)->0.0B(852.0M) Survivors: 69.0M->70.0M Heap: 1079.6M(1538.0M)->227.1M(1538.0M)]
 [Times: user=0.26 sys=0.00, real=0.03 secs] 
163.228: Total time for which application threads were stopped: 0.0334620 seconds, Stopping threads took: 0.0000490 seconds
163.670: Application time: 0.4425970 seconds
163.670: [GC pause (young), 0.0334000 secs]
   [Parallel Time: 32.1 ms, GC Workers: 8]
      [GC Worker Start (ms): Min: 163670.2, Avg: 163670.3, Max: 163670.3, Diff: 0.1]
      [Ext Root Scanning (ms): Min: 0.7, Avg: 0.8, Max: 0.8, Diff: 0.1, Sum: 6.0]
      [Update RS (ms): Min: 0.2, Avg: 0.3, Max: 0.5, Diff: 0.3, Sum: 2.5]
         [Processed Buffers: Min: 1, Avg: 2.1, Max: 4, Diff: 3, Sum: 17]
      [Scan RS (ms): Min: 0.2, Avg: 0.4, Max: 0.4, Diff: 0.2, Sum: 2.9]
      [Code Root Scanning (ms): Min: 0.0, Avg: 0.0, Max: 0.0, Diff: 0.0, Sum: 0.1]
      [Object Copy (ms): Min: 30.5, Avg: 30.5, Max: 30.6, Diff: 0.1, Sum: 244.2]
      [Termination (ms): Min: 0.0, Avg: 0.0, Max: 0.0, Diff: 0.0, Sum: 0.0]
      [GC Worker Other (ms): Min: 0.0, Avg: 0.1, Max: 0.1, Diff: 0.0, Sum: 0.4]
      [GC Worker Total (ms): Min: 31.9, Avg: 32.0, Max: 32.0, Diff: 0.1, Sum: 256.1]
      [GC Worker End (ms): Min: 163702.3, Avg: 163702.3, Max: 163702.3, Diff: 0.0]
   [Code Root Fixup: 0.1 ms]
   [Code Root Migration: 0.1 ms]
   [Clear CT: 0.4 ms]
   [Other: 0.8 ms]
      [Choose CSet: 0.0 ms]
      [Ref Proc: 0.1 ms]
      [Ref Enq: 0.0 ms]
      [Free CSet: 0.6 ms]
   [Eden: 852.0M(852.0M)->0.0B(852.0M) Survivors: 70.0M->70.0M Heap: 1079.1M(1538.0M)->227.1M(1538.0M)]
 [Times: user=0.26 sys=0.00, real=0.04 secs] 
163.704: Total time for which application threads were stopped: 0.0335920 seconds, Stopping threads took: 0.0000320 seconds
164.146: Application time: 0.4425630 seconds
164.146: [GC pause (young), 0.0329060 secs]
   [Parallel Time: 31.6 ms, GC Workers: 8]
      [GC Worker Start (ms): Min: 164146.4, Avg: 164146.4, Max: 164146.5, Diff: 0.1]
      [Ext Root Scanning (ms): Min: 0.7, Avg: 0.7, Max: 0.8, Diff: 0.1, Sum: 6.0]
      [Update RS (ms): Min: 0.2, Avg: 0.3, Max: 0.5, Diff: 0.3, Sum: 2.5]
         [Processed Buffers: Min: 1, Avg: 2.1, Max: 4, Diff: 3, Sum: 17]
      [Scan RS (ms): Min: 0.2, Avg: 0.4, Max: 0.5, Diff: 0.3, Sum: 2.9]
      [Code Root Scanning (ms): Min: 0.0, Avg: 0.0, Max: 0.0, Diff: 0.0, Sum: 0.0]
      [Object Copy (ms): Min: 30.0, Avg: 30.0, Max: 30.1, Diff: 0.1, Sum: 240.0]
      [Termination (ms): Min: 0.0, Avg: 0.0, Max: 0.0, Diff: 0.0, Sum: 0.0]
      [GC Worker Other (ms): Min: 0.0, Avg: 0.1, Max: 0.1, Diff: 0.1, Sum: 0.5]
      [GC Worker Total (ms): Min: 31.4, Avg: 31.5, Max: 31.5, Diff: 0.1, Sum: 251.8]
      [GC Worker End (ms): Min: 164177.9, Avg: 164177.9, Max: 164177.9, Diff: 0.0]
   [Code Root Fixup: 0.0 ms]
   [Code Root Migration: 0.1 ms]
   [Clear CT: 0.4 ms]
   [Other: 0.8 ms]
      [Choose CSet: 0.0 ms]
      [Ref Proc: 0.1 ms]
      [Ref Enq: 0.0 ms]
      [Free CSet: 0.6 ms]
   [Eden: 852.0M(852.0M)->0.0B(853.0M) Survivors: 70.0M->69.0M Heap: 1079.1M(1538.0M)->226.6M(1538.0M)]
 [Times: user=0.26 sys=0.00, real=0.03 secs] 
164.179: Total time for which application threads were stopped: 0.0330960 seconds, Stopping threads took: 0.0000510 seconds
164.618: Application time: 0.4388570 seconds
164.618: [GC pause (young), 0.0334410 secs]
   [Parallel Time: 32.2 ms, GC Workers: 8]
      [GC Worker Start (ms): Min: 164618.4, Avg: 164618.4, Max: 164618.4, Diff: 0.1]
      [Ext Root Scanning (ms): Min: 0.7, Avg: 0.8, Max: 0.8, Diff: 0.1, Sum: 6.1]
      [Update RS (ms): Min: 0.2, Avg: 0.3, Max: 0.5, Diff: 0.3, Sum: 2.4]
         [Processed Buffers: Min: 1, Avg: 2.1, Max: 3, Diff: 2, Sum: 17]
      [Scan RS (ms): Min: 0.3, Avg: 0.4, Max: 0.4, Diff: 0.2, Sum: 3.0]
      [Code Root Scanning (ms): Min: 0.0, Avg: 0.0, Max: 0.0, Diff: 0.0, Sum: 0.0]
      [Object Copy (ms): Min: 30.6, Avg: 30.6, Max: 30.7, Diff: 0.1, Sum: 245.1]
      [Termination (ms): Min: 0.0, Avg: 0.0, Max: 0.0, Diff: 0.0, Sum: 0.0]
      [GC Worker Other (ms): Min: 0.0, Avg: 0.1, Max: 0.1, Diff: 0.0, Sum: 0.4]
      [GC Worker Total (ms): Min: 32.1, Avg: 32.1, Max: 32.2, Diff: 0.1, Sum: 257.0]
      [GC Worker End (ms): Min: 164650.5, Avg: 164650.5, Max: 164650.5, Diff: 0.0]
   [Code Root Fixup: 0.0 ms]
   [Code Root Migration: 0.1 ms]
   [Clear CT: 0.4 ms]
   [Other: 0.7 ms]
      [Choose CSet: 0.0 ms]
      [Ref Proc: 0.1 ms]
      [Ref Enq: 0.0 ms]
      [Free CSet: 0.6 ms]
   [Eden: 853.0M(853.0M)->0.0B(851.0M) Survivors: 69.0M->71.0M Heap: 1079.6M(1538.0M)->228.1M(1538.0M)]
 [Times: user=0.27 sys=0.00, real=0.04 secs] 
164.652: Total time for which application threads were stopped: 0.0336250 seconds, Stopping threads took: 0.0000320 seconds
165.089: Application time: 0.4368650 seconds
165.089: [GC pause (young), 0.0327760 secs]
   [Parallel Time: 31.6 ms, GC Workers: 8]
      [GC Worker Start (ms): Min: 165088.8, Avg: 165088.8, Max: 165088.9, Diff: 0.1]
      [Ext Root Scanning (ms): Min: 0.7, Avg: 0.8, Max: 0.9, Diff: 0.2, Sum: 6.3]
      [Update RS (ms): Min: 0.2, Avg: 0.3, Max: 0.4, Diff: 0.2, Sum: 2.4]
         [Processed Buffers: Min: 1, Avg: 2.1, Max: 3, Diff: 2, Sum: 17]
      [Scan RS (ms): Min: 0.2, Avg: 0.4, Max: 0.4, Diff: 0.2, Sum: 2.8]
      [Code Root Scanning (ms): Min: 0.0, Avg: 0.0, Max: 0.0, Diff: 0.0, Sum: 0.0]
      [Object Copy (ms): Min: 30.0, Avg: 30.0, Max: 30.1, Diff: 0.1, Sum: 240.1]
      [Termination (ms): Min: 0.0, Avg: 0.0, Max: 0.0, Diff: 0.0, Sum: 0.0]
      [GC Worker Other (ms): Min: 0.0, Avg: 0.0, Max: 0.1, Diff: 0.0, Sum: 0.4]
      [GC Worker Total (ms): Min: 31.5, Avg: 31.5, Max: 31.6, Diff: 0.1, Sum: 252.0]
      [GC Worker End (ms): Min: 165120.3, Avg: 165120.4, Max: 165120.4, Diff: 0.0]
   [Code Root Fixup: 0.0 ms]
   [Code Root Migration: 0.1 ms]
   [Clear CT: 0.4 ms]
   [Other: 0.7 ms]
      [Choose CSet: 0.0 ms]
      [Ref Proc: 0.1 ms]
      [Ref Enq: 0.0 ms]
      [Free CSet: 0.6 ms]
   [Eden: 851.0M(851.0M)->0.0B(852.0M) Survivors: 71.0M->70.0M Heap: 1079.1M(1538.0M)->227.7M(1538.0M)]
 [Times: user=0.25 sys=0.00, real=0.03 secs] 
165.122: Total time for which application threads were stopped: 0.0329380 seconds, Stopping threads took: 0.0000150 seconds
165.557: Application time: 0.4353350 seconds
165.557: [GC pause (young), 0.0300150 secs]
   [Parallel Time: 28.8 ms, GC Workers: 8]
      [GC Worker Start (ms): Min: 165557.1, Avg: 165557.4, Max: 165559.4, Diff: 2.3]
      [Ext Root Scanning (ms): Min: 0.0, Avg: 0.7, Max: 0.9, Diff: 0.9, Sum: 5.6]
      [Update RS (ms): Min: 0.0, Avg: 0.3, Max: 0.4, Diff: 0.4, Sum: 2.2]
         [Processed Buffers: Min: 0, Avg: 2.1, Max: 4, Diff: 4, Sum: 17]
      [Scan RS (ms): Min: 0.0, Avg: 0.3, Max: 0.4, Diff: 0.4, Sum: 2.6]
      [Code Root Scanning (ms): Min: 0.0, Avg: 0.0, Max: 0.0, Diff: 0.0, Sum: 0.0]
      [Object Copy (ms): Min: 26.4, Avg: 27.1, Max: 27.2, Diff: 0.8, Sum: 216.9]
      [Termination (ms): Min: 0.0, Avg: 0.0, Max: 0.0, Diff: 0.0, Sum: 0.0]
      [GC Worker Other (ms): Min: 0.0, Avg: 0.1, Max: 0.1, Diff: 0.0, Sum: 0.5]
      [GC Worker Total (ms): Min: 26.5, Avg: 28.5, Max: 28.8, Diff: 2.3, Sum: 227.8]
      [GC Worker End (ms): Min: 165585.9, Avg: 165585.9, Max: 165585.9, Diff: 0.0]
   [Code Root Fixup: 0.0 ms]
   [Code Root Migration: 0.1 ms]
   [Clear CT: 0.4 ms]
   [Other: 0.7 ms]
      [Choose CSet: 0.0 ms]
      [Ref Proc: 0.1 ms]
      [Ref Enq: 0.0 ms]
      [Free CSet: 0.5 ms]
   [Eden: 852.0M(852.0M)->0.0B(856.0M) Survivors: 70.0M->66.0M Heap: 1079.7M(1538.0M)->223.7M(1538.0M)]
 [Times: user=0.23 sys=0.00, real=0.03 secs] 
165.587: Total time for which application threads were stopped: 0.0302270 seconds, Stopping threads took: 0.0000430 seconds
166.029: Application time: 0.4420490 seconds
166.029: [GC pause (young), 0.0322880 secs]
   [Parallel Time: 31.1 ms, GC Workers: 8]
      [GC Worker Start (ms): Min: 166029.4, Avg: 166029.4, Max: 166029.5, Diff: 0.1]
      [Ext Root Scanning (ms): Min: 0.7, Avg: 0.8, Max: 0.8, Diff: 0.1, Sum: 6.4]
      [Update RS (ms): Min: 0.2, Avg: 0.3, Max: 0.4, Diff: 0.2, Sum: 2.3]
         [Processed Buffers: Min: 1, Avg: 2.1, Max: 3, Diff: 2, Sum: 17]
      [Scan RS (ms): Min: 0.2, Avg: 0.4, Max: 0.4, Diff: 0.2, Sum: 2.8]
      [Code Root Scanning (ms): Min: 0.0, Avg: 0.0, Max: 0.0, Diff: 0.0, Sum: 0.0]
      [Object Copy (ms): Min: 29.5, Avg: 29.5, Max: 29.5, Diff: 0.0, Sum: 236.0]
      [Termination (ms): Min: 0.0, Avg: 0.0, Max: 0.0, Diff: 0.0, Sum: 0.0]
      [GC Worker Other (ms): Min: 0.0, Avg: 0.0, Max: 0.1, Diff: 0.0, Sum: 0.4]
      [GC Worker Total (ms): Min: 30.9, Avg: 31.0, Max: 31.0, Diff: 0.1, Sum: 247.9]
      [GC Worker End (ms): Min: 166060.4, Avg: 166060.4, Max: 166060.5, Diff: 0.0]
   [Code Root Fixup: 0.1 ms]
   [Code Root Migration: 0.1 ms]
   [Clear CT: 0.4 ms]
   [Other: 0.7 ms]
      [Choose CSet: 0.0 ms]
      [Ref Proc: 0.1 ms]
      [Ref Enq: 0.0 ms]
      [Free CSet: 0.5 ms]
   [Eden: 856.0M(856.0M)->0.0B(853.0M) Survivors: 66.0M->69.0M Heap: 1079.7M(1538.0M)->226.7M(1538.0M)]
 [Times: user=0.25 sys=0.00, real=0.03 secs] 
166.062: Total time for which application threads were stopped: 0.0324890 seconds, Stopping threads took: 0.0000680 seconds
166.505: Application time: 0.4433510 seconds
166.505: [GC pause (young), 0.0351920 secs]
   [Parallel Time: 33.9 ms, GC Workers: 8]
      [GC Worker Start (ms): Min: 166505.2, Avg: 166505.3, Max: 166505.3, Diff: 0.1]
      [Ext Root Scanning (ms): Min: 0.7, Avg: 0.7, Max: 0.8, Diff: 0.1, Sum: 5.8]
      [Update RS (ms): Min: 0.2, Avg: 0.3, Max: 0.5, Diff: 0.3, Sum: 2.4]
         [Processed Buffers: Min: 1, Avg: 2.1, Max: 3, Diff: 2, Sum: 17]
      [Scan RS (ms): Min: 0.2, Avg: 0.4, Max: 0.4, Diff: 0.2, Sum: 3.0]
      [Code Root Scanning (ms): Min: 0.0, Avg: 0.0, Max: 0.0, Diff: 0.0, Sum: 0.1]
      [Object Copy (ms): Min: 32.3, Avg: 32.4, Max: 32.4, Diff: 0.1, Sum: 258.8]
      [Termination (ms): Min: 0.0, Avg: 0.0, Max: 0.0, Diff: 0.0, Sum: 0.0]
      [GC Worker Other (ms): Min: 0.0, Avg: 0.1, Max: 0.1, Diff: 0.0, Sum: 0.4]
      [GC Worker Total (ms): Min: 33.8, Avg: 33.8, Max: 33.9, Diff: 0.1, Sum: 270.5]
      [GC Worker End (ms): Min: 166539.1, Avg: 166539.1, Max: 166539.1, Diff: 0.0]
   [Code Root Fixup: 0.1 ms]
   [Code Root Migration: 0.1 ms]
   [Clear CT: 0.4 ms]
   [Other: 0.8 ms]
      [Choose CSet: 0.0 ms]
      [Ref Proc: 0.1 ms]
      [Ref Enq: 0.0 ms]
      [Free CSet: 0.5 ms]
   [Eden: 853.0M(853.0M)->0.0B(847.0M) Survivors: 69.0M->75.0M Heap: 1079.7M(1538.0M)->232.7M(1538.0M)]
 [Times: user=0.27 sys=0.01, real=0.03 secs] 
166.540: Total time for which application threads were stopped: 0.0353820 seconds, Stopping threads took: 0.0000330 seconds
166.981: Application time: 0.4408460 seconds
166.982: [GC pause (young), 0.0313770 secs]
   [Parallel Time: 30.1 ms, GC Workers: 8]
      [GC Worker Start (ms): Min: 166981.7, Avg: 166981.7, Max: 166981.8, Diff: 0.1]
      [Ext Root Scanning (ms): Min: 0.6, Avg: 0.7, Max: 0.8, Diff: 0.2, Sum: 5.8]
      [Update RS (ms): Min: 0.2, Avg: 0.3, Max: 0.4, Diff: 0.2, Sum: 2.4]
         [Processed Buffers: Min: 1, Avg: 2.1, Max: 4, Diff: 3, Sum: 17]
      [Scan RS (ms): Min: 0.2, Avg: 0.3, Max: 0.4, Diff: 0.2, Sum: 2.6]
      [Code Root Scanning (ms): Min: 0.0, Avg: 0.0, Max: 0.0, Diff: 0.0, Sum: 0.0]
      [Object Copy (ms): Min: 28.6, Avg: 28.6, Max: 28.6, Diff: 0.0, Sum: 228.9]
      [Termination (ms): Min: 0.0, Avg: 0.0, Max: 0.0, Diff: 0.0, Sum: 0.0]
      [GC Worker Other (ms): Min: 0.0, Avg: 0.0, Max: 0.1, Diff: 0.0, Sum: 0.4]
      [GC Worker Total (ms): Min: 29.9, Avg: 30.0, Max: 30.0, Diff: 0.1, Sum: 240.0]
      [GC Worker End (ms): Min: 167011.7, Avg: 167011.7, Max: 167011.7, Diff: 0.0]
   [Code Root Fixup: 0.0 ms]
   [Code Root Migration: 0.1 ms]
   [Clear CT: 0.4 ms]
   [Other: 0.8 ms]
      [Choose CSet: 0.0 ms]
      [Ref Proc: 0.1 ms]
      [Ref Enq: 0.0 ms]
      [Free CSet: 0.5 ms]
   [Eden: 847.0M(847.0M)->0.0B(854.0M) Survivors: 75.0M->68.0M Heap: 1079.7M(1538.0M)->225.7M(1538.0M)]
 [Times: user=0.24 sys=0.00, real=0.04 secs] 
167.013: Total time for which application threads were stopped: 0.0317520 seconds, Stopping threads took: 0.0002350 seconds
167.464: Application time: 0.4506260 seconds
167.464: [GC pause (young), 0.0328850 secs]
   [Parallel Time: 31.6 ms, GC Workers: 8]
      [GC Worker Start (ms): Min: 167463.9, Avg: 167463.9, Max: 167463.9, Diff: 0.1]
      [Ext Root Scanning (ms): Min: 0.7, Avg: 0.8, Max: 0.8, Diff: 0.1, Sum: 6.2]
      [Update RS (ms): Min: 0.2, Avg: 0.3, Max: 0.4, Diff: 0.2, Sum: 2.4]
         [Processed Buffers: Min: 1, Avg: 2.1, Max: 3, Diff: 2, Sum: 17]
      [Scan RS (ms): Min: 0.2, Avg: 0.3, Max: 0.4, Diff: 0.2, Sum: 2.8]
      [Code Root Scanning (ms): Min: 0.0, Avg: 0.0, Max: 0.0, Diff: 0.0, Sum: 0.0]
      [Object Copy (ms): Min: 30.0, Avg: 30.0, Max: 30.0, Diff: 0.0, Sum: 240.2]
      [Termination (ms): Min: 0.0, Avg: 0.0, Max: 0.0, Diff: 0.0, Sum: 0.0]
      [GC Worker Other (ms): Min: 0.0, Avg: 0.0, Max: 0.1, Diff: 0.0, Sum: 0.4]
      [GC Worker Total (ms): Min: 31.4, Avg: 31.5, Max: 31.5, Diff: 0.1, Sum: 251.9]
      [GC Worker End (ms): Min: 167495.4, Avg: 167495.4, Max: 167495.4, Diff: 0.0]
   [Code Root Fixup: 0.0 ms]
   [Code Root Migration: 0.1 ms]
   [Clear CT: 0.4 ms]
   [Other: 0.8 ms]
      [Choose CSet: 0.0 ms]
      [Ref Proc: 0.1 ms]
      [Ref Enq: 0.0 ms]
      [Free CSet: 0.6 ms]
   [Eden: 854.0M(854.0M)->0.0B(852.0M) Survivors: 68.0M->70.0M Heap: 1079.7M(1538.0M)->227.2M(1538.0M)]
 [Times: user=0.25 sys=0.00, real=0.03 secs] 
167.497: Total time for which application threads were stopped: 0.0330870 seconds, Stopping threads took: 0.0000530 seconds
167.940: Application time: 0.4431610 seconds
167.940: [GC pause (young), 0.0335400 secs]
   [Parallel Time: 32.3 ms, GC Workers: 8]
      [GC Worker Start (ms): Min: 167940.1, Avg: 167940.1, Max: 167940.2, Diff: 0.1]
      [Ext Root Scanning (ms): Min: 0.7, Avg: 0.8, Max: 0.8, Diff: 0.1, Sum: 6.2]
      [Update RS (ms): Min: 0.2, Avg: 0.3, Max: 0.5, Diff: 0.3, Sum: 2.4]
         [Processed Buffers: Min: 1, Avg: 2.1, Max: 3, Diff: 2, Sum: 17]
      [Scan RS (ms): Min: 0.2, Avg: 0.3, Max: 0.4, Diff: 0.2, Sum: 2.7]
      [Code Root Scanning (ms): Min: 0.0, Avg: 0.0, Max: 0.0, Diff: 0.0, Sum: 0.0]
      [Object Copy (ms): Min: 30.8, Avg: 30.8, Max: 30.8, Diff: 0.0, Sum: 246.3]
      [Termination (ms): Min: 0.0, Avg: 0.0, Max: 0.0, Diff: 0.0, Sum: 0.0]
      [GC Worker Other (ms): Min: 0.0, Avg: 0.0, Max: 0.1, Diff: 0.0, Sum: 0.4]
      [GC Worker Total (ms): Min: 32.2, Avg: 32.3, Max: 32.3, Diff: 0.1, Sum: 258.1]
      [GC Worker End (ms): Min: 167972.4, Avg: 167972.4, Max: 167972.4, Diff: 0.0]
   [Code Root Fixup: 0.0 ms]
   [Code Root Migration: 0.1 ms]
   [Clear CT: 0.4 ms]
   [Other: 0.7 ms]
      [Choose CSet: 0.0 ms]
      [Ref Proc: 0.1 ms]
      [Ref Enq: 0.0 ms]
      [Free CSet: 0.5 ms]
   [Eden: 852.0M(852.0M)->0.0B(849.0M) Survivors: 70.0M->73.0M Heap: 1079.2M(1538.0M)->230.2M(1538.0M)]
 [Times: user=0.26 sys=0.00, real=0.04 secs] 
167.974: Total time for which application threads were stopped: 0.0337320 seconds, Stopping threads took: 0.0000460 seconds
168.416: Application time: 0.4425740 seconds
168.416: [GC pause (young), 0.0326890 secs]
   [Parallel Time: 31.5 ms, GC Workers: 8]
      [GC Worker Start (ms): Min: 168416.4, Avg: 168416.5, Max: 168416.5, Diff: 0.1]
      [Ext Root Scanning (ms): Min: 0.7, Avg: 0.8, Max: 0.8, Diff: 0.1, Sum: 6.1]
      [Update RS (ms): Min: 0.2, Avg: 0.3, Max: 0.4, Diff: 0.2, Sum: 2.4]
         [Processed Buffers: Min: 1, Avg: 2.1, Max: 3, Diff: 2, Sum: 17]
      [Scan RS (ms): Min: 0.2, Avg: 0.3, Max: 0.4, Diff: 0.2, Sum: 2.7]
      [Code Root Scanning (ms): Min: 0.0, Avg: 0.0, Max: 0.0, Diff: 0.0, Sum: 0.0]
      [Object Copy (ms): Min: 30.0, Avg: 30.0, Max: 30.0, Diff: 0.0, Sum: 239.7]
      [Termination (ms): Min: 0.0, Avg: 0.0, Max: 0.0, Diff: 0.0, Sum: 0.0]
      [GC Worker Other (ms): Min: 0.0, Avg: 0.0, Max: 0.1, Diff: 0.0, Sum: 0.4]
      [GC Worker Total (ms): Min: 31.4, Avg: 31.4, Max: 31.5, Diff: 0.1, Sum: 251.4]
      [GC Worker End (ms): Min: 168447.9, Avg: 168447.9, Max: 168447.9, Diff: 0.0]
   [Code Root Fixup: 0.0 ms]
   [Code Root Migration: 0.1 ms]
   [Clear CT: 0.4 ms]
   [Other: 0.7 ms]
      [Choose CSet: 0.0 ms]
      [Ref Proc: 0.1 ms]
      [Ref Enq: 0.0 ms]
      [Free CSet: 0.5 ms]
   [Eden: 849.0M(849.0M)->0.0B(851.0M) Survivors: 73.0M->71.0M Heap: 1079.2M(1538.0M)->228.7M(1538.0M)]
 [Times: user=0.25 sys=0.00, real=0.03 secs] 
168.449: Total time for which application threads were stopped: 0.0328790 seconds, Stopping threads took: 0.0000450 seconds
168.892: Application time: 0.4428240 seconds
168.892: [GC pause (young), 0.0325280 secs]
   [Parallel Time: 31.3 ms, GC Workers: 8]
      [GC Worker Start (ms): Min: 168892.1, Avg: 168892.2, Max: 168892.2, Diff: 0.1]
      [Ext Root Scanning (ms): Min: 0.7, Avg: 1.1, Max: 3.3, Diff: 2.6, Sum: 8.8]
      [Update RS (ms): Min: 0.0, Avg: 0.3, Max: 0.4, Diff: 0.4, Sum: 2.2]
         [Processed Buffers: Min: 0, Avg: 2.1, Max: 4, Diff: 4, Sum: 17]
      [Scan RS (ms): Min: 0.2, Avg: 0.3, Max: 0.4, Diff: 0.3, Sum: 2.7]
      [Code Root Scanning (ms): Min: 0.0, Avg: 0.0, Max: 0.0, Diff: 0.0, Sum: 0.0]
      [Object Copy (ms): Min: 27.7, Avg: 29.4, Max: 29.6, Diff: 1.9, Sum: 235.1]
      [Termination (ms): Min: 0.0, Avg: 0.0, Max: 0.0, Diff: 0.0, Sum: 0.0]
      [GC Worker Other (ms): Min: 0.0, Avg: 0.1, Max: 0.1, Diff: 0.0, Sum: 0.5]
      [GC Worker Total (ms): Min: 31.1, Avg: 31.2, Max: 31.2, Diff: 0.1, Sum: 249.4]
      [GC Worker End (ms): Min: 168923.3, Avg: 168923.3, Max: 168923.3, Diff: 0.0]
   [Code Root Fixup: 0.0 ms]
   [Code Root Migration: 0.1 ms]
   [Clear CT: 0.4 ms]
   [Other: 0.8 ms]
      [Choose CSet: 0.0 ms]
      [Ref Proc: 0.1 ms]
      [Ref Enq: 0.0 ms]
      [Free CSet: 0.6 ms]
   [Eden: 851.0M(851.0M)->0.0B(852.0M) Survivors: 71.0M->70.0M Heap: 1079.7M(1538.0M)->227.7M(1538.0M)]
 [Times: user=0.25 sys=0.00, real=0.03 secs] 
168.925: Total time for which application threads were stopped: 0.0327150 seconds, Stopping threads took: 0.0000460 seconds
169.365: Application time: 0.4398360 seconds
169.365: [GC pause (young), 0.0325990 secs]
   [Parallel Time: 31.4 ms, GC Workers: 8]
      [GC Worker Start (ms): Min: 169364.7, Avg: 169364.7, Max: 169364.8, Diff: 0.1]
      [Ext Root Scanning (ms): Min: 0.8, Avg: 0.8, Max: 0.8, Diff: 0.1, Sum: 6.4]
      [Update RS (ms): Min: 0.2, Avg: 0.3, Max: 0.4, Diff: 0.2, Sum: 2.4]
         [Processed Buffers: Min: 1, Avg: 2.1, Max: 3, Diff: 2, Sum: 17]
      [Scan RS (ms): Min: 0.2, Avg: 0.3, Max: 0.4, Diff: 0.2, Sum: 2.7]
      [Code Root Scanning (ms): Min: 0.0, Avg: 0.0, Max: 0.0, Diff: 0.0, Sum: 0.0]
      [Object Copy (ms): Min: 29.8, Avg: 29.8, Max: 29.8, Diff: 0.0, Sum: 238.4]
      [Termination (ms): Min: 0.0, Avg: 0.0, Max: 0.0, Diff: 0.0, Sum: 0.0]
      [GC Worker Other (ms): Min: 0.0, Avg: 0.0, Max: 0.1, Diff: 0.0, Sum: 0.4]
      [GC Worker Total (ms): Min: 31.2, Avg: 31.3, Max: 31.3, Diff: 0.1, Sum: 250.4]
      [GC Worker End (ms): Min: 169396.0, Avg: 169396.0, Max: 169396.0, Diff: 0.0]
   [Code Root Fixup: 0.1 ms]
   [Code Root Migration: 0.1 ms]
   [Clear CT: 0.4 ms]
   [Other: 0.7 ms]
      [Choose CSet: 0.0 ms]
      [Ref Proc: 0.1 ms]
      [Ref Enq: 0.0 ms]
      [Free CSet: 0.5 ms]
   [Eden: 852.0M(852.0M)->0.0B(852.0M) Survivors: 70.0M->70.0M Heap: 1079.7M(1538.0M)->227.8M(1538.0M)]
 [Times: user=0.25 sys=0.00, real=0.03 secs] 
169.397: Total time for which application threads were stopped: 0.0328050 seconds, Stopping threads took: 0.0000520 seconds
169.834: Application time: 0.4371150 seconds
169.835: [GC pause (young), 0.0332850 secs]
   [Parallel Time: 32.0 ms, GC Workers: 8]
      [GC Worker Start (ms): Min: 169834.6, Avg: 169834.6, Max: 169834.7, Diff: 0.1]
      [Ext Root Scanning (ms): Min: 0.7, Avg: 0.8, Max: 0.8, Diff: 0.2, Sum: 6.1]
      [Update RS (ms): Min: 0.2, Avg: 0.3, Max: 0.4, Diff: 0.3, Sum: 2.4]
         [Processed Buffers: Min: 1, Avg: 2.1, Max: 3, Diff: 2, Sum: 17]
      [Scan RS (ms): Min: 0.3, Avg: 0.4, Max: 0.4, Diff: 0.2, Sum: 2.9]
      [Code Root Scanning (ms): Min: 0.0, Avg: 0.0, Max: 0.0, Diff: 0.0, Sum: 0.0]
      [Object Copy (ms): Min: 30.3, Avg: 30.4, Max: 30.4, Diff: 0.1, Sum: 243.0]
      [Termination (ms): Min: 0.0, Avg: 0.0, Max: 0.0, Diff: 0.0, Sum: 0.0]
      [GC Worker Other (ms): Min: 0.0, Avg: 0.1, Max: 0.1, Diff: 0.1, Sum: 0.5]
      [GC Worker Total (ms): Min: 31.8, Avg: 31.9, Max: 31.9, Diff: 0.1, Sum: 254.9]
      [GC Worker End (ms): Min: 169866.5, Avg: 169866.5, Max: 169866.5, Diff: 0.1]
   [Code Root Fixup: 0.1 ms]
   [Code Root Migration: 0.1 ms]
   [Clear CT: 0.4 ms]
   [Other: 0.8 ms]
      [Choose CSet: 0.0 ms]
      [Ref Proc: 0.1 ms]
      [Ref Enq: 0.0 ms]
      [Free CSet: 0.6 ms]
   [Eden: 852.0M(852.0M)->0.0B(851.0M) Survivors: 70.0M->71.0M Heap: 1079.8M(1538.0M)->228.3M(1538.0M)]
 [Times: user=0.26 sys=0.00, real=0.03 secs] 
169.868: Total time for which application threads were stopped: 0.0334610 seconds, Stopping threads took: 0.0000390 seconds
170.311: Application time: 0.4426310 seconds
170.311: [GC pause (young), 0.0315750 secs]
   [Parallel Time: 30.3 ms, GC Workers: 8]
      [GC Worker Start (ms): Min: 170310.7, Avg: 170310.8, Max: 170310.8, Diff: 0.1]
      [Ext Root Scanning (ms): Min: 0.7, Avg: 0.8, Max: 0.8, Diff: 0.1, Sum: 6.4]
      [Update RS (ms): Min: 0.2, Avg: 0.3, Max: 0.4, Diff: 0.2, Sum: 2.4]
         [Processed Buffers: Min: 1, Avg: 2.1, Max: 3, Diff: 2, Sum: 17]
      [Scan RS (ms): Min: 0.2, Avg: 0.4, Max: 0.4, Diff: 0.2, Sum: 2.8]
      [Code Root Scanning (ms): Min: 0.0, Avg: 0.0, Max: 0.0, Diff: 0.0, Sum: 0.0]
      [Object Copy (ms): Min: 28.7, Avg: 28.7, Max: 28.7, Diff: 0.0, Sum: 229.8]
      [Termination (ms): Min: 0.0, Avg: 0.0, Max: 0.0, Diff: 0.0, Sum: 0.0]
      [GC Worker Other (ms): Min: 0.0, Avg: 0.1, Max: 0.1, Diff: 0.0, Sum: 0.4]
      [GC Worker Total (ms): Min: 30.2, Avg: 30.2, Max: 30.3, Diff: 0.1, Sum: 241.8]
      [GC Worker End (ms): Min: 170341.0, Avg: 170341.0, Max: 170341.0, Diff: 0.0]
   [Code Root Fixup: 0.0 ms]
   [Code Root Migration: 0.1 ms]
   [Clear CT: 0.4 ms]
   [Other: 0.7 ms]
      [Choose CSet: 0.0 ms]
      [Ref Proc: 0.1 ms]
      [Ref Enq: 0.0 ms]
      [Free CSet: 0.5 ms]
   [Eden: 851.0M(851.0M)->0.0B(853.0M) Survivors: 71.0M->69.0M Heap: 1079.3M(1538.0M)->226.8M(1538.0M)]
 [Times: user=0.24 sys=0.00, real=0.03 secs] 
170.342: Total time for which application threads were stopped: 0.0317900 seconds, Stopping threads took: 0.0000570 seconds
170.788: Application time: 0.4460200 seconds
170.788: [GC pause (young), 0.0326530 secs]
   [Parallel Time: 31.4 ms, GC Workers: 8]
      [GC Worker Start (ms): Min: 170788.5, Avg: 170788.5, Max: 170788.6, Diff: 0.1]
      [Ext Root Scanning (ms): Min: 0.7, Avg: 0.8, Max: 0.8, Diff: 0.2, Sum: 6.3]
      [Update RS (ms): Min: 0.2, Avg: 0.3, Max: 0.4, Diff: 0.2, Sum: 2.4]
         [Processed Buffers: Min: 1, Avg: 2.1, Max: 3, Diff: 2, Sum: 17]
      [Scan RS (ms): Min: 0.2, Avg: 0.4, Max: 0.4, Diff: 0.2, Sum: 2.9]
      [Code Root Scanning (ms): Min: 0.0, Avg: 0.0, Max: 0.0, Diff: 0.0, Sum: 0.0]
      [Object Copy (ms): Min: 29.9, Avg: 29.9, Max: 29.9, Diff: 0.0, Sum: 239.1]
      [Termination (ms): Min: 0.0, Avg: 0.0, Max: 0.0, Diff: 0.0, Sum: 0.0]
      [GC Worker Other (ms): Min: 0.0, Avg: 0.0, Max: 0.1, Diff: 0.0, Sum: 0.4]
      [GC Worker Total (ms): Min: 31.3, Avg: 31.4, Max: 31.4, Diff: 0.1, Sum: 251.1]
      [GC Worker End (ms): Min: 170819.9, Avg: 170819.9, Max: 170819.9, Diff: 0.0]
   [Code Root Fixup: 0.0 ms]
   [Code Root Migration: 0.1 ms]
   [Clear CT: 0.4 ms]
   [Other: 0.7 ms]
      [Choose CSet: 0.0 ms]
      [Ref Proc: 0.1 ms]
      [Ref Enq: 0.0 ms]
      [Free CSet: 0.5 ms]
   [Eden: 853.0M(853.0M)->0.0B(852.0M) Survivors: 69.0M->70.0M Heap: 1079.8M(1538.0M)->227.3M(1538.0M)]
 [Times: user=0.26 sys=0.00, real=0.03 secs] 
170.823: Total time for which application threads were stopped: 0.0343670 seconds, Stopping threads took: 0.0000390 seconds
171.271: Application time: 0.4482710 seconds
171.271: [GC pause (young), 0.0323580 secs]
   [Parallel Time: 31.1 ms, GC Workers: 8]
      [GC Worker Start (ms): Min: 171271.2, Avg: 171271.2, Max: 171271.2, Diff: 0.1]
      [Ext Root Scanning (ms): Min: 0.8, Avg: 0.8, Max: 0.8, Diff: 0.1, Sum: 6.4]
      [Update RS (ms): Min: 0.2, Avg: 0.3, Max: 0.4, Diff: 0.2, Sum: 2.3]
         [Processed Buffers: Min: 1, Avg: 2.1, Max: 3, Diff: 2, Sum: 17]
      [Scan RS (ms): Min: 0.3, Avg: 0.4, Max: 0.4, Diff: 0.2, Sum: 2.9]
      [Code Root Scanning (ms): Min: 0.0, Avg: 0.0, Max: 0.0, Diff: 0.0, Sum: 0.0]
      [Object Copy (ms): Min: 29.5, Avg: 29.6, Max: 29.6, Diff: 0.0, Sum: 236.4]
      [Termination (ms): Min: 0.0, Avg: 0.0, Max: 0.0, Diff: 0.0, Sum: 0.0]
      [GC Worker Other (ms): Min: 0.0, Avg: 0.1, Max: 0.1, Diff: 0.0, Sum: 0.4]
      [GC Worker Total (ms): Min: 31.0, Avg: 31.1, Max: 31.1, Diff: 0.1, Sum: 248.5]
      [GC Worker End (ms): Min: 171302.2, Avg: 171302.3, Max: 171302.3, Diff: 0.0]
   [Code Root Fixup: 0.0 ms]
   [Code Root Migration: 0.1 ms]
   [Clear CT: 0.4 ms]
   [Other: 0.7 ms]
      [Choose CSet: 0.0 ms]
      [Ref Proc: 0.1 ms]
      [Ref Enq: 0.0 ms]
      [Free CSet: 0.6 ms]
   [Eden: 852.0M(852.0M)->0.0B(852.0M) Survivors: 70.0M->70.0M Heap: 1079.3M(1538.0M)->227.8M(1538.0M)]
 [Times: user=0.26 sys=0.00, real=0.04 secs] 
171.304: Total time for which application threads were stopped: 0.0325570 seconds, Stopping threads took: 0.0000440 seconds
171.746: Application time: 0.4426180 seconds
171.746: [GC pause (young), 0.0316570 secs]
   [Parallel Time: 30.4 ms, GC Workers: 8]
      [GC Worker Start (ms): Min: 171746.3, Avg: 171747.0, Max: 171751.4, Diff: 5.1]
      [Ext Root Scanning (ms): Min: 0.0, Avg: 0.7, Max: 0.9, Diff: 0.9, Sum: 5.3]
      [Update RS (ms): Min: 0.0, Avg: 0.3, Max: 0.4, Diff: 0.4, Sum: 2.3]
         [Processed Buffers: Min: 0, Avg: 2.1, Max: 3, Diff: 3, Sum: 17]
      [Scan RS (ms): Min: 0.3, Avg: 0.4, Max: 0.4, Diff: 0.2, Sum: 2.8]
      [Code Root Scanning (ms): Min: 0.0, Avg: 0.0, Max: 0.0, Diff: 0.0, Sum: 0.0]
      [Object Copy (ms): Min: 24.9, Avg: 28.4, Max: 28.9, Diff: 3.9, Sum: 226.9]
      [Termination (ms): Min: 0.0, Avg: 0.0, Max: 0.0, Diff: 0.0, Sum: 0.0]
      [GC Worker Other (ms): Min: 0.0, Avg: 0.1, Max: 0.1, Diff: 0.0, Sum: 0.4]
      [GC Worker Total (ms): Min: 25.3, Avg: 29.7, Max: 30.4, Diff: 5.1, Sum: 237.8]
      [GC Worker End (ms): Min: 171776.7, Avg: 171776.7, Max: 171776.7, Diff: 0.0]
   [Code Root Fixup: 0.0 ms]
   [Code Root Migration: 0.1 ms]
   [Clear CT: 0.4 ms]
   [Other: 0.7 ms]
      [Choose CSet: 0.0 ms]
      [Ref Proc: 0.1 ms]
      [Ref Enq: 0.0 ms]
      [Free CSet: 0.6 ms]
   [Eden: 852.0M(852.0M)->0.0B(855.0M) Survivors: 70.0M->67.0M Heap: 1079.8M(1538.0M)->224.3M(1538.0M)]
 [Times: user=0.25 sys=0.00, real=0.03 secs] 
171.778: Total time for which application threads were stopped: 0.0318430 seconds, Stopping threads took: 0.0000400 seconds
172.225: Application time: 0.4464950 seconds
172.225: [GC pause (young), 0.0335360 secs]
   [Parallel Time: 32.2 ms, GC Workers: 8]
      [GC Worker Start (ms): Min: 172224.7, Avg: 172224.7, Max: 172224.8, Diff: 0.1]
      [Ext Root Scanning (ms): Min: 0.7, Avg: 0.8, Max: 0.8, Diff: 0.1, Sum: 6.1]
      [Update RS (ms): Min: 0.2, Avg: 0.3, Max: 0.4, Diff: 0.2, Sum: 2.4]
         [Processed Buffers: Min: 1, Avg: 2.1, Max: 3, Diff: 2, Sum: 17]
      [Scan RS (ms): Min: 0.3, Avg: 0.4, Max: 0.4, Diff: 0.2, Sum: 3.0]
      [Code Root Scanning (ms): Min: 0.0, Avg: 0.0, Max: 0.0, Diff: 0.0, Sum: 0.0]
      [Object Copy (ms): Min: 30.6, Avg: 30.7, Max: 30.7, Diff: 0.1, Sum: 245.3]
      [Termination (ms): Min: 0.0, Avg: 0.0, Max: 0.0, Diff: 0.0, Sum: 0.0]
      [GC Worker Other (ms): Min: 0.0, Avg: 0.1, Max: 0.1, Diff: 0.0, Sum: 0.4]
      [GC Worker Total (ms): Min: 32.1, Avg: 32.2, Max: 32.2, Diff: 0.1, Sum: 257.2]
      [GC Worker End (ms): Min: 172256.9, Avg: 172256.9, Max: 172256.9, Diff: 0.0]
   [Code Root Fixup: 0.0 ms]
   [Code Root Migration: 0.1 ms]
   [Clear CT: 0.4 ms]
   [Other: 0.8 ms]
      [Choose CSet: 0.0 ms]
      [Ref Proc: 0.1 ms]
      [Ref Enq: 0.0 ms]
      [Free CSet: 0.6 ms]
   [Eden: 855.0M(855.0M)->0.0B(852.0M) Survivors: 67.0M->70.0M Heap: 1079.3M(1538.0M)->227.3M(1538.0M)]
 [Times: user=0.26 sys=0.00, real=0.03 secs] 
172.258: Total time for which application threads were stopped: 0.0337440 seconds, Stopping threads took: 0.0000600 seconds
172.698: Application time: 0.4399910 seconds
172.698: [GC pause (young), 0.0318310 secs]
   [Parallel Time: 30.6 ms, GC Workers: 8]
      [GC Worker Start (ms): Min: 172698.4, Avg: 172698.4, Max: 172698.5, Diff: 0.1]
      [Ext Root Scanning (ms): Min: 0.7, Avg: 0.8, Max: 0.9, Diff: 0.2, Sum: 6.1]
      [Update RS (ms): Min: 0.2, Avg: 0.3, Max: 0.4, Diff: 0.2, Sum: 2.4]
         [Processed Buffers: Min: 1, Avg: 2.1, Max: 3, Diff: 2, Sum: 17]
      [Scan RS (ms): Min: 0.3, Avg: 0.4, Max: 0.4, Diff: 0.1, Sum: 3.0]
      [Code Root Scanning (ms): Min: 0.0, Avg: 0.0, Max: 0.0, Diff: 0.0, Sum: 0.0]
      [Object Copy (ms): Min: 29.0, Avg: 29.0, Max: 29.0, Diff: 0.1, Sum: 231.9]
      [Termination (ms): Min: 0.0, Avg: 0.0, Max: 0.0, Diff: 0.0, Sum: 0.0]
      [GC Worker Other (ms): Min: 0.0, Avg: 0.1, Max: 0.1, Diff: 0.0, Sum: 0.4]
      [GC Worker Total (ms): Min: 30.4, Avg: 30.5, Max: 30.5, Diff: 0.1, Sum: 243.9]
      [GC Worker End (ms): Min: 172728.9, Avg: 172728.9, Max: 172728.9, Diff: 0.0]
   [Code Root Fixup: 0.0 ms]
   [Code Root Migration: 0.1 ms]
   [Clear CT: 0.4 ms]
   [Other: 0.7 ms]
      [Choose CSet: 0.0 ms]
      [Ref Proc: 0.1 ms]
      [Ref Enq: 0.0 ms]
      [Free CSet: 0.5 ms]
   [Eden: 852.0M(852.0M)->0.0B(853.0M) Survivors: 70.0M->69.0M Heap: 1079.3M(1538.0M)->226.8M(1538.0M)]
 [Times: user=0.25 sys=0.00, real=0.03 secs] 
172.730: Total time for which application threads were stopped: 0.0320110 seconds, Stopping threads took: 0.0000410 seconds
173.169: Application time: 0.4388690 seconds
173.169: [GC pause (young), 0.0328500 secs]
   [Parallel Time: 31.7 ms, GC Workers: 8]
      [GC Worker Start (ms): Min: 173169.3, Avg: 173169.4, Max: 173169.4, Diff: 0.1]
      [Ext Root Scanning (ms): Min: 0.7, Avg: 0.7, Max: 0.8, Diff: 0.2, Sum: 6.0]
      [Update RS (ms): Min: 0.2, Avg: 0.3, Max: 0.4, Diff: 0.2, Sum: 2.4]
         [Processed Buffers: Min: 1, Avg: 2.1, Max: 3, Diff: 2, Sum: 17]
      [Scan RS (ms): Min: 0.3, Avg: 0.4, Max: 0.4, Diff: 0.1, Sum: 3.0]
      [Code Root Scanning (ms): Min: 0.0, Avg: 0.0, Max: 0.0, Diff: 0.0, Sum: 0.1]
      [Object Copy (ms): Min: 30.1, Avg: 30.1, Max: 30.2, Diff: 0.1, Sum: 240.8]
      [Termination (ms): Min: 0.0, Avg: 0.0, Max: 0.0, Diff: 0.0, Sum: 0.0]
      [GC Worker Other (ms): Min: 0.0, Avg: 0.1, Max: 0.1, Diff: 0.0, Sum: 0.4]
      [GC Worker Total (ms): Min: 31.5, Avg: 31.6, Max: 31.6, Diff: 0.1, Sum: 252.6]
      [GC Worker End (ms): Min: 173200.9, Avg: 173200.9, Max: 173201.0, Diff: 0.0]
   [Code Root Fixup: 0.1 ms]
   [Code Root Migration: 0.1 ms]
   [Clear CT: 0.3 ms]
   [Other: 0.7 ms]
      [Choose CSet: 0.0 ms]
      [Ref Proc: 0.1 ms]
      [Ref Enq: 0.0 ms]
      [Free CSet: 0.6 ms]
   [Eden: 853.0M(853.0M)->0.0B(852.0M) Survivors: 69.0M->70.0M Heap: 1079.8M(1538.0M)->227.8M(1538.0M)]
 [Times: user=0.25 sys=0.00, real=0.03 secs] 
173.202: Total time for which application threads were stopped: 0.0330670 seconds, Stopping threads took: 0.0000590 seconds
173.645: Application time: 0.4431110 seconds
173.645: [GC pause (young), 0.0321420 secs]
   [Parallel Time: 30.8 ms, GC Workers: 8]
      [GC Worker Start (ms): Min: 173645.5, Avg: 173645.7, Max: 173647.4, Diff: 1.9]
      [Ext Root Scanning (ms): Min: 0.0, Avg: 0.7, Max: 0.9, Diff: 0.9, Sum: 5.2]
      [Update RS (ms): Min: 0.0, Avg: 0.3, Max: 0.4, Diff: 0.4, Sum: 2.2]
         [Processed Buffers: Min: 0, Avg: 2.1, Max: 4, Diff: 4, Sum: 17]
      [Scan RS (ms): Min: 0.0, Avg: 0.3, Max: 0.4, Diff: 0.4, Sum: 2.6]
      [Code Root Scanning (ms): Min: 0.0, Avg: 0.0, Max: 0.0, Diff: 0.0, Sum: 0.0]
      [Object Copy (ms): Min: 28.8, Avg: 29.2, Max: 29.3, Diff: 0.5, Sum: 233.6]
      [Termination (ms): Min: 0.0, Avg: 0.0, Max: 0.0, Diff: 0.0, Sum: 0.0]
      [GC Worker Other (ms): Min: 0.0, Avg: 0.1, Max: 0.1, Diff: 0.1, Sum: 0.4]
      [GC Worker Total (ms): Min: 28.8, Avg: 30.5, Max: 30.8, Diff: 2.0, Sum: 244.2]
      [GC Worker End (ms): Min: 173676.2, Avg: 173676.2, Max: 173676.3, Diff: 0.1]
   [Code Root Fixup: 0.1 ms]
   [Code Root Migration: 0.1 ms]
   [Clear CT: 0.4 ms]
   [Other: 0.8 ms]
      [Choose CSet: 0.0 ms]
      [Ref Proc: 0.1 ms]
      [Ref Enq: 0.0 ms]
      [Free CSet: 0.6 ms]
   [Eden: 852.0M(852.0M)->0.0B(854.0M) Survivors: 70.0M->68.0M Heap: 1079.8M(1538.0M)->225.8M(1538.0M)]
 [Times: user=0.25 sys=0.00, real=0.03 secs] 
173.678: Total time for which application threads were stopped: 0.0323120 seconds, Stopping threads took: 0.0000330 seconds
174.121: Application time: 0.4433420 seconds
174.121: [GC pause (young), 0.0331020 secs]
   [Parallel Time: 31.8 ms, GC Workers: 8]
      [GC Worker Start (ms): Min: 174121.2, Avg: 174121.2, Max: 174121.2, Diff: 0.1]
      [Ext Root Scanning (ms): Min: 0.7, Avg: 0.8, Max: 0.8, Diff: 0.2, Sum: 6.1]
      [Update RS (ms): Min: 0.2, Avg: 0.3, Max: 0.4, Diff: 0.1, Sum: 2.4]
         [Processed Buffers: Min: 1, Avg: 2.1, Max: 3, Diff: 2, Sum: 17]
      [Scan RS (ms): Min: 0.3, Avg: 0.4, Max: 0.4, Diff: 0.1, Sum: 3.0]
      [Code Root Scanning (ms): Min: 0.0, Avg: 0.0, Max: 0.0, Diff: 0.0, Sum: 0.0]
      [Object Copy (ms): Min: 30.2, Avg: 30.3, Max: 30.3, Diff: 0.1, Sum: 242.1]
      [Termination (ms): Min: 0.0, Avg: 0.0, Max: 0.0, Diff: 0.0, Sum: 0.0]
      [GC Worker Other (ms): Min: 0.0, Avg: 0.1, Max: 0.1, Diff: 0.0, Sum: 0.4]
      [GC Worker Total (ms): Min: 31.7, Avg: 31.7, Max: 31.8, Diff: 0.1, Sum: 254.0]
      [GC Worker End (ms): Min: 174152.9, Avg: 174152.9, Max: 174153.0, Diff: 0.0]
   [Code Root Fixup: 0.0 ms]
   [Code Root Migration: 0.1 ms]
   [Clear CT: 0.4 ms]
   [Other: 0.8 ms]
      [Choose CSet: 0.0 ms]
      [Ref Proc: 0.1 ms]
      [Ref Enq: 0.0 ms]
      [Free CSet: 0.6 ms]
   [Eden: 854.0M(854.0M)->0.0B(853.0M) Survivors: 68.0M->69.0M Heap: 1079.8M(1538.0M)->226.9M(1538.0M)]
 [Times: user=0.25 sys=0.00, real=0.04 secs] 
174.154: Total time for which application threads were stopped: 0.0333120 seconds, Stopping threads took: 0.0000540 seconds
174.595: Application time: 0.4404200 seconds
174.595: [GC pause (young), 0.0341950 secs]
   [Parallel Time: 32.8 ms, GC Workers: 8]
      [GC Worker Start (ms): Min: 174594.9, Avg: 174594.9, Max: 174594.9, Diff: 0.1]
      [Ext Root Scanning (ms): Min: 0.7, Avg: 0.8, Max: 0.8, Diff: 0.1, Sum: 6.1]
      [Update RS (ms): Min: 0.2, Avg: 0.3, Max: 0.4, Diff: 0.2, Sum: 2.4]
         [Processed Buffers: Min: 1, Avg: 2.1, Max: 4, Diff: 3, Sum: 17]
      [Scan RS (ms): Min: 0.3, Avg: 0.4, Max: 0.4, Diff: 0.1, Sum: 3.0]
      [Code Root Scanning (ms): Min: 0.0, Avg: 0.0, Max: 0.0, Diff: 0.0, Sum: 0.1]
      [Object Copy (ms): Min: 31.2, Avg: 31.3, Max: 31.3, Diff: 0.1, Sum: 250.3]
      [Termination (ms): Min: 0.0, Avg: 0.0, Max: 0.0, Diff: 0.0, Sum: 0.0]
      [GC Worker Other (ms): Min: 0.0, Avg: 0.1, Max: 0.1, Diff: 0.0, Sum: 0.4]
      [GC Worker Total (ms): Min: 32.7, Avg: 32.8, Max: 32.8, Diff: 0.1, Sum: 262.2]
      [GC Worker End (ms): Min: 174627.7, Avg: 174627.7, Max: 174627.7, Diff: 0.0]
   [Code Root Fixup: 0.0 ms]
   [Code Root Migration: 0.1 ms]
   [Clear CT: 0.4 ms]
   [Other: 0.8 ms]
      [Choose CSet: 0.0 ms]
      [Ref Proc: 0.1 ms]
      [Ref Enq: 0.0 ms]
      [Free CSet: 0.6 ms]
   [Eden: 853.0M(853.0M)->0.0B(850.0M) Survivors: 69.0M->72.0M Heap: 1079.9M(1538.0M)->229.4M(1538.0M)]
 [Times: user=0.26 sys=0.00, real=0.03 secs] 
174.629: Total time for which application threads were stopped: 0.0343680 seconds, Stopping threads took: 0.0000380 seconds
175.071: Application time: 0.4421250 seconds
175.071: [GC pause (young), 0.0304860 secs]
   [Parallel Time: 29.3 ms, GC Workers: 8]
      [GC Worker Start (ms): Min: 175071.4, Avg: 175071.4, Max: 175071.5, Diff: 0.1]
      [Ext Root Scanning (ms): Min: 0.7, Avg: 0.7, Max: 0.8, Diff: 0.1, Sum: 6.0]
      [Update RS (ms): Min: 0.2, Avg: 0.3, Max: 0.4, Diff: 0.2, Sum: 2.3]
         [Processed Buffers: Min: 1, Avg: 2.1, Max: 4, Diff: 3, Sum: 17]
      [Scan RS (ms): Min: 0.3, Avg: 0.4, Max: 0.4, Diff: 0.2, Sum: 2.9]
      [Code Root Scanning (ms): Min: 0.0, Avg: 0.0, Max: 0.0, Diff: 0.0, Sum: 0.0]
      [Object Copy (ms): Min: 27.7, Avg: 27.7, Max: 27.8, Diff: 0.1, Sum: 221.9]
      [Termination (ms): Min: 0.0, Avg: 0.0, Max: 0.0, Diff: 0.0, Sum: 0.0]
      [GC Worker Other (ms): Min: 0.0, Avg: 0.0, Max: 0.1, Diff: 0.0, Sum: 0.4]
      [GC Worker Total (ms): Min: 29.1, Avg: 29.2, Max: 29.2, Diff: 0.1, Sum: 233.5]
      [GC Worker End (ms): Min: 175100.6, Avg: 175100.6, Max: 175100.6, Diff: 0.0]
   [Code Root Fixup: 0.0 ms]
   [Code Root Migration: 0.1 ms]
   [Clear CT: 0.3 ms]
   [Other: 0.7 ms]
      [Choose CSet: 0.0 ms]
      [Ref Proc: 0.1 ms]
      [Ref Enq: 0.0 ms]
      [Free CSet: 0.5 ms]
   [Eden: 850.0M(850.0M)->0.0B(855.0M) Survivors: 72.0M->67.0M Heap: 1079.4M(1538.0M)->224.4M(1538.0M)]
 [Times: user=0.23 sys=0.00, real=0.02 secs] 
175.102: Total time for which application threads were stopped: 0.0307100 seconds, Stopping threads took: 0.0000640 seconds
175.551: Application time: 0.4493190 seconds
175.551: [GC pause (young), 0.0325770 secs]
   [Parallel Time: 31.4 ms, GC Workers: 8]
      [GC Worker Start (ms): Min: 175551.4, Avg: 175551.4, Max: 175551.5, Diff: 0.1]
      [Ext Root Scanning (ms): Min: 0.7, Avg: 0.8, Max: 0.8, Diff: 0.1, Sum: 6.3]
      [Update RS (ms): Min: 0.2, Avg: 0.3, Max: 0.4, Diff: 0.2, Sum: 2.3]
         [Processed Buffers: Min: 1, Avg: 2.1, Max: 4, Diff: 3, Sum: 17]
      [Scan RS (ms): Min: 0.3, Avg: 0.3, Max: 0.4, Diff: 0.1, Sum: 2.8]
      [Code Root Scanning (ms): Min: 0.0, Avg: 0.0, Max: 0.0, Diff: 0.0, Sum: 0.0]
      [Object Copy (ms): Min: 29.8, Avg: 29.8, Max: 29.8, Diff: 0.0, Sum: 238.5]
      [Termination (ms): Min: 0.0, Avg: 0.0, Max: 0.0, Diff: 0.0, Sum: 0.0]
      [GC Worker Other (ms): Min: 0.0, Avg: 0.1, Max: 0.1, Diff: 0.0, Sum: 0.4]
      [GC Worker Total (ms): Min: 31.3, Avg: 31.3, Max: 31.3, Diff: 0.1, Sum: 250.3]
      [GC Worker End (ms): Min: 175582.7, Avg: 175582.7, Max: 175582.7, Diff: 0.0]
   [Code Root Fixup: 0.0 ms]
   [Code Root Migration: 0.1 ms]
   [Clear CT: 0.4 ms]
   [Other: 0.7 ms]
      [Choose CSet: 0.0 ms]
      [Ref Proc: 0.1 ms]
      [Ref Enq: 0.0 ms]
      [Free CSet: 0.5 ms]
   [Eden: 855.0M(855.0M)->0.0B(853.0M) Survivors: 67.0M->69.0M Heap: 1079.4M(1538.0M)->226.9M(1538.0M)]
 [Times: user=0.25 sys=0.00, real=0.03 secs] 
175.584: Total time for which application threads were stopped: 0.0327760 seconds, Stopping threads took: 0.0000480 seconds
176.027: Application time: 0.4430770 seconds
176.027: [GC pause (young), 0.0332320 secs]
   [Parallel Time: 32.0 ms, GC Workers: 8]
      [GC Worker Start (ms): Min: 176027.3, Avg: 176027.3, Max: 176027.4, Diff: 0.1]
      [Ext Root Scanning (ms): Min: 0.7, Avg: 0.8, Max: 0.9, Diff: 0.1, Sum: 6.3]
      [Update RS (ms): Min: 0.2, Avg: 0.3, Max: 0.4, Diff: 0.2, Sum: 2.4]
         [Processed Buffers: Min: 1, Avg: 2.1, Max: 3, Diff: 2, Sum: 17]
      [Scan RS (ms): Min: 0.3, Avg: 0.4, Max: 0.4, Diff: 0.2, Sum: 2.8]
      [Code Root Scanning (ms): Min: 0.0, Avg: 0.0, Max: 0.0, Diff: 0.0, Sum: 0.0]
      [Object Copy (ms): Min: 30.4, Avg: 30.4, Max: 30.4, Diff: 0.0, Sum: 243.5]
      [Termination (ms): Min: 0.0, Avg: 0.0, Max: 0.0, Diff: 0.0, Sum: 0.0]
      [GC Worker Other (ms): Min: 0.0, Avg: 0.1, Max: 0.1, Diff: 0.0, Sum: 0.4]
      [GC Worker Total (ms): Min: 31.9, Avg: 31.9, Max: 32.0, Diff: 0.1, Sum: 255.4]
      [GC Worker End (ms): Min: 176059.2, Avg: 176059.2, Max: 176059.3, Diff: 0.0]
   [Code Root Fixup: 0.0 ms]
   [Code Root Migration: 0.1 ms]
   [Clear CT: 0.4 ms]
   [Other: 0.7 ms]
      [Choose CSet: 0.0 ms]
      [Ref Proc: 0.1 ms]
      [Ref Enq: 0.0 ms]
      [Free CSet: 0.5 ms]
   [Eden: 853.0M(853.0M)->0.0B(850.0M) Survivors: 69.0M->72.0M Heap: 1079.9M(1538.0M)->229.4M(1538.0M)]
 [Times: user=0.26 sys=0.00, real=0.03 secs] 
176.061: Total time for which application threads were stopped: 0.0334510 seconds, Stopping threads took: 0.0000460 seconds
176.502: Application time: 0.4410170 seconds
176.502: [GC pause (young), 0.0309710 secs]
   [Parallel Time: 29.7 ms, GC Workers: 8]
      [GC Worker Start (ms): Min: 176501.7, Avg: 176501.8, Max: 176501.8, Diff: 0.1]
      [Ext Root Scanning (ms): Min: 0.7, Avg: 0.8, Max: 0.8, Diff: 0.1, Sum: 6.3]
      [Update RS (ms): Min: 0.2, Avg: 0.3, Max: 0.4, Diff: 0.2, Sum: 2.3]
         [Processed Buffers: Min: 1, Avg: 2.1, Max: 3, Diff: 2, Sum: 17]
      [Scan RS (ms): Min: 0.3, Avg: 0.3, Max: 0.4, Diff: 0.2, Sum: 2.7]
      [Code Root Scanning (ms): Min: 0.0, Avg: 0.0, Max: 0.0, Diff: 0.0, Sum: 0.0]
      [Object Copy (ms): Min: 28.2, Avg: 28.2, Max: 28.2, Diff: 0.0, Sum: 225.5]
      [Termination (ms): Min: 0.0, Avg: 0.0, Max: 0.0, Diff: 0.0, Sum: 0.0]
      [GC Worker Other (ms): Min: 0.0, Avg: 0.0, Max: 0.1, Diff: 0.0, Sum: 0.4]
      [GC Worker Total (ms): Min: 29.6, Avg: 29.7, Max: 29.7, Diff: 0.1, Sum: 237.2]
      [GC Worker End (ms): Min: 176531.4, Avg: 176531.4, Max: 176531.4, Diff: 0.0]
   [Code Root Fixup: 0.0 ms]
   [Code Root Migration: 0.1 ms]
   [Clear CT: 0.4 ms]
   [Other: 0.7 ms]
      [Choose CSet: 0.0 ms]
      [Ref Proc: 0.1 ms]
      [Ref Enq: 0.0 ms]
      [Free CSet: 0.5 ms]
   [Eden: 850.0M(850.0M)->0.0B(854.0M) Survivors: 72.0M->68.0M Heap: 1079.4M(1538.0M)->225.4M(1538.0M)]
 [Times: user=0.24 sys=0.00, real=0.04 secs] 
176.533: Total time for which application threads were stopped: 0.0311760 seconds, Stopping threads took: 0.0000700 seconds
176.976: Application time: 0.4429900 seconds
176.976: [GC pause (young), 0.0324040 secs]
   [Parallel Time: 31.2 ms, GC Workers: 8]
      [GC Worker Start (ms): Min: 176975.9, Avg: 176976.0, Max: 176976.0, Diff: 0.1]
      [Ext Root Scanning (ms): Min: 0.7, Avg: 0.8, Max: 0.8, Diff: 0.1, Sum: 6.3]
      [Update RS (ms): Min: 0.2, Avg: 0.3, Max: 0.4, Diff: 0.1, Sum: 2.3]
         [Processed Buffers: Min: 1, Avg: 2.1, Max: 4, Diff: 3, Sum: 17]
      [Scan RS (ms): Min: 0.3, Avg: 0.4, Max: 0.4, Diff: 0.1, Sum: 2.9]
      [Code Root Scanning (ms): Min: 0.0, Avg: 0.0, Max: 0.0, Diff: 0.0, Sum: 0.0]
      [Object Copy (ms): Min: 29.6, Avg: 29.6, Max: 29.6, Diff: 0.0, Sum: 236.9]
      [Termination (ms): Min: 0.0, Avg: 0.0, Max: 0.0, Diff: 0.0, Sum: 0.0]
      [GC Worker Other (ms): Min: 0.0, Avg: 0.1, Max: 0.1, Diff: 0.0, Sum: 0.5]
      [GC Worker Total (ms): Min: 31.1, Avg: 31.1, Max: 31.2, Diff: 0.1, Sum: 248.9]
      [GC Worker End (ms): Min: 177007.1, Avg: 177007.1, Max: 177007.1, Diff: 0.0]
   [Code Root Fixup: 0.0 ms]
   [Code Root Migration: 0.1 ms]
   [Clear CT: 0.4 ms]
   [Other: 0.7 ms]
      [Choose CSet: 0.0 ms]
      [Ref Proc: 0.1 ms]
      [Ref Enq: 0.0 ms]
      [Free CSet: 0.5 ms]
   [Eden: 854.0M(854.0M)->0.0B(853.0M) Survivors: 68.0M->69.0M Heap: 1079.4M(1538.0M)->226.4M(1538.0M)]
 [Times: user=0.25 sys=0.00, real=0.03 secs] 
177.008: Total time for which application threads were stopped: 0.0326300 seconds, Stopping threads took: 0.0000680 seconds
177.449: Application time: 0.4405310 seconds
177.449: [GC pause (young), 0.0327800 secs]
   [Parallel Time: 31.5 ms, GC Workers: 8]
      [GC Worker Start (ms): Min: 177449.1, Avg: 177449.1, Max: 177449.1, Diff: 0.1]
      [Ext Root Scanning (ms): Min: 0.7, Avg: 0.8, Max: 0.9, Diff: 0.1, Sum: 6.4]
      [Update RS (ms): Min: 0.2, Avg: 0.3, Max: 0.4, Diff: 0.2, Sum: 2.3]
         [Processed Buffers: Min: 1, Avg: 2.1, Max: 3, Diff: 2, Sum: 17]
      [Scan RS (ms): Min: 0.3, Avg: 0.4, Max: 0.4, Diff: 0.2, Sum: 2.9]
      [Code Root Scanning (ms): Min: 0.0, Avg: 0.0, Max: 0.0, Diff: 0.0, Sum: 0.0]
      [Object Copy (ms): Min: 29.9, Avg: 29.9, Max: 30.0, Diff: 0.1, Sum: 239.4]
      [Termination (ms): Min: 0.0, Avg: 0.0, Max: 0.0, Diff: 0.0, Sum: 0.0]
      [GC Worker Other (ms): Min: 0.0, Avg: 0.0, Max: 0.1, Diff: 0.0, Sum: 0.4]
      [GC Worker Total (ms): Min: 31.4, Avg: 31.4, Max: 31.4, Diff: 0.0, Sum: 251.4]
      [GC Worker End (ms): Min: 177480.5, Avg: 177480.5, Max: 177480.6, Diff: 0.0]
   [Code Root Fixup: 0.0 ms]
   [Code Root Migration: 0.1 ms]
   [Clear CT: 0.4 ms]
   [Other: 0.7 ms]
      [Choose CSet: 0.0 ms]
      [Ref Proc: 0.1 ms]
      [Ref Enq: 0.0 ms]
      [Free CSet: 0.5 ms]
   [Eden: 853.0M(853.0M)->0.0B(852.0M) Survivors: 69.0M->70.0M Heap: 1079.4M(1538.0M)->227.9M(1538.0M)]
 [Times: user=0.26 sys=0.00, real=0.03 secs] 
177.482: Total time for which application threads were stopped: 0.0329910 seconds, Stopping threads took: 0.0000720 seconds
177.919: Application time: 0.4371050 seconds
177.919: [GC pause (young), 0.0347090 secs]
   [Parallel Time: 33.5 ms, GC Workers: 8]
      [GC Worker Start (ms): Min: 177919.2, Avg: 177919.2, Max: 177919.2, Diff: 0.1]
      [Ext Root Scanning (ms): Min: 0.7, Avg: 0.8, Max: 0.8, Diff: 0.1, Sum: 6.0]
      [Update RS (ms): Min: 0.2, Avg: 0.3, Max: 0.4, Diff: 0.2, Sum: 2.3]
         [Processed Buffers: Min: 1, Avg: 2.1, Max: 4, Diff: 3, Sum: 17]
      [Scan RS (ms): Min: 0.3, Avg: 0.4, Max: 0.5, Diff: 0.1, Sum: 3.1]
      [Code Root Scanning (ms): Min: 0.0, Avg: 0.0, Max: 0.0, Diff: 0.0, Sum: 0.0]
      [Object Copy (ms): Min: 29.5, Avg: 29.9, Max: 31.9, Diff: 2.3, Sum: 238.8]
      [Termination (ms): Min: 0.0, Avg: 2.0, Max: 2.4, Diff: 2.4, Sum: 15.7]
      [GC Worker Other (ms): Min: 0.0, Avg: 0.0, Max: 0.0, Diff: 0.0, Sum: 0.2]
      [GC Worker Total (ms): Min: 33.2, Avg: 33.3, Max: 33.4, Diff: 0.2, Sum: 266.2]
      [GC Worker End (ms): Min: 177952.4, Avg: 177952.5, Max: 177952.6, Diff: 0.2]
   [Code Root Fixup: 0.0 ms]
   [Code Root Migration: 0.1 ms]
   [Clear CT: 0.3 ms]
   [Other: 0.7 ms]
      [Choose CSet: 0.0 ms]
      [Ref Proc: 0.1 ms]
      [Ref Enq: 0.0 ms]
      [Free CSet: 0.5 ms]
   [Eden: 852.0M(852.0M)->0.0B(853.0M) Survivors: 70.0M->69.0M Heap: 1079.9M(1538.0M)->226.4M(1538.0M)]
 [Times: user=0.27 sys=0.00, real=0.04 secs] 
177.954: Total time for which application threads were stopped: 0.0348940 seconds, Stopping threads took: 0.0000420 seconds
178.393: Application time: 0.4393290 seconds
178.393: [GC pause (young), 0.0322890 secs]
   [Parallel Time: 30.9 ms, GC Workers: 8]
      [GC Worker Start (ms): Min: 178393.4, Avg: 178393.4, Max: 178393.5, Diff: 0.1]
      [Ext Root Scanning (ms): Min: 0.7, Avg: 0.7, Max: 0.8, Diff: 0.1, Sum: 5.9]
      [Update RS (ms): Min: 0.2, Avg: 0.3, Max: 0.4, Diff: 0.2, Sum: 2.4]
         [Processed Buffers: Min: 1, Avg: 2.1, Max: 3, Diff: 2, Sum: 17]
      [Scan RS (ms): Min: 0.3, Avg: 0.4, Max: 0.4, Diff: 0.1, Sum: 3.0]
      [Code Root Scanning (ms): Min: 0.0, Avg: 0.0, Max: 0.0, Diff: 0.0, Sum: 0.0]
      [Object Copy (ms): Min: 29.3, Avg: 29.4, Max: 29.4, Diff: 0.1, Sum: 235.1]
      [Termination (ms): Min: 0.0, Avg: 0.0, Max: 0.0, Diff: 0.0, Sum: 0.0]
      [GC Worker Other (ms): Min: 0.0, Avg: 0.1, Max: 0.1, Diff: 0.0, Sum: 0.4]
      [GC Worker Total (ms): Min: 30.8, Avg: 30.9, Max: 30.9, Diff: 0.1, Sum: 246.8]
      [GC Worker End (ms): Min: 178424.2, Avg: 178424.3, Max: 178424.3, Diff: 0.0]
   [Code Root Fixup: 0.0 ms]
   [Code Root Migration: 0.1 ms]
   [Clear CT: 0.4 ms]
   [Other: 0.8 ms]
      [Choose CSet: 0.0 ms]
      [Ref Proc: 0.1 ms]
      [Ref Enq: 0.0 ms]
      [Free CSet: 0.6 ms]
   [Eden: 853.0M(853.0M)->0.0B(853.0M) Survivors: 69.0M->69.0M Heap: 1079.4M(1538.0M)->226.5M(1538.0M)]
 [Times: user=0.26 sys=0.00, real=0.03 secs] 
178.426: Total time for which application threads were stopped: 0.0324780 seconds, Stopping threads took: 0.0000450 seconds
178.867: Application time: 0.4417430 seconds
178.868: [GC pause (young), 0.0325360 secs]
   [Parallel Time: 31.2 ms, GC Workers: 8]
      [GC Worker Start (ms): Min: 178867.6, Avg: 178867.6, Max: 178867.7, Diff: 0.1]
      [Ext Root Scanning (ms): Min: 0.7, Avg: 0.8, Max: 0.8, Diff: 0.1, Sum: 6.2]
      [Update RS (ms): Min: 0.2, Avg: 0.3, Max: 0.4, Diff: 0.2, Sum: 2.3]
         [Processed Buffers: Min: 1, Avg: 2.1, Max: 3, Diff: 2, Sum: 17]
      [Scan RS (ms): Min: 0.3, Avg: 0.4, Max: 0.4, Diff: 0.1, Sum: 2.8]
      [Code Root Scanning (ms): Min: 0.0, Avg: 0.0, Max: 0.0, Diff: 0.0, Sum: 0.1]
      [Object Copy (ms): Min: 29.7, Avg: 29.7, Max: 29.7, Diff: 0.1, Sum: 237.5]
      [Termination (ms): Min: 0.0, Avg: 0.0, Max: 0.0, Diff: 0.0, Sum: 0.0]
      [GC Worker Other (ms): Min: 0.0, Avg: 0.1, Max: 0.1, Diff: 0.0, Sum: 0.5]
      [GC Worker Total (ms): Min: 31.1, Avg: 31.2, Max: 31.2, Diff: 0.1, Sum: 249.4]
      [GC Worker End (ms): Min: 178898.8, Avg: 178898.8, Max: 178898.8, Diff: 0.0]
   [Code Root Fixup: 0.0 ms]
   [Code Root Migration: 0.1 ms]
   [Clear CT: 0.4 ms]
   [Other: 0.7 ms]
      [Choose CSet: 0.0 ms]
      [Ref Proc: 0.1 ms]
      [Ref Enq: 0.0 ms]
      [Free CSet: 0.6 ms]
   [Eden: 853.0M(853.0M)->0.0B(853.0M) Survivors: 69.0M->69.0M Heap: 1079.5M(1538.0M)->227.0M(1538.0M)]
 [Times: user=0.25 sys=0.00, real=0.03 secs] 
178.900: Total time for which application threads were stopped: 0.0327230 seconds, Stopping threads took: 0.0000390 seconds
179.343: Application time: 0.4426330 seconds
179.343: [GC pause (young), 0.0335290 secs]
   [Parallel Time: 32.3 ms, GC Workers: 8]
      [GC Worker Start (ms): Min: 179343.0, Avg: 179343.0, Max: 179343.0, Diff: 0.1]
      [Ext Root Scanning (ms): Min: 0.7, Avg: 0.8, Max: 0.8, Diff: 0.1, Sum: 6.1]
      [Update RS (ms): Min: 0.2, Avg: 0.3, Max: 0.4, Diff: 0.2, Sum: 2.4]
         [Processed Buffers: Min: 1, Avg: 2.1, Max: 3, Diff: 2, Sum: 17]
      [Scan RS (ms): Min: 0.3, Avg: 0.4, Max: 0.4, Diff: 0.2, Sum: 2.9]
      [Code Root Scanning (ms): Min: 0.0, Avg: 0.0, Max: 0.0, Diff: 0.0, Sum: 0.0]
      [Object Copy (ms): Min: 30.7, Avg: 30.7, Max: 30.8, Diff: 0.1, Sum: 245.9]
      [Termination (ms): Min: 0.0, Avg: 0.0, Max: 0.0, Diff: 0.0, Sum: 0.0]
      [GC Worker Other (ms): Min: 0.0, Avg: 0.1, Max: 0.1, Diff: 0.0, Sum: 0.4]
      [GC Worker Total (ms): Min: 32.2, Avg: 32.2, Max: 32.3, Diff: 0.1, Sum: 257.8]
      [GC Worker End (ms): Min: 179375.2, Avg: 179375.2, Max: 179375.2, Diff: 0.0]
   [Code Root Fixup: 0.0 ms]
   [Code Root Migration: 0.1 ms]
   [Clear CT: 0.4 ms]
   [Other: 0.7 ms]
      [Choose CSet: 0.0 ms]
      [Ref Proc: 0.1 ms]
      [Ref Enq: 0.0 ms]
      [Free CSet: 0.5 ms]
   [Eden: 853.0M(853.0M)->0.0B(850.0M) Survivors: 69.0M->72.0M Heap: 1080.0M(1538.0M)->230.0M(1538.0M)]
 [Times: user=0.26 sys=0.00, real=0.04 secs] 
179.377: Total time for which application threads were stopped: 0.0337230 seconds, Stopping threads took: 0.0000500 seconds
179.822: Application time: 0.4450940 seconds
179.822: [GC pause (young), 0.0322430 secs]
   [Parallel Time: 31.0 ms, GC Workers: 8]
      [GC Worker Start (ms): Min: 179821.8, Avg: 179821.8, Max: 179821.9, Diff: 0.1]
      [Ext Root Scanning (ms): Min: 0.7, Avg: 0.8, Max: 0.8, Diff: 0.1, Sum: 6.0]
      [Update RS (ms): Min: 0.2, Avg: 0.3, Max: 0.4, Diff: 0.2, Sum: 2.4]
         [Processed Buffers: Min: 1, Avg: 2.1, Max: 3, Diff: 2, Sum: 17]
      [Scan RS (ms): Min: 0.3, Avg: 0.4, Max: 0.4, Diff: 0.2, Sum: 2.8]
      [Code Root Scanning (ms): Min: 0.0, Avg: 0.0, Max: 0.0, Diff: 0.0, Sum: 0.0]
      [Object Copy (ms): Min: 29.5, Avg: 29.5, Max: 29.5, Diff: 0.1, Sum: 235.8]
      [Termination (ms): Min: 0.0, Avg: 0.0, Max: 0.0, Diff: 0.0, Sum: 0.0]
      [GC Worker Other (ms): Min: 0.0, Avg: 0.1, Max: 0.1, Diff: 0.0, Sum: 0.4]
      [GC Worker Total (ms): Min: 30.9, Avg: 31.0, Max: 31.0, Diff: 0.1, Sum: 247.6]
      [GC Worker End (ms): Min: 179852.8, Avg: 179852.8, Max: 179852.8, Diff: 0.0]
   [Code Root Fixup: 0.0 ms]
   [Code Root Migration: 0.1 ms]
   [Clear CT: 0.4 ms]
   [Other: 0.7 ms]
      [Choose CSet: 0.0 ms]
      [Ref Proc: 0.1 ms]
      [Ref Enq: 0.0 ms]
      [Free CSet: 0.6 ms]
   [Eden: 850.0M(850.0M)->0.0B(853.0M) Survivors: 72.0M->69.0M Heap: 1080.0M(1538.0M)->227.0M(1538.0M)]
 [Times: user=0.25 sys=0.00, real=0.04 secs] 
179.854: Total time for which application threads were stopped: 0.0324450 seconds, Stopping threads took: 0.0000580 seconds
180.308: Application time: 0.4534140 seconds
180.308: [GC pause (young), 0.0335150 secs]
   [Parallel Time: 32.2 ms, GC Workers: 8]
      [GC Worker Start (ms): Min: 180307.7, Avg: 180307.7, Max: 180307.7, Diff: 0.1]
      [Ext Root Scanning (ms): Min: 0.7, Avg: 0.8, Max: 0.8, Diff: 0.1, Sum: 6.0]
      [Update RS (ms): Min: 0.2, Avg: 0.3, Max: 0.4, Diff: 0.2, Sum: 2.4]
         [Processed Buffers: Min: 1, Avg: 2.1, Max: 3, Diff: 2, Sum: 17]
      [Scan RS (ms): Min: 0.3, Avg: 0.4, Max: 0.4, Diff: 0.2, Sum: 2.9]
      [Code Root Scanning (ms): Min: 0.0, Avg: 0.0, Max: 0.0, Diff: 0.0, Sum: 0.0]
      [Object Copy (ms): Min: 30.6, Avg: 30.7, Max: 30.7, Diff: 0.1, Sum: 245.3]
      [Termination (ms): Min: 0.0, Avg: 0.0, Max: 0.0, Diff: 0.0, Sum: 0.0]
      [GC Worker Other (ms): Min: 0.0, Avg: 0.1, Max: 0.1, Diff: 0.0, Sum: 0.4]
      [GC Worker Total (ms): Min: 32.1, Avg: 32.1, Max: 32.2, Diff: 0.1, Sum: 257.1]
      [GC Worker End (ms): Min: 180339.8, Avg: 180339.8, Max: 180339.8, Diff: 0.0]
   [Code Root Fixup: 0.1 ms]
   [Code Root Migration: 0.1 ms]
   [Clear CT: 0.4 ms]
   [Other: 0.7 ms]
      [Choose CSet: 0.0 ms]
      [Ref Proc: 0.1 ms]
      [Ref Enq: 0.0 ms]
      [Free CSet: 0.6 ms]
   [Eden: 853.0M(853.0M)->0.0B(852.0M) Survivors: 69.0M->70.0M Heap: 1080.0M(1538.0M)->228.0M(1538.0M)]
 [Times: user=0.26 sys=0.00, real=0.03 secs] 
180.341: Total time for which application threads were stopped: 0.0337010 seconds, Stopping threads took: 0.0000510 seconds
180.785: Application time: 0.4435150 seconds
180.785: [GC pause (young), 0.0327820 secs]
   [Parallel Time: 31.5 ms, GC Workers: 8]
      [GC Worker Start (ms): Min: 180784.9, Avg: 180784.9, Max: 180785.0, Diff: 0.1]
      [Ext Root Scanning (ms): Min: 0.7, Avg: 0.7, Max: 0.8, Diff: 0.1, Sum: 6.0]
      [Update RS (ms): Min: 0.2, Avg: 0.3, Max: 0.5, Diff: 0.3, Sum: 2.4]
         [Processed Buffers: Min: 1, Avg: 2.1, Max: 3, Diff: 2, Sum: 17]
      [Scan RS (ms): Min: 0.2, Avg: 0.4, Max: 0.4, Diff: 0.2, Sum: 2.9]
      [Code Root Scanning (ms): Min: 0.0, Avg: 0.0, Max: 0.0, Diff: 0.0, Sum: 0.0]
      [Object Copy (ms): Min: 29.9, Avg: 30.0, Max: 30.0, Diff: 0.1, Sum: 239.7]
      [Termination (ms): Min: 0.0, Avg: 0.0, Max: 0.0, Diff: 0.0, Sum: 0.0]
      [GC Worker Other (ms): Min: 0.0, Avg: 0.0, Max: 0.1, Diff: 0.0, Sum: 0.4]
      [GC Worker Total (ms): Min: 31.4, Avg: 31.4, Max: 31.5, Diff: 0.1, Sum: 251.4]
      [GC Worker End (ms): Min: 180816.3, Avg: 180816.3, Max: 180816.4, Diff: 0.0]
   [Code Root Fixup: 0.0 ms]
   [Code Root Migration: 0.1 ms]
   [Clear CT: 0.4 ms]
   [Other: 0.8 ms]
      [Choose CSet: 0.0 ms]
      [Ref Proc: 0.1 ms]
      [Ref Enq: 0.0 ms]
      [Free CSet: 0.6 ms]
   [Eden: 852.0M(852.0M)->0.0B(853.0M) Survivors: 70.0M->69.0M Heap: 1080.0M(1538.0M)->226.5M(1538.0M)]
 [Times: user=0.26 sys=0.00, real=0.03 secs] 
180.818: Total time for which application threads were stopped: 0.0329830 seconds, Stopping threads took: 0.0000450 seconds
181.261: Application time: 0.4428700 seconds
181.261: [GC pause (young), 0.0329190 secs]
   [Parallel Time: 31.6 ms, GC Workers: 8]
      [GC Worker Start (ms): Min: 181260.7, Avg: 181261.4, Max: 181263.4, Diff: 2.7]
      [Ext Root Scanning (ms): Min: 0.0, Avg: 0.6, Max: 0.9, Diff: 0.8, Sum: 4.7]
      [Update RS (ms): Min: 0.0, Avg: 0.3, Max: 0.5, Diff: 0.5, Sum: 2.1]
         [Processed Buffers: Min: 0, Avg: 2.2, Max: 5, Diff: 5, Sum: 18]
      [Scan RS (ms): Min: 0.0, Avg: 0.3, Max: 0.4, Diff: 0.4, Sum: 2.3]
      [Code Root Scanning (ms): Min: 0.0, Avg: 0.0, Max: 0.0, Diff: 0.0, Sum: 0.0]
      [Object Copy (ms): Min: 28.8, Avg: 29.7, Max: 30.0, Diff: 1.2, Sum: 237.5]
      [Termination (ms): Min: 0.0, Avg: 0.0, Max: 0.0, Diff: 0.0, Sum: 0.0]
      [GC Worker Other (ms): Min: 0.0, Avg: 0.1, Max: 0.1, Diff: 0.0, Sum: 0.4]
      [GC Worker Total (ms): Min: 28.9, Avg: 30.9, Max: 31.6, Diff: 2.7, Sum: 247.0]
      [GC Worker End (ms): Min: 181292.3, Avg: 181292.3, Max: 181292.3, Diff: 0.0]
   [Code Root Fixup: 0.1 ms]
   [Code Root Migration: 0.1 ms]
   [Clear CT: 0.4 ms]
   [Other: 0.8 ms]
      [Choose CSet: 0.0 ms]
      [Ref Proc: 0.1 ms]
      [Ref Enq: 0.0 ms]
      [Free CSet: 0.6 ms]
   [Eden: 853.0M(853.0M)->0.0B(852.0M) Survivors: 69.0M->70.0M Heap: 1079.5M(1538.0M)->228.0M(1538.0M)]
 [Times: user=0.25 sys=0.00, real=0.04 secs] 
181.294: Total time for which application threads were stopped: 0.0331160 seconds, Stopping threads took: 0.0000440 seconds
181.732: Application time: 0.4387590 seconds
181.733: [GC pause (young), 0.0340600 secs]
   [Parallel Time: 32.8 ms, GC Workers: 8]
      [GC Worker Start (ms): Min: 181732.6, Avg: 181732.6, Max: 181732.7, Diff: 0.1]
      [Ext Root Scanning (ms): Min: 0.7, Avg: 0.8, Max: 0.8, Diff: 0.1, Sum: 6.0]
      [Update RS (ms): Min: 0.2, Avg: 0.3, Max: 0.5, Diff: 0.3, Sum: 2.4]
         [Processed Buffers: Min: 1, Avg: 2.1, Max: 3, Diff: 2, Sum: 17]
      [Scan RS (ms): Min: 0.2, Avg: 0.4, Max: 0.4, Diff: 0.3, Sum: 2.8]
      [Code Root Scanning (ms): Min: 0.0, Avg: 0.0, Max: 0.0, Diff: 0.0, Sum: 0.0]
      [Object Copy (ms): Min: 31.2, Avg: 31.2, Max: 31.3, Diff: 0.1, Sum: 249.7]
      [Termination (ms): Min: 0.0, Avg: 0.0, Max: 0.0, Diff: 0.0, Sum: 0.0]
      [GC Worker Other (ms): Min: 0.0, Avg: 0.1, Max: 0.1, Diff: 0.1, Sum: 0.5]
      [GC Worker Total (ms): Min: 32.6, Avg: 32.7, Max: 32.7, Diff: 0.1, Sum: 261.5]
      [GC Worker End (ms): Min: 181765.3, Avg: 181765.3, Max: 181765.4, Diff: 0.1]
   [Code Root Fixup: 0.0 ms]
   [Code Root Migration: 0.1 ms]
   [Clear CT: 0.4 ms]
   [Other: 0.7 ms]
      [Choose CSet: 0.0 ms]
      [Ref Proc: 0.1 ms]
      [Ref Enq: 0.0 ms]
      [Free CSet: 0.6 ms]
   [Eden: 852.0M(852.0M)->0.0B(848.0M) Survivors: 70.0M->74.0M Heap: 1080.0M(1538.0M)->231.6M(1538.0M)]
 [Times: user=0.26 sys=0.00, real=0.03 secs] 
181.767: Total time for which application threads were stopped: 0.0342420 seconds, Stopping threads took: 0.0000290 seconds
182.203: Application time: 0.4363980 seconds
182.203: [GC pause (young), 0.0314200 secs]
   [Parallel Time: 30.1 ms, GC Workers: 8]
      [GC Worker Start (ms): Min: 182203.2, Avg: 182203.3, Max: 182203.3, Diff: 0.1]
      [Ext Root Scanning (ms): Min: 0.7, Avg: 0.8, Max: 0.8, Diff: 0.1, Sum: 6.2]
      [Update RS (ms): Min: 0.2, Avg: 0.3, Max: 0.5, Diff: 0.3, Sum: 2.4]
         [Processed Buffers: Min: 1, Avg: 2.1, Max: 3, Diff: 2, Sum: 17]
      [Scan RS (ms): Min: 0.2, Avg: 0.4, Max: 0.4, Diff: 0.2, Sum: 3.0]
      [Code Root Scanning (ms): Min: 0.0, Avg: 0.0, Max: 0.0, Diff: 0.0, Sum: 0.0]
      [Object Copy (ms): Min: 28.5, Avg: 28.5, Max: 28.6, Diff: 0.1, Sum: 228.2]
      [Termination (ms): Min: 0.0, Avg: 0.0, Max: 0.0, Diff: 0.0, Sum: 0.0]
      [GC Worker Other (ms): Min: 0.0, Avg: 0.1, Max: 0.1, Diff: 0.0, Sum: 0.4]
      [GC Worker Total (ms): Min: 30.0, Avg: 30.0, Max: 30.1, Diff: 0.1, Sum: 240.2]
      [GC Worker End (ms): Min: 182233.3, Avg: 182233.3, Max: 182233.3, Diff: 0.0]
   [Code Root Fixup: 0.1 ms]
   [Code Root Migration: 0.1 ms]
   [Clear CT: 0.4 ms]
   [Other: 0.8 ms]
      [Choose CSet: 0.0 ms]
      [Ref Proc: 0.1 ms]
      [Ref Enq: 0.0 ms]
      [Free CSet: 0.6 ms]
   [Eden: 848.0M(848.0M)->0.0B(855.0M) Survivors: 74.0M->67.0M Heap: 1079.6M(1538.0M)->224.6M(1538.0M)]
 [Times: user=0.24 sys=0.00, real=0.04 secs] 
182.235: Total time for which application threads were stopped: 0.0316030 seconds, Stopping threads took: 0.0000340 seconds
182.674: Application time: 0.4394740 seconds
182.674: [GC pause (young), 0.0327370 secs]
   [Parallel Time: 31.5 ms, GC Workers: 8]
      [GC Worker Start (ms): Min: 182674.3, Avg: 182674.3, Max: 182674.4, Diff: 0.1]
      [Ext Root Scanning (ms): Min: 0.8, Avg: 0.8, Max: 0.8, Diff: 0.1, Sum: 6.4]
      [Update RS (ms): Min: 0.1, Avg: 0.3, Max: 0.5, Diff: 0.4, Sum: 2.5]
         [Processed Buffers: Min: 1, Avg: 2.1, Max: 4, Diff: 3, Sum: 17]
      [Scan RS (ms): Min: 0.2, Avg: 0.4, Max: 0.5, Diff: 0.3, Sum: 2.8]
      [Code Root Scanning (ms): Min: 0.0, Avg: 0.0, Max: 0.0, Diff: 0.0, Sum: 0.0]
      [Object Copy (ms): Min: 29.9, Avg: 29.9, Max: 30.0, Diff: 0.1, Sum: 239.4]
      [Termination (ms): Min: 0.0, Avg: 0.0, Max: 0.0, Diff: 0.0, Sum: 0.0]
      [GC Worker Other (ms): Min: 0.0, Avg: 0.1, Max: 0.1, Diff: 0.0, Sum: 0.4]
      [GC Worker Total (ms): Min: 31.4, Avg: 31.4, Max: 31.5, Diff: 0.1, Sum: 251.6]
      [GC Worker End (ms): Min: 182705.8, Avg: 182705.8, Max: 182705.8, Diff: 0.0]
   [Code Root Fixup: 0.0 ms]
   [Code Root Migration: 0.1 ms]
   [Clear CT: 0.4 ms]
   [Other: 0.7 ms]
      [Choose CSet: 0.0 ms]
      [Ref Proc: 0.1 ms]
      [Ref Enq: 0.0 ms]
      [Free CSet: 0.5 ms]
   [Eden: 855.0M(855.0M)->0.0B(852.0M) Survivors: 67.0M->70.0M Heap: 1079.6M(1538.0M)->227.6M(1538.0M)]
 [Times: user=0.25 sys=0.00, real=0.03 secs] 
182.707: Total time for which application threads were stopped: 0.0329040 seconds, Stopping threads took: 0.0000180 seconds
183.145: Application time: 0.4380490 seconds
183.145: [GC pause (young), 0.0309560 secs]
   [Parallel Time: 29.7 ms, GC Workers: 8]
      [GC Worker Start (ms): Min: 183145.3, Avg: 183145.3, Max: 183145.3, Diff: 0.1]
      [Ext Root Scanning (ms): Min: 0.7, Avg: 0.8, Max: 0.8, Diff: 0.2, Sum: 6.3]
      [Update RS (ms): Min: 0.2, Avg: 0.3, Max: 0.5, Diff: 0.3, Sum: 2.4]
         [Processed Buffers: Min: 1, Avg: 2.2, Max: 4, Diff: 3, Sum: 18]
      [Scan RS (ms): Min: 0.2, Avg: 0.3, Max: 0.4, Diff: 0.2, Sum: 2.7]
      [Code Root Scanning (ms): Min: 0.0, Avg: 0.0, Max: 0.0, Diff: 0.0, Sum: 0.0]
      [Object Copy (ms): Min: 28.1, Avg: 28.1, Max: 28.1, Diff: 0.0, Sum: 225.0]
      [Termination (ms): Min: 0.0, Avg: 0.0, Max: 0.0, Diff: 0.0, Sum: 0.0]
      [GC Worker Other (ms): Min: 0.0, Avg: 0.1, Max: 0.1, Diff: 0.0, Sum: 0.5]
      [GC Worker Total (ms): Min: 29.6, Avg: 29.6, Max: 29.7, Diff: 0.1, Sum: 237.0]
      [GC Worker End (ms): Min: 183174.9, Avg: 183174.9, Max: 183174.9, Diff: 0.0]
   [Code Root Fixup: 0.1 ms]
   [Code Root Migration: 0.1 ms]
   [Clear CT: 0.4 ms]
   [Other: 0.7 ms]
      [Choose CSet: 0.0 ms]
      [Ref Proc: 0.1 ms]
      [Ref Enq: 0.0 ms]
      [Free CSet: 0.5 ms]
   [Eden: 852.0M(852.0M)->0.0B(855.0M) Survivors: 70.0M->67.0M Heap: 1079.6M(1538.0M)->225.1M(1538.0M)]
 [Times: user=0.24 sys=0.00, real=0.03 secs] 
183.176: Total time for which application threads were stopped: 0.0311070 seconds, Stopping threads took: 0.0000150 seconds
183.617: Application time: 0.4405600 seconds
183.617: [GC pause (young), 0.0323490 secs]
   [Parallel Time: 31.1 ms, GC Workers: 8]
      [GC Worker Start (ms): Min: 183617.0, Avg: 183617.0, Max: 183617.0, Diff: 0.1]
      [Ext Root Scanning (ms): Min: 0.7, Avg: 1.0, Max: 2.4, Diff: 1.6, Sum: 8.0]
      [Update RS (ms): Min: 0.0, Avg: 0.3, Max: 0.4, Diff: 0.4, Sum: 2.2]
         [Processed Buffers: Min: 0, Avg: 2.1, Max: 4, Diff: 4, Sum: 17]
      [Scan RS (ms): Min: 0.0, Avg: 0.3, Max: 0.4, Diff: 0.4, Sum: 2.5]
      [Code Root Scanning (ms): Min: 0.0, Avg: 0.0, Max: 0.0, Diff: 0.0, Sum: 0.0]
      [Object Copy (ms): Min: 28.6, Avg: 29.4, Max: 29.5, Diff: 0.9, Sum: 235.1]
      [Termination (ms): Min: 0.0, Avg: 0.0, Max: 0.0, Diff: 0.0, Sum: 0.0]
      [GC Worker Other (ms): Min: 0.0, Avg: 0.0, Max: 0.1, Diff: 0.0, Sum: 0.4]
      [GC Worker Total (ms): Min: 31.0, Avg: 31.0, Max: 31.1, Diff: 0.1, Sum: 248.3]
      [GC Worker End (ms): Min: 183648.0, Avg: 183648.1, Max: 183648.1, Diff: 0.0]
   [Code Root Fixup: 0.1 ms]
   [Code Root Migration: 0.1 ms]
   [Clear CT: 0.4 ms]
   [Other: 0.7 ms]
      [Choose CSet: 0.0 ms]
      [Ref Proc: 0.1 ms]
      [Ref Enq: 0.0 ms]
      [Free CSet: 0.6 ms]
   [Eden: 855.0M(855.0M)->0.0B(852.0M) Survivors: 67.0M->70.0M Heap: 1080.1M(1538.0M)->227.6M(1538.0M)]
 [Times: user=0.25 sys=0.00, real=0.03 secs] 
183.649: Total time for which application threads were stopped: 0.0325770 seconds, Stopping threads took: 0.0000660 seconds
184.092: Application time: 0.4429920 seconds
184.093: [GC pause (young), 0.0312890 secs]
   [Parallel Time: 30.0 ms, GC Workers: 8]
      [GC Worker Start (ms): Min: 184092.5, Avg: 184092.6, Max: 184092.6, Diff: 0.1]
      [Ext Root Scanning (ms): Min: 0.7, Avg: 0.7, Max: 0.8, Diff: 0.1, Sum: 5.8]
      [Update RS (ms): Min: 0.2, Avg: 0.3, Max: 0.5, Diff: 0.2, Sum: 2.5]
         [Processed Buffers: Min: 1, Avg: 2.1, Max: 3, Diff: 2, Sum: 17]
      [Scan RS (ms): Min: 0.2, Avg: 0.4, Max: 0.4, Diff: 0.3, Sum: 2.9]
      [Code Root Scanning (ms): Min: 0.0, Avg: 0.0, Max: 0.0, Diff: 0.0, Sum: 0.0]
      [Object Copy (ms): Min: 28.4, Avg: 28.5, Max: 28.5, Diff: 0.1, Sum: 227.8]
      [Termination (ms): Min: 0.0, Avg: 0.0, Max: 0.0, Diff: 0.0, Sum: 0.0]
      [GC Worker Other (ms): Min: 0.0, Avg: 0.1, Max: 0.1, Diff: 0.0, Sum: 0.5]
      [GC Worker Total (ms): Min: 29.9, Avg: 29.9, Max: 30.0, Diff: 0.1, Sum: 239.5]
      [GC Worker End (ms): Min: 184122.5, Avg: 184122.5, Max: 184122.5, Diff: 0.0]
   [Code Root Fixup: 0.0 ms]
   [Code Root Migration: 0.1 ms]
   [Clear CT: 0.4 ms]
   [Other: 0.8 ms]
      [Choose CSet: 0.0 ms]
      [Ref Proc: 0.1 ms]
      [Ref Enq: 0.0 ms]
      [Free CSet: 0.6 ms]
   [Eden: 852.0M(852.0M)->0.0B(854.0M) Survivors: 70.0M->68.0M Heap: 1079.6M(1538.0M)->226.1M(1538.0M)]
 [Times: user=0.25 sys=0.00, real=0.03 secs] 
184.124: Total time for which application threads were stopped: 0.0314840 seconds, Stopping threads took: 0.0000620 seconds
184.580: Application time: 0.4563470 seconds
184.580: [GC pause (young), 0.0327010 secs]
   [Parallel Time: 31.4 ms, GC Workers: 8]
      [GC Worker Start (ms): Min: 184580.4, Avg: 184580.4, Max: 184580.5, Diff: 0.1]
      [Ext Root Scanning (ms): Min: 0.7, Avg: 0.7, Max: 0.8, Diff: 0.1, Sum: 5.8]
      [Update RS (ms): Min: 0.2, Avg: 0.3, Max: 0.5, Diff: 0.3, Sum: 2.4]
         [Processed Buffers: Min: 1, Avg: 2.1, Max: 3, Diff: 2, Sum: 17]
      [Scan RS (ms): Min: 0.2, Avg: 0.4, Max: 0.4, Diff: 0.2, Sum: 3.0]
      [Code Root Scanning (ms): Min: 0.0, Avg: 0.0, Max: 0.0, Diff: 0.0, Sum: 0.0]
      [Object Copy (ms): Min: 29.9, Avg: 29.9, Max: 29.9, Diff: 0.1, Sum: 239.4]
      [Termination (ms): Min: 0.0, Avg: 0.0, Max: 0.0, Diff: 0.0, Sum: 0.0]
      [GC Worker Other (ms): Min: 0.0, Avg: 0.0, Max: 0.1, Diff: 0.0, Sum: 0.4]
      [GC Worker Total (ms): Min: 31.3, Avg: 31.4, Max: 31.4, Diff: 0.1, Sum: 251.0]
      [GC Worker End (ms): Min: 184611.8, Avg: 184611.8, Max: 184611.8, Diff: 0.0]
   [Code Root Fixup: 0.0 ms]
   [Code Root Migration: 0.1 ms]
   [Clear CT: 0.4 ms]
   [Other: 0.7 ms]
      [Choose CSet: 0.0 ms]
      [Ref Proc: 0.1 ms]
      [Ref Enq: 0.0 ms]
      [Free CSet: 0.6 ms]
   [Eden: 854.0M(854.0M)->0.0B(852.0M) Survivors: 68.0M->70.0M Heap: 1080.1M(1538.0M)->228.1M(1538.0M)]
 [Times: user=0.25 sys=0.00, real=0.04 secs] 
184.613: Total time for which application threads were stopped: 0.0329140 seconds, Stopping threads took: 0.0000580 seconds
185.067: Application time: 0.4539430 seconds
185.067: [GC pause (young), 0.0323020 secs]
   [Parallel Time: 31.1 ms, GC Workers: 8]
      [GC Worker Start (ms): Min: 185067.2, Avg: 185067.3, Max: 185067.3, Diff: 0.1]
      [Ext Root Scanning (ms): Min: 0.7, Avg: 0.8, Max: 0.9, Diff: 0.2, Sum: 6.1]
      [Update RS (ms): Min: 0.2, Avg: 0.3, Max: 0.5, Diff: 0.3, Sum: 2.4]
         [Processed Buffers: Min: 1, Avg: 2.1, Max: 3, Diff: 2, Sum: 17]
      [Scan RS (ms): Min: 0.2, Avg: 0.4, Max: 0.5, Diff: 0.2, Sum: 3.0]
      [Code Root Scanning (ms): Min: 0.0, Avg: 0.0, Max: 0.0, Diff: 0.0, Sum: 0.0]
      [Object Copy (ms): Min: 29.5, Avg: 29.5, Max: 29.6, Diff: 0.1, Sum: 236.0]
      [Termination (ms): Min: 0.0, Avg: 0.0, Max: 0.0, Diff: 0.0, Sum: 0.0]
      [GC Worker Other (ms): Min: 0.0, Avg: 0.1, Max: 0.1, Diff: 0.0, Sum: 0.4]
      [GC Worker Total (ms): Min: 30.9, Avg: 31.0, Max: 31.0, Diff: 0.1, Sum: 248.0]
      [GC Worker End (ms): Min: 185098.2, Avg: 185098.3, Max: 185098.3, Diff: 0.0]
   [Code Root Fixup: 0.0 ms]
   [Code Root Migration: 0.1 ms]
   [Clear CT: 0.4 ms]
   [Other: 0.7 ms]
      [Choose CSet: 0.0 ms]
      [Ref Proc: 0.1 ms]
      [Ref Enq: 0.0 ms]
      [Free CSet: 0.6 ms]
   [Eden: 852.0M(852.0M)->0.0B(853.0M) Survivors: 70.0M->69.0M Heap: 1080.1M(1538.0M)->226.6M(1538.0M)]
 [Times: user=0.25 sys=0.00, real=0.03 secs] 
185.100: Total time for which application threads were stopped: 0.0325020 seconds, Stopping threads took: 0.0000650 seconds
185.546: Application time: 0.4465770 seconds
185.546: [GC pause (young), 0.0326290 secs]
   [Parallel Time: 31.4 ms, GC Workers: 8]
      [GC Worker Start (ms): Min: 185546.4, Avg: 185546.4, Max: 185546.4, Diff: 0.1]
      [Ext Root Scanning (ms): Min: 0.7, Avg: 0.8, Max: 0.8, Diff: 0.2, Sum: 6.0]
      [Update RS (ms): Min: 0.2, Avg: 0.3, Max: 0.5, Diff: 0.3, Sum: 2.5]
         [Processed Buffers: Min: 1, Avg: 2.2, Max: 4, Diff: 3, Sum: 18]
      [Scan RS (ms): Min: 0.2, Avg: 0.4, Max: 0.5, Diff: 0.2, Sum: 2.9]
      [Code Root Scanning (ms): Min: 0.0, Avg: 0.0, Max: 0.0, Diff: 0.0, Sum: 0.0]
      [Object Copy (ms): Min: 29.8, Avg: 29.8, Max: 29.9, Diff: 0.1, Sum: 238.7]
      [Termination (ms): Min: 0.0, Avg: 0.0, Max: 0.0, Diff: 0.0, Sum: 0.0]
      [GC Worker Other (ms): Min: 0.0, Avg: 0.1, Max: 0.1, Diff: 0.0, Sum: 0.4]
      [GC Worker Total (ms): Min: 31.3, Avg: 31.3, Max: 31.4, Diff: 0.1, Sum: 250.6]
      [GC Worker End (ms): Min: 185577.7, Avg: 185577.7, Max: 185577.7, Diff: 0.0]
   [Code Root Fixup: 0.1 ms]
   [Code Root Migration: 0.1 ms]
   [Clear CT: 0.4 ms]
   [Other: 0.7 ms]
      [Choose CSet: 0.0 ms]
      [Ref Proc: 0.1 ms]
      [Ref Enq: 0.0 ms]
      [Free CSet: 0.5 ms]
   [Eden: 853.0M(853.0M)->0.0B(852.0M) Survivors: 69.0M->70.0M Heap: 1079.6M(1538.0M)->227.6M(1538.0M)]
 [Times: user=0.25 sys=0.00, real=0.03 secs] 
185.579: Total time for which application threads were stopped: 0.0328730 seconds, Stopping threads took: 0.0000930 seconds
186.021: Application time: 0.4424450 seconds
186.022: [GC pause (young), 0.0325830 secs]
   [Parallel Time: 31.3 ms, GC Workers: 8]
      [GC Worker Start (ms): Min: 186021.6, Avg: 186021.7, Max: 186021.7, Diff: 0.1]
      [Ext Root Scanning (ms): Min: 0.7, Avg: 0.8, Max: 0.9, Diff: 0.2, Sum: 6.4]
      [Update RS (ms): Min: 0.2, Avg: 0.3, Max: 0.5, Diff: 0.3, Sum: 2.4]
         [Processed Buffers: Min: 1, Avg: 2.2, Max: 3, Diff: 2, Sum: 18]
      [Scan RS (ms): Min: 0.2, Avg: 0.3, Max: 0.4, Diff: 0.2, Sum: 2.8]
      [Code Root Scanning (ms): Min: 0.0, Avg: 0.0, Max: 0.0, Diff: 0.0, Sum: 0.0]
      [Object Copy (ms): Min: 29.8, Avg: 29.8, Max: 29.8, Diff: 0.0, Sum: 238.3]
      [Termination (ms): Min: 0.0, Avg: 0.0, Max: 0.0, Diff: 0.0, Sum: 0.0]
      [GC Worker Other (ms): Min: 0.0, Avg: 0.1, Max: 0.1, Diff: 0.0, Sum: 0.4]
      [GC Worker Total (ms): Min: 31.3, Avg: 31.3, Max: 31.3, Diff: 0.1, Sum: 250.3]
      [GC Worker End (ms): Min: 186052.9, Avg: 186053.0, Max: 186053.0, Diff: 0.0]
   [Code Root Fixup: 0.0 ms]
   [Code Root Migration: 0.1 ms]
   [Clear CT: 0.4 ms]
   [Other: 0.7 ms]
      [Choose CSet: 0.0 ms]
      [Ref Proc: 0.1 ms]
      [Ref Enq: 0.0 ms]
      [Free CSet: 0.6 ms]
   [Eden: 852.0M(852.0M)->0.0B(852.0M) Survivors: 70.0M->70.0M Heap: 1079.6M(1538.0M)->227.6M(1538.0M)]
 [Times: user=0.25 sys=0.00, real=0.04 secs] 
186.054: Total time for which application threads were stopped: 0.0327800 seconds, Stopping threads took: 0.0000490 seconds
186.492: Application time: 0.4372860 seconds
186.492: [GC pause (young), 0.0325070 secs]
   [Parallel Time: 31.2 ms, GC Workers: 8]
      [GC Worker Start (ms): Min: 186491.7, Avg: 186491.7, Max: 186491.8, Diff: 0.1]
      [Ext Root Scanning (ms): Min: 0.7, Avg: 0.8, Max: 0.9, Diff: 0.1, Sum: 6.5]
      [Update RS (ms): Min: 0.2, Avg: 0.3, Max: 0.5, Diff: 0.3, Sum: 2.4]
         [Processed Buffers: Min: 1, Avg: 2.2, Max: 3, Diff: 2, Sum: 18]
      [Scan RS (ms): Min: 0.2, Avg: 0.4, Max: 0.4, Diff: 0.2, Sum: 2.8]
      [Code Root Scanning (ms): Min: 0.0, Avg: 0.0, Max: 0.0, Diff: 0.0, Sum: 0.0]
      [Object Copy (ms): Min: 29.6, Avg: 29.6, Max: 29.7, Diff: 0.0, Sum: 237.2]
      [Termination (ms): Min: 0.0, Avg: 0.0, Max: 0.0, Diff: 0.0, Sum: 0.0]
      [GC Worker Other (ms): Min: 0.0, Avg: 0.1, Max: 0.1, Diff: 0.0, Sum: 0.5]
      [GC Worker Total (ms): Min: 31.1, Avg: 31.2, Max: 31.2, Diff: 0.1, Sum: 249.4]
      [GC Worker End (ms): Min: 186522.9, Avg: 186522.9, Max: 186522.9, Diff: 0.0]
   [Code Root Fixup: 0.0 ms]
   [Code Root Migration: 0.1 ms]
   [Clear CT: 0.4 ms]
   [Other: 0.7 ms]
      [Choose CSet: 0.0 ms]
      [Ref Proc: 0.1 ms]
      [Ref Enq: 0.0 ms]
      [Free CSet: 0.6 ms]
   [Eden: 852.0M(852.0M)->0.0B(852.0M) Survivors: 70.0M->70.0M Heap: 1079.6M(1538.0M)->227.7M(1538.0M)]
 [Times: user=0.25 sys=0.00, real=0.03 secs] 
186.524: Total time for which application threads were stopped: 0.0327080 seconds, Stopping threads took: 0.0000340 seconds
186.958: Application time: 0.4338350 seconds
186.958: [GC pause (young), 0.0320540 secs]
   [Parallel Time: 30.9 ms, GC Workers: 8]
      [GC Worker Start (ms): Min: 186958.2, Avg: 186958.2, Max: 186958.3, Diff: 0.1]
      [Ext Root Scanning (ms): Min: 0.8, Avg: 0.8, Max: 1.1, Diff: 0.4, Sum: 6.8]
      [Update RS (ms): Min: 0.0, Avg: 0.3, Max: 0.5, Diff: 0.5, Sum: 2.4]
         [Processed Buffers: Min: 0, Avg: 2.2, Max: 4, Diff: 4, Sum: 18]
      [Scan RS (ms): Min: 0.2, Avg: 0.3, Max: 0.4, Diff: 0.2, Sum: 2.7]
      [Code Root Scanning (ms): Min: 0.0, Avg: 0.0, Max: 0.0, Diff: 0.0, Sum: 0.0]
      [Object Copy (ms): Min: 29.2, Avg: 29.2, Max: 29.3, Diff: 0.0, Sum: 234.0]
      [Termination (ms): Min: 0.0, Avg: 0.0, Max: 0.0, Diff: 0.0, Sum: 0.0]
      [GC Worker Other (ms): Min: 0.0, Avg: 0.0, Max: 0.1, Diff: 0.0, Sum: 0.4]
      [GC Worker Total (ms): Min: 30.7, Avg: 30.8, Max: 30.8, Diff: 0.1, Sum: 246.3]
      [GC Worker End (ms): Min: 186989.0, Avg: 186989.0, Max: 186989.0, Diff: 0.0]
   [Code Root Fixup: 0.0 ms]
   [Code Root Migration: 0.1 ms]
   [Clear CT: 0.3 ms]
   [Other: 0.7 ms]
      [Choose CSet: 0.0 ms]
      [Ref Proc: 0.1 ms]
      [Ref Enq: 0.0 ms]
      [Free CSet: 0.6 ms]
   [Eden: 852.0M(852.0M)->0.0B(853.0M) Survivors: 70.0M->69.0M Heap: 1079.7M(1538.0M)->226.7M(1538.0M)]
 [Times: user=0.25 sys=0.00, real=0.03 secs] 
186.990: Total time for which application threads were stopped: 0.0322060 seconds, Stopping threads took: 0.0000140 seconds
187.426: Application time: 0.4352810 seconds
187.426: [GC pause (young), 0.0311040 secs]
   [Parallel Time: 29.9 ms, GC Workers: 8]
      [GC Worker Start (ms): Min: 187425.7, Avg: 187425.9, Max: 187427.4, Diff: 1.6]
      [Ext Root Scanning (ms): Min: 0.0, Avg: 0.7, Max: 0.9, Diff: 0.9, Sum: 5.5]
      [Update RS (ms): Min: 0.0, Avg: 0.3, Max: 0.5, Diff: 0.5, Sum: 2.3]
         [Processed Buffers: Min: 0, Avg: 2.2, Max: 4, Diff: 4, Sum: 18]
      [Scan RS (ms): Min: 0.0, Avg: 0.3, Max: 0.4, Diff: 0.4, Sum: 2.6]
      [Code Root Scanning (ms): Min: 0.0, Avg: 0.0, Max: 0.0, Diff: 0.0, Sum: 0.0]
      [Object Copy (ms): Min: 28.1, Avg: 28.2, Max: 28.3, Diff: 0.3, Sum: 225.9]
      [Termination (ms): Min: 0.0, Avg: 0.0, Max: 0.0, Diff: 0.0, Sum: 0.0]
      [GC Worker Other (ms): Min: 0.0, Avg: 0.0, Max: 0.1, Diff: 0.0, Sum: 0.4]
      [GC Worker Total (ms): Min: 28.2, Avg: 29.6, Max: 29.8, Diff: 1.6, Sum: 236.7]
      [GC Worker End (ms): Min: 187455.5, Avg: 187455.5, Max: 187455.5, Diff: 0.0]
   [Code Root Fixup: 0.1 ms]
   [Code Root Migration: 0.1 ms]
   [Clear CT: 0.4 ms]
   [Other: 0.7 ms]
      [Choose CSet: 0.0 ms]
      [Ref Proc: 0.1 ms]
      [Ref Enq: 0.0 ms]
      [Free CSet: 0.5 ms]
   [Eden: 853.0M(853.0M)->0.0B(854.0M) Survivors: 69.0M->68.0M Heap: 1079.7M(1538.0M)->225.7M(1538.0M)]
 [Times: user=0.24 sys=0.00, real=0.03 secs] 
187.457: Total time for which application threads were stopped: 0.0312750 seconds, Stopping threads took: 0.0000140 seconds
187.893: Application time: 0.4357420 seconds
187.893: [GC pause (young), 0.0336860 secs]
   [Parallel Time: 32.4 ms, GC Workers: 8]
      [GC Worker Start (ms): Min: 187892.7, Avg: 187892.8, Max: 187892.8, Diff: 0.1]
      [Ext Root Scanning (ms): Min: 0.7, Avg: 0.8, Max: 0.8, Diff: 0.1, Sum: 6.4]
      [Update RS (ms): Min: 0.2, Avg: 0.3, Max: 0.4, Diff: 0.2, Sum: 2.4]
         [Processed Buffers: Min: 1, Avg: 2.1, Max: 3, Diff: 2, Sum: 17]
      [Scan RS (ms): Min: 0.2, Avg: 0.4, Max: 0.4, Diff: 0.2, Sum: 2.9]
      [Code Root Scanning (ms): Min: 0.0, Avg: 0.0, Max: 0.0, Diff: 0.0, Sum: 0.0]
      [Object Copy (ms): Min: 30.8, Avg: 30.8, Max: 30.8, Diff: 0.0, Sum: 246.5]
      [Termination (ms): Min: 0.0, Avg: 0.0, Max: 0.0, Diff: 0.0, Sum: 0.0]
      [GC Worker Other (ms): Min: 0.0, Avg: 0.1, Max: 0.1, Diff: 0.0, Sum: 0.4]
      [GC Worker Total (ms): Min: 32.3, Avg: 32.3, Max: 32.4, Diff: 0.1, Sum: 258.6]
      [GC Worker End (ms): Min: 187925.1, Avg: 187925.1, Max: 187925.1, Diff: 0.0]
   [Code Root Fixup: 0.0 ms]
   [Code Root Migration: 0.1 ms]
   [Clear CT: 0.4 ms]
   [Other: 0.8 ms]
      [Choose CSet: 0.0 ms]
      [Ref Proc: 0.1 ms]
      [Ref Enq: 0.0 ms]
      [Free CSet: 0.6 ms]
   [Eden: 854.0M(854.0M)->0.0B(849.0M) Survivors: 68.0M->73.0M Heap: 1079.7M(1538.0M)->230.7M(1538.0M)]
 [Times: user=0.26 sys=0.00, real=0.03 secs] 
187.926: Total time for which application threads were stopped: 0.0338580 seconds, Stopping threads took: 0.0000370 seconds
188.362: Application time: 0.4360000 seconds
188.363: [GC pause (young), 0.0341520 secs]
   [Parallel Time: 32.9 ms, GC Workers: 8]
      [GC Worker Start (ms): Min: 188362.6, Avg: 188362.7, Max: 188362.7, Diff: 0.1]
      [Ext Root Scanning (ms): Min: 0.7, Avg: 0.8, Max: 0.8, Diff: 0.1, Sum: 6.1]
      [Update RS (ms): Min: 0.2, Avg: 0.3, Max: 0.4, Diff: 0.2, Sum: 2.4]
         [Processed Buffers: Min: 1, Avg: 2.1, Max: 3, Diff: 2, Sum: 17]
      [Scan RS (ms): Min: 0.2, Avg: 0.4, Max: 0.4, Diff: 0.2, Sum: 2.9]
      [Code Root Scanning (ms): Min: 0.0, Avg: 0.0, Max: 0.0, Diff: 0.0, Sum: 0.0]
      [Object Copy (ms): Min: 31.3, Avg: 31.3, Max: 31.4, Diff: 0.1, Sum: 250.6]
      [Termination (ms): Min: 0.0, Avg: 0.0, Max: 0.0, Diff: 0.0, Sum: 0.0]
      [GC Worker Other (ms): Min: 0.0, Avg: 0.0, Max: 0.1, Diff: 0.0, Sum: 0.4]
      [GC Worker Total (ms): Min: 32.8, Avg: 32.8, Max: 32.9, Diff: 0.1, Sum: 262.5]
      [GC Worker End (ms): Min: 188395.4, Avg: 188395.5, Max: 188395.5, Diff: 0.0]
   [Code Root Fixup: 0.0 ms]
   [Code Root Migration: 0.1 ms]
   [Clear CT: 0.4 ms]
   [Other: 0.7 ms]
      [Choose CSet: 0.0 ms]
      [Ref Proc: 0.1 ms]
      [Ref Enq: 0.0 ms]
      [Free CSet: 0.6 ms]
   [Eden: 849.0M(849.0M)->0.0B(849.0M) Survivors: 73.0M->73.0M Heap: 1079.7M(1538.0M)->230.7M(1538.0M)]
 [Times: user=0.27 sys=0.00, real=0.04 secs] 
188.397: Total time for which application threads were stopped: 0.0343400 seconds, Stopping threads took: 0.0000370 seconds
188.836: Application time: 0.4387130 seconds
188.836: [GC pause (young), 0.0317010 secs]
   [Parallel Time: 30.4 ms, GC Workers: 8]
      [GC Worker Start (ms): Min: 188835.7, Avg: 188835.7, Max: 188835.7, Diff: 0.1]
      [Ext Root Scanning (ms): Min: 0.7, Avg: 0.8, Max: 0.8, Diff: 0.1, Sum: 6.2]
      [Update RS (ms): Min: 0.2, Avg: 0.3, Max: 0.4, Diff: 0.2, Sum: 2.4]
         [Processed Buffers: Min: 1, Avg: 2.1, Max: 3, Diff: 2, Sum: 17]
      [Scan RS (ms): Min: 0.2, Avg: 0.4, Max: 0.4, Diff: 0.2, Sum: 2.8]
      [Code Root Scanning (ms): Min: 0.0, Avg: 0.0, Max: 0.0, Diff: 0.0, Sum: 0.0]
      [Object Copy (ms): Min: 28.9, Avg: 28.9, Max: 28.9, Diff: 0.0, Sum: 231.1]
      [Termination (ms): Min: 0.0, Avg: 0.0, Max: 0.0, Diff: 0.0, Sum: 0.0]
      [GC Worker Other (ms): Min: 0.0, Avg: 0.1, Max: 0.1, Diff: 0.0, Sum: 0.5]
      [GC Worker Total (ms): Min: 30.3, Avg: 30.4, Max: 30.4, Diff: 0.1, Sum: 243.0]
      [GC Worker End (ms): Min: 188866.0, Avg: 188866.1, Max: 188866.1, Diff: 0.0]
   [Code Root Fixup: 0.0 ms]
   [Code Root Migration: 0.1 ms]
   [Clear CT: 0.4 ms]
   [Other: 0.7 ms]
      [Choose CSet: 0.0 ms]
      [Ref Proc: 0.1 ms]
      [Ref Enq: 0.0 ms]
      [Free CSet: 0.6 ms]
   [Eden: 849.0M(849.0M)->0.0B(852.0M) Survivors: 73.0M->70.0M Heap: 1079.7M(1538.0M)->227.7M(1538.0M)]
 [Times: user=0.24 sys=0.00, real=0.03 secs] 
188.867: Total time for which application threads were stopped: 0.0318870 seconds, Stopping threads took: 0.0000390 seconds
189.324: Application time: 0.4568240 seconds
189.324: [GC pause (young), 0.0330140 secs]
   [Parallel Time: 31.7 ms, GC Workers: 8]
      [GC Worker Start (ms): Min: 189324.4, Avg: 189324.4, Max: 189324.5, Diff: 0.1]
      [Ext Root Scanning (ms): Min: 0.7, Avg: 0.8, Max: 0.8, Diff: 0.1, Sum: 6.1]
      [Update RS (ms): Min: 0.2, Avg: 0.3, Max: 0.4, Diff: 0.2, Sum: 2.4]
         [Processed Buffers: Min: 1, Avg: 2.1, Max: 3, Diff: 2, Sum: 17]
      [Scan RS (ms): Min: 0.2, Avg: 0.3, Max: 0.4, Diff: 0.3, Sum: 2.7]
      [Code Root Scanning (ms): Min: 0.0, Avg: 0.0, Max: 0.0, Diff: 0.0, Sum: 0.0]
      [Object Copy (ms): Min: 30.2, Avg: 30.2, Max: 30.2, Diff: 0.0, Sum: 241.9]
      [Termination (ms): Min: 0.0, Avg: 0.0, Max: 0.0, Diff: 0.0, Sum: 0.0]
      [GC Worker Other (ms): Min: 0.0, Avg: 0.0, Max: 0.1, Diff: 0.0, Sum: 0.3]
      [GC Worker Total (ms): Min: 31.6, Avg: 31.7, Max: 31.7, Diff: 0.1, Sum: 253.4]
      [GC Worker End (ms): Min: 189356.1, Avg: 189356.1, Max: 189356.1, Diff: 0.0]
   [Code Root Fixup: 0.0 ms]
   [Code Root Migration: 0.1 ms]
   [Clear CT: 0.4 ms]
   [Other: 0.7 ms]
      [Choose CSet: 0.0 ms]
      [Ref Proc: 0.1 ms]
      [Ref Enq: 0.0 ms]
      [Free CSet: 0.6 ms]
   [Eden: 852.0M(852.0M)->0.0B(851.0M) Survivors: 70.0M->71.0M Heap: 1079.7M(1538.0M)->229.2M(1538.0M)]
 [Times: user=0.26 sys=0.00, real=0.03 secs] 
189.357: Total time for which application threads were stopped: 0.0332130 seconds, Stopping threads took: 0.0000530 seconds
189.813: Application time: 0.4555020 seconds
189.813: [GC pause (young), 0.0325700 secs]
   [Parallel Time: 31.3 ms, GC Workers: 8]
      [GC Worker Start (ms): Min: 189813.1, Avg: 189813.4, Max: 189815.4, Diff: 2.2]
      [Ext Root Scanning (ms): Min: 0.0, Avg: 0.7, Max: 0.9, Diff: 0.9, Sum: 5.4]
      [Update RS (ms): Min: 0.0, Avg: 0.3, Max: 0.5, Diff: 0.5, Sum: 2.2]
         [Processed Buffers: Min: 0, Avg: 2.1, Max: 4, Diff: 4, Sum: 17]
      [Scan RS (ms): Min: 0.0, Avg: 0.3, Max: 0.4, Diff: 0.4, Sum: 2.6]
      [Code Root Scanning (ms): Min: 0.0, Avg: 0.0, Max: 0.0, Diff: 0.0, Sum: 0.0]
      [Object Copy (ms): Min: 29.0, Avg: 29.7, Max: 29.8, Diff: 0.9, Sum: 237.5]
      [Termination (ms): Min: 0.0, Avg: 0.0, Max: 0.0, Diff: 0.0, Sum: 0.0]
      [GC Worker Other (ms): Min: 0.0, Avg: 0.0, Max: 0.1, Diff: 0.0, Sum: 0.4]
      [GC Worker Total (ms): Min: 29.1, Avg: 31.0, Max: 31.3, Diff: 2.2, Sum: 248.1]
      [GC Worker End (ms): Min: 189844.4, Avg: 189844.4, Max: 189844.5, Diff: 0.0]
   [Code Root Fixup: 0.0 ms]
   [Code Root Migration: 0.1 ms]
   [Clear CT: 0.4 ms]
   [Other: 0.7 ms]
      [Choose CSet: 0.0 ms]
      [Ref Proc: 0.1 ms]
      [Ref Enq: 0.0 ms]
      [Free CSet: 0.6 ms]
   [Eden: 851.0M(851.0M)->0.0B(852.0M) Survivors: 71.0M->70.0M Heap: 1080.2M(1538.0M)->228.2M(1538.0M)]
 [Times: user=0.25 sys=0.00, real=0.03 secs] 
189.846: Total time for which application threads were stopped: 0.0327930 seconds, Stopping threads took: 0.0000790 seconds
190.295: Application time: 0.4487700 seconds
190.295: [GC pause (young), 0.0330810 secs]
   [Parallel Time: 31.8 ms, GC Workers: 8]
      [GC Worker Start (ms): Min: 190294.7, Avg: 190294.8, Max: 190295.4, Diff: 0.6]
      [Ext Root Scanning (ms): Min: 0.2, Avg: 0.7, Max: 0.9, Diff: 0.6, Sum: 5.5]
      [Update RS (ms): Min: 0.2, Avg: 0.3, Max: 0.4, Diff: 0.2, Sum: 2.4]
         [Processed Buffers: Min: 1, Avg: 2.1, Max: 3, Diff: 2, Sum: 17]
      [Scan RS (ms): Min: 0.2, Avg: 0.4, Max: 0.4, Diff: 0.2, Sum: 2.9]
      [Code Root Scanning (ms): Min: 0.0, Avg: 0.0, Max: 0.0, Diff: 0.0, Sum: 0.0]
      [Object Copy (ms): Min: 30.2, Avg: 30.3, Max: 30.3, Diff: 0.1, Sum: 242.0]
      [Termination (ms): Min: 0.0, Avg: 0.0, Max: 0.0, Diff: 0.0, Sum: 0.0]
      [GC Worker Other (ms): Min: 0.0, Avg: 0.1, Max: 0.1, Diff: 0.0, Sum: 0.4]
      [GC Worker Total (ms): Min: 31.1, Avg: 31.7, Max: 31.8, Diff: 0.6, Sum: 253.3]
      [GC Worker End (ms): Min: 190326.5, Avg: 190326.5, Max: 190326.5, Diff: 0.0]
   [Code Root Fixup: 0.1 ms]
   [Code Root Migration: 0.1 ms]
   [Clear CT: 0.4 ms]
   [Other: 0.7 ms]
      [Choose CSet: 0.0 ms]
      [Ref Proc: 0.1 ms]
      [Ref Enq: 0.0 ms]
      [Free CSet: 0.6 ms]
   [Eden: 852.0M(852.0M)->0.0B(852.0M) Survivors: 70.0M->70.0M Heap: 1080.2M(1538.0M)->227.8M(1538.0M)]
 [Times: user=0.26 sys=0.00, real=0.03 secs] 
190.328: Total time for which application threads were stopped: 0.0333020 seconds, Stopping threads took: 0.0000750 seconds
190.771: Application time: 0.4436530 seconds
190.772: [GC pause (young), 0.0326020 secs]
   [Parallel Time: 31.4 ms, GC Workers: 8]
      [GC Worker Start (ms): Min: 190771.6, Avg: 190771.7, Max: 190771.7, Diff: 0.1]
      [Ext Root Scanning (ms): Min: 0.7, Avg: 0.8, Max: 0.9, Diff: 0.1, Sum: 6.3]
      [Update RS (ms): Min: 0.2, Avg: 0.3, Max: 0.4, Diff: 0.2, Sum: 2.4]
         [Processed Buffers: Min: 1, Avg: 2.1, Max: 3, Diff: 2, Sum: 17]
      [Scan RS (ms): Min: 0.2, Avg: 0.4, Max: 0.4, Diff: 0.2, Sum: 2.9]
      [Code Root Scanning (ms): Min: 0.0, Avg: 0.0, Max: 0.0, Diff: 0.0, Sum: 0.0]
      [Object Copy (ms): Min: 29.8, Avg: 29.8, Max: 29.8, Diff: 0.0, Sum: 238.4]
      [Termination (ms): Min: 0.0, Avg: 0.0, Max: 0.0, Diff: 0.0, Sum: 0.0]
      [GC Worker Other (ms): Min: 0.0, Avg: 0.1, Max: 0.1, Diff: 0.0, Sum: 0.5]
      [GC Worker Total (ms): Min: 31.3, Avg: 31.3, Max: 31.4, Diff: 0.1, Sum: 250.5]
      [GC Worker End (ms): Min: 190803.0, Avg: 190803.0, Max: 190803.0, Diff: 0.0]
   [Code Root Fixup: 0.0 ms]
   [Code Root Migration: 0.1 ms]
   [Clear CT: 0.4 ms]
   [Other: 0.7 ms]
      [Choose CSet: 0.0 ms]
      [Ref Proc: 0.1 ms]
      [Ref Enq: 0.0 ms]
      [Free CSet: 0.6 ms]
   [Eden: 852.0M(852.0M)->0.0B(852.0M) Survivors: 70.0M->70.0M Heap: 1079.8M(1538.0M)->228.3M(1538.0M)]
 [Times: user=0.26 sys=0.00, real=0.03 secs] 
190.804: Total time for which application threads were stopped: 0.0327860 seconds, Stopping threads took: 0.0000510 seconds
191.240: Application time: 0.4357380 seconds
191.240: [GC pause (young), 0.0324510 secs]
   [Parallel Time: 31.2 ms, GC Workers: 8]
      [GC Worker Start (ms): Min: 191240.2, Avg: 191240.2, Max: 191240.2, Diff: 0.1]
      [Ext Root Scanning (ms): Min: 0.7, Avg: 0.8, Max: 0.9, Diff: 0.1, Sum: 6.5]
      [Update RS (ms): Min: 0.2, Avg: 0.3, Max: 0.4, Diff: 0.2, Sum: 2.4]
         [Processed Buffers: Min: 1, Avg: 2.1, Max: 3, Diff: 2, Sum: 17]
      [Scan RS (ms): Min: 0.2, Avg: 0.3, Max: 0.4, Diff: 0.2, Sum: 2.8]
      [Code Root Scanning (ms): Min: 0.0, Avg: 0.0, Max: 0.0, Diff: 0.0, Sum: 0.0]
      [Object Copy (ms): Min: 29.6, Avg: 29.6, Max: 29.6, Diff: 0.0, Sum: 236.9]
      [Termination (ms): Min: 0.0, Avg: 0.0, Max: 0.0, Diff: 0.0, Sum: 0.0]
      [GC Worker Other (ms): Min: 0.0, Avg: 0.1, Max: 0.1, Diff: 0.0, Sum: 0.5]
      [GC Worker Total (ms): Min: 31.1, Avg: 31.1, Max: 31.2, Diff: 0.1, Sum: 249.1]
      [GC Worker End (ms): Min: 191271.3, Avg: 191271.3, Max: 191271.4, Diff: 0.0]
   [Code Root Fixup: 0.0 ms]
   [Code Root Migration: 0.1 ms]
   [Clear CT: 0.4 ms]
   [Other: 0.7 ms]
      [Choose CSet: 0.0 ms]
      [Ref Proc: 0.1 ms]
      [Ref Enq: 0.0 ms]
      [Free CSet: 0.5 ms]
   [Eden: 852.0M(852.0M)->0.0B(851.0M) Survivors: 70.0M->71.0M Heap: 1080.3M(1538.0M)->228.8M(1538.0M)]
 [Times: user=0.25 sys=0.00, real=0.04 secs] 
191.273: Total time for which application threads were stopped: 0.0326570 seconds, Stopping threads took: 0.0000390 seconds
191.705: Application time: 0.4323150 seconds
191.705: [GC pause (young), 0.0326580 secs]
   [Parallel Time: 31.4 ms, GC Workers: 8]
      [GC Worker Start (ms): Min: 191705.1, Avg: 191705.2, Max: 191705.2, Diff: 0.1]
      [Ext Root Scanning (ms): Min: 0.7, Avg: 0.8, Max: 0.9, Diff: 0.1, Sum: 6.6]
      [Update RS (ms): Min: 0.2, Avg: 0.3, Max: 0.5, Diff: 0.3, Sum: 2.4]
         [Processed Buffers: Min: 1, Avg: 2.1, Max: 3, Diff: 2, Sum: 17]
      [Scan RS (ms): Min: 0.2, Avg: 0.3, Max: 0.4, Diff: 0.2, Sum: 2.7]
      [Code Root Scanning (ms): Min: 0.0, Avg: 0.0, Max: 0.0, Diff: 0.0, Sum: 0.0]
      [Object Copy (ms): Min: 29.8, Avg: 29.8, Max: 29.8, Diff: 0.0, Sum: 238.4]
      [Termination (ms): Min: 0.0, Avg: 0.0, Max: 0.0, Diff: 0.0, Sum: 0.0]
      [GC Worker Other (ms): Min: 0.0, Avg: 0.0, Max: 0.1, Diff: 0.0, Sum: 0.3]
      [GC Worker Total (ms): Min: 31.3, Avg: 31.3, Max: 31.4, Diff: 0.1, Sum: 250.5]
      [GC Worker End (ms): Min: 191736.5, Avg: 191736.5, Max: 191736.5, Diff: 0.0]
   [Code Root Fixup: 0.0 ms]
   [Code Root Migration: 0.1 ms]
   [Clear CT: 0.4 ms]
   [Other: 0.8 ms]
      [Choose CSet: 0.0 ms]
      [Ref Proc: 0.1 ms]
      [Ref Enq: 0.0 ms]
      [Free CSet: 0.6 ms]
   [Eden: 851.0M(851.0M)->0.0B(853.0M) Survivors: 71.0M->69.0M Heap: 1079.8M(1538.0M)->227.3M(1538.0M)]
 [Times: user=0.26 sys=0.00, real=0.03 secs] 
191.738: Total time for which application threads were stopped: 0.0328570 seconds, Stopping threads took: 0.0000420 seconds
192.171: Application time: 0.4327330 seconds
192.171: [GC pause (young), 0.0336960 secs]
   [Parallel Time: 32.4 ms, GC Workers: 8]
      [GC Worker Start (ms): Min: 192170.7, Avg: 192170.8, Max: 192170.8, Diff: 0.1]
      [Ext Root Scanning (ms): Min: 0.7, Avg: 0.8, Max: 0.8, Diff: 0.2, Sum: 6.0]
      [Update RS (ms): Min: 0.2, Avg: 0.3, Max: 0.4, Diff: 0.3, Sum: 2.4]
         [Processed Buffers: Min: 1, Avg: 2.1, Max: 3, Diff: 2, Sum: 17]
      [Scan RS (ms): Min: 0.2, Avg: 0.4, Max: 0.4, Diff: 0.2, Sum: 2.9]
      [Code Root Scanning (ms): Min: 0.0, Avg: 0.0, Max: 0.0, Diff: 0.0, Sum: 0.0]
      [Object Copy (ms): Min: 30.8, Avg: 30.9, Max: 30.9, Diff: 0.1, Sum: 246.9]
      [Termination (ms): Min: 0.0, Avg: 0.0, Max: 0.0, Diff: 0.0, Sum: 0.0]
      [GC Worker Other (ms): Min: 0.0, Avg: 0.1, Max: 0.1, Diff: 0.0, Sum: 0.5]
      [GC Worker Total (ms): Min: 32.3, Avg: 32.4, Max: 32.4, Diff: 0.1, Sum: 258.8]
      [GC Worker End (ms): Min: 192203.1, Avg: 192203.1, Max: 192203.1, Diff: 0.0]
   [Code Root Fixup: 0.0 ms]
   [Code Root Migration: 0.1 ms]
   [Clear CT: 0.4 ms]
   [Other: 0.7 ms]
      [Choose CSet: 0.0 ms]
      [Ref Proc: 0.1 ms]
      [Ref Enq: 0.0 ms]
      [Free CSet: 0.6 ms]
   [Eden: 853.0M(853.0M)->0.0B(850.0M) Survivors: 69.0M->72.0M Heap: 1080.3M(1538.0M)->230.3M(1538.0M)]
 [Times: user=0.27 sys=0.00, real=0.04 secs] 
192.204: Total time for which application threads were stopped: 0.0338720 seconds, Stopping threads took: 0.0000270 seconds
192.637: Application time: 0.4329820 seconds
192.638: [GC pause (young), 0.0318020 secs]
   [Parallel Time: 30.6 ms, GC Workers: 8]
      [GC Worker Start (ms): Min: 192637.6, Avg: 192637.6, Max: 192637.6, Diff: 0.1]
      [Ext Root Scanning (ms): Min: 0.8, Avg: 0.8, Max: 0.8, Diff: 0.1, Sum: 6.4]
      [Update RS (ms): Min: 0.2, Avg: 0.3, Max: 0.4, Diff: 0.2, Sum: 2.4]
         [Processed Buffers: Min: 1, Avg: 2.1, Max: 3, Diff: 2, Sum: 17]
      [Scan RS (ms): Min: 0.2, Avg: 0.4, Max: 0.4, Diff: 0.3, Sum: 2.9]
      [Code Root Scanning (ms): Min: 0.0, Avg: 0.0, Max: 0.0, Diff: 0.0, Sum: 0.0]
      [Object Copy (ms): Min: 29.0, Avg: 29.0, Max: 29.0, Diff: 0.1, Sum: 231.8]
      [Termination (ms): Min: 0.0, Avg: 0.0, Max: 0.0, Diff: 0.0, Sum: 0.0]
      [GC Worker Other (ms): Min: 0.0, Avg: 0.1, Max: 0.1, Diff: 0.0, Sum: 0.4]
      [GC Worker Total (ms): Min: 30.4, Avg: 30.5, Max: 30.5, Diff: 0.1, Sum: 243.9]
      [GC Worker End (ms): Min: 192668.0, Avg: 192668.1, Max: 192668.1, Diff: 0.0]
   [Code Root Fixup: 0.0 ms]
   [Code Root Migration: 0.1 ms]
   [Clear CT: 0.4 ms]
   [Other: 0.7 ms]
      [Choose CSet: 0.0 ms]
      [Ref Proc: 0.1 ms]
      [Ref Enq: 0.0 ms]
      [Free CSet: 0.6 ms]
   [Eden: 850.0M(850.0M)->0.0B(853.0M) Survivors: 72.0M->69.0M Heap: 1080.3M(1538.0M)->227.3M(1538.0M)]
 [Times: user=0.25 sys=0.00, real=0.03 secs] 
192.669: Total time for which application threads were stopped: 0.0319650 seconds, Stopping threads took: 0.0000150 seconds
193.105: Application time: 0.4354460 seconds
193.105: [GC pause (young), 0.0328330 secs]
   [Parallel Time: 31.6 ms, GC Workers: 8]
      [GC Worker Start (ms): Min: 193105.0, Avg: 193105.0, Max: 193105.1, Diff: 0.1]
      [Ext Root Scanning (ms): Min: 0.7, Avg: 0.8, Max: 0.8, Diff: 0.1, Sum: 6.2]
      [Update RS (ms): Min: 0.2, Avg: 0.3, Max: 0.4, Diff: 0.3, Sum: 2.4]
         [Processed Buffers: Min: 1, Avg: 2.1, Max: 3, Diff: 2, Sum: 17]
      [Scan RS (ms): Min: 0.2, Avg: 0.4, Max: 0.5, Diff: 0.2, Sum: 2.9]
      [Code Root Scanning (ms): Min: 0.0, Avg: 0.0, Max: 0.0, Diff: 0.0, Sum: 0.0]
      [Object Copy (ms): Min: 30.0, Avg: 30.1, Max: 30.1, Diff: 0.1, Sum: 240.5]
      [Termination (ms): Min: 0.0, Avg: 0.0, Max: 0.0, Diff: 0.0, Sum: 0.0]
      [GC Worker Other (ms): Min: 0.0, Avg: 0.1, Max: 0.1, Diff: 0.0, Sum: 0.4]
      [GC Worker Total (ms): Min: 31.5, Avg: 31.6, Max: 31.6, Diff: 0.1, Sum: 252.5]
      [GC Worker End (ms): Min: 193136.6, Avg: 193136.6, Max: 193136.6, Diff: 0.0]
   [Code Root Fixup: 0.0 ms]
   [Code Root Migration: 0.1 ms]
   [Clear CT: 0.4 ms]
   [Other: 0.7 ms]
      [Choose CSet: 0.0 ms]
      [Ref Proc: 0.1 ms]
      [Ref Enq: 0.0 ms]
      [Free CSet: 0.5 ms]
   [Eden: 853.0M(853.0M)->0.0B(852.0M) Survivors: 69.0M->70.0M Heap: 1080.3M(1538.0M)->228.3M(1538.0M)]
 [Times: user=0.26 sys=0.00, real=0.03 secs] 
193.138: Total time for which application threads were stopped: 0.0330150 seconds, Stopping threads took: 0.0000350 seconds
193.573: Application time: 0.4352630 seconds
193.573: [GC pause (young), 0.0333530 secs]
   [Parallel Time: 32.1 ms, GC Workers: 8]
      [GC Worker Start (ms): Min: 193573.3, Avg: 193573.3, Max: 193573.4, Diff: 0.1]
      [Ext Root Scanning (ms): Min: 0.7, Avg: 0.8, Max: 0.8, Diff: 0.1, Sum: 6.1]
      [Update RS (ms): Min: 0.2, Avg: 0.3, Max: 0.5, Diff: 0.2, Sum: 2.5]
         [Processed Buffers: Min: 1, Avg: 2.1, Max: 4, Diff: 3, Sum: 17]
      [Scan RS (ms): Min: 0.2, Avg: 0.4, Max: 0.5, Diff: 0.2, Sum: 2.8]
      [Code Root Scanning (ms): Min: 0.0, Avg: 0.0, Max: 0.0, Diff: 0.0, Sum: 0.0]
      [Object Copy (ms): Min: 30.5, Avg: 30.5, Max: 30.5, Diff: 0.1, Sum: 244.0]
      [Termination (ms): Min: 0.0, Avg: 0.0, Max: 0.0, Diff: 0.0, Sum: 0.0]
      [GC Worker Other (ms): Min: 0.0, Avg: 0.1, Max: 0.1, Diff: 0.0, Sum: 0.4]
      [GC Worker Total (ms): Min: 32.0, Avg: 32.0, Max: 32.0, Diff: 0.1, Sum: 255.9]
      [GC Worker End (ms): Min: 193605.3, Avg: 193605.3, Max: 193605.3, Diff: 0.0]
   [Code Root Fixup: 0.0 ms]
   [Code Root Migration: 0.1 ms]
   [Clear CT: 0.4 ms]
   [Other: 0.8 ms]
      [Choose CSet: 0.0 ms]
      [Ref Proc: 0.1 ms]
      [Ref Enq: 0.0 ms]
      [Free CSet: 0.6 ms]
   [Eden: 852.0M(852.0M)->0.0B(851.0M) Survivors: 70.0M->71.0M Heap: 1080.3M(1538.0M)->228.8M(1538.0M)]
 [Times: user=0.26 sys=0.00, real=0.03 secs] 
193.607: Total time for which application threads were stopped: 0.0335430 seconds, Stopping threads took: 0.0000540 seconds
194.054: Application time: 0.4474120 seconds
194.054: [GC pause (young), 0.0320500 secs]
   [Parallel Time: 30.7 ms, GC Workers: 8]
      [GC Worker Start (ms): Min: 194054.3, Avg: 194054.3, Max: 194054.3, Diff: 0.1]
      [Ext Root Scanning (ms): Min: 0.7, Avg: 0.7, Max: 0.8, Diff: 0.1, Sum: 5.8]
      [Update RS (ms): Min: 0.2, Avg: 0.3, Max: 0.5, Diff: 0.2, Sum: 2.5]
         [Processed Buffers: Min: 1, Avg: 2.1, Max: 3, Diff: 2, Sum: 17]
      [Scan RS (ms): Min: 0.2, Avg: 0.4, Max: 0.5, Diff: 0.3, Sum: 2.9]
      [Code Root Scanning (ms): Min: 0.0, Avg: 0.0, Max: 0.0, Diff: 0.0, Sum: 0.0]
      [Object Copy (ms): Min: 29.1, Avg: 29.2, Max: 29.2, Diff: 0.1, Sum: 233.4]
      [Termination (ms): Min: 0.0, Avg: 0.0, Max: 0.0, Diff: 0.0, Sum: 0.0]
      [GC Worker Other (ms): Min: 0.0, Avg: 0.0, Max: 0.1, Diff: 0.0, Sum: 0.4]
      [GC Worker Total (ms): Min: 30.6, Avg: 30.6, Max: 30.7, Diff: 0.1, Sum: 245.1]
      [GC Worker End (ms): Min: 194084.9, Avg: 194084.9, Max: 194084.9, Diff: 0.0]
   [Code Root Fixup: 0.0 ms]
   [Code Root Migration: 0.1 ms]
   [Clear CT: 0.4 ms]
   [Other: 0.8 ms]
      [Choose CSet: 0.0 ms]
      [Ref Proc: 0.1 ms]
      [Ref Enq: 0.0 ms]
      [Free CSet: 0.6 ms]
   [Eden: 851.0M(851.0M)->0.0B(854.0M) Survivors: 71.0M->68.0M Heap: 1079.8M(1538.0M)->225.8M(1538.0M)]
 [Times: user=0.25 sys=0.00, real=0.03 secs] 
194.086: Total time for which application threads were stopped: 0.0322720 seconds, Stopping threads took: 0.0000680 seconds
194.549: Application time: 0.4631180 seconds
194.550: [GC pause (young), 0.0331060 secs]
   [Parallel Time: 31.9 ms, GC Workers: 8]
      [GC Worker Start (ms): Min: 194549.6, Avg: 194549.7, Max: 194549.7, Diff: 0.1]
      [Ext Root Scanning (ms): Min: 0.7, Avg: 0.7, Max: 0.8, Diff: 0.1, Sum: 5.9]
      [Update RS (ms): Min: 0.2, Avg: 0.3, Max: 0.4, Diff: 0.2, Sum: 2.4]
         [Processed Buffers: Min: 1, Avg: 2.1, Max: 3, Diff: 2, Sum: 17]
      [Scan RS (ms): Min: 0.2, Avg: 0.4, Max: 0.4, Diff: 0.2, Sum: 2.9]
      [Code Root Scanning (ms): Min: 0.0, Avg: 0.0, Max: 0.0, Diff: 0.0, Sum: 0.0]
      [Object Copy (ms): Min: 30.3, Avg: 30.4, Max: 30.4, Diff: 0.1, Sum: 242.9]
      [Termination (ms): Min: 0.0, Avg: 0.0, Max: 0.0, Diff: 0.0, Sum: 0.0]
      [GC Worker Other (ms): Min: 0.0, Avg: 0.1, Max: 0.1, Diff: 0.0, Sum: 0.4]
      [GC Worker Total (ms): Min: 31.8, Avg: 31.8, Max: 31.9, Diff: 0.1, Sum: 254.6]
      [GC Worker End (ms): Min: 194581.5, Avg: 194581.5, Max: 194581.5, Diff: 0.0]
   [Code Root Fixup: 0.0 ms]
   [Code Root Migration: 0.1 ms]
   [Clear CT: 0.4 ms]
   [Other: 0.7 ms]
      [Choose CSet: 0.0 ms]
      [Ref Proc: 0.1 ms]
      [Ref Enq: 0.0 ms]
      [Free CSet: 0.6 ms]
   [Eden: 854.0M(854.0M)->0.0B(851.0M) Survivors: 68.0M->71.0M Heap: 1079.8M(1538.0M)->228.9M(1538.0M)]
 [Times: user=0.26 sys=0.00, real=0.03 secs] 
194.583: Total time for which application threads were stopped: 0.0333030 seconds, Stopping threads took: 0.0000610 seconds
195.036: Application time: 0.4531250 seconds
195.036: [GC pause (young), 0.0324110 secs]
   [Parallel Time: 31.2 ms, GC Workers: 8]
      [GC Worker Start (ms): Min: 195036.1, Avg: 195036.1, Max: 195036.1, Diff: 0.1]
      [Ext Root Scanning (ms): Min: 0.7, Avg: 0.8, Max: 0.8, Diff: 0.1, Sum: 6.2]
      [Update RS (ms): Min: 0.2, Avg: 0.3, Max: 0.4, Diff: 0.2, Sum: 2.4]
         [Processed Buffers: Min: 1, Avg: 2.1, Max: 3, Diff: 2, Sum: 17]
      [Scan RS (ms): Min: 0.2, Avg: 0.3, Max: 0.4, Diff: 0.2, Sum: 2.8]
      [Code Root Scanning (ms): Min: 0.0, Avg: 0.0, Max: 0.0, Diff: 0.0, Sum: 0.0]
      [Object Copy (ms): Min: 29.6, Avg: 29.6, Max: 29.7, Diff: 0.0, Sum: 237.2]
      [Termination (ms): Min: 0.0, Avg: 0.0, Max: 0.0, Diff: 0.0, Sum: 0.0]
      [GC Worker Other (ms): Min: 0.0, Avg: 0.1, Max: 0.1, Diff: 0.0, Sum: 0.5]
      [GC Worker Total (ms): Min: 31.1, Avg: 31.1, Max: 31.2, Diff: 0.1, Sum: 248.9]
      [GC Worker End (ms): Min: 195067.2, Avg: 195067.2, Max: 195067.2, Diff: 0.0]
   [Code Root Fixup: 0.0 ms]
   [Code Root Migration: 0.1 ms]
   [Clear CT: 0.4 ms]
   [Other: 0.7 ms]
      [Choose CSet: 0.0 ms]
      [Ref Proc: 0.1 ms]
      [Ref Enq: 0.0 ms]
      [Free CSet: 0.5 ms]
   [Eden: 851.0M(851.0M)->0.0B(851.0M) Survivors: 71.0M->71.0M Heap: 1079.9M(1538.0M)->228.9M(1538.0M)]
 [Times: user=0.25 sys=0.00, real=0.03 secs] 
195.069: Total time for which application threads were stopped: 0.0326250 seconds, Stopping threads took: 0.0000550 seconds
195.516: Application time: 0.4472740 seconds
195.516: [GC pause (young), 0.0324940 secs]
   [Parallel Time: 31.3 ms, GC Workers: 8]
      [GC Worker Start (ms): Min: 195516.0, Avg: 195516.0, Max: 195516.0, Diff: 0.1]
      [Ext Root Scanning (ms): Min: 0.7, Avg: 0.8, Max: 0.9, Diff: 0.2, Sum: 6.3]
      [Update RS (ms): Min: 0.2, Avg: 0.3, Max: 0.4, Diff: 0.2, Sum: 2.4]
         [Processed Buffers: Min: 1, Avg: 2.1, Max: 3, Diff: 2, Sum: 17]
      [Scan RS (ms): Min: 0.2, Avg: 0.3, Max: 0.4, Diff: 0.2, Sum: 2.6]
      [Code Root Scanning (ms): Min: 0.0, Avg: 0.0, Max: 0.0, Diff: 0.0, Sum: 0.0]
      [Object Copy (ms): Min: 29.7, Avg: 29.7, Max: 29.7, Diff: 0.0, Sum: 237.6]
      [Termination (ms): Min: 0.0, Avg: 0.0, Max: 0.0, Diff: 0.0, Sum: 0.0]
      [GC Worker Other (ms): Min: 0.0, Avg: 0.1, Max: 0.1, Diff: 0.0, Sum: 0.5]
      [GC Worker Total (ms): Min: 31.2, Avg: 31.2, Max: 31.2, Diff: 0.1, Sum: 249.5]
      [GC Worker End (ms): Min: 195547.2, Avg: 195547.2, Max: 195547.2, Diff: 0.0]
   [Code Root Fixup: 0.0 ms]
   [Code Root Migration: 0.1 ms]
   [Clear CT: 0.4 ms]
   [Other: 0.7 ms]
      [Choose CSet: 0.0 ms]
      [Ref Proc: 0.1 ms]
      [Ref Enq: 0.0 ms]
      [Free CSet: 0.5 ms]
   [Eden: 851.0M(851.0M)->0.0B(852.0M) Survivors: 71.0M->70.0M Heap: 1079.9M(1538.0M)->228.4M(1538.0M)]
 [Times: user=0.26 sys=0.01, real=0.03 secs] 
195.549: Total time for which application threads were stopped: 0.0326790 seconds, Stopping threads took: 0.0000480 seconds
195.989: Application time: 0.4406220 seconds
195.989: [GC pause (young), 0.0334700 secs]
   [Parallel Time: 32.2 ms, GC Workers: 8]
      [GC Worker Start (ms): Min: 195989.3, Avg: 195989.3, Max: 195989.3, Diff: 0.1]
      [Ext Root Scanning (ms): Min: 0.7, Avg: 0.8, Max: 0.8, Diff: 0.1, Sum: 6.1]
      [Update RS (ms): Min: 0.2, Avg: 0.3, Max: 0.5, Diff: 0.3, Sum: 2.4]
         [Processed Buffers: Min: 1, Avg: 2.1, Max: 3, Diff: 2, Sum: 17]
      [Scan RS (ms): Min: 0.3, Avg: 0.4, Max: 0.5, Diff: 0.2, Sum: 3.1]
      [Code Root Scanning (ms): Min: 0.0, Avg: 0.0, Max: 0.0, Diff: 0.0, Sum: 0.0]
      [Object Copy (ms): Min: 30.6, Avg: 30.7, Max: 30.7, Diff: 0.1, Sum: 245.2]
      [Termination (ms): Min: 0.0, Avg: 0.0, Max: 0.0, Diff: 0.0, Sum: 0.0]
      [GC Worker Other (ms): Min: 0.0, Avg: 0.1, Max: 0.1, Diff: 0.0, Sum: 0.5]
      [GC Worker Total (ms): Min: 32.1, Avg: 32.2, Max: 32.2, Diff: 0.1, Sum: 257.3]
      [GC Worker End (ms): Min: 196021.4, Avg: 196021.5, Max: 196021.5, Diff: 0.0]
   [Code Root Fixup: 0.1 ms]
   [Code Root Migration: 0.1 ms]
   [Clear CT: 0.4 ms]
   [Other: 0.7 ms]
      [Choose CSet: 0.0 ms]
      [Ref Proc: 0.1 ms]
      [Ref Enq: 0.0 ms]
      [Free CSet: 0.6 ms]
   [Eden: 852.0M(852.0M)->0.0B(852.0M) Survivors: 70.0M->70.0M Heap: 1080.4M(1538.0M)->228.4M(1538.0M)]
 [Times: user=0.26 sys=0.00, real=0.03 secs] 
196.023: Total time for which application threads were stopped: 0.0336500 seconds, Stopping threads took: 0.0000280 seconds
196.459: Application time: 0.4361840 seconds
196.459: [GC pause (young), 0.0335870 secs]
   [Parallel Time: 32.2 ms, GC Workers: 8]
      [GC Worker Start (ms): Min: 196459.1, Avg: 196459.1, Max: 196459.2, Diff: 0.1]
      [Ext Root Scanning (ms): Min: 0.7, Avg: 0.8, Max: 0.8, Diff: 0.1, Sum: 6.3]
      [Update RS (ms): Min: 0.2, Avg: 0.3, Max: 0.4, Diff: 0.2, Sum: 2.4]
         [Processed Buffers: Min: 1, Avg: 2.1, Max: 4, Diff: 3, Sum: 17]
      [Scan RS (ms): Min: 0.2, Avg: 0.4, Max: 0.5, Diff: 0.3, Sum: 2.9]
      [Code Root Scanning (ms): Min: 0.0, Avg: 0.0, Max: 0.0, Diff: 0.0, Sum: 0.0]
      [Object Copy (ms): Min: 30.6, Avg: 30.6, Max: 30.7, Diff: 0.1, Sum: 245.0]
      [Termination (ms): Min: 0.0, Avg: 0.0, Max: 0.0, Diff: 0.0, Sum: 0.0]
      [GC Worker Other (ms): Min: 0.0, Avg: 0.1, Max: 0.1, Diff: 0.0, Sum: 0.5]
      [GC Worker Total (ms): Min: 32.1, Avg: 32.1, Max: 32.2, Diff: 0.1, Sum: 257.1]
      [GC Worker End (ms): Min: 196491.2, Avg: 196491.3, Max: 196491.3, Diff: 0.0]
   [Code Root Fixup: 0.1 ms]
   [Code Root Migration: 0.1 ms]
   [Clear CT: 0.4 ms]
   [Other: 0.8 ms]
      [Choose CSet: 0.0 ms]
      [Ref Proc: 0.1 ms]
      [Ref Enq: 0.0 ms]
      [Free CSet: 0.6 ms]
   [Eden: 852.0M(852.0M)->0.0B(851.0M) Survivors: 70.0M->71.0M Heap: 1080.4M(1538.0M)->228.9M(1538.0M)]
 [Times: user=0.26 sys=0.00, real=0.04 secs] 
196.493: Total time for which application threads were stopped: 0.0337630 seconds, Stopping threads took: 0.0000300 seconds
196.928: Application time: 0.4355730 seconds
196.928: [GC pause (young), 0.0341460 secs]
   [Parallel Time: 32.9 ms, GC Workers: 8]
      [GC Worker Start (ms): Min: 196928.4, Avg: 196928.8, Max: 196931.4, Diff: 2.9]
      [Ext Root Scanning (ms): Min: 0.0, Avg: 0.7, Max: 0.8, Diff: 0.8, Sum: 5.3]
      [Update RS (ms): Min: 0.0, Avg: 0.3, Max: 0.4, Diff: 0.4, Sum: 2.2]
         [Processed Buffers: Min: 0, Avg: 2.1, Max: 4, Diff: 4, Sum: 17]
      [Scan RS (ms): Min: 0.0, Avg: 0.3, Max: 0.4, Diff: 0.4, Sum: 2.6]
      [Code Root Scanning (ms): Min: 0.0, Avg: 0.0, Max: 0.0, Diff: 0.0, Sum: 0.0]
      [Object Copy (ms): Min: 29.8, Avg: 31.1, Max: 31.4, Diff: 1.5, Sum: 249.0]
      [Termination (ms): Min: 0.0, Avg: 0.0, Max: 0.0, Diff: 0.0, Sum: 0.0]
      [GC Worker Other (ms): Min: 0.0, Avg: 0.1, Max: 0.1, Diff: 0.0, Sum: 0.4]
      [GC Worker Total (ms): Min: 29.9, Avg: 32.5, Max: 32.9, Diff: 3.0, Sum: 259.7]
      [GC Worker End (ms): Min: 196961.2, Avg: 196961.3, Max: 196961.3, Diff: 0.0]
   [Code Root Fixup: 0.0 ms]
   [Code Root Migration: 0.1 ms]
   [Clear CT: 0.4 ms]
   [Other: 0.7 ms]
      [Choose CSet: 0.0 ms]
      [Ref Proc: 0.1 ms]
      [Ref Enq: 0.0 ms]
      [Free CSet: 0.6 ms]
   [Eden: 851.0M(851.0M)->0.0B(850.0M) Survivors: 71.0M->72.0M Heap: 1079.9M(1538.0M)->230.4M(1538.0M)]
 [Times: user=0.26 sys=0.00, real=0.03 secs] 
196.963: Total time for which application threads were stopped: 0.0343140 seconds, Stopping threads took: 0.0000130 seconds
197.396: Application time: 0.4330350 seconds
197.396: [GC pause (young), 0.0327980 secs]
   [Parallel Time: 31.4 ms, GC Workers: 8]
      [GC Worker Start (ms): Min: 197395.8, Avg: 197395.8, Max: 197395.8, Diff: 0.1]
      [Ext Root Scanning (ms): Min: 0.7, Avg: 0.8, Max: 0.8, Diff: 0.1, Sum: 6.0]
      [Update RS (ms): Min: 0.2, Avg: 0.8, Max: 4.0, Diff: 3.8, Sum: 6.2]
         [Processed Buffers: Min: 1, Avg: 2.1, Max: 4, Diff: 3, Sum: 17]
      [Scan RS (ms): Min: 0.2, Avg: 0.4, Max: 0.4, Diff: 0.2, Sum: 2.9]
      [Code Root Scanning (ms): Min: 0.0, Avg: 0.0, Max: 0.0, Diff: 0.0, Sum: 0.0]
      [Object Copy (ms): Min: 26.2, Avg: 29.4, Max: 29.9, Diff: 3.7, Sum: 235.2]
      [Termination (ms): Min: 0.0, Avg: 0.0, Max: 0.0, Diff: 0.0, Sum: 0.0]
      [GC Worker Other (ms): Min: 0.0, Avg: 0.1, Max: 0.1, Diff: 0.0, Sum: 0.5]
      [GC Worker Total (ms): Min: 31.3, Avg: 31.4, Max: 31.4, Diff: 0.1, Sum: 250.9]
      [GC Worker End (ms): Min: 197427.1, Avg: 197427.2, Max: 197427.2, Diff: 0.0]
   [Code Root Fixup: 0.0 ms]
   [Code Root Migration: 0.1 ms]
   [Clear CT: 0.4 ms]
   [Other: 0.8 ms]
      [Choose CSet: 0.0 ms]
      [Ref Proc: 0.1 ms]
      [Ref Enq: 0.0 ms]
      [Free CSet: 0.6 ms]
   [Eden: 850.0M(850.0M)->0.0B(853.0M) Survivors: 72.0M->69.0M Heap: 1080.4M(1538.0M)->227.4M(1538.0M)]
 [Times: user=0.24 sys=0.01, real=0.03 secs] 
197.429: Total time for which application threads were stopped: 0.0329500 seconds, Stopping threads took: 0.0000180 seconds
197.863: Application time: 0.4345120 seconds
197.863: [GC pause (young), 0.0333530 secs]
   [Parallel Time: 32.0 ms, GC Workers: 8]
      [GC Worker Start (ms): Min: 197863.3, Avg: 197863.3, Max: 197863.3, Diff: 0.1]
      [Ext Root Scanning (ms): Min: 0.7, Avg: 0.8, Max: 0.8, Diff: 0.1, Sum: 6.2]
      [Update RS (ms): Min: 0.2, Avg: 0.3, Max: 0.5, Diff: 0.2, Sum: 2.4]
         [Processed Buffers: Min: 1, Avg: 2.1, Max: 3, Diff: 2, Sum: 17]
      [Scan RS (ms): Min: 0.2, Avg: 0.4, Max: 0.4, Diff: 0.2, Sum: 2.8]
      [Code Root Scanning (ms): Min: 0.0, Avg: 0.0, Max: 0.0, Diff: 0.0, Sum: 0.1]
      [Object Copy (ms): Min: 30.4, Avg: 30.5, Max: 30.5, Diff: 0.1, Sum: 243.8]
      [Termination (ms): Min: 0.0, Avg: 0.0, Max: 0.0, Diff: 0.0, Sum: 0.0]
      [GC Worker Other (ms): Min: 0.0, Avg: 0.1, Max: 0.1, Diff: 0.0, Sum: 0.5]
      [GC Worker Total (ms): Min: 31.9, Avg: 32.0, Max: 32.0, Diff: 0.1, Sum: 255.8]
      [GC Worker End (ms): Min: 197895.2, Avg: 197895.3, Max: 197895.3, Diff: 0.0]
   [Code Root Fixup: 0.1 ms]
   [Code Root Migration: 0.1 ms]
   [Clear CT: 0.4 ms]
   [Other: 0.8 ms]
      [Choose CSet: 0.0 ms]
      [Ref Proc: 0.1 ms]
      [Ref Enq: 0.0 ms]
      [Free CSet: 0.6 ms]
   [Eden: 853.0M(853.0M)->0.0B(852.0M) Survivors: 69.0M->70.0M Heap: 1080.4M(1538.0M)->227.9M(1538.0M)]
 [Times: user=0.26 sys=0.00, real=0.04 secs] 
197.897: Total time for which application threads were stopped: 0.0335400 seconds, Stopping threads took: 0.0000310 seconds
198.330: Application time: 0.4336440 seconds
198.330: [GC pause (young), 0.0344960 secs]
   [Parallel Time: 33.2 ms, GC Workers: 8]
      [GC Worker Start (ms): Min: 198330.5, Avg: 198330.6, Max: 198331.3, Diff: 0.9]
      [Ext Root Scanning (ms): Min: 0.0, Avg: 0.7, Max: 0.9, Diff: 0.9, Sum: 5.2]
      [Update RS (ms): Min: 0.1, Avg: 0.3, Max: 0.6, Diff: 0.5, Sum: 2.5]
         [Processed Buffers: Min: 1, Avg: 2.1, Max: 3, Diff: 2, Sum: 17]
      [Scan RS (ms): Min: 0.2, Avg: 0.4, Max: 0.4, Diff: 0.3, Sum: 2.9]
      [Code Root Scanning (ms): Min: 0.0, Avg: 0.0, Max: 0.0, Diff: 0.0, Sum: 0.0]
      [Object Copy (ms): Min: 31.5, Avg: 31.6, Max: 31.6, Diff: 0.1, Sum: 252.7]
      [Termination (ms): Min: 0.0, Avg: 0.0, Max: 0.0, Diff: 0.0, Sum: 0.0]
      [GC Worker Other (ms): Min: 0.0, Avg: 0.0, Max: 0.1, Diff: 0.0, Sum: 0.3]
      [GC Worker Total (ms): Min: 32.2, Avg: 33.0, Max: 33.1, Diff: 0.9, Sum: 263.8]
      [GC Worker End (ms): Min: 198363.5, Avg: 198363.6, Max: 198363.6, Diff: 0.0]
   [Code Root Fixup: 0.0 ms]
   [Code Root Migration: 0.1 ms]
   [Clear CT: 0.4 ms]
   [Other: 0.8 ms]
      [Choose CSet: 0.0 ms]
      [Ref Proc: 0.1 ms]
      [Ref Enq: 0.0 ms]
      [Free CSet: 0.6 ms]
   [Eden: 852.0M(852.0M)->0.0B(850.0M) Survivors: 70.0M->72.0M Heap: 1079.9M(1538.0M)->230.4M(1538.0M)]
 [Times: user=0.27 sys=0.00, real=0.04 secs] 
198.365: Total time for which application threads were stopped: 0.0346840 seconds, Stopping threads took: 0.0000510 seconds
198.803: Application time: 0.4381970 seconds
198.803: [GC pause (young), 0.0267040 secs]
   [Parallel Time: 25.5 ms, GC Workers: 8]
      [GC Worker Start (ms): Min: 198803.4, Avg: 198803.4, Max: 198803.4, Diff: 0.1]
      [Ext Root Scanning (ms): Min: 0.7, Avg: 0.7, Max: 0.8, Diff: 0.1, Sum: 5.7]
      [Update RS (ms): Min: 0.2, Avg: 0.3, Max: 0.5, Diff: 0.3, Sum: 2.5]
         [Processed Buffers: Min: 1, Avg: 2.2, Max: 4, Diff: 3, Sum: 18]
      [Scan RS (ms): Min: 0.2, Avg: 0.4, Max: 0.5, Diff: 0.2, Sum: 2.9]
      [Code Root Scanning (ms): Min: 0.0, Avg: 0.0, Max: 0.0, Diff: 0.0, Sum: 0.0]
      [Object Copy (ms): Min: 23.9, Avg: 23.9, Max: 24.0, Diff: 0.1, Sum: 191.6]
      [Termination (ms): Min: 0.0, Avg: 0.0, Max: 0.0, Diff: 0.0, Sum: 0.0]
      [GC Worker Other (ms): Min: 0.0, Avg: 0.0, Max: 0.1, Diff: 0.0, Sum: 0.4]
      [GC Worker Total (ms): Min: 25.3, Avg: 25.4, Max: 25.4, Diff: 0.1, Sum: 203.1]
      [GC Worker End (ms): Min: 198828.8, Avg: 198828.8, Max: 198828.8, Diff: 0.0]
   [Code Root Fixup: 0.0 ms]
   [Code Root Migration: 0.1 ms]
   [Clear CT: 0.4 ms]
   [Other: 0.7 ms]
      [Choose CSet: 0.0 ms]
      [Ref Proc: 0.1 ms]
      [Ref Enq: 0.0 ms]
      [Free CSet: 0.6 ms]
   [Eden: 850.0M(850.0M)->0.0B(861.0M) Survivors: 72.0M->61.0M Heap: 1080.4M(1538.0M)->218.9M(1538.0M)]
 [Times: user=0.21 sys=0.00, real=0.02 secs] 
198.830: Total time for which application threads were stopped: 0.0269210 seconds, Stopping threads took: 0.0000670 seconds
199.299: Application time: 0.4684950 seconds
199.299: [GC pause (young), 0.0327570 secs]
   [Parallel Time: 31.5 ms, GC Workers: 8]
      [GC Worker Start (ms): Min: 199298.7, Avg: 199298.8, Max: 199298.8, Diff: 0.1]
      [Ext Root Scanning (ms): Min: 0.7, Avg: 0.8, Max: 0.8, Diff: 0.1, Sum: 6.4]
      [Update RS (ms): Min: 0.2, Avg: 0.3, Max: 0.4, Diff: 0.2, Sum: 2.4]
         [Processed Buffers: Min: 1, Avg: 2.1, Max: 3, Diff: 2, Sum: 17]
      [Scan RS (ms): Min: 0.2, Avg: 0.4, Max: 0.4, Diff: 0.2, Sum: 2.9]
      [Code Root Scanning (ms): Min: 0.0, Avg: 0.0, Max: 0.0, Diff: 0.0, Sum: 0.0]
      [Object Copy (ms): Min: 29.9, Avg: 29.9, Max: 30.0, Diff: 0.1, Sum: 239.4]
      [Termination (ms): Min: 0.0, Avg: 0.0, Max: 0.0, Diff: 0.0, Sum: 0.0]
      [GC Worker Other (ms): Min: 0.0, Avg: 0.1, Max: 0.1, Diff: 0.0, Sum: 0.4]
      [GC Worker Total (ms): Min: 31.4, Avg: 31.4, Max: 31.5, Diff: 0.1, Sum: 251.5]
      [GC Worker End (ms): Min: 199330.2, Avg: 199330.2, Max: 199330.2, Diff: 0.0]
   [Code Root Fixup: 0.0 ms]
   [Code Root Migration: 0.1 ms]
   [Clear CT: 0.4 ms]
   [Other: 0.7 ms]
      [Choose CSet: 0.0 ms]
      [Ref Proc: 0.1 ms]
      [Ref Enq: 0.0 ms]
      [Free CSet: 0.6 ms]
   [Eden: 861.0M(861.0M)->0.0B(853.0M) Survivors: 61.0M->69.0M Heap: 1079.9M(1538.0M)->227.5M(1538.0M)]
 [Times: user=0.26 sys=0.00, real=0.04 secs] 
199.332: Total time for which application threads were stopped: 0.0329190 seconds, Stopping threads took: 0.0000180 seconds
199.784: Application time: 0.4529570 seconds
199.785: [GC pause (young), 0.0333550 secs]
   [Parallel Time: 32.1 ms, GC Workers: 8]
      [GC Worker Start (ms): Min: 199784.7, Avg: 199784.7, Max: 199784.7, Diff: 0.1]
      [Ext Root Scanning (ms): Min: 0.7, Avg: 0.7, Max: 0.8, Diff: 0.1, Sum: 5.8]
      [Update RS (ms): Min: 0.2, Avg: 0.3, Max: 0.4, Diff: 0.3, Sum: 2.4]
         [Processed Buffers: Min: 1, Avg: 2.1, Max: 3, Diff: 2, Sum: 17]
      [Scan RS (ms): Min: 0.3, Avg: 0.4, Max: 0.4, Diff: 0.2, Sum: 2.9]
      [Code Root Scanning (ms): Min: 0.0, Avg: 0.0, Max: 0.0, Diff: 0.0, Sum: 0.0]
      [Object Copy (ms): Min: 30.6, Avg: 30.6, Max: 30.6, Diff: 0.1, Sum: 244.9]
      [Termination (ms): Min: 0.0, Avg: 0.0, Max: 0.0, Diff: 0.0, Sum: 0.0]
      [GC Worker Other (ms): Min: 0.0, Avg: 0.1, Max: 0.1, Diff: 0.0, Sum: 0.4]
      [GC Worker Total (ms): Min: 32.0, Avg: 32.1, Max: 32.1, Diff: 0.1, Sum: 256.5]
      [GC Worker End (ms): Min: 199816.7, Avg: 199816.8, Max: 199816.8, Diff: 0.0]
   [Code Root Fixup: 0.0 ms]
   [Code Root Migration: 0.1 ms]
   [Clear CT: 0.4 ms]
   [Other: 0.7 ms]
      [Choose CSet: 0.0 ms]
      [Ref Proc: 0.1 ms]
      [Ref Enq: 0.0 ms]
      [Free CSet: 0.6 ms]
   [Eden: 853.0M(853.0M)->0.0B(852.0M) Survivors: 69.0M->70.0M Heap: 1080.5M(1538.0M)->228.5M(1538.0M)]
 [Times: user=0.26 sys=0.00, real=0.03 secs] 
199.818: Total time for which application threads were stopped: 0.0335590 seconds, Stopping threads took: 0.0000560 seconds
200.269: Application time: 0.4514470 seconds
200.270: [GC pause (young), 0.0334570 secs]
   [Parallel Time: 32.2 ms, GC Workers: 8]
      [GC Worker Start (ms): Min: 200269.6, Avg: 200269.7, Max: 200269.7, Diff: 0.1]
      [Ext Root Scanning (ms): Min: 0.7, Avg: 0.7, Max: 0.8, Diff: 0.1, Sum: 6.0]
      [Update RS (ms): Min: 0.2, Avg: 0.3, Max: 0.4, Diff: 0.2, Sum: 2.3]
         [Processed Buffers: Min: 1, Avg: 2.1, Max: 3, Diff: 2, Sum: 17]
      [Scan RS (ms): Min: 0.2, Avg: 0.4, Max: 0.4, Diff: 0.2, Sum: 3.0]
      [Code Root Scanning (ms): Min: 0.0, Avg: 0.0, Max: 0.0, Diff: 0.0, Sum: 0.0]
      [Object Copy (ms): Min: 30.6, Avg: 30.6, Max: 30.7, Diff: 0.1, Sum: 245.0]
      [Termination (ms): Min: 0.0, Avg: 0.0, Max: 0.0, Diff: 0.0, Sum: 0.0]
      [GC Worker Other (ms): Min: 0.0, Avg: 0.1, Max: 0.1, Diff: 0.0, Sum: 0.4]
      [GC Worker Total (ms): Min: 32.0, Avg: 32.1, Max: 32.1, Diff: 0.1, Sum: 256.7]
      [GC Worker End (ms): Min: 200301.7, Avg: 200301.8, Max: 200301.8, Diff: 0.0]
   [Code Root Fixup: 0.0 ms]
   [Code Root Migration: 0.1 ms]
   [Clear CT: 0.4 ms]
   [Other: 0.8 ms]
      [Choose CSet: 0.0 ms]
      [Ref Proc: 0.1 ms]
      [Ref Enq: 0.0 ms]
      [Free CSet: 0.6 ms]
   [Eden: 852.0M(852.0M)->0.0B(852.0M) Survivors: 70.0M->70.0M Heap: 1080.5M(1538.0M)->228.0M(1538.0M)]
 [Times: user=0.26 sys=0.00, real=0.03 secs] 
200.303: Total time for which application threads were stopped: 0.0336370 seconds, Stopping threads took: 0.0000360 seconds
200.746: Application time: 0.4433220 seconds
200.747: [GC pause (young), 0.0327040 secs]
   [Parallel Time: 31.5 ms, GC Workers: 8]
      [GC Worker Start (ms): Min: 200746.6, Avg: 200746.6, Max: 200746.7, Diff: 0.1]
      [Ext Root Scanning (ms): Min: 0.7, Avg: 0.8, Max: 0.8, Diff: 0.1, Sum: 6.1]
      [Update RS (ms): Min: 0.2, Avg: 0.3, Max: 0.5, Diff: 0.2, Sum: 2.5]
         [Processed Buffers: Min: 1, Avg: 2.1, Max: 3, Diff: 2, Sum: 17]
      [Scan RS (ms): Min: 0.2, Avg: 0.4, Max: 0.5, Diff: 0.3, Sum: 2.8]
      [Code Root Scanning (ms): Min: 0.0, Avg: 0.0, Max: 0.0, Diff: 0.0, Sum: 0.0]
      [Object Copy (ms): Min: 29.9, Avg: 29.9, Max: 30.0, Diff: 0.1, Sum: 239.3]
      [Termination (ms): Min: 0.0, Avg: 0.0, Max: 0.0, Diff: 0.0, Sum: 0.0]
      [GC Worker Other (ms): Min: 0.0, Avg: 0.1, Max: 0.1, Diff: 0.0, Sum: 0.4]
      [GC Worker Total (ms): Min: 31.4, Avg: 31.4, Max: 31.4, Diff: 0.1, Sum: 251.2]
      [GC Worker End (ms): Min: 200778.0, Avg: 200778.0, Max: 200778.1, Diff: 0.0]
   [Code Root Fixup: 0.0 ms]
   [Code Root Migration: 0.1 ms]
   [Clear CT: 0.4 ms]
   [Other: 0.7 ms]
      [Choose CSet: 0.0 ms]
      [Ref Proc: 0.1 ms]
      [Ref Enq: 0.0 ms]
      [Free CSet: 0.6 ms]
   [Eden: 852.0M(852.0M)->0.0B(852.0M) Survivors: 70.0M->70.0M Heap: 1080.0M(1538.0M)->228.5M(1538.0M)]
 [Times: user=0.25 sys=0.00, real=0.03 secs] 
200.779: Total time for which application threads were stopped: 0.0329040 seconds, Stopping threads took: 0.0000410 seconds
201.215: Application time: 0.4359880 seconds
201.215: [GC pause (young), 0.0333180 secs]
   [Parallel Time: 32.0 ms, GC Workers: 8]
      [GC Worker Start (ms): Min: 201215.5, Avg: 201215.5, Max: 201215.6, Diff: 0.1]
      [Ext Root Scanning (ms): Min: 0.7, Avg: 0.8, Max: 0.8, Diff: 0.1, Sum: 6.3]
      [Update RS (ms): Min: 0.2, Avg: 0.3, Max: 0.5, Diff: 0.3, Sum: 2.4]
         [Processed Buffers: Min: 1, Avg: 2.1, Max: 4, Diff: 3, Sum: 17]
      [Scan RS (ms): Min: 0.2, Avg: 0.4, Max: 0.5, Diff: 0.2, Sum: 3.1]
      [Code Root Scanning (ms): Min: 0.0, Avg: 0.0, Max: 0.0, Diff: 0.0, Sum: 0.0]
      [Object Copy (ms): Min: 30.4, Avg: 30.4, Max: 30.5, Diff: 0.1, Sum: 243.4]
      [Termination (ms): Min: 0.0, Avg: 0.0, Max: 0.0, Diff: 0.0, Sum: 0.0]
      [GC Worker Other (ms): Min: 0.0, Avg: 0.1, Max: 0.1, Diff: 0.0, Sum: 0.4]
      [GC Worker Total (ms): Min: 31.9, Avg: 32.0, Max: 32.0, Diff: 0.1, Sum: 255.7]
      [GC Worker End (ms): Min: 201247.5, Avg: 201247.5, Max: 201247.5, Diff: 0.0]
   [Code Root Fixup: 0.0 ms]
   [Code Root Migration: 0.1 ms]
   [Clear CT: 0.4 ms]
   [Other: 0.8 ms]
      [Choose CSet: 0.0 ms]
      [Ref Proc: 0.1 ms]
      [Ref Enq: 0.0 ms]
      [Free CSet: 0.6 ms]
   [Eden: 852.0M(852.0M)->0.0B(852.0M) Survivors: 70.0M->70.0M Heap: 1080.5M(1538.0M)->228.0M(1538.0M)]
 [Times: user=0.26 sys=0.00, real=0.03 secs] 
201.249: Total time for which application threads were stopped: 0.0334860 seconds, Stopping threads took: 0.0000320 seconds
201.685: Application time: 0.4359790 seconds
201.685: [GC pause (young), 0.0314980 secs]
   [Parallel Time: 30.2 ms, GC Workers: 8]
      [GC Worker Start (ms): Min: 201685.0, Avg: 201685.0, Max: 201685.0, Diff: 0.1]
      [Ext Root Scanning (ms): Min: 0.7, Avg: 1.5, Max: 6.5, Diff: 5.8, Sum: 11.9]
      [Update RS (ms): Min: 0.0, Avg: 0.3, Max: 0.4, Diff: 0.4, Sum: 2.2]
         [Processed Buffers: Min: 0, Avg: 2.1, Max: 4, Diff: 4, Sum: 17]
      [Scan RS (ms): Min: 0.3, Avg: 0.4, Max: 0.6, Diff: 0.2, Sum: 3.3]
      [Code Root Scanning (ms): Min: 0.0, Avg: 0.0, Max: 0.0, Diff: 0.0, Sum: 0.0]
      [Object Copy (ms): Min: 23.0, Avg: 27.9, Max: 28.6, Diff: 5.6, Sum: 223.2]
      [Termination (ms): Min: 0.0, Avg: 0.0, Max: 0.0, Diff: 0.0, Sum: 0.0]
      [GC Worker Other (ms): Min: 0.0, Avg: 0.1, Max: 0.1, Diff: 0.0, Sum: 0.4]
      [GC Worker Total (ms): Min: 30.1, Avg: 30.1, Max: 30.2, Diff: 0.1, Sum: 241.0]
      [GC Worker End (ms): Min: 201715.1, Avg: 201715.1, Max: 201715.1, Diff: 0.0]
   [Code Root Fixup: 0.1 ms]
   [Code Root Migration: 0.1 ms]
   [Clear CT: 0.4 ms]
   [Other: 0.8 ms]
      [Choose CSet: 0.0 ms]
      [Ref Proc: 0.1 ms]
      [Ref Enq: 0.0 ms]
      [Free CSet: 0.6 ms]
   [Eden: 852.0M(852.0M)->0.0B(854.0M) Survivors: 70.0M->68.0M Heap: 1080.0M(1538.0M)->226.0M(1538.0M)]
 [Times: user=0.23 sys=0.00, real=0.03 secs] 
201.717: Total time for which application threads were stopped: 0.0316840 seconds, Stopping threads took: 0.0000270 seconds
202.151: Application time: 0.4344170 seconds
202.151: [GC pause (young), 0.0326310 secs]
   [Parallel Time: 31.3 ms, GC Workers: 8]
      [GC Worker Start (ms): Min: 202151.0, Avg: 202151.1, Max: 202151.1, Diff: 0.1]
      [Ext Root Scanning (ms): Min: 0.7, Avg: 1.4, Max: 5.3, Diff: 4.6, Sum: 10.8]
      [Update RS (ms): Min: 0.0, Avg: 0.3, Max: 0.4, Diff: 0.4, Sum: 2.2]
         [Processed Buffers: Min: 0, Avg: 2.1, Max: 4, Diff: 4, Sum: 17]
      [Scan RS (ms): Min: 0.2, Avg: 0.4, Max: 0.4, Diff: 0.2, Sum: 2.9]
      [Code Root Scanning (ms): Min: 0.0, Avg: 0.0, Max: 0.0, Diff: 0.0, Sum: 0.0]
      [Object Copy (ms): Min: 25.5, Avg: 29.2, Max: 29.7, Diff: 4.2, Sum: 233.4]
      [Termination (ms): Min: 0.0, Avg: 0.0, Max: 0.0, Diff: 0.0, Sum: 0.0]
      [GC Worker Other (ms): Min: 0.0, Avg: 0.1, Max: 0.1, Diff: 0.1, Sum: 0.4]
      [GC Worker Total (ms): Min: 31.2, Avg: 31.2, Max: 31.3, Diff: 0.1, Sum: 249.9]
      [GC Worker End (ms): Min: 202182.3, Avg: 202182.3, Max: 202182.3, Diff: 0.1]
   [Code Root Fixup: 0.0 ms]
   [Code Root Migration: 0.1 ms]
   [Clear CT: 0.4 ms]
   [Other: 0.8 ms]
      [Choose CSet: 0.0 ms]
      [Ref Proc: 0.1 ms]
      [Ref Enq: 0.0 ms]
      [Free CSet: 0.6 ms]
   [Eden: 854.0M(854.0M)->0.0B(852.0M) Survivors: 68.0M->70.0M Heap: 1080.0M(1538.0M)->228.0M(1538.0M)]
 [Times: user=0.25 sys=0.01, real=0.04 secs] 
202.184: Total time for which application threads were stopped: 0.0328070 seconds, Stopping threads took: 0.0000140 seconds
202.617: Application time: 0.4328870 seconds
202.617: [GC pause (young), 0.0328820 secs]
   [Parallel Time: 31.7 ms, GC Workers: 8]
      [GC Worker Start (ms): Min: 202616.8, Avg: 202617.1, Max: 202619.4, Diff: 2.6]
      [Ext Root Scanning (ms): Min: 0.0, Avg: 0.7, Max: 0.9, Diff: 0.9, Sum: 5.4]
      [Update RS (ms): Min: 0.0, Avg: 0.3, Max: 0.4, Diff: 0.4, Sum: 2.2]
         [Processed Buffers: Min: 0, Avg: 2.1, Max: 4, Diff: 4, Sum: 17]
      [Scan RS (ms): Min: 0.0, Avg: 0.3, Max: 0.4, Diff: 0.4, Sum: 2.7]
      [Code Root Scanning (ms): Min: 0.0, Avg: 0.0, Max: 0.0, Diff: 0.0, Sum: 0.0]
      [Object Copy (ms): Min: 28.9, Avg: 30.0, Max: 30.2, Diff: 1.3, Sum: 239.6]
      [Termination (ms): Min: 0.0, Avg: 0.0, Max: 0.0, Diff: 0.0, Sum: 0.0]
      [GC Worker Other (ms): Min: 0.0, Avg: 0.0, Max: 0.1, Diff: 0.0, Sum: 0.4]
      [GC Worker Total (ms): Min: 29.0, Avg: 31.3, Max: 31.7, Diff: 2.6, Sum: 250.4]
      [GC Worker End (ms): Min: 202648.4, Avg: 202648.4, Max: 202648.4, Diff: 0.0]
   [Code Root Fixup: 0.0 ms]
   [Code Root Migration: 0.1 ms]
   [Clear CT: 0.4 ms]
   [Other: 0.7 ms]
      [Choose CSet: 0.0 ms]
      [Ref Proc: 0.1 ms]
      [Ref Enq: 0.0 ms]
      [Free CSet: 0.6 ms]
   [Eden: 852.0M(852.0M)->0.0B(852.0M) Survivors: 70.0M->70.0M Heap: 1080.0M(1538.0M)->228.0M(1538.0M)]
 [Times: user=0.25 sys=0.00, real=0.03 secs] 
202.650: Total time for which application threads were stopped: 0.0330690 seconds, Stopping threads took: 0.0000390 seconds
203.082: Application time: 0.4319280 seconds
203.082: [GC pause (young), 0.0335140 secs]
   [Parallel Time: 32.3 ms, GC Workers: 8]
      [GC Worker Start (ms): Min: 203081.7, Avg: 203081.8, Max: 203081.8, Diff: 0.1]
      [Ext Root Scanning (ms): Min: 0.6, Avg: 0.7, Max: 0.8, Diff: 0.2, Sum: 6.0]
      [Update RS (ms): Min: 0.2, Avg: 0.3, Max: 0.5, Diff: 0.3, Sum: 2.4]
         [Processed Buffers: Min: 1, Avg: 2.1, Max: 3, Diff: 2, Sum: 17]
      [Scan RS (ms): Min: 0.2, Avg: 0.4, Max: 0.4, Diff: 0.2, Sum: 3.0]
      [Code Root Scanning (ms): Min: 0.0, Avg: 0.0, Max: 0.0, Diff: 0.0, Sum: 0.0]
      [Object Copy (ms): Min: 30.7, Avg: 30.7, Max: 30.8, Diff: 0.1, Sum: 245.9]
      [Termination (ms): Min: 0.0, Avg: 0.0, Max: 0.0, Diff: 0.0, Sum: 0.0]
      [GC Worker Other (ms): Min: 0.0, Avg: 0.1, Max: 0.1, Diff: 0.0, Sum: 0.5]
      [GC Worker Total (ms): Min: 32.2, Avg: 32.2, Max: 32.3, Diff: 0.1, Sum: 257.7]
      [GC Worker End (ms): Min: 203114.0, Avg: 203114.0, Max: 203114.0, Diff: 0.0]
   [Code Root Fixup: 0.0 ms]
   [Code Root Migration: 0.1 ms]
   [Clear CT: 0.4 ms]
   [Other: 0.7 ms]
      [Choose CSet: 0.0 ms]
      [Ref Proc: 0.1 ms]
      [Ref Enq: 0.0 ms]
      [Free CSet: 0.6 ms]
   [Eden: 852.0M(852.0M)->0.0B(852.0M) Survivors: 70.0M->70.0M Heap: 1080.0M(1538.0M)->228.5M(1538.0M)]
 [Times: user=0.26 sys=0.00, real=0.04 secs] 
203.115: Total time for which application threads were stopped: 0.0336740 seconds, Stopping threads took: 0.0000140 seconds
203.550: Application time: 0.4348040 seconds
203.550: [GC pause (young), 0.0293380 secs]
   [Parallel Time: 28.1 ms, GC Workers: 8]
      [GC Worker Start (ms): Min: 203550.2, Avg: 203550.4, Max: 203551.3, Diff: 1.1]
      [Ext Root Scanning (ms): Min: 0.0, Avg: 0.7, Max: 0.9, Diff: 0.9, Sum: 5.4]
      [Update RS (ms): Min: 0.0, Avg: 0.3, Max: 0.4, Diff: 0.4, Sum: 2.3]
         [Processed Buffers: Min: 0, Avg: 2.1, Max: 4, Diff: 4, Sum: 17]
      [Scan RS (ms): Min: 0.3, Avg: 0.4, Max: 0.4, Diff: 0.1, Sum: 3.0]
      [Code Root Scanning (ms): Min: 0.0, Avg: 0.0, Max: 0.0, Diff: 0.0, Sum: 0.0]
      [Object Copy (ms): Min: 26.5, Avg: 26.5, Max: 26.6, Diff: 0.1, Sum: 212.3]
      [Termination (ms): Min: 0.0, Avg: 0.0, Max: 0.0, Diff: 0.0, Sum: 0.0]
      [GC Worker Other (ms): Min: 0.0, Avg: 0.1, Max: 0.1, Diff: 0.0, Sum: 0.5]
      [GC Worker Total (ms): Min: 27.0, Avg: 27.9, Max: 28.1, Diff: 1.1, Sum: 223.5]
      [GC Worker End (ms): Min: 203578.3, Avg: 203578.3, Max: 203578.4, Diff: 0.0]
   [Code Root Fixup: 0.0 ms]
   [Code Root Migration: 0.1 ms]
   [Clear CT: 0.4 ms]
   [Other: 0.7 ms]
      [Choose CSet: 0.0 ms]
      [Ref Proc: 0.1 ms]
      [Ref Enq: 0.0 ms]
      [Free CSet: 0.6 ms]
   [Eden: 852.0M(852.0M)->0.0B(856.0M) Survivors: 70.0M->66.0M Heap: 1080.5M(1538.0M)->224.1M(1538.0M)]
 [Times: user=0.22 sys=0.00, real=0.03 secs] 
203.580: Total time for which application threads were stopped: 0.0295100 seconds, Stopping threads took: 0.0000270 seconds
204.036: Application time: 0.4567880 seconds
204.037: [GC pause (young), 0.0317000 secs]
   [Parallel Time: 30.5 ms, GC Workers: 8]
      [GC Worker Start (ms): Min: 204036.5, Avg: 204036.6, Max: 204036.6, Diff: 0.1]
      [Ext Root Scanning (ms): Min: 0.7, Avg: 1.3, Max: 2.8, Diff: 2.2, Sum: 10.3]
      [Update RS (ms): Min: 0.0, Avg: 0.3, Max: 0.5, Diff: 0.5, Sum: 2.1]
         [Processed Buffers: Min: 0, Avg: 2.1, Max: 4, Diff: 4, Sum: 17]
      [Scan RS (ms): Min: 0.0, Avg: 0.3, Max: 0.4, Diff: 0.4, Sum: 2.4]
      [Code Root Scanning (ms): Min: 0.0, Avg: 0.0, Max: 0.0, Diff: 0.0, Sum: 0.0]
      [Object Copy (ms): Min: 27.5, Avg: 28.5, Max: 28.9, Diff: 1.4, Sum: 228.0]
      [Termination (ms): Min: 0.0, Avg: 0.0, Max: 0.0, Diff: 0.0, Sum: 0.0]
      [GC Worker Other (ms): Min: 0.0, Avg: 0.1, Max: 0.1, Diff: 0.0, Sum: 0.5]
      [GC Worker Total (ms): Min: 30.4, Avg: 30.4, Max: 30.4, Diff: 0.1, Sum: 243.2]
      [GC Worker End (ms): Min: 204067.0, Avg: 204067.0, Max: 204067.0, Diff: 0.0]
   [Code Root Fixup: 0.0 ms]
   [Code Root Migration: 0.1 ms]
   [Clear CT: 0.4 ms]
   [Other: 0.7 ms]
      [Choose CSet: 0.0 ms]
      [Ref Proc: 0.1 ms]
      [Ref Enq: 0.0 ms]
      [Free CSet: 0.6 ms]
   [Eden: 856.0M(856.0M)->0.0B(854.0M) Survivors: 66.0M->68.0M Heap: 1080.1M(1538.0M)->226.6M(1538.0M)]
 [Times: user=0.24 sys=0.00, real=0.03 secs] 
204.068: Total time for which application threads were stopped: 0.0318780 seconds, Stopping threads took: 0.0000460 seconds
204.526: Application time: 0.4576960 seconds
204.526: [GC pause (young), 0.0331840 secs]
   [Parallel Time: 31.9 ms, GC Workers: 8]
      [GC Worker Start (ms): Min: 204526.2, Avg: 204526.2, Max: 204526.2, Diff: 0.1]
      [Ext Root Scanning (ms): Min: 0.7, Avg: 0.7, Max: 0.8, Diff: 0.1, Sum: 5.8]
      [Update RS (ms): Min: 0.1, Avg: 0.3, Max: 0.5, Diff: 0.4, Sum: 2.5]
         [Processed Buffers: Min: 1, Avg: 2.1, Max: 3, Diff: 2, Sum: 17]
      [Scan RS (ms): Min: 0.1, Avg: 0.4, Max: 0.5, Diff: 0.3, Sum: 2.9]
      [Code Root Scanning (ms): Min: 0.0, Avg: 0.0, Max: 0.0, Diff: 0.0, Sum: 0.0]
      [Object Copy (ms): Min: 30.3, Avg: 30.3, Max: 30.4, Diff: 0.1, Sum: 242.7]
      [Termination (ms): Min: 0.0, Avg: 0.0, Max: 0.0, Diff: 0.0, Sum: 0.0]
      [GC Worker Other (ms): Min: 0.0, Avg: 0.1, Max: 0.1, Diff: 0.0, Sum: 0.4]
      [GC Worker Total (ms): Min: 31.8, Avg: 31.8, Max: 31.8, Diff: 0.1, Sum: 254.4]
      [GC Worker End (ms): Min: 204558.0, Avg: 204558.0, Max: 204558.0, Diff: 0.0]
   [Code Root Fixup: 0.0 ms]
   [Code Root Migration: 0.1 ms]
   [Clear CT: 0.4 ms]
   [Other: 0.8 ms]
      [Choose CSet: 0.0 ms]
      [Ref Proc: 0.1 ms]
      [Ref Enq: 0.0 ms]
      [Free CSet: 0.6 ms]
   [Eden: 854.0M(854.0M)->0.0B(853.0M) Survivors: 68.0M->69.0M Heap: 1080.6M(1538.0M)->227.6M(1538.0M)]
 [Times: user=0.26 sys=0.00, real=0.03 secs] 
204.559: Total time for which application threads were stopped: 0.0334200 seconds, Stopping threads took: 0.0000740 seconds
205.012: Application time: 0.4528390 seconds
205.012: [GC pause (young), 0.0326260 secs]
   [Parallel Time: 31.4 ms, GC Workers: 8]
      [GC Worker Start (ms): Min: 205012.4, Avg: 205012.4, Max: 205012.5, Diff: 0.1]
      [Ext Root Scanning (ms): Min: 0.7, Avg: 0.8, Max: 0.8, Diff: 0.2, Sum: 6.3]
      [Update RS (ms): Min: 0.2, Avg: 0.3, Max: 0.4, Diff: 0.2, Sum: 2.3]
         [Processed Buffers: Min: 1, Avg: 2.1, Max: 3, Diff: 2, Sum: 17]
      [Scan RS (ms): Min: 0.2, Avg: 0.4, Max: 0.4, Diff: 0.2, Sum: 2.9]
      [Code Root Scanning (ms): Min: 0.0, Avg: 0.0, Max: 0.0, Diff: 0.0, Sum: 0.0]
      [Object Copy (ms): Min: 29.8, Avg: 29.9, Max: 29.9, Diff: 0.0, Sum: 238.8]
      [Termination (ms): Min: 0.0, Avg: 0.0, Max: 0.0, Diff: 0.0, Sum: 0.0]
      [GC Worker Other (ms): Min: 0.0, Avg: 0.0, Max: 0.1, Diff: 0.0, Sum: 0.4]
      [GC Worker Total (ms): Min: 31.3, Avg: 31.3, Max: 31.4, Diff: 0.1, Sum: 250.8]
      [GC Worker End (ms): Min: 205043.8, Avg: 205043.8, Max: 205043.8, Diff: 0.0]
   [Code Root Fixup: 0.0 ms]
   [Code Root Migration: 0.1 ms]
   [Clear CT: 0.4 ms]
   [Other: 0.7 ms]
      [Choose CSet: 0.0 ms]
      [Ref Proc: 0.1 ms]
      [Ref Enq: 0.0 ms]
      [Free CSet: 0.6 ms]
   [Eden: 853.0M(853.0M)->0.0B(852.0M) Survivors: 69.0M->70.0M Heap: 1080.6M(1538.0M)->228.1M(1538.0M)]
 [Times: user=0.26 sys=0.00, real=0.03 secs] 
205.045: Total time for which application threads were stopped: 0.0328100 seconds, Stopping threads took: 0.0000490 seconds
205.490: Application time: 0.4448770 seconds
205.490: [GC pause (young), 0.0325260 secs]
   [Parallel Time: 31.2 ms, GC Workers: 8]
      [GC Worker Start (ms): Min: 205490.1, Avg: 205490.1, Max: 205490.2, Diff: 0.1]
      [Ext Root Scanning (ms): Min: 0.7, Avg: 0.8, Max: 0.9, Diff: 0.1, Sum: 6.4]
      [Update RS (ms): Min: 0.2, Avg: 0.3, Max: 0.5, Diff: 0.3, Sum: 2.4]
         [Processed Buffers: Min: 1, Avg: 2.1, Max: 4, Diff: 3, Sum: 17]
      [Scan RS (ms): Min: 0.2, Avg: 0.4, Max: 0.4, Diff: 0.3, Sum: 2.8]
      [Code Root Scanning (ms): Min: 0.0, Avg: 0.0, Max: 0.0, Diff: 0.0, Sum: 0.0]
      [Object Copy (ms): Min: 29.7, Avg: 29.7, Max: 29.7, Diff: 0.0, Sum: 237.4]
      [Termination (ms): Min: 0.0, Avg: 0.0, Max: 0.0, Diff: 0.0, Sum: 0.0]
      [GC Worker Other (ms): Min: 0.0, Avg: 0.1, Max: 0.1, Diff: 0.0, Sum: 0.4]
      [GC Worker Total (ms): Min: 31.1, Avg: 31.2, Max: 31.2, Diff: 0.1, Sum: 249.5]
      [GC Worker End (ms): Min: 205521.3, Avg: 205521.3, Max: 205521.3, Diff: 0.0]
   [Code Root Fixup: 0.0 ms]
   [Code Root Migration: 0.1 ms]
   [Clear CT: 0.4 ms]
   [Other: 0.7 ms]
      [Choose CSet: 0.0 ms]
      [Ref Proc: 0.1 ms]
      [Ref Enq: 0.0 ms]
      [Free CSet: 0.6 ms]
   [Eden: 852.0M(852.0M)->0.0B(851.0M) Survivors: 70.0M->71.0M Heap: 1080.1M(1538.0M)->229.1M(1538.0M)]
 [Times: user=0.25 sys=0.00, real=0.03 secs] 
205.523: Total time for which application threads were stopped: 0.0327600 seconds, Stopping threads took: 0.0000710 seconds
205.960: Application time: 0.4374430 seconds
205.960: [GC pause (young), 0.0334550 secs]
   [Parallel Time: 32.2 ms, GC Workers: 8]
      [GC Worker Start (ms): Min: 205960.3, Avg: 205960.3, Max: 205960.4, Diff: 0.1]
      [Ext Root Scanning (ms): Min: 0.8, Avg: 0.8, Max: 0.9, Diff: 0.1, Sum: 6.5]
      [Update RS (ms): Min: 0.2, Avg: 0.3, Max: 0.5, Diff: 0.3, Sum: 2.4]
         [Processed Buffers: Min: 1, Avg: 2.1, Max: 3, Diff: 2, Sum: 17]
      [Scan RS (ms): Min: 0.2, Avg: 0.4, Max: 0.4, Diff: 0.2, Sum: 2.8]
      [Code Root Scanning (ms): Min: 0.0, Avg: 0.0, Max: 0.0, Diff: 0.0, Sum: 0.0]
      [Object Copy (ms): Min: 30.6, Avg: 30.6, Max: 30.6, Diff: 0.0, Sum: 244.8]
      [Termination (ms): Min: 0.0, Avg: 0.0, Max: 0.0, Diff: 0.0, Sum: 0.0]
      [GC Worker Other (ms): Min: 0.0, Avg: 0.0, Max: 0.1, Diff: 0.0, Sum: 0.4]
      [GC Worker Total (ms): Min: 32.1, Avg: 32.1, Max: 32.1, Diff: 0.1, Sum: 256.9]
      [GC Worker End (ms): Min: 205992.4, Avg: 205992.4, Max: 205992.4, Diff: 0.0]
   [Code Root Fixup: 0.0 ms]
   [Code Root Migration: 0.1 ms]
   [Clear CT: 0.4 ms]
   [Other: 0.7 ms]
      [Choose CSet: 0.0 ms]
      [Ref Proc: 0.1 ms]
      [Ref Enq: 0.0 ms]
      [Free CSet: 0.6 ms]
   [Eden: 851.0M(851.0M)->0.0B(852.0M) Survivors: 71.0M->70.0M Heap: 1080.1M(1538.0M)->228.1M(1538.0M)]
 [Times: user=0.26 sys=0.00, real=0.04 secs] 
205.994: Total time for which application threads were stopped: 0.0336380 seconds, Stopping threads took: 0.0000460 seconds
206.430: Application time: 0.4364300 seconds
206.430: [GC pause (young), 0.0334280 secs]
   [Parallel Time: 32.1 ms, GC Workers: 8]
      [GC Worker Start (ms): Min: 206430.4, Avg: 206430.5, Max: 206431.3, Diff: 1.0]
      [Ext Root Scanning (ms): Min: 0.0, Avg: 0.7, Max: 0.9, Diff: 0.9, Sum: 5.5]
      [Update RS (ms): Min: 0.1, Avg: 0.3, Max: 0.6, Diff: 0.5, Sum: 2.5]
         [Processed Buffers: Min: 1, Avg: 2.1, Max: 3, Diff: 2, Sum: 17]
      [Scan RS (ms): Min: 0.1, Avg: 0.3, Max: 0.4, Diff: 0.3, Sum: 2.7]
      [Code Root Scanning (ms): Min: 0.0, Avg: 0.0, Max: 0.0, Diff: 0.0, Sum: 0.0]
      [Object Copy (ms): Min: 30.5, Avg: 30.5, Max: 30.6, Diff: 0.1, Sum: 244.4]
      [Termination (ms): Min: 0.0, Avg: 0.0, Max: 0.0, Diff: 0.0, Sum: 0.0]
      [GC Worker Other (ms): Min: 0.0, Avg: 0.1, Max: 0.1, Diff: 0.0, Sum: 0.4]
      [GC Worker Total (ms): Min: 31.1, Avg: 31.9, Max: 32.1, Diff: 1.0, Sum: 255.6]
      [GC Worker End (ms): Min: 206462.4, Avg: 206462.5, Max: 206462.5, Diff: 0.0]
   [Code Root Fixup: 0.1 ms]
   [Code Root Migration: 0.1 ms]
   [Clear CT: 0.4 ms]
   [Other: 0.7 ms]
      [Choose CSet: 0.0 ms]
      [Ref Proc: 0.1 ms]
      [Ref Enq: 0.0 ms]
      [Free CSet: 0.6 ms]
   [Eden: 852.0M(852.0M)->0.0B(852.0M) Survivors: 70.0M->70.0M Heap: 1080.1M(1538.0M)->228.1M(1538.0M)]
 [Times: user=0.25 sys=0.01, real=0.04 secs] 
206.464: Total time for which application threads were stopped: 0.0336080 seconds, Stopping threads took: 0.0000340 seconds
206.899: Application time: 0.4347160 seconds
206.899: [GC pause (young), 0.0321560 secs]
   [Parallel Time: 30.9 ms, GC Workers: 8]
      [GC Worker Start (ms): Min: 206898.7, Avg: 206898.7, Max: 206898.7, Diff: 0.1]
      [Ext Root Scanning (ms): Min: 0.7, Avg: 0.8, Max: 0.8, Diff: 0.1, Sum: 6.1]
      [Update RS (ms): Min: 0.2, Avg: 0.3, Max: 0.5, Diff: 0.3, Sum: 2.5]
         [Processed Buffers: Min: 1, Avg: 2.1, Max: 3, Diff: 2, Sum: 17]
      [Scan RS (ms): Min: 0.1, Avg: 0.3, Max: 0.5, Diff: 0.3, Sum: 2.8]
      [Code Root Scanning (ms): Min: 0.0, Avg: 0.0, Max: 0.0, Diff: 0.0, Sum: 0.1]
      [Object Copy (ms): Min: 29.3, Avg: 29.3, Max: 29.4, Diff: 0.1, Sum: 234.7]
      [Termination (ms): Min: 0.0, Avg: 0.0, Max: 0.0, Diff: 0.0, Sum: 0.0]
      [GC Worker Other (ms): Min: 0.0, Avg: 0.1, Max: 0.1, Diff: 0.0, Sum: 0.4]
      [GC Worker Total (ms): Min: 30.8, Avg: 30.8, Max: 30.9, Diff: 0.1, Sum: 246.6]
      [GC Worker End (ms): Min: 206929.5, Avg: 206929.5, Max: 206929.5, Diff: 0.0]
   [Code Root Fixup: 0.0 ms]
   [Code Root Migration: 0.1 ms]
   [Clear CT: 0.4 ms]
   [Other: 0.7 ms]
      [Choose CSet: 0.0 ms]
      [Ref Proc: 0.1 ms]
      [Ref Enq: 0.0 ms]
      [Free CSet: 0.6 ms]
   [Eden: 852.0M(852.0M)->0.0B(853.0M) Survivors: 70.0M->69.0M Heap: 1080.1M(1538.0M)->227.1M(1538.0M)]
 [Times: user=0.25 sys=0.00, real=0.03 secs] 
206.931: Total time for which application threads were stopped: 0.0323320 seconds, Stopping threads took: 0.0000310 seconds
207.365: Application time: 0.4339730 seconds
207.365: [GC pause (young), 0.0325480 secs]
   [Parallel Time: 31.2 ms, GC Workers: 8]
      [GC Worker Start (ms): Min: 207365.0, Avg: 207365.0, Max: 207365.1, Diff: 0.1]
      [Ext Root Scanning (ms): Min: 0.7, Avg: 0.8, Max: 0.8, Diff: 0.1, Sum: 6.4]
      [Update RS (ms): Min: 0.2, Avg: 0.3, Max: 0.5, Diff: 0.3, Sum: 2.4]
         [Processed Buffers: Min: 1, Avg: 2.1, Max: 3, Diff: 2, Sum: 17]
      [Scan RS (ms): Min: 0.1, Avg: 0.3, Max: 0.4, Diff: 0.3, Sum: 2.6]
      [Code Root Scanning (ms): Min: 0.0, Avg: 0.0, Max: 0.0, Diff: 0.0, Sum: 0.1]
      [Object Copy (ms): Min: 29.7, Avg: 29.7, Max: 29.7, Diff: 0.0, Sum: 237.3]
      [Termination (ms): Min: 0.0, Avg: 0.0, Max: 0.0, Diff: 0.0, Sum: 0.0]
      [GC Worker Other (ms): Min: 0.0, Avg: 0.0, Max: 0.1, Diff: 0.0, Sum: 0.4]
      [GC Worker Total (ms): Min: 31.1, Avg: 31.1, Max: 31.2, Diff: 0.1, Sum: 249.2]
      [GC Worker End (ms): Min: 207396.2, Avg: 207396.2, Max: 207396.2, Diff: 0.0]
   [Code Root Fixup: 0.0 ms]
   [Code Root Migration: 0.1 ms]
   [Clear CT: 0.4 ms]
   [Other: 0.8 ms]
      [Choose CSet: 0.0 ms]
      [Ref Proc: 0.1 ms]
      [Ref Enq: 0.0 ms]
      [Free CSet: 0.6 ms]
   [Eden: 853.0M(853.0M)->0.0B(852.0M) Survivors: 69.0M->70.0M Heap: 1080.1M(1538.0M)->228.2M(1538.0M)]
 [Times: user=0.26 sys=0.00, real=0.03 secs] 
207.398: Total time for which application threads were stopped: 0.0327580 seconds, Stopping threads took: 0.0000370 seconds
207.829: Application time: 0.4318650 seconds
207.830: [GC pause (young), 0.0323290 secs]
   [Parallel Time: 31.1 ms, GC Workers: 8]
      [GC Worker Start (ms): Min: 207829.6, Avg: 207829.6, Max: 207829.7, Diff: 0.1]
      [Ext Root Scanning (ms): Min: 0.7, Avg: 0.8, Max: 0.8, Diff: 0.1, Sum: 6.2]
      [Update RS (ms): Min: 0.2, Avg: 0.3, Max: 0.5, Diff: 0.3, Sum: 2.5]
         [Processed Buffers: Min: 1, Avg: 2.1, Max: 3, Diff: 2, Sum: 17]
      [Scan RS (ms): Min: 0.1, Avg: 0.4, Max: 0.5, Diff: 0.3, Sum: 2.9]
      [Code Root Scanning (ms): Min: 0.0, Avg: 0.0, Max: 0.0, Diff: 0.0, Sum: 0.0]
      [Object Copy (ms): Min: 29.5, Avg: 29.5, Max: 29.6, Diff: 0.1, Sum: 236.2]
      [Termination (ms): Min: 0.0, Avg: 0.0, Max: 0.0, Diff: 0.0, Sum: 0.0]
      [GC Worker Other (ms): Min: 0.0, Avg: 0.0, Max: 0.1, Diff: 0.0, Sum: 0.4]
      [GC Worker Total (ms): Min: 31.0, Avg: 31.0, Max: 31.1, Diff: 0.1, Sum: 248.2]
      [GC Worker End (ms): Min: 207860.6, Avg: 207860.7, Max: 207860.7, Diff: 0.0]
   [Code Root Fixup: 0.0 ms]
   [Code Root Migration: 0.1 ms]
   [Clear CT: 0.4 ms]
   [Other: 0.7 ms]
      [Choose CSet: 0.0 ms]
      [Ref Proc: 0.1 ms]
      [Ref Enq: 0.0 ms]
      [Free CSet: 0.6 ms]
   [Eden: 852.0M(852.0M)->0.0B(853.0M) Survivors: 70.0M->69.0M Heap: 1080.2M(1538.0M)->227.7M(1538.0M)]
 [Times: user=0.25 sys=0.00, real=0.03 secs] 
207.862: Total time for which application threads were stopped: 0.0324810 seconds, Stopping threads took: 0.0000150 seconds
208.296: Application time: 0.4338610 seconds
208.296: [GC pause (young), 0.0299380 secs]
   [Parallel Time: 28.6 ms, GC Workers: 8]
      [GC Worker Start (ms): Min: 208296.0, Avg: 208296.0, Max: 208296.0, Diff: 0.1]
      [Ext Root Scanning (ms): Min: 0.7, Avg: 0.8, Max: 0.8, Diff: 0.1, Sum: 6.3]
      [Update RS (ms): Min: 0.2, Avg: 0.3, Max: 0.5, Diff: 0.4, Sum: 2.4]
         [Processed Buffers: Min: 1, Avg: 2.2, Max: 3, Diff: 2, Sum: 18]
      [Scan RS (ms): Min: 0.2, Avg: 0.3, Max: 0.4, Diff: 0.3, Sum: 2.8]
      [Code Root Scanning (ms): Min: 0.0, Avg: 0.0, Max: 0.0, Diff: 0.0, Sum: 0.0]
      [Object Copy (ms): Min: 27.1, Avg: 27.1, Max: 27.1, Diff: 0.0, Sum: 216.7]
      [Termination (ms): Min: 0.0, Avg: 0.0, Max: 0.0, Diff: 0.0, Sum: 0.0]
      [GC Worker Other (ms): Min: 0.0, Avg: 0.1, Max: 0.1, Diff: 0.0, Sum: 0.4]
      [GC Worker Total (ms): Min: 28.5, Avg: 28.6, Max: 28.6, Diff: 0.1, Sum: 228.6]
      [GC Worker End (ms): Min: 208324.5, Avg: 208324.6, Max: 208324.6, Diff: 0.0]
   [Code Root Fixup: 0.1 ms]
   [Code Root Migration: 0.1 ms]
   [Clear CT: 0.4 ms]
   [Other: 0.7 ms]
      [Choose CSet: 0.0 ms]
      [Ref Proc: 0.1 ms]
      [Ref Enq: 0.0 ms]
      [Free CSet: 0.6 ms]
   [Eden: 853.0M(853.0M)->0.0B(856.0M) Survivors: 69.0M->66.0M Heap: 1080.7M(1538.0M)->224.2M(1538.0M)]
 [Times: user=0.23 sys=0.00, real=0.03 secs] 
208.326: Total time for which application threads were stopped: 0.0301200 seconds, Stopping threads took: 0.0000270 seconds
208.774: Application time: 0.4483470 seconds
208.774: [GC pause (young), 0.0312810 secs]
   [Parallel Time: 30.0 ms, GC Workers: 8]
      [GC Worker Start (ms): Min: 208774.4, Avg: 208774.4, Max: 208774.5, Diff: 0.1]
      [Ext Root Scanning (ms): Min: 0.7, Avg: 0.8, Max: 0.8, Diff: 0.1, Sum: 6.1]
      [Update RS (ms): Min: 0.2, Avg: 0.3, Max: 0.6, Diff: 0.3, Sum: 2.4]
         [Processed Buffers: Min: 1, Avg: 2.1, Max: 3, Diff: 2, Sum: 17]
      [Scan RS (ms): Min: 0.2, Avg: 0.3, Max: 0.4, Diff: 0.2, Sum: 2.8]
      [Code Root Scanning (ms): Min: 0.0, Avg: 0.0, Max: 0.0, Diff: 0.0, Sum: 0.0]
      [Object Copy (ms): Min: 28.5, Avg: 28.5, Max: 28.5, Diff: 0.0, Sum: 227.9]
      [Termination (ms): Min: 0.0, Avg: 0.0, Max: 0.0, Diff: 0.0, Sum: 0.0]
      [GC Worker Other (ms): Min: 0.0, Avg: 0.0, Max: 0.1, Diff: 0.0, Sum: 0.4]
      [GC Worker Total (ms): Min: 29.9, Avg: 30.0, Max: 30.0, Diff: 0.1, Sum: 239.6]
      [GC Worker End (ms): Min: 208804.4, Avg: 208804.4, Max: 208804.4, Diff: 0.0]
   [Code Root Fixup: 0.0 ms]
   [Code Root Migration: 0.1 ms]
   [Clear CT: 0.4 ms]
   [Other: 0.7 ms]
      [Choose CSet: 0.0 ms]
      [Ref Proc: 0.1 ms]
      [Ref Enq: 0.0 ms]
      [Free CSet: 0.6 ms]
   [Eden: 856.0M(856.0M)->0.0B(853.0M) Survivors: 66.0M->69.0M Heap: 1080.2M(1538.0M)->227.2M(1538.0M)]
 [Times: user=0.24 sys=0.00, real=0.03 secs] 
208.806: Total time for which application threads were stopped: 0.0314490 seconds, Stopping threads took: 0.0000340 seconds
209.266: Application time: 0.4599450 seconds
209.266: [GC pause (young), 0.0322060 secs]
   [Parallel Time: 31.0 ms, GC Workers: 8]
      [GC Worker Start (ms): Min: 209265.8, Avg: 209266.2, Max: 209267.4, Diff: 1.5]
      [Ext Root Scanning (ms): Min: 0.0, Avg: 0.6, Max: 0.9, Diff: 0.9, Sum: 4.8]
      [Update RS (ms): Min: 0.0, Avg: 0.3, Max: 0.5, Diff: 0.5, Sum: 2.1]
         [Processed Buffers: Min: 0, Avg: 2.1, Max: 6, Diff: 6, Sum: 17]
      [Scan RS (ms): Min: 0.0, Avg: 0.3, Max: 0.4, Diff: 0.4, Sum: 2.3]
      [Code Root Scanning (ms): Min: 0.0, Avg: 0.0, Max: 0.0, Diff: 0.0, Sum: 0.0]
      [Object Copy (ms): Min: 29.3, Avg: 29.3, Max: 29.4, Diff: 0.1, Sum: 234.7]
      [Termination (ms): Min: 0.0, Avg: 0.0, Max: 0.0, Diff: 0.0, Sum: 0.0]
      [GC Worker Other (ms): Min: 0.0, Avg: 0.1, Max: 0.1, Diff: 0.0, Sum: 0.4]
      [GC Worker Total (ms): Min: 29.4, Avg: 30.5, Max: 30.9, Diff: 1.6, Sum: 244.4]
      [GC Worker End (ms): Min: 209296.8, Avg: 209296.8, Max: 209296.8, Diff: 0.0]
   [Code Root Fixup: 0.0 ms]
   [Code Root Migration: 0.1 ms]
   [Clear CT: 0.4 ms]
   [Other: 0.7 ms]
      [Choose CSet: 0.0 ms]
      [Ref Proc: 0.1 ms]
      [Ref Enq: 0.0 ms]
      [Free CSet: 0.6 ms]
   [Eden: 853.0M(853.0M)->0.0B(852.0M) Survivors: 69.0M->70.0M Heap: 1080.2M(1538.0M)->228.2M(1538.0M)]
 [Times: user=0.25 sys=0.00, real=0.03 secs] 
209.298: Total time for which application threads were stopped: 0.0324000 seconds, Stopping threads took: 0.0000480 seconds
209.753: Application time: 0.4546130 seconds
209.753: [GC pause (young), 0.0335200 secs]
   [Parallel Time: 32.2 ms, GC Workers: 8]
      [GC Worker Start (ms): Min: 209752.8, Avg: 209753.2, Max: 209755.4, Diff: 2.6]
      [Ext Root Scanning (ms): Min: 0.0, Avg: 0.7, Max: 0.9, Diff: 0.9, Sum: 5.4]
      [Update RS (ms): Min: 0.0, Avg: 0.3, Max: 0.5, Diff: 0.5, Sum: 2.2]
         [Processed Buffers: Min: 0, Avg: 2.1, Max: 4, Diff: 4, Sum: 17]
      [Scan RS (ms): Min: 0.1, Avg: 0.3, Max: 0.4, Diff: 0.3, Sum: 2.7]
      [Code Root Scanning (ms): Min: 0.0, Avg: 0.0, Max: 0.0, Diff: 0.0, Sum: 0.0]
      [Object Copy (ms): Min: 29.5, Avg: 30.5, Max: 30.7, Diff: 1.2, Sum: 244.0]
      [Termination (ms): Min: 0.0, Avg: 0.0, Max: 0.0, Diff: 0.0, Sum: 0.0]
      [GC Worker Other (ms): Min: 0.0, Avg: 0.0, Max: 0.1, Diff: 0.0, Sum: 0.4]
      [GC Worker Total (ms): Min: 29.7, Avg: 31.9, Max: 32.2, Diff: 2.6, Sum: 254.8]
      [GC Worker End (ms): Min: 209785.0, Avg: 209785.0, Max: 209785.0, Diff: 0.0]
   [Code Root Fixup: 0.1 ms]
   [Code Root Migration: 0.1 ms]
   [Clear CT: 0.4 ms]
   [Other: 0.7 ms]
      [Choose CSet: 0.0 ms]
      [Ref Proc: 0.1 ms]
      [Ref Enq: 0.0 ms]
      [Free CSet: 0.6 ms]
   [Eden: 852.0M(852.0M)->0.0B(852.0M) Survivors: 70.0M->70.0M Heap: 1080.2M(1538.0M)->228.7M(1538.0M)]
 [Times: user=0.25 sys=0.00, real=0.03 secs] 
209.786: Total time for which application threads were stopped: 0.0337000 seconds, Stopping threads took: 0.0000370 seconds
210.237: Application time: 0.4505640 seconds
210.237: [GC pause (young), 0.0324960 secs]
   [Parallel Time: 31.3 ms, GC Workers: 8]
      [GC Worker Start (ms): Min: 210237.1, Avg: 210237.4, Max: 210239.4, Diff: 2.2]
      [Ext Root Scanning (ms): Min: 0.0, Avg: 0.7, Max: 0.9, Diff: 0.9, Sum: 5.5]
      [Update RS (ms): Min: 0.0, Avg: 0.3, Max: 0.3, Diff: 0.3, Sum: 2.1]
         [Processed Buffers: Min: 0, Avg: 2.1, Max: 3, Diff: 3, Sum: 17]
      [Scan RS (ms): Min: 0.0, Avg: 0.3, Max: 0.4, Diff: 0.4, Sum: 2.6]
      [Code Root Scanning (ms): Min: 0.0, Avg: 0.0, Max: 0.0, Diff: 0.0, Sum: 0.0]
      [Object Copy (ms): Min: 28.9, Avg: 29.6, Max: 29.7, Diff: 0.8, Sum: 236.8]
      [Termination (ms): Min: 0.0, Avg: 0.0, Max: 0.0, Diff: 0.0, Sum: 0.0]
      [GC Worker Other (ms): Min: 0.0, Avg: 0.0, Max: 0.1, Diff: 0.0, Sum: 0.4]
      [GC Worker Total (ms): Min: 29.0, Avg: 30.9, Max: 31.2, Diff: 2.2, Sum: 247.4]
      [GC Worker End (ms): Min: 210268.3, Avg: 210268.4, Max: 210268.4, Diff: 0.0]
   [Code Root Fixup: 0.0 ms]
   [Code Root Migration: 0.1 ms]
   [Clear CT: 0.4 ms]
   [Other: 0.7 ms]
      [Choose CSet: 0.0 ms]
      [Ref Proc: 0.1 ms]
      [Ref Enq: 0.0 ms]
      [Free CSet: 0.6 ms]
   [Eden: 852.0M(852.0M)->0.0B(852.0M) Survivors: 70.0M->70.0M Heap: 1080.7M(1538.0M)->228.7M(1538.0M)]
 [Times: user=0.25 sys=0.00, real=0.03 secs] 
210.270: Total time for which application threads were stopped: 0.0327090 seconds, Stopping threads took: 0.0000630 seconds
210.712: Application time: 0.4422360 seconds
210.712: [GC pause (young), 0.0325680 secs]
   [Parallel Time: 31.3 ms, GC Workers: 8]
      [GC Worker Start (ms): Min: 210712.1, Avg: 210712.1, Max: 210712.1, Diff: 0.1]
      [Ext Root Scanning (ms): Min: 0.8, Avg: 0.8, Max: 0.9, Diff: 0.1, Sum: 6.5]
      [Update RS (ms): Min: 0.2, Avg: 0.3, Max: 0.5, Diff: 0.3, Sum: 2.4]
         [Processed Buffers: Min: 1, Avg: 2.2, Max: 4, Diff: 3, Sum: 18]
      [Scan RS (ms): Min: 0.2, Avg: 0.4, Max: 0.4, Diff: 0.2, Sum: 2.8]
      [Code Root Scanning (ms): Min: 0.0, Avg: 0.0, Max: 0.0, Diff: 0.0, Sum: 0.0]
      [Object Copy (ms): Min: 29.7, Avg: 29.7, Max: 29.7, Diff: 0.0, Sum: 237.9]
      [Termination (ms): Min: 0.0, Avg: 0.0, Max: 0.0, Diff: 0.0, Sum: 0.0]
      [GC Worker Other (ms): Min: 0.0, Avg: 0.1, Max: 0.1, Diff: 0.0, Sum: 0.5]
      [GC Worker Total (ms): Min: 31.2, Avg: 31.3, Max: 31.3, Diff: 0.1, Sum: 250.1]
      [GC Worker End (ms): Min: 210743.3, Avg: 210743.4, Max: 210743.4, Diff: 0.0]
   [Code Root Fixup: 0.0 ms]
   [Code Root Migration: 0.1 ms]
   [Clear CT: 0.4 ms]
   [Other: 0.7 ms]
      [Choose CSet: 0.0 ms]
      [Ref Proc: 0.1 ms]
      [Ref Enq: 0.0 ms]
      [Free CSet: 0.6 ms]
   [Eden: 852.0M(852.0M)->0.0B(852.0M) Survivors: 70.0M->70.0M Heap: 1080.7M(1538.0M)->228.7M(1538.0M)]
 [Times: user=0.25 sys=0.00, real=0.03 secs] 
210.745: Total time for which application threads were stopped: 0.0327530 seconds, Stopping threads took: 0.0000440 seconds
211.183: Application time: 0.4379210 seconds
211.183: [GC pause (young), 0.0326450 secs]
   [Parallel Time: 31.3 ms, GC Workers: 8]
      [GC Worker Start (ms): Min: 211182.7, Avg: 211182.8, Max: 211182.8, Diff: 0.1]
      [Ext Root Scanning (ms): Min: 0.7, Avg: 0.8, Max: 0.8, Diff: 0.1, Sum: 6.5]
      [Update RS (ms): Min: 0.2, Avg: 0.3, Max: 0.5, Diff: 0.3, Sum: 2.4]
         [Processed Buffers: Min: 1, Avg: 2.1, Max: 3, Diff: 2, Sum: 17]
      [Scan RS (ms): Min: 0.2, Avg: 0.3, Max: 0.4, Diff: 0.2, Sum: 2.8]
      [Code Root Scanning (ms): Min: 0.0, Avg: 0.0, Max: 0.0, Diff: 0.0, Sum: 0.0]
      [Object Copy (ms): Min: 29.7, Avg: 29.8, Max: 29.8, Diff: 0.0, Sum: 238.1]
      [Termination (ms): Min: 0.0, Avg: 0.0, Max: 0.0, Diff: 0.0, Sum: 0.0]
      [GC Worker Other (ms): Min: 0.0, Avg: 0.1, Max: 0.1, Diff: 0.0, Sum: 0.4]
      [GC Worker Total (ms): Min: 31.2, Avg: 31.3, Max: 31.3, Diff: 0.1, Sum: 250.2]
      [GC Worker End (ms): Min: 211214.0, Avg: 211214.0, Max: 211214.1, Diff: 0.0]
   [Code Root Fixup: 0.1 ms]
   [Code Root Migration: 0.1 ms]
   [Clear CT: 0.4 ms]
   [Other: 0.8 ms]
      [Choose CSet: 0.0 ms]
      [Ref Proc: 0.1 ms]
      [Ref Enq: 0.0 ms]
      [Free CSet: 0.6 ms]
   [Eden: 852.0M(852.0M)->0.0B(852.0M) Survivors: 70.0M->70.0M Heap: 1080.7M(1538.0M)->228.7M(1538.0M)]
 [Times: user=0.26 sys=0.00, real=0.04 secs] 
211.215: Total time for which application threads were stopped: 0.0328300 seconds, Stopping threads took: 0.0000270 seconds
211.653: Application time: 0.4373080 seconds
211.653: [GC pause (young), 0.0327210 secs]
   [Parallel Time: 31.3 ms, GC Workers: 8]
      [GC Worker Start (ms): Min: 211652.9, Avg: 211652.9, Max: 211652.9, Diff: 0.1]
      [Ext Root Scanning (ms): Min: 0.7, Avg: 0.8, Max: 0.8, Diff: 0.1, Sum: 6.1]
      [Update RS (ms): Min: 0.2, Avg: 0.3, Max: 0.5, Diff: 0.3, Sum: 2.4]
         [Processed Buffers: Min: 1, Avg: 2.2, Max: 4, Diff: 3, Sum: 18]
      [Scan RS (ms): Min: 0.3, Avg: 0.4, Max: 0.5, Diff: 0.2, Sum: 3.1]
      [Code Root Scanning (ms): Min: 0.0, Avg: 0.0, Max: 0.0, Diff: 0.0, Sum: 0.0]
      [Object Copy (ms): Min: 29.7, Avg: 29.7, Max: 29.8, Diff: 0.1, Sum: 237.8]
      [Termination (ms): Min: 0.0, Avg: 0.0, Max: 0.0, Diff: 0.0, Sum: 0.0]
      [GC Worker Other (ms): Min: 0.0, Avg: 0.1, Max: 0.1, Diff: 0.0, Sum: 0.4]
      [GC Worker Total (ms): Min: 31.2, Avg: 31.2, Max: 31.3, Diff: 0.1, Sum: 249.9]
      [GC Worker End (ms): Min: 211684.1, Avg: 211684.1, Max: 211684.1, Diff: 0.0]
   [Code Root Fixup: 0.0 ms]
   [Code Root Migration: 0.1 ms]
   [Clear CT: 0.4 ms]
   [Other: 0.8 ms]
      [Choose CSet: 0.0 ms]
      [Ref Proc: 0.2 ms]
      [Ref Enq: 0.0 ms]
      [Free CSet: 0.6 ms]
   [Eden: 852.0M(852.0M)->0.0B(853.0M) Survivors: 70.0M->69.0M Heap: 1080.7M(1538.0M)->227.8M(1538.0M)]
 [Times: user=0.26 sys=0.00, real=0.03 secs] 
211.686: Total time for which application threads were stopped: 0.0328820 seconds, Stopping threads took: 0.0000260 seconds
212.122: Application time: 0.4363470 seconds
212.122: [GC pause (young), 0.0330420 secs]
   [Parallel Time: 31.8 ms, GC Workers: 8]
      [GC Worker Start (ms): Min: 212122.1, Avg: 212122.2, Max: 212122.2, Diff: 0.1]
      [Ext Root Scanning (ms): Min: 0.7, Avg: 0.8, Max: 0.8, Diff: 0.1, Sum: 6.0]
      [Update RS (ms): Min: 0.2, Avg: 0.3, Max: 0.5, Diff: 0.3, Sum: 2.4]
         [Processed Buffers: Min: 1, Avg: 2.2, Max: 3, Diff: 2, Sum: 18]
      [Scan RS (ms): Min: 0.2, Avg: 0.4, Max: 0.5, Diff: 0.2, Sum: 3.1]
      [Code Root Scanning (ms): Min: 0.0, Avg: 0.0, Max: 0.0, Diff: 0.0, Sum: 0.0]
      [Object Copy (ms): Min: 30.2, Avg: 30.2, Max: 30.3, Diff: 0.1, Sum: 241.6]
      [Termination (ms): Min: 0.0, Avg: 0.0, Max: 0.0, Diff: 0.0, Sum: 0.0]
      [GC Worker Other (ms): Min: 0.0, Avg: 0.1, Max: 0.1, Diff: 0.1, Sum: 0.5]
      [GC Worker Total (ms): Min: 31.7, Avg: 31.7, Max: 31.8, Diff: 0.1, Sum: 253.7]
      [GC Worker End (ms): Min: 212153.8, Avg: 212153.9, Max: 212153.9, Diff: 0.1]
   [Code Root Fixup: 0.0 ms]
   [Code Root Migration: 0.1 ms]
   [Clear CT: 0.4 ms]
   [Other: 0.7 ms]
      [Choose CSet: 0.0 ms]
      [Ref Proc: 0.1 ms]
      [Ref Enq: 0.0 ms]
      [Free CSet: 0.6 ms]
   [Eden: 853.0M(853.0M)->0.0B(852.0M) Survivors: 69.0M->70.0M Heap: 1080.8M(1538.0M)->228.3M(1538.0M)]
 [Times: user=0.26 sys=0.00, real=0.04 secs] 
212.155: Total time for which application threads were stopped: 0.0332500 seconds, Stopping threads took: 0.0000440 seconds
212.590: Application time: 0.4346930 seconds
212.590: [GC pause (young), 0.0325120 secs]
   [Parallel Time: 31.3 ms, GC Workers: 8]
      [GC Worker Start (ms): Min: 212590.0, Avg: 212590.1, Max: 212590.1, Diff: 0.1]
      [Ext Root Scanning (ms): Min: 0.7, Avg: 0.8, Max: 0.8, Diff: 0.1, Sum: 6.2]
      [Update RS (ms): Min: 0.2, Avg: 0.3, Max: 0.5, Diff: 0.3, Sum: 2.4]
         [Processed Buffers: Min: 1, Avg: 2.2, Max: 4, Diff: 3, Sum: 18]
      [Scan RS (ms): Min: 0.2, Avg: 0.4, Max: 0.5, Diff: 0.2, Sum: 3.0]
      [Code Root Scanning (ms): Min: 0.0, Avg: 0.0, Max: 0.0, Diff: 0.0, Sum: 0.0]
      [Object Copy (ms): Min: 29.7, Avg: 29.7, Max: 29.8, Diff: 0.1, Sum: 237.7]
      [Termination (ms): Min: 0.0, Avg: 0.0, Max: 0.0, Diff: 0.0, Sum: 0.0]
      [GC Worker Other (ms): Min: 0.0, Avg: 0.1, Max: 0.1, Diff: 0.0, Sum: 0.4]
      [GC Worker Total (ms): Min: 31.2, Avg: 31.2, Max: 31.2, Diff: 0.1, Sum: 249.8]
      [GC Worker End (ms): Min: 212621.3, Avg: 212621.3, Max: 212621.3, Diff: 0.0]
   [Code Root Fixup: 0.0 ms]
   [Code Root Migration: 0.1 ms]
   [Clear CT: 0.4 ms]
   [Other: 0.7 ms]
      [Choose CSet: 0.0 ms]
      [Ref Proc: 0.1 ms]
      [Ref Enq: 0.0 ms]
      [Free CSet: 0.6 ms]
   [Eden: 852.0M(852.0M)->0.0B(852.0M) Survivors: 70.0M->70.0M Heap: 1080.3M(1538.0M)->228.3M(1538.0M)]
 [Times: user=0.26 sys=0.00, real=0.03 secs] 
212.623: Total time for which application threads were stopped: 0.0326820 seconds, Stopping threads took: 0.0000150 seconds
213.057: Application time: 0.4342550 seconds
213.057: [GC pause (young), 0.0316220 secs]
   [Parallel Time: 30.3 ms, GC Workers: 8]
      [GC Worker Start (ms): Min: 213057.0, Avg: 213057.0, Max: 213057.1, Diff: 0.1]
      [Ext Root Scanning (ms): Min: 0.7, Avg: 0.8, Max: 0.8, Diff: 0.1, Sum: 6.1]
      [Update RS (ms): Min: 0.2, Avg: 0.3, Max: 0.5, Diff: 0.2, Sum: 2.3]
         [Processed Buffers: Min: 1, Avg: 2.1, Max: 3, Diff: 2, Sum: 17]
      [Scan RS (ms): Min: 0.2, Avg: 0.3, Max: 0.4, Diff: 0.2, Sum: 2.7]
      [Code Root Scanning (ms): Min: 0.0, Avg: 0.0, Max: 0.0, Diff: 0.0, Sum: 0.0]
      [Object Copy (ms): Min: 28.7, Avg: 28.8, Max: 28.8, Diff: 0.0, Sum: 230.0]
      [Termination (ms): Min: 0.0, Avg: 0.0, Max: 0.0, Diff: 0.0, Sum: 0.0]
      [GC Worker Other (ms): Min: 0.0, Avg: 0.1, Max: 0.1, Diff: 0.0, Sum: 0.5]
      [GC Worker Total (ms): Min: 30.2, Avg: 30.2, Max: 30.3, Diff: 0.1, Sum: 241.7]
      [GC Worker End (ms): Min: 213087.2, Avg: 213087.3, Max: 213087.3, Diff: 0.0]
   [Code Root Fixup: 0.1 ms]
   [Code Root Migration: 0.1 ms]
   [Clear CT: 0.4 ms]
   [Other: 0.8 ms]
      [Choose CSet: 0.0 ms]
      [Ref Proc: 0.1 ms]
      [Ref Enq: 0.0 ms]
      [Free CSet: 0.6 ms]
   [Eden: 852.0M(852.0M)->0.0B(854.0M) Survivors: 70.0M->68.0M Heap: 1080.3M(1538.0M)->226.8M(1538.0M)]
 [Times: user=0.24 sys=0.00, real=0.03 secs] 
213.089: Total time for which application threads were stopped: 0.0318120 seconds, Stopping threads took: 0.0000370 seconds
213.530: Application time: 0.4415520 seconds
213.530: [GC pause (young), 0.0286790 secs]
   [Parallel Time: 27.4 ms, GC Workers: 8]
      [GC Worker Start (ms): Min: 213530.4, Avg: 213530.4, Max: 213530.4, Diff: 0.1]
      [Ext Root Scanning (ms): Min: 0.7, Avg: 0.7, Max: 0.8, Diff: 0.1, Sum: 5.9]
      [Update RS (ms): Min: 0.2, Avg: 0.3, Max: 0.5, Diff: 0.3, Sum: 2.5]
         [Processed Buffers: Min: 1, Avg: 2.2, Max: 3, Diff: 2, Sum: 18]
      [Scan RS (ms): Min: 0.2, Avg: 0.4, Max: 0.4, Diff: 0.2, Sum: 2.9]
      [Code Root Scanning (ms): Min: 0.0, Avg: 0.0, Max: 0.0, Diff: 0.0, Sum: 0.0]
      [Object Copy (ms): Min: 25.9, Avg: 25.9, Max: 25.9, Diff: 0.1, Sum: 207.2]
      [Termination (ms): Min: 0.0, Avg: 0.0, Max: 0.0, Diff: 0.0, Sum: 0.0]
      [GC Worker Other (ms): Min: 0.0, Avg: 0.1, Max: 0.1, Diff: 0.1, Sum: 0.4]
      [GC Worker Total (ms): Min: 27.3, Avg: 27.4, Max: 27.4, Diff: 0.1, Sum: 218.9]
      [GC Worker End (ms): Min: 213557.8, Avg: 213557.8, Max: 213557.8, Diff: 0.1]
   [Code Root Fixup: 0.1 ms]
   [Code Root Migration: 0.1 ms]
   [Clear CT: 0.4 ms]
   [Other: 0.7 ms]
      [Choose CSet: 0.0 ms]
      [Ref Proc: 0.1 ms]
      [Ref Enq: 0.0 ms]
      [Free CSet: 0.6 ms]
   [Eden: 854.0M(854.0M)->0.0B(860.0M) Survivors: 68.0M->62.0M Heap: 1080.8M(1538.0M)->220.3M(1538.0M)]
 [Times: user=0.22 sys=0.00, real=0.03 secs] 
213.559: Total time for which application threads were stopped: 0.0288890 seconds, Stopping threads took: 0.0000670 seconds
214.021: Application time: 0.4620560 seconds
214.021: [GC pause (young), 0.0320560 secs]
   [Parallel Time: 30.8 ms, GC Workers: 8]
      [GC Worker Start (ms): Min: 214021.3, Avg: 214021.4, Max: 214021.4, Diff: 0.1]
      [Ext Root Scanning (ms): Min: 0.7, Avg: 0.7, Max: 0.8, Diff: 0.1, Sum: 5.9]
      [Update RS (ms): Min: 0.2, Avg: 0.3, Max: 0.5, Diff: 0.3, Sum: 2.5]
         [Processed Buffers: Min: 1, Avg: 2.1, Max: 3, Diff: 2, Sum: 17]
      [Scan RS (ms): Min: 0.2, Avg: 0.4, Max: 0.4, Diff: 0.2, Sum: 2.9]
      [Code Root Scanning (ms): Min: 0.0, Avg: 0.0, Max: 0.0, Diff: 0.0, Sum: 0.1]
      [Object Copy (ms): Min: 29.3, Avg: 29.3, Max: 29.3, Diff: 0.1, Sum: 234.3]
      [Termination (ms): Min: 0.0, Avg: 0.0, Max: 0.0, Diff: 0.0, Sum: 0.0]
      [GC Worker Other (ms): Min: 0.0, Avg: 0.0, Max: 0.1, Diff: 0.0, Sum: 0.4]
      [GC Worker Total (ms): Min: 30.7, Avg: 30.7, Max: 30.8, Diff: 0.1, Sum: 246.0]
      [GC Worker End (ms): Min: 214052.1, Avg: 214052.1, Max: 214052.1, Diff: 0.0]
   [Code Root Fixup: 0.0 ms]
   [Code Root Migration: 0.1 ms]
   [Clear CT: 0.4 ms]
   [Other: 0.7 ms]
      [Choose CSet: 0.0 ms]
      [Ref Proc: 0.1 ms]
      [Ref Enq: 0.0 ms]
      [Free CSet: 0.6 ms]
   [Eden: 860.0M(860.0M)->0.0B(854.0M) Survivors: 62.0M->68.0M Heap: 1080.3M(1538.0M)->226.8M(1538.0M)]
 [Times: user=0.25 sys=0.00, real=0.04 secs] 
214.053: Total time for which application threads were stopped: 0.0322640 seconds, Stopping threads took: 0.0000580 seconds
214.509: Application time: 0.4553870 seconds
214.509: [GC pause (young), 0.0328240 secs]
   [Parallel Time: 31.6 ms, GC Workers: 8]
      [GC Worker Start (ms): Min: 214509.0, Avg: 214509.0, Max: 214509.0, Diff: 0.1]
      [Ext Root Scanning (ms): Min: 0.7, Avg: 0.7, Max: 0.8, Diff: 0.1, Sum: 5.9]
      [Update RS (ms): Min: 0.2, Avg: 0.3, Max: 0.4, Diff: 0.2, Sum: 2.4]
         [Processed Buffers: Min: 1, Avg: 2.1, Max: 3, Diff: 2, Sum: 17]
      [Scan RS (ms): Min: 0.2, Avg: 0.4, Max: 0.4, Diff: 0.2, Sum: 2.9]
      [Code Root Scanning (ms): Min: 0.0, Avg: 0.0, Max: 0.0, Diff: 0.0, Sum: 0.0]
      [Object Copy (ms): Min: 30.0, Avg: 30.1, Max: 30.1, Diff: 0.1, Sum: 240.4]
      [Termination (ms): Min: 0.0, Avg: 0.0, Max: 0.0, Diff: 0.0, Sum: 0.0]
      [GC Worker Other (ms): Min: 0.0, Avg: 0.1, Max: 0.1, Diff: 0.0, Sum: 0.4]
      [GC Worker Total (ms): Min: 31.5, Avg: 31.5, Max: 31.6, Diff: 0.1, Sum: 252.1]
      [GC Worker End (ms): Min: 214540.5, Avg: 214540.5, Max: 214540.5, Diff: 0.0]
   [Code Root Fixup: 0.0 ms]
   [Code Root Migration: 0.1 ms]
   [Clear CT: 0.4 ms]
   [Other: 0.7 ms]
      [Choose CSet: 0.0 ms]
      [Ref Proc: 0.1 ms]
      [Ref Enq: 0.0 ms]
      [Free CSet: 0.6 ms]
   [Eden: 854.0M(854.0M)->0.0B(852.0M) Survivors: 68.0M->70.0M Heap: 1080.8M(1538.0M)->228.8M(1538.0M)]
 [Times: user=0.25 sys=0.00, real=0.03 secs] 
214.542: Total time for which application threads were stopped: 0.0330120 seconds, Stopping threads took: 0.0000520 seconds
214.993: Application time: 0.4515060 seconds
214.993: [GC pause (young), 0.0334320 secs]
   [Parallel Time: 32.1 ms, GC Workers: 8]
      [GC Worker Start (ms): Min: 214993.5, Avg: 214993.5, Max: 214993.6, Diff: 0.1]
      [Ext Root Scanning (ms): Min: 0.7, Avg: 0.7, Max: 0.8, Diff: 0.1, Sum: 5.9]
      [Update RS (ms): Min: 0.2, Avg: 0.3, Max: 0.4, Diff: 0.2, Sum: 2.3]
         [Processed Buffers: Min: 1, Avg: 2.1, Max: 3, Diff: 2, Sum: 17]
      [Scan RS (ms): Min: 0.2, Avg: 0.4, Max: 0.4, Diff: 0.2, Sum: 3.0]
      [Code Root Scanning (ms): Min: 0.0, Avg: 0.0, Max: 0.0, Diff: 0.0, Sum: 0.0]
      [Object Copy (ms): Min: 30.5, Avg: 30.6, Max: 30.6, Diff: 0.1, Sum: 244.6]
      [Termination (ms): Min: 0.0, Avg: 0.0, Max: 0.0, Diff: 0.0, Sum: 0.0]
      [GC Worker Other (ms): Min: 0.0, Avg: 0.1, Max: 0.1, Diff: 0.0, Sum: 0.4]
      [GC Worker Total (ms): Min: 32.0, Avg: 32.0, Max: 32.1, Diff: 0.1, Sum: 256.3]
      [GC Worker End (ms): Min: 215025.5, Avg: 215025.6, Max: 215025.6, Diff: 0.0]
   [Code Root Fixup: 0.0 ms]
   [Code Root Migration: 0.1 ms]
   [Clear CT: 0.4 ms]
   [Other: 0.8 ms]
      [Choose CSet: 0.0 ms]
      [Ref Proc: 0.1 ms]
      [Ref Enq: 0.0 ms]
      [Free CSet: 0.6 ms]
   [Eden: 852.0M(852.0M)->0.0B(852.0M) Survivors: 70.0M->70.0M Heap: 1080.8M(1538.0M)->228.8M(1538.0M)]
 [Times: user=0.26 sys=0.00, real=0.03 secs] 
215.027: Total time for which application threads were stopped: 0.0336280 seconds, Stopping threads took: 0.0000370 seconds
215.473: Application time: 0.4459420 seconds
215.473: [GC pause (young), 0.0330790 secs]
   [Parallel Time: 31.8 ms, GC Workers: 8]
      [GC Worker Start (ms): Min: 215473.1, Avg: 215473.4, Max: 215475.4, Diff: 2.3]
      [Ext Root Scanning (ms): Min: 0.0, Avg: 0.7, Max: 0.9, Diff: 0.9, Sum: 5.7]
      [Update RS (ms): Min: 0.0, Avg: 0.3, Max: 0.4, Diff: 0.4, Sum: 2.2]
         [Processed Buffers: Min: 0, Avg: 2.1, Max: 4, Diff: 4, Sum: 17]
      [Scan RS (ms): Min: 0.1, Avg: 0.3, Max: 0.4, Diff: 0.3, Sum: 2.5]
      [Code Root Scanning (ms): Min: 0.0, Avg: 0.0, Max: 0.0, Diff: 0.0, Sum: 0.0]
      [Object Copy (ms): Min: 29.3, Avg: 30.1, Max: 30.2, Diff: 0.9, Sum: 240.6]
      [Termination (ms): Min: 0.0, Avg: 0.0, Max: 0.0, Diff: 0.0, Sum: 0.0]
      [GC Worker Other (ms): Min: 0.0, Avg: 0.0, Max: 0.1, Diff: 0.0, Sum: 0.4]
      [GC Worker Total (ms): Min: 29.4, Avg: 31.4, Max: 31.8, Diff: 2.4, Sum: 251.4]
      [GC Worker End (ms): Min: 215504.8, Avg: 215504.8, Max: 215504.8, Diff: 0.0]
   [Code Root Fixup: 0.0 ms]
   [Code Root Migration: 0.1 ms]
   [Clear CT: 0.4 ms]
   [Other: 0.8 ms]
      [Choose CSet: 0.0 ms]
      [Ref Proc: 0.1 ms]
      [Ref Enq: 0.0 ms]
      [Free CSet: 0.6 ms]
   [Eden: 852.0M(852.0M)->0.0B(851.0M) Survivors: 70.0M->71.0M Heap: 1080.8M(1538.0M)->229.3M(1538.0M)]
 [Times: user=0.26 sys=0.00, real=0.03 secs] 
215.506: Total time for which application threads were stopped: 0.0332490 seconds, Stopping threads took: 0.0000320 seconds
215.945: Application time: 0.4385650 seconds
215.945: [GC pause (young), 0.0346740 secs]
   [Parallel Time: 33.3 ms, GC Workers: 8]
      [GC Worker Start (ms): Min: 215944.9, Avg: 215945.2, Max: 215947.4, Diff: 2.5]
      [Ext Root Scanning (ms): Min: 0.0, Avg: 0.7, Max: 0.9, Diff: 0.9, Sum: 5.5]
      [Update RS (ms): Min: 0.0, Avg: 0.3, Max: 0.4, Diff: 0.4, Sum: 2.3]
         [Processed Buffers: Min: 0, Avg: 2.1, Max: 3, Diff: 3, Sum: 17]
      [Scan RS (ms): Min: 0.0, Avg: 0.3, Max: 0.4, Diff: 0.4, Sum: 2.7]
      [Code Root Scanning (ms): Min: 0.0, Avg: 0.0, Max: 0.0, Diff: 0.0, Sum: 0.0]
      [Object Copy (ms): Min: 30.6, Avg: 31.5, Max: 31.7, Diff: 1.1, Sum: 252.1]
      [Termination (ms): Min: 0.0, Avg: 0.0, Max: 0.0, Diff: 0.0, Sum: 0.0]
      [GC Worker Other (ms): Min: 0.0, Avg: 0.1, Max: 0.1, Diff: 0.0, Sum: 0.4]
      [GC Worker Total (ms): Min: 30.7, Avg: 32.9, Max: 33.2, Diff: 2.5, Sum: 263.0]
      [GC Worker End (ms): Min: 215978.1, Avg: 215978.1, Max: 215978.1, Diff: 0.0]
   [Code Root Fixup: 0.0 ms]
   [Code Root Migration: 0.1 ms]
   [Clear CT: 0.4 ms]
   [Other: 0.9 ms]
      [Choose CSet: 0.0 ms]
      [Ref Proc: 0.1 ms]
      [Ref Enq: 0.0 ms]
      [Free CSet: 0.7 ms]
   [Eden: 851.0M(851.0M)->0.0B(850.0M) Survivors: 71.0M->72.0M Heap: 1080.3M(1538.0M)->230.8M(1538.0M)]
 [Times: user=0.27 sys=0.00, real=0.03 secs] 
215.980: Total time for which application threads were stopped: 0.0348610 seconds, Stopping threads took: 0.0000160 seconds
216.419: Application time: 0.4395050 seconds
216.419: [GC pause (young), 0.0335450 secs]
   [Parallel Time: 32.2 ms, GC Workers: 8]
      [GC Worker Start (ms): Min: 216419.3, Avg: 216419.3, Max: 216419.3, Diff: 0.1]
      [Ext Root Scanning (ms): Min: 0.7, Avg: 0.8, Max: 0.8, Diff: 0.1, Sum: 6.2]
      [Update RS (ms): Min: 0.2, Avg: 0.3, Max: 0.4, Diff: 0.2, Sum: 2.3]
         [Processed Buffers: Min: 1, Avg: 2.1, Max: 4, Diff: 3, Sum: 17]
      [Scan RS (ms): Min: 0.3, Avg: 0.4, Max: 0.4, Diff: 0.2, Sum: 3.1]
      [Code Root Scanning (ms): Min: 0.0, Avg: 0.0, Max: 0.0, Diff: 0.0, Sum: 0.0]
      [Object Copy (ms): Min: 30.6, Avg: 30.6, Max: 30.7, Diff: 0.1, Sum: 245.1]
      [Termination (ms): Min: 0.0, Avg: 0.0, Max: 0.0, Diff: 0.0, Sum: 0.0]
      [GC Worker Other (ms): Min: 0.0, Avg: 0.0, Max: 0.1, Diff: 0.0, Sum: 0.4]
      [GC Worker Total (ms): Min: 32.1, Avg: 32.1, Max: 32.2, Diff: 0.1, Sum: 257.1]
      [GC Worker End (ms): Min: 216451.4, Avg: 216451.4, Max: 216451.5, Diff: 0.0]
   [Code Root Fixup: 0.1 ms]
   [Code Root Migration: 0.1 ms]
   [Clear CT: 0.4 ms]
   [Other: 0.8 ms]
      [Choose CSet: 0.0 ms]
      [Ref Proc: 0.1 ms]
      [Ref Enq: 0.0 ms]
      [Free CSet: 0.6 ms]
   [Eden: 850.0M(850.0M)->0.0B(852.0M) Survivors: 72.0M->70.0M Heap: 1080.8M(1538.0M)->228.3M(1538.0M)]
 [Times: user=0.26 sys=0.01, real=0.04 secs] 
216.453: Total time for which application threads were stopped: 0.0337440 seconds, Stopping threads took: 0.0000560 seconds
216.890: Application time: 0.4370390 seconds
216.890: [GC pause (young), 0.0332760 secs]
   [Parallel Time: 32.0 ms, GC Workers: 8]
      [GC Worker Start (ms): Min: 216890.0, Avg: 216890.1, Max: 216890.1, Diff: 0.1]
      [Ext Root Scanning (ms): Min: 0.7, Avg: 0.8, Max: 0.8, Diff: 0.1, Sum: 6.0]
      [Update RS (ms): Min: 0.2, Avg: 0.3, Max: 0.5, Diff: 0.3, Sum: 2.4]
         [Processed Buffers: Min: 1, Avg: 2.1, Max: 3, Diff: 2, Sum: 17]
      [Scan RS (ms): Min: 0.2, Avg: 0.4, Max: 0.5, Diff: 0.2, Sum: 3.1]
      [Code Root Scanning (ms): Min: 0.0, Avg: 0.0, Max: 0.0, Diff: 0.0, Sum: 0.0]
      [Object Copy (ms): Min: 30.4, Avg: 30.4, Max: 30.4, Diff: 0.1, Sum: 243.3]
      [Termination (ms): Min: 0.0, Avg: 0.0, Max: 0.0, Diff: 0.0, Sum: 0.0]
      [GC Worker Other (ms): Min: 0.0, Avg: 0.1, Max: 0.1, Diff: 0.0, Sum: 0.5]
      [GC Worker Total (ms): Min: 31.9, Avg: 31.9, Max: 31.9, Diff: 0.1, Sum: 255.3]
      [GC Worker End (ms): Min: 216922.0, Avg: 216922.0, Max: 216922.0, Diff: 0.0]
   [Code Root Fixup: 0.0 ms]
   [Code Root Migration: 0.1 ms]
   [Clear CT: 0.4 ms]
   [Other: 0.8 ms]
      [Choose CSet: 0.0 ms]
      [Ref Proc: 0.1 ms]
      [Ref Enq: 0.0 ms]
      [Free CSet: 0.6 ms]
   [Eden: 852.0M(852.0M)->0.0B(853.0M) Survivors: 70.0M->69.0M Heap: 1080.3M(1538.0M)->227.8M(1538.0M)]
 [Times: user=0.26 sys=0.00, real=0.04 secs] 
216.923: Total time for which application threads were stopped: 0.0334680 seconds, Stopping threads took: 0.0000160 seconds
217.359: Application time: 0.4351730 seconds
217.359: [GC pause (young), 0.0326630 secs]
   [Parallel Time: 31.4 ms, GC Workers: 8]
      [GC Worker Start (ms): Min: 217358.6, Avg: 217358.7, Max: 217358.7, Diff: 0.1]
      [Ext Root Scanning (ms): Min: 0.8, Avg: 0.8, Max: 0.9, Diff: 0.1, Sum: 6.3]
      [Update RS (ms): Min: 0.2, Avg: 0.3, Max: 0.4, Diff: 0.2, Sum: 2.4]
         [Processed Buffers: Min: 1, Avg: 2.1, Max: 3, Diff: 2, Sum: 17]
      [Scan RS (ms): Min: 0.3, Avg: 0.4, Max: 0.4, Diff: 0.1, Sum: 3.0]
      [Code Root Scanning (ms): Min: 0.0, Avg: 0.0, Max: 0.0, Diff: 0.0, Sum: 0.0]
      [Object Copy (ms): Min: 29.8, Avg: 29.8, Max: 29.9, Diff: 0.1, Sum: 238.6]
      [Termination (ms): Min: 0.0, Avg: 0.0, Max: 0.0, Diff: 0.0, Sum: 0.0]
      [GC Worker Other (ms): Min: 0.0, Avg: 0.1, Max: 0.1, Diff: 0.0, Sum: 0.4]
      [GC Worker Total (ms): Min: 31.3, Avg: 31.4, Max: 31.4, Diff: 0.1, Sum: 250.8]
      [GC Worker End (ms): Min: 217390.0, Avg: 217390.0, Max: 217390.1, Diff: 0.0]
   [Code Root Fixup: 0.1 ms]
   [Code Root Migration: 0.1 ms]
   [Clear CT: 0.4 ms]
   [Other: 0.7 ms]
      [Choose CSet: 0.0 ms]
      [Ref Proc: 0.1 ms]
      [Ref Enq: 0.0 ms]
      [Free CSet: 0.6 ms]
   [Eden: 853.0M(853.0M)->0.0B(852.0M) Survivors: 69.0M->70.0M Heap: 1080.8M(1538.0M)->228.3M(1538.0M)]
 [Times: user=0.25 sys=0.00, real=0.04 secs] 
217.391: Total time for which application threads were stopped: 0.0328330 seconds, Stopping threads took: 0.0000140 seconds
217.825: Application time: 0.4335170 seconds
217.825: [GC pause (young), 0.0330490 secs]
   [Parallel Time: 31.8 ms, GC Workers: 8]
      [GC Worker Start (ms): Min: 217825.0, Avg: 217825.1, Max: 217825.1, Diff: 0.1]
      [Ext Root Scanning (ms): Min: 0.7, Avg: 0.8, Max: 0.8, Diff: 0.1, Sum: 6.0]
      [Update RS (ms): Min: 0.2, Avg: 0.3, Max: 0.4, Diff: 0.2, Sum: 2.4]
         [Processed Buffers: Min: 1, Avg: 2.1, Max: 3, Diff: 2, Sum: 17]
      [Scan RS (ms): Min: 0.3, Avg: 0.4, Max: 0.5, Diff: 0.2, Sum: 3.1]
      [Code Root Scanning (ms): Min: 0.0, Avg: 0.0, Max: 0.0, Diff: 0.0, Sum: 0.0]
      [Object Copy (ms): Min: 30.2, Avg: 30.2, Max: 30.3, Diff: 0.1, Sum: 241.7]
      [Termination (ms): Min: 0.0, Avg: 0.0, Max: 0.0, Diff: 0.0, Sum: 0.0]
      [GC Worker Other (ms): Min: 0.0, Avg: 0.1, Max: 0.1, Diff: 0.0, Sum: 0.4]
      [GC Worker Total (ms): Min: 31.7, Avg: 31.7, Max: 31.8, Diff: 0.1, Sum: 253.7]
      [GC Worker End (ms): Min: 217856.8, Avg: 217856.8, Max: 217856.8, Diff: 0.1]
   [Code Root Fixup: 0.0 ms]
   [Code Root Migration: 0.1 ms]
   [Clear CT: 0.4 ms]
   [Other: 0.7 ms]
      [Choose CSet: 0.0 ms]
      [Ref Proc: 0.1 ms]
      [Ref Enq: 0.0 ms]
      [Free CSet: 0.6 ms]
   [Eden: 852.0M(852.0M)->0.0B(852.0M) Survivors: 70.0M->70.0M Heap: 1080.3M(1538.0M)->228.3M(1538.0M)]
 [Times: user=0.26 sys=0.00, real=0.03 secs] 
217.858: Total time for which application threads were stopped: 0.0332430 seconds, Stopping threads took: 0.0000400 seconds
218.295: Application time: 0.4367850 seconds
218.295: [GC pause (young), 0.0322960 secs]
   [Parallel Time: 30.9 ms, GC Workers: 8]
      [GC Worker Start (ms): Min: 218295.0, Avg: 218295.1, Max: 218295.1, Diff: 0.1]
      [Ext Root Scanning (ms): Min: 0.7, Avg: 0.7, Max: 0.8, Diff: 0.1, Sum: 5.9]
      [Update RS (ms): Min: 0.2, Avg: 0.3, Max: 0.5, Diff: 0.3, Sum: 2.4]
         [Processed Buffers: Min: 1, Avg: 2.1, Max: 3, Diff: 2, Sum: 17]
      [Scan RS (ms): Min: 0.3, Avg: 0.4, Max: 0.4, Diff: 0.1, Sum: 3.0]
      [Code Root Scanning (ms): Min: 0.0, Avg: 0.0, Max: 0.0, Diff: 0.0, Sum: 0.0]
      [Object Copy (ms): Min: 29.3, Avg: 29.4, Max: 29.4, Diff: 0.1, Sum: 234.8]
      [Termination (ms): Min: 0.0, Avg: 0.0, Max: 0.0, Diff: 0.0, Sum: 0.0]
      [GC Worker Other (ms): Min: 0.0, Avg: 0.1, Max: 0.1, Diff: 0.0, Sum: 0.4]
      [GC Worker Total (ms): Min: 30.8, Avg: 30.8, Max: 30.9, Diff: 0.1, Sum: 246.6]
      [GC Worker End (ms): Min: 218325.9, Avg: 218325.9, Max: 218325.9, Diff: 0.0]
   [Code Root Fixup: 0.1 ms]
   [Code Root Migration: 0.1 ms]
   [Clear CT: 0.4 ms]
   [Other: 0.8 ms]
      [Choose CSet: 0.0 ms]
      [Ref Proc: 0.2 ms]
      [Ref Enq: 0.0 ms]
      [Free CSet: 0.6 ms]
   [Eden: 852.0M(852.0M)->0.0B(853.0M) Survivors: 70.0M->69.0M Heap: 1080.3M(1538.0M)->227.9M(1538.0M)]
 [Times: user=0.25 sys=0.00, real=0.03 secs] 
218.327: Total time for which application threads were stopped: 0.0324620 seconds, Stopping threads took: 0.0000160 seconds
218.778: Application time: 0.4505060 seconds
218.778: [GC pause (young), 0.0332830 secs]
   [Parallel Time: 32.0 ms, GC Workers: 8]
      [GC Worker Start (ms): Min: 218778.1, Avg: 218778.1, Max: 218778.1, Diff: 0.1]
      [Ext Root Scanning (ms): Min: 0.6, Avg: 0.7, Max: 0.8, Diff: 0.1, Sum: 5.8]
      [Update RS (ms): Min: 0.2, Avg: 0.3, Max: 0.5, Diff: 0.2, Sum: 2.5]
         [Processed Buffers: Min: 1, Avg: 2.1, Max: 4, Diff: 3, Sum: 17]
      [Scan RS (ms): Min: 0.2, Avg: 0.4, Max: 0.4, Diff: 0.3, Sum: 3.1]
      [Code Root Scanning (ms): Min: 0.0, Avg: 0.0, Max: 0.0, Diff: 0.0, Sum: 0.0]
      [Object Copy (ms): Min: 30.4, Avg: 30.4, Max: 30.5, Diff: 0.1, Sum: 243.4]
      [Termination (ms): Min: 0.0, Avg: 0.0, Max: 0.0, Diff: 0.0, Sum: 0.0]
      [GC Worker Other (ms): Min: 0.0, Avg: 0.1, Max: 0.1, Diff: 0.0, Sum: 0.4]
      [GC Worker Total (ms): Min: 31.9, Avg: 31.9, Max: 31.9, Diff: 0.1, Sum: 255.3]
      [GC Worker End (ms): Min: 218810.0, Avg: 218810.0, Max: 218810.0, Diff: 0.0]
   [Code Root Fixup: 0.0 ms]
   [Code Root Migration: 0.1 ms]
   [Clear CT: 0.4 ms]
   [Other: 0.8 ms]
      [Choose CSet: 0.0 ms]
      [Ref Proc: 0.1 ms]
      [Ref Enq: 0.0 ms]
      [Free CSet: 0.6 ms]
   [Eden: 853.0M(853.0M)->0.0B(851.0M) Survivors: 69.0M->71.0M Heap: 1080.9M(1538.0M)->229.4M(1538.0M)]
 [Times: user=0.26 sys=0.00, real=0.04 secs] 
218.811: Total time for which application threads were stopped: 0.0335120 seconds, Stopping threads took: 0.0000650 seconds
219.265: Application time: 0.4534880 seconds
219.265: [GC pause (young), 0.0336720 secs]
   [Parallel Time: 32.4 ms, GC Workers: 8]
      [GC Worker Start (ms): Min: 219265.1, Avg: 219265.4, Max: 219267.4, Diff: 2.3]
      [Ext Root Scanning (ms): Min: 0.0, Avg: 0.7, Max: 0.9, Diff: 0.9, Sum: 5.5]
      [Update RS (ms): Min: 0.0, Avg: 0.3, Max: 0.4, Diff: 0.4, Sum: 2.3]
         [Processed Buffers: Min: 0, Avg: 2.1, Max: 5, Diff: 5, Sum: 17]
      [Scan RS (ms): Min: 0.1, Avg: 0.3, Max: 0.4, Diff: 0.4, Sum: 2.7]
      [Code Root Scanning (ms): Min: 0.0, Avg: 0.0, Max: 0.0, Diff: 0.0, Sum: 0.0]
      [Object Copy (ms): Min: 29.9, Avg: 30.7, Max: 30.8, Diff: 1.0, Sum: 245.5]
      [Termination (ms): Min: 0.0, Avg: 0.0, Max: 0.0, Diff: 0.0, Sum: 0.0]
      [GC Worker Other (ms): Min: 0.0, Avg: 0.1, Max: 0.1, Diff: 0.0, Sum: 0.4]
      [GC Worker Total (ms): Min: 30.0, Avg: 32.1, Max: 32.4, Diff: 2.4, Sum: 256.5]
      [GC Worker End (ms): Min: 219297.4, Avg: 219297.4, Max: 219297.5, Diff: 0.0]
   [Code Root Fixup: 0.0 ms]
   [Code Root Migration: 0.1 ms]
   [Clear CT: 0.4 ms]
   [Other: 0.7 ms]
      [Choose CSet: 0.0 ms]
      [Ref Proc: 0.1 ms]
      [Ref Enq: 0.0 ms]
      [Free CSet: 0.6 ms]
   [Eden: 851.0M(851.0M)->0.0B(851.0M) Survivors: 71.0M->71.0M Heap: 1080.4M(1538.0M)->229.9M(1538.0M)]
 [Times: user=0.26 sys=0.00, real=0.03 secs] 
219.299: Total time for which application threads were stopped: 0.0338840 seconds, Stopping threads took: 0.0000770 seconds
219.751: Application time: 0.4518420 seconds
219.751: [GC pause (young), 0.0327840 secs]
   [Parallel Time: 31.6 ms, GC Workers: 8]
      [GC Worker Start (ms): Min: 219750.8, Avg: 219750.9, Max: 219751.4, Diff: 0.6]
      [Ext Root Scanning (ms): Min: 0.3, Avg: 0.7, Max: 0.9, Diff: 0.6, Sum: 5.2]
      [Update RS (ms): Min: 0.2, Avg: 0.3, Max: 0.6, Diff: 0.3, Sum: 2.5]
         [Processed Buffers: Min: 2, Avg: 2.1, Max: 3, Diff: 1, Sum: 17]
      [Scan RS (ms): Min: 0.2, Avg: 0.4, Max: 0.4, Diff: 0.2, Sum: 2.8]
      [Code Root Scanning (ms): Min: 0.0, Avg: 0.0, Max: 0.0, Diff: 0.0, Sum: 0.0]
      [Object Copy (ms): Min: 29.9, Avg: 30.0, Max: 30.0, Diff: 0.1, Sum: 239.9]
      [Termination (ms): Min: 0.0, Avg: 0.0, Max: 0.0, Diff: 0.0, Sum: 0.0]
      [GC Worker Other (ms): Min: 0.0, Avg: 0.1, Max: 0.1, Diff: 0.0, Sum: 0.5]
      [GC Worker Total (ms): Min: 30.9, Avg: 31.4, Max: 31.5, Diff: 0.6, Sum: 250.9]
      [GC Worker End (ms): Min: 219782.3, Avg: 219782.3, Max: 219782.3, Diff: 0.0]
   [Code Root Fixup: 0.0 ms]
   [Code Root Migration: 0.1 ms]
   [Clear CT: 0.4 ms]
   [Other: 0.7 ms]
      [Choose CSet: 0.0 ms]
      [Ref Proc: 0.1 ms]
      [Ref Enq: 0.0 ms]
      [Free CSet: 0.6 ms]
   [Eden: 851.0M(851.0M)->0.0B(851.0M) Survivors: 71.0M->71.0M Heap: 1080.9M(1538.0M)->229.4M(1538.0M)]
 [Times: user=0.25 sys=0.00, real=0.04 secs] 
219.784: Total time for which application threads were stopped: 0.0329820 seconds, Stopping threads took: 0.0000520 seconds
220.232: Application time: 0.4485640 seconds
220.232: [GC pause (young), 0.0326510 secs]
   [Parallel Time: 31.4 ms, GC Workers: 8]
      [GC Worker Start (ms): Min: 220232.3, Avg: 220232.7, Max: 220235.4, Diff: 3.1]
      [Ext Root Scanning (ms): Min: 0.0, Avg: 0.7, Max: 0.9, Diff: 0.9, Sum: 5.4]
      [Update RS (ms): Min: 0.0, Avg: 0.3, Max: 0.4, Diff: 0.4, Sum: 2.2]
         [Processed Buffers: Min: 0, Avg: 2.1, Max: 4, Diff: 4, Sum: 17]
      [Scan RS (ms): Min: 0.1, Avg: 0.3, Max: 0.4, Diff: 0.3, Sum: 2.7]
      [Code Root Scanning (ms): Min: 0.0, Avg: 0.0, Max: 0.0, Diff: 0.0, Sum: 0.0]
      [Object Copy (ms): Min: 28.1, Avg: 29.6, Max: 29.9, Diff: 1.8, Sum: 237.2]
      [Termination (ms): Min: 0.0, Avg: 0.0, Max: 0.0, Diff: 0.0, Sum: 0.0]
      [GC Worker Other (ms): Min: 0.0, Avg: 0.0, Max: 0.1, Diff: 0.0, Sum: 0.4]
      [GC Worker Total (ms): Min: 28.3, Avg: 31.0, Max: 31.4, Diff: 3.1, Sum: 247.9]
      [GC Worker End (ms): Min: 220263.7, Avg: 220263.7, Max: 220263.7, Diff: 0.0]
   [Code Root Fixup: 0.0 ms]
   [Code Root Migration: 0.1 ms]
   [Clear CT: 0.4 ms]
   [Other: 0.7 ms]
      [Choose CSet: 0.0 ms]
      [Ref Proc: 0.1 ms]
      [Ref Enq: 0.0 ms]
      [Free CSet: 0.5 ms]
   [Eden: 851.0M(851.0M)->0.0B(853.0M) Survivors: 71.0M->69.0M Heap: 1080.4M(1538.0M)->227.9M(1538.0M)]
 [Times: user=0.25 sys=0.00, real=0.03 secs] 
220.265: Total time for which application threads were stopped: 0.0328420 seconds, Stopping threads took: 0.0000460 seconds
220.709: Application time: 0.4443800 seconds
220.710: [GC pause (young), 0.0320020 secs]
   [Parallel Time: 30.8 ms, GC Workers: 8]
      [GC Worker Start (ms): Min: 220709.6, Avg: 220709.6, Max: 220709.6, Diff: 0.1]
      [Ext Root Scanning (ms): Min: 0.6, Avg: 0.7, Max: 0.8, Diff: 0.2, Sum: 5.9]
      [Update RS (ms): Min: 0.2, Avg: 0.3, Max: 0.4, Diff: 0.2, Sum: 2.4]
         [Processed Buffers: Min: 1, Avg: 2.1, Max: 3, Diff: 2, Sum: 17]
      [Scan RS (ms): Min: 0.2, Avg: 0.4, Max: 0.4, Diff: 0.2, Sum: 3.0]
      [Code Root Scanning (ms): Min: 0.0, Avg: 0.0, Max: 0.0, Diff: 0.0, Sum: 0.0]
      [Object Copy (ms): Min: 29.2, Avg: 29.2, Max: 29.2, Diff: 0.1, Sum: 233.7]
      [Termination (ms): Min: 0.0, Avg: 0.0, Max: 0.0, Diff: 0.0, Sum: 0.0]
      [GC Worker Other (ms): Min: 0.0, Avg: 0.0, Max: 0.1, Diff: 0.0, Sum: 0.4]
      [GC Worker Total (ms): Min: 30.7, Avg: 30.7, Max: 30.7, Diff: 0.1, Sum: 245.5]
      [GC Worker End (ms): Min: 220740.3, Avg: 220740.3, Max: 220740.3, Diff: 0.0]
   [Code Root Fixup: 0.0 ms]
   [Code Root Migration: 0.1 ms]
   [Clear CT: 0.4 ms]
   [Other: 0.7 ms]
      [Choose CSet: 0.0 ms]
      [Ref Proc: 0.1 ms]
      [Ref Enq: 0.0 ms]
      [Free CSet: 0.6 ms]
   [Eden: 853.0M(853.0M)->0.0B(854.0M) Survivors: 69.0M->68.0M Heap: 1080.9M(1538.0M)->226.9M(1538.0M)]
 [Times: user=0.25 sys=0.00, real=0.03 secs] 
220.742: Total time for which application threads were stopped: 0.0321910 seconds, Stopping threads took: 0.0000380 seconds
221.183: Application time: 0.4409530 seconds
221.183: [GC pause (young), 0.0335870 secs]
   [Parallel Time: 32.2 ms, GC Workers: 8]
      [GC Worker Start (ms): Min: 221182.7, Avg: 221183.8, Max: 221191.4, Diff: 8.7]
      [Ext Root Scanning (ms): Min: 0.0, Avg: 0.7, Max: 0.9, Diff: 0.8, Sum: 5.2]
      [Update RS (ms): Min: 0.0, Avg: 0.3, Max: 0.4, Diff: 0.4, Sum: 2.3]
         [Processed Buffers: Min: 0, Avg: 2.1, Max: 4, Diff: 4, Sum: 17]
      [Scan RS (ms): Min: 0.2, Avg: 0.4, Max: 0.4, Diff: 0.2, Sum: 2.8]
      [Code Root Scanning (ms): Min: 0.0, Avg: 0.0, Max: 0.0, Diff: 0.0, Sum: 0.0]
      [Object Copy (ms): Min: 23.1, Avg: 29.7, Max: 30.7, Diff: 7.5, Sum: 237.6]
      [Termination (ms): Min: 0.0, Avg: 0.0, Max: 0.0, Diff: 0.0, Sum: 0.0]
      [GC Worker Other (ms): Min: 0.0, Avg: 0.1, Max: 0.1, Diff: 0.1, Sum: 0.5]
      [GC Worker Total (ms): Min: 23.5, Avg: 31.1, Max: 32.2, Diff: 8.7, Sum: 248.4]
      [GC Worker End (ms): Min: 221214.8, Avg: 221214.9, Max: 221214.9, Diff: 0.0]
   [Code Root Fixup: 0.1 ms]
   [Code Root Migration: 0.1 ms]
   [Clear CT: 0.4 ms]
   [Other: 0.8 ms]
      [Choose CSet: 0.0 ms]
      [Ref Proc: 0.1 ms]
      [Ref Enq: 0.0 ms]
      [Free CSet: 0.6 ms]
   [Eden: 854.0M(854.0M)->0.0B(851.0M) Survivors: 68.0M->71.0M Heap: 1080.9M(1538.0M)->229.4M(1538.0M)]
 [Times: user=0.25 sys=0.00, real=0.04 secs] 
221.216: Total time for which application threads were stopped: 0.0337740 seconds, Stopping threads took: 0.0000530 seconds
221.654: Application time: 0.4375890 seconds
221.654: [GC pause (young), 0.0328570 secs]
   [Parallel Time: 31.6 ms, GC Workers: 8]
      [GC Worker Start (ms): Min: 221654.1, Avg: 221654.1, Max: 221654.1, Diff: 0.1]
      [Ext Root Scanning (ms): Min: 0.7, Avg: 0.8, Max: 0.8, Diff: 0.1, Sum: 6.3]
      [Update RS (ms): Min: 0.2, Avg: 0.3, Max: 0.4, Diff: 0.2, Sum: 2.4]
         [Processed Buffers: Min: 1, Avg: 2.1, Max: 4, Diff: 3, Sum: 17]
      [Scan RS (ms): Min: 0.3, Avg: 0.4, Max: 0.4, Diff: 0.2, Sum: 3.0]
      [Code Root Scanning (ms): Min: 0.0, Avg: 0.0, Max: 0.0, Diff: 0.0, Sum: 0.0]
      [Object Copy (ms): Min: 30.0, Avg: 30.0, Max: 30.1, Diff: 0.1, Sum: 240.3]
      [Termination (ms): Min: 0.0, Avg: 0.0, Max: 0.0, Diff: 0.0, Sum: 0.0]
      [GC Worker Other (ms): Min: 0.0, Avg: 0.1, Max: 0.1, Diff: 0.0, Sum: 0.4]
      [GC Worker Total (ms): Min: 31.5, Avg: 31.6, Max: 31.6, Diff: 0.1, Sum: 252.5]
      [GC Worker End (ms): Min: 221685.6, Avg: 221685.7, Max: 221685.7, Diff: 0.0]
   [Code Root Fixup: 0.0 ms]
   [Code Root Migration: 0.1 ms]
   [Clear CT: 0.4 ms]
   [Other: 0.7 ms]
      [Choose CSet: 0.0 ms]
      [Ref Proc: 0.1 ms]
      [Ref Enq: 0.0 ms]
      [Free CSet: 0.6 ms]
   [Eden: 851.0M(851.0M)->0.0B(853.0M) Survivors: 71.0M->69.0M Heap: 1080.4M(1538.0M)->227.9M(1538.0M)]
 [Times: user=0.26 sys=0.00, real=0.03 secs] 
221.687: Total time for which application threads were stopped: 0.0330590 seconds, Stopping threads took: 0.0000400 seconds
222.123: Application time: 0.4361300 seconds
222.123: [GC pause (young), 0.0327040 secs]
   [Parallel Time: 31.5 ms, GC Workers: 8]
      [GC Worker Start (ms): Min: 222123.2, Avg: 222123.3, Max: 222123.3, Diff: 0.1]
      [Ext Root Scanning (ms): Min: 0.7, Avg: 0.8, Max: 0.9, Diff: 0.1, Sum: 6.4]
      [Update RS (ms): Min: 0.2, Avg: 0.3, Max: 0.4, Diff: 0.2, Sum: 2.4]
         [Processed Buffers: Min: 1, Avg: 2.1, Max: 4, Diff: 3, Sum: 17]
      [Scan RS (ms): Min: 0.2, Avg: 0.4, Max: 0.4, Diff: 0.2, Sum: 2.9]
      [Code Root Scanning (ms): Min: 0.0, Avg: 0.0, Max: 0.0, Diff: 0.0, Sum: 0.1]
      [Object Copy (ms): Min: 29.9, Avg: 29.9, Max: 30.0, Diff: 0.1, Sum: 239.3]
      [Termination (ms): Min: 0.0, Avg: 0.0, Max: 0.0, Diff: 0.0, Sum: 0.0]
      [GC Worker Other (ms): Min: 0.0, Avg: 0.1, Max: 0.1, Diff: 0.0, Sum: 0.4]
      [GC Worker Total (ms): Min: 31.4, Avg: 31.4, Max: 31.5, Diff: 0.1, Sum: 251.4]
      [GC Worker End (ms): Min: 222154.7, Avg: 222154.7, Max: 222154.7, Diff: 0.0]
   [Code Root Fixup: 0.0 ms]
   [Code Root Migration: 0.1 ms]
   [Clear CT: 0.4 ms]
   [Other: 0.7 ms]
      [Choose CSet: 0.0 ms]
      [Ref Proc: 0.1 ms]
      [Ref Enq: 0.0 ms]
      [Free CSet: 0.6 ms]
   [Eden: 853.0M(853.0M)->0.0B(852.0M) Survivors: 69.0M->70.0M Heap: 1080.9M(1538.0M)->228.5M(1538.0M)]
 [Times: user=0.26 sys=0.00, real=0.04 secs] 
222.156: Total time for which application threads were stopped: 0.0328820 seconds, Stopping threads took: 0.0000400 seconds
222.590: Application time: 0.4341210 seconds
222.590: [GC pause (young), 0.0332470 secs]
   [Parallel Time: 32.0 ms, GC Workers: 8]
      [GC Worker Start (ms): Min: 222590.3, Avg: 222590.3, Max: 222590.3, Diff: 0.1]
      [Ext Root Scanning (ms): Min: 0.7, Avg: 0.8, Max: 0.9, Diff: 0.1, Sum: 6.3]
      [Update RS (ms): Min: 0.2, Avg: 0.3, Max: 0.5, Diff: 0.2, Sum: 2.4]
         [Processed Buffers: Min: 1, Avg: 2.1, Max: 3, Diff: 2, Sum: 17]
      [Scan RS (ms): Min: 0.3, Avg: 0.4, Max: 0.4, Diff: 0.2, Sum: 2.9]
      [Code Root Scanning (ms): Min: 0.0, Avg: 0.0, Max: 0.0, Diff: 0.0, Sum: 0.0]
      [Object Copy (ms): Min: 30.4, Avg: 30.4, Max: 30.4, Diff: 0.1, Sum: 243.1]
      [Termination (ms): Min: 0.0, Avg: 0.0, Max: 0.0, Diff: 0.0, Sum: 0.0]
      [GC Worker Other (ms): Min: 0.0, Avg: 0.1, Max: 0.1, Diff: 0.0, Sum: 0.4]
      [GC Worker Total (ms): Min: 31.9, Avg: 31.9, Max: 31.9, Diff: 0.1, Sum: 255.2]
      [GC Worker End (ms): Min: 222622.2, Avg: 222622.2, Max: 222622.2, Diff: 0.0]
   [Code Root Fixup: 0.0 ms]
   [Code Root Migration: 0.1 ms]
   [Clear CT: 0.4 ms]
   [Other: 0.8 ms]
      [Choose CSet: 0.0 ms]
      [Ref Proc: 0.1 ms]
      [Ref Enq: 0.0 ms]
      [Free CSet: 0.6 ms]
   [Eden: 852.0M(852.0M)->0.0B(851.0M) Survivors: 70.0M->71.0M Heap: 1080.5M(1538.0M)->230.0M(1538.0M)]
 [Times: user=0.26 sys=0.00, real=0.04 secs] 
222.624: Total time for which application threads were stopped: 0.0334380 seconds, Stopping threads took: 0.0000360 seconds
223.060: Application time: 0.4359530 seconds
223.060: [GC pause (young), 0.0310040 secs]
   [Parallel Time: 29.8 ms, GC Workers: 8]
      [GC Worker Start (ms): Min: 223059.6, Avg: 223059.7, Max: 223059.7, Diff: 0.1]
      [Ext Root Scanning (ms): Min: 0.7, Avg: 0.8, Max: 0.8, Diff: 0.1, Sum: 6.4]
      [Update RS (ms): Min: 0.2, Avg: 0.3, Max: 0.4, Diff: 0.2, Sum: 2.3]
         [Processed Buffers: Min: 1, Avg: 2.1, Max: 3, Diff: 2, Sum: 17]
      [Scan RS (ms): Min: 0.2, Avg: 0.4, Max: 0.4, Diff: 0.2, Sum: 2.9]
      [Code Root Scanning (ms): Min: 0.0, Avg: 0.0, Max: 0.0, Diff: 0.0, Sum: 0.0]
      [Object Copy (ms): Min: 28.2, Avg: 28.2, Max: 28.2, Diff: 0.0, Sum: 225.7]
      [Termination (ms): Min: 0.0, Avg: 0.0, Max: 0.0, Diff: 0.0, Sum: 0.0]
      [GC Worker Other (ms): Min: 0.0, Avg: 0.1, Max: 0.1, Diff: 0.0, Sum: 0.4]
      [GC Worker Total (ms): Min: 29.7, Avg: 29.7, Max: 29.8, Diff: 0.1, Sum: 237.8]
      [GC Worker End (ms): Min: 223089.4, Avg: 223089.4, Max: 223089.4, Diff: 0.0]
   [Code Root Fixup: 0.0 ms]
   [Code Root Migration: 0.1 ms]
   [Clear CT: 0.4 ms]
   [Other: 0.7 ms]
      [Choose CSet: 0.0 ms]
      [Ref Proc: 0.1 ms]
      [Ref Enq: 0.0 ms]
      [Free CSet: 0.5 ms]
   [Eden: 851.0M(851.0M)->0.0B(855.0M) Survivors: 71.0M->67.0M Heap: 1081.0M(1538.0M)->226.0M(1538.0M)]
 [Times: user=0.24 sys=0.00, real=0.03 secs] 
223.091: Total time for which application threads were stopped: 0.0312030 seconds, Stopping threads took: 0.0000480 seconds
223.536: Application time: 0.4450210 seconds
223.536: [GC pause (young), 0.0316530 secs]
   [Parallel Time: 30.4 ms, GC Workers: 8]
      [GC Worker Start (ms): Min: 223535.9, Avg: 223537.8, Max: 223547.4, Diff: 11.5]
      [Ext Root Scanning (ms): Min: 0.0, Avg: 0.6, Max: 0.9, Diff: 0.9, Sum: 4.8]
      [Update RS (ms): Min: 0.0, Avg: 0.3, Max: 0.5, Diff: 0.5, Sum: 2.1]
         [Processed Buffers: Min: 0, Avg: 2.1, Max: 4, Diff: 4, Sum: 17]
      [Scan RS (ms): Min: 0.1, Avg: 0.3, Max: 0.4, Diff: 0.2, Sum: 2.6]
      [Code Root Scanning (ms): Min: 0.0, Avg: 0.0, Max: 0.0, Diff: 0.0, Sum: 0.0]
      [Object Copy (ms): Min: 18.4, Avg: 27.2, Max: 28.8, Diff: 10.4, Sum: 218.0]
      [Termination (ms): Min: 0.0, Avg: 0.0, Max: 0.0, Diff: 0.0, Sum: 0.0]
      [GC Worker Other (ms): Min: 0.0, Avg: 0.1, Max: 0.1, Diff: 0.0, Sum: 0.5]
      [GC Worker Total (ms): Min: 18.9, Avg: 28.5, Max: 30.4, Diff: 11.5, Sum: 228.0]
      [GC Worker End (ms): Min: 223566.3, Avg: 223566.3, Max: 223566.3, Diff: 0.0]
   [Code Root Fixup: 0.1 ms]
   [Code Root Migration: 0.1 ms]
   [Clear CT: 0.4 ms]
   [Other: 0.7 ms]
      [Choose CSet: 0.0 ms]
      [Ref Proc: 0.1 ms]
      [Ref Enq: 0.0 ms]
      [Free CSet: 0.6 ms]
   [Eden: 855.0M(855.0M)->0.0B(853.0M) Survivors: 67.0M->69.0M Heap: 1081.0M(1538.0M)->228.0M(1538.0M)]
 [Times: user=0.23 sys=0.00, real=0.03 secs] 
223.568: Total time for which application threads were stopped: 0.0318610 seconds, Stopping threads took: 0.0000610 seconds
224.020: Application time: 0.4523740 seconds
224.020: [GC pause (young), 0.0325050 secs]
   [Parallel Time: 31.1 ms, GC Workers: 8]
      [GC Worker Start (ms): Min: 224020.1, Avg: 224020.1, Max: 224020.2, Diff: 0.1]
      [Ext Root Scanning (ms): Min: 0.7, Avg: 0.8, Max: 0.8, Diff: 0.1, Sum: 6.2]
      [Update RS (ms): Min: 0.2, Avg: 0.3, Max: 0.4, Diff: 0.2, Sum: 2.3]
         [Processed Buffers: Min: 1, Avg: 2.1, Max: 3, Diff: 2, Sum: 17]
      [Scan RS (ms): Min: 0.2, Avg: 0.4, Max: 0.4, Diff: 0.2, Sum: 2.9]
      [Code Root Scanning (ms): Min: 0.0, Avg: 0.0, Max: 0.0, Diff: 0.0, Sum: 0.0]
      [Object Copy (ms): Min: 29.6, Avg: 29.6, Max: 29.6, Diff: 0.0, Sum: 236.7]
      [Termination (ms): Min: 0.0, Avg: 0.0, Max: 0.0, Diff: 0.0, Sum: 0.0]
      [GC Worker Other (ms): Min: 0.0, Avg: 0.1, Max: 0.1, Diff: 0.1, Sum: 0.5]
      [GC Worker Total (ms): Min: 31.0, Avg: 31.1, Max: 31.1, Diff: 0.1, Sum: 248.5]
      [GC Worker End (ms): Min: 224051.2, Avg: 224051.2, Max: 224051.2, Diff: 0.1]
   [Code Root Fixup: 0.0 ms]
   [Code Root Migration: 0.1 ms]
   [Clear CT: 0.4 ms]
   [Other: 0.8 ms]
      [Choose CSet: 0.0 ms]
      [Ref Proc: 0.1 ms]
      [Ref Enq: 0.0 ms]
      [Free CSet: 0.6 ms]
   [Eden: 853.0M(853.0M)->0.0B(853.0M) Survivors: 69.0M->69.0M Heap: 1081.0M(1538.0M)->228.0M(1538.0M)]
 [Times: user=0.25 sys=0.00, real=0.04 secs] 
224.053: Total time for which application threads were stopped: 0.0326910 seconds, Stopping threads took: 0.0000440 seconds
224.507: Application time: 0.4538730 seconds
224.507: [GC pause (young), 0.0327500 secs]
   [Parallel Time: 31.5 ms, GC Workers: 8]
      [GC Worker Start (ms): Min: 224506.7, Avg: 224506.8, Max: 224507.3, Diff: 0.7]
      [Ext Root Scanning (ms): Min: 0.2, Avg: 0.7, Max: 0.9, Diff: 0.7, Sum: 5.5]
      [Update RS (ms): Min: 0.2, Avg: 0.3, Max: 0.4, Diff: 0.2, Sum: 2.5]
         [Processed Buffers: Min: 1, Avg: 2.1, Max: 4, Diff: 3, Sum: 17]
      [Scan RS (ms): Min: 0.3, Avg: 0.4, Max: 0.4, Diff: 0.2, Sum: 2.9]
      [Code Root Scanning (ms): Min: 0.0, Avg: 0.0, Max: 0.0, Diff: 0.0, Sum: 0.0]
      [Object Copy (ms): Min: 29.9, Avg: 30.0, Max: 30.0, Diff: 0.1, Sum: 239.8]
      [Termination (ms): Min: 0.0, Avg: 0.0, Max: 0.0, Diff: 0.0, Sum: 0.0]
      [GC Worker Other (ms): Min: 0.0, Avg: 0.0, Max: 0.1, Diff: 0.0, Sum: 0.4]
      [GC Worker Total (ms): Min: 30.8, Avg: 31.4, Max: 31.5, Diff: 0.7, Sum: 251.1]
      [GC Worker End (ms): Min: 224538.2, Avg: 224538.2, Max: 224538.2, Diff: 0.0]
   [Code Root Fixup: 0.0 ms]
   [Code Root Migration: 0.1 ms]
   [Clear CT: 0.4 ms]
   [Other: 0.7 ms]
      [Choose CSet: 0.0 ms]
      [Ref Proc: 0.1 ms]
      [Ref Enq: 0.0 ms]
      [Free CSet: 0.6 ms]
   [Eden: 853.0M(853.0M)->0.0B(852.0M) Survivors: 69.0M->70.0M Heap: 1081.0M(1538.0M)->228.5M(1538.0M)]
 [Times: user=0.25 sys=0.00, real=0.03 secs] 
224.539: Total time for which application threads were stopped: 0.0329450 seconds, Stopping threads took: 0.0000490 seconds
224.991: Application time: 0.4512790 seconds
224.991: [GC pause (young), 0.0323260 secs]
   [Parallel Time: 31.0 ms, GC Workers: 8]
      [GC Worker Start (ms): Min: 224990.9, Avg: 224991.0, Max: 224991.0, Diff: 0.1]
      [Ext Root Scanning (ms): Min: 0.7, Avg: 0.8, Max: 0.8, Diff: 0.1, Sum: 6.3]
      [Update RS (ms): Min: 0.3, Avg: 0.3, Max: 0.4, Diff: 0.1, Sum: 2.3]
         [Processed Buffers: Min: 1, Avg: 2.1, Max: 3, Diff: 2, Sum: 17]
      [Scan RS (ms): Min: 0.3, Avg: 0.3, Max: 0.4, Diff: 0.2, Sum: 2.8]
      [Code Root Scanning (ms): Min: 0.0, Avg: 0.0, Max: 0.0, Diff: 0.0, Sum: 0.0]
      [Object Copy (ms): Min: 29.5, Avg: 29.5, Max: 29.5, Diff: 0.0, Sum: 236.0]
      [Termination (ms): Min: 0.0, Avg: 0.0, Max: 0.0, Diff: 0.0, Sum: 0.0]
      [GC Worker Other (ms): Min: 0.0, Avg: 0.1, Max: 0.1, Diff: 0.0, Sum: 0.4]
      [GC Worker Total (ms): Min: 31.0, Avg: 31.0, Max: 31.0, Diff: 0.1, Sum: 247.8]
      [GC Worker End (ms): Min: 225021.9, Avg: 225021.9, Max: 225022.0, Diff: 0.0]
   [Code Root Fixup: 0.0 ms]
   [Code Root Migration: 0.1 ms]
   [Clear CT: 0.4 ms]
   [Other: 0.8 ms]
      [Choose CSet: 0.0 ms]
      [Ref Proc: 0.1 ms]
      [Ref Enq: 0.0 ms]
      [Free CSet: 0.6 ms]
   [Eden: 852.0M(852.0M)->0.0B(852.0M) Survivors: 70.0M->70.0M Heap: 1080.5M(1538.0M)->228.5M(1538.0M)]
 [Times: user=0.25 sys=0.00, real=0.03 secs] 
225.023: Total time for which application threads were stopped: 0.0325330 seconds, Stopping threads took: 0.0000730 seconds
225.470: Application time: 0.4466710 seconds
225.470: [GC pause (young), 0.0316480 secs]
   [Parallel Time: 30.4 ms, GC Workers: 8]
      [GC Worker Start (ms): Min: 225470.1, Avg: 225470.2, Max: 225470.2, Diff: 0.1]
      [Ext Root Scanning (ms): Min: 0.7, Avg: 0.8, Max: 0.8, Diff: 0.1, Sum: 6.3]
      [Update RS (ms): Min: 0.2, Avg: 0.3, Max: 0.4, Diff: 0.2, Sum: 2.3]
         [Processed Buffers: Min: 1, Avg: 2.1, Max: 3, Diff: 2, Sum: 17]
      [Scan RS (ms): Min: 0.3, Avg: 0.4, Max: 0.4, Diff: 0.2, Sum: 3.0]
      [Code Root Scanning (ms): Min: 0.0, Avg: 0.0, Max: 0.0, Diff: 0.0, Sum: 0.0]
      [Object Copy (ms): Min: 28.8, Avg: 28.9, Max: 28.9, Diff: 0.0, Sum: 230.9]
      [Termination (ms): Min: 0.0, Avg: 0.0, Max: 0.0, Diff: 0.0, Sum: 0.0]
      [GC Worker Other (ms): Min: 0.0, Avg: 0.0, Max: 0.1, Diff: 0.0, Sum: 0.4]
      [GC Worker Total (ms): Min: 30.3, Avg: 30.4, Max: 30.4, Diff: 0.1, Sum: 242.8]
      [GC Worker End (ms): Min: 225500.5, Avg: 225500.5, Max: 225500.5, Diff: 0.0]
   [Code Root Fixup: 0.0 ms]
   [Code Root Migration: 0.1 ms]
   [Clear CT: 0.4 ms]
   [Other: 0.7 ms]
      [Choose CSet: 0.0 ms]
      [Ref Proc: 0.1 ms]
      [Ref Enq: 0.0 ms]
      [Free CSet: 0.6 ms]
   [Eden: 852.0M(852.0M)->0.0B(854.0M) Survivors: 70.0M->68.0M Heap: 1080.5M(1538.0M)->227.0M(1538.0M)]
 [Times: user=0.24 sys=0.00, real=0.03 secs] 
225.502: Total time for which application threads were stopped: 0.0318680 seconds, Stopping threads took: 0.0000590 seconds
225.947: Application time: 0.4456090 seconds
225.948: [GC pause (young), 0.0326640 secs]
   [Parallel Time: 31.4 ms, GC Workers: 8]
      [GC Worker Start (ms): Min: 225947.6, Avg: 225947.6, Max: 225947.7, Diff: 0.1]
      [Ext Root Scanning (ms): Min: 0.8, Avg: 0.8, Max: 0.9, Diff: 0.1, Sum: 6.5]
      [Update RS (ms): Min: 0.2, Avg: 0.3, Max: 0.4, Diff: 0.2, Sum: 2.3]
         [Processed Buffers: Min: 1, Avg: 2.1, Max: 3, Diff: 2, Sum: 17]
      [Scan RS (ms): Min: 0.3, Avg: 0.4, Max: 0.4, Diff: 0.1, Sum: 2.8]
      [Code Root Scanning (ms): Min: 0.0, Avg: 0.0, Max: 0.0, Diff: 0.0, Sum: 0.0]
      [Object Copy (ms): Min: 29.8, Avg: 29.8, Max: 29.8, Diff: 0.0, Sum: 238.1]
      [Termination (ms): Min: 0.0, Avg: 0.0, Max: 0.0, Diff: 0.0, Sum: 0.0]
      [GC Worker Other (ms): Min: 0.0, Avg: 0.1, Max: 0.1, Diff: 0.0, Sum: 0.5]
      [GC Worker Total (ms): Min: 31.3, Avg: 31.3, Max: 31.3, Diff: 0.1, Sum: 250.3]
      [GC Worker End (ms): Min: 225978.9, Avg: 225978.9, Max: 225979.0, Diff: 0.0]
   [Code Root Fixup: 0.0 ms]
   [Code Root Migration: 0.1 ms]
   [Clear CT: 0.4 ms]
   [Other: 0.8 ms]
      [Choose CSet: 0.0 ms]
      [Ref Proc: 0.1 ms]
      [Ref Enq: 0.0 ms]
      [Free CSet: 0.6 ms]
   [Eden: 854.0M(854.0M)->0.0B(852.0M) Survivors: 68.0M->70.0M Heap: 1081.0M(1538.0M)->228.5M(1538.0M)]
 [Times: user=0.26 sys=0.00, real=0.03 secs] 
225.980: Total time for which application threads were stopped: 0.0328600 seconds, Stopping threads took: 0.0000610 seconds
226.419: Application time: 0.4390430 seconds
226.419: [GC pause (young), 0.0329670 secs]
   [Parallel Time: 31.7 ms, GC Workers: 8]
      [GC Worker Start (ms): Min: 226419.5, Avg: 226420.0, Max: 226423.4, Diff: 3.9]
      [Ext Root Scanning (ms): Min: 0.0, Avg: 0.7, Max: 0.9, Diff: 0.9, Sum: 5.7]
      [Update RS (ms): Min: 0.0, Avg: 0.3, Max: 0.4, Diff: 0.4, Sum: 2.2]
         [Processed Buffers: Min: 0, Avg: 2.1, Max: 4, Diff: 4, Sum: 17]
      [Scan RS (ms): Min: 0.2, Avg: 0.3, Max: 0.4, Diff: 0.2, Sum: 2.7]
      [Code Root Scanning (ms): Min: 0.0, Avg: 0.0, Max: 0.0, Diff: 0.0, Sum: 0.0]
      [Object Copy (ms): Min: 27.5, Avg: 29.7, Max: 30.1, Diff: 2.6, Sum: 238.0]
      [Termination (ms): Min: 0.0, Avg: 0.0, Max: 0.0, Diff: 0.0, Sum: 0.0]
      [GC Worker Other (ms): Min: 0.0, Avg: 0.1, Max: 0.1, Diff: 0.1, Sum: 0.5]
      [GC Worker Total (ms): Min: 27.8, Avg: 31.1, Max: 31.7, Diff: 3.9, Sum: 249.1]
      [GC Worker End (ms): Min: 226451.1, Avg: 226451.2, Max: 226451.2, Diff: 0.1]
   [Code Root Fixup: 0.0 ms]
   [Code Root Migration: 0.1 ms]
   [Clear CT: 0.4 ms]
   [Other: 0.8 ms]
      [Choose CSet: 0.0 ms]
      [Ref Proc: 0.1 ms]
      [Ref Enq: 0.0 ms]
      [Free CSet: 0.6 ms]
   [Eden: 852.0M(852.0M)->0.0B(852.0M) Survivors: 70.0M->70.0M Heap: 1080.5M(1538.0M)->228.6M(1538.0M)]
 [Times: user=0.25 sys=0.00, real=0.04 secs] 
226.453: Total time for which application threads were stopped: 0.0331670 seconds, Stopping threads took: 0.0000480 seconds
226.889: Application time: 0.4362580 seconds
226.889: [GC pause (young), 0.0325420 secs]
   [Parallel Time: 31.3 ms, GC Workers: 8]
      [GC Worker Start (ms): Min: 226888.9, Avg: 226889.2, Max: 226891.4, Diff: 2.5]
      [Ext Root Scanning (ms): Min: 0.0, Avg: 0.7, Max: 0.9, Diff: 0.8, Sum: 5.4]
      [Update RS (ms): Min: 0.0, Avg: 0.3, Max: 0.4, Diff: 0.4, Sum: 2.2]
         [Processed Buffers: Min: 0, Avg: 2.1, Max: 4, Diff: 4, Sum: 17]
      [Scan RS (ms): Min: 0.1, Avg: 0.3, Max: 0.4, Diff: 0.4, Sum: 2.7]
      [Code Root Scanning (ms): Min: 0.0, Avg: 0.0, Max: 0.0, Diff: 0.0, Sum: 0.0]
      [Object Copy (ms): Min: 28.6, Avg: 29.6, Max: 29.8, Diff: 1.2, Sum: 236.9]
      [Termination (ms): Min: 0.0, Avg: 0.0, Max: 0.0, Diff: 0.0, Sum: 0.0]
      [GC Worker Other (ms): Min: 0.0, Avg: 0.0, Max: 0.1, Diff: 0.0, Sum: 0.4]
      [GC Worker Total (ms): Min: 28.8, Avg: 31.0, Max: 31.3, Diff: 2.5, Sum: 247.7]
      [GC Worker End (ms): Min: 226920.2, Avg: 226920.2, Max: 226920.2, Diff: 0.0]
   [Code Root Fixup: 0.0 ms]
   [Code Root Migration: 0.1 ms]
   [Clear CT: 0.4 ms]
   [Other: 0.7 ms]
      [Choose CSet: 0.0 ms]
      [Ref Proc: 0.1 ms]
      [Ref Enq: 0.0 ms]
      [Free CSet: 0.6 ms]
   [Eden: 852.0M(852.0M)->0.0B(852.0M) Survivors: 70.0M->70.0M Heap: 1080.6M(1538.0M)->228.6M(1538.0M)]
 [Times: user=0.25 sys=0.00, real=0.03 secs] 
226.922: Total time for which application threads were stopped: 0.0327030 seconds, Stopping threads took: 0.0000150 seconds
227.357: Application time: 0.4351100 seconds
227.357: [GC pause (young), 0.0319400 secs]
   [Parallel Time: 30.7 ms, GC Workers: 8]
      [GC Worker Start (ms): Min: 227356.8, Avg: 227357.1, Max: 227359.4, Diff: 2.6]
      [Ext Root Scanning (ms): Min: 0.0, Avg: 0.7, Max: 0.9, Diff: 0.9, Sum: 5.7]
      [Update RS (ms): Min: 0.0, Avg: 0.3, Max: 0.5, Diff: 0.4, Sum: 2.2]
         [Processed Buffers: Min: 0, Avg: 2.1, Max: 4, Diff: 4, Sum: 17]
      [Scan RS (ms): Min: 0.2, Avg: 0.3, Max: 0.4, Diff: 0.2, Sum: 2.6]
      [Code Root Scanning (ms): Min: 0.0, Avg: 0.0, Max: 0.0, Diff: 0.0, Sum: 0.0]
      [Object Copy (ms): Min: 27.7, Avg: 28.9, Max: 29.1, Diff: 1.4, Sum: 231.2]
      [Termination (ms): Min: 0.0, Avg: 0.0, Max: 0.0, Diff: 0.0, Sum: 0.0]
      [GC Worker Other (ms): Min: 0.0, Avg: 0.0, Max: 0.1, Diff: 0.0, Sum: 0.4]
      [GC Worker Total (ms): Min: 28.0, Avg: 30.3, Max: 30.6, Diff: 2.7, Sum: 242.1]
      [GC Worker End (ms): Min: 227387.4, Avg: 227387.4, Max: 227387.4, Diff: 0.0]
   [Code Root Fixup: 0.0 ms]
   [Code Root Migration: 0.1 ms]
   [Clear CT: 0.4 ms]
   [Other: 0.8 ms]
      [Choose CSet: 0.0 ms]
      [Ref Proc: 0.1 ms]
      [Ref Enq: 0.0 ms]
      [Free CSet: 0.6 ms]
   [Eden: 852.0M(852.0M)->0.0B(854.0M) Survivors: 70.0M->68.0M Heap: 1080.6M(1538.0M)->227.1M(1538.0M)]
 [Times: user=0.24 sys=0.00, real=0.03 secs] 
227.389: Total time for which application threads were stopped: 0.0321470 seconds, Stopping threads took: 0.0000550 seconds
227.826: Application time: 0.4373030 seconds
227.826: [GC pause (young), 0.0326000 secs]
   [Parallel Time: 31.4 ms, GC Workers: 8]
      [GC Worker Start (ms): Min: 227826.2, Avg: 227826.2, Max: 227826.3, Diff: 0.1]
      [Ext Root Scanning (ms): Min: 0.7, Avg: 0.8, Max: 0.8, Diff: 0.1, Sum: 6.3]
      [Update RS (ms): Min: 0.2, Avg: 0.3, Max: 0.4, Diff: 0.2, Sum: 2.5]
         [Processed Buffers: Min: 1, Avg: 2.1, Max: 3, Diff: 2, Sum: 17]
      [Scan RS (ms): Min: 0.2, Avg: 0.4, Max: 0.4, Diff: 0.2, Sum: 2.8]
      [Code Root Scanning (ms): Min: 0.0, Avg: 0.0, Max: 0.0, Diff: 0.0, Sum: 0.0]
      [Object Copy (ms): Min: 29.8, Avg: 29.8, Max: 29.8, Diff: 0.0, Sum: 238.5]
      [Termination (ms): Min: 0.0, Avg: 0.0, Max: 0.0, Diff: 0.0, Sum: 0.0]
      [GC Worker Other (ms): Min: 0.0, Avg: 0.1, Max: 0.1, Diff: 0.0, Sum: 0.4]
      [GC Worker Total (ms): Min: 31.3, Avg: 31.3, Max: 31.4, Diff: 0.1, Sum: 250.6]
      [GC Worker End (ms): Min: 227857.5, Avg: 227857.6, Max: 227857.6, Diff: 0.0]
   [Code Root Fixup: 0.0 ms]
   [Code Root Migration: 0.1 ms]
   [Clear CT: 0.4 ms]
   [Other: 0.7 ms]
      [Choose CSet: 0.0 ms]
      [Ref Proc: 0.1 ms]
      [Ref Enq: 0.0 ms]
      [Free CSet: 0.6 ms]
   [Eden: 854.0M(854.0M)->0.0B(850.0M) Survivors: 68.0M->72.0M Heap: 1081.1M(1538.0M)->230.6M(1538.0M)]
 [Times: user=0.25 sys=0.00, real=0.03 secs] 
227.859: Total time for which application threads were stopped: 0.0328080 seconds, Stopping threads took: 0.0000630 seconds
228.296: Application time: 0.4368800 seconds
228.296: [GC pause (young), 0.0337430 secs]
   [Parallel Time: 32.5 ms, GC Workers: 8]
      [GC Worker Start (ms): Min: 228295.9, Avg: 228295.9, Max: 228296.0, Diff: 0.1]
      [Ext Root Scanning (ms): Min: 0.7, Avg: 0.8, Max: 0.8, Diff: 0.1, Sum: 6.4]
      [Update RS (ms): Min: 0.2, Avg: 0.3, Max: 0.4, Diff: 0.2, Sum: 2.4]
         [Processed Buffers: Min: 1, Avg: 2.1, Max: 3, Diff: 2, Sum: 17]
      [Scan RS (ms): Min: 0.2, Avg: 0.4, Max: 0.4, Diff: 0.2, Sum: 2.8]
      [Code Root Scanning (ms): Min: 0.0, Avg: 0.0, Max: 0.0, Diff: 0.0, Sum: 0.0]
      [Object Copy (ms): Min: 30.9, Avg: 30.9, Max: 30.9, Diff: 0.0, Sum: 247.3]
      [Termination (ms): Min: 0.0, Avg: 0.0, Max: 0.0, Diff: 0.0, Sum: 0.0]
      [GC Worker Other (ms): Min: 0.0, Avg: 0.0, Max: 0.1, Diff: 0.0, Sum: 0.3]
      [GC Worker Total (ms): Min: 32.4, Avg: 32.4, Max: 32.4, Diff: 0.1, Sum: 259.3]
      [GC Worker End (ms): Min: 228328.3, Avg: 228328.3, Max: 228328.4, Diff: 0.0]
   [Code Root Fixup: 0.0 ms]
   [Code Root Migration: 0.1 ms]
   [Clear CT: 0.4 ms]
   [Other: 0.7 ms]
      [Choose CSet: 0.0 ms]
      [Ref Proc: 0.1 ms]
      [Ref Enq: 0.0 ms]
      [Free CSet: 0.6 ms]
   [Eden: 850.0M(850.0M)->0.0B(849.0M) Survivors: 72.0M->73.0M Heap: 1080.6M(1538.0M)->231.6M(1538.0M)]
 [Times: user=0.27 sys=0.00, real=0.03 secs] 
228.330: Total time for which application threads were stopped: 0.0339350 seconds, Stopping threads took: 0.0000390 seconds
228.771: Application time: 0.4410320 seconds
228.771: [GC pause (young), 0.0301050 secs]
   [Parallel Time: 28.8 ms, GC Workers: 8]
      [GC Worker Start (ms): Min: 228770.9, Avg: 228770.9, Max: 228770.9, Diff: 0.1]
      [Ext Root Scanning (ms): Min: 0.7, Avg: 0.8, Max: 0.8, Diff: 0.1, Sum: 6.2]
      [Update RS (ms): Min: 0.2, Avg: 0.3, Max: 0.4, Diff: 0.2, Sum: 2.4]
         [Processed Buffers: Min: 1, Avg: 2.1, Max: 3, Diff: 2, Sum: 17]
      [Scan RS (ms): Min: 0.2, Avg: 0.4, Max: 0.4, Diff: 0.2, Sum: 2.9]
      [Code Root Scanning (ms): Min: 0.0, Avg: 0.0, Max: 0.0, Diff: 0.0, Sum: 0.0]
      [Object Copy (ms): Min: 27.3, Avg: 27.3, Max: 27.3, Diff: 0.0, Sum: 218.3]
      [Termination (ms): Min: 0.0, Avg: 0.0, Max: 0.0, Diff: 0.0, Sum: 0.0]
      [GC Worker Other (ms): Min: 0.0, Avg: 0.0, Max: 0.1, Diff: 0.0, Sum: 0.3]
      [GC Worker Total (ms): Min: 28.7, Avg: 28.8, Max: 28.8, Diff: 0.1, Sum: 230.2]
      [GC Worker End (ms): Min: 228799.7, Avg: 228799.7, Max: 228799.7, Diff: 0.0]
   [Code Root Fixup: 0.0 ms]
   [Code Root Migration: 0.1 ms]
   [Clear CT: 0.4 ms]
   [Other: 0.8 ms]
      [Choose CSet: 0.0 ms]
      [Ref Proc: 0.1 ms]
      [Ref Enq: 0.0 ms]
      [Free CSet: 0.6 ms]
   [Eden: 849.0M(849.0M)->0.0B(856.0M) Survivors: 73.0M->66.0M Heap: 1080.6M(1538.0M)->225.1M(1538.0M)]
 [Times: user=0.24 sys=0.00, real=0.03 secs] 
228.801: Total time for which application threads were stopped: 0.0302880 seconds, Stopping threads took: 0.0000500 seconds
229.254: Application time: 0.4526220 seconds
229.254: [GC pause (young), 0.0313630 secs]
   [Parallel Time: 30.0 ms, GC Workers: 8]
      [GC Worker Start (ms): Min: 229253.8, Avg: 229253.8, Max: 229253.9, Diff: 0.1]
      [Ext Root Scanning (ms): Min: 0.7, Avg: 0.8, Max: 0.8, Diff: 0.1, Sum: 6.1]
      [Update RS (ms): Min: 0.2, Avg: 0.3, Max: 0.4, Diff: 0.2, Sum: 2.3]
         [Processed Buffers: Min: 1, Avg: 2.1, Max: 3, Diff: 2, Sum: 17]
      [Scan RS (ms): Min: 0.3, Avg: 0.4, Max: 0.4, Diff: 0.1, Sum: 2.8]
      [Code Root Scanning (ms): Min: 0.0, Avg: 0.0, Max: 0.0, Diff: 0.0, Sum: 0.0]
      [Object Copy (ms): Min: 28.5, Avg: 28.5, Max: 28.5, Diff: 0.0, Sum: 227.8]
      [Termination (ms): Min: 0.0, Avg: 0.0, Max: 0.0, Diff: 0.0, Sum: 0.0]
      [GC Worker Other (ms): Min: 0.0, Avg: 0.1, Max: 0.1, Diff: 0.0, Sum: 0.4]
      [GC Worker Total (ms): Min: 29.9, Avg: 29.9, Max: 30.0, Diff: 0.1, Sum: 239.4]
      [GC Worker End (ms): Min: 229283.7, Avg: 229283.8, Max: 229283.8, Diff: 0.0]
   [Code Root Fixup: 0.1 ms]
   [Code Root Migration: 0.1 ms]
   [Clear CT: 0.4 ms]
   [Other: 0.8 ms]
      [Choose CSet: 0.0 ms]
      [Ref Proc: 0.1 ms]
      [Ref Enq: 0.0 ms]
      [Free CSet: 0.6 ms]
   [Eden: 856.0M(856.0M)->0.0B(855.0M) Survivors: 66.0M->67.0M Heap: 1081.1M(1538.0M)->226.1M(1538.0M)]
 [Times: user=0.25 sys=0.00, real=0.03 secs] 
229.285: Total time for which application threads were stopped: 0.0315850 seconds, Stopping threads took: 0.0000670 seconds
229.738: Application time: 0.4525820 seconds
229.738: [GC pause (young), 0.0331150 secs]
   [Parallel Time: 31.8 ms, GC Workers: 8]
      [GC Worker Start (ms): Min: 229738.0, Avg: 229738.0, Max: 229738.0, Diff: 0.1]
      [Ext Root Scanning (ms): Min: 0.7, Avg: 0.7, Max: 0.8, Diff: 0.1, Sum: 5.9]
      [Update RS (ms): Min: 0.2, Avg: 0.3, Max: 0.4, Diff: 0.2, Sum: 2.4]
         [Processed Buffers: Min: 1, Avg: 2.1, Max: 3, Diff: 2, Sum: 17]
      [Scan RS (ms): Min: 0.3, Avg: 0.4, Max: 0.5, Diff: 0.1, Sum: 3.0]
      [Code Root Scanning (ms): Min: 0.0, Avg: 0.0, Max: 0.0, Diff: 0.0, Sum: 0.0]
      [Object Copy (ms): Min: 30.3, Avg: 30.3, Max: 30.3, Diff: 0.1, Sum: 242.4]
      [Termination (ms): Min: 0.0, Avg: 0.0, Max: 0.0, Diff: 0.0, Sum: 0.0]
      [GC Worker Other (ms): Min: 0.0, Avg: 0.1, Max: 0.1, Diff: 0.0, Sum: 0.4]
      [GC Worker Total (ms): Min: 31.7, Avg: 31.8, Max: 31.8, Diff: 0.1, Sum: 254.2]
      [GC Worker End (ms): Min: 229769.7, Avg: 229769.8, Max: 229769.8, Diff: 0.0]
   [Code Root Fixup: 0.0 ms]
   [Code Root Migration: 0.1 ms]
   [Clear CT: 0.4 ms]
   [Other: 0.7 ms]
      [Choose CSet: 0.0 ms]
      [Ref Proc: 0.1 ms]
      [Ref Enq: 0.0 ms]
      [Free CSet: 0.6 ms]
   [Eden: 855.0M(855.0M)->0.0B(852.0M) Survivors: 67.0M->70.0M Heap: 1081.1M(1538.0M)->228.6M(1538.0M)]
 [Times: user=0.26 sys=0.00, real=0.03 secs] 
229.771: Total time for which application threads were stopped: 0.0333190 seconds, Stopping threads took: 0.0000520 seconds
230.219: Application time: 0.4483070 seconds
230.220: [GC pause (young), 0.0316610 secs]
   [Parallel Time: 30.4 ms, GC Workers: 8]
      [GC Worker Start (ms): Min: 230219.6, Avg: 230220.1, Max: 230223.4, Diff: 3.8]
      [Ext Root Scanning (ms): Min: 0.0, Avg: 0.7, Max: 0.9, Diff: 0.9, Sum: 5.5]
      [Update RS (ms): Min: 0.0, Avg: 0.3, Max: 0.4, Diff: 0.4, Sum: 2.2]
         [Processed Buffers: Min: 0, Avg: 2.1, Max: 4, Diff: 4, Sum: 17]
      [Scan RS (ms): Min: 0.2, Avg: 0.3, Max: 0.4, Diff: 0.2, Sum: 2.6]
      [Code Root Scanning (ms): Min: 0.0, Avg: 0.0, Max: 0.0, Diff: 0.0, Sum: 0.0]
      [Object Copy (ms): Min: 26.3, Avg: 28.5, Max: 28.8, Diff: 2.5, Sum: 228.2]
      [Termination (ms): Min: 0.0, Avg: 0.0, Max: 0.0, Diff: 0.0, Sum: 0.0]
      [GC Worker Other (ms): Min: 0.0, Avg: 0.1, Max: 0.1, Diff: 0.0, Sum: 0.5]
      [GC Worker Total (ms): Min: 26.6, Avg: 29.9, Max: 30.4, Diff: 3.8, Sum: 239.0]
      [GC Worker End (ms): Min: 230249.9, Avg: 230250.0, Max: 230250.0, Diff: 0.0]
   [Code Root Fixup: 0.1 ms]
   [Code Root Migration: 0.1 ms]
   [Clear CT: 0.4 ms]
   [Other: 0.7 ms]
      [Choose CSet: 0.0 ms]
      [Ref Proc: 0.1 ms]
      [Ref Enq: 0.0 ms]
      [Free CSet: 0.6 ms]
   [Eden: 852.0M(852.0M)->0.0B(853.0M) Survivors: 70.0M->69.0M Heap: 1080.6M(1538.0M)->228.1M(1538.0M)]
 [Times: user=0.24 sys=0.00, real=0.03 secs] 
230.251: Total time for which application threads were stopped: 0.0318570 seconds, Stopping threads took: 0.0000440 seconds
230.696: Application time: 0.4448110 seconds
230.696: [GC pause (young), 0.0321370 secs]
   [Parallel Time: 30.9 ms, GC Workers: 8]
      [GC Worker Start (ms): Min: 230696.3, Avg: 230696.3, Max: 230696.3, Diff: 0.1]
      [Ext Root Scanning (ms): Min: 0.7, Avg: 0.8, Max: 0.8, Diff: 0.1, Sum: 6.3]
      [Update RS (ms): Min: 0.2, Avg: 0.3, Max: 0.4, Diff: 0.2, Sum: 2.3]
         [Processed Buffers: Min: 1, Avg: 2.1, Max: 4, Diff: 3, Sum: 17]
      [Scan RS (ms): Min: 0.2, Avg: 0.3, Max: 0.4, Diff: 0.2, Sum: 2.8]
      [Code Root Scanning (ms): Min: 0.0, Avg: 0.0, Max: 0.0, Diff: 0.0, Sum: 0.0]
      [Object Copy (ms): Min: 29.3, Avg: 29.3, Max: 29.4, Diff: 0.0, Sum: 234.8]
      [Termination (ms): Min: 0.0, Avg: 0.0, Max: 0.0, Diff: 0.0, Sum: 0.0]
      [GC Worker Other (ms): Min: 0.0, Avg: 0.1, Max: 0.1, Diff: 0.0, Sum: 0.5]
      [GC Worker Total (ms): Min: 30.8, Avg: 30.8, Max: 30.9, Diff: 0.1, Sum: 246.7]
      [GC Worker End (ms): Min: 230727.1, Avg: 230727.1, Max: 230727.1, Diff: 0.0]
   [Code Root Fixup: 0.1 ms]
   [Code Root Migration: 0.1 ms]
   [Clear CT: 0.4 ms]
   [Other: 0.7 ms]
      [Choose CSet: 0.0 ms]
      [Ref Proc: 0.1 ms]
      [Ref Enq: 0.0 ms]
      [Free CSet: 0.6 ms]
   [Eden: 853.0M(853.0M)->0.0B(852.0M) Survivors: 69.0M->70.0M Heap: 1081.1M(1538.0M)->228.6M(1538.0M)]
 [Times: user=0.25 sys=0.00, real=0.03 secs] 
230.728: Total time for which application threads were stopped: 0.0323340 seconds, Stopping threads took: 0.0000540 seconds
231.168: Application time: 0.4399340 seconds
231.169: [GC pause (young), 0.0324170 secs]
   [Parallel Time: 31.2 ms, GC Workers: 8]
      [GC Worker Start (ms): Min: 231168.5, Avg: 231168.9, Max: 231171.4, Diff: 2.9]
      [Ext Root Scanning (ms): Min: 0.0, Avg: 0.7, Max: 0.9, Diff: 0.9, Sum: 5.7]
      [Update RS (ms): Min: 0.0, Avg: 0.3, Max: 0.5, Diff: 0.5, Sum: 2.3]
         [Processed Buffers: Min: 0, Avg: 2.1, Max: 3, Diff: 3, Sum: 17]
      [Scan RS (ms): Min: 0.2, Avg: 0.3, Max: 0.4, Diff: 0.2, Sum: 2.7]
      [Code Root Scanning (ms): Min: 0.0, Avg: 0.0, Max: 0.0, Diff: 0.0, Sum: 0.0]
      [Object Copy (ms): Min: 27.9, Avg: 29.4, Max: 29.6, Diff: 1.7, Sum: 235.0]
      [Termination (ms): Min: 0.0, Avg: 0.0, Max: 0.0, Diff: 0.0, Sum: 0.0]
      [GC Worker Other (ms): Min: 0.0, Avg: 0.0, Max: 0.1, Diff: 0.0, Sum: 0.4]
      [GC Worker Total (ms): Min: 28.3, Avg: 30.8, Max: 31.2, Diff: 2.9, Sum: 246.1]
      [GC Worker End (ms): Min: 231199.7, Avg: 231199.7, Max: 231199.7, Diff: 0.0]
   [Code Root Fixup: 0.1 ms]
   [Code Root Migration: 0.1 ms]
   [Clear CT: 0.4 ms]
   [Other: 0.7 ms]
      [Choose CSet: 0.0 ms]
      [Ref Proc: 0.1 ms]
      [Ref Enq: 0.0 ms]
      [Free CSet: 0.6 ms]
   [Eden: 852.0M(852.0M)->0.0B(853.0M) Survivors: 70.0M->69.0M Heap: 1080.6M(1538.0M)->228.2M(1538.0M)]
 [Times: user=0.25 sys=0.00, real=0.03 secs] 
231.201: Total time for which application threads were stopped: 0.0326190 seconds, Stopping threads took: 0.0000470 seconds
231.638: Application time: 0.4371520 seconds
231.638: [GC pause (young), 0.0332620 secs]
   [Parallel Time: 31.9 ms, GC Workers: 8]
      [GC Worker Start (ms): Min: 231638.3, Avg: 231638.3, Max: 231638.4, Diff: 0.1]
      [Ext Root Scanning (ms): Min: 0.7, Avg: 0.8, Max: 0.8, Diff: 0.1, Sum: 6.3]
      [Update RS (ms): Min: 0.2, Avg: 0.3, Max: 0.4, Diff: 0.2, Sum: 2.4]
         [Processed Buffers: Min: 1, Avg: 2.1, Max: 3, Diff: 2, Sum: 17]
      [Scan RS (ms): Min: 0.3, Avg: 0.3, Max: 0.4, Diff: 0.2, Sum: 2.8]
      [Code Root Scanning (ms): Min: 0.0, Avg: 0.0, Max: 0.0, Diff: 0.0, Sum: 0.0]
      [Object Copy (ms): Min: 30.4, Avg: 30.4, Max: 30.4, Diff: 0.0, Sum: 243.0]
      [Termination (ms): Min: 0.0, Avg: 0.0, Max: 0.0, Diff: 0.0, Sum: 0.0]
      [GC Worker Other (ms): Min: 0.0, Avg: 0.1, Max: 0.1, Diff: 0.0, Sum: 0.5]
      [GC Worker Total (ms): Min: 31.9, Avg: 31.9, Max: 31.9, Diff: 0.1, Sum: 255.1]
      [GC Worker End (ms): Min: 231670.2, Avg: 231670.2, Max: 231670.2, Diff: 0.0]
   [Code Root Fixup: 0.0 ms]
   [Code Root Migration: 0.1 ms]
   [Clear CT: 0.4 ms]
   [Other: 0.8 ms]
      [Choose CSet: 0.0 ms]
      [Ref Proc: 0.1 ms]
      [Ref Enq: 0.0 ms]
      [Free CSet: 0.6 ms]
   [Eden: 853.0M(853.0M)->0.0B(850.0M) Survivors: 69.0M->72.0M Heap: 1081.2M(1538.0M)->230.7M(1538.0M)]
 [Times: user=0.26 sys=0.00, real=0.04 secs] 
231.672: Total time for which application threads were stopped: 0.0334480 seconds, Stopping threads took: 0.0000500 seconds
232.109: Application time: 0.4371640 seconds
232.109: [GC pause (young), 0.0333150 secs]
   [Parallel Time: 32.0 ms, GC Workers: 8]
      [GC Worker Start (ms): Min: 232108.9, Avg: 232108.9, Max: 232109.0, Diff: 0.1]
      [Ext Root Scanning (ms): Min: 0.7, Avg: 0.7, Max: 0.8, Diff: 0.1, Sum: 5.9]
      [Update RS (ms): Min: 0.2, Avg: 0.3, Max: 0.4, Diff: 0.2, Sum: 2.4]
         [Processed Buffers: Min: 1, Avg: 2.1, Max: 3, Diff: 2, Sum: 17]
      [Scan RS (ms): Min: 0.2, Avg: 0.4, Max: 0.4, Diff: 0.2, Sum: 2.9]
      [Code Root Scanning (ms): Min: 0.0, Avg: 0.0, Max: 0.0, Diff: 0.0, Sum: 0.0]
      [Object Copy (ms): Min: 30.5, Avg: 30.5, Max: 30.6, Diff: 0.1, Sum: 244.1]
      [Termination (ms): Min: 0.0, Avg: 0.0, Max: 0.0, Diff: 0.0, Sum: 0.0]
      [GC Worker Other (ms): Min: 0.0, Avg: 0.1, Max: 0.1, Diff: 0.0, Sum: 0.4]
      [GC Worker Total (ms): Min: 31.9, Avg: 32.0, Max: 32.0, Diff: 0.1, Sum: 255.9]
      [GC Worker End (ms): Min: 232140.9, Avg: 232140.9, Max: 232140.9, Diff: 0.0]
   [Code Root Fixup: 0.0 ms]
   [Code Root Migration: 0.1 ms]
   [Clear CT: 0.4 ms]
   [Other: 0.7 ms]
      [Choose CSet: 0.0 ms]
      [Ref Proc: 0.1 ms]
      [Ref Enq: 0.0 ms]
      [Free CSet: 0.6 ms]
   [Eden: 850.0M(850.0M)->0.0B(851.0M) Survivors: 72.0M->71.0M Heap: 1080.7M(1538.0M)->230.2M(1538.0M)]
 [Times: user=0.26 sys=0.00, real=0.03 secs] 
232.142: Total time for which application threads were stopped: 0.0335030 seconds, Stopping threads took: 0.0000280 seconds
232.579: Application time: 0.4370300 seconds
232.579: [GC pause (young), 0.0334670 secs]
   [Parallel Time: 32.2 ms, GC Workers: 8]
      [GC Worker Start (ms): Min: 232579.4, Avg: 232579.5, Max: 232579.5, Diff: 0.1]
      [Ext Root Scanning (ms): Min: 0.7, Avg: 0.8, Max: 0.8, Diff: 0.1, Sum: 6.0]
      [Update RS (ms): Min: 0.2, Avg: 0.3, Max: 0.4, Diff: 0.2, Sum: 2.4]
         [Processed Buffers: Min: 1, Avg: 2.1, Max: 3, Diff: 2, Sum: 17]
      [Scan RS (ms): Min: 0.3, Avg: 0.4, Max: 0.4, Diff: 0.2, Sum: 3.0]
      [Code Root Scanning (ms): Min: 0.0, Avg: 0.0, Max: 0.0, Diff: 0.0, Sum: 0.0]
      [Object Copy (ms): Min: 30.7, Avg: 30.7, Max: 30.7, Diff: 0.1, Sum: 245.6]
      [Termination (ms): Min: 0.0, Avg: 0.0, Max: 0.0, Diff: 0.0, Sum: 0.0]
      [GC Worker Other (ms): Min: 0.0, Avg: 0.0, Max: 0.1, Diff: 0.0, Sum: 0.4]
      [GC Worker Total (ms): Min: 32.1, Avg: 32.2, Max: 32.2, Diff: 0.1, Sum: 257.4]
      [GC Worker End (ms): Min: 232611.6, Avg: 232611.6, Max: 232611.7, Diff: 0.0]
   [Code Root Fixup: 0.0 ms]
   [Code Root Migration: 0.1 ms]
   [Clear CT: 0.4 ms]
   [Other: 0.7 ms]
      [Choose CSet: 0.0 ms]
      [Ref Proc: 0.1 ms]
      [Ref Enq: 0.0 ms]
      [Free CSet: 0.6 ms]
   [Eden: 851.0M(851.0M)->0.0B(850.0M) Survivors: 71.0M->72.0M Heap: 1081.2M(1538.0M)->231.2M(1538.0M)]
 [Times: user=0.26 sys=0.00, real=0.04 secs] 
232.613: Total time for which application threads were stopped: 0.0336330 seconds, Stopping threads took: 0.0000280 seconds
233.052: Application time: 0.4392600 seconds
233.055: [GC pause (young), 0.0313470 secs]
   [Parallel Time: 30.0 ms, GC Workers: 8]
      [GC Worker Start (ms): Min: 233055.5, Avg: 233057.5, Max: 233063.4, Diff: 7.9]
      [Ext Root Scanning (ms): Min: 0.0, Avg: 0.5, Max: 0.9, Diff: 0.9, Sum: 4.1]
      [Update RS (ms): Min: 0.0, Avg: 0.2, Max: 0.5, Diff: 0.5, Sum: 1.9]
         [Processed Buffers: Min: 0, Avg: 2.1, Max: 5, Diff: 5, Sum: 17]
      [Scan RS (ms): Min: 0.1, Avg: 0.3, Max: 0.4, Diff: 0.3, Sum: 2.3]
      [Code Root Scanning (ms): Min: 0.0, Avg: 0.0, Max: 0.0, Diff: 0.0, Sum: 0.0]
      [Object Copy (ms): Min: 21.8, Avg: 26.9, Max: 28.3, Diff: 6.6, Sum: 214.9]
      [Termination (ms): Min: 0.0, Avg: 0.0, Max: 0.0, Diff: 0.0, Sum: 0.0]
      [GC Worker Other (ms): Min: 0.0, Avg: 0.1, Max: 0.1, Diff: 0.0, Sum: 0.5]
      [GC Worker Total (ms): Min: 22.1, Avg: 28.0, Max: 30.0, Diff: 7.9, Sum: 223.7]
      [GC Worker End (ms): Min: 233085.5, Avg: 233085.5, Max: 233085.5, Diff: 0.1]
   [Code Root Fixup: 0.1 ms]
   [Code Root Migration: 0.1 ms]
   [Clear CT: 0.4 ms]
   [Other: 0.8 ms]
      [Choose CSet: 0.0 ms]
      [Ref Proc: 0.1 ms]
      [Ref Enq: 0.0 ms]
      [Free CSet: 0.6 ms]
   [Eden: 850.0M(850.0M)->0.0B(854.0M) Survivors: 72.0M->68.0M Heap: 1081.2M(1538.0M)->226.7M(1538.0M)]
 [Times: user=0.23 sys=0.00, real=0.03 secs] 
233.087: Total time for which application threads were stopped: 0.0347220 seconds, Stopping threads took: 0.0031800 seconds
233.531: Application time: 0.4437090 seconds
233.531: [GC pause (young), 0.0308150 secs]
   [Parallel Time: 29.6 ms, GC Workers: 8]
      [GC Worker Start (ms): Min: 233530.8, Avg: 233530.8, Max: 233530.8, Diff: 0.1]
      [Ext Root Scanning (ms): Min: 0.8, Avg: 0.8, Max: 0.8, Diff: 0.1, Sum: 6.3]
      [Update RS (ms): Min: 0.2, Avg: 0.3, Max: 0.5, Diff: 0.3, Sum: 2.3]
         [Processed Buffers: Min: 1, Avg: 2.1, Max: 3, Diff: 2, Sum: 17]
      [Scan RS (ms): Min: 0.2, Avg: 0.4, Max: 0.4, Diff: 0.2, Sum: 2.8]
      [Code Root Scanning (ms): Min: 0.0, Avg: 0.0, Max: 0.0, Diff: 0.0, Sum: 0.0]
      [Object Copy (ms): Min: 28.0, Avg: 28.1, Max: 28.1, Diff: 0.0, Sum: 224.4]
      [Termination (ms): Min: 0.0, Avg: 0.0, Max: 0.0, Diff: 0.0, Sum: 0.0]
      [GC Worker Other (ms): Min: 0.0, Avg: 0.0, Max: 0.1, Diff: 0.0, Sum: 0.3]
      [GC Worker Total (ms): Min: 29.5, Avg: 29.5, Max: 29.6, Diff: 0.1, Sum: 236.3]
      [GC Worker End (ms): Min: 233560.3, Avg: 233560.3, Max: 233560.3, Diff: 0.0]
   [Code Root Fixup: 0.0 ms]
   [Code Root Migration: 0.1 ms]
   [Clear CT: 0.4 ms]
   [Other: 0.7 ms]
      [Choose CSet: 0.0 ms]
      [Ref Proc: 0.1 ms]
      [Ref Enq: 0.0 ms]
      [Free CSet: 0.5 ms]
   [Eden: 854.0M(854.0M)->0.0B(855.0M) Survivors: 68.0M->67.0M Heap: 1080.7M(1538.0M)->226.2M(1538.0M)]
 [Times: user=0.24 sys=0.00, real=0.03 secs] 
233.562: Total time for which application threads were stopped: 0.0310140 seconds, Stopping threads took: 0.0000450 seconds
234.027: Application time: 0.4657560 seconds
234.028: [GC pause (young), 0.0334460 secs]
   [Parallel Time: 32.2 ms, GC Workers: 8]
      [GC Worker Start (ms): Min: 234027.6, Avg: 234027.6, Max: 234027.6, Diff: 0.1]
      [Ext Root Scanning (ms): Min: 0.7, Avg: 3.6, Max: 20.1, Diff: 19.4, Sum: 28.5]
      [Update RS (ms): Min: 0.0, Avg: 0.3, Max: 0.6, Diff: 0.6, Sum: 2.2]
         [Processed Buffers: Min: 0, Avg: 2.1, Max: 3, Diff: 3, Sum: 17]
      [Scan RS (ms): Min: 0.1, Avg: 0.3, Max: 0.4, Diff: 0.3, Sum: 2.5]
      [Code Root Scanning (ms): Min: 0.0, Avg: 0.0, Max: 0.0, Diff: 0.0, Sum: 0.0]
      [Object Copy (ms): Min: 11.7, Avg: 27.9, Max: 30.6, Diff: 18.9, Sum: 223.0]
      [Termination (ms): Min: 0.0, Avg: 0.1, Max: 0.1, Diff: 0.1, Sum: 0.5]
      [GC Worker Other (ms): Min: 0.0, Avg: 0.0, Max: 0.1, Diff: 0.1, Sum: 0.4]
      [GC Worker Total (ms): Min: 32.1, Avg: 32.1, Max: 32.2, Diff: 0.1, Sum: 257.0]
      [GC Worker End (ms): Min: 234059.7, Avg: 234059.7, Max: 234059.7, Diff: 0.1]
   [Code Root Fixup: 0.0 ms]
   [Code Root Migration: 0.1 ms]
   [Clear CT: 0.4 ms]
   [Other: 0.7 ms]
      [Choose CSet: 0.0 ms]
      [Ref Proc: 0.1 ms]
      [Ref Enq: 0.0 ms]
      [Free CSet: 0.6 ms]
   [Eden: 855.0M(855.0M)->0.0B(852.0M) Survivors: 67.0M->70.0M Heap: 1081.2M(1538.0M)->229.2M(1538.0M)]
 [Times: user=0.22 sys=0.00, real=0.03 secs] 
234.061: Total time for which application threads were stopped: 0.0336370 seconds, Stopping threads took: 0.0000450 seconds
234.506: Application time: 0.4453940 seconds
234.507: [GC pause (young), 0.0333300 secs]
   [Parallel Time: 32.1 ms, GC Workers: 8]
      [GC Worker Start (ms): Min: 234506.6, Avg: 234506.6, Max: 234506.7, Diff: 0.1]
      [Ext Root Scanning (ms): Min: 0.6, Avg: 0.7, Max: 0.8, Diff: 0.2, Sum: 6.0]
      [Update RS (ms): Min: 0.2, Avg: 0.3, Max: 0.4, Diff: 0.2, Sum: 2.4]
         [Processed Buffers: Min: 1, Avg: 2.1, Max: 3, Diff: 2, Sum: 17]
      [Scan RS (ms): Min: 0.2, Avg: 0.4, Max: 0.4, Diff: 0.2, Sum: 2.9]
      [Code Root Scanning (ms): Min: 0.0, Avg: 0.0, Max: 0.0, Diff: 0.0, Sum: 0.0]
      [Object Copy (ms): Min: 30.5, Avg: 30.5, Max: 30.6, Diff: 0.1, Sum: 244.2]
      [Termination (ms): Min: 0.0, Avg: 0.0, Max: 0.0, Diff: 0.0, Sum: 0.0]
      [GC Worker Other (ms): Min: 0.0, Avg: 0.1, Max: 0.1, Diff: 0.0, Sum: 0.4]
      [GC Worker Total (ms): Min: 32.0, Avg: 32.0, Max: 32.0, Diff: 0.1, Sum: 256.0]
      [GC Worker End (ms): Min: 234538.6, Avg: 234538.6, Max: 234538.6, Diff: 0.0]
   [Code Root Fixup: 0.0 ms]
   [Code Root Migration: 0.1 ms]
   [Clear CT: 0.4 ms]
   [Other: 0.7 ms]
      [Choose CSet: 0.0 ms]
      [Ref Proc: 0.1 ms]
      [Ref Enq: 0.0 ms]
      [Free CSet: 0.6 ms]
   [Eden: 852.0M(852.0M)->0.0B(852.0M) Survivors: 70.0M->70.0M Heap: 1081.2M(1538.0M)->229.2M(1538.0M)]
 [Times: user=0.26 sys=0.00, real=0.03 secs] 
234.540: Total time for which application threads were stopped: 0.0335280 seconds, Stopping threads took: 0.0000530 seconds
234.985: Application time: 0.4453930 seconds
234.985: [GC pause (young), 0.0323850 secs]
   [Parallel Time: 31.1 ms, GC Workers: 8]
      [GC Worker Start (ms): Min: 234985.5, Avg: 234985.6, Max: 234985.6, Diff: 0.1]
      [Ext Root Scanning (ms): Min: 0.6, Avg: 0.7, Max: 0.8, Diff: 0.2, Sum: 6.0]
      [Update RS (ms): Min: 0.2, Avg: 0.3, Max: 0.4, Diff: 0.2, Sum: 2.3]
         [Processed Buffers: Min: 1, Avg: 2.1, Max: 3, Diff: 2, Sum: 17]
      [Scan RS (ms): Min: 0.2, Avg: 0.3, Max: 0.4, Diff: 0.2, Sum: 2.7]
      [Code Root Scanning (ms): Min: 0.0, Avg: 0.0, Max: 0.0, Diff: 0.0, Sum: 0.0]
      [Object Copy (ms): Min: 29.6, Avg: 29.6, Max: 29.6, Diff: 0.0, Sum: 237.0]
      [Termination (ms): Min: 0.0, Avg: 0.0, Max: 0.0, Diff: 0.0, Sum: 0.0]
      [GC Worker Other (ms): Min: 0.0, Avg: 0.0, Max: 0.1, Diff: 0.0, Sum: 0.4]
      [GC Worker Total (ms): Min: 31.0, Avg: 31.1, Max: 31.1, Diff: 0.1, Sum: 248.5]
      [GC Worker End (ms): Min: 235016.6, Avg: 235016.6, Max: 235016.6, Diff: 0.0]
   [Code Root Fixup: 0.0 ms]
   [Code Root Migration: 0.1 ms]
   [Clear CT: 0.4 ms]
   [Other: 0.8 ms]
      [Choose CSet: 0.0 ms]
      [Ref Proc: 0.1 ms]
      [Ref Enq: 0.0 ms]
      [Free CSet: 0.6 ms]
   [Eden: 852.0M(852.0M)->0.0B(853.0M) Survivors: 70.0M->69.0M Heap: 1081.2M(1538.0M)->227.7M(1538.0M)]
 [Times: user=0.25 sys=0.00, real=0.03 secs] 
235.018: Total time for which application threads were stopped: 0.0325870 seconds, Stopping threads took: 0.0000610 seconds
235.464: Application time: 0.4464020 seconds
235.464: [GC pause (young), 0.0324960 secs]
   [Parallel Time: 31.3 ms, GC Workers: 8]
      [GC Worker Start (ms): Min: 235464.5, Avg: 235464.5, Max: 235464.6, Diff: 0.1]
      [Ext Root Scanning (ms): Min: 0.7, Avg: 0.8, Max: 0.8, Diff: 0.1, Sum: 6.3]
      [Update RS (ms): Min: 0.2, Avg: 0.3, Max: 0.4, Diff: 0.2, Sum: 2.4]
         [Processed Buffers: Min: 1, Avg: 2.1, Max: 3, Diff: 2, Sum: 17]
      [Scan RS (ms): Min: 0.2, Avg: 0.3, Max: 0.4, Diff: 0.2, Sum: 2.7]
      [Code Root Scanning (ms): Min: 0.0, Avg: 0.0, Max: 0.0, Diff: 0.0, Sum: 0.0]
      [Object Copy (ms): Min: 29.7, Avg: 29.7, Max: 29.7, Diff: 0.0, Sum: 237.7]
      [Termination (ms): Min: 0.0, Avg: 0.0, Max: 0.0, Diff: 0.0, Sum: 0.0]
      [GC Worker Other (ms): Min: 0.0, Avg: 0.1, Max: 0.1, Diff: 0.0, Sum: 0.4]
      [GC Worker Total (ms): Min: 31.2, Avg: 31.2, Max: 31.2, Diff: 0.0, Sum: 249.6]
      [GC Worker End (ms): Min: 235495.7, Avg: 235495.7, Max: 235495.8, Diff: 0.0]
   [Code Root Fixup: 0.0 ms]
   [Code Root Migration: 0.1 ms]
   [Clear CT: 0.4 ms]
   [Other: 0.7 ms]
      [Choose CSet: 0.0 ms]
      [Ref Proc: 0.1 ms]
      [Ref Enq: 0.0 ms]
      [Free CSet: 0.6 ms]
   [Eden: 853.0M(853.0M)->0.0B(852.0M) Survivors: 69.0M->70.0M Heap: 1080.7M(1538.0M)->228.8M(1538.0M)]
 [Times: user=0.25 sys=0.00, real=0.03 secs] 
235.497: Total time for which application threads were stopped: 0.0326870 seconds, Stopping threads took: 0.0000560 seconds
235.941: Application time: 0.4439660 seconds
235.941: [GC pause (young), 0.0321810 secs]
   [Parallel Time: 31.0 ms, GC Workers: 8]
      [GC Worker Start (ms): Min: 235941.2, Avg: 235941.2, Max: 235941.2, Diff: 0.1]
      [Ext Root Scanning (ms): Min: 0.8, Avg: 0.8, Max: 0.8, Diff: 0.1, Sum: 6.3]
      [Update RS (ms): Min: 0.2, Avg: 0.3, Max: 0.4, Diff: 0.2, Sum: 2.4]
         [Processed Buffers: Min: 1, Avg: 2.1, Max: 3, Diff: 2, Sum: 17]
      [Scan RS (ms): Min: 0.2, Avg: 0.3, Max: 0.4, Diff: 0.2, Sum: 2.7]
      [Code Root Scanning (ms): Min: 0.0, Avg: 0.0, Max: 0.0, Diff: 0.0, Sum: 0.0]
      [Object Copy (ms): Min: 29.4, Avg: 29.4, Max: 29.4, Diff: 0.0, Sum: 235.4]
      [Termination (ms): Min: 0.0, Avg: 0.0, Max: 0.0, Diff: 0.0, Sum: 0.0]
      [GC Worker Other (ms): Min: 0.0, Avg: 0.0, Max: 0.1, Diff: 0.0, Sum: 0.4]
      [GC Worker Total (ms): Min: 30.9, Avg: 30.9, Max: 30.9, Diff: 0.1, Sum: 247.2]
      [GC Worker End (ms): Min: 235972.1, Avg: 235972.1, Max: 235972.1, Diff: 0.0]
   [Code Root Fixup: 0.0 ms]
   [Code Root Migration: 0.1 ms]
   [Clear CT: 0.4 ms]
   [Other: 0.7 ms]
      [Choose CSet: 0.0 ms]
      [Ref Proc: 0.1 ms]
      [Ref Enq: 0.0 ms]
      [Free CSet: 0.6 ms]
   [Eden: 852.0M(852.0M)->0.0B(853.0M) Survivors: 70.0M->69.0M Heap: 1080.8M(1538.0M)->228.3M(1538.0M)]
 [Times: user=0.25 sys=0.00, real=0.04 secs] 
235.973: Total time for which application threads were stopped: 0.0323700 seconds, Stopping threads took: 0.0000310 seconds
236.413: Application time: 0.4397150 seconds
236.413: [GC pause (young), 0.0339180 secs]
   [Parallel Time: 32.6 ms, GC Workers: 8]
      [GC Worker Start (ms): Min: 236413.2, Avg: 236413.3, Max: 236413.3, Diff: 0.1]
      [Ext Root Scanning (ms): Min: 0.7, Avg: 0.8, Max: 0.8, Diff: 0.1, Sum: 6.4]
      [Update RS (ms): Min: 0.2, Avg: 0.3, Max: 0.4, Diff: 0.3, Sum: 2.4]
         [Processed Buffers: Min: 1, Avg: 2.1, Max: 3, Diff: 2, Sum: 17]
      [Scan RS (ms): Min: 0.2, Avg: 0.4, Max: 0.4, Diff: 0.3, Sum: 2.8]
      [Code Root Scanning (ms): Min: 0.0, Avg: 0.0, Max: 0.0, Diff: 0.0, Sum: 0.0]
      [Object Copy (ms): Min: 31.0, Avg: 31.0, Max: 31.1, Diff: 0.0, Sum: 248.4]
      [Termination (ms): Min: 0.0, Avg: 0.0, Max: 0.0, Diff: 0.0, Sum: 0.0]
      [GC Worker Other (ms): Min: 0.0, Avg: 0.1, Max: 0.1, Diff: 0.0, Sum: 0.4]
      [GC Worker Total (ms): Min: 32.5, Avg: 32.6, Max: 32.6, Diff: 0.1, Sum: 260.5]
      [GC Worker End (ms): Min: 236445.8, Avg: 236445.8, Max: 236445.8, Diff: 0.0]
   [Code Root Fixup: 0.0 ms]
   [Code Root Migration: 0.1 ms]
   [Clear CT: 0.4 ms]
   [Other: 0.8 ms]
      [Choose CSet: 0.0 ms]
      [Ref Proc: 0.1 ms]
      [Ref Enq: 0.0 ms]
      [Free CSet: 0.6 ms]
   [Eden: 853.0M(853.0M)->0.0B(848.0M) Survivors: 69.0M->74.0M Heap: 1081.3M(1538.0M)->232.8M(1538.0M)]
 [Times: user=0.27 sys=0.00, real=0.03 secs] 
236.447: Total time for which application threads were stopped: 0.0340810 seconds, Stopping threads took: 0.0000280 seconds
236.885: Application time: 0.4380960 seconds
236.885: [GC pause (young), 0.0324770 secs]
   [Parallel Time: 31.3 ms, GC Workers: 8]
      [GC Worker Start (ms): Min: 236885.4, Avg: 236886.2, Max: 236891.4, Diff: 6.0]
      [Ext Root Scanning (ms): Min: 0.0, Avg: 0.7, Max: 0.9, Diff: 0.9, Sum: 5.5]
      [Update RS (ms): Min: 0.0, Avg: 0.3, Max: 0.4, Diff: 0.4, Sum: 2.2]
         [Processed Buffers: Min: 0, Avg: 2.1, Max: 3, Diff: 3, Sum: 17]
      [Scan RS (ms): Min: 0.2, Avg: 0.3, Max: 0.4, Diff: 0.2, Sum: 2.7]
      [Code Root Scanning (ms): Min: 0.0, Avg: 0.0, Max: 0.0, Diff: 0.0, Sum: 0.0]
      [Object Copy (ms): Min: 25.0, Avg: 29.1, Max: 29.7, Diff: 4.8, Sum: 232.8]
      [Termination (ms): Min: 0.0, Avg: 0.0, Max: 0.0, Diff: 0.0, Sum: 0.0]
      [GC Worker Other (ms): Min: 0.0, Avg: 0.1, Max: 0.1, Diff: 0.0, Sum: 0.4]
      [GC Worker Total (ms): Min: 25.3, Avg: 30.5, Max: 31.2, Diff: 6.0, Sum: 243.7]
      [GC Worker End (ms): Min: 236916.7, Avg: 236916.7, Max: 236916.7, Diff: 0.0]
   [Code Root Fixup: 0.0 ms]
   [Code Root Migration: 0.1 ms]
   [Clear CT: 0.4 ms]
   [Other: 0.7 ms]
      [Choose CSet: 0.0 ms]
      [Ref Proc: 0.1 ms]
      [Ref Enq: 0.0 ms]
      [Free CSet: 0.6 ms]
   [Eden: 848.0M(848.0M)->0.0B(852.0M) Survivors: 74.0M->70.0M Heap: 1080.8M(1538.0M)->228.8M(1538.0M)]
 [Times: user=0.24 sys=0.00, real=0.03 secs] 
236.918: Total time for which application threads were stopped: 0.0326880 seconds, Stopping threads took: 0.0000590 seconds
237.357: Application time: 0.4388190 seconds
237.357: [GC pause (young), 0.0331260 secs]
   [Parallel Time: 31.8 ms, GC Workers: 8]
      [GC Worker Start (ms): Min: 237356.9, Avg: 237357.0, Max: 237357.0, Diff: 0.1]
      [Ext Root Scanning (ms): Min: 0.7, Avg: 0.8, Max: 0.8, Diff: 0.1, Sum: 6.4]
      [Update RS (ms): Min: 0.2, Avg: 0.3, Max: 0.5, Diff: 0.3, Sum: 2.4]
         [Processed Buffers: Min: 1, Avg: 2.2, Max: 4, Diff: 3, Sum: 18]
      [Scan RS (ms): Min: 0.2, Avg: 0.4, Max: 0.4, Diff: 0.2, Sum: 2.8]
      [Code Root Scanning (ms): Min: 0.0, Avg: 0.0, Max: 0.0, Diff: 0.0, Sum: 0.0]
      [Object Copy (ms): Min: 30.2, Avg: 30.3, Max: 30.3, Diff: 0.0, Sum: 242.0]
      [Termination (ms): Min: 0.0, Avg: 0.0, Max: 0.0, Diff: 0.0, Sum: 0.0]
      [GC Worker Other (ms): Min: 0.0, Avg: 0.0, Max: 0.1, Diff: 0.0, Sum: 0.4]
      [GC Worker Total (ms): Min: 31.7, Avg: 31.7, Max: 31.8, Diff: 0.0, Sum: 254.0]
      [GC Worker End (ms): Min: 237388.7, Avg: 237388.7, Max: 237388.7, Diff: 0.0]
   [Code Root Fixup: 0.1 ms]
   [Code Root Migration: 0.1 ms]
   [Clear CT: 0.4 ms]
   [Other: 0.8 ms]
      [Choose CSet: 0.0 ms]
      [Ref Proc: 0.1 ms]
      [Ref Enq: 0.0 ms]
      [Free CSet: 0.6 ms]
   [Eden: 852.0M(852.0M)->0.0B(850.0M) Survivors: 70.0M->72.0M Heap: 1080.8M(1538.0M)->230.8M(1538.0M)]
 [Times: user=0.26 sys=0.00, real=0.03 secs] 
237.390: Total time for which application threads were stopped: 0.0333230 seconds, Stopping threads took: 0.0000500 seconds
237.827: Application time: 0.4372190 seconds
237.827: [GC pause (young), 0.0311630 secs]
   [Parallel Time: 29.9 ms, GC Workers: 8]
      [GC Worker Start (ms): Min: 237827.5, Avg: 237827.5, Max: 237827.6, Diff: 0.1]
      [Ext Root Scanning (ms): Min: 0.7, Avg: 0.8, Max: 0.8, Diff: 0.1, Sum: 6.3]
      [Update RS (ms): Min: 0.2, Avg: 0.3, Max: 0.5, Diff: 0.3, Sum: 2.4]
         [Processed Buffers: Min: 1, Avg: 2.1, Max: 3, Diff: 2, Sum: 17]
      [Scan RS (ms): Min: 0.2, Avg: 0.3, Max: 0.4, Diff: 0.2, Sum: 2.8]
      [Code Root Scanning (ms): Min: 0.0, Avg: 0.0, Max: 0.0, Diff: 0.0, Sum: 0.0]
      [Object Copy (ms): Min: 28.4, Avg: 28.4, Max: 28.4, Diff: 0.0, Sum: 227.0]
      [Termination (ms): Min: 0.0, Avg: 0.0, Max: 0.0, Diff: 0.0, Sum: 0.0]
      [GC Worker Other (ms): Min: 0.0, Avg: 0.0, Max: 0.1, Diff: 0.0, Sum: 0.4]
      [GC Worker Total (ms): Min: 29.8, Avg: 29.9, Max: 29.9, Diff: 0.1, Sum: 238.9]
      [GC Worker End (ms): Min: 237857.4, Avg: 237857.4, Max: 237857.4, Diff: 0.0]
   [Code Root Fixup: 0.0 ms]
   [Code Root Migration: 0.1 ms]
   [Clear CT: 0.4 ms]
   [Other: 0.7 ms]
      [Choose CSet: 0.0 ms]
      [Ref Proc: 0.1 ms]
      [Ref Enq: 0.0 ms]
      [Free CSet: 0.6 ms]
   [Eden: 850.0M(850.0M)->0.0B(855.0M) Survivors: 72.0M->67.0M Heap: 1080.8M(1538.0M)->225.8M(1538.0M)]
 [Times: user=0.24 sys=0.00, real=0.03 secs] 
237.859: Total time for which application threads were stopped: 0.0313520 seconds, Stopping threads took: 0.0000440 seconds
238.302: Application time: 0.4431620 seconds
238.302: [GC pause (young), 0.0340400 secs]
   [Parallel Time: 32.7 ms, GC Workers: 8]
      [GC Worker Start (ms): Min: 238302.0, Avg: 238302.0, Max: 238302.1, Diff: 0.1]
      [Ext Root Scanning (ms): Min: 0.7, Avg: 0.8, Max: 0.8, Diff: 0.1, Sum: 6.1]
      [Update RS (ms): Min: 0.2, Avg: 0.3, Max: 0.5, Diff: 0.2, Sum: 2.4]
         [Processed Buffers: Min: 1, Avg: 2.1, Max: 4, Diff: 3, Sum: 17]
      [Scan RS (ms): Min: 0.2, Avg: 0.4, Max: 0.4, Diff: 0.2, Sum: 2.8]
      [Code Root Scanning (ms): Min: 0.0, Avg: 0.0, Max: 0.0, Diff: 0.0, Sum: 0.0]
      [Object Copy (ms): Min: 31.2, Avg: 31.2, Max: 31.2, Diff: 0.1, Sum: 249.4]
      [Termination (ms): Min: 0.0, Avg: 0.0, Max: 0.0, Diff: 0.0, Sum: 0.0]
      [GC Worker Other (ms): Min: 0.0, Avg: 0.1, Max: 0.1, Diff: 0.0, Sum: 0.5]
      [GC Worker Total (ms): Min: 32.6, Avg: 32.7, Max: 32.7, Diff: 0.1, Sum: 261.3]
      [GC Worker End (ms): Min: 238334.7, Avg: 238334.7, Max: 238334.7, Diff: 0.0]
   [Code Root Fixup: 0.0 ms]
   [Code Root Migration: 0.1 ms]
   [Clear CT: 0.4 ms]
   [Other: 0.8 ms]
      [Choose CSet: 0.0 ms]
      [Ref Proc: 0.1 ms]
      [Ref Enq: 0.0 ms]
      [Free CSet: 0.6 ms]
   [Eden: 855.0M(855.0M)->0.0B(849.0M) Survivors: 67.0M->73.0M Heap: 1080.8M(1538.0M)->232.3M(1538.0M)]
 [Times: user=0.27 sys=0.00, real=0.04 secs] 
238.336: Total time for which application threads were stopped: 0.0342320 seconds, Stopping threads took: 0.0000530 seconds
238.780: Application time: 0.4436450 seconds
238.780: [GC pause (young), 0.0324650 secs]
   [Parallel Time: 31.2 ms, GC Workers: 8]
      [GC Worker Start (ms): Min: 238779.9, Avg: 238779.9, Max: 238780.0, Diff: 0.1]
      [Ext Root Scanning (ms): Min: 0.7, Avg: 0.8, Max: 0.8, Diff: 0.1, Sum: 6.2]
      [Update RS (ms): Min: 0.2, Avg: 0.3, Max: 0.5, Diff: 0.3, Sum: 2.4]
         [Processed Buffers: Min: 1, Avg: 2.2, Max: 3, Diff: 2, Sum: 18]
      [Scan RS (ms): Min: 0.2, Avg: 0.4, Max: 0.4, Diff: 0.2, Sum: 2.9]
      [Code Root Scanning (ms): Min: 0.0, Avg: 0.0, Max: 0.0, Diff: 0.0, Sum: 0.0]
      [Object Copy (ms): Min: 29.6, Avg: 29.6, Max: 29.7, Diff: 0.0, Sum: 237.1]
      [Termination (ms): Min: 0.0, Avg: 0.0, Max: 0.0, Diff: 0.0, Sum: 0.0]
      [GC Worker Other (ms): Min: 0.0, Avg: 0.1, Max: 0.1, Diff: 0.0, Sum: 0.4]
      [GC Worker Total (ms): Min: 31.1, Avg: 31.1, Max: 31.2, Diff: 0.1, Sum: 249.0]
      [GC Worker End (ms): Min: 238811.0, Avg: 238811.1, Max: 238811.1, Diff: 0.0]
   [Code Root Fixup: 0.1 ms]
   [Code Root Migration: 0.1 ms]
   [Clear CT: 0.4 ms]
   [Other: 0.7 ms]
      [Choose CSet: 0.0 ms]
      [Ref Proc: 0.1 ms]
      [Ref Enq: 0.0 ms]
      [Free CSet: 0.6 ms]
   [Eden: 849.0M(849.0M)->0.0B(853.0M) Survivors: 73.0M->69.0M Heap: 1081.3M(1538.0M)->228.3M(1538.0M)]
 [Times: user=0.25 sys=0.00, real=0.04 secs] 
238.812: Total time for which application threads were stopped: 0.0326660 seconds, Stopping threads took: 0.0000490 seconds
239.263: Application time: 0.4510180 seconds
239.264: [GC pause (young), 0.0327600 secs]
   [Parallel Time: 31.5 ms, GC Workers: 8]
      [GC Worker Start (ms): Min: 239263.6, Avg: 239263.6, Max: 239263.6, Diff: 0.1]
      [Ext Root Scanning (ms): Min: 0.7, Avg: 0.8, Max: 0.8, Diff: 0.1, Sum: 6.1]
      [Update RS (ms): Min: 0.2, Avg: 0.3, Max: 0.5, Diff: 0.3, Sum: 2.3]
         [Processed Buffers: Min: 1, Avg: 2.2, Max: 4, Diff: 3, Sum: 18]
      [Scan RS (ms): Min: 0.2, Avg: 0.4, Max: 0.4, Diff: 0.2, Sum: 3.0]
      [Code Root Scanning (ms): Min: 0.0, Avg: 0.0, Max: 0.0, Diff: 0.0, Sum: 0.0]
      [Object Copy (ms): Min: 29.9, Avg: 30.0, Max: 30.0, Diff: 0.1, Sum: 239.6]
      [Termination (ms): Min: 0.0, Avg: 0.0, Max: 0.0, Diff: 0.0, Sum: 0.0]
      [GC Worker Other (ms): Min: 0.0, Avg: 0.1, Max: 0.1, Diff: 0.0, Sum: 0.5]
      [GC Worker Total (ms): Min: 31.4, Avg: 31.4, Max: 31.5, Diff: 0.1, Sum: 251.5]
      [GC Worker End (ms): Min: 239295.0, Avg: 239295.0, Max: 239295.1, Diff: 0.0]
   [Code Root Fixup: 0.0 ms]
   [Code Root Migration: 0.1 ms]
   [Clear CT: 0.4 ms]
   [Other: 0.7 ms]
      [Choose CSet: 0.0 ms]
      [Ref Proc: 0.1 ms]
      [Ref Enq: 0.0 ms]
      [Free CSet: 0.6 ms]
   [Eden: 853.0M(853.0M)->0.0B(853.0M) Survivors: 69.0M->69.0M Heap: 1081.3M(1538.0M)->228.3M(1538.0M)]
 [Times: user=0.26 sys=0.00, real=0.03 secs] 
239.296: Total time for which application threads were stopped: 0.0329440 seconds, Stopping threads took: 0.0000480 seconds
239.742: Application time: 0.4453340 seconds
239.742: [GC pause (young), 0.0320920 secs]
   [Parallel Time: 30.9 ms, GC Workers: 8]
      [GC Worker Start (ms): Min: 239741.9, Avg: 239741.9, Max: 239741.9, Diff: 0.1]
      [Ext Root Scanning (ms): Min: 0.7, Avg: 0.8, Max: 0.8, Diff: 0.1, Sum: 6.3]
      [Update RS (ms): Min: 0.2, Avg: 0.3, Max: 0.5, Diff: 0.3, Sum: 2.4]
         [Processed Buffers: Min: 1, Avg: 2.2, Max: 4, Diff: 3, Sum: 18]
      [Scan RS (ms): Min: 0.2, Avg: 0.3, Max: 0.4, Diff: 0.2, Sum: 2.8]
      [Code Root Scanning (ms): Min: 0.0, Avg: 0.0, Max: 0.0, Diff: 0.0, Sum: 0.0]
      [Object Copy (ms): Min: 29.3, Avg: 29.3, Max: 29.3, Diff: 0.0, Sum: 234.5]
      [Termination (ms): Min: 0.0, Avg: 0.0, Max: 0.0, Diff: 0.0, Sum: 0.0]
      [GC Worker Other (ms): Min: 0.0, Avg: 0.0, Max: 0.1, Diff: 0.0, Sum: 0.4]
      [GC Worker Total (ms): Min: 30.8, Avg: 30.8, Max: 30.8, Diff: 0.1, Sum: 246.4]
      [GC Worker End (ms): Min: 239772.7, Avg: 239772.7, Max: 239772.7, Diff: 0.0]
   [Code Root Fixup: 0.0 ms]
   [Code Root Migration: 0.1 ms]
   [Clear CT: 0.4 ms]
   [Other: 0.7 ms]
      [Choose CSet: 0.0 ms]
      [Ref Proc: 0.1 ms]
      [Ref Enq: 0.0 ms]
      [Free CSet: 0.6 ms]
   [Eden: 853.0M(853.0M)->0.0B(853.0M) Survivors: 69.0M->69.0M Heap: 1081.3M(1538.0M)->228.3M(1538.0M)]
 [Times: user=0.25 sys=0.00, real=0.04 secs] 
239.774: Total time for which application threads were stopped: 0.0323000 seconds, Stopping threads took: 0.0000500 seconds
240.220: Application time: 0.4461690 seconds
240.220: [GC pause (young), 0.0324770 secs]
   [Parallel Time: 31.2 ms, GC Workers: 8]
      [GC Worker Start (ms): Min: 240220.3, Avg: 240220.3, Max: 240220.4, Diff: 0.1]
      [Ext Root Scanning (ms): Min: 0.7, Avg: 0.8, Max: 0.8, Diff: 0.1, Sum: 6.2]
      [Update RS (ms): Min: 0.2, Avg: 0.3, Max: 0.5, Diff: 0.3, Sum: 2.4]
         [Processed Buffers: Min: 1, Avg: 2.1, Max: 3, Diff: 2, Sum: 17]
      [Scan RS (ms): Min: 0.2, Avg: 0.3, Max: 0.4, Diff: 0.2, Sum: 2.8]
      [Code Root Scanning (ms): Min: 0.0, Avg: 0.0, Max: 0.0, Diff: 0.0, Sum: 0.0]
      [Object Copy (ms): Min: 29.7, Avg: 29.7, Max: 29.7, Diff: 0.0, Sum: 237.4]
      [Termination (ms): Min: 0.0, Avg: 0.0, Max: 0.0, Diff: 0.0, Sum: 0.0]
      [GC Worker Other (ms): Min: 0.0, Avg: 0.0, Max: 0.1, Diff: 0.0, Sum: 0.4]
      [GC Worker Total (ms): Min: 31.1, Avg: 31.1, Max: 31.2, Diff: 0.1, Sum: 249.1]
      [GC Worker End (ms): Min: 240251.5, Avg: 240251.5, Max: 240251.5, Diff: 0.0]
   [Code Root Fixup: 0.0 ms]
   [Code Root Migration: 0.1 ms]
   [Clear CT: 0.4 ms]
   [Other: 0.8 ms]
      [Choose CSet: 0.0 ms]
      [Ref Proc: 0.1 ms]
      [Ref Enq: 0.0 ms]
      [Free CSet: 0.6 ms]
   [Eden: 853.0M(853.0M)->0.0B(852.0M) Survivors: 69.0M->70.0M Heap: 1081.3M(1538.0M)->229.4M(1538.0M)]
 [Times: user=0.26 sys=0.00, real=0.04 secs] 
240.253: Total time for which application threads were stopped: 0.0326640 seconds, Stopping threads took: 0.0000510 seconds
240.695: Application time: 0.4425700 seconds
240.696: [GC pause (young), 0.0325510 secs]
   [Parallel Time: 31.3 ms, GC Workers: 8]
      [GC Worker Start (ms): Min: 240695.5, Avg: 240695.6, Max: 240695.6, Diff: 0.1]
      [Ext Root Scanning (ms): Min: 0.7, Avg: 0.8, Max: 0.8, Diff: 0.1, Sum: 6.2]
      [Update RS (ms): Min: 0.2, Avg: 0.3, Max: 0.5, Diff: 0.3, Sum: 2.4]
         [Processed Buffers: Min: 1, Avg: 2.1, Max: 4, Diff: 3, Sum: 17]
      [Scan RS (ms): Min: 0.2, Avg: 0.3, Max: 0.4, Diff: 0.2, Sum: 2.8]
      [Code Root Scanning (ms): Min: 0.0, Avg: 0.0, Max: 0.0, Diff: 0.0, Sum: 0.0]
      [Object Copy (ms): Min: 29.7, Avg: 29.7, Max: 29.8, Diff: 0.1, Sum: 237.8]
      [Termination (ms): Min: 0.0, Avg: 0.0, Max: 0.0, Diff: 0.0, Sum: 0.0]
      [GC Worker Other (ms): Min: 0.0, Avg: 0.1, Max: 0.1, Diff: 0.0, Sum: 0.5]
      [GC Worker Total (ms): Min: 31.2, Avg: 31.2, Max: 31.3, Diff: 0.1, Sum: 249.7]
      [GC Worker End (ms): Min: 240726.8, Avg: 240726.8, Max: 240726.8, Diff: 0.0]
   [Code Root Fixup: 0.1 ms]
   [Code Root Migration: 0.1 ms]
   [Clear CT: 0.4 ms]
   [Other: 0.7 ms]
      [Choose CSet: 0.0 ms]
      [Ref Proc: 0.1 ms]
      [Ref Enq: 0.0 ms]
      [Free CSet: 0.6 ms]
   [Eden: 852.0M(852.0M)->0.0B(852.0M) Survivors: 70.0M->70.0M Heap: 1081.4M(1538.0M)->228.9M(1538.0M)]
 [Times: user=0.25 sys=0.00, real=0.03 secs] 
240.728: Total time for which application threads were stopped: 0.0327240 seconds, Stopping threads took: 0.0000270 seconds
241.169: Application time: 0.4406120 seconds
241.169: [GC pause (young), 0.0338450 secs]
   [Parallel Time: 32.5 ms, GC Workers: 8]
      [GC Worker Start (ms): Min: 241168.9, Avg: 241168.9, Max: 241169.0, Diff: 0.1]
      [Ext Root Scanning (ms): Min: 0.7, Avg: 0.7, Max: 0.8, Diff: 0.1, Sum: 5.9]
      [Update RS (ms): Min: 0.2, Avg: 0.3, Max: 0.4, Diff: 0.3, Sum: 2.4]
         [Processed Buffers: Min: 1, Avg: 2.1, Max: 3, Diff: 2, Sum: 17]
      [Scan RS (ms): Min: 0.2, Avg: 0.4, Max: 0.5, Diff: 0.3, Sum: 2.9]
      [Code Root Scanning (ms): Min: 0.0, Avg: 0.0, Max: 0.0, Diff: 0.0, Sum: 0.0]
      [Object Copy (ms): Min: 30.9, Avg: 31.0, Max: 31.0, Diff: 0.1, Sum: 247.7]
      [Termination (ms): Min: 0.0, Avg: 0.0, Max: 0.0, Diff: 0.0, Sum: 0.0]
      [GC Worker Other (ms): Min: 0.0, Avg: 0.1, Max: 0.1, Diff: 0.0, Sum: 0.4]
      [GC Worker Total (ms): Min: 32.3, Avg: 32.4, Max: 32.4, Diff: 0.1, Sum: 259.3]
      [GC Worker End (ms): Min: 241201.3, Avg: 241201.3, Max: 241201.4, Diff: 0.0]
   [Code Root Fixup: 0.0 ms]
   [Code Root Migration: 0.1 ms]
   [Clear CT: 0.4 ms]
   [Other: 0.8 ms]
      [Choose CSet: 0.0 ms]
      [Ref Proc: 0.1 ms]
      [Ref Enq: 0.0 ms]
      [Free CSet: 0.6 ms]
   [Eden: 852.0M(852.0M)->0.0B(851.0M) Survivors: 70.0M->71.0M Heap: 1080.9M(1538.0M)->229.9M(1538.0M)]
 [Times: user=0.26 sys=0.00, real=0.03 secs] 
241.203: Total time for which application threads were stopped: 0.0340520 seconds, Stopping threads took: 0.0000570 seconds
241.642: Application time: 0.4388880 seconds
241.642: [GC pause (young), 0.0329320 secs]
   [Parallel Time: 31.7 ms, GC Workers: 8]
      [GC Worker Start (ms): Min: 241641.9, Avg: 241641.9, Max: 241641.9, Diff: 0.1]
      [Ext Root Scanning (ms): Min: 0.7, Avg: 0.7, Max: 0.8, Diff: 0.1, Sum: 6.0]
      [Update RS (ms): Min: 0.2, Avg: 0.3, Max: 0.5, Diff: 0.3, Sum: 2.4]
         [Processed Buffers: Min: 1, Avg: 2.1, Max: 3, Diff: 2, Sum: 17]
      [Scan RS (ms): Min: 0.2, Avg: 0.4, Max: 0.5, Diff: 0.2, Sum: 3.0]
      [Code Root Scanning (ms): Min: 0.0, Avg: 0.0, Max: 0.0, Diff: 0.0, Sum: 0.0]
      [Object Copy (ms): Min: 30.1, Avg: 30.2, Max: 30.2, Diff: 0.1, Sum: 241.2]
      [Termination (ms): Min: 0.0, Avg: 0.0, Max: 0.0, Diff: 0.0, Sum: 0.0]
      [GC Worker Other (ms): Min: 0.0, Avg: 0.1, Max: 0.1, Diff: 0.0, Sum: 0.4]
      [GC Worker Total (ms): Min: 31.6, Avg: 31.6, Max: 31.7, Diff: 0.1, Sum: 253.0]
      [GC Worker End (ms): Min: 241673.5, Avg: 241673.5, Max: 241673.5, Diff: 0.0]
   [Code Root Fixup: 0.0 ms]
   [Code Root Migration: 0.1 ms]
   [Clear CT: 0.4 ms]
   [Other: 0.7 ms]
      [Choose CSet: 0.0 ms]
      [Ref Proc: 0.1 ms]
      [Ref Enq: 0.0 ms]
      [Free CSet: 0.6 ms]
   [Eden: 851.0M(851.0M)->0.0B(852.0M) Survivors: 71.0M->70.0M Heap: 1080.9M(1538.0M)->228.9M(1538.0M)]
 [Times: user=0.25 sys=0.00, real=0.04 secs] 
241.675: Total time for which application threads were stopped: 0.0331320 seconds, Stopping threads took: 0.0000490 seconds
242.113: Application time: 0.4386480 seconds
242.114: [GC pause (young), 0.0337640 secs]
   [Parallel Time: 32.4 ms, GC Workers: 8]
      [GC Worker Start (ms): Min: 242113.6, Avg: 242113.6, Max: 242113.7, Diff: 0.1]
      [Ext Root Scanning (ms): Min: 0.7, Avg: 0.8, Max: 0.8, Diff: 0.2, Sum: 6.3]
      [Update RS (ms): Min: 0.2, Avg: 0.3, Max: 0.5, Diff: 0.2, Sum: 2.4]
         [Processed Buffers: Min: 1, Avg: 2.1, Max: 3, Diff: 2, Sum: 17]
      [Scan RS (ms): Min: 0.2, Avg: 0.3, Max: 0.4, Diff: 0.3, Sum: 2.7]
      [Code Root Scanning (ms): Min: 0.0, Avg: 0.0, Max: 0.0, Diff: 0.0, Sum: 0.0]
      [Object Copy (ms): Min: 30.8, Avg: 30.9, Max: 30.9, Diff: 0.0, Sum: 246.9]
      [Termination (ms): Min: 0.0, Avg: 0.0, Max: 0.0, Diff: 0.0, Sum: 0.0]
      [GC Worker Other (ms): Min: 0.0, Avg: 0.1, Max: 0.1, Diff: 0.0, Sum: 0.5]
      [GC Worker Total (ms): Min: 32.3, Avg: 32.4, Max: 32.4, Diff: 0.1, Sum: 258.9]
      [GC Worker End (ms): Min: 242146.0, Avg: 242146.0, Max: 242146.0, Diff: 0.0]
   [Code Root Fixup: 0.0 ms]
   [Code Root Migration: 0.1 ms]
   [Clear CT: 0.4 ms]
   [Other: 0.8 ms]
      [Choose CSet: 0.0 ms]
      [Ref Proc: 0.1 ms]
      [Ref Enq: 0.0 ms]
      [Free CSet: 0.6 ms]
   [Eden: 852.0M(852.0M)->0.0B(850.0M) Survivors: 70.0M->72.0M Heap: 1080.9M(1538.0M)->230.9M(1538.0M)]
 [Times: user=0.26 sys=0.00, real=0.03 secs] 
242.147: Total time for which application threads were stopped: 0.0339420 seconds, Stopping threads took: 0.0000390 seconds
242.584: Application time: 0.4363250 seconds
242.584: [GC pause (young), 0.0328610 secs]
   [Parallel Time: 31.6 ms, GC Workers: 8]
      [GC Worker Start (ms): Min: 242583.9, Avg: 242583.9, Max: 242584.0, Diff: 0.1]
      [Ext Root Scanning (ms): Min: 0.7, Avg: 0.7, Max: 0.8, Diff: 0.1, Sum: 5.8]
      [Update RS (ms): Min: 0.2, Avg: 0.3, Max: 0.5, Diff: 0.3, Sum: 2.4]
         [Processed Buffers: Min: 1, Avg: 2.1, Max: 3, Diff: 2, Sum: 17]
      [Scan RS (ms): Min: 0.2, Avg: 0.4, Max: 0.4, Diff: 0.3, Sum: 2.9]
      [Code Root Scanning (ms): Min: 0.0, Avg: 0.0, Max: 0.0, Diff: 0.0, Sum: 0.0]
      [Object Copy (ms): Min: 30.0, Avg: 30.1, Max: 30.1, Diff: 0.1, Sum: 240.6]
      [Termination (ms): Min: 0.0, Avg: 0.0, Max: 0.0, Diff: 0.0, Sum: 0.0]
      [GC Worker Other (ms): Min: 0.0, Avg: 0.0, Max: 0.1, Diff: 0.0, Sum: 0.4]
      [GC Worker Total (ms): Min: 31.5, Avg: 31.5, Max: 31.6, Diff: 0.1, Sum: 252.2]
      [GC Worker End (ms): Min: 242615.4, Avg: 242615.5, Max: 242615.5, Diff: 0.0]
   [Code Root Fixup: 0.0 ms]
   [Code Root Migration: 0.1 ms]
   [Clear CT: 0.4 ms]
   [Other: 0.7 ms]
      [Choose CSet: 0.0 ms]
      [Ref Proc: 0.1 ms]
      [Ref Enq: 0.0 ms]
      [Free CSet: 0.6 ms]
   [Eden: 850.0M(850.0M)->0.0B(852.0M) Survivors: 72.0M->70.0M Heap: 1080.9M(1538.0M)->229.4M(1538.0M)]
 [Times: user=0.26 sys=0.00, real=0.03 secs] 
242.617: Total time for which application threads were stopped: 0.0330690 seconds, Stopping threads took: 0.0000450 seconds
243.056: Application time: 0.4394900 seconds
243.056: [GC pause (young), 0.0322770 secs]
   [Parallel Time: 31.0 ms, GC Workers: 8]
      [GC Worker Start (ms): Min: 243056.5, Avg: 243056.5, Max: 243056.5, Diff: 0.1]
      [Ext Root Scanning (ms): Min: 0.7, Avg: 0.8, Max: 0.8, Diff: 0.1, Sum: 6.0]
      [Update RS (ms): Min: 0.2, Avg: 0.3, Max: 0.5, Diff: 0.3, Sum: 2.4]
         [Processed Buffers: Min: 1, Avg: 2.2, Max: 4, Diff: 3, Sum: 18]
      [Scan RS (ms): Min: 0.2, Avg: 0.4, Max: 0.4, Diff: 0.2, Sum: 2.8]
      [Code Root Scanning (ms): Min: 0.0, Avg: 0.0, Max: 0.0, Diff: 0.0, Sum: 0.0]
      [Object Copy (ms): Min: 29.5, Avg: 29.5, Max: 29.5, Diff: 0.1, Sum: 236.0]
      [Termination (ms): Min: 0.0, Avg: 0.0, Max: 0.0, Diff: 0.0, Sum: 0.0]
      [GC Worker Other (ms): Min: 0.0, Avg: 0.1, Max: 0.1, Diff: 0.1, Sum: 0.4]
      [GC Worker Total (ms): Min: 30.9, Avg: 31.0, Max: 31.0, Diff: 0.1, Sum: 247.7]
      [GC Worker End (ms): Min: 243087.4, Avg: 243087.5, Max: 243087.5, Diff: 0.0]
   [Code Root Fixup: 0.0 ms]
   [Code Root Migration: 0.1 ms]
   [Clear CT: 0.4 ms]
   [Other: 0.7 ms]
      [Choose CSet: 0.0 ms]
      [Ref Proc: 0.1 ms]
      [Ref Enq: 0.0 ms]
      [Free CSet: 0.6 ms]
   [Eden: 852.0M(852.0M)->0.0B(853.0M) Survivors: 70.0M->69.0M Heap: 1081.4M(1538.0M)->227.9M(1538.0M)]
 [Times: user=0.25 sys=0.00, real=0.03 secs] 
243.089: Total time for which application threads were stopped: 0.0324700 seconds, Stopping threads took: 0.0000520 seconds
243.533: Application time: 0.4438780 seconds
243.533: [GC pause (young), 0.0324110 secs]
   [Parallel Time: 31.2 ms, GC Workers: 8]
      [GC Worker Start (ms): Min: 243532.8, Avg: 243532.8, Max: 243532.9, Diff: 0.1]
      [Ext Root Scanning (ms): Min: 0.7, Avg: 0.8, Max: 0.8, Diff: 0.1, Sum: 6.3]
      [Update RS (ms): Min: 0.2, Avg: 0.3, Max: 0.4, Diff: 0.2, Sum: 2.4]
         [Processed Buffers: Min: 1, Avg: 2.1, Max: 3, Diff: 2, Sum: 17]
      [Scan RS (ms): Min: 0.1, Avg: 0.3, Max: 0.4, Diff: 0.3, Sum: 2.7]
      [Code Root Scanning (ms): Min: 0.0, Avg: 0.0, Max: 0.0, Diff: 0.0, Sum: 0.1]
      [Object Copy (ms): Min: 29.6, Avg: 29.6, Max: 29.6, Diff: 0.0, Sum: 237.0]
      [Termination (ms): Min: 0.0, Avg: 0.0, Max: 0.0, Diff: 0.0, Sum: 0.0]
      [GC Worker Other (ms): Min: 0.0, Avg: 0.0, Max: 0.1, Diff: 0.0, Sum: 0.4]
      [GC Worker Total (ms): Min: 31.1, Avg: 31.1, Max: 31.1, Diff: 0.1, Sum: 248.8]
      [GC Worker End (ms): Min: 243563.9, Avg: 243563.9, Max: 243564.0, Diff: 0.0]
   [Code Root Fixup: 0.1 ms]
   [Code Root Migration: 0.1 ms]
   [Clear CT: 0.4 ms]
   [Other: 0.7 ms]
      [Choose CSet: 0.0 ms]
      [Ref Proc: 0.1 ms]
      [Ref Enq: 0.0 ms]
      [Free CSet: 0.6 ms]
   [Eden: 853.0M(853.0M)->0.0B(852.0M) Survivors: 69.0M->70.0M Heap: 1080.9M(1538.0M)->228.9M(1538.0M)]
 [Times: user=0.25 sys=0.00, real=0.03 secs] 
243.565: Total time for which application threads were stopped: 0.0326080 seconds, Stopping threads took: 0.0000370 seconds
244.014: Application time: 0.4487340 seconds
244.014: [GC pause (young), 0.0326430 secs]
   [Parallel Time: 31.4 ms, GC Workers: 8]
      [GC Worker Start (ms): Min: 244014.2, Avg: 244014.3, Max: 244015.3, Diff: 1.2]
      [Ext Root Scanning (ms): Min: 0.0, Avg: 0.7, Max: 0.9, Diff: 0.9, Sum: 5.6]
      [Update RS (ms): Min: 0.0, Avg: 0.3, Max: 0.4, Diff: 0.4, Sum: 2.4]
         [Processed Buffers: Min: 0, Avg: 2.1, Max: 5, Diff: 5, Sum: 17]
      [Scan RS (ms): Min: 0.2, Avg: 0.3, Max: 0.4, Diff: 0.2, Sum: 2.6]
      [Code Root Scanning (ms): Min: 0.0, Avg: 0.0, Max: 0.0, Diff: 0.0, Sum: 0.0]
      [Object Copy (ms): Min: 29.8, Avg: 29.8, Max: 29.9, Diff: 0.1, Sum: 238.6]
      [Termination (ms): Min: 0.0, Avg: 0.0, Max: 0.0, Diff: 0.0, Sum: 0.0]
      [GC Worker Other (ms): Min: 0.0, Avg: 0.1, Max: 0.1, Diff: 0.0, Sum: 0.5]
      [GC Worker Total (ms): Min: 30.2, Avg: 31.2, Max: 31.4, Diff: 1.2, Sum: 249.7]
      [GC Worker End (ms): Min: 244045.5, Avg: 244045.6, Max: 244045.6, Diff: 0.0]
   [Code Root Fixup: 0.0 ms]
   [Code Root Migration: 0.1 ms]
   [Clear CT: 0.4 ms]
   [Other: 0.7 ms]
      [Choose CSet: 0.0 ms]
      [Ref Proc: 0.1 ms]
      [Ref Enq: 0.0 ms]
      [Free CSet: 0.6 ms]
   [Eden: 852.0M(852.0M)->0.0B(852.0M) Survivors: 70.0M->70.0M Heap: 1080.9M(1538.0M)->229.0M(1538.0M)]
 [Times: user=0.25 sys=0.00, real=0.03 secs] 
244.047: Total time for which application threads were stopped: 0.0328680 seconds, Stopping threads took: 0.0000650 seconds
244.496: Application time: 0.4488720 seconds
244.496: [GC pause (young), 0.0328180 secs]
   [Parallel Time: 31.6 ms, GC Workers: 8]
      [GC Worker Start (ms): Min: 244495.9, Avg: 244496.4, Max: 244499.4, Diff: 3.5]
      [Ext Root Scanning (ms): Min: 0.0, Avg: 0.7, Max: 0.9, Diff: 0.8, Sum: 5.4]
      [Update RS (ms): Min: 0.0, Avg: 0.3, Max: 0.5, Diff: 0.5, Sum: 2.3]
         [Processed Buffers: Min: 0, Avg: 2.2, Max: 5, Diff: 5, Sum: 18]
      [Scan RS (ms): Min: 0.3, Avg: 0.3, Max: 0.4, Diff: 0.2, Sum: 2.7]
      [Code Root Scanning (ms): Min: 0.0, Avg: 0.0, Max: 0.0, Diff: 0.0, Sum: 0.0]
      [Object Copy (ms): Min: 27.6, Avg: 29.7, Max: 30.0, Diff: 2.4, Sum: 237.8]
      [Termination (ms): Min: 0.0, Avg: 0.0, Max: 0.0, Diff: 0.0, Sum: 0.0]
      [GC Worker Other (ms): Min: 0.0, Avg: 0.0, Max: 0.1, Diff: 0.0, Sum: 0.4]
      [GC Worker Total (ms): Min: 28.1, Avg: 31.1, Max: 31.6, Diff: 3.5, Sum: 248.7]
      [GC Worker End (ms): Min: 244527.5, Avg: 244527.5, Max: 244527.5, Diff: 0.0]
   [Code Root Fixup: 0.0 ms]
   [Code Root Migration: 0.1 ms]
   [Clear CT: 0.4 ms]
   [Other: 0.7 ms]
      [Choose CSet: 0.0 ms]
      [Ref Proc: 0.1 ms]
      [Ref Enq: 0.0 ms]
      [Free CSet: 0.6 ms]
   [Eden: 852.0M(852.0M)->0.0B(853.0M) Survivors: 70.0M->69.0M Heap: 1081.0M(1538.0M)->228.5M(1538.0M)]
 [Times: user=0.25 sys=0.00, real=0.03 secs] 
244.529: Total time for which application threads were stopped: 0.0330430 seconds, Stopping threads took: 0.0000770 seconds
244.976: Application time: 0.4470430 seconds
244.976: [GC pause (young), 0.0332150 secs]
   [Parallel Time: 32.0 ms, GC Workers: 8]
      [GC Worker Start (ms): Min: 244976.0, Avg: 244976.0, Max: 244976.0, Diff: 0.1]
      [Ext Root Scanning (ms): Min: 0.7, Avg: 0.8, Max: 0.8, Diff: 0.1, Sum: 6.3]
      [Update RS (ms): Min: 0.2, Avg: 0.3, Max: 0.5, Diff: 0.3, Sum: 2.3]
         [Processed Buffers: Min: 1, Avg: 2.1, Max: 3, Diff: 2, Sum: 17]
      [Scan RS (ms): Min: 0.2, Avg: 0.3, Max: 0.4, Diff: 0.2, Sum: 2.8]
      [Code Root Scanning (ms): Min: 0.0, Avg: 0.0, Max: 0.0, Diff: 0.0, Sum: 0.0]
      [Object Copy (ms): Min: 30.4, Avg: 30.4, Max: 30.5, Diff: 0.0, Sum: 243.6]
      [Termination (ms): Min: 0.0, Avg: 0.0, Max: 0.0, Diff: 0.0, Sum: 0.0]
      [GC Worker Other (ms): Min: 0.0, Avg: 0.0, Max: 0.1, Diff: 0.0, Sum: 0.4]
      [GC Worker Total (ms): Min: 31.9, Avg: 31.9, Max: 31.9, Diff: 0.0, Sum: 255.4]
      [GC Worker End (ms): Min: 245007.9, Avg: 245007.9, Max: 245007.9, Diff: 0.0]
   [Code Root Fixup: 0.0 ms]
   [Code Root Migration: 0.1 ms]
   [Clear CT: 0.4 ms]
   [Other: 0.7 ms]
      [Choose CSet: 0.0 ms]
      [Ref Proc: 0.1 ms]
      [Ref Enq: 0.0 ms]
      [Free CSet: 0.6 ms]
   [Eden: 853.0M(853.0M)->0.0B(852.0M) Survivors: 69.0M->70.0M Heap: 1081.5M(1538.0M)->229.5M(1538.0M)]
 [Times: user=0.25 sys=0.00, real=0.03 secs] 
245.009: Total time for which application threads were stopped: 0.0333970 seconds, Stopping threads took: 0.0000340 seconds
245.451: Application time: 0.4419370 seconds
245.451: [GC pause (young), 0.0334020 secs]
   [Parallel Time: 32.1 ms, GC Workers: 8]
      [GC Worker Start (ms): Min: 245451.4, Avg: 245451.4, Max: 245451.4, Diff: 0.1]
      [Ext Root Scanning (ms): Min: 0.7, Avg: 0.8, Max: 0.8, Diff: 0.1, Sum: 6.0]
      [Update RS (ms): Min: 0.2, Avg: 0.3, Max: 0.6, Diff: 0.4, Sum: 2.4]
         [Processed Buffers: Min: 1, Avg: 2.1, Max: 3, Diff: 2, Sum: 17]
      [Scan RS (ms): Min: 0.2, Avg: 0.4, Max: 0.5, Diff: 0.2, Sum: 3.1]
      [Code Root Scanning (ms): Min: 0.0, Avg: 0.0, Max: 0.0, Diff: 0.0, Sum: 0.0]
      [Object Copy (ms): Min: 30.5, Avg: 30.6, Max: 30.6, Diff: 0.1, Sum: 244.5]
      [Termination (ms): Min: 0.0, Avg: 0.0, Max: 0.0, Diff: 0.0, Sum: 0.0]
      [GC Worker Other (ms): Min: 0.0, Avg: 0.0, Max: 0.1, Diff: 0.0, Sum: 0.3]
      [GC Worker Total (ms): Min: 32.0, Avg: 32.0, Max: 32.1, Diff: 0.1, Sum: 256.3]
      [GC Worker End (ms): Min: 245483.4, Avg: 245483.4, Max: 245483.4, Diff: 0.0]
   [Code Root Fixup: 0.0 ms]
   [Code Root Migration: 0.1 ms]
   [Clear CT: 0.4 ms]
   [Other: 0.7 ms]
      [Choose CSet: 0.0 ms]
      [Ref Proc: 0.1 ms]
      [Ref Enq: 0.0 ms]
      [Free CSet: 0.6 ms]
   [Eden: 852.0M(852.0M)->0.0B(851.0M) Survivors: 70.0M->71.0M Heap: 1081.5M(1538.0M)->230.0M(1538.0M)]
 [Times: user=0.26 sys=0.00, real=0.04 secs] 
245.485: Total time for which application threads were stopped: 0.0336120 seconds, Stopping threads took: 0.0000580 seconds
245.924: Application time: 0.4394820 seconds
245.924: [GC pause (young), 0.0306480 secs]
   [Parallel Time: 29.4 ms, GC Workers: 8]
      [GC Worker Start (ms): Min: 245924.4, Avg: 245924.4, Max: 245924.5, Diff: 0.1]
      [Ext Root Scanning (ms): Min: 0.7, Avg: 0.8, Max: 0.8, Diff: 0.1, Sum: 6.3]
      [Update RS (ms): Min: 0.2, Avg: 0.3, Max: 0.4, Diff: 0.2, Sum: 2.4]
         [Processed Buffers: Min: 1, Avg: 2.1, Max: 4, Diff: 3, Sum: 17]
      [Scan RS (ms): Min: 0.2, Avg: 0.3, Max: 0.4, Diff: 0.2, Sum: 2.7]
      [Code Root Scanning (ms): Min: 0.0, Avg: 0.0, Max: 0.0, Diff: 0.0, Sum: 0.0]
      [Object Copy (ms): Min: 27.8, Avg: 27.8, Max: 27.9, Diff: 0.1, Sum: 222.5]
      [Termination (ms): Min: 0.0, Avg: 0.0, Max: 0.0, Diff: 0.0, Sum: 0.0]
      [GC Worker Other (ms): Min: 0.0, Avg: 0.1, Max: 0.1, Diff: 0.0, Sum: 0.4]
      [GC Worker Total (ms): Min: 29.3, Avg: 29.3, Max: 29.3, Diff: 0.1, Sum: 234.4]
      [GC Worker End (ms): Min: 245953.7, Avg: 245953.7, Max: 245953.7, Diff: 0.0]
   [Code Root Fixup: 0.1 ms]
   [Code Root Migration: 0.1 ms]
   [Clear CT: 0.4 ms]
   [Other: 0.7 ms]
      [Choose CSet: 0.0 ms]
      [Ref Proc: 0.1 ms]
      [Ref Enq: 0.0 ms]
      [Free CSet: 0.6 ms]
   [Eden: 851.0M(851.0M)->0.0B(855.0M) Survivors: 71.0M->67.0M Heap: 1081.0M(1538.0M)->226.0M(1538.0M)]
 [Times: user=0.24 sys=0.00, real=0.03 secs] 
245.955: Total time for which application threads were stopped: 0.0308030 seconds, Stopping threads took: 0.0000150 seconds
246.399: Application time: 0.4441100 seconds
246.399: [GC pause (young), 0.0325740 secs]
   [Parallel Time: 31.3 ms, GC Workers: 8]
      [GC Worker Start (ms): Min: 246399.3, Avg: 246399.4, Max: 246399.4, Diff: 0.1]
      [Ext Root Scanning (ms): Min: 0.7, Avg: 0.8, Max: 0.8, Diff: 0.1, Sum: 6.5]
      [Update RS (ms): Min: 0.2, Avg: 0.3, Max: 0.4, Diff: 0.2, Sum: 2.4]
         [Processed Buffers: Min: 1, Avg: 2.1, Max: 3, Diff: 2, Sum: 17]
      [Scan RS (ms): Min: 0.2, Avg: 0.3, Max: 0.4, Diff: 0.2, Sum: 2.7]
      [Code Root Scanning (ms): Min: 0.0, Avg: 0.0, Max: 0.0, Diff: 0.0, Sum: 0.1]
      [Object Copy (ms): Min: 29.7, Avg: 29.7, Max: 29.8, Diff: 0.0, Sum: 237.9]
      [Termination (ms): Min: 0.0, Avg: 0.0, Max: 0.0, Diff: 0.0, Sum: 0.0]
      [GC Worker Other (ms): Min: 0.0, Avg: 0.1, Max: 0.1, Diff: 0.0, Sum: 0.5]
      [GC Worker Total (ms): Min: 31.2, Avg: 31.3, Max: 31.3, Diff: 0.1, Sum: 250.0]
      [GC Worker End (ms): Min: 246430.6, Avg: 246430.6, Max: 246430.6, Diff: 0.0]
   [Code Root Fixup: 0.1 ms]
   [Code Root Migration: 0.1 ms]
   [Clear CT: 0.4 ms]
   [Other: 0.7 ms]
      [Choose CSet: 0.0 ms]
      [Ref Proc: 0.1 ms]
      [Ref Enq: 0.0 ms]
      [Free CSet: 0.6 ms]
   [Eden: 855.0M(855.0M)->0.0B(852.0M) Survivors: 67.0M->70.0M Heap: 1081.0M(1538.0M)->229.0M(1538.0M)]
 [Times: user=0.25 sys=0.00, real=0.04 secs] 
246.432: Total time for which application threads were stopped: 0.0327660 seconds, Stopping threads took: 0.0000280 seconds
246.870: Application time: 0.4381400 seconds
246.870: [GC pause (young), 0.0328920 secs]
   [Parallel Time: 31.6 ms, GC Workers: 8]
      [GC Worker Start (ms): Min: 246870.3, Avg: 246870.3, Max: 246870.3, Diff: 0.1]
      [Ext Root Scanning (ms): Min: 0.8, Avg: 0.8, Max: 0.8, Diff: 0.1, Sum: 6.5]
      [Update RS (ms): Min: 0.2, Avg: 0.3, Max: 0.4, Diff: 0.2, Sum: 2.4]
         [Processed Buffers: Min: 1, Avg: 2.1, Max: 3, Diff: 2, Sum: 17]
      [Scan RS (ms): Min: 0.3, Avg: 0.4, Max: 0.4, Diff: 0.2, Sum: 2.9]
      [Code Root Scanning (ms): Min: 0.0, Avg: 0.0, Max: 0.0, Diff: 0.0, Sum: 0.0]
      [Object Copy (ms): Min: 30.0, Avg: 30.0, Max: 30.1, Diff: 0.0, Sum: 240.3]
      [Termination (ms): Min: 0.0, Avg: 0.0, Max: 0.0, Diff: 0.0, Sum: 0.0]
      [GC Worker Other (ms): Min: 0.0, Avg: 0.1, Max: 0.1, Diff: 0.0, Sum: 0.5]
      [GC Worker Total (ms): Min: 31.5, Avg: 31.6, Max: 31.6, Diff: 0.1, Sum: 252.6]
      [GC Worker End (ms): Min: 246901.9, Avg: 246901.9, Max: 246901.9, Diff: 0.0]
   [Code Root Fixup: 0.1 ms]
   [Code Root Migration: 0.1 ms]
   [Clear CT: 0.4 ms]
   [Other: 0.7 ms]
      [Choose CSet: 0.0 ms]
      [Ref Proc: 0.1 ms]
      [Ref Enq: 0.0 ms]
      [Free CSet: 0.6 ms]
   [Eden: 852.0M(852.0M)->0.0B(852.0M) Survivors: 70.0M->70.0M Heap: 1081.0M(1538.0M)->229.5M(1538.0M)]
 [Times: user=0.25 sys=0.00, real=0.03 secs] 
246.903: Total time for which application threads were stopped: 0.0330960 seconds, Stopping threads took: 0.0000650 seconds
247.340: Application time: 0.4366690 seconds
247.340: [GC pause (young), 0.0310820 secs]
   [Parallel Time: 29.8 ms, GC Workers: 8]
      [GC Worker Start (ms): Min: 247340.0, Avg: 247340.1, Max: 247340.1, Diff: 0.1]
      [Ext Root Scanning (ms): Min: 0.7, Avg: 0.8, Max: 0.8, Diff: 0.1, Sum: 6.1]
      [Update RS (ms): Min: 0.2, Avg: 0.3, Max: 0.4, Diff: 0.2, Sum: 2.4]
         [Processed Buffers: Min: 1, Avg: 2.1, Max: 3, Diff: 2, Sum: 17]
      [Scan RS (ms): Min: 0.3, Avg: 0.4, Max: 0.4, Diff: 0.2, Sum: 2.9]
      [Code Root Scanning (ms): Min: 0.0, Avg: 0.0, Max: 0.0, Diff: 0.0, Sum: 0.0]
      [Object Copy (ms): Min: 28.3, Avg: 28.3, Max: 28.4, Diff: 0.1, Sum: 226.4]
      [Termination (ms): Min: 0.0, Avg: 0.0, Max: 0.0, Diff: 0.0, Sum: 0.0]
      [GC Worker Other (ms): Min: 0.0, Avg: 0.1, Max: 0.1, Diff: 0.0, Sum: 0.4]
      [GC Worker Total (ms): Min: 29.7, Avg: 29.8, Max: 29.8, Diff: 0.1, Sum: 238.3]
      [GC Worker End (ms): Min: 247369.8, Avg: 247369.8, Max: 247369.9, Diff: 0.0]
   [Code Root Fixup: 0.0 ms]
   [Code Root Migration: 0.1 ms]
   [Clear CT: 0.4 ms]
   [Other: 0.7 ms]
      [Choose CSet: 0.0 ms]
      [Ref Proc: 0.1 ms]
      [Ref Enq: 0.0 ms]
      [Free CSet: 0.6 ms]
   [Eden: 852.0M(852.0M)->0.0B(855.0M) Survivors: 70.0M->67.0M Heap: 1081.5M(1538.0M)->226.5M(1538.0M)]
 [Times: user=0.24 sys=0.00, real=0.03 secs] 
247.371: Total time for which application threads were stopped: 0.0312860 seconds, Stopping threads took: 0.0000530 seconds
247.810: Application time: 0.4389350 seconds
247.810: [GC pause (young), 0.0317270 secs]
   [Parallel Time: 30.4 ms, GC Workers: 8]
      [GC Worker Start (ms): Min: 247810.2, Avg: 247810.3, Max: 247810.3, Diff: 0.1]
      [Ext Root Scanning (ms): Min: 0.7, Avg: 0.8, Max: 0.8, Diff: 0.1, Sum: 6.1]
      [Update RS (ms): Min: 0.2, Avg: 0.3, Max: 0.4, Diff: 0.2, Sum: 2.5]
         [Processed Buffers: Min: 1, Avg: 2.1, Max: 3, Diff: 2, Sum: 17]
      [Scan RS (ms): Min: 0.2, Avg: 0.4, Max: 0.5, Diff: 0.2, Sum: 3.0]
      [Code Root Scanning (ms): Min: 0.0, Avg: 0.0, Max: 0.0, Diff: 0.0, Sum: 0.0]
      [Object Copy (ms): Min: 28.8, Avg: 28.9, Max: 28.9, Diff: 0.1, Sum: 230.9]
      [Termination (ms): Min: 0.0, Avg: 0.0, Max: 0.0, Diff: 0.0, Sum: 0.0]
      [GC Worker Other (ms): Min: 0.0, Avg: 0.0, Max: 0.1, Diff: 0.0, Sum: 0.4]
      [GC Worker Total (ms): Min: 30.3, Avg: 30.4, Max: 30.4, Diff: 0.1, Sum: 242.9]
      [GC Worker End (ms): Min: 247840.6, Avg: 247840.6, Max: 247840.6, Diff: 0.0]
   [Code Root Fixup: 0.0 ms]
   [Code Root Migration: 0.1 ms]
   [Clear CT: 0.4 ms]
   [Other: 0.8 ms]
      [Choose CSet: 0.0 ms]
      [Ref Proc: 0.1 ms]
      [Ref Enq: 0.0 ms]
      [Free CSet: 0.6 ms]
   [Eden: 855.0M(855.0M)->0.0B(854.0M) Survivors: 67.0M->68.0M Heap: 1081.5M(1538.0M)->227.0M(1538.0M)]
 [Times: user=0.24 sys=0.00, real=0.03 secs] 
247.842: Total time for which application threads were stopped: 0.0319290 seconds, Stopping threads took: 0.0000560 seconds
248.284: Application time: 0.4419430 seconds
248.284: [GC pause (young), 0.0320490 secs]
   [Parallel Time: 30.7 ms, GC Workers: 8]
      [GC Worker Start (ms): Min: 248284.1, Avg: 248284.1, Max: 248284.2, Diff: 0.1]
      [Ext Root Scanning (ms): Min: 0.7, Avg: 0.8, Max: 0.8, Diff: 0.1, Sum: 6.1]
      [Update RS (ms): Min: 0.2, Avg: 0.3, Max: 0.4, Diff: 0.2, Sum: 2.3]
         [Processed Buffers: Min: 1, Avg: 2.1, Max: 3, Diff: 2, Sum: 17]
      [Scan RS (ms): Min: 0.3, Avg: 0.4, Max: 0.4, Diff: 0.1, Sum: 2.9]
      [Code Root Scanning (ms): Min: 0.0, Avg: 0.0, Max: 0.0, Diff: 0.0, Sum: 0.0]
      [Object Copy (ms): Min: 29.1, Avg: 29.1, Max: 29.1, Diff: 0.0, Sum: 233.1]
      [Termination (ms): Min: 0.0, Avg: 0.0, Max: 0.0, Diff: 0.0, Sum: 0.0]
      [GC Worker Other (ms): Min: 0.0, Avg: 0.1, Max: 0.1, Diff: 0.0, Sum: 0.5]
      [GC Worker Total (ms): Min: 30.6, Avg: 30.6, Max: 30.6, Diff: 0.1, Sum: 244.9]
      [GC Worker End (ms): Min: 248314.7, Avg: 248314.8, Max: 248314.8, Diff: 0.0]
   [Code Root Fixup: 0.0 ms]
   [Code Root Migration: 0.1 ms]
   [Clear CT: 0.4 ms]
   [Other: 0.8 ms]
      [Choose CSet: 0.0 ms]
      [Ref Proc: 0.1 ms]
      [Ref Enq: 0.0 ms]
      [Free CSet: 0.6 ms]
   [Eden: 854.0M(854.0M)->0.0B(853.0M) Survivors: 68.0M->69.0M Heap: 1081.0M(1538.0M)->228.5M(1538.0M)]
 [Times: user=0.25 sys=0.00, real=0.03 secs] 
248.316: Total time for which application threads were stopped: 0.0322450 seconds, Stopping threads took: 0.0000450 seconds
248.763: Application time: 0.4464620 seconds
248.763: [GC pause (young), 0.0319450 secs]
   [Parallel Time: 30.7 ms, GC Workers: 8]
      [GC Worker Start (ms): Min: 248762.8, Avg: 248762.9, Max: 248762.9, Diff: 0.1]
      [Ext Root Scanning (ms): Min: 0.7, Avg: 0.8, Max: 0.9, Diff: 0.1, Sum: 6.3]
      [Update RS (ms): Min: 0.2, Avg: 0.3, Max: 0.4, Diff: 0.2, Sum: 2.4]
         [Processed Buffers: Min: 1, Avg: 2.1, Max: 3, Diff: 2, Sum: 17]
      [Scan RS (ms): Min: 0.3, Avg: 0.4, Max: 0.4, Diff: 0.1, Sum: 2.9]
      [Code Root Scanning (ms): Min: 0.0, Avg: 0.0, Max: 0.0, Diff: 0.0, Sum: 0.0]
      [Object Copy (ms): Min: 29.1, Avg: 29.1, Max: 29.1, Diff: 0.0, Sum: 233.1]
      [Termination (ms): Min: 0.0, Avg: 0.0, Max: 0.0, Diff: 0.0, Sum: 0.0]
      [GC Worker Other (ms): Min: 0.0, Avg: 0.1, Max: 0.1, Diff: 0.0, Sum: 0.4]
      [GC Worker Total (ms): Min: 30.6, Avg: 30.6, Max: 30.7, Diff: 0.1, Sum: 245.2]
      [GC Worker End (ms): Min: 248793.5, Avg: 248793.5, Max: 248793.5, Diff: 0.0]
   [Code Root Fixup: 0.0 ms]
   [Code Root Migration: 0.1 ms]
   [Clear CT: 0.4 ms]
   [Other: 0.7 ms]
      [Choose CSet: 0.0 ms]
      [Ref Proc: 0.1 ms]
      [Ref Enq: 0.0 ms]
      [Free CSet: 0.6 ms]
   [Eden: 853.0M(853.0M)->0.0B(853.0M) Survivors: 69.0M->69.0M Heap: 1081.5M(1538.0M)->228.6M(1538.0M)]
 [Times: user=0.25 sys=0.00, real=0.04 secs] 
248.795: Total time for which application threads were stopped: 0.0321500 seconds, Stopping threads took: 0.0000570 seconds
249.246: Application time: 0.4515220 seconds
249.246: [GC pause (young), 0.0323850 secs]
   [Parallel Time: 31.1 ms, GC Workers: 8]
      [GC Worker Start (ms): Min: 249246.5, Avg: 249246.5, Max: 249246.6, Diff: 0.1]
      [Ext Root Scanning (ms): Min: 0.7, Avg: 0.8, Max: 0.8, Diff: 0.1, Sum: 6.3]
      [Update RS (ms): Min: 0.2, Avg: 0.3, Max: 0.4, Diff: 0.2, Sum: 2.3]
         [Processed Buffers: Min: 1, Avg: 2.1, Max: 3, Diff: 2, Sum: 17]
      [Scan RS (ms): Min: 0.3, Avg: 0.5, Max: 1.7, Diff: 1.4, Sum: 4.2]
      [Code Root Scanning (ms): Min: 0.0, Avg: 0.0, Max: 0.0, Diff: 0.0, Sum: 0.0]
      [Object Copy (ms): Min: 28.3, Avg: 29.4, Max: 29.6, Diff: 1.3, Sum: 235.1]
      [Termination (ms): Min: 0.0, Avg: 0.0, Max: 0.0, Diff: 0.0, Sum: 0.0]
      [GC Worker Other (ms): Min: 0.0, Avg: 0.0, Max: 0.1, Diff: 0.0, Sum: 0.4]
      [GC Worker Total (ms): Min: 31.0, Avg: 31.0, Max: 31.1, Diff: 0.1, Sum: 248.4]
      [GC Worker End (ms): Min: 249277.6, Avg: 249277.6, Max: 249277.6, Diff: 0.0]
   [Code Root Fixup: 0.0 ms]
   [Code Root Migration: 0.1 ms]
   [Clear CT: 0.4 ms]
   [Other: 0.8 ms]
      [Choose CSet: 0.0 ms]
      [Ref Proc: 0.1 ms]
      [Ref Enq: 0.0 ms]
      [Free CSet: 0.6 ms]
   [Eden: 853.0M(853.0M)->0.0B(853.0M) Survivors: 69.0M->69.0M Heap: 1081.6M(1538.0M)->228.6M(1538.0M)]
 [Times: user=0.25 sys=0.00, real=0.03 secs] 
249.279: Total time for which application threads were stopped: 0.0325960 seconds, Stopping threads took: 0.0000550 seconds
249.727: Application time: 0.4481440 seconds
249.727: [GC pause (young), 0.0323990 secs]
   [Parallel Time: 31.1 ms, GC Workers: 8]
      [GC Worker Start (ms): Min: 249727.2, Avg: 249727.3, Max: 249727.3, Diff: 0.1]
      [Ext Root Scanning (ms): Min: 0.7, Avg: 0.8, Max: 0.8, Diff: 0.1, Sum: 6.3]
      [Update RS (ms): Min: 0.2, Avg: 0.3, Max: 0.4, Diff: 0.2, Sum: 2.3]
         [Processed Buffers: Min: 1, Avg: 2.1, Max: 3, Diff: 2, Sum: 17]
      [Scan RS (ms): Min: 0.2, Avg: 0.4, Max: 0.4, Diff: 0.2, Sum: 2.8]
      [Code Root Scanning (ms): Min: 0.0, Avg: 0.0, Max: 0.0, Diff: 0.0, Sum: 0.0]
      [Object Copy (ms): Min: 29.5, Avg: 29.5, Max: 29.6, Diff: 0.0, Sum: 236.4]
      [Termination (ms): Min: 0.0, Avg: 0.0, Max: 0.0, Diff: 0.0, Sum: 0.0]
      [GC Worker Other (ms): Min: 0.0, Avg: 0.1, Max: 0.1, Diff: 0.0, Sum: 0.4]
      [GC Worker Total (ms): Min: 31.0, Avg: 31.0, Max: 31.1, Diff: 0.1, Sum: 248.3]
      [GC Worker End (ms): Min: 249758.3, Avg: 249758.3, Max: 249758.3, Diff: 0.0]
   [Code Root Fixup: 0.0 ms]
   [Code Root Migration: 0.1 ms]
   [Clear CT: 0.4 ms]
   [Other: 0.8 ms]
      [Choose CSet: 0.0 ms]
      [Ref Proc: 0.1 ms]
      [Ref Enq: 0.0 ms]
      [Free CSet: 0.6 ms]
   [Eden: 853.0M(853.0M)->0.0B(852.0M) Survivors: 69.0M->70.0M Heap: 1081.6M(1538.0M)->229.1M(1538.0M)]
 [Times: user=0.25 sys=0.00, real=0.03 secs] 
249.760: Total time for which application threads were stopped: 0.0325930 seconds, Stopping threads took: 0.0000550 seconds
250.203: Application time: 0.4428390 seconds
250.203: [GC pause (young), 0.0333190 secs]
   [Parallel Time: 32.1 ms, GC Workers: 8]
      [GC Worker Start (ms): Min: 250202.7, Avg: 250202.7, Max: 250202.7, Diff: 0.1]
      [Ext Root Scanning (ms): Min: 0.7, Avg: 0.8, Max: 0.8, Diff: 0.1, Sum: 6.2]
      [Update RS (ms): Min: 0.2, Avg: 0.3, Max: 0.4, Diff: 0.2, Sum: 2.3]
         [Processed Buffers: Min: 1, Avg: 2.1, Max: 4, Diff: 3, Sum: 17]
      [Scan RS (ms): Min: 0.2, Avg: 0.4, Max: 0.4, Diff: 0.2, Sum: 2.9]
      [Code Root Scanning (ms): Min: 0.0, Avg: 0.0, Max: 0.0, Diff: 0.0, Sum: 0.0]
      [Object Copy (ms): Min: 30.5, Avg: 30.5, Max: 30.6, Diff: 0.1, Sum: 244.1]
      [Termination (ms): Min: 0.0, Avg: 0.0, Max: 0.0, Diff: 0.0, Sum: 0.0]
      [GC Worker Other (ms): Min: 0.0, Avg: 0.1, Max: 0.1, Diff: 0.0, Sum: 0.4]
      [GC Worker Total (ms): Min: 32.0, Avg: 32.0, Max: 32.0, Diff: 0.1, Sum: 256.1]
      [GC Worker End (ms): Min: 250234.7, Avg: 250234.7, Max: 250234.7, Diff: 0.0]
   [Code Root Fixup: 0.0 ms]
   [Code Root Migration: 0.1 ms]
   [Clear CT: 0.4 ms]
   [Other: 0.7 ms]
      [Choose CSet: 0.0 ms]
      [Ref Proc: 0.1 ms]
      [Ref Enq: 0.0 ms]
      [Free CSet: 0.6 ms]
   [Eden: 852.0M(852.0M)->0.0B(851.0M) Survivors: 70.0M->71.0M Heap: 1081.1M(1538.0M)->230.6M(1538.0M)]
 [Times: user=0.26 sys=0.00, real=0.04 secs] 
250.236: Total time for which application threads were stopped: 0.0335140 seconds, Stopping threads took: 0.0000390 seconds
250.678: Application time: 0.4416010 seconds
250.678: [GC pause (young), 0.0324660 secs]
   [Parallel Time: 31.2 ms, GC Workers: 8]
      [GC Worker Start (ms): Min: 250677.8, Avg: 250677.8, Max: 250677.9, Diff: 0.1]
      [Ext Root Scanning (ms): Min: 0.7, Avg: 0.8, Max: 0.9, Diff: 0.2, Sum: 6.2]
      [Update RS (ms): Min: 0.2, Avg: 0.3, Max: 0.4, Diff: 0.2, Sum: 2.3]
         [Processed Buffers: Min: 1, Avg: 2.1, Max: 4, Diff: 3, Sum: 17]
      [Scan RS (ms): Min: 0.3, Avg: 0.4, Max: 0.4, Diff: 0.2, Sum: 3.1]
      [Code Root Scanning (ms): Min: 0.0, Avg: 0.0, Max: 0.0, Diff: 0.0, Sum: 0.0]
      [Object Copy (ms): Min: 29.6, Avg: 29.6, Max: 29.7, Diff: 0.1, Sum: 237.0]
      [Termination (ms): Min: 0.0, Avg: 0.0, Max: 0.0, Diff: 0.0, Sum: 0.0]
      [GC Worker Other (ms): Min: 0.0, Avg: 0.1, Max: 0.1, Diff: 0.0, Sum: 0.4]
      [GC Worker Total (ms): Min: 31.1, Avg: 31.1, Max: 31.2, Diff: 0.1, Sum: 249.1]
      [GC Worker End (ms): Min: 250708.9, Avg: 250709.0, Max: 250709.0, Diff: 0.0]
   [Code Root Fixup: 0.1 ms]
   [Code Root Migration: 0.1 ms]
   [Clear CT: 0.4 ms]
   [Other: 0.8 ms]
      [Choose CSet: 0.0 ms]
      [Ref Proc: 0.1 ms]
      [Ref Enq: 0.0 ms]
      [Free CSet: 0.6 ms]
   [Eden: 851.0M(851.0M)->0.0B(852.0M) Survivors: 71.0M->70.0M Heap: 1081.6M(1538.0M)->229.1M(1538.0M)]
 [Times: user=0.25 sys=0.00, real=0.03 secs] 
250.710: Total time for which application threads were stopped: 0.0326670 seconds, Stopping threads took: 0.0000650 seconds
251.153: Application time: 0.4429040 seconds
251.153: [GC pause (young), 0.0319070 secs]
   [Parallel Time: 30.6 ms, GC Workers: 8]
      [GC Worker Start (ms): Min: 251153.4, Avg: 251153.4, Max: 251153.4, Diff: 0.1]
      [Ext Root Scanning (ms): Min: 0.7, Avg: 0.8, Max: 0.8, Diff: 0.1, Sum: 6.3]
      [Update RS (ms): Min: 0.2, Avg: 0.3, Max: 0.5, Diff: 0.2, Sum: 2.4]
         [Processed Buffers: Min: 1, Avg: 2.1, Max: 3, Diff: 2, Sum: 17]
      [Scan RS (ms): Min: 0.2, Avg: 0.3, Max: 0.4, Diff: 0.2, Sum: 2.8]
      [Code Root Scanning (ms): Min: 0.0, Avg: 0.0, Max: 0.0, Diff: 0.0, Sum: 0.0]
      [Object Copy (ms): Min: 29.0, Avg: 29.0, Max: 29.0, Diff: 0.0, Sum: 232.2]
      [Termination (ms): Min: 0.0, Avg: 0.0, Max: 0.0, Diff: 0.0, Sum: 0.0]
      [GC Worker Other (ms): Min: 0.0, Avg: 0.0, Max: 0.1, Diff: 0.0, Sum: 0.4]
      [GC Worker Total (ms): Min: 30.5, Avg: 30.5, Max: 30.6, Diff: 0.1, Sum: 244.1]
      [GC Worker End (ms): Min: 251183.9, Avg: 251183.9, Max: 251183.9, Diff: 0.0]
   [Code Root Fixup: 0.0 ms]
   [Code Root Migration: 0.1 ms]
   [Clear CT: 0.4 ms]
   [Other: 0.8 ms]
      [Choose CSet: 0.0 ms]
      [Ref Proc: 0.1 ms]
      [Ref Enq: 0.0 ms]
      [Free CSet: 0.6 ms]
   [Eden: 852.0M(852.0M)->0.0B(853.0M) Survivors: 70.0M->69.0M Heap: 1081.1M(1538.0M)->228.1M(1538.0M)]
 [Times: user=0.24 sys=0.00, real=0.03 secs] 
251.185: Total time for which application threads were stopped: 0.0320890 seconds, Stopping threads took: 0.0000320 seconds
251.626: Application time: 0.4405050 seconds
251.626: [GC pause (young), 0.0334450 secs]
   [Parallel Time: 32.2 ms, GC Workers: 8]
      [GC Worker Start (ms): Min: 251625.9, Avg: 251626.0, Max: 251626.0, Diff: 0.1]
      [Ext Root Scanning (ms): Min: 0.7, Avg: 0.8, Max: 0.8, Diff: 0.1, Sum: 6.1]
      [Update RS (ms): Min: 0.2, Avg: 0.3, Max: 0.5, Diff: 0.3, Sum: 2.4]
         [Processed Buffers: Min: 2, Avg: 2.1, Max: 3, Diff: 1, Sum: 17]
      [Scan RS (ms): Min: 0.2, Avg: 0.4, Max: 0.5, Diff: 0.2, Sum: 3.1]
      [Code Root Scanning (ms): Min: 0.0, Avg: 0.0, Max: 0.0, Diff: 0.0, Sum: 0.0]
      [Object Copy (ms): Min: 30.6, Avg: 30.6, Max: 30.7, Diff: 0.1, Sum: 244.8]
      [Termination (ms): Min: 0.0, Avg: 0.0, Max: 0.0, Diff: 0.0, Sum: 0.3]
      [GC Worker Other (ms): Min: 0.0, Avg: 0.0, Max: 0.1, Diff: 0.0, Sum: 0.3]
      [GC Worker Total (ms): Min: 32.1, Avg: 32.1, Max: 32.2, Diff: 0.1, Sum: 256.9]
      [GC Worker End (ms): Min: 251658.0, Avg: 251658.1, Max: 251658.1, Diff: 0.1]
   [Code Root Fixup: 0.0 ms]
   [Code Root Migration: 0.1 ms]
   [Clear CT: 0.4 ms]
   [Other: 0.7 ms]
      [Choose CSet: 0.0 ms]
      [Ref Proc: 0.1 ms]
      [Ref Enq: 0.0 ms]
      [Free CSet: 0.6 ms]
   [Eden: 853.0M(853.0M)->0.0B(851.0M) Survivors: 69.0M->71.0M Heap: 1081.1M(1538.0M)->230.1M(1538.0M)]
 [Times: user=0.26 sys=0.00, real=0.03 secs] 
251.659: Total time for which application threads were stopped: 0.0336010 seconds, Stopping threads took: 0.0000150 seconds
252.099: Application time: 0.4393180 seconds
252.099: [GC pause (young), 0.0318170 secs]
   [Parallel Time: 30.6 ms, GC Workers: 8]
      [GC Worker Start (ms): Min: 252098.9, Avg: 252098.9, Max: 252099.0, Diff: 0.1]
      [Ext Root Scanning (ms): Min: 0.7, Avg: 0.8, Max: 0.8, Diff: 0.1, Sum: 6.3]
      [Update RS (ms): Min: 0.2, Avg: 0.3, Max: 0.4, Diff: 0.2, Sum: 2.4]
         [Processed Buffers: Min: 1, Avg: 2.1, Max: 3, Diff: 2, Sum: 17]
      [Scan RS (ms): Min: 0.2, Avg: 0.4, Max: 0.4, Diff: 0.2, Sum: 2.9]
      [Code Root Scanning (ms): Min: 0.0, Avg: 0.0, Max: 0.0, Diff: 0.0, Sum: 0.0]
      [Object Copy (ms): Min: 29.0, Avg: 29.0, Max: 29.0, Diff: 0.0, Sum: 231.8]
      [Termination (ms): Min: 0.0, Avg: 0.0, Max: 0.0, Diff: 0.0, Sum: 0.0]
      [GC Worker Other (ms): Min: 0.0, Avg: 0.1, Max: 0.1, Diff: 0.1, Sum: 0.5]
      [GC Worker Total (ms): Min: 30.4, Avg: 30.5, Max: 30.5, Diff: 0.1, Sum: 243.9]
      [GC Worker End (ms): Min: 252129.4, Avg: 252129.4, Max: 252129.4, Diff: 0.1]
   [Code Root Fixup: 0.0 ms]
   [Code Root Migration: 0.1 ms]
   [Clear CT: 0.4 ms]
   [Other: 0.7 ms]
      [Choose CSet: 0.0 ms]
      [Ref Proc: 0.1 ms]
      [Ref Enq: 0.0 ms]
      [Free CSet: 0.6 ms]
   [Eden: 851.0M(851.0M)->0.0B(853.0M) Survivors: 71.0M->69.0M Heap: 1081.1M(1538.0M)->228.1M(1538.0M)]
 [Times: user=0.24 sys=0.00, real=0.03 secs] 
252.131: Total time for which application threads were stopped: 0.0320190 seconds, Stopping threads took: 0.0000500 seconds
252.571: Application time: 0.4400330 seconds
252.571: [GC pause (young), 0.0315790 secs]
   [Parallel Time: 30.3 ms, GC Workers: 8]
      [GC Worker Start (ms): Min: 252570.9, Avg: 252571.0, Max: 252571.3, Diff: 0.4]
      [Ext Root Scanning (ms): Min: 0.5, Avg: 0.7, Max: 0.8, Diff: 0.3, Sum: 5.7]
      [Update RS (ms): Min: 0.2, Avg: 0.3, Max: 0.4, Diff: 0.2, Sum: 2.4]
         [Processed Buffers: Min: 1, Avg: 2.1, Max: 5, Diff: 4, Sum: 17]
      [Scan RS (ms): Min: 0.3, Avg: 0.4, Max: 0.4, Diff: 0.2, Sum: 3.0]
      [Code Root Scanning (ms): Min: 0.0, Avg: 0.0, Max: 0.0, Diff: 0.0, Sum: 0.0]
      [Object Copy (ms): Min: 28.7, Avg: 28.8, Max: 28.8, Diff: 0.1, Sum: 230.1]
      [Termination (ms): Min: 0.0, Avg: 0.0, Max: 0.0, Diff: 0.0, Sum: 0.0]
      [GC Worker Other (ms): Min: 0.0, Avg: 0.1, Max: 0.1, Diff: 0.0, Sum: 0.4]
      [GC Worker Total (ms): Min: 29.9, Avg: 30.2, Max: 30.3, Diff: 0.4, Sum: 241.7]
      [GC Worker End (ms): Min: 252601.2, Avg: 252601.2, Max: 252601.2, Diff: 0.0]
   [Code Root Fixup: 0.0 ms]
   [Code Root Migration: 0.1 ms]
   [Clear CT: 0.4 ms]
   [Other: 0.7 ms]
      [Choose CSet: 0.0 ms]
      [Ref Proc: 0.1 ms]
      [Ref Enq: 0.0 ms]
      [Free CSet: 0.6 ms]
   [Eden: 853.0M(853.0M)->0.0B(853.0M) Survivors: 69.0M->69.0M Heap: 1081.1M(1538.0M)->228.1M(1538.0M)]
 [Times: user=0.25 sys=0.00, real=0.03 secs] 
252.603: Total time for which application threads were stopped: 0.0317620 seconds, Stopping threads took: 0.0000420 seconds
253.044: Application time: 0.4410910 seconds
253.044: [GC pause (young), 0.0332300 secs]
   [Parallel Time: 31.9 ms, GC Workers: 8]
      [GC Worker Start (ms): Min: 253043.8, Avg: 253043.8, Max: 253043.9, Diff: 0.1]
      [Ext Root Scanning (ms): Min: 0.7, Avg: 0.8, Max: 0.8, Diff: 0.1, Sum: 6.2]
      [Update RS (ms): Min: 0.2, Avg: 0.3, Max: 0.4, Diff: 0.2, Sum: 2.4]
         [Processed Buffers: Min: 1, Avg: 2.1, Max: 3, Diff: 2, Sum: 17]
      [Scan RS (ms): Min: 0.2, Avg: 0.4, Max: 0.4, Diff: 0.2, Sum: 2.8]
      [Code Root Scanning (ms): Min: 0.0, Avg: 0.0, Max: 0.0, Diff: 0.0, Sum: 0.0]
      [Object Copy (ms): Min: 30.4, Avg: 30.4, Max: 30.4, Diff: 0.1, Sum: 243.2]
      [Termination (ms): Min: 0.0, Avg: 0.0, Max: 0.0, Diff: 0.0, Sum: 0.0]
      [GC Worker Other (ms): Min: 0.0, Avg: 0.0, Max: 0.1, Diff: 0.0, Sum: 0.4]
      [GC Worker Total (ms): Min: 31.8, Avg: 31.9, Max: 31.9, Diff: 0.1, Sum: 255.0]
      [GC Worker End (ms): Min: 253075.7, Avg: 253075.7, Max: 253075.7, Diff: 0.0]
   [Code Root Fixup: 0.0 ms]
   [Code Root Migration: 0.1 ms]
   [Clear CT: 0.4 ms]
   [Other: 0.8 ms]
      [Choose CSet: 0.0 ms]
      [Ref Proc: 0.1 ms]
      [Ref Enq: 0.0 ms]
      [Free CSet: 0.6 ms]
   [Eden: 853.0M(853.0M)->0.0B(850.0M) Survivors: 69.0M->72.0M Heap: 1081.1M(1538.0M)->231.1M(1538.0M)]
 [Times: user=0.26 sys=0.00, real=0.03 secs] 
253.077: Total time for which application threads were stopped: 0.0334250 seconds, Stopping threads took: 0.0000370 seconds
253.517: Application time: 0.4394260 seconds
253.517: [GC pause (young), 0.0329640 secs]
   [Parallel Time: 31.7 ms, GC Workers: 8]
      [GC Worker Start (ms): Min: 253516.7, Avg: 253516.7, Max: 253516.7, Diff: 0.1]
      [Ext Root Scanning (ms): Min: 0.7, Avg: 0.8, Max: 0.8, Diff: 0.1, Sum: 6.1]
      [Update RS (ms): Min: 0.2, Avg: 0.3, Max: 0.4, Diff: 0.2, Sum: 2.4]
         [Processed Buffers: Min: 1, Avg: 2.1, Max: 4, Diff: 3, Sum: 17]
      [Scan RS (ms): Min: 0.2, Avg: 0.3, Max: 0.4, Diff: 0.2, Sum: 2.8]
      [Code Root Scanning (ms): Min: 0.0, Avg: 0.0, Max: 0.0, Diff: 0.0, Sum: 0.0]
      [Object Copy (ms): Min: 30.1, Avg: 30.1, Max: 30.2, Diff: 0.1, Sum: 241.0]
      [Termination (ms): Min: 0.0, Avg: 0.0, Max: 0.0, Diff: 0.0, Sum: 0.0]
      [GC Worker Other (ms): Min: 0.0, Avg: 0.1, Max: 0.1, Diff: 0.0, Sum: 0.4]
      [GC Worker Total (ms): Min: 31.5, Avg: 31.6, Max: 31.6, Diff: 0.1, Sum: 252.7]
      [GC Worker End (ms): Min: 253548.3, Avg: 253548.3, Max: 253548.3, Diff: 0.0]
   [Code Root Fixup: 0.0 ms]
   [Code Root Migration: 0.1 ms]
   [Clear CT: 0.4 ms]
   [Other: 0.8 ms]
      [Choose CSet: 0.0 ms]
      [Ref Proc: 0.1 ms]
      [Ref Enq: 0.0 ms]
      [Free CSet: 0.6 ms]
   [Eden: 850.0M(850.0M)->0.0B(851.0M) Survivors: 72.0M->71.0M Heap: 1081.1M(1538.0M)->230.7M(1538.0M)]
 [Times: user=0.26 sys=0.00, real=0.03 secs] 
253.550: Total time for which application threads were stopped: 0.0331570 seconds, Stopping threads took: 0.0000550 seconds
253.997: Application time: 0.4472890 seconds
253.997: [GC pause (young), 0.0319050 secs]
   [Parallel Time: 30.7 ms, GC Workers: 8]
      [GC Worker Start (ms): Min: 253997.1, Avg: 253997.1, Max: 253997.2, Diff: 0.1]
      [Ext Root Scanning (ms): Min: 0.7, Avg: 0.8, Max: 0.8, Diff: 0.1, Sum: 6.2]
      [Update RS (ms): Min: 0.2, Avg: 0.3, Max: 0.4, Diff: 0.2, Sum: 2.3]
         [Processed Buffers: Min: 1, Avg: 2.1, Max: 3, Diff: 2, Sum: 17]
      [Scan RS (ms): Min: 0.2, Avg: 0.4, Max: 0.4, Diff: 0.2, Sum: 2.9]
      [Code Root Scanning (ms): Min: 0.0, Avg: 0.0, Max: 0.0, Diff: 0.0, Sum: 0.0]
      [Object Copy (ms): Min: 29.1, Avg: 29.2, Max: 29.2, Diff: 0.0, Sum: 233.3]
      [Termination (ms): Min: 0.0, Avg: 0.0, Max: 0.0, Diff: 0.0, Sum: 0.0]
      [GC Worker Other (ms): Min: 0.0, Avg: 0.0, Max: 0.1, Diff: 0.0, Sum: 0.3]
      [GC Worker Total (ms): Min: 30.6, Avg: 30.6, Max: 30.6, Diff: 0.1, Sum: 245.0]
      [GC Worker End (ms): Min: 254027.8, Avg: 254027.8, Max: 254027.8, Diff: 0.0]
   [Code Root Fixup: 0.0 ms]
   [Code Root Migration: 0.1 ms]
   [Clear CT: 0.4 ms]
   [Other: 0.7 ms]
      [Choose CSet: 0.0 ms]
      [Ref Proc: 0.1 ms]
      [Ref Enq: 0.0 ms]
      [Free CSet: 0.6 ms]
   [Eden: 851.0M(851.0M)->0.0B(852.0M) Survivors: 71.0M->70.0M Heap: 1081.7M(1538.0M)->229.2M(1538.0M)]
 [Times: user=0.25 sys=0.00, real=0.03 secs] 
254.029: Total time for which application threads were stopped: 0.0321210 seconds, Stopping threads took: 0.0000560 seconds
254.480: Application time: 0.4512050 seconds
254.483: [GC pause (young), 0.0329010 secs]
   [Parallel Time: 31.6 ms, GC Workers: 8]
      [GC Worker Start (ms): Min: 254483.4, Avg: 254483.5, Max: 254483.5, Diff: 0.1]
      [Ext Root Scanning (ms): Min: 0.7, Avg: 0.7, Max: 0.8, Diff: 0.1, Sum: 5.9]
      [Update RS (ms): Min: 0.2, Avg: 0.3, Max: 0.4, Diff: 0.2, Sum: 2.4]
         [Processed Buffers: Min: 1, Avg: 2.1, Max: 3, Diff: 2, Sum: 17]
      [Scan RS (ms): Min: 0.2, Avg: 0.4, Max: 0.4, Diff: 0.2, Sum: 3.0]
      [Code Root Scanning (ms): Min: 0.0, Avg: 0.0, Max: 0.0, Diff: 0.0, Sum: 0.1]
      [Object Copy (ms): Min: 30.0, Avg: 30.1, Max: 30.1, Diff: 0.1, Sum: 240.6]
      [Termination (ms): Min: 0.0, Avg: 0.0, Max: 0.0, Diff: 0.0, Sum: 0.0]
      [GC Worker Other (ms): Min: 0.0, Avg: 0.1, Max: 0.1, Diff: 0.1, Sum: 0.5]
      [GC Worker Total (ms): Min: 31.5, Avg: 31.6, Max: 31.6, Diff: 0.1, Sum: 252.4]
      [GC Worker End (ms): Min: 254515.0, Avg: 254515.0, Max: 254515.1, Diff: 0.1]
   [Code Root Fixup: 0.1 ms]
   [Code Root Migration: 0.1 ms]
   [Clear CT: 0.4 ms]
   [Other: 0.7 ms]
      [Choose CSet: 0.0 ms]
      [Ref Proc: 0.1 ms]
      [Ref Enq: 0.0 ms]
      [Free CSet: 0.6 ms]
   [Eden: 852.0M(852.0M)->0.0B(853.0M) Survivors: 70.0M->69.0M Heap: 1081.2M(1538.0M)->228.7M(1538.0M)]
 [Times: user=0.25 sys=0.00, real=0.03 secs] 
254.516: Total time for which application threads were stopped: 0.0361080 seconds, Stopping threads took: 0.0030660 seconds
254.961: Application time: 0.4449710 seconds
254.961: [GC pause (young), 0.0336190 secs]
   [Parallel Time: 32.4 ms, GC Workers: 8]
      [GC Worker Start (ms): Min: 254961.5, Avg: 254961.5, Max: 254961.6, Diff: 0.1]
      [Ext Root Scanning (ms): Min: 0.7, Avg: 0.8, Max: 0.8, Diff: 0.1, Sum: 6.1]
      [Update RS (ms): Min: 0.2, Avg: 0.3, Max: 0.4, Diff: 0.2, Sum: 2.4]
         [Processed Buffers: Min: 1, Avg: 2.1, Max: 3, Diff: 2, Sum: 17]
      [Scan RS (ms): Min: 0.2, Avg: 0.4, Max: 0.4, Diff: 0.2, Sum: 2.8]
      [Code Root Scanning (ms): Min: 0.0, Avg: 0.0, Max: 0.0, Diff: 0.0, Sum: 0.0]
      [Object Copy (ms): Min: 30.9, Avg: 30.9, Max: 30.9, Diff: 0.1, Sum: 247.0]
      [Termination (ms): Min: 0.0, Avg: 0.0, Max: 0.0, Diff: 0.0, Sum: 0.0]
      [GC Worker Other (ms): Min: 0.0, Avg: 0.1, Max: 0.1, Diff: 0.0, Sum: 0.5]
      [GC Worker Total (ms): Min: 32.3, Avg: 32.3, Max: 32.4, Diff: 0.1, Sum: 258.8]
      [GC Worker End (ms): Min: 254993.9, Avg: 254993.9, Max: 254993.9, Diff: 0.0]
   [Code Root Fixup: 0.0 ms]
   [Code Root Migration: 0.1 ms]
   [Clear CT: 0.4 ms]
   [Other: 0.7 ms]
      [Choose CSet: 0.0 ms]
      [Ref Proc: 0.1 ms]
      [Ref Enq: 0.0 ms]
      [Free CSet: 0.6 ms]
   [Eden: 853.0M(853.0M)->0.0B(850.0M) Survivors: 69.0M->72.0M Heap: 1081.7M(1538.0M)->231.2M(1538.0M)]
 [Times: user=0.26 sys=0.00, real=0.04 secs] 
254.995: Total time for which application threads were stopped: 0.0338130 seconds, Stopping threads took: 0.0000440 seconds
255.438: Application time: 0.4425220 seconds
255.438: [GC pause (young), 0.0325680 secs]
   [Parallel Time: 31.3 ms, GC Workers: 8]
      [GC Worker Start (ms): Min: 255437.9, Avg: 255437.9, Max: 255437.9, Diff: 0.1]
      [Ext Root Scanning (ms): Min: 0.7, Avg: 0.8, Max: 0.9, Diff: 0.2, Sum: 6.4]
      [Update RS (ms): Min: 0.2, Avg: 0.3, Max: 0.4, Diff: 0.2, Sum: 2.4]
         [Processed Buffers: Min: 1, Avg: 2.1, Max: 3, Diff: 2, Sum: 17]
      [Scan RS (ms): Min: 0.2, Avg: 0.4, Max: 0.4, Diff: 0.2, Sum: 2.9]
      [Code Root Scanning (ms): Min: 0.0, Avg: 0.0, Max: 0.0, Diff: 0.0, Sum: 0.0]
      [Object Copy (ms): Min: 29.7, Avg: 29.7, Max: 29.7, Diff: 0.0, Sum: 237.6]
      [Termination (ms): Min: 0.0, Avg: 0.0, Max: 0.0, Diff: 0.0, Sum: 0.0]
      [GC Worker Other (ms): Min: 0.0, Avg: 0.0, Max: 0.1, Diff: 0.0, Sum: 0.4]
      [GC Worker Total (ms): Min: 31.2, Avg: 31.2, Max: 31.2, Diff: 0.1, Sum: 249.7]
      [GC Worker End (ms): Min: 255469.1, Avg: 255469.1, Max: 255469.1, Diff: 0.0]
   [Code Root Fixup: 0.1 ms]
   [Code Root Migration: 0.1 ms]
   [Clear CT: 0.4 ms]
   [Other: 0.8 ms]
      [Choose CSet: 0.0 ms]
      [Ref Proc: 0.1 ms]
      [Ref Enq: 0.0 ms]
      [Free CSet: 0.6 ms]
   [Eden: 850.0M(850.0M)->0.0B(852.0M) Survivors: 72.0M->70.0M Heap: 1081.2M(1538.0M)->229.7M(1538.0M)]
 [Times: user=0.25 sys=0.00, real=0.03 secs] 
255.470: Total time for which application threads were stopped: 0.0327720 seconds, Stopping threads took: 0.0000570 seconds
255.912: Application time: 0.4413810 seconds
255.912: [GC pause (young), 0.0327050 secs]
   [Parallel Time: 31.5 ms, GC Workers: 8]
      [GC Worker Start (ms): Min: 255912.0, Avg: 255912.1, Max: 255912.1, Diff: 0.1]
      [Ext Root Scanning (ms): Min: 0.7, Avg: 0.8, Max: 0.8, Diff: 0.1, Sum: 6.1]
      [Update RS (ms): Min: 0.2, Avg: 0.3, Max: 0.4, Diff: 0.2, Sum: 2.4]
         [Processed Buffers: Min: 1, Avg: 2.1, Max: 3, Diff: 2, Sum: 17]
      [Scan RS (ms): Min: 0.2, Avg: 0.3, Max: 0.4, Diff: 0.2, Sum: 2.7]
      [Code Root Scanning (ms): Min: 0.0, Avg: 0.0, Max: 0.0, Diff: 0.0, Sum: 0.0]
      [Object Copy (ms): Min: 29.9, Avg: 30.0, Max: 30.0, Diff: 0.0, Sum: 239.7]
      [Termination (ms): Min: 0.0, Avg: 0.0, Max: 0.0, Diff: 0.0, Sum: 0.0]
      [GC Worker Other (ms): Min: 0.0, Avg: 0.0, Max: 0.1, Diff: 0.0, Sum: 0.4]
      [GC Worker Total (ms): Min: 31.4, Avg: 31.4, Max: 31.4, Diff: 0.0, Sum: 251.3]
      [GC Worker End (ms): Min: 255943.5, Avg: 255943.5, Max: 255943.5, Diff: 0.0]
   [Code Root Fixup: 0.0 ms]
   [Code Root Migration: 0.1 ms]
   [Clear CT: 0.4 ms]
   [Other: 0.7 ms]
      [Choose CSet: 0.0 ms]
      [Ref Proc: 0.1 ms]
      [Ref Enq: 0.0 ms]
      [Free CSet: 0.6 ms]
   [Eden: 852.0M(852.0M)->0.0B(852.0M) Survivors: 70.0M->70.0M Heap: 1081.7M(1538.0M)->229.7M(1538.0M)]
 [Times: user=0.25 sys=0.00, real=0.03 secs] 
255.945: Total time for which application threads were stopped: 0.0329250 seconds, Stopping threads took: 0.0000710 seconds
256.384: Application time: 0.4393300 seconds
256.384: [GC pause (young), 0.0316220 secs]
   [Parallel Time: 30.4 ms, GC Workers: 8]
      [GC Worker Start (ms): Min: 256384.3, Avg: 256384.3, Max: 256384.3, Diff: 0.1]
      [Ext Root Scanning (ms): Min: 0.7, Avg: 0.8, Max: 0.9, Diff: 0.2, Sum: 6.3]
      [Update RS (ms): Min: 0.2, Avg: 0.3, Max: 0.4, Diff: 0.2, Sum: 2.3]
         [Processed Buffers: Min: 1, Avg: 2.1, Max: 3, Diff: 2, Sum: 17]
      [Scan RS (ms): Min: 0.2, Avg: 0.4, Max: 0.4, Diff: 0.2, Sum: 2.8]
      [Code Root Scanning (ms): Min: 0.0, Avg: 0.0, Max: 0.0, Diff: 0.0, Sum: 0.0]
      [Object Copy (ms): Min: 28.8, Avg: 28.8, Max: 28.8, Diff: 0.0, Sum: 230.7]
      [Termination (ms): Min: 0.0, Avg: 0.0, Max: 0.0, Diff: 0.0, Sum: 0.0]
      [GC Worker Other (ms): Min: 0.0, Avg: 0.1, Max: 0.1, Diff: 0.0, Sum: 0.4]
      [GC Worker Total (ms): Min: 30.3, Avg: 30.3, Max: 30.4, Diff: 0.1, Sum: 242.7]
      [GC Worker End (ms): Min: 256414.6, Avg: 256414.6, Max: 256414.6, Diff: 0.0]
   [Code Root Fixup: 0.0 ms]
   [Code Root Migration: 0.1 ms]
   [Clear CT: 0.3 ms]
   [Other: 0.7 ms]
      [Choose CSet: 0.0 ms]
      [Ref Proc: 0.1 ms]
      [Ref Enq: 0.0 ms]
      [Free CSet: 0.6 ms]
   [Eden: 852.0M(852.0M)->0.0B(853.0M) Survivors: 70.0M->69.0M Heap: 1081.7M(1538.0M)->228.7M(1538.0M)]
 [Times: user=0.25 sys=0.00, real=0.03 secs] 
256.416: Total time for which application threads were stopped: 0.0318120 seconds, Stopping threads took: 0.0000500 seconds
256.857: Application time: 0.4407190 seconds
256.857: [GC pause (young), 0.0317030 secs]
   [Parallel Time: 30.5 ms, GC Workers: 8]
      [GC Worker Start (ms): Min: 256856.8, Avg: 256856.8, Max: 256856.9, Diff: 0.1]
      [Ext Root Scanning (ms): Min: 0.7, Avg: 0.8, Max: 0.8, Diff: 0.2, Sum: 6.4]
      [Update RS (ms): Min: 0.2, Avg: 0.3, Max: 0.4, Diff: 0.2, Sum: 2.4]
         [Processed Buffers: Min: 1, Avg: 2.1, Max: 3, Diff: 2, Sum: 17]
      [Scan RS (ms): Min: 0.2, Avg: 0.4, Max: 0.4, Diff: 0.2, Sum: 2.8]
      [Code Root Scanning (ms): Min: 0.0, Avg: 0.0, Max: 0.0, Diff: 0.0, Sum: 0.0]
      [Object Copy (ms): Min: 28.9, Avg: 28.9, Max: 28.9, Diff: 0.0, Sum: 231.0]
      [Termination (ms): Min: 0.0, Avg: 0.0, Max: 0.0, Diff: 0.0, Sum: 0.0]
      [GC Worker Other (ms): Min: 0.0, Avg: 0.1, Max: 0.1, Diff: 0.0, Sum: 0.5]
      [GC Worker Total (ms): Min: 30.3, Avg: 30.4, Max: 30.4, Diff: 0.1, Sum: 243.1]
      [GC Worker End (ms): Min: 256887.2, Avg: 256887.2, Max: 256887.2, Diff: 0.0]
   [Code Root Fixup: 0.0 ms]
   [Code Root Migration: 0.1 ms]
   [Clear CT: 0.4 ms]
   [Other: 0.7 ms]
      [Choose CSet: 0.0 ms]
      [Ref Proc: 0.1 ms]
      [Ref Enq: 0.0 ms]
      [Free CSet: 0.6 ms]
   [Eden: 853.0M(853.0M)->0.0B(853.0M) Survivors: 69.0M->69.0M Heap: 1081.7M(1538.0M)->228.7M(1538.0M)]
 [Times: user=0.25 sys=0.00, real=0.03 secs] 
256.889: Total time for which application threads were stopped: 0.0319020 seconds, Stopping threads took: 0.0000350 seconds
257.330: Application time: 0.4411880 seconds
257.330: [GC pause (young), 0.0325350 secs]
   [Parallel Time: 31.3 ms, GC Workers: 8]
      [GC Worker Start (ms): Min: 257329.9, Avg: 257329.9, Max: 257329.9, Diff: 0.1]
      [Ext Root Scanning (ms): Min: 0.7, Avg: 0.8, Max: 0.9, Diff: 0.1, Sum: 6.4]
      [Update RS (ms): Min: 0.2, Avg: 0.3, Max: 0.4, Diff: 0.2, Sum: 2.4]
         [Processed Buffers: Min: 1, Avg: 2.1, Max: 4, Diff: 3, Sum: 17]
      [Scan RS (ms): Min: 0.2, Avg: 0.4, Max: 0.4, Diff: 0.2, Sum: 2.9]
      [Code Root Scanning (ms): Min: 0.0, Avg: 0.0, Max: 0.0, Diff: 0.0, Sum: 0.0]
      [Object Copy (ms): Min: 29.7, Avg: 29.7, Max: 29.7, Diff: 0.0, Sum: 237.3]
      [Termination (ms): Min: 0.0, Avg: 0.0, Max: 0.0, Diff: 0.0, Sum: 0.0]
      [GC Worker Other (ms): Min: 0.0, Avg: 0.0, Max: 0.1, Diff: 0.0, Sum: 0.4]
      [GC Worker Total (ms): Min: 31.1, Avg: 31.2, Max: 31.2, Diff: 0.1, Sum: 249.5]
      [GC Worker End (ms): Min: 257361.1, Avg: 257361.1, Max: 257361.1, Diff: 0.0]
   [Code Root Fixup: 0.1 ms]
   [Code Root Migration: 0.1 ms]
   [Clear CT: 0.4 ms]
   [Other: 0.8 ms]
      [Choose CSet: 0.0 ms]
      [Ref Proc: 0.1 ms]
      [Ref Enq: 0.0 ms]
      [Free CSet: 0.6 ms]
   [Eden: 853.0M(853.0M)->0.0B(852.0M) Survivors: 69.0M->70.0M Heap: 1081.7M(1538.0M)->229.7M(1538.0M)]
 [Times: user=0.25 sys=0.00, real=0.03 secs] 
257.362: Total time for which application threads were stopped: 0.0326920 seconds, Stopping threads took: 0.0000150 seconds
257.800: Application time: 0.4378660 seconds
257.800: [GC pause (young), 0.0321340 secs]
   [Parallel Time: 30.8 ms, GC Workers: 8]
      [GC Worker Start (ms): Min: 257800.5, Avg: 257800.8, Max: 257803.4, Diff: 2.9]
      [Ext Root Scanning (ms): Min: 0.0, Avg: 0.7, Max: 0.9, Diff: 0.9, Sum: 5.6]
      [Update RS (ms): Min: 0.0, Avg: 0.3, Max: 0.4, Diff: 0.4, Sum: 2.2]
         [Processed Buffers: Min: 0, Avg: 2.1, Max: 4, Diff: 4, Sum: 17]
      [Scan RS (ms): Min: 0.2, Avg: 0.3, Max: 0.4, Diff: 0.2, Sum: 2.6]
      [Code Root Scanning (ms): Min: 0.0, Avg: 0.0, Max: 0.0, Diff: 0.0, Sum: 0.0]
      [Object Copy (ms): Min: 27.6, Avg: 29.0, Max: 29.3, Diff: 1.7, Sum: 232.2]
      [Termination (ms): Min: 0.0, Avg: 0.0, Max: 0.0, Diff: 0.0, Sum: 0.0]
      [GC Worker Other (ms): Min: 0.0, Avg: 0.1, Max: 0.1, Diff: 0.1, Sum: 0.5]
      [GC Worker Total (ms): Min: 27.8, Avg: 30.4, Max: 30.8, Diff: 3.0, Sum: 243.3]
      [GC Worker End (ms): Min: 257831.2, Avg: 257831.2, Max: 257831.3, Diff: 0.1]
   [Code Root Fixup: 0.0 ms]
   [Code Root Migration: 0.1 ms]
   [Clear CT: 0.4 ms]
   [Other: 0.8 ms]
      [Choose CSet: 0.0 ms]
      [Ref Proc: 0.1 ms]
      [Ref Enq: 0.0 ms]
      [Free CSet: 0.6 ms]
   [Eden: 852.0M(852.0M)->0.0B(853.0M) Survivors: 70.0M->69.0M Heap: 1081.7M(1538.0M)->228.7M(1538.0M)]
 [Times: user=0.24 sys=0.00, real=0.04 secs] 
257.833: Total time for which application threads were stopped: 0.0323190 seconds, Stopping threads took: 0.0000360 seconds
258.274: Application time: 0.4411910 seconds
258.274: [GC pause (young), 0.0314180 secs]
   [Parallel Time: 30.2 ms, GC Workers: 8]
      [GC Worker Start (ms): Min: 258274.0, Avg: 258274.0, Max: 258274.0, Diff: 0.1]
      [Ext Root Scanning (ms): Min: 0.7, Avg: 0.8, Max: 0.9, Diff: 0.1, Sum: 6.3]
      [Update RS (ms): Min: 0.2, Avg: 0.3, Max: 0.4, Diff: 0.2, Sum: 2.3]
         [Processed Buffers: Min: 1, Avg: 2.1, Max: 4, Diff: 3, Sum: 17]
      [Scan RS (ms): Min: 0.2, Avg: 0.4, Max: 0.4, Diff: 0.2, Sum: 2.9]
      [Code Root Scanning (ms): Min: 0.0, Avg: 0.0, Max: 0.0, Diff: 0.0, Sum: 0.0]
      [Object Copy (ms): Min: 28.6, Avg: 28.7, Max: 28.7, Diff: 0.0, Sum: 229.3]
      [Termination (ms): Min: 0.0, Avg: 0.0, Max: 0.0, Diff: 0.0, Sum: 0.0]
      [GC Worker Other (ms): Min: 0.0, Avg: 0.0, Max: 0.1, Diff: 0.0, Sum: 0.4]
      [GC Worker Total (ms): Min: 30.1, Avg: 30.2, Max: 30.2, Diff: 0.1, Sum: 241.2]
      [GC Worker End (ms): Min: 258304.1, Avg: 258304.2, Max: 258304.2, Diff: 0.0]
   [Code Root Fixup: 0.0 ms]
   [Code Root Migration: 0.1 ms]
   [Clear CT: 0.4 ms]
   [Other: 0.7 ms]
      [Choose CSet: 0.0 ms]
      [Ref Proc: 0.1 ms]
      [Ref Enq: 0.0 ms]
      [Free CSet: 0.6 ms]
   [Eden: 853.0M(853.0M)->0.0B(854.0M) Survivors: 69.0M->68.0M Heap: 1081.7M(1538.0M)->227.3M(1538.0M)]
 [Times: user=0.25 sys=0.00, real=0.03 secs] 
258.305: Total time for which application threads were stopped: 0.0316250 seconds, Stopping threads took: 0.0000570 seconds
258.751: Application time: 0.4458160 seconds
258.751: [GC pause (young), 0.0299320 secs]
   [Parallel Time: 28.7 ms, GC Workers: 8]
      [GC Worker Start (ms): Min: 258751.4, Avg: 258752.5, Max: 258755.4, Diff: 4.0]
      [Ext Root Scanning (ms): Min: 0.0, Avg: 0.6, Max: 0.9, Diff: 0.8, Sum: 4.7]
      [Update RS (ms): Min: 0.0, Avg: 0.3, Max: 0.4, Diff: 0.4, Sum: 2.1]
         [Processed Buffers: Min: 0, Avg: 2.1, Max: 6, Diff: 6, Sum: 17]
      [Scan RS (ms): Min: 0.1, Avg: 0.3, Max: 0.4, Diff: 0.3, Sum: 2.5]
      [Code Root Scanning (ms): Min: 0.0, Avg: 0.0, Max: 0.0, Diff: 0.0, Sum: 0.0]
      [Object Copy (ms): Min: 24.5, Avg: 26.4, Max: 27.1, Diff: 2.6, Sum: 211.6]
      [Termination (ms): Min: 0.0, Avg: 0.0, Max: 0.0, Diff: 0.0, Sum: 0.0]
      [GC Worker Other (ms): Min: 0.0, Avg: 0.1, Max: 0.1, Diff: 0.0, Sum: 0.4]
      [GC Worker Total (ms): Min: 24.7, Avg: 27.7, Max: 28.7, Diff: 4.0, Sum: 221.3]
      [GC Worker End (ms): Min: 258780.1, Avg: 258780.1, Max: 258780.1, Diff: 0.0]
   [Code Root Fixup: 0.1 ms]
   [Code Root Migration: 0.1 ms]
   [Clear CT: 0.4 ms]
   [Other: 0.7 ms]
      [Choose CSet: 0.0 ms]
      [Ref Proc: 0.1 ms]
      [Ref Enq: 0.0 ms]
      [Free CSet: 0.6 ms]
   [Eden: 854.0M(854.0M)->0.0B(856.0M) Survivors: 68.0M->66.0M Heap: 1081.3M(1538.0M)->225.3M(1538.0M)]
 [Times: user=0.22 sys=0.00, real=0.02 secs] 
258.781: Total time for which application threads were stopped: 0.0301600 seconds, Stopping threads took: 0.0000780 seconds
259.235: Application time: 0.4538180 seconds
259.235: [GC pause (young), 0.0329180 secs]
   [Parallel Time: 31.7 ms, GC Workers: 8]
      [GC Worker Start (ms): Min: 259235.4, Avg: 259235.4, Max: 259235.5, Diff: 0.1]
      [Ext Root Scanning (ms): Min: 0.7, Avg: 0.8, Max: 0.8, Diff: 0.1, Sum: 6.3]
      [Update RS (ms): Min: 0.2, Avg: 0.3, Max: 0.4, Diff: 0.2, Sum: 2.3]
         [Processed Buffers: Min: 1, Avg: 2.1, Max: 3, Diff: 2, Sum: 17]
      [Scan RS (ms): Min: 0.2, Avg: 0.4, Max: 0.4, Diff: 0.2, Sum: 2.9]
      [Code Root Scanning (ms): Min: 0.0, Avg: 0.0, Max: 0.0, Diff: 0.0, Sum: 0.0]
      [Object Copy (ms): Min: 30.1, Avg: 30.1, Max: 30.2, Diff: 0.0, Sum: 241.2]
      [Termination (ms): Min: 0.0, Avg: 0.0, Max: 0.0, Diff: 0.0, Sum: 0.0]
      [GC Worker Other (ms): Min: 0.0, Avg: 0.1, Max: 0.1, Diff: 0.0, Sum: 0.5]
      [GC Worker Total (ms): Min: 31.6, Avg: 31.6, Max: 31.7, Diff: 0.1, Sum: 253.1]
      [GC Worker End (ms): Min: 259267.1, Avg: 259267.1, Max: 259267.1, Diff: 0.0]
   [Code Root Fixup: 0.0 ms]
   [Code Root Migration: 0.1 ms]
   [Clear CT: 0.4 ms]
   [Other: 0.7 ms]
      [Choose CSet: 0.0 ms]
      [Ref Proc: 0.1 ms]
      [Ref Enq: 0.0 ms]
      [Free CSet: 0.6 ms]
   [Eden: 856.0M(856.0M)->0.0B(851.0M) Survivors: 66.0M->71.0M Heap: 1081.3M(1538.0M)->230.3M(1538.0M)]
 [Times: user=0.25 sys=0.00, real=0.03 secs] 
259.268: Total time for which application threads were stopped: 0.0331270 seconds, Stopping threads took: 0.0000560 seconds
259.715: Application time: 0.4466630 seconds
259.715: [GC pause (young), 0.0319610 secs]
   [Parallel Time: 30.7 ms, GC Workers: 8]
      [GC Worker Start (ms): Min: 259715.2, Avg: 259715.8, Max: 259719.7, Diff: 4.4]
      [Ext Root Scanning (ms): Min: 0.0, Avg: 0.7, Max: 0.8, Diff: 0.8, Sum: 5.3]
      [Update RS (ms): Min: 0.0, Avg: 0.3, Max: 0.5, Diff: 0.5, Sum: 2.3]
         [Processed Buffers: Min: 0, Avg: 2.1, Max: 4, Diff: 4, Sum: 17]
      [Scan RS (ms): Min: 0.2, Avg: 0.3, Max: 0.4, Diff: 0.2, Sum: 2.7]
      [Code Root Scanning (ms): Min: 0.0, Avg: 0.0, Max: 0.0, Diff: 0.0, Sum: 0.1]
      [Object Copy (ms): Min: 25.9, Avg: 28.7, Max: 29.1, Diff: 3.2, Sum: 229.7]
      [Termination (ms): Min: 0.0, Avg: 0.0, Max: 0.0, Diff: 0.0, Sum: 0.0]
      [GC Worker Other (ms): Min: 0.0, Avg: 0.1, Max: 0.1, Diff: 0.1, Sum: 0.5]
      [GC Worker Total (ms): Min: 26.2, Avg: 30.1, Max: 30.6, Diff: 4.4, Sum: 240.5]
      [GC Worker End (ms): Min: 259745.8, Avg: 259745.9, Max: 259745.9, Diff: 0.0]
   [Code Root Fixup: 0.0 ms]
   [Code Root Migration: 0.1 ms]
   [Clear CT: 0.4 ms]
   [Other: 0.7 ms]
      [Choose CSet: 0.0 ms]
      [Ref Proc: 0.1 ms]
      [Ref Enq: 0.0 ms]
      [Free CSet: 0.6 ms]
   [Eden: 851.0M(851.0M)->0.0B(854.0M) Survivors: 71.0M->68.0M Heap: 1081.3M(1538.0M)->227.3M(1538.0M)]
 [Times: user=0.25 sys=0.00, real=0.03 secs] 
259.749: Total time for which application threads were stopped: 0.0336920 seconds, Stopping threads took: 0.0000650 seconds
260.197: Application time: 0.4486840 seconds
260.198: [GC pause (young), 0.0326050 secs]
   [Parallel Time: 31.4 ms, GC Workers: 8]
      [GC Worker Start (ms): Min: 260197.6, Avg: 260197.6, Max: 260197.6, Diff: 0.1]
      [Ext Root Scanning (ms): Min: 0.7, Avg: 0.8, Max: 0.8, Diff: 0.1, Sum: 6.3]
      [Update RS (ms): Min: 0.2, Avg: 0.3, Max: 0.4, Diff: 0.2, Sum: 2.4]
         [Processed Buffers: Min: 1, Avg: 2.1, Max: 4, Diff: 3, Sum: 17]
      [Scan RS (ms): Min: 0.2, Avg: 0.3, Max: 0.4, Diff: 0.2, Sum: 2.7]
      [Code Root Scanning (ms): Min: 0.0, Avg: 0.0, Max: 0.0, Diff: 0.0, Sum: 0.0]
      [Object Copy (ms): Min: 29.8, Avg: 29.8, Max: 29.8, Diff: 0.0, Sum: 238.5]
      [Termination (ms): Min: 0.0, Avg: 0.0, Max: 0.0, Diff: 0.0, Sum: 0.0]
      [GC Worker Other (ms): Min: 0.0, Avg: 0.1, Max: 0.1, Diff: 0.0, Sum: 0.4]
      [GC Worker Total (ms): Min: 31.2, Avg: 31.3, Max: 31.3, Diff: 0.1, Sum: 250.4]
      [GC Worker End (ms): Min: 260228.9, Avg: 260228.9, Max: 260228.9, Diff: 0.0]
   [Code Root Fixup: 0.0 ms]
   [Code Root Migration: 0.1 ms]
   [Clear CT: 0.4 ms]
   [Other: 0.7 ms]
      [Choose CSet: 0.0 ms]
      [Ref Proc: 0.1 ms]
      [Ref Enq: 0.0 ms]
      [Free CSet: 0.6 ms]
   [Eden: 854.0M(854.0M)->0.0B(852.0M) Survivors: 68.0M->70.0M Heap: 1081.3M(1538.0M)->229.3M(1538.0M)]
 [Times: user=0.25 sys=0.00, real=0.03 secs] 
260.230: Total time for which application threads were stopped: 0.0328110 seconds, Stopping threads took: 0.0000670 seconds
260.672: Application time: 0.4419020 seconds
260.672: [GC pause (young), 0.0324790 secs]
   [Parallel Time: 31.2 ms, GC Workers: 8]
      [GC Worker Start (ms): Min: 260672.3, Avg: 260672.7, Max: 260675.4, Diff: 3.1]
      [Ext Root Scanning (ms): Min: 0.0, Avg: 0.7, Max: 0.9, Diff: 0.9, Sum: 5.7]
      [Update RS (ms): Min: 0.0, Avg: 0.3, Max: 0.4, Diff: 0.4, Sum: 2.2]
         [Processed Buffers: Min: 0, Avg: 2.1, Max: 4, Diff: 4, Sum: 17]
      [Scan RS (ms): Min: 0.1, Avg: 0.3, Max: 0.4, Diff: 0.3, Sum: 2.5]
      [Code Root Scanning (ms): Min: 0.0, Avg: 0.0, Max: 0.0, Diff: 0.0, Sum: 0.0]
      [Object Copy (ms): Min: 27.8, Avg: 29.4, Max: 29.6, Diff: 1.8, Sum: 235.1]
      [Termination (ms): Min: 0.0, Avg: 0.0, Max: 0.0, Diff: 0.0, Sum: 0.0]
      [GC Worker Other (ms): Min: 0.0, Avg: 0.0, Max: 0.1, Diff: 0.0, Sum: 0.4]
      [GC Worker Total (ms): Min: 28.0, Avg: 30.7, Max: 31.2, Diff: 3.1, Sum: 245.9]
      [GC Worker End (ms): Min: 260703.4, Avg: 260703.4, Max: 260703.4, Diff: 0.0]
   [Code Root Fixup: 0.0 ms]
   [Code Root Migration: 0.1 ms]
   [Clear CT: 0.4 ms]
   [Other: 0.8 ms]
      [Choose CSet: 0.0 ms]
      [Ref Proc: 0.1 ms]
      [Ref Enq: 0.0 ms]
      [Free CSet: 0.6 ms]
   [Eden: 852.0M(852.0M)->0.0B(852.0M) Survivors: 70.0M->70.0M Heap: 1081.3M(1538.0M)->229.8M(1538.0M)]
 [Times: user=0.25 sys=0.00, real=0.03 secs] 
260.705: Total time for which application threads were stopped: 0.0326740 seconds, Stopping threads took: 0.0000290 seconds
261.144: Application time: 0.4389800 seconds
261.144: [GC pause (young), 0.0333210 secs]
   [Parallel Time: 32.0 ms, GC Workers: 8]
      [GC Worker Start (ms): Min: 261143.9, Avg: 261143.9, Max: 261144.0, Diff: 0.1]
      [Ext Root Scanning (ms): Min: 0.7, Avg: 0.7, Max: 0.8, Diff: 0.2, Sum: 6.0]
      [Update RS (ms): Min: 0.2, Avg: 0.3, Max: 0.4, Diff: 0.2, Sum: 2.5]
         [Processed Buffers: Min: 1, Avg: 2.1, Max: 4, Diff: 3, Sum: 17]
      [Scan RS (ms): Min: 0.2, Avg: 0.4, Max: 0.5, Diff: 0.2, Sum: 2.9]
      [Code Root Scanning (ms): Min: 0.0, Avg: 0.0, Max: 0.0, Diff: 0.0, Sum: 0.0]
      [Object Copy (ms): Min: 30.4, Avg: 30.4, Max: 30.5, Diff: 0.1, Sum: 243.6]
      [Termination (ms): Min: 0.0, Avg: 0.0, Max: 0.0, Diff: 0.0, Sum: 0.0]
      [GC Worker Other (ms): Min: 0.0, Avg: 0.1, Max: 0.1, Diff: 0.0, Sum: 0.4]
      [GC Worker Total (ms): Min: 31.9, Avg: 31.9, Max: 32.0, Diff: 0.1, Sum: 255.4]
      [GC Worker End (ms): Min: 261175.8, Avg: 261175.9, Max: 261175.9, Diff: 0.0]
   [Code Root Fixup: 0.0 ms]
   [Code Root Migration: 0.1 ms]
   [Clear CT: 0.4 ms]
   [Other: 0.8 ms]
      [Choose CSet: 0.0 ms]
      [Ref Proc: 0.1 ms]
      [Ref Enq: 0.0 ms]
      [Free CSet: 0.6 ms]
   [Eden: 852.0M(852.0M)->0.0B(852.0M) Survivors: 70.0M->70.0M Heap: 1081.8M(1538.0M)->229.8M(1538.0M)]
 [Times: user=0.26 sys=0.00, real=0.03 secs] 
261.177: Total time for which application threads were stopped: 0.0334770 seconds, Stopping threads took: 0.0000170 seconds
261.616: Application time: 0.4387760 seconds
261.616: [GC pause (young), 0.0334440 secs]
   [Parallel Time: 32.1 ms, GC Workers: 8]
      [GC Worker Start (ms): Min: 261616.2, Avg: 261616.2, Max: 261616.3, Diff: 0.1]
      [Ext Root Scanning (ms): Min: 0.7, Avg: 0.8, Max: 0.8, Diff: 0.2, Sum: 6.0]
      [Update RS (ms): Min: 0.2, Avg: 0.3, Max: 0.4, Diff: 0.2, Sum: 2.4]
         [Processed Buffers: Min: 1, Avg: 2.1, Max: 3, Diff: 2, Sum: 17]
      [Scan RS (ms): Min: 0.2, Avg: 0.4, Max: 0.5, Diff: 0.3, Sum: 2.8]
      [Code Root Scanning (ms): Min: 0.0, Avg: 0.0, Max: 0.0, Diff: 0.0, Sum: 0.0]
      [Object Copy (ms): Min: 30.5, Avg: 30.6, Max: 30.6, Diff: 0.1, Sum: 244.5]
      [Termination (ms): Min: 0.0, Avg: 0.0, Max: 0.0, Diff: 0.0, Sum: 0.0]
      [GC Worker Other (ms): Min: 0.0, Avg: 0.1, Max: 0.1, Diff: 0.0, Sum: 0.4]
      [GC Worker Total (ms): Min: 32.0, Avg: 32.0, Max: 32.1, Diff: 0.1, Sum: 256.2]
      [GC Worker End (ms): Min: 261648.2, Avg: 261648.3, Max: 261648.3, Diff: 0.0]
   [Code Root Fixup: 0.0 ms]
   [Code Root Migration: 0.1 ms]
   [Clear CT: 0.4 ms]
   [Other: 0.8 ms]
      [Choose CSet: 0.0 ms]
      [Ref Proc: 0.1 ms]
      [Ref Enq: 0.0 ms]
      [Free CSet: 0.6 ms]
   [Eden: 852.0M(852.0M)->0.0B(852.0M) Survivors: 70.0M->70.0M Heap: 1081.8M(1538.0M)->229.3M(1538.0M)]
 [Times: user=0.26 sys=0.00, real=0.03 secs] 
261.650: Total time for which application threads were stopped: 0.0336290 seconds, Stopping threads took: 0.0000320 seconds
262.088: Application time: 0.4381120 seconds
262.088: [GC pause (young), 0.0319950 secs]
   [Parallel Time: 30.8 ms, GC Workers: 8]
      [GC Worker Start (ms): Min: 262088.0, Avg: 262088.4, Max: 262091.4, Diff: 3.5]
      [Ext Root Scanning (ms): Min: 0.0, Avg: 0.7, Max: 0.9, Diff: 0.9, Sum: 5.7]
      [Update RS (ms): Min: 0.0, Avg: 0.3, Max: 0.4, Diff: 0.4, Sum: 2.1]
         [Processed Buffers: Min: 0, Avg: 2.1, Max: 3, Diff: 3, Sum: 17]
      [Scan RS (ms): Min: 0.1, Avg: 0.3, Max: 0.4, Diff: 0.3, Sum: 2.7]
      [Code Root Scanning (ms): Min: 0.0, Avg: 0.0, Max: 0.0, Diff: 0.0, Sum: 0.0]
      [Object Copy (ms): Min: 27.0, Avg: 28.9, Max: 29.2, Diff: 2.1, Sum: 231.1]
      [Termination (ms): Min: 0.0, Avg: 0.0, Max: 0.0, Diff: 0.0, Sum: 0.0]
      [GC Worker Other (ms): Min: 0.0, Avg: 0.1, Max: 0.1, Diff: 0.0, Sum: 0.4]
      [GC Worker Total (ms): Min: 27.2, Avg: 30.3, Max: 30.7, Diff: 3.5, Sum: 242.1]
      [GC Worker End (ms): Min: 262118.6, Avg: 262118.7, Max: 262118.7, Diff: 0.0]
   [Code Root Fixup: 0.1 ms]
   [Code Root Migration: 0.1 ms]
   [Clear CT: 0.4 ms]
   [Other: 0.7 ms]
      [Choose CSet: 0.0 ms]
      [Ref Proc: 0.1 ms]
      [Ref Enq: 0.0 ms]
      [Free CSet: 0.6 ms]
   [Eden: 852.0M(852.0M)->0.0B(853.0M) Survivors: 70.0M->69.0M Heap: 1081.3M(1538.0M)->228.9M(1538.0M)]
 [Times: user=0.24 sys=0.00, real=0.03 secs] 
262.120: Total time for which application threads were stopped: 0.0322050 seconds, Stopping threads took: 0.0000630 seconds
262.556: Application time: 0.4364900 seconds
262.557: [GC pause (young), 0.0339570 secs]
   [Parallel Time: 32.7 ms, GC Workers: 8]
      [GC Worker Start (ms): Min: 262556.6, Avg: 262556.7, Max: 262556.7, Diff: 0.1]
      [Ext Root Scanning (ms): Min: 0.7, Avg: 0.8, Max: 0.9, Diff: 0.1, Sum: 6.4]
      [Update RS (ms): Min: 0.2, Avg: 0.3, Max: 0.4, Diff: 0.2, Sum: 2.4]
         [Processed Buffers: Min: 1, Avg: 2.1, Max: 4, Diff: 3, Sum: 17]
      [Scan RS (ms): Min: 0.2, Avg: 0.4, Max: 0.4, Diff: 0.2, Sum: 2.9]
      [Code Root Scanning (ms): Min: 0.0, Avg: 0.0, Max: 0.0, Diff: 0.0, Sum: 0.0]
      [Object Copy (ms): Min: 31.1, Avg: 31.1, Max: 31.1, Diff: 0.0, Sum: 249.0]
      [Termination (ms): Min: 0.0, Avg: 0.0, Max: 0.0, Diff: 0.0, Sum: 0.0]
      [GC Worker Other (ms): Min: 0.0, Avg: 0.1, Max: 0.1, Diff: 0.0, Sum: 0.4]
      [GC Worker Total (ms): Min: 32.6, Avg: 32.6, Max: 32.7, Diff: 0.1, Sum: 261.1]
      [GC Worker End (ms): Min: 262589.3, Avg: 262589.3, Max: 262589.3, Diff: 0.0]
   [Code Root Fixup: 0.0 ms]
   [Code Root Migration: 0.1 ms]
   [Clear CT: 0.4 ms]
   [Other: 0.7 ms]
      [Choose CSet: 0.0 ms]
      [Ref Proc: 0.1 ms]
      [Ref Enq: 0.0 ms]
      [Free CSet: 0.6 ms]
   [Eden: 853.0M(853.0M)->0.0B(849.0M) Survivors: 69.0M->73.0M Heap: 1081.9M(1538.0M)->232.4M(1538.0M)]
 [Times: user=0.26 sys=0.00, real=0.03 secs] 
262.591: Total time for which application threads were stopped: 0.0341600 seconds, Stopping threads took: 0.0000500 seconds
263.027: Application time: 0.4362180 seconds
263.027: [GC pause (young), 0.0338130 secs]
   [Parallel Time: 32.6 ms, GC Workers: 8]
      [GC Worker Start (ms): Min: 263027.0, Avg: 263027.0, Max: 263027.1, Diff: 0.1]
      [Ext Root Scanning (ms): Min: 0.7, Avg: 0.8, Max: 0.8, Diff: 0.1, Sum: 6.4]
      [Update RS (ms): Min: 0.2, Avg: 0.3, Max: 0.4, Diff: 0.2, Sum: 2.4]
         [Processed Buffers: Min: 1, Avg: 2.1, Max: 3, Diff: 2, Sum: 17]
      [Scan RS (ms): Min: 0.2, Avg: 0.3, Max: 0.4, Diff: 0.2, Sum: 2.8]
      [Code Root Scanning (ms): Min: 0.0, Avg: 0.0, Max: 0.0, Diff: 0.0, Sum: 0.0]
      [Object Copy (ms): Min: 31.0, Avg: 31.0, Max: 31.0, Diff: 0.0, Sum: 248.3]
      [Termination (ms): Min: 0.0, Avg: 0.0, Max: 0.0, Diff: 0.0, Sum: 0.0]
      [GC Worker Other (ms): Min: 0.0, Avg: 0.0, Max: 0.1, Diff: 0.0, Sum: 0.4]
      [GC Worker Total (ms): Min: 32.5, Avg: 32.5, Max: 32.6, Diff: 0.1, Sum: 260.3]
      [GC Worker End (ms): Min: 263059.5, Avg: 263059.6, Max: 263059.6, Diff: 0.0]
   [Code Root Fixup: 0.0 ms]
   [Code Root Migration: 0.1 ms]
   [Clear CT: 0.4 ms]
   [Other: 0.7 ms]
      [Choose CSet: 0.0 ms]
      [Ref Proc: 0.1 ms]
      [Ref Enq: 0.0 ms]
      [Free CSet: 0.6 ms]
   [Eden: 849.0M(849.0M)->0.0B(848.0M) Survivors: 73.0M->74.0M Heap: 1081.4M(1538.0M)->233.9M(1538.0M)]
 [Times: user=0.26 sys=0.00, real=0.03 secs] 
263.061: Total time for which application threads were stopped: 0.0339790 seconds, Stopping threads took: 0.0000280 seconds
263.503: Application time: 0.4420480 seconds
263.503: [GC pause (young), 0.0315450 secs]
   [Parallel Time: 30.3 ms, GC Workers: 8]
      [GC Worker Start (ms): Min: 263503.1, Avg: 263503.1, Max: 263503.4, Diff: 0.3]
      [Ext Root Scanning (ms): Min: 0.5, Avg: 1.7, Max: 8.6, Diff: 8.1, Sum: 13.6]
      [Update RS (ms): Min: 0.0, Avg: 0.3, Max: 0.4, Diff: 0.4, Sum: 2.2]
         [Processed Buffers: Min: 0, Avg: 2.1, Max: 5, Diff: 5, Sum: 17]
      [Scan RS (ms): Min: 0.3, Avg: 0.4, Max: 0.4, Diff: 0.2, Sum: 2.8]
      [Code Root Scanning (ms): Min: 0.0, Avg: 0.0, Max: 0.0, Diff: 0.0, Sum: 0.0]
      [Object Copy (ms): Min: 21.3, Avg: 27.9, Max: 28.8, Diff: 7.6, Sum: 222.9]
      [Termination (ms): Min: 0.0, Avg: 0.0, Max: 0.0, Diff: 0.0, Sum: 0.0]
      [GC Worker Other (ms): Min: 0.0, Avg: 0.1, Max: 0.1, Diff: 0.0, Sum: 0.4]
      [GC Worker Total (ms): Min: 30.0, Avg: 30.3, Max: 30.3, Diff: 0.3, Sum: 242.0]
      [GC Worker End (ms): Min: 263533.4, Avg: 263533.4, Max: 263533.4, Diff: 0.0]
   [Code Root Fixup: 0.0 ms]
   [Code Root Migration: 0.1 ms]
   [Clear CT: 0.4 ms]
   [Other: 0.7 ms]
      [Choose CSet: 0.0 ms]
      [Ref Proc: 0.1 ms]
      [Ref Enq: 0.0 ms]
      [Free CSet: 0.6 ms]
   [Eden: 848.0M(848.0M)->0.0B(853.0M) Survivors: 74.0M->69.0M Heap: 1081.9M(1538.0M)->228.4M(1538.0M)]
 [Times: user=0.23 sys=0.01, real=0.04 secs] 
263.535: Total time for which application threads were stopped: 0.0317690 seconds, Stopping threads took: 0.0000620 seconds
263.988: Application time: 0.4534800 seconds
263.988: [GC pause (young), 0.0325760 secs]
   [Parallel Time: 31.4 ms, GC Workers: 8]
      [GC Worker Start (ms): Min: 263988.3, Avg: 263988.3, Max: 263988.4, Diff: 0.1]
      [Ext Root Scanning (ms): Min: 0.7, Avg: 0.8, Max: 0.8, Diff: 0.1, Sum: 6.2]
      [Update RS (ms): Min: 0.2, Avg: 0.3, Max: 0.4, Diff: 0.2, Sum: 2.4]
         [Processed Buffers: Min: 1, Avg: 2.1, Max: 3, Diff: 2, Sum: 17]
      [Scan RS (ms): Min: 0.2, Avg: 0.4, Max: 0.4, Diff: 0.2, Sum: 2.8]
      [Code Root Scanning (ms): Min: 0.0, Avg: 0.0, Max: 0.0, Diff: 0.0, Sum: 0.0]
      [Object Copy (ms): Min: 29.8, Avg: 29.8, Max: 29.9, Diff: 0.1, Sum: 238.5]
      [Termination (ms): Min: 0.0, Avg: 0.0, Max: 0.0, Diff: 0.0, Sum: 0.0]
      [GC Worker Other (ms): Min: 0.0, Avg: 0.0, Max: 0.1, Diff: 0.0, Sum: 0.4]
      [GC Worker Total (ms): Min: 31.3, Avg: 31.3, Max: 31.3, Diff: 0.1, Sum: 250.3]
      [GC Worker End (ms): Min: 264019.6, Avg: 264019.6, Max: 264019.6, Diff: 0.0]
   [Code Root Fixup: 0.0 ms]
   [Code Root Migration: 0.1 ms]
   [Clear CT: 0.4 ms]
   [Other: 0.7 ms]
      [Choose CSet: 0.0 ms]
      [Ref Proc: 0.1 ms]
      [Ref Enq: 0.0 ms]
      [Free CSet: 0.6 ms]
   [Eden: 853.0M(853.0M)->0.0B(853.0M) Survivors: 69.0M->69.0M Heap: 1081.4M(1538.0M)->228.9M(1538.0M)]
 [Times: user=0.25 sys=0.00, real=0.03 secs] 
264.021: Total time for which application threads were stopped: 0.0327590 seconds, Stopping threads took: 0.0000470 seconds
264.471: Application time: 0.4499090 seconds
264.471: [GC pause (young), 0.0328940 secs]
   [Parallel Time: 31.7 ms, GC Workers: 8]
      [GC Worker Start (ms): Min: 264471.0, Avg: 264471.0, Max: 264471.1, Diff: 0.1]
      [Ext Root Scanning (ms): Min: 0.7, Avg: 0.8, Max: 0.8, Diff: 0.1, Sum: 6.4]
      [Update RS (ms): Min: 0.2, Avg: 0.3, Max: 0.5, Diff: 0.3, Sum: 2.4]
         [Processed Buffers: Min: 1, Avg: 2.1, Max: 3, Diff: 2, Sum: 17]
      [Scan RS (ms): Min: 0.3, Avg: 0.3, Max: 0.4, Diff: 0.2, Sum: 2.7]
      [Code Root Scanning (ms): Min: 0.0, Avg: 0.0, Max: 0.0, Diff: 0.0, Sum: 0.0]
      [Object Copy (ms): Min: 30.1, Avg: 30.1, Max: 30.1, Diff: 0.0, Sum: 240.7]
      [Termination (ms): Min: 0.0, Avg: 0.0, Max: 0.0, Diff: 0.0, Sum: 0.0]
      [GC Worker Other (ms): Min: 0.0, Avg: 0.1, Max: 0.1, Diff: 0.0, Sum: 0.4]
      [GC Worker Total (ms): Min: 31.6, Avg: 31.6, Max: 31.6, Diff: 0.1, Sum: 252.7]
      [GC Worker End (ms): Min: 264502.6, Avg: 264502.6, Max: 264502.6, Diff: 0.0]
   [Code Root Fixup: 0.0 ms]
   [Code Root Migration: 0.1 ms]
   [Clear CT: 0.4 ms]
   [Other: 0.7 ms]
      [Choose CSet: 0.0 ms]
      [Ref Proc: 0.1 ms]
      [Ref Enq: 0.0 ms]
      [Free CSet: 0.6 ms]
   [Eden: 853.0M(853.0M)->0.0B(851.0M) Survivors: 69.0M->71.0M Heap: 1081.9M(1538.0M)->230.9M(1538.0M)]
 [Times: user=0.26 sys=0.00, real=0.04 secs] 
264.504: Total time for which application threads were stopped: 0.0331010 seconds, Stopping threads took: 0.0000490 seconds
264.950: Application time: 0.4464430 seconds
264.950: [GC pause (young), 0.0330010 secs]
   [Parallel Time: 31.7 ms, GC Workers: 8]
      [GC Worker Start (ms): Min: 264950.5, Avg: 264950.5, Max: 264950.6, Diff: 0.1]
      [Ext Root Scanning (ms): Min: 0.7, Avg: 0.8, Max: 0.8, Diff: 0.1, Sum: 6.2]
      [Update RS (ms): Min: 0.2, Avg: 0.3, Max: 0.4, Diff: 0.2, Sum: 2.4]
         [Processed Buffers: Min: 1, Avg: 2.1, Max: 3, Diff: 2, Sum: 17]
      [Scan RS (ms): Min: 0.2, Avg: 0.3, Max: 0.4, Diff: 0.2, Sum: 2.8]
      [Code Root Scanning (ms): Min: 0.0, Avg: 0.0, Max: 0.0, Diff: 0.0, Sum: 0.0]
      [Object Copy (ms): Min: 28.6, Avg: 28.8, Max: 30.2, Diff: 1.6, Sum: 230.5]
      [Termination (ms): Min: 0.0, Avg: 1.4, Max: 1.6, Diff: 1.6, Sum: 11.2]
      [GC Worker Other (ms): Min: 0.0, Avg: 0.0, Max: 0.1, Diff: 0.0, Sum: 0.3]
      [GC Worker Total (ms): Min: 31.6, Avg: 31.7, Max: 31.7, Diff: 0.1, Sum: 253.4]
      [GC Worker End (ms): Min: 264982.2, Avg: 264982.2, Max: 264982.2, Diff: 0.0]
   [Code Root Fixup: 0.0 ms]
   [Code Root Migration: 0.1 ms]
   [Clear CT: 0.4 ms]
   [Other: 0.7 ms]
      [Choose CSet: 0.0 ms]
      [Ref Proc: 0.1 ms]
      [Ref Enq: 0.0 ms]
      [Free CSet: 0.6 ms]
   [Eden: 851.0M(851.0M)->0.0B(853.0M) Survivors: 71.0M->69.0M Heap: 1081.9M(1538.0M)->228.4M(1538.0M)]
 [Times: user=0.26 sys=0.00, real=0.04 secs] 
264.985: Total time for which application threads were stopped: 0.0347510 seconds, Stopping threads took: 0.0000400 seconds
265.429: Application time: 0.4434170 seconds
265.429: [GC pause (young), 0.0324850 secs]
   [Parallel Time: 31.2 ms, GC Workers: 8]
      [GC Worker Start (ms): Min: 265428.7, Avg: 265428.7, Max: 265428.8, Diff: 0.1]
      [Ext Root Scanning (ms): Min: 0.7, Avg: 0.8, Max: 0.8, Diff: 0.1, Sum: 6.3]
      [Update RS (ms): Min: 0.2, Avg: 0.3, Max: 0.4, Diff: 0.2, Sum: 2.4]
         [Processed Buffers: Min: 1, Avg: 2.1, Max: 4, Diff: 3, Sum: 17]
      [Scan RS (ms): Min: 0.2, Avg: 0.3, Max: 0.4, Diff: 0.2, Sum: 2.7]
      [Code Root Scanning (ms): Min: 0.0, Avg: 0.0, Max: 0.0, Diff: 0.0, Sum: 0.0]
      [Object Copy (ms): Min: 29.7, Avg: 29.7, Max: 29.7, Diff: 0.0, Sum: 237.3]
      [Termination (ms): Min: 0.0, Avg: 0.0, Max: 0.0, Diff: 0.0, Sum: 0.0]
      [GC Worker Other (ms): Min: 0.0, Avg: 0.0, Max: 0.1, Diff: 0.0, Sum: 0.4]
      [GC Worker Total (ms): Min: 31.1, Avg: 31.1, Max: 31.2, Diff: 0.1, Sum: 249.1]
      [GC Worker End (ms): Min: 265459.9, Avg: 265459.9, Max: 265459.9, Diff: 0.0]
   [Code Root Fixup: 0.0 ms]
   [Code Root Migration: 0.1 ms]
   [Clear CT: 0.4 ms]
   [Other: 0.8 ms]
      [Choose CSet: 0.0 ms]
      [Ref Proc: 0.1 ms]
      [Ref Enq: 0.0 ms]
      [Free CSet: 0.6 ms]
   [Eden: 853.0M(853.0M)->0.0B(852.0M) Survivors: 69.0M->70.0M Heap: 1081.4M(1538.0M)->229.9M(1538.0M)]
 [Times: user=0.25 sys=0.00, real=0.03 secs] 
265.461: Total time for which application threads were stopped: 0.0326930 seconds, Stopping threads took: 0.0000550 seconds
265.901: Application time: 0.4400460 seconds
265.901: [GC pause (young), 0.0325600 secs]
   [Parallel Time: 31.3 ms, GC Workers: 8]
      [GC Worker Start (ms): Min: 265901.4, Avg: 265901.4, Max: 265901.5, Diff: 0.1]
      [Ext Root Scanning (ms): Min: 0.7, Avg: 0.8, Max: 0.9, Diff: 0.1, Sum: 6.4]
      [Update RS (ms): Min: 0.2, Avg: 0.3, Max: 0.4, Diff: 0.2, Sum: 2.4]
         [Processed Buffers: Min: 1, Avg: 2.1, Max: 4, Diff: 3, Sum: 17]
      [Scan RS (ms): Min: 0.2, Avg: 0.3, Max: 0.4, Diff: 0.2, Sum: 2.8]
      [Code Root Scanning (ms): Min: 0.0, Avg: 0.0, Max: 0.0, Diff: 0.0, Sum: 0.0]
      [Object Copy (ms): Min: 29.7, Avg: 29.7, Max: 29.7, Diff: 0.0, Sum: 237.6]
      [Termination (ms): Min: 0.0, Avg: 0.0, Max: 0.0, Diff: 0.0, Sum: 0.0]
      [GC Worker Other (ms): Min: 0.0, Avg: 0.1, Max: 0.1, Diff: 0.0, Sum: 0.4]
      [GC Worker Total (ms): Min: 31.2, Avg: 31.2, Max: 31.2, Diff: 0.0, Sum: 249.6]
      [GC Worker End (ms): Min: 265932.6, Avg: 265932.6, Max: 265932.7, Diff: 0.0]
   [Code Root Fixup: 0.1 ms]
   [Code Root Migration: 0.1 ms]
   [Clear CT: 0.4 ms]
   [Other: 0.8 ms]
      [Choose CSet: 0.0 ms]
      [Ref Proc: 0.1 ms]
      [Ref Enq: 0.0 ms]
      [Free CSet: 0.6 ms]
   [Eden: 852.0M(852.0M)->0.0B(852.0M) Survivors: 70.0M->70.0M Heap: 1081.9M(1538.0M)->229.5M(1538.0M)]
 [Times: user=0.26 sys=0.00, real=0.04 secs] 
265.934: Total time for which application threads were stopped: 0.0327410 seconds, Stopping threads took: 0.0000290 seconds
266.371: Application time: 0.4365240 seconds
266.371: [GC pause (young), 0.0331630 secs]
   [Parallel Time: 31.9 ms, GC Workers: 8]
      [GC Worker Start (ms): Min: 266370.7, Avg: 266370.7, Max: 266370.8, Diff: 0.1]
      [Ext Root Scanning (ms): Min: 0.7, Avg: 0.8, Max: 0.9, Diff: 0.1, Sum: 6.5]
      [Update RS (ms): Min: 0.2, Avg: 0.3, Max: 0.4, Diff: 0.2, Sum: 2.4]
         [Processed Buffers: Min: 1, Avg: 2.1, Max: 3, Diff: 2, Sum: 17]
      [Scan RS (ms): Min: 0.2, Avg: 0.3, Max: 0.4, Diff: 0.2, Sum: 2.8]
      [Code Root Scanning (ms): Min: 0.0, Avg: 0.0, Max: 0.0, Diff: 0.0, Sum: 0.1]
      [Object Copy (ms): Min: 30.3, Avg: 30.3, Max: 30.3, Diff: 0.1, Sum: 242.3]
      [Termination (ms): Min: 0.0, Avg: 0.0, Max: 0.0, Diff: 0.0, Sum: 0.0]
      [GC Worker Other (ms): Min: 0.0, Avg: 0.1, Max: 0.1, Diff: 0.0, Sum: 0.5]
      [GC Worker Total (ms): Min: 31.8, Avg: 31.8, Max: 31.9, Diff: 0.1, Sum: 254.5]
      [GC Worker End (ms): Min: 266402.5, Avg: 266402.5, Max: 266402.5, Diff: 0.0]
   [Code Root Fixup: 0.0 ms]
   [Code Root Migration: 0.1 ms]
   [Clear CT: 0.4 ms]
   [Other: 0.7 ms]
      [Choose CSet: 0.0 ms]
      [Ref Proc: 0.1 ms]
      [Ref Enq: 0.0 ms]
      [Free CSet: 0.6 ms]
   [Eden: 852.0M(852.0M)->0.0B(852.0M) Survivors: 70.0M->70.0M Heap: 1081.5M(1538.0M)->229.5M(1538.0M)]
 [Times: user=0.26 sys=0.00, real=0.04 secs] 
266.404: Total time for which application threads were stopped: 0.0333340 seconds, Stopping threads took: 0.0000160 seconds
266.841: Application time: 0.4374550 seconds
266.841: [GC pause (young), 0.0316490 secs]
   [Parallel Time: 30.4 ms, GC Workers: 8]
      [GC Worker Start (ms): Min: 266841.5, Avg: 266841.5, Max: 266841.5, Diff: 0.1]
      [Ext Root Scanning (ms): Min: 0.6, Avg: 0.7, Max: 0.8, Diff: 0.2, Sum: 6.0]
      [Update RS (ms): Min: 0.2, Avg: 0.3, Max: 0.4, Diff: 0.2, Sum: 2.4]
         [Processed Buffers: Min: 1, Avg: 2.1, Max: 3, Diff: 2, Sum: 17]
      [Scan RS (ms): Min: 0.2, Avg: 0.4, Max: 0.4, Diff: 0.2, Sum: 3.0]
      [Code Root Scanning (ms): Min: 0.0, Avg: 0.0, Max: 0.0, Diff: 0.0, Sum: 0.0]
      [Object Copy (ms): Min: 28.8, Avg: 28.8, Max: 28.8, Diff: 0.1, Sum: 230.5]
      [Termination (ms): Min: 0.0, Avg: 0.0, Max: 0.0, Diff: 0.0, Sum: 0.0]
      [GC Worker Other (ms): Min: 0.0, Avg: 0.0, Max: 0.1, Diff: 0.0, Sum: 0.4]
      [GC Worker Total (ms): Min: 30.2, Avg: 30.3, Max: 30.3, Diff: 0.1, Sum: 242.3]
      [GC Worker End (ms): Min: 266871.8, Avg: 266871.8, Max: 266871.8, Diff: 0.0]
   [Code Root Fixup: 0.0 ms]
   [Code Root Migration: 0.1 ms]
   [Clear CT: 0.4 ms]
   [Other: 0.8 ms]
      [Choose CSet: 0.0 ms]
      [Ref Proc: 0.1 ms]
      [Ref Enq: 0.0 ms]
      [Free CSet: 0.6 ms]
   [Eden: 852.0M(852.0M)->0.0B(855.0M) Survivors: 70.0M->67.0M Heap: 1081.5M(1538.0M)->227.0M(1538.0M)]
 [Times: user=0.24 sys=0.00, real=0.04 secs] 
266.873: Total time for which application threads were stopped: 0.0318130 seconds, Stopping threads took: 0.0000250 seconds
267.313: Application time: 0.4397670 seconds
267.313: [GC pause (young), 0.0334450 secs]
   [Parallel Time: 32.2 ms, GC Workers: 8]
      [GC Worker Start (ms): Min: 267313.1, Avg: 267313.1, Max: 267313.2, Diff: 0.1]
      [Ext Root Scanning (ms): Min: 0.7, Avg: 0.8, Max: 0.8, Diff: 0.1, Sum: 6.2]
      [Update RS (ms): Min: 0.2, Avg: 0.3, Max: 0.4, Diff: 0.2, Sum: 2.3]
         [Processed Buffers: Min: 1, Avg: 2.1, Max: 3, Diff: 2, Sum: 17]
      [Scan RS (ms): Min: 0.3, Avg: 0.4, Max: 0.4, Diff: 0.2, Sum: 2.9]
      [Code Root Scanning (ms): Min: 0.0, Avg: 0.0, Max: 0.0, Diff: 0.0, Sum: 0.0]
      [Object Copy (ms): Min: 30.6, Avg: 30.7, Max: 30.7, Diff: 0.1, Sum: 245.3]
      [Termination (ms): Min: 0.0, Avg: 0.0, Max: 0.0, Diff: 0.0, Sum: 0.0]
      [GC Worker Other (ms): Min: 0.0, Avg: 0.1, Max: 0.1, Diff: 0.0, Sum: 0.4]
      [GC Worker Total (ms): Min: 32.1, Avg: 32.1, Max: 32.2, Diff: 0.1, Sum: 257.1]
      [GC Worker End (ms): Min: 267345.2, Avg: 267345.3, Max: 267345.3, Diff: 0.0]
   [Code Root Fixup: 0.1 ms]
   [Code Root Migration: 0.1 ms]
   [Clear CT: 0.4 ms]
   [Other: 0.7 ms]
      [Choose CSet: 0.0 ms]
      [Ref Proc: 0.1 ms]
      [Ref Enq: 0.0 ms]
      [Free CSet: 0.6 ms]
   [Eden: 855.0M(855.0M)->0.0B(849.0M) Survivors: 67.0M->73.0M Heap: 1082.0M(1538.0M)->232.5M(1538.0M)]
 [Times: user=0.26 sys=0.00, real=0.03 secs] 
267.347: Total time for which application threads were stopped: 0.0336520 seconds, Stopping threads took: 0.0000420 seconds
267.786: Application time: 0.4392180 seconds
267.786: [GC pause (young), 0.0324370 secs]
   [Parallel Time: 31.1 ms, GC Workers: 8]
      [GC Worker Start (ms): Min: 267786.0, Avg: 267786.0, Max: 267786.0, Diff: 0.1]
      [Ext Root Scanning (ms): Min: 0.7, Avg: 0.8, Max: 0.8, Diff: 0.1, Sum: 6.0]
      [Update RS (ms): Min: 0.2, Avg: 0.3, Max: 0.5, Diff: 0.3, Sum: 2.5]
         [Processed Buffers: Min: 1, Avg: 2.1, Max: 3, Diff: 2, Sum: 17]
      [Scan RS (ms): Min: 0.2, Avg: 0.4, Max: 0.5, Diff: 0.3, Sum: 2.9]
      [Code Root Scanning (ms): Min: 0.0, Avg: 0.0, Max: 0.0, Diff: 0.0, Sum: 0.1]
      [Object Copy (ms): Min: 29.5, Avg: 29.6, Max: 29.6, Diff: 0.1, Sum: 236.5]
      [Termination (ms): Min: 0.0, Avg: 0.0, Max: 0.0, Diff: 0.0, Sum: 0.0]
      [GC Worker Other (ms): Min: 0.0, Avg: 0.1, Max: 0.1, Diff: 0.0, Sum: 0.4]
      [GC Worker Total (ms): Min: 31.0, Avg: 31.0, Max: 31.1, Diff: 0.1, Sum: 248.4]
      [GC Worker End (ms): Min: 267817.0, Avg: 267817.1, Max: 267817.1, Diff: 0.0]
   [Code Root Fixup: 0.1 ms]
   [Code Root Migration: 0.1 ms]
   [Clear CT: 0.4 ms]
   [Other: 0.8 ms]
      [Choose CSet: 0.0 ms]
      [Ref Proc: 0.1 ms]
      [Ref Enq: 0.0 ms]
      [Free CSet: 0.6 ms]
   [Eden: 849.0M(849.0M)->0.0B(854.0M) Survivors: 73.0M->68.0M Heap: 1081.5M(1538.0M)->228.0M(1538.0M)]
 [Times: user=0.25 sys=0.00, real=0.03 secs] 
267.818: Total time for which application threads were stopped: 0.0326520 seconds, Stopping threads took: 0.0000810 seconds
268.263: Application time: 0.4448920 seconds
268.263: [GC pause (young), 0.0326930 secs]
   [Parallel Time: 31.4 ms, GC Workers: 8]
      [GC Worker Start (ms): Min: 268263.5, Avg: 268264.5, Max: 268267.4, Diff: 3.9]
      [Ext Root Scanning (ms): Min: 0.0, Avg: 0.6, Max: 0.9, Diff: 0.9, Sum: 4.7]
      [Update RS (ms): Min: 0.0, Avg: 0.3, Max: 0.4, Diff: 0.4, Sum: 2.1]
         [Processed Buffers: Min: 0, Avg: 2.1, Max: 3, Diff: 3, Sum: 17]
      [Scan RS (ms): Min: 0.1, Avg: 0.3, Max: 0.4, Diff: 0.3, Sum: 2.4]
      [Code Root Scanning (ms): Min: 0.0, Avg: 0.0, Max: 0.0, Diff: 0.0, Sum: 0.0]
      [Object Copy (ms): Min: 27.3, Avg: 29.2, Max: 29.9, Diff: 2.6, Sum: 233.5]
      [Termination (ms): Min: 0.0, Avg: 0.0, Max: 0.0, Diff: 0.0, Sum: 0.0]
      [GC Worker Other (ms): Min: 0.0, Avg: 0.1, Max: 0.1, Diff: 0.0, Sum: 0.4]
      [GC Worker Total (ms): Min: 27.5, Avg: 30.4, Max: 31.4, Diff: 3.9, Sum: 243.1]
      [GC Worker End (ms): Min: 268294.9, Avg: 268294.9, Max: 268294.9, Diff: 0.0]
   [Code Root Fixup: 0.1 ms]
   [Code Root Migration: 0.1 ms]
   [Clear CT: 0.4 ms]
   [Other: 0.8 ms]
      [Choose CSet: 0.0 ms]
      [Ref Proc: 0.1 ms]
      [Ref Enq: 0.0 ms]
      [Free CSet: 0.6 ms]
   [Eden: 854.0M(854.0M)->0.0B(851.0M) Survivors: 68.0M->71.0M Heap: 1082.0M(1538.0M)->230.5M(1538.0M)]
 [Times: user=0.24 sys=0.00, real=0.03 secs] 
268.296: Total time for which application threads were stopped: 0.0328990 seconds, Stopping threads took: 0.0000520 seconds
268.746: Application time: 0.4499690 seconds
268.746: [GC pause (young), 0.0317600 secs]
   [Parallel Time: 30.5 ms, GC Workers: 8]
      [GC Worker Start (ms): Min: 268746.3, Avg: 268746.4, Max: 268746.4, Diff: 0.1]
      [Ext Root Scanning (ms): Min: 0.7, Avg: 0.7, Max: 0.8, Diff: 0.1, Sum: 5.9]
      [Update RS (ms): Min: 0.2, Avg: 0.3, Max: 0.5, Diff: 0.2, Sum: 2.5]
         [Processed Buffers: Min: 1, Avg: 2.1, Max: 3, Diff: 2, Sum: 17]
      [Scan RS (ms): Min: 0.2, Avg: 0.3, Max: 0.4, Diff: 0.2, Sum: 2.8]
      [Code Root Scanning (ms): Min: 0.0, Avg: 0.0, Max: 0.0, Diff: 0.0, Sum: 0.0]
      [Object Copy (ms): Min: 29.0, Avg: 29.0, Max: 29.0, Diff: 0.1, Sum: 232.1]
      [Termination (ms): Min: 0.0, Avg: 0.0, Max: 0.0, Diff: 0.0, Sum: 0.0]
      [GC Worker Other (ms): Min: 0.0, Avg: 0.0, Max: 0.1, Diff: 0.0, Sum: 0.4]
      [GC Worker Total (ms): Min: 30.4, Avg: 30.5, Max: 30.5, Diff: 0.1, Sum: 243.7]
      [GC Worker End (ms): Min: 268776.8, Avg: 268776.8, Max: 268776.8, Diff: 0.0]
   [Code Root Fixup: 0.0 ms]
   [Code Root Migration: 0.1 ms]
   [Clear CT: 0.4 ms]
   [Other: 0.7 ms]
      [Choose CSet: 0.0 ms]
      [Ref Proc: 0.1 ms]
      [Ref Enq: 0.0 ms]
      [Free CSet: 0.6 ms]
   [Eden: 851.0M(851.0M)->0.0B(853.0M) Survivors: 71.0M->69.0M Heap: 1081.5M(1538.0M)->228.5M(1538.0M)]
 [Times: user=0.25 sys=0.00, real=0.03 secs] 
268.778: Total time for which application threads were stopped: 0.0319220 seconds, Stopping threads took: 0.0000140 seconds
269.232: Application time: 0.4534170 seconds
269.232: [GC pause (young), 0.0331770 secs]
   [Parallel Time: 31.9 ms, GC Workers: 8]
      [GC Worker Start (ms): Min: 269231.7, Avg: 269231.8, Max: 269231.8, Diff: 0.1]
      [Ext Root Scanning (ms): Min: 0.7, Avg: 0.7, Max: 0.8, Diff: 0.1, Sum: 5.9]
      [Update RS (ms): Min: 0.2, Avg: 0.3, Max: 0.4, Diff: 0.2, Sum: 2.4]
         [Processed Buffers: Min: 1, Avg: 2.1, Max: 4, Diff: 3, Sum: 17]
      [Scan RS (ms): Min: 0.2, Avg: 0.4, Max: 0.4, Diff: 0.2, Sum: 2.9]
      [Code Root Scanning (ms): Min: 0.0, Avg: 0.0, Max: 0.0, Diff: 0.0, Sum: 0.0]
      [Object Copy (ms): Min: 30.4, Avg: 30.4, Max: 30.4, Diff: 0.1, Sum: 243.3]
      [Termination (ms): Min: 0.0, Avg: 0.0, Max: 0.0, Diff: 0.0, Sum: 0.0]
      [GC Worker Other (ms): Min: 0.0, Avg: 0.0, Max: 0.1, Diff: 0.0, Sum: 0.3]
      [GC Worker Total (ms): Min: 31.8, Avg: 31.9, Max: 31.9, Diff: 0.1, Sum: 254.9]
      [GC Worker End (ms): Min: 269263.6, Avg: 269263.6, Max: 269263.6, Diff: 0.0]
   [Code Root Fixup: 0.0 ms]
   [Code Root Migration: 0.1 ms]
   [Clear CT: 0.4 ms]
   [Other: 0.7 ms]
      [Choose CSet: 0.0 ms]
      [Ref Proc: 0.1 ms]
      [Ref Enq: 0.0 ms]
      [Free CSet: 0.6 ms]
   [Eden: 853.0M(853.0M)->0.0B(852.0M) Survivors: 69.0M->70.0M Heap: 1081.5M(1538.0M)->230.0M(1538.0M)]
 [Times: user=0.26 sys=0.00, real=0.03 secs] 
269.265: Total time for which application threads were stopped: 0.0333850 seconds, Stopping threads took: 0.0000550 seconds
269.709: Application time: 0.4442770 seconds
269.709: [GC pause (young), 0.0333170 secs]
   [Parallel Time: 32.1 ms, GC Workers: 8]
      [GC Worker Start (ms): Min: 269709.4, Avg: 269710.6, Max: 269719.4, Diff: 10.1]
      [Ext Root Scanning (ms): Min: 0.0, Avg: 0.7, Max: 0.9, Diff: 0.8, Sum: 5.4]
      [Update RS (ms): Min: 0.0, Avg: 0.3, Max: 0.4, Diff: 0.4, Sum: 2.2]
         [Processed Buffers: Min: 0, Avg: 2.1, Max: 4, Diff: 4, Sum: 17]
      [Scan RS (ms): Min: 0.3, Avg: 0.4, Max: 0.4, Diff: 0.1, Sum: 2.8]
      [Code Root Scanning (ms): Min: 0.0, Avg: 0.0, Max: 0.0, Diff: 0.0, Sum: 0.0]
      [Object Copy (ms): Min: 21.5, Avg: 29.4, Max: 30.5, Diff: 9.0, Sum: 235.3]
      [Termination (ms): Min: 0.0, Avg: 0.0, Max: 0.0, Diff: 0.0, Sum: 0.0]
      [GC Worker Other (ms): Min: 0.0, Avg: 0.1, Max: 0.1, Diff: 0.0, Sum: 0.5]
      [GC Worker Total (ms): Min: 22.0, Avg: 30.8, Max: 32.1, Diff: 10.1, Sum: 246.2]
      [GC Worker End (ms): Min: 269741.4, Avg: 269741.4, Max: 269741.4, Diff: 0.0]
   [Code Root Fixup: 0.0 ms]
   [Code Root Migration: 0.1 ms]
   [Clear CT: 0.4 ms]
   [Other: 0.7 ms]
      [Choose CSet: 0.0 ms]
      [Ref Proc: 0.1 ms]
      [Ref Enq: 0.0 ms]
      [Free CSet: 0.6 ms]
   [Eden: 852.0M(852.0M)->0.0B(849.0M) Survivors: 70.0M->73.0M Heap: 1082.0M(1538.0M)->233.0M(1538.0M)]
 [Times: user=0.25 sys=0.00, real=0.03 secs] 
269.743: Total time for which application threads were stopped: 0.0335030 seconds, Stopping threads took: 0.0000480 seconds
270.187: Application time: 0.4440350 seconds
270.187: [GC pause (young), 0.0325970 secs]
   [Parallel Time: 31.3 ms, GC Workers: 8]
      [GC Worker Start (ms): Min: 270186.9, Avg: 270186.9, Max: 270187.0, Diff: 0.1]
      [Ext Root Scanning (ms): Min: 0.7, Avg: 0.8, Max: 0.8, Diff: 0.1, Sum: 6.4]
      [Update RS (ms): Min: 0.2, Avg: 0.3, Max: 0.4, Diff: 0.2, Sum: 2.3]
         [Processed Buffers: Min: 1, Avg: 2.1, Max: 4, Diff: 3, Sum: 17]
      [Scan RS (ms): Min: 0.2, Avg: 0.4, Max: 0.4, Diff: 0.2, Sum: 2.8]
      [Code Root Scanning (ms): Min: 0.0, Avg: 0.0, Max: 0.0, Diff: 0.0, Sum: 0.0]
      [Object Copy (ms): Min: 29.7, Avg: 29.7, Max: 29.7, Diff: 0.0, Sum: 237.7]
      [Termination (ms): Min: 0.0, Avg: 0.0, Max: 0.0, Diff: 0.0, Sum: 0.0]
      [GC Worker Other (ms): Min: 0.0, Avg: 0.1, Max: 0.1, Diff: 0.0, Sum: 0.4]
      [GC Worker Total (ms): Min: 31.2, Avg: 31.2, Max: 31.3, Diff: 0.1, Sum: 249.7]
      [GC Worker End (ms): Min: 270218.1, Avg: 270218.2, Max: 270218.2, Diff: 0.0]
   [Code Root Fixup: 0.0 ms]
   [Code Root Migration: 0.1 ms]
   [Clear CT: 0.4 ms]
   [Other: 0.8 ms]
      [Choose CSet: 0.0 ms]
      [Ref Proc: 0.1 ms]
      [Ref Enq: 0.0 ms]
      [Free CSet: 0.6 ms]
   [Eden: 849.0M(849.0M)->0.0B(853.0M) Survivors: 73.0M->69.0M Heap: 1082.0M(1538.0M)->229.1M(1538.0M)]
 [Times: user=0.25 sys=0.00, real=0.03 secs] 
270.220: Total time for which application threads were stopped: 0.0327880 seconds, Stopping threads took: 0.0000270 seconds
270.663: Application time: 0.4429760 seconds
270.663: [GC pause (young), 0.0323540 secs]
   [Parallel Time: 31.1 ms, GC Workers: 8]
      [GC Worker Start (ms): Min: 270662.7, Avg: 270662.7, Max: 270662.8, Diff: 0.1]
      [Ext Root Scanning (ms): Min: 0.7, Avg: 0.8, Max: 0.9, Diff: 0.1, Sum: 6.5]
      [Update RS (ms): Min: 0.2, Avg: 0.3, Max: 0.4, Diff: 0.2, Sum: 2.4]
         [Processed Buffers: Min: 1, Avg: 2.1, Max: 4, Diff: 3, Sum: 17]
      [Scan RS (ms): Min: 0.2, Avg: 0.3, Max: 0.4, Diff: 0.2, Sum: 2.7]
      [Code Root Scanning (ms): Min: 0.0, Avg: 0.0, Max: 0.0, Diff: 0.0, Sum: 0.0]
      [Object Copy (ms): Min: 29.5, Avg: 29.5, Max: 29.5, Diff: 0.0, Sum: 236.2]
      [Termination (ms): Min: 0.0, Avg: 0.0, Max: 0.0, Diff: 0.0, Sum: 0.0]
      [GC Worker Other (ms): Min: 0.0, Avg: 0.1, Max: 0.1, Diff: 0.0, Sum: 0.4]
      [GC Worker Total (ms): Min: 31.0, Avg: 31.0, Max: 31.1, Diff: 0.1, Sum: 248.3]
      [GC Worker End (ms): Min: 270693.7, Avg: 270693.8, Max: 270693.8, Diff: 0.0]
   [Code Root Fixup: 0.0 ms]
   [Code Root Migration: 0.1 ms]
   [Clear CT: 0.4 ms]
   [Other: 0.7 ms]
      [Choose CSet: 0.0 ms]
      [Ref Proc: 0.1 ms]
      [Ref Enq: 0.0 ms]
      [Free CSet: 0.6 ms]
   [Eden: 853.0M(853.0M)->0.0B(852.0M) Survivors: 69.0M->70.0M Heap: 1082.1M(1538.0M)->230.1M(1538.0M)]
 [Times: user=0.25 sys=0.00, real=0.04 secs] 
270.695: Total time for which application threads were stopped: 0.0325480 seconds, Stopping threads took: 0.0000500 seconds
271.133: Application time: 0.4383740 seconds
271.134: [GC pause (young), 0.0326390 secs]
   [Parallel Time: 31.4 ms, GC Workers: 8]
      [GC Worker Start (ms): Min: 271133.6, Avg: 271133.6, Max: 271133.7, Diff: 0.1]
      [Ext Root Scanning (ms): Min: 0.7, Avg: 0.8, Max: 0.8, Diff: 0.1, Sum: 6.4]
      [Update RS (ms): Min: 0.2, Avg: 0.3, Max: 0.5, Diff: 0.2, Sum: 2.3]
         [Processed Buffers: Min: 1, Avg: 2.1, Max: 4, Diff: 3, Sum: 17]
      [Scan RS (ms): Min: 0.3, Avg: 0.4, Max: 0.4, Diff: 0.1, Sum: 2.9]
      [Code Root Scanning (ms): Min: 0.0, Avg: 0.0, Max: 0.0, Diff: 0.0, Sum: 0.0]
      [Object Copy (ms): Min: 29.8, Avg: 29.8, Max: 29.8, Diff: 0.0, Sum: 238.7]
      [Termination (ms): Min: 0.0, Avg: 0.0, Max: 0.0, Diff: 0.0, Sum: 0.0]
      [GC Worker Other (ms): Min: 0.0, Avg: 0.1, Max: 0.1, Diff: 0.0, Sum: 0.4]
      [GC Worker Total (ms): Min: 31.3, Avg: 31.3, Max: 31.4, Diff: 0.1, Sum: 250.7]
      [GC Worker End (ms): Min: 271165.0, Avg: 271165.0, Max: 271165.0, Diff: 0.0]
   [Code Root Fixup: 0.0 ms]
   [Code Root Migration: 0.1 ms]
   [Clear CT: 0.4 ms]
   [Other: 0.7 ms]
      [Choose CSet: 0.0 ms]
      [Ref Proc: 0.1 ms]
      [Ref Enq: 0.0 ms]
      [Free CSet: 0.6 ms]
   [Eden: 852.0M(852.0M)->0.0B(852.0M) Survivors: 70.0M->70.0M Heap: 1082.1M(1538.0M)->229.6M(1538.0M)]
 [Times: user=0.25 sys=0.00, real=0.03 secs] 
271.166: Total time for which application threads were stopped: 0.0328390 seconds, Stopping threads took: 0.0000310 seconds
271.602: Application time: 0.4352730 seconds
271.602: [GC pause (young), 0.0335530 secs]
   [Parallel Time: 32.3 ms, GC Workers: 8]
      [GC Worker Start (ms): Min: 271601.7, Avg: 271601.9, Max: 271603.4, Diff: 1.7]
      [Ext Root Scanning (ms): Min: 0.0, Avg: 0.7, Max: 0.9, Diff: 0.9, Sum: 5.7]
      [Update RS (ms): Min: 0.0, Avg: 0.3, Max: 0.4, Diff: 0.4, Sum: 2.2]
         [Processed Buffers: Min: 0, Avg: 2.1, Max: 4, Diff: 4, Sum: 17]
      [Scan RS (ms): Min: 0.0, Avg: 0.3, Max: 0.4, Diff: 0.4, Sum: 2.5]
      [Code Root Scanning (ms): Min: 0.0, Avg: 0.0, Max: 0.0, Diff: 0.0, Sum: 0.0]
      [Object Copy (ms): Min: 30.5, Avg: 30.7, Max: 30.7, Diff: 0.2, Sum: 245.3]
      [Termination (ms): Min: 0.0, Avg: 0.0, Max: 0.0, Diff: 0.0, Sum: 0.0]
      [GC Worker Other (ms): Min: 0.0, Avg: 0.1, Max: 0.1, Diff: 0.0, Sum: 0.4]
      [GC Worker Total (ms): Min: 30.6, Avg: 32.0, Max: 32.3, Diff: 1.7, Sum: 256.3]
      [GC Worker End (ms): Min: 271634.0, Avg: 271634.0, Max: 271634.0, Diff: 0.0]
   [Code Root Fixup: 0.1 ms]
   [Code Root Migration: 0.1 ms]
   [Clear CT: 0.4 ms]
   [Other: 0.7 ms]
      [Choose CSet: 0.0 ms]
      [Ref Proc: 0.1 ms]
      [Ref Enq: 0.0 ms]
      [Free CSet: 0.6 ms]
   [Eden: 852.0M(852.0M)->0.0B(849.0M) Survivors: 70.0M->73.0M Heap: 1081.6M(1538.0M)->232.6M(1538.0M)]
 [Times: user=0.26 sys=0.00, real=0.04 secs] 
271.635: Total time for which application threads were stopped: 0.0337470 seconds, Stopping threads took: 0.0000410 seconds
272.071: Application time: 0.4355510 seconds
272.071: [GC pause (young), 0.0317440 secs]
   [Parallel Time: 30.5 ms, GC Workers: 8]
      [GC Worker Start (ms): Min: 272071.0, Avg: 272071.1, Max: 272071.1, Diff: 0.1]
      [Ext Root Scanning (ms): Min: 0.7, Avg: 0.8, Max: 0.9, Diff: 0.1, Sum: 6.4]
      [Update RS (ms): Min: 0.2, Avg: 0.3, Max: 0.4, Diff: 0.2, Sum: 2.4]
         [Processed Buffers: Min: 1, Avg: 2.1, Max: 3, Diff: 2, Sum: 17]
      [Scan RS (ms): Min: 0.2, Avg: 0.3, Max: 0.4, Diff: 0.2, Sum: 2.7]
      [Code Root Scanning (ms): Min: 0.0, Avg: 0.0, Max: 0.0, Diff: 0.0, Sum: 0.0]
      [Object Copy (ms): Min: 28.9, Avg: 28.9, Max: 29.0, Diff: 0.0, Sum: 231.6]
      [Termination (ms): Min: 0.0, Avg: 0.0, Max: 0.0, Diff: 0.0, Sum: 0.0]
      [GC Worker Other (ms): Min: 0.0, Avg: 0.1, Max: 0.1, Diff: 0.0, Sum: 0.4]
      [GC Worker Total (ms): Min: 30.4, Avg: 30.4, Max: 30.5, Diff: 0.0, Sum: 243.6]
      [GC Worker End (ms): Min: 272101.5, Avg: 272101.5, Max: 272101.5, Diff: 0.0]
   [Code Root Fixup: 0.1 ms]
   [Code Root Migration: 0.1 ms]
   [Clear CT: 0.4 ms]
   [Other: 0.7 ms]
      [Choose CSet: 0.0 ms]
      [Ref Proc: 0.1 ms]
      [Ref Enq: 0.0 ms]
      [Free CSet: 0.6 ms]
   [Eden: 849.0M(849.0M)->0.0B(852.0M) Survivors: 73.0M->70.0M Heap: 1081.6M(1538.0M)->229.6M(1538.0M)]
 [Times: user=0.25 sys=0.00, real=0.03 secs] 
272.103: Total time for which application threads were stopped: 0.0319460 seconds, Stopping threads took: 0.0000390 seconds
272.543: Application time: 0.4402800 seconds
272.543: [GC pause (young), 0.0334530 secs]
   [Parallel Time: 32.1 ms, GC Workers: 8]
      [GC Worker Start (ms): Min: 272543.2, Avg: 272543.3, Max: 272543.3, Diff: 0.1]
      [Ext Root Scanning (ms): Min: 0.7, Avg: 0.8, Max: 0.9, Diff: 0.2, Sum: 6.4]
      [Update RS (ms): Min: 0.2, Avg: 0.3, Max: 0.4, Diff: 0.2, Sum: 2.3]
         [Processed Buffers: Min: 1, Avg: 2.1, Max: 3, Diff: 2, Sum: 17]
      [Scan RS (ms): Min: 0.3, Avg: 0.4, Max: 0.4, Diff: 0.2, Sum: 2.8]
      [Code Root Scanning (ms): Min: 0.0, Avg: 0.0, Max: 0.0, Diff: 0.0, Sum: 0.0]
      [Object Copy (ms): Min: 30.5, Avg: 30.5, Max: 30.6, Diff: 0.0, Sum: 244.3]
      [Termination (ms): Min: 0.0, Avg: 0.0, Max: 0.0, Diff: 0.0, Sum: 0.0]
      [GC Worker Other (ms): Min: 0.0, Avg: 0.1, Max: 0.1, Diff: 0.1, Sum: 0.5]
      [GC Worker Total (ms): Min: 32.0, Avg: 32.1, Max: 32.1, Diff: 0.1, Sum: 256.5]
      [GC Worker End (ms): Min: 272575.3, Avg: 272575.3, Max: 272575.4, Diff: 0.1]
   [Code Root Fixup: 0.0 ms]
   [Code Root Migration: 0.1 ms]
   [Clear CT: 0.4 ms]
   [Other: 0.8 ms]
      [Choose CSet: 0.0 ms]
      [Ref Proc: 0.1 ms]
      [Ref Enq: 0.0 ms]
      [Free CSet: 0.6 ms]
   [Eden: 852.0M(852.0M)->0.0B(850.0M) Survivors: 70.0M->72.0M Heap: 1081.6M(1538.0M)->231.6M(1538.0M)]
 [Times: user=0.26 sys=0.01, real=0.04 secs] 
272.577: Total time for which application threads were stopped: 0.0336360 seconds, Stopping threads took: 0.0000310 seconds
273.018: Application time: 0.4416100 seconds
273.018: [GC pause (young), 0.0325260 secs]
   [Parallel Time: 31.2 ms, GC Workers: 8]
      [GC Worker Start (ms): Min: 273018.5, Avg: 273018.6, Max: 273018.6, Diff: 0.1]
      [Ext Root Scanning (ms): Min: 0.7, Avg: 0.8, Max: 0.8, Diff: 0.2, Sum: 6.1]
      [Update RS (ms): Min: 0.2, Avg: 0.3, Max: 0.4, Diff: 0.3, Sum: 2.4]
         [Processed Buffers: Min: 1, Avg: 2.1, Max: 3, Diff: 2, Sum: 17]
      [Scan RS (ms): Min: 0.3, Avg: 0.4, Max: 0.5, Diff: 0.2, Sum: 2.9]
      [Code Root Scanning (ms): Min: 0.0, Avg: 0.0, Max: 0.0, Diff: 0.0, Sum: 0.0]
      [Object Copy (ms): Min: 29.6, Avg: 29.7, Max: 29.7, Diff: 0.1, Sum: 237.4]
      [Termination (ms): Min: 0.0, Avg: 0.0, Max: 0.0, Diff: 0.0, Sum: 0.0]
      [GC Worker Other (ms): Min: 0.0, Avg: 0.1, Max: 0.1, Diff: 0.0, Sum: 0.4]
      [GC Worker Total (ms): Min: 31.1, Avg: 31.2, Max: 31.2, Diff: 0.1, Sum: 249.2]
      [GC Worker End (ms): Min: 273049.7, Avg: 273049.7, Max: 273049.7, Diff: 0.0]
   [Code Root Fixup: 0.0 ms]
   [Code Root Migration: 0.1 ms]
   [Clear CT: 0.4 ms]
   [Other: 0.8 ms]
      [Choose CSet: 0.0 ms]
      [Ref Proc: 0.1 ms]
      [Ref Enq: 0.0 ms]
      [Free CSet: 0.6 ms]
   [Eden: 850.0M(850.0M)->0.0B(852.0M) Survivors: 72.0M->70.0M Heap: 1081.6M(1538.0M)->229.6M(1538.0M)]
 [Times: user=0.25 sys=0.00, real=0.03 secs] 
273.051: Total time for which application threads were stopped: 0.0327310 seconds, Stopping threads took: 0.0000470 seconds
273.495: Application time: 0.4441040 seconds
273.495: [GC pause (young), 0.0321750 secs]
   [Parallel Time: 30.8 ms, GC Workers: 8]
      [GC Worker Start (ms): Min: 273495.3, Avg: 273495.4, Max: 273495.4, Diff: 0.1]
      [Ext Root Scanning (ms): Min: 0.7, Avg: 0.8, Max: 0.8, Diff: 0.2, Sum: 6.1]
      [Update RS (ms): Min: 0.2, Avg: 0.3, Max: 0.4, Diff: 0.2, Sum: 2.4]
         [Processed Buffers: Min: 1, Avg: 2.1, Max: 4, Diff: 3, Sum: 17]
      [Scan RS (ms): Min: 0.2, Avg: 0.4, Max: 0.4, Diff: 0.2, Sum: 2.8]
      [Code Root Scanning (ms): Min: 0.0, Avg: 0.0, Max: 0.0, Diff: 0.0, Sum: 0.0]
      [Object Copy (ms): Min: 29.3, Avg: 29.3, Max: 29.3, Diff: 0.0, Sum: 234.5]
      [Termination (ms): Min: 0.0, Avg: 0.0, Max: 0.0, Diff: 0.0, Sum: 0.0]
      [GC Worker Other (ms): Min: 0.0, Avg: 0.1, Max: 0.1, Diff: 0.0, Sum: 0.4]
      [GC Worker Total (ms): Min: 30.7, Avg: 30.8, Max: 30.8, Diff: 0.1, Sum: 246.2]
      [GC Worker End (ms): Min: 273526.1, Avg: 273526.1, Max: 273526.2, Diff: 0.0]
   [Code Root Fixup: 0.0 ms]
   [Code Root Migration: 0.1 ms]
   [Clear CT: 0.4 ms]
   [Other: 0.8 ms]
      [Choose CSet: 0.0 ms]
      [Ref Proc: 0.1 ms]
      [Ref Enq: 0.0 ms]
      [Free CSet: 0.6 ms]
   [Eden: 852.0M(852.0M)->0.0B(852.0M) Survivors: 70.0M->70.0M Heap: 1081.6M(1538.0M)->229.6M(1538.0M)]
 [Times: user=0.25 sys=0.00, real=0.03 secs] 
273.528: Total time for which application threads were stopped: 0.0323550 seconds, Stopping threads took: 0.0000430 seconds
273.977: Application time: 0.4494410 seconds
273.977: [GC pause (young), 0.0321660 secs]
   [Parallel Time: 30.9 ms, GC Workers: 8]
      [GC Worker Start (ms): Min: 273977.1, Avg: 273977.2, Max: 273977.2, Diff: 0.1]
      [Ext Root Scanning (ms): Min: 0.7, Avg: 0.8, Max: 0.8, Diff: 0.1, Sum: 6.2]
      [Update RS (ms): Min: 0.2, Avg: 0.3, Max: 0.4, Diff: 0.2, Sum: 2.3]
         [Processed Buffers: Min: 1, Avg: 2.1, Max: 3, Diff: 2, Sum: 17]
      [Scan RS (ms): Min: 0.3, Avg: 0.4, Max: 0.4, Diff: 0.1, Sum: 2.9]
      [Code Root Scanning (ms): Min: 0.0, Avg: 0.0, Max: 0.0, Diff: 0.0, Sum: 0.0]
      [Object Copy (ms): Min: 29.4, Avg: 29.4, Max: 29.4, Diff: 0.0, Sum: 235.0]
      [Termination (ms): Min: 0.0, Avg: 0.0, Max: 0.0, Diff: 0.0, Sum: 0.0]
      [GC Worker Other (ms): Min: 0.0, Avg: 0.0, Max: 0.1, Diff: 0.0, Sum: 0.4]
      [GC Worker Total (ms): Min: 30.8, Avg: 30.9, Max: 30.9, Diff: 0.0, Sum: 246.8]
      [GC Worker End (ms): Min: 274008.0, Avg: 274008.0, Max: 274008.0, Diff: 0.0]
   [Code Root Fixup: 0.0 ms]
   [Code Root Migration: 0.1 ms]
   [Clear CT: 0.4 ms]
   [Other: 0.7 ms]
      [Choose CSet: 0.0 ms]
      [Ref Proc: 0.1 ms]
      [Ref Enq: 0.0 ms]
      [Free CSet: 0.6 ms]
   [Eden: 852.0M(852.0M)->0.0B(854.0M) Survivors: 70.0M->68.0M Heap: 1081.6M(1538.0M)->228.1M(1538.0M)]
 [Times: user=0.24 sys=0.00, real=0.03 secs] 
274.009: Total time for which application threads were stopped: 0.0323490 seconds, Stopping threads took: 0.0000140 seconds
274.460: Application time: 0.4503900 seconds
274.460: [GC pause (young), 0.0317460 secs]
   [Parallel Time: 30.5 ms, GC Workers: 8]
      [GC Worker Start (ms): Min: 274459.9, Avg: 274460.3, Max: 274463.4, Diff: 3.5]
      [Ext Root Scanning (ms): Min: 0.0, Avg: 0.7, Max: 0.9, Diff: 0.9, Sum: 5.3]
      [Update RS (ms): Min: 0.0, Avg: 0.3, Max: 0.4, Diff: 0.4, Sum: 2.2]
         [Processed Buffers: Min: 0, Avg: 2.1, Max: 4, Diff: 4, Sum: 17]
      [Scan RS (ms): Min: 0.2, Avg: 0.4, Max: 0.4, Diff: 0.2, Sum: 2.8]
      [Code Root Scanning (ms): Min: 0.0, Avg: 0.0, Max: 0.0, Diff: 0.0, Sum: 0.0]
      [Object Copy (ms): Min: 26.6, Avg: 28.6, Max: 28.9, Diff: 2.3, Sum: 228.8]
      [Termination (ms): Min: 0.0, Avg: 0.0, Max: 0.0, Diff: 0.0, Sum: 0.0]
      [GC Worker Other (ms): Min: 0.0, Avg: 0.1, Max: 0.1, Diff: 0.0, Sum: 0.5]
      [GC Worker Total (ms): Min: 26.9, Avg: 30.0, Max: 30.4, Diff: 3.5, Sum: 239.6]
      [GC Worker End (ms): Min: 274490.3, Avg: 274490.3, Max: 274490.3, Diff: 0.0]
   [Code Root Fixup: 0.0 ms]
   [Code Root Migration: 0.1 ms]
   [Clear CT: 0.3 ms]
   [Other: 0.8 ms]
      [Choose CSet: 0.0 ms]
      [Ref Proc: 0.1 ms]
      [Ref Enq: 0.0 ms]
      [Free CSet: 0.6 ms]
   [Eden: 854.0M(854.0M)->0.0B(854.0M) Survivors: 68.0M->68.0M Heap: 1082.1M(1538.0M)->227.7M(1538.0M)]
 [Times: user=0.24 sys=0.00, real=0.04 secs] 
274.492: Total time for which application threads were stopped: 0.0319250 seconds, Stopping threads took: 0.0000410 seconds
274.940: Application time: 0.4480930 seconds
274.940: [GC pause (young), 0.0328670 secs]
   [Parallel Time: 31.6 ms, GC Workers: 8]
      [GC Worker Start (ms): Min: 274939.9, Avg: 274940.0, Max: 274940.0, Diff: 0.1]
      [Ext Root Scanning (ms): Min: 0.7, Avg: 0.8, Max: 0.8, Diff: 0.1, Sum: 6.0]
      [Update RS (ms): Min: 0.2, Avg: 0.3, Max: 0.4, Diff: 0.2, Sum: 2.4]
         [Processed Buffers: Min: 1, Avg: 2.1, Max: 3, Diff: 2, Sum: 17]
      [Scan RS (ms): Min: 0.3, Avg: 0.4, Max: 0.4, Diff: 0.1, Sum: 3.0]
      [Code Root Scanning (ms): Min: 0.0, Avg: 0.0, Max: 0.0, Diff: 0.0, Sum: 0.0]
      [Object Copy (ms): Min: 30.0, Avg: 30.1, Max: 30.1, Diff: 0.1, Sum: 240.7]
      [Termination (ms): Min: 0.0, Avg: 0.0, Max: 0.0, Diff: 0.0, Sum: 0.0]
      [GC Worker Other (ms): Min: 0.0, Avg: 0.0, Max: 0.1, Diff: 0.0, Sum: 0.3]
      [GC Worker Total (ms): Min: 31.5, Avg: 31.6, Max: 31.6, Diff: 0.1, Sum: 252.5]
      [GC Worker End (ms): Min: 274971.5, Avg: 274971.5, Max: 274971.5, Diff: 0.0]
   [Code Root Fixup: 0.0 ms]
   [Code Root Migration: 0.1 ms]
   [Clear CT: 0.4 ms]
   [Other: 0.7 ms]
      [Choose CSet: 0.0 ms]
      [Ref Proc: 0.1 ms]
      [Ref Enq: 0.0 ms]
      [Free CSet: 0.6 ms]
   [Eden: 854.0M(854.0M)->0.0B(852.0M) Survivors: 68.0M->70.0M Heap: 1081.7M(1538.0M)->229.7M(1538.0M)]
 [Times: user=0.26 sys=0.00, real=0.04 secs] 
274.973: Total time for which application threads were stopped: 0.0330810 seconds, Stopping threads took: 0.0000600 seconds
275.417: Application time: 0.4443730 seconds
275.417: [GC pause (young), 0.0331290 secs]
   [Parallel Time: 31.9 ms, GC Workers: 8]
      [GC Worker Start (ms): Min: 275417.4, Avg: 275417.4, Max: 275417.4, Diff: 0.1]
      [Ext Root Scanning (ms): Min: 0.7, Avg: 0.7, Max: 0.8, Diff: 0.1, Sum: 5.9]
      [Update RS (ms): Min: 0.2, Avg: 0.3, Max: 0.4, Diff: 0.2, Sum: 2.3]
         [Processed Buffers: Min: 1, Avg: 2.1, Max: 3, Diff: 2, Sum: 17]
      [Scan RS (ms): Min: 0.2, Avg: 0.4, Max: 0.4, Diff: 0.2, Sum: 2.8]
      [Code Root Scanning (ms): Min: 0.0, Avg: 0.0, Max: 0.0, Diff: 0.0, Sum: 0.0]
      [Object Copy (ms): Min: 30.3, Avg: 30.4, Max: 30.4, Diff: 0.1, Sum: 242.9]
      [Termination (ms): Min: 0.0, Avg: 0.0, Max: 0.0, Diff: 0.0, Sum: 0.0]
      [GC Worker Other (ms): Min: 0.0, Avg: 0.1, Max: 0.1, Diff: 0.0, Sum: 0.4]
      [GC Worker Total (ms): Min: 31.8, Avg: 31.8, Max: 31.8, Diff: 0.1, Sum: 254.4]
      [GC Worker End (ms): Min: 275449.2, Avg: 275449.2, Max: 275449.2, Diff: 0.0]
   [Code Root Fixup: 0.0 ms]
   [Code Root Migration: 0.1 ms]
   [Clear CT: 0.4 ms]
   [Other: 0.7 ms]
      [Choose CSet: 0.0 ms]
      [Ref Proc: 0.1 ms]
      [Ref Enq: 0.0 ms]
      [Free CSet: 0.6 ms]
   [Eden: 852.0M(852.0M)->0.0B(852.0M) Survivors: 70.0M->70.0M Heap: 1081.7M(1538.0M)->229.7M(1538.0M)]
 [Times: user=0.26 sys=0.00, real=0.03 secs] 
275.451: Total time for which application threads were stopped: 0.0333270 seconds, Stopping threads took: 0.0000410 seconds
275.888: Application time: 0.4379400 seconds
275.889: [GC pause (young), 0.0333500 secs]
   [Parallel Time: 32.1 ms, GC Workers: 8]
      [GC Worker Start (ms): Min: 275888.6, Avg: 275888.7, Max: 275888.7, Diff: 0.1]
      [Ext Root Scanning (ms): Min: 0.7, Avg: 0.8, Max: 0.8, Diff: 0.1, Sum: 6.0]
      [Update RS (ms): Min: 0.2, Avg: 0.3, Max: 0.4, Diff: 0.1, Sum: 2.4]
         [Processed Buffers: Min: 1, Avg: 2.1, Max: 3, Diff: 2, Sum: 17]
      [Scan RS (ms): Min: 0.3, Avg: 0.4, Max: 0.4, Diff: 0.1, Sum: 2.9]
      [Code Root Scanning (ms): Min: 0.0, Avg: 0.0, Max: 0.0, Diff: 0.0, Sum: 0.0]
      [Object Copy (ms): Min: 30.5, Avg: 30.5, Max: 30.6, Diff: 0.1, Sum: 244.3]
      [Termination (ms): Min: 0.0, Avg: 0.0, Max: 0.0, Diff: 0.0, Sum: 0.0]
      [GC Worker Other (ms): Min: 0.0, Avg: 0.1, Max: 0.1, Diff: 0.0, Sum: 0.4]
      [GC Worker Total (ms): Min: 32.0, Avg: 32.0, Max: 32.0, Diff: 0.1, Sum: 256.1]
      [GC Worker End (ms): Min: 275920.7, Avg: 275920.7, Max: 275920.7, Diff: 0.0]
   [Code Root Fixup: 0.0 ms]
   [Code Root Migration: 0.1 ms]
   [Clear CT: 0.4 ms]
   [Other: 0.7 ms]
      [Choose CSet: 0.0 ms]
      [Ref Proc: 0.1 ms]
      [Ref Enq: 0.0 ms]
      [Free CSet: 0.6 ms]
   [Eden: 852.0M(852.0M)->0.0B(851.0M) Survivors: 70.0M->71.0M Heap: 1081.7M(1538.0M)->230.7M(1538.0M)]
 [Times: user=0.26 sys=0.00, real=0.03 secs] 
275.922: Total time for which application threads were stopped: 0.0335530 seconds, Stopping threads took: 0.0000460 seconds
276.358: Application time: 0.4364510 seconds
276.359: [GC pause (young), 0.0326210 secs]
   [Parallel Time: 31.3 ms, GC Workers: 8]
      [GC Worker Start (ms): Min: 276358.6, Avg: 276358.7, Max: 276358.7, Diff: 0.1]
      [Ext Root Scanning (ms): Min: 0.7, Avg: 0.8, Max: 0.8, Diff: 0.2, Sum: 6.1]
      [Update RS (ms): Min: 0.2, Avg: 0.3, Max: 0.4, Diff: 0.2, Sum: 2.4]
         [Processed Buffers: Min: 1, Avg: 2.1, Max: 3, Diff: 2, Sum: 17]
      [Scan RS (ms): Min: 0.2, Avg: 0.4, Max: 0.4, Diff: 0.2, Sum: 2.8]
      [Code Root Scanning (ms): Min: 0.0, Avg: 0.0, Max: 0.0, Diff: 0.0, Sum: 0.0]
      [Object Copy (ms): Min: 29.7, Avg: 29.7, Max: 29.8, Diff: 0.1, Sum: 237.9]
      [Termination (ms): Min: 0.0, Avg: 0.0, Max: 0.0, Diff: 0.0, Sum: 0.0]
      [GC Worker Other (ms): Min: 0.0, Avg: 0.1, Max: 0.1, Diff: 0.0, Sum: 0.4]
      [GC Worker Total (ms): Min: 31.2, Avg: 31.2, Max: 31.3, Diff: 0.1, Sum: 249.7]
      [GC Worker End (ms): Min: 276389.9, Avg: 276389.9, Max: 276389.9, Diff: 0.0]
   [Code Root Fixup: 0.0 ms]
   [Code Root Migration: 0.1 ms]
   [Clear CT: 0.4 ms]
   [Other: 0.8 ms]
      [Choose CSet: 0.0 ms]
      [Ref Proc: 0.1 ms]
      [Ref Enq: 0.0 ms]
      [Free CSet: 0.6 ms]
   [Eden: 851.0M(851.0M)->0.0B(852.0M) Survivors: 71.0M->70.0M Heap: 1081.7M(1538.0M)->229.7M(1538.0M)]
 [Times: user=0.25 sys=0.00, real=0.03 secs] 
276.391: Total time for which application threads were stopped: 0.0328230 seconds, Stopping threads took: 0.0000460 seconds
276.831: Application time: 0.4401680 seconds
276.832: [GC pause (young), 0.0324950 secs]
   [Parallel Time: 31.2 ms, GC Workers: 8]
      [GC Worker Start (ms): Min: 276831.7, Avg: 276831.7, Max: 276831.7, Diff: 0.1]
      [Ext Root Scanning (ms): Min: 0.7, Avg: 0.8, Max: 0.8, Diff: 0.1, Sum: 6.2]
      [Update RS (ms): Min: 0.2, Avg: 0.3, Max: 0.4, Diff: 0.2, Sum: 2.4]
         [Processed Buffers: Min: 1, Avg: 2.1, Max: 3, Diff: 2, Sum: 17]
      [Scan RS (ms): Min: 0.2, Avg: 0.4, Max: 0.4, Diff: 0.2, Sum: 2.9]
      [Code Root Scanning (ms): Min: 0.0, Avg: 0.0, Max: 0.0, Diff: 0.0, Sum: 0.0]
      [Object Copy (ms): Min: 29.6, Avg: 29.6, Max: 29.7, Diff: 0.1, Sum: 237.2]
      [Termination (ms): Min: 0.0, Avg: 0.0, Max: 0.0, Diff: 0.0, Sum: 0.0]
      [GC Worker Other (ms): Min: 0.0, Avg: 0.1, Max: 0.1, Diff: 0.0, Sum: 0.5]
      [GC Worker Total (ms): Min: 31.1, Avg: 31.1, Max: 31.2, Diff: 0.0, Sum: 249.2]
      [GC Worker End (ms): Min: 276862.8, Avg: 276862.8, Max: 276862.8, Diff: 0.0]
   [Code Root Fixup: 0.0 ms]
   [Code Root Migration: 0.1 ms]
   [Clear CT: 0.4 ms]
   [Other: 0.8 ms]
      [Choose CSet: 0.0 ms]
      [Ref Proc: 0.1 ms]
      [Ref Enq: 0.0 ms]
      [Free CSet: 0.6 ms]
   [Eden: 852.0M(852.0M)->0.0B(852.0M) Survivors: 70.0M->70.0M Heap: 1081.7M(1538.0M)->229.7M(1538.0M)]
 [Times: user=0.25 sys=0.00, real=0.03 secs] 
276.864: Total time for which application threads were stopped: 0.0327000 seconds, Stopping threads took: 0.0000510 seconds
277.304: Application time: 0.4396860 seconds
277.304: [GC pause (young), 0.0338140 secs]
   [Parallel Time: 32.5 ms, GC Workers: 8]
      [GC Worker Start (ms): Min: 277304.0, Avg: 277304.1, Max: 277304.1, Diff: 0.1]
      [Ext Root Scanning (ms): Min: 0.7, Avg: 0.8, Max: 0.9, Diff: 0.1, Sum: 6.3]
      [Update RS (ms): Min: 0.2, Avg: 0.3, Max: 0.5, Diff: 0.2, Sum: 2.4]
         [Processed Buffers: Min: 1, Avg: 2.1, Max: 3, Diff: 2, Sum: 17]
      [Scan RS (ms): Min: 0.3, Avg: 0.4, Max: 0.4, Diff: 0.1, Sum: 2.8]
      [Code Root Scanning (ms): Min: 0.0, Avg: 0.0, Max: 0.0, Diff: 0.0, Sum: 0.0]
      [Object Copy (ms): Min: 30.9, Avg: 30.9, Max: 30.9, Diff: 0.0, Sum: 247.2]
      [Termination (ms): Min: 0.0, Avg: 0.0, Max: 0.0, Diff: 0.0, Sum: 0.0]
      [GC Worker Other (ms): Min: 0.0, Avg: 0.1, Max: 0.1, Diff: 0.0, Sum: 0.4]
      [GC Worker Total (ms): Min: 32.4, Avg: 32.4, Max: 32.4, Diff: 0.1, Sum: 259.2]
      [GC Worker End (ms): Min: 277336.4, Avg: 277336.5, Max: 277336.5, Diff: 0.0]
   [Code Root Fixup: 0.1 ms]
   [Code Root Migration: 0.1 ms]
   [Clear CT: 0.4 ms]
   [Other: 0.8 ms]
      [Choose CSet: 0.0 ms]
      [Ref Proc: 0.1 ms]
      [Ref Enq: 0.0 ms]
      [Free CSet: 0.6 ms]
   [Eden: 852.0M(852.0M)->0.0B(849.0M) Survivors: 70.0M->73.0M Heap: 1081.7M(1538.0M)->232.7M(1538.0M)]
 [Times: user=0.26 sys=0.00, real=0.03 secs] 
277.338: Total time for which application threads were stopped: 0.0340040 seconds, Stopping threads took: 0.0000460 seconds
277.776: Application time: 0.4377320 seconds
277.776: [GC pause (young), 0.0318230 secs]
   [Parallel Time: 30.5 ms, GC Workers: 8]
      [GC Worker Start (ms): Min: 277775.8, Avg: 277775.8, Max: 277775.9, Diff: 0.1]
      [Ext Root Scanning (ms): Min: 0.7, Avg: 0.7, Max: 0.8, Diff: 0.1, Sum: 5.9]
      [Update RS (ms): Min: 0.2, Avg: 0.3, Max: 0.4, Diff: 0.3, Sum: 2.5]
         [Processed Buffers: Min: 1, Avg: 2.1, Max: 3, Diff: 2, Sum: 17]
      [Scan RS (ms): Min: 0.3, Avg: 0.4, Max: 0.4, Diff: 0.2, Sum: 2.9]
      [Code Root Scanning (ms): Min: 0.0, Avg: 0.0, Max: 0.0, Diff: 0.0, Sum: 0.0]
      [Object Copy (ms): Min: 29.0, Avg: 29.0, Max: 29.0, Diff: 0.1, Sum: 231.9]
      [Termination (ms): Min: 0.0, Avg: 0.0, Max: 0.0, Diff: 0.0, Sum: 0.0]
      [GC Worker Other (ms): Min: 0.0, Avg: 0.1, Max: 0.1, Diff: 0.0, Sum: 0.5]
      [GC Worker Total (ms): Min: 30.4, Avg: 30.5, Max: 30.5, Diff: 0.1, Sum: 243.7]
      [GC Worker End (ms): Min: 277806.3, Avg: 277806.3, Max: 277806.3, Diff: 0.0]
   [Code Root Fixup: 0.1 ms]
   [Code Root Migration: 0.1 ms]
   [Clear CT: 0.4 ms]
   [Other: 0.7 ms]
      [Choose CSet: 0.0 ms]
      [Ref Proc: 0.1 ms]
      [Ref Enq: 0.0 ms]
      [Free CSet: 0.6 ms]
   [Eden: 849.0M(849.0M)->0.0B(854.0M) Survivors: 73.0M->68.0M Heap: 1081.7M(1538.0M)->227.7M(1538.0M)]
 [Times: user=0.25 sys=0.00, real=0.03 secs] 
277.808: Total time for which application threads were stopped: 0.0320410 seconds, Stopping threads took: 0.0000550 seconds
278.251: Application time: 0.4432910 seconds
278.251: [GC pause (young), 0.0328820 secs]
   [Parallel Time: 31.6 ms, GC Workers: 8]
      [GC Worker Start (ms): Min: 278251.1, Avg: 278251.2, Max: 278251.2, Diff: 0.1]
      [Ext Root Scanning (ms): Min: 0.7, Avg: 0.8, Max: 0.8, Diff: 0.1, Sum: 6.0]
      [Update RS (ms): Min: 0.2, Avg: 0.3, Max: 0.4, Diff: 0.2, Sum: 2.4]
         [Processed Buffers: Min: 1, Avg: 2.1, Max: 4, Diff: 3, Sum: 17]
      [Scan RS (ms): Min: 0.3, Avg: 0.4, Max: 0.4, Diff: 0.2, Sum: 2.8]
      [Code Root Scanning (ms): Min: 0.0, Avg: 0.0, Max: 0.0, Diff: 0.0, Sum: 0.1]
      [Object Copy (ms): Min: 30.0, Avg: 30.1, Max: 30.1, Diff: 0.1, Sum: 240.5]
      [Termination (ms): Min: 0.0, Avg: 0.0, Max: 0.0, Diff: 0.0, Sum: 0.0]
      [GC Worker Other (ms): Min: 0.0, Avg: 0.1, Max: 0.1, Diff: 0.0, Sum: 0.5]
      [GC Worker Total (ms): Min: 31.5, Avg: 31.5, Max: 31.6, Diff: 0.1, Sum: 252.3]
      [GC Worker End (ms): Min: 278282.7, Avg: 278282.7, Max: 278282.7, Diff: 0.0]
   [Code Root Fixup: 0.0 ms]
   [Code Root Migration: 0.1 ms]
   [Clear CT: 0.4 ms]
   [Other: 0.7 ms]
      [Choose CSet: 0.0 ms]
      [Ref Proc: 0.1 ms]
      [Ref Enq: 0.0 ms]
      [Free CSet: 0.6 ms]
   [Eden: 854.0M(854.0M)->0.0B(853.0M) Survivors: 68.0M->69.0M Heap: 1081.7M(1538.0M)->228.7M(1538.0M)]
 [Times: user=0.26 sys=0.00, real=0.04 secs] 
278.284: Total time for which application threads were stopped: 0.0330970 seconds, Stopping threads took: 0.0000770 seconds
278.728: Application time: 0.4438360 seconds
278.728: [GC pause (young), 0.0310150 secs]
   [Parallel Time: 29.8 ms, GC Workers: 8]
      [GC Worker Start (ms): Min: 278728.1, Avg: 278728.1, Max: 278728.1, Diff: 0.1]
      [Ext Root Scanning (ms): Min: 0.7, Avg: 0.8, Max: 0.8, Diff: 0.2, Sum: 6.2]
      [Update RS (ms): Min: 0.2, Avg: 0.3, Max: 0.4, Diff: 0.2, Sum: 2.4]
         [Processed Buffers: Min: 1, Avg: 2.1, Max: 4, Diff: 3, Sum: 17]
      [Scan RS (ms): Min: 0.3, Avg: 0.3, Max: 0.4, Diff: 0.1, Sum: 2.8]
      [Code Root Scanning (ms): Min: 0.0, Avg: 0.0, Max: 0.0, Diff: 0.0, Sum: 0.0]
      [Object Copy (ms): Min: 28.2, Avg: 28.2, Max: 28.3, Diff: 0.1, Sum: 225.9]
      [Termination (ms): Min: 0.0, Avg: 0.0, Max: 0.0, Diff: 0.0, Sum: 0.0]
      [GC Worker Other (ms): Min: 0.0, Avg: 0.1, Max: 0.1, Diff: 0.0, Sum: 0.4]
      [GC Worker Total (ms): Min: 29.7, Avg: 29.7, Max: 29.7, Diff: 0.1, Sum: 237.7]
      [GC Worker End (ms): Min: 278757.8, Avg: 278757.8, Max: 278757.8, Diff: 0.0]
   [Code Root Fixup: 0.1 ms]
   [Code Root Migration: 0.1 ms]
   [Clear CT: 0.4 ms]
   [Other: 0.7 ms]
      [Choose CSet: 0.0 ms]
      [Ref Proc: 0.1 ms]
      [Ref Enq: 0.0 ms]
      [Free CSet: 0.6 ms]
   [Eden: 853.0M(853.0M)->0.0B(855.0M) Survivors: 69.0M->67.0M Heap: 1081.7M(1538.0M)->227.2M(1538.0M)]
 [Times: user=0.24 sys=0.00, real=0.03 secs] 
278.759: Total time for which application threads were stopped: 0.0312330 seconds, Stopping threads took: 0.0000620 seconds
279.203: Application time: 0.4437660 seconds
279.203: [GC pause (young), 0.0323250 secs]
   [Parallel Time: 31.0 ms, GC Workers: 8]
      [GC Worker Start (ms): Min: 279203.1, Avg: 279203.1, Max: 279203.1, Diff: 0.1]
      [Ext Root Scanning (ms): Min: 0.7, Avg: 0.8, Max: 0.8, Diff: 0.1, Sum: 6.2]
      [Update RS (ms): Min: 0.2, Avg: 0.3, Max: 0.4, Diff: 0.2, Sum: 2.3]
         [Processed Buffers: Min: 1, Avg: 2.1, Max: 3, Diff: 2, Sum: 17]
      [Scan RS (ms): Min: 0.3, Avg: 0.4, Max: 0.4, Diff: 0.1, Sum: 2.9]
      [Code Root Scanning (ms): Min: 0.0, Avg: 0.0, Max: 0.0, Diff: 0.0, Sum: 0.0]
      [Object Copy (ms): Min: 29.5, Avg: 29.5, Max: 29.5, Diff: 0.1, Sum: 235.9]
      [Termination (ms): Min: 0.0, Avg: 0.0, Max: 0.0, Diff: 0.0, Sum: 0.0]
      [GC Worker Other (ms): Min: 0.0, Avg: 0.1, Max: 0.1, Diff: 0.0, Sum: 0.4]
      [GC Worker Total (ms): Min: 30.9, Avg: 31.0, Max: 31.0, Diff: 0.1, Sum: 247.8]
      [GC Worker End (ms): Min: 279234.0, Avg: 279234.1, Max: 279234.1, Diff: 0.0]
   [Code Root Fixup: 0.0 ms]
   [Code Root Migration: 0.1 ms]
   [Clear CT: 0.4 ms]
   [Other: 0.8 ms]
      [Choose CSet: 0.0 ms]
      [Ref Proc: 0.1 ms]
      [Ref Enq: 0.0 ms]
      [Free CSet: 0.6 ms]
   [Eden: 855.0M(855.0M)->0.0B(852.0M) Survivors: 67.0M->70.0M Heap: 1082.2M(1538.0M)->230.3M(1538.0M)]
 [Times: user=0.25 sys=0.00, real=0.04 secs] 
279.235: Total time for which application threads were stopped: 0.0325400 seconds, Stopping threads took: 0.0000640 seconds
279.685: Application time: 0.4495030 seconds
279.685: [GC pause (young), 0.0323890 secs]
   [Parallel Time: 31.2 ms, GC Workers: 8]
      [GC Worker Start (ms): Min: 279685.1, Avg: 279685.2, Max: 279685.2, Diff: 0.1]
      [Ext Root Scanning (ms): Min: 0.7, Avg: 0.8, Max: 0.8, Diff: 0.1, Sum: 6.1]
      [Update RS (ms): Min: 0.2, Avg: 0.3, Max: 0.5, Diff: 0.3, Sum: 2.3]
         [Processed Buffers: Min: 1, Avg: 2.1, Max: 3, Diff: 2, Sum: 17]
      [Scan RS (ms): Min: 0.3, Avg: 0.4, Max: 0.4, Diff: 0.2, Sum: 2.8]
      [Code Root Scanning (ms): Min: 0.0, Avg: 0.0, Max: 0.0, Diff: 0.0, Sum: 0.0]
      [Object Copy (ms): Min: 29.6, Avg: 29.6, Max: 29.7, Diff: 0.1, Sum: 237.0]
      [Termination (ms): Min: 0.0, Avg: 0.0, Max: 0.0, Diff: 0.0, Sum: 0.0]
      [GC Worker Other (ms): Min: 0.0, Avg: 0.0, Max: 0.1, Diff: 0.0, Sum: 0.4]
      [GC Worker Total (ms): Min: 31.1, Avg: 31.1, Max: 31.1, Diff: 0.0, Sum: 248.7]
      [GC Worker End (ms): Min: 279716.2, Avg: 279716.2, Max: 279716.3, Diff: 0.0]
   [Code Root Fixup: 0.0 ms]
   [Code Root Migration: 0.1 ms]
   [Clear CT: 0.4 ms]
   [Other: 0.7 ms]
      [Choose CSet: 0.0 ms]
      [Ref Proc: 0.1 ms]
      [Ref Enq: 0.0 ms]
      [Free CSet: 0.6 ms]
   [Eden: 852.0M(852.0M)->0.0B(853.0M) Survivors: 70.0M->69.0M Heap: 1082.3M(1538.0M)->228.8M(1538.0M)]
 [Times: user=0.25 sys=0.00, real=0.03 secs] 
279.718: Total time for which application threads were stopped: 0.0326200 seconds, Stopping threads took: 0.0000770 seconds
280.163: Application time: 0.4458050 seconds
280.163: [GC pause (young), 0.0326110 secs]
   [Parallel Time: 31.4 ms, GC Workers: 8]
      [GC Worker Start (ms): Min: 280163.5, Avg: 280164.0, Max: 280167.4, Diff: 3.9]
      [Ext Root Scanning (ms): Min: 0.0, Avg: 0.7, Max: 0.9, Diff: 0.9, Sum: 5.6]
      [Update RS (ms): Min: 0.0, Avg: 0.3, Max: 0.4, Diff: 0.4, Sum: 2.2]
         [Processed Buffers: Min: 0, Avg: 2.1, Max: 4, Diff: 4, Sum: 17]
      [Scan RS (ms): Min: 0.2, Avg: 0.3, Max: 0.4, Diff: 0.2, Sum: 2.6]
      [Code Root Scanning (ms): Min: 0.0, Avg: 0.0, Max: 0.0, Diff: 0.0, Sum: 0.0]
      [Object Copy (ms): Min: 27.2, Avg: 29.5, Max: 29.8, Diff: 2.6, Sum: 235.7]
      [Termination (ms): Min: 0.0, Avg: 0.0, Max: 0.0, Diff: 0.0, Sum: 0.0]
      [GC Worker Other (ms): Min: 0.0, Avg: 0.1, Max: 0.1, Diff: 0.0, Sum: 0.4]
      [GC Worker Total (ms): Min: 27.5, Avg: 30.8, Max: 31.3, Diff: 3.9, Sum: 246.6]
      [GC Worker End (ms): Min: 280194.8, Avg: 280194.9, Max: 280194.9, Diff: 0.0]
   [Code Root Fixup: 0.1 ms]
   [Code Root Migration: 0.1 ms]
   [Clear CT: 0.4 ms]
   [Other: 0.7 ms]
      [Choose CSet: 0.0 ms]
      [Ref Proc: 0.1 ms]
      [Ref Enq: 0.0 ms]
      [Free CSet: 0.6 ms]
   [Eden: 853.0M(853.0M)->0.0B(853.0M) Survivors: 69.0M->69.0M Heap: 1081.8M(1538.0M)->229.3M(1538.0M)]
 [Times: user=0.25 sys=0.00, real=0.03 secs] 
280.196: Total time for which application threads were stopped: 0.0328160 seconds, Stopping threads took: 0.0000660 seconds
280.637: Application time: 0.4405090 seconds
280.637: [GC pause (young), 0.0308670 secs]
   [Parallel Time: 29.6 ms, GC Workers: 8]
      [GC Worker Start (ms): Min: 280636.9, Avg: 280636.9, Max: 280636.9, Diff: 0.1]
      [Ext Root Scanning (ms): Min: 0.7, Avg: 0.8, Max: 0.8, Diff: 0.1, Sum: 6.2]
      [Update RS (ms): Min: 0.2, Avg: 0.3, Max: 0.4, Diff: 0.2, Sum: 2.3]
         [Processed Buffers: Min: 1, Avg: 2.1, Max: 3, Diff: 2, Sum: 17]
      [Scan RS (ms): Min: 0.3, Avg: 0.4, Max: 0.4, Diff: 0.1, Sum: 2.8]
      [Code Root Scanning (ms): Min: 0.0, Avg: 0.0, Max: 0.0, Diff: 0.0, Sum: 0.0]
      [Object Copy (ms): Min: 28.1, Avg: 28.1, Max: 28.1, Diff: 0.0, Sum: 224.8]
      [Termination (ms): Min: 0.0, Avg: 0.0, Max: 0.0, Diff: 0.0, Sum: 0.0]
      [GC Worker Other (ms): Min: 0.0, Avg: 0.1, Max: 0.1, Diff: 0.0, Sum: 0.4]
      [GC Worker Total (ms): Min: 29.5, Avg: 29.6, Max: 29.6, Diff: 0.1, Sum: 236.6]
      [GC Worker End (ms): Min: 280666.4, Avg: 280666.5, Max: 280666.5, Diff: 0.0]
   [Code Root Fixup: 0.0 ms]
   [Code Root Migration: 0.1 ms]
   [Clear CT: 0.4 ms]
   [Other: 0.7 ms]
      [Choose CSet: 0.0 ms]
      [Ref Proc: 0.1 ms]
      [Ref Enq: 0.0 ms]
      [Free CSet: 0.6 ms]
   [Eden: 853.0M(853.0M)->0.0B(855.0M) Survivors: 69.0M->67.0M Heap: 1082.3M(1538.0M)->226.8M(1538.0M)]
 [Times: user=0.24 sys=0.00, real=0.03 secs] 
280.668: Total time for which application threads were stopped: 0.0310790 seconds, Stopping threads took: 0.0000390 seconds
281.113: Application time: 0.4453790 seconds
281.113: [GC pause (young), 0.0325010 secs]
   [Parallel Time: 31.3 ms, GC Workers: 8]
      [GC Worker Start (ms): Min: 281113.3, Avg: 281113.3, Max: 281113.4, Diff: 0.1]
      [Ext Root Scanning (ms): Min: 0.7, Avg: 0.8, Max: 0.8, Diff: 0.1, Sum: 6.0]
      [Update RS (ms): Min: 0.2, Avg: 0.3, Max: 0.4, Diff: 0.2, Sum: 2.4]
         [Processed Buffers: Min: 1, Avg: 2.1, Max: 3, Diff: 2, Sum: 17]
      [Scan RS (ms): Min: 0.2, Avg: 0.4, Max: 0.4, Diff: 0.2, Sum: 3.0]
      [Code Root Scanning (ms): Min: 0.0, Avg: 0.0, Max: 0.0, Diff: 0.0, Sum: 0.0]
      [Object Copy (ms): Min: 29.7, Avg: 29.7, Max: 29.8, Diff: 0.1, Sum: 237.8]
      [Termination (ms): Min: 0.0, Avg: 0.0, Max: 0.0, Diff: 0.0, Sum: 0.0]
      [GC Worker Other (ms): Min: 0.0, Avg: 0.0, Max: 0.1, Diff: 0.0, Sum: 0.4]
      [GC Worker Total (ms): Min: 31.2, Avg: 31.2, Max: 31.2, Diff: 0.1, Sum: 249.6]
      [GC Worker End (ms): Min: 281144.5, Avg: 281144.5, Max: 281144.5, Diff: 0.0]
   [Code Root Fixup: 0.1 ms]
   [Code Root Migration: 0.1 ms]
   [Clear CT: 0.4 ms]
   [Other: 0.7 ms]
      [Choose CSet: 0.0 ms]
      [Ref Proc: 0.1 ms]
      [Ref Enq: 0.0 ms]
      [Free CSet: 0.6 ms]
   [Eden: 855.0M(855.0M)->0.0B(853.0M) Survivors: 67.0M->69.0M Heap: 1081.8M(1538.0M)->229.3M(1538.0M)]
 [Times: user=0.26 sys=0.00, real=0.03 secs] 
281.146: Total time for which application threads were stopped: 0.0326890 seconds, Stopping threads took: 0.0000440 seconds
281.589: Application time: 0.4434020 seconds
281.589: [GC pause (young), 0.0325840 secs]
   [Parallel Time: 31.3 ms, GC Workers: 8]
      [GC Worker Start (ms): Min: 281589.4, Avg: 281589.4, Max: 281589.5, Diff: 0.1]
      [Ext Root Scanning (ms): Min: 0.7, Avg: 0.8, Max: 0.9, Diff: 0.1, Sum: 6.2]
      [Update RS (ms): Min: 0.2, Avg: 0.3, Max: 0.4, Diff: 0.2, Sum: 2.4]
         [Processed Buffers: Min: 1, Avg: 2.1, Max: 4, Diff: 3, Sum: 17]
      [Scan RS (ms): Min: 0.3, Avg: 0.4, Max: 0.4, Diff: 0.2, Sum: 2.9]
      [Code Root Scanning (ms): Min: 0.0, Avg: 0.0, Max: 0.0, Diff: 0.0, Sum: 0.0]
      [Object Copy (ms): Min: 29.8, Avg: 29.8, Max: 29.8, Diff: 0.0, Sum: 238.2]
      [Termination (ms): Min: 0.0, Avg: 0.0, Max: 0.0, Diff: 0.0, Sum: 0.0]
      [GC Worker Other (ms): Min: 0.0, Avg: 0.0, Max: 0.1, Diff: 0.0, Sum: 0.4]
      [GC Worker Total (ms): Min: 31.2, Avg: 31.3, Max: 31.3, Diff: 0.1, Sum: 250.1]
      [GC Worker End (ms): Min: 281620.7, Avg: 281620.7, Max: 281620.7, Diff: 0.0]
   [Code Root Fixup: 0.1 ms]
   [Code Root Migration: 0.1 ms]
   [Clear CT: 0.4 ms]
   [Other: 0.7 ms]
      [Choose CSet: 0.0 ms]
      [Ref Proc: 0.1 ms]
      [Ref Enq: 0.0 ms]
      [Free CSet: 0.6 ms]
   [Eden: 853.0M(853.0M)->0.0B(852.0M) Survivors: 69.0M->70.0M Heap: 1082.3M(1538.0M)->229.8M(1538.0M)]
 [Times: user=0.26 sys=0.00, real=0.03 secs] 
281.622: Total time for which application threads were stopped: 0.0328000 seconds, Stopping threads took: 0.0000500 seconds
282.060: Application time: 0.4380900 seconds
282.060: [GC pause (young), 0.0325060 secs]
   [Parallel Time: 31.2 ms, GC Workers: 8]
      [GC Worker Start (ms): Min: 282060.3, Avg: 282060.3, Max: 282060.4, Diff: 0.1]
      [Ext Root Scanning (ms): Min: 0.7, Avg: 0.8, Max: 0.9, Diff: 0.1, Sum: 6.3]
      [Update RS (ms): Min: 0.2, Avg: 0.3, Max: 0.3, Diff: 0.1, Sum: 2.3]
         [Processed Buffers: Min: 1, Avg: 2.1, Max: 3, Diff: 2, Sum: 17]
      [Scan RS (ms): Min: 0.3, Avg: 0.3, Max: 0.4, Diff: 0.1, Sum: 2.8]
      [Code Root Scanning (ms): Min: 0.0, Avg: 0.0, Max: 0.0, Diff: 0.0, Sum: 0.1]
      [Object Copy (ms): Min: 29.7, Avg: 29.7, Max: 29.7, Diff: 0.0, Sum: 237.4]
      [Termination (ms): Min: 0.0, Avg: 0.0, Max: 0.0, Diff: 0.0, Sum: 0.0]
      [GC Worker Other (ms): Min: 0.0, Avg: 0.0, Max: 0.1, Diff: 0.0, Sum: 0.4]
      [GC Worker Total (ms): Min: 31.1, Avg: 31.2, Max: 31.2, Diff: 0.1, Sum: 249.3]
      [GC Worker End (ms): Min: 282091.5, Avg: 282091.5, Max: 282091.5, Diff: 0.0]
   [Code Root Fixup: 0.0 ms]
   [Code Root Migration: 0.1 ms]
   [Clear CT: 0.4 ms]
   [Other: 0.8 ms]
      [Choose CSet: 0.0 ms]
      [Ref Proc: 0.1 ms]
      [Ref Enq: 0.0 ms]
      [Free CSet: 0.6 ms]
   [Eden: 852.0M(852.0M)->0.0B(852.0M) Survivors: 70.0M->70.0M Heap: 1081.8M(1538.0M)->230.3M(1538.0M)]
 [Times: user=0.25 sys=0.00, real=0.04 secs] 
282.093: Total time for which application threads were stopped: 0.0327030 seconds, Stopping threads took: 0.0000550 seconds
282.531: Application time: 0.4378350 seconds
282.531: [GC pause (young), 0.0329750 secs]
   [Parallel Time: 31.7 ms, GC Workers: 8]
      [GC Worker Start (ms): Min: 282530.8, Avg: 282530.8, Max: 282530.9, Diff: 0.1]
      [Ext Root Scanning (ms): Min: 0.7, Avg: 0.8, Max: 0.8, Diff: 0.1, Sum: 6.3]
      [Update RS (ms): Min: 0.2, Avg: 0.3, Max: 0.4, Diff: 0.2, Sum: 2.4]
         [Processed Buffers: Min: 1, Avg: 2.1, Max: 3, Diff: 2, Sum: 17]
      [Scan RS (ms): Min: 0.3, Avg: 0.4, Max: 0.4, Diff: 0.1, Sum: 2.8]
      [Code Root Scanning (ms): Min: 0.0, Avg: 0.0, Max: 0.0, Diff: 0.0, Sum: 0.0]
      [Object Copy (ms): Min: 30.1, Avg: 30.2, Max: 30.2, Diff: 0.0, Sum: 241.2]
      [Termination (ms): Min: 0.0, Avg: 0.0, Max: 0.0, Diff: 0.0, Sum: 0.0]
      [GC Worker Other (ms): Min: 0.0, Avg: 0.1, Max: 0.1, Diff: 0.0, Sum: 0.5]
      [GC Worker Total (ms): Min: 31.6, Avg: 31.7, Max: 31.7, Diff: 0.1, Sum: 253.2]
      [GC Worker End (ms): Min: 282562.5, Avg: 282562.5, Max: 282562.5, Diff: 0.0]
   [Code Root Fixup: 0.0 ms]
   [Code Root Migration: 0.1 ms]
   [Clear CT: 0.4 ms]
   [Other: 0.7 ms]
      [Choose CSet: 0.0 ms]
      [Ref Proc: 0.1 ms]
      [Ref Enq: 0.0 ms]
      [Free CSet: 0.6 ms]
   [Eden: 852.0M(852.0M)->0.0B(850.0M) Survivors: 70.0M->72.0M Heap: 1082.3M(1538.0M)->231.8M(1538.0M)]
 [Times: user=0.26 sys=0.00, real=0.04 secs] 
282.564: Total time for which application threads were stopped: 0.0331470 seconds, Stopping threads took: 0.0000150 seconds
283.003: Application time: 0.4391730 seconds
283.003: [GC pause (young), 0.0305510 secs]
   [Parallel Time: 29.3 ms, GC Workers: 8]
      [GC Worker Start (ms): Min: 283003.2, Avg: 283003.2, Max: 283003.2, Diff: 0.1]
      [Ext Root Scanning (ms): Min: 0.7, Avg: 0.8, Max: 0.8, Diff: 0.1, Sum: 6.3]
      [Update RS (ms): Min: 0.2, Avg: 0.3, Max: 0.4, Diff: 0.2, Sum: 2.4]
         [Processed Buffers: Min: 1, Avg: 2.1, Max: 3, Diff: 2, Sum: 17]
      [Scan RS (ms): Min: 0.3, Avg: 0.3, Max: 0.4, Diff: 0.1, Sum: 2.7]
      [Code Root Scanning (ms): Min: 0.0, Avg: 0.0, Max: 0.0, Diff: 0.0, Sum: 0.0]
      [Object Copy (ms): Min: 27.7, Avg: 27.7, Max: 27.8, Diff: 0.0, Sum: 221.9]
      [Termination (ms): Min: 0.0, Avg: 0.0, Max: 0.0, Diff: 0.0, Sum: 0.0]
      [GC Worker Other (ms): Min: 0.0, Avg: 0.0, Max: 0.1, Diff: 0.0, Sum: 0.3]
      [GC Worker Total (ms): Min: 29.2, Avg: 29.2, Max: 29.2, Diff: 0.1, Sum: 233.7]
      [GC Worker End (ms): Min: 283032.4, Avg: 283032.4, Max: 283032.4, Diff: 0.0]
   [Code Root Fixup: 0.0 ms]
   [Code Root Migration: 0.1 ms]
   [Clear CT: 0.4 ms]
   [Other: 0.7 ms]
      [Choose CSet: 0.0 ms]
      [Ref Proc: 0.1 ms]
      [Ref Enq: 0.0 ms]
      [Free CSet: 0.6 ms]
   [Eden: 850.0M(850.0M)->0.0B(855.0M) Survivors: 72.0M->67.0M Heap: 1081.8M(1538.0M)->226.8M(1538.0M)]
 [Times: user=0.24 sys=0.00, real=0.04 secs] 
283.034: Total time for which application threads were stopped: 0.0307540 seconds, Stopping threads took: 0.0000490 seconds
283.476: Application time: 0.4425230 seconds
283.476: [GC pause (young), 0.0325180 secs]
   [Parallel Time: 31.3 ms, GC Workers: 8]
      [GC Worker Start (ms): Min: 283476.4, Avg: 283476.5, Max: 283476.5, Diff: 0.1]
      [Ext Root Scanning (ms): Min: 0.7, Avg: 0.8, Max: 0.8, Diff: 0.1, Sum: 6.2]
      [Update RS (ms): Min: 0.2, Avg: 0.3, Max: 0.4, Diff: 0.2, Sum: 2.3]
         [Processed Buffers: Min: 1, Avg: 2.1, Max: 3, Diff: 2, Sum: 17]
      [Scan RS (ms): Min: 0.3, Avg: 0.4, Max: 0.4, Diff: 0.1, Sum: 2.9]
      [Code Root Scanning (ms): Min: 0.0, Avg: 0.0, Max: 0.0, Diff: 0.0, Sum: 0.0]
      [Object Copy (ms): Min: 29.7, Avg: 29.7, Max: 29.8, Diff: 0.1, Sum: 238.0]
      [Termination (ms): Min: 0.0, Avg: 0.0, Max: 0.0, Diff: 0.0, Sum: 0.0]
      [GC Worker Other (ms): Min: 0.0, Avg: 0.1, Max: 0.1, Diff: 0.0, Sum: 0.4]
      [GC Worker Total (ms): Min: 31.2, Avg: 31.2, Max: 31.3, Diff: 0.1, Sum: 249.9]
      [GC Worker End (ms): Min: 283507.7, Avg: 283507.7, Max: 283507.7, Diff: 0.0]
   [Code Root Fixup: 0.0 ms]
   [Code Root Migration: 0.1 ms]
   [Clear CT: 0.3 ms]
   [Other: 0.7 ms]
      [Choose CSet: 0.0 ms]
      [Ref Proc: 0.1 ms]
      [Ref Enq: 0.0 ms]
      [Free CSet: 0.6 ms]
   [Eden: 855.0M(855.0M)->0.0B(853.0M) Survivors: 67.0M->69.0M Heap: 1081.8M(1538.0M)->229.4M(1538.0M)]
 [Times: user=0.25 sys=0.00, real=0.03 secs] 
283.509: Total time for which application threads were stopped: 0.0327210 seconds, Stopping threads took: 0.0000490 seconds
283.948: Application time: 0.4393930 seconds
283.949: [GC pause (young), 0.0342830 secs]
   [Parallel Time: 33.0 ms, GC Workers: 8]
      [GC Worker Start (ms): Min: 283948.5, Avg: 283948.6, Max: 283948.6, Diff: 0.1]
      [Ext Root Scanning (ms): Min: 0.7, Avg: 0.8, Max: 0.8, Diff: 0.2, Sum: 6.2]
      [Update RS (ms): Min: 0.2, Avg: 0.3, Max: 0.4, Diff: 0.2, Sum: 2.3]
         [Processed Buffers: Min: 1, Avg: 2.1, Max: 3, Diff: 2, Sum: 17]
      [Scan RS (ms): Min: 0.3, Avg: 0.3, Max: 0.4, Diff: 0.1, Sum: 2.8]
      [Code Root Scanning (ms): Min: 0.0, Avg: 0.0, Max: 0.0, Diff: 0.0, Sum: 0.0]
      [Object Copy (ms): Min: 29.4, Avg: 29.7, Max: 31.5, Diff: 2.1, Sum: 237.4]
      [Termination (ms): Min: 0.0, Avg: 1.8, Max: 2.1, Diff: 2.1, Sum: 14.8]
      [GC Worker Other (ms): Min: 0.0, Avg: 0.0, Max: 0.0, Diff: 0.0, Sum: 0.2]
      [GC Worker Total (ms): Min: 32.9, Avg: 33.0, Max: 33.0, Diff: 0.1, Sum: 263.7]
      [GC Worker End (ms): Min: 283981.5, Avg: 283981.5, Max: 283981.6, Diff: 0.0]
   [Code Root Fixup: 0.1 ms]
   [Code Root Migration: 0.1 ms]
   [Clear CT: 0.4 ms]
   [Other: 0.7 ms]
      [Choose CSet: 0.0 ms]
      [Ref Proc: 0.1 ms]
      [Ref Enq: 0.0 ms]
      [Free CSet: 0.6 ms]
   [Eden: 853.0M(853.0M)->0.0B(852.0M) Survivors: 69.0M->70.0M Heap: 1082.4M(1538.0M)->229.9M(1538.0M)]
 [Times: user=0.27 sys=0.00, real=0.03 secs] 
283.983: Total time for which application threads were stopped: 0.0344670 seconds, Stopping threads took: 0.0000460 seconds
284.426: Application time: 0.4435830 seconds
284.427: [GC pause (young), 0.0316030 secs]
   [Parallel Time: 30.3 ms, GC Workers: 8]
      [GC Worker Start (ms): Min: 284426.6, Avg: 284426.7, Max: 284426.7, Diff: 0.1]
      [Ext Root Scanning (ms): Min: 0.7, Avg: 0.8, Max: 0.8, Diff: 0.1, Sum: 6.1]
      [Update RS (ms): Min: 0.2, Avg: 0.3, Max: 0.4, Diff: 0.1, Sum: 2.3]
         [Processed Buffers: Min: 1, Avg: 2.1, Max: 4, Diff: 3, Sum: 17]
      [Scan RS (ms): Min: 0.3, Avg: 0.4, Max: 0.4, Diff: 0.1, Sum: 2.8]
      [Code Root Scanning (ms): Min: 0.0, Avg: 0.0, Max: 0.0, Diff: 0.0, Sum: 0.0]
      [Object Copy (ms): Min: 28.8, Avg: 28.8, Max: 28.8, Diff: 0.0, Sum: 230.5]
      [Termination (ms): Min: 0.0, Avg: 0.0, Max: 0.0, Diff: 0.0, Sum: 0.0]
      [GC Worker Other (ms): Min: 0.0, Avg: 0.1, Max: 0.1, Diff: 0.1, Sum: 0.5]
      [GC Worker Total (ms): Min: 30.2, Avg: 30.3, Max: 30.3, Diff: 0.1, Sum: 242.2]
      [GC Worker End (ms): Min: 284456.9, Avg: 284456.9, Max: 284457.0, Diff: 0.1]
   [Code Root Fixup: 0.0 ms]
   [Code Root Migration: 0.1 ms]
   [Clear CT: 0.4 ms]
   [Other: 0.7 ms]
      [Choose CSet: 0.0 ms]
      [Ref Proc: 0.1 ms]
      [Ref Enq: 0.0 ms]
      [Free CSet: 0.6 ms]
   [Eden: 852.0M(852.0M)->0.0B(854.0M) Survivors: 70.0M->68.0M Heap: 1081.9M(1538.0M)->227.9M(1538.0M)]
 [Times: user=0.25 sys=0.00, real=0.03 secs] 
284.458: Total time for which application threads were stopped: 0.0318320 seconds, Stopping threads took: 0.0000650 seconds
284.908: Application time: 0.4495320 seconds
284.908: [GC pause (young), 0.0328660 secs]
   [Parallel Time: 31.6 ms, GC Workers: 8]
      [GC Worker Start (ms): Min: 284908.0, Avg: 284908.4, Max: 284911.4, Diff: 3.5]
      [Ext Root Scanning (ms): Min: 0.0, Avg: 0.7, Max: 0.9, Diff: 0.9, Sum: 5.6]
      [Update RS (ms): Min: 0.0, Avg: 0.3, Max: 0.4, Diff: 0.4, Sum: 2.2]
         [Processed Buffers: Min: 0, Avg: 2.1, Max: 4, Diff: 4, Sum: 17]
      [Scan RS (ms): Min: 0.2, Avg: 0.3, Max: 0.4, Diff: 0.2, Sum: 2.6]
      [Code Root Scanning (ms): Min: 0.0, Avg: 0.0, Max: 0.0, Diff: 0.0, Sum: 0.0]
      [Object Copy (ms): Min: 27.8, Avg: 29.7, Max: 30.0, Diff: 2.2, Sum: 238.0]
      [Termination (ms): Min: 0.0, Avg: 0.0, Max: 0.0, Diff: 0.0, Sum: 0.0]
      [GC Worker Other (ms): Min: 0.0, Avg: 0.0, Max: 0.1, Diff: 0.0, Sum: 0.4]
      [GC Worker Total (ms): Min: 28.1, Avg: 31.1, Max: 31.6, Diff: 3.5, Sum: 248.8]
      [GC Worker End (ms): Min: 284939.5, Avg: 284939.5, Max: 284939.5, Diff: 0.0]
   [Code Root Fixup: 0.0 ms]
   [Code Root Migration: 0.1 ms]
   [Clear CT: 0.4 ms]
   [Other: 0.8 ms]
      [Choose CSet: 0.0 ms]
      [Ref Proc: 0.1 ms]
      [Ref Enq: 0.0 ms]
      [Free CSet: 0.6 ms]
   [Eden: 854.0M(854.0M)->0.0B(852.0M) Survivors: 68.0M->70.0M Heap: 1081.9M(1538.0M)->230.4M(1538.0M)]
 [Times: user=0.25 sys=0.00, real=0.03 secs] 
284.941: Total time for which application threads were stopped: 0.0330430 seconds, Stopping threads took: 0.0000340 seconds
285.386: Application time: 0.4452740 seconds
285.386: [GC pause (young), 0.0316330 secs]
   [Parallel Time: 30.4 ms, GC Workers: 8]
      [GC Worker Start (ms): Min: 285386.3, Avg: 285386.3, Max: 285386.3, Diff: 0.1]
      [Ext Root Scanning (ms): Min: 0.7, Avg: 0.8, Max: 0.8, Diff: 0.2, Sum: 6.3]
      [Update RS (ms): Min: 0.2, Avg: 0.3, Max: 0.5, Diff: 0.3, Sum: 2.5]
         [Processed Buffers: Min: 1, Avg: 2.1, Max: 3, Diff: 2, Sum: 17]
      [Scan RS (ms): Min: 0.3, Avg: 0.4, Max: 0.4, Diff: 0.1, Sum: 2.8]
      [Code Root Scanning (ms): Min: 0.0, Avg: 0.0, Max: 0.0, Diff: 0.0, Sum: 0.0]
      [Object Copy (ms): Min: 28.8, Avg: 28.8, Max: 28.8, Diff: 0.0, Sum: 230.6]
      [Termination (ms): Min: 0.0, Avg: 0.0, Max: 0.0, Diff: 0.0, Sum: 0.0]
      [GC Worker Other (ms): Min: 0.0, Avg: 0.1, Max: 0.1, Diff: 0.0, Sum: 0.4]
      [GC Worker Total (ms): Min: 30.3, Avg: 30.3, Max: 30.4, Diff: 0.1, Sum: 242.6]
      [GC Worker End (ms): Min: 285416.6, Avg: 285416.6, Max: 285416.6, Diff: 0.0]
   [Code Root Fixup: 0.0 ms]
   [Code Root Migration: 0.1 ms]
   [Clear CT: 0.4 ms]
   [Other: 0.7 ms]
      [Choose CSet: 0.0 ms]
      [Ref Proc: 0.1 ms]
      [Ref Enq: 0.0 ms]
      [Free CSet: 0.6 ms]
   [Eden: 852.0M(852.0M)->0.0B(854.0M) Survivors: 70.0M->68.0M Heap: 1082.4M(1538.0M)->228.4M(1538.0M)]
 [Times: user=0.24 sys=0.00, real=0.03 secs] 
285.419: Total time for which application threads were stopped: 0.0333240 seconds, Stopping threads took: 0.0000150 seconds
285.867: Application time: 0.4471280 seconds
285.867: [GC pause (young), 0.0324330 secs]
   [Parallel Time: 31.1 ms, GC Workers: 8]
      [GC Worker Start (ms): Min: 285866.8, Avg: 285866.8, Max: 285866.8, Diff: 0.1]
      [Ext Root Scanning (ms): Min: 0.7, Avg: 0.8, Max: 0.8, Diff: 0.1, Sum: 6.3]
      [Update RS (ms): Min: 0.2, Avg: 0.3, Max: 0.4, Diff: 0.1, Sum: 2.4]
         [Processed Buffers: Min: 1, Avg: 2.1, Max: 4, Diff: 3, Sum: 17]
      [Scan RS (ms): Min: 0.3, Avg: 0.3, Max: 0.4, Diff: 0.1, Sum: 2.8]
      [Code Root Scanning (ms): Min: 0.0, Avg: 0.0, Max: 0.0, Diff: 0.0, Sum: 0.1]
      [Object Copy (ms): Min: 29.5, Avg: 29.6, Max: 29.6, Diff: 0.1, Sum: 236.4]
      [Termination (ms): Min: 0.0, Avg: 0.0, Max: 0.0, Diff: 0.0, Sum: 0.0]
      [GC Worker Other (ms): Min: 0.0, Avg: 0.1, Max: 0.1, Diff: 0.0, Sum: 0.4]
      [GC Worker Total (ms): Min: 31.0, Avg: 31.0, Max: 31.1, Diff: 0.1, Sum: 248.4]
      [GC Worker End (ms): Min: 285897.8, Avg: 285897.8, Max: 285897.8, Diff: 0.0]
   [Code Root Fixup: 0.0 ms]
   [Code Root Migration: 0.1 ms]
   [Clear CT: 0.4 ms]
   [Other: 0.8 ms]
      [Choose CSet: 0.0 ms]
      [Ref Proc: 0.1 ms]
      [Ref Enq: 0.0 ms]
      [Free CSet: 0.6 ms]
   [Eden: 854.0M(854.0M)->0.0B(852.0M) Survivors: 68.0M->70.0M Heap: 1082.4M(1538.0M)->230.4M(1538.0M)]
 [Times: user=0.25 sys=0.00, real=0.03 secs] 
285.899: Total time for which application threads were stopped: 0.0326370 seconds, Stopping threads took: 0.0000500 seconds
286.345: Application time: 0.4453360 seconds
286.345: [GC pause (young), 0.0320650 secs]
   [Parallel Time: 30.8 ms, GC Workers: 8]
      [GC Worker Start (ms): Min: 286344.8, Avg: 286344.8, Max: 286344.8, Diff: 0.1]
      [Ext Root Scanning (ms): Min: 0.7, Avg: 0.8, Max: 0.8, Diff: 0.1, Sum: 6.2]
      [Update RS (ms): Min: 0.2, Avg: 0.3, Max: 0.4, Diff: 0.2, Sum: 2.3]
         [Processed Buffers: Min: 1, Avg: 2.1, Max: 3, Diff: 2, Sum: 17]
      [Scan RS (ms): Min: 0.3, Avg: 0.4, Max: 0.4, Diff: 0.1, Sum: 2.9]
      [Code Root Scanning (ms): Min: 0.0, Avg: 0.0, Max: 0.0, Diff: 0.0, Sum: 0.0]
      [Object Copy (ms): Min: 29.3, Avg: 29.3, Max: 29.3, Diff: 0.1, Sum: 234.3]
      [Termination (ms): Min: 0.0, Avg: 0.0, Max: 0.0, Diff: 0.0, Sum: 0.0]
      [GC Worker Other (ms): Min: 0.0, Avg: 0.0, Max: 0.1, Diff: 0.0, Sum: 0.4]
      [GC Worker Total (ms): Min: 30.7, Avg: 30.8, Max: 30.8, Diff: 0.1, Sum: 246.1]
      [GC Worker End (ms): Min: 286375.5, Avg: 286375.5, Max: 286375.6, Diff: 0.0]
   [Code Root Fixup: 0.0 ms]
   [Code Root Migration: 0.1 ms]
   [Clear CT: 0.4 ms]
   [Other: 0.7 ms]
      [Choose CSet: 0.0 ms]
      [Ref Proc: 0.1 ms]
      [Ref Enq: 0.0 ms]
      [Free CSet: 0.6 ms]
   [Eden: 852.0M(852.0M)->0.0B(853.0M) Survivors: 70.0M->69.0M Heap: 1082.4M(1538.0M)->229.4M(1538.0M)]
 [Times: user=0.25 sys=0.00, real=0.03 secs] 
286.377: Total time for which application threads were stopped: 0.0322910 seconds, Stopping threads took: 0.0000720 seconds
286.817: Application time: 0.4399480 seconds
286.817: [GC pause (young), 0.0324200 secs]
   [Parallel Time: 31.2 ms, GC Workers: 8]
      [GC Worker Start (ms): Min: 286817.0, Avg: 286817.0, Max: 286817.0, Diff: 0.1]
      [Ext Root Scanning (ms): Min: 0.7, Avg: 0.8, Max: 0.8, Diff: 0.1, Sum: 6.4]
      [Update RS (ms): Min: 0.2, Avg: 0.3, Max: 0.4, Diff: 0.1, Sum: 2.3]
         [Processed Buffers: Min: 1, Avg: 2.1, Max: 3, Diff: 2, Sum: 17]
      [Scan RS (ms): Min: 0.3, Avg: 0.3, Max: 0.4, Diff: 0.2, Sum: 2.8]
      [Code Root Scanning (ms): Min: 0.0, Avg: 0.0, Max: 0.0, Diff: 0.0, Sum: 0.0]
      [Object Copy (ms): Min: 29.6, Avg: 29.6, Max: 29.6, Diff: 0.0, Sum: 237.0]
      [Termination (ms): Min: 0.0, Avg: 0.0, Max: 0.0, Diff: 0.0, Sum: 0.0]
      [GC Worker Other (ms): Min: 0.0, Avg: 0.0, Max: 0.1, Diff: 0.0, Sum: 0.4]
      [GC Worker Total (ms): Min: 31.1, Avg: 31.1, Max: 31.2, Diff: 0.1, Sum: 248.9]
      [GC Worker End (ms): Min: 286848.1, Avg: 286848.1, Max: 286848.1, Diff: 0.0]
   [Code Root Fixup: 0.0 ms]
   [Code Root Migration: 0.1 ms]
   [Clear CT: 0.4 ms]
   [Other: 0.7 ms]
      [Choose CSet: 0.0 ms]
      [Ref Proc: 0.1 ms]
      [Ref Enq: 0.0 ms]
      [Free CSet: 0.6 ms]
   [Eden: 853.0M(853.0M)->0.0B(852.0M) Survivors: 69.0M->70.0M Heap: 1082.4M(1538.0M)->230.4M(1538.0M)]
 [Times: user=0.25 sys=0.00, real=0.03 secs] 
286.849: Total time for which application threads were stopped: 0.0326350 seconds, Stopping threads took: 0.0000620 seconds
287.287: Application time: 0.4373700 seconds
287.287: [GC pause (young), 0.0324790 secs]
   [Parallel Time: 31.1 ms, GC Workers: 8]
      [GC Worker Start (ms): Min: 287287.0, Avg: 287287.0, Max: 287287.0, Diff: 0.1]
      [Ext Root Scanning (ms): Min: 0.7, Avg: 0.8, Max: 0.9, Diff: 0.1, Sum: 6.4]
      [Update RS (ms): Min: 0.2, Avg: 0.3, Max: 0.4, Diff: 0.2, Sum: 2.3]
         [Processed Buffers: Min: 1, Avg: 2.1, Max: 3, Diff: 2, Sum: 17]
      [Scan RS (ms): Min: 0.3, Avg: 0.4, Max: 0.4, Diff: 0.1, Sum: 2.8]
      [Code Root Scanning (ms): Min: 0.0, Avg: 0.0, Max: 0.0, Diff: 0.0, Sum: 0.0]
      [Object Copy (ms): Min: 29.5, Avg: 29.6, Max: 29.6, Diff: 0.0, Sum: 236.5]
      [Termination (ms): Min: 0.0, Avg: 0.0, Max: 0.0, Diff: 0.0, Sum: 0.0]
      [GC Worker Other (ms): Min: 0.0, Avg: 0.1, Max: 0.1, Diff: 0.0, Sum: 0.4]
      [GC Worker Total (ms): Min: 31.0, Avg: 31.1, Max: 31.1, Diff: 0.1, Sum: 248.5]
      [GC Worker End (ms): Min: 287318.0, Avg: 287318.1, Max: 287318.1, Diff: 0.0]
   [Code Root Fixup: 0.0 ms]
   [Code Root Migration: 0.1 ms]
   [Clear CT: 0.4 ms]
   [Other: 0.8 ms]
      [Choose CSet: 0.0 ms]
      [Ref Proc: 0.1 ms]
      [Ref Enq: 0.0 ms]
      [Free CSet: 0.6 ms]
   [Eden: 852.0M(852.0M)->0.0B(853.0M) Survivors: 70.0M->69.0M Heap: 1082.4M(1538.0M)->229.5M(1538.0M)]
 [Times: user=0.26 sys=0.00, real=0.03 secs] 
287.319: Total time for which application threads were stopped: 0.0326510 seconds, Stopping threads took: 0.0000150 seconds
287.758: Application time: 0.4381560 seconds
287.758: [GC pause (young), 0.0313930 secs]
   [Parallel Time: 30.2 ms, GC Workers: 8]
      [GC Worker Start (ms): Min: 287757.8, Avg: 287757.8, Max: 287757.8, Diff: 0.1]
      [Ext Root Scanning (ms): Min: 0.7, Avg: 0.8, Max: 0.8, Diff: 0.1, Sum: 6.2]
      [Update RS (ms): Min: 0.2, Avg: 0.3, Max: 0.4, Diff: 0.1, Sum: 2.4]
         [Processed Buffers: Min: 1, Avg: 2.1, Max: 3, Diff: 2, Sum: 17]
      [Scan RS (ms): Min: 0.3, Avg: 0.3, Max: 0.4, Diff: 0.1, Sum: 2.7]
      [Code Root Scanning (ms): Min: 0.0, Avg: 0.0, Max: 0.0, Diff: 0.0, Sum: 0.0]
      [Object Copy (ms): Min: 28.6, Avg: 28.6, Max: 28.6, Diff: 0.0, Sum: 229.0]
      [Termination (ms): Min: 0.0, Avg: 0.0, Max: 0.0, Diff: 0.0, Sum: 0.0]
      [GC Worker Other (ms): Min: 0.0, Avg: 0.0, Max: 0.1, Diff: 0.0, Sum: 0.4]
      [GC Worker Total (ms): Min: 30.0, Avg: 30.1, Max: 30.1, Diff: 0.1, Sum: 240.8]
      [GC Worker End (ms): Min: 287787.9, Avg: 287787.9, Max: 287787.9, Diff: 0.0]
   [Code Root Fixup: 0.0 ms]
   [Code Root Migration: 0.1 ms]
   [Clear CT: 0.4 ms]
   [Other: 0.7 ms]
      [Choose CSet: 0.0 ms]
      [Ref Proc: 0.1 ms]
      [Ref Enq: 0.0 ms]
      [Free CSet: 0.6 ms]
   [Eden: 853.0M(853.0M)->0.0B(853.0M) Survivors: 69.0M->69.0M Heap: 1082.5M(1538.0M)->229.0M(1538.0M)]
 [Times: user=0.24 sys=0.00, real=0.03 secs] 
287.789: Total time for which application threads were stopped: 0.0315480 seconds, Stopping threads took: 0.0000140 seconds
288.230: Application time: 0.4408770 seconds
288.230: [GC pause (young), 0.0327770 secs]
   [Parallel Time: 31.5 ms, GC Workers: 8]
      [GC Worker Start (ms): Min: 288230.2, Avg: 288230.3, Max: 288230.3, Diff: 0.1]
      [Ext Root Scanning (ms): Min: 0.7, Avg: 0.7, Max: 0.8, Diff: 0.1, Sum: 5.9]
      [Update RS (ms): Min: 0.2, Avg: 0.3, Max: 0.4, Diff: 0.2, Sum: 2.4]
         [Processed Buffers: Min: 1, Avg: 2.1, Max: 3, Diff: 2, Sum: 17]
      [Scan RS (ms): Min: 0.3, Avg: 0.4, Max: 0.4, Diff: 0.1, Sum: 3.0]
      [Code Root Scanning (ms): Min: 0.0, Avg: 0.0, Max: 0.0, Diff: 0.0, Sum: 0.0]
      [Object Copy (ms): Min: 29.9, Avg: 30.0, Max: 30.0, Diff: 0.1, Sum: 239.7]
      [Termination (ms): Min: 0.0, Avg: 0.0, Max: 0.0, Diff: 0.0, Sum: 0.0]
      [GC Worker Other (ms): Min: 0.0, Avg: 0.1, Max: 0.1, Diff: 0.0, Sum: 0.4]
      [GC Worker Total (ms): Min: 31.4, Avg: 31.4, Max: 31.5, Diff: 0.1, Sum: 251.4]
      [GC Worker End (ms): Min: 288261.7, Avg: 288261.7, Max: 288261.7, Diff: 0.0]
   [Code Root Fixup: 0.1 ms]
   [Code Root Migration: 0.1 ms]
   [Clear CT: 0.4 ms]
   [Other: 0.7 ms]
      [Choose CSet: 0.0 ms]
      [Ref Proc: 0.1 ms]
      [Ref Enq: 0.0 ms]
      [Free CSet: 0.6 ms]
   [Eden: 853.0M(853.0M)->0.0B(852.0M) Survivors: 69.0M->70.0M Heap: 1082.0M(1538.0M)->230.0M(1538.0M)]
 [Times: user=0.26 sys=0.00, real=0.03 secs] 
288.263: Total time for which application threads were stopped: 0.0329880 seconds, Stopping threads took: 0.0000480 seconds
288.701: Application time: 0.4379270 seconds
288.701: [GC pause (young), 0.0336370 secs]
   [Parallel Time: 32.3 ms, GC Workers: 8]
      [GC Worker Start (ms): Min: 288701.1, Avg: 288701.2, Max: 288701.2, Diff: 0.1]
      [Ext Root Scanning (ms): Min: 0.7, Avg: 0.7, Max: 0.8, Diff: 0.1, Sum: 6.0]
      [Update RS (ms): Min: 0.2, Avg: 0.3, Max: 0.4, Diff: 0.1, Sum: 2.3]
         [Processed Buffers: Min: 1, Avg: 2.1, Max: 4, Diff: 3, Sum: 17]
      [Scan RS (ms): Min: 0.3, Avg: 0.4, Max: 0.4, Diff: 0.1, Sum: 3.0]
      [Code Root Scanning (ms): Min: 0.0, Avg: 0.0, Max: 0.0, Diff: 0.0, Sum: 0.0]
      [Object Copy (ms): Min: 30.7, Avg: 30.8, Max: 30.8, Diff: 0.1, Sum: 246.2]
      [Termination (ms): Min: 0.0, Avg: 0.0, Max: 0.0, Diff: 0.0, Sum: 0.0]
      [GC Worker Other (ms): Min: 0.0, Avg: 0.1, Max: 0.1, Diff: 0.0, Sum: 0.4]
      [GC Worker Total (ms): Min: 32.2, Avg: 32.3, Max: 32.3, Diff: 0.1, Sum: 258.0]
      [GC Worker End (ms): Min: 288733.4, Avg: 288733.4, Max: 288733.4, Diff: 0.0]
   [Code Root Fixup: 0.0 ms]
   [Code Root Migration: 0.1 ms]
   [Clear CT: 0.4 ms]
   [Other: 0.8 ms]
      [Choose CSet: 0.0 ms]
      [Ref Proc: 0.1 ms]
      [Ref Enq: 0.0 ms]
      [Free CSet: 0.6 ms]
   [Eden: 852.0M(852.0M)->0.0B(852.0M) Survivors: 70.0M->70.0M Heap: 1082.0M(1538.0M)->230.5M(1538.0M)]
 [Times: user=0.26 sys=0.00, real=0.04 secs] 
288.735: Total time for which application threads were stopped: 0.0338300 seconds, Stopping threads took: 0.0000490 seconds
289.176: Application time: 0.4411750 seconds
289.176: [GC pause (young), 0.0326880 secs]
   [Parallel Time: 31.4 ms, GC Workers: 8]
      [GC Worker Start (ms): Min: 289176.2, Avg: 289176.2, Max: 289176.2, Diff: 0.1]
      [Ext Root Scanning (ms): Min: 0.7, Avg: 0.7, Max: 0.8, Diff: 0.2, Sum: 5.9]
      [Update RS (ms): Min: 0.2, Avg: 0.3, Max: 0.4, Diff: 0.2, Sum: 2.4]
         [Processed Buffers: Min: 1, Avg: 2.1, Max: 3, Diff: 2, Sum: 17]
      [Scan RS (ms): Min: 0.3, Avg: 0.4, Max: 0.4, Diff: 0.1, Sum: 3.0]
      [Code Root Scanning (ms): Min: 0.0, Avg: 0.0, Max: 0.0, Diff: 0.0, Sum: 0.0]
      [Object Copy (ms): Min: 29.9, Avg: 29.9, Max: 29.9, Diff: 0.1, Sum: 239.2]
      [Termination (ms): Min: 0.0, Avg: 0.0, Max: 0.0, Diff: 0.0, Sum: 0.0]
      [GC Worker Other (ms): Min: 0.0, Avg: 0.0, Max: 0.1, Diff: 0.0, Sum: 0.4]
      [GC Worker Total (ms): Min: 31.3, Avg: 31.4, Max: 31.4, Diff: 0.1, Sum: 250.9]
      [GC Worker End (ms): Min: 289207.5, Avg: 289207.6, Max: 289207.6, Diff: 0.0]
   [Code Root Fixup: 0.0 ms]
   [Code Root Migration: 0.1 ms]
   [Clear CT: 0.4 ms]
   [Other: 0.7 ms]
      [Choose CSet: 0.0 ms]
      [Ref Proc: 0.1 ms]
      [Ref Enq: 0.0 ms]
      [Free CSet: 0.6 ms]
   [Eden: 852.0M(852.0M)->0.0B(852.0M) Survivors: 70.0M->70.0M Heap: 1082.5M(1538.0M)->230.0M(1538.0M)]
 [Times: user=0.25 sys=0.00, real=0.03 secs] 
289.209: Total time for which application threads were stopped: 0.0329020 seconds, Stopping threads took: 0.0000590 seconds
289.654: Application time: 0.4447610 seconds
289.654: [GC pause (young), 0.0322390 secs]
   [Parallel Time: 31.0 ms, GC Workers: 8]
      [GC Worker Start (ms): Min: 289653.8, Avg: 289654.0, Max: 289655.3, Diff: 1.6]
      [Ext Root Scanning (ms): Min: 0.0, Avg: 0.7, Max: 0.9, Diff: 0.9, Sum: 5.3]
      [Update RS (ms): Min: 0.0, Avg: 0.3, Max: 0.4, Diff: 0.4, Sum: 2.2]
         [Processed Buffers: Min: 0, Avg: 2.1, Max: 5, Diff: 5, Sum: 17]
      [Scan RS (ms): Min: 0.0, Avg: 0.3, Max: 0.4, Diff: 0.4, Sum: 2.8]
      [Code Root Scanning (ms): Min: 0.0, Avg: 0.0, Max: 0.0, Diff: 0.0, Sum: 0.0]
      [Object Copy (ms): Min: 29.4, Avg: 29.4, Max: 29.5, Diff: 0.1, Sum: 235.6]
      [Termination (ms): Min: 0.0, Avg: 0.0, Max: 0.0, Diff: 0.0, Sum: 0.0]
      [GC Worker Other (ms): Min: 0.0, Avg: 0.0, Max: 0.1, Diff: 0.0, Sum: 0.4]
      [GC Worker Total (ms): Min: 29.4, Avg: 30.8, Max: 31.0, Diff: 1.6, Sum: 246.3]
      [GC Worker End (ms): Min: 289684.8, Avg: 289684.8, Max: 289684.8, Diff: 0.0]
   [Code Root Fixup: 0.0 ms]
   [Code Root Migration: 0.1 ms]
   [Clear CT: 0.4 ms]
   [Other: 0.7 ms]
      [Choose CSet: 0.0 ms]
      [Ref Proc: 0.1 ms]
      [Ref Enq: 0.0 ms]
      [Free CSet: 0.6 ms]
   [Eden: 852.0M(852.0M)->0.0B(853.0M) Survivors: 70.0M->69.0M Heap: 1082.0M(1538.0M)->229.5M(1538.0M)]
 [Times: user=0.25 sys=0.00, real=0.03 secs] 
289.686: Total time for which application threads were stopped: 0.0324330 seconds, Stopping threads took: 0.0000390 seconds
290.136: Application time: 0.4497090 seconds
290.136: [GC pause (young), 0.0328010 secs]
   [Parallel Time: 31.5 ms, GC Workers: 8]
      [GC Worker Start (ms): Min: 290136.0, Avg: 290136.0, Max: 290136.0, Diff: 0.1]
      [Ext Root Scanning (ms): Min: 0.7, Avg: 0.8, Max: 0.8, Diff: 0.1, Sum: 6.1]
      [Update RS (ms): Min: 0.2, Avg: 0.3, Max: 0.3, Diff: 0.1, Sum: 2.3]
         [Processed Buffers: Min: 1, Avg: 2.1, Max: 4, Diff: 3, Sum: 17]
      [Scan RS (ms): Min: 0.3, Avg: 0.3, Max: 0.4, Diff: 0.1, Sum: 2.8]
      [Code Root Scanning (ms): Min: 0.0, Avg: 0.0, Max: 0.0, Diff: 0.0, Sum: 0.0]
      [Object Copy (ms): Min: 30.0, Avg: 30.0, Max: 30.0, Diff: 0.0, Sum: 239.8]
      [Termination (ms): Min: 0.0, Avg: 0.0, Max: 0.0, Diff: 0.0, Sum: 0.0]
      [GC Worker Other (ms): Min: 0.0, Avg: 0.0, Max: 0.1, Diff: 0.0, Sum: 0.4]
      [GC Worker Total (ms): Min: 31.4, Avg: 31.4, Max: 31.5, Diff: 0.1, Sum: 251.4]
      [GC Worker End (ms): Min: 290167.4, Avg: 290167.4, Max: 290167.4, Diff: 0.0]
   [Code Root Fixup: 0.0 ms]
   [Code Root Migration: 0.1 ms]
   [Clear CT: 0.4 ms]
   [Other: 0.8 ms]
      [Choose CSet: 0.0 ms]
      [Ref Proc: 0.1 ms]
      [Ref Enq: 0.0 ms]
      [Free CSet: 0.6 ms]
   [Eden: 853.0M(853.0M)->0.0B(853.0M) Survivors: 69.0M->69.0M Heap: 1082.5M(1538.0M)->229.5M(1538.0M)]
 [Times: user=0.26 sys=0.00, real=0.03 secs] 
290.169: Total time for which application threads were stopped: 0.0330010 seconds, Stopping threads took: 0.0000490 seconds
290.616: Application time: 0.4468710 seconds
290.616: [GC pause (young), 0.0326620 secs]
   [Parallel Time: 31.3 ms, GC Workers: 8]
      [GC Worker Start (ms): Min: 290615.8, Avg: 290615.8, Max: 290615.9, Diff: 0.1]
      [Ext Root Scanning (ms): Min: 0.7, Avg: 0.8, Max: 0.8, Diff: 0.1, Sum: 6.1]
      [Update RS (ms): Min: 0.2, Avg: 0.3, Max: 0.4, Diff: 0.2, Sum: 2.4]
         [Processed Buffers: Min: 1, Avg: 2.1, Max: 3, Diff: 2, Sum: 17]
      [Scan RS (ms): Min: 0.3, Avg: 0.4, Max: 0.4, Diff: 0.1, Sum: 2.9]
      [Code Root Scanning (ms): Min: 0.0, Avg: 0.0, Max: 0.0, Diff: 0.0, Sum: 0.1]
      [Object Copy (ms): Min: 29.7, Avg: 29.8, Max: 29.8, Diff: 0.1, Sum: 238.3]
      [Termination (ms): Min: 0.0, Avg: 0.0, Max: 0.0, Diff: 0.0, Sum: 0.0]
      [GC Worker Other (ms): Min: 0.0, Avg: 0.1, Max: 0.1, Diff: 0.0, Sum: 0.5]
      [GC Worker Total (ms): Min: 31.2, Avg: 31.3, Max: 31.3, Diff: 0.1, Sum: 250.1]
      [GC Worker End (ms): Min: 290647.1, Avg: 290647.1, Max: 290647.1, Diff: 0.0]
   [Code Root Fixup: 0.0 ms]
   [Code Root Migration: 0.1 ms]
   [Clear CT: 0.4 ms]
   [Other: 0.8 ms]
      [Choose CSet: 0.0 ms]
      [Ref Proc: 0.1 ms]
      [Ref Enq: 0.0 ms]
      [Free CSet: 0.6 ms]
   [Eden: 853.0M(853.0M)->0.0B(853.0M) Survivors: 69.0M->69.0M Heap: 1082.5M(1538.0M)->229.5M(1538.0M)]
 [Times: user=0.26 sys=0.00, real=0.03 secs] 
290.649: Total time for which application threads were stopped: 0.0328550 seconds, Stopping threads took: 0.0000360 seconds
291.095: Application time: 0.4463160 seconds
291.095: [GC pause (young), 0.0338890 secs]
   [Parallel Time: 32.6 ms, GC Workers: 8]
      [GC Worker Start (ms): Min: 291095.0, Avg: 291095.0, Max: 291095.1, Diff: 0.1]
      [Ext Root Scanning (ms): Min: 0.7, Avg: 0.7, Max: 0.8, Diff: 0.1, Sum: 5.9]
      [Update RS (ms): Min: 0.2, Avg: 0.3, Max: 0.4, Diff: 0.2, Sum: 2.3]
         [Processed Buffers: Min: 1, Avg: 2.1, Max: 3, Diff: 2, Sum: 17]
      [Scan RS (ms): Min: 0.3, Avg: 0.4, Max: 0.4, Diff: 0.1, Sum: 3.0]
      [Code Root Scanning (ms): Min: 0.0, Avg: 0.0, Max: 0.0, Diff: 0.0, Sum: 0.0]
      [Object Copy (ms): Min: 31.0, Avg: 31.1, Max: 31.1, Diff: 0.1, Sum: 248.6]
      [Termination (ms): Min: 0.0, Avg: 0.0, Max: 0.0, Diff: 0.0, Sum: 0.0]
      [GC Worker Other (ms): Min: 0.0, Avg: 0.0, Max: 0.1, Diff: 0.0, Sum: 0.3]
      [GC Worker Total (ms): Min: 32.5, Avg: 32.5, Max: 32.6, Diff: 0.1, Sum: 260.2]
      [GC Worker End (ms): Min: 291127.5, Avg: 291127.6, Max: 291127.6, Diff: 0.0]
   [Code Root Fixup: 0.0 ms]
   [Code Root Migration: 0.1 ms]
   [Clear CT: 0.4 ms]
   [Other: 0.8 ms]
      [Choose CSet: 0.0 ms]
      [Ref Proc: 0.1 ms]
      [Ref Enq: 0.0 ms]
      [Free CSet: 0.6 ms]
   [Eden: 853.0M(853.0M)->0.0B(852.0M) Survivors: 69.0M->70.0M Heap: 1082.5M(1538.0M)->230.6M(1538.0M)]
 [Times: user=0.26 sys=0.00, real=0.03 secs] 
291.129: Total time for which application threads were stopped: 0.0341030 seconds, Stopping threads took: 0.0000520 seconds
291.568: Application time: 0.4390970 seconds
291.568: [GC pause (young), 0.0327140 secs]
   [Parallel Time: 31.4 ms, GC Workers: 8]
      [GC Worker Start (ms): Min: 291568.2, Avg: 291568.2, Max: 291568.3, Diff: 0.1]
      [Ext Root Scanning (ms): Min: 0.7, Avg: 0.8, Max: 0.8, Diff: 0.1, Sum: 6.4]
      [Update RS (ms): Min: 0.2, Avg: 0.3, Max: 0.4, Diff: 0.1, Sum: 2.3]
         [Processed Buffers: Min: 1, Avg: 2.1, Max: 3, Diff: 2, Sum: 17]
      [Scan RS (ms): Min: 0.3, Avg: 0.4, Max: 0.4, Diff: 0.1, Sum: 2.9]
      [Code Root Scanning (ms): Min: 0.0, Avg: 0.0, Max: 0.0, Diff: 0.0, Sum: 0.0]
      [Object Copy (ms): Min: 29.9, Avg: 29.9, Max: 29.9, Diff: 0.0, Sum: 238.9]
      [Termination (ms): Min: 0.0, Avg: 0.0, Max: 0.0, Diff: 0.0, Sum: 0.0]
      [GC Worker Other (ms): Min: 0.0, Avg: 0.0, Max: 0.1, Diff: 0.0, Sum: 0.4]
      [GC Worker Total (ms): Min: 31.3, Avg: 31.4, Max: 31.4, Diff: 0.1, Sum: 250.9]
      [GC Worker End (ms): Min: 291599.6, Avg: 291599.6, Max: 291599.6, Diff: 0.0]
   [Code Root Fixup: 0.0 ms]
   [Code Root Migration: 0.1 ms]
   [Clear CT: 0.4 ms]
   [Other: 0.8 ms]
      [Choose CSet: 0.0 ms]
      [Ref Proc: 0.1 ms]
      [Ref Enq: 0.0 ms]
      [Free CSet: 0.6 ms]
   [Eden: 852.0M(852.0M)->0.0B(852.0M) Survivors: 70.0M->70.0M Heap: 1082.6M(1538.0M)->230.1M(1538.0M)]
 [Times: user=0.26 sys=0.00, real=0.03 secs] 
291.601: Total time for which application threads were stopped: 0.0329120 seconds, Stopping threads took: 0.0000530 seconds
292.040: Application time: 0.4390660 seconds
292.040: [GC pause (young), 0.0322200 secs]
   [Parallel Time: 31.0 ms, GC Workers: 8]
      [GC Worker Start (ms): Min: 292040.2, Avg: 292040.2, Max: 292040.3, Diff: 0.1]
      [Ext Root Scanning (ms): Min: 0.7, Avg: 0.8, Max: 0.9, Diff: 0.2, Sum: 6.3]
      [Update RS (ms): Min: 0.2, Avg: 0.3, Max: 0.4, Diff: 0.1, Sum: 2.3]
         [Processed Buffers: Min: 1, Avg: 2.1, Max: 3, Diff: 2, Sum: 17]
      [Scan RS (ms): Min: 0.3, Avg: 0.4, Max: 0.4, Diff: 0.1, Sum: 2.9]
      [Code Root Scanning (ms): Min: 0.0, Avg: 0.0, Max: 0.0, Diff: 0.0, Sum: 0.0]
      [Object Copy (ms): Min: 29.4, Avg: 29.4, Max: 29.4, Diff: 0.0, Sum: 235.2]
      [Termination (ms): Min: 0.0, Avg: 0.0, Max: 0.0, Diff: 0.0, Sum: 0.2]
      [GC Worker Other (ms): Min: 0.0, Avg: 0.0, Max: 0.1, Diff: 0.0, Sum: 0.3]
      [GC Worker Total (ms): Min: 30.9, Avg: 30.9, Max: 31.0, Diff: 0.1, Sum: 247.3]
      [GC Worker End (ms): Min: 292071.1, Avg: 292071.1, Max: 292071.2, Diff: 0.0]
   [Code Root Fixup: 0.0 ms]
   [Code Root Migration: 0.1 ms]
   [Clear CT: 0.4 ms]
   [Other: 0.7 ms]
      [Choose CSet: 0.0 ms]
      [Ref Proc: 0.1 ms]
      [Ref Enq: 0.0 ms]
      [Free CSet: 0.6 ms]
   [Eden: 852.0M(852.0M)->0.0B(853.0M) Survivors: 70.0M->69.0M Heap: 1082.1M(1538.0M)->229.1M(1538.0M)]
 [Times: user=0.25 sys=0.01, real=0.04 secs] 
292.072: Total time for which application threads were stopped: 0.0324330 seconds, Stopping threads took: 0.0000420 seconds
292.510: Application time: 0.4371580 seconds
292.510: [GC pause (young), 0.0312240 secs]
   [Parallel Time: 30.0 ms, GC Workers: 8]
      [GC Worker Start (ms): Min: 292509.8, Avg: 292510.0, Max: 292511.4, Diff: 1.6]
      [Ext Root Scanning (ms): Min: 0.0, Avg: 0.7, Max: 0.9, Diff: 0.9, Sum: 5.6]
      [Update RS (ms): Min: 0.0, Avg: 0.3, Max: 0.4, Diff: 0.4, Sum: 2.2]
         [Processed Buffers: Min: 0, Avg: 2.1, Max: 4, Diff: 4, Sum: 17]
      [Scan RS (ms): Min: 0.0, Avg: 0.3, Max: 0.4, Diff: 0.4, Sum: 2.6]
      [Code Root Scanning (ms): Min: 0.0, Avg: 0.0, Max: 0.0, Diff: 0.0, Sum: 0.0]
      [Object Copy (ms): Min: 28.3, Avg: 28.4, Max: 28.5, Diff: 0.2, Sum: 227.4]
      [Termination (ms): Min: 0.0, Avg: 0.0, Max: 0.0, Diff: 0.0, Sum: 0.0]
      [GC Worker Other (ms): Min: 0.0, Avg: 0.0, Max: 0.1, Diff: 0.0, Sum: 0.4]
      [GC Worker Total (ms): Min: 28.4, Avg: 29.8, Max: 30.0, Diff: 1.6, Sum: 238.1]
      [GC Worker End (ms): Min: 292539.7, Avg: 292539.8, Max: 292539.8, Diff: 0.0]
   [Code Root Fixup: 0.0 ms]
   [Code Root Migration: 0.1 ms]
   [Clear CT: 0.3 ms]
   [Other: 0.7 ms]
      [Choose CSet: 0.0 ms]
      [Ref Proc: 0.1 ms]
      [Ref Enq: 0.0 ms]
      [Free CSet: 0.6 ms]
   [Eden: 853.0M(853.0M)->0.0B(854.0M) Survivors: 69.0M->68.0M Heap: 1082.1M(1538.0M)->228.1M(1538.0M)]
 [Times: user=0.24 sys=0.00, real=0.03 secs] 
292.541: Total time for which application threads were stopped: 0.0314080 seconds, Stopping threads took: 0.0000370 seconds
292.981: Application time: 0.4404090 seconds
292.982: [GC pause (young), 0.0323970 secs]
   [Parallel Time: 31.1 ms, GC Workers: 8]
      [GC Worker Start (ms): Min: 292981.7, Avg: 292982.6, Max: 292983.4, Diff: 1.7]
      [Ext Root Scanning (ms): Min: 0.0, Avg: 0.4, Max: 0.9, Diff: 0.9, Sum: 3.3]
      [Update RS (ms): Min: 0.0, Avg: 0.2, Max: 0.5, Diff: 0.5, Sum: 1.8]
         [Processed Buffers: Min: 0, Avg: 2.1, Max: 7, Diff: 7, Sum: 17]
      [Scan RS (ms): Min: 0.0, Avg: 0.2, Max: 0.4, Diff: 0.4, Sum: 1.7]
      [Code Root Scanning (ms): Min: 0.0, Avg: 0.0, Max: 0.0, Diff: 0.0, Sum: 0.0]
      [Object Copy (ms): Min: 29.2, Avg: 29.3, Max: 29.3, Diff: 0.1, Sum: 234.1]
      [Termination (ms): Min: 0.0, Avg: 0.0, Max: 0.0, Diff: 0.0, Sum: 0.0]
      [GC Worker Other (ms): Min: 0.0, Avg: 0.0, Max: 0.1, Diff: 0.0, Sum: 0.3]
      [GC Worker Total (ms): Min: 29.3, Avg: 30.2, Max: 31.0, Diff: 1.7, Sum: 241.4]
      [GC Worker End (ms): Min: 293012.7, Avg: 293012.7, Max: 293012.7, Diff: 0.0]
   [Code Root Fixup: 0.1 ms]
   [Code Root Migration: 0.1 ms]
   [Clear CT: 0.4 ms]
   [Other: 0.8 ms]
      [Choose CSet: 0.0 ms]
      [Ref Proc: 0.1 ms]
      [Ref Enq: 0.0 ms]
      [Free CSet: 0.6 ms]
   [Eden: 854.0M(854.0M)->0.0B(852.0M) Survivors: 68.0M->70.0M Heap: 1082.1M(1538.0M)->230.1M(1538.0M)]
 [Times: user=0.25 sys=0.00, real=0.04 secs] 
293.014: Total time for which application threads were stopped: 0.0326990 seconds, Stopping threads took: 0.0001400 seconds
293.452: Application time: 0.4382900 seconds
293.453: [GC pause (young), 0.0305190 secs]
   [Parallel Time: 29.2 ms, GC Workers: 8]
      [GC Worker Start (ms): Min: 293452.6, Avg: 293452.6, Max: 293452.7, Diff: 0.1]
      [Ext Root Scanning (ms): Min: 0.7, Avg: 0.8, Max: 0.8, Diff: 0.1, Sum: 6.0]
      [Update RS (ms): Min: 0.2, Avg: 0.3, Max: 0.4, Diff: 0.2, Sum: 2.4]
         [Processed Buffers: Min: 1, Avg: 2.1, Max: 4, Diff: 3, Sum: 17]
      [Scan RS (ms): Min: 0.2, Avg: 0.4, Max: 0.4, Diff: 0.2, Sum: 2.8]
      [Code Root Scanning (ms): Min: 0.0, Avg: 0.0, Max: 0.0, Diff: 0.0, Sum: 0.0]
      [Object Copy (ms): Min: 27.7, Avg: 27.7, Max: 27.7, Diff: 0.1, Sum: 221.6]
      [Termination (ms): Min: 0.0, Avg: 0.0, Max: 0.0, Diff: 0.0, Sum: 0.0]
      [GC Worker Other (ms): Min: 0.0, Avg: 0.1, Max: 0.1, Diff: 0.0, Sum: 0.4]
      [GC Worker Total (ms): Min: 29.1, Avg: 29.2, Max: 29.2, Diff: 0.1, Sum: 233.3]
      [GC Worker End (ms): Min: 293481.8, Avg: 293481.8, Max: 293481.8, Diff: 0.0]
   [Code Root Fixup: 0.1 ms]
   [Code Root Migration: 0.1 ms]
   [Clear CT: 0.4 ms]
   [Other: 0.8 ms]
      [Choose CSet: 0.0 ms]
      [Ref Proc: 0.1 ms]
      [Ref Enq: 0.0 ms]
      [Free CSet: 0.6 ms]
   [Eden: 852.0M(852.0M)->0.0B(857.0M) Survivors: 70.0M->65.0M Heap: 1082.1M(1538.0M)->225.6M(1538.0M)]
 [Times: user=0.24 sys=0.00, real=0.02 secs] 
293.483: Total time for which application threads were stopped: 0.0307150 seconds, Stopping threads took: 0.0000450 seconds
293.927: Application time: 0.4441130 seconds
293.927: [GC pause (young), 0.0332320 secs]
   [Parallel Time: 32.0 ms, GC Workers: 8]
      [GC Worker Start (ms): Min: 293927.4, Avg: 293928.4, Max: 293931.0, Diff: 3.6]
      [Ext Root Scanning (ms): Min: 0.0, Avg: 0.6, Max: 0.9, Diff: 0.9, Sum: 4.6]
      [Update RS (ms): Min: 0.0, Avg: 0.3, Max: 0.4, Diff: 0.4, Sum: 2.1]
         [Processed Buffers: Min: 0, Avg: 2.1, Max: 5, Diff: 5, Sum: 17]
      [Scan RS (ms): Min: 0.1, Avg: 0.3, Max: 0.4, Diff: 0.3, Sum: 2.3]
      [Code Root Scanning (ms): Min: 0.0, Avg: 0.0, Max: 0.0, Diff: 0.0, Sum: 0.0]
      [Object Copy (ms): Min: 28.3, Avg: 29.9, Max: 30.5, Diff: 2.2, Sum: 239.0]
      [Termination (ms): Min: 0.0, Avg: 0.0, Max: 0.0, Diff: 0.0, Sum: 0.0]
      [GC Worker Other (ms): Min: 0.0, Avg: 0.0, Max: 0.1, Diff: 0.0, Sum: 0.4]
      [GC Worker Total (ms): Min: 28.4, Avg: 31.1, Max: 32.0, Diff: 3.5, Sum: 248.5]
      [GC Worker End (ms): Min: 293959.4, Avg: 293959.4, Max: 293959.4, Diff: 0.0]
   [Code Root Fixup: 0.0 ms]
   [Code Root Migration: 0.1 ms]
   [Clear CT: 0.4 ms]
   [Other: 0.7 ms]
      [Choose CSet: 0.0 ms]
      [Ref Proc: 0.1 ms]
      [Ref Enq: 0.0 ms]
      [Free CSet: 0.6 ms]
   [Eden: 857.0M(857.0M)->0.0B(850.0M) Survivors: 65.0M->72.0M Heap: 1082.6M(1538.0M)->232.1M(1538.0M)]
 [Times: user=0.25 sys=0.00, real=0.03 secs] 
293.961: Total time for which application threads were stopped: 0.0334520 seconds, Stopping threads took: 0.0000650 seconds
294.408: Application time: 0.4468400 seconds
294.408: [GC pause (young), 0.0326200 secs]
   [Parallel Time: 31.3 ms, GC Workers: 8]
      [GC Worker Start (ms): Min: 294407.7, Avg: 294407.7, Max: 294407.8, Diff: 0.1]
      [Ext Root Scanning (ms): Min: 0.7, Avg: 0.7, Max: 0.8, Diff: 0.1, Sum: 5.8]
      [Update RS (ms): Min: 0.2, Avg: 0.3, Max: 0.4, Diff: 0.3, Sum: 2.4]
         [Processed Buffers: Min: 1, Avg: 2.1, Max: 3, Diff: 2, Sum: 17]
      [Scan RS (ms): Min: 0.2, Avg: 0.4, Max: 0.4, Diff: 0.2, Sum: 2.9]
      [Code Root Scanning (ms): Min: 0.0, Avg: 0.0, Max: 0.0, Diff: 0.0, Sum: 0.0]
      [Object Copy (ms): Min: 29.8, Avg: 29.8, Max: 29.9, Diff: 0.1, Sum: 238.4]
      [Termination (ms): Min: 0.0, Avg: 0.0, Max: 0.0, Diff: 0.0, Sum: 0.0]
      [GC Worker Other (ms): Min: 0.0, Avg: 0.1, Max: 0.1, Diff: 0.0, Sum: 0.5]
      [GC Worker Total (ms): Min: 31.2, Avg: 31.3, Max: 31.3, Diff: 0.1, Sum: 250.0]
      [GC Worker End (ms): Min: 294439.0, Avg: 294439.0, Max: 294439.0, Diff: 0.0]
   [Code Root Fixup: 0.1 ms]
   [Code Root Migration: 0.1 ms]
   [Clear CT: 0.4 ms]
   [Other: 0.7 ms]
      [Choose CSet: 0.0 ms]
      [Ref Proc: 0.1 ms]
      [Ref Enq: 0.0 ms]
      [Free CSet: 0.6 ms]
   [Eden: 850.0M(850.0M)->0.0B(852.0M) Survivors: 72.0M->70.0M Heap: 1082.1M(1538.0M)->230.1M(1538.0M)]
 [Times: user=0.25 sys=0.00, real=0.03 secs] 
294.440: Total time for which application threads were stopped: 0.0328130 seconds, Stopping threads took: 0.0000510 seconds
294.889: Application time: 0.4482710 seconds
294.889: [GC pause (young), 0.0323690 secs]
   [Parallel Time: 31.1 ms, GC Workers: 8]
      [GC Worker Start (ms): Min: 294888.8, Avg: 294888.8, Max: 294888.9, Diff: 0.1]
      [Ext Root Scanning (ms): Min: 0.7, Avg: 0.7, Max: 0.8, Diff: 0.1, Sum: 5.9]
      [Update RS (ms): Min: 0.2, Avg: 0.3, Max: 0.4, Diff: 0.2, Sum: 2.3]
         [Processed Buffers: Min: 1, Avg: 2.1, Max: 3, Diff: 2, Sum: 17]
      [Scan RS (ms): Min: 0.3, Avg: 0.4, Max: 0.4, Diff: 0.1, Sum: 3.0]
      [Code Root Scanning (ms): Min: 0.0, Avg: 0.0, Max: 0.0, Diff: 0.0, Sum: 0.0]
      [Object Copy (ms): Min: 29.6, Avg: 29.6, Max: 29.6, Diff: 0.1, Sum: 236.8]
      [Termination (ms): Min: 0.0, Avg: 0.0, Max: 0.0, Diff: 0.0, Sum: 0.0]
      [GC Worker Other (ms): Min: 0.0, Avg: 0.0, Max: 0.1, Diff: 0.0, Sum: 0.4]
      [GC Worker Total (ms): Min: 31.0, Avg: 31.0, Max: 31.1, Diff: 0.1, Sum: 248.4]
      [GC Worker End (ms): Min: 294919.9, Avg: 294919.9, Max: 294919.9, Diff: 0.0]
   [Code Root Fixup: 0.0 ms]
   [Code Root Migration: 0.1 ms]
   [Clear CT: 0.4 ms]
   [Other: 0.7 ms]
      [Choose CSet: 0.0 ms]
      [Ref Proc: 0.1 ms]
      [Ref Enq: 0.0 ms]
      [Free CSet: 0.6 ms]
   [Eden: 852.0M(852.0M)->0.0B(852.0M) Survivors: 70.0M->70.0M Heap: 1082.1M(1538.0M)->230.1M(1538.0M)]
 [Times: user=0.25 sys=0.00, real=0.03 secs] 
294.921: Total time for which application threads were stopped: 0.0325710 seconds, Stopping threads took: 0.0000410 seconds
295.373: Application time: 0.4516930 seconds
295.373: [GC pause (young), 0.0333790 secs]
   [Parallel Time: 32.0 ms, GC Workers: 8]
      [GC Worker Start (ms): Min: 295373.1, Avg: 295373.1, Max: 295373.1, Diff: 0.1]
      [Ext Root Scanning (ms): Min: 0.7, Avg: 0.7, Max: 0.8, Diff: 0.1, Sum: 5.9]
      [Update RS (ms): Min: 0.2, Avg: 0.3, Max: 0.4, Diff: 0.1, Sum: 2.3]
         [Processed Buffers: Min: 1, Avg: 2.1, Max: 3, Diff: 2, Sum: 17]
      [Scan RS (ms): Min: 0.3, Avg: 0.4, Max: 0.4, Diff: 0.1, Sum: 3.0]
      [Code Root Scanning (ms): Min: 0.0, Avg: 0.0, Max: 0.0, Diff: 0.0, Sum: 0.0]
      [Object Copy (ms): Min: 30.5, Avg: 30.5, Max: 30.5, Diff: 0.1, Sum: 243.9]
      [Termination (ms): Min: 0.0, Avg: 0.0, Max: 0.0, Diff: 0.0, Sum: 0.0]
      [GC Worker Other (ms): Min: 0.0, Avg: 0.0, Max: 0.1, Diff: 0.0, Sum: 0.4]
      [GC Worker Total (ms): Min: 31.9, Avg: 32.0, Max: 32.0, Diff: 0.1, Sum: 255.6]
      [GC Worker End (ms): Min: 295405.0, Avg: 295405.1, Max: 295405.1, Diff: 0.0]
   [Code Root Fixup: 0.0 ms]
   [Code Root Migration: 0.1 ms]
   [Clear CT: 0.4 ms]
   [Other: 0.8 ms]
      [Choose CSet: 0.0 ms]
      [Ref Proc: 0.1 ms]
      [Ref Enq: 0.0 ms]
      [Free CSet: 0.6 ms]
   [Eden: 852.0M(852.0M)->0.0B(853.0M) Survivors: 70.0M->69.0M Heap: 1082.1M(1538.0M)->229.2M(1538.0M)]
 [Times: user=0.26 sys=0.00, real=0.03 secs] 
295.406: Total time for which application threads were stopped: 0.0335670 seconds, Stopping threads took: 0.0000460 seconds
295.856: Application time: 0.4491760 seconds
295.856: [GC pause (young), 0.0328020 secs]
   [Parallel Time: 31.5 ms, GC Workers: 8]
      [GC Worker Start (ms): Min: 295855.8, Avg: 295856.3, Max: 295859.4, Diff: 3.6]
      [Ext Root Scanning (ms): Min: 0.0, Avg: 0.7, Max: 0.9, Diff: 0.9, Sum: 5.4]
      [Update RS (ms): Min: 0.0, Avg: 0.3, Max: 0.4, Diff: 0.4, Sum: 2.2]
         [Processed Buffers: Min: 0, Avg: 2.1, Max: 3, Diff: 3, Sum: 17]
      [Scan RS (ms): Min: 0.1, Avg: 0.3, Max: 0.4, Diff: 0.3, Sum: 2.8]
      [Code Root Scanning (ms): Min: 0.0, Avg: 0.0, Max: 0.0, Diff: 0.0, Sum: 0.0]
      [Object Copy (ms): Min: 27.7, Avg: 29.6, Max: 30.0, Diff: 2.3, Sum: 237.1]
      [Termination (ms): Min: 0.0, Avg: 0.0, Max: 0.0, Diff: 0.0, Sum: 0.0]
      [GC Worker Other (ms): Min: 0.0, Avg: 0.1, Max: 0.1, Diff: 0.0, Sum: 0.5]
      [GC Worker Total (ms): Min: 27.9, Avg: 31.0, Max: 31.5, Diff: 3.6, Sum: 248.0]
      [GC Worker End (ms): Min: 295887.3, Avg: 295887.3, Max: 295887.3, Diff: 0.0]
   [Code Root Fixup: 0.1 ms]
   [Code Root Migration: 0.1 ms]
   [Clear CT: 0.4 ms]
   [Other: 0.7 ms]
      [Choose CSet: 0.0 ms]
      [Ref Proc: 0.1 ms]
      [Ref Enq: 0.0 ms]
      [Free CSet: 0.6 ms]
   [Eden: 853.0M(853.0M)->0.0B(852.0M) Survivors: 69.0M->70.0M Heap: 1082.2M(1538.0M)->230.2M(1538.0M)]
 [Times: user=0.25 sys=0.00, real=0.03 secs] 
295.889: Total time for which application threads were stopped: 0.0329930 seconds, Stopping threads took: 0.0000370 seconds
296.333: Application time: 0.4446290 seconds
296.333: [GC pause (young), 0.0323130 secs]
   [Parallel Time: 31.1 ms, GC Workers: 8]
      [GC Worker Start (ms): Min: 296333.4, Avg: 296333.5, Max: 296333.5, Diff: 0.1]
      [Ext Root Scanning (ms): Min: 0.7, Avg: 0.8, Max: 0.9, Diff: 0.1, Sum: 6.4]
      [Update RS (ms): Min: 0.2, Avg: 0.3, Max: 0.4, Diff: 0.2, Sum: 2.4]
         [Processed Buffers: Min: 1, Avg: 2.1, Max: 3, Diff: 2, Sum: 17]
      [Scan RS (ms): Min: 0.3, Avg: 0.3, Max: 0.4, Diff: 0.2, Sum: 2.8]
      [Code Root Scanning (ms): Min: 0.0, Avg: 0.0, Max: 0.0, Diff: 0.0, Sum: 0.0]
      [Object Copy (ms): Min: 29.5, Avg: 29.5, Max: 29.5, Diff: 0.0, Sum: 236.3]
      [Termination (ms): Min: 0.0, Avg: 0.0, Max: 0.0, Diff: 0.0, Sum: 0.0]
      [GC Worker Other (ms): Min: 0.0, Avg: 0.0, Max: 0.1, Diff: 0.0, Sum: 0.4]
      [GC Worker Total (ms): Min: 31.0, Avg: 31.0, Max: 31.1, Diff: 0.1, Sum: 248.2]
      [GC Worker End (ms): Min: 296364.5, Avg: 296364.5, Max: 296364.5, Diff: 0.0]
   [Code Root Fixup: 0.1 ms]
   [Code Root Migration: 0.1 ms]
   [Clear CT: 0.4 ms]
   [Other: 0.7 ms]
      [Choose CSet: 0.0 ms]
      [Ref Proc: 0.1 ms]
      [Ref Enq: 0.0 ms]
      [Free CSet: 0.6 ms]
   [Eden: 852.0M(852.0M)->0.0B(853.0M) Survivors: 70.0M->69.0M Heap: 1082.2M(1538.0M)->229.7M(1538.0M)]
 [Times: user=0.25 sys=0.00, real=0.03 secs] 
296.366: Total time for which application threads were stopped: 0.0325180 seconds, Stopping threads took: 0.0000500 seconds
296.806: Application time: 0.4402420 seconds
296.806: [GC pause (young), 0.0329530 secs]
   [Parallel Time: 31.6 ms, GC Workers: 8]
      [GC Worker Start (ms): Min: 296806.2, Avg: 296806.2, Max: 296806.3, Diff: 0.1]
      [Ext Root Scanning (ms): Min: 0.7, Avg: 0.8, Max: 0.8, Diff: 0.2, Sum: 6.2]
      [Update RS (ms): Min: 0.2, Avg: 0.3, Max: 0.4, Diff: 0.2, Sum: 2.4]
         [Processed Buffers: Min: 1, Avg: 2.1, Max: 3, Diff: 2, Sum: 17]
      [Scan RS (ms): Min: 0.2, Avg: 0.3, Max: 0.4, Diff: 0.2, Sum: 2.7]
      [Code Root Scanning (ms): Min: 0.0, Avg: 0.0, Max: 0.0, Diff: 0.0, Sum: 0.0]
      [Object Copy (ms): Min: 30.0, Avg: 30.0, Max: 30.0, Diff: 0.0, Sum: 240.2]
      [Termination (ms): Min: 0.0, Avg: 0.0, Max: 0.0, Diff: 0.0, Sum: 0.0]
      [GC Worker Other (ms): Min: 0.0, Avg: 0.1, Max: 0.1, Diff: 0.0, Sum: 0.4]
      [GC Worker Total (ms): Min: 31.5, Avg: 31.5, Max: 31.5, Diff: 0.1, Sum: 252.0]
      [GC Worker End (ms): Min: 296837.7, Avg: 296837.7, Max: 296837.8, Diff: 0.0]
   [Code Root Fixup: 0.0 ms]
   [Code Root Migration: 0.1 ms]
   [Clear CT: 0.4 ms]
   [Other: 0.8 ms]
      [Choose CSet: 0.0 ms]
      [Ref Proc: 0.1 ms]
      [Ref Enq: 0.0 ms]
      [Free CSet: 0.6 ms]
   [Eden: 853.0M(853.0M)->0.0B(851.0M) Survivors: 69.0M->71.0M Heap: 1082.7M(1538.0M)->231.2M(1538.0M)]
 [Times: user=0.25 sys=0.00, real=0.03 secs] 
296.839: Total time for which application threads were stopped: 0.0331630 seconds, Stopping threads took: 0.0000550 seconds
297.277: Application time: 0.4376050 seconds
297.277: [GC pause (young), 0.0326490 secs]
   [Parallel Time: 31.4 ms, GC Workers: 8]
      [GC Worker Start (ms): Min: 297277.0, Avg: 297277.0, Max: 297277.1, Diff: 0.1]
      [Ext Root Scanning (ms): Min: 0.7, Avg: 0.8, Max: 0.9, Diff: 0.1, Sum: 6.4]
      [Update RS (ms): Min: 0.2, Avg: 0.3, Max: 0.4, Diff: 0.2, Sum: 2.4]
         [Processed Buffers: Min: 1, Avg: 2.1, Max: 4, Diff: 3, Sum: 17]
      [Scan RS (ms): Min: 0.2, Avg: 0.3, Max: 0.4, Diff: 0.2, Sum: 2.7]
      [Code Root Scanning (ms): Min: 0.0, Avg: 0.0, Max: 0.0, Diff: 0.0, Sum: 0.0]
      [Object Copy (ms): Min: 29.8, Avg: 29.8, Max: 29.9, Diff: 0.0, Sum: 238.8]
      [Termination (ms): Min: 0.0, Avg: 0.0, Max: 0.0, Diff: 0.0, Sum: 0.0]
      [GC Worker Other (ms): Min: 0.0, Avg: 0.0, Max: 0.1, Diff: 0.0, Sum: 0.4]
      [GC Worker Total (ms): Min: 31.3, Avg: 31.3, Max: 31.4, Diff: 0.1, Sum: 250.7]
      [GC Worker End (ms): Min: 297308.4, Avg: 297308.4, Max: 297308.4, Diff: 0.0]
   [Code Root Fixup: 0.0 ms]
   [Code Root Migration: 0.1 ms]
   [Clear CT: 0.4 ms]
   [Other: 0.7 ms]
      [Choose CSet: 0.0 ms]
      [Ref Proc: 0.1 ms]
      [Ref Enq: 0.0 ms]
      [Free CSet: 0.6 ms]
   [Eden: 851.0M(851.0M)->0.0B(852.0M) Survivors: 71.0M->70.0M Heap: 1082.2M(1538.0M)->230.7M(1538.0M)]
 [Times: user=0.25 sys=0.01, real=0.03 secs] 
297.310: Total time for which application threads were stopped: 0.0328730 seconds, Stopping threads took: 0.0000700 seconds
297.743: Application time: 0.4333720 seconds
297.743: [GC pause (young), 0.0335850 secs]
   [Parallel Time: 32.3 ms, GC Workers: 8]
      [GC Worker Start (ms): Min: 297743.2, Avg: 297743.3, Max: 297743.3, Diff: 0.1]
      [Ext Root Scanning (ms): Min: 0.7, Avg: 0.8, Max: 0.8, Diff: 0.1, Sum: 6.3]
      [Update RS (ms): Min: 0.2, Avg: 0.3, Max: 0.4, Diff: 0.2, Sum: 2.3]
         [Processed Buffers: Min: 1, Avg: 2.1, Max: 3, Diff: 2, Sum: 17]
      [Scan RS (ms): Min: 0.2, Avg: 0.4, Max: 0.4, Diff: 0.2, Sum: 2.9]
      [Code Root Scanning (ms): Min: 0.0, Avg: 0.0, Max: 0.0, Diff: 0.0, Sum: 0.0]
      [Object Copy (ms): Min: 30.7, Avg: 30.7, Max: 30.7, Diff: 0.0, Sum: 245.7]
      [Termination (ms): Min: 0.0, Avg: 0.0, Max: 0.0, Diff: 0.0, Sum: 0.0]
      [GC Worker Other (ms): Min: 0.0, Avg: 0.0, Max: 0.1, Diff: 0.0, Sum: 0.3]
      [GC Worker Total (ms): Min: 32.1, Avg: 32.2, Max: 32.3, Diff: 0.2, Sum: 257.6]
      [GC Worker End (ms): Min: 297775.4, Avg: 297775.5, Max: 297775.5, Diff: 0.0]
   [Code Root Fixup: 0.1 ms]
   [Code Root Migration: 0.1 ms]
   [Clear CT: 0.4 ms]
   [Other: 0.8 ms]
      [Choose CSet: 0.0 ms]
      [Ref Proc: 0.1 ms]
      [Ref Enq: 0.0 ms]
      [Free CSet: 0.6 ms]
   [Eden: 852.0M(852.0M)->0.0B(850.0M) Survivors: 70.0M->72.0M Heap: 1082.7M(1538.0M)->232.7M(1538.0M)]
 [Times: user=0.26 sys=0.00, real=0.04 secs] 
297.777: Total time for which application threads were stopped: 0.0337710 seconds, Stopping threads took: 0.0000310 seconds
298.213: Application time: 0.4364950 seconds
298.213: [GC pause (young), 0.0320580 secs]
   [Parallel Time: 30.8 ms, GC Workers: 8]
      [GC Worker Start (ms): Min: 298213.5, Avg: 298213.5, Max: 298213.5, Diff: 0.1]
      [Ext Root Scanning (ms): Min: 0.8, Avg: 0.8, Max: 0.8, Diff: 0.1, Sum: 6.4]
      [Update RS (ms): Min: 0.2, Avg: 0.3, Max: 0.4, Diff: 0.2, Sum: 2.4]
         [Processed Buffers: Min: 1, Avg: 2.1, Max: 3, Diff: 2, Sum: 17]
      [Scan RS (ms): Min: 0.2, Avg: 0.3, Max: 0.4, Diff: 0.2, Sum: 2.7]
      [Code Root Scanning (ms): Min: 0.0, Avg: 0.0, Max: 0.0, Diff: 0.0, Sum: 0.0]
      [Object Copy (ms): Min: 29.2, Avg: 29.2, Max: 29.2, Diff: 0.0, Sum: 233.8]
      [Termination (ms): Min: 0.0, Avg: 0.0, Max: 0.0, Diff: 0.0, Sum: 0.0]
      [GC Worker Other (ms): Min: 0.0, Avg: 0.0, Max: 0.1, Diff: 0.0, Sum: 0.3]
      [GC Worker Total (ms): Min: 30.7, Avg: 30.7, Max: 30.8, Diff: 0.1, Sum: 245.7]
      [GC Worker End (ms): Min: 298244.2, Avg: 298244.2, Max: 298244.2, Diff: 0.0]
   [Code Root Fixup: 0.1 ms]
   [Code Root Migration: 0.1 ms]
   [Clear CT: 0.4 ms]
   [Other: 0.8 ms]
      [Choose CSet: 0.0 ms]
      [Ref Proc: 0.1 ms]
      [Ref Enq: 0.0 ms]
      [Free CSet: 0.6 ms]
   [Eden: 850.0M(850.0M)->0.0B(851.0M) Survivors: 72.0M->71.0M Heap: 1082.7M(1538.0M)->231.2M(1538.0M)]
 [Times: user=0.25 sys=0.00, real=0.03 secs] 
298.246: Total time for which application threads were stopped: 0.0322290 seconds, Stopping threads took: 0.0000270 seconds
298.688: Application time: 0.4428410 seconds
298.689: [GC pause (young), 0.0325180 secs]
   [Parallel Time: 31.3 ms, GC Workers: 8]
      [GC Worker Start (ms): Min: 298688.6, Avg: 298688.6, Max: 298688.7, Diff: 0.1]
      [Ext Root Scanning (ms): Min: 0.7, Avg: 0.8, Max: 0.8, Diff: 0.1, Sum: 6.2]
      [Update RS (ms): Min: 0.2, Avg: 0.3, Max: 0.4, Diff: 0.2, Sum: 2.4]
         [Processed Buffers: Min: 1, Avg: 2.1, Max: 3, Diff: 2, Sum: 17]
      [Scan RS (ms): Min: 0.3, Avg: 0.4, Max: 0.4, Diff: 0.1, Sum: 2.8]
      [Code Root Scanning (ms): Min: 0.0, Avg: 0.0, Max: 0.0, Diff: 0.0, Sum: 0.0]
      [Object Copy (ms): Min: 29.7, Avg: 29.7, Max: 29.8, Diff: 0.1, Sum: 237.8]
      [Termination (ms): Min: 0.0, Avg: 0.0, Max: 0.0, Diff: 0.0, Sum: 0.0]
      [GC Worker Other (ms): Min: 0.0, Avg: 0.0, Max: 0.1, Diff: 0.0, Sum: 0.4]
      [GC Worker Total (ms): Min: 31.2, Avg: 31.2, Max: 31.2, Diff: 0.1, Sum: 249.7]
      [GC Worker End (ms): Min: 298719.8, Avg: 298719.8, Max: 298719.8, Diff: 0.0]
   [Code Root Fixup: 0.0 ms]
   [Code Root Migration: 0.1 ms]
   [Clear CT: 0.4 ms]
   [Other: 0.7 ms]
      [Choose CSet: 0.0 ms]
      [Ref Proc: 0.1 ms]
      [Ref Enq: 0.0 ms]
      [Free CSet: 0.6 ms]
   [Eden: 851.0M(851.0M)->0.0B(852.0M) Survivors: 71.0M->70.0M Heap: 1082.2M(1538.0M)->230.2M(1538.0M)]
 [Times: user=0.25 sys=0.00, real=0.03 secs] 
298.721: Total time for which application threads were stopped: 0.0327410 seconds, Stopping threads took: 0.0000580 seconds
299.166: Application time: 0.4449180 seconds
299.166: [GC pause (young), 0.0313300 secs]
   [Parallel Time: 30.1 ms, GC Workers: 8]
      [GC Worker Start (ms): Min: 299166.2, Avg: 299166.3, Max: 299166.3, Diff: 0.1]
      [Ext Root Scanning (ms): Min: 0.7, Avg: 0.8, Max: 0.8, Diff: 0.1, Sum: 6.2]
      [Update RS (ms): Min: 0.2, Avg: 0.3, Max: 0.4, Diff: 0.2, Sum: 2.5]
         [Processed Buffers: Min: 1, Avg: 2.1, Max: 4, Diff: 3, Sum: 17]
      [Scan RS (ms): Min: 0.2, Avg: 0.3, Max: 0.4, Diff: 0.2, Sum: 2.8]
      [Code Root Scanning (ms): Min: 0.0, Avg: 0.0, Max: 0.0, Diff: 0.0, Sum: 0.0]
      [Object Copy (ms): Min: 28.5, Avg: 28.5, Max: 28.6, Diff: 0.0, Sum: 228.4]
      [Termination (ms): Min: 0.0, Avg: 0.0, Max: 0.0, Diff: 0.0, Sum: 0.0]
      [GC Worker Other (ms): Min: 0.0, Avg: 0.0, Max: 0.1, Diff: 0.0, Sum: 0.4]
      [GC Worker Total (ms): Min: 30.0, Avg: 30.0, Max: 30.1, Diff: 0.0, Sum: 240.3]
      [GC Worker End (ms): Min: 299196.3, Avg: 299196.3, Max: 299196.3, Diff: 0.0]
   [Code Root Fixup: 0.0 ms]
   [Code Root Migration: 0.1 ms]
   [Clear CT: 0.4 ms]
   [Other: 0.7 ms]
      [Choose CSet: 0.0 ms]
      [Ref Proc: 0.1 ms]
      [Ref Enq: 0.0 ms]
      [Free CSet: 0.6 ms]
   [Eden: 852.0M(852.0M)->0.0B(855.0M) Survivors: 70.0M->67.0M Heap: 1082.2M(1538.0M)->227.8M(1538.0M)]
 [Times: user=0.25 sys=0.00, real=0.03 secs] 
299.198: Total time for which application threads were stopped: 0.0315230 seconds, Stopping threads took: 0.0000530 seconds
299.647: Application time: 0.4495970 seconds
299.647: [GC pause (young), 0.0332220 secs]
   [Parallel Time: 31.9 ms, GC Workers: 8]
      [GC Worker Start (ms): Min: 299647.4, Avg: 299647.4, Max: 299647.4, Diff: 0.1]
      [Ext Root Scanning (ms): Min: 0.7, Avg: 0.8, Max: 0.8, Diff: 0.1, Sum: 6.1]
      [Update RS (ms): Min: 0.2, Avg: 0.3, Max: 0.4, Diff: 0.2, Sum: 2.3]
         [Processed Buffers: Min: 1, Avg: 2.1, Max: 3, Diff: 2, Sum: 17]
      [Scan RS (ms): Min: 0.3, Avg: 0.3, Max: 0.4, Diff: 0.2, Sum: 2.7]
      [Code Root Scanning (ms): Min: 0.0, Avg: 0.0, Max: 0.0, Diff: 0.0, Sum: 0.0]
      [Object Copy (ms): Min: 30.4, Avg: 30.4, Max: 30.4, Diff: 0.0, Sum: 243.0]
      [Termination (ms): Min: 0.0, Avg: 0.0, Max: 0.0, Diff: 0.0, Sum: 0.0]
      [GC Worker Other (ms): Min: 0.0, Avg: 0.1, Max: 0.1, Diff: 0.0, Sum: 0.5]
      [GC Worker Total (ms): Min: 31.8, Avg: 31.8, Max: 31.9, Diff: 0.1, Sum: 254.7]
      [GC Worker End (ms): Min: 299679.2, Avg: 299679.2, Max: 299679.2, Diff: 0.0]
   [Code Root Fixup: 0.0 ms]
   [Code Root Migration: 0.1 ms]
   [Clear CT: 0.4 ms]
   [Other: 0.8 ms]
      [Choose CSet: 0.0 ms]
      [Ref Proc: 0.1 ms]
      [Ref Enq: 0.0 ms]
      [Free CSet: 0.6 ms]
   [Eden: 855.0M(855.0M)->0.0B(850.0M) Survivors: 67.0M->72.0M Heap: 1082.8M(1538.0M)->232.8M(1538.0M)]
 [Times: user=0.26 sys=0.00, real=0.03 secs] 
299.681: Total time for which application threads were stopped: 0.0334120 seconds, Stopping threads took: 0.0000360 seconds
300.128: Application time: 0.4474880 seconds
300.128: [GC pause (young), 0.0334170 secs]
   [Parallel Time: 32.2 ms, GC Workers: 8]
      [GC Worker Start (ms): Min: 300128.3, Avg: 300128.3, Max: 300128.3, Diff: 0.1]
      [Ext Root Scanning (ms): Min: 0.7, Avg: 0.8, Max: 0.8, Diff: 0.2, Sum: 6.1]
      [Update RS (ms): Min: 0.2, Avg: 0.3, Max: 0.4, Diff: 0.2, Sum: 2.4]
         [Processed Buffers: Min: 1, Avg: 2.1, Max: 4, Diff: 3, Sum: 17]
      [Scan RS (ms): Min: 0.3, Avg: 0.3, Max: 0.4, Diff: 0.1, Sum: 2.7]
      [Code Root Scanning (ms): Min: 0.0, Avg: 0.0, Max: 0.0, Diff: 0.0, Sum: 0.1]
      [Object Copy (ms): Min: 30.7, Avg: 30.7, Max: 30.7, Diff: 0.0, Sum: 245.4]
      [Termination (ms): Min: 0.0, Avg: 0.0, Max: 0.0, Diff: 0.0, Sum: 0.0]
      [GC Worker Other (ms): Min: 0.0, Avg: 0.0, Max: 0.1, Diff: 0.0, Sum: 0.4]
      [GC Worker Total (ms): Min: 32.1, Avg: 32.1, Max: 32.2, Diff: 0.1, Sum: 257.0]
      [GC Worker End (ms): Min: 300160.4, Avg: 300160.4, Max: 300160.4, Diff: 0.0]
   [Code Root Fixup: 0.0 ms]
   [Code Root Migration: 0.1 ms]
   [Clear CT: 0.4 ms]
   [Other: 0.7 ms]
      [Choose CSet: 0.0 ms]
      [Ref Proc: 0.1 ms]
      [Ref Enq: 0.0 ms]
      [Free CSet: 0.6 ms]
   [Eden: 850.0M(850.0M)->0.0B(849.0M) Survivors: 72.0M->73.0M Heap: 1082.8M(1538.0M)->233.3M(1538.0M)]
 [Times: user=0.26 sys=0.00, real=0.03 secs] 
300.162: Total time for which application threads were stopped: 0.0336220 seconds, Stopping threads took: 0.0000570 seconds
300.610: Application time: 0.4479460 seconds
300.610: [GC pause (young), 0.0325480 secs]
   [Parallel Time: 31.2 ms, GC Workers: 8]
      [GC Worker Start (ms): Min: 300609.9, Avg: 300609.9, Max: 300609.9, Diff: 0.1]
      [Ext Root Scanning (ms): Min: 0.7, Avg: 0.8, Max: 0.8, Diff: 0.1, Sum: 6.3]
      [Update RS (ms): Min: 0.2, Avg: 0.3, Max: 0.4, Diff: 0.2, Sum: 2.3]
         [Processed Buffers: Min: 1, Avg: 2.1, Max: 3, Diff: 2, Sum: 17]
      [Scan RS (ms): Min: 0.3, Avg: 0.4, Max: 0.4, Diff: 0.2, Sum: 2.8]
      [Code Root Scanning (ms): Min: 0.0, Avg: 0.0, Max: 0.0, Diff: 0.0, Sum: 0.0]
      [Object Copy (ms): Min: 29.7, Avg: 29.7, Max: 29.7, Diff: 0.0, Sum: 237.5]
      [Termination (ms): Min: 0.0, Avg: 0.0, Max: 0.0, Diff: 0.0, Sum: 0.0]
      [GC Worker Other (ms): Min: 0.0, Avg: 0.1, Max: 0.1, Diff: 0.0, Sum: 0.4]
      [GC Worker Total (ms): Min: 31.1, Avg: 31.2, Max: 31.2, Diff: 0.1, Sum: 249.4]
      [GC Worker End (ms): Min: 300641.0, Avg: 300641.1, Max: 300641.1, Diff: 0.0]
   [Code Root Fixup: 0.0 ms]
   [Code Root Migration: 0.1 ms]
   [Clear CT: 0.4 ms]
   [Other: 0.8 ms]
      [Choose CSet: 0.0 ms]
      [Ref Proc: 0.1 ms]
      [Ref Enq: 0.0 ms]
      [Free CSet: 0.6 ms]
   [Eden: 849.0M(849.0M)->0.0B(852.0M) Survivors: 73.0M->70.0M Heap: 1082.3M(1538.0M)->230.8M(1538.0M)]
 [Times: user=0.26 sys=0.00, real=0.03 secs] 
300.642: Total time for which application threads were stopped: 0.0327660 seconds, Stopping threads took: 0.0000620 seconds
301.087: Application time: 0.4443240 seconds
301.087: [GC pause (young), 0.0323760 secs]
   [Parallel Time: 31.1 ms, GC Workers: 8]
      [GC Worker Start (ms): Min: 301086.9, Avg: 301086.9, Max: 301087.0, Diff: 0.1]
      [Ext Root Scanning (ms): Min: 0.8, Avg: 0.8, Max: 0.8, Diff: 0.1, Sum: 6.5]
      [Update RS (ms): Min: 0.2, Avg: 0.3, Max: 0.4, Diff: 0.2, Sum: 2.3]
         [Processed Buffers: Min: 1, Avg: 2.1, Max: 3, Diff: 2, Sum: 17]
      [Scan RS (ms): Min: 0.3, Avg: 0.4, Max: 0.4, Diff: 0.2, Sum: 2.9]
      [Code Root Scanning (ms): Min: 0.0, Avg: 0.0, Max: 0.0, Diff: 0.0, Sum: 0.0]
      [Object Copy (ms): Min: 29.5, Avg: 29.6, Max: 29.6, Diff: 0.0, Sum: 236.5]
      [Termination (ms): Min: 0.0, Avg: 0.0, Max: 0.0, Diff: 0.0, Sum: 0.0]
      [GC Worker Other (ms): Min: 0.0, Avg: 0.1, Max: 0.1, Diff: 0.0, Sum: 0.5]
      [GC Worker Total (ms): Min: 31.0, Avg: 31.1, Max: 31.1, Diff: 0.1, Sum: 248.6]
      [GC Worker End (ms): Min: 301118.0, Avg: 301118.0, Max: 301118.0, Diff: 0.0]
   [Code Root Fixup: 0.0 ms]
   [Code Root Migration: 0.1 ms]
   [Clear CT: 0.4 ms]
   [Other: 0.7 ms]
      [Choose CSet: 0.0 ms]
      [Ref Proc: 0.1 ms]
      [Ref Enq: 0.0 ms]
      [Free CSet: 0.6 ms]
   [Eden: 852.0M(852.0M)->0.0B(852.0M) Survivors: 70.0M->70.0M Heap: 1082.8M(1538.0M)->230.3M(1538.0M)]
 [Times: user=0.25 sys=0.00, real=0.03 secs] 
301.119: Total time for which application threads were stopped: 0.0325340 seconds, Stopping threads took: 0.0000140 seconds
301.559: Application time: 0.4397700 seconds
301.559: [GC pause (young), 0.0332120 secs]
   [Parallel Time: 31.9 ms, GC Workers: 8]
      [GC Worker Start (ms): Min: 301559.3, Avg: 301560.3, Max: 301567.4, Diff: 8.2]
      [Ext Root Scanning (ms): Min: 0.0, Avg: 0.7, Max: 0.8, Diff: 0.8, Sum: 5.3]
      [Update RS (ms): Min: 0.0, Avg: 0.3, Max: 0.4, Diff: 0.4, Sum: 2.2]
         [Processed Buffers: Min: 0, Avg: 2.1, Max: 4, Diff: 4, Sum: 17]
      [Scan RS (ms): Min: 0.2, Avg: 0.4, Max: 0.4, Diff: 0.2, Sum: 2.9]
      [Code Root Scanning (ms): Min: 0.0, Avg: 0.0, Max: 0.0, Diff: 0.0, Sum: 0.0]
      [Object Copy (ms): Min: 23.4, Avg: 29.5, Max: 30.4, Diff: 7.0, Sum: 235.7]
      [Termination (ms): Min: 0.0, Avg: 0.0, Max: 0.0, Diff: 0.0, Sum: 0.0]
      [GC Worker Other (ms): Min: 0.0, Avg: 0.1, Max: 0.1, Diff: 0.0, Sum: 0.5]
      [GC Worker Total (ms): Min: 23.7, Avg: 30.8, Max: 31.9, Diff: 8.1, Sum: 246.6]
      [GC Worker End (ms): Min: 301591.1, Avg: 301591.1, Max: 301591.2, Diff: 0.0]
   [Code Root Fixup: 0.1 ms]
   [Code Root Migration: 0.1 ms]
   [Clear CT: 0.4 ms]
   [Other: 0.8 ms]
      [Choose CSet: 0.0 ms]
      [Ref Proc: 0.1 ms]
      [Ref Enq: 0.0 ms]
      [Free CSet: 0.6 ms]
   [Eden: 852.0M(852.0M)->0.0B(852.0M) Survivors: 70.0M->70.0M Heap: 1082.3M(1538.0M)->230.8M(1538.0M)]
 [Times: user=0.24 sys=0.01, real=0.04 secs] 
301.593: Total time for which application threads were stopped: 0.0334510 seconds, Stopping threads took: 0.0000720 seconds
302.030: Application time: 0.4372290 seconds
302.030: [GC pause (young), 0.0338170 secs]
   [Parallel Time: 32.5 ms, GC Workers: 8]
      [GC Worker Start (ms): Min: 302029.9, Avg: 302030.1, Max: 302031.4, Diff: 1.5]
      [Ext Root Scanning (ms): Min: 0.0, Avg: 0.6, Max: 0.8, Diff: 0.8, Sum: 5.2]
      [Update RS (ms): Min: 0.0, Avg: 0.3, Max: 0.4, Diff: 0.4, Sum: 2.2]
         [Processed Buffers: Min: 0, Avg: 2.1, Max: 4, Diff: 4, Sum: 17]
      [Scan RS (ms): Min: 0.1, Avg: 0.3, Max: 0.5, Diff: 0.4, Sum: 2.8]
      [Code Root Scanning (ms): Min: 0.0, Avg: 0.0, Max: 0.0, Diff: 0.0, Sum: 0.1]
      [Object Copy (ms): Min: 30.8, Avg: 30.9, Max: 30.9, Diff: 0.1, Sum: 247.0]
      [Termination (ms): Min: 0.0, Avg: 0.0, Max: 0.0, Diff: 0.0, Sum: 0.0]
      [GC Worker Other (ms): Min: 0.0, Avg: 0.1, Max: 0.1, Diff: 0.0, Sum: 0.4]
      [GC Worker Total (ms): Min: 30.9, Avg: 32.2, Max: 32.4, Diff: 1.5, Sum: 257.7]
      [GC Worker End (ms): Min: 302062.3, Avg: 302062.3, Max: 302062.3, Diff: 0.0]
   [Code Root Fixup: 0.0 ms]
   [Code Root Migration: 0.1 ms]
   [Clear CT: 0.4 ms]
   [Other: 0.8 ms]
      [Choose CSet: 0.0 ms]
      [Ref Proc: 0.1 ms]
      [Ref Enq: 0.0 ms]
      [Free CSet: 0.6 ms]
   [Eden: 852.0M(852.0M)->0.0B(851.0M) Survivors: 70.0M->71.0M Heap: 1082.8M(1538.0M)->231.3M(1538.0M)]
 [Times: user=0.26 sys=0.00, real=0.04 secs] 
302.064: Total time for which application threads were stopped: 0.0339760 seconds, Stopping threads took: 0.0000150 seconds
302.499: Application time: 0.4354740 seconds
302.499: [GC pause (young), 0.0329550 secs]
   [Parallel Time: 31.7 ms, GC Workers: 8]
      [GC Worker Start (ms): Min: 302499.4, Avg: 302499.4, Max: 302499.5, Diff: 0.1]
      [Ext Root Scanning (ms): Min: 0.7, Avg: 0.8, Max: 0.8, Diff: 0.1, Sum: 6.0]
      [Update RS (ms): Min: 0.2, Avg: 0.3, Max: 0.4, Diff: 0.2, Sum: 2.4]
         [Processed Buffers: Min: 1, Avg: 2.1, Max: 3, Diff: 2, Sum: 17]
      [Scan RS (ms): Min: 0.2, Avg: 0.4, Max: 0.4, Diff: 0.2, Sum: 2.9]
      [Code Root Scanning (ms): Min: 0.0, Avg: 0.0, Max: 0.0, Diff: 0.0, Sum: 0.0]
      [Object Copy (ms): Min: 30.1, Avg: 30.2, Max: 30.2, Diff: 0.1, Sum: 241.3]
      [Termination (ms): Min: 0.0, Avg: 0.0, Max: 0.0, Diff: 0.0, Sum: 0.0]
      [GC Worker Other (ms): Min: 0.0, Avg: 0.1, Max: 0.1, Diff: 0.0, Sum: 0.5]
      [GC Worker Total (ms): Min: 31.6, Avg: 31.6, Max: 31.7, Diff: 0.1, Sum: 253.2]
      [GC Worker End (ms): Min: 302531.1, Avg: 302531.1, Max: 302531.1, Diff: 0.0]
   [Code Root Fixup: 0.0 ms]
   [Code Root Migration: 0.1 ms]
   [Clear CT: 0.4 ms]
   [Other: 0.7 ms]
      [Choose CSet: 0.0 ms]
      [Ref Proc: 0.1 ms]
      [Ref Enq: 0.0 ms]
      [Free CSet: 0.6 ms]
   [Eden: 851.0M(851.0M)->0.0B(852.0M) Survivors: 71.0M->70.0M Heap: 1082.3M(1538.0M)->230.8M(1538.0M)]
 [Times: user=0.25 sys=0.00, real=0.04 secs] 
302.532: Total time for which application threads were stopped: 0.0331880 seconds, Stopping threads took: 0.0000570 seconds
302.969: Application time: 0.4362220 seconds
302.969: [GC pause (young), 0.0305000 secs]
   [Parallel Time: 29.1 ms, GC Workers: 8]
      [GC Worker Start (ms): Min: 302968.8, Avg: 302968.8, Max: 302968.8, Diff: 0.1]
      [Ext Root Scanning (ms): Min: 0.7, Avg: 0.8, Max: 0.8, Diff: 0.1, Sum: 6.1]
      [Update RS (ms): Min: 0.2, Avg: 0.3, Max: 0.4, Diff: 0.3, Sum: 2.4]
         [Processed Buffers: Min: 1, Avg: 2.1, Max: 3, Diff: 2, Sum: 17]
      [Scan RS (ms): Min: 0.2, Avg: 0.3, Max: 0.4, Diff: 0.2, Sum: 2.7]
      [Code Root Scanning (ms): Min: 0.0, Avg: 0.0, Max: 0.0, Diff: 0.0, Sum: 0.1]
      [Object Copy (ms): Min: 27.6, Avg: 27.6, Max: 27.6, Diff: 0.0, Sum: 220.9]
      [Termination (ms): Min: 0.0, Avg: 0.0, Max: 0.0, Diff: 0.0, Sum: 0.0]
      [GC Worker Other (ms): Min: 0.0, Avg: 0.1, Max: 0.1, Diff: 0.0, Sum: 0.4]
      [GC Worker Total (ms): Min: 29.0, Avg: 29.1, Max: 29.1, Diff: 0.1, Sum: 232.6]
      [GC Worker End (ms): Min: 302997.9, Avg: 302997.9, Max: 302997.9, Diff: 0.0]
   [Code Root Fixup: 0.0 ms]
   [Code Root Migration: 0.1 ms]
   [Clear CT: 0.4 ms]
   [Other: 0.8 ms]
      [Choose CSet: 0.0 ms]
      [Ref Proc: 0.1 ms]
      [Ref Enq: 0.0 ms]
      [Free CSet: 0.6 ms]
   [Eden: 852.0M(852.0M)->0.0B(857.0M) Survivors: 70.0M->65.0M Heap: 1082.8M(1538.0M)->225.8M(1538.0M)]
 [Times: user=0.23 sys=0.00, real=0.03 secs] 
302.999: Total time for which application threads were stopped: 0.0306990 seconds, Stopping threads took: 0.0000460 seconds
303.444: Application time: 0.4448190 seconds
303.444: [GC pause (young), 0.0320160 secs]
   [Parallel Time: 30.8 ms, GC Workers: 8]
      [GC Worker Start (ms): Min: 303444.3, Avg: 303444.3, Max: 303444.4, Diff: 0.1]
      [Ext Root Scanning (ms): Min: 0.7, Avg: 0.8, Max: 0.8, Diff: 0.1, Sum: 6.3]
      [Update RS (ms): Min: 0.2, Avg: 0.3, Max: 0.4, Diff: 0.2, Sum: 2.3]
         [Processed Buffers: Min: 1, Avg: 2.1, Max: 3, Diff: 2, Sum: 17]
      [Scan RS (ms): Min: 0.2, Avg: 0.4, Max: 0.4, Diff: 0.2, Sum: 2.8]
      [Code Root Scanning (ms): Min: 0.0, Avg: 0.0, Max: 0.0, Diff: 0.0, Sum: 0.1]
      [Object Copy (ms): Min: 29.2, Avg: 29.2, Max: 29.3, Diff: 0.0, Sum: 234.0]
      [Termination (ms): Min: 0.0, Avg: 0.0, Max: 0.0, Diff: 0.0, Sum: 0.0]
      [GC Worker Other (ms): Min: 0.0, Avg: 0.1, Max: 0.1, Diff: 0.0, Sum: 0.4]
      [GC Worker Total (ms): Min: 30.7, Avg: 30.7, Max: 30.8, Diff: 0.1, Sum: 245.9]
      [GC Worker End (ms): Min: 303475.1, Avg: 303475.1, Max: 303475.1, Diff: 0.0]
   [Code Root Fixup: 0.0 ms]
   [Code Root Migration: 0.1 ms]
   [Clear CT: 0.4 ms]
   [Other: 0.7 ms]
      [Choose CSet: 0.0 ms]
      [Ref Proc: 0.1 ms]
      [Ref Enq: 0.0 ms]
      [Free CSet: 0.6 ms]
   [Eden: 857.0M(857.0M)->0.0B(852.0M) Survivors: 65.0M->70.0M Heap: 1082.8M(1538.0M)->230.4M(1538.0M)]
 [Times: user=0.25 sys=0.00, real=0.03 secs] 
303.476: Total time for which application threads were stopped: 0.0322160 seconds, Stopping threads took: 0.0000430 seconds
303.919: Application time: 0.4430110 seconds
303.919: [GC pause (young), 0.0326850 secs]
   [Parallel Time: 31.4 ms, GC Workers: 8]
      [GC Worker Start (ms): Min: 303919.5, Avg: 303919.5, Max: 303919.6, Diff: 0.1]
      [Ext Root Scanning (ms): Min: 0.7, Avg: 1.2, Max: 3.9, Diff: 3.2, Sum: 9.4]
      [Update RS (ms): Min: 0.0, Avg: 0.3, Max: 0.4, Diff: 0.4, Sum: 2.2]
         [Processed Buffers: Min: 0, Avg: 2.1, Max: 4, Diff: 4, Sum: 17]
      [Scan RS (ms): Min: 0.2, Avg: 0.3, Max: 0.4, Diff: 0.2, Sum: 2.7]
      [Code Root Scanning (ms): Min: 0.0, Avg: 0.0, Max: 0.0, Diff: 0.0, Sum: 0.0]
      [Object Copy (ms): Min: 27.2, Avg: 29.5, Max: 29.8, Diff: 2.6, Sum: 235.7]
      [Termination (ms): Min: 0.0, Avg: 0.0, Max: 0.0, Diff: 0.0, Sum: 0.0]
      [GC Worker Other (ms): Min: 0.0, Avg: 0.1, Max: 0.1, Diff: 0.0, Sum: 0.4]
      [GC Worker Total (ms): Min: 31.3, Avg: 31.3, Max: 31.4, Diff: 0.1, Sum: 250.5]
      [GC Worker End (ms): Min: 303950.8, Avg: 303950.9, Max: 303950.9, Diff: 0.0]
   [Code Root Fixup: 0.1 ms]
   [Code Root Migration: 0.1 ms]
   [Clear CT: 0.4 ms]
   [Other: 0.8 ms]
      [Choose CSet: 0.0 ms]
      [Ref Proc: 0.1 ms]
      [Ref Enq: 0.0 ms]
      [Free CSet: 0.6 ms]
   [Eden: 852.0M(852.0M)->0.0B(852.0M) Survivors: 70.0M->70.0M Heap: 1082.4M(1538.0M)->230.4M(1538.0M)]
 [Times: user=0.25 sys=0.00, real=0.04 secs] 
303.952: Total time for which application threads were stopped: 0.0328790 seconds, Stopping threads took: 0.0000410 seconds
304.398: Application time: 0.4455020 seconds
304.398: [GC pause (young), 0.0320450 secs]
   [Parallel Time: 30.8 ms, GC Workers: 8]
      [GC Worker Start (ms): Min: 304397.9, Avg: 304398.0, Max: 304398.0, Diff: 0.1]
      [Ext Root Scanning (ms): Min: 0.7, Avg: 0.8, Max: 0.8, Diff: 0.1, Sum: 6.2]
      [Update RS (ms): Min: 0.2, Avg: 0.3, Max: 0.5, Diff: 0.3, Sum: 2.5]
         [Processed Buffers: Min: 1, Avg: 2.1, Max: 3, Diff: 2, Sum: 17]
      [Scan RS (ms): Min: 0.2, Avg: 0.4, Max: 0.4, Diff: 0.2, Sum: 2.8]
      [Code Root Scanning (ms): Min: 0.0, Avg: 0.0, Max: 0.0, Diff: 0.0, Sum: 0.1]
      [Object Copy (ms): Min: 29.2, Avg: 29.3, Max: 29.3, Diff: 0.1, Sum: 234.2]
      [Termination (ms): Min: 0.0, Avg: 0.0, Max: 0.0, Diff: 0.0, Sum: 0.0]
      [GC Worker Other (ms): Min: 0.0, Avg: 0.1, Max: 0.1, Diff: 0.0, Sum: 0.4]
      [GC Worker Total (ms): Min: 30.7, Avg: 30.8, Max: 30.8, Diff: 0.1, Sum: 246.1]
      [GC Worker End (ms): Min: 304428.7, Avg: 304428.7, Max: 304428.7, Diff: 0.0]
   [Code Root Fixup: 0.0 ms]
   [Code Root Migration: 0.1 ms]
   [Clear CT: 0.3 ms]
   [Other: 0.7 ms]
      [Choose CSet: 0.0 ms]
      [Ref Proc: 0.1 ms]
      [Ref Enq: 0.0 ms]
      [Free CSet: 0.6 ms]
   [Eden: 852.0M(852.0M)->0.0B(852.0M) Survivors: 70.0M->70.0M Heap: 1082.4M(1538.0M)->230.9M(1538.0M)]
 [Times: user=0.25 sys=0.00, real=0.03 secs] 
304.430: Total time for which application threads were stopped: 0.0322540 seconds, Stopping threads took: 0.0000500 seconds
304.881: Application time: 0.4508040 seconds
304.881: [GC pause (young), 0.0330030 secs]
   [Parallel Time: 31.7 ms, GC Workers: 8]
      [GC Worker Start (ms): Min: 304881.0, Avg: 304881.0, Max: 304881.0, Diff: 0.1]
      [Ext Root Scanning (ms): Min: 0.7, Avg: 0.8, Max: 0.8, Diff: 0.1, Sum: 6.1]
      [Update RS (ms): Min: 0.2, Avg: 0.3, Max: 0.5, Diff: 0.2, Sum: 2.4]
         [Processed Buffers: Min: 1, Avg: 2.1, Max: 3, Diff: 2, Sum: 17]
      [Scan RS (ms): Min: 0.2, Avg: 0.3, Max: 0.4, Diff: 0.2, Sum: 2.7]
      [Code Root Scanning (ms): Min: 0.0, Avg: 0.0, Max: 0.0, Diff: 0.0, Sum: 0.0]
      [Object Copy (ms): Min: 30.2, Avg: 30.2, Max: 30.2, Diff: 0.0, Sum: 241.6]
      [Termination (ms): Min: 0.0, Avg: 0.0, Max: 0.0, Diff: 0.0, Sum: 0.0]
      [GC Worker Other (ms): Min: 0.0, Avg: 0.0, Max: 0.1, Diff: 0.0, Sum: 0.3]
      [GC Worker Total (ms): Min: 31.6, Avg: 31.7, Max: 31.7, Diff: 0.1, Sum: 253.2]
      [GC Worker End (ms): Min: 304912.6, Avg: 304912.7, Max: 304912.7, Diff: 0.0]
   [Code Root Fixup: 0.0 ms]
   [Code Root Migration: 0.1 ms]
   [Clear CT: 0.4 ms]
   [Other: 0.8 ms]
      [Choose CSet: 0.0 ms]
      [Ref Proc: 0.1 ms]
      [Ref Enq: 0.0 ms]
      [Free CSet: 0.6 ms]
   [Eden: 852.0M(852.0M)->0.0B(850.0M) Survivors: 70.0M->72.0M Heap: 1082.9M(1538.0M)->232.9M(1538.0M)]
 [Times: user=0.26 sys=0.00, real=0.04 secs] 
304.914: Total time for which application threads were stopped: 0.0331920 seconds, Stopping threads took: 0.0000490 seconds
305.365: Application time: 0.4506450 seconds
305.365: [GC pause (young), 0.0326260 secs]
   [Parallel Time: 31.4 ms, GC Workers: 8]
      [GC Worker Start (ms): Min: 305364.8, Avg: 305364.9, Max: 305364.9, Diff: 0.1]
      [Ext Root Scanning (ms): Min: 0.7, Avg: 0.8, Max: 0.8, Diff: 0.1, Sum: 6.2]
      [Update RS (ms): Min: 0.2, Avg: 0.3, Max: 0.4, Diff: 0.3, Sum: 2.4]
         [Processed Buffers: Min: 1, Avg: 2.1, Max: 3, Diff: 2, Sum: 17]
      [Scan RS (ms): Min: 0.2, Avg: 0.3, Max: 0.4, Diff: 0.2, Sum: 2.6]
      [Code Root Scanning (ms): Min: 0.0, Avg: 0.0, Max: 0.0, Diff: 0.0, Sum: 0.0]
      [Object Copy (ms): Min: 29.9, Avg: 29.9, Max: 29.9, Diff: 0.0, Sum: 239.1]
      [Termination (ms): Min: 0.0, Avg: 0.0, Max: 0.0, Diff: 0.0, Sum: 0.0]
      [GC Worker Other (ms): Min: 0.0, Avg: 0.0, Max: 0.1, Diff: 0.0, Sum: 0.4]
      [GC Worker Total (ms): Min: 31.3, Avg: 31.3, Max: 31.4, Diff: 0.0, Sum: 250.7]
      [GC Worker End (ms): Min: 305396.2, Avg: 305396.2, Max: 305396.2, Diff: 0.0]
   [Code Root Fixup: 0.0 ms]
   [Code Root Migration: 0.1 ms]
   [Clear CT: 0.4 ms]
   [Other: 0.7 ms]
      [Choose CSet: 0.0 ms]
      [Ref Proc: 0.1 ms]
      [Ref Enq: 0.0 ms]
      [Free CSet: 0.6 ms]
   [Eden: 850.0M(850.0M)->0.0B(851.0M) Survivors: 72.0M->71.0M Heap: 1082.9M(1538.0M)->231.4M(1538.0M)]
 [Times: user=0.25 sys=0.00, real=0.03 secs] 
305.398: Total time for which application threads were stopped: 0.0328420 seconds, Stopping threads took: 0.0000510 seconds
305.842: Application time: 0.4441980 seconds
305.842: [GC pause (young), 0.0325610 secs]
   [Parallel Time: 31.3 ms, GC Workers: 8]
      [GC Worker Start (ms): Min: 305841.9, Avg: 305841.9, Max: 305841.9, Diff: 0.1]
      [Ext Root Scanning (ms): Min: 0.7, Avg: 0.8, Max: 0.8, Diff: 0.1, Sum: 6.3]
      [Update RS (ms): Min: 0.2, Avg: 0.3, Max: 0.4, Diff: 0.2, Sum: 2.4]
         [Processed Buffers: Min: 1, Avg: 2.1, Max: 3, Diff: 2, Sum: 17]
      [Scan RS (ms): Min: 0.2, Avg: 0.3, Max: 0.4, Diff: 0.2, Sum: 2.7]
      [Code Root Scanning (ms): Min: 0.0, Avg: 0.0, Max: 0.0, Diff: 0.0, Sum: 0.0]
      [Object Copy (ms): Min: 29.8, Avg: 29.8, Max: 29.8, Diff: 0.0, Sum: 238.2]
      [Termination (ms): Min: 0.0, Avg: 0.0, Max: 0.0, Diff: 0.0, Sum: 0.0]
      [GC Worker Other (ms): Min: 0.0, Avg: 0.0, Max: 0.1, Diff: 0.0, Sum: 0.4]
      [GC Worker Total (ms): Min: 31.2, Avg: 31.3, Max: 31.3, Diff: 0.1, Sum: 250.1]
      [GC Worker End (ms): Min: 305873.1, Avg: 305873.2, Max: 305873.2, Diff: 0.0]
   [Code Root Fixup: 0.0 ms]
   [Code Root Migration: 0.1 ms]
   [Clear CT: 0.3 ms]
   [Other: 0.7 ms]
      [Choose CSet: 0.0 ms]
      [Ref Proc: 0.1 ms]
      [Ref Enq: 0.0 ms]
      [Free CSet: 0.6 ms]
   [Eden: 851.0M(851.0M)->0.0B(852.0M) Survivors: 71.0M->70.0M Heap: 1082.4M(1538.0M)->230.4M(1538.0M)]
 [Times: user=0.26 sys=0.00, real=0.04 secs] 
305.874: Total time for which application threads were stopped: 0.0327550 seconds, Stopping threads took: 0.0000520 seconds
306.318: Application time: 0.4432010 seconds
306.318: [GC pause (young), 0.0326480 secs]
   [Parallel Time: 31.4 ms, GC Workers: 8]
      [GC Worker Start (ms): Min: 306317.8, Avg: 306318.2, Max: 306319.4, Diff: 1.5]
      [Ext Root Scanning (ms): Min: 0.0, Avg: 0.6, Max: 0.9, Diff: 0.9, Sum: 4.8]
      [Update RS (ms): Min: 0.0, Avg: 0.3, Max: 0.5, Diff: 0.5, Sum: 2.1]
         [Processed Buffers: Min: 0, Avg: 2.1, Max: 5, Diff: 5, Sum: 17]
      [Scan RS (ms): Min: 0.0, Avg: 0.3, Max: 0.4, Diff: 0.4, Sum: 2.3]
      [Code Root Scanning (ms): Min: 0.0, Avg: 0.0, Max: 0.0, Diff: 0.0, Sum: 0.0]
      [Object Copy (ms): Min: 29.7, Avg: 29.7, Max: 29.7, Diff: 0.1, Sum: 237.7]
      [Termination (ms): Min: 0.0, Avg: 0.0, Max: 0.0, Diff: 0.0, Sum: 0.0]
      [GC Worker Other (ms): Min: 0.0, Avg: 0.1, Max: 0.1, Diff: 0.0, Sum: 0.4]
      [GC Worker Total (ms): Min: 29.8, Avg: 30.9, Max: 31.3, Diff: 1.5, Sum: 247.3]
      [GC Worker End (ms): Min: 306349.1, Avg: 306349.2, Max: 306349.2, Diff: 0.0]
   [Code Root Fixup: 0.0 ms]
   [Code Root Migration: 0.1 ms]
   [Clear CT: 0.4 ms]
   [Other: 0.8 ms]
      [Choose CSet: 0.0 ms]
      [Ref Proc: 0.1 ms]
      [Ref Enq: 0.0 ms]
      [Free CSet: 0.6 ms]
   [Eden: 852.0M(852.0M)->0.0B(853.0M) Survivors: 70.0M->69.0M Heap: 1082.4M(1538.0M)->229.9M(1538.0M)]
 [Times: user=0.25 sys=0.00, real=0.03 secs] 
306.352: Total time for which application threads were stopped: 0.0344110 seconds, Stopping threads took: 0.0000560 seconds
306.791: Application time: 0.4385310 seconds
306.791: [GC pause (young), 0.0329480 secs]
   [Parallel Time: 31.6 ms, GC Workers: 8]
      [GC Worker Start (ms): Min: 306790.7, Avg: 306791.9, Max: 306799.5, Diff: 8.7]
      [Ext Root Scanning (ms): Min: 0.0, Avg: 0.7, Max: 0.9, Diff: 0.9, Sum: 5.4]
      [Update RS (ms): Min: 0.0, Avg: 0.3, Max: 0.4, Diff: 0.4, Sum: 2.2]
         [Processed Buffers: Min: 0, Avg: 2.1, Max: 4, Diff: 4, Sum: 17]
      [Scan RS (ms): Min: 0.3, Avg: 0.4, Max: 0.4, Diff: 0.1, Sum: 3.1]
      [Code Root Scanning (ms): Min: 0.0, Avg: 0.0, Max: 0.0, Diff: 0.0, Sum: 0.0]
      [Object Copy (ms): Min: 22.4, Avg: 29.1, Max: 30.1, Diff: 7.7, Sum: 232.8]
      [Termination (ms): Min: 0.0, Avg: 0.0, Max: 0.0, Diff: 0.0, Sum: 0.0]
      [GC Worker Other (ms): Min: 0.0, Avg: 0.1, Max: 0.1, Diff: 0.1, Sum: 0.5]
      [GC Worker Total (ms): Min: 22.9, Avg: 30.5, Max: 31.6, Diff: 8.7, Sum: 244.0]
      [GC Worker End (ms): Min: 306822.3, Avg: 306822.4, Max: 306822.4, Diff: 0.0]
   [Code Root Fixup: 0.0 ms]
   [Code Root Migration: 0.1 ms]
   [Clear CT: 0.4 ms]
   [Other: 0.8 ms]
      [Choose CSet: 0.0 ms]
      [Ref Proc: 0.1 ms]
      [Ref Enq: 0.0 ms]
      [Free CSet: 0.6 ms]
   [Eden: 853.0M(853.0M)->0.0B(852.0M) Survivors: 69.0M->70.0M Heap: 1082.9M(1538.0M)->230.4M(1538.0M)]
 [Times: user=0.25 sys=0.00, real=0.04 secs] 
306.824: Total time for which application threads were stopped: 0.0331320 seconds, Stopping threads took: 0.0000280 seconds
307.259: Application time: 0.4356940 seconds
307.260: [GC pause (young), 0.0343050 secs]
   [Parallel Time: 33.0 ms, GC Workers: 8]
      [GC Worker Start (ms): Min: 307259.6, Avg: 307259.6, Max: 307259.7, Diff: 0.1]
      [Ext Root Scanning (ms): Min: 0.7, Avg: 0.8, Max: 0.9, Diff: 0.2, Sum: 6.3]
      [Update RS (ms): Min: 0.2, Avg: 0.3, Max: 0.4, Diff: 0.2, Sum: 2.3]
         [Processed Buffers: Min: 1, Avg: 2.1, Max: 3, Diff: 2, Sum: 17]
      [Scan RS (ms): Min: 0.3, Avg: 0.4, Max: 0.4, Diff: 0.1, Sum: 3.0]
      [Code Root Scanning (ms): Min: 0.0, Avg: 0.0, Max: 0.0, Diff: 0.0, Sum: 0.0]
      [Object Copy (ms): Min: 31.4, Avg: 31.4, Max: 31.5, Diff: 0.1, Sum: 251.5]
      [Termination (ms): Min: 0.0, Avg: 0.0, Max: 0.0, Diff: 0.0, Sum: 0.0]
      [GC Worker Other (ms): Min: 0.0, Avg: 0.1, Max: 0.1, Diff: 0.0, Sum: 0.4]
      [GC Worker Total (ms): Min: 32.9, Avg: 33.0, Max: 33.0, Diff: 0.1, Sum: 263.6]
      [GC Worker End (ms): Min: 307292.5, Avg: 307292.6, Max: 307292.6, Diff: 0.0]
   [Code Root Fixup: 0.1 ms]
   [Code Root Migration: 0.1 ms]
   [Clear CT: 0.4 ms]
   [Other: 0.7 ms]
      [Choose CSet: 0.0 ms]
      [Ref Proc: 0.1 ms]
      [Ref Enq: 0.0 ms]
      [Free CSet: 0.6 ms]
   [Eden: 852.0M(852.0M)->0.0B(849.0M) Survivors: 70.0M->73.0M Heap: 1082.4M(1538.0M)->233.5M(1538.0M)]
 [Times: user=0.27 sys=0.00, real=0.04 secs] 
307.294: Total time for which application threads were stopped: 0.0344910 seconds, Stopping threads took: 0.0000270 seconds
307.728: Application time: 0.4339070 seconds
307.728: [GC pause (young), 0.0338050 secs]
   [Parallel Time: 32.5 ms, GC Workers: 8]
      [GC Worker Start (ms): Min: 307728.0, Avg: 307728.0, Max: 307728.1, Diff: 0.1]
      [Ext Root Scanning (ms): Min: 0.7, Avg: 0.7, Max: 0.8, Diff: 0.1, Sum: 5.9]
      [Update RS (ms): Min: 0.2, Avg: 0.3, Max: 0.4, Diff: 0.2, Sum: 2.4]
         [Processed Buffers: Min: 1, Avg: 2.1, Max: 3, Diff: 2, Sum: 17]
      [Scan RS (ms): Min: 0.3, Avg: 0.4, Max: 0.4, Diff: 0.1, Sum: 3.0]
      [Code Root Scanning (ms): Min: 0.0, Avg: 0.0, Max: 0.0, Diff: 0.0, Sum: 0.0]
      [Object Copy (ms): Min: 30.9, Avg: 31.0, Max: 31.0, Diff: 0.1, Sum: 247.7]
      [Termination (ms): Min: 0.0, Avg: 0.0, Max: 0.0, Diff: 0.0, Sum: 0.0]
      [GC Worker Other (ms): Min: 0.0, Avg: 0.0, Max: 0.1, Diff: 0.0, Sum: 0.4]
      [GC Worker Total (ms): Min: 32.4, Avg: 32.4, Max: 32.5, Diff: 0.1, Sum: 259.4]
      [GC Worker End (ms): Min: 307760.4, Avg: 307760.4, Max: 307760.5, Diff: 0.0]
   [Code Root Fixup: 0.1 ms]
   [Code Root Migration: 0.1 ms]
   [Clear CT: 0.4 ms]
   [Other: 0.8 ms]
      [Choose CSet: 0.0 ms]
      [Ref Proc: 0.1 ms]
      [Ref Enq: 0.0 ms]
      [Free CSet: 0.6 ms]
   [Eden: 849.0M(849.0M)->0.0B(851.0M) Survivors: 73.0M->71.0M Heap: 1082.5M(1538.0M)->232.0M(1538.0M)]
 [Times: user=0.26 sys=0.00, real=0.03 secs] 
307.762: Total time for which application threads were stopped: 0.0339890 seconds, Stopping threads took: 0.0000310 seconds
308.201: Application time: 0.4391950 seconds
308.201: [GC pause (young), 0.0311590 secs]
   [Parallel Time: 29.8 ms, GC Workers: 8]
      [GC Worker Start (ms): Min: 308201.2, Avg: 308201.5, Max: 308203.4, Diff: 2.2]
      [Ext Root Scanning (ms): Min: 0.0, Avg: 0.7, Max: 0.9, Diff: 0.9, Sum: 5.5]
      [Update RS (ms): Min: 0.0, Avg: 0.3, Max: 0.4, Diff: 0.4, Sum: 2.2]
         [Processed Buffers: Min: 0, Avg: 2.1, Max: 4, Diff: 4, Sum: 17]
      [Scan RS (ms): Min: 0.0, Avg: 0.3, Max: 0.4, Diff: 0.4, Sum: 2.5]
      [Code Root Scanning (ms): Min: 0.0, Avg: 0.0, Max: 0.0, Diff: 0.0, Sum: 0.0]
      [Object Copy (ms): Min: 27.5, Avg: 28.1, Max: 28.3, Diff: 0.8, Sum: 225.1]
      [Termination (ms): Min: 0.0, Avg: 0.0, Max: 0.0, Diff: 0.0, Sum: 0.0]
      [GC Worker Other (ms): Min: 0.0, Avg: 0.1, Max: 0.1, Diff: 0.0, Sum: 0.5]
      [GC Worker Total (ms): Min: 27.6, Avg: 29.5, Max: 29.8, Diff: 2.2, Sum: 235.9]
      [GC Worker End (ms): Min: 308230.9, Avg: 308231.0, Max: 308231.0, Diff: 0.0]
   [Code Root Fixup: 0.1 ms]
   [Code Root Migration: 0.1 ms]
   [Clear CT: 0.4 ms]
   [Other: 0.8 ms]
      [Choose CSet: 0.0 ms]
      [Ref Proc: 0.1 ms]
      [Ref Enq: 0.0 ms]
      [Free CSet: 0.6 ms]
   [Eden: 851.0M(851.0M)->0.0B(855.0M) Survivors: 71.0M->67.0M Heap: 1083.0M(1538.0M)->228.0M(1538.0M)]
 [Times: user=0.24 sys=0.00, real=0.04 secs] 
308.232: Total time for which application threads were stopped: 0.0313400 seconds, Stopping threads took: 0.0000270 seconds
308.675: Application time: 0.4430710 seconds
308.676: [GC pause (young), 0.0326660 secs]
   [Parallel Time: 31.4 ms, GC Workers: 8]
      [GC Worker Start (ms): Min: 308675.6, Avg: 308675.6, Max: 308675.7, Diff: 0.1]
      [Ext Root Scanning (ms): Min: 0.7, Avg: 0.8, Max: 0.8, Diff: 0.1, Sum: 6.2]
      [Update RS (ms): Min: 0.2, Avg: 0.3, Max: 0.3, Diff: 0.1, Sum: 2.3]
         [Processed Buffers: Min: 1, Avg: 2.1, Max: 4, Diff: 3, Sum: 17]
      [Scan RS (ms): Min: 0.3, Avg: 0.4, Max: 0.4, Diff: 0.1, Sum: 2.9]
      [Code Root Scanning (ms): Min: 0.0, Avg: 0.0, Max: 0.0, Diff: 0.0, Sum: 0.1]
      [Object Copy (ms): Min: 29.8, Avg: 29.8, Max: 29.8, Diff: 0.1, Sum: 238.5]
      [Termination (ms): Min: 0.0, Avg: 0.0, Max: 0.0, Diff: 0.0, Sum: 0.0]
      [GC Worker Other (ms): Min: 0.0, Avg: 0.1, Max: 0.1, Diff: 0.0, Sum: 0.4]
      [GC Worker Total (ms): Min: 31.3, Avg: 31.3, Max: 31.3, Diff: 0.1, Sum: 250.4]
      [GC Worker End (ms): Min: 308706.9, Avg: 308706.9, Max: 308707.0, Diff: 0.0]
   [Code Root Fixup: 0.0 ms]
   [Code Root Migration: 0.1 ms]
   [Clear CT: 0.4 ms]
   [Other: 0.8 ms]
      [Choose CSet: 0.0 ms]
      [Ref Proc: 0.1 ms]
      [Ref Enq: 0.0 ms]
      [Free CSet: 0.6 ms]
   [Eden: 855.0M(855.0M)->0.0B(852.0M) Survivors: 67.0M->70.0M Heap: 1083.0M(1538.0M)->230.5M(1538.0M)]
 [Times: user=0.26 sys=0.00, real=0.03 secs] 
308.708: Total time for which application threads were stopped: 0.0328610 seconds, Stopping threads took: 0.0000520 seconds
309.149: Application time: 0.4404760 seconds
309.149: [GC pause (young), 0.0338520 secs]
   [Parallel Time: 32.6 ms, GC Workers: 8]
      [GC Worker Start (ms): Min: 309148.9, Avg: 309149.0, Max: 309149.0, Diff: 0.1]
      [Ext Root Scanning (ms): Min: 0.7, Avg: 0.8, Max: 0.8, Diff: 0.1, Sum: 6.3]
      [Update RS (ms): Min: 0.2, Avg: 0.3, Max: 0.4, Diff: 0.2, Sum: 2.3]
         [Processed Buffers: Min: 1, Avg: 2.1, Max: 3, Diff: 2, Sum: 17]
      [Scan RS (ms): Min: 0.3, Avg: 0.4, Max: 0.4, Diff: 0.1, Sum: 2.9]
      [Code Root Scanning (ms): Min: 0.0, Avg: 0.0, Max: 0.0, Diff: 0.0, Sum: 0.0]
      [Object Copy (ms): Min: 31.0, Avg: 31.0, Max: 31.0, Diff: 0.0, Sum: 248.2]
      [Termination (ms): Min: 0.0, Avg: 0.0, Max: 0.0, Diff: 0.0, Sum: 0.0]
      [GC Worker Other (ms): Min: 0.0, Avg: 0.1, Max: 0.1, Diff: 0.1, Sum: 0.5]
      [GC Worker Total (ms): Min: 32.5, Avg: 32.5, Max: 32.6, Diff: 0.1, Sum: 260.3]
      [GC Worker End (ms): Min: 309181.5, Avg: 309181.5, Max: 309181.5, Diff: 0.1]
   [Code Root Fixup: 0.0 ms]
   [Code Root Migration: 0.1 ms]
   [Clear CT: 0.4 ms]
   [Other: 0.7 ms]
      [Choose CSet: 0.0 ms]
      [Ref Proc: 0.1 ms]
      [Ref Enq: 0.0 ms]
      [Free CSet: 0.6 ms]
   [Eden: 852.0M(852.0M)->0.0B(848.0M) Survivors: 70.0M->74.0M Heap: 1082.5M(1538.0M)->234.5M(1538.0M)]
 [Times: user=0.26 sys=0.00, real=0.03 secs] 
309.183: Total time for which application threads were stopped: 0.0340600 seconds, Stopping threads took: 0.0000410 seconds
309.624: Application time: 0.4413040 seconds
309.624: [GC pause (young), 0.0317320 secs]
   [Parallel Time: 30.5 ms, GC Workers: 8]
      [GC Worker Start (ms): Min: 309624.3, Avg: 309624.3, Max: 309624.4, Diff: 0.1]
      [Ext Root Scanning (ms): Min: 0.7, Avg: 0.8, Max: 0.8, Diff: 0.1, Sum: 6.1]
      [Update RS (ms): Min: 0.2, Avg: 0.3, Max: 0.4, Diff: 0.1, Sum: 2.3]
         [Processed Buffers: Min: 1, Avg: 2.1, Max: 3, Diff: 2, Sum: 17]
      [Scan RS (ms): Min: 0.2, Avg: 0.3, Max: 0.4, Diff: 0.2, Sum: 2.8]
      [Code Root Scanning (ms): Min: 0.0, Avg: 0.0, Max: 0.0, Diff: 0.0, Sum: 0.0]
      [Object Copy (ms): Min: 28.9, Avg: 28.9, Max: 29.0, Diff: 0.0, Sum: 231.6]
      [Termination (ms): Min: 0.0, Avg: 0.0, Max: 0.0, Diff: 0.0, Sum: 0.0]
      [GC Worker Other (ms): Min: 0.0, Avg: 0.1, Max: 0.1, Diff: 0.0, Sum: 0.4]
      [GC Worker Total (ms): Min: 30.4, Avg: 30.4, Max: 30.4, Diff: 0.1, Sum: 243.3]
      [GC Worker End (ms): Min: 309654.7, Avg: 309654.7, Max: 309654.8, Diff: 0.0]
   [Code Root Fixup: 0.0 ms]
   [Code Root Migration: 0.1 ms]
   [Clear CT: 0.4 ms]
   [Other: 0.7 ms]
      [Choose CSet: 0.0 ms]
      [Ref Proc: 0.1 ms]
      [Ref Enq: 0.0 ms]
      [Free CSet: 0.6 ms]
   [Eden: 848.0M(848.0M)->0.0B(853.0M) Survivors: 74.0M->69.0M Heap: 1082.5M(1538.0M)->229.5M(1538.0M)]
 [Times: user=0.25 sys=0.00, real=0.03 secs] 
309.656: Total time for which application threads were stopped: 0.0319250 seconds, Stopping threads took: 0.0000490 seconds
310.107: Application time: 0.4512860 seconds
310.108: [GC pause (young), 0.0325400 secs]
   [Parallel Time: 31.3 ms, GC Workers: 8]
      [GC Worker Start (ms): Min: 310107.5, Avg: 310107.6, Max: 310107.6, Diff: 0.1]
      [Ext Root Scanning (ms): Min: 0.7, Avg: 0.8, Max: 0.8, Diff: 0.1, Sum: 6.3]
      [Update RS (ms): Min: 0.2, Avg: 0.3, Max: 0.4, Diff: 0.2, Sum: 2.3]
         [Processed Buffers: Min: 1, Avg: 2.1, Max: 3, Diff: 2, Sum: 17]
      [Scan RS (ms): Min: 0.3, Avg: 0.4, Max: 0.4, Diff: 0.1, Sum: 2.8]
      [Code Root Scanning (ms): Min: 0.0, Avg: 0.0, Max: 0.0, Diff: 0.0, Sum: 0.0]
      [Object Copy (ms): Min: 29.7, Avg: 29.7, Max: 29.7, Diff: 0.0, Sum: 237.9]
      [Termination (ms): Min: 0.0, Avg: 0.0, Max: 0.0, Diff: 0.0, Sum: 0.0]
      [GC Worker Other (ms): Min: 0.0, Avg: 0.1, Max: 0.1, Diff: 0.0, Sum: 0.5]
      [GC Worker Total (ms): Min: 31.2, Avg: 31.2, Max: 31.3, Diff: 0.1, Sum: 249.9]
      [GC Worker End (ms): Min: 310138.8, Avg: 310138.8, Max: 310138.8, Diff: 0.0]
   [Code Root Fixup: 0.0 ms]
   [Code Root Migration: 0.1 ms]
   [Clear CT: 0.3 ms]
   [Other: 0.7 ms]
      [Choose CSet: 0.0 ms]
      [Ref Proc: 0.1 ms]
      [Ref Enq: 0.0 ms]
      [Free CSet: 0.6 ms]
   [Eden: 853.0M(853.0M)->0.0B(853.0M) Survivors: 69.0M->69.0M Heap: 1082.5M(1538.0M)->230.0M(1538.0M)]
 [Times: user=0.26 sys=0.00, real=0.03 secs] 
310.140: Total time for which application threads were stopped: 0.0327530 seconds, Stopping threads took: 0.0000600 seconds
310.590: Application time: 0.4497500 seconds
310.590: [GC pause (young), 0.0329200 secs]
   [Parallel Time: 31.7 ms, GC Workers: 8]
      [GC Worker Start (ms): Min: 310590.0, Avg: 310590.1, Max: 310590.1, Diff: 0.1]
      [Ext Root Scanning (ms): Min: 0.7, Avg: 0.8, Max: 0.8, Diff: 0.1, Sum: 6.1]
      [Update RS (ms): Min: 0.2, Avg: 0.3, Max: 0.4, Diff: 0.2, Sum: 2.4]
         [Processed Buffers: Min: 1, Avg: 2.1, Max: 3, Diff: 2, Sum: 17]
      [Scan RS (ms): Min: 0.3, Avg: 0.4, Max: 0.4, Diff: 0.1, Sum: 3.0]
      [Code Root Scanning (ms): Min: 0.0, Avg: 0.0, Max: 0.0, Diff: 0.0, Sum: 0.1]
      [Object Copy (ms): Min: 30.1, Avg: 30.1, Max: 30.1, Diff: 0.1, Sum: 240.9]
      [Termination (ms): Min: 0.0, Avg: 0.0, Max: 0.0, Diff: 0.0, Sum: 0.0]
      [GC Worker Other (ms): Min: 0.0, Avg: 0.0, Max: 0.1, Diff: 0.0, Sum: 0.4]
      [GC Worker Total (ms): Min: 31.6, Avg: 31.6, Max: 31.6, Diff: 0.1, Sum: 252.8]
      [GC Worker End (ms): Min: 310621.6, Avg: 310621.7, Max: 310621.7, Diff: 0.0]
   [Code Root Fixup: 0.0 ms]
   [Code Root Migration: 0.1 ms]
   [Clear CT: 0.4 ms]
   [Other: 0.7 ms]
      [Choose CSet: 0.0 ms]
      [Ref Proc: 0.1 ms]
      [Ref Enq: 0.0 ms]
      [Free CSet: 0.6 ms]
   [Eden: 853.0M(853.0M)->0.0B(852.0M) Survivors: 69.0M->70.0M Heap: 1083.0M(1538.0M)->231.0M(1538.0M)]
 [Times: user=0.25 sys=0.00, real=0.03 secs] 
310.623: Total time for which application threads were stopped: 0.0331230 seconds, Stopping threads took: 0.0000520 seconds
311.067: Application time: 0.4439950 seconds
311.067: [GC pause (young), 0.0328140 secs]
   [Parallel Time: 31.5 ms, GC Workers: 8]
      [GC Worker Start (ms): Min: 311067.1, Avg: 311067.2, Max: 311067.2, Diff: 0.1]
      [Ext Root Scanning (ms): Min: 0.7, Avg: 0.8, Max: 0.8, Diff: 0.1, Sum: 6.3]
      [Update RS (ms): Min: 0.2, Avg: 0.3, Max: 0.4, Diff: 0.1, Sum: 2.3]
         [Processed Buffers: Min: 1, Avg: 2.1, Max: 3, Diff: 2, Sum: 17]
      [Scan RS (ms): Min: 0.3, Avg: 0.4, Max: 0.4, Diff: 0.1, Sum: 2.9]
      [Code Root Scanning (ms): Min: 0.0, Avg: 0.0, Max: 0.0, Diff: 0.0, Sum: 0.1]
      [Object Copy (ms): Min: 29.9, Avg: 30.0, Max: 30.0, Diff: 0.1, Sum: 239.7]
      [Termination (ms): Min: 0.0, Avg: 0.0, Max: 0.0, Diff: 0.0, Sum: 0.0]
      [GC Worker Other (ms): Min: 0.0, Avg: 0.1, Max: 0.1, Diff: 0.0, Sum: 0.5]
      [GC Worker Total (ms): Min: 31.4, Avg: 31.5, Max: 31.5, Diff: 0.1, Sum: 251.8]
      [GC Worker End (ms): Min: 311098.6, Avg: 311098.7, Max: 311098.7, Diff: 0.0]
   [Code Root Fixup: 0.0 ms]
   [Code Root Migration: 0.1 ms]
   [Clear CT: 0.4 ms]
   [Other: 0.7 ms]
      [Choose CSet: 0.0 ms]
      [Ref Proc: 0.1 ms]
      [Ref Enq: 0.0 ms]
      [Free CSet: 0.6 ms]
   [Eden: 852.0M(852.0M)->0.0B(852.0M) Survivors: 70.0M->70.0M Heap: 1083.0M(1538.0M)->231.0M(1538.0M)]
 [Times: user=0.26 sys=0.00, real=0.03 secs] 
311.100: Total time for which application threads were stopped: 0.0330100 seconds, Stopping threads took: 0.0000410 seconds
311.540: Application time: 0.4404710 seconds
311.541: [GC pause (young), 0.0326310 secs]
   [Parallel Time: 31.4 ms, GC Workers: 8]
      [GC Worker Start (ms): Min: 311540.6, Avg: 311540.6, Max: 311540.7, Diff: 0.1]
      [Ext Root Scanning (ms): Min: 0.8, Avg: 0.8, Max: 0.8, Diff: 0.1, Sum: 6.4]
      [Update RS (ms): Min: 0.2, Avg: 0.3, Max: 0.4, Diff: 0.1, Sum: 2.3]
         [Processed Buffers: Min: 1, Avg: 2.1, Max: 3, Diff: 2, Sum: 17]
      [Scan RS (ms): Min: 0.3, Avg: 0.4, Max: 0.4, Diff: 0.1, Sum: 2.9]
      [Code Root Scanning (ms): Min: 0.0, Avg: 0.0, Max: 0.0, Diff: 0.0, Sum: 0.0]
      [Object Copy (ms): Min: 29.8, Avg: 29.8, Max: 29.8, Diff: 0.0, Sum: 238.5]
      [Termination (ms): Min: 0.0, Avg: 0.0, Max: 0.0, Diff: 0.0, Sum: 0.0]
      [GC Worker Other (ms): Min: 0.0, Avg: 0.0, Max: 0.1, Diff: 0.0, Sum: 0.4]
      [GC Worker Total (ms): Min: 31.3, Avg: 31.3, Max: 31.4, Diff: 0.1, Sum: 250.5]
      [GC Worker End (ms): Min: 311571.9, Avg: 311572.0, Max: 311572.0, Diff: 0.0]
   [Code Root Fixup: 0.1 ms]
   [Code Root Migration: 0.1 ms]
   [Clear CT: 0.4 ms]
   [Other: 0.7 ms]
      [Choose CSet: 0.0 ms]
      [Ref Proc: 0.1 ms]
      [Ref Enq: 0.0 ms]
      [Free CSet: 0.6 ms]
   [Eden: 852.0M(852.0M)->0.0B(852.0M) Survivors: 70.0M->70.0M Heap: 1083.0M(1538.0M)->230.6M(1538.0M)]
 [Times: user=0.26 sys=0.00, real=0.04 secs] 
311.573: Total time for which application threads were stopped: 0.0328310 seconds, Stopping threads took: 0.0000360 seconds
312.011: Application time: 0.4373790 seconds
312.011: [GC pause (young), 0.0320680 secs]
   [Parallel Time: 30.8 ms, GC Workers: 8]
      [GC Worker Start (ms): Min: 312010.8, Avg: 312010.9, Max: 312010.9, Diff: 0.1]
      [Ext Root Scanning (ms): Min: 0.7, Avg: 0.8, Max: 0.8, Diff: 0.1, Sum: 6.3]
      [Update RS (ms): Min: 0.2, Avg: 0.3, Max: 0.4, Diff: 0.1, Sum: 2.3]
         [Processed Buffers: Min: 1, Avg: 2.1, Max: 3, Diff: 2, Sum: 17]
      [Scan RS (ms): Min: 0.3, Avg: 0.4, Max: 0.4, Diff: 0.1, Sum: 2.8]
      [Code Root Scanning (ms): Min: 0.0, Avg: 0.0, Max: 0.0, Diff: 0.0, Sum: 0.0]
      [Object Copy (ms): Min: 29.2, Avg: 29.2, Max: 29.2, Diff: 0.0, Sum: 233.8]
      [Termination (ms): Min: 0.0, Avg: 0.0, Max: 0.0, Diff: 0.0, Sum: 0.0]
      [GC Worker Other (ms): Min: 0.0, Avg: 0.1, Max: 0.1, Diff: 0.1, Sum: 0.5]
      [GC Worker Total (ms): Min: 30.7, Avg: 30.7, Max: 30.8, Diff: 0.1, Sum: 245.9]
      [GC Worker End (ms): Min: 312041.6, Avg: 312041.6, Max: 312041.6, Diff: 0.0]
   [Code Root Fixup: 0.0 ms]
   [Code Root Migration: 0.1 ms]
   [Clear CT: 0.4 ms]
   [Other: 0.7 ms]
      [Choose CSet: 0.0 ms]
      [Ref Proc: 0.1 ms]
      [Ref Enq: 0.0 ms]
      [Free CSet: 0.6 ms]
   [Eden: 852.0M(852.0M)->0.0B(852.0M) Survivors: 70.0M->70.0M Heap: 1082.6M(1538.0M)->230.6M(1538.0M)]
 [Times: user=0.25 sys=0.00, real=0.03 secs] 
312.043: Total time for which application threads were stopped: 0.0322780 seconds, Stopping threads took: 0.0000430 seconds
312.480: Application time: 0.4374710 seconds
312.481: [GC pause (young), 0.0334030 secs]
   [Parallel Time: 32.2 ms, GC Workers: 8]
      [GC Worker Start (ms): Min: 312480.6, Avg: 312480.6, Max: 312480.6, Diff: 0.1]
      [Ext Root Scanning (ms): Min: 0.8, Avg: 0.8, Max: 0.9, Diff: 0.1, Sum: 6.5]
      [Update RS (ms): Min: 0.2, Avg: 0.3, Max: 0.4, Diff: 0.2, Sum: 2.3]
         [Processed Buffers: Min: 1, Avg: 2.1, Max: 3, Diff: 2, Sum: 17]
      [Scan RS (ms): Min: 0.3, Avg: 0.3, Max: 0.4, Diff: 0.1, Sum: 2.8]
      [Code Root Scanning (ms): Min: 0.0, Avg: 0.0, Max: 0.0, Diff: 0.0, Sum: 0.0]
      [Object Copy (ms): Min: 30.6, Avg: 30.6, Max: 30.6, Diff: 0.0, Sum: 244.5]
      [Termination (ms): Min: 0.0, Avg: 0.0, Max: 0.0, Diff: 0.0, Sum: 0.0]
      [GC Worker Other (ms): Min: 0.0, Avg: 0.0, Max: 0.1, Diff: 0.0, Sum: 0.4]
      [GC Worker Total (ms): Min: 32.0, Avg: 32.1, Max: 32.1, Diff: 0.1, Sum: 256.6]
      [GC Worker End (ms): Min: 312512.7, Avg: 312512.7, Max: 312512.7, Diff: 0.0]
   [Code Root Fixup: 0.1 ms]
   [Code Root Migration: 0.1 ms]
   [Clear CT: 0.4 ms]
   [Other: 0.7 ms]
      [Choose CSet: 0.0 ms]
      [Ref Proc: 0.1 ms]
      [Ref Enq: 0.0 ms]
      [Free CSet: 0.6 ms]
   [Eden: 852.0M(852.0M)->0.0B(850.0M) Survivors: 70.0M->72.0M Heap: 1082.6M(1538.0M)->232.6M(1538.0M)]
 [Times: user=0.27 sys=0.00, real=0.04 secs] 
312.514: Total time for which application threads were stopped: 0.0335810 seconds, Stopping threads took: 0.0000330 seconds
312.952: Application time: 0.4383910 seconds
312.953: [GC pause (young), 0.0325120 secs]
   [Parallel Time: 31.3 ms, GC Workers: 8]
      [GC Worker Start (ms): Min: 312952.6, Avg: 312952.6, Max: 312952.6, Diff: 0.1]
      [Ext Root Scanning (ms): Min: 0.7, Avg: 0.8, Max: 0.8, Diff: 0.1, Sum: 6.3]
      [Update RS (ms): Min: 0.2, Avg: 0.3, Max: 0.4, Diff: 0.2, Sum: 2.3]
         [Processed Buffers: Min: 1, Avg: 2.1, Max: 3, Diff: 2, Sum: 17]
      [Scan RS (ms): Min: 0.3, Avg: 0.4, Max: 0.4, Diff: 0.1, Sum: 2.9]
      [Code Root Scanning (ms): Min: 0.0, Avg: 0.0, Max: 0.0, Diff: 0.0, Sum: 0.0]
      [Object Copy (ms): Min: 29.7, Avg: 29.7, Max: 29.7, Diff: 0.1, Sum: 237.5]
      [Termination (ms): Min: 0.0, Avg: 0.1, Max: 0.1, Diff: 0.1, Sum: 0.5]
      [GC Worker Other (ms): Min: 0.0, Avg: 0.0, Max: 0.1, Diff: 0.0, Sum: 0.3]
      [GC Worker Total (ms): Min: 31.2, Avg: 31.2, Max: 31.3, Diff: 0.1, Sum: 249.8]
      [GC Worker End (ms): Min: 312983.8, Avg: 312983.8, Max: 312983.9, Diff: 0.0]
   [Code Root Fixup: 0.0 ms]
   [Code Root Migration: 0.1 ms]
   [Clear CT: 0.4 ms]
   [Other: 0.7 ms]
      [Choose CSet: 0.0 ms]
      [Ref Proc: 0.1 ms]
      [Ref Enq: 0.0 ms]
      [Free CSet: 0.6 ms]
   [Eden: 850.0M(850.0M)->0.0B(853.0M) Survivors: 72.0M->69.0M Heap: 1082.6M(1538.0M)->230.1M(1538.0M)]
 [Times: user=0.25 sys=0.00, real=0.03 secs] 
312.985: Total time for which application threads were stopped: 0.0327190 seconds, Stopping threads took: 0.0000480 seconds
313.426: Application time: 0.4412550 seconds
313.427: [GC pause (young), 0.0321060 secs]
   [Parallel Time: 30.9 ms, GC Workers: 8]
      [GC Worker Start (ms): Min: 313426.6, Avg: 313426.6, Max: 313426.6, Diff: 0.1]
      [Ext Root Scanning (ms): Min: 0.7, Avg: 0.8, Max: 0.8, Diff: 0.1, Sum: 6.2]
      [Update RS (ms): Min: 0.2, Avg: 0.3, Max: 0.4, Diff: 0.2, Sum: 2.3]
         [Processed Buffers: Min: 1, Avg: 2.1, Max: 3, Diff: 2, Sum: 17]
      [Scan RS (ms): Min: 0.3, Avg: 0.4, Max: 0.4, Diff: 0.1, Sum: 3.1]
      [Code Root Scanning (ms): Min: 0.0, Avg: 0.0, Max: 0.0, Diff: 0.0, Sum: 0.0]
      [Object Copy (ms): Min: 29.3, Avg: 29.3, Max: 29.4, Diff: 0.1, Sum: 234.4]
      [Termination (ms): Min: 0.0, Avg: 0.0, Max: 0.0, Diff: 0.0, Sum: 0.0]
      [GC Worker Other (ms): Min: 0.0, Avg: 0.0, Max: 0.1, Diff: 0.0, Sum: 0.4]
      [GC Worker Total (ms): Min: 30.8, Avg: 30.8, Max: 30.8, Diff: 0.1, Sum: 246.4]
      [GC Worker End (ms): Min: 313457.4, Avg: 313457.4, Max: 313457.4, Diff: 0.0]
   [Code Root Fixup: 0.0 ms]
   [Code Root Migration: 0.1 ms]
   [Clear CT: 0.4 ms]
   [Other: 0.7 ms]
      [Choose CSet: 0.0 ms]
      [Ref Proc: 0.1 ms]
      [Ref Enq: 0.0 ms]
      [Free CSet: 0.6 ms]
   [Eden: 853.0M(853.0M)->0.0B(854.0M) Survivors: 69.0M->68.0M Heap: 1083.1M(1538.0M)->229.1M(1538.0M)]
 [Times: user=0.25 sys=0.00, real=0.03 secs] 
313.459: Total time for which application threads were stopped: 0.0323140 seconds, Stopping threads took: 0.0000680 seconds
313.900: Application time: 0.4410340 seconds
313.900: [GC pause (young), 0.0328700 secs]
   [Parallel Time: 31.6 ms, GC Workers: 8]
      [GC Worker Start (ms): Min: 313899.9, Avg: 313900.0, Max: 313900.0, Diff: 0.1]
      [Ext Root Scanning (ms): Min: 0.7, Avg: 0.7, Max: 0.8, Diff: 0.1, Sum: 5.9]
      [Update RS (ms): Min: 0.2, Avg: 0.3, Max: 0.4, Diff: 0.2, Sum: 2.4]
         [Processed Buffers: Min: 1, Avg: 2.1, Max: 3, Diff: 2, Sum: 17]
      [Scan RS (ms): Min: 0.3, Avg: 0.4, Max: 0.4, Diff: 0.1, Sum: 3.0]
      [Code Root Scanning (ms): Min: 0.0, Avg: 0.0, Max: 0.0, Diff: 0.0, Sum: 0.0]
      [Object Copy (ms): Min: 30.1, Avg: 30.1, Max: 30.2, Diff: 0.1, Sum: 240.9]
      [Termination (ms): Min: 0.0, Avg: 0.0, Max: 0.0, Diff: 0.0, Sum: 0.0]
      [GC Worker Other (ms): Min: 0.0, Avg: 0.0, Max: 0.1, Diff: 0.0, Sum: 0.4]
      [GC Worker Total (ms): Min: 31.5, Avg: 31.6, Max: 31.6, Diff: 0.1, Sum: 252.5]
      [GC Worker End (ms): Min: 313931.5, Avg: 313931.5, Max: 313931.5, Diff: 0.0]
   [Code Root Fixup: 0.0 ms]
   [Code Root Migration: 0.1 ms]
   [Clear CT: 0.4 ms]
   [Other: 0.7 ms]
      [Choose CSet: 0.0 ms]
      [Ref Proc: 0.1 ms]
      [Ref Enq: 0.0 ms]
      [Free CSet: 0.6 ms]
   [Eden: 854.0M(854.0M)->0.0B(852.0M) Survivors: 68.0M->70.0M Heap: 1083.1M(1538.0M)->231.1M(1538.0M)]
 [Times: user=0.26 sys=0.00, real=0.04 secs] 
313.933: Total time for which application threads were stopped: 0.0330980 seconds, Stopping threads took: 0.0000550 seconds
314.373: Application time: 0.4399290 seconds
314.373: [GC pause (young), 0.0320910 secs]
   [Parallel Time: 30.9 ms, GC Workers: 8]
      [GC Worker Start (ms): Min: 314372.9, Avg: 314372.9, Max: 314373.0, Diff: 0.1]
      [Ext Root Scanning (ms): Min: 0.7, Avg: 0.8, Max: 0.8, Diff: 0.1, Sum: 6.2]
      [Update RS (ms): Min: 0.2, Avg: 0.3, Max: 0.4, Diff: 0.2, Sum: 2.3]
         [Processed Buffers: Min: 1, Avg: 2.1, Max: 3, Diff: 2, Sum: 17]
      [Scan RS (ms): Min: 0.2, Avg: 0.4, Max: 0.4, Diff: 0.2, Sum: 2.8]
      [Code Root Scanning (ms): Min: 0.0, Avg: 0.0, Max: 0.0, Diff: 0.0, Sum: 0.0]
      [Object Copy (ms): Min: 29.3, Avg: 29.3, Max: 29.3, Diff: 0.0, Sum: 234.6]
      [Termination (ms): Min: 0.0, Avg: 0.0, Max: 0.0, Diff: 0.0, Sum: 0.0]
      [GC Worker Other (ms): Min: 0.0, Avg: 0.0, Max: 0.1, Diff: 0.0, Sum: 0.4]
      [GC Worker Total (ms): Min: 30.7, Avg: 30.8, Max: 30.8, Diff: 0.1, Sum: 246.3]
      [GC Worker End (ms): Min: 314403.7, Avg: 314403.7, Max: 314403.7, Diff: 0.0]
   [Code Root Fixup: 0.0 ms]
   [Code Root Migration: 0.1 ms]
   [Clear CT: 0.4 ms]
   [Other: 0.7 ms]
      [Choose CSet: 0.0 ms]
      [Ref Proc: 0.1 ms]
      [Ref Enq: 0.0 ms]
      [Free CSet: 0.6 ms]
   [Eden: 852.0M(852.0M)->0.0B(851.0M) Survivors: 70.0M->71.0M Heap: 1083.1M(1538.0M)->231.6M(1538.0M)]
 [Times: user=0.25 sys=0.00, real=0.03 secs] 
314.405: Total time for which application threads were stopped: 0.0322780 seconds, Stopping threads took: 0.0000340 seconds
314.849: Application time: 0.4439660 seconds
314.849: [GC pause (young), 0.0306190 secs]
   [Parallel Time: 29.3 ms, GC Workers: 8]
      [GC Worker Start (ms): Min: 314849.2, Avg: 314849.2, Max: 314849.3, Diff: 0.1]
      [Ext Root Scanning (ms): Min: 0.7, Avg: 0.7, Max: 0.8, Diff: 0.1, Sum: 5.8]
      [Update RS (ms): Min: 0.2, Avg: 0.3, Max: 0.4, Diff: 0.2, Sum: 2.4]
         [Processed Buffers: Min: 1, Avg: 2.1, Max: 3, Diff: 2, Sum: 17]
      [Scan RS (ms): Min: 0.3, Avg: 0.4, Max: 0.4, Diff: 0.1, Sum: 2.9]
      [Code Root Scanning (ms): Min: 0.0, Avg: 0.0, Max: 0.0, Diff: 0.0, Sum: 0.0]
      [Object Copy (ms): Min: 27.8, Avg: 27.8, Max: 27.9, Diff: 0.1, Sum: 222.5]
      [Termination (ms): Min: 0.0, Avg: 0.0, Max: 0.0, Diff: 0.0, Sum: 0.0]
      [GC Worker Other (ms): Min: 0.0, Avg: 0.1, Max: 0.1, Diff: 0.0, Sum: 0.4]
      [GC Worker Total (ms): Min: 29.2, Avg: 29.3, Max: 29.3, Diff: 0.1, Sum: 234.1]
      [GC Worker End (ms): Min: 314878.5, Avg: 314878.5, Max: 314878.5, Diff: 0.0]
   [Code Root Fixup: 0.0 ms]
   [Code Root Migration: 0.1 ms]
   [Clear CT: 0.4 ms]
   [Other: 0.8 ms]
      [Choose CSet: 0.0 ms]
      [Ref Proc: 0.1 ms]
      [Ref Enq: 0.0 ms]
      [Free CSet: 0.6 ms]
   [Eden: 851.0M(851.0M)->0.0B(854.0M) Survivors: 71.0M->68.0M Heap: 1082.6M(1538.0M)->228.6M(1538.0M)]
 [Times: user=0.24 sys=0.00, real=0.03 secs] 
314.880: Total time for which application threads were stopped: 0.0308350 seconds, Stopping threads took: 0.0000630 seconds
315.334: Application time: 0.4543040 seconds
315.334: [GC pause (young), 0.0332100 secs]
   [Parallel Time: 31.9 ms, GC Workers: 8]
      [GC Worker Start (ms): Min: 315334.3, Avg: 315334.3, Max: 315334.4, Diff: 0.1]
      [Ext Root Scanning (ms): Min: 0.7, Avg: 0.8, Max: 0.8, Diff: 0.1, Sum: 6.0]
      [Update RS (ms): Min: 0.2, Avg: 0.3, Max: 0.4, Diff: 0.2, Sum: 2.5]
         [Processed Buffers: Min: 1, Avg: 2.1, Max: 3, Diff: 2, Sum: 17]
      [Scan RS (ms): Min: 0.2, Avg: 0.4, Max: 0.4, Diff: 0.2, Sum: 2.9]
      [Code Root Scanning (ms): Min: 0.0, Avg: 0.0, Max: 0.0, Diff: 0.0, Sum: 0.1]
      [Object Copy (ms): Min: 30.3, Avg: 30.3, Max: 30.4, Diff: 0.1, Sum: 242.7]
      [Termination (ms): Min: 0.0, Avg: 0.0, Max: 0.0, Diff: 0.0, Sum: 0.0]
      [GC Worker Other (ms): Min: 0.0, Avg: 0.1, Max: 0.1, Diff: 0.1, Sum: 0.5]
      [GC Worker Total (ms): Min: 31.8, Avg: 31.8, Max: 31.9, Diff: 0.0, Sum: 254.7]
      [GC Worker End (ms): Min: 315366.1, Avg: 315366.2, Max: 315366.2, Diff: 0.1]
   [Code Root Fixup: 0.0 ms]
   [Code Root Migration: 0.1 ms]
   [Clear CT: 0.4 ms]
   [Other: 0.7 ms]
      [Choose CSet: 0.0 ms]
      [Ref Proc: 0.1 ms]
      [Ref Enq: 0.0 ms]
      [Free CSet: 0.6 ms]
   [Eden: 854.0M(854.0M)->0.0B(853.0M) Survivors: 68.0M->69.0M Heap: 1082.6M(1538.0M)->229.6M(1538.0M)]
 [Times: user=0.26 sys=0.00, real=0.03 secs] 
315.368: Total time for which application threads were stopped: 0.0333910 seconds, Stopping threads took: 0.0000390 seconds
315.810: Application time: 0.4426320 seconds
315.810: [GC pause (young), 0.0325530 secs]
   [Parallel Time: 31.3 ms, GC Workers: 8]
      [GC Worker Start (ms): Min: 315810.4, Avg: 315810.4, Max: 315810.4, Diff: 0.1]
      [Ext Root Scanning (ms): Min: 0.7, Avg: 0.7, Max: 0.8, Diff: 0.2, Sum: 5.9]
      [Update RS (ms): Min: 0.2, Avg: 0.3, Max: 0.5, Diff: 0.2, Sum: 2.5]
         [Processed Buffers: Min: 1, Avg: 2.1, Max: 3, Diff: 2, Sum: 17]
      [Scan RS (ms): Min: 0.3, Avg: 0.4, Max: 0.5, Diff: 0.2, Sum: 3.0]
      [Code Root Scanning (ms): Min: 0.0, Avg: 0.0, Max: 0.0, Diff: 0.0, Sum: 0.0]
      [Object Copy (ms): Min: 29.7, Avg: 29.8, Max: 29.8, Diff: 0.1, Sum: 238.2]
      [Termination (ms): Min: 0.0, Avg: 0.0, Max: 0.0, Diff: 0.0, Sum: 0.0]
      [GC Worker Other (ms): Min: 0.0, Avg: 0.1, Max: 0.1, Diff: 0.0, Sum: 0.4]
      [GC Worker Total (ms): Min: 31.2, Avg: 31.2, Max: 31.3, Diff: 0.1, Sum: 249.9]
      [GC Worker End (ms): Min: 315841.6, Avg: 315841.6, Max: 315841.7, Diff: 0.0]
   [Code Root Fixup: 0.0 ms]
   [Code Root Migration: 0.1 ms]
   [Clear CT: 0.4 ms]
   [Other: 0.7 ms]
      [Choose CSet: 0.0 ms]
      [Ref Proc: 0.1 ms]
      [Ref Enq: 0.0 ms]
      [Free CSet: 0.6 ms]
   [Eden: 853.0M(853.0M)->0.0B(852.0M) Survivors: 69.0M->70.0M Heap: 1082.6M(1538.0M)->230.7M(1538.0M)]
 [Times: user=0.25 sys=0.00, real=0.03 secs] 
315.843: Total time for which application threads were stopped: 0.0327700 seconds, Stopping threads took: 0.0000490 seconds
316.284: Application time: 0.4408820 seconds
316.284: [GC pause (young), 0.0324560 secs]
   [Parallel Time: 31.2 ms, GC Workers: 8]
      [GC Worker Start (ms): Min: 316284.0, Avg: 316284.5, Max: 316287.4, Diff: 3.4]
      [Ext Root Scanning (ms): Min: 0.0, Avg: 0.7, Max: 0.9, Diff: 0.9, Sum: 5.5]
      [Update RS (ms): Min: 0.0, Avg: 0.3, Max: 0.4, Diff: 0.4, Sum: 2.2]
         [Processed Buffers: Min: 0, Avg: 2.1, Max: 3, Diff: 3, Sum: 17]
      [Scan RS (ms): Min: 0.2, Avg: 0.3, Max: 0.4, Diff: 0.3, Sum: 2.7]
      [Code Root Scanning (ms): Min: 0.0, Avg: 0.0, Max: 0.0, Diff: 0.0, Sum: 0.0]
      [Object Copy (ms): Min: 27.5, Avg: 29.3, Max: 29.6, Diff: 2.1, Sum: 234.7]
      [Termination (ms): Min: 0.0, Avg: 0.0, Max: 0.0, Diff: 0.0, Sum: 0.0]
      [GC Worker Other (ms): Min: 0.0, Avg: 0.1, Max: 0.1, Diff: 0.0, Sum: 0.5]
      [GC Worker Total (ms): Min: 27.8, Avg: 30.7, Max: 31.1, Diff: 3.4, Sum: 245.6]
      [GC Worker End (ms): Min: 316315.1, Avg: 316315.2, Max: 316315.2, Diff: 0.0]
   [Code Root Fixup: 0.0 ms]
   [Code Root Migration: 0.1 ms]
   [Clear CT: 0.4 ms]
   [Other: 0.8 ms]
      [Choose CSet: 0.0 ms]
      [Ref Proc: 0.1 ms]
      [Ref Enq: 0.0 ms]
      [Free CSet: 0.6 ms]
   [Eden: 852.0M(852.0M)->0.0B(852.0M) Survivors: 70.0M->70.0M Heap: 1082.7M(1538.0M)->230.7M(1538.0M)]
 [Times: user=0.25 sys=0.01, real=0.03 secs] 
316.317: Total time for which application threads were stopped: 0.0326630 seconds, Stopping threads took: 0.0000630 seconds
316.756: Application time: 0.4390800 seconds
316.756: [GC pause (young), 0.0328340 secs]
   [Parallel Time: 31.5 ms, GC Workers: 8]
      [GC Worker Start (ms): Min: 316755.8, Avg: 316755.8, Max: 316755.8, Diff: 0.1]
      [Ext Root Scanning (ms): Min: 0.7, Avg: 0.8, Max: 0.9, Diff: 0.1, Sum: 6.3]
      [Update RS (ms): Min: 0.2, Avg: 0.3, Max: 0.4, Diff: 0.2, Sum: 2.3]
         [Processed Buffers: Min: 1, Avg: 2.1, Max: 3, Diff: 2, Sum: 17]
      [Scan RS (ms): Min: 0.2, Avg: 0.3, Max: 0.4, Diff: 0.2, Sum: 2.8]
      [Code Root Scanning (ms): Min: 0.0, Avg: 0.0, Max: 0.0, Diff: 0.0, Sum: 0.1]
      [Object Copy (ms): Min: 29.9, Avg: 29.9, Max: 30.0, Diff: 0.0, Sum: 239.6]
      [Termination (ms): Min: 0.0, Avg: 0.0, Max: 0.0, Diff: 0.0, Sum: 0.0]
      [GC Worker Other (ms): Min: 0.0, Avg: 0.1, Max: 0.1, Diff: 0.0, Sum: 0.5]
      [GC Worker Total (ms): Min: 31.4, Avg: 31.4, Max: 31.5, Diff: 0.1, Sum: 251.5]
      [GC Worker End (ms): Min: 316787.2, Avg: 316787.3, Max: 316787.3, Diff: 0.0]
   [Code Root Fixup: 0.1 ms]
   [Code Root Migration: 0.1 ms]
   [Clear CT: 0.4 ms]
   [Other: 0.8 ms]
      [Choose CSet: 0.0 ms]
      [Ref Proc: 0.1 ms]
      [Ref Enq: 0.0 ms]
      [Free CSet: 0.6 ms]
   [Eden: 852.0M(852.0M)->0.0B(851.0M) Survivors: 70.0M->71.0M Heap: 1082.7M(1538.0M)->231.7M(1538.0M)]
 [Times: user=0.26 sys=0.00, real=0.03 secs] 
316.790: Total time for which application threads were stopped: 0.0346290 seconds, Stopping threads took: 0.0000730 seconds
317.228: Application time: 0.4382520 seconds
317.229: [GC pause (young), 0.0326940 secs]
   [Parallel Time: 31.4 ms, GC Workers: 8]
      [GC Worker Start (ms): Min: 317228.6, Avg: 317228.7, Max: 317228.7, Diff: 0.1]
      [Ext Root Scanning (ms): Min: 0.7, Avg: 0.8, Max: 0.8, Diff: 0.1, Sum: 6.2]
      [Update RS (ms): Min: 0.2, Avg: 0.3, Max: 0.4, Diff: 0.2, Sum: 2.4]
         [Processed Buffers: Min: 1, Avg: 2.1, Max: 4, Diff: 3, Sum: 17]
      [Scan RS (ms): Min: 0.3, Avg: 0.4, Max: 0.5, Diff: 0.2, Sum: 2.9]
      [Code Root Scanning (ms): Min: 0.0, Avg: 0.0, Max: 0.0, Diff: 0.0, Sum: 0.0]
      [Object Copy (ms): Min: 29.8, Avg: 29.9, Max: 29.9, Diff: 0.1, Sum: 238.8]
      [Termination (ms): Min: 0.0, Avg: 0.0, Max: 0.0, Diff: 0.0, Sum: 0.0]
      [GC Worker Other (ms): Min: 0.0, Avg: 0.1, Max: 0.1, Diff: 0.0, Sum: 0.4]
      [GC Worker Total (ms): Min: 31.3, Avg: 31.4, Max: 31.4, Diff: 0.1, Sum: 250.8]
      [GC Worker End (ms): Min: 317260.0, Avg: 317260.0, Max: 317260.0, Diff: 0.0]
   [Code Root Fixup: 0.0 ms]
   [Code Root Migration: 0.1 ms]
   [Clear CT: 0.4 ms]
   [Other: 0.7 ms]
      [Choose CSet: 0.0 ms]
      [Ref Proc: 0.1 ms]
      [Ref Enq: 0.0 ms]
      [Free CSet: 0.6 ms]
   [Eden: 851.0M(851.0M)->0.0B(852.0M) Survivors: 71.0M->70.0M Heap: 1082.7M(1538.0M)->230.7M(1538.0M)]
 [Times: user=0.25 sys=0.00, real=0.03 secs] 
317.261: Total time for which application threads were stopped: 0.0328900 seconds, Stopping threads took: 0.0000460 seconds
317.698: Application time: 0.4363660 seconds
317.698: [GC pause (young), 0.0322260 secs]
   [Parallel Time: 30.9 ms, GC Workers: 8]
      [GC Worker Start (ms): Min: 317697.9, Avg: 317697.9, Max: 317697.9, Diff: 0.1]
      [Ext Root Scanning (ms): Min: 0.7, Avg: 0.9, Max: 1.5, Diff: 0.7, Sum: 7.0]
      [Update RS (ms): Min: 0.0, Avg: 0.3, Max: 0.4, Diff: 0.4, Sum: 2.2]
         [Processed Buffers: Min: 0, Avg: 2.1, Max: 4, Diff: 4, Sum: 17]
      [Scan RS (ms): Min: 0.1, Avg: 0.3, Max: 0.4, Diff: 0.4, Sum: 2.7]
      [Code Root Scanning (ms): Min: 0.0, Avg: 0.0, Max: 0.0, Diff: 0.0, Sum: 0.0]
      [Object Copy (ms): Min: 29.3, Avg: 29.3, Max: 29.3, Diff: 0.1, Sum: 234.4]
      [Termination (ms): Min: 0.0, Avg: 0.0, Max: 0.0, Diff: 0.0, Sum: 0.0]
      [GC Worker Other (ms): Min: 0.0, Avg: 0.0, Max: 0.1, Diff: 0.0, Sum: 0.4]
      [GC Worker Total (ms): Min: 30.8, Avg: 30.8, Max: 30.9, Diff: 0.1, Sum: 246.7]
      [GC Worker End (ms): Min: 317728.7, Avg: 317728.8, Max: 317728.8, Diff: 0.0]
   [Code Root Fixup: 0.0 ms]
   [Code Root Migration: 0.1 ms]
   [Clear CT: 0.4 ms]
   [Other: 0.8 ms]
      [Choose CSet: 0.0 ms]
      [Ref Proc: 0.1 ms]
      [Ref Enq: 0.0 ms]
      [Free CSet: 0.6 ms]
   [Eden: 852.0M(852.0M)->0.0B(852.0M) Survivors: 70.0M->70.0M Heap: 1082.7M(1538.0M)->230.7M(1538.0M)]
 [Times: user=0.25 sys=0.00, real=0.03 secs] 
317.730: Total time for which application threads were stopped: 0.0324170 seconds, Stopping threads took: 0.0000360 seconds
318.172: Application time: 0.4420660 seconds
318.172: [GC pause (young), 0.0319080 secs]
   [Parallel Time: 30.6 ms, GC Workers: 8]
      [GC Worker Start (ms): Min: 318172.4, Avg: 318172.4, Max: 318172.4, Diff: 0.1]
      [Ext Root Scanning (ms): Min: 0.7, Avg: 0.8, Max: 0.8, Diff: 0.1, Sum: 6.3]
      [Update RS (ms): Min: 0.2, Avg: 0.6, Max: 2.8, Diff: 2.6, Sum: 4.9]
         [Processed Buffers: Min: 1, Avg: 2.1, Max: 3, Diff: 2, Sum: 17]
      [Scan RS (ms): Min: 0.2, Avg: 0.3, Max: 0.4, Diff: 0.3, Sum: 2.7]
      [Code Root Scanning (ms): Min: 0.0, Avg: 0.0, Max: 0.0, Diff: 0.0, Sum: 0.0]
      [Object Copy (ms): Min: 26.7, Avg: 28.7, Max: 29.0, Diff: 2.4, Sum: 229.7]
      [Termination (ms): Min: 0.0, Avg: 0.0, Max: 0.0, Diff: 0.0, Sum: 0.0]
      [GC Worker Other (ms): Min: 0.0, Avg: 0.1, Max: 0.1, Diff: 0.0, Sum: 0.5]
      [GC Worker Total (ms): Min: 30.5, Avg: 30.5, Max: 30.6, Diff: 0.1, Sum: 244.2]
      [GC Worker End (ms): Min: 318202.9, Avg: 318202.9, Max: 318203.0, Diff: 0.0]
   [Code Root Fixup: 0.1 ms]
   [Code Root Migration: 0.1 ms]
   [Clear CT: 0.4 ms]
   [Other: 0.7 ms]
      [Choose CSet: 0.0 ms]
      [Ref Proc: 0.1 ms]
      [Ref Enq: 0.0 ms]
      [Free CSet: 0.6 ms]
   [Eden: 852.0M(852.0M)->0.0B(854.0M) Survivors: 70.0M->68.0M Heap: 1082.7M(1538.0M)->228.7M(1538.0M)]
 [Times: user=0.25 sys=0.00, real=0.03 secs] 
318.204: Total time for which application threads were stopped: 0.0321080 seconds, Stopping threads took: 0.0000590 seconds
318.648: Application time: 0.4433930 seconds
318.648: [GC pause (young), 0.0327510 secs]
   [Parallel Time: 31.5 ms, GC Workers: 8]
      [GC Worker Start (ms): Min: 318647.9, Avg: 318647.9, Max: 318648.0, Diff: 0.1]
      [Ext Root Scanning (ms): Min: 0.7, Avg: 0.8, Max: 0.8, Diff: 0.1, Sum: 6.3]
      [Update RS (ms): Min: 0.2, Avg: 0.3, Max: 0.4, Diff: 0.2, Sum: 2.4]
         [Processed Buffers: Min: 1, Avg: 2.1, Max: 3, Diff: 2, Sum: 17]
      [Scan RS (ms): Min: 0.2, Avg: 0.3, Max: 0.4, Diff: 0.2, Sum: 2.7]
      [Code Root Scanning (ms): Min: 0.0, Avg: 0.0, Max: 0.0, Diff: 0.0, Sum: 0.0]
      [Object Copy (ms): Min: 29.9, Avg: 29.9, Max: 29.9, Diff: 0.0, Sum: 239.2]
      [Termination (ms): Min: 0.0, Avg: 0.0, Max: 0.0, Diff: 0.0, Sum: 0.0]
      [GC Worker Other (ms): Min: 0.0, Avg: 0.1, Max: 0.1, Diff: 0.0, Sum: 0.5]
      [GC Worker Total (ms): Min: 31.4, Avg: 31.4, Max: 31.4, Diff: 0.1, Sum: 251.2]
      [GC Worker End (ms): Min: 318679.3, Avg: 318679.3, Max: 318679.4, Diff: 0.0]
   [Code Root Fixup: 0.0 ms]
   [Code Root Migration: 0.1 ms]
   [Clear CT: 0.4 ms]
   [Other: 0.8 ms]
      [Choose CSet: 0.0 ms]
      [Ref Proc: 0.1 ms]
      [Ref Enq: 0.0 ms]
      [Free CSet: 0.6 ms]
   [Eden: 854.0M(854.0M)->0.0B(852.0M) Survivors: 68.0M->70.0M Heap: 1082.7M(1538.0M)->230.7M(1538.0M)]
 [Times: user=0.25 sys=0.00, real=0.03 secs] 
318.681: Total time for which application threads were stopped: 0.0329850 seconds, Stopping threads took: 0.0000670 seconds
319.119: Application time: 0.4384600 seconds
319.119: [GC pause (young), 0.0327530 secs]
   [Parallel Time: 31.5 ms, GC Workers: 8]
      [GC Worker Start (ms): Min: 319119.3, Avg: 319119.4, Max: 319119.4, Diff: 0.1]
      [Ext Root Scanning (ms): Min: 0.8, Avg: 0.8, Max: 0.8, Diff: 0.1, Sum: 6.2]
      [Update RS (ms): Min: 0.2, Avg: 0.3, Max: 0.5, Diff: 0.2, Sum: 2.4]
         [Processed Buffers: Min: 1, Avg: 2.1, Max: 3, Diff: 2, Sum: 17]
      [Scan RS (ms): Min: 0.3, Avg: 0.4, Max: 0.5, Diff: 0.2, Sum: 3.1]
      [Code Root Scanning (ms): Min: 0.0, Avg: 0.0, Max: 0.0, Diff: 0.0, Sum: 0.0]
      [Object Copy (ms): Min: 29.9, Avg: 29.9, Max: 29.9, Diff: 0.1, Sum: 239.1]
      [Termination (ms): Min: 0.0, Avg: 0.0, Max: 0.0, Diff: 0.0, Sum: 0.0]
      [GC Worker Other (ms): Min: 0.0, Avg: 0.1, Max: 0.1, Diff: 0.0, Sum: 0.5]
      [GC Worker Total (ms): Min: 31.4, Avg: 31.4, Max: 31.4, Diff: 0.1, Sum: 251.3]
      [GC Worker End (ms): Min: 319150.8, Avg: 319150.8, Max: 319150.8, Diff: 0.0]
   [Code Root Fixup: 0.0 ms]
   [Code Root Migration: 0.1 ms]
   [Clear CT: 0.4 ms]
   [Other: 0.7 ms]
      [Choose CSet: 0.0 ms]
      [Ref Proc: 0.1 ms]
      [Ref Enq: 0.0 ms]
      [Free CSet: 0.6 ms]
   [Eden: 852.0M(852.0M)->0.0B(853.0M) Survivors: 70.0M->69.0M Heap: 1082.7M(1538.0M)->229.7M(1538.0M)]
 [Times: user=0.25 sys=0.00, real=0.04 secs] 
319.152: Total time for which application threads were stopped: 0.0329390 seconds, Stopping threads took: 0.0000420 seconds
319.593: Application time: 0.4412380 seconds
319.593: [GC pause (young), 0.0312310 secs]
   [Parallel Time: 30.0 ms, GC Workers: 8]
      [GC Worker Start (ms): Min: 319593.5, Avg: 319593.8, Max: 319595.4, Diff: 1.8]
      [Ext Root Scanning (ms): Min: 0.0, Avg: 0.7, Max: 0.9, Diff: 0.8, Sum: 5.5]
      [Update RS (ms): Min: 0.0, Avg: 0.3, Max: 0.4, Diff: 0.4, Sum: 2.2]
         [Processed Buffers: Min: 0, Avg: 2.1, Max: 4, Diff: 4, Sum: 17]
      [Scan RS (ms): Min: 0.0, Avg: 0.3, Max: 0.4, Diff: 0.4, Sum: 2.5]
      [Code Root Scanning (ms): Min: 0.0, Avg: 0.0, Max: 0.0, Diff: 0.0, Sum: 0.0]
      [Object Copy (ms): Min: 28.0, Avg: 28.3, Max: 28.4, Diff: 0.4, Sum: 226.6]
      [Termination (ms): Min: 0.0, Avg: 0.0, Max: 0.0, Diff: 0.0, Sum: 0.0]
      [GC Worker Other (ms): Min: 0.0, Avg: 0.1, Max: 0.1, Diff: 0.1, Sum: 0.5]
      [GC Worker Total (ms): Min: 28.0, Avg: 29.7, Max: 29.9, Diff: 1.9, Sum: 237.3]
      [GC Worker End (ms): Min: 319623.4, Avg: 319623.4, Max: 319623.5, Diff: 0.1]
   [Code Root Fixup: 0.0 ms]
   [Code Root Migration: 0.1 ms]
   [Clear CT: 0.4 ms]
   [Other: 0.8 ms]
      [Choose CSet: 0.0 ms]
      [Ref Proc: 0.1 ms]
      [Ref Enq: 0.0 ms]
      [Free CSet: 0.6 ms]
   [Eden: 853.0M(853.0M)->0.0B(855.0M) Survivors: 69.0M->67.0M Heap: 1082.7M(1538.0M)->228.2M(1538.0M)]
 [Times: user=0.24 sys=0.00, real=0.03 secs] 
319.625: Total time for which application threads were stopped: 0.0314590 seconds, Stopping threads took: 0.0000650 seconds
320.076: Application time: 0.4509810 seconds
320.076: [GC pause (young), 0.0328040 secs]
   [Parallel Time: 31.6 ms, GC Workers: 8]
      [GC Worker Start (ms): Min: 320075.9, Avg: 320076.0, Max: 320076.0, Diff: 0.1]
      [Ext Root Scanning (ms): Min: 0.7, Avg: 0.8, Max: 0.8, Diff: 0.1, Sum: 6.0]
      [Update RS (ms): Min: 0.2, Avg: 0.3, Max: 0.4, Diff: 0.2, Sum: 2.4]
         [Processed Buffers: Min: 1, Avg: 2.1, Max: 3, Diff: 2, Sum: 17]
      [Scan RS (ms): Min: 0.3, Avg: 0.4, Max: 0.4, Diff: 0.2, Sum: 3.0]
      [Code Root Scanning (ms): Min: 0.0, Avg: 0.0, Max: 0.0, Diff: 0.0, Sum: 0.0]
      [Object Copy (ms): Min: 30.0, Avg: 30.0, Max: 30.0, Diff: 0.1, Sum: 240.2]
      [Termination (ms): Min: 0.0, Avg: 0.0, Max: 0.0, Diff: 0.0, Sum: 0.0]
      [GC Worker Other (ms): Min: 0.0, Avg: 0.0, Max: 0.1, Diff: 0.0, Sum: 0.4]
      [GC Worker Total (ms): Min: 31.4, Avg: 31.5, Max: 31.5, Diff: 0.1, Sum: 251.9]
      [GC Worker End (ms): Min: 320107.4, Avg: 320107.5, Max: 320107.5, Diff: 0.0]
   [Code Root Fixup: 0.0 ms]
   [Code Root Migration: 0.1 ms]
   [Clear CT: 0.3 ms]
   [Other: 0.7 ms]
      [Choose CSet: 0.0 ms]
      [Ref Proc: 0.1 ms]
      [Ref Enq: 0.0 ms]
      [Free CSet: 0.6 ms]
   [Eden: 855.0M(855.0M)->0.0B(852.0M) Survivors: 67.0M->70.0M Heap: 1083.2M(1538.0M)->230.8M(1538.0M)]
 [Times: user=0.25 sys=0.00, real=0.03 secs] 
320.109: Total time for which application threads were stopped: 0.0329820 seconds, Stopping threads took: 0.0000390 seconds
320.556: Application time: 0.4474120 seconds
320.556: [GC pause (young), 0.0325370 secs]
   [Parallel Time: 31.2 ms, GC Workers: 8]
      [GC Worker Start (ms): Min: 320556.4, Avg: 320556.4, Max: 320556.4, Diff: 0.1]
      [Ext Root Scanning (ms): Min: 0.8, Avg: 0.8, Max: 0.8, Diff: 0.1, Sum: 6.4]
      [Update RS (ms): Min: 0.2, Avg: 0.3, Max: 0.4, Diff: 0.2, Sum: 2.4]
         [Processed Buffers: Min: 1, Avg: 2.1, Max: 3, Diff: 2, Sum: 17]
      [Scan RS (ms): Min: 0.3, Avg: 0.4, Max: 0.4, Diff: 0.2, Sum: 2.8]
      [Code Root Scanning (ms): Min: 0.0, Avg: 0.0, Max: 0.0, Diff: 0.0, Sum: 0.0]
      [Object Copy (ms): Min: 29.6, Avg: 29.7, Max: 29.7, Diff: 0.0, Sum: 237.2]
      [Termination (ms): Min: 0.0, Avg: 0.0, Max: 0.0, Diff: 0.0, Sum: 0.0]
      [GC Worker Other (ms): Min: 0.0, Avg: 0.0, Max: 0.1, Diff: 0.0, Sum: 0.4]
      [GC Worker Total (ms): Min: 31.1, Avg: 31.1, Max: 31.2, Diff: 0.1, Sum: 249.2]
      [GC Worker End (ms): Min: 320587.5, Avg: 320587.5, Max: 320587.6, Diff: 0.0]
   [Code Root Fixup: 0.0 ms]
   [Code Root Migration: 0.1 ms]
   [Clear CT: 0.4 ms]
   [Other: 0.8 ms]
      [Choose CSet: 0.0 ms]
      [Ref Proc: 0.1 ms]
      [Ref Enq: 0.0 ms]
      [Free CSet: 0.6 ms]
   [Eden: 852.0M(852.0M)->0.0B(853.0M) Survivors: 70.0M->69.0M Heap: 1082.8M(1538.0M)->230.3M(1538.0M)]
 [Times: user=0.25 sys=0.00, real=0.03 secs] 
320.589: Total time for which application threads were stopped: 0.0327430 seconds, Stopping threads took: 0.0000520 seconds
321.033: Application time: 0.4441160 seconds
321.033: [GC pause (young), 0.0311880 secs]
   [Parallel Time: 30.0 ms, GC Workers: 8]
      [GC Worker Start (ms): Min: 321033.2, Avg: 321034.7, Max: 321039.4, Diff: 6.2]
      [Ext Root Scanning (ms): Min: 0.0, Avg: 0.6, Max: 0.9, Diff: 0.9, Sum: 4.7]
      [Update RS (ms): Min: 0.0, Avg: 0.3, Max: 0.4, Diff: 0.4, Sum: 2.0]
         [Processed Buffers: Min: 0, Avg: 2.1, Max: 4, Diff: 4, Sum: 17]
      [Scan RS (ms): Min: 0.1, Avg: 0.3, Max: 0.4, Diff: 0.3, Sum: 2.5]
      [Code Root Scanning (ms): Min: 0.0, Avg: 0.0, Max: 0.0, Diff: 0.0, Sum: 0.0]
      [Object Copy (ms): Min: 23.5, Avg: 27.1, Max: 28.4, Diff: 4.9, Sum: 217.2]
      [Termination (ms): Min: 0.0, Avg: 0.0, Max: 0.0, Diff: 0.0, Sum: 0.0]
      [GC Worker Other (ms): Min: 0.0, Avg: 0.1, Max: 0.1, Diff: 0.0, Sum: 0.5]
      [GC Worker Total (ms): Min: 23.7, Avg: 28.4, Max: 29.9, Diff: 6.2, Sum: 226.9]
      [GC Worker End (ms): Min: 321063.1, Avg: 321063.1, Max: 321063.1, Diff: 0.0]
   [Code Root Fixup: 0.0 ms]
   [Code Root Migration: 0.1 ms]
   [Clear CT: 0.4 ms]
   [Other: 0.7 ms]
      [Choose CSet: 0.0 ms]
      [Ref Proc: 0.1 ms]
      [Ref Enq: 0.0 ms]
      [Free CSet: 0.6 ms]
   [Eden: 853.0M(853.0M)->0.0B(854.0M) Survivors: 69.0M->68.0M Heap: 1083.3M(1538.0M)->228.8M(1538.0M)]
 [Times: user=0.23 sys=0.00, real=0.03 secs] 
321.064: Total time for which application threads were stopped: 0.0313520 seconds, Stopping threads took: 0.0000140 seconds
321.510: Application time: 0.4457100 seconds
321.510: [GC pause (young), 0.0326380 secs]
   [Parallel Time: 31.4 ms, GC Workers: 8]
      [GC Worker Start (ms): Min: 321510.3, Avg: 321510.3, Max: 321510.4, Diff: 0.1]
      [Ext Root Scanning (ms): Min: 0.7, Avg: 0.8, Max: 1.0, Diff: 0.3, Sum: 6.2]
      [Update RS (ms): Min: 0.1, Avg: 0.3, Max: 0.5, Diff: 0.3, Sum: 2.3]
         [Processed Buffers: Min: 1, Avg: 2.2, Max: 5, Diff: 4, Sum: 18]
      [Scan RS (ms): Min: 0.3, Avg: 0.4, Max: 0.4, Diff: 0.2, Sum: 3.0]
      [Code Root Scanning (ms): Min: 0.0, Avg: 0.0, Max: 0.0, Diff: 0.0, Sum: 0.0]
      [Object Copy (ms): Min: 29.8, Avg: 29.8, Max: 29.9, Diff: 0.1, Sum: 238.6]
      [Termination (ms): Min: 0.0, Avg: 0.0, Max: 0.0, Diff: 0.0, Sum: 0.0]
      [GC Worker Other (ms): Min: 0.0, Avg: 0.1, Max: 0.1, Diff: 0.0, Sum: 0.4]
      [GC Worker Total (ms): Min: 31.3, Avg: 31.3, Max: 31.4, Diff: 0.1, Sum: 250.6]
      [GC Worker End (ms): Min: 321541.6, Avg: 321541.7, Max: 321541.7, Diff: 0.0]
   [Code Root Fixup: 0.0 ms]
   [Code Root Migration: 0.1 ms]
   [Clear CT: 0.4 ms]
   [Other: 0.7 ms]
      [Choose CSet: 0.0 ms]
      [Ref Proc: 0.1 ms]
      [Ref Enq: 0.0 ms]
      [Free CSet: 0.6 ms]
   [Eden: 854.0M(854.0M)->0.0B(852.0M) Survivors: 68.0M->70.0M Heap: 1082.8M(1538.0M)->230.8M(1538.0M)]
 [Times: user=0.25 sys=0.00, real=0.03 secs] 
321.543: Total time for which application threads were stopped: 0.0328570 seconds, Stopping threads took: 0.0000610 seconds
321.984: Application time: 0.4408080 seconds
321.984: [GC pause (young), 0.0331980 secs]
   [Parallel Time: 31.9 ms, GC Workers: 8]
      [GC Worker Start (ms): Min: 321984.0, Avg: 321984.0, Max: 321984.0, Diff: 0.1]
      [Ext Root Scanning (ms): Min: 0.7, Avg: 0.7, Max: 0.7, Diff: 0.1, Sum: 5.6]
      [Update RS (ms): Min: 0.2, Avg: 0.3, Max: 0.5, Diff: 0.3, Sum: 2.3]
         [Processed Buffers: Min: 1, Avg: 2.2, Max: 4, Diff: 3, Sum: 18]
      [Scan RS (ms): Min: 0.2, Avg: 0.4, Max: 0.4, Diff: 0.2, Sum: 3.0]
      [Code Root Scanning (ms): Min: 0.0, Avg: 0.0, Max: 0.0, Diff: 0.0, Sum: 0.0]
      [Object Copy (ms): Min: 30.4, Avg: 30.4, Max: 30.5, Diff: 0.1, Sum: 243.3]
      [Termination (ms): Min: 0.0, Avg: 0.0, Max: 0.0, Diff: 0.0, Sum: 0.0]
      [GC Worker Other (ms): Min: 0.0, Avg: 0.0, Max: 0.1, Diff: 0.0, Sum: 0.4]
      [GC Worker Total (ms): Min: 31.8, Avg: 31.8, Max: 31.9, Diff: 0.1, Sum: 254.6]
      [GC Worker End (ms): Min: 322015.8, Avg: 322015.8, Max: 322015.8, Diff: 0.0]
   [Code Root Fixup: 0.1 ms]
   [Code Root Migration: 0.1 ms]
   [Clear CT: 0.4 ms]
   [Other: 0.8 ms]
      [Choose CSet: 0.0 ms]
      [Ref Proc: 0.1 ms]
      [Ref Enq: 0.0 ms]
      [Free CSet: 0.6 ms]
   [Eden: 852.0M(852.0M)->0.0B(852.0M) Survivors: 70.0M->70.0M Heap: 1082.8M(1538.0M)->230.8M(1538.0M)]
 [Times: user=0.25 sys=0.00, real=0.03 secs] 
322.017: Total time for which application threads were stopped: 0.0334330 seconds, Stopping threads took: 0.0000760 seconds
322.455: Application time: 0.4379130 seconds
322.455: [GC pause (young), 0.0319990 secs]
   [Parallel Time: 30.7 ms, GC Workers: 8]
      [GC Worker Start (ms): Min: 322455.3, Avg: 322455.4, Max: 322455.4, Diff: 0.1]
      [Ext Root Scanning (ms): Min: 0.7, Avg: 0.8, Max: 0.8, Diff: 0.1, Sum: 6.1]
      [Update RS (ms): Min: 0.2, Avg: 0.3, Max: 0.5, Diff: 0.3, Sum: 2.4]
         [Processed Buffers: Min: 1, Avg: 2.2, Max: 3, Diff: 2, Sum: 18]
      [Scan RS (ms): Min: 0.2, Avg: 0.4, Max: 0.4, Diff: 0.2, Sum: 2.9]
      [Code Root Scanning (ms): Min: 0.0, Avg: 0.0, Max: 0.0, Diff: 0.0, Sum: 0.0]
      [Object Copy (ms): Min: 29.1, Avg: 29.2, Max: 29.2, Diff: 0.1, Sum: 233.4]
      [Termination (ms): Min: 0.0, Avg: 0.0, Max: 0.0, Diff: 0.0, Sum: 0.0]
      [GC Worker Other (ms): Min: 0.0, Avg: 0.1, Max: 0.1, Diff: 0.0, Sum: 0.4]
      [GC Worker Total (ms): Min: 30.6, Avg: 30.7, Max: 30.7, Diff: 0.1, Sum: 245.2]
      [GC Worker End (ms): Min: 322486.0, Avg: 322486.0, Max: 322486.0, Diff: 0.0]
   [Code Root Fixup: 0.1 ms]
   [Code Root Migration: 0.1 ms]
   [Clear CT: 0.4 ms]
   [Other: 0.7 ms]
      [Choose CSet: 0.0 ms]
      [Ref Proc: 0.1 ms]
      [Ref Enq: 0.0 ms]
      [Free CSet: 0.6 ms]
   [Eden: 852.0M(852.0M)->0.0B(854.0M) Survivors: 70.0M->68.0M Heap: 1082.8M(1538.0M)->229.3M(1538.0M)]
 [Times: user=0.24 sys=0.01, real=0.03 secs] 
322.487: Total time for which application threads were stopped: 0.0322340 seconds, Stopping threads took: 0.0000620 seconds
322.929: Application time: 0.4416200 seconds
322.929: [GC pause (young), 0.0316990 secs]
   [Parallel Time: 30.4 ms, GC Workers: 8]
      [GC Worker Start (ms): Min: 322929.1, Avg: 322929.2, Max: 322929.2, Diff: 0.1]
      [Ext Root Scanning (ms): Min: 0.7, Avg: 0.8, Max: 0.8, Diff: 0.1, Sum: 6.0]
      [Update RS (ms): Min: 0.2, Avg: 0.3, Max: 0.5, Diff: 0.3, Sum: 2.4]
         [Processed Buffers: Min: 1, Avg: 2.1, Max: 4, Diff: 3, Sum: 17]
      [Scan RS (ms): Min: 0.2, Avg: 0.4, Max: 0.4, Diff: 0.2, Sum: 3.0]
      [Code Root Scanning (ms): Min: 0.0, Avg: 0.0, Max: 0.0, Diff: 0.0, Sum: 0.0]
      [Object Copy (ms): Min: 28.8, Avg: 28.9, Max: 28.9, Diff: 0.1, Sum: 230.9]
      [Termination (ms): Min: 0.0, Avg: 0.0, Max: 0.0, Diff: 0.0, Sum: 0.0]
      [GC Worker Other (ms): Min: 0.0, Avg: 0.0, Max: 0.1, Diff: 0.0, Sum: 0.4]
      [GC Worker Total (ms): Min: 30.3, Avg: 30.3, Max: 30.4, Diff: 0.1, Sum: 242.7]
      [GC Worker End (ms): Min: 322959.5, Avg: 322959.5, Max: 322959.5, Diff: 0.0]
   [Code Root Fixup: 0.0 ms]
   [Code Root Migration: 0.1 ms]
   [Clear CT: 0.4 ms]
   [Other: 0.8 ms]
      [Choose CSet: 0.0 ms]
      [Ref Proc: 0.1 ms]
      [Ref Enq: 0.0 ms]
      [Free CSet: 0.6 ms]
   [Eden: 854.0M(854.0M)->0.0B(855.0M) Survivors: 68.0M->67.0M Heap: 1083.3M(1538.0M)->228.3M(1538.0M)]
 [Times: user=0.25 sys=0.00, real=0.03 secs] 
322.961: Total time for which application threads were stopped: 0.0318700 seconds, Stopping threads took: 0.0000330 seconds
323.406: Application time: 0.4448340 seconds
323.406: [GC pause (young), 0.0329000 secs]
   [Parallel Time: 31.6 ms, GC Workers: 8]
      [GC Worker Start (ms): Min: 323405.9, Avg: 323405.9, Max: 323405.9, Diff: 0.1]
      [Ext Root Scanning (ms): Min: 0.7, Avg: 0.8, Max: 0.8, Diff: 0.1, Sum: 6.3]
      [Update RS (ms): Min: 0.2, Avg: 0.3, Max: 0.4, Diff: 0.2, Sum: 2.4]
         [Processed Buffers: Min: 1, Avg: 2.1, Max: 3, Diff: 2, Sum: 17]
      [Scan RS (ms): Min: 0.2, Avg: 0.4, Max: 0.4, Diff: 0.2, Sum: 2.9]
      [Code Root Scanning (ms): Min: 0.0, Avg: 0.0, Max: 0.0, Diff: 0.0, Sum: 0.0]
      [Object Copy (ms): Min: 30.0, Avg: 30.0, Max: 30.0, Diff: 0.0, Sum: 240.1]
      [Termination (ms): Min: 0.0, Avg: 0.0, Max: 0.0, Diff: 0.0, Sum: 0.0]
      [GC Worker Other (ms): Min: 0.0, Avg: 0.1, Max: 0.1, Diff: 0.0, Sum: 0.4]
      [GC Worker Total (ms): Min: 31.5, Avg: 31.5, Max: 31.6, Diff: 0.1, Sum: 252.3]
      [GC Worker End (ms): Min: 323437.4, Avg: 323437.4, Max: 323437.5, Diff: 0.0]
   [Code Root Fixup: 0.0 ms]
   [Code Root Migration: 0.1 ms]
   [Clear CT: 0.4 ms]
   [Other: 0.8 ms]
      [Choose CSet: 0.0 ms]
      [Ref Proc: 0.1 ms]
      [Ref Enq: 0.0 ms]
      [Free CSet: 0.6 ms]
   [Eden: 855.0M(855.0M)->0.0B(851.0M) Survivors: 67.0M->71.0M Heap: 1083.3M(1538.0M)->231.8M(1538.0M)]
 [Times: user=0.26 sys=0.00, real=0.03 secs] 
323.439: Total time for which application threads were stopped: 0.0331120 seconds, Stopping threads took: 0.0000510 seconds
323.877: Application time: 0.4377640 seconds
323.877: [GC pause (young), 0.0328860 secs]
   [Parallel Time: 31.6 ms, GC Workers: 8]
      [GC Worker Start (ms): Min: 323876.7, Avg: 323876.8, Max: 323876.8, Diff: 0.1]
      [Ext Root Scanning (ms): Min: 0.7, Avg: 0.8, Max: 0.8, Diff: 0.1, Sum: 6.3]
      [Update RS (ms): Min: 0.2, Avg: 0.3, Max: 0.4, Diff: 0.2, Sum: 2.3]
         [Processed Buffers: Min: 1, Avg: 2.1, Max: 4, Diff: 3, Sum: 17]
      [Scan RS (ms): Min: 0.2, Avg: 0.3, Max: 0.4, Diff: 0.2, Sum: 2.8]
      [Code Root Scanning (ms): Min: 0.0, Avg: 0.0, Max: 0.0, Diff: 0.0, Sum: 0.0]
      [Object Copy (ms): Min: 30.0, Avg: 30.1, Max: 30.1, Diff: 0.0, Sum: 240.4]
      [Termination (ms): Min: 0.0, Avg: 0.0, Max: 0.0, Diff: 0.0, Sum: 0.0]
      [GC Worker Other (ms): Min: 0.0, Avg: 0.0, Max: 0.1, Diff: 0.0, Sum: 0.4]
      [GC Worker Total (ms): Min: 31.5, Avg: 31.5, Max: 31.6, Diff: 0.1, Sum: 252.3]
      [GC Worker End (ms): Min: 323908.3, Avg: 323908.3, Max: 323908.3, Diff: 0.0]
   [Code Root Fixup: 0.0 ms]
   [Code Root Migration: 0.1 ms]
   [Clear CT: 0.4 ms]
   [Other: 0.7 ms]
      [Choose CSet: 0.0 ms]
      [Ref Proc: 0.1 ms]
      [Ref Enq: 0.0 ms]
      [Free CSet: 0.6 ms]
   [Eden: 851.0M(851.0M)->0.0B(851.0M) Survivors: 71.0M->71.0M Heap: 1082.8M(1538.0M)->232.3M(1538.0M)]
 [Times: user=0.25 sys=0.00, real=0.03 secs] 
323.910: Total time for which application threads were stopped: 0.0330850 seconds, Stopping threads took: 0.0000450 seconds
324.349: Application time: 0.4395400 seconds
324.349: [GC pause (young), 0.0324850 secs]
   [Parallel Time: 31.2 ms, GC Workers: 8]
      [GC Worker Start (ms): Min: 324349.4, Avg: 324349.4, Max: 324349.4, Diff: 0.1]
      [Ext Root Scanning (ms): Min: 0.7, Avg: 0.8, Max: 0.8, Diff: 0.1, Sum: 6.2]
      [Update RS (ms): Min: 0.2, Avg: 0.3, Max: 0.4, Diff: 0.2, Sum: 2.3]
         [Processed Buffers: Min: 1, Avg: 2.1, Max: 4, Diff: 3, Sum: 17]
      [Scan RS (ms): Min: 0.2, Avg: 0.4, Max: 0.4, Diff: 0.2, Sum: 2.8]
      [Code Root Scanning (ms): Min: 0.0, Avg: 0.0, Max: 0.0, Diff: 0.0, Sum: 0.0]
      [Object Copy (ms): Min: 29.7, Avg: 29.7, Max: 29.7, Diff: 0.0, Sum: 237.4]
      [Termination (ms): Min: 0.0, Avg: 0.0, Max: 0.0, Diff: 0.0, Sum: 0.0]
      [GC Worker Other (ms): Min: 0.0, Avg: 0.0, Max: 0.1, Diff: 0.0, Sum: 0.4]
      [GC Worker Total (ms): Min: 31.1, Avg: 31.1, Max: 31.2, Diff: 0.1, Sum: 249.2]
      [GC Worker End (ms): Min: 324380.5, Avg: 324380.5, Max: 324380.6, Diff: 0.0]
   [Code Root Fixup: 0.1 ms]
   [Code Root Migration: 0.1 ms]
   [Clear CT: 0.4 ms]
   [Other: 0.7 ms]
      [Choose CSet: 0.0 ms]
      [Ref Proc: 0.1 ms]
      [Ref Enq: 0.0 ms]
      [Free CSet: 0.6 ms]
   [Eden: 851.0M(851.0M)->0.0B(851.0M) Survivors: 71.0M->71.0M Heap: 1083.3M(1538.0M)->232.4M(1538.0M)]
 [Times: user=0.25 sys=0.00, real=0.03 secs] 
324.382: Total time for which application threads were stopped: 0.0326720 seconds, Stopping threads took: 0.0000300 seconds
324.825: Application time: 0.4427040 seconds
324.825: [GC pause (young), 0.0314370 secs]
   [Parallel Time: 30.2 ms, GC Workers: 8]
      [GC Worker Start (ms): Min: 324824.7, Avg: 324825.4, Max: 324827.4, Diff: 2.6]
      [Ext Root Scanning (ms): Min: 0.0, Avg: 0.6, Max: 0.9, Diff: 0.9, Sum: 4.6]
      [Update RS (ms): Min: 0.0, Avg: 0.2, Max: 0.4, Diff: 0.4, Sum: 2.0]
         [Processed Buffers: Min: 0, Avg: 2.1, Max: 4, Diff: 4, Sum: 17]
      [Scan RS (ms): Min: 0.0, Avg: 0.3, Max: 0.4, Diff: 0.4, Sum: 2.1]
      [Code Root Scanning (ms): Min: 0.0, Avg: 0.0, Max: 0.0, Diff: 0.0, Sum: 0.0]
      [Object Copy (ms): Min: 27.4, Avg: 28.3, Max: 28.6, Diff: 1.2, Sum: 226.4]
      [Termination (ms): Min: 0.0, Avg: 0.0, Max: 0.0, Diff: 0.0, Sum: 0.0]
      [GC Worker Other (ms): Min: 0.0, Avg: 0.1, Max: 0.1, Diff: 0.0, Sum: 0.4]
      [GC Worker Total (ms): Min: 27.5, Avg: 29.5, Max: 30.1, Diff: 2.6, Sum: 235.6]
      [GC Worker End (ms): Min: 324854.9, Avg: 324854.9, Max: 324854.9, Diff: 0.0]
   [Code Root Fixup: 0.0 ms]
   [Code Root Migration: 0.1 ms]
   [Clear CT: 0.4 ms]
   [Other: 0.7 ms]
      [Choose CSet: 0.0 ms]
      [Ref Proc: 0.1 ms]
      [Ref Enq: 0.0 ms]
      [Free CSet: 0.6 ms]
   [Eden: 851.0M(851.0M)->0.0B(854.0M) Survivors: 71.0M->68.0M Heap: 1083.4M(1538.0M)->228.9M(1538.0M)]
 [Times: user=0.24 sys=0.00, real=0.03 secs] 
324.856: Total time for which application threads were stopped: 0.0316450 seconds, Stopping threads took: 0.0000560 seconds
325.305: Application time: 0.4487080 seconds
325.305: [GC pause (young), 0.0321790 secs]
   [Parallel Time: 30.9 ms, GC Workers: 8]
      [GC Worker Start (ms): Min: 325305.1, Avg: 325305.4, Max: 325307.4, Diff: 2.2]
      [Ext Root Scanning (ms): Min: 0.0, Avg: 0.7, Max: 0.9, Diff: 0.8, Sum: 5.5]
      [Update RS (ms): Min: 0.0, Avg: 0.3, Max: 0.5, Diff: 0.5, Sum: 2.2]
         [Processed Buffers: Min: 0, Avg: 2.1, Max: 4, Diff: 4, Sum: 17]
      [Scan RS (ms): Min: 0.0, Avg: 0.3, Max: 0.4, Diff: 0.4, Sum: 2.5]
      [Code Root Scanning (ms): Min: 0.0, Avg: 0.0, Max: 0.0, Diff: 0.0, Sum: 0.0]
      [Object Copy (ms): Min: 28.5, Avg: 29.2, Max: 29.3, Diff: 0.8, Sum: 233.7]
      [Termination (ms): Min: 0.0, Avg: 0.0, Max: 0.0, Diff: 0.0, Sum: 0.0]
      [GC Worker Other (ms): Min: 0.0, Avg: 0.0, Max: 0.1, Diff: 0.0, Sum: 0.4]
      [GC Worker Total (ms): Min: 28.6, Avg: 30.5, Max: 30.9, Diff: 2.3, Sum: 244.4]
      [GC Worker End (ms): Min: 325336.0, Avg: 325336.0, Max: 325336.0, Diff: 0.0]
   [Code Root Fixup: 0.0 ms]
   [Code Root Migration: 0.1 ms]
   [Clear CT: 0.4 ms]
   [Other: 0.7 ms]
      [Choose CSet: 0.0 ms]
      [Ref Proc: 0.1 ms]
      [Ref Enq: 0.0 ms]
      [Free CSet: 0.6 ms]
   [Eden: 854.0M(854.0M)->0.0B(853.0M) Survivors: 68.0M->69.0M Heap: 1082.9M(1538.0M)->229.9M(1538.0M)]
 [Times: user=0.25 sys=0.00, real=0.03 secs] 
325.337: Total time for which application threads were stopped: 0.0324030 seconds, Stopping threads took: 0.0000710 seconds
325.784: Application time: 0.4464080 seconds
325.784: [GC pause (young), 0.0315730 secs]
   [Parallel Time: 30.3 ms, GC Workers: 8]
      [GC Worker Start (ms): Min: 325783.9, Avg: 325784.0, Max: 325784.0, Diff: 0.1]
      [Ext Root Scanning (ms): Min: 0.7, Avg: 0.7, Max: 0.8, Diff: 0.1, Sum: 6.0]
      [Update RS (ms): Min: 0.2, Avg: 0.3, Max: 0.5, Diff: 0.3, Sum: 2.4]
         [Processed Buffers: Min: 1, Avg: 2.1, Max: 4, Diff: 3, Sum: 17]
      [Scan RS (ms): Min: 0.2, Avg: 0.4, Max: 0.4, Diff: 0.2, Sum: 2.9]
      [Code Root Scanning (ms): Min: 0.0, Avg: 0.0, Max: 0.0, Diff: 0.0, Sum: 0.0]
      [Object Copy (ms): Min: 28.7, Avg: 28.8, Max: 28.8, Diff: 0.1, Sum: 230.1]
      [Termination (ms): Min: 0.0, Avg: 0.0, Max: 0.0, Diff: 0.0, Sum: 0.0]
      [GC Worker Other (ms): Min: 0.0, Avg: 0.1, Max: 0.1, Diff: 0.0, Sum: 0.4]
      [GC Worker Total (ms): Min: 30.2, Avg: 30.2, Max: 30.3, Diff: 0.1, Sum: 241.9]
      [GC Worker End (ms): Min: 325814.2, Avg: 325814.2, Max: 325814.2, Diff: 0.0]
   [Code Root Fixup: 0.0 ms]
   [Code Root Migration: 0.1 ms]
   [Clear CT: 0.4 ms]
   [Other: 0.7 ms]
      [Choose CSet: 0.0 ms]
      [Ref Proc: 0.1 ms]
      [Ref Enq: 0.0 ms]
      [Free CSet: 0.6 ms]
   [Eden: 853.0M(853.0M)->0.0B(854.0M) Survivors: 69.0M->68.0M Heap: 1082.9M(1538.0M)->228.9M(1538.0M)]
 [Times: user=0.25 sys=0.00, real=0.03 secs] 
325.816: Total time for which application threads were stopped: 0.0317960 seconds, Stopping threads took: 0.0000810 seconds
326.262: Application time: 0.4466390 seconds
326.262: [GC pause (young), 0.0328150 secs]
   [Parallel Time: 31.6 ms, GC Workers: 8]
      [GC Worker Start (ms): Min: 326262.4, Avg: 326262.4, Max: 326262.4, Diff: 0.1]
      [Ext Root Scanning (ms): Min: 0.7, Avg: 0.8, Max: 0.8, Diff: 0.1, Sum: 6.2]
      [Update RS (ms): Min: 0.2, Avg: 0.3, Max: 0.5, Diff: 0.3, Sum: 2.5]
         [Processed Buffers: Min: 1, Avg: 2.1, Max: 3, Diff: 2, Sum: 17]
      [Scan RS (ms): Min: 0.2, Avg: 0.3, Max: 0.4, Diff: 0.2, Sum: 2.7]
      [Code Root Scanning (ms): Min: 0.0, Avg: 0.0, Max: 0.0, Diff: 0.0, Sum: 0.0]
      [Object Copy (ms): Min: 30.0, Avg: 30.1, Max: 30.1, Diff: 0.0, Sum: 240.5]
      [Termination (ms): Min: 0.0, Avg: 0.0, Max: 0.0, Diff: 0.0, Sum: 0.0]
      [GC Worker Other (ms): Min: 0.0, Avg: 0.1, Max: 0.1, Diff: 0.0, Sum: 0.5]
      [GC Worker Total (ms): Min: 31.5, Avg: 31.5, Max: 31.6, Diff: 0.1, Sum: 252.3]
      [GC Worker End (ms): Min: 326293.9, Avg: 326293.9, Max: 326293.9, Diff: 0.0]
   [Code Root Fixup: 0.0 ms]
   [Code Root Migration: 0.1 ms]
   [Clear CT: 0.3 ms]
   [Other: 0.7 ms]
      [Choose CSet: 0.0 ms]
      [Ref Proc: 0.1 ms]
      [Ref Enq: 0.0 ms]
      [Free CSet: 0.6 ms]
   [Eden: 854.0M(854.0M)->0.0B(853.0M) Survivors: 68.0M->69.0M Heap: 1082.9M(1538.0M)->230.4M(1538.0M)]
 [Times: user=0.26 sys=0.00, real=0.04 secs] 
326.295: Total time for which application threads were stopped: 0.0330260 seconds, Stopping threads took: 0.0000390 seconds
326.737: Application time: 0.4413470 seconds
326.737: [GC pause (young), 0.0324230 secs]
   [Parallel Time: 31.2 ms, GC Workers: 8]
      [GC Worker Start (ms): Min: 326736.8, Avg: 326736.8, Max: 326736.8, Diff: 0.1]
      [Ext Root Scanning (ms): Min: 0.6, Avg: 0.8, Max: 0.8, Diff: 0.2, Sum: 6.0]
      [Update RS (ms): Min: 0.2, Avg: 0.3, Max: 0.4, Diff: 0.2, Sum: 2.4]
         [Processed Buffers: Min: 1, Avg: 2.1, Max: 3, Diff: 2, Sum: 17]
      [Scan RS (ms): Min: 0.2, Avg: 0.4, Max: 0.4, Diff: 0.2, Sum: 2.9]
      [Code Root Scanning (ms): Min: 0.0, Avg: 0.0, Max: 0.0, Diff: 0.0, Sum: 0.1]
      [Object Copy (ms): Min: 29.6, Avg: 29.6, Max: 29.7, Diff: 0.1, Sum: 237.1]
      [Termination (ms): Min: 0.0, Avg: 0.0, Max: 0.0, Diff: 0.0, Sum: 0.0]
      [GC Worker Other (ms): Min: 0.0, Avg: 0.0, Max: 0.1, Diff: 0.0, Sum: 0.4]
      [GC Worker Total (ms): Min: 31.1, Avg: 31.1, Max: 31.1, Diff: 0.1, Sum: 248.9]
      [GC Worker End (ms): Min: 326767.9, Avg: 326767.9, Max: 326767.9, Diff: 0.0]
   [Code Root Fixup: 0.1 ms]
   [Code Root Migration: 0.1 ms]
   [Clear CT: 0.4 ms]
   [Other: 0.7 ms]
      [Choose CSet: 0.0 ms]
      [Ref Proc: 0.1 ms]
      [Ref Enq: 0.0 ms]
      [Free CSet: 0.6 ms]
   [Eden: 853.0M(853.0M)->0.0B(852.0M) Survivors: 69.0M->70.0M Heap: 1083.4M(1538.0M)->230.9M(1538.0M)]
 [Times: user=0.25 sys=0.00, real=0.03 secs] 
326.769: Total time for which application threads were stopped: 0.0326480 seconds, Stopping threads took: 0.0000830 seconds
327.209: Application time: 0.4393100 seconds
327.209: [GC pause (young), 0.0336650 secs]
   [Parallel Time: 32.3 ms, GC Workers: 8]
      [GC Worker Start (ms): Min: 327208.7, Avg: 327208.7, Max: 327208.8, Diff: 0.1]
      [Ext Root Scanning (ms): Min: 0.7, Avg: 0.7, Max: 0.8, Diff: 0.1, Sum: 6.0]
      [Update RS (ms): Min: 0.2, Avg: 0.5, Max: 2.0, Diff: 1.8, Sum: 4.1]
         [Processed Buffers: Min: 1, Avg: 2.1, Max: 4, Diff: 3, Sum: 17]
      [Scan RS (ms): Min: 0.0, Avg: 0.3, Max: 0.4, Diff: 0.4, Sum: 2.6]
      [Code Root Scanning (ms): Min: 0.0, Avg: 0.0, Max: 0.0, Diff: 0.0, Sum: 0.1]
      [Object Copy (ms): Min: 29.3, Avg: 30.6, Max: 30.8, Diff: 1.4, Sum: 244.5]
      [Termination (ms): Min: 0.0, Avg: 0.0, Max: 0.0, Diff: 0.0, Sum: 0.0]
      [GC Worker Other (ms): Min: 0.0, Avg: 0.1, Max: 0.1, Diff: 0.0, Sum: 0.4]
      [GC Worker Total (ms): Min: 32.2, Avg: 32.2, Max: 32.2, Diff: 0.1, Sum: 257.7]
      [GC Worker End (ms): Min: 327240.9, Avg: 327240.9, Max: 327241.0, Diff: 0.0]
   [Code Root Fixup: 0.1 ms]
   [Code Root Migration: 0.1 ms]
   [Clear CT: 0.4 ms]
   [Other: 0.8 ms]
      [Choose CSet: 0.0 ms]
      [Ref Proc: 0.1 ms]
      [Ref Enq: 0.0 ms]
      [Free CSet: 0.6 ms]
   [Eden: 852.0M(852.0M)->0.0B(850.0M) Survivors: 70.0M->72.0M Heap: 1082.9M(1538.0M)->232.9M(1538.0M)]
 [Times: user=0.26 sys=0.00, real=0.04 secs] 
327.244: Total time for which application threads were stopped: 0.0353880 seconds, Stopping threads took: 0.0000460 seconds
327.684: Application time: 0.4398190 seconds
327.684: [GC pause (young), 0.0320340 secs]
   [Parallel Time: 30.8 ms, GC Workers: 8]
      [GC Worker Start (ms): Min: 327683.9, Avg: 327683.9, Max: 327684.0, Diff: 0.1]
      [Ext Root Scanning (ms): Min: 0.7, Avg: 0.8, Max: 0.9, Diff: 0.1, Sum: 6.3]
      [Update RS (ms): Min: 0.2, Avg: 0.3, Max: 0.4, Diff: 0.2, Sum: 2.3]
         [Processed Buffers: Min: 1, Avg: 2.1, Max: 3, Diff: 2, Sum: 17]
      [Scan RS (ms): Min: 0.2, Avg: 0.3, Max: 0.4, Diff: 0.2, Sum: 2.8]
      [Code Root Scanning (ms): Min: 0.0, Avg: 0.0, Max: 0.0, Diff: 0.0, Sum: 0.0]
      [Object Copy (ms): Min: 29.1, Avg: 29.1, Max: 29.2, Diff: 0.0, Sum: 233.2]
      [Termination (ms): Min: 0.0, Avg: 0.0, Max: 0.0, Diff: 0.0, Sum: 0.0]
      [GC Worker Other (ms): Min: 0.0, Avg: 0.1, Max: 0.1, Diff: 0.1, Sum: 0.5]
      [GC Worker Total (ms): Min: 30.6, Avg: 30.7, Max: 30.7, Diff: 0.1, Sum: 245.2]
      [GC Worker End (ms): Min: 327714.6, Avg: 327714.6, Max: 327714.6, Diff: 0.1]
   [Code Root Fixup: 0.1 ms]
   [Code Root Migration: 0.1 ms]
   [Clear CT: 0.4 ms]
   [Other: 0.7 ms]
      [Choose CSet: 0.0 ms]
      [Ref Proc: 0.1 ms]
      [Ref Enq: 0.0 ms]
      [Free CSet: 0.6 ms]
   [Eden: 850.0M(850.0M)->0.0B(853.0M) Survivors: 72.0M->69.0M Heap: 1082.9M(1538.0M)->230.4M(1538.0M)]
 [Times: user=0.25 sys=0.00, real=0.03 secs] 
327.716: Total time for which application threads were stopped: 0.0322520 seconds, Stopping threads took: 0.0000660 seconds
328.159: Application time: 0.4432230 seconds
328.159: [GC pause (young), 0.0322750 secs]
   [Parallel Time: 30.9 ms, GC Workers: 8]
      [GC Worker Start (ms): Min: 328159.4, Avg: 328159.9, Max: 328163.4, Diff: 4.0]
      [Ext Root Scanning (ms): Min: 0.0, Avg: 0.7, Max: 0.9, Diff: 0.9, Sum: 5.6]
      [Update RS (ms): Min: 0.0, Avg: 0.3, Max: 0.4, Diff: 0.4, Sum: 2.3]
         [Processed Buffers: Min: 0, Avg: 2.1, Max: 4, Diff: 4, Sum: 17]
      [Scan RS (ms): Min: 0.2, Avg: 0.3, Max: 0.4, Diff: 0.2, Sum: 2.6]
      [Code Root Scanning (ms): Min: 0.0, Avg: 0.0, Max: 0.0, Diff: 0.0, Sum: 0.0]
      [Object Copy (ms): Min: 26.6, Avg: 29.0, Max: 29.4, Diff: 2.8, Sum: 232.0]
      [Termination (ms): Min: 0.0, Avg: 0.0, Max: 0.0, Diff: 0.0, Sum: 0.0]
      [GC Worker Other (ms): Min: 0.0, Avg: 0.1, Max: 0.1, Diff: 0.0, Sum: 0.5]
      [GC Worker Total (ms): Min: 26.9, Avg: 30.4, Max: 30.9, Diff: 4.0, Sum: 243.0]
      [GC Worker End (ms): Min: 328190.3, Avg: 328190.3, Max: 328190.3, Diff: 0.0]
   [Code Root Fixup: 0.0 ms]
   [Code Root Migration: 0.1 ms]
   [Clear CT: 0.4 ms]
   [Other: 0.8 ms]
      [Choose CSet: 0.0 ms]
      [Ref Proc: 0.1 ms]
      [Ref Enq: 0.0 ms]
      [Free CSet: 0.6 ms]
   [Eden: 853.0M(853.0M)->0.0B(852.0M) Survivors: 69.0M->70.0M Heap: 1083.4M(1538.0M)->230.9M(1538.0M)]
 [Times: user=0.25 sys=0.00, real=0.04 secs] 
328.192: Total time for which application threads were stopped: 0.0324720 seconds, Stopping threads took: 0.0000330 seconds
328.632: Application time: 0.4402900 seconds
328.632: [GC pause (young), 0.0325790 secs]
   [Parallel Time: 31.3 ms, GC Workers: 8]
      [GC Worker Start (ms): Min: 328632.1, Avg: 328632.2, Max: 328632.2, Diff: 0.1]
      [Ext Root Scanning (ms): Min: 0.7, Avg: 0.8, Max: 0.9, Diff: 0.2, Sum: 6.1]
      [Update RS (ms): Min: 0.2, Avg: 0.3, Max: 0.4, Diff: 0.3, Sum: 2.4]
         [Processed Buffers: Min: 1, Avg: 2.1, Max: 3, Diff: 2, Sum: 17]
      [Scan RS (ms): Min: 0.3, Avg: 0.4, Max: 0.4, Diff: 0.2, Sum: 3.0]
      [Code Root Scanning (ms): Min: 0.0, Avg: 0.0, Max: 0.0, Diff: 0.0, Sum: 0.0]
      [Object Copy (ms): Min: 29.8, Avg: 29.8, Max: 29.9, Diff: 0.1, Sum: 238.2]
      [Termination (ms): Min: 0.0, Avg: 0.0, Max: 0.0, Diff: 0.0, Sum: 0.0]
      [GC Worker Other (ms): Min: 0.0, Avg: 0.1, Max: 0.1, Diff: 0.0, Sum: 0.4]
      [GC Worker Total (ms): Min: 31.2, Avg: 31.3, Max: 31.3, Diff: 0.1, Sum: 250.2]
      [GC Worker End (ms): Min: 328663.4, Avg: 328663.4, Max: 328663.5, Diff: 0.0]
   [Code Root Fixup: 0.0 ms]
   [Code Root Migration: 0.1 ms]
   [Clear CT: 0.4 ms]
   [Other: 0.7 ms]
      [Choose CSet: 0.0 ms]
      [Ref Proc: 0.1 ms]
      [Ref Enq: 0.0 ms]
      [Free CSet: 0.6 ms]
   [Eden: 852.0M(852.0M)->0.0B(853.0M) Survivors: 70.0M->69.0M Heap: 1082.9M(1538.0M)->230.5M(1538.0M)]
 [Times: user=0.25 sys=0.00, real=0.03 secs] 
328.665: Total time for which application threads were stopped: 0.0327510 seconds, Stopping threads took: 0.0000260 seconds
329.105: Application time: 0.4398390 seconds
329.105: [GC pause (young), 0.0314710 secs]
   [Parallel Time: 30.2 ms, GC Workers: 8]
      [GC Worker Start (ms): Min: 329104.7, Avg: 329106.1, Max: 329115.4, Diff: 10.7]
      [Ext Root Scanning (ms): Min: 0.0, Avg: 0.7, Max: 0.9, Diff: 0.8, Sum: 5.5]
      [Update RS (ms): Min: 0.0, Avg: 0.3, Max: 0.4, Diff: 0.4, Sum: 2.3]
         [Processed Buffers: Min: 0, Avg: 2.1, Max: 4, Diff: 4, Sum: 17]
      [Scan RS (ms): Min: 0.3, Avg: 0.4, Max: 0.4, Diff: 0.1, Sum: 2.9]
      [Code Root Scanning (ms): Min: 0.0, Avg: 0.0, Max: 0.0, Diff: 0.0, Sum: 0.0]
      [Object Copy (ms): Min: 19.0, Avg: 27.4, Max: 28.6, Diff: 9.6, Sum: 219.1]
      [Termination (ms): Min: 0.0, Avg: 0.0, Max: 0.0, Diff: 0.0, Sum: 0.0]
      [GC Worker Other (ms): Min: 0.0, Avg: 0.1, Max: 0.1, Diff: 0.0, Sum: 0.5]
      [GC Worker Total (ms): Min: 19.4, Avg: 28.8, Max: 30.2, Diff: 10.7, Sum: 230.3]
      [GC Worker End (ms): Min: 329134.8, Avg: 329134.9, Max: 329134.9, Diff: 0.0]
   [Code Root Fixup: 0.0 ms]
   [Code Root Migration: 0.1 ms]
   [Clear CT: 0.4 ms]
   [Other: 0.7 ms]
      [Choose CSet: 0.0 ms]
      [Ref Proc: 0.1 ms]
      [Ref Enq: 0.0 ms]
      [Free CSet: 0.6 ms]
   [Eden: 853.0M(853.0M)->0.0B(854.0M) Survivors: 69.0M->68.0M Heap: 1083.5M(1538.0M)->229.0M(1538.0M)]
 [Times: user=0.23 sys=0.00, real=0.03 secs] 
329.136: Total time for which application threads were stopped: 0.0316500 seconds, Stopping threads took: 0.0000140 seconds
329.580: Application time: 0.4433860 seconds
329.580: [GC pause (young), 0.0318180 secs]
   [Parallel Time: 30.5 ms, GC Workers: 8]
      [GC Worker Start (ms): Min: 329579.8, Avg: 329579.8, Max: 329579.8, Diff: 0.1]
      [Ext Root Scanning (ms): Min: 0.7, Avg: 0.8, Max: 0.8, Diff: 0.1, Sum: 6.1]
      [Update RS (ms): Min: 0.2, Avg: 0.3, Max: 0.4, Diff: 0.2, Sum: 2.3]
         [Processed Buffers: Min: 1, Avg: 2.1, Max: 4, Diff: 3, Sum: 17]
      [Scan RS (ms): Min: 0.3, Avg: 0.4, Max: 0.4, Diff: 0.2, Sum: 3.0]
      [Code Root Scanning (ms): Min: 0.0, Avg: 0.0, Max: 0.0, Diff: 0.0, Sum: 0.0]
      [Object Copy (ms): Min: 28.9, Avg: 28.9, Max: 29.0, Diff: 0.1, Sum: 231.5]
      [Termination (ms): Min: 0.0, Avg: 0.0, Max: 0.0, Diff: 0.0, Sum: 0.0]
      [GC Worker Other (ms): Min: 0.0, Avg: 0.1, Max: 0.1, Diff: 0.0, Sum: 0.4]
      [GC Worker Total (ms): Min: 30.4, Avg: 30.4, Max: 30.5, Diff: 0.1, Sum: 243.4]
      [GC Worker End (ms): Min: 329610.2, Avg: 329610.2, Max: 329610.2, Diff: 0.0]
   [Code Root Fixup: 0.0 ms]
   [Code Root Migration: 0.1 ms]
   [Clear CT: 0.4 ms]
   [Other: 0.8 ms]
      [Choose CSet: 0.0 ms]
      [Ref Proc: 0.1 ms]
      [Ref Enq: 0.0 ms]
      [Free CSet: 0.6 ms]
   [Eden: 854.0M(854.0M)->0.0B(855.0M) Survivors: 68.0M->67.0M Heap: 1083.0M(1538.0M)->228.5M(1538.0M)]
 [Times: user=0.25 sys=0.00, real=0.04 secs] 
329.612: Total time for which application threads were stopped: 0.0319960 seconds, Stopping threads took: 0.0000370 seconds
330.060: Application time: 0.4483180 seconds
330.060: [GC pause (young), 0.0327030 secs]
   [Parallel Time: 31.5 ms, GC Workers: 8]
      [GC Worker Start (ms): Min: 330060.1, Avg: 330060.1, Max: 330060.2, Diff: 0.1]
      [Ext Root Scanning (ms): Min: 0.7, Avg: 0.8, Max: 0.8, Diff: 0.1, Sum: 6.2]
      [Update RS (ms): Min: 0.2, Avg: 0.3, Max: 0.4, Diff: 0.2, Sum: 2.4]
         [Processed Buffers: Min: 1, Avg: 2.1, Max: 3, Diff: 2, Sum: 17]
      [Scan RS (ms): Min: 0.3, Avg: 0.3, Max: 0.4, Diff: 0.1, Sum: 2.7]
      [Code Root Scanning (ms): Min: 0.0, Avg: 0.0, Max: 0.0, Diff: 0.0, Sum: 0.0]
      [Object Copy (ms): Min: 29.9, Avg: 29.9, Max: 30.0, Diff: 0.0, Sum: 239.5]
      [Termination (ms): Min: 0.0, Avg: 0.0, Max: 0.0, Diff: 0.0, Sum: 0.0]
      [GC Worker Other (ms): Min: 0.0, Avg: 0.0, Max: 0.1, Diff: 0.0, Sum: 0.4]
      [GC Worker Total (ms): Min: 31.4, Avg: 31.4, Max: 31.5, Diff: 0.1, Sum: 251.3]
      [GC Worker End (ms): Min: 330091.5, Avg: 330091.6, Max: 330091.6, Diff: 0.0]
   [Code Root Fixup: 0.0 ms]
   [Code Root Migration: 0.1 ms]
   [Clear CT: 0.4 ms]
   [Other: 0.7 ms]
      [Choose CSet: 0.0 ms]
      [Ref Proc: 0.1 ms]
      [Ref Enq: 0.0 ms]
      [Free CSet: 0.6 ms]
   [Eden: 855.0M(855.0M)->0.0B(852.0M) Survivors: 67.0M->70.0M Heap: 1083.5M(1538.0M)->231.0M(1538.0M)]
 [Times: user=0.26 sys=0.00, real=0.04 secs] 
330.093: Total time for which application threads were stopped: 0.0329200 seconds, Stopping threads took: 0.0000520 seconds
330.537: Application time: 0.4445540 seconds
330.538: [GC pause (young), 0.0314730 secs]
   [Parallel Time: 30.2 ms, GC Workers: 8]
      [GC Worker Start (ms): Min: 330537.6, Avg: 330537.6, Max: 330537.6, Diff: 0.1]
      [Ext Root Scanning (ms): Min: 0.7, Avg: 0.8, Max: 0.8, Diff: 0.1, Sum: 6.2]
      [Update RS (ms): Min: 0.2, Avg: 0.3, Max: 0.4, Diff: 0.2, Sum: 2.3]
         [Processed Buffers: Min: 1, Avg: 2.1, Max: 3, Diff: 2, Sum: 17]
      [Scan RS (ms): Min: 0.3, Avg: 0.3, Max: 0.4, Diff: 0.1, Sum: 2.8]
      [Code Root Scanning (ms): Min: 0.0, Avg: 0.0, Max: 0.0, Diff: 0.0, Sum: 0.0]
      [Object Copy (ms): Min: 28.7, Avg: 28.7, Max: 28.7, Diff: 0.0, Sum: 229.7]
      [Termination (ms): Min: 0.0, Avg: 0.0, Max: 0.0, Diff: 0.0, Sum: 0.0]
      [GC Worker Other (ms): Min: 0.0, Avg: 0.0, Max: 0.1, Diff: 0.0, Sum: 0.3]
      [GC Worker Total (ms): Min: 30.1, Avg: 30.2, Max: 30.2, Diff: 0.1, Sum: 241.4]
      [GC Worker End (ms): Min: 330567.7, Avg: 330567.8, Max: 330567.8, Diff: 0.0]
   [Code Root Fixup: 0.0 ms]
   [Code Root Migration: 0.1 ms]
   [Clear CT: 0.4 ms]
   [Other: 0.7 ms]
      [Choose CSet: 0.0 ms]
      [Ref Proc: 0.1 ms]
      [Ref Enq: 0.0 ms]
      [Free CSet: 0.6 ms]
   [Eden: 852.0M(852.0M)->0.0B(853.0M) Survivors: 70.0M->69.0M Heap: 1083.0M(1538.0M)->230.0M(1538.0M)]
 [Times: user=0.25 sys=0.00, real=0.03 secs] 
330.569: Total time for which application threads were stopped: 0.0316580 seconds, Stopping threads took: 0.0000430 seconds
331.016: Application time: 0.4468390 seconds
331.016: [GC pause (young), 0.0329120 secs]
   [Parallel Time: 31.7 ms, GC Workers: 8]
      [GC Worker Start (ms): Min: 331016.1, Avg: 331016.1, Max: 331016.1, Diff: 0.1]
      [Ext Root Scanning (ms): Min: 0.7, Avg: 0.8, Max: 0.8, Diff: 0.1, Sum: 6.4]
      [Update RS (ms): Min: 0.2, Avg: 0.3, Max: 0.4, Diff: 0.1, Sum: 2.3]
         [Processed Buffers: Min: 1, Avg: 2.1, Max: 4, Diff: 3, Sum: 17]
      [Scan RS (ms): Min: 0.3, Avg: 0.4, Max: 0.4, Diff: 0.2, Sum: 2.9]
      [Code Root Scanning (ms): Min: 0.0, Avg: 0.0, Max: 0.0, Diff: 0.0, Sum: 0.0]
      [Object Copy (ms): Min: 30.1, Avg: 30.1, Max: 30.1, Diff: 0.0, Sum: 240.9]
      [Termination (ms): Min: 0.0, Avg: 0.0, Max: 0.0, Diff: 0.0, Sum: 0.0]
      [GC Worker Other (ms): Min: 0.0, Avg: 0.0, Max: 0.1, Diff: 0.0, Sum: 0.4]
      [GC Worker Total (ms): Min: 31.6, Avg: 31.6, Max: 31.7, Diff: 0.1, Sum: 252.9]
      [GC Worker End (ms): Min: 331047.7, Avg: 331047.7, Max: 331047.7, Diff: 0.0]
   [Code Root Fixup: 0.1 ms]
   [Code Root Migration: 0.1 ms]
   [Clear CT: 0.4 ms]
   [Other: 0.7 ms]
      [Choose CSet: 0.0 ms]
      [Ref Proc: 0.1 ms]
      [Ref Enq: 0.0 ms]
      [Free CSet: 0.6 ms]
   [Eden: 853.0M(853.0M)->0.0B(852.0M) Survivors: 69.0M->70.0M Heap: 1083.0M(1538.0M)->231.5M(1538.0M)]
 [Times: user=0.26 sys=0.00, real=0.03 secs] 
331.049: Total time for which application threads were stopped: 0.0331150 seconds, Stopping threads took: 0.0000490 seconds
331.492: Application time: 0.4429960 seconds
331.492: [GC pause (young), 0.0325960 secs]
   [Parallel Time: 31.3 ms, GC Workers: 8]
      [GC Worker Start (ms): Min: 331492.2, Avg: 331492.2, Max: 331492.3, Diff: 0.1]
      [Ext Root Scanning (ms): Min: 0.8, Avg: 0.8, Max: 0.8, Diff: 0.1, Sum: 6.4]
      [Update RS (ms): Min: 0.2, Avg: 0.3, Max: 0.4, Diff: 0.2, Sum: 2.3]
         [Processed Buffers: Min: 1, Avg: 2.1, Max: 3, Diff: 2, Sum: 17]
      [Scan RS (ms): Min: 0.2, Avg: 0.3, Max: 0.4, Diff: 0.2, Sum: 2.8]
      [Code Root Scanning (ms): Min: 0.0, Avg: 0.0, Max: 0.0, Diff: 0.0, Sum: 0.0]
      [Object Copy (ms): Min: 29.8, Avg: 29.8, Max: 29.8, Diff: 0.0, Sum: 238.3]
      [Termination (ms): Min: 0.0, Avg: 0.0, Max: 0.0, Diff: 0.0, Sum: 0.0]
      [GC Worker Other (ms): Min: 0.0, Avg: 0.0, Max: 0.1, Diff: 0.0, Sum: 0.3]
      [GC Worker Total (ms): Min: 31.2, Avg: 31.3, Max: 31.3, Diff: 0.1, Sum: 250.2]
      [GC Worker End (ms): Min: 331523.5, Avg: 331523.5, Max: 331523.5, Diff: 0.0]
   [Code Root Fixup: 0.0 ms]
   [Code Root Migration: 0.1 ms]
   [Clear CT: 0.4 ms]
   [Other: 0.7 ms]
      [Choose CSet: 0.0 ms]
      [Ref Proc: 0.1 ms]
      [Ref Enq: 0.0 ms]
      [Free CSet: 0.6 ms]
   [Eden: 852.0M(852.0M)->0.0B(851.0M) Survivors: 70.0M->71.0M Heap: 1083.5M(1538.0M)->232.0M(1538.0M)]
 [Times: user=0.26 sys=0.00, real=0.03 secs] 
331.525: Total time for which application threads were stopped: 0.0328200 seconds, Stopping threads took: 0.0000700 seconds
331.965: Application time: 0.4396940 seconds
331.965: [GC pause (young), 0.0315470 secs]
   [Parallel Time: 30.3 ms, GC Workers: 8]
      [GC Worker Start (ms): Min: 331964.7, Avg: 331964.7, Max: 331964.8, Diff: 0.1]
      [Ext Root Scanning (ms): Min: 0.7, Avg: 0.8, Max: 0.8, Diff: 0.1, Sum: 6.2]
      [Update RS (ms): Min: 0.2, Avg: 0.3, Max: 0.4, Diff: 0.1, Sum: 2.3]
         [Processed Buffers: Min: 1, Avg: 2.1, Max: 3, Diff: 2, Sum: 17]
      [Scan RS (ms): Min: 0.2, Avg: 0.4, Max: 0.4, Diff: 0.2, Sum: 2.9]
      [Code Root Scanning (ms): Min: 0.0, Avg: 0.0, Max: 0.0, Diff: 0.0, Sum: 0.0]
      [Object Copy (ms): Min: 28.7, Avg: 28.8, Max: 28.8, Diff: 0.0, Sum: 230.0]
      [Termination (ms): Min: 0.0, Avg: 0.0, Max: 0.0, Diff: 0.0, Sum: 0.0]
      [GC Worker Other (ms): Min: 0.0, Avg: 0.1, Max: 0.1, Diff: 0.0, Sum: 0.5]
      [GC Worker Total (ms): Min: 30.2, Avg: 30.2, Max: 30.3, Diff: 0.1, Sum: 241.9]
      [GC Worker End (ms): Min: 331994.9, Avg: 331995.0, Max: 331995.0, Diff: 0.0]
   [Code Root Fixup: 0.0 ms]
   [Code Root Migration: 0.1 ms]
   [Clear CT: 0.4 ms]
   [Other: 0.7 ms]
      [Choose CSet: 0.0 ms]
      [Ref Proc: 0.1 ms]
      [Ref Enq: 0.0 ms]
      [Free CSet: 0.6 ms]
   [Eden: 851.0M(851.0M)->0.0B(855.0M) Survivors: 71.0M->67.0M Heap: 1083.0M(1538.0M)->228.6M(1538.0M)]
 [Times: user=0.24 sys=0.00, real=0.03 secs] 
331.996: Total time for which application threads were stopped: 0.0317300 seconds, Stopping threads took: 0.0000240 seconds
332.439: Application time: 0.4426790 seconds
332.439: [GC pause (young), 0.0323530 secs]
   [Parallel Time: 31.1 ms, GC Workers: 8]
      [GC Worker Start (ms): Min: 332439.1, Avg: 332439.2, Max: 332439.3, Diff: 0.2]
      [Ext Root Scanning (ms): Min: 0.6, Avg: 0.8, Max: 0.8, Diff: 0.2, Sum: 6.3]
      [Update RS (ms): Min: 0.2, Avg: 0.3, Max: 0.4, Diff: 0.2, Sum: 2.3]
         [Processed Buffers: Min: 1, Avg: 2.1, Max: 3, Diff: 2, Sum: 17]
      [Scan RS (ms): Min: 0.2, Avg: 0.3, Max: 0.4, Diff: 0.2, Sum: 2.7]
      [Code Root Scanning (ms): Min: 0.0, Avg: 0.0, Max: 0.0, Diff: 0.0, Sum: 0.0]
      [Object Copy (ms): Min: 29.5, Avg: 29.5, Max: 29.5, Diff: 0.0, Sum: 236.2]
      [Termination (ms): Min: 0.0, Avg: 0.0, Max: 0.0, Diff: 0.0, Sum: 0.0]
      [GC Worker Other (ms): Min: 0.0, Avg: 0.1, Max: 0.1, Diff: 0.0, Sum: 0.4]
      [GC Worker Total (ms): Min: 30.8, Avg: 31.0, Max: 31.1, Diff: 0.2, Sum: 248.1]
      [GC Worker End (ms): Min: 332470.2, Avg: 332470.2, Max: 332470.2, Diff: 0.0]
   [Code Root Fixup: 0.1 ms]
   [Code Root Migration: 0.1 ms]
   [Clear CT: 0.4 ms]
   [Other: 0.7 ms]
      [Choose CSet: 0.0 ms]
      [Ref Proc: 0.1 ms]
      [Ref Enq: 0.0 ms]
      [Free CSet: 0.6 ms]
   [Eden: 855.0M(855.0M)->0.0B(853.0M) Survivors: 67.0M->69.0M Heap: 1083.6M(1538.0M)->230.6M(1538.0M)]
 [Times: user=0.25 sys=0.00, real=0.04 secs] 
332.473: Total time for which application threads were stopped: 0.0340690 seconds, Stopping threads took: 0.0000470 seconds
332.917: Application time: 0.4435060 seconds
332.917: [GC pause (young), 0.0331720 secs]
   [Parallel Time: 31.9 ms, GC Workers: 8]
      [GC Worker Start (ms): Min: 332916.7, Avg: 332916.7, Max: 332916.8, Diff: 0.1]
      [Ext Root Scanning (ms): Min: 0.7, Avg: 0.8, Max: 0.8, Diff: 0.1, Sum: 6.3]
      [Update RS (ms): Min: 0.2, Avg: 0.3, Max: 0.4, Diff: 0.2, Sum: 2.4]
         [Processed Buffers: Min: 1, Avg: 2.1, Max: 3, Diff: 2, Sum: 17]
      [Scan RS (ms): Min: 0.3, Avg: 0.4, Max: 0.4, Diff: 0.1, Sum: 2.8]
      [Code Root Scanning (ms): Min: 0.0, Avg: 0.0, Max: 0.0, Diff: 0.0, Sum: 0.0]
      [Object Copy (ms): Min: 30.3, Avg: 30.3, Max: 30.4, Diff: 0.0, Sum: 242.6]
      [Termination (ms): Min: 0.0, Avg: 0.0, Max: 0.0, Diff: 0.0, Sum: 0.0]
      [GC Worker Other (ms): Min: 0.0, Avg: 0.1, Max: 0.1, Diff: 0.0, Sum: 0.4]
      [GC Worker Total (ms): Min: 31.8, Avg: 31.8, Max: 31.8, Diff: 0.1, Sum: 254.5]
      [GC Worker End (ms): Min: 332948.5, Avg: 332948.6, Max: 332948.6, Diff: 0.0]
   [Code Root Fixup: 0.0 ms]
   [Code Root Migration: 0.1 ms]
   [Clear CT: 0.4 ms]
   [Other: 0.8 ms]
      [Choose CSet: 0.0 ms]
      [Ref Proc: 0.1 ms]
      [Ref Enq: 0.0 ms]
      [Free CSet: 0.6 ms]
   [Eden: 853.0M(853.0M)->0.0B(851.0M) Survivors: 69.0M->71.0M Heap: 1083.6M(1538.0M)->232.6M(1538.0M)]
 [Times: user=0.25 sys=0.00, real=0.03 secs] 
332.950: Total time for which application threads were stopped: 0.0334030 seconds, Stopping threads took: 0.0000710 seconds
333.388: Application time: 0.4384910 seconds
333.389: [GC pause (young), 0.0322220 secs]
   [Parallel Time: 31.0 ms, GC Workers: 8]
      [GC Worker Start (ms): Min: 333388.6, Avg: 333388.6, Max: 333388.7, Diff: 0.1]
      [Ext Root Scanning (ms): Min: 0.7, Avg: 0.8, Max: 0.8, Diff: 0.1, Sum: 6.3]
      [Update RS (ms): Min: 0.2, Avg: 0.3, Max: 0.4, Diff: 0.2, Sum: 2.4]
         [Processed Buffers: Min: 1, Avg: 2.1, Max: 3, Diff: 2, Sum: 17]
      [Scan RS (ms): Min: 0.3, Avg: 0.3, Max: 0.4, Diff: 0.1, Sum: 2.7]
      [Code Root Scanning (ms): Min: 0.0, Avg: 0.0, Max: 0.0, Diff: 0.0, Sum: 0.0]
      [Object Copy (ms): Min: 29.4, Avg: 29.4, Max: 29.5, Diff: 0.0, Sum: 235.5]
      [Termination (ms): Min: 0.0, Avg: 0.0, Max: 0.0, Diff: 0.0, Sum: 0.0]
      [GC Worker Other (ms): Min: 0.0, Avg: 0.0, Max: 0.1, Diff: 0.0, Sum: 0.4]
      [GC Worker Total (ms): Min: 30.9, Avg: 30.9, Max: 30.9, Diff: 0.1, Sum: 247.4]
      [GC Worker End (ms): Min: 333419.5, Avg: 333419.5, Max: 333419.6, Diff: 0.0]
   [Code Root Fixup: 0.0 ms]
   [Code Root Migration: 0.1 ms]
   [Clear CT: 0.4 ms]
   [Other: 0.7 ms]
      [Choose CSet: 0.0 ms]
      [Ref Proc: 0.1 ms]
      [Ref Enq: 0.0 ms]
      [Free CSet: 0.6 ms]
   [Eden: 851.0M(851.0M)->0.0B(853.0M) Survivors: 71.0M->69.0M Heap: 1083.6M(1538.0M)->230.1M(1538.0M)]
 [Times: user=0.25 sys=0.00, real=0.03 secs] 
333.421: Total time for which application threads were stopped: 0.0324180 seconds, Stopping threads took: 0.0000530 seconds
333.862: Application time: 0.4416020 seconds
333.863: [GC pause (young), 0.0327000 secs]
   [Parallel Time: 31.4 ms, GC Workers: 8]
      [GC Worker Start (ms): Min: 333862.6, Avg: 333862.7, Max: 333862.7, Diff: 0.1]
      [Ext Root Scanning (ms): Min: 0.7, Avg: 0.8, Max: 0.8, Diff: 0.1, Sum: 6.0]
      [Update RS (ms): Min: 0.2, Avg: 0.3, Max: 0.5, Diff: 0.2, Sum: 2.4]
         [Processed Buffers: Min: 1, Avg: 2.1, Max: 4, Diff: 3, Sum: 17]
      [Scan RS (ms): Min: 0.2, Avg: 0.3, Max: 0.4, Diff: 0.2, Sum: 2.8]
      [Code Root Scanning (ms): Min: 0.0, Avg: 0.0, Max: 0.0, Diff: 0.0, Sum: 0.0]
      [Object Copy (ms): Min: 29.8, Avg: 29.9, Max: 29.9, Diff: 0.1, Sum: 238.9]
      [Termination (ms): Min: 0.0, Avg: 0.0, Max: 0.0, Diff: 0.0, Sum: 0.0]
      [GC Worker Other (ms): Min: 0.0, Avg: 0.1, Max: 0.1, Diff: 0.0, Sum: 0.4]
      [GC Worker Total (ms): Min: 31.3, Avg: 31.3, Max: 31.4, Diff: 0.1, Sum: 250.6]
      [GC Worker End (ms): Min: 333894.0, Avg: 333894.0, Max: 333894.0, Diff: 0.0]
   [Code Root Fixup: 0.0 ms]
   [Code Root Migration: 0.1 ms]
   [Clear CT: 0.4 ms]
   [Other: 0.8 ms]
      [Choose CSet: 0.0 ms]
      [Ref Proc: 0.1 ms]
      [Ref Enq: 0.0 ms]
      [Free CSet: 0.6 ms]
   [Eden: 853.0M(853.0M)->0.0B(852.0M) Survivors: 69.0M->70.0M Heap: 1083.1M(1538.0M)->231.1M(1538.0M)]
 [Times: user=0.26 sys=0.00, real=0.04 secs] 
333.895: Total time for which application threads were stopped: 0.0329190 seconds, Stopping threads took: 0.0000540 seconds
334.337: Application time: 0.4418120 seconds
334.337: [GC pause (young), 0.0319850 secs]
   [Parallel Time: 30.7 ms, GC Workers: 8]
      [GC Worker Start (ms): Min: 334337.3, Avg: 334337.4, Max: 334337.4, Diff: 0.1]
      [Ext Root Scanning (ms): Min: 0.7, Avg: 0.8, Max: 0.8, Diff: 0.1, Sum: 6.1]
      [Update RS (ms): Min: 0.2, Avg: 0.3, Max: 0.4, Diff: 0.2, Sum: 2.4]
         [Processed Buffers: Min: 1, Avg: 2.1, Max: 3, Diff: 2, Sum: 17]
      [Scan RS (ms): Min: 0.3, Avg: 0.4, Max: 0.4, Diff: 0.2, Sum: 2.9]
      [Code Root Scanning (ms): Min: 0.0, Avg: 0.0, Max: 0.0, Diff: 0.0, Sum: 0.0]
      [Object Copy (ms): Min: 29.2, Avg: 29.2, Max: 29.2, Diff: 0.1, Sum: 233.6]
      [Termination (ms): Min: 0.0, Avg: 0.0, Max: 0.0, Diff: 0.0, Sum: 0.0]
      [GC Worker Other (ms): Min: 0.0, Avg: 0.0, Max: 0.1, Diff: 0.0, Sum: 0.4]
      [GC Worker Total (ms): Min: 30.6, Avg: 30.7, Max: 30.7, Diff: 0.1, Sum: 245.3]
      [GC Worker End (ms): Min: 334368.0, Avg: 334368.1, Max: 334368.1, Diff: 0.0]
   [Code Root Fixup: 0.0 ms]
   [Code Root Migration: 0.1 ms]
   [Clear CT: 0.4 ms]
   [Other: 0.7 ms]
      [Choose CSet: 0.0 ms]
      [Ref Proc: 0.1 ms]
      [Ref Enq: 0.0 ms]
      [Free CSet: 0.6 ms]
   [Eden: 852.0M(852.0M)->0.0B(854.0M) Survivors: 70.0M->68.0M Heap: 1083.1M(1538.0M)->229.6M(1538.0M)]
 [Times: user=0.25 sys=0.00, real=0.03 secs] 
334.369: Total time for which application threads were stopped: 0.0321860 seconds, Stopping threads took: 0.0000490 seconds
334.815: Application time: 0.4458950 seconds
334.815: [GC pause (young), 0.0326160 secs]
   [Parallel Time: 31.3 ms, GC Workers: 8]
      [GC Worker Start (ms): Min: 334815.4, Avg: 334815.5, Max: 334815.5, Diff: 0.1]
      [Ext Root Scanning (ms): Min: 0.7, Avg: 0.8, Max: 0.8, Diff: 0.1, Sum: 6.3]
      [Update RS (ms): Min: 0.2, Avg: 0.3, Max: 0.4, Diff: 0.2, Sum: 2.3]
         [Processed Buffers: Min: 1, Avg: 2.1, Max: 3, Diff: 2, Sum: 17]
      [Scan RS (ms): Min: 0.3, Avg: 0.3, Max: 0.4, Diff: 0.1, Sum: 2.8]
      [Code Root Scanning (ms): Min: 0.0, Avg: 0.0, Max: 0.0, Diff: 0.0, Sum: 0.0]
      [Object Copy (ms): Min: 29.8, Avg: 29.8, Max: 29.8, Diff: 0.0, Sum: 238.1]
      [Termination (ms): Min: 0.0, Avg: 0.0, Max: 0.0, Diff: 0.0, Sum: 0.0]
      [GC Worker Other (ms): Min: 0.0, Avg: 0.1, Max: 0.1, Diff: 0.0, Sum: 0.5]
      [GC Worker Total (ms): Min: 31.2, Avg: 31.3, Max: 31.3, Diff: 0.1, Sum: 250.0]
      [GC Worker End (ms): Min: 334846.7, Avg: 334846.7, Max: 334846.7, Diff: 0.0]
   [Code Root Fixup: 0.0 ms]
   [Code Root Migration: 0.1 ms]
   [Clear CT: 0.4 ms]
   [Other: 0.7 ms]
      [Choose CSet: 0.0 ms]
      [Ref Proc: 0.1 ms]
      [Ref Enq: 0.0 ms]
      [Free CSet: 0.6 ms]
   [Eden: 854.0M(854.0M)->0.0B(852.0M) Survivors: 68.0M->70.0M Heap: 1083.6M(1538.0M)->231.1M(1538.0M)]
 [Times: user=0.25 sys=0.00, real=0.03 secs] 
334.848: Total time for which application threads were stopped: 0.0328070 seconds, Stopping threads took: 0.0000280 seconds
335.296: Application time: 0.4475700 seconds
335.296: [GC pause (young), 0.0329430 secs]
   [Parallel Time: 31.7 ms, GC Workers: 8]
      [GC Worker Start (ms): Min: 335295.8, Avg: 335295.8, Max: 335295.9, Diff: 0.1]
      [Ext Root Scanning (ms): Min: 0.7, Avg: 0.7, Max: 0.8, Diff: 0.1, Sum: 6.0]
      [Update RS (ms): Min: 0.2, Avg: 0.3, Max: 0.4, Diff: 0.2, Sum: 2.4]
         [Processed Buffers: Min: 1, Avg: 2.1, Max: 3, Diff: 2, Sum: 17]
      [Scan RS (ms): Min: 0.3, Avg: 0.4, Max: 0.4, Diff: 0.2, Sum: 2.9]
      [Code Root Scanning (ms): Min: 0.0, Avg: 0.0, Max: 0.0, Diff: 0.0, Sum: 0.0]
      [Object Copy (ms): Min: 30.1, Avg: 30.1, Max: 30.2, Diff: 0.1, Sum: 241.1]
      [Termination (ms): Min: 0.0, Avg: 0.0, Max: 0.0, Diff: 0.0, Sum: 0.0]
      [GC Worker Other (ms): Min: 0.0, Avg: 0.1, Max: 0.1, Diff: 0.1, Sum: 0.4]
      [GC Worker Total (ms): Min: 31.5, Avg: 31.6, Max: 31.6, Diff: 0.1, Sum: 252.8]
      [GC Worker End (ms): Min: 335327.4, Avg: 335327.4, Max: 335327.5, Diff: 0.1]
   [Code Root Fixup: 0.0 ms]
   [Code Root Migration: 0.1 ms]
   [Clear CT: 0.4 ms]
   [Other: 0.7 ms]
      [Choose CSet: 0.0 ms]
      [Ref Proc: 0.1 ms]
      [Ref Enq: 0.0 ms]
      [Free CSet: 0.6 ms]
   [Eden: 852.0M(852.0M)->0.0B(852.0M) Survivors: 70.0M->70.0M Heap: 1083.1M(1538.0M)->231.6M(1538.0M)]
 [Times: user=0.26 sys=0.00, real=0.03 secs] 
335.329: Total time for which application threads were stopped: 0.0331460 seconds, Stopping threads took: 0.0000530 seconds
335.774: Application time: 0.4452860 seconds
335.774: [GC pause (young), 0.0324050 secs]
   [Parallel Time: 31.1 ms, GC Workers: 8]
      [GC Worker Start (ms): Min: 335774.2, Avg: 335774.3, Max: 335774.3, Diff: 0.1]
      [Ext Root Scanning (ms): Min: 0.7, Avg: 0.7, Max: 0.8, Diff: 0.1, Sum: 5.9]
      [Update RS (ms): Min: 0.2, Avg: 0.3, Max: 0.4, Diff: 0.2, Sum: 2.4]
         [Processed Buffers: Min: 1, Avg: 2.1, Max: 3, Diff: 2, Sum: 17]
      [Scan RS (ms): Min: 0.2, Avg: 0.4, Max: 0.4, Diff: 0.2, Sum: 2.9]
      [Code Root Scanning (ms): Min: 0.0, Avg: 0.0, Max: 0.0, Diff: 0.0, Sum: 0.0]
      [Object Copy (ms): Min: 29.6, Avg: 29.6, Max: 29.6, Diff: 0.1, Sum: 236.8]
      [Termination (ms): Min: 0.0, Avg: 0.0, Max: 0.0, Diff: 0.0, Sum: 0.0]
      [GC Worker Other (ms): Min: 0.0, Avg: 0.1, Max: 0.1, Diff: 0.0, Sum: 0.4]
      [GC Worker Total (ms): Min: 31.0, Avg: 31.1, Max: 31.1, Diff: 0.1, Sum: 248.5]
      [GC Worker End (ms): Min: 335805.3, Avg: 335805.3, Max: 335805.4, Diff: 0.0]
   [Code Root Fixup: 0.0 ms]
   [Code Root Migration: 0.1 ms]
   [Clear CT: 0.4 ms]
   [Other: 0.7 ms]
      [Choose CSet: 0.0 ms]
      [Ref Proc: 0.1 ms]
      [Ref Enq: 0.0 ms]
      [Free CSet: 0.6 ms]
   [Eden: 852.0M(852.0M)->0.0B(853.0M) Survivors: 70.0M->69.0M Heap: 1083.6M(1538.0M)->230.1M(1538.0M)]
 [Times: user=0.25 sys=0.00, real=0.03 secs] 
335.807: Total time for which application threads were stopped: 0.0325960 seconds, Stopping threads took: 0.0000330 seconds
336.250: Application time: 0.4437750 seconds
336.251: [GC pause (young), 0.0331930 secs]
   [Parallel Time: 31.9 ms, GC Workers: 8]
      [GC Worker Start (ms): Min: 336250.6, Avg: 336250.6, Max: 336250.7, Diff: 0.1]
      [Ext Root Scanning (ms): Min: 0.7, Avg: 0.8, Max: 0.8, Diff: 0.1, Sum: 6.0]
      [Update RS (ms): Min: 0.2, Avg: 0.3, Max: 0.4, Diff: 0.2, Sum: 2.4]
         [Processed Buffers: Min: 1, Avg: 2.1, Max: 4, Diff: 3, Sum: 17]
      [Scan RS (ms): Min: 0.3, Avg: 0.4, Max: 0.4, Diff: 0.1, Sum: 2.8]
      [Code Root Scanning (ms): Min: 0.0, Avg: 0.0, Max: 0.0, Diff: 0.0, Sum: 0.1]
      [Object Copy (ms): Min: 30.4, Avg: 30.4, Max: 30.4, Diff: 0.1, Sum: 243.2]
      [Termination (ms): Min: 0.0, Avg: 0.0, Max: 0.0, Diff: 0.0, Sum: 0.0]
      [GC Worker Other (ms): Min: 0.0, Avg: 0.1, Max: 0.1, Diff: 0.0, Sum: 0.4]
      [GC Worker Total (ms): Min: 31.8, Avg: 31.9, Max: 31.9, Diff: 0.1, Sum: 255.0]
      [GC Worker End (ms): Min: 336282.5, Avg: 336282.5, Max: 336282.5, Diff: 0.0]
   [Code Root Fixup: 0.0 ms]
   [Code Root Migration: 0.1 ms]
   [Clear CT: 0.4 ms]
   [Other: 0.7 ms]
      [Choose CSet: 0.0 ms]
      [Ref Proc: 0.1 ms]
      [Ref Enq: 0.0 ms]
      [Free CSet: 0.6 ms]
   [Eden: 853.0M(853.0M)->0.0B(853.0M) Survivors: 69.0M->69.0M Heap: 1083.1M(1538.0M)->230.7M(1538.0M)]
 [Times: user=0.26 sys=0.00, real=0.04 secs] 
336.284: Total time for which application threads were stopped: 0.0333720 seconds, Stopping threads took: 0.0000350 seconds
336.726: Application time: 0.4423290 seconds
336.726: [GC pause (young), 0.0316670 secs]
   [Parallel Time: 30.4 ms, GC Workers: 8]
      [GC Worker Start (ms): Min: 336726.3, Avg: 336726.4, Max: 336726.4, Diff: 0.1]
      [Ext Root Scanning (ms): Min: 0.7, Avg: 0.8, Max: 0.8, Diff: 0.1, Sum: 6.2]
      [Update RS (ms): Min: 0.2, Avg: 0.3, Max: 0.4, Diff: 0.2, Sum: 2.4]
         [Processed Buffers: Min: 1, Avg: 2.1, Max: 3, Diff: 2, Sum: 17]
      [Scan RS (ms): Min: 0.3, Avg: 0.3, Max: 0.4, Diff: 0.1, Sum: 2.8]
      [Code Root Scanning (ms): Min: 0.0, Avg: 0.0, Max: 0.0, Diff: 0.0, Sum: 0.0]
      [Object Copy (ms): Min: 28.9, Avg: 28.9, Max: 28.9, Diff: 0.0, Sum: 230.9]
      [Termination (ms): Min: 0.0, Avg: 0.0, Max: 0.0, Diff: 0.0, Sum: 0.0]
      [GC Worker Other (ms): Min: 0.0, Avg: 0.1, Max: 0.1, Diff: 0.0, Sum: 0.4]
      [GC Worker Total (ms): Min: 30.3, Avg: 30.3, Max: 30.4, Diff: 0.0, Sum: 242.8]
      [GC Worker End (ms): Min: 336756.7, Avg: 336756.7, Max: 336756.7, Diff: 0.0]
   [Code Root Fixup: 0.0 ms]
   [Code Root Migration: 0.1 ms]
   [Clear CT: 0.4 ms]
   [Other: 0.7 ms]
      [Choose CSet: 0.0 ms]
      [Ref Proc: 0.1 ms]
      [Ref Enq: 0.0 ms]
      [Free CSet: 0.6 ms]
   [Eden: 853.0M(853.0M)->0.0B(854.0M) Survivors: 69.0M->68.0M Heap: 1083.7M(1538.0M)->229.7M(1538.0M)]
 [Times: user=0.25 sys=0.00, real=0.03 secs] 
336.758: Total time for which application threads were stopped: 0.0318860 seconds, Stopping threads took: 0.0000550 seconds
337.202: Application time: 0.4437890 seconds
337.202: [GC pause (young), 0.0319370 secs]
   [Parallel Time: 30.7 ms, GC Workers: 8]
      [GC Worker Start (ms): Min: 337202.0, Avg: 337202.0, Max: 337202.1, Diff: 0.1]
      [Ext Root Scanning (ms): Min: 0.7, Avg: 0.8, Max: 0.8, Diff: 0.1, Sum: 6.3]
      [Update RS (ms): Min: 0.2, Avg: 0.3, Max: 0.4, Diff: 0.2, Sum: 2.4]
         [Processed Buffers: Min: 1, Avg: 2.1, Max: 4, Diff: 3, Sum: 17]
      [Scan RS (ms): Min: 0.3, Avg: 0.4, Max: 0.4, Diff: 0.1, Sum: 2.9]
      [Code Root Scanning (ms): Min: 0.0, Avg: 0.0, Max: 0.0, Diff: 0.0, Sum: 0.0]
      [Object Copy (ms): Min: 29.1, Avg: 29.1, Max: 29.1, Diff: 0.0, Sum: 232.9]
      [Termination (ms): Min: 0.0, Avg: 0.0, Max: 0.0, Diff: 0.0, Sum: 0.0]
      [GC Worker Other (ms): Min: 0.0, Avg: 0.0, Max: 0.1, Diff: 0.0, Sum: 0.4]
      [GC Worker Total (ms): Min: 30.6, Avg: 30.6, Max: 30.6, Diff: 0.1, Sum: 244.8]
      [GC Worker End (ms): Min: 337232.6, Avg: 337232.6, Max: 337232.7, Diff: 0.0]
   [Code Root Fixup: 0.0 ms]
   [Code Root Migration: 0.1 ms]
   [Clear CT: 0.4 ms]
   [Other: 0.7 ms]
      [Choose CSet: 0.0 ms]
      [Ref Proc: 0.1 ms]
      [Ref Enq: 0.0 ms]
      [Free CSet: 0.6 ms]
   [Eden: 854.0M(854.0M)->0.0B(853.0M) Survivors: 68.0M->69.0M Heap: 1083.7M(1538.0M)->230.2M(1538.0M)]
 [Times: user=0.25 sys=0.00, real=0.04 secs] 
337.234: Total time for which application threads were stopped: 0.0321280 seconds, Stopping threads took: 0.0000470 seconds
337.675: Application time: 0.4413120 seconds
337.675: [GC pause (young), 0.0325770 secs]
   [Parallel Time: 31.3 ms, GC Workers: 8]
      [GC Worker Start (ms): Min: 337675.5, Avg: 337675.5, Max: 337675.5, Diff: 0.1]
      [Ext Root Scanning (ms): Min: 0.8, Avg: 0.8, Max: 0.8, Diff: 0.1, Sum: 6.4]
      [Update RS (ms): Min: 0.2, Avg: 0.3, Max: 0.4, Diff: 0.2, Sum: 2.3]
         [Processed Buffers: Min: 1, Avg: 2.1, Max: 3, Diff: 2, Sum: 17]
      [Scan RS (ms): Min: 0.3, Avg: 0.4, Max: 0.4, Diff: 0.2, Sum: 2.8]
      [Code Root Scanning (ms): Min: 0.0, Avg: 0.0, Max: 0.0, Diff: 0.0, Sum: 0.0]
      [Object Copy (ms): Min: 29.8, Avg: 29.8, Max: 29.8, Diff: 0.0, Sum: 238.1]
      [Termination (ms): Min: 0.0, Avg: 0.0, Max: 0.0, Diff: 0.0, Sum: 0.0]
      [GC Worker Other (ms): Min: 0.0, Avg: 0.1, Max: 0.1, Diff: 0.0, Sum: 0.5]
      [GC Worker Total (ms): Min: 31.2, Avg: 31.3, Max: 31.3, Diff: 0.1, Sum: 250.1]
      [GC Worker End (ms): Min: 337706.7, Avg: 337706.8, Max: 337706.8, Diff: 0.0]
   [Code Root Fixup: 0.0 ms]
   [Code Root Migration: 0.1 ms]
   [Clear CT: 0.4 ms]
   [Other: 0.7 ms]
      [Choose CSet: 0.0 ms]
      [Ref Proc: 0.1 ms]
      [Ref Enq: 0.0 ms]
      [Free CSet: 0.6 ms]
   [Eden: 853.0M(853.0M)->0.0B(852.0M) Survivors: 69.0M->70.0M Heap: 1083.2M(1538.0M)->231.2M(1538.0M)]
 [Times: user=0.25 sys=0.00, real=0.03 secs] 
337.710: Total time for which application threads were stopped: 0.0343050 seconds, Stopping threads took: 0.0000530 seconds
338.151: Application time: 0.4411710 seconds
338.151: [GC pause (young), 0.0311240 secs]
   [Parallel Time: 29.9 ms, GC Workers: 8]
      [GC Worker Start (ms): Min: 338150.9, Avg: 338150.9, Max: 338151.0, Diff: 0.1]
      [Ext Root Scanning (ms): Min: 0.7, Avg: 0.8, Max: 0.8, Diff: 0.1, Sum: 6.3]
      [Update RS (ms): Min: 0.2, Avg: 0.3, Max: 0.4, Diff: 0.1, Sum: 2.3]
         [Processed Buffers: Min: 1, Avg: 2.1, Max: 3, Diff: 2, Sum: 17]
      [Scan RS (ms): Min: 0.3, Avg: 0.3, Max: 0.4, Diff: 0.2, Sum: 2.7]
      [Code Root Scanning (ms): Min: 0.0, Avg: 0.0, Max: 0.0, Diff: 0.0, Sum: 0.0]
      [Object Copy (ms): Min: 28.3, Avg: 28.3, Max: 28.4, Diff: 0.0, Sum: 226.7]
      [Termination (ms): Min: 0.0, Avg: 0.0, Max: 0.0, Diff: 0.0, Sum: 0.0]
      [GC Worker Other (ms): Min: 0.0, Avg: 0.0, Max: 0.1, Diff: 0.0, Sum: 0.4]
      [GC Worker Total (ms): Min: 29.8, Avg: 29.8, Max: 29.8, Diff: 0.1, Sum: 238.5]
      [GC Worker End (ms): Min: 338180.7, Avg: 338180.8, Max: 338180.8, Diff: 0.0]
   [Code Root Fixup: 0.0 ms]
   [Code Root Migration: 0.1 ms]
   [Clear CT: 0.4 ms]
   [Other: 0.7 ms]
      [Choose CSet: 0.0 ms]
      [Ref Proc: 0.1 ms]
      [Ref Enq: 0.0 ms]
      [Free CSet: 0.6 ms]
   [Eden: 852.0M(852.0M)->0.0B(854.0M) Survivors: 70.0M->68.0M Heap: 1083.2M(1538.0M)->229.2M(1538.0M)]
 [Times: user=0.24 sys=0.00, real=0.03 secs] 
338.182: Total time for which application threads were stopped: 0.0313150 seconds, Stopping threads took: 0.0000380 seconds
338.625: Application time: 0.4424570 seconds
338.625: [GC pause (young), 0.0320730 secs]
   [Parallel Time: 30.8 ms, GC Workers: 8]
      [GC Worker Start (ms): Min: 338624.7, Avg: 338624.7, Max: 338624.8, Diff: 0.1]
      [Ext Root Scanning (ms): Min: 0.7, Avg: 0.8, Max: 0.9, Diff: 0.1, Sum: 6.3]
      [Update RS (ms): Min: 0.2, Avg: 0.3, Max: 0.4, Diff: 0.2, Sum: 2.3]
         [Processed Buffers: Min: 1, Avg: 2.1, Max: 3, Diff: 2, Sum: 17]
      [Scan RS (ms): Min: 0.3, Avg: 0.3, Max: 0.4, Diff: 0.1, Sum: 2.7]
      [Code Root Scanning (ms): Min: 0.0, Avg: 0.0, Max: 0.0, Diff: 0.0, Sum: 0.0]
      [Object Copy (ms): Min: 29.3, Avg: 29.3, Max: 29.3, Diff: 0.0, Sum: 234.3]
      [Termination (ms): Min: 0.0, Avg: 0.0, Max: 0.0, Diff: 0.0, Sum: 0.0]
      [GC Worker Other (ms): Min: 0.0, Avg: 0.0, Max: 0.1, Diff: 0.0, Sum: 0.3]
      [GC Worker Total (ms): Min: 30.7, Avg: 30.8, Max: 30.8, Diff: 0.1, Sum: 246.1]
      [GC Worker End (ms): Min: 338655.5, Avg: 338655.5, Max: 338655.5, Diff: 0.0]
   [Code Root Fixup: 0.0 ms]
   [Code Root Migration: 0.1 ms]
   [Clear CT: 0.4 ms]
   [Other: 0.7 ms]
      [Choose CSet: 0.0 ms]
      [Ref Proc: 0.1 ms]
      [Ref Enq: 0.0 ms]
      [Free CSet: 0.6 ms]
   [Eden: 854.0M(854.0M)->0.0B(852.0M) Survivors: 68.0M->70.0M Heap: 1083.2M(1538.0M)->231.7M(1538.0M)]
 [Times: user=0.25 sys=0.00, real=0.03 secs] 
338.657: Total time for which application threads were stopped: 0.0322800 seconds, Stopping threads took: 0.0000460 seconds
339.100: Application time: 0.4435040 seconds
339.100: [GC pause (young), 0.0337850 secs]
   [Parallel Time: 32.5 ms, GC Workers: 8]
      [GC Worker Start (ms): Min: 339100.5, Avg: 339100.5, Max: 339100.6, Diff: 0.1]
      [Ext Root Scanning (ms): Min: 0.7, Avg: 0.8, Max: 0.8, Diff: 0.1, Sum: 6.3]
      [Update RS (ms): Min: 0.2, Avg: 0.3, Max: 0.4, Diff: 0.2, Sum: 2.3]
         [Processed Buffers: Min: 1, Avg: 2.1, Max: 3, Diff: 2, Sum: 17]
      [Scan RS (ms): Min: 0.3, Avg: 0.3, Max: 0.4, Diff: 0.2, Sum: 2.7]
      [Code Root Scanning (ms): Min: 0.0, Avg: 0.0, Max: 0.0, Diff: 0.0, Sum: 0.0]
      [Object Copy (ms): Min: 31.0, Avg: 31.0, Max: 31.0, Diff: 0.0, Sum: 247.8]
      [Termination (ms): Min: 0.0, Avg: 0.0, Max: 0.0, Diff: 0.0, Sum: 0.0]
      [GC Worker Other (ms): Min: 0.0, Avg: 0.1, Max: 0.1, Diff: 0.0, Sum: 0.4]
      [GC Worker Total (ms): Min: 32.4, Avg: 32.5, Max: 32.5, Diff: 0.1, Sum: 259.6]
      [GC Worker End (ms): Min: 339133.0, Avg: 339133.0, Max: 339133.0, Diff: 0.0]
   [Code Root Fixup: 0.0 ms]
   [Code Root Migration: 0.1 ms]
   [Clear CT: 0.4 ms]
   [Other: 0.7 ms]
      [Choose CSet: 0.0 ms]
      [Ref Proc: 0.1 ms]
      [Ref Enq: 0.0 ms]
      [Free CSet: 0.6 ms]
   [Eden: 852.0M(852.0M)->0.0B(849.0M) Survivors: 70.0M->73.0M Heap: 1083.7M(1538.0M)->234.2M(1538.0M)]
 [Times: user=0.27 sys=0.00, real=0.04 secs] 
339.134: Total time for which application threads were stopped: 0.0339900 seconds, Stopping threads took: 0.0000590 seconds
339.577: Application time: 0.4423740 seconds
339.577: [GC pause (young), 0.0297920 secs]
   [Parallel Time: 28.6 ms, GC Workers: 8]
      [GC Worker Start (ms): Min: 339576.9, Avg: 339576.9, Max: 339577.0, Diff: 0.1]
      [Ext Root Scanning (ms): Min: 0.7, Avg: 0.8, Max: 0.8, Diff: 0.1, Sum: 6.2]
      [Update RS (ms): Min: 0.2, Avg: 0.3, Max: 0.4, Diff: 0.2, Sum: 2.4]
         [Processed Buffers: Min: 1, Avg: 2.1, Max: 3, Diff: 2, Sum: 17]
      [Scan RS (ms): Min: 0.2, Avg: 0.3, Max: 0.4, Diff: 0.2, Sum: 2.7]
      [Code Root Scanning (ms): Min: 0.0, Avg: 0.0, Max: 0.0, Diff: 0.0, Sum: 0.0]
      [Object Copy (ms): Min: 27.0, Avg: 27.0, Max: 27.1, Diff: 0.0, Sum: 216.4]
      [Termination (ms): Min: 0.0, Avg: 0.0, Max: 0.0, Diff: 0.0, Sum: 0.0]
      [GC Worker Other (ms): Min: 0.0, Avg: 0.1, Max: 0.1, Diff: 0.0, Sum: 0.4]
      [GC Worker Total (ms): Min: 28.5, Avg: 28.5, Max: 28.5, Diff: 0.0, Sum: 228.0]
      [GC Worker End (ms): Min: 339605.4, Avg: 339605.4, Max: 339605.4, Diff: 0.0]
   [Code Root Fixup: 0.0 ms]
   [Code Root Migration: 0.1 ms]
   [Clear CT: 0.4 ms]
   [Other: 0.7 ms]
      [Choose CSet: 0.0 ms]
      [Ref Proc: 0.1 ms]
      [Ref Enq: 0.0 ms]
      [Free CSet: 0.6 ms]
   [Eden: 849.0M(849.0M)->0.0B(857.0M) Survivors: 73.0M->65.0M Heap: 1083.2M(1538.0M)->226.7M(1538.0M)]
 [Times: user=0.24 sys=0.00, real=0.03 secs] 
339.607: Total time for which application threads were stopped: 0.0300330 seconds, Stopping threads took: 0.0000690 seconds
340.058: Application time: 0.4517300 seconds
340.059: [GC pause (young), 0.0329640 secs]
   [Parallel Time: 31.7 ms, GC Workers: 8]
      [GC Worker Start (ms): Min: 340058.6, Avg: 340059.8, Max: 340067.4, Diff: 8.8]
      [Ext Root Scanning (ms): Min: 0.0, Avg: 0.7, Max: 0.9, Diff: 0.9, Sum: 5.6]
      [Update RS (ms): Min: 0.0, Avg: 0.3, Max: 0.5, Diff: 0.5, Sum: 2.3]
         [Processed Buffers: Min: 0, Avg: 2.1, Max: 4, Diff: 4, Sum: 17]
      [Scan RS (ms): Min: 0.2, Avg: 0.3, Max: 0.4, Diff: 0.2, Sum: 2.6]
      [Code Root Scanning (ms): Min: 0.0, Avg: 0.0, Max: 0.0, Diff: 0.0, Sum: 0.0]
      [Object Copy (ms): Min: 22.5, Avg: 29.2, Max: 30.2, Diff: 7.6, Sum: 233.5]
      [Termination (ms): Min: 0.0, Avg: 0.0, Max: 0.0, Diff: 0.0, Sum: 0.0]
      [GC Worker Other (ms): Min: 0.0, Avg: 0.1, Max: 0.1, Diff: 0.0, Sum: 0.4]
      [GC Worker Total (ms): Min: 22.9, Avg: 30.5, Max: 31.7, Diff: 8.8, Sum: 244.4]
      [GC Worker End (ms): Min: 340090.3, Avg: 340090.3, Max: 340090.3, Diff: 0.0]
   [Code Root Fixup: 0.0 ms]
   [Code Root Migration: 0.1 ms]
   [Clear CT: 0.4 ms]
   [Other: 0.7 ms]
      [Choose CSet: 0.0 ms]
      [Ref Proc: 0.1 ms]
      [Ref Enq: 0.0 ms]
      [Free CSet: 0.6 ms]
   [Eden: 857.0M(857.0M)->0.0B(852.0M) Survivors: 65.0M->70.0M Heap: 1083.7M(1538.0M)->231.7M(1538.0M)]
 [Times: user=0.24 sys=0.00, real=0.04 secs] 
340.092: Total time for which application threads were stopped: 0.0331710 seconds, Stopping threads took: 0.0000620 seconds
340.537: Application time: 0.4450610 seconds
340.537: [GC pause (young), 0.0325890 secs]
   [Parallel Time: 31.3 ms, GC Workers: 8]
      [GC Worker Start (ms): Min: 340536.9, Avg: 340536.9, Max: 340536.9, Diff: 0.1]
      [Ext Root Scanning (ms): Min: 0.7, Avg: 0.8, Max: 0.8, Diff: 0.1, Sum: 6.0]
      [Update RS (ms): Min: 0.3, Avg: 0.3, Max: 0.4, Diff: 0.2, Sum: 2.4]
         [Processed Buffers: Min: 1, Avg: 2.1, Max: 4, Diff: 3, Sum: 17]
      [Scan RS (ms): Min: 0.2, Avg: 0.3, Max: 0.4, Diff: 0.2, Sum: 2.8]
      [Code Root Scanning (ms): Min: 0.0, Avg: 0.0, Max: 0.0, Diff: 0.0, Sum: 0.0]
      [Object Copy (ms): Min: 29.7, Avg: 29.7, Max: 29.8, Diff: 0.1, Sum: 237.8]
      [Termination (ms): Min: 0.0, Avg: 0.0, Max: 0.0, Diff: 0.0, Sum: 0.0]
      [GC Worker Other (ms): Min: 0.0, Avg: 0.0, Max: 0.1, Diff: 0.0, Sum: 0.4]
      [GC Worker Total (ms): Min: 31.1, Avg: 31.2, Max: 31.2, Diff: 0.1, Sum: 249.4]
      [GC Worker End (ms): Min: 340568.1, Avg: 340568.1, Max: 340568.1, Diff: 0.0]
   [Code Root Fixup: 0.0 ms]
   [Code Root Migration: 0.1 ms]
   [Clear CT: 0.4 ms]
   [Other: 0.8 ms]
      [Choose CSet: 0.0 ms]
      [Ref Proc: 0.1 ms]
      [Ref Enq: 0.0 ms]
      [Free CSet: 0.6 ms]
   [Eden: 852.0M(852.0M)->0.0B(852.0M) Survivors: 70.0M->70.0M Heap: 1083.7M(1538.0M)->231.3M(1538.0M)]
 [Times: user=0.25 sys=0.00, real=0.03 secs] 
340.570: Total time for which application threads were stopped: 0.0328010 seconds, Stopping threads took: 0.0000390 seconds
341.010: Application time: 0.4407540 seconds
341.010: [GC pause (young), 0.0315420 secs]
   [Parallel Time: 30.2 ms, GC Workers: 8]
      [GC Worker Start (ms): Min: 341010.4, Avg: 341010.5, Max: 341010.5, Diff: 0.1]
      [Ext Root Scanning (ms): Min: 0.7, Avg: 0.8, Max: 0.8, Diff: 0.1, Sum: 6.1]
      [Update RS (ms): Min: 0.2, Avg: 0.3, Max: 0.4, Diff: 0.2, Sum: 2.4]
         [Processed Buffers: Min: 1, Avg: 2.1, Max: 3, Diff: 2, Sum: 17]
      [Scan RS (ms): Min: 0.2, Avg: 0.4, Max: 0.4, Diff: 0.2, Sum: 2.9]
      [Code Root Scanning (ms): Min: 0.0, Avg: 0.0, Max: 0.0, Diff: 0.0, Sum: 0.0]
      [Object Copy (ms): Min: 28.6, Avg: 28.7, Max: 28.7, Diff: 0.0, Sum: 229.2]
      [Termination (ms): Min: 0.0, Avg: 0.0, Max: 0.0, Diff: 0.0, Sum: 0.0]
      [GC Worker Other (ms): Min: 0.0, Avg: 0.1, Max: 0.1, Diff: 0.0, Sum: 0.4]
      [GC Worker Total (ms): Min: 30.1, Avg: 30.1, Max: 30.2, Diff: 0.1, Sum: 241.1]
      [GC Worker End (ms): Min: 341040.6, Avg: 341040.6, Max: 341040.6, Diff: 0.0]
   [Code Root Fixup: 0.0 ms]
   [Code Root Migration: 0.1 ms]
   [Clear CT: 0.4 ms]
   [Other: 0.8 ms]
      [Choose CSet: 0.0 ms]
      [Ref Proc: 0.1 ms]
      [Ref Enq: 0.0 ms]
      [Free CSet: 0.6 ms]
   [Eden: 852.0M(852.0M)->0.0B(854.0M) Survivors: 70.0M->68.0M Heap: 1083.3M(1538.0M)->229.3M(1538.0M)]
 [Times: user=0.25 sys=0.00, real=0.03 secs] 
341.042: Total time for which application threads were stopped: 0.0317470 seconds, Stopping threads took: 0.0000560 seconds
341.486: Application time: 0.4436170 seconds
341.486: [GC pause (young), 0.0314090 secs]
   [Parallel Time: 30.2 ms, GC Workers: 8]
      [GC Worker Start (ms): Min: 341485.8, Avg: 341485.8, Max: 341485.9, Diff: 0.1]
      [Ext Root Scanning (ms): Min: 0.7, Avg: 0.8, Max: 0.8, Diff: 0.1, Sum: 6.2]
      [Update RS (ms): Min: 0.2, Avg: 0.3, Max: 0.4, Diff: 0.2, Sum: 2.3]
         [Processed Buffers: Min: 1, Avg: 2.1, Max: 3, Diff: 2, Sum: 17]
      [Scan RS (ms): Min: 0.2, Avg: 0.4, Max: 0.4, Diff: 0.2, Sum: 2.8]
      [Code Root Scanning (ms): Min: 0.0, Avg: 0.0, Max: 0.0, Diff: 0.0, Sum: 0.0]
      [Object Copy (ms): Min: 28.6, Avg: 28.6, Max: 28.7, Diff: 0.0, Sum: 229.1]
      [Termination (ms): Min: 0.0, Avg: 0.0, Max: 0.0, Diff: 0.0, Sum: 0.0]
      [GC Worker Other (ms): Min: 0.0, Avg: 0.0, Max: 0.1, Diff: 0.0, Sum: 0.4]
      [GC Worker Total (ms): Min: 30.1, Avg: 30.1, Max: 30.1, Diff: 0.1, Sum: 240.8]
      [GC Worker End (ms): Min: 341515.9, Avg: 341515.9, Max: 341515.9, Diff: 0.0]
   [Code Root Fixup: 0.1 ms]
   [Code Root Migration: 0.1 ms]
   [Clear CT: 0.4 ms]
   [Other: 0.7 ms]
      [Choose CSet: 0.0 ms]
      [Ref Proc: 0.1 ms]
      [Ref Enq: 0.0 ms]
      [Free CSet: 0.6 ms]
   [Eden: 854.0M(854.0M)->0.0B(854.0M) Survivors: 68.0M->68.0M Heap: 1083.3M(1538.0M)->229.8M(1538.0M)]
 [Times: user=0.25 sys=0.00, real=0.03 secs] 
341.517: Total time for which application threads were stopped: 0.0316120 seconds, Stopping threads took: 0.0000450 seconds
341.963: Application time: 0.4455660 seconds
341.963: [GC pause (young), 0.0329350 secs]
   [Parallel Time: 31.7 ms, GC Workers: 8]
      [GC Worker Start (ms): Min: 341962.9, Avg: 341963.0, Max: 341963.0, Diff: 0.1]
      [Ext Root Scanning (ms): Min: 0.6, Avg: 0.7, Max: 0.8, Diff: 0.2, Sum: 5.9]
      [Update RS (ms): Min: 0.2, Avg: 0.3, Max: 0.5, Diff: 0.3, Sum: 2.4]
         [Processed Buffers: Min: 1, Avg: 2.1, Max: 5, Diff: 4, Sum: 17]
      [Scan RS (ms): Min: 0.3, Avg: 0.4, Max: 0.4, Diff: 0.2, Sum: 2.8]
      [Code Root Scanning (ms): Min: 0.0, Avg: 0.0, Max: 0.0, Diff: 0.0, Sum: 0.0]
      [Object Copy (ms): Min: 30.1, Avg: 30.1, Max: 30.2, Diff: 0.1, Sum: 241.2]
      [Termination (ms): Min: 0.0, Avg: 0.0, Max: 0.0, Diff: 0.0, Sum: 0.0]
      [GC Worker Other (ms): Min: 0.0, Avg: 0.1, Max: 0.1, Diff: 0.0, Sum: 0.5]
      [GC Worker Total (ms): Min: 31.6, Avg: 31.6, Max: 31.6, Diff: 0.1, Sum: 252.9]
      [GC Worker End (ms): Min: 341994.6, Avg: 341994.6, Max: 341994.6, Diff: 0.0]
   [Code Root Fixup: 0.0 ms]
   [Code Root Migration: 0.1 ms]
   [Clear CT: 0.4 ms]
   [Other: 0.7 ms]
      [Choose CSet: 0.0 ms]
      [Ref Proc: 0.1 ms]
      [Ref Enq: 0.0 ms]
      [Free CSet: 0.6 ms]
   [Eden: 854.0M(854.0M)->0.0B(853.0M) Survivors: 68.0M->69.0M Heap: 1083.8M(1538.0M)->230.8M(1538.0M)]
 [Times: user=0.25 sys=0.00, real=0.04 secs] 
341.996: Total time for which application threads were stopped: 0.0331070 seconds, Stopping threads took: 0.0000150 seconds
342.439: Application time: 0.4428040 seconds
342.439: [GC pause (young), 0.0326540 secs]
   [Parallel Time: 31.4 ms, GC Workers: 8]
      [GC Worker Start (ms): Min: 342438.9, Avg: 342438.9, Max: 342439.0, Diff: 0.1]
      [Ext Root Scanning (ms): Min: 0.7, Avg: 0.8, Max: 0.8, Diff: 0.1, Sum: 6.1]
      [Update RS (ms): Min: 0.2, Avg: 0.3, Max: 0.4, Diff: 0.2, Sum: 2.4]
         [Processed Buffers: Min: 1, Avg: 2.1, Max: 3, Diff: 2, Sum: 17]
      [Scan RS (ms): Min: 0.2, Avg: 0.4, Max: 0.4, Diff: 0.2, Sum: 3.0]
      [Code Root Scanning (ms): Min: 0.0, Avg: 0.0, Max: 0.0, Diff: 0.0, Sum: 0.0]
      [Object Copy (ms): Min: 29.8, Avg: 29.8, Max: 29.9, Diff: 0.1, Sum: 238.7]
      [Termination (ms): Min: 0.0, Avg: 0.0, Max: 0.0, Diff: 0.0, Sum: 0.0]
      [GC Worker Other (ms): Min: 0.0, Avg: 0.1, Max: 0.1, Diff: 0.0, Sum: 0.4]
      [GC Worker Total (ms): Min: 31.3, Avg: 31.3, Max: 31.4, Diff: 0.1, Sum: 250.6]
      [GC Worker End (ms): Min: 342470.2, Avg: 342470.2, Max: 342470.3, Diff: 0.0]
   [Code Root Fixup: 0.0 ms]
   [Code Root Migration: 0.1 ms]
   [Clear CT: 0.4 ms]
   [Other: 0.7 ms]
      [Choose CSet: 0.0 ms]
      [Ref Proc: 0.1 ms]
      [Ref Enq: 0.0 ms]
      [Free CSet: 0.6 ms]
   [Eden: 853.0M(853.0M)->0.0B(852.0M) Survivors: 69.0M->70.0M Heap: 1083.8M(1538.0M)->231.3M(1538.0M)]
 [Times: user=0.26 sys=0.00, real=0.04 secs] 
342.472: Total time for which application threads were stopped: 0.0328480 seconds, Stopping threads took: 0.0000350 seconds
342.912: Application time: 0.4404910 seconds
342.912: [GC pause (young), 0.0320770 secs]
   [Parallel Time: 30.7 ms, GC Workers: 8]
      [GC Worker Start (ms): Min: 342912.2, Avg: 342912.3, Max: 342912.3, Diff: 0.1]
      [Ext Root Scanning (ms): Min: 0.6, Avg: 0.7, Max: 0.8, Diff: 0.2, Sum: 5.8]
      [Update RS (ms): Min: 0.2, Avg: 0.3, Max: 0.4, Diff: 0.2, Sum: 2.4]
         [Processed Buffers: Min: 1, Avg: 2.1, Max: 3, Diff: 2, Sum: 17]
      [Scan RS (ms): Min: 0.2, Avg: 0.4, Max: 0.4, Diff: 0.2, Sum: 2.9]
      [Code Root Scanning (ms): Min: 0.0, Avg: 0.0, Max: 0.0, Diff: 0.0, Sum: 0.0]
      [Object Copy (ms): Min: 29.2, Avg: 29.2, Max: 29.2, Diff: 0.1, Sum: 233.7]
      [Termination (ms): Min: 0.0, Avg: 0.0, Max: 0.0, Diff: 0.0, Sum: 0.0]
      [GC Worker Other (ms): Min: 0.0, Avg: 0.1, Max: 0.1, Diff: 0.1, Sum: 0.4]
      [GC Worker Total (ms): Min: 30.6, Avg: 30.7, Max: 30.7, Diff: 0.1, Sum: 245.3]
      [GC Worker End (ms): Min: 342942.9, Avg: 342942.9, Max: 342943.0, Diff: 0.0]
   [Code Root Fixup: 0.0 ms]
   [Code Root Migration: 0.1 ms]
   [Clear CT: 0.4 ms]
   [Other: 0.8 ms]
      [Choose CSet: 0.0 ms]
      [Ref Proc: 0.1 ms]
      [Ref Enq: 0.0 ms]
      [Free CSet: 0.6 ms]
   [Eden: 852.0M(852.0M)->0.0B(854.0M) Survivors: 70.0M->68.0M Heap: 1083.3M(1538.0M)->229.3M(1538.0M)]
 [Times: user=0.25 sys=0.00, real=0.03 secs] 
342.944: Total time for which application threads were stopped: 0.0322840 seconds, Stopping threads took: 0.0000610 seconds
343.388: Application time: 0.4439210 seconds
343.388: [GC pause (young), 0.0326590 secs]
   [Parallel Time: 31.4 ms, GC Workers: 8]
      [GC Worker Start (ms): Min: 343388.4, Avg: 343388.5, Max: 343388.5, Diff: 0.1]
      [Ext Root Scanning (ms): Min: 0.7, Avg: 0.8, Max: 0.8, Diff: 0.1, Sum: 6.2]
      [Update RS (ms): Min: 0.2, Avg: 0.3, Max: 0.4, Diff: 0.2, Sum: 2.3]
         [Processed Buffers: Min: 1, Avg: 2.1, Max: 4, Diff: 3, Sum: 17]
      [Scan RS (ms): Min: 0.3, Avg: 0.3, Max: 0.4, Diff: 0.1, Sum: 2.8]
      [Code Root Scanning (ms): Min: 0.0, Avg: 0.0, Max: 0.0, Diff: 0.0, Sum: 0.0]
      [Object Copy (ms): Min: 29.8, Avg: 29.8, Max: 29.9, Diff: 0.0, Sum: 238.7]
      [Termination (ms): Min: 0.0, Avg: 0.0, Max: 0.0, Diff: 0.0, Sum: 0.0]
      [GC Worker Other (ms): Min: 0.0, Avg: 0.0, Max: 0.1, Diff: 0.0, Sum: 0.4]
      [GC Worker Total (ms): Min: 31.3, Avg: 31.3, Max: 31.3, Diff: 0.1, Sum: 250.5]
      [GC Worker End (ms): Min: 343419.7, Avg: 343419.8, Max: 343419.8, Diff: 0.0]
   [Code Root Fixup: 0.1 ms]
   [Code Root Migration: 0.1 ms]
   [Clear CT: 0.4 ms]
   [Other: 0.7 ms]
      [Choose CSet: 0.0 ms]
      [Ref Proc: 0.1 ms]
      [Ref Enq: 0.0 ms]
      [Free CSet: 0.6 ms]
   [Eden: 854.0M(854.0M)->0.0B(853.0M) Survivors: 68.0M->69.0M Heap: 1083.3M(1538.0M)->230.8M(1538.0M)]
 [Times: user=0.25 sys=0.00, real=0.03 secs] 
343.421: Total time for which application threads were stopped: 0.0328540 seconds, Stopping threads took: 0.0000270 seconds
343.864: Application time: 0.4431920 seconds
343.864: [GC pause (young), 0.0326780 secs]
   [Parallel Time: 31.4 ms, GC Workers: 8]
      [GC Worker Start (ms): Min: 343864.5, Avg: 343864.5, Max: 343864.6, Diff: 0.1]
      [Ext Root Scanning (ms): Min: 0.7, Avg: 0.8, Max: 0.8, Diff: 0.1, Sum: 6.3]
      [Update RS (ms): Min: 0.2, Avg: 0.3, Max: 0.4, Diff: 0.2, Sum: 2.4]
         [Processed Buffers: Min: 1, Avg: 2.1, Max: 3, Diff: 2, Sum: 17]
      [Scan RS (ms): Min: 0.3, Avg: 0.3, Max: 0.4, Diff: 0.2, Sum: 2.8]
      [Code Root Scanning (ms): Min: 0.0, Avg: 0.0, Max: 0.0, Diff: 0.0, Sum: 0.0]
      [Object Copy (ms): Min: 29.8, Avg: 29.8, Max: 29.8, Diff: 0.0, Sum: 238.7]
      [Termination (ms): Min: 0.0, Avg: 0.0, Max: 0.0, Diff: 0.0, Sum: 0.0]
      [GC Worker Other (ms): Min: 0.0, Avg: 0.1, Max: 0.1, Diff: 0.0, Sum: 0.4]
      [GC Worker Total (ms): Min: 31.3, Avg: 31.3, Max: 31.4, Diff: 0.1, Sum: 250.6]
      [GC Worker End (ms): Min: 343895.8, Avg: 343895.9, Max: 343895.9, Diff: 0.0]
   [Code Root Fixup: 0.0 ms]
   [Code Root Migration: 0.1 ms]
   [Clear CT: 0.4 ms]
   [Other: 0.8 ms]
      [Choose CSet: 0.0 ms]
      [Ref Proc: 0.1 ms]
      [Ref Enq: 0.0 ms]
      [Free CSet: 0.6 ms]
   [Eden: 853.0M(853.0M)->0.0B(852.0M) Survivors: 69.0M->70.0M Heap: 1083.8M(1538.0M)->231.3M(1538.0M)]
 [Times: user=0.26 sys=0.00, real=0.03 secs] 
343.897: Total time for which application threads were stopped: 0.0329050 seconds, Stopping threads took: 0.0000790 seconds
344.339: Application time: 0.4412790 seconds
344.339: [GC pause (young), 0.0309540 secs]
   [Parallel Time: 29.7 ms, GC Workers: 8]
      [GC Worker Start (ms): Min: 344338.7, Avg: 344338.7, Max: 344338.7, Diff: 0.1]
      [Ext Root Scanning (ms): Min: 0.7, Avg: 0.8, Max: 0.8, Diff: 0.1, Sum: 6.2]
      [Update RS (ms): Min: 0.2, Avg: 0.3, Max: 0.4, Diff: 0.2, Sum: 2.3]
         [Processed Buffers: Min: 1, Avg: 2.1, Max: 4, Diff: 3, Sum: 17]
      [Scan RS (ms): Min: 0.2, Avg: 0.3, Max: 0.4, Diff: 0.2, Sum: 2.8]
      [Code Root Scanning (ms): Min: 0.0, Avg: 0.0, Max: 0.0, Diff: 0.0, Sum: 0.0]
      [Object Copy (ms): Min: 28.1, Avg: 28.1, Max: 28.1, Diff: 0.0, Sum: 225.1]
      [Termination (ms): Min: 0.0, Avg: 0.0, Max: 0.0, Diff: 0.0, Sum: 0.0]
      [GC Worker Other (ms): Min: 0.0, Avg: 0.1, Max: 0.1, Diff: 0.0, Sum: 0.4]
      [GC Worker Total (ms): Min: 29.6, Avg: 29.6, Max: 29.7, Diff: 0.1, Sum: 236.9]
      [GC Worker End (ms): Min: 344368.3, Avg: 344368.3, Max: 344368.3, Diff: 0.0]
   [Code Root Fixup: 0.1 ms]
   [Code Root Migration: 0.1 ms]
   [Clear CT: 0.4 ms]
   [Other: 0.8 ms]
      [Choose CSet: 0.0 ms]
      [Ref Proc: 0.1 ms]
      [Ref Enq: 0.0 ms]
      [Free CSet: 0.6 ms]
   [Eden: 852.0M(852.0M)->0.0B(854.0M) Survivors: 70.0M->68.0M Heap: 1083.3M(1538.0M)->229.4M(1538.0M)]
 [Times: user=0.24 sys=0.00, real=0.03 secs] 
344.370: Total time for which application threads were stopped: 0.0311660 seconds, Stopping threads took: 0.0000550 seconds
344.817: Application time: 0.4471870 seconds
344.817: [GC pause (young), 0.0319750 secs]
   [Parallel Time: 30.7 ms, GC Workers: 8]
      [GC Worker Start (ms): Min: 344817.0, Avg: 344817.1, Max: 344817.1, Diff: 0.1]
      [Ext Root Scanning (ms): Min: 0.7, Avg: 0.8, Max: 0.8, Diff: 0.1, Sum: 6.2]
      [Update RS (ms): Min: 0.2, Avg: 0.3, Max: 0.4, Diff: 0.2, Sum: 2.4]
         [Processed Buffers: Min: 1, Avg: 2.1, Max: 3, Diff: 2, Sum: 17]
      [Scan RS (ms): Min: 0.2, Avg: 0.4, Max: 0.4, Diff: 0.2, Sum: 2.8]
      [Code Root Scanning (ms): Min: 0.0, Avg: 0.0, Max: 0.0, Diff: 0.0, Sum: 0.0]
      [Object Copy (ms): Min: 29.2, Avg: 29.2, Max: 29.3, Diff: 0.1, Sum: 233.7]
      [Termination (ms): Min: 0.0, Avg: 0.0, Max: 0.0, Diff: 0.0, Sum: 0.0]
      [GC Worker Other (ms): Min: 0.0, Avg: 0.0, Max: 0.1, Diff: 0.0, Sum: 0.4]
      [GC Worker Total (ms): Min: 30.6, Avg: 30.7, Max: 30.7, Diff: 0.1, Sum: 245.5]
      [GC Worker End (ms): Min: 344847.7, Avg: 344847.8, Max: 344847.8, Diff: 0.0]
   [Code Root Fixup: 0.0 ms]
   [Code Root Migration: 0.1 ms]
   [Clear CT: 0.4 ms]
   [Other: 0.7 ms]
      [Choose CSet: 0.0 ms]
      [Ref Proc: 0.1 ms]
      [Ref Enq: 0.0 ms]
      [Free CSet: 0.6 ms]
   [Eden: 854.0M(854.0M)->0.0B(853.0M) Survivors: 68.0M->69.0M Heap: 1083.4M(1538.0M)->230.4M(1538.0M)]
 [Times: user=0.25 sys=0.00, real=0.03 secs] 
344.849: Total time for which application threads were stopped: 0.0321930 seconds, Stopping threads took: 0.0000660 seconds
345.294: Application time: 0.4448960 seconds
345.294: [GC pause (young), 0.0324550 secs]
   [Parallel Time: 31.1 ms, GC Workers: 8]
      [GC Worker Start (ms): Min: 345294.1, Avg: 345294.1, Max: 345294.2, Diff: 0.1]
      [Ext Root Scanning (ms): Min: 0.8, Avg: 0.8, Max: 0.8, Diff: 0.1, Sum: 6.3]
      [Update RS (ms): Min: 0.2, Avg: 0.3, Max: 0.4, Diff: 0.2, Sum: 2.4]
         [Processed Buffers: Min: 1, Avg: 2.1, Max: 3, Diff: 2, Sum: 17]
      [Scan RS (ms): Min: 0.3, Avg: 0.3, Max: 0.4, Diff: 0.2, Sum: 2.8]
      [Code Root Scanning (ms): Min: 0.0, Avg: 0.0, Max: 0.0, Diff: 0.0, Sum: 0.1]
      [Object Copy (ms): Min: 29.6, Avg: 29.6, Max: 29.6, Diff: 0.0, Sum: 236.6]
      [Termination (ms): Min: 0.0, Avg: 0.0, Max: 0.0, Diff: 0.0, Sum: 0.0]
      [GC Worker Other (ms): Min: 0.0, Avg: 0.1, Max: 0.1, Diff: 0.0, Sum: 0.4]
      [GC Worker Total (ms): Min: 31.0, Avg: 31.1, Max: 31.1, Diff: 0.1, Sum: 248.6]
      [GC Worker End (ms): Min: 345325.2, Avg: 345325.2, Max: 345325.2, Diff: 0.0]
   [Code Root Fixup: 0.0 ms]
   [Code Root Migration: 0.1 ms]
   [Clear CT: 0.4 ms]
   [Other: 0.8 ms]
      [Choose CSet: 0.0 ms]
      [Ref Proc: 0.1 ms]
      [Ref Enq: 0.0 ms]
      [Free CSet: 0.6 ms]
   [Eden: 853.0M(853.0M)->0.0B(853.0M) Survivors: 69.0M->69.0M Heap: 1083.4M(1538.0M)->230.9M(1538.0M)]
 [Times: user=0.25 sys=0.00, real=0.03 secs] 
345.327: Total time for which application threads were stopped: 0.0326480 seconds, Stopping threads took: 0.0000360 seconds
345.766: Application time: 0.4398050 seconds
345.767: [GC pause (young), 0.0325830 secs]
   [Parallel Time: 31.4 ms, GC Workers: 8]
      [GC Worker Start (ms): Min: 345766.6, Avg: 345766.6, Max: 345766.7, Diff: 0.1]
      [Ext Root Scanning (ms): Min: 0.7, Avg: 0.8, Max: 0.9, Diff: 0.2, Sum: 6.3]
      [Update RS (ms): Min: 0.2, Avg: 0.3, Max: 0.4, Diff: 0.2, Sum: 2.4]
         [Processed Buffers: Min: 1, Avg: 2.1, Max: 3, Diff: 2, Sum: 17]
      [Scan RS (ms): Min: 0.2, Avg: 0.3, Max: 0.4, Diff: 0.2, Sum: 2.7]
      [Code Root Scanning (ms): Min: 0.0, Avg: 0.0, Max: 0.0, Diff: 0.0, Sum: 0.0]
      [Object Copy (ms): Min: 29.8, Avg: 29.8, Max: 29.8, Diff: 0.0, Sum: 238.3]
      [Termination (ms): Min: 0.0, Avg: 0.0, Max: 0.0, Diff: 0.0, Sum: 0.0]
      [GC Worker Other (ms): Min: 0.0, Avg: 0.1, Max: 0.1, Diff: 0.0, Sum: 0.4]
      [GC Worker Total (ms): Min: 31.2, Avg: 31.3, Max: 31.3, Diff: 0.1, Sum: 250.3]
      [GC Worker End (ms): Min: 345797.9, Avg: 345797.9, Max: 345797.9, Diff: 0.0]
   [Code Root Fixup: 0.0 ms]
   [Code Root Migration: 0.1 ms]
   [Clear CT: 0.4 ms]
   [Other: 0.7 ms]
      [Choose CSet: 0.0 ms]
      [Ref Proc: 0.1 ms]
      [Ref Enq: 0.0 ms]
      [Free CSet: 0.6 ms]
   [Eden: 853.0M(853.0M)->0.0B(853.0M) Survivors: 69.0M->69.0M Heap: 1083.9M(1538.0M)->230.9M(1538.0M)]
 [Times: user=0.26 sys=0.00, real=0.03 secs] 
345.799: Total time for which application threads were stopped: 0.0328260 seconds, Stopping threads took: 0.0000900 seconds
346.240: Application time: 0.4409010 seconds
346.240: [GC pause (young), 0.0313890 secs]
   [Parallel Time: 30.0 ms, GC Workers: 8]
      [GC Worker Start (ms): Min: 346240.3, Avg: 346240.7, Max: 346243.4, Diff: 3.1]
      [Ext Root Scanning (ms): Min: 0.0, Avg: 0.7, Max: 0.9, Diff: 0.8, Sum: 5.4]
      [Update RS (ms): Min: 0.0, Avg: 0.3, Max: 0.4, Diff: 0.4, Sum: 2.2]
         [Processed Buffers: Min: 0, Avg: 2.1, Max: 3, Diff: 3, Sum: 17]
      [Scan RS (ms): Min: 0.2, Avg: 0.3, Max: 0.4, Diff: 0.2, Sum: 2.6]
      [Code Root Scanning (ms): Min: 0.0, Avg: 0.0, Max: 0.0, Diff: 0.0, Sum: 0.0]
      [Object Copy (ms): Min: 26.6, Avg: 28.3, Max: 28.5, Diff: 1.9, Sum: 226.1]
      [Termination (ms): Min: 0.0, Avg: 0.0, Max: 0.0, Diff: 0.0, Sum: 0.0]
      [GC Worker Other (ms): Min: 0.0, Avg: 0.1, Max: 0.1, Diff: 0.0, Sum: 0.4]
      [GC Worker Total (ms): Min: 26.9, Avg: 29.6, Max: 30.0, Diff: 3.1, Sum: 236.8]
      [GC Worker End (ms): Min: 346270.3, Avg: 346270.3, Max: 346270.3, Diff: 0.0]
   [Code Root Fixup: 0.0 ms]
   [Code Root Migration: 0.1 ms]
   [Clear CT: 0.4 ms]
   [Other: 0.8 ms]
      [Choose CSet: 0.0 ms]
      [Ref Proc: 0.1 ms]
      [Ref Enq: 0.0 ms]
      [Free CSet: 0.6 ms]
   [Eden: 853.0M(853.0M)->0.0B(855.0M) Survivors: 69.0M->67.0M Heap: 1083.9M(1538.0M)->228.9M(1538.0M)]
 [Times: user=0.24 sys=0.00, real=0.04 secs] 
346.272: Total time for which application threads were stopped: 0.0315650 seconds, Stopping threads took: 0.0000150 seconds
346.716: Application time: 0.4446440 seconds
346.716: [GC pause (young), 0.0318310 secs]
   [Parallel Time: 30.6 ms, GC Workers: 8]
      [GC Worker Start (ms): Min: 346716.5, Avg: 346716.5, Max: 346716.6, Diff: 0.1]
      [Ext Root Scanning (ms): Min: 0.7, Avg: 0.8, Max: 0.8, Diff: 0.1, Sum: 6.0]
      [Update RS (ms): Min: 0.2, Avg: 0.3, Max: 0.4, Diff: 0.2, Sum: 2.3]
         [Processed Buffers: Min: 1, Avg: 2.1, Max: 4, Diff: 3, Sum: 17]
      [Scan RS (ms): Min: 0.3, Avg: 0.4, Max: 0.4, Diff: 0.1, Sum: 3.1]
      [Code Root Scanning (ms): Min: 0.0, Avg: 0.0, Max: 0.0, Diff: 0.0, Sum: 0.0]
      [Object Copy (ms): Min: 29.0, Avg: 29.0, Max: 29.1, Diff: 0.1, Sum: 232.3]
      [Termination (ms): Min: 0.0, Avg: 0.0, Max: 0.0, Diff: 0.0, Sum: 0.0]
      [GC Worker Other (ms): Min: 0.0, Avg: 0.1, Max: 0.1, Diff: 0.0, Sum: 0.5]
      [GC Worker Total (ms): Min: 30.5, Avg: 30.5, Max: 30.6, Diff: 0.1, Sum: 244.2]
      [GC Worker End (ms): Min: 346747.0, Avg: 346747.1, Max: 346747.1, Diff: 0.0]
   [Code Root Fixup: 0.0 ms]
   [Code Root Migration: 0.1 ms]
   [Clear CT: 0.4 ms]
   [Other: 0.7 ms]
      [Choose CSet: 0.0 ms]
      [Ref Proc: 0.1 ms]
      [Ref Enq: 0.0 ms]
      [Free CSet: 0.6 ms]
   [Eden: 855.0M(855.0M)->0.0B(855.0M) Survivors: 67.0M->67.0M Heap: 1083.9M(1538.0M)->228.9M(1538.0M)]
 [Times: user=0.24 sys=0.00, real=0.03 secs] 
346.748: Total time for which application threads were stopped: 0.0320260 seconds, Stopping threads took: 0.0000510 seconds
347.191: Application time: 0.4423610 seconds
347.191: [GC pause (young), 0.0324750 secs]
   [Parallel Time: 31.2 ms, GC Workers: 8]
      [GC Worker Start (ms): Min: 347190.9, Avg: 347191.0, Max: 347191.3, Diff: 0.4]
      [Ext Root Scanning (ms): Min: 0.5, Avg: 0.7, Max: 0.8, Diff: 0.3, Sum: 6.0]
      [Update RS (ms): Min: 0.2, Avg: 0.3, Max: 0.4, Diff: 0.2, Sum: 2.4]
         [Processed Buffers: Min: 1, Avg: 2.1, Max: 4, Diff: 3, Sum: 17]
      [Scan RS (ms): Min: 0.3, Avg: 0.4, Max: 0.4, Diff: 0.1, Sum: 2.8]
      [Code Root Scanning (ms): Min: 0.0, Avg: 0.0, Max: 0.0, Diff: 0.0, Sum: 0.0]
      [Object Copy (ms): Min: 29.6, Avg: 29.7, Max: 29.7, Diff: 0.1, Sum: 237.3]
      [Termination (ms): Min: 0.0, Avg: 0.0, Max: 0.0, Diff: 0.0, Sum: 0.0]
      [GC Worker Other (ms): Min: 0.0, Avg: 0.1, Max: 0.1, Diff: 0.0, Sum: 0.5]
      [GC Worker Total (ms): Min: 30.8, Avg: 31.1, Max: 31.2, Diff: 0.4, Sum: 248.9]
      [GC Worker End (ms): Min: 347222.1, Avg: 347222.1, Max: 347222.1, Diff: 0.0]
   [Code Root Fixup: 0.0 ms]
   [Code Root Migration: 0.1 ms]
   [Clear CT: 0.4 ms]
   [Other: 0.7 ms]
      [Choose CSet: 0.0 ms]
      [Ref Proc: 0.1 ms]
      [Ref Enq: 0.0 ms]
      [Free CSet: 0.6 ms]
   [Eden: 855.0M(855.0M)->0.0B(853.0M) Survivors: 67.0M->69.0M Heap: 1083.9M(1538.0M)->230.9M(1538.0M)]
 [Times: user=0.26 sys=0.00, real=0.04 secs] 
347.223: Total time for which application threads were stopped: 0.0327000 seconds, Stopping threads took: 0.0000520 seconds
347.663: Application time: 0.4393880 seconds
347.663: [GC pause (young), 0.0338840 secs]
   [Parallel Time: 32.6 ms, GC Workers: 8]
      [GC Worker Start (ms): Min: 347663.0, Avg: 347663.0, Max: 347663.1, Diff: 0.1]
      [Ext Root Scanning (ms): Min: 0.7, Avg: 0.7, Max: 0.8, Diff: 0.2, Sum: 6.0]
      [Update RS (ms): Min: 0.2, Avg: 0.3, Max: 0.4, Diff: 0.3, Sum: 2.4]
         [Processed Buffers: Min: 1, Avg: 2.1, Max: 3, Diff: 2, Sum: 17]
      [Scan RS (ms): Min: 0.3, Avg: 0.4, Max: 0.5, Diff: 0.1, Sum: 3.0]
      [Code Root Scanning (ms): Min: 0.0, Avg: 0.0, Max: 0.0, Diff: 0.0, Sum: 0.1]
      [Object Copy (ms): Min: 31.0, Avg: 31.0, Max: 31.1, Diff: 0.1, Sum: 248.4]
      [Termination (ms): Min: 0.0, Avg: 0.0, Max: 0.0, Diff: 0.0, Sum: 0.0]
      [GC Worker Other (ms): Min: 0.0, Avg: 0.0, Max: 0.1, Diff: 0.0, Sum: 0.4]
      [GC Worker Total (ms): Min: 32.5, Avg: 32.5, Max: 32.5, Diff: 0.1, Sum: 260.2]
      [GC Worker End (ms): Min: 347695.5, Avg: 347695.6, Max: 347695.6, Diff: 0.0]
   [Code Root Fixup: 0.1 ms]
   [Code Root Migration: 0.1 ms]
   [Clear CT: 0.4 ms]
   [Other: 0.7 ms]
      [Choose CSet: 0.0 ms]
      [Ref Proc: 0.1 ms]
      [Ref Enq: 0.0 ms]
      [Free CSet: 0.6 ms]
   [Eden: 853.0M(853.0M)->0.0B(849.0M) Survivors: 69.0M->73.0M Heap: 1083.9M(1538.0M)->234.4M(1538.0M)]
 [Times: user=0.26 sys=0.00, real=0.04 secs] 
347.697: Total time for which application threads were stopped: 0.0340910 seconds, Stopping threads took: 0.0000570 seconds
348.137: Application time: 0.4400550 seconds
348.137: [GC pause (young), 0.0324440 secs]
   [Parallel Time: 31.2 ms, GC Workers: 8]
      [GC Worker Start (ms): Min: 348137.1, Avg: 348137.2, Max: 348137.2, Diff: 0.1]
      [Ext Root Scanning (ms): Min: 0.7, Avg: 0.8, Max: 0.8, Diff: 0.1, Sum: 6.2]
      [Update RS (ms): Min: 0.2, Avg: 0.3, Max: 0.4, Diff: 0.1, Sum: 2.3]
         [Processed Buffers: Min: 1, Avg: 2.1, Max: 3, Diff: 2, Sum: 17]
      [Scan RS (ms): Min: 0.2, Avg: 0.4, Max: 0.4, Diff: 0.2, Sum: 2.8]
      [Code Root Scanning (ms): Min: 0.0, Avg: 0.0, Max: 0.0, Diff: 0.0, Sum: 0.0]
      [Object Copy (ms): Min: 29.6, Avg: 29.6, Max: 29.6, Diff: 0.0, Sum: 237.0]
      [Termination (ms): Min: 0.0, Avg: 0.0, Max: 0.0, Diff: 0.0, Sum: 0.0]
      [GC Worker Other (ms): Min: 0.0, Avg: 0.1, Max: 0.1, Diff: 0.1, Sum: 0.4]
      [GC Worker Total (ms): Min: 31.1, Avg: 31.1, Max: 31.1, Diff: 0.1, Sum: 248.8]
      [GC Worker End (ms): Min: 348168.3, Avg: 348168.3, Max: 348168.3, Diff: 0.0]
   [Code Root Fixup: 0.1 ms]
   [Code Root Migration: 0.1 ms]
   [Clear CT: 0.4 ms]
   [Other: 0.7 ms]
      [Choose CSet: 0.0 ms]
      [Ref Proc: 0.1 ms]
      [Ref Enq: 0.0 ms]
      [Free CSet: 0.6 ms]
   [Eden: 849.0M(849.0M)->0.0B(852.0M) Survivors: 73.0M->70.0M Heap: 1083.4M(1538.0M)->232.0M(1538.0M)]
 [Times: user=0.26 sys=0.00, real=0.03 secs] 
348.170: Total time for which application threads were stopped: 0.0326390 seconds, Stopping threads took: 0.0000340 seconds
348.613: Application time: 0.4430930 seconds
348.613: [GC pause (young), 0.0328130 secs]
   [Parallel Time: 31.5 ms, GC Workers: 8]
      [GC Worker Start (ms): Min: 348612.9, Avg: 348612.9, Max: 348612.9, Diff: 0.1]
      [Ext Root Scanning (ms): Min: 0.7, Avg: 1.0, Max: 2.6, Diff: 1.9, Sum: 7.7]
      [Update RS (ms): Min: 0.0, Avg: 0.3, Max: 0.4, Diff: 0.4, Sum: 2.2]
         [Processed Buffers: Min: 0, Avg: 2.1, Max: 4, Diff: 4, Sum: 17]
      [Scan RS (ms): Min: 0.1, Avg: 0.3, Max: 0.4, Diff: 0.3, Sum: 2.7]
      [Code Root Scanning (ms): Min: 0.0, Avg: 0.0, Max: 0.0, Diff: 0.0, Sum: 0.1]
      [Object Copy (ms): Min: 28.8, Avg: 29.8, Max: 30.0, Diff: 1.2, Sum: 238.6]
      [Termination (ms): Min: 0.0, Avg: 0.0, Max: 0.0, Diff: 0.0, Sum: 0.0]
      [GC Worker Other (ms): Min: 0.0, Avg: 0.0, Max: 0.1, Diff: 0.0, Sum: 0.4]
      [GC Worker Total (ms): Min: 31.4, Avg: 31.5, Max: 31.5, Diff: 0.1, Sum: 251.7]
      [GC Worker End (ms): Min: 348644.3, Avg: 348644.4, Max: 348644.4, Diff: 0.0]
   [Code Root Fixup: 0.0 ms]
   [Code Root Migration: 0.1 ms]
   [Clear CT: 0.4 ms]
   [Other: 0.7 ms]
      [Choose CSet: 0.0 ms]
      [Ref Proc: 0.1 ms]
      [Ref Enq: 0.0 ms]
      [Free CSet: 0.6 ms]
   [Eden: 852.0M(852.0M)->0.0B(852.0M) Survivors: 70.0M->70.0M Heap: 1084.0M(1538.0M)->232.0M(1538.0M)]
 [Times: user=0.25 sys=0.00, real=0.03 secs] 
348.646: Total time for which application threads were stopped: 0.0329980 seconds, Stopping threads took: 0.0000280 seconds
349.085: Application time: 0.4396350 seconds
349.086: [GC pause (young), 0.0338730 secs]
   [Parallel Time: 32.5 ms, GC Workers: 8]
      [GC Worker Start (ms): Min: 349085.5, Avg: 349085.6, Max: 349085.6, Diff: 0.1]
      [Ext Root Scanning (ms): Min: 0.7, Avg: 0.7, Max: 0.8, Diff: 0.1, Sum: 6.0]
      [Update RS (ms): Min: 0.1, Avg: 0.3, Max: 0.5, Diff: 0.3, Sum: 2.4]
         [Processed Buffers: Min: 1, Avg: 2.1, Max: 3, Diff: 2, Sum: 17]
      [Scan RS (ms): Min: 0.2, Avg: 0.4, Max: 0.5, Diff: 0.2, Sum: 2.9]
      [Code Root Scanning (ms): Min: 0.0, Avg: 0.0, Max: 0.0, Diff: 0.0, Sum: 0.0]
      [Object Copy (ms): Min: 31.0, Avg: 31.0, Max: 31.0, Diff: 0.1, Sum: 248.0]
      [Termination (ms): Min: 0.0, Avg: 0.0, Max: 0.0, Diff: 0.0, Sum: 0.0]
      [GC Worker Other (ms): Min: 0.0, Avg: 0.1, Max: 0.1, Diff: 0.0, Sum: 0.5]
      [GC Worker Total (ms): Min: 32.4, Avg: 32.5, Max: 32.5, Diff: 0.1, Sum: 259.8]
      [GC Worker End (ms): Min: 349118.0, Avg: 349118.0, Max: 349118.1, Diff: 0.0]
   [Code Root Fixup: 0.0 ms]
   [Code Root Migration: 0.1 ms]
   [Clear CT: 0.4 ms]
   [Other: 0.8 ms]
      [Choose CSet: 0.0 ms]
      [Ref Proc: 0.1 ms]
      [Ref Enq: 0.0 ms]
      [Free CSet: 0.6 ms]
   [Eden: 852.0M(852.0M)->0.0B(850.0M) Survivors: 70.0M->72.0M Heap: 1084.0M(1538.0M)->233.5M(1538.0M)]
 [Times: user=0.26 sys=0.00, real=0.03 secs] 
349.119: Total time for which application threads were stopped: 0.0340820 seconds, Stopping threads took: 0.0000540 seconds
349.561: Application time: 0.4420110 seconds
349.562: [GC pause (young), 0.0321960 secs]
   [Parallel Time: 30.9 ms, GC Workers: 8]
      [GC Worker Start (ms): Min: 349561.6, Avg: 349561.7, Max: 349561.7, Diff: 0.1]
      [Ext Root Scanning (ms): Min: 0.7, Avg: 0.7, Max: 0.8, Diff: 0.1, Sum: 6.0]
      [Update RS (ms): Min: 0.2, Avg: 0.3, Max: 0.4, Diff: 0.2, Sum: 2.3]
         [Processed Buffers: Min: 1, Avg: 2.1, Max: 3, Diff: 2, Sum: 17]
      [Scan RS (ms): Min: 0.3, Avg: 0.4, Max: 0.4, Diff: 0.1, Sum: 3.0]
      [Code Root Scanning (ms): Min: 0.0, Avg: 0.0, Max: 0.0, Diff: 0.0, Sum: 0.0]
      [Object Copy (ms): Min: 29.3, Avg: 29.4, Max: 29.4, Diff: 0.1, Sum: 235.1]
      [Termination (ms): Min: 0.0, Avg: 0.0, Max: 0.0, Diff: 0.0, Sum: 0.0]
      [GC Worker Other (ms): Min: 0.0, Avg: 0.0, Max: 0.1, Diff: 0.0, Sum: 0.4]
      [GC Worker Total (ms): Min: 30.8, Avg: 30.8, Max: 30.9, Diff: 0.1, Sum: 246.7]
      [GC Worker End (ms): Min: 349592.5, Avg: 349592.5, Max: 349592.5, Diff: 0.0]
   [Code Root Fixup: 0.0 ms]
   [Code Root Migration: 0.1 ms]
   [Clear CT: 0.4 ms]
   [Other: 0.7 ms]
      [Choose CSet: 0.0 ms]
      [Ref Proc: 0.1 ms]
      [Ref Enq: 0.0 ms]
      [Free CSet: 0.6 ms]
   [Eden: 850.0M(850.0M)->0.0B(855.0M) Survivors: 72.0M->67.0M Heap: 1083.5M(1538.0M)->228.5M(1538.0M)]
 [Times: user=0.24 sys=0.00, real=0.04 secs] 
349.594: Total time for which application threads were stopped: 0.0323920 seconds, Stopping threads took: 0.0000540 seconds
350.042: Application time: 0.4477710 seconds
350.042: [GC pause (young), 0.0324520 secs]
   [Parallel Time: 31.2 ms, GC Workers: 8]
      [GC Worker Start (ms): Min: 350041.8, Avg: 350041.8, Max: 350041.9, Diff: 0.1]
      [Ext Root Scanning (ms): Min: 0.7, Avg: 0.8, Max: 0.9, Diff: 0.1, Sum: 6.3]
      [Update RS (ms): Min: 0.2, Avg: 0.3, Max: 0.3, Diff: 0.1, Sum: 2.3]
         [Processed Buffers: Min: 1, Avg: 2.1, Max: 4, Diff: 3, Sum: 17]
      [Scan RS (ms): Min: 0.3, Avg: 0.4, Max: 0.4, Diff: 0.1, Sum: 3.0]
      [Code Root Scanning (ms): Min: 0.0, Avg: 0.0, Max: 0.0, Diff: 0.0, Sum: 0.0]
      [Object Copy (ms): Min: 29.6, Avg: 29.6, Max: 29.6, Diff: 0.0, Sum: 237.0]
      [Termination (ms): Min: 0.0, Avg: 0.0, Max: 0.0, Diff: 0.0, Sum: 0.0]
      [GC Worker Other (ms): Min: 0.0, Avg: 0.0, Max: 0.1, Diff: 0.0, Sum: 0.4]
      [GC Worker Total (ms): Min: 31.1, Avg: 31.1, Max: 31.2, Diff: 0.1, Sum: 249.0]
      [GC Worker End (ms): Min: 350073.0, Avg: 350073.0, Max: 350073.0, Diff: 0.0]
   [Code Root Fixup: 0.1 ms]
   [Code Root Migration: 0.1 ms]
   [Clear CT: 0.4 ms]
   [Other: 0.7 ms]
      [Choose CSet: 0.0 ms]
      [Ref Proc: 0.1 ms]
      [Ref Enq: 0.0 ms]
      [Free CSet: 0.6 ms]
   [Eden: 855.0M(855.0M)->0.0B(852.0M) Survivors: 67.0M->70.0M Heap: 1083.5M(1538.0M)->232.0M(1538.0M)]
 [Times: user=0.25 sys=0.00, real=0.04 secs] 
350.074: Total time for which application threads were stopped: 0.0326910 seconds, Stopping threads took: 0.0000670 seconds
350.514: Application time: 0.4401130 seconds
350.515: [GC pause (young), 0.0333140 secs]
   [Parallel Time: 31.9 ms, GC Workers: 8]
      [GC Worker Start (ms): Min: 350514.6, Avg: 350514.6, Max: 350514.6, Diff: 0.1]
      [Ext Root Scanning (ms): Min: 0.7, Avg: 0.8, Max: 0.9, Diff: 0.1, Sum: 6.5]
      [Update RS (ms): Min: 0.2, Avg: 0.3, Max: 0.4, Diff: 0.2, Sum: 2.3]
         [Processed Buffers: Min: 1, Avg: 2.1, Max: 4, Diff: 3, Sum: 17]
      [Scan RS (ms): Min: 0.3, Avg: 0.4, Max: 0.4, Diff: 0.1, Sum: 3.0]
      [Code Root Scanning (ms): Min: 0.0, Avg: 0.0, Max: 0.0, Diff: 0.0, Sum: 0.0]
      [Object Copy (ms): Min: 30.3, Avg: 30.3, Max: 30.3, Diff: 0.0, Sum: 242.5]
      [Termination (ms): Min: 0.0, Avg: 0.0, Max: 0.0, Diff: 0.0, Sum: 0.0]
      [GC Worker Other (ms): Min: 0.0, Avg: 0.1, Max: 0.1, Diff: 0.1, Sum: 0.6]
      [GC Worker Total (ms): Min: 31.8, Avg: 31.9, Max: 31.9, Diff: 0.1, Sum: 254.9]
      [GC Worker End (ms): Min: 350546.4, Avg: 350546.5, Max: 350546.5, Diff: 0.1]
   [Code Root Fixup: 0.0 ms]
   [Code Root Migration: 0.1 ms]
   [Clear CT: 0.4 ms]
   [Other: 0.8 ms]
      [Choose CSet: 0.0 ms]
      [Ref Proc: 0.1 ms]
      [Ref Enq: 0.0 ms]
      [Free CSet: 0.6 ms]
   [Eden: 852.0M(852.0M)->0.0B(851.0M) Survivors: 70.0M->71.0M Heap: 1084.0M(1538.0M)->232.5M(1538.0M)]
 [Times: user=0.26 sys=0.01, real=0.03 secs] 
350.548: Total time for which application threads were stopped: 0.0334850 seconds, Stopping threads took: 0.0000260 seconds
350.986: Application time: 0.4383870 seconds
350.986: [GC pause (young), 0.0316900 secs]
   [Parallel Time: 30.4 ms, GC Workers: 8]
      [GC Worker Start (ms): Min: 350986.5, Avg: 350987.6, Max: 350995.4, Diff: 8.9]
      [Ext Root Scanning (ms): Min: 0.0, Avg: 0.7, Max: 0.9, Diff: 0.9, Sum: 5.5]
      [Update RS (ms): Min: 0.0, Avg: 0.3, Max: 0.4, Diff: 0.4, Sum: 2.2]
         [Processed Buffers: Min: 0, Avg: 2.1, Max: 5, Diff: 5, Sum: 17]
      [Scan RS (ms): Min: 0.2, Avg: 0.3, Max: 0.4, Diff: 0.2, Sum: 2.7]
      [Code Root Scanning (ms): Min: 0.0, Avg: 0.0, Max: 0.0, Diff: 0.0, Sum: 0.1]
      [Object Copy (ms): Min: 21.2, Avg: 27.9, Max: 28.8, Diff: 7.7, Sum: 222.9]
      [Termination (ms): Min: 0.0, Avg: 0.0, Max: 0.0, Diff: 0.0, Sum: 0.0]
      [GC Worker Other (ms): Min: 0.0, Avg: 0.1, Max: 0.1, Diff: 0.0, Sum: 0.4]
      [GC Worker Total (ms): Min: 21.5, Avg: 29.2, Max: 30.4, Diff: 8.9, Sum: 233.8]
      [GC Worker End (ms): Min: 351016.8, Avg: 351016.8, Max: 351016.9, Diff: 0.0]
   [Code Root Fixup: 0.1 ms]
   [Code Root Migration: 0.1 ms]
   [Clear CT: 0.4 ms]
   [Other: 0.7 ms]
      [Choose CSet: 0.0 ms]
      [Ref Proc: 0.1 ms]
      [Ref Enq: 0.0 ms]
      [Free CSet: 0.6 ms]
   [Eden: 851.0M(851.0M)->0.0B(853.0M) Survivors: 71.0M->69.0M Heap: 1083.5M(1538.0M)->230.5M(1538.0M)]
 [Times: user=0.23 sys=0.00, real=0.03 secs] 
351.018: Total time for which application threads were stopped: 0.0318990 seconds, Stopping threads took: 0.0000420 seconds
351.458: Application time: 0.4397080 seconds
351.458: [GC pause (young), 0.0335350 secs]
   [Parallel Time: 32.3 ms, GC Workers: 8]
      [GC Worker Start (ms): Min: 351458.1, Avg: 351458.1, Max: 351458.1, Diff: 0.1]
      [Ext Root Scanning (ms): Min: 0.7, Avg: 0.8, Max: 0.8, Diff: 0.1, Sum: 6.1]
      [Update RS (ms): Min: 0.2, Avg: 0.3, Max: 0.4, Diff: 0.2, Sum: 2.3]
         [Processed Buffers: Min: 1, Avg: 2.1, Max: 3, Diff: 2, Sum: 17]
      [Scan RS (ms): Min: 0.3, Avg: 0.4, Max: 0.4, Diff: 0.1, Sum: 3.1]
      [Code Root Scanning (ms): Min: 0.0, Avg: 0.0, Max: 0.0, Diff: 0.0, Sum: 0.0]
      [Object Copy (ms): Min: 30.7, Avg: 30.7, Max: 30.8, Diff: 0.1, Sum: 245.6]
      [Termination (ms): Min: 0.0, Avg: 0.0, Max: 0.0, Diff: 0.0, Sum: 0.0]
      [GC Worker Other (ms): Min: 0.0, Avg: 0.1, Max: 0.1, Diff: 0.0, Sum: 0.4]
      [GC Worker Total (ms): Min: 32.2, Avg: 32.2, Max: 32.2, Diff: 0.1, Sum: 257.5]
      [GC Worker End (ms): Min: 351490.3, Avg: 351490.3, Max: 351490.3, Diff: 0.0]
   [Code Root Fixup: 0.1 ms]
   [Code Root Migration: 0.1 ms]
   [Clear CT: 0.4 ms]
   [Other: 0.7 ms]
      [Choose CSet: 0.0 ms]
      [Ref Proc: 0.1 ms]
      [Ref Enq: 0.0 ms]
      [Free CSet: 0.6 ms]
   [Eden: 853.0M(853.0M)->0.0B(849.0M) Survivors: 69.0M->73.0M Heap: 1083.5M(1538.0M)->234.5M(1538.0M)]
 [Times: user=0.26 sys=0.00, real=0.04 secs] 
351.492: Total time for which application threads were stopped: 0.0337150 seconds, Stopping threads took: 0.0000360 seconds
351.933: Application time: 0.4410620 seconds
351.933: [GC pause (young), 0.0321740 secs]
   [Parallel Time: 30.9 ms, GC Workers: 8]
      [GC Worker Start (ms): Min: 351932.9, Avg: 351932.9, Max: 351932.9, Diff: 0.1]
      [Ext Root Scanning (ms): Min: 0.7, Avg: 0.8, Max: 0.8, Diff: 0.1, Sum: 6.1]
      [Update RS (ms): Min: 0.2, Avg: 0.3, Max: 0.4, Diff: 0.2, Sum: 2.3]
         [Processed Buffers: Min: 1, Avg: 2.1, Max: 4, Diff: 3, Sum: 17]
      [Scan RS (ms): Min: 0.3, Avg: 0.4, Max: 0.4, Diff: 0.1, Sum: 2.9]
      [Code Root Scanning (ms): Min: 0.0, Avg: 0.0, Max: 0.0, Diff: 0.0, Sum: 0.0]
      [Object Copy (ms): Min: 29.3, Avg: 29.4, Max: 29.4, Diff: 0.1, Sum: 234.9]
      [Termination (ms): Min: 0.0, Avg: 0.0, Max: 0.0, Diff: 0.0, Sum: 0.0]
      [GC Worker Other (ms): Min: 0.0, Avg: 0.0, Max: 0.1, Diff: 0.0, Sum: 0.4]
      [GC Worker Total (ms): Min: 30.8, Avg: 30.8, Max: 30.9, Diff: 0.1, Sum: 246.7]
      [GC Worker End (ms): Min: 351963.7, Avg: 351963.7, Max: 351963.8, Diff: 0.0]
   [Code Root Fixup: 0.0 ms]
   [Code Root Migration: 0.1 ms]
   [Clear CT: 0.4 ms]
   [Other: 0.7 ms]
      [Choose CSet: 0.0 ms]
      [Ref Proc: 0.1 ms]
      [Ref Enq: 0.0 ms]
      [Free CSet: 0.6 ms]
   [Eden: 849.0M(849.0M)->0.0B(853.0M) Survivors: 73.0M->69.0M Heap: 1083.5M(1538.0M)->231.0M(1538.0M)]
 [Times: user=0.25 sys=0.00, real=0.03 secs] 
351.965: Total time for which application threads were stopped: 0.0323830 seconds, Stopping threads took: 0.0000510 seconds
352.410: Application time: 0.4450830 seconds
352.410: [GC pause (young), 0.0335720 secs]
   [Parallel Time: 32.3 ms, GC Workers: 8]
      [GC Worker Start (ms): Min: 352410.3, Avg: 352410.3, Max: 352410.4, Diff: 0.1]
      [Ext Root Scanning (ms): Min: 0.7, Avg: 0.8, Max: 1.0, Diff: 0.3, Sum: 6.4]
      [Update RS (ms): Min: 0.1, Avg: 0.3, Max: 0.4, Diff: 0.3, Sum: 2.4]
         [Processed Buffers: Min: 1, Avg: 2.1, Max: 3, Diff: 2, Sum: 17]
      [Scan RS (ms): Min: 0.3, Avg: 0.3, Max: 0.4, Diff: 0.1, Sum: 2.8]
      [Code Root Scanning (ms): Min: 0.0, Avg: 0.0, Max: 0.0, Diff: 0.0, Sum: 0.0]
      [Object Copy (ms): Min: 30.7, Avg: 30.8, Max: 30.8, Diff: 0.0, Sum: 246.0]
      [Termination (ms): Min: 0.0, Avg: 0.0, Max: 0.0, Diff: 0.0, Sum: 0.0]
      [GC Worker Other (ms): Min: 0.0, Avg: 0.1, Max: 0.1, Diff: 0.0, Sum: 0.4]
      [GC Worker Total (ms): Min: 32.2, Avg: 32.3, Max: 32.3, Diff: 0.1, Sum: 258.0]
      [GC Worker End (ms): Min: 352442.6, Avg: 352442.6, Max: 352442.6, Diff: 0.0]
   [Code Root Fixup: 0.0 ms]
   [Code Root Migration: 0.1 ms]
   [Clear CT: 0.4 ms]
   [Other: 0.7 ms]
      [Choose CSet: 0.0 ms]
      [Ref Proc: 0.1 ms]
      [Ref Enq: 0.0 ms]
      [Free CSet: 0.6 ms]
   [Eden: 853.0M(853.0M)->0.0B(849.0M) Survivors: 69.0M->73.0M Heap: 1084.0M(1538.0M)->235.1M(1538.0M)]
 [Times: user=0.26 sys=0.00, real=0.04 secs] 
352.444: Total time for which application threads were stopped: 0.0337630 seconds, Stopping threads took: 0.0000380 seconds
352.887: Application time: 0.4431770 seconds
352.887: [GC pause (young), 0.0329370 secs]
   [Parallel Time: 31.6 ms, GC Workers: 8]
      [GC Worker Start (ms): Min: 352887.3, Avg: 352888.3, Max: 352895.4, Diff: 8.1]
      [Ext Root Scanning (ms): Min: 0.0, Avg: 0.7, Max: 0.9, Diff: 0.8, Sum: 5.5]
      [Update RS (ms): Min: 0.0, Avg: 0.3, Max: 0.4, Diff: 0.4, Sum: 2.2]
         [Processed Buffers: Min: 0, Avg: 2.1, Max: 3, Diff: 3, Sum: 17]
      [Scan RS (ms): Min: 0.3, Avg: 0.4, Max: 0.4, Diff: 0.1, Sum: 2.9]
      [Code Root Scanning (ms): Min: 0.0, Avg: 0.0, Max: 0.0, Diff: 0.0, Sum: 0.0]
      [Object Copy (ms): Min: 23.0, Avg: 29.1, Max: 30.1, Diff: 7.1, Sum: 233.2]
      [Termination (ms): Min: 0.0, Avg: 0.0, Max: 0.0, Diff: 0.0, Sum: 0.0]
      [GC Worker Other (ms): Min: 0.0, Avg: 0.1, Max: 0.1, Diff: 0.1, Sum: 0.4]
      [GC Worker Total (ms): Min: 23.4, Avg: 30.5, Max: 31.6, Diff: 8.1, Sum: 244.2]
      [GC Worker End (ms): Min: 352918.8, Avg: 352918.8, Max: 352918.9, Diff: 0.0]
   [Code Root Fixup: 0.1 ms]
   [Code Root Migration: 0.1 ms]
   [Clear CT: 0.4 ms]
   [Other: 0.8 ms]
      [Choose CSet: 0.0 ms]
      [Ref Proc: 0.1 ms]
      [Ref Enq: 0.0 ms]
      [Free CSet: 0.6 ms]
   [Eden: 849.0M(849.0M)->0.0B(852.0M) Survivors: 73.0M->70.0M Heap: 1084.1M(1538.0M)->231.6M(1538.0M)]
 [Times: user=0.23 sys=0.01, real=0.03 secs] 
352.920: Total time for which application threads were stopped: 0.0331300 seconds, Stopping threads took: 0.0000330 seconds
353.367: Application time: 0.4471880 seconds
353.368: [GC pause (young), 0.0332840 secs]
   [Parallel Time: 32.0 ms, GC Workers: 8]
      [GC Worker Start (ms): Min: 353367.6, Avg: 353367.6, Max: 353367.7, Diff: 0.1]
      [Ext Root Scanning (ms): Min: 0.7, Avg: 0.7, Max: 0.8, Diff: 0.1, Sum: 5.9]
      [Update RS (ms): Min: 0.2, Avg: 0.3, Max: 0.5, Diff: 0.2, Sum: 2.4]
         [Processed Buffers: Min: 1, Avg: 2.1, Max: 3, Diff: 2, Sum: 17]
      [Scan RS (ms): Min: 0.3, Avg: 0.4, Max: 0.4, Diff: 0.1, Sum: 3.0]
      [Code Root Scanning (ms): Min: 0.0, Avg: 0.0, Max: 0.0, Diff: 0.0, Sum: 0.1]
      [Object Copy (ms): Min: 30.4, Avg: 30.5, Max: 30.5, Diff: 0.1, Sum: 243.7]
      [Termination (ms): Min: 0.0, Avg: 0.0, Max: 0.0, Diff: 0.0, Sum: 0.0]
      [GC Worker Other (ms): Min: 0.0, Avg: 0.0, Max: 0.1, Diff: 0.0, Sum: 0.4]
      [GC Worker Total (ms): Min: 31.9, Avg: 31.9, Max: 32.0, Diff: 0.1, Sum: 255.4]
      [GC Worker End (ms): Min: 353399.5, Avg: 353399.6, Max: 353399.6, Diff: 0.0]
   [Code Root Fixup: 0.0 ms]
   [Code Root Migration: 0.1 ms]
   [Clear CT: 0.4 ms]
   [Other: 0.7 ms]
      [Choose CSet: 0.0 ms]
      [Ref Proc: 0.1 ms]
      [Ref Enq: 0.0 ms]
      [Free CSet: 0.6 ms]
   [Eden: 852.0M(852.0M)->0.0B(852.0M) Survivors: 70.0M->70.0M Heap: 1083.6M(1538.0M)->231.6M(1538.0M)]
 [Times: user=0.26 sys=0.00, real=0.03 secs] 
353.401: Total time for which application threads were stopped: 0.0334920 seconds, Stopping threads took: 0.0000480 seconds
353.845: Application time: 0.4435900 seconds
353.845: [GC pause (young), 0.0319680 secs]
   [Parallel Time: 30.7 ms, GC Workers: 8]
      [GC Worker Start (ms): Min: 353844.7, Avg: 353844.7, Max: 353844.8, Diff: 0.1]
      [Ext Root Scanning (ms): Min: 0.7, Avg: 0.7, Max: 0.8, Diff: 0.1, Sum: 5.9]
      [Update RS (ms): Min: 0.2, Avg: 0.3, Max: 0.4, Diff: 0.2, Sum: 2.3]
         [Processed Buffers: Min: 1, Avg: 2.1, Max: 3, Diff: 2, Sum: 17]
      [Scan RS (ms): Min: 0.3, Avg: 0.4, Max: 0.4, Diff: 0.1, Sum: 2.9]
      [Code Root Scanning (ms): Min: 0.0, Avg: 0.0, Max: 0.0, Diff: 0.0, Sum: 0.0]
      [Object Copy (ms): Min: 29.2, Avg: 29.2, Max: 29.3, Diff: 0.1, Sum: 233.7]
      [Termination (ms): Min: 0.0, Avg: 0.0, Max: 0.0, Diff: 0.0, Sum: 0.0]
      [GC Worker Other (ms): Min: 0.0, Avg: 0.0, Max: 0.1, Diff: 0.0, Sum: 0.4]
      [GC Worker Total (ms): Min: 30.6, Avg: 30.7, Max: 30.7, Diff: 0.1, Sum: 245.3]
      [GC Worker End (ms): Min: 353875.4, Avg: 353875.4, Max: 353875.4, Diff: 0.0]
   [Code Root Fixup: 0.0 ms]
   [Code Root Migration: 0.1 ms]
   [Clear CT: 0.4 ms]
   [Other: 0.7 ms]
      [Choose CSet: 0.0 ms]
      [Ref Proc: 0.1 ms]
      [Ref Enq: 0.0 ms]
      [Free CSet: 0.6 ms]
   [Eden: 852.0M(852.0M)->0.0B(854.0M) Survivors: 70.0M->68.0M Heap: 1083.6M(1538.0M)->230.1M(1538.0M)]
 [Times: user=0.25 sys=0.00, real=0.03 secs] 
353.877: Total time for which application threads were stopped: 0.0322080 seconds, Stopping threads took: 0.0000730 seconds
354.322: Application time: 0.4450920 seconds
354.322: [GC pause (young), 0.0337000 secs]
   [Parallel Time: 32.4 ms, GC Workers: 8]
      [GC Worker Start (ms): Min: 354321.9, Avg: 354322.0, Max: 354322.0, Diff: 0.1]
      [Ext Root Scanning (ms): Min: 0.7, Avg: 0.8, Max: 0.8, Diff: 0.1, Sum: 6.3]
      [Update RS (ms): Min: 0.2, Avg: 0.3, Max: 0.4, Diff: 0.2, Sum: 2.4]
         [Processed Buffers: Min: 1, Avg: 2.1, Max: 3, Diff: 2, Sum: 17]
      [Scan RS (ms): Min: 0.3, Avg: 0.4, Max: 0.4, Diff: 0.2, Sum: 2.8]
      [Code Root Scanning (ms): Min: 0.0, Avg: 0.0, Max: 0.0, Diff: 0.0, Sum: 0.0]
      [Object Copy (ms): Min: 30.8, Avg: 30.8, Max: 30.8, Diff: 0.0, Sum: 246.4]
      [Termination (ms): Min: 0.0, Avg: 0.0, Max: 0.0, Diff: 0.0, Sum: 0.0]
      [GC Worker Other (ms): Min: 0.0, Avg: 0.1, Max: 0.1, Diff: 0.0, Sum: 0.4]
      [GC Worker Total (ms): Min: 32.3, Avg: 32.3, Max: 32.3, Diff: 0.0, Sum: 258.5]
      [GC Worker End (ms): Min: 354354.3, Avg: 354354.3, Max: 354354.3, Diff: 0.0]
   [Code Root Fixup: 0.0 ms]
   [Code Root Migration: 0.1 ms]
   [Clear CT: 0.4 ms]
   [Other: 0.8 ms]
      [Choose CSet: 0.0 ms]
      [Ref Proc: 0.1 ms]
      [Ref Enq: 0.0 ms]
      [Free CSet: 0.6 ms]
   [Eden: 854.0M(854.0M)->0.0B(850.0M) Survivors: 68.0M->72.0M Heap: 1084.1M(1538.0M)->233.6M(1538.0M)]
 [Times: user=0.26 sys=0.00, real=0.04 secs] 
354.356: Total time for which application threads were stopped: 0.0338600 seconds, Stopping threads took: 0.0000160 seconds
354.797: Application time: 0.4415490 seconds
354.797: [GC pause (young), 0.0340310 secs]
   [Parallel Time: 32.7 ms, GC Workers: 8]
      [GC Worker Start (ms): Min: 354797.4, Avg: 354797.4, Max: 354797.5, Diff: 0.1]
      [Ext Root Scanning (ms): Min: 0.7, Avg: 0.7, Max: 0.8, Diff: 0.1, Sum: 5.9]
      [Update RS (ms): Min: 0.2, Avg: 0.3, Max: 0.4, Diff: 0.2, Sum: 2.3]
         [Processed Buffers: Min: 1, Avg: 2.1, Max: 3, Diff: 2, Sum: 17]
      [Scan RS (ms): Min: 0.3, Avg: 0.4, Max: 0.4, Diff: 0.1, Sum: 3.0]
      [Code Root Scanning (ms): Min: 0.0, Avg: 0.0, Max: 0.0, Diff: 0.0, Sum: 0.0]
      [Object Copy (ms): Min: 31.2, Avg: 31.2, Max: 31.2, Diff: 0.1, Sum: 249.6]
      [Termination (ms): Min: 0.0, Avg: 0.0, Max: 0.0, Diff: 0.0, Sum: 0.0]
      [GC Worker Other (ms): Min: 0.0, Avg: 0.1, Max: 0.1, Diff: 0.0, Sum: 0.4]
      [GC Worker Total (ms): Min: 32.6, Avg: 32.7, Max: 32.7, Diff: 0.1, Sum: 261.3]
      [GC Worker End (ms): Min: 354830.1, Avg: 354830.1, Max: 354830.1, Diff: 0.0]
   [Code Root Fixup: 0.0 ms]
   [Code Root Migration: 0.1 ms]
   [Clear CT: 0.4 ms]
   [Other: 0.8 ms]
      [Choose CSet: 0.0 ms]
      [Ref Proc: 0.1 ms]
      [Ref Enq: 0.0 ms]
      [Free CSet: 0.6 ms]
   [Eden: 850.0M(850.0M)->0.0B(849.0M) Survivors: 72.0M->73.0M Heap: 1083.6M(1538.0M)->234.6M(1538.0M)]
 [Times: user=0.27 sys=0.00, real=0.04 secs] 
354.831: Total time for which application threads were stopped: 0.0342280 seconds, Stopping threads took: 0.0000440 seconds
355.272: Application time: 0.4410220 seconds
355.273: [GC pause (young), 0.0325010 secs]
   [Parallel Time: 31.2 ms, GC Workers: 8]
      [GC Worker Start (ms): Min: 355272.6, Avg: 355273.0, Max: 355275.4, Diff: 2.8]
      [Ext Root Scanning (ms): Min: 0.0, Avg: 0.7, Max: 0.9, Diff: 0.9, Sum: 5.6]
      [Update RS (ms): Min: 0.0, Avg: 0.3, Max: 0.4, Diff: 0.4, Sum: 2.2]
         [Processed Buffers: Min: 0, Avg: 2.1, Max: 4, Diff: 4, Sum: 17]
      [Scan RS (ms): Min: 0.2, Avg: 0.3, Max: 0.4, Diff: 0.2, Sum: 2.8]
      [Code Root Scanning (ms): Min: 0.0, Avg: 0.0, Max: 0.0, Diff: 0.0, Sum: 0.0]
      [Object Copy (ms): Min: 28.1, Avg: 29.4, Max: 29.7, Diff: 1.6, Sum: 235.5]
      [Termination (ms): Min: 0.0, Avg: 0.0, Max: 0.0, Diff: 0.0, Sum: 0.0]
      [GC Worker Other (ms): Min: 0.0, Avg: 0.0, Max: 0.1, Diff: 0.0, Sum: 0.4]
      [GC Worker Total (ms): Min: 28.4, Avg: 30.8, Max: 31.2, Diff: 2.8, Sum: 246.5]
      [GC Worker End (ms): Min: 355303.8, Avg: 355303.8, Max: 355303.8, Diff: 0.0]
   [Code Root Fixup: 0.1 ms]
   [Code Root Migration: 0.1 ms]
   [Clear CT: 0.4 ms]
   [Other: 0.7 ms]
      [Choose CSet: 0.0 ms]
      [Ref Proc: 0.1 ms]
      [Ref Enq: 0.0 ms]
      [Free CSet: 0.6 ms]
   [Eden: 849.0M(849.0M)->0.0B(853.0M) Survivors: 73.0M->69.0M Heap: 1083.6M(1538.0M)->230.6M(1538.0M)]
 [Times: user=0.25 sys=0.00, real=0.03 secs] 
355.305: Total time for which application threads were stopped: 0.0327020 seconds, Stopping threads took: 0.0000500 seconds
355.745: Application time: 0.4395430 seconds
355.745: [GC pause (young), 0.0334300 secs]
   [Parallel Time: 32.1 ms, GC Workers: 8]
      [GC Worker Start (ms): Min: 355744.9, Avg: 355745.3, Max: 355747.4, Diff: 2.5]
      [Ext Root Scanning (ms): Min: 0.0, Avg: 0.7, Max: 0.9, Diff: 0.9, Sum: 5.3]
      [Update RS (ms): Min: 0.0, Avg: 0.3, Max: 0.4, Diff: 0.4, Sum: 2.2]
         [Processed Buffers: Min: 0, Avg: 2.1, Max: 4, Diff: 4, Sum: 17]
      [Scan RS (ms): Min: 0.0, Avg: 0.3, Max: 0.4, Diff: 0.4, Sum: 2.7]
      [Code Root Scanning (ms): Min: 0.0, Avg: 0.0, Max: 0.0, Diff: 0.0, Sum: 0.0]
      [Object Copy (ms): Min: 29.5, Avg: 30.4, Max: 30.6, Diff: 1.1, Sum: 243.5]
      [Termination (ms): Min: 0.0, Avg: 0.0, Max: 0.0, Diff: 0.0, Sum: 0.0]
      [GC Worker Other (ms): Min: 0.0, Avg: 0.0, Max: 0.1, Diff: 0.0, Sum: 0.4]
      [GC Worker Total (ms): Min: 29.6, Avg: 31.8, Max: 32.1, Diff: 2.5, Sum: 254.1]
      [GC Worker End (ms): Min: 355777.0, Avg: 355777.0, Max: 355777.0, Diff: 0.0]
   [Code Root Fixup: 0.0 ms]
   [Code Root Migration: 0.1 ms]
   [Clear CT: 0.4 ms]
   [Other: 0.8 ms]
      [Choose CSet: 0.0 ms]
      [Ref Proc: 0.1 ms]
      [Ref Enq: 0.0 ms]
      [Free CSet: 0.6 ms]
   [Eden: 853.0M(853.0M)->0.0B(852.0M) Survivors: 69.0M->70.0M Heap: 1083.6M(1538.0M)->232.2M(1538.0M)]
 [Times: user=0.25 sys=0.00, real=0.03 secs] 
355.778: Total time for which application threads were stopped: 0.0336610 seconds, Stopping threads took: 0.0000680 seconds
356.217: Application time: 0.4383680 seconds
356.217: [GC pause (young), 0.0320790 secs]
   [Parallel Time: 30.8 ms, GC Workers: 8]
      [GC Worker Start (ms): Min: 356216.9, Avg: 356217.0, Max: 356217.0, Diff: 0.1]
      [Ext Root Scanning (ms): Min: 0.7, Avg: 0.8, Max: 0.8, Diff: 0.1, Sum: 6.3]
      [Update RS (ms): Min: 0.2, Avg: 0.3, Max: 0.4, Diff: 0.2, Sum: 2.3]
         [Processed Buffers: Min: 1, Avg: 2.1, Max: 4, Diff: 3, Sum: 17]
      [Scan RS (ms): Min: 0.3, Avg: 0.4, Max: 0.4, Diff: 0.1, Sum: 2.8]
      [Code Root Scanning (ms): Min: 0.0, Avg: 0.0, Max: 0.0, Diff: 0.0, Sum: 0.0]
      [Object Copy (ms): Min: 29.3, Avg: 29.3, Max: 29.3, Diff: 0.0, Sum: 234.2]
      [Termination (ms): Min: 0.0, Avg: 0.0, Max: 0.0, Diff: 0.0, Sum: 0.0]
      [GC Worker Other (ms): Min: 0.0, Avg: 0.0, Max: 0.1, Diff: 0.0, Sum: 0.4]
      [GC Worker Total (ms): Min: 30.7, Avg: 30.8, Max: 30.8, Diff: 0.1, Sum: 246.1]
      [GC Worker End (ms): Min: 356247.7, Avg: 356247.7, Max: 356247.7, Diff: 0.0]
   [Code Root Fixup: 0.0 ms]
   [Code Root Migration: 0.1 ms]
   [Clear CT: 0.4 ms]
   [Other: 0.7 ms]
      [Choose CSet: 0.0 ms]
      [Ref Proc: 0.1 ms]
      [Ref Enq: 0.0 ms]
      [Free CSet: 0.6 ms]
   [Eden: 852.0M(852.0M)->0.0B(852.0M) Survivors: 70.0M->70.0M Heap: 1084.2M(1538.0M)->231.7M(1538.0M)]
 [Times: user=0.25 sys=0.00, real=0.03 secs] 
356.249: Total time for which application threads were stopped: 0.0322820 seconds, Stopping threads took: 0.0000470 seconds
356.688: Application time: 0.4387950 seconds
356.688: [GC pause (young), 0.0325870 secs]
   [Parallel Time: 31.3 ms, GC Workers: 8]
      [GC Worker Start (ms): Min: 356688.0, Avg: 356688.0, Max: 356688.1, Diff: 0.1]
      [Ext Root Scanning (ms): Min: 0.7, Avg: 0.8, Max: 0.8, Diff: 0.1, Sum: 6.2]
      [Update RS (ms): Min: 0.2, Avg: 0.3, Max: 0.5, Diff: 0.2, Sum: 2.5]
         [Processed Buffers: Min: 1, Avg: 2.1, Max: 3, Diff: 2, Sum: 17]
      [Scan RS (ms): Min: 0.2, Avg: 0.3, Max: 0.4, Diff: 0.2, Sum: 2.8]
      [Code Root Scanning (ms): Min: 0.0, Avg: 0.0, Max: 0.0, Diff: 0.0, Sum: 0.0]
      [Object Copy (ms): Min: 29.8, Avg: 29.8, Max: 29.8, Diff: 0.1, Sum: 238.3]
      [Termination (ms): Min: 0.0, Avg: 0.0, Max: 0.0, Diff: 0.0, Sum: 0.0]
      [GC Worker Other (ms): Min: 0.0, Avg: 0.1, Max: 0.1, Diff: 0.0, Sum: 0.5]
      [GC Worker Total (ms): Min: 31.2, Avg: 31.3, Max: 31.3, Diff: 0.1, Sum: 250.3]
      [GC Worker End (ms): Min: 356719.3, Avg: 356719.3, Max: 356719.3, Diff: 0.0]
   [Code Root Fixup: 0.1 ms]
   [Code Root Migration: 0.1 ms]
   [Clear CT: 0.4 ms]
   [Other: 0.7 ms]
      [Choose CSet: 0.0 ms]
      [Ref Proc: 0.1 ms]
      [Ref Enq: 0.0 ms]
      [Free CSet: 0.6 ms]
   [Eden: 852.0M(852.0M)->0.0B(852.0M) Survivors: 70.0M->70.0M Heap: 1083.7M(1538.0M)->231.7M(1538.0M)]
 [Times: user=0.26 sys=0.00, real=0.03 secs] 
356.721: Total time for which application threads were stopped: 0.0327980 seconds, Stopping threads took: 0.0000520 seconds
357.164: Application time: 0.4430600 seconds
357.164: [GC pause (young), 0.0333370 secs]
   [Parallel Time: 32.0 ms, GC Workers: 8]
      [GC Worker Start (ms): Min: 357163.9, Avg: 357163.9, Max: 357163.9, Diff: 0.1]
      [Ext Root Scanning (ms): Min: 0.7, Avg: 0.8, Max: 0.8, Diff: 0.1, Sum: 6.3]
      [Update RS (ms): Min: 0.2, Avg: 0.3, Max: 0.4, Diff: 0.2, Sum: 2.4]
         [Processed Buffers: Min: 1, Avg: 2.1, Max: 3, Diff: 2, Sum: 17]
      [Scan RS (ms): Min: 0.3, Avg: 0.4, Max: 0.4, Diff: 0.2, Sum: 2.8]
      [Code Root Scanning (ms): Min: 0.0, Avg: 0.0, Max: 0.0, Diff: 0.0, Sum: 0.0]
      [Object Copy (ms): Min: 30.4, Avg: 30.4, Max: 30.4, Diff: 0.1, Sum: 243.3]
      [Termination (ms): Min: 0.0, Avg: 0.0, Max: 0.0, Diff: 0.0, Sum: 0.0]
      [GC Worker Other (ms): Min: 0.0, Avg: 0.0, Max: 0.1, Diff: 0.0, Sum: 0.4]
      [GC Worker Total (ms): Min: 31.9, Avg: 31.9, Max: 31.9, Diff: 0.1, Sum: 255.2]
      [GC Worker End (ms): Min: 357195.8, Avg: 357195.8, Max: 357195.8, Diff: 0.0]
   [Code Root Fixup: 0.0 ms]
   [Code Root Migration: 0.1 ms]
   [Clear CT: 0.4 ms]
   [Other: 0.8 ms]
      [Choose CSet: 0.0 ms]
      [Ref Proc: 0.1 ms]
      [Ref Enq: 0.0 ms]
      [Free CSet: 0.6 ms]
   [Eden: 852.0M(852.0M)->0.0B(852.0M) Survivors: 70.0M->70.0M Heap: 1083.7M(1538.0M)->231.7M(1538.0M)]
 [Times: user=0.26 sys=0.00, real=0.03 secs] 
357.197: Total time for which application threads were stopped: 0.0335250 seconds, Stopping threads took: 0.0000430 seconds
357.641: Application time: 0.4436140 seconds
357.641: [GC pause (young), 0.0312520 secs]
   [Parallel Time: 29.9 ms, GC Workers: 8]
      [GC Worker Start (ms): Min: 357641.0, Avg: 357641.0, Max: 357641.1, Diff: 0.1]
      [Ext Root Scanning (ms): Min: 0.7, Avg: 0.8, Max: 0.8, Diff: 0.1, Sum: 6.2]
      [Update RS (ms): Min: 0.2, Avg: 0.3, Max: 0.4, Diff: 0.2, Sum: 2.3]
         [Processed Buffers: Min: 1, Avg: 2.1, Max: 3, Diff: 2, Sum: 17]
      [Scan RS (ms): Min: 0.3, Avg: 0.4, Max: 0.4, Diff: 0.1, Sum: 2.9]
      [Code Root Scanning (ms): Min: 0.0, Avg: 0.0, Max: 0.0, Diff: 0.0, Sum: 0.0]
      [Object Copy (ms): Min: 28.4, Avg: 28.4, Max: 28.4, Diff: 0.0, Sum: 227.0]
      [Termination (ms): Min: 0.0, Avg: 0.0, Max: 0.0, Diff: 0.0, Sum: 0.0]
      [GC Worker Other (ms): Min: 0.0, Avg: 0.1, Max: 0.1, Diff: 0.1, Sum: 0.4]
      [GC Worker Total (ms): Min: 29.8, Avg: 29.9, Max: 29.9, Diff: 0.1, Sum: 238.9]
      [GC Worker End (ms): Min: 357670.9, Avg: 357670.9, Max: 357670.9, Diff: 0.0]
   [Code Root Fixup: 0.0 ms]
   [Code Root Migration: 0.1 ms]
   [Clear CT: 0.4 ms]
   [Other: 0.8 ms]
      [Choose CSet: 0.0 ms]
      [Ref Proc: 0.1 ms]
      [Ref Enq: 0.0 ms]
      [Free CSet: 0.6 ms]
   [Eden: 852.0M(852.0M)->0.0B(854.0M) Survivors: 70.0M->68.0M Heap: 1083.7M(1538.0M)->229.7M(1538.0M)]
 [Times: user=0.24 sys=0.00, real=0.04 secs] 
357.672: Total time for which application threads were stopped: 0.0314600 seconds, Stopping threads took: 0.0000420 seconds
358.120: Application time: 0.4478290 seconds
358.120: [GC pause (young), 0.0324420 secs]
   [Parallel Time: 31.2 ms, GC Workers: 8]
      [GC Worker Start (ms): Min: 358120.3, Avg: 358120.3, Max: 358120.4, Diff: 0.1]
      [Ext Root Scanning (ms): Min: 0.7, Avg: 0.8, Max: 0.8, Diff: 0.1, Sum: 6.2]
      [Update RS (ms): Min: 0.2, Avg: 0.3, Max: 0.4, Diff: 0.2, Sum: 2.4]
         [Processed Buffers: Min: 1, Avg: 2.1, Max: 3, Diff: 2, Sum: 17]
      [Scan RS (ms): Min: 0.2, Avg: 0.3, Max: 0.4, Diff: 0.2, Sum: 2.8]
      [Code Root Scanning (ms): Min: 0.0, Avg: 0.0, Max: 0.0, Diff: 0.0, Sum: 0.1]
      [Object Copy (ms): Min: 29.7, Avg: 29.7, Max: 29.7, Diff: 0.0, Sum: 237.3]
      [Termination (ms): Min: 0.0, Avg: 0.0, Max: 0.0, Diff: 0.0, Sum: 0.0]
      [GC Worker Other (ms): Min: 0.0, Avg: 0.0, Max: 0.1, Diff: 0.0, Sum: 0.4]
      [GC Worker Total (ms): Min: 31.1, Avg: 31.1, Max: 31.2, Diff: 0.0, Sum: 249.1]
      [GC Worker End (ms): Min: 358151.4, Avg: 358151.5, Max: 358151.5, Diff: 0.0]
   [Code Root Fixup: 0.0 ms]
   [Code Root Migration: 0.1 ms]
   [Clear CT: 0.4 ms]
   [Other: 0.7 ms]
      [Choose CSet: 0.0 ms]
      [Ref Proc: 0.1 ms]
      [Ref Enq: 0.0 ms]
      [Free CSet: 0.6 ms]
   [Eden: 854.0M(854.0M)->0.0B(852.0M) Survivors: 68.0M->70.0M Heap: 1083.7M(1538.0M)->232.2M(1538.0M)]
 [Times: user=0.26 sys=0.00, real=0.04 secs] 
358.153: Total time for which application threads were stopped: 0.0326360 seconds, Stopping threads took: 0.0000480 seconds
358.598: Application time: 0.4449940 seconds
358.598: [GC pause (young), 0.0324630 secs]
   [Parallel Time: 31.1 ms, GC Workers: 8]
      [GC Worker Start (ms): Min: 358597.9, Avg: 358598.0, Max: 358598.0, Diff: 0.1]
      [Ext Root Scanning (ms): Min: 0.7, Avg: 0.8, Max: 0.8, Diff: 0.1, Sum: 6.3]
      [Update RS (ms): Min: 0.2, Avg: 0.3, Max: 0.4, Diff: 0.2, Sum: 2.4]
         [Processed Buffers: Min: 1, Avg: 2.1, Max: 4, Diff: 3, Sum: 17]
      [Scan RS (ms): Min: 0.3, Avg: 0.4, Max: 0.4, Diff: 0.2, Sum: 2.9]
      [Code Root Scanning (ms): Min: 0.0, Avg: 0.0, Max: 0.0, Diff: 0.0, Sum: 0.0]
      [Object Copy (ms): Min: 29.5, Avg: 29.6, Max: 29.6, Diff: 0.0, Sum: 236.4]
      [Termination (ms): Min: 0.0, Avg: 0.0, Max: 0.0, Diff: 0.0, Sum: 0.0]
      [GC Worker Other (ms): Min: 0.0, Avg: 0.1, Max: 0.1, Diff: 0.0, Sum: 0.4]
      [GC Worker Total (ms): Min: 31.0, Avg: 31.1, Max: 31.1, Diff: 0.1, Sum: 248.4]
      [GC Worker End (ms): Min: 358629.0, Avg: 358629.0, Max: 358629.0, Diff: 0.0]
   [Code Root Fixup: 0.1 ms]
   [Code Root Migration: 0.1 ms]
   [Clear CT: 0.4 ms]
   [Other: 0.8 ms]
      [Choose CSet: 0.0 ms]
      [Ref Proc: 0.1 ms]
      [Ref Enq: 0.0 ms]
      [Free CSet: 0.6 ms]
   [Eden: 852.0M(852.0M)->0.0B(852.0M) Survivors: 70.0M->70.0M Heap: 1084.2M(1538.0M)->231.7M(1538.0M)]
 [Times: user=0.26 sys=0.00, real=0.03 secs] 
358.632: Total time for which application threads were stopped: 0.0342020 seconds, Stopping threads took: 0.0000480 seconds
359.080: Application time: 0.4477470 seconds
359.080: [GC pause (young), 0.0326750 secs]
   [Parallel Time: 31.3 ms, GC Workers: 8]
      [GC Worker Start (ms): Min: 359079.9, Avg: 359079.9, Max: 359080.0, Diff: 0.1]
      [Ext Root Scanning (ms): Min: 0.7, Avg: 1.1, Max: 3.5, Diff: 2.8, Sum: 9.0]
      [Update RS (ms): Min: 0.0, Avg: 0.3, Max: 0.4, Diff: 0.4, Sum: 2.2]
         [Processed Buffers: Min: 0, Avg: 2.1, Max: 5, Diff: 5, Sum: 17]
      [Scan RS (ms): Min: 0.1, Avg: 0.3, Max: 0.4, Diff: 0.3, Sum: 2.7]
      [Code Root Scanning (ms): Min: 0.0, Avg: 0.0, Max: 0.0, Diff: 0.0, Sum: 0.0]
      [Object Copy (ms): Min: 27.6, Avg: 29.4, Max: 29.7, Diff: 2.2, Sum: 235.3]
      [Termination (ms): Min: 0.0, Avg: 0.0, Max: 0.0, Diff: 0.0, Sum: 0.0]
      [GC Worker Other (ms): Min: 0.0, Avg: 0.1, Max: 0.1, Diff: 0.1, Sum: 0.5]
      [GC Worker Total (ms): Min: 31.2, Avg: 31.2, Max: 31.3, Diff: 0.1, Sum: 249.7]
      [GC Worker End (ms): Min: 359111.1, Avg: 359111.1, Max: 359111.2, Diff: 0.1]
   [Code Root Fixup: 0.1 ms]
   [Code Root Migration: 0.1 ms]
   [Clear CT: 0.4 ms]
   [Other: 0.8 ms]
      [Choose CSet: 0.0 ms]
      [Ref Proc: 0.2 ms]
      [Ref Enq: 0.0 ms]
      [Free CSet: 0.6 ms]
   [Eden: 852.0M(852.0M)->0.0B(852.0M) Survivors: 70.0M->70.0M Heap: 1083.7M(1538.0M)->231.7M(1538.0M)]
 [Times: user=0.25 sys=0.00, real=0.04 secs] 
359.113: Total time for which application threads were stopped: 0.0328830 seconds, Stopping threads took: 0.0000540 seconds
359.556: Application time: 0.4432050 seconds
359.556: [GC pause (young), 0.0324000 secs]
   [Parallel Time: 31.1 ms, GC Workers: 8]
      [GC Worker Start (ms): Min: 359556.0, Avg: 359556.0, Max: 359556.1, Diff: 0.1]
      [Ext Root Scanning (ms): Min: 0.7, Avg: 0.7, Max: 0.8, Diff: 0.1, Sum: 5.9]
      [Update RS (ms): Min: 0.2, Avg: 0.3, Max: 0.4, Diff: 0.2, Sum: 2.4]
         [Processed Buffers: Min: 1, Avg: 2.1, Max: 3, Diff: 2, Sum: 17]
      [Scan RS (ms): Min: 0.3, Avg: 0.4, Max: 0.4, Diff: 0.2, Sum: 2.9]
      [Code Root Scanning (ms): Min: 0.0, Avg: 0.0, Max: 0.0, Diff: 0.0, Sum: 0.0]
      [Object Copy (ms): Min: 29.5, Avg: 29.5, Max: 29.6, Diff: 0.1, Sum: 236.3]
      [Termination (ms): Min: 0.0, Avg: 0.0, Max: 0.0, Diff: 0.0, Sum: 0.0]
      [GC Worker Other (ms): Min: 0.0, Avg: 0.1, Max: 0.1, Diff: 0.0, Sum: 0.5]
      [GC Worker Total (ms): Min: 31.0, Avg: 31.0, Max: 31.0, Diff: 0.1, Sum: 248.0]
      [GC Worker End (ms): Min: 359587.0, Avg: 359587.0, Max: 359587.0, Diff: 0.0]
   [Code Root Fixup: 0.1 ms]
   [Code Root Migration: 0.1 ms]
   [Clear CT: 0.4 ms]
   [Other: 0.8 ms]
      [Choose CSet: 0.0 ms]
      [Ref Proc: 0.1 ms]
      [Ref Enq: 0.0 ms]
      [Free CSet: 0.6 ms]
   [Eden: 852.0M(852.0M)->0.0B(853.0M) Survivors: 70.0M->69.0M Heap: 1083.7M(1538.0M)->230.7M(1538.0M)]
 [Times: user=0.25 sys=0.00, real=0.03 secs] 
359.588: Total time for which application threads were stopped: 0.0326100 seconds, Stopping threads took: 0.0000490 seconds
360.035: Application time: 0.4466510 seconds
360.035: [GC pause (young), 0.0319120 secs]
   [Parallel Time: 30.7 ms, GC Workers: 8]
      [GC Worker Start (ms): Min: 360035.2, Avg: 360035.3, Max: 360035.3, Diff: 0.1]
      [Ext Root Scanning (ms): Min: 0.7, Avg: 0.8, Max: 0.8, Diff: 0.1, Sum: 6.1]
      [Update RS (ms): Min: 0.2, Avg: 0.3, Max: 0.5, Diff: 0.3, Sum: 2.4]
         [Processed Buffers: Min: 1, Avg: 2.1, Max: 3, Diff: 2, Sum: 17]
      [Scan RS (ms): Min: 0.3, Avg: 0.4, Max: 0.4, Diff: 0.1, Sum: 2.9]
      [Code Root Scanning (ms): Min: 0.0, Avg: 0.0, Max: 0.0, Diff: 0.0, Sum: 0.0]
      [Object Copy (ms): Min: 29.1, Avg: 29.1, Max: 29.1, Diff: 0.1, Sum: 232.8]
      [Termination (ms): Min: 0.0, Avg: 0.0, Max: 0.0, Diff: 0.0, Sum: 0.0]
      [GC Worker Other (ms): Min: 0.0, Avg: 0.1, Max: 0.1, Diff: 0.0, Sum: 0.4]
      [GC Worker Total (ms): Min: 30.6, Avg: 30.6, Max: 30.6, Diff: 0.1, Sum: 244.7]
      [GC Worker End (ms): Min: 360065.8, Avg: 360065.9, Max: 360065.9, Diff: 0.0]
   [Code Root Fixup: 0.0 ms]
   [Code Root Migration: 0.1 ms]
   [Clear CT: 0.4 ms]
   [Other: 0.7 ms]
      [Choose CSet: 0.0 ms]
      [Ref Proc: 0.1 ms]
      [Ref Enq: 0.0 ms]
      [Free CSet: 0.6 ms]
   [Eden: 853.0M(853.0M)->0.0B(854.0M) Survivors: 69.0M->68.0M Heap: 1083.7M(1538.0M)->229.7M(1538.0M)]
 [Times: user=0.25 sys=0.00, real=0.03 secs] 
360.067: Total time for which application threads were stopped: 0.0320940 seconds, Stopping threads took: 0.0000290 seconds
360.508: Application time: 0.4404680 seconds
360.508: [GC pause (young), 0.0330040 secs]
   [Parallel Time: 31.7 ms, GC Workers: 8]
      [GC Worker Start (ms): Min: 360507.8, Avg: 360507.9, Max: 360507.9, Diff: 0.1]
      [Ext Root Scanning (ms): Min: 0.7, Avg: 0.7, Max: 0.8, Diff: 0.1, Sum: 5.9]
      [Update RS (ms): Min: 0.2, Avg: 0.3, Max: 0.4, Diff: 0.2, Sum: 2.4]
         [Processed Buffers: Min: 1, Avg: 2.1, Max: 3, Diff: 2, Sum: 17]
      [Scan RS (ms): Min: 0.3, Avg: 0.4, Max: 0.5, Diff: 0.2, Sum: 3.1]
      [Code Root Scanning (ms): Min: 0.0, Avg: 0.0, Max: 0.0, Diff: 0.0, Sum: 0.1]
      [Object Copy (ms): Min: 30.2, Avg: 30.2, Max: 30.3, Diff: 0.1, Sum: 241.7]
      [Termination (ms): Min: 0.0, Avg: 0.0, Max: 0.0, Diff: 0.0, Sum: 0.0]
      [GC Worker Other (ms): Min: 0.0, Avg: 0.0, Max: 0.1, Diff: 0.0, Sum: 0.4]
      [GC Worker Total (ms): Min: 31.7, Avg: 31.7, Max: 31.7, Diff: 0.1, Sum: 253.5]
      [GC Worker End (ms): Min: 360539.5, Avg: 360539.5, Max: 360539.6, Diff: 0.0]
   [Code Root Fixup: 0.0 ms]
   [Code Root Migration: 0.1 ms]
   [Clear CT: 0.4 ms]
   [Other: 0.7 ms]
      [Choose CSet: 0.0 ms]
      [Ref Proc: 0.1 ms]
      [Ref Enq: 0.0 ms]
      [Free CSet: 0.6 ms]
   [Eden: 854.0M(854.0M)->0.0B(852.0M) Survivors: 68.0M->70.0M Heap: 1083.7M(1538.0M)->231.8M(1538.0M)]
 [Times: user=0.26 sys=0.00, real=0.03 secs] 
360.541: Total time for which application threads were stopped: 0.0332250 seconds, Stopping threads took: 0.0000540 seconds
360.979: Application time: 0.4378150 seconds
360.979: [GC pause (young), 0.0331700 secs]
   [Parallel Time: 31.9 ms, GC Workers: 8]
      [GC Worker Start (ms): Min: 360978.9, Avg: 360978.9, Max: 360978.9, Diff: 0.1]
      [Ext Root Scanning (ms): Min: 0.8, Avg: 1.4, Max: 5.0, Diff: 4.2, Sum: 10.9]
      [Update RS (ms): Min: 0.0, Avg: 0.3, Max: 0.4, Diff: 0.4, Sum: 2.4]
         [Processed Buffers: Min: 0, Avg: 2.1, Max: 4, Diff: 4, Sum: 17]
      [Scan RS (ms): Min: 0.2, Avg: 0.4, Max: 0.5, Diff: 0.3, Sum: 2.9]
      [Code Root Scanning (ms): Min: 0.0, Avg: 0.0, Max: 0.0, Diff: 0.0, Sum: 0.0]
      [Object Copy (ms): Min: 26.6, Avg: 29.8, Max: 30.3, Diff: 3.7, Sum: 238.1]
      [Termination (ms): Min: 0.0, Avg: 0.0, Max: 0.0, Diff: 0.0, Sum: 0.0]
      [GC Worker Other (ms): Min: 0.0, Avg: 0.1, Max: 0.1, Diff: 0.0, Sum: 0.4]
      [GC Worker Total (ms): Min: 31.8, Avg: 31.9, Max: 31.9, Diff: 0.1, Sum: 254.8]
      [GC Worker End (ms): Min: 361010.7, Avg: 361010.7, Max: 361010.8, Diff: 0.0]
   [Code Root Fixup: 0.0 ms]
   [Code Root Migration: 0.1 ms]
   [Clear CT: 0.4 ms]
   [Other: 0.7 ms]
      [Choose CSet: 0.0 ms]
      [Ref Proc: 0.1 ms]
      [Ref Enq: 0.0 ms]
      [Free CSet: 0.6 ms]
   [Eden: 852.0M(852.0M)->0.0B(852.0M) Survivors: 70.0M->70.0M Heap: 1083.8M(1538.0M)->232.3M(1538.0M)]
 [Times: user=0.25 sys=0.00, real=0.04 secs] 
361.012: Total time for which application threads were stopped: 0.0333800 seconds, Stopping threads took: 0.0000590 seconds
361.452: Application time: 0.4397130 seconds
361.452: [GC pause (young), 0.0315430 secs]
   [Parallel Time: 30.3 ms, GC Workers: 8]
      [GC Worker Start (ms): Min: 361452.0, Avg: 361452.0, Max: 361452.0, Diff: 0.1]
      [Ext Root Scanning (ms): Min: 0.7, Avg: 0.8, Max: 0.8, Diff: 0.1, Sum: 6.2]
      [Update RS (ms): Min: 0.2, Avg: 0.3, Max: 0.5, Diff: 0.2, Sum: 2.4]
         [Processed Buffers: Min: 1, Avg: 2.1, Max: 4, Diff: 3, Sum: 17]
      [Scan RS (ms): Min: 0.3, Avg: 0.3, Max: 0.4, Diff: 0.2, Sum: 2.8]
      [Code Root Scanning (ms): Min: 0.0, Avg: 0.0, Max: 0.0, Diff: 0.0, Sum: 0.0]
      [Object Copy (ms): Min: 28.7, Avg: 28.7, Max: 28.8, Diff: 0.0, Sum: 229.9]
      [Termination (ms): Min: 0.0, Avg: 0.0, Max: 0.0, Diff: 0.0, Sum: 0.0]
      [GC Worker Other (ms): Min: 0.0, Avg: 0.1, Max: 0.1, Diff: 0.0, Sum: 0.5]
      [GC Worker Total (ms): Min: 30.2, Avg: 30.2, Max: 30.3, Diff: 0.1, Sum: 241.7]
      [GC Worker End (ms): Min: 361482.2, Avg: 361482.2, Max: 361482.2, Diff: 0.0]
   [Code Root Fixup: 0.0 ms]
   [Code Root Migration: 0.1 ms]
   [Clear CT: 0.4 ms]
   [Other: 0.7 ms]
      [Choose CSet: 0.0 ms]
      [Ref Proc: 0.1 ms]
      [Ref Enq: 0.0 ms]
      [Free CSet: 0.6 ms]
   [Eden: 852.0M(852.0M)->0.0B(854.0M) Survivors: 70.0M->68.0M Heap: 1084.3M(1538.0M)->230.3M(1538.0M)]
 [Times: user=0.24 sys=0.00, real=0.03 secs] 
361.484: Total time for which application threads were stopped: 0.0317690 seconds, Stopping threads took: 0.0000540 seconds
361.927: Application time: 0.4437920 seconds
361.927: [GC pause (young), 0.0302850 secs]
   [Parallel Time: 29.0 ms, GC Workers: 8]
      [GC Worker Start (ms): Min: 361927.5, Avg: 361927.5, Max: 361927.5, Diff: 0.1]
      [Ext Root Scanning (ms): Min: 0.7, Avg: 0.8, Max: 0.8, Diff: 0.2, Sum: 6.3]
      [Update RS (ms): Min: 0.2, Avg: 0.3, Max: 0.4, Diff: 0.2, Sum: 2.4]
         [Processed Buffers: Min: 1, Avg: 2.1, Max: 3, Diff: 2, Sum: 17]
      [Scan RS (ms): Min: 0.2, Avg: 0.4, Max: 0.4, Diff: 0.2, Sum: 2.8]
      [Code Root Scanning (ms): Min: 0.0, Avg: 0.0, Max: 0.0, Diff: 0.0, Sum: 0.0]
      [Object Copy (ms): Min: 27.5, Avg: 27.5, Max: 27.5, Diff: 0.0, Sum: 219.8]
      [Termination (ms): Min: 0.0, Avg: 0.0, Max: 0.0, Diff: 0.0, Sum: 0.0]
      [GC Worker Other (ms): Min: 0.0, Avg: 0.0, Max: 0.1, Diff: 0.0, Sum: 0.4]
      [GC Worker Total (ms): Min: 28.9, Avg: 29.0, Max: 29.0, Diff: 0.1, Sum: 231.7]
      [GC Worker End (ms): Min: 361956.5, Avg: 361956.5, Max: 361956.5, Diff: 0.0]
   [Code Root Fixup: 0.1 ms]
   [Code Root Migration: 0.1 ms]
   [Clear CT: 0.4 ms]
   [Other: 0.7 ms]
      [Choose CSet: 0.0 ms]
      [Ref Proc: 0.1 ms]
      [Ref Enq: 0.0 ms]
      [Free CSet: 0.6 ms]
   [Eden: 854.0M(854.0M)->0.0B(856.0M) Survivors: 68.0M->66.0M Heap: 1084.3M(1538.0M)->228.3M(1538.0M)]
 [Times: user=0.24 sys=0.00, real=0.03 secs] 
361.958: Total time for which application threads were stopped: 0.0304530 seconds, Stopping threads took: 0.0000230 seconds
362.407: Application time: 0.4489080 seconds
362.407: [GC pause (young), 0.0326530 secs]
   [Parallel Time: 31.4 ms, GC Workers: 8]
      [GC Worker Start (ms): Min: 362406.9, Avg: 362406.9, Max: 362407.0, Diff: 0.1]
      [Ext Root Scanning (ms): Min: 0.7, Avg: 0.8, Max: 0.8, Diff: 0.1, Sum: 6.1]
      [Update RS (ms): Min: 0.2, Avg: 0.3, Max: 0.4, Diff: 0.2, Sum: 2.4]
         [Processed Buffers: Min: 1, Avg: 2.1, Max: 4, Diff: 3, Sum: 17]
      [Scan RS (ms): Min: 0.3, Avg: 0.4, Max: 0.4, Diff: 0.2, Sum: 2.9]
      [Code Root Scanning (ms): Min: 0.0, Avg: 0.0, Max: 0.0, Diff: 0.0, Sum: 0.0]
      [Object Copy (ms): Min: 29.8, Avg: 29.8, Max: 29.9, Diff: 0.1, Sum: 238.6]
      [Termination (ms): Min: 0.0, Avg: 0.0, Max: 0.0, Diff: 0.0, Sum: 0.0]
      [GC Worker Other (ms): Min: 0.0, Avg: 0.1, Max: 0.1, Diff: 0.0, Sum: 0.5]
      [GC Worker Total (ms): Min: 31.3, Avg: 31.3, Max: 31.4, Diff: 0.1, Sum: 250.5]
      [GC Worker End (ms): Min: 362438.2, Avg: 362438.2, Max: 362438.3, Diff: 0.0]
   [Code Root Fixup: 0.0 ms]
   [Code Root Migration: 0.1 ms]
   [Clear CT: 0.4 ms]
   [Other: 0.7 ms]
      [Choose CSet: 0.0 ms]
      [Ref Proc: 0.1 ms]
      [Ref Enq: 0.0 ms]
      [Free CSet: 0.6 ms]
   [Eden: 856.0M(856.0M)->0.0B(852.0M) Survivors: 66.0M->70.0M Heap: 1084.3M(1538.0M)->231.8M(1538.0M)]
 [Times: user=0.25 sys=0.00, real=0.03 secs] 
362.440: Total time for which application threads were stopped: 0.0328510 seconds, Stopping threads took: 0.0000390 seconds
362.883: Application time: 0.4436140 seconds
362.883: [GC pause (young), 0.0303880 secs]
   [Parallel Time: 29.0 ms, GC Workers: 8]
      [GC Worker Start (ms): Min: 362883.3, Avg: 362883.4, Max: 362883.4, Diff: 0.1]
      [Ext Root Scanning (ms): Min: 0.7, Avg: 0.7, Max: 0.8, Diff: 0.1, Sum: 5.9]
      [Update RS (ms): Min: 0.2, Avg: 0.3, Max: 0.5, Diff: 0.3, Sum: 2.4]
         [Processed Buffers: Min: 1, Avg: 2.1, Max: 3, Diff: 2, Sum: 17]
      [Scan RS (ms): Min: 0.3, Avg: 0.4, Max: 0.4, Diff: 0.2, Sum: 2.9]
      [Code Root Scanning (ms): Min: 0.0, Avg: 0.0, Max: 0.0, Diff: 0.0, Sum: 0.0]
      [Object Copy (ms): Min: 27.5, Avg: 27.5, Max: 27.5, Diff: 0.1, Sum: 220.0]
      [Termination (ms): Min: 0.0, Avg: 0.0, Max: 0.0, Diff: 0.0, Sum: 0.0]
      [GC Worker Other (ms): Min: 0.0, Avg: 0.0, Max: 0.1, Diff: 0.0, Sum: 0.4]
      [GC Worker Total (ms): Min: 28.9, Avg: 29.0, Max: 29.0, Diff: 0.1, Sum: 231.6]
      [GC Worker End (ms): Min: 362912.3, Avg: 362912.3, Max: 362912.3, Diff: 0.0]
   [Code Root Fixup: 0.0 ms]
   [Code Root Migration: 0.1 ms]
   [Clear CT: 0.4 ms]
   [Other: 0.8 ms]
      [Choose CSet: 0.0 ms]
      [Ref Proc: 0.1 ms]
      [Ref Enq: 0.0 ms]
      [Free CSet: 0.6 ms]
   [Eden: 852.0M(852.0M)->0.0B(857.0M) Survivors: 70.0M->65.0M Heap: 1083.8M(1538.0M)->226.8M(1538.0M)]
 [Times: user=0.23 sys=0.01, real=0.04 secs] 
362.914: Total time for which application threads were stopped: 0.0305940 seconds, Stopping threads took: 0.0000510 seconds
363.365: Application time: 0.4517140 seconds
363.366: [GC pause (young), 0.0334860 secs]
   [Parallel Time: 32.2 ms, GC Workers: 8]
      [GC Worker Start (ms): Min: 363365.7, Avg: 363365.7, Max: 363365.7, Diff: 0.1]
      [Ext Root Scanning (ms): Min: 0.7, Avg: 0.7, Max: 0.8, Diff: 0.1, Sum: 5.9]
      [Update RS (ms): Min: 0.2, Avg: 0.3, Max: 0.4, Diff: 0.2, Sum: 2.4]
         [Processed Buffers: Min: 1, Avg: 2.1, Max: 4, Diff: 3, Sum: 17]
      [Scan RS (ms): Min: 0.3, Avg: 0.4, Max: 0.4, Diff: 0.2, Sum: 2.9]
      [Code Root Scanning (ms): Min: 0.0, Avg: 0.0, Max: 0.0, Diff: 0.0, Sum: 0.0]
      [Object Copy (ms): Min: 30.6, Avg: 30.6, Max: 30.7, Diff: 0.1, Sum: 245.1]
      [Termination (ms): Min: 0.0, Avg: 0.0, Max: 0.0, Diff: 0.0, Sum: 0.0]
      [GC Worker Other (ms): Min: 0.0, Avg: 0.1, Max: 0.1, Diff: 0.0, Sum: 0.4]
      [GC Worker Total (ms): Min: 32.1, Avg: 32.1, Max: 32.1, Diff: 0.1, Sum: 256.7]
      [GC Worker End (ms): Min: 363397.8, Avg: 363397.8, Max: 363397.8, Diff: 0.0]
   [Code Root Fixup: 0.0 ms]
   [Code Root Migration: 0.1 ms]
   [Clear CT: 0.4 ms]
   [Other: 0.8 ms]
      [Choose CSet: 0.0 ms]
      [Ref Proc: 0.1 ms]
      [Ref Enq: 0.0 ms]
      [Free CSet: 0.6 ms]
   [Eden: 857.0M(857.0M)->0.0B(852.0M) Survivors: 65.0M->70.0M Heap: 1083.8M(1538.0M)->231.8M(1538.0M)]
 [Times: user=0.26 sys=0.00, real=0.03 secs] 
363.399: Total time for which application threads were stopped: 0.0337030 seconds, Stopping threads took: 0.0000600 seconds
363.841: Application time: 0.4413520 seconds
363.841: [GC pause (young), 0.0324710 secs]
   [Parallel Time: 31.2 ms, GC Workers: 8]
      [GC Worker Start (ms): Min: 363840.7, Avg: 363840.7, Max: 363840.8, Diff: 0.1]
      [Ext Root Scanning (ms): Min: 0.7, Avg: 0.8, Max: 0.9, Diff: 0.1, Sum: 6.3]
      [Update RS (ms): Min: 0.2, Avg: 0.3, Max: 0.4, Diff: 0.1, Sum: 2.4]
         [Processed Buffers: Min: 1, Avg: 2.1, Max: 3, Diff: 2, Sum: 17]
      [Scan RS (ms): Min: 0.2, Avg: 0.3, Max: 0.4, Diff: 0.2, Sum: 2.7]
      [Code Root Scanning (ms): Min: 0.0, Avg: 0.0, Max: 0.0, Diff: 0.0, Sum: 0.0]
      [Object Copy (ms): Min: 29.7, Avg: 29.7, Max: 29.7, Diff: 0.0, Sum: 237.3]
      [Termination (ms): Min: 0.0, Avg: 0.0, Max: 0.0, Diff: 0.0, Sum: 0.0]
      [GC Worker Other (ms): Min: 0.0, Avg: 0.0, Max: 0.1, Diff: 0.0, Sum: 0.4]
      [GC Worker Total (ms): Min: 31.1, Avg: 31.2, Max: 31.2, Diff: 0.1, Sum: 249.2]
      [GC Worker End (ms): Min: 363871.9, Avg: 363871.9, Max: 363871.9, Diff: 0.0]
   [Code Root Fixup: 0.0 ms]
   [Code Root Migration: 0.1 ms]
   [Clear CT: 0.4 ms]
   [Other: 0.7 ms]
      [Choose CSet: 0.0 ms]
      [Ref Proc: 0.1 ms]
      [Ref Enq: 0.0 ms]
      [Free CSet: 0.6 ms]
   [Eden: 852.0M(852.0M)->0.0B(852.0M) Survivors: 70.0M->70.0M Heap: 1083.8M(1538.0M)->232.4M(1538.0M)]
 [Times: user=0.26 sys=0.00, real=0.04 secs] 
363.873: Total time for which application threads were stopped: 0.0326740 seconds, Stopping threads took: 0.0000520 seconds
364.315: Application time: 0.4420160 seconds
364.315: [GC pause (young), 0.0330630 secs]
   [Parallel Time: 31.8 ms, GC Workers: 8]
      [GC Worker Start (ms): Min: 364315.4, Avg: 364315.4, Max: 364315.5, Diff: 0.1]
      [Ext Root Scanning (ms): Min: 0.8, Avg: 0.8, Max: 0.8, Diff: 0.1, Sum: 6.5]
      [Update RS (ms): Min: 0.2, Avg: 0.3, Max: 0.4, Diff: 0.2, Sum: 2.4]
         [Processed Buffers: Min: 1, Avg: 2.1, Max: 3, Diff: 2, Sum: 17]
      [Scan RS (ms): Min: 0.2, Avg: 0.3, Max: 0.4, Diff: 0.2, Sum: 2.7]
      [Code Root Scanning (ms): Min: 0.0, Avg: 0.0, Max: 0.0, Diff: 0.0, Sum: 0.0]
      [Object Copy (ms): Min: 30.2, Avg: 30.2, Max: 30.2, Diff: 0.0, Sum: 241.8]
      [Termination (ms): Min: 0.0, Avg: 0.0, Max: 0.0, Diff: 0.0, Sum: 0.0]
      [GC Worker Other (ms): Min: 0.0, Avg: 0.1, Max: 0.1, Diff: 0.0, Sum: 0.5]
      [GC Worker Total (ms): Min: 31.7, Avg: 31.7, Max: 31.8, Diff: 0.1, Sum: 253.9]
      [GC Worker End (ms): Min: 364347.2, Avg: 364347.2, Max: 364347.2, Diff: 0.0]
   [Code Root Fixup: 0.1 ms]
   [Code Root Migration: 0.1 ms]
   [Clear CT: 0.4 ms]
   [Other: 0.7 ms]
      [Choose CSet: 0.0 ms]
      [Ref Proc: 0.1 ms]
      [Ref Enq: 0.0 ms]
      [Free CSet: 0.6 ms]
   [Eden: 852.0M(852.0M)->0.0B(851.0M) Survivors: 70.0M->71.0M Heap: 1084.4M(1538.0M)->232.9M(1538.0M)]
 [Times: user=0.26 sys=0.00, real=0.03 secs] 
364.349: Total time for which application threads were stopped: 0.0332810 seconds, Stopping threads took: 0.0000370 seconds
364.787: Application time: 0.4384880 seconds
364.787: [GC pause (young), 0.0307050 secs]
   [Parallel Time: 29.5 ms, GC Workers: 8]
      [GC Worker Start (ms): Min: 364787.2, Avg: 364787.2, Max: 364787.2, Diff: 0.1]
      [Ext Root Scanning (ms): Min: 0.7, Avg: 1.2, Max: 4.3, Diff: 3.5, Sum: 9.8]
      [Update RS (ms): Min: 0.0, Avg: 0.3, Max: 0.4, Diff: 0.4, Sum: 2.2]
         [Processed Buffers: Min: 0, Avg: 2.1, Max: 4, Diff: 4, Sum: 17]
      [Scan RS (ms): Min: 0.2, Avg: 0.3, Max: 0.4, Diff: 0.2, Sum: 2.6]
      [Code Root Scanning (ms): Min: 0.0, Avg: 0.0, Max: 0.0, Diff: 0.0, Sum: 0.0]
      [Object Copy (ms): Min: 24.9, Avg: 27.5, Max: 27.9, Diff: 3.0, Sum: 219.9]
      [Termination (ms): Min: 0.0, Avg: 0.0, Max: 0.0, Diff: 0.0, Sum: 0.0]
      [GC Worker Other (ms): Min: 0.0, Avg: 0.0, Max: 0.1, Diff: 0.0, Sum: 0.4]
      [GC Worker Total (ms): Min: 29.4, Avg: 29.4, Max: 29.4, Diff: 0.1, Sum: 235.0]
      [GC Worker End (ms): Min: 364816.6, Avg: 364816.6, Max: 364816.6, Diff: 0.0]
   [Code Root Fixup: 0.0 ms]
   [Code Root Migration: 0.1 ms]
   [Clear CT: 0.4 ms]
   [Other: 0.7 ms]
      [Choose CSet: 0.0 ms]
      [Ref Proc: 0.1 ms]
      [Ref Enq: 0.0 ms]
      [Free CSet: 0.6 ms]
   [Eden: 851.0M(851.0M)->0.0B(855.0M) Survivors: 71.0M->67.0M Heap: 1083.9M(1538.0M)->229.4M(1538.0M)]
 [Times: user=0.24 sys=0.00, real=0.03 secs] 
364.818: Total time for which application threads were stopped: 0.0308950 seconds, Stopping threads took: 0.0000440 seconds
365.260: Application time: 0.4423070 seconds
365.260: [GC pause (young), 0.0328140 secs]
   [Parallel Time: 31.5 ms, GC Workers: 8]
      [GC Worker Start (ms): Min: 365260.4, Avg: 365260.4, Max: 365260.5, Diff: 0.1]
      [Ext Root Scanning (ms): Min: 0.8, Avg: 0.8, Max: 0.8, Diff: 0.1, Sum: 6.4]
      [Update RS (ms): Min: 0.2, Avg: 0.3, Max: 0.4, Diff: 0.2, Sum: 2.3]
         [Processed Buffers: Min: 1, Avg: 2.1, Max: 4, Diff: 3, Sum: 17]
      [Scan RS (ms): Min: 0.3, Avg: 0.3, Max: 0.4, Diff: 0.2, Sum: 2.8]
      [Code Root Scanning (ms): Min: 0.0, Avg: 0.0, Max: 0.0, Diff: 0.0, Sum: 0.0]
      [Object Copy (ms): Min: 30.0, Avg: 30.0, Max: 30.0, Diff: 0.0, Sum: 239.7]
      [Termination (ms): Min: 0.0, Avg: 0.0, Max: 0.0, Diff: 0.0, Sum: 0.0]
      [GC Worker Other (ms): Min: 0.0, Avg: 0.0, Max: 0.1, Diff: 0.0, Sum: 0.4]
      [GC Worker Total (ms): Min: 31.4, Avg: 31.5, Max: 31.5, Diff: 0.1, Sum: 251.6]
      [GC Worker End (ms): Min: 365291.9, Avg: 365291.9, Max: 365291.9, Diff: 0.0]
   [Code Root Fixup: 0.1 ms]
   [Code Root Migration: 0.1 ms]
   [Clear CT: 0.4 ms]
   [Other: 0.7 ms]
      [Choose CSet: 0.0 ms]
      [Ref Proc: 0.1 ms]
      [Ref Enq: 0.0 ms]
      [Free CSet: 0.6 ms]
   [Eden: 855.0M(855.0M)->0.0B(852.0M) Survivors: 67.0M->70.0M Heap: 1084.4M(1538.0M)->232.4M(1538.0M)]
 [Times: user=0.26 sys=0.00, real=0.04 secs] 
365.293: Total time for which application threads were stopped: 0.0330360 seconds, Stopping threads took: 0.0000610 seconds
365.731: Application time: 0.4375540 seconds
365.731: [GC pause (young), 0.0327030 secs]
   [Parallel Time: 31.4 ms, GC Workers: 8]
      [GC Worker Start (ms): Min: 365731.0, Avg: 365731.0, Max: 365731.0, Diff: 0.1]
      [Ext Root Scanning (ms): Min: 0.7, Avg: 0.8, Max: 0.9, Diff: 0.1, Sum: 6.5]
      [Update RS (ms): Min: 0.2, Avg: 0.3, Max: 0.4, Diff: 0.2, Sum: 2.3]
         [Processed Buffers: Min: 1, Avg: 2.1, Max: 3, Diff: 2, Sum: 17]
      [Scan RS (ms): Min: 0.3, Avg: 0.3, Max: 0.4, Diff: 0.1, Sum: 2.8]
      [Code Root Scanning (ms): Min: 0.0, Avg: 0.0, Max: 0.0, Diff: 0.0, Sum: 0.0]
      [Object Copy (ms): Min: 29.8, Avg: 29.8, Max: 29.8, Diff: 0.0, Sum: 238.6]
      [Termination (ms): Min: 0.0, Avg: 0.0, Max: 0.0, Diff: 0.0, Sum: 0.0]
      [GC Worker Other (ms): Min: 0.0, Avg: 0.1, Max: 0.1, Diff: 0.1, Sum: 0.4]
      [GC Worker Total (ms): Min: 31.3, Avg: 31.3, Max: 31.4, Diff: 0.1, Sum: 250.7]
      [GC Worker End (ms): Min: 365762.3, Avg: 365762.3, Max: 365762.4, Diff: 0.1]
   [Code Root Fixup: 0.0 ms]
   [Code Root Migration: 0.1 ms]
   [Clear CT: 0.4 ms]
   [Other: 0.7 ms]
      [Choose CSet: 0.0 ms]
      [Ref Proc: 0.1 ms]
      [Ref Enq: 0.0 ms]
      [Free CSet: 0.6 ms]
   [Eden: 852.0M(852.0M)->0.0B(852.0M) Survivors: 70.0M->70.0M Heap: 1084.4M(1538.0M)->231.9M(1538.0M)]
 [Times: user=0.25 sys=0.00, real=0.04 secs] 
365.764: Total time for which application threads were stopped: 0.0329020 seconds, Stopping threads took: 0.0000400 seconds
366.202: Application time: 0.4379290 seconds
366.202: [GC pause (young), 0.0304350 secs]
   [Parallel Time: 29.2 ms, GC Workers: 8]
      [GC Worker Start (ms): Min: 366201.8, Avg: 366202.2, Max: 366203.4, Diff: 1.6]
      [Ext Root Scanning (ms): Min: 0.0, Avg: 0.6, Max: 0.9, Diff: 0.9, Sum: 4.8]
      [Update RS (ms): Min: 0.0, Avg: 0.2, Max: 0.4, Diff: 0.4, Sum: 2.0]
         [Processed Buffers: Min: 0, Avg: 2.1, Max: 4, Diff: 4, Sum: 17]
      [Scan RS (ms): Min: 0.0, Avg: 0.3, Max: 0.4, Diff: 0.4, Sum: 2.4]
      [Code Root Scanning (ms): Min: 0.0, Avg: 0.0, Max: 0.0, Diff: 0.0, Sum: 0.0]
      [Object Copy (ms): Min: 27.5, Avg: 27.5, Max: 27.5, Diff: 0.1, Sum: 220.1]
      [Termination (ms): Min: 0.0, Avg: 0.0, Max: 0.0, Diff: 0.0, Sum: 0.0]
      [GC Worker Other (ms): Min: 0.0, Avg: 0.1, Max: 0.1, Diff: 0.0, Sum: 0.5]
      [GC Worker Total (ms): Min: 27.6, Avg: 28.7, Max: 29.1, Diff: 1.6, Sum: 229.8]
      [GC Worker End (ms): Min: 366230.9, Avg: 366230.9, Max: 366231.0, Diff: 0.0]
   [Code Root Fixup: 0.1 ms]
   [Code Root Migration: 0.1 ms]
   [Clear CT: 0.4 ms]
   [Other: 0.7 ms]
      [Choose CSet: 0.0 ms]
      [Ref Proc: 0.1 ms]
      [Ref Enq: 0.0 ms]
      [Free CSet: 0.6 ms]
   [Eden: 852.0M(852.0M)->0.0B(856.0M) Survivors: 70.0M->66.0M Heap: 1083.9M(1538.0M)->228.4M(1538.0M)]
 [Times: user=0.23 sys=0.00, real=0.04 secs] 
366.232: Total time for which application threads were stopped: 0.0306410 seconds, Stopping threads took: 0.0000470 seconds
366.677: Application time: 0.4443500 seconds
366.677: [GC pause (young), 0.0306580 secs]
   [Parallel Time: 29.4 ms, GC Workers: 8]
      [GC Worker Start (ms): Min: 366676.8, Avg: 366676.8, Max: 366676.9, Diff: 0.1]
      [Ext Root Scanning (ms): Min: 0.6, Avg: 0.7, Max: 0.8, Diff: 0.2, Sum: 5.9]
      [Update RS (ms): Min: 0.2, Avg: 0.3, Max: 0.5, Diff: 0.3, Sum: 2.4]
         [Processed Buffers: Min: 1, Avg: 2.1, Max: 3, Diff: 2, Sum: 17]
      [Scan RS (ms): Min: 0.2, Avg: 0.4, Max: 0.4, Diff: 0.2, Sum: 3.0]
      [Code Root Scanning (ms): Min: 0.0, Avg: 0.0, Max: 0.0, Diff: 0.0, Sum: 0.0]
      [Object Copy (ms): Min: 27.8, Avg: 27.9, Max: 27.9, Diff: 0.1, Sum: 223.0]
      [Termination (ms): Min: 0.0, Avg: 0.0, Max: 0.0, Diff: 0.0, Sum: 0.0]
      [GC Worker Other (ms): Min: 0.0, Avg: 0.1, Max: 0.1, Diff: 0.0, Sum: 0.4]
      [GC Worker Total (ms): Min: 29.3, Avg: 29.3, Max: 29.4, Diff: 0.1, Sum: 234.7]
      [GC Worker End (ms): Min: 366706.2, Avg: 366706.2, Max: 366706.2, Diff: 0.0]
   [Code Root Fixup: 0.0 ms]
   [Code Root Migration: 0.1 ms]
   [Clear CT: 0.4 ms]
   [Other: 0.7 ms]
      [Choose CSet: 0.0 ms]
      [Ref Proc: 0.1 ms]
      [Ref Enq: 0.0 ms]
      [Free CSet: 0.6 ms]
   [Eden: 856.0M(856.0M)->0.0B(856.0M) Survivors: 66.0M->66.0M Heap: 1084.4M(1538.0M)->228.4M(1538.0M)]
 [Times: user=0.24 sys=0.00, real=0.03 secs] 
366.708: Total time for which application threads were stopped: 0.0308770 seconds, Stopping threads took: 0.0000770 seconds
367.157: Application time: 0.4497150 seconds
367.157: [GC pause (young), 0.0332760 secs]
   [Parallel Time: 32.0 ms, GC Workers: 8]
      [GC Worker Start (ms): Min: 367157.4, Avg: 367157.4, Max: 367157.5, Diff: 0.1]
      [Ext Root Scanning (ms): Min: 0.7, Avg: 0.7, Max: 0.8, Diff: 0.1, Sum: 5.9]
      [Update RS (ms): Min: 0.2, Avg: 0.3, Max: 0.4, Diff: 0.3, Sum: 2.4]
         [Processed Buffers: Min: 1, Avg: 2.1, Max: 4, Diff: 3, Sum: 17]
      [Scan RS (ms): Min: 0.3, Avg: 0.4, Max: 0.5, Diff: 0.2, Sum: 2.9]
      [Code Root Scanning (ms): Min: 0.0, Avg: 0.0, Max: 0.0, Diff: 0.0, Sum: 0.0]
      [Object Copy (ms): Min: 30.5, Avg: 30.5, Max: 30.5, Diff: 0.1, Sum: 244.0]
      [Termination (ms): Min: 0.0, Avg: 0.0, Max: 0.0, Diff: 0.0, Sum: 0.0]
      [GC Worker Other (ms): Min: 0.0, Avg: 0.1, Max: 0.1, Diff: 0.0, Sum: 0.4]
      [GC Worker Total (ms): Min: 31.9, Avg: 31.9, Max: 32.0, Diff: 0.1, Sum: 255.6]
      [GC Worker End (ms): Min: 367189.4, Avg: 367189.4, Max: 367189.4, Diff: 0.0]
   [Code Root Fixup: 0.0 ms]
   [Code Root Migration: 0.1 ms]
   [Clear CT: 0.4 ms]
   [Other: 0.7 ms]
      [Choose CSet: 0.0 ms]
      [Ref Proc: 0.1 ms]
      [Ref Enq: 0.0 ms]
      [Free CSet: 0.6 ms]
   [Eden: 856.0M(856.0M)->0.0B(852.0M) Survivors: 66.0M->70.0M Heap: 1084.4M(1538.0M)->231.9M(1538.0M)]
 [Times: user=0.26 sys=0.00, real=0.03 secs] 
367.191: Total time for which application threads were stopped: 0.0334790 seconds, Stopping threads took: 0.0000350 seconds
367.635: Application time: 0.4439350 seconds
367.635: [GC pause (young), 0.0325730 secs]
   [Parallel Time: 31.3 ms, GC Workers: 8]
      [GC Worker Start (ms): Min: 367634.8, Avg: 367634.8, Max: 367634.9, Diff: 0.1]
      [Ext Root Scanning (ms): Min: 0.7, Avg: 0.8, Max: 0.8, Diff: 0.1, Sum: 6.2]
      [Update RS (ms): Min: 0.2, Avg: 0.3, Max: 0.4, Diff: 0.2, Sum: 2.4]
         [Processed Buffers: Min: 1, Avg: 2.1, Max: 3, Diff: 2, Sum: 17]
      [Scan RS (ms): Min: 0.2, Avg: 0.4, Max: 0.4, Diff: 0.2, Sum: 2.8]
      [Code Root Scanning (ms): Min: 0.0, Avg: 0.0, Max: 0.0, Diff: 0.0, Sum: 0.0]
      [Object Copy (ms): Min: 29.7, Avg: 29.8, Max: 29.8, Diff: 0.1, Sum: 238.1]
      [Termination (ms): Min: 0.0, Avg: 0.0, Max: 0.0, Diff: 0.0, Sum: 0.0]
      [GC Worker Other (ms): Min: 0.0, Avg: 0.0, Max: 0.1, Diff: 0.0, Sum: 0.4]
      [GC Worker Total (ms): Min: 31.2, Avg: 31.2, Max: 31.3, Diff: 0.0, Sum: 250.0]
      [GC Worker End (ms): Min: 367666.1, Avg: 367666.1, Max: 367666.1, Diff: 0.0]
   [Code Root Fixup: 0.0 ms]
   [Code Root Migration: 0.1 ms]
   [Clear CT: 0.4 ms]
   [Other: 0.7 ms]
      [Choose CSet: 0.0 ms]
      [Ref Proc: 0.1 ms]
      [Ref Enq: 0.0 ms]
      [Free CSet: 0.6 ms]
   [Eden: 852.0M(852.0M)->0.0B(852.0M) Survivors: 70.0M->70.0M Heap: 1083.9M(1538.0M)->231.9M(1538.0M)]
 [Times: user=0.26 sys=0.00, real=0.03 secs] 
367.667: Total time for which application threads were stopped: 0.0327590 seconds, Stopping threads took: 0.0000400 seconds
368.114: Application time: 0.4469410 seconds
368.114: [GC pause (young), 0.0318910 secs]
   [Parallel Time: 30.6 ms, GC Workers: 8]
      [GC Worker Start (ms): Min: 368114.5, Avg: 368114.6, Max: 368114.6, Diff: 0.1]
      [Ext Root Scanning (ms): Min: 0.7, Avg: 0.8, Max: 0.8, Diff: 0.2, Sum: 6.2]
      [Update RS (ms): Min: 0.2, Avg: 0.3, Max: 0.4, Diff: 0.2, Sum: 2.4]
         [Processed Buffers: Min: 1, Avg: 2.1, Max: 3, Diff: 2, Sum: 17]
      [Scan RS (ms): Min: 0.2, Avg: 0.3, Max: 0.4, Diff: 0.2, Sum: 2.6]
      [Code Root Scanning (ms): Min: 0.0, Avg: 0.0, Max: 0.0, Diff: 0.0, Sum: 0.0]
      [Object Copy (ms): Min: 29.0, Avg: 29.0, Max: 29.1, Diff: 0.0, Sum: 232.3]
      [Termination (ms): Min: 0.0, Avg: 0.0, Max: 0.0, Diff: 0.0, Sum: 0.0]
      [GC Worker Other (ms): Min: 0.0, Avg: 0.0, Max: 0.1, Diff: 0.0, Sum: 0.4]
      [GC Worker Total (ms): Min: 30.5, Avg: 30.5, Max: 30.5, Diff: 0.1, Sum: 244.0]
      [GC Worker End (ms): Min: 368145.0, Avg: 368145.1, Max: 368145.1, Diff: 0.0]
   [Code Root Fixup: 0.0 ms]
   [Code Root Migration: 0.1 ms]
   [Clear CT: 0.4 ms]
   [Other: 0.8 ms]
      [Choose CSet: 0.0 ms]
      [Ref Proc: 0.1 ms]
      [Ref Enq: 0.0 ms]
      [Free CSet: 0.6 ms]
   [Eden: 852.0M(852.0M)->0.0B(854.0M) Survivors: 70.0M->68.0M Heap: 1083.9M(1538.0M)->230.0M(1538.0M)]
 [Times: user=0.25 sys=0.00, real=0.03 secs] 
368.146: Total time for which application threads were stopped: 0.0321080 seconds, Stopping threads took: 0.0000430 seconds
368.591: Application time: 0.4448260 seconds
368.591: [GC pause (young), 0.0337010 secs]
   [Parallel Time: 32.4 ms, GC Workers: 8]
      [GC Worker Start (ms): Min: 368591.5, Avg: 368591.5, Max: 368591.5, Diff: 0.1]
      [Ext Root Scanning (ms): Min: 0.7, Avg: 0.8, Max: 0.8, Diff: 0.1, Sum: 6.3]
      [Update RS (ms): Min: 0.2, Avg: 0.3, Max: 0.4, Diff: 0.2, Sum: 2.3]
         [Processed Buffers: Min: 1, Avg: 2.1, Max: 4, Diff: 3, Sum: 17]
      [Scan RS (ms): Min: 0.2, Avg: 0.3, Max: 0.4, Diff: 0.2, Sum: 2.7]
      [Code Root Scanning (ms): Min: 0.0, Avg: 0.0, Max: 0.0, Diff: 0.0, Sum: 0.0]
      [Object Copy (ms): Min: 30.8, Avg: 30.8, Max: 30.9, Diff: 0.0, Sum: 246.8]
      [Termination (ms): Min: 0.0, Avg: 0.0, Max: 0.0, Diff: 0.0, Sum: 0.0]
      [GC Worker Other (ms): Min: 0.0, Avg: 0.0, Max: 0.1, Diff: 0.0, Sum: 0.4]
      [GC Worker Total (ms): Min: 32.3, Avg: 32.3, Max: 32.4, Diff: 0.1, Sum: 258.6]
      [GC Worker End (ms): Min: 368623.8, Avg: 368623.8, Max: 368623.8, Diff: 0.0]
   [Code Root Fixup: 0.0 ms]
   [Code Root Migration: 0.1 ms]
   [Clear CT: 0.4 ms]
   [Other: 0.8 ms]
      [Choose CSet: 0.0 ms]
      [Ref Proc: 0.1 ms]
      [Ref Enq: 0.0 ms]
      [Free CSet: 0.6 ms]
   [Eden: 854.0M(854.0M)->0.0B(852.0M) Survivors: 68.0M->70.0M Heap: 1084.0M(1538.0M)->232.5M(1538.0M)]
 [Times: user=0.25 sys=0.00, real=0.03 secs] 
368.625: Total time for which application threads were stopped: 0.0339160 seconds, Stopping threads took: 0.0000680 seconds
369.067: Application time: 0.4419780 seconds
369.067: [GC pause (young), 0.0326060 secs]
   [Parallel Time: 31.3 ms, GC Workers: 8]
      [GC Worker Start (ms): Min: 369067.4, Avg: 369067.4, Max: 369067.5, Diff: 0.1]
      [Ext Root Scanning (ms): Min: 0.7, Avg: 0.8, Max: 0.8, Diff: 0.1, Sum: 6.3]
      [Update RS (ms): Min: 0.2, Avg: 0.3, Max: 0.4, Diff: 0.2, Sum: 2.4]
         [Processed Buffers: Min: 1, Avg: 2.1, Max: 3, Diff: 2, Sum: 17]
      [Scan RS (ms): Min: 0.2, Avg: 0.3, Max: 0.4, Diff: 0.2, Sum: 2.7]
      [Code Root Scanning (ms): Min: 0.0, Avg: 0.0, Max: 0.0, Diff: 0.0, Sum: 0.0]
      [Object Copy (ms): Min: 29.7, Avg: 29.7, Max: 29.8, Diff: 0.0, Sum: 238.0]
      [Termination (ms): Min: 0.0, Avg: 0.0, Max: 0.0, Diff: 0.0, Sum: 0.0]
      [GC Worker Other (ms): Min: 0.0, Avg: 0.1, Max: 0.1, Diff: 0.1, Sum: 0.5]
      [GC Worker Total (ms): Min: 31.2, Avg: 31.2, Max: 31.3, Diff: 0.1, Sum: 249.9]
      [GC Worker End (ms): Min: 369098.6, Avg: 369098.7, Max: 369098.7, Diff: 0.1]
   [Code Root Fixup: 0.0 ms]
   [Code Root Migration: 0.1 ms]
   [Clear CT: 0.4 ms]
   [Other: 0.7 ms]
      [Choose CSet: 0.0 ms]
      [Ref Proc: 0.1 ms]
      [Ref Enq: 0.0 ms]
      [Free CSet: 0.6 ms]
   [Eden: 852.0M(852.0M)->0.0B(852.0M) Survivors: 70.0M->70.0M Heap: 1084.5M(1538.0M)->232.0M(1538.0M)]
 [Times: user=0.25 sys=0.00, real=0.03 secs] 
369.102: Total time for which application threads were stopped: 0.0343520 seconds, Stopping threads took: 0.0000620 seconds
369.540: Application time: 0.4382700 seconds
369.540: [GC pause (young), 0.0312730 secs]
   [Parallel Time: 30.0 ms, GC Workers: 8]
      [GC Worker Start (ms): Min: 369540.0, Avg: 369540.4, Max: 369543.4, Diff: 3.4]
      [Ext Root Scanning (ms): Min: 0.0, Avg: 0.7, Max: 0.9, Diff: 0.9, Sum: 5.5]
      [Update RS (ms): Min: 0.0, Avg: 0.3, Max: 0.4, Diff: 0.4, Sum: 2.2]
         [Processed Buffers: Min: 0, Avg: 2.1, Max: 4, Diff: 4, Sum: 17]
      [Scan RS (ms): Min: 0.1, Avg: 0.3, Max: 0.4, Diff: 0.2, Sum: 2.7]
      [Code Root Scanning (ms): Min: 0.0, Avg: 0.0, Max: 0.0, Diff: 0.0, Sum: 0.0]
      [Object Copy (ms): Min: 26.3, Avg: 28.1, Max: 28.4, Diff: 2.1, Sum: 224.8]
      [Termination (ms): Min: 0.0, Avg: 0.0, Max: 0.0, Diff: 0.0, Sum: 0.0]
      [GC Worker Other (ms): Min: 0.0, Avg: 0.1, Max: 0.1, Diff: 0.0, Sum: 0.5]
      [GC Worker Total (ms): Min: 26.5, Avg: 29.5, Max: 29.9, Diff: 3.4, Sum: 235.7]
      [GC Worker End (ms): Min: 369569.9, Avg: 369569.9, Max: 369569.9, Diff: 0.0]
   [Code Root Fixup: 0.1 ms]
   [Code Root Migration: 0.1 ms]
   [Clear CT: 0.4 ms]
   [Other: 0.8 ms]
      [Choose CSet: 0.0 ms]
      [Ref Proc: 0.1 ms]
      [Ref Enq: 0.0 ms]
      [Free CSet: 0.6 ms]
   [Eden: 852.0M(852.0M)->0.0B(855.0M) Survivors: 70.0M->67.0M Heap: 1084.0M(1538.0M)->229.5M(1538.0M)]
 [Times: user=0.24 sys=0.00, real=0.03 secs] 
369.571: Total time for which application threads were stopped: 0.0314720 seconds, Stopping threads took: 0.0000440 seconds
370.010: Application time: 0.4389800 seconds
370.010: [GC pause (young), 0.0331800 secs]
   [Parallel Time: 31.8 ms, GC Workers: 8]
      [GC Worker Start (ms): Min: 370010.4, Avg: 370010.5, Max: 370010.5, Diff: 0.1]
      [Ext Root Scanning (ms): Min: 0.7, Avg: 0.8, Max: 0.9, Diff: 0.2, Sum: 6.3]
      [Update RS (ms): Min: 0.2, Avg: 0.3, Max: 0.5, Diff: 0.2, Sum: 2.4]
         [Processed Buffers: Min: 1, Avg: 2.1, Max: 3, Diff: 2, Sum: 17]
      [Scan RS (ms): Min: 0.2, Avg: 0.4, Max: 0.4, Diff: 0.2, Sum: 2.8]
      [Code Root Scanning (ms): Min: 0.0, Avg: 0.0, Max: 0.0, Diff: 0.0, Sum: 0.0]
      [Object Copy (ms): Min: 30.3, Avg: 30.3, Max: 30.3, Diff: 0.0, Sum: 242.2]
      [Termination (ms): Min: 0.0, Avg: 0.0, Max: 0.0, Diff: 0.0, Sum: 0.0]
      [GC Worker Other (ms): Min: 0.0, Avg: 0.1, Max: 0.1, Diff: 0.0, Sum: 0.4]
      [GC Worker Total (ms): Min: 31.8, Avg: 31.8, Max: 31.8, Diff: 0.1, Sum: 254.3]
      [GC Worker End (ms): Min: 370042.2, Avg: 370042.3, Max: 370042.3, Diff: 0.0]
   [Code Root Fixup: 0.1 ms]
   [Code Root Migration: 0.1 ms]
   [Clear CT: 0.4 ms]
   [Other: 0.8 ms]
      [Choose CSet: 0.0 ms]
      [Ref Proc: 0.1 ms]
      [Ref Enq: 0.0 ms]
      [Free CSet: 0.6 ms]
   [Eden: 855.0M(855.0M)->0.0B(851.0M) Survivors: 67.0M->71.0M Heap: 1084.5M(1538.0M)->233.5M(1538.0M)]
 [Times: user=0.26 sys=0.00, real=0.04 secs] 
370.044: Total time for which application threads were stopped: 0.0333950 seconds, Stopping threads took: 0.0000510 seconds
370.480: Application time: 0.4366270 seconds
370.480: [GC pause (young), 0.0319560 secs]
   [Parallel Time: 30.6 ms, GC Workers: 8]
      [GC Worker Start (ms): Min: 370480.5, Avg: 370480.5, Max: 370480.5, Diff: 0.1]
      [Ext Root Scanning (ms): Min: 0.7, Avg: 0.8, Max: 0.8, Diff: 0.1, Sum: 6.0]
      [Update RS (ms): Min: 0.2, Avg: 0.3, Max: 0.4, Diff: 0.2, Sum: 2.4]
         [Processed Buffers: Min: 1, Avg: 2.1, Max: 4, Diff: 3, Sum: 17]
      [Scan RS (ms): Min: 0.2, Avg: 0.4, Max: 0.5, Diff: 0.2, Sum: 3.0]
      [Code Root Scanning (ms): Min: 0.0, Avg: 0.0, Max: 0.0, Diff: 0.0, Sum: 0.0]
      [Object Copy (ms): Min: 29.1, Avg: 29.1, Max: 29.1, Diff: 0.1, Sum: 232.8]
      [Termination (ms): Min: 0.0, Avg: 0.0, Max: 0.0, Diff: 0.0, Sum: 0.0]
      [GC Worker Other (ms): Min: 0.0, Avg: 0.1, Max: 0.1, Diff: 0.0, Sum: 0.5]
      [GC Worker Total (ms): Min: 30.5, Avg: 30.6, Max: 30.6, Diff: 0.1, Sum: 244.6]
      [GC Worker End (ms): Min: 370511.0, Avg: 370511.1, Max: 370511.1, Diff: 0.0]
   [Code Root Fixup: 0.0 ms]
   [Code Root Migration: 0.1 ms]
   [Clear CT: 0.4 ms]
   [Other: 0.8 ms]
      [Choose CSet: 0.0 ms]
      [Ref Proc: 0.1 ms]
      [Ref Enq: 0.0 ms]
      [Free CSet: 0.6 ms]
   [Eden: 851.0M(851.0M)->0.0B(853.0M) Survivors: 71.0M->69.0M Heap: 1084.5M(1538.0M)->231.5M(1538.0M)]
 [Times: user=0.25 sys=0.00, real=0.04 secs] 
370.512: Total time for which application threads were stopped: 0.0321500 seconds, Stopping threads took: 0.0000480 seconds
370.949: Application time: 0.4368740 seconds
370.949: [GC pause (young), 0.0295290 secs]
   [Parallel Time: 28.3 ms, GC Workers: 8]
      [GC Worker Start (ms): Min: 370949.5, Avg: 370949.5, Max: 370949.6, Diff: 0.1]
      [Ext Root Scanning (ms): Min: 0.7, Avg: 0.8, Max: 0.8, Diff: 0.2, Sum: 6.2]
      [Update RS (ms): Min: 0.2, Avg: 0.3, Max: 0.4, Diff: 0.2, Sum: 2.3]
         [Processed Buffers: Min: 1, Avg: 2.1, Max: 4, Diff: 3, Sum: 17]
      [Scan RS (ms): Min: 0.3, Avg: 0.4, Max: 0.4, Diff: 0.2, Sum: 2.8]
      [Code Root Scanning (ms): Min: 0.0, Avg: 0.0, Max: 0.0, Diff: 0.0, Sum: 0.0]
      [Object Copy (ms): Min: 26.7, Avg: 26.7, Max: 26.7, Diff: 0.0, Sum: 213.9]
      [Termination (ms): Min: 0.0, Avg: 0.0, Max: 0.0, Diff: 0.0, Sum: 0.0]
      [GC Worker Other (ms): Min: 0.0, Avg: 0.1, Max: 0.1, Diff: 0.0, Sum: 0.4]
      [GC Worker Total (ms): Min: 28.2, Avg: 28.2, Max: 28.2, Diff: 0.1, Sum: 225.7]
      [GC Worker End (ms): Min: 370977.7, Avg: 370977.8, Max: 370977.8, Diff: 0.0]
   [Code Root Fixup: 0.1 ms]
   [Code Root Migration: 0.1 ms]
   [Clear CT: 0.4 ms]
   [Other: 0.7 ms]
      [Choose CSet: 0.0 ms]
      [Ref Proc: 0.1 ms]
      [Ref Enq: 0.0 ms]
      [Free CSet: 0.6 ms]
   [Eden: 853.0M(853.0M)->0.0B(856.0M) Survivors: 69.0M->66.0M Heap: 1084.5M(1538.0M)->228.0M(1538.0M)]
 [Times: user=0.23 sys=0.00, real=0.03 secs] 
370.979: Total time for which application threads were stopped: 0.0297700 seconds, Stopping threads took: 0.0000720 seconds
371.424: Application time: 0.4444400 seconds
371.424: [GC pause (young), 0.0318340 secs]
   [Parallel Time: 30.5 ms, GC Workers: 8]
      [GC Worker Start (ms): Min: 371423.7, Avg: 371425.2, Max: 371435.4, Diff: 11.7]
      [Ext Root Scanning (ms): Min: 0.0, Avg: 0.7, Max: 0.9, Diff: 0.9, Sum: 5.5]
      [Update RS (ms): Min: 0.0, Avg: 0.3, Max: 0.4, Diff: 0.4, Sum: 2.1]
         [Processed Buffers: Min: 0, Avg: 2.1, Max: 4, Diff: 4, Sum: 17]
      [Scan RS (ms): Min: 0.2, Avg: 0.3, Max: 0.4, Diff: 0.2, Sum: 2.7]
      [Code Root Scanning (ms): Min: 0.0, Avg: 0.0, Max: 0.0, Diff: 0.0, Sum: 0.0]
      [Object Copy (ms): Min: 18.5, Avg: 27.6, Max: 29.0, Diff: 10.5, Sum: 221.1]
      [Termination (ms): Min: 0.0, Avg: 0.0, Max: 0.0, Diff: 0.0, Sum: 0.0]
      [GC Worker Other (ms): Min: 0.0, Avg: 0.1, Max: 0.1, Diff: 0.0, Sum: 0.5]
      [GC Worker Total (ms): Min: 18.8, Avg: 29.0, Max: 30.5, Diff: 11.7, Sum: 232.0]
      [GC Worker End (ms): Min: 371454.2, Avg: 371454.2, Max: 371454.2, Diff: 0.0]
   [Code Root Fixup: 0.1 ms]
   [Code Root Migration: 0.1 ms]
   [Clear CT: 0.4 ms]
   [Other: 0.8 ms]
      [Choose CSet: 0.0 ms]
      [Ref Proc: 0.1 ms]
      [Ref Enq: 0.0 ms]
      [Free CSet: 0.6 ms]
   [Eden: 856.0M(856.0M)->0.0B(853.0M) Survivors: 66.0M->69.0M Heap: 1084.0M(1538.0M)->231.0M(1538.0M)]
 [Times: user=0.23 sys=0.00, real=0.03 secs] 
371.456: Total time for which application threads were stopped: 0.0320370 seconds, Stopping threads took: 0.0000570 seconds
371.904: Application time: 0.4481660 seconds
371.904: [GC pause (young), 0.0307400 secs]
   [Parallel Time: 29.4 ms, GC Workers: 8]
      [GC Worker Start (ms): Min: 371903.9, Avg: 371903.9, Max: 371904.0, Diff: 0.1]
      [Ext Root Scanning (ms): Min: 0.6, Avg: 0.7, Max: 0.8, Diff: 0.2, Sum: 6.0]
      [Update RS (ms): Min: 0.2, Avg: 0.3, Max: 0.4, Diff: 0.2, Sum: 2.4]
         [Processed Buffers: Min: 1, Avg: 2.1, Max: 4, Diff: 3, Sum: 17]
      [Scan RS (ms): Min: 0.3, Avg: 0.4, Max: 0.4, Diff: 0.2, Sum: 2.8]
      [Code Root Scanning (ms): Min: 0.0, Avg: 0.0, Max: 0.0, Diff: 0.0, Sum: 0.0]
      [Object Copy (ms): Min: 27.9, Avg: 27.9, Max: 27.9, Diff: 0.1, Sum: 223.0]
      [Termination (ms): Min: 0.0, Avg: 0.0, Max: 0.0, Diff: 0.0, Sum: 0.0]
      [GC Worker Other (ms): Min: 0.0, Avg: 0.1, Max: 0.1, Diff: 0.1, Sum: 0.5]
      [GC Worker Total (ms): Min: 29.3, Avg: 29.3, Max: 29.4, Diff: 0.1, Sum: 234.7]
      [GC Worker End (ms): Min: 371933.3, Avg: 371933.3, Max: 371933.3, Diff: 0.1]
   [Code Root Fixup: 0.0 ms]
   [Code Root Migration: 0.1 ms]
   [Clear CT: 0.4 ms]
   [Other: 0.8 ms]
      [Choose CSet: 0.0 ms]
      [Ref Proc: 0.1 ms]
      [Ref Enq: 0.0 ms]
      [Free CSet: 0.6 ms]
   [Eden: 853.0M(853.0M)->0.0B(855.0M) Survivors: 69.0M->67.0M Heap: 1084.0M(1538.0M)->229.1M(1538.0M)]
 [Times: user=0.24 sys=0.00, real=0.03 secs] 
371.935: Total time for which application threads were stopped: 0.0309490 seconds, Stopping threads took: 0.0000440 seconds
372.388: Application time: 0.4530920 seconds
372.388: [GC pause (young), 0.0329220 secs]
   [Parallel Time: 31.6 ms, GC Workers: 8]
      [GC Worker Start (ms): Min: 372387.9, Avg: 372388.0, Max: 372388.0, Diff: 0.1]
      [Ext Root Scanning (ms): Min: 0.7, Avg: 0.8, Max: 0.8, Diff: 0.1, Sum: 6.2]
      [Update RS (ms): Min: 0.2, Avg: 0.3, Max: 0.4, Diff: 0.2, Sum: 2.3]
         [Processed Buffers: Min: 1, Avg: 2.1, Max: 3, Diff: 2, Sum: 17]
      [Scan RS (ms): Min: 0.2, Avg: 0.3, Max: 0.4, Diff: 0.2, Sum: 2.8]
      [Code Root Scanning (ms): Min: 0.0, Avg: 0.0, Max: 0.0, Diff: 0.0, Sum: 0.0]
      [Object Copy (ms): Min: 30.1, Avg: 30.1, Max: 30.1, Diff: 0.0, Sum: 240.6]
      [Termination (ms): Min: 0.0, Avg: 0.0, Max: 0.0, Diff: 0.0, Sum: 0.0]
      [GC Worker Other (ms): Min: 0.0, Avg: 0.1, Max: 0.1, Diff: 0.0, Sum: 0.4]
      [GC Worker Total (ms): Min: 31.5, Avg: 31.5, Max: 31.6, Diff: 0.1, Sum: 252.4]
      [GC Worker End (ms): Min: 372419.5, Avg: 372419.5, Max: 372419.5, Diff: 0.0]
   [Code Root Fixup: 0.0 ms]
   [Code Root Migration: 0.1 ms]
   [Clear CT: 0.4 ms]
   [Other: 0.8 ms]
      [Choose CSet: 0.0 ms]
      [Ref Proc: 0.1 ms]
      [Ref Enq: 0.0 ms]
      [Free CSet: 0.6 ms]
   [Eden: 855.0M(855.0M)->0.0B(853.0M) Survivors: 67.0M->69.0M Heap: 1084.1M(1538.0M)->231.1M(1538.0M)]
 [Times: user=0.25 sys=0.00, real=0.03 secs] 
372.421: Total time for which application threads were stopped: 0.0331300 seconds, Stopping threads took: 0.0000540 seconds
372.870: Application time: 0.4492760 seconds
372.870: [GC pause (young), 0.0314960 secs]
   [Parallel Time: 30.2 ms, GC Workers: 8]
      [GC Worker Start (ms): Min: 372870.4, Avg: 372870.4, Max: 372870.4, Diff: 0.1]
      [Ext Root Scanning (ms): Min: 0.7, Avg: 0.8, Max: 0.8, Diff: 0.1, Sum: 6.1]
      [Update RS (ms): Min: 0.2, Avg: 0.3, Max: 0.4, Diff: 0.2, Sum: 2.4]
         [Processed Buffers: Min: 1, Avg: 2.1, Max: 3, Diff: 2, Sum: 17]
      [Scan RS (ms): Min: 0.2, Avg: 0.3, Max: 0.4, Diff: 0.2, Sum: 2.7]
      [Code Root Scanning (ms): Min: 0.0, Avg: 0.0, Max: 0.0, Diff: 0.0, Sum: 0.1]
      [Object Copy (ms): Min: 28.7, Avg: 28.7, Max: 28.7, Diff: 0.0, Sum: 229.8]
      [Termination (ms): Min: 0.0, Avg: 0.0, Max: 0.0, Diff: 0.0, Sum: 0.0]
      [GC Worker Other (ms): Min: 0.0, Avg: 0.0, Max: 0.1, Diff: 0.0, Sum: 0.4]
      [GC Worker Total (ms): Min: 30.1, Avg: 30.2, Max: 30.2, Diff: 0.1, Sum: 241.5]
      [GC Worker End (ms): Min: 372900.5, Avg: 372900.6, Max: 372900.6, Diff: 0.0]
   [Code Root Fixup: 0.0 ms]
   [Code Root Migration: 0.1 ms]
   [Clear CT: 0.4 ms]
   [Other: 0.7 ms]
      [Choose CSet: 0.0 ms]
      [Ref Proc: 0.1 ms]
      [Ref Enq: 0.0 ms]
      [Free CSet: 0.6 ms]
   [Eden: 853.0M(853.0M)->0.0B(854.0M) Survivors: 69.0M->68.0M Heap: 1084.1M(1538.0M)->230.6M(1538.0M)]
 [Times: user=0.25 sys=0.00, real=0.03 secs] 
372.902: Total time for which application threads were stopped: 0.0316920 seconds, Stopping threads took: 0.0000380 seconds
373.350: Application time: 0.4484880 seconds
373.350: [GC pause (young), 0.0327280 secs]
   [Parallel Time: 31.5 ms, GC Workers: 8]
      [GC Worker Start (ms): Min: 373350.5, Avg: 373350.6, Max: 373350.6, Diff: 0.1]
      [Ext Root Scanning (ms): Min: 0.8, Avg: 0.8, Max: 0.9, Diff: 0.1, Sum: 6.4]
      [Update RS (ms): Min: 0.2, Avg: 0.3, Max: 0.4, Diff: 0.2, Sum: 2.3]
         [Processed Buffers: Min: 1, Avg: 2.1, Max: 3, Diff: 2, Sum: 17]
      [Scan RS (ms): Min: 0.2, Avg: 0.3, Max: 0.4, Diff: 0.2, Sum: 2.7]
      [Code Root Scanning (ms): Min: 0.0, Avg: 0.0, Max: 0.0, Diff: 0.0, Sum: 0.1]
      [Object Copy (ms): Min: 29.9, Avg: 29.9, Max: 29.9, Diff: 0.0, Sum: 239.1]
      [Termination (ms): Min: 0.0, Avg: 0.0, Max: 0.0, Diff: 0.0, Sum: 0.0]
      [GC Worker Other (ms): Min: 0.0, Avg: 0.1, Max: 0.1, Diff: 0.0, Sum: 0.5]
      [GC Worker Total (ms): Min: 31.4, Avg: 31.4, Max: 31.4, Diff: 0.1, Sum: 251.1]
      [GC Worker End (ms): Min: 373381.9, Avg: 373381.9, Max: 373382.0, Diff: 0.0]
   [Code Root Fixup: 0.0 ms]
   [Code Root Migration: 0.1 ms]
   [Clear CT: 0.4 ms]
   [Other: 0.7 ms]
      [Choose CSet: 0.0 ms]
      [Ref Proc: 0.1 ms]
      [Ref Enq: 0.0 ms]
      [Free CSet: 0.6 ms]
   [Eden: 854.0M(854.0M)->0.0B(852.0M) Survivors: 68.0M->70.0M Heap: 1084.6M(1538.0M)->232.6M(1538.0M)]
 [Times: user=0.25 sys=0.00, real=0.03 secs] 
373.383: Total time for which application threads were stopped: 0.0329200 seconds, Stopping threads took: 0.0000340 seconds
373.825: Application time: 0.4421050 seconds
373.826: [GC pause (young), 0.0328320 secs]
   [Parallel Time: 31.5 ms, GC Workers: 8]
      [GC Worker Start (ms): Min: 373825.6, Avg: 373825.6, Max: 373825.6, Diff: 0.1]
      [Ext Root Scanning (ms): Min: 0.8, Avg: 0.8, Max: 0.8, Diff: 0.1, Sum: 6.5]
      [Update RS (ms): Min: 0.2, Avg: 0.3, Max: 0.4, Diff: 0.2, Sum: 2.3]
         [Processed Buffers: Min: 1, Avg: 2.1, Max: 3, Diff: 2, Sum: 17]
      [Scan RS (ms): Min: 0.2, Avg: 0.3, Max: 0.4, Diff: 0.2, Sum: 2.8]
      [Code Root Scanning (ms): Min: 0.0, Avg: 0.0, Max: 0.0, Diff: 0.0, Sum: 0.0]
      [Object Copy (ms): Min: 30.0, Avg: 30.0, Max: 30.0, Diff: 0.0, Sum: 239.7]
      [Termination (ms): Min: 0.0, Avg: 0.0, Max: 0.0, Diff: 0.0, Sum: 0.0]
      [GC Worker Other (ms): Min: 0.0, Avg: 0.1, Max: 0.1, Diff: 0.0, Sum: 0.4]
      [GC Worker Total (ms): Min: 31.4, Avg: 31.5, Max: 31.5, Diff: 0.1, Sum: 251.8]
      [GC Worker End (ms): Min: 373857.1, Avg: 373857.1, Max: 373857.1, Diff: 0.0]
   [Code Root Fixup: 0.0 ms]
   [Code Root Migration: 0.1 ms]
   [Clear CT: 0.4 ms]
   [Other: 0.8 ms]
      [Choose CSet: 0.0 ms]
      [Ref Proc: 0.1 ms]
      [Ref Enq: 0.0 ms]
      [Free CSet: 0.6 ms]
   [Eden: 852.0M(852.0M)->0.0B(852.0M) Survivors: 70.0M->70.0M Heap: 1084.6M(1538.0M)->232.1M(1538.0M)]
 [Times: user=0.26 sys=0.00, real=0.03 secs] 
373.858: Total time for which application threads were stopped: 0.0330340 seconds, Stopping threads took: 0.0000380 seconds
374.298: Application time: 0.4392410 seconds
374.298: [GC pause (young), 0.0328720 secs]
   [Parallel Time: 31.6 ms, GC Workers: 8]
      [GC Worker Start (ms): Min: 374297.8, Avg: 374298.0, Max: 374299.4, Diff: 1.5]
      [Ext Root Scanning (ms): Min: 0.0, Avg: 0.7, Max: 0.9, Diff: 0.9, Sum: 5.6]
      [Update RS (ms): Min: 0.0, Avg: 0.3, Max: 0.4, Diff: 0.4, Sum: 2.2]
         [Processed Buffers: Min: 0, Avg: 2.1, Max: 4, Diff: 4, Sum: 17]
      [Scan RS (ms): Min: 0.0, Avg: 0.3, Max: 0.4, Diff: 0.4, Sum: 2.6]
      [Code Root Scanning (ms): Min: 0.0, Avg: 0.0, Max: 0.0, Diff: 0.0, Sum: 0.0]
      [Object Copy (ms): Min: 29.9, Avg: 29.9, Max: 30.0, Diff: 0.1, Sum: 239.5]
      [Termination (ms): Min: 0.0, Avg: 0.0, Max: 0.0, Diff: 0.0, Sum: 0.0]
      [GC Worker Other (ms): Min: 0.0, Avg: 0.1, Max: 0.1, Diff: 0.0, Sum: 0.4]
      [GC Worker Total (ms): Min: 30.0, Avg: 31.3, Max: 31.5, Diff: 1.5, Sum: 250.4]
      [GC Worker End (ms): Min: 374329.3, Avg: 374329.4, Max: 374329.4, Diff: 0.0]
   [Code Root Fixup: 0.1 ms]
   [Code Root Migration: 0.1 ms]
   [Clear CT: 0.4 ms]
   [Other: 0.8 ms]
      [Choose CSet: 0.0 ms]
      [Ref Proc: 0.1 ms]
      [Ref Enq: 0.0 ms]
      [Free CSet: 0.6 ms]
   [Eden: 852.0M(852.0M)->0.0B(852.0M) Survivors: 70.0M->70.0M Heap: 1084.1M(1538.0M)->232.6M(1538.0M)]
 [Times: user=0.25 sys=0.00, real=0.03 secs] 
374.331: Total time for which application threads were stopped: 0.0330720 seconds, Stopping threads took: 0.0000330 seconds
374.767: Application time: 0.4362050 seconds
374.767: [GC pause (young), 0.0316460 secs]
   [Parallel Time: 30.3 ms, GC Workers: 8]
      [GC Worker Start (ms): Min: 374767.1, Avg: 374767.2, Max: 374767.2, Diff: 0.1]
      [Ext Root Scanning (ms): Min: 0.7, Avg: 0.8, Max: 0.8, Diff: 0.2, Sum: 6.3]
      [Update RS (ms): Min: 0.2, Avg: 0.3, Max: 0.4, Diff: 0.2, Sum: 2.3]
         [Processed Buffers: Min: 1, Avg: 2.1, Max: 4, Diff: 3, Sum: 17]
      [Scan RS (ms): Min: 0.2, Avg: 0.3, Max: 0.4, Diff: 0.2, Sum: 2.8]
      [Code Root Scanning (ms): Min: 0.0, Avg: 0.0, Max: 0.0, Diff: 0.0, Sum: 0.0]
      [Object Copy (ms): Min: 28.8, Avg: 28.8, Max: 28.8, Diff: 0.1, Sum: 230.2]
      [Termination (ms): Min: 0.0, Avg: 0.0, Max: 0.0, Diff: 0.0, Sum: 0.0]
      [GC Worker Other (ms): Min: 0.0, Avg: 0.1, Max: 0.1, Diff: 0.0, Sum: 0.4]
      [GC Worker Total (ms): Min: 30.2, Avg: 30.3, Max: 30.3, Diff: 0.0, Sum: 242.1]
      [GC Worker End (ms): Min: 374797.4, Avg: 374797.4, Max: 374797.5, Diff: 0.0]
   [Code Root Fixup: 0.1 ms]
   [Code Root Migration: 0.1 ms]
   [Clear CT: 0.4 ms]
   [Other: 0.8 ms]
      [Choose CSet: 0.0 ms]
      [Ref Proc: 0.1 ms]
      [Ref Enq: 0.0 ms]
      [Free CSet: 0.6 ms]
   [Eden: 852.0M(852.0M)->0.0B(853.0M) Survivors: 70.0M->69.0M Heap: 1084.6M(1538.0M)->231.1M(1538.0M)]
 [Times: user=0.25 sys=0.00, real=0.03 secs] 
374.799: Total time for which application threads were stopped: 0.0318640 seconds, Stopping threads took: 0.0000510 seconds
375.235: Application time: 0.4366220 seconds
375.236: [GC pause (young), 0.0328070 secs]
   [Parallel Time: 31.5 ms, GC Workers: 8]
      [GC Worker Start (ms): Min: 375235.6, Avg: 375235.6, Max: 375235.7, Diff: 0.1]
      [Ext Root Scanning (ms): Min: 0.7, Avg: 0.8, Max: 0.9, Diff: 0.1, Sum: 6.4]
      [Update RS (ms): Min: 0.2, Avg: 0.3, Max: 0.4, Diff: 0.2, Sum: 2.3]
         [Processed Buffers: Min: 1, Avg: 2.1, Max: 3, Diff: 2, Sum: 17]
      [Scan RS (ms): Min: 0.3, Avg: 0.3, Max: 0.4, Diff: 0.1, Sum: 2.8]
      [Code Root Scanning (ms): Min: 0.0, Avg: 0.0, Max: 0.0, Diff: 0.0, Sum: 0.0]
      [Object Copy (ms): Min: 30.0, Avg: 30.0, Max: 30.0, Diff: 0.0, Sum: 239.7]
      [Termination (ms): Min: 0.0, Avg: 0.0, Max: 0.0, Diff: 0.0, Sum: 0.0]
      [GC Worker Other (ms): Min: 0.0, Avg: 0.1, Max: 0.1, Diff: 0.0, Sum: 0.5]
      [GC Worker Total (ms): Min: 31.4, Avg: 31.5, Max: 31.5, Diff: 0.0, Sum: 251.7]
      [GC Worker End (ms): Min: 375267.1, Avg: 375267.1, Max: 375267.1, Diff: 0.0]
   [Code Root Fixup: 0.1 ms]
   [Code Root Migration: 0.1 ms]
   [Clear CT: 0.4 ms]
   [Other: 0.7 ms]
      [Choose CSet: 0.0 ms]
      [Ref Proc: 0.1 ms]
      [Ref Enq: 0.0 ms]
      [Free CSet: 0.6 ms]
   [Eden: 853.0M(853.0M)->0.0B(852.0M) Survivors: 69.0M->70.0M Heap: 1084.1M(1538.0M)->232.1M(1538.0M)]
 [Times: user=0.25 sys=0.00, real=0.03 secs] 
375.268: Total time for which application threads were stopped: 0.0329980 seconds, Stopping threads took: 0.0000440 seconds
375.704: Application time: 0.4357160 seconds
375.704: [GC pause (young), 0.0319610 secs]
   [Parallel Time: 30.7 ms, GC Workers: 8]
      [GC Worker Start (ms): Min: 375704.3, Avg: 375704.3, Max: 375704.4, Diff: 0.1]
      [Ext Root Scanning (ms): Min: 0.6, Avg: 0.7, Max: 0.8, Diff: 0.2, Sum: 6.0]
      [Update RS (ms): Min: 0.2, Avg: 0.3, Max: 0.4, Diff: 0.2, Sum: 2.4]
         [Processed Buffers: Min: 1, Avg: 2.1, Max: 4, Diff: 3, Sum: 17]
      [Scan RS (ms): Min: 0.3, Avg: 0.4, Max: 0.4, Diff: 0.2, Sum: 2.9]
      [Code Root Scanning (ms): Min: 0.0, Avg: 0.0, Max: 0.0, Diff: 0.0, Sum: 0.0]
      [Object Copy (ms): Min: 29.1, Avg: 29.1, Max: 29.2, Diff: 0.1, Sum: 233.1]
      [Termination (ms): Min: 0.0, Avg: 0.0, Max: 0.0, Diff: 0.0, Sum: 0.0]
      [GC Worker Other (ms): Min: 0.0, Avg: 0.1, Max: 0.1, Diff: 0.0, Sum: 0.5]
      [GC Worker Total (ms): Min: 30.6, Avg: 30.6, Max: 30.7, Diff: 0.1, Sum: 245.0]
      [GC Worker End (ms): Min: 375735.0, Avg: 375735.0, Max: 375735.0, Diff: 0.0]
   [Code Root Fixup: 0.1 ms]
   [Code Root Migration: 0.1 ms]
   [Clear CT: 0.4 ms]
   [Other: 0.7 ms]
      [Choose CSet: 0.0 ms]
      [Ref Proc: 0.1 ms]
      [Ref Enq: 0.0 ms]
      [Free CSet: 0.6 ms]
   [Eden: 852.0M(852.0M)->0.0B(852.0M) Survivors: 70.0M->70.0M Heap: 1084.1M(1538.0M)->232.1M(1538.0M)]
 [Times: user=0.25 sys=0.00, real=0.03 secs] 
375.736: Total time for which application threads were stopped: 0.0321430 seconds, Stopping threads took: 0.0000230 seconds
376.065: Application time: 0.3290020 seconds
376.065: Total time for which application threads were stopped: 0.0001320 seconds, Stopping threads took: 0.0000780 seconds
376.111: Application time: 0.0451530 seconds
376.111: Total time for which application threads were stopped: 0.0001120 seconds, Stopping threads took: 0.0000590 seconds
376.121: Application time: 0.0104040 seconds
376.121: Total time for which application threads were stopped: 0.0001540 seconds, Stopping threads took: 0.0001000 seconds
376.135: Application time: 0.0140470 seconds
376.135: Total time for which application threads were stopped: 0.0000860 seconds, Stopping threads took: 0.0000380 seconds
376.154: Application time: 0.0188330 seconds
376.154: Total time for which application threads were stopped: 0.0001150 seconds, Stopping threads took: 0.0000600 seconds
376.214: Application time: 0.0599400 seconds
376.214: [GC pause (young), 0.0328520 secs]
   [Parallel Time: 31.5 ms, GC Workers: 8]
      [GC Worker Start (ms): Min: 376214.5, Avg: 376214.5, Max: 376214.6, Diff: 0.1]
      [Ext Root Scanning (ms): Min: 0.7, Avg: 0.7, Max: 0.8, Diff: 0.1, Sum: 6.0]
      [Update RS (ms): Min: 0.2, Avg: 0.3, Max: 0.5, Diff: 0.4, Sum: 2.5]
         [Processed Buffers: Min: 1, Avg: 2.1, Max: 3, Diff: 2, Sum: 17]
      [Scan RS (ms): Min: 0.3, Avg: 0.4, Max: 0.5, Diff: 0.2, Sum: 3.1]
      [Code Root Scanning (ms): Min: 0.0, Avg: 0.0, Max: 0.0, Diff: 0.0, Sum: 0.0]
      [Object Copy (ms): Min: 29.8, Avg: 29.8, Max: 29.9, Diff: 0.1, Sum: 238.7]
      [Termination (ms): Min: 0.0, Avg: 0.0, Max: 0.0, Diff: 0.0, Sum: 0.0]
      [GC Worker Other (ms): Min: 0.0, Avg: 0.1, Max: 0.1, Diff: 0.1, Sum: 0.6]
      [GC Worker Total (ms): Min: 31.3, Avg: 31.4, Max: 31.4, Diff: 0.1, Sum: 251.0]
      [GC Worker End (ms): Min: 376245.9, Avg: 376245.9, Max: 376245.9, Diff: 0.1]
   [Code Root Fixup: 0.0 ms]
   [Code Root Migration: 0.1 ms]
   [Clear CT: 0.4 ms]
   [Other: 0.8 ms]
      [Choose CSet: 0.0 ms]
      [Ref Proc: 0.2 ms]
      [Ref Enq: 0.0 ms]
      [Free CSet: 0.6 ms]
   [Eden: 852.0M(852.0M)->0.0B(862.0M) Survivors: 70.0M->60.0M Heap: 1084.1M(1538.0M)->232.3M(1538.0M)]
 [Times: user=0.25 sys=0.01, real=0.03 secs] 
376.247: Total time for which application threads were stopped: 0.0330520 seconds, Stopping threads took: 0.0000160 seconds
376.296: Application time: 0.0486260 seconds
376.296: Total time for which application threads were stopped: 0.0000590 seconds, Stopping threads took: 0.0000090 seconds
376.313: Application time: 0.0169140 seconds
376.313: Total time for which application threads were stopped: 0.0000500 seconds, Stopping threads took: 0.0000070 seconds
376.313: Application time: 0.0000800 seconds
376.313: Total time for which application threads were stopped: 0.0000100 seconds, Stopping threads took: 0.0000030 seconds
376.313: Application time: 0.0001030 seconds
376.313: Total time for which application threads were stopped: 0.0000250 seconds, Stopping threads took: 0.0000070 seconds
376.313: Application time: 0.0000690 seconds
376.313: Total time for which application threads were stopped: 0.0000250 seconds, Stopping threads took: 0.0000070 seconds
376.314: Application time: 0.0002190 seconds
376.314: Total time for which application threads were stopped: 0.0000270 seconds, Stopping threads took: 0.0000080 seconds
376.314: Application time: 0.0000690 seconds
376.314: Total time for which application threads were stopped: 0.0000120 seconds, Stopping threads took: 0.0000040 seconds
376.314: Application time: 0.0001080 seconds
376.314: Total time for which application threads were stopped: 0.0000130 seconds, Stopping threads took: 0.0000040 seconds
376.314: Application time: 0.0006280 seconds
376.314: Total time for which application threads were stopped: 0.0000360 seconds, Stopping threads took: 0.0000140 seconds
376.315: Application time: 0.0003780 seconds
376.315: Total time for which application threads were stopped: 0.0001100 seconds, Stopping threads took: 0.0000070 seconds
376.422: Application time: 0.1072770 seconds
376.422: Total time for which application threads were stopped: 0.0000620 seconds, Stopping threads took: 0.0000090 seconds
376.448: Application time: 0.0257680 seconds
376.448: Total time for which application threads were stopped: 0.0001320 seconds, Stopping threads took: 0.0000080 seconds
376.449: Application time: 0.0012130 seconds
376.449: Total time for which application threads were stopped: 0.0000310 seconds, Stopping threads took: 0.0000050 seconds
376.497: Application time: 0.0477040 seconds
376.497: Total time for which application threads were stopped: 0.0000490 seconds, Stopping threads took: 0.0000120 seconds
377.284: Application time: 0.7864190 seconds
377.284: Total time for which application threads were stopped: 0.0001130 seconds, Stopping threads took: 0.0000140 seconds
377.286: Application time: 0.0017920 seconds
377.286: Total time for which application threads were stopped: 0.0000350 seconds, Stopping threads took: 0.0000090 seconds
Heap
 garbage-first heap   total 1574912K, used 306639K [0x0000000080c00000, 0x00000000e0e00000, 0x00000000fae00000)
  region size 1024K, 124 young (126976K), 60 survivors (61440K)
 compacting perm gen  total 20480K, used 15415K [0x00000000fae00000, 0x00000000fc200000, 0x0000000100000000)
   the space 20480K,  75% used [0x00000000fae00000, 0x00000000fbd0dc70, 0x00000000fbd0de00, 0x00000000fc200000)
No shared spaces configured.
377.286: Application time: 0.0001720 seconds
