Java HotSpot(TM) 64-Bit Server VM (24.80-b11) for linux-amd64 JRE (1.7.0_80-b15), built on Apr 10 2015 19:53:14 by "java_re" with gcc 4.3.0 20080428 (Red Hat 4.3.0-8)
Memory: 4k page, physical 8000092k(6126444k free), swap 8218620k(8218620k free)
CommandLine flags: -XX:InitialHeapSize=128001472 -XX:MaxHeapSize=2048023552 -XX:+PrintGC -XX:+PrintGCApplicationConcurrentTime -XX:+PrintGCApplicationStoppedTime -XX:+PrintGCDetails -XX:+PrintGCTimeStamps -XX:+UseCompressedOops -XX:+UseParNewGC 
1.007: Application time: 0.9861510 seconds
1.007: Total time for which application threads were stopped: 0.0000400 seconds, Stopping threads took: 0.0000110 seconds
4.026: Application time: 3.0191210 seconds
4.026: Total time for which application threads were stopped: 0.0000590 seconds, Stopping threads took: 0.0000100 seconds
14.990: Application time: 10.9638300 seconds
14.990: Total time for which application threads were stopped: 0.0000220 seconds, Stopping threads took: 0.0000080 seconds
14.990: Application time: 0.0000150 seconds
14.990: Total time for which application threads were stopped: 0.0000080 seconds, Stopping threads took: 0.0000030 seconds
14.992: Application time: 0.0014440 seconds
14.992: Total time for which application threads were stopped: 0.0000240 seconds, Stopping threads took: 0.0000070 seconds
15.009: Application time: 0.0176040 seconds
15.009: Total time for which application threads were stopped: 0.0000380 seconds, Stopping threads took: 0.0000100 seconds
15.022: Application time: 0.0122400 seconds
15.022: [Full GC15.022: [Tenured: 0K->3145K(83392K), 0.0088330 secs] 11089K->3145K(120896K), [Perm : 5075K->5075K(21248K)], 0.0088940 secs] [Times: user=0.00 sys=0.00, real=0.01 secs] 
15.031: Total time for which application threads were stopped: 0.0089590 seconds, Stopping threads took: 0.0000170 seconds
15.031: Application time: 0.0000750 seconds
15.031: [Full GC15.031: [Tenured: 3145K->3145K(83392K), 0.0058950 secs] 3145K->3145K(120960K), [Perm : 5075K->5075K(21248K)], 0.0059230 secs] [Times: user=0.01 sys=0.00, real=0.01 secs] 
15.037: Total time for which application threads were stopped: 0.0059850 seconds, Stopping threads took: 0.0000200 seconds
15.037: Application time: 0.0001730 seconds
15.037: Total time for which application threads were stopped: 0.0000580 seconds, Stopping threads took: 0.0000360 seconds
15.037: Application time: 0.0000810 seconds
15.037: Total time for which application threads were stopped: 0.0000540 seconds, Stopping threads took: 0.0000330 seconds
15.037: Application time: 0.0000810 seconds
15.037: Total time for which application threads were stopped: 0.0000550 seconds, Stopping threads took: 0.0000470 seconds
15.037: Application time: 0.0000330 seconds
15.037: Total time for which application threads were stopped: 0.0000160 seconds, Stopping threads took: 0.0000130 seconds
15.037: Application time: 0.0000330 seconds
15.037: Total time for which application threads were stopped: 0.0000160 seconds, Stopping threads took: 0.0000130 seconds
15.037: Application time: 0.0000240 seconds
15.037: Total time for which application threads were stopped: 0.0000160 seconds, Stopping threads took: 0.0000120 seconds
15.037: Application time: 0.0000220 seconds
15.037: Total time for which application threads were stopped: 0.0000120 seconds, Stopping threads took: 0.0000090 seconds
15.037: Application time: 0.0000090 seconds
15.037: Total time for which application threads were stopped: 0.0000110 seconds, Stopping threads took: 0.0000080 seconds
15.037: Application time: 0.0000080 seconds
15.037: Total time for which application threads were stopped: 0.0000110 seconds, Stopping threads took: 0.0000080 seconds
15.037: Application time: 0.0000080 seconds
15.037: Total time for which application threads were stopped: 0.0000110 seconds, Stopping threads took: 0.0000080 seconds
15.037: Application time: 0.0000080 seconds
15.037: Total time for which application threads were stopped: 0.0000130 seconds, Stopping threads took: 0.0000100 seconds
15.037: Application time: 0.0000080 seconds
15.037: Total time for which application threads were stopped: 0.0000120 seconds, Stopping threads took: 0.0000090 seconds
15.037: Application time: 0.0000080 seconds
15.038: Total time for which application threads were stopped: 0.0000100 seconds, Stopping threads took: 0.0000070 seconds
15.038: Application time: 0.0000080 seconds
15.038: Total time for which application threads were stopped: 0.0000070 seconds, Stopping threads took: 0.0000040 seconds
15.038: Application time: 0.0000070 seconds
15.038: Total time for which application threads were stopped: 0.0000070 seconds, Stopping threads took: 0.0000040 seconds
15.038: Application time: 0.0000080 seconds
15.038: Total time for which application threads were stopped: 0.0000110 seconds, Stopping threads took: 0.0000080 seconds
15.038: Application time: 0.0000090 seconds
15.038: Total time for which application threads were stopped: 0.0000110 seconds, Stopping threads took: 0.0000080 seconds
15.038: Application time: 0.0000080 seconds
15.038: Total time for which application threads were stopped: 0.0000150 seconds, Stopping threads took: 0.0000110 seconds
15.038: Application time: 0.0000080 seconds
15.038: Total time for which application threads were stopped: 0.0000110 seconds, Stopping threads took: 0.0000080 seconds
15.038: Application time: 0.0000090 seconds
15.038: Total time for which application threads were stopped: 0.0000190 seconds, Stopping threads took: 0.0000120 seconds
15.111: Application time: 0.0738400 seconds
15.112: Total time for which application threads were stopped: 0.0000460 seconds, Stopping threads took: 0.0000180 seconds
15.112: Application time: 0.0002070 seconds
15.112: Total time for which application threads were stopped: 0.0000690 seconds, Stopping threads took: 0.0000560 seconds
15.113: Application time: 0.0007560 seconds
15.113: Total time for which application threads were stopped: 0.0000230 seconds, Stopping threads took: 0.0000140 seconds
15.118: Application time: 0.0056210 seconds
15.118: Total time for which application threads were stopped: 0.0000400 seconds, Stopping threads took: 0.0000210 seconds
15.119: Application time: 0.0009450 seconds
15.119: Total time for which application threads were stopped: 0.0000310 seconds, Stopping threads took: 0.0000170 seconds
15.124: Application time: 0.0050550 seconds
15.124: Total time for which application threads were stopped: 0.0000720 seconds, Stopping threads took: 0.0000500 seconds
15.128: Application time: 0.0037600 seconds
15.128: Total time for which application threads were stopped: 0.0000360 seconds, Stopping threads took: 0.0000200 seconds
15.134: Application time: 0.0056490 seconds
15.134: Total time for which application threads were stopped: 0.0000420 seconds, Stopping threads took: 0.0000240 seconds
15.134: Application time: 0.0000590 seconds
15.134: Total time for which application threads were stopped: 0.0000140 seconds, Stopping threads took: 0.0000070 seconds
15.134: Application time: 0.0000620 seconds
15.134: Total time for which application threads were stopped: 0.0000130 seconds, Stopping threads took: 0.0000070 seconds
15.140: Application time: 0.0057930 seconds
15.140: Total time for which application threads were stopped: 0.0000460 seconds, Stopping threads took: 0.0000070 seconds
15.145: Application time: 0.0053220 seconds
15.145: Total time for which application threads were stopped: 0.0000650 seconds, Stopping threads took: 0.0000440 seconds
15.165: Application time: 0.0197540 seconds
15.165: Total time for which application threads were stopped: 0.0000450 seconds, Stopping threads took: 0.0000100 seconds
15.165: Application time: 0.0001010 seconds
15.165: Total time for which application threads were stopped: 0.0000230 seconds, Stopping threads took: 0.0000080 seconds
15.165: Application time: 0.0001350 seconds
15.165: Total time for which application threads were stopped: 0.0000370 seconds, Stopping threads took: 0.0000280 seconds
15.165: Application time: 0.0000300 seconds
15.165: Total time for which application threads were stopped: 0.0000320 seconds, Stopping threads took: 0.0000220 seconds
15.165: Application time: 0.0000180 seconds
15.165: Total time for which application threads were stopped: 0.0000130 seconds, Stopping threads took: 0.0000070 seconds
15.165: Application time: 0.0000170 seconds
15.166: Total time for which application threads were stopped: 0.0000230 seconds, Stopping threads took: 0.0000150 seconds
15.166: Application time: 0.0001810 seconds
15.166: Total time for which application threads were stopped: 0.0000090 seconds, Stopping threads took: 0.0000030 seconds
15.167: Application time: 0.0012830 seconds
15.167: Total time for which application threads were stopped: 0.0000160 seconds, Stopping threads took: 0.0000060 seconds
15.167: Application time: 0.0000690 seconds
15.167: Total time for which application threads were stopped: 0.0000270 seconds, Stopping threads took: 0.0000140 seconds
15.191: Application time: 0.0240190 seconds
15.191: Total time for which application threads were stopped: 0.0000710 seconds, Stopping threads took: 0.0000450 seconds
15.191: Application time: 0.0000570 seconds
15.191: Total time for which application threads were stopped: 0.0000330 seconds, Stopping threads took: 0.0000200 seconds
15.191: Application time: 0.0001140 seconds
15.191: Total time for which application threads were stopped: 0.0000290 seconds, Stopping threads took: 0.0000170 seconds
15.192: Application time: 0.0003230 seconds
15.192: Total time for which application threads were stopped: 0.0000760 seconds, Stopping threads took: 0.0000650 seconds
15.192: Application time: 0.0000560 seconds
15.192: Total time for which application threads were stopped: 0.0000390 seconds, Stopping threads took: 0.0000300 seconds
15.194: Application time: 0.0024030 seconds
15.194: Total time for which application threads were stopped: 0.0000220 seconds, Stopping threads took: 0.0000130 seconds
15.203: Application time: 0.0089140 seconds
15.203: Total time for which application threads were stopped: 0.0000640 seconds, Stopping threads took: 0.0000440 seconds
15.324: Application time: 0.1207840 seconds
15.324: [GC15.324: [ParNew: 33408K->2292K(37568K), 0.0016080 secs] 36553K->5437K(120960K), 0.0016510 secs] [Times: user=0.00 sys=0.00, real=0.00 secs] 
15.326: Total time for which application threads were stopped: 0.0018020 seconds, Stopping threads took: 0.0000690 seconds
15.327: Application time: 0.0006090 seconds
15.327: Total time for which application threads were stopped: 0.0000590 seconds, Stopping threads took: 0.0000430 seconds
15.327: Application time: 0.0000160 seconds
15.327: Total time for which application threads were stopped: 0.0000290 seconds, Stopping threads took: 0.0000230 seconds
15.327: Application time: 0.0000140 seconds
15.327: Total time for which application threads were stopped: 0.0000260 seconds, Stopping threads took: 0.0000190 seconds
15.327: Application time: 0.0000120 seconds
15.327: Total time for which application threads were stopped: 0.0000230 seconds, Stopping threads took: 0.0000160 seconds
15.327: Application time: 0.0000120 seconds
15.327: Total time for which application threads were stopped: 0.0000290 seconds, Stopping threads took: 0.0000230 seconds
15.327: Application time: 0.0000100 seconds
15.327: Total time for which application threads were stopped: 0.0000260 seconds, Stopping threads took: 0.0000200 seconds
15.327: Application time: 0.0000110 seconds
15.327: Total time for which application threads were stopped: 0.0000220 seconds, Stopping threads took: 0.0000160 seconds
15.327: Application time: 0.0000120 seconds
15.327: Total time for which application threads were stopped: 0.0000250 seconds, Stopping threads took: 0.0000190 seconds
15.327: Application time: 0.0000110 seconds
15.327: Total time for which application threads were stopped: 0.0000270 seconds, Stopping threads took: 0.0000210 seconds
15.327: Application time: 0.0000100 seconds
15.327: Total time for which application threads were stopped: 0.0000300 seconds, Stopping threads took: 0.0000240 seconds
15.327: Application time: 0.0000100 seconds
15.327: Total time for which application threads were stopped: 0.0000260 seconds, Stopping threads took: 0.0000200 seconds
15.327: Application time: 0.0000120 seconds
15.327: Total time for which application threads were stopped: 0.0000280 seconds, Stopping threads took: 0.0000220 seconds
15.327: Application time: 0.0000140 seconds
15.327: Total time for which application threads were stopped: 0.0000320 seconds, Stopping threads took: 0.0000250 seconds
15.327: Application time: 0.0000150 seconds
15.327: Total time for which application threads were stopped: 0.0000340 seconds, Stopping threads took: 0.0000250 seconds
15.327: Application time: 0.0000160 seconds
15.327: Total time for which application threads were stopped: 0.0000380 seconds, Stopping threads took: 0.0000300 seconds
15.327: Application time: 0.0000120 seconds
15.327: Total time for which application threads were stopped: 0.0000230 seconds, Stopping threads took: 0.0000170 seconds
15.327: Application time: 0.0000110 seconds
15.327: Total time for which application threads were stopped: 0.0000260 seconds, Stopping threads took: 0.0000200 seconds
15.327: Application time: 0.0000150 seconds
15.327: Total time for which application threads were stopped: 0.0000300 seconds, Stopping threads took: 0.0000240 seconds
15.327: Application time: 0.0000110 seconds
15.327: Total time for which application threads were stopped: 0.0000270 seconds, Stopping threads took: 0.0000210 seconds
15.327: Application time: 0.0000100 seconds
15.327: Total time for which application threads were stopped: 0.0000640 seconds, Stopping threads took: 0.0000170 seconds
15.328: Application time: 0.0002110 seconds
15.328: Total time for which application threads were stopped: 0.0000350 seconds, Stopping threads took: 0.0000240 seconds
15.328: Application time: 0.0000250 seconds
15.328: Total time for which application threads were stopped: 0.0000470 seconds, Stopping threads took: 0.0000330 seconds
15.328: Application time: 0.0001310 seconds
15.328: Total time for which application threads were stopped: 0.0000390 seconds, Stopping threads took: 0.0000310 seconds
15.328: Application time: 0.0000180 seconds
15.328: Total time for which application threads were stopped: 0.0000280 seconds, Stopping threads took: 0.0000210 seconds
15.328: Application time: 0.0000120 seconds
15.328: Total time for which application threads were stopped: 0.0000250 seconds, Stopping threads took: 0.0000190 seconds
15.328: Application time: 0.0000450 seconds
15.328: Total time for which application threads were stopped: 0.0000470 seconds, Stopping threads took: 0.0000350 seconds
15.328: Application time: 0.0000310 seconds
15.328: Total time for which application threads were stopped: 0.0000480 seconds, Stopping threads took: 0.0000360 seconds
15.328: Application time: 0.0000340 seconds
15.328: Total time for which application threads were stopped: 0.0000440 seconds, Stopping threads took: 0.0000320 seconds
15.543: Application time: 0.2146490 seconds
15.543: [GC15.543: [ParNew: 35700K->375K(37568K), 0.0008440 secs] 38845K->4262K(120960K), 0.0008730 secs] [Times: user=0.00 sys=0.00, real=0.00 secs] 
15.544: Total time for which application threads were stopped: 0.0010560 seconds, Stopping threads took: 0.0000970 seconds
15.742: Application time: 0.1984270 seconds
15.743: [GC15.743: [ParNew: 33783K->226K(37568K), 0.0003850 secs] 37670K->4113K(120960K), 0.0004120 secs] [Times: user=0.00 sys=0.00, real=0.00 secs] 
15.743: Total time for which application threads were stopped: 0.0005710 seconds, Stopping threads took: 0.0000740 seconds
15.936: Application time: 0.1928200 seconds
15.936: [GC15.936: [ParNew: 33634K->198K(37568K), 0.0004840 secs] 37521K->4085K(120960K), 0.0005100 secs] [Times: user=0.00 sys=0.00, real=0.00 secs] 
15.936: Total time for which application threads were stopped: 0.0006220 seconds, Stopping threads took: 0.0000550 seconds
16.066: Application time: 0.1292610 seconds
16.066: Total time for which application threads were stopped: 0.0001210 seconds, Stopping threads took: 0.0000610 seconds
16.125: Application time: 0.0596650 seconds
16.126: [GC16.126: [ParNew: 33606K->420K(37568K), 0.0004060 secs] 37493K->4307K(120960K), 0.0004480 secs] [Times: user=0.00 sys=0.00, real=0.00 secs] 
16.126: Total time for which application threads were stopped: 0.0005540 seconds, Stopping threads took: 0.0000530 seconds
16.290: Application time: 0.1644860 seconds
16.294: Total time for which application threads were stopped: 0.0038960 seconds, Stopping threads took: 0.0038500 seconds
16.327: Application time: 0.0326600 seconds
16.327: [GC16.327: [ParNew: 33828K->427K(37568K), 0.0004770 secs] 37715K->4314K(120960K), 0.0005210 secs] [Times: user=0.01 sys=0.00, real=0.00 secs] 
16.328: Total time for which application threads were stopped: 0.0006410 seconds, Stopping threads took: 0.0000560 seconds
16.551: Application time: 0.2236090 seconds
16.551: [GC16.552: [ParNew: 33835K->426K(37568K), 0.0006010 secs] 37722K->4313K(120960K), 0.0006340 secs] [Times: user=0.01 sys=0.00, real=0.00 secs] 
16.552: Total time for which application threads were stopped: 0.0008290 seconds, Stopping threads took: 0.0001150 seconds
16.744: Application time: 0.1922860 seconds
16.745: [GC16.745: [ParNew: 33834K->441K(37568K), 0.0004570 secs] 37721K->4328K(120960K), 0.0004880 secs] [Times: user=0.00 sys=0.00, real=0.00 secs] 
16.745: Total time for which application threads were stopped: 0.0006140 seconds, Stopping threads took: 0.0000520 seconds
16.929: Application time: 0.1835780 seconds
16.929: [GC16.929: [ParNew: 33849K->421K(37568K), 0.0003740 secs] 37736K->4308K(120960K), 0.0004020 secs] [Times: user=0.00 sys=0.01, real=0.00 secs] 
16.929: Total time for which application threads were stopped: 0.0005300 seconds, Stopping threads took: 0.0000690 seconds
17.114: Application time: 0.1846010 seconds
17.114: [GC17.114: [ParNew: 33829K->444K(37568K), 0.0003860 secs] 37716K->4331K(120960K), 0.0004110 secs] [Times: user=0.00 sys=0.00, real=0.00 secs] 
17.114: Total time for which application threads were stopped: 0.0005260 seconds, Stopping threads took: 0.0000530 seconds
17.301: Application time: 0.1863820 seconds
17.301: [GC17.301: [ParNew: 33852K->434K(37568K), 0.0003940 secs] 37739K->4321K(120960K), 0.0004200 secs] [Times: user=0.00 sys=0.00, real=0.00 secs] 
17.301: Total time for which application threads were stopped: 0.0005320 seconds, Stopping threads took: 0.0000470 seconds
17.490: Application time: 0.1885500 seconds
17.490: [GC17.490: [ParNew: 33842K->447K(37568K), 0.0004110 secs] 37729K->4334K(120960K), 0.0004410 secs] [Times: user=0.00 sys=0.00, real=0.00 secs] 
17.490: Total time for which application threads were stopped: 0.0005620 seconds, Stopping threads took: 0.0000590 seconds
17.674: Application time: 0.1840960 seconds
17.675: [GC17.675: [ParNew: 33855K->443K(37568K), 0.0003890 secs] 37742K->4330K(120960K), 0.0004160 secs] [Times: user=0.00 sys=0.00, real=0.00 secs] 
17.675: Total time for which application threads were stopped: 0.0005370 seconds, Stopping threads took: 0.0000660 seconds
17.857: Application time: 0.1817690 seconds
17.857: [GC17.857: [ParNew: 33851K->450K(37568K), 0.0004230 secs] 37738K->4337K(120960K), 0.0004500 secs] [Times: user=0.00 sys=0.00, real=0.00 secs] 
17.857: Total time for which application threads were stopped: 0.0005850 seconds, Stopping threads took: 0.0000620 seconds
18.042: Application time: 0.1849620 seconds
18.042: [GC18.042: [ParNew: 33858K->434K(37568K), 0.0003950 secs] 37745K->4321K(120960K), 0.0004190 secs] [Times: user=0.00 sys=0.00, real=0.00 secs] 
18.043: Total time for which application threads were stopped: 0.0005400 seconds, Stopping threads took: 0.0000650 seconds
18.228: Application time: 0.1852380 seconds
18.228: [GC18.228: [ParNew: 33842K->434K(37568K), 0.0004860 secs] 37729K->4322K(120960K), 0.0005130 secs] [Times: user=0.01 sys=0.00, real=0.00 secs] 
18.229: Total time for which application threads were stopped: 0.0006400 seconds, Stopping threads took: 0.0000690 seconds
18.414: Application time: 0.1852650 seconds
18.414: [GC18.414: [ParNew: 33842K->426K(37568K), 0.0004510 secs] 37730K->4378K(120960K), 0.0004750 secs] [Times: user=0.00 sys=0.00, real=0.01 secs] 
18.415: Total time for which application threads were stopped: 0.0006060 seconds, Stopping threads took: 0.0000580 seconds
18.596: Application time: 0.1811570 seconds
18.596: [GC18.596: [ParNew: 33834K->414K(37568K), 0.0004160 secs] 37786K->4389K(120960K), 0.0004400 secs] [Times: user=0.00 sys=0.00, real=0.00 secs] 
18.596: Total time for which application threads were stopped: 0.0005840 seconds, Stopping threads took: 0.0000880 seconds
18.781: Application time: 0.1848940 seconds
18.781: [GC18.781: [ParNew: 33822K->414K(37568K), 0.0004430 secs] 37797K->4453K(120960K), 0.0004710 secs] [Times: user=0.00 sys=0.00, real=0.00 secs] 
18.782: Total time for which application threads were stopped: 0.0005860 seconds, Stopping threads took: 0.0000550 seconds
18.967: Application time: 0.1847380 seconds
18.967: [GC18.967: [ParNew: 33822K->430K(37568K), 0.0004870 secs] 37861K->4526K(120960K), 0.0005160 secs] [Times: user=0.00 sys=0.00, real=0.00 secs] 
18.967: Total time for which application threads were stopped: 0.0006440 seconds, Stopping threads took: 0.0000550 seconds
19.153: Application time: 0.1854670 seconds
19.153: [GC19.153: [ParNew: 33838K->407K(37568K), 0.0004750 secs] 37934K->4559K(120960K), 0.0004990 secs] [Times: user=0.00 sys=0.00, real=0.00 secs] 
19.153: Total time for which application threads were stopped: 0.0006090 seconds, Stopping threads took: 0.0000560 seconds
19.336: Application time: 0.1822790 seconds
19.336: [GC19.336: [ParNew: 33815K->406K(37568K), 0.0004340 secs] 37967K->4557K(120960K), 0.0004580 secs] [Times: user=0.00 sys=0.00, real=0.00 secs] 
19.336: Total time for which application threads were stopped: 0.0005780 seconds, Stopping threads took: 0.0000660 seconds
19.520: Application time: 0.1839090 seconds
19.520: [GC19.520: [ParNew: 33814K->400K(37568K), 0.0004010 secs] 37965K->4551K(120960K), 0.0004260 secs] [Times: user=0.00 sys=0.00, real=0.00 secs] 
19.521: Total time for which application threads were stopped: 0.0005800 seconds, Stopping threads took: 0.0000850 seconds
19.705: Application time: 0.1840000 seconds
19.705: [GC19.705: [ParNew: 33808K->409K(37568K), 0.0003730 secs] 37959K->4568K(120960K), 0.0003990 secs] [Times: user=0.00 sys=0.00, real=0.00 secs] 
19.705: Total time for which application threads were stopped: 0.0005240 seconds, Stopping threads took: 0.0000690 seconds
19.891: Application time: 0.1855040 seconds
19.891: [GC19.891: [ParNew: 33817K->415K(37568K), 0.0003810 secs] 37976K->4590K(120960K), 0.0004060 secs] [Times: user=0.00 sys=0.00, real=0.00 secs] 
19.891: Total time for which application threads were stopped: 0.0005200 seconds, Stopping threads took: 0.0000600 seconds
20.074: Application time: 0.1824470 seconds
20.074: [GC20.074: [ParNew: 33823K->415K(37568K), 0.0003620 secs] 37998K->4646K(120960K), 0.0003890 secs] [Times: user=0.00 sys=0.00, real=0.00 secs] 
20.074: Total time for which application threads were stopped: 0.0005050 seconds, Stopping threads took: 0.0000500 seconds
20.257: Application time: 0.1831950 seconds
20.257: [GC20.257: [ParNew: 33823K->403K(37568K), 0.0004070 secs] 38054K->4634K(120960K), 0.0004340 secs] [Times: user=0.00 sys=0.00, real=0.00 secs] 
20.258: Total time for which application threads were stopped: 0.0005580 seconds, Stopping threads took: 0.0000660 seconds
20.443: Application time: 0.1852980 seconds
20.443: [GC20.443: [ParNew: 33811K->413K(37568K), 0.0003940 secs] 38042K->4653K(120960K), 0.0004210 secs] [Times: user=0.01 sys=0.00, real=0.00 secs] 
20.444: Total time for which application threads were stopped: 0.0005420 seconds, Stopping threads took: 0.0000610 seconds
20.629: Application time: 0.1850490 seconds
20.629: [GC20.629: [ParNew: 33821K->401K(37568K), 0.0004610 secs] 38061K->4649K(120960K), 0.0004870 secs] [Times: user=0.00 sys=0.00, real=0.00 secs] 
20.629: Total time for which application threads were stopped: 0.0006140 seconds, Stopping threads took: 0.0000630 seconds
20.814: Application time: 0.1848950 seconds
20.814: [GC20.814: [ParNew: 33809K->404K(37568K), 0.0004320 secs] 38057K->4651K(120960K), 0.0004570 secs] [Times: user=0.00 sys=0.00, real=0.00 secs] 
20.815: Total time for which application threads were stopped: 0.0005900 seconds, Stopping threads took: 0.0000700 seconds
20.996: Application time: 0.1806310 seconds
20.996: [GC20.996: [ParNew: 33812K->408K(37568K), 0.0003700 secs] 38059K->4655K(120960K), 0.0003970 secs] [Times: user=0.00 sys=0.00, real=0.00 secs] 
20.996: Total time for which application threads were stopped: 0.0005110 seconds, Stopping threads took: 0.0000570 seconds
21.181: Application time: 0.1852200 seconds
21.181: [GC21.181: [ParNew: 33816K->411K(37568K), 0.0003760 secs] 38063K->4658K(120960K), 0.0004200 secs] [Times: user=0.00 sys=0.00, real=0.00 secs] 
21.182: Total time for which application threads were stopped: 0.0005480 seconds, Stopping threads took: 0.0000570 seconds
21.367: Application time: 0.1847470 seconds
21.367: [GC21.367: [ParNew: 33819K->406K(37568K), 0.0004590 secs] 38066K->4661K(120960K), 0.0004850 secs] [Times: user=0.00 sys=0.00, real=0.00 secs] 
21.367: Total time for which application threads were stopped: 0.0006020 seconds, Stopping threads took: 0.0000620 seconds
21.553: Application time: 0.1856270 seconds
21.553: [GC21.553: [ParNew: 33814K->415K(37568K), 0.0003830 secs] 38069K->4678K(120960K), 0.0004110 secs] [Times: user=0.00 sys=0.00, real=0.00 secs] 
21.553: Total time for which application threads were stopped: 0.0005340 seconds, Stopping threads took: 0.0000630 seconds
21.734: Application time: 0.1806860 seconds
21.734: [GC21.734: [ParNew: 33823K->416K(37568K), 0.0004240 secs] 38086K->4680K(120960K), 0.0004540 secs] [Times: user=0.01 sys=0.00, real=0.01 secs] 
21.735: Total time for which application threads were stopped: 0.0005890 seconds, Stopping threads took: 0.0000670 seconds
21.918: Application time: 0.1834770 seconds
21.918: [GC21.918: [ParNew: 33824K->432K(37568K), 0.0004420 secs] 38088K->4695K(120960K), 0.0004680 secs] [Times: user=0.00 sys=0.00, real=0.00 secs] 
21.919: Total time for which application threads were stopped: 0.0005990 seconds, Stopping threads took: 0.0000750 seconds
22.103: Application time: 0.1846280 seconds
22.103: [GC22.103: [ParNew: 33840K->412K(37568K), 0.0004660 secs] 38103K->4683K(120960K), 0.0004940 secs] [Times: user=0.00 sys=0.00, real=0.00 secs] 
22.104: Total time for which application threads were stopped: 0.0006240 seconds, Stopping threads took: 0.0000720 seconds
22.290: Application time: 0.1857140 seconds
22.290: [GC22.290: [ParNew: 33820K->401K(37568K), 0.0003760 secs] 38091K->4680K(120960K), 0.0004050 secs] [Times: user=0.00 sys=0.00, real=0.00 secs] 
22.290: Total time for which application threads were stopped: 0.0005560 seconds, Stopping threads took: 0.0000800 seconds
22.472: Application time: 0.1816390 seconds
22.472: [GC22.472: [ParNew: 33809K->397K(37568K), 0.0003840 secs] 38088K->4676K(120960K), 0.0004130 secs] [Times: user=0.00 sys=0.00, real=0.00 secs] 
22.472: Total time for which application threads were stopped: 0.0005340 seconds, Stopping threads took: 0.0000620 seconds
22.657: Application time: 0.1842450 seconds
22.657: [GC22.657: [ParNew: 33805K->389K(37568K), 0.0003750 secs] 38084K->4668K(120960K), 0.0004030 secs] [Times: user=0.00 sys=0.00, real=0.00 secs] 
22.657: Total time for which application threads were stopped: 0.0005420 seconds, Stopping threads took: 0.0000800 seconds
22.841: Application time: 0.1840950 seconds
22.841: [GC22.841: [ParNew: 33797K->398K(37568K), 0.0003910 secs] 38076K->4685K(120960K), 0.0004160 secs] [Times: user=0.00 sys=0.00, real=0.00 secs] 
22.842: Total time for which application threads were stopped: 0.0005380 seconds, Stopping threads took: 0.0000570 seconds
23.027: Application time: 0.1855000 seconds
23.027: [GC23.027: [ParNew: 33806K->401K(37568K), 0.0003810 secs] 38093K->4696K(120960K), 0.0004060 secs] [Times: user=0.00 sys=0.00, real=0.00 secs] 
23.028: Total time for which application threads were stopped: 0.0005220 seconds, Stopping threads took: 0.0000610 seconds
23.210: Application time: 0.1819280 seconds
23.210: [GC23.210: [ParNew: 33809K->403K(37568K), 0.0004420 secs] 38104K->4698K(120960K), 0.0004770 secs] [Times: user=0.00 sys=0.01, real=0.00 secs] 
23.210: Total time for which application threads were stopped: 0.0005850 seconds, Stopping threads took: 0.0000530 seconds
23.394: Application time: 0.1837630 seconds
23.394: [GC23.394: [ParNew: 33811K->403K(37568K), 0.0003910 secs] 38106K->4699K(120960K), 0.0004180 secs] [Times: user=0.00 sys=0.00, real=0.01 secs] 
23.395: Total time for which application threads were stopped: 0.0005480 seconds, Stopping threads took: 0.0000600 seconds
23.578: Application time: 0.1835300 seconds
23.578: [GC23.578: [ParNew: 33811K->384K(37568K), 0.0003860 secs] 38107K->4687K(120960K), 0.0004120 secs] [Times: user=0.00 sys=0.00, real=0.00 secs] 
23.579: Total time for which application threads were stopped: 0.0005260 seconds, Stopping threads took: 0.0000560 seconds
23.764: Application time: 0.1851660 seconds
23.764: [GC23.764: [ParNew: 33792K->400K(37568K), 0.0004770 secs] 38095K->4720K(120960K), 0.0005050 secs] [Times: user=0.00 sys=0.00, real=0.00 secs] 
23.765: Total time for which application threads were stopped: 0.0006180 seconds, Stopping threads took: 0.0000520 seconds
23.948: Application time: 0.1839910 seconds
23.949: [GC23.949: [ParNew: 33808K->393K(37568K), 0.0004670 secs] 38128K->4712K(120960K), 0.0004970 secs] [Times: user=0.00 sys=0.00, real=0.00 secs] 
23.949: Total time for which application threads were stopped: 0.0006120 seconds, Stopping threads took: 0.0000490 seconds
24.132: Application time: 0.1826900 seconds
24.132: [GC24.132: [ParNew: 33801K->389K(37568K), 0.0004690 secs] 38120K->4708K(120960K), 0.0004940 secs] [Times: user=0.00 sys=0.00, real=0.00 secs] 
24.132: Total time for which application threads were stopped: 0.0005990 seconds, Stopping threads took: 0.0000490 seconds
24.318: Application time: 0.1853150 seconds
24.318: [GC24.318: [ParNew: 33797K->398K(37568K), 0.0004240 secs] 38116K->4717K(120960K), 0.0004510 secs] [Times: user=0.00 sys=0.00, real=0.00 secs] 
24.318: Total time for which application threads were stopped: 0.0005910 seconds, Stopping threads took: 0.0000840 seconds
24.503: Application time: 0.1843320 seconds
24.503: [GC24.503: [ParNew: 33806K->396K(37568K), 0.0004500 secs] 38125K->4723K(120960K), 0.0004760 secs] [Times: user=0.00 sys=0.00, real=0.00 secs] 
24.503: Total time for which application threads were stopped: 0.0006040 seconds, Stopping threads took: 0.0000570 seconds
24.687: Application time: 0.1836930 seconds
24.687: [GC24.687: [ParNew: 33804K->399K(37568K), 0.0003920 secs] 38131K->4734K(120960K), 0.0004160 secs] [Times: user=0.00 sys=0.00, real=0.00 secs] 
24.687: Total time for which application threads were stopped: 0.0005360 seconds, Stopping threads took: 0.0000640 seconds
24.870: Application time: 0.1824990 seconds
24.870: [GC24.870: [ParNew: 33807K->403K(37568K), 0.0003750 secs] 38142K->4738K(120960K), 0.0004010 secs] [Times: user=0.00 sys=0.00, real=0.00 secs] 
24.871: Total time for which application threads were stopped: 0.0005380 seconds, Stopping threads took: 0.0000800 seconds
25.055: Application time: 0.1840060 seconds
25.055: [GC25.055: [ParNew: 33811K->399K(37568K), 0.0004410 secs] 38146K->4735K(120960K), 0.0004680 secs] [Times: user=0.00 sys=0.00, real=0.00 secs] 
25.055: Total time for which application threads were stopped: 0.0005900 seconds, Stopping threads took: 0.0000500 seconds
25.240: Application time: 0.1852720 seconds
25.240: [GC25.240: [ParNew: 33807K->400K(37568K), 0.0003290 secs] 38143K->4743K(120960K), 0.0003530 secs] [Times: user=0.01 sys=0.00, real=0.00 secs] 
25.241: Total time for which application threads were stopped: 0.0004530 seconds, Stopping threads took: 0.0000490 seconds
25.426: Application time: 0.1854740 seconds
25.426: [GC25.426: [ParNew: 33808K->403K(37568K), 0.0003990 secs] 38151K->4762K(120960K), 0.0004270 secs] [Times: user=0.00 sys=0.00, real=0.00 secs] 
25.427: Total time for which application threads were stopped: 0.0005440 seconds, Stopping threads took: 0.0000570 seconds
25.610: Application time: 0.1829040 seconds
25.610: [GC25.610: [ParNew: 33811K->402K(37568K), 0.0005630 secs] 38170K->4761K(120960K), 0.0006000 secs] [Times: user=0.00 sys=0.00, real=0.00 secs] 
25.611: Total time for which application threads were stopped: 0.0007220 seconds, Stopping threads took: 0.0000560 seconds
25.796: Application time: 0.1853810 seconds
25.796: [GC25.796: [ParNew: 33810K->399K(37568K), 0.0004920 secs] 38169K->4758K(120960K), 0.0005210 secs] [Times: user=0.00 sys=0.00, real=0.00 secs] 
25.797: Total time for which application threads were stopped: 0.0006660 seconds, Stopping threads took: 0.0000840 seconds
25.981: Application time: 0.1845170 seconds
25.981: [GC25.981: [ParNew: 33807K->392K(37568K), 0.0004400 secs] 38166K->4767K(120960K), 0.0004680 secs] [Times: user=0.00 sys=0.00, real=0.00 secs] 
25.982: Total time for which application threads were stopped: 0.0005890 seconds, Stopping threads took: 0.0000600 seconds
26.168: Application time: 0.1860740 seconds
26.168: [GC26.168: [ParNew: 33800K->395K(37568K), 0.0004880 secs] 38175K->4786K(120960K), 0.0005180 secs] [Times: user=0.00 sys=0.00, real=0.00 secs] 
26.168: Total time for which application threads were stopped: 0.0006540 seconds, Stopping threads took: 0.0000680 seconds
26.350: Application time: 0.1818720 seconds
26.350: [GC26.350: [ParNew: 33803K->404K(37568K), 0.0018170 secs] 38194K->4795K(120960K), 0.0018500 secs] [Times: user=0.00 sys=0.00, real=0.00 secs] 
26.352: Total time for which application threads were stopped: 0.0019710 seconds, Stopping threads took: 0.0000640 seconds
26.536: Application time: 0.1836130 seconds
26.536: [GC26.536: [ParNew: 33812K->402K(37568K), 0.0003920 secs] 38203K->4794K(120960K), 0.0004170 secs] [Times: user=0.00 sys=0.00, real=0.00 secs] 
26.536: Total time for which application threads were stopped: 0.0005290 seconds, Stopping threads took: 0.0000550 seconds
26.722: Application time: 0.1855560 seconds
26.722: [GC26.722: [ParNew: 33810K->400K(37568K), 0.0003800 secs] 38202K->4807K(120960K), 0.0004090 secs] [Times: user=0.00 sys=0.00, real=0.00 secs] 
26.722: Total time for which application threads were stopped: 0.0005360 seconds, Stopping threads took: 0.0000590 seconds
26.907: Application time: 0.1843360 seconds
26.907: [GC26.907: [ParNew: 33808K->395K(37568K), 0.0004210 secs] 38215K->4810K(120960K), 0.0004450 secs] [Times: user=0.00 sys=0.00, real=0.00 secs] 
26.907: Total time for which application threads were stopped: 0.0005740 seconds, Stopping threads took: 0.0000720 seconds
27.091: Application time: 0.1835440 seconds
27.091: [GC27.091: [ParNew: 33803K->402K(37568K), 0.0003580 secs] 38218K->4817K(120960K), 0.0003820 secs] [Times: user=0.01 sys=0.00, real=0.00 secs] 
27.091: Total time for which application threads were stopped: 0.0004890 seconds, Stopping threads took: 0.0000560 seconds
27.274: Application time: 0.1823620 seconds
27.274: [GC27.274: [ParNew: 33810K->403K(37568K), 0.0004010 secs] 38225K->4818K(120960K), 0.0004300 secs] [Times: user=0.00 sys=0.00, real=0.01 secs] 
27.274: Total time for which application threads were stopped: 0.0005570 seconds, Stopping threads took: 0.0000560 seconds
27.459: Application time: 0.1851200 seconds
27.460: [GC27.460: [ParNew: 33811K->404K(37568K), 0.0003740 secs] 38226K->4836K(120960K), 0.0004000 secs] [Times: user=0.00 sys=0.00, real=0.00 secs] 
27.460: Total time for which application threads were stopped: 0.0005120 seconds, Stopping threads took: 0.0000570 seconds
27.645: Application time: 0.1850170 seconds
27.645: [GC27.645: [ParNew: 33812K->395K(37568K), 0.0004110 secs] 38244K->4834K(120960K), 0.0004360 secs] [Times: user=0.01 sys=0.00, real=0.00 secs] 
27.646: Total time for which application threads were stopped: 0.0005490 seconds, Stopping threads took: 0.0000560 seconds
27.829: Application time: 0.1838080 seconds
27.829: [GC27.829: [ParNew: 33803K->398K(37568K), 0.0004020 secs] 38242K->4845K(120960K), 0.0004270 secs] [Times: user=0.00 sys=0.00, real=0.00 secs] 
27.830: Total time for which application threads were stopped: 0.0005500 seconds, Stopping threads took: 0.0000600 seconds
28.012: Application time: 0.1819850 seconds
28.012: [GC28.012: [ParNew: 33806K->388K(37568K), 0.0003820 secs] 38253K->4859K(120960K), 0.0004180 secs] [Times: user=0.00 sys=0.00, real=0.00 secs] 
28.012: Total time for which application threads were stopped: 0.0005310 seconds, Stopping threads took: 0.0000540 seconds
28.198: Application time: 0.1852940 seconds
28.198: [GC28.198: [ParNew: 33796K->393K(37568K), 0.0004510 secs] 38267K->4864K(120960K), 0.0004800 secs] [Times: user=0.00 sys=0.00, real=0.00 secs] 
28.198: Total time for which application threads were stopped: 0.0006020 seconds, Stopping threads took: 0.0000620 seconds
28.383: Application time: 0.1843830 seconds
28.383: [GC28.383: [ParNew: 33801K->401K(37568K), 0.0003720 secs] 38272K->4888K(120960K), 0.0003980 secs] [Times: user=0.00 sys=0.00, real=0.00 secs] 
28.383: Total time for which application threads were stopped: 0.0005340 seconds, Stopping threads took: 0.0000660 seconds
28.569: Application time: 0.1858160 seconds
28.569: [GC28.569: [ParNew: 33809K->401K(37568K), 0.0004350 secs] 38296K->4896K(120960K), 0.0004580 secs] [Times: user=0.00 sys=0.00, real=0.00 secs] 
28.570: Total time for which application threads were stopped: 0.0005820 seconds, Stopping threads took: 0.0000690 seconds
28.751: Application time: 0.1814440 seconds
28.751: [GC28.751: [ParNew: 33809K->396K(37568K), 0.0004490 secs] 38304K->4891K(120960K), 0.0004770 secs] [Times: user=0.00 sys=0.00, real=0.00 secs] 
28.752: Total time for which application threads were stopped: 0.0005900 seconds, Stopping threads took: 0.0000530 seconds
28.935: Application time: 0.1836680 seconds
28.935: [GC28.935: [ParNew: 33804K->400K(37568K), 0.0004430 secs] 38299K->4895K(120960K), 0.0004700 secs] [Times: user=0.00 sys=0.00, real=0.00 secs] 
28.936: Total time for which application threads were stopped: 0.0005930 seconds, Stopping threads took: 0.0000550 seconds
29.122: Application time: 0.1856780 seconds
29.122: [GC29.122: [ParNew: 33808K->400K(37568K), 0.0004460 secs] 38303K->4911K(120960K), 0.0004710 secs] [Times: user=0.01 sys=0.00, real=0.00 secs] 
29.122: Total time for which application threads were stopped: 0.0005800 seconds, Stopping threads took: 0.0000520 seconds
29.307: Application time: 0.1846960 seconds
29.307: [GC29.307: [ParNew: 33808K->398K(37568K), 0.0004220 secs] 38319K->4917K(120960K), 0.0004480 secs] [Times: user=0.01 sys=0.00, real=0.00 secs] 
29.307: Total time for which application threads were stopped: 0.0005610 seconds, Stopping threads took: 0.0000560 seconds
29.490: Application time: 0.1820540 seconds
29.490: [GC29.490: [ParNew: 33806K->402K(37568K), 0.0003910 secs] 38325K->4921K(120960K), 0.0004150 secs] [Times: user=0.00 sys=0.00, real=0.00 secs] 
29.490: Total time for which application threads were stopped: 0.0005570 seconds, Stopping threads took: 0.0000730 seconds
29.678: Application time: 0.1880770 seconds
29.678: [GC29.678: [ParNew: 33810K->398K(37568K), 0.0004360 secs] 38329K->4918K(120960K), 0.0004650 secs] [Times: user=0.00 sys=0.01, real=0.00 secs] 
29.679: Total time for which application threads were stopped: 0.0005810 seconds, Stopping threads took: 0.0000590 seconds
29.883: Application time: 0.2040640 seconds
29.883: [GC29.883: [ParNew: 33806K->393K(37568K), 0.0004680 secs] 38326K->4920K(120960K), 0.0004920 secs] [Times: user=0.00 sys=0.00, real=0.00 secs] 
29.883: Total time for which application threads were stopped: 0.0005990 seconds, Stopping threads took: 0.0000510 seconds
30.087: Application time: 0.2037750 seconds
30.087: [GC30.087: [ParNew: 33801K->396K(37568K), 0.0004440 secs] 38328K->4939K(120960K), 0.0004690 secs] [Times: user=0.01 sys=0.00, real=0.00 secs] 
30.088: Total time for which application threads were stopped: 0.0005930 seconds, Stopping threads took: 0.0000550 seconds
30.291: Application time: 0.2034610 seconds
30.291: [GC30.291: [ParNew: 33804K->386K(37568K), 0.0004800 secs] 38347K->4929K(120960K), 0.0005090 secs] [Times: user=0.00 sys=0.00, real=0.00 secs] 
30.292: Total time for which application threads were stopped: 0.0006370 seconds, Stopping threads took: 0.0000660 seconds
30.494: Application time: 0.2021520 seconds
30.494: [GC30.494: [ParNew: 33794K->398K(37568K), 0.0004020 secs] 38337K->4941K(120960K), 0.0004400 secs] [Times: user=0.00 sys=0.01, real=0.01 secs] 
30.495: Total time for which application threads were stopped: 0.0005660 seconds, Stopping threads took: 0.0000640 seconds
30.698: Application time: 0.2030880 seconds
30.698: [GC30.698: [ParNew: 33806K->407K(37568K), 0.0004010 secs] 38349K->4967K(120960K), 0.0004260 secs] [Times: user=0.00 sys=0.00, real=0.00 secs] 
30.698: Total time for which application threads were stopped: 0.0005790 seconds, Stopping threads took: 0.0000820 seconds
30.902: Application time: 0.2032880 seconds
30.902: [GC30.902: [ParNew: 33815K->405K(37568K), 0.0004080 secs] 38375K->4980K(120960K), 0.0004370 secs] [Times: user=0.01 sys=0.00, real=0.00 secs] 
30.902: Total time for which application threads were stopped: 0.0005550 seconds, Stopping threads took: 0.0000560 seconds
31.111: Application time: 0.2089500 seconds
31.111: [GC31.111: [ParNew: 33813K->397K(37568K), 0.0003530 secs] 38388K->4988K(120960K), 0.0003810 secs] [Times: user=0.01 sys=0.00, real=0.00 secs] 
31.112: Total time for which application threads were stopped: 0.0004900 seconds, Stopping threads took: 0.0000520 seconds
31.311: Application time: 0.1994060 seconds
31.311: [GC31.311: [ParNew: 33805K->398K(37568K), 0.0003800 secs] 38396K->4989K(120960K), 0.0004090 secs] [Times: user=0.00 sys=0.00, real=0.00 secs] 
31.312: Total time for which application threads were stopped: 0.0005350 seconds, Stopping threads took: 0.0000540 seconds
31.515: Application time: 0.2033300 seconds
31.515: [GC31.515: [ParNew: 33806K->392K(37568K), 0.0003860 secs] 38397K->4983K(120960K), 0.0004120 secs] [Times: user=0.00 sys=0.00, real=0.00 secs] 
31.515: Total time for which application threads were stopped: 0.0005270 seconds, Stopping threads took: 0.0000530 seconds
31.718: Application time: 0.2030550 seconds
31.719: [GC31.719: [ParNew: 33800K->399K(37568K), 0.0004030 secs] 38391K->4998K(120960K), 0.0004210 secs] [Times: user=0.01 sys=0.00, real=0.00 secs] 
31.719: Total time for which application threads were stopped: 0.0005300 seconds, Stopping threads took: 0.0000500 seconds
31.922: Application time: 0.2030430 seconds
31.922: [GC31.922: [ParNew: 33807K->403K(37568K), 0.0004210 secs] 38406K->5018K(120960K), 0.0004510 secs] [Times: user=0.00 sys=0.00, real=0.00 secs] 
31.923: Total time for which application threads were stopped: 0.0005860 seconds, Stopping threads took: 0.0000600 seconds
32.123: Application time: 0.2001600 seconds
32.123: [GC32.123: [ParNew: 33811K->388K(37568K), 0.0004050 secs] 38426K->5003K(120960K), 0.0004310 secs] [Times: user=0.01 sys=0.00, real=0.00 secs] 
32.123: Total time for which application threads were stopped: 0.0005470 seconds, Stopping threads took: 0.0000580 seconds
32.326: Application time: 0.2025950 seconds
32.326: [GC32.326: [ParNew: 33796K->392K(37568K), 0.0004220 secs] 38411K->5007K(120960K), 0.0004530 secs] [Times: user=0.00 sys=0.00, real=0.01 secs] 
32.326: Total time for which application threads were stopped: 0.0005740 seconds, Stopping threads took: 0.0000570 seconds
32.529: Application time: 0.2026480 seconds
32.529: [GC32.529: [ParNew: 33800K->397K(37568K), 0.0003770 secs] 38415K->5028K(120960K), 0.0004060 secs] [Times: user=0.01 sys=0.00, real=0.00 secs] 
32.530: Total time for which application threads were stopped: 0.0005430 seconds, Stopping threads took: 0.0000660 seconds
32.733: Application time: 0.2037450 seconds
32.734: [GC32.734: [ParNew: 33805K->406K(37568K), 0.0004190 secs] 38436K->5053K(120960K), 0.0004470 secs] [Times: user=0.00 sys=0.00, real=0.00 secs] 
32.734: Total time for which application threads were stopped: 0.0005900 seconds, Stopping threads took: 0.0000800 seconds
32.934: Application time: 0.2002370 seconds
32.934: [GC32.934: [ParNew: 33814K->404K(37568K), 0.0004010 secs] 38461K->5051K(120960K), 0.0004260 secs] [Times: user=0.01 sys=0.00, real=0.00 secs] 
32.935: Total time for which application threads were stopped: 0.0005520 seconds, Stopping threads took: 0.0000700 seconds
33.137: Application time: 0.2025410 seconds
33.137: [GC33.138: [ParNew: 33812K->393K(37568K), 0.0003810 secs] 38459K->5040K(120960K), 0.0004170 secs] [Times: user=0.00 sys=0.00, real=0.00 secs] 
33.138: Total time for which application threads were stopped: 0.0005420 seconds, Stopping threads took: 0.0000570 seconds
33.341: Application time: 0.2032070 seconds
33.341: [GC33.341: [ParNew: 33801K->398K(37568K), 0.0003880 secs] 38448K->5053K(120960K), 0.0004130 secs] [Times: user=0.01 sys=0.00, real=0.00 secs] 
33.342: Total time for which application threads were stopped: 0.0005250 seconds, Stopping threads took: 0.0000570 seconds
33.546: Application time: 0.2040460 seconds
33.546: [GC33.546: [ParNew: 33806K->399K(37568K), 0.0003860 secs] 38461K->5070K(120960K), 0.0004140 secs] [Times: user=0.00 sys=0.00, real=0.00 secs] 
33.546: Total time for which application threads were stopped: 0.0005310 seconds, Stopping threads took: 0.0000550 seconds
33.736: Application time: 0.1895470 seconds
33.736: [GC33.736: [ParNew: 33807K->403K(37568K), 0.0003530 secs] 38478K->5074K(120960K), 0.0003800 secs] [Times: user=0.00 sys=0.00, real=0.00 secs] 
33.736: Total time for which application threads were stopped: 0.0004990 seconds, Stopping threads took: 0.0000530 seconds
33.919: Application time: 0.1830970 seconds
33.919: [GC33.919: [ParNew: 33811K->399K(37568K), 0.0003910 secs] 38482K->5070K(120960K), 0.0004270 secs] [Times: user=0.01 sys=0.00, real=0.00 secs] 
33.920: Total time for which application threads were stopped: 0.0005410 seconds, Stopping threads took: 0.0000530 seconds
34.105: Application time: 0.1852530 seconds
34.105: [GC34.105: [ParNew: 33807K->385K(37568K), 0.0003720 secs] 38478K->5065K(120960K), 0.0003980 secs] [Times: user=0.01 sys=0.00, real=0.00 secs] 
34.106: Total time for which application threads were stopped: 0.0005070 seconds, Stopping threads took: 0.0000530 seconds
34.290: Application time: 0.1839080 seconds
34.290: [GC34.290: [ParNew: 33793K->391K(37568K), 0.0003980 secs] 38473K->5086K(120960K), 0.0004220 secs] [Times: user=0.00 sys=0.00, real=0.00 secs] 
34.290: Total time for which application threads were stopped: 0.0005520 seconds, Stopping threads took: 0.0000630 seconds
34.474: Application time: 0.1835160 seconds
34.474: [GC34.474: [ParNew: 33799K->400K(37568K), 0.0004170 secs] 38494K->5095K(120960K), 0.0004450 secs] [Times: user=0.00 sys=0.00, real=0.00 secs] 
34.474: Total time for which application threads were stopped: 0.0005690 seconds, Stopping threads took: 0.0000670 seconds
34.656: Application time: 0.1818000 seconds
34.656: [GC34.656: [ParNew: 33808K->398K(37568K), 0.0004080 secs] 38503K->5093K(120960K), 0.0004340 secs] [Times: user=0.00 sys=0.00, real=0.00 secs] 
34.657: Total time for which application threads were stopped: 0.0005470 seconds, Stopping threads took: 0.0000560 seconds
34.841: Application time: 0.1845070 seconds
34.841: [GC34.841: [ParNew: 33806K->400K(37568K), 0.0003750 secs] 38501K->5096K(120960K), 0.0004000 secs] [Times: user=0.01 sys=0.00, real=0.00 secs] 
34.842: Total time for which application threads were stopped: 0.0005200 seconds, Stopping threads took: 0.0000540 seconds
35.026: Application time: 0.1844880 seconds
35.026: [GC35.026: [ParNew: 33808K->401K(37568K), 0.0004020 secs] 38504K->5112K(120960K), 0.0004260 secs] [Times: user=0.00 sys=0.00, real=0.01 secs] 
35.027: Total time for which application threads were stopped: 0.0005350 seconds, Stopping threads took: 0.0000520 seconds
35.212: Application time: 0.1855770 seconds
35.212: [GC35.212: [ParNew: 33809K->392K(37568K), 0.0003810 secs] 38520K->5120K(120960K), 0.0004100 secs] [Times: user=0.00 sys=0.00, real=0.00 secs] 
35.213: Total time for which application threads were stopped: 0.0005300 seconds, Stopping threads took: 0.0000590 seconds
35.394: Application time: 0.1817390 seconds
35.395: [GC35.395: [ParNew: 33800K->398K(37568K), 0.0003830 secs] 38528K->5125K(120960K), 0.0004080 secs] [Times: user=0.00 sys=0.00, real=0.00 secs] 
35.395: Total time for which application threads were stopped: 0.0005490 seconds, Stopping threads took: 0.0000750 seconds
35.578: Application time: 0.1834390 seconds
35.579: [GC35.579: [ParNew: 33806K->402K(37568K), 0.0003850 secs] 38533K->5130K(120960K), 0.0004200 secs] [Times: user=0.00 sys=0.00, real=0.00 secs] 
35.579: Total time for which application threads were stopped: 0.0005390 seconds, Stopping threads took: 0.0000620 seconds
35.764: Application time: 0.1850890 seconds
35.764: [GC35.764: [ParNew: 33810K->399K(37568K), 0.0003950 secs] 38538K->5151K(120960K), 0.0004200 secs] [Times: user=0.00 sys=0.00, real=0.00 secs] 
35.765: Total time for which application threads were stopped: 0.0005390 seconds, Stopping threads took: 0.0000640 seconds
35.950: Application time: 0.1851680 seconds
35.950: [GC35.950: [ParNew: 33807K->402K(37568K), 0.0004090 secs] 38559K->5161K(120960K), 0.0004340 secs] [Times: user=0.01 sys=0.00, real=0.00 secs] 
35.950: Total time for which application threads were stopped: 0.0005670 seconds, Stopping threads took: 0.0000670 seconds
36.133: Application time: 0.1824180 seconds
36.133: [GC36.133: [ParNew: 33810K->397K(37568K), 0.0004030 secs] 38569K->5156K(120960K), 0.0004340 secs] [Times: user=0.00 sys=0.00, real=0.00 secs] 
36.133: Total time for which application threads were stopped: 0.0005430 seconds, Stopping threads took: 0.0000520 seconds
36.317: Application time: 0.1836930 seconds
36.317: [GC36.317: [ParNew: 33805K->396K(37568K), 0.0004680 secs] 38564K->5155K(120960K), 0.0004910 secs] [Times: user=0.00 sys=0.00, real=0.00 secs] 
36.318: Total time for which application threads were stopped: 0.0006070 seconds, Stopping threads took: 0.0000610 seconds
36.502: Application time: 0.1839180 seconds
36.502: [GC36.502: [ParNew: 33804K->396K(37568K), 0.0003680 secs] 38563K->5163K(120960K), 0.0003940 secs] [Times: user=0.00 sys=0.00, real=0.00 secs] 
36.502: Total time for which application threads were stopped: 0.0005190 seconds, Stopping threads took: 0.0000520 seconds
36.687: Application time: 0.1852410 seconds
36.687: [GC36.687: [ParNew: 33804K->392K(37568K), 0.0004140 secs] 38571K->5183K(120960K), 0.0004390 secs] [Times: user=0.00 sys=0.00, real=0.00 secs] 
36.688: Total time for which application threads were stopped: 0.0005500 seconds, Stopping threads took: 0.0000550 seconds
36.871: Application time: 0.1831420 seconds
36.871: [GC36.871: [ParNew: 33800K->388K(37568K), 0.0004050 secs] 38591K->5179K(120960K), 0.0004290 secs] [Times: user=0.00 sys=0.00, real=0.00 secs] 
36.872: Total time for which application threads were stopped: 0.0005300 seconds, Stopping threads took: 0.0000480 seconds
37.055: Application time: 0.1830910 seconds
37.055: [GC37.055: [ParNew: 33796K->399K(37568K), 0.0004670 secs] 38587K->5190K(120960K), 0.0004960 secs] [Times: user=0.01 sys=0.00, real=0.00 secs] 
37.055: Total time for which application threads were stopped: 0.0006300 seconds, Stopping threads took: 0.0000600 seconds
37.241: Application time: 0.1852200 seconds
37.241: [GC37.241: [ParNew: 33807K->390K(37568K), 0.0004140 secs] 38598K->5190K(120960K), 0.0004410 secs] [Times: user=0.00 sys=0.00, real=0.00 secs] 
37.241: Total time for which application threads were stopped: 0.0005700 seconds, Stopping threads took: 0.0000720 seconds
37.426: Application time: 0.1852670 seconds
37.426: [GC37.426: [ParNew: 33798K->386K(37568K), 0.0003950 secs] 38598K->5193K(120960K), 0.0004190 secs] [Times: user=0.00 sys=0.00, real=0.00 secs] 
37.427: Total time for which application threads were stopped: 0.0005490 seconds, Stopping threads took: 0.0000740 seconds
37.610: Application time: 0.1833490 seconds
37.610: [GC37.610: [ParNew: 33794K->399K(37568K), 0.0003570 secs] 38601K->5206K(120960K), 0.0003830 secs] [Times: user=0.00 sys=0.00, real=0.00 secs] 
37.611: Total time for which application threads were stopped: 0.0005050 seconds, Stopping threads took: 0.0000560 seconds
37.793: Application time: 0.1821380 seconds
37.793: [GC37.793: [ParNew: 33807K->399K(37568K), 0.0003900 secs] 38614K->5207K(120960K), 0.0004180 secs] [Times: user=0.00 sys=0.00, real=0.00 secs] 
37.793: Total time for which application threads were stopped: 0.0005470 seconds, Stopping threads took: 0.0000620 seconds
37.979: Application time: 0.1854070 seconds
37.979: [GC37.979: [ParNew: 33807K->375K(37568K), 0.0003600 secs] 38615K->5183K(120960K), 0.0003850 secs] [Times: user=0.00 sys=0.01, real=0.00 secs] 
37.979: Total time for which application threads were stopped: 0.0004930 seconds, Stopping threads took: 0.0000520 seconds
38.165: Application time: 0.1852580 seconds
38.165: [GC38.165: [ParNew: 33783K->395K(37568K), 0.0004810 secs] 38591K->5218K(120960K), 0.0005080 secs] [Times: user=0.00 sys=0.00, real=0.00 secs] 
38.165: Total time for which application threads were stopped: 0.0006300 seconds, Stopping threads took: 0.0000530 seconds
38.349: Application time: 0.1840560 seconds
38.349: [GC38.349: [ParNew: 33803K->400K(37568K), 0.0004480 secs] 38626K->5239K(120960K), 0.0004760 secs] [Times: user=0.00 sys=0.00, real=0.00 secs] 
38.350: Total time for which application threads were stopped: 0.0005860 seconds, Stopping threads took: 0.0000520 seconds
38.532: Application time: 0.1816760 seconds
38.532: [GC38.532: [ParNew: 33808K->403K(37568K), 0.0003630 secs] 38647K->5242K(120960K), 0.0003880 secs] [Times: user=0.00 sys=0.00, real=0.00 secs] 
38.532: Total time for which application threads were stopped: 0.0004980 seconds, Stopping threads took: 0.0000570 seconds
38.717: Application time: 0.1847510 seconds
38.717: [GC38.717: [ParNew: 33811K->404K(37568K), 0.0003820 secs] 38650K->5243K(120960K), 0.0004080 secs] [Times: user=0.00 sys=0.00, real=0.00 secs] 
38.717: Total time for which application threads were stopped: 0.0005440 seconds, Stopping threads took: 0.0000670 seconds
38.902: Application time: 0.1844370 seconds
38.902: [GC38.902: [ParNew: 33812K->400K(37568K), 0.0004300 secs] 38651K->5264K(120960K), 0.0004540 secs] [Times: user=0.01 sys=0.00, real=0.00 secs] 
38.902: Total time for which application threads were stopped: 0.0005670 seconds, Stopping threads took: 0.0000580 seconds
39.088: Application time: 0.1851810 seconds
39.088: [GC39.088: [ParNew: 33808K->396K(37568K), 0.0004120 secs] 38672K->5275K(120960K), 0.0004360 secs] [Times: user=0.01 sys=0.00, real=0.00 secs] 
39.088: Total time for which application threads were stopped: 0.0005480 seconds, Stopping threads took: 0.0000580 seconds
39.271: Application time: 0.1826000 seconds
39.271: [GC39.271: [ParNew: 33804K->394K(37568K), 0.0004000 secs] 38683K->5273K(120960K), 0.0004260 secs] [Times: user=0.00 sys=0.00, real=0.00 secs] 
39.271: Total time for which application threads were stopped: 0.0005500 seconds, Stopping threads took: 0.0000570 seconds
39.455: Application time: 0.1835330 seconds
39.455: [GC39.455: [ParNew: 33802K->398K(37568K), 0.0003790 secs] 38681K->5277K(120960K), 0.0004050 secs] [Times: user=0.00 sys=0.00, real=0.00 secs] 
39.455: Total time for which application threads were stopped: 0.0005250 seconds, Stopping threads took: 0.0000620 seconds
39.640: Application time: 0.1847940 seconds
39.640: [GC39.640: [ParNew: 33806K->401K(37568K), 0.0003980 secs] 38685K->5288K(120960K), 0.0004230 secs] [Times: user=0.00 sys=0.00, real=0.00 secs] 
39.641: Total time for which application threads were stopped: 0.0005420 seconds, Stopping threads took: 0.0000630 seconds
39.826: Application time: 0.1849280 seconds
39.826: [GC39.826: [ParNew: 33809K->401K(37568K), 0.0004070 secs] 38696K->5296K(120960K), 0.0004340 secs] [Times: user=0.00 sys=0.00, real=0.00 secs] 
39.826: Total time for which application threads were stopped: 0.0005680 seconds, Stopping threads took: 0.0000660 seconds
40.008: Application time: 0.1813910 seconds
40.008: [GC40.008: [ParNew: 33809K->391K(37568K), 0.0004860 secs] 38704K->5286K(120960K), 0.0005140 secs] [Times: user=0.00 sys=0.00, real=0.00 secs] 
40.008: Total time for which application threads were stopped: 0.0006310 seconds, Stopping threads took: 0.0000590 seconds
40.193: Application time: 0.1845990 seconds
40.193: [GC40.193: [ParNew: 33799K->399K(37568K), 0.0004530 secs] 38694K->5294K(120960K), 0.0004790 secs] [Times: user=0.01 sys=0.00, real=0.00 secs] 
40.193: Total time for which application threads were stopped: 0.0006030 seconds, Stopping threads took: 0.0000570 seconds
40.377: Application time: 0.1838290 seconds
40.377: [GC40.377: [ParNew: 33807K->384K(37568K), 0.0004070 secs] 38702K->5287K(120960K), 0.0004370 secs] [Times: user=0.00 sys=0.00, real=0.00 secs] 
40.378: Total time for which application threads were stopped: 0.0005680 seconds, Stopping threads took: 0.0000660 seconds
40.563: Application time: 0.1850010 seconds
40.563: [GC40.563: [ParNew: 33792K->390K(37568K), 0.0004090 secs] 38695K->5301K(120960K), 0.0004380 secs] [Times: user=0.00 sys=0.00, real=0.00 secs] 
40.563: Total time for which application threads were stopped: 0.0005660 seconds, Stopping threads took: 0.0000680 seconds
40.747: Application time: 0.1835440 seconds
40.747: [GC40.747: [ParNew: 33798K->377K(37568K), 0.0003560 secs] 38709K->5288K(120960K), 0.0003800 secs] [Times: user=0.00 sys=0.00, real=0.00 secs] 
40.747: Total time for which application threads were stopped: 0.0004880 seconds, Stopping threads took: 0.0000510 seconds
40.929: Application time: 0.1819540 seconds
40.929: [GC40.929: [ParNew: 33785K->401K(37568K), 0.0003850 secs] 38696K->5312K(120960K), 0.0004130 secs] [Times: user=0.00 sys=0.00, real=0.00 secs] 
40.930: Total time for which application threads were stopped: 0.0005440 seconds, Stopping threads took: 0.0000600 seconds
41.114: Application time: 0.1843980 seconds
41.114: [GC41.114: [ParNew: 33809K->396K(37568K), 0.0004560 secs] 38720K->5315K(120960K), 0.0004840 secs] [Times: user=0.00 sys=0.00, real=0.00 secs] 
41.115: Total time for which application threads were stopped: 0.0005980 seconds, Stopping threads took: 0.0000580 seconds
41.299: Application time: 0.1843250 seconds
41.299: [GC41.299: [ParNew: 33804K->401K(37568K), 0.0019760 secs] 38723K->5329K(120960K), 0.0020080 secs] [Times: user=0.00 sys=0.00, real=0.00 secs] 
41.301: Total time for which application threads were stopped: 0.0021230 seconds, Stopping threads took: 0.0000540 seconds
41.485: Application time: 0.1832100 seconds
41.485: [GC41.485: [ParNew: 33809K->403K(37568K), 0.0004130 secs] 38737K->5346K(120960K), 0.0004390 secs] [Times: user=0.01 sys=0.00, real=0.00 secs] 
41.485: Total time for which application threads were stopped: 0.0006000 seconds, Stopping threads took: 0.0000960 seconds
41.667: Application time: 0.1821540 seconds
41.667: [GC41.667: [ParNew: 33811K->400K(37568K), 0.0004280 secs] 38754K->5343K(120960K), 0.0004530 secs] [Times: user=0.00 sys=0.00, real=0.00 secs] 
41.668: Total time for which application threads were stopped: 0.0005640 seconds, Stopping threads took: 0.0000540 seconds
41.853: Application time: 0.1853030 seconds
41.853: [GC41.853: [ParNew: 33808K->399K(37568K), 0.0003910 secs] 38751K->5343K(120960K), 0.0004150 secs] [Times: user=0.00 sys=0.00, real=0.00 secs] 
41.854: Total time for which application threads were stopped: 0.0005190 seconds, Stopping threads took: 0.0000490 seconds
42.038: Application time: 0.1843190 seconds
42.038: [GC42.038: [ParNew: 33807K->395K(37568K), 0.0003840 secs] 38751K->5346K(120960K), 0.0004140 secs] [Times: user=0.01 sys=0.00, real=0.00 secs] 
42.039: Total time for which application threads were stopped: 0.0005430 seconds, Stopping threads took: 0.0000600 seconds
42.225: Application time: 0.1860070 seconds
42.225: [GC42.225: [ParNew: 33803K->398K(37568K), 0.0004600 secs] 38754K->5357K(120960K), 0.0004880 secs] [Times: user=0.00 sys=0.00, real=0.00 secs] 
42.225: Total time for which application threads were stopped: 0.0006050 seconds, Stopping threads took: 0.0000560 seconds
42.406: Application time: 0.1811240 seconds
42.406: [GC42.406: [ParNew: 33806K->401K(37568K), 0.0003880 secs] 38765K->5360K(120960K), 0.0004170 secs] [Times: user=0.00 sys=0.00, real=0.00 secs] 
42.407: Total time for which application threads were stopped: 0.0005270 seconds, Stopping threads took: 0.0000520 seconds
42.591: Application time: 0.1845790 seconds
42.592: [GC42.592: [ParNew: 33809K->398K(37568K), 0.0003970 secs] 38768K->5357K(120960K), 0.0004330 secs] [Times: user=0.00 sys=0.00, real=0.00 secs] 
42.592: Total time for which application threads were stopped: 0.0005860 seconds, Stopping threads took: 0.0000820 seconds
42.776: Application time: 0.1840640 seconds
42.776: [GC42.776: [ParNew: 33806K->403K(37568K), 0.0003730 secs] 38765K->5371K(120960K), 0.0004010 secs] [Times: user=0.00 sys=0.00, real=0.00 secs] 
42.777: Total time for which application threads were stopped: 0.0005250 seconds, Stopping threads took: 0.0000660 seconds
42.962: Application time: 0.1854160 seconds
42.962: [GC42.962: [ParNew: 33811K->402K(37568K), 0.0004160 secs] 38779K->5377K(120960K), 0.0004450 secs] [Times: user=0.00 sys=0.00, real=0.00 secs] 
42.963: Total time for which application threads were stopped: 0.0005630 seconds, Stopping threads took: 0.0000580 seconds
43.145: Application time: 0.1824110 seconds
43.145: [GC43.145: [ParNew: 33810K->399K(37568K), 0.0003580 secs] 38785K->5374K(120960K), 0.0003840 secs] [Times: user=0.01 sys=0.00, real=0.00 secs] 
43.146: Total time for which application threads were stopped: 0.0005240 seconds, Stopping threads took: 0.0000690 seconds
43.329: Application time: 0.1833720 seconds
43.329: [GC43.329: [ParNew: 33807K->390K(37568K), 0.0003800 secs] 38782K->5366K(120960K), 0.0004060 secs] [Times: user=0.01 sys=0.00, real=0.00 secs] 
43.329: Total time for which application threads were stopped: 0.0005190 seconds, Stopping threads took: 0.0000560 seconds
43.515: Application time: 0.1852650 seconds
43.515: [GC43.515: [ParNew: 33798K->391K(37568K), 0.0004680 secs] 38774K->5375K(120960K), 0.0004910 secs] [Times: user=0.00 sys=0.00, real=0.00 secs] 
43.515: Total time for which application threads were stopped: 0.0006040 seconds, Stopping threads took: 0.0000640 seconds
43.701: Application time: 0.1853800 seconds
43.701: [GC43.701: [ParNew: 33799K->400K(37568K), 0.0003950 secs] 38783K->5391K(120960K), 0.0004200 secs] [Times: user=0.00 sys=0.00, real=0.00 secs] 
43.701: Total time for which application threads were stopped: 0.0005460 seconds, Stopping threads took: 0.0000630 seconds
43.885: Application time: 0.1834100 seconds
43.885: [GC43.885: [ParNew: 33808K->406K(37568K), 0.0003680 secs] 38799K->5397K(120960K), 0.0003950 secs] [Times: user=0.00 sys=0.00, real=0.00 secs] 
43.885: Total time for which application threads were stopped: 0.0005130 seconds, Stopping threads took: 0.0000610 seconds
44.067: Application time: 0.1821650 seconds
44.070: [GC44.070: [ParNew: 33814K->396K(37568K), 0.0004440 secs] 38805K->5387K(120960K), 0.0004700 secs] [Times: user=0.00 sys=0.00, real=0.00 secs] 
44.071: Total time for which application threads were stopped: 0.0035370 seconds, Stopping threads took: 0.0030100 seconds
44.256: Application time: 0.1854950 seconds
44.256: [GC44.256: [ParNew: 33804K->402K(37568K), 0.0003730 secs] 38795K->5401K(120960K), 0.0004000 secs] [Times: user=0.00 sys=0.00, real=0.00 secs] 
44.257: Total time for which application threads were stopped: 0.0005460 seconds, Stopping threads took: 0.0000810 seconds
44.442: Application time: 0.1851180 seconds
44.442: [GC44.442: [ParNew: 33810K->398K(37568K), 0.0004000 secs] 38809K->5413K(120960K), 0.0004290 secs] [Times: user=0.00 sys=0.00, real=0.00 secs] 
44.443: Total time for which application threads were stopped: 0.0005480 seconds, Stopping threads took: 0.0000570 seconds
44.627: Application time: 0.1848230 seconds
44.627: [GC44.627: [ParNew: 33806K->403K(37568K), 0.0003650 secs] 38821K->5427K(120960K), 0.0003880 secs] [Times: user=0.00 sys=0.00, real=0.00 secs] 
44.628: Total time for which application threads were stopped: 0.0005000 seconds, Stopping threads took: 0.0000550 seconds
44.809: Application time: 0.1808610 seconds
44.809: [GC44.809: [ParNew: 33811K->399K(37568K), 0.0003930 secs] 38835K->5422K(120960K), 0.0004180 secs] [Times: user=0.00 sys=0.00, real=0.00 secs] 
44.809: Total time for which application threads were stopped: 0.0005340 seconds, Stopping threads took: 0.0000510 seconds
44.994: Application time: 0.1850940 seconds
44.994: [GC44.995: [ParNew: 33807K->396K(37568K), 0.0003760 secs] 38830K->5419K(120960K), 0.0004050 secs] [Times: user=0.00 sys=0.00, real=0.00 secs] 
44.995: Total time for which application threads were stopped: 0.0005410 seconds, Stopping threads took: 0.0000750 seconds
45.180: Application time: 0.1854970 seconds
45.181: [GC45.181: [ParNew: 33804K->397K(37568K), 0.0003850 secs] 38827K->5429K(120960K), 0.0004090 secs] [Times: user=0.00 sys=0.00, real=0.00 secs] 
45.181: Total time for which application threads were stopped: 0.0005240 seconds, Stopping threads took: 0.0000580 seconds
45.366: Application time: 0.1849920 seconds
45.366: [GC45.366: [ParNew: 33805K->397K(37568K), 0.0003810 secs] 38837K->5436K(120960K), 0.0004080 secs] [Times: user=0.01 sys=0.00, real=0.01 secs] 
45.366: Total time for which application threads were stopped: 0.0005410 seconds, Stopping threads took: 0.0000640 seconds
45.548: Application time: 0.1810660 seconds
45.548: [GC45.548: [ParNew: 33805K->399K(37568K), 0.0004040 secs] 38844K->5439K(120960K), 0.0004320 secs] [Times: user=0.00 sys=0.00, real=0.00 secs] 
45.548: Total time for which application threads were stopped: 0.0005470 seconds, Stopping threads took: 0.0000540 seconds
45.732: Application time: 0.1843390 seconds
45.733: [GC45.733: [ParNew: 33807K->401K(37568K), 0.0003710 secs] 38847K->5440K(120960K), 0.0004010 secs] [Times: user=0.00 sys=0.00, real=0.00 secs] 
45.733: Total time for which application threads were stopped: 0.0005280 seconds, Stopping threads took: 0.0000650 seconds
45.917: Application time: 0.1843740 seconds
45.917: [GC45.917: [ParNew: 33809K->400K(37568K), 0.0003700 secs] 38848K->5447K(120960K), 0.0003940 secs] [Times: user=0.01 sys=0.00, real=0.00 secs] 
45.918: Total time for which application threads were stopped: 0.0005180 seconds, Stopping threads took: 0.0000590 seconds
46.104: Application time: 0.1856940 seconds
46.104: [GC46.104: [ParNew: 33808K->402K(37568K), 0.0003500 secs] 38855K->5457K(120960K), 0.0003750 secs] [Times: user=0.01 sys=0.00, real=0.00 secs] 
46.104: Total time for which application threads were stopped: 0.0004840 seconds, Stopping threads took: 0.0000540 seconds
46.287: Application time: 0.1824700 seconds
46.287: [GC46.287: [ParNew: 33810K->394K(37568K), 0.0003640 secs] 38865K->5450K(120960K), 0.0003920 secs] [Times: user=0.00 sys=0.00, real=0.00 secs] 
46.287: Total time for which application threads were stopped: 0.0004990 seconds, Stopping threads took: 0.0000500 seconds
46.471: Application time: 0.1836370 seconds
46.471: [GC46.471: [ParNew: 33802K->393K(37568K), 0.0003870 secs] 38858K->5448K(120960K), 0.0004170 secs] [Times: user=0.01 sys=0.00, real=0.00 secs] 
46.471: Total time for which application threads were stopped: 0.0005460 seconds, Stopping threads took: 0.0000600 seconds
46.656: Application time: 0.1847630 seconds
46.656: [GC46.656: [ParNew: 33801K->400K(37568K), 0.0003610 secs] 38856K->5463K(120960K), 0.0003870 secs] [Times: user=0.00 sys=0.00, real=0.00 secs] 
46.656: Total time for which application threads were stopped: 0.0004990 seconds, Stopping threads took: 0.0000560 seconds
46.842: Application time: 0.1855270 seconds
46.842: [GC46.842: [ParNew: 33808K->401K(37568K), 0.0004100 secs] 38871K->5472K(120960K), 0.0004310 secs] [Times: user=0.00 sys=0.00, real=0.00 secs] 
46.843: Total time for which application threads were stopped: 0.0005530 seconds, Stopping threads took: 0.0000640 seconds
47.025: Application time: 0.1825160 seconds
47.025: [GC47.025: [ParNew: 33809K->374K(37568K), 0.0003870 secs] 38880K->5445K(120960K), 0.0004130 secs] [Times: user=0.00 sys=0.00, real=0.00 secs] 
47.026: Total time for which application threads were stopped: 0.0005370 seconds, Stopping threads took: 0.0000600 seconds
47.209: Application time: 0.1830370 seconds
47.209: [GC47.209: [ParNew: 33782K->399K(37568K), 0.0003670 secs] 38853K->5470K(120960K), 0.0003950 secs] [Times: user=0.00 sys=0.00, real=0.00 secs] 
47.209: Total time for which application threads were stopped: 0.0005320 seconds, Stopping threads took: 0.0000790 seconds
47.395: Application time: 0.1853340 seconds
47.395: [GC47.395: [ParNew: 33807K->403K(37568K), 0.0003850 secs] 38878K->5482K(120960K), 0.0004210 secs] [Times: user=0.00 sys=0.00, real=0.00 secs] 
47.395: Total time for which application threads were stopped: 0.0005330 seconds, Stopping threads took: 0.0000550 seconds
47.580: Application time: 0.1850030 seconds
47.580: [GC47.580: [ParNew: 33811K->395K(37568K), 0.0004670 secs] 38890K->5482K(120960K), 0.0004900 secs] [Times: user=0.00 sys=0.00, real=0.00 secs] 
47.581: Total time for which application threads were stopped: 0.0006100 seconds, Stopping threads took: 0.0000540 seconds
47.765: Application time: 0.1838730 seconds
47.765: [GC47.765: [ParNew: 33803K->406K(37568K), 0.0003730 secs] 38890K->5494K(120960K), 0.0004000 secs] [Times: user=0.00 sys=0.00, real=0.00 secs] 
47.765: Total time for which application threads were stopped: 0.0005150 seconds, Stopping threads took: 0.0000600 seconds
47.947: Application time: 0.1818450 seconds
47.947: [GC47.947: [ParNew: 33814K->389K(37568K), 0.0003890 secs] 38902K->5476K(120960K), 0.0004170 secs] [Times: user=0.00 sys=0.00, real=0.00 secs] 
47.947: Total time for which application threads were stopped: 0.0005310 seconds, Stopping threads took: 0.0000550 seconds
48.133: Application time: 0.1860250 seconds
48.134: [GC48.134: [ParNew: 33797K->397K(37568K), 0.0003690 secs] 38884K->5485K(120960K), 0.0003960 secs] [Times: user=0.00 sys=0.00, real=0.00 secs] 
48.134: Total time for which application threads were stopped: 0.0005270 seconds, Stopping threads took: 0.0000640 seconds
48.318: Application time: 0.1842710 seconds
48.318: [GC48.318: [ParNew: 33805K->403K(37568K), 0.0004050 secs] 38893K->5498K(120960K), 0.0004300 secs] [Times: user=0.00 sys=0.00, real=0.00 secs] 
48.319: Total time for which application threads were stopped: 0.0005390 seconds, Stopping threads took: 0.0000530 seconds
48.503: Application time: 0.1837830 seconds
48.506: [GC48.506: [ParNew: 33811K->395K(37568K), 0.0004580 secs] 38906K->5499K(120960K), 0.0004860 secs] [Times: user=0.00 sys=0.00, real=0.00 secs] 
48.507: Total time for which application threads were stopped: 0.0042920 seconds, Stopping threads took: 0.0037490 seconds
48.689: Application time: 0.1821320 seconds
48.689: [GC48.689: [ParNew: 33803K->400K(37568K), 0.0004440 secs] 38907K->5503K(120960K), 0.0004690 secs] [Times: user=0.00 sys=0.00, real=0.00 secs] 
48.690: Total time for which application threads were stopped: 0.0005920 seconds, Stopping threads took: 0.0000530 seconds
48.874: Application time: 0.1843660 seconds
48.874: [GC48.874: [ParNew: 33808K->402K(37568K), 0.0003750 secs] 38911K->5505K(120960K), 0.0004040 secs] [Times: user=0.01 sys=0.00, real=0.01 secs] 
48.875: Total time for which application threads were stopped: 0.0005250 seconds, Stopping threads took: 0.0000610 seconds
49.060: Application time: 0.1852560 seconds
49.060: [GC49.060: [ParNew: 33810K->388K(37568K), 0.0003990 secs] 38913K->5499K(120960K), 0.0004230 secs] [Times: user=0.00 sys=0.00, real=0.00 secs] 
49.060: Total time for which application threads were stopped: 0.0005310 seconds, Stopping threads took: 0.0000510 seconds
49.246: Application time: 0.1855150 seconds
49.246: [GC49.246: [ParNew: 33796K->394K(37568K), 0.0004250 secs] 38907K->5513K(120960K), 0.0004520 secs] [Times: user=0.01 sys=0.00, real=0.01 secs] 
49.246: Total time for which application threads were stopped: 0.0005860 seconds, Stopping threads took: 0.0000660 seconds
49.428: Application time: 0.1812680 seconds
49.428: [GC49.428: [ParNew: 33802K->395K(37568K), 0.0004400 secs] 38921K->5514K(120960K), 0.0004650 secs] [Times: user=0.00 sys=0.00, real=0.00 secs] 
49.428: Total time for which application threads were stopped: 0.0005740 seconds, Stopping threads took: 0.0000550 seconds
49.612: Application time: 0.1835270 seconds
49.612: [GC49.612: [ParNew: 33803K->399K(37568K), 0.0004570 secs] 38922K->5518K(120960K), 0.0004810 secs] [Times: user=0.00 sys=0.00, real=0.00 secs] 
49.612: Total time for which application threads were stopped: 0.0006030 seconds, Stopping threads took: 0.0000660 seconds
49.812: Application time: 0.1998560 seconds
49.812: [GC49.812: [ParNew: 33807K->395K(37568K), 0.0004590 secs] 38926K->5523K(120960K), 0.0004970 secs] [Times: user=0.00 sys=0.01, real=0.00 secs] 
49.813: Total time for which application threads were stopped: 0.0006280 seconds, Stopping threads took: 0.0000540 seconds
50.017: Application time: 0.2038220 seconds
50.017: [GC50.017: [ParNew: 33803K->394K(37568K), 0.0003850 secs] 38931K->5530K(120960K), 0.0004140 secs] [Times: user=0.00 sys=0.00, real=0.00 secs] 
50.017: Total time for which application threads were stopped: 0.0005400 seconds, Stopping threads took: 0.0000640 seconds
50.218: Application time: 0.2003140 seconds
50.218: [GC50.218: [ParNew: 33802K->401K(37568K), 0.0003900 secs] 38938K->5537K(120960K), 0.0004190 secs] [Times: user=0.00 sys=0.00, real=0.00 secs] 
50.218: Total time for which application threads were stopped: 0.0005340 seconds, Stopping threads took: 0.0000540 seconds
50.421: Application time: 0.2025360 seconds
50.421: [GC50.421: [ParNew: 33809K->397K(37568K), 0.0004580 secs] 38945K->5532K(120960K), 0.0004880 secs] [Times: user=0.01 sys=0.00, real=0.00 secs] 
50.421: Total time for which application threads were stopped: 0.0006230 seconds, Stopping threads took: 0.0000610 seconds
50.625: Application time: 0.2038360 seconds
50.625: [GC50.625: [ParNew: 33805K->381K(37568K), 0.0004710 secs] 38940K->5532K(120960K), 0.0004970 secs] [Times: user=0.00 sys=0.00, real=0.00 secs] 
50.626: Total time for which application threads were stopped: 0.0006090 seconds, Stopping threads took: 0.0000540 seconds
50.829: Application time: 0.2035970 seconds
50.829: [GC50.829: [ParNew: 33789K->391K(37568K), 0.0004140 secs] 38940K->5550K(120960K), 0.0004380 secs] [Times: user=0.00 sys=0.00, real=0.00 secs] 
50.830: Total time for which application threads were stopped: 0.0005660 seconds, Stopping threads took: 0.0000700 seconds
51.031: Application time: 0.2013730 seconds
51.031: [GC51.031: [ParNew: 33799K->396K(37568K), 0.0003910 secs] 38958K->5555K(120960K), 0.0004200 secs] [Times: user=0.00 sys=0.00, real=0.00 secs] 
51.032: Total time for which application threads were stopped: 0.0005540 seconds, Stopping threads took: 0.0000580 seconds
51.232: Application time: 0.2003620 seconds
51.232: [GC51.232: [ParNew: 33804K->398K(37568K), 0.0003620 secs] 38963K->5557K(120960K), 0.0003850 secs] [Times: user=0.00 sys=0.00, real=0.00 secs] 
51.233: Total time for which application threads were stopped: 0.0004980 seconds, Stopping threads took: 0.0000500 seconds
51.436: Application time: 0.2034650 seconds
51.436: [GC51.436: [ParNew: 33806K->387K(37568K), 0.0004160 secs] 38965K->5555K(120960K), 0.0004410 secs] [Times: user=0.00 sys=0.00, real=0.00 secs] 
51.437: Total time for which application threads were stopped: 0.0005560 seconds, Stopping threads took: 0.0000590 seconds
51.639: Application time: 0.2026180 seconds
51.639: [GC51.639: [ParNew: 33795K->396K(37568K), 0.0003800 secs] 38963K->5571K(120960K), 0.0004110 secs] [Times: user=0.00 sys=0.00, real=0.00 secs] 
51.640: Total time for which application threads were stopped: 0.0005400 seconds, Stopping threads took: 0.0000600 seconds
51.842: Application time: 0.2018960 seconds
51.842: [GC51.842: [ParNew: 33804K->400K(37568K), 0.0003780 secs] 38979K->5591K(120960K), 0.0004020 secs] [Times: user=0.00 sys=0.00, real=0.00 secs] 
51.842: Total time for which application threads were stopped: 0.0005220 seconds, Stopping threads took: 0.0000630 seconds
52.043: Application time: 0.2008340 seconds
52.043: [GC52.043: [ParNew: 33796K->368K(37568K), 0.0003830 secs] 38987K->5559K(120960K), 0.0004090 secs] [Times: user=0.00 sys=0.00, real=0.00 secs] 
52.044: Total time for which application threads were stopped: 0.0005240 seconds, Stopping threads took: 0.0000560 seconds
52.247: Application time: 0.2038550 seconds
52.248: [GC52.248: [ParNew: 33776K->406K(37568K), 0.0003800 secs] 38967K->5597K(120960K), 0.0004100 secs] [Times: user=0.00 sys=0.00, real=0.00 secs] 
52.248: Total time for which application threads were stopped: 0.0005650 seconds, Stopping threads took: 0.0000790 seconds
52.452: Application time: 0.2036100 seconds
52.452: [GC52.452: [ParNew: 33814K->404K(37568K), 0.0003810 secs] 39005K->5603K(120960K), 0.0004150 secs] [Times: user=0.00 sys=0.00, real=0.00 secs] 
52.452: Total time for which application threads were stopped: 0.0005310 seconds, Stopping threads took: 0.0000560 seconds
52.656: Application time: 0.2041670 seconds
52.656: [GC52.656: [ParNew: 33812K->401K(37568K), 0.0003960 secs] 39011K->5624K(120960K), 0.0004270 secs] [Times: user=0.00 sys=0.00, real=0.00 secs] 
52.657: Total time for which application threads were stopped: 0.0005470 seconds, Stopping threads took: 0.0000570 seconds
52.858: Application time: 0.2006370 seconds
52.858: [GC52.858: [ParNew: 33809K->388K(37568K), 0.0004200 secs] 39032K->5611K(120960K), 0.0004480 secs] [Times: user=0.00 sys=0.00, real=0.00 secs] 
52.858: Total time for which application threads were stopped: 0.0005780 seconds, Stopping threads took: 0.0000560 seconds
53.060: Application time: 0.2019850 seconds
53.060: [GC53.060: [ParNew: 33796K->391K(37568K), 0.0003980 secs] 39019K->5614K(120960K), 0.0004270 secs] [Times: user=0.00 sys=0.00, real=0.00 secs] 
53.061: Total time for which application threads were stopped: 0.0005560 seconds, Stopping threads took: 0.0000670 seconds
53.264: Application time: 0.2031620 seconds
53.264: [GC53.264: [ParNew: 33799K->394K(37568K), 0.0004250 secs] 39022K->5625K(120960K), 0.0004510 secs] [Times: user=0.01 sys=0.00, real=0.00 secs] 
53.264: Total time for which application threads were stopped: 0.0005660 seconds, Stopping threads took: 0.0000550 seconds
53.468: Application time: 0.2032410 seconds
53.468: [GC53.468: [ParNew: 33802K->400K(37568K), 0.0003690 secs] 39033K->5639K(120960K), 0.0003880 secs] [Times: user=0.00 sys=0.00, real=0.00 secs] 
53.468: Total time for which application threads were stopped: 0.0004970 seconds, Stopping threads took: 0.0000450 seconds
53.667: Application time: 0.1987420 seconds
53.667: [GC53.667: [ParNew: 33808K->395K(37568K), 0.0003610 secs] 39047K->5634K(120960K), 0.0003840 secs] [Times: user=0.00 sys=0.00, real=0.00 secs] 
53.667: Total time for which application threads were stopped: 0.0005140 seconds, Stopping threads took: 0.0000740 seconds
53.851: Application time: 0.1833490 seconds
53.851: [GC53.851: [ParNew: 33803K->400K(37568K), 0.0003710 secs] 39042K->5639K(120960K), 0.0003980 secs] [Times: user=0.00 sys=0.00, real=0.00 secs] 
53.851: Total time for which application threads were stopped: 0.0005090 seconds, Stopping threads took: 0.0000540 seconds
54.036: Application time: 0.1846260 seconds
54.036: [GC54.036: [ParNew: 33808K->398K(37568K), 0.0003790 secs] 39047K->5645K(120960K), 0.0004040 secs] [Times: user=0.00 sys=0.00, real=0.00 secs] 
54.036: Total time for which application threads were stopped: 0.0005210 seconds, Stopping threads took: 0.0000510 seconds
54.222: Application time: 0.1856700 seconds
54.222: [GC54.222: [ParNew: 33806K->390K(37568K), 0.0004030 secs] 39053K->5645K(120960K), 0.0004300 secs] [Times: user=0.00 sys=0.00, real=0.00 secs] 
54.223: Total time for which application threads were stopped: 0.0005540 seconds, Stopping threads took: 0.0000650 seconds
54.406: Application time: 0.1834160 seconds
54.406: [GC54.406: [ParNew: 33798K->392K(37568K), 0.0003650 secs] 39053K->5647K(120960K), 0.0003920 secs] [Times: user=0.00 sys=0.00, real=0.01 secs] 
54.407: Total time for which application threads were stopped: 0.0005230 seconds, Stopping threads took: 0.0000740 seconds
54.589: Application time: 0.1825750 seconds
54.589: [GC54.589: [ParNew: 33800K->394K(37568K), 0.0004420 secs] 39055K->5649K(120960K), 0.0004690 secs] [Times: user=0.00 sys=0.00, real=0.00 secs] 
54.590: Total time for which application threads were stopped: 0.0005930 seconds, Stopping threads took: 0.0000570 seconds
54.775: Application time: 0.1853360 seconds
54.775: [GC54.775: [ParNew: 33802K->381K(37568K), 0.0004620 secs] 39057K->5644K(120960K), 0.0004870 secs] [Times: user=0.00 sys=0.00, real=0.00 secs] 
54.776: Total time for which application threads were stopped: 0.0006040 seconds, Stopping threads took: 0.0000600 seconds
54.961: Application time: 0.1852880 seconds
54.961: [GC54.961: [ParNew: 33789K->387K(37568K), 0.0004350 secs] 39052K->5658K(120960K), 0.0004670 secs] [Times: user=0.00 sys=0.00, real=0.00 secs] 
54.962: Total time for which application threads were stopped: 0.0005830 seconds, Stopping threads took: 0.0000620 seconds
55.146: Application time: 0.1842540 seconds
55.146: [GC55.146: [ParNew: 33795K->391K(37568K), 0.0004080 secs] 39066K->5670K(120960K), 0.0004330 secs] [Times: user=0.00 sys=0.00, real=0.01 secs] 
55.146: Total time for which application threads were stopped: 0.0005530 seconds, Stopping threads took: 0.0000550 seconds
55.328: Application time: 0.1820270 seconds
55.329: [GC55.329: [ParNew: 33799K->392K(37568K), 0.0004020 secs] 39078K->5672K(120960K), 0.0004280 secs] [Times: user=0.00 sys=0.00, real=0.00 secs] 
55.329: Total time for which application threads were stopped: 0.0005430 seconds, Stopping threads took: 0.0000570 seconds
55.514: Application time: 0.1855420 seconds
55.515: [GC55.515: [ParNew: 33800K->396K(37568K), 0.0004110 secs] 39080K->5675K(120960K), 0.0004370 secs] [Times: user=0.00 sys=0.00, real=0.00 secs] 
55.515: Total time for which application threads were stopped: 0.0005410 seconds, Stopping threads took: 0.0000460 seconds
55.699: Application time: 0.1843410 seconds
55.700: [GC55.700: [ParNew: 33804K->395K(37568K), 0.0003820 secs] 39083K->5682K(120960K), 0.0004080 secs] [Times: user=0.00 sys=0.00, real=0.00 secs] 
55.700: Total time for which application threads were stopped: 0.0005400 seconds, Stopping threads took: 0.0000660 seconds
55.886: Application time: 0.1857380 seconds
55.886: [GC55.886: [ParNew: 33803K->400K(37568K), 0.0003860 secs] 39090K->5703K(120960K), 0.0004130 secs] [Times: user=0.00 sys=0.00, real=0.00 secs] 
55.886: Total time for which application threads were stopped: 0.0005330 seconds, Stopping threads took: 0.0000600 seconds
56.068: Application time: 0.1817880 seconds
56.068: [GC56.068: [ParNew: 33808K->398K(37568K), 0.0003560 secs] 39111K->5702K(120960K), 0.0003850 secs] [Times: user=0.00 sys=0.00, real=0.00 secs] 
56.068: Total time for which application threads were stopped: 0.0005010 seconds, Stopping threads took: 0.0000560 seconds
56.253: Application time: 0.1841420 seconds
56.253: [GC56.253: [ParNew: 33806K->395K(37568K), 0.0003750 secs] 39110K->5698K(120960K), 0.0004000 secs] [Times: user=0.00 sys=0.00, real=0.00 secs] 
56.253: Total time for which application threads were stopped: 0.0005320 seconds, Stopping threads took: 0.0000640 seconds
56.438: Application time: 0.1849500 seconds
56.438: [GC56.438: [ParNew: 33803K->398K(37568K), 0.0004300 secs] 39106K->5709K(120960K), 0.0004570 secs] [Times: user=0.00 sys=0.01, real=0.00 secs] 
56.439: Total time for which application threads were stopped: 0.0005780 seconds, Stopping threads took: 0.0000630 seconds
56.624: Application time: 0.1854790 seconds
56.624: [GC56.624: [ParNew: 33806K->403K(37568K), 0.0004240 secs] 39117K->5722K(120960K), 0.0004510 secs] [Times: user=0.00 sys=0.00, real=0.00 secs] 
56.625: Total time for which application threads were stopped: 0.0005930 seconds, Stopping threads took: 0.0000820 seconds
56.807: Application time: 0.1823790 seconds
56.810: [GC56.810: [ParNew: 33811K->401K(37568K), 0.0004290 secs] 39130K->5721K(120960K), 0.0004590 secs] [Times: user=0.01 sys=0.00, real=0.00 secs] 
56.811: Total time for which application threads were stopped: 0.0037340 seconds, Stopping threads took: 0.0032090 seconds
56.994: Application time: 0.1833380 seconds
56.994: [GC56.994: [ParNew: 33809K->405K(37568K), 0.0004050 secs] 39129K->5724K(120960K), 0.0004350 secs] [Times: user=0.01 sys=0.00, real=0.00 secs] 
56.995: Total time for which application threads were stopped: 0.0005540 seconds, Stopping threads took: 0.0000580 seconds
57.180: Application time: 0.1854020 seconds
57.180: [GC57.180: [ParNew: 33813K->394K(37568K), 0.0003790 secs] 39132K->5721K(120960K), 0.0004050 secs] [Times: user=0.00 sys=0.00, real=0.00 secs] 
57.181: Total time for which application threads were stopped: 0.0005240 seconds, Stopping threads took: 0.0000620 seconds
57.366: Application time: 0.1854720 seconds
57.366: [GC57.366: [ParNew: 33802K->394K(37568K), 0.0004070 secs] 39129K->5729K(120960K), 0.0004430 secs] [Times: user=0.00 sys=0.00, real=0.00 secs] 
57.367: Total time for which application threads were stopped: 0.0005790 seconds, Stopping threads took: 0.0000600 seconds
57.549: Application time: 0.1825900 seconds
57.549: [GC57.549: [ParNew: 33802K->399K(37568K), 0.0003630 secs] 39137K->5734K(120960K), 0.0003890 secs] [Times: user=0.00 sys=0.00, real=0.00 secs] 
57.550: Total time for which application threads were stopped: 0.0005120 seconds, Stopping threads took: 0.0000650 seconds
57.733: Application time: 0.1829090 seconds
57.733: [GC57.733: [ParNew: 33807K->399K(37568K), 0.0003980 secs] 39142K->5734K(120960K), 0.0004270 secs] [Times: user=0.00 sys=0.00, real=0.00 secs] 
57.733: Total time for which application threads were stopped: 0.0005540 seconds, Stopping threads took: 0.0000670 seconds
57.919: Application time: 0.1857450 seconds
57.919: [GC57.919: [ParNew: 33807K->397K(37568K), 0.0004490 secs] 39142K->5741K(120960K), 0.0004740 secs] [Times: user=0.00 sys=0.00, real=0.00 secs] 
57.920: Total time for which application threads were stopped: 0.0006070 seconds, Stopping threads took: 0.0000660 seconds
58.105: Application time: 0.1855060 seconds
58.105: [GC58.105: [ParNew: 33805K->397K(37568K), 0.0003820 secs] 39149K->5748K(120960K), 0.0004070 secs] [Times: user=0.00 sys=0.00, real=0.00 secs] 
58.106: Total time for which application threads were stopped: 0.0005150 seconds, Stopping threads took: 0.0000520 seconds
58.290: Application time: 0.1838300 seconds
58.290: [GC58.290: [ParNew: 33805K->403K(37568K), 0.0003790 secs] 39156K->5754K(120960K), 0.0004040 secs] [Times: user=0.01 sys=0.00, real=0.00 secs] 
58.290: Total time for which application threads were stopped: 0.0005170 seconds, Stopping threads took: 0.0000570 seconds
58.471: Application time: 0.1813100 seconds
58.471: [GC58.472: [ParNew: 33811K->393K(37568K), 0.0003840 secs] 39162K->5744K(120960K), 0.0004120 secs] [Times: user=0.00 sys=0.00, real=0.00 secs] 
58.472: Total time for which application threads were stopped: 0.0005380 seconds, Stopping threads took: 0.0000540 seconds
58.658: Application time: 0.1857610 seconds
58.658: [GC58.658: [ParNew: 33801K->392K(37568K), 0.0004700 secs] 39152K->5743K(120960K), 0.0004980 secs] [Times: user=0.00 sys=0.00, real=0.00 secs] 
58.658: Total time for which application threads were stopped: 0.0006200 seconds, Stopping threads took: 0.0000590 seconds
58.843: Application time: 0.1843730 seconds
58.843: [GC58.843: [ParNew: 33800K->394K(37568K), 0.0003900 secs] 39151K->5753K(120960K), 0.0004170 secs] [Times: user=0.00 sys=0.00, real=0.00 secs] 
58.843: Total time for which application threads were stopped: 0.0005360 seconds, Stopping threads took: 0.0000590 seconds
59.028: Application time: 0.1852530 seconds
59.029: [GC59.029: [ParNew: 33802K->392K(37568K), 0.0003860 secs] 39161K->5759K(120960K), 0.0004130 secs] [Times: user=0.00 sys=0.00, real=0.00 secs] 
59.029: Total time for which application threads were stopped: 0.0005380 seconds, Stopping threads took: 0.0000560 seconds
59.211: Application time: 0.1817130 seconds
59.211: [GC59.211: [ParNew: 33800K->396K(37568K), 0.0003990 secs] 39167K->5764K(120960K), 0.0004240 secs] [Times: user=0.00 sys=0.00, real=0.00 secs] 
59.211: Total time for which application threads were stopped: 0.0005350 seconds, Stopping threads took: 0.0000560 seconds
59.396: Application time: 0.1849880 seconds
59.396: [GC59.396: [ParNew: 33804K->400K(37568K), 0.0004090 secs] 39172K->5767K(120960K), 0.0004350 secs] [Times: user=0.01 sys=0.00, real=0.00 secs] 
59.397: Total time for which application threads were stopped: 0.0005480 seconds, Stopping threads took: 0.0000560 seconds
59.581: Application time: 0.1845040 seconds
59.581: [GC59.581: [ParNew: 33808K->403K(37568K), 0.0004490 secs] 39175K->5779K(120960K), 0.0004760 secs] [Times: user=0.00 sys=0.00, real=0.00 secs] 
59.582: Total time for which application threads were stopped: 0.0006140 seconds, Stopping threads took: 0.0000620 seconds
59.767: Application time: 0.1853710 seconds
59.767: [GC59.767: [ParNew: 33811K->400K(37568K), 0.0003780 secs] 39187K->5783K(120960K), 0.0004080 secs] [Times: user=0.01 sys=0.00, real=0.00 secs] 
59.768: Total time for which application threads were stopped: 0.0005370 seconds, Stopping threads took: 0.0000690 seconds
59.950: Application time: 0.1823740 seconds
59.950: [GC59.950: [ParNew: 33808K->400K(37568K), 0.0003950 secs] 39191K->5783K(120960K), 0.0004190 secs] [Times: user=0.01 sys=0.00, real=0.00 secs] 
59.951: Total time for which application threads were stopped: 0.0005340 seconds, Stopping threads took: 0.0000590 seconds
60.134: Application time: 0.1835940 seconds
60.134: [GC60.134: [ParNew: 33808K->403K(37568K), 0.0003710 secs] 39191K->5787K(120960K), 0.0003980 secs] [Times: user=0.00 sys=0.00, real=0.00 secs] 
60.135: Total time for which application threads were stopped: 0.0005180 seconds, Stopping threads took: 0.0000550 seconds
60.319: Application time: 0.1839620 seconds
60.319: [GC60.319: [ParNew: 33811K->397K(37568K), 0.0004120 secs] 39195K->5796K(120960K), 0.0004400 secs] [Times: user=0.01 sys=0.00, real=0.00 secs] 
60.319: Total time for which application threads were stopped: 0.0005640 seconds, Stopping threads took: 0.0000620 seconds
60.505: Application time: 0.1857490 seconds
60.505: [GC60.505: [ParNew: 33805K->401K(37568K), 0.0004060 secs] 39204K->5808K(120960K), 0.0004340 secs] [Times: user=0.00 sys=0.00, real=0.00 secs] 
60.506: Total time for which application threads were stopped: 0.0005460 seconds, Stopping threads took: 0.0000550 seconds
60.687: Application time: 0.1817380 seconds
60.688: [GC60.688: [ParNew: 33809K->399K(37568K), 0.0003860 secs] 39216K->5806K(120960K), 0.0004110 secs] [Times: user=0.00 sys=0.00, real=0.00 secs] 
60.688: Total time for which application threads were stopped: 0.0005400 seconds, Stopping threads took: 0.0000610 seconds
60.871: Application time: 0.1833950 seconds
60.871: [GC60.871: [ParNew: 33807K->411K(37568K), 0.0003790 secs] 39214K->5818K(120960K), 0.0004080 secs] [Times: user=0.01 sys=0.00, real=0.00 secs] 
60.872: Total time for which application threads were stopped: 0.0005210 seconds, Stopping threads took: 0.0000540 seconds
61.057: Application time: 0.1847850 seconds
61.057: [GC61.057: [ParNew: 33819K->379K(37568K), 0.0003870 secs] 39226K->5794K(120960K), 0.0004130 secs] [Times: user=0.00 sys=0.00, real=0.00 secs] 
61.057: Total time for which application threads were stopped: 0.0005300 seconds, Stopping threads took: 0.0000600 seconds
61.242: Application time: 0.1850370 seconds
61.242: [GC61.242: [ParNew: 33787K->395K(37568K), 0.0004380 secs] 39202K->5851K(120960K), 0.0004640 secs] [Times: user=0.01 sys=0.00, real=0.00 secs] 
61.243: Total time for which application threads were stopped: 0.0005990 seconds, Stopping threads took: 0.0000690 seconds
61.427: Application time: 0.1837420 seconds
61.427: [GC61.427: [ParNew: 33803K->398K(37568K), 0.0004540 secs] 39259K->5854K(120960K), 0.0004790 secs] [Times: user=0.00 sys=0.00, real=0.00 secs] 
61.427: Total time for which application threads were stopped: 0.0005880 seconds, Stopping threads took: 0.0000530 seconds
61.610: Application time: 0.1832020 seconds
61.611: [GC61.611: [ParNew: 33806K->399K(37568K), 0.0004280 secs] 39262K->5855K(120960K), 0.0004550 secs] [Times: user=0.00 sys=0.00, real=0.00 secs] 
61.611: Total time for which application threads were stopped: 0.0005880 seconds, Stopping threads took: 0.0000750 seconds
61.796: Application time: 0.1848200 seconds
61.796: [GC61.796: [ParNew: 33807K->400K(37568K), 0.0003890 secs] 39263K->5856K(120960K), 0.0004180 secs] [Times: user=0.00 sys=0.00, real=0.00 secs] 
61.796: Total time for which application threads were stopped: 0.0005840 seconds, Stopping threads took: 0.0000900 seconds
61.982: Application time: 0.1854130 seconds
61.982: [GC61.982: [ParNew: 33808K->392K(37568K), 0.0004050 secs] 39264K->5855K(120960K), 0.0004350 secs] [Times: user=0.00 sys=0.00, real=0.00 secs] 
61.982: Total time for which application threads were stopped: 0.0005620 seconds, Stopping threads took: 0.0000650 seconds
62.167: Application time: 0.1842340 seconds
62.167: [GC62.167: [ParNew: 33800K->392K(37568K), 0.0004640 secs] 39263K->5863K(120960K), 0.0004910 secs] [Times: user=0.00 sys=0.00, real=0.00 secs] 
62.167: Total time for which application threads were stopped: 0.0006100 seconds, Stopping threads took: 0.0000630 seconds
62.349: Application time: 0.1818030 seconds
62.349: [GC62.349: [ParNew: 33800K->394K(37568K), 0.0003710 secs] 39271K->5866K(120960K), 0.0004000 secs] [Times: user=0.00 sys=0.00, real=0.00 secs] 
62.350: Total time for which application threads were stopped: 0.0005220 seconds, Stopping threads took: 0.0000510 seconds
62.533: Application time: 0.1839440 seconds
62.534: [GC62.534: [ParNew: 33802K->397K(37568K), 0.0003680 secs] 39274K->5868K(120960K), 0.0003900 secs] [Times: user=0.00 sys=0.00, real=0.00 secs] 
62.534: Total time for which application threads were stopped: 0.0005120 seconds, Stopping threads took: 0.0000670 seconds
62.719: Application time: 0.1852870 seconds
62.719: [GC62.719: [ParNew: 33805K->396K(37568K), 0.0003980 secs] 39276K->5875K(120960K), 0.0004220 secs] [Times: user=0.00 sys=0.00, real=0.00 secs] 
62.720: Total time for which application threads were stopped: 0.0005400 seconds, Stopping threads took: 0.0000630 seconds
62.905: Application time: 0.1853090 seconds
62.905: [GC62.905: [ParNew: 33804K->397K(37568K), 0.0004080 secs] 39283K->5884K(120960K), 0.0004330 secs] [Times: user=0.00 sys=0.00, real=0.00 secs] 
62.906: Total time for which application threads were stopped: 0.0005680 seconds, Stopping threads took: 0.0000700 seconds
63.089: Application time: 0.1829660 seconds
63.089: [GC63.089: [ParNew: 33805K->394K(37568K), 0.0003760 secs] 39292K->5881K(120960K), 0.0004050 secs] [Times: user=0.00 sys=0.00, real=0.00 secs] 
63.089: Total time for which application threads were stopped: 0.0005110 seconds, Stopping threads took: 0.0000480 seconds
63.272: Application time: 0.1832660 seconds
63.273: [GC63.273: [ParNew: 33802K->401K(37568K), 0.0003710 secs] 39289K->5888K(120960K), 0.0003970 secs] [Times: user=0.01 sys=0.00, real=0.00 secs] 
63.273: Total time for which application threads were stopped: 0.0005210 seconds, Stopping threads took: 0.0000670 seconds
63.458: Application time: 0.1850860 seconds
63.458: [GC63.458: [ParNew: 33809K->396K(37568K), 0.0004710 secs] 39296K->5891K(120960K), 0.0005000 secs] [Times: user=0.00 sys=0.00, real=0.00 secs] 
63.459: Total time for which application threads were stopped: 0.0006200 seconds, Stopping threads took: 0.0000550 seconds
63.644: Application time: 0.1854630 seconds
63.644: [GC63.644: [ParNew: 33804K->396K(37568K), 0.0004210 secs] 39299K->5899K(120960K), 0.0004490 secs] [Times: user=0.00 sys=0.00, real=0.00 secs] 
63.645: Total time for which application threads were stopped: 0.0005820 seconds, Stopping threads took: 0.0000710 seconds
63.827: Application time: 0.1826650 seconds
63.827: [GC63.828: [ParNew: 33804K->399K(37568K), 0.0003590 secs] 39307K->5902K(120960K), 0.0003840 secs] [Times: user=0.01 sys=0.00, real=0.00 secs] 
63.828: Total time for which application threads were stopped: 0.0004980 seconds, Stopping threads took: 0.0000580 seconds
64.010: Application time: 0.1825450 seconds
64.011: [GC64.011: [ParNew: 33807K->407K(37568K), 0.0003760 secs] 39310K->5910K(120960K), 0.0004020 secs] [Times: user=0.01 sys=0.00, real=0.00 secs] 
64.011: Total time for which application threads were stopped: 0.0005330 seconds, Stopping threads took: 0.0000600 seconds
64.195: Application time: 0.1844830 seconds
64.196: [GC64.196: [ParNew: 33815K->402K(37568K), 0.0003870 secs] 39318K->5913K(120960K), 0.0004140 secs] [Times: user=0.00 sys=0.00, real=0.00 secs] 
64.196: Total time for which application threads were stopped: 0.0005260 seconds, Stopping threads took: 0.0000550 seconds
64.381: Application time: 0.1850310 seconds
64.381: [GC64.381: [ParNew: 33810K->404K(37568K), 0.0004000 secs] 39321K->5931K(120960K), 0.0004300 secs] [Times: user=0.00 sys=0.00, real=0.00 secs] 
64.382: Total time for which application threads were stopped: 0.0005410 seconds, Stopping threads took: 0.0000560 seconds
64.566: Application time: 0.1843520 seconds
64.566: [GC64.566: [ParNew: 33812K->397K(37568K), 0.0003530 secs] 39339K->5924K(120960K), 0.0003820 secs] [Times: user=0.00 sys=0.00, real=0.01 secs] 
64.566: Total time for which application threads were stopped: 0.0005100 seconds, Stopping threads took: 0.0000620 seconds
64.748: Application time: 0.1820080 seconds
64.749: [GC64.749: [ParNew: 33805K->398K(37568K), 0.0004270 secs] 39332K->5925K(120960K), 0.0004540 secs] [Times: user=0.00 sys=0.00, real=0.00 secs] 
64.749: Total time for which application threads were stopped: 0.0005710 seconds, Stopping threads took: 0.0000560 seconds
64.934: Application time: 0.1854390 seconds
64.935: [GC64.935: [ParNew: 33806K->397K(37568K), 0.0004350 secs] 39333K->5940K(120960K), 0.0004630 secs] [Times: user=0.00 sys=0.00, real=0.00 secs] 
64.935: Total time for which application threads were stopped: 0.0005850 seconds, Stopping threads took: 0.0000630 seconds
65.121: Application time: 0.1857520 seconds
65.121: [GC65.121: [ParNew: 33805K->398K(37568K), 0.0004920 secs] 39348K->5957K(120960K), 0.0005190 secs] [Times: user=0.00 sys=0.00, real=0.00 secs] 
65.121: Total time for which application threads were stopped: 0.0006510 seconds, Stopping threads took: 0.0000650 seconds
65.306: Application time: 0.1845790 seconds
65.306: [GC65.306: [ParNew: 33806K->398K(37568K), 0.0003770 secs] 39365K->5965K(120960K), 0.0004050 secs] [Times: user=0.01 sys=0.00, real=0.01 secs] 
65.307: Total time for which application threads were stopped: 0.0005240 seconds, Stopping threads took: 0.0000580 seconds
65.488: Application time: 0.1809900 seconds
65.488: [GC65.488: [ParNew: 33806K->397K(37568K), 0.0003610 secs] 39373K->5965K(120960K), 0.0003880 secs] [Times: user=0.00 sys=0.00, real=0.00 secs] 
65.488: Total time for which application threads were stopped: 0.0005170 seconds, Stopping threads took: 0.0000730 seconds
65.673: Application time: 0.1852390 seconds
65.673: [GC65.673: [ParNew: 33805K->405K(37568K), 0.0003770 secs] 39373K->5972K(120960K), 0.0003960 secs] [Times: user=0.00 sys=0.00, real=0.00 secs] 
65.674: Total time for which application threads were stopped: 0.0005190 seconds, Stopping threads took: 0.0000610 seconds
65.858: Application time: 0.1838540 seconds
65.858: [GC65.858: [ParNew: 33813K->403K(37568K), 0.0003970 secs] 39380K->5986K(120960K), 0.0004220 secs] [Times: user=0.00 sys=0.00, real=0.00 secs] 
65.858: Total time for which application threads were stopped: 0.0005460 seconds, Stopping threads took: 0.0000660 seconds
66.044: Application time: 0.1853780 seconds
66.044: [GC66.044: [ParNew: 33811K->397K(37568K), 0.0004060 secs] 39394K->6004K(120960K), 0.0004310 secs] [Times: user=0.00 sys=0.00, real=0.00 secs] 
66.044: Total time for which application threads were stopped: 0.0005580 seconds, Stopping threads took: 0.0000710 seconds
66.226: Application time: 0.1822030 seconds
66.226: [GC66.226: [ParNew: 33805K->396K(37568K), 0.0004370 secs] 39412K->6004K(120960K), 0.0004650 secs] [Times: user=0.00 sys=0.00, real=0.00 secs] 
66.227: Total time for which application threads were stopped: 0.0005900 seconds, Stopping threads took: 0.0000600 seconds
66.412: Application time: 0.1851110 seconds
66.412: [GC66.412: [ParNew: 33804K->400K(37568K), 0.0004160 secs] 39412K->6007K(120960K), 0.0004440 secs] [Times: user=0.00 sys=0.00, real=0.00 secs] 
66.413: Total time for which application threads were stopped: 0.0005850 seconds, Stopping threads took: 0.0000810 seconds
66.597: Application time: 0.1840010 seconds
66.597: [GC66.597: [ParNew: 33808K->398K(37568K), 0.0003550 secs] 39415K->6029K(120960K), 0.0003790 secs] [Times: user=0.01 sys=0.00, real=0.00 secs] 
66.597: Total time for which application threads were stopped: 0.0004930 seconds, Stopping threads took: 0.0000600 seconds
66.782: Application time: 0.1844240 seconds
66.782: [GC66.782: [ParNew: 33806K->403K(37568K), 0.0004350 secs] 39437K->6050K(120960K), 0.0004700 secs] [Times: user=0.00 sys=0.00, real=0.00 secs] 
66.782: Total time for which application threads were stopped: 0.0005940 seconds, Stopping threads took: 0.0000540 seconds
66.964: Application time: 0.1817300 seconds
66.964: [GC66.964: [ParNew: 33811K->402K(37568K), 0.0004000 secs] 39458K->6049K(120960K), 0.0004250 secs] [Times: user=0.00 sys=0.00, real=0.00 secs] 
66.964: Total time for which application threads were stopped: 0.0005450 seconds, Stopping threads took: 0.0000650 seconds
67.149: Application time: 0.1843120 seconds
67.149: [GC67.149: [ParNew: 33810K->399K(37568K), 0.0003850 secs] 39457K->6046K(120960K), 0.0004150 secs] [Times: user=0.00 sys=0.00, real=0.00 secs] 
67.149: Total time for which application threads were stopped: 0.0005310 seconds, Stopping threads took: 0.0000580 seconds
67.334: Application time: 0.1848700 seconds
67.334: [GC67.334: [ParNew: 33807K->403K(37568K), 0.0004070 secs] 39454K->6066K(120960K), 0.0004390 secs] [Times: user=0.00 sys=0.00, real=0.01 secs] 
67.335: Total time for which application threads were stopped: 0.0005630 seconds, Stopping threads took: 0.0000560 seconds
67.520: Application time: 0.1853040 seconds
67.520: [GC67.520: [ParNew: 33811K->388K(37568K), 0.0004100 secs] 39474K->6059K(120960K), 0.0004350 secs] [Times: user=0.00 sys=0.00, real=0.00 secs] 
67.521: Total time for which application threads were stopped: 0.0005450 seconds, Stopping threads took: 0.0000530 seconds
67.704: Application time: 0.1829480 seconds
67.704: [GC67.704: [ParNew: 33796K->398K(37568K), 0.0004080 secs] 39467K->6069K(120960K), 0.0004340 secs] [Times: user=0.00 sys=0.00, real=0.00 secs] 
67.704: Total time for which application threads were stopped: 0.0005500 seconds, Stopping threads took: 0.0000610 seconds
67.887: Application time: 0.1828200 seconds
67.887: [GC67.887: [ParNew: 33806K->400K(37568K), 0.0003770 secs] 39477K->6072K(120960K), 0.0004060 secs] [Times: user=0.00 sys=0.00, real=0.00 secs] 
67.887: Total time for which application threads were stopped: 0.0005510 seconds, Stopping threads took: 0.0000730 seconds
68.073: Application time: 0.1860130 seconds
68.074: [GC68.074: [ParNew: 33808K->396K(37568K), 0.0003660 secs] 39480K->6075K(120960K), 0.0003920 secs] [Times: user=0.00 sys=0.00, real=0.00 secs] 
68.074: Total time for which application threads were stopped: 0.0005070 seconds, Stopping threads took: 0.0000580 seconds
68.259: Application time: 0.1853390 seconds
68.259: [GC68.259: [ParNew: 33804K->393K(37568K), 0.0003750 secs] 39483K->6080K(120960K), 0.0004040 secs] [Times: user=0.00 sys=0.00, real=0.00 secs] 
68.260: Total time for which application threads were stopped: 0.0005420 seconds, Stopping threads took: 0.0000780 seconds
68.444: Application time: 0.1839820 seconds
68.444: [GC68.444: [ParNew: 33801K->394K(37568K), 0.0004780 secs] 39488K->6081K(120960K), 0.0005050 secs] [Times: user=0.01 sys=0.00, real=0.00 secs] 
68.444: Total time for which application threads were stopped: 0.0006400 seconds, Stopping threads took: 0.0000660 seconds
68.627: Application time: 0.1821040 seconds
68.627: [GC68.627: [ParNew: 33802K->397K(37568K), 0.0004050 secs] 39489K->6084K(120960K), 0.0004300 secs] [Times: user=0.00 sys=0.00, real=0.00 secs] 
68.627: Total time for which application threads were stopped: 0.0005420 seconds, Stopping threads took: 0.0000550 seconds
68.812: Application time: 0.1848200 seconds
68.812: [GC68.812: [ParNew: 33805K->402K(37568K), 0.0004390 secs] 39492K->6089K(120960K), 0.0004640 secs] [Times: user=0.00 sys=0.00, real=0.00 secs] 
68.813: Total time for which application threads were stopped: 0.0005990 seconds, Stopping threads took: 0.0000780 seconds
68.997: Application time: 0.1846490 seconds
68.997: [GC68.997: [ParNew: 33810K->395K(37568K), 0.0003830 secs] 39497K->6091K(120960K), 0.0004100 secs] [Times: user=0.00 sys=0.00, real=0.00 secs] 
68.998: Total time for which application threads were stopped: 0.0005390 seconds, Stopping threads took: 0.0000530 seconds
69.182: Application time: 0.1843940 seconds
69.182: [GC69.182: [ParNew: 33803K->396K(37568K), 0.0004480 secs] 39499K->6099K(120960K), 0.0004840 secs] [Times: user=0.00 sys=0.00, real=0.00 secs] 
69.183: Total time for which application threads were stopped: 0.0005990 seconds, Stopping threads took: 0.0000590 seconds
69.365: Application time: 0.1818740 seconds
69.365: [GC69.365: [ParNew: 33804K->395K(37568K), 0.0004310 secs] 39507K->6098K(120960K), 0.0004600 secs] [Times: user=0.00 sys=0.00, real=0.00 secs] 
69.365: Total time for which application threads were stopped: 0.0005760 seconds, Stopping threads took: 0.0000570 seconds
69.550: Application time: 0.1846510 seconds
69.550: [GC69.550: [ParNew: 33803K->403K(37568K), 0.0003770 secs] 39506K->6106K(120960K), 0.0004050 secs] [Times: user=0.00 sys=0.00, real=0.00 secs] 
69.550: Total time for which application threads were stopped: 0.0005380 seconds, Stopping threads took: 0.0000610 seconds
69.741: Application time: 0.1908300 seconds
69.741: [GC69.741: [ParNew: 33811K->404K(37568K), 0.0003990 secs] 39514K->6115K(120960K), 0.0004270 secs] [Times: user=0.00 sys=0.00, real=0.00 secs] 
69.742: Total time for which application threads were stopped: 0.0005410 seconds, Stopping threads took: 0.0000530 seconds
69.945: Application time: 0.2036860 seconds
69.946: [GC69.946: [ParNew: 33812K->407K(37568K), 0.0004320 secs] 39523K->6127K(120960K), 0.0004610 secs] [Times: user=0.01 sys=0.00, real=0.00 secs] 
69.946: Total time for which application threads were stopped: 0.0005820 seconds, Stopping threads took: 0.0000570 seconds
70.147: Application time: 0.2006210 seconds
70.147: [GC70.147: [ParNew: 33815K->393K(37568K), 0.0003740 secs] 39535K->6113K(120960K), 0.0004010 secs] [Times: user=0.00 sys=0.00, real=0.00 secs] 
70.147: Total time for which application threads were stopped: 0.0005140 seconds, Stopping threads took: 0.0000470 seconds
70.348: Application time: 0.2012190 seconds
70.349: [GC70.349: [ParNew: 33801K->397K(37568K), 0.0003860 secs] 39521K->6116K(120960K), 0.0004150 secs] [Times: user=0.00 sys=0.00, real=0.00 secs] 
70.349: Total time for which application threads were stopped: 0.0005490 seconds, Stopping threads took: 0.0000750 seconds
70.552: Application time: 0.2027340 seconds
70.552: [GC70.552: [ParNew: 33805K->397K(37568K), 0.0004080 secs] 39524K->6124K(120960K), 0.0004360 secs] [Times: user=0.00 sys=0.00, real=0.00 secs] 
70.552: Total time for which application threads were stopped: 0.0005610 seconds, Stopping threads took: 0.0000660 seconds
70.756: Application time: 0.2035650 seconds
70.756: [GC70.756: [ParNew: 33805K->400K(37568K), 0.0004200 secs] 39532K->6151K(120960K), 0.0004430 secs] [Times: user=0.00 sys=0.00, real=0.00 secs] 
70.756: Total time for which application threads were stopped: 0.0005650 seconds, Stopping threads took: 0.0000520 seconds
70.958: Application time: 0.2017470 seconds
70.958: [GC70.958: [ParNew: 33808K->367K(37568K), 0.0004220 secs] 39559K->6118K(120960K), 0.0004480 secs] [Times: user=0.00 sys=0.00, real=0.00 secs] 
70.959: Total time for which application threads were stopped: 0.0005670 seconds, Stopping threads took: 0.0000610 seconds
71.159: Application time: 0.2001900 seconds
71.159: [GC71.159: [ParNew: 33775K->392K(37568K), 0.0004100 secs] 39526K->6143K(120960K), 0.0004380 secs] [Times: user=0.00 sys=0.00, real=0.00 secs] 
71.159: Total time for which application threads were stopped: 0.0005670 seconds, Stopping threads took: 0.0000660 seconds
71.362: Application time: 0.2021150 seconds
71.362: [GC71.362: [ParNew: 33800K->395K(37568K), 0.0004530 secs] 39551K->6154K(120960K), 0.0004830 secs] [Times: user=0.00 sys=0.00, real=0.00 secs] 
71.362: Total time for which application threads were stopped: 0.0006160 seconds, Stopping threads took: 0.0000610 seconds
71.566: Application time: 0.2033770 seconds
71.566: [GC71.566: [ParNew: 33803K->395K(37568K), 0.0004030 secs] 39562K->6170K(120960K), 0.0004290 secs] [Times: user=0.01 sys=0.00, real=0.00 secs] 
71.566: Total time for which application threads were stopped: 0.0005740 seconds, Stopping threads took: 0.0000850 seconds
71.768: Application time: 0.2018750 seconds
71.768: [GC71.768: [ParNew: 33803K->396K(37568K), 0.0004720 secs] 39578K->6171K(120960K), 0.0005100 secs] [Times: user=0.00 sys=0.00, real=0.00 secs] 
71.769: Total time for which application threads were stopped: 0.0006370 seconds, Stopping threads took: 0.0000660 seconds
71.969: Application time: 0.2004210 seconds
71.969: [GC71.969: [ParNew: 33804K->395K(37568K), 0.0005580 secs] 39579K->6170K(120960K), 0.0005860 secs] [Times: user=0.01 sys=0.00, real=0.00 secs] 
71.970: Total time for which application threads were stopped: 0.0007200 seconds, Stopping threads took: 0.0000620 seconds
72.174: Application time: 0.2046630 seconds
72.175: [GC72.175: [ParNew: 33803K->400K(37568K), 0.0003960 secs] 39578K->6175K(120960K), 0.0015710 secs] [Times: user=0.00 sys=0.00, real=0.00 secs] 
72.176: Total time for which application threads were stopped: 0.0016880 seconds, Stopping threads took: 0.0000550 seconds
72.380: Application time: 0.2033980 seconds
72.380: [GC72.380: [ParNew: 33808K->383K(37568K), 0.0006110 secs] 39583K->6167K(120960K), 0.0006390 secs] [Times: user=0.00 sys=0.00, real=0.00 secs] 
72.380: Total time for which application threads were stopped: 0.0008030 seconds, Stopping threads took: 0.0000840 seconds
72.584: Application time: 0.2039180 seconds
72.584: [GC72.584: [ParNew: 33791K->401K(37568K), 0.0004100 secs] 39575K->6200K(120960K), 0.0004370 secs] [Times: user=0.01 sys=0.00, real=0.00 secs] 
72.585: Total time for which application threads were stopped: 0.0005870 seconds, Stopping threads took: 0.0000790 seconds
72.784: Application time: 0.1991920 seconds
72.784: [GC72.784: [ParNew: 33809K->396K(37568K), 0.0004020 secs] 39608K->6195K(120960K), 0.0004280 secs] [Times: user=0.00 sys=0.00, real=0.00 secs] 
72.785: Total time for which application threads were stopped: 0.0005480 seconds, Stopping threads took: 0.0000610 seconds
72.987: Application time: 0.2027770 seconds
72.988: [GC72.988: [ParNew: 33804K->400K(37568K), 0.0004050 secs] 39603K->6199K(120960K), 0.0004340 secs] [Times: user=0.00 sys=0.00, real=0.00 secs] 
72.988: Total time for which application threads were stopped: 0.0005580 seconds, Stopping threads took: 0.0000640 seconds
73.192: Application time: 0.2038180 seconds
73.192: [GC73.192: [ParNew: 33808K->407K(37568K), 0.0003990 secs] 39607K->6222K(120960K), 0.0004300 secs] [Times: user=0.00 sys=0.00, real=0.00 secs] 
73.192: Total time for which application threads were stopped: 0.0006070 seconds, Stopping threads took: 0.0001020 seconds
73.396: Application time: 0.2036670 seconds
73.396: [GC73.396: [ParNew: 33815K->403K(37568K), 0.0004410 secs] 39630K->6234K(120960K), 0.0004720 secs] [Times: user=0.01 sys=0.00, real=0.00 secs] 
73.397: Total time for which application threads were stopped: 0.0005900 seconds, Stopping threads took: 0.0000550 seconds
73.597: Application time: 0.2004720 seconds
73.597: [GC73.597: [ParNew: 33811K->393K(37568K), 0.0003760 secs] 39642K->6224K(120960K), 0.0004010 secs] [Times: user=0.00 sys=0.00, real=0.00 secs] 
73.598: Total time for which application threads were stopped: 0.0005190 seconds, Stopping threads took: 0.0000600 seconds
73.789: Application time: 0.1910310 seconds
73.789: [GC73.789: [ParNew: 33801K->407K(37568K), 0.0004200 secs] 39632K->6238K(120960K), 0.0004480 secs] [Times: user=0.00 sys=0.00, real=0.00 secs] 
73.789: Total time for which application threads were stopped: 0.0005780 seconds, Stopping threads took: 0.0000570 seconds
73.974: Application time: 0.1843270 seconds
73.974: [GC73.974: [ParNew: 33815K->391K(37568K), 0.0004440 secs] 39646K->6230K(120960K), 0.0004680 secs] [Times: user=0.00 sys=0.00, real=0.00 secs] 
73.974: Total time for which application threads were stopped: 0.0005830 seconds, Stopping threads took: 0.0000610 seconds
74.159: Application time: 0.1851960 seconds
74.159: [GC74.160: [ParNew: 33799K->399K(37568K), 0.0004770 secs] 39638K->6254K(120960K), 0.0005040 secs] [Times: user=0.00 sys=0.00, real=0.00 secs] 
74.160: Total time for which application threads were stopped: 0.0006300 seconds, Stopping threads took: 0.0000700 seconds
74.343: Application time: 0.1827830 seconds
74.343: [GC74.343: [ParNew: 33807K->392K(37568K), 0.0004960 secs] 39662K->6247K(120960K), 0.0005320 secs] [Times: user=0.00 sys=0.00, real=0.00 secs] 
74.343: Total time for which application threads were stopped: 0.0006570 seconds, Stopping threads took: 0.0000550 seconds
74.527: Application time: 0.1834200 seconds
74.527: [GC74.527: [ParNew: 33800K->392K(37568K), 0.0004540 secs] 39655K->6247K(120960K), 0.0004810 secs] [Times: user=0.00 sys=0.00, real=0.00 secs] 
74.527: Total time for which application threads were stopped: 0.0005970 seconds, Stopping threads took: 0.0000570 seconds
74.713: Application time: 0.1854170 seconds
74.713: [GC74.713: [ParNew: 33800K->390K(37568K), 0.0004740 secs] 39655K->6262K(120960K), 0.0005010 secs] [Times: user=0.01 sys=0.00, real=0.00 secs] 
74.714: Total time for which application threads were stopped: 0.0006120 seconds, Stopping threads took: 0.0000520 seconds
74.899: Application time: 0.1851670 seconds
74.899: [GC74.899: [ParNew: 33798K->398K(37568K), 0.0004420 secs] 39670K->6294K(120960K), 0.0004660 secs] [Times: user=0.00 sys=0.00, real=0.00 secs] 
74.899: Total time for which application threads were stopped: 0.0005910 seconds, Stopping threads took: 0.0000620 seconds
75.083: Application time: 0.1837570 seconds
75.083: [GC75.083: [ParNew: 33806K->401K(37568K), 0.0003860 secs] 39702K->6296K(120960K), 0.0004110 secs] [Times: user=0.01 sys=0.00, real=0.00 secs] 
75.084: Total time for which application threads were stopped: 0.0005160 seconds, Stopping threads took: 0.0000500 seconds
75.265: Application time: 0.1817100 seconds
75.265: [GC75.265: [ParNew: 33809K->405K(37568K), 0.0003890 secs] 39704K->6300K(120960K), 0.0004130 secs] [Times: user=0.00 sys=0.00, real=0.00 secs] 
75.266: Total time for which application threads were stopped: 0.0005250 seconds, Stopping threads took: 0.0000590 seconds
75.451: Application time: 0.1851740 seconds
75.451: [GC75.451: [ParNew: 33813K->399K(37568K), 0.0004020 secs] 39708K->6294K(120960K), 0.0004280 secs] [Times: user=0.00 sys=0.00, real=0.00 secs] 
75.452: Total time for which application threads were stopped: 0.0005750 seconds, Stopping threads took: 0.0000770 seconds
75.637: Application time: 0.1852160 seconds
75.637: [GC75.637: [ParNew: 33807K->404K(37568K), 0.0004020 secs] 39702K->6315K(120960K), 0.0004290 secs] [Times: user=0.00 sys=0.00, real=0.00 secs] 
75.637: Total time for which application threads were stopped: 0.0005560 seconds, Stopping threads took: 0.0000680 seconds
75.821: Application time: 0.1839030 seconds
75.821: [GC75.821: [ParNew: 33812K->396K(37568K), 0.0003840 secs] 39723K->6315K(120960K), 0.0004120 secs] [Times: user=0.01 sys=0.00, real=0.00 secs] 
75.822: Total time for which application threads were stopped: 0.0005280 seconds, Stopping threads took: 0.0000550 seconds
76.002: Application time: 0.1807290 seconds
76.003: [GC76.003: [ParNew: 33804K->402K(37568K), 0.0004700 secs] 39723K->6321K(120960K), 0.0004960 secs] [Times: user=0.00 sys=0.00, real=0.00 secs] 
76.003: Total time for which application threads were stopped: 0.0006320 seconds, Stopping threads took: 0.0000650 seconds
76.188: Application time: 0.1852050 seconds
76.188: [GC76.188: [ParNew: 33810K->399K(37568K), 0.0004830 secs] 39729K->6318K(120960K), 0.0005080 secs] [Times: user=0.00 sys=0.00, real=0.00 secs] 
76.189: Total time for which application threads were stopped: 0.0006300 seconds, Stopping threads took: 0.0000650 seconds
76.373: Application time: 0.1842270 seconds
76.373: [GC76.373: [ParNew: 33807K->399K(37568K), 0.0003760 secs] 39726K->6327K(120960K), 0.0004020 secs] [Times: user=0.01 sys=0.00, real=0.00 secs] 
76.374: Total time for which application threads were stopped: 0.0005140 seconds, Stopping threads took: 0.0000580 seconds
76.559: Application time: 0.1855260 seconds
76.559: [GC76.559: [ParNew: 33807K->390K(37568K), 0.0004470 secs] 39735K->6341K(120960K), 0.0004710 secs] [Times: user=0.00 sys=0.00, real=0.00 secs] 
76.560: Total time for which application threads were stopped: 0.0006170 seconds, Stopping threads took: 0.0000840 seconds
76.741: Application time: 0.1809390 seconds
76.741: [GC76.741: [ParNew: 33798K->393K(37568K), 0.0004430 secs] 39749K->6345K(120960K), 0.0004770 secs] [Times: user=0.00 sys=0.00, real=0.00 secs] 
76.741: Total time for which application threads were stopped: 0.0005860 seconds, Stopping threads took: 0.0000530 seconds
76.926: Application time: 0.1851390 seconds
76.927: [GC76.927: [ParNew: 33801K->403K(37568K), 0.0004010 secs] 39753K->6354K(120960K), 0.0004270 secs] [Times: user=0.00 sys=0.00, real=0.00 secs] 
76.927: Total time for which application threads were stopped: 0.0005390 seconds, Stopping threads took: 0.0000560 seconds
77.111: Application time: 0.1842910 seconds
77.111: [GC77.111: [ParNew: 33811K->403K(37568K), 0.0003870 secs] 39762K->6379K(120960K), 0.0004120 secs] [Times: user=0.00 sys=0.00, real=0.00 secs] 
77.112: Total time for which application threads were stopped: 0.0005330 seconds, Stopping threads took: 0.0000550 seconds
77.297: Application time: 0.1853470 seconds
77.297: [GC77.297: [ParNew: 33811K->401K(37568K), 0.0004040 secs] 39787K->6384K(120960K), 0.0015330 secs] [Times: user=0.01 sys=0.00, real=0.00 secs] 
77.299: Total time for which application threads were stopped: 0.0016580 seconds, Stopping threads took: 0.0000640 seconds
77.481: Application time: 0.1823510 seconds
77.481: [GC77.481: [ParNew: 33809K->385K(37568K), 0.0004310 secs] 39792K->6368K(120960K), 0.0004580 secs] [Times: user=0.00 sys=0.00, real=0.00 secs] 
77.482: Total time for which application threads were stopped: 0.0005790 seconds, Stopping threads took: 0.0000620 seconds
77.665: Application time: 0.1830070 seconds
77.665: [GC77.665: [ParNew: 33793K->391K(37568K), 0.0004810 secs] 39776K->6374K(120960K), 0.0005110 secs] [Times: user=0.00 sys=0.00, real=0.00 secs] 
77.665: Total time for which application threads were stopped: 0.0006390 seconds, Stopping threads took: 0.0000580 seconds
77.851: Application time: 0.1852880 seconds
77.851: [GC77.851: [ParNew: 33799K->398K(37568K), 0.0004660 secs] 39782K->6389K(120960K), 0.0004920 secs] [Times: user=0.01 sys=0.00, real=0.00 secs] 
77.851: Total time for which application threads were stopped: 0.0006020 seconds, Stopping threads took: 0.0000550 seconds
78.037: Application time: 0.1852630 seconds
78.037: [GC78.037: [ParNew: 33806K->395K(37568K), 0.0004030 secs] 39797K->6394K(120960K), 0.0004260 secs] [Times: user=0.00 sys=0.00, real=0.00 secs] 
78.037: Total time for which application threads were stopped: 0.0005390 seconds, Stopping threads took: 0.0000580 seconds
78.221: Application time: 0.1836550 seconds
78.221: [GC78.221: [ParNew: 33803K->394K(37568K), 0.0003810 secs] 39802K->6394K(120960K), 0.0004080 secs] [Times: user=0.00 sys=0.00, real=0.00 secs] 
78.221: Total time for which application threads were stopped: 0.0005370 seconds, Stopping threads took: 0.0000630 seconds
78.404: Application time: 0.1830320 seconds
78.406: [GC78.406: [ParNew: 33802K->395K(37568K), 0.0003870 secs] 39802K->6394K(120960K), 0.0004130 secs] [Times: user=0.00 sys=0.00, real=0.00 secs] 
78.407: Total time for which application threads were stopped: 0.0024340 seconds, Stopping threads took: 0.0019620 seconds
78.592: Application time: 0.1852470 seconds
78.592: [GC78.592: [ParNew: 33803K->405K(37568K), 0.0004200 secs] 39802K->6404K(120960K), 0.0004450 secs] [Times: user=0.00 sys=0.00, real=0.00 secs] 
78.593: Total time for which application threads were stopped: 0.0005630 seconds, Stopping threads took: 0.0000540 seconds
78.778: Application time: 0.1853770 seconds
78.778: [GC78.778: [ParNew: 33813K->400K(37568K), 0.0003750 secs] 39812K->6415K(120960K), 0.0004010 secs] [Times: user=0.00 sys=0.00, real=0.00 secs] 
78.779: Total time for which application threads were stopped: 0.0005280 seconds, Stopping threads took: 0.0000570 seconds
78.964: Application time: 0.1849830 seconds
78.964: [GC78.964: [ParNew: 33808K->392K(37568K), 0.0004790 secs] 39823K->6407K(120960K), 0.0005050 secs] [Times: user=0.00 sys=0.00, real=0.00 secs] 
78.964: Total time for which application threads were stopped: 0.0006290 seconds, Stopping threads took: 0.0000570 seconds
79.145: Application time: 0.1806570 seconds
79.145: [GC79.145: [ParNew: 33800K->394K(37568K), 0.0004140 secs] 39815K->6409K(120960K), 0.0004400 secs] [Times: user=0.00 sys=0.00, real=0.00 secs] 
79.145: Total time for which application threads were stopped: 0.0005570 seconds, Stopping threads took: 0.0000570 seconds
79.331: Application time: 0.1852450 seconds
79.331: [GC79.331: [ParNew: 33802K->395K(37568K), 0.0003760 secs] 39817K->6411K(120960K), 0.0004010 secs] [Times: user=0.00 sys=0.00, real=0.00 secs] 
79.331: Total time for which application threads were stopped: 0.0005230 seconds, Stopping threads took: 0.0000520 seconds
79.515: Application time: 0.1841010 seconds
79.515: [GC79.515: [ParNew: 33803K->393K(37568K), 0.0004110 secs] 39819K->6417K(120960K), 0.0004380 secs] [Times: user=0.00 sys=0.00, real=0.00 secs] 
79.516: Total time for which application threads were stopped: 0.0005820 seconds, Stopping threads took: 0.0000840 seconds
79.701: Application time: 0.1852660 seconds
79.701: [GC79.701: [ParNew: 33801K->404K(37568K), 0.0004020 secs] 39825K->6436K(120960K), 0.0004250 secs] [Times: user=0.00 sys=0.00, real=0.00 secs] 
79.702: Total time for which application threads were stopped: 0.0005430 seconds, Stopping threads took: 0.0000590 seconds
79.883: Application time: 0.1818450 seconds
79.884: [GC79.884: [ParNew: 33812K->392K(37568K), 0.0004130 secs] 39844K->6423K(120960K), 0.0004400 secs] [Times: user=0.00 sys=0.00, real=0.00 secs] 
79.884: Total time for which application threads were stopped: 0.0005920 seconds, Stopping threads took: 0.0000810 seconds
80.068: Application time: 0.1841760 seconds
80.068: [GC80.068: [ParNew: 33800K->393K(37568K), 0.0004120 secs] 39831K->6424K(120960K), 0.0004410 secs] [Times: user=0.01 sys=0.00, real=0.00 secs] 
80.069: Total time for which application threads were stopped: 0.0005600 seconds, Stopping threads took: 0.0000570 seconds
80.254: Application time: 0.1848960 seconds
80.254: [GC80.254: [ParNew: 33801K->402K(37568K), 0.0003680 secs] 39832K->6442K(120960K), 0.0003920 secs] [Times: user=0.00 sys=0.00, real=0.00 secs] 
80.254: Total time for which application threads were stopped: 0.0005110 seconds, Stopping threads took: 0.0000590 seconds
80.440: Application time: 0.1862170 seconds
80.441: [GC80.441: [ParNew: 33810K->401K(37568K), 0.0004250 secs] 39850K->6465K(120960K), 0.0004530 secs] [Times: user=0.00 sys=0.00, real=0.00 secs] 
80.441: Total time for which application threads were stopped: 0.0006060 seconds, Stopping threads took: 0.0000810 seconds
80.623: Application time: 0.1816250 seconds
80.623: [GC80.623: [ParNew: 33809K->408K(37568K), 0.0003570 secs] 39873K->6471K(120960K), 0.0003810 secs] [Times: user=0.00 sys=0.00, real=0.00 secs] 
80.623: Total time for which application threads were stopped: 0.0004940 seconds, Stopping threads took: 0.0000520 seconds
80.807: Application time: 0.1835400 seconds
80.807: [GC80.807: [ParNew: 33816K->407K(37568K), 0.0003860 secs] 39879K->6470K(120960K), 0.0004140 secs] [Times: user=0.00 sys=0.00, real=0.00 secs] 
80.807: Total time for which application threads were stopped: 0.0005340 seconds, Stopping threads took: 0.0000560 seconds
80.992: Application time: 0.1852180 seconds
80.993: [GC80.993: [ParNew: 33815K->401K(37568K), 0.0004190 secs] 39878K->6480K(120960K), 0.0004470 secs] [Times: user=0.01 sys=0.00, real=0.00 secs] 
80.993: Total time for which application threads were stopped: 0.0005710 seconds, Stopping threads took: 0.0000500 seconds
81.179: Application time: 0.1855290 seconds
81.179: [GC81.179: [ParNew: 33809K->403K(37568K), 0.0004190 secs] 39888K->6499K(120960K), 0.0004440 secs] [Times: user=0.00 sys=0.00, real=0.00 secs] 
81.179: Total time for which application threads were stopped: 0.0005640 seconds, Stopping threads took: 0.0000600 seconds
81.362: Application time: 0.1831610 seconds
81.362: [GC81.362: [ParNew: 33811K->382K(37568K), 0.0003910 secs] 39907K->6477K(120960K), 0.0004180 secs] [Times: user=0.00 sys=0.00, real=0.00 secs] 
81.363: Total time for which application threads were stopped: 0.0005420 seconds, Stopping threads took: 0.0000530 seconds
81.546: Application time: 0.1829110 seconds
81.546: [GC81.546: [ParNew: 33790K->393K(37568K), 0.0003730 secs] 39885K->6488K(120960K), 0.0003960 secs] [Times: user=0.00 sys=0.00, real=0.00 secs] 
81.546: Total time for which application threads were stopped: 0.0005260 seconds, Stopping threads took: 0.0000590 seconds
81.732: Application time: 0.1858450 seconds
81.732: [GC81.732: [ParNew: 33801K->384K(37568K), 0.0003790 secs] 39896K->6479K(120960K), 0.0004070 secs] [Times: user=0.00 sys=0.00, real=0.00 secs] 
81.733: Total time for which application threads were stopped: 0.0005330 seconds, Stopping threads took: 0.0000610 seconds
81.918: Application time: 0.1852960 seconds
81.918: [GC81.918: [ParNew: 33792K->386K(37568K), 0.0004550 secs] 39887K->6489K(120960K), 0.0004820 secs] [Times: user=0.00 sys=0.00, real=0.00 secs] 
81.919: Total time for which application threads were stopped: 0.0006180 seconds, Stopping threads took: 0.0000730 seconds
82.103: Application time: 0.1841820 seconds
82.103: [GC82.103: [ParNew: 33794K->388K(37568K), 0.0004060 secs] 39897K->6491K(120960K), 0.0004290 secs] [Times: user=0.00 sys=0.00, real=0.00 secs] 
82.103: Total time for which application threads were stopped: 0.0005470 seconds, Stopping threads took: 0.0000510 seconds
82.285: Application time: 0.1821600 seconds
82.286: [GC82.286: [ParNew: 33796K->402K(37568K), 0.0003930 secs] 39899K->6505K(120960K), 0.0004180 secs] [Times: user=0.00 sys=0.00, real=0.00 secs] 
82.286: Total time for which application threads were stopped: 0.0005400 seconds, Stopping threads took: 0.0000640 seconds
82.471: Application time: 0.1850290 seconds
82.471: [GC82.471: [ParNew: 33810K->402K(37568K), 0.0004670 secs] 39913K->6505K(120960K), 0.0017240 secs] [Times: user=0.01 sys=0.00, real=0.00 secs] 
82.473: Total time for which application threads were stopped: 0.0018470 seconds, Stopping threads took: 0.0000600 seconds
82.657: Application time: 0.1836680 seconds
82.657: [GC82.657: [ParNew: 33810K->396K(37568K), 0.0004110 secs] 39913K->6507K(120960K), 0.0004370 secs] [Times: user=0.00 sys=0.00, real=0.00 secs] 
82.657: Total time for which application threads were stopped: 0.0005790 seconds, Stopping threads took: 0.0000680 seconds
82.843: Application time: 0.1857270 seconds
82.843: [GC82.843: [ParNew: 33804K->403K(37568K), 0.0004060 secs] 39915K->6523K(120960K), 0.0004380 secs] [Times: user=0.01 sys=0.00, real=0.00 secs] 
82.843: Total time for which application threads were stopped: 0.0005620 seconds, Stopping threads took: 0.0000630 seconds
83.024: Application time: 0.1806950 seconds
83.024: [GC83.024: [ParNew: 33811K->408K(37568K), 0.0003710 secs] 39931K->6527K(120960K), 0.0003990 secs] [Times: user=0.01 sys=0.00, real=0.00 secs] 
83.025: Total time for which application threads were stopped: 0.0005220 seconds, Stopping threads took: 0.0000580 seconds
83.210: Application time: 0.1848720 seconds
83.210: [GC83.210: [ParNew: 33816K->398K(37568K), 0.0005200 secs] 39935K->6517K(120960K), 0.0005450 secs] [Times: user=0.00 sys=0.00, real=0.00 secs] 
83.210: Total time for which application threads were stopped: 0.0006710 seconds, Stopping threads took: 0.0000540 seconds
83.394: Application time: 0.1842020 seconds
83.395: [GC83.395: [ParNew: 33806K->392K(37568K), 0.0004360 secs] 39925K->6520K(120960K), 0.0004620 secs] [Times: user=0.00 sys=0.00, real=0.00 secs] 
83.395: Total time for which application threads were stopped: 0.0005760 seconds, Stopping threads took: 0.0000530 seconds
83.581: Application time: 0.1857470 seconds
83.581: [GC83.581: [ParNew: 33800K->402K(37568K), 0.0003940 secs] 39928K->6537K(120960K), 0.0004200 secs] [Times: user=0.01 sys=0.00, real=0.00 secs] 
83.581: Total time for which application threads were stopped: 0.0005460 seconds, Stopping threads took: 0.0000660 seconds
83.762: Application time: 0.1803790 seconds
83.762: [GC83.762: [ParNew: 33810K->393K(37568K), 0.0003780 secs] 39945K->6529K(120960K), 0.0004160 secs] [Times: user=0.01 sys=0.00, real=0.00 secs] 
83.762: Total time for which application threads were stopped: 0.0005450 seconds, Stopping threads took: 0.0000510 seconds
83.946: Application time: 0.1842250 seconds
83.947: [GC83.947: [ParNew: 33801K->400K(37568K), 0.0004920 secs] 39937K->6535K(120960K), 0.0005190 secs] [Times: user=0.00 sys=0.00, real=0.00 secs] 
83.947: Total time for which application threads were stopped: 0.0006470 seconds, Stopping threads took: 0.0000640 seconds
84.131: Application time: 0.1838640 seconds
84.131: [GC84.131: [ParNew: 33808K->387K(37568K), 0.0003690 secs] 39943K->6538K(120960K), 0.0003940 secs] [Times: user=0.00 sys=0.00, real=0.00 secs] 
84.131: Total time for which application threads were stopped: 0.0005130 seconds, Stopping threads took: 0.0000590 seconds
84.316: Application time: 0.1849480 seconds
84.317: [GC84.317: [ParNew: 33795K->388K(37568K), 0.0004500 secs] 39946K->6547K(120960K), 0.0004780 secs] [Times: user=0.00 sys=0.00, real=0.00 secs] 
84.317: Total time for which application threads were stopped: 0.0006120 seconds, Stopping threads took: 0.0000610 seconds
84.500: Application time: 0.1829600 seconds
84.500: [GC84.500: [ParNew: 33796K->396K(37568K), 0.0003980 secs] 39955K->6556K(120960K), 0.0004230 secs] [Times: user=0.01 sys=0.00, real=0.00 secs] 
84.501: Total time for which application threads were stopped: 0.0005420 seconds, Stopping threads took: 0.0000580 seconds
84.683: Application time: 0.1829510 seconds
84.684: [GC84.684: [ParNew: 33804K->393K(37568K), 0.0003980 secs] 39964K->6552K(120960K), 0.0004220 secs] [Times: user=0.01 sys=0.00, real=0.00 secs] 
84.684: Total time for which application threads were stopped: 0.0005520 seconds, Stopping threads took: 0.0000680 seconds
84.869: Application time: 0.1850120 seconds
84.869: [GC84.869: [ParNew: 33801K->396K(37568K), 0.0004100 secs] 39960K->6564K(120960K), 0.0004390 secs] [Times: user=0.01 sys=0.00, real=0.00 secs] 
84.870: Total time for which application threads were stopped: 0.0005810 seconds, Stopping threads took: 0.0000660 seconds
85.055: Application time: 0.1848860 seconds
85.058: [GC85.058: [ParNew: 33804K->399K(37568K), 0.0004690 secs] 39972K->6582K(120960K), 0.0004980 secs] [Times: user=0.00 sys=0.00, real=0.00 secs] 
85.059: Total time for which application threads were stopped: 0.0044080 seconds, Stopping threads took: 0.0038450 seconds
85.243: Application time: 0.1836690 seconds
85.243: [GC85.243: [ParNew: 33807K->387K(37568K), 0.0004360 secs] 39990K->6571K(120960K), 0.0004630 secs] [Times: user=0.00 sys=0.00, real=0.00 secs] 
85.243: Total time for which application threads were stopped: 0.0006070 seconds, Stopping threads took: 0.0000830 seconds
85.425: Application time: 0.1822470 seconds
85.426: [GC85.426: [ParNew: 33795K->391K(37568K), 0.0004310 secs] 39979K->6574K(120960K), 0.0004580 secs] [Times: user=0.00 sys=0.00, real=0.00 secs] 
85.426: Total time for which application threads were stopped: 0.0006200 seconds, Stopping threads took: 0.0000860 seconds
85.611: Application time: 0.1853650 seconds
85.612: [GC85.612: [ParNew: 33799K->394K(37568K), 0.0004770 secs] 39982K->6577K(120960K), 0.0005020 secs] [Times: user=0.01 sys=0.00, real=0.00 secs] 
85.612: Total time for which application threads were stopped: 0.0006260 seconds, Stopping threads took: 0.0000640 seconds
85.796: Application time: 0.1844090 seconds
85.797: [GC85.797: [ParNew: 33802K->399K(37568K), 0.0004850 secs] 39985K->6590K(120960K), 0.0005120 secs] [Times: user=0.00 sys=0.00, real=0.00 secs] 
85.797: Total time for which application threads were stopped: 0.0006590 seconds, Stopping threads took: 0.0000830 seconds
85.982: Application time: 0.1846470 seconds
85.982: [GC85.982: [ParNew: 33807K->399K(37568K), 0.0004210 secs] 39998K->6598K(120960K), 0.0004490 secs] [Times: user=0.01 sys=0.00, real=0.00 secs] 
85.982: Total time for which application threads were stopped: 0.0005790 seconds, Stopping threads took: 0.0000610 seconds
86.164: Application time: 0.1811760 seconds
86.164: [GC86.164: [ParNew: 33807K->404K(37568K), 0.0003720 secs] 40006K->6603K(120960K), 0.0004000 secs] [Times: user=0.00 sys=0.00, real=0.00 secs] 
86.164: Total time for which application threads were stopped: 0.0005150 seconds, Stopping threads took: 0.0000520 seconds
86.350: Application time: 0.1856440 seconds
86.350: [GC86.350: [ParNew: 33812K->394K(37568K), 0.0004090 secs] 40011K->6593K(120960K), 0.0004360 secs] [Times: user=0.00 sys=0.00, real=0.00 secs] 
86.350: Total time for which application threads were stopped: 0.0005520 seconds, Stopping threads took: 0.0000530 seconds
86.535: Application time: 0.1852190 seconds
86.536: [GC86.536: [ParNew: 33802K->395K(37568K), 0.0004030 secs] 40001K->6602K(120960K), 0.0004320 secs] [Times: user=0.00 sys=0.00, real=0.00 secs] 
86.536: Total time for which application threads were stopped: 0.0005650 seconds, Stopping threads took: 0.0000620 seconds
86.721: Application time: 0.1851530 seconds
86.721: [GC86.721: [ParNew: 33803K->396K(37568K), 0.0004420 secs] 40010K->6612K(120960K), 0.0004700 secs] [Times: user=0.00 sys=0.00, real=0.00 secs] 
86.722: Total time for which application threads were stopped: 0.0005900 seconds, Stopping threads took: 0.0000570 seconds
86.903: Application time: 0.1814560 seconds
86.903: [GC86.903: [ParNew: 33804K->396K(37568K), 0.0003940 secs] 40020K->6611K(120960K), 0.0004190 secs] [Times: user=0.01 sys=0.00, real=0.00 secs] 
86.904: Total time for which application threads were stopped: 0.0005350 seconds, Stopping threads took: 0.0000570 seconds
87.089: Application time: 0.1852290 seconds
87.089: [GC87.089: [ParNew: 33804K->396K(37568K), 0.0003660 secs] 40019K->6611K(120960K), 0.0003910 secs] [Times: user=0.00 sys=0.00, real=0.00 secs] 
87.090: Total time for which application threads were stopped: 0.0005190 seconds, Stopping threads took: 0.0000580 seconds
87.274: Application time: 0.1843820 seconds
87.274: [GC87.274: [ParNew: 33804K->396K(37568K), 0.0004160 secs] 40019K->6635K(120960K), 0.0004460 secs] [Times: user=0.00 sys=0.00, real=0.01 secs] 
87.275: Total time for which application threads were stopped: 0.0005920 seconds, Stopping threads took: 0.0000810 seconds
87.460: Application time: 0.1859210 seconds
87.461: [GC87.461: [ParNew: 33804K->399K(37568K), 0.0004290 secs] 40043K->6647K(120960K), 0.0004540 secs] [Times: user=0.01 sys=0.00, real=0.00 secs] 
87.461: Total time for which application threads were stopped: 0.0005680 seconds, Stopping threads took: 0.0000530 seconds
87.644: Application time: 0.1826710 seconds
87.644: [GC87.644: [ParNew: 33807K->395K(37568K), 0.0018640 secs] 40055K->6642K(120960K), 0.0018950 secs] [Times: user=0.00 sys=0.00, real=0.00 secs] 
87.646: Total time for which application threads were stopped: 0.0020190 seconds, Stopping threads took: 0.0000530 seconds
87.829: Application time: 0.1836570 seconds
87.829: [GC87.830: [ParNew: 33803K->385K(37568K), 0.0004110 secs] 40050K->6632K(120960K), 0.0004370 secs] [Times: user=0.00 sys=0.00, real=0.00 secs] 
87.830: Total time for which application threads were stopped: 0.0005660 seconds, Stopping threads took: 0.0000630 seconds
88.015: Application time: 0.1853490 seconds
88.015: [GC88.015: [ParNew: 33793K->393K(37568K), 0.0004040 secs] 40040K->6648K(120960K), 0.0004300 secs] [Times: user=0.01 sys=0.00, real=0.00 secs] 
88.016: Total time for which application threads were stopped: 0.0005560 seconds, Stopping threads took: 0.0000660 seconds
88.201: Application time: 0.1855420 seconds
88.202: [GC88.202: [ParNew: 33801K->394K(37568K), 0.0004350 secs] 40056K->6657K(120960K), 0.0004610 secs] [Times: user=0.00 sys=0.00, real=0.00 secs] 
88.202: Total time for which application threads were stopped: 0.0005940 seconds, Stopping threads took: 0.0000620 seconds
88.385: Application time: 0.1833680 seconds
88.385: [GC88.385: [ParNew: 33802K->392K(37568K), 0.0003910 secs] 40065K->6655K(120960K), 0.0004180 secs] [Times: user=0.01 sys=0.00, real=0.00 secs] 
88.386: Total time for which application threads were stopped: 0.0005340 seconds, Stopping threads took: 0.0000510 seconds
88.569: Application time: 0.1828260 seconds
88.569: [GC88.569: [ParNew: 33800K->395K(37568K), 0.0003960 secs] 40063K->6658K(120960K), 0.0004320 secs] [Times: user=0.00 sys=0.00, real=0.00 secs] 
88.569: Total time for which application threads were stopped: 0.0005520 seconds, Stopping threads took: 0.0000580 seconds
88.755: Application time: 0.1856320 seconds
88.755: [GC88.755: [ParNew: 33803K->399K(37568K), 0.0003870 secs] 40066K->6662K(120960K), 0.0004150 secs] [Times: user=0.00 sys=0.00, real=0.00 secs] 
88.755: Total time for which application threads were stopped: 0.0005690 seconds, Stopping threads took: 0.0000750 seconds
88.940: Application time: 0.1844320 seconds
88.940: [GC88.940: [ParNew: 33807K->402K(37568K), 0.0003840 secs] 40070K->6690K(120960K), 0.0004100 secs] [Times: user=0.01 sys=0.00, real=0.00 secs] 
88.940: Total time for which application threads were stopped: 0.0005550 seconds, Stopping threads took: 0.0000860 seconds
89.126: Application time: 0.1855290 seconds
89.126: [GC89.126: [ParNew: 33810K->387K(37568K), 0.0004300 secs] 40098K->6675K(120960K), 0.0004540 secs] [Times: user=0.00 sys=0.00, real=0.01 secs] 
89.127: Total time for which application threads were stopped: 0.0005640 seconds, Stopping threads took: 0.0000520 seconds
89.308: Application time: 0.1809490 seconds
89.308: [GC89.308: [ParNew: 33795K->394K(37568K), 0.0004430 secs] 40083K->6681K(120960K), 0.0004670 secs] [Times: user=0.00 sys=0.00, real=0.00 secs] 
89.308: Total time for which application threads were stopped: 0.0005930 seconds, Stopping threads took: 0.0000590 seconds
89.494: Application time: 0.1861030 seconds
89.494: [GC89.494: [ParNew: 33802K->402K(37568K), 0.0004050 secs] 40089K->6689K(120960K), 0.0004310 secs] [Times: user=0.00 sys=0.00, real=0.00 secs] 
89.495: Total time for which application threads were stopped: 0.0005630 seconds, Stopping threads took: 0.0000720 seconds
89.680: Application time: 0.1848140 seconds
89.680: [GC89.680: [ParNew: 33810K->407K(37568K), 0.0003840 secs] 40097K->6710K(120960K), 0.0004090 secs] [Times: user=0.01 sys=0.00, real=0.00 secs] 
89.680: Total time for which application threads were stopped: 0.0005360 seconds, Stopping threads took: 0.0000680 seconds
89.865: Application time: 0.1852050 seconds
89.865: [GC89.865: [ParNew: 33815K->402K(37568K), 0.0003780 secs] 40118K->6721K(120960K), 0.0004020 secs] [Times: user=0.01 sys=0.00, real=0.00 secs] 
89.866: Total time for which application threads were stopped: 0.0005390 seconds, Stopping threads took: 0.0000630 seconds
90.049: Application time: 0.1829740 seconds
90.049: [GC90.049: [ParNew: 33810K->397K(37568K), 0.0003810 secs] 40129K->6717K(120960K), 0.0004040 secs] [Times: user=0.00 sys=0.00, real=0.00 secs] 
90.049: Total time for which application threads were stopped: 0.0005100 seconds, Stopping threads took: 0.0000480 seconds
90.234: Application time: 0.1848680 seconds
90.238: [GC90.238: [ParNew: 33805K->401K(37568K), 0.0004690 secs] 40125K->6720K(120960K), 0.0004990 secs] [Times: user=0.00 sys=0.00, real=0.00 secs] 
90.239: Total time for which application threads were stopped: 0.0046750 seconds, Stopping threads took: 0.0041070 seconds
90.423: Application time: 0.1841510 seconds
90.423: [GC90.423: [ParNew: 33809K->386K(37568K), 0.0004550 secs] 40128K->6713K(120960K), 0.0004810 secs] [Times: user=0.00 sys=0.00, real=0.00 secs] 
90.424: Total time for which application threads were stopped: 0.0006050 seconds, Stopping threads took: 0.0000500 seconds
90.609: Application time: 0.1849830 seconds
90.610: [GC90.610: [ParNew: 33794K->400K(37568K), 0.0004180 secs] 40121K->6735K(120960K), 0.0004440 secs] [Times: user=0.00 sys=0.00, real=0.00 secs] 
90.611: Total time for which application threads were stopped: 0.0021910 seconds, Stopping threads took: 0.0016830 seconds
90.793: Application time: 0.1820360 seconds
90.793: [GC90.793: [ParNew: 33808K->387K(37568K), 0.0003980 secs] 40143K->6723K(120960K), 0.0004250 secs] [Times: user=0.00 sys=0.00, real=0.00 secs] 
90.793: Total time for which application threads were stopped: 0.0005430 seconds, Stopping threads took: 0.0000540 seconds
90.977: Application time: 0.1836180 seconds
90.977: [GC90.977: [ParNew: 33795K->396K(37568K), 0.0004030 secs] 40131K->6731K(120960K), 0.0004370 secs] [Times: user=0.00 sys=0.00, real=0.00 secs] 
90.978: Total time for which application threads were stopped: 0.0005670 seconds, Stopping threads took: 0.0000550 seconds
91.163: Application time: 0.1849000 seconds
91.163: [GC91.163: [ParNew: 33804K->396K(37568K), 0.0004080 secs] 40139K->6747K(120960K), 0.0004370 secs] [Times: user=0.00 sys=0.00, real=0.00 secs] 
91.163: Total time for which application threads were stopped: 0.0005590 seconds, Stopping threads took: 0.0000590 seconds
91.348: Application time: 0.1852470 seconds
91.348: [GC91.348: [ParNew: 33804K->394K(37568K), 0.0004780 secs] 40155K->6769K(120960K), 0.0005060 secs] [Times: user=0.00 sys=0.00, real=0.00 secs] 
91.349: Total time for which application threads were stopped: 0.0006560 seconds, Stopping threads took: 0.0000870 seconds
91.532: Application time: 0.1832540 seconds
91.532: [GC91.532: [ParNew: 33802K->395K(37568K), 0.0004140 secs] 40177K->6770K(120960K), 0.0004420 secs] [Times: user=0.00 sys=0.00, real=0.00 secs] 
91.533: Total time for which application threads were stopped: 0.0005660 seconds, Stopping threads took: 0.0000530 seconds
91.716: Application time: 0.1827230 seconds
91.716: [GC91.716: [ParNew: 33803K->404K(37568K), 0.0003780 secs] 40178K->6780K(120960K), 0.0004070 secs] [Times: user=0.00 sys=0.00, real=0.00 secs] 
91.716: Total time for which application threads were stopped: 0.0005570 seconds, Stopping threads took: 0.0000870 seconds
91.901: Application time: 0.1853290 seconds
91.902: [GC91.902: [ParNew: 33812K->403K(37568K), 0.0003920 secs] 40188K->6778K(120960K), 0.0004240 secs] [Times: user=0.00 sys=0.00, real=0.00 secs] 
91.902: Total time for which application threads were stopped: 0.0005500 seconds, Stopping threads took: 0.0000630 seconds
92.087: Application time: 0.1845700 seconds
92.087: [GC92.087: [ParNew: 33811K->407K(37568K), 0.0003600 secs] 40186K->6799K(120960K), 0.0003860 secs] [Times: user=0.00 sys=0.00, real=0.00 secs] 
92.087: Total time for which application threads were stopped: 0.0005110 seconds, Stopping threads took: 0.0000550 seconds
92.271: Application time: 0.1844120 seconds
92.272: [GC92.272: [ParNew: 33815K->376K(37568K), 0.0003940 secs] 40207K->6767K(120960K), 0.0004200 secs] [Times: user=0.00 sys=0.00, real=0.00 secs] 
92.272: Total time for which application threads were stopped: 0.0005460 seconds, Stopping threads took: 0.0000650 seconds
92.453: Application time: 0.1806080 seconds
92.453: [GC92.453: [ParNew: 33784K->398K(37568K), 0.0003610 secs] 40175K->6789K(120960K), 0.0003870 secs] [Times: user=0.00 sys=0.00, real=0.00 secs] 
92.453: Total time for which application threads were stopped: 0.0005180 seconds, Stopping threads took: 0.0000720 seconds
92.639: Application time: 0.1854080 seconds
92.639: [GC92.639: [ParNew: 33806K->401K(37568K), 0.0004040 secs] 40197K->6792K(120960K), 0.0004290 secs] [Times: user=0.01 sys=0.00, real=0.00 secs] 
92.639: Total time for which application threads were stopped: 0.0005550 seconds, Stopping threads took: 0.0000560 seconds
92.824: Application time: 0.1852570 seconds
92.824: [GC92.824: [ParNew: 33809K->399K(37568K), 0.0004060 secs] 40200K->6806K(120960K), 0.0004270 secs] [Times: user=0.00 sys=0.00, real=0.00 secs] 
92.825: Total time for which application threads were stopped: 0.0005420 seconds, Stopping threads took: 0.0000570 seconds
93.011: Application time: 0.1856750 seconds
93.011: [GC93.011: [ParNew: 33807K->400K(37568K), 0.0003990 secs] 40214K->6815K(120960K), 0.0004270 secs] [Times: user=0.00 sys=0.00, real=0.00 secs] 
93.011: Total time for which application threads were stopped: 0.0005450 seconds, Stopping threads took: 0.0000540 seconds
93.195: Application time: 0.1834650 seconds
93.195: [GC93.195: [ParNew: 33808K->391K(37568K), 0.0004010 secs] 40223K->6806K(120960K), 0.0004240 secs] [Times: user=0.00 sys=0.00, real=0.00 secs] 
93.195: Total time for which application threads were stopped: 0.0005430 seconds, Stopping threads took: 0.0000500 seconds
93.380: Application time: 0.1851020 seconds
93.380: [GC93.380: [ParNew: 33799K->400K(37568K), 0.0004410 secs] 40214K->6816K(120960K), 0.0004750 secs] [Times: user=0.01 sys=0.00, real=0.00 secs] 
93.381: Total time for which application threads were stopped: 0.0005910 seconds, Stopping threads took: 0.0000550 seconds
93.566: Application time: 0.1851560 seconds
93.566: [GC93.566: [ParNew: 33808K->402K(37568K), 0.0004020 secs] 40224K->6825K(120960K), 0.0004270 secs] [Times: user=0.01 sys=0.00, real=0.01 secs] 
93.567: Total time for which application threads were stopped: 0.0005450 seconds, Stopping threads took: 0.0000570 seconds
93.757: Application time: 0.1900060 seconds
93.757: [GC93.757: [ParNew: 33810K->397K(37568K), 0.0004620 secs] 40233K->6828K(120960K), 0.0004860 secs] [Times: user=0.01 sys=0.00, real=0.00 secs] 
93.757: Total time for which application threads were stopped: 0.0006130 seconds, Stopping threads took: 0.0000570 seconds
93.964: Application time: 0.2064590 seconds
93.964: [GC93.964: [ParNew: 33805K->393K(37568K), 0.0004840 secs] 40236K->6824K(120960K), 0.0005080 secs] [Times: user=0.00 sys=0.00, real=0.00 secs] 
93.964: Total time for which application threads were stopped: 0.0006440 seconds, Stopping threads took: 0.0000740 seconds
94.168: Application time: 0.2036310 seconds
94.168: [GC94.168: [ParNew: 33801K->391K(37568K), 0.0004740 secs] 40232K->6822K(120960K), 0.0005000 secs] [Times: user=0.00 sys=0.00, real=0.00 secs] 
94.169: Total time for which application threads were stopped: 0.0006250 seconds, Stopping threads took: 0.0000650 seconds
94.371: Application time: 0.2024010 seconds
94.371: [GC94.371: [ParNew: 33799K->395K(37568K), 0.0004460 secs] 40230K->6834K(120960K), 0.0004740 secs] [Times: user=0.00 sys=0.00, real=0.00 secs] 
94.372: Total time for which application threads were stopped: 0.0006310 seconds, Stopping threads took: 0.0000820 seconds
94.575: Application time: 0.2033100 seconds
94.575: [GC94.575: [ParNew: 33803K->389K(37568K), 0.0003930 secs] 40242K->6844K(120960K), 0.0004240 secs] [Times: user=0.00 sys=0.00, real=0.00 secs] 
94.575: Total time for which application threads were stopped: 0.0005670 seconds, Stopping threads took: 0.0000770 seconds
94.776: Application time: 0.2007150 seconds
94.776: [GC94.776: [ParNew: 33797K->393K(37568K), 0.0004430 secs] 40252K->6849K(120960K), 0.0004690 secs] [Times: user=0.00 sys=0.00, real=0.00 secs] 
94.777: Total time for which application threads were stopped: 0.0005880 seconds, Stopping threads took: 0.0000570 seconds
94.979: Application time: 0.2020580 seconds
94.979: [GC94.979: [ParNew: 33801K->406K(37568K), 0.0004810 secs] 40257K->6861K(120960K), 0.0005080 secs] [Times: user=0.00 sys=0.00, real=0.00 secs] 
94.979: Total time for which application threads were stopped: 0.0006390 seconds, Stopping threads took: 0.0000570 seconds
95.184: Application time: 0.2041220 seconds
95.184: [GC95.184: [ParNew: 33814K->403K(37568K), 0.0003790 secs] 40269K->6875K(120960K), 0.0004100 secs] [Times: user=0.00 sys=0.00, real=0.00 secs] 
95.184: Total time for which application threads were stopped: 0.0005460 seconds, Stopping threads took: 0.0000710 seconds
95.387: Application time: 0.2027110 seconds
95.387: [GC95.387: [ParNew: 33811K->400K(37568K), 0.0004650 secs] 40283K->6888K(120960K), 0.0004910 secs] [Times: user=0.01 sys=0.00, real=0.00 secs] 
95.387: Total time for which application threads were stopped: 0.0006200 seconds, Stopping threads took: 0.0000660 seconds
95.590: Application time: 0.2026460 seconds
95.590: [GC95.590: [ParNew: 33808K->400K(37568K), 0.0004030 secs] 40296K->6887K(120960K), 0.0004330 secs] [Times: user=0.00 sys=0.00, real=0.00 secs] 
95.591: Total time for which application threads were stopped: 0.0005790 seconds, Stopping threads took: 0.0000670 seconds
95.790: Application time: 0.1996190 seconds
95.790: [GC95.790: [ParNew: 33808K->399K(37568K), 0.0004070 secs] 40295K->6886K(120960K), 0.0004330 secs] [Times: user=0.00 sys=0.00, real=0.00 secs] 
95.791: Total time for which application threads were stopped: 0.0005520 seconds, Stopping threads took: 0.0000550 seconds
95.995: Application time: 0.2037400 seconds
95.995: [GC95.995: [ParNew: 33807K->395K(37568K), 0.0004630 secs] 40294K->6883K(120960K), 0.0005020 secs] [Times: user=0.00 sys=0.00, real=0.00 secs] 
95.995: Total time for which application threads were stopped: 0.0006520 seconds, Stopping threads took: 0.0000830 seconds
96.198: Application time: 0.2025320 seconds
96.198: [GC96.198: [ParNew: 33803K->393K(37568K), 0.0004850 secs] 40291K->6889K(120960K), 0.0005130 secs] [Times: user=0.00 sys=0.00, real=0.00 secs] 
96.198: Total time for which application threads were stopped: 0.0006450 seconds, Stopping threads took: 0.0000600 seconds
96.402: Application time: 0.2037580 seconds
96.402: [GC96.402: [ParNew: 33801K->394K(37568K), 0.0003870 secs] 40297K->6905K(120960K), 0.0004100 secs] [Times: user=0.00 sys=0.00, real=0.00 secs] 
96.403: Total time for which application threads were stopped: 0.0005350 seconds, Stopping threads took: 0.0000590 seconds
96.602: Application time: 0.1991920 seconds
96.602: [GC96.602: [ParNew: 33802K->403K(37568K), 0.0004260 secs] 40313K->6914K(120960K), 0.0004540 secs] [Times: user=0.00 sys=0.00, real=0.00 secs] 
96.603: Total time for which application threads were stopped: 0.0005780 seconds, Stopping threads took: 0.0000600 seconds
96.806: Application time: 0.2034170 seconds
96.806: [GC96.806: [ParNew: 33811K->391K(37568K), 0.0004170 secs] 40322K->6902K(120960K), 0.0004450 secs] [Times: user=0.00 sys=0.00, real=0.01 secs] 
96.807: Total time for which application threads were stopped: 0.0005980 seconds, Stopping threads took: 0.0000760 seconds
97.009: Application time: 0.2023360 seconds
97.009: [GC97.009: [ParNew: 33799K->396K(37568K), 0.0004120 secs] 40310K->6923K(120960K), 0.0004410 secs] [Times: user=0.00 sys=0.00, real=0.00 secs] 
97.009: Total time for which application threads were stopped: 0.0005700 seconds, Stopping threads took: 0.0000660 seconds
97.213: Application time: 0.2036700 seconds
97.213: [GC97.213: [ParNew: 33804K->387K(37568K), 0.0004990 secs] 40331K->6930K(120960K), 0.0005270 secs] [Times: user=0.00 sys=0.00, real=0.00 secs] 
97.214: Total time for which application threads were stopped: 0.0006590 seconds, Stopping threads took: 0.0000650 seconds
97.414: Application time: 0.2004620 seconds
97.414: [GC97.414: [ParNew: 33795K->388K(37568K), 0.0004780 secs] 40338K->6931K(120960K), 0.0005090 secs] [Times: user=0.00 sys=0.00, real=0.00 secs] 
97.415: Total time for which application threads were stopped: 0.0006780 seconds, Stopping threads took: 0.0000930 seconds
97.619: Application time: 0.2036930 seconds
97.619: [GC97.619: [ParNew: 33796K->394K(37568K), 0.0004500 secs] 40339K->6937K(120960K), 0.0004760 secs] [Times: user=0.00 sys=0.00, real=0.00 secs] 
97.619: Total time for which application threads were stopped: 0.0006020 seconds, Stopping threads took: 0.0000600 seconds
97.811: Application time: 0.1919610 seconds
97.814: [GC97.814: [ParNew: 33802K->392K(37568K), 0.0005590 secs] 40345K->6943K(120960K), 0.0005850 secs] [Times: user=0.00 sys=0.00, real=0.00 secs] 
97.815: Total time for which application threads were stopped: 0.0038200 seconds, Stopping threads took: 0.0031560 seconds
98.001: Application time: 0.1855930 seconds
98.001: [GC98.001: [ParNew: 33800K->399K(37568K), 0.0004200 secs] 40351K->6974K(120960K), 0.0015870 secs] [Times: user=0.00 sys=0.00, real=0.00 secs] 
98.002: Total time for which application threads were stopped: 0.0017190 seconds, Stopping threads took: 0.0000620 seconds
98.186: Application time: 0.1837690 seconds
98.186: [GC98.186: [ParNew: 33807K->392K(37568K), 0.0004660 secs] 40382K->6967K(120960K), 0.0004910 secs] [Times: user=0.00 sys=0.01, real=0.01 secs] 
98.187: Total time for which application threads were stopped: 0.0006030 seconds, Stopping threads took: 0.0000540 seconds
98.370: Application time: 0.1832010 seconds
98.370: [GC98.370: [ParNew: 33800K->394K(37568K), 0.0003940 secs] 40375K->6969K(120960K), 0.0004240 secs] [Times: user=0.00 sys=0.01, real=0.00 secs] 
98.370: Total time for which application threads were stopped: 0.0005550 seconds, Stopping threads took: 0.0000590 seconds
98.555: Application time: 0.1850360 seconds
98.556: [GC98.556: [ParNew: 33802K->398K(37568K), 0.0004240 secs] 40377K->6989K(120960K), 0.0004520 secs] [Times: user=0.00 sys=0.00, real=0.00 secs] 
98.556: Total time for which application threads were stopped: 0.0005770 seconds, Stopping threads took: 0.0000530 seconds
98.741: Application time: 0.1850740 seconds
98.741: [GC98.741: [ParNew: 33806K->400K(37568K), 0.0003770 secs] 40397K->6999K(120960K), 0.0004080 secs] [Times: user=0.00 sys=0.00, real=0.00 secs] 
98.742: Total time for which application threads were stopped: 0.0005260 seconds, Stopping threads took: 0.0000550 seconds
98.925: Application time: 0.1832740 seconds
98.925: [GC98.925: [ParNew: 33808K->384K(37568K), 0.0004390 secs] 40407K->6983K(120960K), 0.0004640 secs] [Times: user=0.01 sys=0.00, real=0.00 secs] 
98.926: Total time for which application threads were stopped: 0.0005830 seconds, Stopping threads took: 0.0000590 seconds
99.108: Application time: 0.1824360 seconds
99.108: [GC99.108: [ParNew: 33792K->396K(37568K), 0.0004160 secs] 40391K->6996K(120960K), 0.0004420 secs] [Times: user=0.01 sys=0.00, real=0.00 secs] 
99.109: Total time for which application threads were stopped: 0.0005610 seconds, Stopping threads took: 0.0000500 seconds
99.294: Application time: 0.1855380 seconds
99.294: [GC99.294: [ParNew: 33804K->403K(37568K), 0.0004200 secs] 40404K->7002K(120960K), 0.0004490 secs] [Times: user=0.00 sys=0.00, real=0.01 secs] 
99.295: Total time for which application threads were stopped: 0.0005800 seconds, Stopping threads took: 0.0000680 seconds
99.479: Application time: 0.1847450 seconds
99.480: [GC99.480: [ParNew: 33811K->380K(37568K), 0.0003910 secs] 40410K->6995K(120960K), 0.0004150 secs] [Times: user=0.00 sys=0.00, real=0.00 secs] 
99.480: Total time for which application threads were stopped: 0.0005310 seconds, Stopping threads took: 0.0000580 seconds
99.665: Application time: 0.1847410 seconds
99.665: [GC99.665: [ParNew: 33788K->397K(37568K), 0.0004150 secs] 40403K->7029K(120960K), 0.0004410 secs] [Times: user=0.00 sys=0.00, real=0.00 secs] 
99.665: Total time for which application threads were stopped: 0.0005680 seconds, Stopping threads took: 0.0000520 seconds
99.846: Application time: 0.1806580 seconds
99.846: [GC99.846: [ParNew: 33805K->402K(37568K), 0.0003790 secs] 40437K->7033K(120960K), 0.0004060 secs] [Times: user=0.01 sys=0.00, real=0.01 secs] 
99.846: Total time for which application threads were stopped: 0.0005230 seconds, Stopping threads took: 0.0000560 seconds
100.031: Application time: 0.1844590 seconds
100.031: [GC100.031: [ParNew: 33810K->395K(37568K), 0.0004640 secs] 40441K->7026K(120960K), 0.0004880 secs] [Times: user=0.00 sys=0.00, real=0.00 secs] 
100.032: Total time for which application threads were stopped: 0.0006130 seconds, Stopping threads took: 0.0000660 seconds
100.217: Application time: 0.1850950 seconds
100.217: [GC100.217: [ParNew: 33803K->392K(37568K), 0.0004580 secs] 40434K->7047K(120960K), 0.0004870 secs] [Times: user=0.00 sys=0.00, real=0.00 secs] 
100.217: Total time for which application threads were stopped: 0.0006220 seconds, Stopping threads took: 0.0000630 seconds
100.402: Application time: 0.1844840 seconds
100.402: [GC100.402: [ParNew: 33800K->399K(37568K), 0.0004630 secs] 40455K->7070K(120960K), 0.0004890 secs] [Times: user=0.00 sys=0.00, real=0.00 secs] 
100.402: Total time for which application threads were stopped: 0.0006550 seconds, Stopping threads took: 0.0001060 seconds
100.583: Application time: 0.1805080 seconds
100.583: [GC100.583: [ParNew: 33807K->399K(37568K), 0.0003960 secs] 40478K->7070K(120960K), 0.0004220 secs] [Times: user=0.00 sys=0.00, real=0.00 secs] 
100.583: Total time for which application threads were stopped: 0.0005640 seconds, Stopping threads took: 0.0000810 seconds
100.769: Application time: 0.1853030 seconds
100.769: [GC100.769: [ParNew: 33807K->397K(37568K), 0.0003670 secs] 40478K->7069K(120960K), 0.0003960 secs] [Times: user=0.00 sys=0.00, real=0.00 secs] 
100.769: Total time for which application threads were stopped: 0.0005370 seconds, Stopping threads took: 0.0000580 seconds
100.955: Application time: 0.1855110 seconds
100.955: [GC100.955: [ParNew: 33805K->399K(37568K), 0.0003780 secs] 40477K->7086K(120960K), 0.0004060 secs] [Times: user=0.00 sys=0.00, real=0.00 secs] 
100.955: Total time for which application threads were stopped: 0.0005200 seconds, Stopping threads took: 0.0000520 seconds
101.140: Application time: 0.1851300 seconds
101.141: [GC101.141: [ParNew: 33807K->399K(37568K), 0.0003960 secs] 40494K->7095K(120960K), 0.0004220 secs] [Times: user=0.00 sys=0.00, real=0.00 secs] 
101.141: Total time for which application threads were stopped: 0.0005430 seconds, Stopping threads took: 0.0000580 seconds
101.324: Application time: 0.1828190 seconds
101.324: [GC101.324: [ParNew: 33807K->401K(37568K), 0.0003800 secs] 40503K->7097K(120960K), 0.0004060 secs] [Times: user=0.00 sys=0.00, real=0.00 secs] 
101.324: Total time for which application threads were stopped: 0.0005250 seconds, Stopping threads took: 0.0000500 seconds
101.508: Application time: 0.1833810 seconds
101.508: [GC101.508: [ParNew: 33809K->399K(37568K), 0.0004600 secs] 40505K->7095K(120960K), 0.0004860 secs] [Times: user=0.00 sys=0.00, real=0.00 secs] 
101.508: Total time for which application threads were stopped: 0.0006160 seconds, Stopping threads took: 0.0000650 seconds
101.692: Application time: 0.1836420 seconds
101.692: [GC101.692: [ParNew: 33807K->400K(37568K), 0.0004550 secs] 40503K->7103K(120960K), 0.0004820 secs] [Times: user=0.01 sys=0.00, real=0.00 secs] 
101.693: Total time for which application threads were stopped: 0.0005980 seconds, Stopping threads took: 0.0000530 seconds
101.896: Application time: 0.2030910 seconds
101.896: [GC101.896: [ParNew: 33808K->400K(37568K), 0.0004590 secs] 40511K->7119K(120960K), 0.0004830 secs] [Times: user=0.00 sys=0.00, real=0.00 secs] 
101.896: Total time for which application threads were stopped: 0.0006250 seconds, Stopping threads took: 0.0000670 seconds
102.098: Application time: 0.2012560 seconds
102.098: [GC102.098: [ParNew: 33808K->400K(37568K), 0.0003440 secs] 40527K->7119K(120960K), 0.0003690 secs] [Times: user=0.00 sys=0.00, real=0.00 secs] 
102.098: Total time for which application threads were stopped: 0.0004890 seconds, Stopping threads took: 0.0000600 seconds
102.299: Application time: 0.2009850 seconds
102.299: [GC102.299: [ParNew: 33808K->393K(37568K), 0.0004880 secs] 40527K->7113K(120960K), 0.0005160 secs] [Times: user=0.00 sys=0.00, real=0.00 secs] 
102.300: Total time for which application threads were stopped: 0.0006370 seconds, Stopping threads took: 0.0000550 seconds
102.504: Application time: 0.2046060 seconds
102.504: [GC102.504: [ParNew: 33801K->399K(37568K), 0.0004760 secs] 40521K->7118K(120960K), 0.0005010 secs] [Times: user=0.01 sys=0.00, real=0.00 secs] 
102.505: Total time for which application threads were stopped: 0.0006320 seconds, Stopping threads took: 0.0000560 seconds
102.708: Application time: 0.2031370 seconds
102.708: [GC102.708: [ParNew: 33807K->397K(37568K), 0.0004800 secs] 40526K->7132K(120960K), 0.0005060 secs] [Times: user=0.00 sys=0.00, real=0.00 secs] 
102.709: Total time for which application threads were stopped: 0.0006340 seconds, Stopping threads took: 0.0000670 seconds
102.910: Application time: 0.2015700 seconds
102.910: [GC102.910: [ParNew: 33805K->396K(37568K), 0.0003800 secs] 40540K->7147K(120960K), 0.0004100 secs] [Times: user=0.01 sys=0.00, real=0.00 secs] 
102.911: Total time for which application threads were stopped: 0.0005430 seconds, Stopping threads took: 0.0000700 seconds
103.112: Application time: 0.2009720 seconds
103.112: [GC103.112: [ParNew: 33804K->399K(37568K), 0.0003710 secs] 40555K->7150K(120960K), 0.0004030 secs] [Times: user=0.00 sys=0.00, real=0.00 secs] 
103.112: Total time for which application threads were stopped: 0.0005250 seconds, Stopping threads took: 0.0000530 seconds
103.315: Application time: 0.2030320 seconds
103.315: [GC103.315: [ParNew: 33807K->400K(37568K), 0.0003960 secs] 40558K->7151K(120960K), 0.0004320 secs] [Times: user=0.00 sys=0.00, real=0.00 secs] 
103.316: Total time for which application threads were stopped: 0.0005590 seconds, Stopping threads took: 0.0000650 seconds
103.519: Application time: 0.2034620 seconds
103.519: [GC103.520: [ParNew: 33808K->398K(37568K), 0.0003840 secs] 40559K->7165K(120960K), 0.0004120 secs] [Times: user=0.00 sys=0.00, real=0.00 secs] 
103.520: Total time for which application threads were stopped: 0.0005440 seconds, Stopping threads took: 0.0000660 seconds
103.724: Application time: 0.2037330 seconds
103.724: [GC103.724: [ParNew: 33806K->395K(37568K), 0.0004980 secs] 40573K->7170K(120960K), 0.0005260 secs] [Times: user=0.00 sys=0.00, real=0.00 secs] 
103.724: Total time for which application threads were stopped: 0.0006600 seconds, Stopping threads took: 0.0000570 seconds
103.924: Application time: 0.1994960 seconds
103.924: [GC103.924: [ParNew: 33803K->402K(37568K), 0.0004000 secs] 40578K->7177K(120960K), 0.0004270 secs] [Times: user=0.00 sys=0.00, real=0.00 secs] 
103.924: Total time for which application threads were stopped: 0.0005540 seconds, Stopping threads took: 0.0000650 seconds
104.128: Application time: 0.2036880 seconds
104.128: [GC104.128: [ParNew: 33810K->399K(37568K), 0.0004040 secs] 40585K->7175K(120960K), 0.0004280 secs] [Times: user=0.00 sys=0.00, real=0.00 secs] 
104.129: Total time for which application threads were stopped: 0.0005460 seconds, Stopping threads took: 0.0000570 seconds
104.331: Application time: 0.2025610 seconds
104.331: [GC104.331: [ParNew: 33807K->400K(37568K), 0.0004940 secs] 40583K->7199K(120960K), 0.0005210 secs] [Times: user=0.01 sys=0.00, real=0.00 secs] 
104.332: Total time for which application threads were stopped: 0.0006490 seconds, Stopping threads took: 0.0000550 seconds
104.536: Application time: 0.2039770 seconds
104.536: [GC104.536: [ParNew: 33808K->392K(37568K), 0.0004160 secs] 40607K->7215K(120960K), 0.0004420 secs] [Times: user=0.00 sys=0.00, real=0.00 secs] 
104.536: Total time for which application threads were stopped: 0.0005710 seconds, Stopping threads took: 0.0000650 seconds
104.736: Application time: 0.1997850 seconds
104.736: [GC104.736: [ParNew: 33800K->400K(37568K), 0.0004100 secs] 40623K->7223K(120960K), 0.0004340 secs] [Times: user=0.00 sys=0.00, real=0.00 secs] 
104.737: Total time for which application threads were stopped: 0.0005680 seconds, Stopping threads took: 0.0000730 seconds
104.938: Application time: 0.2017550 seconds
104.939: [GC104.939: [ParNew: 33808K->398K(37568K), 0.0004530 secs] 40631K->7221K(120960K), 0.0004800 secs] [Times: user=0.00 sys=0.00, real=0.00 secs] 
104.939: Total time for which application threads were stopped: 0.0006240 seconds, Stopping threads took: 0.0000700 seconds
105.143: Application time: 0.2038600 seconds
105.143: [GC105.143: [ParNew: 33806K->403K(37568K), 0.0003800 secs] 40629K->7234K(120960K), 0.0004080 secs] [Times: user=0.00 sys=0.00, real=0.00 secs] 
105.144: Total time for which application threads were stopped: 0.0005300 seconds, Stopping threads took: 0.0000550 seconds
105.346: Application time: 0.2025760 seconds
105.346: [GC105.346: [ParNew: 33811K->393K(37568K), 0.0003840 secs] 40642K->7232K(120960K), 0.0004110 secs] [Times: user=0.00 sys=0.00, real=0.01 secs] 
105.347: Total time for which application threads were stopped: 0.0005310 seconds, Stopping threads took: 0.0000580 seconds
105.548: Application time: 0.2012150 seconds
105.548: [GC105.548: [ParNew: 33801K->394K(37568K), 0.0003680 secs] 40640K->7233K(120960K), 0.0003940 secs] [Times: user=0.00 sys=0.00, real=0.00 secs] 
105.548: Total time for which application threads were stopped: 0.0005400 seconds, Stopping threads took: 0.0000740 seconds
105.746: Application time: 0.1973800 seconds
105.746: [GC105.746: [ParNew: 33802K->403K(37568K), 0.0003700 secs] 40641K->7242K(120960K), 0.0003960 secs] [Times: user=0.01 sys=0.00, real=0.00 secs] 
105.746: Total time for which application threads were stopped: 0.0005120 seconds, Stopping threads took: 0.0000520 seconds
105.931: Application time: 0.1851370 seconds
105.932: [GC105.932: [ParNew: 33811K->406K(37568K), 0.0003860 secs] 40650K->7262K(120960K), 0.0004210 secs] [Times: user=0.00 sys=0.00, real=0.00 secs] 
105.932: Total time for which application threads were stopped: 0.0005500 seconds, Stopping threads took: 0.0000660 seconds
106.117: Application time: 0.1846900 seconds
106.117: [GC106.117: [ParNew: 33814K->397K(37568K), 0.0003870 secs] 40670K->7260K(120960K), 0.0004110 secs] [Times: user=0.00 sys=0.00, real=0.00 secs] 
106.117: Total time for which application threads were stopped: 0.0005510 seconds, Stopping threads took: 0.0000720 seconds
106.301: Application time: 0.1833190 seconds
106.301: [GC106.301: [ParNew: 33805K->398K(37568K), 0.0004170 secs] 40668K->7277K(120960K), 0.0004430 secs] [Times: user=0.01 sys=0.00, real=0.00 secs] 
106.301: Total time for which application threads were stopped: 0.0005640 seconds, Stopping threads took: 0.0000620 seconds
106.484: Application time: 0.1829100 seconds
106.484: [GC106.484: [ParNew: 33804K->354K(37568K), 0.0003880 secs] 40683K->7233K(120960K), 0.0004120 secs] [Times: user=0.00 sys=0.00, real=0.00 secs] 
106.485: Total time for which application threads were stopped: 0.0005270 seconds, Stopping threads took: 0.0000540 seconds
106.670: Application time: 0.1851080 seconds
106.670: [GC106.670: [ParNew: 33762K->395K(37568K), 0.0005110 secs] 40641K->7275K(120960K), 0.0005390 secs] [Times: user=0.01 sys=0.00, real=0.00 secs] 
106.670: Total time for which application threads were stopped: 0.0006920 seconds, Stopping threads took: 0.0000790 seconds
106.855: Application time: 0.1848140 seconds
106.855: [GC106.855: [ParNew: 33803K->396K(37568K), 0.0005130 secs] 40683K->7291K(120960K), 0.0005400 secs] [Times: user=0.00 sys=0.00, real=0.00 secs] 
106.856: Total time for which application threads were stopped: 0.0006590 seconds, Stopping threads took: 0.0000570 seconds
107.042: Application time: 0.1858920 seconds
107.042: [GC107.042: [ParNew: 33804K->390K(37568K), 0.0003970 secs] 40699K->7301K(120960K), 0.0004250 secs] [Times: user=0.00 sys=0.00, real=0.00 secs] 
107.042: Total time for which application threads were stopped: 0.0005740 seconds, Stopping threads took: 0.0000870 seconds
107.224: Application time: 0.1822000 seconds
107.225: [GC107.225: [ParNew: 33798K->387K(37568K), 0.0003730 secs] 40709K->7298K(120960K), 0.0003980 secs] [Times: user=0.00 sys=0.00, real=0.00 secs] 
107.225: Total time for which application threads were stopped: 0.0005240 seconds, Stopping threads took: 0.0000560 seconds
107.410: Application time: 0.1847410 seconds
107.410: [GC107.410: [ParNew: 33795K->396K(37568K), 0.0004110 secs] 40706K->7307K(120960K), 0.0004450 secs] [Times: user=0.00 sys=0.00, real=0.00 secs] 
107.410: Total time for which application threads were stopped: 0.0005630 seconds, Stopping threads took: 0.0000550 seconds
107.595: Application time: 0.1846620 seconds
107.595: [GC107.595: [ParNew: 33804K->400K(37568K), 0.0004080 secs] 40715K->7327K(120960K), 0.0004380 secs] [Times: user=0.00 sys=0.00, real=0.00 secs] 
107.596: Total time for which application threads were stopped: 0.0005550 seconds, Stopping threads took: 0.0000550 seconds
107.780: Application time: 0.1849480 seconds
107.781: [GC107.781: [ParNew: 33808K->399K(37568K), 0.0004680 secs] 40735K->7334K(120960K), 0.0004980 secs] [Times: user=0.01 sys=0.00, real=0.00 secs] 
107.781: Total time for which application threads were stopped: 0.0006300 seconds, Stopping threads took: 0.0000590 seconds
107.962: Application time: 0.1806330 seconds
107.962: [GC107.962: [ParNew: 33807K->396K(37568K), 0.0003830 secs] 40742K->7331K(120960K), 0.0004100 secs] [Times: user=0.00 sys=0.00, real=0.00 secs] 
107.962: Total time for which application threads were stopped: 0.0005400 seconds, Stopping threads took: 0.0000670 seconds
108.148: Application time: 0.1855110 seconds
108.148: [GC108.148: [ParNew: 33804K->403K(37568K), 0.0003870 secs] 40739K->7338K(120960K), 0.0004180 secs] [Times: user=0.00 sys=0.00, real=0.00 secs] 
108.148: Total time for which application threads were stopped: 0.0005460 seconds, Stopping threads took: 0.0000630 seconds
108.333: Application time: 0.1846560 seconds
108.333: [GC108.333: [ParNew: 33811K->395K(37568K), 0.0003680 secs] 40746K->7346K(120960K), 0.0003920 secs] [Times: user=0.00 sys=0.00, real=0.00 secs] 
108.334: Total time for which application threads were stopped: 0.0005250 seconds, Stopping threads took: 0.0000640 seconds
108.519: Application time: 0.1852280 seconds
108.522: [GC108.522: [ParNew: 33803K->393K(37568K), 0.0003760 secs] 40754K->7360K(120960K), 0.0004010 secs] [Times: user=0.01 sys=0.00, real=0.00 secs] 
108.523: Total time for which application threads were stopped: 0.0040330 seconds, Stopping threads took: 0.0035690 seconds
108.706: Application time: 0.1836480 seconds
108.707: [GC108.707: [ParNew: 33801K->373K(37568K), 0.0004120 secs] 40768K->7340K(120960K), 0.0004390 secs] [Times: user=0.01 sys=0.00, real=0.00 secs] 
108.707: Total time for which application threads were stopped: 0.0005700 seconds, Stopping threads took: 0.0000680 seconds
108.890: Application time: 0.1830920 seconds
108.890: [GC108.890: [ParNew: 33781K->395K(37568K), 0.0004090 secs] 40748K->7362K(120960K), 0.0004380 secs] [Times: user=0.00 sys=0.00, real=0.00 secs] 
108.891: Total time for which application threads were stopped: 0.0005740 seconds, Stopping threads took: 0.0000580 seconds
109.076: Application time: 0.1853450 seconds
109.076: [GC109.076: [ParNew: 33803K->398K(37568K), 0.0003700 secs] 40770K->7373K(120960K), 0.0003980 secs] [Times: user=0.00 sys=0.00, real=0.00 secs] 
109.077: Total time for which application threads were stopped: 0.0005380 seconds, Stopping threads took: 0.0000770 seconds
109.261: Application time: 0.1840800 seconds
109.261: [GC109.261: [ParNew: 33806K->399K(37568K), 0.0003800 secs] 40781K->7382K(120960K), 0.0004040 secs] [Times: user=0.01 sys=0.00, real=0.00 secs] 
109.261: Total time for which application threads were stopped: 0.0005210 seconds, Stopping threads took: 0.0000580 seconds
109.445: Application time: 0.1835640 seconds
109.445: [GC109.445: [ParNew: 33807K->399K(37568K), 0.0003750 secs] 40790K->7390K(120960K), 0.0004010 secs] [Times: user=0.00 sys=0.00, real=0.00 secs] 
109.445: Total time for which application threads were stopped: 0.0005290 seconds, Stopping threads took: 0.0000600 seconds
109.629: Application time: 0.1841780 seconds
109.630: [GC109.630: [ParNew: 33807K->393K(37568K), 0.0003850 secs] 40798K->7384K(120960K), 0.0004110 secs] [Times: user=0.01 sys=0.00, real=0.00 secs] 
109.630: Total time for which application threads were stopped: 0.0005380 seconds, Stopping threads took: 0.0000640 seconds
109.815: Application time: 0.1848130 seconds
109.815: [GC109.815: [ParNew: 33801K->397K(37568K), 0.0003950 secs] 40792K->7388K(120960K), 0.0004200 secs] [Times: user=0.00 sys=0.00, real=0.00 secs] 
109.815: Total time for which application threads were stopped: 0.0005390 seconds, Stopping threads took: 0.0000590 seconds
110.000: Application time: 0.1843130 seconds
110.000: [GC110.000: [ParNew: 33805K->401K(37568K), 0.0004220 secs] 40796K->7400K(120960K), 0.0004510 secs] [Times: user=0.00 sys=0.00, real=0.00 secs] 
110.000: Total time for which application threads were stopped: 0.0005810 seconds, Stopping threads took: 0.0000570 seconds
110.185: Application time: 0.1847680 seconds
110.185: [GC110.185: [ParNew: 33809K->406K(37568K), 0.0004290 secs] 40808K->7413K(120960K), 0.0004560 secs] [Times: user=0.00 sys=0.00, real=0.00 secs] 
110.186: Total time for which application threads were stopped: 0.0005750 seconds, Stopping threads took: 0.0000570 seconds
110.368: Application time: 0.1824280 seconds
110.368: [GC110.368: [ParNew: 33814K->401K(37568K), 0.0004290 secs] 40821K->7408K(120960K), 0.0004580 secs] [Times: user=0.00 sys=0.00, real=0.00 secs] 
110.369: Total time for which application threads were stopped: 0.0005790 seconds, Stopping threads took: 0.0000580 seconds
110.553: Application time: 0.1848650 seconds
110.554: [GC110.554: [ParNew: 33809K->403K(37568K), 0.0003790 secs] 40816K->7410K(120960K), 0.0004150 secs] [Times: user=0.00 sys=0.00, real=0.00 secs] 
110.554: Total time for which application threads were stopped: 0.0005570 seconds, Stopping threads took: 0.0000680 seconds
110.738: Application time: 0.1838040 seconds
110.738: [GC110.738: [ParNew: 33811K->393K(37568K), 0.0004060 secs] 40818K->7408K(120960K), 0.0004340 secs] [Times: user=0.00 sys=0.00, real=0.00 secs] 
110.738: Total time for which application threads were stopped: 0.0005620 seconds, Stopping threads took: 0.0000640 seconds
110.924: Application time: 0.1857010 seconds
110.924: [GC110.924: [ParNew: 33801K->398K(37568K), 0.0004830 secs] 40816K->7421K(120960K), 0.0005080 secs] [Times: user=0.00 sys=0.00, real=0.00 secs] 
110.925: Total time for which application threads were stopped: 0.0006260 seconds, Stopping threads took: 0.0000600 seconds
111.107: Application time: 0.1821490 seconds
111.107: [GC111.107: [ParNew: 33806K->400K(37568K), 0.0003540 secs] 40829K->7423K(120960K), 0.0003790 secs] [Times: user=0.00 sys=0.00, real=0.00 secs] 
111.107: Total time for which application threads were stopped: 0.0005020 seconds, Stopping threads took: 0.0000580 seconds
111.292: Application time: 0.1843080 seconds
111.292: [GC111.292: [ParNew: 33808K->398K(37568K), 0.0004580 secs] 40831K->7421K(120960K), 0.0004830 secs] [Times: user=0.01 sys=0.00, real=0.00 secs] 
111.292: Total time for which application threads were stopped: 0.0005970 seconds, Stopping threads took: 0.0000530 seconds
111.503: Application time: 0.2111040 seconds
111.504: [GC111.504: [ParNew: 33806K->399K(37568K), 0.0004420 secs] 40829K->7430K(120960K), 0.0004690 secs] [Times: user=0.00 sys=0.00, real=0.00 secs] 
111.504: Total time for which application threads were stopped: 0.0006290 seconds, Stopping threads took: 0.0000720 seconds
111.683: Application time: 0.1790490 seconds
111.683: [GC111.683: [ParNew: 33807K->398K(37568K), 0.0003790 secs] 40838K->7437K(120960K), 0.0004070 secs] [Times: user=0.00 sys=0.00, real=0.00 secs] 
111.684: Total time for which application threads were stopped: 0.0005370 seconds, Stopping threads took: 0.0000560 seconds
111.860: Application time: 0.1762920 seconds
111.860: [GC111.860: [ParNew: 33806K->405K(37568K), 0.0003690 secs] 40845K->7444K(120960K), 0.0003950 secs] [Times: user=0.01 sys=0.00, real=0.00 secs] 
111.860: Total time for which application threads were stopped: 0.0005330 seconds, Stopping threads took: 0.0000770 seconds
112.038: Application time: 0.1775810 seconds
112.038: [GC112.038: [ParNew: 33813K->410K(37568K), 0.0003960 secs] 40852K->7449K(120960K), 0.0004240 secs] [Times: user=0.00 sys=0.00, real=0.00 secs] 
112.039: Total time for which application threads were stopped: 0.0005480 seconds, Stopping threads took: 0.0000610 seconds
112.218: Application time: 0.1789330 seconds
112.218: [GC112.218: [ParNew: 33818K->404K(37568K), 0.0004240 secs] 40857K->7451K(120960K), 0.0004520 secs] [Times: user=0.00 sys=0.00, real=0.00 secs] 
112.218: Total time for which application threads were stopped: 0.0005900 seconds, Stopping threads took: 0.0000670 seconds
112.397: Application time: 0.1785770 seconds
112.397: [GC112.397: [ParNew: 33812K->396K(37568K), 0.0004380 secs] 40859K->7499K(120960K), 0.0004640 secs] [Times: user=0.00 sys=0.00, real=0.00 secs] 
112.397: Total time for which application threads were stopped: 0.0005870 seconds, Stopping threads took: 0.0000630 seconds
112.574: Application time: 0.1768530 seconds
112.574: [GC112.574: [ParNew: 33804K->400K(37568K), 0.0003690 secs] 40907K->7503K(120960K), 0.0003940 secs] [Times: user=0.00 sys=0.00, real=0.01 secs] 
112.575: Total time for which application threads were stopped: 0.0005220 seconds, Stopping threads took: 0.0000670 seconds
112.752: Application time: 0.1773130 seconds
112.752: [GC112.752: [ParNew: 33808K->404K(37568K), 0.0004040 secs] 40911K->7507K(120960K), 0.0004300 secs] [Times: user=0.01 sys=0.00, real=0.00 secs] 
112.753: Total time for which application threads were stopped: 0.0005520 seconds, Stopping threads took: 0.0000520 seconds
112.931: Application time: 0.1785730 seconds
112.931: [GC112.931: [ParNew: 33812K->396K(37568K), 0.0003980 secs] 40915K->7507K(120960K), 0.0004340 secs] [Times: user=0.00 sys=0.00, real=0.00 secs] 
112.932: Total time for which application threads were stopped: 0.0005770 seconds, Stopping threads took: 0.0000790 seconds
113.111: Application time: 0.1791710 seconds
113.111: [GC113.111: [ParNew: 33804K->392K(37568K), 0.0003790 secs] 40915K->7511K(120960K), 0.0004030 secs] [Times: user=0.00 sys=0.00, real=0.00 secs] 
113.111: Total time for which application threads were stopped: 0.0005140 seconds, Stopping threads took: 0.0000540 seconds
113.290: Application time: 0.1790160 seconds
113.290: [GC113.290: [ParNew: 33800K->393K(37568K), 0.0004000 secs] 40919K->7520K(120960K), 0.0004310 secs] [Times: user=0.00 sys=0.00, real=0.00 secs] 
113.291: Total time for which application threads were stopped: 0.0005520 seconds, Stopping threads took: 0.0000500 seconds
113.466: Application time: 0.1749190 seconds
113.466: [GC113.466: [ParNew: 33801K->389K(37568K), 0.0003850 secs] 40928K->7516K(120960K), 0.0004120 secs] [Times: user=0.01 sys=0.00, real=0.01 secs] 
113.466: Total time for which application threads were stopped: 0.0005250 seconds, Stopping threads took: 0.0000530 seconds
113.645: Application time: 0.1787540 seconds
113.645: [GC113.645: [ParNew: 33797K->390K(37568K), 0.0004630 secs] 40924K->7517K(120960K), 0.0004890 secs] [Times: user=0.00 sys=0.00, real=0.00 secs] 
113.646: Total time for which application threads were stopped: 0.0006160 seconds, Stopping threads took: 0.0000670 seconds
113.825: Application time: 0.1791810 seconds
113.825: [GC113.825: [ParNew: 33798K->385K(37568K), 0.0004720 secs] 40925K->7520K(120960K), 0.0004960 secs] [Times: user=0.00 sys=0.00, real=0.00 secs] 
113.826: Total time for which application threads were stopped: 0.0006150 seconds, Stopping threads took: 0.0000510 seconds
114.003: Application time: 0.1773990 seconds
114.003: [GC114.003: [ParNew: 33793K->392K(37568K), 0.0003930 secs] 40928K->7535K(120960K), 0.0004190 secs] [Times: user=0.00 sys=0.00, real=0.00 secs] 
114.003: Total time for which application threads were stopped: 0.0005450 seconds, Stopping threads took: 0.0000660 seconds
114.180: Application time: 0.1767150 seconds
114.180: [GC114.180: [ParNew: 33800K->397K(37568K), 0.0004230 secs] 40943K->7540K(120960K), 0.0004510 secs] [Times: user=0.00 sys=0.00, real=0.00 secs] 
114.181: Total time for which application threads were stopped: 0.0005970 seconds, Stopping threads took: 0.0000870 seconds
114.358: Application time: 0.1771570 seconds
114.358: [GC114.358: [ParNew: 33805K->400K(37568K), 0.0004210 secs] 40948K->7543K(120960K), 0.0004480 secs] [Times: user=0.00 sys=0.00, real=0.00 secs] 
114.359: Total time for which application threads were stopped: 0.0005870 seconds, Stopping threads took: 0.0000700 seconds
114.537: Application time: 0.1789210 seconds
114.538: [GC114.538: [ParNew: 33808K->392K(37568K), 0.0003680 secs] 40951K->7543K(120960K), 0.0003920 secs] [Times: user=0.01 sys=0.00, real=0.00 secs] 
114.538: Total time for which application threads were stopped: 0.0005210 seconds, Stopping threads took: 0.0000690 seconds
114.717: Application time: 0.1791030 seconds
114.717: [GC114.717: [ParNew: 33800K->390K(37568K), 0.0004060 secs] 40951K->7557K(120960K), 0.0004330 secs] [Times: user=0.00 sys=0.00, real=0.00 secs] 
114.718: Total time for which application threads were stopped: 0.0005610 seconds, Stopping threads took: 0.0000650 seconds
114.894: Application time: 0.1762050 seconds
114.894: [GC114.894: [ParNew: 33798K->378K(37568K), 0.0003990 secs] 40965K->7545K(120960K), 0.0004280 secs] [Times: user=0.00 sys=0.00, real=0.01 secs] 
114.894: Total time for which application threads were stopped: 0.0005680 seconds, Stopping threads took: 0.0000650 seconds
115.072: Application time: 0.1774180 seconds
115.072: [GC115.072: [ParNew: 33786K->397K(37568K), 0.0004090 secs] 40953K->7565K(120960K), 0.0004340 secs] [Times: user=0.00 sys=0.00, real=0.00 secs] 
115.072: Total time for which application threads were stopped: 0.0005680 seconds, Stopping threads took: 0.0000720 seconds
115.251: Application time: 0.1781590 seconds
115.251: [GC115.251: [ParNew: 33805K->399K(37568K), 0.0003850 secs] 40973K->7574K(120960K), 0.0004180 secs] [Times: user=0.01 sys=0.00, real=0.00 secs] 
115.251: Total time for which application threads were stopped: 0.0005450 seconds, Stopping threads took: 0.0000630 seconds
115.431: Application time: 0.1795510 seconds
115.431: [GC115.431: [ParNew: 33807K->400K(37568K), 0.0003470 secs] 40982K->7583K(120960K), 0.0003680 secs] [Times: user=0.00 sys=0.00, real=0.00 secs] 
115.431: Total time for which application threads were stopped: 0.0005150 seconds, Stopping threads took: 0.0000770 seconds
115.608: Application time: 0.1772570 seconds
115.609: [GC115.609: [ParNew: 33808K->390K(37568K), 0.0004640 secs] 40991K->7574K(120960K), 0.0004890 secs] [Times: user=0.00 sys=0.00, real=0.00 secs] 
115.609: Total time for which application threads were stopped: 0.0006140 seconds, Stopping threads took: 0.0000630 seconds
115.786: Application time: 0.1766990 seconds
115.786: [GC115.786: [ParNew: 33798K->395K(37568K), 0.0004920 secs] 40982K->7578K(120960K), 0.0005190 secs] [Times: user=0.00 sys=0.00, real=0.01 secs] 
115.786: Total time for which application threads were stopped: 0.0006610 seconds, Stopping threads took: 0.0000780 seconds
115.965: Application time: 0.1787130 seconds
115.965: [GC115.965: [ParNew: 33803K->402K(37568K), 0.0003780 secs] 40986K->7593K(120960K), 0.0004060 secs] [Times: user=0.01 sys=0.00, real=0.00 secs] 
115.966: Total time for which application threads were stopped: 0.0005620 seconds, Stopping threads took: 0.0000860 seconds
116.145: Application time: 0.1792390 seconds
116.145: [GC116.145: [ParNew: 33810K->397K(37568K), 0.0004170 secs] 41001K->7604K(120960K), 0.0004450 secs] [Times: user=0.00 sys=0.00, real=0.00 secs] 
116.146: Total time for which application threads were stopped: 0.0005690 seconds, Stopping threads took: 0.0000610 seconds
116.323: Application time: 0.1774340 seconds
116.323: [GC116.323: [ParNew: 33805K->373K(37568K), 0.0004310 secs] 41012K->7596K(120960K), 0.0004590 secs] [Times: user=0.00 sys=0.00, real=0.00 secs] 
116.324: Total time for which application threads were stopped: 0.0005800 seconds, Stopping threads took: 0.0000590 seconds
116.499: Application time: 0.1753730 seconds
116.499: [GC116.499: [ParNew: 33781K->391K(37568K), 0.0003740 secs] 41004K->7614K(120960K), 0.0003990 secs] [Times: user=0.00 sys=0.00, real=0.00 secs] 
116.499: Total time for which application threads were stopped: 0.0005230 seconds, Stopping threads took: 0.0000530 seconds
116.679: Application time: 0.1794090 seconds
116.679: [GC116.679: [ParNew: 33799K->394K(37568K), 0.0003910 secs] 41022K->7633K(120960K), 0.0004200 secs] [Times: user=0.00 sys=0.00, real=0.00 secs] 
116.679: Total time for which application threads were stopped: 0.0005470 seconds, Stopping threads took: 0.0000630 seconds
116.859: Application time: 0.1793470 seconds
116.859: [GC116.859: [ParNew: 33802K->386K(37568K), 0.0003920 secs] 41041K->7633K(120960K), 0.0004150 secs] [Times: user=0.01 sys=0.00, real=0.00 secs] 
116.859: Total time for which application threads were stopped: 0.0005310 seconds, Stopping threads took: 0.0000570 seconds
117.038: Application time: 0.1782730 seconds
117.038: [GC117.038: [ParNew: 33794K->400K(37568K), 0.0003770 secs] 41041K->7655K(120960K), 0.0004040 secs] [Times: user=0.00 sys=0.00, real=0.00 secs] 
117.038: Total time for which application threads were stopped: 0.0005390 seconds, Stopping threads took: 0.0000640 seconds
117.214: Application time: 0.1763680 seconds
117.218: [GC117.218: [ParNew: 33808K->390K(37568K), 0.0004520 secs] 41063K->7645K(120960K), 0.0004780 secs] [Times: user=0.01 sys=0.01, real=0.00 secs] 
117.219: Total time for which application threads were stopped: 0.0043950 seconds, Stopping threads took: 0.0038560 seconds
117.397: Application time: 0.1779760 seconds
117.397: [GC117.397: [ParNew: 33798K->398K(37568K), 0.0004060 secs] 41053K->7653K(120960K), 0.0004330 secs] [Times: user=0.01 sys=0.00, real=0.00 secs] 
117.397: Total time for which application threads were stopped: 0.0005650 seconds, Stopping threads took: 0.0000620 seconds
117.576: Application time: 0.1790430 seconds
117.577: [GC117.577: [ParNew: 33806K->399K(37568K), 0.0004150 secs] 41061K->7663K(120960K), 0.0004410 secs] [Times: user=0.00 sys=0.00, real=0.00 secs] 
117.577: Total time for which application threads were stopped: 0.0005690 seconds, Stopping threads took: 0.0000550 seconds
117.760: Application time: 0.1832880 seconds
117.760: [GC117.760: [ParNew: 33807K->390K(37568K), 0.0005230 secs] 41071K->7661K(120960K), 0.0005490 secs] [Times: user=0.00 sys=0.00, real=0.00 secs] 
117.761: Total time for which application threads were stopped: 0.0007110 seconds, Stopping threads took: 0.0000960 seconds
117.955: Application time: 0.1937060 seconds
117.958: [GC117.958: [ParNew: 33798K->396K(37568K), 0.0004020 secs] 41069K->7667K(120960K), 0.0004320 secs] [Times: user=0.00 sys=0.00, real=0.00 secs] 
117.959: Total time for which application threads were stopped: 0.0041510 seconds, Stopping threads took: 0.0036510 seconds
118.154: Application time: 0.1953870 seconds
118.154: [GC118.154: [ParNew: 33804K->395K(37568K), 0.0003770 secs] 41075K->7666K(120960K), 0.0004050 secs] [Times: user=0.00 sys=0.00, real=0.00 secs] 
118.155: Total time for which application threads were stopped: 0.0005370 seconds, Stopping threads took: 0.0000560 seconds
118.351: Application time: 0.1962500 seconds
118.351: [GC118.351: [ParNew: 33803K->396K(37568K), 0.0004280 secs] 41074K->7675K(120960K), 0.0004590 secs] [Times: user=0.00 sys=0.00, real=0.00 secs] 
118.352: Total time for which application threads were stopped: 0.0006140 seconds, Stopping threads took: 0.0000920 seconds
118.548: Application time: 0.1959120 seconds
118.548: [GC118.548: [ParNew: 33804K->400K(37568K), 0.0003970 secs] 41083K->7696K(120960K), 0.0004270 secs] [Times: user=0.01 sys=0.00, real=0.00 secs] 
118.548: Total time for which application threads were stopped: 0.0005520 seconds, Stopping threads took: 0.0000590 seconds
118.743: Application time: 0.1943970 seconds
118.743: [GC118.743: [ParNew: 33808K->394K(37568K), 0.0005550 secs] 41104K->7689K(120960K), 0.0005780 secs] [Times: user=0.01 sys=0.00, real=0.00 secs] 
118.743: Total time for which application threads were stopped: 0.0007020 seconds, Stopping threads took: 0.0000550 seconds
118.938: Application time: 0.1946460 seconds
118.938: [GC118.938: [ParNew: 33802K->395K(37568K), 0.0003970 secs] 41097K->7690K(120960K), 0.0004280 secs] [Times: user=0.00 sys=0.00, real=0.00 secs] 
118.938: Total time for which application threads were stopped: 0.0005550 seconds, Stopping threads took: 0.0000620 seconds
119.136: Application time: 0.1970410 seconds
119.136: [GC119.136: [ParNew: 33803K->400K(37568K), 0.0004650 secs] 41098K->7704K(120960K), 0.0004950 secs] [Times: user=0.01 sys=0.00, real=0.00 secs] 
119.136: Total time for which application threads were stopped: 0.0006460 seconds, Stopping threads took: 0.0000850 seconds
119.333: Application time: 0.1965640 seconds
119.333: [GC119.333: [ParNew: 33808K->403K(37568K), 0.0004040 secs] 41112K->7714K(120960K), 0.0004320 secs] [Times: user=0.01 sys=0.00, real=0.00 secs] 
119.333: Total time for which application threads were stopped: 0.0005800 seconds, Stopping threads took: 0.0000710 seconds
119.528: Application time: 0.1951140 seconds
119.529: [GC119.529: [ParNew: 33811K->391K(37568K), 0.0003960 secs] 41122K->7703K(120960K), 0.0004240 secs] [Times: user=0.01 sys=0.00, real=0.00 secs] 
119.529: Total time for which application threads were stopped: 0.0005450 seconds, Stopping threads took: 0.0000540 seconds
119.723: Application time: 0.1938850 seconds
119.723: [GC119.723: [ParNew: 33799K->392K(37568K), 0.0004090 secs] 41111K->7704K(120960K), 0.0004390 secs] [Times: user=0.00 sys=0.00, real=0.00 secs] 
119.723: Total time for which application threads were stopped: 0.0005870 seconds, Stopping threads took: 0.0000830 seconds
119.921: Application time: 0.1972830 seconds
119.921: [GC119.921: [ParNew: 33800K->390K(37568K), 0.0004980 secs] 41112K->7710K(120960K), 0.0005320 secs] [Times: user=0.01 sys=0.00, real=0.00 secs] 
119.921: Total time for which application threads were stopped: 0.0006690 seconds, Stopping threads took: 0.0000600 seconds
120.118: Application time: 0.1970150 seconds
120.119: [GC120.119: [ParNew: 33798K->388K(37568K), 0.0003770 secs] 41118K->7723K(120960K), 0.0004040 secs] [Times: user=0.00 sys=0.00, real=0.00 secs] 
120.119: Total time for which application threads were stopped: 0.0005350 seconds, Stopping threads took: 0.0000700 seconds
120.314: Application time: 0.1953480 seconds
120.314: [GC120.314: [ParNew: 33796K->395K(37568K), 0.0004720 secs] 41131K->7738K(120960K), 0.0005010 secs] [Times: user=0.00 sys=0.00, real=0.00 secs] 
120.315: Total time for which application threads were stopped: 0.0006260 seconds, Stopping threads took: 0.0000600 seconds
120.509: Application time: 0.1936400 seconds
120.509: [GC120.509: [ParNew: 33803K->402K(37568K), 0.0003740 secs] 41146K->7746K(120960K), 0.0004040 secs] [Times: user=0.00 sys=0.00, real=0.00 secs] 
120.509: Total time for which application threads were stopped: 0.0005280 seconds, Stopping threads took: 0.0000490 seconds
120.705: Application time: 0.1954210 seconds
120.705: [GC120.705: [ParNew: 33810K->408K(37568K), 0.0004210 secs] 41154K->7751K(120960K), 0.0004480 secs] [Times: user=0.01 sys=0.00, real=0.00 secs] 
120.705: Total time for which application threads were stopped: 0.0005850 seconds, Stopping threads took: 0.0000740 seconds
120.902: Application time: 0.1967710 seconds
120.902: [GC120.902: [ParNew: 33816K->397K(37568K), 0.0004600 secs] 41159K->7748K(120960K), 0.0004880 secs] [Times: user=0.00 sys=0.00, real=0.00 secs] 
120.903: Total time for which application threads were stopped: 0.0006340 seconds, Stopping threads took: 0.0000840 seconds
121.099: Application time: 0.1965950 seconds
121.099: [GC121.099: [ParNew: 33805K->383K(37568K), 0.0004400 secs] 41156K->7742K(120960K), 0.0004710 secs] [Times: user=0.00 sys=0.00, real=0.00 secs] 
121.100: Total time for which application threads were stopped: 0.0006230 seconds, Stopping threads took: 0.0000780 seconds
121.294: Application time: 0.1943400 seconds
121.294: [GC121.294: [ParNew: 33791K->392K(37568K), 0.0003700 secs] 41150K->7751K(120960K), 0.0003960 secs] [Times: user=0.00 sys=0.00, real=0.01 secs] 
121.295: Total time for which application threads were stopped: 0.0005440 seconds, Stopping threads took: 0.0000870 seconds
121.490: Application time: 0.1951090 seconds
121.490: [GC121.490: [ParNew: 33800K->401K(37568K), 0.0004960 secs] 41159K->7761K(120960K), 0.0005230 secs] [Times: user=0.00 sys=0.01, real=0.00 secs] 
121.490: Total time for which application threads were stopped: 0.0006550 seconds, Stopping threads took: 0.0000670 seconds
121.687: Application time: 0.1967850 seconds
121.687: [GC121.687: [ParNew: 33809K->394K(37568K), 0.0004120 secs] 41169K->7761K(120960K), 0.0004410 secs] [Times: user=0.00 sys=0.00, real=0.00 secs] 
121.688: Total time for which application threads were stopped: 0.0005870 seconds, Stopping threads took: 0.0000690 seconds
121.868: Application time: 0.1800740 seconds
121.868: [GC121.868: [ParNew: 33802K->407K(37568K), 0.0004540 secs] 41169K->7782K(120960K), 0.0004800 secs] [Times: user=0.00 sys=0.00, real=0.00 secs] 
121.868: Total time for which application threads were stopped: 0.0006200 seconds, Stopping threads took: 0.0000800 seconds
122.045: Application time: 0.1769400 seconds
122.046: [GC122.046: [ParNew: 33815K->394K(37568K), 0.0003890 secs] 41190K->7769K(120960K), 0.0004150 secs] [Times: user=0.00 sys=0.00, real=0.00 secs] 
122.046: Total time for which application threads were stopped: 0.0005570 seconds, Stopping threads took: 0.0000800 seconds
122.223: Application time: 0.1769110 seconds
122.226: [GC122.226: [ParNew: 33802K->403K(37568K), 0.0003970 secs] 41177K->7778K(120960K), 0.0004220 secs] [Times: user=0.00 sys=0.00, real=0.00 secs] 
122.227: Total time for which application threads were stopped: 0.0039530 seconds, Stopping threads took: 0.0034580 seconds
122.406: Application time: 0.1788110 seconds
122.406: [GC122.406: [ParNew: 33811K->397K(37568K), 0.0004050 secs] 41186K->7780K(120960K), 0.0004370 secs] [Times: user=0.01 sys=0.00, real=0.00 secs] 
122.406: Total time for which application threads were stopped: 0.0006140 seconds, Stopping threads took: 0.0001180 seconds
122.585: Application time: 0.1788230 seconds
122.585: [GC122.585: [ParNew: 33805K->398K(37568K), 0.0004150 secs] 41188K->7789K(120960K), 0.0004390 secs] [Times: user=0.00 sys=0.00, real=0.00 secs] 
122.586: Total time for which application threads were stopped: 0.0005760 seconds, Stopping threads took: 0.0000800 seconds
122.763: Application time: 0.1773710 seconds
122.763: [GC122.763: [ParNew: 33806K->394K(37568K), 0.0003880 secs] 41197K->7785K(120960K), 0.0004130 secs] [Times: user=0.00 sys=0.00, real=0.00 secs] 
122.764: Total time for which application threads were stopped: 0.0005590 seconds, Stopping threads took: 0.0000740 seconds
122.940: Application time: 0.1763600 seconds
122.940: [GC122.940: [ParNew: 33802K->396K(37568K), 0.0003640 secs] 41193K->7788K(120960K), 0.0003890 secs] [Times: user=0.00 sys=0.00, real=0.00 secs] 
122.940: Total time for which application threads were stopped: 0.0005050 seconds, Stopping threads took: 0.0000560 seconds
123.120: Application time: 0.1790900 seconds
123.120: [GC123.120: [ParNew: 33804K->398K(37568K), 0.0003920 secs] 41196K->7797K(120960K), 0.0004180 secs] [Times: user=0.00 sys=0.00, real=0.00 secs] 
123.120: Total time for which application threads were stopped: 0.0005480 seconds, Stopping threads took: 0.0000700 seconds
123.299: Application time: 0.1791080 seconds
123.299: [GC123.299: [ParNew: 33806K->400K(37568K), 0.0003900 secs] 41205K->7807K(120960K), 0.0004160 secs] [Times: user=0.00 sys=0.00, real=0.00 secs] 
123.300: Total time for which application threads were stopped: 0.0005530 seconds, Stopping threads took: 0.0000640 seconds
123.478: Application time: 0.1779110 seconds
123.478: [GC123.478: [ParNew: 33808K->398K(37568K), 0.0018370 secs] 41215K->7813K(120960K), 0.0018680 secs] [Times: user=0.00 sys=0.00, real=0.00 secs] 
123.480: Total time for which application threads were stopped: 0.0026030 seconds, Stopping threads took: 0.0006750 seconds
123.657: Application time: 0.1765430 seconds
123.657: [GC123.657: [ParNew: 33806K->403K(37568K), 0.0003670 secs] 41221K->7818K(120960K), 0.0003930 secs] [Times: user=0.01 sys=0.00, real=0.00 secs] 
123.657: Total time for which application threads were stopped: 0.0005240 seconds, Stopping threads took: 0.0000710 seconds
123.835: Application time: 0.1773750 seconds
123.835: [GC123.835: [ParNew: 33811K->404K(37568K), 0.0004240 secs] 41226K->7827K(120960K), 0.0004510 secs] [Times: user=0.01 sys=0.00, real=0.00 secs] 
123.835: Total time for which application threads were stopped: 0.0005900 seconds, Stopping threads took: 0.0000630 seconds
124.014: Application time: 0.1788410 seconds
124.014: [GC124.014: [ParNew: 33812K->390K(37568K), 0.0004600 secs] 41235K->7821K(120960K), 0.0004890 secs] [Times: user=0.00 sys=0.00, real=0.01 secs] 
124.015: Total time for which application threads were stopped: 0.0006070 seconds, Stopping threads took: 0.0000580 seconds
124.194: Application time: 0.1787440 seconds
124.194: [GC124.194: [ParNew: 33798K->400K(37568K), 0.0004050 secs] 41229K->7839K(120960K), 0.0004340 secs] [Times: user=0.00 sys=0.00, real=0.00 secs] 
124.194: Total time for which application threads were stopped: 0.0005590 seconds, Stopping threads took: 0.0000630 seconds
124.370: Application time: 0.1762770 seconds
124.370: [GC124.371: [ParNew: 33808K->402K(37568K), 0.0004180 secs] 41247K->7841K(120960K), 0.0004480 secs] [Times: user=0.00 sys=0.00, real=0.00 secs] 
124.371: Total time for which application threads were stopped: 0.0005990 seconds, Stopping threads took: 0.0000760 seconds
124.549: Application time: 0.1775820 seconds
124.549: [GC124.549: [ParNew: 33810K->402K(37568K), 0.0004050 secs] 41249K->7841K(120960K), 0.0004300 secs] [Times: user=0.01 sys=0.00, real=0.00 secs] 
124.549: Total time for which application threads were stopped: 0.0005820 seconds, Stopping threads took: 0.0000840 seconds
124.728: Application time: 0.1790040 seconds
124.728: [GC124.728: [ParNew: 33810K->400K(37568K), 0.0003850 secs] 41249K->7847K(120960K), 0.0004100 secs] [Times: user=0.00 sys=0.00, real=0.00 secs] 
124.729: Total time for which application threads were stopped: 0.0005340 seconds, Stopping threads took: 0.0000600 seconds
124.906: Application time: 0.1776780 seconds
124.906: [GC124.906: [ParNew: 33808K->403K(37568K), 0.0004430 secs] 41255K->7874K(120960K), 0.0004700 secs] [Times: user=0.00 sys=0.00, real=0.00 secs] 
124.907: Total time for which application threads were stopped: 0.0005950 seconds, Stopping threads took: 0.0000520 seconds
125.084: Application time: 0.1774230 seconds
125.084: [GC125.085: [ParNew: 33811K->389K(37568K), 0.0003830 secs] 41282K->7860K(120960K), 0.0004090 secs] [Times: user=0.00 sys=0.00, real=0.00 secs] 
125.085: Total time for which application threads were stopped: 0.0005330 seconds, Stopping threads took: 0.0000620 seconds
125.262: Application time: 0.1767050 seconds
125.262: [GC125.262: [ParNew: 33797K->398K(37568K), 0.0003920 secs] 41268K->7869K(120960K), 0.0004180 secs] [Times: user=0.01 sys=0.00, real=0.00 secs] 
125.262: Total time for which application threads were stopped: 0.0005540 seconds, Stopping threads took: 0.0000680 seconds
125.441: Application time: 0.1790590 seconds
125.441: [GC125.441: [ParNew: 33806K->398K(37568K), 0.0004240 secs] 41277K->7877K(120960K), 0.0004530 secs] [Times: user=0.00 sys=0.00, real=0.00 secs] 
125.442: Total time for which application threads were stopped: 0.0006010 seconds, Stopping threads took: 0.0000670 seconds
125.620: Application time: 0.1785500 seconds
125.621: [GC125.621: [ParNew: 33806K->400K(37568K), 0.0004190 secs] 41285K->7887K(120960K), 0.0004430 secs] [Times: user=0.00 sys=0.00, real=0.00 secs] 
125.621: Total time for which application threads were stopped: 0.0005720 seconds, Stopping threads took: 0.0000660 seconds
125.798: Application time: 0.1768560 seconds
125.798: [GC125.798: [ParNew: 33808K->404K(37568K), 0.0003780 secs] 41295K->7891K(120960K), 0.0004020 secs] [Times: user=0.00 sys=0.00, real=0.00 secs] 
125.798: Total time for which application threads were stopped: 0.0005370 seconds, Stopping threads took: 0.0000730 seconds
125.975: Application time: 0.1769450 seconds
125.975: [GC125.975: [ParNew: 33812K->388K(37568K), 0.0004000 secs] 41299K->7875K(120960K), 0.0004290 secs] [Times: user=0.00 sys=0.00, real=0.00 secs] 
125.976: Total time for which application threads were stopped: 0.0005730 seconds, Stopping threads took: 0.0000660 seconds
126.155: Application time: 0.1791370 seconds
126.155: [GC126.155: [ParNew: 33796K->391K(37568K), 0.0003860 secs] 41283K->7886K(120960K), 0.0004160 secs] [Times: user=0.00 sys=0.00, real=0.00 secs] 
126.156: Total time for which application threads were stopped: 0.0005470 seconds, Stopping threads took: 0.0000640 seconds
126.335: Application time: 0.1793730 seconds
126.335: [GC126.335: [ParNew: 33799K->399K(37568K), 0.0004680 secs] 41294K->7902K(120960K), 0.0004940 secs] [Times: user=0.00 sys=0.00, real=0.00 secs] 
126.336: Total time for which application threads were stopped: 0.0006230 seconds, Stopping threads took: 0.0000630 seconds
126.514: Application time: 0.1783440 seconds
126.514: [GC126.514: [ParNew: 33807K->402K(37568K), 0.0004370 secs] 41310K->7913K(120960K), 0.0004640 secs] [Times: user=0.00 sys=0.00, real=0.01 secs] 
126.515: Total time for which application threads were stopped: 0.0006000 seconds, Stopping threads took: 0.0000610 seconds
126.690: Application time: 0.1755380 seconds
126.690: [GC126.690: [ParNew: 33810K->379K(37568K), 0.0003950 secs] 41321K->7890K(120960K), 0.0004230 secs] [Times: user=0.00 sys=0.00, real=0.00 secs] 
126.691: Total time for which application threads were stopped: 0.0005650 seconds, Stopping threads took: 0.0000760 seconds
126.869: Application time: 0.1781110 seconds
126.869: [GC126.869: [ParNew: 33787K->397K(37568K), 0.0003740 secs] 41298K->7916K(120960K), 0.0004070 secs] [Times: user=0.00 sys=0.00, real=0.00 secs] 
126.869: Total time for which application threads were stopped: 0.0005360 seconds, Stopping threads took: 0.0000650 seconds
127.048: Application time: 0.1784470 seconds
127.048: [GC127.048: [ParNew: 33805K->378K(37568K), 0.0004640 secs] 41324K->7905K(120960K), 0.0004870 secs] [Times: user=0.01 sys=0.00, real=0.00 secs] 
127.048: Total time for which application threads were stopped: 0.0006330 seconds, Stopping threads took: 0.0000720 seconds
127.227: Application time: 0.1784570 seconds
127.227: [GC127.227: [ParNew: 33786K->389K(37568K), 0.0003990 secs] 41313K->7925K(120960K), 0.0004240 secs] [Times: user=0.00 sys=0.00, real=0.00 secs] 
127.227: Total time for which application threads were stopped: 0.0005620 seconds, Stopping threads took: 0.0000730 seconds
127.404: Application time: 0.1764940 seconds
127.404: [GC127.404: [ParNew: 33797K->397K(37568K), 0.0004650 secs] 41333K->7932K(120960K), 0.0004920 secs] [Times: user=0.00 sys=0.00, real=0.00 secs] 
127.404: Total time for which application threads were stopped: 0.0006160 seconds, Stopping threads took: 0.0000590 seconds
127.582: Application time: 0.1773220 seconds
127.582: [GC127.582: [ParNew: 33805K->400K(37568K), 0.0003820 secs] 41340K->7935K(120960K), 0.0004090 secs] [Times: user=0.00 sys=0.00, real=0.00 secs] 
127.582: Total time for which application threads were stopped: 0.0005420 seconds, Stopping threads took: 0.0000570 seconds
127.761: Application time: 0.1786580 seconds
127.761: [GC127.761: [ParNew: 33808K->402K(37568K), 0.0004010 secs] 41343K->7945K(120960K), 0.0004290 secs] [Times: user=0.01 sys=0.00, real=0.00 secs] 
127.762: Total time for which application threads were stopped: 0.0005740 seconds, Stopping threads took: 0.0000780 seconds
127.941: Application time: 0.1794940 seconds
127.941: [GC127.941: [ParNew: 33810K->392K(37568K), 0.0004280 secs] 41353K->7952K(120960K), 0.0004550 secs] [Times: user=0.00 sys=0.00, real=0.00 secs] 
127.942: Total time for which application threads were stopped: 0.0005920 seconds, Stopping threads took: 0.0000710 seconds
128.118: Application time: 0.1763860 seconds
128.118: [GC128.118: [ParNew: 33800K->391K(37568K), 0.0003520 secs] 41360K->7950K(120960K), 0.0003770 secs] [Times: user=0.00 sys=0.00, real=0.00 secs] 
128.119: Total time for which application threads were stopped: 0.0005140 seconds, Stopping threads took: 0.0000640 seconds
128.295: Application time: 0.1769170 seconds
128.296: [GC128.296: [ParNew: 33799K->398K(37568K), 0.0004650 secs] 41358K->7957K(120960K), 0.0004900 secs] [Times: user=0.00 sys=0.00, real=0.00 secs] 
128.296: Total time for which application threads were stopped: 0.0006140 seconds, Stopping threads took: 0.0000610 seconds
128.475: Application time: 0.1785940 seconds
128.475: [GC128.475: [ParNew: 33806K->394K(37568K), 0.0003800 secs] 41365K->7961K(120960K), 0.0004080 secs] [Times: user=0.00 sys=0.00, real=0.00 secs] 
128.475: Total time for which application threads were stopped: 0.0005320 seconds, Stopping threads took: 0.0000590 seconds
128.655: Application time: 0.1795920 seconds
128.655: [GC128.655: [ParNew: 33802K->400K(37568K), 0.0019440 secs] 41369K->7991K(120960K), 0.0019760 secs] [Times: user=0.00 sys=0.00, real=0.00 secs] 
128.657: Total time for which application threads were stopped: 0.0021130 seconds, Stopping threads took: 0.0000620 seconds
128.834: Application time: 0.1767740 seconds
128.834: [GC128.834: [ParNew: 33808K->399K(37568K), 0.0004590 secs] 41399K->7991K(120960K), 0.0004880 secs] [Times: user=0.00 sys=0.00, real=0.01 secs] 
128.834: Total time for which application threads were stopped: 0.0006220 seconds, Stopping threads took: 0.0000650 seconds
129.011: Application time: 0.1766540 seconds
129.011: [GC129.011: [ParNew: 33807K->400K(37568K), 0.0003870 secs] 41399K->7991K(120960K), 0.0004060 secs] [Times: user=0.00 sys=0.00, real=0.00 secs] 
129.012: Total time for which application threads were stopped: 0.0005270 seconds, Stopping threads took: 0.0000590 seconds
129.190: Application time: 0.1787670 seconds
129.190: [GC129.190: [ParNew: 33808K->403K(37568K), 0.0004000 secs] 41399K->8011K(120960K), 0.0004360 secs] [Times: user=0.00 sys=0.00, real=0.00 secs] 
129.191: Total time for which application threads were stopped: 0.0005720 seconds, Stopping threads took: 0.0000620 seconds
129.370: Application time: 0.1795740 seconds
129.371: [GC129.371: [ParNew: 33811K->399K(37568K), 0.0004540 secs] 41419K->8022K(120960K), 0.0004800 secs] [Times: user=0.00 sys=0.00, real=0.00 secs] 
129.371: Total time for which application threads were stopped: 0.0006080 seconds, Stopping threads took: 0.0000630 seconds
129.549: Application time: 0.1781060 seconds
129.549: [GC129.549: [ParNew: 33807K->379K(37568K), 0.0004560 secs] 41430K->8018K(120960K), 0.0004860 secs] [Times: user=0.00 sys=0.00, real=0.00 secs] 
129.550: Total time for which application threads were stopped: 0.0006460 seconds, Stopping threads took: 0.0000930 seconds
129.726: Application time: 0.1757010 seconds
129.726: [GC129.726: [ParNew: 33787K->397K(37568K), 0.0004630 secs] 41426K->8036K(120960K), 0.0004890 secs] [Times: user=0.00 sys=0.00, real=0.00 secs] 
129.726: Total time for which application threads were stopped: 0.0006430 seconds, Stopping threads took: 0.0000760 seconds
129.906: Application time: 0.1793640 seconds
129.906: [GC129.906: [ParNew: 33805K->385K(37568K), 0.0005460 secs] 41444K->8041K(120960K), 0.0005730 secs] [Times: user=0.01 sys=0.00, real=0.00 secs] 
129.906: Total time for which application threads were stopped: 0.0007040 seconds, Stopping threads took: 0.0000630 seconds
130.085: Application time: 0.1791100 seconds
130.085: [GC130.085: [ParNew: 33793K->387K(37568K), 0.0003750 secs] 41449K->8058K(120960K), 0.0003980 secs] [Times: user=0.00 sys=0.00, real=0.00 secs] 
130.086: Total time for which application threads were stopped: 0.0005170 seconds, Stopping threads took: 0.0000570 seconds
130.265: Application time: 0.1787930 seconds
130.265: [GC130.265: [ParNew: 33795K->387K(37568K), 0.0004230 secs] 41466K->8074K(120960K), 0.0004500 secs] [Times: user=0.00 sys=0.00, real=0.00 secs] 
130.265: Total time for which application threads were stopped: 0.0005930 seconds, Stopping threads took: 0.0000680 seconds
130.442: Application time: 0.1768750 seconds
130.442: [GC130.442: [ParNew: 33795K->394K(37568K), 0.0005220 secs] 41482K->8081K(120960K), 0.0005550 secs] [Times: user=0.00 sys=0.00, real=0.00 secs] 
130.443: Total time for which application threads were stopped: 0.0007100 seconds, Stopping threads took: 0.0000880 seconds
130.621: Application time: 0.1781000 seconds
130.621: [GC130.621: [ParNew: 33802K->394K(37568K), 0.0004370 secs] 41489K->8081K(120960K), 0.0004650 secs] [Times: user=0.00 sys=0.00, real=0.00 secs] 
130.622: Total time for which application threads were stopped: 0.0006170 seconds, Stopping threads took: 0.0000840 seconds
130.800: Application time: 0.1787530 seconds
130.800: [GC130.800: [ParNew: 33802K->389K(37568K), 0.0004430 secs] 41489K->8092K(120960K), 0.0004680 secs] [Times: user=0.00 sys=0.00, real=0.00 secs] 
130.801: Total time for which application threads were stopped: 0.0006200 seconds, Stopping threads took: 0.0000810 seconds
130.980: Application time: 0.1788950 seconds
130.980: [GC130.980: [ParNew: 33797K->391K(37568K), 0.0004530 secs] 41500K->8102K(120960K), 0.0004780 secs] [Times: user=0.00 sys=0.00, real=0.00 secs] 
130.980: Total time for which application threads were stopped: 0.0006550 seconds, Stopping threads took: 0.0001120 seconds
131.157: Application time: 0.1762180 seconds
131.157: [GC131.157: [ParNew: 33799K->393K(37568K), 0.0004360 secs] 41510K->8104K(120960K), 0.0004640 secs] [Times: user=0.00 sys=0.00, real=0.00 secs] 
131.157: Total time for which application threads were stopped: 0.0006100 seconds, Stopping threads took: 0.0000780 seconds
131.335: Application time: 0.1773840 seconds
131.335: [GC131.335: [ParNew: 33801K->395K(37568K), 0.0004480 secs] 41512K->8106K(120960K), 0.0004770 secs] [Times: user=0.00 sys=0.00, real=0.00 secs] 
131.335: Total time for which application threads were stopped: 0.0006310 seconds, Stopping threads took: 0.0000770 seconds
131.515: Application time: 0.1793700 seconds
131.515: [GC131.515: [ParNew: 33803K->400K(37568K), 0.0004150 secs] 41514K->8119K(120960K), 0.0004410 secs] [Times: user=0.01 sys=0.00, real=0.00 secs] 
131.515: Total time for which application threads were stopped: 0.0005600 seconds, Stopping threads took: 0.0000550 seconds
131.694: Application time: 0.1789990 seconds
131.694: [GC131.694: [ParNew: 33808K->399K(37568K), 0.0003980 secs] 41527K->8126K(120960K), 0.0004270 secs] [Times: user=0.00 sys=0.00, real=0.00 secs] 
131.695: Total time for which application threads were stopped: 0.0005640 seconds, Stopping threads took: 0.0000700 seconds
131.871: Application time: 0.1765900 seconds
131.872: [GC131.872: [ParNew: 33807K->396K(37568K), 0.0004220 secs] 41534K->8123K(120960K), 0.0004480 secs] [Times: user=0.01 sys=0.00, real=0.00 secs] 
131.872: Total time for which application threads were stopped: 0.0005950 seconds, Stopping threads took: 0.0000760 seconds
132.049: Application time: 0.1770270 seconds
132.049: [GC132.049: [ParNew: 33804K->395K(37568K), 0.0004620 secs] 41531K->8122K(120960K), 0.0004890 secs] [Times: user=0.00 sys=0.00, real=0.00 secs] 
132.050: Total time for which application threads were stopped: 0.0006230 seconds, Stopping threads took: 0.0000690 seconds
132.229: Application time: 0.1789410 seconds
132.229: [GC132.229: [ParNew: 33803K->392K(37568K), 0.0004830 secs] 41530K->8128K(120960K), 0.0005090 secs] [Times: user=0.00 sys=0.00, real=0.00 secs] 
132.229: Total time for which application threads were stopped: 0.0006320 seconds, Stopping threads took: 0.0000580 seconds
132.407: Application time: 0.1778960 seconds
132.407: [GC132.407: [ParNew: 33800K->392K(37568K), 0.0004100 secs] 41536K->8136K(120960K), 0.0004370 secs] [Times: user=0.00 sys=0.00, real=0.00 secs] 
132.408: Total time for which application threads were stopped: 0.0005750 seconds, Stopping threads took: 0.0000640 seconds
132.585: Application time: 0.1773260 seconds
132.585: [GC132.585: [ParNew: 33800K->396K(37568K), 0.0003660 secs] 41544K->8139K(120960K), 0.0003900 secs] [Times: user=0.00 sys=0.00, real=0.00 secs] 
132.586: Total time for which application threads were stopped: 0.0005280 seconds, Stopping threads took: 0.0000760 seconds
132.762: Application time: 0.1766550 seconds
132.762: [GC132.762: [ParNew: 33804K->403K(37568K), 0.0004650 secs] 41547K->8146K(120960K), 0.0004880 secs] [Times: user=0.00 sys=0.00, real=0.00 secs] 
132.763: Total time for which application threads were stopped: 0.0006110 seconds, Stopping threads took: 0.0000610 seconds
132.942: Application time: 0.1791550 seconds
132.942: [GC132.942: [ParNew: 33811K->402K(37568K), 0.0003770 secs] 41554K->8153K(120960K), 0.0004030 secs] [Times: user=0.00 sys=0.00, real=0.00 secs] 
132.943: Total time for which application threads were stopped: 0.0005420 seconds, Stopping threads took: 0.0000660 seconds
133.121: Application time: 0.1788600 seconds
133.122: [GC133.122: [ParNew: 33810K->375K(37568K), 0.0004580 secs] 41561K->8134K(120960K), 0.0004840 secs] [Times: user=0.00 sys=0.00, real=0.00 secs] 
133.122: Total time for which application threads were stopped: 0.0006080 seconds, Stopping threads took: 0.0000580 seconds
133.301: Application time: 0.1788370 seconds
133.301: [GC133.301: [ParNew: 33783K->392K(37568K), 0.0004360 secs] 41542K->8159K(120960K), 0.0004610 secs] [Times: user=0.00 sys=0.00, real=0.00 secs] 
133.301: Total time for which application threads were stopped: 0.0005850 seconds, Stopping threads took: 0.0000620 seconds
133.478: Application time: 0.1760520 seconds
133.478: [GC133.478: [ParNew: 33800K->395K(37568K), 0.0003910 secs] 41567K->8162K(120960K), 0.0004170 secs] [Times: user=0.00 sys=0.00, real=0.00 secs] 
133.478: Total time for which application threads were stopped: 0.0005490 seconds, Stopping threads took: 0.0000560 seconds
133.655: Application time: 0.1771910 seconds
133.655: [GC133.655: [ParNew: 33803K->397K(37568K), 0.0004260 secs] 41570K->8164K(120960K), 0.0004590 secs] [Times: user=0.00 sys=0.00, real=0.00 secs] 
133.656: Total time for which application threads were stopped: 0.0005950 seconds, Stopping threads took: 0.0000620 seconds
133.834: Application time: 0.1781200 seconds
133.834: [GC133.834: [ParNew: 33805K->400K(37568K), 0.0003830 secs] 41572K->8175K(120960K), 0.0004080 secs] [Times: user=0.00 sys=0.00, real=0.01 secs] 
133.835: Total time for which application threads were stopped: 0.0005400 seconds, Stopping threads took: 0.0000700 seconds
134.013: Application time: 0.1789750 seconds
134.014: [GC134.014: [ParNew: 33808K->400K(37568K), 0.0004070 secs] 41583K->8183K(120960K), 0.0004340 secs] [Times: user=0.00 sys=0.00, real=0.00 secs] 
134.014: Total time for which application threads were stopped: 0.0005870 seconds, Stopping threads took: 0.0000740 seconds
134.191: Application time: 0.1766370 seconds
134.191: [GC134.191: [ParNew: 33808K->406K(37568K), 0.0004140 secs] 41591K->8189K(120960K), 0.0004430 secs] [Times: user=0.00 sys=0.00, real=0.00 secs] 
134.191: Total time for which application threads were stopped: 0.0005630 seconds, Stopping threads took: 0.0000510 seconds
134.369: Application time: 0.1774550 seconds
134.369: [GC134.369: [ParNew: 33814K->391K(37568K), 0.0004420 secs] 41597K->8174K(120960K), 0.0004680 secs] [Times: user=0.00 sys=0.00, real=0.00 secs] 
134.369: Total time for which application threads were stopped: 0.0006150 seconds, Stopping threads took: 0.0000820 seconds
134.547: Application time: 0.1780200 seconds
134.548: [GC134.548: [ParNew: 33799K->395K(37568K), 0.0004310 secs] 41582K->8187K(120960K), 0.0004600 secs] [Times: user=0.01 sys=0.00, real=0.00 secs] 
134.548: Total time for which application threads were stopped: 0.0006220 seconds, Stopping threads took: 0.0000820 seconds
134.726: Application time: 0.1784880 seconds
134.727: [GC134.727: [ParNew: 33803K->399K(37568K), 0.0004180 secs] 41595K->8198K(120960K), 0.0004440 secs] [Times: user=0.00 sys=0.00, real=0.00 secs] 
134.727: Total time for which application threads were stopped: 0.0005900 seconds, Stopping threads took: 0.0000820 seconds
134.904: Application time: 0.1766900 seconds
134.904: [GC134.904: [ParNew: 33807K->397K(37568K), 0.0003710 secs] 41606K->8197K(120960K), 0.0003960 secs] [Times: user=0.01 sys=0.00, real=0.00 secs] 
134.904: Total time for which application threads were stopped: 0.0005210 seconds, Stopping threads took: 0.0000620 seconds
135.083: Application time: 0.1782660 seconds
135.083: [GC135.083: [ParNew: 33805K->395K(37568K), 0.0003530 secs] 41605K->8194K(120960K), 0.0003770 secs] [Times: user=0.00 sys=0.00, real=0.00 secs] 
135.083: Total time for which application threads were stopped: 0.0005310 seconds, Stopping threads took: 0.0000790 seconds
135.262: Application time: 0.1791030 seconds
135.262: [GC135.262: [ParNew: 33803K->382K(37568K), 0.0004510 secs] 41602K->8189K(120960K), 0.0004790 secs] [Times: user=0.00 sys=0.00, real=0.00 secs] 
135.263: Total time for which application threads were stopped: 0.0006090 seconds, Stopping threads took: 0.0000600 seconds
135.442: Application time: 0.1789330 seconds
135.442: [GC135.442: [ParNew: 33790K->388K(37568K), 0.0004200 secs] 41597K->8203K(120960K), 0.0004490 secs] [Times: user=0.00 sys=0.00, real=0.00 secs] 
135.442: Total time for which application threads were stopped: 0.0005860 seconds, Stopping threads took: 0.0000690 seconds
135.619: Application time: 0.1770570 seconds
135.620: [GC135.620: [ParNew: 33796K->398K(37568K), 0.0004330 secs] 41611K->8213K(120960K), 0.0004590 secs] [Times: user=0.00 sys=0.00, real=0.00 secs] 
135.620: Total time for which application threads were stopped: 0.0005970 seconds, Stopping threads took: 0.0000650 seconds
135.764: Application time: 0.1442210 seconds
135.764: Total time for which application threads were stopped: 0.0000920 seconds, Stopping threads took: 0.0000550 seconds
135.798: Application time: 0.0333440 seconds
135.798: [GC135.798: [ParNew: 33806K->350K(37568K), 0.0003790 secs] 41621K->8165K(120960K), 0.0004050 secs] [Times: user=0.00 sys=0.00, real=0.00 secs] 
135.798: Total time for which application threads were stopped: 0.0004950 seconds, Stopping threads took: 0.0000410 seconds
135.979: Application time: 0.1811780 seconds
135.979: [GC135.979: [ParNew: 33758K->332K(37568K), 0.0005250 secs] 41573K->8155K(120960K), 0.0005560 secs] [Times: user=0.00 sys=0.00, real=0.00 secs] 
135.980: Total time for which application threads were stopped: 0.0006920 seconds, Stopping threads took: 0.0000750 seconds
136.141: Application time: 0.1611510 seconds
136.141: Total time for which application threads were stopped: 0.0001230 seconds, Stopping threads took: 0.0000760 seconds
136.169: Application time: 0.0273790 seconds
136.169: [GC136.169: [ParNew: 33740K->295K(37568K), 0.0004170 secs] 41563K->8126K(120960K), 0.0004440 secs] [Times: user=0.00 sys=0.00, real=0.00 secs] 
136.169: Total time for which application threads were stopped: 0.0005340 seconds, Stopping threads took: 0.0000450 seconds
136.266: Application time: 0.0970210 seconds
136.266: Total time for which application threads were stopped: 0.0001230 seconds, Stopping threads took: 0.0000860 seconds
136.312: Application time: 0.0451890 seconds
136.312: Total time for which application threads were stopped: 0.0000450 seconds, Stopping threads took: 0.0000230 seconds
136.339: Application time: 0.0275400 seconds
136.339: Total time for which application threads were stopped: 0.0000290 seconds, Stopping threads took: 0.0000150 seconds
136.434: Application time: 0.0947470 seconds
136.434: Total time for which application threads were stopped: 0.0000350 seconds, Stopping threads took: 0.0000100 seconds
136.434: Application time: 0.0002770 seconds
136.434: Total time for which application threads were stopped: 0.0000270 seconds, Stopping threads took: 0.0000120 seconds
136.445: Application time: 0.0106270 seconds
136.445: [GC136.445: [ParNew: 33703K->399K(37568K), 0.0003920 secs] 41534K->8238K(120960K), 0.0004100 secs] [Times: user=0.01 sys=0.00, real=0.00 secs] 
136.445: Total time for which application threads were stopped: 0.0005040 seconds, Stopping threads took: 0.0000560 seconds
136.625: Application time: 0.1796790 seconds
136.625: [GC136.625: [ParNew: 33807K->404K(37568K), 0.0004240 secs] 41646K->8243K(120960K), 0.0004520 secs] [Times: user=0.00 sys=0.00, real=0.00 secs] 
136.626: Total time for which application threads were stopped: 0.0005810 seconds, Stopping threads took: 0.0000610 seconds
136.806: Application time: 0.1801450 seconds
136.806: [GC136.806: [ParNew: 33812K->406K(37568K), 0.0004550 secs] 41651K->8245K(120960K), 0.0004790 secs] [Times: user=0.00 sys=0.00, real=0.01 secs] 
136.806: Total time for which application threads were stopped: 0.0006150 seconds, Stopping threads took: 0.0000600 seconds
136.985: Application time: 0.1783660 seconds
136.985: [GC136.985: [ParNew: 33814K->400K(37568K), 0.0003950 secs] 41653K->8247K(120960K), 0.0004240 secs] [Times: user=0.00 sys=0.00, real=0.00 secs] 
136.985: Total time for which application threads were stopped: 0.0005640 seconds, Stopping threads took: 0.0000710 seconds
137.165: Application time: 0.1800210 seconds
137.165: [GC137.166: [ParNew: 33808K->397K(37568K), 0.0004590 secs] 41655K->8252K(120960K), 0.0004820 secs] [Times: user=0.01 sys=0.00, real=0.00 secs] 
137.166: Total time for which application threads were stopped: 0.0006070 seconds, Stopping threads took: 0.0000630 seconds
137.341: Application time: 0.1749660 seconds
137.341: [GC137.341: [ParNew: 33805K->406K(37568K), 0.0003820 secs] 41660K->8261K(120960K), 0.0004100 secs] [Times: user=0.00 sys=0.00, real=0.00 secs] 
137.342: Total time for which application threads were stopped: 0.0005540 seconds, Stopping threads took: 0.0000620 seconds
137.522: Application time: 0.1802200 seconds
137.522: [GC137.522: [ParNew: 33814K->415K(37568K), 0.0004300 secs] 41669K->8271K(120960K), 0.0004560 secs] [Times: user=0.00 sys=0.00, real=0.00 secs] 
137.522: Total time for which application threads were stopped: 0.0005830 seconds, Stopping threads took: 0.0000620 seconds
137.700: Application time: 0.1779300 seconds
137.700: [GC137.700: [ParNew: 33823K->417K(37568K), 0.0004470 secs] 41679K->8280K(120960K), 0.0004870 secs] [Times: user=0.00 sys=0.00, real=0.00 secs] 
137.701: Total time for which application threads were stopped: 0.0006150 seconds, Stopping threads took: 0.0000570 seconds
137.880: Application time: 0.1789370 seconds
137.880: [GC137.880: [ParNew: 33825K->407K(37568K), 0.0004900 secs] 41688K->8279K(120960K), 0.0005180 secs] [Times: user=0.00 sys=0.00, real=0.00 secs] 
137.880: Total time for which application threads were stopped: 0.0006520 seconds, Stopping threads took: 0.0000560 seconds
138.056: Application time: 0.1750680 seconds
138.056: [GC138.056: [ParNew: 33815K->406K(37568K), 0.0004780 secs] 41687K->8277K(120960K), 0.0005050 secs] [Times: user=0.00 sys=0.00, real=0.00 secs] 
138.056: Total time for which application threads were stopped: 0.0006380 seconds, Stopping threads took: 0.0000690 seconds
138.235: Application time: 0.1787680 seconds
138.238: [GC138.238: [ParNew: 33814K->417K(37568K), 0.0005770 secs] 41685K->8288K(120960K), 0.0006070 secs] [Times: user=0.00 sys=0.00, real=0.00 secs] 
138.239: Total time for which application threads were stopped: 0.0040790 seconds, Stopping threads took: 0.0034060 seconds
138.418: Application time: 0.1791670 seconds
138.418: [GC138.418: [ParNew: 33825K->410K(37568K), 0.0004120 secs] 41696K->8289K(120960K), 0.0004400 secs] [Times: user=0.00 sys=0.00, real=0.00 secs] 
138.419: Total time for which application threads were stopped: 0.0005980 seconds, Stopping threads took: 0.0000780 seconds
138.598: Application time: 0.1790900 seconds
138.598: [GC138.598: [ParNew: 33818K->411K(37568K), 0.0004650 secs] 41697K->8298K(120960K), 0.0004900 secs] [Times: user=0.01 sys=0.00, real=0.00 secs] 
138.599: Total time for which application threads were stopped: 0.0006130 seconds, Stopping threads took: 0.0000590 seconds
138.773: Application time: 0.1747230 seconds
138.773: [GC138.773: [ParNew: 33819K->421K(37568K), 0.0004580 secs] 41706K->8308K(120960K), 0.0015900 secs] [Times: user=0.01 sys=0.00, real=0.01 secs] 
138.775: Total time for which application threads were stopped: 0.0017180 seconds, Stopping threads took: 0.0000600 seconds
138.954: Application time: 0.1791330 seconds
138.954: [GC138.954: [ParNew: 33829K->437K(37568K), 0.0005210 secs] 41716K->8324K(120960K), 0.0005520 secs] [Times: user=0.00 sys=0.01, real=0.01 secs] 
138.955: Total time for which application threads were stopped: 0.0007060 seconds, Stopping threads took: 0.0000760 seconds
139.134: Application time: 0.1790140 seconds
139.134: [GC139.134: [ParNew: 33845K->404K(37568K), 0.0005970 secs] 41732K->8355K(120960K), 0.0006270 secs] [Times: user=0.01 sys=0.00, real=0.01 secs] 
139.135: Total time for which application threads were stopped: 0.0007590 seconds, Stopping threads took: 0.0000630 seconds
139.314: Application time: 0.1794730 seconds
139.314: [GC139.314: [ParNew: 33812K->423K(37568K), 0.0005090 secs] 41763K->8374K(120960K), 0.0005360 secs] [Times: user=0.01 sys=0.00, real=0.01 secs] 
139.315: Total time for which application threads were stopped: 0.0006780 seconds, Stopping threads took: 0.0000780 seconds
139.489: Application time: 0.1745690 seconds
139.489: [GC139.489: [ParNew: 33831K->399K(37568K), 0.0003660 secs] 41782K->8350K(120960K), 0.0003930 secs] [Times: user=0.00 sys=0.00, real=0.00 secs] 
139.490: Total time for which application threads were stopped: 0.0005240 seconds, Stopping threads took: 0.0000530 seconds
139.669: Application time: 0.1792160 seconds
139.669: [GC139.669: [ParNew: 33807K->402K(37568K), 0.0006390 secs] 41758K->8353K(120960K), 0.0006660 secs] [Times: user=0.00 sys=0.00, real=0.00 secs] 
139.670: Total time for which application threads were stopped: 0.0007930 seconds, Stopping threads took: 0.0000610 seconds
139.849: Application time: 0.1791890 seconds
139.849: [GC139.849: [ParNew: 33810K->409K(37568K), 0.0006070 secs] 41761K->8360K(120960K), 0.0006350 secs] [Times: user=0.01 sys=0.00, real=0.00 secs] 
139.850: Total time for which application threads were stopped: 0.0007640 seconds, Stopping threads took: 0.0000620 seconds
140.030: Application time: 0.1798540 seconds
140.030: [GC140.030: [ParNew: 33817K->404K(37568K), 0.0004080 secs] 41768K->8411K(120960K), 0.0004410 secs] [Times: user=0.00 sys=0.00, real=0.00 secs] 
140.030: Total time for which application threads were stopped: 0.0005780 seconds, Stopping threads took: 0.0000610 seconds
140.210: Application time: 0.1795290 seconds
140.210: [GC140.210: [ParNew: 33812K->406K(37568K), 0.0003810 secs] 41819K->8413K(120960K), 0.0004050 secs] [Times: user=0.00 sys=0.00, real=0.00 secs] 
140.210: Total time for which application threads were stopped: 0.0005530 seconds, Stopping threads took: 0.0000810 seconds
140.386: Application time: 0.1756730 seconds
140.390: [GC140.390: [ParNew: 33814K->407K(37568K), 0.0003910 secs] 41821K->8414K(120960K), 0.0004160 secs] [Times: user=0.00 sys=0.00, real=0.00 secs] 
140.391: Total time for which application threads were stopped: 0.0048620 seconds, Stopping threads took: 0.0043790 seconds
140.570: Application time: 0.1791380 seconds
140.570: [GC140.570: [ParNew: 33815K->410K(37568K), 0.0004240 secs] 41822K->8417K(120960K), 0.0004540 secs] [Times: user=0.01 sys=0.00, real=0.00 secs] 
140.571: Total time for which application threads were stopped: 0.0005970 seconds, Stopping threads took: 0.0000620 seconds
140.750: Application time: 0.1790850 seconds
140.750: [GC140.750: [ParNew: 33818K->409K(37568K), 0.0003910 secs] 41825K->8448K(120960K), 0.0004140 secs] [Times: user=0.00 sys=0.00, real=0.00 secs] 
140.750: Total time for which application threads were stopped: 0.0005400 seconds, Stopping threads took: 0.0000640 seconds
140.930: Application time: 0.1793620 seconds
140.930: [GC140.930: [ParNew: 33817K->406K(37568K), 0.0004250 secs] 41856K->8445K(120960K), 0.0004500 secs] [Times: user=0.01 sys=0.00, real=0.00 secs] 
140.930: Total time for which application threads were stopped: 0.0005740 seconds, Stopping threads took: 0.0000580 seconds
141.106: Application time: 0.1753830 seconds
141.106: [GC141.106: [ParNew: 33814K->411K(37568K), 0.0004030 secs] 41853K->8450K(120960K), 0.0004270 secs] [Times: user=0.00 sys=0.00, real=0.00 secs] 
141.106: Total time for which application threads were stopped: 0.0005790 seconds, Stopping threads took: 0.0000800 seconds
141.285: Application time: 0.1792450 seconds
141.285: [GC141.285: [ParNew: 33819K->405K(37568K), 0.0004350 secs] 41858K->8444K(120960K), 0.0004590 secs] [Times: user=0.00 sys=0.00, real=0.00 secs] 
141.286: Total time for which application threads were stopped: 0.0005850 seconds, Stopping threads took: 0.0000650 seconds
141.465: Application time: 0.1792690 seconds
141.465: [GC141.465: [ParNew: 33813K->407K(37568K), 0.0004140 secs] 41852K->8462K(120960K), 0.0004430 secs] [Times: user=0.00 sys=0.00, real=0.00 secs] 
141.466: Total time for which application threads were stopped: 0.0005750 seconds, Stopping threads took: 0.0000640 seconds
141.645: Application time: 0.1796390 seconds
141.646: [GC141.646: [ParNew: 33815K->410K(37568K), 0.0004550 secs] 41870K->8466K(120960K), 0.0004830 secs] [Times: user=0.00 sys=0.00, real=0.00 secs] 
141.646: Total time for which application threads were stopped: 0.0006210 seconds, Stopping threads took: 0.0000580 seconds
141.821: Application time: 0.1749460 seconds
141.821: [GC141.821: [ParNew: 33818K->407K(37568K), 0.0003790 secs] 41874K->8463K(120960K), 0.0004040 secs] [Times: user=0.01 sys=0.00, real=0.00 secs] 
141.822: Total time for which application threads were stopped: 0.0005280 seconds, Stopping threads took: 0.0000570 seconds
142.001: Application time: 0.1791800 seconds
142.001: [GC142.001: [ParNew: 33815K->409K(37568K), 0.0004090 secs] 41871K->8465K(120960K), 0.0004360 secs] [Times: user=0.00 sys=0.00, real=0.00 secs] 
142.001: Total time for which application threads were stopped: 0.0005730 seconds, Stopping threads took: 0.0000700 seconds
142.180: Application time: 0.1791820 seconds
142.181: [GC142.181: [ParNew: 33817K->408K(37568K), 0.0003990 secs] 41873K->8479K(120960K), 0.0004250 secs] [Times: user=0.00 sys=0.00, real=0.00 secs] 
142.181: Total time for which application threads were stopped: 0.0005630 seconds, Stopping threads took: 0.0000610 seconds
142.360: Application time: 0.1791860 seconds
142.360: [GC142.360: [ParNew: 33816K->436K(37568K), 0.0003810 secs] 41887K->8507K(120960K), 0.0004190 secs] [Times: user=0.01 sys=0.00, real=0.00 secs] 
142.361: Total time for which application threads were stopped: 0.0005670 seconds, Stopping threads took: 0.0000790 seconds
142.535: Application time: 0.1746060 seconds
142.536: [GC142.536: [ParNew: 33844K->402K(37568K), 0.0003620 secs] 41915K->8473K(120960K), 0.0003880 secs] [Times: user=0.00 sys=0.00, real=0.00 secs] 
142.536: Total time for which application threads were stopped: 0.0005230 seconds, Stopping threads took: 0.0000700 seconds
142.716: Application time: 0.1799130 seconds
142.718: [GC142.718: [ParNew: 33810K->392K(37568K), 0.0003850 secs] 41881K->8463K(120960K), 0.0004120 secs] [Times: user=0.00 sys=0.00, real=0.00 secs] 
142.719: Total time for which application threads were stopped: 0.0029710 seconds, Stopping threads took: 0.0024840 seconds
142.898: Application time: 0.1790160 seconds
142.898: [GC142.898: [ParNew: 33800K->395K(37568K), 0.0004250 secs] 41871K->8467K(120960K), 0.0004530 secs] [Times: user=0.00 sys=0.00, real=0.00 secs] 
142.898: Total time for which application threads were stopped: 0.0005900 seconds, Stopping threads took: 0.0000690 seconds
143.078: Application time: 0.1794510 seconds
143.078: [GC143.078: [ParNew: 33803K->397K(37568K), 0.0003480 secs] 41875K->8492K(120960K), 0.0003710 secs] [Times: user=0.00 sys=0.01, real=0.00 secs] 
143.078: Total time for which application threads were stopped: 0.0004930 seconds, Stopping threads took: 0.0000590 seconds
143.254: Application time: 0.1754670 seconds
143.254: [GC143.254: [ParNew: 33805K->381K(37568K), 0.0003310 secs] 41900K->8476K(120960K), 0.0003560 secs] [Times: user=0.01 sys=0.00, real=0.01 secs] 
143.254: Total time for which application threads were stopped: 0.0004820 seconds, Stopping threads took: 0.0000560 seconds
143.434: Application time: 0.1800880 seconds
143.435: [GC143.435: [ParNew: 33789K->389K(37568K), 0.0004170 secs] 41884K->8484K(120960K), 0.0004430 secs] [Times: user=0.00 sys=0.00, real=0.00 secs] 
143.435: Total time for which application threads were stopped: 0.0005690 seconds, Stopping threads took: 0.0000590 seconds
143.614: Application time: 0.1785860 seconds
143.614: [GC143.614: [ParNew: 33797K->393K(37568K), 0.0003900 secs] 41892K->8488K(120960K), 0.0004140 secs] [Times: user=0.00 sys=0.00, real=0.00 secs] 
143.614: Total time for which application threads were stopped: 0.0005310 seconds, Stopping threads took: 0.0000520 seconds
143.792: Application time: 0.1775450 seconds
143.792: [GC143.792: [ParNew: 33801K->393K(37568K), 0.0004130 secs] 41896K->8497K(120960K), 0.0004450 secs] [Times: user=0.00 sys=0.00, real=0.00 secs] 
143.792: Total time for which application threads were stopped: 0.0005940 seconds, Stopping threads took: 0.0000710 seconds
143.971: Application time: 0.1785740 seconds
143.971: [GC143.971: [ParNew: 33801K->395K(37568K), 0.0004220 secs] 41905K->8498K(120960K), 0.0004460 secs] [Times: user=0.00 sys=0.00, real=0.00 secs] 
143.971: Total time for which application threads were stopped: 0.0005950 seconds, Stopping threads took: 0.0000840 seconds
144.147: Application time: 0.1755790 seconds
144.147: [GC144.147: [ParNew: 33803K->395K(37568K), 0.0004860 secs] 41906K->8498K(120960K), 0.0005120 secs] [Times: user=0.01 sys=0.00, real=0.00 secs] 
144.148: Total time for which application threads were stopped: 0.0006470 seconds, Stopping threads took: 0.0000670 seconds
144.327: Application time: 0.1790020 seconds
144.327: [GC144.327: [ParNew: 33803K->403K(37568K), 0.0004020 secs] 41906K->8506K(120960K), 0.0004280 secs] [Times: user=0.01 sys=0.00, real=0.00 secs] 
144.327: Total time for which application threads were stopped: 0.0005670 seconds, Stopping threads took: 0.0000630 seconds
144.506: Application time: 0.1783710 seconds
144.506: [GC144.506: [ParNew: 33811K->395K(37568K), 0.0004270 secs] 41914K->8514K(120960K), 0.0004560 secs] [Times: user=0.01 sys=0.00, real=0.00 secs] 
144.506: Total time for which application threads were stopped: 0.0006150 seconds, Stopping threads took: 0.0000610 seconds
144.685: Application time: 0.1789190 seconds
144.685: [GC144.685: [ParNew: 33803K->402K(37568K), 0.0004120 secs] 41922K->8521K(120960K), 0.0004410 secs] [Times: user=0.00 sys=0.00, real=0.00 secs] 
144.686: Total time for which application threads were stopped: 0.0005650 seconds, Stopping threads took: 0.0000560 seconds
144.861: Application time: 0.1752350 seconds
144.861: [GC144.861: [ParNew: 33810K->398K(37568K), 0.0004830 secs] 41929K->8517K(120960K), 0.0005100 secs] [Times: user=0.01 sys=0.00, real=0.00 secs] 
144.862: Total time for which application threads were stopped: 0.0006480 seconds, Stopping threads took: 0.0000630 seconds
145.041: Application time: 0.1793700 seconds
145.041: [GC145.041: [ParNew: 33806K->396K(37568K), 0.0004610 secs] 41925K->8515K(120960K), 0.0004880 secs] [Times: user=0.00 sys=0.00, real=0.00 secs] 
145.042: Total time for which application threads were stopped: 0.0006210 seconds, Stopping threads took: 0.0000650 seconds
145.220: Application time: 0.1787690 seconds
145.220: [GC145.220: [ParNew: 33804K->398K(37568K), 0.0004640 secs] 41923K->8525K(120960K), 0.0004920 secs] [Times: user=0.00 sys=0.00, real=0.00 secs] 
145.221: Total time for which application threads were stopped: 0.0006160 seconds, Stopping threads took: 0.0000570 seconds
145.399: Application time: 0.1783690 seconds
145.399: [GC145.399: [ParNew: 33806K->403K(37568K), 0.0004380 secs] 41933K->8530K(120960K), 0.0004620 secs] [Times: user=0.00 sys=0.00, real=0.00 secs] 
145.400: Total time for which application threads were stopped: 0.0005980 seconds, Stopping threads took: 0.0000620 seconds
145.575: Application time: 0.1754100 seconds
145.575: [GC145.575: [ParNew: 33811K->403K(37568K), 0.0004310 secs] 41938K->8530K(120960K), 0.0004560 secs] [Times: user=0.00 sys=0.00, real=0.00 secs] 
145.576: Total time for which application threads were stopped: 0.0005890 seconds, Stopping threads took: 0.0000680 seconds
145.756: Application time: 0.1796080 seconds
145.756: [GC145.756: [ParNew: 33811K->406K(37568K), 0.0004260 secs] 41938K->8534K(120960K), 0.0004540 secs] [Times: user=0.00 sys=0.00, real=0.00 secs] 
145.756: Total time for which application threads were stopped: 0.0005870 seconds, Stopping threads took: 0.0000620 seconds
145.953: Application time: 0.1965860 seconds
145.953: [GC145.953: [ParNew: 33814K->403K(37568K), 0.0003920 secs] 41942K->8538K(120960K), 0.0004160 secs] [Times: user=0.00 sys=0.00, real=0.00 secs] 
145.953: Total time for which application threads were stopped: 0.0005590 seconds, Stopping threads took: 0.0000700 seconds
146.150: Application time: 0.1967960 seconds
146.150: [GC146.150: [ParNew: 33811K->393K(37568K), 0.0004680 secs] 41946K->8528K(120960K), 0.0004950 secs] [Times: user=0.00 sys=0.01, real=0.00 secs] 
146.151: Total time for which application threads were stopped: 0.0006500 seconds, Stopping threads took: 0.0000890 seconds
146.344: Application time: 0.1927760 seconds
146.344: [GC146.344: [ParNew: 33801K->400K(37568K), 0.0003630 secs] 41936K->8535K(120960K), 0.0003900 secs] [Times: user=0.00 sys=0.00, real=0.00 secs] 
146.344: Total time for which application threads were stopped: 0.0005150 seconds, Stopping threads took: 0.0000610 seconds
146.540: Application time: 0.1961020 seconds
146.540: [GC146.540: [ParNew: 33808K->402K(37568K), 0.0003850 secs] 41943K->8537K(120960K), 0.0004120 secs] [Times: user=0.00 sys=0.00, real=0.00 secs] 
146.541: Total time for which application threads were stopped: 0.0005510 seconds, Stopping threads took: 0.0000620 seconds
146.737: Application time: 0.1961390 seconds
146.737: [GC146.737: [ParNew: 33810K->386K(37568K), 0.0004180 secs] 41945K->8521K(120960K), 0.0004460 secs] [Times: user=0.00 sys=0.00, real=0.00 secs] 
146.737: Total time for which application threads were stopped: 0.0005990 seconds, Stopping threads took: 0.0000830 seconds
146.934: Application time: 0.1962560 seconds
146.934: [GC146.934: [ParNew: 33794K->397K(37568K), 0.0004240 secs] 41929K->8540K(120960K), 0.0004640 secs] [Times: user=0.00 sys=0.00, real=0.00 secs] 
146.934: Total time for which application threads were stopped: 0.0006250 seconds, Stopping threads took: 0.0000820 seconds
147.132: Application time: 0.1973300 seconds
147.132: [GC147.132: [ParNew: 33805K->404K(37568K), 0.0004270 secs] 41948K->8547K(120960K), 0.0004560 secs] [Times: user=0.01 sys=0.00, real=0.00 secs] 
147.132: Total time for which application threads were stopped: 0.0006050 seconds, Stopping threads took: 0.0000650 seconds
147.325: Application time: 0.1927730 seconds
147.325: [GC147.325: [ParNew: 33812K->395K(37568K), 0.0004400 secs] 41955K->8539K(120960K), 0.0004660 secs] [Times: user=0.00 sys=0.00, real=0.00 secs] 
147.326: Total time for which application threads were stopped: 0.0006060 seconds, Stopping threads took: 0.0000760 seconds
147.523: Application time: 0.1969840 seconds
147.523: [GC147.523: [ParNew: 33803K->402K(37568K), 0.0003810 secs] 41947K->8545K(120960K), 0.0004040 secs] [Times: user=0.00 sys=0.00, real=0.00 secs] 
147.523: Total time for which application threads were stopped: 0.0005370 seconds, Stopping threads took: 0.0000700 seconds
147.720: Application time: 0.1970030 seconds
147.720: [GC147.720: [ParNew: 33810K->390K(37568K), 0.0004040 secs] 41953K->8541K(120960K), 0.0004340 secs] [Times: user=0.00 sys=0.00, real=0.00 secs] 
147.721: Total time for which application threads were stopped: 0.0005750 seconds, Stopping threads took: 0.0000560 seconds
147.918: Application time: 0.1975730 seconds
147.918: [GC147.918: [ParNew: 33798K->405K(37568K), 0.0003990 secs] 41949K->8556K(120960K), 0.0004250 secs] [Times: user=0.00 sys=0.00, real=0.00 secs] 
147.919: Total time for which application threads were stopped: 0.0005530 seconds, Stopping threads took: 0.0000620 seconds
148.111: Application time: 0.1918970 seconds
148.111: [GC148.111: [ParNew: 33813K->394K(37568K), 0.0004930 secs] 41964K->8545K(120960K), 0.0005190 secs] [Times: user=0.01 sys=0.00, real=0.00 secs] 
148.111: Total time for which application threads were stopped: 0.0006470 seconds, Stopping threads took: 0.0000610 seconds
148.308: Application time: 0.1970700 seconds
148.309: [GC148.309: [ParNew: 33802K->401K(37568K), 0.0004260 secs] 41953K->8552K(120960K), 0.0004520 secs] [Times: user=0.00 sys=0.00, real=0.00 secs] 
148.309: Total time for which application threads were stopped: 0.0005940 seconds, Stopping threads took: 0.0000660 seconds
148.505: Application time: 0.1961140 seconds
148.505: [GC148.505: [ParNew: 33809K->407K(37568K), 0.0003790 secs] 41960K->8567K(120960K), 0.0004040 secs] [Times: user=0.00 sys=0.00, real=0.00 secs] 
148.506: Total time for which application threads were stopped: 0.0005400 seconds, Stopping threads took: 0.0000710 seconds
148.703: Application time: 0.1972750 seconds
148.703: [GC148.703: [ParNew: 33815K->384K(37568K), 0.0004780 secs] 41975K->8543K(120960K), 0.0005020 secs] [Times: user=0.01 sys=0.00, real=0.00 secs] 
148.704: Total time for which application threads were stopped: 0.0006320 seconds, Stopping threads took: 0.0000660 seconds
148.896: Application time: 0.1919070 seconds
148.896: [GC148.896: [ParNew: 33792K->389K(37568K), 0.0004070 secs] 41951K->8549K(120960K), 0.0004410 secs] [Times: user=0.00 sys=0.00, real=0.00 secs] 
148.896: Total time for which application threads were stopped: 0.0005830 seconds, Stopping threads took: 0.0000610 seconds
149.093: Application time: 0.1972150 seconds
149.093: [GC149.093: [ParNew: 33797K->397K(37568K), 0.0004570 secs] 41957K->8556K(120960K), 0.0004840 secs] [Times: user=0.00 sys=0.00, real=0.00 secs] 
149.094: Total time for which application threads were stopped: 0.0006180 seconds, Stopping threads took: 0.0000690 seconds
149.291: Application time: 0.1965690 seconds
149.291: [GC149.291: [ParNew: 33805K->402K(37568K), 0.0004360 secs] 41964K->8577K(120960K), 0.0004620 secs] [Times: user=0.00 sys=0.00, real=0.00 secs] 
149.291: Total time for which application threads were stopped: 0.0005820 seconds, Stopping threads took: 0.0000580 seconds
149.488: Application time: 0.1972890 seconds
149.489: [GC149.489: [ParNew: 33810K->398K(37568K), 0.0003800 secs] 41985K->8581K(120960K), 0.0004170 secs] [Times: user=0.01 sys=0.00, real=0.00 secs] 
149.489: Total time for which application threads were stopped: 0.0005700 seconds, Stopping threads took: 0.0000720 seconds
149.681: Application time: 0.1924950 seconds
149.682: [GC149.682: [ParNew: 33806K->392K(37568K), 0.0004430 secs] 41989K->8575K(120960K), 0.0004690 secs] [Times: user=0.01 sys=0.00, real=0.00 secs] 
149.682: Total time for which application threads were stopped: 0.0005920 seconds, Stopping threads took: 0.0000570 seconds
149.867: Application time: 0.1850570 seconds
149.867: [GC149.867: [ParNew: 33800K->395K(37568K), 0.0004270 secs] 41983K->8579K(120960K), 0.0004520 secs] [Times: user=0.01 sys=0.00, real=0.00 secs] 
149.868: Total time for which application threads were stopped: 0.0005680 seconds, Stopping threads took: 0.0000480 seconds
150.046: Application time: 0.1786500 seconds
150.046: [GC150.046: [ParNew: 33803K->400K(37568K), 0.0003810 secs] 41987K->8583K(120960K), 0.0004080 secs] [Times: user=0.01 sys=0.00, real=0.00 secs] 
150.047: Total time for which application threads were stopped: 0.0005420 seconds, Stopping threads took: 0.0000600 seconds
150.226: Application time: 0.1792240 seconds
150.226: [GC150.226: [ParNew: 33808K->405K(37568K), 0.0003820 secs] 41991K->8596K(120960K), 0.0004120 secs] [Times: user=0.00 sys=0.00, real=0.01 secs] 
150.227: Total time for which application threads were stopped: 0.0005450 seconds, Stopping threads took: 0.0000650 seconds
150.404: Application time: 0.1775460 seconds
150.404: [GC150.404: [ParNew: 33813K->376K(37568K), 0.0004480 secs] 42004K->8568K(120960K), 0.0004730 secs] [Times: user=0.00 sys=0.00, real=0.00 secs] 
150.405: Total time for which application threads were stopped: 0.0005960 seconds, Stopping threads took: 0.0000590 seconds
150.581: Application time: 0.1765880 seconds
150.582: [GC150.582: [ParNew: 33784K->398K(37568K), 0.0003880 secs] 41976K->8589K(120960K), 0.0004150 secs] [Times: user=0.01 sys=0.00, real=0.00 secs] 
150.582: Total time for which application threads were stopped: 0.0005670 seconds, Stopping threads took: 0.0000770 seconds
150.762: Application time: 0.1797360 seconds
150.762: [GC150.762: [ParNew: 33806K->393K(37568K), 0.0003720 secs] 41997K->8584K(120960K), 0.0003930 secs] [Times: user=0.00 sys=0.00, real=0.00 secs] 
150.762: Total time for which application threads were stopped: 0.0005310 seconds, Stopping threads took: 0.0000740 seconds
150.941: Application time: 0.1789780 seconds
150.941: [GC150.941: [ParNew: 33801K->392K(37568K), 0.0003990 secs] 41992K->8591K(120960K), 0.0004220 secs] [Times: user=0.00 sys=0.00, real=0.00 secs] 
150.942: Total time for which application threads were stopped: 0.0005540 seconds, Stopping threads took: 0.0000690 seconds
151.121: Application time: 0.1793550 seconds
151.121: [GC151.121: [ParNew: 33800K->395K(37568K), 0.0003850 secs] 41999K->8594K(120960K), 0.0004090 secs] [Times: user=0.00 sys=0.00, real=0.00 secs] 
151.122: Total time for which application threads were stopped: 0.0005520 seconds, Stopping threads took: 0.0000690 seconds
151.296: Application time: 0.1745680 seconds
151.296: [GC151.296: [ParNew: 33803K->394K(37568K), 0.0004180 secs] 42002K->8594K(120960K), 0.0004450 secs] [Times: user=0.00 sys=0.00, real=0.00 secs] 
151.297: Total time for which application threads were stopped: 0.0006190 seconds, Stopping threads took: 0.0001090 seconds
151.477: Application time: 0.1796460 seconds
151.477: [GC151.477: [ParNew: 33802K->406K(37568K), 0.0003780 secs] 42002K->8606K(120960K), 0.0004050 secs] [Times: user=0.00 sys=0.00, real=0.00 secs] 
151.477: Total time for which application threads were stopped: 0.0005350 seconds, Stopping threads took: 0.0000580 seconds
151.656: Application time: 0.1789360 seconds
151.656: [GC151.656: [ParNew: 33814K->404K(37568K), 0.0003990 secs] 42014K->8611K(120960K), 0.0004250 secs] [Times: user=0.00 sys=0.00, real=0.00 secs] 
151.657: Total time for which application threads were stopped: 0.0005780 seconds, Stopping threads took: 0.0000720 seconds
151.837: Application time: 0.1799910 seconds
151.837: [GC151.837: [ParNew: 33812K->385K(37568K), 0.0003820 secs] 42019K->8593K(120960K), 0.0004090 secs] [Times: user=0.00 sys=0.00, real=0.00 secs] 
151.837: Total time for which application threads were stopped: 0.0005550 seconds, Stopping threads took: 0.0000840 seconds
152.011: Application time: 0.1741330 seconds
152.011: [GC152.011: [ParNew: 33793K->390K(37568K), 0.0004480 secs] 42001K->8597K(120960K), 0.0004730 secs] [Times: user=0.00 sys=0.00, real=0.00 secs] 
152.012: Total time for which application threads were stopped: 0.0006040 seconds, Stopping threads took: 0.0000670 seconds
152.191: Application time: 0.1788300 seconds
152.191: [GC152.191: [ParNew: 33798K->400K(37568K), 0.0003640 secs] 42005K->8607K(120960K), 0.0003860 secs] [Times: user=0.01 sys=0.00, real=0.00 secs] 
152.191: Total time for which application threads were stopped: 0.0005170 seconds, Stopping threads took: 0.0000560 seconds
152.370: Application time: 0.1785530 seconds
152.370: [GC152.370: [ParNew: 33808K->395K(37568K), 0.0003670 secs] 42015K->8610K(120960K), 0.0003950 secs] [Times: user=0.00 sys=0.00, real=0.00 secs] 
152.370: Total time for which application threads were stopped: 0.0005270 seconds, Stopping threads took: 0.0000670 seconds
152.549: Application time: 0.1789000 seconds
152.549: [GC152.549: [ParNew: 33803K->395K(37568K), 0.0003840 secs] 42018K->8611K(120960K), 0.0004090 secs] [Times: user=0.00 sys=0.00, real=0.00 secs] 
152.550: Total time for which application threads were stopped: 0.0005350 seconds, Stopping threads took: 0.0000620 seconds
152.725: Application time: 0.1751220 seconds
152.725: [GC152.725: [ParNew: 33803K->396K(37568K), 0.0004030 secs] 42019K->8611K(120960K), 0.0004250 secs] [Times: user=0.01 sys=0.00, real=0.00 secs] 
152.725: Total time for which application threads were stopped: 0.0005620 seconds, Stopping threads took: 0.0000620 seconds
152.905: Application time: 0.1791640 seconds
152.905: [GC152.905: [ParNew: 33804K->393K(37568K), 0.0003720 secs] 42019K->8608K(120960K), 0.0003970 secs] [Times: user=0.00 sys=0.00, real=0.00 secs] 
152.905: Total time for which application threads were stopped: 0.0005230 seconds, Stopping threads took: 0.0000600 seconds
153.085: Application time: 0.1793890 seconds
153.085: [GC153.085: [ParNew: 33801K->398K(37568K), 0.0004110 secs] 42016K->8621K(120960K), 0.0004340 secs] [Times: user=0.00 sys=0.00, real=0.00 secs] 
153.085: Total time for which application threads were stopped: 0.0005620 seconds, Stopping threads took: 0.0000690 seconds
153.265: Application time: 0.1794670 seconds
153.265: [GC153.265: [ParNew: 33806K->400K(37568K), 0.0004190 secs] 42029K->8631K(120960K), 0.0004420 secs] [Times: user=0.00 sys=0.00, real=0.00 secs] 
153.265: Total time for which application threads were stopped: 0.0005700 seconds, Stopping threads took: 0.0000560 seconds
153.441: Application time: 0.1762370 seconds
153.441: [GC153.441: [ParNew: 33808K->403K(37568K), 0.0003500 secs] 42039K->8634K(120960K), 0.0003740 secs] [Times: user=0.00 sys=0.00, real=0.00 secs] 
153.442: Total time for which application threads were stopped: 0.0004960 seconds, Stopping threads took: 0.0000580 seconds
153.619: Application time: 0.1775220 seconds
153.619: [GC153.620: [ParNew: 33811K->399K(37568K), 0.0004710 secs] 42042K->8630K(120960K), 0.0004950 secs] [Times: user=0.01 sys=0.00, real=0.00 secs] 
153.620: Total time for which application threads were stopped: 0.0006300 seconds, Stopping threads took: 0.0000720 seconds
153.799: Application time: 0.1791210 seconds
153.799: [GC153.799: [ParNew: 33807K->391K(37568K), 0.0004260 secs] 42038K->8622K(120960K), 0.0004520 secs] [Times: user=0.00 sys=0.00, real=0.00 secs] 
153.800: Total time for which application threads were stopped: 0.0005880 seconds, Stopping threads took: 0.0000540 seconds
153.979: Application time: 0.1795710 seconds
153.979: [GC153.979: [ParNew: 33799K->392K(37568K), 0.0004420 secs] 42030K->8631K(120960K), 0.0004820 secs] [Times: user=0.01 sys=0.00, real=0.00 secs] 
153.980: Total time for which application threads were stopped: 0.0006090 seconds, Stopping threads took: 0.0000630 seconds
154.159: Application time: 0.1792310 seconds
154.162: [GC154.162: [ParNew: 33800K->389K(37568K), 0.0004740 secs] 42039K->8628K(120960K), 0.0005040 secs] [Times: user=0.00 sys=0.00, real=0.00 secs] 
154.163: Total time for which application threads were stopped: 0.0037890 seconds, Stopping threads took: 0.0032190 seconds
154.337: Application time: 0.1739210 seconds
154.337: [GC154.337: [ParNew: 33797K->398K(37568K), 0.0004480 secs] 42036K->8638K(120960K), 0.0004790 secs] [Times: user=0.01 sys=0.00, real=0.00 secs] 
154.337: Total time for which application threads were stopped: 0.0006360 seconds, Stopping threads took: 0.0000770 seconds
154.517: Application time: 0.1796710 seconds
154.517: [GC154.517: [ParNew: 33806K->409K(37568K), 0.0004440 secs] 42046K->8648K(120960K), 0.0004690 secs] [Times: user=0.01 sys=0.00, real=0.00 secs] 
154.518: Total time for which application threads were stopped: 0.0005980 seconds, Stopping threads took: 0.0000640 seconds
154.697: Application time: 0.1788560 seconds
154.697: [GC154.697: [ParNew: 33817K->394K(37568K), 0.0004360 secs] 42056K->8641K(120960K), 0.0004630 secs] [Times: user=0.00 sys=0.00, real=0.00 secs] 
154.697: Total time for which application threads were stopped: 0.0006140 seconds, Stopping threads took: 0.0000870 seconds
154.877: Application time: 0.1793310 seconds
154.877: [GC154.877: [ParNew: 33802K->397K(37568K), 0.0004340 secs] 42049K->8644K(120960K), 0.0004600 secs] [Times: user=0.01 sys=0.00, real=0.00 secs] 
154.877: Total time for which application threads were stopped: 0.0006020 seconds, Stopping threads took: 0.0000650 seconds
155.051: Application time: 0.1738050 seconds
155.051: [GC155.051: [ParNew: 33805K->398K(37568K), 0.0004430 secs] 42052K->8645K(120960K), 0.0004680 secs] [Times: user=0.00 sys=0.00, real=0.00 secs] 
155.052: Total time for which application threads were stopped: 0.0006010 seconds, Stopping threads took: 0.0000690 seconds
155.231: Application time: 0.1796850 seconds
155.231: [GC155.231: [ParNew: 33806K->395K(37568K), 0.0004940 secs] 42053K->8643K(120960K), 0.0005220 secs] [Times: user=0.01 sys=0.00, real=0.00 secs] 
155.232: Total time for which application threads were stopped: 0.0006700 seconds, Stopping threads took: 0.0000800 seconds
155.411: Application time: 0.1788160 seconds
155.411: [GC155.411: [ParNew: 33803K->404K(37568K), 0.0004910 secs] 42051K->8659K(120960K), 0.0005160 secs] [Times: user=0.00 sys=0.00, real=0.00 secs] 
155.411: Total time for which application threads were stopped: 0.0006500 seconds, Stopping threads took: 0.0000560 seconds
155.591: Application time: 0.1795830 seconds
155.591: [GC155.591: [ParNew: 33812K->395K(37568K), 0.0003750 secs] 42067K->8650K(120960K), 0.0003980 secs] [Times: user=0.00 sys=0.00, real=0.00 secs] 
155.592: Total time for which application threads were stopped: 0.0005260 seconds, Stopping threads took: 0.0000640 seconds
155.766: Application time: 0.1745940 seconds
155.766: [GC155.766: [ParNew: 33803K->393K(37568K), 0.0003990 secs] 42058K->8649K(120960K), 0.0004280 secs] [Times: user=0.00 sys=0.00, real=0.01 secs] 
155.767: Total time for which application threads were stopped: 0.0005560 seconds, Stopping threads took: 0.0000600 seconds
155.946: Application time: 0.1791990 seconds
155.946: [GC155.946: [ParNew: 33801K->395K(37568K), 0.0004310 secs] 42057K->8651K(120960K), 0.0004560 secs] [Times: user=0.00 sys=0.00, real=0.01 secs] 
155.946: Total time for which application threads were stopped: 0.0005950 seconds, Stopping threads took: 0.0000650 seconds
156.125: Application time: 0.1789980 seconds
156.126: [GC156.126: [ParNew: 33803K->391K(37568K), 0.0005060 secs] 42059K->8654K(120960K), 0.0005390 secs] [Times: user=0.01 sys=0.00, real=0.00 secs] 
156.127: Total time for which application threads were stopped: 0.0014800 seconds, Stopping threads took: 0.0008620 seconds
156.308: Application time: 0.1806600 seconds
156.308: [GC156.308: [ParNew: 33799K->402K(37568K), 0.0003820 secs] 42062K->8673K(120960K), 0.0004180 secs] [Times: user=0.00 sys=0.00, real=0.00 secs] 
156.308: Total time for which application threads were stopped: 0.0005510 seconds, Stopping threads took: 0.0000670 seconds
156.483: Application time: 0.1749610 seconds
156.483: [GC156.483: [ParNew: 33810K->374K(37568K), 0.0003470 secs] 42081K->8645K(120960K), 0.0003760 secs] [Times: user=0.00 sys=0.00, real=0.00 secs] 
156.484: Total time for which application threads were stopped: 0.0005260 seconds, Stopping threads took: 0.0000750 seconds
156.663: Application time: 0.1795850 seconds
156.663: [GC156.663: [ParNew: 33782K->401K(37568K), 0.0003900 secs] 42053K->8672K(120960K), 0.0004170 secs] [Times: user=0.00 sys=0.00, real=0.00 secs] 
156.664: Total time for which application threads were stopped: 0.0005680 seconds, Stopping threads took: 0.0000830 seconds
156.842: Application time: 0.1784280 seconds
156.842: [GC156.842: [ParNew: 33809K->382K(37568K), 0.0003620 secs] 42080K->8653K(120960K), 0.0003870 secs] [Times: user=0.00 sys=0.00, real=0.00 secs] 
156.843: Total time for which application threads were stopped: 0.0005100 seconds, Stopping threads took: 0.0000580 seconds
157.026: Application time: 0.1834520 seconds
157.026: [GC157.026: [ParNew: 33790K->396K(37568K), 0.0004070 secs] 42061K->8676K(120960K), 0.0004260 secs] [Times: user=0.00 sys=0.00, real=0.00 secs] 
157.027: Total time for which application threads were stopped: 0.0006170 seconds, Stopping threads took: 0.0001200 seconds
157.205: Application time: 0.1783720 seconds
157.205: [GC157.205: [ParNew: 33804K->399K(37568K), 0.0003840 secs] 42084K->8678K(120960K), 0.0004110 secs] [Times: user=0.01 sys=0.00, real=0.00 secs] 
157.206: Total time for which application threads were stopped: 0.0005400 seconds, Stopping threads took: 0.0000620 seconds
157.381: Application time: 0.1754970 seconds
157.381: [GC157.381: [ParNew: 33807K->392K(37568K), 0.0003930 secs] 42086K->8671K(120960K), 0.0004170 secs] [Times: user=0.00 sys=0.00, real=0.00 secs] 
157.382: Total time for which application threads were stopped: 0.0005590 seconds, Stopping threads took: 0.0000810 seconds
157.560: Application time: 0.1786950 seconds
157.561: [GC157.561: [ParNew: 33800K->399K(37568K), 0.0003530 secs] 42079K->8678K(120960K), 0.0003770 secs] [Times: user=0.00 sys=0.00, real=0.00 secs] 
157.561: Total time for which application threads were stopped: 0.0005090 seconds, Stopping threads took: 0.0000560 seconds
157.739: Application time: 0.1782980 seconds
157.742: [GC157.742: [ParNew: 33807K->399K(37568K), 0.0004380 secs] 42086K->8687K(120960K), 0.0004650 secs] [Times: user=0.00 sys=0.00, real=0.00 secs] 
157.743: Total time for which application threads were stopped: 0.0035490 seconds, Stopping threads took: 0.0030160 seconds
157.921: Application time: 0.1779460 seconds
157.921: [GC157.921: [ParNew: 33807K->398K(37568K), 0.0003770 secs] 42095K->8685K(120960K), 0.0004020 secs] [Times: user=0.00 sys=0.00, real=0.00 secs] 
157.921: Total time for which application threads were stopped: 0.0005330 seconds, Stopping threads took: 0.0000630 seconds
158.096: Application time: 0.1745540 seconds
158.096: [GC158.096: [ParNew: 33806K->398K(37568K), 0.0003500 secs] 42093K->8686K(120960K), 0.0003780 secs] [Times: user=0.00 sys=0.00, real=0.00 secs] 
158.096: Total time for which application threads were stopped: 0.0005110 seconds, Stopping threads took: 0.0000600 seconds
158.276: Application time: 0.1791470 seconds
158.276: [GC158.276: [ParNew: 33806K->402K(37568K), 0.0004260 secs] 42094K->8689K(120960K), 0.0004540 secs] [Times: user=0.00 sys=0.00, real=0.00 secs] 
158.276: Total time for which application threads were stopped: 0.0006220 seconds, Stopping threads took: 0.0001010 seconds
158.455: Application time: 0.1786180 seconds
158.455: [GC158.455: [ParNew: 33810K->404K(37568K), 0.0003900 secs] 42097K->8699K(120960K), 0.0004170 secs] [Times: user=0.01 sys=0.00, real=0.00 secs] 
158.455: Total time for which application threads were stopped: 0.0005500 seconds, Stopping threads took: 0.0000660 seconds
158.634: Application time: 0.1790140 seconds
158.635: [GC158.635: [ParNew: 33812K->395K(37568K), 0.0004710 secs] 42107K->8691K(120960K), 0.0005060 secs] [Times: user=0.01 sys=0.00, real=0.00 secs] 
158.635: Total time for which application threads were stopped: 0.0006570 seconds, Stopping threads took: 0.0000740 seconds
158.810: Application time: 0.1745740 seconds
158.810: [GC158.810: [ParNew: 33803K->395K(37568K), 0.0004260 secs] 42099K->8691K(120960K), 0.0004500 secs] [Times: user=0.01 sys=0.00, real=0.00 secs] 
158.810: Total time for which application threads were stopped: 0.0005910 seconds, Stopping threads took: 0.0000790 seconds
158.989: Application time: 0.1789610 seconds
158.989: [GC158.989: [ParNew: 33803K->405K(37568K), 0.0018690 secs] 42099K->8700K(120960K), 0.0018990 secs] [Times: user=0.00 sys=0.00, real=0.00 secs] 
158.991: Total time for which application threads were stopped: 0.0020410 seconds, Stopping threads took: 0.0000790 seconds
159.170: Application time: 0.1791320 seconds
159.170: [GC159.170: [ParNew: 33813K->399K(37568K), 0.0003810 secs] 42108K->8703K(120960K), 0.0004100 secs] [Times: user=0.00 sys=0.00, real=0.00 secs] 
159.171: Total time for which application threads were stopped: 0.0005580 seconds, Stopping threads took: 0.0000650 seconds
159.350: Application time: 0.1793260 seconds
159.350: [GC159.350: [ParNew: 33807K->401K(37568K), 0.0003960 secs] 42111K->8704K(120960K), 0.0004220 secs] [Times: user=0.00 sys=0.00, real=0.00 secs] 
159.351: Total time for which application threads were stopped: 0.0005510 seconds, Stopping threads took: 0.0000640 seconds
159.526: Application time: 0.1757270 seconds
159.527: [GC159.527: [ParNew: 33809K->392K(37568K), 0.0004360 secs] 42112K->8695K(120960K), 0.0004660 secs] [Times: user=0.01 sys=0.00, real=0.00 secs] 
159.527: Total time for which application threads were stopped: 0.0006040 seconds, Stopping threads took: 0.0000710 seconds
159.706: Application time: 0.1793900 seconds
159.707: [GC159.707: [ParNew: 33800K->392K(37568K), 0.0004540 secs] 42103K->8695K(120960K), 0.0004790 secs] [Times: user=0.00 sys=0.00, real=0.00 secs] 
159.707: Total time for which application threads were stopped: 0.0006220 seconds, Stopping threads took: 0.0000680 seconds
159.886: Application time: 0.1788870 seconds
159.886: [GC159.886: [ParNew: 33800K->391K(37568K), 0.0004730 secs] 42103K->8702K(120960K), 0.0004970 secs] [Times: user=0.00 sys=0.00, real=0.01 secs] 
159.887: Total time for which application threads were stopped: 0.0006310 seconds, Stopping threads took: 0.0000720 seconds
160.065: Application time: 0.1788390 seconds
160.066: [GC160.066: [ParNew: 33799K->388K(37568K), 0.0004700 secs] 42110K->8708K(120960K), 0.0004980 secs] [Times: user=0.00 sys=0.00, real=0.00 secs] 
160.066: Total time for which application threads were stopped: 0.0006370 seconds, Stopping threads took: 0.0000700 seconds
160.243: Application time: 0.1772770 seconds
160.244: [GC160.244: [ParNew: 33796K->377K(37568K), 0.0004290 secs] 42116K->8696K(120960K), 0.0004560 secs] [Times: user=0.00 sys=0.00, real=0.00 secs] 
160.244: Total time for which application threads were stopped: 0.0006250 seconds, Stopping threads took: 0.0000950 seconds
160.420: Application time: 0.1763920 seconds
160.421: [GC160.421: [ParNew: 33785K->389K(37568K), 0.0005000 secs] 42104K->8708K(120960K), 0.0005240 secs] [Times: user=0.01 sys=0.00, real=0.00 secs] 
160.421: Total time for which application threads were stopped: 0.0006420 seconds, Stopping threads took: 0.0000540 seconds
160.601: Application time: 0.1794690 seconds
160.601: [GC160.601: [ParNew: 33797K->395K(37568K), 0.0003940 secs] 42116K->8714K(120960K), 0.0004200 secs] [Times: user=0.01 sys=0.00, real=0.00 secs] 
160.601: Total time for which application threads were stopped: 0.0005380 seconds, Stopping threads took: 0.0000540 seconds
160.780: Application time: 0.1785620 seconds
160.780: [GC160.780: [ParNew: 33803K->399K(37568K), 0.0003960 secs] 42122K->8726K(120960K), 0.0004210 secs] [Times: user=0.01 sys=0.00, real=0.00 secs] 
160.780: Total time for which application threads were stopped: 0.0005630 seconds, Stopping threads took: 0.0000620 seconds
160.960: Application time: 0.1793090 seconds
160.960: [GC160.960: [ParNew: 33807K->397K(37568K), 0.0003900 secs] 42134K->8724K(120960K), 0.0004180 secs] [Times: user=0.00 sys=0.00, real=0.00 secs] 
160.960: Total time for which application threads were stopped: 0.0005680 seconds, Stopping threads took: 0.0000800 seconds
161.135: Application time: 0.1751410 seconds
161.135: [GC161.135: [ParNew: 33805K->400K(37568K), 0.0004310 secs] 42132K->8727K(120960K), 0.0004580 secs] [Times: user=0.01 sys=0.00, real=0.00 secs] 
161.136: Total time for which application threads were stopped: 0.0005840 seconds, Stopping threads took: 0.0000620 seconds
161.315: Application time: 0.1793150 seconds
161.315: [GC161.315: [ParNew: 33808K->390K(37568K), 0.0004590 secs] 42135K->8717K(120960K), 0.0004850 secs] [Times: user=0.00 sys=0.00, real=0.00 secs] 
161.316: Total time for which application threads were stopped: 0.0006250 seconds, Stopping threads took: 0.0000630 seconds
161.495: Application time: 0.1791560 seconds
161.495: [GC161.495: [ParNew: 33798K->388K(37568K), 0.0003870 secs] 42125K->8723K(120960K), 0.0004150 secs] [Times: user=0.01 sys=0.00, real=0.00 secs] 
161.495: Total time for which application threads were stopped: 0.0005370 seconds, Stopping threads took: 0.0000550 seconds
161.675: Application time: 0.1791030 seconds
161.675: [GC161.675: [ParNew: 33796K->398K(37568K), 0.0004330 secs] 42131K->8733K(120960K), 0.0004620 secs] [Times: user=0.00 sys=0.00, real=0.00 secs] 
161.675: Total time for which application threads were stopped: 0.0006210 seconds, Stopping threads took: 0.0000900 seconds
161.849: Application time: 0.1742410 seconds
161.850: [GC161.850: [ParNew: 33806K->397K(37568K), 0.0004820 secs] 42141K->8732K(120960K), 0.0005080 secs] [Times: user=0.00 sys=0.00, real=0.00 secs] 
161.850: Total time for which application threads were stopped: 0.0006720 seconds, Stopping threads took: 0.0000890 seconds
162.029: Application time: 0.1791280 seconds
162.029: [GC162.029: [ParNew: 33805K->398K(37568K), 0.0004770 secs] 42140K->8733K(120960K), 0.0005030 secs] [Times: user=0.00 sys=0.00, real=0.00 secs] 
162.030: Total time for which application threads were stopped: 0.0006270 seconds, Stopping threads took: 0.0000570 seconds
162.209: Application time: 0.1791960 seconds
162.209: [GC162.209: [ParNew: 33806K->400K(37568K), 0.0003860 secs] 42141K->8743K(120960K), 0.0004110 secs] [Times: user=0.00 sys=0.00, real=0.00 secs] 
162.210: Total time for which application threads were stopped: 0.0005370 seconds, Stopping threads took: 0.0000620 seconds
162.389: Application time: 0.1792220 seconds
162.389: [GC162.389: [ParNew: 33808K->388K(37568K), 0.0004510 secs] 42151K->8740K(120960K), 0.0004800 secs] [Times: user=0.00 sys=0.00, real=0.00 secs] 
162.389: Total time for which application threads were stopped: 0.0006150 seconds, Stopping threads took: 0.0000610 seconds
162.563: Application time: 0.1739800 seconds
162.564: [GC162.564: [ParNew: 33796K->399K(37568K), 0.0003720 secs] 42148K->8750K(120960K), 0.0003980 secs] [Times: user=0.00 sys=0.00, real=0.00 secs] 
162.564: Total time for which application threads were stopped: 0.0005340 seconds, Stopping threads took: 0.0000710 seconds
162.744: Application time: 0.1795950 seconds
162.744: [GC162.744: [ParNew: 33807K->399K(37568K), 0.0004020 secs] 42158K->8751K(120960K), 0.0004300 secs] [Times: user=0.00 sys=0.00, real=0.00 secs] 
162.744: Total time for which application threads were stopped: 0.0005770 seconds, Stopping threads took: 0.0000800 seconds
162.923: Application time: 0.1785990 seconds
162.923: [GC162.923: [ParNew: 33807K->403K(37568K), 0.0004390 secs] 42159K->8762K(120960K), 0.0004620 secs] [Times: user=0.00 sys=0.00, real=0.00 secs] 
162.923: Total time for which application threads were stopped: 0.0005890 seconds, Stopping threads took: 0.0000530 seconds
163.102: Application time: 0.1787530 seconds
163.102: [GC163.102: [ParNew: 33811K->402K(37568K), 0.0003700 secs] 42170K->8769K(120960K), 0.0003960 secs] [Times: user=0.00 sys=0.00, real=0.00 secs] 
163.103: Total time for which application threads were stopped: 0.0005220 seconds, Stopping threads took: 0.0000640 seconds
163.279: Application time: 0.1765090 seconds
163.279: [GC163.279: [ParNew: 33810K->377K(37568K), 0.0003680 secs] 42177K->8744K(120960K), 0.0003950 secs] [Times: user=0.00 sys=0.00, real=0.00 secs] 
163.280: Total time for which application threads were stopped: 0.0005100 seconds, Stopping threads took: 0.0000500 seconds
163.457: Application time: 0.1773670 seconds
163.457: [GC163.457: [ParNew: 33785K->403K(37568K), 0.0003900 secs] 42152K->8770K(120960K), 0.0004170 secs] [Times: user=0.01 sys=0.00, real=0.00 secs] 
163.458: Total time for which application threads were stopped: 0.0005490 seconds, Stopping threads took: 0.0000570 seconds
163.637: Application time: 0.1792030 seconds
163.637: [GC163.637: [ParNew: 33811K->383K(37568K), 0.0003950 secs] 42178K->8750K(120960K), 0.0004230 secs] [Times: user=0.00 sys=0.00, real=0.00 secs] 
163.637: Total time for which application threads were stopped: 0.0005580 seconds, Stopping threads took: 0.0000680 seconds
163.816: Application time: 0.1785880 seconds
163.816: [GC163.816: [ParNew: 33791K->397K(37568K), 0.0004810 secs] 42158K->8772K(120960K), 0.0005080 secs] [Times: user=0.00 sys=0.00, real=0.00 secs] 
163.817: Total time for which application threads were stopped: 0.0006590 seconds, Stopping threads took: 0.0000860 seconds
163.995: Application time: 0.1782370 seconds
163.995: [GC163.995: [ParNew: 33805K->398K(37568K), 0.0005410 secs] 42180K->8774K(120960K), 0.0005700 secs] [Times: user=0.00 sys=0.00, real=0.00 secs] 
163.995: Total time for which application threads were stopped: 0.0007020 seconds, Stopping threads took: 0.0000630 seconds
164.172: Application time: 0.1762430 seconds
164.172: [GC164.172: [ParNew: 33806K->395K(37568K), 0.0004760 secs] 42182K->8770K(120960K), 0.0005030 secs] [Times: user=0.00 sys=0.00, real=0.00 secs] 
164.172: Total time for which application threads were stopped: 0.0006650 seconds, Stopping threads took: 0.0000990 seconds
164.351: Application time: 0.1790810 seconds
164.352: [GC164.352: [ParNew: 33803K->388K(37568K), 0.0004820 secs] 42178K->8763K(120960K), 0.0005120 secs] [Times: user=0.00 sys=0.00, real=0.00 secs] 
164.352: Total time for which application threads were stopped: 0.0006490 seconds, Stopping threads took: 0.0000700 seconds
164.531: Application time: 0.1788680 seconds
164.531: [GC164.531: [ParNew: 33796K->393K(37568K), 0.0004570 secs] 42171K->8776K(120960K), 0.0004810 secs] [Times: user=0.00 sys=0.00, real=0.00 secs] 
164.532: Total time for which application threads were stopped: 0.0006270 seconds, Stopping threads took: 0.0000730 seconds
164.711: Application time: 0.1795410 seconds
164.711: [GC164.711: [ParNew: 33801K->391K(37568K), 0.0004100 secs] 42184K->8774K(120960K), 0.0004350 secs] [Times: user=0.00 sys=0.00, real=0.00 secs] 
164.712: Total time for which application threads were stopped: 0.0005550 seconds, Stopping threads took: 0.0000570 seconds
164.887: Application time: 0.1747870 seconds
164.887: [GC164.887: [ParNew: 33799K->392K(37568K), 0.0003860 secs] 42182K->8775K(120960K), 0.0004100 secs] [Times: user=0.00 sys=0.00, real=0.00 secs] 
164.887: Total time for which application threads were stopped: 0.0005390 seconds, Stopping threads took: 0.0000650 seconds
165.067: Application time: 0.1795070 seconds
165.067: [GC165.067: [ParNew: 33800K->397K(37568K), 0.0003850 secs] 42183K->8780K(120960K), 0.0004110 secs] [Times: user=0.00 sys=0.00, real=0.00 secs] 
165.067: Total time for which application threads were stopped: 0.0005650 seconds, Stopping threads took: 0.0000820 seconds
165.244: Application time: 0.1772910 seconds
165.245: [GC165.245: [ParNew: 33805K->409K(37568K), 0.0003880 secs] 42188K->8800K(120960K), 0.0004160 secs] [Times: user=0.00 sys=0.00, real=0.00 secs] 
165.245: Total time for which application threads were stopped: 0.0005350 seconds, Stopping threads took: 0.0000540 seconds
165.424: Application time: 0.1790710 seconds
165.424: [GC165.424: [ParNew: 33817K->396K(37568K), 0.0003760 secs] 42208K->8787K(120960K), 0.0004130 secs] [Times: user=0.01 sys=0.00, real=0.00 secs] 
165.425: Total time for which application threads were stopped: 0.0005420 seconds, Stopping threads took: 0.0000610 seconds
165.600: Application time: 0.1749630 seconds
165.600: [GC165.600: [ParNew: 33804K->405K(37568K), 0.0003720 secs] 42195K->8796K(120960K), 0.0004010 secs] [Times: user=0.00 sys=0.00, real=0.00 secs] 
165.600: Total time for which application threads were stopped: 0.0005360 seconds, Stopping threads took: 0.0000600 seconds
165.780: Application time: 0.1801930 seconds
165.780: [GC165.780: [ParNew: 33813K->389K(37568K), 0.0003970 secs] 42204K->8780K(120960K), 0.0004210 secs] [Times: user=0.00 sys=0.00, real=0.00 secs] 
165.781: Total time for which application threads were stopped: 0.0005650 seconds, Stopping threads took: 0.0000790 seconds
165.959: Application time: 0.1785980 seconds
165.960: [GC165.960: [ParNew: 33797K->392K(37568K), 0.0004570 secs] 42188K->8799K(120960K), 0.0004810 secs] [Times: user=0.01 sys=0.00, real=0.00 secs] 
165.960: Total time for which application threads were stopped: 0.0006210 seconds, Stopping threads took: 0.0000770 seconds
166.140: Application time: 0.1794380 seconds
166.140: [GC166.140: [ParNew: 33800K->397K(37568K), 0.0004070 secs] 42207K->8812K(120960K), 0.0004330 secs] [Times: user=0.00 sys=0.00, real=0.00 secs] 
166.140: Total time for which application threads were stopped: 0.0005790 seconds, Stopping threads took: 0.0000670 seconds
166.315: Application time: 0.1750090 seconds
166.315: [GC166.315: [ParNew: 33805K->397K(37568K), 0.0003610 secs] 42220K->8813K(120960K), 0.0003880 secs] [Times: user=0.00 sys=0.00, real=0.00 secs] 
166.316: Total time for which application threads were stopped: 0.0005170 seconds, Stopping threads took: 0.0000600 seconds
166.495: Application time: 0.1792100 seconds
166.495: [GC166.495: [ParNew: 33805K->401K(37568K), 0.0003960 secs] 42221K->8816K(120960K), 0.0004230 secs] [Times: user=0.01 sys=0.00, real=0.00 secs] 
166.495: Total time for which application threads were stopped: 0.0005440 seconds, Stopping threads took: 0.0000550 seconds
166.674: Application time: 0.1788170 seconds
166.674: [GC166.674: [ParNew: 33809K->380K(37568K), 0.0003870 secs] 42224K->8803K(120960K), 0.0004140 secs] [Times: user=0.00 sys=0.00, real=0.00 secs] 
166.675: Total time for which application threads were stopped: 0.0005510 seconds, Stopping threads took: 0.0000540 seconds
166.854: Application time: 0.1797160 seconds
166.855: [GC166.855: [ParNew: 33788K->397K(37568K), 0.0004450 secs] 42211K->8828K(120960K), 0.0004710 secs] [Times: user=0.00 sys=0.00, real=0.00 secs] 
166.855: Total time for which application threads were stopped: 0.0006070 seconds, Stopping threads took: 0.0000710 seconds
167.032: Application time: 0.1771660 seconds
167.032: [GC167.032: [ParNew: 33805K->388K(37568K), 0.0003610 secs] 42236K->8819K(120960K), 0.0003870 secs] [Times: user=0.00 sys=0.00, real=0.00 secs] 
167.033: Total time for which application threads were stopped: 0.0005360 seconds, Stopping threads took: 0.0000820 seconds
167.209: Application time: 0.1764220 seconds
167.209: [GC167.209: [ParNew: 33796K->397K(37568K), 0.0004790 secs] 42227K->8828K(120960K), 0.0005060 secs] [Times: user=0.00 sys=0.00, real=0.00 secs] 
167.210: Total time for which application threads were stopped: 0.0006660 seconds, Stopping threads took: 0.0000850 seconds
167.388: Application time: 0.1778420 seconds
167.388: [GC167.388: [ParNew: 33805K->401K(37568K), 0.0003700 secs] 42236K->8833K(120960K), 0.0003920 secs] [Times: user=0.00 sys=0.00, real=0.00 secs] 
167.388: Total time for which application threads were stopped: 0.0005260 seconds, Stopping threads took: 0.0000720 seconds
167.567: Application time: 0.1782930 seconds
167.567: [GC167.567: [ParNew: 33809K->404K(37568K), 0.0003980 secs] 42241K->8843K(120960K), 0.0004240 secs] [Times: user=0.00 sys=0.00, real=0.00 secs] 
167.567: Total time for which application threads were stopped: 0.0005640 seconds, Stopping threads took: 0.0000760 seconds
167.746: Application time: 0.1789730 seconds
167.746: [GC167.746: [ParNew: 33812K->400K(37568K), 0.0003960 secs] 42251K->8839K(120960K), 0.0004300 secs] [Times: user=0.00 sys=0.00, real=0.01 secs] 
167.747: Total time for which application threads were stopped: 0.0005590 seconds, Stopping threads took: 0.0000560 seconds
167.921: Application time: 0.1743360 seconds
167.922: [GC167.922: [ParNew: 33808K->395K(37568K), 0.0004400 secs] 42247K->8834K(120960K), 0.0004650 secs] [Times: user=0.01 sys=0.00, real=0.00 secs] 
167.923: Total time for which application threads were stopped: 0.0018850 seconds, Stopping threads took: 0.0013570 seconds
168.102: Application time: 0.1792900 seconds
168.102: [GC168.102: [ParNew: 33803K->399K(37568K), 0.0004560 secs] 42242K->8839K(120960K), 0.0004850 secs] [Times: user=0.00 sys=0.01, real=0.00 secs] 
168.103: Total time for which application threads were stopped: 0.0006160 seconds, Stopping threads took: 0.0000650 seconds
168.281: Application time: 0.1784710 seconds
168.281: [GC168.281: [ParNew: 33807K->404K(37568K), 0.0003870 secs] 42247K->8851K(120960K), 0.0004130 secs] [Times: user=0.01 sys=0.00, real=0.00 secs] 
168.282: Total time for which application threads were stopped: 0.0005550 seconds, Stopping threads took: 0.0000680 seconds
168.462: Application time: 0.1799130 seconds
168.462: [GC168.462: [ParNew: 33812K->398K(37568K), 0.0003790 secs] 42259K->8845K(120960K), 0.0004090 secs] [Times: user=0.01 sys=0.00, real=0.00 secs] 
168.462: Total time for which application threads were stopped: 0.0005430 seconds, Stopping threads took: 0.0000650 seconds
168.638: Application time: 0.1760290 seconds
168.638: [GC168.638: [ParNew: 33806K->397K(37568K), 0.0004570 secs] 42253K->8844K(120960K), 0.0004840 secs] [Times: user=0.00 sys=0.00, real=0.00 secs] 
168.639: Total time for which application threads were stopped: 0.0006350 seconds, Stopping threads took: 0.0000870 seconds
168.817: Application time: 0.1781930 seconds
168.817: [GC168.817: [ParNew: 33805K->404K(37568K), 0.0003830 secs] 42252K->8851K(120960K), 0.0004100 secs] [Times: user=0.00 sys=0.00, real=0.00 secs] 
168.818: Total time for which application threads were stopped: 0.0005430 seconds, Stopping threads took: 0.0000550 seconds
168.996: Application time: 0.1788150 seconds
168.997: [GC168.997: [ParNew: 33812K->401K(37568K), 0.0004120 secs] 42259K->8856K(120960K), 0.0004420 secs] [Times: user=0.00 sys=0.00, real=0.00 secs] 
168.997: Total time for which application threads were stopped: 0.0005800 seconds, Stopping threads took: 0.0000690 seconds
169.177: Application time: 0.1795790 seconds
169.177: [GC169.177: [ParNew: 33809K->401K(37568K), 0.0004060 secs] 42264K->8864K(120960K), 0.0004340 secs] [Times: user=0.00 sys=0.00, real=0.00 secs] 
169.177: Total time for which application threads were stopped: 0.0005830 seconds, Stopping threads took: 0.0000820 seconds
169.352: Application time: 0.1746730 seconds
169.352: [GC169.352: [ParNew: 33809K->364K(37568K), 0.0005260 secs] 42272K->8828K(120960K), 0.0005550 secs] [Times: user=0.00 sys=0.00, real=0.00 secs] 
169.353: Total time for which application threads were stopped: 0.0006860 seconds, Stopping threads took: 0.0000550 seconds
169.531: Application time: 0.1788440 seconds
169.532: [GC169.532: [ParNew: 33772K->395K(37568K), 0.0004600 secs] 42236K->8858K(120960K), 0.0004860 secs] [Times: user=0.01 sys=0.00, real=0.00 secs] 
169.532: Total time for which application threads were stopped: 0.0006030 seconds, Stopping threads took: 0.0000470 seconds
169.711: Application time: 0.1785240 seconds
169.711: [GC169.711: [ParNew: 33803K->401K(37568K), 0.0003740 secs] 42266K->8872K(120960K), 0.0004010 secs] [Times: user=0.00 sys=0.00, real=0.00 secs] 
169.711: Total time for which application threads were stopped: 0.0005450 seconds, Stopping threads took: 0.0000800 seconds
169.902: Application time: 0.1912970 seconds
169.903: [GC169.903: [ParNew: 33809K->402K(37568K), 0.0003860 secs] 42280K->8881K(120960K), 0.0004160 secs] [Times: user=0.00 sys=0.00, real=0.00 secs] 
169.903: Total time for which application threads were stopped: 0.0005720 seconds, Stopping threads took: 0.0000690 seconds
170.098: Application time: 0.1947570 seconds
170.098: [GC170.098: [ParNew: 33810K->396K(37568K), 0.0004470 secs] 42289K->8875K(120960K), 0.0004740 secs] [Times: user=0.01 sys=0.00, real=0.00 secs] 
170.098: Total time for which application threads were stopped: 0.0005950 seconds, Stopping threads took: 0.0000560 seconds
170.293: Application time: 0.1951000 seconds
170.294: [GC170.294: [ParNew: 33804K->391K(37568K), 0.0004810 secs] 42283K->8870K(120960K), 0.0005110 secs] [Times: user=0.00 sys=0.00, real=0.00 secs] 
170.294: Total time for which application threads were stopped: 0.0006580 seconds, Stopping threads took: 0.0000790 seconds
170.491: Application time: 0.1970010 seconds
170.491: [GC170.491: [ParNew: 33799K->394K(37568K), 0.0005000 secs] 42278K->8873K(120960K), 0.0005280 secs] [Times: user=0.00 sys=0.00, real=0.00 secs] 
170.492: Total time for which application threads were stopped: 0.0006730 seconds, Stopping threads took: 0.0000680 seconds
170.688: Application time: 0.1963740 seconds
170.688: [GC170.688: [ParNew: 33802K->395K(37568K), 0.0004710 secs] 42281K->8882K(120960K), 0.0004970 secs] [Times: user=0.00 sys=0.00, real=0.00 secs] 
170.689: Total time for which application threads were stopped: 0.0006190 seconds, Stopping threads took: 0.0000550 seconds
170.886: Application time: 0.1975460 seconds
170.886: [GC170.886: [ParNew: 33803K->399K(37568K), 0.0004970 secs] 42290K->8886K(120960K), 0.0005240 secs] [Times: user=0.01 sys=0.00, real=0.00 secs] 
170.887: Total time for which application threads were stopped: 0.0006610 seconds, Stopping threads took: 0.0000680 seconds
171.079: Application time: 0.1918630 seconds
171.079: [GC171.079: [ParNew: 33807K->404K(37568K), 0.0005190 secs] 42294K->8891K(120960K), 0.0005450 secs] [Times: user=0.00 sys=0.00, real=0.00 secs] 
171.080: Total time for which application threads were stopped: 0.0006720 seconds, Stopping threads took: 0.0000540 seconds
171.276: Application time: 0.1967560 seconds
171.276: [GC171.276: [ParNew: 33812K->393K(37568K), 0.0004340 secs] 42299K->8881K(120960K), 0.0004590 secs] [Times: user=0.00 sys=0.00, real=0.00 secs] 
171.277: Total time for which application threads were stopped: 0.0005920 seconds, Stopping threads took: 0.0000670 seconds
171.472: Application time: 0.1948240 seconds
171.472: [GC171.472: [ParNew: 33801K->399K(37568K), 0.0003890 secs] 42289K->8894K(120960K), 0.0004190 secs] [Times: user=0.00 sys=0.00, real=0.00 secs] 
171.472: Total time for which application threads were stopped: 0.0005610 seconds, Stopping threads took: 0.0000720 seconds
171.670: Application time: 0.1977030 seconds
171.670: [GC171.670: [ParNew: 33807K->396K(37568K), 0.0004120 secs] 42302K->8891K(120960K), 0.0004370 secs] [Times: user=0.00 sys=0.00, real=0.00 secs] 
171.671: Total time for which application threads were stopped: 0.0005700 seconds, Stopping threads took: 0.0000600 seconds
171.862: Application time: 0.1918020 seconds
171.862: [GC171.862: [ParNew: 33804K->408K(37568K), 0.0003870 secs] 42299K->8903K(120960K), 0.0004140 secs] [Times: user=0.00 sys=0.00, real=0.00 secs] 
171.863: Total time for which application threads were stopped: 0.0005540 seconds, Stopping threads took: 0.0000680 seconds
172.060: Application time: 0.1972270 seconds
172.060: [GC172.060: [ParNew: 33816K->398K(37568K), 0.0003840 secs] 42311K->8893K(120960K), 0.0004080 secs] [Times: user=0.00 sys=0.00, real=0.00 secs] 
172.061: Total time for which application threads were stopped: 0.0005380 seconds, Stopping threads took: 0.0000640 seconds
172.257: Application time: 0.1963120 seconds
172.257: [GC172.257: [ParNew: 33806K->397K(37568K), 0.0004710 secs] 42301K->8900K(120960K), 0.0005000 secs] [Times: user=0.01 sys=0.00, real=0.00 secs] 
172.258: Total time for which application threads were stopped: 0.0006420 seconds, Stopping threads took: 0.0000620 seconds
172.455: Application time: 0.1969390 seconds
172.455: [GC172.455: [ParNew: 33805K->398K(37568K), 0.0004770 secs] 42308K->8901K(120960K), 0.0005120 secs] [Times: user=0.01 sys=0.00, real=0.00 secs] 
172.455: Total time for which application threads were stopped: 0.0006650 seconds, Stopping threads took: 0.0000860 seconds
172.647: Application time: 0.1916760 seconds
172.647: [GC172.647: [ParNew: 33806K->399K(37568K), 0.0004220 secs] 42309K->8902K(120960K), 0.0004480 secs] [Times: user=0.00 sys=0.00, real=0.00 secs] 
172.647: Total time for which application threads were stopped: 0.0005720 seconds, Stopping threads took: 0.0000600 seconds
172.844: Application time: 0.1969210 seconds
172.845: [GC172.845: [ParNew: 33807K->400K(37568K), 0.0004950 secs] 42310K->8903K(120960K), 0.0005220 secs] [Times: user=0.00 sys=0.00, real=0.00 secs] 
172.845: Total time for which application threads were stopped: 0.0006910 seconds, Stopping threads took: 0.0000890 seconds
173.041: Application time: 0.1958200 seconds
173.041: [GC173.041: [ParNew: 33808K->396K(37568K), 0.0005160 secs] 42311K->8916K(120960K), 0.0005450 secs] [Times: user=0.00 sys=0.00, real=0.00 secs] 
173.042: Total time for which application threads were stopped: 0.0007090 seconds, Stopping threads took: 0.0000940 seconds
173.239: Application time: 0.1972460 seconds
173.239: [GC173.239: [ParNew: 33804K->396K(37568K), 0.0004210 secs] 42324K->8923K(120960K), 0.0004460 secs] [Times: user=0.01 sys=0.00, real=0.00 secs] 
173.239: Total time for which application threads were stopped: 0.0005850 seconds, Stopping threads took: 0.0000680 seconds
173.434: Application time: 0.1947930 seconds
173.434: [GC173.434: [ParNew: 33804K->374K(37568K), 0.0004950 secs] 42331K->8901K(120960K), 0.0005210 secs] [Times: user=0.00 sys=0.00, real=0.00 secs] 
173.435: Total time for which application threads were stopped: 0.0006590 seconds, Stopping threads took: 0.0000650 seconds
173.629: Application time: 0.1942760 seconds
173.629: [GC173.629: [ParNew: 33782K->397K(37568K), 0.0004050 secs] 42309K->8925K(120960K), 0.0004350 secs] [Times: user=0.01 sys=0.00, real=0.00 secs] 
173.630: Total time for which application threads were stopped: 0.0005830 seconds, Stopping threads took: 0.0000770 seconds
173.821: Application time: 0.1913790 seconds
173.821: [GC173.821: [ParNew: 33805K->401K(37568K), 0.0003750 secs] 42333K->8928K(120960K), 0.0004020 secs] [Times: user=0.00 sys=0.00, real=0.00 secs] 
173.822: Total time for which application threads were stopped: 0.0005460 seconds, Stopping threads took: 0.0000740 seconds
174.001: Application time: 0.1790030 seconds
174.001: [GC174.001: [ParNew: 33809K->386K(37568K), 0.0004850 secs] 42336K->8921K(120960K), 0.0017310 secs] [Times: user=0.00 sys=0.00, real=0.00 secs] 
174.003: Total time for which application threads were stopped: 0.0018850 seconds, Stopping threads took: 0.0000730 seconds
174.181: Application time: 0.1785510 seconds
174.181: [GC174.181: [ParNew: 33794K->380K(37568K), 0.0003810 secs] 42329K->8916K(120960K), 0.0004110 secs] [Times: user=0.00 sys=0.00, real=0.00 secs] 
174.182: Total time for which application threads were stopped: 0.0005380 seconds, Stopping threads took: 0.0000610 seconds
174.357: Application time: 0.1751140 seconds
174.358: [GC174.358: [ParNew: 33788K->394K(37568K), 0.0005100 secs] 42324K->8929K(120960K), 0.0005360 secs] [Times: user=0.00 sys=0.00, real=0.00 secs] 
174.359: Total time for which application threads were stopped: 0.0021580 seconds, Stopping threads took: 0.0015580 seconds
174.538: Application time: 0.1791840 seconds
174.538: [GC174.538: [ParNew: 33802K->396K(37568K), 0.0004400 secs] 42337K->8932K(120960K), 0.0004640 secs] [Times: user=0.00 sys=0.00, real=0.00 secs] 
174.539: Total time for which application threads were stopped: 0.0006250 seconds, Stopping threads took: 0.0000840 seconds
174.718: Application time: 0.1789140 seconds
174.718: [GC174.718: [ParNew: 33804K->398K(37568K), 0.0003880 secs] 42340K->8941K(120960K), 0.0004150 secs] [Times: user=0.00 sys=0.00, real=0.00 secs] 
174.718: Total time for which application threads were stopped: 0.0005410 seconds, Stopping threads took: 0.0000580 seconds
174.897: Application time: 0.1786450 seconds
174.897: [GC174.897: [ParNew: 33806K->395K(37568K), 0.0004520 secs] 42349K->8938K(120960K), 0.0004890 secs] [Times: user=0.01 sys=0.00, real=0.00 secs] 
174.898: Total time for which application threads were stopped: 0.0006300 seconds, Stopping threads took: 0.0000760 seconds
175.073: Application time: 0.1750060 seconds
175.073: [GC175.073: [ParNew: 33803K->406K(37568K), 0.0003690 secs] 42346K->8949K(120960K), 0.0003970 secs] [Times: user=0.00 sys=0.00, real=0.00 secs] 
175.073: Total time for which application threads were stopped: 0.0005310 seconds, Stopping threads took: 0.0000580 seconds
175.252: Application time: 0.1792020 seconds
175.252: [GC175.252: [ParNew: 33814K->402K(37568K), 0.0004180 secs] 42357K->8946K(120960K), 0.0004480 secs] [Times: user=0.00 sys=0.00, real=0.00 secs] 
175.253: Total time for which application threads were stopped: 0.0006010 seconds, Stopping threads took: 0.0000850 seconds
175.430: Application time: 0.1776320 seconds
175.431: [GC175.431: [ParNew: 33810K->394K(37568K), 0.0004050 secs] 42354K->8945K(120960K), 0.0004330 secs] [Times: user=0.01 sys=0.00, real=0.00 secs] 
175.431: Total time for which application threads were stopped: 0.0005640 seconds, Stopping threads took: 0.0000640 seconds
175.610: Application time: 0.1792820 seconds
175.610: [GC175.610: [ParNew: 33802K->399K(37568K), 0.0004100 secs] 42353K->8950K(120960K), 0.0004320 secs] [Times: user=0.00 sys=0.00, real=0.00 secs] 
175.611: Total time for which application threads were stopped: 0.0005690 seconds, Stopping threads took: 0.0000650 seconds
175.786: Application time: 0.1749990 seconds
175.786: [GC175.786: [ParNew: 33807K->396K(37568K), 0.0004290 secs] 42358K->8947K(120960K), 0.0004570 secs] [Times: user=0.00 sys=0.00, real=0.01 secs] 
175.787: Total time for which application threads were stopped: 0.0005800 seconds, Stopping threads took: 0.0000590 seconds
175.965: Application time: 0.1788990 seconds
175.966: [GC175.966: [ParNew: 33804K->399K(37568K), 0.0004090 secs] 42355K->8950K(120960K), 0.0004370 secs] [Times: user=0.00 sys=0.00, real=0.00 secs] 
175.966: Total time for which application threads were stopped: 0.0005960 seconds, Stopping threads took: 0.0000900 seconds
176.145: Application time: 0.1785940 seconds
176.145: [GC176.145: [ParNew: 33807K->404K(37568K), 0.0004340 secs] 42358K->8971K(120960K), 0.0004600 secs] [Times: user=0.00 sys=0.00, real=0.00 secs] 
176.145: Total time for which application threads were stopped: 0.0005940 seconds, Stopping threads took: 0.0000610 seconds
176.324: Application time: 0.1786650 seconds
176.324: [GC176.324: [ParNew: 33812K->379K(37568K), 0.0003900 secs] 42379K->8954K(120960K), 0.0004180 secs] [Times: user=0.01 sys=0.00, real=0.00 secs] 
176.324: Total time for which application threads were stopped: 0.0005450 seconds, Stopping threads took: 0.0000590 seconds
176.501: Application time: 0.1762230 seconds
176.501: [GC176.501: [ParNew: 33787K->384K(37568K), 0.0004940 secs] 42362K->8960K(120960K), 0.0005180 secs] [Times: user=0.01 sys=0.00, real=0.00 secs] 
176.501: Total time for which application threads were stopped: 0.0006440 seconds, Stopping threads took: 0.0000620 seconds
176.678: Application time: 0.1771640 seconds
176.679: [GC176.679: [ParNew: 33792K->390K(37568K), 0.0003800 secs] 42368K->8965K(120960K), 0.0004070 secs] [Times: user=0.00 sys=0.00, real=0.00 secs] 
176.679: Total time for which application threads were stopped: 0.0005530 seconds, Stopping threads took: 0.0000700 seconds
176.858: Application time: 0.1787650 seconds
176.858: [GC176.858: [ParNew: 33798K->392K(37568K), 0.0004460 secs] 42373K->8984K(120960K), 0.0004730 secs] [Times: user=0.01 sys=0.00, real=0.00 secs] 
176.858: Total time for which application threads were stopped: 0.0006040 seconds, Stopping threads took: 0.0000650 seconds
177.038: Application time: 0.1798440 seconds
177.038: [GC177.038: [ParNew: 33800K->395K(37568K), 0.0003920 secs] 42392K->8994K(120960K), 0.0004200 secs] [Times: user=0.00 sys=0.00, real=0.00 secs] 
177.039: Total time for which application threads were stopped: 0.0005570 seconds, Stopping threads took: 0.0000600 seconds
177.216: Application time: 0.1772570 seconds
177.216: [GC177.216: [ParNew: 33803K->395K(37568K), 0.0003780 secs] 42402K->8994K(120960K), 0.0004010 secs] [Times: user=0.00 sys=0.00, real=0.00 secs] 
177.217: Total time for which application threads were stopped: 0.0005270 seconds, Stopping threads took: 0.0000550 seconds
177.392: Application time: 0.1752720 seconds
177.392: [GC177.392: [ParNew: 33803K->402K(37568K), 0.0003910 secs] 42402K->9001K(120960K), 0.0004170 secs] [Times: user=0.01 sys=0.00, real=0.00 secs] 
177.392: Total time for which application threads were stopped: 0.0005390 seconds, Stopping threads took: 0.0000570 seconds
177.572: Application time: 0.1792130 seconds
177.572: [GC177.572: [ParNew: 33810K->402K(37568K), 0.0004380 secs] 42409K->9001K(120960K), 0.0004600 secs] [Times: user=0.00 sys=0.00, real=0.00 secs] 
177.572: Total time for which application threads were stopped: 0.0005910 seconds, Stopping threads took: 0.0000650 seconds
177.751: Application time: 0.1787950 seconds
177.751: [GC177.751: [ParNew: 33810K->401K(37568K), 0.0003760 secs] 42409K->9016K(120960K), 0.0004010 secs] [Times: user=0.00 sys=0.00, real=0.00 secs] 
177.752: Total time for which application threads were stopped: 0.0005350 seconds, Stopping threads took: 0.0000600 seconds
177.931: Application time: 0.1792880 seconds
177.931: [GC177.931: [ParNew: 33809K->399K(37568K), 0.0004020 secs] 42424K->9014K(120960K), 0.0004280 secs] [Times: user=0.01 sys=0.00, real=0.00 secs] 
177.931: Total time for which application threads were stopped: 0.0005540 seconds, Stopping threads took: 0.0000600 seconds
178.108: Application time: 0.1761640 seconds
178.108: [GC178.108: [ParNew: 33807K->400K(37568K), 0.0003570 secs] 42422K->9016K(120960K), 0.0003830 secs] [Times: user=0.00 sys=0.00, real=0.00 secs] 
178.108: Total time for which application threads were stopped: 0.0005030 seconds, Stopping threads took: 0.0000540 seconds
178.288: Application time: 0.1797630 seconds
178.288: [GC178.288: [ParNew: 33808K->389K(37568K), 0.0004800 secs] 42424K->9004K(120960K), 0.0005050 secs] [Times: user=0.00 sys=0.00, real=0.00 secs] 
178.288: Total time for which application threads were stopped: 0.0006500 seconds, Stopping threads took: 0.0000710 seconds
178.467: Application time: 0.1781270 seconds
178.467: [GC178.467: [ParNew: 33797K->402K(37568K), 0.0003720 secs] 42412K->9025K(120960K), 0.0003990 secs] [Times: user=0.00 sys=0.00, real=0.00 secs] 
178.467: Total time for which application threads were stopped: 0.0005250 seconds, Stopping threads took: 0.0000620 seconds
178.646: Application time: 0.1788990 seconds
178.646: [GC178.646: [ParNew: 33810K->401K(37568K), 0.0004110 secs] 42433K->9024K(120960K), 0.0004410 secs] [Times: user=0.01 sys=0.00, real=0.01 secs] 
178.647: Total time for which application threads were stopped: 0.0005790 seconds, Stopping threads took: 0.0000670 seconds
178.821: Application time: 0.1744820 seconds
178.821: [GC178.821: [ParNew: 33809K->399K(37568K), 0.0003750 secs] 42432K->9022K(120960K), 0.0004020 secs] [Times: user=0.00 sys=0.00, real=0.00 secs] 
178.822: Total time for which application threads were stopped: 0.0005390 seconds, Stopping threads took: 0.0000620 seconds
179.001: Application time: 0.1793210 seconds
179.001: [GC179.001: [ParNew: 33807K->408K(37568K), 0.0004290 secs] 42430K->9032K(120960K), 0.0004700 secs] [Times: user=0.00 sys=0.00, real=0.00 secs] 
179.002: Total time for which application threads were stopped: 0.0006600 seconds, Stopping threads took: 0.0001200 seconds
179.180: Application time: 0.1786380 seconds
179.180: [GC179.180: [ParNew: 33816K->398K(37568K), 0.0003990 secs] 42440K->9029K(120960K), 0.0004240 secs] [Times: user=0.01 sys=0.00, real=0.00 secs] 
179.181: Total time for which application threads were stopped: 0.0005770 seconds, Stopping threads took: 0.0000890 seconds
179.360: Application time: 0.1791800 seconds
179.360: [GC179.360: [ParNew: 33806K->389K(37568K), 0.0004930 secs] 42437K->9028K(120960K), 0.0005260 secs] [Times: user=0.01 sys=0.00, real=0.00 secs] 
179.361: Total time for which application threads were stopped: 0.0006660 seconds, Stopping threads took: 0.0000580 seconds
179.535: Application time: 0.1742980 seconds
179.535: [GC179.535: [ParNew: 33797K->396K(37568K), 0.0003480 secs] 42436K->9035K(120960K), 0.0003720 secs] [Times: user=0.00 sys=0.00, real=0.00 secs] 
179.535: Total time for which application threads were stopped: 0.0004950 seconds, Stopping threads took: 0.0000610 seconds
179.715: Application time: 0.1796480 seconds
179.715: [GC179.715: [ParNew: 33804K->392K(37568K), 0.0004530 secs] 42443K->9031K(120960K), 0.0004810 secs] [Times: user=0.00 sys=0.00, real=0.00 secs] 
179.716: Total time for which application threads were stopped: 0.0006150 seconds, Stopping threads took: 0.0000660 seconds
179.894: Application time: 0.1786070 seconds
179.894: [GC179.894: [ParNew: 33800K->395K(37568K), 0.0005030 secs] 42439K->9043K(120960K), 0.0005260 secs] [Times: user=0.00 sys=0.00, real=0.00 secs] 
179.895: Total time for which application threads were stopped: 0.0006550 seconds, Stopping threads took: 0.0000570 seconds
180.074: Application time: 0.1785390 seconds
180.074: [GC180.074: [ParNew: 33803K->403K(37568K), 0.0003460 secs] 42451K->9058K(120960K), 0.0003700 secs] [Times: user=0.00 sys=0.00, real=0.00 secs] 
180.074: Total time for which application threads were stopped: 0.0004970 seconds, Stopping threads took: 0.0000660 seconds
180.251: Application time: 0.1764730 seconds
180.251: [GC180.251: [ParNew: 33811K->384K(37568K), 0.0003550 secs] 42466K->9039K(120960K), 0.0003830 secs] [Times: user=0.00 sys=0.00, real=0.00 secs] 
180.251: Total time for which application threads were stopped: 0.0005120 seconds, Stopping threads took: 0.0000630 seconds
180.427: Application time: 0.1758670 seconds
180.430: [GC180.430: [ParNew: 33792K->395K(37568K), 0.0003830 secs] 42447K->9050K(120960K), 0.0004130 secs] [Times: user=0.01 sys=0.00, real=0.00 secs] 
180.431: Total time for which application threads were stopped: 0.0039650 seconds, Stopping threads took: 0.0034700 seconds
180.611: Application time: 0.1797450 seconds
180.611: [GC180.611: [ParNew: 33803K->399K(37568K), 0.0004320 secs] 42458K->9054K(120960K), 0.0004570 secs] [Times: user=0.00 sys=0.00, real=0.00 secs] 
180.611: Total time for which application threads were stopped: 0.0005840 seconds, Stopping threads took: 0.0000620 seconds
180.789: Application time: 0.1779730 seconds
180.789: [GC180.789: [ParNew: 33807K->396K(37568K), 0.0004240 secs] 42462K->9059K(120960K), 0.0004480 secs] [Times: user=0.01 sys=0.00, real=0.00 secs] 
180.790: Total time for which application threads were stopped: 0.0005730 seconds, Stopping threads took: 0.0000630 seconds
180.969: Application time: 0.1794490 seconds
180.969: [GC180.969: [ParNew: 33804K->405K(37568K), 0.0004990 secs] 42467K->9068K(120960K), 0.0005260 secs] [Times: user=0.01 sys=0.00, real=0.00 secs] 
180.970: Total time for which application threads were stopped: 0.0006760 seconds, Stopping threads took: 0.0000700 seconds
181.145: Application time: 0.1748160 seconds
181.145: [GC181.145: [ParNew: 33813K->394K(37568K), 0.0003990 secs] 42476K->9057K(120960K), 0.0004280 secs] [Times: user=0.01 sys=0.00, real=0.00 secs] 
181.145: Total time for which application threads were stopped: 0.0005640 seconds, Stopping threads took: 0.0000660 seconds
181.325: Application time: 0.1795840 seconds
181.325: [GC181.325: [ParNew: 33802K->402K(37568K), 0.0003870 secs] 42465K->9065K(120960K), 0.0004150 secs] [Times: user=0.00 sys=0.00, real=0.00 secs] 
181.325: Total time for which application threads were stopped: 0.0005560 seconds, Stopping threads took: 0.0000740 seconds
181.504: Application time: 0.1789310 seconds
181.504: [GC181.504: [ParNew: 33810K->379K(37568K), 0.0004230 secs] 42473K->9050K(120960K), 0.0004510 secs] [Times: user=0.00 sys=0.00, real=0.00 secs] 
181.505: Total time for which application threads were stopped: 0.0006040 seconds, Stopping threads took: 0.0000710 seconds
181.684: Application time: 0.1790200 seconds
181.684: [GC181.684: [ParNew: 33787K->392K(37568K), 0.0003940 secs] 42458K->9063K(120960K), 0.0004310 secs] [Times: user=0.00 sys=0.00, real=0.00 secs] 
181.685: Total time for which application threads were stopped: 0.0005770 seconds, Stopping threads took: 0.0000780 seconds
181.867: Application time: 0.1820990 seconds
181.867: [GC181.867: [ParNew: 33800K->397K(37568K), 0.0003810 secs] 42471K->9069K(120960K), 0.0004080 secs] [Times: user=0.00 sys=0.00, real=0.00 secs] 
181.867: Total time for which application threads were stopped: 0.0005310 seconds, Stopping threads took: 0.0000550 seconds
182.064: Application time: 0.1970030 seconds
182.064: [GC182.064: [ParNew: 33805K->391K(37568K), 0.0004980 secs] 42477K->9063K(120960K), 0.0005330 secs] [Times: user=0.01 sys=0.00, real=0.00 secs] 
182.065: Total time for which application threads were stopped: 0.0007450 seconds, Stopping threads took: 0.0001190 seconds
182.260: Application time: 0.1955420 seconds
182.261: [GC182.261: [ParNew: 33799K->399K(37568K), 0.0004710 secs] 42471K->9078K(120960K), 0.0005010 secs] [Times: user=0.00 sys=0.00, real=0.00 secs] 
182.261: Total time for which application threads were stopped: 0.0006610 seconds, Stopping threads took: 0.0000900 seconds
182.459: Application time: 0.1978290 seconds
182.459: [GC182.459: [ParNew: 33807K->405K(37568K), 0.0003900 secs] 42486K->9085K(120960K), 0.0004160 secs] [Times: user=0.00 sys=0.00, real=0.00 secs] 
182.460: Total time for which application threads were stopped: 0.0005640 seconds, Stopping threads took: 0.0000800 seconds
182.652: Application time: 0.1923970 seconds
182.652: [GC182.652: [ParNew: 33813K->398K(37568K), 0.0003620 secs] 42493K->9077K(120960K), 0.0003880 secs] [Times: user=0.00 sys=0.00, real=0.00 secs] 
182.652: Total time for which application threads were stopped: 0.0005460 seconds, Stopping threads took: 0.0000830 seconds
182.850: Application time: 0.1971550 seconds
182.850: [GC182.850: [ParNew: 33806K->401K(37568K), 0.0004790 secs] 42485K->9080K(120960K), 0.0005060 secs] [Times: user=0.00 sys=0.00, real=0.00 secs] 
182.850: Total time for which application threads were stopped: 0.0006730 seconds, Stopping threads took: 0.0000960 seconds
183.047: Application time: 0.1967580 seconds
183.047: [GC183.047: [ParNew: 33809K->404K(37568K), 0.0004120 secs] 42488K->9092K(120960K), 0.0004400 secs] [Times: user=0.00 sys=0.00, real=0.00 secs] 
183.048: Total time for which application threads were stopped: 0.0005900 seconds, Stopping threads took: 0.0000850 seconds
183.245: Application time: 0.1973130 seconds
183.245: [GC183.245: [ParNew: 33812K->396K(37568K), 0.0003820 secs] 42500K->9091K(120960K), 0.0004060 secs] [Times: user=0.00 sys=0.00, real=0.00 secs] 
183.246: Total time for which application threads were stopped: 0.0005740 seconds, Stopping threads took: 0.0000950 seconds
183.440: Application time: 0.1941360 seconds
183.440: [GC183.440: [ParNew: 33804K->396K(37568K), 0.0004550 secs] 42499K->9091K(120960K), 0.0004760 secs] [Times: user=0.00 sys=0.00, real=0.00 secs] 
183.440: Total time for which application threads were stopped: 0.0006230 seconds, Stopping threads took: 0.0000830 seconds
183.634: Application time: 0.1939330 seconds
183.634: [GC183.634: [ParNew: 33804K->397K(37568K), 0.0004400 secs] 42499K->9092K(120960K), 0.0004670 secs] [Times: user=0.01 sys=0.00, real=0.00 secs] 
183.635: Total time for which application threads were stopped: 0.0006100 seconds, Stopping threads took: 0.0000760 seconds
183.833: Application time: 0.1982550 seconds
183.833: [GC183.833: [ParNew: 33805K->396K(37568K), 0.0004130 secs] 42500K->9091K(120960K), 0.0004430 secs] [Times: user=0.00 sys=0.00, real=0.00 secs] 
183.834: Total time for which application threads were stopped: 0.0005910 seconds, Stopping threads took: 0.0000660 seconds
184.031: Application time: 0.1971000 seconds
184.031: [GC184.031: [ParNew: 33804K->401K(37568K), 0.0005000 secs] 42499K->9105K(120960K), 0.0015700 secs] [Times: user=0.00 sys=0.00, real=0.00 secs] 
184.033: Total time for which application threads were stopped: 0.0017440 seconds, Stopping threads took: 0.0001000 seconds
184.227: Application time: 0.1943900 seconds
184.227: [GC184.227: [ParNew: 33747K->406K(37568K), 0.0004600 secs] 42450K->9110K(120960K), 0.0004970 secs] [Times: user=0.01 sys=0.00, real=0.00 secs] 
184.228: Total time for which application threads were stopped: 0.0006330 seconds, Stopping threads took: 0.0000690 seconds
184.420: Application time: 0.1921700 seconds
184.420: [GC184.420: [ParNew: 33814K->402K(37568K), 0.0004220 secs] 42518K->9106K(120960K), 0.0004510 secs] [Times: user=0.00 sys=0.00, real=0.00 secs] 
184.420: Total time for which application threads were stopped: 0.0005930 seconds, Stopping threads took: 0.0000630 seconds
184.618: Application time: 0.1976370 seconds
184.618: [GC184.618: [ParNew: 33810K->391K(37568K), 0.0004470 secs] 42514K->9094K(120960K), 0.0004760 secs] [Times: user=0.01 sys=0.00, real=0.00 secs] 
184.619: Total time for which application threads were stopped: 0.0006110 seconds, Stopping threads took: 0.0000650 seconds
184.815: Application time: 0.1961830 seconds
184.815: [GC184.815: [ParNew: 33799K->399K(37568K), 0.0004030 secs] 42502K->9110K(120960K), 0.0004320 secs] [Times: user=0.01 sys=0.00, real=0.00 secs] 
184.815: Total time for which application threads were stopped: 0.0005920 seconds, Stopping threads took: 0.0000870 seconds
185.013: Application time: 0.1972640 seconds
185.013: [GC185.013: [ParNew: 33807K->405K(37568K), 0.0003870 secs] 42518K->9116K(120960K), 0.0004150 secs] [Times: user=0.00 sys=0.00, real=0.00 secs] 
185.013: Total time for which application threads were stopped: 0.0005840 seconds, Stopping threads took: 0.0000860 seconds
185.204: Application time: 0.1912550 seconds
185.205: [GC185.205: [ParNew: 33813K->407K(37568K), 0.0003820 secs] 42524K->9118K(120960K), 0.0004110 secs] [Times: user=0.00 sys=0.00, real=0.00 secs] 
185.205: Total time for which application threads were stopped: 0.0005470 seconds, Stopping threads took: 0.0000680 seconds
185.403: Application time: 0.1975320 seconds
185.403: [GC185.403: [ParNew: 33815K->396K(37568K), 0.0004670 secs] 42526K->9107K(120960K), 0.0004920 secs] [Times: user=0.00 sys=0.00, real=0.00 secs] 
185.403: Total time for which application threads were stopped: 0.0006170 seconds, Stopping threads took: 0.0000570 seconds
185.600: Application time: 0.1963770 seconds
185.600: [GC185.600: [ParNew: 33804K->403K(37568K), 0.0004160 secs] 42515K->9122K(120960K), 0.0004420 secs] [Times: user=0.00 sys=0.00, real=0.00 secs] 
185.600: Total time for which application threads were stopped: 0.0005870 seconds, Stopping threads took: 0.0000660 seconds
185.796: Application time: 0.1959830 seconds
185.796: [GC185.796: [ParNew: 33811K->387K(37568K), 0.0003720 secs] 42530K->9106K(120960K), 0.0003950 secs] [Times: user=0.01 sys=0.00, real=0.00 secs] 
185.797: Total time for which application threads were stopped: 0.0005200 seconds, Stopping threads took: 0.0000600 seconds
185.971: Application time: 0.1744690 seconds
185.971: [GC185.971: [ParNew: 33795K->394K(37568K), 0.0004240 secs] 42514K->9113K(120960K), 0.0004500 secs] [Times: user=0.01 sys=0.00, real=0.00 secs] 
185.972: Total time for which application threads were stopped: 0.0005750 seconds, Stopping threads took: 0.0000610 seconds
186.151: Application time: 0.1792330 seconds
186.151: [GC186.151: [ParNew: 33802K->397K(37568K), 0.0004100 secs] 42521K->9117K(120960K), 0.0004350 secs] [Times: user=0.01 sys=0.00, real=0.00 secs] 
186.151: Total time for which application threads were stopped: 0.0005650 seconds, Stopping threads took: 0.0000540 seconds
186.330: Application time: 0.1784340 seconds
186.330: [GC186.330: [ParNew: 33805K->398K(37568K), 0.0003880 secs] 42525K->9125K(120960K), 0.0004180 secs] [Times: user=0.00 sys=0.00, real=0.00 secs] 
186.330: Total time for which application threads were stopped: 0.0005380 seconds, Stopping threads took: 0.0000520 seconds
186.510: Application time: 0.1796890 seconds
186.510: [GC186.510: [ParNew: 33806K->392K(37568K), 0.0004670 secs] 42533K->9127K(120960K), 0.0004960 secs] [Times: user=0.00 sys=0.01, real=0.00 secs] 
186.511: Total time for which application threads were stopped: 0.0006410 seconds, Stopping threads took: 0.0000740 seconds
186.688: Application time: 0.1767850 seconds
186.688: [GC186.688: [ParNew: 33800K->396K(37568K), 0.0004320 secs] 42535K->9131K(120960K), 0.0004580 secs] [Times: user=0.01 sys=0.00, real=0.00 secs] 
186.688: Total time for which application threads were stopped: 0.0006010 seconds, Stopping threads took: 0.0000630 seconds
186.864: Application time: 0.1762880 seconds
186.865: [GC186.865: [ParNew: 33804K->395K(37568K), 0.0003770 secs] 42539K->9130K(120960K), 0.0004060 secs] [Times: user=0.00 sys=0.00, real=0.00 secs] 
186.865: Total time for which application threads were stopped: 0.0005390 seconds, Stopping threads took: 0.0000650 seconds
187.043: Application time: 0.1781740 seconds
187.043: [GC187.043: [ParNew: 33803K->401K(37568K), 0.0003990 secs] 42538K->9152K(120960K), 0.0004270 secs] [Times: user=0.00 sys=0.00, real=0.00 secs] 
187.044: Total time for which application threads were stopped: 0.0005540 seconds, Stopping threads took: 0.0000590 seconds
187.223: Application time: 0.1794120 seconds
187.223: [GC187.223: [ParNew: 33809K->401K(37568K), 0.0003840 secs] 42560K->9160K(120960K), 0.0004080 secs] [Times: user=0.01 sys=0.00, real=0.00 secs] 
187.224: Total time for which application threads were stopped: 0.0005470 seconds, Stopping threads took: 0.0000650 seconds
187.403: Application time: 0.1788710 seconds
187.403: [GC187.403: [ParNew: 33809K->380K(37568K), 0.0004100 secs] 42568K->9139K(120960K), 0.0004370 secs] [Times: user=0.00 sys=0.00, real=0.00 secs] 
187.403: Total time for which application threads were stopped: 0.0005610 seconds, Stopping threads took: 0.0000590 seconds
187.579: Application time: 0.1754110 seconds
187.579: [GC187.579: [ParNew: 33788K->401K(37568K), 0.0004190 secs] 42547K->9160K(120960K), 0.0004480 secs] [Times: user=0.01 sys=0.00, real=0.00 secs] 
187.579: Total time for which application threads were stopped: 0.0005860 seconds, Stopping threads took: 0.0000700 seconds
187.759: Application time: 0.1794960 seconds
187.759: [GC187.759: [ParNew: 33809K->388K(37568K), 0.0003780 secs] 42568K->9147K(120960K), 0.0004040 secs] [Times: user=0.01 sys=0.00, real=0.00 secs] 
187.759: Total time for which application threads were stopped: 0.0005430 seconds, Stopping threads took: 0.0000620 seconds
187.938: Application time: 0.1785580 seconds
187.938: [GC187.938: [ParNew: 33796K->394K(37568K), 0.0003770 secs] 42555K->9161K(120960K), 0.0004040 secs] [Times: user=0.00 sys=0.00, real=0.00 secs] 
187.938: Total time for which application threads were stopped: 0.0005410 seconds, Stopping threads took: 0.0000670 seconds
188.118: Application time: 0.1794120 seconds
188.118: [GC188.118: [ParNew: 33802K->395K(37568K), 0.0003670 secs] 42569K->9162K(120960K), 0.0003970 secs] [Times: user=0.00 sys=0.00, real=0.00 secs] 
188.118: Total time for which application threads were stopped: 0.0005380 seconds, Stopping threads took: 0.0000750 seconds
188.293: Application time: 0.1745150 seconds
188.293: [GC188.293: [ParNew: 33803K->401K(37568K), 0.0003730 secs] 42570K->9168K(120960K), 0.0004020 secs] [Times: user=0.00 sys=0.00, real=0.00 secs] 
188.293: Total time for which application threads were stopped: 0.0005480 seconds, Stopping threads took: 0.0000710 seconds
188.472: Application time: 0.1790120 seconds
188.472: [GC188.472: [ParNew: 33809K->398K(37568K), 0.0004050 secs] 42576K->9165K(120960K), 0.0004310 secs] [Times: user=0.00 sys=0.00, real=0.00 secs] 
188.473: Total time for which application threads were stopped: 0.0005530 seconds, Stopping threads took: 0.0000570 seconds
188.651: Application time: 0.1777390 seconds
188.651: [GC188.651: [ParNew: 33806K->402K(37568K), 0.0003980 secs] 42573K->9177K(120960K), 0.0004270 secs] [Times: user=0.00 sys=0.00, real=0.00 secs] 
188.651: Total time for which application threads were stopped: 0.0005590 seconds, Stopping threads took: 0.0000620 seconds
188.831: Application time: 0.1799320 seconds
188.831: [GC188.831: [ParNew: 33810K->401K(37568K), 0.0003750 secs] 42585K->9176K(120960K), 0.0004090 secs] [Times: user=0.01 sys=0.00, real=0.00 secs] 
188.832: Total time for which application threads were stopped: 0.0005680 seconds, Stopping threads took: 0.0000860 seconds
189.006: Application time: 0.1745310 seconds
189.006: [GC189.006: [ParNew: 33809K->399K(37568K), 0.0003670 secs] 42584K->9174K(120960K), 0.0003910 secs] [Times: user=0.00 sys=0.00, real=0.00 secs] 
189.007: Total time for which application threads were stopped: 0.0005210 seconds, Stopping threads took: 0.0000620 seconds
189.186: Application time: 0.1791190 seconds
189.186: [GC189.186: [ParNew: 33807K->400K(37568K), 0.0004130 secs] 42582K->9175K(120960K), 0.0004440 secs] [Times: user=0.00 sys=0.00, real=0.01 secs] 
189.186: Total time for which application threads were stopped: 0.0005750 seconds, Stopping threads took: 0.0000680 seconds
189.366: Application time: 0.1792920 seconds
189.366: [GC189.366: [ParNew: 33808K->394K(37568K), 0.0003890 secs] 42583K->9177K(120960K), 0.0004160 secs] [Times: user=0.00 sys=0.00, real=0.00 secs] 
189.366: Total time for which application threads were stopped: 0.0005530 seconds, Stopping threads took: 0.0000570 seconds
189.545: Application time: 0.1791120 seconds
189.546: [GC189.546: [ParNew: 33802K->393K(37568K), 0.0004070 secs] 42585K->9184K(120960K), 0.0004340 secs] [Times: user=0.01 sys=0.00, real=0.00 secs] 
189.546: Total time for which application threads were stopped: 0.0005820 seconds, Stopping threads took: 0.0000810 seconds
189.720: Application time: 0.1744220 seconds
189.721: [GC189.721: [ParNew: 33801K->396K(37568K), 0.0003870 secs] 42592K->9188K(120960K), 0.0004100 secs] [Times: user=0.00 sys=0.00, real=0.00 secs] 
189.721: Total time for which application threads were stopped: 0.0005240 seconds, Stopping threads took: 0.0000510 seconds
189.900: Application time: 0.1792540 seconds
189.900: [GC189.900: [ParNew: 33804K->393K(37568K), 0.0003800 secs] 42596K->9184K(120960K), 0.0004070 secs] [Times: user=0.01 sys=0.00, real=0.00 secs] 
189.901: Total time for which application threads were stopped: 0.0005450 seconds, Stopping threads took: 0.0000630 seconds
190.080: Application time: 0.1791800 seconds
190.080: [GC190.080: [ParNew: 33801K->388K(37568K), 0.0004290 secs] 42592K->9187K(120960K), 0.0004550 secs] [Times: user=0.01 sys=0.01, real=0.00 secs] 
190.081: Total time for which application threads were stopped: 0.0005860 seconds, Stopping threads took: 0.0000660 seconds
190.259: Application time: 0.1788630 seconds
190.259: [GC190.260: [ParNew: 33796K->398K(37568K), 0.0003970 secs] 42595K->9205K(120960K), 0.0004230 secs] [Times: user=0.01 sys=0.00, real=0.00 secs] 
190.260: Total time for which application threads were stopped: 0.0005620 seconds, Stopping threads took: 0.0000750 seconds
190.436: Application time: 0.1764380 seconds
190.436: [GC190.437: [ParNew: 33806K->402K(37568K), 0.0003830 secs] 42613K->9210K(120960K), 0.0004110 secs] [Times: user=0.00 sys=0.00, real=0.00 secs] 
190.437: Total time for which application threads were stopped: 0.0005540 seconds, Stopping threads took: 0.0000670 seconds
190.613: Application time: 0.1760080 seconds
190.613: [GC190.613: [ParNew: 33810K->396K(37568K), 0.0004020 secs] 42618K->9203K(120960K), 0.0004290 secs] [Times: user=0.00 sys=0.00, real=0.00 secs] 
190.614: Total time for which application threads were stopped: 0.0005600 seconds, Stopping threads took: 0.0000650 seconds
190.792: Application time: 0.1788830 seconds
190.793: [GC190.793: [ParNew: 33804K->401K(37568K), 0.0003730 secs] 42611K->9208K(120960K), 0.0004000 secs] [Times: user=0.00 sys=0.00, real=0.00 secs] 
190.793: Total time for which application threads were stopped: 0.0005380 seconds, Stopping threads took: 0.0000710 seconds
190.972: Application time: 0.1785940 seconds
190.972: [GC190.972: [ParNew: 33809K->391K(37568K), 0.0003710 secs] 42616K->9206K(120960K), 0.0003950 secs] [Times: user=0.00 sys=0.00, real=0.00 secs] 
190.972: Total time for which application threads were stopped: 0.0005350 seconds, Stopping threads took: 0.0000650 seconds
191.152: Application time: 0.1796480 seconds
191.152: [GC191.152: [ParNew: 33799K->397K(37568K), 0.0003790 secs] 42614K->9212K(120960K), 0.0004170 secs] [Times: user=0.00 sys=0.00, real=0.00 secs] 
191.152: Total time for which application threads were stopped: 0.0005460 seconds, Stopping threads took: 0.0000620 seconds
191.327: Application time: 0.1747500 seconds
191.327: [GC191.327: [ParNew: 33805K->390K(37568K), 0.0005040 secs] 42620K->9205K(120960K), 0.0005320 secs] [Times: user=0.01 sys=0.00, real=0.00 secs] 
191.328: Total time for which application threads were stopped: 0.0006650 seconds, Stopping threads took: 0.0000660 seconds
191.507: Application time: 0.1791490 seconds
191.507: [GC191.507: [ParNew: 33798K->398K(37568K), 0.0004380 secs] 42613K->9213K(120960K), 0.0004640 secs] [Times: user=0.00 sys=0.00, real=0.00 secs] 
191.507: Total time for which application threads were stopped: 0.0006300 seconds, Stopping threads took: 0.0000910 seconds
191.685: Application time: 0.1779070 seconds
191.685: [GC191.685: [ParNew: 33806K->395K(37568K), 0.0004320 secs] 42621K->9218K(120960K), 0.0004620 secs] [Times: user=0.00 sys=0.00, real=0.00 secs] 
191.686: Total time for which application threads were stopped: 0.0005910 seconds, Stopping threads took: 0.0000610 seconds
191.866: Application time: 0.1798320 seconds
191.866: [GC191.866: [ParNew: 33803K->396K(37568K), 0.0003920 secs] 42626K->9219K(120960K), 0.0004170 secs] [Times: user=0.00 sys=0.00, real=0.01 secs] 
191.866: Total time for which application threads were stopped: 0.0005460 seconds, Stopping threads took: 0.0000640 seconds
192.041: Application time: 0.1744170 seconds
192.041: [GC192.041: [ParNew: 33804K->396K(37568K), 0.0003930 secs] 42627K->9220K(120960K), 0.0004210 secs] [Times: user=0.00 sys=0.00, real=0.00 secs] 
192.041: Total time for which application threads were stopped: 0.0005660 seconds, Stopping threads took: 0.0000670 seconds
192.221: Application time: 0.1795380 seconds
192.221: [GC192.221: [ParNew: 33804K->397K(37568K), 0.0003750 secs] 42628K->9221K(120960K), 0.0003990 secs] [Times: user=0.01 sys=0.00, real=0.00 secs] 
192.221: Total time for which application threads were stopped: 0.0005160 seconds, Stopping threads took: 0.0000540 seconds
192.400: Application time: 0.1785670 seconds
192.400: [GC192.400: [ParNew: 33805K->394K(37568K), 0.0004570 secs] 42629K->9225K(120960K), 0.0004870 secs] [Times: user=0.00 sys=0.00, real=0.00 secs] 
192.401: Total time for which application threads were stopped: 0.0006150 seconds, Stopping threads took: 0.0000620 seconds
192.580: Application time: 0.1790110 seconds
192.580: [GC192.580: [ParNew: 33802K->391K(37568K), 0.0004120 secs] 42633K->9222K(120960K), 0.0004380 secs] [Times: user=0.00 sys=0.00, real=0.00 secs] 
192.580: Total time for which application threads were stopped: 0.0005900 seconds, Stopping threads took: 0.0000780 seconds
192.755: Application time: 0.1748090 seconds
192.755: [GC192.755: [ParNew: 33799K->398K(37568K), 0.0004090 secs] 42630K->9229K(120960K), 0.0004350 secs] [Times: user=0.00 sys=0.00, real=0.00 secs] 
192.756: Total time for which application threads were stopped: 0.0005690 seconds, Stopping threads took: 0.0000690 seconds
192.935: Application time: 0.1794480 seconds
192.935: [GC192.935: [ParNew: 33806K->406K(37568K), 0.0004000 secs] 42637K->9237K(120960K), 0.0004280 secs] [Times: user=0.01 sys=0.00, real=0.00 secs] 
192.936: Total time for which application threads were stopped: 0.0005590 seconds, Stopping threads took: 0.0000630 seconds
193.114: Application time: 0.1785590 seconds
193.114: [GC193.114: [ParNew: 33814K->393K(37568K), 0.0004550 secs] 42645K->9232K(120960K), 0.0004840 secs] [Times: user=0.01 sys=0.00, real=0.01 secs] 
193.115: Total time for which application threads were stopped: 0.0006280 seconds, Stopping threads took: 0.0000680 seconds
193.294: Application time: 0.1789360 seconds
193.294: [GC193.294: [ParNew: 33801K->396K(37568K), 0.0005300 secs] 42640K->9243K(120960K), 0.0005540 secs] [Times: user=0.00 sys=0.00, real=0.01 secs] 
193.294: Total time for which application threads were stopped: 0.0006790 seconds, Stopping threads took: 0.0000540 seconds
193.471: Application time: 0.1770670 seconds
193.474: [GC193.474: [ParNew: 33804K->391K(37568K), 0.0003930 secs] 42651K->9238K(120960K), 0.0004160 secs] [Times: user=0.00 sys=0.00, real=0.00 secs] 
193.475: Total time for which application threads were stopped: 0.0033950 seconds, Stopping threads took: 0.0029130 seconds
193.651: Application time: 0.1764940 seconds
193.651: [GC193.651: [ParNew: 33799K->403K(37568K), 0.0003920 secs] 42646K->9250K(120960K), 0.0004210 secs] [Times: user=0.01 sys=0.00, real=0.00 secs] 
193.652: Total time for which application threads were stopped: 0.0005620 seconds, Stopping threads took: 0.0000580 seconds
193.830: Application time: 0.1785250 seconds
193.831: [GC193.831: [ParNew: 33811K->398K(37568K), 0.0004130 secs] 42658K->9245K(120960K), 0.0004420 secs] [Times: user=0.00 sys=0.00, real=0.00 secs] 
193.831: Total time for which application threads were stopped: 0.0005670 seconds, Stopping threads took: 0.0000570 seconds
194.010: Application time: 0.1790620 seconds
194.014: [GC194.014: [ParNew: 33806K->381K(37568K), 0.0004590 secs] 42653K->9236K(120960K), 0.0004860 secs] [Times: user=0.01 sys=0.00, real=0.00 secs] 
194.015: Total time for which application threads were stopped: 0.0048370 seconds, Stopping threads took: 0.0042840 seconds
194.195: Application time: 0.1802010 seconds
194.195: [GC194.195: [ParNew: 33789K->370K(37568K), 0.0003850 secs] 42644K->9225K(120960K), 0.0004210 secs] [Times: user=0.00 sys=0.00, real=0.00 secs] 
194.196: Total time for which application threads were stopped: 0.0005780 seconds, Stopping threads took: 0.0000810 seconds
194.370: Application time: 0.1746290 seconds
194.370: [GC194.370: [ParNew: 33778K->395K(37568K), 0.0003900 secs] 42633K->9250K(120960K), 0.0004200 secs] [Times: user=0.00 sys=0.00, real=0.00 secs] 
194.371: Total time for which application threads were stopped: 0.0005540 seconds, Stopping threads took: 0.0000660 seconds
194.550: Application time: 0.1790130 seconds
194.550: [GC194.550: [ParNew: 33803K->393K(37568K), 0.0003810 secs] 42658K->9248K(120960K), 0.0004080 secs] [Times: user=0.00 sys=0.00, real=0.00 secs] 
194.550: Total time for which application threads were stopped: 0.0005450 seconds, Stopping threads took: 0.0000710 seconds
194.728: Application time: 0.1778010 seconds
194.728: [GC194.728: [ParNew: 33801K->399K(37568K), 0.0004270 secs] 42656K->9270K(120960K), 0.0004510 secs] [Times: user=0.00 sys=0.00, real=0.00 secs] 
194.729: Total time for which application threads were stopped: 0.0005880 seconds, Stopping threads took: 0.0000640 seconds
194.908: Application time: 0.1791620 seconds
194.908: [GC194.908: [ParNew: 33807K->394K(37568K), 0.0003990 secs] 42678K->9266K(120960K), 0.0004260 secs] [Times: user=0.00 sys=0.00, real=0.00 secs] 
194.909: Total time for which application threads were stopped: 0.0005590 seconds, Stopping threads took: 0.0000660 seconds
195.084: Application time: 0.1753630 seconds
195.084: [GC195.084: [ParNew: 33802K->392K(37568K), 0.0003510 secs] 42674K->9263K(120960K), 0.0003770 secs] [Times: user=0.00 sys=0.00, real=0.00 secs] 
195.084: Total time for which application threads were stopped: 0.0005170 seconds, Stopping threads took: 0.0000750 seconds
195.264: Application time: 0.1794450 seconds
195.264: [GC195.264: [ParNew: 33800K->394K(37568K), 0.0003970 secs] 42671K->9265K(120960K), 0.0004260 secs] [Times: user=0.01 sys=0.00, real=0.00 secs] 
195.264: Total time for which application threads were stopped: 0.0005660 seconds, Stopping threads took: 0.0000630 seconds
195.442: Application time: 0.1777940 seconds
195.442: [GC195.442: [ParNew: 33802K->406K(37568K), 0.0004140 secs] 42673K->9293K(120960K), 0.0004410 secs] [Times: user=0.00 sys=0.00, real=0.00 secs] 
195.443: Total time for which application threads were stopped: 0.0006030 seconds, Stopping threads took: 0.0000960 seconds
195.622: Application time: 0.1791630 seconds
195.622: [GC195.622: [ParNew: 33814K->401K(37568K), 0.0003840 secs] 42701K->9288K(120960K), 0.0004200 secs] [Times: user=0.00 sys=0.00, real=0.00 secs] 
195.623: Total time for which application threads were stopped: 0.0005470 seconds, Stopping threads took: 0.0000590 seconds
195.799: Application time: 0.1766440 seconds
195.799: [GC195.799: [ParNew: 33809K->403K(37568K), 0.0004130 secs] 42696K->9290K(120960K), 0.0004380 secs] [Times: user=0.00 sys=0.00, real=0.00 secs] 
195.800: Total time for which application threads were stopped: 0.0005660 seconds, Stopping threads took: 0.0000560 seconds
195.979: Application time: 0.1794270 seconds
195.979: [GC195.979: [ParNew: 33811K->408K(37568K), 0.0004060 secs] 42698K->9295K(120960K), 0.0004320 secs] [Times: user=0.00 sys=0.00, real=0.00 secs] 
195.980: Total time for which application threads were stopped: 0.0005830 seconds, Stopping threads took: 0.0000870 seconds
196.158: Application time: 0.1785400 seconds
196.158: [GC196.158: [ParNew: 33816K->402K(37568K), 0.0003840 secs] 42703K->9297K(120960K), 0.0004110 secs] [Times: user=0.00 sys=0.00, real=0.00 secs] 
196.159: Total time for which application threads were stopped: 0.0005280 seconds, Stopping threads took: 0.0000520 seconds
196.339: Application time: 0.1798220 seconds
196.339: [GC196.339: [ParNew: 33810K->396K(37568K), 0.0004900 secs] 42705K->9299K(120960K), 0.0005180 secs] [Times: user=0.01 sys=0.00, real=0.00 secs] 
196.339: Total time for which application threads were stopped: 0.0006550 seconds, Stopping threads took: 0.0000590 seconds
196.516: Application time: 0.1764320 seconds
196.516: [GC196.516: [ParNew: 33804K->399K(37568K), 0.0003810 secs] 42707K->9302K(120960K), 0.0004070 secs] [Times: user=0.00 sys=0.00, real=0.00 secs] 
196.516: Total time for which application threads were stopped: 0.0005610 seconds, Stopping threads took: 0.0000900 seconds
196.694: Application time: 0.1774330 seconds
196.694: [GC196.694: [ParNew: 33807K->388K(37568K), 0.0004470 secs] 42710K->9291K(120960K), 0.0004760 secs] [Times: user=0.00 sys=0.00, real=0.01 secs] 
196.694: Total time for which application threads were stopped: 0.0006230 seconds, Stopping threads took: 0.0000770 seconds
196.873: Application time: 0.1790460 seconds
196.874: [GC196.874: [ParNew: 33796K->394K(37568K), 0.0003840 secs] 42699K->9297K(120960K), 0.0004110 secs] [Times: user=0.00 sys=0.00, real=0.00 secs] 
196.874: Total time for which application threads were stopped: 0.0005720 seconds, Stopping threads took: 0.0000820 seconds
197.053: Application time: 0.1790910 seconds
197.053: [GC197.053: [ParNew: 33802K->390K(37568K), 0.0004950 secs] 42705K->9301K(120960K), 0.0005200 secs] [Times: user=0.00 sys=0.00, real=0.00 secs] 
197.054: Total time for which application threads were stopped: 0.0006380 seconds, Stopping threads took: 0.0000560 seconds
197.233: Application time: 0.1787880 seconds
197.233: [GC197.233: [ParNew: 33798K->392K(37568K), 0.0004210 secs] 42709K->9303K(120960K), 0.0004480 secs] [Times: user=0.01 sys=0.00, real=0.00 secs] 
197.233: Total time for which application threads were stopped: 0.0005760 seconds, Stopping threads took: 0.0000610 seconds
197.408: Application time: 0.1753430 seconds
197.409: [GC197.409: [ParNew: 33800K->391K(37568K), 0.0003860 secs] 42711K->9302K(120960K), 0.0004160 secs] [Times: user=0.00 sys=0.00, real=0.00 secs] 
197.409: Total time for which application threads were stopped: 0.0005570 seconds, Stopping threads took: 0.0000660 seconds
197.588: Application time: 0.1790520 seconds
197.588: [GC197.588: [ParNew: 33799K->396K(37568K), 0.0004120 secs] 42710K->9307K(120960K), 0.0004420 secs] [Times: user=0.01 sys=0.00, real=0.00 secs] 
197.589: Total time for which application threads were stopped: 0.0006040 seconds, Stopping threads took: 0.0000940 seconds
197.767: Application time: 0.1787030 seconds
197.767: [GC197.768: [ParNew: 33804K->400K(37568K), 0.0003830 secs] 42715K->9319K(120960K), 0.0004080 secs] [Times: user=0.00 sys=0.00, real=0.00 secs] 
197.768: Total time for which application threads were stopped: 0.0005520 seconds, Stopping threads took: 0.0000790 seconds
197.962: Application time: 0.1945130 seconds
197.963: [GC197.963: [ParNew: 33808K->399K(37568K), 0.0004920 secs] 42727K->9318K(120960K), 0.0005270 secs] [Times: user=0.00 sys=0.00, real=0.00 secs] 
197.963: Total time for which application threads were stopped: 0.0006810 seconds, Stopping threads took: 0.0000710 seconds
198.155: Application time: 0.1917100 seconds
198.155: [GC198.155: [ParNew: 33807K->394K(37568K), 0.0005690 secs] 42726K->9314K(120960K), 0.0005950 secs] [Times: user=0.01 sys=0.00, real=0.00 secs] 
198.156: Total time for which application threads were stopped: 0.0007180 seconds, Stopping threads took: 0.0000540 seconds
198.353: Application time: 0.1970850 seconds
198.353: [GC198.353: [ParNew: 33802K->403K(37568K), 0.0004780 secs] 42722K->9322K(120960K), 0.0005090 secs] [Times: user=0.00 sys=0.00, real=0.00 secs] 
198.353: Total time for which application threads were stopped: 0.0006350 seconds, Stopping threads took: 0.0000550 seconds
198.549: Application time: 0.1961420 seconds
198.550: [GC198.550: [ParNew: 33811K->404K(37568K), 0.0004540 secs] 42730K->9331K(120960K), 0.0004820 secs] [Times: user=0.01 sys=0.00, real=0.00 secs] 
198.550: Total time for which application threads were stopped: 0.0006310 seconds, Stopping threads took: 0.0000710 seconds
198.747: Application time: 0.1968720 seconds
198.747: [GC198.747: [ParNew: 33812K->400K(37568K), 0.0004220 secs] 42739K->9327K(120960K), 0.0004510 secs] [Times: user=0.00 sys=0.00, real=0.00 secs] 
198.748: Total time for which application threads were stopped: 0.0005920 seconds, Stopping threads took: 0.0000700 seconds
198.941: Application time: 0.1930570 seconds
198.941: [GC198.941: [ParNew: 33808K->404K(37568K), 0.0003800 secs] 42735K->9331K(120960K), 0.0004060 secs] [Times: user=0.01 sys=0.00, real=0.00 secs] 
198.941: Total time for which application threads were stopped: 0.0006050 seconds, Stopping threads took: 0.0001310 seconds
199.139: Application time: 0.1975970 seconds
199.139: [GC199.139: [ParNew: 33812K->400K(37568K), 0.0003990 secs] 42739K->9327K(120960K), 0.0004280 secs] [Times: user=0.00 sys=0.00, real=0.00 secs] 
199.139: Total time for which application threads were stopped: 0.0005670 seconds, Stopping threads took: 0.0000540 seconds
199.335: Application time: 0.1961260 seconds
199.336: [GC199.336: [ParNew: 33808K->386K(37568K), 0.0003930 secs] 42735K->9321K(120960K), 0.0004260 secs] [Times: user=0.01 sys=0.00, real=0.00 secs] 
199.336: Total time for which application threads were stopped: 0.0005600 seconds, Stopping threads took: 0.0000650 seconds
199.534: Application time: 0.1976310 seconds
199.534: [GC199.534: [ParNew: 33794K->397K(37568K), 0.0003880 secs] 42729K->9340K(120960K), 0.0004140 secs] [Times: user=0.00 sys=0.00, real=0.00 secs] 
199.534: Total time for which application threads were stopped: 0.0005430 seconds, Stopping threads took: 0.0000620 seconds
199.726: Application time: 0.1920530 seconds
199.726: [GC199.726: [ParNew: 33805K->358K(37568K), 0.0004200 secs] 42748K->9302K(120960K), 0.0004470 secs] [Times: user=0.00 sys=0.00, real=0.00 secs] 
199.727: Total time for which application threads were stopped: 0.0006240 seconds, Stopping threads took: 0.0001010 seconds
199.924: Application time: 0.1971490 seconds
199.924: [GC199.924: [ParNew: 33766K->392K(37568K), 0.0003960 secs] 42710K->9335K(120960K), 0.0004260 secs] [Times: user=0.01 sys=0.00, real=0.00 secs] 
199.925: Total time for which application threads were stopped: 0.0005440 seconds, Stopping threads took: 0.0000450 seconds
200.122: Application time: 0.1969520 seconds
200.122: [GC200.122: [ParNew: 33800K->395K(37568K), 0.0004800 secs] 42743K->9346K(120960K), 0.0005060 secs] [Times: user=0.00 sys=0.00, real=0.00 secs] 
200.122: Total time for which application threads were stopped: 0.0006360 seconds, Stopping threads took: 0.0000620 seconds
200.319: Application time: 0.1966600 seconds
200.319: [GC200.319: [ParNew: 33803K->396K(37568K), 0.0004930 secs] 42754K->9355K(120960K), 0.0005200 secs] [Times: user=0.00 sys=0.00, real=0.00 secs] 
200.320: Total time for which application threads were stopped: 0.0006640 seconds, Stopping threads took: 0.0000680 seconds
200.514: Application time: 0.1944030 seconds
200.514: [GC200.514: [ParNew: 33804K->397K(37568K), 0.0003790 secs] 42763K->9357K(120960K), 0.0004040 secs] [Times: user=0.00 sys=0.00, real=0.01 secs] 
200.514: Total time for which application threads were stopped: 0.0005170 seconds, Stopping threads took: 0.0000490 seconds
200.710: Application time: 0.1951220 seconds
200.710: [GC200.710: [ParNew: 33805K->401K(37568K), 0.0004330 secs] 42765K->9360K(120960K), 0.0004620 secs] [Times: user=0.00 sys=0.00, real=0.00 secs] 
200.710: Total time for which application threads were stopped: 0.0005880 seconds, Stopping threads took: 0.0000570 seconds
200.907: Application time: 0.1969790 seconds
200.907: [GC200.907: [ParNew: 33809K->400K(37568K), 0.0003800 secs] 42768K->9359K(120960K), 0.0004090 secs] [Times: user=0.01 sys=0.00, real=0.00 secs] 
200.908: Total time for which application threads were stopped: 0.0005450 seconds, Stopping threads took: 0.0000580 seconds
201.104: Application time: 0.1963880 seconds
201.104: [GC201.104: [ParNew: 33808K->400K(37568K), 0.0003660 secs] 42767K->9367K(120960K), 0.0003930 secs] [Times: user=0.00 sys=0.00, real=0.00 secs] 
201.105: Total time for which application threads were stopped: 0.0005100 seconds, Stopping threads took: 0.0000510 seconds
201.302: Application time: 0.1969750 seconds
201.302: [GC201.302: [ParNew: 33808K->400K(37568K), 0.0004110 secs] 42775K->9367K(120960K), 0.0004360 secs] [Times: user=0.00 sys=0.00, real=0.00 secs] 
201.302: Total time for which application threads were stopped: 0.0005530 seconds, Stopping threads took: 0.0000500 seconds
201.494: Application time: 0.1923440 seconds
201.495: [GC201.495: [ParNew: 33808K->394K(37568K), 0.0004260 secs] 42775K->9361K(120960K), 0.0004520 secs] [Times: user=0.00 sys=0.00, real=0.00 secs] 
201.495: Total time for which application threads were stopped: 0.0006140 seconds, Stopping threads took: 0.0000830 seconds
201.692: Application time: 0.1970940 seconds
201.692: [GC201.692: [ParNew: 33802K->380K(37568K), 0.0004200 secs] 42769K->9347K(120960K), 0.0004450 secs] [Times: user=0.00 sys=0.00, real=0.00 secs] 
201.693: Total time for which application threads were stopped: 0.0005630 seconds, Stopping threads took: 0.0000520 seconds
201.881: Application time: 0.1884520 seconds
201.881: [GC201.881: [ParNew: 33788K->384K(37568K), 0.0004350 secs] 42755K->9359K(120960K), 0.0004610 secs] [Times: user=0.00 sys=0.00, real=0.00 secs] 
201.882: Total time for which application threads were stopped: 0.0005890 seconds, Stopping threads took: 0.0000650 seconds
202.061: Application time: 0.1791770 seconds
202.061: [GC202.061: [ParNew: 33792K->391K(37568K), 0.0003750 secs] 42767K->9367K(120960K), 0.0003990 secs] [Times: user=0.00 sys=0.00, real=0.00 secs] 
202.061: Total time for which application threads were stopped: 0.0005340 seconds, Stopping threads took: 0.0000630 seconds
202.236: Application time: 0.1748540 seconds
202.236: [GC202.236: [ParNew: 33799K->393K(37568K), 0.0004030 secs] 42775K->9368K(120960K), 0.0004260 secs] [Times: user=0.00 sys=0.00, real=0.00 secs] 
202.237: Total time for which application threads were stopped: 0.0005490 seconds, Stopping threads took: 0.0000610 seconds
202.416: Application time: 0.1790740 seconds
202.416: [GC202.416: [ParNew: 33801K->397K(37568K), 0.0004320 secs] 42776K->9372K(120960K), 0.0004590 secs] [Times: user=0.00 sys=0.00, real=0.00 secs] 
202.417: Total time for which application threads were stopped: 0.0006040 seconds, Stopping threads took: 0.0000800 seconds
202.596: Application time: 0.1791880 seconds
202.596: [GC202.596: [ParNew: 33805K->385K(37568K), 0.0003910 secs] 42780K->9368K(120960K), 0.0004170 secs] [Times: user=0.01 sys=0.00, real=0.00 secs] 
202.596: Total time for which application threads were stopped: 0.0005440 seconds, Stopping threads took: 0.0000490 seconds
202.775: Application time: 0.1791530 seconds
202.776: [GC202.776: [ParNew: 33793K->390K(37568K), 0.0003690 secs] 42776K->9374K(120960K), 0.0003940 secs] [Times: user=0.00 sys=0.00, real=0.00 secs] 
202.776: Total time for which application threads were stopped: 0.0005440 seconds, Stopping threads took: 0.0000750 seconds
202.951: Application time: 0.1747480 seconds
202.951: [GC202.951: [ParNew: 33798K->395K(37568K), 0.0003940 secs] 42782K->9378K(120960K), 0.0004170 secs] [Times: user=0.00 sys=0.00, real=0.00 secs] 
202.951: Total time for which application threads were stopped: 0.0005430 seconds, Stopping threads took: 0.0000650 seconds
203.131: Application time: 0.1799540 seconds
203.131: [GC203.131: [ParNew: 33803K->391K(37568K), 0.0004630 secs] 42786K->9374K(120960K), 0.0004940 secs] [Times: user=0.00 sys=0.00, real=0.00 secs] 
203.132: Total time for which application threads were stopped: 0.0006440 seconds, Stopping threads took: 0.0000720 seconds
203.311: Application time: 0.1787550 seconds
203.311: [GC203.311: [ParNew: 33799K->385K(37568K), 0.0003770 secs] 42782K->9376K(120960K), 0.0004060 secs] [Times: user=0.00 sys=0.00, real=0.00 secs] 
203.311: Total time for which application threads were stopped: 0.0005470 seconds, Stopping threads took: 0.0000730 seconds
203.490: Application time: 0.1789950 seconds
203.490: [GC203.490: [ParNew: 33793K->398K(37568K), 0.0004670 secs] 42784K->9397K(120960K), 0.0004950 secs] [Times: user=0.01 sys=0.00, real=0.00 secs] 
203.491: Total time for which application threads were stopped: 0.0006530 seconds, Stopping threads took: 0.0000890 seconds
203.668: Application time: 0.1769830 seconds
203.668: [GC203.668: [ParNew: 33806K->403K(37568K), 0.0004530 secs] 42805K->9402K(120960K), 0.0004790 secs] [Times: user=0.00 sys=0.00, real=0.00 secs] 
203.668: Total time for which application threads were stopped: 0.0006330 seconds, Stopping threads took: 0.0000800 seconds
203.845: Application time: 0.1761290 seconds
203.845: [GC203.845: [ParNew: 33811K->400K(37568K), 0.0004100 secs] 42810K->9399K(120960K), 0.0004400 secs] [Times: user=0.00 sys=0.00, real=0.00 secs] 
203.845: Total time for which application threads were stopped: 0.0005810 seconds, Stopping threads took: 0.0000730 seconds
204.024: Application time: 0.1792430 seconds
204.025: [GC204.025: [ParNew: 33808K->400K(37568K), 0.0004130 secs] 42807K->9399K(120960K), 0.0004370 secs] [Times: user=0.01 sys=0.00, real=0.00 secs] 
204.025: Total time for which application threads were stopped: 0.0005660 seconds, Stopping threads took: 0.0000650 seconds
204.204: Application time: 0.1786540 seconds
204.204: [GC204.204: [ParNew: 33808K->400K(37568K), 0.0003950 secs] 42807K->9407K(120960K), 0.0004230 secs] [Times: user=0.00 sys=0.00, real=0.00 secs] 
204.204: Total time for which application threads were stopped: 0.0005730 seconds, Stopping threads took: 0.0000710 seconds
204.383: Application time: 0.1783880 seconds
204.383: [GC204.383: [ParNew: 33808K->402K(37568K), 0.0004550 secs] 42815K->9409K(120960K), 0.0004860 secs] [Times: user=0.00 sys=0.00, real=0.00 secs] 
204.383: Total time for which application threads were stopped: 0.0006050 seconds, Stopping threads took: 0.0000540 seconds
204.558: Application time: 0.1750980 seconds
204.558: [GC204.558: [ParNew: 33810K->399K(37568K), 0.0003920 secs] 42817K->9406K(120960K), 0.0004170 secs] [Times: user=0.00 sys=0.00, real=0.00 secs] 
204.559: Total time for which application threads were stopped: 0.0005440 seconds, Stopping threads took: 0.0000650 seconds
204.738: Application time: 0.1789580 seconds
204.738: [GC204.738: [ParNew: 33807K->397K(37568K), 0.0003890 secs] 42814K->9404K(120960K), 0.0004160 secs] [Times: user=0.01 sys=0.00, real=0.00 secs] 
204.738: Total time for which application threads were stopped: 0.0005450 seconds, Stopping threads took: 0.0000530 seconds
204.917: Application time: 0.1785120 seconds
204.917: [GC204.917: [ParNew: 33805K->400K(37568K), 0.0005190 secs] 42812K->9416K(120960K), 0.0005450 secs] [Times: user=0.00 sys=0.00, real=0.00 secs] 
204.918: Total time for which application threads were stopped: 0.0006960 seconds, Stopping threads took: 0.0000850 seconds
205.097: Application time: 0.1793660 seconds
205.097: [GC205.097: [ParNew: 33808K->404K(37568K), 0.0003490 secs] 42824K->9419K(120960K), 0.0003810 secs] [Times: user=0.00 sys=0.00, real=0.00 secs] 
205.097: Total time for which application threads were stopped: 0.0005000 seconds, Stopping threads took: 0.0000590 seconds
205.272: Application time: 0.1742940 seconds
205.272: [GC205.272: [ParNew: 33812K->398K(37568K), 0.0004530 secs] 42827K->9413K(120960K), 0.0004820 secs] [Times: user=0.00 sys=0.00, real=0.00 secs] 
205.272: Total time for which application threads were stopped: 0.0006180 seconds, Stopping threads took: 0.0000540 seconds
205.451: Application time: 0.1790890 seconds
205.452: [GC205.452: [ParNew: 33806K->399K(37568K), 0.0004710 secs] 42821K->9414K(120960K), 0.0004980 secs] [Times: user=0.00 sys=0.00, real=0.00 secs] 
205.452: Total time for which application threads were stopped: 0.0006350 seconds, Stopping threads took: 0.0000700 seconds
205.631: Application time: 0.1789270 seconds
205.631: [GC205.631: [ParNew: 33807K->394K(37568K), 0.0004420 secs] 42822K->9418K(120960K), 0.0004670 secs] [Times: user=0.00 sys=0.00, real=0.00 secs] 
205.632: Total time for which application threads were stopped: 0.0006000 seconds, Stopping threads took: 0.0000690 seconds
205.811: Application time: 0.1794760 seconds
205.811: [GC205.811: [ParNew: 33802K->400K(37568K), 0.0004660 secs] 42826K->9424K(120960K), 0.0004920 secs] [Times: user=0.00 sys=0.00, real=0.00 secs] 
205.812: Total time for which application threads were stopped: 0.0006360 seconds, Stopping threads took: 0.0000670 seconds
205.986: Application time: 0.1745720 seconds
205.986: [GC205.986: [ParNew: 33808K->403K(37568K), 0.0003710 secs] 42832K->9427K(120960K), 0.0003990 secs] [Times: user=0.00 sys=0.00, real=0.00 secs] 
205.987: Total time for which application threads were stopped: 0.0005190 seconds, Stopping threads took: 0.0000530 seconds
206.166: Application time: 0.1792790 seconds
206.166: [GC206.166: [ParNew: 33811K->404K(37568K), 0.0004120 secs] 42835K->9427K(120960K), 0.0004460 secs] [Times: user=0.00 sys=0.00, real=0.01 secs] 
206.167: Total time for which application threads were stopped: 0.0006110 seconds, Stopping threads took: 0.0000970 seconds
206.345: Application time: 0.1786920 seconds
206.346: [GC206.346: [ParNew: 33812K->404K(37568K), 0.0003900 secs] 42835K->9435K(120960K), 0.0004190 secs] [Times: user=0.00 sys=0.00, real=0.00 secs] 
206.346: Total time for which application threads were stopped: 0.0005580 seconds, Stopping threads took: 0.0000630 seconds
206.525: Application time: 0.1789850 seconds
206.525: [GC206.525: [ParNew: 33812K->393K(37568K), 0.0003860 secs] 42843K->9432K(120960K), 0.0004150 secs] [Times: user=0.00 sys=0.00, real=0.00 secs] 
206.526: Total time for which application threads were stopped: 0.0005590 seconds, Stopping threads took: 0.0000760 seconds
206.702: Application time: 0.1765950 seconds
206.702: [GC206.702: [ParNew: 33801K->394K(37568K), 0.0004180 secs] 42840K->9433K(120960K), 0.0004440 secs] [Times: user=0.00 sys=0.00, real=0.00 secs] 
206.703: Total time for which application threads were stopped: 0.0005740 seconds, Stopping threads took: 0.0000640 seconds
206.881: Application time: 0.1783940 seconds
206.881: [GC206.881: [ParNew: 33802K->403K(37568K), 0.0004030 secs] 42841K->9442K(120960K), 0.0004310 secs] [Times: user=0.00 sys=0.00, real=0.00 secs] 
206.882: Total time for which application threads were stopped: 0.0005960 seconds, Stopping threads took: 0.0000850 seconds
207.060: Application time: 0.1781480 seconds
207.060: [GC207.060: [ParNew: 33811K->402K(37568K), 0.0003930 secs] 42850K->9449K(120960K), 0.0004220 secs] [Times: user=0.01 sys=0.00, real=0.00 secs] 
207.060: Total time for which application threads were stopped: 0.0005520 seconds, Stopping threads took: 0.0000640 seconds
207.239: Application time: 0.1787800 seconds
207.239: [GC207.239: [ParNew: 33810K->394K(37568K), 0.0004010 secs] 42857K->9449K(120960K), 0.0004280 secs] [Times: user=0.00 sys=0.00, real=0.00 secs] 
207.240: Total time for which application threads were stopped: 0.0005570 seconds, Stopping threads took: 0.0000650 seconds
207.418: Application time: 0.1786760 seconds
207.419: [GC207.419: [ParNew: 33802K->360K(37568K), 0.0004380 secs] 42857K->9415K(120960K), 0.0004720 secs] [Times: user=0.00 sys=0.00, real=0.00 secs] 
207.419: Total time for which application threads were stopped: 0.0005920 seconds, Stopping threads took: 0.0000510 seconds
207.595: Application time: 0.1756540 seconds
207.595: [GC207.595: [ParNew: 33768K->397K(37568K), 0.0003980 secs] 42823K->9452K(120960K), 0.0004220 secs] [Times: user=0.01 sys=0.00, real=0.00 secs] 
207.595: Total time for which application threads were stopped: 0.0005600 seconds, Stopping threads took: 0.0000760 seconds
207.774: Application time: 0.1789860 seconds
207.774: [GC207.774: [ParNew: 33805K->383K(37568K), 0.0003890 secs] 42860K->9438K(120960K), 0.0004130 secs] [Times: user=0.00 sys=0.00, real=0.00 secs] 
207.775: Total time for which application threads were stopped: 0.0005430 seconds, Stopping threads took: 0.0000670 seconds
207.954: Application time: 0.1789080 seconds
207.954: [GC207.954: [ParNew: 33791K->392K(37568K), 0.0003850 secs] 42846K->9456K(120960K), 0.0004110 secs] [Times: user=0.00 sys=0.00, real=0.00 secs] 
207.955: Total time for which application threads were stopped: 0.0011890 seconds, Stopping threads took: 0.0007030 seconds
208.135: Application time: 0.1796650 seconds
208.138: [GC208.138: [ParNew: 33800K->388K(37568K), 0.0005380 secs] 42864K->9452K(120960K), 0.0005650 secs] [Times: user=0.01 sys=0.00, real=0.00 secs] 
208.139: Total time for which application threads were stopped: 0.0044470 seconds, Stopping threads took: 0.0038160 seconds
208.313: Application time: 0.1743140 seconds
208.313: [GC208.313: [ParNew: 33796K->398K(37568K), 0.0004360 secs] 42860K->9461K(120960K), 0.0004660 secs] [Times: user=0.00 sys=0.00, real=0.00 secs] 
208.314: Total time for which application threads were stopped: 0.0006200 seconds, Stopping threads took: 0.0000860 seconds
208.493: Application time: 0.1790020 seconds
208.493: [GC208.493: [ParNew: 33806K->399K(37568K), 0.0003700 secs] 42869K->9462K(120960K), 0.0003990 secs] [Times: user=0.00 sys=0.00, real=0.00 secs] 
208.493: Total time for which application threads were stopped: 0.0005530 seconds, Stopping threads took: 0.0000770 seconds
208.672: Application time: 0.1781110 seconds
208.672: [GC208.672: [ParNew: 33807K->388K(37568K), 0.0004570 secs] 42870K->9459K(120960K), 0.0004830 secs] [Times: user=0.00 sys=0.00, real=0.00 secs] 
208.672: Total time for which application threads were stopped: 0.0006100 seconds, Stopping threads took: 0.0000600 seconds
208.851: Application time: 0.1789830 seconds
208.851: [GC208.851: [ParNew: 33796K->385K(37568K), 0.0004170 secs] 42867K->9456K(120960K), 0.0004470 secs] [Times: user=0.00 sys=0.00, real=0.00 secs] 
208.852: Total time for which application threads were stopped: 0.0005830 seconds, Stopping threads took: 0.0000680 seconds
209.026: Application time: 0.1746570 seconds
209.027: [GC209.027: [ParNew: 33793K->391K(37568K), 0.0003800 secs] 42864K->9462K(120960K), 0.0004080 secs] [Times: user=0.00 sys=0.00, real=0.00 secs] 
209.027: Total time for which application threads were stopped: 0.0005360 seconds, Stopping threads took: 0.0000520 seconds
209.207: Application time: 0.1798070 seconds
209.207: [GC209.207: [ParNew: 33799K->398K(37568K), 0.0004130 secs] 42870K->9469K(120960K), 0.0004410 secs] [Times: user=0.00 sys=0.00, real=0.00 secs] 
209.207: Total time for which application threads were stopped: 0.0005720 seconds, Stopping threads took: 0.0000630 seconds
209.387: Application time: 0.1791630 seconds
209.387: [GC209.387: [ParNew: 33806K->394K(37568K), 0.0004070 secs] 42877K->9473K(120960K), 0.0004380 secs] [Times: user=0.00 sys=0.00, real=0.00 secs] 
209.387: Total time for which application threads were stopped: 0.0005620 seconds, Stopping threads took: 0.0000560 seconds
209.566: Application time: 0.1790570 seconds
209.566: [GC209.566: [ParNew: 33802K->387K(37568K), 0.0003980 secs] 42881K->9474K(120960K), 0.0004260 secs] [Times: user=0.00 sys=0.00, real=0.01 secs] 
209.567: Total time for which application threads were stopped: 0.0005750 seconds, Stopping threads took: 0.0000680 seconds
209.743: Application time: 0.1761990 seconds
209.743: [GC209.743: [ParNew: 33792K->359K(37568K), 0.0004400 secs] 42879K->9447K(120960K), 0.0004670 secs] [Times: user=0.00 sys=0.00, real=0.00 secs] 
209.744: Total time for which application threads were stopped: 0.0005890 seconds, Stopping threads took: 0.0000570 seconds
209.922: Application time: 0.1779940 seconds
209.922: [GC209.922: [ParNew: 33767K->396K(37568K), 0.0003840 secs] 42855K->9483K(120960K), 0.0004130 secs] [Times: user=0.00 sys=0.00, real=0.00 secs] 
209.922: Total time for which application threads were stopped: 0.0005530 seconds, Stopping threads took: 0.0000730 seconds
210.101: Application time: 0.1789320 seconds
210.101: [GC210.101: [ParNew: 33804K->394K(37568K), 0.0004610 secs] 42891K->9489K(120960K), 0.0004900 secs] [Times: user=0.01 sys=0.00, real=0.00 secs] 
210.102: Total time for which application threads were stopped: 0.0006310 seconds, Stopping threads took: 0.0000650 seconds
210.280: Application time: 0.1779260 seconds
210.282: [GC210.282: [ParNew: 33802K->391K(37568K), 0.0003880 secs] 42897K->9494K(120960K), 0.0004140 secs] [Times: user=0.00 sys=0.00, real=0.00 secs] 
210.283: Total time for which application threads were stopped: 0.0032830 seconds, Stopping threads took: 0.0028030 seconds
210.460: Application time: 0.1773010 seconds
210.460: [GC210.460: [ParNew: 33799K->389K(37568K), 0.0003630 secs] 42902K->9492K(120960K), 0.0003890 secs] [Times: user=0.00 sys=0.00, real=0.00 secs] 
210.461: Total time for which application threads were stopped: 0.0005670 seconds, Stopping threads took: 0.0001160 seconds
210.637: Application time: 0.1763690 seconds
210.637: [GC210.637: [ParNew: 33797K->399K(37568K), 0.0004190 secs] 42900K->9502K(120960K), 0.0004480 secs] [Times: user=0.00 sys=0.00, real=0.00 secs] 
210.638: Total time for which application threads were stopped: 0.0005820 seconds, Stopping threads took: 0.0000580 seconds
210.817: Application time: 0.1790430 seconds
210.817: [GC210.817: [ParNew: 33807K->389K(37568K), 0.0003690 secs] 42910K->9492K(120960K), 0.0003930 secs] [Times: user=0.01 sys=0.00, real=0.00 secs] 
210.817: Total time for which application threads were stopped: 0.0005240 seconds, Stopping threads took: 0.0000690 seconds
210.996: Application time: 0.1789120 seconds
210.996: [GC210.996: [ParNew: 33797K->385K(37568K), 0.0004410 secs] 42900K->9496K(120960K), 0.0004680 secs] [Times: user=0.00 sys=0.00, real=0.00 secs] 
210.997: Total time for which application threads were stopped: 0.0006030 seconds, Stopping threads took: 0.0000690 seconds
211.176: Application time: 0.1788370 seconds
211.176: [GC211.176: [ParNew: 33793K->400K(37568K), 0.0004630 secs] 42904K->9511K(120960K), 0.0004920 secs] [Times: user=0.00 sys=0.00, real=0.00 secs] 
211.176: Total time for which application threads were stopped: 0.0006520 seconds, Stopping threads took: 0.0000780 seconds
211.351: Application time: 0.1749850 seconds
211.351: [GC211.351: [ParNew: 33808K->399K(37568K), 0.0004270 secs] 42919K->9510K(120960K), 0.0004530 secs] [Times: user=0.01 sys=0.00, real=0.00 secs] 
211.352: Total time for which application threads were stopped: 0.0005870 seconds, Stopping threads took: 0.0000690 seconds
211.531: Application time: 0.1790550 seconds
211.531: [GC211.531: [ParNew: 33807K->399K(37568K), 0.0003880 secs] 42918K->9510K(120960K), 0.0004160 secs] [Times: user=0.00 sys=0.00, real=0.00 secs] 
211.531: Total time for which application threads were stopped: 0.0005480 seconds, Stopping threads took: 0.0000630 seconds
211.710: Application time: 0.1785910 seconds
211.710: [GC211.710: [ParNew: 33807K->396K(37568K), 0.0004280 secs] 42918K->9515K(120960K), 0.0004570 secs] [Times: user=0.00 sys=0.00, real=0.00 secs] 
211.711: Total time for which application threads were stopped: 0.0005940 seconds, Stopping threads took: 0.0000580 seconds
211.890: Application time: 0.1793160 seconds
211.890: [GC211.890: [ParNew: 33804K->397K(37568K), 0.0003900 secs] 42923K->9517K(120960K), 0.0004240 secs] [Times: user=0.01 sys=0.00, real=0.00 secs] 
211.890: Total time for which application threads were stopped: 0.0005430 seconds, Stopping threads took: 0.0000550 seconds
212.065: Application time: 0.1748490 seconds
212.065: [GC212.065: [ParNew: 33805K->383K(37568K), 0.0004840 secs] 42925K->9502K(120960K), 0.0005080 secs] [Times: user=0.01 sys=0.00, real=0.00 secs] 
212.066: Total time for which application threads were stopped: 0.0006300 seconds, Stopping threads took: 0.0000590 seconds
212.245: Application time: 0.1791390 seconds
212.245: [GC212.245: [ParNew: 33791K->387K(37568K), 0.0004760 secs] 42910K->9506K(120960K), 0.0005030 secs] [Times: user=0.00 sys=0.00, real=0.00 secs] 
212.246: Total time for which application threads were stopped: 0.0006580 seconds, Stopping threads took: 0.0000770 seconds
212.425: Application time: 0.1787610 seconds
212.425: [GC212.425: [ParNew: 33795K->394K(37568K), 0.0003720 secs] 42914K->9521K(120960K), 0.0004000 secs] [Times: user=0.00 sys=0.00, real=0.00 secs] 
212.425: Total time for which application threads were stopped: 0.0005210 seconds, Stopping threads took: 0.0000550 seconds
212.604: Application time: 0.1791810 seconds
212.604: [GC212.604: [ParNew: 33802K->400K(37568K), 0.0003950 secs] 42929K->9536K(120960K), 0.0004210 secs] [Times: user=0.01 sys=0.00, real=0.00 secs] 
212.605: Total time for which application threads were stopped: 0.0005520 seconds, Stopping threads took: 0.0000660 seconds
212.780: Application time: 0.1754490 seconds
212.780: [GC212.780: [ParNew: 33808K->395K(37568K), 0.0003590 secs] 42944K->9530K(120960K), 0.0003870 secs] [Times: user=0.00 sys=0.00, real=0.00 secs] 
212.781: Total time for which application threads were stopped: 0.0005370 seconds, Stopping threads took: 0.0000700 seconds
212.959: Application time: 0.1781400 seconds
212.959: [GC212.959: [ParNew: 33803K->397K(37568K), 0.0003870 secs] 42938K->9532K(120960K), 0.0004130 secs] [Times: user=0.00 sys=0.00, real=0.00 secs] 
212.959: Total time for which application threads were stopped: 0.0005550 seconds, Stopping threads took: 0.0000750 seconds
213.138: Application time: 0.1786480 seconds
213.138: [GC213.138: [ParNew: 33805K->398K(37568K), 0.0003860 secs] 42940K->9541K(120960K), 0.0004140 secs] [Times: user=0.00 sys=0.00, real=0.00 secs] 
213.139: Total time for which application threads were stopped: 0.0005370 seconds, Stopping threads took: 0.0000570 seconds
213.318: Application time: 0.1788610 seconds
213.318: [GC213.318: [ParNew: 33806K->403K(37568K), 0.0004010 secs] 42949K->9554K(120960K), 0.0004240 secs] [Times: user=0.00 sys=0.00, real=0.00 secs] 
213.318: Total time for which application threads were stopped: 0.0005600 seconds, Stopping threads took: 0.0000630 seconds
213.494: Application time: 0.1764040 seconds
213.495: [GC213.495: [ParNew: 33811K->395K(37568K), 0.0003620 secs] 42962K->9547K(120960K), 0.0003880 secs] [Times: user=0.00 sys=0.00, real=0.00 secs] 
213.495: Total time for which application threads were stopped: 0.0005010 seconds, Stopping threads took: 0.0000490 seconds
213.672: Application time: 0.1768120 seconds
213.672: [GC213.672: [ParNew: 33803K->397K(37568K), 0.0003930 secs] 42955K->9548K(120960K), 0.0004190 secs] [Times: user=0.00 sys=0.00, real=0.00 secs] 
213.672: Total time for which application threads were stopped: 0.0005500 seconds, Stopping threads took: 0.0000670 seconds
213.851: Application time: 0.1786300 seconds
213.851: [GC213.851: [ParNew: 33805K->400K(37568K), 0.0004000 secs] 42956K->9552K(120960K), 0.0004260 secs] [Times: user=0.01 sys=0.00, real=0.00 secs] 
213.852: Total time for which application threads were stopped: 0.0005600 seconds, Stopping threads took: 0.0000590 seconds
214.029: Application time: 0.1776870 seconds
214.029: [GC214.029: [ParNew: 33808K->403K(37568K), 0.0004100 secs] 42960K->9563K(120960K), 0.0004370 secs] [Times: user=0.00 sys=0.00, real=0.00 secs] 
214.030: Total time for which application threads were stopped: 0.0005720 seconds, Stopping threads took: 0.0000680 seconds
214.210: Application time: 0.1799470 seconds
214.210: [GC214.210: [ParNew: 33811K->396K(37568K), 0.0003780 secs] 42971K->9556K(120960K), 0.0004100 secs] [Times: user=0.00 sys=0.00, real=0.00 secs] 
214.210: Total time for which application threads were stopped: 0.0005710 seconds, Stopping threads took: 0.0000980 seconds
214.385: Application time: 0.1744020 seconds
214.385: [GC214.385: [ParNew: 33804K->395K(37568K), 0.0004560 secs] 42964K->9554K(120960K), 0.0004830 secs] [Times: user=0.00 sys=0.00, real=0.00 secs] 
214.385: Total time for which application threads were stopped: 0.0006250 seconds, Stopping threads took: 0.0000640 seconds
214.564: Application time: 0.1790640 seconds
214.565: [GC214.565: [ParNew: 33803K->394K(37568K), 0.0019890 secs] 42962K->9553K(120960K), 0.0020220 secs] [Times: user=0.00 sys=0.00, real=0.01 secs] 
214.567: Total time for which application threads were stopped: 0.0021430 seconds, Stopping threads took: 0.0000540 seconds
214.745: Application time: 0.1783100 seconds
214.745: [GC214.745: [ParNew: 33802K->400K(37568K), 0.0003880 secs] 42961K->9567K(120960K), 0.0004110 secs] [Times: user=0.00 sys=0.00, real=0.00 secs] 
214.745: Total time for which application threads were stopped: 0.0005450 seconds, Stopping threads took: 0.0000710 seconds
214.925: Application time: 0.1795690 seconds
214.925: [GC214.925: [ParNew: 33808K->397K(37568K), 0.0003840 secs] 42975K->9564K(120960K), 0.0004110 secs] [Times: user=0.00 sys=0.00, real=0.00 secs] 
214.926: Total time for which application threads were stopped: 0.0005450 seconds, Stopping threads took: 0.0000570 seconds
215.100: Application time: 0.1748450 seconds
215.100: [GC215.101: [ParNew: 33805K->386K(37568K), 0.0004130 secs] 42972K->9553K(120960K), 0.0004420 secs] [Times: user=0.00 sys=0.00, real=0.00 secs] 
215.101: Total time for which application threads were stopped: 0.0005600 seconds, Stopping threads took: 0.0000510 seconds
215.280: Application time: 0.1789400 seconds
215.280: [GC215.280: [ParNew: 33794K->392K(37568K), 0.0004270 secs] 42961K->9559K(120960K), 0.0004560 secs] [Times: user=0.00 sys=0.00, real=0.00 secs] 
215.281: Total time for which application threads were stopped: 0.0006140 seconds, Stopping threads took: 0.0000890 seconds
215.459: Application time: 0.1784790 seconds
215.459: [GC215.459: [ParNew: 33800K->393K(37568K), 0.0004130 secs] 42967K->9569K(120960K), 0.0004410 secs] [Times: user=0.01 sys=0.00, real=0.00 secs] 
215.460: Total time for which application threads were stopped: 0.0006000 seconds, Stopping threads took: 0.0000820 seconds
215.639: Application time: 0.1793530 seconds
215.639: [GC215.639: [ParNew: 33801K->397K(37568K), 0.0003910 secs] 42977K->9580K(120960K), 0.0004200 secs] [Times: user=0.00 sys=0.00, real=0.00 secs] 
215.639: Total time for which application threads were stopped: 0.0005500 seconds, Stopping threads took: 0.0000620 seconds
215.814: Application time: 0.1744970 seconds
215.814: [GC215.814: [ParNew: 33805K->396K(37568K), 0.0004500 secs] 42988K->9579K(120960K), 0.0004750 secs] [Times: user=0.01 sys=0.00, real=0.01 secs] 
215.815: Total time for which application threads were stopped: 0.0006050 seconds, Stopping threads took: 0.0000690 seconds
215.994: Application time: 0.1792610 seconds
215.994: [GC215.994: [ParNew: 33804K->398K(37568K), 0.0003990 secs] 42987K->9581K(120960K), 0.0004240 secs] [Times: user=0.00 sys=0.00, real=0.01 secs] 
215.994: Total time for which application threads were stopped: 0.0005680 seconds, Stopping threads took: 0.0000690 seconds
216.174: Application time: 0.1790800 seconds
216.174: [GC216.174: [ParNew: 33806K->397K(37568K), 0.0003760 secs] 42989K->9588K(120960K), 0.0004030 secs] [Times: user=0.00 sys=0.00, real=0.00 secs] 
216.174: Total time for which application threads were stopped: 0.0005230 seconds, Stopping threads took: 0.0000550 seconds
216.352: Application time: 0.1782090 seconds
216.352: [GC216.352: [ParNew: 33805K->397K(37568K), 0.0003750 secs] 42996K->9596K(120960K), 0.0004010 secs] [Times: user=0.00 sys=0.00, real=0.00 secs] 
216.353: Total time for which application threads were stopped: 0.0005240 seconds, Stopping threads took: 0.0000590 seconds
216.530: Application time: 0.1770580 seconds
216.530: [GC216.530: [ParNew: 33805K->396K(37568K), 0.0003860 secs] 43004K->9596K(120960K), 0.0004200 secs] [Times: user=0.00 sys=0.00, real=0.00 secs] 
216.530: Total time for which application threads were stopped: 0.0005510 seconds, Stopping threads took: 0.0000590 seconds
216.707: Application time: 0.1767310 seconds
216.707: [GC216.707: [ParNew: 33804K->390K(37568K), 0.0004110 secs] 43004K->9589K(120960K), 0.0004350 secs] [Times: user=0.00 sys=0.00, real=0.00 secs] 
216.708: Total time for which application threads were stopped: 0.0005720 seconds, Stopping threads took: 0.0000720 seconds
216.887: Application time: 0.1789930 seconds
216.887: [GC216.887: [ParNew: 33798K->394K(37568K), 0.0004350 secs] 42997K->9593K(120960K), 0.0004570 secs] [Times: user=0.00 sys=0.00, real=0.00 secs] 
216.887: Total time for which application threads were stopped: 0.0005970 seconds, Stopping threads took: 0.0000770 seconds
217.066: Application time: 0.1789270 seconds
217.066: [GC217.066: [ParNew: 33802K->399K(37568K), 0.0004020 secs] 43001K->9607K(120960K), 0.0004260 secs] [Times: user=0.01 sys=0.00, real=0.00 secs] 
217.067: Total time for which application threads were stopped: 0.0005680 seconds, Stopping threads took: 0.0000680 seconds
217.246: Application time: 0.1789460 seconds
217.246: [GC217.246: [ParNew: 33807K->394K(37568K), 0.0003680 secs] 43015K->9601K(120960K), 0.0003970 secs] [Times: user=0.00 sys=0.00, real=0.00 secs] 
217.246: Total time for which application threads were stopped: 0.0005280 seconds, Stopping threads took: 0.0000630 seconds
217.421: Application time: 0.1747660 seconds
217.421: [GC217.421: [ParNew: 33802K->398K(37568K), 0.0005080 secs] 43009K->9605K(120960K), 0.0005360 secs] [Times: user=0.00 sys=0.00, real=0.00 secs] 
217.422: Total time for which application threads were stopped: 0.0006720 seconds, Stopping threads took: 0.0000690 seconds
217.601: Application time: 0.1794660 seconds
217.601: [GC217.601: [ParNew: 33806K->408K(37568K), 0.0004370 secs] 43013K->9615K(120960K), 0.0004660 secs] [Times: user=0.00 sys=0.00, real=0.00 secs] 
217.602: Total time for which application threads were stopped: 0.0006080 seconds, Stopping threads took: 0.0000620 seconds
217.781: Application time: 0.1794450 seconds
217.781: [GC217.781: [ParNew: 33816K->398K(37568K), 0.0004050 secs] 43023K->9613K(120960K), 0.0004300 secs] [Times: user=0.01 sys=0.00, real=0.00 secs] 
217.782: Total time for which application threads were stopped: 0.0005540 seconds, Stopping threads took: 0.0000610 seconds
217.975: Application time: 0.1931120 seconds
217.975: [GC217.975: [ParNew: 33806K->396K(37568K), 0.0003860 secs] 43021K->9612K(120960K), 0.0004150 secs] [Times: user=0.00 sys=0.00, real=0.00 secs] 
217.975: Total time for which application threads were stopped: 0.0005610 seconds, Stopping threads took: 0.0000770 seconds
218.167: Application time: 0.1914210 seconds
218.167: [GC218.167: [ParNew: 33804K->403K(37568K), 0.0003890 secs] 43020K->9618K(120960K), 0.0004210 secs] [Times: user=0.00 sys=0.00, real=0.00 secs] 
218.167: Total time for which application threads were stopped: 0.0005930 seconds, Stopping threads took: 0.0000920 seconds
218.364: Application time: 0.1967850 seconds
218.364: [GC218.364: [ParNew: 33811K->403K(37568K), 0.0003880 secs] 43026K->9618K(120960K), 0.0004170 secs] [Times: user=0.00 sys=0.00, real=0.00 secs] 
218.365: Total time for which application threads were stopped: 0.0005540 seconds, Stopping threads took: 0.0000680 seconds
218.561: Application time: 0.1959030 seconds
218.561: [GC218.561: [ParNew: 33811K->408K(37568K), 0.0004200 secs] 43026K->9632K(120960K), 0.0004480 secs] [Times: user=0.01 sys=0.00, real=0.00 secs] 
218.561: Total time for which application threads were stopped: 0.0005990 seconds, Stopping threads took: 0.0000800 seconds
218.759: Application time: 0.1980060 seconds
218.759: [GC218.760: [ParNew: 33816K->398K(37568K), 0.0004720 secs] 43040K->9621K(120960K), 0.0004960 secs] [Times: user=0.00 sys=0.00, real=0.00 secs] 
218.760: Total time for which application threads were stopped: 0.0006750 seconds, Stopping threads took: 0.0000890 seconds
218.953: Application time: 0.1925200 seconds
218.953: [GC218.953: [ParNew: 33806K->396K(37568K), 0.0004520 secs] 43029K->9619K(120960K), 0.0004790 secs] [Times: user=0.01 sys=0.00, real=0.00 secs] 
218.953: Total time for which application threads were stopped: 0.0006030 seconds, Stopping threads took: 0.0000580 seconds
219.152: Application time: 0.1988570 seconds
219.152: [GC219.152: [ParNew: 33804K->401K(37568K), 0.0003740 secs] 43027K->9624K(120960K), 0.0004010 secs] [Times: user=0.00 sys=0.00, real=0.00 secs] 
219.153: Total time for which application threads were stopped: 0.0005220 seconds, Stopping threads took: 0.0000560 seconds
219.350: Application time: 0.1969940 seconds
219.350: [GC219.350: [ParNew: 33809K->380K(37568K), 0.0004140 secs] 43032K->9611K(120960K), 0.0004410 secs] [Times: user=0.00 sys=0.00, real=0.00 secs] 
219.350: Total time for which application threads were stopped: 0.0005880 seconds, Stopping threads took: 0.0000700 seconds
219.547: Application time: 0.1967440 seconds
219.547: [GC219.547: [ParNew: 33788K->391K(37568K), 0.0004630 secs] 43019K->9631K(120960K), 0.0004870 secs] [Times: user=0.00 sys=0.00, real=0.00 secs] 
219.547: Total time for which application threads were stopped: 0.0006290 seconds, Stopping threads took: 0.0000770 seconds
219.743: Application time: 0.1950950 seconds
219.743: [GC219.743: [ParNew: 33799K->399K(37568K), 0.0004530 secs] 43039K->9639K(120960K), 0.0004840 secs] [Times: user=0.00 sys=0.00, real=0.00 secs] 
219.743: Total time for which application threads were stopped: 0.0006190 seconds, Stopping threads took: 0.0000670 seconds
219.939: Application time: 0.1958160 seconds
219.939: [GC219.939: [ParNew: 33807K->391K(37568K), 0.0004100 secs] 43047K->9630K(120960K), 0.0004370 secs] [Times: user=0.01 sys=0.00, real=0.00 secs] 
219.940: Total time for which application threads were stopped: 0.0005840 seconds, Stopping threads took: 0.0000650 seconds
220.138: Application time: 0.1988350 seconds
220.139: [GC220.139: [ParNew: 33799K->399K(37568K), 0.0004190 secs] 43038K->9638K(120960K), 0.0004460 secs] [Times: user=0.00 sys=0.00, real=0.00 secs] 
220.139: Total time for which application threads were stopped: 0.0005800 seconds, Stopping threads took: 0.0000660 seconds
220.336: Application time: 0.1971050 seconds
220.336: [GC220.336: [ParNew: 33807K->399K(37568K), 0.0004370 secs] 43046K->9647K(120960K), 0.0004620 secs] [Times: user=0.00 sys=0.00, real=0.00 secs] 
220.337: Total time for which application threads were stopped: 0.0006050 seconds, Stopping threads took: 0.0000760 seconds
220.531: Application time: 0.1947060 seconds
220.532: [GC220.532: [ParNew: 33807K->404K(37568K), 0.0003640 secs] 43055K->9651K(120960K), 0.0003890 secs] [Times: user=0.00 sys=0.00, real=0.00 secs] 
220.532: Total time for which application threads were stopped: 0.0005220 seconds, Stopping threads took: 0.0000610 seconds
220.727: Application time: 0.1952140 seconds
220.727: [GC220.727: [ParNew: 33812K->403K(37568K), 0.0004090 secs] 43059K->9650K(120960K), 0.0004360 secs] [Times: user=0.00 sys=0.00, real=0.00 secs] 
220.728: Total time for which application threads were stopped: 0.0005660 seconds, Stopping threads took: 0.0000610 seconds
220.925: Application time: 0.1974980 seconds
220.925: [GC220.925: [ParNew: 33811K->380K(37568K), 0.0003910 secs] 43058K->9627K(120960K), 0.0004160 secs] [Times: user=0.00 sys=0.00, real=0.00 secs] 
220.926: Total time for which application threads were stopped: 0.0005520 seconds, Stopping threads took: 0.0000700 seconds
221.122: Application time: 0.1961870 seconds
221.122: [GC221.122: [ParNew: 33788K->400K(37568K), 0.0004100 secs] 43035K->9655K(120960K), 0.0004370 secs] [Times: user=0.00 sys=0.00, real=0.00 secs] 
221.123: Total time for which application threads were stopped: 0.0005720 seconds, Stopping threads took: 0.0000580 seconds
221.320: Application time: 0.1976640 seconds
221.320: [GC221.320: [ParNew: 33808K->394K(37568K), 0.0005200 secs] 43063K->9649K(120960K), 0.0005440 secs] [Times: user=0.00 sys=0.00, real=0.00 secs] 
221.321: Total time for which application threads were stopped: 0.0006980 seconds, Stopping threads took: 0.0000850 seconds
221.513: Application time: 0.1922200 seconds
221.513: [GC221.513: [ParNew: 33802K->403K(37568K), 0.0003990 secs] 43057K->9658K(120960K), 0.0004240 secs] [Times: user=0.01 sys=0.00, real=0.00 secs] 
221.514: Total time for which application threads were stopped: 0.0005910 seconds, Stopping threads took: 0.0000970 seconds
221.711: Application time: 0.1969500 seconds
221.711: [GC221.711: [ParNew: 33811K->399K(37568K), 0.0004510 secs] 43066K->9654K(120960K), 0.0004780 secs] [Times: user=0.01 sys=0.00, real=0.00 secs] 
221.711: Total time for which application threads were stopped: 0.0006240 seconds, Stopping threads took: 0.0000720 seconds
221.900: Application time: 0.1884930 seconds
221.900: [GC221.900: [ParNew: 33807K->399K(37568K), 0.0003870 secs] 43062K->9662K(120960K), 0.0004120 secs] [Times: user=0.01 sys=0.00, real=0.00 secs] 
221.900: Total time for which application threads were stopped: 0.0005430 seconds, Stopping threads took: 0.0000690 seconds
222.080: Application time: 0.1794600 seconds
222.080: [GC222.080: [ParNew: 33807K->401K(37568K), 0.0003600 secs] 43070K->9664K(120960K), 0.0003850 secs] [Times: user=0.00 sys=0.00, real=0.00 secs] 
222.080: Total time for which application threads were stopped: 0.0005050 seconds, Stopping threads took: 0.0000560 seconds
222.255: Application time: 0.1746160 seconds
222.255: [GC222.255: [ParNew: 33809K->391K(37568K), 0.0004550 secs] 43072K->9654K(120960K), 0.0004820 secs] [Times: user=0.00 sys=0.00, real=0.00 secs] 
222.256: Total time for which application threads were stopped: 0.0006210 seconds, Stopping threads took: 0.0000610 seconds
222.435: Application time: 0.1791410 seconds
222.438: [GC222.438: [ParNew: 33799K->391K(37568K), 0.0004490 secs] 43062K->9654K(120960K), 0.0004750 secs] [Times: user=0.00 sys=0.00, real=0.00 secs] 
222.439: Total time for which application threads were stopped: 0.0041460 seconds, Stopping threads took: 0.0036070 seconds
222.617: Application time: 0.1782960 seconds
222.617: [GC222.617: [ParNew: 33799K->382K(37568K), 0.0004270 secs] 43062K->9654K(120960K), 0.0004560 secs] [Times: user=0.00 sys=0.00, real=0.00 secs] 
222.618: Total time for which application threads were stopped: 0.0006060 seconds, Stopping threads took: 0.0000830 seconds
222.797: Application time: 0.1788870 seconds
222.797: [GC222.797: [ParNew: 33790K->396K(37568K), 0.0004190 secs] 43062K->9675K(120960K), 0.0004420 secs] [Times: user=0.00 sys=0.00, real=0.00 secs] 
222.797: Total time for which application threads were stopped: 0.0005720 seconds, Stopping threads took: 0.0000560 seconds
222.973: Application time: 0.1752890 seconds
222.973: [GC222.973: [ParNew: 33804K->400K(37568K), 0.0003460 secs] 43083K->9679K(120960K), 0.0003690 secs] [Times: user=0.00 sys=0.00, real=0.00 secs] 
222.973: Total time for which application threads were stopped: 0.0004850 seconds, Stopping threads took: 0.0000510 seconds
223.152: Application time: 0.1790470 seconds
223.152: [GC223.152: [ParNew: 33808K->399K(37568K), 0.0003800 secs] 43087K->9678K(120960K), 0.0004060 secs] [Times: user=0.00 sys=0.00, real=0.00 secs] 
223.153: Total time for which application threads were stopped: 0.0005380 seconds, Stopping threads took: 0.0000670 seconds
223.330: Application time: 0.1778370 seconds
223.331: [GC223.331: [ParNew: 33807K->396K(37568K), 0.0004160 secs] 43086K->9683K(120960K), 0.0004430 secs] [Times: user=0.00 sys=0.00, real=0.00 secs] 
223.331: Total time for which application threads were stopped: 0.0005810 seconds, Stopping threads took: 0.0000580 seconds
223.510: Application time: 0.1789900 seconds
223.514: [GC223.514: [ParNew: 33804K->400K(37568K), 0.0004690 secs] 43091K->9696K(120960K), 0.0004970 secs] [Times: user=0.00 sys=0.00, real=0.00 secs] 
223.515: Total time for which application threads were stopped: 0.0049170 seconds, Stopping threads took: 0.0043540 seconds
223.692: Application time: 0.1767320 seconds
223.692: [GC223.692: [ParNew: 33808K->408K(37568K), 0.0004220 secs] 43104K->9703K(120960K), 0.0004590 secs] [Times: user=0.00 sys=0.00, real=0.00 secs] 
223.692: Total time for which application threads were stopped: 0.0005810 seconds, Stopping threads took: 0.0000530 seconds
223.869: Application time: 0.1768300 seconds
223.869: [GC223.869: [ParNew: 33816K->395K(37568K), 0.0003990 secs] 43111K->9690K(120960K), 0.0004250 secs] [Times: user=0.00 sys=0.00, real=0.00 secs] 
223.870: Total time for which application threads were stopped: 0.0005520 seconds, Stopping threads took: 0.0000500 seconds
224.049: Application time: 0.1789380 seconds
224.049: [GC224.049: [ParNew: 33803K->379K(37568K), 0.0003920 secs] 43098K->9674K(120960K), 0.0004170 secs] [Times: user=0.00 sys=0.00, real=0.00 secs] 
224.049: Total time for which application threads were stopped: 0.0005450 seconds, Stopping threads took: 0.0000640 seconds
224.228: Application time: 0.1790740 seconds
224.228: [GC224.228: [ParNew: 33787K->402K(37568K), 0.0004000 secs] 43082K->9705K(120960K), 0.0004280 secs] [Times: user=0.00 sys=0.00, real=0.00 secs] 
224.229: Total time for which application threads were stopped: 0.0005570 seconds, Stopping threads took: 0.0000640 seconds
224.408: Application time: 0.1789960 seconds
224.408: [GC224.408: [ParNew: 33810K->391K(37568K), 0.0004110 secs] 43113K->9694K(120960K), 0.0004400 secs] [Times: user=0.00 sys=0.00, real=0.00 secs] 
224.408: Total time for which application threads were stopped: 0.0005760 seconds, Stopping threads took: 0.0000570 seconds
224.583: Application time: 0.1745600 seconds
224.583: [GC224.583: [ParNew: 33799K->391K(37568K), 0.0004150 secs] 43102K->9694K(120960K), 0.0004410 secs] [Times: user=0.00 sys=0.00, real=0.00 secs] 
224.583: Total time for which application threads were stopped: 0.0005920 seconds, Stopping threads took: 0.0000880 seconds
224.762: Application time: 0.1788900 seconds
224.762: [GC224.763: [ParNew: 33799K->395K(37568K), 0.0003940 secs] 43102K->9699K(120960K), 0.0004320 secs] [Times: user=0.01 sys=0.00, real=0.00 secs] 
224.763: Total time for which application threads were stopped: 0.0005790 seconds, Stopping threads took: 0.0000820 seconds
224.942: Application time: 0.1786150 seconds
224.942: [GC224.942: [ParNew: 33803K->398K(37568K), 0.0003990 secs] 43107K->9710K(120960K), 0.0004240 secs] [Times: user=0.00 sys=0.00, real=0.00 secs] 
224.942: Total time for which application threads were stopped: 0.0005640 seconds, Stopping threads took: 0.0000690 seconds
225.121: Application time: 0.1790830 seconds
225.121: [GC225.121: [ParNew: 33806K->399K(37568K), 0.0004760 secs] 43118K->9710K(120960K), 0.0005010 secs] [Times: user=0.00 sys=0.00, real=0.00 secs] 
225.122: Total time for which application threads were stopped: 0.0006180 seconds, Stopping threads took: 0.0000530 seconds
225.297: Application time: 0.1751440 seconds
225.297: [GC225.297: [ParNew: 33807K->405K(37568K), 0.0003950 secs] 43118K->9717K(120960K), 0.0004200 secs] [Times: user=0.01 sys=0.00, real=0.00 secs] 
225.298: Total time for which application threads were stopped: 0.0005380 seconds, Stopping threads took: 0.0000560 seconds
225.477: Application time: 0.1790820 seconds
225.477: [GC225.477: [ParNew: 33813K->410K(37568K), 0.0003980 secs] 43125K->9722K(120960K), 0.0004230 secs] [Times: user=0.00 sys=0.00, real=0.00 secs] 
225.477: Total time for which application threads were stopped: 0.0005640 seconds, Stopping threads took: 0.0000650 seconds
225.655: Application time: 0.1782690 seconds
225.656: [GC225.656: [ParNew: 33818K->397K(37568K), 0.0003910 secs] 43130K->9716K(120960K), 0.0004170 secs] [Times: user=0.00 sys=0.00, real=0.00 secs] 
225.656: Total time for which application threads were stopped: 0.0005540 seconds, Stopping threads took: 0.0000730 seconds
225.837: Application time: 0.1811540 seconds
225.837: [GC225.837: [ParNew: 33805K->399K(37568K), 0.0003820 secs] 43124K->9726K(120960K), 0.0004090 secs] [Times: user=0.00 sys=0.00, real=0.00 secs] 
225.838: Total time for which application threads were stopped: 0.0005360 seconds, Stopping threads took: 0.0000560 seconds
226.030: Application time: 0.1924830 seconds
226.030: [GC226.030: [ParNew: 33807K->396K(37568K), 0.0004700 secs] 43134K->9723K(120960K), 0.0005070 secs] [Times: user=0.00 sys=0.00, real=0.00 secs] 
226.031: Total time for which application threads were stopped: 0.0006560 seconds, Stopping threads took: 0.0000650 seconds
226.227: Application time: 0.1962330 seconds
226.227: [GC226.227: [ParNew: 33804K->407K(37568K), 0.0004510 secs] 43131K->9734K(120960K), 0.0004790 secs] [Times: user=0.00 sys=0.00, real=0.00 secs] 
226.228: Total time for which application threads were stopped: 0.0006110 seconds, Stopping threads took: 0.0000660 seconds
226.424: Application time: 0.1964500 seconds
226.424: [GC226.424: [ParNew: 33815K->409K(37568K), 0.0003930 secs] 43142K->9745K(120960K), 0.0004230 secs] [Times: user=0.00 sys=0.00, real=0.00 secs] 
226.425: Total time for which application threads were stopped: 0.0005580 seconds, Stopping threads took: 0.0000630 seconds
226.621: Application time: 0.1967010 seconds
226.622: [GC226.622: [ParNew: 33817K->396K(37568K), 0.0003820 secs] 43153K->9739K(120960K), 0.0004110 secs] [Times: user=0.00 sys=0.00, real=0.00 secs] 
226.622: Total time for which application threads were stopped: 0.0005590 seconds, Stopping threads took: 0.0000680 seconds
226.817: Application time: 0.1950300 seconds
226.817: [GC226.817: [ParNew: 33804K->400K(37568K), 0.0004010 secs] 43147K->9743K(120960K), 0.0004260 secs] [Times: user=0.01 sys=0.00, real=0.00 secs] 
226.818: Total time for which application threads were stopped: 0.0005610 seconds, Stopping threads took: 0.0000710 seconds
227.012: Application time: 0.1940560 seconds
227.012: [GC227.012: [ParNew: 33808K->402K(37568K), 0.0003840 secs] 43151K->9745K(120960K), 0.0004140 secs] [Times: user=0.00 sys=0.00, real=0.00 secs] 
227.012: Total time for which application threads were stopped: 0.0005450 seconds, Stopping threads took: 0.0000610 seconds
227.210: Application time: 0.1973910 seconds
227.210: [GC227.210: [ParNew: 33810K->401K(37568K), 0.0003950 secs] 43153K->9745K(120960K), 0.0004230 secs] [Times: user=0.00 sys=0.00, real=0.00 secs] 
227.210: Total time for which application threads were stopped: 0.0005520 seconds, Stopping threads took: 0.0000540 seconds
227.407: Application time: 0.1967170 seconds
227.407: [GC227.407: [ParNew: 33809K->401K(37568K), 0.0004170 secs] 43153K->9752K(120960K), 0.0004440 secs] [Times: user=0.00 sys=0.00, real=0.00 secs] 
227.407: Total time for which application threads were stopped: 0.0005950 seconds, Stopping threads took: 0.0000850 seconds
227.603: Application time: 0.1959700 seconds
227.604: [GC227.604: [ParNew: 33809K->392K(37568K), 0.0003660 secs] 43160K->9743K(120960K), 0.0003900 secs] [Times: user=0.00 sys=0.00, real=0.00 secs] 
227.604: Total time for which application threads were stopped: 0.0005310 seconds, Stopping threads took: 0.0000750 seconds
227.798: Application time: 0.1936980 seconds
227.798: [GC227.798: [ParNew: 33800K->397K(37568K), 0.0004640 secs] 43151K->9748K(120960K), 0.0004930 secs] [Times: user=0.00 sys=0.00, real=0.00 secs] 
227.798: Total time for which application threads were stopped: 0.0006360 seconds, Stopping threads took: 0.0000650 seconds
227.996: Application time: 0.1976170 seconds
227.996: [GC227.996: [ParNew: 33805K->410K(37568K), 0.0003940 secs] 43156K->9761K(120960K), 0.0004190 secs] [Times: user=0.00 sys=0.00, real=0.00 secs] 
227.996: Total time for which application threads were stopped: 0.0005740 seconds, Stopping threads took: 0.0000890 seconds
228.193: Application time: 0.1961090 seconds
228.193: [GC228.193: [ParNew: 33818K->393K(37568K), 0.0004270 secs] 43169K->9752K(120960K), 0.0004570 secs] [Times: user=0.00 sys=0.00, real=0.00 secs] 
228.193: Total time for which application threads were stopped: 0.0005930 seconds, Stopping threads took: 0.0000630 seconds
228.390: Application time: 0.1969380 seconds
228.390: [GC228.390: [ParNew: 33801K->394K(37568K), 0.0003880 secs] 43160K->9754K(120960K), 0.0004140 secs] [Times: user=0.00 sys=0.00, real=0.00 secs] 
228.391: Total time for which application threads were stopped: 0.0005960 seconds, Stopping threads took: 0.0000970 seconds
228.583: Application time: 0.1923770 seconds
228.583: [GC228.583: [ParNew: 33802K->398K(37568K), 0.0005070 secs] 43162K->9757K(120960K), 0.0005340 secs] [Times: user=0.01 sys=0.00, real=0.00 secs] 
228.584: Total time for which application threads were stopped: 0.0006640 seconds, Stopping threads took: 0.0000640 seconds
228.781: Application time: 0.1969080 seconds
228.781: [GC228.781: [ParNew: 33806K->399K(37568K), 0.0004000 secs] 43165K->9758K(120960K), 0.0004290 secs] [Times: user=0.00 sys=0.00, real=0.00 secs] 
228.781: Total time for which application threads were stopped: 0.0005590 seconds, Stopping threads took: 0.0000610 seconds
228.978: Application time: 0.1966520 seconds
228.978: [GC228.978: [ParNew: 33807K->395K(37568K), 0.0003910 secs] 43166K->9762K(120960K), 0.0004190 secs] [Times: user=0.00 sys=0.00, real=0.00 secs] 
228.978: Total time for which application threads were stopped: 0.0005540 seconds, Stopping threads took: 0.0000570 seconds
229.175: Application time: 0.1968130 seconds
229.175: [GC229.175: [ParNew: 33803K->398K(37568K), 0.0004050 secs] 43170K->9774K(120960K), 0.0004350 secs] [Times: user=0.00 sys=0.00, real=0.00 secs] 
229.176: Total time for which application threads were stopped: 0.0005670 seconds, Stopping threads took: 0.0000620 seconds
229.368: Application time: 0.1923700 seconds
229.368: [GC229.368: [ParNew: 33806K->399K(37568K), 0.0004360 secs] 43182K->9774K(120960K), 0.0004640 secs] [Times: user=0.00 sys=0.00, real=0.00 secs] 
229.369: Total time for which application threads were stopped: 0.0006250 seconds, Stopping threads took: 0.0000940 seconds
229.566: Application time: 0.1967730 seconds
229.566: [GC229.566: [ParNew: 33807K->404K(37568K), 0.0004300 secs] 43182K->9779K(120960K), 0.0004590 secs] [Times: user=0.00 sys=0.00, real=0.00 secs] 
229.566: Total time for which application threads were stopped: 0.0006010 seconds, Stopping threads took: 0.0000640 seconds
229.763: Application time: 0.1964190 seconds
229.763: [GC229.763: [ParNew: 33812K->406K(37568K), 0.0003920 secs] 43187K->9789K(120960K), 0.0004310 secs] [Times: user=0.00 sys=0.00, real=0.00 secs] 
229.763: Total time for which application threads were stopped: 0.0005880 seconds, Stopping threads took: 0.0000880 seconds
229.947: Application time: 0.1839760 seconds
229.947: [GC229.947: [ParNew: 33814K->408K(37568K), 0.0004060 secs] 43197K->9800K(120960K), 0.0004330 secs] [Times: user=0.01 sys=0.00, real=0.00 secs] 
229.948: Total time for which application threads were stopped: 0.0005650 seconds, Stopping threads took: 0.0000640 seconds
230.125: Application time: 0.1772370 seconds
230.125: [GC230.125: [ParNew: 33816K->346K(37568K), 0.0004400 secs] 43208K->9737K(120960K), 0.0004660 secs] [Times: user=0.00 sys=0.00, real=0.00 secs] 
230.126: Total time for which application threads were stopped: 0.0005910 seconds, Stopping threads took: 0.0000510 seconds
230.303: Application time: 0.1771690 seconds
230.303: [GC230.303: [ParNew: 33754K->393K(37568K), 0.0003790 secs] 43145K->9784K(120960K), 0.0004070 secs] [Times: user=0.01 sys=0.00, real=0.00 secs] 
230.303: Total time for which application threads were stopped: 0.0005350 seconds, Stopping threads took: 0.0000620 seconds
230.482: Application time: 0.1790200 seconds
230.482: [GC230.482: [ParNew: 33801K->383K(37568K), 0.0003830 secs] 43192K->9790K(120960K), 0.0004090 secs] [Times: user=0.00 sys=0.00, real=0.00 secs] 
230.483: Total time for which application threads were stopped: 0.0005270 seconds, Stopping threads took: 0.0000510 seconds
230.662: Application time: 0.1790490 seconds
230.662: [GC230.662: [ParNew: 33791K->381K(37568K), 0.0004490 secs] 43198K->9796K(120960K), 0.0004780 secs] [Times: user=0.00 sys=0.00, real=0.00 secs] 
230.662: Total time for which application threads were stopped: 0.0006180 seconds, Stopping threads took: 0.0000580 seconds
230.840: Application time: 0.1770400 seconds
230.840: [GC230.840: [ParNew: 33789K->391K(37568K), 0.0004590 secs] 43204K->9807K(120960K), 0.0004940 secs] [Times: user=0.00 sys=0.00, real=0.00 secs] 
230.840: Total time for which application threads were stopped: 0.0006370 seconds, Stopping threads took: 0.0000790 seconds
231.017: Application time: 0.1766830 seconds
231.017: [GC231.017: [ParNew: 33799K->392K(37568K), 0.0004720 secs] 43215K->9807K(120960K), 0.0004990 secs] [Times: user=0.00 sys=0.00, real=0.00 secs] 
231.017: Total time for which application threads were stopped: 0.0006250 seconds, Stopping threads took: 0.0000600 seconds
231.197: Application time: 0.1793790 seconds
231.197: [GC231.197: [ParNew: 33800K->398K(37568K), 0.0003810 secs] 43215K->9813K(120960K), 0.0004100 secs] [Times: user=0.00 sys=0.00, real=0.00 secs] 
231.197: Total time for which application threads were stopped: 0.0005670 seconds, Stopping threads took: 0.0000770 seconds
231.376: Application time: 0.1781710 seconds
231.376: [GC231.376: [ParNew: 33806K->401K(37568K), 0.0004850 secs] 43221K->9825K(120960K), 0.0005130 secs] [Times: user=0.00 sys=0.00, real=0.00 secs] 
231.376: Total time for which application threads were stopped: 0.0006630 seconds, Stopping threads took: 0.0000840 seconds
231.555: Application time: 0.1788820 seconds
231.555: [GC231.555: [ParNew: 33809K->390K(37568K), 0.0004200 secs] 43233K->9813K(120960K), 0.0004490 secs] [Times: user=0.00 sys=0.00, real=0.00 secs] 
231.556: Total time for which application threads were stopped: 0.0005830 seconds, Stopping threads took: 0.0000640 seconds
231.730: Application time: 0.1743910 seconds
231.730: [GC231.730: [ParNew: 33798K->399K(37568K), 0.0003870 secs] 43221K->9822K(120960K), 0.0004160 secs] [Times: user=0.00 sys=0.00, real=0.00 secs] 
231.731: Total time for which application threads were stopped: 0.0005550 seconds, Stopping threads took: 0.0000590 seconds
231.910: Application time: 0.1792390 seconds
231.910: [GC231.910: [ParNew: 33807K->406K(37568K), 0.0003840 secs] 43230K->9829K(120960K), 0.0004110 secs] [Times: user=0.00 sys=0.00, real=0.00 secs] 
231.910: Total time for which application threads were stopped: 0.0005540 seconds, Stopping threads took: 0.0000790 seconds
232.090: Application time: 0.1792510 seconds
232.090: [GC232.090: [ParNew: 33814K->403K(37568K), 0.0003470 secs] 43237K->9835K(120960K), 0.0003700 secs] [Times: user=0.00 sys=0.00, real=0.00 secs] 
232.090: Total time for which application threads were stopped: 0.0004860 seconds, Stopping threads took: 0.0000570 seconds
232.269: Application time: 0.1792710 seconds
232.270: [GC232.270: [ParNew: 33811K->402K(37568K), 0.0004690 secs] 43243K->9833K(120960K), 0.0004970 secs] [Times: user=0.00 sys=0.00, real=0.00 secs] 
232.270: Total time for which application threads were stopped: 0.0006380 seconds, Stopping threads took: 0.0000630 seconds
232.445: Application time: 0.1745690 seconds
232.445: [GC232.445: [ParNew: 33810K->398K(37568K), 0.0003840 secs] 43241K->9829K(120960K), 0.0004110 secs] [Times: user=0.00 sys=0.00, real=0.00 secs] 
232.445: Total time for which application threads were stopped: 0.0005410 seconds, Stopping threads took: 0.0000630 seconds
232.625: Application time: 0.1796010 seconds
232.625: [GC232.625: [ParNew: 33806K->385K(37568K), 0.0005100 secs] 43237K->9816K(120960K), 0.0005360 secs] [Times: user=0.00 sys=0.00, real=0.00 secs] 
232.626: Total time for which application threads were stopped: 0.0006590 seconds, Stopping threads took: 0.0000550 seconds
232.804: Application time: 0.1788560 seconds
232.804: [GC232.805: [ParNew: 33793K->395K(37568K), 0.0003720 secs] 43224K->9834K(120960K), 0.0003960 secs] [Times: user=0.00 sys=0.00, real=0.00 secs] 
232.805: Total time for which application threads were stopped: 0.0005330 seconds, Stopping threads took: 0.0000630 seconds
232.985: Application time: 0.1800410 seconds
232.985: [GC232.985: [ParNew: 33803K->395K(37568K), 0.0004010 secs] 43242K->9842K(120960K), 0.0004270 secs] [Times: user=0.00 sys=0.00, real=0.00 secs] 
232.985: Total time for which application threads were stopped: 0.0005510 seconds, Stopping threads took: 0.0000610 seconds
233.161: Application time: 0.1751970 seconds
233.161: [GC233.161: [ParNew: 33803K->400K(37568K), 0.0003840 secs] 43250K->9848K(120960K), 0.0004170 secs] [Times: user=0.00 sys=0.00, real=0.00 secs] 
233.161: Total time for which application threads were stopped: 0.0005520 seconds, Stopping threads took: 0.0000720 seconds
233.340: Application time: 0.1790850 seconds
233.340: [GC233.340: [ParNew: 33808K->398K(37568K), 0.0003800 secs] 43256K->9845K(120960K), 0.0004100 secs] [Times: user=0.00 sys=0.00, real=0.00 secs] 
233.341: Total time for which application threads were stopped: 0.0005640 seconds, Stopping threads took: 0.0000750 seconds
233.520: Application time: 0.1788010 seconds
233.520: [GC233.520: [ParNew: 33806K->400K(37568K), 0.0003770 secs] 43253K->9855K(120960K), 0.0004010 secs] [Times: user=0.00 sys=0.00, real=0.00 secs] 
233.520: Total time for which application threads were stopped: 0.0005410 seconds, Stopping threads took: 0.0000770 seconds
233.699: Application time: 0.1788600 seconds
233.699: [GC233.699: [ParNew: 33808K->395K(37568K), 0.0005010 secs] 43263K->9858K(120960K), 0.0005300 secs] [Times: user=0.00 sys=0.00, real=0.00 secs] 
233.700: Total time for which application threads were stopped: 0.0006670 seconds, Stopping threads took: 0.0000690 seconds
233.876: Application time: 0.1762990 seconds
233.876: [GC233.876: [ParNew: 33803K->397K(37568K), 0.0004260 secs] 43266K->9860K(120960K), 0.0004520 secs] [Times: user=0.00 sys=0.00, real=0.00 secs] 
233.877: Total time for which application threads were stopped: 0.0006010 seconds, Stopping threads took: 0.0000710 seconds
234.054: Application time: 0.1770310 seconds
234.054: [GC234.054: [ParNew: 33805K->397K(37568K), 0.0004440 secs] 43268K->9860K(120960K), 0.0004680 secs] [Times: user=0.00 sys=0.00, real=0.01 secs] 
234.054: Total time for which application threads were stopped: 0.0005900 seconds, Stopping threads took: 0.0000520 seconds
234.234: Application time: 0.1795500 seconds
234.234: [GC234.234: [ParNew: 33805K->384K(37568K), 0.0004730 secs] 43268K->9848K(120960K), 0.0005030 secs] [Times: user=0.00 sys=0.00, real=0.01 secs] 
234.234: Total time for which application threads were stopped: 0.0006330 seconds, Stopping threads took: 0.0000620 seconds
234.413: Application time: 0.1788200 seconds
234.413: [GC234.413: [ParNew: 33792K->387K(37568K), 0.0004890 secs] 43256K->9859K(120960K), 0.0005160 secs] [Times: user=0.00 sys=0.00, real=0.00 secs] 
234.414: Total time for which application threads were stopped: 0.0006600 seconds, Stopping threads took: 0.0000640 seconds
234.593: Application time: 0.1795000 seconds
234.594: [GC234.594: [ParNew: 33795K->400K(37568K), 0.0004030 secs] 43267K->9871K(120960K), 0.0004280 secs] [Times: user=0.00 sys=0.00, real=0.00 secs] 
234.594: Total time for which application threads were stopped: 0.0005550 seconds, Stopping threads took: 0.0000630 seconds
234.768: Application time: 0.1742350 seconds
234.768: [GC234.768: [ParNew: 33808K->401K(37568K), 0.0018310 secs] 43279K->9872K(120960K), 0.0018620 secs] [Times: user=0.00 sys=0.00, real=0.00 secs] 
234.770: Total time for which application threads were stopped: 0.0019870 seconds, Stopping threads took: 0.0000570 seconds
234.950: Application time: 0.1799480 seconds
234.950: [GC234.950: [ParNew: 33809K->402K(37568K), 0.0004580 secs] 43280K->9873K(120960K), 0.0004840 secs] [Times: user=0.00 sys=0.00, real=0.00 secs] 
234.951: Total time for which application threads were stopped: 0.0006210 seconds, Stopping threads took: 0.0000560 seconds
235.130: Application time: 0.1790850 seconds
235.130: [GC235.130: [ParNew: 33810K->397K(37568K), 0.0003870 secs] 43281K->9876K(120960K), 0.0004110 secs] [Times: user=0.00 sys=0.00, real=0.00 secs] 
235.130: Total time for which application threads were stopped: 0.0005300 seconds, Stopping threads took: 0.0000600 seconds
235.310: Application time: 0.1791760 seconds
235.310: [GC235.310: [ParNew: 33805K->404K(37568K), 0.0003880 secs] 43284K->9883K(120960K), 0.0004140 secs] [Times: user=0.01 sys=0.00, real=0.00 secs] 
235.310: Total time for which application threads were stopped: 0.0005520 seconds, Stopping threads took: 0.0000640 seconds
235.485: Application time: 0.1745140 seconds
235.485: [GC235.485: [ParNew: 33812K->388K(37568K), 0.0003970 secs] 43291K->9867K(120960K), 0.0004230 secs] [Times: user=0.00 sys=0.00, real=0.00 secs] 
235.485: Total time for which application threads were stopped: 0.0005630 seconds, Stopping threads took: 0.0000650 seconds
235.664: Application time: 0.1786080 seconds
235.664: [GC235.664: [ParNew: 33796K->388K(37568K), 0.0003880 secs] 43275K->9868K(120960K), 0.0004120 secs] [Times: user=0.00 sys=0.00, real=0.00 secs] 
235.664: Total time for which application threads were stopped: 0.0005350 seconds, Stopping threads took: 0.0000610 seconds
235.843: Application time: 0.1787000 seconds
235.843: [GC235.843: [ParNew: 33796K->391K(37568K), 0.0003760 secs] 43276K->9878K(120960K), 0.0004010 secs] [Times: user=0.00 sys=0.00, real=0.00 secs] 
235.844: Total time for which application threads were stopped: 0.0005310 seconds, Stopping threads took: 0.0000650 seconds
236.023: Application time: 0.1791600 seconds
236.023: [GC236.023: [ParNew: 33799K->378K(37568K), 0.0004980 secs] 43286K->9873K(120960K), 0.0005220 secs] [Times: user=0.01 sys=0.00, real=0.00 secs] 
236.023: Total time for which application threads were stopped: 0.0006680 seconds, Stopping threads took: 0.0000700 seconds
236.199: Application time: 0.1755870 seconds
236.199: [GC236.199: [ParNew: 33786K->397K(37568K), 0.0004500 secs] 43281K->9892K(120960K), 0.0004790 secs] [Times: user=0.00 sys=0.00, real=0.00 secs] 
236.200: Total time for which application threads were stopped: 0.0006170 seconds, Stopping threads took: 0.0000700 seconds
236.378: Application time: 0.1786090 seconds
236.378: [GC236.378: [ParNew: 33805K->391K(37568K), 0.0005320 secs] 43300K->9886K(120960K), 0.0005570 secs] [Times: user=0.01 sys=0.00, real=0.00 secs] 
236.379: Total time for which application threads were stopped: 0.0006800 seconds, Stopping threads took: 0.0000580 seconds
236.558: Application time: 0.1791350 seconds
236.558: [GC236.558: [ParNew: 33799K->393K(37568K), 0.0004650 secs] 43294K->9896K(120960K), 0.0004940 secs] [Times: user=0.00 sys=0.00, real=0.00 secs] 
236.559: Total time for which application threads were stopped: 0.0006330 seconds, Stopping threads took: 0.0000620 seconds
236.738: Application time: 0.1793390 seconds
236.738: [GC236.738: [ParNew: 33801K->400K(37568K), 0.0004760 secs] 43304K->9911K(120960K), 0.0005050 secs] [Times: user=0.00 sys=0.00, real=0.00 secs] 
236.739: Total time for which application threads were stopped: 0.0006450 seconds, Stopping threads took: 0.0000740 seconds
236.916: Application time: 0.1769200 seconds
236.916: [GC236.916: [ParNew: 33808K->397K(37568K), 0.0004620 secs] 43319K->9908K(120960K), 0.0004890 secs] [Times: user=0.01 sys=0.00, real=0.00 secs] 
236.916: Total time for which application threads were stopped: 0.0006590 seconds, Stopping threads took: 0.0001040 seconds
237.093: Application time: 0.1769370 seconds
237.093: [GC237.093: [ParNew: 33805K->404K(37568K), 0.0003610 secs] 43316K->9915K(120960K), 0.0003890 secs] [Times: user=0.00 sys=0.00, real=0.00 secs] 
237.094: Total time for which application threads were stopped: 0.0005500 seconds, Stopping threads took: 0.0000840 seconds
237.273: Application time: 0.1790110 seconds
237.273: [GC237.273: [ParNew: 33812K->390K(37568K), 0.0004200 secs] 43323K->9901K(120960K), 0.0004470 secs] [Times: user=0.00 sys=0.00, real=0.00 secs] 
237.273: Total time for which application threads were stopped: 0.0005720 seconds, Stopping threads took: 0.0000580 seconds
237.452: Application time: 0.1785260 seconds
237.452: [GC237.452: [ParNew: 33798K->394K(37568K), 0.0004150 secs] 43309K->9913K(120960K), 0.0004430 secs] [Times: user=0.00 sys=0.00, real=0.00 secs] 
237.453: Total time for which application threads were stopped: 0.0006000 seconds, Stopping threads took: 0.0000900 seconds
237.631: Application time: 0.1781390 seconds
237.631: [GC237.631: [ParNew: 33802K->400K(37568K), 0.0003890 secs] 43321K->9919K(120960K), 0.0004220 secs] [Times: user=0.00 sys=0.00, real=0.00 secs] 
237.631: Total time for which application threads were stopped: 0.0005450 seconds, Stopping threads took: 0.0000490 seconds
237.807: Application time: 0.1760110 seconds
237.807: [GC237.807: [ParNew: 33808K->398K(37568K), 0.0003790 secs] 43327K->9917K(120960K), 0.0004030 secs] [Times: user=0.00 sys=0.00, real=0.00 secs] 
237.808: Total time for which application threads were stopped: 0.0005320 seconds, Stopping threads took: 0.0000650 seconds
237.987: Application time: 0.1791040 seconds
237.987: [GC237.987: [ParNew: 33806K->400K(37568K), 0.0003960 secs] 43325K->9920K(120960K), 0.0004190 secs] [Times: user=0.01 sys=0.00, real=0.00 secs] 
237.987: Total time for which application threads were stopped: 0.0005430 seconds, Stopping threads took: 0.0000620 seconds
238.166: Application time: 0.1787260 seconds
238.166: [GC238.166: [ParNew: 33808K->399K(37568K), 0.0004120 secs] 43328K->9927K(120960K), 0.0004410 secs] [Times: user=0.01 sys=0.00, real=0.01 secs] 
238.167: Total time for which application threads were stopped: 0.0005790 seconds, Stopping threads took: 0.0000550 seconds
238.346: Application time: 0.1796610 seconds
238.346: [GC238.346: [ParNew: 33807K->398K(37568K), 0.0004160 secs] 43335K->9925K(120960K), 0.0004430 secs] [Times: user=0.00 sys=0.00, real=0.00 secs] 
238.347: Total time for which application threads were stopped: 0.0005720 seconds, Stopping threads took: 0.0000630 seconds
238.522: Application time: 0.1748470 seconds
238.522: [GC238.522: [ParNew: 33806K->388K(37568K), 0.0003920 secs] 43333K->9915K(120960K), 0.0004180 secs] [Times: user=0.00 sys=0.00, real=0.00 secs] 
238.522: Total time for which application threads were stopped: 0.0005390 seconds, Stopping threads took: 0.0000570 seconds
238.701: Application time: 0.1789090 seconds
238.701: [GC238.701: [ParNew: 33796K->403K(37568K), 0.0004320 secs] 43323K->9930K(120960K), 0.0004580 secs] [Times: user=0.00 sys=0.00, real=0.00 secs] 
238.702: Total time for which application threads were stopped: 0.0006100 seconds, Stopping threads took: 0.0000780 seconds
238.880: Application time: 0.1785500 seconds
238.881: [GC238.881: [ParNew: 33811K->402K(37568K), 0.0004170 secs] 43338K->9938K(120960K), 0.0004440 secs] [Times: user=0.00 sys=0.00, real=0.00 secs] 
238.881: Total time for which application threads were stopped: 0.0005730 seconds, Stopping threads took: 0.0000620 seconds
239.060: Application time: 0.1790130 seconds
239.060: [GC239.060: [ParNew: 33810K->387K(37568K), 0.0004020 secs] 43346K->9930K(120960K), 0.0004280 secs] [Times: user=0.00 sys=0.00, real=0.00 secs] 
239.061: Total time for which application threads were stopped: 0.0005640 seconds, Stopping threads took: 0.0000710 seconds
239.235: Application time: 0.1748140 seconds
239.236: [GC239.236: [ParNew: 33795K->379K(37568K), 0.0004480 secs] 43338K->9922K(120960K), 0.0004740 secs] [Times: user=0.00 sys=0.00, real=0.00 secs] 
239.236: Total time for which application threads were stopped: 0.0006170 seconds, Stopping threads took: 0.0000710 seconds
239.414: Application time: 0.1784740 seconds
239.418: [GC239.418: [ParNew: 33787K->396K(37568K), 0.0004580 secs] 43330K->9939K(120960K), 0.0004860 secs] [Times: user=0.00 sys=0.00, real=0.00 secs] 
239.419: Total time for which application threads were stopped: 0.0044460 seconds, Stopping threads took: 0.0038920 seconds
239.598: Application time: 0.1792500 seconds
239.602: [GC239.602: [ParNew: 33804K->397K(37568K), 0.0004450 secs] 43347K->9948K(120960K), 0.0004720 secs] [Times: user=0.01 sys=0.00, real=0.00 secs] 
239.603: Total time for which application threads were stopped: 0.0047020 seconds, Stopping threads took: 0.0041640 seconds
239.782: Application time: 0.1789100 seconds
239.786: [GC239.786: [ParNew: 33805K->405K(37568K), 0.0005930 secs] 43356K->9964K(120960K), 0.0015190 secs] [Times: user=0.00 sys=0.00, real=0.00 secs] 
239.788: Total time for which application threads were stopped: 0.0061640 seconds, Stopping threads took: 0.0045640 seconds
239.965: Application time: 0.1765590 seconds
239.965: [GC239.965: [ParNew: 33813K->391K(37568K), 0.0003850 secs] 43372K->9950K(120960K), 0.0004160 secs] [Times: user=0.00 sys=0.00, real=0.00 secs] 
239.965: Total time for which application threads were stopped: 0.0005330 seconds, Stopping threads took: 0.0000540 seconds
240.142: Application time: 0.1770520 seconds
240.142: [GC240.142: [ParNew: 33799K->395K(37568K), 0.0004100 secs] 43358K->9955K(120960K), 0.0004400 secs] [Times: user=0.00 sys=0.00, real=0.00 secs] 
240.143: Total time for which application threads were stopped: 0.0006040 seconds, Stopping threads took: 0.0000950 seconds
240.322: Application time: 0.1791490 seconds
240.322: [GC240.322: [ParNew: 33803K->383K(37568K), 0.0004400 secs] 43363K->9959K(120960K), 0.0004670 secs] [Times: user=0.00 sys=0.00, real=0.00 secs] 
240.322: Total time for which application threads were stopped: 0.0006240 seconds, Stopping threads took: 0.0000840 seconds
240.502: Application time: 0.1795470 seconds
240.502: [GC240.502: [ParNew: 33791K->397K(37568K), 0.0003940 secs] 43367K->9980K(120960K), 0.0004210 secs] [Times: user=0.00 sys=0.00, real=0.00 secs] 
240.503: Total time for which application threads were stopped: 0.0005540 seconds, Stopping threads took: 0.0000670 seconds
240.679: Application time: 0.1766170 seconds
240.679: [GC240.679: [ParNew: 33805K->403K(37568K), 0.0003810 secs] 43388K->9986K(120960K), 0.0004090 secs] [Times: user=0.01 sys=0.00, real=0.00 secs] 
240.680: Total time for which application threads were stopped: 0.0005300 seconds, Stopping threads took: 0.0000530 seconds
240.856: Application time: 0.1766240 seconds
240.856: [GC240.857: [ParNew: 33811K->397K(37568K), 0.0004040 secs] 43394K->9980K(120960K), 0.0004290 secs] [Times: user=0.00 sys=0.00, real=0.00 secs] 
240.857: Total time for which application threads were stopped: 0.0005760 seconds, Stopping threads took: 0.0000730 seconds
241.036: Application time: 0.1792640 seconds
241.036: [GC241.036: [ParNew: 33805K->374K(37568K), 0.0004020 secs] 43388K->9957K(120960K), 0.0004300 secs] [Times: user=0.01 sys=0.00, real=0.00 secs] 
241.037: Total time for which application threads were stopped: 0.0005930 seconds, Stopping threads took: 0.0000990 seconds
241.216: Application time: 0.1795760 seconds
241.216: [GC241.217: [ParNew: 33782K->400K(37568K), 0.0004660 secs] 43365K->9991K(120960K), 0.0004920 secs] [Times: user=0.00 sys=0.00, real=0.00 secs] 
241.217: Total time for which application threads were stopped: 0.0006170 seconds, Stopping threads took: 0.0000590 seconds
241.396: Application time: 0.1793140 seconds
241.396: [GC241.396: [ParNew: 33808K->395K(37568K), 0.0004180 secs] 43399K->9986K(120960K), 0.0004460 secs] [Times: user=0.01 sys=0.00, real=0.00 secs] 
241.397: Total time for which application threads were stopped: 0.0005760 seconds, Stopping threads took: 0.0000540 seconds
241.572: Application time: 0.1747800 seconds
241.572: [GC241.572: [ParNew: 33803K->397K(37568K), 0.0004140 secs] 43394K->9988K(120960K), 0.0004400 secs] [Times: user=0.00 sys=0.00, real=0.00 secs] 
241.572: Total time for which application threads were stopped: 0.0005910 seconds, Stopping threads took: 0.0000870 seconds
241.752: Application time: 0.1798080 seconds
241.752: [GC241.752: [ParNew: 33805K->393K(37568K), 0.0004200 secs] 43396K->9984K(120960K), 0.0004460 secs] [Times: user=0.00 sys=0.00, real=0.00 secs] 
241.753: Total time for which application threads were stopped: 0.0005720 seconds, Stopping threads took: 0.0000610 seconds
241.932: Application time: 0.1789730 seconds
241.932: [GC241.932: [ParNew: 33801K->395K(37568K), 0.0003860 secs] 43392K->9994K(120960K), 0.0004120 secs] [Times: user=0.00 sys=0.00, real=0.00 secs] 
241.932: Total time for which application threads were stopped: 0.0005660 seconds, Stopping threads took: 0.0000810 seconds
242.111: Application time: 0.1790800 seconds
242.111: [GC242.111: [ParNew: 33803K->393K(37568K), 0.0003920 secs] 43402K->10000K(120960K), 0.0004200 secs] [Times: user=0.00 sys=0.00, real=0.00 secs] 
242.112: Total time for which application threads were stopped: 0.0005450 seconds, Stopping threads took: 0.0000590 seconds
242.286: Application time: 0.1743020 seconds
242.286: [GC242.286: [ParNew: 33801K->401K(37568K), 0.0004370 secs] 43408K->10008K(120960K), 0.0004700 secs] [Times: user=0.00 sys=0.00, real=0.01 secs] 
242.287: Total time for which application threads were stopped: 0.0006010 seconds, Stopping threads took: 0.0000670 seconds
242.466: Application time: 0.1793890 seconds
242.466: [GC242.466: [ParNew: 33809K->404K(37568K), 0.0004330 secs] 43416K->10012K(120960K), 0.0004590 secs] [Times: user=0.01 sys=0.00, real=0.01 secs] 
242.467: Total time for which application threads were stopped: 0.0006090 seconds, Stopping threads took: 0.0000760 seconds
242.646: Application time: 0.1792460 seconds
242.646: [GC242.646: [ParNew: 33812K->396K(37568K), 0.0003830 secs] 43420K->10011K(120960K), 0.0004080 secs] [Times: user=0.00 sys=0.00, real=0.01 secs] 
242.647: Total time for which application threads were stopped: 0.0005280 seconds, Stopping threads took: 0.0000570 seconds
242.826: Application time: 0.1790560 seconds
242.826: [GC242.826: [ParNew: 33804K->400K(37568K), 0.0003990 secs] 43419K->10023K(120960K), 0.0004160 secs] [Times: user=0.00 sys=0.00, real=0.00 secs] 
242.826: Total time for which application threads were stopped: 0.0005380 seconds, Stopping threads took: 0.0000600 seconds
243.001: Application time: 0.1753510 seconds
243.002: [GC243.002: [ParNew: 33808K->404K(37568K), 0.0003820 secs] 43431K->10028K(120960K), 0.0004070 secs] [Times: user=0.01 sys=0.00, real=0.00 secs] 
243.003: Total time for which application threads were stopped: 0.0013520 seconds, Stopping threads took: 0.0008700 seconds
243.182: Application time: 0.1789330 seconds
243.182: [GC243.182: [ParNew: 33812K->398K(37568K), 0.0004890 secs] 43436K->10021K(120960K), 0.0005180 secs] [Times: user=0.00 sys=0.00, real=0.00 secs] 
243.182: Total time for which application threads were stopped: 0.0006530 seconds, Stopping threads took: 0.0000660 seconds
243.362: Application time: 0.1792610 seconds
243.362: [GC243.362: [ParNew: 33806K->401K(37568K), 0.0003810 secs] 43429K->10032K(120960K), 0.0004070 secs] [Times: user=0.00 sys=0.00, real=0.00 secs] 
243.362: Total time for which application threads were stopped: 0.0005310 seconds, Stopping threads took: 0.0000560 seconds
243.541: Application time: 0.1789150 seconds
243.541: [GC243.541: [ParNew: 33809K->399K(37568K), 0.0004370 secs] 43440K->10038K(120960K), 0.0004660 secs] [Times: user=0.00 sys=0.00, real=0.00 secs] 
243.542: Total time for which application threads were stopped: 0.0006170 seconds, Stopping threads took: 0.0000680 seconds
243.718: Application time: 0.1764580 seconds
243.718: [GC243.718: [ParNew: 33807K->399K(37568K), 0.0004050 secs] 43446K->10038K(120960K), 0.0004330 secs] [Times: user=0.00 sys=0.00, real=0.00 secs] 
243.719: Total time for which application threads were stopped: 0.0005840 seconds, Stopping threads took: 0.0000810 seconds
243.896: Application time: 0.1777200 seconds
243.897: [GC243.897: [ParNew: 33807K->403K(37568K), 0.0004230 secs] 43446K->10042K(120960K), 0.0004470 secs] [Times: user=0.00 sys=0.00, real=0.00 secs] 
243.897: Total time for which application threads were stopped: 0.0005830 seconds, Stopping threads took: 0.0000710 seconds
244.076: Application time: 0.1793720 seconds
244.077: [GC244.077: [ParNew: 33811K->403K(37568K), 0.0004330 secs] 43450K->10042K(120960K), 0.0004570 secs] [Times: user=0.00 sys=0.00, real=0.00 secs] 
244.077: Total time for which application threads were stopped: 0.0005870 seconds, Stopping threads took: 0.0000610 seconds
244.255: Application time: 0.1784430 seconds
244.256: [GC244.256: [ParNew: 33811K->392K(37568K), 0.0004110 secs] 43450K->10039K(120960K), 0.0004400 secs] [Times: user=0.00 sys=0.00, real=0.00 secs] 
244.256: Total time for which application threads were stopped: 0.0005730 seconds, Stopping threads took: 0.0000650 seconds
244.435: Application time: 0.1788850 seconds
244.435: [GC244.435: [ParNew: 33800K->406K(37568K), 0.0004040 secs] 43447K->10054K(120960K), 0.0004290 secs] [Times: user=0.00 sys=0.00, real=0.00 secs] 
244.436: Total time for which application threads were stopped: 0.0005820 seconds, Stopping threads took: 0.0000820 seconds
244.610: Application time: 0.1744200 seconds
244.610: [GC244.610: [ParNew: 33814K->401K(37568K), 0.0003800 secs] 43462K->10048K(120960K), 0.0004050 secs] [Times: user=0.00 sys=0.00, real=0.00 secs] 
244.611: Total time for which application threads were stopped: 0.0005420 seconds, Stopping threads took: 0.0000600 seconds
244.790: Application time: 0.1793610 seconds
244.790: [GC244.790: [ParNew: 33809K->404K(37568K), 0.0005040 secs] 43456K->10051K(120960K), 0.0016430 secs] [Times: user=0.00 sys=0.01, real=0.00 secs] 
244.792: Total time for which application threads were stopped: 0.0017760 seconds, Stopping threads took: 0.0000670 seconds
244.971: Application time: 0.1788720 seconds
244.971: [GC244.971: [ParNew: 33812K->404K(37568K), 0.0004510 secs] 43459K->10059K(120960K), 0.0004800 secs] [Times: user=0.01 sys=0.00, real=0.00 secs] 
244.971: Total time for which application threads were stopped: 0.0005980 seconds, Stopping threads took: 0.0000540 seconds
245.151: Application time: 0.1799270 seconds
245.151: [GC245.151: [ParNew: 33812K->385K(37568K), 0.0004300 secs] 43467K->10041K(120960K), 0.0004570 secs] [Times: user=0.00 sys=0.00, real=0.00 secs] 
245.152: Total time for which application threads were stopped: 0.0006110 seconds, Stopping threads took: 0.0000790 seconds
245.325: Application time: 0.1736260 seconds
245.325: [GC245.325: [ParNew: 33793K->394K(37568K), 0.0004080 secs] 43449K->10049K(120960K), 0.0004320 secs] [Times: user=0.00 sys=0.00, real=0.00 secs] 
245.326: Total time for which application threads were stopped: 0.0005530 seconds, Stopping threads took: 0.0000580 seconds
245.505: Application time: 0.1790250 seconds
245.505: [GC245.505: [ParNew: 33802K->396K(37568K), 0.0004250 secs] 43457K->10051K(120960K), 0.0004480 secs] [Times: user=0.00 sys=0.00, real=0.00 secs] 
245.505: Total time for which application threads were stopped: 0.0005680 seconds, Stopping threads took: 0.0000570 seconds
245.684: Application time: 0.1788270 seconds
245.684: [GC245.684: [ParNew: 33804K->400K(37568K), 0.0003690 secs] 43459K->10063K(120960K), 0.0003960 secs] [Times: user=0.01 sys=0.00, real=0.00 secs] 
245.685: Total time for which application threads were stopped: 0.0005540 seconds, Stopping threads took: 0.0000810 seconds
245.864: Application time: 0.1796430 seconds
245.865: [GC245.865: [ParNew: 33808K->396K(37568K), 0.0003910 secs] 43471K->10067K(120960K), 0.0004190 secs] [Times: user=0.00 sys=0.00, real=0.00 secs] 
245.865: Total time for which application threads were stopped: 0.0005330 seconds, Stopping threads took: 0.0000480 seconds
246.041: Application time: 0.1756740 seconds
246.041: [GC246.041: [ParNew: 33804K->404K(37568K), 0.0003950 secs] 43475K->10075K(120960K), 0.0004180 secs] [Times: user=0.01 sys=0.00, real=0.00 secs] 
246.041: Total time for which application threads were stopped: 0.0005730 seconds, Stopping threads took: 0.0000930 seconds
246.221: Application time: 0.1793200 seconds
246.221: [GC246.221: [ParNew: 33812K->407K(37568K), 0.0004260 secs] 43483K->10078K(120960K), 0.0004550 secs] [Times: user=0.00 sys=0.00, real=0.00 secs] 
246.221: Total time for which application threads were stopped: 0.0005910 seconds, Stopping threads took: 0.0000610 seconds
246.400: Application time: 0.1783710 seconds
246.400: [GC246.400: [ParNew: 33815K->399K(37568K), 0.0004120 secs] 43486K->10078K(120960K), 0.0004400 secs] [Times: user=0.00 sys=0.00, real=0.00 secs] 
246.400: Total time for which application threads were stopped: 0.0005810 seconds, Stopping threads took: 0.0000730 seconds
246.580: Application time: 0.1795470 seconds
246.580: [GC246.580: [ParNew: 33807K->396K(37568K), 0.0004010 secs] 43486K->10083K(120960K), 0.0004300 secs] [Times: user=0.00 sys=0.00, real=0.00 secs] 
246.580: Total time for which application threads were stopped: 0.0006000 seconds, Stopping threads took: 0.0001010 seconds
246.756: Application time: 0.1755310 seconds
246.756: [GC246.756: [ParNew: 33804K->399K(37568K), 0.0003700 secs] 43491K->10086K(120960K), 0.0004030 secs] [Times: user=0.00 sys=0.00, real=0.00 secs] 
246.756: Total time for which application threads were stopped: 0.0005400 seconds, Stopping threads took: 0.0000660 seconds
246.934: Application time: 0.1777410 seconds
246.934: [GC246.934: [ParNew: 33807K->389K(37568K), 0.0004260 secs] 43494K->10076K(120960K), 0.0004510 secs] [Times: user=0.00 sys=0.00, real=0.01 secs] 
246.935: Total time for which application threads were stopped: 0.0005820 seconds, Stopping threads took: 0.0000660 seconds
247.114: Application time: 0.1791600 seconds
247.114: [GC247.114: [ParNew: 33797K->396K(37568K), 0.0003840 secs] 43484K->10091K(120960K), 0.0004090 secs] [Times: user=0.00 sys=0.00, real=0.01 secs] 
247.114: Total time for which application threads were stopped: 0.0005380 seconds, Stopping threads took: 0.0000670 seconds
247.292: Application time: 0.1781240 seconds
247.293: [GC247.293: [ParNew: 33804K->393K(37568K), 0.0003820 secs] 43499K->10097K(120960K), 0.0004100 secs] [Times: user=0.01 sys=0.00, real=0.00 secs] 
247.293: Total time for which application threads were stopped: 0.0005640 seconds, Stopping threads took: 0.0000770 seconds
247.470: Application time: 0.1769070 seconds
247.470: [GC247.470: [ParNew: 33801K->401K(37568K), 0.0003710 secs] 43505K->10104K(120960K), 0.0003960 secs] [Times: user=0.00 sys=0.00, real=0.00 secs] 
247.470: Total time for which application threads were stopped: 0.0005210 seconds, Stopping threads took: 0.0000620 seconds
247.647: Application time: 0.1762230 seconds
247.647: [GC247.647: [ParNew: 33809K->402K(37568K), 0.0003830 secs] 43512K->10105K(120960K), 0.0004100 secs] [Times: user=0.00 sys=0.00, real=0.00 secs] 
247.647: Total time for which application threads were stopped: 0.0005410 seconds, Stopping threads took: 0.0000640 seconds
247.827: Application time: 0.1798550 seconds
247.827: [GC247.827: [ParNew: 33810K->396K(37568K), 0.0004700 secs] 43513K->10099K(120960K), 0.0004980 secs] [Times: user=0.00 sys=0.00, real=0.00 secs] 
247.828: Total time for which application threads were stopped: 0.0006380 seconds, Stopping threads took: 0.0000590 seconds
248.006: Application time: 0.1786270 seconds
248.006: [GC248.007: [ParNew: 33804K->399K(37568K), 0.0005310 secs] 43507K->10110K(120960K), 0.0005590 secs] [Times: user=0.01 sys=0.00, real=0.00 secs] 
248.007: Total time for which application threads were stopped: 0.0006850 seconds, Stopping threads took: 0.0000590 seconds
248.187: Application time: 0.1796720 seconds
248.187: [GC248.187: [ParNew: 33807K->396K(37568K), 0.0004360 secs] 43518K->10107K(120960K), 0.0004680 secs] [Times: user=0.00 sys=0.00, real=0.00 secs] 
248.187: Total time for which application threads were stopped: 0.0005960 seconds, Stopping threads took: 0.0000580 seconds
248.362: Application time: 0.1749080 seconds
248.366: [GC248.366: [ParNew: 33804K->391K(37568K), 0.0005650 secs] 43515K->10102K(120960K), 0.0005920 secs] [Times: user=0.01 sys=0.00, real=0.00 secs] 
248.367: Total time for which application threads were stopped: 0.0047700 seconds, Stopping threads took: 0.0041050 seconds
248.546: Application time: 0.1793430 seconds
248.547: [GC248.547: [ParNew: 33799K->394K(37568K), 0.0006640 secs] 43510K->10106K(120960K), 0.0006900 secs] [Times: user=0.00 sys=0.00, real=0.00 secs] 
248.547: Total time for which application threads were stopped: 0.0008790 seconds, Stopping threads took: 0.0001250 seconds
248.726: Application time: 0.1786310 seconds
248.726: [GC248.726: [ParNew: 33802K->402K(37568K), 0.0003920 secs] 43514K->10121K(120960K), 0.0004220 secs] [Times: user=0.00 sys=0.00, real=0.01 secs] 
248.726: Total time for which application threads were stopped: 0.0005700 seconds, Stopping threads took: 0.0000770 seconds
248.905: Application time: 0.1784640 seconds
248.905: [GC248.905: [ParNew: 33810K->402K(37568K), 0.0003760 secs] 43529K->10130K(120960K), 0.0004020 secs] [Times: user=0.00 sys=0.00, real=0.00 secs] 
248.905: Total time for which application threads were stopped: 0.0005600 seconds, Stopping threads took: 0.0000850 seconds
249.080: Application time: 0.1748070 seconds
249.080: [GC249.080: [ParNew: 33810K->386K(37568K), 0.0003730 secs] 43538K->10113K(120960K), 0.0004080 secs] [Times: user=0.00 sys=0.00, real=0.00 secs] 
249.081: Total time for which application threads were stopped: 0.0005210 seconds, Stopping threads took: 0.0000470 seconds
249.259: Application time: 0.1786060 seconds
249.260: [GC249.260: [ParNew: 33794K->398K(37568K), 0.0003790 secs] 43521K->10125K(120960K), 0.0004090 secs] [Times: user=0.01 sys=0.00, real=0.00 secs] 
249.260: Total time for which application threads were stopped: 0.0005650 seconds, Stopping threads took: 0.0000880 seconds
249.438: Application time: 0.1785140 seconds
249.439: [GC249.439: [ParNew: 33806K->398K(37568K), 0.0004250 secs] 43533K->10133K(120960K), 0.0004540 secs] [Times: user=0.00 sys=0.00, real=0.00 secs] 
249.439: Total time for which application threads were stopped: 0.0005950 seconds, Stopping threads took: 0.0000650 seconds
249.618: Application time: 0.1789360 seconds
249.618: [GC249.618: [ParNew: 33806K->400K(37568K), 0.0003980 secs] 43541K->10144K(120960K), 0.0004270 secs] [Times: user=0.00 sys=0.00, real=0.00 secs] 
249.619: Total time for which application threads were stopped: 0.0005590 seconds, Stopping threads took: 0.0000630 seconds
249.795: Application time: 0.1760870 seconds
249.795: [GC249.795: [ParNew: 33808K->345K(37568K), 0.0019480 secs] 43552K->10088K(120960K), 0.0019780 secs] [Times: user=0.00 sys=0.00, real=0.00 secs] 
249.797: Total time for which application threads were stopped: 0.0021010 seconds, Stopping threads took: 0.0000600 seconds
249.987: Application time: 0.1901440 seconds
249.987: [GC249.987: [ParNew: 33753K->397K(37568K), 0.0005100 secs] 43496K->10140K(120960K), 0.0005370 secs] [Times: user=0.00 sys=0.00, real=0.00 secs] 
249.988: Total time for which application threads were stopped: 0.0006990 seconds, Stopping threads took: 0.0000820 seconds
250.185: Application time: 0.1972640 seconds
250.185: [GC250.185: [ParNew: 33805K->400K(37568K), 0.0004190 secs] 43548K->10151K(120960K), 0.0004490 secs] [Times: user=0.00 sys=0.00, real=0.00 secs] 
250.185: Total time for which application threads were stopped: 0.0005930 seconds, Stopping threads took: 0.0000750 seconds
250.382: Application time: 0.1965200 seconds
250.382: [GC250.382: [ParNew: 33808K->407K(37568K), 0.0004520 secs] 43559K->10166K(120960K), 0.0004790 secs] [Times: user=0.00 sys=0.00, real=0.00 secs] 
250.383: Total time for which application threads were stopped: 0.0006150 seconds, Stopping threads took: 0.0000680 seconds
250.578: Application time: 0.1958690 seconds
250.579: [GC250.579: [ParNew: 33815K->399K(37568K), 0.0003770 secs] 43574K->10158K(120960K), 0.0004040 secs] [Times: user=0.00 sys=0.00, real=0.00 secs] 
250.579: Total time for which application threads were stopped: 0.0005520 seconds, Stopping threads took: 0.0000690 seconds
250.773: Application time: 0.1937540 seconds
250.773: [GC250.773: [ParNew: 33807K->400K(37568K), 0.0003820 secs] 43566K->10159K(120960K), 0.0004120 secs] [Times: user=0.00 sys=0.00, real=0.00 secs] 
250.773: Total time for which application threads were stopped: 0.0005430 seconds, Stopping threads took: 0.0000610 seconds
250.971: Application time: 0.1976320 seconds
250.971: [GC250.971: [ParNew: 33808K->391K(37568K), 0.0004070 secs] 43567K->10150K(120960K), 0.0004320 secs] [Times: user=0.01 sys=0.00, real=0.00 secs] 
250.972: Total time for which application threads were stopped: 0.0005570 seconds, Stopping threads took: 0.0000570 seconds
251.168: Application time: 0.1968100 seconds
251.168: [GC251.169: [ParNew: 33799K->388K(37568K), 0.0003980 secs] 43558K->10155K(120960K), 0.0004230 secs] [Times: user=0.00 sys=0.00, real=0.00 secs] 
251.169: Total time for which application threads were stopped: 0.0005630 seconds, Stopping threads took: 0.0000640 seconds
251.366: Application time: 0.1971260 seconds
251.366: [GC251.366: [ParNew: 33796K->394K(37568K), 0.0003910 secs] 43563K->10161K(120960K), 0.0004210 secs] [Times: user=0.00 sys=0.00, real=0.01 secs] 
251.367: Total time for which application threads were stopped: 0.0005810 seconds, Stopping threads took: 0.0000820 seconds
251.558: Application time: 0.1916760 seconds
251.558: [GC251.558: [ParNew: 33802K->395K(37568K), 0.0003890 secs] 43569K->10162K(120960K), 0.0004160 secs] [Times: user=0.00 sys=0.00, real=0.00 secs] 
251.559: Total time for which application threads were stopped: 0.0005490 seconds, Stopping threads took: 0.0000660 seconds
251.756: Application time: 0.1971400 seconds
251.758: [GC251.758: [ParNew: 33803K->388K(37568K), 0.0004420 secs] 43570K->10155K(120960K), 0.0004710 secs] [Times: user=0.00 sys=0.00, real=0.00 secs] 
251.759: Total time for which application threads were stopped: 0.0028650 seconds, Stopping threads took: 0.0023130 seconds
251.956: Application time: 0.1968370 seconds
251.958: [GC251.958: [ParNew: 33796K->395K(37568K), 0.0004620 secs] 43563K->10170K(120960K), 0.0004870 secs] [Times: user=0.00 sys=0.00, real=0.00 secs] 
251.959: Total time for which application threads were stopped: 0.0032080 seconds, Stopping threads took: 0.0026560 seconds
252.156: Application time: 0.1972140 seconds
252.156: [GC252.156: [ParNew: 33803K->391K(37568K), 0.0004530 secs] 43578K->10166K(120960K), 0.0004800 secs] [Times: user=0.00 sys=0.00, real=0.00 secs] 
252.157: Total time for which application threads were stopped: 0.0006300 seconds, Stopping threads took: 0.0000820 seconds
252.348: Application time: 0.1916600 seconds
252.349: [GC252.349: [ParNew: 33799K->395K(37568K), 0.0004440 secs] 43574K->10171K(120960K), 0.0004730 secs] [Times: user=0.01 sys=0.00, real=0.00 secs] 
252.349: Total time for which application threads were stopped: 0.0006340 seconds, Stopping threads took: 0.0000830 seconds
252.547: Application time: 0.1976090 seconds
252.547: [GC252.547: [ParNew: 33803K->399K(37568K), 0.0004440 secs] 43579K->10174K(120960K), 0.0004720 secs] [Times: user=0.00 sys=0.00, real=0.00 secs] 
252.547: Total time for which application threads were stopped: 0.0006040 seconds, Stopping threads took: 0.0000660 seconds
252.744: Application time: 0.1963030 seconds
252.744: [GC252.744: [ParNew: 33807K->392K(37568K), 0.0004410 secs] 43582K->10175K(120960K), 0.0004710 secs] [Times: user=0.00 sys=0.00, real=0.00 secs] 
252.744: Total time for which application threads were stopped: 0.0006510 seconds, Stopping threads took: 0.0001110 seconds
252.941: Application time: 0.1965820 seconds
252.941: [GC252.941: [ParNew: 33800K->393K(37568K), 0.0004670 secs] 43583K->10184K(120960K), 0.0004950 secs] [Times: user=0.00 sys=0.00, real=0.00 secs] 
252.941: Total time for which application threads were stopped: 0.0006330 seconds, Stopping threads took: 0.0000620 seconds
253.135: Application time: 0.1932390 seconds
253.135: [GC253.135: [ParNew: 33801K->394K(37568K), 0.0003940 secs] 43592K->10185K(120960K), 0.0004230 secs] [Times: user=0.00 sys=0.00, real=0.00 secs] 
253.135: Total time for which application threads were stopped: 0.0005660 seconds, Stopping threads took: 0.0000760 seconds
253.332: Application time: 0.1964560 seconds
253.332: [GC253.332: [ParNew: 33802K->391K(37568K), 0.0005010 secs] 43593K->10182K(120960K), 0.0005300 secs] [Times: user=0.00 sys=0.00, real=0.00 secs] 
253.332: Total time for which application threads were stopped: 0.0006750 seconds, Stopping threads took: 0.0000740 seconds
253.529: Application time: 0.1968710 seconds
253.529: [GC253.529: [ParNew: 33799K->398K(37568K), 0.0003880 secs] 43590K->10197K(120960K), 0.0004130 secs] [Times: user=0.00 sys=0.00, real=0.00 secs] 
253.530: Total time for which application threads were stopped: 0.0005600 seconds, Stopping threads took: 0.0000680 seconds
253.727: Application time: 0.1969090 seconds
253.727: [GC253.727: [ParNew: 33806K->406K(37568K), 0.0004400 secs] 43605K->10213K(120960K), 0.0004680 secs] [Times: user=0.00 sys=0.00, real=0.00 secs] 
253.727: Total time for which application threads were stopped: 0.0006080 seconds, Stopping threads took: 0.0000720 seconds
253.914: Application time: 0.1870920 seconds
253.915: [GC253.915: [ParNew: 33814K->405K(37568K), 0.0003590 secs] 43621K->10212K(120960K), 0.0003970 secs] [Times: user=0.00 sys=0.00, real=0.00 secs] 
253.915: Total time for which application threads were stopped: 0.0005400 seconds, Stopping threads took: 0.0000790 seconds
254.093: Application time: 0.1775300 seconds
254.093: [GC254.093: [ParNew: 33813K->392K(37568K), 0.0003530 secs] 43620K->10199K(120960K), 0.0003820 secs] [Times: user=0.00 sys=0.00, real=0.00 secs] 
254.093: Total time for which application threads were stopped: 0.0005170 seconds, Stopping threads took: 0.0000590 seconds
254.272: Application time: 0.1787950 seconds
254.272: [GC254.272: [ParNew: 33800K->396K(37568K), 0.0004570 secs] 43607K->10203K(120960K), 0.0004860 secs] [Times: user=0.01 sys=0.00, real=0.00 secs] 
254.272: Total time for which application threads were stopped: 0.0006070 seconds, Stopping threads took: 0.0000560 seconds
254.451: Application time: 0.1788850 seconds
254.451: [GC254.451: [ParNew: 33804K->406K(37568K), 0.0004640 secs] 43611K->10221K(120960K), 0.0004940 secs] [Times: user=0.00 sys=0.00, real=0.00 secs] 
254.452: Total time for which application threads were stopped: 0.0006170 seconds, Stopping threads took: 0.0000550 seconds
254.631: Application time: 0.1788700 seconds
254.631: [GC254.631: [ParNew: 33814K->378K(37568K), 0.0004090 secs] 43629K->10193K(120960K), 0.0004340 secs] [Times: user=0.00 sys=0.00, real=0.00 secs] 
254.631: Total time for which application threads were stopped: 0.0005810 seconds, Stopping threads took: 0.0000730 seconds
254.807: Application time: 0.1754790 seconds
254.807: [GC254.807: [ParNew: 33786K->400K(37568K), 0.0004530 secs] 43601K->10215K(120960K), 0.0004830 secs] [Times: user=0.01 sys=0.00, real=0.00 secs] 
254.808: Total time for which application threads were stopped: 0.0006330 seconds, Stopping threads took: 0.0000870 seconds
254.987: Application time: 0.1795300 seconds
254.987: [GC254.987: [ParNew: 33808K->400K(37568K), 0.0004320 secs] 43623K->10216K(120960K), 0.0004590 secs] [Times: user=0.00 sys=0.00, real=0.00 secs] 
254.988: Total time for which application threads were stopped: 0.0005790 seconds, Stopping threads took: 0.0000540 seconds
255.166: Application time: 0.1785580 seconds
255.166: [GC255.166: [ParNew: 33808K->401K(37568K), 0.0004300 secs] 43624K->10224K(120960K), 0.0004570 secs] [Times: user=0.00 sys=0.00, real=0.00 secs] 
255.167: Total time for which application threads were stopped: 0.0006000 seconds, Stopping threads took: 0.0000590 seconds
255.346: Application time: 0.1792480 seconds
255.346: [GC255.346: [ParNew: 33809K->403K(37568K), 0.0004390 secs] 43632K->10226K(120960K), 0.0004640 secs] [Times: user=0.00 sys=0.00, real=0.01 secs] 
255.347: Total time for which application threads were stopped: 0.0005920 seconds, Stopping threads took: 0.0000630 seconds
255.522: Application time: 0.1753600 seconds
255.522: [GC255.522: [ParNew: 33811K->403K(37568K), 0.0004040 secs] 43634K->10226K(120960K), 0.0004360 secs] [Times: user=0.00 sys=0.00, real=0.00 secs] 
255.523: Total time for which application threads were stopped: 0.0005640 seconds, Stopping threads took: 0.0000630 seconds
255.701: Application time: 0.1784700 seconds
255.701: [GC255.701: [ParNew: 33811K->402K(37568K), 0.0003800 secs] 43634K->10225K(120960K), 0.0004040 secs] [Times: user=0.00 sys=0.00, real=0.00 secs] 
255.702: Total time for which application threads were stopped: 0.0005730 seconds, Stopping threads took: 0.0000960 seconds
255.880: Application time: 0.1784400 seconds
255.880: [GC255.880: [ParNew: 33810K->383K(37568K), 0.0003750 secs] 43633K->10214K(120960K), 0.0004010 secs] [Times: user=0.00 sys=0.00, real=0.00 secs] 
255.881: Total time for which application threads were stopped: 0.0005180 seconds, Stopping threads took: 0.0000530 seconds
256.060: Application time: 0.1790370 seconds
256.060: [GC256.060: [ParNew: 33791K->392K(37568K), 0.0004460 secs] 43622K->10231K(120960K), 0.0004710 secs] [Times: user=0.00 sys=0.00, real=0.00 secs] 
256.060: Total time for which application threads were stopped: 0.0006030 seconds, Stopping threads took: 0.0000670 seconds
256.235: Application time: 0.1746610 seconds
256.235: [GC256.235: [ParNew: 33800K->382K(37568K), 0.0004110 secs] 43639K->10221K(120960K), 0.0004460 secs] [Times: user=0.00 sys=0.00, real=0.00 secs] 
256.235: Total time for which application threads were stopped: 0.0005910 seconds, Stopping threads took: 0.0000710 seconds
256.414: Application time: 0.1790160 seconds
256.415: [GC256.415: [ParNew: 33790K->399K(37568K), 0.0003960 secs] 43629K->10238K(120960K), 0.0004160 secs] [Times: user=0.00 sys=0.00, real=0.00 secs] 
256.415: Total time for which application threads were stopped: 0.0005520 seconds, Stopping threads took: 0.0000730 seconds
256.594: Application time: 0.1789260 seconds
256.594: [GC256.594: [ParNew: 33807K->403K(37568K), 0.0003820 secs] 43646K->10250K(120960K), 0.0004080 secs] [Times: user=0.00 sys=0.00, real=0.01 secs] 
256.595: Total time for which application threads were stopped: 0.0005290 seconds, Stopping threads took: 0.0000570 seconds
256.773: Application time: 0.1787770 seconds
256.773: [GC256.773: [ParNew: 33811K->397K(37568K), 0.0004160 secs] 43658K->10252K(120960K), 0.0004380 secs] [Times: user=0.00 sys=0.00, real=0.00 secs] 
256.774: Total time for which application threads were stopped: 0.0005980 seconds, Stopping threads took: 0.0000860 seconds
256.950: Application time: 0.1763930 seconds
256.950: [GC256.950: [ParNew: 33805K->388K(37568K), 0.0004090 secs] 43660K->10243K(120960K), 0.0004330 secs] [Times: user=0.00 sys=0.00, real=0.00 secs] 
256.951: Total time for which application threads were stopped: 0.0005560 seconds, Stopping threads took: 0.0000610 seconds
257.128: Application time: 0.1772270 seconds
257.128: [GC257.128: [ParNew: 33796K->392K(37568K), 0.0003930 secs] 43651K->10247K(120960K), 0.0004200 secs] [Times: user=0.00 sys=0.00, real=0.00 secs] 
257.129: Total time for which application threads were stopped: 0.0005440 seconds, Stopping threads took: 0.0000600 seconds
257.308: Application time: 0.1790240 seconds
257.308: [GC257.308: [ParNew: 33800K->399K(37568K), 0.0004050 secs] 43655K->10262K(120960K), 0.0004300 secs] [Times: user=0.00 sys=0.00, real=0.00 secs] 
257.308: Total time for which application threads were stopped: 0.0005650 seconds, Stopping threads took: 0.0000650 seconds
257.486: Application time: 0.1781110 seconds
257.486: [GC257.486: [ParNew: 33807K->394K(37568K), 0.0004650 secs] 43670K->10265K(120960K), 0.0004900 secs] [Times: user=0.00 sys=0.00, real=0.00 secs] 
257.487: Total time for which application threads were stopped: 0.0006090 seconds, Stopping threads took: 0.0000550 seconds
257.664: Application time: 0.1774380 seconds
257.664: [GC257.665: [ParNew: 33802K->396K(37568K), 0.0003710 secs] 43673K->10267K(120960K), 0.0003980 secs] [Times: user=0.01 sys=0.00, real=0.00 secs] 
257.665: Total time for which application threads were stopped: 0.0005430 seconds, Stopping threads took: 0.0000770 seconds
257.841: Application time: 0.1763350 seconds
257.841: [GC257.841: [ParNew: 33804K->394K(37568K), 0.0004080 secs] 43675K->10265K(120960K), 0.0004330 secs] [Times: user=0.01 sys=0.00, real=0.00 secs] 
257.842: Total time for which application threads were stopped: 0.0005670 seconds, Stopping threads took: 0.0000600 seconds
258.021: Application time: 0.1792040 seconds
258.021: [GC258.021: [ParNew: 33802K->394K(37568K), 0.0003940 secs] 43673K->10265K(120960K), 0.0004200 secs] [Times: user=0.00 sys=0.00, real=0.00 secs] 
258.022: Total time for which application threads were stopped: 0.0005350 seconds, Stopping threads took: 0.0000510 seconds
258.201: Application time: 0.1791120 seconds
258.201: [GC258.201: [ParNew: 33802K->387K(37568K), 0.0004740 secs] 43673K->10274K(120960K), 0.0005030 secs] [Times: user=0.01 sys=0.00, real=0.00 secs] 
258.201: Total time for which application threads were stopped: 0.0006240 seconds, Stopping threads took: 0.0000530 seconds
258.380: Application time: 0.1790130 seconds
258.380: [GC258.380: [ParNew: 33795K->386K(37568K), 0.0005510 secs] 43682K->10273K(120960K), 0.0005790 secs] [Times: user=0.00 sys=0.00, real=0.00 secs] 
258.381: Total time for which application threads were stopped: 0.0007390 seconds, Stopping threads took: 0.0000720 seconds
258.556: Application time: 0.1751740 seconds
258.556: [GC258.556: [ParNew: 33794K->406K(37568K), 0.0004210 secs] 43681K->10293K(120960K), 0.0004470 secs] [Times: user=0.00 sys=0.00, real=0.00 secs] 
258.557: Total time for which application threads were stopped: 0.0005660 seconds, Stopping threads took: 0.0000560 seconds
258.736: Application time: 0.1789670 seconds
258.736: [GC258.736: [ParNew: 33814K->402K(37568K), 0.0003770 secs] 43701K->10289K(120960K), 0.0004020 secs] [Times: user=0.00 sys=0.00, real=0.00 secs] 
258.736: Total time for which application threads were stopped: 0.0005300 seconds, Stopping threads took: 0.0000630 seconds
258.915: Application time: 0.1783450 seconds
258.918: [GC258.918: [ParNew: 33810K->396K(37568K), 0.0003980 secs] 43697K->10299K(120960K), 0.0004230 secs] [Times: user=0.00 sys=0.00, real=0.00 secs] 
258.919: Total time for which application threads were stopped: 0.0042080 seconds, Stopping threads took: 0.0037120 seconds
259.098: Application time: 0.1794850 seconds
259.098: [GC259.098: [ParNew: 33804K->394K(37568K), 0.0003880 secs] 43707K->10297K(120960K), 0.0004140 secs] [Times: user=0.00 sys=0.00, real=0.00 secs] 
259.099: Total time for which application threads were stopped: 0.0005280 seconds, Stopping threads took: 0.0000510 seconds
259.274: Application time: 0.1754330 seconds
259.274: [GC259.274: [ParNew: 33802K->390K(37568K), 0.0003980 secs] 43705K->10293K(120960K), 0.0004270 secs] [Times: user=0.00 sys=0.00, real=0.00 secs] 
259.275: Total time for which application threads were stopped: 0.0005560 seconds, Stopping threads took: 0.0000620 seconds
259.454: Application time: 0.1790810 seconds
259.454: [GC259.454: [ParNew: 33798K->403K(37568K), 0.0004090 secs] 43701K->10306K(120960K), 0.0004340 secs] [Times: user=0.00 sys=0.00, real=0.01 secs] 
259.455: Total time for which application threads were stopped: 0.0005710 seconds, Stopping threads took: 0.0000670 seconds
259.633: Application time: 0.1784920 seconds
259.633: [GC259.633: [ParNew: 33811K->403K(37568K), 0.0004640 secs] 43714K->10323K(120960K), 0.0004890 secs] [Times: user=0.00 sys=0.00, real=0.00 secs] 
259.634: Total time for which application threads were stopped: 0.0006080 seconds, Stopping threads took: 0.0000510 seconds
259.813: Application time: 0.1792990 seconds
259.813: [GC259.813: [ParNew: 33811K->401K(37568K), 0.0018920 secs] 43731K->10336K(120960K), 0.0019220 secs] [Times: user=0.01 sys=0.00, real=0.01 secs] 
259.815: Total time for which application threads were stopped: 0.0020640 seconds, Stopping threads took: 0.0000780 seconds
259.990: Application time: 0.1751580 seconds
259.990: [GC259.990: [ParNew: 33809K->403K(37568K), 0.0003590 secs] 43744K->10338K(120960K), 0.0003840 secs] [Times: user=0.01 sys=0.00, real=0.00 secs] 
259.991: Total time for which application threads were stopped: 0.0005120 seconds, Stopping threads took: 0.0000550 seconds
260.169: Application time: 0.1779410 seconds
260.169: [GC260.169: [ParNew: 33811K->391K(37568K), 0.0004380 secs] 43746K->10326K(120960K), 0.0004670 secs] [Times: user=0.00 sys=0.00, real=0.00 secs] 
260.169: Total time for which application threads were stopped: 0.0005940 seconds, Stopping threads took: 0.0000590 seconds
260.348: Application time: 0.1785620 seconds
260.348: [GC260.348: [ParNew: 33799K->400K(37568K), 0.0003740 secs] 43734K->10351K(120960K), 0.0003990 secs] [Times: user=0.00 sys=0.00, real=0.00 secs] 
260.348: Total time for which application threads were stopped: 0.0005300 seconds, Stopping threads took: 0.0000650 seconds
260.527: Application time: 0.1789250 seconds
260.527: [GC260.527: [ParNew: 33808K->403K(37568K), 0.0004070 secs] 43759K->10370K(120960K), 0.0004350 secs] [Times: user=0.00 sys=0.00, real=0.00 secs] 
260.528: Total time for which application threads were stopped: 0.0005790 seconds, Stopping threads took: 0.0000670 seconds
260.706: Application time: 0.1780670 seconds
260.706: [GC260.706: [ParNew: 33811K->386K(37568K), 0.0004060 secs] 43778K->10354K(120960K), 0.0004420 secs] [Times: user=0.00 sys=0.00, real=0.01 secs] 
260.706: Total time for which application threads were stopped: 0.0005780 seconds, Stopping threads took: 0.0000700 seconds
260.883: Application time: 0.1766820 seconds
260.883: [GC260.883: [ParNew: 33794K->399K(37568K), 0.0004150 secs] 43762K->10366K(120960K), 0.0004410 secs] [Times: user=0.00 sys=0.00, real=0.00 secs] 
260.884: Total time for which application threads were stopped: 0.0005740 seconds, Stopping threads took: 0.0000670 seconds
261.063: Application time: 0.1790970 seconds
261.064: [GC261.064: [ParNew: 33807K->393K(37568K), 0.0003900 secs] 43774K->10360K(120960K), 0.0004210 secs] [Times: user=0.00 sys=0.00, real=0.00 secs] 
261.065: Total time for which application threads were stopped: 0.0018240 seconds, Stopping threads took: 0.0013190 seconds
261.243: Application time: 0.1786350 seconds
261.243: [GC261.243: [ParNew: 33801K->397K(37568K), 0.0004660 secs] 43768K->10380K(120960K), 0.0004920 secs] [Times: user=0.00 sys=0.00, real=0.00 secs] 
261.244: Total time for which application threads were stopped: 0.0006320 seconds, Stopping threads took: 0.0000740 seconds
261.423: Application time: 0.1794310 seconds
261.423: [GC261.423: [ParNew: 33805K->391K(37568K), 0.0003820 secs] 43788K->10374K(120960K), 0.0004090 secs] [Times: user=0.00 sys=0.00, real=0.00 secs] 
261.424: Total time for which application threads were stopped: 0.0005410 seconds, Stopping threads took: 0.0000650 seconds
261.599: Application time: 0.1747000 seconds
261.599: [GC261.599: [ParNew: 33799K->398K(37568K), 0.0003770 secs] 43782K->10382K(120960K), 0.0004060 secs] [Times: user=0.00 sys=0.00, real=0.00 secs] 
261.599: Total time for which application threads were stopped: 0.0005610 seconds, Stopping threads took: 0.0000780 seconds
261.778: Application time: 0.1788740 seconds
261.778: [GC261.778: [ParNew: 33806K->395K(37568K), 0.0004710 secs] 43790K->10378K(120960K), 0.0004970 secs] [Times: user=0.00 sys=0.00, real=0.00 secs] 
261.779: Total time for which application threads were stopped: 0.0006390 seconds, Stopping threads took: 0.0000790 seconds
261.957: Application time: 0.1787610 seconds
261.958: [GC261.958: [ParNew: 33803K->392K(37568K), 0.0004030 secs] 43786K->10391K(120960K), 0.0004280 secs] [Times: user=0.01 sys=0.00, real=0.00 secs] 
261.958: Total time for which application threads were stopped: 0.0005660 seconds, Stopping threads took: 0.0000740 seconds
262.137: Application time: 0.1794310 seconds
262.138: [GC262.138: [ParNew: 33800K->399K(37568K), 0.0003700 secs] 43799K->10399K(120960K), 0.0003990 secs] [Times: user=0.00 sys=0.00, real=0.00 secs] 
262.138: Total time for which application threads were stopped: 0.0005430 seconds, Stopping threads took: 0.0000680 seconds
262.313: Application time: 0.1753030 seconds
262.313: [GC262.313: [ParNew: 33807K->401K(37568K), 0.0004180 secs] 43807K->10400K(120960K), 0.0004420 secs] [Times: user=0.00 sys=0.00, real=0.00 secs] 
262.314: Total time for which application threads were stopped: 0.0005860 seconds, Stopping threads took: 0.0000810 seconds
262.493: Application time: 0.1790700 seconds
262.493: [GC262.493: [ParNew: 33809K->393K(37568K), 0.0003720 secs] 43808K->10392K(120960K), 0.0004000 secs] [Times: user=0.01 sys=0.00, real=0.00 secs] 
262.493: Total time for which application threads were stopped: 0.0005280 seconds, Stopping threads took: 0.0000630 seconds
262.672: Application time: 0.1784430 seconds
262.672: [GC262.672: [ParNew: 33801K->397K(37568K), 0.0003830 secs] 43800K->10413K(120960K), 0.0004090 secs] [Times: user=0.01 sys=0.00, real=0.00 secs] 
262.672: Total time for which application threads were stopped: 0.0005500 seconds, Stopping threads took: 0.0000620 seconds
262.852: Application time: 0.1794930 seconds
262.852: [GC262.852: [ParNew: 33805K->399K(37568K), 0.0004190 secs] 43821K->10422K(120960K), 0.0004420 secs] [Times: user=0.00 sys=0.00, real=0.00 secs] 
262.853: Total time for which application threads were stopped: 0.0005680 seconds, Stopping threads took: 0.0000630 seconds
263.029: Application time: 0.1760000 seconds
263.029: [GC263.029: [ParNew: 33807K->394K(37568K), 0.0003950 secs] 43830K->10417K(120960K), 0.0004320 secs] [Times: user=0.00 sys=0.00, real=0.00 secs] 
263.029: Total time for which application threads were stopped: 0.0005480 seconds, Stopping threads took: 0.0000510 seconds
263.208: Application time: 0.1793810 seconds
263.209: [GC263.209: [ParNew: 33802K->387K(37568K), 0.0004340 secs] 43825K->10411K(120960K), 0.0004600 secs] [Times: user=0.00 sys=0.00, real=0.00 secs] 
263.209: Total time for which application threads were stopped: 0.0005880 seconds, Stopping threads took: 0.0000510 seconds
263.388: Application time: 0.1792700 seconds
263.388: [GC263.388: [ParNew: 33795K->392K(37568K), 0.0004490 secs] 43819K->10423K(120960K), 0.0004740 secs] [Times: user=0.01 sys=0.00, real=0.00 secs] 
263.389: Total time for which application threads were stopped: 0.0006150 seconds, Stopping threads took: 0.0000770 seconds
263.568: Application time: 0.1790620 seconds
263.568: [GC263.568: [ParNew: 33800K->401K(37568K), 0.0003680 secs] 43831K->10440K(120960K), 0.0003920 secs] [Times: user=0.01 sys=0.00, real=0.00 secs] 
263.568: Total time for which application threads were stopped: 0.0005090 seconds, Stopping threads took: 0.0000540 seconds
263.745: Application time: 0.1762850 seconds
263.745: [GC263.745: [ParNew: 33809K->386K(37568K), 0.0004420 secs] 43848K->10425K(120960K), 0.0004640 secs] [Times: user=0.00 sys=0.00, real=0.00 secs] 
263.745: Total time for which application threads were stopped: 0.0005970 seconds, Stopping threads took: 0.0000590 seconds
263.923: Application time: 0.1775670 seconds
263.923: [GC263.923: [ParNew: 33794K->393K(37568K), 0.0004250 secs] 43833K->10432K(120960K), 0.0004520 secs] [Times: user=0.00 sys=0.00, real=0.00 secs] 
263.924: Total time for which application threads were stopped: 0.0005780 seconds, Stopping threads took: 0.0000600 seconds
264.103: Application time: 0.1790390 seconds
264.103: [GC264.103: [ParNew: 33801K->397K(37568K), 0.0004020 secs] 43840K->10436K(120960K), 0.0004290 secs] [Times: user=0.00 sys=0.00, real=0.00 secs] 
264.103: Total time for which application threads were stopped: 0.0005740 seconds, Stopping threads took: 0.0000820 seconds
264.282: Application time: 0.1784760 seconds
264.282: [GC264.282: [ParNew: 33805K->396K(37568K), 0.0003870 secs] 43844K->10443K(120960K), 0.0004120 secs] [Times: user=0.00 sys=0.00, real=0.00 secs] 
264.282: Total time for which application threads were stopped: 0.0005640 seconds, Stopping threads took: 0.0000790 seconds
264.459: Application time: 0.1772860 seconds
264.460: [GC264.460: [ParNew: 33804K->402K(37568K), 0.0004330 secs] 43851K->10449K(120960K), 0.0004630 secs] [Times: user=0.01 sys=0.00, real=0.00 secs] 
264.460: Total time for which application threads were stopped: 0.0005930 seconds, Stopping threads took: 0.0000610 seconds
264.636: Application time: 0.1759410 seconds
264.636: [GC264.636: [ParNew: 33810K->391K(37568K), 0.0004070 secs] 43857K->10439K(120960K), 0.0004340 secs] [Times: user=0.00 sys=0.00, real=0.00 secs] 
264.637: Total time for which application threads were stopped: 0.0005870 seconds, Stopping threads took: 0.0000860 seconds
264.816: Application time: 0.1796400 seconds
264.816: [GC264.816: [ParNew: 33799K->397K(37568K), 0.0004700 secs] 43847K->10444K(120960K), 0.0016100 secs] [Times: user=0.01 sys=0.00, real=0.00 secs] 
264.818: Total time for which application threads were stopped: 0.0017600 seconds, Stopping threads took: 0.0000680 seconds
264.996: Application time: 0.1781330 seconds
264.996: [GC264.996: [ParNew: 33805K->402K(37568K), 0.0004220 secs] 43852K->10458K(120960K), 0.0004500 secs] [Times: user=0.00 sys=0.00, real=0.00 secs] 
264.997: Total time for which application threads were stopped: 0.0005740 seconds, Stopping threads took: 0.0000550 seconds
265.176: Application time: 0.1793210 seconds
265.178: [GC265.178: [ParNew: 33810K->392K(37568K), 0.0005950 secs] 43866K->10447K(120960K), 0.0006220 secs] [Times: user=0.00 sys=0.00, real=0.00 secs] 
265.179: Total time for which application threads were stopped: 0.0030230 seconds, Stopping threads took: 0.0023290 seconds
265.354: Application time: 0.1745980 seconds
265.354: [GC265.354: [ParNew: 33800K->392K(37568K), 0.0003830 secs] 43855K->10447K(120960K), 0.0004110 secs] [Times: user=0.01 sys=0.00, real=0.00 secs] 
265.354: Total time for which application threads were stopped: 0.0005410 seconds, Stopping threads took: 0.0000530 seconds
265.534: Application time: 0.1796660 seconds
265.534: [GC265.534: [ParNew: 33800K->393K(37568K), 0.0004020 secs] 43855K->10448K(120960K), 0.0004300 secs] [Times: user=0.00 sys=0.00, real=0.01 secs] 
265.534: Total time for which application threads were stopped: 0.0005610 seconds, Stopping threads took: 0.0000640 seconds
265.713: Application time: 0.1783200 seconds
265.713: [GC265.713: [ParNew: 33801K->395K(37568K), 0.0004150 secs] 43856K->10466K(120960K), 0.0004420 secs] [Times: user=0.00 sys=0.00, real=0.00 secs] 
265.713: Total time for which application threads were stopped: 0.0005730 seconds, Stopping threads took: 0.0000650 seconds
265.892: Application time: 0.1790230 seconds
265.892: [GC265.893: [ParNew: 33803K->396K(37568K), 0.0004440 secs] 43874K->10475K(120960K), 0.0004700 secs] [Times: user=0.00 sys=0.00, real=0.00 secs] 
265.893: Total time for which application threads were stopped: 0.0006280 seconds, Stopping threads took: 0.0000840 seconds
266.068: Application time: 0.1752600 seconds
266.068: [GC266.068: [ParNew: 33804K->384K(37568K), 0.0003820 secs] 43883K->10463K(120960K), 0.0004070 secs] [Times: user=0.00 sys=0.00, real=0.00 secs] 
266.069: Total time for which application threads were stopped: 0.0005280 seconds, Stopping threads took: 0.0000560 seconds
266.247: Application time: 0.1783380 seconds
266.247: [GC266.247: [ParNew: 33792K->403K(37568K), 0.0004540 secs] 43871K->10483K(120960K), 0.0004850 secs] [Times: user=0.01 sys=0.00, real=0.00 secs] 
266.248: Total time for which application threads were stopped: 0.0006360 seconds, Stopping threads took: 0.0000830 seconds
266.426: Application time: 0.1783880 seconds
266.426: [GC266.426: [ParNew: 33811K->403K(37568K), 0.0003840 secs] 43891K->10490K(120960K), 0.0004130 secs] [Times: user=0.00 sys=0.01, real=0.01 secs] 
266.427: Total time for which application threads were stopped: 0.0005650 seconds, Stopping threads took: 0.0000760 seconds
266.606: Application time: 0.1793960 seconds
266.606: [GC266.606: [ParNew: 33811K->398K(37568K), 0.0004590 secs] 43898K->10494K(120960K), 0.0004850 secs] [Times: user=0.00 sys=0.00, real=0.01 secs] 
266.607: Total time for which application threads were stopped: 0.0006150 seconds, Stopping threads took: 0.0000640 seconds
266.783: Application time: 0.1763960 seconds
266.783: [GC266.783: [ParNew: 33806K->394K(37568K), 0.0004480 secs] 43902K->10489K(120960K), 0.0004740 secs] [Times: user=0.00 sys=0.00, real=0.00 secs] 
266.784: Total time for which application threads were stopped: 0.0006030 seconds, Stopping threads took: 0.0000670 seconds
266.961: Application time: 0.1777450 seconds
266.962: [GC266.962: [ParNew: 33802K->397K(37568K), 0.0003780 secs] 43897K->10492K(120960K), 0.0004040 secs] [Times: user=0.00 sys=0.00, real=0.00 secs] 
266.962: Total time for which application threads were stopped: 0.0005340 seconds, Stopping threads took: 0.0000520 seconds
267.141: Application time: 0.1785360 seconds
267.141: [GC267.141: [ParNew: 33805K->407K(37568K), 0.0004200 secs] 43900K->10510K(120960K), 0.0004490 secs] [Times: user=0.00 sys=0.00, real=0.00 secs] 
267.141: Total time for which application threads were stopped: 0.0005770 seconds, Stopping threads took: 0.0000600 seconds
267.320: Application time: 0.1784160 seconds
267.320: [GC267.320: [ParNew: 33815K->396K(37568K), 0.0004030 secs] 43918K->10515K(120960K), 0.0004290 secs] [Times: user=0.00 sys=0.00, real=0.00 secs] 
267.320: Total time for which application threads were stopped: 0.0005790 seconds, Stopping threads took: 0.0000830 seconds
267.498: Application time: 0.1775000 seconds
267.498: [GC267.498: [ParNew: 33804K->376K(37568K), 0.0003730 secs] 43923K->10495K(120960K), 0.0004070 secs] [Times: user=0.01 sys=0.00, real=0.00 secs] 
267.498: Total time for which application threads were stopped: 0.0005620 seconds, Stopping threads took: 0.0000830 seconds
267.674: Application time: 0.1762320 seconds
267.675: [GC267.675: [ParNew: 33784K->398K(37568K), 0.0004120 secs] 43903K->10517K(120960K), 0.0004380 secs] [Times: user=0.00 sys=0.00, real=0.00 secs] 
267.675: Total time for which application threads were stopped: 0.0005610 seconds, Stopping threads took: 0.0000590 seconds
267.855: Application time: 0.1797860 seconds
267.855: [GC267.855: [ParNew: 33806K->392K(37568K), 0.0004540 secs] 43925K->10511K(120960K), 0.0004830 secs] [Times: user=0.01 sys=0.00, real=0.00 secs] 
267.855: Total time for which application threads were stopped: 0.0006160 seconds, Stopping threads took: 0.0000640 seconds
268.034: Application time: 0.1790120 seconds
268.035: [GC268.035: [ParNew: 33800K->396K(37568K), 0.0003910 secs] 43919K->10532K(120960K), 0.0004210 secs] [Times: user=0.01 sys=0.00, real=0.00 secs] 
268.035: Total time for which application threads were stopped: 0.0005840 seconds, Stopping threads took: 0.0000850 seconds
268.215: Application time: 0.1795530 seconds
268.215: [GC268.215: [ParNew: 33804K->403K(37568K), 0.0003910 secs] 43940K->10538K(120960K), 0.0004190 secs] [Times: user=0.00 sys=0.00, real=0.00 secs] 
268.215: Total time for which application threads were stopped: 0.0005520 seconds, Stopping threads took: 0.0000640 seconds
268.390: Application time: 0.1750420 seconds
268.390: [GC268.390: [ParNew: 33811K->391K(37568K), 0.0003710 secs] 43946K->10526K(120960K), 0.0004010 secs] [Times: user=0.00 sys=0.01, real=0.00 secs] 
268.391: Total time for which application threads were stopped: 0.0005460 seconds, Stopping threads took: 0.0000810 seconds
268.570: Application time: 0.1791140 seconds
268.570: [GC268.570: [ParNew: 33799K->393K(37568K), 0.0004000 secs] 43934K->10528K(120960K), 0.0004250 secs] [Times: user=0.00 sys=0.00, real=0.00 secs] 
268.570: Total time for which application threads were stopped: 0.0005660 seconds, Stopping threads took: 0.0000680 seconds
268.749: Application time: 0.1785230 seconds
268.749: [GC268.749: [ParNew: 33801K->398K(37568K), 0.0004110 secs] 43936K->10541K(120960K), 0.0004400 secs] [Times: user=0.01 sys=0.00, real=0.00 secs] 
268.749: Total time for which application threads were stopped: 0.0005750 seconds, Stopping threads took: 0.0000660 seconds
268.928: Application time: 0.1790130 seconds
268.929: [GC268.929: [ParNew: 33806K->396K(37568K), 0.0004350 secs] 43949K->10555K(120960K), 0.0004590 secs] [Times: user=0.01 sys=0.00, real=0.00 secs] 
268.929: Total time for which application threads were stopped: 0.0005800 seconds, Stopping threads took: 0.0000580 seconds
269.104: Application time: 0.1752410 seconds
269.104: [GC269.104: [ParNew: 33804K->399K(37568K), 0.0003630 secs] 43963K->10558K(120960K), 0.0003900 secs] [Times: user=0.01 sys=0.00, real=0.00 secs] 
269.105: Total time for which application threads were stopped: 0.0005200 seconds, Stopping threads took: 0.0000500 seconds
269.284: Application time: 0.1790880 seconds
269.284: [GC269.284: [ParNew: 33807K->398K(37568K), 0.0004270 secs] 43966K->10557K(120960K), 0.0004560 secs] [Times: user=0.00 sys=0.00, real=0.00 secs] 
269.285: Total time for which application threads were stopped: 0.0005760 seconds, Stopping threads took: 0.0000510 seconds
269.463: Application time: 0.1781220 seconds
269.463: [GC269.463: [ParNew: 33806K->392K(37568K), 0.0003900 secs] 43965K->10575K(120960K), 0.0004170 secs] [Times: user=0.00 sys=0.00, real=0.00 secs] 
269.463: Total time for which application threads were stopped: 0.0005450 seconds, Stopping threads took: 0.0000620 seconds
269.643: Application time: 0.1796150 seconds
269.643: [GC269.643: [ParNew: 33800K->397K(37568K), 0.0004160 secs] 43983K->10596K(120960K), 0.0004440 secs] [Times: user=0.01 sys=0.00, real=0.00 secs] 
269.643: Total time for which application threads were stopped: 0.0006060 seconds, Stopping threads took: 0.0000830 seconds
269.819: Application time: 0.1752500 seconds
269.819: [GC269.820: [ParNew: 33805K->403K(37568K), 0.0004350 secs] 44004K->10602K(120960K), 0.0019540 secs] [Times: user=0.00 sys=0.00, real=0.00 secs] 
269.821: Total time for which application threads were stopped: 0.0020740 seconds, Stopping threads took: 0.0000520 seconds
269.999: Application time: 0.1784660 seconds
270.002: [GC270.002: [ParNew: 33811K->391K(37568K), 0.0003870 secs] 44010K->10590K(120960K), 0.0004130 secs] [Times: user=0.00 sys=0.00, real=0.00 secs] 
270.003: Total time for which application threads were stopped: 0.0036150 seconds, Stopping threads took: 0.0031360 seconds
270.182: Application time: 0.1787510 seconds
270.182: [GC270.182: [ParNew: 33799K->396K(37568K), 0.0004100 secs] 43998K->10604K(120960K), 0.0004370 secs] [Times: user=0.00 sys=0.00, real=0.00 secs] 
270.182: Total time for which application threads were stopped: 0.0005640 seconds, Stopping threads took: 0.0000540 seconds
270.362: Application time: 0.1796210 seconds
270.362: [GC270.362: [ParNew: 33804K->402K(37568K), 0.0004250 secs] 44012K->10617K(120960K), 0.0004530 secs] [Times: user=0.00 sys=0.00, real=0.00 secs] 
270.362: Total time for which application threads were stopped: 0.0005790 seconds, Stopping threads took: 0.0000600 seconds
270.539: Application time: 0.1763660 seconds
270.539: [GC270.539: [ParNew: 33810K->400K(37568K), 0.0003690 secs] 44025K->10615K(120960K), 0.0003980 secs] [Times: user=0.00 sys=0.00, real=0.00 secs] 
270.539: Total time for which application threads were stopped: 0.0005320 seconds, Stopping threads took: 0.0000680 seconds
270.716: Application time: 0.1764270 seconds
270.716: [GC270.716: [ParNew: 33808K->407K(37568K), 0.0004220 secs] 44023K->10623K(120960K), 0.0004500 secs] [Times: user=0.01 sys=0.00, real=0.00 secs] 
270.716: Total time for which application threads were stopped: 0.0005860 seconds, Stopping threads took: 0.0000590 seconds
270.895: Application time: 0.1791160 seconds
270.895: [GC270.895: [ParNew: 33815K->400K(37568K), 0.0003970 secs] 44031K->10615K(120960K), 0.0004260 secs] [Times: user=0.00 sys=0.00, real=0.00 secs] 
270.896: Total time for which application threads were stopped: 0.0005650 seconds, Stopping threads took: 0.0000700 seconds
271.075: Application time: 0.1786840 seconds
271.075: [GC271.075: [ParNew: 33808K->402K(37568K), 0.0003910 secs] 44023K->10625K(120960K), 0.0004170 secs] [Times: user=0.00 sys=0.00, real=0.00 secs] 
271.075: Total time for which application threads were stopped: 0.0005540 seconds, Stopping threads took: 0.0000730 seconds
271.255: Application time: 0.1793950 seconds
271.255: [GC271.255: [ParNew: 33810K->403K(37568K), 0.0004330 secs] 44033K->10626K(120960K), 0.0004590 secs] [Times: user=0.01 sys=0.00, real=0.00 secs] 
271.255: Total time for which application threads were stopped: 0.0005960 seconds, Stopping threads took: 0.0000650 seconds
271.430: Application time: 0.1749410 seconds
271.430: [GC271.430: [ParNew: 33811K->398K(37568K), 0.0003870 secs] 44034K->10621K(120960K), 0.0004170 secs] [Times: user=0.00 sys=0.00, real=0.00 secs] 
271.431: Total time for which application threads were stopped: 0.0005610 seconds, Stopping threads took: 0.0000750 seconds
271.610: Application time: 0.1790290 seconds
271.610: [GC271.610: [ParNew: 33806K->396K(37568K), 0.0003780 secs] 44029K->10619K(120960K), 0.0004000 secs] [Times: user=0.00 sys=0.00, real=0.00 secs] 
271.610: Total time for which application threads were stopped: 0.0005270 seconds, Stopping threads took: 0.0000600 seconds
271.788: Application time: 0.1777540 seconds
271.788: [GC271.788: [ParNew: 33804K->397K(37568K), 0.0004090 secs] 44027K->10628K(120960K), 0.0004350 secs] [Times: user=0.00 sys=0.00, real=0.00 secs] 
271.789: Total time for which application threads were stopped: 0.0005730 seconds, Stopping threads took: 0.0000640 seconds
271.967: Application time: 0.1784820 seconds
271.967: [GC271.967: [ParNew: 33805K->399K(37568K), 0.0003880 secs] 44036K->10631K(120960K), 0.0004160 secs] [Times: user=0.00 sys=0.00, real=0.00 secs] 
271.968: Total time for which application threads were stopped: 0.0005560 seconds, Stopping threads took: 0.0000590 seconds
272.143: Application time: 0.1754670 seconds
272.143: [GC272.143: [ParNew: 33807K->395K(37568K), 0.0003800 secs] 44039K->10627K(120960K), 0.0004120 secs] [Times: user=0.00 sys=0.00, real=0.00 secs] 
272.144: Total time for which application threads were stopped: 0.0005470 seconds, Stopping threads took: 0.0000660 seconds
272.323: Application time: 0.1790700 seconds
272.323: [GC272.323: [ParNew: 33803K->378K(37568K), 0.0004370 secs] 44035K->10610K(120960K), 0.0004630 secs] [Times: user=0.01 sys=0.00, real=0.00 secs] 
272.323: Total time for which application threads were stopped: 0.0006130 seconds, Stopping threads took: 0.0000750 seconds
272.502: Application time: 0.1788870 seconds
272.502: [GC272.502: [ParNew: 33786K->391K(37568K), 0.0004750 secs] 44018K->10631K(120960K), 0.0005030 secs] [Times: user=0.01 sys=0.00, real=0.00 secs] 
272.503: Total time for which application threads were stopped: 0.0006330 seconds, Stopping threads took: 0.0000590 seconds
272.682: Application time: 0.1789100 seconds
272.682: [GC272.682: [ParNew: 33799K->393K(37568K), 0.0005180 secs] 44039K->10641K(120960K), 0.0005450 secs] [Times: user=0.00 sys=0.00, real=0.00 secs] 
272.682: Total time for which application threads were stopped: 0.0006720 seconds, Stopping threads took: 0.0000610 seconds
272.858: Application time: 0.1760070 seconds
272.859: [GC272.859: [ParNew: 33801K->398K(37568K), 0.0003960 secs] 44049K->10645K(120960K), 0.0004240 secs] [Times: user=0.00 sys=0.00, real=0.00 secs] 
272.859: Total time for which application threads were stopped: 0.0005560 seconds, Stopping threads took: 0.0000580 seconds
273.038: Application time: 0.1789450 seconds
273.038: [GC273.038: [ParNew: 33806K->393K(37568K), 0.0003910 secs] 44053K->10640K(120960K), 0.0004190 secs] [Times: user=0.01 sys=0.00, real=0.00 secs] 
273.038: Total time for which application threads were stopped: 0.0005530 seconds, Stopping threads took: 0.0000650 seconds
273.217: Application time: 0.1784550 seconds
273.217: [GC273.217: [ParNew: 33801K->394K(37568K), 0.0004220 secs] 44048K->10649K(120960K), 0.0004470 secs] [Times: user=0.01 sys=0.00, real=0.00 secs] 
273.218: Total time for which application threads were stopped: 0.0005630 seconds, Stopping threads took: 0.0000500 seconds
273.395: Application time: 0.1779690 seconds
273.396: [GC273.396: [ParNew: 33802K->392K(37568K), 0.0004090 secs] 44057K->10656K(120960K), 0.0004330 secs] [Times: user=0.00 sys=0.00, real=0.00 secs] 
273.396: Total time for which application threads were stopped: 0.0005790 seconds, Stopping threads took: 0.0000740 seconds
273.572: Application time: 0.1761480 seconds
273.572: [GC273.572: [ParNew: 33800K->402K(37568K), 0.0003610 secs] 44064K->10665K(120960K), 0.0003880 secs] [Times: user=0.00 sys=0.00, real=0.00 secs] 
273.573: Total time for which application threads were stopped: 0.0005180 seconds, Stopping threads took: 0.0000620 seconds
273.750: Application time: 0.1768130 seconds
273.750: [GC273.750: [ParNew: 33810K->400K(37568K), 0.0003780 secs] 44073K->10663K(120960K), 0.0004050 secs] [Times: user=0.00 sys=0.00, real=0.00 secs] 
273.750: Total time for which application threads were stopped: 0.0005300 seconds, Stopping threads took: 0.0000620 seconds
273.930: Application time: 0.1796930 seconds
273.930: [GC273.930: [ParNew: 33808K->392K(37568K), 0.0004060 secs] 44071K->10655K(120960K), 0.0004310 secs] [Times: user=0.00 sys=0.00, real=0.00 secs] 
273.930: Total time for which application threads were stopped: 0.0005640 seconds, Stopping threads took: 0.0000610 seconds
274.109: Application time: 0.1790780 seconds
274.109: [GC274.110: [ParNew: 33800K->395K(37568K), 0.0003950 secs] 44063K->10666K(120960K), 0.0004220 secs] [Times: user=0.00 sys=0.00, real=0.00 secs] 
274.110: Total time for which application threads were stopped: 0.0005310 seconds, Stopping threads took: 0.0000430 seconds
274.289: Application time: 0.1794820 seconds
274.290: [GC274.290: [ParNew: 33803K->398K(37568K), 0.0004610 secs] 44074K->10669K(120960K), 0.0004880 secs] [Times: user=0.00 sys=0.00, real=0.00 secs] 
274.290: Total time for which application threads were stopped: 0.0006220 seconds, Stopping threads took: 0.0000670 seconds
274.466: Application time: 0.1758700 seconds
274.466: [GC274.466: [ParNew: 33806K->395K(37568K), 0.0004180 secs] 44077K->10666K(120960K), 0.0004450 secs] [Times: user=0.00 sys=0.00, real=0.01 secs] 
274.467: Total time for which application threads were stopped: 0.0005950 seconds, Stopping threads took: 0.0000770 seconds
274.646: Application time: 0.1790900 seconds
274.646: [GC274.646: [ParNew: 33803K->401K(37568K), 0.0003850 secs] 44074K->10672K(120960K), 0.0004130 secs] [Times: user=0.00 sys=0.00, real=0.00 secs] 
274.646: Total time for which application threads were stopped: 0.0005430 seconds, Stopping threads took: 0.0000650 seconds
274.825: Application time: 0.1792480 seconds
274.826: [GC274.826: [ParNew: 33809K->403K(37568K), 0.0004290 secs] 44080K->10682K(120960K), 0.0004570 secs] [Times: user=0.00 sys=0.00, real=0.00 secs] 
274.826: Total time for which application threads were stopped: 0.0005810 seconds, Stopping threads took: 0.0000610 seconds
275.005: Application time: 0.1791880 seconds
275.005: [GC275.005: [ParNew: 33811K->390K(37568K), 0.0004570 secs] 44090K->10669K(120960K), 0.0004800 secs] [Times: user=0.00 sys=0.00, real=0.00 secs] 
275.006: Total time for which application threads were stopped: 0.0006200 seconds, Stopping threads took: 0.0000660 seconds
275.181: Application time: 0.1748270 seconds
275.181: [GC275.181: [ParNew: 33798K->403K(37568K), 0.0004050 secs] 44077K->10683K(120960K), 0.0004330 secs] [Times: user=0.00 sys=0.00, real=0.00 secs] 
275.181: Total time for which application threads were stopped: 0.0005830 seconds, Stopping threads took: 0.0000810 seconds
275.361: Application time: 0.1795610 seconds
275.361: [GC275.361: [ParNew: 33811K->405K(37568K), 0.0004200 secs] 44091K->10684K(120960K), 0.0004450 secs] [Times: user=0.01 sys=0.00, real=0.00 secs] 
275.361: Total time for which application threads were stopped: 0.0005690 seconds, Stopping threads took: 0.0000610 seconds
275.540: Application time: 0.1788120 seconds
275.540: [GC275.540: [ParNew: 33813K->401K(37568K), 0.0003770 secs] 44092K->10688K(120960K), 0.0004050 secs] [Times: user=0.00 sys=0.00, real=0.00 secs] 
275.541: Total time for which application threads were stopped: 0.0005430 seconds, Stopping threads took: 0.0000560 seconds
275.720: Application time: 0.1790330 seconds
275.720: [GC275.720: [ParNew: 33809K->389K(37568K), 0.0004160 secs] 44096K->10685K(120960K), 0.0004440 secs] [Times: user=0.00 sys=0.00, real=0.00 secs] 
275.720: Total time for which application threads were stopped: 0.0005790 seconds, Stopping threads took: 0.0000670 seconds
275.895: Application time: 0.1747660 seconds
275.895: [GC275.895: [ParNew: 33797K->397K(37568K), 0.0003930 secs] 44093K->10692K(120960K), 0.0004200 secs] [Times: user=0.00 sys=0.00, real=0.00 secs] 
275.896: Total time for which application threads were stopped: 0.0005500 seconds, Stopping threads took: 0.0000650 seconds
276.075: Application time: 0.1793880 seconds
276.078: [GC276.078: [ParNew: 33805K->401K(37568K), 0.0004610 secs] 44100K->10696K(120960K), 0.0004870 secs] [Times: user=0.01 sys=0.00, real=0.00 secs] 
276.079: Total time for which application threads were stopped: 0.0038800 seconds, Stopping threads took: 0.0033180 seconds
276.257: Application time: 0.1782690 seconds
276.257: [GC276.257: [ParNew: 33809K->402K(37568K), 0.0004180 secs] 44104K->10713K(120960K), 0.0004480 secs] [Times: user=0.00 sys=0.00, real=0.00 secs] 
276.258: Total time for which application threads were stopped: 0.0006010 seconds, Stopping threads took: 0.0000840 seconds
276.437: Application time: 0.1789190 seconds
276.437: [GC276.437: [ParNew: 33810K->391K(37568K), 0.0004480 secs] 44121K->10710K(120960K), 0.0004770 secs] [Times: user=0.00 sys=0.00, real=0.00 secs] 
276.437: Total time for which application threads were stopped: 0.0006260 seconds, Stopping threads took: 0.0000810 seconds
276.612: Application time: 0.1750930 seconds
276.613: [GC276.613: [ParNew: 33799K->380K(37568K), 0.0004130 secs] 44118K->10699K(120960K), 0.0004500 secs] [Times: user=0.00 sys=0.00, real=0.00 secs] 
276.613: Total time for which application threads were stopped: 0.0005820 seconds, Stopping threads took: 0.0000510 seconds
276.791: Application time: 0.1783140 seconds
276.791: [GC276.791: [ParNew: 33788K->397K(37568K), 0.0004020 secs] 44107K->10716K(120960K), 0.0004290 secs] [Times: user=0.00 sys=0.00, real=0.00 secs] 
276.792: Total time for which application threads were stopped: 0.0005780 seconds, Stopping threads took: 0.0000780 seconds
276.970: Application time: 0.1778980 seconds
276.970: [GC276.970: [ParNew: 33805K->395K(37568K), 0.0004100 secs] 44124K->10722K(120960K), 0.0004400 secs] [Times: user=0.00 sys=0.00, real=0.00 secs] 
276.970: Total time for which application threads were stopped: 0.0005730 seconds, Stopping threads took: 0.0000650 seconds
277.150: Application time: 0.1798720 seconds
277.150: [GC277.150: [ParNew: 33803K->397K(37568K), 0.0004380 secs] 44130K->10732K(120960K), 0.0004640 secs] [Times: user=0.01 sys=0.00, real=0.00 secs] 
277.151: Total time for which application threads were stopped: 0.0006040 seconds, Stopping threads took: 0.0000670 seconds
277.328: Application time: 0.1771650 seconds
277.328: [GC277.328: [ParNew: 33805K->365K(37568K), 0.0004060 secs] 44140K->10701K(120960K), 0.0004340 secs] [Times: user=0.00 sys=0.00, real=0.00 secs] 
277.329: Total time for which application threads were stopped: 0.0005630 seconds, Stopping threads took: 0.0000600 seconds
277.505: Application time: 0.1761020 seconds
277.505: [GC277.505: [ParNew: 33773K->393K(37568K), 0.0004090 secs] 44109K->10728K(120960K), 0.0004340 secs] [Times: user=0.01 sys=0.00, real=0.00 secs] 
277.505: Total time for which application threads were stopped: 0.0005560 seconds, Stopping threads took: 0.0000550 seconds
277.684: Application time: 0.1790140 seconds
277.684: [GC277.684: [ParNew: 33801K->394K(37568K), 0.0005590 secs] 44136K->10729K(120960K), 0.0005830 secs] [Times: user=0.00 sys=0.00, real=0.00 secs] 
277.685: Total time for which application threads were stopped: 0.0007370 seconds, Stopping threads took: 0.0000760 seconds
277.863: Application time: 0.1782980 seconds
277.863: [GC277.863: [ParNew: 33802K->395K(37568K), 0.0005070 secs] 44137K->10738K(120960K), 0.0005320 secs] [Times: user=0.00 sys=0.00, real=0.00 secs] 
277.864: Total time for which application threads were stopped: 0.0006560 seconds, Stopping threads took: 0.0000580 seconds
278.043: Application time: 0.1790390 seconds
278.043: [GC278.043: [ParNew: 33803K->403K(37568K), 0.0004040 secs] 44146K->10746K(120960K), 0.0004300 secs] [Times: user=0.01 sys=0.00, real=0.00 secs] 
278.044: Total time for which application threads were stopped: 0.0005670 seconds, Stopping threads took: 0.0000710 seconds
278.219: Application time: 0.1749710 seconds
278.219: [GC278.219: [ParNew: 33811K->392K(37568K), 0.0003820 secs] 44154K->10736K(120960K), 0.0004100 secs] [Times: user=0.01 sys=0.00, real=0.00 secs] 
278.219: Total time for which application threads were stopped: 0.0005400 seconds, Stopping threads took: 0.0000550 seconds
278.398: Application time: 0.1792820 seconds
278.398: [GC278.398: [ParNew: 33800K->402K(37568K), 0.0004080 secs] 44144K->10745K(120960K), 0.0004320 secs] [Times: user=0.00 sys=0.00, real=0.00 secs] 
278.399: Total time for which application threads were stopped: 0.0005550 seconds, Stopping threads took: 0.0000590 seconds
278.577: Application time: 0.1778160 seconds
278.577: [GC278.577: [ParNew: 33810K->394K(37568K), 0.0004090 secs] 44153K->10754K(120960K), 0.0004370 secs] [Times: user=0.00 sys=0.00, real=0.00 secs] 
278.577: Total time for which application threads were stopped: 0.0005650 seconds, Stopping threads took: 0.0000560 seconds
278.756: Application time: 0.1788880 seconds
278.756: [GC278.756: [ParNew: 33802K->390K(37568K), 0.0003790 secs] 44162K->10749K(120960K), 0.0004070 secs] [Times: user=0.00 sys=0.00, real=0.00 secs] 
278.757: Total time for which application threads were stopped: 0.0005570 seconds, Stopping threads took: 0.0000650 seconds
278.932: Application time: 0.1749520 seconds
278.932: [GC278.932: [ParNew: 33798K->394K(37568K), 0.0004020 secs] 44157K->10753K(120960K), 0.0004280 secs] [Times: user=0.00 sys=0.00, real=0.00 secs] 
278.932: Total time for which application threads were stopped: 0.0005710 seconds, Stopping threads took: 0.0000780 seconds
279.112: Application time: 0.1796550 seconds
279.112: [GC279.112: [ParNew: 33802K->401K(37568K), 0.0004340 secs] 44161K->10760K(120960K), 0.0004650 secs] [Times: user=0.00 sys=0.00, real=0.00 secs] 
279.113: Total time for which application threads were stopped: 0.0006030 seconds, Stopping threads took: 0.0000710 seconds
279.291: Application time: 0.1789290 seconds
279.292: [GC279.292: [ParNew: 33809K->405K(37568K), 0.0004310 secs] 44168K->10772K(120960K), 0.0004560 secs] [Times: user=0.00 sys=0.00, real=0.00 secs] 
279.292: Total time for which application threads were stopped: 0.0006150 seconds, Stopping threads took: 0.0000850 seconds
279.471: Application time: 0.1786590 seconds
279.471: [GC279.471: [ParNew: 33813K->404K(37568K), 0.0003870 secs] 44180K->10779K(120960K), 0.0004120 secs] [Times: user=0.01 sys=0.00, real=0.00 secs] 
279.471: Total time for which application threads were stopped: 0.0005410 seconds, Stopping threads took: 0.0000640 seconds
279.647: Application time: 0.1754700 seconds
279.647: [GC279.647: [ParNew: 33812K->397K(37568K), 0.0004460 secs] 44187K->10772K(120960K), 0.0004700 secs] [Times: user=0.00 sys=0.00, real=0.00 secs] 
279.647: Total time for which application threads were stopped: 0.0005860 seconds, Stopping threads took: 0.0000550 seconds
279.826: Application time: 0.1781700 seconds
279.826: [GC279.826: [ParNew: 33805K->398K(37568K), 0.0004780 secs] 44180K->10773K(120960K), 0.0005210 secs] [Times: user=0.00 sys=0.00, real=0.00 secs] 
279.826: Total time for which application threads were stopped: 0.0006700 seconds, Stopping threads took: 0.0000700 seconds
280.004: Application time: 0.1782910 seconds
280.005: [GC280.005: [ParNew: 33806K->393K(37568K), 0.0004040 secs] 44181K->10777K(120960K), 0.0004280 secs] [Times: user=0.01 sys=0.00, real=0.00 secs] 
280.005: Total time for which application threads were stopped: 0.0005480 seconds, Stopping threads took: 0.0000590 seconds
280.184: Application time: 0.1793110 seconds
280.184: [GC280.184: [ParNew: 33801K->395K(37568K), 0.0003930 secs] 44185K->10794K(120960K), 0.0004230 secs] [Times: user=0.00 sys=0.00, real=0.00 secs] 
280.185: Total time for which application threads were stopped: 0.0005520 seconds, Stopping threads took: 0.0000620 seconds
280.362: Application time: 0.1770640 seconds
280.362: [GC280.362: [ParNew: 33803K->396K(37568K), 0.0004540 secs] 44202K->10795K(120960K), 0.0004830 secs] [Times: user=0.00 sys=0.00, real=0.00 secs] 
280.363: Total time for which application threads were stopped: 0.0006320 seconds, Stopping threads took: 0.0000750 seconds
280.539: Application time: 0.1766900 seconds
280.539: [GC280.539: [ParNew: 33804K->398K(37568K), 0.0003860 secs] 44203K->10798K(120960K), 0.0004120 secs] [Times: user=0.00 sys=0.00, real=0.00 secs] 
280.540: Total time for which application threads were stopped: 0.0005390 seconds, Stopping threads took: 0.0000620 seconds
280.719: Application time: 0.1792520 seconds
280.719: [GC280.719: [ParNew: 33806K->403K(37568K), 0.0004260 secs] 44206K->10802K(120960K), 0.0004560 secs] [Times: user=0.00 sys=0.00, real=0.00 secs] 
280.720: Total time for which application threads were stopped: 0.0005800 seconds, Stopping threads took: 0.0000560 seconds
280.899: Application time: 0.1789390 seconds
280.899: [GC280.899: [ParNew: 33811K->408K(37568K), 0.0004520 secs] 44210K->10815K(120960K), 0.0004800 secs] [Times: user=0.00 sys=0.00, real=0.00 secs] 
280.899: Total time for which application threads were stopped: 0.0006130 seconds, Stopping threads took: 0.0000540 seconds
281.079: Application time: 0.1797480 seconds
281.079: [GC281.079: [ParNew: 33816K->390K(37568K), 0.0004130 secs] 44223K->10797K(120960K), 0.0004500 secs] [Times: user=0.00 sys=0.00, real=0.00 secs] 
281.080: Total time for which application threads were stopped: 0.0005850 seconds, Stopping threads took: 0.0000690 seconds
281.254: Application time: 0.1746460 seconds
281.254: [GC281.254: [ParNew: 33798K->389K(37568K), 0.0004070 secs] 44205K->10796K(120960K), 0.0004340 secs] [Times: user=0.00 sys=0.00, real=0.00 secs] 
281.255: Total time for which application threads were stopped: 0.0005720 seconds, Stopping threads took: 0.0000710 seconds
281.434: Application time: 0.1790140 seconds
281.434: [GC281.434: [ParNew: 33797K->385K(37568K), 0.0004080 secs] 44204K->10792K(120960K), 0.0004370 secs] [Times: user=0.00 sys=0.01, real=0.01 secs] 
281.434: Total time for which application threads were stopped: 0.0005980 seconds, Stopping threads took: 0.0000830 seconds
281.612: Application time: 0.1780790 seconds
281.613: [GC281.613: [ParNew: 33793K->395K(37568K), 0.0003770 secs] 44200K->10810K(120960K), 0.0004030 secs] [Times: user=0.00 sys=0.00, real=0.00 secs] 
281.613: Total time for which application threads were stopped: 0.0005230 seconds, Stopping threads took: 0.0000550 seconds
281.793: Application time: 0.1796810 seconds
281.793: [GC281.793: [ParNew: 33803K->392K(37568K), 0.0004690 secs] 44218K->10808K(120960K), 0.0004970 secs] [Times: user=0.00 sys=0.00, real=0.00 secs] 
281.793: Total time for which application threads were stopped: 0.0006310 seconds, Stopping threads took: 0.0000680 seconds
281.968: Application time: 0.1745010 seconds
281.970: [GC281.970: [ParNew: 33800K->396K(37568K), 0.0004340 secs] 44216K->10811K(120960K), 0.0004620 secs] [Times: user=0.00 sys=0.00, real=0.00 secs] 
281.971: Total time for which application threads were stopped: 0.0030670 seconds, Stopping threads took: 0.0025300 seconds
282.153: Application time: 0.1818370 seconds
282.153: [GC282.153: [ParNew: 33804K->395K(37568K), 0.0003860 secs] 44219K->10810K(120960K), 0.0004080 secs] [Times: user=0.00 sys=0.00, real=0.00 secs] 
282.153: Total time for which application threads were stopped: 0.0005360 seconds, Stopping threads took: 0.0000660 seconds
282.332: Application time: 0.1784260 seconds
282.332: [GC282.332: [ParNew: 33803K->397K(37568K), 0.0003740 secs] 44218K->10820K(120960K), 0.0003990 secs] [Times: user=0.00 sys=0.00, real=0.00 secs] 
282.332: Total time for which application threads were stopped: 0.0005290 seconds, Stopping threads took: 0.0000690 seconds
282.511: Application time: 0.1788970 seconds
282.511: [GC282.511: [ParNew: 33805K->399K(37568K), 0.0004100 secs] 44228K->10830K(120960K), 0.0004370 secs] [Times: user=0.01 sys=0.00, real=0.00 secs] 
282.512: Total time for which application threads were stopped: 0.0005710 seconds, Stopping threads took: 0.0000570 seconds
282.687: Application time: 0.1751410 seconds
282.687: [GC282.687: [ParNew: 33807K->407K(37568K), 0.0003950 secs] 44238K->10838K(120960K), 0.0004230 secs] [Times: user=0.00 sys=0.00, real=0.00 secs] 
282.687: Total time for which application threads were stopped: 0.0005570 seconds, Stopping threads took: 0.0000680 seconds
282.865: Application time: 0.1779590 seconds
282.865: [GC282.865: [ParNew: 33815K->401K(37568K), 0.0004250 secs] 44246K->10832K(120960K), 0.0004520 secs] [Times: user=0.00 sys=0.00, real=0.00 secs] 
282.866: Total time for which application threads were stopped: 0.0006020 seconds, Stopping threads took: 0.0000840 seconds
283.046: Application time: 0.1804790 seconds
283.047: [GC283.047: [ParNew: 33809K->398K(37568K), 0.0004770 secs] 44240K->10837K(120960K), 0.0005010 secs] [Times: user=0.00 sys=0.00, real=0.00 secs] 
283.047: Total time for which application threads were stopped: 0.0006490 seconds, Stopping threads took: 0.0000740 seconds
283.226: Application time: 0.1785470 seconds
283.226: [GC283.226: [ParNew: 33806K->387K(37568K), 0.0004320 secs] 44245K->10834K(120960K), 0.0004580 secs] [Times: user=0.00 sys=0.00, real=0.00 secs] 
283.226: Total time for which application threads were stopped: 0.0006030 seconds, Stopping threads took: 0.0000810 seconds
283.402: Application time: 0.1758440 seconds
283.402: [GC283.402: [ParNew: 33795K->398K(37568K), 0.0003770 secs] 44242K->10845K(120960K), 0.0004000 secs] [Times: user=0.00 sys=0.00, real=0.00 secs] 
283.403: Total time for which application threads were stopped: 0.0005330 seconds, Stopping threads took: 0.0000690 seconds
283.580: Application time: 0.1774890 seconds
283.580: [GC283.580: [ParNew: 33806K->402K(37568K), 0.0003790 secs] 44253K->10850K(120960K), 0.0004080 secs] [Times: user=0.00 sys=0.00, real=0.00 secs] 
283.581: Total time for which application threads were stopped: 0.0005570 seconds, Stopping threads took: 0.0000680 seconds
283.759: Application time: 0.1786830 seconds
283.759: [GC283.759: [ParNew: 33810K->400K(37568K), 0.0004270 secs] 44258K->10847K(120960K), 0.0004550 secs] [Times: user=0.01 sys=0.00, real=0.00 secs] 
283.760: Total time for which application threads were stopped: 0.0005760 seconds, Stopping threads took: 0.0000530 seconds
283.939: Application time: 0.1785910 seconds
283.939: [GC283.939: [ParNew: 33808K->407K(37568K), 0.0004200 secs] 44255K->10863K(120960K), 0.0004470 secs] [Times: user=0.01 sys=0.00, real=0.00 secs] 
283.939: Total time for which application threads were stopped: 0.0005800 seconds, Stopping threads took: 0.0000660 seconds
284.118: Application time: 0.1793600 seconds
284.119: [GC284.119: [ParNew: 33815K->394K(37568K), 0.0003660 secs] 44271K->10849K(120960K), 0.0003900 secs] [Times: user=0.00 sys=0.00, real=0.00 secs] 
284.119: Total time for which application threads were stopped: 0.0005340 seconds, Stopping threads took: 0.0000740 seconds
284.293: Application time: 0.1737900 seconds
284.293: [GC284.293: [ParNew: 33802K->401K(37568K), 0.0003780 secs] 44257K->10856K(120960K), 0.0004070 secs] [Times: user=0.00 sys=0.00, real=0.00 secs] 
284.293: Total time for which application threads were stopped: 0.0005420 seconds, Stopping threads took: 0.0000690 seconds
284.472: Application time: 0.1791260 seconds
284.473: [GC284.473: [ParNew: 33809K->401K(37568K), 0.0004120 secs] 44264K->10856K(120960K), 0.0004380 secs] [Times: user=0.00 sys=0.00, real=0.00 secs] 
284.473: Total time for which application threads were stopped: 0.0005790 seconds, Stopping threads took: 0.0000750 seconds
284.652: Application time: 0.1786100 seconds
284.652: [GC284.652: [ParNew: 33809K->399K(37568K), 0.0003760 secs] 44264K->10871K(120960K), 0.0004030 secs] [Times: user=0.00 sys=0.00, real=0.00 secs] 
284.652: Total time for which application threads were stopped: 0.0005430 seconds, Stopping threads took: 0.0000660 seconds
284.831: Application time: 0.1784540 seconds
284.831: [GC284.831: [ParNew: 33807K->385K(37568K), 0.0004780 secs] 44279K->10856K(120960K), 0.0005150 secs] [Times: user=0.00 sys=0.00, real=0.00 secs] 
284.831: Total time for which application threads were stopped: 0.0006450 seconds, Stopping threads took: 0.0000650 seconds
285.006: Application time: 0.1748640 seconds
285.006: [GC285.006: [ParNew: 33793K->394K(37568K), 0.0004450 secs] 44264K->10865K(120960K), 0.0004760 secs] [Times: user=0.01 sys=0.00, real=0.01 secs] 
285.007: Total time for which application threads were stopped: 0.0006060 seconds, Stopping threads took: 0.0000670 seconds
285.186: Application time: 0.1790700 seconds
285.186: [GC285.186: [ParNew: 33802K->396K(37568K), 0.0004210 secs] 44273K->10867K(120960K), 0.0004490 secs] [Times: user=0.01 sys=0.00, real=0.01 secs] 
285.186: Total time for which application threads were stopped: 0.0006200 seconds, Stopping threads took: 0.0000940 seconds
285.365: Application time: 0.1790080 seconds
285.366: [GC285.366: [ParNew: 33804K->393K(37568K), 0.0004440 secs] 44275K->10872K(120960K), 0.0004740 secs] [Times: user=0.00 sys=0.00, real=0.00 secs] 
285.366: Total time for which application threads were stopped: 0.0006070 seconds, Stopping threads took: 0.0000650 seconds
285.546: Application time: 0.1797740 seconds
285.546: [GC285.546: [ParNew: 33801K->402K(37568K), 0.0004030 secs] 44280K->10889K(120960K), 0.0004330 secs] [Times: user=0.01 sys=0.00, real=0.01 secs] 
285.546: Total time for which application threads were stopped: 0.0005690 seconds, Stopping threads took: 0.0000680 seconds
285.721: Application time: 0.1747690 seconds
285.721: [GC285.721: [ParNew: 33810K->394K(37568K), 0.0004070 secs] 44297K->10882K(120960K), 0.0004410 secs] [Times: user=0.00 sys=0.00, real=0.00 secs] 
285.722: Total time for which application threads were stopped: 0.0005720 seconds, Stopping threads took: 0.0000570 seconds
285.902: Application time: 0.1805850 seconds
285.902: [GC285.902: [ParNew: 33802K->397K(37568K), 0.0004190 secs] 44290K->10884K(120960K), 0.0004460 secs] [Times: user=0.01 sys=0.00, real=0.00 secs] 
285.903: Total time for which application threads were stopped: 0.0005810 seconds, Stopping threads took: 0.0000660 seconds
286.100: Application time: 0.1969390 seconds
286.100: [GC286.100: [ParNew: 33805K->391K(37568K), 0.0003760 secs] 44292K->10886K(120960K), 0.0004010 secs] [Times: user=0.00 sys=0.00, real=0.00 secs] 
286.100: Total time for which application threads were stopped: 0.0005060 seconds, Stopping threads took: 0.0000450 seconds
286.297: Application time: 0.1969970 seconds
286.298: [GC286.298: [ParNew: 33799K->393K(37568K), 0.0004210 secs] 44294K->10904K(120960K), 0.0004530 secs] [Times: user=0.01 sys=0.00, real=0.00 secs] 
286.298: Total time for which application threads were stopped: 0.0006030 seconds, Stopping threads took: 0.0000710 seconds
286.493: Application time: 0.1945250 seconds
286.493: [GC286.493: [ParNew: 33801K->399K(37568K), 0.0003820 secs] 44312K->10910K(120960K), 0.0004090 secs] [Times: user=0.01 sys=0.00, real=0.00 secs] 
286.493: Total time for which application threads were stopped: 0.0005430 seconds, Stopping threads took: 0.0000690 seconds
286.688: Application time: 0.1946350 seconds
286.688: [GC286.688: [ParNew: 33807K->406K(37568K), 0.0004460 secs] 44318K->10917K(120960K), 0.0004730 secs] [Times: user=0.00 sys=0.00, real=0.00 secs] 
286.688: Total time for which application threads were stopped: 0.0006120 seconds, Stopping threads took: 0.0000690 seconds
286.884: Application time: 0.1959710 seconds
286.884: [GC286.884: [ParNew: 33814K->394K(37568K), 0.0003870 secs] 44325K->10905K(120960K), 0.0004130 secs] [Times: user=0.00 sys=0.00, real=0.00 secs] 
286.885: Total time for which application threads were stopped: 0.0005640 seconds, Stopping threads took: 0.0000730 seconds
287.082: Application time: 0.1967520 seconds
287.082: [GC287.082: [ParNew: 33802K->399K(37568K), 0.0003800 secs] 44313K->10918K(120960K), 0.0004080 secs] [Times: user=0.00 sys=0.00, real=0.00 secs] 
287.082: Total time for which application threads were stopped: 0.0005430 seconds, Stopping threads took: 0.0000680 seconds
287.279: Application time: 0.1963770 seconds
287.279: [GC287.279: [ParNew: 33807K->364K(37568K), 0.0004530 secs] 44326K->10883K(120960K), 0.0004820 secs] [Times: user=0.00 sys=0.00, real=0.00 secs] 
287.279: Total time for which application threads were stopped: 0.0006060 seconds, Stopping threads took: 0.0000550 seconds
287.471: Application time: 0.1921970 seconds
287.471: [GC287.471: [ParNew: 33772K->395K(37568K), 0.0004700 secs] 44291K->10914K(120960K), 0.0005020 secs] [Times: user=0.00 sys=0.00, real=0.00 secs] 
287.472: Total time for which application threads were stopped: 0.0006450 seconds, Stopping threads took: 0.0000610 seconds
287.670: Application time: 0.1981400 seconds
287.670: [GC287.670: [ParNew: 33803K->395K(37568K), 0.0004340 secs] 44322K->10914K(120960K), 0.0004620 secs] [Times: user=0.00 sys=0.00, real=0.00 secs] 
287.671: Total time for which application threads were stopped: 0.0006050 seconds, Stopping threads took: 0.0000740 seconds
287.866: Application time: 0.1956050 seconds
287.866: [GC287.866: [ParNew: 33803K->394K(37568K), 0.0004120 secs] 44322K->10921K(120960K), 0.0004380 secs] [Times: user=0.00 sys=0.00, real=0.00 secs] 
287.867: Total time for which application threads were stopped: 0.0005860 seconds, Stopping threads took: 0.0000810 seconds
288.065: Application time: 0.1979140 seconds
288.065: [GC288.065: [ParNew: 33802K->403K(37568K), 0.0004040 secs] 44329K->10930K(120960K), 0.0004380 secs] [Times: user=0.01 sys=0.00, real=0.00 secs] 
288.065: Total time for which application threads were stopped: 0.0005750 seconds, Stopping threads took: 0.0000550 seconds
288.257: Application time: 0.1911830 seconds
288.257: [GC288.257: [ParNew: 33811K->398K(37568K), 0.0004300 secs] 44338K->10925K(120960K), 0.0004560 secs] [Times: user=0.00 sys=0.00, real=0.00 secs] 
288.257: Total time for which application threads were stopped: 0.0005900 seconds, Stopping threads took: 0.0000680 seconds
288.454: Application time: 0.1969690 seconds
288.454: [GC288.454: [ParNew: 33806K->385K(37568K), 0.0004050 secs] 44333K->10913K(120960K), 0.0004380 secs] [Times: user=0.00 sys=0.00, real=0.01 secs] 
288.455: Total time for which application threads were stopped: 0.0005620 seconds, Stopping threads took: 0.0000540 seconds
288.652: Application time: 0.1970150 seconds
288.652: [GC288.652: [ParNew: 33793K->391K(37568K), 0.0004170 secs] 44321K->10926K(120960K), 0.0004430 secs] [Times: user=0.01 sys=0.00, real=0.00 secs] 
288.652: Total time for which application threads were stopped: 0.0005820 seconds, Stopping threads took: 0.0000630 seconds
288.850: Application time: 0.1976670 seconds
288.850: [GC288.850: [ParNew: 33799K->400K(37568K), 0.0004080 secs] 44334K->10935K(120960K), 0.0004330 secs] [Times: user=0.01 sys=0.00, real=0.00 secs] 
288.851: Total time for which application threads were stopped: 0.0005780 seconds, Stopping threads took: 0.0000790 seconds
289.042: Application time: 0.1914670 seconds
289.042: [GC289.042: [ParNew: 33808K->396K(37568K), 0.0003900 secs] 44343K->10931K(120960K), 0.0004170 secs] [Times: user=0.00 sys=0.00, real=0.00 secs] 
289.043: Total time for which application threads were stopped: 0.0005450 seconds, Stopping threads took: 0.0000630 seconds
289.241: Application time: 0.1979360 seconds
289.241: [GC289.241: [ParNew: 33804K->396K(37568K), 0.0004420 secs] 44339K->10931K(120960K), 0.0004700 secs] [Times: user=0.00 sys=0.00, real=0.00 secs] 
289.241: Total time for which application threads were stopped: 0.0006030 seconds, Stopping threads took: 0.0000560 seconds
289.438: Application time: 0.1964940 seconds
289.438: [GC289.438: [ParNew: 33804K->396K(37568K), 0.0004840 secs] 44339K->10939K(120960K), 0.0005120 secs] [Times: user=0.00 sys=0.00, real=0.00 secs] 
289.439: Total time for which application threads were stopped: 0.0013020 seconds, Stopping threads took: 0.0007210 seconds
289.636: Application time: 0.1966250 seconds
289.639: [GC289.639: [ParNew: 33804K->396K(37568K), 0.0004850 secs] 44347K->10955K(120960K), 0.0005140 secs] [Times: user=0.00 sys=0.00, real=0.00 secs] 
289.639: Total time for which application threads were stopped: 0.0034810 seconds, Stopping threads took: 0.0029000 seconds
289.831: Application time: 0.1923940 seconds
289.832: [GC289.832: [ParNew: 33804K->398K(37568K), 0.0004680 secs] 44363K->10957K(120960K), 0.0004990 secs] [Times: user=0.00 sys=0.00, real=0.00 secs] 
289.832: Total time for which application threads were stopped: 0.0006590 seconds, Stopping threads took: 0.0000810 seconds
290.016: Application time: 0.1836130 seconds
290.016: [GC290.016: [ParNew: 33806K->398K(37568K), 0.0004050 secs] 44365K->10957K(120960K), 0.0004320 secs] [Times: user=0.00 sys=0.00, real=0.00 secs] 
290.016: Total time for which application threads were stopped: 0.0005820 seconds, Stopping threads took: 0.0000810 seconds
290.195: Application time: 0.1786440 seconds
290.195: [GC290.195: [ParNew: 33806K->390K(37568K), 0.0004470 secs] 44365K->10958K(120960K), 0.0004760 secs] [Times: user=0.00 sys=0.00, real=0.00 secs] 
290.196: Total time for which application threads were stopped: 0.0005940 seconds, Stopping threads took: 0.0000530 seconds
290.375: Application time: 0.1791300 seconds
290.375: [GC290.375: [ParNew: 33798K->397K(37568K), 0.0004110 secs] 44366K->10972K(120960K), 0.0004440 secs] [Times: user=0.00 sys=0.00, real=0.00 secs] 
290.375: Total time for which application threads were stopped: 0.0006220 seconds, Stopping threads took: 0.0001000 seconds
290.552: Application time: 0.1766250 seconds
290.552: [GC290.552: [ParNew: 33805K->359K(37568K), 0.0004390 secs] 44380K->10934K(120960K), 0.0004720 secs] [Times: user=0.00 sys=0.00, real=0.00 secs] 
290.553: Total time for which application threads were stopped: 0.0006100 seconds, Stopping threads took: 0.0000740 seconds
290.730: Application time: 0.1774960 seconds
290.730: [GC290.730: [ParNew: 33767K->393K(37568K), 0.0004310 secs] 44342K->10968K(120960K), 0.0004600 secs] [Times: user=0.00 sys=0.00, real=0.00 secs] 
290.731: Total time for which application threads were stopped: 0.0005810 seconds, Stopping threads took: 0.0000510 seconds
290.910: Application time: 0.1790130 seconds
290.910: [GC290.910: [ParNew: 33801K->387K(37568K), 0.0004140 secs] 44376K->10962K(120960K), 0.0004400 secs] [Times: user=0.00 sys=0.00, real=0.00 secs] 
290.910: Total time for which application threads were stopped: 0.0005800 seconds, Stopping threads took: 0.0000660 seconds
291.089: Application time: 0.1791280 seconds
291.090: [GC291.090: [ParNew: 33795K->396K(37568K), 0.0004530 secs] 44370K->10987K(120960K), 0.0004830 secs] [Times: user=0.00 sys=0.00, real=0.00 secs] 
291.091: Total time for which application threads were stopped: 0.0016260 seconds, Stopping threads took: 0.0010630 seconds
291.270: Application time: 0.1790040 seconds
291.270: [GC291.270: [ParNew: 33804K->384K(37568K), 0.0004430 secs] 44395K->10975K(120960K), 0.0004710 secs] [Times: user=0.01 sys=0.00, real=0.00 secs] 
291.271: Total time for which application threads were stopped: 0.0006030 seconds, Stopping threads took: 0.0000670 seconds
291.445: Application time: 0.1745000 seconds
291.445: [GC291.445: [ParNew: 33792K->392K(37568K), 0.0003820 secs] 44383K->10983K(120960K), 0.0004090 secs] [Times: user=0.01 sys=0.00, real=0.00 secs] 
291.446: Total time for which application threads were stopped: 0.0005500 seconds, Stopping threads took: 0.0000690 seconds
291.624: Application time: 0.1785640 seconds
291.624: [GC291.624: [ParNew: 33800K->393K(37568K), 0.0003740 secs] 44391K->10984K(120960K), 0.0003990 secs] [Times: user=0.00 sys=0.00, real=0.00 secs] 
291.625: Total time for which application threads were stopped: 0.0005250 seconds, Stopping threads took: 0.0000620 seconds
291.803: Application time: 0.1779110 seconds
291.803: [GC291.803: [ParNew: 33801K->398K(37568K), 0.0003890 secs] 44392K->10997K(120960K), 0.0004170 secs] [Times: user=0.01 sys=0.00, real=0.00 secs] 
291.803: Total time for which application threads were stopped: 0.0005520 seconds, Stopping threads took: 0.0000690 seconds
291.982: Application time: 0.1788570 seconds
291.982: [GC291.982: [ParNew: 33806K->401K(37568K), 0.0003780 secs] 44405K->11000K(120960K), 0.0004050 secs] [Times: user=0.01 sys=0.00, real=0.00 secs] 
291.983: Total time for which application threads were stopped: 0.0005550 seconds, Stopping threads took: 0.0000750 seconds
292.158: Application time: 0.1750670 seconds
292.158: [GC292.158: [ParNew: 33809K->399K(37568K), 0.0004050 secs] 44408K->10998K(120960K), 0.0004340 secs] [Times: user=0.01 sys=0.00, real=0.00 secs] 
292.158: Total time for which application threads were stopped: 0.0005630 seconds, Stopping threads took: 0.0000620 seconds
292.337: Application time: 0.1789000 seconds
292.337: [GC292.337: [ParNew: 33807K->397K(37568K), 0.0004000 secs] 44406K->10996K(120960K), 0.0004290 secs] [Times: user=0.00 sys=0.00, real=0.00 secs] 
292.338: Total time for which application threads were stopped: 0.0005590 seconds, Stopping threads took: 0.0000610 seconds
292.516: Application time: 0.1778040 seconds
292.516: [GC292.516: [ParNew: 33805K->400K(37568K), 0.0003930 secs] 44404K->11007K(120960K), 0.0004200 secs] [Times: user=0.01 sys=0.00, real=0.00 secs] 
292.516: Total time for which application threads were stopped: 0.0005670 seconds, Stopping threads took: 0.0000720 seconds
292.696: Application time: 0.1795860 seconds
292.696: [GC292.696: [ParNew: 33808K->388K(37568K), 0.0005130 secs] 44415K->11003K(120960K), 0.0005370 secs] [Times: user=0.00 sys=0.00, real=0.00 secs] 
292.696: Total time for which application threads were stopped: 0.0006650 seconds, Stopping threads took: 0.0000660 seconds
292.872: Application time: 0.1754570 seconds
292.872: [GC292.872: [ParNew: 33796K->391K(37568K), 0.0004680 secs] 44411K->11006K(120960K), 0.0005050 secs] [Times: user=0.00 sys=0.00, real=0.00 secs] 
292.872: Total time for which application threads were stopped: 0.0006370 seconds, Stopping threads took: 0.0000660 seconds
293.051: Application time: 0.1783260 seconds
293.051: [GC293.051: [ParNew: 33799K->394K(37568K), 0.0004640 secs] 44414K->11010K(120960K), 0.0004920 secs] [Times: user=0.00 sys=0.00, real=0.00 secs] 
293.051: Total time for which application threads were stopped: 0.0006480 seconds, Stopping threads took: 0.0000790 seconds
293.230: Application time: 0.1784570 seconds
293.230: [GC293.230: [ParNew: 33802K->398K(37568K), 0.0004520 secs] 44418K->11021K(120960K), 0.0004790 secs] [Times: user=0.00 sys=0.00, real=0.00 secs] 
293.230: Total time for which application threads were stopped: 0.0005930 seconds, Stopping threads took: 0.0000510 seconds
293.409: Application time: 0.1789440 seconds
293.410: [GC293.410: [ParNew: 33806K->379K(37568K), 0.0003970 secs] 44429K->11010K(120960K), 0.0004250 secs] [Times: user=0.00 sys=0.00, real=0.00 secs] 
293.410: Total time for which application threads were stopped: 0.0005540 seconds, Stopping threads took: 0.0000610 seconds
293.587: Application time: 0.1765530 seconds
293.587: [GC293.587: [ParNew: 33787K->393K(37568K), 0.0003720 secs] 44418K->11024K(120960K), 0.0003970 secs] [Times: user=0.00 sys=0.00, real=0.00 secs] 
293.587: Total time for which application threads were stopped: 0.0005300 seconds, Stopping threads took: 0.0000640 seconds
293.764: Application time: 0.1773760 seconds
293.765: [GC293.765: [ParNew: 33801K->399K(37568K), 0.0003580 secs] 44432K->11030K(120960K), 0.0003840 secs] [Times: user=0.00 sys=0.00, real=0.00 secs] 
293.765: Total time for which application threads were stopped: 0.0005250 seconds, Stopping threads took: 0.0000770 seconds
293.944: Application time: 0.1792560 seconds
293.944: [GC293.944: [ParNew: 33807K->402K(37568K), 0.0004260 secs] 44438K->11033K(120960K), 0.0004490 secs] [Times: user=0.00 sys=0.00, real=0.00 secs] 
293.945: Total time for which application threads were stopped: 0.0005680 seconds, Stopping threads took: 0.0000570 seconds
294.123: Application time: 0.1785680 seconds
294.123: [GC294.123: [ParNew: 33810K->398K(37568K), 0.0003800 secs] 44441K->11037K(120960K), 0.0004100 secs] [Times: user=0.00 sys=0.00, real=0.00 secs] 
294.124: Total time for which application threads were stopped: 0.0005560 seconds, Stopping threads took: 0.0000650 seconds
294.303: Application time: 0.1792640 seconds
294.303: [GC294.303: [ParNew: 33806K->403K(37568K), 0.0003730 secs] 44445K->11042K(120960K), 0.0003980 secs] [Times: user=0.00 sys=0.00, real=0.00 secs] 
294.304: Total time for which application threads were stopped: 0.0005390 seconds, Stopping threads took: 0.0000760 seconds
294.478: Application time: 0.1744080 seconds
294.478: [GC294.478: [ParNew: 33811K->394K(37568K), 0.0003730 secs] 44450K->11033K(120960K), 0.0003990 secs] [Times: user=0.00 sys=0.00, real=0.00 secs] 
294.479: Total time for which application threads were stopped: 0.0005210 seconds, Stopping threads took: 0.0000570 seconds
294.658: Application time: 0.1792810 seconds
294.658: [GC294.658: [ParNew: 33802K->397K(37568K), 0.0004240 secs] 44441K->11036K(120960K), 0.0004510 secs] [Times: user=0.00 sys=0.00, real=0.00 secs] 
294.659: Total time for which application threads were stopped: 0.0005890 seconds, Stopping threads took: 0.0000600 seconds
294.838: Application time: 0.1792470 seconds
294.838: [GC294.838: [ParNew: 33805K->400K(37568K), 0.0004410 secs] 44444K->11047K(120960K), 0.0004670 secs] [Times: user=0.00 sys=0.00, real=0.00 secs] 
294.838: Total time for which application threads were stopped: 0.0005900 seconds, Stopping threads took: 0.0000590 seconds
295.017: Application time: 0.1789170 seconds
295.017: [GC295.017: [ParNew: 33808K->402K(37568K), 0.0003800 secs] 44455K->11049K(120960K), 0.0004060 secs] [Times: user=0.00 sys=0.00, real=0.00 secs] 
295.018: Total time for which application threads were stopped: 0.0005620 seconds, Stopping threads took: 0.0000840 seconds
295.193: Application time: 0.1755890 seconds
295.194: [GC295.194: [ParNew: 33810K->399K(37568K), 0.0003990 secs] 44457K->11046K(120960K), 0.0004260 secs] [Times: user=0.00 sys=0.00, real=0.00 secs] 
295.194: Total time for which application threads were stopped: 0.0005650 seconds, Stopping threads took: 0.0000650 seconds
295.373: Application time: 0.1788360 seconds
295.373: [GC295.373: [ParNew: 33807K->396K(37568K), 0.0004240 secs] 44454K->11043K(120960K), 0.0004490 secs] [Times: user=0.01 sys=0.00, real=0.00 secs] 
295.373: Total time for which application threads were stopped: 0.0005760 seconds, Stopping threads took: 0.0000640 seconds
295.552: Application time: 0.1790070 seconds
295.553: [GC295.553: [ParNew: 33804K->386K(37568K), 0.0004240 secs] 44451K->11041K(120960K), 0.0004510 secs] [Times: user=0.00 sys=0.00, real=0.00 secs] 
295.553: Total time for which application threads were stopped: 0.0005940 seconds, Stopping threads took: 0.0000760 seconds
295.732: Application time: 0.1788940 seconds
295.732: [GC295.732: [ParNew: 33794K->393K(37568K), 0.0004110 secs] 44449K->11056K(120960K), 0.0004400 secs] [Times: user=0.01 sys=0.00, real=0.00 secs] 
295.733: Total time for which application threads were stopped: 0.0005940 seconds, Stopping threads took: 0.0000760 seconds
295.908: Application time: 0.1754230 seconds
295.908: [GC295.908: [ParNew: 33801K->394K(37568K), 0.0003910 secs] 44464K->11058K(120960K), 0.0004190 secs] [Times: user=0.00 sys=0.00, real=0.00 secs] 
295.908: Total time for which application threads were stopped: 0.0005410 seconds, Stopping threads took: 0.0000550 seconds
296.087: Application time: 0.1783910 seconds
296.087: [GC296.087: [ParNew: 33802K->397K(37568K), 0.0003440 secs] 44466K->11060K(120960K), 0.0003690 secs] [Times: user=0.00 sys=0.00, real=0.00 secs] 
296.087: Total time for which application threads were stopped: 0.0004930 seconds, Stopping threads took: 0.0000620 seconds
296.265: Application time: 0.1778200 seconds
296.265: [GC296.265: [ParNew: 33805K->404K(37568K), 0.0004660 secs] 44468K->11083K(120960K), 0.0004920 secs] [Times: user=0.00 sys=0.00, real=0.00 secs] 
296.266: Total time for which application threads were stopped: 0.0006290 seconds, Stopping threads took: 0.0000630 seconds
296.445: Application time: 0.1788330 seconds
296.445: [GC296.445: [ParNew: 33812K->400K(37568K), 0.0004510 secs] 44491K->11087K(120960K), 0.0004770 secs] [Times: user=0.00 sys=0.00, real=0.00 secs] 
296.445: Total time for which application threads were stopped: 0.0005970 seconds, Stopping threads took: 0.0000560 seconds
296.622: Application time: 0.1770060 seconds
296.622: [GC296.622: [ParNew: 33808K->404K(37568K), 0.0003840 secs] 44495K->11091K(120960K), 0.0004100 secs] [Times: user=0.00 sys=0.00, real=0.00 secs] 
296.623: Total time for which application threads were stopped: 0.0005370 seconds, Stopping threads took: 0.0000630 seconds
296.800: Application time: 0.1772010 seconds
296.800: [GC296.800: [ParNew: 33812K->399K(37568K), 0.0004180 secs] 44499K->11086K(120960K), 0.0004440 secs] [Times: user=0.01 sys=0.00, real=0.00 secs] 
296.801: Total time for which application threads were stopped: 0.0005750 seconds, Stopping threads took: 0.0000540 seconds
296.980: Application time: 0.1793320 seconds
296.980: [GC296.980: [ParNew: 33807K->365K(37568K), 0.0004910 secs] 44494K->11052K(120960K), 0.0005170 secs] [Times: user=0.00 sys=0.00, real=0.00 secs] 
296.981: Total time for which application threads were stopped: 0.0006460 seconds, Stopping threads took: 0.0000630 seconds
297.160: Application time: 0.1789820 seconds
297.160: [GC297.160: [ParNew: 33773K->403K(37568K), 0.0003920 secs] 44460K->11098K(120960K), 0.0004220 secs] [Times: user=0.00 sys=0.00, real=0.00 secs] 
297.160: Total time for which application threads were stopped: 0.0006020 seconds, Stopping threads took: 0.0001120 seconds
297.338: Application time: 0.1781250 seconds
297.338: [GC297.338: [ParNew: 33811K->403K(37568K), 0.0004320 secs] 44506K->11098K(120960K), 0.0004670 secs] [Times: user=0.00 sys=0.00, real=0.00 secs] 
297.339: Total time for which application threads were stopped: 0.0006300 seconds, Stopping threads took: 0.0000880 seconds
297.514: Application time: 0.1755360 seconds
297.515: [GC297.515: [ParNew: 33811K->398K(37568K), 0.0004290 secs] 44506K->11093K(120960K), 0.0004560 secs] [Times: user=0.00 sys=0.00, real=0.00 secs] 
297.515: Total time for which application threads were stopped: 0.0006130 seconds, Stopping threads took: 0.0000900 seconds
297.694: Application time: 0.1794280 seconds
297.695: [GC297.695: [ParNew: 33806K->385K(37568K), 0.0004690 secs] 44501K->11080K(120960K), 0.0004960 secs] [Times: user=0.01 sys=0.00, real=0.00 secs] 
297.695: Total time for which application threads were stopped: 0.0006420 seconds, Stopping threads took: 0.0000800 seconds
297.874: Application time: 0.1784680 seconds
297.874: [GC297.874: [ParNew: 33793K->395K(37568K), 0.0003880 secs] 44488K->11106K(120960K), 0.0004130 secs] [Times: user=0.00 sys=0.00, real=0.00 secs] 
297.874: Total time for which application threads were stopped: 0.0005550 seconds, Stopping threads took: 0.0000680 seconds
298.053: Application time: 0.1788930 seconds
298.053: [GC298.053: [ParNew: 33803K->405K(37568K), 0.0004020 secs] 44514K->11116K(120960K), 0.0004280 secs] [Times: user=0.00 sys=0.00, real=0.00 secs] 
298.054: Total time for which application threads were stopped: 0.0005690 seconds, Stopping threads took: 0.0000740 seconds
298.228: Application time: 0.1739290 seconds
298.228: [GC298.228: [ParNew: 33813K->403K(37568K), 0.0004540 secs] 44524K->11114K(120960K), 0.0004830 secs] [Times: user=0.00 sys=0.00, real=0.00 secs] 
298.228: Total time for which application threads were stopped: 0.0006100 seconds, Stopping threads took: 0.0000620 seconds
298.408: Application time: 0.1795420 seconds
298.408: [GC298.408: [ParNew: 33811K->409K(37568K), 0.0003790 secs] 44522K->11120K(120960K), 0.0004080 secs] [Times: user=0.00 sys=0.00, real=0.00 secs] 
298.408: Total time for which application threads were stopped: 0.0005430 seconds, Stopping threads took: 0.0000550 seconds
298.587: Application time: 0.1784650 seconds
298.587: [GC298.587: [ParNew: 33817K->387K(37568K), 0.0003940 secs] 44528K->11106K(120960K), 0.0004230 secs] [Times: user=0.00 sys=0.00, real=0.00 secs] 
298.587: Total time for which application threads were stopped: 0.0005450 seconds, Stopping threads took: 0.0000530 seconds
298.766: Application time: 0.1791060 seconds
298.767: [GC298.767: [ParNew: 33795K->393K(37568K), 0.0003830 secs] 44514K->11129K(120960K), 0.0004090 secs] [Times: user=0.00 sys=0.00, real=0.00 secs] 
298.767: Total time for which application threads were stopped: 0.0005630 seconds, Stopping threads took: 0.0000870 seconds
298.942: Application time: 0.1751750 seconds
298.946: [GC298.946: [ParNew: 33801K->396K(37568K), 0.0004290 secs] 44537K->11131K(120960K), 0.0004580 secs] [Times: user=0.00 sys=0.00, real=0.00 secs] 
298.946: Total time for which application threads were stopped: 0.0040760 seconds, Stopping threads took: 0.0035440 seconds
299.126: Application time: 0.1798910 seconds
299.126: [GC299.126: [ParNew: 33804K->396K(37568K), 0.0004710 secs] 44539K->11131K(120960K), 0.0004990 secs] [Times: user=0.00 sys=0.00, real=0.01 secs] 
299.127: Total time for which application threads were stopped: 0.0006340 seconds, Stopping threads took: 0.0000720 seconds
299.304: Application time: 0.1774850 seconds
299.304: [GC299.304: [ParNew: 33804K->387K(37568K), 0.0003920 secs] 44539K->11130K(120960K), 0.0004180 secs] [Times: user=0.01 sys=0.00, real=0.00 secs] 
299.305: Total time for which application threads were stopped: 0.0005440 seconds, Stopping threads took: 0.0000590 seconds
299.484: Application time: 0.1790470 seconds
299.484: [GC299.484: [ParNew: 33795K->400K(37568K), 0.0004130 secs] 44538K->11151K(120960K), 0.0004410 secs] [Times: user=0.00 sys=0.00, real=0.00 secs] 
299.484: Total time for which application threads were stopped: 0.0005830 seconds, Stopping threads took: 0.0000680 seconds
299.660: Application time: 0.1755520 seconds
299.660: [GC299.660: [ParNew: 33808K->403K(37568K), 0.0004350 secs] 44559K->11154K(120960K), 0.0004690 secs] [Times: user=0.00 sys=0.00, real=0.00 secs] 
299.661: Total time for which application threads were stopped: 0.0005890 seconds, Stopping threads took: 0.0000580 seconds
299.839: Application time: 0.1787640 seconds
299.839: [GC299.839: [ParNew: 33811K->410K(37568K), 0.0004420 secs] 44562K->11161K(120960K), 0.0004690 secs] [Times: user=0.01 sys=0.00, real=0.00 secs] 
299.840: Total time for which application threads were stopped: 0.0005950 seconds, Stopping threads took: 0.0000620 seconds
300.019: Application time: 0.1786260 seconds
300.019: [GC300.019: [ParNew: 33818K->376K(37568K), 0.0003930 secs] 44569K->11136K(120960K), 0.0004170 secs] [Times: user=0.01 sys=0.00, real=0.00 secs] 
300.019: Total time for which application threads were stopped: 0.0005580 seconds, Stopping threads took: 0.0000660 seconds
300.199: Application time: 0.1796050 seconds
300.199: [GC300.199: [ParNew: 33784K->395K(37568K), 0.0004470 secs] 44544K->11162K(120960K), 0.0004750 secs] [Times: user=0.00 sys=0.00, real=0.00 secs] 
300.199: Total time for which application threads were stopped: 0.0006120 seconds, Stopping threads took: 0.0000680 seconds
300.378: Application time: 0.1789960 seconds
300.378: [GC300.378: [ParNew: 33803K->382K(37568K), 0.0003700 secs] 44570K->11149K(120960K), 0.0003940 secs] [Times: user=0.01 sys=0.00, real=0.00 secs] 
300.379: Total time for which application threads were stopped: 0.0005350 seconds, Stopping threads took: 0.0000770 seconds
300.554: Application time: 0.1747040 seconds
300.554: [GC300.554: [ParNew: 33790K->402K(37568K), 0.0004760 secs] 44557K->11169K(120960K), 0.0005000 secs] [Times: user=0.00 sys=0.00, real=0.00 secs] 
300.554: Total time for which application threads were stopped: 0.0006350 seconds, Stopping threads took: 0.0000620 seconds
300.734: Application time: 0.1795020 seconds
300.734: [GC300.734: [ParNew: 33810K->392K(37568K), 0.0003740 secs] 44577K->11159K(120960K), 0.0004040 secs] [Times: user=0.00 sys=0.00, real=0.00 secs] 
300.734: Total time for which application threads were stopped: 0.0005610 seconds, Stopping threads took: 0.0000870 seconds
300.913: Application time: 0.1791830 seconds
300.914: [GC300.914: [ParNew: 33800K->395K(37568K), 0.0003870 secs] 44567K->11178K(120960K), 0.0004110 secs] [Times: user=0.01 sys=0.00, real=0.00 secs] 
300.914: Total time for which application threads were stopped: 0.0005290 seconds, Stopping threads took: 0.0000550 seconds
301.093: Application time: 0.1791030 seconds
301.093: [GC301.093: [ParNew: 33803K->396K(37568K), 0.0003920 secs] 44586K->11179K(120960K), 0.0004150 secs] [Times: user=0.00 sys=0.00, real=0.00 secs] 
301.094: Total time for which application threads were stopped: 0.0005390 seconds, Stopping threads took: 0.0000510 seconds
301.268: Application time: 0.1743690 seconds
301.268: [GC301.268: [ParNew: 33804K->402K(37568K), 0.0003750 secs] 44587K->11185K(120960K), 0.0004010 secs] [Times: user=0.00 sys=0.00, real=0.00 secs] 
301.269: Total time for which application threads were stopped: 0.0005400 seconds, Stopping threads took: 0.0000750 seconds
301.448: Application time: 0.1790820 seconds
301.448: [GC301.448: [ParNew: 33810K->387K(37568K), 0.0004190 secs] 44593K->11170K(120960K), 0.0004480 secs] [Times: user=0.01 sys=0.00, real=0.00 secs] 
301.448: Total time for which application threads were stopped: 0.0005880 seconds, Stopping threads took: 0.0000720 seconds
301.626: Application time: 0.1777080 seconds
301.626: [GC301.626: [ParNew: 33795K->389K(37568K), 0.0003900 secs] 44578K->11181K(120960K), 0.0004170 secs] [Times: user=0.01 sys=0.00, real=0.01 secs] 
301.626: Total time for which application threads were stopped: 0.0005580 seconds, Stopping threads took: 0.0000630 seconds
301.806: Application time: 0.1791620 seconds
301.806: [GC301.806: [ParNew: 33797K->400K(37568K), 0.0004130 secs] 44589K->11191K(120960K), 0.0004420 secs] [Times: user=0.00 sys=0.00, real=0.00 secs] 
301.806: Total time for which application threads were stopped: 0.0005720 seconds, Stopping threads took: 0.0000520 seconds
301.989: Application time: 0.1825940 seconds
301.989: [GC301.989: [ParNew: 33808K->395K(37568K), 0.0004230 secs] 44599K->11187K(120960K), 0.0004520 secs] [Times: user=0.01 sys=0.00, real=0.00 secs] 
301.989: Total time for which application threads were stopped: 0.0005820 seconds, Stopping threads took: 0.0000590 seconds
302.187: Application time: 0.1977700 seconds
302.187: [GC302.187: [ParNew: 33803K->392K(37568K), 0.0004080 secs] 44595K->11183K(120960K), 0.0004390 secs] [Times: user=0.00 sys=0.00, real=0.00 secs] 
302.188: Total time for which application threads were stopped: 0.0006040 seconds, Stopping threads took: 0.0000850 seconds
302.384: Application time: 0.1962790 seconds
302.384: [GC302.384: [ParNew: 33800K->400K(37568K), 0.0004880 secs] 44591K->11199K(120960K), 0.0005180 secs] [Times: user=0.00 sys=0.00, real=0.00 secs] 
302.385: Total time for which application threads were stopped: 0.0006480 seconds, Stopping threads took: 0.0000610 seconds
302.583: Application time: 0.1980130 seconds
302.583: [GC302.583: [ParNew: 33808K->397K(37568K), 0.0003880 secs] 44607K->11204K(120960K), 0.0004150 secs] [Times: user=0.00 sys=0.00, real=0.00 secs] 
302.583: Total time for which application threads were stopped: 0.0005510 seconds, Stopping threads took: 0.0000680 seconds
302.775: Application time: 0.1920970 seconds
302.775: [GC302.775: [ParNew: 33805K->387K(37568K), 0.0004790 secs] 44612K->11194K(120960K), 0.0005080 secs] [Times: user=0.00 sys=0.00, real=0.00 secs] 
302.776: Total time for which application threads were stopped: 0.0006430 seconds, Stopping threads took: 0.0000570 seconds
302.973: Application time: 0.1968220 seconds
302.974: [GC302.974: [ParNew: 33795K->388K(37568K), 0.0003750 secs] 44602K->11195K(120960K), 0.0003960 secs] [Times: user=0.01 sys=0.00, real=0.00 secs] 
302.975: Total time for which application threads were stopped: 0.0020140 seconds, Stopping threads took: 0.0015530 seconds
303.172: Application time: 0.1970310 seconds
303.172: [GC303.172: [ParNew: 33796K->397K(37568K), 0.0003900 secs] 44603K->11212K(120960K), 0.0004220 secs] [Times: user=0.00 sys=0.00, real=0.00 secs] 
303.172: Total time for which application threads were stopped: 0.0005710 seconds, Stopping threads took: 0.0000790 seconds
303.370: Application time: 0.1973510 seconds
303.370: [GC303.370: [ParNew: 33805K->406K(37568K), 0.0003840 secs] 44620K->11237K(120960K), 0.0004110 secs] [Times: user=0.00 sys=0.00, real=0.00 secs] 
303.370: Total time for which application threads were stopped: 0.0005460 seconds, Stopping threads took: 0.0000600 seconds
303.565: Application time: 0.1942760 seconds
303.565: [GC303.565: [ParNew: 33814K->405K(37568K), 0.0004660 secs] 44645K->11236K(120960K), 0.0004930 secs] [Times: user=0.00 sys=0.00, real=0.00 secs] 
303.565: Total time for which application threads were stopped: 0.0006300 seconds, Stopping threads took: 0.0000700 seconds
303.760: Application time: 0.1950900 seconds
303.760: [GC303.760: [ParNew: 33813K->385K(37568K), 0.0003860 secs] 44644K->11216K(120960K), 0.0004160 secs] [Times: user=0.00 sys=0.00, real=0.00 secs] 
303.761: Total time for which application threads were stopped: 0.0005600 seconds, Stopping threads took: 0.0000750 seconds
303.958: Application time: 0.1968460 seconds
303.958: [GC303.958: [ParNew: 33793K->397K(37568K), 0.0004200 secs] 44624K->11228K(120960K), 0.0004440 secs] [Times: user=0.01 sys=0.00, real=0.00 secs] 
303.958: Total time for which application threads were stopped: 0.0005770 seconds, Stopping threads took: 0.0000580 seconds
304.155: Application time: 0.1968090 seconds
304.155: [GC304.155: [ParNew: 33805K->399K(37568K), 0.0003930 secs] 44636K->11238K(120960K), 0.0004220 secs] [Times: user=0.00 sys=0.00, real=0.00 secs] 
304.156: Total time for which application threads were stopped: 0.0005490 seconds, Stopping threads took: 0.0000560 seconds
304.352: Application time: 0.1966000 seconds
304.352: [GC304.352: [ParNew: 33807K->399K(37568K), 0.0004480 secs] 44646K->11239K(120960K), 0.0004850 secs] [Times: user=0.01 sys=0.00, real=0.00 secs] 
304.353: Total time for which application threads were stopped: 0.0006080 seconds, Stopping threads took: 0.0000530 seconds
304.546: Application time: 0.1931920 seconds
304.546: [GC304.546: [ParNew: 33807K->398K(37568K), 0.0004380 secs] 44647K->11237K(120960K), 0.0004660 secs] [Times: user=0.00 sys=0.00, real=0.01 secs] 
304.547: Total time for which application threads were stopped: 0.0005980 seconds, Stopping threads took: 0.0000560 seconds
304.744: Application time: 0.1973940 seconds
304.744: [GC304.744: [ParNew: 33806K->393K(37568K), 0.0003900 secs] 44645K->11232K(120960K), 0.0004160 secs] [Times: user=0.01 sys=0.00, real=0.00 secs] 
304.745: Total time for which application threads were stopped: 0.0005620 seconds, Stopping threads took: 0.0000800 seconds
304.940: Application time: 0.1957430 seconds
304.940: [GC304.941: [ParNew: 33801K->405K(37568K), 0.0004380 secs] 44640K->11253K(120960K), 0.0004660 secs] [Times: user=0.00 sys=0.00, real=0.00 secs] 
304.941: Total time for which application threads were stopped: 0.0005950 seconds, Stopping threads took: 0.0000580 seconds
305.139: Application time: 0.1978620 seconds
305.139: [GC305.139: [ParNew: 33813K->392K(37568K), 0.0004260 secs] 44661K->11239K(120960K), 0.0004520 secs] [Times: user=0.00 sys=0.00, real=0.00 secs] 
305.139: Total time for which application threads were stopped: 0.0005840 seconds, Stopping threads took: 0.0000570 seconds
305.332: Application time: 0.1922180 seconds
305.332: [GC305.332: [ParNew: 33800K->394K(37568K), 0.0004030 secs] 44647K->11241K(120960K), 0.0004310 secs] [Times: user=0.00 sys=0.00, real=0.00 secs] 
305.332: Total time for which application threads were stopped: 0.0005650 seconds, Stopping threads took: 0.0000680 seconds
305.530: Application time: 0.1975070 seconds
305.530: [GC305.530: [ParNew: 33802K->397K(37568K), 0.0004980 secs] 44649K->11244K(120960K), 0.0005340 secs] [Times: user=0.00 sys=0.00, real=0.00 secs] 
305.530: Total time for which application threads were stopped: 0.0006700 seconds, Stopping threads took: 0.0000660 seconds
305.727: Application time: 0.1962860 seconds
305.727: [GC305.727: [ParNew: 33805K->399K(37568K), 0.0004920 secs] 44652K->11254K(120960K), 0.0005210 secs] [Times: user=0.01 sys=0.00, real=0.00 secs] 
305.727: Total time for which application threads were stopped: 0.0006630 seconds, Stopping threads took: 0.0000630 seconds
305.922: Application time: 0.1949040 seconds
305.922: [GC305.922: [ParNew: 33807K->402K(37568K), 0.0004290 secs] 44662K->11265K(120960K), 0.0004550 secs] [Times: user=0.00 sys=0.00, real=0.00 secs] 
305.923: Total time for which application threads were stopped: 0.0005930 seconds, Stopping threads took: 0.0000720 seconds
306.099: Application time: 0.1756710 seconds
306.099: [GC306.099: [ParNew: 33810K->400K(37568K), 0.0003640 secs] 44673K->11263K(120960K), 0.0003890 secs] [Times: user=0.00 sys=0.00, real=0.00 secs] 
306.099: Total time for which application threads were stopped: 0.0005160 seconds, Stopping threads took: 0.0000680 seconds
306.278: Application time: 0.1789270 seconds
306.278: [GC306.278: [ParNew: 33808K->396K(37568K), 0.0004300 secs] 44671K->11259K(120960K), 0.0004530 secs] [Times: user=0.01 sys=0.00, real=0.00 secs] 
306.279: Total time for which application threads were stopped: 0.0005810 seconds, Stopping threads took: 0.0000560 seconds
306.457: Application time: 0.1788070 seconds
306.458: [GC306.458: [ParNew: 33804K->399K(37568K), 0.0003950 secs] 44667K->11270K(120960K), 0.0004240 secs] [Times: user=0.01 sys=0.00, real=0.00 secs] 
306.458: Total time for which application threads were stopped: 0.0005870 seconds, Stopping threads took: 0.0000960 seconds
306.638: Application time: 0.1795790 seconds
306.638: [GC306.638: [ParNew: 33807K->406K(37568K), 0.0003990 secs] 44678K->11285K(120960K), 0.0004250 secs] [Times: user=0.01 sys=0.00, real=0.00 secs] 
306.638: Total time for which application threads were stopped: 0.0005450 seconds, Stopping threads took: 0.0000550 seconds
306.814: Application time: 0.1756930 seconds
306.814: [GC306.814: [ParNew: 33814K->404K(37568K), 0.0004030 secs] 44693K->11283K(120960K), 0.0004410 secs] [Times: user=0.00 sys=0.00, real=0.01 secs] 
306.814: Total time for which application threads were stopped: 0.0005720 seconds, Stopping threads took: 0.0000560 seconds
306.992: Application time: 0.1772820 seconds
306.992: [GC306.992: [ParNew: 33812K->397K(37568K), 0.0004260 secs] 44691K->11276K(120960K), 0.0004530 secs] [Times: user=0.01 sys=0.00, real=0.00 secs] 
306.992: Total time for which application threads were stopped: 0.0005880 seconds, Stopping threads took: 0.0000660 seconds
307.172: Application time: 0.1794470 seconds
307.172: [GC307.172: [ParNew: 33805K->378K(37568K), 0.0004250 secs] 44684K->11265K(120960K), 0.0004530 secs] [Times: user=0.01 sys=0.00, real=0.00 secs] 
307.172: Total time for which application threads were stopped: 0.0005970 seconds, Stopping threads took: 0.0000770 seconds
307.350: Application time: 0.1781740 seconds
307.351: [GC307.351: [ParNew: 33786K->400K(37568K), 0.0004340 secs] 44673K->11295K(120960K), 0.0004590 secs] [Times: user=0.00 sys=0.00, real=0.00 secs] 
307.351: Total time for which application threads were stopped: 0.0006060 seconds, Stopping threads took: 0.0000700 seconds
307.530: Application time: 0.1787810 seconds
307.530: [GC307.530: [ParNew: 33808K->395K(37568K), 0.0004520 secs] 44703K->11290K(120960K), 0.0004810 secs] [Times: user=0.01 sys=0.00, real=0.00 secs] 
307.530: Total time for which application threads were stopped: 0.0006340 seconds, Stopping threads took: 0.0000860 seconds
307.706: Application time: 0.1759090 seconds
307.706: [GC307.707: [ParNew: 33803K->394K(37568K), 0.0004640 secs] 44698K->11289K(120960K), 0.0004900 secs] [Times: user=0.01 sys=0.00, real=0.00 secs] 
307.707: Total time for which application threads were stopped: 0.0006110 seconds, Stopping threads took: 0.0000590 seconds
307.886: Application time: 0.1792980 seconds
307.886: [GC307.886: [ParNew: 33802K->388K(37568K), 0.0004510 secs] 44697K->11283K(120960K), 0.0004770 secs] [Times: user=0.00 sys=0.00, real=0.00 secs] 
307.887: Total time for which application threads were stopped: 0.0006140 seconds, Stopping threads took: 0.0000590 seconds
308.066: Application time: 0.1786910 seconds
308.066: [GC308.066: [ParNew: 33796K->398K(37568K), 0.0003970 secs] 44691K->11301K(120960K), 0.0004230 secs] [Times: user=0.00 sys=0.00, real=0.00 secs] 
308.066: Total time for which application threads were stopped: 0.0005470 seconds, Stopping threads took: 0.0000600 seconds
308.245: Application time: 0.1792550 seconds
308.246: [GC308.246: [ParNew: 33806K->393K(37568K), 0.0003910 secs] 44709K->11296K(120960K), 0.0004210 secs] [Times: user=0.01 sys=0.00, real=0.00 secs] 
308.246: Total time for which application threads were stopped: 0.0005720 seconds, Stopping threads took: 0.0000810 seconds
308.421: Application time: 0.1750210 seconds
308.421: [GC308.421: [ParNew: 33801K->403K(37568K), 0.0003880 secs] 44704K->11306K(120960K), 0.0004160 secs] [Times: user=0.01 sys=0.00, real=0.00 secs] 
308.422: Total time for which application threads were stopped: 0.0005570 seconds, Stopping threads took: 0.0000660 seconds
308.601: Application time: 0.1789990 seconds
308.601: [GC308.601: [ParNew: 33811K->402K(37568K), 0.0004220 secs] 44714K->11306K(120960K), 0.0004460 secs] [Times: user=0.00 sys=0.00, real=0.00 secs] 
308.601: Total time for which application threads were stopped: 0.0005900 seconds, Stopping threads took: 0.0000810 seconds
308.780: Application time: 0.1789110 seconds
308.780: [GC308.780: [ParNew: 33810K->398K(37568K), 0.0005050 secs] 44714K->11309K(120960K), 0.0005310 secs] [Times: user=0.00 sys=0.00, real=0.00 secs] 
308.781: Total time for which application threads were stopped: 0.0006620 seconds, Stopping threads took: 0.0000670 seconds
308.960: Application time: 0.1792220 seconds
308.960: [GC308.960: [ParNew: 33806K->402K(37568K), 0.0004130 secs] 44717K->11321K(120960K), 0.0004440 secs] [Times: user=0.01 sys=0.00, real=0.00 secs] 
308.961: Total time for which application threads were stopped: 0.0006210 seconds, Stopping threads took: 0.0000910 seconds
309.136: Application time: 0.1751940 seconds
309.136: [GC309.136: [ParNew: 33810K->404K(37568K), 0.0003750 secs] 44729K->11323K(120960K), 0.0004000 secs] [Times: user=0.00 sys=0.00, real=0.00 secs] 
309.136: Total time for which application threads were stopped: 0.0005270 seconds, Stopping threads took: 0.0000630 seconds
309.315: Application time: 0.1789740 seconds
309.315: [GC309.315: [ParNew: 33812K->404K(37568K), 0.0003790 secs] 44731K->11323K(120960K), 0.0004060 secs] [Times: user=0.01 sys=0.00, real=0.00 secs] 
309.316: Total time for which application threads were stopped: 0.0005290 seconds, Stopping threads took: 0.0000540 seconds
309.495: Application time: 0.1789380 seconds
309.495: [GC309.495: [ParNew: 33812K->400K(37568K), 0.0004770 secs] 44731K->11327K(120960K), 0.0005010 secs] [Times: user=0.00 sys=0.00, real=0.00 secs] 
309.495: Total time for which application threads were stopped: 0.0006320 seconds, Stopping threads took: 0.0000540 seconds
309.675: Application time: 0.1793440 seconds
309.675: [GC309.675: [ParNew: 33808K->394K(37568K), 0.0003810 secs] 44735K->11329K(120960K), 0.0004100 secs] [Times: user=0.00 sys=0.00, real=0.00 secs] 
309.675: Total time for which application threads were stopped: 0.0005390 seconds, Stopping threads took: 0.0000620 seconds
309.851: Application time: 0.1758760 seconds
309.851: [GC309.851: [ParNew: 33802K->401K(37568K), 0.0003650 secs] 44737K->11336K(120960K), 0.0003910 secs] [Times: user=0.00 sys=0.00, real=0.00 secs] 
309.852: Total time for which application threads were stopped: 0.0005230 seconds, Stopping threads took: 0.0000640 seconds
310.031: Application time: 0.1790750 seconds
310.031: [GC310.031: [ParNew: 33809K->401K(37568K), 0.0004400 secs] 44744K->11336K(120960K), 0.0004680 secs] [Times: user=0.00 sys=0.00, real=0.00 secs] 
310.031: Total time for which application threads were stopped: 0.0006170 seconds, Stopping threads took: 0.0000710 seconds
310.210: Application time: 0.1785250 seconds
310.210: [GC310.210: [ParNew: 33809K->404K(37568K), 0.0004430 secs] 44744K->11348K(120960K), 0.0004690 secs] [Times: user=0.00 sys=0.00, real=0.00 secs] 
310.210: Total time for which application threads were stopped: 0.0005980 seconds, Stopping threads took: 0.0000650 seconds
310.390: Application time: 0.1794370 seconds
310.390: [GC310.390: [ParNew: 33812K->398K(37568K), 0.0004820 secs] 44756K->11349K(120960K), 0.0005080 secs] [Times: user=0.00 sys=0.00, real=0.00 secs] 
310.391: Total time for which application threads were stopped: 0.0006300 seconds, Stopping threads took: 0.0000560 seconds
310.569: Application time: 0.1783010 seconds
310.569: [GC310.569: [ParNew: 33806K->376K(37568K), 0.0003900 secs] 44757K->11327K(120960K), 0.0004230 secs] [Times: user=0.00 sys=0.00, real=0.00 secs] 
310.569: Total time for which application threads were stopped: 0.0005750 seconds, Stopping threads took: 0.0000750 seconds
310.745: Application time: 0.1760050 seconds
310.746: [GC310.746: [ParNew: 33784K->397K(37568K), 0.0004200 secs] 44735K->11348K(120960K), 0.0004470 secs] [Times: user=0.00 sys=0.00, real=0.00 secs] 
310.746: Total time for which application threads were stopped: 0.0005780 seconds, Stopping threads took: 0.0000650 seconds
310.925: Application time: 0.1792870 seconds
310.925: [GC310.925: [ParNew: 33805K->402K(37568K), 0.0004480 secs] 44756K->11353K(120960K), 0.0004740 secs] [Times: user=0.00 sys=0.00, real=0.00 secs] 
310.926: Total time for which application threads were stopped: 0.0006270 seconds, Stopping threads took: 0.0000860 seconds
311.105: Application time: 0.1788340 seconds
311.105: [GC311.105: [ParNew: 33810K->393K(37568K), 0.0003850 secs] 44761K->11352K(120960K), 0.0004120 secs] [Times: user=0.01 sys=0.00, real=0.00 secs] 
311.105: Total time for which application threads were stopped: 0.0005520 seconds, Stopping threads took: 0.0000660 seconds
311.284: Application time: 0.1788110 seconds
311.284: [GC311.284: [ParNew: 33801K->393K(37568K), 0.0003770 secs] 44760K->11352K(120960K), 0.0004120 secs] [Times: user=0.00 sys=0.00, real=0.00 secs] 
311.285: Total time for which application threads were stopped: 0.0005410 seconds, Stopping threads took: 0.0000640 seconds
311.460: Application time: 0.1749490 seconds
311.460: [GC311.460: [ParNew: 33801K->390K(37568K), 0.0003830 secs] 44760K->11349K(120960K), 0.0004110 secs] [Times: user=0.00 sys=0.00, real=0.00 secs] 
311.460: Total time for which application threads were stopped: 0.0005370 seconds, Stopping threads took: 0.0000590 seconds
311.639: Application time: 0.1791170 seconds
311.639: [GC311.639: [ParNew: 33798K->389K(37568K), 0.0004880 secs] 44757K->11348K(120960K), 0.0005130 secs] [Times: user=0.00 sys=0.00, real=0.00 secs] 
311.640: Total time for which application threads were stopped: 0.0006640 seconds, Stopping threads took: 0.0000760 seconds
311.819: Application time: 0.1789350 seconds
311.819: [GC311.819: [ParNew: 33797K->391K(37568K), 0.0004330 secs] 44756K->11358K(120960K), 0.0004610 secs] [Times: user=0.00 sys=0.00, real=0.00 secs] 
311.820: Total time for which application threads were stopped: 0.0006110 seconds, Stopping threads took: 0.0000810 seconds
311.999: Application time: 0.1791100 seconds
311.999: [GC311.999: [ParNew: 33799K->398K(37568K), 0.0003900 secs] 44766K->11366K(120960K), 0.0004170 secs] [Times: user=0.00 sys=0.00, real=0.00 secs] 
311.999: Total time for which application threads were stopped: 0.0005460 seconds, Stopping threads took: 0.0000620 seconds
312.174: Application time: 0.1752620 seconds
312.175: [GC312.175: [ParNew: 33806K->398K(37568K), 0.0004020 secs] 44774K->11365K(120960K), 0.0004290 secs] [Times: user=0.00 sys=0.00, real=0.00 secs] 
312.175: Total time for which application threads were stopped: 0.0005620 seconds, Stopping threads took: 0.0000580 seconds
312.354: Application time: 0.1789590 seconds
312.354: [GC312.354: [ParNew: 33806K->408K(37568K), 0.0004250 secs] 44773K->11375K(120960K), 0.0004480 secs] [Times: user=0.00 sys=0.00, real=0.01 secs] 
312.355: Total time for which application threads were stopped: 0.0005690 seconds, Stopping threads took: 0.0000590 seconds
312.533: Application time: 0.1789670 seconds
312.534: [GC312.534: [ParNew: 33816K->392K(37568K), 0.0003750 secs] 44783K->11367K(120960K), 0.0004010 secs] [Times: user=0.01 sys=0.00, real=0.00 secs] 
312.534: Total time for which application threads were stopped: 0.0005240 seconds, Stopping threads took: 0.0000570 seconds
312.713: Application time: 0.1785300 seconds
312.713: [GC312.713: [ParNew: 33800K->392K(37568K), 0.0004590 secs] 44775K->11375K(120960K), 0.0004840 secs] [Times: user=0.01 sys=0.00, real=0.00 secs] 
312.713: Total time for which application threads were stopped: 0.0006200 seconds, Stopping threads took: 0.0000620 seconds
312.888: Application time: 0.1748390 seconds
312.888: [GC312.888: [ParNew: 33800K->380K(37568K), 0.0003880 secs] 44783K->11363K(120960K), 0.0004140 secs] [Times: user=0.00 sys=0.00, real=0.00 secs] 
312.889: Total time for which application threads were stopped: 0.0005300 seconds, Stopping threads took: 0.0000510 seconds
313.068: Application time: 0.1789790 seconds
313.068: [GC313.068: [ParNew: 33788K->403K(37568K), 0.0003660 secs] 44771K->11387K(120960K), 0.0003890 secs] [Times: user=0.00 sys=0.00, real=0.00 secs] 
313.068: Total time for which application threads were stopped: 0.0005110 seconds, Stopping threads took: 0.0000600 seconds
313.247: Application time: 0.1788100 seconds
313.247: [GC313.247: [ParNew: 33811K->399K(37568K), 0.0004000 secs] 44795K->11391K(120960K), 0.0004260 secs] [Times: user=0.01 sys=0.00, real=0.00 secs] 
313.247: Total time for which application threads were stopped: 0.0005540 seconds, Stopping threads took: 0.0000520 seconds
313.427: Application time: 0.1793590 seconds
313.427: [GC313.427: [ParNew: 33807K->398K(37568K), 0.0005010 secs] 44799K->11421K(120960K), 0.0005270 secs] [Times: user=0.00 sys=0.00, real=0.00 secs] 
313.427: Total time for which application threads were stopped: 0.0006670 seconds, Stopping threads took: 0.0000700 seconds
313.604: Application time: 0.1765980 seconds
313.604: [GC313.604: [ParNew: 33806K->395K(37568K), 0.0004460 secs] 44829K->11418K(120960K), 0.0004810 secs] [Times: user=0.00 sys=0.00, real=0.00 secs] 
313.605: Total time for which application threads were stopped: 0.0006110 seconds, Stopping threads took: 0.0000660 seconds
313.781: Application time: 0.1767700 seconds
313.782: [GC313.782: [ParNew: 33803K->398K(37568K), 0.0003960 secs] 44826K->11421K(120960K), 0.0004250 secs] [Times: user=0.00 sys=0.00, real=0.00 secs] 
313.782: Total time for which application threads were stopped: 0.0005840 seconds, Stopping threads took: 0.0000770 seconds
313.962: Application time: 0.1795710 seconds
313.962: [GC313.962: [ParNew: 33806K->403K(37568K), 0.0003310 secs] 44829K->11434K(120960K), 0.0003510 secs] [Times: user=0.00 sys=0.00, real=0.00 secs] 
313.962: Total time for which application threads were stopped: 0.0004680 seconds, Stopping threads took: 0.0000570 seconds
314.141: Application time: 0.1791410 seconds
314.141: [GC314.141: [ParNew: 33811K->392K(37568K), 0.0004050 secs] 44842K->11432K(120960K), 0.0004340 secs] [Times: user=0.01 sys=0.00, real=0.00 secs] 
314.142: Total time for which application threads were stopped: 0.0005560 seconds, Stopping threads took: 0.0000560 seconds
314.320: Application time: 0.1783900 seconds
314.320: [GC314.320: [ParNew: 33800K->399K(37568K), 0.0003790 secs] 44840K->11438K(120960K), 0.0004020 secs] [Times: user=0.01 sys=0.00, real=0.00 secs] 
314.321: Total time for which application threads were stopped: 0.0005360 seconds, Stopping threads took: 0.0000610 seconds
314.496: Application time: 0.1750550 seconds
314.496: [GC314.496: [ParNew: 33807K->409K(37568K), 0.0003990 secs] 44846K->11448K(120960K), 0.0004250 secs] [Times: user=0.00 sys=0.00, real=0.00 secs] 
314.496: Total time for which application threads were stopped: 0.0005470 seconds, Stopping threads took: 0.0000590 seconds
314.675: Application time: 0.1788550 seconds
314.675: [GC314.675: [ParNew: 33817K->394K(37568K), 0.0004520 secs] 44856K->11433K(120960K), 0.0004770 secs] [Times: user=0.00 sys=0.00, real=0.00 secs] 
314.676: Total time for which application threads were stopped: 0.0005930 seconds, Stopping threads took: 0.0000520 seconds
314.855: Application time: 0.1789530 seconds
314.855: [GC314.855: [ParNew: 33802K->399K(37568K), 0.0004200 secs] 44841K->11446K(120960K), 0.0004440 secs] [Times: user=0.00 sys=0.00, real=0.00 secs] 
314.855: Total time for which application threads were stopped: 0.0005920 seconds, Stopping threads took: 0.0000710 seconds
315.035: Application time: 0.1796640 seconds
315.035: [GC315.035: [ParNew: 33807K->406K(37568K), 0.0003900 secs] 44854K->11453K(120960K), 0.0004120 secs] [Times: user=0.00 sys=0.00, real=0.00 secs] 
315.035: Total time for which application threads were stopped: 0.0005350 seconds, Stopping threads took: 0.0000610 seconds
315.212: Application time: 0.1760550 seconds
315.212: [GC315.212: [ParNew: 33814K->404K(37568K), 0.0004100 secs] 44861K->11451K(120960K), 0.0004380 secs] [Times: user=0.01 sys=0.00, real=0.00 secs] 
315.212: Total time for which application threads were stopped: 0.0005770 seconds, Stopping threads took: 0.0000730 seconds
315.392: Application time: 0.1796500 seconds
315.392: [GC315.392: [ParNew: 33812K->398K(37568K), 0.0003840 secs] 44859K->11446K(120960K), 0.0004130 secs] [Times: user=0.00 sys=0.00, real=0.00 secs] 
315.392: Total time for which application threads were stopped: 0.0005950 seconds, Stopping threads took: 0.0001040 seconds
315.570: Application time: 0.1776820 seconds
315.570: [GC315.570: [ParNew: 33806K->405K(37568K), 0.0019010 secs] 44854K->11460K(120960K), 0.0019290 secs] [Times: user=0.01 sys=0.00, real=0.00 secs] 
315.572: Total time for which application threads were stopped: 0.0020480 seconds, Stopping threads took: 0.0000550 seconds
315.752: Application time: 0.1795160 seconds
315.752: [GC315.752: [ParNew: 33813K->401K(37568K), 0.0004740 secs] 44868K->11456K(120960K), 0.0005020 secs] [Times: user=0.00 sys=0.00, real=0.00 secs] 
315.752: Total time for which application threads were stopped: 0.0006490 seconds, Stopping threads took: 0.0000720 seconds
315.927: Application time: 0.1749450 seconds
315.927: [GC315.927: [ParNew: 33809K->401K(37568K), 0.0004380 secs] 44864K->11456K(120960K), 0.0004660 secs] [Times: user=0.00 sys=0.00, real=0.00 secs] 
315.928: Total time for which application threads were stopped: 0.0006230 seconds, Stopping threads took: 0.0000780 seconds
316.108: Application time: 0.1802420 seconds
316.108: [GC316.108: [ParNew: 33809K->389K(37568K), 0.0003620 secs] 44864K->11444K(120960K), 0.0003880 secs] [Times: user=0.00 sys=0.00, real=0.00 secs] 
316.109: Total time for which application threads were stopped: 0.0005190 seconds, Stopping threads took: 0.0000670 seconds
316.286: Application time: 0.1777410 seconds
316.286: [GC316.286: [ParNew: 33797K->403K(37568K), 0.0004500 secs] 44852K->11466K(120960K), 0.0004760 secs] [Times: user=0.00 sys=0.00, real=0.00 secs] 
316.287: Total time for which application threads were stopped: 0.0006050 seconds, Stopping threads took: 0.0000630 seconds
316.466: Application time: 0.1793420 seconds
316.466: [GC316.466: [ParNew: 33811K->403K(37568K), 0.0003830 secs] 44874K->11474K(120960K), 0.0004090 secs] [Times: user=0.00 sys=0.00, real=0.00 secs] 
316.467: Total time for which application threads were stopped: 0.0005560 seconds, Stopping threads took: 0.0000630 seconds
316.643: Application time: 0.1762200 seconds
316.643: [GC316.643: [ParNew: 33811K->387K(37568K), 0.0003710 secs] 44882K->11459K(120960K), 0.0004000 secs] [Times: user=0.00 sys=0.00, real=0.00 secs] 
316.644: Total time for which application threads were stopped: 0.0005320 seconds, Stopping threads took: 0.0000660 seconds
316.821: Application time: 0.1772970 seconds
316.821: [GC316.821: [ParNew: 33795K->388K(37568K), 0.0004730 secs] 44867K->11459K(120960K), 0.0005000 secs] [Times: user=0.00 sys=0.00, real=0.00 secs] 
316.822: Total time for which application threads were stopped: 0.0006400 seconds, Stopping threads took: 0.0000700 seconds
317.000: Application time: 0.1781160 seconds
317.000: [GC317.000: [ParNew: 33796K->396K(37568K), 0.0004450 secs] 44867K->11475K(120960K), 0.0004710 secs] [Times: user=0.01 sys=0.00, real=0.00 secs] 
317.000: Total time for which application threads were stopped: 0.0006100 seconds, Stopping threads took: 0.0000630 seconds
317.180: Application time: 0.1795030 seconds
317.180: [GC317.180: [ParNew: 33804K->394K(37568K), 0.0004340 secs] 44883K->11481K(120960K), 0.0004630 secs] [Times: user=0.00 sys=0.00, real=0.00 secs] 
317.180: Total time for which application threads were stopped: 0.0005940 seconds, Stopping threads took: 0.0000620 seconds
317.358: Application time: 0.1777210 seconds
317.358: [GC317.358: [ParNew: 33802K->381K(37568K), 0.0004580 secs] 44889K->11469K(120960K), 0.0004880 secs] [Times: user=0.00 sys=0.00, real=0.00 secs] 
317.359: Total time for which application threads were stopped: 0.0006130 seconds, Stopping threads took: 0.0000590 seconds
317.534: Application time: 0.1754010 seconds
317.534: [GC317.534: [ParNew: 33789K->402K(37568K), 0.0003830 secs] 44877K->11489K(120960K), 0.0004140 secs] [Times: user=0.00 sys=0.00, real=0.01 secs] 
317.535: Total time for which application threads were stopped: 0.0005780 seconds, Stopping threads took: 0.0000840 seconds
317.713: Application time: 0.1787810 seconds
317.714: [GC317.714: [ParNew: 33810K->399K(37568K), 0.0004070 secs] 44897K->11487K(120960K), 0.0004360 secs] [Times: user=0.00 sys=0.00, real=0.00 secs] 
317.714: Total time for which application threads were stopped: 0.0005860 seconds, Stopping threads took: 0.0000830 seconds
317.893: Application time: 0.1790340 seconds
317.894: [GC317.894: [ParNew: 33807K->391K(37568K), 0.0003890 secs] 44895K->11486K(120960K), 0.0004160 secs] [Times: user=0.00 sys=0.00, real=0.00 secs] 
317.895: Total time for which application threads were stopped: 0.0017330 seconds, Stopping threads took: 0.0012480 seconds
318.074: Application time: 0.1791730 seconds
318.074: [GC318.074: [ParNew: 33799K->398K(37568K), 0.0004070 secs] 44894K->11493K(120960K), 0.0004400 secs] [Times: user=0.00 sys=0.00, real=0.01 secs] 
318.075: Total time for which application threads were stopped: 0.0005760 seconds, Stopping threads took: 0.0000590 seconds
318.250: Application time: 0.1753880 seconds
318.250: [GC318.250: [ParNew: 33806K->397K(37568K), 0.0004250 secs] 44901K->11492K(120960K), 0.0004510 secs] [Times: user=0.00 sys=0.00, real=0.00 secs] 
318.251: Total time for which application threads were stopped: 0.0006100 seconds, Stopping threads took: 0.0000960 seconds
318.429: Application time: 0.1788770 seconds
318.430: [GC318.430: [ParNew: 33805K->401K(37568K), 0.0003780 secs] 44900K->11496K(120960K), 0.0004050 secs] [Times: user=0.00 sys=0.00, real=0.00 secs] 
318.430: Total time for which application threads were stopped: 0.0005600 seconds, Stopping threads took: 0.0000900 seconds
318.608: Application time: 0.1780370 seconds
318.608: [GC318.608: [ParNew: 33809K->396K(37568K), 0.0004010 secs] 44904K->11499K(120960K), 0.0004270 secs] [Times: user=0.00 sys=0.00, real=0.00 secs] 
318.609: Total time for which application threads were stopped: 0.0005620 seconds, Stopping threads took: 0.0000610 seconds
318.788: Application time: 0.1789860 seconds
318.788: [GC318.788: [ParNew: 33804K->407K(37568K), 0.0003880 secs] 44907K->11510K(120960K), 0.0004130 secs] [Times: user=0.01 sys=0.00, real=0.00 secs] 
318.788: Total time for which application threads were stopped: 0.0005430 seconds, Stopping threads took: 0.0000670 seconds
318.962: Application time: 0.1743070 seconds
318.963: [GC318.963: [ParNew: 33815K->397K(37568K), 0.0004090 secs] 44918K->11500K(120960K), 0.0004360 secs] [Times: user=0.00 sys=0.00, real=0.00 secs] 
318.963: Total time for which application threads were stopped: 0.0005700 seconds, Stopping threads took: 0.0000670 seconds
319.143: Application time: 0.1795450 seconds
319.143: [GC319.143: [ParNew: 33805K->405K(37568K), 0.0003740 secs] 44908K->11508K(120960K), 0.0004010 secs] [Times: user=0.00 sys=0.00, real=0.00 secs] 
319.143: Total time for which application threads were stopped: 0.0005360 seconds, Stopping threads took: 0.0000580 seconds
319.321: Application time: 0.1781500 seconds
319.321: [GC319.321: [ParNew: 33813K->397K(37568K), 0.0003710 secs] 44916K->11508K(120960K), 0.0003980 secs] [Times: user=0.00 sys=0.00, real=0.00 secs] 
319.322: Total time for which application threads were stopped: 0.0005330 seconds, Stopping threads took: 0.0000690 seconds
319.502: Application time: 0.1798470 seconds
319.502: [GC319.502: [ParNew: 33805K->398K(37568K), 0.0004060 secs] 44916K->11517K(120960K), 0.0004340 secs] [Times: user=0.00 sys=0.00, real=0.00 secs] 
319.502: Total time for which application threads were stopped: 0.0005740 seconds, Stopping threads took: 0.0000710 seconds
319.677: Application time: 0.1751720 seconds
319.678: [GC319.678: [ParNew: 33806K->395K(37568K), 0.0003930 secs] 44925K->11514K(120960K), 0.0004200 secs] [Times: user=0.00 sys=0.00, real=0.00 secs] 
319.678: Total time for which application threads were stopped: 0.0005510 seconds, Stopping threads took: 0.0000550 seconds
319.857: Application time: 0.1790250 seconds
319.857: [GC319.857: [ParNew: 33803K->400K(37568K), 0.0003940 secs] 44922K->11519K(120960K), 0.0004220 secs] [Times: user=0.00 sys=0.00, real=0.00 secs] 
319.858: Total time for which application threads were stopped: 0.0005430 seconds, Stopping threads took: 0.0000530 seconds
320.035: Application time: 0.1777290 seconds
320.035: [GC320.035: [ParNew: 33808K->395K(37568K), 0.0003980 secs] 44927K->11522K(120960K), 0.0004350 secs] [Times: user=0.00 sys=0.00, real=0.00 secs] 
320.036: Total time for which application threads were stopped: 0.0005620 seconds, Stopping threads took: 0.0000630 seconds
320.215: Application time: 0.1793270 seconds
320.215: [GC320.215: [ParNew: 33803K->395K(37568K), 0.0004250 secs] 44930K->11531K(120960K), 0.0004480 secs] [Times: user=0.00 sys=0.00, real=0.00 secs] 
320.216: Total time for which application threads were stopped: 0.0005920 seconds, Stopping threads took: 0.0000680 seconds
320.393: Application time: 0.1773110 seconds
320.393: [GC320.393: [ParNew: 33803K->397K(37568K), 0.0004790 secs] 44939K->11533K(120960K), 0.0005160 secs] [Times: user=0.00 sys=0.00, real=0.00 secs] 
320.394: Total time for which application threads were stopped: 0.0006470 seconds, Stopping threads took: 0.0000640 seconds
320.570: Application time: 0.1762320 seconds
320.570: [GC320.570: [ParNew: 33805K->400K(37568K), 0.0018870 secs] 44941K->11535K(120960K), 0.0019220 secs] [Times: user=0.01 sys=0.00, real=0.00 secs] 
320.572: Total time for which application threads were stopped: 0.0020580 seconds, Stopping threads took: 0.0000690 seconds
320.751: Application time: 0.1789240 seconds
320.751: [GC320.751: [ParNew: 33808K->407K(37568K), 0.0004020 secs] 44943K->11543K(120960K), 0.0004300 secs] [Times: user=0.01 sys=0.00, real=0.00 secs] 
320.752: Total time for which application threads were stopped: 0.0005730 seconds, Stopping threads took: 0.0000670 seconds
320.930: Application time: 0.1789250 seconds
320.931: [GC320.931: [ParNew: 33815K->398K(37568K), 0.0004220 secs] 44951K->11541K(120960K), 0.0004500 secs] [Times: user=0.00 sys=0.00, real=0.00 secs] 
320.931: Total time for which application threads were stopped: 0.0005950 seconds, Stopping threads took: 0.0000780 seconds
321.110: Application time: 0.1789540 seconds
321.110: [GC321.110: [ParNew: 33806K->376K(37568K), 0.0003910 secs] 44949K->11519K(120960K), 0.0004210 secs] [Times: user=0.00 sys=0.00, real=0.00 secs] 
321.111: Total time for which application threads were stopped: 0.0005700 seconds, Stopping threads took: 0.0000820 seconds
321.285: Application time: 0.1743350 seconds
321.285: [GC321.285: [ParNew: 33784K->390K(37568K), 0.0003870 secs] 44927K->11534K(120960K), 0.0004120 secs] [Times: user=0.01 sys=0.00, real=0.00 secs] 
321.285: Total time for which application threads were stopped: 0.0005480 seconds, Stopping threads took: 0.0000600 seconds
321.464: Application time: 0.1783460 seconds
321.464: [GC321.464: [ParNew: 33798K->398K(37568K), 0.0004070 secs] 44942K->11541K(120960K), 0.0004320 secs] [Times: user=0.01 sys=0.00, real=0.00 secs] 
321.464: Total time for which application threads were stopped: 0.0005780 seconds, Stopping threads took: 0.0000830 seconds
321.642: Application time: 0.1781080 seconds
321.643: [GC321.643: [ParNew: 33806K->395K(37568K), 0.0004600 secs] 44949K->11546K(120960K), 0.0004820 secs] [Times: user=0.00 sys=0.00, real=0.00 secs] 
321.643: Total time for which application threads were stopped: 0.0006150 seconds, Stopping threads took: 0.0000630 seconds
321.823: Application time: 0.1798170 seconds
321.823: [GC321.823: [ParNew: 33803K->395K(37568K), 0.0003820 secs] 44954K->11546K(120960K), 0.0004090 secs] [Times: user=0.00 sys=0.00, real=0.00 secs] 
321.823: Total time for which application threads were stopped: 0.0005490 seconds, Stopping threads took: 0.0000610 seconds
322.007: Application time: 0.1831870 seconds
322.007: [GC322.007: [ParNew: 33803K->387K(37568K), 0.0003830 secs] 44954K->11538K(120960K), 0.0004100 secs] [Times: user=0.00 sys=0.00, real=0.00 secs] 
322.007: Total time for which application threads were stopped: 0.0005390 seconds, Stopping threads took: 0.0000610 seconds
322.204: Application time: 0.1969740 seconds
322.204: [GC322.204: [ParNew: 33795K->390K(37568K), 0.0003830 secs] 44946K->11542K(120960K), 0.0004100 secs] [Times: user=0.00 sys=0.00, real=0.00 secs] 
322.205: Total time for which application threads were stopped: 0.0005370 seconds, Stopping threads took: 0.0000590 seconds
322.401: Application time: 0.1963860 seconds
322.401: [GC322.401: [ParNew: 33798K->400K(37568K), 0.0004140 secs] 44950K->11559K(120960K), 0.0004420 secs] [Times: user=0.00 sys=0.00, real=0.00 secs] 
322.402: Total time for which application threads were stopped: 0.0005850 seconds, Stopping threads took: 0.0000690 seconds
322.599: Application time: 0.1971740 seconds
322.599: [GC322.599: [ParNew: 33808K->396K(37568K), 0.0005050 secs] 44967K->11563K(120960K), 0.0005290 secs] [Times: user=0.01 sys=0.00, real=0.00 secs] 
322.600: Total time for which application threads were stopped: 0.0006650 seconds, Stopping threads took: 0.0000600 seconds
322.792: Application time: 0.1929440 seconds
322.793: [GC322.793: [ParNew: 33804K->376K(37568K), 0.0004550 secs] 44971K->11543K(120960K), 0.0004840 secs] [Times: user=0.00 sys=0.00, real=0.00 secs] 
322.793: Total time for which application threads were stopped: 0.0006310 seconds, Stopping threads took: 0.0000790 seconds
322.990: Application time: 0.1969580 seconds
322.990: [GC322.990: [ParNew: 33784K->400K(37568K), 0.0003910 secs] 44951K->11568K(120960K), 0.0004190 secs] [Times: user=0.01 sys=0.00, real=0.00 secs] 
322.991: Total time for which application threads were stopped: 0.0005550 seconds, Stopping threads took: 0.0000610 seconds
323.188: Application time: 0.1973240 seconds
323.188: [GC323.188: [ParNew: 33808K->391K(37568K), 0.0005000 secs] 44976K->11566K(120960K), 0.0005270 secs] [Times: user=0.00 sys=0.00, real=0.00 secs] 
323.189: Total time for which application threads were stopped: 0.0006520 seconds, Stopping threads took: 0.0000560 seconds
323.387: Application time: 0.1981460 seconds
323.387: [GC323.387: [ParNew: 33799K->397K(37568K), 0.0003960 secs] 44974K->11580K(120960K), 0.0004220 secs] [Times: user=0.00 sys=0.00, real=0.00 secs] 
323.387: Total time for which application threads were stopped: 0.0005580 seconds, Stopping threads took: 0.0000710 seconds
323.581: Application time: 0.1939080 seconds
323.581: [GC323.581: [ParNew: 33805K->395K(37568K), 0.0004100 secs] 44988K->11578K(120960K), 0.0004360 secs] [Times: user=0.00 sys=0.00, real=0.00 secs] 
323.582: Total time for which application threads were stopped: 0.0005800 seconds, Stopping threads took: 0.0000690 seconds
323.777: Application time: 0.1949630 seconds
323.777: [GC323.777: [ParNew: 33803K->395K(37568K), 0.0004440 secs] 44986K->11579K(120960K), 0.0004720 secs] [Times: user=0.00 sys=0.00, real=0.00 secs] 
323.777: Total time for which application threads were stopped: 0.0005990 seconds, Stopping threads took: 0.0000610 seconds
323.974: Application time: 0.1967360 seconds
323.974: [GC323.974: [ParNew: 33803K->398K(37568K), 0.0003930 secs] 44987K->11581K(120960K), 0.0004230 secs] [Times: user=0.00 sys=0.00, real=0.01 secs] 
323.975: Total time for which application threads were stopped: 0.0005490 seconds, Stopping threads took: 0.0000590 seconds
324.171: Application time: 0.1962940 seconds
324.171: [GC324.171: [ParNew: 33806K->392K(37568K), 0.0003960 secs] 44989K->11583K(120960K), 0.0004270 secs] [Times: user=0.00 sys=0.00, real=0.00 secs] 
324.172: Total time for which application threads were stopped: 0.0005700 seconds, Stopping threads took: 0.0000650 seconds
324.367: Application time: 0.1958510 seconds
324.368: [GC324.368: [ParNew: 33800K->392K(37568K), 0.0004800 secs] 44991K->11583K(120960K), 0.0005050 secs] [Times: user=0.00 sys=0.00, real=0.00 secs] 
324.368: Total time for which application threads were stopped: 0.0006590 seconds, Stopping threads took: 0.0000890 seconds
324.562: Application time: 0.1936110 seconds
324.562: [GC324.562: [ParNew: 33800K->408K(37568K), 0.0004580 secs] 44991K->11599K(120960K), 0.0004880 secs] [Times: user=0.00 sys=0.00, real=0.00 secs] 
324.562: Total time for which application threads were stopped: 0.0006440 seconds, Stopping threads took: 0.0000790 seconds
324.759: Application time: 0.1970350 seconds
324.759: [GC324.759: [ParNew: 33816K->401K(37568K), 0.0004120 secs] 45007K->11592K(120960K), 0.0004380 secs] [Times: user=0.01 sys=0.00, real=0.00 secs] 
324.760: Total time for which application threads were stopped: 0.0005790 seconds, Stopping threads took: 0.0000670 seconds
324.955: Application time: 0.1953700 seconds
324.955: [GC324.955: [ParNew: 33809K->389K(37568K), 0.0004300 secs] 45000K->11588K(120960K), 0.0004560 secs] [Times: user=0.00 sys=0.00, real=0.00 secs] 
324.956: Total time for which application threads were stopped: 0.0006020 seconds, Stopping threads took: 0.0000790 seconds
325.153: Application time: 0.1972350 seconds
325.153: [GC325.153: [ParNew: 33797K->393K(37568K), 0.0003950 secs] 44996K->11592K(120960K), 0.0004240 secs] [Times: user=0.00 sys=0.00, real=0.00 secs] 
325.154: Total time for which application threads were stopped: 0.0005740 seconds, Stopping threads took: 0.0000800 seconds
325.346: Application time: 0.1919490 seconds
325.346: [GC325.346: [ParNew: 33801K->402K(37568K), 0.0004170 secs] 45000K->11601K(120960K), 0.0004460 secs] [Times: user=0.01 sys=0.00, real=0.00 secs] 
325.346: Total time for which application threads were stopped: 0.0005990 seconds, Stopping threads took: 0.0000700 seconds
325.543: Application time: 0.1970220 seconds
325.543: [GC325.543: [ParNew: 33810K->408K(37568K), 0.0004490 secs] 45009K->11607K(120960K), 0.0004780 secs] [Times: user=0.01 sys=0.00, real=0.00 secs] 
325.544: Total time for which application threads were stopped: 0.0006070 seconds, Stopping threads took: 0.0000570 seconds
325.741: Application time: 0.1966330 seconds
325.741: [GC325.741: [ParNew: 33816K->394K(37568K), 0.0005220 secs] 45015K->11601K(120960K), 0.0005610 secs] [Times: user=0.00 sys=0.00, real=0.00 secs] 
325.741: Total time for which application threads were stopped: 0.0007110 seconds, Stopping threads took: 0.0000790 seconds
325.936: Application time: 0.1952680 seconds
325.937: [GC325.937: [ParNew: 33802K->401K(37568K), 0.0003930 secs] 45009K->11608K(120960K), 0.0004160 secs] [Times: user=0.00 sys=0.00, real=0.00 secs] 
325.937: Total time for which application threads were stopped: 0.0005430 seconds, Stopping threads took: 0.0000570 seconds
326.112: Application time: 0.1751580 seconds
326.112: [GC326.112: [ParNew: 33809K->402K(37568K), 0.0004160 secs] 45016K->11609K(120960K), 0.0004440 secs] [Times: user=0.00 sys=0.00, real=0.00 secs] 
326.113: Total time for which application threads were stopped: 0.0005740 seconds, Stopping threads took: 0.0000640 seconds
326.292: Application time: 0.1793690 seconds
326.292: [GC326.292: [ParNew: 33810K->400K(37568K), 0.0004180 secs] 45017K->11607K(120960K), 0.0004440 secs] [Times: user=0.01 sys=0.00, real=0.00 secs] 
326.293: Total time for which application threads were stopped: 0.0005700 seconds, Stopping threads took: 0.0000610 seconds
326.471: Application time: 0.1785980 seconds
326.471: [GC326.471: [ParNew: 33808K->384K(37568K), 0.0004150 secs] 45015K->11600K(120960K), 0.0004450 secs] [Times: user=0.01 sys=0.00, real=0.00 secs] 
326.472: Total time for which application threads were stopped: 0.0006160 seconds, Stopping threads took: 0.0000880 seconds
326.651: Application time: 0.1790220 seconds
326.651: [GC326.651: [ParNew: 33792K->402K(37568K), 0.0004750 secs] 45008K->11626K(120960K), 0.0004990 secs] [Times: user=0.00 sys=0.00, real=0.00 secs] 
326.652: Total time for which application threads were stopped: 0.0006650 seconds, Stopping threads took: 0.0001020 seconds
326.828: Application time: 0.1766870 seconds
326.828: [GC326.828: [ParNew: 33810K->396K(37568K), 0.0003920 secs] 45034K->11619K(120960K), 0.0004180 secs] [Times: user=0.00 sys=0.00, real=0.00 secs] 
326.829: Total time for which application threads were stopped: 0.0005620 seconds, Stopping threads took: 0.0000790 seconds
327.006: Application time: 0.1766780 seconds
327.006: [GC327.006: [ParNew: 33804K->401K(37568K), 0.0003740 secs] 45027K->11624K(120960K), 0.0003980 secs] [Times: user=0.01 sys=0.00, real=0.00 secs] 
327.006: Total time for which application threads were stopped: 0.0005410 seconds, Stopping threads took: 0.0000680 seconds
327.185: Application time: 0.1792200 seconds
327.185: [GC327.185: [ParNew: 33809K->403K(37568K), 0.0003750 secs] 45032K->11635K(120960K), 0.0004030 secs] [Times: user=0.01 sys=0.00, real=0.00 secs] 
327.186: Total time for which application threads were stopped: 0.0005300 seconds, Stopping threads took: 0.0000620 seconds
327.365: Application time: 0.1792860 seconds
327.365: [GC327.365: [ParNew: 33811K->399K(37568K), 0.0004100 secs] 45043K->11638K(120960K), 0.0004340 secs] [Times: user=0.00 sys=0.00, real=0.00 secs] 
327.366: Total time for which application threads were stopped: 0.0005610 seconds, Stopping threads took: 0.0000620 seconds
327.543: Application time: 0.1773250 seconds
327.543: [GC327.543: [ParNew: 33807K->390K(37568K), 0.0003730 secs] 45046K->11629K(120960K), 0.0004080 secs] [Times: user=0.00 sys=0.00, real=0.00 secs] 
327.544: Total time for which application threads were stopped: 0.0005380 seconds, Stopping threads took: 0.0000570 seconds
327.720: Application time: 0.1760500 seconds
327.720: [GC327.720: [ParNew: 33798K->398K(37568K), 0.0003830 secs] 45037K->11637K(120960K), 0.0004140 secs] [Times: user=0.01 sys=0.00, real=0.00 secs] 
327.720: Total time for which application threads were stopped: 0.0005500 seconds, Stopping threads took: 0.0000670 seconds
327.899: Application time: 0.1785590 seconds
327.899: [GC327.899: [ParNew: 33806K->404K(37568K), 0.0004470 secs] 45045K->11643K(120960K), 0.0004720 secs] [Times: user=0.01 sys=0.00, real=0.00 secs] 
327.899: Total time for which application threads were stopped: 0.0005980 seconds, Stopping threads took: 0.0000620 seconds
328.079: Application time: 0.1793230 seconds
328.079: [GC328.079: [ParNew: 33812K->398K(37568K), 0.0003810 secs] 45051K->11646K(120960K), 0.0004080 secs] [Times: user=0.00 sys=0.00, real=0.00 secs] 
328.079: Total time for which application threads were stopped: 0.0005560 seconds, Stopping threads took: 0.0000730 seconds
328.258: Application time: 0.1792210 seconds
328.259: [GC328.259: [ParNew: 33806K->395K(37568K), 0.0004030 secs] 45054K->11642K(120960K), 0.0004320 secs] [Times: user=0.00 sys=0.00, real=0.00 secs] 
328.259: Total time for which application threads were stopped: 0.0005630 seconds, Stopping threads took: 0.0000630 seconds
328.434: Application time: 0.1746790 seconds
328.434: [GC328.434: [ParNew: 33803K->398K(37568K), 0.0003990 secs] 45050K->11645K(120960K), 0.0004250 secs] [Times: user=0.00 sys=0.00, real=0.00 secs] 
328.434: Total time for which application threads were stopped: 0.0005590 seconds, Stopping threads took: 0.0000690 seconds
328.614: Application time: 0.1796530 seconds
328.614: [GC328.614: [ParNew: 33806K->400K(37568K), 0.0004000 secs] 45053K->11648K(120960K), 0.0004240 secs] [Times: user=0.00 sys=0.00, real=0.01 secs] 
328.614: Total time for which application threads were stopped: 0.0005540 seconds, Stopping threads took: 0.0000540 seconds
328.792: Application time: 0.1776730 seconds
328.792: [GC328.792: [ParNew: 33808K->393K(37568K), 0.0003960 secs] 45056K->11648K(120960K), 0.0004240 secs] [Times: user=0.00 sys=0.00, real=0.00 secs] 
328.793: Total time for which application threads were stopped: 0.0005580 seconds, Stopping threads took: 0.0000680 seconds
328.972: Application time: 0.1789970 seconds
328.972: [GC328.972: [ParNew: 33801K->395K(37568K), 0.0004700 secs] 45056K->11650K(120960K), 0.0004970 secs] [Times: user=0.00 sys=0.00, real=0.00 secs] 
328.972: Total time for which application threads were stopped: 0.0006200 seconds, Stopping threads took: 0.0000550 seconds
329.147: Application time: 0.1748070 seconds
329.147: [GC329.147: [ParNew: 33803K->396K(37568K), 0.0003880 secs] 45058K->11652K(120960K), 0.0004130 secs] [Times: user=0.00 sys=0.00, real=0.00 secs] 
329.148: Total time for which application threads were stopped: 0.0005570 seconds, Stopping threads took: 0.0000700 seconds
329.326: Application time: 0.1781760 seconds
329.326: [GC329.326: [ParNew: 33804K->392K(37568K), 0.0004570 secs] 45060K->11648K(120960K), 0.0004830 secs] [Times: user=0.01 sys=0.00, real=0.01 secs] 
329.326: Total time for which application threads were stopped: 0.0006150 seconds, Stopping threads took: 0.0000670 seconds
329.505: Application time: 0.1787270 seconds
329.505: [GC329.505: [ParNew: 33800K->397K(37568K), 0.0003990 secs] 45056K->11660K(120960K), 0.0004280 secs] [Times: user=0.01 sys=0.00, real=0.00 secs] 
329.506: Total time for which application threads were stopped: 0.0005690 seconds, Stopping threads took: 0.0000740 seconds
329.685: Application time: 0.1788620 seconds
329.685: [GC329.685: [ParNew: 33805K->402K(37568K), 0.0004480 secs] 45068K->11674K(120960K), 0.0004740 secs] [Times: user=0.00 sys=0.00, real=0.00 secs] 
329.685: Total time for which application threads were stopped: 0.0006170 seconds, Stopping threads took: 0.0000610 seconds
329.860: Application time: 0.1752400 seconds
329.861: [GC329.861: [ParNew: 33810K->395K(37568K), 0.0003580 secs] 45082K->11666K(120960K), 0.0003840 secs] [Times: user=0.00 sys=0.00, real=0.00 secs] 
329.861: Total time for which application threads were stopped: 0.0004970 seconds, Stopping threads took: 0.0000480 seconds
330.050: Application time: 0.1886780 seconds
330.050: [GC330.050: [ParNew: 33803K->402K(37568K), 0.0004390 secs] 45074K->11673K(120960K), 0.0004680 secs] [Times: user=0.00 sys=0.00, real=0.00 secs] 
330.050: Total time for which application threads were stopped: 0.0006040 seconds, Stopping threads took: 0.0000650 seconds
330.247: Application time: 0.1968930 seconds
330.247: [GC330.247: [ParNew: 33810K->394K(37568K), 0.0004180 secs] 45081K->11673K(120960K), 0.0004450 secs] [Times: user=0.00 sys=0.00, real=0.00 secs] 
330.248: Total time for which application threads were stopped: 0.0005810 seconds, Stopping threads took: 0.0000610 seconds
330.445: Application time: 0.1970600 seconds
330.445: [GC330.445: [ParNew: 33802K->394K(37568K), 0.0005040 secs] 45081K->11681K(120960K), 0.0005290 secs] [Times: user=0.00 sys=0.00, real=0.00 secs] 
330.445: Total time for which application threads were stopped: 0.0006640 seconds, Stopping threads took: 0.0000700 seconds
330.641: Application time: 0.1952430 seconds
330.641: [GC330.641: [ParNew: 33802K->398K(37568K), 0.0004470 secs] 45089K->11685K(120960K), 0.0004720 secs] [Times: user=0.01 sys=0.00, real=0.00 secs] 
330.641: Total time for which application threads were stopped: 0.0005950 seconds, Stopping threads took: 0.0000560 seconds
330.835: Application time: 0.1938920 seconds
330.835: [GC330.835: [ParNew: 33806K->391K(37568K), 0.0004200 secs] 45093K->11679K(120960K), 0.0004530 secs] [Times: user=0.01 sys=0.00, real=0.00 secs] 
330.836: Total time for which application threads were stopped: 0.0005950 seconds, Stopping threads took: 0.0000600 seconds
331.033: Application time: 0.1968660 seconds
331.033: [GC331.033: [ParNew: 33799K->390K(37568K), 0.0003910 secs] 45087K->11677K(120960K), 0.0004200 secs] [Times: user=0.00 sys=0.00, real=0.00 secs] 
331.033: Total time for which application threads were stopped: 0.0005510 seconds, Stopping threads took: 0.0000610 seconds
331.230: Application time: 0.1966880 seconds
331.230: [GC331.230: [ParNew: 33798K->401K(37568K), 0.0004460 secs] 45085K->11697K(120960K), 0.0004720 secs] [Times: user=0.01 sys=0.00, real=0.00 secs] 
331.231: Total time for which application threads were stopped: 0.0006030 seconds, Stopping threads took: 0.0000650 seconds
331.426: Application time: 0.1951560 seconds
331.426: [GC331.426: [ParNew: 33809K->384K(37568K), 0.0004360 secs] 45105K->11679K(120960K), 0.0004640 secs] [Times: user=0.00 sys=0.00, real=0.00 secs] 
331.426: Total time for which application threads were stopped: 0.0006040 seconds, Stopping threads took: 0.0000570 seconds
331.620: Application time: 0.1932460 seconds
331.620: [GC331.620: [ParNew: 33792K->400K(37568K), 0.0004220 secs] 45087K->11695K(120960K), 0.0004500 secs] [Times: user=0.00 sys=0.00, real=0.00 secs] 
331.620: Total time for which application threads were stopped: 0.0005840 seconds, Stopping threads took: 0.0000670 seconds
331.817: Application time: 0.1968900 seconds
331.818: [GC331.818: [ParNew: 33808K->390K(37568K), 0.0004080 secs] 45103K->11685K(120960K), 0.0004410 secs] [Times: user=0.00 sys=0.00, real=0.00 secs] 
331.819: Total time for which application threads were stopped: 0.0018280 seconds, Stopping threads took: 0.0013170 seconds
332.015: Application time: 0.1959690 seconds
332.015: [GC332.015: [ParNew: 33798K->397K(37568K), 0.0004400 secs] 45093K->11700K(120960K), 0.0004700 secs] [Times: user=0.00 sys=0.00, real=0.00 secs] 
332.015: Total time for which application threads were stopped: 0.0006110 seconds, Stopping threads took: 0.0000610 seconds
332.212: Application time: 0.1967410 seconds
332.212: [GC332.212: [ParNew: 33805K->398K(37568K), 0.0003880 secs] 45108K->11701K(120960K), 0.0004240 secs] [Times: user=0.00 sys=0.00, real=0.00 secs] 
332.213: Total time for which application threads were stopped: 0.0005590 seconds, Stopping threads took: 0.0000670 seconds
332.405: Application time: 0.1923490 seconds
332.405: [GC332.405: [ParNew: 33806K->402K(37568K), 0.0004220 secs] 45109K->11706K(120960K), 0.0004520 secs] [Times: user=0.01 sys=0.00, real=0.00 secs] 
332.406: Total time for which application threads were stopped: 0.0005850 seconds, Stopping threads took: 0.0000650 seconds
332.602: Application time: 0.1968280 seconds
332.603: [GC332.603: [ParNew: 33810K->390K(37568K), 0.0003920 secs] 45114K->11693K(120960K), 0.0004210 secs] [Times: user=0.00 sys=0.00, real=0.00 secs] 
332.603: Total time for which application threads were stopped: 0.0005850 seconds, Stopping threads took: 0.0000830 seconds
332.799: Application time: 0.1963790 seconds
332.800: [GC332.800: [ParNew: 33798K->396K(37568K), 0.0004100 secs] 45101K->11707K(120960K), 0.0004360 secs] [Times: user=0.00 sys=0.00, real=0.00 secs] 
332.800: Total time for which application threads were stopped: 0.0005680 seconds, Stopping threads took: 0.0000670 seconds
332.997: Application time: 0.1968810 seconds
332.997: [GC332.997: [ParNew: 33804K->402K(37568K), 0.0004130 secs] 45115K->11721K(120960K), 0.0004390 secs] [Times: user=0.01 sys=0.00, real=0.00 secs] 
332.997: Total time for which application threads were stopped: 0.0005740 seconds, Stopping threads took: 0.0000690 seconds
333.190: Application time: 0.1924730 seconds
333.190: [GC333.190: [ParNew: 33810K->395K(37568K), 0.0004340 secs] 45129K->11714K(120960K), 0.0004600 secs] [Times: user=0.00 sys=0.00, real=0.00 secs] 
333.191: Total time for which application threads were stopped: 0.0006230 seconds, Stopping threads took: 0.0000820 seconds
333.388: Application time: 0.1973180 seconds
333.390: [GC333.390: [ParNew: 33803K->400K(37568K), 0.0004510 secs] 45122K->11720K(120960K), 0.0004790 secs] [Times: user=0.00 sys=0.00, real=0.00 secs] 
333.391: Total time for which application threads were stopped: 0.0029830 seconds, Stopping threads took: 0.0024350 seconds
333.587: Application time: 0.1964080 seconds
333.587: [GC333.587: [ParNew: 33808K->394K(37568K), 0.0004790 secs] 45128K->11721K(120960K), 0.0005080 secs] [Times: user=0.00 sys=0.00, real=0.00 secs] 
333.588: Total time for which application threads were stopped: 0.0006720 seconds, Stopping threads took: 0.0000930 seconds
333.785: Application time: 0.1970780 seconds
333.785: [GC333.785: [ParNew: 33802K->398K(37568K), 0.0004350 secs] 45129K->11733K(120960K), 0.0004640 secs] [Times: user=0.00 sys=0.00, real=0.00 secs] 
333.786: Total time for which application threads were stopped: 0.0006010 seconds, Stopping threads took: 0.0000580 seconds
333.976: Application time: 0.1900890 seconds
333.976: [GC333.976: [ParNew: 33806K->347K(37568K), 0.0003990 secs] 45141K->11682K(120960K), 0.0004240 secs] [Times: user=0.01 sys=0.00, real=0.00 secs] 
333.976: Total time for which application threads were stopped: 0.0005670 seconds, Stopping threads took: 0.0000780 seconds
334.153: Application time: 0.1764690 seconds
334.153: [GC334.153: [ParNew: 33755K->398K(37568K), 0.0003950 secs] 45090K->11733K(120960K), 0.0004220 secs] [Times: user=0.01 sys=0.00, real=0.00 secs] 
334.153: Total time for which application threads were stopped: 0.0005560 seconds, Stopping threads took: 0.0000660 seconds
334.332: Application time: 0.1790500 seconds
334.333: [GC334.333: [ParNew: 33806K->399K(37568K), 0.0004200 secs] 45141K->11742K(120960K), 0.0004470 secs] [Times: user=0.00 sys=0.00, real=0.00 secs] 
334.333: Total time for which application threads were stopped: 0.0006180 seconds, Stopping threads took: 0.0000920 seconds
334.512: Application time: 0.1789800 seconds
334.512: [GC334.512: [ParNew: 33807K->403K(37568K), 0.0004220 secs] 45150K->11754K(120960K), 0.0004510 secs] [Times: user=0.01 sys=0.00, real=0.00 secs] 
334.513: Total time for which application threads were stopped: 0.0005980 seconds, Stopping threads took: 0.0000800 seconds
334.692: Application time: 0.1795490 seconds
334.692: [GC334.692: [ParNew: 33811K->390K(37568K), 0.0004480 secs] 45162K->11741K(120960K), 0.0004770 secs] [Times: user=0.00 sys=0.00, real=0.00 secs] 
334.693: Total time for which application threads were stopped: 0.0005970 seconds, Stopping threads took: 0.0000590 seconds
334.868: Application time: 0.1747730 seconds
334.868: [GC334.868: [ParNew: 33798K->394K(37568K), 0.0004650 secs] 45149K->11745K(120960K), 0.0004940 secs] [Times: user=0.00 sys=0.00, real=0.00 secs] 
334.868: Total time for which application threads were stopped: 0.0006300 seconds, Stopping threads took: 0.0000580 seconds
335.048: Application time: 0.1796920 seconds
335.048: [GC335.048: [ParNew: 33802K->394K(37568K), 0.0004790 secs] 45153K->11745K(120960K), 0.0005060 secs] [Times: user=0.00 sys=0.00, real=0.00 secs] 
335.048: Total time for which application threads were stopped: 0.0006340 seconds, Stopping threads took: 0.0000610 seconds
335.227: Application time: 0.1785330 seconds
335.227: [GC335.227: [ParNew: 33802K->395K(37568K), 0.0004590 secs] 45153K->11754K(120960K), 0.0004860 secs] [Times: user=0.00 sys=0.00, real=0.00 secs] 
335.228: Total time for which application threads were stopped: 0.0006130 seconds, Stopping threads took: 0.0000640 seconds
335.407: Application time: 0.1793520 seconds
335.407: [GC335.407: [ParNew: 33803K->398K(37568K), 0.0004020 secs] 45162K->11757K(120960K), 0.0004300 secs] [Times: user=0.00 sys=0.00, real=0.00 secs] 
335.408: Total time for which application threads were stopped: 0.0005920 seconds, Stopping threads took: 0.0000850 seconds
335.582: Application time: 0.1743570 seconds
335.582: [GC335.582: [ParNew: 33806K->398K(37568K), 0.0004250 secs] 45165K->11757K(120960K), 0.0004520 secs] [Times: user=0.00 sys=0.00, real=0.00 secs] 
335.583: Total time for which application threads were stopped: 0.0006010 seconds, Stopping threads took: 0.0000840 seconds
335.762: Application time: 0.1790640 seconds
335.762: [GC335.762: [ParNew: 33806K->393K(37568K), 0.0004220 secs] 45165K->11752K(120960K), 0.0004460 secs] [Times: user=0.00 sys=0.00, real=0.00 secs] 
335.762: Total time for which application threads were stopped: 0.0005660 seconds, Stopping threads took: 0.0000590 seconds
335.940: Application time: 0.1776930 seconds
335.940: [GC335.940: [ParNew: 33801K->399K(37568K), 0.0004360 secs] 45160K->11766K(120960K), 0.0015710 secs] [Times: user=0.01 sys=0.00, real=0.00 secs] 
335.942: Total time for which application threads were stopped: 0.0017060 seconds, Stopping threads took: 0.0000540 seconds
336.120: Application time: 0.1785840 seconds
336.120: [GC336.120: [ParNew: 33807K->397K(37568K), 0.0004740 secs] 45174K->11764K(120960K), 0.0005010 secs] [Times: user=0.01 sys=0.00, real=0.00 secs] 
336.121: Total time for which application threads were stopped: 0.0006510 seconds, Stopping threads took: 0.0000870 seconds
336.295: Application time: 0.1745010 seconds
336.295: [GC336.296: [ParNew: 33805K->403K(37568K), 0.0005840 secs] 45172K->11770K(120960K), 0.0006040 secs] [Times: user=0.00 sys=0.00, real=0.00 secs] 
336.296: Total time for which application threads were stopped: 0.0007950 seconds, Stopping threads took: 0.0001040 seconds
336.475: Application time: 0.1792480 seconds
336.475: [GC336.476: [ParNew: 33811K->404K(37568K), 0.0005300 secs] 45178K->11771K(120960K), 0.0005570 secs] [Times: user=0.01 sys=0.00, real=0.00 secs] 
336.476: Total time for which application threads were stopped: 0.0006980 seconds, Stopping threads took: 0.0000640 seconds
336.655: Application time: 0.1784360 seconds
336.655: [GC336.655: [ParNew: 33812K->400K(37568K), 0.0004290 secs] 45179K->11775K(120960K), 0.0004580 secs] [Times: user=0.00 sys=0.00, real=0.00 secs] 
336.655: Total time for which application threads were stopped: 0.0005890 seconds, Stopping threads took: 0.0000640 seconds
336.834: Application time: 0.1792580 seconds
336.834: [GC336.834: [ParNew: 33808K->404K(37568K), 0.0003850 secs] 45183K->11787K(120960K), 0.0004140 secs] [Times: user=0.00 sys=0.00, real=0.00 secs] 
336.835: Total time for which application threads were stopped: 0.0005480 seconds, Stopping threads took: 0.0000550 seconds
337.011: Application time: 0.1765250 seconds
337.012: [GC337.012: [ParNew: 33812K->394K(37568K), 0.0004150 secs] 45195K->11777K(120960K), 0.0004420 secs] [Times: user=0.00 sys=0.00, real=0.00 secs] 
337.012: Total time for which application threads were stopped: 0.0005980 seconds, Stopping threads took: 0.0000810 seconds
337.188: Application time: 0.1763300 seconds
337.188: [GC337.188: [ParNew: 33802K->395K(37568K), 0.0004370 secs] 45185K->11778K(120960K), 0.0004610 secs] [Times: user=0.00 sys=0.00, real=0.00 secs] 
337.189: Total time for which application threads were stopped: 0.0005810 seconds, Stopping threads took: 0.0000570 seconds
337.367: Application time: 0.1783790 seconds
337.367: [GC337.367: [ParNew: 33803K->400K(37568K), 0.0004010 secs] 45186K->11791K(120960K), 0.0004300 secs] [Times: user=0.00 sys=0.00, real=0.00 secs] 
337.368: Total time for which application threads were stopped: 0.0005650 seconds, Stopping threads took: 0.0000670 seconds
337.547: Application time: 0.1790030 seconds
337.550: [GC337.550: [ParNew: 33808K->393K(37568K), 0.0005150 secs] 45199K->11792K(120960K), 0.0005420 secs] [Times: user=0.00 sys=0.00, real=0.00 secs] 
337.551: Total time for which application threads were stopped: 0.0040880 seconds, Stopping threads took: 0.0034720 seconds
337.729: Application time: 0.1776150 seconds
337.729: [GC337.729: [ParNew: 33801K->396K(37568K), 0.0004460 secs] 45200K->11795K(120960K), 0.0004700 secs] [Times: user=0.00 sys=0.00, real=0.00 secs] 
337.729: Total time for which application threads were stopped: 0.0005960 seconds, Stopping threads took: 0.0000640 seconds
337.905: Application time: 0.1755600 seconds
337.905: [GC337.905: [ParNew: 33804K->394K(37568K), 0.0004320 secs] 45203K->11793K(120960K), 0.0004590 secs] [Times: user=0.01 sys=0.00, real=0.00 secs] 
337.905: Total time for which application threads were stopped: 0.0005870 seconds, Stopping threads took: 0.0000630 seconds
338.085: Application time: 0.1793890 seconds
338.085: [GC338.085: [ParNew: 33802K->397K(37568K), 0.0003550 secs] 45201K->11796K(120960K), 0.0003830 secs] [Times: user=0.00 sys=0.00, real=0.00 secs] 
338.085: Total time for which application threads were stopped: 0.0005070 seconds, Stopping threads took: 0.0000500 seconds
338.264: Application time: 0.1788450 seconds
338.264: [GC338.264: [ParNew: 33805K->395K(37568K), 0.0003870 secs] 45204K->11802K(120960K), 0.0004150 secs] [Times: user=0.01 sys=0.00, real=0.00 secs] 
338.265: Total time for which application threads were stopped: 0.0005460 seconds, Stopping threads took: 0.0000650 seconds
338.445: Application time: 0.1803130 seconds
338.445: [GC338.445: [ParNew: 33803K->394K(37568K), 0.0004650 secs] 45210K->11801K(120960K), 0.0004950 secs] [Times: user=0.00 sys=0.00, real=0.00 secs] 
338.446: Total time for which application threads were stopped: 0.0006280 seconds, Stopping threads took: 0.0000640 seconds
338.620: Application time: 0.1747420 seconds
338.620: [GC338.620: [ParNew: 33802K->397K(37568K), 0.0004330 secs] 45209K->11804K(120960K), 0.0004610 secs] [Times: user=0.00 sys=0.00, real=0.00 secs] 
338.621: Total time for which application threads were stopped: 0.0005990 seconds, Stopping threads took: 0.0000590 seconds
338.801: Application time: 0.1797310 seconds
338.801: [GC338.801: [ParNew: 33805K->398K(37568K), 0.0004450 secs] 45212K->11805K(120960K), 0.0004700 secs] [Times: user=0.00 sys=0.00, real=0.00 secs] 
338.801: Total time for which application threads were stopped: 0.0005860 seconds, Stopping threads took: 0.0000540 seconds
338.979: Application time: 0.1780940 seconds
338.979: [GC338.979: [ParNew: 33806K->395K(37568K), 0.0004300 secs] 45213K->11810K(120960K), 0.0004570 secs] [Times: user=0.00 sys=0.00, real=0.00 secs] 
338.980: Total time for which application threads were stopped: 0.0005830 seconds, Stopping threads took: 0.0000580 seconds
339.160: Application time: 0.1800360 seconds
339.160: [GC339.160: [ParNew: 33803K->400K(37568K), 0.0004420 secs] 45218K->11815K(120960K), 0.0004790 secs] [Times: user=0.00 sys=0.00, real=0.00 secs] 
339.161: Total time for which application threads were stopped: 0.0006080 seconds, Stopping threads took: 0.0000530 seconds
339.335: Application time: 0.1745090 seconds
339.335: [GC339.335: [ParNew: 33808K->399K(37568K), 0.0004220 secs] 45223K->11814K(120960K), 0.0004480 secs] [Times: user=0.00 sys=0.00, real=0.00 secs] 
339.336: Total time for which application threads were stopped: 0.0005670 seconds, Stopping threads took: 0.0000570 seconds
339.515: Application time: 0.1794130 seconds
339.515: [GC339.515: [ParNew: 33807K->398K(37568K), 0.0003950 secs] 45222K->11813K(120960K), 0.0004210 secs] [Times: user=0.00 sys=0.00, real=0.00 secs] 
339.516: Total time for which application threads were stopped: 0.0005460 seconds, Stopping threads took: 0.0000620 seconds
339.693: Application time: 0.1776610 seconds
339.693: [GC339.693: [ParNew: 33806K->402K(37568K), 0.0004010 secs] 45221K->11825K(120960K), 0.0004320 secs] [Times: user=0.00 sys=0.00, real=0.00 secs] 
339.694: Total time for which application threads were stopped: 0.0006030 seconds, Stopping threads took: 0.0000880 seconds
339.873: Application time: 0.1793790 seconds
339.873: [GC339.873: [ParNew: 33810K->405K(37568K), 0.0003890 secs] 45233K->11837K(120960K), 0.0004140 secs] [Times: user=0.01 sys=0.00, real=0.00 secs] 
339.874: Total time for which application threads were stopped: 0.0005420 seconds, Stopping threads took: 0.0000620 seconds
340.050: Application time: 0.1766220 seconds
340.051: [GC340.051: [ParNew: 33813K->367K(37568K), 0.0004330 secs] 45245K->11798K(120960K), 0.0004610 secs] [Times: user=0.01 sys=0.00, real=0.00 secs] 
340.051: Total time for which application threads were stopped: 0.0005910 seconds, Stopping threads took: 0.0000610 seconds
340.229: Application time: 0.1778310 seconds
340.229: [GC340.229: [ParNew: 33775K->406K(37568K), 0.0004420 secs] 45206K->11837K(120960K), 0.0004670 secs] [Times: user=0.00 sys=0.00, real=0.00 secs] 
340.229: Total time for which application threads were stopped: 0.0006050 seconds, Stopping threads took: 0.0000610 seconds
340.408: Application time: 0.1788820 seconds
340.408: [GC340.408: [ParNew: 33814K->392K(37568K), 0.0004540 secs] 45245K->11832K(120960K), 0.0004810 secs] [Times: user=0.00 sys=0.00, real=0.00 secs] 
340.409: Total time for which application threads were stopped: 0.0006100 seconds, Stopping threads took: 0.0000660 seconds
340.588: Application time: 0.1787750 seconds
340.588: [GC340.588: [ParNew: 33800K->387K(37568K), 0.0004060 secs] 45240K->11834K(120960K), 0.0004310 secs] [Times: user=0.00 sys=0.00, real=0.00 secs] 
340.588: Total time for which application threads were stopped: 0.0005660 seconds, Stopping threads took: 0.0000720 seconds
340.766: Application time: 0.1776670 seconds
340.766: [GC340.766: [ParNew: 33795K->385K(37568K), 0.0004530 secs] 45242K->11832K(120960K), 0.0004800 secs] [Times: user=0.00 sys=0.00, real=0.01 secs] 
340.767: Total time for which application threads were stopped: 0.0006250 seconds, Stopping threads took: 0.0000690 seconds
340.943: Application time: 0.1764460 seconds
340.943: [GC340.943: [ParNew: 33793K->394K(37568K), 0.0019200 secs] 45240K->11841K(120960K), 0.0019540 secs] [Times: user=0.00 sys=0.00, real=0.00 secs] 
340.945: Total time for which application threads were stopped: 0.0020880 seconds, Stopping threads took: 0.0000660 seconds
341.124: Application time: 0.1788050 seconds
341.124: [GC341.124: [ParNew: 33802K->398K(37568K), 0.0003690 secs] 45249K->11845K(120960K), 0.0003980 secs] [Times: user=0.00 sys=0.00, real=0.00 secs] 
341.124: Total time for which application threads were stopped: 0.0005210 seconds, Stopping threads took: 0.0000550 seconds
341.303: Application time: 0.1789620 seconds
341.304: [GC341.304: [ParNew: 33806K->402K(37568K), 0.0004880 secs] 45253K->11857K(120960K), 0.0005150 secs] [Times: user=0.00 sys=0.00, real=0.00 secs] 
341.304: Total time for which application threads were stopped: 0.0006590 seconds, Stopping threads took: 0.0000630 seconds
341.483: Application time: 0.1791650 seconds
341.483: [GC341.483: [ParNew: 33810K->398K(37568K), 0.0003780 secs] 45265K->11853K(120960K), 0.0004130 secs] [Times: user=0.00 sys=0.00, real=0.00 secs] 
341.484: Total time for which application threads were stopped: 0.0005370 seconds, Stopping threads took: 0.0000600 seconds
341.659: Application time: 0.1748820 seconds
341.659: [GC341.659: [ParNew: 33806K->400K(37568K), 0.0004830 secs] 45261K->11855K(120960K), 0.0005100 secs] [Times: user=0.00 sys=0.00, real=0.00 secs] 
341.659: Total time for which application threads were stopped: 0.0006330 seconds, Stopping threads took: 0.0000540 seconds
341.839: Application time: 0.1798340 seconds
341.839: [GC341.839: [ParNew: 33808K->393K(37568K), 0.0003840 secs] 45263K->11849K(120960K), 0.0004110 secs] [Times: user=0.00 sys=0.00, real=0.00 secs] 
341.840: Total time for which application threads were stopped: 0.0005500 seconds, Stopping threads took: 0.0000600 seconds
342.018: Application time: 0.1786410 seconds
342.018: [GC342.018: [ParNew: 33801K->394K(37568K), 0.0004010 secs] 45257K->11857K(120960K), 0.0004290 secs] [Times: user=0.00 sys=0.00, real=0.00 secs] 
342.019: Total time for which application threads were stopped: 0.0005640 seconds, Stopping threads took: 0.0000690 seconds
342.198: Application time: 0.1795470 seconds
342.199: [GC342.199: [ParNew: 33802K->394K(37568K), 0.0004580 secs] 45265K->11857K(120960K), 0.0004890 secs] [Times: user=0.00 sys=0.00, real=0.00 secs] 
342.199: Total time for which application threads were stopped: 0.0006520 seconds, Stopping threads took: 0.0000950 seconds
342.374: Application time: 0.1746420 seconds
342.374: [GC342.374: [ParNew: 33802K->392K(37568K), 0.0004200 secs] 45265K->11855K(120960K), 0.0004480 secs] [Times: user=0.00 sys=0.00, real=0.01 secs] 
342.374: Total time for which application threads were stopped: 0.0006370 seconds, Stopping threads took: 0.0001140 seconds
342.554: Application time: 0.1793320 seconds
342.554: [GC342.554: [ParNew: 33800K->400K(37568K), 0.0003970 secs] 45263K->11863K(120960K), 0.0004240 secs] [Times: user=0.00 sys=0.00, real=0.00 secs] 
342.554: Total time for which application threads were stopped: 0.0005500 seconds, Stopping threads took: 0.0000590 seconds
342.733: Application time: 0.1784760 seconds
342.733: [GC342.733: [ParNew: 33808K->399K(37568K), 0.0004060 secs] 45271K->11871K(120960K), 0.0004330 secs] [Times: user=0.00 sys=0.00, real=0.00 secs] 
342.733: Total time for which application threads were stopped: 0.0005600 seconds, Stopping threads took: 0.0000600 seconds
342.913: Application time: 0.1797590 seconds
342.913: [GC342.913: [ParNew: 33807K->401K(37568K), 0.0004130 secs] 45279K->11880K(120960K), 0.0004410 secs] [Times: user=0.01 sys=0.00, real=0.00 secs] 
342.914: Total time for which application threads were stopped: 0.0005960 seconds, Stopping threads took: 0.0000800 seconds
343.089: Application time: 0.1753130 seconds
343.090: [GC343.090: [ParNew: 33809K->401K(37568K), 0.0004130 secs] 45288K->11881K(120960K), 0.0004380 secs] [Times: user=0.00 sys=0.00, real=0.00 secs] 
343.091: Total time for which application threads were stopped: 0.0018560 seconds, Stopping threads took: 0.0013540 seconds
343.270: Application time: 0.1793380 seconds
343.270: [GC343.270: [ParNew: 33809K->391K(37568K), 0.0004270 secs] 45289K->11870K(120960K), 0.0004520 secs] [Times: user=0.00 sys=0.00, real=0.00 secs] 
343.271: Total time for which application threads were stopped: 0.0005920 seconds, Stopping threads took: 0.0000710 seconds
343.450: Application time: 0.1791740 seconds
343.450: [GC343.450: [ParNew: 33799K->394K(37568K), 0.0003970 secs] 45278K->11881K(120960K), 0.0004220 secs] [Times: user=0.00 sys=0.00, real=0.00 secs] 
343.451: Total time for which application threads were stopped: 0.0005770 seconds, Stopping threads took: 0.0000820 seconds
343.629: Application time: 0.1785520 seconds
343.629: [GC343.629: [ParNew: 33802K->386K(37568K), 0.0004800 secs] 45289K->11881K(120960K), 0.0005070 secs] [Times: user=0.01 sys=0.00, real=0.00 secs] 
343.630: Total time for which application threads were stopped: 0.0006520 seconds, Stopping threads took: 0.0000770 seconds
343.807: Application time: 0.1773650 seconds
343.810: [GC343.810: [ParNew: 33794K->393K(37568K), 0.0004360 secs] 45289K->11888K(120960K), 0.0004750 secs] [Times: user=0.00 sys=0.00, real=0.00 secs] 
343.811: Total time for which application threads were stopped: 0.0038060 seconds, Stopping threads took: 0.0032640 seconds
343.987: Application time: 0.1763890 seconds
343.987: [GC343.987: [ParNew: 33801K->393K(37568K), 0.0004600 secs] 45296K->11888K(120960K), 0.0004890 secs] [Times: user=0.00 sys=0.00, real=0.00 secs] 
343.988: Total time for which application threads were stopped: 0.0006670 seconds, Stopping threads took: 0.0000980 seconds
344.167: Application time: 0.1792270 seconds
344.167: [GC344.167: [ParNew: 33801K->401K(37568K), 0.0003800 secs] 45296K->11904K(120960K), 0.0004100 secs] [Times: user=0.01 sys=0.00, real=0.00 secs] 
344.168: Total time for which application threads were stopped: 0.0005430 seconds, Stopping threads took: 0.0000670 seconds
344.347: Application time: 0.1789250 seconds
344.347: [GC344.347: [ParNew: 33809K->399K(37568K), 0.0004650 secs] 45312K->11910K(120960K), 0.0004920 secs] [Times: user=0.00 sys=0.00, real=0.00 secs] 
344.347: Total time for which application threads were stopped: 0.0006140 seconds, Stopping threads took: 0.0000550 seconds
344.526: Application time: 0.1788160 seconds
344.526: [GC344.526: [ParNew: 33807K->398K(37568K), 0.0004610 secs] 45318K->11909K(120960K), 0.0004860 secs] [Times: user=0.00 sys=0.00, real=0.01 secs] 
344.527: Total time for which application threads were stopped: 0.0006160 seconds, Stopping threads took: 0.0000570 seconds
344.702: Application time: 0.1750840 seconds
344.702: [GC344.702: [ParNew: 33806K->404K(37568K), 0.0003860 secs] 45317K->11915K(120960K), 0.0004150 secs] [Times: user=0.00 sys=0.00, real=0.00 secs] 
344.702: Total time for which application threads were stopped: 0.0005450 seconds, Stopping threads took: 0.0000620 seconds
344.882: Application time: 0.1796060 seconds
344.882: [GC344.882: [ParNew: 33812K->407K(37568K), 0.0003770 secs] 45323K->11918K(120960K), 0.0004040 secs] [Times: user=0.00 sys=0.00, real=0.00 secs] 
344.883: Total time for which application threads were stopped: 0.0005480 seconds, Stopping threads took: 0.0000810 seconds
345.061: Application time: 0.1780900 seconds
345.061: [GC345.061: [ParNew: 33815K->392K(37568K), 0.0004060 secs] 45326K->11911K(120960K), 0.0004290 secs] [Times: user=0.00 sys=0.00, real=0.00 secs] 
345.061: Total time for which application threads were stopped: 0.0005670 seconds, Stopping threads took: 0.0000650 seconds
345.243: Application time: 0.1822410 seconds
345.244: [GC345.244: [ParNew: 33800K->395K(37568K), 0.0003940 secs] 45319K->11914K(120960K), 0.0004230 secs] [Times: user=0.00 sys=0.00, real=0.00 secs] 
345.244: Total time for which application threads were stopped: 0.0005540 seconds, Stopping threads took: 0.0000600 seconds
345.419: Application time: 0.1752470 seconds
345.419: [GC345.419: [ParNew: 33803K->402K(37568K), 0.0003920 secs] 45322K->11921K(120960K), 0.0004230 secs] [Times: user=0.01 sys=0.00, real=0.00 secs] 
345.420: Total time for which application threads were stopped: 0.0005720 seconds, Stopping threads took: 0.0000810 seconds
345.598: Application time: 0.1784910 seconds
345.598: [GC345.598: [ParNew: 33810K->400K(37568K), 0.0004710 secs] 45329K->11919K(120960K), 0.0004980 secs] [Times: user=0.00 sys=0.00, real=0.00 secs] 
345.599: Total time for which application threads were stopped: 0.0006540 seconds, Stopping threads took: 0.0000770 seconds
345.777: Application time: 0.1777390 seconds
345.777: [GC345.777: [ParNew: 33808K->392K(37568K), 0.0004500 secs] 45327K->11920K(120960K), 0.0004750 secs] [Times: user=0.00 sys=0.00, real=0.00 secs] 
345.777: Total time for which application threads were stopped: 0.0005970 seconds, Stopping threads took: 0.0000580 seconds
345.956: Application time: 0.1791360 seconds
345.957: [GC345.957: [ParNew: 33800K->398K(37568K), 0.0004220 secs] 45328K->11925K(120960K), 0.0004590 secs] [Times: user=0.00 sys=0.00, real=0.00 secs] 
345.957: Total time for which application threads were stopped: 0.0005920 seconds, Stopping threads took: 0.0000670 seconds
346.134: Application time: 0.1774460 seconds
346.139: [GC346.139: [ParNew: 33806K->399K(37568K), 0.0006010 secs] 45333K->11926K(120960K), 0.0006280 secs] [Times: user=0.01 sys=0.00, real=0.00 secs] 
346.139: Total time for which application threads were stopped: 0.0047950 seconds, Stopping threads took: 0.0040740 seconds
346.318: Application time: 0.1785820 seconds
346.318: [GC346.318: [ParNew: 33807K->405K(37568K), 0.0006660 secs] 45334K->11932K(120960K), 0.0006940 secs] [Times: user=0.00 sys=0.00, real=0.00 secs] 
346.319: Total time for which application threads were stopped: 0.0008970 seconds, Stopping threads took: 0.0001220 seconds
346.497: Application time: 0.1778660 seconds
346.497: [GC346.497: [ParNew: 33813K->402K(37568K), 0.0004300 secs] 45340K->11938K(120960K), 0.0004580 secs] [Times: user=0.00 sys=0.00, real=0.00 secs] 
346.497: Total time for which application threads were stopped: 0.0005810 seconds, Stopping threads took: 0.0000550 seconds
346.675: Application time: 0.1781900 seconds
346.676: [GC346.676: [ParNew: 33810K->388K(37568K), 0.0004580 secs] 45346K->11931K(120960K), 0.0004870 secs] [Times: user=0.01 sys=0.00, real=0.00 secs] 
346.676: Total time for which application threads were stopped: 0.0006240 seconds, Stopping threads took: 0.0000550 seconds
346.853: Application time: 0.1769010 seconds
346.853: [GC346.853: [ParNew: 33796K->363K(37568K), 0.0004040 secs] 45339K->11906K(120960K), 0.0004290 secs] [Times: user=0.00 sys=0.00, real=0.00 secs] 
346.854: Total time for which application threads were stopped: 0.0005810 seconds, Stopping threads took: 0.0000870 seconds
347.030: Application time: 0.1769940 seconds
347.031: [GC347.031: [ParNew: 33771K->403K(37568K), 0.0004280 secs] 45314K->11946K(120960K), 0.0004530 secs] [Times: user=0.00 sys=0.00, real=0.00 secs] 
347.031: Total time for which application threads were stopped: 0.0005870 seconds, Stopping threads took: 0.0000700 seconds
347.209: Application time: 0.1782990 seconds
347.210: [GC347.210: [ParNew: 33811K->391K(37568K), 0.0004180 secs] 45354K->11942K(120960K), 0.0004430 secs] [Times: user=0.00 sys=0.00, real=0.00 secs] 
347.210: Total time for which application threads were stopped: 0.0005760 seconds, Stopping threads took: 0.0000560 seconds
347.389: Application time: 0.1790640 seconds
347.389: [GC347.389: [ParNew: 33799K->395K(37568K), 0.0004200 secs] 45350K->11954K(120960K), 0.0004450 secs] [Times: user=0.00 sys=0.00, real=0.00 secs] 
347.390: Total time for which application threads were stopped: 0.0005670 seconds, Stopping threads took: 0.0000570 seconds
347.567: Application time: 0.1772470 seconds
347.567: [GC347.567: [ParNew: 33803K->369K(37568K), 0.0003870 secs] 45362K->11928K(120960K), 0.0004160 secs] [Times: user=0.01 sys=0.00, real=0.00 secs] 
347.567: Total time for which application threads were stopped: 0.0005360 seconds, Stopping threads took: 0.0000510 seconds
347.744: Application time: 0.1764640 seconds
347.744: [GC347.744: [ParNew: 33777K->395K(37568K), 0.0004010 secs] 45336K->11954K(120960K), 0.0004280 secs] [Times: user=0.00 sys=0.00, real=0.00 secs] 
347.744: Total time for which application threads were stopped: 0.0005890 seconds, Stopping threads took: 0.0000840 seconds
347.923: Application time: 0.1789560 seconds
347.924: [GC347.924: [ParNew: 33803K->401K(37568K), 0.0003840 secs] 45362K->11960K(120960K), 0.0004100 secs] [Times: user=0.00 sys=0.00, real=0.00 secs] 
347.924: Total time for which application threads were stopped: 0.0005430 seconds, Stopping threads took: 0.0000670 seconds
348.103: Application time: 0.1786280 seconds
348.103: [GC348.103: [ParNew: 33809K->390K(37568K), 0.0004100 secs] 45368K->11957K(120960K), 0.0004360 secs] [Times: user=0.00 sys=0.00, real=0.00 secs] 
348.103: Total time for which application threads were stopped: 0.0005630 seconds, Stopping threads took: 0.0000610 seconds
348.282: Application time: 0.1793080 seconds
348.283: [GC348.283: [ParNew: 33798K->398K(37568K), 0.0004060 secs] 45365K->11965K(120960K), 0.0004420 secs] [Times: user=0.00 sys=0.00, real=0.00 secs] 
348.283: Total time for which application threads were stopped: 0.0005670 seconds, Stopping threads took: 0.0000490 seconds
348.458: Application time: 0.1752690 seconds
348.458: [GC348.458: [ParNew: 33806K->396K(37568K), 0.0004770 secs] 45373K->11963K(120960K), 0.0005060 secs] [Times: user=0.00 sys=0.00, real=0.00 secs] 
348.459: Total time for which application threads were stopped: 0.0006490 seconds, Stopping threads took: 0.0000750 seconds
348.638: Application time: 0.1790670 seconds
348.642: [GC348.642: [ParNew: 33804K->393K(37568K), 0.0004790 secs] 45371K->11960K(120960K), 0.0005070 secs] [Times: user=0.01 sys=0.00, real=0.00 secs] 
348.643: Total time for which application threads were stopped: 0.0049090 seconds, Stopping threads took: 0.0043330 seconds
348.821: Application time: 0.1779430 seconds
348.821: [GC348.821: [ParNew: 33801K->399K(37568K), 0.0003930 secs] 45368K->11974K(120960K), 0.0004200 secs] [Times: user=0.00 sys=0.00, real=0.00 secs] 
348.821: Total time for which application threads were stopped: 0.0005540 seconds, Stopping threads took: 0.0000570 seconds
349.000: Application time: 0.1790750 seconds
349.001: [GC349.001: [ParNew: 33807K->402K(37568K), 0.0004260 secs] 45382K->11977K(120960K), 0.0004510 secs] [Times: user=0.01 sys=0.00, real=0.00 secs] 
349.001: Total time for which application threads were stopped: 0.0005910 seconds, Stopping threads took: 0.0000730 seconds
349.176: Application time: 0.1752330 seconds
349.176: [GC349.176: [ParNew: 33810K->405K(37568K), 0.0003870 secs] 45385K->11980K(120960K), 0.0004120 secs] [Times: user=0.00 sys=0.00, real=0.00 secs] 
349.177: Total time for which application threads were stopped: 0.0005450 seconds, Stopping threads took: 0.0000700 seconds
349.356: Application time: 0.1791000 seconds
349.356: [GC349.356: [ParNew: 33813K->397K(37568K), 0.0004210 secs] 45388K->11972K(120960K), 0.0004450 secs] [Times: user=0.01 sys=0.00, real=0.00 secs] 
349.357: Total time for which application threads were stopped: 0.0005990 seconds, Stopping threads took: 0.0000790 seconds
349.534: Application time: 0.1776870 seconds
349.534: [GC349.534: [ParNew: 33805K->399K(37568K), 0.0004030 secs] 45380K->11982K(120960K), 0.0004300 secs] [Times: user=0.00 sys=0.00, real=0.00 secs] 
349.535: Total time for which application threads were stopped: 0.0005550 seconds, Stopping threads took: 0.0000610 seconds
349.714: Application time: 0.1791230 seconds
349.714: [GC349.714: [ParNew: 33807K->403K(37568K), 0.0003810 secs] 45390K->11994K(120960K), 0.0004070 secs] [Times: user=0.00 sys=0.00, real=0.01 secs] 
349.714: Total time for which application threads were stopped: 0.0005370 seconds, Stopping threads took: 0.0000660 seconds
349.889: Application time: 0.1749160 seconds
349.890: [GC349.890: [ParNew: 33811K->399K(37568K), 0.0003680 secs] 45402K->11990K(120960K), 0.0003960 secs] [Times: user=0.00 sys=0.00, real=0.00 secs] 
349.890: Total time for which application threads were stopped: 0.0005570 seconds, Stopping threads took: 0.0000840 seconds
350.069: Application time: 0.1788220 seconds
350.069: [GC350.069: [ParNew: 33807K->393K(37568K), 0.0005000 secs] 45398K->11984K(120960K), 0.0005260 secs] [Times: user=0.00 sys=0.00, real=0.00 secs] 
350.069: Total time for which application threads were stopped: 0.0006570 seconds, Stopping threads took: 0.0000670 seconds
350.248: Application time: 0.1789990 seconds
350.249: [GC350.249: [ParNew: 33801K->377K(37568K), 0.0005300 secs] 45392K->11976K(120960K), 0.0005560 secs] [Times: user=0.00 sys=0.00, real=0.00 secs] 
350.249: Total time for which application threads were stopped: 0.0007050 seconds, Stopping threads took: 0.0000820 seconds
350.428: Application time: 0.1790480 seconds
350.428: [GC350.428: [ParNew: 33785K->395K(37568K), 0.0004360 secs] 45384K->12002K(120960K), 0.0004620 secs] [Times: user=0.00 sys=0.00, real=0.00 secs] 
350.429: Total time for which application threads were stopped: 0.0005940 seconds, Stopping threads took: 0.0000600 seconds
350.606: Application time: 0.1768870 seconds
350.606: [GC350.606: [ParNew: 33803K->393K(37568K), 0.0003710 secs] 45410K->12000K(120960K), 0.0004080 secs] [Times: user=0.00 sys=0.00, real=0.00 secs] 
350.606: Total time for which application threads were stopped: 0.0005390 seconds, Stopping threads took: 0.0000650 seconds
350.783: Application time: 0.1766500 seconds
350.783: [GC350.783: [ParNew: 33801K->402K(37568K), 0.0003990 secs] 45408K->12009K(120960K), 0.0004270 secs] [Times: user=0.00 sys=0.00, real=0.00 secs] 
350.783: Total time for which application threads were stopped: 0.0005620 seconds, Stopping threads took: 0.0000680 seconds
350.963: Application time: 0.1793070 seconds
350.963: [GC350.963: [ParNew: 33810K->403K(37568K), 0.0004160 secs] 45417K->12010K(120960K), 0.0004540 secs] [Times: user=0.01 sys=0.00, real=0.00 secs] 
350.963: Total time for which application threads were stopped: 0.0005980 seconds, Stopping threads took: 0.0000610 seconds
351.142: Application time: 0.1788730 seconds
351.142: [GC351.142: [ParNew: 33811K->392K(37568K), 0.0003850 secs] 45418K->12007K(120960K), 0.0004130 secs] [Times: user=0.00 sys=0.00, real=0.00 secs] 
351.143: Total time for which application threads were stopped: 0.0005430 seconds, Stopping threads took: 0.0000590 seconds
351.322: Application time: 0.1787760 seconds
351.322: [GC351.322: [ParNew: 33800K->398K(37568K), 0.0004570 secs] 45415K->12013K(120960K), 0.0004860 secs] [Times: user=0.00 sys=0.00, real=0.00 secs] 
351.322: Total time for which application threads were stopped: 0.0006210 seconds, Stopping threads took: 0.0000680 seconds
351.497: Application time: 0.1744010 seconds
351.497: [GC351.497: [ParNew: 33806K->388K(37568K), 0.0003880 secs] 45421K->12003K(120960K), 0.0004170 secs] [Times: user=0.00 sys=0.00, real=0.00 secs] 
351.497: Total time for which application threads were stopped: 0.0005520 seconds, Stopping threads took: 0.0000570 seconds
351.676: Application time: 0.1793440 seconds
351.677: [GC351.677: [ParNew: 33796K->397K(37568K), 0.0004100 secs] 45411K->12012K(120960K), 0.0004340 secs] [Times: user=0.00 sys=0.00, real=0.00 secs] 
351.677: Total time for which application threads were stopped: 0.0005530 seconds, Stopping threads took: 0.0000570 seconds
351.856: Application time: 0.1790370 seconds
351.856: [GC351.856: [ParNew: 33805K->391K(37568K), 0.0004180 secs] 45420K->12014K(120960K), 0.0004430 secs] [Times: user=0.00 sys=0.00, real=0.00 secs] 
351.857: Total time for which application threads were stopped: 0.0005630 seconds, Stopping threads took: 0.0000530 seconds
352.036: Application time: 0.1790240 seconds
352.036: [GC352.036: [ParNew: 33799K->402K(37568K), 0.0003830 secs] 45422K->12025K(120960K), 0.0004100 secs] [Times: user=0.00 sys=0.00, real=0.00 secs] 
352.036: Total time for which application threads were stopped: 0.0005450 seconds, Stopping threads took: 0.0000580 seconds
352.212: Application time: 0.1754750 seconds
352.212: [GC352.212: [ParNew: 33810K->393K(37568K), 0.0003680 secs] 45433K->12017K(120960K), 0.0003940 secs] [Times: user=0.00 sys=0.00, real=0.00 secs] 
352.212: Total time for which application threads were stopped: 0.0005360 seconds, Stopping threads took: 0.0000780 seconds
352.392: Application time: 0.1793970 seconds
352.392: [GC352.392: [ParNew: 33801K->387K(37568K), 0.0004870 secs] 45425K->12010K(120960K), 0.0005110 secs] [Times: user=0.00 sys=0.00, real=0.00 secs] 
352.392: Total time for which application threads were stopped: 0.0006380 seconds, Stopping threads took: 0.0000580 seconds
352.571: Application time: 0.1789060 seconds
352.571: [GC352.571: [ParNew: 33795K->395K(37568K), 0.0003980 secs] 45418K->12026K(120960K), 0.0004270 secs] [Times: user=0.00 sys=0.00, real=0.00 secs] 
352.572: Total time for which application threads were stopped: 0.0005750 seconds, Stopping threads took: 0.0000710 seconds
352.751: Application time: 0.1790990 seconds
352.751: [GC352.751: [ParNew: 33803K->392K(37568K), 0.0003810 secs] 45434K->12031K(120960K), 0.0004100 secs] [Times: user=0.00 sys=0.00, real=0.00 secs] 
352.751: Total time for which application threads were stopped: 0.0005690 seconds, Stopping threads took: 0.0000830 seconds
352.927: Application time: 0.1758090 seconds
352.927: [GC352.927: [ParNew: 33800K->390K(37568K), 0.0004440 secs] 45439K->12029K(120960K), 0.0004680 secs] [Times: user=0.00 sys=0.00, real=0.00 secs] 
352.928: Total time for which application threads were stopped: 0.0005930 seconds, Stopping threads took: 0.0000600 seconds
353.107: Application time: 0.1788460 seconds
353.107: [GC353.107: [ParNew: 33798K->398K(37568K), 0.0003710 secs] 45437K->12037K(120960K), 0.0003980 secs] [Times: user=0.00 sys=0.00, real=0.00 secs] 
353.107: Total time for which application threads were stopped: 0.0005350 seconds, Stopping threads took: 0.0000630 seconds
353.285: Application time: 0.1782580 seconds
353.286: [GC353.286: [ParNew: 33806K->394K(37568K), 0.0004860 secs] 45445K->12041K(120960K), 0.0005110 secs] [Times: user=0.00 sys=0.00, real=0.00 secs] 
353.286: Total time for which application threads were stopped: 0.0006530 seconds, Stopping threads took: 0.0000780 seconds
353.465: Application time: 0.1789310 seconds
353.465: [GC353.465: [ParNew: 33802K->406K(37568K), 0.0004060 secs] 45449K->12062K(120960K), 0.0004290 secs] [Times: user=0.00 sys=0.00, real=0.00 secs] 
353.466: Total time for which application threads were stopped: 0.0005540 seconds, Stopping threads took: 0.0000620 seconds
353.643: Application time: 0.1771940 seconds
353.643: [GC353.643: [ParNew: 33814K->394K(37568K), 0.0003920 secs] 45470K->12049K(120960K), 0.0004160 secs] [Times: user=0.00 sys=0.00, real=0.00 secs] 
353.643: Total time for which application threads were stopped: 0.0005550 seconds, Stopping threads took: 0.0000660 seconds
353.820: Application time: 0.1766730 seconds
353.820: [GC353.820: [ParNew: 33802K->395K(37568K), 0.0004890 secs] 45457K->12050K(120960K), 0.0005160 secs] [Times: user=0.00 sys=0.00, real=0.00 secs] 
353.821: Total time for which application threads were stopped: 0.0006570 seconds, Stopping threads took: 0.0000730 seconds
354.003: Application time: 0.1828120 seconds
354.004: [GC354.004: [ParNew: 33803K->400K(37568K), 0.0004030 secs] 45458K->12055K(120960K), 0.0004320 secs] [Times: user=0.00 sys=0.00, real=0.00 secs] 
354.004: Total time for which application threads were stopped: 0.0005690 seconds, Stopping threads took: 0.0000690 seconds
354.201: Application time: 0.1972830 seconds
354.201: [GC354.201: [ParNew: 33808K->405K(37568K), 0.0003900 secs] 45463K->12068K(120960K), 0.0004170 secs] [Times: user=0.00 sys=0.00, real=0.00 secs] 
354.202: Total time for which application threads were stopped: 0.0005510 seconds, Stopping threads took: 0.0000580 seconds
354.399: Application time: 0.1971210 seconds
354.399: [GC354.399: [ParNew: 33813K->385K(37568K), 0.0003840 secs] 45476K->12049K(120960K), 0.0004080 secs] [Times: user=0.00 sys=0.00, real=0.00 secs] 
354.400: Total time for which application threads were stopped: 0.0005460 seconds, Stopping threads took: 0.0000740 seconds
354.591: Application time: 0.1918690 seconds
354.592: [GC354.592: [ParNew: 33793K->397K(37568K), 0.0004690 secs] 45457K->12060K(120960K), 0.0004970 secs] [Times: user=0.01 sys=0.00, real=0.00 secs] 
354.592: Total time for which application threads were stopped: 0.0006260 seconds, Stopping threads took: 0.0000600 seconds
354.789: Application time: 0.1969320 seconds
354.789: [GC354.789: [ParNew: 33805K->401K(37568K), 0.0004500 secs] 45468K->12064K(120960K), 0.0004800 secs] [Times: user=0.00 sys=0.00, real=0.00 secs] 
354.790: Total time for which application threads were stopped: 0.0006360 seconds, Stopping threads took: 0.0000770 seconds
354.986: Application time: 0.1959140 seconds
354.986: [GC354.986: [ParNew: 33809K->400K(37568K), 0.0004220 secs] 45472K->12080K(120960K), 0.0004490 secs] [Times: user=0.00 sys=0.00, real=0.00 secs] 
354.986: Total time for which application threads were stopped: 0.0005800 seconds, Stopping threads took: 0.0000640 seconds
355.183: Application time: 0.1969980 seconds
355.183: [GC355.183: [ParNew: 33808K->403K(37568K), 0.0003910 secs] 45488K->12082K(120960K), 0.0004280 secs] [Times: user=0.01 sys=0.00, real=0.00 secs] 
355.184: Total time for which application threads were stopped: 0.0005680 seconds, Stopping threads took: 0.0000690 seconds
355.376: Application time: 0.1918020 seconds
355.376: [GC355.376: [ParNew: 33811K->393K(37568K), 0.0004080 secs] 45490K->12073K(120960K), 0.0004360 secs] [Times: user=0.00 sys=0.00, real=0.00 secs] 
355.376: Total time for which application threads were stopped: 0.0005890 seconds, Stopping threads took: 0.0000790 seconds
355.573: Application time: 0.1969800 seconds
355.573: [GC355.573: [ParNew: 33801K->395K(37568K), 0.0003930 secs] 45481K->12074K(120960K), 0.0004200 secs] [Times: user=0.01 sys=0.00, real=0.00 secs] 
355.574: Total time for which application threads were stopped: 0.0005570 seconds, Stopping threads took: 0.0000670 seconds
355.770: Application time: 0.1959270 seconds
355.770: [GC355.770: [ParNew: 33803K->396K(37568K), 0.0003870 secs] 45482K->12083K(120960K), 0.0004140 secs] [Times: user=0.00 sys=0.00, real=0.00 secs] 
355.770: Total time for which application threads were stopped: 0.0005500 seconds, Stopping threads took: 0.0000700 seconds
355.968: Application time: 0.1976390 seconds
355.968: [GC355.968: [ParNew: 33804K->392K(37568K), 0.0004910 secs] 45491K->12087K(120960K), 0.0005240 secs] [Times: user=0.01 sys=0.00, real=0.00 secs] 
355.968: Total time for which application threads were stopped: 0.0006750 seconds, Stopping threads took: 0.0000740 seconds
356.162: Application time: 0.1936500 seconds
356.162: [GC356.162: [ParNew: 33800K->399K(37568K), 0.0004390 secs] 45495K->12094K(120960K), 0.0004680 secs] [Times: user=0.00 sys=0.00, real=0.00 secs] 
356.163: Total time for which application threads were stopped: 0.0006020 seconds, Stopping threads took: 0.0000680 seconds
356.359: Application time: 0.1966890 seconds
356.359: [GC356.360: [ParNew: 33807K->404K(37568K), 0.0004160 secs] 45502K->12099K(120960K), 0.0004420 secs] [Times: user=0.00 sys=0.00, real=0.00 secs] 
356.360: Total time for which application threads were stopped: 0.0005720 seconds, Stopping threads took: 0.0000630 seconds
356.556: Application time: 0.1957890 seconds
356.556: [GC356.556: [ParNew: 33812K->399K(37568K), 0.0004140 secs] 45507K->12102K(120960K), 0.0004420 secs] [Times: user=0.01 sys=0.00, real=0.00 secs] 
356.556: Total time for which application threads were stopped: 0.0005880 seconds, Stopping threads took: 0.0000690 seconds
356.753: Application time: 0.1966320 seconds
356.753: [GC356.753: [ParNew: 33807K->392K(37568K), 0.0004060 secs] 45510K->12103K(120960K), 0.0004320 secs] [Times: user=0.00 sys=0.00, real=0.00 secs] 
356.754: Total time for which application threads were stopped: 0.0005650 seconds, Stopping threads took: 0.0000660 seconds
356.948: Application time: 0.1940230 seconds
356.948: [GC356.948: [ParNew: 33800K->395K(37568K), 0.0003890 secs] 45511K->12107K(120960K), 0.0004170 secs] [Times: user=0.00 sys=0.00, real=0.00 secs] 
356.948: Total time for which application threads were stopped: 0.0005410 seconds, Stopping threads took: 0.0000540 seconds
357.145: Application time: 0.1966740 seconds
357.145: [GC357.145: [ParNew: 33803K->402K(37568K), 0.0004070 secs] 45515K->12113K(120960K), 0.0004350 secs] [Times: user=0.00 sys=0.00, real=0.00 secs] 
357.145: Total time for which application threads were stopped: 0.0005710 seconds, Stopping threads took: 0.0000590 seconds
357.342: Application time: 0.1968990 seconds
357.342: [GC357.342: [ParNew: 33810K->394K(37568K), 0.0004080 secs] 45521K->12105K(120960K), 0.0004350 secs] [Times: user=0.00 sys=0.00, real=0.00 secs] 
357.343: Total time for which application threads were stopped: 0.0005840 seconds, Stopping threads took: 0.0000800 seconds
357.540: Application time: 0.1968460 seconds
357.540: [GC357.540: [ParNew: 33802K->392K(37568K), 0.0004150 secs] 45513K->12111K(120960K), 0.0004390 secs] [Times: user=0.00 sys=0.00, real=0.00 secs] 
357.540: Total time for which application threads were stopped: 0.0005790 seconds, Stopping threads took: 0.0000700 seconds
357.735: Application time: 0.1951570 seconds
357.738: [GC357.738: [ParNew: 33800K->393K(37568K), 0.0004050 secs] 45519K->12112K(120960K), 0.0004430 secs] [Times: user=0.00 sys=0.00, real=0.00 secs] 
357.739: Total time for which application threads were stopped: 0.0034410 seconds, Stopping threads took: 0.0029220 seconds
357.932: Application time: 0.1929600 seconds
357.934: [GC357.935: [ParNew: 33801K->398K(37568K), 0.0004400 secs] 45520K->12117K(120960K), 0.0004670 secs] [Times: user=0.01 sys=0.00, real=0.00 secs] 
357.935: Total time for which application threads were stopped: 0.0031440 seconds, Stopping threads took: 0.0026120 seconds
358.115: Application time: 0.1804740 seconds
358.116: [GC358.116: [ParNew: 33806K->400K(37568K), 0.0003880 secs] 45525K->12119K(120960K), 0.0004180 secs] [Times: user=0.00 sys=0.00, real=0.00 secs] 
358.116: Total time for which application threads were stopped: 0.0005490 seconds, Stopping threads took: 0.0000640 seconds
358.295: Application time: 0.1786950 seconds
358.295: [GC358.295: [ParNew: 33808K->402K(37568K), 0.0004310 secs] 45527K->12137K(120960K), 0.0004550 secs] [Times: user=0.00 sys=0.00, real=0.00 secs] 
358.295: Total time for which application threads were stopped: 0.0006160 seconds, Stopping threads took: 0.0000860 seconds
358.475: Application time: 0.1794010 seconds
358.475: [GC358.475: [ParNew: 33810K->393K(37568K), 0.0004030 secs] 45545K->12128K(120960K), 0.0004310 secs] [Times: user=0.00 sys=0.00, real=0.00 secs] 
358.475: Total time for which application threads were stopped: 0.0005620 seconds, Stopping threads took: 0.0000620 seconds
358.650: Application time: 0.1746440 seconds
358.654: [GC358.654: [ParNew: 33801K->393K(37568K), 0.0004850 secs] 45536K->12128K(120960K), 0.0005140 secs] [Times: user=0.00 sys=0.00, real=0.00 secs] 
358.655: Total time for which application threads were stopped: 0.0049900 seconds, Stopping threads took: 0.0044100 seconds
358.834: Application time: 0.1790700 seconds
358.834: [GC358.834: [ParNew: 33801K->391K(37568K), 0.0004270 secs] 45536K->12126K(120960K), 0.0004520 secs] [Times: user=0.00 sys=0.00, real=0.01 secs] 
358.835: Total time for which application threads were stopped: 0.0006090 seconds, Stopping threads took: 0.0000850 seconds
359.013: Application time: 0.1788920 seconds
359.014: [GC359.014: [ParNew: 33799K->395K(37568K), 0.0004240 secs] 45534K->12138K(120960K), 0.0004480 secs] [Times: user=0.01 sys=0.00, real=0.00 secs] 
359.014: Total time for which application threads were stopped: 0.0005820 seconds, Stopping threads took: 0.0000710 seconds
359.194: Application time: 0.1798450 seconds
359.194: [GC359.194: [ParNew: 33803K->399K(37568K), 0.0004400 secs] 45546K->12150K(120960K), 0.0004710 secs] [Times: user=0.00 sys=0.00, real=0.01 secs] 
359.195: Total time for which application threads were stopped: 0.0006030 seconds, Stopping threads took: 0.0000640 seconds
359.369: Application time: 0.1747080 seconds
359.369: [GC359.369: [ParNew: 33800K->368K(37568K), 0.0003670 secs] 45551K->12119K(120960K), 0.0003940 secs] [Times: user=0.00 sys=0.00, real=0.00 secs] 
359.370: Total time for which application threads were stopped: 0.0005540 seconds, Stopping threads took: 0.0000830 seconds
359.548: Application time: 0.1782600 seconds
359.548: [GC359.548: [ParNew: 33776K->398K(37568K), 0.0004760 secs] 45527K->12150K(120960K), 0.0005060 secs] [Times: user=0.00 sys=0.00, real=0.00 secs] 
359.549: Total time for which application threads were stopped: 0.0006530 seconds, Stopping threads took: 0.0000800 seconds
359.728: Application time: 0.1789120 seconds
359.728: [GC359.728: [ParNew: 33806K->403K(37568K), 0.0003880 secs] 45558K->12162K(120960K), 0.0004130 secs] [Times: user=0.00 sys=0.00, real=0.00 secs] 
359.728: Total time for which application threads were stopped: 0.0005330 seconds, Stopping threads took: 0.0000580 seconds
359.907: Application time: 0.1784570 seconds
359.907: [GC359.907: [ParNew: 33811K->394K(37568K), 0.0003820 secs] 45570K->12161K(120960K), 0.0004110 secs] [Times: user=0.00 sys=0.00, real=0.00 secs] 
359.907: Total time for which application threads were stopped: 0.0005790 seconds, Stopping threads took: 0.0000810 seconds
360.083: Application time: 0.1757250 seconds
360.083: [GC360.083: [ParNew: 33802K->395K(37568K), 0.0003350 secs] 45569K->12163K(120960K), 0.0003600 secs] [Times: user=0.00 sys=0.00, real=0.00 secs] 
360.083: Total time for which application threads were stopped: 0.0004720 seconds, Stopping threads took: 0.0000520 seconds
360.261: Application time: 0.1779310 seconds
360.261: [GC360.261: [ParNew: 33803K->401K(37568K), 0.0003940 secs] 45571K->12168K(120960K), 0.0004210 secs] [Times: user=0.00 sys=0.00, real=0.00 secs] 
360.262: Total time for which application threads were stopped: 0.0005760 seconds, Stopping threads took: 0.0000870 seconds
360.441: Application time: 0.1789690 seconds
360.441: [GC360.441: [ParNew: 33809K->405K(37568K), 0.0003780 secs] 45576K->12181K(120960K), 0.0004060 secs] [Times: user=0.00 sys=0.00, real=0.00 secs] 
360.441: Total time for which application threads were stopped: 0.0005470 seconds, Stopping threads took: 0.0000640 seconds
360.620: Application time: 0.1788550 seconds
360.620: [GC360.620: [ParNew: 33813K->393K(37568K), 0.0005130 secs] 45589K->12176K(120960K), 0.0005410 secs] [Times: user=0.00 sys=0.00, real=0.00 secs] 
360.621: Total time for which application threads were stopped: 0.0006760 seconds, Stopping threads took: 0.0000650 seconds
360.798: Application time: 0.1774670 seconds
360.799: [GC360.799: [ParNew: 33801K->398K(37568K), 0.0003620 secs] 45584K->12181K(120960K), 0.0003880 secs] [Times: user=0.00 sys=0.00, real=0.00 secs] 
360.799: Total time for which application threads were stopped: 0.0005070 seconds, Stopping threads took: 0.0000520 seconds
360.975: Application time: 0.1763510 seconds
360.975: [GC360.975: [ParNew: 33806K->395K(37568K), 0.0004980 secs] 45589K->12178K(120960K), 0.0005330 secs] [Times: user=0.00 sys=0.00, real=0.00 secs] 
360.976: Total time for which application threads were stopped: 0.0006710 seconds, Stopping threads took: 0.0000600 seconds
361.156: Application time: 0.1797750 seconds
361.156: [GC361.156: [ParNew: 33803K->390K(37568K), 0.0004600 secs] 45586K->12173K(120960K), 0.0004820 secs] [Times: user=0.01 sys=0.00, real=0.00 secs] 
361.156: Total time for which application threads were stopped: 0.0006070 seconds, Stopping threads took: 0.0000620 seconds
361.335: Application time: 0.1789800 seconds
361.335: [GC361.335: [ParNew: 33798K->387K(37568K), 0.0004960 secs] 45581K->12178K(120960K), 0.0005250 secs] [Times: user=0.00 sys=0.00, real=0.00 secs] 
361.336: Total time for which application threads were stopped: 0.0006580 seconds, Stopping threads took: 0.0000650 seconds
361.515: Application time: 0.1791160 seconds
361.515: [GC361.515: [ParNew: 33795K->396K(37568K), 0.0004660 secs] 45586K->12187K(120960K), 0.0004930 secs] [Times: user=0.00 sys=0.00, real=0.00 secs] 
361.516: Total time for which application threads were stopped: 0.0006230 seconds, Stopping threads took: 0.0000520 seconds
361.691: Application time: 0.1751270 seconds
361.691: [GC361.691: [ParNew: 33804K->394K(37568K), 0.0003860 secs] 45595K->12185K(120960K), 0.0004140 secs] [Times: user=0.01 sys=0.00, real=0.00 secs] 
361.691: Total time for which application threads were stopped: 0.0005320 seconds, Stopping threads took: 0.0000520 seconds
361.871: Application time: 0.1793680 seconds
361.871: [GC361.871: [ParNew: 33802K->398K(37568K), 0.0004810 secs] 45593K->12189K(120960K), 0.0005080 secs] [Times: user=0.00 sys=0.00, real=0.00 secs] 
361.871: Total time for which application threads were stopped: 0.0006590 seconds, Stopping threads took: 0.0000870 seconds
362.059: Application time: 0.1871610 seconds
362.059: [GC362.059: [ParNew: 33806K->391K(37568K), 0.0004470 secs] 45597K->12190K(120960K), 0.0004730 secs] [Times: user=0.00 sys=0.00, real=0.00 secs] 
362.059: Total time for which application threads were stopped: 0.0006140 seconds, Stopping threads took: 0.0000640 seconds
362.257: Application time: 0.1974830 seconds
362.257: [GC362.257: [ParNew: 33799K->398K(37568K), 0.0004470 secs] 45598K->12197K(120960K), 0.0004810 secs] [Times: user=0.00 sys=0.00, real=0.00 secs] 
362.257: Total time for which application threads were stopped: 0.0006110 seconds, Stopping threads took: 0.0000630 seconds
362.449: Application time: 0.1913740 seconds
362.449: [GC362.449: [ParNew: 33806K->397K(37568K), 0.0003970 secs] 45605K->12196K(120960K), 0.0004260 secs] [Times: user=0.00 sys=0.00, real=0.00 secs] 
362.449: Total time for which application threads were stopped: 0.0005540 seconds, Stopping threads took: 0.0000590 seconds
362.646: Application time: 0.1968300 seconds
362.646: [GC362.646: [ParNew: 33805K->395K(37568K), 0.0004070 secs] 45604K->12195K(120960K), 0.0004360 secs] [Times: user=0.00 sys=0.00, real=0.01 secs] 
362.647: Total time for which application threads were stopped: 0.0005800 seconds, Stopping threads took: 0.0000620 seconds
362.843: Application time: 0.1960640 seconds
362.843: [GC362.843: [ParNew: 33803K->399K(37568K), 0.0004310 secs] 45603K->12206K(120960K), 0.0004580 secs] [Times: user=0.00 sys=0.00, real=0.00 secs] 
362.843: Total time for which application threads were stopped: 0.0005980 seconds, Stopping threads took: 0.0000740 seconds
363.041: Application time: 0.1972800 seconds
363.041: [GC363.041: [ParNew: 33807K->398K(37568K), 0.0003890 secs] 45614K->12213K(120960K), 0.0004160 secs] [Times: user=0.00 sys=0.00, real=0.00 secs] 
363.041: Total time for which application threads were stopped: 0.0005570 seconds, Stopping threads took: 0.0000690 seconds
363.234: Application time: 0.1932460 seconds
363.235: [GC363.235: [ParNew: 33806K->400K(37568K), 0.0003830 secs] 45621K->12215K(120960K), 0.0004090 secs] [Times: user=0.01 sys=0.00, real=0.00 secs] 
363.235: Total time for which application threads were stopped: 0.0005520 seconds, Stopping threads took: 0.0000680 seconds
363.432: Application time: 0.1966130 seconds
363.432: [GC363.432: [ParNew: 33808K->399K(37568K), 0.0003820 secs] 45623K->12214K(120960K), 0.0004060 secs] [Times: user=0.00 sys=0.00, real=0.00 secs] 
363.432: Total time for which application threads were stopped: 0.0005330 seconds, Stopping threads took: 0.0000630 seconds
363.628: Application time: 0.1961910 seconds
363.628: [GC363.628: [ParNew: 33807K->399K(37568K), 0.0004020 secs] 45622K->12222K(120960K), 0.0004260 secs] [Times: user=0.00 sys=0.00, real=0.00 secs] 
363.629: Total time for which application threads were stopped: 0.0005480 seconds, Stopping threads took: 0.0000590 seconds
363.825: Application time: 0.1962280 seconds
363.825: [GC363.825: [ParNew: 33807K->406K(37568K), 0.0004120 secs] 45630K->12237K(120960K), 0.0004410 secs] [Times: user=0.00 sys=0.00, real=0.00 secs] 
363.826: Total time for which application threads were stopped: 0.0005970 seconds, Stopping threads took: 0.0000770 seconds
364.020: Application time: 0.1940960 seconds
364.020: [GC364.020: [ParNew: 33814K->390K(37568K), 0.0004860 secs] 45645K->12221K(120960K), 0.0005150 secs] [Times: user=0.00 sys=0.00, real=0.00 secs] 
364.020: Total time for which application threads were stopped: 0.0006390 seconds, Stopping threads took: 0.0000560 seconds
364.216: Application time: 0.1954940 seconds
364.216: [GC364.216: [ParNew: 33798K->395K(37568K), 0.0004140 secs] 45629K->12226K(120960K), 0.0004400 secs] [Times: user=0.01 sys=0.00, real=0.00 secs] 
364.216: Total time for which application threads were stopped: 0.0005730 seconds, Stopping threads took: 0.0000660 seconds
364.413: Application time: 0.1968220 seconds
364.413: [GC364.413: [ParNew: 33803K->382K(37568K), 0.0004400 secs] 45634K->12213K(120960K), 0.0004690 secs] [Times: user=0.00 sys=0.00, real=0.00 secs] 
364.414: Total time for which application threads were stopped: 0.0006160 seconds, Stopping threads took: 0.0000700 seconds
364.610: Application time: 0.1956350 seconds
364.610: [GC364.610: [ParNew: 33790K->388K(37568K), 0.0004280 secs] 45621K->12227K(120960K), 0.0004550 secs] [Times: user=0.00 sys=0.00, real=0.00 secs] 
364.610: Total time for which application threads were stopped: 0.0005930 seconds, Stopping threads took: 0.0000720 seconds
364.807: Application time: 0.1969650 seconds
364.807: [GC364.807: [ParNew: 33796K->393K(37568K), 0.0004200 secs] 45635K->12232K(120960K), 0.0004540 secs] [Times: user=0.00 sys=0.00, real=0.00 secs] 
364.808: Total time for which application threads were stopped: 0.0005810 seconds, Stopping threads took: 0.0000620 seconds
365.000: Application time: 0.1923380 seconds
365.000: [GC365.000: [ParNew: 33801K->393K(37568K), 0.0004220 secs] 45640K->12232K(120960K), 0.0004470 secs] [Times: user=0.01 sys=0.00, real=0.00 secs] 
365.001: Total time for which application threads were stopped: 0.0005950 seconds, Stopping threads took: 0.0000700 seconds
365.198: Application time: 0.1970940 seconds
365.198: [GC365.198: [ParNew: 33801K->390K(37568K), 0.0004140 secs] 45640K->12229K(120960K), 0.0004480 secs] [Times: user=0.00 sys=0.01, real=0.00 secs] 
365.198: Total time for which application threads were stopped: 0.0005820 seconds, Stopping threads took: 0.0000630 seconds
365.396: Application time: 0.1972880 seconds
365.396: [GC365.396: [ParNew: 33798K->395K(37568K), 0.0004000 secs] 45637K->12243K(120960K), 0.0004260 secs] [Times: user=0.00 sys=0.00, real=0.00 secs] 
365.396: Total time for which application threads were stopped: 0.0005530 seconds, Stopping threads took: 0.0000600 seconds
365.594: Application time: 0.1977640 seconds
365.594: [GC365.594: [ParNew: 33803K->398K(37568K), 0.0004670 secs] 45651K->12245K(120960K), 0.0004960 secs] [Times: user=0.00 sys=0.00, real=0.01 secs] 
365.595: Total time for which application threads were stopped: 0.0006380 seconds, Stopping threads took: 0.0000550 seconds
365.787: Application time: 0.1921050 seconds
365.787: [GC365.787: [ParNew: 33806K->403K(37568K), 0.0003850 secs] 45653K->12250K(120960K), 0.0004120 secs] [Times: user=0.00 sys=0.00, real=0.00 secs] 
365.787: Total time for which application threads were stopped: 0.0005460 seconds, Stopping threads took: 0.0000670 seconds
365.982: Application time: 0.1944020 seconds
365.982: [GC365.982: [ParNew: 33811K->404K(37568K), 0.0019090 secs] 45658K->12252K(120960K), 0.0019390 secs] [Times: user=0.00 sys=0.00, real=0.00 secs] 
365.984: Total time for which application threads were stopped: 0.0020650 seconds, Stopping threads took: 0.0000620 seconds
366.162: Application time: 0.1781920 seconds
366.162: [GC366.162: [ParNew: 33812K->400K(37568K), 0.0004210 secs] 45660K->12255K(120960K), 0.0004510 secs] [Times: user=0.00 sys=0.00, real=0.00 secs] 
366.162: Total time for which application threads were stopped: 0.0005940 seconds, Stopping threads took: 0.0000650 seconds
366.342: Application time: 0.1798480 seconds
366.342: [GC366.342: [ParNew: 33808K->387K(37568K), 0.0004460 secs] 45663K->12250K(120960K), 0.0004700 secs] [Times: user=0.00 sys=0.00, real=0.00 secs] 
366.343: Total time for which application threads were stopped: 0.0006000 seconds, Stopping threads took: 0.0000680 seconds
366.518: Application time: 0.1750360 seconds
366.522: [GC366.522: [ParNew: 33795K->388K(37568K), 0.0004560 secs] 45658K->12251K(120960K), 0.0004810 secs] [Times: user=0.00 sys=0.00, real=0.00 secs] 
366.523: Total time for which application threads were stopped: 0.0049220 seconds, Stopping threads took: 0.0043800 seconds
366.702: Application time: 0.1792150 seconds
366.702: [GC366.702: [ParNew: 33796K->396K(37568K), 0.0004570 secs] 45659K->12259K(120960K), 0.0004840 secs] [Times: user=0.00 sys=0.00, real=0.00 secs] 
366.703: Total time for which application threads were stopped: 0.0006280 seconds, Stopping threads took: 0.0000710 seconds
366.881: Application time: 0.1787540 seconds
366.882: [GC366.882: [ParNew: 33804K->397K(37568K), 0.0004870 secs] 45667K->12268K(120960K), 0.0005120 secs] [Times: user=0.00 sys=0.00, real=0.00 secs] 
366.882: Total time for which application threads were stopped: 0.0006570 seconds, Stopping threads took: 0.0000810 seconds
367.062: Application time: 0.1794050 seconds
367.062: [GC367.062: [ParNew: 33805K->404K(37568K), 0.0004100 secs] 45676K->12283K(120960K), 0.0004370 secs] [Times: user=0.00 sys=0.00, real=0.00 secs] 
367.062: Total time for which application threads were stopped: 0.0005820 seconds, Stopping threads took: 0.0000730 seconds
367.239: Application time: 0.1766870 seconds
367.239: [GC367.239: [ParNew: 33812K->397K(37568K), 0.0004060 secs] 45691K->12276K(120960K), 0.0004310 secs] [Times: user=0.01 sys=0.00, real=0.00 secs] 
367.239: Total time for which application threads were stopped: 0.0005830 seconds, Stopping threads took: 0.0000800 seconds
367.416: Application time: 0.1770600 seconds
367.417: [GC367.417: [ParNew: 33805K->401K(37568K), 0.0004130 secs] 45684K->12280K(120960K), 0.0004390 secs] [Times: user=0.00 sys=0.00, real=0.00 secs] 
367.417: Total time for which application threads were stopped: 0.0005740 seconds, Stopping threads took: 0.0000720 seconds
367.597: Application time: 0.1796340 seconds
367.597: [GC367.597: [ParNew: 33809K->388K(37568K), 0.0003650 secs] 45688K->12267K(120960K), 0.0003910 secs] [Times: user=0.00 sys=0.00, real=0.00 secs] 
367.597: Total time for which application threads were stopped: 0.0005100 seconds, Stopping threads took: 0.0000560 seconds
367.777: Application time: 0.1794760 seconds
367.778: [GC367.778: [ParNew: 33796K->399K(37568K), 0.0003920 secs] 45675K->12287K(120960K), 0.0004150 secs] [Times: user=0.01 sys=0.00, real=0.00 secs] 
367.779: Total time for which application threads were stopped: 0.0021240 seconds, Stopping threads took: 0.0016350 seconds
367.955: Application time: 0.1763990 seconds
367.955: [GC367.955: [ParNew: 33807K->371K(37568K), 0.0003660 secs] 45695K->12258K(120960K), 0.0003920 secs] [Times: user=0.00 sys=0.00, real=0.00 secs] 
367.956: Total time for which application threads were stopped: 0.0005390 seconds, Stopping threads took: 0.0000830 seconds
368.133: Application time: 0.1772110 seconds
368.133: [GC368.133: [ParNew: 33779K->396K(37568K), 0.0004030 secs] 45666K->12283K(120960K), 0.0004310 secs] [Times: user=0.00 sys=0.00, real=0.00 secs] 
368.134: Total time for which application threads were stopped: 0.0005580 seconds, Stopping threads took: 0.0000600 seconds
368.313: Application time: 0.1791350 seconds
368.313: [GC368.313: [ParNew: 33804K->401K(37568K), 0.0003770 secs] 45691K->12289K(120960K), 0.0004020 secs] [Times: user=0.00 sys=0.00, real=0.00 secs] 
368.313: Total time for which application threads were stopped: 0.0005370 seconds, Stopping threads took: 0.0000610 seconds
368.492: Application time: 0.1791280 seconds
368.492: [GC368.492: [ParNew: 33809K->392K(37568K), 0.0004680 secs] 45697K->12287K(120960K), 0.0004950 secs] [Times: user=0.00 sys=0.00, real=0.00 secs] 
368.493: Total time for which application threads were stopped: 0.0006170 seconds, Stopping threads took: 0.0000550 seconds
368.673: Application time: 0.1801070 seconds
368.673: [GC368.673: [ParNew: 33800K->396K(37568K), 0.0004320 secs] 45695K->12291K(120960K), 0.0004590 secs] [Times: user=0.01 sys=0.00, real=0.00 secs] 
368.674: Total time for which application threads were stopped: 0.0006020 seconds, Stopping threads took: 0.0000750 seconds
368.848: Application time: 0.1746390 seconds
368.848: [GC368.848: [ParNew: 33804K->389K(37568K), 0.0004090 secs] 45699K->12284K(120960K), 0.0004340 secs] [Times: user=0.01 sys=0.00, real=0.00 secs] 
368.849: Total time for which application threads were stopped: 0.0005740 seconds, Stopping threads took: 0.0000670 seconds
369.028: Application time: 0.1790300 seconds
369.028: [GC369.028: [ParNew: 33797K->398K(37568K), 0.0004370 secs] 45692K->12293K(120960K), 0.0004620 secs] [Times: user=0.00 sys=0.00, real=0.00 secs] 
369.028: Total time for which application threads were stopped: 0.0005880 seconds, Stopping threads took: 0.0000610 seconds
369.207: Application time: 0.1785490 seconds
369.207: [GC369.207: [ParNew: 33806K->401K(37568K), 0.0004260 secs] 45701K->12304K(120960K), 0.0004550 secs] [Times: user=0.01 sys=0.00, real=0.00 secs] 
369.208: Total time for which application threads were stopped: 0.0005910 seconds, Stopping threads took: 0.0000700 seconds
369.386: Application time: 0.1788070 seconds
369.387: [GC369.387: [ParNew: 33809K->404K(37568K), 0.0003920 secs] 45712K->12315K(120960K), 0.0004270 secs] [Times: user=0.00 sys=0.00, real=0.00 secs] 
369.387: Total time for which application threads were stopped: 0.0005720 seconds, Stopping threads took: 0.0000720 seconds
369.562: Application time: 0.1748240 seconds
369.562: [GC369.562: [ParNew: 33812K->402K(37568K), 0.0003710 secs] 45723K->12313K(120960K), 0.0003960 secs] [Times: user=0.00 sys=0.00, real=0.00 secs] 
369.562: Total time for which application threads were stopped: 0.0005160 seconds, Stopping threads took: 0.0000570 seconds
369.742: Application time: 0.1792000 seconds
369.742: [GC369.742: [ParNew: 33810K->392K(37568K), 0.0004390 secs] 45721K->12303K(120960K), 0.0004630 secs] [Times: user=0.00 sys=0.00, real=0.00 secs] 
369.742: Total time for which application threads were stopped: 0.0005900 seconds, Stopping threads took: 0.0000640 seconds
369.920: Application time: 0.1777030 seconds
369.920: [GC369.920: [ParNew: 33800K->392K(37568K), 0.0004580 secs] 45711K->12311K(120960K), 0.0004810 secs] [Times: user=0.01 sys=0.00, real=0.00 secs] 
369.920: Total time for which application threads were stopped: 0.0006110 seconds, Stopping threads took: 0.0000580 seconds
370.100: Application time: 0.1790290 seconds
370.100: [GC370.100: [ParNew: 33800K->396K(37568K), 0.0003790 secs] 45719K->12331K(120960K), 0.0004070 secs] [Times: user=0.00 sys=0.00, real=0.00 secs] 
370.100: Total time for which application threads were stopped: 0.0005260 seconds, Stopping threads took: 0.0000550 seconds
370.275: Application time: 0.1746520 seconds
370.275: [GC370.275: [ParNew: 33804K->395K(37568K), 0.0004160 secs] 45739K->12330K(120960K), 0.0004440 secs] [Times: user=0.00 sys=0.00, real=0.00 secs] 
370.275: Total time for which application threads were stopped: 0.0005900 seconds, Stopping threads took: 0.0000780 seconds
370.453: Application time: 0.1782190 seconds
370.454: [GC370.454: [ParNew: 33803K->400K(37568K), 0.0003800 secs] 45738K->12335K(120960K), 0.0004060 secs] [Times: user=0.00 sys=0.00, real=0.00 secs] 
370.454: Total time for which application threads were stopped: 0.0005450 seconds, Stopping threads took: 0.0000650 seconds
370.632: Application time: 0.1782440 seconds
370.632: [GC370.632: [ParNew: 33808K->397K(37568K), 0.0004660 secs] 45743K->12340K(120960K), 0.0004910 secs] [Times: user=0.00 sys=0.00, real=0.00 secs] 
370.633: Total time for which application threads were stopped: 0.0006220 seconds, Stopping threads took: 0.0000670 seconds
370.811: Application time: 0.1780660 seconds
370.811: [GC370.811: [ParNew: 33805K->398K(37568K), 0.0004160 secs] 45748K->12349K(120960K), 0.0004440 secs] [Times: user=0.01 sys=0.00, real=0.00 secs] 
370.812: Total time for which application threads were stopped: 0.0005690 seconds, Stopping threads took: 0.0000570 seconds
370.988: Application time: 0.1768890 seconds
370.989: [GC370.989: [ParNew: 33806K->399K(37568K), 0.0003810 secs] 45757K->12350K(120960K), 0.0004150 secs] [Times: user=0.00 sys=0.00, real=0.00 secs] 
370.989: Total time for which application threads were stopped: 0.0005630 seconds, Stopping threads took: 0.0000780 seconds
371.165: Application time: 0.1762160 seconds
371.165: [GC371.165: [ParNew: 33807K->390K(37568K), 0.0003790 secs] 45758K->12341K(120960K), 0.0004060 secs] [Times: user=0.00 sys=0.00, real=0.00 secs] 
371.166: Total time for which application threads were stopped: 0.0005430 seconds, Stopping threads took: 0.0000710 seconds
371.345: Application time: 0.1795670 seconds
371.345: [GC371.345: [ParNew: 33798K->391K(37568K), 0.0004250 secs] 45749K->12342K(120960K), 0.0004530 secs] [Times: user=0.00 sys=0.00, real=0.00 secs] 
371.346: Total time for which application threads were stopped: 0.0006040 seconds, Stopping threads took: 0.0000860 seconds
371.524: Application time: 0.1785540 seconds
371.525: [GC371.525: [ParNew: 33799K->401K(37568K), 0.0003980 secs] 45750K->12369K(120960K), 0.0004240 secs] [Times: user=0.00 sys=0.00, real=0.00 secs] 
371.525: Total time for which application threads were stopped: 0.0005630 seconds, Stopping threads took: 0.0000620 seconds
371.705: Application time: 0.1795670 seconds
371.705: [GC371.705: [ParNew: 33809K->406K(37568K), 0.0003810 secs] 45777K->12373K(120960K), 0.0004190 secs] [Times: user=0.00 sys=0.00, real=0.00 secs] 
371.705: Total time for which application threads were stopped: 0.0005510 seconds, Stopping threads took: 0.0000640 seconds
371.880: Application time: 0.1747370 seconds
371.880: [GC371.880: [ParNew: 33814K->405K(37568K), 0.0004150 secs] 45781K->12372K(120960K), 0.0004430 secs] [Times: user=0.00 sys=0.00, real=0.00 secs] 
371.880: Total time for which application threads were stopped: 0.0005640 seconds, Stopping threads took: 0.0000550 seconds
372.060: Application time: 0.1796640 seconds
372.060: [GC372.060: [ParNew: 33813K->397K(37568K), 0.0004040 secs] 45780K->12364K(120960K), 0.0004280 secs] [Times: user=0.01 sys=0.00, real=0.00 secs] 
372.061: Total time for which application threads were stopped: 0.0005660 seconds, Stopping threads took: 0.0000550 seconds
372.240: Application time: 0.1789760 seconds
372.240: [GC372.240: [ParNew: 33805K->398K(37568K), 0.0004700 secs] 45772K->12381K(120960K), 0.0004970 secs] [Times: user=0.00 sys=0.00, real=0.00 secs] 
372.240: Total time for which application threads were stopped: 0.0006210 seconds, Stopping threads took: 0.0000590 seconds
372.420: Application time: 0.1793230 seconds
372.420: [GC372.420: [ParNew: 33806K->399K(37568K), 0.0004000 secs] 45789K->12382K(120960K), 0.0004250 secs] [Times: user=0.00 sys=0.00, real=0.00 secs] 
372.420: Total time for which application threads were stopped: 0.0005640 seconds, Stopping threads took: 0.0000740 seconds
372.594: Application time: 0.1737390 seconds
372.594: [GC372.594: [ParNew: 33807K->404K(37568K), 0.0004390 secs] 45790K->12387K(120960K), 0.0004670 secs] [Times: user=0.00 sys=0.00, real=0.01 secs] 
372.595: Total time for which application threads were stopped: 0.0005990 seconds, Stopping threads took: 0.0000560 seconds
372.773: Application time: 0.1788990 seconds
372.774: [GC372.774: [ParNew: 33812K->399K(37568K), 0.0004710 secs] 45795K->12383K(120960K), 0.0004970 secs] [Times: user=0.00 sys=0.00, real=0.00 secs] 
372.774: Total time for which application threads were stopped: 0.0006330 seconds, Stopping threads took: 0.0000670 seconds
372.953: Application time: 0.1790460 seconds
372.953: [GC372.953: [ParNew: 33807K->392K(37568K), 0.0004180 secs] 45791K->12383K(120960K), 0.0004470 secs] [Times: user=0.01 sys=0.00, real=0.00 secs] 
372.954: Total time for which application threads were stopped: 0.0006060 seconds, Stopping threads took: 0.0000940 seconds
373.133: Application time: 0.1792250 seconds
373.133: [GC373.133: [ParNew: 33800K->398K(37568K), 0.0003770 secs] 45791K->12397K(120960K), 0.0004020 secs] [Times: user=0.00 sys=0.00, real=0.00 secs] 
373.134: Total time for which application threads were stopped: 0.0005460 seconds, Stopping threads took: 0.0000670 seconds
373.308: Application time: 0.1748330 seconds
373.308: [GC373.308: [ParNew: 33806K->404K(37568K), 0.0003610 secs] 45805K->12403K(120960K), 0.0003870 secs] [Times: user=0.00 sys=0.00, real=0.00 secs] 
373.309: Total time for which application threads were stopped: 0.0005110 seconds, Stopping threads took: 0.0000610 seconds
373.487: Application time: 0.1782750 seconds
373.487: [GC373.487: [ParNew: 33812K->407K(37568K), 0.0003870 secs] 45811K->12407K(120960K), 0.0004120 secs] [Times: user=0.00 sys=0.00, real=0.00 secs] 
373.488: Total time for which application threads were stopped: 0.0005590 seconds, Stopping threads took: 0.0000780 seconds
373.666: Application time: 0.1783240 seconds
373.666: [GC373.666: [ParNew: 33815K->389K(37568K), 0.0004840 secs] 45815K->12396K(120960K), 0.0005100 secs] [Times: user=0.00 sys=0.00, real=0.01 secs] 
373.667: Total time for which application threads were stopped: 0.0006500 seconds, Stopping threads took: 0.0000680 seconds
373.846: Application time: 0.1794650 seconds
373.846: [GC373.846: [ParNew: 33797K->399K(37568K), 0.0003950 secs] 45804K->12422K(120960K), 0.0004260 secs] [Times: user=0.00 sys=0.00, real=0.01 secs] 
373.847: Total time for which application threads were stopped: 0.0005720 seconds, Stopping threads took: 0.0000700 seconds
374.024: Application time: 0.1776130 seconds
374.024: [GC374.024: [ParNew: 33807K->392K(37568K), 0.0003950 secs] 45830K->12415K(120960K), 0.0004220 secs] [Times: user=0.01 sys=0.00, real=0.00 secs] 
374.025: Total time for which application threads were stopped: 0.0005750 seconds, Stopping threads took: 0.0000860 seconds
374.201: Application time: 0.1763970 seconds
374.201: [GC374.201: [ParNew: 33800K->397K(37568K), 0.0004160 secs] 45823K->12421K(120960K), 0.0004450 secs] [Times: user=0.00 sys=0.00, real=0.00 secs] 
374.202: Total time for which application threads were stopped: 0.0005900 seconds, Stopping threads took: 0.0000660 seconds
374.381: Application time: 0.1790590 seconds
374.381: [GC374.381: [ParNew: 33805K->396K(37568K), 0.0004120 secs] 45829K->12419K(120960K), 0.0004410 secs] [Times: user=0.00 sys=0.00, real=0.00 secs] 
374.382: Total time for which application threads were stopped: 0.0005780 seconds, Stopping threads took: 0.0000730 seconds
374.560: Application time: 0.1788330 seconds
374.562: [GC374.562: [ParNew: 33804K->390K(37568K), 0.0003850 secs] 45827K->12422K(120960K), 0.0004120 secs] [Times: user=0.00 sys=0.00, real=0.00 secs] 
374.563: Total time for which application threads were stopped: 0.0024120 seconds, Stopping threads took: 0.0019340 seconds
374.742: Application time: 0.1790620 seconds
374.742: [GC374.742: [ParNew: 33798K->390K(37568K), 0.0004010 secs] 45830K->12421K(120960K), 0.0004300 secs] [Times: user=0.00 sys=0.00, real=0.00 secs] 
374.742: Total time for which application threads were stopped: 0.0005680 seconds, Stopping threads took: 0.0000620 seconds
374.916: Application time: 0.1739440 seconds
374.916: [GC374.916: [ParNew: 33798K->397K(37568K), 0.0004110 secs] 45829K->12428K(120960K), 0.0004380 secs] [Times: user=0.00 sys=0.00, real=0.00 secs] 
374.917: Total time for which application threads were stopped: 0.0005610 seconds, Stopping threads took: 0.0000580 seconds
375.096: Application time: 0.1795370 seconds
375.097: [GC375.097: [ParNew: 33805K->401K(37568K), 0.0003840 secs] 45836K->12433K(120960K), 0.0004100 secs] [Times: user=0.01 sys=0.00, real=0.00 secs] 
375.097: Total time for which application threads were stopped: 0.0005280 seconds, Stopping threads took: 0.0000570 seconds
375.276: Application time: 0.1786670 seconds
375.276: [GC375.276: [ParNew: 33809K->407K(37568K), 0.0003830 secs] 45841K->12454K(120960K), 0.0004120 secs] [Times: user=0.00 sys=0.00, real=0.00 secs] 
375.276: Total time for which application threads were stopped: 0.0005540 seconds, Stopping threads took: 0.0000670 seconds
375.455: Application time: 0.1789850 seconds
375.455: [GC375.455: [ParNew: 33815K->400K(37568K), 0.0004800 secs] 45862K->12447K(120960K), 0.0005060 secs] [Times: user=0.00 sys=0.00, real=0.00 secs] 
375.456: Total time for which application threads were stopped: 0.0006300 seconds, Stopping threads took: 0.0000600 seconds
375.631: Application time: 0.1748370 seconds
375.631: [GC375.631: [ParNew: 33808K->397K(37568K), 0.0004180 secs] 45855K->12444K(120960K), 0.0004420 secs] [Times: user=0.00 sys=0.00, real=0.00 secs] 
375.631: Total time for which application threads were stopped: 0.0005700 seconds, Stopping threads took: 0.0000640 seconds
375.811: Application time: 0.1792680 seconds
375.811: [GC375.811: [ParNew: 33805K->401K(37568K), 0.0003810 secs] 45852K->12448K(120960K), 0.0004100 secs] [Times: user=0.00 sys=0.00, real=0.00 secs] 
375.811: Total time for which application threads were stopped: 0.0005630 seconds, Stopping threads took: 0.0000760 seconds
375.990: Application time: 0.1791670 seconds
375.990: [GC375.990: [ParNew: 33809K->401K(37568K), 0.0004720 secs] 45856K->12456K(120960K), 0.0005030 secs] [Times: user=0.00 sys=0.00, real=0.00 secs] 
375.991: Total time for which application threads were stopped: 0.0006290 seconds, Stopping threads took: 0.0000580 seconds
376.171: Application time: 0.1796200 seconds
376.171: [GC376.171: [ParNew: 33809K->390K(37568K), 0.0004200 secs] 45864K->12453K(120960K), 0.0004480 secs] [Times: user=0.00 sys=0.00, real=0.00 secs] 
376.171: Total time for which application threads were stopped: 0.0005680 seconds, Stopping threads took: 0.0000520 seconds
376.346: Application time: 0.1747850 seconds
376.346: [GC376.346: [ParNew: 33798K->394K(37568K), 0.0004570 secs] 45861K->12457K(120960K), 0.0004870 secs] [Times: user=0.00 sys=0.00, real=0.01 secs] 
376.346: Total time for which application threads were stopped: 0.0006260 seconds, Stopping threads took: 0.0000580 seconds
376.525: Application time: 0.1780970 seconds
376.525: [GC376.525: [ParNew: 33802K->391K(37568K), 0.0003810 secs] 45865K->12454K(120960K), 0.0004090 secs] [Times: user=0.00 sys=0.00, real=0.00 secs] 
376.525: Total time for which application threads were stopped: 0.0005500 seconds, Stopping threads took: 0.0000750 seconds
376.704: Application time: 0.1788330 seconds
376.704: [GC376.704: [ParNew: 33799K->390K(37568K), 0.0004740 secs] 45862K->12461K(120960K), 0.0005020 secs] [Times: user=0.01 sys=0.00, real=0.00 secs] 
376.705: Total time for which application threads were stopped: 0.0006490 seconds, Stopping threads took: 0.0000790 seconds
376.884: Application time: 0.1792100 seconds
376.884: [GC376.884: [ParNew: 33798K->396K(37568K), 0.0003770 secs] 45869K->12475K(120960K), 0.0004000 secs] [Times: user=0.00 sys=0.00, real=0.00 secs] 
376.884: Total time for which application threads were stopped: 0.0005390 seconds, Stopping threads took: 0.0000690 seconds
377.061: Application time: 0.1761220 seconds
377.061: [GC377.061: [ParNew: 33804K->382K(37568K), 0.0004000 secs] 45883K->12461K(120960K), 0.0004220 secs] [Times: user=0.00 sys=0.00, real=0.00 secs] 
377.061: Total time for which application threads were stopped: 0.0005480 seconds, Stopping threads took: 0.0000630 seconds
377.103: Application time: 0.0416490 seconds
377.103: Total time for which application threads were stopped: 0.0001060 seconds, Stopping threads took: 0.0000750 seconds
377.242: Application time: 0.1387380 seconds
377.242: [GC377.242: [ParNew: 33790K->362K(37568K), 0.0003870 secs] 45869K->12441K(120960K), 0.0004130 secs] [Times: user=0.01 sys=0.00, real=0.00 secs] 
377.242: Total time for which application threads were stopped: 0.0005460 seconds, Stopping threads took: 0.0000710 seconds
377.423: Application time: 0.1812690 seconds
377.423: [GC377.424: [ParNew: 33770K->346K(37568K), 0.0004710 secs] 45849K->12425K(120960K), 0.0005000 secs] [Times: user=0.00 sys=0.00, real=0.00 secs] 
377.424: Total time for which application threads were stopped: 0.0006460 seconds, Stopping threads took: 0.0000680 seconds
377.605: Application time: 0.1814340 seconds
377.606: [GC377.606: [ParNew: 33754K->347K(37568K), 0.0004280 secs] 45833K->12442K(120960K), 0.0004560 secs] [Times: user=0.01 sys=0.00, real=0.00 secs] 
377.606: Total time for which application threads were stopped: 0.0005850 seconds, Stopping threads took: 0.0000600 seconds
377.610: Application time: 0.0042240 seconds
377.610: Total time for which application threads were stopped: 0.0000910 seconds, Stopping threads took: 0.0000750 seconds
377.649: Application time: 0.0383230 seconds
377.649: Total time for which application threads were stopped: 0.0000760 seconds, Stopping threads took: 0.0000540 seconds
377.661: Application time: 0.0124800 seconds
377.661: Total time for which application threads were stopped: 0.0000470 seconds, Stopping threads took: 0.0000300 seconds
377.700: Application time: 0.0382900 seconds
377.700: Total time for which application threads were stopped: 0.0000420 seconds, Stopping threads took: 0.0000240 seconds
377.734: Application time: 0.0346440 seconds
377.734: Total time for which application threads were stopped: 0.0000400 seconds, Stopping threads took: 0.0000230 seconds
377.743: Application time: 0.0082420 seconds
377.743: Total time for which application threads were stopped: 0.0000310 seconds, Stopping threads took: 0.0000180 seconds
377.816: Application time: 0.0736910 seconds
377.816: Total time for which application threads were stopped: 0.0000740 seconds, Stopping threads took: 0.0000080 seconds
377.925: Application time: 0.1086840 seconds
377.925: [GC377.925: [ParNew: 33755K->3419K(37568K), 0.0016450 secs] 45850K->15514K(120960K), 0.0016860 secs] [Times: user=0.01 sys=0.01, real=0.01 secs] 
377.927: Total time for which application threads were stopped: 0.0017870 seconds, Stopping threads took: 0.0000140 seconds
377.945: Application time: 0.0177430 seconds
377.945: Total time for which application threads were stopped: 0.0000430 seconds, Stopping threads took: 0.0000140 seconds
378.022: Application time: 0.0774190 seconds
378.022: Total time for which application threads were stopped: 0.0000440 seconds, Stopping threads took: 0.0000090 seconds
378.022: Application time: 0.0000560 seconds
378.022: Total time for which application threads were stopped: 0.0000110 seconds, Stopping threads took: 0.0000040 seconds
378.022: Application time: 0.0000180 seconds
378.022: Total time for which application threads were stopped: 0.0000080 seconds, Stopping threads took: 0.0000030 seconds
378.496: Application time: 0.4736140 seconds
378.496: [GC378.496: [ParNew: 36827K->4160K(37568K), 0.0043070 secs] 48922K->20687K(120960K), 0.0043410 secs] [Times: user=0.02 sys=0.01, real=0.00 secs] 
378.500: Total time for which application threads were stopped: 0.0044650 seconds, Stopping threads took: 0.0000110 seconds
378.500: Application time: 0.0000930 seconds
378.500: Total time for which application threads were stopped: 0.0000830 seconds, Stopping threads took: 0.0000480 seconds
378.500: Application time: 0.0000490 seconds
378.501: Total time for which application threads were stopped: 0.0001000 seconds, Stopping threads took: 0.0000650 seconds
378.501: Application time: 0.0000760 seconds
378.501: Total time for which application threads were stopped: 0.0000390 seconds, Stopping threads took: 0.0000310 seconds
378.501: Application time: 0.0000280 seconds
378.501: Total time for which application threads were stopped: 0.0000220 seconds, Stopping threads took: 0.0000150 seconds
378.501: Application time: 0.0001940 seconds
378.501: Total time for which application threads were stopped: 0.0000200 seconds, Stopping threads took: 0.0000120 seconds
378.501: Application time: 0.0000650 seconds
378.501: Total time for which application threads were stopped: 0.0000190 seconds, Stopping threads took: 0.0000050 seconds
378.539: Application time: 0.0383310 seconds
378.539: Total time for which application threads were stopped: 0.0000340 seconds, Stopping threads took: 0.0000120 seconds
Heap
 par new generation   total 37568K, used 11181K [0x0000000080c00000, 0x00000000834c0000, 0x00000000a9750000)
  eden space 33408K,  21% used [0x0000000080c00000, 0x00000000812db4c8, 0x0000000082ca0000)
  from space 4160K, 100% used [0x00000000830b0000, 0x00000000834c0000, 0x00000000834c0000)
  to   space 4160K,   0% used [0x0000000082ca0000, 0x0000000082ca0000, 0x00000000830b0000)
 tenured generation   total 83392K, used 16527K [0x00000000a9750000, 0x00000000ae8c0000, 0x00000000fae00000)
   the space 83392K,  19% used [0x00000000a9750000, 0x00000000aa773c18, 0x00000000aa773e00, 0x00000000ae8c0000)
 compacting perm gen  total 21248K, used 13586K [0x00000000fae00000, 0x00000000fc2c0000, 0x0000000100000000)
   the space 21248K,  63% used [0x00000000fae00000, 0x00000000fbb44b48, 0x00000000fbb44c00, 0x00000000fc2c0000)
No shared spaces configured.
378.540: Application time: 0.0001510 seconds
