Java HotSpot(TM) 64-Bit Server VM (24.80-b11) for linux-amd64 JRE (1.7.0_80-b15), built on Apr 10 2015 19:53:14 by "java_re" with gcc 4.3.0 20080428 (Red Hat 4.3.0-8)
Memory: 4k page, physical 8000092k(6300908k free), swap 8218620k(8218620k free)
CommandLine flags: -XX:InitialHeapSize=128001472 -XX:MaxHeapSize=2048023552 -XX:+PrintGC -XX:+PrintGCApplicationConcurrentTime -XX:+PrintGCApplicationStoppedTime -XX:+PrintGCDetails -XX:+PrintGCTimeStamps -XX:+UseCompressedOops -XX:+UseParallelGC 
1.012: Application time: 0.9833270 seconds
1.012: Total time for which application threads were stopped: 0.0000410 seconds, Stopping threads took: 0.0000100 seconds
4.034: Application time: 3.0220170 seconds
4.034: Total time for which application threads were stopped: 0.0000680 seconds, Stopping threads took: 0.0000110 seconds
14.888: Application time: 10.8548360 seconds
14.889: Total time for which application threads were stopped: 0.0000230 seconds, Stopping threads took: 0.0000080 seconds
14.889: Application time: 0.0000630 seconds
14.889: Total time for which application threads were stopped: 0.0000230 seconds, Stopping threads took: 0.0000070 seconds
14.890: Application time: 0.0015300 seconds
14.890: Total time for which application threads were stopped: 0.0000120 seconds, Stopping threads took: 0.0000040 seconds
14.908: Application time: 0.0183000 seconds
14.909: Total time for which application threads were stopped: 0.0000410 seconds, Stopping threads took: 0.0000110 seconds
14.923: Application time: 0.0140230 seconds
14.923: [GC [PSYoungGen: 10776K->3321K(36864K)] 10776K->3329K(119808K), 0.0021760 secs] [Times: user=0.00 sys=0.00, real=0.00 secs] 
14.925: [Full GC [PSYoungGen: 3321K->0K(36864K)] [ParOldGen: 8K->3145K(82944K)] 3329K->3145K(119808K) [PSPermGen: 5076K->5074K(21504K)], 0.0117180 secs] [Times: user=0.04 sys=0.00, real=0.01 secs] 
14.937: Total time for which application threads were stopped: 0.0140270 seconds, Stopping threads took: 0.0000190 seconds
14.937: Application time: 0.0000530 seconds
14.937: [GC [PSYoungGen: 0K->0K(36864K)] 3145K->3145K(119808K), 0.0002610 secs] [Times: user=0.01 sys=0.00, real=0.00 secs] 
14.937: [Full GC [PSYoungGen: 0K->0K(36864K)] [ParOldGen: 3145K->3145K(82944K)] 3145K->3145K(119808K) [PSPermGen: 5074K->5074K(21504K)], 0.0044050 secs] [Times: user=0.00 sys=0.01, real=0.01 secs] 
14.941: Total time for which application threads were stopped: 0.0047590 seconds, Stopping threads took: 0.0000150 seconds
14.941: Application time: 0.0001020 seconds
14.941: Total time for which application threads were stopped: 0.0000230 seconds, Stopping threads took: 0.0000140 seconds
14.942: Application time: 0.0000120 seconds
14.942: Total time for which application threads were stopped: 0.0000170 seconds, Stopping threads took: 0.0000130 seconds
14.942: Application time: 0.0000100 seconds
14.942: Total time for which application threads were stopped: 0.0000140 seconds, Stopping threads took: 0.0000100 seconds
14.942: Application time: 0.0000090 seconds
14.942: Total time for which application threads were stopped: 0.0000160 seconds, Stopping threads took: 0.0000120 seconds
14.942: Application time: 0.0000100 seconds
14.942: Total time for which application threads were stopped: 0.0000190 seconds, Stopping threads took: 0.0000150 seconds
14.942: Application time: 0.0000090 seconds
14.942: Total time for which application threads were stopped: 0.0000130 seconds, Stopping threads took: 0.0000090 seconds
14.942: Application time: 0.0000220 seconds
14.942: Total time for which application threads were stopped: 0.0000140 seconds, Stopping threads took: 0.0000090 seconds
14.942: Application time: 0.0000130 seconds
14.942: Total time for which application threads were stopped: 0.0000160 seconds, Stopping threads took: 0.0000120 seconds
14.942: Application time: 0.0000110 seconds
14.942: Total time for which application threads were stopped: 0.0000170 seconds, Stopping threads took: 0.0000130 seconds
14.942: Application time: 0.0000110 seconds
14.942: Total time for which application threads were stopped: 0.0000230 seconds, Stopping threads took: 0.0000190 seconds
14.942: Application time: 0.0000120 seconds
14.942: Total time for which application threads were stopped: 0.0000190 seconds, Stopping threads took: 0.0000150 seconds
14.942: Application time: 0.0000110 seconds
14.942: Total time for which application threads were stopped: 0.0000160 seconds, Stopping threads took: 0.0000120 seconds
14.942: Application time: 0.0000110 seconds
14.942: Total time for which application threads were stopped: 0.0000180 seconds, Stopping threads took: 0.0000130 seconds
14.942: Application time: 0.0000090 seconds
14.942: Total time for which application threads were stopped: 0.0000130 seconds, Stopping threads took: 0.0000090 seconds
14.942: Application time: 0.0000100 seconds
14.942: Total time for which application threads were stopped: 0.0000120 seconds, Stopping threads took: 0.0000080 seconds
14.942: Application time: 0.0000100 seconds
14.942: Total time for which application threads were stopped: 0.0000150 seconds, Stopping threads took: 0.0000110 seconds
14.942: Application time: 0.0000100 seconds
14.942: Total time for which application threads were stopped: 0.0000190 seconds, Stopping threads took: 0.0000150 seconds
14.942: Application time: 0.0000120 seconds
14.942: Total time for which application threads were stopped: 0.0000130 seconds, Stopping threads took: 0.0000090 seconds
14.942: Application time: 0.0000130 seconds
14.942: Total time for which application threads were stopped: 0.0000140 seconds, Stopping threads took: 0.0000100 seconds
14.942: Application time: 0.0000110 seconds
14.942: Total time for which application threads were stopped: 0.0000200 seconds, Stopping threads took: 0.0000090 seconds
14.943: Application time: 0.0004660 seconds
14.943: Total time for which application threads were stopped: 0.0000110 seconds, Stopping threads took: 0.0000050 seconds
14.944: Application time: 0.0018970 seconds
14.944: Total time for which application threads were stopped: 0.0000310 seconds, Stopping threads took: 0.0000260 seconds
14.945: Application time: 0.0000980 seconds
14.945: Total time for which application threads were stopped: 0.0000680 seconds, Stopping threads took: 0.0000580 seconds
14.945: Application time: 0.0004160 seconds
14.945: Total time for which application threads were stopped: 0.0000280 seconds, Stopping threads took: 0.0000170 seconds
14.960: Application time: 0.0153580 seconds
14.962: Total time for which application threads were stopped: 0.0018470 seconds, Stopping threads took: 0.0018070 seconds
15.244: Application time: 0.2813410 seconds
15.278: [GC [PSYoungGen: 31596K->2644K(36864K)] 34741K->5790K(119808K), 0.0010440 secs] [Times: user=0.01 sys=0.00, real=0.01 secs] 
15.279: Total time for which application threads were stopped: 0.0349880 seconds, Stopping threads took: 0.0338480 seconds
15.294: Application time: 0.0156070 seconds
15.353: Total time for which application threads were stopped: 0.0588020 seconds, Stopping threads took: 0.0587730 seconds
15.366: Application time: 0.0131960 seconds
15.456: Total time for which application threads were stopped: 0.0902360 seconds, Stopping threads took: 0.0901970 seconds
15.457: Application time: 0.0000840 seconds
15.457: Total time for which application threads were stopped: 0.0001360 seconds, Stopping threads took: 0.0001180 seconds
15.457: Application time: 0.0000590 seconds
15.457: Total time for which application threads were stopped: 0.0000710 seconds, Stopping threads took: 0.0000580 seconds
15.457: Application time: 0.0000480 seconds
15.457: Total time for which application threads were stopped: 0.0001880 seconds, Stopping threads took: 0.0001770 seconds
15.457: Application time: 0.0000440 seconds
15.457: Total time for which application threads were stopped: 0.0001130 seconds, Stopping threads took: 0.0001050 seconds
15.457: Application time: 0.0000160 seconds
15.457: Total time for which application threads were stopped: 0.0000090 seconds, Stopping threads took: 0.0000040 seconds
15.457: Application time: 0.0000110 seconds
15.457: Total time for which application threads were stopped: 0.0000090 seconds, Stopping threads took: 0.0000030 seconds
15.457: Application time: 0.0000230 seconds
15.457: Total time for which application threads were stopped: 0.0001470 seconds, Stopping threads took: 0.0001400 seconds
15.457: Application time: 0.0000150 seconds
15.458: Total time for which application threads were stopped: 0.0000800 seconds, Stopping threads took: 0.0000740 seconds
15.458: Application time: 0.0000100 seconds
15.458: Total time for which application threads were stopped: 0.0000080 seconds, Stopping threads took: 0.0000040 seconds
15.458: Application time: 0.0000110 seconds
15.458: Total time for which application threads were stopped: 0.0000340 seconds, Stopping threads took: 0.0000290 seconds
15.539: Application time: 0.0814300 seconds
15.607: [GC [PSYoungGen: 34272K->758K(36864K)] 37418K->3904K(119808K), 0.0005570 secs] [Times: user=0.00 sys=0.00, real=0.00 secs] 
15.607: Total time for which application threads were stopped: 0.0681080 seconds, Stopping threads took: 0.0674770 seconds
15.847: Application time: 0.2400220 seconds
15.902: [GC [PSYoungGen: 32188K->1571K(36864K)] 35333K->4717K(119808K), 0.0007730 secs] [Times: user=0.00 sys=0.00, real=0.00 secs] 
15.903: Total time for which application threads were stopped: 0.0558040 seconds, Stopping threads took: 0.0549560 seconds
16.160: Application time: 0.2572890 seconds
16.219: [GC [PSYoungGen: 33197K->547K(36864K)] 36343K->3692K(119808K), 0.0004990 secs] [Times: user=0.00 sys=0.00, real=0.00 secs] 
16.220: Total time for which application threads were stopped: 0.0595780 seconds, Stopping threads took: 0.0589990 seconds
16.477: Application time: 0.2574060 seconds
16.541: [GC [PSYoungGen: 32260K->579K(32256K)] 35405K->3724K(115200K), 0.0005040 secs] [Times: user=0.00 sys=0.00, real=0.00 secs] 
16.542: Total time for which application threads were stopped: 0.0643170 seconds, Stopping threads took: 0.0637360 seconds
16.798: Application time: 0.2568200 seconds
16.864: [GC [PSYoungGen: 31759K->1312K(33792K)] 34905K->4458K(116736K), 0.0009450 secs] [Times: user=0.00 sys=0.00, real=0.00 secs] 
16.865: Total time for which application threads were stopped: 0.0661790 seconds, Stopping threads took: 0.0651550 seconds
17.107: Application time: 0.2420630 seconds
17.169: [GC [PSYoungGen: 31984K->758K(31232K)] 35130K->3968K(114176K), 0.0007310 secs] [Times: user=0.01 sys=0.00, real=0.00 secs] 
17.170: Total time for which application threads were stopped: 0.0628540 seconds, Stopping threads took: 0.0620310 seconds
17.414: Application time: 0.2449640 seconds
17.480: [GC [PSYoungGen: 30906K->726K(31744K)] 34115K->3936K(114688K), 0.0006170 secs] [Times: user=0.00 sys=0.00, real=0.00 secs] 
17.481: Total time for which application threads were stopped: 0.0663820 seconds, Stopping threads took: 0.0656790 seconds
17.741: Application time: 0.2605420 seconds
17.795: [GC [PSYoungGen: 30080K->662K(30208K)] 33290K->4020K(113152K), 0.0005820 secs] [Times: user=0.00 sys=0.00, real=0.00 secs] 
17.796: Total time for which application threads were stopped: 0.0541740 seconds, Stopping threads took: 0.0535220 seconds
18.039: Application time: 0.2432230 seconds
18.074: [GC [PSYoungGen: 29660K->515K(31232K)] 33018K->3872K(114176K), 0.0005890 secs] [Times: user=0.01 sys=0.00, real=0.00 secs] 
18.074: Total time for which application threads were stopped: 0.0353220 seconds, Stopping threads took: 0.0346300 seconds
18.315: Application time: 0.2406670 seconds
18.351: [GC [PSYoungGen: 28824K->662K(29184K)] 32182K->4236K(112128K), 0.0009440 secs] [Times: user=0.00 sys=0.00, real=0.00 secs] 
18.352: Total time for which application threads were stopped: 0.0367830 seconds, Stopping threads took: 0.0357500 seconds
18.599: Application time: 0.2471970 seconds
18.651: [GC [PSYoungGen: 28617K->582K(30208K)] 32191K->4236K(113152K), 0.0006590 secs] [Times: user=0.00 sys=0.01, real=0.00 secs] 
18.652: Total time for which application threads were stopped: 0.0528120 seconds, Stopping threads took: 0.0520560 seconds
18.909: Application time: 0.2575120 seconds
18.956: [GC [PSYoungGen: 28223K->224K(27648K)] 31876K->3877K(110592K), 0.0007860 secs] [Times: user=0.00 sys=0.00, real=0.00 secs] 
18.957: Total time for which application threads were stopped: 0.0475050 seconds, Stopping threads took: 0.0466350 seconds
19.204: Application time: 0.2476740 seconds
19.242: [GC [PSYoungGen: 27258K->224K(29184K)] 30912K->3941K(112128K), 0.0005110 secs] [Times: user=0.00 sys=0.00, real=0.00 secs] 
19.243: Total time for which application threads were stopped: 0.0384730 seconds, Stopping threads took: 0.0378830 seconds
19.459: Application time: 0.2166330 seconds
19.473: [GC [PSYoungGen: 26657K->614K(27136K)] 30375K->4412K(110080K), 0.0005330 secs] [Times: user=0.00 sys=0.00, real=0.00 secs] 
19.474: Total time for which application threads were stopped: 0.0146080 seconds, Stopping threads took: 0.0140090 seconds
19.710: Application time: 0.2360450 seconds
19.728: [GC [PSYoungGen: 26575K->646K(27648K)] 30373K->4572K(110592K), 0.0007720 secs] [Times: user=0.00 sys=0.00, real=0.00 secs] 
19.729: Total time for which application threads were stopped: 0.0191550 seconds, Stopping threads took: 0.0182990 seconds
19.974: Application time: 0.2449230 seconds
19.985: [GC [PSYoungGen: 26056K->224K(25600K)] 29982K->4242K(108544K), 0.0004620 secs] [Times: user=0.00 sys=0.00, real=0.00 secs] 
19.985: Total time for which application threads were stopped: 0.0109360 seconds, Stopping threads took: 0.0103730 seconds
20.174: Application time: 0.1888450 seconds
20.245: [GC [PSYoungGen: 25145K->387K(26624K)] 29163K->4405K(109568K), 0.0005150 secs] [Times: user=0.00 sys=0.00, real=0.00 secs] 
20.245: Total time for which application threads were stopped: 0.0712010 seconds, Stopping threads took: 0.0706120 seconds
20.437: Application time: 0.1917910 seconds
20.513: [GC [PSYoungGen: 24785K->1037K(25600K)] 28803K->5055K(108544K), 0.0005610 secs] [Times: user=0.00 sys=0.00, real=0.00 secs] 
20.514: Total time for which application threads were stopped: 0.0770280 seconds, Stopping threads took: 0.0763770 seconds
20.686: Application time: 0.1722010 seconds
20.758: [GC [PSYoungGen: 25005K->2111K(26112K)] 29023K->6217K(109056K), 0.0008540 secs] [Times: user=0.00 sys=0.00, real=0.00 secs] 
20.759: Total time for which application threads were stopped: 0.0731290 seconds, Stopping threads took: 0.0721980 seconds
20.943: Application time: 0.1834180 seconds
21.015: [GC [PSYoungGen: 25450K->646K(24576K)] 29556K->4888K(107520K), 0.0005950 secs] [Times: user=0.00 sys=0.00, real=0.00 secs] 
21.016: Total time for which application threads were stopped: 0.0730110 seconds, Stopping threads took: 0.0723410 seconds
21.191: Application time: 0.1750100 seconds
21.262: [GC [PSYoungGen: 24083K->1427K(26112K)] 28325K->5726K(109056K), 0.0007230 secs] [Times: user=0.00 sys=0.01, real=0.00 secs] 
21.263: Total time for which application threads were stopped: 0.0720530 seconds, Stopping threads took: 0.0712550 seconds
21.434: Application time: 0.1714940 seconds
21.510: [GC [PSYoungGen: 24884K->1200K(26112K)] 29182K->5563K(109056K), 0.0006150 secs] [Times: user=0.01 sys=0.00, real=0.00 secs] 
21.510: Total time for which application threads were stopped: 0.0760140 seconds, Stopping threads took: 0.0753250 seconds
21.679: Application time: 0.1689060 seconds
21.753: [GC [PSYoungGen: 24656K->1005K(26112K)] 29019K->5367K(109056K), 0.0005730 secs] [Times: user=0.00 sys=0.00, real=0.00 secs] 
21.753: Total time for which application threads were stopped: 0.0740810 seconds, Stopping threads took: 0.0734250 seconds
21.928: Application time: 0.1749450 seconds
21.999: [GC [PSYoungGen: 24385K->419K(26112K)] 28747K->4797K(109056K), 0.0005220 secs] [Times: user=0.00 sys=0.00, real=0.00 secs] 
22.000: Total time for which application threads were stopped: 0.0715310 seconds, Stopping threads took: 0.0709150 seconds
22.173: Application time: 0.1729760 seconds
22.243: [GC [PSYoungGen: 23857K->1200K(26112K)] 28236K->5723K(109056K), 0.0007930 secs] [Times: user=0.01 sys=0.00, real=0.00 secs] 
22.244: Total time for which application threads were stopped: 0.0713930 seconds, Stopping threads took: 0.0705030 seconds
22.420: Application time: 0.1754090 seconds
22.493: [GC [PSYoungGen: 24424K->582K(26112K)] 28947K->5177K(109056K), 0.0005330 secs] [Times: user=0.00 sys=0.00, real=0.00 secs] 
22.493: Total time for which application threads were stopped: 0.0736170 seconds, Stopping threads took: 0.0730020 seconds
22.671: Application time: 0.1778980 seconds
22.747: [GC [PSYoungGen: 24119K->419K(26112K)] 28713K->5101K(109056K), 0.0004210 secs] [Times: user=0.00 sys=0.00, real=0.00 secs] 
22.747: Total time for which application threads were stopped: 0.0760990 seconds, Stopping threads took: 0.0756070 seconds
22.932: Application time: 0.1850000 seconds
23.007: [GC [PSYoungGen: 23777K->1232K(26112K)] 28460K->5987K(109056K), 0.0005560 secs] [Times: user=0.00 sys=0.00, real=0.00 secs] 
23.007: Total time for which application threads were stopped: 0.0753070 seconds, Stopping threads took: 0.0746710 seconds
23.183: Application time: 0.1752180 seconds
23.257: [GC [PSYoungGen: 24688K->941K(25088K)] 29443K->5695K(108032K), 0.0006000 secs] [Times: user=0.00 sys=0.00, real=0.00 secs] 
23.258: Total time for which application threads were stopped: 0.0749440 seconds, Stopping threads took: 0.0742690 seconds
23.436: Application time: 0.1780780 seconds
23.508: [GC [PSYoungGen: 24319K->451K(25600K)] 29074K->5205K(108544K), 0.0004410 secs] [Times: user=0.00 sys=0.00, real=0.00 secs] 
23.508: Total time for which application threads were stopped: 0.0724950 seconds, Stopping threads took: 0.0719720 seconds
23.679: Application time: 0.1707040 seconds
23.749: [GC [PSYoungGen: 23968K->1200K(25600K)] 28722K->6111K(108544K), 0.0006280 secs] [Times: user=0.00 sys=0.00, real=0.00 secs] 
23.750: Total time for which application threads were stopped: 0.0707460 seconds, Stopping threads took: 0.0700490 seconds
23.909: Application time: 0.1594850 seconds
23.976: [GC [PSYoungGen: 24424K->646K(25600K)] 29335K->5645K(108544K), 0.0004950 secs] [Times: user=0.00 sys=0.00, real=0.00 secs] 
23.976: Total time for which application threads were stopped: 0.0671420 seconds, Stopping threads took: 0.0665740 seconds
24.161: Application time: 0.1851280 seconds
24.226: [GC [PSYoungGen: 24005K->1427K(25600K)] 29003K->6514K(108544K), 0.0006380 secs] [Times: user=0.00 sys=0.01, real=0.01 secs] 
24.226: Total time for which application threads were stopped: 0.0648920 seconds, Stopping threads took: 0.0641780 seconds
24.396: Application time: 0.1691970 seconds
24.461: [GC [PSYoungGen: 24884K->1168K(25600K)] 29970K->6255K(108544K), 0.0005670 secs] [Times: user=0.00 sys=0.00, real=0.00 secs] 
24.461: Total time for which application threads were stopped: 0.0657270 seconds, Stopping threads took: 0.0650910 seconds
24.626: Application time: 0.1647530 seconds
24.691: [GC [PSYoungGen: 24624K->1884K(25088K)] 29711K->7166K(108032K), 0.0008130 secs] [Times: user=0.01 sys=0.00, real=0.00 secs] 
24.691: Total time for which application threads were stopped: 0.0654500 seconds, Stopping threads took: 0.0645610 seconds
24.865: Application time: 0.1734020 seconds
24.927: [GC [PSYoungGen: 24923K->288K(25600K)] 30205K->5570K(108544K), 0.0005750 secs] [Times: user=0.01 sys=0.00, real=0.00 secs] 
24.928: Total time for which application threads were stopped: 0.0629910 seconds, Stopping threads took: 0.0623420 seconds
25.098: Application time: 0.1705340 seconds
25.161: [GC [PSYoungGen: 23174K->208K(25600K)] 28456K->5570K(108544K), 0.0005930 secs] [Times: user=0.00 sys=0.00, real=0.00 secs] 
25.163: Total time for which application threads were stopped: 0.0643830 seconds, Stopping threads took: 0.0627690 seconds
25.343: Application time: 0.1805120 seconds
25.406: [GC [PSYoungGen: 23138K->419K(25600K)] 28501K->5937K(108544K), 0.0005170 secs] [Times: user=0.00 sys=0.00, real=0.01 secs] 
25.407: Total time for which application threads were stopped: 0.0632050 seconds, Stopping threads took: 0.0626200 seconds
25.590: Application time: 0.1836350 seconds
25.643: [GC [PSYoungGen: 23191K->582K(25600K)] 28710K->6197K(108544K), 0.0004990 secs] [Times: user=0.00 sys=0.00, real=0.00 secs] 
25.644: Total time for which application threads were stopped: 0.0535270 seconds, Stopping threads took: 0.0529230 seconds
25.827: Application time: 0.1828280 seconds
25.889: [GC [PSYoungGen: 23550K->1005K(25600K)] 29164K->6619K(108544K), 0.0005720 secs] [Times: user=0.00 sys=0.01, real=0.00 secs] 
25.890: Total time for which application threads were stopped: 0.0631680 seconds, Stopping threads took: 0.0625310 seconds
26.045: Application time: 0.1556260 seconds
26.107: [GC [PSYoungGen: 23973K->2438K(25600K)] 29587K->8052K(108544K), 0.0011440 secs] [Times: user=0.00 sys=0.00, real=0.00 secs] 
26.108: Total time for which application threads were stopped: 0.0631250 seconds, Stopping threads took: 0.0618870 seconds
26.278: Application time: 0.1694770 seconds
26.342: [GC [PSYoungGen: 25175K->1427K(25600K)] 30790K->7042K(108544K), 0.0009040 secs] [Times: user=0.00 sys=0.00, real=0.00 secs] 
26.343: Total time for which application threads were stopped: 0.0651330 seconds, Stopping threads took: 0.0641460 seconds
26.501: Application time: 0.1576590 seconds
26.563: [GC [PSYoungGen: 24321K->1427K(25600K)] 29936K->7138K(108544K), 0.0008550 secs] [Times: user=0.00 sys=0.00, real=0.00 secs] 
26.564: Total time for which application threads were stopped: 0.0628270 seconds, Stopping threads took: 0.0619020 seconds
26.735: Application time: 0.1711380 seconds
26.803: [GC [PSYoungGen: 24458K->614K(25600K)] 30168K->6481K(108544K), 0.0006990 secs] [Times: user=0.00 sys=0.00, real=0.00 secs] 
26.804: Total time for which application threads were stopped: 0.0693310 seconds, Stopping threads took: 0.0685450 seconds
26.967: Application time: 0.1632780 seconds
27.029: [GC [PSYoungGen: 23582K->973K(25600K)] 29449K->6928K(108544K), 0.0006640 secs] [Times: user=0.00 sys=0.00, real=0.00 secs] 
27.030: Total time for which application threads were stopped: 0.0625200 seconds, Stopping threads took: 0.0617650 seconds
27.195: Application time: 0.1647000 seconds
27.263: [GC [PSYoungGen: 23941K->1395K(25600K)] 29895K->7350K(108544K), 0.0006550 secs] [Times: user=0.00 sys=0.00, real=0.00 secs] 
27.264: Total time for which application threads were stopped: 0.0695110 seconds, Stopping threads took: 0.0687860 seconds
27.417: Application time: 0.1532100 seconds
27.477: [GC [PSYoungGen: 24051K->2470K(25088K)] 30006K->8425K(108032K), 0.0010960 secs] [Times: user=0.00 sys=0.00, real=0.00 secs] 
27.478: Total time for which application threads were stopped: 0.0605040 seconds, Stopping threads took: 0.0593330 seconds
27.639: Application time: 0.1614350 seconds
27.704: [GC [PSYoungGen: 24910K->2209K(25600K)] 30865K->8220K(108544K), 0.0009150 secs] [Times: user=0.01 sys=0.00, real=0.00 secs] 
27.705: Total time for which application threads were stopped: 0.0653600 seconds, Stopping threads took: 0.0643660 seconds
27.859: Application time: 0.1540610 seconds
27.925: [GC [PSYoungGen: 24730K->873K(25600K)] 30740K->6972K(108544K), 0.0005320 secs] [Times: user=0.00 sys=0.00, real=0.00 secs] 
27.926: Total time for which application threads were stopped: 0.0671050 seconds, Stopping threads took: 0.0665000 seconds
28.106: Application time: 0.1803070 seconds
28.170: [GC [PSYoungGen: 23216K->451K(25600K)] 29315K->6662K(108544K), 0.0004310 secs] [Times: user=0.00 sys=0.00, real=0.00 secs] 
28.170: Total time for which application threads were stopped: 0.0640100 seconds, Stopping threads took: 0.0635140 seconds
28.349: Application time: 0.1792050 seconds
28.416: [GC [PSYoungGen: 22833K->256K(25600K)] 29044K->6571K(108544K), 0.0003890 secs] [Times: user=0.00 sys=0.00, real=0.00 secs] 
28.416: Total time for which application threads were stopped: 0.0669830 seconds, Stopping threads took: 0.0665200 seconds
28.594: Application time: 0.1773600 seconds
28.657: [GC [PSYoungGen: 22735K->1200K(25600K)] 29050K->7515K(108544K), 0.0007860 secs] [Times: user=0.00 sys=0.00, real=0.00 secs] 
28.658: Total time for which application threads were stopped: 0.0639170 seconds, Stopping threads took: 0.0630410 seconds
28.837: Application time: 0.1790570 seconds
28.900: [GC [PSYoungGen: 23662K->1005K(24576K)] 29977K->7320K(107520K), 0.0006020 secs] [Times: user=0.00 sys=0.01, real=0.00 secs] 
28.900: Total time for which application threads were stopped: 0.0636880 seconds, Stopping threads took: 0.0629910 seconds
29.059: Application time: 0.1589890 seconds
29.124: [GC [PSYoungGen: 23387K->1916K(25088K)] 29702K->8295K(108032K), 0.0008170 secs] [Times: user=0.00 sys=0.00, real=0.00 secs] 
29.125: Total time for which application threads were stopped: 0.0652880 seconds, Stopping threads took: 0.0643920 seconds
29.280: Application time: 0.1557400 seconds
29.347: [GC [PSYoungGen: 24343K->419K(25600K)] 30722K->6798K(108544K), 0.0004390 secs] [Times: user=0.00 sys=0.00, real=0.00 secs] 
29.347: Total time for which application threads were stopped: 0.0670390 seconds, Stopping threads took: 0.0665290 seconds
29.523: Application time: 0.1760110 seconds
29.581: [GC [PSYoungGen: 22942K->1248K(25600K)] 29321K->7759K(108544K), 0.0006530 secs] [Times: user=0.00 sys=0.00, real=0.00 secs] 
29.581: Total time for which application threads were stopped: 0.0578120 seconds, Stopping threads took: 0.0570880 seconds
29.735: Application time: 0.1540630 seconds
29.797: [GC [PSYoungGen: 23708K->1005K(24576K)] 30219K->7640K(107520K), 0.0006250 secs] [Times: user=0.00 sys=0.01, real=0.00 secs] 
29.798: Total time for which application threads were stopped: 0.0625130 seconds, Stopping threads took: 0.0618050 seconds
29.960: Application time: 0.1625130 seconds
30.023: [GC [PSYoungGen: 23387K->745K(25088K)] 30022K->7453K(108032K), 0.0005610 secs] [Times: user=0.01 sys=0.00, real=0.00 secs] 
30.023: Total time for which application threads were stopped: 0.0628110 seconds, Stopping threads took: 0.0621630 seconds
30.190: Application time: 0.1666060 seconds
30.258: [GC [PSYoungGen: 23208K->646K(25088K)] 29915K->7353K(108032K), 0.0004280 secs] [Times: user=0.00 sys=0.00, real=0.01 secs] 
30.258: Total time for which application threads were stopped: 0.0686630 seconds, Stopping threads took: 0.0681630 seconds
30.426: Application time: 0.1680580 seconds
30.490: [GC [PSYoungGen: 23028K->1493K(25088K)] 29735K->8248K(108032K), 0.0007640 secs] [Times: user=0.00 sys=0.00, real=0.00 secs] 
30.491: Total time for which application threads were stopped: 0.0645650 seconds, Stopping threads took: 0.0637140 seconds
30.646: Application time: 0.1548690 seconds
30.713: [GC [PSYoungGen: 24016K->1232K(25088K)] 30771K->7987K(108032K), 0.0005920 secs] [Times: user=0.00 sys=0.00, real=0.00 secs] 
30.713: Total time for which application threads were stopped: 0.0673840 seconds, Stopping threads took: 0.0667210 seconds
30.875: Application time: 0.1618740 seconds
30.939: [GC [PSYoungGen: 23380K->614K(25088K)] 30135K->7502K(108032K), 0.0004430 secs] [Times: user=0.00 sys=0.00, real=0.00 secs] 
30.940: Total time for which application threads were stopped: 0.0645710 seconds, Stopping threads took: 0.0640420 seconds
31.118: Application time: 0.1778030 seconds
31.181: [GC [PSYoungGen: 23076K->451K(25088K)] 29964K->7426K(108032K), 0.0004380 secs] [Times: user=0.00 sys=0.00, real=0.00 secs] 
31.182: Total time for which application threads were stopped: 0.0640090 seconds, Stopping threads took: 0.0634970 seconds
31.352: Application time: 0.1704750 seconds
31.415: [GC [PSYoungGen: 22911K->256K(25088K)] 29886K->7303K(108032K), 0.0004290 secs] [Times: user=0.00 sys=0.00, real=0.00 secs] 
31.415: Total time for which application threads were stopped: 0.0634460 seconds, Stopping threads took: 0.0629520 seconds
31.596: Application time: 0.1801140 seconds
31.654: [GC [PSYoungGen: 22618K->1005K(25088K)] 29665K->8116K(108032K), 0.0006080 secs] [Times: user=0.00 sys=0.00, real=0.00 secs] 
31.655: Total time for which application threads were stopped: 0.0594730 seconds, Stopping threads took: 0.0588010 seconds
31.818: Application time: 0.1632600 seconds
31.886: [GC [PSYoungGen: 23270K->646K(25088K)] 30381K->7814K(108032K), 0.0004220 secs] [Times: user=0.01 sys=0.00, real=0.00 secs] 
31.886: Total time for which application threads were stopped: 0.0676870 seconds, Stopping threads took: 0.0671810 seconds
32.056: Application time: 0.1698780 seconds
32.121: [GC [PSYoungGen: 23071K->256K(25088K)] 30239K->7479K(108032K), 0.0003980 secs] [Times: user=0.00 sys=0.00, real=0.00 secs] 
32.122: Total time for which application threads were stopped: 0.0657140 seconds, Stopping threads took: 0.0652310 seconds
32.302: Application time: 0.1805090 seconds
32.362: [GC [PSYoungGen: 22735K->1232K(25088K)] 29959K->8580K(108032K), 0.0007650 secs] [Times: user=0.00 sys=0.00, real=0.00 secs] 
32.363: Total time for which application threads were stopped: 0.0606300 seconds, Stopping threads took: 0.0597720 seconds
32.530: Application time: 0.1672310 seconds
32.593: [GC [PSYoungGen: 23380K->614K(24064K)] 30727K->7962K(107008K), 0.0005110 secs] [Times: user=0.00 sys=0.00, real=0.00 secs] 
32.594: Total time for which application threads were stopped: 0.0638770 seconds, Stopping threads took: 0.0632870 seconds
32.775: Application time: 0.1807320 seconds
32.841: [GC [PSYoungGen: 23074K->451K(24576K)] 30422K->7887K(107520K), 0.0004340 secs] [Times: user=0.00 sys=0.00, real=0.00 secs] 
32.841: Total time for which application threads were stopped: 0.0665200 seconds, Stopping threads took: 0.0660180 seconds
33.011: Application time: 0.1695670 seconds
33.065: [GC [PSYoungGen: 22813K->1168K(24576K)] 30249K->8668K(107520K), 0.0005790 secs] [Times: user=0.00 sys=0.00, real=0.00 secs] 
33.066: Total time for which application threads were stopped: 0.0551500 seconds, Stopping threads took: 0.0545010 seconds
33.227: Application time: 0.1615740 seconds
33.294: [GC [PSYoungGen: 23630K->1037K(24576K)] 31130K->8593K(107520K), 0.0005290 secs] [Times: user=0.00 sys=0.00, real=0.00 secs] 
33.295: Total time for which application threads were stopped: 0.0672290 seconds, Stopping threads took: 0.0666250 seconds
33.456: Application time: 0.1617780 seconds
33.523: [GC [PSYoungGen: 23382K->646K(24576K)] 30938K->8258K(107520K), 0.0004940 secs] [Times: user=0.00 sys=0.00, real=0.00 secs] 
33.524: Total time for which application threads were stopped: 0.0672070 seconds, Stopping threads took: 0.0666470 seconds
33.710: Application time: 0.1867920 seconds
33.769: [GC [PSYoungGen: 23108K->451K(24576K)] 30720K->8159K(107520K), 0.0004290 secs] [Times: user=0.00 sys=0.00, real=0.00 secs] 
33.769: Total time for which application threads were stopped: 0.0587000 seconds, Stopping threads took: 0.0582030 seconds
33.936: Application time: 0.1673430 seconds
34.000: [GC [PSYoungGen: 22891K->1232K(24576K)] 30599K->9004K(107520K), 0.0005960 secs] [Times: user=0.00 sys=0.00, real=0.00 secs] 
34.000: Total time for which application threads were stopped: 0.0639130 seconds, Stopping threads took: 0.0632430 seconds
34.167: Application time: 0.1667990 seconds
34.230: [GC [PSYoungGen: 23692K->1037K(24576K)] 31464K->8905K(107520K), 0.0005890 secs] [Times: user=0.00 sys=0.00, real=0.00 secs] 
34.230: Total time for which application threads were stopped: 0.0631270 seconds, Stopping threads took: 0.0624690 seconds
34.393: Application time: 0.1625920 seconds
34.458: [GC [PSYoungGen: 23223K->582K(24576K)] 31091K->8506K(107520K), 0.0004510 secs] [Times: user=0.00 sys=0.00, real=0.01 secs] 
34.458: Total time for which application threads were stopped: 0.0653040 seconds, Stopping threads took: 0.0647840 seconds
34.638: Application time: 0.1797860 seconds
34.700: [GC [PSYoungGen: 22929K->224K(24576K)] 30853K->8148K(107520K), 0.0004450 secs] [Times: user=0.00 sys=0.00, real=0.00 secs] 
34.700: Total time for which application threads were stopped: 0.0623010 seconds, Stopping threads took: 0.0617740 seconds
34.880: Application time: 0.1795400 seconds
34.943: [GC [PSYoungGen: 22588K->1005K(24576K)] 30512K->9025K(107520K), 0.0005900 secs] [Times: user=0.00 sys=0.00, real=0.00 secs] 
34.944: Total time for which application threads were stopped: 0.0639790 seconds, Stopping threads took: 0.0633220 seconds
35.105: Application time: 0.1615930 seconds
35.172: [GC [PSYoungGen: 23350K->646K(24576K)] 31370K->8722K(107520K), 0.0004310 secs] [Times: user=0.00 sys=0.00, real=0.00 secs] 
35.173: Total time for which application threads were stopped: 0.0674840 seconds, Stopping threads took: 0.0669800 seconds
35.337: Application time: 0.1641210 seconds
35.406: [GC [PSYoungGen: 23108K->435K(24576K)] 31184K->8607K(107520K), 0.0004830 secs] [Times: user=0.00 sys=0.00, real=0.00 secs] 
35.406: Total time for which application threads were stopped: 0.0689470 seconds, Stopping threads took: 0.0683660 seconds
35.571: Application time: 0.1650430 seconds
35.631: [GC [PSYoungGen: 22877K->1232K(24576K)] 31050K->9460K(107520K), 0.0006500 secs] [Times: user=0.00 sys=0.00, real=0.00 secs] 
35.632: Total time for which application threads were stopped: 0.0606510 seconds, Stopping threads took: 0.0599330 seconds
35.794: Application time: 0.1623450 seconds
35.863: [GC [PSYoungGen: 23692K->1037K(24576K)] 31921K->9361K(107520K), 0.0005030 secs] [Times: user=0.01 sys=0.00, real=0.00 secs] 
35.863: Total time for which application threads were stopped: 0.0692240 seconds, Stopping threads took: 0.0686520 seconds
36.029: Application time: 0.1659110 seconds
36.087: [GC [PSYoungGen: 23516K->2013K(24576K)] 31841K->10394K(107520K), 0.0007460 secs] [Times: user=0.00 sys=0.00, real=0.00 secs] 
36.088: Total time for which application threads were stopped: 0.0582820 seconds, Stopping threads took: 0.0574560 seconds
36.251: Application time: 0.1639910 seconds
36.314: [GC [PSYoungGen: 24454K->646K(24064K)] 32834K->9027K(107008K), 0.0005280 secs] [Times: user=0.00 sys=0.00, real=0.00 secs] 
36.315: Total time for which application threads were stopped: 0.0633640 seconds, Stopping threads took: 0.0627620 seconds
36.484: Application time: 0.1693320 seconds
36.549: [GC [PSYoungGen: 22991K->256K(24576K)] 31372K->8724K(107520K), 0.0003680 secs] [Times: user=0.00 sys=0.00, real=0.00 secs] 
36.549: Total time for which application threads were stopped: 0.0646990 seconds, Stopping threads took: 0.0642670 seconds
36.723: Application time: 0.1738440 seconds
36.788: [GC [PSYoungGen: 22620K->1037K(24576K)] 31088K->9609K(107520K), 0.0005540 secs] [Times: user=0.00 sys=0.00, real=0.00 secs] 
36.789: Total time for which application threads were stopped: 0.0663220 seconds, Stopping threads took: 0.0656920 seconds
36.956: Application time: 0.1667370 seconds
37.020: [GC [PSYoungGen: 23499K->809K(24576K)] 32071K->9438K(107520K), 0.0005650 secs] [Times: user=0.00 sys=0.00, real=0.00 secs] 
37.020: Total time for which application threads were stopped: 0.0644190 seconds, Stopping threads took: 0.0637790 seconds
37.202: Application time: 0.1813240 seconds
37.259: [GC [PSYoungGen: 23152K->1981K(24064K)] 31781K->11244K(107008K), 0.0009350 secs] [Times: user=0.00 sys=0.00, real=0.00 secs] 
37.260: Total time for which application threads were stopped: 0.0584370 seconds, Stopping threads took: 0.0574100 seconds
37.450: Application time: 0.1900610 seconds
37.512: [GC [PSYoungGen: 23875K->809K(24576K)] 33137K->10160K(107520K), 0.0004930 secs] [Times: user=0.00 sys=0.00, real=0.00 secs] 
37.512: Total time for which application threads were stopped: 0.0622060 seconds, Stopping threads took: 0.0616350 seconds
37.692: Application time: 0.1794000 seconds
37.747: [GC [PSYoungGen: 22781K->1232K(24576K)] 32132K->10583K(107520K), 0.0006210 secs] [Times: user=0.00 sys=0.00, real=0.00 secs] 
37.748: Total time for which application threads were stopped: 0.0560010 seconds, Stopping threads took: 0.0553090 seconds
37.911: Application time: 0.1633200 seconds
37.978: [GC [PSYoungGen: 23165K->1427K(24576K)] 32516K->10818K(107520K), 0.0006230 secs] [Times: user=0.01 sys=0.00, real=0.01 secs] 
37.978: Total time for which application threads were stopped: 0.0673080 seconds, Stopping threads took: 0.0666070 seconds
38.141: Application time: 0.1626380 seconds
38.206: [GC [PSYoungGen: 23302K->646K(24576K)] 32692K->10157K(107520K), 0.0004600 secs] [Times: user=0.00 sys=0.00, real=0.00 secs] 
38.206: Total time for which application threads were stopped: 0.0651530 seconds, Stopping threads took: 0.0646160 seconds
38.368: Application time: 0.1616130 seconds
38.414: [GC [PSYoungGen: 22618K->2111K(24576K)] 32128K->11686K(107520K), 0.0008260 secs] [Times: user=0.00 sys=0.00, real=0.00 secs] 
38.415: Total time for which application threads were stopped: 0.0472030 seconds, Stopping threads took: 0.0463050 seconds
38.572: Application time: 0.1570260 seconds
38.638: [GC [PSYoungGen: 23968K->1232K(24576K)] 33542K->10863K(107520K), 0.0005490 secs] [Times: user=0.01 sys=0.00, real=0.00 secs] 
38.638: Total time for which application threads were stopped: 0.0661710 seconds, Stopping threads took: 0.0655550 seconds
38.803: Application time: 0.1645550 seconds
38.868: [GC [PSYoungGen: 23106K->451K(24576K)] 32737K->10170K(107520K), 0.0004020 secs] [Times: user=0.00 sys=0.00, real=0.00 secs] 
38.869: Total time for which application threads were stopped: 0.0660790 seconds, Stopping threads took: 0.0656040 seconds
39.050: Application time: 0.1816740 seconds
39.098: [GC [PSYoungGen: 22149K->614K(24576K)] 31868K->10381K(107520K), 0.0005180 secs] [Times: user=0.00 sys=0.00, real=0.00 secs] 
39.099: Total time for which application threads were stopped: 0.0485910 seconds, Stopping threads took: 0.0480110 seconds
39.271: Application time: 0.1723320 seconds
39.334: [GC [PSYoungGen: 22588K->1037K(24576K)] 32355K->10804K(107520K), 0.0005950 secs] [Times: user=0.00 sys=0.00, real=0.00 secs] 
39.335: Total time for which application threads were stopped: 0.0633920 seconds, Stopping threads took: 0.0627270 seconds
39.496: Application time: 0.1616180 seconds
39.553: [GC [PSYoungGen: 22970K->2306K(24576K)] 32737K->12121K(107520K), 0.0008640 secs] [Times: user=0.01 sys=0.00, real=0.00 secs] 
39.554: Total time for which application threads were stopped: 0.0574560 seconds, Stopping threads took: 0.0564900 seconds
39.716: Application time: 0.1616890 seconds
39.782: [GC [PSYoungGen: 24298K->646K(24576K)] 34112K->10589K(107520K), 0.0005210 secs] [Times: user=0.00 sys=0.00, real=0.00 secs] 
39.783: Total time for which application threads were stopped: 0.0669890 seconds, Stopping threads took: 0.0663780 seconds
39.960: Application time: 0.1771570 seconds
40.025: [GC [PSYoungGen: 22309K->646K(24576K)] 32252K->10589K(107520K), 0.0006450 secs] [Times: user=0.00 sys=0.00, real=0.00 secs] 
40.025: Total time for which application threads were stopped: 0.0656460 seconds, Stopping threads took: 0.0649120 seconds
40.188: Application time: 0.1627730 seconds
40.255: [GC [PSYoungGen: 22307K->646K(24576K)] 32250K->10677K(107520K), 0.0004380 secs] [Times: user=0.00 sys=0.00, real=0.00 secs] 
40.255: Total time for which application threads were stopped: 0.0669050 seconds, Stopping threads took: 0.0663910 seconds
40.424: Application time: 0.1684870 seconds
40.491: [GC [PSYoungGen: 22540K->1037K(24576K)] 32571K->11164K(107520K), 0.0005570 secs] [Times: user=0.00 sys=0.00, real=0.00 secs] 
40.492: Total time for which application threads were stopped: 0.0688000 seconds, Stopping threads took: 0.0672350 seconds
40.672: Application time: 0.1795320 seconds
40.738: [GC [PSYoungGen: 22913K->224K(24576K)] 33040K->10351K(107520K), 0.0003950 secs] [Times: user=0.00 sys=0.00, real=0.01 secs] 
40.739: Total time for which application threads were stopped: 0.0667310 seconds, Stopping threads took: 0.0662620 seconds
40.901: Application time: 0.1627000 seconds
40.962: [GC [PSYoungGen: 22195K->614K(24576K)] 32322K->10789K(107520K), 0.0004930 secs] [Times: user=0.00 sys=0.00, real=0.00 secs] 
40.963: Total time for which application threads were stopped: 0.0614070 seconds, Stopping threads took: 0.0608410 seconds
41.142: Application time: 0.1795800 seconds
41.204: [GC [PSYoungGen: 22356K->646K(24576K)] 32531K->10869K(107520K), 0.0006820 secs] [Times: user=0.01 sys=0.00, real=0.00 secs] 
41.204: Total time for which application threads were stopped: 0.0619840 seconds, Stopping threads took: 0.0612340 seconds
41.370: Application time: 0.1661470 seconds
41.433: [GC [PSYoungGen: 22540K->973K(23552K)] 32763K->11324K(106496K), 0.0005690 secs] [Times: user=0.01 sys=0.00, real=0.00 secs] 
41.434: Total time for which application threads were stopped: 0.0632000 seconds, Stopping threads took: 0.0625580 seconds
41.611: Application time: 0.1777810 seconds
41.666: [GC [PSYoungGen: 22830K->1232K(24064K)] 33181K->11583K(107008K), 0.0006570 secs] [Times: user=0.00 sys=0.00, real=0.00 secs] 
41.667: Total time for which application threads were stopped: 0.0557860 seconds, Stopping threads took: 0.0550420 seconds
41.828: Application time: 0.1605680 seconds
41.893: [GC [PSYoungGen: 23106K->451K(24064K)] 33457K->10882K(107008K), 0.0004150 secs] [Times: user=0.00 sys=0.00, real=0.00 secs] 
41.893: Total time for which application threads were stopped: 0.0656900 seconds, Stopping threads took: 0.0652060 seconds
42.071: Application time: 0.1779560 seconds
42.135: [GC [PSYoungGen: 22229K->646K(24064K)] 32660K->11134K(107008K), 0.0006000 secs] [Times: user=0.00 sys=0.00, real=0.00 secs] 
42.135: Total time for which application threads were stopped: 0.0640200 seconds, Stopping threads took: 0.0633310 seconds
42.301: Application time: 0.1653890 seconds
42.345: [GC [PSYoungGen: 22540K->1916K(23552K)] 33027K->12662K(106496K), 0.0008360 secs] [Times: user=0.00 sys=0.01, real=0.00 secs] 
42.346: Total time for which application threads were stopped: 0.0451800 seconds, Stopping threads took: 0.0442600 seconds
42.507: Application time: 0.1605390 seconds
42.575: [GC [PSYoungGen: 23184K->646K(24064K)] 33931K->11393K(107008K), 0.0004940 secs] [Times: user=0.00 sys=0.00, real=0.00 secs] 
42.575: Total time for which application threads were stopped: 0.0688670 seconds, Stopping threads took: 0.0682850 seconds
42.734: Application time: 0.1590180 seconds
42.804: [GC [PSYoungGen: 21997K->256K(24064K)] 32744K->11106K(107008K), 0.0004160 secs] [Times: user=0.00 sys=0.00, real=0.00 secs] 
42.804: Total time for which application threads were stopped: 0.0695620 seconds, Stopping threads took: 0.0690770 seconds
42.968: Application time: 0.1643570 seconds
43.016: [GC [PSYoungGen: 21739K->1232K(24064K)] 32590K->12215K(107008K), 0.0006710 secs] [Times: user=0.00 sys=0.00, real=0.00 secs] 
43.016: Total time for which application threads were stopped: 0.0481090 seconds, Stopping threads took: 0.0473600 seconds
43.179: Application time: 0.1627180 seconds
43.239: [GC [PSYoungGen: 22618K->1037K(24064K)] 33601K->12092K(107008K), 0.0005460 secs] [Times: user=0.00 sys=0.00, real=0.00 secs] 
43.239: Total time for which application threads were stopped: 0.0600630 seconds, Stopping threads took: 0.0594480 seconds
43.392: Application time: 0.1529310 seconds
43.453: [GC [PSYoungGen: 22227K->614K(22528K)] 33282K->11741K(105472K), 0.0004840 secs] [Times: user=0.00 sys=0.00, real=0.00 secs] 
43.454: Total time for which application threads were stopped: 0.0616620 seconds, Stopping threads took: 0.0611100 seconds
43.621: Application time: 0.1672550 seconds
43.683: [GC [PSYoungGen: 22117K->646K(23552K)] 33244K->11853K(106496K), 0.0004760 secs] [Times: user=0.00 sys=0.00, real=0.00 secs] 
43.684: Total time for which application threads were stopped: 0.0628490 seconds, Stopping threads took: 0.0622930 seconds
43.859: Application time: 0.1755090 seconds
43.917: [GC [PSYoungGen: 22149K->1720K(23552K)] 33356K->12927K(106496K), 0.0007250 secs] [Times: user=0.00 sys=0.00, real=0.00 secs] 
43.918: Total time for which application threads were stopped: 0.0581320 seconds, Stopping threads took: 0.0573340 seconds
44.074: Application time: 0.1563680 seconds
44.141: [GC [PSYoungGen: 23149K->256K(24064K)] 34356K->11462K(107008K), 0.0004010 secs] [Times: user=0.00 sys=0.00, real=0.00 secs] 
44.142: Total time for which application threads were stopped: 0.0675210 seconds, Stopping threads took: 0.0670530 seconds
44.315: Application time: 0.1730920 seconds
44.368: [GC [PSYoungGen: 21739K->1232K(24064K)] 32946K->12587K(107008K), 0.0006290 secs] [Times: user=0.01 sys=0.00, real=0.00 secs] 
44.368: Total time for which application threads were stopped: 0.0535880 seconds, Stopping threads took: 0.0528820 seconds
44.533: Application time: 0.1648480 seconds
44.599: [GC [PSYoungGen: 22620K->1037K(24064K)] 33975K->12456K(107008K), 0.0006130 secs] [Times: user=0.00 sys=0.00, real=0.00 secs] 
44.600: Total time for which application threads were stopped: 0.0669920 seconds, Stopping threads took: 0.0662980 seconds
44.767: Application time: 0.1664700 seconds
44.829: [GC [PSYoungGen: 22307K->662K(22528K)] 33726K->12153K(105472K), 0.0005270 secs] [Times: user=0.00 sys=0.00, real=0.00 secs] 
44.830: Total time for which application threads were stopped: 0.0635090 seconds, Stopping threads took: 0.0629170 seconds
45.001: Application time: 0.1713150 seconds
45.033: [GC [PSYoungGen: 21872K->1916K(23040K)] 33363K->14081K(105984K), 0.0010470 secs] [Times: user=0.01 sys=0.00, real=0.00 secs] 
45.034: Total time for which application threads were stopped: 0.0324670 seconds, Stopping threads took: 0.0313350 seconds
45.187: Application time: 0.1535290 seconds
45.245: [GC [PSYoungGen: 22813K->1818K(23552K)] 34978K->13983K(106496K), 0.0007470 secs] [Times: user=0.01 sys=0.00, real=0.00 secs] 
45.246: Total time for which application threads were stopped: 0.0586090 seconds, Stopping threads took: 0.0577900 seconds
45.409: Application time: 0.1629920 seconds
45.461: [GC [PSYoungGen: 22618K->2079K(23040K)] 34783K->14308K(105984K), 0.0009610 secs] [Times: user=0.01 sys=0.00, real=0.00 secs] 
45.462: Total time for which application threads were stopped: 0.0535210 seconds, Stopping threads took: 0.0524630 seconds
45.616: Application time: 0.1539020 seconds
45.679: [GC [PSYoungGen: 22354K->646K(23552K)] 34583K->12931K(106496K), 0.0005140 secs] [Times: user=0.00 sys=0.00, real=0.00 secs] 
45.679: Total time for which application threads were stopped: 0.0630050 seconds, Stopping threads took: 0.0624170 seconds
45.839: Application time: 0.1592340 seconds
45.873: [GC [PSYoungGen: 20782K->1427K(23552K)] 33067K->13833K(106496K), 0.0006610 secs] [Times: user=0.00 sys=0.00, real=0.00 secs] 
45.873: Total time for which application threads were stopped: 0.0348170 seconds, Stopping threads took: 0.0340880 seconds
46.040: Application time: 0.1664420 seconds
46.104: [GC [PSYoungGen: 21836K->256K(23552K)] 34242K->12661K(106496K), 0.0003760 secs] [Times: user=0.01 sys=0.00, real=0.00 secs] 
46.105: Total time for which application threads were stopped: 0.0648930 seconds, Stopping threads took: 0.0644510 seconds
46.264: Application time: 0.1596600 seconds
46.300: [GC [PSYoungGen: 20547K->1037K(22528K)] 32953K->13498K(105472K), 0.0006850 secs] [Times: user=0.01 sys=0.00, real=0.00 secs] 
46.301: Total time for which application threads were stopped: 0.0362110 seconds, Stopping threads took: 0.0354280 seconds
46.465: Application time: 0.1640660 seconds
46.523: [GC [PSYoungGen: 21465K->1037K(23040K)] 33927K->13586K(105984K), 0.0005660 secs] [Times: user=0.00 sys=0.00, real=0.00 secs] 
46.524: Total time for which application threads were stopped: 0.0588210 seconds, Stopping threads took: 0.0581850 seconds
46.692: Application time: 0.1681510 seconds
46.743: [GC [PSYoungGen: 21465K->1037K(23040K)] 34015K->13586K(105984K), 0.0005050 secs] [Times: user=0.00 sys=0.00, real=0.00 secs] 
46.744: Total time for which application threads were stopped: 0.0520710 seconds, Stopping threads took: 0.0514950 seconds
46.890: Application time: 0.1467120 seconds
46.928: [GC [PSYoungGen: 21390K->646K(23040K)] 33939K->13196K(105984K), 0.0005440 secs] [Times: user=0.00 sys=0.00, real=0.00 secs] 
46.929: Total time for which application threads were stopped: 0.0380250 seconds, Stopping threads took: 0.0374060 seconds
47.099: Application time: 0.1703600 seconds
47.132: [GC [PSYoungGen: 20862K->1427K(23040K)] 33411K->14125K(105984K), 0.0008360 secs] [Times: user=0.00 sys=0.00, real=0.00 secs] 
47.133: Total time for which application threads were stopped: 0.0342860 seconds, Stopping threads took: 0.0333630 seconds
47.287: Application time: 0.1540150 seconds
47.344: [GC [PSYoungGen: 21758K->256K(23040K)] 34456K->13025K(105984K), 0.0005780 secs] [Times: user=0.00 sys=0.00, real=0.00 secs] 
47.345: Total time for which application threads were stopped: 0.0578100 seconds, Stopping threads took: 0.0571700 seconds
47.512: Application time: 0.1671960 seconds
47.564: [GC [PSYoungGen: 20664K->1232K(23040K)] 33434K->14002K(105984K), 0.0008000 secs] [Times: user=0.01 sys=0.00, real=0.00 secs] 
47.564: Total time for which application threads were stopped: 0.0522860 seconds, Stopping threads took: 0.0514060 seconds
47.711: Application time: 0.1460680 seconds
47.748: [GC [PSYoungGen: 21622K->1037K(23040K)] 34391K->13878K(105984K), 0.0006150 secs] [Times: user=0.00 sys=0.00, real=0.00 secs] 
47.749: Total time for which application threads were stopped: 0.0382510 seconds, Stopping threads took: 0.0375460 seconds
47.934: Application time: 0.1856690 seconds
47.999: [GC [PSYoungGen: 21465K->1037K(22016K)] 34307K->13967K(104960K), 0.0006850 secs] [Times: user=0.00 sys=0.00, real=0.00 secs] 
47.999: Total time for which application threads were stopped: 0.0649550 seconds, Stopping threads took: 0.0641930 seconds
48.160: Application time: 0.1610100 seconds
48.199: [GC [PSYoungGen: 21233K->646K(22528K)] 34163K->13576K(105472K), 0.0004770 secs] [Times: user=0.00 sys=0.00, real=0.00 secs] 
48.200: Total time for which application threads were stopped: 0.0391640 seconds, Stopping threads took: 0.0386070 seconds
48.374: Application time: 0.1748260 seconds
48.414: [GC [PSYoungGen: 21016K->1427K(22528K)] 33946K->14453K(105472K), 0.0006790 secs] [Times: user=0.00 sys=0.00, real=0.00 secs] 
48.414: Total time for which application threads were stopped: 0.0398720 seconds, Stopping threads took: 0.0391190 seconds
48.587: Application time: 0.1731300 seconds
48.658: [GC [PSYoungGen: 21758K->256K(22528K)] 34784K->13417K(105472K), 0.0004550 secs] [Times: user=0.00 sys=0.00, real=0.00 secs] 
48.658: Total time for which application threads were stopped: 0.0707370 seconds, Stopping threads took: 0.0702060 seconds
48.838: Application time: 0.1794890 seconds
48.891: [GC [PSYoungGen: 20586K->1232K(22528K)] 33748K->14394K(105472K), 0.0006360 secs] [Times: user=0.00 sys=0.00, real=0.00 secs] 
48.891: Total time for which application threads were stopped: 0.0534740 seconds, Stopping threads took: 0.0527410 seconds
49.064: Application time: 0.1730880 seconds
49.116: [GC [PSYoungGen: 21543K->1005K(22528K)] 34705K->14167K(105472K), 0.0009590 secs] [Times: user=0.00 sys=0.00, real=0.00 secs] 
49.117: Total time for which application threads were stopped: 0.0529400 seconds, Stopping threads took: 0.0519060 seconds
49.290: Application time: 0.1728920 seconds
49.346: [GC [PSYoungGen: 21201K->646K(22528K)] 34363K->13864K(105472K), 0.0006750 secs] [Times: user=0.00 sys=0.00, real=0.01 secs] 
49.347: Total time for which application threads were stopped: 0.0566220 seconds, Stopping threads took: 0.0558550 seconds
49.529: Application time: 0.1826620 seconds
49.567: [GC [PSYoungGen: 20782K->1395K(22528K)] 34000K->14701K(105472K), 0.0006960 secs] [Times: user=0.01 sys=0.00, real=0.00 secs] 
49.567: Total time for which application threads were stopped: 0.0380280 seconds, Stopping threads took: 0.0372490 seconds
49.739: Application time: 0.1712530 seconds
49.804: [GC [PSYoungGen: 21867K->1232K(22528K)] 35173K->14538K(105472K), 0.0008220 secs] [Times: user=0.00 sys=0.00, real=0.00 secs] 
49.804: Total time for which application threads were stopped: 0.0657050 seconds, Stopping threads took: 0.0648070 seconds
49.972: Application time: 0.1678860 seconds
50.021: [GC [PSYoungGen: 21524K->2013K(22528K)] 34830K->15436K(105472K), 0.0008110 secs] [Times: user=0.00 sys=0.00, real=0.00 secs] 
50.022: Total time for which application threads were stopped: 0.0495450 seconds, Stopping threads took: 0.0486640 seconds
50.190: Application time: 0.1683510 seconds
50.257: [GC [PSYoungGen: 22149K->646K(23040K)] 35571K->14180K(105984K), 0.0004790 secs] [Times: user=0.01 sys=0.00, real=0.00 secs] 
50.258: Total time for which application threads were stopped: 0.0677690 seconds, Stopping threads took: 0.0672150 seconds
50.436: Application time: 0.1785030 seconds
50.489: [GC [PSYoungGen: 21075K->646K(23040K)] 34609K->14180K(105984K), 0.0005570 secs] [Times: user=0.00 sys=0.00, real=0.00 secs] 
50.490: Total time for which application threads were stopped: 0.0534440 seconds, Stopping threads took: 0.0528110 seconds
50.670: Application time: 0.1801770 seconds
50.732: [GC [PSYoungGen: 21075K->646K(23040K)] 34609K->14180K(105984K), 0.0005390 secs] [Times: user=0.00 sys=0.00, real=0.00 secs] 
50.734: Total time for which application threads were stopped: 0.0635730 seconds, Stopping threads took: 0.0619730 seconds
50.902: Application time: 0.1679180 seconds
50.940: [GC [PSYoungGen: 20938K->2502K(23040K)] 34472K->16036K(105984K), 0.0009560 secs] [Times: user=0.00 sys=0.00, real=0.00 secs] 
50.941: Total time for which application threads were stopped: 0.0390480 seconds, Stopping threads took: 0.0380080 seconds
51.116: Application time: 0.1750730 seconds
51.190: [GC [PSYoungGen: 22969K->1248K(22528K)] 36503K->14866K(105472K), 0.0008000 secs] [Times: user=0.00 sys=0.00, real=0.00 secs] 
51.191: Total time for which application threads were stopped: 0.0749360 seconds, Stopping threads took: 0.0740410 seconds
51.356: Application time: 0.1654310 seconds
51.396: [GC [PSYoungGen: 21560K->1037K(23040K)] 35178K->14783K(105984K), 0.0006320 secs] [Times: user=0.00 sys=0.00, real=0.00 secs] 
51.397: Total time for which application threads were stopped: 0.0410610 seconds, Stopping threads took: 0.0403580 seconds
51.571: Application time: 0.1737930 seconds
51.643: [GC [PSYoungGen: 21428K->841K(23040K)] 35175K->14644K(105984K), 0.0005660 secs] [Times: user=0.00 sys=0.00, real=0.00 secs] 
51.643: Total time for which application threads were stopped: 0.0724530 seconds, Stopping threads took: 0.0718060 seconds
51.825: Application time: 0.1813320 seconds
51.882: [GC [PSYoungGen: 21075K->646K(23040K)] 34877K->14553K(105984K), 0.0004980 secs] [Times: user=0.00 sys=0.00, real=0.00 secs] 
51.883: Total time for which application threads were stopped: 0.0579390 seconds, Stopping threads took: 0.0573770 seconds
52.038: Application time: 0.1548640 seconds
52.072: [GC [PSYoungGen: 21075K->646K(23040K)] 34981K->14553K(105984K), 0.0005240 secs] [Times: user=0.01 sys=0.00, real=0.00 secs] 
52.073: Total time for which application threads were stopped: 0.0352050 seconds, Stopping threads took: 0.0346150 seconds
52.238: Application time: 0.1652840 seconds
52.306: [GC [PSYoungGen: 21075K->646K(23040K)] 34981K->14553K(105984K), 0.0004330 secs] [Times: user=0.00 sys=0.00, real=0.00 secs] 
52.307: Total time for which application threads were stopped: 0.0687850 seconds, Stopping threads took: 0.0682760 seconds
52.481: Application time: 0.1742740 seconds
52.526: [GC [PSYoungGen: 20938K->1427K(23040K)] 34845K->15334K(105984K), 0.0007880 secs] [Times: user=0.00 sys=0.00, real=0.01 secs] 
52.527: Total time for which application threads were stopped: 0.0458810 seconds, Stopping threads took: 0.0450260 seconds
52.674: Application time: 0.1467170 seconds
52.711: [GC [PSYoungGen: 21899K->1232K(23040K)] 35806K->15239K(105984K), 0.0006320 secs] [Times: user=0.01 sys=0.00, real=0.00 secs] 
52.711: Total time for which application threads were stopped: 0.0376720 seconds, Stopping threads took: 0.0369720 seconds
52.879: Application time: 0.1679190 seconds
52.937: [GC [PSYoungGen: 21624K->1037K(22016K)] 35630K->15171K(104960K), 0.0007180 secs] [Times: user=0.01 sys=0.00, real=0.00 secs] 
52.938: Total time for which application threads were stopped: 0.0583250 seconds, Stopping threads took: 0.0575320 seconds
53.084: Application time: 0.1460120 seconds
53.120: [GC [PSYoungGen: 21155K->1720K(22528K)] 35290K->15943K(105472K), 0.0008070 secs] [Times: user=0.01 sys=0.00, real=0.00 secs] 
53.121: Total time for which application threads were stopped: 0.0372370 seconds, Stopping threads took: 0.0363600 seconds
53.286: Application time: 0.1646480 seconds
53.342: [GC [PSYoungGen: 22149K->646K(23040K)] 36372K->14941K(105984K), 0.0006660 secs] [Times: user=0.00 sys=0.00, real=0.00 secs] 
53.342: Total time for which application threads were stopped: 0.0567620 seconds, Stopping threads took: 0.0560000 seconds
53.506: Application time: 0.1633670 seconds
53.545: [GC [PSYoungGen: 21075K->646K(23040K)] 35369K->14941K(105984K), 0.0008850 secs] [Times: user=0.00 sys=0.00, real=0.00 secs] 
53.546: Total time for which application threads were stopped: 0.0402980 seconds, Stopping threads took: 0.0393100 seconds
53.718: Application time: 0.1724870 seconds
53.774: [GC [PSYoungGen: 20960K->419K(23040K)] 35254K->14714K(105984K), 0.0006200 secs] [Times: user=0.00 sys=0.00, real=0.00 secs] 
53.775: Total time for which application threads were stopped: 0.0562990 seconds, Stopping threads took: 0.0555900 seconds
53.950: Application time: 0.1749210 seconds
53.990: [GC [PSYoungGen: 20809K->256K(23040K)] 35103K->14614K(105984K), 0.0003940 secs] [Times: user=0.00 sys=0.00, real=0.00 secs] 
53.991: Total time for which application threads were stopped: 0.0409130 seconds, Stopping threads took: 0.0404540 seconds
54.148: Application time: 0.1577470 seconds
54.186: [GC [PSYoungGen: 20548K->1037K(23040K)] 34906K->15500K(105984K), 0.0005370 secs] [Times: user=0.00 sys=0.00, real=0.00 secs] 
54.187: Total time for which application threads were stopped: 0.0384220 seconds, Stopping threads took: 0.0378060 seconds
54.333: Application time: 0.1462200 seconds
54.370: [GC [PSYoungGen: 21407K->1866K(23040K)] 35870K->16417K(105984K), 0.0008080 secs] [Times: user=0.00 sys=0.00, real=0.00 secs] 
54.371: Total time for which application threads were stopped: 0.0375270 seconds, Stopping threads took: 0.0366450 seconds
54.560: Application time: 0.1895070 seconds
54.603: [GC [PSYoungGen: 22295K->1818K(23040K)] 36845K->16493K(105984K), 0.0007650 secs] [Times: user=0.00 sys=0.00, real=0.00 secs] 
54.604: Total time for which application threads were stopped: 0.0435240 seconds, Stopping threads took: 0.0426890 seconds
54.758: Application time: 0.1542370 seconds
54.817: [GC [PSYoungGen: 22227K->646K(23040K)] 36902K->15321K(105984K), 0.0004520 secs] [Times: user=0.00 sys=0.00, real=0.00 secs] 
54.817: Total time for which application threads were stopped: 0.0595590 seconds, Stopping threads took: 0.0590330 seconds
54.978: Application time: 0.1603030 seconds
55.011: [GC [PSYoungGen: 21075K->1720K(23040K)] 35750K->16459K(105984K), 0.0006660 secs] [Times: user=0.00 sys=0.00, real=0.00 secs] 
55.012: Total time for which application threads were stopped: 0.0343730 seconds, Stopping threads took: 0.0336350 seconds
55.175: Application time: 0.1626570 seconds
55.239: [GC [PSYoungGen: 22149K->646K(23040K)] 36888K->15385K(105984K), 0.0004800 secs] [Times: user=0.00 sys=0.00, real=0.00 secs] 
55.239: Total time for which application threads were stopped: 0.0643350 seconds, Stopping threads took: 0.0637860 seconds
55.399: Application time: 0.1595800 seconds
55.461: [GC [PSYoungGen: 20958K->451K(23040K)] 35697K->15190K(105984K), 0.0004600 secs] [Times: user=0.00 sys=0.00, real=0.00 secs] 
55.461: Total time for which application threads were stopped: 0.0624450 seconds, Stopping threads took: 0.0619010 seconds
55.635: Application time: 0.1736950 seconds
55.686: [GC [PSYoungGen: 20919K->256K(23040K)] 35658K->15051K(105984K), 0.0004880 secs] [Times: user=0.00 sys=0.00, real=0.00 secs] 
55.687: Total time for which application threads were stopped: 0.0519920 seconds, Stopping threads took: 0.0514340 seconds
55.843: Application time: 0.1565650 seconds
55.878: [GC [PSYoungGen: 20628K->1037K(23040K)] 35423K->15964K(105984K), 0.0006270 secs] [Times: user=0.00 sys=0.00, real=0.00 secs] 
55.880: Total time for which application threads were stopped: 0.0365450 seconds, Stopping threads took: 0.0348970 seconds
56.043: Application time: 0.1626780 seconds
56.096: [GC [PSYoungGen: 21348K->841K(23040K)] 36275K->15881K(105984K), 0.0006040 secs] [Times: user=0.00 sys=0.00, real=0.00 secs] 
56.097: Total time for which application threads were stopped: 0.0544040 seconds, Stopping threads took: 0.0537260 seconds
56.267: Application time: 0.1701210 seconds
56.331: [GC [PSYoungGen: 21075K->646K(23040K)] 36114K->15749K(105984K), 0.0004780 secs] [Times: user=0.00 sys=0.00, real=0.00 secs] 
56.332: Total time for which application threads were stopped: 0.0644420 seconds, Stopping threads took: 0.0639010 seconds
56.499: Application time: 0.1675400 seconds
56.539: [GC [PSYoungGen: 21075K->646K(21504K)] 36178K->15749K(104448K), 0.0004930 secs] [Times: user=0.01 sys=0.00, real=0.00 secs] 
56.540: Total time for which application threads were stopped: 0.0408390 seconds, Stopping threads took: 0.0402790 seconds
56.701: Application time: 0.1613940 seconds
56.766: [GC [PSYoungGen: 21075K->646K(22528K)] 36178K->15749K(105472K), 0.0004370 secs] [Times: user=0.01 sys=0.00, real=0.01 secs] 
56.766: Total time for which application threads were stopped: 0.0651170 seconds, Stopping threads took: 0.0646050 seconds
56.942: Application time: 0.1755920 seconds
57.010: [GC [PSYoungGen: 21035K->451K(22528K)] 36139K->15554K(105472K), 0.0004230 secs] [Times: user=0.00 sys=0.00, real=0.00 secs] 
57.010: Total time for which application threads were stopped: 0.0682960 seconds, Stopping threads took: 0.0677890 seconds
57.178: Application time: 0.1681750 seconds
57.214: [GC [PSYoungGen: 20821K->1248K(22528K)] 35924K->16455K(105472K), 0.0006040 secs] [Times: user=0.00 sys=0.00, real=0.00 secs] 
57.215: Total time for which application threads were stopped: 0.0364710 seconds, Stopping threads took: 0.0358010 seconds
57.370: Application time: 0.1548190 seconds
57.431: [GC [PSYoungGen: 21716K->1037K(22528K)] 36923K->16364K(105472K), 0.0006500 secs] [Times: user=0.01 sys=0.00, real=0.00 secs] 
57.432: Total time for which application threads were stopped: 0.0623080 seconds, Stopping threads took: 0.0615810 seconds
57.600: Application time: 0.1682520 seconds
57.657: [GC [PSYoungGen: 21465K->1037K(22528K)] 36793K->16496K(105472K), 0.0005880 secs] [Times: user=0.00 sys=0.00, real=0.00 secs] 
57.658: Total time for which application threads were stopped: 0.0576690 seconds, Stopping threads took: 0.0570100 seconds
57.819: Application time: 0.1605290 seconds
57.885: [GC [PSYoungGen: 21465K->1037K(22528K)] 36925K->16496K(105472K), 0.0007130 secs] [Times: user=0.00 sys=0.00, real=0.00 secs] 
57.886: Total time for which application threads were stopped: 0.0674370 seconds, Stopping threads took: 0.0666530 seconds
58.048: Application time: 0.1620270 seconds
58.083: [GC [PSYoungGen: 21465K->1916K(22016K)] 36925K->17571K(104960K), 0.0009850 secs] [Times: user=0.00 sys=0.00, real=0.00 secs] 
58.084: Total time for which application threads were stopped: 0.0363200 seconds, Stopping threads took: 0.0352570 seconds
58.239: Application time: 0.1551160 seconds
58.297: [GC [PSYoungGen: 21758K->419K(22528K)] 37413K->16074K(105472K), 0.0004150 secs] [Times: user=0.00 sys=0.01, real=0.00 secs] 
58.297: Total time for which application threads were stopped: 0.0578200 seconds, Stopping threads took: 0.0573180 seconds
58.456: Application time: 0.1582580 seconds
58.505: [GC [PSYoungGen: 20047K->614K(21504K)] 35701K->16269K(104448K), 0.0005110 secs] [Times: user=0.01 sys=0.00, real=0.00 secs] 
58.506: Total time for which application threads were stopped: 0.0502440 seconds, Stopping threads took: 0.0496640 seconds
58.664: Application time: 0.1586290 seconds
58.714: [GC [PSYoungGen: 20282K->678K(22016K)] 35936K->16397K(104960K), 0.0004760 secs] [Times: user=0.00 sys=0.00, real=0.00 secs] 
58.714: Total time for which application threads were stopped: 0.0497170 seconds, Stopping threads took: 0.0491580 seconds
58.872: Application time: 0.1581020 seconds
58.920: [GC [PSYoungGen: 20267K->646K(22016K)] 35986K->16521K(104960K), 0.0005610 secs] [Times: user=0.00 sys=0.00, real=0.00 secs] 
58.920: Total time for which application threads were stopped: 0.0482410 seconds, Stopping threads took: 0.0475850 seconds
59.089: Application time: 0.1685480 seconds
59.141: [GC [PSYoungGen: 20586K->1232K(22016K)] 36461K->17227K(104960K), 0.0006650 secs] [Times: user=0.00 sys=0.00, real=0.00 secs] 
59.141: Total time for which application threads were stopped: 0.0522000 seconds, Stopping threads took: 0.0514650 seconds
59.303: Application time: 0.1618880 seconds
59.368: [GC [PSYoungGen: 21075K->646K(22016K)] 37070K->16641K(104960K), 0.0005710 secs] [Times: user=0.01 sys=0.00, real=0.00 secs] 
59.369: Total time for which application threads were stopped: 0.0654790 seconds, Stopping threads took: 0.0648050 seconds
59.529: Application time: 0.1603030 seconds
59.574: [GC [PSYoungGen: 20586K->1232K(22016K)] 36581K->17227K(104960K), 0.0007240 secs] [Times: user=0.00 sys=0.00, real=0.00 secs] 
59.575: Total time for which application threads were stopped: 0.0456670 seconds, Stopping threads took: 0.0448700 seconds
59.745: Application time: 0.1706860 seconds
59.794: [GC [PSYoungGen: 21075K->646K(22016K)] 37070K->16641K(104960K), 0.0004620 secs] [Times: user=0.00 sys=0.01, real=0.00 secs] 
59.794: Total time for which application threads were stopped: 0.0489240 seconds, Stopping threads took: 0.0483620 seconds
59.965: Application time: 0.1711520 seconds
60.017: [GC [PSYoungGen: 20469K->1037K(22016K)] 36464K->17032K(104960K), 0.0008280 secs] [Times: user=0.00 sys=0.00, real=0.00 secs] 
60.018: Total time for which application threads were stopped: 0.0523760 seconds, Stopping threads took: 0.0514570 seconds
60.171: Application time: 0.1535500 seconds
60.206: [GC [PSYoungGen: 20997K->256K(22016K)] 36992K->16315K(104960K), 0.0004160 secs] [Times: user=0.00 sys=0.01, real=0.01 secs] 
60.206: Total time for which application threads were stopped: 0.0351850 seconds, Stopping threads took: 0.0346830 seconds
60.361: Application time: 0.1545330 seconds
60.407: [GC [PSYoungGen: 20040K->451K(22016K)] 36099K->16666K(104960K), 0.0005130 secs] [Times: user=0.01 sys=0.00, real=0.00 secs] 
60.408: Total time for which application threads were stopped: 0.0465330 seconds, Stopping threads took: 0.0459310 seconds
60.578: Application time: 0.1700190 seconds
60.632: [GC [PSYoungGen: 20391K->1037K(22016K)] 36606K->17372K(104960K), 0.0007420 secs] [Times: user=0.01 sys=0.00, real=0.00 secs] 
60.633: Total time for which application threads were stopped: 0.0553140 seconds, Stopping threads took: 0.0544730 seconds
60.793: Application time: 0.1598040 seconds
60.840: [GC [PSYoungGen: 20879K->451K(22016K)] 37215K->16786K(104960K), 0.0005220 secs] [Times: user=0.00 sys=0.00, real=0.00 secs] 
60.840: Total time for which application threads were stopped: 0.0476130 seconds, Stopping threads took: 0.0469990 seconds
61.016: Application time: 0.1758010 seconds
61.052: [GC [PSYoungGen: 20391K->1037K(22016K)] 36726K->17372K(104960K), 0.0005410 secs] [Times: user=0.00 sys=0.00, real=0.00 secs] 
61.053: Total time for which application threads were stopped: 0.0364410 seconds, Stopping threads took: 0.0358000 seconds
61.216: Application time: 0.1636760 seconds
61.249: [GC [PSYoungGen: 20977K->1623K(22016K)] 37312K->17958K(104960K), 0.0007010 secs] [Times: user=0.00 sys=0.00, real=0.00 secs] 
61.250: Total time for which application threads were stopped: 0.0335450 seconds, Stopping threads took: 0.0327630 seconds
61.424: Application time: 0.1737820 seconds
61.472: [GC [PSYoungGen: 21526K->2013K(21504K)] 37861K->18349K(104448K), 0.0008410 secs] [Times: user=0.01 sys=0.00, real=0.00 secs] 
61.473: Total time for which application threads were stopped: 0.0496010 seconds, Stopping threads took: 0.0486850 seconds
61.619: Application time: 0.1463120 seconds
61.658: [GC [PSYoungGen: 21409K->1818K(22016K)] 37744K->18250K(104960K), 0.0010570 secs] [Times: user=0.00 sys=0.00, real=0.01 secs] 
61.659: Total time for which application threads were stopped: 0.0394300 seconds, Stopping threads took: 0.0382770 seconds
61.834: Application time: 0.1746050 seconds
61.893: [GC [PSYoungGen: 21114K->451K(22016K)] 37546K->17002K(104960K), 0.0007370 secs] [Times: user=0.00 sys=0.00, real=0.00 secs] 
61.893: Total time for which application threads were stopped: 0.0598750 seconds, Stopping threads took: 0.0590380 seconds
62.069: Application time: 0.1752440 seconds
62.106: [GC [PSYoungGen: 19805K->451K(22016K)] 36357K->17130K(104960K), 0.0004290 secs] [Times: user=0.00 sys=0.00, real=0.00 secs] 
62.107: Total time for which application threads were stopped: 0.0381250 seconds, Stopping threads took: 0.0376080 seconds
62.281: Application time: 0.1738960 seconds
62.328: [GC [PSYoungGen: 19805K->451K(22016K)] 36485K->17130K(104960K), 0.0004660 secs] [Times: user=0.00 sys=0.00, real=0.00 secs] 
62.329: Total time for which application threads were stopped: 0.0478620 seconds, Stopping threads took: 0.0473160 seconds
62.501: Application time: 0.1728690 seconds
62.548: [GC [PSYoungGen: 19805K->451K(22016K)] 36485K->17130K(104960K), 0.0004620 secs] [Times: user=0.00 sys=0.00, real=0.00 secs] 
62.549: Total time for which application threads were stopped: 0.0471370 seconds, Stopping threads took: 0.0466000 seconds
62.711: Application time: 0.1628300 seconds
62.758: [GC [PSYoungGen: 19883K->451K(22016K)] 36563K->17130K(104960K), 0.0004650 secs] [Times: user=0.00 sys=0.00, real=0.00 secs] 
62.759: Total time for which application threads were stopped: 0.0475260 seconds, Stopping threads took: 0.0469750 seconds
62.923: Application time: 0.1640270 seconds
62.956: [GC [PSYoungGen: 19805K->451K(22016K)] 36485K->17194K(104960K), 0.0004660 secs] [Times: user=0.01 sys=0.00, real=0.00 secs] 
62.956: Total time for which application threads were stopped: 0.0334370 seconds, Stopping threads took: 0.0329070 seconds
63.117: Application time: 0.1606640 seconds
63.154: [GC [PSYoungGen: 19825K->1248K(22016K)] 36569K->17992K(104960K), 0.0006730 secs] [Times: user=0.00 sys=0.00, real=0.00 secs] 
63.155: Total time for which application threads were stopped: 0.0377080 seconds, Stopping threads took: 0.0369570 seconds
63.312: Application time: 0.1570560 seconds
63.345: [GC [PSYoungGen: 20644K->1053K(22016K)] 37387K->17953K(104960K), 0.0006170 secs] [Times: user=0.00 sys=0.00, real=0.00 secs] 
63.345: Total time for which application threads were stopped: 0.0334790 seconds, Stopping threads took: 0.0327950 seconds
63.506: Application time: 0.1606060 seconds
63.555: [GC [PSYoungGen: 20407K->1037K(20992K)] 37307K->18057K(103936K), 0.0009520 secs] [Times: user=0.00 sys=0.00, real=0.00 secs] 
63.556: Total time for which application threads were stopped: 0.0502350 seconds, Stopping threads took: 0.0492050 seconds
63.717: Application time: 0.1609760 seconds
63.751: [GC [PSYoungGen: 20391K->1037K(21504K)] 37411K->18057K(104448K), 0.0005040 secs] [Times: user=0.01 sys=0.00, real=0.00 secs] 
63.751: Total time for which application threads were stopped: 0.0342100 seconds, Stopping threads took: 0.0336280 seconds
63.896: Application time: 0.1450220 seconds
63.934: [GC [PSYoungGen: 20489K->2013K(20992K)] 37509K->19229K(103936K), 0.0008330 secs] [Times: user=0.01 sys=0.00, real=0.00 secs] 
63.935: Total time for which application threads were stopped: 0.0382480 seconds, Stopping threads took: 0.0373430 seconds
64.093: Application time: 0.1587930 seconds
64.144: [GC [PSYoungGen: 20762K->451K(21504K)] 37977K->17666K(104448K), 0.0004560 secs] [Times: user=0.00 sys=0.00, real=0.00 secs] 
64.144: Total time for which application threads were stopped: 0.0507110 seconds, Stopping threads took: 0.0501920 seconds
64.311: Application time: 0.1668870 seconds
64.349: [GC [PSYoungGen: 19317K->1037K(21504K)] 36532K->18316K(104448K), 0.0005610 secs] [Times: user=0.01 sys=0.00, real=0.00 secs] 
64.350: Total time for which application threads were stopped: 0.0384820 seconds, Stopping threads took: 0.0378410 seconds
64.524: Application time: 0.1749830 seconds
64.571: [GC [PSYoungGen: 19925K->256K(21504K)] 37204K->17535K(104448K), 0.0003930 secs] [Times: user=0.00 sys=0.00, real=0.00 secs] 
64.571: Total time for which application threads were stopped: 0.0466940 seconds, Stopping threads took: 0.0462340 seconds
64.735: Application time: 0.1637360 seconds
64.775: [GC [PSYoungGen: 19004K->646K(21504K)] 36284K->18078K(104448K), 0.0005340 secs] [Times: user=0.00 sys=0.00, real=0.00 secs] 
64.776: Total time for which application threads were stopped: 0.0409970 seconds, Stopping threads took: 0.0403930 seconds
64.945: Application time: 0.1693590 seconds
64.980: [GC [PSYoungGen: 19473K->1037K(20480K)] 36904K->18524K(103424K), 0.0005740 secs] [Times: user=0.01 sys=0.00, real=0.00 secs] 
64.981: Total time for which application threads were stopped: 0.0352140 seconds, Stopping threads took: 0.0345580 seconds
65.139: Application time: 0.1587800 seconds
65.174: [GC [PSYoungGen: 19805K->451K(20992K)] 37292K->18042K(103936K), 0.0005120 secs] [Times: user=0.00 sys=0.00, real=0.00 secs] 
65.175: Total time for which application threads were stopped: 0.0353550 seconds, Stopping threads took: 0.0347740 seconds
65.338: Application time: 0.1629820 seconds
65.374: [GC [PSYoungGen: 19317K->1037K(20992K)] 36908K->18628K(103936K), 0.0005180 secs] [Times: user=0.01 sys=0.00, real=0.00 secs] 
65.375: Total time for which application threads were stopped: 0.0372820 seconds, Stopping threads took: 0.0366760 seconds
65.523: Application time: 0.1483600 seconds
65.559: [GC [PSYoungGen: 19788K->1427K(20992K)] 37379K->19019K(103936K), 0.0006610 secs] [Times: user=0.00 sys=0.00, real=0.00 secs] 
65.560: Total time for which application threads were stopped: 0.0362840 seconds, Stopping threads took: 0.0355430 seconds
65.719: Application time: 0.1596170 seconds
65.773: [GC [PSYoungGen: 20000K->646K(20992K)] 37592K->18294K(103936K), 0.0004920 secs] [Times: user=0.00 sys=0.00, real=0.00 secs] 
65.774: Total time for which application threads were stopped: 0.0543660 seconds, Stopping threads took: 0.0538120 seconds
65.948: Application time: 0.1740090 seconds
65.984: [GC [PSYoungGen: 19395K->1037K(20992K)] 37042K->18684K(103936K), 0.0005550 secs] [Times: user=0.00 sys=0.00, real=0.00 secs] 
65.985: Total time for which application threads were stopped: 0.0378350 seconds, Stopping threads took: 0.0361840 seconds
66.146: Application time: 0.1609370 seconds
66.196: [GC [PSYoungGen: 19925K->256K(20992K)] 37572K->17975K(103936K), 0.0004910 secs] [Times: user=0.00 sys=0.00, real=0.00 secs] 
66.196: Total time for which application threads were stopped: 0.0497410 seconds, Stopping threads took: 0.0491520 seconds
66.355: Application time: 0.1584550 seconds
66.386: [GC [PSYoungGen: 19007K->646K(20992K)] 36726K->18514K(103936K), 0.0005340 secs] [Times: user=0.00 sys=0.00, real=0.00 secs] 
66.387: Total time for which application threads were stopped: 0.0323190 seconds, Stopping threads took: 0.0317170 seconds
66.557: Application time: 0.1696640 seconds
66.593: [GC [PSYoungGen: 19395K->1037K(20992K)] 37263K->18968K(103936K), 0.0007080 secs] [Times: user=0.00 sys=0.00, real=0.00 secs] 
66.594: Total time for which application threads were stopped: 0.0374980 seconds, Stopping threads took: 0.0367210 seconds
66.755: Application time: 0.1611280 seconds
66.807: [GC [PSYoungGen: 19805K->451K(20992K)] 37737K->18439K(103936K), 0.0005130 secs] [Times: user=0.00 sys=0.00, real=0.00 secs] 
66.807: Total time for which application threads were stopped: 0.0518890 seconds, Stopping threads took: 0.0512800 seconds
66.974: Application time: 0.1670820 seconds
67.007: [GC [PSYoungGen: 19317K->1037K(20992K)] 37304K->19025K(103936K), 0.0005350 secs] [Times: user=0.00 sys=0.00, real=0.00 secs] 
67.008: Total time for which application threads were stopped: 0.0336800 seconds, Stopping threads took: 0.0330530 seconds
67.166: Application time: 0.1579660 seconds
67.204: [GC [PSYoungGen: 19883K->451K(20992K)] 37871K->18439K(103936K), 0.0006130 secs] [Times: user=0.00 sys=0.00, real=0.00 secs] 
67.204: Total time for which application threads were stopped: 0.0384060 seconds, Stopping threads took: 0.0377300 seconds
67.370: Application time: 0.1654510 seconds
67.405: [GC [PSYoungGen: 19083K->646K(20992K)] 37070K->18698K(103936K), 0.0005390 secs] [Times: user=0.00 sys=0.00, real=0.00 secs] 
67.405: Total time for which application threads were stopped: 0.0358240 seconds, Stopping threads took: 0.0351960 seconds
67.580: Application time: 0.1746040 seconds
67.609: [GC [PSYoungGen: 19473K->1037K(20992K)] 37525K->19193K(103936K), 0.0007700 secs] [Times: user=0.00 sys=0.00, real=0.00 secs] 
67.610: Total time for which application threads were stopped: 0.0300010 seconds, Stopping threads took: 0.0291400 seconds
67.772: Application time: 0.1622140 seconds
67.826: [GC [PSYoungGen: 19962K->483K(20992K)] 38117K->18727K(103936K), 0.0005590 secs] [Times: user=0.00 sys=0.00, real=0.01 secs] 
67.826: Total time for which application threads were stopped: 0.0539550 seconds, Stopping threads took: 0.0533170 seconds
68.003: Application time: 0.1764000 seconds
68.040: [GC [PSYoungGen: 19349K->1037K(20992K)] 37593K->19369K(103936K), 0.0006830 secs] [Times: user=0.01 sys=0.00, real=0.00 secs] 
68.041: Total time for which application threads were stopped: 0.0383400 seconds, Stopping threads took: 0.0375590 seconds
68.215: Application time: 0.1737480 seconds
68.263: [GC [PSYoungGen: 19883K->451K(20992K)] 38215K->18783K(103936K), 0.0005680 secs] [Times: user=0.00 sys=0.00, real=0.00 secs] 
68.263: Total time for which application threads were stopped: 0.0486460 seconds, Stopping threads took: 0.0480080 seconds
68.442: Application time: 0.1790450 seconds
68.479: [GC [PSYoungGen: 19317K->1037K(20992K)] 37649K->19441K(103936K), 0.0007840 secs] [Times: user=0.00 sys=0.00, real=0.00 secs] 
68.480: Total time for which application threads were stopped: 0.0373160 seconds, Stopping threads took: 0.0364500 seconds
68.649: Application time: 0.1692590 seconds
68.691: [GC [PSYoungGen: 19883K->451K(20992K)] 38287K->18855K(103936K), 0.0004530 secs] [Times: user=0.00 sys=0.00, real=0.00 secs] 
68.691: Total time for which application threads were stopped: 0.0424560 seconds, Stopping threads took: 0.0419070 seconds
68.865: Application time: 0.1734030 seconds
68.903: [GC [PSYoungGen: 19317K->1037K(20992K)] 37721K->19497K(103936K), 0.0008120 secs] [Times: user=0.01 sys=0.00, real=0.00 secs] 
68.904: Total time for which application threads were stopped: 0.0386310 seconds, Stopping threads took: 0.0377240 seconds
69.076: Application time: 0.1721400 seconds
69.131: [GC [PSYoungGen: 19847K->256K(20992K)] 38307K->18716K(103936K), 0.0004960 secs] [Times: user=0.00 sys=0.00, real=0.00 secs] 
69.131: Total time for which application threads were stopped: 0.0556970 seconds, Stopping threads took: 0.0551300 seconds
69.298: Application time: 0.1664390 seconds
69.302: [GC [PSYoungGen: 19182K->1818K(20992K)] 37642K->20398K(103936K), 0.0007540 secs] [Times: user=0.00 sys=0.00, real=0.00 secs] 
69.303: Total time for which application threads were stopped: 0.0048680 seconds, Stopping threads took: 0.0040110 seconds
69.482: Application time: 0.1794250 seconds
69.535: [GC [PSYoungGen: 20665K->1232K(20992K)] 39245K->19900K(103936K), 0.0007620 secs] [Times: user=0.00 sys=0.00, real=0.00 secs] 
69.536: Total time for which application threads were stopped: 0.0540880 seconds, Stopping threads took: 0.0532300 seconds
69.702: Application time: 0.1656080 seconds
69.742: [GC [PSYoungGen: 20079K->646K(20992K)] 38747K->19378K(103936K), 0.0004950 secs] [Times: user=0.00 sys=0.00, real=0.00 secs] 
69.742: Total time for which application threads were stopped: 0.0404340 seconds, Stopping threads took: 0.0398630 seconds
69.918: Application time: 0.1761290 seconds
69.956: [GC [PSYoungGen: 19397K->1037K(20992K)] 38129K->19833K(103936K), 0.0005910 secs] [Times: user=0.00 sys=0.00, real=0.00 secs] 
69.957: Total time for which application threads were stopped: 0.0381600 seconds, Stopping threads took: 0.0374880 seconds
70.123: Application time: 0.1662320 seconds
70.161: [GC [PSYoungGen: 19805K->1525K(20992K)] 38601K->20385K(103936K), 0.0007400 secs] [Times: user=0.01 sys=0.00, real=0.00 secs] 
70.162: Total time for which application threads were stopped: 0.0388780 seconds, Stopping threads took: 0.0380630 seconds
70.334: Application time: 0.1721880 seconds
70.372: [GC [PSYoungGen: 20391K->1037K(20992K)] 39251K->19897K(103936K), 0.0006140 secs] [Times: user=0.01 sys=0.00, real=0.00 secs] 
70.373: Total time for which application threads were stopped: 0.0389030 seconds, Stopping threads took: 0.0382140 seconds
70.540: Application time: 0.1673480 seconds
70.545: [GC [PSYoungGen: 19864K->1916K(20480K)] 38724K->21362K(103424K), 0.0009730 secs] [Times: user=0.01 sys=0.00, real=0.00 secs] 
70.546: Total time for which application threads were stopped: 0.0055380 seconds, Stopping threads took: 0.0044750 seconds
70.704: Application time: 0.1584940 seconds
70.745: [GC [PSYoungGen: 20176K->1330K(20992K)] 39622K->20864K(103936K), 0.0009030 secs] [Times: user=0.01 sys=0.00, real=0.01 secs] 
70.746: Total time for which application threads were stopped: 0.0422500 seconds, Stopping threads took: 0.0412510 seconds
70.922: Application time: 0.1755250 seconds
70.935: [GC [PSYoungGen: 19649K->2209K(20992K)] 39183K->21807K(103936K), 0.0012340 secs] [Times: user=0.00 sys=0.00, real=0.00 secs] 
70.936: Total time for which application threads were stopped: 0.0143190 seconds, Stopping threads took: 0.0129920 seconds
71.107: Application time: 0.1704460 seconds
71.145: [GC [PSYoungGen: 20547K->1037K(20992K)] 40146K->20755K(103936K), 0.0007870 secs] [Times: user=0.00 sys=0.00, real=0.00 secs] 
71.145: Total time for which application threads were stopped: 0.0387070 seconds, Stopping threads took: 0.0378390 seconds
71.312: Application time: 0.1666710 seconds
71.349: [GC [PSYoungGen: 19317K->1037K(20992K)] 39035K->20851K(103936K), 0.0006110 secs] [Times: user=0.01 sys=0.00, real=0.00 secs] 
71.349: Total time for which application threads were stopped: 0.0373440 seconds, Stopping threads took: 0.0366650 seconds
71.521: Application time: 0.1720380 seconds
71.559: [GC [PSYoungGen: 19317K->1037K(20992K)] 39131K->20851K(103936K), 0.0006870 secs] [Times: user=0.00 sys=0.00, real=0.00 secs] 
71.559: Total time for which application threads were stopped: 0.0378810 seconds, Stopping threads took: 0.0371190 seconds
71.727: Application time: 0.1676640 seconds
71.763: [GC [PSYoungGen: 19317K->1037K(20992K)] 39131K->20859K(103936K), 0.0005460 secs] [Times: user=0.00 sys=0.00, real=0.00 secs] 
71.763: Total time for which application threads were stopped: 0.0362370 seconds, Stopping threads took: 0.0356140 seconds
71.923: Application time: 0.1596320 seconds
71.957: [GC [PSYoungGen: 19395K->1037K(19968K)] 39217K->20859K(102912K), 0.0005620 secs] [Times: user=0.01 sys=0.00, real=0.00 secs] 
71.958: Total time for which application threads were stopped: 0.0348820 seconds, Stopping threads took: 0.0342520 seconds
72.117: Application time: 0.1587930 seconds
72.151: [GC [PSYoungGen: 19395K->1037K(20480K)] 39218K->20923K(103424K), 0.0005450 secs] [Times: user=0.01 sys=0.00, real=0.00 secs] 
72.152: Total time for which application threads were stopped: 0.0351280 seconds, Stopping threads took: 0.0345120 seconds
72.309: Application time: 0.1569570 seconds
72.343: [GC [PSYoungGen: 19395K->1037K(20480K)] 39281K->20987K(103424K), 0.0005510 secs] [Times: user=0.00 sys=0.00, real=0.00 secs] 
72.344: Total time for which application threads were stopped: 0.0353510 seconds, Stopping threads took: 0.0347280 seconds
72.500: Application time: 0.1563500 seconds
72.535: [GC [PSYoungGen: 19239K->646K(20480K)] 39189K->20653K(103424K), 0.0004970 secs] [Times: user=0.00 sys=0.00, real=0.00 secs] 
72.536: Total time for which application threads were stopped: 0.0353620 seconds, Stopping threads took: 0.0347950 seconds
72.707: Application time: 0.1717660 seconds
72.720: [GC [PSYoungGen: 18907K->1623K(20480K)] 38913K->21782K(103424K), 0.0007430 secs] [Times: user=0.01 sys=0.00, real=0.00 secs] 
72.721: Total time for which application threads were stopped: 0.0134770 seconds, Stopping threads took: 0.0126580 seconds
72.883: Application time: 0.1620210 seconds
72.915: [GC [PSYoungGen: 20000K->646K(20480K)] 40159K->20869K(103424K), 0.0004770 secs] [Times: user=0.00 sys=0.00, real=0.00 secs] 
72.916: Total time for which application threads were stopped: 0.0327910 seconds, Stopping threads took: 0.0322430 seconds
73.076: Application time: 0.1598280 seconds
73.108: [GC [PSYoungGen: 18926K->646K(20480K)] 39149K->20869K(103424K), 0.0004690 secs] [Times: user=0.00 sys=0.00, real=0.00 secs] 
73.108: Total time for which application threads were stopped: 0.0326720 seconds, Stopping threads took: 0.0321390 seconds
73.261: Application time: 0.1528170 seconds
73.296: [GC [PSYoungGen: 19004K->646K(20480K)] 39227K->20869K(103424K), 0.0005550 secs] [Times: user=0.00 sys=0.00, real=0.00 secs] 
73.296: Total time for which application threads were stopped: 0.0351480 seconds, Stopping threads took: 0.0345240 seconds
73.453: Application time: 0.1563120 seconds
73.488: [GC [PSYoungGen: 18926K->646K(20480K)] 39149K->20933K(103424K), 0.0004640 secs] [Times: user=0.00 sys=0.00, real=0.00 secs] 
73.488: Total time for which application threads were stopped: 0.0359100 seconds, Stopping threads took: 0.0353730 seconds
73.646: Application time: 0.1571360 seconds
73.697: [GC [PSYoungGen: 18887K->451K(20480K)] 39174K->20738K(103424K), 0.0004970 secs] [Times: user=0.00 sys=0.00, real=0.00 secs] 
73.697: Total time for which application threads were stopped: 0.0514720 seconds, Stopping threads took: 0.0509050 seconds
73.854: Application time: 0.1571220 seconds
73.895: [GC [PSYoungGen: 18770K->272K(20480K)] 39057K->20654K(103424K), 0.0004860 secs] [Times: user=0.01 sys=0.00, real=0.00 secs] 
73.895: Total time for which application threads were stopped: 0.0410640 seconds, Stopping threads took: 0.0405110 seconds
74.053: Application time: 0.1572100 seconds
74.087: [GC [PSYoungGen: 18692K->256K(20480K)] 39075K->20766K(103424K), 0.0006450 secs] [Times: user=0.00 sys=0.00, real=0.00 secs] 
74.087: Total time for which application threads were stopped: 0.0349610 seconds, Stopping threads took: 0.0342160 seconds
74.247: Application time: 0.1598790 seconds
74.281: [GC [PSYoungGen: 18552K->256K(20480K)] 39063K->20862K(103424K), 0.0007030 secs] [Times: user=0.00 sys=0.00, real=0.00 secs] 
74.281: Total time for which application threads were stopped: 0.0339870 seconds, Stopping threads took: 0.0331980 seconds
74.447: Application time: 0.1658810 seconds
74.482: [GC [PSYoungGen: 18535K->256K(20480K)] 39142K->20879K(103424K), 0.0005350 secs] [Times: user=0.01 sys=0.00, real=0.00 secs] 
74.482: Total time for which application threads were stopped: 0.0349110 seconds, Stopping threads took: 0.0342850 seconds
74.639: Application time: 0.1568220 seconds
74.644: [GC [PSYoungGen: 18633K->1427K(20480K)] 39256K->22050K(103424K), 0.0007770 secs] [Times: user=0.00 sys=0.00, real=0.00 secs] 
74.645: Total time for which application threads were stopped: 0.0061810 seconds, Stopping threads took: 0.0053270 seconds
74.808: Application time: 0.1632600 seconds
74.843: [GC [PSYoungGen: 19688K->256K(20480K)] 40311K->20879K(103424K), 0.0003690 secs] [Times: user=0.00 sys=0.00, real=0.00 secs] 
74.843: Total time for which application threads were stopped: 0.0348670 seconds, Stopping threads took: 0.0344390 seconds
74.998: Application time: 0.1543030 seconds
75.009: [GC [PSYoungGen: 18594K->1232K(20480K)] 39217K->21911K(103424K), 0.0007120 secs] [Times: user=0.00 sys=0.00, real=0.00 secs] 
75.010: Total time for which application threads were stopped: 0.0121390 seconds, Stopping threads took: 0.0113350 seconds
75.166: Application time: 0.1560710 seconds
75.202: [GC [PSYoungGen: 19590K->1232K(19968K)] 40269K->22007K(102912K), 0.0007110 secs] [Times: user=0.00 sys=0.00, real=0.00 secs] 
75.202: Total time for which application threads were stopped: 0.0365770 seconds, Stopping threads took: 0.0357850 seconds
75.358: Application time: 0.1557540 seconds
75.393: [GC [PSYoungGen: 19083K->646K(18944K)] 39858K->21477K(101888K), 0.0005180 secs] [Times: user=0.00 sys=0.01, real=0.00 secs] 
75.394: Total time for which application threads were stopped: 0.0358610 seconds, Stopping threads took: 0.0352750 seconds
75.561: Application time: 0.1669860 seconds
75.573: [GC [PSYoungGen: 18401K->1037K(19968K)] 39232K->21956K(102912K), 0.0005460 secs] [Times: user=0.00 sys=0.00, real=0.00 secs] 
75.574: Total time for which application threads were stopped: 0.0125160 seconds, Stopping threads took: 0.0118960 seconds
75.738: Application time: 0.1648140 seconds
75.769: [GC [PSYoungGen: 18926K->646K(19968K)] 39845K->21669K(102912K), 0.0005930 secs] [Times: user=0.01 sys=0.00, real=0.00 secs] 
75.770: Total time for which application threads were stopped: 0.0312050 seconds, Stopping threads took: 0.0305220 seconds
75.933: Application time: 0.1636170 seconds
75.984: [GC [PSYoungGen: 18535K->256K(19968K)] 39559K->21279K(102912K), 0.0007510 secs] [Times: user=0.00 sys=0.00, real=0.00 secs] 
75.985: Total time for which application threads were stopped: 0.0520600 seconds, Stopping threads took: 0.0512310 seconds
76.140: Application time: 0.1547900 seconds
76.160: [GC [PSYoungGen: 17852K->646K(19968K)] 38875K->21669K(102912K), 0.0005070 secs] [Times: user=0.00 sys=0.00, real=0.00 secs] 
76.162: Total time for which application threads were stopped: 0.0216710 seconds, Stopping threads took: 0.0200580 seconds
76.316: Application time: 0.1547240 seconds
76.325: [GC [PSYoungGen: 18516K->1232K(19968K)] 39539K->22255K(102912K), 0.0006560 secs] [Times: user=0.01 sys=0.00, real=0.00 secs] 
76.325: Total time for which application threads were stopped: 0.0090360 seconds, Stopping threads took: 0.0083000 seconds
76.480: Application time: 0.1549890 seconds
76.490: [GC [PSYoungGen: 18987K->1623K(19968K)] 40010K->22702K(102912K), 0.0007030 secs] [Times: user=0.00 sys=0.00, real=0.00 secs] 
76.491: Total time for which application threads were stopped: 0.0104550 seconds, Stopping threads took: 0.0096790 seconds
76.648: Application time: 0.1570050 seconds
76.681: [GC [PSYoungGen: 19473K->1037K(19968K)] 40552K->22220K(102912K), 0.0005850 secs] [Times: user=0.00 sys=0.00, real=0.00 secs] 
76.682: Total time for which application threads were stopped: 0.0338540 seconds, Stopping threads took: 0.0331790 seconds
76.837: Application time: 0.1553090 seconds
76.848: [GC [PSYoungGen: 18809K->1525K(19968K)] 39992K->22805K(102912K), 0.0008370 secs] [Times: user=0.01 sys=0.00, real=0.00 secs] 
76.849: Total time for which application threads were stopped: 0.0117780 seconds, Stopping threads took: 0.0108600 seconds
77.012: Application time: 0.1633370 seconds
77.056: [GC [PSYoungGen: 19082K->646K(20480K)] 40362K->21974K(103424K), 0.0007440 secs] [Times: user=0.01 sys=0.00, real=0.00 secs] 
77.057: Total time for which application threads were stopped: 0.0444580 seconds, Stopping threads took: 0.0436270 seconds
77.215: Application time: 0.1583660 seconds
77.248: [GC [PSYoungGen: 18535K->256K(20480K)] 39863K->21687K(103424K), 0.0006650 secs] [Times: user=0.01 sys=0.00, real=0.00 secs] 
77.249: Total time for which application threads were stopped: 0.0338790 seconds, Stopping threads took: 0.0331270 seconds
77.403: Application time: 0.1541080 seconds
77.410: [GC [PSYoungGen: 17852K->646K(19456K)] 39283K->22078K(102400K), 0.0006600 secs] [Times: user=0.00 sys=0.00, real=0.00 secs] 
77.411: Total time for which application threads were stopped: 0.0080410 seconds, Stopping threads took: 0.0072840 seconds
77.568: Application time: 0.1571810 seconds
77.605: [GC [PSYoungGen: 18535K->256K(19968K)] 39967K->21687K(102912K), 0.0005070 secs] [Times: user=0.00 sys=0.00, real=0.00 secs] 
77.606: Total time for which application threads were stopped: 0.0373950 seconds, Stopping threads took: 0.0368000 seconds
77.758: Application time: 0.1528220 seconds
77.769: [GC [PSYoungGen: 18008K->646K(19968K)] 39440K->22078K(102912K), 0.0004680 secs] [Times: user=0.01 sys=0.00, real=0.00 secs] 
77.769: Total time for which application threads were stopped: 0.0106930 seconds, Stopping threads took: 0.0101590 seconds
77.932: Application time: 0.1629110 seconds
77.951: [GC [PSYoungGen: 18516K->1232K(19968K)] 39947K->22752K(102912K), 0.0006070 secs] [Times: user=0.00 sys=0.00, real=0.00 secs] 
77.952: Total time for which application threads were stopped: 0.0198480 seconds, Stopping threads took: 0.0191560 seconds
78.116: Application time: 0.1639040 seconds
78.151: [GC [PSYoungGen: 18967K->451K(19968K)] 40487K->22042K(102912K), 0.0004540 secs] [Times: user=0.00 sys=0.00, real=0.00 secs] 
78.151: Total time for which application threads were stopped: 0.0352560 seconds, Stopping threads took: 0.0347330 seconds
78.314: Application time: 0.1627940 seconds
78.328: [GC [PSYoungGen: 18242K->1037K(19968K)] 39834K->22749K(102912K), 0.0005440 secs] [Times: user=0.01 sys=0.00, real=0.00 secs] 
78.329: Total time for which application threads were stopped: 0.0151950 seconds, Stopping threads took: 0.0145770 seconds
78.481: Application time: 0.1519770 seconds
78.519: [GC [PSYoungGen: 18887K->451K(19968K)] 40599K->22163K(102912K), 0.0005450 secs] [Times: user=0.00 sys=0.00, real=0.00 secs] 
78.519: Total time for which application threads were stopped: 0.0380800 seconds, Stopping threads took: 0.0374550 seconds
78.682: Application time: 0.1625770 seconds
78.704: [GC [PSYoungGen: 18242K->1037K(19968K)] 39954K->22845K(102912K), 0.0005920 secs] [Times: user=0.00 sys=0.00, real=0.00 secs] 
78.704: Total time for which application threads were stopped: 0.0224940 seconds, Stopping threads took: 0.0218110 seconds
78.859: Application time: 0.1552370 seconds
78.865: [GC [PSYoungGen: 18828K->1591K(19968K)] 40636K->23399K(102912K), 0.0006900 secs] [Times: user=0.00 sys=0.00, real=0.00 secs] 
78.865: Total time for which application threads were stopped: 0.0060280 seconds, Stopping threads took: 0.0052710 seconds
79.027: Application time: 0.1611180 seconds
79.060: [GC [PSYoungGen: 19480K->1232K(19968K)] 41288K->23040K(102912K), 0.0005480 secs] [Times: user=0.00 sys=0.00, real=0.00 secs] 
79.061: Total time for which application threads were stopped: 0.0344610 seconds, Stopping threads took: 0.0338280 seconds
79.216: Application time: 0.1546790 seconds
79.250: [GC [PSYoungGen: 19082K->646K(19968K)] 40890K->22454K(102912K), 0.0005130 secs] [Times: user=0.00 sys=0.00, real=0.00 secs] 
79.250: Total time for which application threads were stopped: 0.0343580 seconds, Stopping threads took: 0.0337570 seconds
79.421: Application time: 0.1709260 seconds
79.436: [GC [PSYoungGen: 18399K->1037K(19968K)] 40206K->22933K(102912K), 0.0006120 secs] [Times: user=0.01 sys=0.00, real=0.00 secs] 
79.436: Total time for which application threads were stopped: 0.0152590 seconds, Stopping threads took: 0.0145810 seconds
79.590: Application time: 0.1536500 seconds
79.625: [GC [PSYoungGen: 18887K->451K(19968K)] 40783K->22443K(102912K), 0.0004400 secs] [Times: user=0.00 sys=0.00, real=0.00 secs] 
79.625: Total time for which application threads were stopped: 0.0354810 seconds, Stopping threads took: 0.0349690 seconds
79.787: Application time: 0.1618780 seconds
79.803: [GC [PSYoungGen: 18242K->1037K(19968K)] 40234K->23133K(102912K), 0.0005360 secs] [Times: user=0.01 sys=0.00, real=0.00 secs] 
79.803: Total time for which application threads were stopped: 0.0161760 seconds, Stopping threads took: 0.0155720 seconds
79.960: Application time: 0.1565970 seconds
80.008: [GC [PSYoungGen: 18887K->451K(19968K)] 40983K->22547K(102912K), 0.0007680 secs] [Times: user=0.01 sys=0.00, real=0.00 secs] 
80.009: Total time for which application threads were stopped: 0.0487290 seconds, Stopping threads took: 0.0478780 seconds
80.170: Application time: 0.1606880 seconds
80.189: [GC [PSYoungGen: 18242K->1037K(19968K)] 40338K->23221K(102912K), 0.0006090 secs] [Times: user=0.01 sys=0.00, real=0.00 secs] 
80.190: Total time for which application threads were stopped: 0.0203720 seconds, Stopping threads took: 0.0196900 seconds
80.343: Application time: 0.1535320 seconds
80.380: [GC [PSYoungGen: 18926K->646K(19968K)] 41110K->22830K(102912K), 0.0004720 secs] [Times: user=0.01 sys=0.00, real=0.00 secs] 
80.380: Total time for which application threads were stopped: 0.0366550 seconds, Stopping threads took: 0.0361160 seconds
80.551: Application time: 0.1712400 seconds
80.564: [GC [PSYoungGen: 18516K->1232K(19968K)] 40700K->23416K(102912K), 0.0007800 secs] [Times: user=0.00 sys=0.00, real=0.00 secs] 
80.565: Total time for which application threads were stopped: 0.0132620 seconds, Stopping threads took: 0.0124090 seconds
80.715: Application time: 0.1500400 seconds
80.751: [GC [PSYoungGen: 19004K->646K(19968K)] 41188K->22894K(102912K), 0.0005740 secs] [Times: user=0.00 sys=0.00, real=0.00 secs] 
80.751: Total time for which application threads were stopped: 0.0368140 seconds, Stopping threads took: 0.0361540 seconds
80.917: Application time: 0.1650600 seconds
80.925: [GC [PSYoungGen: 18399K->1037K(19968K)] 40647K->23349K(102912K), 0.0006200 secs] [Times: user=0.00 sys=0.00, real=0.00 secs] 
80.926: Total time for which application threads were stopped: 0.0092050 seconds, Stopping threads took: 0.0085120 seconds
81.077: Application time: 0.1513680 seconds
81.110: [GC [PSYoungGen: 18887K->451K(19968K)] 41199K->22859K(102912K), 0.0005710 secs] [Times: user=0.00 sys=0.00, real=0.00 secs] 
81.110: Total time for which application threads were stopped: 0.0332150 seconds, Stopping threads took: 0.0325760 seconds
81.279: Application time: 0.1691530 seconds
81.298: [GC [PSYoungGen: 18242K->1037K(19968K)] 40651K->23549K(102912K), 0.0005540 secs] [Times: user=0.00 sys=0.00, real=0.00 secs] 
81.298: Total time for which application threads were stopped: 0.0186460 seconds, Stopping threads took: 0.0180150 seconds
81.452: Application time: 0.1542330 seconds
81.485: [GC [PSYoungGen: 18889K->451K(19968K)] 41401K->22963K(102912K), 0.0004760 secs] [Times: user=0.00 sys=0.00, real=0.00 secs] 
81.485: Total time for which application threads were stopped: 0.0331120 seconds, Stopping threads took: 0.0325650 seconds
81.647: Application time: 0.1613770 seconds
81.667: [GC [PSYoungGen: 18242K->1037K(19968K)] 40755K->23653K(102912K), 0.0006150 secs] [Times: user=0.00 sys=0.00, real=0.00 secs] 
81.667: Total time for which application threads were stopped: 0.0205050 seconds, Stopping threads took: 0.0198180 seconds
81.819: Application time: 0.1519190 seconds
81.856: [GC [PSYoungGen: 18926K->646K(19968K)] 41542K->23262K(102912K), 0.0006880 secs] [Times: user=0.00 sys=0.00, real=0.00 secs] 
81.856: Total time for which application threads were stopped: 0.0370000 seconds, Stopping threads took: 0.0362360 seconds
82.023: Application time: 0.1665510 seconds
82.042: [GC [PSYoungGen: 18518K->1232K(19968K)] 41134K->23848K(102912K), 0.0006190 secs] [Times: user=0.00 sys=0.00, real=0.00 secs] 
82.042: Total time for which application threads were stopped: 0.0194270 seconds, Stopping threads took: 0.0187330 seconds
82.194: Application time: 0.1519820 seconds
82.231: [GC [PSYoungGen: 19083K->646K(19968K)] 41699K->23318K(102912K), 0.0006440 secs] [Times: user=0.01 sys=0.00, real=0.00 secs] 
82.232: Total time for which application threads were stopped: 0.0376650 seconds, Stopping threads took: 0.0369360 seconds
82.390: Application time: 0.1577870 seconds
82.397: [GC [PSYoungGen: 18516K->1232K(19968K)] 41188K->23984K(102912K), 0.0005900 secs] [Times: user=0.00 sys=0.00, real=0.00 secs] 
82.397: Total time for which application threads were stopped: 0.0076690 seconds, Stopping threads took: 0.0070070 seconds
82.552: Application time: 0.1547640 seconds
82.585: [GC [PSYoungGen: 19083K->646K(19968K)] 41835K->23455K(102912K), 0.0005810 secs] [Times: user=0.00 sys=0.00, real=0.00 secs] 
82.585: Total time for which application threads were stopped: 0.0331790 seconds, Stopping threads took: 0.0325110 seconds
82.746: Application time: 0.1603420 seconds
82.780: [GC [PSYoungGen: 18535K->256K(19968K)] 41344K->23172K(102912K), 0.0006330 secs] [Times: user=0.00 sys=0.00, real=0.00 secs] 
82.781: Total time for which application threads were stopped: 0.0353730 seconds, Stopping threads took: 0.0346730 seconds
82.931: Application time: 0.1503250 seconds
82.940: [GC [PSYoungGen: 18010K->646K(19968K)] 40927K->23563K(102912K), 0.0006080 secs] [Times: user=0.00 sys=0.00, real=0.00 secs] 
82.940: Total time for which application threads were stopped: 0.0088740 seconds, Stopping threads took: 0.0081910 seconds
83.104: Application time: 0.1635600 seconds
83.151: [GC [PSYoungGen: 18535K->256K(19968K)] 41452K->23268K(102912K), 0.0003980 secs] [Times: user=0.00 sys=0.00, real=0.00 secs] 
83.152: Total time for which application threads were stopped: 0.0478000 seconds, Stopping threads took: 0.0473140 seconds
83.308: Application time: 0.1567040 seconds
83.329: [GC [PSYoungGen: 17930K->646K(19968K)] 40942K->23659K(102912K), 0.0004840 secs] [Times: user=0.00 sys=0.00, real=0.00 secs] 
83.329: Total time for which application threads were stopped: 0.0211000 seconds, Stopping threads took: 0.0205500 seconds
83.488: Application time: 0.1582640 seconds
83.519: [GC [PSYoungGen: 18535K->256K(19968K)] 41548K->23332K(102912K), 0.0003710 secs] [Times: user=0.00 sys=0.00, real=0.00 secs] 
83.520: Total time for which application threads were stopped: 0.0320820 seconds, Stopping threads took: 0.0316240 seconds
83.674: Application time: 0.1538330 seconds
83.684: [GC [PSYoungGen: 18087K->646K(18944K)] 41163K->23723K(101888K), 0.0005580 secs] [Times: user=0.00 sys=0.00, real=0.00 secs] 
83.685: Total time for which application threads were stopped: 0.0113360 seconds, Stopping threads took: 0.0106890 seconds
83.845: Application time: 0.1602200 seconds
83.878: [GC [PSYoungGen: 18535K->256K(19456K)] 41612K->23460K(102400K), 0.0004420 secs] [Times: user=0.01 sys=0.00, real=0.01 secs] 
83.878: Total time for which application threads were stopped: 0.0330990 seconds, Stopping threads took: 0.0325660 seconds
84.029: Application time: 0.1502400 seconds
84.038: [GC [PSYoungGen: 18008K->646K(19456K)] 41213K->23851K(102400K), 0.0004520 secs] [Times: user=0.01 sys=0.00, real=0.00 secs] 
84.039: Total time for which application threads were stopped: 0.0104380 seconds, Stopping threads took: 0.0099070 seconds
84.202: Application time: 0.1631880 seconds
84.218: [GC [PSYoungGen: 18516K->1232K(19456K)] 41721K->24549K(102400K), 0.0007020 secs] [Times: user=0.00 sys=0.00, real=0.01 secs] 
84.219: Total time for which application threads were stopped: 0.0165330 seconds, Stopping threads took: 0.0157580 seconds
84.371: Application time: 0.1521970 seconds
84.404: [GC [PSYoungGen: 19004K->646K(19456K)] 42321K->24019K(102400K), 0.0005410 secs] [Times: user=0.00 sys=0.00, real=0.00 secs] 
84.405: Total time for which application threads were stopped: 0.0336630 seconds, Stopping threads took: 0.0330560 seconds
84.561: Application time: 0.1565990 seconds
84.597: [GC [PSYoungGen: 18535K->256K(19456K)] 41908K->23700K(102400K), 0.0003800 secs] [Times: user=0.00 sys=0.00, real=0.00 secs] 
84.597: Total time for which application threads were stopped: 0.0362430 seconds, Stopping threads took: 0.0357900 seconds
84.752: Application time: 0.1546340 seconds
84.772: [GC [PSYoungGen: 17930K->646K(19456K)] 41375K->24091K(102400K), 0.0006080 secs] [Times: user=0.00 sys=0.00, real=0.00 secs] 
84.773: Total time for which application threads were stopped: 0.0210570 seconds, Stopping threads took: 0.0203590 seconds
84.929: Application time: 0.1556090 seconds
84.935: [GC [PSYoungGen: 18516K->1232K(19456K)] 41961K->24749K(102400K), 0.0006270 secs] [Times: user=0.00 sys=0.00, real=0.00 secs] 
84.935: Total time for which application threads were stopped: 0.0067040 seconds, Stopping threads took: 0.0059830 seconds
85.086: Application time: 0.1502630 seconds
85.124: [GC [PSYoungGen: 19083K->646K(19456K)] 42599K->24227K(102400K), 0.0006630 secs] [Times: user=0.01 sys=0.00, real=0.00 secs] 
85.125: Total time for which application threads were stopped: 0.0391700 seconds, Stopping threads took: 0.0384020 seconds
85.290: Application time: 0.1648220 seconds
85.309: [GC [PSYoungGen: 18516K->1232K(19456K)] 42097K->24917K(102400K), 0.0007450 secs] [Times: user=0.01 sys=0.00, real=0.00 secs] 
85.309: Total time for which application threads were stopped: 0.0196030 seconds, Stopping threads took: 0.0187650 seconds
85.463: Application time: 0.1533880 seconds
85.467: [GC [PSYoungGen: 19102K->1818K(19968K)] 42787K->25559K(102912K), 0.0007780 secs] [Times: user=0.00 sys=0.00, real=0.00 secs] 
85.468: Total time for which application threads were stopped: 0.0050330 seconds, Stopping threads took: 0.0041840 seconds
85.623: Application time: 0.1552120 seconds
85.659: [GC [PSYoungGen: 19668K->1232K(19968K)] 43409K->25037K(102912K), 0.0006080 secs] [Times: user=0.00 sys=0.00, real=0.00 secs] 
85.660: Total time for which application threads were stopped: 0.0367240 seconds, Stopping threads took: 0.0360370 seconds
85.814: Application time: 0.1541150 seconds
85.849: [GC [PSYoungGen: 18926K->646K(19968K)] 42731K->24547K(102912K), 0.0005760 secs] [Times: user=0.01 sys=0.00, real=0.00 secs] 
85.849: Total time for which application threads were stopped: 0.0356000 seconds, Stopping threads took: 0.0349380 seconds
86.005: Application time: 0.1557240 seconds
86.042: [GC [PSYoungGen: 18535K->256K(19968K)] 42436K->24157K(102912K), 0.0004650 secs] [Times: user=0.00 sys=0.00, real=0.00 secs] 
86.042: Total time for which application threads were stopped: 0.0369430 seconds, Stopping threads took: 0.0363930 seconds
86.197: Application time: 0.1553950 seconds
86.207: [GC [PSYoungGen: 17930K->646K(19968K)] 41831K->24547K(102912K), 0.0004770 secs] [Times: user=0.01 sys=0.00, real=0.00 secs] 
86.207: Total time for which application threads were stopped: 0.0098040 seconds, Stopping threads took: 0.0092480 seconds
86.362: Application time: 0.1549910 seconds
86.371: [GC [PSYoungGen: 18516K->1232K(19968K)] 42417K->25197K(102912K), 0.0006410 secs] [Times: user=0.01 sys=0.00, real=0.00 secs] 
86.374: Total time for which application threads were stopped: 0.0116340 seconds, Stopping threads took: 0.0086450 seconds
86.529: Application time: 0.1554570 seconds
86.564: [GC [PSYoungGen: 19083K->646K(19968K)] 43048K->24659K(102912K), 0.0005230 secs] [Times: user=0.00 sys=0.00, real=0.00 secs] 
86.564: Total time for which application threads were stopped: 0.0347690 seconds, Stopping threads took: 0.0341770 seconds
86.739: Application time: 0.1753440 seconds
86.752: [GC [PSYoungGen: 18399K->1037K(19968K)] 42412K->25154K(102912K), 0.0005600 secs] [Times: user=0.01 sys=0.00, real=0.00 secs] 
86.752: Total time for which application threads were stopped: 0.0128840 seconds, Stopping threads took: 0.0122450 seconds
86.902: Application time: 0.1501210 seconds
86.907: [GC [PSYoungGen: 18711K->1427K(19968K)] 42828K->25633K(102912K), 0.0007060 secs] [Times: user=0.01 sys=0.00, real=0.00 secs] 
86.907: Total time for which application threads were stopped: 0.0048290 seconds, Stopping threads took: 0.0040510 seconds
87.064: Application time: 0.1562370 seconds
87.100: [GC [PSYoungGen: 19004K->646K(19968K)] 43210K->24915K(102912K), 0.0005490 secs] [Times: user=0.00 sys=0.00, real=0.00 secs] 
87.100: Total time for which application threads were stopped: 0.0366370 seconds, Stopping threads took: 0.0360220 seconds
87.255: Application time: 0.1548570 seconds
87.293: [GC [PSYoungGen: 18535K->256K(19968K)] 42805K->24597K(102912K), 0.0004550 secs] [Times: user=0.00 sys=0.00, real=0.00 secs] 
87.294: Total time for which application threads were stopped: 0.0389450 seconds, Stopping threads took: 0.0384150 seconds
87.449: Application time: 0.1551840 seconds
87.457: [GC [PSYoungGen: 17852K->646K(19968K)] 42193K->24987K(102912K), 0.0004410 secs] [Times: user=0.00 sys=0.00, real=0.00 secs] 
87.458: Total time for which application threads were stopped: 0.0084160 seconds, Stopping threads took: 0.0079000 seconds
87.621: Application time: 0.1629600 seconds
87.640: [GC [PSYoungGen: 18516K->1232K(19968K)] 42857K->25573K(102912K), 0.0006420 secs] [Times: user=0.00 sys=0.00, real=0.00 secs] 
87.641: Total time for which application threads were stopped: 0.0203470 seconds, Stopping threads took: 0.0196330 seconds
87.800: Application time: 0.1590100 seconds
87.849: [GC [PSYoungGen: 19004K->646K(19968K)] 43346K->25051K(102912K), 0.0005310 secs] [Times: user=0.00 sys=0.00, real=0.00 secs] 
87.849: Total time for which application threads were stopped: 0.0493680 seconds, Stopping threads took: 0.0487310 seconds
88.015: Application time: 0.1652770 seconds
88.018: [GC [PSYoungGen: 18477K->1037K(19968K)] 42883K->25506K(102912K), 0.0008440 secs] [Times: user=0.00 sys=0.00, real=0.00 secs] 
88.019: Total time for which application threads were stopped: 0.0046740 seconds, Stopping threads took: 0.0037420 seconds
88.186: Application time: 0.1665450 seconds
88.191: [GC [PSYoungGen: 18711K->1427K(19968K)] 43180K->26033K(102912K), 0.0008440 secs] [Times: user=0.00 sys=0.00, real=0.00 secs] 
88.191: Total time for which application threads were stopped: 0.0056930 seconds, Stopping threads took: 0.0047530 seconds
88.359: Application time: 0.1679560 seconds
88.395: [GC [PSYoungGen: 19278K->841K(19968K)] 43883K->25495K(102912K), 0.0006200 secs] [Times: user=0.00 sys=0.00, real=0.00 secs] 
88.396: Total time for which application threads were stopped: 0.0360840 seconds, Stopping threads took: 0.0353640 seconds
88.568: Application time: 0.1720080 seconds
88.575: [GC [PSYoungGen: 18633K->1427K(19968K)] 43286K->26177K(102912K), 0.0006300 secs] [Times: user=0.00 sys=0.00, real=0.00 secs] 
88.576: Total time for which application threads were stopped: 0.0085150 seconds, Stopping threads took: 0.0078130 seconds
88.741: Application time: 0.1645780 seconds
88.746: [GC [PSYoungGen: 19317K->1916K(19456K)] 44066K->26861K(102400K), 0.0008430 secs] [Times: user=0.01 sys=0.00, real=0.01 secs] 
88.746: Total time for which application threads were stopped: 0.0058180 seconds, Stopping threads took: 0.0048980 seconds
88.914: Application time: 0.1677530 seconds
88.953: [GC [PSYoungGen: 19200K->1037K(19968K)] 44144K->25982K(102912K), 0.0005690 secs] [Times: user=0.00 sys=0.00, real=0.00 secs] 
88.954: Total time for which application threads were stopped: 0.0393810 seconds, Stopping threads took: 0.0387330 seconds
89.122: Application time: 0.1685870 seconds
89.127: [GC [PSYoungGen: 18438K->1232K(18944K)] 43383K->26249K(101888K), 0.0006680 secs] [Times: user=0.00 sys=0.00, real=0.00 secs] 
89.128: Total time for which application threads were stopped: 0.0058750 seconds, Stopping threads took: 0.0051360 seconds
89.295: Application time: 0.1674060 seconds
89.335: [GC [PSYoungGen: 18640K->272K(19456K)] 43657K->25288K(102400K), 0.0005240 secs] [Times: user=0.00 sys=0.00, real=0.00 secs] 
89.335: Total time for which application threads were stopped: 0.0399500 seconds, Stopping threads took: 0.0393600 seconds
89.427: Application time: 0.0916300 seconds
89.502: [GC [PSYoungGen: 17588K->1248K(19968K)] 42605K->26329K(102912K), 0.0006590 secs] [Times: user=0.00 sys=0.00, real=0.00 secs] 
89.502: Total time for which application threads were stopped: 0.0753830 seconds, Stopping threads took: 0.0746340 seconds
89.668: Application time: 0.1659470 seconds
89.677: [GC [PSYoungGen: 18630K->1314K(19968K)] 43711K->26523K(102912K), 0.0006850 secs] [Times: user=0.00 sys=0.00, real=0.00 secs] 
89.678: Total time for which application threads were stopped: 0.0093170 seconds, Stopping threads took: 0.0085590 seconds
89.849: Application time: 0.1712680 seconds
89.887: [GC [PSYoungGen: 18715K->451K(19968K)] 43924K->25732K(102912K), 0.0004960 secs] [Times: user=0.00 sys=0.00, real=0.00 secs] 
89.887: Total time for which application threads were stopped: 0.0384410 seconds, Stopping threads took: 0.0378750 seconds
90.062: Application time: 0.1745650 seconds
90.071: [GC [PSYoungGen: 17813K->451K(17920K)] 43094K->25732K(100864K), 0.0004340 secs] [Times: user=0.01 sys=0.00, real=0.00 secs] 
90.071: Total time for which application threads were stopped: 0.0094690 seconds, Stopping threads took: 0.0089580 seconds
90.251: Application time: 0.1792910 seconds
90.256: [GC [PSYoungGen: 17852K->614K(19456K)] 43133K->25991K(102400K), 0.0005210 secs] [Times: user=0.00 sys=0.00, real=0.00 secs] 
90.256: Total time for which application threads were stopped: 0.0054890 seconds, Stopping threads took: 0.0048990 seconds
90.427: Application time: 0.1707860 seconds
90.438: [GC [PSYoungGen: 17898K->630K(19456K)] 43275K->26007K(102400K), 0.0005800 secs] [Times: user=0.00 sys=0.00, real=0.00 secs] 
90.439: Total time for which application threads were stopped: 0.0119700 seconds, Stopping threads took: 0.0113230 seconds
90.603: Application time: 0.1643640 seconds
90.608: [GC [PSYoungGen: 17836K->646K(19456K)] 43213K->26095K(102400K), 0.0004310 secs] [Times: user=0.00 sys=0.00, real=0.00 secs] 
90.609: Total time for which application threads were stopped: 0.0055030 seconds, Stopping threads took: 0.0049970 seconds
90.784: Application time: 0.1755160 seconds
90.793: [GC [PSYoungGen: 18008K->646K(19456K)] 43458K->26095K(102400K), 0.0005700 secs] [Times: user=0.01 sys=0.00, real=0.00 secs] 
90.794: Total time for which application threads were stopped: 0.0096550 seconds, Stopping threads took: 0.0090150 seconds
90.960: Application time: 0.1656140 seconds
90.964: [GC [PSYoungGen: 18008K->646K(19456K)] 43457K->26183K(102400K), 0.0005470 secs] [Times: user=0.00 sys=0.00, real=0.00 secs] 
90.965: Total time for which application threads were stopped: 0.0052260 seconds, Stopping threads took: 0.0046030 seconds
91.140: Application time: 0.1748910 seconds
91.152: [GC [PSYoungGen: 17930K->646K(19456K)] 43467K->26279K(102400K), 0.0004640 secs] [Times: user=0.01 sys=0.00, real=0.00 secs] 
91.153: Total time for which application threads were stopped: 0.0128200 seconds, Stopping threads took: 0.0122740 seconds
91.326: Application time: 0.1735110 seconds
91.333: [GC [PSYoungGen: 17852K->614K(19456K)] 43485K->26303K(102400K), 0.0005100 secs] [Times: user=0.00 sys=0.00, real=0.00 secs] 
91.333: Total time for which application threads were stopped: 0.0070810 seconds, Stopping threads took: 0.0064980 seconds
91.505: Application time: 0.1713590 seconds
91.513: [GC [PSYoungGen: 17976K->646K(19456K)] 43666K->26335K(102400K), 0.0004610 secs] [Times: user=0.00 sys=0.00, real=0.00 secs] 
91.515: Total time for which application threads were stopped: 0.0101180 seconds, Stopping threads took: 0.0083610 seconds
91.680: Application time: 0.1654780 seconds
91.687: [GC [PSYoungGen: 17852K->646K(18432K)] 43541K->26432K(101376K), 0.0007540 secs] [Times: user=0.00 sys=0.00, real=0.00 secs] 
91.688: Total time for which application threads were stopped: 0.0080470 seconds, Stopping threads took: 0.0072120 seconds
91.857: Application time: 0.1686120 seconds
91.871: [GC [PSYoungGen: 17930K->614K(18944K)] 43715K->26400K(101888K), 0.0004780 secs] [Times: user=0.00 sys=0.00, real=0.00 secs] 
91.872: Total time for which application threads were stopped: 0.0149520 seconds, Stopping threads took: 0.0143990 seconds
92.025: Application time: 0.1529400 seconds
92.032: [GC [PSYoungGen: 17820K->646K(18944K)] 43605K->26504K(101888K), 0.0004790 secs] [Times: user=0.00 sys=0.00, real=0.00 secs] 
92.032: Total time for which application threads were stopped: 0.0073530 seconds, Stopping threads took: 0.0067840 seconds
92.192: Application time: 0.1604310 seconds
92.212: [GC [PSYoungGen: 17930K->646K(18944K)] 43787K->26504K(101888K), 0.0007960 secs] [Times: user=0.01 sys=0.00, real=0.00 secs] 
92.212: Total time for which application threads were stopped: 0.0198810 seconds, Stopping threads took: 0.0190040 seconds
92.376: Application time: 0.1640950 seconds
92.393: [GC [PSYoungGen: 17891K->451K(18944K)] 43749K->26372K(101888K), 0.0005380 secs] [Times: user=0.01 sys=0.00, real=0.00 secs] 
92.394: Total time for which application threads were stopped: 0.0172880 seconds, Stopping threads took: 0.0166640 seconds
92.548: Application time: 0.1545120 seconds
92.557: [GC [PSYoungGen: 17735K->451K(18944K)] 43656K->26504K(101888K), 0.0004670 secs] [Times: user=0.00 sys=0.00, real=0.00 secs] 
92.558: Total time for which application threads were stopped: 0.0092580 seconds, Stopping threads took: 0.0087230 seconds
92.720: Application time: 0.1621630 seconds
92.737: [GC [PSYoungGen: 17852K->646K(18944K)] 43905K->26764K(101888K), 0.0004240 secs] [Times: user=0.00 sys=0.00, real=0.00 secs] 
92.738: Total time for which application threads were stopped: 0.0178410 seconds, Stopping threads took: 0.0173400 seconds
92.903: Application time: 0.1653360 seconds
92.915: [GC [PSYoungGen: 18008K->646K(18944K)] 44126K->26764K(101888K), 0.0004380 secs] [Times: user=0.00 sys=0.00, real=0.00 secs] 
92.916: Total time for which application threads were stopped: 0.0130290 seconds, Stopping threads took: 0.0125220 seconds
93.074: Application time: 0.1576600 seconds
93.084: [GC [PSYoungGen: 17852K->646K(18944K)] 43969K->26860K(101888K), 0.0004610 secs] [Times: user=0.01 sys=0.00, real=0.00 secs] 
93.084: Total time for which application threads were stopped: 0.0105850 seconds, Stopping threads took: 0.0100570 seconds
93.258: Application time: 0.1737160 seconds
93.267: [GC [PSYoungGen: 17930K->646K(18944K)] 44144K->26860K(101888K), 0.0004690 secs] [Times: user=0.00 sys=0.00, real=0.00 secs] 
93.267: Total time for which application threads were stopped: 0.0094620 seconds, Stopping threads took: 0.0089100 seconds
93.422: Application time: 0.1546420 seconds
93.429: [GC [PSYoungGen: 17852K->646K(18944K)] 44065K->26924K(101888K), 0.0005870 secs] [Times: user=0.01 sys=0.00, real=0.00 secs] 
93.430: Total time for which application threads were stopped: 0.0079210 seconds, Stopping threads took: 0.0072620 seconds
93.592: Application time: 0.1619840 seconds
93.603: [GC [PSYoungGen: 17930K->646K(18432K)] 44208K->26924K(101376K), 0.0007310 secs] [Times: user=0.01 sys=0.00, real=0.00 secs] 
93.604: Total time for which application threads were stopped: 0.0118060 seconds, Stopping threads took: 0.0109880 seconds
93.764: Application time: 0.1607540 seconds
93.775: [GC [PSYoungGen: 17891K->467K(18432K)] 44169K->26793K(101376K), 0.0004590 secs] [Times: user=0.01 sys=0.00, real=0.00 secs] 
93.776: Total time for which application threads were stopped: 0.0112130 seconds, Stopping threads took: 0.0106740 seconds
93.928: Application time: 0.1524390 seconds
93.941: [GC [PSYoungGen: 17751K->451K(18432K)] 44076K->26909K(101376K), 0.0004420 secs] [Times: user=0.00 sys=0.00, real=0.00 secs] 
93.941: Total time for which application threads were stopped: 0.0130590 seconds, Stopping threads took: 0.0125280 seconds
94.107: Application time: 0.1658650 seconds
94.122: [GC [PSYoungGen: 17852K->646K(18432K)] 44310K->27168K(101376K), 0.0004770 secs] [Times: user=0.00 sys=0.00, real=0.00 secs] 
94.122: Total time for which application threads were stopped: 0.0149990 seconds, Stopping threads took: 0.0144550 seconds
94.291: Application time: 0.1689370 seconds
94.304: [GC [PSYoungGen: 18008K->614K(18432K)] 44530K->27136K(101376K), 0.0005580 secs] [Times: user=0.01 sys=0.00, real=0.00 secs] 
94.305: Total time for which application threads were stopped: 0.0135720 seconds, Stopping threads took: 0.0129340 seconds
94.461: Application time: 0.1562520 seconds
94.467: [GC [PSYoungGen: 17820K->614K(18432K)] 44342K->27244K(101376K), 0.0004780 secs] [Times: user=0.00 sys=0.00, real=0.00 secs] 
94.467: Total time for which application threads were stopped: 0.0066220 seconds, Stopping threads took: 0.0060760 seconds
94.630: Application time: 0.1626680 seconds
94.644: [GC [PSYoungGen: 17898K->646K(18432K)] 44528K->27276K(101376K), 0.0004300 secs] [Times: user=0.00 sys=0.00, real=0.00 secs] 
94.644: Total time for which application threads were stopped: 0.0142780 seconds, Stopping threads took: 0.0137780 seconds
94.801: Application time: 0.1563880 seconds
94.815: [GC [PSYoungGen: 17852K->614K(18432K)] 44482K->27308K(101376K), 0.0005050 secs] [Times: user=0.01 sys=0.00, real=0.00 secs] 
94.815: Total time for which application threads were stopped: 0.0142280 seconds, Stopping threads took: 0.0136460 seconds
94.973: Application time: 0.1578830 seconds
94.994: [GC [PSYoungGen: 17898K->646K(18432K)] 44592K->27340K(101376K), 0.0004510 secs] [Times: user=0.00 sys=0.00, real=0.00 secs] 
94.995: Total time for which application threads were stopped: 0.0218550 seconds, Stopping threads took: 0.0213170 seconds
95.158: Application time: 0.1627970 seconds
95.172: [GC [PSYoungGen: 17969K->483K(18432K)] 44663K->27233K(101376K), 0.0004360 secs] [Times: user=0.00 sys=0.00, real=0.00 secs] 
95.173: Total time for which application threads were stopped: 0.0150740 seconds, Stopping threads took: 0.0145730 seconds
95.335: Application time: 0.1624930 seconds
95.353: [GC [PSYoungGen: 17884K->582K(18432K)] 44634K->27468K(101376K), 0.0005590 secs] [Times: user=0.00 sys=0.00, real=0.00 secs] 
95.354: Total time for which application threads were stopped: 0.0187060 seconds, Stopping threads took: 0.0180490 seconds
95.506: Application time: 0.1524380 seconds
95.514: [GC [PSYoungGen: 17866K->614K(18432K)] 44752K->27500K(101376K), 0.0004850 secs] [Times: user=0.00 sys=0.00, real=0.00 secs] 
95.514: Total time for which application threads were stopped: 0.0077950 seconds, Stopping threads took: 0.0072400 seconds
95.674: Application time: 0.1597930 seconds
95.692: [GC [PSYoungGen: 17898K->646K(18432K)] 44784K->27596K(101376K), 0.0004500 secs] [Times: user=0.01 sys=0.00, real=0.00 secs] 
95.692: Total time for which application threads were stopped: 0.0183000 seconds, Stopping threads took: 0.0177720 seconds
95.849: Application time: 0.1568530 seconds
95.856: [GC [PSYoungGen: 17852K->646K(18432K)] 44802K->27668K(101376K), 0.0005360 secs] [Times: user=0.01 sys=0.00, real=0.00 secs] 
95.857: Total time for which application threads were stopped: 0.0076930 seconds, Stopping threads took: 0.0070780 seconds
96.020: Application time: 0.1634460 seconds
96.040: [GC [PSYoungGen: 17930K->614K(18432K)] 44952K->27636K(101376K), 0.0004550 secs] [Times: user=0.00 sys=0.00, real=0.00 secs] 
96.040: Total time for which application threads were stopped: 0.0198960 seconds, Stopping threads took: 0.0193730 seconds
96.204: Application time: 0.1634790 seconds
96.221: [GC [PSYoungGen: 17820K->646K(18432K)] 44842K->27732K(101376K), 0.0004700 secs] [Times: user=0.00 sys=0.00, real=0.00 secs] 
96.221: Total time for which application threads were stopped: 0.0176560 seconds, Stopping threads took: 0.0170890 seconds
96.369: Application time: 0.1480000 seconds
96.378: [GC [PSYoungGen: 17930K->646K(18432K)] 45016K->27732K(101376K), 0.0004770 secs] [Times: user=0.00 sys=0.00, real=0.01 secs] 
96.379: Total time for which application threads were stopped: 0.0094050 seconds, Stopping threads took: 0.0088430 seconds
96.540: Application time: 0.1614150 seconds
96.547: [GC [PSYoungGen: 17891K->419K(18432K)] 44977K->27577K(101376K), 0.0004620 secs] [Times: user=0.00 sys=0.00, real=0.00 secs] 
96.548: Total time for which application threads were stopped: 0.0077580 seconds, Stopping threads took: 0.0072340 seconds
96.708: Application time: 0.1599670 seconds
96.726: [GC [PSYoungGen: 17703K->451K(18432K)] 44861K->27729K(101376K), 0.0004530 secs] [Times: user=0.01 sys=0.00, real=0.01 secs] 
96.727: Total time for which application threads were stopped: 0.0187650 seconds, Stopping threads took: 0.0182420 seconds
96.887: Application time: 0.1605940 seconds
96.904: [GC [PSYoungGen: 17852K->550K(18432K)] 45130K->27892K(101376K), 0.0004870 secs] [Times: user=0.01 sys=0.00, real=0.00 secs] 
96.904: Total time for which application threads were stopped: 0.0172810 seconds, Stopping threads took: 0.0167150 seconds
97.056: Application time: 0.1518050 seconds
97.060: [GC [PSYoungGen: 17912K->646K(18432K)] 45255K->27988K(101376K), 0.0004760 secs] [Times: user=0.00 sys=0.00, real=0.00 secs] 
97.061: Total time for which application threads were stopped: 0.0043150 seconds, Stopping threads took: 0.0037710 seconds
97.224: Application time: 0.1633320 seconds
97.241: [GC [PSYoungGen: 17852K->646K(18432K)] 45194K->28085K(101376K), 0.0005020 secs] [Times: user=0.00 sys=0.00, real=0.00 secs] 
97.242: Total time for which application threads were stopped: 0.0178250 seconds, Stopping threads took: 0.0172510 seconds
97.394: Application time: 0.1524050 seconds
97.404: [GC [PSYoungGen: 17930K->614K(18432K)] 45368K->28053K(101376K), 0.0004260 secs] [Times: user=0.01 sys=0.00, real=0.00 secs] 
97.404: Total time for which application threads were stopped: 0.0103390 seconds, Stopping threads took: 0.0098470 seconds
97.560: Application time: 0.1556920 seconds
97.571: [GC [PSYoungGen: 18015K->841K(18432K)] 45454K->28344K(101376K), 0.0005010 secs] [Times: user=0.01 sys=0.00, real=0.00 secs] 
97.572: Total time for which application threads were stopped: 0.0114630 seconds, Stopping threads took: 0.0108900 seconds
97.728: Application time: 0.1562750 seconds
97.736: [GC [PSYoungGen: 17930K->646K(18432K)] 45432K->28149K(101376K), 0.0005070 secs] [Times: user=0.00 sys=0.00, real=0.00 secs] 
97.737: Total time for which application threads were stopped: 0.0087730 seconds, Stopping threads took: 0.0081800 seconds
97.902: Application time: 0.1657420 seconds
97.913: [GC [PSYoungGen: 17891K->419K(18432K)] 45394K->27977K(101376K), 0.0006960 secs] [Times: user=0.00 sys=0.00, real=0.00 secs] 
97.913: Total time for which application threads were stopped: 0.0108980 seconds, Stopping threads took: 0.0101090 seconds
98.068: Application time: 0.1548760 seconds
98.077: [GC [PSYoungGen: 17703K->419K(18432K)] 45261K->28097K(101376K), 0.0004910 secs] [Times: user=0.00 sys=0.00, real=0.00 secs] 
98.077: Total time for which application threads were stopped: 0.0088520 seconds, Stopping threads took: 0.0082850 seconds
98.241: Application time: 0.1639190 seconds
98.256: [GC [PSYoungGen: 17703K->451K(18432K)] 45381K->28193K(101376K), 0.0004830 secs] [Times: user=0.01 sys=0.00, real=0.00 secs] 
98.256: Total time for which application threads were stopped: 0.0151910 seconds, Stopping threads took: 0.0146460 seconds
98.409: Application time: 0.1529090 seconds
98.419: [GC [PSYoungGen: 17735K->451K(18432K)] 45477K->28257K(101376K), 0.0004800 secs] [Times: user=0.00 sys=0.00, real=0.00 secs] 
98.420: Total time for which application threads were stopped: 0.0106440 seconds, Stopping threads took: 0.0100970 seconds
98.582: Application time: 0.1625050 seconds
98.601: [GC [PSYoungGen: 17852K->646K(18432K)] 45658K->28525K(101376K), 0.0005030 secs] [Times: user=0.00 sys=0.00, real=0.00 secs] 
98.601: Total time for which application threads were stopped: 0.0190370 seconds, Stopping threads took: 0.0184550 seconds
98.757: Application time: 0.1560060 seconds
98.762: [GC [PSYoungGen: 17930K->646K(18432K)] 45809K->28525K(101376K), 0.0004680 secs] [Times: user=0.00 sys=0.00, real=0.00 secs] 
98.762: Total time for which application threads were stopped: 0.0051140 seconds, Stopping threads took: 0.0045740 seconds
98.918: Application time: 0.1560600 seconds
98.929: [GC [PSYoungGen: 17852K->582K(18432K)] 45730K->28533K(101376K), 0.0005090 secs] [Times: user=0.00 sys=0.00, real=0.00 secs] 
98.930: Total time for which application threads were stopped: 0.0110400 seconds, Stopping threads took: 0.0104610 seconds
99.089: Application time: 0.1596120 seconds
99.106: [GC [PSYoungGen: 17944K->646K(18432K)] 45895K->28597K(101376K), 0.0004670 secs] [Times: user=0.00 sys=0.00, real=0.00 secs] 
99.107: Total time for which application threads were stopped: 0.0176130 seconds, Stopping threads took: 0.0170670 seconds
99.276: Application time: 0.1688680 seconds
99.291: [GC [PSYoungGen: 18008K->662K(18432K)] 45959K->28709K(101376K), 0.0006890 secs] [Times: user=0.00 sys=0.00, real=0.00 secs] 
99.291: Total time for which application threads were stopped: 0.0156030 seconds, Stopping threads took: 0.0148250 seconds
99.454: Application time: 0.1624760 seconds
99.470: [GC [PSYoungGen: 17946K->646K(18432K)] 45993K->28801K(101376K), 0.0006170 secs] [Times: user=0.01 sys=0.00, real=0.00 secs] 
99.470: Total time for which application threads were stopped: 0.0164720 seconds, Stopping threads took: 0.0157570 seconds
99.632: Application time: 0.1621640 seconds
99.639: [GC [PSYoungGen: 17852K->646K(18432K)] 46007K->28873K(101376K), 0.0004910 secs] [Times: user=0.00 sys=0.00, real=0.00 secs] 
99.639: Total time for which application threads were stopped: 0.0069350 seconds, Stopping threads took: 0.0063710 seconds
99.802: Application time: 0.1626770 seconds
99.817: [GC [PSYoungGen: 18008K->646K(18432K)] 46235K->28873K(101376K), 0.0005820 secs] [Times: user=0.00 sys=0.00, real=0.00 secs] 
99.818: Total time for which application threads were stopped: 0.0155630 seconds, Stopping threads took: 0.0148830 seconds
99.982: Application time: 0.1642410 seconds
99.985: [GC [PSYoungGen: 17852K->646K(18432K)] 46079K->28977K(101376K), 0.0005590 secs] [Times: user=0.00 sys=0.00, real=0.00 secs] 
99.986: Total time for which application threads were stopped: 0.0039670 seconds, Stopping threads took: 0.0033320 seconds
100.161: Application time: 0.1755130 seconds
100.173: [GC [PSYoungGen: 17930K->614K(18432K)] 46261K->28945K(101376K), 0.0005690 secs] [Times: user=0.00 sys=0.00, real=0.00 secs] 
100.173: Total time for which application threads were stopped: 0.0119420 seconds, Stopping threads took: 0.0112900 seconds
100.348: Application time: 0.1743400 seconds
100.360: [GC [PSYoungGen: 17820K->582K(18432K)] 46151K->28977K(101376K), 0.0005640 secs] [Times: user=0.00 sys=0.00, real=0.00 secs] 
100.361: Total time for which application threads were stopped: 0.0129670 seconds, Stopping threads took: 0.0123320 seconds
100.532: Application time: 0.1713250 seconds
100.546: [GC [PSYoungGen: 17944K->646K(18432K)] 46339K->29041K(101376K), 0.0004740 secs] [Times: user=0.01 sys=0.00, real=0.00 secs] 
100.547: Total time for which application threads were stopped: 0.0150040 seconds, Stopping threads took: 0.0144620 seconds
100.721: Application time: 0.1737910 seconds
100.732: [GC [PSYoungGen: 18008K->614K(18432K)] 46403K->29097K(101376K), 0.0005210 secs] [Times: user=0.00 sys=0.00, real=0.00 secs] 
100.733: Total time for which application threads were stopped: 0.0120270 seconds, Stopping threads took: 0.0114230 seconds
100.902: Application time: 0.1697980 seconds
100.920: [GC [PSYoungGen: 17898K->646K(18432K)] 46381K->29225K(101376K), 0.0005080 secs] [Times: user=0.00 sys=0.00, real=0.00 secs] 
100.921: Total time for which application threads were stopped: 0.0181740 seconds, Stopping threads took: 0.0175730 seconds
101.097: Application time: 0.1767790 seconds
101.112: [GC [PSYoungGen: 17852K->646K(18432K)] 46431K->29289K(101376K), 0.0005460 secs] [Times: user=0.00 sys=0.00, real=0.00 secs] 
101.113: Total time for which application threads were stopped: 0.0153530 seconds, Stopping threads took: 0.0147360 seconds
101.291: Application time: 0.1783020 seconds
101.303: [GC [PSYoungGen: 18008K->646K(18432K)] 46651K->29289K(101376K), 0.0006370 secs] [Times: user=0.00 sys=0.00, real=0.00 secs] 
101.304: Total time for which application threads were stopped: 0.0127760 seconds, Stopping threads took: 0.0120390 seconds
101.470: Application time: 0.1662410 seconds
101.479: [GC [PSYoungGen: 17852K->646K(18432K)] 46495K->29401K(101376K), 0.0006520 secs] [Times: user=0.00 sys=0.00, real=0.00 secs] 
101.480: Total time for which application threads were stopped: 0.0093960 seconds, Stopping threads took: 0.0086700 seconds
101.646: Application time: 0.1667220 seconds
101.651: [GC [PSYoungGen: 17932K->646K(18432K)] 46687K->29401K(101376K), 0.0004990 secs] [Times: user=0.00 sys=0.00, real=0.00 secs] 
101.652: Total time for which application threads were stopped: 0.0059030 seconds, Stopping threads took: 0.0042970 seconds
101.821: Application time: 0.1690120 seconds
101.825: [GC [PSYoungGen: 18047K->777K(18432K)] 46802K->29597K(101376K), 0.0007170 secs] [Times: user=0.00 sys=0.00, real=0.00 secs] 
101.826: Total time for which application threads were stopped: 0.0043900 seconds, Stopping threads took: 0.0035970 seconds
101.990: Application time: 0.1645200 seconds
101.994: [GC [PSYoungGen: 17866K->646K(18432K)] 46685K->29465K(101376K), 0.0004870 secs] [Times: user=0.00 sys=0.00, real=0.00 secs] 
101.995: Total time for which application threads were stopped: 0.0048810 seconds, Stopping threads took: 0.0043020 seconds
102.167: Application time: 0.1720510 seconds
102.173: [GC [PSYoungGen: 17891K->403K(18432K)] 46710K->29278K(101376K), 0.0005490 secs] [Times: user=0.00 sys=0.00, real=0.00 secs] 
102.174: Total time for which application threads were stopped: 0.0069270 seconds, Stopping threads took: 0.0062880 seconds
102.352: Application time: 0.1785230 seconds
102.361: [GC [PSYoungGen: 17687K->419K(18432K)] 46562K->29418K(101376K), 0.0004960 secs] [Times: user=0.00 sys=0.00, real=0.00 secs] 
102.362: Total time for which application threads were stopped: 0.0091440 seconds, Stopping threads took: 0.0085720 seconds
102.534: Application time: 0.1722690 seconds
102.542: [GC [PSYoungGen: 17820K->614K(18432K)] 46819K->29678K(101376K), 0.0004390 secs] [Times: user=0.00 sys=0.00, real=0.00 secs] 
102.543: Total time for which application threads were stopped: 0.0090130 seconds, Stopping threads took: 0.0085010 seconds
102.718: Application time: 0.1752420 seconds
102.727: [GC [PSYoungGen: 17976K->646K(18432K)] 47040K->29710K(101376K), 0.0008220 secs] [Times: user=0.01 sys=0.00, real=0.00 secs] 
102.728: Total time for which application threads were stopped: 0.0094750 seconds, Stopping threads took: 0.0085720 seconds
102.889: Application time: 0.1616050 seconds
102.895: [GC [PSYoungGen: 18047K->841K(18432K)] 47111K->29993K(101376K), 0.0006420 secs] [Times: user=0.00 sys=0.00, real=0.00 secs] 
102.895: Total time for which application threads were stopped: 0.0060060 seconds, Stopping threads took: 0.0052770 seconds
103.065: Application time: 0.1699910 seconds
103.071: [GC [PSYoungGen: 18125K->841K(18432K)] 47277K->29993K(101376K), 0.0005780 secs] [Times: user=0.00 sys=0.00, real=0.00 secs] 
103.072: Total time for which application threads were stopped: 0.0063180 seconds, Stopping threads took: 0.0056530 seconds
103.238: Application time: 0.1668160 seconds
103.249: [GC [PSYoungGen: 18242K->1005K(17920K)] 47394K->30228K(100864K), 0.0005940 secs] [Times: user=0.00 sys=0.00, real=0.00 secs] 
103.249: Total time for which application threads were stopped: 0.0107920 seconds, Stopping threads took: 0.0101240 seconds
103.417: Application time: 0.1675980 seconds
103.424: [GC [PSYoungGen: 17781K->387K(18432K)] 47005K->29610K(101376K), 0.0004640 secs] [Times: user=0.00 sys=0.00, real=0.00 secs] 
103.424: Total time for which application threads were stopped: 0.0076840 seconds, Stopping threads took: 0.0071420 seconds
103.517: Application time: 0.0929910 seconds
103.593: [GC [PSYoungGen: 17261K->1037K(18432K)] 46484K->30372K(101376K), 0.0006060 secs] [Times: user=0.00 sys=0.00, real=0.00 secs] 
103.594: Total time for which application threads were stopped: 0.0764650 seconds, Stopping threads took: 0.0757820 seconds
103.756: Application time: 0.1617400 seconds
103.774: [GC [PSYoungGen: 17832K->1395K(18432K)] 47168K->31014K(101376K), 0.0007690 secs] [Times: user=0.00 sys=0.00, real=0.00 secs] 
103.775: Total time for which application threads were stopped: 0.0190010 seconds, Stopping threads took: 0.0181570 seconds
103.932: Application time: 0.1575000 seconds
103.944: [GC [PSYoungGen: 18210K->1232K(18432K)] 47829K->30923K(101376K), 0.0008360 secs] [Times: user=0.01 sys=0.00, real=0.00 secs] 
103.945: Total time for which application threads were stopped: 0.0126390 seconds, Stopping threads took: 0.0117040 seconds
104.099: Application time: 0.1545190 seconds
104.115: [GC [PSYoungGen: 18008K->646K(18432K)] 47699K->30337K(101376K), 0.0005890 secs] [Times: user=0.00 sys=0.00, real=0.00 secs] 
104.115: Total time for which application threads were stopped: 0.0161280 seconds, Stopping threads took: 0.0154480 seconds
104.270: Application time: 0.1540350 seconds
104.284: [GC [PSYoungGen: 17461K->256K(18432K)] 47152K->30051K(101376K), 0.0004350 secs] [Times: user=0.00 sys=0.00, real=0.00 secs] 
104.285: Total time for which application threads were stopped: 0.0153570 seconds, Stopping threads took: 0.0148290 seconds
104.376: Application time: 0.0915030 seconds
104.444: [GC [PSYoungGen: 16856K->614K(18432K)] 46651K->30409K(101376K), 0.0007050 secs] [Times: user=0.00 sys=0.00, real=0.00 secs] 
104.445: Total time for which application threads were stopped: 0.0682580 seconds, Stopping threads took: 0.0674590 seconds
104.610: Application time: 0.1654920 seconds
104.619: [GC [PSYoungGen: 17429K->192K(18432K)] 47224K->30059K(101376K), 0.0005690 secs] [Times: user=0.00 sys=0.00, real=0.00 secs] 
104.620: Total time for which application threads were stopped: 0.0095470 seconds, Stopping threads took: 0.0089030 seconds
104.709: Application time: 0.0895050 seconds
104.774: [GC [PSYoungGen: 16792K->646K(18432K)] 46659K->30513K(101376K), 0.0004440 secs] [Times: user=0.00 sys=0.00, real=0.00 secs] 
104.775: Total time for which application threads were stopped: 0.0656670 seconds, Stopping threads took: 0.0651500 seconds
104.869: Application time: 0.0945610 seconds
104.937: [GC [PSYoungGen: 17500K->1443K(17920K)] 47367K->32140K(100864K), 0.0008590 secs] [Times: user=0.00 sys=0.00, real=0.00 secs] 
104.938: Total time for which application threads were stopped: 0.0684790 seconds, Stopping threads took: 0.0675410 seconds
105.092: Application time: 0.1543570 seconds
105.103: [GC [PSYoungGen: 17751K->1232K(18432K)] 48447K->32053K(101376K), 0.0007160 secs] [Times: user=0.00 sys=0.00, real=0.00 secs] 
105.104: Total time for which application threads were stopped: 0.0115760 seconds, Stopping threads took: 0.0107870 seconds
105.256: Application time: 0.1526160 seconds
105.264: [GC [PSYoungGen: 17461K->224K(18432K)] 48282K->31108K(101376K), 0.0006030 secs] [Times: user=0.01 sys=0.00, real=0.00 secs] 
105.265: Total time for which application threads were stopped: 0.0081520 seconds, Stopping threads took: 0.0074760 seconds
105.356: Application time: 0.0911200 seconds
105.425: [GC [PSYoungGen: 16511K->256K(18432K)] 47396K->31140K(101376K), 0.0003900 secs] [Times: user=0.00 sys=0.00, real=0.00 secs] 
105.425: Total time for which application threads were stopped: 0.0692050 seconds, Stopping threads took: 0.0687230 seconds
105.516: Application time: 0.0905630 seconds
105.581: [GC [PSYoungGen: 16582K->387K(18432K)] 47467K->31367K(101376K), 0.0004250 secs] [Times: user=0.00 sys=0.00, real=0.00 secs] 
105.581: Total time for which application threads were stopped: 0.0659340 seconds, Stopping threads took: 0.0654380 seconds
105.674: Application time: 0.0922310 seconds
105.739: [GC [PSYoungGen: 16596K->387K(18432K)] 47577K->31367K(101376K), 0.0004220 secs] [Times: user=0.00 sys=0.00, real=0.00 secs] 
105.740: Total time for which application threads were stopped: 0.0658580 seconds, Stopping threads took: 0.0653630 seconds
105.831: Application time: 0.0911700 seconds
105.899: [GC [PSYoungGen: 16714K->646K(17408K)] 47694K->31699K(100352K), 0.0006510 secs] [Times: user=0.00 sys=0.00, real=0.00 secs] 
105.899: Total time for which application threads were stopped: 0.0685830 seconds, Stopping threads took: 0.0678540 seconds
105.988: Application time: 0.0882750 seconds
106.058: [GC [PSYoungGen: 16856K->550K(17920K)] 47908K->31603K(100864K), 0.0005200 secs] [Times: user=0.01 sys=0.00, real=0.01 secs] 
106.059: Total time for which application threads were stopped: 0.0709480 seconds, Stopping threads took: 0.0703580 seconds
106.153: Application time: 0.0949380 seconds
106.223: [GC [PSYoungGen: 16760K->646K(17920K)] 47812K->31763K(100864K), 0.0007200 secs] [Times: user=0.01 sys=0.00, real=0.00 secs] 
106.224: Total time for which application threads were stopped: 0.0702630 seconds, Stopping threads took: 0.0694550 seconds
106.314: Application time: 0.0899960 seconds
106.379: [GC [PSYoungGen: 16934K->598K(17920K)] 48051K->31771K(100864K), 0.0006040 secs] [Times: user=0.00 sys=0.00, real=0.00 secs] 
106.380: Total time for which application threads were stopped: 0.0661870 seconds, Stopping threads took: 0.0655080 seconds
106.473: Application time: 0.0929730 seconds
106.540: [GC [PSYoungGen: 16808K->630K(17920K)] 47980K->31891K(100864K), 0.0005220 secs] [Times: user=0.01 sys=0.00, real=0.00 secs] 
106.541: Total time for which application threads were stopped: 0.0677570 seconds, Stopping threads took: 0.0671560 seconds
106.637: Application time: 0.0962900 seconds
106.704: [GC [PSYoungGen: 16840K->614K(17920K)] 48100K->31947K(100864K), 0.0004940 secs] [Times: user=0.00 sys=0.00, real=0.00 secs] 
106.705: Total time for which application threads were stopped: 0.0681940 seconds, Stopping threads took: 0.0666160 seconds
106.797: Application time: 0.0918840 seconds
106.866: [GC [PSYoungGen: 16824K->582K(17920K)] 48157K->31979K(100864K), 0.0004470 secs] [Times: user=0.00 sys=0.00, real=0.00 secs] 
106.866: Total time for which application threads were stopped: 0.0690300 seconds, Stopping threads took: 0.0685110 seconds
106.960: Application time: 0.0943170 seconds
107.027: [GC [PSYoungGen: 16792K->646K(17920K)] 48188K->32107K(100864K), 0.0005890 secs] [Times: user=0.01 sys=0.00, real=0.00 secs] 
107.028: Total time for which application threads were stopped: 0.0672400 seconds, Stopping threads took: 0.0665790 seconds
107.118: Application time: 0.0901420 seconds
107.186: [GC [PSYoungGen: 16778K->582K(17920K)] 48238K->32123K(100864K), 0.0005030 secs] [Times: user=0.00 sys=0.00, real=0.01 secs] 
107.186: Total time for which application threads were stopped: 0.0684750 seconds, Stopping threads took: 0.0678680 seconds
107.279: Application time: 0.0925930 seconds
107.342: [GC [PSYoungGen: 16811K->1427K(17920K)] 48352K->33359K(100864K), 0.0007430 secs] [Times: user=0.00 sys=0.00, real=0.00 secs] 
107.343: Total time for which application threads were stopped: 0.0643090 seconds, Stopping threads took: 0.0634850 seconds
107.510: Application time: 0.1664430 seconds
107.536: [GC [PSYoungGen: 17539K->614K(17920K)] 49471K->32546K(100864K), 0.0004660 secs] [Times: user=0.00 sys=0.00, real=0.00 secs] 
107.536: Total time for which application threads were stopped: 0.0264640 seconds, Stopping threads took: 0.0259230 seconds
107.633: Application time: 0.0974110 seconds
107.701: [GC [PSYoungGen: 16746K->614K(17920K)] 48677K->32618K(100864K), 0.0004980 secs] [Times: user=0.00 sys=0.00, real=0.00 secs] 
107.701: Total time for which application threads were stopped: 0.0675870 seconds, Stopping threads took: 0.0670150 seconds
107.797: Application time: 0.0962190 seconds
107.864: [GC [PSYoungGen: 16766K->1427K(17920K)] 48769K->33431K(100864K), 0.0006450 secs] [Times: user=0.00 sys=0.00, real=0.00 secs] 
107.865: Total time for which application threads were stopped: 0.0673100 seconds, Stopping threads took: 0.0665950 seconds
108.020: Application time: 0.1552820 seconds
108.029: [GC [PSYoungGen: 17735K->419K(17920K)] 49738K->32566K(100864K), 0.0004710 secs] [Times: user=0.00 sys=0.00, real=0.00 secs] 
108.030: Total time for which application threads were stopped: 0.0099110 seconds, Stopping threads took: 0.0093660 seconds
108.122: Application time: 0.0924340 seconds
108.190: [GC [PSYoungGen: 16628K->435K(17920K)] 48776K->32655K(100864K), 0.0004410 secs] [Times: user=0.00 sys=0.00, real=0.00 secs] 
108.190: Total time for which application threads were stopped: 0.0680110 seconds, Stopping threads took: 0.0675020 seconds
108.278: Application time: 0.0874750 seconds
108.346: [GC [PSYoungGen: 16762K->550K(17920K)] 48981K->32834K(100864K), 0.0005560 secs] [Times: user=0.00 sys=0.00, real=0.01 secs] 
108.347: Total time for which application threads were stopped: 0.0689900 seconds, Stopping threads took: 0.0683510 seconds
108.435: Application time: 0.0884290 seconds
108.503: [GC [PSYoungGen: 16760K->614K(17920K)] 49044K->32898K(100864K), 0.0005020 secs] [Times: user=0.00 sys=0.00, real=0.00 secs] 
108.503: Total time for which application threads were stopped: 0.0681750 seconds, Stopping threads took: 0.0675980 seconds
108.600: Application time: 0.0962010 seconds
108.666: [GC [PSYoungGen: 16746K->646K(17920K)] 49029K->32994K(100864K), 0.0004950 secs] [Times: user=0.00 sys=0.00, real=0.01 secs] 
108.667: Total time for which application threads were stopped: 0.0670920 seconds, Stopping threads took: 0.0665260 seconds
108.760: Application time: 0.0930820 seconds
108.828: [GC [PSYoungGen: 16778K->614K(17920K)] 49125K->32962K(100864K), 0.0004530 secs] [Times: user=0.00 sys=0.00, real=0.00 secs] 
108.829: Total time for which application threads were stopped: 0.0689010 seconds, Stopping threads took: 0.0683790 seconds
108.924: Application time: 0.0950720 seconds
108.990: [GC [PSYoungGen: 16824K->614K(17920K)] 49171K->32962K(100864K), 0.0004750 secs] [Times: user=0.00 sys=0.00, real=0.00 secs] 
108.990: Total time for which application threads were stopped: 0.0663750 seconds, Stopping threads took: 0.0658160 seconds
109.080: Application time: 0.0895300 seconds
109.146: [GC [PSYoungGen: 16980K->1346K(17920K)] 49328K->34140K(100864K), 0.0007980 secs] [Times: user=0.00 sys=0.00, real=0.01 secs] 
109.147: Total time for which application threads were stopped: 0.0669640 seconds, Stopping threads took: 0.0660900 seconds
109.295: Application time: 0.1486490 seconds
109.310: [GC [PSYoungGen: 17555K->614K(17920K)] 50350K->33537K(100864K), 0.0006010 secs] [Times: user=0.00 sys=0.00, real=0.00 secs] 
109.311: Total time for which application threads were stopped: 0.0155440 seconds, Stopping threads took: 0.0148530 seconds
109.403: Application time: 0.0918930 seconds
109.469: [GC [PSYoungGen: 16902K->598K(17920K)] 49824K->33569K(100864K), 0.0004730 secs] [Times: user=0.01 sys=0.00, real=0.00 secs] 
109.470: Total time for which application threads were stopped: 0.0672370 seconds, Stopping threads took: 0.0666910 seconds
109.564: Application time: 0.0939050 seconds
109.631: [GC [PSYoungGen: 16730K->582K(17920K)] 49700K->33657K(100864K), 0.0006600 secs] [Times: user=0.00 sys=0.00, real=0.00 secs] 
109.632: Total time for which application threads were stopped: 0.0680580 seconds, Stopping threads took: 0.0672990 seconds
109.726: Application time: 0.0937180 seconds
109.793: [GC [PSYoungGen: 16792K->598K(17920K)] 49866K->33673K(100864K), 0.0007060 secs] [Times: user=0.00 sys=0.00, real=0.00 secs] 
109.794: Total time for which application threads were stopped: 0.0679660 seconds, Stopping threads took: 0.0671880 seconds
109.892: Application time: 0.0986310 seconds
109.957: [GC [PSYoungGen: 16730K->646K(17920K)] 49804K->33785K(100864K), 0.0004920 secs] [Times: user=0.00 sys=0.00, real=0.00 secs] 
109.957: Total time for which application threads were stopped: 0.0652190 seconds, Stopping threads took: 0.0646520 seconds
110.050: Application time: 0.0929820 seconds
110.118: [GC [PSYoungGen: 16778K->646K(17920K)] 49916K->33785K(100864K), 0.0005490 secs] [Times: user=0.01 sys=0.00, real=0.01 secs] 
110.119: Total time for which application threads were stopped: 0.0680700 seconds, Stopping threads took: 0.0674520 seconds
110.216: Application time: 0.0977810 seconds
110.282: [GC [PSYoungGen: 16856K->614K(17920K)] 49994K->33753K(100864K), 0.0004950 secs] [Times: user=0.00 sys=0.00, real=0.00 secs] 
110.283: Total time for which application threads were stopped: 0.0663540 seconds, Stopping threads took: 0.0657760 seconds
110.378: Application time: 0.0954140 seconds
110.445: [GC [PSYoungGen: 16746K->582K(17920K)] 49884K->33785K(100864K), 0.0006840 secs] [Times: user=0.01 sys=0.00, real=0.00 secs] 
110.445: Total time for which application threads were stopped: 0.0674200 seconds, Stopping threads took: 0.0666410 seconds
110.534: Application time: 0.0889160 seconds
110.604: [GC [PSYoungGen: 16831K->451K(17920K)] 50034K->33653K(100864K), 0.0005170 secs] [Times: user=0.00 sys=0.00, real=0.00 secs] 
110.604: Total time for which application threads were stopped: 0.0696570 seconds, Stopping threads took: 0.0690720 seconds
110.687: Application time: 0.0830360 seconds
110.757: [GC [PSYoungGen: 16660K->419K(17920K)] 49863K->33770K(100864K), 0.0005230 secs] [Times: user=0.00 sys=0.00, real=0.00 secs] 
110.757: Total time for which application threads were stopped: 0.0702710 seconds, Stopping threads took: 0.0696560 seconds
110.856: Application time: 0.0986410 seconds
110.920: [GC [PSYoungGen: 16628K->419K(17920K)] 49979K->33834K(100864K), 0.0004260 secs] [Times: user=0.00 sys=0.00, real=0.00 secs] 
110.921: Total time for which application threads were stopped: 0.0645050 seconds, Stopping threads took: 0.0640000 seconds
111.015: Application time: 0.0941160 seconds
111.082: [GC [PSYoungGen: 16746K->614K(17408K)] 50160K->34101K(100352K), 0.0005310 secs] [Times: user=0.01 sys=0.00, real=0.00 secs] 
111.082: Total time for which application threads were stopped: 0.0674270 seconds, Stopping threads took: 0.0668240 seconds
111.177: Application time: 0.0944440 seconds
111.244: [GC [PSYoungGen: 16824K->646K(17408K)] 50311K->34133K(100352K), 0.0008240 secs] [Times: user=0.00 sys=0.00, real=0.00 secs] 
111.245: Total time for which application threads were stopped: 0.0684260 seconds, Stopping threads took: 0.0675050 seconds
111.339: Application time: 0.0941200 seconds
111.408: [GC [PSYoungGen: 16778K->419K(16896K)] 50264K->34173K(99840K), 0.0004840 secs] [Times: user=0.00 sys=0.00, real=0.00 secs] 
111.408: Total time for which application threads were stopped: 0.0692650 seconds, Stopping threads took: 0.0686900 seconds
111.500: Application time: 0.0917060 seconds
111.570: [GC [PSYoungGen: 16628K->614K(17408K)] 50383K->34368K(100352K), 0.0005570 secs] [Times: user=0.01 sys=0.00, real=0.00 secs] 
111.570: Total time for which application threads were stopped: 0.0701870 seconds, Stopping threads took: 0.0695300 seconds
111.665: Application time: 0.0943610 seconds
111.735: [GC [PSYoungGen: 16746K->550K(17408K)] 50500K->34384K(100352K), 0.0006010 secs] [Times: user=0.00 sys=0.00, real=0.00 secs] 
111.737: Total time for which application threads were stopped: 0.0721440 seconds, Stopping threads took: 0.0703970 seconds
111.821: Application time: 0.0846410 seconds
111.897: [GC [PSYoungGen: 16916K->907K(17408K)] 50750K->35523K(100352K), 0.0008350 secs] [Times: user=0.00 sys=0.00, real=0.00 secs] 
111.898: Total time for which application threads were stopped: 0.0768060 seconds, Stopping threads took: 0.0758860 seconds
112.064: Application time: 0.1656860 seconds
112.069: [GC [PSYoungGen: 17117K->550K(17408K)] 51732K->35298K(100352K), 0.0004880 secs] [Times: user=0.00 sys=0.00, real=0.00 secs] 
112.070: Total time for which application threads were stopped: 0.0057840 seconds, Stopping threads took: 0.0052190 seconds
112.156: Application time: 0.0867090 seconds
112.233: [GC [PSYoungGen: 16857K->841K(17408K)] 51605K->36630K(100352K), 0.0008010 secs] [Times: user=0.00 sys=0.00, real=0.00 secs] 
112.233: Total time for which application threads were stopped: 0.0769850 seconds, Stopping threads took: 0.0760950 seconds
112.396: Application time: 0.1629710 seconds
112.401: [GC [PSYoungGen: 17149K->841K(16896K)] 52937K->36678K(99840K), 0.0005610 secs] [Times: user=0.00 sys=0.00, real=0.00 secs] 
112.402: Total time for which application threads were stopped: 0.0055140 seconds, Stopping threads took: 0.0048860 seconds
112.499: Application time: 0.0975610 seconds
112.569: [GC [PSYoungGen: 16582K->387K(17408K)] 52418K->36287K(100352K), 0.0004670 secs] [Times: user=0.00 sys=0.00, real=0.00 secs] 
112.570: Total time for which application threads were stopped: 0.0705000 seconds, Stopping threads took: 0.0699640 seconds
112.659: Application time: 0.0895190 seconds
112.736: [GC [PSYoungGen: 16108K->1037K(17408K)] 52008K->36937K(100352K), 0.0006210 secs] [Times: user=0.00 sys=0.00, real=0.00 secs] 
112.736: Total time for which application threads were stopped: 0.0767790 seconds, Stopping threads took: 0.0760760 seconds
112.831: Application time: 0.0943100 seconds
112.906: [GC [PSYoungGen: 16777K->614K(17408K)] 52678K->36579K(100352K), 0.0005070 secs] [Times: user=0.00 sys=0.00, real=0.00 secs] 
112.906: Total time for which application threads were stopped: 0.0756460 seconds, Stopping threads took: 0.0750540 seconds
113.001: Application time: 0.0953080 seconds
113.076: [GC [PSYoungGen: 16355K->1298K(17408K)] 52319K->37262K(100352K), 0.0008440 secs] [Times: user=0.00 sys=0.00, real=0.00 secs] 
113.077: Total time for which application threads were stopped: 0.0753230 seconds, Stopping threads took: 0.0744010 seconds
113.168: Application time: 0.0915560 seconds
113.245: [GC [PSYoungGen: 16902K->614K(17408K)] 52866K->36579K(100352K), 0.0004850 secs] [Times: user=0.01 sys=0.00, real=0.00 secs] 
113.245: Total time for which application threads were stopped: 0.0769900 seconds, Stopping threads took: 0.0764200 seconds
113.340: Application time: 0.0947340 seconds
113.415: [GC [PSYoungGen: 16414K->1184K(17408K)] 52378K->37245K(100352K), 0.0008600 secs] [Times: user=0.00 sys=0.00, real=0.00 secs] 
113.416: Total time for which application threads were stopped: 0.0761110 seconds, Stopping threads took: 0.0751520 seconds
113.506: Application time: 0.0901900 seconds
113.581: [GC [PSYoungGen: 16886K->646K(17408K)] 52947K->36807K(100352K), 0.0005980 secs] [Times: user=0.00 sys=0.00, real=0.00 secs] 
113.582: Total time for which application threads were stopped: 0.0756690 seconds, Stopping threads took: 0.0750010 seconds
113.676: Application time: 0.0934710 seconds
113.753: [GC [PSYoungGen: 16465K->224K(17408K)] 52626K->36488K(100352K), 0.0005900 secs] [Times: user=0.00 sys=0.00, real=0.00 secs] 
113.753: Total time for which application threads were stopped: 0.0777580 seconds, Stopping threads took: 0.0770800 seconds
113.842: Application time: 0.0882740 seconds
113.919: [GC [PSYoungGen: 16062K->1005K(17408K)] 52326K->37333K(100352K), 0.0007350 secs] [Times: user=0.00 sys=0.00, real=0.00 secs] 
113.919: Total time for which application threads were stopped: 0.0776590 seconds, Stopping threads took: 0.0768530 seconds
114.018: Application time: 0.0984000 seconds
114.092: [GC [PSYoungGen: 16745K->582K(17408K)] 53074K->36911K(100352K), 0.0005140 secs] [Times: user=0.00 sys=0.00, real=0.00 secs] 
114.092: Total time for which application threads were stopped: 0.0746930 seconds, Stopping threads took: 0.0740840 seconds
114.180: Application time: 0.0872810 seconds
114.256: [GC [PSYoungGen: 16401K->1427K(17408K)] 52730K->38733K(100352K), 0.0009760 secs] [Times: user=0.01 sys=0.00, real=0.00 secs] 
114.257: Total time for which application threads were stopped: 0.0771370 seconds, Stopping threads took: 0.0760750 seconds
114.415: Application time: 0.1577420 seconds
114.420: [GC [PSYoungGen: 17266K->1005K(17920K)] 54571K->38382K(100864K), 0.0006020 secs] [Times: user=0.00 sys=0.00, real=0.00 secs] 
114.421: Total time for which application threads were stopped: 0.0060990 seconds, Stopping threads took: 0.0054280 seconds
114.522: Application time: 0.1014170 seconds
114.595: [GC [PSYoungGen: 16746K->614K(17920K)] 54123K->37991K(100864K), 0.0004370 secs] [Times: user=0.00 sys=0.00, real=0.00 secs] 
114.595: Total time for which application threads were stopped: 0.0729210 seconds, Stopping threads took: 0.0724140 seconds
114.687: Application time: 0.0921900 seconds
114.761: [GC [PSYoungGen: 16296K->1037K(17920K)] 53674K->38414K(100864K), 0.0006120 secs] [Times: user=0.00 sys=0.00, real=0.00 secs] 
114.762: Total time for which application threads were stopped: 0.0749120 seconds, Stopping threads took: 0.0742150 seconds
114.861: Application time: 0.0987200 seconds
114.936: [GC [PSYoungGen: 16739K->419K(17920K)] 54116K->37916K(100864K), 0.0005660 secs] [Times: user=0.01 sys=0.00, real=0.00 secs] 
114.937: Total time for which application threads were stopped: 0.0756910 seconds, Stopping threads took: 0.0750510 seconds
115.030: Application time: 0.0936030 seconds
115.106: [GC [PSYoungGen: 16140K->1916K(17920K)] 53638K->39705K(100864K), 0.0008690 secs] [Times: user=0.01 sys=0.00, real=0.00 secs] 
115.107: Total time for which application threads were stopped: 0.0772410 seconds, Stopping threads took: 0.0762970 seconds
115.265: Application time: 0.1581400 seconds
115.272: [GC [PSYoungGen: 17735K->582K(17920K)] 55523K->38435K(100864K), 0.0005100 secs] [Times: user=0.00 sys=0.00, real=0.00 secs] 
115.273: Total time for which application threads were stopped: 0.0075070 seconds, Stopping threads took: 0.0069120 seconds
115.369: Application time: 0.0957580 seconds
115.444: [GC [PSYoungGen: 16421K->1981K(17408K)] 54273K->41453K(100352K), 0.0012900 secs] [Times: user=0.01 sys=0.00, real=0.00 secs] 
115.445: Total time for which application threads were stopped: 0.0766210 seconds, Stopping threads took: 0.0752370 seconds
115.613: Application time: 0.1679580 seconds
115.651: [GC [PSYoungGen: 17331K->614K(17920K)] 56803K->40086K(100864K), 0.0005650 secs] [Times: user=0.00 sys=0.00, real=0.00 secs] 
115.651: Total time for which application threads were stopped: 0.0378150 seconds, Stopping threads took: 0.0371600 seconds
115.744: Application time: 0.0932380 seconds
115.817: [GC [PSYoungGen: 15749K->614K(16896K)] 55221K->40102K(99840K), 0.0005130 secs] [Times: user=0.00 sys=0.00, real=0.00 secs] 
115.817: Total time for which application threads were stopped: 0.0729150 seconds, Stopping threads took: 0.0723230 seconds
115.910: Application time: 0.0926470 seconds
115.977: [GC [PSYoungGen: 15671K->582K(17408K)] 55159K->40134K(100352K), 0.0004690 secs] [Times: user=0.00 sys=0.00, real=0.00 secs] 
115.978: Total time for which application threads were stopped: 0.0679630 seconds, Stopping threads took: 0.0674220 seconds
116.070: Application time: 0.0924860 seconds
116.139: [GC [PSYoungGen: 15717K->614K(17408K)] 55269K->40166K(100352K), 0.0005070 secs] [Times: user=0.00 sys=0.00, real=0.00 secs] 
116.140: Total time for which application threads were stopped: 0.0691170 seconds, Stopping threads took: 0.0685160 seconds
116.223: Application time: 0.0836990 seconds
116.293: [GC [PSYoungGen: 15828K->582K(17408K)] 55379K->40190K(100352K), 0.0008010 secs] [Times: user=0.00 sys=0.00, real=0.00 secs] 
116.294: Total time for which application threads were stopped: 0.0706000 seconds, Stopping threads took: 0.0697200 seconds
116.386: Application time: 0.0922090 seconds
116.452: [GC [PSYoungGen: 15796K->646K(17408K)] 55403K->40342K(100352K), 0.0007390 secs] [Times: user=0.00 sys=0.00, real=0.00 secs] 
116.453: Total time for which application threads were stopped: 0.0664710 seconds, Stopping threads took: 0.0656430 seconds
116.541: Application time: 0.0884370 seconds
116.606: [GC [PSYoungGen: 15703K->614K(17408K)] 55399K->40398K(100352K), 0.0005790 secs] [Times: user=0.00 sys=0.00, real=0.01 secs] 
116.606: Total time for which application threads were stopped: 0.0653920 seconds, Stopping threads took: 0.0647220 seconds
116.702: Application time: 0.0951410 seconds
116.767: [GC [PSYoungGen: 15828K->646K(17408K)] 55611K->40430K(100352K), 0.0004790 secs] [Times: user=0.00 sys=0.00, real=0.00 secs] 
116.768: Total time for which application threads were stopped: 0.0666320 seconds, Stopping threads took: 0.0650130 seconds
116.859: Application time: 0.0910710 seconds
116.926: [GC [PSYoungGen: 15703K->582K(17408K)] 55487K->40462K(100352K), 0.0005280 secs] [Times: user=0.00 sys=0.00, real=0.01 secs] 
116.926: Total time for which application threads were stopped: 0.0670500 seconds, Stopping threads took: 0.0664450 seconds
117.015: Application time: 0.0885890 seconds
117.083: [GC [PSYoungGen: 15913K->809K(16384K)] 55792K->40689K(99328K), 0.0007730 secs] [Times: user=0.00 sys=0.00, real=0.00 secs] 
117.083: Total time for which application threads were stopped: 0.0684670 seconds, Stopping threads took: 0.0676190 seconds
117.175: Application time: 0.0914530 seconds
117.245: [GC [PSYoungGen: 16062K->973K(16896K)] 55941K->40917K(99840K), 0.0008910 secs] [Times: user=0.00 sys=0.00, real=0.00 secs] 
117.246: Total time for which application threads were stopped: 0.0707410 seconds, Stopping threads took: 0.0697540 seconds
117.341: Application time: 0.0956400 seconds
117.408: [GC [PSYoungGen: 16323K->160K(16384K)] 56267K->40103K(99328K), 0.0005650 secs] [Times: user=0.00 sys=0.00, real=0.00 secs] 
117.409: Total time for which application threads were stopped: 0.0677110 seconds, Stopping threads took: 0.0670600 seconds
117.499: Application time: 0.0903280 seconds
117.564: [GC [PSYoungGen: 15002K->1005K(16896K)] 54945K->40949K(99840K), 0.0007080 secs] [Times: user=0.01 sys=0.00, real=0.00 secs] 
117.565: Total time for which application threads were stopped: 0.0653150 seconds, Stopping threads took: 0.0645230 seconds
117.658: Application time: 0.0933730 seconds
117.723: [GC [PSYoungGen: 15828K->566K(15872K)] 55771K->40582K(98816K), 0.0005410 secs] [Times: user=0.00 sys=0.00, real=0.00 secs] 
117.724: Total time for which application threads were stopped: 0.0659590 seconds, Stopping threads took: 0.0653410 seconds
117.814: Application time: 0.0900430 seconds
117.879: [GC [PSYoungGen: 15389K->256K(16384K)] 55405K->40375K(99328K), 0.0004990 secs] [Times: user=0.00 sys=0.00, real=0.00 secs] 
117.879: Total time for which application threads were stopped: 0.0652070 seconds, Stopping threads took: 0.0646200 seconds
117.965: Application time: 0.0859610 seconds
118.034: [GC [PSYoungGen: 15020K->1005K(15872K)] 55139K->41221K(98816K), 0.0005990 secs] [Times: user=0.00 sys=0.00, real=0.00 secs] 
118.035: Total time for which application threads were stopped: 0.0697710 seconds, Stopping threads took: 0.0691020 seconds
118.127: Application time: 0.0919630 seconds
118.192: [GC [PSYoungGen: 15261K->1232K(16384K)] 55477K->41448K(99328K), 0.0006700 secs] [Times: user=0.00 sys=0.00, real=0.00 secs] 
118.192: Total time for which application threads were stopped: 0.0654210 seconds, Stopping threads took: 0.0646790 seconds
118.283: Application time: 0.0904140 seconds
118.347: [GC [PSYoungGen: 15391K->224K(16384K)] 55607K->40511K(99328K), 0.0004710 secs] [Times: user=0.00 sys=0.00, real=0.00 secs] 
118.348: Total time for which application threads were stopped: 0.0652750 seconds, Stopping threads took: 0.0647210 seconds
118.436: Application time: 0.0877960 seconds
118.502: [GC [PSYoungGen: 14304K->1331K(16384K)] 54592K->41675K(99328K), 0.0009360 secs] [Times: user=0.01 sys=0.00, real=0.00 secs] 
118.503: Total time for which application threads were stopped: 0.0674100 seconds, Stopping threads took: 0.0663950 seconds
118.598: Application time: 0.0950770 seconds
118.660: [GC [PSYoungGen: 15490K->419K(16384K)] 55834K->40763K(99328K), 0.0005150 secs] [Times: user=0.00 sys=0.00, real=0.00 secs] 
118.660: Total time for which application threads were stopped: 0.0621030 seconds, Stopping threads took: 0.0615190 seconds
118.744: Application time: 0.0836760 seconds
118.809: [GC [PSYoungGen: 14695K->1722K(16384K)] 55038K->42122K(99328K), 0.0007760 secs] [Times: user=0.00 sys=0.00, real=0.00 secs] 
118.810: Total time for which application threads were stopped: 0.0656210 seconds, Stopping threads took: 0.0647520 seconds
118.907: Application time: 0.0972370 seconds
118.970: [GC [PSYoungGen: 15998K->941K(16384K)] 56398K->41341K(99328K), 0.0007060 secs] [Times: user=0.00 sys=0.00, real=0.00 secs] 
118.971: Total time for which application threads were stopped: 0.0639770 seconds, Stopping threads took: 0.0631870 seconds
119.063: Application time: 0.0921760 seconds
119.129: [GC [PSYoungGen: 15158K->1037K(16384K)] 55558K->41437K(99328K), 0.0005710 secs] [Times: user=0.00 sys=0.00, real=0.00 secs] 
119.130: Total time for which application threads were stopped: 0.0668370 seconds, Stopping threads took: 0.0661940 seconds
119.223: Application time: 0.0935050 seconds
119.293: [GC [PSYoungGen: 15313K->224K(16384K)] 55713K->40752K(99328K), 0.0006500 secs] [Times: user=0.00 sys=0.01, real=0.00 secs] 
119.294: Total time for which application threads were stopped: 0.0703710 seconds, Stopping threads took: 0.0696300 seconds
119.379: Application time: 0.0847940 seconds
119.446: [GC [PSYoungGen: 14402K->419K(16384K)] 54930K->40947K(99328K), 0.0004920 secs] [Times: user=0.00 sys=0.01, real=0.01 secs] 
119.446: Total time for which application threads were stopped: 0.0678230 seconds, Stopping threads took: 0.0672470 seconds
119.532: Application time: 0.0853530 seconds
119.593: [GC [PSYoungGen: 14753K->1720K(15872K)] 55281K->42249K(98816K), 0.0007940 secs] [Times: user=0.00 sys=0.00, real=0.00 secs] 
119.594: Total time for which application threads were stopped: 0.0623230 seconds, Stopping threads took: 0.0614490 seconds
119.693: Application time: 0.0992860 seconds
119.751: [GC [PSYoungGen: 15488K->1395K(16384K)] 56016K->42012K(99328K), 0.0008240 secs] [Times: user=0.00 sys=0.00, real=0.00 secs] 
119.752: Total time for which application threads were stopped: 0.0587210 seconds, Stopping threads took: 0.0578080 seconds
119.844: Application time: 0.0916050 seconds
119.910: [GC [PSYoungGen: 15183K->1232K(16384K)] 55799K->41920K(99328K), 0.0008710 secs] [Times: user=0.00 sys=0.00, real=0.00 secs] 
119.911: Total time for which application threads were stopped: 0.0669940 seconds, Stopping threads took: 0.0660300 seconds
120.000: Application time: 0.0892930 seconds
120.065: [GC [PSYoungGen: 14785K->646K(16384K)] 55474K->41350K(99328K), 0.0006610 secs] [Times: user=0.00 sys=0.00, real=0.00 secs] 
120.066: Total time for which application threads were stopped: 0.0660460 seconds, Stopping threads took: 0.0652880 seconds
120.157: Application time: 0.0911230 seconds
120.219: [GC [PSYoungGen: 14336K->1395K(16384K)] 55040K->42204K(99328K), 0.0009220 secs] [Times: user=0.00 sys=0.00, real=0.00 secs] 
120.220: Total time for which application threads were stopped: 0.0626850 seconds, Stopping threads took: 0.0616600 seconds
120.314: Application time: 0.0944790 seconds
120.378: [GC [PSYoungGen: 15183K->1200K(16384K)] 55991K->42024K(99328K), 0.0007470 secs] [Times: user=0.00 sys=0.00, real=0.01 secs] 
120.379: Total time for which application threads were stopped: 0.0641860 seconds, Stopping threads took: 0.0633520 seconds
120.464: Application time: 0.0854900 seconds
120.528: [GC [PSYoungGen: 14851K->1818K(16384K)] 55675K->42650K(99328K), 0.0009500 secs] [Times: user=0.00 sys=0.00, real=0.00 secs] 
120.529: Total time for which application threads were stopped: 0.0649910 seconds, Stopping threads took: 0.0639400 seconds
120.622: Application time: 0.0931560 seconds
120.689: [GC [PSYoungGen: 15586K->451K(16384K)] 56418K->41371K(99328K), 0.0005370 secs] [Times: user=0.00 sys=0.00, real=0.00 secs] 
120.690: Total time for which application threads were stopped: 0.0676860 seconds, Stopping threads took: 0.0670800 seconds
120.780: Application time: 0.0903720 seconds
120.847: [GC [PSYoungGen: 14238K->192K(16384K)] 55159K->41176K(99328K), 0.0007370 secs] [Times: user=0.01 sys=0.00, real=0.00 secs] 
120.848: Total time for which application threads were stopped: 0.0678340 seconds, Stopping threads took: 0.0669980 seconds
120.936: Application time: 0.0880240 seconds
120.996: [GC [PSYoungGen: 13959K->1005K(16384K)] 54944K->41989K(99328K), 0.0005960 secs] [Times: user=0.00 sys=0.00, real=0.00 secs] 
120.997: Total time for which application threads were stopped: 0.0606180 seconds, Stopping threads took: 0.0599310 seconds
121.090: Application time: 0.0928330 seconds
121.153: [GC [PSYoungGen: 14675K->614K(16384K)] 55660K->41663K(99328K), 0.0006340 secs] [Times: user=0.01 sys=0.00, real=0.00 secs] 
121.154: Total time for which application threads were stopped: 0.0640100 seconds, Stopping threads took: 0.0632840 seconds
121.244: Application time: 0.0899880 seconds
121.305: [GC [PSYoungGen: 14304K->1363K(16384K)] 55352K->42476K(99328K), 0.0007310 secs] [Times: user=0.00 sys=0.00, real=0.00 secs] 
121.306: Total time for which application threads were stopped: 0.0625660 seconds, Stopping threads took: 0.0617430 seconds
121.401: Application time: 0.0950240 seconds
121.460: [GC [PSYoungGen: 15112K->973K(16384K)] 56224K->42093K(99328K), 0.0005790 secs] [Times: user=0.00 sys=0.00, real=0.00 secs] 
121.460: Total time for which application threads were stopped: 0.0592390 seconds, Stopping threads took: 0.0585800 seconds
121.547: Application time: 0.0867140 seconds
121.613: [GC [PSYoungGen: 14565K->582K(14848K)] 55685K->41791K(97792K), 0.0005410 secs] [Times: user=0.00 sys=0.00, real=0.00 secs] 
121.613: Total time for which application threads were stopped: 0.0661670 seconds, Stopping threads took: 0.0655560 seconds
121.701: Application time: 0.0873010 seconds
121.768: [GC [PSYoungGen: 14350K->1427K(15360K)] 55559K->42636K(98304K), 0.0008570 secs] [Times: user=0.00 sys=0.00, real=0.00 secs] 
121.770: Total time for which application threads were stopped: 0.0694440 seconds, Stopping threads took: 0.0677410 seconds
121.863: Application time: 0.0930340 seconds
121.927: [GC [PSYoungGen: 14707K->582K(14336K)] 55915K->41855K(97280K), 0.0006530 secs] [Times: user=0.00 sys=0.00, real=0.00 secs] 
121.928: Total time for which application threads were stopped: 0.0649130 seconds, Stopping threads took: 0.0641700 seconds
122.018: Application time: 0.0899950 seconds
122.064: [GC [PSYoungGen: 13862K->2013K(14848K)] 55134K->43334K(97792K), 0.0010860 secs] [Times: user=0.01 sys=0.00, real=0.00 secs] 
122.065: Total time for which application threads were stopped: 0.0472580 seconds, Stopping threads took: 0.0460730 seconds
122.155: Application time: 0.0894640 seconds
122.220: [GC [PSYoungGen: 14629K->550K(15360K)] 55949K->41935K(98304K), 0.0006720 secs] [Times: user=0.01 sys=0.00, real=0.00 secs] 
122.221: Total time for which application threads were stopped: 0.0661150 seconds, Stopping threads took: 0.0653560 seconds
122.306: Application time: 0.0851010 seconds
122.365: [GC [PSYoungGen: 13341K->419K(15360K)] 54726K->41803K(98304K), 0.0005400 secs] [Times: user=0.00 sys=0.00, real=0.00 secs] 
122.365: Total time for which application threads were stopped: 0.0593030 seconds, Stopping threads took: 0.0586910 seconds
122.455: Application time: 0.0893520 seconds
122.509: [GC [PSYoungGen: 13132K->192K(15360K)] 54516K->41640K(98304K), 0.0005270 secs] [Times: user=0.00 sys=0.00, real=0.00 secs] 
122.510: Total time for which application threads were stopped: 0.0553410 seconds, Stopping threads took: 0.0547130 seconds
122.584: Application time: 0.0739990 seconds
122.618: [GC [PSYoungGen: 12885K->973K(15360K)] 54334K->42421K(98304K), 0.0006010 secs] [Times: user=0.00 sys=0.01, real=0.00 secs] 
122.619: Total time for which application threads were stopped: 0.0352020 seconds, Stopping threads took: 0.0345000 seconds
122.710: Application time: 0.0906450 seconds
122.770: [GC [PSYoungGen: 13569K->582K(15360K)] 55017K->42087K(98304K), 0.0007010 secs] [Times: user=0.00 sys=0.00, real=0.00 secs] 
122.771: Total time for which application threads were stopped: 0.0612470 seconds, Stopping threads took: 0.0604520 seconds
122.856: Application time: 0.0852120 seconds
122.921: [GC [PSYoungGen: 13256K->192K(15360K)] 54761K->41776K(98304K), 0.0004610 secs] [Times: user=0.01 sys=0.00, real=0.00 secs] 
122.921: Total time for which application threads were stopped: 0.0648950 seconds, Stopping threads took: 0.0643450 seconds
123.004: Application time: 0.0829690 seconds
123.038: [GC [PSYoungGen: 12905K->2177K(15360K)] 54489K->43857K(98304K), 0.0009080 secs] [Times: user=0.00 sys=0.00, real=0.01 secs] 
123.039: Total time for which application threads were stopped: 0.0344680 seconds, Stopping threads took: 0.0334650 seconds
123.131: Application time: 0.0925840 seconds
123.196: [GC [PSYoungGen: 14675K->614K(15360K)] 56356K->42303K(98304K), 0.0006490 secs] [Times: user=0.00 sys=0.00, real=0.00 secs] 
123.197: Total time for which application threads were stopped: 0.0654380 seconds, Stopping threads took: 0.0647130 seconds
123.286: Application time: 0.0897820 seconds
123.348: [GC [PSYoungGen: 13327K->419K(15360K)] 55016K->42172K(98304K), 0.0005720 secs] [Times: user=0.00 sys=0.00, real=0.00 secs] 
123.349: Total time for which application threads were stopped: 0.0622850 seconds, Stopping threads took: 0.0616440 seconds
123.439: Application time: 0.0904400 seconds
123.498: [GC [PSYoungGen: 13210K->192K(15360K)] 54963K->41944K(98304K), 0.0004600 secs] [Times: user=0.00 sys=0.00, real=0.00 secs] 
123.499: Total time for which application threads were stopped: 0.0598460 seconds, Stopping threads took: 0.0593180 seconds
123.582: Application time: 0.0832950 seconds
123.621: [GC [PSYoungGen: 12905K->2209K(15360K)] 54657K->44026K(98304K), 0.0009310 secs] [Times: user=0.01 sys=0.00, real=0.00 secs] 
123.622: Total time for which application threads were stopped: 0.0398470 seconds, Stopping threads took: 0.0388380 seconds
123.715: Application time: 0.0927950 seconds
123.779: [GC [PSYoungGen: 14707K->646K(14848K)] 56524K->42471K(97792K), 0.0004940 secs] [Times: user=0.00 sys=0.00, real=0.00 secs] 
123.779: Total time for which application threads were stopped: 0.0641290 seconds, Stopping threads took: 0.0635570 seconds
123.868: Application time: 0.0893400 seconds
123.926: [GC [PSYoungGen: 13359K->419K(15360K)] 55184K->42316K(98304K), 0.0007260 secs] [Times: user=0.01 sys=0.00, real=0.01 secs] 
123.926: Total time for which application threads were stopped: 0.0580440 seconds, Stopping threads took: 0.0572290 seconds
124.014: Application time: 0.0876130 seconds
124.060: [GC [PSYoungGen: 13191K->1200K(15360K)] 55087K->43105K(98304K), 0.0008470 secs] [Times: user=0.01 sys=0.00, real=0.00 secs] 
124.060: Total time for which application threads were stopped: 0.0464070 seconds, Stopping threads took: 0.0454630 seconds
124.137: Application time: 0.0764610 seconds
124.200: [GC [PSYoungGen: 13992K->941K(15360K)] 55896K->42942K(98304K), 0.0006460 secs] [Times: user=0.00 sys=0.00, real=0.00 secs] 
124.201: Total time for which application threads were stopped: 0.0637540 seconds, Stopping threads took: 0.0630240 seconds
124.291: Application time: 0.0901100 seconds
124.351: [GC [PSYoungGen: 13556K->1786K(15360K)] 55557K->43843K(98304K), 0.0009810 secs] [Times: user=0.01 sys=0.00, real=0.00 secs] 
124.352: Total time for which application threads were stopped: 0.0610920 seconds, Stopping threads took: 0.0600320 seconds
124.439: Application time: 0.0868960 seconds
124.504: [GC [PSYoungGen: 14480K->419K(15360K)] 56536K->42476K(98304K), 0.0004940 secs] [Times: user=0.00 sys=0.00, real=0.00 secs] 
124.505: Total time for which application threads were stopped: 0.0659780 seconds, Stopping threads took: 0.0653840 seconds
124.595: Application time: 0.0905760 seconds
124.652: [GC [PSYoungGen: 13132K->192K(15360K)] 55189K->42312K(98304K), 0.0004150 secs] [Times: user=0.00 sys=0.00, real=0.00 secs] 
124.652: Total time for which application threads were stopped: 0.0569830 seconds, Stopping threads took: 0.0564810 seconds
124.734: Application time: 0.0819900 seconds
124.788: [GC [PSYoungGen: 12690K->809K(15360K)] 54811K->42930K(98304K), 0.0005670 secs] [Times: user=0.01 sys=0.00, real=0.00 secs] 
124.789: Total time for which application threads were stopped: 0.0542860 seconds, Stopping threads took: 0.0536500 seconds
124.881: Application time: 0.0926090 seconds
124.949: [GC [PSYoungGen: 13484K->419K(15360K)] 55605K->42604K(98304K), 0.0006420 secs] [Times: user=0.00 sys=0.00, real=0.00 secs] 
124.949: Total time for which application threads were stopped: 0.0680150 seconds, Stopping threads took: 0.0672880 seconds
125.036: Application time: 0.0867680 seconds
125.093: [GC [PSYoungGen: 13132K->160K(15360K)] 55317K->42449K(98304K), 0.0005090 secs] [Times: user=0.00 sys=0.00, real=0.00 secs] 
125.094: Total time for which application threads were stopped: 0.0575460 seconds, Stopping threads took: 0.0569500 seconds
125.181: Application time: 0.0871260 seconds
125.239: [GC [PSYoungGen: 12775K->1005K(15360K)] 55064K->43294K(98304K), 0.0007990 secs] [Times: user=0.00 sys=0.00, real=0.00 secs] 
125.240: Total time for which application threads were stopped: 0.0591590 seconds, Stopping threads took: 0.0582660 seconds
125.329: Application time: 0.0887700 seconds
125.385: [GC [PSYoungGen: 13601K->582K(13824K)] 55890K->42887K(96768K), 0.0008640 secs] [Times: user=0.00 sys=0.00, real=0.00 secs] 
125.385: Total time for which application threads were stopped: 0.0568570 seconds, Stopping threads took: 0.0559000 seconds
125.473: Application time: 0.0878430 seconds
125.538: [GC [PSYoungGen: 13374K->419K(14848K)] 55679K->42788K(97792K), 0.0005070 secs] [Times: user=0.00 sys=0.00, real=0.01 secs] 
125.538: Total time for which application threads were stopped: 0.0650760 seconds, Stopping threads took: 0.0644700 seconds
125.623: Application time: 0.0844410 seconds
125.691: [GC [PSYoungGen: 13210K->192K(14848K)] 55579K->42625K(97792K), 0.0006040 secs] [Times: user=0.00 sys=0.00, real=0.00 secs] 
125.692: Total time for which application threads were stopped: 0.0689610 seconds, Stopping threads took: 0.0682680 seconds
125.777: Application time: 0.0851150 seconds
125.830: [GC [PSYoungGen: 12963K->1005K(14848K)] 55396K->43502K(97792K), 0.0005720 secs] [Times: user=0.01 sys=0.00, real=0.00 secs] 
125.830: Total time for which application threads were stopped: 0.0532280 seconds, Stopping threads took: 0.0525910 seconds
125.919: Application time: 0.0888330 seconds
125.983: [GC [PSYoungGen: 13523K->550K(14848K)] 56020K->43151K(97792K), 0.0006740 secs] [Times: user=0.00 sys=0.00, real=0.00 secs] 
125.984: Total time for which application threads were stopped: 0.0650040 seconds, Stopping threads took: 0.0642340 seconds
126.071: Application time: 0.0865670 seconds
126.119: [GC [PSYoungGen: 13263K->1461K(14848K)] 55864K->44062K(97792K), 0.0006610 secs] [Times: user=0.01 sys=0.00, real=0.00 secs] 
126.120: Total time for which application threads were stopped: 0.0495560 seconds, Stopping threads took: 0.0488180 seconds
126.213: Application time: 0.0927240 seconds
126.269: [GC [PSYoungGen: 14155K->1200K(14848K)] 56756K->43817K(97792K), 0.0006580 secs] [Times: user=0.00 sys=0.00, real=0.00 secs] 
126.270: Total time for which application threads were stopped: 0.0572010 seconds, Stopping threads took: 0.0564760 seconds
126.362: Application time: 0.0918710 seconds
126.428: [GC [PSYoungGen: 13991K->1005K(14848K)] 56608K->43694K(97792K), 0.0006170 secs] [Times: user=0.00 sys=0.00, real=0.00 secs] 
126.429: Total time for which application threads were stopped: 0.0666810 seconds, Stopping threads took: 0.0659730 seconds
126.517: Application time: 0.0882350 seconds
126.551: [GC [PSYoungGen: 13620K->1818K(14848K)] 56309K->44571K(97792K), 0.0009500 secs] [Times: user=0.00 sys=0.00, real=0.00 secs] 
126.552: Total time for which application threads were stopped: 0.0348440 seconds, Stopping threads took: 0.0338030 seconds
126.644: Application time: 0.0922830 seconds
126.710: [GC [PSYoungGen: 14512K->387K(15360K)] 57265K->43140K(98304K), 0.0005490 secs] [Times: user=0.00 sys=0.00, real=0.00 secs] 
126.711: Total time for which application threads were stopped: 0.0668150 seconds, Stopping threads took: 0.0661820 seconds
126.799: Application time: 0.0883670 seconds
126.839: [GC [PSYoungGen: 13100K->1266K(15360K)] 55853K->44075K(98304K), 0.0006380 secs] [Times: user=0.00 sys=0.00, real=0.00 secs] 
126.841: Total time for which application threads were stopped: 0.0416870 seconds, Stopping threads took: 0.0400390 seconds
126.929: Application time: 0.0876990 seconds
126.989: [GC [PSYoungGen: 13959K->1005K(15360K)] 56769K->43822K(98304K), 0.0005980 secs] [Times: user=0.01 sys=0.00, real=0.00 secs] 
126.990: Total time for which application threads were stopped: 0.0614110 seconds, Stopping threads took: 0.0607440 seconds
127.077: Application time: 0.0873210 seconds
127.131: [GC [PSYoungGen: 13679K->614K(13824K)] 56496K->43503K(96768K), 0.0008030 secs] [Times: user=0.00 sys=0.00, real=0.00 secs] 
127.132: Total time for which application threads were stopped: 0.0544110 seconds, Stopping threads took: 0.0535150 seconds
127.223: Application time: 0.0909270 seconds
127.290: [GC [PSYoungGen: 13327K->355K(14848K)] 56217K->43348K(97792K), 0.0006730 secs] [Times: user=0.01 sys=0.00, real=0.00 secs] 
127.291: Total time for which application threads were stopped: 0.0684060 seconds, Stopping threads took: 0.0676310 seconds
127.372: Application time: 0.0807670 seconds
127.420: [GC [PSYoungGen: 13146K->192K(14848K)] 56139K->43185K(97792K), 0.0004400 secs] [Times: user=0.00 sys=0.00, real=0.00 secs] 
127.420: Total time for which application threads were stopped: 0.0484910 seconds, Stopping threads took: 0.0479890 seconds
127.506: Application time: 0.0856560 seconds
127.540: [GC [PSYoungGen: 12905K->2013K(14336K)] 55898K->45250K(97280K), 0.0010210 secs] [Times: user=0.01 sys=0.00, real=0.00 secs] 
127.541: Total time for which application threads were stopped: 0.0347270 seconds, Stopping threads took: 0.0336280 seconds
127.637: Application time: 0.0967490 seconds
127.701: [GC [PSYoungGen: 14121K->192K(14848K)] 57358K->43444K(97792K), 0.0005170 secs] [Times: user=0.00 sys=0.00, real=0.00 secs] 
127.701: Total time for which application threads were stopped: 0.0636350 seconds, Stopping threads took: 0.0630280 seconds
127.786: Application time: 0.0850280 seconds
127.820: [GC [PSYoungGen: 12299K->387K(14848K)] 55552K->43712K(97792K), 0.0004680 secs] [Times: user=0.00 sys=0.00, real=0.00 secs] 
127.820: Total time for which application threads were stopped: 0.0343280 seconds, Stopping threads took: 0.0337610 seconds
127.901: Application time: 0.0808870 seconds
127.953: [GC [PSYoungGen: 12514K->2502K(14848K)] 55839K->46273K(97792K), 0.0011180 secs] [Times: user=0.01 sys=0.00, real=0.00 secs] 
127.954: Total time for which application threads were stopped: 0.0530950 seconds, Stopping threads took: 0.0518980 seconds
128.043: Application time: 0.0885500 seconds
128.109: [GC [PSYoungGen: 14707K->1037K(15360K)] 58478K->44824K(98304K), 0.0006070 secs] [Times: user=0.00 sys=0.00, real=0.00 secs] 
128.109: Total time for which application threads were stopped: 0.0663440 seconds, Stopping threads took: 0.0656630 seconds
128.191: Application time: 0.0817950 seconds
128.255: [GC [PSYoungGen: 13242K->256K(12800K)] 57030K->44107K(95744K), 0.0004290 secs] [Times: user=0.00 sys=0.00, real=0.00 secs] 
128.256: Total time for which application threads were stopped: 0.0647350 seconds, Stopping threads took: 0.0642400 seconds
128.339: Application time: 0.0828890 seconds
128.372: [GC [PSYoungGen: 12480K->1688K(14336K)] 56332K->45604K(97280K), 0.0009100 secs] [Times: user=0.01 sys=0.00, real=0.00 secs] 
128.373: Total time for which application threads were stopped: 0.0338590 seconds, Stopping threads took: 0.0328650 seconds
128.468: Application time: 0.0949680 seconds
128.527: [GC [PSYoungGen: 13327K->387K(14848K)] 57243K->44318K(97792K), 0.0004640 secs] [Times: user=0.00 sys=0.00, real=0.00 secs] 
128.527: Total time for which application threads were stopped: 0.0597300 seconds, Stopping threads took: 0.0591950 seconds
128.612: Application time: 0.0848810 seconds
128.646: [GC [PSYoungGen: 12163K->1232K(13824K)] 56094K->45172K(96768K), 0.0008100 secs] [Times: user=0.00 sys=0.00, real=0.00 secs] 
128.647: Total time for which application threads were stopped: 0.0349150 seconds, Stopping threads took: 0.0340340 seconds
128.733: Application time: 0.0859770 seconds
128.798: [GC [PSYoungGen: 12871K->973K(14336K)] 56810K->45040K(97280K), 0.0006350 secs] [Times: user=0.00 sys=0.00, real=0.00 secs] 
128.799: Total time for which application threads were stopped: 0.0657830 seconds, Stopping threads took: 0.0650740 seconds
128.887: Application time: 0.0877590 seconds
128.935: [GC [PSYoungGen: 12494K->646K(14336K)] 56562K->44714K(97280K), 0.0005030 secs] [Times: user=0.00 sys=0.00, real=0.00 secs] 
128.936: Total time for which application threads were stopped: 0.0490790 seconds, Stopping threads took: 0.0484800 seconds
129.022: Application time: 0.0859150 seconds
129.069: [GC [PSYoungGen: 12285K->355K(14336K)] 56353K->44486K(97280K), 0.0006980 secs] [Times: user=0.00 sys=0.00, real=0.00 secs] 
129.070: Total time for which application threads were stopped: 0.0485390 seconds, Stopping threads took: 0.0477460 seconds
129.157: Application time: 0.0869490 seconds
129.210: [GC [PSYoungGen: 12072K->128K(14336K)] 56203K->44259K(97280K), 0.0005580 secs] [Times: user=0.00 sys=0.00, real=0.00 secs] 
129.210: Total time for which application threads were stopped: 0.0530940 seconds, Stopping threads took: 0.0524710 seconds
129.297: Application time: 0.0868440 seconds
129.329: [GC [PSYoungGen: 11747K->973K(14336K)] 55878K->45168K(97280K), 0.0008070 secs] [Times: user=0.01 sys=0.00, real=0.00 secs] 
129.330: Total time for which application threads were stopped: 0.0330910 seconds, Stopping threads took: 0.0321980 seconds
129.415: Application time: 0.0845120 seconds
129.461: [GC [PSYoungGen: 12416K->614K(14336K)] 56612K->44882K(97280K), 0.0004860 secs] [Times: user=0.00 sys=0.00, real=0.00 secs] 
129.461: Total time for which application threads were stopped: 0.0466530 seconds, Stopping threads took: 0.0460700 seconds
129.547: Application time: 0.0852780 seconds
129.607: [GC [PSYoungGen: 12331K->419K(12288K)] 56599K->44694K(95232K), 0.0005850 secs] [Times: user=0.00 sys=0.00, real=0.00 secs] 
129.608: Total time for which application threads were stopped: 0.0611660 seconds, Stopping threads took: 0.0605110 seconds
129.693: Application time: 0.0847560 seconds
129.738: [GC [PSYoungGen: 12058K->192K(13824K)] 56333K->44539K(96768K), 0.0004810 secs] [Times: user=0.00 sys=0.00, real=0.01 secs] 
129.739: Total time for which application threads were stopped: 0.0460870 seconds, Stopping threads took: 0.0455380 seconds
129.823: Application time: 0.0841530 seconds
129.870: [GC [PSYoungGen: 11811K->1005K(13824K)] 56159K->45352K(96768K), 0.0006410 secs] [Times: user=0.00 sys=0.01, real=0.00 secs] 
129.870: Total time for which application threads were stopped: 0.0476560 seconds, Stopping threads took: 0.0469430 seconds
129.957: Application time: 0.0870180 seconds
130.015: [GC [PSYoungGen: 12722K->745K(13824K)] 57069K->45149K(96768K), 0.0007790 secs] [Times: user=0.00 sys=0.00, real=0.00 secs] 
130.016: Total time for which application threads were stopped: 0.0587990 seconds, Stopping threads took: 0.0579180 seconds
130.100: Application time: 0.0838220 seconds
130.148: [GC [PSYoungGen: 12384K->1624K(13824K)] 56788K->46100K(96768K), 0.0009970 secs] [Times: user=0.00 sys=0.00, real=0.00 secs] 
130.149: Total time for which application threads were stopped: 0.0490350 seconds, Stopping threads took: 0.0479440 seconds
130.237: Application time: 0.0877840 seconds
130.288: [GC [PSYoungGen: 13244K->1427K(14336K)] 57719K->45903K(97280K), 0.0007990 secs] [Times: user=0.00 sys=0.00, real=0.00 secs] 
130.289: Total time for which application threads were stopped: 0.0516920 seconds, Stopping threads took: 0.0508210 seconds
130.362: Application time: 0.0735170 seconds
130.397: [GC [PSYoungGen: 13144K->2274K(14336K)] 57620K->46814K(97280K), 0.0011340 secs] [Times: user=0.01 sys=0.00, real=0.00 secs] 
130.398: Total time for which application threads were stopped: 0.0356640 seconds, Stopping threads took: 0.0344350 seconds
130.489: Application time: 0.0914170 seconds
130.553: [GC [PSYoungGen: 13991K->1005K(14336K)] 58531K->45609K(97280K), 0.0005730 secs] [Times: user=0.01 sys=0.00, real=0.00 secs] 
130.554: Total time for which application threads were stopped: 0.0646640 seconds, Stopping threads took: 0.0640100 seconds
130.642: Application time: 0.0881860 seconds
130.697: [GC [PSYoungGen: 12448K->550K(14336K)] 57052K->45234K(97280K), 0.0006670 secs] [Times: user=0.00 sys=0.00, real=0.00 secs] 
130.698: Total time for which application threads were stopped: 0.0555290 seconds, Stopping threads took: 0.0547820 seconds
130.782: Application time: 0.0842040 seconds
130.844: [GC [PSYoungGen: 12267K->387K(14336K)] 56951K->45071K(97280K), 0.0004780 secs] [Times: user=0.00 sys=0.00, real=0.00 secs] 
130.844: Total time for which application threads were stopped: 0.0621820 seconds, Stopping threads took: 0.0616420 seconds
130.928: Application time: 0.0844390 seconds
130.984: [GC [PSYoungGen: 12026K->256K(14336K)] 56709K->45011K(97280K), 0.0005150 secs] [Times: user=0.00 sys=0.00, real=0.00 secs] 
130.984: Total time for which application threads were stopped: 0.0560080 seconds, Stopping threads took: 0.0554200 seconds
131.066: Application time: 0.0812450 seconds
131.098: [GC [PSYoungGen: 11973K->2209K(13824K)] 56728K->46973K(96768K), 0.0010680 secs] [Times: user=0.00 sys=0.00, real=0.01 secs] 
131.099: Total time for which application threads were stopped: 0.0332460 seconds, Stopping threads took: 0.0320920 seconds
131.183: Application time: 0.0839960 seconds
131.251: [GC [PSYoungGen: 13359K->419K(14336K)] 58123K->45255K(97280K), 0.0006120 secs] [Times: user=0.00 sys=0.00, real=0.00 secs] 
131.252: Total time for which application threads were stopped: 0.0689510 seconds, Stopping threads took: 0.0682460 seconds
131.335: Application time: 0.0834540 seconds
131.367: [GC [PSYoungGen: 11550K->1754K(14336K)] 56386K->46598K(97280K), 0.0008740 secs] [Times: user=0.01 sys=0.00, real=0.00 secs] 
131.368: Total time for which application threads were stopped: 0.0326560 seconds, Stopping threads took: 0.0316870 seconds
131.456: Application time: 0.0883920 seconds
131.504: [GC [PSYoungGen: 12885K->973K(12288K)] 57729K->45881K(95232K), 0.0006360 secs] [Times: user=0.00 sys=0.00, real=0.00 secs] 
131.505: Total time for which application threads were stopped: 0.0481690 seconds, Stopping threads took: 0.0474400 seconds
131.590: Application time: 0.0849410 seconds
131.638: [GC [PSYoungGen: 12201K->1379K(13824K)] 57109K->46351K(96768K), 0.0008400 secs] [Times: user=0.00 sys=0.00, real=0.01 secs] 
131.639: Total time for which application threads were stopped: 0.0491260 seconds, Stopping threads took: 0.0482050 seconds
131.729: Application time: 0.0905910 seconds
131.789: [GC [PSYoungGen: 12628K->777K(13824K)] 57600K->45805K(96768K), 0.0006140 secs] [Times: user=0.00 sys=0.00, real=0.00 secs] 
131.790: Total time for which application threads were stopped: 0.0608260 seconds, Stopping threads took: 0.0601450 seconds
131.877: Application time: 0.0867650 seconds
131.925: [GC [PSYoungGen: 11889K->1037K(13824K)] 56917K->46065K(96768K), 0.0007770 secs] [Times: user=0.01 sys=0.00, real=0.01 secs] 
131.927: Total time for which application threads were stopped: 0.0497770 seconds, Stopping threads took: 0.0481520 seconds
132.015: Application time: 0.0881930 seconds
132.065: [GC [PSYoungGen: 12285K->387K(13824K)] 57313K->45511K(96768K), 0.0004700 secs] [Times: user=0.00 sys=0.00, real=0.00 secs] 
132.065: Total time for which application threads were stopped: 0.0503440 seconds, Stopping threads took: 0.0498080 seconds
132.146: Application time: 0.0808740 seconds
132.180: [GC [PSYoungGen: 11420K->646K(13824K)] 56544K->45770K(96768K), 0.0004990 secs] [Times: user=0.00 sys=0.00, real=0.00 secs] 
132.180: Total time for which application threads were stopped: 0.0342530 seconds, Stopping threads took: 0.0336730 seconds
132.265: Application time: 0.0849800 seconds
132.313: [GC [PSYoungGen: 11797K->941K(13824K)] 56921K->46137K(96768K), 0.0006560 secs] [Times: user=0.00 sys=0.00, real=0.00 secs] 
132.314: Total time for which application threads were stopped: 0.0486010 seconds, Stopping threads took: 0.0478600 seconds
132.403: Application time: 0.0887900 seconds
132.452: [GC [PSYoungGen: 12072K->160K(13824K)] 57268K->45356K(96768K), 0.0005070 secs] [Times: user=0.00 sys=0.00, real=0.00 secs] 
132.452: Total time for which application threads were stopped: 0.0494310 seconds, Stopping threads took: 0.0488350 seconds
132.535: Application time: 0.0833150 seconds
132.570: [GC [PSYoungGen: 11310K->582K(12288K)] 56506K->45842K(95232K), 0.0006810 secs] [Times: user=0.00 sys=0.00, real=0.00 secs] 
132.571: Total time for which application threads were stopped: 0.0354550 seconds, Stopping threads took: 0.0347030 seconds
132.657: Application time: 0.0858750 seconds
132.704: [GC [PSYoungGen: 11733K->973K(13312K)] 56993K->46249K(96256K), 0.0009120 secs] [Times: user=0.00 sys=0.00, real=0.00 secs] 
132.705: Total time for which application threads were stopped: 0.0481370 seconds, Stopping threads took: 0.0471240 seconds
132.790: Application time: 0.0853360 seconds
132.853: [GC [PSYoungGen: 12104K->224K(13312K)] 57380K->45508K(96256K), 0.0006610 secs] [Times: user=0.00 sys=0.00, real=0.00 secs] 
132.854: Total time for which application threads were stopped: 0.0634710 seconds, Stopping threads took: 0.0627180 seconds
132.938: Application time: 0.0846620 seconds
132.983: [GC [PSYoungGen: 11374K->1656K(12800K)] 56658K->47005K(95744K), 0.0008570 secs] [Times: user=0.01 sys=0.00, real=0.00 secs] 
132.984: Total time for which application threads were stopped: 0.0453520 seconds, Stopping threads took: 0.0444240 seconds
133.069: Application time: 0.0852190 seconds
133.123: [GC [PSYoungGen: 12299K->323K(13312K)] 57647K->45679K(96256K), 0.0005130 secs] [Times: user=0.01 sys=0.00, real=0.00 secs] 
133.124: Total time for which application threads were stopped: 0.0546560 seconds, Stopping threads took: 0.0540570 seconds
133.203: Application time: 0.0796320 seconds
133.239: [GC [PSYoungGen: 11063K->1363K(13312K)] 56419K->46792K(96256K), 0.0008460 secs] [Times: user=0.00 sys=0.00, real=0.00 secs] 
133.240: Total time for which application threads were stopped: 0.0370300 seconds, Stopping threads took: 0.0360990 seconds
133.313: Application time: 0.0731910 seconds
133.350: [GC [PSYoungGen: 12084K->2306K(13312K)] 57513K->47799K(96256K), 0.0009880 secs] [Times: user=0.01 sys=0.00, real=0.00 secs] 
133.351: Total time for which application threads were stopped: 0.0371860 seconds, Stopping threads took: 0.0361100 seconds
133.436: Application time: 0.0851720 seconds
133.485: [GC [PSYoungGen: 12871K->973K(12800K)] 58363K->46569K(95744K), 0.0006170 secs] [Times: user=0.01 sys=0.01, real=0.00 secs] 
133.486: Total time for which application threads were stopped: 0.0500840 seconds, Stopping threads took: 0.0493760 seconds
133.569: Application time: 0.0830130 seconds
133.617: [GC [PSYoungGen: 11342K->582K(13312K)] 56938K->46178K(96256K), 0.0007080 secs] [Times: user=0.00 sys=0.00, real=0.00 secs] 
133.618: Total time for which application threads were stopped: 0.0491640 seconds, Stopping threads took: 0.0483640 seconds
133.699: Application time: 0.0810590 seconds
133.746: [GC [PSYoungGen: 11147K->451K(13312K)] 56743K->46055K(96256K), 0.0004620 secs] [Times: user=0.01 sys=0.00, real=0.01 secs] 
133.746: Total time for which application threads were stopped: 0.0473040 seconds, Stopping threads took: 0.0467580 seconds
133.832: Application time: 0.0853690 seconds
133.888: [GC [PSYoungGen: 11172K->208K(13312K)] 56776K->45812K(96256K), 0.0004360 secs] [Times: user=0.01 sys=0.00, real=0.00 secs] 
133.888: Total time for which application threads were stopped: 0.0564650 seconds, Stopping threads took: 0.0559280 seconds
133.971: Application time: 0.0826390 seconds
134.004: [GC [PSYoungGen: 10948K->1168K(13312K)] 56552K->46872K(96256K), 0.0008150 secs] [Times: user=0.01 sys=0.00, real=0.00 secs] 
134.005: Total time for which application threads were stopped: 0.0337250 seconds, Stopping threads took: 0.0328220 seconds
134.089: Application time: 0.0839980 seconds
134.138: [GC [PSYoungGen: 11733K->909K(13312K)] 57437K->46677K(96256K), 0.0006070 secs] [Times: user=0.01 sys=0.00, real=0.01 secs] 
134.138: Total time for which application threads were stopped: 0.0496950 seconds, Stopping threads took: 0.0489960 seconds
134.222: Application time: 0.0831260 seconds
134.257: [GC [PSYoungGen: 11571K->1917K(13312K)] 57339K->47694K(96256K), 0.0008890 secs] [Times: user=0.01 sys=0.00, real=0.00 secs] 
134.258: Total time for which application threads were stopped: 0.0364640 seconds, Stopping threads took: 0.0354720 seconds
134.349: Application time: 0.0910010 seconds
134.399: [GC [PSYoungGen: 12580K->809K(13312K)] 58356K->46594K(96256K), 0.0007250 secs] [Times: user=0.00 sys=0.00, real=0.00 secs] 
134.399: Total time for which application threads were stopped: 0.0504850 seconds, Stopping threads took: 0.0496780 seconds
134.482: Application time: 0.0829280 seconds
134.518: [GC [PSYoungGen: 11452K->614K(13312K)] 57236K->46407K(96256K), 0.0005370 secs] [Times: user=0.00 sys=0.00, real=0.00 secs] 
134.519: Total time for which application threads were stopped: 0.0364480 seconds, Stopping threads took: 0.0358460 seconds
134.600: Application time: 0.0810700 seconds
134.633: [GC [PSYoungGen: 11355K->1591K(13312K)] 57147K->47439K(96256K), 0.0007280 secs] [Times: user=0.01 sys=0.00, real=0.00 secs] 
134.633: Total time for which application threads were stopped: 0.0333810 seconds, Stopping threads took: 0.0325830 seconds
134.720: Application time: 0.0868730 seconds
134.756: [GC [PSYoungGen: 12234K->1395K(13312K)] 58082K->47308K(96256K), 0.0007290 secs] [Times: user=0.01 sys=0.00, real=0.00 secs] 
134.756: Total time for which application threads were stopped: 0.0360940 seconds, Stopping threads took: 0.0352720 seconds
134.841: Application time: 0.0846570 seconds
134.892: [GC [PSYoungGen: 12136K->224K(13312K)] 58048K->46208K(96256K), 0.0004340 secs] [Times: user=0.01 sys=0.00, real=0.00 secs] 
134.892: Total time for which application threads were stopped: 0.0510690 seconds, Stopping threads took: 0.0505590 seconds
134.975: Application time: 0.0829110 seconds
135.007: [GC [PSYoungGen: 10886K->1104K(13312K)] 56870K->47153K(96256K), 0.0008030 secs] [Times: user=0.00 sys=0.00, real=0.00 secs] 
135.008: Total time for which application threads were stopped: 0.0332240 seconds, Stopping threads took: 0.0323300 seconds
135.095: Application time: 0.0863500 seconds
135.138: [GC [PSYoungGen: 11669K->973K(13312K)] 57717K->47029K(96256K), 0.0005740 secs] [Times: user=0.00 sys=0.00, real=0.00 secs] 
135.139: Total time for which application threads were stopped: 0.0443490 seconds, Stopping threads took: 0.0437050 seconds
135.222: Application time: 0.0829360 seconds
135.273: [GC [PSYoungGen: 11420K->646K(13312K)] 57477K->46711K(96256K), 0.0006360 secs] [Times: user=0.00 sys=0.00, real=0.00 secs] 
135.273: Total time for which application threads were stopped: 0.0513720 seconds, Stopping threads took: 0.0506680 seconds
135.359: Application time: 0.0859900 seconds
135.407: [GC [PSYoungGen: 11289K->355K(13312K)] 57353K->46483K(96256K), 0.0005460 secs] [Times: user=0.00 sys=0.00, real=0.00 secs] 
135.408: Total time for which application threads were stopped: 0.0487490 seconds, Stopping threads took: 0.0481030 seconds
135.490: Application time: 0.0820320 seconds
135.522: [GC [PSYoungGen: 11017K->1395K(13312K)] 57145K->47588K(96256K), 0.0006790 secs] [Times: user=0.00 sys=0.00, real=0.00 secs] 
135.523: Total time for which application threads were stopped: 0.0328020 seconds, Stopping threads took: 0.0320520 seconds
135.608: Application time: 0.0849610 seconds
135.656: [GC [PSYoungGen: 12116K->1168K(13312K)] 58309K->47377K(96256K), 0.0010670 secs] [Times: user=0.01 sys=0.00, real=0.00 secs] 
135.657: Total time for which application threads were stopped: 0.0490160 seconds, Stopping threads took: 0.0478660 seconds
135.744: Application time: 0.0872750 seconds
135.793: [GC [PSYoungGen: 11733K->973K(12288K)] 57941K->47285K(95232K), 0.0008660 secs] [Times: user=0.00 sys=0.00, real=0.00 secs] 
135.794: Total time for which application threads were stopped: 0.0497510 seconds, Stopping threads took: 0.0488150 seconds
135.881: Application time: 0.0872900 seconds
135.928: [GC [PSYoungGen: 11342K->582K(12800K)] 57655K->46911K(95744K), 0.0005150 secs] [Times: user=0.00 sys=0.00, real=0.00 secs] 
135.929: Total time for which application threads were stopped: 0.0478230 seconds, Stopping threads took: 0.0472110 seconds
136.013: Application time: 0.0841710 seconds
136.060: [GC [PSYoungGen: 11147K->355K(12800K)] 57475K->46691K(95744K), 0.0007310 secs] [Times: user=0.00 sys=0.00, real=0.00 secs] 
136.061: Total time for which application threads were stopped: 0.0478700 seconds, Stopping threads took: 0.0470490 seconds
136.146: Application time: 0.0849100 seconds
136.199: [GC [PSYoungGen: 10998K->160K(12800K)] 57334K->46496K(95744K), 0.0005140 secs] [Times: user=0.00 sys=0.00, real=0.00 secs] 
136.200: Total time for which application threads were stopped: 0.0538570 seconds, Stopping threads took: 0.0532490 seconds
136.279: Application time: 0.0788870 seconds
136.287: [GC [PSYoungGen: 10900K->2047K(12288K)] 57237K->48643K(95232K), 0.0010480 secs] [Times: user=0.01 sys=0.00, real=0.00 secs] 
136.288: Total time for which application threads were stopped: 0.0091380 seconds, Stopping threads took: 0.0080100 seconds
136.376: Application time: 0.0882450 seconds
136.429: [GC [PSYoungGen: 12104K->435K(12800K)] 58700K->47087K(95744K), 0.0006780 secs] [Times: user=0.00 sys=0.00, real=0.00 secs] 
136.430: Total time for which application threads were stopped: 0.0535660 seconds, Stopping threads took: 0.0528180 seconds
136.430: Application time: 0.0007870 seconds
136.431: Total time for which application threads were stopped: 0.0003380 seconds, Stopping threads took: 0.0003110 seconds
136.502: Application time: 0.0714330 seconds
136.551: [GC [PSYoungGen: 10559K->809K(12800K)] 57211K->47526K(95744K), 0.0005330 secs] [Times: user=0.00 sys=0.00, real=0.00 secs] 
136.551: Total time for which application threads were stopped: 0.0491010 seconds, Stopping threads took: 0.0485050 seconds
136.623: Application time: 0.0714790 seconds
136.671: [GC [PSYoungGen: 10883K->1136K(12800K)] 57599K->47876K(95744K), 0.0005930 secs] [Times: user=0.01 sys=0.00, real=0.00 secs] 
136.671: Total time for which application threads were stopped: 0.0485180 seconds, Stopping threads took: 0.0478580 seconds
136.743: Application time: 0.0715730 seconds
136.779: [GC [PSYoungGen: 11308K->1624K(12800K)] 58048K->48365K(95744K), 0.0006870 secs] [Times: user=0.01 sys=0.00, real=0.00 secs] 
136.780: Total time for which application threads were stopped: 0.0367180 seconds, Stopping threads took: 0.0359610 seconds
136.851: Application time: 0.0718560 seconds
136.894: [GC [PSYoungGen: 11748K->2079K(12800K)] 58489K->48819K(95744K), 0.0010250 secs] [Times: user=0.00 sys=0.00, real=0.00 secs] 
136.895: Total time for which application threads were stopped: 0.0439970 seconds, Stopping threads took: 0.0429080 seconds
136.967: Application time: 0.0714190 seconds
137.012: [GC [PSYoungGen: 12151K->1395K(12800K)] 58891K->48152K(95744K), 0.0006600 secs] [Times: user=0.00 sys=0.00, real=0.00 secs] 
137.014: Total time for which application threads were stopped: 0.0467870 seconds, Stopping threads took: 0.0451580 seconds
137.014: Application time: 0.0004460 seconds
137.047: Total time for which application threads were stopped: 0.0332670 seconds, Stopping threads took: 0.0332270 seconds
137.118: Application time: 0.0706970 seconds
137.148: Total time for which application threads were stopped: 0.0303490 seconds, Stopping threads took: 0.0303230 seconds
137.149: Application time: 0.0002980 seconds
137.149: [GC [PSYoungGen: 11279K->1267K(12800K)] 58035K->48024K(95744K), 0.0006900 secs] [Times: user=0.00 sys=0.00, real=0.00 secs] 
137.149: Total time for which application threads were stopped: 0.0007940 seconds, Stopping threads took: 0.0000400 seconds
137.323: Application time: 0.1732730 seconds
137.323: [GC [PSYoungGen: 11237K->518K(12800K)] 57993K->47306K(95744K), 0.0005460 secs] [Times: user=0.00 sys=0.00, real=0.00 secs] 
137.324: Total time for which application threads were stopped: 0.0013270 seconds, Stopping threads took: 0.0007200 seconds
137.358: Application time: 0.0336160 seconds
137.358: Total time for which application threads were stopped: 0.0000450 seconds, Stopping threads took: 0.0000270 seconds
137.383: Application time: 0.0256840 seconds
137.383: Total time for which application threads were stopped: 0.0000350 seconds, Stopping threads took: 0.0000180 seconds
137.385: Application time: 0.0013520 seconds
137.419: [GC [PSYoungGen: 10714K->2498K(12800K)] 57502K->51630K(95744K), 0.0015880 secs] [Times: user=0.01 sys=0.00, real=0.00 secs] 
137.421: Total time for which application threads were stopped: 0.0358030 seconds, Stopping threads took: 0.0341380 seconds
137.495: Application time: 0.0747700 seconds
137.557: [GC [PSYoungGen: 12597K->1623K(13312K)] 61729K->50999K(96256K), 0.0007800 secs] [Times: user=0.00 sys=0.00, real=0.00 secs] 
137.558: Total time for which application threads were stopped: 0.0623510 seconds, Stopping threads took: 0.0614820 seconds
137.642: Application time: 0.0842280 seconds
137.677: [GC [PSYoungGen: 11536K->582K(13312K)] 60912K->50022K(96256K), 0.0005180 secs] [Times: user=0.00 sys=0.00, real=0.00 secs] 
137.677: Total time for which application threads were stopped: 0.0354670 seconds, Stopping threads took: 0.0348800 seconds
137.762: Application time: 0.0848500 seconds
137.796: [GC [PSYoungGen: 10738K->941K(13312K)] 60179K->50389K(96256K), 0.0005970 secs] [Times: user=0.00 sys=0.00, real=0.00 secs] 
137.797: Total time for which application threads were stopped: 0.0342920 seconds, Stopping threads took: 0.0336260 seconds
137.884: Application time: 0.0873670 seconds
137.918: [GC [PSYoungGen: 11162K->387K(13312K)] 60610K->49843K(96256K), 0.0004830 secs] [Times: user=0.00 sys=0.00, real=0.00 secs] 
137.918: Total time for which application threads were stopped: 0.0340750 seconds, Stopping threads took: 0.0335300 seconds
137.998: Application time: 0.0804340 seconds
138.036: [GC [PSYoungGen: 10293K->518K(12288K)] 59749K->49982K(95232K), 0.0005490 secs] [Times: user=0.00 sys=0.00, real=0.00 secs] 
138.036: Total time for which application threads were stopped: 0.0376500 seconds, Stopping threads took: 0.0370350 seconds
138.120: Application time: 0.0841390 seconds
138.156: [GC [PSYoungGen: 10605K->973K(12800K)] 60070K->50445K(95744K), 0.0005440 secs] [Times: user=0.00 sys=0.00, real=0.00 secs] 
138.156: Total time for which application threads were stopped: 0.0359650 seconds, Stopping threads took: 0.0353400 seconds
138.233: Application time: 0.0772140 seconds
138.266: [GC [PSYoungGen: 11051K->1427K(12800K)] 60523K->50900K(95744K), 0.0008190 secs] [Times: user=0.00 sys=0.00, real=0.00 secs] 
138.267: Total time for which application threads were stopped: 0.0339010 seconds, Stopping threads took: 0.0330020 seconds
138.356: Application time: 0.0887710 seconds
138.404: [GC [PSYoungGen: 11601K->745K(12800K)] 61073K->50234K(95744K), 0.0007780 secs] [Times: user=0.00 sys=0.00, real=0.00 secs] 
138.405: Total time for which application threads were stopped: 0.0484260 seconds, Stopping threads took: 0.0475550 seconds
138.487: Application time: 0.0828570 seconds
138.535: [GC [PSYoungGen: 10919K->128K(12800K)] 60407K->49632K(95744K), 0.0006800 secs] [Times: user=0.00 sys=0.00, real=0.00 secs] 
138.536: Total time for which application threads were stopped: 0.0484290 seconds, Stopping threads took: 0.0476810 seconds
138.616: Application time: 0.0802720 seconds
138.649: [GC [PSYoungGen: 10204K->550K(12800K)] 59708K->50062K(95744K), 0.0004700 secs] [Times: user=0.00 sys=0.00, real=0.00 secs] 
138.650: Total time for which application threads were stopped: 0.0338810 seconds, Stopping threads took: 0.0333440 seconds
138.733: Application time: 0.0828120 seconds
138.765: [GC [PSYoungGen: 10626K->973K(12800K)] 60139K->50493K(95744K), 0.0012090 secs] [Times: user=0.00 sys=0.00, real=0.00 secs] 
138.766: Total time for which application threads were stopped: 0.0333550 seconds, Stopping threads took: 0.0320470 seconds
138.856: Application time: 0.0897160 seconds
138.888: [GC [PSYoungGen: 11108K->256K(12800K)] 60628K->49784K(95744K), 0.0006260 secs] [Times: user=0.00 sys=0.00, real=0.00 secs] 
138.889: Total time for which application threads were stopped: 0.0332640 seconds, Stopping threads took: 0.0325610 seconds
138.970: Application time: 0.0809450 seconds
139.006: [GC [PSYoungGen: 10410K->646K(12800K)] 59938K->50282K(95744K), 0.0005210 secs] [Times: user=0.00 sys=0.00, real=0.01 secs] 
139.006: Total time for which application threads were stopped: 0.0361550 seconds, Stopping threads took: 0.0355590 seconds
139.091: Application time: 0.0849980 seconds
139.124: [GC [PSYoungGen: 10722K->941K(11264K)] 60359K->50649K(94208K), 0.0006230 secs] [Times: user=0.00 sys=0.00, real=0.00 secs] 
139.125: Total time for which application threads were stopped: 0.0334460 seconds, Stopping threads took: 0.0327570 seconds
139.205: Application time: 0.0802420 seconds
139.254: [GC [PSYoungGen: 11135K->1200K(12288K)] 60843K->50908K(95232K), 0.0008050 secs] [Times: user=0.01 sys=0.00, real=0.00 secs] 
139.255: Total time for which application threads were stopped: 0.0501330 seconds, Stopping threads took: 0.0492550 seconds
139.339: Application time: 0.0838390 seconds
139.383: [GC [PSYoungGen: 11257K->419K(12288K)] 60965K->50271K(95232K), 0.0006630 secs] [Times: user=0.00 sys=0.00, real=0.00 secs] 
139.384: Total time for which application threads were stopped: 0.0449970 seconds, Stopping threads took: 0.0442340 seconds
139.463: Application time: 0.0791520 seconds
139.511: [GC [PSYoungGen: 10300K->582K(12288K)] 60152K->50507K(95232K), 0.0006750 secs] [Times: user=0.00 sys=0.00, real=0.00 secs] 
139.512: Total time for which application threads were stopped: 0.0487980 seconds, Stopping threads took: 0.0480420 seconds
139.590: Application time: 0.0780420 seconds
139.628: [GC [PSYoungGen: 10658K->909K(12288K)] 60583K->50841K(95232K), 0.0008000 secs] [Times: user=0.01 sys=0.00, real=0.00 secs] 
139.629: Total time for which application threads were stopped: 0.0388410 seconds, Stopping threads took: 0.0379500 seconds
139.713: Application time: 0.0840450 seconds
139.745: [GC [PSYoungGen: 11083K->387K(12288K)] 61015K->50319K(95232K), 0.0005950 secs] [Times: user=0.00 sys=0.00, real=0.00 secs] 
139.746: Total time for which application threads were stopped: 0.0330860 seconds, Stopping threads took: 0.0324010 seconds
139.826: Application time: 0.0803230 seconds
139.877: [GC [PSYoungGen: 10268K->582K(12288K)] 60200K->50515K(95232K), 0.0005940 secs] [Times: user=0.00 sys=0.00, real=0.00 secs] 
139.878: Total time for which application threads were stopped: 0.0513470 seconds, Stopping threads took: 0.0506630 seconds
139.961: Application time: 0.0834640 seconds
139.997: [GC [PSYoungGen: 10658K->909K(12288K)] 60591K->50849K(95232K), 0.0005850 secs] [Times: user=0.00 sys=0.00, real=0.00 secs] 
139.998: Total time for which application threads were stopped: 0.0368770 seconds, Stopping threads took: 0.0362130 seconds
140.080: Application time: 0.0823320 seconds
140.129: [GC [PSYoungGen: 11083K->387K(12288K)] 61023K->50335K(95232K), 0.0005240 secs] [Times: user=0.00 sys=0.00, real=0.00 secs] 
140.130: Total time for which application threads were stopped: 0.0497300 seconds, Stopping threads took: 0.0491160 seconds
140.216: Application time: 0.0857640 seconds
140.246: [GC [PSYoungGen: 10268K->646K(12288K)] 60216K->50603K(95232K), 0.0004900 secs] [Times: user=0.00 sys=0.00, real=0.00 secs] 
140.247: Total time for which application threads were stopped: 0.0309500 seconds, Stopping threads took: 0.0303920 seconds
140.330: Application time: 0.0837380 seconds
140.383: [GC [PSYoungGen: 10722K->1005K(12288K)] 60679K->50969K(95232K), 0.0006060 secs] [Times: user=0.01 sys=0.00, real=0.00 secs] 
140.384: Total time for which application threads were stopped: 0.0534800 seconds, Stopping threads took: 0.0528070 seconds
140.457: Application time: 0.0726120 seconds
140.458: [GC [PSYoungGen: 11062K->1949K(12288K)] 61026K->52313K(95232K), 0.0009310 secs] [Times: user=0.01 sys=0.00, real=0.01 secs] 
140.459: Total time for which application threads were stopped: 0.0022910 seconds, Stopping threads took: 0.0012770 seconds
140.531: Application time: 0.0725770 seconds
140.567: [GC [PSYoungGen: 11811K->1363K(12288K)] 62174K->51783K(95232K), 0.0008510 secs] [Times: user=0.01 sys=0.00, real=0.00 secs] 
140.567: Total time for which application threads were stopped: 0.0359880 seconds, Stopping threads took: 0.0350530 seconds
140.647: Application time: 0.0793510 seconds
140.685: [GC [PSYoungGen: 11498K->646K(12288K)] 61917K->51121K(95232K), 0.0005450 secs] [Times: user=0.00 sys=0.00, real=0.00 secs] 
140.686: Total time for which application threads were stopped: 0.0391270 seconds, Stopping threads took: 0.0385140 seconds
140.769: Application time: 0.0833090 seconds
140.803: [GC [PSYoungGen: 10801K->1037K(12288K)] 61276K->51616K(95232K), 0.0006070 secs] [Times: user=0.00 sys=0.00, real=0.00 secs] 
140.803: Total time for which application threads were stopped: 0.0342290 seconds, Stopping threads took: 0.0335550 seconds
140.884: Application time: 0.0803250 seconds
140.928: [GC [PSYoungGen: 11094K->256K(12288K)] 61673K->50891K(95232K), 0.0004380 secs] [Times: user=0.01 sys=0.00, real=0.00 secs] 
140.929: Total time for which application threads were stopped: 0.0449870 seconds, Stopping threads took: 0.0444820 seconds
141.011: Application time: 0.0820960 seconds
141.044: [GC [PSYoungGen: 10410K->646K(12288K)] 61045K->51337K(95232K), 0.0005140 secs] [Times: user=0.00 sys=0.00, real=0.00 secs] 
141.044: Total time for which application threads were stopped: 0.0333900 seconds, Stopping threads took: 0.0328090 seconds
141.123: Application time: 0.0788040 seconds
141.127: [GC [PSYoungGen: 10801K->1916K(11776K)] 61492K->52874K(94720K), 0.0009110 secs] [Times: user=0.01 sys=0.00, real=0.00 secs] 
141.128: Total time for which application threads were stopped: 0.0053240 seconds, Stopping threads took: 0.0043290 seconds
141.210: Application time: 0.0815470 seconds
141.249: [GC [PSYoungGen: 11601K->2111K(12288K)] 62560K->53134K(95232K), 0.0008840 secs] [Times: user=0.00 sys=0.00, real=0.00 secs] 
141.250: Total time for which application threads were stopped: 0.0403670 seconds, Stopping threads took: 0.0394050 seconds
141.323: Application time: 0.0728250 seconds
141.357: [GC [PSYoungGen: 11797K->1005K(12288K)] 62819K->52044K(95232K), 0.0005930 secs] [Times: user=0.01 sys=0.00, real=0.00 secs] 
141.358: Total time for which application threads were stopped: 0.0349050 seconds, Stopping threads took: 0.0342390 seconds
141.441: Application time: 0.0830020 seconds
141.474: [GC [PSYoungGen: 10690K->1005K(12288K)] 61729K->52052K(95232K), 0.0006740 secs] [Times: user=0.01 sys=0.00, real=0.00 secs] 
141.474: Total time for which application threads were stopped: 0.0331970 seconds, Stopping threads took: 0.0324580 seconds
141.555: Application time: 0.0804020 seconds
141.590: [GC [PSYoungGen: 10690K->973K(12288K)] 61737K->52020K(95232K), 0.0006730 secs] [Times: user=0.00 sys=0.00, real=0.00 secs] 
141.591: Total time for which application threads were stopped: 0.0358960 seconds, Stopping threads took: 0.0351310 seconds
141.677: Application time: 0.0867220 seconds
141.722: [GC [PSYoungGen: 10658K->1005K(10752K)] 61705K->52052K(93696K), 0.0006890 secs] [Times: user=0.00 sys=0.00, real=0.00 secs] 
141.723: Total time for which application threads were stopped: 0.0452970 seconds, Stopping threads took: 0.0445320 seconds
141.805: Application time: 0.0825820 seconds
141.839: [GC [PSYoungGen: 10690K->1005K(11776K)] 61737K->52060K(94720K), 0.0005680 secs] [Times: user=0.00 sys=0.00, real=0.00 secs] 
141.840: Total time for which application threads were stopped: 0.0345880 seconds, Stopping threads took: 0.0339470 seconds
141.920: Application time: 0.0799110 seconds
141.929: [GC [PSYoungGen: 10690K->1983K(11776K)] 61745K->53038K(94720K), 0.0008500 secs] [Times: user=0.01 sys=0.00, real=0.00 secs] 
141.930: Total time for which application threads were stopped: 0.0098960 seconds, Stopping threads took: 0.0089700 seconds
142.011: Application time: 0.0811930 seconds
142.060: [GC [PSYoungGen: 11356K->582K(12288K)] 62411K->51645K(95232K), 0.0005490 secs] [Times: user=0.00 sys=0.00, real=0.00 secs] 
142.062: Total time for which application threads were stopped: 0.0513470 seconds, Stopping threads took: 0.0496170 seconds
142.140: Application time: 0.0780850 seconds
142.147: [GC [PSYoungGen: 10129K->1427K(12288K)] 61192K->52554K(95232K), 0.0007950 secs] [Times: user=0.00 sys=0.00, real=0.00 secs] 
142.148: Total time for which application threads were stopped: 0.0077360 seconds, Stopping threads took: 0.0068690 seconds
142.232: Application time: 0.0843040 seconds
142.267: [GC [PSYoungGen: 11015K->160K(12288K)] 62142K->51394K(95232K), 0.0004920 secs] [Times: user=0.00 sys=0.00, real=0.00 secs] 
142.267: Total time for which application threads were stopped: 0.0351630 seconds, Stopping threads took: 0.0345920 seconds
142.345: Application time: 0.0779200 seconds
142.353: [GC [PSYoungGen: 9787K->1037K(12288K)] 61022K->52280K(95232K), 0.0006280 secs] [Times: user=0.00 sys=0.00, real=0.00 secs] 
142.354: Total time for which application threads were stopped: 0.0082200 seconds, Stopping threads took: 0.0075200 seconds
142.432: Application time: 0.0789140 seconds
142.469: [GC [PSYoungGen: 10722K->877K(11264K)] 61965K->52248K(94208K), 0.0006280 secs] [Times: user=0.00 sys=0.00, real=0.00 secs] 
142.470: Total time for which application threads were stopped: 0.0374370 seconds, Stopping threads took: 0.0367400 seconds
142.553: Application time: 0.0831540 seconds
142.565: [GC [PSYoungGen: 10543K->2013K(11776K)] 61914K->53392K(94720K), 0.0009210 secs] [Times: user=0.00 sys=0.00, real=0.00 secs] 
142.566: Total time for which application threads were stopped: 0.0126480 seconds, Stopping threads took: 0.0116510 seconds
142.648: Application time: 0.0824240 seconds
142.682: [GC [PSYoungGen: 11406K->518K(12288K)] 62785K->51961K(95232K), 0.0006710 secs] [Times: user=0.00 sys=0.00, real=0.00 secs] 
142.683: Total time for which application threads were stopped: 0.0345970 seconds, Stopping threads took: 0.0338550 seconds
142.768: Application time: 0.0852190 seconds
142.800: [GC [PSYoungGen: 10204K->614K(12288K)] 61647K->52065K(95232K), 0.0005510 secs] [Times: user=0.00 sys=0.00, real=0.00 secs] 
142.801: Total time for which application threads were stopped: 0.0327680 seconds, Stopping threads took: 0.0321390 seconds
142.879: Application time: 0.0780540 seconds
142.914: [GC [PSYoungGen: 10183K->419K(12288K)] 61634K->51878K(95232K), 0.0005980 secs] [Times: user=0.00 sys=0.00, real=0.00 secs] 
142.915: Total time for which application threads were stopped: 0.0358690 seconds, Stopping threads took: 0.0351900 seconds
142.994: Application time: 0.0796450 seconds
143.001: [GC [PSYoungGen: 10007K->1331K(12288K)] 61466K->52854K(95232K), 0.0008360 secs] [Times: user=0.00 sys=0.00, real=0.00 secs] 
143.001: Total time for which application threads were stopped: 0.0070970 seconds, Stopping threads took: 0.0061690 seconds
143.085: Application time: 0.0836280 seconds
143.128: [GC [PSYoungGen: 10919K->128K(12288K)] 62442K->51666K(95232K), 0.0005920 secs] [Times: user=0.00 sys=0.00, real=0.00 secs] 
143.129: Total time for which application threads were stopped: 0.0439120 seconds, Stopping threads took: 0.0432320 seconds
143.209: Application time: 0.0804860 seconds
143.244: [GC [PSYoungGen: 9813K->128K(12288K)] 61352K->51666K(95232K), 0.0006620 secs] [Times: user=0.01 sys=0.00, real=0.00 secs] 
143.245: Total time for which application threads were stopped: 0.0354870 seconds, Stopping threads took: 0.0347440 seconds
143.324: Application time: 0.0795680 seconds
143.332: [GC [PSYoungGen: 9520K->973K(12288K)] 61059K->52520K(95232K), 0.0006080 secs] [Times: user=0.00 sys=0.00, real=0.00 secs] 
143.333: Total time for which application threads were stopped: 0.0081640 seconds, Stopping threads took: 0.0074590 seconds
143.414: Application time: 0.0809660 seconds
143.452: [GC [PSYoungGen: 10658K->941K(12288K)] 62205K->52496K(95232K), 0.0007380 secs] [Times: user=0.00 sys=0.00, real=0.00 secs] 
143.452: Total time for which application threads were stopped: 0.0387740 seconds, Stopping threads took: 0.0379400 seconds
143.532: Application time: 0.0796720 seconds
143.569: [GC [PSYoungGen: 10626K->909K(11264K)] 62181K->52464K(94208K), 0.0006610 secs] [Times: user=0.00 sys=0.00, real=0.00 secs] 
143.570: Total time for which application threads were stopped: 0.0378060 seconds, Stopping threads took: 0.0370510 seconds
143.654: Application time: 0.0842220 seconds
143.687: [GC [PSYoungGen: 10439K->614K(11776K)] 61994K->52177K(94720K), 0.0007050 secs] [Times: user=0.00 sys=0.00, real=0.00 secs] 
143.688: Total time for which application threads were stopped: 0.0337920 seconds, Stopping threads took: 0.0330080 seconds
143.770: Application time: 0.0821920 seconds
143.804: [GC [PSYoungGen: 10300K->550K(11776K)] 61863K->52253K(94720K), 0.0006110 secs] [Times: user=0.00 sys=0.00, real=0.00 secs] 
143.804: Total time for which application threads were stopped: 0.0342790 seconds, Stopping threads took: 0.0335990 seconds
143.885: Application time: 0.0806450 seconds
143.935: [GC [PSYoungGen: 10275K->419K(11776K)] 61978K->52130K(94720K), 0.0007560 secs] [Times: user=0.00 sys=0.00, real=0.00 secs] 
143.936: Total time for which application threads were stopped: 0.0504720 seconds, Stopping threads took: 0.0496180 seconds
144.018: Application time: 0.0823700 seconds
144.050: [GC [PSYoungGen: 10104K->355K(11776K)] 61815K->52186K(94720K), 0.0006230 secs] [Times: user=0.00 sys=0.00, real=0.00 secs] 
144.051: Total time for which application threads were stopped: 0.0326110 seconds, Stopping threads took: 0.0319200 seconds
144.130: Application time: 0.0792070 seconds
144.133: [GC [PSYoungGen: 9943K->1299K(11776K)] 61774K->53139K(94720K), 0.0007570 secs] [Times: user=0.01 sys=0.00, real=0.00 secs] 
144.134: Total time for which application threads were stopped: 0.0038710 seconds, Stopping threads took: 0.0030420 seconds
144.217: Application time: 0.0831140 seconds
144.251: [GC [PSYoungGen: 10966K->192K(11776K)] 62805K->52039K(94720K), 0.0004890 secs] [Times: user=0.00 sys=0.00, real=0.00 secs] 
144.252: Total time for which application threads were stopped: 0.0352390 seconds, Stopping threads took: 0.0346600 seconds
144.330: Application time: 0.0785180 seconds
144.336: [GC [PSYoungGen: 9779K->1168K(11776K)] 61627K->53063K(94720K), 0.0006830 secs] [Times: user=0.00 sys=0.00, real=0.00 secs] 
144.337: Total time for which application threads were stopped: 0.0063040 seconds, Stopping threads took: 0.0055280 seconds
144.418: Application time: 0.0812330 seconds
144.453: [GC [PSYoungGen: 10736K->973K(11776K)] 62632K->52876K(94720K), 0.0006600 secs] [Times: user=0.00 sys=0.00, real=0.00 secs] 
144.453: Total time for which application threads were stopped: 0.0354490 seconds, Stopping threads took: 0.0347100 seconds
144.534: Application time: 0.0807600 seconds
144.571: [GC [PSYoungGen: 10658K->1005K(11776K)] 62562K->52980K(94720K), 0.0005850 secs] [Times: user=0.00 sys=0.00, real=0.00 secs] 
144.571: Total time for which application threads were stopped: 0.0372480 seconds, Stopping threads took: 0.0365930 seconds
144.652: Application time: 0.0800490 seconds
144.686: [GC [PSYoungGen: 10690K->909K(11776K)] 62666K->52892K(94720K), 0.0007790 secs] [Times: user=0.00 sys=0.00, real=0.01 secs] 
144.687: Total time for which application threads were stopped: 0.0353080 seconds, Stopping threads took: 0.0344380 seconds
144.769: Application time: 0.0821640 seconds
144.804: [GC [PSYoungGen: 10594K->1005K(11776K)] 62578K->52996K(94720K), 0.0007650 secs] [Times: user=0.00 sys=0.00, real=0.00 secs] 
144.805: Total time for which application threads were stopped: 0.0360750 seconds, Stopping threads took: 0.0352100 seconds
144.889: Application time: 0.0839680 seconds
144.921: [GC [PSYoungGen: 10690K->1005K(11776K)] 62682K->53004K(94720K), 0.0008020 secs] [Times: user=0.00 sys=0.00, real=0.00 secs] 
144.922: Total time for which application threads were stopped: 0.0328420 seconds, Stopping threads took: 0.0319570 seconds
145.005: Application time: 0.0830590 seconds
145.052: [GC [PSYoungGen: 10690K->941K(11776K)] 62689K->52948K(94720K), 0.0006370 secs] [Times: user=0.00 sys=0.00, real=0.00 secs] 
145.053: Total time for which application threads were stopped: 0.0477520 seconds, Stopping threads took: 0.0470310 seconds
145.133: Application time: 0.0801400 seconds
145.168: [GC [PSYoungGen: 10626K->1037K(11776K)] 62634K->53044K(94720K), 0.0005380 secs] [Times: user=0.00 sys=0.00, real=0.00 secs] 
145.168: Total time for which application threads were stopped: 0.0356100 seconds, Stopping threads took: 0.0350010 seconds
145.253: Application time: 0.0845270 seconds
145.286: [GC [PSYoungGen: 10410K->582K(11776K)] 62417K->52605K(94720K), 0.0005040 secs] [Times: user=0.00 sys=0.00, real=0.00 secs] 
145.286: Total time for which application threads were stopped: 0.0331300 seconds, Stopping threads took: 0.0325470 seconds
145.366: Application time: 0.0801610 seconds
145.402: [GC [PSYoungGen: 10190K->256K(11776K)] 62213K->52343K(94720K), 0.0004800 secs] [Times: user=0.00 sys=0.00, real=0.00 secs] 
145.402: Total time for which application threads were stopped: 0.0357460 seconds, Stopping threads took: 0.0351860 seconds
145.485: Application time: 0.0827930 seconds
145.518: [GC [PSYoungGen: 9941K->224K(11776K)] 62028K->52451K(94720K), 0.0004360 secs] [Times: user=0.00 sys=0.00, real=0.01 secs] 
145.519: Total time for which application threads were stopped: 0.0337950 seconds, Stopping threads took: 0.0332940 seconds
145.595: Application time: 0.0765120 seconds
145.604: [GC [PSYoungGen: 9890K->1168K(11776K)] 62117K->53396K(94720K), 0.0006840 secs] [Times: user=0.00 sys=0.00, real=0.00 secs] 
145.605: Total time for which application threads were stopped: 0.0099830 seconds, Stopping threads took: 0.0092200 seconds
145.690: Application time: 0.0843880 seconds
145.724: [GC [PSYoungGen: 10854K->1136K(11776K)] 63081K->53436K(94720K), 0.0006920 secs] [Times: user=0.00 sys=0.00, real=0.00 secs] 
145.725: Total time for which application threads were stopped: 0.0356420 seconds, Stopping threads took: 0.0348740 seconds
145.805: Application time: 0.0794230 seconds
145.838: [GC [PSYoungGen: 10626K->973K(11776K)] 62926K->53272K(94720K), 0.0005930 secs] [Times: user=0.00 sys=0.01, real=0.01 secs] 
145.838: Total time for which application threads were stopped: 0.0337820 seconds, Stopping threads took: 0.0331220 seconds
145.917: Application time: 0.0790730 seconds
145.955: [GC [PSYoungGen: 10346K->646K(11776K)] 62645K->52954K(94720K), 0.0005270 secs] [Times: user=0.01 sys=0.00, real=0.00 secs] 
145.956: Total time for which application threads were stopped: 0.0383860 seconds, Stopping threads took: 0.0377860 seconds
146.037: Application time: 0.0810490 seconds
146.071: [GC [PSYoungGen: 10332K->582K(11776K)] 62639K->52962K(94720K), 0.0005360 secs] [Times: user=0.00 sys=0.00, real=0.00 secs] 
146.071: Total time for which application threads were stopped: 0.0343800 seconds, Stopping threads took: 0.0337800 seconds
146.149: Application time: 0.0779370 seconds
146.185: [GC [PSYoungGen: 10151K->355K(11776K)] 62530K->52742K(94720K), 0.0004800 secs] [Times: user=0.01 sys=0.00, real=0.00 secs] 
146.185: Total time for which application threads were stopped: 0.0360310 seconds, Stopping threads took: 0.0354720 seconds
146.263: Application time: 0.0781620 seconds
146.270: [GC [PSYoungGen: 9943K->1395K(11776K)] 62330K->53847K(94720K), 0.0006920 secs] [Times: user=0.00 sys=0.00, real=0.00 secs] 
146.270: Total time for which application threads were stopped: 0.0068290 seconds, Stopping threads took: 0.0060630 seconds
146.360: Application time: 0.0897230 seconds
146.395: [GC [PSYoungGen: 10983K->160K(11776K)] 63435K->52627K(94720K), 0.0004280 secs] [Times: user=0.00 sys=0.00, real=0.00 secs] 
146.395: Total time for which application threads were stopped: 0.0351800 seconds, Stopping threads took: 0.0346840 seconds
146.478: Application time: 0.0828770 seconds
146.485: [GC [PSYoungGen: 9845K->1234K(11776K)] 62313K->53701K(94720K), 0.0006750 secs] [Times: user=0.00 sys=0.00, real=0.00 secs] 
146.486: Total time for which application threads were stopped: 0.0080010 seconds, Stopping threads took: 0.0072560 seconds
146.568: Application time: 0.0819200 seconds
146.604: [GC [PSYoungGen: 10919K->192K(11776K)] 63387K->52667K(94720K), 0.0004800 secs] [Times: user=0.00 sys=0.00, real=0.00 secs] 
146.604: Total time for which application threads were stopped: 0.0362460 seconds, Stopping threads took: 0.0356920 seconds
146.663: Application time: 0.0583160 seconds
146.688: [GC [PSYoungGen: 9857K->1200K(11776K)] 62333K->53692K(94720K), 0.0007250 secs] [Times: user=0.00 sys=0.00, real=0.00 secs] 
146.688: Total time for which application threads were stopped: 0.0257980 seconds, Stopping threads took: 0.0249930 seconds
146.772: Application time: 0.0839540 seconds
146.805: [GC [PSYoungGen: 10769K->1005K(11776K)] 63260K->53560K(94720K), 0.0006240 secs] [Times: user=0.00 sys=0.00, real=0.00 secs] 
146.806: Total time for which application threads were stopped: 0.0332960 seconds, Stopping threads took: 0.0326000 seconds
146.888: Application time: 0.0827890 seconds
146.892: [GC [PSYoungGen: 10671K->1981K(11264K)] 63226K->54593K(94208K), 0.0010790 secs] [Times: user=0.00 sys=0.00, real=0.00 secs] 
146.893: Total time for which application threads were stopped: 0.0042610 seconds, Stopping threads took: 0.0031080 seconds
146.978: Application time: 0.0856350 seconds
146.993: [GC [PSYoungGen: 11042K->2274K(11776K)] 63653K->54958K(94720K), 0.0010410 secs] [Times: user=0.01 sys=0.00, real=0.00 secs] 
146.994: Total time for which application threads were stopped: 0.0154380 seconds, Stopping threads took: 0.0143090 seconds
147.071: Application time: 0.0776720 seconds
147.119: [GC [PSYoungGen: 11452K->566K(11264K)] 64136K->53330K(94208K), 0.0005450 secs] [Times: user=0.00 sys=0.00, real=0.00 secs] 
147.120: Total time for which application threads were stopped: 0.0490740 seconds, Stopping threads took: 0.0474310 seconds
147.199: Application time: 0.0783730 seconds
147.207: [GC [PSYoungGen: 9763K->1168K(11776K)] 62527K->54012K(94720K), 0.0009290 secs] [Times: user=0.00 sys=0.00, real=0.00 secs] 
147.208: Total time for which application threads were stopped: 0.0095750 seconds, Stopping threads took: 0.0085440 seconds
147.289: Application time: 0.0805160 seconds
147.323: [GC [PSYoungGen: 10268K->646K(11776K)] 63111K->53498K(94720K), 0.0005450 secs] [Times: user=0.00 sys=0.00, real=0.00 secs] 
147.324: Total time for which application threads were stopped: 0.0348940 seconds, Stopping threads took: 0.0342760 seconds
147.402: Application time: 0.0780470 seconds
147.414: [GC [PSYoungGen: 9843K->1232K(11776K)] 62695K->54092K(94720K), 0.0006460 secs] [Times: user=0.01 sys=0.00, real=0.00 secs] 
147.414: Total time for which application threads were stopped: 0.0124170 seconds, Stopping threads took: 0.0117000 seconds
147.497: Application time: 0.0822600 seconds
147.533: [GC [PSYoungGen: 10332K->614K(11776K)] 63191K->53482K(94720K), 0.0006020 secs] [Times: user=0.00 sys=0.00, real=0.00 secs] 
147.534: Total time for which application threads were stopped: 0.0373740 seconds, Stopping threads took: 0.0367040 seconds
147.615: Application time: 0.0811420 seconds
147.625: [GC [PSYoungGen: 9811K->1232K(11776K)] 62679K->54108K(94720K), 0.0006160 secs] [Times: user=0.00 sys=0.00, real=0.00 secs] 
147.625: Total time for which application threads were stopped: 0.0103010 seconds, Stopping threads took: 0.0096100 seconds
147.708: Application time: 0.0829050 seconds
147.741: [GC [PSYoungGen: 10293K->419K(11776K)] 63169K->53303K(94720K), 0.0005420 secs] [Times: user=0.00 sys=0.00, real=0.00 secs] 
147.742: Total time for which application threads were stopped: 0.0337360 seconds, Stopping threads took: 0.0330910 seconds
147.821: Application time: 0.0788900 seconds
147.830: [GC [PSYoungGen: 9616K->973K(11776K)] 62500K->53945K(94720K), 0.0005870 secs] [Times: user=0.00 sys=0.00, real=0.00 secs] 
147.831: Total time for which application threads were stopped: 0.0097830 seconds, Stopping threads took: 0.0091210 seconds
147.916: Application time: 0.0848790 seconds
147.959: [GC [PSYoungGen: 10072K->355K(11776K)] 63044K->53327K(94720K), 0.0006390 secs] [Times: user=0.01 sys=0.00, real=0.00 secs] 
147.959: Total time for which application threads were stopped: 0.0436250 seconds, Stopping threads took: 0.0428980 seconds
148.038: Application time: 0.0784390 seconds
148.044: [GC [PSYoungGen: 9552K->909K(10240K)] 62524K->53889K(93184K), 0.0008930 secs] [Times: user=0.01 sys=0.00, real=0.00 secs] 
148.045: Total time for which application threads were stopped: 0.0075990 seconds, Stopping threads took: 0.0066270 seconds
148.126: Application time: 0.0809260 seconds
148.163: [GC [PSYoungGen: 10008K->387K(11264K)] 62988K->53375K(94208K), 0.0008200 secs] [Times: user=0.01 sys=0.00, real=0.00 secs] 
148.164: Total time for which application threads were stopped: 0.0374850 seconds, Stopping threads took: 0.0365770 seconds
148.234: Application time: 0.0701010 seconds
148.249: [GC [PSYoungGen: 9272K->614K(11264K)] 62259K->53610K(94208K), 0.0006300 secs] [Times: user=0.00 sys=0.00, real=0.00 secs] 
148.249: Total time for which application threads were stopped: 0.0156180 seconds, Stopping threads took: 0.0149110 seconds
148.330: Application time: 0.0803210 seconds
148.338: [GC [PSYoungGen: 9811K->1232K(11264K)] 62807K->54300K(94208K), 0.0007470 secs] [Times: user=0.01 sys=0.00, real=0.01 secs] 
148.339: Total time for which application threads were stopped: 0.0091180 seconds, Stopping threads took: 0.0082950 seconds
148.419: Application time: 0.0801030 seconds
148.429: [GC [PSYoungGen: 10293K->1493K(11264K)] 63361K->54569K(94208K), 0.0007890 secs] [Times: user=0.00 sys=0.00, real=0.00 secs] 
148.430: Total time for which application threads were stopped: 0.0108330 seconds, Stopping threads took: 0.0099590 seconds
148.511: Application time: 0.0808990 seconds
148.546: [GC [PSYoungGen: 10378K->614K(11264K)] 63454K->53786K(94208K), 0.0004840 secs] [Times: user=0.01 sys=0.00, real=0.00 secs] 
148.546: Total time for which application threads were stopped: 0.0355120 seconds, Stopping threads took: 0.0349540 seconds
148.625: Application time: 0.0792390 seconds
148.635: [GC [PSYoungGen: 9773K->1037K(11264K)] 62944K->54273K(94208K), 0.0005920 secs] [Times: user=0.00 sys=0.00, real=0.00 secs] 
148.635: Total time for which application threads were stopped: 0.0099860 seconds, Stopping threads took: 0.0093220 seconds
148.718: Application time: 0.0825040 seconds
148.751: [GC [PSYoungGen: 10136K->419K(11264K)] 63372K->53759K(94208K), 0.0004770 secs] [Times: user=0.00 sys=0.00, real=0.00 secs] 
148.752: Total time for which application threads were stopped: 0.0338600 seconds, Stopping threads took: 0.0333090 seconds
148.830: Application time: 0.0781510 seconds
148.840: [GC [PSYoungGen: 9616K->1005K(11264K)] 62956K->54353K(94208K), 0.0005700 secs] [Times: user=0.00 sys=0.00, real=0.00 secs] 
148.840: Total time for which application threads were stopped: 0.0103720 seconds, Stopping threads took: 0.0097290 seconds
148.924: Application time: 0.0834730 seconds
148.956: [GC [PSYoungGen: 10104K->387K(11264K)] 63452K->53743K(94208K), 0.0005130 secs] [Times: user=0.00 sys=0.00, real=0.00 secs] 
148.957: Total time for which application threads were stopped: 0.0330620 seconds, Stopping threads took: 0.0324810 seconds
149.037: Application time: 0.0803350 seconds
149.047: [GC [PSYoungGen: 9584K->941K(11264K)] 62940K->54305K(94208K), 0.0007210 secs] [Times: user=0.00 sys=0.00, real=0.00 secs] 
149.047: Total time for which application threads were stopped: 0.0100850 seconds, Stopping threads took: 0.0092720 seconds
149.130: Application time: 0.0825590 seconds
149.164: [GC [PSYoungGen: 10119K->371K(11264K)] 63483K->53743K(94208K), 0.0005090 secs] [Times: user=0.00 sys=0.00, real=0.00 secs] 
149.164: Total time for which application threads were stopped: 0.0344270 seconds, Stopping threads took: 0.0338550 seconds
149.244: Application time: 0.0794380 seconds
149.256: [GC [PSYoungGen: 9256K->582K(11264K)] 62628K->54018K(94208K), 0.0005220 secs] [Times: user=0.00 sys=0.00, real=0.00 secs] 
149.256: Total time for which application threads were stopped: 0.0126700 seconds, Stopping threads took: 0.0120570 seconds
149.334: Application time: 0.0773520 seconds
149.344: [GC [PSYoungGen: 9779K->1168K(11264K)] 63215K->54660K(94208K), 0.0006100 secs] [Times: user=0.00 sys=0.00, real=0.00 secs] 
149.344: Total time for which application threads were stopped: 0.0104920 seconds, Stopping threads took: 0.0097890 seconds
149.424: Application time: 0.0797620 seconds
149.461: [GC [PSYoungGen: 10268K->614K(11264K)] 63760K->54114K(94208K), 0.0005560 secs] [Times: user=0.01 sys=0.00, real=0.00 secs] 
149.462: Total time for which application threads were stopped: 0.0376320 seconds, Stopping threads took: 0.0369860 seconds
149.537: Application time: 0.0752240 seconds
149.546: [GC [PSYoungGen: 9811K->1200K(11264K)] 63311K->54708K(94208K), 0.0006360 secs] [Times: user=0.00 sys=0.00, real=0.01 secs] 
149.547: Total time for which application threads were stopped: 0.0096340 seconds, Stopping threads took: 0.0089260 seconds
149.626: Application time: 0.0795790 seconds
149.633: [GC [PSYoungGen: 10397K->1818K(11264K)] 63905K->55326K(94208K), 0.0007790 secs] [Times: user=0.01 sys=0.00, real=0.00 secs] 
149.634: Total time for which application threads were stopped: 0.0081590 seconds, Stopping threads took: 0.0073030 seconds
149.718: Application time: 0.0834990 seconds
149.751: [GC [PSYoungGen: 11015K->224K(11264K)] 64523K->53732K(94208K), 0.0005220 secs] [Times: user=0.00 sys=0.00, real=0.00 secs] 
149.752: Total time for which application threads were stopped: 0.0339630 seconds, Stopping threads took: 0.0333690 seconds
149.827: Application time: 0.0749450 seconds
149.833: [GC [PSYoungGen: 9382K->646K(11264K)] 62890K->54162K(94208K), 0.0005300 secs] [Times: user=0.00 sys=0.00, real=0.00 secs] 
149.834: Total time for which application threads were stopped: 0.0072120 seconds, Stopping threads took: 0.0066050 seconds
149.916: Application time: 0.0825410 seconds
149.924: [GC [PSYoungGen: 9843K->1232K(11264K)] 63359K->54844K(94208K), 0.0007980 secs] [Times: user=0.00 sys=0.00, real=0.00 secs] 
149.925: Total time for which application threads were stopped: 0.0085540 seconds, Stopping threads took: 0.0076820 seconds
150.007: Application time: 0.0820030 seconds
150.048: [GC [PSYoungGen: 10293K->451K(11264K)] 63905K->54071K(94208K), 0.0004830 secs] [Times: user=0.00 sys=0.00, real=0.00 secs] 
150.048: Total time for which application threads were stopped: 0.0410830 seconds, Stopping threads took: 0.0405300 seconds
150.131: Application time: 0.0824450 seconds
150.142: [GC [PSYoungGen: 9414K->662K(11264K)] 63034K->54386K(94208K), 0.0005520 secs] [Times: user=0.00 sys=0.00, real=0.00 secs] 
150.143: Total time for which application threads were stopped: 0.0120180 seconds, Stopping threads took: 0.0113960 seconds
150.221: Application time: 0.0782580 seconds
150.235: [GC [PSYoungGen: 9859K->1200K(11264K)] 63584K->55012K(94208K), 0.0007680 secs] [Times: user=0.00 sys=0.00, real=0.00 secs] 
150.236: Total time for which application threads were stopped: 0.0150740 seconds, Stopping threads took: 0.0142350 seconds
150.319: Application time: 0.0834660 seconds
150.353: [GC [PSYoungGen: 10300K->646K(11264K)] 64112K->54466K(94208K), 0.0004720 secs] [Times: user=0.00 sys=0.00, real=0.00 secs] 
150.354: Total time for which application threads were stopped: 0.0345160 seconds, Stopping threads took: 0.0339630 seconds
150.439: Application time: 0.0847650 seconds
150.448: [GC [PSYoungGen: 9843K->1168K(11264K)] 63664K->54996K(94208K), 0.0006300 secs] [Times: user=0.00 sys=0.00, real=0.00 secs] 
150.448: Total time for which application threads were stopped: 0.0098590 seconds, Stopping threads took: 0.0091300 seconds
150.529: Application time: 0.0800390 seconds
150.564: [GC [PSYoungGen: 10268K->614K(11264K)] 64096K->54450K(94208K), 0.0005690 secs] [Times: user=0.00 sys=0.00, real=0.00 secs] 
150.565: Total time for which application threads were stopped: 0.0364550 seconds, Stopping threads took: 0.0358170 seconds
150.643: Application time: 0.0781710 seconds
150.653: [GC [PSYoungGen: 9811K->1200K(11264K)] 63648K->55044K(94208K), 0.0006560 secs] [Times: user=0.00 sys=0.00, real=0.00 secs] 
150.654: Total time for which application threads were stopped: 0.0109040 seconds, Stopping threads took: 0.0101560 seconds
150.738: Application time: 0.0837520 seconds
150.771: [GC [PSYoungGen: 10261K->387K(11264K)] 64105K->54239K(94208K), 0.0004770 secs] [Times: user=0.00 sys=0.00, real=0.00 secs] 
150.771: Total time for which application threads were stopped: 0.0332890 seconds, Stopping threads took: 0.0327400 seconds
150.852: Application time: 0.0803960 seconds
150.859: [GC [PSYoungGen: 9584K->1037K(11264K)] 63436K->54977K(94208K), 0.0005840 secs] [Times: user=0.00 sys=0.00, real=0.00 secs] 
150.860: Total time for which application threads were stopped: 0.0082440 seconds, Stopping threads took: 0.0075830 seconds
150.941: Application time: 0.0816550 seconds
150.952: [GC [PSYoungGen: 10234K->1591K(11264K)] 64174K->55531K(94208K), 0.0007660 secs] [Times: user=0.00 sys=0.00, real=0.00 secs] 
150.953: Total time for which application threads were stopped: 0.0117670 seconds, Stopping threads took: 0.0109280 seconds
151.036: Application time: 0.0832720 seconds
151.084: [GC [PSYoungGen: 10690K->973K(11264K)] 64630K->54921K(94208K), 0.0005690 secs] [Times: user=0.00 sys=0.00, real=0.00 secs] 
151.085: Total time for which application threads were stopped: 0.0480630 seconds, Stopping threads took: 0.0474200 seconds
151.166: Application time: 0.0818160 seconds
151.200: [GC [PSYoungGen: 10072K->387K(11264K)] 64021K->54343K(94208K), 0.0004860 secs] [Times: user=0.00 sys=0.00, real=0.00 secs] 
151.201: Total time for which application threads were stopped: 0.0345300 seconds, Stopping threads took: 0.0339800 seconds
151.279: Application time: 0.0782830 seconds
151.288: [GC [PSYoungGen: 9584K->973K(11264K)] 63540K->54937K(94208K), 0.0006260 secs] [Times: user=0.01 sys=0.00, real=0.00 secs] 
151.289: Total time for which application threads were stopped: 0.0095220 seconds, Stopping threads took: 0.0088320 seconds
151.372: Application time: 0.0834830 seconds
151.408: [GC [PSYoungGen: 10151K->387K(11264K)] 64115K->54359K(94208K), 0.0006210 secs] [Times: user=0.00 sys=0.00, real=0.00 secs] 
151.409: Total time for which application threads were stopped: 0.0364820 seconds, Stopping threads took: 0.0357660 seconds
151.489: Application time: 0.0801310 seconds
151.493: [GC [PSYoungGen: 9350K->646K(11264K)] 63322K->54674K(94208K), 0.0005600 secs] [Times: user=0.00 sys=0.00, real=0.00 secs] 
151.494: Total time for which application threads were stopped: 0.0047580 seconds, Stopping threads took: 0.0041280 seconds
151.574: Application time: 0.0808110 seconds
151.582: [GC [PSYoungGen: 9802K->1037K(11264K)] 63831K->55145K(94208K), 0.0006720 secs] [Times: user=0.01 sys=0.00, real=0.00 secs] 
151.583: Total time for which application threads were stopped: 0.0082140 seconds, Stopping threads took: 0.0074640 seconds
151.664: Application time: 0.0816500 seconds
151.702: [GC [PSYoungGen: 10136K->323K(11264K)] 64245K->54511K(94208K), 0.0005480 secs] [Times: user=0.00 sys=0.00, real=0.00 secs] 
151.702: Total time for which application threads were stopped: 0.0379130 seconds, Stopping threads took: 0.0372950 seconds
151.783: Application time: 0.0804930 seconds
151.795: [GC [PSYoungGen: 9208K->646K(11264K)] 63396K->54843K(94208K), 0.0005460 secs] [Times: user=0.01 sys=0.00, real=0.00 secs] 
151.795: Total time for which application threads were stopped: 0.0127870 seconds, Stopping threads took: 0.0121720 seconds
151.874: Application time: 0.0785840 seconds
151.888: [GC [PSYoungGen: 9843K->1200K(11264K)] 64040K->55469K(94208K), 0.0006600 secs] [Times: user=0.00 sys=0.00, real=0.00 secs] 
151.888: Total time for which application threads were stopped: 0.0142260 seconds, Stopping threads took: 0.0134930 seconds
151.972: Application time: 0.0840370 seconds
152.008: [GC [PSYoungGen: 10300K->518K(11264K)] 64568K->54795K(94208K), 0.0006130 secs] [Times: user=0.00 sys=0.00, real=0.00 secs] 
152.009: Total time for which application threads were stopped: 0.0365540 seconds, Stopping threads took: 0.0358600 seconds
152.089: Application time: 0.0805410 seconds
152.100: [GC [PSYoungGen: 9715K->1232K(11264K)] 63992K->55517K(94208K), 0.0007020 secs] [Times: user=0.01 sys=0.00, real=0.00 secs] 
152.100: Total time for which application threads were stopped: 0.0110000 seconds, Stopping threads took: 0.0102030 seconds
152.182: Application time: 0.0818520 seconds
152.192: [GC [PSYoungGen: 10429K->1818K(11264K)] 64714K->56111K(94208K), 0.0007220 secs] [Times: user=0.01 sys=0.00, real=0.00 secs] 
152.192: Total time for which application threads were stopped: 0.0102140 seconds, Stopping threads took: 0.0094220 seconds
152.276: Application time: 0.0835620 seconds
152.311: [GC [PSYoungGen: 10996K->1232K(11264K)] 65288K->55533K(94208K), 0.0006780 secs] [Times: user=0.00 sys=0.00, real=0.00 secs] 
152.311: Total time for which application threads were stopped: 0.0352920 seconds, Stopping threads took: 0.0345450 seconds
152.393: Application time: 0.0812600 seconds
152.444: [GC [PSYoungGen: 10410K->646K(11264K)] 64710K->55011K(94208K), 0.0005770 secs] [Times: user=0.00 sys=0.00, real=0.00 secs] 
152.445: Total time for which application threads were stopped: 0.0519880 seconds, Stopping threads took: 0.0513450 seconds
152.528: Application time: 0.0829570 seconds
152.536: [GC [PSYoungGen: 9843K->1168K(11264K)] 64208K->55597K(94208K), 0.0007010 secs] [Times: user=0.00 sys=0.00, real=0.00 secs] 
152.537: Total time for which application threads were stopped: 0.0094820 seconds, Stopping threads took: 0.0086990 seconds
152.618: Application time: 0.0808730 seconds
152.654: [GC [PSYoungGen: 10268K->614K(11264K)] 64696K->55051K(94208K), 0.0007110 secs] [Times: user=0.00 sys=0.00, real=0.00 secs] 
152.655: Total time for which application threads were stopped: 0.0371670 seconds, Stopping threads took: 0.0363770 seconds
152.737: Application time: 0.0819430 seconds
152.749: [GC [PSYoungGen: 9811K->1168K(11264K)] 64248K->55613K(94208K), 0.0006760 secs] [Times: user=0.00 sys=0.00, real=0.00 secs] 
152.750: Total time for which application threads were stopped: 0.0126960 seconds, Stopping threads took: 0.0119290 seconds
152.833: Application time: 0.0836220 seconds
152.867: [GC [PSYoungGen: 10268K->614K(11264K)] 64712K->55067K(94208K), 0.0006850 secs] [Times: user=0.00 sys=0.00, real=0.00 secs] 
152.868: Total time for which application threads were stopped: 0.0346170 seconds, Stopping threads took: 0.0338420 seconds
152.950: Application time: 0.0821330 seconds
152.960: [GC [PSYoungGen: 9616K->973K(11264K)] 64069K->55433K(94208K), 0.0007060 secs] [Times: user=0.01 sys=0.00, real=0.00 secs] 
152.960: Total time for which application threads were stopped: 0.0103320 seconds, Stopping threads took: 0.0095590 seconds
153.042: Application time: 0.0813290 seconds
153.078: [GC [PSYoungGen: 10034K->256K(11264K)] 64494K->54724K(94208K), 0.0004180 secs] [Times: user=0.00 sys=0.00, real=0.01 secs] 
153.078: Total time for which application threads were stopped: 0.0365460 seconds, Stopping threads took: 0.0360540 seconds
153.156: Application time: 0.0776080 seconds
153.168: [GC [PSYoungGen: 9297K->451K(11264K)] 63765K->54999K(94208K), 0.0005720 secs] [Times: user=0.00 sys=0.00, real=0.00 secs] 
153.169: Total time for which application threads were stopped: 0.0128930 seconds, Stopping threads took: 0.0122510 seconds
153.245: Application time: 0.0757390 seconds
153.254: [GC [PSYoungGen: 9335K->646K(11264K)] 63884K->55311K(94208K), 0.0007160 secs] [Times: user=0.01 sys=0.00, real=0.00 secs] 
153.255: Total time for which application threads were stopped: 0.0103450 seconds, Stopping threads took: 0.0095580 seconds
153.336: Application time: 0.0808210 seconds
153.348: [GC [PSYoungGen: 9843K->1200K(11264K)] 64508K->55929K(94208K), 0.0007720 secs] [Times: user=0.01 sys=0.00, real=0.00 secs] 
153.349: Total time for which application threads were stopped: 0.0135090 seconds, Stopping threads took: 0.0126430 seconds
153.432: Application time: 0.0825070 seconds
153.467: [GC [PSYoungGen: 10300K->550K(11264K)] 65028K->55287K(94208K), 0.0005210 secs] [Times: user=0.00 sys=0.00, real=0.00 secs] 
153.468: Total time for which application threads were stopped: 0.0359110 seconds, Stopping threads took: 0.0353100 seconds
153.549: Application time: 0.0813150 seconds
153.561: [GC [PSYoungGen: 9747K->1200K(11264K)] 64484K->55945K(94208K), 0.0006270 secs] [Times: user=0.00 sys=0.00, real=0.00 secs] 
153.562: Total time for which application threads were stopped: 0.0129360 seconds, Stopping threads took: 0.0122380 seconds
153.645: Application time: 0.0826110 seconds
153.680: [GC [PSYoungGen: 10300K->646K(11264K)] 65044K->55399K(94208K), 0.0005180 secs] [Times: user=0.00 sys=0.00, real=0.00 secs] 
153.681: Total time for which application threads were stopped: 0.0365110 seconds, Stopping threads took: 0.0359120 seconds
153.763: Application time: 0.0821530 seconds
153.772: [GC [PSYoungGen: 9843K->1232K(11264K)] 64596K->55993K(94208K), 0.0007240 secs] [Times: user=0.01 sys=0.00, real=0.00 secs] 
153.773: Total time for which application threads were stopped: 0.0098520 seconds, Stopping threads took: 0.0090560 seconds
153.858: Application time: 0.0846110 seconds
153.893: [GC [PSYoungGen: 10410K->614K(11264K)] 65171K->55383K(94208K), 0.0004580 secs] [Times: user=0.01 sys=0.00, real=0.00 secs] 
153.894: Total time for which application threads were stopped: 0.0362380 seconds, Stopping threads took: 0.0357130 seconds
153.975: Application time: 0.0813040 seconds
153.986: [GC [PSYoungGen: 9694K->989K(11264K)] 64463K->55838K(94208K), 0.0006680 secs] [Times: user=0.00 sys=0.00, real=0.01 secs] 
153.987: Total time for which application threads were stopped: 0.0112810 seconds, Stopping threads took: 0.0105390 seconds
154.070: Application time: 0.0833470 seconds
154.079: [GC [PSYoungGen: 9991K->1395K(11264K)] 64839K->56308K(94208K), 0.0006790 secs] [Times: user=0.00 sys=0.00, real=0.00 secs] 
154.080: Total time for which application threads were stopped: 0.0097570 seconds, Stopping threads took: 0.0090040 seconds
154.161: Application time: 0.0816230 seconds
154.201: [GC [PSYoungGen: 10300K->646K(11264K)] 65212K->55575K(94208K), 0.0005120 secs] [Times: user=0.00 sys=0.00, real=0.00 secs] 
154.201: Total time for which application threads were stopped: 0.0401930 seconds, Stopping threads took: 0.0395990 seconds
154.283: Application time: 0.0818330 seconds
154.291: [GC [PSYoungGen: 9843K->1200K(11264K)] 64772K->56137K(94208K), 0.0007470 secs] [Times: user=0.00 sys=0.00, real=0.00 secs] 
154.292: Total time for which application threads were stopped: 0.0088030 seconds, Stopping threads took: 0.0079900 seconds
154.376: Application time: 0.0838470 seconds
154.410: [GC [PSYoungGen: 10300K->614K(11264K)] 65237K->55551K(94208K), 0.0005850 secs] [Times: user=0.00 sys=0.00, real=0.00 secs] 
154.411: Total time for which application threads were stopped: 0.0346970 seconds, Stopping threads took: 0.0340240 seconds
154.495: Application time: 0.0843920 seconds
154.499: [GC [PSYoungGen: 9811K->1200K(11264K)] 64748K->56145K(94208K), 0.0007160 secs] [Times: user=0.00 sys=0.00, real=0.00 secs] 
154.500: Total time for which application threads were stopped: 0.0051820 seconds, Stopping threads took: 0.0043950 seconds
154.583: Application time: 0.0831170 seconds
154.618: [GC [PSYoungGen: 10261K->451K(11264K)] 65206K->55396K(94208K), 0.0004350 secs] [Times: user=0.00 sys=0.00, real=0.01 secs] 
154.618: Total time for which application threads were stopped: 0.0349890 seconds, Stopping threads took: 0.0344840 seconds
154.698: Application time: 0.0794470 seconds
154.705: [GC [PSYoungGen: 9414K->582K(11264K)] 64359K->55615K(94208K), 0.0007310 secs] [Times: user=0.00 sys=0.00, real=0.00 secs] 
154.706: Total time for which application threads were stopped: 0.0082320 seconds, Stopping threads took: 0.0074140 seconds
154.787: Application time: 0.0810050 seconds
154.795: [GC [PSYoungGen: 9740K->1005K(11264K)] 64773K->56150K(94208K), 0.0007410 secs] [Times: user=0.01 sys=0.00, real=0.00 secs] 
154.796: Total time for which application threads were stopped: 0.0086560 seconds, Stopping threads took: 0.0078240 seconds
154.878: Application time: 0.0818540 seconds
154.915: [GC [PSYoungGen: 10104K->355K(11264K)] 65249K->55596K(94208K), 0.0005190 secs] [Times: user=0.01 sys=0.00, real=0.00 secs] 
154.915: Total time for which application threads were stopped: 0.0376660 seconds, Stopping threads took: 0.0370760 seconds
154.994: Application time: 0.0789520 seconds
155.003: [GC [PSYoungGen: 9552K->941K(11264K)] 64793K->56190K(94208K), 0.0005750 secs] [Times: user=0.00 sys=0.00, real=0.00 secs] 
155.004: Total time for which application threads were stopped: 0.0094690 seconds, Stopping threads took: 0.0088250 seconds
155.088: Application time: 0.0840070 seconds
155.124: [GC [PSYoungGen: 10040K->355K(11264K)] 65289K->55612K(94208K), 0.0004790 secs] [Times: user=0.00 sys=0.00, real=0.00 secs] 
155.124: Total time for which application threads were stopped: 0.0364900 seconds, Stopping threads took: 0.0359450 seconds
155.201: Application time: 0.0773180 seconds
155.208: [GC [PSYoungGen: 9552K->1037K(11264K)] 64809K->56302K(94208K), 0.0005470 secs] [Times: user=0.00 sys=0.00, real=0.00 secs] 
155.209: Total time for which application threads were stopped: 0.0075280 seconds, Stopping threads took: 0.0069050 seconds
155.291: Application time: 0.0824560 seconds
155.300: [GC [PSYoungGen: 10234K->1623K(11264K)] 65499K->56896K(94208K), 0.0007230 secs] [Times: user=0.00 sys=0.00, real=0.00 secs] 
155.300: Total time for which application threads were stopped: 0.0088940 seconds, Stopping threads took: 0.0080990 seconds
155.380: Application time: 0.0800610 seconds
155.390: [GC [PSYoungGen: 10722K->1916K(11264K)] 65995K->57392K(94208K), 0.0008810 secs] [Times: user=0.01 sys=0.00, real=0.00 secs] 
155.391: Total time for which application threads were stopped: 0.0104010 seconds, Stopping threads took: 0.0094440 seconds
155.463: Application time: 0.0719450 seconds
155.497: [GC [PSYoungGen: 11094K->419K(11776K)] 66570K->55895K(94720K), 0.0006800 secs] [Times: user=0.01 sys=0.00, real=0.00 secs] 
155.498: Total time for which application threads were stopped: 0.0353940 seconds, Stopping threads took: 0.0346230 seconds
155.573: Application time: 0.0744440 seconds
155.586: [GC [PSYoungGen: 9304K->598K(11776K)] 64780K->56147K(94720K), 0.0006020 secs] [Times: user=0.00 sys=0.00, real=0.00 secs] 
155.587: Total time for which application threads were stopped: 0.0145360 seconds, Stopping threads took: 0.0138660 seconds
155.667: Application time: 0.0794120 seconds
155.674: [GC [PSYoungGen: 9795K->1232K(11776K)] 65344K->56852K(94720K), 0.0006640 secs] [Times: user=0.00 sys=0.01, real=0.00 secs] 
155.675: Total time for which application threads were stopped: 0.0081090 seconds, Stopping threads took: 0.0073680 seconds
155.759: Application time: 0.0844560 seconds
155.792: [GC [PSYoungGen: 10332K->646K(10240K)] 65952K->56275K(93184K), 0.0005910 secs] [Times: user=0.01 sys=0.00, real=0.00 secs] 
155.793: Total time for which application threads were stopped: 0.0340160 seconds, Stopping threads took: 0.0333460 seconds
155.873: Application time: 0.0802480 seconds
155.881: [GC [PSYoungGen: 9843K->1200K(11264K)] 65472K->56836K(94208K), 0.0006340 secs] [Times: user=0.00 sys=0.00, real=0.00 secs] 
155.882: Total time for which application threads were stopped: 0.0084610 seconds, Stopping threads took: 0.0077520 seconds
155.961: Application time: 0.0791660 seconds
155.970: [GC [PSYoungGen: 10397K->1818K(11264K)] 66034K->57462K(94208K), 0.0009230 secs] [Times: user=0.01 sys=0.00, real=0.00 secs] 
155.971: Total time for which application threads were stopped: 0.0104460 seconds, Stopping threads took: 0.0094490 seconds
156.054: Application time: 0.0829490 seconds
156.100: [GC [PSYoungGen: 10879K->989K(11776K)] 66523K->56641K(94720K), 0.0006050 secs] [Times: user=0.01 sys=0.00, real=0.00 secs] 
156.100: Total time for which application threads were stopped: 0.0459890 seconds, Stopping threads took: 0.0453150 seconds
156.181: Application time: 0.0802610 seconds
156.215: [GC [PSYoungGen: 10050K->160K(11776K)] 65702K->55916K(94720K), 0.0006280 secs] [Times: user=0.00 sys=0.00, real=0.00 secs] 
156.215: Total time for which application threads were stopped: 0.0347410 seconds, Stopping threads took: 0.0340250 seconds
156.286: Application time: 0.0701990 seconds
156.293: [GC [PSYoungGen: 9318K->646K(11776K)] 65074K->56491K(94720K), 0.0006910 secs] [Times: user=0.00 sys=0.00, real=0.00 secs] 
156.294: Total time for which application threads were stopped: 0.0080370 seconds, Stopping threads took: 0.0072540 seconds
156.374: Application time: 0.0804750 seconds
156.385: [GC [PSYoungGen: 9843K->1168K(11776K)] 65688K->57101K(94720K), 0.0008100 secs] [Times: user=0.00 sys=0.00, real=0.00 secs] 
156.386: Total time for which application threads were stopped: 0.0120270 seconds, Stopping threads took: 0.0111140 seconds
156.468: Application time: 0.0817210 seconds
156.503: [GC [PSYoungGen: 10268K->550K(10752K)] 66200K->56491K(93696K), 0.0006820 secs] [Times: user=0.00 sys=0.00, real=0.00 secs] 
156.504: Total time for which application threads were stopped: 0.0363070 seconds, Stopping threads took: 0.0355380 seconds
156.586: Application time: 0.0815250 seconds
156.593: [GC [PSYoungGen: 9747K->1200K(11264K)] 65688K->57149K(94208K), 0.0006280 secs] [Times: user=0.00 sys=0.00, real=0.00 secs] 
156.594: Total time for which application threads were stopped: 0.0078830 seconds, Stopping threads took: 0.0071860 seconds
156.676: Application time: 0.0825040 seconds
156.686: [GC [PSYoungGen: 10300K->1688K(10752K)] 66248K->57653K(93696K), 0.0007930 secs] [Times: user=0.00 sys=0.00, real=0.01 secs] 
156.687: Total time for which application threads were stopped: 0.0106750 seconds, Stopping threads took: 0.0098130 seconds
156.768: Application time: 0.0810710 seconds
156.772: [GC [PSYoungGen: 10007K->1395K(11264K)] 65971K->57376K(94208K), 0.0007390 secs] [Times: user=0.00 sys=0.00, real=0.00 secs] 
156.773: Total time for which application threads were stopped: 0.0053060 seconds, Stopping threads took: 0.0044940 seconds
156.855: Application time: 0.0823140 seconds
156.865: [GC [PSYoungGen: 9909K->1330K(11264K)] 65889K->57326K(94208K), 0.0007030 secs] [Times: user=0.01 sys=0.00, real=0.00 secs] 
156.866: Total time for which application threads were stopped: 0.0103930 seconds, Stopping threads took: 0.0096140 seconds
156.945: Application time: 0.0793540 seconds
156.949: [GC [PSYoungGen: 9922K->1232K(11264K)] 65918K->57245K(94208K), 0.0006610 secs] [Times: user=0.00 sys=0.00, real=0.00 secs] 
156.949: Total time for which application threads were stopped: 0.0040920 seconds, Stopping threads took: 0.0033590 seconds
157.032: Application time: 0.0826470 seconds
157.039: [GC [PSYoungGen: 9843K->1232K(11264K)] 65856K->57301K(94208K), 0.0006400 secs] [Times: user=0.01 sys=0.00, real=0.00 secs] 
157.039: Total time for which application threads were stopped: 0.0074130 seconds, Stopping threads took: 0.0067050 seconds
157.121: Application time: 0.0816440 seconds
157.131: [GC [PSYoungGen: 9922K->1200K(10240K)] 65990K->57277K(93184K), 0.0007520 secs] [Times: user=0.00 sys=0.00, real=0.00 secs] 
157.132: Total time for which application threads were stopped: 0.0109070 seconds, Stopping threads took: 0.0100830 seconds
157.213: Application time: 0.0808840 seconds
157.221: [GC [PSYoungGen: 9811K->1200K(10752K)] 65888K->57341K(93696K), 0.0006710 secs] [Times: user=0.01 sys=0.00, real=0.00 secs] 
157.223: Total time for which application threads were stopped: 0.0103010 seconds, Stopping threads took: 0.0086220 seconds
157.302: Application time: 0.0792200 seconds
157.311: [GC [PSYoungGen: 9811K->1168K(10752K)] 65952K->57325K(93696K), 0.0007290 secs] [Times: user=0.00 sys=0.00, real=0.00 secs] 
157.312: Total time for which application threads were stopped: 0.0099240 seconds, Stopping threads took: 0.0090950 seconds
157.392: Application time: 0.0798790 seconds
157.396: [GC [PSYoungGen: 9779K->1168K(10752K)] 65936K->57333K(93696K), 0.0007650 secs] [Times: user=0.01 sys=0.00, real=0.00 secs] 
157.397: Total time for which application threads were stopped: 0.0051080 seconds, Stopping threads took: 0.0042630 seconds
157.479: Application time: 0.0816990 seconds
157.487: [GC [PSYoungGen: 9779K->1136K(10752K)] 65944K->57309K(93696K), 0.0007310 secs] [Times: user=0.01 sys=0.00, real=0.00 secs] 
157.488: Total time for which application threads were stopped: 0.0091530 seconds, Stopping threads took: 0.0083360 seconds
157.569: Application time: 0.0805210 seconds
157.574: [GC [PSYoungGen: 9787K->1005K(10752K)] 65959K->57185K(93696K), 0.0005910 secs] [Times: user=0.01 sys=0.00, real=0.00 secs] 
157.574: Total time for which application threads were stopped: 0.0056510 seconds, Stopping threads took: 0.0049850 seconds
157.654: Application time: 0.0796960 seconds
157.662: [GC [PSYoungGen: 9382K->646K(10752K)] 65562K->56951K(93696K), 0.0005440 secs] [Times: user=0.00 sys=0.00, real=0.00 secs] 
157.662: Total time for which application threads were stopped: 0.0081420 seconds, Stopping threads took: 0.0075240 seconds
157.744: Application time: 0.0822070 seconds
157.754: [GC [PSYoungGen: 9336K->582K(10752K)] 65640K->56991K(93696K), 0.0006400 secs] [Times: user=0.00 sys=0.00, real=0.00 secs] 
157.755: Total time for which application threads were stopped: 0.0102180 seconds, Stopping threads took: 0.0095120 seconds
157.835: Application time: 0.0809180 seconds
157.845: [GC [PSYoungGen: 9193K->614K(10752K)] 65602K->57095K(93696K), 0.0004830 secs] [Times: user=0.00 sys=0.00, real=0.00 secs] 
157.845: Total time for which application threads were stopped: 0.0096280 seconds, Stopping threads took: 0.0090790 seconds
157.924: Application time: 0.0792010 seconds
157.931: [GC [PSYoungGen: 9225K->646K(10752K)] 65706K->57127K(93696K), 0.0004830 secs] [Times: user=0.00 sys=0.00, real=0.00 secs] 
157.931: Total time for which application threads were stopped: 0.0069300 seconds, Stopping threads took: 0.0063840 seconds
158.010: Application time: 0.0788710 seconds
158.018: [GC [PSYoungGen: 9257K->646K(10752K)] 65738K->57135K(93696K), 0.0005270 secs] [Times: user=0.00 sys=0.00, real=0.00 secs] 
158.019: Total time for which application threads were stopped: 0.0088460 seconds, Stopping threads took: 0.0082390 seconds
158.097: Application time: 0.0782820 seconds
158.106: [GC [PSYoungGen: 9257K->582K(10752K)] 65746K->57079K(93696K), 0.0004900 secs] [Times: user=0.00 sys=0.00, real=0.00 secs] 
158.107: Total time for which application threads were stopped: 0.0094880 seconds, Stopping threads took: 0.0089290 seconds
158.183: Application time: 0.0764070 seconds
158.196: [GC [PSYoungGen: 9193K->614K(10752K)] 65690K->57119K(93696K), 0.0004580 secs] [Times: user=0.01 sys=0.00, real=0.00 secs] 
158.196: Total time for which application threads were stopped: 0.0128370 seconds, Stopping threads took: 0.0123130 seconds
158.276: Application time: 0.0805100 seconds
158.286: [GC [PSYoungGen: 9225K->646K(10752K)] 65730K->57159K(93696K), 0.0005250 secs] [Times: user=0.00 sys=0.00, real=0.00 secs] 
158.287: Total time for which application threads were stopped: 0.0103960 seconds, Stopping threads took: 0.0098070 seconds
158.369: Application time: 0.0819230 seconds
158.376: [GC [PSYoungGen: 9336K->646K(10752K)] 65848K->57167K(93696K), 0.0005130 secs] [Times: user=0.00 sys=0.00, real=0.00 secs] 
158.377: Total time for which application threads were stopped: 0.0076900 seconds, Stopping threads took: 0.0071110 seconds
158.457: Application time: 0.0806180 seconds
158.466: [GC [PSYoungGen: 9257K->646K(9728K)] 65778K->57231K(92672K), 0.0005130 secs] [Times: user=0.00 sys=0.00, real=0.01 secs] 
158.466: Total time for which application threads were stopped: 0.0093230 seconds, Stopping threads took: 0.0087460 seconds
158.544: Application time: 0.0778040 seconds
158.555: [GC [PSYoungGen: 9336K->646K(10240K)] 65920K->57247K(93184K), 0.0005400 secs] [Times: user=0.00 sys=0.00, real=0.00 secs] 
158.555: Total time for which application threads were stopped: 0.0109490 seconds, Stopping threads took: 0.0103280 seconds
158.630: Application time: 0.0751840 seconds
158.638: [GC [PSYoungGen: 9257K->582K(10240K)] 65858K->57255K(93184K), 0.0004790 secs] [Times: user=0.00 sys=0.00, real=0.01 secs] 
158.638: Total time for which application threads were stopped: 0.0080490 seconds, Stopping threads took: 0.0075010 seconds
158.719: Application time: 0.0802700 seconds
158.730: [GC [PSYoungGen: 9193K->582K(10240K)] 65866K->57263K(93184K), 0.0005120 secs] [Times: user=0.00 sys=0.00, real=0.00 secs] 
158.730: Total time for which application threads were stopped: 0.0113390 seconds, Stopping threads took: 0.0107560 seconds
158.808: Application time: 0.0774440 seconds
158.819: [GC [PSYoungGen: 9193K->646K(10240K)] 65874K->57335K(93184K), 0.0005850 secs] [Times: user=0.00 sys=0.00, real=0.00 secs] 
158.819: Total time for which application threads were stopped: 0.0118110 seconds, Stopping threads took: 0.0111590 seconds
158.902: Application time: 0.0826790 seconds
158.912: [GC [PSYoungGen: 9257K->614K(10240K)] 65946K->57311K(93184K), 0.0005020 secs] [Times: user=0.01 sys=0.00, real=0.00 secs] 
158.913: Total time for which application threads were stopped: 0.0105710 seconds, Stopping threads took: 0.0100050 seconds
158.993: Application time: 0.0802790 seconds
159.002: [GC [PSYoungGen: 9265K->419K(10240K)] 65962K->57132K(93184K), 0.0004560 secs] [Times: user=0.00 sys=0.00, real=0.00 secs] 
159.002: Total time for which application threads were stopped: 0.0091680 seconds, Stopping threads took: 0.0086450 seconds
159.082: Application time: 0.0796530 seconds
159.085: [GC [PSYoungGen: 8991K->256K(10240K)] 65704K->57092K(93184K), 0.0004400 secs] [Times: user=0.00 sys=0.00, real=0.00 secs] 
159.085: Total time for which application threads were stopped: 0.0033890 seconds, Stopping threads took: 0.0028730 seconds
159.165: Application time: 0.0797600 seconds
159.169: [GC [PSYoungGen: 8867K->192K(10240K)] 65704K->57141K(93184K), 0.0005520 secs] [Times: user=0.00 sys=0.00, real=0.00 secs] 
159.170: Total time for which application threads were stopped: 0.0049360 seconds, Stopping threads took: 0.0043010 seconds
159.242: Application time: 0.0720140 seconds
159.255: [GC [PSYoungGen: 8881K->192K(10240K)] 65830K->57149K(93184K), 0.0005940 secs] [Times: user=0.00 sys=0.00, real=0.00 secs] 
159.256: Total time for which application threads were stopped: 0.0142040 seconds, Stopping threads took: 0.0135240 seconds
159.324: Application time: 0.0675640 seconds
159.336: [GC [PSYoungGen: 8803K->128K(10240K)] 65760K->57141K(93184K), 0.0005230 secs] [Times: user=0.00 sys=0.00, real=0.00 secs] 
159.336: Total time for which application threads were stopped: 0.0127510 seconds, Stopping threads took: 0.0121410 seconds
159.414: Application time: 0.0779610 seconds
159.423: [GC [PSYoungGen: 8739K->192K(10240K)] 65752K->57213K(93184K), 0.0004130 secs] [Times: user=0.01 sys=0.00, real=0.00 secs] 
159.424: Total time for which application threads were stopped: 0.0095740 seconds, Stopping threads took: 0.0090950 seconds
159.501: Application time: 0.0773570 seconds
159.511: [GC [PSYoungGen: 8803K->192K(10240K)] 65824K->57221K(93184K), 0.0004780 secs] [Times: user=0.00 sys=0.00, real=0.00 secs] 
159.511: Total time for which application threads were stopped: 0.0102210 seconds, Stopping threads took: 0.0096720 seconds
159.591: Application time: 0.0791140 seconds
159.596: [GC [PSYoungGen: 8803K->128K(10240K)] 65832K->57165K(93184K), 0.0004330 secs] [Times: user=0.00 sys=0.00, real=0.00 secs] 
159.597: Total time for which application threads were stopped: 0.0062400 seconds, Stopping threads took: 0.0057340 seconds
159.676: Application time: 0.0790100 seconds
159.681: [GC [PSYoungGen: 8739K->128K(10240K)] 65776K->57173K(93184K), 0.0004620 secs] [Times: user=0.00 sys=0.00, real=0.00 secs] 
159.681: Total time for which application threads were stopped: 0.0051800 seconds, Stopping threads took: 0.0046460 seconds
159.760: Application time: 0.0790240 seconds
159.764: [GC [PSYoungGen: 8817K->192K(10240K)] 65862K->57237K(93184K), 0.0004720 secs] [Times: user=0.00 sys=0.00, real=0.00 secs] 
159.764: Total time for which application threads were stopped: 0.0042970 seconds, Stopping threads took: 0.0037580 seconds
159.841: Application time: 0.0767820 seconds
159.852: [GC [PSYoungGen: 8803K->192K(10240K)] 65848K->57309K(93184K), 0.0004220 secs] [Times: user=0.00 sys=0.00, real=0.00 secs] 
159.852: Total time for which application threads were stopped: 0.0108910 seconds, Stopping threads took: 0.0104050 seconds
159.932: Application time: 0.0796270 seconds
159.938: [GC [PSYoungGen: 8881K->192K(10240K)] 65998K->57317K(93184K), 0.0004450 secs] [Times: user=0.00 sys=0.00, real=0.01 secs] 
159.939: Total time for which application threads were stopped: 0.0069950 seconds, Stopping threads took: 0.0064800 seconds
160.004: Application time: 0.0653160 seconds
160.019: [GC [PSYoungGen: 8803K->192K(9216K)] 65928K->57389K(92160K), 0.0005470 secs] [Times: user=0.00 sys=0.00, real=0.00 secs] 
160.020: Total time for which application threads were stopped: 0.0158470 seconds, Stopping threads took: 0.0152380 seconds
160.102: Application time: 0.0824300 seconds
160.107: [GC [PSYoungGen: 8803K->224K(9728K)] 66000K->57429K(92672K), 0.0004480 secs] [Times: user=0.00 sys=0.00, real=0.00 secs] 
160.108: Total time for which application threads were stopped: 0.0054740 seconds, Stopping threads took: 0.0049450 seconds
160.186: Application time: 0.0779010 seconds
160.196: [GC [PSYoungGen: 8835K->160K(9728K)] 66040K->57373K(92672K), 0.0004800 secs] [Times: user=0.01 sys=0.00, real=0.00 secs] 
160.196: Total time for which application threads were stopped: 0.0104890 seconds, Stopping threads took: 0.0099440 seconds
160.273: Application time: 0.0769650 seconds
160.284: [GC [PSYoungGen: 8771K->256K(9728K)] 65984K->57485K(92672K), 0.0004480 secs] [Times: user=0.00 sys=0.00, real=0.00 secs] 
160.284: Total time for which application threads were stopped: 0.0112820 seconds, Stopping threads took: 0.0107740 seconds
160.287: Application time: 0.0026040 seconds
160.356: [GC [PSYoungGen: 8926K->939K(9216K)] 66155K->59544K(92160K), 0.0009500 secs] [Times: user=0.00 sys=0.00, real=0.00 secs] 
160.357: Total time for which application threads were stopped: 0.0696870 seconds, Stopping threads took: 0.0686640 seconds
160.438: Application time: 0.0811200 seconds
160.473: [GC [PSYoungGen: 9004K->451K(8704K)] 67608K->59143K(91648K), 0.0005480 secs] [Times: user=0.01 sys=0.00, real=0.00 secs] 
160.474: Total time for which application threads were stopped: 0.0362310 seconds, Stopping threads took: 0.0356140 seconds
160.483: Application time: 0.0090910 seconds
160.546: [GC [PSYoungGen: 8574K->973K(8704K)] 67266K->59789K(91648K), 0.0006340 secs] [Times: user=0.00 sys=0.00, real=0.00 secs] 
160.547: Total time for which application threads were stopped: 0.0640300 seconds, Stopping threads took: 0.0633210 seconds
160.552: Application time: 0.0050160 seconds
160.619: [GC [PSYoungGen: 8588K->973K(9216K)] 67405K->59797K(92160K), 0.0006510 secs] [Times: user=0.01 sys=0.00, real=0.00 secs] 
160.619: Total time for which application threads were stopped: 0.0673380 seconds, Stopping threads took: 0.0666090 seconds
160.621: Application time: 0.0011680 seconds
160.669: [GC [PSYoungGen: 8607K->1428K(8704K)] 67432K->65371K(91648K), 0.0018430 secs] [Times: user=0.01 sys=0.00, real=0.00 secs] 
160.671: Total time for which application threads were stopped: 0.0506870 seconds, Stopping threads took: 0.0487660 seconds
160.746: Application time: 0.0744970 seconds
160.806: [GC [PSYoungGen: 8476K->582K(9216K)] 72419K->64533K(92160K), 0.0006250 secs] [Times: user=0.00 sys=0.00, real=0.01 secs] 
160.807: Total time for which application threads were stopped: 0.0607870 seconds, Stopping threads took: 0.0600940 seconds
160.807: Application time: 0.0008330 seconds
160.808: [GC [PSYoungGen: 7631K->1527K(7680K)] 71582K->71573K(90624K), 0.0019660 secs] [Times: user=0.01 sys=0.00, real=0.00 secs] 
160.810: Total time for which application threads were stopped: 0.0024260 seconds, Stopping threads took: 0.0003530 seconds
160.909: Application time: 0.0989110 seconds
160.959: [GC [PSYoungGen: 7403K->518K(10240K)] 77449K->70588K(93184K), 0.0007600 secs] [Times: user=0.00 sys=0.00, real=0.00 secs] 
160.960: Total time for which application threads were stopped: 0.0510250 seconds, Stopping threads took: 0.0501990 seconds
160.960: Application time: 0.0006520 seconds
160.961: [GC [PSYoungGen: 6590K->3935K(11264K)] 76660K->76747K(94208K), 0.0017620 secs] [Times: user=0.01 sys=0.00, real=0.00 secs] 
160.963: Total time for which application threads were stopped: 0.0022290 seconds, Stopping threads took: 0.0003700 seconds
161.050: Application time: 0.0875850 seconds
161.117: [GC [PSYoungGen: 10983K->809K(11776K)] 83795K->73638K(94720K), 0.0007180 secs] [Times: user=0.01 sys=0.00, real=0.00 secs] 
161.118: Total time for which application threads were stopped: 0.0672850 seconds, Stopping threads took: 0.0665000 seconds
161.119: Application time: 0.0010350 seconds
161.152: [GC [PSYoungGen: 7956K->4455K(12288K)] 80784K->78667K(95232K), 0.0017470 secs] [Times: user=0.01 sys=0.00, real=0.00 secs] 
161.154: Total time for which application threads were stopped: 0.0352170 seconds, Stopping threads took: 0.0333810 seconds
161.231: Application time: 0.0769130 seconds
161.293: [GC [PSYoungGen: 11894K->1427K(13312K)] 86106K->75663K(96256K), 0.0014430 secs] [Times: user=0.01 sys=0.00, real=0.00 secs] 
161.295: Total time for which application threads were stopped: 0.0640230 seconds, Stopping threads took: 0.0624840 seconds
161.374: Application time: 0.0796810 seconds
161.379: [GC [PSYoungGen: 9023K->192K(14336K)] 83259K->74444K(97280K), 0.0006320 secs] [Times: user=0.00 sys=0.00, real=0.00 secs] 
161.380: Total time for which application threads were stopped: 0.0055430 seconds, Stopping threads took: 0.0048230 seconds
161.460: Application time: 0.0797820 seconds
161.468: [GC [PSYoungGen: 9193K->582K(14336K)] 83445K->74938K(97280K), 0.0006500 secs] [Times: user=0.00 sys=0.00, real=0.00 secs] 
161.468: Total time for which application threads were stopped: 0.0083690 seconds, Stopping threads took: 0.0076540 seconds
161.550: Application time: 0.0814980 seconds
161.558: [GC [PSYoungGen: 9779K->1232K(15360K)] 84135K->75588K(98304K), 0.0007250 secs] [Times: user=0.00 sys=0.00, real=0.00 secs] 
161.559: Total time for which application threads were stopped: 0.0094620 seconds, Stopping threads took: 0.0086670 seconds
161.651: Application time: 0.0917320 seconds
161.714: [GC [PSYoungGen: 12363K->403K(15872K)] 86719K->74767K(98816K), 0.0007090 secs] [Times: user=0.00 sys=0.00, real=0.00 secs] 
161.714: Total time for which application threads were stopped: 0.0634400 seconds, Stopping threads took: 0.0626340 seconds
161.797: Application time: 0.0823140 seconds
161.830: [GC [PSYoungGen: 11338K->1623K(17408K)] 85702K->76043K(100352K), 0.0007490 secs] [Times: user=0.00 sys=0.00, real=0.00 secs] 
161.831: Total time for which application threads were stopped: 0.0341620 seconds, Stopping threads took: 0.0333420 seconds
161.917: Application time: 0.0862240 seconds
161.986: [GC [PSYoungGen: 15390K->256K(17920K)] 89811K->74740K(100864K), 0.0004620 secs] [Times: user=0.00 sys=0.00, real=0.01 secs] 
161.986: Total time for which application threads were stopped: 0.0691650 seconds, Stopping threads took: 0.0686250 seconds
162.071: Application time: 0.0847590 seconds
162.134: [GC [PSYoungGen: 13711K->630K(20992K)] 88195K->75154K(103936K), 0.0006110 secs] [Times: user=0.00 sys=0.00, real=0.00 secs] 
162.135: Total time for which application threads were stopped: 0.0637920 seconds, Stopping threads took: 0.0631150 seconds
162.286: Application time: 0.1511110 seconds
162.300: [GC [PSYoungGen: 17445K->256K(20992K)] 91969K->74868K(103936K), 0.0005130 secs] [Times: user=0.00 sys=0.00, real=0.00 secs] 
162.302: Total time for which application threads were stopped: 0.0159010 seconds, Stopping threads took: 0.0142690 seconds
162.389: Application time: 0.0871750 seconds
162.458: [GC [PSYoungGen: 16856K->614K(23552K)] 91468K->75226K(106496K), 0.0005620 secs] [Times: user=0.00 sys=0.00, real=0.01 secs] 
162.459: Total time for which application threads were stopped: 0.0697800 seconds, Stopping threads took: 0.0691440 seconds
162.622: Application time: 0.1628600 seconds
162.670: [GC [PSYoungGen: 20945K->1623K(24064K)] 95557K->76291K(107008K), 0.0009610 secs] [Times: user=0.00 sys=0.00, real=0.00 secs] 
162.671: Total time for which application threads were stopped: 0.0492620 seconds, Stopping threads took: 0.0482100 seconds
162.840: Application time: 0.1690840 seconds
162.902: [GC [PSYoungGen: 21954K->451K(20992K)] 96622K->75119K(103936K), 0.0008480 secs] [Times: user=0.01 sys=0.00, real=0.00 secs] 
162.903: Total time for which application threads were stopped: 0.0631210 seconds, Stopping threads took: 0.0621660 seconds
163.076: Application time: 0.1732160 seconds
163.140: [GC [PSYoungGen: 20921K->224K(24064K)] 95589K->74892K(107008K), 0.0005110 secs] [Times: user=0.00 sys=0.00, real=0.00 secs] 
163.140: Total time for which application threads were stopped: 0.0638610 seconds, Stopping threads took: 0.0632850 seconds
163.294: Application time: 0.1539500 seconds
163.332: [GC [PSYoungGen: 20633K->1232K(23040K)] 95301K->76005K(105984K), 0.0007940 secs] [Times: user=0.01 sys=0.00, real=0.00 secs] 
163.333: Total time for which application threads were stopped: 0.0391040 seconds, Stopping threads took: 0.0382400 seconds
163.495: Application time: 0.1615210 seconds
163.547: [GC [PSYoungGen: 21622K->2047K(24064K)] 96394K->76884K(107008K), 0.0009120 secs] [Times: user=0.01 sys=0.00, real=0.00 secs] 
163.548: Total time for which application threads were stopped: 0.0531470 seconds, Stopping threads took: 0.0521450 seconds
163.707: Application time: 0.1594300 seconds
163.771: [GC [PSYoungGen: 22163K->614K(24064K)] 97000K->75547K(107008K), 0.0005760 secs] [Times: user=0.00 sys=0.00, real=0.00 secs] 
163.772: Total time for which application threads were stopped: 0.0644590 seconds, Stopping threads took: 0.0638020 seconds
163.932: Application time: 0.1603780 seconds
163.987: [GC [PSYoungGen: 20926K->419K(24064K)] 95858K->75415K(107008K), 0.0006570 secs] [Times: user=0.00 sys=0.01, real=0.00 secs] 
163.988: Total time for which application threads were stopped: 0.0554620 seconds, Stopping threads took: 0.0547160 seconds
164.161: Application time: 0.1736700 seconds
164.216: [GC [PSYoungGen: 20847K->355K(23040K)] 95844K->75415K(105984K), 0.0007200 secs] [Times: user=0.01 sys=0.00, real=0.00 secs] 
164.217: Total time for which application threads were stopped: 0.0557900 seconds, Stopping threads took: 0.0549740 seconds
164.380: Application time: 0.1626080 seconds
164.428: [GC [PSYoungGen: 20725K->1232K(23552K)] 95786K->76293K(106496K), 0.0007170 secs] [Times: user=0.00 sys=0.00, real=0.00 secs] 
164.429: Total time for which application threads were stopped: 0.0492340 seconds, Stopping threads took: 0.0484410 seconds
164.590: Application time: 0.1606830 seconds
164.625: [GC [PSYoungGen: 21661K->1232K(23552K)] 96721K->76433K(106496K), 0.0008360 secs] [Times: user=0.01 sys=0.00, real=0.00 secs] 
164.626: Total time for which application threads were stopped: 0.0361550 seconds, Stopping threads took: 0.0352340 seconds
164.788: Application time: 0.1620860 seconds
164.843: [GC [PSYoungGen: 21624K->1037K(23552K)] 96824K->76237K(106496K), 0.0006450 secs] [Times: user=0.00 sys=0.00, real=0.00 secs] 
164.843: Total time for which application threads were stopped: 0.0553920 seconds, Stopping threads took: 0.0546690 seconds
164.998: Application time: 0.1543260 seconds
165.035: [GC [PSYoungGen: 21153K->646K(22528K)] 96353K->75943K(105472K), 0.0005620 secs] [Times: user=0.00 sys=0.00, real=0.00 secs] 
165.036: Total time for which application threads were stopped: 0.0379680 seconds, Stopping threads took: 0.0373380 seconds
165.213: Application time: 0.1777560 seconds
165.269: [GC [PSYoungGen: 20960K->451K(23040K)] 96256K->75812K(105984K), 0.0006000 secs] [Times: user=0.00 sys=0.00, real=0.00 secs] 
165.269: Total time for which application threads were stopped: 0.0559750 seconds, Stopping threads took: 0.0552960 seconds
165.445: Application time: 0.1755350 seconds
165.511: [GC [PSYoungGen: 20879K->419K(23040K)] 96240K->75844K(105984K), 0.0005250 secs] [Times: user=0.01 sys=0.00, real=0.00 secs] 
165.511: Total time for which application threads were stopped: 0.0664730 seconds, Stopping threads took: 0.0658690 seconds
165.676: Application time: 0.1643610 seconds
165.732: [GC [PSYoungGen: 20808K->256K(23040K)] 96233K->75680K(105984K), 0.0005090 secs] [Times: user=0.00 sys=0.00, real=0.00 secs] 
165.733: Total time for which application threads were stopped: 0.0572580 seconds, Stopping threads took: 0.0566770 seconds
165.900: Application time: 0.1667400 seconds
165.951: [GC [PSYoungGen: 20549K->1037K(23040K)] 95974K->76550K(105984K), 0.0006180 secs] [Times: user=0.00 sys=0.00, real=0.00 secs] 
165.951: Total time for which application threads were stopped: 0.0517530 seconds, Stopping threads took: 0.0510630 seconds
166.121: Application time: 0.1694820 seconds
166.175: [GC [PSYoungGen: 21465K->1005K(23040K)] 96978K->76606K(105984K), 0.0006340 secs] [Times: user=0.01 sys=0.00, real=0.00 secs] 
166.175: Total time for which application threads were stopped: 0.0543010 seconds, Stopping threads took: 0.0535890 seconds
166.335: Application time: 0.1597700 seconds
166.378: [GC [PSYoungGen: 21199K->646K(23040K)] 96800K->76247K(105984K), 0.0006880 secs] [Times: user=0.00 sys=0.00, real=0.00 secs] 
166.379: Total time for which application threads were stopped: 0.0442010 seconds, Stopping threads took: 0.0434420 seconds
166.551: Application time: 0.1716200 seconds
166.609: [GC [PSYoungGen: 20958K->387K(20992K)] 96559K->76084K(103936K), 0.0007180 secs] [Times: user=0.00 sys=0.00, real=0.00 secs] 
166.610: Total time for which application threads were stopped: 0.0588450 seconds, Stopping threads took: 0.0580370 seconds
166.769: Application time: 0.1596690 seconds
166.816: [GC [PSYoungGen: 20698K->224K(22528K)] 96395K->75976K(105472K), 0.0005280 secs] [Times: user=0.00 sys=0.01, real=0.00 secs] 
166.816: Total time for which application threads were stopped: 0.0470830 seconds, Stopping threads took: 0.0464640 seconds
166.973: Application time: 0.1562610 seconds
167.026: [GC [PSYoungGen: 20554K->1136K(22528K)] 96307K->76937K(105472K), 0.0010250 secs] [Times: user=0.01 sys=0.00, real=0.00 secs] 
167.027: Total time for which application threads were stopped: 0.0546800 seconds, Stopping threads took: 0.0535590 seconds
167.189: Application time: 0.1618770 seconds
167.222: [GC [PSYoungGen: 21526K->1037K(22528K)] 97327K->76838K(105472K), 0.0008890 secs] [Times: user=0.01 sys=0.00, real=0.00 secs] 
167.223: Total time for which application threads were stopped: 0.0337690 seconds, Stopping threads took: 0.0328050 seconds
167.380: Application time: 0.1573920 seconds
167.418: [GC [PSYoungGen: 21446K->2013K(22528K)] 97247K->77907K(105472K), 0.0009540 secs] [Times: user=0.00 sys=0.00, real=0.01 secs] 
167.420: Total time for which application threads were stopped: 0.0391030 seconds, Stopping threads took: 0.0374950 seconds
167.584: Application time: 0.1641460 seconds
167.647: [GC [PSYoungGen: 22229K->646K(23040K)] 98122K->76611K(105984K), 0.0006090 secs] [Times: user=0.01 sys=0.00, real=0.00 secs] 
167.648: Total time for which application threads were stopped: 0.0642390 seconds, Stopping threads took: 0.0635590 seconds
167.823: Application time: 0.1753760 seconds
167.883: [GC [PSYoungGen: 21118K->483K(23040K)] 97083K->76504K(105984K), 0.0005090 secs] [Times: user=0.00 sys=0.00, real=0.00 secs] 
167.884: Total time for which application threads were stopped: 0.0603990 seconds, Stopping threads took: 0.0598170 seconds
168.048: Application time: 0.1645220 seconds
168.110: [GC [PSYoungGen: 20794K->256K(23040K)] 96816K->76413K(105984K), 0.0004910 secs] [Times: user=0.01 sys=0.00, real=0.00 secs] 
168.111: Total time for which application threads were stopped: 0.0623240 seconds, Stopping threads took: 0.0617580 seconds
168.269: Application time: 0.1589000 seconds
168.321: [GC [PSYoungGen: 20586K->1232K(23040K)] 96744K->77461K(105984K), 0.0006220 secs] [Times: user=0.01 sys=0.00, real=0.00 secs] 
168.321: Total time for which application threads were stopped: 0.0517930 seconds, Stopping threads took: 0.0511030 seconds
168.484: Application time: 0.1623410 seconds
168.529: [GC [PSYoungGen: 21661K->2242K(23040K)] 97890K->78472K(105984K), 0.0009630 secs] [Times: user=0.01 sys=0.00, real=0.00 secs] 
168.530: Total time for which application threads were stopped: 0.0459690 seconds, Stopping threads took: 0.0449270 seconds
168.694: Application time: 0.1644150 seconds
168.758: [GC [PSYoungGen: 22634K->1037K(23040K)] 98863K->77266K(105984K), 0.0006780 secs] [Times: user=0.01 sys=0.00, real=0.01 secs] 
168.759: Total time for which application threads were stopped: 0.0647600 seconds, Stopping threads took: 0.0640000 seconds
168.922: Application time: 0.1635650 seconds
168.959: [GC [PSYoungGen: 21427K->841K(23040K)] 97656K->77151K(105984K), 0.0005780 secs] [Times: user=0.00 sys=0.00, real=0.00 secs] 
168.960: Total time for which application threads were stopped: 0.0375550 seconds, Stopping threads took: 0.0369080 seconds
169.127: Application time: 0.1674400 seconds
169.179: [GC [PSYoungGen: 21235K->614K(23040K)] 97544K->77020K(105984K), 0.0005660 secs] [Times: user=0.00 sys=0.00, real=0.00 secs] 
169.180: Total time for which application threads were stopped: 0.0524170 seconds, Stopping threads took: 0.0517620 seconds
169.337: Application time: 0.1572810 seconds
169.371: [GC [PSYoungGen: 20925K->387K(23040K)] 97331K->76888K(105984K), 0.0005340 secs] [Times: user=0.01 sys=0.00, real=0.00 secs] 
169.372: Total time for which application threads were stopped: 0.0346270 seconds, Stopping threads took: 0.0339910 seconds
169.544: Application time: 0.1720120 seconds
169.579: [GC [PSYoungGen: 20700K->192K(23040K)] 97202K->76773K(105984K), 0.0004840 secs] [Times: user=0.00 sys=0.00, real=0.00 secs] 
169.580: Total time for which application threads were stopped: 0.0360510 seconds, Stopping threads took: 0.0354760 seconds
169.739: Application time: 0.1588290 seconds
169.775: [GC [PSYoungGen: 20620K->192K(23040K)] 97202K->76845K(105984K), 0.0004790 secs] [Times: user=0.00 sys=0.00, real=0.00 secs] 
169.776: Total time for which application threads were stopped: 0.0371690 seconds, Stopping threads took: 0.0366110 seconds
169.938: Application time: 0.1622090 seconds
169.970: [GC [PSYoungGen: 20327K->2111K(23040K)] 96981K->78765K(105984K), 0.0009000 secs] [Times: user=0.01 sys=0.00, real=0.00 secs] 
169.971: Total time for which application threads were stopped: 0.0330830 seconds, Stopping threads took: 0.0321040 seconds
170.131: Application time: 0.1603000 seconds
170.185: [GC [PSYoungGen: 22403K->1818K(22528K)] 99056K->78472K(105472K), 0.0009090 secs] [Times: user=0.00 sys=0.00, real=0.00 secs] 
170.186: Total time for which application threads were stopped: 0.0544360 seconds, Stopping threads took: 0.0534290 seconds
170.355: Application time: 0.1696730 seconds
170.407: [GC [PSYoungGen: 21700K->1005K(20992K)] 98354K->77746K(103936K), 0.0007240 secs] [Times: user=0.00 sys=0.00, real=0.00 secs] 
170.408: Total time for which application threads were stopped: 0.0524240 seconds, Stopping threads took: 0.0516100 seconds
170.573: Application time: 0.1651620 seconds
170.628: [GC [PSYoungGen: 20928K->451K(22528K)] 97669K->77313K(105472K), 0.0006170 secs] [Times: user=0.00 sys=0.00, real=0.00 secs] 
170.629: Total time for which application threads were stopped: 0.0557080 seconds, Stopping threads took: 0.0550080 seconds
170.789: Application time: 0.1598780 seconds
170.820: [GC [PSYoungGen: 20256K->1818K(22528K)] 97118K->78736K(105472K), 0.0008400 secs] [Times: user=0.00 sys=0.00, real=0.00 secs] 
170.821: Total time for which application threads were stopped: 0.0324980 seconds, Stopping threads took: 0.0315800 seconds
170.984: Application time: 0.1629790 seconds
171.043: [GC [PSYoungGen: 21661K->1200K(22016K)] 98578K->78206K(104960K), 0.0007240 secs] [Times: user=0.00 sys=0.00, real=0.00 secs] 
171.044: Total time for which application threads were stopped: 0.0599820 seconds, Stopping threads took: 0.0591750 seconds
171.205: Application time: 0.1612070 seconds
171.253: [GC [PSYoungGen: 21043K->614K(22528K)] 98048K->77620K(105472K), 0.0009780 secs] [Times: user=0.00 sys=0.00, real=0.00 secs] 
171.254: Total time for which application threads were stopped: 0.0483630 seconds, Stopping threads took: 0.0472860 seconds
171.417: Application time: 0.1630920 seconds
171.452: [GC [PSYoungGen: 20437K->1037K(22528K)] 97443K->78043K(105472K), 0.0006810 secs] [Times: user=0.00 sys=0.00, real=0.00 secs] 
171.453: Total time for which application threads were stopped: 0.0362320 seconds, Stopping threads took: 0.0354580 seconds
171.615: Application time: 0.1623330 seconds
171.650: [GC [PSYoungGen: 20958K->1525K(22528K)] 97963K->78595K(105472K), 0.0008430 secs] [Times: user=0.00 sys=0.01, real=0.00 secs] 
171.651: Total time for which application threads were stopped: 0.0353800 seconds, Stopping threads took: 0.0344400 seconds
171.809: Application time: 0.1587670 seconds
171.857: [GC [PSYoungGen: 21309K->678K(22528K)] 98379K->77804K(105472K), 0.0006360 secs] [Times: user=0.00 sys=0.00, real=0.00 secs] 
171.858: Total time for which application threads were stopped: 0.0481500 seconds, Stopping threads took: 0.0474120 seconds
172.020: Application time: 0.1621080 seconds
172.054: [GC [PSYoungGen: 20579K->1037K(22528K)] 97705K->78291K(105472K), 0.0007110 secs] [Times: user=0.00 sys=0.00, real=0.00 secs] 
172.055: Total time for which application threads were stopped: 0.0348330 seconds, Stopping threads took: 0.0340460 seconds
172.217: Application time: 0.1626780 seconds
172.253: [GC [PSYoungGen: 20879K->1493K(22528K)] 98133K->78835K(105472K), 0.0008030 secs] [Times: user=0.00 sys=0.00, real=0.00 secs] 
172.254: Total time for which application threads were stopped: 0.0369030 seconds, Stopping threads took: 0.0360250 seconds
172.417: Application time: 0.1630710 seconds
172.469: [GC [PSYoungGen: 21121K->550K(22528K)] 98463K->77892K(105472K), 0.0005510 secs] [Times: user=0.00 sys=0.00, real=0.00 secs] 
172.470: Total time for which application threads were stopped: 0.0529990 seconds, Stopping threads took: 0.0513320 seconds
172.636: Application time: 0.1654510 seconds
172.681: [GC [PSYoungGen: 20490K->1232K(22528K)] 97832K->78638K(105472K), 0.0008290 secs] [Times: user=0.01 sys=0.00, real=0.00 secs] 
172.682: Total time for which application threads were stopped: 0.0461590 seconds, Stopping threads took: 0.0452410 seconds
172.841: Application time: 0.1593530 seconds
172.879: [GC [PSYoungGen: 21075K->1656K(22528K)] 98481K->79063K(105472K), 0.0008950 secs] [Times: user=0.01 sys=0.00, real=0.00 secs] 
172.880: Total time for which application threads were stopped: 0.0389300 seconds, Stopping threads took: 0.0379400 seconds
173.039: Application time: 0.1584120 seconds
173.077: [GC [PSYoungGen: 21442K->809K(22528K)] 98849K->78216K(105472K), 0.0005730 secs] [Times: user=0.00 sys=0.00, real=0.00 secs] 
173.077: Total time for which application threads were stopped: 0.0387240 seconds, Stopping threads took: 0.0380740 seconds
173.240: Application time: 0.1627980 seconds
173.288: [GC [PSYoungGen: 20632K->1232K(22528K)] 98038K->78762K(105472K), 0.0009900 secs] [Times: user=0.01 sys=0.00, real=0.00 secs] 
173.289: Total time for which application threads were stopped: 0.0485640 seconds, Stopping threads took: 0.0474800 seconds
173.456: Application time: 0.1671520 seconds
173.516: [GC [PSYoungGen: 21114K->419K(22528K)] 98644K->78013K(105472K), 0.0006640 secs] [Times: user=0.00 sys=0.00, real=0.00 secs] 
173.517: Total time for which application threads were stopped: 0.0613350 seconds, Stopping threads took: 0.0605800 seconds
173.680: Application time: 0.1627130 seconds
173.715: [GC [PSYoungGen: 20359K->941K(22528K)] 97953K->78663K(105472K), 0.0008300 secs] [Times: user=0.00 sys=0.00, real=0.00 secs] 
173.716: Total time for which application threads were stopped: 0.0358180 seconds, Stopping threads took: 0.0348890 seconds
173.877: Application time: 0.1608800 seconds
173.909: [GC [PSYoungGen: 20764K->1395K(22528K)] 98486K->79118K(105472K), 0.0007090 secs] [Times: user=0.00 sys=0.00, real=0.00 secs] 
173.910: Total time for which application threads were stopped: 0.0331020 seconds, Stopping threads took: 0.0323030 seconds
174.060: Application time: 0.1501130 seconds
174.094: [GC [PSYoungGen: 21238K->809K(20992K)] 98960K->78588K(103936K), 0.0006490 secs] [Times: user=0.00 sys=0.00, real=0.00 secs] 
174.094: Total time for which application threads were stopped: 0.0345220 seconds, Stopping threads took: 0.0337870 seconds
174.254: Application time: 0.1601430 seconds
174.287: [GC [PSYoungGen: 20730K->1330K(21504K)] 98508K->79108K(104448K), 0.0008090 secs] [Times: user=0.01 sys=0.00, real=0.00 secs] 
174.288: Total time for which application threads were stopped: 0.0336900 seconds, Stopping threads took: 0.0328020 seconds
174.437: Application time: 0.1490050 seconds
174.442: [GC [PSYoungGen: 20745K->2420K(22016K)] 98523K->81239K(104960K), 0.0012580 secs] [Times: user=0.01 sys=0.00, real=0.00 secs] 
174.443: Total time for which application threads were stopped: 0.0062890 seconds, Stopping threads took: 0.0049530 seconds
174.593: Application time: 0.1496480 seconds
174.657: [GC [PSYoungGen: 21853K->1200K(22016K)] 100672K->80107K(104960K), 0.0006980 secs] [Times: user=0.00 sys=0.00, real=0.00 secs] 
174.657: Total time for which application threads were stopped: 0.0642140 seconds, Stopping threads took: 0.0634470 seconds
174.816: Application time: 0.1587530 seconds
174.853: [GC [PSYoungGen: 20594K->1037K(22016K)] 99501K->79992K(104960K), 0.0006570 secs] [Times: user=0.00 sys=0.00, real=0.00 secs] 
174.854: Total time for which application threads were stopped: 0.0376520 seconds, Stopping threads took: 0.0369180 seconds
175.013: Application time: 0.1594190 seconds
175.048: [GC [PSYoungGen: 20391K->1037K(22016K)] 99346K->80112K(104960K), 0.0006820 secs] [Times: user=0.00 sys=0.00, real=0.00 secs] 
175.049: Total time for which application threads were stopped: 0.0353980 seconds, Stopping threads took: 0.0346430 seconds
175.208: Application time: 0.1590600 seconds
175.240: [GC [PSYoungGen: 20469K->1005K(22016K)] 99544K->80080K(104960K), 0.0006590 secs] [Times: user=0.00 sys=0.00, real=0.00 secs] 
175.241: Total time for which application threads were stopped: 0.0332900 seconds, Stopping threads took: 0.0325590 seconds
175.404: Application time: 0.1631970 seconds
175.445: [GC [PSYoungGen: 20359K->1037K(20992K)] 99434K->80176K(103936K), 0.0006400 secs] [Times: user=0.00 sys=0.00, real=0.00 secs] 
175.445: Total time for which application threads were stopped: 0.0413390 seconds, Stopping threads took: 0.0406200 seconds
175.606: Application time: 0.1606330 seconds
175.644: [GC [PSYoungGen: 20391K->973K(21504K)] 99530K->80112K(104448K), 0.0006830 secs] [Times: user=0.00 sys=0.00, real=0.00 secs] 
175.645: Total time for which application threads were stopped: 0.0384420 seconds, Stopping threads took: 0.0376870 seconds
175.805: Application time: 0.1600850 seconds
175.840: [GC [PSYoungGen: 20173K->614K(21504K)] 99312K->79753K(104448K), 0.0007330 secs] [Times: user=0.01 sys=0.00, real=0.00 secs] 
175.840: Total time for which application threads were stopped: 0.0358970 seconds, Stopping threads took: 0.0350930 seconds
176.007: Application time: 0.1669830 seconds
176.040: [GC [PSYoungGen: 20047K->582K(21504K)] 99186K->79833K(104448K), 0.0006840 secs] [Times: user=0.01 sys=0.00, real=0.00 secs] 
176.040: Total time for which application threads were stopped: 0.0327800 seconds, Stopping threads took: 0.0319910 seconds
176.202: Application time: 0.1615880 seconds
176.238: [GC [PSYoungGen: 19898K->387K(21504K)] 99149K->79702K(104448K), 0.0007400 secs] [Times: user=0.00 sys=0.00, real=0.01 secs] 
176.239: Total time for which application threads were stopped: 0.0369280 seconds, Stopping threads took: 0.0360970 seconds
176.396: Application time: 0.1567990 seconds
176.427: [GC [PSYoungGen: 19802K->1427K(21504K)] 99117K->80839K(104448K), 0.0007300 secs] [Times: user=0.00 sys=0.00, real=0.00 secs] 
176.428: Total time for which application threads were stopped: 0.0326420 seconds, Stopping threads took: 0.0318110 seconds
176.587: Application time: 0.1590840 seconds
176.625: [GC [PSYoungGen: 20879K->387K(21504K)] 100291K->79894K(104448K), 0.0006600 secs] [Times: user=0.00 sys=0.00, real=0.00 secs] 
176.626: Total time for which application threads were stopped: 0.0386060 seconds, Stopping threads took: 0.0378480 seconds
176.786: Application time: 0.1598040 seconds
176.799: [GC [PSYoungGen: 19741K->1981K(21504K)] 99249K->82075K(104448K), 0.0011950 secs] [Times: user=0.00 sys=0.00, real=0.00 secs] 
176.801: Total time for which application threads were stopped: 0.0148400 seconds, Stopping threads took: 0.0135710 seconds
176.961: Application time: 0.1605820 seconds
176.996: [GC [PSYoungGen: 21336K->1461K(22016K)] 101429K->81555K(104960K), 0.0009190 secs] [Times: user=0.00 sys=0.00, real=0.00 secs] 
176.997: Total time for which application threads were stopped: 0.0360020 seconds, Stopping threads took: 0.0349880 seconds
177.149: Application time: 0.1518610 seconds
177.196: [GC [PSYoungGen: 20776K->224K(22016K)] 100870K->80317K(104960K), 0.0005120 secs] [Times: user=0.00 sys=0.00, real=0.00 secs] 
177.196: Total time for which application threads were stopped: 0.0471870 seconds, Stopping threads took: 0.0465790 seconds
177.364: Application time: 0.1681740 seconds
177.397: [GC [PSYoungGen: 19639K->1232K(22016K)] 99732K->81430K(104960K), 0.0007240 secs] [Times: user=0.01 sys=0.00, real=0.00 secs] 
177.398: Total time for which application threads were stopped: 0.0331700 seconds, Stopping threads took: 0.0323700 seconds
177.549: Application time: 0.1515590 seconds
177.584: [GC [PSYoungGen: 20665K->1232K(22016K)] 100862K->81526K(104960K), 0.0006940 secs] [Times: user=0.00 sys=0.00, real=0.00 secs] 
177.585: Total time for which application threads were stopped: 0.0359850 seconds, Stopping threads took: 0.0343500 seconds
177.750: Application time: 0.1648200 seconds
177.784: [GC [PSYoungGen: 20626K->1037K(22016K)] 100920K->81378K(104960K), 0.0008340 secs] [Times: user=0.00 sys=0.00, real=0.00 secs] 
177.785: Total time for which application threads were stopped: 0.0349410 seconds, Stopping threads took: 0.0340280 seconds
177.945: Application time: 0.1606180 seconds
177.991: [GC [PSYoungGen: 20391K->1005K(20480K)] 100733K->81474K(103424K), 0.0006350 secs] [Times: user=0.00 sys=0.00, real=0.00 secs] 
177.992: Total time for which application threads were stopped: 0.0461340 seconds, Stopping threads took: 0.0454320 seconds
178.154: Application time: 0.1623400 seconds
178.204: [GC [PSYoungGen: 20359K->973K(21504K)] 100829K->81442K(104448K), 0.0006420 secs] [Times: user=0.01 sys=0.00, real=0.00 secs] 
178.205: Total time for which application threads were stopped: 0.0511210 seconds, Stopping threads took: 0.0504040 seconds
178.367: Application time: 0.1618530 seconds
178.415: [GC [PSYoungGen: 20327K->1037K(21504K)] 100797K->81506K(104448K), 0.0006460 secs] [Times: user=0.00 sys=0.00, real=0.00 secs] 
178.415: Total time for which application threads were stopped: 0.0482500 seconds, Stopping threads took: 0.0474990 seconds
178.567: Application time: 0.1514810 seconds
178.603: [GC [PSYoungGen: 20352K->841K(21504K)] 100822K->81311K(104448K), 0.0007090 secs] [Times: user=0.01 sys=0.00, real=0.00 secs] 
178.603: Total time for which application threads were stopped: 0.0365600 seconds, Stopping threads took: 0.0357800 seconds
178.763: Application time: 0.1595290 seconds
178.800: [GC [PSYoungGen: 20176K->1818K(21504K)] 100646K->82376K(104448K), 0.0008580 secs] [Times: user=0.00 sys=0.00, real=0.00 secs] 
178.801: Total time for which application threads were stopped: 0.0384200 seconds, Stopping threads took: 0.0374900 seconds
178.964: Application time: 0.1629200 seconds
179.020: [GC [PSYoungGen: 21231K->646K(21504K)] 101789K->81268K(104448K), 0.0005600 secs] [Times: user=0.01 sys=0.00, real=0.00 secs] 
179.020: Total time for which application threads were stopped: 0.0561950 seconds, Stopping threads took: 0.0555600 seconds
179.188: Application time: 0.1676760 seconds
179.226: [GC [PSYoungGen: 20079K->614K(21504K)] 100700K->81340K(104448K), 0.0005760 secs] [Times: user=0.00 sys=0.00, real=0.01 secs] 
179.226: Total time for which application threads were stopped: 0.0382180 seconds, Stopping threads took: 0.0375500 seconds
179.396: Application time: 0.1694680 seconds
179.430: [GC [PSYoungGen: 19932K->451K(21504K)] 100657K->81241K(104448K), 0.0004820 secs] [Times: user=0.01 sys=0.00, real=0.00 secs] 
179.430: Total time for which application threads were stopped: 0.0343440 seconds, Stopping threads took: 0.0337930 seconds
179.605: Application time: 0.1744870 seconds
179.650: [GC [PSYoungGen: 19805K->451K(21504K)] 100595K->81337K(104448K), 0.0005250 secs] [Times: user=0.00 sys=0.00, real=0.00 secs] 
179.650: Total time for which application threads were stopped: 0.0458950 seconds, Stopping threads took: 0.0452690 seconds
179.817: Application time: 0.1667380 seconds
179.865: [GC [PSYoungGen: 19805K->451K(21504K)] 100691K->81337K(104448K), 0.0005340 secs] [Times: user=0.01 sys=0.00, real=0.00 secs] 
179.866: Total time for which application threads were stopped: 0.0484790 seconds, Stopping threads took: 0.0478770 seconds
180.032: Application time: 0.1665020 seconds
180.065: [GC [PSYoungGen: 19768K->256K(21504K)] 100654K->81141K(104448K), 0.0004930 secs] [Times: user=0.00 sys=0.00, real=0.00 secs] 
180.066: Total time for which application threads were stopped: 0.0337260 seconds, Stopping threads took: 0.0331650 seconds
180.232: Application time: 0.1660160 seconds
180.268: [GC [PSYoungGen: 19669K->1232K(21504K)] 100555K->82214K(104448K), 0.0008110 secs] [Times: user=0.00 sys=0.00, real=0.00 secs] 
180.268: Total time for which application threads were stopped: 0.0365770 seconds, Stopping threads took: 0.0356820 seconds
180.432: Application time: 0.1634810 seconds
180.480: [GC [PSYoungGen: 20684K->192K(21504K)] 101666K->81278K(104448K), 0.0004970 secs] [Times: user=0.00 sys=0.00, real=0.00 secs] 
180.480: Total time for which application threads were stopped: 0.0484310 seconds, Stopping threads took: 0.0478620 seconds
180.656: Application time: 0.1752890 seconds
180.687: [GC [PSYoungGen: 19607K->1200K(21504K)] 100693K->82286K(104448K), 0.0006660 secs] [Times: user=0.00 sys=0.00, real=0.00 secs] 
180.688: Total time for which application threads were stopped: 0.0318820 seconds, Stopping threads took: 0.0311410 seconds
180.833: Application time: 0.1454370 seconds
180.871: [GC [PSYoungGen: 20633K->1916K(21504K)] 101719K->83481K(104448K), 0.0011350 secs] [Times: user=0.00 sys=0.00, real=0.00 secs] 
180.872: Total time for which application threads were stopped: 0.0388770 seconds, Stopping threads took: 0.0376540 seconds
181.022: Application time: 0.1501080 seconds
181.066: [GC [PSYoungGen: 21348K->1200K(22016K)] 102913K->82837K(104960K), 0.0008600 secs] [Times: user=0.00 sys=0.00, real=0.00 secs] 
181.067: Total time for which application threads were stopped: 0.0453170 seconds, Stopping threads took: 0.0443750 seconds
181.226: Application time: 0.1588140 seconds
181.261: [GC [PSYoungGen: 20633K->1200K(22016K)] 102269K->82909K(104960K), 0.0008670 secs] [Times: user=0.00 sys=0.00, real=0.00 secs] 
181.262: Total time for which application threads were stopped: 0.0358930 seconds, Stopping threads took: 0.0349400 seconds
181.423: Application time: 0.1606700 seconds
181.491: [GC [PSYoungGen: 20635K->1200K(22016K)] 102344K->82973K(104960K), 0.0007490 secs] [Times: user=0.00 sys=0.00, real=0.00 secs] 
181.492: Total time for which application threads were stopped: 0.0693410 seconds, Stopping threads took: 0.0685020 seconds
181.646: Application time: 0.1535740 seconds
181.681: [GC [PSYoungGen: 20515K->1053K(22016K)] 102288K->82898K(104960K), 0.0006970 secs] [Times: user=0.01 sys=0.00, real=0.00 secs] 
181.682: Total time for which application threads were stopped: 0.0361040 seconds, Stopping threads took: 0.0353350 seconds
181.845: Application time: 0.1628490 seconds
181.882: [GC [PSYoungGen: 20407K->1037K(20992K)] 102252K->82986K(103936K), 0.0007070 secs] [Times: user=0.00 sys=0.00, real=0.00 secs] 
181.883: Total time for which application threads were stopped: 0.0380550 seconds, Stopping threads took: 0.0372830 seconds
182.048: Application time: 0.1653610 seconds
182.090: [GC [PSYoungGen: 20157K->582K(21504K)] 102106K->82531K(104448K), 0.0007040 secs] [Times: user=0.00 sys=0.00, real=0.00 secs] 
182.090: Total time for which application threads were stopped: 0.0423730 seconds, Stopping threads took: 0.0415900 seconds
182.251: Application time: 0.1610380 seconds
182.284: [GC [PSYoungGen: 19722K->1395K(21504K)] 101671K->83432K(104448K), 0.0008100 secs] [Times: user=0.00 sys=0.00, real=0.00 secs] 
182.285: Total time for which application threads were stopped: 0.0331090 seconds, Stopping threads took: 0.0322270 seconds
182.446: Application time: 0.1611720 seconds
182.509: [GC [PSYoungGen: 20730K->192K(21504K)] 102767K->82293K(104448K), 0.0006060 secs] [Times: user=0.00 sys=0.00, real=0.00 secs] 
182.509: Total time for which application threads were stopped: 0.0634270 seconds, Stopping threads took: 0.0627550 seconds
182.669: Application time: 0.1603460 seconds
182.705: [GC [PSYoungGen: 19604K->1232K(22016K)] 101705K->83389K(104960K), 0.0006920 secs] [Times: user=0.00 sys=0.00, real=0.01 secs] 
182.707: Total time for which application threads were stopped: 0.0373310 seconds, Stopping threads took: 0.0356380 seconds
182.867: Application time: 0.1599880 seconds
182.901: [GC [PSYoungGen: 20586K->1168K(20992K)] 102743K->83421K(103936K), 0.0008720 secs] [Times: user=0.00 sys=0.00, real=0.00 secs] 
182.902: Total time for which application threads were stopped: 0.0355180 seconds, Stopping threads took: 0.0345680 seconds
183.052: Application time: 0.1499870 seconds
183.085: [GC [PSYoungGen: 20620K->2013K(20992K)] 102873K->84657K(103936K), 0.0010190 secs] [Times: user=0.01 sys=0.00, real=0.00 secs] 
183.086: [Full GC [PSYoungGen: 2013K->0K(20992K)] [ParOldGen: 82643K->4551K(36352K)] 84657K->4551K(57344K) [PSPermGen: 5153K->5153K(21504K)], 0.0151600 secs] [Times: user=0.07 sys=0.00, real=0.02 secs] 
183.101: Total time for which application threads were stopped: 0.0486150 seconds, Stopping threads took: 0.0322880 seconds
183.249: Application time: 0.1482910 seconds
183.284: [GC [PSYoungGen: 18924K->2502K(21504K)] 23476K->7444K(57856K), 0.0010530 secs] [Times: user=0.01 sys=0.00, real=0.00 secs] 
183.285: Total time for which application threads were stopped: 0.0360100 seconds, Stopping threads took: 0.0348730 seconds
183.433: Application time: 0.1475710 seconds
183.478: [GC [PSYoungGen: 21426K->1168K(22016K)] 26369K->6199K(58368K), 0.0009520 secs] [Times: user=0.00 sys=0.00, real=0.00 secs] 
183.479: Total time for which application threads were stopped: 0.0464620 seconds, Stopping threads took: 0.0454220 seconds
183.628: Application time: 0.1491630 seconds
183.664: [GC [PSYoungGen: 19936K->614K(19968K)] 24967K->5733K(56320K), 0.0005690 secs] [Times: user=0.01 sys=0.00, real=0.00 secs] 
183.664: Total time for which application threads were stopped: 0.0357830 seconds, Stopping threads took: 0.0351450 seconds
183.828: Application time: 0.1635960 seconds
183.866: [GC [PSYoungGen: 19248K->826K(21504K)] 24366K->5944K(57856K), 0.0006540 secs] [Times: user=0.01 sys=0.00, real=0.00 secs] 
183.867: Total time for which application threads were stopped: 0.0391000 seconds, Stopping threads took: 0.0383710 seconds
184.030: Application time: 0.1635210 seconds
184.064: [GC [PSYoungGen: 19674K->192K(21504K)] 24793K->5402K(57856K), 0.0003960 secs] [Times: user=0.01 sys=0.00, real=0.00 secs] 
184.064: Total time for which application threads were stopped: 0.0338050 seconds, Stopping threads took: 0.0333440 seconds
184.226: Application time: 0.1621520 seconds
184.260: [GC [PSYoungGen: 18940K->614K(21504K)] 24151K->5865K(57856K), 0.0004350 secs] [Times: user=0.01 sys=0.00, real=0.00 secs] 
184.260: Total time for which application threads were stopped: 0.0338510 seconds, Stopping threads took: 0.0333280 seconds
184.425: Application time: 0.1644620 seconds
184.461: [GC [PSYoungGen: 19480K->1200K(21504K)] 24731K->6507K(57856K), 0.0006360 secs] [Times: user=0.00 sys=0.00, real=0.00 secs] 
184.462: Total time for which application threads were stopped: 0.0370960 seconds, Stopping threads took: 0.0363650 seconds
184.621: Application time: 0.1590650 seconds
184.655: [GC [PSYoungGen: 19968K->550K(21504K)] 25275K->5857K(57856K), 0.0005890 secs] [Times: user=0.00 sys=0.00, real=0.00 secs] 
184.655: Total time for which application threads were stopped: 0.0344070 seconds, Stopping threads took: 0.0337260 seconds
184.832: Application time: 0.1761960 seconds
184.843: [GC [PSYoungGen: 19456K->2079K(21504K)] 24762K->7386K(57856K), 0.0010380 secs] [Times: user=0.01 sys=0.00, real=0.00 secs] 
184.844: Total time for which application threads were stopped: 0.0129380 seconds, Stopping threads took: 0.0118050 seconds
185.009: Application time: 0.1649910 seconds
185.058: [GC [PSYoungGen: 20926K->355K(20992K)] 26232K->5798K(57344K), 0.0007170 secs] [Times: user=0.00 sys=0.00, real=0.00 secs] 
185.059: Total time for which application threads were stopped: 0.0495700 seconds, Stopping threads took: 0.0487570 seconds
185.215: Application time: 0.1556200 seconds
185.249: [GC [PSYoungGen: 18988K->646K(21504K)] 24431K->6145K(57856K), 0.0004850 secs] [Times: user=0.00 sys=0.00, real=0.00 secs] 
185.250: Total time for which application threads were stopped: 0.0351700 seconds, Stopping threads took: 0.0345940 seconds
185.411: Application time: 0.1613210 seconds
185.450: [GC [PSYoungGen: 19395K->989K(21504K)] 24894K->6576K(57856K), 0.0005890 secs] [Times: user=0.01 sys=0.00, real=0.00 secs] 
185.450: Total time for which application threads were stopped: 0.0390870 seconds, Stopping threads took: 0.0384050 seconds
185.612: Application time: 0.1618260 seconds
185.655: [GC [PSYoungGen: 19757K->387K(21504K)] 25344K->6014K(57856K), 0.0004290 secs] [Times: user=0.01 sys=0.00, real=0.00 secs] 
185.655: Total time for which application threads were stopped: 0.0431860 seconds, Stopping threads took: 0.0426810 seconds
185.820: Application time: 0.1645410 seconds
185.857: [GC [PSYoungGen: 18940K->582K(21504K)] 24567K->6209K(57856K), 0.0005030 secs] [Times: user=0.00 sys=0.00, real=0.00 secs] 
185.857: Total time for which application threads were stopped: 0.0375840 seconds, Stopping threads took: 0.0369950 seconds
186.021: Application time: 0.1639030 seconds
186.069: [GC [PSYoungGen: 19448K->1200K(21504K)] 25075K->6875K(57856K), 0.0006600 secs] [Times: user=0.00 sys=0.00, real=0.00 secs] 
186.069: Total time for which application threads were stopped: 0.0480780 seconds, Stopping threads took: 0.0473420 seconds
186.225: Application time: 0.1559060 seconds
186.264: [GC [PSYoungGen: 20010K->419K(21504K)] 25685K->6094K(57856K), 0.0004090 secs] [Times: user=0.00 sys=0.00, real=0.00 secs] 
186.265: Total time for which application threads were stopped: 0.0395080 seconds, Stopping threads took: 0.0390240 seconds
186.424: Application time: 0.1592670 seconds
186.464: [GC [PSYoungGen: 18972K->582K(21504K)] 24647K->6385K(57856K), 0.0004670 secs] [Times: user=0.00 sys=0.00, real=0.00 secs] 
186.465: Total time for which application threads were stopped: 0.0406720 seconds, Stopping threads took: 0.0401150 seconds
186.624: Application time: 0.1589880 seconds
186.658: [GC [PSYoungGen: 19409K->1005K(20480K)] 25212K->6856K(56832K), 0.0006110 secs] [Times: user=0.00 sys=0.00, real=0.01 secs] 
186.659: Total time for which application threads were stopped: 0.0347810 seconds, Stopping threads took: 0.0340960 seconds
186.819: Application time: 0.1607700 seconds
186.853: [GC [PSYoungGen: 19675K->1395K(20992K)] 25527K->7335K(57344K), 0.0006420 secs] [Times: user=0.00 sys=0.00, real=0.00 secs] 
186.853: Total time for which application threads were stopped: 0.0339730 seconds, Stopping threads took: 0.0332520 seconds
187.016: Application time: 0.1624620 seconds
187.053: [GC [PSYoungGen: 20047K->646K(20480K)] 25986K->6585K(56832K), 0.0005150 secs] [Times: user=0.00 sys=0.00, real=0.00 secs] 
187.053: Total time for which application threads were stopped: 0.0377000 seconds, Stopping threads took: 0.0371050 seconds
187.213: Application time: 0.1590860 seconds
187.262: [GC [PSYoungGen: 19512K->1200K(20992K)] 25451K->7203K(57344K), 0.0009260 secs] [Times: user=0.01 sys=0.00, real=0.00 secs] 
187.263: Total time for which application threads were stopped: 0.0505610 seconds, Stopping threads took: 0.0495620 seconds
187.424: Application time: 0.1608080 seconds
187.473: [GC [PSYoungGen: 20125K->614K(20992K)] 26128K->6617K(57344K), 0.0006080 secs] [Times: user=0.00 sys=0.00, real=0.00 secs] 
187.474: Total time for which application threads were stopped: 0.0497330 seconds, Stopping threads took: 0.0490310 seconds
187.640: Application time: 0.1662460 seconds
187.679: [GC [PSYoungGen: 19363K->1005K(20992K)] 25366K->7096K(57344K), 0.0005840 secs] [Times: user=0.00 sys=0.00, real=0.00 secs] 
187.680: Total time for which application threads were stopped: 0.0400220 seconds, Stopping threads took: 0.0393460 seconds
187.841: Application time: 0.1607600 seconds
187.877: [GC [PSYoungGen: 19853K->451K(20992K)] 25944K->6598K(57344K), 0.0004310 secs] [Times: user=0.01 sys=0.00, real=0.01 secs] 
187.879: Total time for which application threads were stopped: 0.0381750 seconds, Stopping threads took: 0.0364480 seconds
188.050: Application time: 0.1710170 seconds
188.087: [GC [PSYoungGen: 19082K->598K(20992K)] 25230K->6801K(57344K), 0.0006280 secs] [Times: user=0.01 sys=0.00, real=0.00 secs] 
188.087: Total time for which application threads were stopped: 0.0374540 seconds, Stopping threads took: 0.0367280 seconds
188.250: Application time: 0.1622900 seconds
188.291: [GC [PSYoungGen: 19464K->1232K(20992K)] 25667K->7531K(57344K), 0.0006360 secs] [Times: user=0.00 sys=0.00, real=0.00 secs] 
188.292: Total time for which application threads were stopped: 0.0424100 seconds, Stopping threads took: 0.0416980 seconds
188.451: Application time: 0.1587950 seconds
188.492: [GC [PSYoungGen: 20157K->614K(20992K)] 26456K->6914K(57344K), 0.0004640 secs] [Times: user=0.00 sys=0.00, real=0.00 secs] 
188.492: Total time for which application threads were stopped: 0.0414930 seconds, Stopping threads took: 0.0409600 seconds
188.660: Application time: 0.1672850 seconds
188.698: [GC [PSYoungGen: 19480K->1168K(20992K)] 25779K->7552K(57344K), 0.0006230 secs] [Times: user=0.00 sys=0.00, real=0.01 secs] 
188.698: Total time for which application threads were stopped: 0.0387760 seconds, Stopping threads took: 0.0380700 seconds
188.870: Application time: 0.1712060 seconds
188.907: [GC [PSYoungGen: 20093K->646K(20992K)] 26477K->7030K(57344K), 0.0004900 secs] [Times: user=0.00 sys=0.00, real=0.00 secs] 
188.907: Total time for which application threads were stopped: 0.0377820 seconds, Stopping threads took: 0.0372170 seconds
189.081: Application time: 0.1733300 seconds
189.093: [GC [PSYoungGen: 19395K->1884K(20480K)] 25778K->8559K(56832K), 0.0009270 secs] [Times: user=0.01 sys=0.00, real=0.00 secs] 
189.094: Total time for which application threads were stopped: 0.0135640 seconds, Stopping threads took: 0.0125360 seconds
189.267: Application time: 0.1725280 seconds
189.304: [GC [PSYoungGen: 20242K->973K(19456K)] 26917K->7696K(55808K), 0.0006260 secs] [Times: user=0.00 sys=0.00, real=0.00 secs] 
189.304: Total time for which application threads were stopped: 0.0374350 seconds, Stopping threads took: 0.0367250 seconds
189.472: Application time: 0.1677050 seconds
189.511: [GC [PSYoungGen: 19214K->809K(20480K)] 25937K->7580K(56832K), 0.0005240 secs] [Times: user=0.00 sys=0.00, real=0.00 secs] 
189.512: Total time for which application threads were stopped: 0.0395810 seconds, Stopping threads took: 0.0389840 seconds
189.680: Application time: 0.1686750 seconds
189.718: [GC [PSYoungGen: 18894K->582K(20480K)] 25665K->7449K(56832K), 0.0004670 secs] [Times: user=0.00 sys=0.00, real=0.01 secs] 
189.718: Total time for which application threads were stopped: 0.0379950 seconds, Stopping threads took: 0.0374580 seconds
189.885: Application time: 0.1669880 seconds
189.925: [GC [PSYoungGen: 18940K->614K(20480K)] 25807K->7481K(56832K), 0.0005140 secs] [Times: user=0.00 sys=0.00, real=0.00 secs] 
189.926: Total time for which application threads were stopped: 0.0403240 seconds, Stopping threads took: 0.0397110 seconds
190.104: Application time: 0.1780340 seconds
190.112: [GC [PSYoungGen: 18972K->1688K(20480K)] 25839K->8603K(56832K), 0.0008800 secs] [Times: user=0.00 sys=0.00, real=0.00 secs] 
190.113: Total time for which application threads were stopped: 0.0098070 seconds, Stopping threads took: 0.0088300 seconds
190.285: Application time: 0.1720540 seconds
190.322: [GC [PSYoungGen: 20066K->1722K(19968K)] 26981K->8693K(56320K), 0.0009200 secs] [Times: user=0.00 sys=0.00, real=0.00 secs] 
190.323: Total time for which application threads were stopped: 0.0376220 seconds, Stopping threads took: 0.0366280 seconds
190.494: Application time: 0.1709900 seconds
190.530: [GC [PSYoungGen: 19574K->1232K(20480K)] 26545K->8203K(56832K), 0.0006210 secs] [Times: user=0.00 sys=0.00, real=0.00 secs] 
190.531: Total time for which application threads were stopped: 0.0365990 seconds, Stopping threads took: 0.0358970 seconds
190.696: Application time: 0.1654950 seconds
190.735: [GC [PSYoungGen: 19083K->630K(20480K)] 26054K->7697K(56832K), 0.0007300 secs] [Times: user=0.00 sys=0.00, real=0.00 secs] 
190.736: Total time for which application threads were stopped: 0.0397190 seconds, Stopping threads took: 0.0389000 seconds
190.899: Application time: 0.1631960 seconds
190.903: [GC [PSYoungGen: 18519K->1298K(20480K)] 25586K->8461K(56832K), 0.0006500 secs] [Times: user=0.00 sys=0.00, real=0.00 secs] 
190.904: Total time for which application threads were stopped: 0.0046240 seconds, Stopping threads took: 0.0039020 seconds
191.065: Application time: 0.1615890 seconds
191.070: [GC [PSYoungGen: 19148K->1818K(20480K)] 26311K->8981K(56832K), 0.0009700 secs] [Times: user=0.00 sys=0.00, real=0.00 secs] 
191.071: Total time for which application threads were stopped: 0.0054100 seconds, Stopping threads took: 0.0043560 seconds
191.241: Application time: 0.1703120 seconds
191.281: [GC [PSYoungGen: 19610K->160K(20480K)] 26773K->7411K(56832K), 0.0005880 secs] [Times: user=0.00 sys=0.00, real=0.00 secs] 
191.282: Total time for which application threads were stopped: 0.0406500 seconds, Stopping threads took: 0.0399930 seconds
191.448: Application time: 0.1658880 seconds
191.452: [GC [PSYoungGen: 18029K->841K(20480K)] 25280K->8093K(56832K), 0.0005240 secs] [Times: user=0.01 sys=0.00, real=0.00 secs] 
191.452: Total time for which application threads were stopped: 0.0048200 seconds, Stopping threads took: 0.0042250 seconds
191.623: Application time: 0.1704950 seconds
191.663: [GC [PSYoungGen: 18613K->160K(20480K)] 25865K->7467K(56832K), 0.0005180 secs] [Times: user=0.00 sys=0.00, real=0.00 secs] 
191.664: Total time for which application threads were stopped: 0.0408790 seconds, Stopping threads took: 0.0402820 seconds
191.831: Application time: 0.1668610 seconds
191.835: [GC [PSYoungGen: 17756K->614K(20480K)] 25063K->7977K(56832K), 0.0004960 secs] [Times: user=0.01 sys=0.00, real=0.00 secs] 
191.835: Total time for which application threads were stopped: 0.0045820 seconds, Stopping threads took: 0.0040210 seconds
191.988: Application time: 0.1527100 seconds
191.994: [GC [PSYoungGen: 18445K->1037K(20480K)] 25808K->8400K(56832K), 0.0005550 secs] [Times: user=0.00 sys=0.00, real=0.00 secs] 
191.994: Total time for which application threads were stopped: 0.0063330 seconds, Stopping threads took: 0.0057030 seconds
192.153: Application time: 0.1583550 seconds
192.185: [GC [PSYoungGen: 18809K->419K(20480K)] 26172K->7906K(56832K), 0.0004370 secs] [Times: user=0.00 sys=0.00, real=0.00 secs] 
192.186: Total time for which application threads were stopped: 0.0329780 seconds, Stopping threads took: 0.0324660 seconds
192.338: Application time: 0.1525270 seconds
192.348: [GC [PSYoungGen: 18288K->1005K(18944K)] 25776K->8564K(55296K), 0.0006680 secs] [Times: user=0.01 sys=0.01, real=0.00 secs] 
192.349: Total time for which application threads were stopped: 0.0104470 seconds, Stopping threads took: 0.0096890 seconds
192.504: Application time: 0.1555830 seconds
192.517: [GC [PSYoungGen: 18679K->1427K(19456K)] 26239K->9051K(55808K), 0.0006540 secs] [Times: user=0.00 sys=0.00, real=0.00 secs] 
192.518: Total time for which application threads were stopped: 0.0134470 seconds, Stopping threads took: 0.0127250 seconds
192.675: Application time: 0.1576500 seconds
192.686: [GC [PSYoungGen: 18731K->1525K(19968K)] 26354K->9213K(56320K), 0.0006420 secs] [Times: user=0.00 sys=0.00, real=0.01 secs] 
192.686: Total time for which application threads were stopped: 0.0110650 seconds, Stopping threads took: 0.0103450 seconds
192.843: Application time: 0.1563680 seconds
192.880: [GC [PSYoungGen: 18809K->451K(19968K)] 26496K->8138K(56320K), 0.0004260 secs] [Times: user=0.00 sys=0.00, real=0.00 secs] 
192.882: Total time for which application threads were stopped: 0.0392760 seconds, Stopping threads took: 0.0376220 seconds
193.047: Application time: 0.1651590 seconds
193.056: [GC [PSYoungGen: 17735K->451K(19968K)] 25422K->8186K(56320K), 0.0004160 secs] [Times: user=0.01 sys=0.00, real=0.00 secs] 
193.057: Total time for which application threads were stopped: 0.0094330 seconds, Stopping threads took: 0.0089530 seconds
193.208: Application time: 0.1517380 seconds
193.219: [GC [PSYoungGen: 17737K->451K(19968K)] 25472K->8242K(56320K), 0.0004100 secs] [Times: user=0.00 sys=0.00, real=0.00 secs] 
193.219: Total time for which application threads were stopped: 0.0109620 seconds, Stopping threads took: 0.0104800 seconds
193.385: Application time: 0.1654250 seconds
193.398: [GC [PSYoungGen: 17813K->387K(17920K)] 25604K->8242K(54272K), 0.0004680 secs] [Times: user=0.00 sys=0.00, real=0.00 secs] 
193.399: Total time for which application threads were stopped: 0.0142040 seconds, Stopping threads took: 0.0136450 seconds
193.552: Application time: 0.1526170 seconds
193.566: [GC [PSYoungGen: 17671K->451K(19456K)] 25526K->8410K(55808K), 0.0003860 secs] [Times: user=0.00 sys=0.00, real=0.01 secs] 
193.566: Total time for which application threads were stopped: 0.0146610 seconds, Stopping threads took: 0.0142010 seconds
193.722: Application time: 0.1555370 seconds
193.731: [GC [PSYoungGen: 17737K->387K(19456K)] 25696K->8410K(55808K), 0.0006250 secs] [Times: user=0.00 sys=0.00, real=0.00 secs] 
193.731: Total time for which application threads were stopped: 0.0097340 seconds, Stopping threads took: 0.0090350 seconds
193.885: Application time: 0.1535740 seconds
193.897: [GC [PSYoungGen: 17671K->451K(19456K)] 25694K->8531K(55808K), 0.0004630 secs] [Times: user=0.00 sys=0.00, real=0.00 secs] 
193.897: Total time for which application threads were stopped: 0.0119370 seconds, Stopping threads took: 0.0114050 seconds
194.062: Application time: 0.1654020 seconds
194.076: [GC [PSYoungGen: 17854K->646K(19456K)] 25934K->8774K(55808K), 0.0005680 secs] [Times: user=0.00 sys=0.00, real=0.00 secs] 
194.077: Total time for which application threads were stopped: 0.0142090 seconds, Stopping threads took: 0.0135690 seconds
194.240: Application time: 0.1636100 seconds
194.256: [GC [PSYoungGen: 17930K->646K(19456K)] 26058K->8782K(55808K), 0.0004130 secs] [Times: user=0.00 sys=0.00, real=0.00 secs] 
194.256: Total time for which application threads were stopped: 0.0159660 seconds, Stopping threads took: 0.0154720 seconds
194.403: Application time: 0.1464360 seconds
194.425: [GC [PSYoungGen: 17930K->614K(19456K)] 26066K->8798K(55808K), 0.0004140 secs] [Times: user=0.00 sys=0.00, real=0.00 secs] 
194.425: Total time for which application threads were stopped: 0.0224250 seconds, Stopping threads took: 0.0219410 seconds
194.581: Application time: 0.1557130 seconds
194.591: [GC [PSYoungGen: 17976K->646K(18432K)] 26160K->8878K(54784K), 0.0005570 secs] [Times: user=0.00 sys=0.00, real=0.00 secs] 
194.591: Total time for which application threads were stopped: 0.0103830 seconds, Stopping threads took: 0.0097360 seconds
194.745: Application time: 0.1537450 seconds
194.753: [GC [PSYoungGen: 17930K->582K(18944K)] 26162K->8910K(55296K), 0.0004680 secs] [Times: user=0.00 sys=0.00, real=0.00 secs] 
194.754: Total time for which application threads were stopped: 0.0086130 seconds, Stopping threads took: 0.0080470 seconds
194.915: Application time: 0.1615850 seconds
194.935: [GC [PSYoungGen: 17866K->646K(18944K)] 26194K->9038K(55296K), 0.0004730 secs] [Times: user=0.00 sys=0.00, real=0.00 secs] 
194.935: Total time for which application threads were stopped: 0.0200270 seconds, Stopping threads took: 0.0194730 seconds
195.089: Application time: 0.1541170 seconds
195.098: [GC [PSYoungGen: 17930K->614K(18944K)] 26322K->9062K(55296K), 0.0004490 secs] [Times: user=0.00 sys=0.00, real=0.00 secs] 
195.099: Total time for which application threads were stopped: 0.0095370 seconds, Stopping threads took: 0.0090210 seconds
195.262: Application time: 0.1627160 seconds
195.277: [GC [PSYoungGen: 17898K->582K(18944K)] 26346K->9070K(55296K), 0.0006720 secs] [Times: user=0.00 sys=0.00, real=0.00 secs] 
195.277: Total time for which application threads were stopped: 0.0157220 seconds, Stopping threads took: 0.0149750 seconds
195.435: Application time: 0.1579520 seconds
195.442: [GC [PSYoungGen: 17788K->582K(18944K)] 26276K->9134K(55296K), 0.0004940 secs] [Times: user=0.00 sys=0.00, real=0.00 secs] 
195.442: Total time for which application threads were stopped: 0.0072780 seconds, Stopping threads took: 0.0067060 seconds
195.601: Application time: 0.1582400 seconds
195.624: [GC [PSYoungGen: 17866K->614K(18944K)] 26418K->9166K(55296K), 0.0004560 secs] [Times: user=0.01 sys=0.00, real=0.00 secs] 
195.625: Total time for which application threads were stopped: 0.0239640 seconds, Stopping threads took: 0.0234380 seconds
195.779: Application time: 0.1542870 seconds
195.795: [GC [PSYoungGen: 17898K->614K(18944K)] 26450K->9230K(55296K), 0.0006680 secs] [Times: user=0.00 sys=0.00, real=0.00 secs] 
195.795: Total time for which application threads were stopped: 0.0162570 seconds, Stopping threads took: 0.0154990 seconds
195.970: Application time: 0.1751730 seconds
195.984: [GC [PSYoungGen: 17898K->646K(18944K)] 26514K->9302K(55296K), 0.0005230 secs] [Times: user=0.00 sys=0.00, real=0.00 secs] 
195.985: Total time for which application threads were stopped: 0.0142860 seconds, Stopping threads took: 0.0136600 seconds
196.160: Application time: 0.1751970 seconds
196.164: [GC [PSYoungGen: 18008K->646K(18432K)] 26664K->9350K(54784K), 0.0005870 secs] [Times: user=0.00 sys=0.00, real=0.00 secs] 
196.164: Total time for which application threads were stopped: 0.0043650 seconds, Stopping threads took: 0.0037040 seconds
196.340: Application time: 0.1761970 seconds
196.359: [GC [PSYoungGen: 17930K->646K(18432K)] 26634K->9430K(54784K), 0.0005060 secs] [Times: user=0.00 sys=0.00, real=0.00 secs] 
196.360: Total time for which application threads were stopped: 0.0191900 seconds, Stopping threads took: 0.0186020 seconds
196.529: Application time: 0.1693800 seconds
196.537: [GC [PSYoungGen: 17930K->614K(18432K)] 26714K->9446K(54784K), 0.0005150 secs] [Times: user=0.00 sys=0.00, real=0.00 secs] 
196.537: Total time for which application threads were stopped: 0.0083040 seconds, Stopping threads took: 0.0077090 seconds
196.705: Application time: 0.1680810 seconds
196.712: [GC [PSYoungGen: 17898K->646K(18432K)] 26730K->9542K(54784K), 0.0005050 secs] [Times: user=0.01 sys=0.00, real=0.00 secs] 
196.713: Total time for which application threads were stopped: 0.0075060 seconds, Stopping threads took: 0.0069300 seconds
196.883: Application time: 0.1698470 seconds
196.890: [GC [PSYoungGen: 18047K->809K(18432K)] 26943K->9762K(54784K), 0.0005450 secs] [Times: user=0.00 sys=0.00, real=0.00 secs] 
196.891: Total time for which application threads were stopped: 0.0081760 seconds, Stopping threads took: 0.0075560 seconds
197.059: Application time: 0.1675580 seconds
197.065: [GC [PSYoungGen: 18093K->841K(18432K)] 27046K->9794K(54784K), 0.0005020 secs] [Times: user=0.00 sys=0.00, real=0.00 secs] 
197.066: Total time for which application threads were stopped: 0.0072580 seconds, Stopping threads took: 0.0066680 seconds
197.232: Application time: 0.1666310 seconds
197.238: [GC [PSYoungGen: 17930K->614K(18432K)] 26882K->9614K(54784K), 0.0004980 secs] [Times: user=0.00 sys=0.00, real=0.01 secs] 
197.238: Total time for which application threads were stopped: 0.0058810 seconds, Stopping threads took: 0.0053120 seconds
197.412: Application time: 0.1738630 seconds
197.424: [GC [PSYoungGen: 17900K->646K(18432K)] 26900K->9694K(54784K), 0.0006080 secs] [Times: user=0.00 sys=0.00, real=0.00 secs] 
197.425: Total time for which application threads were stopped: 0.0127380 seconds, Stopping threads took: 0.0120600 seconds
197.600: Application time: 0.1754750 seconds
197.613: [GC [PSYoungGen: 18008K->646K(18432K)] 27057K->9742K(54784K), 0.0004720 secs] [Times: user=0.00 sys=0.00, real=0.00 secs] 
197.613: Total time for which application threads were stopped: 0.0128490 seconds, Stopping threads took: 0.0122950 seconds
197.787: Application time: 0.1737480 seconds
197.801: [GC [PSYoungGen: 17930K->614K(18432K)] 27026K->9799K(54784K), 0.0004800 secs] [Times: user=0.01 sys=0.00, real=0.00 secs] 
197.801: Total time for which application threads were stopped: 0.0142810 seconds, Stopping threads took: 0.0137270 seconds
197.978: Application time: 0.1765630 seconds
197.997: [GC [PSYoungGen: 17898K->646K(18432K)] 27082K->9871K(54784K), 0.0004950 secs] [Times: user=0.00 sys=0.00, real=0.01 secs] 
197.999: Total time for which application threads were stopped: 0.0207550 seconds, Stopping threads took: 0.0190370 seconds
198.167: Application time: 0.1681440 seconds
198.173: [GC [PSYoungGen: 17930K->646K(18432K)] 27154K->9927K(54784K), 0.0004790 secs] [Times: user=0.00 sys=0.00, real=0.00 secs] 
198.174: Total time for which application threads were stopped: 0.0068100 seconds, Stopping threads took: 0.0062340 seconds
198.351: Application time: 0.1774660 seconds
198.369: [GC [PSYoungGen: 17930K->614K(18432K)] 27211K->9951K(54784K), 0.0005840 secs] [Times: user=0.00 sys=0.00, real=0.00 secs] 
198.369: Total time for which application threads were stopped: 0.0181540 seconds, Stopping threads took: 0.0174790 seconds
198.537: Application time: 0.1677480 seconds
198.547: [GC [PSYoungGen: 17820K->582K(18432K)] 27156K->9959K(54784K), 0.0004470 secs] [Times: user=0.00 sys=0.00, real=0.00 secs] 
198.548: Total time for which application threads were stopped: 0.0106140 seconds, Stopping threads took: 0.0100760 seconds
198.722: Application time: 0.1741380 seconds
198.733: [GC [PSYoungGen: 17868K->646K(18432K)] 27244K->10023K(54784K), 0.0004750 secs] [Times: user=0.00 sys=0.00, real=0.00 secs] 
198.734: Total time for which application threads were stopped: 0.0119330 seconds, Stopping threads took: 0.0113800 seconds
198.899: Application time: 0.1654300 seconds
198.903: [GC [PSYoungGen: 17930K->646K(18432K)] 27306K->10071K(54784K), 0.0004840 secs] [Times: user=0.00 sys=0.01, real=0.00 secs] 
198.904: Total time for which application threads were stopped: 0.0046560 seconds, Stopping threads took: 0.0041010 seconds
199.065: Application time: 0.1611980 seconds
199.070: [GC [PSYoungGen: 18008K->614K(18432K)] 27433K->10087K(54784K), 0.0004540 secs] [Times: user=0.00 sys=0.00, real=0.00 secs] 
199.070: Total time for which application threads were stopped: 0.0054070 seconds, Stopping threads took: 0.0048910 seconds
199.235: Application time: 0.1650440 seconds
199.239: [GC [PSYoungGen: 17898K->614K(18432K)] 27370K->10175K(54784K), 0.0005640 secs] [Times: user=0.00 sys=0.00, real=0.00 secs] 
199.240: Total time for which application threads were stopped: 0.0044870 seconds, Stopping threads took: 0.0038260 seconds
199.421: Application time: 0.1814750 seconds
199.433: [GC [PSYoungGen: 17898K->646K(18432K)] 27459K->10255K(54784K), 0.0004280 secs] [Times: user=0.00 sys=0.00, real=0.00 secs] 
199.434: Total time for which application threads were stopped: 0.0122620 seconds, Stopping threads took: 0.0117620 seconds
199.600: Application time: 0.1664160 seconds
199.608: [GC [PSYoungGen: 17930K->646K(18432K)] 27539K->10303K(54784K), 0.0006210 secs] [Times: user=0.00 sys=0.00, real=0.00 secs] 
199.609: Total time for which application threads were stopped: 0.0088870 seconds, Stopping threads took: 0.0081860 seconds
199.770: Application time: 0.1611290 seconds
199.785: [GC [PSYoungGen: 17852K->614K(18432K)] 27509K->10319K(54784K), 0.0006930 secs] [Times: user=0.00 sys=0.00, real=0.00 secs] 
199.786: Total time for which application threads were stopped: 0.0157550 seconds, Stopping threads took: 0.0149630 seconds
199.951: Application time: 0.1648440 seconds
199.960: [GC [PSYoungGen: 17898K->614K(18432K)] 27603K->10319K(54784K), 0.0006070 secs] [Times: user=0.00 sys=0.00, real=0.00 secs] 
199.960: Total time for which application threads were stopped: 0.0094630 seconds, Stopping threads took: 0.0087660 seconds
200.116: Application time: 0.1558400 seconds
200.126: [GC [PSYoungGen: 17898K->582K(18432K)] 27603K->10335K(54784K), 0.0006840 secs] [Times: user=0.00 sys=0.00, real=0.00 secs] 
200.127: Total time for which application threads were stopped: 0.0111460 seconds, Stopping threads took: 0.0103940 seconds
200.282: Application time: 0.1545960 seconds
200.291: [GC [PSYoungGen: 17866K->646K(18432K)] 27619K->10463K(54784K), 0.0005070 secs] [Times: user=0.00 sys=0.00, real=0.00 secs] 
200.292: Total time for which application threads were stopped: 0.0098760 seconds, Stopping threads took: 0.0092880 seconds
200.453: Application time: 0.1617780 seconds
200.473: [GC [PSYoungGen: 17891K->419K(18432K)] 27708K->10300K(54784K), 0.0004180 secs] [Times: user=0.01 sys=0.00, real=0.00 secs] 
200.473: Total time for which application threads were stopped: 0.0198120 seconds, Stopping threads took: 0.0193290 seconds
200.637: Application time: 0.1633420 seconds
200.654: [GC [PSYoungGen: 17820K->646K(18432K)] 27701K->10647K(54784K), 0.0007080 secs] [Times: user=0.01 sys=0.00, real=0.00 secs] 
200.655: Total time for which application threads were stopped: 0.0185670 seconds, Stopping threads took: 0.0177940 seconds
200.823: Application time: 0.1675510 seconds
200.836: [GC [PSYoungGen: 17930K->646K(18432K)] 27931K->10647K(54784K), 0.0004170 secs] [Times: user=0.00 sys=0.00, real=0.00 secs] 
200.836: Total time for which application threads were stopped: 0.0133600 seconds, Stopping threads took: 0.0128670 seconds
201.004: Application time: 0.1677830 seconds
201.024: [GC [PSYoungGen: 17930K->646K(18432K)] 27931K->10695K(54784K), 0.0004790 secs] [Times: user=0.00 sys=0.00, real=0.00 secs] 
201.025: Total time for which application threads were stopped: 0.0208840 seconds, Stopping threads took: 0.0203370 seconds
201.178: Application time: 0.1537120 seconds
201.191: [GC [PSYoungGen: 18047K->841K(18432K)] 28096K->10954K(54784K), 0.0004910 secs] [Times: user=0.00 sys=0.00, real=0.00 secs] 
201.191: Total time for which application threads were stopped: 0.0127820 seconds, Stopping threads took: 0.0122250 seconds
201.344: Application time: 0.1531370 seconds
201.359: [GC [PSYoungGen: 17930K->646K(18432K)] 28043K->10759K(54784K), 0.0004390 secs] [Times: user=0.00 sys=0.00, real=0.00 secs] 
201.359: Total time for which application threads were stopped: 0.0146600 seconds, Stopping threads took: 0.0141370 seconds
201.519: Application time: 0.1594810 seconds
201.526: [GC [PSYoungGen: 17930K->646K(18432K)] 28043K->10807K(54784K), 0.0004250 secs] [Times: user=0.01 sys=0.00, real=0.00 secs] 
201.527: Total time for which application threads were stopped: 0.0083190 seconds, Stopping threads took: 0.0078280 seconds
201.700: Application time: 0.1732720 seconds
201.715: [GC [PSYoungGen: 18008K->614K(18432K)] 28169K->10815K(54784K), 0.0004520 secs] [Times: user=0.00 sys=0.00, real=0.00 secs] 
201.715: Total time for which application threads were stopped: 0.0150960 seconds, Stopping threads took: 0.0145540 seconds
201.867: Application time: 0.1517100 seconds
201.876: [GC [PSYoungGen: 17898K->646K(18432K)] 28099K->10927K(54784K), 0.0005950 secs] [Times: user=0.00 sys=0.00, real=0.00 secs] 
201.877: Total time for which application threads were stopped: 0.0096720 seconds, Stopping threads took: 0.0089800 seconds
202.040: Application time: 0.1632240 seconds
202.050: [GC [PSYoungGen: 17930K->646K(18432K)] 28211K->10991K(54784K), 0.0004570 secs] [Times: user=0.00 sys=0.00, real=0.00 secs] 
202.051: Total time for which application threads were stopped: 0.0110420 seconds, Stopping threads took: 0.0105190 seconds
202.208: Application time: 0.1567210 seconds
202.219: [GC [PSYoungGen: 17930K->614K(18432K)] 28275K->11007K(54784K), 0.0004380 secs] [Times: user=0.01 sys=0.00, real=0.00 secs] 
202.220: Total time for which application threads were stopped: 0.0119230 seconds, Stopping threads took: 0.0114200 seconds
202.388: Application time: 0.1686970 seconds
202.401: [GC [PSYoungGen: 17898K->646K(18432K)] 28291K->11103K(54784K), 0.0005510 secs] [Times: user=0.00 sys=0.00, real=0.00 secs] 
202.402: Total time for which application threads were stopped: 0.0133230 seconds, Stopping threads took: 0.0126940 seconds
202.556: Application time: 0.1540600 seconds
202.565: [GC [PSYoungGen: 17852K->614K(18432K)] 28309K->11127K(54784K), 0.0004800 secs] [Times: user=0.00 sys=0.00, real=0.00 secs] 
202.566: Total time for which application threads were stopped: 0.0101080 seconds, Stopping threads took: 0.0095560 seconds
202.731: Application time: 0.1653730 seconds
202.756: [GC [PSYoungGen: 17898K->614K(18432K)] 28411K->11127K(54784K), 0.0004750 secs] [Times: user=0.00 sys=0.00, real=0.00 secs] 
202.757: Total time for which application threads were stopped: 0.0255180 seconds, Stopping threads took: 0.0249730 seconds
202.920: Application time: 0.1629900 seconds
202.938: [GC [PSYoungGen: 17898K->646K(18432K)] 28411K->11231K(54784K), 0.0004270 secs] [Times: user=0.00 sys=0.00, real=0.01 secs] 
202.938: Total time for which application threads were stopped: 0.0186760 seconds, Stopping threads took: 0.0181730 seconds
203.095: Application time: 0.1568500 seconds
203.104: [GC [PSYoungGen: 17930K->646K(18432K)] 28515K->11279K(54784K), 0.0004640 secs] [Times: user=0.01 sys=0.00, real=0.00 secs] 
203.106: Total time for which application threads were stopped: 0.0107460 seconds, Stopping threads took: 0.0091270 seconds
203.274: Application time: 0.1681230 seconds
203.292: [GC [PSYoungGen: 18008K->614K(18432K)] 28642K->11303K(54784K), 0.0006470 secs] [Times: user=0.00 sys=0.00, real=0.00 secs] 
203.293: Total time for which application threads were stopped: 0.0187370 seconds, Stopping threads took: 0.0180120 seconds
203.453: Application time: 0.1603300 seconds
203.466: [GC [PSYoungGen: 17898K->614K(18432K)] 28587K->11376K(54784K), 0.0005200 secs] [Times: user=0.00 sys=0.00, real=0.00 secs] 
203.467: Total time for which application threads were stopped: 0.0136550 seconds, Stopping threads took: 0.0130560 seconds
203.623: Application time: 0.1562990 seconds
203.633: [GC [PSYoungGen: 17898K->646K(18432K)] 28659K->11472K(54784K), 0.0004700 secs] [Times: user=0.01 sys=0.00, real=0.00 secs] 
203.634: Total time for which application threads were stopped: 0.0105340 seconds, Stopping threads took: 0.0099940 seconds
203.799: Application time: 0.1655090 seconds
203.812: [GC [PSYoungGen: 17930K->582K(18432K)] 28755K->11464K(54784K), 0.0004450 secs] [Times: user=0.00 sys=0.00, real=0.00 secs] 
203.813: Total time for which application threads were stopped: 0.0134920 seconds, Stopping threads took: 0.0129550 seconds
203.975: Application time: 0.1622070 seconds
203.984: [GC [PSYoungGen: 17788K->614K(18432K)] 28669K->11536K(54784K), 0.0004710 secs] [Times: user=0.01 sys=0.00, real=0.00 secs] 
203.985: Total time for which application threads were stopped: 0.0098870 seconds, Stopping threads took: 0.0093140 seconds
204.160: Application time: 0.1751790 seconds
204.176: [GC [PSYoungGen: 17898K->646K(18432K)] 28820K->11568K(54784K), 0.0005080 secs] [Times: user=0.00 sys=0.00, real=0.00 secs] 
204.177: Total time for which application threads were stopped: 0.0168550 seconds, Stopping threads took: 0.0162780 seconds
204.355: Application time: 0.1780420 seconds
204.372: [GC [PSYoungGen: 17930K->646K(18432K)] 28851K->11624K(54784K), 0.0004960 secs] [Times: user=0.01 sys=0.00, real=0.00 secs] 
204.372: Total time for which application threads were stopped: 0.0175220 seconds, Stopping threads took: 0.0169570 seconds
204.550: Application time: 0.1775140 seconds
204.560: [GC [PSYoungGen: 17930K->614K(18432K)] 28907K->11656K(54784K), 0.0006100 secs] [Times: user=0.00 sys=0.00, real=0.00 secs] 
204.561: Total time for which application threads were stopped: 0.0107870 seconds, Stopping threads took: 0.0100790 seconds
204.740: Application time: 0.1790630 seconds
204.750: [GC [PSYoungGen: 17976K->646K(18432K)] 29018K->11736K(54784K), 0.0004660 secs] [Times: user=0.00 sys=0.00, real=0.00 secs] 
204.750: Total time for which application threads were stopped: 0.0106170 seconds, Stopping threads took: 0.0100790 seconds
204.925: Application time: 0.1746430 seconds
204.940: [GC [PSYoungGen: 17930K->646K(18432K)] 29020K->11816K(54784K), 0.0005080 secs] [Times: user=0.01 sys=0.00, real=0.00 secs] 
204.941: Total time for which application threads were stopped: 0.0158900 seconds, Stopping threads took: 0.0153140 seconds
205.108: Application time: 0.1666840 seconds
205.121: [GC [PSYoungGen: 17930K->646K(18432K)] 29100K->11864K(54784K), 0.0004750 secs] [Times: user=0.00 sys=0.00, real=0.00 secs] 
205.122: Total time for which application threads were stopped: 0.0143520 seconds, Stopping threads took: 0.0137980 seconds
205.290: Application time: 0.1684410 seconds
205.294: [GC [PSYoungGen: 17930K->614K(18432K)] 29148K->11896K(54784K), 0.0004700 secs] [Times: user=0.00 sys=0.00, real=0.00 secs] 
205.295: Total time for which application threads were stopped: 0.0042700 seconds, Stopping threads took: 0.0037270 seconds
205.463: Application time: 0.1682020 seconds
205.468: [GC [PSYoungGen: 17820K->614K(18432K)] 29102K->11960K(54784K), 0.0004210 secs] [Times: user=0.00 sys=0.00, real=0.00 secs] 
205.469: Total time for which application threads were stopped: 0.0056890 seconds, Stopping threads took: 0.0051930 seconds
205.643: Application time: 0.1749980 seconds
205.656: [GC [PSYoungGen: 17898K->646K(18432K)] 29244K->11992K(54784K), 0.0004630 secs] [Times: user=0.00 sys=0.00, real=0.00 secs] 
205.657: Total time for which application threads were stopped: 0.0130640 seconds, Stopping threads took: 0.0125190 seconds
205.823: Application time: 0.1664370 seconds
205.828: [GC [PSYoungGen: 17930K->646K(18432K)] 29276K->12048K(54784K), 0.0004850 secs] [Times: user=0.00 sys=0.00, real=0.00 secs] 
205.828: Total time for which application threads were stopped: 0.0054470 seconds, Stopping threads took: 0.0048920 seconds
205.996: Application time: 0.1673940 seconds
206.002: [GC [PSYoungGen: 17930K->646K(18432K)] 29332K->12112K(54784K), 0.0004750 secs] [Times: user=0.00 sys=0.00, real=0.00 secs] 
206.003: Total time for which application threads were stopped: 0.0067550 seconds, Stopping threads took: 0.0062090 seconds
206.169: Application time: 0.1663540 seconds
206.175: [GC [PSYoungGen: 17891K->451K(18432K)] 29357K->11957K(54784K), 0.0004680 secs] [Times: user=0.00 sys=0.00, real=0.00 secs] 
206.176: Total time for which application threads were stopped: 0.0067930 seconds, Stopping threads took: 0.0062460 seconds
206.346: Application time: 0.1704430 seconds
206.360: [GC [PSYoungGen: 17852K->646K(18432K)] 29358K->12284K(54784K), 0.0005270 secs] [Times: user=0.00 sys=0.00, real=0.00 secs] 
206.360: Total time for which application threads were stopped: 0.0141250 seconds, Stopping threads took: 0.0135310 seconds
206.537: Application time: 0.1771220 seconds
206.552: [GC [PSYoungGen: 17930K->646K(18432K)] 29568K->12284K(54784K), 0.0005720 secs] [Times: user=0.00 sys=0.00, real=0.00 secs] 
206.553: Total time for which application threads were stopped: 0.0151840 seconds, Stopping threads took: 0.0145330 seconds
206.718: Application time: 0.1654380 seconds
206.731: [GC [PSYoungGen: 17930K->646K(18432K)] 29568K->12340K(54784K), 0.0004910 secs] [Times: user=0.00 sys=0.00, real=0.00 secs] 
206.731: Total time for which application threads were stopped: 0.0133450 seconds, Stopping threads took: 0.0127760 seconds
206.899: Application time: 0.1678210 seconds
206.909: [GC [PSYoungGen: 17852K->646K(18432K)] 29546K->12404K(54784K), 0.0005010 secs] [Times: user=0.00 sys=0.00, real=0.00 secs] 
206.910: Total time for which application threads were stopped: 0.0105400 seconds, Stopping threads took: 0.0099540 seconds
207.088: Application time: 0.1781280 seconds
207.106: [GC [PSYoungGen: 17930K->646K(18432K)] 29688K->12404K(54784K), 0.0004860 secs] [Times: user=0.00 sys=0.00, real=0.00 secs] 
207.106: Total time for which application threads were stopped: 0.0181280 seconds, Stopping threads took: 0.0175720 seconds
207.276: Application time: 0.1697660 seconds
207.285: [GC [PSYoungGen: 17930K->646K(18432K)] 29688K->12452K(54784K), 0.0005300 secs] [Times: user=0.00 sys=0.00, real=0.00 secs] 
207.285: Total time for which application threads were stopped: 0.0092330 seconds, Stopping threads took: 0.0086290 seconds
207.445: Application time: 0.1603240 seconds
207.462: [GC [PSYoungGen: 17930K->646K(18432K)] 29736K->12492K(54784K), 0.0005050 secs] [Times: user=0.00 sys=0.00, real=0.00 secs] 
207.462: Total time for which application threads were stopped: 0.0169410 seconds, Stopping threads took: 0.0163640 seconds
207.639: Application time: 0.1769370 seconds
207.656: [GC [PSYoungGen: 18010K->646K(18432K)] 29856K->12540K(54784K), 0.0005720 secs] [Times: user=0.00 sys=0.00, real=0.00 secs] 
207.656: Total time for which application threads were stopped: 0.0168220 seconds, Stopping threads took: 0.0161800 seconds
207.833: Application time: 0.1768250 seconds
207.852: [GC [PSYoungGen: 17930K->646K(18432K)] 29824K->12620K(54784K), 0.0005280 secs] [Times: user=0.00 sys=0.00, real=0.00 secs] 
207.852: Total time for which application threads were stopped: 0.0195430 seconds, Stopping threads took: 0.0189400 seconds
208.010: Application time: 0.1578490 seconds
208.016: [GC [PSYoungGen: 17930K->646K(18432K)] 29904K->12676K(54784K), 0.0004170 secs] [Times: user=0.00 sys=0.00, real=0.00 secs] 
208.017: Total time for which application threads were stopped: 0.0064560 seconds, Stopping threads took: 0.0059740 seconds
208.170: Application time: 0.1536890 seconds
208.179: [GC [PSYoungGen: 17930K->614K(18432K)] 29960K->12692K(54784K), 0.0004880 secs] [Times: user=0.00 sys=0.00, real=0.00 secs] 
208.180: Total time for which application threads were stopped: 0.0097660 seconds, Stopping threads took: 0.0081210 seconds
208.332: Application time: 0.1517800 seconds
208.345: [GC [PSYoungGen: 17820K->614K(18432K)] 29898K->12756K(54784K), 0.0004530 secs] [Times: user=0.00 sys=0.00, real=0.00 secs] 
208.346: Total time for which application threads were stopped: 0.0134690 seconds, Stopping threads took: 0.0129510 seconds
208.504: Application time: 0.1588700 seconds
208.524: [GC [PSYoungGen: 17898K->614K(18432K)] 30040K->12756K(54784K), 0.0005060 secs] [Times: user=0.00 sys=0.00, real=0.00 secs] 
208.524: Total time for which application threads were stopped: 0.0198130 seconds, Stopping threads took: 0.0192170 seconds
208.684: Application time: 0.1603080 seconds
208.701: [GC [PSYoungGen: 17898K->614K(18432K)] 30040K->12804K(54784K), 0.0004220 secs] [Times: user=0.00 sys=0.00, real=0.00 secs] 
208.701: Total time for which application threads were stopped: 0.0168760 seconds, Stopping threads took: 0.0163680 seconds
208.859: Application time: 0.1573190 seconds
208.866: [GC [PSYoungGen: 17976K->646K(18432K)] 30167K->12884K(54784K), 0.0004870 secs] [Times: user=0.00 sys=0.00, real=0.00 secs] 
208.866: Total time for which application threads were stopped: 0.0074470 seconds, Stopping threads took: 0.0068720 seconds
209.035: Application time: 0.1683950 seconds
209.057: [GC [PSYoungGen: 18008K->646K(18432K)] 30246K->12965K(54784K), 0.0004610 secs] [Times: user=0.00 sys=0.00, real=0.00 secs] 
209.058: Total time for which application threads were stopped: 0.0233500 seconds, Stopping threads took: 0.0228060 seconds
209.214: Application time: 0.1557740 seconds
209.226: [GC [PSYoungGen: 17852K->646K(18432K)] 30170K->13053K(54784K), 0.0004800 secs] [Times: user=0.00 sys=0.00, real=0.01 secs] 
209.226: Total time for which application threads were stopped: 0.0127810 seconds, Stopping threads took: 0.0122300 seconds
209.389: Application time: 0.1626780 seconds
209.409: [GC [PSYoungGen: 17930K->614K(18432K)] 30336K->13021K(54784K), 0.0005350 secs] [Times: user=0.00 sys=0.00, real=0.00 secs] 
209.409: Total time for which application threads were stopped: 0.0202030 seconds, Stopping threads took: 0.0195930 seconds
209.565: Application time: 0.1556560 seconds
209.576: [GC [PSYoungGen: 17898K->646K(18432K)] 30304K->13093K(54784K), 0.0004860 secs] [Times: user=0.00 sys=0.00, real=0.00 secs] 
209.577: Total time for which application threads were stopped: 0.0116350 seconds, Stopping threads took: 0.0110710 seconds
209.734: Application time: 0.1572590 seconds
209.745: [GC [PSYoungGen: 17852K->646K(18432K)] 30298K->13165K(54784K), 0.0004840 secs] [Times: user=0.00 sys=0.00, real=0.00 secs] 
209.745: Total time for which application threads were stopped: 0.0112730 seconds, Stopping threads took: 0.0107230 seconds
209.910: Application time: 0.1650170 seconds
209.936: [GC [PSYoungGen: 17930K->646K(18432K)] 30449K->13165K(54784K), 0.0004450 secs] [Times: user=0.01 sys=0.00, real=0.00 secs] 
209.936: Total time for which application threads were stopped: 0.0260500 seconds, Stopping threads took: 0.0255370 seconds
210.097: Application time: 0.1607610 seconds
210.109: [GC [PSYoungGen: 17930K->646K(18432K)] 30448K->13213K(54784K), 0.0004490 secs] [Times: user=0.00 sys=0.00, real=0.00 secs] 
210.109: Total time for which application threads were stopped: 0.0123320 seconds, Stopping threads took: 0.0118030 seconds
210.272: Application time: 0.1626320 seconds
210.284: [GC [PSYoungGen: 17930K->614K(18432K)] 30496K->13237K(54784K), 0.0004280 secs] [Times: user=0.01 sys=0.01, real=0.00 secs] 
210.284: Total time for which application threads were stopped: 0.0123360 seconds, Stopping threads took: 0.0118360 seconds
210.445: Application time: 0.1608190 seconds
210.470: [GC [PSYoungGen: 17976K->646K(18432K)] 30599K->13333K(54784K), 0.0004510 secs] [Times: user=0.00 sys=0.00, real=0.00 secs] 
210.471: Total time for which application threads were stopped: 0.0256660 seconds, Stopping threads took: 0.0251450 seconds
210.626: Application time: 0.1548920 seconds
210.636: [GC [PSYoungGen: 17930K->630K(18432K)] 30617K->13425K(54784K), 0.0004910 secs] [Times: user=0.00 sys=0.00, real=0.00 secs] 
210.637: Total time for which application threads were stopped: 0.0110670 seconds, Stopping threads took: 0.0104990 seconds
210.793: Application time: 0.1563690 seconds
210.804: [GC [PSYoungGen: 17914K->646K(18432K)] 30709K->13497K(54784K), 0.0004920 secs] [Times: user=0.00 sys=0.00, real=0.00 secs] 
210.805: Total time for which application threads were stopped: 0.0115900 seconds, Stopping threads took: 0.0110250 seconds
210.957: Application time: 0.1521590 seconds
210.971: [GC [PSYoungGen: 17930K->646K(18432K)] 30781K->13545K(54784K), 0.0004240 secs] [Times: user=0.01 sys=0.00, real=0.00 secs] 
210.971: Total time for which application threads were stopped: 0.0143460 seconds, Stopping threads took: 0.0138500 seconds
211.125: Application time: 0.1533900 seconds
211.135: [GC [PSYoungGen: 17930K->614K(18432K)] 30829K->13569K(54784K), 0.0006230 secs] [Times: user=0.01 sys=0.00, real=0.00 secs] 
211.136: Total time for which application threads were stopped: 0.0111970 seconds, Stopping threads took: 0.0105040 seconds
211.293: Application time: 0.1567040 seconds
211.300: [GC [PSYoungGen: 17820K->646K(18432K)] 30775K->13665K(54784K), 0.0004470 secs] [Times: user=0.00 sys=0.00, real=0.00 secs] 
211.300: Total time for which application threads were stopped: 0.0078740 seconds, Stopping threads took: 0.0073510 seconds
211.456: Application time: 0.1554600 seconds
211.473: [GC [PSYoungGen: 17930K->614K(18432K)] 30949K->13633K(54784K), 0.0005900 secs] [Times: user=0.01 sys=0.00, real=0.00 secs] 
211.474: Total time for which application threads were stopped: 0.0177170 seconds, Stopping threads took: 0.0170400 seconds
211.628: Application time: 0.1546770 seconds
211.640: [GC [PSYoungGen: 17898K->646K(18432K)] 30917K->13721K(54784K), 0.0006990 secs] [Times: user=0.00 sys=0.00, real=0.00 secs] 
211.641: Total time for which application threads were stopped: 0.0122430 seconds, Stopping threads took: 0.0114440 seconds
211.808: Application time: 0.1675270 seconds
211.823: [GC [PSYoungGen: 18008K->646K(18432K)] 31083K->13785K(54784K), 0.0005200 secs] [Times: user=0.00 sys=0.00, real=0.00 secs] 
211.824: Total time for which application threads were stopped: 0.0158190 seconds, Stopping threads took: 0.0152020 seconds
211.980: Application time: 0.1565180 seconds
211.989: [GC [PSYoungGen: 17930K->646K(18432K)] 31069K->13857K(54784K), 0.0005100 secs] [Times: user=0.00 sys=0.00, real=0.00 secs] 
211.989: Total time for which application threads were stopped: 0.0089520 seconds, Stopping threads took: 0.0083730 seconds
212.156: Application time: 0.1669660 seconds
212.176: [GC [PSYoungGen: 17930K->646K(18432K)] 31141K->13921K(54784K), 0.0005990 secs] [Times: user=0.01 sys=0.00, real=0.00 secs] 
212.177: Total time for which application threads were stopped: 0.0207330 seconds, Stopping threads took: 0.0200470 seconds
212.330: Application time: 0.1529220 seconds
212.335: [GC [PSYoungGen: 17930K->646K(18432K)] 31205K->13985K(54784K), 0.0006120 secs] [Times: user=0.01 sys=0.00, real=0.00 secs] 
212.336: Total time for which application threads were stopped: 0.0056030 seconds, Stopping threads took: 0.0048920 seconds
212.491: Application time: 0.1555550 seconds
212.505: [GC [PSYoungGen: 18047K->841K(18432K)] 31386K->14236K(54784K), 0.0005210 secs] [Times: user=0.00 sys=0.00, real=0.00 secs] 
212.506: Total time for which application threads were stopped: 0.0146670 seconds, Stopping threads took: 0.0140810 seconds
212.661: Application time: 0.1552780 seconds
212.675: [GC [PSYoungGen: 17930K->614K(18432K)] 31325K->14009K(54784K), 0.0004720 secs] [Times: user=0.00 sys=0.00, real=0.00 secs] 
212.675: Total time for which application threads were stopped: 0.0138800 seconds, Stopping threads took: 0.0133330 seconds
212.829: Application time: 0.1542550 seconds
212.840: [GC [PSYoungGen: 17898K->646K(18432K)] 31293K->14089K(54784K), 0.0005040 secs] [Times: user=0.01 sys=0.00, real=0.00 secs] 
212.841: Total time for which application threads were stopped: 0.0115540 seconds, Stopping threads took: 0.0109740 seconds
212.999: Application time: 0.1586160 seconds
213.022: [GC [PSYoungGen: 18008K->646K(18432K)] 31451K->14137K(54784K), 0.0004990 secs] [Times: user=0.00 sys=0.00, real=0.00 secs] 
213.023: Total time for which application threads were stopped: 0.0234950 seconds, Stopping threads took: 0.0229110 seconds
213.185: Application time: 0.1625590 seconds
213.202: [GC [PSYoungGen: 17932K->646K(18432K)] 31423K->14217K(54784K), 0.0005210 secs] [Times: user=0.00 sys=0.00, real=0.00 secs] 
213.203: Total time for which application threads were stopped: 0.0178090 seconds, Stopping threads took: 0.0162050 seconds
213.370: Application time: 0.1662260 seconds
213.398: [GC [PSYoungGen: 17930K->646K(18432K)] 31501K->14281K(54784K), 0.0004870 secs] [Times: user=0.01 sys=0.00, real=0.01 secs] 
213.399: Total time for which application threads were stopped: 0.0289760 seconds, Stopping threads took: 0.0284090 seconds
213.555: Application time: 0.1564630 seconds
213.565: [GC [PSYoungGen: 17930K->646K(18432K)] 31565K->14337K(54784K), 0.0004690 secs] [Times: user=0.00 sys=0.00, real=0.00 secs] 
213.565: Total time for which application threads were stopped: 0.0102500 seconds, Stopping threads took: 0.0097070 seconds
213.732: Application time: 0.1664270 seconds
213.749: [GC [PSYoungGen: 17930K->646K(18432K)] 31621K->14393K(54784K), 0.0005010 secs] [Times: user=0.00 sys=0.00, real=0.00 secs] 
213.749: Total time for which application threads were stopped: 0.0174700 seconds, Stopping threads took: 0.0169040 seconds
213.909: Application time: 0.1602260 seconds
213.919: [GC [PSYoungGen: 17852K->646K(18432K)] 31599K->14433K(54784K), 0.0004850 secs] [Times: user=0.00 sys=0.00, real=0.00 secs] 
213.919: Total time for which application threads were stopped: 0.0098770 seconds, Stopping threads took: 0.0093150 seconds
214.088: Application time: 0.1686340 seconds
214.108: [GC [PSYoungGen: 17930K->646K(18432K)] 31717K->14433K(54784K), 0.0005480 secs] [Times: user=0.00 sys=0.00, real=0.00 secs] 
214.108: Total time for which application threads were stopped: 0.0205180 seconds, Stopping threads took: 0.0199010 seconds
214.277: Application time: 0.1683810 seconds
214.299: [GC [PSYoungGen: 17930K->614K(18432K)] 31717K->14457K(54784K), 0.0004690 secs] [Times: user=0.01 sys=0.00, real=0.00 secs] 
214.299: Total time for which application threads were stopped: 0.0223070 seconds, Stopping threads took: 0.0217720 seconds
214.464: Application time: 0.1650630 seconds
214.488: [GC [PSYoungGen: 17898K->646K(18432K)] 31741K->14545K(54784K), 0.0005970 secs] [Times: user=0.00 sys=0.00, real=0.00 secs] 
214.488: Total time for which application threads were stopped: 0.0240590 seconds, Stopping threads took: 0.0233800 seconds
214.657: Application time: 0.1688990 seconds
214.672: [GC [PSYoungGen: 18008K->582K(18432K)] 31908K->14530K(54784K), 0.0005180 secs] [Times: user=0.00 sys=0.00, real=0.00 secs] 
214.673: Total time for which application threads were stopped: 0.0156550 seconds, Stopping threads took: 0.0150620 seconds
214.823: Application time: 0.1501520 seconds
214.832: [GC [PSYoungGen: 17866K->646K(18432K)] 31813K->14698K(54784K), 0.0006580 secs] [Times: user=0.00 sys=0.00, real=0.00 secs] 
214.832: Total time for which application threads were stopped: 0.0095250 seconds, Stopping threads took: 0.0087760 seconds
214.996: Application time: 0.1635910 seconds
215.008: [GC [PSYoungGen: 17930K->646K(18432K)] 31981K->14754K(54784K), 0.0006410 secs] [Times: user=0.00 sys=0.00, real=0.00 secs] 
215.009: Total time for which application threads were stopped: 0.0124180 seconds, Stopping threads took: 0.0116800 seconds
215.166: Application time: 0.1570770 seconds
215.176: [GC [PSYoungGen: 17930K->646K(18432K)] 32037K->14802K(54784K), 0.0004650 secs] [Times: user=0.00 sys=0.00, real=0.00 secs] 
215.177: Total time for which application threads were stopped: 0.0110950 seconds, Stopping threads took: 0.0105620 seconds
215.333: Application time: 0.1558880 seconds
215.344: [GC [PSYoungGen: 17852K->614K(18432K)] 32007K->14826K(54784K), 0.0005840 secs] [Times: user=0.01 sys=0.00, real=0.00 secs] 
215.344: Total time for which application threads were stopped: 0.0117350 seconds, Stopping threads took: 0.0110620 seconds
215.501: Application time: 0.1568470 seconds
215.516: [GC [PSYoungGen: 17898K->646K(18432K)] 32110K->14858K(54784K), 0.0006100 secs] [Times: user=0.00 sys=0.00, real=0.00 secs] 
215.517: Total time for which application threads were stopped: 0.0157060 seconds, Stopping threads took: 0.0150190 seconds
215.675: Application time: 0.1576940 seconds
215.686: [GC [PSYoungGen: 17930K->614K(18432K)] 32141K->14890K(54784K), 0.0004840 secs] [Times: user=0.00 sys=0.00, real=0.01 secs] 
215.687: Total time for which application threads were stopped: 0.0120280 seconds, Stopping threads took: 0.0114740 seconds
215.853: Application time: 0.1662990 seconds
215.873: [GC [PSYoungGen: 17898K->646K(18432K)] 32173K->14970K(54784K), 0.0004390 secs] [Times: user=0.00 sys=0.00, real=0.00 secs] 
215.874: Total time for which application threads were stopped: 0.0208820 seconds, Stopping threads took: 0.0203730 seconds
216.037: Application time: 0.1637120 seconds
216.065: [GC [PSYoungGen: 18008K->646K(18432K)] 32332K->15018K(54784K), 0.0004720 secs] [Times: user=0.00 sys=0.00, real=0.00 secs] 
216.065: Total time for which application threads were stopped: 0.0277350 seconds, Stopping threads took: 0.0271910 seconds
216.231: Application time: 0.1657560 seconds
216.253: [GC [PSYoungGen: 17930K->646K(18432K)] 32302K->15110K(54784K), 0.0004370 secs] [Times: user=0.00 sys=0.00, real=0.00 secs] 
216.254: Total time for which application threads were stopped: 0.0225410 seconds, Stopping threads took: 0.0220400 seconds
216.416: Application time: 0.1623990 seconds
216.441: [GC [PSYoungGen: 17930K->614K(18432K)] 32394K->15118K(54784K), 0.0004510 secs] [Times: user=0.00 sys=0.00, real=0.00 secs] 
216.442: Total time for which application threads were stopped: 0.0258950 seconds, Stopping threads took: 0.0253740 seconds
216.601: Application time: 0.1594110 seconds
216.610: [GC [PSYoungGen: 17898K->646K(18432K)] 32402K->15206K(54784K), 0.0005190 secs] [Times: user=0.01 sys=0.00, real=0.00 secs] 
216.611: Total time for which application threads were stopped: 0.0094850 seconds, Stopping threads took: 0.0088860 seconds
216.768: Application time: 0.1570570 seconds
216.779: [GC [PSYoungGen: 17852K->646K(18432K)] 32411K->15278K(54784K), 0.0004650 secs] [Times: user=0.00 sys=0.00, real=0.00 secs] 
216.780: Total time for which application threads were stopped: 0.0117400 seconds, Stopping threads took: 0.0112040 seconds
216.943: Application time: 0.1634690 seconds
216.967: [GC [PSYoungGen: 17930K->646K(18432K)] 32562K->15278K(54784K), 0.0005060 secs] [Times: user=0.01 sys=0.00, real=0.00 secs] 
216.968: Total time for which application threads were stopped: 0.0247220 seconds, Stopping threads took: 0.0241460 seconds
217.133: Application time: 0.1653980 seconds
217.157: [GC [PSYoungGen: 17930K->646K(18432K)] 32562K->15334K(54784K), 0.0004910 secs] [Times: user=0.00 sys=0.00, real=0.00 secs] 
217.157: Total time for which application threads were stopped: 0.0241130 seconds, Stopping threads took: 0.0235450 seconds
217.316: Application time: 0.1586480 seconds
217.325: [GC [PSYoungGen: 18008K->646K(18432K)] 32696K->15390K(54784K), 0.0004620 secs] [Times: user=0.00 sys=0.00, real=0.00 secs] 
217.325: Total time for which application threads were stopped: 0.0093110 seconds, Stopping threads took: 0.0087810 seconds
217.483: Application time: 0.1581150 seconds
217.497: [GC [PSYoungGen: 18008K->646K(18432K)] 32752K->15478K(54784K), 0.0005100 secs] [Times: user=0.00 sys=0.00, real=0.00 secs] 
217.498: Total time for which application threads were stopped: 0.0144820 seconds, Stopping threads took: 0.0138900 seconds
217.656: Application time: 0.1584150 seconds
217.666: [GC [PSYoungGen: 17852K->614K(18432K)] 32684K->15538K(54784K), 0.0006730 secs] [Times: user=0.00 sys=0.00, real=0.01 secs] 
217.666: Total time for which application threads were stopped: 0.0101010 seconds, Stopping threads took: 0.0093290 seconds
217.824: Application time: 0.1579920 seconds
217.833: [GC [PSYoungGen: 17898K->646K(18432K)] 32822K->15570K(54784K), 0.0006790 secs] [Times: user=0.01 sys=0.00, real=0.00 secs] 
217.834: Total time for which application threads were stopped: 0.0092630 seconds, Stopping threads took: 0.0085140 seconds
218.001: Application time: 0.1675650 seconds
218.019: [GC [PSYoungGen: 17930K->646K(18432K)] 32854K->15618K(54784K), 0.0006600 secs] [Times: user=0.00 sys=0.00, real=0.00 secs] 
218.020: Total time for which application threads were stopped: 0.0186350 seconds, Stopping threads took: 0.0178860 seconds
218.178: Application time: 0.1586980 seconds
218.190: [GC [PSYoungGen: 17852K->646K(18432K)] 32824K->15674K(54784K), 0.0005010 secs] [Times: user=0.00 sys=0.00, real=0.00 secs] 
218.190: Total time for which application threads were stopped: 0.0115510 seconds, Stopping threads took: 0.0109700 seconds
218.348: Application time: 0.1578410 seconds
218.354: [GC [PSYoungGen: 17930K->646K(18432K)] 32958K->15674K(54784K), 0.0005640 secs] [Times: user=0.01 sys=0.00, real=0.00 secs] 
218.356: Total time for which application threads were stopped: 0.0081240 seconds, Stopping threads took: 0.0064120 seconds
218.511: Application time: 0.1550490 seconds
218.526: [GC [PSYoungGen: 17930K->646K(18432K)] 32958K->15730K(54784K), 0.0004940 secs] [Times: user=0.00 sys=0.00, real=0.01 secs] 
218.526: Total time for which application threads were stopped: 0.0151320 seconds, Stopping threads took: 0.0145500 seconds
218.691: Application time: 0.1643410 seconds
218.707: [GC [PSYoungGen: 18008K->646K(18432K)] 33092K->15786K(54784K), 0.0005140 secs] [Times: user=0.00 sys=0.00, real=0.00 secs] 
218.708: Total time for which application threads were stopped: 0.0170280 seconds, Stopping threads took: 0.0164360 seconds
218.866: Application time: 0.1585130 seconds
218.877: [GC [PSYoungGen: 17930K->646K(18432K)] 33070K->15882K(54784K), 0.0006500 secs] [Times: user=0.01 sys=0.00, real=0.00 secs] 
218.877: Total time for which application threads were stopped: 0.0111870 seconds, Stopping threads took: 0.0104660 seconds
219.035: Application time: 0.1573680 seconds
219.042: [GC [PSYoungGen: 17930K->646K(18432K)] 33166K->15938K(54784K), 0.0004610 secs] [Times: user=0.00 sys=0.00, real=0.00 secs] 
219.042: Total time for which application threads were stopped: 0.0077330 seconds, Stopping threads took: 0.0071990 seconds
219.198: Application time: 0.1552140 seconds
219.208: [GC [PSYoungGen: 17930K->646K(18432K)] 33222K->15986K(54784K), 0.0004660 secs] [Times: user=0.01 sys=0.00, real=0.00 secs] 
219.208: Total time for which application threads were stopped: 0.0104330 seconds, Stopping threads took: 0.0098830 seconds
219.366: Application time: 0.1582750 seconds
219.377: [GC [PSYoungGen: 17932K->646K(18432K)] 33272K->16050K(54784K), 0.0005170 secs] [Times: user=0.00 sys=0.00, real=0.00 secs] 
219.378: Total time for which application threads were stopped: 0.0114390 seconds, Stopping threads took: 0.0108530 seconds
219.536: Application time: 0.1583170 seconds
219.543: [GC [PSYoungGen: 17852K->646K(18432K)] 33256K->16122K(54784K), 0.0005250 secs] [Times: user=0.00 sys=0.00, real=0.00 secs] 
219.543: Total time for which application threads were stopped: 0.0072530 seconds, Stopping threads took: 0.0066600 seconds
219.694: Application time: 0.1504790 seconds
219.707: [GC [PSYoungGen: 17930K->646K(18432K)] 33406K->16122K(54784K), 0.0004580 secs] [Times: user=0.00 sys=0.00, real=0.00 secs] 
219.707: Total time for which application threads were stopped: 0.0132640 seconds, Stopping threads took: 0.0127340 seconds
219.860: Application time: 0.1529230 seconds
219.875: [GC [PSYoungGen: 17930K->646K(18432K)] 33406K->16178K(54784K), 0.0006020 secs] [Times: user=0.00 sys=0.00, real=0.00 secs] 
219.876: Total time for which application threads were stopped: 0.0159330 seconds, Stopping threads took: 0.0152310 seconds
220.042: Application time: 0.1656760 seconds
220.048: [GC [PSYoungGen: 17930K->646K(18432K)] 33462K->16227K(54784K), 0.0005200 secs] [Times: user=0.00 sys=0.00, real=0.00 secs] 
220.049: Total time for which application threads were stopped: 0.0069770 seconds, Stopping threads took: 0.0063830 seconds
220.228: Application time: 0.1798410 seconds
220.245: [GC [PSYoungGen: 18008K->646K(18432K)] 33589K->16283K(54784K), 0.0004930 secs] [Times: user=0.00 sys=0.00, real=0.00 secs] 
220.245: Total time for which application threads were stopped: 0.0168360 seconds, Stopping threads took: 0.0162740 seconds
220.411: Application time: 0.1655090 seconds
220.417: [GC [PSYoungGen: 17930K->646K(18432K)] 33566K->16379K(54784K), 0.0005400 secs] [Times: user=0.00 sys=0.00, real=0.00 secs] 
220.417: Total time for which application threads were stopped: 0.0066550 seconds, Stopping threads took: 0.0060310 seconds
220.594: Application time: 0.1767900 seconds
220.610: [GC [PSYoungGen: 17930K->646K(18432K)] 33662K->16435K(54784K), 0.0005060 secs] [Times: user=0.00 sys=0.00, real=0.00 secs] 
220.610: Total time for which application threads were stopped: 0.0159580 seconds, Stopping threads took: 0.0153790 seconds
220.790: Application time: 0.1794620 seconds
220.808: [GC [PSYoungGen: 17930K->646K(18432K)] 33718K->16491K(54784K), 0.0005110 secs] [Times: user=0.00 sys=0.00, real=0.00 secs] 
220.809: Total time for which application threads were stopped: 0.0190390 seconds, Stopping threads took: 0.0184490 seconds
220.980: Application time: 0.1710300 seconds
220.987: [GC [PSYoungGen: 17930K->646K(18432K)] 33775K->16547K(54784K), 0.0005170 secs] [Times: user=0.01 sys=0.00, real=0.00 secs] 
220.987: Total time for which application threads were stopped: 0.0075240 seconds, Stopping threads took: 0.0069290 seconds
221.152: Application time: 0.1645020 seconds
221.156: [GC [PSYoungGen: 18047K->841K(18432K)] 33947K->16798K(54784K), 0.0005620 secs] [Times: user=0.00 sys=0.00, real=0.00 secs] 
221.157: Total time for which application threads were stopped: 0.0051820 seconds, Stopping threads took: 0.0045500 seconds
221.321: Application time: 0.1642030 seconds
221.329: [GC [PSYoungGen: 17930K->646K(18432K)] 33886K->16603K(54784K), 0.0004760 secs] [Times: user=0.00 sys=0.00, real=0.00 secs] 
221.330: Total time for which application threads were stopped: 0.0084270 seconds, Stopping threads took: 0.0078770 seconds
221.498: Application time: 0.1688490 seconds
221.507: [GC [PSYoungGen: 17930K->646K(18432K)] 33887K->16651K(54784K), 0.0006550 secs] [Times: user=0.00 sys=0.00, real=0.00 secs] 
221.508: Total time for which application threads were stopped: 0.0091370 seconds, Stopping threads took: 0.0083850 seconds
221.685: Application time: 0.1769820 seconds
221.702: [GC [PSYoungGen: 17891K->451K(18432K)] 33896K->16511K(54784K), 0.0004530 secs] [Times: user=0.00 sys=0.00, real=0.00 secs] 
221.702: Total time for which application threads were stopped: 0.0177250 seconds, Stopping threads took: 0.0172050 seconds
221.879: Application time: 0.1769230 seconds
221.896: [GC [PSYoungGen: 17852K->646K(18432K)] 33912K->16827K(54784K), 0.0005050 secs] [Times: user=0.00 sys=0.00, real=0.00 secs] 
221.896: Total time for which application threads were stopped: 0.0170220 seconds, Stopping threads took: 0.0164440 seconds
222.073: Application time: 0.1769750 seconds
222.092: [GC [PSYoungGen: 17930K->646K(18432K)] 34111K->16827K(54784K), 0.0004800 secs] [Times: user=0.01 sys=0.00, real=0.00 secs] 
222.092: Total time for which application threads were stopped: 0.0189810 seconds, Stopping threads took: 0.0184220 seconds
222.263: Application time: 0.1708220 seconds
222.276: [GC [PSYoungGen: 17930K->646K(18432K)] 34111K->16891K(54784K), 0.0006350 secs] [Times: user=0.00 sys=0.00, real=0.00 secs] 
222.277: Total time for which application threads were stopped: 0.0140070 seconds, Stopping threads took: 0.0132810 seconds
222.445: Application time: 0.1682700 seconds
222.452: [GC [PSYoungGen: 17852K->646K(18432K)] 34097K->16939K(54784K), 0.0006370 secs] [Times: user=0.00 sys=0.00, real=0.00 secs] 
222.453: Total time for which application threads were stopped: 0.0076420 seconds, Stopping threads took: 0.0069070 seconds
222.629: Application time: 0.1764730 seconds
222.643: [GC [PSYoungGen: 17930K->614K(18432K)] 34223K->16907K(54784K), 0.0004440 secs] [Times: user=0.00 sys=0.00, real=0.00 secs] 
222.644: Total time for which application threads were stopped: 0.0143160 seconds, Stopping threads took: 0.0137720 seconds
222.821: Application time: 0.1770620 seconds
222.835: [GC [PSYoungGen: 17900K->646K(18432K)] 34193K->17003K(54784K), 0.0005020 secs] [Times: user=0.00 sys=0.00, real=0.00 secs] 
222.835: Total time for which application threads were stopped: 0.0145390 seconds, Stopping threads took: 0.0139620 seconds
223.011: Application time: 0.1760340 seconds
223.029: [GC [PSYoungGen: 17930K->646K(18432K)] 34287K->17067K(54784K), 0.0004730 secs] [Times: user=0.00 sys=0.00, real=0.00 secs] 
223.029: Total time for which application threads were stopped: 0.0175960 seconds, Stopping threads took: 0.0170510 seconds
223.204: Application time: 0.1752680 seconds
223.214: [GC [PSYoungGen: 18008K->614K(18432K)] 34429K->17075K(54784K), 0.0004890 secs] [Times: user=0.01 sys=0.00, real=0.00 secs] 
223.214: Total time for which application threads were stopped: 0.0098750 seconds, Stopping threads took: 0.0092850 seconds
223.391: Application time: 0.1766710 seconds
223.408: [GC [PSYoungGen: 17898K->646K(18432K)] 34359K->17187K(54784K), 0.0005180 secs] [Times: user=0.00 sys=0.00, real=0.00 secs] 
223.410: Total time for which application threads were stopped: 0.0192240 seconds, Stopping threads took: 0.0175610 seconds
223.586: Application time: 0.1759420 seconds
223.601: [GC [PSYoungGen: 17930K->646K(18432K)] 34471K->17235K(54784K), 0.0007150 secs] [Times: user=0.00 sys=0.00, real=0.00 secs] 
223.602: Total time for which application threads were stopped: 0.0159470 seconds, Stopping threads took: 0.0151370 seconds
223.777: Application time: 0.1754930 seconds
223.784: [GC [PSYoungGen: 17932K->646K(18432K)] 34521K->17291K(54784K), 0.0004870 secs] [Times: user=0.01 sys=0.00, real=0.00 secs] 
223.784: Total time for which application threads were stopped: 0.0066630 seconds, Stopping threads took: 0.0060950 seconds
223.948: Application time: 0.1638430 seconds
223.959: [GC [PSYoungGen: 17852K->614K(18432K)] 34497K->17299K(54784K), 0.0004430 secs] [Times: user=0.00 sys=0.00, real=0.00 secs] 
223.959: Total time for which application threads were stopped: 0.0111380 seconds, Stopping threads took: 0.0106320 seconds
224.117: Application time: 0.1578490 seconds
224.140: [GC [PSYoungGen: 17898K->646K(18432K)] 34583K->17331K(54784K), 0.0005050 secs] [Times: user=0.00 sys=0.00, real=0.00 secs] 
224.141: Total time for which application threads were stopped: 0.0240380 seconds, Stopping threads took: 0.0234420 seconds
224.299: Application time: 0.1582240 seconds
224.307: [GC [PSYoungGen: 17930K->646K(18432K)] 34615K->17387K(54784K), 0.0005630 secs] [Times: user=0.00 sys=0.00, real=0.00 secs] 
224.308: Total time for which application threads were stopped: 0.0085010 seconds, Stopping threads took: 0.0078380 seconds
224.462: Application time: 0.1542830 seconds
224.478: [GC [PSYoungGen: 17930K->646K(18432K)] 34671K->17451K(54784K), 0.0004560 secs] [Times: user=0.00 sys=0.00, real=0.01 secs] 
224.478: Total time for which application threads were stopped: 0.0163790 seconds, Stopping threads took: 0.0158550 seconds
224.645: Application time: 0.1664600 seconds
224.660: [GC [PSYoungGen: 18008K->646K(18432K)] 34813K->17507K(54784K), 0.0004800 secs] [Times: user=0.00 sys=0.00, real=0.00 secs] 
224.660: Total time for which application threads were stopped: 0.0151610 seconds, Stopping threads took: 0.0146110 seconds
224.818: Application time: 0.1580530 seconds
224.828: [GC [PSYoungGen: 17930K->646K(18432K)] 34791K->17587K(54784K), 0.0004530 secs] [Times: user=0.00 sys=0.00, real=0.00 secs] 
224.828: Total time for which application threads were stopped: 0.0099530 seconds, Stopping threads took: 0.0094220 seconds
224.999: Application time: 0.1709420 seconds
225.012: [GC [PSYoungGen: 17930K->646K(18432K)] 34871K->17635K(54784K), 0.0004590 secs] [Times: user=0.01 sys=0.00, real=0.00 secs] 
225.013: Total time for which application threads were stopped: 0.0135980 seconds, Stopping threads took: 0.0130670 seconds
225.170: Application time: 0.1569630 seconds
225.181: [GC [PSYoungGen: 17930K->614K(18432K)] 34919K->17643K(54784K), 0.0005280 secs] [Times: user=0.00 sys=0.00, real=0.00 secs] 
225.182: Total time for which application threads were stopped: 0.0122920 seconds, Stopping threads took: 0.0116920 seconds
225.336: Application time: 0.1543190 seconds
225.349: [GC [PSYoungGen: 17820K->646K(18432K)] 34849K->17723K(54784K), 0.0004650 secs] [Times: user=0.00 sys=0.00, real=0.00 secs] 
225.350: Total time for which application threads were stopped: 0.0136680 seconds, Stopping threads took: 0.0131070 seconds
225.503: Application time: 0.1530190 seconds
225.512: [GC [PSYoungGen: 17930K->646K(18432K)] 35007K->17723K(54784K), 0.0004650 secs] [Times: user=0.00 sys=0.00, real=0.00 secs] 
225.513: Total time for which application threads were stopped: 0.0098350 seconds, Stopping threads took: 0.0093060 seconds
225.666: Application time: 0.1529520 seconds
225.680: [GC [PSYoungGen: 17930K->646K(18432K)] 35007K->17779K(54784K), 0.0004840 secs] [Times: user=0.00 sys=0.00, real=0.00 secs] 
225.681: Total time for which application threads were stopped: 0.0148510 seconds, Stopping threads took: 0.0143010 seconds
225.846: Application time: 0.1650770 seconds
225.865: [GC [PSYoungGen: 17930K->646K(18432K)] 35063K->17828K(54784K), 0.0005720 secs] [Times: user=0.00 sys=0.00, real=0.00 secs] 
225.865: Total time for which application threads were stopped: 0.0195270 seconds, Stopping threads took: 0.0188660 seconds
226.029: Application time: 0.1639750 seconds
226.048: [GC [PSYoungGen: 18008K->646K(18432K)] 35190K->17884K(54784K), 0.0004450 secs] [Times: user=0.01 sys=0.00, real=0.00 secs] 
226.048: Total time for which application threads were stopped: 0.0188990 seconds, Stopping threads took: 0.0183880 seconds
226.213: Application time: 0.1654900 seconds
226.230: [GC [PSYoungGen: 17930K->646K(18432K)] 35167K->17972K(54784K), 0.0004980 secs] [Times: user=0.00 sys=0.00, real=0.00 secs] 
226.230: Total time for which application threads were stopped: 0.0168900 seconds, Stopping threads took: 0.0163080 seconds
226.386: Application time: 0.1554550 seconds
226.397: [GC [PSYoungGen: 17930K->646K(18432K)] 35255K->18028K(54784K), 0.0005340 secs] [Times: user=0.00 sys=0.00, real=0.00 secs] 
226.398: Total time for which application threads were stopped: 0.0120290 seconds, Stopping threads took: 0.0114210 seconds
226.567: Application time: 0.1691110 seconds
226.584: [GC [PSYoungGen: 17930K->646K(18432K)] 35311K->18076K(54784K), 0.0007190 secs] [Times: user=0.00 sys=0.00, real=0.00 secs] 
226.585: Total time for which application threads were stopped: 0.0177370 seconds, Stopping threads took: 0.0169390 seconds
226.740: Application time: 0.1553020 seconds
226.755: [GC [PSYoungGen: 17852K->646K(18432K)] 35281K->18124K(54784K), 0.0005660 secs] [Times: user=0.00 sys=0.00, real=0.00 secs] 
226.755: Total time for which application threads were stopped: 0.0153830 seconds, Stopping threads took: 0.0147300 seconds
226.912: Application time: 0.1562660 seconds
226.923: [GC [PSYoungGen: 17930K->646K(18432K)] 35408K->18124K(54784K), 0.0004370 secs] [Times: user=0.00 sys=0.00, real=0.00 secs] 
226.923: Total time for which application threads were stopped: 0.0116510 seconds, Stopping threads took: 0.0111360 seconds
227.093: Application time: 0.1700280 seconds
227.107: [GC [PSYoungGen: 17930K->646K(18432K)] 35407K->18164K(54784K), 0.0007120 secs] [Times: user=0.00 sys=0.00, real=0.00 secs] 
227.108: Total time for which application threads were stopped: 0.0143570 seconds, Stopping threads took: 0.0135550 seconds
227.268: Application time: 0.1606160 seconds
227.290: [GC [PSYoungGen: 17930K->646K(18432K)] 35448K->18212K(54784K), 0.0004720 secs] [Times: user=0.00 sys=0.00, real=0.00 secs] 
227.290: Total time for which application threads were stopped: 0.0218190 seconds, Stopping threads took: 0.0212530 seconds
227.458: Application time: 0.1677130 seconds
227.475: [GC [PSYoungGen: 18008K->646K(18432K)] 35574K->18268K(54784K), 0.0005230 secs] [Times: user=0.00 sys=0.00, real=0.00 secs] 
227.476: Total time for which application threads were stopped: 0.0181030 seconds, Stopping threads took: 0.0174820 seconds
227.640: Application time: 0.1642440 seconds
227.654: [GC [PSYoungGen: 17930K->646K(18432K)] 35552K->18364K(54784K), 0.0004300 secs] [Times: user=0.00 sys=0.00, real=0.00 secs] 
227.654: Total time for which application threads were stopped: 0.0138140 seconds, Stopping threads took: 0.0133190 seconds
227.823: Application time: 0.1685220 seconds
227.835: [GC [PSYoungGen: 17930K->646K(18432K)] 35648K->18420K(54784K), 0.0004520 secs] [Times: user=0.00 sys=0.00, real=0.00 secs] 
227.836: Total time for which application threads were stopped: 0.0130520 seconds, Stopping threads took: 0.0125300 seconds
228.000: Application time: 0.1638700 seconds
228.008: [GC [PSYoungGen: 17930K->646K(18432K)] 35704K->18468K(54784K), 0.0005050 secs] [Times: user=0.00 sys=0.00, real=0.00 secs] 
228.009: Total time for which application threads were stopped: 0.0094620 seconds, Stopping threads took: 0.0088640 seconds
228.175: Application time: 0.1661170 seconds
228.185: [GC [PSYoungGen: 17852K->646K(18432K)] 35674K->18532K(54784K), 0.0005660 secs] [Times: user=0.00 sys=0.00, real=0.00 secs] 
228.186: Total time for which application threads were stopped: 0.0105180 seconds, Stopping threads took: 0.0098550 seconds
228.350: Application time: 0.1644380 seconds
228.355: [GC [PSYoungGen: 17930K->646K(18432K)] 35816K->18532K(54784K), 0.0004820 secs] [Times: user=0.01 sys=0.00, real=0.00 secs] 
228.355: Total time for which application threads were stopped: 0.0052980 seconds, Stopping threads took: 0.0047240 seconds
228.516: Application time: 0.1603440 seconds
228.533: [GC [PSYoungGen: 17930K->646K(18432K)] 35816K->18588K(54784K), 0.0004690 secs] [Times: user=0.00 sys=0.00, real=0.00 secs] 
228.534: Total time for which application threads were stopped: 0.0180130 seconds, Stopping threads took: 0.0174330 seconds
228.702: Application time: 0.1678880 seconds
228.710: [GC [PSYoungGen: 17932K->646K(18432K)] 35874K->18636K(54784K), 0.0011610 secs] [Times: user=0.00 sys=0.00, real=0.00 secs] 
228.711: Total time for which application threads were stopped: 0.0090980 seconds, Stopping threads took: 0.0078460 seconds
228.878: Application time: 0.1668700 seconds
228.885: [GC [PSYoungGen: 17891K->435K(18432K)] 35881K->18481K(54784K), 0.0005530 secs] [Times: user=0.01 sys=0.00, real=0.00 secs] 
228.885: Total time for which application threads were stopped: 0.0074940 seconds, Stopping threads took: 0.0068680 seconds
229.062: Application time: 0.1768810 seconds
229.074: [GC [PSYoungGen: 17836K->646K(18432K)] 35882K->18812K(54784K), 0.0004980 secs] [Times: user=0.00 sys=0.00, real=0.00 secs] 
229.074: Total time for which application threads were stopped: 0.0124460 seconds, Stopping threads took: 0.0118690 seconds
229.252: Application time: 0.1777820 seconds
229.268: [GC [PSYoungGen: 17930K->646K(18432K)] 36096K->18812K(54784K), 0.0004390 secs] [Times: user=0.01 sys=0.00, real=0.00 secs] 
229.269: Total time for which application threads were stopped: 0.0166930 seconds, Stopping threads took: 0.0161760 seconds
229.449: Application time: 0.1802180 seconds
229.463: [GC [PSYoungGen: 17930K->646K(18432K)] 36096K->18876K(54784K), 0.0004840 secs] [Times: user=0.00 sys=0.00, real=0.00 secs] 
229.463: Total time for which application threads were stopped: 0.0141160 seconds, Stopping threads took: 0.0135650 seconds
229.632: Application time: 0.1690440 seconds
229.637: [GC [PSYoungGen: 17852K->614K(18432K)] 36082K->18900K(54784K), 0.0005180 secs] [Times: user=0.00 sys=0.00, real=0.00 secs] 
229.638: Total time for which application threads were stopped: 0.0055870 seconds, Stopping threads took: 0.0049820 seconds
229.801: Application time: 0.1628650 seconds
229.807: [GC [PSYoungGen: 17898K->646K(18432K)] 36184K->18932K(54784K), 0.0005140 secs] [Times: user=0.00 sys=0.00, real=0.00 secs] 
229.808: Total time for which application threads were stopped: 0.0072180 seconds, Stopping threads took: 0.0066330 seconds
229.986: Application time: 0.1779670 seconds
229.997: [GC [PSYoungGen: 17930K->646K(18432K)] 36216K->18972K(54784K), 0.0005550 secs] [Times: user=0.00 sys=0.00, real=0.00 secs] 
229.998: Total time for which application threads were stopped: 0.0120810 seconds, Stopping threads took: 0.0114330 seconds
230.169: Application time: 0.1706880 seconds
230.183: [GC [PSYoungGen: 17930K->646K(18432K)] 36256K->19028K(54784K), 0.0007900 secs] [Times: user=0.00 sys=0.00, real=0.00 secs] 
230.184: Total time for which application threads were stopped: 0.0155380 seconds, Stopping threads took: 0.0146480 seconds
230.360: Application time: 0.1759230 seconds
230.377: [GC [PSYoungGen: 18008K->646K(18432K)] 36390K->19076K(54784K), 0.0007540 secs] [Times: user=0.00 sys=0.00, real=0.00 secs] 
230.378: Total time for which application threads were stopped: 0.0174740 seconds, Stopping threads took: 0.0166280 seconds
230.541: Application time: 0.1632430 seconds
230.547: [GC [PSYoungGen: 17930K->646K(18432K)] 36360K->19164K(54784K), 0.0006120 secs] [Times: user=0.00 sys=0.00, real=0.00 secs] 
230.548: Total time for which application threads were stopped: 0.0066520 seconds, Stopping threads took: 0.0059480 seconds
230.717: Application time: 0.1695510 seconds
230.725: [GC [PSYoungGen: 17930K->646K(18432K)] 36448K->19220K(54784K), 0.0004450 secs] [Times: user=0.00 sys=0.00, real=0.00 secs] 
230.725: Total time for which application threads were stopped: 0.0079480 seconds, Stopping threads took: 0.0074240 seconds
230.891: Application time: 0.1660780 seconds
230.897: [GC [PSYoungGen: 17930K->646K(18432K)] 36504K->19276K(54784K), 0.0005670 secs] [Times: user=0.00 sys=0.00, real=0.00 secs] 
230.897: Total time for which application threads were stopped: 0.0060780 seconds, Stopping threads took: 0.0054380 seconds
231.065: Application time: 0.1675320 seconds
231.072: [GC [PSYoungGen: 17852K->646K(18432K)] 36482K->19340K(54784K), 0.0004470 secs] [Times: user=0.00 sys=0.00, real=0.00 secs] 
231.073: Total time for which application threads were stopped: 0.0078400 seconds, Stopping threads took: 0.0073250 seconds
231.248: Application time: 0.1750390 seconds
231.260: [GC [PSYoungGen: 17930K->646K(18432K)] 36624K->19340K(54784K), 0.0004840 secs] [Times: user=0.00 sys=0.00, real=0.00 secs] 
231.260: Total time for which application threads were stopped: 0.0127020 seconds, Stopping threads took: 0.0121390 seconds
231.443: Application time: 0.1824780 seconds
231.458: [GC [PSYoungGen: 17930K->646K(18432K)] 36624K->19396K(54784K), 0.0004470 secs] [Times: user=0.00 sys=0.00, real=0.01 secs] 
231.458: Total time for which application threads were stopped: 0.0155070 seconds, Stopping threads took: 0.0149890 seconds
231.632: Application time: 0.1737120 seconds
231.648: [GC [PSYoungGen: 17930K->646K(18432K)] 36680K->19445K(54784K), 0.0004900 secs] [Times: user=0.00 sys=0.00, real=0.00 secs] 
231.648: Total time for which application threads were stopped: 0.0160260 seconds, Stopping threads took: 0.0154650 seconds
231.824: Application time: 0.1754660 seconds
231.836: [GC [PSYoungGen: 18008K->646K(18432K)] 36807K->19493K(54784K), 0.0006240 secs] [Times: user=0.00 sys=0.00, real=0.00 secs] 
231.836: Total time for which application threads were stopped: 0.0127710 seconds, Stopping threads took: 0.0120510 seconds
232.006: Application time: 0.1699570 seconds
232.025: [GC [PSYoungGen: 17930K->646K(18432K)] 36776K->19581K(54784K), 0.0004740 secs] [Times: user=0.00 sys=0.00, real=0.00 secs] 
232.025: Total time for which application threads were stopped: 0.0188850 seconds, Stopping threads took: 0.0183300 seconds
232.183: Application time: 0.1575400 seconds
232.194: [GC [PSYoungGen: 17930K->646K(18432K)] 36864K->19645K(54784K), 0.0005430 secs] [Times: user=0.01 sys=0.00, real=0.00 secs] 
232.194: Total time for which application threads were stopped: 0.0116010 seconds, Stopping threads took: 0.0109650 seconds
232.349: Application time: 0.1550820 seconds
232.361: [GC [PSYoungGen: 17930K->646K(18432K)] 36928K->19693K(54784K), 0.0005010 secs] [Times: user=0.00 sys=0.00, real=0.00 secs] 
232.362: Total time for which application threads were stopped: 0.0123490 seconds, Stopping threads took: 0.0117760 seconds
232.517: Application time: 0.1556800 seconds
232.531: [GC [PSYoungGen: 17852K->646K(18432K)] 36898K->19757K(54784K), 0.0005430 secs] [Times: user=0.00 sys=0.00, real=0.00 secs] 
232.531: Total time for which application threads were stopped: 0.0138730 seconds, Stopping threads took: 0.0132410 seconds
232.696: Application time: 0.1643020 seconds
232.711: [GC [PSYoungGen: 17930K->646K(18432K)] 37041K->19757K(54784K), 0.0004690 secs] [Times: user=0.00 sys=0.00, real=0.00 secs] 
232.711: Total time for which application threads were stopped: 0.0155030 seconds, Stopping threads took: 0.0149710 seconds
232.878: Application time: 0.1666070 seconds
232.896: [GC [PSYoungGen: 17930K->646K(18432K)] 37040K->19813K(54784K), 0.0004470 secs] [Times: user=0.00 sys=0.00, real=0.00 secs] 
232.897: Total time for which application threads were stopped: 0.0188420 seconds, Stopping threads took: 0.0183180 seconds
233.059: Application time: 0.1621010 seconds
233.069: [GC [PSYoungGen: 17930K->646K(18432K)] 37097K->19885K(54784K), 0.0004850 secs] [Times: user=0.00 sys=0.00, real=0.00 secs] 
233.069: Total time for which application threads were stopped: 0.0106960 seconds, Stopping threads took: 0.0101430 seconds
233.235: Application time: 0.1656810 seconds
233.247: [GC [PSYoungGen: 18008K->646K(18432K)] 37247K->19941K(54784K), 0.0005000 secs] [Times: user=0.00 sys=0.00, real=0.00 secs] 
233.248: Total time for which application threads were stopped: 0.0126440 seconds, Stopping threads took: 0.0120710 seconds
233.411: Application time: 0.1637050 seconds
233.433: [GC [PSYoungGen: 17930K->646K(18432K)] 37225K->20029K(54784K), 0.0004530 secs] [Times: user=0.00 sys=0.00, real=0.00 secs] 
233.435: Total time for which application threads were stopped: 0.0237320 seconds, Stopping threads took: 0.0219340 seconds
233.590: Application time: 0.1545290 seconds
233.603: [GC [PSYoungGen: 17930K->646K(18432K)] 37313K->20077K(54784K), 0.0005400 secs] [Times: user=0.00 sys=0.00, real=0.00 secs] 
233.604: Total time for which application threads were stopped: 0.0140510 seconds, Stopping threads took: 0.0134200 seconds
233.769: Application time: 0.1653790 seconds
233.789: [GC [PSYoungGen: 17930K->646K(18432K)] 37361K->20141K(54784K), 0.0005420 secs] [Times: user=0.00 sys=0.00, real=0.00 secs] 
233.789: Total time for which application threads were stopped: 0.0201280 seconds, Stopping threads took: 0.0195170 seconds
233.941: Application time: 0.1515870 seconds
233.959: [GC [PSYoungGen: 17930K->646K(18432K)] 37425K->20205K(54784K), 0.0005000 secs] [Times: user=0.00 sys=0.00, real=0.00 secs] 
233.960: Total time for which application threads were stopped: 0.0189800 seconds, Stopping threads took: 0.0183990 seconds
234.119: Application time: 0.1589090 seconds
234.130: [GC [PSYoungGen: 17852K->646K(18432K)] 37411K->20261K(54784K), 0.0005110 secs] [Times: user=0.00 sys=0.00, real=0.00 secs] 
234.130: Total time for which application threads were stopped: 0.0114390 seconds, Stopping threads took: 0.0108560 seconds
234.297: Application time: 0.1666980 seconds
234.319: [GC [PSYoungGen: 17932K->646K(18432K)] 37547K->20261K(54784K), 0.0004770 secs] [Times: user=0.00 sys=0.00, real=0.00 secs] 
234.319: Total time for which application threads were stopped: 0.0225230 seconds, Stopping threads took: 0.0219560 seconds
234.476: Application time: 0.1564590 seconds
234.484: [GC [PSYoungGen: 18008K->646K(18432K)] 37623K->20309K(54784K), 0.0005500 secs] [Times: user=0.01 sys=0.00, real=0.00 secs] 
234.484: Total time for which application threads were stopped: 0.0083680 seconds, Stopping threads took: 0.0077350 seconds
234.643: Application time: 0.1589010 seconds
234.650: [GC [PSYoungGen: 17930K->646K(18432K)] 37593K->20393K(54784K), 0.0004770 secs] [Times: user=0.00 sys=0.00, real=0.00 secs] 
234.651: Total time for which application threads were stopped: 0.0075360 seconds, Stopping threads took: 0.0069840 seconds
234.809: Application time: 0.1585910 seconds
234.822: [GC [PSYoungGen: 17930K->646K(18432K)] 37677K->20457K(54784K), 0.0004660 secs] [Times: user=0.00 sys=0.00, real=0.00 secs] 
234.822: Total time for which application threads were stopped: 0.0129370 seconds, Stopping threads took: 0.0123990 seconds
234.991: Application time: 0.1691110 seconds
235.001: [GC [PSYoungGen: 17930K->646K(18432K)] 37741K->20513K(54784K), 0.0005580 secs] [Times: user=0.00 sys=0.00, real=0.00 secs] 
235.001: Total time for which application threads were stopped: 0.0101340 seconds, Stopping threads took: 0.0094970 seconds
235.163: Application time: 0.1612690 seconds
235.176: [GC [PSYoungGen: 17930K->646K(18432K)] 37797K->20577K(54784K), 0.0005130 secs] [Times: user=0.01 sys=0.00, real=0.00 secs] 
235.177: Total time for which application threads were stopped: 0.0142400 seconds, Stopping threads took: 0.0136340 seconds
235.335: Application time: 0.1582690 seconds
235.345: [GC [PSYoungGen: 17852K->646K(18432K)] 37783K->20625K(54784K), 0.0004500 secs] [Times: user=0.00 sys=0.00, real=0.00 secs] 
235.345: Total time for which application threads were stopped: 0.0100230 seconds, Stopping threads took: 0.0095000 seconds
235.504: Application time: 0.1591190 seconds
235.530: [GC [PSYoungGen: 17930K->646K(18432K)] 37909K->20625K(54784K), 0.0004050 secs] [Times: user=0.00 sys=0.00, real=0.00 secs] 
235.530: Total time for which application threads were stopped: 0.0255520 seconds, Stopping threads took: 0.0250700 seconds
235.686: Application time: 0.1560270 seconds
235.698: [GC [PSYoungGen: 17930K->646K(18432K)] 37909K->20681K(54784K), 0.0004530 secs] [Times: user=0.00 sys=0.00, real=0.00 secs] 
235.698: Total time for which application threads were stopped: 0.0120430 seconds, Stopping threads took: 0.0115160 seconds
235.851: Application time: 0.1530610 seconds
235.857: [GC [PSYoungGen: 17930K->646K(18432K)] 37965K->20737K(54784K), 0.0004790 secs] [Times: user=0.00 sys=0.00, real=0.00 secs] 
235.857: Total time for which application threads were stopped: 0.0060790 seconds, Stopping threads took: 0.0055360 seconds
236.023: Application time: 0.1659940 seconds
236.041: [GC [PSYoungGen: 18008K->646K(18432K)] 38099K->20785K(54784K), 0.0005330 secs] [Times: user=0.00 sys=0.00, real=0.00 secs] 
236.042: Total time for which application threads were stopped: 0.0187410 seconds, Stopping threads took: 0.0181040 seconds
236.208: Application time: 0.1663450 seconds
236.214: [GC [PSYoungGen: 17930K->646K(18432K)] 38069K->20889K(54784K), 0.0005800 secs] [Times: user=0.01 sys=0.00, real=0.00 secs] 
236.215: Total time for which application threads were stopped: 0.0066650 seconds, Stopping threads took: 0.0060130 seconds
236.386: Application time: 0.1708300 seconds
236.391: [GC [PSYoungGen: 17930K->646K(18432K)] 38173K->20953K(54784K), 0.0007490 secs] [Times: user=0.01 sys=0.00, real=0.00 secs] 
236.392: Total time for which application threads were stopped: 0.0057650 seconds, Stopping threads took: 0.0049460 seconds
236.566: Application time: 0.1744740 seconds
236.580: [GC [PSYoungGen: 17930K->646K(18432K)] 38237K->21009K(54784K), 0.0006320 secs] [Times: user=0.01 sys=0.00, real=0.00 secs] 
236.580: Total time for which application threads were stopped: 0.0144200 seconds, Stopping threads took: 0.0136850 seconds
236.748: Application time: 0.1672480 seconds
236.757: [GC [PSYoungGen: 17852K->646K(18432K)] 38215K->21057K(54784K), 0.0005390 secs] [Times: user=0.00 sys=0.00, real=0.00 secs] 
236.757: Total time for which application threads were stopped: 0.0093690 seconds, Stopping threads took: 0.0087600 seconds
236.930: Application time: 0.1733700 seconds
236.942: [GC [PSYoungGen: 17930K->646K(18432K)] 38341K->21057K(54784K), 0.0006440 secs] [Times: user=0.00 sys=0.00, real=0.00 secs] 
236.943: Total time for which application threads were stopped: 0.0123600 seconds, Stopping threads took: 0.0116450 seconds
237.124: Application time: 0.1810390 seconds
237.136: [GC [PSYoungGen: 17932K->646K(18432K)] 38343K->21113K(54784K), 0.0007810 secs] [Times: user=0.00 sys=0.00, real=0.00 secs] 
237.137: Total time for which application threads were stopped: 0.0133860 seconds, Stopping threads took: 0.0125020 seconds
237.315: Application time: 0.1775120 seconds
237.328: [GC [PSYoungGen: 17930K->646K(18432K)] 38397K->21154K(54784K), 0.0007130 secs] [Times: user=0.00 sys=0.00, real=0.00 secs] 
237.329: Total time for which application threads were stopped: 0.0142840 seconds, Stopping threads took: 0.0134800 seconds
237.504: Application time: 0.1750900 seconds
237.515: [GC [PSYoungGen: 18008K->646K(18432K)] 38516K->21218K(54784K), 0.0007530 secs] [Times: user=0.00 sys=0.00, real=0.00 secs] 
237.516: Total time for which application threads were stopped: 0.0113630 seconds, Stopping threads took: 0.0105270 seconds
237.679: Application time: 0.1631600 seconds
237.686: [GC [PSYoungGen: 17930K->646K(18432K)] 38502K->21298K(54784K), 0.0005970 secs] [Times: user=0.00 sys=0.00, real=0.01 secs] 
237.686: Total time for which application threads were stopped: 0.0075610 seconds, Stopping threads took: 0.0068590 seconds
237.863: Application time: 0.1765300 seconds
237.878: [GC [PSYoungGen: 17930K->646K(18432K)] 38581K->21362K(54784K), 0.0004930 secs] [Times: user=0.01 sys=0.00, real=0.00 secs] 
237.879: Total time for which application threads were stopped: 0.0161740 seconds, Stopping threads took: 0.0156040 seconds
238.047: Application time: 0.1683400 seconds
238.053: [GC [PSYoungGen: 17930K->646K(18432K)] 38645K->21426K(54784K), 0.0005760 secs] [Times: user=0.00 sys=0.00, real=0.00 secs] 
238.054: Total time for which application threads were stopped: 0.0066580 seconds, Stopping threads took: 0.0060070 seconds
238.223: Application time: 0.1690020 seconds
238.229: [GC [PSYoungGen: 18047K->841K(18432K)] 38827K->21677K(54784K), 0.0005210 secs] [Times: user=0.00 sys=0.00, real=0.00 secs] 
238.230: Total time for which application threads were stopped: 0.0068550 seconds, Stopping threads took: 0.0062230 seconds
238.396: Application time: 0.1659540 seconds
238.409: [GC [PSYoungGen: 17930K->646K(18432K)] 38766K->21482K(54784K), 0.0007380 secs] [Times: user=0.01 sys=0.00, real=0.00 secs] 
238.410: Total time for which application threads were stopped: 0.0138140 seconds, Stopping threads took: 0.0129820 seconds
238.579: Application time: 0.1695200 seconds
238.583: [GC [PSYoungGen: 17930K->646K(18432K)] 38765K->21546K(54784K), 0.0005110 secs] [Times: user=0.00 sys=0.00, real=0.00 secs] 
238.584: Total time for which application threads were stopped: 0.0052910 seconds, Stopping threads took: 0.0035730 seconds
238.755: Application time: 0.1709380 seconds
238.772: [GC [PSYoungGen: 17930K->646K(18432K)] 38830K->21594K(54784K), 0.0005290 secs] [Times: user=0.01 sys=0.00, real=0.00 secs] 
238.773: Total time for which application threads were stopped: 0.0176210 seconds, Stopping threads took: 0.0169860 seconds
238.952: Application time: 0.1788770 seconds
238.961: [GC [PSYoungGen: 18008K->646K(18432K)] 38956K->21658K(54784K), 0.0004780 secs] [Times: user=0.01 sys=0.00, real=0.00 secs] 
238.961: Total time for which application threads were stopped: 0.0094410 seconds, Stopping threads took: 0.0088670 seconds
239.127: Application time: 0.1654690 seconds
239.133: [GC [PSYoungGen: 17930K->646K(18432K)] 38942K->21762K(54784K), 0.0006650 secs] [Times: user=0.00 sys=0.00, real=0.00 secs] 
239.133: Total time for which application threads were stopped: 0.0065930 seconds, Stopping threads took: 0.0058510 seconds
239.301: Application time: 0.1674590 seconds
239.307: [GC [PSYoungGen: 17930K->646K(18432K)] 39046K->21818K(54784K), 0.0009600 secs] [Times: user=0.00 sys=0.00, real=0.00 secs] 
239.308: Total time for which application threads were stopped: 0.0069300 seconds, Stopping threads took: 0.0058790 seconds
239.480: Application time: 0.1725230 seconds
239.500: [GC [PSYoungGen: 17930K->614K(18432K)] 39102K->21834K(54784K), 0.0004820 secs] [Times: user=0.00 sys=0.00, real=0.00 secs] 
239.501: Total time for which application threads were stopped: 0.0205440 seconds, Stopping threads took: 0.0199870 seconds
239.667: Application time: 0.1663530 seconds
239.674: [GC [PSYoungGen: 17820K->646K(18432K)] 39040K->21914K(54784K), 0.0004980 secs] [Times: user=0.00 sys=0.00, real=0.00 secs] 
239.675: Total time for which application threads were stopped: 0.0076940 seconds, Stopping threads took: 0.0071280 seconds
239.849: Application time: 0.1741690 seconds
239.863: [GC [PSYoungGen: 17930K->646K(18432K)] 39198K->21914K(54784K), 0.0005300 secs] [Times: user=0.00 sys=0.00, real=0.00 secs] 
239.863: Total time for which application threads were stopped: 0.0142510 seconds, Stopping threads took: 0.0136440 seconds
240.033: Application time: 0.1695920 seconds
240.054: [GC [PSYoungGen: 17930K->582K(18432K)] 39198K->21914K(54784K), 0.0004580 secs] [Times: user=0.00 sys=0.00, real=0.00 secs] 
240.054: Total time for which application threads were stopped: 0.0212320 seconds, Stopping threads took: 0.0207050 seconds
240.212: Application time: 0.1575570 seconds
240.222: [GC [PSYoungGen: 17944K->614K(18432K)] 39276K->21994K(54784K), 0.0004310 secs] [Times: user=0.00 sys=0.00, real=0.00 secs] 
240.222: Total time for which application threads were stopped: 0.0106830 seconds, Stopping threads took: 0.0101850 seconds
240.379: Application time: 0.1562070 seconds
240.388: [GC [PSYoungGen: 17898K->646K(18432K)] 39278K->22106K(54784K), 0.0004850 secs] [Times: user=0.00 sys=0.00, real=0.00 secs] 
240.389: Total time for which application threads were stopped: 0.0103160 seconds, Stopping threads took: 0.0097500 seconds
240.548: Application time: 0.1595960 seconds
240.570: [GC [PSYoungGen: 17930K->646K(18432K)] 39390K->22170K(54784K), 0.0004800 secs] [Times: user=0.00 sys=0.01, real=0.00 secs] 
240.571: Total time for which application threads were stopped: 0.0220810 seconds, Stopping threads took: 0.0215290 seconds
240.735: Application time: 0.1643890 seconds
240.762: [GC [PSYoungGen: 17930K->646K(18432K)] 39454K->22234K(54784K), 0.0004880 secs] [Times: user=0.00 sys=0.00, real=0.00 secs] 
240.763: Total time for which application threads were stopped: 0.0277490 seconds, Stopping threads took: 0.0271910 seconds
240.931: Application time: 0.1684360 seconds
240.951: [GC [PSYoungGen: 17932K->646K(18432K)] 39520K->22282K(54784K), 0.0004510 secs] [Times: user=0.00 sys=0.00, real=0.00 secs] 
240.951: Total time for which application threads were stopped: 0.0200740 seconds, Stopping threads took: 0.0195500 seconds
241.102: Application time: 0.1505270 seconds
241.115: [GC [PSYoungGen: 17852K->646K(18432K)] 39488K->22330K(54784K), 0.0004900 secs] [Times: user=0.00 sys=0.00, real=0.00 secs] 
241.116: Total time for which application threads were stopped: 0.0138850 seconds, Stopping threads took: 0.0133230 seconds
241.263: Application time: 0.1471740 seconds
241.280: [GC [PSYoungGen: 17930K->646K(18432K)] 39614K->22330K(54784K), 0.0004690 secs] [Times: user=0.01 sys=0.00, real=0.00 secs] 
241.280: Total time for which application threads were stopped: 0.0174720 seconds, Stopping threads took: 0.0169340 seconds
241.445: Application time: 0.1649030 seconds
241.457: [GC [PSYoungGen: 17930K->646K(18432K)] 39614K->22386K(54784K), 0.0004470 secs] [Times: user=0.00 sys=0.00, real=0.00 secs] 
241.457: Total time for which application threads were stopped: 0.0118100 seconds, Stopping threads took: 0.0112800 seconds
241.620: Application time: 0.1627540 seconds
241.627: [GC [PSYoungGen: 18008K->646K(18432K)] 39748K->22434K(54784K), 0.0005010 secs] [Times: user=0.00 sys=0.00, real=0.00 secs] 
241.627: Total time for which application threads were stopped: 0.0074330 seconds, Stopping threads took: 0.0068620 seconds
241.779: Application time: 0.1520940 seconds
241.789: [GC [PSYoungGen: 18008K->646K(18432K)] 39796K->22514K(54784K), 0.0005840 secs] [Times: user=0.00 sys=0.00, real=0.00 secs] 
241.789: Total time for which application threads were stopped: 0.0099840 seconds, Stopping threads took: 0.0093300 seconds
241.942: Application time: 0.1526820 seconds
241.949: [GC [PSYoungGen: 17852K->646K(18432K)] 39720K->22610K(54784K), 0.0005150 secs] [Times: user=0.00 sys=0.00, real=0.00 secs] 
241.949: Total time for which application threads were stopped: 0.0074130 seconds, Stopping threads took: 0.0068300 seconds
242.117: Application time: 0.1678830 seconds
242.141: [GC [PSYoungGen: 17930K->646K(18432K)] 39894K->22610K(54784K), 0.0004450 secs] [Times: user=0.00 sys=0.00, real=0.00 secs] 
242.141: Total time for which application threads were stopped: 0.0240820 seconds, Stopping threads took: 0.0235610 seconds
242.312: Application time: 0.1706630 seconds
242.328: [GC [PSYoungGen: 17930K->646K(18432K)] 39894K->22682K(54784K), 0.0004930 secs] [Times: user=0.01 sys=0.00, real=0.00 secs] 
242.328: Total time for which application threads were stopped: 0.0164230 seconds, Stopping threads took: 0.0158590 seconds
242.486: Application time: 0.1570240 seconds
242.494: [GC [PSYoungGen: 17852K->614K(18432K)] 39888K->22706K(54784K), 0.0004500 secs] [Times: user=0.01 sys=0.00, real=0.00 secs] 
242.494: Total time for which application threads were stopped: 0.0088110 seconds, Stopping threads took: 0.0082940 seconds
242.656: Application time: 0.1611960 seconds
242.670: [GC [PSYoungGen: 17898K->646K(18432K)] 39990K->22738K(54784K), 0.0004720 secs] [Times: user=0.00 sys=0.00, real=0.00 secs] 
242.671: Total time for which application threads were stopped: 0.0154270 seconds, Stopping threads took: 0.0148770 seconds
242.839: Application time: 0.1678750 seconds
242.860: [GC [PSYoungGen: 17932K->646K(18432K)] 40024K->22794K(54784K), 0.0004760 secs] [Times: user=0.00 sys=0.00, real=0.00 secs] 
242.861: Total time for which application threads were stopped: 0.0220060 seconds, Stopping threads took: 0.0214660 seconds
243.024: Application time: 0.1632380 seconds
243.041: [GC [PSYoungGen: 18008K->646K(18432K)] 40157K->22843K(54784K), 0.0006060 secs] [Times: user=0.01 sys=0.00, real=0.00 secs] 
243.042: Total time for which application threads were stopped: 0.0178930 seconds, Stopping threads took: 0.0172170 seconds
243.208: Application time: 0.1662680 seconds
243.222: [GC [PSYoungGen: 18008K->646K(18432K)] 40205K->22923K(54784K), 0.0005340 secs] [Times: user=0.00 sys=0.00, real=0.00 secs] 
243.223: Total time for which application threads were stopped: 0.0142820 seconds, Stopping threads took: 0.0136680 seconds
243.376: Application time: 0.1530000 seconds
243.390: [GC [PSYoungGen: 17852K->646K(18432K)] 40128K->23011K(54784K), 0.0005100 secs] [Times: user=0.00 sys=0.00, real=0.00 secs] 
243.390: Total time for which application threads were stopped: 0.0145550 seconds, Stopping threads took: 0.0139730 seconds
243.554: Application time: 0.1640540 seconds
243.565: [GC [PSYoungGen: 17930K->646K(18432K)] 40294K->23011K(54784K), 0.0006100 secs] [Times: user=0.01 sys=0.00, real=0.00 secs] 
243.566: Total time for which application threads were stopped: 0.0115340 seconds, Stopping threads took: 0.0108550 seconds
243.730: Application time: 0.1647320 seconds
243.745: [GC [PSYoungGen: 17930K->646K(18432K)] 40294K->23067K(54784K), 0.0006220 secs] [Times: user=0.00 sys=0.00, real=0.01 secs] 
243.747: Total time for which application threads were stopped: 0.0163760 seconds, Stopping threads took: 0.0146900 seconds
243.906: Application time: 0.1590070 seconds
243.918: [GC [PSYoungGen: 17852K->646K(18432K)] 40272K->23131K(54784K), 0.0004950 secs] [Times: user=0.00 sys=0.00, real=0.01 secs] 
243.918: Total time for which application threads were stopped: 0.0125040 seconds, Stopping threads took: 0.0119110 seconds
244.074: Application time: 0.1551870 seconds
244.082: [GC [PSYoungGen: 17930K->646K(18432K)] 40415K->23131K(54784K), 0.0006400 secs] [Times: user=0.00 sys=0.00, real=0.00 secs] 
244.083: Total time for which application threads were stopped: 0.0093140 seconds, Stopping threads took: 0.0086060 seconds
244.240: Application time: 0.1570200 seconds
244.251: [GC [PSYoungGen: 17930K->646K(18432K)] 40414K->23179K(54784K), 0.0004910 secs] [Times: user=0.00 sys=0.00, real=0.00 secs] 
244.251: Total time for which application threads were stopped: 0.0113030 seconds, Stopping threads took: 0.0107330 seconds
244.413: Application time: 0.1616760 seconds
244.419: [GC [PSYoungGen: 17930K->646K(18432K)] 40463K->23243K(54784K), 0.0004790 secs] [Times: user=0.00 sys=0.00, real=0.00 secs] 
244.419: Total time for which application threads were stopped: 0.0062500 seconds, Stopping threads took: 0.0056950 seconds
244.585: Application time: 0.1657450 seconds
244.604: [GC [PSYoungGen: 18008K->646K(18432K)] 40605K->23307K(54784K), 0.0005030 secs] [Times: user=0.00 sys=0.00, real=0.00 secs] 
244.604: Total time for which application threads were stopped: 0.0193370 seconds, Stopping threads took: 0.0187460 seconds
244.760: Application time: 0.1558830 seconds
244.768: [GC [PSYoungGen: 17930K->646K(18432K)] 40591K->23395K(54784K), 0.0005150 secs] [Times: user=0.00 sys=0.00, real=0.00 secs] 
244.768: Total time for which application threads were stopped: 0.0083090 seconds, Stopping threads took: 0.0077160 seconds
244.925: Application time: 0.1567390 seconds
244.936: [GC [PSYoungGen: 17930K->646K(18432K)] 40679K->23459K(54784K), 0.0005780 secs] [Times: user=0.01 sys=0.00, real=0.00 secs] 
244.937: Total time for which application threads were stopped: 0.0116800 seconds, Stopping threads took: 0.0110130 seconds
245.092: Application time: 0.1547620 seconds
245.103: [GC [PSYoungGen: 17930K->646K(18432K)] 40743K->23523K(54784K), 0.0004630 secs] [Times: user=0.01 sys=0.00, real=0.00 secs] 
245.104: Total time for which application threads were stopped: 0.0122040 seconds, Stopping threads took: 0.0116690 seconds
245.259: Application time: 0.1556220 seconds
245.272: [GC [PSYoungGen: 17852K->582K(18432K)] 40729K->23523K(54784K), 0.0005540 secs] [Times: user=0.01 sys=0.00, real=0.00 secs] 
245.272: Total time for which application threads were stopped: 0.0130900 seconds, Stopping threads took: 0.0124610 seconds
245.430: Application time: 0.1571340 seconds
245.438: [GC [PSYoungGen: 17866K->582K(18432K)] 40807K->23523K(54784K), 0.0005220 secs] [Times: user=0.00 sys=0.00, real=0.01 secs] 
245.438: Total time for which application threads were stopped: 0.0086470 seconds, Stopping threads took: 0.0080450 seconds
245.590: Application time: 0.1512950 seconds
245.595: [GC [PSYoungGen: 17866K->646K(18432K)] 40807K->23651K(54784K), 0.0005160 secs] [Times: user=0.00 sys=0.00, real=0.00 secs] 
245.595: Total time for which application threads were stopped: 0.0056690 seconds, Stopping threads took: 0.0050780 seconds
245.760: Application time: 0.1643910 seconds
245.779: [GC [PSYoungGen: 17930K->646K(18432K)] 40935K->23715K(54784K), 0.0004550 secs] [Times: user=0.00 sys=0.00, real=0.00 secs] 
245.779: Total time for which application threads were stopped: 0.0197500 seconds, Stopping threads took: 0.0192210 seconds
245.941: Application time: 0.1616230 seconds
245.956: [GC [PSYoungGen: 18008K->646K(18432K)] 41077K->23771K(54784K), 0.0006030 secs] [Times: user=0.01 sys=0.00, real=0.00 secs] 
245.957: Total time for which application threads were stopped: 0.0154970 seconds, Stopping threads took: 0.0148050 seconds
246.109: Application time: 0.1529780 seconds
246.121: [GC [PSYoungGen: 17930K->646K(18432K)] 41055K->23871K(54784K), 0.0005380 secs] [Times: user=0.00 sys=0.00, real=0.00 secs] 
246.121: Total time for which application threads were stopped: 0.0117670 seconds, Stopping threads took: 0.0111340 seconds
246.274: Application time: 0.1528300 seconds
246.282: [GC [PSYoungGen: 17930K->646K(18432K)] 41155K->23927K(54784K), 0.0005110 secs] [Times: user=0.00 sys=0.00, real=0.00 secs] 
246.283: Total time for which application threads were stopped: 0.0084100 seconds, Stopping threads took: 0.0078180 seconds
246.452: Application time: 0.1698320 seconds
246.475: [GC [PSYoungGen: 17930K->614K(18432K)] 41211K->23935K(54784K), 0.0023140 secs] [Times: user=0.01 sys=0.00, real=0.00 secs] 
246.477: Total time for which application threads were stopped: 0.0246750 seconds, Stopping threads took: 0.0222820 seconds
246.634: Application time: 0.1567710 seconds
246.642: [GC [PSYoungGen: 17820K->646K(18432K)] 41141K->24031K(54784K), 0.0005080 secs] [Times: user=0.00 sys=0.00, real=0.00 secs] 
246.643: Total time for which application threads were stopped: 0.0091580 seconds, Stopping threads took: 0.0085750 seconds
246.797: Application time: 0.1539770 seconds
246.811: [GC [PSYoungGen: 17930K->646K(18432K)] 41315K->24031K(54784K), 0.0004930 secs] [Times: user=0.01 sys=0.00, real=0.00 secs] 
246.812: Total time for which application threads were stopped: 0.0146320 seconds, Stopping threads took: 0.0140590 seconds
246.980: Application time: 0.1683070 seconds
246.993: [GC [PSYoungGen: 17930K->646K(18432K)] 41315K->24095K(54784K), 0.0004620 secs] [Times: user=0.00 sys=0.00, real=0.00 secs] 
246.993: Total time for which application threads were stopped: 0.0131830 seconds, Stopping threads took: 0.0126500 seconds
247.164: Application time: 0.1714240 seconds
247.178: [GC [PSYoungGen: 17930K->646K(18432K)] 41379K->24167K(54784K), 0.0007310 secs] [Times: user=0.00 sys=0.00, real=0.01 secs] 
247.178: Total time for which application threads were stopped: 0.0138480 seconds, Stopping threads took: 0.0130440 seconds
247.330: Application time: 0.1518460 seconds
247.342: [GC [PSYoungGen: 18008K->646K(18432K)] 41529K->24223K(54784K), 0.0004590 secs] [Times: user=0.00 sys=0.00, real=0.00 secs] 
247.342: Total time for which application threads were stopped: 0.0120830 seconds, Stopping threads took: 0.0115490 seconds
247.499: Application time: 0.1567020 seconds
247.517: [GC [PSYoungGen: 17930K->550K(18432K)] 41507K->24199K(54784K), 0.0004480 secs] [Times: user=0.00 sys=0.00, real=0.00 secs] 
247.518: Total time for which application threads were stopped: 0.0188770 seconds, Stopping threads took: 0.0183450 seconds
247.670: Application time: 0.1522470 seconds
247.684: [GC [PSYoungGen: 17834K->646K(18432K)] 41483K->24343K(54784K), 0.0006670 secs] [Times: user=0.01 sys=0.00, real=0.00 secs] 
247.685: Total time for which application threads were stopped: 0.0150530 seconds, Stopping threads took: 0.0142960 seconds
247.842: Application time: 0.1565970 seconds
247.852: [GC [PSYoungGen: 17930K->646K(18432K)] 41627K->24415K(54784K), 0.0005060 secs] [Times: user=0.00 sys=0.00, real=0.00 secs] 
247.853: Total time for which application threads were stopped: 0.0110840 seconds, Stopping threads took: 0.0104760 seconds
248.014: Application time: 0.1612830 seconds
248.032: [GC [PSYoungGen: 17852K->646K(18432K)] 41621K->24479K(54784K), 0.0005770 secs] [Times: user=0.00 sys=0.00, real=0.00 secs] 
248.032: Total time for which application threads were stopped: 0.0181770 seconds, Stopping threads took: 0.0175070 seconds
248.207: Application time: 0.1748710 seconds
248.219: [GC [PSYoungGen: 17930K->646K(18432K)] 41763K->24479K(54784K), 0.0005130 secs] [Times: user=0.00 sys=0.00, real=0.00 secs] 
248.219: Total time for which application threads were stopped: 0.0121600 seconds, Stopping threads took: 0.0115800 seconds
248.387: Application time: 0.1674450 seconds
248.398: [GC [PSYoungGen: 17930K->646K(18432K)] 41763K->24544K(54784K), 0.0005190 secs] [Times: user=0.01 sys=0.00, real=0.01 secs] 
248.398: Total time for which application threads were stopped: 0.0114960 seconds, Stopping threads took: 0.0108530 seconds
248.573: Application time: 0.1751890 seconds
248.596: [GC [PSYoungGen: 17930K->614K(18432K)] 41827K->24552K(54784K), 0.0005410 secs] [Times: user=0.00 sys=0.00, real=0.00 secs] 
248.596: Total time for which application threads were stopped: 0.0226030 seconds, Stopping threads took: 0.0219880 seconds
248.774: Application time: 0.1781210 seconds
248.784: [GC [PSYoungGen: 17976K->646K(18432K)] 41914K->24640K(54784K), 0.0005020 secs] [Times: user=0.00 sys=0.00, real=0.00 secs] 
248.786: Total time for which application threads were stopped: 0.0113640 seconds, Stopping threads took: 0.0096960 seconds
248.952: Application time: 0.1667170 seconds
248.958: [GC [PSYoungGen: 17930K->646K(18432K)] 41924K->24728K(54784K), 0.0004880 secs] [Times: user=0.00 sys=0.00, real=0.01 secs] 
248.958: Total time for which application threads were stopped: 0.0060510 seconds, Stopping threads took: 0.0054630 seconds
249.135: Application time: 0.1770240 seconds
249.147: [GC [PSYoungGen: 17932K->646K(18432K)] 42013K->24792K(54784K), 0.0004790 secs] [Times: user=0.00 sys=0.00, real=0.00 secs] 
249.147: Total time for which application threads were stopped: 0.0116900 seconds, Stopping threads took: 0.0111370 seconds
249.312: Application time: 0.1645480 seconds
249.316: [GC [PSYoungGen: 17930K->598K(18432K)] 42075K->24800K(54784K), 0.0005300 secs] [Times: user=0.01 sys=0.00, real=0.00 secs] 
249.317: Total time for which application threads were stopped: 0.0051080 seconds, Stopping threads took: 0.0045020 seconds
249.485: Application time: 0.1678410 seconds
249.492: [GC [PSYoungGen: 17999K->841K(18432K)] 42201K->25099K(54784K), 0.0007470 secs] [Times: user=0.00 sys=0.00, real=0.00 secs] 
249.492: Total time for which application threads were stopped: 0.0077890 seconds, Stopping threads took: 0.0069470 seconds
249.664: Application time: 0.1717420 seconds
249.673: [GC [PSYoungGen: 17930K->646K(18432K)] 42187K->24904K(54784K), 0.0005650 secs] [Times: user=0.00 sys=0.00, real=0.00 secs] 
249.674: Total time for which application threads were stopped: 0.0098510 seconds, Stopping threads took: 0.0091930 seconds
249.854: Application time: 0.1797410 seconds
249.871: [GC [PSYoungGen: 17930K->646K(18432K)] 42188K->24968K(54784K), 0.0005190 secs] [Times: user=0.00 sys=0.00, real=0.00 secs] 
249.872: Total time for which application threads were stopped: 0.0181700 seconds, Stopping threads took: 0.0175780 seconds
250.039: Application time: 0.1674650 seconds
250.046: [GC [PSYoungGen: 17930K->646K(18432K)] 42252K->25008K(54784K), 0.0005410 secs] [Times: user=0.00 sys=0.00, real=0.01 secs] 
250.047: Total time for which application threads were stopped: 0.0073260 seconds, Stopping threads took: 0.0067010 seconds
250.225: Application time: 0.1785260 seconds
250.232: [GC [PSYoungGen: 17891K->451K(18432K)] 42253K->24876K(54784K), 0.0005330 secs] [Times: user=0.00 sys=0.00, real=0.00 secs] 
250.233: Total time for which application threads were stopped: 0.0077850 seconds, Stopping threads took: 0.0071750 seconds
250.404: Application time: 0.1706650 seconds
250.410: [GC [PSYoungGen: 17852K->646K(18432K)] 42277K->25208K(54784K), 0.0005440 secs] [Times: user=0.01 sys=0.00, real=0.00 secs] 
250.411: Total time for which application threads were stopped: 0.0073490 seconds, Stopping threads took: 0.0067140 seconds
250.580: Application time: 0.1691530 seconds
250.585: [GC [PSYoungGen: 17930K->646K(18432K)] 42492K->25208K(54784K), 0.0005210 secs] [Times: user=0.00 sys=0.00, real=0.00 secs] 
250.586: Total time for which application threads were stopped: 0.0058230 seconds, Stopping threads took: 0.0052200 seconds
250.760: Application time: 0.1743780 seconds
250.779: [GC [PSYoungGen: 17930K->646K(18432K)] 42492K->25272K(54784K), 0.0005100 secs] [Times: user=0.00 sys=0.00, real=0.00 secs] 
250.780: Total time for which application threads were stopped: 0.0194660 seconds, Stopping threads took: 0.0188810 seconds
250.945: Application time: 0.1647520 seconds
250.952: [GC [PSYoungGen: 17852K->614K(18432K)] 42478K->25304K(54784K), 0.0004890 secs] [Times: user=0.00 sys=0.00, real=0.00 secs] 
250.953: Total time for which application threads were stopped: 0.0082760 seconds, Stopping threads took: 0.0076950 seconds
251.129: Application time: 0.1765730 seconds
251.143: [GC [PSYoungGen: 17898K->646K(18432K)] 42588K->25336K(54784K), 0.0004990 secs] [Times: user=0.00 sys=0.00, real=0.00 secs] 
251.144: Total time for which application threads were stopped: 0.0145420 seconds, Stopping threads took: 0.0139640 seconds
251.319: Application time: 0.1748810 seconds
251.330: [GC [PSYoungGen: 17930K->646K(18432K)] 42620K->25384K(54784K), 0.0005470 secs] [Times: user=0.00 sys=0.00, real=0.00 secs] 
251.331: Total time for which application threads were stopped: 0.0117860 seconds, Stopping threads took: 0.0111670 seconds
251.514: Application time: 0.1837010 seconds
251.528: [GC [PSYoungGen: 17930K->646K(18432K)] 42668K->25440K(54784K), 0.0005100 secs] [Times: user=0.00 sys=0.00, real=0.00 secs] 
251.529: Total time for which application threads were stopped: 0.0145860 seconds, Stopping threads took: 0.0139790 seconds
251.707: Application time: 0.1777360 seconds
251.720: [GC [PSYoungGen: 18008K->646K(18432K)] 42802K->25488K(54784K), 0.0006560 secs] [Times: user=0.00 sys=0.00, real=0.00 secs] 
251.721: Total time for which application threads were stopped: 0.0140230 seconds, Stopping threads took: 0.0132870 seconds
251.888: Application time: 0.1673720 seconds
251.896: [GC [PSYoungGen: 17930K->646K(18432K)] 42772K->25584K(54784K), 0.0006780 secs] [Times: user=0.00 sys=0.00, real=0.00 secs] 
251.897: Total time for which application threads were stopped: 0.0085030 seconds, Stopping threads took: 0.0077540 seconds
252.062: Application time: 0.1654020 seconds
252.072: [GC [PSYoungGen: 17930K->614K(18432K)] 42868K->25608K(54784K), 0.0005700 secs] [Times: user=0.00 sys=0.00, real=0.00 secs] 
252.073: Total time for which application threads were stopped: 0.0110330 seconds, Stopping threads took: 0.0103710 seconds
252.231: Application time: 0.1579620 seconds
252.240: [GC [PSYoungGen: 17898K->646K(18432K)] 42892K->25696K(54784K), 0.0004610 secs] [Times: user=0.01 sys=0.00, real=0.00 secs] 
252.241: Total time for which application threads were stopped: 0.0098580 seconds, Stopping threads took: 0.0093190 seconds
252.399: Application time: 0.1585640 seconds
252.406: [GC [PSYoungGen: 17852K->646K(18432K)] 42902K->25752K(54784K), 0.0005130 secs] [Times: user=0.01 sys=0.00, real=0.00 secs] 
252.407: Total time for which application threads were stopped: 0.0075030 seconds, Stopping threads took: 0.0069110 seconds
252.568: Application time: 0.1606210 seconds
252.588: [GC [PSYoungGen: 17930K->646K(18432K)] 43036K->25752K(54784K), 0.0004810 secs] [Times: user=0.00 sys=0.00, real=0.00 secs] 
252.588: Total time for which application threads were stopped: 0.0205020 seconds, Stopping threads took: 0.0199510 seconds
252.743: Application time: 0.1553710 seconds
252.755: [GC [PSYoungGen: 17930K->646K(18432K)] 43036K->25800K(54784K), 0.0004900 secs] [Times: user=0.00 sys=0.00, real=0.00 secs] 
252.756: Total time for which application threads were stopped: 0.0124710 seconds, Stopping threads took: 0.0119060 seconds
252.925: Application time: 0.1691350 seconds
252.945: [GC [PSYoungGen: 17930K->646K(18432K)] 43084K->25864K(54784K), 0.0004950 secs] [Times: user=0.00 sys=0.00, real=0.00 secs] 
252.945: Total time for which application threads were stopped: 0.0203670 seconds, Stopping threads took: 0.0198040 seconds
253.109: Application time: 0.1631720 seconds
253.128: [GC [PSYoungGen: 18008K->646K(18432K)] 43226K->25920K(54784K), 0.0005110 secs] [Times: user=0.01 sys=0.00, real=0.00 secs] 
253.128: Total time for which application threads were stopped: 0.0197720 seconds, Stopping threads took: 0.0191940 seconds
253.292: Application time: 0.1636480 seconds
253.308: [GC [PSYoungGen: 17930K->646K(18432K)] 43204K->26016K(54784K), 0.0005660 secs] [Times: user=0.00 sys=0.00, real=0.00 secs] 
253.309: Total time for which application threads were stopped: 0.0165750 seconds, Stopping threads took: 0.0159280 seconds
253.479: Application time: 0.1707970 seconds
253.490: [GC [PSYoungGen: 17930K->614K(18432K)] 43300K->26040K(54784K), 0.0006320 secs] [Times: user=0.00 sys=0.00, real=0.00 secs] 
253.490: Total time for which application threads were stopped: 0.0108680 seconds, Stopping threads took: 0.0101440 seconds
253.657: Application time: 0.1663400 seconds
253.668: [GC [PSYoungGen: 17898K->646K(18432K)] 43324K->26128K(54784K), 0.0005610 secs] [Times: user=0.00 sys=0.00, real=0.00 secs] 
253.668: Total time for which application threads were stopped: 0.0114840 seconds, Stopping threads took: 0.0108370 seconds
253.828: Application time: 0.1595540 seconds
253.838: [GC [PSYoungGen: 17852K->646K(18432K)] 43334K->26176K(54784K), 0.0005200 secs] [Times: user=0.00 sys=0.00, real=0.01 secs] 
253.840: Total time for which application threads were stopped: 0.0118360 seconds, Stopping threads took: 0.0102140 seconds
253.998: Application time: 0.1581510 seconds
254.020: [GC [PSYoungGen: 17930K->646K(18432K)] 43460K->26176K(54784K), 0.0004490 secs] [Times: user=0.00 sys=0.00, real=0.00 secs] 
254.020: Total time for which application threads were stopped: 0.0223790 seconds, Stopping threads took: 0.0218410 seconds
254.173: Application time: 0.1525620 seconds
254.181: [GC [PSYoungGen: 17930K->646K(18432K)] 43460K->26225K(54784K), 0.0005360 secs] [Times: user=0.00 sys=0.00, real=0.00 secs] 
254.181: Total time for which application threads were stopped: 0.0086830 seconds, Stopping threads took: 0.0080560 seconds
254.346: Application time: 0.1646110 seconds
254.371: [GC [PSYoungGen: 18008K->646K(18432K)] 43587K->26265K(54784K), 0.0005210 secs] [Times: user=0.00 sys=0.00, real=0.00 secs] 
254.371: Total time for which application threads were stopped: 0.0251670 seconds, Stopping threads took: 0.0245690 seconds
254.540: Application time: 0.1689180 seconds
254.553: [GC [PSYoungGen: 17930K->646K(18432K)] 43548K->26353K(54784K), 0.0004950 secs] [Times: user=0.01 sys=0.00, real=0.00 secs] 
254.553: Total time for which application threads were stopped: 0.0131050 seconds, Stopping threads took: 0.0125380 seconds
254.712: Application time: 0.1592830 seconds
254.730: [GC [PSYoungGen: 17930K->646K(18432K)] 43637K->26401K(54784K), 0.0005080 secs] [Times: user=0.00 sys=0.00, real=0.00 secs] 
254.730: Total time for which application threads were stopped: 0.0176340 seconds, Stopping threads took: 0.0170580 seconds
254.888: Application time: 0.1576310 seconds
254.896: [GC [PSYoungGen: 17930K->646K(18432K)] 43684K->26449K(54784K), 0.0004700 secs] [Times: user=0.00 sys=0.00, real=0.00 secs] 
254.897: Total time for which application threads were stopped: 0.0092840 seconds, Stopping threads took: 0.0087340 seconds
255.053: Application time: 0.1563600 seconds
255.064: [GC [PSYoungGen: 17930K->646K(18432K)] 43732K->26505K(54784K), 0.0005150 secs] [Times: user=0.00 sys=0.00, real=0.00 secs] 
255.065: Total time for which application threads were stopped: 0.0114140 seconds, Stopping threads took: 0.0108200 seconds
255.219: Application time: 0.1541430 seconds
255.235: [GC [PSYoungGen: 17852K->646K(18432K)] 43710K->26577K(54784K), 0.0004720 secs] [Times: user=0.00 sys=0.00, real=0.00 secs] 
255.236: Total time for which application threads were stopped: 0.0167070 seconds, Stopping threads took: 0.0161680 seconds
255.395: Application time: 0.1599020 seconds
255.411: [GC [PSYoungGen: 17930K->646K(18432K)] 43861K->26577K(54784K), 0.0004480 secs] [Times: user=0.00 sys=0.00, real=0.00 secs] 
255.412: Total time for which application threads were stopped: 0.0163990 seconds, Stopping threads took: 0.0158730 seconds
255.567: Application time: 0.1555490 seconds
255.577: [GC [PSYoungGen: 17930K->614K(18432K)] 43861K->26601K(54784K), 0.0004610 secs] [Times: user=0.00 sys=0.00, real=0.00 secs] 
255.578: Total time for which application threads were stopped: 0.0102170 seconds, Stopping threads took: 0.0096840 seconds
255.743: Application time: 0.1653570 seconds
255.767: [GC [PSYoungGen: 17898K->614K(18432K)] 43885K->26649K(54784K), 0.0004700 secs] [Times: user=0.00 sys=0.00, real=0.00 secs] 
255.767: Total time for which application threads were stopped: 0.0243960 seconds, Stopping threads took: 0.0238590 seconds
255.931: Application time: 0.1633070 seconds
255.947: [GC [PSYoungGen: 17859K->419K(18432K)] 43894K->26509K(54784K), 0.0004630 secs] [Times: user=0.00 sys=0.00, real=0.00 secs] 
255.948: Total time for which application threads were stopped: 0.0170050 seconds, Stopping threads took: 0.0164640 seconds
256.115: Application time: 0.1674900 seconds
256.136: [GC [PSYoungGen: 17820K->582K(18432K)] 43910K->26797K(54784K), 0.0004760 secs] [Times: user=0.00 sys=0.00, real=0.00 secs] 
256.137: Total time for which application threads were stopped: 0.0214330 seconds, Stopping threads took: 0.0208830 seconds
256.302: Application time: 0.1658220 seconds
256.326: [GC [PSYoungGen: 17866K->614K(18432K)] 44081K->26829K(54784K), 0.0005180 secs] [Times: user=0.00 sys=0.00, real=0.01 secs] 
256.326: Total time for which application threads were stopped: 0.0239020 seconds, Stopping threads took: 0.0233130 seconds
256.486: Application time: 0.1595350 seconds
256.504: [GC [PSYoungGen: 17900K->646K(18432K)] 44115K->26917K(54784K), 0.0007380 secs] [Times: user=0.01 sys=0.00, real=0.00 secs] 
256.505: Total time for which application threads were stopped: 0.0188130 seconds, Stopping threads took: 0.0179740 seconds
256.663: Application time: 0.1583660 seconds
256.672: [GC [PSYoungGen: 17852K->646K(18432K)] 44123K->26965K(54784K), 0.0004700 secs] [Times: user=0.00 sys=0.00, real=0.00 secs] 
256.673: Total time for which application threads were stopped: 0.0098240 seconds, Stopping threads took: 0.0092630 seconds
256.838: Application time: 0.1645910 seconds
256.860: [GC [PSYoungGen: 17930K->646K(18432K)] 44249K->26965K(54784K), 0.0006800 secs] [Times: user=0.00 sys=0.00, real=0.00 secs] 
256.860: Total time for which application threads were stopped: 0.0227820 seconds, Stopping threads took: 0.0220150 seconds
257.017: Application time: 0.1568350 seconds
257.030: [GC [PSYoungGen: 17930K->646K(18432K)] 44249K->27021K(54784K), 0.0005480 secs] [Times: user=0.00 sys=0.00, real=0.00 secs] 
257.030: Total time for which application threads were stopped: 0.0130650 seconds, Stopping threads took: 0.0124170 seconds
257.182: Application time: 0.1520560 seconds
257.198: [GC [PSYoungGen: 18008K->614K(18432K)] 44383K->27045K(54784K), 0.0005420 secs] [Times: user=0.00 sys=0.00, real=0.01 secs] 
257.198: Total time for which application threads were stopped: 0.0159370 seconds, Stopping threads took: 0.0153240 seconds
257.366: Application time: 0.1675550 seconds
257.386: [GC [PSYoungGen: 17898K->646K(18432K)] 44329K->27173K(54784K), 0.0004500 secs] [Times: user=0.00 sys=0.00, real=0.01 secs] 
257.386: Total time for which application threads were stopped: 0.0204490 seconds, Stopping threads took: 0.0199080 seconds
257.544: Application time: 0.1579220 seconds
257.552: [GC [PSYoungGen: 17930K->646K(18432K)] 44457K->27237K(54784K), 0.0005600 secs] [Times: user=0.00 sys=0.00, real=0.00 secs] 
257.552: Total time for which application threads were stopped: 0.0079180 seconds, Stopping threads took: 0.0072590 seconds
257.719: Application time: 0.1665800 seconds
257.736: [GC [PSYoungGen: 17930K->646K(18432K)] 44521K->27293K(54784K), 0.0005090 secs] [Times: user=0.01 sys=0.00, real=0.00 secs] 
257.737: Total time for which application threads were stopped: 0.0183230 seconds, Stopping threads took: 0.0177210 seconds
257.902: Application time: 0.1651900 seconds
257.927: [GC [PSYoungGen: 17930K->646K(18432K)] 44577K->27357K(54784K), 0.0004570 secs] [Times: user=0.00 sys=0.00, real=0.00 secs] 
257.927: Total time for which application threads were stopped: 0.0247970 seconds, Stopping threads took: 0.0242670 seconds
258.095: Application time: 0.1678520 seconds
258.105: [GC [PSYoungGen: 17852K->614K(18432K)] 44563K->27389K(54784K), 0.0005330 secs] [Times: user=0.00 sys=0.00, real=0.00 secs] 
258.105: Total time for which application threads were stopped: 0.0102900 seconds, Stopping threads took: 0.0096780 seconds
258.267: Application time: 0.1621270 seconds
258.280: [GC [PSYoungGen: 17898K->614K(18432K)] 44673K->27389K(54784K), 0.0004460 secs] [Times: user=0.00 sys=0.00, real=0.00 secs] 
258.280: Total time for which application threads were stopped: 0.0129410 seconds, Stopping threads took: 0.0124290 seconds
258.444: Application time: 0.1634440 seconds
258.468: [GC [PSYoungGen: 17898K->646K(18432K)] 44673K->27469K(54784K), 0.0005410 secs] [Times: user=0.00 sys=0.00, real=0.00 secs] 
258.469: Total time for which application threads were stopped: 0.0249430 seconds, Stopping threads took: 0.0243330 seconds
258.625: Application time: 0.1561840 seconds
258.638: [GC [PSYoungGen: 17930K->614K(18432K)] 44753K->27493K(54784K), 0.0004940 secs] [Times: user=0.00 sys=0.00, real=0.00 secs] 
258.639: Total time for which application threads were stopped: 0.0140830 seconds, Stopping threads took: 0.0135150 seconds
258.803: Application time: 0.1644450 seconds
258.818: [GC [PSYoungGen: 17976K->646K(18432K)] 44855K->27581K(54784K), 0.0005380 secs] [Times: user=0.00 sys=0.00, real=0.01 secs] 
258.819: Total time for which application threads were stopped: 0.0151910 seconds, Stopping threads took: 0.0145860 seconds
258.971: Application time: 0.1524330 seconds
258.985: [GC [PSYoungGen: 17930K->646K(18432K)] 44865K->27677K(54784K), 0.0004880 secs] [Times: user=0.00 sys=0.00, real=0.00 secs] 
258.985: Total time for which application threads were stopped: 0.0142730 seconds, Stopping threads took: 0.0137160 seconds
259.152: Application time: 0.1663050 seconds
259.172: [GC [PSYoungGen: 17930K->646K(18432K)] 44961K->27725K(54784K), 0.0005030 secs] [Times: user=0.00 sys=0.00, real=0.00 secs] 
259.173: Total time for which application threads were stopped: 0.0210730 seconds, Stopping threads took: 0.0204960 seconds
259.342: Application time: 0.1698020 seconds
259.358: [GC [PSYoungGen: 17930K->630K(18432K)] 45009K->27765K(54784K), 0.0004780 secs] [Times: user=0.01 sys=0.00, real=0.01 secs] 
259.358: Total time for which application threads were stopped: 0.0158330 seconds, Stopping threads took: 0.0152890 seconds
259.516: Application time: 0.1579290 seconds
259.527: [GC [PSYoungGen: 17836K->550K(18432K)] 44971K->27749K(54784K), 0.0004660 secs] [Times: user=0.00 sys=0.00, real=0.00 secs] 
259.528: Total time for which application threads were stopped: 0.0114530 seconds, Stopping threads took: 0.0108950 seconds
259.680: Application time: 0.1522180 seconds
259.692: [GC [PSYoungGen: 17834K->614K(18432K)] 45033K->27813K(54784K), 0.0006080 secs] [Times: user=0.00 sys=0.00, real=0.00 secs] 
259.693: Total time for which application threads were stopped: 0.0127750 seconds, Stopping threads took: 0.0120850 seconds
259.859: Application time: 0.1660210 seconds
259.874: [GC [PSYoungGen: 17898K->582K(18432K)] 45097K->27838K(54784K), 0.0004500 secs] [Times: user=0.00 sys=0.00, real=0.00 secs] 
259.874: Total time for which application threads were stopped: 0.0154780 seconds, Stopping threads took: 0.0149620 seconds
260.048: Application time: 0.1741190 seconds
260.062: [GC [PSYoungGen: 17866K->614K(18432K)] 45121K->27934K(54784K), 0.0005740 secs] [Times: user=0.00 sys=0.01, real=0.00 secs] 
260.063: Total time for which application threads were stopped: 0.0142220 seconds, Stopping threads took: 0.0135760 seconds
260.230: Application time: 0.1677330 seconds
260.235: [GC [PSYoungGen: 17976K->582K(18432K)] 45296K->27950K(54784K), 0.0005330 secs] [Times: user=0.01 sys=0.00, real=0.00 secs] 
260.235: Total time for which application threads were stopped: 0.0049030 seconds, Stopping threads took: 0.0042910 seconds
260.411: Application time: 0.1759790 seconds
260.425: [GC [PSYoungGen: 17866K->614K(18432K)] 45234K->28078K(54784K), 0.0004800 secs] [Times: user=0.00 sys=0.00, real=0.00 secs] 
260.426: Total time for which application threads were stopped: 0.0146920 seconds, Stopping threads took: 0.0141410 seconds
260.593: Application time: 0.1668790 seconds
260.601: [GC [PSYoungGen: 17898K->582K(18432K)] 45361K->28102K(54784K), 0.0005090 secs] [Times: user=0.00 sys=0.00, real=0.00 secs] 
260.602: Total time for which application threads were stopped: 0.0090890 seconds, Stopping threads took: 0.0085140 seconds
260.776: Application time: 0.1740050 seconds
260.798: [GC [PSYoungGen: 17866K->614K(18432K)] 45385K->28190K(54784K), 0.0005040 secs] [Times: user=0.00 sys=0.00, real=0.01 secs] 
260.798: Total time for which application threads were stopped: 0.0225640 seconds, Stopping threads took: 0.0219750 seconds
260.968: Application time: 0.1694910 seconds
260.976: [GC [PSYoungGen: 17820K->614K(18432K)] 45395K->28246K(54784K), 0.0004980 secs] [Times: user=0.00 sys=0.00, real=0.00 secs] 
260.976: Total time for which application threads were stopped: 0.0083760 seconds, Stopping threads took: 0.0078050 seconds
261.143: Application time: 0.1669310 seconds
261.153: [GC [PSYoungGen: 17898K->582K(18432K)] 45530K->28214K(54784K), 0.0005020 secs] [Times: user=0.00 sys=0.00, real=0.00 secs] 
261.153: Total time for which application threads were stopped: 0.0102380 seconds, Stopping threads took: 0.0096690 seconds
261.332: Application time: 0.1787130 seconds
261.338: [GC [PSYoungGen: 17868K->630K(18432K)] 45500K->28310K(54784K), 0.0004980 secs] [Times: user=0.00 sys=0.01, real=0.01 secs] 
261.339: Total time for which application threads were stopped: 0.0065110 seconds, Stopping threads took: 0.0059290 seconds
261.519: Application time: 0.1804580 seconds
261.529: [GC [PSYoungGen: 17914K->646K(18432K)] 45594K->28390K(54784K), 0.0004600 secs] [Times: user=0.00 sys=0.00, real=0.00 secs] 
261.529: Total time for which application threads were stopped: 0.0099750 seconds, Stopping threads took: 0.0094250 seconds
261.706: Application time: 0.1772470 seconds
261.722: [GC [PSYoungGen: 17891K->451K(18432K)] 45635K->28251K(54784K), 0.0005420 secs] [Times: user=0.00 sys=0.00, real=0.00 secs] 
261.723: Total time for which application threads were stopped: 0.0162220 seconds, Stopping threads took: 0.0156050 seconds
261.889: Application time: 0.1660070 seconds
261.897: [GC [PSYoungGen: 17852K->614K(18432K)] 45651K->28538K(54784K), 0.0005130 secs] [Times: user=0.00 sys=0.00, real=0.00 secs] 
261.898: Total time for which application threads were stopped: 0.0089910 seconds, Stopping threads took: 0.0083930 seconds
262.065: Application time: 0.1678000 seconds
262.074: [GC [PSYoungGen: 17898K->582K(18432K)] 45822K->28506K(54784K), 0.0004790 secs] [Times: user=0.00 sys=0.00, real=0.00 secs] 
262.074: Total time for which application threads were stopped: 0.0088500 seconds, Stopping threads took: 0.0083000 seconds
262.242: Application time: 0.1676970 seconds
262.247: [GC [PSYoungGen: 17866K->646K(18432K)] 45790K->28618K(54784K), 0.0005900 secs] [Times: user=0.00 sys=0.00, real=0.00 secs] 
262.248: Total time for which application threads were stopped: 0.0057960 seconds, Stopping threads took: 0.0051370 seconds
262.414: Application time: 0.1660620 seconds
262.422: [GC [PSYoungGen: 17852K->582K(18432K)] 45824K->28618K(54784K), 0.0005230 secs] [Times: user=0.00 sys=0.00, real=0.00 secs] 
262.422: Total time for which application threads were stopped: 0.0086440 seconds, Stopping threads took: 0.0080450 seconds
262.585: Application time: 0.1627560 seconds
262.599: [GC [PSYoungGen: 17866K->646K(18432K)] 45902K->28682K(54784K), 0.0007130 secs] [Times: user=0.00 sys=0.00, real=0.00 secs] 
262.600: Total time for which application threads were stopped: 0.0144260 seconds, Stopping threads took: 0.0136210 seconds
262.767: Application time: 0.1669360 seconds
262.781: [GC [PSYoungGen: 17930K->582K(18432K)] 45966K->28682K(54784K), 0.0005350 secs] [Times: user=0.00 sys=0.00, real=0.00 secs] 
262.782: Total time for which application threads were stopped: 0.0150190 seconds, Stopping threads took: 0.0144130 seconds
262.952: Application time: 0.1703710 seconds
262.959: [GC [PSYoungGen: 17944K->646K(18432K)] 46044K->28794K(54784K), 0.0006910 secs] [Times: user=0.00 sys=0.00, real=0.00 secs] 
262.959: Total time for which application threads were stopped: 0.0073140 seconds, Stopping threads took: 0.0065390 seconds
263.124: Application time: 0.1644460 seconds
263.130: [GC [PSYoungGen: 17930K->582K(18432K)] 46078K->28822K(54784K), 0.0006820 secs] [Times: user=0.00 sys=0.00, real=0.00 secs] 
263.131: Total time for which application threads were stopped: 0.0074160 seconds, Stopping threads took: 0.0066410 seconds
263.295: Application time: 0.1641610 seconds
263.303: [GC [PSYoungGen: 17866K->646K(18432K)] 46106K->28934K(54784K), 0.0006270 secs] [Times: user=0.01 sys=0.00, real=0.00 secs] 
263.304: Total time for which application threads were stopped: 0.0084360 seconds, Stopping threads took: 0.0077340 seconds
263.470: Application time: 0.1657890 seconds
263.479: [GC [PSYoungGen: 17930K->614K(18432K)] 46218K->28958K(54784K), 0.0005880 secs] [Times: user=0.00 sys=0.00, real=0.00 secs] 
263.480: Total time for which application threads were stopped: 0.0105600 seconds, Stopping threads took: 0.0098880 seconds
263.654: Application time: 0.1741020 seconds
263.669: [GC [PSYoungGen: 17898K->614K(18432K)] 46242K->29006K(54784K), 0.0004840 secs] [Times: user=0.00 sys=0.00, real=0.00 secs] 
263.669: Total time for which application threads were stopped: 0.0152060 seconds, Stopping threads took: 0.0146450 seconds
263.837: Application time: 0.1673160 seconds
263.846: [GC [PSYoungGen: 17820K->646K(18432K)] 46212K->29102K(54784K), 0.0005410 secs] [Times: user=0.00 sys=0.00, real=0.01 secs] 
263.846: Total time for which application threads were stopped: 0.0095320 seconds, Stopping threads took: 0.0088980 seconds
264.001: Application time: 0.1545370 seconds
264.013: [GC [PSYoungGen: 17930K->614K(18432K)] 46386K->29070K(54784K), 0.0004710 secs] [Times: user=0.00 sys=0.00, real=0.00 secs] 
264.014: Total time for which application threads were stopped: 0.0127040 seconds, Stopping threads took: 0.0121550 seconds
264.180: Application time: 0.1668680 seconds
264.197: [GC [PSYoungGen: 17898K->614K(18432K)] 46354K->29102K(54784K), 0.0005260 secs] [Times: user=0.00 sys=0.00, real=0.00 secs] 
264.198: Total time for which application threads were stopped: 0.0175520 seconds, Stopping threads took: 0.0169390 seconds
264.367: Application time: 0.1689570 seconds
264.386: [GC [PSYoungGen: 17898K->646K(18432K)] 46386K->29182K(54784K), 0.0006090 secs] [Times: user=0.01 sys=0.00, real=0.01 secs] 
264.387: Total time for which application threads were stopped: 0.0197710 seconds, Stopping threads took: 0.0190920 seconds
264.552: Application time: 0.1658210 seconds
264.566: [GC [PSYoungGen: 18008K->646K(18432K)] 46544K->29238K(54784K), 0.0005630 secs] [Times: user=0.00 sys=0.00, real=0.01 secs] 
264.566: Total time for which application threads were stopped: 0.0137640 seconds, Stopping threads took: 0.0131220 seconds
264.726: Application time: 0.1599900 seconds
264.751: [GC [PSYoungGen: 17930K->646K(18432K)] 46522K->29326K(54784K), 0.0006090 secs] [Times: user=0.00 sys=0.00, real=0.00 secs] 
264.752: Total time for which application threads were stopped: 0.0258220 seconds, Stopping threads took: 0.0251420 seconds
264.907: Application time: 0.1551180 seconds
264.915: [GC [PSYoungGen: 17930K->582K(18432K)] 46610K->29318K(54784K), 0.0005120 secs] [Times: user=0.00 sys=0.00, real=0.00 secs] 
264.916: Total time for which application threads were stopped: 0.0085830 seconds, Stopping threads took: 0.0080030 seconds
265.071: Application time: 0.1553310 seconds
265.083: [GC [PSYoungGen: 17866K->630K(18432K)] 46602K->29423K(54784K), 0.0004910 secs] [Times: user=0.00 sys=0.00, real=0.00 secs] 
265.084: Total time for which application threads were stopped: 0.0126920 seconds, Stopping threads took: 0.0121230 seconds
265.240: Application time: 0.1565720 seconds
265.252: [GC [PSYoungGen: 17836K->614K(18432K)] 46628K->29471K(54784K), 0.0007600 secs] [Times: user=0.01 sys=0.00, real=0.00 secs] 
265.253: Total time for which application threads were stopped: 0.0125170 seconds, Stopping threads took: 0.0116620 seconds
265.415: Application time: 0.1621700 seconds
265.435: [GC [PSYoungGen: 17898K->614K(18432K)] 46754K->29471K(54784K), 0.0005640 secs] [Times: user=0.00 sys=0.00, real=0.00 secs] 
265.436: Total time for which application threads were stopped: 0.0204620 seconds, Stopping threads took: 0.0198090 seconds
265.601: Application time: 0.1656500 seconds
265.620: [GC [PSYoungGen: 17898K->646K(18432K)] 46754K->29559K(54784K), 0.0004690 secs] [Times: user=0.01 sys=0.00, real=0.00 secs] 
265.621: Total time for which application threads were stopped: 0.0193740 seconds, Stopping threads took: 0.0188180 seconds
265.773: Application time: 0.1522770 seconds
265.783: [GC [PSYoungGen: 17930K->614K(18432K)] 46842K->29591K(54784K), 0.0005460 secs] [Times: user=0.01 sys=0.00, real=0.00 secs] 
265.783: Total time for which application threads were stopped: 0.0103690 seconds, Stopping threads took: 0.0097520 seconds
265.946: Application time: 0.1629090 seconds
265.960: [GC [PSYoungGen: 17859K->419K(18432K)] 46836K->29443K(54784K), 0.0004680 secs] [Times: user=0.00 sys=0.00, real=0.00 secs] 
265.960: Total time for which application threads were stopped: 0.0140180 seconds, Stopping threads took: 0.0134880 seconds
266.121: Application time: 0.1609670 seconds
266.132: [GC [PSYoungGen: 17820K->582K(18432K)] 46844K->29727K(54784K), 0.0004660 secs] [Times: user=0.00 sys=0.00, real=0.00 secs] 
266.133: Total time for which application threads were stopped: 0.0115290 seconds, Stopping threads took: 0.0109830 seconds
266.290: Application time: 0.1572770 seconds
266.298: [GC [PSYoungGen: 17866K->614K(18432K)] 47010K->29759K(54784K), 0.0004720 secs] [Times: user=0.00 sys=0.00, real=0.01 secs] 
266.298: Total time for which application threads were stopped: 0.0084840 seconds, Stopping threads took: 0.0079430 seconds
266.462: Application time: 0.1633910 seconds
266.490: [GC [PSYoungGen: 17898K->614K(18432K)] 47042K->29815K(54784K), 0.0004660 secs] [Times: user=0.00 sys=0.00, real=0.00 secs] 
266.490: Total time for which application threads were stopped: 0.0284710 seconds, Stopping threads took: 0.0279340 seconds
266.643: Application time: 0.1529190 seconds
266.650: [GC [PSYoungGen: 17820K->614K(18432K)] 47020K->29879K(54784K), 0.0005350 secs] [Times: user=0.00 sys=0.00, real=0.00 secs] 
266.650: Total time for which application threads were stopped: 0.0071900 seconds, Stopping threads took: 0.0065740 seconds
266.805: Application time: 0.1542090 seconds
266.813: [GC [PSYoungGen: 17898K->614K(18432K)] 47163K->29879K(54784K), 0.0005000 secs] [Times: user=0.00 sys=0.00, real=0.00 secs] 
266.814: Total time for which application threads were stopped: 0.0092330 seconds, Stopping threads took: 0.0086450 seconds
266.981: Application time: 0.1668430 seconds
267.006: [GC [PSYoungGen: 17898K->646K(18432K)] 47163K->29967K(54784K), 0.0004750 secs] [Times: user=0.00 sys=0.00, real=0.00 secs] 
267.006: Total time for which application threads were stopped: 0.0252890 seconds, Stopping threads took: 0.0247400 seconds
267.162: Application time: 0.1555470 seconds
267.175: [GC [PSYoungGen: 17930K->646K(18432K)] 47251K->30031K(54784K), 0.0004800 secs] [Times: user=0.00 sys=0.00, real=0.00 secs] 
267.175: Total time for which application threads were stopped: 0.0136150 seconds, Stopping threads took: 0.0130510 seconds
267.337: Application time: 0.1618130 seconds
267.358: [GC [PSYoungGen: 18008K->582K(18432K)] 47393K->30023K(54784K), 0.0005070 secs] [Times: user=0.00 sys=0.00, real=0.00 secs] 
267.358: Total time for which application threads were stopped: 0.0211160 seconds, Stopping threads took: 0.0205190 seconds
267.511: Application time: 0.1526940 seconds
267.520: [GC [PSYoungGen: 17866K->646K(18432K)] 47307K->30167K(54784K), 0.0006450 secs] [Times: user=0.00 sys=0.00, real=0.00 secs] 
267.521: Total time for which application threads were stopped: 0.0098830 seconds, Stopping threads took: 0.0091510 seconds
267.690: Application time: 0.1690420 seconds
267.707: [GC [PSYoungGen: 17930K->646K(18432K)] 47451K->30223K(54784K), 0.0006490 secs] [Times: user=0.00 sys=0.00, real=0.00 secs] 
267.707: Total time for which application threads were stopped: 0.0175190 seconds, Stopping threads took: 0.0167740 seconds
267.876: Application time: 0.1688750 seconds
267.901: [GC [PSYoungGen: 17932K->646K(18432K)] 47509K->30271K(54784K), 0.0005220 secs] [Times: user=0.00 sys=0.00, real=0.00 secs] 
267.901: Total time for which application threads were stopped: 0.0249070 seconds, Stopping threads took: 0.0242960 seconds
268.055: Application time: 0.1539590 seconds
268.063: [GC [PSYoungGen: 17852K->614K(18432K)] 47477K->30311K(54784K), 0.0007520 secs] [Times: user=0.01 sys=0.00, real=0.00 secs] 
268.064: Total time for which application threads were stopped: 0.0088930 seconds, Stopping threads took: 0.0080500 seconds
268.219: Application time: 0.1551230 seconds
268.226: [GC [PSYoungGen: 17898K->614K(18432K)] 47595K->30311K(54784K), 0.0005610 secs] [Times: user=0.00 sys=0.01, real=0.01 secs] 
268.226: Total time for which application threads were stopped: 0.0073490 seconds, Stopping threads took: 0.0067080 seconds
268.392: Application time: 0.1654380 seconds
268.413: [GC [PSYoungGen: 17898K->614K(18432K)] 47595K->30359K(54784K), 0.0004920 secs] [Times: user=0.00 sys=0.00, real=0.00 secs] 
268.413: Total time for which application threads were stopped: 0.0212990 seconds, Stopping threads took: 0.0207420 seconds
268.568: Application time: 0.1549190 seconds
268.580: [GC [PSYoungGen: 17898K->582K(18432K)] 47643K->30375K(54784K), 0.0004830 secs] [Times: user=0.00 sys=0.00, real=0.00 secs] 
268.580: Total time for which application threads were stopped: 0.0122110 seconds, Stopping threads took: 0.0116590 seconds
268.742: Application time: 0.1617260 seconds
268.763: [GC [PSYoungGen: 17944K->646K(18432K)] 47737K->30511K(54784K), 0.0005460 secs] [Times: user=0.00 sys=0.00, real=0.00 secs] 
268.763: Total time for which application threads were stopped: 0.0212290 seconds, Stopping threads took: 0.0206010 seconds
268.913: Application time: 0.1499440 seconds
268.926: [GC [PSYoungGen: 17930K->646K(18432K)] 47795K->30599K(54784K), 0.0004640 secs] [Times: user=0.00 sys=0.00, real=0.01 secs] 
268.927: Total time for which application threads were stopped: 0.0134340 seconds, Stopping threads took: 0.0129050 seconds
269.084: Application time: 0.1569140 seconds
269.095: [GC [PSYoungGen: 17930K->614K(18432K)] 47883K->30615K(54784K), 0.0004820 secs] [Times: user=0.00 sys=0.00, real=0.00 secs] 
269.096: Total time for which application threads were stopped: 0.0124000 seconds, Stopping threads took: 0.0118450 seconds
269.259: Application time: 0.1632220 seconds
269.284: [GC [PSYoungGen: 17898K->646K(18432K)] 47899K->30711K(54784K), 0.0007230 secs] [Times: user=0.00 sys=0.00, real=0.00 secs] 
269.285: Total time for which application threads were stopped: 0.0257370 seconds, Stopping threads took: 0.0249270 seconds
269.442: Application time: 0.1571270 seconds
269.454: [GC [PSYoungGen: 17852K->582K(18432K)] 47917K->30703K(54784K), 0.0004590 secs] [Times: user=0.01 sys=0.00, real=0.00 secs] 
269.455: Total time for which application threads were stopped: 0.0125720 seconds, Stopping threads took: 0.0120390 seconds
269.614: Application time: 0.1595700 seconds
269.638: [GC [PSYoungGen: 17866K->614K(18432K)] 47987K->30735K(54784K), 0.0005140 secs] [Times: user=0.00 sys=0.00, real=0.01 secs] 
269.638: Total time for which application threads were stopped: 0.0240700 seconds, Stopping threads took: 0.0234670 seconds
269.796: Application time: 0.1580970 seconds
269.802: [GC [PSYoungGen: 17898K->646K(18432K)] 48019K->30823K(54784K), 0.0004590 secs] [Times: user=0.00 sys=0.00, real=0.00 secs] 
269.804: Total time for which application threads were stopped: 0.0073900 seconds, Stopping threads took: 0.0057450 seconds
269.961: Application time: 0.1575430 seconds
269.969: [GC [PSYoungGen: 17930K->646K(18432K)] 48107K->30887K(54784K), 0.0005850 secs] [Times: user=0.00 sys=0.00, real=0.00 secs] 
269.970: Total time for which application threads were stopped: 0.0085070 seconds, Stopping threads took: 0.0078300 seconds
270.139: Application time: 0.1694290 seconds
270.157: [GC [PSYoungGen: 18008K->646K(18432K)] 48249K->30943K(54784K), 0.0011470 secs] [Times: user=0.00 sys=0.00, real=0.00 secs] 
270.158: Total time for which application threads were stopped: 0.0185430 seconds, Stopping threads took: 0.0173260 seconds
270.319: Application time: 0.1608530 seconds
270.343: [GC [PSYoungGen: 17930K->614K(18432K)] 48227K->31015K(54784K), 0.0004570 secs] [Times: user=0.00 sys=0.00, real=0.00 secs] 
270.344: Total time for which application threads were stopped: 0.0250800 seconds, Stopping threads took: 0.0245480 seconds
270.500: Application time: 0.1564210 seconds
270.513: [GC [PSYoungGen: 17898K->646K(18432K)] 48299K->31111K(54784K), 0.0007670 secs] [Times: user=0.01 sys=0.00, real=0.00 secs] 
270.514: Total time for which application threads were stopped: 0.0134900 seconds, Stopping threads took: 0.0126350 seconds
270.680: Application time: 0.1662460 seconds
270.701: [GC [PSYoungGen: 17930K->614K(18432K)] 48395K->31127K(54784K), 0.0004630 secs] [Times: user=0.00 sys=0.00, real=0.00 secs] 
270.702: Total time for which application threads were stopped: 0.0220760 seconds, Stopping threads took: 0.0215400 seconds
270.847: Application time: 0.1454790 seconds
270.867: [GC [PSYoungGen: 17898K->646K(18432K)] 48411K->31216K(54784K), 0.0005160 secs] [Times: user=0.01 sys=0.00, real=0.00 secs] 
270.868: Total time for which application threads were stopped: 0.0203190 seconds, Stopping threads took: 0.0197200 seconds
271.023: Application time: 0.1557020 seconds
271.036: [GC [PSYoungGen: 17852K->614K(18432K)] 48421K->31248K(54784K), 0.0005150 secs] [Times: user=0.00 sys=0.00, real=0.00 secs] 
271.037: Total time for which application threads were stopped: 0.0134090 seconds, Stopping threads took: 0.0128210 seconds
271.196: Application time: 0.1590930 seconds
271.202: [GC [PSYoungGen: 17898K->630K(18432K)] 48531K->31264K(54784K), 0.0004420 secs] [Times: user=0.00 sys=0.00, real=0.00 secs] 
271.202: Total time for which application threads were stopped: 0.0061980 seconds, Stopping threads took: 0.0056850 seconds
271.357: Application time: 0.1548490 seconds
271.371: [GC [PSYoungGen: 17914K->646K(18432K)] 48547K->31328K(54784K), 0.0006770 secs] [Times: user=0.01 sys=0.00, real=0.00 secs] 
271.372: Total time for which application threads were stopped: 0.0147680 seconds, Stopping threads took: 0.0140130 seconds
271.537: Application time: 0.1654890 seconds
271.551: [GC [PSYoungGen: 18008K->646K(18432K)] 48690K->31376K(54784K), 0.0004650 secs] [Times: user=0.00 sys=0.00, real=0.00 secs] 
271.551: Total time for which application threads were stopped: 0.0140230 seconds, Stopping threads took: 0.0134800 seconds
271.717: Application time: 0.1654410 seconds
271.735: [GC [PSYoungGen: 17930K->646K(18432K)] 48660K->31464K(54784K), 0.0006300 secs] [Times: user=0.00 sys=0.00, real=0.00 secs] 
271.736: Total time for which application threads were stopped: 0.0188000 seconds, Stopping threads took: 0.0180810 seconds
271.903: Application time: 0.1676080 seconds
271.929: [GC [PSYoungGen: 17930K->614K(18432K)] 48747K->31496K(54784K), 0.0005590 secs] [Times: user=0.00 sys=0.00, real=0.00 secs] 
271.929: Total time for which application threads were stopped: 0.0261030 seconds, Stopping threads took: 0.0254400 seconds
272.081: Application time: 0.1519800 seconds
272.096: [GC [PSYoungGen: 17898K->646K(18432K)] 48779K->31592K(54784K), 0.0005300 secs] [Times: user=0.01 sys=0.00, real=0.00 secs] 
272.096: Total time for which application threads were stopped: 0.0149170 seconds, Stopping threads took: 0.0142980 seconds
272.253: Application time: 0.1569610 seconds
272.264: [GC [PSYoungGen: 17852K->582K(18432K)] 48797K->31576K(54784K), 0.0004570 secs] [Times: user=0.01 sys=0.00, real=0.00 secs] 
272.264: Total time for which application threads were stopped: 0.0112320 seconds, Stopping threads took: 0.0107090 seconds
272.430: Application time: 0.1652550 seconds
272.451: [GC [PSYoungGen: 17866K->614K(18432K)] 48860K->31608K(54784K), 0.0005220 secs] [Times: user=0.00 sys=0.00, real=0.00 secs] 
272.452: Total time for which application threads were stopped: 0.0223630 seconds, Stopping threads took: 0.0217630 seconds
272.607: Application time: 0.1552200 seconds
272.617: [GC [PSYoungGen: 17898K->614K(18432K)] 48891K->31672K(54784K), 0.0004830 secs] [Times: user=0.00 sys=0.00, real=0.00 secs] 
272.618: Total time for which application threads were stopped: 0.0106710 seconds, Stopping threads took: 0.0101160 seconds
272.784: Application time: 0.1661600 seconds
272.792: [GC [PSYoungGen: 17898K->582K(18432K)] 48956K->31696K(54784K), 0.0005410 secs] [Times: user=0.00 sys=0.00, real=0.00 secs] 
272.793: Total time for which application threads were stopped: 0.0089320 seconds, Stopping threads took: 0.0083190 seconds
272.953: Application time: 0.1597100 seconds
272.966: [GC [PSYoungGen: 17944K->614K(18432K)] 49058K->31800K(54784K), 0.0004460 secs] [Times: user=0.00 sys=0.00, real=0.01 secs] 
272.966: Total time for which application threads were stopped: 0.0137530 seconds, Stopping threads took: 0.0132270 seconds
273.132: Application time: 0.1651440 seconds
273.154: [GC [PSYoungGen: 17898K->582K(18432K)] 49084K->31856K(54784K), 0.0005020 secs] [Times: user=0.01 sys=0.00, real=0.00 secs] 
273.154: Total time for which application threads were stopped: 0.0224480 seconds, Stopping threads took: 0.0218780 seconds
273.314: Application time: 0.1598940 seconds
273.326: [GC [PSYoungGen: 17866K->630K(18432K)] 49140K->31960K(54784K), 0.0004950 secs] [Times: user=0.01 sys=0.00, real=0.00 secs] 
273.326: Total time for which application threads were stopped: 0.0121400 seconds, Stopping threads took: 0.0115740 seconds
273.484: Application time: 0.1580810 seconds
273.495: [GC [PSYoungGen: 17914K->614K(18432K)] 49244K->32008K(54784K), 0.0004480 secs] [Times: user=0.00 sys=0.00, real=0.00 secs] 
273.496: Total time for which application threads were stopped: 0.0115710 seconds, Stopping threads took: 0.0110470 seconds
273.651: Application time: 0.1550370 seconds
273.659: [GC [PSYoungGen: 17820K->518K(18432K)] 49214K->31968K(54784K), 0.0004320 secs] [Times: user=0.00 sys=0.00, real=0.00 secs] 
273.659: Total time for which application threads were stopped: 0.0082520 seconds, Stopping threads took: 0.0077430 seconds
273.815: Application time: 0.1564050 seconds
273.823: [GC [PSYoungGen: 17802K->582K(18432K)] 49252K->32032K(54784K), 0.0005080 secs] [Times: user=0.00 sys=0.00, real=0.00 secs] 
273.823: Total time for which application threads were stopped: 0.0078600 seconds, Stopping threads took: 0.0072860 seconds
273.979: Application time: 0.1561080 seconds
273.990: [GC [PSYoungGen: 17866K->646K(18432K)] 49316K->32152K(54784K), 0.0004650 secs] [Times: user=0.00 sys=0.00, real=0.00 secs] 
273.990: Total time for which application threads were stopped: 0.0107720 seconds, Stopping threads took: 0.0102430 seconds
274.151: Application time: 0.1608460 seconds
274.165: [GC [PSYoungGen: 17930K->646K(18432K)] 49436K->32200K(54784K), 0.0004730 secs] [Times: user=0.00 sys=0.00, real=0.00 secs] 
274.166: Total time for which application threads were stopped: 0.0149180 seconds, Stopping threads took: 0.0143680 seconds
274.333: Application time: 0.1669320 seconds
274.349: [GC [PSYoungGen: 18008K->614K(18432K)] 49562K->32216K(54784K), 0.0005210 secs] [Times: user=0.01 sys=0.00, real=0.00 secs] 
274.350: Total time for which application threads were stopped: 0.0165910 seconds, Stopping threads took: 0.0160050 seconds
274.501: Application time: 0.1513680 seconds
274.516: [GC [PSYoungGen: 17898K->582K(18432K)] 49500K->32280K(54784K), 0.0005480 secs] [Times: user=0.01 sys=0.00, real=0.00 secs] 
274.516: Total time for which application threads were stopped: 0.0155670 seconds, Stopping threads took: 0.0149530 seconds
274.672: Application time: 0.1552150 seconds
274.681: [GC [PSYoungGen: 17866K->646K(18432K)] 49564K->32400K(54784K), 0.0004750 secs] [Times: user=0.00 sys=0.00, real=0.00 secs] 
274.681: Total time for which application threads were stopped: 0.0093630 seconds, Stopping threads took: 0.0088150 seconds
274.840: Application time: 0.1588600 seconds
274.852: [GC [PSYoungGen: 17930K->614K(18432K)] 49684K->32424K(54784K), 0.0004580 secs] [Times: user=0.00 sys=0.00, real=0.00 secs] 
274.853: Total time for which application threads were stopped: 0.0132270 seconds, Stopping threads took: 0.0116470 seconds
275.008: Application time: 0.1548580 seconds
275.019: [GC [PSYoungGen: 17820K->646K(18432K)] 49630K->32512K(54784K), 0.0005940 secs] [Times: user=0.00 sys=0.00, real=0.00 secs] 
275.020: Total time for which application threads were stopped: 0.0115570 seconds, Stopping threads took: 0.0108700 seconds
275.177: Application time: 0.1576900 seconds
275.190: [GC [PSYoungGen: 17930K->582K(18432K)] 49796K->32448K(54784K), 0.0004810 secs] [Times: user=0.00 sys=0.00, real=0.00 secs] 
275.190: Total time for which application threads were stopped: 0.0130790 seconds, Stopping threads took: 0.0125220 seconds
275.357: Application time: 0.1670870 seconds
275.372: [GC [PSYoungGen: 17866K->582K(18432K)] 49732K->32488K(54784K), 0.0005320 secs] [Times: user=0.00 sys=0.00, real=0.00 secs] 
275.372: Total time for which application threads were stopped: 0.0149710 seconds, Stopping threads took: 0.0143720 seconds
275.527: Application time: 0.1550750 seconds
275.537: [GC [PSYoungGen: 17866K->582K(18432K)] 49772K->32536K(54784K), 0.0004970 secs] [Times: user=0.01 sys=0.00, real=0.00 secs] 
275.538: Total time for which application threads were stopped: 0.0102640 seconds, Stopping threads took: 0.0096930 seconds
275.690: Application time: 0.1526810 seconds
275.699: [GC [PSYoungGen: 17944K->646K(18432K)] 49898K->32648K(54784K), 0.0007540 secs] [Times: user=0.01 sys=0.00, real=0.00 secs] 
275.699: Total time for which application threads were stopped: 0.0090350 seconds, Stopping threads took: 0.0081800 seconds
275.864: Application time: 0.1641280 seconds
275.886: [GC [PSYoungGen: 17930K->582K(18432K)] 49932K->32680K(54784K), 0.0006000 secs] [Times: user=0.01 sys=0.00, real=0.01 secs] 
275.887: Total time for which application threads were stopped: 0.0231120 seconds, Stopping threads took: 0.0224210 seconds
276.052: Application time: 0.1650560 seconds
276.070: [GC [PSYoungGen: 17866K->646K(18432K)] 49964K->32792K(54784K), 0.0005480 secs] [Times: user=0.00 sys=0.01, real=0.00 secs] 
276.071: Total time for which application threads were stopped: 0.0189580 seconds, Stopping threads took: 0.0183120 seconds
276.229: Application time: 0.1580650 seconds
276.236: [GC [PSYoungGen: 17932K->646K(18432K)] 50078K->32840K(54784K), 0.0005170 secs] [Times: user=0.00 sys=0.00, real=0.00 secs] 
276.237: Total time for which application threads were stopped: 0.0080760 seconds, Stopping threads took: 0.0074850 seconds
276.396: Application time: 0.1588830 seconds
276.403: [GC [PSYoungGen: 17930K->646K(18432K)] 50124K->32889K(54784K), 0.0005140 secs] [Times: user=0.00 sys=0.00, real=0.00 secs] 
276.404: Total time for which application threads were stopped: 0.0081740 seconds, Stopping threads took: 0.0075840 seconds
276.557: Application time: 0.1528480 seconds
276.571: [GC [PSYoungGen: 17852K->614K(18432K)] 50094K->32913K(54784K), 0.0004690 secs] [Times: user=0.00 sys=0.00, real=0.00 secs] 
276.571: Total time for which application threads were stopped: 0.0146150 seconds, Stopping threads took: 0.0140710 seconds
276.727: Application time: 0.1556030 seconds
276.736: [GC [PSYoungGen: 17898K->614K(18432K)] 50196K->32913K(54784K), 0.0005660 secs] [Times: user=0.00 sys=0.00, real=0.00 secs] 
276.737: Total time for which application threads were stopped: 0.0097640 seconds, Stopping threads took: 0.0091300 seconds
276.904: Application time: 0.1670450 seconds
276.914: [GC [PSYoungGen: 17900K->646K(18432K)] 50198K->33001K(54784K), 0.0004980 secs] [Times: user=0.01 sys=0.00, real=0.00 secs] 
276.914: Total time for which application threads were stopped: 0.0104100 seconds, Stopping threads took: 0.0098370 seconds
277.081: Application time: 0.1663660 seconds
277.091: [GC [PSYoungGen: 18008K->614K(18432K)] 50363K->33025K(54784K), 0.0005130 secs] [Times: user=0.00 sys=0.00, real=0.00 secs] 
277.091: Total time for which application threads were stopped: 0.0105980 seconds, Stopping threads took: 0.0100160 seconds
277.253: Application time: 0.1616650 seconds
277.263: [GC [PSYoungGen: 17898K->614K(18432K)] 50309K->33097K(54784K), 0.0004390 secs] [Times: user=0.00 sys=0.00, real=0.00 secs] 
277.264: Total time for which application threads were stopped: 0.0106410 seconds, Stopping threads took: 0.0101380 seconds
277.422: Application time: 0.1587430 seconds
277.437: [GC [PSYoungGen: 17898K->646K(18432K)] 50380K->33185K(54784K), 0.0005100 secs] [Times: user=0.00 sys=0.00, real=0.00 secs] 
277.438: Total time for which application threads were stopped: 0.0154180 seconds, Stopping threads took: 0.0148260 seconds
277.606: Application time: 0.1682110 seconds
277.627: [GC [PSYoungGen: 17930K->646K(18432K)] 50468K->33241K(54784K), 0.0005230 secs] [Times: user=0.00 sys=0.00, real=0.00 secs] 
277.627: Total time for which application threads were stopped: 0.0214750 seconds, Stopping threads took: 0.0208830 seconds
277.784: Application time: 0.1563010 seconds
277.797: [GC [PSYoungGen: 17852K->582K(18432K)] 50446K->33233K(54784K), 0.0005010 secs] [Times: user=0.00 sys=0.00, real=0.00 secs] 
277.797: Total time for which application threads were stopped: 0.0137770 seconds, Stopping threads took: 0.0132040 seconds
277.963: Application time: 0.1652000 seconds
277.976: [GC [PSYoungGen: 17866K->646K(18432K)] 50517K->33297K(54784K), 0.0004570 secs] [Times: user=0.00 sys=0.00, real=0.00 secs] 
277.976: Total time for which application threads were stopped: 0.0137090 seconds, Stopping threads took: 0.0131750 seconds
278.131: Application time: 0.1550200 seconds
278.143: [GC [PSYoungGen: 17930K->646K(18432K)] 50581K->33353K(54784K), 0.0005040 secs] [Times: user=0.00 sys=0.00, real=0.00 secs] 
278.144: Total time for which application threads were stopped: 0.0124910 seconds, Stopping threads took: 0.0119240 seconds
278.303: Application time: 0.1589910 seconds
278.324: [GC [PSYoungGen: 18008K->646K(18432K)] 50715K->33401K(54784K), 0.0004900 secs] [Times: user=0.01 sys=0.00, real=0.00 secs] 
278.324: Total time for which application threads were stopped: 0.0211460 seconds, Stopping threads took: 0.0205650 seconds
278.478: Application time: 0.1540340 seconds
278.490: [GC [PSYoungGen: 17930K->598K(18432K)] 50685K->33441K(54784K), 0.0004600 secs] [Times: user=0.00 sys=0.00, real=0.00 secs] 
278.490: Total time for which application threads were stopped: 0.0119150 seconds, Stopping threads took: 0.0113710 seconds
278.642: Application time: 0.1519720 seconds
278.646: [GC [PSYoungGen: 17882K->646K(18432K)] 50725K->33545K(54784K), 0.0006500 secs] [Times: user=0.00 sys=0.00, real=0.00 secs] 
278.647: Total time for which application threads were stopped: 0.0049160 seconds, Stopping threads took: 0.0041790 seconds
278.818: Application time: 0.1713130 seconds
278.835: [GC [PSYoungGen: 17930K->614K(18432K)] 50829K->33569K(54784K), 0.0004920 secs] [Times: user=0.00 sys=0.00, real=0.00 secs] 
278.836: Total time for which application threads were stopped: 0.0177720 seconds, Stopping threads took: 0.0172090 seconds
278.990: Application time: 0.1535660 seconds
279.001: [GC [PSYoungGen: 17898K->614K(18432K)] 50853K->33625K(54784K), 0.0005290 secs] [Times: user=0.00 sys=0.00, real=0.00 secs] 
279.001: Total time for which application threads were stopped: 0.0117140 seconds, Stopping threads took: 0.0111110 seconds
279.155: Application time: 0.1534020 seconds
279.167: [GC [PSYoungGen: 17820K->646K(18432K)] 50831K->33721K(54784K), 0.0004910 secs] [Times: user=0.00 sys=0.00, real=0.00 secs] 
279.167: Total time for which application threads were stopped: 0.0127100 seconds, Stopping threads took: 0.0121490 seconds
279.325: Application time: 0.1580960 seconds
279.334: [GC [PSYoungGen: 17930K->646K(18432K)] 51005K->33721K(54784K), 0.0004410 secs] [Times: user=0.01 sys=0.00, real=0.00 secs] 
279.334: Total time for which application threads were stopped: 0.0088850 seconds, Stopping threads took: 0.0083760 seconds
279.492: Application time: 0.1572540 seconds
279.503: [GC [PSYoungGen: 17930K->614K(18432K)] 51005K->33761K(54784K), 0.0004930 secs] [Times: user=0.00 sys=0.00, real=0.00 secs] 
279.503: Total time for which application threads were stopped: 0.0116230 seconds, Stopping threads took: 0.0110570 seconds
279.658: Application time: 0.1545560 seconds
279.669: [GC [PSYoungGen: 17900K->646K(18432K)] 51047K->33841K(54784K), 0.0005740 secs] [Times: user=0.00 sys=0.00, real=0.00 secs] 
279.669: Total time for which application threads were stopped: 0.0115280 seconds, Stopping threads took: 0.0108880 seconds
279.827: Application time: 0.1581480 seconds
279.843: [GC [PSYoungGen: 17891K->451K(18432K)] 51086K->33702K(54784K), 0.0004460 secs] [Times: user=0.00 sys=0.00, real=0.00 secs] 
279.843: Total time for which application threads were stopped: 0.0157920 seconds, Stopping threads took: 0.0152790 seconds
280.010: Application time: 0.1669140 seconds
280.025: [GC [PSYoungGen: 17852K->646K(18432K)] 51103K->34021K(54784K), 0.0005880 secs] [Times: user=0.00 sys=0.00, real=0.01 secs] 
280.027: Total time for which application threads were stopped: 0.0166350 seconds, Stopping threads took: 0.0149910 seconds
280.208: Application time: 0.1807170 seconds
280.222: [GC [PSYoungGen: 17930K->550K(18432K)] 51305K->33925K(54784K), 0.0007050 secs] [Times: user=0.00 sys=0.00, real=0.00 secs] 
280.223: Total time for which application threads were stopped: 0.0152500 seconds, Stopping threads took: 0.0144690 seconds
280.400: Application time: 0.1768360 seconds
280.417: [GC [PSYoungGen: 17834K->630K(18432K)] 51209K->34053K(54784K), 0.0007140 secs] [Times: user=0.00 sys=0.00, real=0.00 secs] 
280.418: Total time for which application threads were stopped: 0.0179810 seconds, Stopping threads took: 0.0171760 seconds
280.585: Application time: 0.1668860 seconds
280.591: [GC [PSYoungGen: 17836K->550K(18432K)] 51259K->34021K(54784K), 0.0006640 secs] [Times: user=0.01 sys=0.00, real=0.00 secs] 
280.592: Total time for which application threads were stopped: 0.0072050 seconds, Stopping threads took: 0.0064610 seconds
280.768: Application time: 0.1765560 seconds
280.784: [GC [PSYoungGen: 17834K->614K(18432K)] 51305K->34085K(54784K), 0.0007510 secs] [Times: user=0.01 sys=0.00, real=0.00 secs] 
280.785: Total time for which application threads were stopped: 0.0165950 seconds, Stopping threads took: 0.0157500 seconds
280.956: Application time: 0.1708480 seconds
280.969: [GC [PSYoungGen: 17898K->614K(18432K)] 51369K->34133K(54784K), 0.0007500 secs] [Times: user=0.00 sys=0.00, real=0.00 secs] 
280.970: Total time for which application threads were stopped: 0.0139980 seconds, Stopping threads took: 0.0131540 seconds
281.139: Application time: 0.1690880 seconds
281.145: [GC [PSYoungGen: 17898K->582K(18432K)] 51417K->34149K(54784K), 0.0006740 secs] [Times: user=0.00 sys=0.00, real=0.00 secs] 
281.146: Total time for which application threads were stopped: 0.0067100 seconds, Stopping threads took: 0.0059330 seconds
281.322: Application time: 0.1766920 seconds
281.328: [GC [PSYoungGen: 17946K->646K(18432K)] 51513K->34269K(54784K), 0.0006250 secs] [Times: user=0.00 sys=0.00, real=0.00 secs] 
281.329: Total time for which application threads were stopped: 0.0068700 seconds, Stopping threads took: 0.0061540 seconds
281.506: Application time: 0.1764100 seconds
281.522: [GC [PSYoungGen: 17930K->582K(18432K)] 51553K->34293K(54784K), 0.0005400 secs] [Times: user=0.00 sys=0.00, real=0.00 secs] 
281.522: Total time for which application threads were stopped: 0.0168120 seconds, Stopping threads took: 0.0162020 seconds
281.687: Application time: 0.1649020 seconds
281.691: [GC [PSYoungGen: 17866K->614K(18432K)] 51577K->34373K(54784K), 0.0004990 secs] [Times: user=0.00 sys=0.00, real=0.00 secs] 
281.692: Total time for which application threads were stopped: 0.0043350 seconds, Stopping threads took: 0.0037560 seconds
281.856: Application time: 0.1644000 seconds
281.871: [GC [PSYoungGen: 17898K->614K(18432K)] 51657K->34438K(54784K), 0.0004910 secs] [Times: user=0.00 sys=0.00, real=0.00 secs] 
281.872: Total time for which application threads were stopped: 0.0155770 seconds, Stopping threads took: 0.0150210 seconds
282.048: Application time: 0.1765110 seconds
282.059: [GC [PSYoungGen: 17820K->614K(18432K)] 51643K->34494K(54784K), 0.0006880 secs] [Times: user=0.01 sys=0.00, real=0.00 secs] 
282.060: Total time for which application threads were stopped: 0.0119860 seconds, Stopping threads took: 0.0112050 seconds
282.223: Application time: 0.1628810 seconds
282.238: [GC [PSYoungGen: 17898K->582K(18432K)] 51777K->34462K(54784K), 0.0007880 secs] [Times: user=0.00 sys=0.00, real=0.01 secs] 
282.239: Total time for which application threads were stopped: 0.0160340 seconds, Stopping threads took: 0.0151420 seconds
282.405: Application time: 0.1659630 seconds
282.411: [GC [PSYoungGen: 17866K->582K(18432K)] 51745K->34510K(54784K), 0.0005420 secs] [Times: user=0.00 sys=0.00, real=0.00 secs] 
282.411: Total time for which application threads were stopped: 0.0065250 seconds, Stopping threads took: 0.0058870 seconds
282.578: Application time: 0.1667670 seconds
282.584: [GC [PSYoungGen: 17866K->582K(18432K)] 51793K->34574K(54784K), 0.0005290 secs] [Times: user=0.00 sys=0.00, real=0.00 secs] 
282.584: Total time for which application threads were stopped: 0.0060210 seconds, Stopping threads took: 0.0053980 seconds
282.759: Application time: 0.1746780 seconds
282.765: [GC [PSYoungGen: 17944K->598K(18432K)] 51936K->34646K(54784K), 0.0005290 secs] [Times: user=0.00 sys=0.00, real=0.00 secs] 
282.766: Total time for which application threads were stopped: 0.0066610 seconds, Stopping threads took: 0.0060470 seconds
282.933: Application time: 0.1673150 seconds
282.940: [GC [PSYoungGen: 17882K->614K(18432K)] 51930K->34758K(54784K), 0.0006060 secs] [Times: user=0.00 sys=0.00, real=0.00 secs] 
282.941: Total time for which application threads were stopped: 0.0078320 seconds, Stopping threads took: 0.0071260 seconds
283.107: Application time: 0.1662070 seconds
283.116: [GC [PSYoungGen: 17898K->582K(18432K)] 52041K->34782K(54784K), 0.0005060 secs] [Times: user=0.00 sys=0.00, real=0.00 secs] 
283.117: Total time for which application threads were stopped: 0.0099040 seconds, Stopping threads took: 0.0093260 seconds
283.284: Application time: 0.1669630 seconds
283.291: [GC [PSYoungGen: 17866K->646K(18432K)] 52066K->34910K(54784K), 0.0004780 secs] [Times: user=0.00 sys=0.00, real=0.00 secs] 
283.291: Total time for which application threads were stopped: 0.0073220 seconds, Stopping threads took: 0.0067650 seconds
283.458: Application time: 0.1669580 seconds
283.466: [GC [PSYoungGen: 17852K->550K(18432K)] 52115K->34870K(54784K), 0.0006770 secs] [Times: user=0.00 sys=0.01, real=0.01 secs] 
283.467: Total time for which application threads were stopped: 0.0085180 seconds, Stopping threads took: 0.0077670 seconds
283.633: Application time: 0.1664000 seconds
283.643: [GC [PSYoungGen: 17834K->646K(18432K)] 52154K->34966K(54784K), 0.0005830 secs] [Times: user=0.00 sys=0.00, real=0.00 secs] 
283.644: Total time for which application threads were stopped: 0.0105310 seconds, Stopping threads took: 0.0098560 seconds
283.822: Application time: 0.1787080 seconds
283.843: [GC [PSYoungGen: 17930K->582K(18432K)] 52250K->34958K(54784K), 0.0005270 secs] [Times: user=0.00 sys=0.00, real=0.00 secs] 
283.843: Total time for which application threads were stopped: 0.0211630 seconds, Stopping threads took: 0.0205200 seconds
284.015: Application time: 0.1714640 seconds
284.029: [GC [PSYoungGen: 17866K->614K(18432K)] 52242K->35046K(54784K), 0.0004780 secs] [Times: user=0.00 sys=0.00, real=0.00 secs] 
284.029: Total time for which application threads were stopped: 0.0143070 seconds, Stopping threads took: 0.0137420 seconds
284.196: Application time: 0.1669650 seconds
284.213: [GC [PSYoungGen: 17976K->646K(18432K)] 52408K->35134K(54784K), 0.0006000 secs] [Times: user=0.01 sys=0.00, real=0.00 secs] 
284.214: Total time for which application threads were stopped: 0.0174780 seconds, Stopping threads took: 0.0168070 seconds
284.377: Application time: 0.1628820 seconds
284.391: [GC [PSYoungGen: 17930K->646K(18432K)] 52418K->35218K(54784K), 0.0005140 secs] [Times: user=0.01 sys=0.00, real=0.00 secs] 
284.391: Total time for which application threads were stopped: 0.0148890 seconds, Stopping threads took: 0.0142910 seconds
284.559: Application time: 0.1672790 seconds
284.580: [GC [PSYoungGen: 17930K->582K(18432K)] 52502K->35194K(54784K), 0.0005210 secs] [Times: user=0.01 sys=0.00, real=0.00 secs] 
284.581: Total time for which application threads were stopped: 0.0222660 seconds, Stopping threads took: 0.0216770 seconds
284.740: Application time: 0.1589900 seconds
284.750: [GC [PSYoungGen: 17866K->614K(18432K)] 52478K->35290K(54784K), 0.0004600 secs] [Times: user=0.00 sys=0.00, real=0.00 secs] 
284.750: Total time for which application threads were stopped: 0.0100220 seconds, Stopping threads took: 0.0094780 seconds
284.912: Application time: 0.1617410 seconds
284.923: [GC [PSYoungGen: 18015K->841K(18432K)] 52691K->35573K(54784K), 0.0006220 secs] [Times: user=0.01 sys=0.00, real=0.00 secs] 
284.923: Total time for which application threads were stopped: 0.0115390 seconds, Stopping threads took: 0.0108430 seconds
285.069: Application time: 0.1458200 seconds
285.098: [GC [PSYoungGen: 17930K->582K(18432K)] 52662K->35314K(54784K), 0.0006390 secs] [Times: user=0.00 sys=0.00, real=0.00 secs] 
285.100: Total time for which application threads were stopped: 0.0306580 seconds, Stopping threads took: 0.0290210 seconds
285.265: Application time: 0.1649600 seconds
285.276: [GC [PSYoungGen: 17866K->614K(18432K)] 52598K->35394K(54784K), 0.0006220 secs] [Times: user=0.00 sys=0.00, real=0.00 secs] 
285.277: Total time for which application threads were stopped: 0.0122950 seconds, Stopping threads took: 0.0115860 seconds
285.443: Application time: 0.1659370 seconds
285.460: [GC [PSYoungGen: 17898K->614K(18432K)] 52678K->35450K(54784K), 0.0007950 secs] [Times: user=0.00 sys=0.00, real=0.00 secs] 
285.460: Total time for which application threads were stopped: 0.0174360 seconds, Stopping threads took: 0.0165390 seconds
285.631: Application time: 0.1707370 seconds
285.642: [GC [PSYoungGen: 17859K->419K(18432K)] 52695K->35303K(54784K), 0.0005310 secs] [Times: user=0.00 sys=0.00, real=0.00 secs] 
285.642: Total time for which application threads were stopped: 0.0109740 seconds, Stopping threads took: 0.0103700 seconds
285.806: Application time: 0.1638520 seconds
285.813: [GC [PSYoungGen: 17820K->646K(18432K)] 52704K->35638K(54784K), 0.0004930 secs] [Times: user=0.00 sys=0.00, real=0.00 secs] 
285.814: Total time for which application threads were stopped: 0.0079680 seconds, Stopping threads took: 0.0074070 seconds
285.983: Application time: 0.1687290 seconds
285.993: [GC [PSYoungGen: 17930K->614K(18432K)] 52922K->35606K(54784K), 0.0004600 secs] [Times: user=0.00 sys=0.00, real=0.00 secs] 
285.994: Total time for which application threads were stopped: 0.0109550 seconds, Stopping threads took: 0.0104180 seconds
286.157: Application time: 0.1631090 seconds
286.173: [GC [PSYoungGen: 17898K->582K(18432K)] 52890K->35630K(54784K), 0.0005170 secs] [Times: user=0.00 sys=0.00, real=0.00 secs] 
286.174: Total time for which application threads were stopped: 0.0171060 seconds, Stopping threads took: 0.0165170 seconds
286.329: Application time: 0.1547680 seconds
286.338: [GC [PSYoungGen: 17866K->614K(18432K)] 52914K->35718K(54784K), 0.0006740 secs] [Times: user=0.00 sys=0.00, real=0.01 secs] 
286.339: Total time for which application threads were stopped: 0.0099330 seconds, Stopping threads took: 0.0091890 seconds
286.491: Application time: 0.1526120 seconds
286.501: [GC [PSYoungGen: 17820K->646K(18432K)] 52924K->35806K(54784K), 0.0004610 secs] [Times: user=0.00 sys=0.00, real=0.00 secs] 
286.502: Total time for which application threads were stopped: 0.0106240 seconds, Stopping threads took: 0.0100900 seconds
286.671: Application time: 0.1692510 seconds
286.694: [GC [PSYoungGen: 17930K->614K(18432K)] 53090K->35774K(54784K), 0.0005010 secs] [Times: user=0.01 sys=0.00, real=0.00 secs] 
286.694: Total time for which application threads were stopped: 0.0233080 seconds, Stopping threads took: 0.0227370 seconds
286.853: Application time: 0.1587680 seconds
286.863: [GC [PSYoungGen: 17976K->646K(18432K)] 53136K->35854K(54784K), 0.0005410 secs] [Times: user=0.00 sys=0.00, real=0.00 secs] 
286.863: Total time for which application threads were stopped: 0.0100770 seconds, Stopping threads took: 0.0094640 seconds
287.017: Application time: 0.1538480 seconds
287.032: [GC [PSYoungGen: 17930K->598K(18432K)] 53138K->35894K(54784K), 0.0005370 secs] [Times: user=0.00 sys=0.00, real=0.00 secs] 
287.032: Total time for which application threads were stopped: 0.0150920 seconds, Stopping threads took: 0.0144730 seconds
287.171: Application time: 0.1389320 seconds
287.207: [GC [PSYoungGen: 17882K->614K(18432K)] 53178K->35966K(54784K), 0.0005140 secs] [Times: user=0.01 sys=0.00, real=0.00 secs] 
287.207: Total time for which application threads were stopped: 0.0359620 seconds, Stopping threads took: 0.0353790 seconds
287.364: Application time: 0.1573030 seconds
287.374: [GC [PSYoungGen: 17898K->582K(18432K)] 53250K->35983K(54784K), 0.0004500 secs] [Times: user=0.00 sys=0.00, real=0.00 secs] 
287.374: Total time for which application threads were stopped: 0.0099280 seconds, Stopping threads took: 0.0094060 seconds
287.541: Application time: 0.1662500 seconds
287.561: [GC [PSYoungGen: 17866K->582K(18432K)] 53266K->36023K(54784K), 0.0005240 secs] [Times: user=0.00 sys=0.00, real=0.00 secs] 
287.562: Total time for which application threads were stopped: 0.0209050 seconds, Stopping threads took: 0.0202840 seconds
287.712: Application time: 0.1501120 seconds
287.725: [GC [PSYoungGen: 17788K->582K(18432K)] 53228K->36095K(54784K), 0.0004280 secs] [Times: user=0.01 sys=0.00, real=0.00 secs] 
287.726: Total time for which application threads were stopped: 0.0142880 seconds, Stopping threads took: 0.0137840 seconds
287.881: Application time: 0.1555180 seconds
287.895: [GC [PSYoungGen: 17866K->646K(18432K)] 53379K->36159K(54784K), 0.0004770 secs] [Times: user=0.00 sys=0.00, real=0.00 secs] 
287.895: Total time for which application threads were stopped: 0.0136380 seconds, Stopping threads took: 0.0130750 seconds
288.069: Application time: 0.1741060 seconds
288.091: [GC [PSYoungGen: 17930K->582K(18432K)] 53442K->36143K(54784K), 0.0005180 secs] [Times: user=0.00 sys=0.00, real=0.00 secs] 
288.092: Total time for which application threads were stopped: 0.0223170 seconds, Stopping threads took: 0.0217260 seconds
288.257: Application time: 0.1655830 seconds
288.264: [GC [PSYoungGen: 17944K->614K(18432K)] 53505K->36231K(54784K), 0.0006400 secs] [Times: user=0.00 sys=0.00, real=0.00 secs] 
288.265: Total time for which application threads were stopped: 0.0074280 seconds, Stopping threads took: 0.0066940 seconds
288.431: Application time: 0.1661240 seconds
288.438: [GC [PSYoungGen: 17898K->646K(18432K)] 53514K->36351K(54784K), 0.0005180 secs] [Times: user=0.00 sys=0.00, real=0.01 secs] 
288.438: Total time for which application threads were stopped: 0.0077550 seconds, Stopping threads took: 0.0071430 seconds
288.611: Application time: 0.1725890 seconds
288.621: [GC [PSYoungGen: 17930K->582K(18432K)] 53635K->36351K(54784K), 0.0005370 secs] [Times: user=0.00 sys=0.00, real=0.00 secs] 
288.622: Total time for which application threads were stopped: 0.0109240 seconds, Stopping threads took: 0.0102780 seconds
288.791: Application time: 0.1690560 seconds
288.811: [GC [PSYoungGen: 17866K->646K(18432K)] 53635K->36463K(54784K), 0.0005110 secs] [Times: user=0.00 sys=0.00, real=0.00 secs] 
288.812: Total time for which application threads were stopped: 0.0209270 seconds, Stopping threads took: 0.0203220 seconds
288.981: Application time: 0.1692740 seconds
288.992: [GC [PSYoungGen: 17930K->566K(18432K)] 53747K->36431K(54784K), 0.0005880 secs] [Times: user=0.00 sys=0.00, real=0.00 secs] 
288.992: Total time for which application threads were stopped: 0.0110750 seconds, Stopping threads took: 0.0104000 seconds
289.159: Application time: 0.1669370 seconds
289.163: [GC [PSYoungGen: 17967K->777K(18432K)] 53832K->36706K(54784K), 0.0005080 secs] [Times: user=0.00 sys=0.00, real=0.00 secs] 
289.164: Total time for which application threads were stopped: 0.0046060 seconds, Stopping threads took: 0.0040220 seconds
289.329: Application time: 0.1653600 seconds
289.336: [GC [PSYoungGen: 17866K->582K(18432K)] 53795K->36511K(54784K), 0.0004580 secs] [Times: user=0.00 sys=0.00, real=0.00 secs] 
289.337: Total time for which application threads were stopped: 0.0075340 seconds, Stopping threads took: 0.0070010 seconds
289.504: Application time: 0.1671520 seconds
289.514: [GC [PSYoungGen: 17866K->614K(18432K)] 53795K->36623K(54784K), 0.0005000 secs] [Times: user=0.00 sys=0.00, real=0.00 secs] 
289.514: Total time for which application threads were stopped: 0.0102740 seconds, Stopping threads took: 0.0097040 seconds
289.690: Application time: 0.1762240 seconds
289.701: [GC [PSYoungGen: 17900K->646K(18432K)] 53909K->36703K(54784K), 0.0005140 secs] [Times: user=0.00 sys=0.00, real=0.00 secs] 
289.702: Total time for which application threads were stopped: 0.0111350 seconds, Stopping threads took: 0.0105390 seconds
289.877: Application time: 0.1752010 seconds
289.895: [GC [PSYoungGen: 18008K->582K(18432K)] 54065K->36703K(54784K), 0.0005630 secs] [Times: user=0.00 sys=0.00, real=0.00 secs] 
289.895: Total time for which application threads were stopped: 0.0186670 seconds, Stopping threads took: 0.0180350 seconds
290.055: Application time: 0.1599170 seconds
290.064: [GC [PSYoungGen: 17866K->550K(18432K)] 53987K->36767K(54784K), 0.0006010 secs] [Times: user=0.01 sys=0.00, real=0.00 secs] 
290.065: Total time for which application threads were stopped: 0.0092390 seconds, Stopping threads took: 0.0085660 seconds
290.241: Application time: 0.1764040 seconds
290.259: [GC [PSYoungGen: 17834K->614K(18432K)] 54051K->36887K(54784K), 0.0005870 secs] [Times: user=0.01 sys=0.00, real=0.00 secs] 
290.261: [Full GC [PSYoungGen: 614K->0K(18432K)] [ParOldGen: 36272K->3221K(34304K)] 36887K->3221K(52736K) [PSPermGen: 5155K->5155K(21504K)], 0.0049970 secs] [Times: user=0.02 sys=0.00, real=0.00 secs] 
290.266: Total time for which application threads were stopped: 0.0249670 seconds, Stopping threads took: 0.0183000 seconds
290.434: Application time: 0.1676290 seconds
290.437: [GC [PSYoungGen: 17283K->614K(18432K)] 20504K->3835K(52736K), 0.0004060 secs] [Times: user=0.00 sys=0.00, real=0.00 secs] 
290.438: Total time for which application threads were stopped: 0.0039640 seconds, Stopping threads took: 0.0034880 seconds
290.603: Application time: 0.1658730 seconds
290.609: [GC [PSYoungGen: 18015K->841K(18432K)] 21236K->4135K(52736K), 0.0004450 secs] [Times: user=0.00 sys=0.00, real=0.00 secs] 
290.610: Total time for which application threads were stopped: 0.0063790 seconds, Stopping threads took: 0.0058660 seconds
290.775: Application time: 0.1656420 seconds
290.784: [GC [PSYoungGen: 18125K->841K(18432K)] 21418K->4135K(52736K), 0.0004720 secs] [Times: user=0.00 sys=0.00, real=0.00 secs] 
290.784: Total time for which application threads were stopped: 0.0088300 seconds, Stopping threads took: 0.0082780 seconds
290.950: Application time: 0.1659960 seconds
290.959: [GC [PSYoungGen: 17930K->582K(18432K)] 21223K->3915K(52736K), 0.0005550 secs] [Times: user=0.01 sys=0.00, real=0.00 secs] 
290.959: Total time for which application threads were stopped: 0.0090610 seconds, Stopping threads took: 0.0084100 seconds
291.128: Application time: 0.1687560 seconds
291.137: [GC [PSYoungGen: 17866K->614K(18432K)] 21199K->3995K(52736K), 0.0005580 secs] [Times: user=0.00 sys=0.00, real=0.00 secs] 
291.138: Total time for which application threads were stopped: 0.0098900 seconds, Stopping threads took: 0.0092370 seconds
291.301: Application time: 0.1631670 seconds
291.311: [GC [PSYoungGen: 17978K->614K(18432K)] 21359K->4043K(52736K), 0.0004960 secs] [Times: user=0.00 sys=0.00, real=0.00 secs] 
291.312: Total time for which application threads were stopped: 0.0105290 seconds, Stopping threads took: 0.0099580 seconds
291.486: Application time: 0.1747800 seconds
291.499: [GC [PSYoungGen: 17898K->630K(18432K)] 21327K->4139K(52736K), 0.0005030 secs] [Times: user=0.00 sys=0.00, real=0.00 secs] 
291.499: Total time for which application threads were stopped: 0.0128780 seconds, Stopping threads took: 0.0122980 seconds
291.672: Application time: 0.1721730 seconds
291.687: [GC [PSYoungGen: 17914K->582K(18432K)] 21423K->4155K(52736K), 0.0004350 secs] [Times: user=0.00 sys=0.00, real=0.00 secs] 
291.688: Total time for which application threads were stopped: 0.0162450 seconds, Stopping threads took: 0.0157430 seconds
291.856: Application time: 0.1687250 seconds
291.860: [GC [PSYoungGen: 17866K->614K(18432K)] 21439K->4236K(52736K), 0.0004520 secs] [Times: user=0.00 sys=0.00, real=0.00 secs] 
291.861: Total time for which application threads were stopped: 0.0043260 seconds, Stopping threads took: 0.0037970 seconds
292.023: Application time: 0.1622600 seconds
292.028: [GC [PSYoungGen: 17820K->646K(18432K)] 21441K->4332K(52736K), 0.0007150 secs] [Times: user=0.00 sys=0.00, real=0.00 secs] 
292.029: Total time for which application threads were stopped: 0.0057390 seconds, Stopping threads took: 0.0049310 seconds
292.195: Application time: 0.1658120 seconds
292.211: [GC [PSYoungGen: 17930K->614K(18432K)] 21615K->4300K(52736K), 0.0005100 secs] [Times: user=0.01 sys=0.00, real=0.00 secs] 
292.211: Total time for which application threads were stopped: 0.0165620 seconds, Stopping threads took: 0.0159870 seconds
292.372: Application time: 0.1603740 seconds
292.382: [GC [PSYoungGen: 17898K->614K(18432K)] 21583K->4356K(52736K), 0.0004990 secs] [Times: user=0.00 sys=0.00, real=0.00 secs] 
292.383: Total time for which application threads were stopped: 0.0111770 seconds, Stopping threads took: 0.0106010 seconds
292.551: Application time: 0.1681840 seconds
292.571: [GC [PSYoungGen: 17898K->646K(18432K)] 21639K->4444K(52736K), 0.0004020 secs] [Times: user=0.00 sys=0.00, real=0.00 secs] 
292.571: Total time for which application threads were stopped: 0.0203180 seconds, Stopping threads took: 0.0198470 seconds
292.736: Application time: 0.1649680 seconds
292.752: [GC [PSYoungGen: 17891K->419K(18432K)] 21689K->4264K(52736K), 0.0004340 secs] [Times: user=0.00 sys=0.00, real=0.00 secs] 
292.753: Total time for which application threads were stopped: 0.0163640 seconds, Stopping threads took: 0.0158560 seconds
292.916: Application time: 0.1630040 seconds
292.921: [GC [PSYoungGen: 17820K->614K(18432K)] 21665K->4564K(52736K), 0.0003990 secs] [Times: user=0.00 sys=0.00, real=0.00 secs] 
292.922: Total time for which application threads were stopped: 0.0060710 seconds, Stopping threads took: 0.0055870 seconds
293.078: Application time: 0.1558290 seconds
293.087: [GC [PSYoungGen: 17898K->582K(18432K)] 21848K->4532K(52736K), 0.0005050 secs] [Times: user=0.01 sys=0.00, real=0.00 secs] 
293.088: Total time for which application threads were stopped: 0.0104600 seconds, Stopping threads took: 0.0098870 seconds
293.244: Application time: 0.1560090 seconds
293.255: [GC [PSYoungGen: 17866K->582K(18432K)] 21816K->4588K(52736K), 0.0004420 secs] [Times: user=0.00 sys=0.00, real=0.00 secs] 
293.255: Total time for which application threads were stopped: 0.0112680 seconds, Stopping threads took: 0.0107380 seconds
293.408: Application time: 0.1522430 seconds
293.417: [GC [PSYoungGen: 17788K->582K(18432K)] 21793K->4636K(52736K), 0.0006310 secs] [Times: user=0.00 sys=0.00, real=0.00 secs] 
293.418: Total time for which application threads were stopped: 0.0101500 seconds, Stopping threads took: 0.0094510 seconds
293.577: Application time: 0.1594490 seconds
293.597: [GC [PSYoungGen: 17866K->582K(18432K)] 21920K->4636K(52736K), 0.0004200 secs] [Times: user=0.00 sys=0.00, real=0.00 secs] 
293.597: Total time for which application threads were stopped: 0.0201400 seconds, Stopping threads took: 0.0196200 seconds
293.763: Application time: 0.1660400 seconds
293.778: [GC [PSYoungGen: 17866K->614K(18432K)] 21920K->4732K(52736K), 0.0004210 secs] [Times: user=0.00 sys=0.00, real=0.01 secs] 
293.778: Total time for which application threads were stopped: 0.0150210 seconds, Stopping threads took: 0.0145300 seconds
293.932: Application time: 0.1540070 seconds
293.943: [GC [PSYoungGen: 17898K->646K(18432K)] 22016K->4828K(52736K), 0.0004260 secs] [Times: user=0.00 sys=0.00, real=0.00 secs] 
293.943: Total time for which application threads were stopped: 0.0107650 seconds, Stopping threads took: 0.0102690 seconds
294.109: Application time: 0.1662450 seconds
294.127: [GC [PSYoungGen: 18008K->598K(18432K)] 22190K->4836K(52736K), 0.0004480 secs] [Times: user=0.00 sys=0.00, real=0.00 secs] 
294.128: Total time for which application threads were stopped: 0.0184480 seconds, Stopping threads took: 0.0179180 seconds
294.292: Application time: 0.1641840 seconds
294.316: [GC [PSYoungGen: 17882K->614K(18432K)] 22120K->4932K(52736K), 0.0004280 secs] [Times: user=0.00 sys=0.00, real=0.00 secs] 
294.316: Total time for which application threads were stopped: 0.0239890 seconds, Stopping threads took: 0.0234950 seconds
294.480: Application time: 0.1636700 seconds
294.489: [GC [PSYoungGen: 17898K->614K(18432K)] 22216K->4980K(52736K), 0.0004860 secs] [Times: user=0.00 sys=0.00, real=0.00 secs] 
294.489: Total time for which application threads were stopped: 0.0095070 seconds, Stopping threads took: 0.0089540 seconds
294.652: Application time: 0.1624410 seconds
294.675: [GC [PSYoungGen: 17900K->646K(18432K)] 22266K->5060K(52736K), 0.0004540 secs] [Times: user=0.00 sys=0.00, real=0.00 secs] 
294.675: Total time for which application threads were stopped: 0.0236790 seconds, Stopping threads took: 0.0231460 seconds
294.834: Application time: 0.1589310 seconds
294.841: [GC [PSYoungGen: 17852K->614K(18432K)] 22266K->5076K(52736K), 0.0003950 secs] [Times: user=0.00 sys=0.00, real=0.00 secs] 
294.842: Total time for which application threads were stopped: 0.0073100 seconds, Stopping threads took: 0.0068480 seconds
295.002: Application time: 0.1602220 seconds
295.025: [GC [PSYoungGen: 17898K->582K(18432K)] 22360K->5044K(52736K), 0.0004590 secs] [Times: user=0.00 sys=0.00, real=0.00 secs] 
295.025: Total time for which application threads were stopped: 0.0233480 seconds, Stopping threads took: 0.0228170 seconds
295.188: Application time: 0.1627910 seconds
295.202: [GC [PSYoungGen: 17866K->614K(18432K)] 22328K->5132K(52736K), 0.0004160 secs] [Times: user=0.00 sys=0.00, real=0.00 secs] 
295.203: Total time for which application threads were stopped: 0.0146270 seconds, Stopping threads took: 0.0141330 seconds
295.369: Application time: 0.1662320 seconds
295.383: [GC [PSYoungGen: 17898K->646K(18432K)] 22416K->5212K(52736K), 0.0004460 secs] [Times: user=0.00 sys=0.00, real=0.00 secs] 
295.385: Total time for which application threads were stopped: 0.0162780 seconds, Stopping threads took: 0.0145760 seconds
295.547: Application time: 0.1624010 seconds
295.565: [GC [PSYoungGen: 18008K->614K(18432K)] 22574K->5228K(52736K), 0.0004400 secs] [Times: user=0.00 sys=0.00, real=0.00 secs] 
295.565: Total time for which application threads were stopped: 0.0178770 seconds, Stopping threads took: 0.0173590 seconds
295.718: Application time: 0.1530330 seconds
295.724: [GC [PSYoungGen: 17898K->582K(18432K)] 22512K->5276K(52736K), 0.0004900 secs] [Times: user=0.01 sys=0.00, real=0.00 secs] 
295.725: Total time for which application threads were stopped: 0.0062930 seconds, Stopping threads took: 0.0057170 seconds
295.879: Application time: 0.1545720 seconds
295.892: [GC [PSYoungGen: 17866K->614K(18432K)] 22560K->5356K(52736K), 0.0005670 secs] [Times: user=0.00 sys=0.00, real=0.00 secs] 
295.893: Total time for which application threads were stopped: 0.0136970 seconds, Stopping threads took: 0.0130590 seconds
296.068: Application time: 0.1749530 seconds
296.081: [GC [PSYoungGen: 17898K->614K(18432K)] 22640K->5420K(52736K), 0.0004650 secs] [Times: user=0.00 sys=0.00, real=0.00 secs] 
296.082: Total time for which application threads were stopped: 0.0137250 seconds, Stopping threads took: 0.0131850 seconds
296.247: Application time: 0.1655120 seconds
296.255: [GC [PSYoungGen: 17820K->582K(18432K)] 22626K->5444K(52736K), 0.0004060 secs] [Times: user=0.00 sys=0.00, real=0.00 secs] 
296.255: Total time for which application threads were stopped: 0.0080530 seconds, Stopping threads took: 0.0075710 seconds
296.429: Application time: 0.1739870 seconds
296.450: [GC [PSYoungGen: 17866K->582K(18432K)] 22728K->5444K(52736K), 0.0004850 secs] [Times: user=0.00 sys=0.00, real=0.00 secs] 
296.450: Total time for which application threads were stopped: 0.0209480 seconds, Stopping threads took: 0.0203950 seconds
296.615: Application time: 0.1650740 seconds
296.628: [GC [PSYoungGen: 17866K->614K(18432K)] 22728K->5524K(52736K), 0.0005100 secs] [Times: user=0.00 sys=0.00, real=0.00 secs] 
296.628: Total time for which application threads were stopped: 0.0129120 seconds, Stopping threads took: 0.0123100 seconds
296.799: Application time: 0.1704520 seconds
296.807: [GC [PSYoungGen: 17898K->582K(18432K)] 22808K->5548K(52736K), 0.0004790 secs] [Times: user=0.00 sys=0.00, real=0.00 secs] 
296.807: Total time for which application threads were stopped: 0.0088210 seconds, Stopping threads took: 0.0082510 seconds
296.988: Application time: 0.1807690 seconds
296.999: [GC [PSYoungGen: 17944K->582K(18432K)] 22910K->5604K(52736K), 0.0004610 secs] [Times: user=0.01 sys=0.00, real=0.00 secs] 
296.999: Total time for which application threads were stopped: 0.0111480 seconds, Stopping threads took: 0.0105970 seconds
297.174: Application time: 0.1746800 seconds
297.185: [GC [PSYoungGen: 17866K->614K(18432K)] 22888K->5724K(52736K), 0.0004880 secs] [Times: user=0.00 sys=0.00, real=0.00 secs] 
297.185: Total time for which application threads were stopped: 0.0110790 seconds, Stopping threads took: 0.0105220 seconds
297.360: Application time: 0.1746620 seconds
297.377: [GC [PSYoungGen: 17898K->614K(18432K)] 23008K->5781K(52736K), 0.0004750 secs] [Times: user=0.00 sys=0.00, real=0.00 secs] 
297.378: Total time for which application threads were stopped: 0.0182010 seconds, Stopping threads took: 0.0176500 seconds
297.547: Application time: 0.1685350 seconds
297.552: [GC [PSYoungGen: 17898K->646K(18432K)] 23064K->5869K(52736K), 0.0004300 secs] [Times: user=0.01 sys=0.00, real=0.00 secs] 
297.552: Total time for which application threads were stopped: 0.0059460 seconds, Stopping threads took: 0.0054520 seconds
297.722: Application time: 0.1690450 seconds
297.733: [GC [PSYoungGen: 17852K->614K(18432K)] 23074K->5901K(52736K), 0.0004440 secs] [Times: user=0.00 sys=0.00, real=0.00 secs] 
297.733: Total time for which application threads were stopped: 0.0116920 seconds, Stopping threads took: 0.0111790 seconds
297.896: Application time: 0.1629510 seconds
297.900: [GC [PSYoungGen: 17898K->614K(18432K)] 23185K->5901K(52736K), 0.0004730 secs] [Times: user=0.00 sys=0.00, real=0.00 secs] 
297.901: Total time for which application threads were stopped: 0.0043640 seconds, Stopping threads took: 0.0037900 seconds
298.073: Application time: 0.1726840 seconds
298.080: [GC [PSYoungGen: 17898K->646K(18432K)] 23184K->5981K(52736K), 0.0006190 secs] [Times: user=0.00 sys=0.00, real=0.00 secs] 
298.081: Total time for which application threads were stopped: 0.0078970 seconds, Stopping threads took: 0.0071900 seconds
298.247: Application time: 0.1659270 seconds
298.254: [GC [PSYoungGen: 17932K->646K(18432K)] 23266K->6021K(52736K), 0.0004530 secs] [Times: user=0.00 sys=0.00, real=0.00 secs] 
298.255: Total time for which application threads were stopped: 0.0076430 seconds, Stopping threads took: 0.0071230 seconds
298.432: Application time: 0.1772070 seconds
298.445: [GC [PSYoungGen: 18010K->646K(18432K)] 23385K->6077K(52736K), 0.0004440 secs] [Times: user=0.01 sys=0.00, real=0.00 secs] 
298.445: Total time for which application threads were stopped: 0.0133670 seconds, Stopping threads took: 0.0128180 seconds
298.612: Application time: 0.1671090 seconds
298.620: [GC [PSYoungGen: 17930K->646K(18432K)] 23361K->6165K(52736K), 0.0007710 secs] [Times: user=0.01 sys=0.00, real=0.00 secs] 
298.621: Total time for which application threads were stopped: 0.0088220 seconds, Stopping threads took: 0.0079780 seconds
298.786: Application time: 0.1647590 seconds
298.795: [GC [PSYoungGen: 17930K->614K(18432K)] 23449K->6197K(52736K), 0.0010770 secs] [Times: user=0.00 sys=0.00, real=0.00 secs] 
298.796: Total time for which application threads were stopped: 0.0101740 seconds, Stopping threads took: 0.0090050 seconds
298.970: Application time: 0.1733820 seconds
298.988: [GC [PSYoungGen: 17898K->598K(18432K)] 23481K->6229K(52736K), 0.0004620 secs] [Times: user=0.01 sys=0.00, real=0.00 secs] 
298.989: Total time for which application threads were stopped: 0.0190010 seconds, Stopping threads took: 0.0184510 seconds
299.156: Application time: 0.1677960 seconds
299.160: [GC [PSYoungGen: 17804K->582K(18432K)] 23434K->6277K(52736K), 0.0005300 secs] [Times: user=0.00 sys=0.00, real=0.00 secs] 
299.160: Total time for which application threads were stopped: 0.0039330 seconds, Stopping threads took: 0.0033290 seconds
299.323: Application time: 0.1628180 seconds
299.328: [GC [PSYoungGen: 17866K->614K(18432K)] 23561K->6309K(52736K), 0.0004220 secs] [Times: user=0.00 sys=0.00, real=0.00 secs] 
299.329: Total time for which application threads were stopped: 0.0056150 seconds, Stopping threads took: 0.0051230 seconds
299.493: Application time: 0.1645440 seconds
299.507: [GC [PSYoungGen: 17900K->614K(18432K)] 23595K->6365K(52736K), 0.0004550 secs] [Times: user=0.00 sys=0.00, real=0.00 secs] 
299.507: Total time for which application threads were stopped: 0.0139650 seconds, Stopping threads took: 0.0134080 seconds
299.672: Application time: 0.1644930 seconds
299.676: [GC [PSYoungGen: 17900K->614K(18432K)] 23651K->6413K(52736K), 0.0005850 secs] [Times: user=0.01 sys=0.00, real=0.00 secs] 
299.677: Total time for which application threads were stopped: 0.0052690 seconds, Stopping threads took: 0.0046130 seconds
299.850: Application time: 0.1731620 seconds
299.865: [GC [PSYoungGen: 17976K->614K(18432K)] 23775K->6461K(52736K), 0.0004210 secs] [Times: user=0.01 sys=0.00, real=0.00 secs] 
299.866: Total time for which application threads were stopped: 0.0154810 seconds, Stopping threads took: 0.0149880 seconds
300.023: Application time: 0.1575750 seconds
300.028: [GC [PSYoungGen: 17898K->614K(18432K)] 23745K->6561K(52736K), 0.0005290 secs] [Times: user=0.00 sys=0.00, real=0.00 secs] 
300.029: Total time for which application threads were stopped: 0.0054120 seconds, Stopping threads took: 0.0048070 seconds
300.183: Application time: 0.1544140 seconds
300.200: [GC [PSYoungGen: 17898K->582K(18432K)] 23845K->6585K(52736K), 0.0004480 secs] [Times: user=0.01 sys=0.00, real=0.00 secs] 
300.201: Total time for which application threads were stopped: 0.0174750 seconds, Stopping threads took: 0.0169590 seconds
300.357: Application time: 0.1564880 seconds
300.366: [GC [PSYoungGen: 17866K->646K(18432K)] 23869K->6689K(52736K), 0.0004630 secs] [Times: user=0.00 sys=0.00, real=0.00 secs] 
300.366: Total time for which application threads were stopped: 0.0091170 seconds, Stopping threads took: 0.0085830 seconds
300.522: Application time: 0.1560030 seconds
300.540: [GC [PSYoungGen: 17852K->614K(18432K)] 23895K->6705K(52736K), 0.0004670 secs] [Times: user=0.00 sys=0.00, real=0.00 secs] 
300.541: Total time for which application threads were stopped: 0.0191790 seconds, Stopping threads took: 0.0174880 seconds
300.703: Application time: 0.1621770 seconds
300.724: [GC [PSYoungGen: 17898K->646K(18432K)] 23989K->6737K(52736K), 0.0011020 secs] [Times: user=0.00 sys=0.00, real=0.00 secs] 
300.725: Total time for which application threads were stopped: 0.0215430 seconds, Stopping threads took: 0.0203490 seconds
300.891: Application time: 0.1664200 seconds
300.919: [GC [PSYoungGen: 17930K->614K(18432K)] 24021K->6753K(52736K), 0.0006660 secs] [Times: user=0.00 sys=0.00, real=0.00 secs] 
300.920: Total time for which application threads were stopped: 0.0282210 seconds, Stopping threads took: 0.0274660 seconds
301.069: Application time: 0.1496050 seconds
301.084: [GC [PSYoungGen: 17898K->614K(18432K)] 24037K->6801K(52736K), 0.0006080 secs] [Times: user=0.00 sys=0.00, real=0.00 secs] 
301.085: Total time for which application threads were stopped: 0.0156930 seconds, Stopping threads took: 0.0150030 seconds
301.253: Application time: 0.1682020 seconds
301.274: [GC [PSYoungGen: 17976K->598K(18432K)] 24163K->6833K(52736K), 0.0004580 secs] [Times: user=0.00 sys=0.00, real=0.00 secs] 
301.275: Total time for which application threads were stopped: 0.0213630 seconds, Stopping threads took: 0.0208170 seconds
301.435: Application time: 0.1607880 seconds
301.454: [GC [PSYoungGen: 17882K->614K(18432K)] 24117K->6929K(52736K), 0.0005320 secs] [Times: user=0.00 sys=0.00, real=0.00 secs] 
301.455: Total time for which application threads were stopped: 0.0192120 seconds, Stopping threads took: 0.0186110 seconds
301.612: Application time: 0.1578740 seconds
301.624: [GC [PSYoungGen: 17898K->598K(18432K)] 24213K->6961K(52736K), 0.0004900 secs] [Times: user=0.00 sys=0.00, real=0.00 secs] 
301.624: Total time for which application threads were stopped: 0.0118050 seconds, Stopping threads took: 0.0112120 seconds
301.781: Application time: 0.1570280 seconds
301.791: [GC [PSYoungGen: 17882K->598K(18432K)] 24245K->7009K(52736K), 0.0006270 secs] [Times: user=0.00 sys=0.00, real=0.00 secs] 
301.792: Total time for which application threads were stopped: 0.0107920 seconds, Stopping threads took: 0.0100740 seconds
301.947: Application time: 0.1545450 seconds
301.958: [GC [PSYoungGen: 17804K->582K(18432K)] 24215K->7049K(52736K), 0.0004250 secs] [Times: user=0.00 sys=0.00, real=0.01 secs] 
301.958: Total time for which application threads were stopped: 0.0115750 seconds, Stopping threads took: 0.0110770 seconds
302.120: Application time: 0.1620400 seconds
302.138: [GC [PSYoungGen: 17866K->550K(18432K)] 24333K->7017K(52736K), 0.0005910 secs] [Times: user=0.00 sys=0.00, real=0.00 secs] 
302.139: Total time for which application threads were stopped: 0.0187750 seconds, Stopping threads took: 0.0180890 seconds
302.296: Application time: 0.1569910 seconds
302.304: [GC [PSYoungGen: 17834K->582K(18432K)] 24301K->7113K(52736K), 0.0006130 secs] [Times: user=0.00 sys=0.00, real=0.00 secs] 
302.304: Total time for which application threads were stopped: 0.0082680 seconds, Stopping threads took: 0.0075710 seconds
302.459: Application time: 0.1543240 seconds
302.470: [GC [PSYoungGen: 17944K->646K(18432K)] 24475K->7225K(52736K), 0.0004760 secs] [Times: user=0.00 sys=0.00, real=0.00 secs] 
302.470: Total time for which application threads were stopped: 0.0118050 seconds, Stopping threads took: 0.0112610 seconds
302.625: Application time: 0.1542520 seconds
302.642: [GC [PSYoungGen: 18008K->646K(18432K)] 24587K->7329K(52736K), 0.0005320 secs] [Times: user=0.00 sys=0.00, real=0.00 secs] 
302.643: Total time for which application threads were stopped: 0.0178340 seconds, Stopping threads took: 0.0172180 seconds
302.805: Application time: 0.1627430 seconds
302.813: [GC [PSYoungGen: 18047K->777K(18432K)] 24730K->7549K(52736K), 0.0006430 secs] [Times: user=0.00 sys=0.00, real=0.00 secs] 
302.814: Total time for which application threads were stopped: 0.0084380 seconds, Stopping threads took: 0.0077010 seconds
302.969: Application time: 0.1549990 seconds
302.978: [GC [PSYoungGen: 17866K->582K(18432K)] 24637K->7354K(52736K), 0.0005190 secs] [Times: user=0.00 sys=0.00, real=0.01 secs] 
302.979: Total time for which application threads were stopped: 0.0098880 seconds, Stopping threads took: 0.0092690 seconds
303.131: Application time: 0.1526850 seconds
303.147: [GC [PSYoungGen: 17866K->630K(18432K)] 24637K->7458K(52736K), 0.0004700 secs] [Times: user=0.00 sys=0.00, real=0.00 secs] 
303.147: Total time for which application threads were stopped: 0.0158250 seconds, Stopping threads took: 0.0152770 seconds
303.304: Application time: 0.1567650 seconds
303.311: [GC [PSYoungGen: 17836K->646K(18432K)] 24663K->7538K(52736K), 0.0004730 secs] [Times: user=0.00 sys=0.00, real=0.00 secs] 
303.311: Total time for which application threads were stopped: 0.0071140 seconds, Stopping threads took: 0.0065710 seconds
303.473: Application time: 0.1621600 seconds
303.501: [GC [PSYoungGen: 17930K->582K(18432K)] 24822K->7474K(52736K), 0.0005160 secs] [Times: user=0.00 sys=0.00, real=0.00 secs] 
303.502: Total time for which application threads were stopped: 0.0283750 seconds, Stopping threads took: 0.0277640 seconds
303.666: Application time: 0.1645160 seconds
303.684: [GC [PSYoungGen: 17866K->646K(18432K)] 24757K->7594K(52736K), 0.0004360 secs] [Times: user=0.00 sys=0.00, real=0.00 secs] 
303.685: Total time for which application threads were stopped: 0.0187810 seconds, Stopping threads took: 0.0182680 seconds
303.840: Application time: 0.1554350 seconds
303.853: [GC [PSYoungGen: 18008K->614K(18432K)] 24956K->7602K(52736K), 0.0004930 secs] [Times: user=0.00 sys=0.00, real=0.00 secs] 
303.854: Total time for which application threads were stopped: 0.0136760 seconds, Stopping threads took: 0.0131160 seconds
304.016: Application time: 0.1616830 seconds
304.022: [GC [PSYoungGen: 17898K->630K(18432K)] 24885K->7706K(52736K), 0.0005240 secs] [Times: user=0.00 sys=0.00, real=0.00 secs] 
304.022: Total time for which application threads were stopped: 0.0064400 seconds, Stopping threads took: 0.0058460 seconds
304.199: Application time: 0.1764900 seconds
304.221: [GC [PSYoungGen: 17914K->646K(18432K)] 24990K->7770K(52736K), 0.0004430 secs] [Times: user=0.00 sys=0.00, real=0.00 secs] 
304.221: Total time for which application threads were stopped: 0.0224240 seconds, Stopping threads took: 0.0219070 seconds
304.399: Application time: 0.1777640 seconds
304.409: [GC [PSYoungGen: 17930K->614K(18432K)] 25054K->7778K(52736K), 0.0004300 secs] [Times: user=0.00 sys=0.00, real=0.00 secs] 
304.410: Total time for which application threads were stopped: 0.0109260 seconds, Stopping threads took: 0.0104230 seconds
304.575: Application time: 0.1649120 seconds
304.582: [GC [PSYoungGen: 17898K->614K(18432K)] 25062K->7842K(52736K), 0.0004720 secs] [Times: user=0.00 sys=0.00, real=0.00 secs] 
304.583: Total time for which application threads were stopped: 0.0080430 seconds, Stopping threads took: 0.0074940 seconds
304.752: Application time: 0.1689250 seconds
304.759: [GC [PSYoungGen: 17820K->582K(18432K)] 25047K->7882K(52736K), 0.0004620 secs] [Times: user=0.00 sys=0.00, real=0.00 secs] 
304.760: Total time for which application threads were stopped: 0.0080730 seconds, Stopping threads took: 0.0075300 seconds
304.921: Application time: 0.1611030 seconds
304.930: [GC [PSYoungGen: 17866K->582K(18432K)] 25166K->7882K(52736K), 0.0005110 secs] [Times: user=0.00 sys=0.00, real=0.00 secs] 
304.931: Total time for which application threads were stopped: 0.0100080 seconds, Stopping threads took: 0.0094060 seconds
305.098: Application time: 0.1677020 seconds
305.103: [GC [PSYoungGen: 17866K->614K(18432K)] 25166K->7986K(52736K), 0.0004730 secs] [Times: user=0.00 sys=0.00, real=0.00 secs] 
305.104: Total time for which application threads were stopped: 0.0052190 seconds, Stopping threads took: 0.0046510 seconds
305.269: Application time: 0.1655790 seconds
305.279: [GC [PSYoungGen: 17898K->614K(18432K)] 25270K->8042K(52736K), 0.0005510 secs] [Times: user=0.00 sys=0.00, real=0.00 secs] 
305.279: Total time for which application threads were stopped: 0.0099240 seconds, Stopping threads took: 0.0092700 seconds
305.453: Application time: 0.1739900 seconds
305.471: [GC [PSYoungGen: 17976K->614K(18432K)] 25404K->8098K(52736K), 0.0004740 secs] [Times: user=0.00 sys=0.00, real=0.00 secs] 
305.472: Total time for which application threads were stopped: 0.0184540 seconds, Stopping threads took: 0.0178830 seconds
305.644: Application time: 0.1726700 seconds
305.659: [GC [PSYoungGen: 17898K->646K(18432K)] 25382K->8218K(52736K), 0.0005900 secs] [Times: user=0.00 sys=0.00, real=0.00 secs] 
305.660: Total time for which application threads were stopped: 0.0160950 seconds, Stopping threads took: 0.0144630 seconds
305.829: Application time: 0.1682900 seconds
305.836: [GC [PSYoungGen: 17930K->614K(18432K)] 25502K->8234K(52736K), 0.0006730 secs] [Times: user=0.00 sys=0.00, real=0.00 secs] 
305.836: Total time for which application threads were stopped: 0.0074640 seconds, Stopping threads took: 0.0066880 seconds
306.004: Application time: 0.1682780 seconds
306.009: [GC [PSYoungGen: 17898K->646K(18432K)] 25518K->8322K(52736K), 0.0005630 secs] [Times: user=0.01 sys=0.00, real=0.00 secs] 
306.010: Total time for which application threads were stopped: 0.0055560 seconds, Stopping threads took: 0.0049010 seconds
306.172: Application time: 0.1618680 seconds
306.183: [GC [PSYoungGen: 17852K->582K(18432K)] 25528K->8322K(52736K), 0.0004880 secs] [Times: user=0.00 sys=0.00, real=0.00 secs] 
306.184: Total time for which application threads were stopped: 0.0116680 seconds, Stopping threads took: 0.0111130 seconds
306.352: Application time: 0.1685370 seconds
306.357: [GC [PSYoungGen: 17866K->646K(18432K)] 25606K->8386K(52736K), 0.0004980 secs] [Times: user=0.01 sys=0.00, real=0.00 secs] 
306.358: Total time for which application threads were stopped: 0.0058890 seconds, Stopping threads took: 0.0053100 seconds
306.529: Application time: 0.1709730 seconds
306.536: [GC [PSYoungGen: 17930K->646K(18432K)] 25670K->8426K(52736K), 0.0004080 secs] [Times: user=0.00 sys=0.00, real=0.00 secs] 
306.537: Total time for which application threads were stopped: 0.0079170 seconds, Stopping threads took: 0.0074400 seconds
306.702: Application time: 0.1647910 seconds
306.710: [GC [PSYoungGen: 17930K->582K(18432K)] 25710K->8402K(52736K), 0.0004910 secs] [Times: user=0.01 sys=0.00, real=0.00 secs] 
306.710: Total time for which application threads were stopped: 0.0084520 seconds, Stopping threads took: 0.0078910 seconds
306.886: Application time: 0.1758370 seconds
306.901: [GC [PSYoungGen: 17827K->419K(18432K)] 25647K->8295K(52736K), 0.0004490 secs] [Times: user=0.00 sys=0.00, real=0.00 secs] 
306.902: Total time for which application threads were stopped: 0.0159570 seconds, Stopping threads took: 0.0154210 seconds
307.078: Application time: 0.1764090 seconds
307.090: [GC [PSYoungGen: 17820K->582K(18432K)] 25696K->8586K(52736K), 0.0005890 secs] [Times: user=0.00 sys=0.00, real=0.00 secs] 
307.091: Total time for which application threads were stopped: 0.0121490 seconds, Stopping threads took: 0.0114700 seconds
307.260: Application time: 0.1690880 seconds
307.265: [GC [PSYoungGen: 17866K->646K(18432K)] 25870K->8650K(52736K), 0.0004570 secs] [Times: user=0.00 sys=0.00, real=0.00 secs] 
307.265: Total time for which application threads were stopped: 0.0054140 seconds, Stopping threads took: 0.0048960 seconds
307.433: Application time: 0.1675400 seconds
307.443: [GC [PSYoungGen: 17930K->614K(18432K)] 25934K->8658K(52736K), 0.0005780 secs] [Times: user=0.00 sys=0.00, real=0.00 secs] 
307.443: Total time for which application threads were stopped: 0.0107830 seconds, Stopping threads took: 0.0101100 seconds
307.608: Application time: 0.1650860 seconds
307.614: [GC [PSYoungGen: 17820K->614K(18432K)] 25864K->8722K(52736K), 0.0004730 secs] [Times: user=0.00 sys=0.00, real=0.00 secs] 
307.614: Total time for which application threads were stopped: 0.0058910 seconds, Stopping threads took: 0.0053420 seconds
307.784: Application time: 0.1697340 seconds
307.805: [GC [PSYoungGen: 17898K->582K(18432K)] 26006K->8690K(52736K), 0.0004440 secs] [Times: user=0.00 sys=0.00, real=0.00 secs] 
307.806: Total time for which application threads were stopped: 0.0215310 seconds, Stopping threads took: 0.0210080 seconds
307.971: Application time: 0.1658540 seconds
307.978: [GC [PSYoungGen: 17866K->614K(18432K)] 25974K->8786K(52736K), 0.0004420 secs] [Times: user=0.00 sys=0.00, real=0.01 secs] 
307.978: Total time for which application threads were stopped: 0.0069010 seconds, Stopping threads took: 0.0063800 seconds
308.132: Application time: 0.1532170 seconds
308.143: [GC [PSYoungGen: 17900K->646K(18432K)] 26072K->8878K(52736K), 0.0004550 secs] [Times: user=0.00 sys=0.00, real=0.00 secs] 
308.144: Total time for which application threads were stopped: 0.0123140 seconds, Stopping threads took: 0.0117970 seconds
308.308: Application time: 0.1640510 seconds
308.325: [GC [PSYoungGen: 18008K->646K(18432K)] 26240K->8926K(52736K), 0.0004560 secs] [Times: user=0.00 sys=0.00, real=0.00 secs] 
308.326: Total time for which application threads were stopped: 0.0175320 seconds, Stopping threads took: 0.0170080 seconds
308.489: Application time: 0.1636830 seconds
308.510: [GC [PSYoungGen: 17930K->614K(18432K)] 26210K->8975K(52736K), 0.0004490 secs] [Times: user=0.00 sys=0.00, real=0.00 secs] 
308.510: Total time for which application threads were stopped: 0.0209420 seconds, Stopping threads took: 0.0204010 seconds
308.679: Application time: 0.1685820 seconds
308.692: [GC [PSYoungGen: 17898K->646K(18432K)] 26258K->9063K(52736K), 0.0004550 secs] [Times: user=0.00 sys=0.00, real=0.00 secs] 
308.693: Total time for which application threads were stopped: 0.0141660 seconds, Stopping threads took: 0.0136460 seconds
308.862: Application time: 0.1692080 seconds
308.873: [GC [PSYoungGen: 17930K->646K(18432K)] 26346K->9111K(52736K), 0.0004260 secs] [Times: user=0.00 sys=0.00, real=0.00 secs] 
308.873: Total time for which application threads were stopped: 0.0109760 seconds, Stopping threads took: 0.0104810 seconds
309.029: Application time: 0.1562110 seconds
309.041: [GC [PSYoungGen: 17852K->646K(18432K)] 26316K->9167K(52736K), 0.0004540 secs] [Times: user=0.00 sys=0.00, real=0.00 secs] 
309.042: Total time for which application threads were stopped: 0.0124650 seconds, Stopping threads took: 0.0119130 seconds
309.204: Application time: 0.1623360 seconds
309.220: [GC [PSYoungGen: 17930K->614K(18432K)] 26451K->9135K(52736K), 0.0005170 secs] [Times: user=0.00 sys=0.00, real=0.00 secs] 
309.221: Total time for which application threads were stopped: 0.0167730 seconds, Stopping threads took: 0.0161660 seconds
309.378: Application time: 0.1575950 seconds
309.385: [GC [PSYoungGen: 17898K->630K(18432K)] 26418K->9215K(52736K), 0.0005120 secs] [Times: user=0.00 sys=0.00, real=0.00 secs] 
309.385: Total time for which application threads were stopped: 0.0068480 seconds, Stopping threads took: 0.0062630 seconds
309.543: Application time: 0.1579170 seconds
309.553: [GC [PSYoungGen: 17914K->582K(18432K)] 26498K->9215K(52736K), 0.0004460 secs] [Times: user=0.00 sys=0.00, real=0.00 secs] 
309.554: Total time for which application threads were stopped: 0.0104450 seconds, Stopping threads took: 0.0099180 seconds
309.716: Application time: 0.1622480 seconds
309.737: [GC [PSYoungGen: 17944K->646K(18432K)] 26577K->9343K(52736K), 0.0005860 secs] [Times: user=0.00 sys=0.00, real=0.00 secs] 
309.737: Total time for which application threads were stopped: 0.0213470 seconds, Stopping threads took: 0.0206930 seconds
309.901: Application time: 0.1633530 seconds
309.917: [GC [PSYoungGen: 17930K->646K(18432K)] 26627K->9423K(52736K), 0.0005810 secs] [Times: user=0.00 sys=0.00, real=0.00 secs] 
309.917: Total time for which application threads were stopped: 0.0164670 seconds, Stopping threads took: 0.0158210 seconds
310.082: Application time: 0.1652190 seconds
310.095: [GC [PSYoungGen: 17930K->646K(18432K)] 26707K->9479K(52736K), 0.0006620 secs] [Times: user=0.00 sys=0.00, real=0.00 secs] 
310.095: Total time for which application threads were stopped: 0.0129520 seconds, Stopping threads took: 0.0122120 seconds
310.251: Application time: 0.1553140 seconds
310.258: [GC [PSYoungGen: 17930K->646K(18432K)] 26763K->9535K(52736K), 0.0004890 secs] [Times: user=0.00 sys=0.00, real=0.01 secs] 
310.258: Total time for which application threads were stopped: 0.0075910 seconds, Stopping threads took: 0.0070320 seconds
310.415: Application time: 0.1567130 seconds
310.423: [GC [PSYoungGen: 17852K->646K(18432K)] 26740K->9575K(52736K), 0.0004320 secs] [Times: user=0.00 sys=0.00, real=0.00 secs] 
310.423: Total time for which application threads were stopped: 0.0081570 seconds, Stopping threads took: 0.0076540 seconds
310.579: Application time: 0.1559600 seconds
310.595: [GC [PSYoungGen: 17930K->646K(18432K)] 26859K->9575K(52736K), 0.0005530 secs] [Times: user=0.00 sys=0.00, real=0.00 secs] 
310.596: Total time for which application threads were stopped: 0.0166180 seconds, Stopping threads took: 0.0159960 seconds
310.763: Application time: 0.1675330 seconds
310.780: [GC [PSYoungGen: 17930K->646K(18432K)] 26859K->9631K(52736K), 0.0004800 secs] [Times: user=0.00 sys=0.00, real=0.00 secs] 
310.780: Total time for which application threads were stopped: 0.0171610 seconds, Stopping threads took: 0.0166050 seconds
310.936: Application time: 0.1554490 seconds
310.945: [GC [PSYoungGen: 17930K->646K(18432K)] 26915K->9687K(52736K), 0.0004250 secs] [Times: user=0.00 sys=0.00, real=0.00 secs] 
310.946: Total time for which application threads were stopped: 0.0100850 seconds, Stopping threads took: 0.0095910 seconds
311.113: Application time: 0.1666840 seconds
311.126: [GC [PSYoungGen: 17891K->451K(18432K)] 26932K->9548K(52736K), 0.0004160 secs] [Times: user=0.00 sys=0.00, real=0.00 secs] 
311.127: Total time for which application threads were stopped: 0.0143300 seconds, Stopping threads took: 0.0138500 seconds
311.296: Application time: 0.1690030 seconds
311.316: [GC [PSYoungGen: 17852K->646K(18432K)] 26949K->9863K(52736K), 0.0004480 secs] [Times: user=0.00 sys=0.00, real=0.00 secs] 
311.317: Total time for which application threads were stopped: 0.0209130 seconds, Stopping threads took: 0.0203940 seconds
311.471: Application time: 0.1544320 seconds
311.511: [GC [PSYoungGen: 17930K->646K(18432K)] 27147K->9863K(52736K), 0.0004460 secs] [Times: user=0.00 sys=0.00, real=0.00 secs] 
311.511: Total time for which application threads were stopped: 0.0396880 seconds, Stopping threads took: 0.0391780 seconds
311.673: Application time: 0.1617130 seconds
311.683: [GC [PSYoungGen: 17930K->646K(18432K)] 27147K->9911K(52736K), 0.0004460 secs] [Times: user=0.00 sys=0.00, real=0.00 secs] 
311.684: Total time for which application threads were stopped: 0.0112260 seconds, Stopping threads took: 0.0107120 seconds
311.842: Application time: 0.1583360 seconds
311.854: [GC [PSYoungGen: 17852K->646K(18432K)] 27117K->9959K(52736K), 0.0004420 secs] [Times: user=0.00 sys=0.00, real=0.00 secs] 
311.854: Total time for which application threads were stopped: 0.0120780 seconds, Stopping threads took: 0.0115560 seconds
312.008: Application time: 0.1536480 seconds
312.023: [GC [PSYoungGen: 17930K->582K(18432K)] 27243K->9895K(52736K), 0.0004490 secs] [Times: user=0.00 sys=0.00, real=0.00 secs] 
312.023: Total time for which application threads were stopped: 0.0151600 seconds, Stopping threads took: 0.0146400 seconds
312.191: Application time: 0.1675520 seconds
312.195: [GC [PSYoungGen: 17866K->646K(18432K)] 27179K->10031K(52736K), 0.0005590 secs] [Times: user=0.00 sys=0.00, real=0.00 secs] 
312.195: Total time for which application threads were stopped: 0.0046390 seconds, Stopping threads took: 0.0040190 seconds
312.362: Application time: 0.1662040 seconds
312.370: [GC [PSYoungGen: 17930K->646K(18432K)] 27315K->10087K(52736K), 0.0004410 secs] [Times: user=0.00 sys=0.00, real=0.00 secs] 
312.370: Total time for which application threads were stopped: 0.0086610 seconds, Stopping threads took: 0.0081420 seconds
312.550: Application time: 0.1793580 seconds
312.562: [GC [PSYoungGen: 18008K->646K(18432K)] 27449K->10143K(52736K), 0.0004360 secs] [Times: user=0.01 sys=0.00, real=0.00 secs] 
312.562: Total time for which application threads were stopped: 0.0127570 seconds, Stopping threads took: 0.0122540 seconds
312.727: Application time: 0.1648180 seconds
312.733: [GC [PSYoungGen: 17930K->630K(18432K)] 27427K->10215K(52736K), 0.0005410 secs] [Times: user=0.00 sys=0.00, real=0.00 secs] 
312.733: Total time for which application threads were stopped: 0.0060340 seconds, Stopping threads took: 0.0054220 seconds
312.903: Application time: 0.1696160 seconds
312.912: [GC [PSYoungGen: 17914K->598K(18432K)] 27499K->10223K(52736K), 0.0005070 secs] [Times: user=0.00 sys=0.00, real=0.00 secs] 
312.913: Total time for which application threads were stopped: 0.0096600 seconds, Stopping threads took: 0.0090750 seconds
313.087: Application time: 0.1741760 seconds
313.094: [GC [PSYoungGen: 17882K->582K(18432K)] 27507K->10263K(52736K), 0.0004390 secs] [Times: user=0.00 sys=0.00, real=0.00 secs] 
313.094: Total time for which application threads were stopped: 0.0076930 seconds, Stopping threads took: 0.0071860 seconds
313.258: Application time: 0.1635030 seconds
313.269: [GC [PSYoungGen: 17788K->614K(18432K)] 27469K->10351K(52736K), 0.0007010 secs] [Times: user=0.00 sys=0.00, real=0.00 secs] 
313.269: Total time for which application threads were stopped: 0.0114350 seconds, Stopping threads took: 0.0106470 seconds
313.434: Application time: 0.1649410 seconds
313.441: [GC [PSYoungGen: 17898K->550K(18432K)] 27635K->10287K(52736K), 0.0004630 secs] [Times: user=0.00 sys=0.00, real=0.00 secs] 
313.442: Total time for which application threads were stopped: 0.0076320 seconds, Stopping threads took: 0.0070710 seconds
313.611: Application time: 0.1689740 seconds
313.621: [GC [PSYoungGen: 17834K->646K(18432K)] 27571K->10431K(52736K), 0.0005090 secs] [Times: user=0.01 sys=0.00, real=0.00 secs] 
313.621: Total time for which application threads were stopped: 0.0102080 seconds, Stopping threads took: 0.0096330 seconds
313.789: Application time: 0.1683140 seconds
313.813: [GC [PSYoungGen: 17930K->614K(18432K)] 27715K->10455K(52736K), 0.0005230 secs] [Times: user=0.00 sys=0.00, real=0.00 secs] 
313.813: Total time for which application threads were stopped: 0.0238140 seconds, Stopping threads took: 0.0231940 seconds
313.988: Application time: 0.1751950 seconds
314.004: [GC [PSYoungGen: 17978K->614K(18432K)] 27820K->10503K(52736K), 0.0004660 secs] [Times: user=0.00 sys=0.00, real=0.00 secs] 
314.004: Total time for which application threads were stopped: 0.0158890 seconds, Stopping threads took: 0.0153220 seconds
314.168: Application time: 0.1637260 seconds
314.176: [GC [PSYoungGen: 17898K->614K(18432K)] 27787K->10596K(52736K), 0.0005890 secs] [Times: user=0.01 sys=0.00, real=0.00 secs] 
314.176: Total time for which application threads were stopped: 0.0082140 seconds, Stopping threads took: 0.0075530 seconds
314.352: Application time: 0.1754870 seconds
314.371: [GC [PSYoungGen: 17898K->614K(18432K)] 27879K->10652K(52736K), 0.0005690 secs] [Times: user=0.00 sys=0.00, real=0.00 secs] 
314.371: Total time for which application threads were stopped: 0.0196560 seconds, Stopping threads took: 0.0189970 seconds
314.546: Application time: 0.1748700 seconds
314.562: [GC [PSYoungGen: 17898K->582K(18432K)] 27935K->10676K(52736K), 0.0004780 secs] [Times: user=0.00 sys=0.00, real=0.00 secs] 
314.562: Total time for which application threads were stopped: 0.0158020 seconds, Stopping threads took: 0.0152220 seconds
314.740: Application time: 0.1774730 seconds
314.755: [GC [PSYoungGen: 17866K->614K(18432K)] 27960K->10756K(52736K), 0.0006740 secs] [Times: user=0.01 sys=0.00, real=0.00 secs] 
314.755: Total time for which application threads were stopped: 0.0157960 seconds, Stopping threads took: 0.0150290 seconds
314.930: Application time: 0.1749960 seconds
314.947: [GC [PSYoungGen: 17820K->646K(18432K)] 27961K->10836K(52736K), 0.0004520 secs] [Times: user=0.00 sys=0.00, real=0.00 secs] 
314.948: Total time for which application threads were stopped: 0.0175120 seconds, Stopping threads took: 0.0169650 seconds
315.117: Application time: 0.1691060 seconds
315.123: [GC [PSYoungGen: 17930K->646K(18432K)] 28119K->10836K(52736K), 0.0007270 secs] [Times: user=0.00 sys=0.00, real=0.00 secs] 
315.123: Total time for which application threads were stopped: 0.0064300 seconds, Stopping threads took: 0.0056080 seconds
315.292: Application time: 0.1685010 seconds
315.301: [GC [PSYoungGen: 17930K->614K(18432K)] 28119K->10852K(52736K), 0.0005740 secs] [Times: user=0.00 sys=0.00, real=0.00 secs] 
315.302: Total time for which application threads were stopped: 0.0097240 seconds, Stopping threads took: 0.0090600 seconds
315.479: Application time: 0.1770570 seconds
315.490: [GC [PSYoungGen: 17976K->646K(18432K)] 28214K->10940K(52736K), 0.0005400 secs] [Times: user=0.00 sys=0.00, real=0.00 secs] 
315.491: Total time for which application threads were stopped: 0.0117880 seconds, Stopping threads took: 0.0111760 seconds
315.660: Application time: 0.1692390 seconds
315.674: [GC [PSYoungGen: 17930K->646K(18432K)] 28224K->11036K(52736K), 0.0004780 secs] [Times: user=0.00 sys=0.00, real=0.00 secs] 
315.674: Total time for which application threads were stopped: 0.0145080 seconds, Stopping threads took: 0.0139480 seconds
315.842: Application time: 0.1681410 seconds
315.850: [GC [PSYoungGen: 17930K->614K(18432K)] 28320K->11060K(52736K), 0.0005100 secs] [Times: user=0.00 sys=0.00, real=0.00 secs] 
315.850: Total time for which application threads were stopped: 0.0077160 seconds, Stopping threads took: 0.0071200 seconds
316.019: Application time: 0.1687920 seconds
316.029: [GC [PSYoungGen: 17898K->646K(18432K)] 28344K->11148K(52736K), 0.0004660 secs] [Times: user=0.00 sys=0.00, real=0.00 secs] 
316.029: Total time for which application threads were stopped: 0.0102040 seconds, Stopping threads took: 0.0096670 seconds
316.186: Application time: 0.1565740 seconds
316.200: [GC [PSYoungGen: 17852K->646K(18432K)] 28354K->11196K(52736K), 0.0004670 secs] [Times: user=0.01 sys=0.00, real=0.00 secs] 
316.201: Total time for which application threads were stopped: 0.0151500 seconds, Stopping threads took: 0.0146010 seconds
316.362: Application time: 0.1615740 seconds
316.385: [GC [PSYoungGen: 17930K->646K(18432K)] 28480K->11196K(52736K), 0.0004290 secs] [Times: user=0.00 sys=0.00, real=0.00 secs] 
316.385: Total time for which application threads were stopped: 0.0227670 seconds, Stopping threads took: 0.0222630 seconds
316.544: Application time: 0.1592690 seconds
316.553: [GC [PSYoungGen: 17930K->646K(18432K)] 28480K->11236K(52736K), 0.0004330 secs] [Times: user=0.00 sys=0.00, real=0.00 secs] 
316.554: Total time for which application threads were stopped: 0.0096240 seconds, Stopping threads took: 0.0080190 seconds
316.709: Application time: 0.1549200 seconds
316.718: [GC [PSYoungGen: 18008K->646K(18432K)] 28598K->11276K(52736K), 0.0004500 secs] [Times: user=0.00 sys=0.00, real=0.00 secs] 
316.719: Total time for which application threads were stopped: 0.0097320 seconds, Stopping threads took: 0.0092100 seconds
316.890: Application time: 0.1715530 seconds
316.908: [GC [PSYoungGen: 17930K->646K(18432K)] 28560K->11364K(52736K), 0.0005590 secs] [Times: user=0.01 sys=0.00, real=0.00 secs] 
316.909: Total time for which application threads were stopped: 0.0182320 seconds, Stopping threads took: 0.0175830 seconds
317.072: Application time: 0.1633960 seconds
317.090: [GC [PSYoungGen: 17930K->614K(18432K)] 28648K->11388K(52736K), 0.0004870 secs] [Times: user=0.00 sys=0.00, real=0.00 secs] 
317.090: Total time for which application threads were stopped: 0.0182150 seconds, Stopping threads took: 0.0176380 seconds
317.254: Application time: 0.1635690 seconds
317.259: [GC [PSYoungGen: 17898K->646K(18432K)] 28672K->11476K(52736K), 0.0005310 secs] [Times: user=0.00 sys=0.00, real=0.00 secs] 
317.260: Total time for which application threads were stopped: 0.0057630 seconds, Stopping threads took: 0.0051390 seconds
317.427: Application time: 0.1672900 seconds
317.449: [GC [PSYoungGen: 17930K->614K(18432K)] 28760K->11492K(52736K), 0.0005050 secs] [Times: user=0.00 sys=0.00, real=0.00 secs] 
317.449: Total time for which application threads were stopped: 0.0223790 seconds, Stopping threads took: 0.0218050 seconds
317.602: Application time: 0.1531270 seconds
317.612: [GC [PSYoungGen: 17820K->646K(18432K)] 28698K->11588K(52736K), 0.0004870 secs] [Times: user=0.00 sys=0.00, real=0.00 secs] 
317.613: Total time for which application threads were stopped: 0.0104730 seconds, Stopping threads took: 0.0099180 seconds
317.777: Application time: 0.1637610 seconds
317.789: [GC [PSYoungGen: 17930K->646K(18432K)] 28872K->11588K(52736K), 0.0004800 secs] [Times: user=0.00 sys=0.00, real=0.00 secs] 
317.789: Total time for which application threads were stopped: 0.0128160 seconds, Stopping threads took: 0.0122580 seconds
317.948: Application time: 0.1590180 seconds
317.958: [GC [PSYoungGen: 17930K->646K(18432K)] 28872K->11628K(52736K), 0.0005080 secs] [Times: user=0.00 sys=0.00, real=0.00 secs] 
317.959: Total time for which application threads were stopped: 0.0105760 seconds, Stopping threads took: 0.0100060 seconds
318.125: Application time: 0.1664990 seconds
318.144: [GC [PSYoungGen: 17930K->614K(18432K)] 28912K->11636K(52736K), 0.0005060 secs] [Times: user=0.00 sys=0.00, real=0.00 secs] 
318.144: Total time for which application threads were stopped: 0.0190170 seconds, Stopping threads took: 0.0184430 seconds
318.312: Application time: 0.1670170 seconds
318.330: [GC [PSYoungGen: 17976K->646K(18432K)] 28998K->11716K(52736K), 0.0004650 secs] [Times: user=0.00 sys=0.00, real=0.00 secs] 
318.331: Total time for which application threads were stopped: 0.0191800 seconds, Stopping threads took: 0.0186430 seconds
318.490: Application time: 0.1591200 seconds
318.508: [GC [PSYoungGen: 17930K->646K(18432K)] 29000K->11812K(52736K), 0.0005310 secs] [Times: user=0.00 sys=0.00, real=0.00 secs] 
318.509: Total time for which application threads were stopped: 0.0191520 seconds, Stopping threads took: 0.0185520 seconds
318.673: Application time: 0.1637250 seconds
318.687: [GC [PSYoungGen: 17930K->646K(18432K)] 29096K->11868K(52736K), 0.0005110 secs] [Times: user=0.00 sys=0.00, real=0.00 secs] 
318.687: Total time for which application threads were stopped: 0.0146500 seconds, Stopping threads took: 0.0140710 seconds
318.846: Application time: 0.1589180 seconds
318.856: [GC [PSYoungGen: 17930K->646K(18432K)] 29152K->11916K(52736K), 0.0004950 secs] [Times: user=0.01 sys=0.00, real=0.00 secs] 
318.856: Total time for which application threads were stopped: 0.0099060 seconds, Stopping threads took: 0.0093270 seconds
319.016: Application time: 0.1599280 seconds
319.025: [GC [PSYoungGen: 18047K->809K(18432K)] 29317K->12136K(52736K), 0.0004540 secs] [Times: user=0.00 sys=0.00, real=0.00 secs] 
319.026: Total time for which application threads were stopped: 0.0094580 seconds, Stopping threads took: 0.0089350 seconds
319.184: Application time: 0.1584330 seconds
319.192: [GC [PSYoungGen: 17898K->646K(18432K)] 29224K->11972K(52736K), 0.0004540 secs] [Times: user=0.00 sys=0.00, real=0.00 secs] 
319.192: Total time for which application threads were stopped: 0.0083810 seconds, Stopping threads took: 0.0078420 seconds
319.364: Application time: 0.1718490 seconds
319.377: [GC [PSYoungGen: 17930K->646K(18432K)] 29256K->12036K(52736K), 0.0004440 secs] [Times: user=0.00 sys=0.00, real=0.00 secs] 
319.378: Total time for which application threads were stopped: 0.0136140 seconds, Stopping threads took: 0.0130960 seconds
319.544: Application time: 0.1660290 seconds
319.561: [GC [PSYoungGen: 17930K->646K(18432K)] 29320K->12092K(52736K), 0.0004460 secs] [Times: user=0.00 sys=0.00, real=0.00 secs] 
319.561: Total time for which application threads were stopped: 0.0174970 seconds, Stopping threads took: 0.0169830 seconds
319.721: Application time: 0.1596250 seconds
319.738: [GC [PSYoungGen: 18008K->646K(18432K)] 29455K->12140K(52736K), 0.0004920 secs] [Times: user=0.00 sys=0.00, real=0.01 secs] 
319.739: Total time for which application threads were stopped: 0.0175580 seconds, Stopping threads took: 0.0169970 seconds
319.885: Application time: 0.1468950 seconds
319.905: [GC [PSYoungGen: 17930K->614K(18432K)] 29424K->12189K(52736K), 0.0005290 secs] [Times: user=0.00 sys=0.00, real=0.00 secs] 
319.906: Total time for which application threads were stopped: 0.0202850 seconds, Stopping threads took: 0.0196760 seconds
320.063: Application time: 0.1571710 seconds
320.074: [GC [PSYoungGen: 17898K->646K(18432K)] 29472K->12261K(52736K), 0.0004590 secs] [Times: user=0.00 sys=0.00, real=0.00 secs] 
320.074: Total time for which application threads were stopped: 0.0113850 seconds, Stopping threads took: 0.0108400 seconds
320.240: Application time: 0.1654140 seconds
320.254: [GC [PSYoungGen: 17930K->646K(18432K)] 29544K->12309K(52736K), 0.0004690 secs] [Times: user=0.01 sys=0.00, real=0.00 secs] 
320.254: Total time for which application threads were stopped: 0.0146720 seconds, Stopping threads took: 0.0141380 seconds
320.420: Application time: 0.1659890 seconds
320.437: [GC [PSYoungGen: 17852K->646K(18432K)] 29514K->12365K(52736K), 0.0004600 secs] [Times: user=0.00 sys=0.00, real=0.00 secs] 
320.438: Total time for which application threads were stopped: 0.0172090 seconds, Stopping threads took: 0.0166700 seconds
320.606: Application time: 0.1683610 seconds
320.619: [GC [PSYoungGen: 17930K->646K(18432K)] 29649K->12365K(52736K), 0.0005950 secs] [Times: user=0.00 sys=0.00, real=0.00 secs] 
320.619: Total time for which application threads were stopped: 0.0132280 seconds, Stopping threads took: 0.0125430 seconds
320.767: Application time: 0.1481170 seconds
320.785: [GC [PSYoungGen: 17930K->646K(18432K)] 29648K->12413K(52736K), 0.0006490 secs] [Times: user=0.01 sys=0.00, real=0.00 secs] 
320.785: Total time for which application threads were stopped: 0.0181280 seconds, Stopping threads took: 0.0173820 seconds
320.949: Application time: 0.1636720 seconds
320.962: [GC [PSYoungGen: 17930K->646K(18432K)] 29696K->12469K(52736K), 0.0004920 secs] [Times: user=0.00 sys=0.00, real=0.00 secs] 
320.962: Total time for which application threads were stopped: 0.0132170 seconds, Stopping threads took: 0.0126480 seconds
321.129: Application time: 0.1670630 seconds
321.149: [GC [PSYoungGen: 18010K->646K(18432K)] 29833K->12517K(52736K), 0.0005050 secs] [Times: user=0.00 sys=0.00, real=0.00 secs] 
321.150: Total time for which application threads were stopped: 0.0200670 seconds, Stopping threads took: 0.0194900 seconds
321.312: Application time: 0.1629840 seconds
321.322: [GC [PSYoungGen: 17930K->646K(18432K)] 29801K->12597K(52736K), 0.0005050 secs] [Times: user=0.00 sys=0.00, real=0.00 secs] 
321.323: Total time for which application threads were stopped: 0.0104480 seconds, Stopping threads took: 0.0098800 seconds
321.489: Application time: 0.1658630 seconds
321.506: [GC [PSYoungGen: 17930K->614K(18432K)] 29881K->12613K(52736K), 0.0004750 secs] [Times: user=0.00 sys=0.00, real=0.00 secs] 
321.506: Total time for which application threads were stopped: 0.0173080 seconds, Stopping threads took: 0.0167590 seconds
321.663: Application time: 0.1568360 seconds
321.672: [GC [PSYoungGen: 17898K->646K(18432K)] 29897K->12701K(52736K), 0.0004630 secs] [Times: user=0.00 sys=0.00, real=0.00 secs] 
321.673: Total time for which application threads were stopped: 0.0105110 seconds, Stopping threads took: 0.0089390 seconds
321.831: Application time: 0.1578870 seconds
321.841: [GC [PSYoungGen: 17852K->582K(18432K)] 29907K->12701K(52736K), 0.0004520 secs] [Times: user=0.00 sys=0.00, real=0.00 secs] 
321.841: Total time for which application threads were stopped: 0.0096540 seconds, Stopping threads took: 0.0091330 seconds
321.999: Application time: 0.1582360 seconds
322.011: [GC [PSYoungGen: 17866K->646K(18432K)] 29985K->12765K(52736K), 0.0005430 secs] [Times: user=0.00 sys=0.00, real=0.00 secs] 
322.012: Total time for which application threads were stopped: 0.0122600 seconds, Stopping threads took: 0.0116370 seconds
322.168: Application time: 0.1566970 seconds
322.180: [GC [PSYoungGen: 17930K->646K(18432K)] 30049K->12821K(52736K), 0.0004680 secs] [Times: user=0.00 sys=0.00, real=0.00 secs] 
322.181: Total time for which application threads were stopped: 0.0126580 seconds, Stopping threads took: 0.0121230 seconds
322.341: Application time: 0.1603670 seconds
322.351: [GC [PSYoungGen: 18008K->646K(18432K)] 30183K->12869K(52736K), 0.0004800 secs] [Times: user=0.01 sys=0.00, real=0.00 secs] 
322.352: Total time for which application threads were stopped: 0.0104540 seconds, Stopping threads took: 0.0099060 seconds
322.508: Application time: 0.1561700 seconds
322.519: [GC [PSYoungGen: 18008K->646K(18432K)] 30231K->12949K(52736K), 0.0005130 secs] [Times: user=0.00 sys=0.00, real=0.00 secs] 
322.519: Total time for which application threads were stopped: 0.0114130 seconds, Stopping threads took: 0.0108250 seconds
322.676: Application time: 0.1569270 seconds
322.686: [GC [PSYoungGen: 17852K->646K(18432K)] 30155K->13037K(52736K), 0.0004290 secs] [Times: user=0.00 sys=0.00, real=0.00 secs] 
322.687: Total time for which application threads were stopped: 0.0106660 seconds, Stopping threads took: 0.0101680 seconds
322.842: Application time: 0.1555570 seconds
322.855: [GC [PSYoungGen: 17930K->646K(18432K)] 30321K->13037K(52736K), 0.0004410 secs] [Times: user=0.00 sys=0.00, real=0.00 secs] 
322.856: Total time for which application threads were stopped: 0.0132720 seconds, Stopping threads took: 0.0127640 seconds
323.022: Application time: 0.1663090 seconds
323.044: [GC [PSYoungGen: 17930K->646K(18432K)] 30321K->13101K(52736K), 0.0004490 secs] [Times: user=0.01 sys=0.00, real=0.00 secs] 
323.045: Total time for which application threads were stopped: 0.0228230 seconds, Stopping threads took: 0.0222950 seconds
323.202: Application time: 0.1567560 seconds
323.213: [GC [PSYoungGen: 17852K->614K(18432K)] 30307K->13125K(52736K), 0.0005070 secs] [Times: user=0.00 sys=0.00, real=0.00 secs] 
323.213: Total time for which application threads were stopped: 0.0114490 seconds, Stopping threads took: 0.0108540 seconds
323.374: Application time: 0.1612370 seconds
323.400: [GC [PSYoungGen: 17898K->614K(18432K)] 30409K->13125K(52736K), 0.0006840 secs] [Times: user=0.00 sys=0.00, real=0.00 secs] 
323.401: Total time for which application threads were stopped: 0.0262030 seconds, Stopping threads took: 0.0254460 seconds
323.559: Application time: 0.1587420 seconds
323.569: [GC [PSYoungGen: 17898K->646K(18432K)] 30409K->13205K(52736K), 0.0005550 secs] [Times: user=0.00 sys=0.00, real=0.00 secs] 
323.570: Total time for which application threads were stopped: 0.0105840 seconds, Stopping threads took: 0.0099310 seconds
323.725: Application time: 0.1552000 seconds
323.735: [GC [PSYoungGen: 18008K->646K(18432K)] 30567K->13245K(52736K), 0.0004770 secs] [Times: user=0.00 sys=0.00, real=0.00 secs] 
323.735: Total time for which application threads were stopped: 0.0104040 seconds, Stopping threads took: 0.0098550 seconds
323.890: Application time: 0.1544810 seconds
323.905: [GC [PSYoungGen: 17930K->646K(18432K)] 30529K->13341K(52736K), 0.0006740 secs] [Times: user=0.00 sys=0.01, real=0.00 secs] 
323.906: Total time for which application threads were stopped: 0.0157980 seconds, Stopping threads took: 0.0150560 seconds
324.068: Application time: 0.1624580 seconds
324.076: [GC [PSYoungGen: 17930K->646K(18432K)] 30625K->13389K(52736K), 0.0004850 secs] [Times: user=0.00 sys=0.00, real=0.00 secs] 
324.076: Total time for which application threads were stopped: 0.0082470 seconds, Stopping threads took: 0.0076850 seconds
324.248: Application time: 0.1720090 seconds
324.259: [GC [PSYoungGen: 17930K->646K(18432K)] 30673K->13453K(52736K), 0.0004940 secs] [Times: user=0.00 sys=0.00, real=0.00 secs] 
324.260: Total time for which application threads were stopped: 0.0112050 seconds, Stopping threads took: 0.0106380 seconds
324.427: Application time: 0.1671700 seconds
324.433: [GC [PSYoungGen: 17930K->646K(18432K)] 30737K->13517K(52736K), 0.0005210 secs] [Times: user=0.00 sys=0.00, real=0.00 secs] 
324.434: Total time for which application threads were stopped: 0.0070820 seconds, Stopping threads took: 0.0064870 seconds
324.606: Application time: 0.1724750 seconds
324.614: [GC [PSYoungGen: 17852K->614K(18432K)] 30723K->13541K(52736K), 0.0004310 secs] [Times: user=0.00 sys=0.00, real=0.00 secs] 
324.614: Total time for which application threads were stopped: 0.0077780 seconds, Stopping threads took: 0.0072570 seconds
324.785: Application time: 0.1712940 seconds
324.801: [GC [PSYoungGen: 17898K->646K(18432K)] 30825K->13573K(52736K), 0.0005830 secs] [Times: user=0.00 sys=0.00, real=0.00 secs] 
324.802: Total time for which application threads were stopped: 0.0165220 seconds, Stopping threads took: 0.0158600 seconds
324.973: Application time: 0.1705000 seconds
324.977: [GC [PSYoungGen: 17930K->646K(18432K)] 30857K->13629K(52736K), 0.0005170 secs] [Times: user=0.00 sys=0.00, real=0.00 secs] 
324.977: Total time for which application threads were stopped: 0.0048320 seconds, Stopping threads took: 0.0042400 seconds
325.144: Application time: 0.1663980 seconds
325.150: [GC [PSYoungGen: 17930K->646K(18432K)] 30913K->13677K(52736K), 0.0005420 secs] [Times: user=0.00 sys=0.00, real=0.00 secs] 
325.151: Total time for which application threads were stopped: 0.0068880 seconds, Stopping threads took: 0.0062600 seconds
325.326: Application time: 0.1751010 seconds
325.334: [GC [PSYoungGen: 18008K->646K(18432K)] 31040K->13733K(52736K), 0.0007010 secs] [Times: user=0.01 sys=0.00, real=0.00 secs] 
325.335: Total time for which application threads were stopped: 0.0089920 seconds, Stopping threads took: 0.0082120 seconds
325.501: Application time: 0.1657870 seconds
325.506: [GC [PSYoungGen: 17930K->646K(18432K)] 31017K->13830K(52736K), 0.0004330 secs] [Times: user=0.01 sys=0.00, real=0.00 secs] 
325.506: Total time for which application threads were stopped: 0.0055440 seconds, Stopping threads took: 0.0050380 seconds
325.678: Application time: 0.1722120 seconds
325.694: [GC [PSYoungGen: 17930K->646K(18432K)] 31113K->13886K(52736K), 0.0005090 secs] [Times: user=0.00 sys=0.00, real=0.00 secs] 
325.695: Total time for which application threads were stopped: 0.0162430 seconds, Stopping threads took: 0.0156540 seconds
325.860: Application time: 0.1655900 seconds
325.869: [GC [PSYoungGen: 17930K->646K(18432K)] 31169K->13934K(52736K), 0.0005270 secs] [Times: user=0.00 sys=0.00, real=0.00 secs] 
325.869: Total time for which application threads were stopped: 0.0093190 seconds, Stopping threads took: 0.0087100 seconds
326.043: Application time: 0.1735050 seconds
326.052: [GC [PSYoungGen: 17852K->646K(18432K)] 31139K->13974K(52736K), 0.0004480 secs] [Times: user=0.01 sys=0.00, real=0.00 secs] 
326.052: Total time for which application threads were stopped: 0.0094110 seconds, Stopping threads took: 0.0088960 seconds
326.208: Application time: 0.1552170 seconds
326.222: [GC [PSYoungGen: 17930K->646K(18432K)] 31258K->13974K(52736K), 0.0004700 secs] [Times: user=0.00 sys=0.00, real=0.00 secs] 
326.223: Total time for which application threads were stopped: 0.0150610 seconds, Stopping threads took: 0.0145070 seconds
326.392: Application time: 0.1692260 seconds
326.398: [GC [PSYoungGen: 17930K->646K(18432K)] 31257K->14038K(52736K), 0.0004870 secs] [Times: user=0.00 sys=0.00, real=0.01 secs] 
326.399: Total time for which application threads were stopped: 0.0066300 seconds, Stopping threads took: 0.0060680 seconds
326.577: Application time: 0.1782710 seconds
326.593: [GC [PSYoungGen: 17932K->646K(18432K)] 31323K->14094K(52736K), 0.0004860 secs] [Times: user=0.00 sys=0.00, real=0.00 secs] 
326.593: Total time for which application threads were stopped: 0.0165400 seconds, Stopping threads took: 0.0159730 seconds
326.767: Application time: 0.1732370 seconds
326.780: [GC [PSYoungGen: 18008K->646K(18432K)] 31456K->14150K(52736K), 0.0005350 secs] [Times: user=0.00 sys=0.00, real=0.00 secs] 
326.782: Total time for which application threads were stopped: 0.0154600 seconds, Stopping threads took: 0.0138610 seconds
326.955: Application time: 0.1730210 seconds
326.977: [GC [PSYoungGen: 17930K->646K(18432K)] 31434K->14246K(52736K), 0.0005620 secs] [Times: user=0.00 sys=0.00, real=0.00 secs] 
326.978: Total time for which application threads were stopped: 0.0224760 seconds, Stopping threads took: 0.0218210 seconds
327.144: Application time: 0.1668130 seconds
327.154: [GC [PSYoungGen: 17930K->646K(18432K)] 31530K->14294K(52736K), 0.0005970 secs] [Times: user=0.00 sys=0.00, real=0.00 secs] 
327.155: Total time for which application threads were stopped: 0.0102550 seconds, Stopping threads took: 0.0095650 seconds
327.323: Application time: 0.1681660 seconds
327.331: [GC [PSYoungGen: 17930K->646K(18432K)] 31578K->14350K(52736K), 0.0005680 secs] [Times: user=0.00 sys=0.00, real=0.00 secs] 
327.332: Total time for which application threads were stopped: 0.0088100 seconds, Stopping threads took: 0.0081380 seconds
327.501: Application time: 0.1693600 seconds
327.510: [GC [PSYoungGen: 17852K->646K(18432K)] 31556K->14398K(52736K), 0.0004810 secs] [Times: user=0.00 sys=0.00, real=0.00 secs] 
327.510: Total time for which application threads were stopped: 0.0091660 seconds, Stopping threads took: 0.0086070 seconds
327.674: Application time: 0.1643090 seconds
327.679: [GC [PSYoungGen: 17930K->614K(18432K)] 31682K->14366K(52736K), 0.0004730 secs] [Times: user=0.00 sys=0.00, real=0.00 secs] 
327.679: Total time for which application threads were stopped: 0.0047370 seconds, Stopping threads took: 0.0041930 seconds
327.857: Application time: 0.1773640 seconds
327.874: [GC [PSYoungGen: 17898K->550K(18432K)] 31650K->14358K(52736K), 0.0005560 secs] [Times: user=0.00 sys=0.00, real=0.00 secs] 
327.875: Total time for which application threads were stopped: 0.0180640 seconds, Stopping threads took: 0.0174090 seconds
328.044: Application time: 0.1696340 seconds
328.068: [GC [PSYoungGen: 17834K->646K(18432K)] 31642K->14502K(52736K), 0.0004370 secs] [Times: user=0.00 sys=0.00, real=0.00 secs] 
328.068: Total time for which application threads were stopped: 0.0238880 seconds, Stopping threads took: 0.0233790 seconds
328.233: Application time: 0.1648330 seconds
328.253: [GC [PSYoungGen: 18008K->646K(18432K)] 31864K->14558K(52736K), 0.0004700 secs] [Times: user=0.00 sys=0.00, real=0.00 secs] 
328.253: Total time for which application threads were stopped: 0.0204960 seconds, Stopping threads took: 0.0199600 seconds
328.416: Application time: 0.1627190 seconds
328.429: [GC [PSYoungGen: 17930K->646K(18432K)] 31842K->14646K(52736K), 0.0004780 secs] [Times: user=0.00 sys=0.00, real=0.00 secs] 
328.430: Total time for which application threads were stopped: 0.0133540 seconds, Stopping threads took: 0.0127970 seconds
328.585: Application time: 0.1554690 seconds
328.598: [GC [PSYoungGen: 17930K->646K(18432K)] 31930K->14702K(52736K), 0.0005610 secs] [Times: user=0.00 sys=0.00, real=0.01 secs] 
328.599: Total time for which application threads were stopped: 0.0135440 seconds, Stopping threads took: 0.0128920 seconds
328.771: Application time: 0.1719470 seconds
328.783: [GC [PSYoungGen: 17930K->614K(18432K)] 31986K->14734K(52736K), 0.0006440 secs] [Times: user=0.00 sys=0.00, real=0.00 secs] 
328.784: Total time for which application threads were stopped: 0.0135040 seconds, Stopping threads took: 0.0127750 seconds
328.944: Application time: 0.1600560 seconds
328.951: [GC [PSYoungGen: 17820K->646K(18432K)] 31940K->14830K(52736K), 0.0007090 secs] [Times: user=0.01 sys=0.00, real=0.00 secs] 
328.952: Total time for which application threads were stopped: 0.0074360 seconds, Stopping threads took: 0.0066280 seconds
329.119: Application time: 0.1674930 seconds
329.132: [GC [PSYoungGen: 17930K->614K(18432K)] 32114K->14798K(52736K), 0.0004430 secs] [Times: user=0.00 sys=0.00, real=0.00 secs] 
329.133: Total time for which application threads were stopped: 0.0135640 seconds, Stopping threads took: 0.0130550 seconds
329.289: Application time: 0.1567290 seconds
329.298: [GC [PSYoungGen: 17898K->646K(18432K)] 32082K->14878K(52736K), 0.0004880 secs] [Times: user=0.00 sys=0.00, real=0.01 secs] 
329.299: Total time for which application threads were stopped: 0.0091910 seconds, Stopping threads took: 0.0086330 seconds
329.465: Application time: 0.1665950 seconds
329.488: [GC [PSYoungGen: 17930K->646K(18432K)] 32162K->14934K(52736K), 0.0006060 secs] [Times: user=0.00 sys=0.00, real=0.00 secs] 
329.489: Total time for which application threads were stopped: 0.0234310 seconds, Stopping threads took: 0.0227250 seconds
329.651: Application time: 0.1624600 seconds
329.664: [GC [PSYoungGen: 18010K->614K(18432K)] 32298K->14950K(52736K), 0.0005340 secs] [Times: user=0.00 sys=0.00, real=0.00 secs] 
329.665: Total time for which application threads were stopped: 0.0138060 seconds, Stopping threads took: 0.0131820 seconds
329.830: Application time: 0.1650820 seconds
329.847: [GC [PSYoungGen: 17898K->646K(18432K)] 32234K->15082K(52736K), 0.0005150 secs] [Times: user=0.00 sys=0.00, real=0.00 secs] 
329.847: Total time for which application threads were stopped: 0.0175570 seconds, Stopping threads took: 0.0169710 seconds
330.005: Application time: 0.1579340 seconds
330.014: [GC [PSYoungGen: 17930K->646K(18432K)] 32366K->15146K(52736K), 0.0004490 secs] [Times: user=0.00 sys=0.00, real=0.00 secs] 
330.015: Total time for which application threads were stopped: 0.0091500 seconds, Stopping threads took: 0.0086210 seconds
330.171: Application time: 0.1562660 seconds
330.182: [GC [PSYoungGen: 17930K->646K(18432K)] 32430K->15186K(52736K), 0.0004820 secs] [Times: user=0.00 sys=0.00, real=0.00 secs] 
330.183: Total time for which application threads were stopped: 0.0116970 seconds, Stopping threads took: 0.0111430 seconds
330.338: Application time: 0.1559160 seconds
330.353: [GC [PSYoungGen: 17852K->646K(18432K)] 32392K->15234K(52736K), 0.0004220 secs] [Times: user=0.00 sys=0.00, real=0.00 secs] 
330.354: Total time for which application threads were stopped: 0.0152980 seconds, Stopping threads took: 0.0148130 seconds
330.516: Application time: 0.1626770 seconds
330.542: [GC [PSYoungGen: 17930K->646K(18432K)] 32518K->15234K(52736K), 0.0004770 secs] [Times: user=0.00 sys=0.00, real=0.00 secs] 
330.542: Total time for which application threads were stopped: 0.0260440 seconds, Stopping threads took: 0.0254880 seconds
330.704: Application time: 0.1616830 seconds
330.713: [GC [PSYoungGen: 17930K->646K(18432K)] 32518K->15298K(52736K), 0.0004810 secs] [Times: user=0.00 sys=0.00, real=0.00 secs] 
330.713: Total time for which application threads were stopped: 0.0090060 seconds, Stopping threads took: 0.0084340 seconds
330.879: Application time: 0.1659060 seconds
330.899: [GC [PSYoungGen: 17930K->646K(18432K)] 32582K->15346K(52736K), 0.0005460 secs] [Times: user=0.00 sys=0.00, real=0.00 secs] 
330.900: Total time for which application threads were stopped: 0.0206220 seconds, Stopping threads took: 0.0199880 seconds
331.067: Application time: 0.1675420 seconds
331.077: [GC [PSYoungGen: 18008K->646K(18432K)] 32709K->15402K(52736K), 0.0004260 secs] [Times: user=0.00 sys=0.00, real=0.00 secs] 
331.077: Total time for which application threads were stopped: 0.0097640 seconds, Stopping threads took: 0.0092600 seconds
331.229: Application time: 0.1516040 seconds
331.235: [GC [PSYoungGen: 17930K->646K(18432K)] 32686K->15483K(52736K), 0.0005650 secs] [Times: user=0.00 sys=0.00, real=0.00 secs] 
331.235: Total time for which application threads were stopped: 0.0068380 seconds, Stopping threads took: 0.0062020 seconds
331.390: Application time: 0.1544770 seconds
331.406: [GC [PSYoungGen: 17930K->646K(18432K)] 32766K->15531K(52736K), 0.0005000 secs] [Times: user=0.00 sys=0.00, real=0.00 secs] 
331.406: Total time for which application threads were stopped: 0.0162060 seconds, Stopping threads took: 0.0156150 seconds
331.562: Application time: 0.1561170 seconds
331.574: [GC [PSYoungGen: 17930K->646K(18432K)] 32814K->15579K(52736K), 0.0004390 secs] [Times: user=0.00 sys=0.00, real=0.00 secs] 
331.575: Total time for which application threads were stopped: 0.0123860 seconds, Stopping threads took: 0.0118750 seconds
331.731: Application time: 0.1565960 seconds
331.741: [GC [PSYoungGen: 17852K->646K(18432K)] 32784K->15651K(52736K), 0.0005020 secs] [Times: user=0.00 sys=0.00, real=0.00 secs] 
331.742: Total time for which application threads were stopped: 0.0106960 seconds, Stopping threads took: 0.0101190 seconds
331.900: Application time: 0.1578450 seconds
331.907: [GC [PSYoungGen: 17930K->646K(18432K)] 32935K->15651K(52736K), 0.0004490 secs] [Times: user=0.00 sys=0.00, real=0.00 secs] 
331.908: Total time for which application threads were stopped: 0.0081280 seconds, Stopping threads took: 0.0076010 seconds
332.070: Application time: 0.1624710 seconds
332.081: [GC [PSYoungGen: 17930K->646K(18432K)] 32934K->15691K(52736K), 0.0005020 secs] [Times: user=0.00 sys=0.00, real=0.00 secs] 
332.082: Total time for which application threads were stopped: 0.0112960 seconds, Stopping threads took: 0.0107200 seconds
332.250: Application time: 0.1685310 seconds
332.255: [GC [PSYoungGen: 17932K->646K(18432K)] 32976K->15739K(52736K), 0.0004770 secs] [Times: user=0.00 sys=0.00, real=0.00 secs] 
332.256: Total time for which application threads were stopped: 0.0055590 seconds, Stopping threads took: 0.0050010 seconds
332.433: Application time: 0.1775090 seconds
332.444: [GC [PSYoungGen: 18008K->646K(18432K)] 33101K->15787K(52736K), 0.0005270 secs] [Times: user=0.00 sys=0.00, real=0.00 secs] 
332.445: Total time for which application threads were stopped: 0.0114650 seconds, Stopping threads took: 0.0108650 seconds
332.600: Application time: 0.1553830 seconds
332.632: [GC [PSYoungGen: 17930K->646K(18432K)] 33071K->15875K(52736K), 0.0005030 secs] [Times: user=0.00 sys=0.00, real=0.00 secs] 
332.632: Total time for which application threads were stopped: 0.0320890 seconds, Stopping threads took: 0.0315170 seconds
332.801: Application time: 0.1685960 seconds
332.808: [GC [PSYoungGen: 17930K->646K(18432K)] 33159K->15931K(52736K), 0.0004800 secs] [Times: user=0.00 sys=0.00, real=0.00 secs] 
332.808: Total time for which application threads were stopped: 0.0074590 seconds, Stopping threads took: 0.0068800 seconds
332.977: Application time: 0.1689820 seconds
332.980: [GC [PSYoungGen: 17930K->646K(18432K)] 33215K->15979K(52736K), 0.0004750 secs] [Times: user=0.00 sys=0.00, real=0.00 secs] 
332.981: Total time for which application threads were stopped: 0.0035630 seconds, Stopping threads took: 0.0030220 seconds
333.145: Application time: 0.1645940 seconds
333.150: [GC [PSYoungGen: 17930K->646K(18432K)] 33263K->16035K(52736K), 0.0004530 secs] [Times: user=0.00 sys=0.00, real=0.00 secs] 
333.150: Total time for which application threads were stopped: 0.0046610 seconds, Stopping threads took: 0.0041350 seconds
333.315: Application time: 0.1643860 seconds
333.321: [GC [PSYoungGen: 17852K->646K(18432K)] 33240K->16091K(52736K), 0.0004590 secs] [Times: user=0.00 sys=0.00, real=0.00 secs] 
333.321: Total time for which application threads were stopped: 0.0068490 seconds, Stopping threads took: 0.0063150 seconds
333.501: Application time: 0.1792470 seconds
333.512: [GC [PSYoungGen: 17930K->646K(18432K)] 33375K->16091K(52736K), 0.0004600 secs] [Times: user=0.00 sys=0.00, real=0.00 secs] 
333.512: Total time for which application threads were stopped: 0.0117430 seconds, Stopping threads took: 0.0112090 seconds
333.680: Application time: 0.1676780 seconds
333.685: [GC [PSYoungGen: 17930K->646K(18432K)] 33375K->16147K(52736K), 0.0004880 secs] [Times: user=0.00 sys=0.00, real=0.00 secs] 
333.686: Total time for which application threads were stopped: 0.0059150 seconds, Stopping threads took: 0.0053570 seconds
333.854: Application time: 0.1678960 seconds
333.858: [GC [PSYoungGen: 17891K->467K(18432K)] 33392K->16032K(52736K), 0.0004630 secs] [Times: user=0.00 sys=0.00, real=0.01 secs] 
333.858: Total time for which application threads were stopped: 0.0045030 seconds, Stopping threads took: 0.0039640 seconds
334.033: Application time: 0.1750850 seconds
334.046: [GC [PSYoungGen: 17868K->646K(18432K)] 33433K->16331K(52736K), 0.0004970 secs] [Times: user=0.00 sys=0.00, real=0.01 secs] 
334.047: Total time for which application threads were stopped: 0.0132330 seconds, Stopping threads took: 0.0126680 seconds
334.209: Application time: 0.1624100 seconds
334.222: [GC [PSYoungGen: 17930K->646K(18432K)] 33615K->16331K(52736K), 0.0005140 secs] [Times: user=0.00 sys=0.00, real=0.00 secs] 
334.223: Total time for which application threads were stopped: 0.0136820 seconds, Stopping threads took: 0.0130930 seconds
334.391: Application time: 0.1680520 seconds
334.400: [GC [PSYoungGen: 17930K->646K(18432K)] 33615K->16387K(52736K), 0.0004320 secs] [Times: user=0.00 sys=0.00, real=0.00 secs] 
334.400: Total time for which application threads were stopped: 0.0095250 seconds, Stopping threads took: 0.0090160 seconds
334.573: Application time: 0.1726940 seconds
334.582: [GC [PSYoungGen: 17852K->646K(18432K)] 33593K->16451K(52736K), 0.0004390 secs] [Times: user=0.00 sys=0.00, real=0.00 secs] 
334.583: Total time for which application threads were stopped: 0.0096000 seconds, Stopping threads took: 0.0090860 seconds
334.756: Application time: 0.1729610 seconds
334.773: [GC [PSYoungGen: 17930K->646K(18432K)] 33735K->16451K(52736K), 0.0004480 secs] [Times: user=0.01 sys=0.00, real=0.00 secs] 
334.773: Total time for which application threads were stopped: 0.0175880 seconds, Stopping threads took: 0.0170660 seconds
334.943: Application time: 0.1692960 seconds
334.949: [GC [PSYoungGen: 17930K->646K(18432K)] 33735K->16491K(52736K), 0.0005800 secs] [Times: user=0.00 sys=0.00, real=0.00 secs] 
334.950: Total time for which application threads were stopped: 0.0073820 seconds, Stopping threads took: 0.0067200 seconds
335.124: Application time: 0.1743290 seconds
335.138: [GC [PSYoungGen: 17930K->646K(18432K)] 33775K->16547K(52736K), 0.0004810 secs] [Times: user=0.00 sys=0.00, real=0.00 secs] 
335.139: Total time for which application threads were stopped: 0.0144650 seconds, Stopping threads took: 0.0139160 seconds
335.315: Application time: 0.1767180 seconds
335.327: [GC [PSYoungGen: 18008K->646K(18432K)] 33909K->16595K(52736K), 0.0004840 secs] [Times: user=0.00 sys=0.00, real=0.00 secs] 
335.328: Total time for which application threads were stopped: 0.0125040 seconds, Stopping threads took: 0.0119480 seconds
335.499: Application time: 0.1710530 seconds
335.515: [GC [PSYoungGen: 17930K->646K(18432K)] 33879K->16691K(52736K), 0.0004830 secs] [Times: user=0.00 sys=0.00, real=0.00 secs] 
335.515: Total time for which application threads were stopped: 0.0164540 seconds, Stopping threads took: 0.0158850 seconds
335.687: Application time: 0.1719840 seconds
335.690: [GC [PSYoungGen: 17930K->646K(18432K)] 33975K->16755K(52736K), 0.0005230 secs] [Times: user=0.00 sys=0.01, real=0.00 secs] 
335.691: Total time for which application threads were stopped: 0.0030590 seconds, Stopping threads took: 0.0024690 seconds
335.865: Application time: 0.1741740 seconds
335.875: [GC [PSYoungGen: 17930K->646K(18432K)] 34039K->16811K(52736K), 0.0004530 secs] [Times: user=0.00 sys=0.00, real=0.00 secs] 
335.876: Total time for which application threads were stopped: 0.0112690 seconds, Stopping threads took: 0.0107420 seconds
336.044: Application time: 0.1680790 seconds
336.052: [GC [PSYoungGen: 17852K->614K(18432K)] 34017K->16843K(52736K), 0.0004720 secs] [Times: user=0.00 sys=0.00, real=0.00 secs] 
336.053: Total time for which application threads were stopped: 0.0085100 seconds, Stopping threads took: 0.0079660 seconds
336.216: Application time: 0.1632690 seconds
336.232: [GC [PSYoungGen: 17898K->646K(18432K)] 34127K->16875K(52736K), 0.0005720 secs] [Times: user=0.00 sys=0.00, real=0.00 secs] 
336.233: Total time for which application threads were stopped: 0.0168320 seconds, Stopping threads took: 0.0161730 seconds
336.402: Application time: 0.1691680 seconds
336.418: [GC [PSYoungGen: 17930K->646K(18432K)] 34159K->16915K(52736K), 0.0005900 secs] [Times: user=0.00 sys=0.00, real=0.01 secs] 
336.419: Total time for which application threads were stopped: 0.0169370 seconds, Stopping threads took: 0.0162820 seconds
336.566: Application time: 0.1472890 seconds
336.587: [GC [PSYoungGen: 17930K->646K(18432K)] 34199K->16971K(52736K), 0.0004550 secs] [Times: user=0.00 sys=0.00, real=0.00 secs] 
336.587: Total time for which application threads were stopped: 0.0213670 seconds, Stopping threads took: 0.0208150 seconds
336.755: Application time: 0.1673710 seconds
336.775: [GC [PSYoungGen: 18008K->646K(18432K)] 34334K->17027K(52736K), 0.0007040 secs] [Times: user=0.01 sys=0.00, real=0.00 secs] 
336.775: Total time for which application threads were stopped: 0.0204990 seconds, Stopping threads took: 0.0197000 seconds
336.938: Application time: 0.1624550 seconds
336.962: [GC [PSYoungGen: 17930K->646K(18432K)] 34311K->17124K(52736K), 0.0004910 secs] [Times: user=0.01 sys=0.00, real=0.00 secs] 
336.964: Total time for which application threads were stopped: 0.0260510 seconds, Stopping threads took: 0.0244390 seconds
337.134: Application time: 0.1700040 seconds
337.153: [GC [PSYoungGen: 17930K->646K(18432K)] 34407K->17188K(52736K), 0.0004990 secs] [Times: user=0.00 sys=0.00, real=0.00 secs] 
337.154: Total time for which application threads were stopped: 0.0197550 seconds, Stopping threads took: 0.0191840 seconds
337.313: Application time: 0.1592850 seconds
337.320: [GC [PSYoungGen: 17930K->646K(18432K)] 34471K->17236K(52736K), 0.0004980 secs] [Times: user=0.00 sys=0.00, real=0.00 secs] 
337.321: Total time for which application threads were stopped: 0.0078440 seconds, Stopping threads took: 0.0072760 seconds
337.475: Application time: 0.1540070 seconds
337.482: [GC [PSYoungGen: 17852K->646K(18432K)] 34441K->17284K(52736K), 0.0005690 secs] [Times: user=0.00 sys=0.00, real=0.00 secs] 
337.483: Total time for which application threads were stopped: 0.0079740 seconds, Stopping threads took: 0.0073300 seconds
337.639: Application time: 0.1559980 seconds
337.649: [GC [PSYoungGen: 17930K->646K(18432K)] 34568K->17284K(52736K), 0.0006820 secs] [Times: user=0.00 sys=0.00, real=0.00 secs] 
337.650: Total time for which application threads were stopped: 0.0108140 seconds, Stopping threads took: 0.0100400 seconds
337.806: Application time: 0.1568620 seconds
337.817: [GC [PSYoungGen: 17930K->646K(18432K)] 34567K->17348K(52736K), 0.0006730 secs] [Times: user=0.00 sys=0.00, real=0.00 secs] 
337.817: Total time for which application threads were stopped: 0.0110480 seconds, Stopping threads took: 0.0102750 seconds
337.987: Application time: 0.1694810 seconds
338.005: [GC [PSYoungGen: 17934K->646K(18432K)] 34636K->17404K(52736K), 0.0005140 secs] [Times: user=0.00 sys=0.00, real=0.00 secs] 
338.006: Total time for which application threads were stopped: 0.0186230 seconds, Stopping threads took: 0.0180210 seconds
338.173: Application time: 0.1675500 seconds
338.183: [GC [PSYoungGen: 18008K->614K(18432K)] 34765K->17428K(52736K), 0.0004630 secs] [Times: user=0.00 sys=0.00, real=0.00 secs] 
338.183: Total time for which application threads were stopped: 0.0100120 seconds, Stopping threads took: 0.0094810 seconds
338.344: Application time: 0.1613770 seconds
338.367: [GC [PSYoungGen: 17898K->646K(18432K)] 34712K->17540K(52736K), 0.0007730 secs] [Times: user=0.00 sys=0.00, real=0.00 secs] 
338.368: Total time for which application threads were stopped: 0.0232300 seconds, Stopping threads took: 0.0223590 seconds
338.536: Application time: 0.1680270 seconds
338.553: [GC [PSYoungGen: 17930K->646K(18432K)] 34824K->17596K(52736K), 0.0004860 secs] [Times: user=0.00 sys=0.00, real=0.00 secs] 
338.554: Total time for which application threads were stopped: 0.0180200 seconds, Stopping threads took: 0.0174410 seconds
338.709: Application time: 0.1551330 seconds
338.722: [GC [PSYoungGen: 17930K->646K(18432K)] 34880K->17652K(52736K), 0.0004520 secs] [Times: user=0.00 sys=0.00, real=0.00 secs] 
338.723: Total time for which application threads were stopped: 0.0135710 seconds, Stopping threads took: 0.0130500 seconds
338.878: Application time: 0.1555380 seconds
338.884: [GC [PSYoungGen: 17852K->614K(18432K)] 34858K->17676K(52736K), 0.0006190 secs] [Times: user=0.00 sys=0.00, real=0.00 secs] 
338.885: Total time for which application threads were stopped: 0.0069050 seconds, Stopping threads took: 0.0062030 seconds
339.053: Application time: 0.1683870 seconds
339.066: [GC [PSYoungGen: 17898K->646K(18432K)] 34960K->17708K(52736K), 0.0005150 secs] [Times: user=0.00 sys=0.00, real=0.01 secs] 
339.067: Total time for which application threads were stopped: 0.0132060 seconds, Stopping threads took: 0.0126210 seconds
339.229: Application time: 0.1628560 seconds
339.252: [GC [PSYoungGen: 17930K->646K(18432K)] 34992K->17764K(52736K), 0.0004450 secs] [Times: user=0.00 sys=0.00, real=0.00 secs] 
339.252: Total time for which application threads were stopped: 0.0230560 seconds, Stopping threads took: 0.0225420 seconds
339.417: Application time: 0.1642270 seconds
339.434: [GC [PSYoungGen: 17930K->646K(18432K)] 35048K->17804K(52736K), 0.0004770 secs] [Times: user=0.00 sys=0.00, real=0.00 secs] 
339.435: Total time for which application threads were stopped: 0.0181160 seconds, Stopping threads took: 0.0175640 seconds
339.598: Application time: 0.1633610 seconds
339.613: [GC [PSYoungGen: 18008K->646K(18432K)] 35166K->17860K(52736K), 0.0004850 secs] [Times: user=0.01 sys=0.00, real=0.00 secs] 
339.614: Total time for which application threads were stopped: 0.0153300 seconds, Stopping threads took: 0.0147760 seconds
339.771: Application time: 0.1575070 seconds
339.780: [GC [PSYoungGen: 17930K->646K(18432K)] 35144K->17940K(52736K), 0.0004780 secs] [Times: user=0.00 sys=0.00, real=0.00 secs] 
339.780: Total time for which application threads were stopped: 0.0093820 seconds, Stopping threads took: 0.0088380 seconds
339.936: Application time: 0.1560310 seconds
339.953: [GC [PSYoungGen: 17930K->646K(18432K)] 35224K->17996K(52736K), 0.0004280 secs] [Times: user=0.00 sys=0.00, real=0.00 secs] 
339.953: Total time for which application threads were stopped: 0.0165830 seconds, Stopping threads took: 0.0160800 seconds
340.117: Application time: 0.1635230 seconds
340.125: [GC [PSYoungGen: 17930K->646K(18432K)] 35280K->18060K(52736K), 0.0005570 secs] [Times: user=0.01 sys=0.00, real=0.00 secs] 
340.125: Total time for which application threads were stopped: 0.0085290 seconds, Stopping threads took: 0.0079000 seconds
340.298: Application time: 0.1724940 seconds
340.304: [GC [PSYoungGen: 17852K->646K(18432K)] 35266K->18108K(52736K), 0.0004520 secs] [Times: user=0.00 sys=0.00, real=0.00 secs] 
340.305: Total time for which application threads were stopped: 0.0072100 seconds, Stopping threads took: 0.0066910 seconds
340.477: Application time: 0.1720110 seconds
340.495: [GC [PSYoungGen: 17930K->646K(18432K)] 35392K->18108K(52736K), 0.0004870 secs] [Times: user=0.00 sys=0.00, real=0.00 secs] 
340.496: Total time for which application threads were stopped: 0.0188700 seconds, Stopping threads took: 0.0183040 seconds
340.674: Application time: 0.1778890 seconds
340.689: [GC [PSYoungGen: 17930K->646K(18432K)] 35392K->18148K(52736K), 0.0005130 secs] [Times: user=0.00 sys=0.00, real=0.00 secs] 
340.690: Total time for which application threads were stopped: 0.0160400 seconds, Stopping threads took: 0.0154360 seconds
340.862: Application time: 0.1722630 seconds
340.871: [GC [PSYoungGen: 17930K->646K(18432K)] 35432K->18212K(52736K), 0.0005470 secs] [Times: user=0.01 sys=0.00, real=0.00 secs] 
340.872: Total time for which application threads were stopped: 0.0098420 seconds, Stopping threads took: 0.0092240 seconds
341.036: Application time: 0.1640030 seconds
341.044: [GC [PSYoungGen: 18008K->646K(18432K)] 35574K->18268K(52736K), 0.0005230 secs] [Times: user=0.01 sys=0.00, real=0.00 secs] 
341.045: Total time for which application threads were stopped: 0.0091130 seconds, Stopping threads took: 0.0085090 seconds
341.210: Application time: 0.1651680 seconds
341.216: [GC [PSYoungGen: 17930K->646K(18432K)] 35552K->18348K(52736K), 0.0004500 secs] [Times: user=0.00 sys=0.00, real=0.00 secs] 
341.217: Total time for which application threads were stopped: 0.0067200 seconds, Stopping threads took: 0.0061970 seconds
341.386: Application time: 0.1697050 seconds
341.393: [GC [PSYoungGen: 17930K->646K(18432K)] 35632K->18404K(52736K), 0.0005250 secs] [Times: user=0.00 sys=0.00, real=0.00 secs] 
341.394: Total time for which application threads were stopped: 0.0075140 seconds, Stopping threads took: 0.0068940 seconds
341.568: Application time: 0.1738090 seconds
341.575: [GC [PSYoungGen: 17930K->646K(18432K)] 35688K->18468K(52736K), 0.0006630 secs] [Times: user=0.00 sys=0.00, real=0.00 secs] 
341.575: Total time for which application threads were stopped: 0.0075480 seconds, Stopping threads took: 0.0067990 seconds
341.750: Application time: 0.1745300 seconds
341.764: [GC [PSYoungGen: 17852K->614K(18432K)] 35674K->18492K(52736K), 0.0006920 secs] [Times: user=0.00 sys=0.00, real=0.00 secs] 
341.765: Total time for which application threads were stopped: 0.0149300 seconds, Stopping threads took: 0.0141450 seconds
341.926: Application time: 0.1610800 seconds
341.931: [GC [PSYoungGen: 17898K->646K(18432K)] 35776K->18524K(52736K), 0.0006770 secs] [Times: user=0.00 sys=0.00, real=0.00 secs] 
341.932: Total time for which application threads were stopped: 0.0059490 seconds, Stopping threads took: 0.0051790 seconds
342.110: Application time: 0.1783710 seconds
342.117: [GC [PSYoungGen: 17932K->646K(18432K)] 35810K->18572K(52736K), 0.0004970 secs] [Times: user=0.00 sys=0.00, real=0.01 secs] 
342.119: Total time for which application threads were stopped: 0.0086460 seconds, Stopping threads took: 0.0070210 seconds
342.291: Application time: 0.1721750 seconds
342.313: [GC [PSYoungGen: 17930K->614K(18432K)] 35856K->18588K(52736K), 0.0005890 secs] [Times: user=0.01 sys=0.00, real=0.00 secs] 
342.314: Total time for which application threads were stopped: 0.0224800 seconds, Stopping threads took: 0.0217960 seconds
342.490: Application time: 0.1761710 seconds
342.500: [GC [PSYoungGen: 17976K->646K(18432K)] 35951K->18668K(52736K), 0.0005930 secs] [Times: user=0.00 sys=0.00, real=0.00 secs] 
342.501: Total time for which application threads were stopped: 0.0109120 seconds, Stopping threads took: 0.0102250 seconds
342.667: Application time: 0.1661250 seconds
342.672: [GC [PSYoungGen: 17930K->646K(18432K)] 35952K->18765K(52736K), 0.0005670 secs] [Times: user=0.00 sys=0.00, real=0.00 secs] 
342.673: Total time for which application threads were stopped: 0.0060020 seconds, Stopping threads took: 0.0053340 seconds
342.841: Application time: 0.1679050 seconds
342.851: [GC [PSYoungGen: 17930K->614K(18432K)] 36048K->18781K(52736K), 0.0004860 secs] [Times: user=0.00 sys=0.00, real=0.00 secs] 
342.852: Total time for which application threads were stopped: 0.0111970 seconds, Stopping threads took: 0.0106420 seconds
343.020: Application time: 0.1681170 seconds
343.025: [GC [PSYoungGen: 17898K->646K(18432K)] 36064K->18861K(52736K), 0.0005070 secs] [Times: user=0.01 sys=0.00, real=0.00 secs] 
343.026: Total time for which application threads were stopped: 0.0055190 seconds, Stopping threads took: 0.0049470 seconds
343.188: Application time: 0.1623080 seconds
343.195: [GC [PSYoungGen: 17852K->646K(18432K)] 36066K->18917K(52736K), 0.0005000 secs] [Times: user=0.00 sys=0.00, real=0.00 secs] 
343.195: Total time for which application threads were stopped: 0.0074740 seconds, Stopping threads took: 0.0068860 seconds
343.370: Application time: 0.1747180 seconds
343.388: [GC [PSYoungGen: 17930K->646K(18432K)] 36201K->18917K(52736K), 0.0006110 secs] [Times: user=0.01 sys=0.00, real=0.00 secs] 
343.389: Total time for which application threads were stopped: 0.0187130 seconds, Stopping threads took: 0.0180230 seconds
343.554: Application time: 0.1648350 seconds
343.561: [GC [PSYoungGen: 17930K->646K(18432K)] 36200K->18965K(52736K), 0.0005320 secs] [Times: user=0.00 sys=0.00, real=0.00 secs] 
343.562: Total time for which application threads were stopped: 0.0082800 seconds, Stopping threads took: 0.0076780 seconds
343.722: Application time: 0.1600440 seconds
343.739: [GC [PSYoungGen: 17930K->646K(18432K)] 36248K->19013K(52736K), 0.0004450 secs] [Times: user=0.00 sys=0.00, real=0.00 secs] 
343.739: Total time for which application threads were stopped: 0.0173620 seconds, Stopping threads took: 0.0168380 seconds
343.914: Application time: 0.1751040 seconds
343.930: [GC [PSYoungGen: 18008K->646K(18432K)] 36375K->19061K(52736K), 0.0007810 secs] [Times: user=0.00 sys=0.00, real=0.00 secs] 
343.931: Total time for which application threads were stopped: 0.0168220 seconds, Stopping threads took: 0.0159550 seconds
344.098: Application time: 0.1664150 seconds
344.110: [GC [PSYoungGen: 17930K->646K(18432K)] 36345K->19157K(52736K), 0.0005160 secs] [Times: user=0.01 sys=0.00, real=0.00 secs] 
344.110: Total time for which application threads were stopped: 0.0127000 seconds, Stopping threads took: 0.0121140 seconds
344.276: Application time: 0.1661120 seconds
344.297: [GC [PSYoungGen: 17930K->646K(18432K)] 36441K->19213K(52736K), 0.0004700 secs] [Times: user=0.01 sys=0.00, real=0.00 secs] 
344.298: Total time for which application threads were stopped: 0.0215570 seconds, Stopping threads took: 0.0210120 seconds
344.457: Application time: 0.1595070 seconds
344.468: [GC [PSYoungGen: 17932K->614K(18432K)] 36499K->19229K(52736K), 0.0004280 secs] [Times: user=0.00 sys=0.00, real=0.00 secs] 
344.469: Total time for which application threads were stopped: 0.0111040 seconds, Stopping threads took: 0.0106050 seconds
344.625: Application time: 0.1567840 seconds
344.635: [GC [PSYoungGen: 17820K->646K(18432K)] 36435K->19317K(52736K), 0.0004780 secs] [Times: user=0.00 sys=0.00, real=0.00 secs] 
344.635: Total time for which application threads were stopped: 0.0098030 seconds, Stopping threads took: 0.0092550 seconds
344.798: Application time: 0.1631890 seconds
344.818: [GC [PSYoungGen: 17930K->646K(18432K)] 36601K->19317K(52736K), 0.0004110 secs] [Times: user=0.00 sys=0.00, real=0.00 secs] 
344.818: Total time for which application threads were stopped: 0.0195790 seconds, Stopping threads took: 0.0190910 seconds
344.982: Application time: 0.1640310 seconds
344.992: [GC [PSYoungGen: 17930K->646K(18432K)] 36601K->19373K(52736K), 0.0004520 secs] [Times: user=0.00 sys=0.00, real=0.00 secs] 
344.992: Total time for which application threads were stopped: 0.0100010 seconds, Stopping threads took: 0.0094810 seconds
345.159: Application time: 0.1670060 seconds
345.178: [GC [PSYoungGen: 17930K->646K(18432K)] 36657K->19421K(52736K), 0.0004740 secs] [Times: user=0.00 sys=0.00, real=0.00 secs] 
345.179: Total time for which application threads were stopped: 0.0199250 seconds, Stopping threads took: 0.0193850 seconds
345.343: Application time: 0.1636000 seconds
345.361: [GC [PSYoungGen: 18008K->646K(18432K)] 36783K->19469K(52736K), 0.0004670 secs] [Times: user=0.00 sys=0.00, real=0.00 secs] 
345.362: Total time for which application threads were stopped: 0.0193430 seconds, Stopping threads took: 0.0187990 seconds
345.519: Application time: 0.1571350 seconds
345.529: [GC [PSYoungGen: 17930K->646K(18432K)] 36753K->19565K(52736K), 0.0004560 secs] [Times: user=0.01 sys=0.00, real=0.00 secs] 
345.529: Total time for which application threads were stopped: 0.0101250 seconds, Stopping threads took: 0.0095990 seconds
345.689: Application time: 0.1602280 seconds
345.698: [GC [PSYoungGen: 17930K->646K(18432K)] 36849K->19629K(52736K), 0.0005710 secs] [Times: user=0.00 sys=0.00, real=0.01 secs] 
345.698: Total time for which application threads were stopped: 0.0088680 seconds, Stopping threads took: 0.0082260 seconds
345.861: Application time: 0.1625640 seconds
345.884: [GC [PSYoungGen: 17930K->646K(18432K)] 36913K->19685K(52736K), 0.0004390 secs] [Times: user=0.01 sys=0.00, real=0.00 secs] 
345.884: Total time for which application threads were stopped: 0.0236080 seconds, Stopping threads took: 0.0230890 seconds
346.046: Application time: 0.1614860 seconds
346.054: [GC [PSYoungGen: 18047K->841K(18432K)] 37086K->19936K(52736K), 0.0004730 secs] [Times: user=0.00 sys=0.00, real=0.00 secs] 
346.054: Total time for which application threads were stopped: 0.0084730 seconds, Stopping threads took: 0.0079330 seconds
346.218: Application time: 0.1636540 seconds
346.229: [GC [PSYoungGen: 17930K->646K(18432K)] 37025K->19741K(52736K), 0.0004600 secs] [Times: user=0.01 sys=0.00, real=0.00 secs] 
346.230: Total time for which application threads were stopped: 0.0117410 seconds, Stopping threads took: 0.0111950 seconds
346.384: Application time: 0.1539960 seconds
346.396: [GC [PSYoungGen: 17930K->646K(18432K)] 37025K->19797K(52736K), 0.0004780 secs] [Times: user=0.01 sys=0.00, real=0.00 secs] 
346.397: Total time for which application threads were stopped: 0.0128660 seconds, Stopping threads took: 0.0123140 seconds
346.560: Application time: 0.1637900 seconds
346.575: [GC [PSYoungGen: 17930K->582K(18432K)] 37081K->19781K(52736K), 0.0006110 secs] [Times: user=0.00 sys=0.00, real=0.00 secs] 
346.575: Total time for which application threads were stopped: 0.0149680 seconds, Stopping threads took: 0.0142900 seconds
346.740: Application time: 0.1644480 seconds
346.753: [GC [PSYoungGen: 17944K->646K(18432K)] 37143K->19893K(52736K), 0.0005310 secs] [Times: user=0.00 sys=0.00, real=0.00 secs] 
346.753: Total time for which application threads were stopped: 0.0131850 seconds, Stopping threads took: 0.0125820 seconds
346.918: Application time: 0.1649060 seconds
346.942: [GC [PSYoungGen: 17930K->646K(18432K)] 37177K->19989K(52736K), 0.0004950 secs] [Times: user=0.00 sys=0.00, real=0.00 secs] 
346.943: Total time for which application threads were stopped: 0.0245360 seconds, Stopping threads took: 0.0239620 seconds
347.112: Application time: 0.1695250 seconds
347.125: [GC [PSYoungGen: 17930K->646K(18432K)] 37273K->20045K(52736K), 0.0004430 secs] [Times: user=0.00 sys=0.00, real=0.01 secs] 
347.126: Total time for which application threads were stopped: 0.0142930 seconds, Stopping threads took: 0.0126210 seconds
347.293: Application time: 0.1669760 seconds
347.312: [GC [PSYoungGen: 17930K->646K(18432K)] 37329K->20101K(52736K), 0.0004750 secs] [Times: user=0.00 sys=0.00, real=0.00 secs] 
347.313: Total time for which application threads were stopped: 0.0192300 seconds, Stopping threads took: 0.0186840 seconds
347.472: Application time: 0.1591280 seconds
347.483: [GC [PSYoungGen: 17852K->646K(18432K)] 37307K->20173K(52736K), 0.0004890 secs] [Times: user=0.01 sys=0.00, real=0.00 secs] 
347.483: Total time for which application threads were stopped: 0.0117480 seconds, Stopping threads took: 0.0111830 seconds
347.643: Application time: 0.1591350 seconds
347.650: [GC [PSYoungGen: 17930K->646K(18432K)] 37457K->20173K(52736K), 0.0006800 secs] [Times: user=0.00 sys=0.00, real=0.00 secs] 
347.651: Total time for which application threads were stopped: 0.0080480 seconds, Stopping threads took: 0.0073010 seconds
347.808: Application time: 0.1570560 seconds
347.815: [GC [PSYoungGen: 17930K->646K(18432K)] 37457K->20229K(52736K), 0.0004760 secs] [Times: user=0.00 sys=0.00, real=0.00 secs] 
347.815: Total time for which application threads were stopped: 0.0074250 seconds, Stopping threads took: 0.0068810 seconds
347.974: Application time: 0.1590480 seconds
347.983: [GC [PSYoungGen: 18008K->646K(18432K)] 37592K->20277K(52736K), 0.0004330 secs] [Times: user=0.00 sys=0.00, real=0.00 secs] 
347.984: Total time for which application threads were stopped: 0.0095640 seconds, Stopping threads took: 0.0090580 seconds
348.142: Application time: 0.1587420 seconds
348.153: [GC [PSYoungGen: 17930K->630K(18432K)] 37561K->20342K(52736K), 0.0005420 secs] [Times: user=0.01 sys=0.00, real=0.00 secs] 
348.154: Total time for which application threads were stopped: 0.0110440 seconds, Stopping threads took: 0.0104330 seconds
348.312: Application time: 0.1582310 seconds
348.323: [GC [PSYoungGen: 17914K->646K(18432K)] 37625K->20406K(52736K), 0.0004950 secs] [Times: user=0.00 sys=0.00, real=0.00 secs] 
348.323: Total time for which application threads were stopped: 0.0115830 seconds, Stopping threads took: 0.0110220 seconds
348.481: Application time: 0.1574210 seconds
348.492: [GC [PSYoungGen: 17930K->646K(18432K)] 37689K->20470K(52736K), 0.0006240 secs] [Times: user=0.01 sys=0.00, real=0.00 secs] 
348.493: Total time for which application threads were stopped: 0.0122770 seconds, Stopping threads took: 0.0115510 seconds
348.662: Application time: 0.1686070 seconds
348.680: [GC [PSYoungGen: 17930K->646K(18432K)] 37753K->20526K(52736K), 0.0005220 secs] [Times: user=0.00 sys=0.00, real=0.00 secs] 
348.681: Total time for which application threads were stopped: 0.0192290 seconds, Stopping threads took: 0.0186360 seconds
348.837: Application time: 0.1565110 seconds
348.849: [GC [PSYoungGen: 17930K->646K(18432K)] 37810K->20590K(52736K), 0.0004760 secs] [Times: user=0.00 sys=0.00, real=0.00 secs] 
348.849: Total time for which application threads were stopped: 0.0117930 seconds, Stopping threads took: 0.0112430 seconds
349.004: Application time: 0.1550250 seconds
349.016: [GC [PSYoungGen: 17852K->646K(18432K)] 37795K->20654K(52736K), 0.0004230 secs] [Times: user=0.00 sys=0.00, real=0.00 secs] 
349.017: Total time for which application threads were stopped: 0.0124620 seconds, Stopping threads took: 0.0119610 seconds
349.177: Application time: 0.1602450 seconds
349.193: [GC [PSYoungGen: 17930K->646K(18432K)] 37937K->20654K(52736K), 0.0006480 secs] [Times: user=0.01 sys=0.00, real=0.00 secs] 
349.193: Total time for which application threads were stopped: 0.0163420 seconds, Stopping threads took: 0.0156210 seconds
349.360: Application time: 0.1670590 seconds
349.384: [GC [PSYoungGen: 17930K->646K(18432K)] 37937K->20710K(52736K), 0.0004620 secs] [Times: user=0.00 sys=0.00, real=0.00 secs] 
349.385: Total time for which application threads were stopped: 0.0246210 seconds, Stopping threads took: 0.0240930 seconds
349.550: Application time: 0.1646300 seconds
349.564: [GC [PSYoungGen: 18008K->646K(18432K)] 38072K->20758K(52736K), 0.0004910 secs] [Times: user=0.00 sys=0.00, real=0.00 secs] 
349.565: Total time for which application threads were stopped: 0.0152870 seconds, Stopping threads took: 0.0147210 seconds
349.728: Application time: 0.1632460 seconds
349.746: [GC [PSYoungGen: 17930K->646K(18432K)] 38042K->20846K(52736K), 0.0005390 secs] [Times: user=0.00 sys=0.00, real=0.00 secs] 
349.747: Total time for which application threads were stopped: 0.0186320 seconds, Stopping threads took: 0.0180150 seconds
349.910: Application time: 0.1637280 seconds
349.932: [GC [PSYoungGen: 17930K->646K(18432K)] 38130K->20910K(52736K), 0.0004860 secs] [Times: user=0.00 sys=0.00, real=0.00 secs] 
349.932: Total time for which application threads were stopped: 0.0217260 seconds, Stopping threads took: 0.0211680 seconds
350.088: Application time: 0.1560520 seconds
350.098: [GC [PSYoungGen: 17930K->646K(18432K)] 38194K->20950K(52736K), 0.0004480 secs] [Times: user=0.00 sys=0.00, real=0.01 secs] 
350.098: Total time for which application threads were stopped: 0.0099860 seconds, Stopping threads took: 0.0094590 seconds
350.258: Application time: 0.1595440 seconds
350.270: [GC [PSYoungGen: 17852K->614K(18432K)] 38156K->20974K(52736K), 0.0004750 secs] [Times: user=0.01 sys=0.00, real=0.00 secs] 
350.270: Total time for which application threads were stopped: 0.0124170 seconds, Stopping threads took: 0.0118690 seconds
350.432: Application time: 0.1621720 seconds
350.456: [GC [PSYoungGen: 17898K->646K(18432K)] 38258K->21006K(52736K), 0.0005570 secs] [Times: user=0.01 sys=0.00, real=0.00 secs] 
350.457: Total time for which application threads were stopped: 0.0244700 seconds, Stopping threads took: 0.0238230 seconds
350.616: Application time: 0.1589490 seconds
350.627: [GC [PSYoungGen: 17930K->646K(18432K)] 38290K->21046K(52736K), 0.0004700 secs] [Times: user=0.00 sys=0.00, real=0.00 secs] 
350.627: Total time for which application threads were stopped: 0.0115710 seconds, Stopping threads took: 0.0110260 seconds
350.795: Application time: 0.1677780 seconds
350.804: [GC [PSYoungGen: 17932K->646K(18432K)] 38332K->21102K(52736K), 0.0004730 secs] [Times: user=0.00 sys=0.00, real=0.00 secs] 
350.804: Total time for which application threads were stopped: 0.0089970 seconds, Stopping threads took: 0.0084570 seconds
350.970: Application time: 0.1659190 seconds
350.980: [GC [PSYoungGen: 18008K->646K(18432K)] 38464K->21158K(52736K), 0.0004790 secs] [Times: user=0.00 sys=0.00, real=0.00 secs] 
350.981: Total time for which application threads were stopped: 0.0106290 seconds, Stopping threads took: 0.0100860 seconds
351.145: Application time: 0.1641700 seconds
351.165: [GC [PSYoungGen: 17930K->646K(18432K)] 38442K->21246K(52736K), 0.0005210 secs] [Times: user=0.00 sys=0.00, real=0.00 secs] 
351.166: Total time for which application threads were stopped: 0.0208430 seconds, Stopping threads took: 0.0202400 seconds
351.329: Application time: 0.1635220 seconds
351.352: [GC [PSYoungGen: 17930K->614K(18432K)] 38530K->21270K(52736K), 0.0004500 secs] [Times: user=0.00 sys=0.00, real=0.00 secs] 
351.352: Total time for which application threads were stopped: 0.0231210 seconds, Stopping threads took: 0.0226010 seconds
351.512: Application time: 0.1594110 seconds
351.530: [GC [PSYoungGen: 17898K->646K(18432K)] 38554K->21342K(52736K), 0.0005010 secs] [Times: user=0.01 sys=0.00, real=0.00 secs] 
351.531: Total time for which application threads were stopped: 0.0191460 seconds, Stopping threads took: 0.0185820 seconds
351.687: Application time: 0.1557450 seconds
351.701: [GC [PSYoungGen: 17852K->646K(18432K)] 38548K->21398K(52736K), 0.0004550 secs] [Times: user=0.00 sys=0.00, real=0.00 secs] 
351.701: Total time for which application threads were stopped: 0.0146460 seconds, Stopping threads took: 0.0141150 seconds
351.863: Application time: 0.1617900 seconds
351.887: [GC [PSYoungGen: 17930K->646K(18432K)] 38682K->21398K(52736K), 0.0004060 secs] [Times: user=0.00 sys=0.00, real=0.00 secs] 
351.887: Total time for which application threads were stopped: 0.0237850 seconds, Stopping threads took: 0.0233130 seconds
352.053: Application time: 0.1658250 seconds
352.065: [GC [PSYoungGen: 17930K->646K(18432K)] 38682K->21454K(52736K), 0.0004290 secs] [Times: user=0.00 sys=0.00, real=0.00 secs] 
352.066: Total time for which application threads were stopped: 0.0130670 seconds, Stopping threads took: 0.0125680 seconds
352.237: Application time: 0.1710020 seconds
352.258: [GC [PSYoungGen: 17930K->646K(18432K)] 38738K->21494K(52736K), 0.0004610 secs] [Times: user=0.01 sys=0.00, real=0.00 secs] 
352.258: Total time for which application threads were stopped: 0.0211580 seconds, Stopping threads took: 0.0206100 seconds
352.420: Application time: 0.1620860 seconds
352.429: [GC [PSYoungGen: 18008K->646K(18432K)] 38856K->21550K(52736K), 0.0005020 secs] [Times: user=0.00 sys=0.00, real=0.00 secs] 
352.430: Total time for which application threads were stopped: 0.0098350 seconds, Stopping threads took: 0.0092590 seconds
352.597: Application time: 0.1671310 seconds
352.605: [GC [PSYoungGen: 17930K->646K(18432K)] 38834K->21630K(52736K), 0.0005840 secs] [Times: user=0.00 sys=0.00, real=0.00 secs] 
352.606: Total time for which application threads were stopped: 0.0088290 seconds, Stopping threads took: 0.0081710 seconds
352.782: Application time: 0.1760080 seconds
352.796: [GC [PSYoungGen: 17930K->646K(18432K)] 38914K->21686K(52736K), 0.0004780 secs] [Times: user=0.00 sys=0.00, real=0.00 secs] 
352.796: Total time for which application threads were stopped: 0.0145530 seconds, Stopping threads took: 0.0139950 seconds
352.969: Application time: 0.1723070 seconds
352.992: [GC [PSYoungGen: 17930K->646K(18432K)] 38970K->21742K(52736K), 0.0005280 secs] [Times: user=0.00 sys=0.00, real=0.00 secs] 
352.992: Total time for which application threads were stopped: 0.0236180 seconds, Stopping threads took: 0.0230190 seconds
353.163: Application time: 0.1701810 seconds
353.167: [GC [PSYoungGen: 17852K->646K(18432K)] 38948K->21798K(52736K), 0.0004780 secs] [Times: user=0.00 sys=0.00, real=0.00 secs] 
353.167: Total time for which application threads were stopped: 0.0045840 seconds, Stopping threads took: 0.0040320 seconds
353.339: Application time: 0.1720670 seconds
353.348: [GC [PSYoungGen: 17930K->646K(18432K)] 39082K->21798K(52736K), 0.0005330 secs] [Times: user=0.00 sys=0.00, real=0.00 secs] 
353.348: Total time for which application threads were stopped: 0.0091470 seconds, Stopping threads took: 0.0085110 seconds
353.526: Application time: 0.1776510 seconds
353.544: [GC [PSYoungGen: 17930K->646K(18432K)] 39082K->21846K(52736K), 0.0004870 secs] [Times: user=0.00 sys=0.00, real=0.00 secs] 
353.544: Total time for which application threads were stopped: 0.0182590 seconds, Stopping threads took: 0.0176980 seconds
353.707: Application time: 0.1629770 seconds
353.714: [GC [PSYoungGen: 17930K->646K(18432K)] 39130K->21902K(52736K), 0.0004740 secs] [Times: user=0.00 sys=0.00, real=0.00 secs] 
353.715: Total time for which application threads were stopped: 0.0072790 seconds, Stopping threads took: 0.0067200 seconds
353.887: Application time: 0.1728460 seconds
353.898: [GC [PSYoungGen: 18008K->646K(18432K)] 39265K->21958K(52736K), 0.0005000 secs] [Times: user=0.00 sys=0.00, real=0.00 secs] 
353.899: Total time for which application threads were stopped: 0.0114460 seconds, Stopping threads took: 0.0108600 seconds
354.064: Application time: 0.1652600 seconds
354.072: [GC [PSYoungGen: 17930K->646K(18432K)] 39242K->22055K(52736K), 0.0004640 secs] [Times: user=0.00 sys=0.00, real=0.00 secs] 
354.072: Total time for which application threads were stopped: 0.0083230 seconds, Stopping threads took: 0.0077590 seconds
354.241: Application time: 0.1685960 seconds
354.252: [GC [PSYoungGen: 17930K->598K(18432K)] 39338K->22071K(52736K), 0.0004650 secs] [Times: user=0.00 sys=0.00, real=0.00 secs] 
354.253: Total time for which application threads were stopped: 0.0114370 seconds, Stopping threads took: 0.0109010 seconds
354.413: Application time: 0.1601840 seconds
354.428: [GC [PSYoungGen: 17882K->646K(18432K)] 39354K->22167K(52736K), 0.0004650 secs] [Times: user=0.00 sys=0.00, real=0.00 secs] 
354.428: Total time for which application threads were stopped: 0.0155450 seconds, Stopping threads took: 0.0150040 seconds
354.595: Application time: 0.1669070 seconds
354.604: [GC [PSYoungGen: 17852K->646K(18432K)] 39372K->22231K(52736K), 0.0004690 secs] [Times: user=0.00 sys=0.00, real=0.00 secs] 
354.604: Total time for which application threads were stopped: 0.0091910 seconds, Stopping threads took: 0.0086270 seconds
354.768: Application time: 0.1632720 seconds
354.774: [GC [PSYoungGen: 17930K->646K(18432K)] 39515K->22231K(52736K), 0.0005460 secs] [Times: user=0.00 sys=0.00, real=0.00 secs] 
354.775: Total time for which application threads were stopped: 0.0069810 seconds, Stopping threads took: 0.0063560 seconds
354.942: Application time: 0.1674860 seconds
354.952: [GC [PSYoungGen: 17930K->646K(18432K)] 39514K->22295K(52736K), 0.0004530 secs] [Times: user=0.00 sys=0.00, real=0.00 secs] 
354.952: Total time for which application threads were stopped: 0.0099400 seconds, Stopping threads took: 0.0094140 seconds
355.119: Application time: 0.1666100 seconds
355.125: [GC [PSYoungGen: 17930K->646K(18432K)] 39578K->22359K(52736K), 0.0006200 secs] [Times: user=0.00 sys=0.00, real=0.00 secs] 
355.125: Total time for which application threads were stopped: 0.0065670 seconds, Stopping threads took: 0.0058750 seconds
355.300: Application time: 0.1749460 seconds
355.317: [GC [PSYoungGen: 17891K->451K(18432K)] 39604K->22211K(52736K), 0.0004820 secs] [Times: user=0.00 sys=0.00, real=0.00 secs] 
355.318: Total time for which application threads were stopped: 0.0175440 seconds, Stopping threads took: 0.0169980 seconds
355.494: Application time: 0.1764560 seconds
355.504: [GC [PSYoungGen: 17852K->646K(18432K)] 39612K->22527K(52736K), 0.0004910 secs] [Times: user=0.00 sys=0.00, real=0.00 secs] 
355.505: Total time for which application threads were stopped: 0.0106520 seconds, Stopping threads took: 0.0100830 seconds
355.683: Application time: 0.1783880 seconds
355.700: [GC [PSYoungGen: 17930K->646K(18432K)] 39811K->22527K(52736K), 0.0006160 secs] [Times: user=0.00 sys=0.00, real=0.00 secs] 
355.701: Total time for which application threads were stopped: 0.0178240 seconds, Stopping threads took: 0.0171140 seconds
355.868: Application time: 0.1668140 seconds
355.874: [GC [PSYoungGen: 17930K->646K(18432K)] 39811K->22575K(52736K), 0.0005370 secs] [Times: user=0.00 sys=0.00, real=0.00 secs] 
355.874: Total time for which application threads were stopped: 0.0063440 seconds, Stopping threads took: 0.0057110 seconds
356.042: Application time: 0.1674140 seconds
356.049: [GC [PSYoungGen: 17852K->646K(18432K)] 39781K->22623K(52736K), 0.0004100 secs] [Times: user=0.00 sys=0.00, real=0.00 secs] 
356.050: Total time for which application threads were stopped: 0.0079800 seconds, Stopping threads took: 0.0074900 seconds
356.216: Application time: 0.1667880 seconds
356.234: [GC [PSYoungGen: 17930K->646K(18432K)] 39907K->22623K(52736K), 0.0004820 secs] [Times: user=0.00 sys=0.00, real=0.00 secs] 
356.234: Total time for which application threads were stopped: 0.0180610 seconds, Stopping threads took: 0.0175060 seconds
356.398: Application time: 0.1639650 seconds
356.412: [GC [PSYoungGen: 17930K->646K(18432K)] 39907K->22671K(52736K), 0.0005310 secs] [Times: user=0.00 sys=0.00, real=0.00 secs] 
356.413: Total time for which application threads were stopped: 0.0141750 seconds, Stopping threads took: 0.0135630 seconds
356.578: Application time: 0.1657590 seconds
356.591: [GC [PSYoungGen: 17930K->646K(18432K)] 39955K->22735K(52736K), 0.0004760 secs] [Times: user=0.00 sys=0.00, real=0.00 secs] 
356.592: Total time for which application threads were stopped: 0.0131650 seconds, Stopping threads took: 0.0126120 seconds
356.758: Application time: 0.1664730 seconds
356.773: [GC [PSYoungGen: 17891K->451K(18432K)] 39980K->22596K(52736K), 0.0004680 secs] [Times: user=0.00 sys=0.00, real=0.00 secs] 
356.774: Total time for which application threads were stopped: 0.0156960 seconds, Stopping threads took: 0.0151570 seconds
356.933: Application time: 0.1591920 seconds
356.948: [GC [PSYoungGen: 17852K->646K(18432K)] 39997K->22911K(52736K), 0.0006800 secs] [Times: user=0.00 sys=0.00, real=0.00 secs] 
356.949: Total time for which application threads were stopped: 0.0158380 seconds, Stopping threads took: 0.0150890 seconds
357.119: Application time: 0.1701710 seconds
357.142: [GC [PSYoungGen: 17932K->646K(18432K)] 40197K->22911K(52736K), 0.0004760 secs] [Times: user=0.00 sys=0.00, real=0.00 secs] 
357.142: Total time for which application threads were stopped: 0.0231860 seconds, Stopping threads took: 0.0226100 seconds
357.302: Application time: 0.1601310 seconds
357.308: [GC [PSYoungGen: 17930K->646K(18432K)] 40195K->22967K(52736K), 0.0005100 secs] [Times: user=0.01 sys=0.00, real=0.00 secs] 
357.310: Total time for which application threads were stopped: 0.0076090 seconds, Stopping threads took: 0.0059700 seconds
357.469: Application time: 0.1592830 seconds
357.478: [GC [PSYoungGen: 18047K->841K(18432K)] 40368K->23218K(52736K), 0.0005500 secs] [Times: user=0.00 sys=0.00, real=0.01 secs] 
357.478: Total time for which application threads were stopped: 0.0092280 seconds, Stopping threads took: 0.0086080 seconds
357.637: Application time: 0.1586060 seconds
357.649: [GC [PSYoungGen: 17930K->582K(18432K)] 40307K->22959K(52736K), 0.0004390 secs] [Times: user=0.00 sys=0.00, real=0.00 secs] 
357.650: Total time for which application threads were stopped: 0.0127460 seconds, Stopping threads took: 0.0122300 seconds
357.812: Application time: 0.1625170 seconds
357.821: [GC [PSYoungGen: 17866K->646K(18432K)] 40243K->23071K(52736K), 0.0004400 secs] [Times: user=0.00 sys=0.00, real=0.00 secs] 
357.822: Total time for which application threads were stopped: 0.0096490 seconds, Stopping threads took: 0.0091420 seconds
357.983: Application time: 0.1606600 seconds
358.005: [GC [PSYoungGen: 17930K->646K(18432K)] 40355K->23135K(52736K), 0.0006080 secs] [Times: user=0.01 sys=0.00, real=0.00 secs] 
358.005: Total time for which application threads were stopped: 0.0226730 seconds, Stopping threads took: 0.0219780 seconds
358.170: Application time: 0.1644630 seconds
358.187: [GC [PSYoungGen: 18008K->646K(18432K)] 40497K->23191K(52736K), 0.0006290 secs] [Times: user=0.01 sys=0.00, real=0.00 secs] 
358.188: Total time for which application threads were stopped: 0.0181950 seconds, Stopping threads took: 0.0174840 seconds
358.340: Application time: 0.1523340 seconds
358.350: [GC [PSYoungGen: 17930K->646K(18432K)] 40475K->23279K(52736K), 0.0006820 secs] [Times: user=0.00 sys=0.00, real=0.00 secs] 
358.351: Total time for which application threads were stopped: 0.0106220 seconds, Stopping threads took: 0.0098690 seconds
358.509: Application time: 0.1579130 seconds
358.524: [GC [PSYoungGen: 17930K->614K(18432K)] 40563K->23303K(52736K), 0.0005080 secs] [Times: user=0.00 sys=0.00, real=0.00 secs] 
358.525: Total time for which application threads were stopped: 0.0160680 seconds, Stopping threads took: 0.0154870 seconds
358.693: Application time: 0.1685370 seconds
358.715: [GC [PSYoungGen: 17898K->646K(18432K)] 40587K->23399K(52736K), 0.0004820 secs] [Times: user=0.00 sys=0.00, real=0.00 secs] 
358.715: Total time for which application threads were stopped: 0.0217610 seconds, Stopping threads took: 0.0211780 seconds
358.873: Application time: 0.1579850 seconds
358.883: [GC [PSYoungGen: 17852K->646K(18432K)] 40605K->23463K(52736K), 0.0004610 secs] [Times: user=0.00 sys=0.00, real=0.00 secs] 
358.884: Total time for which application threads were stopped: 0.0105890 seconds, Stopping threads took: 0.0100540 seconds
359.042: Application time: 0.1586820 seconds
359.058: [GC [PSYoungGen: 17930K->646K(18432K)] 40747K->23463K(52736K), 0.0004220 secs] [Times: user=0.00 sys=0.00, real=0.00 secs] 
359.058: Total time for which application threads were stopped: 0.0156820 seconds, Stopping threads took: 0.0151960 seconds
359.208: Application time: 0.1498870 seconds
359.222: [GC [PSYoungGen: 17930K->646K(18432K)] 40747K->23527K(52736K), 0.0004390 secs] [Times: user=0.01 sys=0.00, real=0.00 secs] 
359.222: Total time for which application threads were stopped: 0.0142830 seconds, Stopping threads took: 0.0137740 seconds
359.394: Application time: 0.1715570 seconds
359.407: [GC [PSYoungGen: 17930K->646K(18432K)] 40811K->23575K(52736K), 0.0006410 secs] [Times: user=0.01 sys=0.00, real=0.00 secs] 
359.408: Total time for which application threads were stopped: 0.0142720 seconds, Stopping threads took: 0.0135630 seconds
359.570: Application time: 0.1614210 seconds
359.577: [GC [PSYoungGen: 18008K->646K(18432K)] 40937K->23623K(52736K), 0.0004440 secs] [Times: user=0.00 sys=0.00, real=0.00 secs] 
359.578: Total time for which application threads were stopped: 0.0081690 seconds, Stopping threads took: 0.0076540 seconds
359.739: Application time: 0.1614950 seconds
359.755: [GC [PSYoungGen: 17930K->646K(18432K)] 40907K->23712K(52736K), 0.0006610 secs] [Times: user=0.01 sys=0.00, real=0.00 secs] 
359.756: Total time for which application threads were stopped: 0.0167940 seconds, Stopping threads took: 0.0160300 seconds
359.926: Application time: 0.1700000 seconds
359.942: [GC [PSYoungGen: 17932K->646K(18432K)] 40997K->23776K(52736K), 0.0005110 secs] [Times: user=0.00 sys=0.00, real=0.00 secs] 
359.942: Total time for which application threads were stopped: 0.0164360 seconds, Stopping threads took: 0.0158570 seconds
360.103: Application time: 0.1600650 seconds
360.114: [GC [PSYoungGen: 17930K->614K(18432K)] 41059K->23792K(52736K), 0.0004460 secs] [Times: user=0.00 sys=0.00, real=0.00 secs] 
360.114: Total time for which application threads were stopped: 0.0115320 seconds, Stopping threads took: 0.0110200 seconds
360.269: Application time: 0.1544710 seconds
360.282: [GC [PSYoungGen: 17820K->646K(18432K)] 40997K->23872K(52736K), 0.0005010 secs] [Times: user=0.00 sys=0.00, real=0.00 secs] 
360.283: Total time for which application threads were stopped: 0.0143900 seconds, Stopping threads took: 0.0137880 seconds
360.443: Application time: 0.1603910 seconds
360.460: [GC [PSYoungGen: 17930K->646K(18432K)] 41156K->23872K(52736K), 0.0004640 secs] [Times: user=0.01 sys=0.00, real=0.00 secs] 
360.461: Total time for which application threads were stopped: 0.0173750 seconds, Stopping threads took: 0.0168440 seconds
360.617: Application time: 0.1563880 seconds
360.629: [GC [PSYoungGen: 17930K->582K(18432K)] 41155K->23864K(52736K), 0.0004780 secs] [Times: user=0.00 sys=0.00, real=0.00 secs] 
360.630: Total time for which application threads were stopped: 0.0126040 seconds, Stopping threads took: 0.0120590 seconds
360.783: Application time: 0.1528710 seconds
360.797: [GC [PSYoungGen: 17866K->646K(18432K)] 41147K->23992K(52736K), 0.0004730 secs] [Times: user=0.00 sys=0.00, real=0.00 secs] 
360.797: Total time for which application threads were stopped: 0.0144660 seconds, Stopping threads took: 0.0139140 seconds
360.960: Application time: 0.1625880 seconds
360.983: [GC [PSYoungGen: 18008K->614K(18432K)] 41354K->24008K(52736K), 0.0004520 secs] [Times: user=0.00 sys=0.00, real=0.00 secs] 
360.983: Total time for which application threads were stopped: 0.0236070 seconds, Stopping threads took: 0.0230870 seconds
361.149: Application time: 0.1653710 seconds
361.170: [GC [PSYoungGen: 17898K->646K(18432K)] 41292K->24120K(52736K), 0.0004920 secs] [Times: user=0.00 sys=0.00, real=0.00 secs] 
361.170: Total time for which application threads were stopped: 0.0214260 seconds, Stopping threads took: 0.0208610 seconds
361.334: Application time: 0.1638820 seconds
361.348: [GC [PSYoungGen: 17930K->646K(18432K)] 41403K->24168K(52736K), 0.0005090 secs] [Times: user=0.00 sys=0.00, real=0.00 secs] 
361.349: Total time for which application threads were stopped: 0.0150770 seconds, Stopping threads took: 0.0144860 seconds
361.514: Application time: 0.1649480 seconds
361.527: [GC [PSYoungGen: 17930K->614K(18432K)] 41452K->24200K(52736K), 0.0004270 secs] [Times: user=0.00 sys=0.00, real=0.00 secs] 
361.528: Total time for which application threads were stopped: 0.0139180 seconds, Stopping threads took: 0.0134240 seconds
361.680: Application time: 0.1517680 seconds
361.691: [GC [PSYoungGen: 17820K->646K(18432K)] 41406K->24296K(52736K), 0.0004840 secs] [Times: user=0.00 sys=0.00, real=0.00 secs] 
361.692: Total time for which application threads were stopped: 0.0122890 seconds, Stopping threads took: 0.0117340 seconds
361.854: Application time: 0.1619620 seconds
361.868: [GC [PSYoungGen: 17930K->646K(18432K)] 41580K->24296K(52736K), 0.0004620 secs] [Times: user=0.00 sys=0.00, real=0.00 secs] 
361.868: Total time for which application threads were stopped: 0.0145540 seconds, Stopping threads took: 0.0140160 seconds
362.037: Application time: 0.1680790 seconds
362.057: [GC [PSYoungGen: 17930K->646K(18432K)] 41580K->24360K(52736K), 0.0004640 secs] [Times: user=0.01 sys=0.00, real=0.00 secs] 
362.057: Total time for which application threads were stopped: 0.0206660 seconds, Stopping threads took: 0.0201340 seconds
362.203: Application time: 0.1456800 seconds
362.233: [GC [PSYoungGen: 17932K->646K(18432K)] 41646K->24408K(52736K), 0.0004290 secs] [Times: user=0.00 sys=0.00, real=0.00 secs] 
362.233: Total time for which application threads were stopped: 0.0301750 seconds, Stopping threads took: 0.0296790 seconds
362.397: Application time: 0.1634580 seconds
362.414: [GC [PSYoungGen: 18008K->646K(18432K)] 41770K->24464K(52736K), 0.0005560 secs] [Times: user=0.00 sys=0.00, real=0.00 secs] 
362.415: Total time for which application threads were stopped: 0.0187760 seconds, Stopping threads took: 0.0170530 seconds
362.575: Application time: 0.1594830 seconds
362.595: [GC [PSYoungGen: 17930K->646K(18432K)] 41748K->24544K(52736K), 0.0004800 secs] [Times: user=0.00 sys=0.00, real=0.00 secs] 
362.596: Total time for which application threads were stopped: 0.0211590 seconds, Stopping threads took: 0.0205880 seconds
362.752: Application time: 0.1556590 seconds
362.765: [GC [PSYoungGen: 17930K->646K(18432K)] 41828K->24600K(52736K), 0.0006690 secs] [Times: user=0.00 sys=0.00, real=0.00 secs] 
362.765: Total time for which application threads were stopped: 0.0135900 seconds, Stopping threads took: 0.0128360 seconds
362.919: Application time: 0.1538770 seconds
362.932: [GC [PSYoungGen: 17930K->646K(18432K)] 41884K->24640K(52736K), 0.0006890 secs] [Times: user=0.01 sys=0.00, real=0.00 secs] 
362.933: Total time for which application threads were stopped: 0.0139200 seconds, Stopping threads took: 0.0131270 seconds
363.089: Application time: 0.1563090 seconds
363.104: [GC [PSYoungGen: 17852K->646K(18432K)] 41846K->24696K(52736K), 0.0005170 secs] [Times: user=0.01 sys=0.00, real=0.00 secs] 
363.105: Total time for which application threads were stopped: 0.0154760 seconds, Stopping threads took: 0.0148860 seconds
363.259: Application time: 0.1543340 seconds
363.270: [GC [PSYoungGen: 17930K->646K(18432K)] 41980K->24696K(52736K), 0.0004560 secs] [Times: user=0.00 sys=0.00, real=0.00 secs] 
363.270: Total time for which application threads were stopped: 0.0113110 seconds, Stopping threads took: 0.0107740 seconds
363.437: Application time: 0.1668960 seconds
363.456: [GC [PSYoungGen: 17932K->614K(18432K)] 41982K->24712K(52736K), 0.0004830 secs] [Times: user=0.00 sys=0.00, real=0.00 secs] 
363.457: Total time for which application threads were stopped: 0.0191850 seconds, Stopping threads took: 0.0186210 seconds
363.609: Application time: 0.1519720 seconds
363.617: [GC [PSYoungGen: 17900K->646K(18432K)] 41998K->24792K(52736K), 0.0006640 secs] [Times: user=0.00 sys=0.00, real=0.00 secs] 
363.617: Total time for which application threads were stopped: 0.0086730 seconds, Stopping threads took: 0.0079200 seconds
363.774: Application time: 0.1568550 seconds
363.786: [GC [PSYoungGen: 18008K->646K(18432K)] 42154K->24840K(52736K), 0.0005710 secs] [Times: user=0.00 sys=0.00, real=0.01 secs] 
363.786: Total time for which application threads were stopped: 0.0121450 seconds, Stopping threads took: 0.0115070 seconds
363.945: Application time: 0.1590780 seconds
363.953: [GC [PSYoungGen: 17930K->614K(18432K)] 42124K->24904K(52736K), 0.0005030 secs] [Times: user=0.00 sys=0.00, real=0.00 secs] 
363.954: Total time for which application threads were stopped: 0.0083080 seconds, Stopping threads took: 0.0077330 seconds
364.111: Application time: 0.1570190 seconds
364.120: [GC [PSYoungGen: 17898K->614K(18432K)] 42188K->24976K(52736K), 0.0004660 secs] [Times: user=0.00 sys=0.00, real=0.00 secs] 
364.120: Total time for which application threads were stopped: 0.0097030 seconds, Stopping threads took: 0.0091580 seconds
364.286: Application time: 0.1656250 seconds
364.293: [GC [PSYoungGen: 17898K->646K(18432K)] 42260K->25080K(52736K), 0.0004660 secs] [Times: user=0.00 sys=0.00, real=0.00 secs] 
364.294: Total time for which application threads were stopped: 0.0077580 seconds, Stopping threads took: 0.0072200 seconds
364.461: Application time: 0.1676390 seconds
364.470: [GC [PSYoungGen: 17852K->646K(18432K)] 42286K->25128K(52736K), 0.0007980 secs] [Times: user=0.00 sys=0.00, real=0.00 secs] 
364.471: Total time for which application threads were stopped: 0.0096620 seconds, Stopping threads took: 0.0087870 seconds
364.646: Application time: 0.1752620 seconds
364.663: [GC [PSYoungGen: 17930K->582K(18432K)] 42412K->25064K(52736K), 0.0004810 secs] [Times: user=0.01 sys=0.00, real=0.00 secs] 
364.664: Total time for which application threads were stopped: 0.0173360 seconds, Stopping threads took: 0.0167730 seconds
364.833: Application time: 0.1689640 seconds
364.838: [GC [PSYoungGen: 17866K->646K(18432K)] 42348K->25200K(52736K), 0.0005930 secs] [Times: user=0.00 sys=0.00, real=0.01 secs] 
364.839: Total time for which application threads were stopped: 0.0060550 seconds, Stopping threads took: 0.0053880 seconds
365.005: Application time: 0.1665790 seconds
365.014: [GC [PSYoungGen: 17930K->646K(18432K)] 42484K->25248K(52736K), 0.0005090 secs] [Times: user=0.00 sys=0.00, real=0.00 secs] 
365.015: Total time for which application threads were stopped: 0.0093100 seconds, Stopping threads took: 0.0087110 seconds
365.189: Application time: 0.1748120 seconds
365.197: [GC [PSYoungGen: 18008K->646K(18432K)] 42611K->25304K(52736K), 0.0006360 secs] [Times: user=0.00 sys=0.00, real=0.00 secs] 
365.198: Total time for which application threads were stopped: 0.0085970 seconds, Stopping threads took: 0.0078780 seconds
365.369: Application time: 0.1711200 seconds
365.375: [GC [PSYoungGen: 17930K->646K(18432K)] 42588K->25393K(52736K), 0.0005510 secs] [Times: user=0.00 sys=0.00, real=0.00 secs] 
365.375: Total time for which application threads were stopped: 0.0063390 seconds, Stopping threads took: 0.0056990 seconds
365.545: Application time: 0.1698570 seconds
365.552: [GC [PSYoungGen: 17930K->582K(18432K)] 42676K->25385K(52736K), 0.0004560 secs] [Times: user=0.00 sys=0.00, real=0.00 secs] 
365.553: Total time for which application threads were stopped: 0.0074300 seconds, Stopping threads took: 0.0069040 seconds
365.720: Application time: 0.1677880 seconds
365.725: [GC [PSYoungGen: 17866K->646K(18432K)] 42668K->25497K(52736K), 0.0004900 secs] [Times: user=0.00 sys=0.00, real=0.00 secs] 
365.726: Total time for which application threads were stopped: 0.0050160 seconds, Stopping threads took: 0.0044440 seconds
365.893: Application time: 0.1674020 seconds
365.905: [GC [PSYoungGen: 17852K->646K(18432K)] 42702K->25545K(52736K), 0.0004980 secs] [Times: user=0.01 sys=0.00, real=0.00 secs] 
365.906: Total time for which application threads were stopped: 0.0127380 seconds, Stopping threads took: 0.0121660 seconds
366.077: Application time: 0.1708590 seconds
366.092: [GC [PSYoungGen: 17930K->582K(18432K)] 42829K->25481K(52736K), 0.0006220 secs] [Times: user=0.00 sys=0.00, real=0.00 secs] 
366.092: Total time for which application threads were stopped: 0.0159410 seconds, Stopping threads took: 0.0152490 seconds
366.259: Application time: 0.1669960 seconds
366.263: [GC [PSYoungGen: 17866K->646K(18432K)] 42764K->25601K(52736K), 0.0005150 secs] [Times: user=0.01 sys=0.00, real=0.00 secs] 
366.264: Total time for which application threads were stopped: 0.0043000 seconds, Stopping threads took: 0.0037080 seconds
366.439: Application time: 0.1757070 seconds
366.450: [GC [PSYoungGen: 17930K->646K(18432K)] 42884K->25665K(52736K), 0.0005070 secs] [Times: user=0.00 sys=0.00, real=0.00 secs] 
366.450: Total time for which application threads were stopped: 0.0105580 seconds, Stopping threads took: 0.0099770 seconds
366.625: Application time: 0.1745680 seconds
366.641: [GC [PSYoungGen: 18008K->646K(18432K)] 43027K->25737K(52736K), 0.0007340 secs] [Times: user=0.00 sys=0.00, real=0.00 secs] 
366.642: Total time for which application threads were stopped: 0.0171180 seconds, Stopping threads took: 0.0162920 seconds
366.809: Application time: 0.1668090 seconds
366.816: [GC [PSYoungGen: 17930K->646K(18432K)] 43021K->25817K(52736K), 0.0005690 secs] [Times: user=0.00 sys=0.00, real=0.00 secs] 
366.816: Total time for which application threads were stopped: 0.0076150 seconds, Stopping threads took: 0.0069550 seconds
366.981: Application time: 0.1651260 seconds
366.990: [GC [PSYoungGen: 17930K->646K(18432K)] 43101K->25865K(52736K), 0.0004840 secs] [Times: user=0.00 sys=0.00, real=0.00 secs] 
366.990: Total time for which application threads were stopped: 0.0088430 seconds, Stopping threads took: 0.0082660 seconds
367.161: Application time: 0.1707070 seconds
367.177: [GC [PSYoungGen: 17930K->646K(18432K)] 43149K->25921K(52736K), 0.0006140 secs] [Times: user=0.00 sys=0.00, real=0.00 secs] 
367.178: Total time for which application threads were stopped: 0.0172110 seconds, Stopping threads took: 0.0165290 seconds
367.344: Application time: 0.1658610 seconds
367.353: [GC [PSYoungGen: 17852K->646K(18432K)] 43127K->25969K(52736K), 0.0005630 secs] [Times: user=0.00 sys=0.00, real=0.00 secs] 
367.354: Total time for which application threads were stopped: 0.0097090 seconds, Stopping threads took: 0.0090440 seconds
367.521: Application time: 0.1673970 seconds
367.528: [GC [PSYoungGen: 17930K->646K(18432K)] 43253K->25969K(52736K), 0.0005650 secs] [Times: user=0.00 sys=0.00, real=0.00 secs] 
367.529: Total time for which application threads were stopped: 0.0076220 seconds, Stopping threads took: 0.0069840 seconds
367.698: Application time: 0.1691360 seconds
367.705: [GC [PSYoungGen: 17930K->646K(18432K)] 43253K->26017K(52736K), 0.0004730 secs] [Times: user=0.00 sys=0.00, real=0.00 secs] 
367.706: Total time for which application threads were stopped: 0.0080700 seconds, Stopping threads took: 0.0075210 seconds
367.886: Application time: 0.1799300 seconds
367.904: [GC [PSYoungGen: 17930K->614K(18432K)] 43301K->26033K(52736K), 0.0005410 secs] [Times: user=0.00 sys=0.00, real=0.00 secs] 
367.905: Total time for which application threads were stopped: 0.0187850 seconds, Stopping threads took: 0.0181400 seconds
368.068: Application time: 0.1634470 seconds
368.076: [GC [PSYoungGen: 17976K->646K(18432K)] 43395K->26105K(52736K), 0.0005090 secs] [Times: user=0.00 sys=0.00, real=0.00 secs] 
368.076: Total time for which application threads were stopped: 0.0080850 seconds, Stopping threads took: 0.0075100 seconds
368.236: Application time: 0.1602880 seconds
368.249: [GC [PSYoungGen: 17930K->646K(18432K)] 43389K->26193K(52736K), 0.0004580 secs] [Times: user=0.00 sys=0.00, real=0.00 secs] 
368.250: Total time for which application threads were stopped: 0.0131110 seconds, Stopping threads took: 0.0125710 seconds
368.412: Application time: 0.1626910 seconds
368.426: [GC [PSYoungGen: 17930K->550K(18432K)] 43477K->26153K(52736K), 0.0004790 secs] [Times: user=0.00 sys=0.00, real=0.01 secs] 
368.427: Total time for which application threads were stopped: 0.0142650 seconds, Stopping threads took: 0.0137110 seconds
368.587: Application time: 0.1604160 seconds
368.595: [GC [PSYoungGen: 17834K->646K(18432K)] 43437K->26297K(52736K), 0.0005120 secs] [Times: user=0.00 sys=0.00, real=0.00 secs] 
368.596: Total time for which application threads were stopped: 0.0088160 seconds, Stopping threads took: 0.0082330 seconds
368.748: Application time: 0.1523030 seconds
368.765: [GC [PSYoungGen: 17930K->614K(18432K)] 43581K->26313K(52736K), 0.0004370 secs] [Times: user=0.00 sys=0.00, real=0.00 secs] 
368.766: Total time for which application threads were stopped: 0.0175030 seconds, Stopping threads took: 0.0169950 seconds
368.923: Application time: 0.1573810 seconds
368.932: [GC [PSYoungGen: 18015K->841K(18432K)] 43714K->26605K(52736K), 0.0005990 secs] [Times: user=0.00 sys=0.00, real=0.00 secs] 
368.932: Total time for which application threads were stopped: 0.0094200 seconds, Stopping threads took: 0.0087250 seconds
369.086: Application time: 0.1540090 seconds
369.097: [GC [PSYoungGen: 17930K->646K(18432K)] 43693K->26409K(52736K), 0.0004660 secs] [Times: user=0.00 sys=0.00, real=0.00 secs] 
369.098: Total time for which application threads were stopped: 0.0115920 seconds, Stopping threads took: 0.0110570 seconds
369.255: Application time: 0.1573510 seconds
369.268: [GC [PSYoungGen: 17930K->614K(18432K)] 43693K->26433K(52736K), 0.0006820 secs] [Times: user=0.00 sys=0.00, real=0.00 secs] 
369.268: Total time for which application threads were stopped: 0.0130780 seconds, Stopping threads took: 0.0123220 seconds
369.428: Application time: 0.1591790 seconds
369.443: [GC [PSYoungGen: 17976K->646K(18432K)] 43795K->26521K(52736K), 0.0006310 secs] [Times: user=0.01 sys=0.00, real=0.00 secs] 
369.444: Total time for which application threads were stopped: 0.0165310 seconds, Stopping threads took: 0.0158050 seconds
369.603: Application time: 0.1593790 seconds
369.616: [GC [PSYoungGen: 17930K->646K(18432K)] 43805K->26617K(52736K), 0.0006210 secs] [Times: user=0.00 sys=0.00, real=0.00 secs] 
369.617: Total time for which application threads were stopped: 0.0130940 seconds, Stopping threads took: 0.0123800 seconds
369.787: Application time: 0.1704400 seconds
369.801: [GC [PSYoungGen: 17930K->646K(18432K)] 43901K->26665K(52736K), 0.0004430 secs] [Times: user=0.01 sys=0.00, real=0.00 secs] 
369.801: Total time for which application threads were stopped: 0.0144520 seconds, Stopping threads took: 0.0139430 seconds
369.960: Application time: 0.1590170 seconds
369.969: [GC [PSYoungGen: 17930K->646K(18432K)] 43949K->26721K(52736K), 0.0004230 secs] [Times: user=0.01 sys=0.00, real=0.00 secs] 
369.969: Total time for which application threads were stopped: 0.0086970 seconds, Stopping threads took: 0.0081950 seconds
370.126: Application time: 0.1571590 seconds
370.138: [GC [PSYoungGen: 17852K->614K(18432K)] 43927K->26745K(52736K), 0.0005200 secs] [Times: user=0.00 sys=0.00, real=0.01 secs] 
370.139: Total time for which application threads were stopped: 0.0122970 seconds, Stopping threads took: 0.0117060 seconds
370.300: Application time: 0.1610230 seconds
370.322: [GC [PSYoungGen: 17898K->550K(18432K)] 44029K->26681K(52736K), 0.0005010 secs] [Times: user=0.00 sys=0.00, real=0.00 secs] 
370.323: Total time for which application threads were stopped: 0.0230950 seconds, Stopping threads took: 0.0225060 seconds
370.489: Application time: 0.1664490 seconds
370.505: [GC [PSYoungGen: 17834K->646K(18432K)] 43965K->26833K(52736K), 0.0008530 secs] [Times: user=0.01 sys=0.00, real=0.00 secs] 
370.506: Total time for which application threads were stopped: 0.0163230 seconds, Stopping threads took: 0.0153620 seconds
370.660: Application time: 0.1542180 seconds
370.672: [GC [PSYoungGen: 18008K->646K(18432K)] 44195K->26881K(52736K), 0.0006030 secs] [Times: user=0.00 sys=0.00, real=0.00 secs] 
370.672: Total time for which application threads were stopped: 0.0124130 seconds, Stopping threads took: 0.0117170 seconds
370.831: Application time: 0.1587940 seconds
370.847: [GC [PSYoungGen: 17932K->646K(18432K)] 44167K->26962K(52736K), 0.0005560 secs] [Times: user=0.00 sys=0.00, real=0.00 secs] 
370.847: Total time for which application threads were stopped: 0.0163540 seconds, Stopping threads took: 0.0157290 seconds
371.011: Application time: 0.1632040 seconds
371.029: [GC [PSYoungGen: 17930K->646K(18432K)] 44245K->27026K(52736K), 0.0005280 secs] [Times: user=0.00 sys=0.00, real=0.00 secs] 
371.029: Total time for which application threads were stopped: 0.0186090 seconds, Stopping threads took: 0.0180030 seconds
371.183: Application time: 0.1541570 seconds
371.197: [GC [PSYoungGen: 17930K->646K(18432K)] 44309K->27082K(52736K), 0.0004820 secs] [Times: user=0.00 sys=0.00, real=0.00 secs] 
371.198: Total time for which application threads were stopped: 0.0146230 seconds, Stopping threads took: 0.0140690 seconds
371.363: Application time: 0.1648690 seconds
371.375: [GC [PSYoungGen: 17930K->646K(18432K)] 44365K->27130K(52736K), 0.0004930 secs] [Times: user=0.00 sys=0.00, real=0.00 secs] 
371.376: Total time for which application threads were stopped: 0.0129950 seconds, Stopping threads took: 0.0124290 seconds
371.528: Application time: 0.1523090 seconds
371.542: [GC [PSYoungGen: 17852K->582K(18432K)] 44335K->27122K(52736K), 0.0006140 secs] [Times: user=0.00 sys=0.00, real=0.00 secs] 
371.543: Total time for which application threads were stopped: 0.0148080 seconds, Stopping threads took: 0.0141190 seconds
371.706: Application time: 0.1632110 seconds
371.727: [GC [PSYoungGen: 17866K->614K(18432K)] 44406K->27154K(52736K), 0.0006040 secs] [Times: user=0.01 sys=0.00, real=0.00 secs] 
371.728: Total time for which application threads were stopped: 0.0217680 seconds, Stopping threads took: 0.0210910 seconds
371.884: Application time: 0.1563830 seconds
371.897: [GC [PSYoungGen: 17898K->646K(18432K)] 44437K->27234K(52736K), 0.0005460 secs] [Times: user=0.01 sys=0.00, real=0.00 secs] 
371.897: Total time for which application threads were stopped: 0.0127450 seconds, Stopping threads took: 0.0121040 seconds
372.064: Application time: 0.1671700 seconds
372.076: [GC [PSYoungGen: 17930K->646K(18432K)] 44517K->27274K(52736K), 0.0005060 secs] [Times: user=0.00 sys=0.00, real=0.00 secs] 
372.076: Total time for which application threads were stopped: 0.0121640 seconds, Stopping threads took: 0.0115820 seconds
372.241: Application time: 0.1643010 seconds
372.260: [GC [PSYoungGen: 18010K->662K(18432K)] 44638K->27338K(52736K), 0.0005220 secs] [Times: user=0.00 sys=0.00, real=0.00 secs] 
372.261: Total time for which application threads were stopped: 0.0201300 seconds, Stopping threads took: 0.0195430 seconds
372.426: Application time: 0.1649360 seconds
372.448: [GC [PSYoungGen: 17946K->630K(18432K)] 44621K->27386K(52736K), 0.0005060 secs] [Times: user=0.00 sys=0.00, real=0.00 secs] 
372.449: Total time for which application threads were stopped: 0.0227390 seconds, Stopping threads took: 0.0221660 seconds
372.612: Application time: 0.1635120 seconds
372.624: [GC [PSYoungGen: 17914K->646K(18432K)] 44670K->27466K(52736K), 0.0005760 secs] [Times: user=0.00 sys=0.00, real=0.00 secs] 
372.625: Total time for which application threads were stopped: 0.0133600 seconds, Stopping threads took: 0.0116990 seconds
372.791: Application time: 0.1652020 seconds
372.803: [GC [PSYoungGen: 17930K->646K(18432K)] 44750K->27514K(52736K), 0.0004760 secs] [Times: user=0.01 sys=0.00, real=0.00 secs] 
372.804: Total time for which application threads were stopped: 0.0130860 seconds, Stopping threads took: 0.0125210 seconds
372.961: Application time: 0.1568110 seconds
372.971: [GC [PSYoungGen: 17852K->582K(18432K)] 44720K->27514K(52736K), 0.0005660 secs] [Times: user=0.00 sys=0.00, real=0.00 secs] 
372.972: Total time for which application threads were stopped: 0.0112140 seconds, Stopping threads took: 0.0105570 seconds
373.134: Application time: 0.1621360 seconds
373.157: [GC [PSYoungGen: 17866K->646K(18432K)] 44798K->27578K(52736K), 0.0005130 secs] [Times: user=0.00 sys=0.00, real=0.00 secs] 
373.158: Total time for which application threads were stopped: 0.0239530 seconds, Stopping threads took: 0.0233400 seconds
373.326: Application time: 0.1686260 seconds
373.337: [GC [PSYoungGen: 17930K->646K(18432K)] 44862K->27634K(52736K), 0.0005240 secs] [Times: user=0.00 sys=0.00, real=0.00 secs] 
373.338: Total time for which application threads were stopped: 0.0112620 seconds, Stopping threads took: 0.0106460 seconds
373.506: Application time: 0.1685030 seconds
373.525: [GC [PSYoungGen: 17932K->646K(18432K)] 44920K->27690K(52736K), 0.0004890 secs] [Times: user=0.00 sys=0.00, real=0.00 secs] 
373.526: Total time for which application threads were stopped: 0.0194930 seconds, Stopping threads took: 0.0189400 seconds
373.689: Application time: 0.1630470 seconds
373.707: [GC [PSYoungGen: 18008K->582K(18432K)] 45052K->27674K(52736K), 0.0005150 secs] [Times: user=0.00 sys=0.00, real=0.00 secs] 
373.708: Total time for which application threads were stopped: 0.0189660 seconds, Stopping threads took: 0.0183760 seconds
373.865: Application time: 0.1573990 seconds
373.871: [GC [PSYoungGen: 17866K->582K(18432K)] 44958K->27762K(52736K), 0.0005280 secs] [Times: user=0.00 sys=0.00, real=0.00 secs] 
373.872: Total time for which application threads were stopped: 0.0066960 seconds, Stopping threads took: 0.0061020 seconds
374.026: Application time: 0.1543740 seconds
374.041: [GC [PSYoungGen: 17866K->646K(18432K)] 45046K->27874K(52736K), 0.0004730 secs] [Times: user=0.00 sys=0.00, real=0.00 secs] 
374.041: Total time for which application threads were stopped: 0.0150730 seconds, Stopping threads took: 0.0145310 seconds
374.209: Application time: 0.1674410 seconds
374.219: [GC [PSYoungGen: 17930K->646K(18432K)] 45158K->27922K(52736K), 0.0006160 secs] [Times: user=0.00 sys=0.00, real=0.00 secs] 
374.220: Total time for which application threads were stopped: 0.0107360 seconds, Stopping threads took: 0.0100210 seconds
374.377: Application time: 0.1576130 seconds
374.389: [GC [PSYoungGen: 17852K->646K(18432K)] 45128K->27978K(52736K), 0.0006380 secs] [Times: user=0.00 sys=0.00, real=0.00 secs] 
374.389: Total time for which application threads were stopped: 0.0123670 seconds, Stopping threads took: 0.0116610 seconds
374.515: Application time: 0.1256600 seconds
374.564: [GC [PSYoungGen: 17930K->646K(18432K)] 45262K->27978K(52736K), 0.0005970 secs] [Times: user=0.00 sys=0.00, real=0.00 secs] 
374.564: Total time for which application threads were stopped: 0.0492760 seconds, Stopping threads took: 0.0485890 seconds
374.724: Application time: 0.1596930 seconds
374.732: [GC [PSYoungGen: 17930K->614K(18432K)] 45262K->28002K(52736K), 0.0007080 secs] [Times: user=0.00 sys=0.00, real=0.00 secs] 
374.733: Total time for which application threads were stopped: 0.0088650 seconds, Stopping threads took: 0.0080800 seconds
374.888: Application time: 0.1546390 seconds
374.899: [GC [PSYoungGen: 17898K->646K(18432K)] 45286K->28082K(52736K), 0.0006770 secs] [Times: user=0.01 sys=0.00, real=0.00 secs] 
374.899: Total time for which application threads were stopped: 0.0118410 seconds, Stopping threads took: 0.0110720 seconds
375.066: Application time: 0.1662350 seconds
375.076: [GC [PSYoungGen: 17891K->435K(18432K)] 45327K->27927K(52736K), 0.0004760 secs] [Times: user=0.00 sys=0.00, real=0.00 secs] 
375.076: Total time for which application threads were stopped: 0.0104500 seconds, Stopping threads took: 0.0099070 seconds
375.242: Application time: 0.1659810 seconds
375.262: [GC [PSYoungGen: 17836K->646K(18432K)] 45328K->28266K(52736K), 0.0006060 secs] [Times: user=0.00 sys=0.00, real=0.00 secs] 
375.263: Total time for which application threads were stopped: 0.0204080 seconds, Stopping threads took: 0.0197090 seconds
375.432: Application time: 0.1693690 seconds
375.440: [GC [PSYoungGen: 17930K->614K(18432K)] 45550K->28234K(52736K), 0.0004530 secs] [Times: user=0.01 sys=0.00, real=0.00 secs] 
375.441: Total time for which application threads were stopped: 0.0087680 seconds, Stopping threads took: 0.0082450 seconds
375.595: Application time: 0.1545660 seconds
375.606: [GC [PSYoungGen: 17898K->646K(18432K)] 45518K->28322K(52736K), 0.0004800 secs] [Times: user=0.00 sys=0.00, real=0.01 secs] 
375.607: Total time for which application threads were stopped: 0.0112230 seconds, Stopping threads took: 0.0106720 seconds
375.766: Application time: 0.1596500 seconds
375.776: [GC [PSYoungGen: 17852K->550K(18432K)] 45528K->28298K(52736K), 0.0004290 secs] [Times: user=0.00 sys=0.00, real=0.00 secs] 
375.776: Total time for which application threads were stopped: 0.0100880 seconds, Stopping threads took: 0.0095770 seconds
375.928: Application time: 0.1516430 seconds
375.944: [GC [PSYoungGen: 17834K->646K(18432K)] 45582K->28394K(52736K), 0.0007350 secs] [Times: user=0.00 sys=0.00, real=0.00 secs] 
375.944: Total time for which application threads were stopped: 0.0165670 seconds, Stopping threads took: 0.0157420 seconds
376.112: Application time: 0.1678400 seconds
376.130: [GC [PSYoungGen: 17930K->582K(18432K)] 45678K->28370K(52736K), 0.0004960 secs] [Times: user=0.00 sys=0.00, real=0.00 secs] 
376.131: Total time for which application threads were stopped: 0.0182800 seconds, Stopping threads took: 0.0177150 seconds
376.294: Application time: 0.1635370 seconds
376.312: [GC [PSYoungGen: 17866K->614K(18432K)] 45654K->28458K(52736K), 0.0007010 secs] [Times: user=0.00 sys=0.00, real=0.00 secs] 
376.313: Total time for which application threads were stopped: 0.0184450 seconds, Stopping threads took: 0.0176450 seconds
376.479: Application time: 0.1665550 seconds
376.489: [GC [PSYoungGen: 17859K->451K(18432K)] 45704K->28351K(52736K), 0.0004780 secs] [Times: user=0.00 sys=0.00, real=0.00 secs] 
376.489: Total time for which application threads were stopped: 0.0103400 seconds, Stopping threads took: 0.0097800 seconds
376.653: Application time: 0.1632710 seconds
376.670: [GC [PSYoungGen: 17852K->646K(18432K)] 45752K->28671K(52736K), 0.0004670 secs] [Times: user=0.00 sys=0.00, real=0.00 secs] 
376.670: Total time for which application threads were stopped: 0.0176170 seconds, Stopping threads took: 0.0170610 seconds
376.836: Application time: 0.1658350 seconds
376.849: [GC [PSYoungGen: 17930K->646K(18432K)] 45954K->28671K(52736K), 0.0006890 secs] [Times: user=0.00 sys=0.00, real=0.00 secs] 
376.850: Total time for which application threads were stopped: 0.0136480 seconds, Stopping threads took: 0.0128630 seconds
377.013: Application time: 0.1626730 seconds
377.024: [GC [PSYoungGen: 17930K->646K(18432K)] 45954K->28727K(52736K), 0.0006500 secs] [Times: user=0.01 sys=0.00, real=0.00 secs] 
377.025: Total time for which application threads were stopped: 0.0120560 seconds, Stopping threads took: 0.0113340 seconds
377.180: Application time: 0.1555090 seconds
377.190: [GC [PSYoungGen: 17852K->582K(18432K)] 45932K->28719K(52736K), 0.0004540 secs] [Times: user=0.00 sys=0.00, real=0.00 secs] 
377.190: Total time for which application threads were stopped: 0.0100520 seconds, Stopping threads took: 0.0095240 seconds
377.344: Application time: 0.1533610 seconds
377.356: [GC [PSYoungGen: 17866K->582K(18432K)] 46003K->28719K(52736K), 0.0007160 secs] [Times: user=0.00 sys=0.00, real=0.00 secs] 
377.356: Total time for which application threads were stopped: 0.0127230 seconds, Stopping threads took: 0.0119090 seconds
377.521: Application time: 0.1650920 seconds
377.529: [GC [PSYoungGen: 17866K->646K(18432K)] 46002K->28823K(52736K), 0.0004910 secs] [Times: user=0.00 sys=0.00, real=0.00 secs] 
377.530: Total time for which application threads were stopped: 0.0084940 seconds, Stopping threads took: 0.0079090 seconds
377.701: Application time: 0.1707860 seconds
377.722: [GC [PSYoungGen: 17930K->646K(18432K)] 46106K->28887K(52736K), 0.0004970 secs] [Times: user=0.00 sys=0.00, real=0.00 secs] 
377.723: Total time for which application threads were stopped: 0.0224990 seconds, Stopping threads took: 0.0208560 seconds
377.883: Application time: 0.1595750 seconds
377.894: [GC [PSYoungGen: 17891K->403K(18432K)] 46132K->28699K(52736K), 0.0004130 secs] [Times: user=0.00 sys=0.00, real=0.00 secs] 
377.894: Total time for which application threads were stopped: 0.0115080 seconds, Stopping threads took: 0.0110160 seconds
378.062: Application time: 0.1676010 seconds
378.078: [GC [PSYoungGen: 17804K->614K(18432K)] 46100K->29023K(52736K), 0.0006310 secs] [Times: user=0.00 sys=0.00, real=0.00 secs] 
378.079: Total time for which application threads were stopped: 0.0172890 seconds, Stopping threads took: 0.0165890 seconds
378.232: Application time: 0.1526840 seconds
378.244: [GC [PSYoungGen: 17900K->614K(18432K)] 46309K->29023K(52736K), 0.0006060 secs] [Times: user=0.00 sys=0.00, real=0.00 secs] 
378.245: Total time for which application threads were stopped: 0.0131110 seconds, Stopping threads took: 0.0124340 seconds
378.408: Application time: 0.1625960 seconds
378.421: [GC [PSYoungGen: 17898K->582K(18432K)] 46307K->29055K(52736K), 0.0004890 secs] [Times: user=0.00 sys=0.00, real=0.00 secs] 
378.421: Total time for which application threads were stopped: 0.0136020 seconds, Stopping threads took: 0.0130170 seconds
378.580: Application time: 0.1589510 seconds
378.588: Total time for which application threads were stopped: 0.0077260 seconds, Stopping threads took: 0.0077000 seconds
378.588: Application time: 0.0001180 seconds
378.588: [GC [PSYoungGen: 17838K->646K(18432K)] 46311K->29175K(52736K), 0.0004920 secs] [Times: user=0.00 sys=0.00, real=0.00 secs] 
378.589: Total time for which application threads were stopped: 0.0006300 seconds, Stopping threads took: 0.0000810 seconds
378.726: Application time: 0.1374690 seconds
378.733: [GC [PSYoungGen: 17851K->582K(18432K)] 46380K->29127K(52736K), 0.0004560 secs] [Times: user=0.00 sys=0.00, real=0.00 secs] 
378.734: Total time for which application threads were stopped: 0.0074630 seconds, Stopping threads took: 0.0069340 seconds
378.806: Application time: 0.0727300 seconds
378.836: Total time for which application threads were stopped: 0.0297400 seconds, Stopping threads took: 0.0297130 seconds
378.836: Application time: 0.0003930 seconds
378.875: Total time for which application threads were stopped: 0.0384430 seconds, Stopping threads took: 0.0384080 seconds
378.942: Application time: 0.0671800 seconds
378.945: Total time for which application threads were stopped: 0.0029930 seconds, Stopping threads took: 0.0029670 seconds
378.945: Application time: 0.0001080 seconds
378.945: [GC [PSYoungGen: 17938K->550K(18432K)] 46483K->29095K(52736K), 0.0004230 secs] [Times: user=0.00 sys=0.00, real=0.00 secs] 
378.946: Total time for which application threads were stopped: 0.0005610 seconds, Stopping threads took: 0.0000860 seconds
378.980: Application time: 0.0340380 seconds
379.009: Total time for which application threads were stopped: 0.0295220 seconds, Stopping threads took: 0.0295050 seconds
379.176: Application time: 0.1672590 seconds
379.194: [GC [PSYoungGen: 17855K->550K(18432K)] 46400K->29111K(52736K), 0.0005570 secs] [Times: user=0.01 sys=0.00, real=0.00 secs] 
379.194: Total time for which application threads were stopped: 0.0176720 seconds, Stopping threads took: 0.0170550 seconds
379.527: Application time: 0.3327730 seconds
379.527: [GC [PSYoungGen: 17958K->997K(18432K)] 46519K->32211K(52736K), 0.0018820 secs] [Times: user=0.01 sys=0.00, real=0.00 secs] 
379.529: Total time for which application threads were stopped: 0.0019840 seconds, Stopping threads took: 0.0000100 seconds
379.529: Application time: 0.0000730 seconds
379.529: Total time for which application threads were stopped: 0.0000390 seconds, Stopping threads took: 0.0000240 seconds
379.529: Application time: 0.0000730 seconds
379.529: Total time for which application threads were stopped: 0.0000500 seconds, Stopping threads took: 0.0000290 seconds
379.529: Application time: 0.0000700 seconds
379.529: Total time for which application threads were stopped: 0.0000260 seconds, Stopping threads took: 0.0000210 seconds
379.529: Application time: 0.0000360 seconds
379.529: Total time for which application threads were stopped: 0.0000220 seconds, Stopping threads took: 0.0000170 seconds
379.529: Application time: 0.0000100 seconds
379.529: Total time for which application threads were stopped: 0.0000090 seconds, Stopping threads took: 0.0000050 seconds
379.529: Application time: 0.0000110 seconds
379.529: Total time for which application threads were stopped: 0.0000160 seconds, Stopping threads took: 0.0000120 seconds
379.529: Application time: 0.0000090 seconds
379.529: Total time for which application threads were stopped: 0.0000140 seconds, Stopping threads took: 0.0000090 seconds
379.529: Application time: 0.0000100 seconds
379.529: Total time for which application threads were stopped: 0.0000140 seconds, Stopping threads took: 0.0000100 seconds
379.529: Application time: 0.0000100 seconds
379.529: Total time for which application threads were stopped: 0.0000170 seconds, Stopping threads took: 0.0000130 seconds
379.529: Application time: 0.0000090 seconds
379.529: Total time for which application threads were stopped: 0.0000190 seconds, Stopping threads took: 0.0000140 seconds
379.529: Application time: 0.0000100 seconds
379.529: Total time for which application threads were stopped: 0.0000160 seconds, Stopping threads took: 0.0000120 seconds
379.530: Application time: 0.0000090 seconds
379.530: Total time for which application threads were stopped: 0.0000160 seconds, Stopping threads took: 0.0000110 seconds
379.530: Application time: 0.0000100 seconds
379.530: Total time for which application threads were stopped: 0.0000130 seconds, Stopping threads took: 0.0000090 seconds
379.530: Application time: 0.0000090 seconds
379.530: Total time for which application threads were stopped: 0.0000140 seconds, Stopping threads took: 0.0000100 seconds
379.530: Application time: 0.0000110 seconds
379.530: Total time for which application threads were stopped: 0.0000170 seconds, Stopping threads took: 0.0000130 seconds
379.530: Application time: 0.0000090 seconds
379.530: Total time for which application threads were stopped: 0.0000170 seconds, Stopping threads took: 0.0000120 seconds
379.530: Application time: 0.0000090 seconds
379.530: Total time for which application threads were stopped: 0.0000140 seconds, Stopping threads took: 0.0000100 seconds
379.530: Application time: 0.0000130 seconds
379.530: Total time for which application threads were stopped: 0.0000150 seconds, Stopping threads took: 0.0000100 seconds
379.530: Application time: 0.0000130 seconds
379.530: Total time for which application threads were stopped: 0.0000170 seconds, Stopping threads took: 0.0000130 seconds
379.530: Application time: 0.0000090 seconds
379.530: Total time for which application threads were stopped: 0.0000350 seconds, Stopping threads took: 0.0000140 seconds
379.530: Application time: 0.0000100 seconds
379.530: Total time for which application threads were stopped: 0.0000210 seconds, Stopping threads took: 0.0000160 seconds
379.530: Application time: 0.0000090 seconds
379.530: Total time for which application threads were stopped: 0.0000130 seconds, Stopping threads took: 0.0000090 seconds
379.530: Application time: 0.0000100 seconds
379.530: Total time for which application threads were stopped: 0.0000170 seconds, Stopping threads took: 0.0000130 seconds
379.530: Application time: 0.0000090 seconds
379.530: Total time for which application threads were stopped: 0.0000140 seconds, Stopping threads took: 0.0000100 seconds
379.530: Application time: 0.0000100 seconds
379.530: Total time for which application threads were stopped: 0.0000140 seconds, Stopping threads took: 0.0000100 seconds
379.530: Application time: 0.0000090 seconds
379.530: Total time for which application threads were stopped: 0.0000160 seconds, Stopping threads took: 0.0000120 seconds
379.530: Application time: 0.0000080 seconds
379.530: Total time for which application threads were stopped: 0.0000080 seconds, Stopping threads took: 0.0000040 seconds
379.530: Application time: 0.0000090 seconds
379.530: Total time for which application threads were stopped: 0.0000140 seconds, Stopping threads took: 0.0000100 seconds
379.530: Application time: 0.0000080 seconds
379.530: Total time for which application threads were stopped: 0.0000420 seconds, Stopping threads took: 0.0000380 seconds
379.530: Application time: 0.0000080 seconds
379.530: Total time for which application threads were stopped: 0.0000080 seconds, Stopping threads took: 0.0000050 seconds
379.530: Application time: 0.0000090 seconds
379.530: Total time for which application threads were stopped: 0.0000450 seconds, Stopping threads took: 0.0000410 seconds
379.530: Application time: 0.0000080 seconds
379.530: Total time for which application threads were stopped: 0.0000080 seconds, Stopping threads took: 0.0000040 seconds
379.530: Application time: 0.0000090 seconds
379.530: Total time for which application threads were stopped: 0.0000070 seconds, Stopping threads took: 0.0000030 seconds
379.530: Application time: 0.0000090 seconds
379.530: Total time for which application threads were stopped: 0.0000080 seconds, Stopping threads took: 0.0000040 seconds
379.530: Application time: 0.0000090 seconds
379.530: Total time for which application threads were stopped: 0.0000170 seconds, Stopping threads took: 0.0000130 seconds
379.530: Application time: 0.0000080 seconds
379.530: Total time for which application threads were stopped: 0.0000130 seconds, Stopping threads took: 0.0000030 seconds
379.530: Application time: 0.0000090 seconds
379.530: Total time for which application threads were stopped: 0.0000140 seconds, Stopping threads took: 0.0000100 seconds
379.530: Application time: 0.0000080 seconds
379.530: Total time for which application threads were stopped: 0.0000130 seconds, Stopping threads took: 0.0000090 seconds
379.530: Application time: 0.0000090 seconds
379.530: Total time for which application threads were stopped: 0.0000150 seconds, Stopping threads took: 0.0000110 seconds
379.530: Application time: 0.0000080 seconds
379.530: Total time for which application threads were stopped: 0.0000190 seconds, Stopping threads took: 0.0000080 seconds
379.804: Application time: 0.2735280 seconds
379.804: [GC [PSYoungGen: 18405K->2047K(18432K)] 49619K->35125K(52736K), 0.0024190 secs] [Times: user=0.01 sys=0.00, real=0.01 secs] 
379.806: [Full GC [PSYoungGen: 2047K->0K(18432K)] [ParOldGen: 33078K->6857K(38912K)] 35125K->6857K(57344K) [PSPermGen: 12549K->12545K(21504K)], 0.0216600 secs] [Times: user=0.09 sys=0.00, real=0.02 secs] 
379.828: Total time for which application threads were stopped: 0.0242380 seconds, Stopping threads took: 0.0000190 seconds
379.828: Application time: 0.0000980 seconds
379.828: Total time for which application threads were stopped: 0.0000630 seconds, Stopping threads took: 0.0000290 seconds
379.828: Application time: 0.0000840 seconds
379.828: Total time for which application threads were stopped: 0.0000310 seconds, Stopping threads took: 0.0000170 seconds
379.828: Application time: 0.0000260 seconds
379.828: Total time for which application threads were stopped: 0.0000310 seconds, Stopping threads took: 0.0000140 seconds
379.829: Application time: 0.0001580 seconds
379.829: Total time for which application threads were stopped: 0.0000190 seconds, Stopping threads took: 0.0000060 seconds
379.829: Application time: 0.0000260 seconds
379.829: Total time for which application threads were stopped: 0.0000180 seconds, Stopping threads took: 0.0000060 seconds
379.829: Application time: 0.0000390 seconds
379.829: Total time for which application threads were stopped: 0.0000170 seconds, Stopping threads took: 0.0000050 seconds
379.992: Application time: 0.1628480 seconds
379.992: Total time for which application threads were stopped: 0.0000610 seconds, Stopping threads took: 0.0000140 seconds
Heap
 PSYoungGen      total 18432K, used 15262K [0x00000000d7480000, 0x00000000d8b80000, 0x0000000100000000)
  eden space 16384K, 93% used [0x00000000d7480000,0x00000000d8367b10,0x00000000d8480000)
  from space 2048K, 0% used [0x00000000d8780000,0x00000000d8780000,0x00000000d8980000)
  to   space 3072K, 0% used [0x00000000d8480000,0x00000000d8480000,0x00000000d8780000)
 ParOldGen       total 38912K, used 6857K [0x0000000085e00000, 0x0000000088400000, 0x00000000d7480000)
  object space 38912K, 17% used [0x0000000085e00000,0x00000000864b2558,0x0000000088400000)
 PSPermGen       total 21504K, used 12862K [0x0000000080c00000, 0x0000000082100000, 0x0000000085e00000)
  object space 21504K, 59% used [0x0000000080c00000,0x000000008188fba0,0x0000000082100000)
379.992: Application time: 0.0001660 seconds
