Java HotSpot(TM) 64-Bit Server VM (24.80-b11) for linux-amd64 JRE (1.7.0_80-b15), built on Apr 10 2015 19:53:14 by "java_re" with gcc 4.3.0 20080428 (Red Hat 4.3.0-8)
Memory: 4k page, physical 8000092k(6133208k free), swap 8218620k(8218620k free)
CommandLine flags: -XX:InitialHeapSize=128001472 -XX:MaxHeapSize=2048023552 -XX:+PrintGC -XX:+PrintGCApplicationConcurrentTime -XX:+PrintGCApplicationStoppedTime -XX:+PrintGCDetails -XX:+PrintGCTimeStamps -XX:+UseCompressedOops -XX:+UseParNewGC 
1.007: Application time: 0.9861350 seconds
1.007: Total time for which application threads were stopped: 0.0000460 seconds, Stopping threads took: 0.0000120 seconds
4.027: Application time: 3.0192640 seconds
4.027: Total time for which application threads were stopped: 0.0000690 seconds, Stopping threads took: 0.0000100 seconds
14.772: Application time: 10.7453340 seconds
14.772: Total time for which application threads were stopped: 0.0000340 seconds, Stopping threads took: 0.0000180 seconds
14.772: Application time: 0.0000800 seconds
14.772: Total time for which application threads were stopped: 0.0000100 seconds, Stopping threads took: 0.0000040 seconds
14.774: Application time: 0.0015090 seconds
14.774: Total time for which application threads were stopped: 0.0000240 seconds, Stopping threads took: 0.0000180 seconds
14.792: Application time: 0.0183700 seconds
14.792: Total time for which application threads were stopped: 0.0000400 seconds, Stopping threads took: 0.0000110 seconds
14.806: Application time: 0.0139750 seconds
14.806: [Full GC14.806: [Tenured: 0K->3145K(83392K), 0.0089060 secs] 11089K->3145K(120896K), [Perm : 5076K->5076K(21248K)], 0.0089630 secs] [Times: user=0.01 sys=0.00, real=0.01 secs] 
14.815: Total time for which application threads were stopped: 0.0090310 seconds, Stopping threads took: 0.0000170 seconds
14.815: Application time: 0.0000790 seconds
14.815: [Full GC14.815: [Tenured: 3145K->3145K(83392K), 0.0058030 secs] 3145K->3145K(120960K), [Perm : 5076K->5076K(21248K)], 0.0058300 secs] [Times: user=0.00 sys=0.00, real=0.01 secs] 
14.821: Total time for which application threads were stopped: 0.0058900 seconds, Stopping threads took: 0.0000180 seconds
14.821: Application time: 0.0001730 seconds
14.821: Total time for which application threads were stopped: 0.0000820 seconds, Stopping threads took: 0.0000480 seconds
14.821: Application time: 0.0000820 seconds
14.822: Total time for which application threads were stopped: 0.0001010 seconds, Stopping threads took: 0.0000680 seconds
14.822: Application time: 0.0000390 seconds
14.822: Total time for which application threads were stopped: 0.0000110 seconds, Stopping threads took: 0.0000070 seconds
14.822: Application time: 0.0000320 seconds
14.822: Total time for which application threads were stopped: 0.0000210 seconds, Stopping threads took: 0.0000170 seconds
14.822: Application time: 0.0000280 seconds
14.822: Total time for which application threads were stopped: 0.0000180 seconds, Stopping threads took: 0.0000140 seconds
14.822: Application time: 0.0000280 seconds
14.822: Total time for which application threads were stopped: 0.0000140 seconds, Stopping threads took: 0.0000100 seconds
14.822: Application time: 0.0000250 seconds
14.822: Total time for which application threads were stopped: 0.0000130 seconds, Stopping threads took: 0.0000090 seconds
14.822: Application time: 0.0000240 seconds
14.822: Total time for which application threads were stopped: 0.0000140 seconds, Stopping threads took: 0.0000100 seconds
14.822: Application time: 0.0000090 seconds
14.822: Total time for which application threads were stopped: 0.0000120 seconds, Stopping threads took: 0.0000080 seconds
14.822: Application time: 0.0000080 seconds
14.822: Total time for which application threads were stopped: 0.0000130 seconds, Stopping threads took: 0.0000090 seconds
14.822: Application time: 0.0000090 seconds
14.822: Total time for which application threads were stopped: 0.0000120 seconds, Stopping threads took: 0.0000080 seconds
14.822: Application time: 0.0000090 seconds
14.822: Total time for which application threads were stopped: 0.0000150 seconds, Stopping threads took: 0.0000110 seconds
14.822: Application time: 0.0000090 seconds
14.822: Total time for which application threads were stopped: 0.0000080 seconds, Stopping threads took: 0.0000050 seconds
14.822: Application time: 0.0000090 seconds
14.822: Total time for which application threads were stopped: 0.0000070 seconds, Stopping threads took: 0.0000040 seconds
14.822: Application time: 0.0000090 seconds
14.822: Total time for which application threads were stopped: 0.0000110 seconds, Stopping threads took: 0.0000080 seconds
14.822: Application time: 0.0000080 seconds
14.822: Total time for which application threads were stopped: 0.0000150 seconds, Stopping threads took: 0.0000110 seconds
14.822: Application time: 0.0000080 seconds
14.822: Total time for which application threads were stopped: 0.0000140 seconds, Stopping threads took: 0.0000100 seconds
14.822: Application time: 0.0000090 seconds
14.822: Total time for which application threads were stopped: 0.0000160 seconds, Stopping threads took: 0.0000120 seconds
14.822: Application time: 0.0000080 seconds
14.822: Total time for which application threads were stopped: 0.0000200 seconds, Stopping threads took: 0.0000160 seconds
14.822: Application time: 0.0000110 seconds
14.822: Total time for which application threads were stopped: 0.0000310 seconds, Stopping threads took: 0.0000110 seconds
14.951: Application time: 0.1292440 seconds
14.951: [GC14.951: [ParNew: 33408K->4159K(37568K), 0.0037320 secs] 36553K->9485K(120960K), 0.0037610 secs] [Times: user=0.02 sys=0.00, real=0.01 secs] 
14.955: Total time for which application threads were stopped: 0.0038300 seconds, Stopping threads took: 0.0000110 seconds
14.955: Application time: 0.0000660 seconds
14.955: Total time for which application threads were stopped: 0.0000280 seconds, Stopping threads took: 0.0000170 seconds
14.955: Application time: 0.0000270 seconds
14.955: Total time for which application threads were stopped: 0.0000090 seconds, Stopping threads took: 0.0000050 seconds
14.955: Application time: 0.0000260 seconds
14.955: Total time for which application threads were stopped: 0.0000140 seconds, Stopping threads took: 0.0000100 seconds
14.955: Application time: 0.0000400 seconds
14.955: Total time for which application threads were stopped: 0.0000170 seconds, Stopping threads took: 0.0000100 seconds
14.955: Application time: 0.0000280 seconds
14.955: Total time for which application threads were stopped: 0.0000140 seconds, Stopping threads took: 0.0000100 seconds
14.956: Application time: 0.0000300 seconds
14.956: Total time for which application threads were stopped: 0.0000180 seconds, Stopping threads took: 0.0000140 seconds
14.956: Application time: 0.0000100 seconds
14.956: Total time for which application threads were stopped: 0.0000100 seconds, Stopping threads took: 0.0000040 seconds
14.956: Application time: 0.0000200 seconds
14.956: Total time for which application threads were stopped: 0.0000130 seconds, Stopping threads took: 0.0000090 seconds
14.956: Application time: 0.0000100 seconds
14.956: Total time for which application threads were stopped: 0.0000140 seconds, Stopping threads took: 0.0000080 seconds
14.956: Application time: 0.0000100 seconds
14.956: Total time for which application threads were stopped: 0.0000150 seconds, Stopping threads took: 0.0000110 seconds
14.956: Application time: 0.0000100 seconds
14.956: Total time for which application threads were stopped: 0.0000120 seconds, Stopping threads took: 0.0000080 seconds
14.956: Application time: 0.0000100 seconds
14.956: Total time for which application threads were stopped: 0.0000150 seconds, Stopping threads took: 0.0000110 seconds
14.956: Application time: 0.0000090 seconds
14.956: Total time for which application threads were stopped: 0.0000230 seconds, Stopping threads took: 0.0000150 seconds
14.956: Application time: 0.0000090 seconds
14.956: Total time for which application threads were stopped: 0.0000150 seconds, Stopping threads took: 0.0000110 seconds
14.956: Application time: 0.0000100 seconds
14.956: Total time for which application threads were stopped: 0.0000140 seconds, Stopping threads took: 0.0000100 seconds
14.956: Application time: 0.0000090 seconds
14.956: Total time for which application threads were stopped: 0.0000080 seconds, Stopping threads took: 0.0000040 seconds
14.956: Application time: 0.0000090 seconds
14.956: Total time for which application threads were stopped: 0.0000080 seconds, Stopping threads took: 0.0000050 seconds
14.956: Application time: 0.0000090 seconds
14.956: Total time for which application threads were stopped: 0.0000140 seconds, Stopping threads took: 0.0000080 seconds
14.956: Application time: 0.0000100 seconds
14.956: Total time for which application threads were stopped: 0.0000140 seconds, Stopping threads took: 0.0000100 seconds
14.956: Application time: 0.0000090 seconds
14.956: Total time for which application threads were stopped: 0.0000130 seconds, Stopping threads took: 0.0000090 seconds
14.956: Application time: 0.0000100 seconds
14.956: Total time for which application threads were stopped: 0.0000160 seconds, Stopping threads took: 0.0000110 seconds
14.956: Application time: 0.0000100 seconds
14.956: Total time for which application threads were stopped: 0.0000150 seconds, Stopping threads took: 0.0000110 seconds
14.956: Application time: 0.0000090 seconds
14.956: Total time for which application threads were stopped: 0.0000120 seconds, Stopping threads took: 0.0000080 seconds
14.956: Application time: 0.0000090 seconds
14.956: Total time for which application threads were stopped: 0.0000150 seconds, Stopping threads took: 0.0000090 seconds
14.956: Application time: 0.0000100 seconds
14.956: Total time for which application threads were stopped: 0.0000090 seconds, Stopping threads took: 0.0000050 seconds
14.956: Application time: 0.0000090 seconds
14.956: Total time for which application threads were stopped: 0.0000130 seconds, Stopping threads took: 0.0000090 seconds
14.956: Application time: 0.0000090 seconds
14.956: Total time for which application threads were stopped: 0.0000110 seconds, Stopping threads took: 0.0000050 seconds
14.956: Application time: 0.0000090 seconds
14.956: Total time for which application threads were stopped: 0.0000190 seconds, Stopping threads took: 0.0000100 seconds
14.956: Application time: 0.0000120 seconds
14.956: Total time for which application threads were stopped: 0.0000150 seconds, Stopping threads took: 0.0000090 seconds
14.956: Application time: 0.0000110 seconds
14.956: Total time for which application threads were stopped: 0.0000180 seconds, Stopping threads took: 0.0000130 seconds
14.956: Application time: 0.0000110 seconds
14.956: Total time for which application threads were stopped: 0.0000170 seconds, Stopping threads took: 0.0000110 seconds
14.956: Application time: 0.0000110 seconds
14.956: Total time for which application threads were stopped: 0.0000170 seconds, Stopping threads took: 0.0000110 seconds
14.956: Application time: 0.0000140 seconds
14.956: Total time for which application threads were stopped: 0.0000150 seconds, Stopping threads took: 0.0000100 seconds
14.956: Application time: 0.0000140 seconds
14.956: Total time for which application threads were stopped: 0.0000170 seconds, Stopping threads took: 0.0000090 seconds
14.956: Application time: 0.0000110 seconds
14.956: Total time for which application threads were stopped: 0.0000150 seconds, Stopping threads took: 0.0000090 seconds
14.956: Application time: 0.0000120 seconds
14.956: Total time for which application threads were stopped: 0.0000140 seconds, Stopping threads took: 0.0000080 seconds
14.956: Application time: 0.0000100 seconds
14.956: Total time for which application threads were stopped: 0.0000140 seconds, Stopping threads took: 0.0000080 seconds
14.956: Application time: 0.0000190 seconds
14.956: Total time for which application threads were stopped: 0.0000190 seconds, Stopping threads took: 0.0000130 seconds
14.956: Application time: 0.0000110 seconds
14.956: Total time for which application threads were stopped: 0.0000260 seconds, Stopping threads took: 0.0000210 seconds
14.956: Application time: 0.0000110 seconds
14.956: Total time for which application threads were stopped: 0.0000170 seconds, Stopping threads took: 0.0000090 seconds
15.064: Application time: 0.1072330 seconds
15.064: [GC15.064: [ParNew: 37567K->4160K(37568K), 0.0040030 secs] 42893K->11865K(120960K), 0.0040350 secs] [Times: user=0.01 sys=0.00, real=0.00 secs] 
15.068: Total time for which application threads were stopped: 0.0041090 seconds, Stopping threads took: 0.0000140 seconds
15.068: Application time: 0.0001050 seconds
15.068: Total time for which application threads were stopped: 0.0000460 seconds, Stopping threads took: 0.0000310 seconds
15.068: Application time: 0.0000470 seconds
15.068: Total time for which application threads were stopped: 0.0000370 seconds, Stopping threads took: 0.0000220 seconds
15.068: Application time: 0.0000340 seconds
15.068: Total time for which application threads were stopped: 0.0000190 seconds, Stopping threads took: 0.0000120 seconds
15.068: Application time: 0.0000380 seconds
15.068: Total time for which application threads were stopped: 0.0000240 seconds, Stopping threads took: 0.0000140 seconds
15.068: Application time: 0.0000380 seconds
15.068: Total time for which application threads were stopped: 0.0000170 seconds, Stopping threads took: 0.0000110 seconds
15.068: Application time: 0.0000140 seconds
15.068: Total time for which application threads were stopped: 0.0000220 seconds, Stopping threads took: 0.0000140 seconds
15.068: Application time: 0.0000230 seconds
15.068: Total time for which application threads were stopped: 0.0000180 seconds, Stopping threads took: 0.0000120 seconds
15.068: Application time: 0.0000130 seconds
15.068: Total time for which application threads were stopped: 0.0000230 seconds, Stopping threads took: 0.0000140 seconds
15.068: Application time: 0.0000160 seconds
15.068: Total time for which application threads were stopped: 0.0000240 seconds, Stopping threads took: 0.0000140 seconds
15.068: Application time: 0.0000160 seconds
15.068: Total time for which application threads were stopped: 0.0000280 seconds, Stopping threads took: 0.0000140 seconds
15.068: Application time: 0.0000140 seconds
15.068: Total time for which application threads were stopped: 0.0000140 seconds, Stopping threads took: 0.0000090 seconds
15.068: Application time: 0.0000380 seconds
15.069: Total time for which application threads were stopped: 0.0000210 seconds, Stopping threads took: 0.0000140 seconds
15.069: Application time: 0.0000140 seconds
15.069: Total time for which application threads were stopped: 0.0000110 seconds, Stopping threads took: 0.0000060 seconds
15.069: Application time: 0.0000150 seconds
15.069: Total time for which application threads were stopped: 0.0000220 seconds, Stopping threads took: 0.0000140 seconds
15.069: Application time: 0.0000120 seconds
15.069: Total time for which application threads were stopped: 0.0000220 seconds, Stopping threads took: 0.0000110 seconds
15.069: Application time: 0.0000130 seconds
15.069: Total time for which application threads were stopped: 0.0000210 seconds, Stopping threads took: 0.0000110 seconds
15.069: Application time: 0.0000110 seconds
15.069: Total time for which application threads were stopped: 0.0000180 seconds, Stopping threads took: 0.0000100 seconds
15.069: Application time: 0.0000130 seconds
15.069: Total time for which application threads were stopped: 0.0000190 seconds, Stopping threads took: 0.0000120 seconds
15.069: Application time: 0.0000120 seconds
15.069: Total time for which application threads were stopped: 0.0000200 seconds, Stopping threads took: 0.0000140 seconds
15.069: Application time: 0.0000150 seconds
15.069: Total time for which application threads were stopped: 0.0000280 seconds, Stopping threads took: 0.0000160 seconds
15.222: Application time: 0.1534990 seconds
15.222: Total time for which application threads were stopped: 0.0000600 seconds, Stopping threads took: 0.0000100 seconds
15.323: Application time: 0.1003520 seconds
15.323: [GC15.323: [ParNew: 37568K->4160K(37568K), 0.0044610 secs] 45273K->18750K(120960K), 0.0045080 secs] [Times: user=0.03 sys=0.00, real=0.00 secs] 
15.327: Total time for which application threads were stopped: 0.0045990 seconds, Stopping threads took: 0.0000120 seconds
15.646: Application time: 0.3189920 seconds
15.646: [GC15.646: [ParNew: 37568K->4160K(37568K), 0.0083210 secs] 52158K->30062K(120960K), 0.0083610 secs] [Times: user=0.06 sys=0.00, real=0.01 secs] 
15.655: Total time for which application threads were stopped: 0.0084950 seconds, Stopping threads took: 0.0000140 seconds
15.655: Application time: 0.0002020 seconds
15.655: Total time for which application threads were stopped: 0.0001030 seconds, Stopping threads took: 0.0000710 seconds
15.655: Application time: 0.0000190 seconds
15.655: Total time for which application threads were stopped: 0.0000570 seconds, Stopping threads took: 0.0000390 seconds
15.655: Application time: 0.0000180 seconds
15.655: Total time for which application threads were stopped: 0.0000240 seconds, Stopping threads took: 0.0000140 seconds
15.655: Application time: 0.0000130 seconds
15.655: Total time for which application threads were stopped: 0.0000240 seconds, Stopping threads took: 0.0000140 seconds
15.853: Application time: 0.1974170 seconds
15.853: [GC15.853: [ParNew: 37568K->4160K(37568K), 0.0081030 secs] 63470K->41722K(120960K), 0.0081410 secs] [Times: user=0.05 sys=0.01, real=0.01 secs] 
15.861: Total time for which application threads were stopped: 0.0082530 seconds, Stopping threads took: 0.0000160 seconds
15.861: Application time: 0.0001230 seconds
15.861: Total time for which application threads were stopped: 0.0000880 seconds, Stopping threads took: 0.0000470 seconds
15.861: Application time: 0.0000180 seconds
15.861: Total time for which application threads were stopped: 0.0000340 seconds, Stopping threads took: 0.0000070 seconds
15.861: Application time: 0.0000150 seconds
15.861: Total time for which application threads were stopped: 0.0000210 seconds, Stopping threads took: 0.0000060 seconds
15.861: Application time: 0.0000370 seconds
15.861: Total time for which application threads were stopped: 0.0000310 seconds, Stopping threads took: 0.0000060 seconds
15.861: Application time: 0.0000100 seconds
15.861: Total time for which application threads were stopped: 0.0000230 seconds, Stopping threads took: 0.0000050 seconds
16.236: Application time: 0.3745230 seconds
16.236: Total time for which application threads were stopped: 0.0000620 seconds, Stopping threads took: 0.0000130 seconds
16.393: Application time: 0.1565930 seconds
16.393: [GC16.393: [ParNew: 37568K->4160K(37568K), 0.0086980 secs] 75130K->51624K(120960K), 0.0087390 secs] [Times: user=0.05 sys=0.01, real=0.01 secs] 
16.401: Total time for which application threads were stopped: 0.0088750 seconds, Stopping threads took: 0.0000160 seconds
16.835: Application time: 0.4334440 seconds
16.835: Total time for which application threads were stopped: 0.0001400 seconds, Stopping threads took: 0.0000260 seconds
17.099: Application time: 0.2640720 seconds
17.099: [GC17.099: [ParNew: 37568K->4099K(37568K), 0.0064050 secs] 85032K->55708K(120960K), 0.0064500 secs] [Times: user=0.04 sys=0.00, real=0.01 secs] 
17.106: Total time for which application threads were stopped: 0.0066240 seconds, Stopping threads took: 0.0000180 seconds
17.457: Application time: 0.3512060 seconds
17.457: [GC17.457: [ParNew: 37507K->4160K(37568K), 0.0059000 secs] 89116K->59068K(120960K), 0.0059480 secs] [Times: user=0.04 sys=0.00, real=0.01 secs] 
17.463: Total time for which application threads were stopped: 0.0061300 seconds, Stopping threads took: 0.0000160 seconds
17.469: Application time: 0.0064560 seconds
17.470: Total time for which application threads were stopped: 0.0000500 seconds, Stopping threads took: 0.0000260 seconds
17.479: Application time: 0.0095620 seconds
17.479: Total time for which application threads were stopped: 0.0000590 seconds, Stopping threads took: 0.0000390 seconds
17.506: Application time: 0.0266280 seconds
17.506: [GC17.506: [ParNew: 37568K->4160K(37568K), 0.0090470 secs] 92476K->70042K(120960K), 0.0091030 secs] [Times: user=0.06 sys=0.00, real=0.01 secs] 
17.515: Total time for which application threads were stopped: 0.0092430 seconds, Stopping threads took: 0.0000640 seconds
17.551: Application time: 0.0362620 seconds
17.551: [GC17.551: [ParNew: 37568K->4160K(37568K), 0.0089630 secs] 103450K->82288K(120960K), 0.0090220 secs] [Times: user=0.07 sys=0.00, real=0.02 secs] 
17.560: Total time for which application threads were stopped: 0.0091790 seconds, Stopping threads took: 0.0000690 seconds
17.596: Application time: 0.0353660 seconds
17.596: [GC17.596: [ParNew: 37568K->4160K(37568K), 0.0112410 secs]17.607: [Tenured: 91489K->67770K(91736K), 0.0875380 secs] 115696K->67770K(129304K), [Perm : 8574K->8574K(21248K)], 0.0988870 secs] [Times: user=0.19 sys=0.01, real=0.10 secs] 
17.695: Total time for which application threads were stopped: 0.0990190 seconds, Stopping threads took: 0.0000700 seconds
17.752: Application time: 0.0571850 seconds
17.752: [GC17.752: [ParNew: 45312K->5632K(50944K), 0.0096930 secs] 113082K->84604K(163896K), 0.0097410 secs] [Times: user=0.08 sys=0.00, real=0.02 secs] 
17.762: Total time for which application threads were stopped: 0.0099120 seconds, Stopping threads took: 0.0000840 seconds
17.826: Application time: 0.0644120 seconds
17.826: [GC17.827: [ParNew: 50944K->5632K(50944K), 0.0143570 secs] 129916K->101173K(163896K), 0.0144000 secs] [Times: user=0.09 sys=0.01, real=0.02 secs] 
17.841: Total time for which application threads were stopped: 0.0145450 seconds, Stopping threads took: 0.0000590 seconds
17.912: Application time: 0.0713690 seconds
17.912: [GC17.912: [ParNew: 50944K->5632K(50944K), 0.0125450 secs] 146485K->116162K(163896K), 0.0126020 secs] [Times: user=0.10 sys=0.00, real=0.02 secs] 
17.925: Total time for which application threads were stopped: 0.0127590 seconds, Stopping threads took: 0.0000650 seconds
17.964: Application time: 0.0391000 seconds
17.964: [GC17.964: [ParNew: 50944K->5632K(50944K), 0.0097810 secs]17.974: [Tenured: 120886K->120268K(121016K), 0.1723610 secs] 161474K->120268K(171960K), [Perm : 8597K->8587K(21248K)], 0.1822920 secs] [Times: user=0.25 sys=0.00, real=0.18 secs] 
18.147: Total time for which application threads were stopped: 0.1824340 seconds, Stopping threads took: 0.0000760 seconds
18.274: Application time: 0.1278220 seconds
18.275: [GC18.275: [ParNew: 80320K->9984K(90304K), 0.0418860 secs] 200588K->158390K(290752K), 0.0419330 secs] [Times: user=0.32 sys=0.01, real=0.04 secs] 
18.317: Total time for which application threads were stopped: 0.0421800 seconds, Stopping threads took: 0.0001420 seconds
18.615: Application time: 0.2980750 seconds
18.615: [GC18.615: [ParNew: 90304K->9984K(90304K), 0.0293410 secs] 238710K->183582K(290752K), 0.0293850 secs] [Times: user=0.23 sys=0.01, real=0.03 secs] 
18.644: Total time for which application threads were stopped: 0.0295940 seconds, Stopping threads took: 0.0000550 seconds
18.962: Application time: 0.3180230 seconds
18.963: [GC18.963: [ParNew: 90304K->8944K(90304K), 0.0140980 secs] 263902K->192494K(290752K), 0.0141420 secs] [Times: user=0.11 sys=0.00, real=0.01 secs] 
18.977: Total time for which application threads were stopped: 0.0144060 seconds, Stopping threads took: 0.0000940 seconds
19.234: Application time: 0.2574360 seconds
19.234: [GC19.234: [ParNew: 89264K->9984K(90304K), 0.0198140 secs] 272814K->198820K(290752K), 0.0198620 secs] [Times: user=0.15 sys=0.00, real=0.02 secs] 
19.254: Total time for which application threads were stopped: 0.0200950 seconds, Stopping threads took: 0.0001070 seconds
19.463: Application time: 0.2086100 seconds
19.463: [GC19.463: [ParNew: 90304K->9984K(90304K), 0.0158020 secs] 279140K->204956K(290752K), 0.0158490 secs] [Times: user=0.13 sys=0.00, real=0.01 secs] 
19.479: Total time for which application threads were stopped: 0.0160590 seconds, Stopping threads took: 0.0000780 seconds
19.795: Application time: 0.3164240 seconds
19.797: [GC19.797: [ParNew: 90304K->7076K(90304K), 0.0172840 secs] 285276K->207497K(290752K), 0.0173340 secs] [Times: user=0.14 sys=0.00, real=0.02 secs] 
19.814: Total time for which application threads were stopped: 0.0186360 seconds, Stopping threads took: 0.0011320 seconds
20.015: Application time: 0.2007230 seconds
20.015: [GC20.015: [ParNew: 87396K->9984K(90304K), 0.0146270 secs]20.030: [Tenured: 206455K->124980K(206784K), 0.2081740 secs] 287817K->124980K(297088K), [Perm : 8837K->8837K(21248K)], 0.2228950 secs] [Times: user=0.31 sys=0.00, real=0.22 secs] 
20.238: Total time for which application threads were stopped: 0.2230720 seconds, Stopping threads took: 0.0000940 seconds
20.364: Application time: 0.1261140 seconds
20.364: [GC20.364: [ParNew: 83520K->10368K(93888K), 0.0109820 secs] 208500K->142287K(302192K), 0.0110270 secs] [Times: user=0.08 sys=0.00, real=0.01 secs] 
20.375: Total time for which application threads were stopped: 0.0112110 seconds, Stopping threads took: 0.0000910 seconds
20.438: Application time: 0.0628800 seconds
20.438: [GC20.438: [ParNew: 93816K->10368K(93888K), 0.0202140 secs] 225735K->165463K(302192K), 0.0202630 secs] [Times: user=0.16 sys=0.00, real=0.02 secs] 
20.458: Total time for which application threads were stopped: 0.0204470 seconds, Stopping threads took: 0.0000920 seconds
20.535: Application time: 0.0762910 seconds
20.535: [GC20.535: [ParNew: 93873K->10368K(93888K), 0.0231360 secs] 248968K->187041K(302192K), 0.0231800 secs] [Times: user=0.18 sys=0.00, real=0.02 secs] 
20.558: Total time for which application threads were stopped: 0.0233620 seconds, Stopping threads took: 0.0000950 seconds
20.604: Application time: 0.0455550 seconds
20.604: [GC20.604: [ParNew: 93888K->10368K(93888K), 0.0243510 secs] 270561K->214879K(302192K), 0.0243990 secs] [Times: user=0.19 sys=0.00, real=0.02 secs] 
20.629: Total time for which application threads were stopped: 0.0251110 seconds, Stopping threads took: 0.0005860 seconds
20.686: Application time: 0.0576200 seconds
20.689: [GC20.689: [ParNew: 93888K->10368K(93888K), 0.0287920 secs]20.717: [Tenured: 233303K->160816K(233840K), 0.2484680 secs] 298399K->160816K(327728K), [Perm : 8887K->8887K(21248K)], 0.2774130 secs] [Times: user=0.54 sys=0.01, real=0.28 secs] 
20.966: Total time for which application threads were stopped: 0.2796230 seconds, Stopping threads took: 0.0021270 seconds
21.135: Application time: 0.1686470 seconds
21.135: [GC21.135: [ParNew: 107328K->13376K(120704K), 0.0244370 secs] 268144K->196582K(388736K), 0.0244830 secs] [Times: user=0.19 sys=0.00, real=0.02 secs] 
21.159: Total time for which application threads were stopped: 0.0246860 seconds, Stopping threads took: 0.0000500 seconds
21.414: Application time: 0.2551660 seconds
21.415: [GC21.415: [ParNew: 120704K->13376K(120704K), 0.0220570 secs] 303910K->210170K(388736K), 0.0221010 secs] [Times: user=0.17 sys=0.00, real=0.02 secs] 
21.437: Total time for which application threads were stopped: 0.0222820 seconds, Stopping threads took: 0.0000580 seconds
21.742: Application time: 0.3055430 seconds
21.743: [GC21.743: [ParNew: 120704K->11157K(120704K), 0.0168580 secs] 317498K->218270K(388736K), 0.0169020 secs] [Times: user=0.13 sys=0.00, real=0.01 secs] 
21.759: Total time for which application threads were stopped: 0.0171210 seconds, Stopping threads took: 0.0000610 seconds
22.020: Application time: 0.2608310 seconds
22.025: [GC22.025: [ParNew: 118485K->10809K(120704K), 0.0200960 secs] 325598K->225202K(388736K), 0.0201380 secs] [Times: user=0.15 sys=0.00, real=0.02 secs] 
22.045: Total time for which application threads were stopped: 0.0244490 seconds, Stopping threads took: 0.0042250 seconds
22.262: Application time: 0.2175420 seconds
22.262: [GC22.262: [ParNew: 118137K->13376K(120704K), 0.0196640 secs] 332530K->234568K(388736K), 0.0197120 secs] [Times: user=0.16 sys=0.00, real=0.02 secs] 
22.282: Total time for which application threads were stopped: 0.0199010 seconds, Stopping threads took: 0.0000810 seconds
22.369: Application time: 0.0867600 seconds
22.369: [GC22.369: [ParNew: 120690K->13376K(120704K), 0.0240920 secs] 341883K->257582K(388736K), 0.0241380 secs] [Times: user=0.18 sys=0.00, real=0.03 secs] 
22.393: Total time for which application threads were stopped: 0.0243020 seconds, Stopping threads took: 0.0000730 seconds
22.475: Application time: 0.0821320 seconds
22.476: [GC22.476: [ParNew: 120704K->13376K(120704K), 0.0269900 secs]22.503: [Tenured: 272694K->131762K(272832K), 0.1951430 secs] 364910K->131762K(393536K), [Perm : 8955K->8955K(21248K)], 0.2223730 secs] [Times: user=0.39 sys=0.01, real=0.22 secs] 
22.698: Total time for which application threads were stopped: 0.2225300 seconds, Stopping threads took: 0.0000830 seconds
22.790: Application time: 0.0917500 seconds
22.790: [GC22.790: [ParNew: 107201K->13376K(120704K), 0.0258120 secs] 238964K->165490K(388736K), 0.0258630 secs] [Times: user=0.20 sys=0.00, real=0.03 secs] 
22.816: Total time for which application threads were stopped: 0.0261040 seconds, Stopping threads took: 0.0001060 seconds
22.893: Application time: 0.0772180 seconds
22.893: [GC22.893: [ParNew: 120704K->13376K(120704K), 0.0352970 secs] 272818K->199396K(388736K), 0.0353530 secs] [Times: user=0.28 sys=0.01, real=0.03 secs] 
22.929: Total time for which application threads were stopped: 0.0355360 seconds, Stopping threads took: 0.0000910 seconds
23.055: Application time: 0.1266190 seconds
23.055: [GC23.055: [ParNew: 120704K->13376K(120704K), 0.0324350 secs] 306724K->226279K(388736K), 0.0324820 secs] [Times: user=0.25 sys=0.01, real=0.03 secs] 
23.088: Total time for which application threads were stopped: 0.0326180 seconds, Stopping threads took: 0.0000550 seconds
23.264: Application time: 0.1763630 seconds
23.264: [GC23.265: [ParNew: 120704K->13376K(120704K), 0.0360950 secs] 333607K->239356K(388736K), 0.0361410 secs] [Times: user=0.28 sys=0.00, real=0.04 secs] 
23.301: Total time for which application threads were stopped: 0.0365260 seconds, Stopping threads took: 0.0002990 seconds
23.448: Application time: 0.1477660 seconds
23.449: [GC23.449: [ParNew: 120704K->11701K(120704K), 0.0258290 secs] 346684K->248739K(388736K), 0.0258710 secs] [Times: user=0.20 sys=0.00, real=0.03 secs] 
23.474: Total time for which application threads were stopped: 0.0260220 seconds, Stopping threads took: 0.0000620 seconds
23.558: Application time: 0.0838230 seconds
23.561: [GC23.561: [ParNew: 119029K->11026K(120704K), 0.0171160 secs] 356067K->255517K(388736K), 0.0171600 secs] [Times: user=0.13 sys=0.00, real=0.01 secs] 
23.578: Total time for which application threads were stopped: 0.0194160 seconds, Stopping threads took: 0.0021910 seconds
23.641: Application time: 0.0635290 seconds
23.641: [GC23.641: [ParNew: 118258K->13376K(120704K), 0.0173660 secs] 362748K->266819K(388736K), 0.0174130 secs] [Times: user=0.14 sys=0.00, real=0.01 secs] 
23.659: Total time for which application threads were stopped: 0.0176200 seconds, Stopping threads took: 0.0001360 seconds
23.736: Application time: 0.0770470 seconds
23.736: [GC23.736: [ParNew: 120704K->13376K(120704K), 0.0220040 secs]23.758: [Tenured: 273086K->96974K(273452K), 0.1750800 secs] 374147K->96974K(394156K), [Perm : 8996K->8991K(21248K)], 0.1973330 secs] [Times: user=0.35 sys=0.00, real=0.20 secs] 
23.933: Total time for which application threads were stopped: 0.1975010 seconds, Stopping threads took: 0.0001000 seconds
23.972: Application time: 0.0387290 seconds
23.972: [GC23.972: [ParNew: 107328K->13376K(120704K), 0.0162380 secs] 204302K->127835K(388736K), 0.0162890 secs] [Times: user=0.12 sys=0.00, real=0.02 secs] 
23.989: Total time for which application threads were stopped: 0.0165210 seconds, Stopping threads took: 0.0001360 seconds
24.036: Application time: 0.0473270 seconds
24.041: [GC24.041: [ParNew: 120704K->13376K(120704K), 0.0300530 secs] 235163K->162253K(388736K), 0.0301030 secs] [Times: user=0.24 sys=0.00, real=0.02 secs] 
24.071: Total time for which application threads were stopped: 0.0346740 seconds, Stopping threads took: 0.0044970 seconds
24.117: Application time: 0.0467520 seconds
24.118: [GC24.118: [ParNew: 120602K->13376K(120704K), 0.0297660 secs] 269480K->196340K(388736K), 0.0298100 secs] [Times: user=0.24 sys=0.00, real=0.03 secs] 
24.147: Total time for which application threads were stopped: 0.0300340 seconds, Stopping threads took: 0.0001510 seconds
24.219: Application time: 0.0718840 seconds
24.219: [GC24.220: [ParNew: 120704K->13376K(120704K), 0.0285940 secs] 303668K->221934K(388736K), 0.0286430 secs] [Times: user=0.23 sys=0.00, real=0.03 secs] 
24.248: Total time for which application threads were stopped: 0.0288300 seconds, Stopping threads took: 0.0001030 seconds
24.335: Application time: 0.0866480 seconds
24.335: [GC24.335: [ParNew: 120704K->13329K(120704K), 0.0215370 secs] 329262K->235000K(388736K), 0.0215820 secs] [Times: user=0.17 sys=0.00, real=0.02 secs] 
24.357: Total time for which application threads were stopped: 0.0217470 seconds, Stopping threads took: 0.0000960 seconds
24.445: Application time: 0.0881440 seconds
24.445: [GC24.445: [ParNew: 120657K->11207K(120704K), 0.0171460 secs] 342328K->242954K(388736K), 0.0171950 secs] [Times: user=0.14 sys=0.00, real=0.02 secs] 
24.462: Total time for which application threads were stopped: 0.0173500 seconds, Stopping threads took: 0.0000780 seconds
24.542: Application time: 0.0800790 seconds
24.542: [GC24.542: [ParNew: 118535K->12983K(120704K), 0.0201470 secs] 350282K->252175K(388736K), 0.0201920 secs] [Times: user=0.15 sys=0.00, real=0.02 secs] 
24.563: Total time for which application threads were stopped: 0.0204090 seconds, Stopping threads took: 0.0001280 seconds
24.634: Application time: 0.0716310 seconds
24.637: [GC24.637: [ParNew: 120274K->13376K(120704K), 0.0177820 secs] 359465K->263233K(388736K), 0.0178260 secs] [Times: user=0.14 sys=0.00, real=0.02 secs] 
24.654: Total time for which application threads were stopped: 0.0202300 seconds, Stopping threads took: 0.0022900 seconds
24.701: Application time: 0.0468380 seconds
24.702: [GC24.702: [ParNew: 120704K->13376K(120704K), 0.0235170 secs]24.726: [Tenured: 276324K->121789K(277056K), 0.1902930 secs] 370561K->121789K(397760K), [Perm : 9008K->9008K(21248K)], 0.2141590 secs] [Times: user=0.37 sys=0.00, real=0.21 secs] 
24.916: Total time for which application threads were stopped: 0.2151200 seconds, Stopping threads took: 0.0008940 seconds
24.969: Application time: 0.0525520 seconds
24.969: [GC24.969: [ParNew: 107328K->13376K(120704K), 0.0209400 secs] 229117K->153645K(388736K), 0.0209860 secs] [Times: user=0.17 sys=0.00, real=0.02 secs] 
24.990: Total time for which application threads were stopped: 0.0212080 seconds, Stopping threads took: 0.0000890 seconds
25.032: Application time: 0.0421460 seconds
25.032: [GC25.032: [ParNew: 120698K->13376K(120704K), 0.0271880 secs] 260967K->185616K(388736K), 0.0272380 secs] [Times: user=0.21 sys=0.00, real=0.02 secs] 
25.060: Total time for which application threads were stopped: 0.0274250 seconds, Stopping threads took: 0.0001170 seconds
25.118: Application time: 0.0587540 seconds
25.119: [GC25.119: [ParNew: 120704K->13376K(120704K), 0.0323630 secs] 292944K->216562K(388736K), 0.0324080 secs] [Times: user=0.26 sys=0.00, real=0.03 secs] 
25.151: Total time for which application threads were stopped: 0.0326300 seconds, Stopping threads took: 0.0001330 seconds
25.221: Application time: 0.0699500 seconds
25.222: [GC25.222: [ParNew: 120704K->13376K(120704K), 0.0263950 secs] 323890K->238141K(388736K), 0.0264390 secs] [Times: user=0.21 sys=0.00, real=0.02 secs] 
25.248: Total time for which application threads were stopped: 0.0271580 seconds, Stopping threads took: 0.0005970 seconds
25.321: Application time: 0.0724360 seconds
25.321: [GC25.321: [ParNew: 120704K->13370K(120704K), 0.0216810 secs] 345469K->251076K(388736K), 0.0217240 secs] [Times: user=0.17 sys=0.00, real=0.02 secs] 
25.343: Total time for which application threads were stopped: 0.0219620 seconds, Stopping threads took: 0.0001700 seconds
25.414: Application time: 0.0713190 seconds
25.414: [GC25.414: [ParNew: 120698K->11203K(120704K), 0.0214840 secs] 358404K->259095K(388736K), 0.0215300 secs] [Times: user=0.17 sys=0.00, real=0.02 secs] 
25.436: Total time for which application threads were stopped: 0.0217720 seconds, Stopping threads took: 0.0001000 seconds
25.508: Application time: 0.0718790 seconds
25.508: [GC25.508: [ParNew: 118531K->13376K(120704K), 0.0192770 secs] 366423K->269760K(388736K), 0.0193350 secs] [Times: user=0.15 sys=0.00, real=0.02 secs] 
25.527: Total time for which application threads were stopped: 0.0194980 seconds, Stopping threads took: 0.0000890 seconds
25.587: Application time: 0.0599860 seconds
25.589: [GC25.589: [ParNew: 120704K->13376K(120704K), 0.0291620 secs]25.618: [Tenured: 275798K->121417K(276480K), 0.1844920 secs] 377088K->121417K(397184K), [Perm : 9015K->9015K(21248K)], 0.2139800 secs] [Times: user=0.40 sys=0.00, real=0.22 secs] 
25.803: Total time for which application threads were stopped: 0.2155010 seconds, Stopping threads took: 0.0014110 seconds
25.849: Application time: 0.0463720 seconds
25.849: [GC25.849: [ParNew: 107328K->13376K(120704K), 0.0178620 secs] 228745K->151440K(388736K), 0.0179060 secs] [Times: user=0.14 sys=0.00, real=0.02 secs] 
25.867: Total time for which application threads were stopped: 0.0181010 seconds, Stopping threads took: 0.0001170 seconds
25.921: Application time: 0.0539150 seconds
25.925: [GC25.925: [ParNew: 120704K->13376K(120704K), 0.0271720 secs] 258768K->182989K(388736K), 0.0272180 secs] [Times: user=0.21 sys=0.00, real=0.02 secs] 
25.952: Total time for which application threads were stopped: 0.0308290 seconds, Stopping threads took: 0.0034800 seconds
26.020: Application time: 0.0682150 seconds
26.020: [GC26.020: [ParNew: 120704K->13376K(120704K), 0.0259630 secs] 290317K->204068K(388736K), 0.0260190 secs] [Times: user=0.20 sys=0.00, real=0.03 secs] 
26.046: Total time for which application threads were stopped: 0.0262540 seconds, Stopping threads took: 0.0001580 seconds
26.098: Application time: 0.0514280 seconds
26.098: [GC26.098: [ParNew: 120704K->13376K(120704K), 0.0279820 secs] 311396K->231519K(388736K), 0.0280350 secs] [Times: user=0.22 sys=0.00, real=0.03 secs] 
26.126: Total time for which application threads were stopped: 0.0282020 seconds, Stopping threads took: 0.0000890 seconds
26.188: Application time: 0.0621190 seconds
26.188: [GC26.188: [ParNew: 120704K->13376K(120704K), 0.0238930 secs] 338847K->252650K(388736K), 0.0239420 secs] [Times: user=0.19 sys=0.00, real=0.02 secs] 
26.212: Total time for which application threads were stopped: 0.0241150 seconds, Stopping threads took: 0.0000930 seconds
26.292: Application time: 0.0797520 seconds
26.292: [GC26.292: [ParNew: 120704K->13374K(120704K), 0.0202490 secs] 359978K->265340K(388736K), 0.0202980 secs] [Times: user=0.16 sys=0.00, real=0.02 secs] 
26.312: Total time for which application threads were stopped: 0.0204560 seconds, Stopping threads took: 0.0000850 seconds
26.397: Application time: 0.0846100 seconds
26.401: [GC26.401: [ParNew: 120702K->13376K(120704K), 0.0205390 secs] 372668K->275239K(388736K), 0.0205860 secs] [Times: user=0.15 sys=0.00, real=0.02 secs] 
26.421: Total time for which application threads were stopped: 0.0241640 seconds, Stopping threads took: 0.0035020 seconds
26.486: Application time: 0.0651600 seconds
26.487: [GC26.487: [ParNew: 120704K->13376K(120704K), 0.0230210 secs]26.510: [Tenured: 275512K->135435K(276288K), 0.2138000 secs] 382567K->135435K(396992K), [Perm : 9016K->9016K(21248K)], 0.2371530 secs] [Times: user=0.39 sys=0.00, real=0.24 secs] 
26.724: Total time for which application threads were stopped: 0.2374020 seconds, Stopping threads took: 0.0001810 seconds
26.787: Application time: 0.0628730 seconds
26.787: [GC26.787: [ParNew: 107328K->13376K(120704K), 0.0150970 secs] 242763K->156498K(388736K), 0.0151430 secs] [Times: user=0.12 sys=0.00, real=0.02 secs] 
26.802: Total time for which application threads were stopped: 0.0152730 seconds, Stopping threads took: 0.0000590 seconds
26.847: Application time: 0.0448940 seconds
26.849: [GC26.849: [ParNew: 120704K->13376K(120704K), 0.0238400 secs] 263826K->182444K(388736K), 0.0238950 secs] [Times: user=0.17 sys=0.01, real=0.03 secs] 
26.872: Total time for which application threads were stopped: 0.0256870 seconds, Stopping threads took: 0.0017130 seconds
26.911: Application time: 0.0382700 seconds
26.911: [GC26.911: [ParNew: 120545K->13376K(120704K), 0.0260130 secs] 289613K->215880K(388736K), 0.0260660 secs] [Times: user=0.21 sys=0.00, real=0.03 secs] 
26.937: Total time for which application threads were stopped: 0.0262730 seconds, Stopping threads took: 0.0001240 seconds
26.981: Application time: 0.0444380 seconds
26.982: [GC26.982: [ParNew: 120704K->13376K(120704K), 0.0313790 secs] 323208K->249546K(388736K), 0.0314250 secs] [Times: user=0.25 sys=0.00, real=0.03 secs] 
27.013: Total time for which application threads were stopped: 0.0315940 seconds, Stopping threads took: 0.0001070 seconds
27.073: Application time: 0.0599540 seconds
27.073: [GC27.073: [ParNew: 120704K->13376K(120704K), 0.0247210 secs] 356874K->265971K(388736K), 0.0247630 secs] [Times: user=0.19 sys=0.00, real=0.02 secs] 
27.098: Total time for which application threads were stopped: 0.0249130 seconds, Stopping threads took: 0.0000830 seconds
27.148: Application time: 0.0501620 seconds
27.148: [GC27.148: [ParNew: 120704K->13376K(120704K), 0.0200200 secs] 373299K->280893K(388736K), 0.0200670 secs] [Times: user=0.16 sys=0.00, real=0.02 secs] 
27.168: Total time for which application threads were stopped: 0.0203300 seconds, Stopping threads took: 0.0001700 seconds
27.231: Application time: 0.0623060 seconds
27.231: [GC27.231: [ParNew: 120704K->13376K(120704K), 0.0196710 secs]27.251: [Tenured: 280810K->134806K(280896K), 0.2339360 secs] 388221K->134806K(401600K), [Perm : 9018K->9017K(21248K)], 0.2540970 secs] [Times: user=0.38 sys=0.01, real=0.26 secs] 
27.485: Total time for which application threads were stopped: 0.2542510 seconds, Stopping threads took: 0.0000900 seconds
27.546: Application time: 0.0613360 seconds
27.547: [GC27.547: [ParNew: 107328K->13376K(120704K), 0.0111270 secs] 242134K->150577K(388736K), 0.0111740 secs] [Times: user=0.09 sys=0.00, real=0.01 secs] 
27.558: Total time for which application threads were stopped: 0.0114090 seconds, Stopping threads took: 0.0001230 seconds
27.612: Application time: 0.0538500 seconds
27.612: [GC27.612: [ParNew: 120704K->13376K(120704K), 0.0201290 secs] 257905K->166251K(388736K), 0.0201730 secs] [Times: user=0.16 sys=0.00, real=0.02 secs] 
27.632: Total time for which application threads were stopped: 0.0203370 seconds, Stopping threads took: 0.0000960 seconds
27.674: Application time: 0.0419570 seconds
27.674: [GC27.674: [ParNew: 120704K->13376K(120704K), 0.0234130 secs] 273579K->189738K(388736K), 0.0234590 secs] [Times: user=0.18 sys=0.00, real=0.02 secs] 
27.698: Total time for which application threads were stopped: 0.0236670 seconds, Stopping threads took: 0.0001400 seconds
27.738: Application time: 0.0399870 seconds
27.738: [GC27.738: [ParNew: 120704K->13376K(120704K), 0.0249410 secs] 297066K->219178K(388736K), 0.0249860 secs] [Times: user=0.20 sys=0.00, real=0.03 secs] 
27.763: Total time for which application threads were stopped: 0.0254080 seconds, Stopping threads took: 0.0003380 seconds
27.808: Application time: 0.0451200 seconds
27.808: [GC27.808: [ParNew: 120704K->13376K(120704K), 0.0279920 secs] 326506K->248177K(388736K), 0.0280340 secs] [Times: user=0.22 sys=0.00, real=0.03 secs] 
27.836: Total time for which application threads were stopped: 0.0281890 seconds, Stopping threads took: 0.0000850 seconds
27.882: Application time: 0.0452350 seconds
27.882: [GC27.882: [ParNew: 120687K->13376K(120704K), 0.0251680 secs] 355489K->271902K(388736K), 0.0252130 secs] [Times: user=0.20 sys=0.00, real=0.02 secs] 
27.907: Total time for which application threads were stopped: 0.0254210 seconds, Stopping threads took: 0.0001420 seconds
27.956: Application time: 0.0495080 seconds
27.957: [GC27.957: [ParNew: 120704K->13376K(120704K), 0.0225230 secs]27.979: [Tenured: 279807K->155133K(280128K), 0.2467920 secs] 379230K->155133K(400832K), [Perm : 9022K->9022K(21248K)], 0.2697830 secs] [Times: user=0.43 sys=0.00, real=0.27 secs] 
28.226: Total time for which application threads were stopped: 0.2699200 seconds, Stopping threads took: 0.0000680 seconds
28.283: Application time: 0.0567270 seconds
28.283: [GC28.283: [ParNew: 107328K->13376K(120704K), 0.0155510 secs] 262461K->173400K(388736K), 0.0156050 secs] [Times: user=0.13 sys=0.00, real=0.01 secs] 
28.299: Total time for which application threads were stopped: 0.0157950 seconds, Stopping threads took: 0.0001130 seconds
28.357: Application time: 0.0585240 seconds
28.358: [GC28.358: [ParNew: 120704K->13374K(120704K), 0.0186430 secs] 280728K->186476K(388736K), 0.0186860 secs] [Times: user=0.15 sys=0.00, real=0.02 secs] 
28.376: Total time for which application threads were stopped: 0.0188780 seconds, Stopping threads took: 0.0001330 seconds
28.430: Application time: 0.0532370 seconds
28.430: [GC28.430: [ParNew: 120702K->13376K(120704K), 0.0186640 secs] 293804K->198640K(388736K), 0.0187120 secs] [Times: user=0.14 sys=0.00, real=0.02 secs] 
28.448: Total time for which application threads were stopped: 0.0188610 seconds, Stopping threads took: 0.0000810 seconds
28.513: Application time: 0.0643090 seconds
28.517: [GC28.517: [ParNew: 120704K->13376K(120704K), 0.0214630 secs] 305968K->217981K(388736K), 0.0215060 secs] [Times: user=0.17 sys=0.00, real=0.02 secs] 
28.538: Total time for which application threads were stopped: 0.0256040 seconds, Stopping threads took: 0.0040160 seconds
28.585: Application time: 0.0465430 seconds
28.585: [GC28.585: [ParNew: 120704K->13376K(120704K), 0.0224620 secs] 325309K->240302K(388736K), 0.0225080 secs] [Times: user=0.18 sys=0.00, real=0.02 secs] 
28.608: Total time for which application threads were stopped: 0.0228080 seconds, Stopping threads took: 0.0002100 seconds
28.651: Application time: 0.0430510 seconds
28.651: [GC28.651: [ParNew: 120704K->13376K(120704K), 0.0255110 secs] 347630K->268319K(388736K), 0.0255550 secs] [Times: user=0.20 sys=0.00, real=0.03 secs] 
28.676: Total time for which application threads were stopped: 0.0257060 seconds, Stopping threads took: 0.0000740 seconds
28.717: Application time: 0.0402090 seconds
28.717: [GC28.717: [ParNew: 120704K->13376K(120704K), 0.0249100 secs]28.742: [Tenured: 280946K->144123K(281280K), 0.2164880 secs] 375647K->144123K(401984K), [Perm : 9024K->9024K(21248K)], 0.2419010 secs] [Times: user=0.42 sys=0.00, real=0.24 secs] 
28.959: Total time for which application threads were stopped: 0.2420710 seconds, Stopping threads took: 0.0001070 seconds
29.004: Application time: 0.0449540 seconds
29.004: [GC29.004: [ParNew: 107199K->13376K(120704K), 0.0180960 secs] 251323K->171413K(388736K), 0.0181410 secs] [Times: user=0.14 sys=0.00, real=0.02 secs] 
29.022: Total time for which application threads were stopped: 0.0183400 seconds, Stopping threads took: 0.0001210 seconds
29.070: Application time: 0.0479870 seconds
29.070: [GC29.070: [ParNew: 120704K->13376K(120704K), 0.0240610 secs] 278741K->193368K(388736K), 0.0241070 secs] [Times: user=0.19 sys=0.00, real=0.03 secs] 
29.094: Total time for which application threads were stopped: 0.0243010 seconds, Stopping threads took: 0.0001280 seconds
29.153: Application time: 0.0582900 seconds
29.157: [GC29.157: [ParNew: 120704K->13376K(120704K), 0.0219660 secs] 300696K->207245K(388736K), 0.0220110 secs] [Times: user=0.17 sys=0.00, real=0.02 secs] 
29.179: Total time for which application threads were stopped: 0.0260080 seconds, Stopping threads took: 0.0039310 seconds
29.234: Application time: 0.0551860 seconds
29.234: [GC29.234: [ParNew: 120704K->13376K(120704K), 0.0195600 secs] 314573K->220822K(388736K), 0.0196100 secs] [Times: user=0.15 sys=0.00, real=0.02 secs] 
29.254: Total time for which application threads were stopped: 0.0197580 seconds, Stopping threads took: 0.0000720 seconds
29.309: Application time: 0.0553690 seconds
29.309: [GC29.309: [ParNew: 120704K->13376K(120704K), 0.0203260 secs] 328150K->236570K(388736K), 0.0203700 secs] [Times: user=0.16 sys=0.00, real=0.02 secs] 
29.329: Total time for which application threads were stopped: 0.0205400 seconds, Stopping threads took: 0.0001050 seconds
29.379: Application time: 0.0496910 seconds
29.379: [GC29.379: [ParNew: 120704K->13376K(120704K), 0.0210310 secs] 343898K->253764K(388736K), 0.0210840 secs] [Times: user=0.17 sys=0.00, real=0.02 secs] 
29.400: Total time for which application threads were stopped: 0.0212670 seconds, Stopping threads took: 0.0001040 seconds
29.442: Application time: 0.0412770 seconds
29.442: [GC29.442: [ParNew: 120704K->13376K(120704K), 0.0232010 secs] 361092K->279117K(388736K), 0.0232430 secs] [Times: user=0.19 sys=0.00, real=0.02 secs] 
29.465: Total time for which application threads were stopped: 0.0234000 seconds, Stopping threads took: 0.0000900 seconds
29.505: Application time: 0.0403140 seconds
29.506: [GC29.506: [ParNew: 120704K->13376K(120704K), 0.0268830 secs]29.533: [Tenured: 295743K->145991K(296064K), 0.2173850 secs] 386445K->145991K(416768K), [Perm : 9033K->9033K(21248K)], 0.2451870 secs] [Times: user=0.42 sys=0.00, real=0.24 secs] 
29.751: Total time for which application threads were stopped: 0.2453890 seconds, Stopping threads took: 0.0001290 seconds
29.795: Application time: 0.0443010 seconds
29.795: [GC29.795: [ParNew: 107328K->13376K(120704K), 0.0181590 secs] 253319K->172630K(388736K), 0.0182030 secs] [Times: user=0.15 sys=0.00, real=0.02 secs] 
29.813: Total time for which application threads were stopped: 0.0183490 seconds, Stopping threads took: 0.0000830 seconds
29.858: Application time: 0.0444430 seconds
29.858: [GC29.858: [ParNew: 120704K->13376K(120704K), 0.0245740 secs] 279958K->196606K(388736K), 0.0246160 secs] [Times: user=0.20 sys=0.00, real=0.03 secs] 
29.883: Total time for which application threads were stopped: 0.0247730 seconds, Stopping threads took: 0.0000950 seconds
29.937: Application time: 0.0537980 seconds
29.939: [GC29.939: [ParNew: 120704K->13376K(120704K), 0.0247320 secs] 303934K->218215K(388736K), 0.0247780 secs] [Times: user=0.19 sys=0.00, real=0.03 secs] 
29.963: Total time for which application threads were stopped: 0.0268650 seconds, Stopping threads took: 0.0020250 seconds
30.036: Application time: 0.0730910 seconds
30.037: [GC30.037: [ParNew: 120704K->13376K(120704K), 0.0214450 secs] 325543K->231065K(388736K), 0.0214880 secs] [Times: user=0.17 sys=0.00, real=0.02 secs] 
30.058: Total time for which application threads were stopped: 0.0215800 seconds, Stopping threads took: 0.0000180 seconds
30.118: Application time: 0.0602070 seconds
30.118: [GC30.118: [ParNew: 120704K->13376K(120704K), 0.0201890 secs] 338393K->245738K(388736K), 0.0202330 secs] [Times: user=0.16 sys=0.00, real=0.02 secs] 
30.139: Total time for which application threads were stopped: 0.0204280 seconds, Stopping threads took: 0.0001290 seconds
30.193: Application time: 0.0541060 seconds
30.193: [GC30.193: [ParNew: 120704K->13376K(120704K), 0.0205350 secs] 353066K->261299K(388736K), 0.0205770 secs] [Times: user=0.16 sys=0.00, real=0.02 secs] 
30.214: Total time for which application threads were stopped: 0.0207450 seconds, Stopping threads took: 0.0000990 seconds
30.258: Application time: 0.0446280 seconds
30.258: [GC30.258: [ParNew: 120704K->13376K(120704K), 0.0211760 secs] 368627K->279964K(388736K), 0.0212190 secs] [Times: user=0.17 sys=0.00, real=0.02 secs] 
30.280: Total time for which application threads were stopped: 0.0213710 seconds, Stopping threads took: 0.0000880 seconds
30.319: Application time: 0.0396070 seconds
30.319: [GC30.319: [ParNew: 120704K->13376K(120704K), 0.0246280 secs]30.344: [Tenured: 294517K->123896K(294720K), 0.2054090 secs] 387292K->123896K(415424K), [Perm : 9035K->9035K(21248K)], 0.2309340 secs] [Times: user=0.39 sys=0.01, real=0.23 secs] 
30.550: Total time for which application threads were stopped: 0.2310950 seconds, Stopping threads took: 0.0000950 seconds
30.592: Application time: 0.0414700 seconds
30.592: [GC30.592: [ParNew: 107328K->13376K(120704K), 0.0186470 secs] 231224K->152995K(388736K), 0.0186890 secs] [Times: user=0.15 sys=0.00, real=0.02 secs] 
30.611: Total time for which application threads were stopped: 0.0188330 seconds, Stopping threads took: 0.0000670 seconds
30.653: Application time: 0.0428180 seconds
30.654: [GC30.654: [ParNew: 120704K->13376K(120704K), 0.0269550 secs] 260323K->181066K(388736K), 0.0270010 secs] [Times: user=0.21 sys=0.00, real=0.03 secs] 
30.681: Total time for which application threads were stopped: 0.0272830 seconds, Stopping threads took: 0.0002130 seconds
30.734: Application time: 0.0536780 seconds
30.734: [GC30.734: [ParNew: 120704K->13376K(120704K), 0.0239120 secs] 288394K->198221K(388736K), 0.0239550 secs] [Times: user=0.19 sys=0.00, real=0.02 secs] 
30.758: Total time for which application threads were stopped: 0.0241130 seconds, Stopping threads took: 0.0000960 seconds
30.808: Application time: 0.0498170 seconds
30.808: [GC30.808: [ParNew: 120704K->13374K(120704K), 0.0219640 secs] 305549K->214272K(388736K), 0.0220110 secs] [Times: user=0.17 sys=0.01, real=0.02 secs] 
30.830: Total time for which application threads were stopped: 0.0221910 seconds, Stopping threads took: 0.0001090 seconds
30.881: Application time: 0.0505150 seconds
30.881: [GC30.881: [ParNew: 120702K->13376K(120704K), 0.0215470 secs] 321600K->233591K(388736K), 0.0215910 secs] [Times: user=0.17 sys=0.00, real=0.02 secs] 
30.903: Total time for which application threads were stopped: 0.0217470 seconds, Stopping threads took: 0.0000930 seconds
30.956: Application time: 0.0528370 seconds
30.956: [GC30.956: [ParNew: 120704K->13374K(120704K), 0.0216860 secs] 340919K->249013K(388736K), 0.0217290 secs] [Times: user=0.17 sys=0.00, real=0.02 secs] 
30.978: Total time for which application threads were stopped: 0.0219800 seconds, Stopping threads took: 0.0001660 seconds
31.028: Application time: 0.0500050 seconds
31.028: [GC31.028: [ParNew: 120702K->13376K(120704K), 0.0204050 secs] 356341K->264659K(388736K), 0.0204500 secs] [Times: user=0.16 sys=0.00, real=0.02 secs] 
31.048: Total time for which application threads were stopped: 0.0206300 seconds, Stopping threads took: 0.0001160 seconds
31.098: Application time: 0.0494830 seconds
31.098: [GC31.098: [ParNew: 120704K->13376K(120704K), 0.0229140 secs]31.121: [Tenured: 272895K->123513K(273408K), 0.1868380 secs] 371987K->123513K(394112K), [Perm : 9042K->9042K(21248K)], 0.2100040 secs] [Times: user=0.36 sys=0.00, real=0.21 secs] 
31.308: Total time for which application threads were stopped: 0.2102130 seconds, Stopping threads took: 0.0001310 seconds
31.345: Application time: 0.0369890 seconds
31.345: [GC31.345: [ParNew: 107328K->13376K(120704K), 0.0147700 secs] 230841K->150164K(388736K), 0.0148150 secs] [Times: user=0.12 sys=0.00, real=0.01 secs] 
31.360: Total time for which application threads were stopped: 0.0149650 seconds, Stopping threads took: 0.0000850 seconds
31.401: Application time: 0.0413920 seconds
31.401: [GC31.401: [ParNew: 120704K->13376K(120704K), 0.0275490 secs] 257492K->181807K(388736K), 0.0275920 secs] [Times: user=0.22 sys=0.00, real=0.02 secs] 
31.429: Total time for which application threads were stopped: 0.0277700 seconds, Stopping threads took: 0.0001140 seconds
31.475: Application time: 0.0455600 seconds
31.475: [GC31.475: [ParNew: 120704K->13376K(120704K), 0.0261780 secs] 289135K->205340K(388736K), 0.0262210 secs] [Times: user=0.21 sys=0.00, real=0.03 secs] 
31.501: Total time for which application threads were stopped: 0.0263490 seconds, Stopping threads took: 0.0000640 seconds
31.557: Application time: 0.0557670 seconds
31.557: [GC31.557: [ParNew: 120704K->13374K(120704K), 0.0218210 secs] 312668K->220171K(388736K), 0.0218650 secs] [Times: user=0.18 sys=0.00, real=0.02 secs] 
31.579: Total time for which application threads were stopped: 0.0221500 seconds, Stopping threads took: 0.0002020 seconds
31.626: Application time: 0.0473140 seconds
31.626: [GC31.626: [ParNew: 120702K->13376K(120704K), 0.0205750 secs] 327499K->237352K(388736K), 0.0206190 secs] [Times: user=0.16 sys=0.00, real=0.02 secs] 
31.647: Total time for which application threads were stopped: 0.0207930 seconds, Stopping threads took: 0.0000990 seconds
31.696: Application time: 0.0489430 seconds
31.696: [GC31.696: [ParNew: 120704K->13376K(120704K), 0.0227240 secs] 344680K->258480K(388736K), 0.0227700 secs] [Times: user=0.18 sys=0.00, real=0.02 secs] 
31.719: Total time for which application threads were stopped: 0.0229380 seconds, Stopping threads took: 0.0000950 seconds
31.774: Application time: 0.0550330 seconds
31.774: [GC31.774: [ParNew: 120704K->13376K(120704K), 0.0200830 secs] 365808K->272229K(388736K), 0.0201280 secs] [Times: user=0.16 sys=0.00, real=0.02 secs] 
31.794: Total time for which application threads were stopped: 0.0203680 seconds, Stopping threads took: 0.0001550 seconds
31.844: Application time: 0.0496090 seconds
31.844: [GC31.844: [ParNew: 120704K->13376K(120704K), 0.0208470 secs]31.865: [Tenured: 275422K->129175K(276288K), 0.2002480 secs] 379557K->129175K(396992K), [Perm : 9048K->9048K(21248K)], 0.2214190 secs] [Times: user=0.37 sys=0.00, real=0.22 secs] 
32.065: Total time for which application threads were stopped: 0.2215630 seconds, Stopping threads took: 0.0000810 seconds
32.109: Application time: 0.0439070 seconds
32.109: [GC32.109: [ParNew: 107328K->13376K(120704K), 0.0155900 secs] 236503K->154133K(388736K), 0.0156360 secs] [Times: user=0.13 sys=0.00, real=0.02 secs] 
32.125: Total time for which application threads were stopped: 0.0157890 seconds, Stopping threads took: 0.0000890 seconds
32.165: Application time: 0.0394740 seconds
32.165: [GC32.165: [ParNew: 120704K->13376K(120704K), 0.0235130 secs] 261461K->180958K(388736K), 0.0235580 secs] [Times: user=0.19 sys=0.00, real=0.02 secs] 
32.188: Total time for which application threads were stopped: 0.0237560 seconds, Stopping threads took: 0.0001280 seconds
32.229: Application time: 0.0407030 seconds
32.229: [GC32.229: [ParNew: 120704K->13376K(120704K), 0.0279030 secs] 288286K->211791K(388736K), 0.0279500 secs] [Times: user=0.22 sys=0.00, real=0.03 secs] 
32.257: Total time for which application threads were stopped: 0.0281000 seconds, Stopping threads took: 0.0000850 seconds
32.308: Application time: 0.0511040 seconds
32.308: [GC32.308: [ParNew: 120704K->13376K(120704K), 0.0265790 secs] 319119K->233396K(388736K), 0.0266240 secs] [Times: user=0.21 sys=0.00, real=0.03 secs] 
32.335: Total time for which application threads were stopped: 0.0268200 seconds, Stopping threads took: 0.0001300 seconds
32.390: Application time: 0.0546310 seconds
32.390: [GC32.390: [ParNew: 120704K->13376K(120704K), 0.0221850 secs] 340724K->248223K(388736K), 0.0222310 secs] [Times: user=0.16 sys=0.01, real=0.02 secs] 
32.412: Total time for which application threads were stopped: 0.0223970 seconds, Stopping threads took: 0.0001010 seconds
32.459: Application time: 0.0464330 seconds
32.459: [GC32.459: [ParNew: 120647K->13376K(120704K), 0.0219700 secs] 355494K->267442K(388736K), 0.0220150 secs] [Times: user=0.17 sys=0.00, real=0.03 secs] 
32.481: Total time for which application threads were stopped: 0.0221720 seconds, Stopping threads took: 0.0000950 seconds
32.538: Application time: 0.0572770 seconds
32.538: [GC32.538: [ParNew: 120704K->13376K(120704K), 0.0226990 secs]32.561: [Tenured: 271442K->149963K(271680K), 0.2340110 secs] 374770K->149963K(392384K), [Perm : 9049K->9049K(21248K)], 0.2569150 secs] [Times: user=0.41 sys=0.00, real=0.26 secs] 
32.795: Total time for which application threads were stopped: 0.2570540 seconds, Stopping threads took: 0.0000730 seconds
32.845: Application time: 0.0496330 seconds
32.845: [GC32.845: [ParNew: 107328K->13376K(120704K), 0.0121160 secs] 257291K->166697K(388736K), 0.0121610 secs] [Times: user=0.09 sys=0.00, real=0.01 secs] 
32.857: Total time for which application threads were stopped: 0.0124310 seconds, Stopping threads took: 0.0001730 seconds
32.907: Application time: 0.0498200 seconds
32.907: [GC32.907: [ParNew: 120704K->13376K(120704K), 0.0217470 secs] 274025K->185853K(388736K), 0.0217920 secs] [Times: user=0.17 sys=0.00, real=0.02 secs] 
32.929: Total time for which application threads were stopped: 0.0219570 seconds, Stopping threads took: 0.0000900 seconds
32.971: Application time: 0.0419870 seconds
32.973: [GC32.973: [ParNew: 120704K->13376K(120704K), 0.0237780 secs] 293181K->210367K(388736K), 0.0238240 secs] [Times: user=0.19 sys=0.00, real=0.02 secs] 
32.996: Total time for which application threads were stopped: 0.0254910 seconds, Stopping threads took: 0.0015880 seconds
33.036: Application time: 0.0399300 seconds
33.036: [GC33.036: [ParNew: 120704K->13376K(120704K), 0.0243750 secs] 317695K->238005K(388736K), 0.0244190 secs] [Times: user=0.20 sys=0.00, real=0.03 secs] 
33.061: Total time for which application threads were stopped: 0.0245650 seconds, Stopping threads took: 0.0000840 seconds
33.102: Application time: 0.0415570 seconds
33.103: [GC33.103: [ParNew: 120704K->13376K(120704K), 0.0267590 secs] 345333K->266251K(388736K), 0.0268040 secs] [Times: user=0.21 sys=0.00, real=0.02 secs] 
33.129: Total time for which application threads were stopped: 0.0269880 seconds, Stopping threads took: 0.0001200 seconds
33.183: Application time: 0.0531110 seconds
33.183: [GC33.183: [ParNew: 120704K->13376K(120704K), 0.0236730 secs]33.206: [Tenured: 270082K->139163K(270144K), 0.2326830 secs] 373579K->139163K(390848K), [Perm : 9049K->9049K(21248K)], 0.2565210 secs] [Times: user=0.42 sys=0.00, real=0.25 secs] 
33.439: Total time for which application threads were stopped: 0.2567140 seconds, Stopping threads took: 0.0001300 seconds
33.487: Application time: 0.0475940 seconds
33.487: [GC33.487: [ParNew: 107328K->13376K(120704K), 0.0114490 secs] 246491K->155822K(388736K), 0.0114930 secs] [Times: user=0.09 sys=0.00, real=0.01 secs] 
33.499: Total time for which application threads were stopped: 0.0116990 seconds, Stopping threads took: 0.0001300 seconds
33.550: Application time: 0.0517680 seconds
33.551: [GC33.551: [ParNew: 120704K->13376K(120704K), 0.0208920 secs] 263150K->173057K(388736K), 0.0209370 secs] [Times: user=0.16 sys=0.00, real=0.02 secs] 
33.572: Total time for which application threads were stopped: 0.0212440 seconds, Stopping threads took: 0.0002220 seconds
33.622: Application time: 0.0508050 seconds
33.623: [GC33.623: [ParNew: 120704K->13376K(120704K), 0.0211180 secs] 280385K->189345K(388736K), 0.0211630 secs] [Times: user=0.17 sys=0.00, real=0.02 secs] 
33.644: Total time for which application threads were stopped: 0.0213710 seconds, Stopping threads took: 0.0001430 seconds
33.694: Application time: 0.0504090 seconds
33.694: [GC33.694: [ParNew: 120641K->13376K(120704K), 0.0214120 secs] 296610K->206882K(388736K), 0.0214590 secs] [Times: user=0.17 sys=0.00, real=0.02 secs] 
33.716: Total time for which application threads were stopped: 0.0216670 seconds, Stopping threads took: 0.0001420 seconds
33.761: Application time: 0.0450230 seconds
33.761: [GC33.761: [ParNew: 120704K->13376K(120704K), 0.0236040 secs] 314210K->230613K(388736K), 0.0236480 secs] [Times: user=0.19 sys=0.00, real=0.02 secs] 
33.785: Total time for which application threads were stopped: 0.0238180 seconds, Stopping threads took: 0.0001060 seconds
33.828: Application time: 0.0429950 seconds
33.828: [GC33.828: [ParNew: 120704K->13376K(120704K), 0.0245590 secs] 337941K->256675K(388736K), 0.0246020 secs] [Times: user=0.19 sys=0.00, real=0.03 secs] 
33.852: Total time for which application threads were stopped: 0.0247690 seconds, Stopping threads took: 0.0001010 seconds
33.891: Application time: 0.0386540 seconds
33.891: [GC33.891: [ParNew: 120684K->13376K(120704K), 0.0256270 secs]33.917: [Tenured: 272216K->148134K(272448K), 0.2224710 secs] 363983K->148134K(393152K), [Perm : 9051K->9051K(21248K)], 0.2483310 secs] [Times: user=0.43 sys=0.00, real=0.25 secs] 
34.140: Total time for which application threads were stopped: 0.2485460 seconds, Stopping threads took: 0.0001500 seconds
34.186: Application time: 0.0458400 seconds
34.186: [GC34.186: [ParNew: 107328K->13376K(120704K), 0.0196810 secs] 255462K->174860K(388736K), 0.0197250 secs] [Times: user=0.16 sys=0.00, real=0.02 secs] 
34.205: Total time for which application threads were stopped: 0.0198940 seconds, Stopping threads took: 0.0000940 seconds
34.258: Application time: 0.0529490 seconds
34.261: [GC34.261: [ParNew: 120704K->13376K(120704K), 0.0218270 secs] 282188K->189892K(388736K), 0.0218750 secs] [Times: user=0.17 sys=0.00, real=0.02 secs] 
34.282: Total time for which application threads were stopped: 0.0240570 seconds, Stopping threads took: 0.0021120 seconds
34.332: Application time: 0.0499450 seconds
34.333: [GC34.333: [ParNew: 120704K->13376K(120704K), 0.0213080 secs] 297220K->205760K(388736K), 0.0213530 secs] [Times: user=0.16 sys=0.00, real=0.02 secs] 
34.354: Total time for which application threads were stopped: 0.0215420 seconds, Stopping threads took: 0.0001220 seconds
34.404: Application time: 0.0500850 seconds
34.404: [GC34.404: [ParNew: 120704K->13376K(120704K), 0.0208920 secs] 313088K->223370K(388736K), 0.0209380 secs] [Times: user=0.17 sys=0.00, real=0.02 secs] 
34.425: Total time for which application threads were stopped: 0.0211100 seconds, Stopping threads took: 0.0001070 seconds
34.479: Application time: 0.0536880 seconds
34.479: [GC34.479: [ParNew: 120704K->13376K(120704K), 0.0222120 secs] 330698K->237918K(388736K), 0.0222500 secs] [Times: user=0.17 sys=0.00, real=0.03 secs] 
34.501: Total time for which application threads were stopped: 0.0224130 seconds, Stopping threads took: 0.0001000 seconds
34.551: Application time: 0.0493850 seconds
34.551: [GC34.551: [ParNew: 120704K->13376K(120704K), 0.0205460 secs] 345246K->254302K(388736K), 0.0205930 secs] [Times: user=0.17 sys=0.00, real=0.02 secs] 
34.571: Total time for which application threads were stopped: 0.0207740 seconds, Stopping threads took: 0.0001140 seconds
34.614: Application time: 0.0427660 seconds
34.614: [GC34.614: [ParNew: 120704K->13376K(120704K), 0.0251010 secs]34.639: [Tenured: 268515K->136370K(269568K), 0.2070710 secs] 361630K->136370K(390272K), [Perm : 9052K->9052K(21248K)], 0.2322760 secs] [Times: user=0.40 sys=0.00, real=0.23 secs] 
34.847: Total time for which application threads were stopped: 0.2324210 seconds, Stopping threads took: 0.0000810 seconds
34.887: Application time: 0.0400840 seconds
34.887: [GC34.887: [ParNew: 107328K->13376K(120704K), 0.0180710 secs] 243698K->165078K(388736K), 0.0181160 secs] [Times: user=0.14 sys=0.00, real=0.02 secs] 
34.905: Total time for which application threads were stopped: 0.0183030 seconds, Stopping threads took: 0.0001100 seconds
34.944: Application time: 0.0389010 seconds
34.944: [GC34.944: [ParNew: 120704K->13376K(120704K), 0.0245110 secs] 272406K->191108K(388736K), 0.0245540 secs] [Times: user=0.20 sys=0.00, real=0.02 secs] 
34.969: Total time for which application threads were stopped: 0.0246890 seconds, Stopping threads took: 0.0000710 seconds
35.019: Application time: 0.0507670 seconds
35.020: [GC35.020: [ParNew: 120704K->13374K(120704K), 0.0256470 secs] 298436K->213831K(388736K), 0.0256900 secs] [Times: user=0.20 sys=0.00, real=0.03 secs] 
35.045: Total time for which application threads were stopped: 0.0259180 seconds, Stopping threads took: 0.0001080 seconds
35.097: Application time: 0.0518270 seconds
35.101: [GC35.101: [ParNew: 120702K->13374K(120704K), 0.0211460 secs] 321159K->229556K(388736K), 0.0211890 secs] [Times: user=0.17 sys=0.00, real=0.02 secs] 
35.122: Total time for which application threads were stopped: 0.0247780 seconds, Stopping threads took: 0.0035040 seconds
35.173: Application time: 0.0516080 seconds
35.174: [GC35.174: [ParNew: 120702K->13374K(120704K), 0.0211130 secs] 336884K->246310K(388736K), 0.0211580 secs] [Times: user=0.16 sys=0.00, real=0.02 secs] 
35.195: Total time for which application threads were stopped: 0.0213400 seconds, Stopping threads took: 0.0001200 seconds
35.244: Application time: 0.0492410 seconds
35.244: [GC35.244: [ParNew: 120702K->13376K(120704K), 0.0200710 secs] 353638K->262355K(388736K), 0.0201160 secs] [Times: user=0.16 sys=0.00, real=0.02 secs] 
35.264: Total time for which application threads were stopped: 0.0202930 seconds, Stopping threads took: 0.0001120 seconds
35.317: Application time: 0.0528610 seconds
35.317: [GC35.317: [ParNew: 120704K->13376K(120704K), 0.0217630 secs] 369683K->279042K(388736K), 0.0218060 secs] [Times: user=0.16 sys=0.00, real=0.02 secs] 
35.339: Total time for which application threads were stopped: 0.0220270 seconds, Stopping threads took: 0.0001390 seconds
35.388: Application time: 0.0490940 seconds
35.389: [GC35.389: [ParNew: 120704K->13376K(120704K), 0.0218390 secs]35.410: [Tenured: 282955K->128669K(283008K), 0.1966030 secs] 386370K->128669K(403712K), [Perm : 9059K->9059K(21248K)], 0.2190180 secs] [Times: user=0.37 sys=0.00, real=0.22 secs] 
35.608: Total time for which application threads were stopped: 0.2191990 seconds, Stopping threads took: 0.0001030 seconds
35.647: Application time: 0.0389960 seconds
35.647: [GC35.647: [ParNew: 107252K->13376K(120704K), 0.0165510 secs] 235922K->157741K(388736K), 0.0165960 secs] [Times: user=0.13 sys=0.00, real=0.02 secs] 
35.663: Total time for which application threads were stopped: 0.0167530 seconds, Stopping threads took: 0.0000910 seconds
35.703: Application time: 0.0391910 seconds
35.703: [GC35.703: [ParNew: 120704K->13376K(120704K), 0.0243980 secs] 265069K->186251K(388736K), 0.0244430 secs] [Times: user=0.20 sys=0.00, real=0.02 secs] 
35.727: Total time for which application threads were stopped: 0.0245930 seconds, Stopping threads took: 0.0000870 seconds
35.767: Application time: 0.0402310 seconds
35.768: [GC35.768: [ParNew: 120704K->13376K(120704K), 0.0258880 secs] 293579K->213552K(388736K), 0.0259350 secs] [Times: user=0.20 sys=0.00, real=0.03 secs] 
35.793: Total time for which application threads were stopped: 0.0261450 seconds, Stopping threads took: 0.0001410 seconds
35.847: Application time: 0.0540120 seconds
35.848: [GC35.848: [ParNew: 120704K->13376K(120704K), 0.0248320 secs] 320880K->230935K(388736K), 0.0248750 secs] [Times: user=0.20 sys=0.00, real=0.03 secs] 
35.873: Total time for which application threads were stopped: 0.0250400 seconds, Stopping threads took: 0.0001050 seconds
35.921: Application time: 0.0489090 seconds
35.922: [GC35.922: [ParNew: 120670K->13376K(120704K), 0.0209660 secs] 338229K->247002K(388736K), 0.0210100 secs] [Times: user=0.16 sys=0.00, real=0.02 secs] 
35.943: Total time for which application threads were stopped: 0.0211780 seconds, Stopping threads took: 0.0000930 seconds
35.994: Application time: 0.0512040 seconds
35.994: [GC35.994: [ParNew: 120704K->13376K(120704K), 0.0204220 secs] 354330K->263843K(388736K), 0.0204660 secs] [Times: user=0.16 sys=0.00, real=0.02 secs] 
36.014: Total time for which application threads were stopped: 0.0206050 seconds, Stopping threads took: 0.0000760 seconds
36.064: Application time: 0.0491890 seconds
36.065: [GC36.065: [ParNew: 120704K->13376K(120704K), 0.0208200 secs] 371171K->279177K(388736K), 0.0208630 secs] [Times: user=0.16 sys=0.00, real=0.02 secs] 
36.086: Total time for which application threads were stopped: 0.0218900 seconds, Stopping threads took: 0.0009430 seconds
36.136: Application time: 0.0504120 seconds
36.136: [GC36.136: [ParNew: 120704K->13376K(120704K), 0.0216770 secs]36.158: [Tenured: 283608K->123266K(283968K), 0.2110490 secs] 386505K->123266K(404672K), [Perm : 9062K->9062K(21248K)], 0.2333180 secs] [Times: user=0.38 sys=0.01, real=0.23 secs] 
36.370: Total time for which application threads were stopped: 0.2335780 seconds, Stopping threads took: 0.0001730 seconds
36.413: Application time: 0.0433120 seconds
36.413: [GC36.413: [ParNew: 107328K->13376K(120704K), 0.0150430 secs] 230594K->146658K(388736K), 0.0150880 secs] [Times: user=0.12 sys=0.00, real=0.01 secs] 
36.428: Total time for which application threads were stopped: 0.0152460 seconds, Stopping threads took: 0.0000930 seconds
36.466: Application time: 0.0375090 seconds
36.466: [GC36.466: [ParNew: 120704K->13376K(120704K), 0.0230240 secs] 253986K->173022K(388736K), 0.0230690 secs] [Times: user=0.18 sys=0.00, real=0.02 secs] 
36.489: Total time for which application threads were stopped: 0.0232660 seconds, Stopping threads took: 0.0001220 seconds
36.532: Application time: 0.0429980 seconds
36.532: [GC36.532: [ParNew: 120704K->13376K(120704K), 0.0278850 secs] 280350K->205057K(388736K), 0.0279300 secs] [Times: user=0.22 sys=0.00, real=0.03 secs] 
36.560: Total time for which application threads were stopped: 0.0280860 seconds, Stopping threads took: 0.0000920 seconds
36.604: Application time: 0.0438430 seconds
36.604: [GC36.604: [ParNew: 120704K->13376K(120704K), 0.0250840 secs] 312385K->226940K(388736K), 0.0251350 secs] [Times: user=0.20 sys=0.00, real=0.02 secs] 
36.629: Total time for which application threads were stopped: 0.0253480 seconds, Stopping threads took: 0.0001400 seconds
36.682: Application time: 0.0530980 seconds
36.682: [GC36.682: [ParNew: 120704K->13376K(120704K), 0.0221190 secs] 334268K->243450K(388736K), 0.0221640 secs] [Times: user=0.17 sys=0.00, real=0.02 secs] 
36.705: Total time for which application threads were stopped: 0.0223410 seconds, Stopping threads took: 0.0001140 seconds
36.755: Application time: 0.0507170 seconds
36.755: [GC36.755: [ParNew: 120704K->13376K(120704K), 0.0208700 secs] 350778K->259709K(388736K), 0.0209130 secs] [Times: user=0.16 sys=0.00, real=0.02 secs] 
36.776: Total time for which application threads were stopped: 0.0210340 seconds, Stopping threads took: 0.0000550 seconds
36.832: Application time: 0.0556070 seconds
36.832: [GC36.832: [ParNew: 120268K->13376K(120704K), 0.0202480 secs] 366602K->272968K(388736K), 0.0203010 secs] [Times: user=0.16 sys=0.00, real=0.03 secs] 
36.852: Total time for which application threads were stopped: 0.0204990 seconds, Stopping threads took: 0.0001360 seconds
36.898: Application time: 0.0460320 seconds
36.899: [GC36.899: [ParNew: 120704K->13376K(120704K), 0.0211810 secs]36.920: [Tenured: 276042K->133839K(276288K), 0.2112310 secs] 380296K->133839K(396992K), [Perm : 9064K->9064K(21248K)], 0.2327640 secs] [Times: user=0.36 sys=0.00, real=0.23 secs] 
37.131: Total time for which application threads were stopped: 0.2329220 seconds, Stopping threads took: 0.0000950 seconds
37.180: Application time: 0.0487730 seconds
37.180: [GC37.180: [ParNew: 107328K->13376K(120704K), 0.0153180 secs] 241167K->155638K(388736K), 0.0153580 secs] [Times: user=0.12 sys=0.00, real=0.02 secs] 
37.196: Total time for which application threads were stopped: 0.0155090 seconds, Stopping threads took: 0.0000750 seconds
37.234: Application time: 0.0387320 seconds
37.235: [GC37.235: [ParNew: 120704K->13376K(120704K), 0.0250320 secs] 262966K->183161K(388736K), 0.0250760 secs] [Times: user=0.20 sys=0.00, real=0.02 secs] 
37.260: Total time for which application threads were stopped: 0.0252410 seconds, Stopping threads took: 0.0001000 seconds
37.298: Application time: 0.0380290 seconds
37.298: [GC37.298: [ParNew: 120704K->13376K(120704K), 0.0234470 secs] 290489K->210396K(388736K), 0.0234900 secs] [Times: user=0.19 sys=0.00, real=0.03 secs] 
37.321: Total time for which application threads were stopped: 0.0236190 seconds, Stopping threads took: 0.0000630 seconds
37.365: Application time: 0.0437300 seconds
37.365: [GC37.365: [ParNew: 120704K->13376K(120704K), 0.0279790 secs] 317724K->239881K(388736K), 0.0280240 secs] [Times: user=0.22 sys=0.00, real=0.03 secs] 
37.393: Total time for which application threads were stopped: 0.0282470 seconds, Stopping threads took: 0.0001370 seconds
37.443: Application time: 0.0493160 seconds
37.443: [GC37.443: [ParNew: 120704K->13376K(120704K), 0.0245160 secs] 347209K->259792K(388736K), 0.0245610 secs] [Times: user=0.20 sys=0.00, real=0.02 secs] 
37.467: Total time for which application threads were stopped: 0.0247560 seconds, Stopping threads took: 0.0001300 seconds
37.523: Application time: 0.0554470 seconds
37.525: [GC37.525: [ParNew: 120704K->13376K(120704K), 0.0203760 secs] 367120K->273895K(388736K), 0.0204220 secs] [Times: user=0.17 sys=0.00, real=0.02 secs] 
37.545: Total time for which application threads were stopped: 0.0221460 seconds, Stopping threads took: 0.0016590 seconds
37.596: Application time: 0.0512250 seconds
37.596: [GC37.596: [ParNew: 120704K->13376K(120704K), 0.0216600 secs]37.618: [Tenured: 277229K->149949K(277248K), 0.2363740 secs] 381223K->149949K(397952K), [Perm : 9065K->9065K(21248K)], 0.2584540 secs] [Times: user=0.38 sys=0.00, real=0.26 secs] 
37.855: Total time for which application threads were stopped: 0.2586260 seconds, Stopping threads took: 0.0001070 seconds
37.911: Application time: 0.0562000 seconds
37.911: [GC37.911: [ParNew: 107328K->13376K(120704K), 0.0113620 secs] 257277K->163597K(388736K), 0.0114130 secs] [Times: user=0.09 sys=0.00, real=0.02 secs] 
37.923: Total time for which application threads were stopped: 0.0115950 seconds, Stopping threads took: 0.0001020 seconds
37.968: Application time: 0.0451320 seconds
37.968: [GC37.968: [ParNew: 120704K->13376K(120704K), 0.0226140 secs] 270925K->185301K(388736K), 0.0226590 secs] [Times: user=0.18 sys=0.00, real=0.02 secs] 
37.991: Total time for which application threads were stopped: 0.0228350 seconds, Stopping threads took: 0.0001080 seconds
38.038: Application time: 0.0476000 seconds
38.038: [GC38.038: [ParNew: 120704K->13376K(120704K), 0.0240930 secs] 292629K->209606K(388736K), 0.0241330 secs] [Times: user=0.19 sys=0.00, real=0.03 secs] 
38.063: Total time for which application threads were stopped: 0.0242730 seconds, Stopping threads took: 0.0000770 seconds
38.102: Application time: 0.0396300 seconds
38.102: [GC38.102: [ParNew: 120704K->13376K(120704K), 0.0243350 secs] 316934K->235143K(388736K), 0.0243790 secs] [Times: user=0.19 sys=0.00, real=0.02 secs] 
38.127: Total time for which application threads were stopped: 0.0245680 seconds, Stopping threads took: 0.0001210 seconds
38.168: Application time: 0.0417540 seconds
38.169: [GC38.169: [ParNew: 120704K->13376K(120704K), 0.0257290 secs] 342471K->262051K(388736K), 0.0257730 secs] [Times: user=0.20 sys=0.01, real=0.03 secs] 
38.194: Total time for which application threads were stopped: 0.0259420 seconds, Stopping threads took: 0.0001030 seconds
38.238: Application time: 0.0435210 seconds
38.238: [GC38.238: [ParNew: 120704K->13376K(120704K), 0.0265120 secs]38.265: [Tenured: 275577K->161826K(275904K), 0.2457950 secs] 369379K->161826K(396608K), [Perm : 9067K->9067K(21248K)], 0.2725970 secs] [Times: user=0.46 sys=0.00, real=0.27 secs] 
38.511: Total time for which application threads were stopped: 0.2728130 seconds, Stopping threads took: 0.0001260 seconds
38.564: Application time: 0.0531170 seconds
38.564: [GC38.564: [ParNew: 108032K->13440K(121472K), 0.0154790 secs] 269858K->179837K(391184K), 0.0155210 secs] [Times: user=0.12 sys=0.00, real=0.01 secs] 
38.580: Total time for which application threads were stopped: 0.0157010 seconds, Stopping threads took: 0.0001070 seconds
38.631: Application time: 0.0511530 seconds
38.632: [GC38.632: [ParNew: 121472K->13440K(121472K), 0.0202270 secs] 287869K->194527K(391184K), 0.0202710 secs] [Times: user=0.16 sys=0.00, real=0.03 secs] 
38.653: Total time for which application threads were stopped: 0.0218460 seconds, Stopping threads took: 0.0015100 seconds
38.707: Application time: 0.0546920 seconds
38.707: [GC38.707: [ParNew: 121472K->13440K(121472K), 0.0209070 secs] 302559K->209617K(391184K), 0.0209560 secs] [Times: user=0.16 sys=0.00, real=0.02 secs] 
38.728: Total time for which application threads were stopped: 0.0212040 seconds, Stopping threads took: 0.0001320 seconds
38.779: Application time: 0.0503960 seconds
38.779: [GC38.779: [ParNew: 121472K->13440K(121472K), 0.0189550 secs] 317649K->223299K(391184K), 0.0190000 secs] [Times: user=0.15 sys=0.00, real=0.02 secs] 
38.798: Total time for which application threads were stopped: 0.0191890 seconds, Stopping threads took: 0.0001270 seconds
38.845: Application time: 0.0465730 seconds
38.845: [GC38.845: [ParNew: 121472K->13440K(121472K), 0.0224120 secs] 331331K->245329K(391184K), 0.0224540 secs] [Times: user=0.18 sys=0.00, real=0.02 secs] 
38.867: Total time for which application threads were stopped: 0.0226140 seconds, Stopping threads took: 0.0000950 seconds
38.907: Application time: 0.0399070 seconds
38.907: [GC38.907: [ParNew: 121472K->13440K(121472K), 0.0252760 secs] 353361K->273890K(391184K), 0.0253180 secs] [Times: user=0.20 sys=0.00, real=0.03 secs] 
38.933: Total time for which application threads were stopped: 0.0254630 seconds, Stopping threads took: 0.0000800 seconds
38.972: Application time: 0.0391110 seconds
38.972: [GC38.972: [ParNew: 121472K->13440K(121472K), 0.0245630 secs]38.996: [Tenured: 286665K->136302K(286800K), 0.2257300 secs] 381922K->136302K(408272K), [Perm : 9067K->9067K(21248K)], 0.2509250 secs] [Times: user=0.42 sys=0.01, real=0.26 secs] 
39.223: Total time for which application threads were stopped: 0.2510890 seconds, Stopping threads took: 0.0000980 seconds
39.267: Application time: 0.0445890 seconds
39.268: [GC39.268: [ParNew: 108032K->13440K(121472K), 0.0200550 secs] 244334K->166263K(391184K), 0.0201010 secs] [Times: user=0.16 sys=0.00, real=0.02 secs] 
39.288: Total time for which application threads were stopped: 0.0202870 seconds, Stopping threads took: 0.0000940 seconds
39.333: Application time: 0.0450960 seconds
39.333: [GC39.333: [ParNew: 121472K->13440K(121472K), 0.0242970 secs] 274295K->188399K(391184K), 0.0243400 secs] [Times: user=0.19 sys=0.00, real=0.02 secs] 
39.357: Total time for which application threads were stopped: 0.0245330 seconds, Stopping threads took: 0.0001300 seconds
39.413: Application time: 0.0559370 seconds
39.413: [GC39.413: [ParNew: 121461K->13440K(121472K), 0.0200050 secs] 296421K->201763K(391184K), 0.0200500 secs] [Times: user=0.16 sys=0.00, real=0.02 secs] 
39.433: Total time for which application threads were stopped: 0.0202040 seconds, Stopping threads took: 0.0000920 seconds
39.485: Application time: 0.0510630 seconds
39.485: [GC39.485: [ParNew: 121472K->13440K(121472K), 0.0209520 secs] 309795K->216683K(391184K), 0.0209970 secs] [Times: user=0.16 sys=0.00, real=0.02 secs] 
39.506: Total time for which application threads were stopped: 0.0211930 seconds, Stopping threads took: 0.0001310 seconds
39.563: Application time: 0.0568050 seconds
39.563: [GC39.563: [ParNew: 121472K->13440K(121472K), 0.0210130 secs] 324715K->232179K(391184K), 0.0210580 secs] [Times: user=0.16 sys=0.00, real=0.02 secs] 
39.584: Total time for which application threads were stopped: 0.0212230 seconds, Stopping threads took: 0.0001020 seconds
39.634: Application time: 0.0505540 seconds
39.634: [GC39.634: [ParNew: 121472K->13440K(121472K), 0.0220500 secs] 340211K->249228K(391184K), 0.0220940 secs] [Times: user=0.17 sys=0.00, real=0.02 secs] 
39.657: Total time for which application threads were stopped: 0.0222370 seconds, Stopping threads took: 0.0000760 seconds
39.704: Application time: 0.0475290 seconds
39.704: [GC39.704: [ParNew: 121472K->13440K(121472K), 0.0224340 secs] 357260K->269744K(391184K), 0.0224760 secs] [Times: user=0.18 sys=0.00, real=0.02 secs] 
39.727: Total time for which application threads were stopped: 0.0226200 seconds, Stopping threads took: 0.0000810 seconds
39.767: Application time: 0.0402610 seconds
39.767: [GC39.767: [ParNew: 121472K->13440K(121472K), 0.0262640 secs]39.793: [Tenured: 285711K->135383K(285840K), 0.2080380 secs] 377776K->135383K(407312K), [Perm : 9068K->9068K(21248K)], 0.2349660 secs] [Times: user=0.42 sys=0.00, real=0.24 secs] 
40.002: Total time for which application threads were stopped: 0.2351320 seconds, Stopping threads took: 0.0000970 seconds
40.042: Application time: 0.0401070 seconds
40.042: [GC40.042: [ParNew: 108032K->13440K(121472K), 0.0177660 secs] 243415K->163394K(391184K), 0.0178100 secs] [Times: user=0.14 sys=0.00, real=0.01 secs] 
40.060: Total time for which application threads were stopped: 0.0179620 seconds, Stopping threads took: 0.0000790 seconds
40.101: Application time: 0.0405420 seconds
40.105: [GC40.105: [ParNew: 121472K->13440K(121472K), 0.0271390 secs] 271426K->192610K(391184K), 0.0271850 secs] [Times: user=0.22 sys=0.00, real=0.02 secs] 
40.132: Total time for which application threads were stopped: 0.0309640 seconds, Stopping threads took: 0.0037140 seconds
40.184: Application time: 0.0523660 seconds
40.184: [GC40.184: [ParNew: 121472K->13438K(121472K), 0.0253690 secs] 300642K->211314K(391184K), 0.0254120 secs] [Times: user=0.20 sys=0.00, real=0.02 secs] 
40.210: Total time for which application threads were stopped: 0.0255760 seconds, Stopping threads took: 0.0001030 seconds
40.264: Application time: 0.0543770 seconds
40.264: [GC40.264: [ParNew: 121470K->13438K(121472K), 0.0195910 secs] 319346K->224955K(391184K), 0.0196350 secs] [Times: user=0.15 sys=0.00, real=0.02 secs] 
40.284: Total time for which application threads were stopped: 0.0198110 seconds, Stopping threads took: 0.0001010 seconds
40.334: Application time: 0.0505880 seconds
40.335: [GC40.335: [ParNew: 121470K->13440K(121472K), 0.0197630 secs] 332987K->238725K(391184K), 0.0198080 secs] [Times: user=0.16 sys=0.00, real=0.02 secs] 
40.354: Total time for which application threads were stopped: 0.0199590 seconds, Stopping threads took: 0.0000870 seconds
40.409: Application time: 0.0543270 seconds
40.409: [GC40.409: [ParNew: 121351K->13440K(121472K), 0.0210790 secs] 346636K->255008K(391184K), 0.0211240 secs] [Times: user=0.17 sys=0.00, real=0.02 secs] 
40.430: Total time for which application threads were stopped: 0.0212910 seconds, Stopping threads took: 0.0001020 seconds
40.478: Application time: 0.0481580 seconds
40.478: [GC40.478: [ParNew: 121472K->13440K(121472K), 0.0227520 secs] 363040K->275413K(391184K), 0.0227960 secs] [Times: user=0.17 sys=0.00, real=0.03 secs] 
40.501: Total time for which application threads were stopped: 0.0229640 seconds, Stopping threads took: 0.0001000 seconds
40.551: Application time: 0.0503150 seconds
40.553: [GC40.553: [ParNew: 121472K->13440K(121472K), 0.0242870 secs]40.577: [Tenured: 284402K->128589K(284496K), 0.1968490 secs] 383445K->128589K(405968K), [Perm : 9071K->9071K(21248K)], 0.2216980 secs] [Times: user=0.38 sys=0.00, real=0.22 secs] 
40.774: Total time for which application threads were stopped: 0.2228160 seconds, Stopping threads took: 0.0010430 seconds
40.811: Application time: 0.0368990 seconds
40.811: [GC40.811: [ParNew: 108032K->13440K(121472K), 0.0152760 secs] 236621K->156059K(391184K), 0.0153190 secs] [Times: user=0.12 sys=0.00, real=0.02 secs] 
40.827: Total time for which application threads were stopped: 0.0154520 seconds, Stopping threads took: 0.0000690 seconds
40.865: Application time: 0.0384300 seconds
40.869: [GC40.869: [ParNew: 121472K->13440K(121472K), 0.0267340 secs] 264091K->187435K(391184K), 0.0267790 secs] [Times: user=0.21 sys=0.00, real=0.03 secs] 
40.895: Total time for which application threads were stopped: 0.0302940 seconds, Stopping threads took: 0.0034270 seconds
40.943: Application time: 0.0472040 seconds
40.943: [GC40.943: [ParNew: 121472K->13439K(121472K), 0.0283340 secs] 295467K->214736K(391184K), 0.0283800 secs] [Times: user=0.22 sys=0.00, real=0.02 secs] 
40.971: Total time for which application threads were stopped: 0.0285550 seconds, Stopping threads took: 0.0001120 seconds
41.028: Application time: 0.0573320 seconds
41.029: [GC41.029: [ParNew: 121471K->13438K(121472K), 0.0226020 secs] 322768K->228468K(391184K), 0.0226450 secs] [Times: user=0.18 sys=0.00, real=0.02 secs] 
41.051: Total time for which application threads were stopped: 0.0228140 seconds, Stopping threads took: 0.0001070 seconds
41.104: Application time: 0.0529280 seconds
41.104: [GC41.104: [ParNew: 121470K->13440K(121472K), 0.0196030 secs] 336500K->242007K(391184K), 0.0196480 secs] [Times: user=0.15 sys=0.01, real=0.02 secs] 
41.124: Total time for which application threads were stopped: 0.0198160 seconds, Stopping threads took: 0.0000930 seconds
41.179: Application time: 0.0552990 seconds
41.179: [GC41.179: [ParNew: 121472K->13440K(121472K), 0.0206550 secs] 350039K->256009K(391184K), 0.0206970 secs] [Times: user=0.17 sys=0.00, real=0.02 secs] 
41.200: Total time for which application threads were stopped: 0.0208410 seconds, Stopping threads took: 0.0000810 seconds
41.246: Application time: 0.0462190 seconds
41.249: [GC41.249: [ParNew: 121472K->13440K(121472K), 0.0210480 secs] 364041K->273509K(391184K), 0.0210920 secs] [Times: user=0.17 sys=0.00, real=0.02 secs] 
41.270: Total time for which application threads were stopped: 0.0233160 seconds, Stopping threads took: 0.0021390 seconds
41.318: Application time: 0.0481710 seconds
41.318: [GC41.318: [ParNew: 121472K->13440K(121472K), 0.0238980 secs]41.342: [Tenured: 282432K->140450K(283152K), 0.2181880 secs] 381541K->140450K(404624K), [Perm : 9072K->9072K(21248K)], 0.2425910 secs] [Times: user=0.40 sys=0.01, real=0.25 secs] 
41.561: Total time for which application threads were stopped: 0.2427890 seconds, Stopping threads took: 0.0001030 seconds
41.605: Application time: 0.0446630 seconds
41.605: [GC41.606: [ParNew: 108032K->13440K(121472K), 0.0158380 secs] 248482K->165603K(391184K), 0.0158830 secs] [Times: user=0.12 sys=0.00, real=0.02 secs] 
41.621: Total time for which application threads were stopped: 0.0160360 seconds, Stopping threads took: 0.0000750 seconds
41.658: Application time: 0.0363440 seconds
41.658: [GC41.658: [ParNew: 121472K->13440K(121472K), 0.0227950 secs] 273635K->191944K(391184K), 0.0228380 secs] [Times: user=0.18 sys=0.00, real=0.03 secs] 
41.681: Total time for which application threads were stopped: 0.0229670 seconds, Stopping threads took: 0.0000640 seconds
41.721: Application time: 0.0401860 seconds
41.721: [GC41.721: [ParNew: 121472K->13440K(121472K), 0.0281160 secs] 299976K->224650K(391184K), 0.0281600 secs] [Times: user=0.23 sys=0.00, real=0.02 secs] 
41.749: Total time for which application threads were stopped: 0.0283160 seconds, Stopping threads took: 0.0000900 seconds
41.800: Application time: 0.0507570 seconds
41.800: [GC41.800: [ParNew: 121472K->13440K(121472K), 0.0266740 secs] 332682K->246542K(391184K), 0.0267170 secs] [Times: user=0.21 sys=0.00, real=0.03 secs] 
41.827: Total time for which application threads were stopped: 0.0268770 seconds, Stopping threads took: 0.0000970 seconds
41.884: Application time: 0.0566800 seconds
41.884: [GC41.884: [ParNew: 121472K->13439K(121472K), 0.0199230 secs] 354574K->259531K(391184K), 0.0199660 secs] [Times: user=0.16 sys=0.00, real=0.02 secs] 
41.904: Total time for which application threads were stopped: 0.0201100 seconds, Stopping threads took: 0.0000810 seconds
41.953: Application time: 0.0490030 seconds
41.953: [GC41.953: [ParNew: 121471K->13440K(121472K), 0.0188220 secs] 367563K->272561K(391184K), 0.0188660 secs] [Times: user=0.15 sys=0.00, real=0.01 secs] 
41.972: Total time for which application threads were stopped: 0.0190360 seconds, Stopping threads took: 0.0001040 seconds
42.027: Application time: 0.0553690 seconds
42.027: [GC42.027: [ParNew: 121472K->13440K(121472K), 0.0202400 secs]42.047: [Tenured: 273768K->121485K(273936K), 0.2082350 secs] 380593K->121485K(395408K), [Perm : 9075K->9075K(21248K)], 0.2286990 secs] [Times: user=0.37 sys=0.00, real=0.23 secs] 
42.256: Total time for which application threads were stopped: 0.2288290 seconds, Stopping threads took: 0.0000660 seconds
42.299: Application time: 0.0436010 seconds
42.300: [GC42.300: [ParNew: 108032K->13440K(121472K), 0.0132670 secs] 229517K->142875K(391184K), 0.0133210 secs] [Times: user=0.11 sys=0.01, real=0.02 secs] 
42.313: Total time for which application threads were stopped: 0.0134970 seconds, Stopping threads took: 0.0000970 seconds
42.361: Application time: 0.0478290 seconds
42.361: [GC42.361: [ParNew: 121472K->13440K(121472K), 0.0240250 secs] 250907K->165762K(391184K), 0.0240690 secs] [Times: user=0.19 sys=0.00, real=0.02 secs] 
42.385: Total time for which application threads were stopped: 0.0243650 seconds, Stopping threads took: 0.0002110 seconds
42.423: Application time: 0.0381830 seconds
42.424: [GC42.424: [ParNew: 121472K->13440K(121472K), 0.0237750 secs] 273794K->191764K(391184K), 0.0238200 secs] [Times: user=0.19 sys=0.00, real=0.02 secs] 
42.447: Total time for which application threads were stopped: 0.0239970 seconds, Stopping threads took: 0.0001030 seconds
42.487: Application time: 0.0395660 seconds
42.487: [GC42.487: [ParNew: 121472K->13440K(121472K), 0.0264390 secs] 299796K->221234K(391184K), 0.0264810 secs] [Times: user=0.20 sys=0.00, real=0.03 secs] 
42.514: Total time for which application threads were stopped: 0.0266610 seconds, Stopping threads took: 0.0001160 seconds
42.556: Application time: 0.0424330 seconds
42.556: [GC42.556: [ParNew: 121472K->13440K(121472K), 0.0342010 secs] 329266K->248731K(391184K), 0.0342430 secs] [Times: user=0.25 sys=0.00, real=0.03 secs] 
42.590: Total time for which application threads were stopped: 0.0343890 seconds, Stopping threads took: 0.0000850 seconds
42.648: Application time: 0.0574240 seconds
42.648: [GC42.648: [ParNew: 121472K->13440K(121472K), 0.0249030 secs] 356763K->266083K(391184K), 0.0249560 secs] [Times: user=0.19 sys=0.00, real=0.03 secs] 
42.673: Total time for which application threads were stopped: 0.0251140 seconds, Stopping threads took: 0.0000960 seconds
42.726: Application time: 0.0527730 seconds
42.726: [GC42.726: [ParNew: 121472K->13440K(121472K), 0.0196670 secs] 374115K->279643K(391184K), 0.0197100 secs] [Times: user=0.15 sys=0.00, real=0.02 secs] 
42.746: Total time for which application threads were stopped: 0.0198860 seconds, Stopping threads took: 0.0001120 seconds
42.798: Application time: 0.0522660 seconds
42.801: [GC42.801: [ParNew: 121472K->13440K(121472K), 0.0205850 secs]42.821: [Tenured: 281318K->140121K(281808K), 0.2351920 secs] 387675K->140121K(403280K), [Perm : 9077K->9077K(21248K)], 0.2562550 secs] [Times: user=0.39 sys=0.00, real=0.25 secs] 
43.057: Total time for which application threads were stopped: 0.2588900 seconds, Stopping threads took: 0.0025580 seconds
43.107: Application time: 0.0499830 seconds
43.107: [GC43.107: [ParNew: 108032K->13440K(121472K), 0.0114920 secs] 248153K->155986K(391184K), 0.0115360 secs] [Times: user=0.09 sys=0.00, real=0.01 secs] 
43.119: Total time for which application threads were stopped: 0.0117520 seconds, Stopping threads took: 0.0001510 seconds
43.164: Application time: 0.0451010 seconds
43.164: [GC43.164: [ParNew: 121472K->13440K(121472K), 0.0224920 secs] 264018K->178058K(391184K), 0.0225350 secs] [Times: user=0.17 sys=0.00, real=0.02 secs] 
43.186: Total time for which application threads were stopped: 0.0226790 seconds, Stopping threads took: 0.0000800 seconds
43.230: Application time: 0.0432890 seconds
43.230: [GC43.230: [ParNew: 121146K->13440K(121472K), 0.0252280 secs] 285765K->205555K(391184K), 0.0252710 secs] [Times: user=0.19 sys=0.00, real=0.03 secs] 
43.255: Total time for which application threads were stopped: 0.0254340 seconds, Stopping threads took: 0.0000990 seconds
43.293: Application time: 0.0378030 seconds
43.294: [GC43.294: [ParNew: 121472K->13440K(121472K), 0.0235400 secs] 313587K->230952K(391184K), 0.0235850 secs] [Times: user=0.19 sys=0.00, real=0.02 secs] 
43.317: Total time for which application threads were stopped: 0.0243660 seconds, Stopping threads took: 0.0006960 seconds
43.363: Application time: 0.0453140 seconds
43.365: [GC43.365: [ParNew: 121472K->13440K(121472K), 0.0284320 secs] 338984K->261203K(391184K), 0.0284770 secs] [Times: user=0.22 sys=0.00, real=0.03 secs] 
43.393: Total time for which application threads were stopped: 0.0305750 seconds, Stopping threads took: 0.0020200 seconds
43.443: Application time: 0.0502530 seconds
43.444: [GC43.444: [ParNew: 121472K->13440K(121472K), 0.0262340 secs] 369235K->282333K(391184K), 0.0262770 secs] [Times: user=0.17 sys=0.00, real=0.02 secs] 
43.470: Total time for which application threads were stopped: 0.0268060 seconds, Stopping threads took: 0.0004660 seconds
43.528: Application time: 0.0576310 seconds
43.528: [GC43.528: [ParNew: 121472K->13440K(121472K), 0.0228630 secs]43.551: [Tenured: 282931K->154890K(282960K), 0.2470890 secs] 390365K->154890K(404432K), [Perm : 9078K->9078K(21248K)], 0.2704660 secs] [Times: user=0.43 sys=0.01, real=0.27 secs] 
43.798: Total time for which application threads were stopped: 0.2706200 seconds, Stopping threads took: 0.0000900 seconds
43.848: Application time: 0.0498940 seconds
43.848: [GC43.849: [ParNew: 108032K->13440K(121472K), 0.0102860 secs] 262922K->169234K(391184K), 0.0103300 secs] [Times: user=0.08 sys=0.00, real=0.01 secs] 
43.859: Total time for which application threads were stopped: 0.0104950 seconds, Stopping threads took: 0.0000990 seconds
43.909: Application time: 0.0506210 seconds
43.910: [GC43.910: [ParNew: 121472K->13440K(121472K), 0.0203860 secs] 277266K->187046K(391184K), 0.0204310 secs] [Times: user=0.16 sys=0.00, real=0.02 secs] 
43.930: Total time for which application threads were stopped: 0.0206020 seconds, Stopping threads took: 0.0000980 seconds
43.977: Application time: 0.0472280 seconds
43.977: [GC43.977: [ParNew: 121472K->13440K(121472K), 0.0214660 secs] 295078K->205131K(391184K), 0.0215180 secs] [Times: user=0.17 sys=0.00, real=0.02 secs] 
43.999: Total time for which application threads were stopped: 0.0216630 seconds, Stopping threads took: 0.0000800 seconds
44.046: Application time: 0.0468360 seconds
44.046: [GC44.046: [ParNew: 121472K->13440K(121472K), 0.0234670 secs] 313163K->227760K(391184K), 0.0235100 secs] [Times: user=0.18 sys=0.00, real=0.02 secs] 
44.069: Total time for which application threads were stopped: 0.0236430 seconds, Stopping threads took: 0.0000680 seconds
44.108: Application time: 0.0384620 seconds
44.108: [GC44.108: [ParNew: 121355K->13440K(121472K), 0.0278490 secs] 335676K->259123K(391184K), 0.0278950 secs] [Times: user=0.21 sys=0.00, real=0.03 secs] 
44.136: Total time for which application threads were stopped: 0.0280980 seconds, Stopping threads took: 0.0001380 seconds
44.183: Application time: 0.0467470 seconds
44.183: [GC44.183: [ParNew: 121472K->13440K(121472K), 0.0274960 secs]44.210: [Tenured: 272229K->156584K(272592K), 0.2435540 secs] 367155K->156584K(394064K), [Perm : 9078K->9078K(21248K)], 0.2712180 secs] [Times: user=0.45 sys=0.00, real=0.27 secs] 
44.454: Total time for which application threads were stopped: 0.2713560 seconds, Stopping threads took: 0.0000720 seconds
44.498: Application time: 0.0442900 seconds
44.499: [GC44.499: [ParNew: 107990K->13439K(121472K), 0.0150780 secs] 264575K->179477K(391184K), 0.0151200 secs] [Times: user=0.12 sys=0.00, real=0.02 secs] 
44.514: Total time for which application threads were stopped: 0.0153070 seconds, Stopping threads took: 0.0001040 seconds
44.561: Application time: 0.0470960 seconds
44.561: [GC44.561: [ParNew: 121471K->13438K(121472K), 0.0227820 secs] 287509K->200332K(391184K), 0.0228290 secs] [Times: user=0.18 sys=0.00, real=0.02 secs] 
44.584: Total time for which application threads were stopped: 0.0231070 seconds, Stopping threads took: 0.0001470 seconds
44.643: Application time: 0.0586580 seconds
44.643: [GC44.643: [ParNew: 121470K->13438K(121472K), 0.0216280 secs] 308364K->213265K(391184K), 0.0216840 secs] [Times: user=0.17 sys=0.00, real=0.02 secs] 
44.664: Total time for which application threads were stopped: 0.0218670 seconds, Stopping threads took: 0.0001190 seconds
44.717: Application time: 0.0523220 seconds
44.717: [GC44.717: [ParNew: 121275K->13440K(121472K), 0.0192020 secs] 321102K->225506K(391184K), 0.0192470 secs] [Times: user=0.15 sys=0.00, real=0.02 secs] 
44.736: Total time for which application threads were stopped: 0.0194850 seconds, Stopping threads took: 0.0001640 seconds
44.784: Application time: 0.0478300 seconds
44.784: [GC44.784: [ParNew: 121472K->13440K(121472K), 0.0211100 secs] 333538K->243962K(391184K), 0.0211570 secs] [Times: user=0.17 sys=0.00, real=0.02 secs] 
44.805: Total time for which application threads were stopped: 0.0212960 seconds, Stopping threads took: 0.0000760 seconds
44.851: Application time: 0.0460700 seconds
44.852: [GC44.852: [ParNew: 121472K->13440K(121472K), 0.0229820 secs] 351994K->265713K(391184K), 0.0230270 secs] [Times: user=0.18 sys=0.00, real=0.03 secs] 
44.875: Total time for which application threads were stopped: 0.0232810 seconds, Stopping threads took: 0.0001880 seconds
44.915: Application time: 0.0399540 seconds
44.915: [GC44.915: [ParNew: 121472K->13440K(121472K), 0.0249560 secs]44.940: [Tenured: 279642K->120488K(279696K), 0.1978130 secs] 373745K->120488K(401168K), [Perm : 9079K->9079K(21248K)], 0.2231720 secs] [Times: user=0.39 sys=0.01, real=0.22 secs] 
45.138: Total time for which application threads were stopped: 0.2232990 seconds, Stopping threads took: 0.0000600 seconds
45.176: Application time: 0.0384420 seconds
45.177: [GC45.177: [ParNew: 108032K->13440K(121472K), 0.0178790 secs] 228520K->150681K(391184K), 0.0179230 secs] [Times: user=0.14 sys=0.00, real=0.02 secs] 
45.195: Total time for which application threads were stopped: 0.0180820 seconds, Stopping threads took: 0.0000770 seconds
45.243: Application time: 0.0489040 seconds
45.244: [GC45.244: [ParNew: 121472K->13440K(121472K), 0.0268620 secs] 258713K->176055K(391184K), 0.0269170 secs] [Times: user=0.21 sys=0.00, real=0.02 secs] 
45.271: Total time for which application threads were stopped: 0.0270880 seconds, Stopping threads took: 0.0001020 seconds
45.312: Application time: 0.0412480 seconds
45.312: [GC45.312: [ParNew: 121472K->13440K(121472K), 0.0223570 secs] 284087K->196898K(391184K), 0.0224030 secs] [Times: user=0.18 sys=0.00, real=0.03 secs] 
45.334: Total time for which application threads were stopped: 0.0225920 seconds, Stopping threads took: 0.0001200 seconds
45.391: Application time: 0.0566960 seconds
45.391: [GC45.391: [ParNew: 121472K->13440K(121472K), 0.0231170 secs] 304930K->215618K(391184K), 0.0231600 secs] [Times: user=0.18 sys=0.00, real=0.03 secs] 
45.414: Total time for which application threads were stopped: 0.0233800 seconds, Stopping threads took: 0.0001330 seconds
45.470: Application time: 0.0555850 seconds
45.470: [GC45.470: [ParNew: 121472K->13357K(121472K), 0.0198550 secs] 323650K->228526K(391184K), 0.0199000 secs] [Times: user=0.15 sys=0.00, real=0.02 secs] 
45.490: Total time for which application threads were stopped: 0.0200600 seconds, Stopping threads took: 0.0000950 seconds
45.541: Application time: 0.0508540 seconds
45.541: [GC45.541: [ParNew: 121389K->13440K(121472K), 0.0187730 secs] 336558K->240284K(391184K), 0.0188180 secs] [Times: user=0.15 sys=0.00, real=0.01 secs] 
45.560: Total time for which application threads were stopped: 0.0190270 seconds, Stopping threads took: 0.0001400 seconds
45.608: Application time: 0.0476490 seconds
45.608: [GC45.608: [ParNew: 121472K->13440K(121472K), 0.0229480 secs] 348316K->261787K(391184K), 0.0229930 secs] [Times: user=0.18 sys=0.00, real=0.02 secs] 
45.631: Total time for which application threads were stopped: 0.0231520 seconds, Stopping threads took: 0.0000930 seconds
45.671: Application time: 0.0404590 seconds
45.671: [GC45.671: [ParNew: 121472K->13440K(121472K), 0.0238930 secs]45.695: [Tenured: 273083K->128706K(273552K), 0.2122980 secs] 369819K->128706K(395024K), [Perm : 9081K->9081K(21248K)], 0.2363920 secs] [Times: user=0.40 sys=0.00, real=0.24 secs] 
45.908: Total time for which application threads were stopped: 0.2365550 seconds, Stopping threads took: 0.0000950 seconds
45.950: Application time: 0.0419790 seconds
45.950: [GC45.950: [ParNew: 108032K->13440K(121472K), 0.0190450 secs] 236738K->158013K(391184K), 0.0190870 secs] [Times: user=0.15 sys=0.00, real=0.02 secs] 
45.969: Total time for which application threads were stopped: 0.0192380 seconds, Stopping threads took: 0.0000730 seconds
46.013: Application time: 0.0435350 seconds
46.013: [GC46.013: [ParNew: 121472K->13440K(121472K), 0.0255630 secs] 266045K->183214K(391184K), 0.0256040 secs] [Times: user=0.20 sys=0.00, real=0.02 secs] 
46.038: Total time for which application threads were stopped: 0.0257470 seconds, Stopping threads took: 0.0000790 seconds
46.085: Application time: 0.0466410 seconds
46.085: [GC46.085: [ParNew: 121472K->13440K(121472K), 0.0256670 secs] 291246K->208865K(391184K), 0.0257110 secs] [Times: user=0.20 sys=0.01, real=0.02 secs] 
46.111: Total time for which application threads were stopped: 0.0258790 seconds, Stopping threads took: 0.0000990 seconds
46.158: Application time: 0.0469780 seconds
46.158: [GC46.158: [ParNew: 121472K->13440K(121472K), 0.0230200 secs] 316897K->229150K(391184K), 0.0230630 secs] [Times: user=0.18 sys=0.00, real=0.03 secs] 
46.181: Total time for which application threads were stopped: 0.0232330 seconds, Stopping threads took: 0.0001040 seconds
46.239: Application time: 0.0578120 seconds
46.239: [GC46.239: [ParNew: 121472K->13439K(121472K), 0.0219610 secs] 337182K->243260K(391184K), 0.0220050 secs] [Times: user=0.17 sys=0.00, real=0.03 secs] 
46.261: Total time for which application threads were stopped: 0.0221750 seconds, Stopping threads took: 0.0001040 seconds
46.318: Application time: 0.0573320 seconds
46.319: [GC46.319: [ParNew: 121471K->13440K(121472K), 0.0193050 secs] 351292K->255139K(391184K), 0.0193560 secs] [Times: user=0.15 sys=0.00, real=0.02 secs] 
46.338: Total time for which application threads were stopped: 0.0195480 seconds, Stopping threads took: 0.0001300 seconds
46.386: Application time: 0.0477040 seconds
46.389: [GC46.389: [ParNew: 121102K->13440K(121472K), 0.0196570 secs] 362802K->269340K(391184K), 0.0197020 secs] [Times: user=0.15 sys=0.00, real=0.02 secs] 
46.408: Total time for which application threads were stopped: 0.0227170 seconds, Stopping threads took: 0.0029470 seconds
46.452: Application time: 0.0433070 seconds
46.452: [GC46.452: [ParNew: 121472K->13440K(121472K), 0.0243650 secs]46.476: [Tenured: 282165K->127417K(282192K), 0.1971600 secs] 377372K->127417K(403664K), [Perm : 9082K->9082K(21248K)], 0.2220640 secs] [Times: user=0.39 sys=0.01, real=0.23 secs] 
46.674: Total time for which application threads were stopped: 0.2222320 seconds, Stopping threads took: 0.0000820 seconds
46.716: Application time: 0.0419090 seconds
46.716: [GC46.716: [ParNew: 108032K->13440K(121472K), 0.0179630 secs] 235449K->155410K(391184K), 0.0180070 secs] [Times: user=0.14 sys=0.00, real=0.02 secs] 
46.734: Total time for which application threads were stopped: 0.0181960 seconds, Stopping threads took: 0.0001210 seconds
46.778: Application time: 0.0438540 seconds
46.778: [GC46.778: [ParNew: 121472K->13440K(121472K), 0.0267200 secs] 263442K->183019K(391184K), 0.0267660 secs] [Times: user=0.21 sys=0.00, real=0.03 secs] 
46.805: Total time for which application threads were stopped: 0.0269610 seconds, Stopping threads took: 0.0001060 seconds
46.849: Application time: 0.0445300 seconds
46.850: [GC46.850: [ParNew: 121472K->13440K(121472K), 0.0263030 secs] 291051K->207954K(391184K), 0.0263480 secs] [Times: user=0.21 sys=0.00, real=0.03 secs] 
46.876: Total time for which application threads were stopped: 0.0265360 seconds, Stopping threads took: 0.0001190 seconds
46.926: Application time: 0.0498020 seconds
46.926: [GC46.926: [ParNew: 121472K->13440K(121472K), 0.0253500 secs] 315986K->230158K(391184K), 0.0253950 secs] [Times: user=0.20 sys=0.00, real=0.02 secs] 
46.951: Total time for which application threads were stopped: 0.0255560 seconds, Stopping threads took: 0.0000910 seconds
47.001: Application time: 0.0493390 seconds
47.001: [GC47.001: [ParNew: 121472K->13440K(121472K), 0.0223510 secs] 338190K->248214K(391184K), 0.0223940 secs] [Times: user=0.18 sys=0.00, real=0.02 secs] 
47.023: Total time for which application threads were stopped: 0.0226100 seconds, Stopping threads took: 0.0001160 seconds
47.081: Application time: 0.0581600 seconds
47.082: [GC47.082: [ParNew: 121472K->13440K(121472K), 0.0214720 secs] 356246K->260747K(391184K), 0.0215140 secs] [Times: user=0.17 sys=0.00, real=0.02 secs] 
47.103: Total time for which application threads were stopped: 0.0216910 seconds, Stopping threads took: 0.0001130 seconds
47.157: Application time: 0.0541570 seconds
47.157: [GC47.157: [ParNew: 121472K->13440K(121472K), 0.0186790 secs] 368779K->272517K(391184K), 0.0187240 secs] [Times: user=0.14 sys=0.01, real=0.02 secs] 
47.176: Total time for which application threads were stopped: 0.0189180 seconds, Stopping threads took: 0.0001270 seconds
47.220: Application time: 0.0443220 seconds
47.221: [GC47.221: [ParNew: 121468K->13440K(121472K), 0.0213070 secs]47.242: [Tenured: 278932K->130080K(279120K), 0.2039130 secs] 380546K->130080K(400592K), [Perm : 9083K->9083K(21248K)], 0.2256310 secs] [Times: user=0.37 sys=0.00, real=0.22 secs] 
47.446: Total time for which application threads were stopped: 0.2257840 seconds, Stopping threads took: 0.0000840 seconds
47.487: Application time: 0.0408380 seconds
47.487: [GC47.487: [ParNew: 108032K->13440K(121472K), 0.0179950 secs] 238112K->158886K(391184K), 0.0180410 secs] [Times: user=0.14 sys=0.00, real=0.02 secs] 
47.505: Total time for which application threads were stopped: 0.0182180 seconds, Stopping threads took: 0.0001080 seconds
47.548: Application time: 0.0428980 seconds
47.548: [GC47.548: [ParNew: 121472K->13440K(121472K), 0.0250690 secs] 266918K->185494K(391184K), 0.0251280 secs] [Times: user=0.20 sys=0.01, real=0.03 secs] 
47.574: Total time for which application threads were stopped: 0.0253070 seconds, Stopping threads took: 0.0000980 seconds
47.619: Application time: 0.0451330 seconds
47.619: [GC47.619: [ParNew: 121472K->13440K(121472K), 0.0252410 secs] 293526K->210733K(391184K), 0.0252830 secs] [Times: user=0.20 sys=0.00, real=0.03 secs] 
47.644: Total time for which application threads were stopped: 0.0254470 seconds, Stopping threads took: 0.0000980 seconds
47.686: Application time: 0.0421460 seconds
47.686: [GC47.686: [ParNew: 121472K->13440K(121472K), 0.0239050 secs] 318765K->234265K(391184K), 0.0239470 secs] [Times: user=0.19 sys=0.00, real=0.02 secs] 
47.710: Total time for which application threads were stopped: 0.0241250 seconds, Stopping threads took: 0.0001090 seconds
47.758: Application time: 0.0476590 seconds
47.758: [GC47.758: [ParNew: 121472K->13440K(121472K), 0.0252730 secs] 342297K->258719K(391184K), 0.0253180 secs] [Times: user=0.20 sys=0.00, real=0.03 secs] 
47.784: Total time for which application threads were stopped: 0.0255150 seconds, Stopping threads took: 0.0001290 seconds
47.838: Application time: 0.0540520 seconds
47.838: [GC47.838: [ParNew: 121472K->13439K(121472K), 0.0221680 secs] 366751K->273786K(391184K), 0.0222120 secs] [Times: user=0.17 sys=0.00, real=0.02 secs] 
47.860: Total time for which application threads were stopped: 0.0223830 seconds, Stopping threads took: 0.0001050 seconds
47.918: Application time: 0.0582960 seconds
47.918: [GC47.918: [ParNew: 121471K->13143K(121472K), 0.0180740 secs]47.937: [Tenured: 272500K->126977K(272976K), 0.2243810 secs] 381818K->126977K(394448K), [Perm : 9083K->9083K(21248K)], 0.2426300 secs] [Times: user=0.37 sys=0.00, real=0.25 secs] 
48.161: Total time for which application threads were stopped: 0.2427680 seconds, Stopping threads took: 0.0000730 seconds
48.206: Application time: 0.0447950 seconds
48.206: [GC48.206: [ParNew: 108032K->13440K(121472K), 0.0125710 secs] 235009K->147266K(391184K), 0.0126150 secs] [Times: user=0.10 sys=0.00, real=0.01 secs] 
48.219: Total time for which application threads were stopped: 0.0128040 seconds, Stopping threads took: 0.0001080 seconds
48.269: Application time: 0.0501380 seconds
48.269: [GC48.269: [ParNew: 121472K->13440K(121472K), 0.0230930 secs] 255298K->169083K(391184K), 0.0231400 secs] [Times: user=0.17 sys=0.00, real=0.02 secs] 
48.292: Total time for which application threads were stopped: 0.0233460 seconds, Stopping threads took: 0.0001370 seconds
48.336: Application time: 0.0435770 seconds
48.336: [GC48.336: [ParNew: 121472K->13440K(121472K), 0.0245730 secs] 277115K->193103K(391184K), 0.0246190 secs] [Times: user=0.19 sys=0.00, real=0.03 secs] 
48.361: Total time for which application threads were stopped: 0.0249060 seconds, Stopping threads took: 0.0001960 seconds
48.403: Application time: 0.0426610 seconds
48.403: [GC48.404: [ParNew: 121472K->13440K(121472K), 0.0247130 secs] 301135K->219472K(391184K), 0.0247540 secs] [Times: user=0.20 sys=0.00, real=0.02 secs] 
48.428: Total time for which application threads were stopped: 0.0249220 seconds, Stopping threads took: 0.0000990 seconds
48.471: Application time: 0.0423670 seconds
48.471: [GC48.471: [ParNew: 121433K->13440K(121472K), 0.0268040 secs] 327465K->247608K(391184K), 0.0268490 secs] [Times: user=0.21 sys=0.00, real=0.03 secs] 
48.498: Total time for which application threads were stopped: 0.0271010 seconds, Stopping threads took: 0.0001640 seconds
48.544: Application time: 0.0466090 seconds
48.545: [GC48.545: [ParNew: 121472K->13440K(121472K), 0.0254680 secs] 355640K->271378K(391184K), 0.0255120 secs] [Times: user=0.20 sys=0.00, real=0.02 secs] 
48.570: Total time for which application threads were stopped: 0.0257470 seconds, Stopping threads took: 0.0001430 seconds
48.620: Application time: 0.0501750 seconds
48.620: [GC48.620: [ParNew: 121472K->13440K(121472K), 0.0235600 secs]48.644: [Tenured: 276947K->156961K(277008K), 0.2531650 secs] 379410K->156961K(398480K), [Perm : 9084K->9084K(21248K)], 0.2770620 secs] [Times: user=0.43 sys=0.00, real=0.28 secs] 
48.898: Total time for which application threads were stopped: 0.2772150 seconds, Stopping threads took: 0.0000860 seconds
48.954: Application time: 0.0568040 seconds
48.954: [GC48.954: [ParNew: 108032K->13440K(121472K), 0.0128150 secs] 264993K->171025K(391184K), 0.0128590 secs] [Times: user=0.10 sys=0.00, real=0.01 secs] 
48.967: Total time for which application threads were stopped: 0.0130410 seconds, Stopping threads took: 0.0001060 seconds
49.021: Application time: 0.0533160 seconds
49.021: [GC49.021: [ParNew: 121472K->13440K(121472K), 0.0186350 secs] 279057K->183794K(391184K), 0.0186850 secs] [Times: user=0.15 sys=0.00, real=0.01 secs] 
49.040: Total time for which application threads were stopped: 0.0188640 seconds, Stopping threads took: 0.0001110 seconds
49.086: Application time: 0.0467980 seconds
49.086: [GC49.087: [ParNew: 121472K->13440K(121472K), 0.0216470 secs] 291826K->203473K(391184K), 0.0216930 secs] [Times: user=0.17 sys=0.00, real=0.02 secs] 
49.108: Total time for which application threads were stopped: 0.0218710 seconds, Stopping threads took: 0.0001120 seconds
49.158: Application time: 0.0502060 seconds
49.159: [GC49.159: [ParNew: 121472K->13440K(121472K), 0.0234260 secs] 311505K->224573K(391184K), 0.0234700 secs] [Times: user=0.19 sys=0.00, real=0.03 secs] 
49.182: Total time for which application threads were stopped: 0.0236330 seconds, Stopping threads took: 0.0000950 seconds
49.225: Application time: 0.0424800 seconds
49.225: [GC49.225: [ParNew: 121472K->13440K(121472K), 0.0241930 secs] 332605K->248493K(391184K), 0.0242380 secs] [Times: user=0.18 sys=0.00, real=0.02 secs] 
49.249: Total time for which application threads were stopped: 0.0244170 seconds, Stopping threads took: 0.0001120 seconds
49.292: Application time: 0.0428450 seconds
49.292: [GC49.292: [ParNew: 121472K->13440K(121472K), 0.0273340 secs] 356525K->279614K(391184K), 0.0273780 secs] [Times: user=0.22 sys=0.00, real=0.03 secs] 
49.319: Total time for which application threads were stopped: 0.0275240 seconds, Stopping threads took: 0.0000730 seconds
49.361: Application time: 0.0420130 seconds
49.361: [GC49.362: [ParNew: 121472K->13440K(121472K), 0.0265100 secs]49.388: [Tenured: 293637K->160611K(293712K), 0.2515710 secs] 387646K->160611K(415184K), [Perm : 9084K->9084K(21248K)], 0.2789110 secs] [Times: user=0.46 sys=0.01, real=0.28 secs] 
49.641: Total time for which application threads were stopped: 0.2798490 seconds, Stopping threads took: 0.0000940 seconds
49.692: Application time: 0.0504580 seconds
49.692: [GC49.692: [ParNew: 108032K->13440K(121472K), 0.0164980 secs] 268643K->181610K(391184K), 0.0165430 secs] [Times: user=0.13 sys=0.00, real=0.02 secs] 
49.708: Total time for which application threads were stopped: 0.0167400 seconds, Stopping threads took: 0.0001180 seconds
49.757: Application time: 0.0489760 seconds
49.758: [GC49.758: [ParNew: 121472K->13439K(121472K), 0.0206800 secs] 289642K->197557K(391184K), 0.0207240 secs] [Times: user=0.16 sys=0.00, real=0.02 secs] 
49.778: Total time for which application threads were stopped: 0.0209340 seconds, Stopping threads took: 0.0001440 seconds
49.838: Application time: 0.0599650 seconds
49.838: [GC49.838: [ParNew: 121471K->13440K(121472K), 0.0341270 secs] 305589K->209708K(391184K), 0.0341680 secs] [Times: user=0.24 sys=0.00, real=0.04 secs] 
49.873: Total time for which application threads were stopped: 0.0343170 seconds, Stopping threads took: 0.0000800 seconds
49.922: Application time: 0.0494640 seconds
49.922: [GC49.922: [ParNew: 121472K->13440K(121472K), 0.0200430 secs] 317740K->224797K(391184K), 0.0200870 secs] [Times: user=0.16 sys=0.00, real=0.02 secs] 
49.942: Total time for which application threads were stopped: 0.0202900 seconds, Stopping threads took: 0.0001320 seconds
49.994: Application time: 0.0514110 seconds
49.994: [GC49.994: [ParNew: 121472K->13440K(121472K), 0.0223140 secs] 332829K->243764K(391184K), 0.0223580 secs] [Times: user=0.17 sys=0.00, real=0.02 secs] 
50.016: Total time for which application threads were stopped: 0.0225470 seconds, Stopping threads took: 0.0000580 seconds
50.056: Application time: 0.0399240 seconds
50.056: [GC50.056: [ParNew: 121472K->13440K(121472K), 0.0241470 secs] 351796K->269810K(391184K), 0.0241920 secs] [Times: user=0.19 sys=0.00, real=0.03 secs] 
50.081: Total time for which application threads were stopped: 0.0243630 seconds, Stopping threads took: 0.0001030 seconds
50.127: Application time: 0.0468270 seconds
50.129: [GC50.129: [ParNew: 121472K->13440K(121472K), 0.0256890 secs]50.154: [Tenured: 282323K->136043K(282384K), 0.2081560 secs] 377842K->136043K(403856K), [Perm : 9086K->9086K(21248K)], 0.2343320 secs] [Times: user=0.41 sys=0.00, real=0.24 secs] 
50.363: Total time for which application threads were stopped: 0.2354230 seconds, Stopping threads took: 0.0010230 seconds
50.403: Application time: 0.0398040 seconds
50.403: [GC50.403: [ParNew: 108032K->13440K(121472K), 0.0166680 secs] 244075K->164788K(391184K), 0.0167130 secs] [Times: user=0.13 sys=0.00, real=0.01 secs] 
50.420: Total time for which application threads were stopped: 0.0168920 seconds, Stopping threads took: 0.0000980 seconds
50.463: Application time: 0.0434410 seconds
50.463: [GC50.463: [ParNew: 121472K->13440K(121472K), 0.0248020 secs] 272820K->190531K(391184K), 0.0248460 secs] [Times: user=0.20 sys=0.00, real=0.02 secs] 
50.488: Total time for which application threads were stopped: 0.0250140 seconds, Stopping threads took: 0.0001010 seconds
50.538: Application time: 0.0503230 seconds
50.539: [GC50.539: [ParNew: 121472K->13440K(121472K), 0.0236220 secs] 298563K->210642K(391184K), 0.0236660 secs] [Times: user=0.19 sys=0.00, real=0.03 secs] 
50.562: Total time for which application threads were stopped: 0.0238400 seconds, Stopping threads took: 0.0001050 seconds
50.617: Application time: 0.0544180 seconds
50.617: [GC50.617: [ParNew: 121472K->13440K(121472K), 0.0202430 secs] 318674K->223809K(391184K), 0.0202880 secs] [Times: user=0.16 sys=0.00, real=0.02 secs] 
50.637: Total time for which application threads were stopped: 0.0204350 seconds, Stopping threads took: 0.0000810 seconds
50.692: Application time: 0.0550070 seconds
50.692: [GC50.692: [ParNew: 121472K->13440K(121472K), 0.0174220 secs] 331841K->235606K(391184K), 0.0174660 secs] [Times: user=0.14 sys=0.00, real=0.02 secs] 
50.710: Total time for which application threads were stopped: 0.0176190 seconds, Stopping threads took: 0.0000860 seconds
50.757: Application time: 0.0474780 seconds
50.757: [GC50.757: [ParNew: 121472K->13440K(121472K), 0.0190580 secs] 343638K->249819K(391184K), 0.0191100 secs] [Times: user=0.15 sys=0.01, real=0.02 secs] 
50.776: Total time for which application threads were stopped: 0.0192980 seconds, Stopping threads took: 0.0001200 seconds
50.818: Application time: 0.0416700 seconds
50.818: [GC50.818: [ParNew: 121424K->13440K(121472K), 0.0239400 secs] 357803K->275942K(391184K), 0.0239860 secs] [Times: user=0.19 sys=0.00, real=0.03 secs] 
50.842: Total time for which application threads were stopped: 0.0241990 seconds, Stopping threads took: 0.0001230 seconds
50.889: Application time: 0.0465460 seconds
50.889: [GC50.889: [ParNew: 121472K->13440K(121472K), 0.0259990 secs]50.915: [Tenured: 287304K->129397K(287376K), 0.2203630 secs] 383974K->129397K(408848K), [Perm : 9086K->9086K(21248K)], 0.2470060 secs] [Times: user=0.42 sys=0.00, real=0.25 secs] 
51.136: Total time for which application threads were stopped: 0.2472300 seconds, Stopping threads took: 0.0001480 seconds
51.179: Application time: 0.0424750 seconds
51.179: [GC51.179: [ParNew: 108032K->13440K(121472K), 0.0137290 secs] 237429K->151708K(391184K), 0.0137740 secs] [Times: user=0.11 sys=0.01, real=0.02 secs] 
51.193: Total time for which application threads were stopped: 0.0139430 seconds, Stopping threads took: 0.0000890 seconds
51.230: Application time: 0.0378520 seconds
51.231: [GC51.231: [ParNew: 121365K->13440K(121472K), 0.0243350 secs] 259634K->181523K(391184K), 0.0243800 secs] [Times: user=0.19 sys=0.00, real=0.03 secs] 
51.255: Total time for which application threads were stopped: 0.0245360 seconds, Stopping threads took: 0.0000810 seconds
51.301: Application time: 0.0462520 seconds
51.301: [GC51.301: [ParNew: 121472K->13440K(121472K), 0.0278410 secs] 289555K->209812K(391184K), 0.0278840 secs] [Times: user=0.22 sys=0.00, real=0.02 secs] 
51.329: Total time for which application threads were stopped: 0.0280420 seconds, Stopping threads took: 0.0000920 seconds
51.379: Application time: 0.0493790 seconds
51.379: [GC51.379: [ParNew: 121472K->13440K(121472K), 0.0227330 secs] 317844K->225964K(391184K), 0.0227770 secs] [Times: user=0.18 sys=0.00, real=0.03 secs] 
51.402: Total time for which application threads were stopped: 0.0229410 seconds, Stopping threads took: 0.0000990 seconds
51.461: Application time: 0.0592180 seconds
51.461: [GC51.461: [ParNew: 121472K->13439K(121472K), 0.0188260 secs] 333996K->238561K(391184K), 0.0188700 secs] [Times: user=0.15 sys=0.00, real=0.01 secs] 
51.480: Total time for which application threads were stopped: 0.0190470 seconds, Stopping threads took: 0.0001110 seconds
51.537: Application time: 0.0566750 seconds
51.541: [GC51.541: [ParNew: 121471K->13440K(121472K), 0.0174800 secs] 346593K->248219K(391184K), 0.0175250 secs] [Times: user=0.13 sys=0.00, real=0.01 secs] 
51.558: Total time for which application threads were stopped: 0.0215890 seconds, Stopping threads took: 0.0039970 seconds
51.601: Application time: 0.0427870 seconds
51.601: [GC51.601: [ParNew: 121472K->13440K(121472K), 0.0206200 secs] 356251K->266981K(391184K), 0.0206640 secs] [Times: user=0.16 sys=0.00, real=0.02 secs] 
51.622: Total time for which application threads were stopped: 0.0208250 seconds, Stopping threads took: 0.0000920 seconds
51.666: Application time: 0.0439050 seconds
51.666: [GC51.666: [ParNew: 121472K->13440K(121472K), 0.0259460 secs]51.692: [Tenured: 281227K->134739K(281232K), 0.2259380 secs] 375013K->134739K(402704K), [Perm : 9088K->9088K(21248K)], 0.2523420 secs] [Times: user=0.43 sys=0.00, real=0.25 secs] 
51.918: Total time for which application threads were stopped: 0.2526150 seconds, Stopping threads took: 0.0001860 seconds
51.965: Application time: 0.0471700 seconds
51.966: [GC51.966: [ParNew: 108032K->13440K(121472K), 0.0164680 secs] 242771K->158106K(391184K), 0.0165120 secs] [Times: user=0.13 sys=0.00, real=0.02 secs] 
51.982: Total time for which application threads were stopped: 0.0166650 seconds, Stopping threads took: 0.0000740 seconds
52.019: Application time: 0.0372020 seconds
52.019: [GC52.019: [ParNew: 121472K->13440K(121472K), 0.0233050 secs] 266138K->183299K(391184K), 0.0233500 secs] [Times: user=0.19 sys=0.00, real=0.03 secs] 
52.043: Total time for which application threads were stopped: 0.0235260 seconds, Stopping threads took: 0.0001070 seconds
52.084: Application time: 0.0414720 seconds
52.084: [GC52.084: [ParNew: 121472K->13440K(121472K), 0.0286070 secs] 291331K->216214K(391184K), 0.0286500 secs] [Times: user=0.21 sys=0.00, real=0.03 secs] 
52.113: Total time for which application threads were stopped: 0.0288310 seconds, Stopping threads took: 0.0001030 seconds
52.159: Application time: 0.0461620 seconds
52.159: [GC52.159: [ParNew: 121472K->13440K(121472K), 0.0255600 secs] 324246K->238998K(391184K), 0.0256070 secs] [Times: user=0.20 sys=0.00, real=0.03 secs] 
52.185: Total time for which application threads were stopped: 0.0258110 seconds, Stopping threads took: 0.0001320 seconds
52.243: Application time: 0.0577480 seconds
52.243: [GC52.243: [ParNew: 121472K->13440K(121472K), 0.0232350 secs] 347030K->253166K(391184K), 0.0232780 secs] [Times: user=0.18 sys=0.00, real=0.02 secs] 
52.266: Total time for which application threads were stopped: 0.0234920 seconds, Stopping threads took: 0.0001490 seconds
52.325: Application time: 0.0584580 seconds
52.325: [GC52.325: [ParNew: 121472K->12782K(121472K), 0.0193220 secs] 361198K->264781K(391184K), 0.0193650 secs] [Times: user=0.15 sys=0.00, real=0.02 secs] 
52.344: Total time for which application threads were stopped: 0.0195260 seconds, Stopping threads took: 0.0000930 seconds
52.397: Application time: 0.0523560 seconds
52.397: [GC52.397: [ParNew: 120814K->13440K(121472K), 0.0181250 secs] 372813K->276167K(391184K), 0.0181790 secs] [Times: user=0.14 sys=0.00, real=0.02 secs] 
52.415: Total time for which application threads were stopped: 0.0184300 seconds, Stopping threads took: 0.0001810 seconds
52.458: Application time: 0.0431320 seconds
52.458: [GC52.458: [ParNew: 121472K->13440K(121472K), 0.0229400 secs]52.481: [Tenured: 286081K->127078K(286224K), 0.2109190 secs] 384199K->127078K(407696K), [Perm : 9090K->9090K(21248K)], 0.2344840 secs] [Times: user=0.37 sys=0.02, real=0.24 secs] 
52.693: Total time for which application threads were stopped: 0.2346680 seconds, Stopping threads took: 0.0001060 seconds
52.739: Application time: 0.0459930 seconds
52.739: [GC52.739: [ParNew: 108032K->13440K(121472K), 0.0172550 secs] 235110K->150887K(391184K), 0.0172990 secs] [Times: user=0.14 sys=0.00, real=0.02 secs] 
52.756: Total time for which application threads were stopped: 0.0174600 seconds, Stopping threads took: 0.0000800 seconds
52.798: Application time: 0.0416200 seconds
52.798: [GC52.798: [ParNew: 121466K->13440K(121472K), 0.0261750 secs] 258914K->178655K(391184K), 0.0262200 secs] [Times: user=0.21 sys=0.00, real=0.03 secs] 
52.824: Total time for which application threads were stopped: 0.0263940 seconds, Stopping threads took: 0.0001050 seconds
52.862: Application time: 0.0376970 seconds
52.862: [GC52.862: [ParNew: 121472K->13440K(121472K), 0.0229180 secs] 286687K->204571K(391184K), 0.0229640 secs] [Times: user=0.18 sys=0.01, real=0.02 secs] 
52.885: Total time for which application threads were stopped: 0.0231280 seconds, Stopping threads took: 0.0000970 seconds
52.929: Application time: 0.0435480 seconds
52.929: [GC52.929: [ParNew: 121472K->13440K(121472K), 0.0282050 secs] 312603K->235383K(391184K), 0.0282490 secs] [Times: user=0.22 sys=0.00, real=0.03 secs] 
52.957: Total time for which application threads were stopped: 0.0284100 seconds, Stopping threads took: 0.0000940 seconds
53.006: Application time: 0.0485190 seconds
53.006: [GC53.006: [ParNew: 121472K->13440K(121472K), 0.0243840 secs] 343415K->254835K(391184K), 0.0244280 secs] [Times: user=0.19 sys=0.00, real=0.02 secs] 
53.030: Total time for which application threads were stopped: 0.0246100 seconds, Stopping threads took: 0.0001170 seconds
53.089: Application time: 0.0586520 seconds
53.093: [GC53.093: [ParNew: 121472K->13439K(121472K), 0.0195280 secs] 362867K->267526K(391184K), 0.0195720 secs] [Times: user=0.15 sys=0.00, real=0.01 secs] 
53.112: Total time for which application threads were stopped: 0.0232600 seconds, Stopping threads took: 0.0036020 seconds
53.167: Application time: 0.0547830 seconds
53.167: [GC53.167: [ParNew: 121471K->13440K(121472K), 0.0181150 secs] 375558K->277494K(391184K), 0.0181590 secs] [Times: user=0.14 sys=0.00, real=0.02 secs] 
53.185: Total time for which application threads were stopped: 0.0183760 seconds, Stopping threads took: 0.0001430 seconds
53.231: Application time: 0.0454940 seconds
53.231: [GC53.231: [ParNew: 121472K->13440K(121472K), 0.0205240 secs]53.252: [Tenured: 280465K->132881K(280656K), 0.2112490 secs] 385526K->132881K(402128K), [Perm : 9090K->9090K(21248K)], 0.2322090 secs] [Times: user=0.37 sys=0.00, real=0.24 secs] 
53.463: Total time for which application threads were stopped: 0.2324450 seconds, Stopping threads took: 0.0001470 seconds
53.512: Application time: 0.0487460 seconds
53.512: [GC53.512: [ParNew: 108032K->13440K(121472K), 0.0171110 secs] 240913K->157145K(391184K), 0.0171590 secs] [Times: user=0.13 sys=0.00, real=0.02 secs] 
53.529: Total time for which application threads were stopped: 0.0173680 seconds, Stopping threads took: 0.0001230 seconds
53.574: Application time: 0.0441940 seconds
53.574: [GC53.574: [ParNew: 121472K->13440K(121472K), 0.0234420 secs] 265177K->180100K(391184K), 0.0234850 secs] [Times: user=0.18 sys=0.00, real=0.02 secs] 
53.597: Total time for which application threads were stopped: 0.0236590 seconds, Stopping threads took: 0.0001060 seconds
53.637: Application time: 0.0392610 seconds
53.637: [GC53.637: [ParNew: 121472K->13440K(121472K), 0.0248750 secs] 288132K->208056K(391184K), 0.0249290 secs] [Times: user=0.20 sys=0.00, real=0.03 secs] 
53.662: Total time for which application threads were stopped: 0.0250560 seconds, Stopping threads took: 0.0000600 seconds
53.705: Application time: 0.0429400 seconds
53.705: [GC53.705: [ParNew: 121472K->13440K(121472K), 0.0273520 secs] 316088K->237049K(391184K), 0.0273960 secs] [Times: user=0.22 sys=0.01, real=0.02 secs] 
53.732: Total time for which application threads were stopped: 0.0275300 seconds, Stopping threads took: 0.0000660 seconds
53.774: Application time: 0.0414020 seconds
53.774: [GC53.774: [ParNew: 121472K->13440K(121472K), 0.0255540 secs] 345081K->262661K(391184K), 0.0256000 secs] [Times: user=0.20 sys=0.00, real=0.02 secs] 
53.799: Total time for which application threads were stopped: 0.0258060 seconds, Stopping threads took: 0.0001350 seconds
53.854: Application time: 0.0550870 seconds
53.855: [GC53.855: [ParNew: 121472K->13440K(121472K), 0.0249870 secs] 370693K->280450K(391184K), 0.0250310 secs] [Times: user=0.20 sys=0.00, real=0.02 secs] 
53.880: Total time for which application threads were stopped: 0.0251900 seconds, Stopping threads took: 0.0000960 seconds
53.936: Application time: 0.0563190 seconds
53.936: [GC53.936: [ParNew: 121472K->13436K(121472K), 0.0199560 secs]53.956: [Tenured: 280095K->133651K(280272K), 0.2325540 secs] 388482K->133651K(401744K), [Perm : 9090K->9090K(21248K)], 0.2529680 secs] [Times: user=0.39 sys=0.00, real=0.25 secs] 
54.189: Total time for which application threads were stopped: 0.2531360 seconds, Stopping threads took: 0.0000950 seconds
54.243: Application time: 0.0537730 seconds
54.243: [GC54.243: [ParNew: 108032K->13440K(121472K), 0.0107630 secs] 241683K->149355K(391184K), 0.0108070 secs] [Times: user=0.08 sys=0.00, real=0.01 secs] 
54.254: Total time for which application threads were stopped: 0.0109960 seconds, Stopping threads took: 0.0001060 seconds
54.297: Application time: 0.0429890 seconds
54.297: [GC54.297: [ParNew: 121472K->13440K(121472K), 0.0217610 secs] 257387K->170786K(391184K), 0.0218070 secs] [Times: user=0.18 sys=0.00, real=0.02 secs] 
54.319: Total time for which application threads were stopped: 0.0219780 seconds, Stopping threads took: 0.0001030 seconds
54.368: Application time: 0.0492660 seconds
54.368: [GC54.368: [ParNew: 121472K->13440K(121472K), 0.0235420 secs] 278818K->192374K(391184K), 0.0235860 secs] [Times: user=0.18 sys=0.00, real=0.02 secs] 
54.392: Total time for which application threads were stopped: 0.0237410 seconds, Stopping threads took: 0.0000870 seconds
54.430: Application time: 0.0382840 seconds
54.430: [GC54.430: [ParNew: 121472K->13440K(121472K), 0.0235860 secs] 300406K->217214K(391184K), 0.0236310 secs] [Times: user=0.18 sys=0.00, real=0.03 secs] 
54.454: Total time for which application threads were stopped: 0.0238130 seconds, Stopping threads took: 0.0001150 seconds
54.499: Application time: 0.0454870 seconds
54.500: [GC54.500: [ParNew: 121447K->13440K(121472K), 0.0279900 secs] 325221K->246088K(391184K), 0.0280350 secs] [Times: user=0.22 sys=0.00, real=0.03 secs] 
54.528: Total time for which application threads were stopped: 0.0282140 seconds, Stopping threads took: 0.0001130 seconds
54.568: Application time: 0.0401880 seconds
54.568: [GC54.568: [ParNew: 121472K->13440K(121472K), 0.0255960 secs] 354120K->272765K(391184K), 0.0256400 secs] [Times: user=0.21 sys=0.00, real=0.03 secs] 
54.594: Total time for which application threads were stopped: 0.0257770 seconds, Stopping threads took: 0.0000670 seconds
54.638: Application time: 0.0446180 seconds
54.638: [GC54.638: [ParNew: 121472K->13438K(121472K), 0.0251710 secs]54.664: [Tenured: 284294K->164595K(284496K), 0.2582940 secs] 380797K->164595K(405968K), [Perm : 9090K->9090K(21248K)], 0.2839090 secs] [Times: user=0.44 sys=0.01, real=0.29 secs] 
54.922: Total time for which application threads were stopped: 0.2841690 seconds, Stopping threads took: 0.0001680 seconds
54.981: Application time: 0.0583820 seconds
54.981: [GC54.981: [ParNew: 109824K->13696K(123520K), 0.0125700 secs] 274419K->178299K(397848K), 0.0126210 secs] [Times: user=0.10 sys=0.00, real=0.01 secs] 
54.994: Total time for which application threads were stopped: 0.0127820 seconds, Stopping threads took: 0.0000840 seconds
55.054: Application time: 0.0599550 seconds
55.055: [GC55.055: [ParNew: 123520K->13016K(123520K), 0.0192970 secs] 288123K->190116K(397848K), 0.0193400 secs] [Times: user=0.15 sys=0.00, real=0.02 secs] 
55.074: Total time for which application threads were stopped: 0.0208600 seconds, Stopping threads took: 0.0014560 seconds
55.120: Application time: 0.0454350 seconds
55.120: [GC55.120: [ParNew: 122840K->13696K(123520K), 0.0194960 secs] 299940K->206052K(397848K), 0.0195400 secs] [Times: user=0.16 sys=0.00, real=0.02 secs] 
55.140: Total time for which application threads were stopped: 0.0197090 seconds, Stopping threads took: 0.0001000 seconds
55.188: Application time: 0.0482280 seconds
55.188: [GC55.188: [ParNew: 123520K->13696K(123520K), 0.0233350 secs] 315876K->229113K(397848K), 0.0233790 secs] [Times: user=0.18 sys=0.00, real=0.02 secs] 
55.211: Total time for which application threads were stopped: 0.0235640 seconds, Stopping threads took: 0.0001150 seconds
55.255: Application time: 0.0436720 seconds
55.257: [GC55.257: [ParNew: 123520K->13696K(123520K), 0.0250500 secs] 338937K->253562K(397848K), 0.0250970 secs] [Times: user=0.20 sys=0.00, real=0.03 secs] 
55.282: Total time for which application threads were stopped: 0.0266590 seconds, Stopping threads took: 0.0014940 seconds
55.327: Application time: 0.0453770 seconds
55.329: [GC55.329: [ParNew: 123520K->13696K(123520K), 0.0252920 secs] 363386K->279812K(397848K), 0.0253380 secs] [Times: user=0.19 sys=0.00, real=0.03 secs] 
55.354: Total time for which application threads were stopped: 0.0268170 seconds, Stopping threads took: 0.0014120 seconds
55.400: Application time: 0.0463830 seconds
55.400: [GC55.400: [ParNew: 123520K->13696K(123520K), 0.0291870 secs]55.430: [Tenured: 295602K->151170K(296024K), 0.2329070 secs] 389636K->151170K(419544K), [Perm : 9091K->9091K(21248K)], 0.2628160 secs] [Times: user=0.46 sys=0.00, real=0.27 secs] 
55.663: Total time for which application threads were stopped: 0.2629620 seconds, Stopping threads took: 0.0000790 seconds
55.707: Application time: 0.0440230 seconds
55.707: [GC55.707: [ParNew: 109824K->13696K(123520K), 0.0152400 secs] 260994K->174818K(397848K), 0.0152840 secs] [Times: user=0.12 sys=0.00, real=0.02 secs] 
55.723: Total time for which application threads were stopped: 0.0154760 seconds, Stopping threads took: 0.0001070 seconds
55.775: Application time: 0.0520470 seconds
55.775: [GC55.775: [ParNew: 123520K->13696K(123520K), 0.0235380 secs] 284642K->194778K(397848K), 0.0235810 secs] [Times: user=0.19 sys=0.00, real=0.02 secs] 
55.799: Total time for which application threads were stopped: 0.0237320 seconds, Stopping threads took: 0.0000840 seconds
55.854: Application time: 0.0559870 seconds
55.855: [GC55.855: [ParNew: 123520K->13526K(123520K), 0.0200660 secs] 304602K->207412K(397848K), 0.0201090 secs] [Times: user=0.15 sys=0.00, real=0.02 secs] 
55.875: Total time for which application threads were stopped: 0.0203040 seconds, Stopping threads took: 0.0001300 seconds
55.927: Application time: 0.0524650 seconds
55.927: [GC55.927: [ParNew: 123350K->13696K(123520K), 0.0182800 secs] 317236K->219109K(397848K), 0.0183260 secs] [Times: user=0.14 sys=0.00, real=0.02 secs] 
55.946: Total time for which application threads were stopped: 0.0185010 seconds, Stopping threads took: 0.0001060 seconds
55.989: Application time: 0.0433930 seconds
55.989: [GC55.989: [ParNew: 123520K->13696K(123520K), 0.0212960 secs] 328933K->239920K(397848K), 0.0213400 secs] [Times: user=0.17 sys=0.00, real=0.02 secs] 
56.011: Total time for which application threads were stopped: 0.0215070 seconds, Stopping threads took: 0.0001000 seconds
56.060: Application time: 0.0494470 seconds
56.060: [GC56.060: [ParNew: 123520K->13696K(123520K), 0.0255090 secs] 349744K->264657K(397848K), 0.0255540 secs] [Times: user=0.20 sys=0.00, real=0.03 secs] 
56.086: Total time for which application threads were stopped: 0.0257170 seconds, Stopping threads took: 0.0000970 seconds
56.126: Application time: 0.0397640 seconds
56.126: [GC56.126: [ParNew: 123520K->13696K(123520K), 0.0251490 secs]56.151: [Tenured: 276774K->142972K(277016K), 0.2183070 secs] 374481K->142972K(400536K), [Perm : 9092K->9092K(21248K)], 0.2436340 secs] [Times: user=0.42 sys=0.00, real=0.24 secs] 
56.369: Total time for which application threads were stopped: 0.2438210 seconds, Stopping threads took: 0.0001160 seconds
56.417: Application time: 0.0473980 seconds
56.417: [GC56.417: [ParNew: 109824K->13696K(123520K), 0.0197840 secs] 252796K->171754K(397848K), 0.0198290 secs] [Times: user=0.12 sys=0.03, real=0.02 secs] 
56.437: Total time for which application threads were stopped: 0.0199660 seconds, Stopping threads took: 0.0000550 seconds
56.482: Application time: 0.0448050 seconds
56.482: [GC56.482: [ParNew: 123520K->13696K(123520K), 0.0251900 secs] 281578K->195400K(397848K), 0.0252360 secs] [Times: user=0.19 sys=0.00, real=0.02 secs] 
56.507: Total time for which application threads were stopped: 0.0254980 seconds, Stopping threads took: 0.0001740 seconds
56.554: Application time: 0.0472580 seconds
56.555: [GC56.555: [ParNew: 123520K->13694K(123520K), 0.0244140 secs] 305224K->219444K(397848K), 0.0244590 secs] [Times: user=0.20 sys=0.00, real=0.02 secs] 
56.579: Total time for which application threads were stopped: 0.0246560 seconds, Stopping threads took: 0.0001250 seconds
56.633: Application time: 0.0541880 seconds
56.633: [GC56.633: [ParNew: 123518K->13694K(123520K), 0.0226470 secs] 329268K->234659K(397848K), 0.0226920 secs] [Times: user=0.18 sys=0.00, real=0.02 secs] 
56.656: Total time for which application threads were stopped: 0.0228560 seconds, Stopping threads took: 0.0000970 seconds
56.716: Application time: 0.0600490 seconds
56.716: [GC56.716: [ParNew: 123518K->13256K(123520K), 0.0202280 secs] 344483K->246988K(397848K), 0.0202720 secs] [Times: user=0.16 sys=0.00, real=0.02 secs] 
56.737: Total time for which application threads were stopped: 0.0204200 seconds, Stopping threads took: 0.0000830 seconds
56.786: Application time: 0.0492820 seconds
56.786: [GC56.786: [ParNew: 123080K->13696K(123520K), 0.0212770 secs] 356812K->262708K(397848K), 0.0213230 secs] [Times: user=0.17 sys=0.00, real=0.02 secs] 
56.807: Total time for which application threads were stopped: 0.0214960 seconds, Stopping threads took: 0.0001030 seconds
56.856: Application time: 0.0482340 seconds
56.856: [GC56.856: [ParNew: 123520K->13696K(123520K), 0.0240800 secs] 372532K->286358K(397848K), 0.0241230 secs] [Times: user=0.19 sys=0.00, real=0.02 secs] 
56.880: Total time for which application threads were stopped: 0.0242520 seconds, Stopping threads took: 0.0000610 seconds
56.920: Application time: 0.0397520 seconds
56.920: [GC56.920: [ParNew: 123520K->13696K(123520K), 0.0275190 secs]56.947: [Tenured: 302045K->128110K(302552K), 0.2208320 secs] 396182K->128110K(426072K), [Perm : 9094K->9094K(21248K)], 0.2492630 secs] [Times: user=0.43 sys=0.00, real=0.25 secs] 
57.169: Total time for which application threads were stopped: 0.2494340 seconds, Stopping threads took: 0.0000880 seconds
57.213: Application time: 0.0435520 seconds
57.213: [GC57.213: [ParNew: 109824K->13696K(123520K), 0.0184200 secs] 237934K->154698K(397848K), 0.0184630 secs] [Times: user=0.14 sys=0.00, real=0.01 secs] 
57.231: Total time for which application threads were stopped: 0.0185990 seconds, Stopping threads took: 0.0000690 seconds
57.278: Application time: 0.0465800 seconds
57.278: [GC57.278: [ParNew: 123520K->13696K(123520K), 0.0255020 secs] 264522K->179021K(397848K), 0.0255470 secs] [Times: user=0.20 sys=0.00, real=0.03 secs] 
57.303: Total time for which application threads were stopped: 0.0257060 seconds, Stopping threads took: 0.0000910 seconds
57.349: Application time: 0.0454410 seconds
57.349: [GC57.349: [ParNew: 123520K->13696K(123520K), 0.0241710 secs] 288845K->201965K(397848K), 0.0242140 secs] [Times: user=0.19 sys=0.00, real=0.03 secs] 
57.373: Total time for which application threads were stopped: 0.0244320 seconds, Stopping threads took: 0.0001190 seconds
57.425: Application time: 0.0520780 seconds
57.426: [GC57.426: [ParNew: 123520K->13696K(123520K), 0.0236200 secs] 311789K->221450K(397848K), 0.0236650 secs] [Times: user=0.19 sys=0.00, real=0.02 secs] 
57.449: Total time for which application threads were stopped: 0.0239150 seconds, Stopping threads took: 0.0001470 seconds
57.509: Application time: 0.0600130 seconds
57.512: [GC57.512: [ParNew: 123520K->13696K(123520K), 0.0231120 secs] 331274K->234627K(397848K), 0.0231610 secs] [Times: user=0.18 sys=0.00, real=0.03 secs] 
57.535: Total time for which application threads were stopped: 0.0254340 seconds, Stopping threads took: 0.0022000 seconds
57.590: Application time: 0.0552260 seconds
57.590: [GC57.590: [ParNew: 123520K->13696K(123520K), 0.0193230 secs] 344451K->247211K(397848K), 0.0193680 secs] [Times: user=0.16 sys=0.00, real=0.02 secs] 
57.610: Total time for which application threads were stopped: 0.0195300 seconds, Stopping threads took: 0.0000950 seconds
57.654: Application time: 0.0446090 seconds
57.654: [GC57.654: [ParNew: 123520K->13696K(123520K), 0.0218260 secs] 357035K->267486K(397848K), 0.0218720 secs] [Times: user=0.17 sys=0.00, real=0.02 secs] 
57.676: Total time for which application threads were stopped: 0.0220490 seconds, Stopping threads took: 0.0001090 seconds
57.723: Application time: 0.0466480 seconds
57.723: [GC57.723: [ParNew: 123520K->13696K(123520K), 0.0269910 secs]57.750: [Tenured: 282139K->136386K(282584K), 0.2119310 secs] 377310K->136386K(406104K), [Perm : 9095K->9095K(21248K)], 0.2392850 secs] [Times: user=0.42 sys=0.00, real=0.24 secs] 
57.962: Total time for which application threads were stopped: 0.2394610 seconds, Stopping threads took: 0.0001050 seconds
58.003: Application time: 0.0406910 seconds
58.003: [GC58.003: [ParNew: 109824K->13696K(123520K), 0.0164320 secs] 246210K->163315K(397848K), 0.0164770 secs] [Times: user=0.13 sys=0.00, real=0.01 secs] 
58.020: Total time for which application threads were stopped: 0.0166510 seconds, Stopping threads took: 0.0000930 seconds
58.070: Application time: 0.0502700 seconds
58.070: [GC58.070: [ParNew: 123520K->13696K(123520K), 0.0257810 secs] 273139K->188383K(397848K), 0.0258240 secs] [Times: user=0.21 sys=0.00, real=0.03 secs] 
58.096: Total time for which application threads were stopped: 0.0260150 seconds, Stopping threads took: 0.0001270 seconds
58.139: Application time: 0.0426120 seconds
58.139: [GC58.139: [ParNew: 123520K->13696K(123520K), 0.0230550 secs] 298207K->210345K(397848K), 0.0231000 secs] [Times: user=0.18 sys=0.00, real=0.03 secs] 
58.162: Total time for which application threads were stopped: 0.0232760 seconds, Stopping threads took: 0.0001090 seconds
58.211: Application time: 0.0489720 seconds
58.211: [GC58.211: [ParNew: 123520K->13696K(123520K), 0.0260420 secs] 320169K->235038K(397848K), 0.0260860 secs] [Times: user=0.21 sys=0.00, real=0.03 secs] 
58.237: Total time for which application threads were stopped: 0.0262220 seconds, Stopping threads took: 0.0000670 seconds
58.290: Application time: 0.0533400 seconds
58.291: [GC58.291: [ParNew: 123520K->13696K(123520K), 0.0223040 secs] 344862K->250654K(397848K), 0.0223480 secs] [Times: user=0.17 sys=0.00, real=0.03 secs] 
58.313: Total time for which application threads were stopped: 0.0224960 seconds, Stopping threads took: 0.0000820 seconds
58.371: Application time: 0.0584000 seconds
58.372: [GC58.372: [ParNew: 123520K->13658K(123520K), 0.0184470 secs] 360478K->263477K(397848K), 0.0184900 secs] [Times: user=0.15 sys=0.00, real=0.02 secs] 
58.390: Total time for which application threads were stopped: 0.0187050 seconds, Stopping threads took: 0.0001520 seconds
58.435: Application time: 0.0450110 seconds
58.435: [GC58.435: [ParNew: 123482K->13696K(123520K), 0.0199930 secs] 373301K->279756K(397848K), 0.0200380 secs] [Times: user=0.16 sys=0.00, real=0.02 secs] 
58.455: Total time for which application threads were stopped: 0.0201980 seconds, Stopping threads took: 0.0000910 seconds
58.500: Application time: 0.0450830 seconds
58.500: [GC58.501: [ParNew: 123520K->13696K(123520K), 0.0248990 secs]58.525: [Tenured: 291165K->131734K(291224K), 0.2017970 secs] 389580K->131734K(414744K), [Perm : 9095K->9095K(21248K)], 0.2273820 secs] [Times: user=0.39 sys=0.00, real=0.22 secs] 
58.728: Total time for which application threads were stopped: 0.2275720 seconds, Stopping threads took: 0.0001180 seconds
58.768: Application time: 0.0402990 seconds
58.768: [GC58.768: [ParNew: 109824K->13696K(123520K), 0.0173040 secs] 241558K->160364K(397848K), 0.0173500 secs] [Times: user=0.14 sys=0.00, real=0.02 secs] 
58.786: Total time for which application threads were stopped: 0.0175360 seconds, Stopping threads took: 0.0001050 seconds
58.832: Application time: 0.0465650 seconds
58.832: [GC58.832: [ParNew: 123520K->13696K(123520K), 0.0262690 secs] 270188K->185569K(397848K), 0.0263140 secs] [Times: user=0.20 sys=0.00, real=0.02 secs] 
58.859: Total time for which application threads were stopped: 0.0264890 seconds, Stopping threads took: 0.0000990 seconds
58.906: Application time: 0.0474270 seconds
58.906: [GC58.906: [ParNew: 123520K->13696K(123520K), 0.0236960 secs] 295393K->207206K(397848K), 0.0237380 secs] [Times: user=0.19 sys=0.00, real=0.02 secs] 
58.930: Total time for which application threads were stopped: 0.0238850 seconds, Stopping threads took: 0.0000800 seconds
58.974: Application time: 0.0438240 seconds
58.974: [GC58.974: [ParNew: 123382K->13696K(123520K), 0.0245170 secs] 316893K->232222K(397848K), 0.0245630 secs] [Times: user=0.19 sys=0.00, real=0.02 secs] 
58.999: Total time for which application threads were stopped: 0.0247490 seconds, Stopping threads took: 0.0001180 seconds
59.051: Application time: 0.0519580 seconds
59.053: [GC59.053: [ParNew: 123520K->13696K(123520K), 0.0238840 secs] 342046K->252031K(397848K), 0.0239280 secs] [Times: user=0.19 sys=0.00, real=0.02 secs] 
59.077: Total time for which application threads were stopped: 0.0258860 seconds, Stopping threads took: 0.0018710 seconds
59.134: Application time: 0.0578840 seconds
59.135: [GC59.135: [ParNew: 123520K->13694K(123520K), 0.0201910 secs] 361855K->264903K(397848K), 0.0202360 secs] [Times: user=0.16 sys=0.00, real=0.02 secs] 
59.155: Total time for which application threads were stopped: 0.0203980 seconds, Stopping threads took: 0.0000960 seconds
59.206: Application time: 0.0510530 seconds
59.206: [GC59.206: [ParNew: 123518K->13696K(123520K), 0.0191330 secs] 374727K->278282K(397848K), 0.0191780 secs] [Times: user=0.15 sys=0.00, real=0.02 secs] 
59.225: Total time for which application threads were stopped: 0.0193260 seconds, Stopping threads took: 0.0000800 seconds
59.270: Application time: 0.0451850 seconds
59.271: [GC59.271: [ParNew: 123520K->13696K(123520K), 0.0233660 secs]59.294: [Tenured: 287430K->134224K(287576K), 0.2075620 secs] 388106K->134224K(411096K), [Perm : 9096K->9096K(21248K)], 0.2314760 secs] [Times: user=0.39 sys=0.00, real=0.24 secs] 
59.502: Total time for which application threads were stopped: 0.2316260 seconds, Stopping threads took: 0.0000660 seconds
59.548: Application time: 0.0464120 seconds
59.549: [GC59.549: [ParNew: 109824K->13696K(123520K), 0.0162300 secs] 244048K->158793K(397848K), 0.0162770 secs] [Times: user=0.13 sys=0.00, real=0.02 secs] 
59.565: Total time for which application threads were stopped: 0.0164440 seconds, Stopping threads took: 0.0000990 seconds
59.607: Application time: 0.0419360 seconds
59.607: [GC59.607: [ParNew: 123520K->13696K(123520K), 0.0248620 secs] 268617K->184712K(397848K), 0.0249070 secs] [Times: user=0.20 sys=0.00, real=0.02 secs] 
59.632: Total time for which application threads were stopped: 0.0250840 seconds, Stopping threads took: 0.0001080 seconds
59.682: Application time: 0.0499300 seconds
59.682: [GC59.682: [ParNew: 123520K->13696K(123520K), 0.0263190 secs] 294536K->209860K(397848K), 0.0263690 secs] [Times: user=0.20 sys=0.00, real=0.02 secs] 
59.708: Total time for which application threads were stopped: 0.0266480 seconds, Stopping threads took: 0.0002100 seconds
59.751: Application time: 0.0429660 seconds
59.752: [GC59.752: [ParNew: 123492K->13696K(123520K), 0.0234840 secs] 319656K->232390K(397848K), 0.0235380 secs] [Times: user=0.19 sys=0.00, real=0.03 secs] 
59.775: Total time for which application threads were stopped: 0.0237810 seconds, Stopping threads took: 0.0001750 seconds
59.824: Application time: 0.0488620 seconds
59.824: [GC59.824: [ParNew: 123520K->13694K(123520K), 0.0254390 secs] 342214K->257296K(397848K), 0.0254830 secs] [Times: user=0.20 sys=0.00, real=0.02 secs] 
59.850: Total time for which application threads were stopped: 0.0257050 seconds, Stopping threads took: 0.0001410 seconds
59.903: Application time: 0.0536880 seconds
59.904: [GC59.904: [ParNew: 123518K->13696K(123520K), 0.0245870 secs] 367120K->273359K(397848K), 0.0246300 secs] [Times: user=0.20 sys=0.00, real=0.02 secs] 
59.928: Total time for which application threads were stopped: 0.0248400 seconds, Stopping threads took: 0.0001440 seconds
59.983: Application time: 0.0542320 seconds
59.983: [GC59.983: [ParNew: 123520K->13696K(123520K), 0.0198970 secs] 383183K->287030K(397848K), 0.0199430 secs] [Times: user=0.16 sys=0.00, real=0.02 secs] 
60.003: Total time for which application threads were stopped: 0.0201390 seconds, Stopping threads took: 0.0001280 seconds
60.052: Application time: 0.0488150 seconds
60.052: [GC60.052: [ParNew: 123520K->13696K(123520K), 0.0232680 secs]60.075: [Tenured: 292071K->123745K(292184K), 0.2142710 secs] 396854K->123745K(415704K), [Perm : 9096K->9096K(21248K)], 0.2381740 secs] [Times: user=0.36 sys=0.00, real=0.24 secs] 
60.290: Total time for which application threads were stopped: 0.2383140 seconds, Stopping threads took: 0.0000730 seconds
60.333: Application time: 0.0435930 seconds
60.334: [GC60.334: [ParNew: 109824K->13696K(123520K), 0.0152440 secs] 233569K->147662K(397848K), 0.0152900 secs] [Times: user=0.12 sys=0.00, real=0.01 secs] 
60.349: Total time for which application threads were stopped: 0.0154780 seconds, Stopping threads took: 0.0001050 seconds
60.393: Application time: 0.0436460 seconds
60.397: [GC60.397: [ParNew: 123514K->13696K(123520K), 0.0240940 secs] 257480K->173076K(397848K), 0.0241390 secs] [Times: user=0.18 sys=0.01, real=0.03 secs] 
60.421: Total time for which application threads were stopped: 0.0281360 seconds, Stopping threads took: 0.0039310 seconds
60.468: Application time: 0.0473670 seconds
60.468: [GC60.468: [ParNew: 123520K->13696K(123520K), 0.0250800 secs] 282900K->196650K(397848K), 0.0251240 secs] [Times: user=0.20 sys=0.00, real=0.03 secs] 
60.493: Total time for which application threads were stopped: 0.0252850 seconds, Stopping threads took: 0.0000940 seconds
60.539: Application time: 0.0459160 seconds
60.539: [GC60.539: [ParNew: 123520K->13696K(123520K), 0.0247630 secs] 306474K->219875K(397848K), 0.0248090 secs] [Times: user=0.19 sys=0.00, real=0.03 secs] 
60.564: Total time for which application threads were stopped: 0.0249990 seconds, Stopping threads took: 0.0001230 seconds
60.607: Application time: 0.0422510 seconds
60.607: [GC60.607: [ParNew: 123520K->13696K(123520K), 0.0237500 secs] 329699K->245001K(397848K), 0.0237950 secs] [Times: user=0.19 sys=0.00, real=0.02 secs] 
60.631: Total time for which application threads were stopped: 0.0240410 seconds, Stopping threads took: 0.0001790 seconds
60.683: Application time: 0.0525150 seconds
60.683: [GC60.683: [ParNew: 123520K->13696K(123520K), 0.0247330 secs] 354825K->266467K(397848K), 0.0247750 secs] [Times: user=0.19 sys=0.00, real=0.02 secs] 
60.708: Total time for which application threads were stopped: 0.0249990 seconds, Stopping threads took: 0.0001010 seconds
60.765: Application time: 0.0565450 seconds
60.765: [GC60.765: [ParNew: 123520K->13696K(123520K), 0.0197870 secs] 376291K->279861K(397848K), 0.0198300 secs] [Times: user=0.16 sys=0.00, real=0.02 secs] 
60.785: Total time for which application threads were stopped: 0.0200210 seconds, Stopping threads took: 0.0001050 seconds
60.835: Application time: 0.0505240 seconds
60.835: [GC60.835: [ParNew: 123520K->13696K(123520K), 0.0204140 secs]60.856: [Tenured: 280771K->141475K(281048K), 0.2222020 secs] 389685K->141475K(404568K), [Perm : 9098K->9098K(21248K)], 0.2429460 secs] [Times: user=0.38 sys=0.00, real=0.24 secs] 
61.078: Total time for which application threads were stopped: 0.2431300 seconds, Stopping threads took: 0.0000970 seconds
61.126: Application time: 0.0473870 seconds
61.126: [GC61.126: [ParNew: 109824K->13696K(123520K), 0.0151440 secs] 251299K->164307K(397848K), 0.0151900 secs] [Times: user=0.12 sys=0.00, real=0.02 secs] 
61.141: Total time for which application threads were stopped: 0.0153540 seconds, Stopping threads took: 0.0000950 seconds
61.181: Application time: 0.0398560 seconds
61.181: [GC61.181: [ParNew: 123520K->13696K(123520K), 0.0245810 secs] 274131K->191120K(397848K), 0.0246260 secs] [Times: user=0.19 sys=0.00, real=0.02 secs] 
61.206: Total time for which application threads were stopped: 0.0248220 seconds, Stopping threads took: 0.0001260 seconds
61.256: Application time: 0.0497530 seconds
61.256: [GC61.256: [ParNew: 123324K->13696K(123520K), 0.0271910 secs] 300749K->216468K(397848K), 0.0272370 secs] [Times: user=0.21 sys=0.00, real=0.03 secs] 
61.283: Total time for which application threads were stopped: 0.0274020 seconds, Stopping threads took: 0.0000970 seconds
61.333: Application time: 0.0499720 seconds
61.333: [GC61.333: [ParNew: 123520K->13696K(123520K), 0.0234850 secs] 326292K->235455K(397848K), 0.0235310 secs] [Times: user=0.19 sys=0.00, real=0.02 secs] 
61.357: Total time for which application threads were stopped: 0.0236770 seconds, Stopping threads took: 0.0000790 seconds
61.400: Application time: 0.0429340 seconds
61.400: [GC61.400: [ParNew: 123520K->13696K(123520K), 0.0234930 secs] 345279K->259709K(397848K), 0.0235370 secs] [Times: user=0.19 sys=0.00, real=0.03 secs] 
61.423: Total time for which application threads were stopped: 0.0236880 seconds, Stopping threads took: 0.0000680 seconds
61.467: Application time: 0.0436910 seconds
61.467: [GC61.467: [ParNew: 123520K->13696K(123520K), 0.0251410 secs] 369533K->285968K(397848K), 0.0251870 secs] [Times: user=0.20 sys=0.00, real=0.02 secs] 
61.492: Total time for which application threads were stopped: 0.0253580 seconds, Stopping threads took: 0.0001030 seconds
61.550: Application time: 0.0573150 seconds
61.553: [GC61.553: [ParNew: 123520K->13696K(123520K), 0.0227790 secs]61.575: [Tenured: 286958K->155205K(287000K), 0.2427680 secs] 395792K->155205K(410520K), [Perm : 9099K->9099K(21248K)], 0.2660370 secs] [Times: user=0.42 sys=0.00, real=0.26 secs] 
61.819: Total time for which application threads were stopped: 0.2690440 seconds, Stopping threads took: 0.0029380 seconds
61.872: Application time: 0.0535270 seconds
61.872: [GC61.872: [ParNew: 109723K->13696K(123520K), 0.0110040 secs] 264929K->169382K(397848K), 0.0110480 secs] [Times: user=0.09 sys=0.00, real=0.02 secs] 
61.883: Total time for which application threads were stopped: 0.0112100 seconds, Stopping threads took: 0.0000960 seconds
61.936: Application time: 0.0523680 seconds
61.936: [GC61.936: [ParNew: 123520K->13696K(123520K), 0.0212390 secs] 279206K->187019K(397848K), 0.0212840 secs] [Times: user=0.16 sys=0.00, real=0.02 secs] 
61.957: Total time for which application threads were stopped: 0.0214830 seconds, Stopping threads took: 0.0001180 seconds
61.997: Application time: 0.0402870 seconds
61.998: [GC61.998: [ParNew: 123520K->13696K(123520K), 0.0245580 secs] 296843K->213665K(397848K), 0.0246020 secs] [Times: user=0.19 sys=0.00, real=0.03 secs] 
62.022: Total time for which application threads were stopped: 0.0247850 seconds, Stopping threads took: 0.0001150 seconds
62.069: Application time: 0.0465930 seconds
62.069: [GC62.069: [ParNew: 123520K->13696K(123520K), 0.0269640 secs] 323489K->240693K(397848K), 0.0270080 secs] [Times: user=0.21 sys=0.00, real=0.03 secs] 
62.096: Total time for which application threads were stopped: 0.0271680 seconds, Stopping threads took: 0.0000900 seconds
62.147: Application time: 0.0510520 seconds
62.147: [GC62.147: [ParNew: 123520K->13696K(123520K), 0.0239270 secs] 350517K->260236K(397848K), 0.0239790 secs] [Times: user=0.19 sys=0.00, real=0.02 secs] 
62.171: Total time for which application threads were stopped: 0.0241630 seconds, Stopping threads took: 0.0001080 seconds
62.217: Application time: 0.0461200 seconds
62.218: [GC62.218: [ParNew: 123520K->13696K(123520K), 0.0238480 secs] 370060K->282212K(397848K), 0.0238910 secs] [Times: user=0.19 sys=0.00, real=0.03 secs] 
62.242: Total time for which application threads were stopped: 0.0241200 seconds, Stopping threads took: 0.0001640 seconds
62.281: Application time: 0.0399120 seconds
62.282: [GC62.282: [ParNew: 123472K->13694K(123520K), 0.0254530 secs]62.307: [Tenured: 296538K->155991K(296792K), 0.2413740 secs] 391989K->155991K(420312K), [Perm : 9100K->9100K(21248K)], 0.2675860 secs] [Times: user=0.43 sys=0.00, real=0.26 secs] 
62.549: Total time for which application threads were stopped: 0.2677570 seconds, Stopping threads took: 0.0001050 seconds
62.600: Application time: 0.0503590 seconds
62.600: [GC62.600: [ParNew: 109824K->13694K(123520K), 0.0185460 secs] 265815K->179282K(397848K), 0.0185880 secs] [Times: user=0.14 sys=0.00, real=0.02 secs] 
62.618: Total time for which application threads were stopped: 0.0187430 seconds, Stopping threads took: 0.0000760 seconds
62.674: Application time: 0.0560110 seconds
62.674: [GC62.674: [ParNew: 123406K->13694K(123520K), 0.0196260 secs] 288994K->192760K(397848K), 0.0196680 secs] [Times: user=0.16 sys=0.00, real=0.02 secs] 
62.694: Total time for which application threads were stopped: 0.0198430 seconds, Stopping threads took: 0.0000890 seconds
62.744: Application time: 0.0498080 seconds
62.749: [GC62.749: [ParNew: 123518K->13696K(123520K), 0.0194520 secs] 302584K->205807K(397848K), 0.0194990 secs] [Times: user=0.15 sys=0.00, real=0.02 secs] 
62.768: Total time for which application threads were stopped: 0.0243100 seconds, Stopping threads took: 0.0047240 seconds
62.815: Application time: 0.0470560 seconds
62.816: [GC62.816: [ParNew: 123520K->13696K(123520K), 0.0227580 secs] 315631K->227658K(397848K), 0.0228050 secs] [Times: user=0.18 sys=0.00, real=0.02 secs] 
62.838: Total time for which application threads were stopped: 0.0230090 seconds, Stopping threads took: 0.0001350 seconds
62.879: Application time: 0.0402650 seconds
62.879: [GC62.879: [ParNew: 123520K->13696K(123520K), 0.0249460 secs] 337482K->254739K(397848K), 0.0249920 secs] [Times: user=0.19 sys=0.00, real=0.03 secs] 
62.904: Total time for which application threads were stopped: 0.0251610 seconds, Stopping threads took: 0.0001020 seconds
62.958: Application time: 0.0545180 seconds
62.958: [GC62.958: [ParNew: 123520K->13696K(123520K), 0.0266780 secs] 364563K->277871K(397848K), 0.0267220 secs] [Times: user=0.21 sys=0.00, real=0.03 secs] 
62.985: Total time for which application threads were stopped: 0.0268990 seconds, Stopping threads took: 0.0000910 seconds
63.034: Application time: 0.0488000 seconds
63.034: [GC63.034: [ParNew: 123520K->13696K(123520K), 0.0217590 secs]63.056: [Tenured: 281519K->122104K(281624K), 0.2045300 secs] 387695K->122104K(405144K), [Perm : 9100K->9100K(21248K)], 0.2266250 secs] [Times: user=0.37 sys=0.00, real=0.23 secs] 
63.261: Total time for which application threads were stopped: 0.2268770 seconds, Stopping threads took: 0.0001630 seconds
63.301: Application time: 0.0397760 seconds
63.301: [GC63.301: [ParNew: 109824K->13696K(123520K), 0.0182050 secs] 231928K->153604K(397848K), 0.0182480 secs] [Times: user=0.15 sys=0.00, real=0.01 secs] 
63.319: Total time for which application threads were stopped: 0.0184350 seconds, Stopping threads took: 0.0001080 seconds
63.364: Application time: 0.0448550 seconds
63.364: [GC63.364: [ParNew: 123520K->13696K(123520K), 0.0264720 secs] 263428K->180505K(397848K), 0.0265170 secs] [Times: user=0.20 sys=0.00, real=0.02 secs] 
63.391: Total time for which application threads were stopped: 0.0267210 seconds, Stopping threads took: 0.0001360 seconds
63.453: Application time: 0.0618310 seconds
63.453: [GC63.453: [ParNew: 123520K->13696K(123520K), 0.0223550 secs] 290329K->193817K(397848K), 0.0224130 secs] [Times: user=0.17 sys=0.00, real=0.02 secs] 
63.475: Total time for which application threads were stopped: 0.0225780 seconds, Stopping threads took: 0.0000960 seconds
63.537: Application time: 0.0622760 seconds
63.537: [GC63.538: [ParNew: 123520K->13696K(123520K), 0.0214760 secs] 303641K->207111K(397848K), 0.0215190 secs] [Times: user=0.16 sys=0.00, real=0.02 secs] 
63.559: Total time for which application threads were stopped: 0.0216630 seconds, Stopping threads took: 0.0000760 seconds
63.608: Application time: 0.0490020 seconds
63.608: [GC63.608: [ParNew: 123520K->13696K(123520K), 0.0215480 secs] 316935K->226409K(397848K), 0.0215910 secs] [Times: user=0.17 sys=0.00, real=0.02 secs] 
63.630: Total time for which application threads were stopped: 0.0217480 seconds, Stopping threads took: 0.0000850 seconds
63.671: Application time: 0.0408210 seconds
63.673: [GC63.673: [ParNew: 123520K->13696K(123520K), 0.0248730 secs] 336233K->253645K(397848K), 0.0249190 secs] [Times: user=0.19 sys=0.00, real=0.02 secs] 
63.698: Total time for which application threads were stopped: 0.0270030 seconds, Stopping threads took: 0.0019950 seconds
63.744: Application time: 0.0464440 seconds
63.744: [GC63.744: [ParNew: 123520K->13696K(123520K), 0.0252860 secs] 363469K->278181K(397848K), 0.0253340 secs] [Times: user=0.20 sys=0.00, real=0.02 secs] 
63.770: Total time for which application threads were stopped: 0.0255340 seconds, Stopping threads took: 0.0001330 seconds
63.821: Application time: 0.0514750 seconds
63.821: [GC63.821: [ParNew: 123520K->13696K(123520K), 0.0223120 secs]63.844: [Tenured: 281265K->138516K(281432K), 0.2258070 secs] 388005K->138516K(404952K), [Perm : 9100K->9100K(21248K)], 0.2484280 secs] [Times: user=0.40 sys=0.00, real=0.24 secs] 
64.070: Total time for which application threads were stopped: 0.2486680 seconds, Stopping threads took: 0.0001610 seconds
64.113: Application time: 0.0428100 seconds
64.113: [GC64.113: [ParNew: 109824K->13696K(123520K), 0.0149790 secs] 248340K->162847K(397848K), 0.0150240 secs] [Times: user=0.11 sys=0.00, real=0.01 secs] 
64.128: Total time for which application threads were stopped: 0.0151780 seconds, Stopping threads took: 0.0000840 seconds
64.169: Application time: 0.0415180 seconds
64.169: [GC64.169: [ParNew: 123520K->13694K(123520K), 0.0248200 secs] 272671K->189990K(397848K), 0.0248650 secs] [Times: user=0.20 sys=0.00, real=0.03 secs] 
64.194: Total time for which application threads were stopped: 0.0250590 seconds, Stopping threads took: 0.0001060 seconds
64.245: Application time: 0.0507440 seconds
64.245: [GC64.245: [ParNew: 123518K->13696K(123520K), 0.0260190 secs] 299814K->212214K(397848K), 0.0260650 secs] [Times: user=0.21 sys=0.00, real=0.02 secs] 
64.271: Total time for which application threads were stopped: 0.0262190 seconds, Stopping threads took: 0.0000880 seconds
64.328: Application time: 0.0571010 seconds
64.329: [GC64.329: [ParNew: 123520K->13695K(123520K), 0.0203040 secs] 322038K->225414K(397848K), 0.0203470 secs] [Times: user=0.16 sys=0.00, real=0.02 secs] 
64.349: Total time for which application threads were stopped: 0.0205960 seconds, Stopping threads took: 0.0001580 seconds
64.399: Application time: 0.0499520 seconds
64.399: [GC64.399: [ParNew: 123519K->13696K(123520K), 0.0193560 secs] 335238K->239383K(397848K), 0.0193990 secs] [Times: user=0.16 sys=0.00, real=0.02 secs] 
64.419: Total time for which application threads were stopped: 0.0195380 seconds, Stopping threads took: 0.0000710 seconds
64.462: Application time: 0.0436740 seconds
64.465: [GC64.465: [ParNew: 123520K->13696K(123520K), 0.0256800 secs] 349207K->267475K(397848K), 0.0257260 secs] [Times: user=0.20 sys=0.00, real=0.02 secs] 
64.490: Total time for which application threads were stopped: 0.0281300 seconds, Stopping threads took: 0.0023350 seconds
64.539: Application time: 0.0483260 seconds
64.539: [GC64.539: [ParNew: 123520K->13696K(123520K), 0.0266750 secs]64.566: [Tenured: 279381K->152313K(279704K), 0.2388010 secs] 377299K->152313K(403224K), [Perm : 9100K->9100K(21248K)], 0.2673210 secs] [Times: user=0.45 sys=0.00, real=0.27 secs] 
64.806: Total time for which application threads were stopped: 0.2675200 seconds, Stopping threads took: 0.0001280 seconds
64.858: Application time: 0.0520990 seconds
64.858: [GC64.858: [ParNew: 109824K->13696K(123520K), 0.0140950 secs] 262137K->170325K(397848K), 0.0141360 secs] [Times: user=0.11 sys=0.00, real=0.02 secs] 
64.873: Total time for which application threads were stopped: 0.0142900 seconds, Stopping threads took: 0.0000780 seconds
64.919: Application time: 0.0461710 seconds
64.919: [GC64.919: [ParNew: 123520K->13696K(123520K), 0.0215720 secs] 280149K->190030K(397848K), 0.0216150 secs] [Times: user=0.17 sys=0.00, real=0.03 secs] 
64.941: Total time for which application threads were stopped: 0.0217790 seconds, Stopping threads took: 0.0000980 seconds
64.980: Application time: 0.0398560 seconds
64.980: [GC64.981: [ParNew: 123520K->13696K(123520K), 0.0238460 secs] 299854K->217538K(397848K), 0.0238930 secs] [Times: user=0.19 sys=0.00, real=0.02 secs] 
65.004: Total time for which application threads were stopped: 0.0240650 seconds, Stopping threads took: 0.0000960 seconds
65.048: Application time: 0.0438360 seconds
65.048: [GC65.048: [ParNew: 123520K->13696K(123520K), 0.0261420 secs] 327362K->244412K(397848K), 0.0261970 secs] [Times: user=0.21 sys=0.01, real=0.03 secs] 
65.075: Total time for which application threads were stopped: 0.0263630 seconds, Stopping threads took: 0.0001000 seconds
65.131: Application time: 0.0563750 seconds
65.133: [GC65.133: [ParNew: 123520K->13696K(123520K), 0.0233900 secs] 354236K->258107K(397848K), 0.0234330 secs] [Times: user=0.18 sys=0.00, real=0.02 secs] 
65.156: Total time for which application threads were stopped: 0.0250100 seconds, Stopping threads took: 0.0015100 seconds
65.210: Application time: 0.0537560 seconds
65.210: [GC65.210: [ParNew: 123520K->13696K(123520K), 0.0206970 secs] 367931K->272561K(397848K), 0.0207380 secs] [Times: user=0.16 sys=0.00, real=0.02 secs] 
65.231: Total time for which application threads were stopped: 0.0209710 seconds, Stopping threads took: 0.0001370 seconds
65.276: Application time: 0.0450330 seconds
65.276: [GC65.276: [ParNew: 123520K->13696K(123520K), 0.0228470 secs]65.299: [Tenured: 281327K->137394K(281624K), 0.2106920 secs] 382385K->137394K(405144K), [Perm : 9100K->9100K(21248K)], 0.2338890 secs] [Times: user=0.39 sys=0.00, real=0.23 secs] 
65.510: Total time for which application threads were stopped: 0.2340880 seconds, Stopping threads took: 0.0001260 seconds
65.555: Application time: 0.0452980 seconds
65.555: [GC65.555: [ParNew: 109824K->13696K(123520K), 0.0160920 secs] 247218K->161205K(397848K), 0.0161340 secs] [Times: user=0.13 sys=0.00, real=0.01 secs] 
65.571: Total time for which application threads were stopped: 0.0162950 seconds, Stopping threads took: 0.0000810 seconds
65.620: Application time: 0.0487330 seconds
65.620: [GC65.620: [ParNew: 123520K->13696K(123520K), 0.0245590 secs] 271029K->183704K(397848K), 0.0246110 secs] [Times: user=0.19 sys=0.00, real=0.03 secs] 
65.645: Total time for which application threads were stopped: 0.0248230 seconds, Stopping threads took: 0.0001440 seconds
65.698: Application time: 0.0526700 seconds
65.698: [GC65.698: [ParNew: 123520K->13696K(123520K), 0.0217620 secs] 293528K->200094K(397848K), 0.0218040 secs] [Times: user=0.17 sys=0.00, real=0.02 secs] 
65.720: Total time for which application threads were stopped: 0.0220560 seconds, Stopping threads took: 0.0001650 seconds
65.760: Application time: 0.0398650 seconds
65.760: [GC65.760: [ParNew: 123520K->13696K(123520K), 0.0232320 secs] 309918K->224868K(397848K), 0.0232770 secs] [Times: user=0.18 sys=0.00, real=0.03 secs] 
65.783: Total time for which application threads were stopped: 0.0234590 seconds, Stopping threads took: 0.0001140 seconds
65.821: Application time: 0.0376490 seconds
65.821: [GC65.821: [ParNew: 123520K->13695K(123520K), 0.0248670 secs] 334692K->254471K(397848K), 0.0249130 secs] [Times: user=0.20 sys=0.00, real=0.02 secs] 
65.846: Total time for which application threads were stopped: 0.0250830 seconds, Stopping threads took: 0.0000930 seconds
65.902: Application time: 0.0563990 seconds
65.902: [GC65.902: [ParNew: 123519K->13694K(123520K), 0.0270530 secs] 364295K->276221K(397848K), 0.0270950 secs] [Times: user=0.22 sys=0.00, real=0.02 secs] 
65.929: Total time for which application threads were stopped: 0.0272320 seconds, Stopping threads took: 0.0000700 seconds
65.984: Application time: 0.0550110 seconds
65.985: [GC65.985: [ParNew: 123518K->13694K(123520K), 0.0213730 secs]66.006: [Tenured: 275956K->130885K(276056K), 0.2236190 secs] 386045K->130885K(399576K), [Perm : 9100K->9100K(21248K)], 0.2451380 secs] [Times: user=0.38 sys=0.00, real=0.24 secs] 
66.230: Total time for which application threads were stopped: 0.2453190 seconds, Stopping threads took: 0.0001140 seconds
66.279: Application time: 0.0491710 seconds
66.279: [GC66.279: [ParNew: 109824K->13696K(123520K), 0.0141840 secs] 240709K->151843K(397848K), 0.0142300 secs] [Times: user=0.11 sys=0.00, real=0.02 secs] 
66.293: Total time for which application threads were stopped: 0.0144200 seconds, Stopping threads took: 0.0000980 seconds
66.342: Application time: 0.0488820 seconds
66.343: [GC66.343: [ParNew: 123520K->13696K(123520K), 0.0240870 secs] 261667K->174703K(397848K), 0.0241320 secs] [Times: user=0.19 sys=0.00, real=0.02 secs] 
66.367: Total time for which application threads were stopped: 0.0244120 seconds, Stopping threads took: 0.0001910 seconds
66.418: Application time: 0.0509760 seconds
66.418: [GC66.418: [ParNew: 123520K->13696K(123520K), 0.0220180 secs] 284527K->193443K(397848K), 0.0220610 secs] [Times: user=0.18 sys=0.00, real=0.02 secs] 
66.440: Total time for which application threads were stopped: 0.0222050 seconds, Stopping threads took: 0.0000760 seconds
66.491: Application time: 0.0509440 seconds
66.491: [GC66.491: [ParNew: 123520K->13696K(123520K), 0.0246130 secs] 303267K->213870K(397848K), 0.0246570 secs] [Times: user=0.19 sys=0.00, real=0.03 secs] 
66.516: Total time for which application threads were stopped: 0.0248570 seconds, Stopping threads took: 0.0001320 seconds
66.563: Application time: 0.0469570 seconds
66.563: [GC66.563: [ParNew: 123520K->13696K(123520K), 0.0238030 secs] 323694K->236621K(397848K), 0.0238490 secs] [Times: user=0.19 sys=0.00, real=0.02 secs] 
66.587: Total time for which application threads were stopped: 0.0240240 seconds, Stopping threads took: 0.0001080 seconds
66.622: Application time: 0.0357970 seconds
66.623: [GC66.623: [ParNew: 123520K->13696K(123520K), 0.0247140 secs] 346445K->266610K(397848K), 0.0247600 secs] [Times: user=0.20 sys=0.00, real=0.02 secs] 
66.647: Total time for which application threads were stopped: 0.0249260 seconds, Stopping threads took: 0.0000960 seconds
66.697: Application time: 0.0498050 seconds
66.697: [GC66.697: [ParNew: 123520K->13696K(123520K), 0.0306560 secs]66.728: [Tenured: 282621K->159683K(282776K), 0.2672470 secs] 376434K->159683K(406296K), [Perm : 9100K->9100K(21248K)], 0.2982860 secs] [Times: user=0.50 sys=0.00, real=0.30 secs] 
66.996: Total time for which application threads were stopped: 0.2985100 seconds, Stopping threads took: 0.0001330 seconds
67.054: Application time: 0.0586500 seconds
67.055: [GC67.055: [ParNew: 109824K->13691K(123520K), 0.0097220 secs] 269507K->173374K(397848K), 0.0097660 secs] [Times: user=0.08 sys=0.00, real=0.01 secs] 
67.064: Total time for which application threads were stopped: 0.0099400 seconds, Stopping threads took: 0.0000950 seconds
67.116: Application time: 0.0516530 seconds
67.116: [GC67.116: [ParNew: 123515K->13696K(123520K), 0.0189990 secs] 283198K->186649K(397848K), 0.0190440 secs] [Times: user=0.15 sys=0.00, real=0.02 secs] 
67.135: Total time for which application threads were stopped: 0.0192000 seconds, Stopping threads took: 0.0000870 seconds
67.182: Application time: 0.0470280 seconds
67.182: [GC67.182: [ParNew: 123520K->13696K(123520K), 0.0228130 secs] 296473K->207785K(397848K), 0.0228590 secs] [Times: user=0.18 sys=0.00, real=0.02 secs] 
67.205: Total time for which application threads were stopped: 0.0230710 seconds, Stopping threads took: 0.0001360 seconds
67.255: Application time: 0.0498590 seconds
67.255: [GC67.255: [ParNew: 123520K->13696K(123520K), 0.0239590 secs] 317609K->229309K(397848K), 0.0240050 secs] [Times: user=0.19 sys=0.00, real=0.02 secs] 
67.279: Total time for which application threads were stopped: 0.0241480 seconds, Stopping threads took: 0.0000740 seconds
67.329: Application time: 0.0493220 seconds
67.329: [GC67.329: [ParNew: 123520K->13696K(123520K), 0.0239910 secs] 339133K->249929K(397848K), 0.0240320 secs] [Times: user=0.18 sys=0.00, real=0.03 secs] 
67.353: Total time for which application threads were stopped: 0.0241760 seconds, Stopping threads took: 0.0000790 seconds
67.405: Application time: 0.0517340 seconds
67.405: [GC67.405: [ParNew: 123520K->13696K(123520K), 0.0230830 secs] 359753K->269932K(397848K), 0.0231260 secs] [Times: user=0.18 sys=0.00, real=0.02 secs] 
67.428: Total time for which application threads were stopped: 0.0232900 seconds, Stopping threads took: 0.0000950 seconds
67.464: Application time: 0.0360790 seconds
67.464: [GC67.464: [ParNew: 123520K->13696K(123520K), 0.0244250 secs]67.489: [Tenured: 283951K->137713K(284120K), 0.2054600 secs] 379756K->137713K(407640K), [Perm : 9101K->9101K(21248K)], 0.2303190 secs] [Times: user=0.40 sys=0.00, real=0.23 secs] 
67.694: Total time for which application threads were stopped: 0.2304970 seconds, Stopping threads took: 0.0001070 seconds
67.735: Application time: 0.0409330 seconds
67.735: [GC67.735: [ParNew: 109824K->13696K(123520K), 0.0205650 secs] 247537K->169137K(397848K), 0.0206090 secs] [Times: user=0.17 sys=0.00, real=0.02 secs] 
67.756: Total time for which application threads were stopped: 0.0207500 seconds, Stopping threads took: 0.0000610 seconds
67.811: Application time: 0.0553190 seconds
67.812: [GC67.812: [ParNew: 123520K->13696K(123520K), 0.0242910 secs] 278961K->185657K(397848K), 0.0243350 secs] [Times: user=0.19 sys=0.00, real=0.03 secs] 
67.836: Total time for which application threads were stopped: 0.0245380 seconds, Stopping threads took: 0.0001370 seconds
67.892: Application time: 0.0560630 seconds
67.892: [GC67.892: [ParNew: 123520K->13696K(123520K), 0.0197430 secs] 295481K->199090K(397848K), 0.0197860 secs] [Times: user=0.16 sys=0.00, real=0.02 secs] 
67.912: Total time for which application threads were stopped: 0.0199530 seconds, Stopping threads took: 0.0000990 seconds
67.957: Application time: 0.0449940 seconds
67.957: [GC67.957: [ParNew: 123520K->13696K(123520K), 0.0208720 secs] 308914K->217234K(397848K), 0.0209160 secs] [Times: user=0.16 sys=0.00, real=0.02 secs] 
67.978: Total time for which application threads were stopped: 0.0211040 seconds, Stopping threads took: 0.0001190 seconds
68.027: Application time: 0.0491360 seconds
68.027: [GC68.027: [ParNew: 123520K->13696K(123520K), 0.0244770 secs] 327058K->240163K(397848K), 0.0245210 secs] [Times: user=0.20 sys=0.00, real=0.02 secs] 
68.052: Total time for which application threads were stopped: 0.0247660 seconds, Stopping threads took: 0.0001760 seconds
68.101: Application time: 0.0493320 seconds
68.101: [GC68.101: [ParNew: 123520K->13696K(123520K), 0.0225620 secs] 349987K->258632K(397848K), 0.0226060 secs] [Times: user=0.18 sys=0.00, real=0.02 secs] 
68.124: Total time for which application threads were stopped: 0.0227770 seconds, Stopping threads took: 0.0001050 seconds
68.173: Application time: 0.0486980 seconds
68.173: [GC68.173: [ParNew: 123520K->13696K(123520K), 0.0220600 secs] 368456K->277571K(397848K), 0.0221030 secs] [Times: user=0.18 sys=0.00, real=0.02 secs] 
68.195: Total time for which application threads were stopped: 0.0222660 seconds, Stopping threads took: 0.0000960 seconds
68.235: Application time: 0.0397890 seconds
68.235: [GC68.235: [ParNew: 123520K->13696K(123520K), 0.0261740 secs]68.261: [Tenured: 294001K->132802K(294104K), 0.1972150 secs] 387395K->132802K(417624K), [Perm : 9101K->9101K(21248K)], 0.2241400 secs] [Times: user=0.40 sys=0.00, real=0.22 secs] 
68.459: Total time for which application threads were stopped: 0.2243220 seconds, Stopping threads took: 0.0001010 seconds
68.495: Application time: 0.0361480 seconds
68.495: [GC68.495: [ParNew: 109824K->13696K(123520K), 0.0185100 secs] 242626K->164142K(397848K), 0.0185520 secs] [Times: user=0.14 sys=0.01, real=0.02 secs] 
68.514: Total time for which application threads were stopped: 0.0186990 seconds, Stopping threads took: 0.0000690 seconds
68.565: Application time: 0.0514260 seconds
68.566: [GC68.566: [ParNew: 123520K->13696K(123520K), 0.0277850 secs] 273966K->188320K(397848K), 0.0278270 secs] [Times: user=0.22 sys=0.00, real=0.03 secs] 
68.593: Total time for which application threads were stopped: 0.0279850 seconds, Stopping threads took: 0.0000950 seconds
68.654: Application time: 0.0604220 seconds
68.654: [GC68.654: [ParNew: 123520K->13694K(123520K), 0.0211950 secs] 298144K->201691K(397848K), 0.0212400 secs] [Times: user=0.17 sys=0.00, real=0.02 secs] 
68.675: Total time for which application threads were stopped: 0.0214520 seconds, Stopping threads took: 0.0001450 seconds
68.730: Application time: 0.0549800 seconds
68.730: [GC68.731: [ParNew: 123518K->13696K(123520K), 0.0170500 secs] 311515K->210875K(397848K), 0.0170940 secs] [Times: user=0.13 sys=0.00, real=0.02 secs] 
68.748: Total time for which application threads were stopped: 0.0172920 seconds, Stopping threads took: 0.0001300 seconds
68.793: Application time: 0.0451700 seconds
68.797: [GC68.797: [ParNew: 123520K->13696K(123520K), 0.0213680 secs] 320699K->230242K(397848K), 0.0214140 secs] [Times: user=0.17 sys=0.00, real=0.02 secs] 
68.818: Total time for which application threads were stopped: 0.0252210 seconds, Stopping threads took: 0.0037310 seconds
68.864: Application time: 0.0455380 seconds
68.864: [GC68.864: [ParNew: 123520K->13696K(123520K), 0.0251050 secs] 340066K->256016K(397848K), 0.0251500 secs] [Times: user=0.20 sys=0.00, real=0.02 secs] 
68.889: Total time for which application threads were stopped: 0.0253370 seconds, Stopping threads took: 0.0001180 seconds
68.942: Application time: 0.0527190 seconds
68.945: [GC68.945: [ParNew: 123520K->13696K(123520K), 0.0244230 secs] 365840K->274846K(397848K), 0.0244670 secs] [Times: user=0.19 sys=0.00, real=0.02 secs] 
68.969: Total time for which application threads were stopped: 0.0274050 seconds, Stopping threads took: 0.0028720 seconds
69.009: Application time: 0.0397140 seconds
69.009: [GC69.009: [ParNew: 123520K->13696K(123520K), 0.0249910 secs]69.034: [Tenured: 286833K->119048K(287000K), 0.1969240 secs] 384670K->119048K(410520K), [Perm : 9101K->9101K(21248K)], 0.2224010 secs] [Times: user=0.39 sys=0.02, real=0.22 secs] 
69.231: Total time for which application threads were stopped: 0.2225730 seconds, Stopping threads took: 0.0000960 seconds
69.269: Application time: 0.0372500 seconds
69.269: [GC69.269: [ParNew: 109607K->13696K(123520K), 0.0191510 secs] 228656K->151740K(397848K), 0.0191930 secs] [Times: user=0.15 sys=0.00, real=0.02 secs] 
69.288: Total time for which application threads were stopped: 0.0193530 seconds, Stopping threads took: 0.0000920 seconds
69.335: Application time: 0.0468750 seconds
69.335: [GC69.335: [ParNew: 123520K->13696K(123520K), 0.0282780 secs] 261564K->180173K(397848K), 0.0283210 secs] [Times: user=0.22 sys=0.00, real=0.03 secs] 
69.363: Total time for which application threads were stopped: 0.0285080 seconds, Stopping threads took: 0.0001220 seconds
69.420: Application time: 0.0564930 seconds
69.420: [GC69.420: [ParNew: 123520K->13696K(123520K), 0.0216920 secs] 289997K->193753K(397848K), 0.0217360 secs] [Times: user=0.17 sys=0.00, real=0.03 secs] 
69.442: Total time for which application threads were stopped: 0.0219160 seconds, Stopping threads took: 0.0001140 seconds
69.501: Application time: 0.0592970 seconds
69.501: [GC69.501: [ParNew: 123520K->12751K(123520K), 0.0197450 secs] 303577K->204842K(397848K), 0.0197880 secs] [Times: user=0.15 sys=0.00, real=0.02 secs] 
69.521: Total time for which application threads were stopped: 0.0199560 seconds, Stopping threads took: 0.0001030 seconds
69.571: Application time: 0.0495790 seconds
69.571: [GC69.571: [ParNew: 122575K->13696K(123520K), 0.0192500 secs] 314666K->218813K(397848K), 0.0193030 secs] [Times: user=0.15 sys=0.00, real=0.02 secs] 
69.590: Total time for which application threads were stopped: 0.0194890 seconds, Stopping threads took: 0.0001080 seconds
69.636: Application time: 0.0459150 seconds
69.636: [GC69.636: [ParNew: 123520K->13696K(123520K), 0.0237920 secs] 328637K->243175K(397848K), 0.0238380 secs] [Times: user=0.19 sys=0.00, real=0.02 secs] 
69.660: Total time for which application threads were stopped: 0.0239810 seconds, Stopping threads took: 0.0000740 seconds
69.709: Application time: 0.0493420 seconds
69.709: [GC69.709: [ParNew: 123520K->13696K(123520K), 0.0255560 secs] 352999K->266200K(397848K), 0.0256000 secs] [Times: user=0.20 sys=0.00, real=0.03 secs] 
69.735: Total time for which application threads were stopped: 0.0257640 seconds, Stopping threads took: 0.0000970 seconds
69.782: Application time: 0.0470040 seconds
69.785: [GC69.785: [ParNew: 123520K->13696K(123520K), 0.0230850 secs] 376024K->286674K(397848K), 0.0231320 secs] [Times: user=0.19 sys=0.00, real=0.02 secs] 
69.808: Total time for which application threads were stopped: 0.0256600 seconds, Stopping threads took: 0.0024450 seconds
69.842: Application time: 0.0346050 seconds
69.845: [GC69.845: [ParNew: 123520K->13696K(123520K), 0.0245250 secs]69.869: [Tenured: 302421K->131596K(302552K), 0.2037490 secs] 396498K->131596K(426072K), [Perm : 9102K->9102K(21248K)], 0.2292010 secs] [Times: user=0.39 sys=0.01, real=0.23 secs] 
70.074: Total time for which application threads were stopped: 0.2315490 seconds, Stopping threads took: 0.0022810 seconds
70.116: Application time: 0.0421060 seconds
70.116: [GC70.116: [ParNew: 109824K->13696K(123520K), 0.0243720 secs] 241420K->167640K(397848K), 0.0244170 secs] [Times: user=0.19 sys=0.00, real=0.03 secs] 
70.141: Total time for which application threads were stopped: 0.0246000 seconds, Stopping threads took: 0.0001020 seconds
70.193: Application time: 0.0525530 seconds
70.193: [GC70.193: [ParNew: 123520K->13696K(123520K), 0.0260660 secs] 277464K->185676K(397848K), 0.0261090 secs] [Times: user=0.21 sys=0.00, real=0.02 secs] 
70.219: Total time for which application threads were stopped: 0.0263340 seconds, Stopping threads took: 0.0001400 seconds
70.279: Application time: 0.0596900 seconds
70.281: [GC70.281: [ParNew: 123520K->13675K(123520K), 0.0189750 secs] 295500K->198970K(397848K), 0.0190170 secs] [Times: user=0.15 sys=0.00, real=0.01 secs] 
70.300: Total time for which application threads were stopped: 0.0204850 seconds, Stopping threads took: 0.0013830 seconds
70.349: Application time: 0.0497760 seconds
70.350: [GC70.350: [ParNew: 123499K->13696K(123520K), 0.0181650 secs] 308794K->210020K(397848K), 0.0182110 secs] [Times: user=0.14 sys=0.00, real=0.02 secs] 
70.368: Total time for which application threads were stopped: 0.0184740 seconds, Stopping threads took: 0.0001700 seconds
70.421: Application time: 0.0528460 seconds
70.421: [GC70.421: [ParNew: 123465K->13696K(123520K), 0.0201940 secs] 319790K->226349K(397848K), 0.0202390 secs] [Times: user=0.16 sys=0.00, real=0.02 secs] 
70.441: Total time for which application threads were stopped: 0.0204360 seconds, Stopping threads took: 0.0001310 seconds
70.483: Application time: 0.0421570 seconds
70.483: [GC70.483: [ParNew: 123520K->13696K(123520K), 0.0229370 secs] 336173K->248539K(397848K), 0.0229820 secs] [Times: user=0.18 sys=0.00, real=0.02 secs] 
70.506: Total time for which application threads were stopped: 0.0231240 seconds, Stopping threads took: 0.0000740 seconds
70.562: Application time: 0.0553120 seconds
70.562: [GC70.562: [ParNew: 123520K->13696K(123520K), 0.0247990 secs] 358363K->270931K(397848K), 0.0248440 secs] [Times: user=0.20 sys=0.00, real=0.02 secs] 
70.587: Total time for which application threads were stopped: 0.0249910 seconds, Stopping threads took: 0.0000830 seconds
70.624: Application time: 0.0375690 seconds
70.625: [GC70.625: [ParNew: 123520K->13696K(123520K), 0.0256660 secs]70.650: [Tenured: 285000K->126586K(285272K), 0.1938000 secs] 380755K->126586K(408792K), [Perm : 9102K->9102K(21248K)], 0.2199510 secs] [Times: user=0.39 sys=0.00, real=0.22 secs] 
70.845: Total time for which application threads were stopped: 0.2201530 seconds, Stopping threads took: 0.0001200 seconds
70.878: Application time: 0.0339550 seconds
70.879: [GC70.879: [ParNew: 109719K->13696K(123520K), 0.0183080 secs] 236305K->158452K(397848K), 0.0183530 secs] [Times: user=0.15 sys=0.00, real=0.02 secs] 
70.897: Total time for which application threads were stopped: 0.0185140 seconds, Stopping threads took: 0.0000930 seconds
70.946: Application time: 0.0494060 seconds
70.947: [GC70.947: [ParNew: 123520K->13696K(123520K), 0.0306930 secs] 268276K->188416K(397848K), 0.0307350 secs] [Times: user=0.24 sys=0.00, real=0.03 secs] 
70.977: Total time for which application threads were stopped: 0.0309000 seconds, Stopping threads took: 0.0000990 seconds
71.034: Application time: 0.0564680 seconds
71.034: [GC71.034: [ParNew: 123520K->13692K(123520K), 0.0209570 secs] 298240K->201605K(397848K), 0.0209990 secs] [Times: user=0.16 sys=0.00, real=0.02 secs] 
71.055: Total time for which application threads were stopped: 0.0211230 seconds, Stopping threads took: 0.0000580 seconds
71.112: Application time: 0.0568910 seconds
71.112: [GC71.112: [ParNew: 123516K->13696K(123520K), 0.0176730 secs] 311429K->211121K(397848K), 0.0177140 secs] [Times: user=0.13 sys=0.00, real=0.02 secs] 
71.130: Total time for which application threads were stopped: 0.0178600 seconds, Stopping threads took: 0.0000790 seconds
71.180: Application time: 0.0500520 seconds
71.180: [GC71.180: [ParNew: 123520K->13696K(123520K), 0.0194500 secs] 320945K->224718K(397848K), 0.0194950 secs] [Times: user=0.15 sys=0.00, real=0.02 secs] 
71.199: Total time for which application threads were stopped: 0.0196440 seconds, Stopping threads took: 0.0000690 seconds
71.249: Application time: 0.0492930 seconds
71.249: [GC71.249: [ParNew: 123520K->13696K(123520K), 0.0221200 secs] 334542K->244540K(397848K), 0.0221650 secs] [Times: user=0.17 sys=0.00, real=0.02 secs] 
71.271: Total time for which application threads were stopped: 0.0223250 seconds, Stopping threads took: 0.0000860 seconds
71.317: Application time: 0.0455590 seconds
71.317: [GC71.317: [ParNew: 123520K->13696K(123520K), 0.0240760 secs] 354364K->267116K(397848K), 0.0241200 secs] [Times: user=0.18 sys=0.00, real=0.03 secs] 
71.341: Total time for which application threads were stopped: 0.0242850 seconds, Stopping threads took: 0.0000980 seconds
71.388: Application time: 0.0468820 seconds
71.388: [GC71.388: [ParNew: 123520K->13696K(123520K), 0.0255530 secs]71.413: [Tenured: 279160K->121364K(279704K), 0.1778090 secs] 376940K->121364K(403224K), [Perm : 9105K->9105K(21248K)], 0.2036170 secs] [Times: user=0.37 sys=0.01, real=0.20 secs] 
71.591: Total time for which application threads were stopped: 0.2037840 seconds, Stopping threads took: 0.0000980 seconds
71.625: Application time: 0.0334560 seconds
71.625: [GC71.625: [ParNew: 109824K->13696K(123520K), 0.0178670 secs] 231188K->154193K(397848K), 0.0179100 secs] [Times: user=0.14 sys=0.00, real=0.02 secs] 
71.643: Total time for which application threads were stopped: 0.0180690 seconds, Stopping threads took: 0.0000870 seconds
71.683: Application time: 0.0395230 seconds
71.683: [GC71.683: [ParNew: 123520K->13696K(123520K), 0.0283180 secs] 264017K->186504K(397848K), 0.0283610 secs] [Times: user=0.22 sys=0.00, real=0.02 secs] 
71.711: Total time for which application threads were stopped: 0.0285320 seconds, Stopping threads took: 0.0000920 seconds
71.770: Application time: 0.0590190 seconds
71.770: [GC71.770: [ParNew: 123520K->13696K(123520K), 0.0247470 secs] 296328K->202794K(397848K), 0.0247900 secs] [Times: user=0.20 sys=0.00, real=0.03 secs] 
71.795: Total time for which application threads were stopped: 0.0249810 seconds, Stopping threads took: 0.0001250 seconds
71.854: Application time: 0.0592580 seconds
71.854: [GC71.854: [ParNew: 123520K->13695K(123520K), 0.0191610 secs] 312618K->216161K(397848K), 0.0192110 secs] [Times: user=0.15 sys=0.00, real=0.02 secs] 
71.874: Total time for which application threads were stopped: 0.0193660 seconds, Stopping threads took: 0.0000900 seconds
71.922: Application time: 0.0480510 seconds
71.925: [GC71.925: [ParNew: 123519K->13696K(123520K), 0.0178620 secs] 325985K->226778K(397848K), 0.0179070 secs] [Times: user=0.14 sys=0.00, real=0.02 secs] 
71.943: Total time for which application threads were stopped: 0.0207450 seconds, Stopping threads took: 0.0027510 seconds
71.998: Application time: 0.0556080 seconds
71.998: [GC71.998: [ParNew: 123520K->13696K(123520K), 0.0200600 secs] 336602K->240085K(397848K), 0.0201040 secs] [Times: user=0.16 sys=0.00, real=0.02 secs] 
72.019: Total time for which application threads were stopped: 0.0204100 seconds, Stopping threads took: 0.0002200 seconds
72.063: Application time: 0.0440970 seconds
72.065: [GC72.065: [ParNew: 123520K->13696K(123520K), 0.0227290 secs] 349909K->261643K(397848K), 0.0227740 secs] [Times: user=0.18 sys=0.00, real=0.02 secs] 
72.088: Total time for which application threads were stopped: 0.0248780 seconds, Stopping threads took: 0.0020170 seconds
72.134: Application time: 0.0461670 seconds
72.134: [GC72.134: [ParNew: 123520K->13696K(123520K), 0.0245770 secs] 371467K->286807K(397848K), 0.0246220 secs] [Times: user=0.20 sys=0.00, real=0.02 secs] 
72.158: Total time for which application threads were stopped: 0.0247990 seconds, Stopping threads took: 0.0001110 seconds
72.194: Application time: 0.0355470 seconds
72.194: [GC72.194: [ParNew: 123407K->13696K(123520K), 0.0279830 secs]72.222: [Tenured: 304747K->119490K(304856K), 0.1948860 secs] 396518K->119490K(428376K), [Perm : 9105K->9105K(21248K)], 0.2238660 secs] [Times: user=0.41 sys=0.00, real=0.22 secs] 
72.418: Total time for which application threads were stopped: 0.2240390 seconds, Stopping threads took: 0.0000940 seconds
72.453: Application time: 0.0344300 seconds
72.453: [GC72.453: [ParNew: 109824K->13696K(123520K), 0.0194110 secs] 229314K->153196K(397848K), 0.0194520 secs] [Times: user=0.15 sys=0.00, real=0.01 secs] 
72.472: Total time for which application threads were stopped: 0.0196100 seconds, Stopping threads took: 0.0000920 seconds
72.524: Application time: 0.0513930 seconds
72.524: [GC72.524: [ParNew: 123520K->13696K(123520K), 0.0296960 secs] 263020K->180095K(397848K), 0.0297400 secs] [Times: user=0.23 sys=0.00, real=0.03 secs] 
72.553: Total time for which application threads were stopped: 0.0298580 seconds, Stopping threads took: 0.0000520 seconds
72.609: Application time: 0.0558280 seconds
72.609: [GC72.609: [ParNew: 123520K->13694K(123520K), 0.0201310 secs] 289919K->193488K(397848K), 0.0201750 secs] [Times: user=0.16 sys=0.00, real=0.02 secs] 
72.630: Total time for which application threads were stopped: 0.0203400 seconds, Stopping threads took: 0.0001010 seconds
72.684: Application time: 0.0545400 seconds
72.684: [GC72.684: [ParNew: 123518K->13696K(123520K), 0.0167500 secs] 303312K->201306K(397848K), 0.0167960 secs] [Times: user=0.14 sys=0.00, real=0.02 secs] 
72.701: Total time for which application threads were stopped: 0.0169530 seconds, Stopping threads took: 0.0000920 seconds
72.753: Application time: 0.0523390 seconds
72.753: [GC72.754: [ParNew: 123520K->13696K(123520K), 0.0204740 secs] 311130K->216788K(397848K), 0.0205170 secs] [Times: user=0.17 sys=0.00, real=0.02 secs] 
72.774: Total time for which application threads were stopped: 0.0206530 seconds, Stopping threads took: 0.0000580 seconds
72.825: Application time: 0.0512450 seconds
72.825: [GC72.825: [ParNew: 123520K->13696K(123520K), 0.0196090 secs] 326612K->230917K(397848K), 0.0196540 secs] [Times: user=0.16 sys=0.00, real=0.02 secs] 
72.845: Total time for which application threads were stopped: 0.0198260 seconds, Stopping threads took: 0.0001060 seconds
72.888: Application time: 0.0428630 seconds
72.888: [GC72.888: [ParNew: 123520K->13696K(123520K), 0.0223370 secs] 340741K->252924K(397848K), 0.0223820 secs] [Times: user=0.17 sys=0.00, real=0.02 secs] 
72.911: Total time for which application threads were stopped: 0.0225630 seconds, Stopping threads took: 0.0001030 seconds
72.952: Application time: 0.0416320 seconds
72.952: [GC72.952: [ParNew: 123520K->13696K(123520K), 0.0289260 secs] 362748K->286922K(397848K), 0.0289710 secs] [Times: user=0.21 sys=0.01, real=0.04 secs] 
72.981: Total time for which application threads were stopped: 0.0291480 seconds, Stopping threads took: 0.0001100 seconds
73.013: Application time: 0.0321480 seconds
73.014: [GC73.014: [ParNew: 123520K->13696K(123520K), 0.0255770 secs]73.039: [Tenured: 303790K->136485K(304280K), 0.2210740 secs] 396746K->136485K(427800K), [Perm : 9105K->9105K(21248K)], 0.2476420 secs] [Times: user=0.40 sys=0.01, real=0.25 secs] 
73.261: Total time for which application threads were stopped: 0.2477830 seconds, Stopping threads took: 0.0000730 seconds
73.303: Application time: 0.0421470 seconds
73.304: [GC73.304: [ParNew: 109824K->13696K(123520K), 0.0251710 secs] 246309K->172037K(397848K), 0.0252120 secs] [Times: user=0.20 sys=0.00, real=0.02 secs] 
73.329: Total time for which application threads were stopped: 0.0253870 seconds, Stopping threads took: 0.0000980 seconds
73.385: Application time: 0.0561550 seconds
73.385: [GC73.385: [ParNew: 123520K->13696K(123520K), 0.0225170 secs] 281861K->185349K(397848K), 0.0225620 secs] [Times: user=0.18 sys=0.00, real=0.02 secs] 
73.408: Total time for which application threads were stopped: 0.0227340 seconds, Stopping threads took: 0.0001050 seconds
73.467: Application time: 0.0596410 seconds
73.467: [GC73.467: [ParNew: 123520K->13696K(123520K), 0.0189720 secs] 295173K->197924K(397848K), 0.0190140 secs] [Times: user=0.15 sys=0.00, real=0.02 secs] 
73.487: Total time for which application threads were stopped: 0.0191590 seconds, Stopping threads took: 0.0000810 seconds
73.536: Application time: 0.0490600 seconds
73.537: [GC73.537: [ParNew: 123520K->13696K(123520K), 0.0183940 secs] 307748K->209932K(397848K), 0.0184370 secs] [Times: user=0.14 sys=0.00, real=0.02 secs] 
73.555: Total time for which application threads were stopped: 0.0194710 seconds, Stopping threads took: 0.0009680 seconds
73.614: Application time: 0.0588100 seconds
73.614: [GC73.614: [ParNew: 123520K->13696K(123520K), 0.0208510 secs] 319756K->223230K(397848K), 0.0208910 secs] [Times: user=0.17 sys=0.00, real=0.02 secs] 
73.635: Total time for which application threads were stopped: 0.0211070 seconds, Stopping threads took: 0.0001500 seconds
73.681: Application time: 0.0457120 seconds
73.681: [GC73.681: [ParNew: 123510K->13696K(123520K), 0.0224860 secs] 333045K->243105K(397848K), 0.0225290 secs] [Times: user=0.18 sys=0.00, real=0.02 secs] 
73.703: Total time for which application threads were stopped: 0.0227040 seconds, Stopping threads took: 0.0001060 seconds
73.747: Application time: 0.0439810 seconds
73.748: [GC73.748: [ParNew: 123520K->13696K(123520K), 0.0244160 secs] 352929K->268953K(397848K), 0.0244580 secs] [Times: user=0.19 sys=0.00, real=0.02 secs] 
73.772: Total time for which application threads were stopped: 0.0246230 seconds, Stopping threads took: 0.0000970 seconds
73.806: Application time: 0.0339730 seconds
73.806: [GC73.806: [ParNew: 123520K->13696K(123520K), 0.0284520 secs]73.835: [Tenured: 290204K->135983K(290264K), 0.1982350 secs] 378777K->135983K(413784K), [Perm : 9105K->9105K(21248K)], 0.2273410 secs] [Times: user=0.42 sys=0.00, real=0.23 secs] 
74.034: Total time for which application threads were stopped: 0.2275330 seconds, Stopping threads took: 0.0001060 seconds
74.068: Application time: 0.0346820 seconds
74.068: [GC74.068: [ParNew: 109824K->13696K(123520K), 0.0188340 secs] 245807K->168418K(397848K), 0.0188790 secs] [Times: user=0.15 sys=0.00, real=0.02 secs] 
74.087: Total time for which application threads were stopped: 0.0190320 seconds, Stopping threads took: 0.0000860 seconds
74.141: Application time: 0.0538450 seconds
74.141: [GC74.141: [ParNew: 123520K->13696K(123520K), 0.0299170 secs] 278242K->194200K(397848K), 0.0299600 secs] [Times: user=0.24 sys=0.00, real=0.02 secs] 
74.171: Total time for which application threads were stopped: 0.0300920 seconds, Stopping threads took: 0.0000660 seconds
74.230: Application time: 0.0586250 seconds
74.230: [GC74.230: [ParNew: 123520K->13694K(123520K), 0.0210610 secs] 304024K->207719K(397848K), 0.0211120 secs] [Times: user=0.17 sys=0.00, real=0.02 secs] 
74.251: Total time for which application threads were stopped: 0.0212530 seconds, Stopping threads took: 0.0000770 seconds
74.304: Application time: 0.0526340 seconds
74.304: [GC74.304: [ParNew: 123518K->13696K(123520K), 0.0179700 secs] 317543K->217991K(397848K), 0.0180150 secs] [Times: user=0.14 sys=0.00, real=0.02 secs] 
74.322: Total time for which application threads were stopped: 0.0182110 seconds, Stopping threads took: 0.0001280 seconds
74.376: Application time: 0.0538890 seconds
74.376: [GC74.376: [ParNew: 123520K->13696K(123520K), 0.0192980 secs] 327815K->231495K(397848K), 0.0193410 secs] [Times: user=0.15 sys=0.00, real=0.02 secs] 
74.395: Total time for which application threads were stopped: 0.0195230 seconds, Stopping threads took: 0.0001050 seconds
74.450: Application time: 0.0548120 seconds
74.450: [GC74.450: [ParNew: 123426K->13696K(123520K), 0.0186070 secs] 341225K->244055K(397848K), 0.0186500 secs] [Times: user=0.15 sys=0.01, real=0.02 secs] 
74.469: Total time for which application threads were stopped: 0.0188290 seconds, Stopping threads took: 0.0001140 seconds
74.511: Application time: 0.0420850 seconds
74.513: [GC74.513: [ParNew: 123520K->13696K(123520K), 0.0222150 secs] 353879K->266849K(397848K), 0.0222570 secs] [Times: user=0.18 sys=0.00, real=0.02 secs] 
74.535: Total time for which application threads were stopped: 0.0237690 seconds, Stopping threads took: 0.0014410 seconds
74.574: Application time: 0.0395510 seconds
74.575: [GC74.575: [ParNew: 123475K->13696K(123520K), 0.0280010 secs]74.603: [Tenured: 286212K->128231K(286424K), 0.1890460 secs] 376628K->128231K(409944K), [Perm : 9106K->9106K(21248K)], 0.2175160 secs] [Times: user=0.41 sys=0.00, real=0.21 secs] 
74.792: Total time for which application threads were stopped: 0.2176990 seconds, Stopping threads took: 0.0001150 seconds
74.827: Application time: 0.0347270 seconds
74.827: [GC74.827: [ParNew: 109824K->13696K(123520K), 0.0207050 secs] 238055K->161644K(397848K), 0.0207560 secs] [Times: user=0.15 sys=0.00, real=0.02 secs] 
74.848: Total time for which application threads were stopped: 0.0209450 seconds, Stopping threads took: 0.0001210 seconds
74.891: Application time: 0.0430360 seconds
74.891: [GC74.891: [ParNew: 123520K->13696K(123520K), 0.0303820 secs] 271468K->194186K(397848K), 0.0304270 secs] [Times: user=0.24 sys=0.00, real=0.04 secs] 
74.922: Total time for which application threads were stopped: 0.0307050 seconds, Stopping threads took: 0.0001780 seconds
74.980: Application time: 0.0580440 seconds
74.980: [GC74.980: [ParNew: 123520K->13696K(123520K), 0.0238160 secs] 304010K->208243K(397848K), 0.0238600 secs] [Times: user=0.19 sys=0.00, real=0.03 secs] 
75.004: Total time for which application threads were stopped: 0.0240430 seconds, Stopping threads took: 0.0001160 seconds
75.061: Application time: 0.0578790 seconds
75.065: [GC75.065: [ParNew: 123520K->13696K(123520K), 0.0193500 secs] 318067K->220735K(397848K), 0.0193950 secs] [Times: user=0.16 sys=0.00, real=0.02 secs] 
75.084: Total time for which application threads were stopped: 0.0224970 seconds, Stopping threads took: 0.0030370 seconds
75.134: Application time: 0.0504460 seconds
75.135: [GC75.135: [ParNew: 123520K->13696K(123520K), 0.0195440 secs] 330559K->234366K(397848K), 0.0195890 secs] [Times: user=0.15 sys=0.00, real=0.02 secs] 
75.154: Total time for which application threads were stopped: 0.0197410 seconds, Stopping threads took: 0.0000840 seconds
75.214: Application time: 0.0593690 seconds
75.214: [GC75.214: [ParNew: 123520K->13696K(123520K), 0.0204350 secs] 344190K->246811K(397848K), 0.0204790 secs] [Times: user=0.16 sys=0.00, real=0.02 secs] 
75.234: Total time for which application threads were stopped: 0.0206700 seconds, Stopping threads took: 0.0001250 seconds
75.280: Application time: 0.0459090 seconds
75.280: [GC75.280: [ParNew: 123520K->13696K(123520K), 0.0221890 secs] 356635K->266366K(397848K), 0.0222440 secs] [Times: user=0.18 sys=0.00, real=0.03 secs] 
75.303: Total time for which application threads were stopped: 0.0223980 seconds, Stopping threads took: 0.0000850 seconds
75.346: Application time: 0.0435360 seconds
75.346: [GC75.346: [ParNew: 123520K->13696K(123520K), 0.0255140 secs]75.372: [Tenured: 279175K->112152K(279512K), 0.1868910 secs] 376190K->112152K(403032K), [Perm : 9106K->9106K(21248K)], 0.2126600 secs] [Times: user=0.37 sys=0.00, real=0.21 secs] 
75.559: Total time for which application threads were stopped: 0.2128200 seconds, Stopping threads took: 0.0000930 seconds
75.593: Application time: 0.0345480 seconds
75.594: [GC75.594: [ParNew: 109824K->13696K(123520K), 0.0186870 secs] 221976K->145685K(397848K), 0.0187320 secs] [Times: user=0.15 sys=0.00, real=0.01 secs] 
75.612: Total time for which application threads were stopped: 0.0188890 seconds, Stopping threads took: 0.0000780 seconds
75.647: Application time: 0.0351460 seconds
75.648: [GC75.648: [ParNew: 123520K->13696K(123520K), 0.0257540 secs] 255509K->177737K(397848K), 0.0258000 secs] [Times: user=0.21 sys=0.00, real=0.03 secs] 
75.673: Total time for which application threads were stopped: 0.0259870 seconds, Stopping threads took: 0.0001200 seconds
75.727: Application time: 0.0531870 seconds
75.727: [GC75.727: [ParNew: 123520K->13696K(123520K), 0.0295340 secs] 287561K->203985K(397848K), 0.0295800 secs] [Times: user=0.24 sys=0.00, real=0.03 secs] 
75.756: Total time for which application threads were stopped: 0.0297840 seconds, Stopping threads took: 0.0001300 seconds
75.814: Application time: 0.0570650 seconds
75.814: [GC75.814: [ParNew: 123520K->13688K(123520K), 0.0205510 secs] 313809K->217325K(397848K), 0.0205950 secs] [Times: user=0.16 sys=0.00, real=0.02 secs] 
75.834: Total time for which application threads were stopped: 0.0207500 seconds, Stopping threads took: 0.0000900 seconds
75.888: Application time: 0.0538110 seconds
75.889: [GC75.889: [ParNew: 123512K->13696K(123520K), 0.0184610 secs] 327149K->227549K(397848K), 0.0185070 secs] [Times: user=0.14 sys=0.00, real=0.02 secs] 
75.907: Total time for which application threads were stopped: 0.0190600 seconds, Stopping threads took: 0.0004630 seconds
75.962: Application time: 0.0550660 seconds
75.962: [GC75.962: [ParNew: 123520K->13696K(123520K), 0.0209800 secs] 337373K->241609K(397848K), 0.0210240 secs] [Times: user=0.16 sys=0.00, real=0.02 secs] 
75.983: Total time for which application threads were stopped: 0.0212120 seconds, Stopping threads took: 0.0001210 seconds
76.033: Application time: 0.0498680 seconds
76.037: [GC76.037: [ParNew: 123520K->13696K(123520K), 0.0197040 secs] 351433K->256231K(397848K), 0.0197480 secs] [Times: user=0.16 sys=0.00, real=0.02 secs] 
76.056: Total time for which application threads were stopped: 0.0231150 seconds, Stopping threads took: 0.0032790 seconds
76.100: Application time: 0.0439290 seconds
76.100: [GC76.101: [ParNew: 123520K->13696K(123520K), 0.0229100 secs] 366055K->279818K(397848K), 0.0229550 secs] [Times: user=0.18 sys=0.00, real=0.02 secs] 
76.123: Total time for which application threads were stopped: 0.0231270 seconds, Stopping threads took: 0.0000940 seconds
76.164: Application time: 0.0408890 seconds
76.165: [GC76.165: [ParNew: 123515K->13696K(123520K), 0.0274950 secs]76.192: [Tenured: 297041K->115323K(297176K), 0.1880970 secs] 389637K->115323K(420696K), [Perm : 9106K->9106K(21248K)], 0.2163970 secs] [Times: user=0.39 sys=0.02, real=0.22 secs] 
76.381: Total time for which application threads were stopped: 0.2165880 seconds, Stopping threads took: 0.0001250 seconds
76.414: Application time: 0.0328250 seconds
76.414: [GC76.414: [ParNew: 109824K->13696K(123520K), 0.0169330 secs] 225147K->147129K(397848K), 0.0169780 secs] [Times: user=0.13 sys=0.00, real=0.01 secs] 
76.431: Total time for which application threads were stopped: 0.0171420 seconds, Stopping threads took: 0.0000960 seconds
76.474: Application time: 0.0428350 seconds
76.474: [GC76.474: [ParNew: 123520K->13696K(123520K), 0.0306040 secs] 256953K->180830K(397848K), 0.0306560 secs] [Times: user=0.25 sys=0.00, real=0.03 secs] 
76.505: Total time for which application threads were stopped: 0.0308430 seconds, Stopping threads took: 0.0001200 seconds
76.562: Application time: 0.0572350 seconds
76.562: [GC76.562: [ParNew: 123520K->13696K(123520K), 0.0220980 secs] 290654K->194784K(397848K), 0.0221400 secs] [Times: user=0.18 sys=0.00, real=0.02 secs] 
76.584: Total time for which application threads were stopped: 0.0222820 seconds, Stopping threads took: 0.0000760 seconds
76.644: Application time: 0.0598870 seconds
76.644: [GC76.644: [ParNew: 123520K->12699K(123520K), 0.0187160 secs] 304608K->205788K(397848K), 0.0187590 secs] [Times: user=0.14 sys=0.01, real=0.02 secs] 
76.663: Total time for which application threads were stopped: 0.0189090 seconds, Stopping threads took: 0.0000720 seconds
76.713: Application time: 0.0499390 seconds
76.713: [GC76.713: [ParNew: 122523K->13696K(123520K), 0.0181810 secs] 315612K->218450K(397848K), 0.0182260 secs] [Times: user=0.14 sys=0.00, real=0.01 secs] 
76.731: Total time for which application threads were stopped: 0.0184560 seconds, Stopping threads took: 0.0001410 seconds
76.787: Application time: 0.0555820 seconds
76.787: [GC76.787: [ParNew: 123520K->13696K(123520K), 0.0207180 secs] 328274K->234405K(397848K), 0.0207620 secs] [Times: user=0.17 sys=0.00, real=0.02 secs] 
76.808: Total time for which application threads were stopped: 0.0209400 seconds, Stopping threads took: 0.0001110 seconds
76.854: Application time: 0.0457510 seconds
76.854: [GC76.854: [ParNew: 123520K->13696K(123520K), 0.0233060 secs] 344229K->255642K(397848K), 0.0233500 secs] [Times: user=0.19 sys=0.00, real=0.02 secs] 
76.877: Total time for which application threads were stopped: 0.0235030 seconds, Stopping threads took: 0.0000870 seconds
76.919: Application time: 0.0423780 seconds
76.921: [GC76.921: [ParNew: 123265K->13696K(123520K), 0.0243560 secs] 365212K->281911K(397848K), 0.0243990 secs] [Times: user=0.20 sys=0.00, real=0.02 secs] 
76.945: Total time for which application threads were stopped: 0.0254760 seconds, Stopping threads took: 0.0010100 seconds
76.981: Application time: 0.0362360 seconds
76.981: [GC76.981: [ParNew: 123520K->13696K(123520K), 0.0266520 secs]77.008: [Tenured: 299312K->131118K(299480K), 0.1990670 secs] 391735K->131118K(423000K), [Perm : 9107K->9107K(21248K)], 0.2265790 secs] [Times: user=0.40 sys=0.01, real=0.22 secs] 
77.208: Total time for which application threads were stopped: 0.2267400 seconds, Stopping threads took: 0.0000930 seconds
77.247: Application time: 0.0389180 seconds
77.249: [GC77.249: [ParNew: 109824K->13696K(123520K), 0.0229780 secs] 240942K->166509K(397848K), 0.0230200 secs] [Times: user=0.18 sys=0.00, real=0.02 secs] 
77.272: Total time for which application threads were stopped: 0.0247150 seconds, Stopping threads took: 0.0016140 seconds
77.322: Application time: 0.0504220 seconds
77.322: [GC77.322: [ParNew: 123520K->13696K(123520K), 0.0276740 secs] 276333K->189282K(397848K), 0.0277170 secs] [Times: user=0.22 sys=0.00, real=0.02 secs] 
77.350: Total time for which application threads were stopped: 0.0279280 seconds, Stopping threads took: 0.0001470 seconds
77.409: Application time: 0.0590740 seconds
77.409: [GC77.409: [ParNew: 123520K->13691K(123520K), 0.0202870 secs] 299106K->202837K(397848K), 0.0203290 secs] [Times: user=0.16 sys=0.00, real=0.02 secs] 
77.429: Total time for which application threads were stopped: 0.0204690 seconds, Stopping threads took: 0.0000740 seconds
77.484: Application time: 0.0542640 seconds
77.484: [GC77.484: [ParNew: 123515K->13696K(123520K), 0.0174820 secs] 312661K->212479K(397848K), 0.0175270 secs] [Times: user=0.13 sys=0.00, real=0.02 secs] 
77.501: Total time for which application threads were stopped: 0.0176790 seconds, Stopping threads took: 0.0000850 seconds
77.555: Application time: 0.0540270 seconds
77.556: [GC77.556: [ParNew: 123520K->13696K(123520K), 0.0216640 secs] 322303K->227541K(397848K), 0.0217170 secs] [Times: user=0.17 sys=0.00, real=0.02 secs] 
77.577: Total time for which application threads were stopped: 0.0218610 seconds, Stopping threads took: 0.0000760 seconds
77.628: Application time: 0.0504970 seconds
77.628: [GC77.628: [ParNew: 123520K->13696K(123520K), 0.0202810 secs] 337365K->242855K(397848K), 0.0203250 secs] [Times: user=0.16 sys=0.00, real=0.02 secs] 
77.648: Total time for which application threads were stopped: 0.0205250 seconds, Stopping threads took: 0.0001320 seconds
77.694: Application time: 0.0457180 seconds
77.694: [GC77.694: [ParNew: 123520K->13696K(123520K), 0.0233170 secs] 352679K->266619K(397848K), 0.0233610 secs] [Times: user=0.19 sys=0.00, real=0.02 secs] 
77.718: Total time for which application threads were stopped: 0.0235120 seconds, Stopping threads took: 0.0000830 seconds
77.753: Application time: 0.0354740 seconds
77.753: [GC77.753: [ParNew: 123520K->13696K(123520K), 0.0250670 secs]77.778: [Tenured: 282655K->116493K(282776K), 0.1729260 secs] 376443K->116493K(406296K), [Perm : 9107K->9107K(21248K)], 0.1983520 secs] [Times: user=0.37 sys=0.00, real=0.19 secs] 
77.952: Total time for which application threads were stopped: 0.1985020 seconds, Stopping threads took: 0.0000720 seconds
77.986: Application time: 0.0341350 seconds
77.986: [GC77.986: [ParNew: 109775K->13696K(123520K), 0.0224430 secs] 226268K->154169K(397848K), 0.0224860 secs] [Times: user=0.18 sys=0.00, real=0.02 secs] 
78.008: Total time for which application threads were stopped: 0.0227130 seconds, Stopping threads took: 0.0001510 seconds
78.055: Application time: 0.0461110 seconds
78.055: [GC78.055: [ParNew: 123520K->13696K(123520K), 0.0313630 secs] 263993K->185079K(397848K), 0.0314040 secs] [Times: user=0.25 sys=0.00, real=0.03 secs] 
78.086: Total time for which application threads were stopped: 0.0315760 seconds, Stopping threads took: 0.0001060 seconds
78.143: Application time: 0.0567000 seconds
78.143: [GC78.143: [ParNew: 123520K->13655K(123520K), 0.0224770 secs] 294903K->198147K(397848K), 0.0225220 secs] [Times: user=0.18 sys=0.00, real=0.02 secs] 
78.165: Total time for which application threads were stopped: 0.0226680 seconds, Stopping threads took: 0.0000810 seconds
78.223: Application time: 0.0571430 seconds
78.223: [GC78.223: [ParNew: 123479K->13696K(123520K), 0.0180160 secs] 307971K->208626K(397848K), 0.0180610 secs] [Times: user=0.14 sys=0.00, real=0.02 secs] 
78.241: Total time for which application threads were stopped: 0.0182100 seconds, Stopping threads took: 0.0000840 seconds
78.291: Application time: 0.0504260 seconds
78.292: [GC78.292: [ParNew: 123520K->13696K(123520K), 0.0200710 secs] 318450K->222679K(397848K), 0.0201170 secs] [Times: user=0.15 sys=0.00, real=0.02 secs] 
78.312: Total time for which application threads were stopped: 0.0203840 seconds, Stopping threads took: 0.0001880 seconds
78.370: Application time: 0.0585570 seconds
78.370: [GC78.370: [ParNew: 123520K->13696K(123520K), 0.0194130 secs] 332503K->235200K(397848K), 0.0194550 secs] [Times: user=0.16 sys=0.00, real=0.02 secs] 
78.390: Total time for which application threads were stopped: 0.0195950 seconds, Stopping threads took: 0.0000710 seconds
78.439: Application time: 0.0492310 seconds
78.441: [GC78.441: [ParNew: 123520K->13696K(123520K), 0.0207400 secs] 345024K->251056K(397848K), 0.0207850 secs] [Times: user=0.17 sys=0.00, real=0.02 secs] 
78.461: Total time for which application threads were stopped: 0.0223070 seconds, Stopping threads took: 0.0014540 seconds
78.497: Application time: 0.0356330 seconds
78.497: [GC78.497: [ParNew: 123520K->13696K(123520K), 0.0268430 secs] 360880K->283334K(397848K), 0.0268880 secs] [Times: user=0.21 sys=0.01, real=0.03 secs] 
78.524: Total time for which application threads were stopped: 0.0270520 seconds, Stopping threads took: 0.0000950 seconds
78.557: Application time: 0.0324970 seconds
78.557: [GC78.557: [ParNew: 123520K->13696K(123520K), 0.0254710 secs]78.582: [Tenured: 302225K->131997K(302360K), 0.2131120 secs] 393158K->131997K(425880K), [Perm : 9108K->9108K(21248K)], 0.2396030 secs] [Times: user=0.41 sys=0.00, real=0.24 secs] 
78.796: Total time for which application threads were stopped: 0.2397910 seconds, Stopping threads took: 0.0001090 seconds
78.839: Application time: 0.0426700 seconds
78.839: [GC78.839: [ParNew: 109824K->13696K(123520K), 0.0271180 secs] 241821K->170086K(397848K), 0.0271620 secs] [Times: user=0.21 sys=0.00, real=0.03 secs] 
78.866: Total time for which application threads were stopped: 0.0273440 seconds, Stopping threads took: 0.0001000 seconds
78.919: Application time: 0.0522820 seconds
78.919: [GC78.919: [ParNew: 123520K->13696K(123520K), 0.0253610 secs] 279910K->188446K(397848K), 0.0254050 secs] [Times: user=0.20 sys=0.00, real=0.03 secs] 
78.944: Total time for which application threads were stopped: 0.0255870 seconds, Stopping threads took: 0.0001160 seconds
79.004: Application time: 0.0597780 seconds
79.004: [GC79.004: [ParNew: 123520K->13693K(123520K), 0.0186550 secs] 298270K->201492K(397848K), 0.0186980 secs] [Times: user=0.15 sys=0.00, real=0.02 secs] 
79.023: Total time for which application threads were stopped: 0.0188400 seconds, Stopping threads took: 0.0000740 seconds
79.072: Application time: 0.0488220 seconds
79.072: [GC79.072: [ParNew: 123517K->13696K(123520K), 0.0178540 secs] 311316K->212885K(397848K), 0.0178970 secs] [Times: user=0.14 sys=0.00, real=0.02 secs] 
79.090: Total time for which application threads were stopped: 0.0180320 seconds, Stopping threads took: 0.0000670 seconds
79.146: Application time: 0.0566510 seconds
79.147: [GC79.147: [ParNew: 123520K->13696K(123520K), 0.0199350 secs] 322709K->226200K(397848K), 0.0199790 secs] [Times: user=0.16 sys=0.00, real=0.02 secs] 
79.167: Total time for which application threads were stopped: 0.0202060 seconds, Stopping threads took: 0.0001350 seconds
79.223: Application time: 0.0562280 seconds
79.223: [GC79.223: [ParNew: 123520K->13696K(123520K), 0.0193620 secs] 336024K->238594K(397848K), 0.0194080 secs] [Times: user=0.15 sys=0.00, real=0.02 secs] 
79.242: Total time for which application threads were stopped: 0.0195530 seconds, Stopping threads took: 0.0000800 seconds
79.283: Application time: 0.0406860 seconds
79.283: [GC79.283: [ParNew: 123520K->13696K(123520K), 0.0226020 secs] 348418K->262375K(397848K), 0.0226450 secs] [Times: user=0.18 sys=0.00, real=0.02 secs] 
79.306: Total time for which application threads were stopped: 0.0228180 seconds, Stopping threads took: 0.0001050 seconds
79.339: Application time: 0.0332590 seconds
79.339: [GC79.339: [ParNew: 123520K->13696K(123520K), 0.0259990 secs]79.365: [Tenured: 282967K->123143K(282968K), 0.1922540 secs] 372199K->123143K(406488K), [Perm : 9108K->9108K(21248K)], 0.2186550 secs] [Times: user=0.39 sys=0.01, real=0.22 secs] 
79.558: Total time for which application threads were stopped: 0.2188010 seconds, Stopping threads took: 0.0000770 seconds
79.593: Application time: 0.0349320 seconds
79.593: [GC79.593: [ParNew: 109824K->13696K(123520K), 0.0222550 secs] 232967K->159183K(397848K), 0.0223000 secs] [Times: user=0.18 sys=0.00, real=0.02 secs] 
79.615: Total time for which application threads were stopped: 0.0224830 seconds, Stopping threads took: 0.0001030 seconds
79.662: Application time: 0.0466810 seconds
79.662: [GC79.662: [ParNew: 123520K->13696K(123520K), 0.0313250 secs] 269007K->189245K(397848K), 0.0313690 secs] [Times: user=0.25 sys=0.00, real=0.03 secs] 
79.694: Total time for which application threads were stopped: 0.0315800 seconds, Stopping threads took: 0.0001450 seconds
79.751: Application time: 0.0573650 seconds
79.753: [GC79.753: [ParNew: 123520K->13696K(123520K), 0.0218420 secs] 299069K->202722K(397848K), 0.0218870 secs] [Times: user=0.18 sys=0.00, real=0.02 secs] 
79.774: Total time for which application threads were stopped: 0.0234830 seconds, Stopping threads took: 0.0015310 seconds
79.831: Application time: 0.0567340 seconds
79.831: [GC79.831: [ParNew: 123351K->13696K(123520K), 0.0198080 secs] 312378K->213534K(397848K), 0.0198590 secs] [Times: user=0.14 sys=0.00, real=0.02 secs] 
79.851: Total time for which application threads were stopped: 0.0200930 seconds, Stopping threads took: 0.0001670 seconds
79.902: Application time: 0.0506280 seconds
79.902: [GC79.902: [ParNew: 123520K->13696K(123520K), 0.0191360 secs] 323358K->226755K(397848K), 0.0191890 secs] [Times: user=0.15 sys=0.00, real=0.02 secs] 
79.921: Total time for which application threads were stopped: 0.0193470 seconds, Stopping threads took: 0.0000910 seconds
79.979: Application time: 0.0573950 seconds
79.979: [GC79.979: [ParNew: 123520K->13696K(123520K), 0.0204260 secs] 336579K->239779K(397848K), 0.0204700 secs] [Times: user=0.17 sys=0.00, real=0.02 secs] 
79.999: Total time for which application threads were stopped: 0.0206460 seconds, Stopping threads took: 0.0001090 seconds
80.046: Application time: 0.0464350 seconds
80.049: [GC80.049: [ParNew: 123480K->13696K(123520K), 0.0220000 secs] 349564K->259612K(397848K), 0.0220440 secs] [Times: user=0.18 sys=0.00, real=0.02 secs] 
80.071: Total time for which application threads were stopped: 0.0248460 seconds, Stopping threads took: 0.0027300 seconds
80.108: Application time: 0.0368890 seconds
80.108: [GC80.108: [ParNew: 123520K->13696K(123520K), 0.0238230 secs]80.132: [Tenured: 274562K->125352K(275864K), 0.1877790 secs] 369436K->125352K(399384K), [Perm : 9108K->9108K(21248K)], 0.2116950 secs] [Times: user=0.38 sys=0.00, real=0.21 secs] 
80.319: Total time for which application threads were stopped: 0.2118630 seconds, Stopping threads took: 0.0000900 seconds
80.357: Application time: 0.0374960 seconds
80.357: [GC80.357: [ParNew: 109824K->13696K(123520K), 0.0232090 secs] 235176K->163696K(397848K), 0.0232540 secs] [Times: user=0.18 sys=0.00, real=0.02 secs] 
80.380: Total time for which application threads were stopped: 0.0235160 seconds, Stopping threads took: 0.0001750 seconds
80.419: Application time: 0.0382810 seconds
80.419: [GC80.419: [ParNew: 123520K->13696K(123520K), 0.0286160 secs] 273520K->195446K(397848K), 0.0286620 secs] [Times: user=0.23 sys=0.00, real=0.03 secs] 
80.448: Total time for which application threads were stopped: 0.0288340 seconds, Stopping threads took: 0.0001050 seconds
80.502: Application time: 0.0547610 seconds
80.502: [GC80.502: [ParNew: 123520K->13696K(123520K), 0.0268060 secs] 305270K->214254K(397848K), 0.0268490 secs] [Times: user=0.20 sys=0.00, real=0.02 secs] 
80.529: Total time for which application threads were stopped: 0.0270200 seconds, Stopping threads took: 0.0001050 seconds
80.589: Application time: 0.0599430 seconds
80.589: [GC80.589: [ParNew: 123520K->13643K(123520K), 0.0201340 secs] 324078K->227586K(397848K), 0.0201790 secs] [Times: user=0.16 sys=0.00, real=0.02 secs] 
80.610: Total time for which application threads were stopped: 0.0203950 seconds, Stopping threads took: 0.0001290 seconds
80.663: Application time: 0.0537830 seconds
80.664: [GC80.664: [ParNew: 123467K->13696K(123520K), 0.0172980 secs] 337410K->236983K(397848K), 0.0173420 secs] [Times: user=0.14 sys=0.00, real=0.02 secs] 
80.681: Total time for which application threads were stopped: 0.0175380 seconds, Stopping threads took: 0.0001030 seconds
80.733: Application time: 0.0519160 seconds
80.733: [GC80.733: [ParNew: 123520K->13696K(123520K), 0.0207770 secs] 346807K->251414K(397848K), 0.0208210 secs] [Times: user=0.17 sys=0.00, real=0.02 secs] 
80.754: Total time for which application threads were stopped: 0.0209870 seconds, Stopping threads took: 0.0000780 seconds
80.809: Application time: 0.0548850 seconds
80.809: [GC80.809: [ParNew: 123520K->13696K(123520K), 0.0205520 secs] 361238K->265435K(397848K), 0.0205970 secs] [Times: user=0.16 sys=0.00, real=0.02 secs] 
80.830: Total time for which application threads were stopped: 0.0208710 seconds, Stopping threads took: 0.0001890 seconds
80.868: Application time: 0.0382230 seconds
80.868: [GC80.868: [ParNew: 123520K->13696K(123520K), 0.0242330 secs]80.892: [Tenured: 278240K->110280K(278360K), 0.1605270 secs] 375259K->110280K(401880K), [Perm : 9108K->9108K(21248K)], 0.1849850 secs] [Times: user=0.35 sys=0.00, real=0.19 secs] 
81.053: Total time for which application threads were stopped: 0.1851860 seconds, Stopping threads took: 0.0001330 seconds
81.086: Application time: 0.0334470 seconds
81.087: [GC81.087: [ParNew: 109824K->13696K(123520K), 0.0195880 secs] 220104K->145119K(397848K), 0.0196400 secs] [Times: user=0.15 sys=0.00, real=0.02 secs] 
81.106: Total time for which application threads were stopped: 0.0198200 seconds, Stopping threads took: 0.0001130 seconds
81.142: Application time: 0.0355710 seconds
81.142: [GC81.142: [ParNew: 123520K->13696K(123520K), 0.0309570 secs] 254943K->183104K(397848K), 0.0310000 secs] [Times: user=0.25 sys=0.00, real=0.03 secs] 
81.173: Total time for which application threads were stopped: 0.0311390 seconds, Stopping threads took: 0.0000710 seconds
81.223: Application time: 0.0499400 seconds
81.223: [GC81.223: [ParNew: 123520K->13696K(123520K), 0.0309780 secs] 292928K->210908K(397848K), 0.0310230 secs] [Times: user=0.24 sys=0.00, real=0.03 secs] 
81.254: Total time for which application threads were stopped: 0.0312120 seconds, Stopping threads took: 0.0001070 seconds
81.313: Application time: 0.0585710 seconds
81.313: [GC81.313: [ParNew: 123520K->13693K(123520K), 0.0206540 secs] 320732K->224259K(397848K), 0.0206970 secs] [Times: user=0.16 sys=0.00, real=0.02 secs] 
81.334: Total time for which application threads were stopped: 0.0208530 seconds, Stopping threads took: 0.0000910 seconds
81.394: Application time: 0.0607910 seconds
81.397: [GC81.397: [ParNew: 123517K->9823K(123520K), 0.0163190 secs] 334083K->228378K(397848K), 0.0163640 secs] [Times: user=0.13 sys=0.00, real=0.02 secs] 
81.413: Total time for which application threads were stopped: 0.0185200 seconds, Stopping threads took: 0.0020920 seconds
81.462: Application time: 0.0493690 seconds
81.462: [GC81.462: [ParNew: 119647K->13696K(123520K), 0.0186130 secs] 338202K->242351K(397848K), 0.0186570 secs] [Times: user=0.14 sys=0.00, real=0.02 secs] 
81.481: Total time for which application threads were stopped: 0.0188500 seconds, Stopping threads took: 0.0001250 seconds
81.540: Application time: 0.0587070 seconds
81.540: [GC81.540: [ParNew: 123520K->13696K(123520K), 0.0201840 secs] 352175K->256830K(397848K), 0.0202290 secs] [Times: user=0.16 sys=0.00, real=0.02 secs] 
81.560: Total time for which application threads were stopped: 0.0204350 seconds, Stopping threads took: 0.0001410 seconds
81.605: Application time: 0.0447070 seconds
81.605: [GC81.605: [ParNew: 123395K->13696K(123520K), 0.0227030 secs] 366529K->277738K(397848K), 0.0227480 secs] [Times: user=0.18 sys=0.01, real=0.02 secs] 
81.628: Total time for which application threads were stopped: 0.0229730 seconds, Stopping threads took: 0.0001370 seconds
81.664: Application time: 0.0359810 seconds
81.664: [GC81.664: [ParNew: 123520K->13696K(123520K), 0.0254110 secs]81.690: [Tenured: 294532K->113246K(294680K), 0.1842390 secs] 387562K->113246K(418200K), [Perm : 9108K->9108K(21248K)], 0.2103760 secs] [Times: user=0.38 sys=0.00, real=0.21 secs] 
81.875: Total time for which application threads were stopped: 0.2105800 seconds, Stopping threads took: 0.0001360 seconds
81.910: Application time: 0.0358460 seconds
81.911: [GC81.911: [ParNew: 109824K->13696K(123520K), 0.0238320 secs] 223070K->151834K(397848K), 0.0238760 secs] [Times: user=0.19 sys=0.00, real=0.03 secs] 
81.934: Total time for which application threads were stopped: 0.0240400 seconds, Stopping threads took: 0.0000830 seconds
81.975: Application time: 0.0400700 seconds
81.975: [GC81.975: [ParNew: 123520K->13696K(123520K), 0.0294200 secs] 261658K->182759K(397848K), 0.0294650 secs] [Times: user=0.23 sys=0.00, real=0.03 secs] 
82.004: Total time for which application threads were stopped: 0.0296390 seconds, Stopping threads took: 0.0001030 seconds
82.059: Application time: 0.0551000 seconds
82.059: [GC82.059: [ParNew: 123520K->13696K(123520K), 0.0243880 secs] 292583K->199890K(397848K), 0.0244320 secs] [Times: user=0.19 sys=0.00, real=0.03 secs] 
82.084: Total time for which application threads were stopped: 0.0246290 seconds, Stopping threads took: 0.0001120 seconds
82.143: Application time: 0.0590830 seconds
82.143: [GC82.143: [ParNew: 123520K->13693K(123520K), 0.0194340 secs] 309714K->213342K(397848K), 0.0194860 secs] [Times: user=0.15 sys=0.00, real=0.02 secs] 
82.163: Total time for which application threads were stopped: 0.0196650 seconds, Stopping threads took: 0.0001150 seconds
82.217: Application time: 0.0542270 seconds
82.217: [GC82.217: [ParNew: 123517K->13696K(123520K), 0.0167190 secs] 323166K->221392K(397848K), 0.0167630 secs] [Times: user=0.13 sys=0.00, real=0.02 secs] 
82.234: Total time for which application threads were stopped: 0.0169200 seconds, Stopping threads took: 0.0000910 seconds
82.285: Application time: 0.0511570 seconds
82.289: [GC82.289: [ParNew: 123520K->13696K(123520K), 0.0204460 secs] 331216K->236507K(397848K), 0.0204910 secs] [Times: user=0.16 sys=0.00, real=0.02 secs] 
82.309: Total time for which application threads were stopped: 0.0240860 seconds, Stopping threads took: 0.0035300 seconds
82.362: Application time: 0.0532890 seconds
82.363: [GC82.363: [ParNew: 123520K->13696K(123520K), 0.0207540 secs] 346331K->251076K(397848K), 0.0207980 secs] [Times: user=0.16 sys=0.00, real=0.02 secs] 
82.383: Total time for which application threads were stopped: 0.0209890 seconds, Stopping threads took: 0.0001230 seconds
82.419: Application time: 0.0355750 seconds
82.419: [GC82.419: [ParNew: 123520K->13696K(123520K), 0.0249780 secs] 360900K->281099K(397848K), 0.0250240 secs] [Times: user=0.20 sys=0.00, real=0.03 secs] 
82.444: Total time for which application threads were stopped: 0.0252000 seconds, Stopping threads took: 0.0000950 seconds
82.482: Application time: 0.0377510 seconds
82.482: [GC82.482: [ParNew: 123520K->13696K(123520K), 0.0299220 secs]82.512: [Tenured: 301409K->144399K(301592K), 0.2214090 secs] 390923K->144399K(425112K), [Perm : 9108K->9108K(21248K)], 0.2522370 secs] [Times: user=0.44 sys=0.02, real=0.25 secs] 
82.734: Total time for which application threads were stopped: 0.2523870 seconds, Stopping threads took: 0.0000840 seconds
82.773: Application time: 0.0387510 seconds
82.773: [GC82.773: [ParNew: 109824K->13696K(123520K), 0.0225720 secs] 254223K->180235K(397848K), 0.0226180 secs] [Times: user=0.17 sys=0.00, real=0.02 secs] 
82.796: Total time for which application threads were stopped: 0.0227790 seconds, Stopping threads took: 0.0000920 seconds
82.842: Application time: 0.0466290 seconds
82.843: [GC82.843: [ParNew: 123520K->13696K(123520K), 0.0268380 secs] 290059K->204904K(397848K), 0.0268820 secs] [Times: user=0.21 sys=0.00, real=0.02 secs] 
82.869: Total time for which application threads were stopped: 0.0270200 seconds, Stopping threads took: 0.0000720 seconds
82.929: Application time: 0.0595140 seconds
82.929: [GC82.929: [ParNew: 123520K->13681K(123520K), 0.0210970 secs] 314728K->218041K(397848K), 0.0211410 secs] [Times: user=0.16 sys=0.00, real=0.02 secs] 
82.950: Total time for which application threads were stopped: 0.0212940 seconds, Stopping threads took: 0.0000740 seconds
83.011: Application time: 0.0602790 seconds
83.011: [GC83.011: [ParNew: 123505K->11220K(123520K), 0.0180250 secs] 327865K->225701K(397848K), 0.0180680 secs] [Times: user=0.14 sys=0.01, real=0.02 secs] 
83.029: Total time for which application threads were stopped: 0.0182320 seconds, Stopping threads took: 0.0000990 seconds
83.080: Application time: 0.0512390 seconds
83.080: [GC83.080: [ParNew: 121044K->13696K(123520K), 0.0180930 secs] 335525K->238233K(397848K), 0.0181390 secs] [Times: user=0.14 sys=0.00, real=0.02 secs] 
83.098: Total time for which application threads were stopped: 0.0183000 seconds, Stopping threads took: 0.0000930 seconds
83.155: Application time: 0.0561990 seconds
83.155: [GC83.155: [ParNew: 123520K->13696K(123520K), 0.0222420 secs] 348057K->254197K(397848K), 0.0222850 secs] [Times: user=0.18 sys=0.00, real=0.02 secs] 
83.177: Total time for which application threads were stopped: 0.0224260 seconds, Stopping threads took: 0.0000730 seconds
83.216: Application time: 0.0394420 seconds
83.217: [GC83.217: [ParNew: 123520K->13696K(123520K), 0.0245980 secs] 364021K->281163K(397848K), 0.0246420 secs] [Times: user=0.19 sys=0.00, real=0.03 secs] 
83.241: Total time for which application threads were stopped: 0.0248070 seconds, Stopping threads took: 0.0000840 seconds
83.277: Application time: 0.0355700 seconds
83.277: [GC83.277: [ParNew: 123520K->13696K(123520K), 0.0240730 secs]83.301: [Tenured: 296096K->140129K(296408K), 0.2119010 secs] 390987K->140129K(419928K), [Perm : 9108K->9108K(21248K)], 0.2368100 secs] [Times: user=0.39 sys=0.00, real=0.24 secs] 
83.514: Total time for which application threads were stopped: 0.2369750 seconds, Stopping threads took: 0.0000940 seconds
83.557: Application time: 0.0430060 seconds
83.557: [GC83.557: [ParNew: 109824K->13696K(123520K), 0.0252530 secs] 249953K->177956K(397848K), 0.0252970 secs] [Times: user=0.20 sys=0.00, real=0.03 secs] 
83.582: Total time for which application threads were stopped: 0.0254820 seconds, Stopping threads took: 0.0001030 seconds
83.622: Application time: 0.0398850 seconds
83.622: [GC83.622: [ParNew: 123520K->13696K(123520K), 0.0249490 secs] 287780K->203345K(397848K), 0.0249940 secs] [Times: user=0.19 sys=0.00, real=0.02 secs] 
83.647: Total time for which application threads were stopped: 0.0251670 seconds, Stopping threads took: 0.0001060 seconds
83.702: Application time: 0.0551230 seconds
83.703: [GC83.703: [ParNew: 123520K->13696K(123520K), 0.0254080 secs] 313169K->222768K(397848K), 0.0254530 secs] [Times: user=0.21 sys=0.00, real=0.02 secs] 
83.728: Total time for which application threads were stopped: 0.0255980 seconds, Stopping threads took: 0.0000780 seconds
83.785: Application time: 0.0573810 seconds
83.786: [GC83.786: [ParNew: 123520K->13694K(123520K), 0.0195550 secs] 332592K->236167K(397848K), 0.0195960 secs] [Times: user=0.15 sys=0.00, real=0.02 secs] 
83.805: Total time for which application threads were stopped: 0.0197440 seconds, Stopping threads took: 0.0000760 seconds
83.866: Application time: 0.0604660 seconds
83.866: [GC83.866: [ParNew: 123518K->12137K(123520K), 0.0170420 secs] 345991K->242426K(397848K), 0.0170840 secs] [Times: user=0.12 sys=0.00, real=0.02 secs] 
83.883: Total time for which application threads were stopped: 0.0172390 seconds, Stopping threads took: 0.0000920 seconds
83.934: Application time: 0.0509030 seconds
83.934: [GC83.934: [ParNew: 121961K->13696K(123520K), 0.0190260 secs] 352250K->255340K(397848K), 0.0190710 secs] [Times: user=0.15 sys=0.00, real=0.02 secs] 
83.953: Total time for which application threads were stopped: 0.0192300 seconds, Stopping threads took: 0.0000930 seconds
83.999: Application time: 0.0457430 seconds
84.001: [GC84.001: [ParNew: 123130K->13696K(123520K), 0.0235040 secs] 364775K->279648K(397848K), 0.0235500 secs] [Times: user=0.18 sys=0.00, real=0.02 secs] 
84.024: Total time for which application threads were stopped: 0.0253860 seconds, Stopping threads took: 0.0017670 seconds
84.061: Application time: 0.0369450 seconds
84.061: [GC84.061: [ParNew: 123520K->13696K(123520K), 0.0256170 secs]84.087: [Tenured: 295708K->133488K(295832K), 0.1983130 secs] 389472K->133488K(419352K), [Perm : 9108K->9108K(21248K)], 0.2247730 secs] [Times: user=0.38 sys=0.02, real=0.22 secs] 
84.286: Total time for which application threads were stopped: 0.2250350 seconds, Stopping threads took: 0.0001790 seconds
84.328: Application time: 0.0419080 seconds
84.328: [GC84.328: [ParNew: 109824K->13696K(123520K), 0.0210880 secs] 243312K->164963K(397848K), 0.0211330 secs] [Times: user=0.16 sys=0.01, real=0.02 secs] 
84.349: Total time for which application threads were stopped: 0.0213000 seconds, Stopping threads took: 0.0000990 seconds
84.388: Application time: 0.0389970 seconds
84.388: [GC84.388: [ParNew: 123520K->13696K(123520K), 0.0291770 secs] 274787K->198113K(397848K), 0.0292240 secs] [Times: user=0.23 sys=0.00, real=0.03 secs] 
84.418: Total time for which application threads were stopped: 0.0294020 seconds, Stopping threads took: 0.0001060 seconds
84.466: Application time: 0.0479160 seconds
84.466: [GC84.466: [ParNew: 123520K->13696K(123520K), 0.0285990 secs] 307937K->224617K(397848K), 0.0286410 secs] [Times: user=0.22 sys=0.00, real=0.03 secs] 
84.494: Total time for which application threads were stopped: 0.0287890 seconds, Stopping threads took: 0.0000730 seconds
84.555: Application time: 0.0605050 seconds
84.555: [GC84.555: [ParNew: 123520K->13692K(123520K), 0.0212040 secs] 334441K->237994K(397848K), 0.0212480 secs] [Times: user=0.17 sys=0.00, real=0.02 secs] 
84.576: Total time for which application threads were stopped: 0.0214360 seconds, Stopping threads took: 0.0001240 seconds
84.637: Application time: 0.0609350 seconds
84.637: [GC84.637: [ParNew: 123516K->11261K(123520K), 0.0183260 secs] 347818K->243850K(397848K), 0.0183670 secs] [Times: user=0.14 sys=0.00, real=0.02 secs] 
84.656: Total time for which application threads were stopped: 0.0185210 seconds, Stopping threads took: 0.0000800 seconds
84.710: Application time: 0.0543490 seconds
84.710: [GC84.710: [ParNew: 121085K->13696K(123520K), 0.0176570 secs] 353674K->254622K(397848K), 0.0177020 secs] [Times: user=0.14 sys=0.00, real=0.02 secs] 
84.728: Total time for which application threads were stopped: 0.0178670 seconds, Stopping threads took: 0.0000980 seconds
84.778: Application time: 0.0494810 seconds
84.778: [GC84.778: [ParNew: 123520K->13696K(123520K), 0.0213890 secs] 364446K->272198K(397848K), 0.0214330 secs] [Times: user=0.17 sys=0.00, real=0.02 secs] 
84.799: Total time for which application threads were stopped: 0.0216050 seconds, Stopping threads took: 0.0001030 seconds
84.839: Application time: 0.0394440 seconds
84.841: [GC84.841: [ParNew: 123352K->13696K(123520K), 0.0254500 secs]84.866: [Tenured: 287196K->110384K(287384K), 0.1829840 secs] 381855K->110384K(410904K), [Perm : 9108K->9108K(21248K)], 0.2089420 secs] [Times: user=0.38 sys=0.00, real=0.20 secs] 
85.050: Total time for which application threads were stopped: 0.2109200 seconds, Stopping threads took: 0.0019090 seconds
85.088: Application time: 0.0383390 seconds
85.088: [GC85.088: [ParNew: 109824K->13696K(123520K), 0.0177960 secs] 220208K->140348K(397848K), 0.0178360 secs] [Times: user=0.14 sys=0.00, real=0.02 secs] 
85.106: Total time for which application threads were stopped: 0.0179850 seconds, Stopping threads took: 0.0000820 seconds
85.145: Application time: 0.0391140 seconds
85.145: [GC85.145: [ParNew: 123520K->13696K(123520K), 0.0313590 secs] 250172K->176858K(397848K), 0.0314030 secs] [Times: user=0.25 sys=0.00, real=0.03 secs] 
85.177: Total time for which application threads were stopped: 0.0316060 seconds, Stopping threads took: 0.0001240 seconds
85.218: Application time: 0.0412220 seconds
85.218: [GC85.218: [ParNew: 123520K->13696K(123520K), 0.0261030 secs] 286682K->203538K(397848K), 0.0261470 secs] [Times: user=0.21 sys=0.00, real=0.03 secs] 
85.244: Total time for which application threads were stopped: 0.0262920 seconds, Stopping threads took: 0.0000780 seconds
85.301: Application time: 0.0564950 seconds
85.305: [GC85.305: [ParNew: 123520K->13696K(123520K), 0.0237320 secs] 313362K->220625K(397848K), 0.0237750 secs] [Times: user=0.18 sys=0.00, real=0.02 secs] 
85.328: Total time for which application threads were stopped: 0.0277610 seconds, Stopping threads took: 0.0039220 seconds
85.387: Application time: 0.0581700 seconds
85.387: [GC85.387: [ParNew: 123520K->13575K(123520K), 0.0196970 secs] 330449K->233827K(397848K), 0.0197410 secs] [Times: user=0.15 sys=0.00, real=0.02 secs] 
85.407: Total time for which application threads were stopped: 0.0200170 seconds, Stopping threads took: 0.0002100 seconds
85.466: Application time: 0.0599150 seconds
85.469: [GC85.469: [ParNew: 123399K->12689K(123520K), 0.0162880 secs] 343651K->240487K(397848K), 0.0163320 secs] [Times: user=0.13 sys=0.00, real=0.02 secs] 
85.485: Total time for which application threads were stopped: 0.0184940 seconds, Stopping threads took: 0.0020950 seconds
85.537: Application time: 0.0523110 seconds
85.537: [GC85.537: [ParNew: 122513K->13696K(123520K), 0.0184890 secs] 350311K->252523K(397848K), 0.0185330 secs] [Times: user=0.15 sys=0.00, real=0.02 secs] 
85.556: Total time for which application threads were stopped: 0.0187150 seconds, Stopping threads took: 0.0001120 seconds
85.599: Application time: 0.0427200 seconds
85.599: [GC85.599: [ParNew: 123520K->13696K(123520K), 0.0238600 secs] 362347K->277429K(397848K), 0.0239140 secs] [Times: user=0.19 sys=0.00, real=0.03 secs] 
85.623: Total time for which application threads were stopped: 0.0240980 seconds, Stopping threads took: 0.0001070 seconds
85.658: Application time: 0.0355440 seconds
85.659: [GC85.659: [ParNew: 123520K->13696K(123520K), 0.0254810 secs]85.684: [Tenured: 294243K->122109K(294296K), 0.2005930 secs] 387253K->122109K(417816K), [Perm : 9109K->9109K(21248K)], 0.2267830 secs] [Times: user=0.39 sys=0.01, real=0.23 secs] 
85.885: Total time for which application threads were stopped: 0.2270160 seconds, Stopping threads took: 0.0001330 seconds
85.926: Application time: 0.0409030 seconds
85.926: [GC85.926: [ParNew: 109824K->13696K(123520K), 0.0230630 secs] 231933K->157591K(397848K), 0.0231040 secs] [Times: user=0.18 sys=0.00, real=0.02 secs] 
85.950: Total time for which application threads were stopped: 0.0232700 seconds, Stopping threads took: 0.0000990 seconds
85.987: Application time: 0.0374810 seconds
85.987: [GC85.987: [ParNew: 123520K->13696K(123520K), 0.0269620 secs] 267415K->187735K(397848K), 0.0270070 secs] [Times: user=0.22 sys=0.00, real=0.03 secs] 
86.014: Total time for which application threads were stopped: 0.0271620 seconds, Stopping threads took: 0.0000880 seconds
86.064: Application time: 0.0497500 seconds
86.064: [GC86.064: [ParNew: 123520K->13696K(123520K), 0.0273070 secs] 297559K->212890K(397848K), 0.0273510 secs] [Times: user=0.21 sys=0.00, real=0.02 secs] 
86.091: Total time for which application threads were stopped: 0.0275390 seconds, Stopping threads took: 0.0001180 seconds
86.151: Application time: 0.0593650 seconds
86.151: [GC86.151: [ParNew: 123520K->13694K(123520K), 0.0191640 secs] 322714K->226068K(397848K), 0.0192080 secs] [Times: user=0.15 sys=0.00, real=0.02 secs] 
86.170: Total time for which application threads were stopped: 0.0193780 seconds, Stopping threads took: 0.0001030 seconds
86.231: Application time: 0.0608510 seconds
86.233: [GC86.233: [ParNew: 123518K->12912K(123520K), 0.0163490 secs] 335892K->232871K(397848K), 0.0163930 secs] [Times: user=0.13 sys=0.00, real=0.01 secs] 
86.249: Total time for which application threads were stopped: 0.0179570 seconds, Stopping threads took: 0.0014660 seconds
86.307: Application time: 0.0583900 seconds
86.308: [GC86.308: [ParNew: 122736K->13696K(123520K), 0.0165260 secs] 342695K->241499K(397848K), 0.0165700 secs] [Times: user=0.13 sys=0.00, real=0.02 secs] 
86.324: Total time for which application threads were stopped: 0.0167210 seconds, Stopping threads took: 0.0000870 seconds
86.370: Application time: 0.0462500 seconds
86.371: [GC86.371: [ParNew: 123520K->13696K(123520K), 0.0200520 secs] 351323K->257695K(397848K), 0.0200960 secs] [Times: user=0.16 sys=0.00, real=0.02 secs] 
86.391: Total time for which application threads were stopped: 0.0202650 seconds, Stopping threads took: 0.0001000 seconds
86.428: Application time: 0.0375600 seconds
86.428: [GC86.428: [ParNew: 123520K->13696K(123520K), 0.0257490 secs]86.454: [Tenured: 275632K->117004K(275864K), 0.1847770 secs] 367519K->117004K(399384K), [Perm : 9109K->9109K(21248K)], 0.2106620 secs] [Times: user=0.38 sys=0.00, real=0.21 secs] 
86.639: Total time for which application threads were stopped: 0.2108040 seconds, Stopping threads took: 0.0000760 seconds
86.677: Application time: 0.0383610 seconds
86.678: [GC86.678: [ParNew: 109824K->13696K(123520K), 0.0201440 secs] 226828K->148605K(397848K), 0.0201870 secs] [Times: user=0.16 sys=0.00, real=0.02 secs] 
86.698: Total time for which application threads were stopped: 0.0203550 seconds, Stopping threads took: 0.0001020 seconds
86.738: Application time: 0.0398250 seconds
86.738: [GC86.738: [ParNew: 123520K->13696K(123520K), 0.0312860 secs] 258429K->183830K(397848K), 0.0313320 secs] [Times: user=0.24 sys=0.00, real=0.03 secs] 
86.769: Total time for which application threads were stopped: 0.0315730 seconds, Stopping threads took: 0.0001590 seconds
86.811: Application time: 0.0414980 seconds
86.811: [GC86.811: [ParNew: 123520K->13696K(123520K), 0.0271270 secs] 293654K->211354K(397848K), 0.0271810 secs] [Times: user=0.22 sys=0.00, real=0.03 secs] 
86.838: Total time for which application threads were stopped: 0.0273200 seconds, Stopping threads took: 0.0000690 seconds
86.897: Application time: 0.0587920 seconds
86.897: [GC86.897: [ParNew: 123520K->13696K(123520K), 0.0226440 secs] 321178K->225164K(397848K), 0.0226880 secs] [Times: user=0.18 sys=0.00, real=0.02 secs] 
86.920: Total time for which application threads were stopped: 0.0228720 seconds, Stopping threads took: 0.0001190 seconds
86.979: Application time: 0.0590520 seconds
86.979: [GC86.979: [ParNew: 123520K->13692K(123520K), 0.0192280 secs] 334988K->238488K(397848K), 0.0192710 secs] [Times: user=0.15 sys=0.00, real=0.02 secs] 
86.998: Total time for which application threads were stopped: 0.0194160 seconds, Stopping threads took: 0.0000790 seconds
87.057: Application time: 0.0586360 seconds
87.057: [GC87.057: [ParNew: 123516K->12782K(123520K), 0.0168260 secs] 348312K->245046K(397848K), 0.0168680 secs] [Times: user=0.13 sys=0.00, real=0.02 secs] 
87.074: Total time for which application threads were stopped: 0.0170780 seconds, Stopping threads took: 0.0001450 seconds
87.128: Application time: 0.0539260 seconds
87.128: [GC87.128: [ParNew: 122580K->13696K(123520K), 0.0177570 secs] 354845K->255594K(397848K), 0.0177990 secs] [Times: user=0.14 sys=0.00, real=0.02 secs] 
87.146: Total time for which application threads were stopped: 0.0180130 seconds, Stopping threads took: 0.0001470 seconds
87.186: Application time: 0.0403830 seconds
87.186: [GC87.186: [ParNew: 123520K->13696K(123520K), 0.0230230 secs] 365418K->280354K(397848K), 0.0230670 secs] [Times: user=0.18 sys=0.00, real=0.02 secs] 
87.209: Total time for which application threads were stopped: 0.0232370 seconds, Stopping threads took: 0.0001040 seconds
87.247: Application time: 0.0375990 seconds
87.247: [GC87.247: [ParNew: 123520K->13696K(123520K), 0.0287040 secs]87.276: [Tenured: 301156K->128224K(301400K), 0.2049620 secs] 390178K->128224K(424920K), [Perm : 9111K->9111K(21248K)], 0.2345720 secs] [Times: user=0.43 sys=0.01, real=0.24 secs] 
87.482: Total time for which application threads were stopped: 0.2347430 seconds, Stopping threads took: 0.0000930 seconds
87.519: Application time: 0.0376120 seconds
87.521: [GC87.521: [ParNew: 109824K->13696K(123520K), 0.0201930 secs] 238048K->161490K(397848K), 0.0202370 secs] [Times: user=0.16 sys=0.00, real=0.02 secs] 
87.541: Total time for which application threads were stopped: 0.0214040 seconds, Stopping threads took: 0.0011020 seconds
87.578: Application time: 0.0368870 seconds
87.578: [GC87.578: [ParNew: 123520K->13696K(123520K), 0.0283700 secs] 271314K->193667K(397848K), 0.0284150 secs] [Times: user=0.23 sys=0.00, real=0.03 secs] 
87.606: Total time for which application threads were stopped: 0.0285650 seconds, Stopping threads took: 0.0000840 seconds
87.658: Application time: 0.0514870 seconds
87.658: [GC87.658: [ParNew: 123520K->13696K(123520K), 0.0270910 secs] 303491K->216152K(397848K), 0.0271340 secs] [Times: user=0.22 sys=0.00, real=0.03 secs] 
87.685: Total time for which application threads were stopped: 0.0272830 seconds, Stopping threads took: 0.0000850 seconds
87.744: Application time: 0.0588530 seconds
87.744: [GC87.744: [ParNew: 123520K->13680K(123520K), 0.0201020 secs] 325976K->229348K(397848K), 0.0201460 secs] [Times: user=0.16 sys=0.00, real=0.02 secs] 
87.764: Total time for which application threads were stopped: 0.0203870 seconds, Stopping threads took: 0.0001550 seconds
87.822: Application time: 0.0579080 seconds
87.822: [GC87.822: [ParNew: 123504K->11099K(123520K), 0.0175580 secs] 339172K->234943K(397848K), 0.0175990 secs] [Times: user=0.13 sys=0.00, real=0.01 secs] 
87.840: Total time for which application threads were stopped: 0.0177740 seconds, Stopping threads took: 0.0000970 seconds
87.897: Application time: 0.0566940 seconds
87.897: [GC87.897: [ParNew: 120923K->13696K(123520K), 0.0167930 secs] 344767K->245092K(397848K), 0.0168420 secs] [Times: user=0.14 sys=0.00, real=0.02 secs] 
87.914: Total time for which application threads were stopped: 0.0170190 seconds, Stopping threads took: 0.0001150 seconds
87.959: Application time: 0.0450710 seconds
87.959: [GC87.959: [ParNew: 123520K->13696K(123520K), 0.0203330 secs] 354916K->261498K(397848K), 0.0203780 secs] [Times: user=0.17 sys=0.00, real=0.02 secs] 
87.979: Total time for which application threads were stopped: 0.0205620 seconds, Stopping threads took: 0.0001170 seconds
88.013: Application time: 0.0332000 seconds
88.013: [GC88.013: [ParNew: 123461K->13696K(123520K), 0.0250660 secs]88.038: [Tenured: 280082K->112830K(280088K), 0.1862860 secs] 371263K->112830K(403608K), [Perm : 9111K->9111K(21248K)], 0.2116330 secs] [Times: user=0.38 sys=0.00, real=0.21 secs] 
88.224: Total time for which application threads were stopped: 0.2118000 seconds, Stopping threads took: 0.0001010 seconds
88.261: Application time: 0.0368650 seconds
88.261: [GC88.261: [ParNew: 109824K->13696K(123520K), 0.0219160 secs] 222654K->147448K(397848K), 0.0219580 secs] [Times: user=0.17 sys=0.00, real=0.02 secs] 
88.283: Total time for which application threads were stopped: 0.0220870 seconds, Stopping threads took: 0.0000610 seconds
88.323: Application time: 0.0401470 seconds
88.325: [GC88.325: [ParNew: 123520K->13696K(123520K), 0.0297100 secs] 257272K->180135K(397848K), 0.0297550 secs] [Times: user=0.24 sys=0.00, real=0.03 secs] 
88.354: Total time for which application threads were stopped: 0.0310070 seconds, Stopping threads took: 0.0011730 seconds
88.397: Application time: 0.0425100 seconds
88.397: [GC88.397: [ParNew: 123520K->13696K(123520K), 0.0264590 secs] 289959K->207022K(397848K), 0.0265030 secs] [Times: user=0.21 sys=0.00, real=0.03 secs] 
88.424: Total time for which application threads were stopped: 0.0266620 seconds, Stopping threads took: 0.0000910 seconds
88.480: Application time: 0.0563000 seconds
88.480: [GC88.480: [ParNew: 123520K->13696K(123520K), 0.0236020 secs] 316846K->222010K(397848K), 0.0236440 secs] [Times: user=0.19 sys=0.00, real=0.03 secs] 
88.504: Total time for which application threads were stopped: 0.0237910 seconds, Stopping threads took: 0.0000830 seconds
88.561: Application time: 0.0575860 seconds
88.561: [GC88.561: [ParNew: 123520K->13402K(123520K), 0.0193440 secs] 331834K->234557K(397848K), 0.0193860 secs] [Times: user=0.15 sys=0.00, real=0.02 secs] 
88.581: Total time for which application threads were stopped: 0.0195310 seconds, Stopping threads took: 0.0000800 seconds
88.638: Application time: 0.0575650 seconds
88.639: [GC88.639: [ParNew: 123226K->12692K(123520K), 0.0163240 secs] 344381K->241362K(397848K), 0.0163690 secs] [Times: user=0.12 sys=0.00, real=0.02 secs] 
88.655: Total time for which application threads were stopped: 0.0165260 seconds, Stopping threads took: 0.0000910 seconds
88.710: Application time: 0.0550390 seconds
88.710: [GC88.710: [ParNew: 122242K->13696K(123520K), 0.0187050 secs] 350912K->251296K(397848K), 0.0187480 secs] [Times: user=0.14 sys=0.00, real=0.02 secs] 
88.729: Total time for which application threads were stopped: 0.0189260 seconds, Stopping threads took: 0.0001130 seconds
88.765: Application time: 0.0358460 seconds
88.765: [GC88.765: [ParNew: 123520K->13696K(123520K), 0.0238250 secs] 361120K->279311K(397848K), 0.0238700 secs] [Times: user=0.19 sys=0.00, real=0.02 secs] 
88.789: Total time for which application threads were stopped: 0.0240380 seconds, Stopping threads took: 0.0001000 seconds
88.823: Application time: 0.0343320 seconds
88.823: [GC88.823: [ParNew: 123520K->13696K(123520K), 0.0252450 secs]88.849: [Tenured: 297047K->127620K(297560K), 0.2061230 secs] 389135K->127620K(421080K), [Perm : 9111K->9111K(21248K)], 0.2322450 secs] [Times: user=0.41 sys=0.00, real=0.23 secs] 
89.056: Total time for which application threads were stopped: 0.2324210 seconds, Stopping threads took: 0.0001050 seconds
89.099: Application time: 0.0432970 seconds
89.099: [GC89.099: [ParNew: 109824K->13696K(123520K), 0.0259490 secs] 237444K->165097K(397848K), 0.0259990 secs] [Times: user=0.21 sys=0.00, real=0.03 secs] 
89.125: Total time for which application threads were stopped: 0.0261500 seconds, Stopping threads took: 0.0000710 seconds
89.165: Application time: 0.0399730 seconds
89.165: [GC89.165: [ParNew: 123520K->13696K(123520K), 0.0266980 secs] 274921K->192995K(397848K), 0.0267430 secs] [Times: user=0.21 sys=0.00, real=0.02 secs] 
89.192: Total time for which application threads were stopped: 0.0269220 seconds, Stopping threads took: 0.0001110 seconds
89.242: Application time: 0.0502450 seconds
89.242: [GC89.242: [ParNew: 123520K->13696K(123520K), 0.0260260 secs] 302819K->216358K(397848K), 0.0260700 secs] [Times: user=0.21 sys=0.00, real=0.02 secs] 
89.268: Total time for which application threads were stopped: 0.0262470 seconds, Stopping threads took: 0.0001130 seconds
89.325: Application time: 0.0566610 seconds
89.325: [GC89.325: [ParNew: 123520K->13686K(123520K), 0.0199380 secs] 326182K->229599K(397848K), 0.0199820 secs] [Times: user=0.16 sys=0.00, real=0.02 secs] 
89.345: Total time for which application threads were stopped: 0.0201530 seconds, Stopping threads took: 0.0001070 seconds
89.406: Application time: 0.0605440 seconds
89.409: [GC89.409: [ParNew: 123510K->10088K(123520K), 0.0175280 secs] 339423K->234463K(397848K), 0.0175710 secs] [Times: user=0.14 sys=0.00, real=0.02 secs] 
89.426: Total time for which application threads were stopped: 0.0204930 seconds, Stopping threads took: 0.0028580 seconds
89.484: Application time: 0.0574440 seconds
89.484: [GC89.484: [ParNew: 119912K->13696K(123520K), 0.0188700 secs] 344287K->245631K(397848K), 0.0189060 secs] [Times: user=0.14 sys=0.00, real=0.02 secs] 
89.503: Total time for which application threads were stopped: 0.0192440 seconds, Stopping threads took: 0.0002710 seconds
89.545: Application time: 0.0420680 seconds
89.545: [GC89.545: [ParNew: 123520K->13696K(123520K), 0.0218610 secs] 355455K->266932K(397848K), 0.0219060 secs] [Times: user=0.17 sys=0.00, real=0.02 secs] 
89.567: Total time for which application threads were stopped: 0.0220440 seconds, Stopping threads took: 0.0000700 seconds
89.603: Application time: 0.0360070 seconds
89.603: [GC89.603: [ParNew: 123520K->13696K(123520K), 0.0246520 secs]89.628: [Tenured: 283751K->124311K(284120K), 0.1958330 secs] 376756K->124311K(407640K), [Perm : 9111K->9111K(21248K)], 0.2209210 secs] [Times: user=0.39 sys=0.00, real=0.22 secs] 
89.824: Total time for which application threads were stopped: 0.2212160 seconds, Stopping threads took: 0.0001900 seconds
89.866: Application time: 0.0412640 seconds
89.866: [GC89.866: [ParNew: 109824K->13696K(123520K), 0.0219380 secs] 234135K->158332K(397848K), 0.0219860 secs] [Times: user=0.18 sys=0.00, real=0.02 secs] 
89.888: Total time for which application threads were stopped: 0.0221210 seconds, Stopping threads took: 0.0000680 seconds
89.929: Application time: 0.0410340 seconds
89.929: [GC89.929: [ParNew: 123520K->13696K(123520K), 0.0254480 secs] 268156K->184307K(397848K), 0.0254920 secs] [Times: user=0.20 sys=0.00, real=0.03 secs] 
89.954: Total time for which application threads were stopped: 0.0256670 seconds, Stopping threads took: 0.0001100 seconds
89.996: Application time: 0.0413870 seconds
89.996: [GC89.996: [ParNew: 123520K->13696K(123520K), 0.0258600 secs] 294131K->211218K(397848K), 0.0259070 secs] [Times: user=0.20 sys=0.00, real=0.03 secs] 
90.022: Total time for which application threads were stopped: 0.0261390 seconds, Stopping threads took: 0.0001650 seconds
90.079: Application time: 0.0573470 seconds
90.079: [GC90.079: [ParNew: 123520K->13696K(123520K), 0.0255740 secs] 321042K->229758K(397848K), 0.0256180 secs] [Times: user=0.20 sys=0.00, real=0.03 secs] 
90.105: Total time for which application threads were stopped: 0.0258500 seconds, Stopping threads took: 0.0001460 seconds
90.164: Application time: 0.0590510 seconds
90.164: [GC90.164: [ParNew: 123520K->13681K(123520K), 0.0195860 secs] 339582K->243086K(397848K), 0.0196290 secs] [Times: user=0.16 sys=0.00, real=0.02 secs] 
90.184: Total time for which application threads were stopped: 0.0198030 seconds, Stopping threads took: 0.0000850 seconds
90.244: Application time: 0.0598370 seconds
90.244: [GC90.244: [ParNew: 123505K->12651K(123520K), 0.0183270 secs] 352910K->249312K(397848K), 0.0183700 secs] [Times: user=0.14 sys=0.00, real=0.02 secs] 
90.262: Total time for which application threads were stopped: 0.0185010 seconds, Stopping threads took: 0.0000670 seconds
90.313: Application time: 0.0502510 seconds
90.313: [GC90.313: [ParNew: 122475K->13696K(123520K), 0.0194280 secs] 359136K->263218K(397848K), 0.0194720 secs] [Times: user=0.15 sys=0.00, real=0.01 secs] 
90.332: Total time for which application threads were stopped: 0.0196520 seconds, Stopping threads took: 0.0001130 seconds
90.370: Application time: 0.0375450 seconds
90.370: [GC90.370: [ParNew: 123520K->13696K(123520K), 0.0239820 secs]90.394: [Tenured: 277924K->121392K(278360K), 0.1893540 secs] 373042K->121392K(401880K), [Perm : 9111K->9111K(21248K)], 0.2135450 secs] [Times: user=0.37 sys=0.00, real=0.22 secs] 
90.583: Total time for which application threads were stopped: 0.2137040 seconds, Stopping threads took: 0.0000930 seconds
90.621: Application time: 0.0374510 seconds
90.621: [GC90.621: [ParNew: 109824K->13696K(123520K), 0.0209200 secs] 231216K->155878K(397848K), 0.0209640 secs] [Times: user=0.17 sys=0.00, real=0.02 secs] 
90.642: Total time for which application threads were stopped: 0.0211370 seconds, Stopping threads took: 0.0001060 seconds
90.686: Application time: 0.0440270 seconds
90.686: [GC90.686: [ParNew: 123520K->13696K(123520K), 0.0299890 secs] 265702K->185904K(397848K), 0.0300350 secs] [Times: user=0.24 sys=0.00, real=0.03 secs] 
90.716: Total time for which application threads were stopped: 0.0302500 seconds, Stopping threads took: 0.0001230 seconds
90.762: Application time: 0.0454260 seconds
90.762: [GC90.762: [ParNew: 123520K->13696K(123520K), 0.0258910 secs] 295728K->210436K(397848K), 0.0259350 secs] [Times: user=0.20 sys=0.00, real=0.02 secs] 
90.788: Total time for which application threads were stopped: 0.0261680 seconds, Stopping threads took: 0.0001440 seconds
90.835: Application time: 0.0469300 seconds
90.835: [GC90.835: [ParNew: 123520K->13696K(123520K), 0.0244040 secs] 320260K->233070K(397848K), 0.0244490 secs] [Times: user=0.19 sys=0.00, real=0.02 secs] 
90.860: Total time for which application threads were stopped: 0.0246250 seconds, Stopping threads took: 0.0001080 seconds
90.920: Application time: 0.0601370 seconds
90.920: [GC90.920: [ParNew: 123520K->13696K(123520K), 0.0222400 secs] 342894K->246475K(397848K), 0.0222840 secs] [Times: user=0.17 sys=0.00, real=0.03 secs] 
90.942: Total time for which application threads were stopped: 0.0224390 seconds, Stopping threads took: 0.0000870 seconds
91.001: Application time: 0.0586380 seconds
91.001: [GC91.001: [ParNew: 123520K->12307K(123520K), 0.0186800 secs] 356299K->256453K(397848K), 0.0187240 secs] [Times: user=0.15 sys=0.00, real=0.01 secs] 
91.020: Total time for which application threads were stopped: 0.0189610 seconds, Stopping threads took: 0.0001540 seconds
91.075: Application time: 0.0552810 seconds
91.077: [GC91.077: [ParNew: 122131K->13696K(123520K), 0.0171450 secs] 366277K->266558K(397848K), 0.0171900 secs] [Times: user=0.13 sys=0.00, real=0.02 secs] 
91.094: Total time for which application threads were stopped: 0.0187930 seconds, Stopping threads took: 0.0015370 seconds
91.135: Application time: 0.0415320 seconds
91.136: [GC91.136: [ParNew: 123520K->13696K(123520K), 0.0225900 secs]91.158: [Tenured: 275809K->110094K(275864K), 0.1880930 secs] 376382K->110094K(399384K), [Perm : 9112K->9112K(21248K)], 0.2108140 secs] [Times: user=0.36 sys=0.00, real=0.21 secs] 
91.346: Total time for which application threads were stopped: 0.2111250 seconds, Stopping threads took: 0.0002360 seconds
91.383: Application time: 0.0362660 seconds
91.383: [GC91.383: [ParNew: 109824K->13696K(123520K), 0.0196820 secs] 219918K->143783K(397848K), 0.0197240 secs] [Times: user=0.15 sys=0.00, real=0.02 secs] 
91.403: Total time for which application threads were stopped: 0.0199210 seconds, Stopping threads took: 0.0001080 seconds
91.445: Application time: 0.0422210 seconds
91.445: [GC91.445: [ParNew: 123520K->13696K(123520K), 0.0279890 secs] 253607K->173565K(397848K), 0.0280330 secs] [Times: user=0.22 sys=0.00, real=0.03 secs] 
91.473: Total time for which application threads were stopped: 0.0281720 seconds, Stopping threads took: 0.0000720 seconds
91.521: Application time: 0.0477780 seconds
91.525: [GC91.525: [ParNew: 123520K->13696K(123520K), 0.0262150 secs] 283389K->196500K(397848K), 0.0262600 secs] [Times: user=0.21 sys=0.00, real=0.02 secs] 
91.551: Total time for which application threads were stopped: 0.0300370 seconds, Stopping threads took: 0.0037090 seconds
91.594: Application time: 0.0431280 seconds
91.594: [GC91.594: [ParNew: 123520K->13696K(123520K), 0.0250590 secs] 306324K->222471K(397848K), 0.0251040 secs] [Times: user=0.20 sys=0.00, real=0.02 secs] 
91.619: Total time for which application threads were stopped: 0.0252760 seconds, Stopping threads took: 0.0001050 seconds
91.671: Application time: 0.0518880 seconds
91.671: [GC91.671: [ParNew: 123520K->13696K(123520K), 0.0244090 secs] 332295K->243323K(397848K), 0.0244530 secs] [Times: user=0.20 sys=0.00, real=0.03 secs] 
91.696: Total time for which application threads were stopped: 0.0246280 seconds, Stopping threads took: 0.0001080 seconds
91.753: Application time: 0.0568590 seconds
91.757: [GC91.757: [ParNew: 123520K->13677K(123520K), 0.0197250 secs] 353147K->256700K(397848K), 0.0197670 secs] [Times: user=0.16 sys=0.00, real=0.02 secs] 
91.776: Total time for which application threads were stopped: 0.0237390 seconds, Stopping threads took: 0.0038900 seconds
91.833: Application time: 0.0570110 seconds
91.834: [GC91.834: [ParNew: 123501K->13493K(123520K), 0.0170620 secs] 366524K->264616K(397848K), 0.0171050 secs] [Times: user=0.14 sys=0.00, real=0.01 secs] 
91.851: Total time for which application threads were stopped: 0.0172630 seconds, Stopping threads took: 0.0000920 seconds
91.896: Application time: 0.0455910 seconds
91.896: [GC91.896: [ParNew: 123317K->13696K(123520K), 0.0199240 secs] 374440K->280547K(397848K), 0.0199650 secs] [Times: user=0.15 sys=0.01, real=0.02 secs] 
91.916: Total time for which application threads were stopped: 0.0201310 seconds, Stopping threads took: 0.0000880 seconds
91.954: Application time: 0.0380370 seconds
91.955: [GC91.955: [ParNew: 123454K->13696K(123520K), 0.0265090 secs]91.981: [Tenured: 297288K->131525K(297368K), 0.1978550 secs] 390306K->131525K(420888K), [Perm : 9112K->9112K(21248K)], 0.2252330 secs] [Times: user=0.39 sys=0.01, real=0.22 secs] 
92.180: Total time for which application threads were stopped: 0.2253970 seconds, Stopping threads took: 0.0000940 seconds
92.219: Application time: 0.0390050 seconds
92.219: [GC92.219: [ParNew: 109824K->13696K(123520K), 0.0199990 secs] 241349K->163459K(397848K), 0.0200450 secs] [Times: user=0.16 sys=0.00, real=0.02 secs] 
92.239: Total time for which application threads were stopped: 0.0202170 seconds, Stopping threads took: 0.0001030 seconds
92.287: Application time: 0.0478420 seconds
92.287: [GC92.287: [ParNew: 123505K->13696K(123520K), 0.0274230 secs] 273269K->188288K(397848K), 0.0274670 secs] [Times: user=0.22 sys=0.00, real=0.03 secs] 
92.315: Total time for which application threads were stopped: 0.0276540 seconds, Stopping threads took: 0.0001200 seconds
92.357: Application time: 0.0423650 seconds
92.357: [GC92.357: [ParNew: 123520K->13696K(123520K), 0.0231280 secs] 298112K->210259K(397848K), 0.0231730 secs] [Times: user=0.18 sys=0.00, real=0.02 secs] 
92.380: Total time for which application threads were stopped: 0.0233510 seconds, Stopping threads took: 0.0001090 seconds
92.426: Application time: 0.0454600 seconds
92.426: [GC92.426: [ParNew: 123520K->13696K(123520K), 0.0247960 secs] 320083K->236564K(397848K), 0.0248410 secs] [Times: user=0.20 sys=0.00, real=0.02 secs] 
92.451: Total time for which application threads were stopped: 0.0249930 seconds, Stopping threads took: 0.0000750 seconds
92.507: Application time: 0.0566050 seconds
92.507: [GC92.507: [ParNew: 123520K->13694K(123520K), 0.0229910 secs] 346388K->250468K(397848K), 0.0230450 secs] [Times: user=0.18 sys=0.00, real=0.02 secs] 
92.531: Total time for which application threads were stopped: 0.0231870 seconds, Stopping threads took: 0.0000750 seconds
92.589: Application time: 0.0585370 seconds
92.589: [GC92.589: [ParNew: 123518K->12702K(123520K), 0.0189010 secs] 360292K->261600K(397848K), 0.0189450 secs] [Times: user=0.15 sys=0.00, real=0.02 secs] 
92.608: Total time for which application threads were stopped: 0.0192420 seconds, Stopping threads took: 0.0002120 seconds
92.659: Application time: 0.0507370 seconds
92.659: [GC92.659: [ParNew: 122526K->13696K(123520K), 0.0189130 secs] 371424K->273822K(397848K), 0.0189580 secs] [Times: user=0.14 sys=0.00, real=0.02 secs] 
92.678: Total time for which application threads were stopped: 0.0191960 seconds, Stopping threads took: 0.0001500 seconds
92.723: Application time: 0.0443990 seconds
92.723: [GC92.723: [ParNew: 123520K->13696K(123520K), 0.0245810 secs]92.747: [Tenured: 285700K->128146K(285848K), 0.1958040 secs] 383646K->128146K(409368K), [Perm : 9112K->9112K(21248K)], 0.2208390 secs] [Times: user=0.38 sys=0.01, real=0.22 secs] 
92.944: Total time for which application threads were stopped: 0.2209750 seconds, Stopping threads took: 0.0000670 seconds
92.981: Application time: 0.0371920 seconds
92.981: [GC92.981: [ParNew: 109790K->13696K(123520K), 0.0159100 secs] 237937K->156045K(397848K), 0.0159550 secs] [Times: user=0.12 sys=0.00, real=0.01 secs] 
92.997: Total time for which application threads were stopped: 0.0161340 seconds, Stopping threads took: 0.0000970 seconds
93.042: Application time: 0.0455170 seconds
93.043: [GC93.043: [ParNew: 123520K->13696K(123520K), 0.0274700 secs] 265869K->185210K(397848K), 0.0275160 secs] [Times: user=0.22 sys=0.00, real=0.02 secs] 
93.070: Total time for which application threads were stopped: 0.0277180 seconds, Stopping threads took: 0.0001340 seconds
93.117: Application time: 0.0465930 seconds
93.117: [GC93.117: [ParNew: 123520K->13696K(123520K), 0.0250480 secs] 295034K->207849K(397848K), 0.0250920 secs] [Times: user=0.20 sys=0.00, real=0.03 secs] 
93.142: Total time for which application threads were stopped: 0.0252690 seconds, Stopping threads took: 0.0001090 seconds
93.181: Application time: 0.0394060 seconds
93.185: [GC93.185: [ParNew: 123520K->13696K(123520K), 0.0244490 secs] 317673K->233922K(397848K), 0.0244950 secs] [Times: user=0.19 sys=0.00, real=0.02 secs] 
93.209: Total time for which application threads were stopped: 0.0276430 seconds, Stopping threads took: 0.0030810 seconds
93.262: Application time: 0.0531590 seconds
93.262: [GC93.262: [ParNew: 123520K->13696K(123520K), 0.0254010 secs] 343746K->256378K(397848K), 0.0254440 secs] [Times: user=0.20 sys=0.00, real=0.02 secs] 
93.288: Total time for which application threads were stopped: 0.0256210 seconds, Stopping threads took: 0.0001110 seconds
93.346: Application time: 0.0577580 seconds
93.346: [GC93.346: [ParNew: 123520K->13678K(123520K), 0.0197950 secs] 366202K->269620K(397848K), 0.0198390 secs] [Times: user=0.15 sys=0.00, real=0.02 secs] 
93.366: Total time for which application threads were stopped: 0.0199890 seconds, Stopping threads took: 0.0000850 seconds
93.423: Application time: 0.0569650 seconds
93.423: [GC93.423: [ParNew: 123502K->13696K(123520K), 0.0168970 secs] 379444K->277388K(397848K), 0.0169410 secs] [Times: user=0.13 sys=0.00, real=0.01 secs] 
93.440: Total time for which application threads were stopped: 0.0171260 seconds, Stopping threads took: 0.0001210 seconds
93.483: Application time: 0.0429580 seconds
93.483: [GC93.483: [ParNew: 123437K->13696K(123520K), 0.0213530 secs]93.504: [Tenured: 283139K->125604K(283160K), 0.1902450 secs] 387129K->125604K(406680K), [Perm : 9112K->9112K(21248K)], 0.2119730 secs] [Times: user=0.35 sys=0.00, real=0.21 secs] 
93.695: Total time for which application threads were stopped: 0.2121670 seconds, Stopping threads took: 0.0001170 seconds
93.736: Application time: 0.0411550 seconds
93.736: [GC93.736: [ParNew: 109697K->13696K(123520K), 0.0188890 secs] 235301K->156216K(397848K), 0.0189400 secs] [Times: user=0.15 sys=0.00, real=0.02 secs] 
93.755: Total time for which application threads were stopped: 0.0191190 seconds, Stopping threads took: 0.0001100 seconds
93.796: Application time: 0.0410040 seconds
93.796: [GC93.796: [ParNew: 123520K->13696K(123520K), 0.0272270 secs] 266040K->185191K(397848K), 0.0272730 secs] [Times: user=0.21 sys=0.00, real=0.03 secs] 
93.824: Total time for which application threads were stopped: 0.0274670 seconds, Stopping threads took: 0.0001260 seconds
93.877: Application time: 0.0533860 seconds
93.877: [GC93.877: [ParNew: 123520K->13696K(123520K), 0.0257800 secs] 295015K->204725K(397848K), 0.0258240 secs] [Times: user=0.20 sys=0.00, real=0.03 secs] 
93.903: Total time for which application threads were stopped: 0.0260020 seconds, Stopping threads took: 0.0001120 seconds
93.947: Application time: 0.0435590 seconds
93.947: [GC93.947: [ParNew: 123520K->13696K(123520K), 0.0237740 secs] 314549K->228454K(397848K), 0.0238180 secs] [Times: user=0.19 sys=0.00, real=0.02 secs] 
93.971: Total time for which application threads were stopped: 0.0240640 seconds, Stopping threads took: 0.0001780 seconds
94.014: Application time: 0.0435330 seconds
94.014: [GC94.014: [ParNew: 123520K->13696K(123520K), 0.0247570 secs] 338278K->254513K(397848K), 0.0248010 secs] [Times: user=0.19 sys=0.00, real=0.02 secs] 
94.039: Total time for which application threads were stopped: 0.0249770 seconds, Stopping threads took: 0.0000910 seconds
94.094: Application time: 0.0552180 seconds
94.095: [GC94.095: [ParNew: 123520K->13696K(123520K), 0.0239730 secs] 364337K->270244K(397848K), 0.0240150 secs] [Times: user=0.19 sys=0.00, real=0.02 secs] 
94.119: Total time for which application threads were stopped: 0.0241830 seconds, Stopping threads took: 0.0001040 seconds
94.177: Application time: 0.0580080 seconds
94.177: [GC94.177: [ParNew: 123520K->13158K(123520K), 0.0188180 secs] 380068K->282440K(397848K), 0.0188600 secs] [Times: user=0.15 sys=0.00, real=0.02 secs] 
94.196: Total time for which application threads were stopped: 0.0190390 seconds, Stopping threads took: 0.0001150 seconds
94.241: Application time: 0.0457050 seconds
94.241: [GC94.241: [ParNew: 122982K->13696K(123520K), 0.0226900 secs]94.264: [Tenured: 285389K->113592K(285656K), 0.1926290 secs] 392264K->113592K(409176K), [Perm : 9112K->9112K(21248K)], 0.2157550 secs] [Times: user=0.35 sys=0.00, real=0.21 secs] 
94.457: Total time for which application threads were stopped: 0.2159200 seconds, Stopping threads took: 0.0000970 seconds
94.498: Application time: 0.0410680 seconds
94.498: [GC94.498: [ParNew: 109824K->13696K(123520K), 0.0174330 secs] 223416K->140385K(397848K), 0.0174770 secs] [Times: user=0.14 sys=0.00, real=0.02 secs] 
94.516: Total time for which application threads were stopped: 0.0176290 seconds, Stopping threads took: 0.0000830 seconds
94.559: Application time: 0.0433660 seconds
94.559: [GC94.559: [ParNew: 123520K->13696K(123520K), 0.0264830 secs] 250209K->167925K(397848K), 0.0265290 secs] [Times: user=0.21 sys=0.00, real=0.03 secs] 
94.586: Total time for which application threads were stopped: 0.0267230 seconds, Stopping threads took: 0.0001140 seconds
94.631: Application time: 0.0449910 seconds
94.631: [GC94.631: [ParNew: 123520K->13696K(123520K), 0.0242090 secs] 277749K->190881K(397848K), 0.0242540 secs] [Times: user=0.20 sys=0.00, real=0.03 secs] 
94.655: Total time for which application threads were stopped: 0.0244270 seconds, Stopping threads took: 0.0001060 seconds
94.707: Application time: 0.0518590 seconds
94.709: [GC94.709: [ParNew: 123520K->13696K(123520K), 0.0233220 secs] 300705K->210680K(397848K), 0.0233670 secs] [Times: user=0.19 sys=0.00, real=0.02 secs] 
94.732: Total time for which application threads were stopped: 0.0247380 seconds, Stopping threads took: 0.0012850 seconds
94.773: Application time: 0.0410920 seconds
94.773: [GC94.773: [ParNew: 123520K->13696K(123520K), 0.0229510 secs] 320504K->233430K(397848K), 0.0230090 secs] [Times: user=0.18 sys=0.00, real=0.02 secs] 
94.796: Total time for which application threads were stopped: 0.0232230 seconds, Stopping threads took: 0.0001490 seconds
94.846: Application time: 0.0492350 seconds
94.846: [GC94.846: [ParNew: 123520K->13696K(123520K), 0.0246240 secs] 343254K->256820K(397848K), 0.0246730 secs] [Times: user=0.19 sys=0.00, real=0.02 secs] 
94.870: Total time for which application threads were stopped: 0.0248040 seconds, Stopping threads took: 0.0000480 seconds
94.927: Application time: 0.0566100 seconds
94.927: [GC94.927: [ParNew: 123520K->13694K(123520K), 0.0215180 secs] 366644K->271021K(397848K), 0.0215640 secs] [Times: user=0.17 sys=0.00, real=0.02 secs] 
94.949: Total time for which application threads were stopped: 0.0217590 seconds, Stopping threads took: 0.0001280 seconds
95.002: Application time: 0.0536060 seconds
95.003: [GC95.003: [ParNew: 123518K->13696K(123520K), 0.0191170 secs] 380845K->283814K(397848K), 0.0191620 secs] [Times: user=0.15 sys=0.00, real=0.02 secs] 
95.022: Total time for which application threads were stopped: 0.0193210 seconds, Stopping threads took: 0.0000920 seconds
95.060: Application time: 0.0385670 seconds
95.061: [GC95.061: [ParNew: 123520K->13696K(123520K), 0.0238010 secs]95.084: [Tenured: 296405K->135786K(296600K), 0.2156950 secs] 393638K->135786K(420120K), [Perm : 9112K->9112K(21248K)], 0.2402890 secs] [Times: user=0.39 sys=0.01, real=0.24 secs] 
95.301: Total time for which application threads were stopped: 0.2405940 seconds, Stopping threads took: 0.0002220 seconds
95.350: Application time: 0.0492700 seconds
95.350: [GC95.350: [ParNew: 109824K->13696K(123520K), 0.0199270 secs] 245610K->162226K(397848K), 0.0199720 secs] [Times: user=0.15 sys=0.00, real=0.02 secs] 
95.370: Total time for which application threads were stopped: 0.0201090 seconds, Stopping threads took: 0.0000700 seconds
95.413: Application time: 0.0429870 seconds
95.413: [GC95.413: [ParNew: 123520K->13696K(123520K), 0.0235860 secs] 272050K->185065K(397848K), 0.0236310 secs] [Times: user=0.18 sys=0.00, real=0.02 secs] 
95.437: Total time for which application threads were stopped: 0.0238080 seconds, Stopping threads took: 0.0001110 seconds
95.484: Application time: 0.0473990 seconds
95.485: [GC95.485: [ParNew: 123520K->13696K(123520K), 0.0237560 secs] 294889K->208635K(397848K), 0.0238140 secs] [Times: user=0.19 sys=0.00, real=0.02 secs] 
95.508: Total time for which application threads were stopped: 0.0239970 seconds, Stopping threads took: 0.0001070 seconds
95.554: Application time: 0.0457390 seconds
95.554: [GC95.554: [ParNew: 123403K->13696K(123520K), 0.0240320 secs] 318342K->231562K(397848K), 0.0240780 secs] [Times: user=0.19 sys=0.00, real=0.02 secs] 
95.579: Total time for which application threads were stopped: 0.0243010 seconds, Stopping threads took: 0.0001350 seconds
95.630: Application time: 0.0519580 seconds
95.631: [GC95.631: [ParNew: 123520K->13694K(123520K), 0.0245730 secs] 341386K->253797K(397848K), 0.0246180 secs] [Times: user=0.19 sys=0.00, real=0.03 secs] 
95.655: Total time for which application threads were stopped: 0.0248510 seconds, Stopping threads took: 0.0001510 seconds
95.707: Application time: 0.0518370 seconds
95.707: [GC95.707: [ParNew: 123518K->13696K(123520K), 0.0216030 secs] 363621K->271014K(397848K), 0.0216460 secs] [Times: user=0.16 sys=0.00, real=0.02 secs] 
95.729: Total time for which application threads were stopped: 0.0218400 seconds, Stopping threads took: 0.0001240 seconds
95.788: Application time: 0.0587620 seconds
95.788: [GC95.788: [ParNew: 123520K->13696K(123520K), 0.0194730 secs] 380838K->282581K(397848K), 0.0195160 secs] [Times: user=0.15 sys=0.00, real=0.02 secs] 
95.807: Total time for which application threads were stopped: 0.0196380 seconds, Stopping threads took: 0.0000530 seconds
95.848: Application time: 0.0407300 seconds
95.848: [GC95.848: [ParNew: 123520K->13696K(123520K), 0.0227340 secs]95.871: [Tenured: 290727K->131579K(291032K), 0.2023810 secs] 392405K->131579K(414552K), [Perm : 9112K->9112K(21248K)], 0.2257300 secs] [Times: user=0.37 sys=0.00, real=0.23 secs] 
96.074: Total time for which application threads were stopped: 0.2258590 seconds, Stopping threads took: 0.0000540 seconds
96.117: Application time: 0.0425660 seconds
96.117: [GC96.117: [ParNew: 109824K->13696K(123520K), 0.0181320 secs] 241403K->159083K(397848K), 0.0181750 secs] [Times: user=0.14 sys=0.00, real=0.02 secs] 
96.135: Total time for which application threads were stopped: 0.0183210 seconds, Stopping threads took: 0.0000800 seconds
96.182: Application time: 0.0473020 seconds
96.185: [GC96.185: [ParNew: 123465K->13696K(123520K), 0.0260580 secs] 268852K->183194K(397848K), 0.0261040 secs] [Times: user=0.20 sys=0.00, real=0.02 secs] 
96.211: Total time for which application threads were stopped: 0.0285700 seconds, Stopping threads took: 0.0023660 seconds
96.256: Application time: 0.0455610 seconds
96.256: [GC96.257: [ParNew: 123520K->13696K(123520K), 0.0235510 secs] 293018K->204203K(397848K), 0.0235960 secs] [Times: user=0.18 sys=0.00, real=0.02 secs] 
96.280: Total time for which application threads were stopped: 0.0237540 seconds, Stopping threads took: 0.0000880 seconds
96.327: Application time: 0.0473380 seconds
96.328: [GC96.328: [ParNew: 123520K->13696K(123520K), 0.0256780 secs] 314027K->229522K(397848K), 0.0257230 secs] [Times: user=0.20 sys=0.00, real=0.03 secs] 
96.353: Total time for which application threads were stopped: 0.0258820 seconds, Stopping threads took: 0.0000920 seconds
96.400: Application time: 0.0464540 seconds
96.400: [GC96.400: [ParNew: 123520K->13696K(123520K), 0.0242740 secs] 339346K->251190K(397848K), 0.0243190 secs] [Times: user=0.20 sys=0.00, real=0.03 secs] 
96.424: Total time for which application threads were stopped: 0.0244680 seconds, Stopping threads took: 0.0000830 seconds
96.478: Application time: 0.0537010 seconds
96.478: [GC96.478: [ParNew: 123520K->13696K(123520K), 0.0208910 secs] 361014K->267044K(397848K), 0.0209340 secs] [Times: user=0.16 sys=0.00, real=0.02 secs] 
96.499: Total time for which application threads were stopped: 0.0210950 seconds, Stopping threads took: 0.0000950 seconds
96.551: Application time: 0.0516490 seconds
96.553: [GC96.553: [ParNew: 123520K->13696K(123520K), 0.0227760 secs] 376868K->283681K(397848K), 0.0228200 secs] [Times: user=0.18 sys=0.00, real=0.02 secs] 
96.575: Total time for which application threads were stopped: 0.0247620 seconds, Stopping threads took: 0.0018680 seconds
96.625: Application time: 0.0496390 seconds
96.625: [GC96.625: [ParNew: 123520K->13696K(123520K), 0.0202100 secs]96.646: [Tenured: 286925K->130247K(287192K), 0.1996090 secs] 393505K->130247K(410712K), [Perm : 9112K->9112K(21248K)], 0.2203110 secs] [Times: user=0.35 sys=0.02, real=0.22 secs] 
96.846: Total time for which application threads were stopped: 0.2204880 seconds, Stopping threads took: 0.0001090 seconds
96.883: Application time: 0.0378260 seconds
96.884: [GC96.884: [ParNew: 109824K->13696K(123520K), 0.0151040 secs] 240071K->156920K(397848K), 0.0151500 secs] [Times: user=0.12 sys=0.00, real=0.01 secs] 
96.899: Total time for which application threads were stopped: 0.0153320 seconds, Stopping threads took: 0.0001030 seconds
96.947: Application time: 0.0486710 seconds
96.948: [GC96.948: [ParNew: 123520K->13696K(123520K), 0.0254100 secs] 266744K->182772K(397848K), 0.0254530 secs] [Times: user=0.20 sys=0.00, real=0.03 secs] 
96.974: Total time for which application threads were stopped: 0.0265040 seconds, Stopping threads took: 0.0009860 seconds
97.016: Application time: 0.0425160 seconds
97.017: [GC97.017: [ParNew: 123520K->13696K(123520K), 0.0239360 secs] 292596K->205455K(397848K), 0.0239790 secs] [Times: user=0.19 sys=0.00, real=0.03 secs] 
97.041: Total time for which application threads were stopped: 0.0242670 seconds, Stopping threads took: 0.0002010 seconds
97.090: Application time: 0.0495780 seconds
97.090: [GC97.090: [ParNew: 123520K->13696K(123520K), 0.0249530 secs] 315279K->229652K(397848K), 0.0249990 secs] [Times: user=0.18 sys=0.00, real=0.03 secs] 
97.116: Total time for which application threads were stopped: 0.0251810 seconds, Stopping threads took: 0.0001050 seconds
97.159: Application time: 0.0432900 seconds
97.159: [GC97.159: [ParNew: 123520K->13696K(123520K), 0.0235670 secs] 339476K->252998K(397848K), 0.0236110 secs] [Times: user=0.18 sys=0.00, real=0.03 secs] 
97.183: Total time for which application threads were stopped: 0.0237840 seconds, Stopping threads took: 0.0001070 seconds
97.236: Application time: 0.0532920 seconds
97.237: [GC97.237: [ParNew: 123520K->13695K(123520K), 0.0231430 secs] 362822K->271688K(397848K), 0.0231870 secs] [Times: user=0.18 sys=0.00, real=0.02 secs] 
97.260: Total time for which application threads were stopped: 0.0240450 seconds, Stopping threads took: 0.0007730 seconds
97.309: Application time: 0.0489340 seconds
97.309: [GC97.309: [ParNew: 123519K->13694K(123520K), 0.0209080 secs] 381512K->287988K(397848K), 0.0209530 secs] [Times: user=0.17 sys=0.00, real=0.02 secs] 
97.330: Total time for which application threads were stopped: 0.0211700 seconds, Stopping threads took: 0.0001500 seconds
97.387: Application time: 0.0573630 seconds
97.388: [GC97.388: [ParNew: 123518K->13696K(123520K), 0.0216630 secs]97.409: [Tenured: 287576K->118849K(287768K), 0.2057070 secs] 397812K->118849K(411288K), [Perm : 9112K->9112K(21248K)], 0.2278820 secs] [Times: user=0.37 sys=0.00, real=0.23 secs] 
97.615: Total time for which application threads were stopped: 0.2280470 seconds, Stopping threads took: 0.0000860 seconds
97.657: Application time: 0.0417170 seconds
97.657: [GC97.657: [ParNew: 109824K->13696K(123520K), 0.0135140 secs] 228673K->142474K(397848K), 0.0135600 secs] [Times: user=0.10 sys=0.00, real=0.01 secs] 
97.671: Total time for which application threads were stopped: 0.0137440 seconds, Stopping threads took: 0.0001170 seconds
97.715: Application time: 0.0442810 seconds
97.715: [GC97.715: [ParNew: 123520K->13696K(123520K), 0.0255690 secs] 252298K->170803K(397848K), 0.0256140 secs] [Times: user=0.21 sys=0.00, real=0.03 secs] 
97.741: Total time for which application threads were stopped: 0.0257440 seconds, Stopping threads took: 0.0000630 seconds
97.787: Application time: 0.0463970 seconds
97.787: [GC97.787: [ParNew: 123520K->13696K(123520K), 0.0244470 secs] 280627K->193123K(397848K), 0.0244920 secs] [Times: user=0.19 sys=0.00, real=0.02 secs] 
97.812: Total time for which application threads were stopped: 0.0246570 seconds, Stopping threads took: 0.0000980 seconds
97.855: Application time: 0.0428850 seconds
97.855: [GC97.855: [ParNew: 123520K->13696K(123520K), 0.0230580 secs] 302947K->215113K(397848K), 0.0231030 secs] [Times: user=0.18 sys=0.00, real=0.02 secs] 
97.878: Total time for which application threads were stopped: 0.0233160 seconds, Stopping threads took: 0.0001470 seconds
97.923: Application time: 0.0444130 seconds
97.923: [GC97.923: [ParNew: 123520K->13696K(123520K), 0.0257450 secs] 324937K->242153K(397848K), 0.0257920 secs] [Times: user=0.20 sys=0.00, real=0.02 secs] 
97.949: Total time for which application threads were stopped: 0.0259780 seconds, Stopping threads took: 0.0001020 seconds
97.998: Application time: 0.0490910 seconds
97.998: [GC97.998: [ParNew: 123520K->13696K(123520K), 0.0251700 secs] 351977K->263500K(397848K), 0.0252150 secs] [Times: user=0.19 sys=0.00, real=0.03 secs] 
98.023: Total time for which application threads were stopped: 0.0253770 seconds, Stopping threads took: 0.0000930 seconds
98.074: Application time: 0.0512020 seconds
98.074: [GC98.074: [ParNew: 123520K->13696K(123520K), 0.0225430 secs] 373324K->281201K(397848K), 0.0225900 secs] [Times: user=0.18 sys=0.00, real=0.02 secs] 
98.097: Total time for which application threads were stopped: 0.0227570 seconds, Stopping threads took: 0.0001010 seconds
98.152: Application time: 0.0550530 seconds
98.152: [GC98.152: [ParNew: 123520K->13696K(123520K), 0.0205950 secs]98.173: [Tenured: 281439K->142998K(281624K), 0.2332470 secs] 391025K->142998K(405144K), [Perm : 9116K->9116K(21248K)], 0.2541680 secs] [Times: user=0.38 sys=0.02, real=0.26 secs] 
98.406: Total time for which application threads were stopped: 0.2543170 seconds, Stopping threads took: 0.0000820 seconds
98.458: Application time: 0.0516450 seconds
98.458: [GC98.458: [ParNew: 109824K->13696K(123520K), 0.0107980 secs] 252822K->158291K(397848K), 0.0108510 secs] [Times: user=0.09 sys=0.00, real=0.01 secs] 
98.469: Total time for which application threads were stopped: 0.0110170 seconds, Stopping threads took: 0.0000870 seconds
98.510: Application time: 0.0404960 seconds
98.510: [GC98.510: [ParNew: 123520K->13696K(123520K), 0.0233820 secs] 268115K->183622K(397848K), 0.0234280 secs] [Times: user=0.18 sys=0.00, real=0.03 secs] 
98.533: Total time for which application threads were stopped: 0.0236110 seconds, Stopping threads took: 0.0001090 seconds
98.582: Application time: 0.0488490 seconds
98.585: [GC98.585: [ParNew: 123520K->13696K(123520K), 0.0256290 secs] 293446K->208385K(397848K), 0.0256730 secs] [Times: user=0.20 sys=0.00, real=0.02 secs] 
98.610: Total time for which application threads were stopped: 0.0281760 seconds, Stopping threads took: 0.0024360 seconds
98.654: Application time: 0.0435980 seconds
98.654: [GC98.654: [ParNew: 123520K->13696K(123520K), 0.0247550 secs] 318209K->232245K(397848K), 0.0248000 secs] [Times: user=0.20 sys=0.00, real=0.02 secs] 
98.679: Total time for which application threads were stopped: 0.0251670 seconds, Stopping threads took: 0.0002790 seconds
98.723: Application time: 0.0437510 seconds
98.723: [GC98.723: [ParNew: 123437K->13696K(123520K), 0.0256310 secs] 341987K->259054K(397848K), 0.0256760 secs] [Times: user=0.20 sys=0.00, real=0.02 secs] 
98.749: Total time for which application threads were stopped: 0.0258670 seconds, Stopping threads took: 0.0001230 seconds
98.793: Application time: 0.0441830 seconds
98.797: [GC98.797: [ParNew: 123520K->13696K(123520K), 0.0251830 secs] 368878K->283590K(397848K), 0.0252270 secs] [Times: user=0.20 sys=0.00, real=0.03 secs] 
98.822: Total time for which application threads were stopped: 0.0290660 seconds, Stopping threads took: 0.0037520 seconds
98.873: Application time: 0.0514340 seconds
98.873: [GC98.873: [ParNew: 123520K->13696K(123520K), 0.0234810 secs]98.897: [Tenured: 289239K->154311K(289496K), 0.2427450 secs] 393414K->154311K(413016K), [Perm : 9116K->9116K(21248K)], 0.2668520 secs] [Times: user=0.42 sys=0.01, real=0.26 secs] 
99.140: Total time for which application threads were stopped: 0.2670060 seconds, Stopping threads took: 0.0000820 seconds
99.194: Application time: 0.0541880 seconds
99.195: [GC99.195: [ParNew: 109824K->13696K(123520K), 0.0137840 secs] 264135K->170928K(397848K), 0.0138290 secs] [Times: user=0.11 sys=0.00, real=0.01 secs] 
99.209: Total time for which application threads were stopped: 0.0140010 seconds, Stopping threads took: 0.0000920 seconds
99.264: Application time: 0.0557590 seconds
99.264: [GC99.264: [ParNew: 123520K->13696K(123520K), 0.0193900 secs] 280752K->184618K(397848K), 0.0194450 secs] [Times: user=0.15 sys=0.00, real=0.02 secs] 
99.284: Total time for which application threads were stopped: 0.0196150 seconds, Stopping threads took: 0.0001040 seconds
99.329: Application time: 0.0453840 seconds
99.329: [GC99.329: [ParNew: 123520K->13696K(123520K), 0.0209410 secs] 294442K->203170K(397848K), 0.0209870 secs] [Times: user=0.17 sys=0.00, real=0.02 secs] 
99.350: Total time for which application threads were stopped: 0.0211210 seconds, Stopping threads took: 0.0000650 seconds
99.395: Application time: 0.0449160 seconds
99.395: [GC99.395: [ParNew: 123520K->13696K(123520K), 0.0250360 secs] 312994K->229426K(397848K), 0.0250790 secs] [Times: user=0.20 sys=0.00, real=0.03 secs] 
99.421: Total time for which application threads were stopped: 0.0252410 seconds, Stopping threads took: 0.0000930 seconds
99.472: Application time: 0.0515850 seconds
99.472: [GC99.472: [ParNew: 123520K->13696K(123520K), 0.0246670 secs] 339250K->249521K(397848K), 0.0247110 secs] [Times: user=0.20 sys=0.00, real=0.03 secs] 
99.497: Total time for which application threads were stopped: 0.0248890 seconds, Stopping threads took: 0.0001100 seconds
99.537: Application time: 0.0397820 seconds
99.537: [GC99.537: [ParNew: 123520K->13696K(123520K), 0.0239030 secs] 359345K->275483K(397848K), 0.0239580 secs] [Times: user=0.19 sys=0.00, real=0.03 secs] 
99.561: Total time for which application threads were stopped: 0.0241500 seconds, Stopping threads took: 0.0001260 seconds
99.600: Application time: 0.0385590 seconds
99.600: [GC99.600: [ParNew: 123520K->13696K(123520K), 0.0255030 secs]99.625: [Tenured: 291594K->159394K(291608K), 0.2419950 secs] 385307K->159394K(415128K), [Perm : 9116K->9116K(21248K)], 0.2682000 secs] [Times: user=0.44 sys=0.00, real=0.27 secs] 
99.868: Total time for which application threads were stopped: 0.2684700 seconds, Stopping threads took: 0.0002010 seconds
99.923: Application time: 0.0549950 seconds
99.923: [GC99.923: [ParNew: 109824K->13696K(123520K), 0.0195150 secs] 269218K->181246K(397848K), 0.0195610 secs] [Times: user=0.15 sys=0.00, real=0.02 secs] 
99.943: Total time for which application threads were stopped: 0.0197310 seconds, Stopping threads took: 0.0000920 seconds
99.992: Application time: 0.0497170 seconds
99.993: [GC99.993: [ParNew: 123520K->13694K(123520K), 0.0211970 secs] 291070K->196702K(397848K), 0.0212430 secs] [Times: user=0.17 sys=0.00, real=0.02 secs] 
100.014: Total time for which application threads were stopped: 0.0214010 seconds, Stopping threads took: 0.0000880 seconds
100.069: Application time: 0.0548020 seconds
100.069: [GC100.069: [ParNew: 123518K->13696K(123520K), 0.0197520 secs] 306526K->210750K(397848K), 0.0197970 secs] [Times: user=0.15 sys=0.00, real=0.02 secs] 
100.089: Total time for which application threads were stopped: 0.0199660 seconds, Stopping threads took: 0.0001020 seconds
100.136: Application time: 0.0477420 seconds
100.137: [GC100.137: [ParNew: 123496K->13696K(123520K), 0.0206910 secs] 320551K->227562K(397848K), 0.0207380 secs] [Times: user=0.17 sys=0.00, real=0.02 secs] 
100.157: Total time for which application threads were stopped: 0.0209530 seconds, Stopping threads took: 0.0001480 seconds
100.200: Application time: 0.0425920 seconds
100.200: [GC100.200: [ParNew: 123520K->13696K(123520K), 0.0234210 secs] 337386K->251751K(397848K), 0.0234660 secs] [Times: user=0.18 sys=0.00, real=0.03 secs] 
100.224: Total time for which application threads were stopped: 0.0236560 seconds, Stopping threads took: 0.0001220 seconds
100.276: Application time: 0.0524260 seconds
100.276: [GC100.276: [ParNew: 123520K->13696K(123520K), 0.0262090 secs] 361575K->275062K(397848K), 0.0262550 secs] [Times: user=0.21 sys=0.00, real=0.03 secs] 
100.302: Total time for which application threads were stopped: 0.0264240 seconds, Stopping threads took: 0.0001020 seconds
100.349: Application time: 0.0464760 seconds
100.349: [GC100.349: [ParNew: 123520K->13696K(123520K), 0.0240470 secs]100.373: [Tenured: 282773K->118537K(282776K), 0.1986610 secs] 384886K->118537K(406296K), [Perm : 9116K->9116K(21248K)], 0.2230800 secs] [Times: user=0.39 sys=0.01, real=0.22 secs] 
100.572: Total time for which application threads were stopped: 0.2232500 seconds, Stopping threads took: 0.0001000 seconds
100.608: Application time: 0.0357120 seconds
100.608: [GC100.608: [ParNew: 109824K->13696K(123520K), 0.0161190 secs] 228361K->147899K(397848K), 0.0161640 secs] [Times: user=0.13 sys=0.00, real=0.02 secs] 
100.624: Total time for which application threads were stopped: 0.0163580 seconds, Stopping threads took: 0.0001090 seconds
100.671: Application time: 0.0467570 seconds
100.671: [GC100.671: [ParNew: 123520K->13696K(123520K), 0.0282250 secs] 257723K->177440K(397848K), 0.0282690 secs] [Times: user=0.22 sys=0.00, real=0.03 secs] 
100.699: Total time for which application threads were stopped: 0.0284040 seconds, Stopping threads took: 0.0000680 seconds
100.755: Application time: 0.0553140 seconds
100.755: [GC100.755: [ParNew: 123520K->13695K(123520K), 0.0214260 secs] 287264K->190993K(397848K), 0.0214690 secs] [Times: user=0.17 sys=0.00, real=0.02 secs] 
100.776: Total time for which application threads were stopped: 0.0216130 seconds, Stopping threads took: 0.0000790 seconds
100.827: Application time: 0.0508050 seconds
100.827: [GC100.827: [ParNew: 123519K->13696K(123520K), 0.0205450 secs] 300817K->205856K(397848K), 0.0205970 secs] [Times: user=0.15 sys=0.00, real=0.02 secs] 
100.848: Total time for which application threads were stopped: 0.0208620 seconds, Stopping threads took: 0.0001970 seconds
100.901: Application time: 0.0529210 seconds
100.901: [GC100.901: [ParNew: 123520K->13696K(123520K), 0.0214060 secs] 315680K->222763K(397848K), 0.0214500 secs] [Times: user=0.16 sys=0.00, real=0.02 secs] 
100.923: Total time for which application threads were stopped: 0.0216360 seconds, Stopping threads took: 0.0001200 seconds
100.967: Application time: 0.0443210 seconds
100.967: [GC100.967: [ParNew: 123520K->13696K(123520K), 0.0228000 secs] 332587K->245074K(397848K), 0.0228430 secs] [Times: user=0.18 sys=0.00, real=0.02 secs] 
100.990: Total time for which application threads were stopped: 0.0230580 seconds, Stopping threads took: 0.0001280 seconds
101.036: Application time: 0.0457320 seconds
101.036: [GC101.036: [ParNew: 123520K->13696K(123520K), 0.0246740 secs] 354898K->270022K(397848K), 0.0247200 secs] [Times: user=0.19 sys=0.00, real=0.03 secs] 
101.061: Total time for which application threads were stopped: 0.0248960 seconds, Stopping threads took: 0.0001090 seconds
101.113: Application time: 0.0519640 seconds
101.113: [GC101.113: [ParNew: 123520K->13696K(123520K), 0.0237570 secs]101.137: [Tenured: 274740K->124098K(275096K), 0.2010040 secs] 379846K->124098K(398616K), [Perm : 9116K->9116K(21248K)], 0.2248590 secs] [Times: user=0.39 sys=0.00, real=0.22 secs] 
101.338: Total time for which application threads were stopped: 0.2250430 seconds, Stopping threads took: 0.0001040 seconds
101.376: Application time: 0.0386720 seconds
101.376: [GC101.376: [ParNew: 109824K->13696K(123520K), 0.0155170 secs] 233922K->152015K(397848K), 0.0155700 secs] [Times: user=0.13 sys=0.00, real=0.01 secs] 
101.392: Total time for which application threads were stopped: 0.0157420 seconds, Stopping threads took: 0.0001030 seconds
101.432: Application time: 0.0401450 seconds
101.432: [GC101.432: [ParNew: 123520K->13696K(123520K), 0.0255050 secs] 261839K->181202K(397848K), 0.0255500 secs] [Times: user=0.20 sys=0.00, real=0.03 secs] 
101.458: Total time for which application threads were stopped: 0.0257510 seconds, Stopping threads took: 0.0001320 seconds
101.514: Application time: 0.0556350 seconds
101.514: [GC101.514: [ParNew: 123520K->13696K(123520K), 0.0258210 secs] 291026K->201078K(397848K), 0.0258640 secs] [Times: user=0.21 sys=0.00, real=0.02 secs] 
101.540: Total time for which application threads were stopped: 0.0260070 seconds, Stopping threads took: 0.0000770 seconds
101.593: Application time: 0.0534050 seconds
101.593: [GC101.593: [ParNew: 123520K->13696K(123520K), 0.0203470 secs] 310902K->214681K(397848K), 0.0203910 secs] [Times: user=0.16 sys=0.00, real=0.02 secs] 
101.614: Total time for which application threads were stopped: 0.0205540 seconds, Stopping threads took: 0.0000880 seconds
101.664: Application time: 0.0504260 seconds
101.664: [GC101.664: [ParNew: 123520K->13696K(123520K), 0.0207510 secs] 324505K->231357K(397848K), 0.0207950 secs] [Times: user=0.16 sys=0.00, real=0.02 secs] 
101.685: Total time for which application threads were stopped: 0.0209570 seconds, Stopping threads took: 0.0000810 seconds
101.732: Application time: 0.0466380 seconds
101.732: [GC101.732: [ParNew: 123520K->13696K(123520K), 0.0215810 secs] 341181K->250277K(397848K), 0.0216270 secs] [Times: user=0.17 sys=0.00, real=0.03 secs] 
101.753: Total time for which application threads were stopped: 0.0218530 seconds, Stopping threads took: 0.0001390 seconds
101.800: Application time: 0.0464720 seconds
101.800: [GC101.800: [ParNew: 123520K->13696K(123520K), 0.0239580 secs] 360101K->274042K(397848K), 0.0240030 secs] [Times: user=0.19 sys=0.00, real=0.03 secs] 
101.824: Total time for which application threads were stopped: 0.0242760 seconds, Stopping threads took: 0.0002070 seconds
101.873: Application time: 0.0486110 seconds
101.877: [GC101.877: [ParNew: 123520K->13696K(123520K), 0.0252130 secs]101.902: [Tenured: 282121K->132332K(282392K), 0.2120820 secs] 383866K->132332K(405912K), [Perm : 9116K->9116K(21248K)], 0.2376780 secs] [Times: user=0.41 sys=0.01, real=0.24 secs] 
102.114: Total time for which application threads were stopped: 0.2415690 seconds, Stopping threads took: 0.0038020 seconds
102.159: Application time: 0.0443580 seconds
102.159: [GC102.159: [ParNew: 109824K->13696K(123520K), 0.0152220 secs] 242156K->156626K(397848K), 0.0152670 secs] [Times: user=0.12 sys=0.00, real=0.02 secs] 
102.174: Total time for which application threads were stopped: 0.0154190 seconds, Stopping threads took: 0.0000840 seconds
102.213: Application time: 0.0392880 seconds
102.214: [GC102.214: [ParNew: 123520K->13695K(123520K), 0.0261190 secs] 266450K->186012K(397848K), 0.0261650 secs] [Times: user=0.21 sys=0.00, real=0.02 secs] 
102.240: Total time for which application threads were stopped: 0.0265610 seconds, Stopping threads took: 0.0002980 seconds
102.287: Application time: 0.0473810 seconds
102.288: [GC102.288: [ParNew: 123519K->13694K(123520K), 0.0271410 secs] 295836K->212556K(397848K), 0.0271860 secs] [Times: user=0.22 sys=0.00, real=0.03 secs] 
102.315: Total time for which application threads were stopped: 0.0274080 seconds, Stopping threads took: 0.0001550 seconds
102.373: Application time: 0.0577860 seconds
102.373: [GC102.373: [ParNew: 123518K->13694K(123520K), 0.0209970 secs] 322380K->225822K(397848K), 0.0210410 secs] [Times: user=0.17 sys=0.00, real=0.02 secs] 
102.394: Total time for which application threads were stopped: 0.0212660 seconds, Stopping threads took: 0.0001400 seconds
102.446: Application time: 0.0518940 seconds
102.449: [GC102.449: [ParNew: 123518K->13696K(123520K), 0.0200290 secs] 335646K->239245K(397848K), 0.0200760 secs] [Times: user=0.16 sys=0.00, real=0.02 secs] 
102.469: Total time for which application threads were stopped: 0.0230240 seconds, Stopping threads took: 0.0028610 seconds
102.521: Application time: 0.0518670 seconds
102.521: [GC102.521: [ParNew: 123520K->13696K(123520K), 0.0221060 secs] 349069K->257788K(397848K), 0.0221510 secs] [Times: user=0.18 sys=0.00, real=0.02 secs] 
102.543: Total time for which application threads were stopped: 0.0222980 seconds, Stopping threads took: 0.0000780 seconds
102.589: Application time: 0.0462450 seconds
102.589: [GC102.589: [ParNew: 123520K->13696K(123520K), 0.0236710 secs] 367612K->279533K(397848K), 0.0237150 secs] [Times: user=0.19 sys=0.00, real=0.03 secs] 
102.613: Total time for which application threads were stopped: 0.0239390 seconds, Stopping threads took: 0.0001350 seconds
102.657: Application time: 0.0442050 seconds
102.657: [GC102.657: [ParNew: 123520K->13696K(123520K), 0.0239440 secs]102.681: [Tenured: 289555K->142253K(289688K), 0.2279950 secs] 389357K->142253K(413208K), [Perm : 9116K->9116K(21248K)], 0.2525190 secs] [Times: user=0.41 sys=0.01, real=0.25 secs] 
102.910: Total time for which application threads were stopped: 0.2526570 seconds, Stopping threads took: 0.0000700 seconds
102.957: Application time: 0.0470230 seconds
102.957: [GC102.957: [ParNew: 109824K->13696K(123520K), 0.0178770 secs] 252077K->168625K(397848K), 0.0179230 secs] [Times: user=0.14 sys=0.00, real=0.02 secs] 
102.975: Total time for which application threads were stopped: 0.0180980 seconds, Stopping threads took: 0.0000940 seconds
103.019: Application time: 0.0438740 seconds
103.019: [GC103.019: [ParNew: 123520K->13696K(123520K), 0.0243010 secs] 278449K->191572K(397848K), 0.0243490 secs] [Times: user=0.19 sys=0.00, real=0.03 secs] 
103.044: Total time for which application threads were stopped: 0.0245290 seconds, Stopping threads took: 0.0001110 seconds
103.088: Application time: 0.0444140 seconds
103.088: [GC103.088: [ParNew: 123520K->13696K(123520K), 0.0257970 secs] 301396K->218701K(397848K), 0.0258410 secs] [Times: user=0.20 sys=0.00, real=0.03 secs] 
103.114: Total time for which application threads were stopped: 0.0259870 seconds, Stopping threads took: 0.0000770 seconds
103.165: Application time: 0.0514280 seconds
103.165: [GC103.166: [ParNew: 123520K->13696K(123520K), 0.0249340 secs] 328525K->238253K(397848K), 0.0249860 secs] [Times: user=0.20 sys=0.00, real=0.02 secs] 
103.190: Total time for which application threads were stopped: 0.0251420 seconds, Stopping threads took: 0.0000910 seconds
103.245: Application time: 0.0542030 seconds
103.249: [GC103.249: [ParNew: 123520K->13696K(123520K), 0.0196100 secs] 348077K->251133K(397848K), 0.0196570 secs] [Times: user=0.16 sys=0.00, real=0.02 secs] 
103.268: Total time for which application threads were stopped: 0.0236010 seconds, Stopping threads took: 0.0038600 seconds
103.317: Application time: 0.0487930 seconds
103.317: [GC103.317: [ParNew: 123520K->13696K(123520K), 0.0202300 secs] 360957K->266985K(397848K), 0.0202760 secs] [Times: user=0.16 sys=0.00, real=0.02 secs] 
103.338: Total time for which application threads were stopped: 0.0205140 seconds, Stopping threads took: 0.0001490 seconds
103.384: Application time: 0.0462040 seconds
103.384: [GC103.384: [ParNew: 123520K->13696K(123520K), 0.0225890 secs]103.407: [Tenured: 274644K->122893K(275864K), 0.2068470 secs] 376809K->122893K(399384K), [Perm : 9116K->9116K(21248K)], 0.2295320 secs] [Times: user=0.38 sys=0.00, real=0.23 secs] 
103.614: Total time for which application threads were stopped: 0.2296870 seconds, Stopping threads took: 0.0000890 seconds
103.655: Application time: 0.0417470 seconds
103.655: [GC103.655: [ParNew: 109824K->13696K(123520K), 0.0169470 secs] 232717K->150155K(397848K), 0.0169920 secs] [Times: user=0.14 sys=0.00, real=0.01 secs] 
103.672: Total time for which application threads were stopped: 0.0171910 seconds, Stopping threads took: 0.0001080 seconds
103.721: Application time: 0.0483240 seconds
103.721: [GC103.721: [ParNew: 123520K->13696K(123520K), 0.0251340 secs] 259979K->175009K(397848K), 0.0251780 secs] [Times: user=0.20 sys=0.00, real=0.02 secs] 
103.746: Total time for which application threads were stopped: 0.0253140 seconds, Stopping threads took: 0.0000680 seconds
103.794: Application time: 0.0477900 seconds
103.794: [GC103.794: [ParNew: 123520K->13696K(123520K), 0.0228530 secs] 284833K->195350K(397848K), 0.0228970 secs] [Times: user=0.18 sys=0.00, real=0.02 secs] 
103.817: Total time for which application threads were stopped: 0.0230550 seconds, Stopping threads took: 0.0000920 seconds
103.858: Application time: 0.0412360 seconds
103.858: [GC103.858: [ParNew: 123375K->13696K(123520K), 0.0236930 secs] 305029K->219894K(397848K), 0.0237380 secs] [Times: user=0.18 sys=0.00, real=0.03 secs] 
103.882: Total time for which application threads were stopped: 0.0239300 seconds, Stopping threads took: 0.0001260 seconds
103.928: Application time: 0.0458770 seconds
103.928: [GC103.928: [ParNew: 123520K->13696K(123520K), 0.0251750 secs] 329718K->244367K(397848K), 0.0252170 secs] [Times: user=0.20 sys=0.00, real=0.03 secs] 
103.953: Total time for which application threads were stopped: 0.0253940 seconds, Stopping threads took: 0.0001080 seconds
104.011: Application time: 0.0579940 seconds
104.012: [GC104.012: [ParNew: 123520K->13696K(123520K), 0.0224300 secs] 354191K->258906K(397848K), 0.0224740 secs] [Times: user=0.18 sys=0.00, real=0.03 secs] 
104.034: Total time for which application threads were stopped: 0.0226320 seconds, Stopping threads took: 0.0000930 seconds
104.085: Application time: 0.0505040 seconds
104.085: [GC104.085: [ParNew: 123520K->13696K(123520K), 0.0205870 secs] 368730K->273812K(397848K), 0.0206330 secs] [Times: user=0.16 sys=0.00, real=0.02 secs] 
104.105: Total time for which application threads were stopped: 0.0207580 seconds, Stopping threads took: 0.0000590 seconds
104.155: Application time: 0.0501290 seconds
104.156: [GC104.156: [ParNew: 123520K->13696K(123520K), 0.0224550 secs]104.178: [Tenured: 279683K->137038K(280088K), 0.2156900 secs] 383636K->137038K(403608K), [Perm : 9116K->9116K(21248K)], 0.2384160 secs] [Times: user=0.39 sys=0.01, real=0.24 secs] 
104.394: Total time for which application threads were stopped: 0.2385620 seconds, Stopping threads took: 0.0000670 seconds
104.436: Application time: 0.0422590 seconds
104.436: [GC104.436: [ParNew: 109824K->13696K(123520K), 0.0148680 secs] 246862K->161290K(397848K), 0.0149230 secs] [Times: user=0.11 sys=0.00, real=0.01 secs] 
104.451: Total time for which application threads were stopped: 0.0150830 seconds, Stopping threads took: 0.0000930 seconds
104.495: Application time: 0.0432950 seconds
104.495: [GC104.495: [ParNew: 123520K->13696K(123520K), 0.0255840 secs] 271114K->187633K(397848K), 0.0256290 secs] [Times: user=0.20 sys=0.00, real=0.02 secs] 
104.520: Total time for which application threads were stopped: 0.0257840 seconds, Stopping threads took: 0.0000870 seconds
104.568: Application time: 0.0477680 seconds
104.568: [GC104.568: [ParNew: 123520K->13696K(123520K), 0.0238880 secs] 297457K->208983K(397848K), 0.0239320 secs] [Times: user=0.19 sys=0.00, real=0.02 secs] 
104.592: Total time for which application threads were stopped: 0.0240860 seconds, Stopping threads took: 0.0000850 seconds
104.638: Application time: 0.0453560 seconds
104.638: [GC104.638: [ParNew: 123520K->13696K(123520K), 0.0256180 secs] 318807K->233320K(397848K), 0.0256630 secs] [Times: user=0.20 sys=0.00, real=0.03 secs] 
104.663: Total time for which application threads were stopped: 0.0258230 seconds, Stopping threads took: 0.0000930 seconds
104.708: Application time: 0.0449010 seconds
104.709: [GC104.709: [ParNew: 123520K->13696K(123520K), 0.0251640 secs] 343144K->258535K(397848K), 0.0252070 secs] [Times: user=0.20 sys=0.00, real=0.03 secs] 
104.734: Total time for which application threads were stopped: 0.0254250 seconds, Stopping threads took: 0.0001390 seconds
104.785: Application time: 0.0511620 seconds
104.785: [GC104.785: [ParNew: 123520K->13696K(123520K), 0.0236790 secs] 368359K->277253K(397848K), 0.0237250 secs] [Times: user=0.18 sys=0.00, real=0.02 secs] 
104.809: Total time for which application threads were stopped: 0.0239170 seconds, Stopping threads took: 0.0001260 seconds
104.862: Application time: 0.0527330 seconds
104.865: [GC104.865: [ParNew: 123520K->13696K(123520K), 0.0208080 secs]104.885: [Tenured: 278479K->145689K(278936K), 0.2270010 secs] 387077K->145689K(402456K), [Perm : 9116K->9116K(21248K)], 0.2480860 secs] [Times: user=0.38 sys=0.01, real=0.25 secs] 
105.114: Total time for which application threads were stopped: 0.2523990 seconds, Stopping threads took: 0.0029140 seconds
105.165: Application time: 0.0507500 seconds
105.165: [GC105.165: [ParNew: 109824K->13696K(123520K), 0.0136110 secs] 255513K->163948K(397848K), 0.0136550 secs] [Times: user=0.11 sys=0.00, real=0.01 secs] 
105.179: Total time for which application threads were stopped: 0.0137930 seconds, Stopping threads took: 0.0000720 seconds
105.227: Application time: 0.0483090 seconds
105.227: [GC105.227: [ParNew: 123520K->13696K(123520K), 0.0205090 secs] 273772K->181361K(397848K), 0.0205530 secs] [Times: user=0.15 sys=0.00, real=0.02 secs] 
105.248: Total time for which application threads were stopped: 0.0208380 seconds, Stopping threads took: 0.0001870 seconds
105.289: Application time: 0.0412850 seconds
105.289: [GC105.289: [ParNew: 123520K->13696K(123520K), 0.0251800 secs] 291185K->208512K(397848K), 0.0252250 secs] [Times: user=0.20 sys=0.00, real=0.03 secs] 
105.314: Total time for which application threads were stopped: 0.0254650 seconds, Stopping threads took: 0.0001510 seconds
105.359: Application time: 0.0449450 seconds
105.360: [GC105.360: [ParNew: 123520K->13696K(123520K), 0.0263480 secs] 318336K->234548K(397848K), 0.0263940 secs] [Times: user=0.21 sys=0.00, real=0.03 secs] 
105.386: Total time for which application threads were stopped: 0.0265910 seconds, Stopping threads took: 0.0001090 seconds
105.433: Application time: 0.0466940 seconds
105.433: [GC105.433: [ParNew: 123520K->13696K(123520K), 0.0251280 secs] 344372K->257819K(397848K), 0.0251740 secs] [Times: user=0.20 sys=0.00, real=0.02 secs] 
105.458: Total time for which application threads were stopped: 0.0253950 seconds, Stopping threads took: 0.0001340 seconds
105.505: Application time: 0.0467230 seconds
105.505: [GC105.505: [ParNew: 123520K->13696K(123520K), 0.0247630 secs] 367643K->280044K(397848K), 0.0248180 secs] [Times: user=0.19 sys=0.00, real=0.02 secs] 
105.530: Total time for which application threads were stopped: 0.0250020 seconds, Stopping threads took: 0.0001160 seconds
105.579: Application time: 0.0488270 seconds
105.581: [GC105.581: [ParNew: 123520K->13696K(123520K), 0.0252200 secs]105.606: [Tenured: 288950K->158440K(289112K), 0.2469910 secs] 389868K->158440K(412632K), [Perm : 9116K->9116K(21248K)], 0.2727720 secs] [Times: user=0.41 sys=0.02, real=0.27 secs] 
105.853: Total time for which application threads were stopped: 0.2746810 seconds, Stopping threads took: 0.0018360 seconds
105.907: Application time: 0.0537320 seconds
105.907: [GC105.907: [ParNew: 109824K->13696K(123520K), 0.0136710 secs] 268264K->173936K(397848K), 0.0137130 secs] [Times: user=0.11 sys=0.00, real=0.02 secs] 
105.921: Total time for which application threads were stopped: 0.0138850 seconds, Stopping threads took: 0.0000990 seconds
105.969: Application time: 0.0479670 seconds
105.969: [GC105.969: [ParNew: 123520K->13696K(123520K), 0.0202480 secs] 283760K->190021K(397848K), 0.0202930 secs] [Times: user=0.16 sys=0.00, real=0.02 secs] 
105.989: Total time for which application threads were stopped: 0.0204330 seconds, Stopping threads took: 0.0000730 seconds
106.038: Application time: 0.0486550 seconds
106.041: [GC106.041: [ParNew: 123520K->13696K(123520K), 0.0219730 secs] 299845K->209430K(397848K), 0.0220180 secs] [Times: user=0.17 sys=0.00, real=0.02 secs] 
106.063: Total time for which application threads were stopped: 0.0246160 seconds, Stopping threads took: 0.0025110 seconds
106.109: Application time: 0.0466170 seconds
106.109: [GC106.109: [ParNew: 123520K->13696K(123520K), 0.0241680 secs] 319254K->232509K(397848K), 0.0242120 secs] [Times: user=0.19 sys=0.00, real=0.03 secs] 
106.134: Total time for which application threads were stopped: 0.0244050 seconds, Stopping threads took: 0.0001250 seconds
106.177: Application time: 0.0432060 seconds
106.177: [GC106.177: [ParNew: 123520K->13696K(123520K), 0.0242450 secs] 342333K->257188K(397848K), 0.0242880 secs] [Times: user=0.20 sys=0.00, real=0.03 secs] 
106.201: Total time for which application threads were stopped: 0.0244270 seconds, Stopping threads took: 0.0000730 seconds
106.249: Application time: 0.0478510 seconds
106.249: [GC106.249: [ParNew: 123453K->13694K(123520K), 0.0245220 secs] 366945K->279483K(397848K), 0.0245670 secs] [Times: user=0.19 sys=0.00, real=0.03 secs] 
106.274: Total time for which application threads were stopped: 0.0247320 seconds, Stopping threads took: 0.0000960 seconds
106.319: Application time: 0.0452250 seconds
106.319: [GC106.319: [ParNew: 123518K->13694K(123520K), 0.0263440 secs]106.346: [Tenured: 291301K->137904K(291416K), 0.2316290 secs] 389307K->137904K(414936K), [Perm : 9116K->9116K(21248K)], 0.2585990 secs] [Times: user=0.43 sys=0.00, real=0.26 secs] 
106.578: Total time for which application threads were stopped: 0.2587730 seconds, Stopping threads took: 0.0001060 seconds
106.625: Application time: 0.0473940 seconds
106.625: [GC106.625: [ParNew: 109824K->13696K(123520K), 0.0171120 secs] 247728K->161255K(397848K), 0.0171560 secs] [Times: user=0.14 sys=0.00, real=0.02 secs] 
106.643: Total time for which application threads were stopped: 0.0173510 seconds, Stopping threads took: 0.0001170 seconds
106.692: Application time: 0.0490510 seconds
106.692: [GC106.692: [ParNew: 123520K->13695K(123520K), 0.0223470 secs] 271079K->179050K(397848K), 0.0223920 secs] [Times: user=0.17 sys=0.00, real=0.03 secs] 
106.714: Total time for which application threads were stopped: 0.0225210 seconds, Stopping threads took: 0.0000620 seconds
106.768: Application time: 0.0534730 seconds
106.768: [GC106.768: [ParNew: 123519K->13696K(123520K), 0.0210030 secs] 288874K->195293K(397848K), 0.0210480 secs] [Times: user=0.17 sys=0.00, real=0.02 secs] 
106.789: Total time for which application threads were stopped: 0.0212180 seconds, Stopping threads took: 0.0001040 seconds
106.838: Application time: 0.0495370 seconds
106.839: [GC106.839: [ParNew: 123137K->13696K(123520K), 0.0219460 secs] 304734K->213466K(397848K), 0.0219990 secs] [Times: user=0.17 sys=0.00, real=0.03 secs] 
106.861: Total time for which application threads were stopped: 0.0221760 seconds, Stopping threads took: 0.0001110 seconds
106.908: Application time: 0.0470490 seconds
106.908: [GC106.908: [ParNew: 123520K->13696K(123520K), 0.0210350 secs] 323290K->232307K(397848K), 0.0210820 secs] [Times: user=0.17 sys=0.00, real=0.02 secs] 
106.929: Total time for which application threads were stopped: 0.0212150 seconds, Stopping threads took: 0.0000660 seconds
106.970: Application time: 0.0410130 seconds
106.970: [GC106.970: [ParNew: 123412K->13696K(123520K), 0.0242780 secs] 342023K->259077K(397848K), 0.0243240 secs] [Times: user=0.20 sys=0.00, real=0.03 secs] 
106.994: Total time for which application threads were stopped: 0.0245480 seconds, Stopping threads took: 0.0001550 seconds
107.045: Application time: 0.0510370 seconds
107.046: [GC107.046: [ParNew: 123433K->13696K(123520K), 0.0264000 secs] 368814K->282821K(397848K), 0.0264450 secs] [Times: user=0.20 sys=0.00, real=0.02 secs] 
107.072: Total time for which application threads were stopped: 0.0266150 seconds, Stopping threads took: 0.0001010 seconds
107.115: Application time: 0.0432580 seconds
107.116: [GC107.116: [ParNew: 123520K->13696K(123520K), 0.0236690 secs]107.139: [Tenured: 291238K->132283K(291416K), 0.2196300 secs] 392645K->132283K(414936K), [Perm : 9116K->9116K(21248K)], 0.2439200 secs] [Times: user=0.40 sys=0.01, real=0.24 secs] 
107.359: Total time for which application threads were stopped: 0.2441110 seconds, Stopping threads took: 0.0001220 seconds
107.403: Application time: 0.0433370 seconds
107.403: [GC107.403: [ParNew: 109824K->13696K(123520K), 0.0168930 secs] 242107K->158117K(397848K), 0.0169370 secs] [Times: user=0.13 sys=0.00, real=0.01 secs] 
107.420: Total time for which application threads were stopped: 0.0171190 seconds, Stopping threads took: 0.0001040 seconds
107.468: Application time: 0.0480400 seconds
107.468: [GC107.468: [ParNew: 123426K->13696K(123520K), 0.0250030 secs] 267848K->181589K(397848K), 0.0250490 secs] [Times: user=0.20 sys=0.00, real=0.03 secs] 
107.493: Total time for which application threads were stopped: 0.0252830 seconds, Stopping threads took: 0.0001670 seconds
107.548: Application time: 0.0545190 seconds
107.548: [GC107.548: [ParNew: 123520K->13696K(123520K), 0.0223020 secs] 291413K->196241K(397848K), 0.0223470 secs] [Times: user=0.17 sys=0.00, real=0.02 secs] 
107.570: Total time for which application threads were stopped: 0.0224910 seconds, Stopping threads took: 0.0000780 seconds
107.620: Application time: 0.0492980 seconds
107.620: [GC107.620: [ParNew: 123520K->13696K(123520K), 0.0207830 secs] 306065K->211906K(397848K), 0.0208280 secs] [Times: user=0.16 sys=0.00, real=0.03 secs] 
107.641: Total time for which application threads were stopped: 0.0210290 seconds, Stopping threads took: 0.0001320 seconds
107.696: Application time: 0.0557530 seconds
107.697: [GC107.697: [ParNew: 123520K->13696K(123520K), 0.0213360 secs] 321730K->228302K(397848K), 0.0213810 secs] [Times: user=0.17 sys=0.00, real=0.02 secs] 
107.718: Total time for which application threads were stopped: 0.0215680 seconds, Stopping threads took: 0.0001210 seconds
107.759: Application time: 0.0409380 seconds
107.759: [GC107.759: [ParNew: 123349K->13696K(123520K), 0.0236190 secs] 337956K->253089K(397848K), 0.0236640 secs] [Times: user=0.19 sys=0.00, real=0.03 secs] 
107.783: Total time for which application threads were stopped: 0.0238450 seconds, Stopping threads took: 0.0001120 seconds
107.829: Application time: 0.0460490 seconds
107.833: [GC107.833: [ParNew: 123520K->13696K(123520K), 0.0254090 secs] 362913K->278376K(397848K), 0.0254550 secs] [Times: user=0.20 sys=0.00, real=0.02 secs] 
107.858: Total time for which application threads were stopped: 0.0293750 seconds, Stopping threads took: 0.0038520 seconds
107.906: Application time: 0.0474190 seconds
107.906: [GC107.906: [ParNew: 123520K->13696K(123520K), 0.0250720 secs]107.931: [Tenured: 286970K->138382K(287000K), 0.2162920 secs] 388200K->138382K(410520K), [Perm : 9116K->9116K(21248K)], 0.2419170 secs] [Times: user=0.40 sys=0.01, real=0.24 secs] 
108.148: Total time for which application threads were stopped: 0.2421650 seconds, Stopping threads took: 0.0001420 seconds
108.190: Application time: 0.0426350 seconds
108.191: [GC108.191: [ParNew: 109824K->13696K(123520K), 0.0159530 secs] 248206K->163716K(397848K), 0.0159970 secs] [Times: user=0.12 sys=0.00, real=0.02 secs] 
108.207: Total time for which application threads were stopped: 0.0161640 seconds, Stopping threads took: 0.0000980 seconds
108.253: Application time: 0.0465570 seconds
108.253: [GC108.253: [ParNew: 123520K->13696K(123520K), 0.0261050 secs] 273540K->191048K(397848K), 0.0261500 secs] [Times: user=0.20 sys=0.00, real=0.02 secs] 
108.279: Total time for which application threads were stopped: 0.0262910 seconds, Stopping threads took: 0.0000740 seconds
108.332: Application time: 0.0521290 seconds
108.332: [GC108.332: [ParNew: 123520K->13696K(123520K), 0.0239520 secs] 300872K->208455K(397848K), 0.0239990 secs] [Times: user=0.19 sys=0.00, real=0.03 secs] 
108.356: Total time for which application threads were stopped: 0.0241980 seconds, Stopping threads took: 0.0001310 seconds
108.409: Application time: 0.0536170 seconds
108.410: [GC108.410: [ParNew: 123520K->13695K(123520K), 0.0205670 secs] 318279K->223734K(397848K), 0.0206120 secs] [Times: user=0.16 sys=0.00, real=0.02 secs] 
108.430: Total time for which application threads were stopped: 0.0208550 seconds, Stopping threads took: 0.0001590 seconds
108.484: Application time: 0.0539410 seconds
108.489: [GC108.489: [ParNew: 123519K->13694K(123520K), 0.0224390 secs] 333558K->238641K(397848K), 0.0224780 secs] [Times: user=0.18 sys=0.00, real=0.02 secs] 
108.511: Total time for which application threads were stopped: 0.0269990 seconds, Stopping threads took: 0.0044560 seconds
108.558: Application time: 0.0470380 seconds
108.558: [GC108.558: [ParNew: 123518K->13696K(123520K), 0.0214820 secs] 348465K->257119K(397848K), 0.0215270 secs] [Times: user=0.17 sys=0.00, real=0.02 secs] 
108.580: Total time for which application threads were stopped: 0.0217370 seconds, Stopping threads took: 0.0001420 seconds
108.622: Application time: 0.0423690 seconds
108.622: [GC108.622: [ParNew: 123520K->13696K(123520K), 0.0249030 secs] 366943K->284962K(397848K), 0.0249470 secs] [Times: user=0.20 sys=0.00, real=0.02 secs] 
108.647: Total time for which application threads were stopped: 0.0251450 seconds, Stopping threads took: 0.0001300 seconds
108.698: Application time: 0.0504200 seconds
108.698: [GC108.698: [ParNew: 123520K->13696K(123520K), 0.0259510 secs]108.724: [Tenured: 294488K->136712K(294872K), 0.2129190 secs] 394786K->136712K(418392K), [Perm : 9116K->9116K(21248K)], 0.2395870 secs] [Times: user=0.42 sys=0.00, real=0.24 secs] 
108.938: Total time for which application threads were stopped: 0.2397250 seconds, Stopping threads took: 0.0000720 seconds
108.980: Application time: 0.0423350 seconds
108.980: [GC108.980: [ParNew: 109750K->13696K(123520K), 0.0137520 secs] 246462K->159578K(397848K), 0.0137950 secs] [Times: user=0.11 sys=0.00, real=0.02 secs] 
108.994: Total time for which application threads were stopped: 0.0139850 seconds, Stopping threads took: 0.0001090 seconds
109.039: Application time: 0.0446660 seconds
109.039: [GC109.039: [ParNew: 123520K->13695K(123520K), 0.0252840 secs] 269402K->186752K(397848K), 0.0253270 secs] [Times: user=0.20 sys=0.00, real=0.03 secs] 
109.064: Total time for which application threads were stopped: 0.0254910 seconds, Stopping threads took: 0.0000970 seconds
109.111: Application time: 0.0464770 seconds
109.111: [GC109.111: [ParNew: 123519K->13694K(123520K), 0.0244600 secs] 296576K->209109K(397848K), 0.0245050 secs] [Times: user=0.19 sys=0.00, real=0.03 secs] 
109.135: Total time for which application threads were stopped: 0.0246890 seconds, Stopping threads took: 0.0001150 seconds
109.191: Application time: 0.0556040 seconds
109.191: [GC109.191: [ParNew: 123518K->13694K(123520K), 0.0220940 secs] 318933K->223714K(397848K), 0.0221480 secs] [Times: user=0.17 sys=0.00, real=0.03 secs] 
109.213: Total time for which application threads were stopped: 0.0223050 seconds, Stopping threads took: 0.0000900 seconds
109.262: Application time: 0.0487750 seconds
109.262: [GC109.262: [ParNew: 123518K->13696K(123520K), 0.0200840 secs] 333538K->239127K(397848K), 0.0201320 secs] [Times: user=0.16 sys=0.00, real=0.02 secs] 
109.282: Total time for which application threads were stopped: 0.0202830 seconds, Stopping threads took: 0.0000810 seconds
109.333: Application time: 0.0508760 seconds
109.333: [GC109.333: [ParNew: 123520K->13696K(123520K), 0.0222210 secs] 348951K->257912K(397848K), 0.0222630 secs] [Times: user=0.17 sys=0.00, real=0.02 secs] 
109.356: Total time for which application threads were stopped: 0.0224070 seconds, Stopping threads took: 0.0000780 seconds
109.397: Application time: 0.0414420 seconds
109.397: [GC109.397: [ParNew: 123520K->13696K(123520K), 0.0241720 secs] 367736K->283018K(397848K), 0.0242150 secs] [Times: user=0.19 sys=0.00, real=0.03 secs] 
109.421: Total time for which application threads were stopped: 0.0243900 seconds, Stopping threads took: 0.0001080 seconds
109.467: Application time: 0.0459810 seconds
109.467: [GC109.467: [ParNew: 123520K->13696K(123520K), 0.0246170 secs]109.492: [Tenured: 293095K->130539K(293336K), 0.2211580 secs] 392842K->130539K(416856K), [Perm : 9116K->9116K(21248K)], 0.2465230 secs] [Times: user=0.42 sys=0.00, real=0.25 secs] 
109.714: Total time for which application threads were stopped: 0.2466660 seconds, Stopping threads took: 0.0000700 seconds
109.759: Application time: 0.0449210 seconds
109.759: [GC109.759: [ParNew: 109824K->13696K(123520K), 0.0151410 secs] 240363K->153980K(397848K), 0.0151860 secs] [Times: user=0.12 sys=0.00, real=0.02 secs] 
109.774: Total time for which application threads were stopped: 0.0153950 seconds, Stopping threads took: 0.0001280 seconds
109.819: Application time: 0.0448500 seconds
109.819: [GC109.819: [ParNew: 123520K->13696K(123520K), 0.0233720 secs] 263804K->177308K(397848K), 0.0234190 secs] [Times: user=0.18 sys=0.00, real=0.03 secs] 
109.843: Total time for which application threads were stopped: 0.0236270 seconds, Stopping threads took: 0.0001410 seconds
109.885: Application time: 0.0421420 seconds
109.885: [GC109.885: [ParNew: 123520K->13696K(123520K), 0.0249550 secs] 287132K->203555K(397848K), 0.0250000 secs] [Times: user=0.20 sys=0.00, real=0.02 secs] 
109.910: Total time for which application threads were stopped: 0.0251690 seconds, Stopping threads took: 0.0001040 seconds
109.965: Application time: 0.0553350 seconds
109.966: [GC109.966: [ParNew: 123520K->13696K(123520K), 0.0253670 secs] 313379K->222643K(397848K), 0.0254110 secs] [Times: user=0.20 sys=0.00, real=0.02 secs] 
109.991: Total time for which application threads were stopped: 0.0255800 seconds, Stopping threads took: 0.0001020 seconds
110.047: Application time: 0.0554860 seconds
110.047: [GC110.047: [ParNew: 123520K->13696K(123520K), 0.0209740 secs] 332467K->236493K(397848K), 0.0210180 secs] [Times: user=0.17 sys=0.00, real=0.02 secs] 
110.068: Total time for which application threads were stopped: 0.0211950 seconds, Stopping threads took: 0.0001090 seconds
110.120: Application time: 0.0520720 seconds
110.120: [GC110.120: [ParNew: 123520K->13696K(123520K), 0.0224800 secs] 346317K->253478K(397848K), 0.0225320 secs] [Times: user=0.16 sys=0.00, real=0.03 secs] 
110.143: Total time for which application threads were stopped: 0.0227430 seconds, Stopping threads took: 0.0001420 seconds
110.186: Application time: 0.0438880 seconds
110.187: [GC110.187: [ParNew: 123520K->13696K(123520K), 0.0229890 secs] 363302K->275966K(397848K), 0.0230360 secs] [Times: user=0.18 sys=0.00, real=0.02 secs] 
110.210: Total time for which application threads were stopped: 0.0232840 seconds, Stopping threads took: 0.0001720 seconds
110.257: Application time: 0.0469990 seconds
110.257: [GC110.257: [ParNew: 123520K->13696K(123520K), 0.0265790 secs]110.283: [Tenured: 288282K->140153K(288536K), 0.2320740 secs] 385790K->140153K(412056K), [Perm : 9116K->9116K(21248K)], 0.2591970 secs] [Times: user=0.43 sys=0.01, real=0.26 secs] 
110.516: Total time for which application threads were stopped: 0.2593680 seconds, Stopping threads took: 0.0001020 seconds
110.562: Application time: 0.0458030 seconds
110.562: [GC110.562: [ParNew: 109824K->13696K(123520K), 0.0160850 secs] 249977K->164430K(397848K), 0.0161290 secs] [Times: user=0.13 sys=0.00, real=0.01 secs] 
110.578: Total time for which application threads were stopped: 0.0163180 seconds, Stopping threads took: 0.0001110 seconds
110.624: Application time: 0.0462360 seconds
110.625: [GC110.625: [ParNew: 123520K->13696K(123520K), 0.0231420 secs] 274254K->185945K(397848K), 0.0231870 secs] [Times: user=0.18 sys=0.00, real=0.02 secs] 
110.648: Total time for which application threads were stopped: 0.0233400 seconds, Stopping threads took: 0.0000840 seconds
110.690: Application time: 0.0419930 seconds
110.690: [GC110.690: [ParNew: 123520K->13696K(123520K), 0.0243560 secs] 295769K->211499K(397848K), 0.0244010 secs] [Times: user=0.20 sys=0.00, real=0.03 secs] 
110.714: Total time for which application threads were stopped: 0.0245520 seconds, Stopping threads took: 0.0000840 seconds
110.760: Application time: 0.0457040 seconds
110.760: [GC110.760: [ParNew: 123520K->13694K(123520K), 0.0246200 secs] 321323K->235282K(397848K), 0.0246660 secs] [Times: user=0.19 sys=0.00, real=0.03 secs] 
110.785: Total time for which application threads were stopped: 0.0248430 seconds, Stopping threads took: 0.0001100 seconds
110.843: Application time: 0.0576500 seconds
110.843: [GC110.843: [ParNew: 123518K->13693K(123520K), 0.0205650 secs] 345106K->248008K(397848K), 0.0206090 secs] [Times: user=0.16 sys=0.00, real=0.02 secs] 
110.863: Total time for which application threads were stopped: 0.0207770 seconds, Stopping threads took: 0.0001030 seconds
110.913: Application time: 0.0500540 seconds
110.914: [GC110.914: [ParNew: 123517K->13696K(123520K), 0.0201180 secs] 357832K->261952K(397848K), 0.0201600 secs] [Times: user=0.16 sys=0.00, real=0.02 secs] 
110.934: Total time for which application threads were stopped: 0.0203260 seconds, Stopping threads took: 0.0000990 seconds
110.981: Application time: 0.0472430 seconds
110.981: [GC110.981: [ParNew: 123520K->13696K(123520K), 0.0227960 secs] 371776K->284435K(397848K), 0.0228380 secs] [Times: user=0.18 sys=0.00, real=0.02 secs] 
111.004: Total time for which application threads were stopped: 0.0230000 seconds, Stopping threads took: 0.0000940 seconds
111.050: Application time: 0.0458800 seconds
111.050: [GC111.050: [ParNew: 123520K->13696K(123520K), 0.0252660 secs]111.075: [Tenured: 294840K->141958K(294872K), 0.2249490 secs] 394259K->141958K(418392K), [Perm : 9116K->9116K(21248K)], 0.2509560 secs] [Times: user=0.41 sys=0.01, real=0.26 secs] 
111.301: Total time for which application threads were stopped: 0.2511410 seconds, Stopping threads took: 0.0001130 seconds
111.349: Application time: 0.0480740 seconds
111.349: [GC111.349: [ParNew: 109824K->13696K(123520K), 0.0159650 secs] 251782K->164739K(397848K), 0.0160120 secs] [Times: user=0.12 sys=0.00, real=0.02 secs] 
111.365: Total time for which application threads were stopped: 0.0161910 seconds, Stopping threads took: 0.0000980 seconds
111.415: Application time: 0.0495050 seconds
111.415: [GC111.415: [ParNew: 123520K->13696K(123520K), 0.0236010 secs] 274563K->185913K(397848K), 0.0236440 secs] [Times: user=0.19 sys=0.00, real=0.02 secs] 
111.439: Total time for which application threads were stopped: 0.0238010 seconds, Stopping threads took: 0.0000870 seconds
111.481: Application time: 0.0420050 seconds
111.481: [GC111.481: [ParNew: 123520K->13696K(123520K), 0.0268230 secs] 295737K->214391K(397848K), 0.0268660 secs] [Times: user=0.19 sys=0.00, real=0.02 secs] 
111.508: Total time for which application threads were stopped: 0.0269940 seconds, Stopping threads took: 0.0000610 seconds
111.550: Application time: 0.0422370 seconds
111.550: [GC111.550: [ParNew: 123520K->13694K(123520K), 0.0249570 secs] 324215K->240851K(397848K), 0.0250120 secs] [Times: user=0.19 sys=0.00, real=0.03 secs] 
111.575: Total time for which application threads were stopped: 0.0251880 seconds, Stopping threads took: 0.0001060 seconds
111.632: Application time: 0.0571610 seconds
111.632: [GC111.632: [ParNew: 123518K->13694K(123520K), 0.0228330 secs] 350675K->256070K(397848K), 0.0228760 secs] [Times: user=0.18 sys=0.00, real=0.03 secs] 
111.655: Total time for which application threads were stopped: 0.0230170 seconds, Stopping threads took: 0.0000740 seconds
111.713: Application time: 0.0575600 seconds
111.713: [GC111.713: [ParNew: 123518K->13696K(123520K), 0.0198960 secs] 365894K->269629K(397848K), 0.0199330 secs] [Times: user=0.16 sys=0.00, real=0.02 secs] 
111.733: Total time for which application threads were stopped: 0.0200910 seconds, Stopping threads took: 0.0000910 seconds
111.777: Application time: 0.0445910 seconds
111.778: [GC111.778: [ParNew: 123520K->13696K(123520K), 0.0209090 secs]111.798: [Tenured: 274491K->139131K(275864K), 0.2135530 secs] 379453K->139131K(399384K), [Perm : 9116K->9116K(21248K)], 0.2345550 secs] [Times: user=0.38 sys=0.00, real=0.23 secs] 
112.012: Total time for which application threads were stopped: 0.2347020 seconds, Stopping threads took: 0.0000790 seconds
112.059: Application time: 0.0466130 seconds
112.059: [GC112.059: [ParNew: 109824K->13696K(123520K), 0.0182080 secs] 248955K->164781K(397848K), 0.0182520 secs] [Times: user=0.14 sys=0.00, real=0.02 secs] 
112.077: Total time for which application threads were stopped: 0.0184410 seconds, Stopping threads took: 0.0001110 seconds
112.122: Application time: 0.0451350 seconds
112.122: [GC112.122: [ParNew: 123520K->13696K(123520K), 0.0233200 secs] 274605K->186354K(397848K), 0.0233650 secs] [Times: user=0.18 sys=0.00, real=0.02 secs] 
112.146: Total time for which application threads were stopped: 0.0235380 seconds, Stopping threads took: 0.0001060 seconds
112.194: Application time: 0.0478040 seconds
112.194: [GC112.194: [ParNew: 123520K->13696K(123520K), 0.0244710 secs] 296178K->210219K(397848K), 0.0245160 secs] [Times: user=0.20 sys=0.00, real=0.02 secs] 
112.218: Total time for which application threads were stopped: 0.0246950 seconds, Stopping threads took: 0.0001130 seconds
112.264: Application time: 0.0455570 seconds
112.264: [GC112.264: [ParNew: 123520K->13696K(123520K), 0.0244220 secs] 320043K->232552K(397848K), 0.0244670 secs] [Times: user=0.18 sys=0.00, real=0.02 secs] 
112.289: Total time for which application threads were stopped: 0.0246350 seconds, Stopping threads took: 0.0001000 seconds
112.330: Application time: 0.0414020 seconds
112.330: [GC112.330: [ParNew: 123520K->13696K(123520K), 0.0245310 secs] 342376K->259624K(397848K), 0.0245770 secs] [Times: user=0.19 sys=0.00, real=0.03 secs] 
112.355: Total time for which application threads were stopped: 0.0247550 seconds, Stopping threads took: 0.0001100 seconds
112.405: Application time: 0.0505520 seconds
112.405: [GC112.405: [ParNew: 123520K->13696K(123520K), 0.0254560 secs] 369448K->282333K(397848K), 0.0255000 secs] [Times: user=0.20 sys=0.00, real=0.02 secs] 
112.431: Total time for which application threads were stopped: 0.0256550 seconds, Stopping threads took: 0.0000880 seconds
112.489: Application time: 0.0580810 seconds
112.489: [GC112.489: [ParNew: 123520K->13694K(123520K), 0.0220010 secs]112.511: [Tenured: 281924K->134980K(282008K), 0.2331170 secs] 392157K->134980K(405528K), [Perm : 9116K->9116K(21248K)], 0.2554760 secs] [Times: user=0.40 sys=0.01, real=0.26 secs] 
112.745: Total time for which application threads were stopped: 0.2556320 seconds, Stopping threads took: 0.0000860 seconds
112.795: Application time: 0.0499370 seconds
112.795: [GC112.795: [ParNew: 109824K->13696K(123520K), 0.0116310 secs] 244804K->152185K(397848K), 0.0116760 secs] [Times: user=0.10 sys=0.00, real=0.01 secs] 
112.806: Total time for which application threads were stopped: 0.0118480 seconds, Stopping threads took: 0.0000890 seconds
112.849: Application time: 0.0422360 seconds
112.849: [GC112.849: [ParNew: 123520K->13696K(123520K), 0.0215200 secs] 262009K->173675K(397848K), 0.0215730 secs] [Times: user=0.17 sys=0.00, real=0.02 secs] 
112.870: Total time for which application threads were stopped: 0.0217450 seconds, Stopping threads took: 0.0001060 seconds
112.914: Application time: 0.0439440 seconds
112.914: [GC112.915: [ParNew: 123485K->13696K(123520K), 0.0255300 secs] 283465K->201151K(397848K), 0.0255750 secs] [Times: user=0.21 sys=0.00, real=0.02 secs] 
112.940: Total time for which application threads were stopped: 0.0257210 seconds, Stopping threads took: 0.0000790 seconds
112.986: Application time: 0.0457390 seconds
112.986: [GC112.986: [ParNew: 123520K->13696K(123520K), 0.0251770 secs] 310975K->224695K(397848K), 0.0252210 secs] [Times: user=0.20 sys=0.00, real=0.02 secs] 
113.011: Total time for which application threads were stopped: 0.0253680 seconds, Stopping threads took: 0.0000800 seconds
113.061: Application time: 0.0495920 seconds
113.061: [GC113.061: [ParNew: 123520K->13696K(123520K), 0.0235110 secs] 334519K->245511K(397848K), 0.0235550 secs] [Times: user=0.18 sys=0.00, real=0.02 secs] 
113.084: Total time for which application threads were stopped: 0.0236960 seconds, Stopping threads took: 0.0000710 seconds
113.128: Application time: 0.0434390 seconds
113.128: [GC113.128: [ParNew: 123520K->13696K(123520K), 0.0233920 secs] 355335K->268681K(397848K), 0.0234370 secs] [Times: user=0.18 sys=0.00, real=0.02 secs] 
113.152: Total time for which application threads were stopped: 0.0235730 seconds, Stopping threads took: 0.0000660 seconds
113.194: Application time: 0.0427680 seconds
113.194: [GC113.194: [ParNew: 123520K->13696K(123520K), 0.0254900 secs]113.220: [Tenured: 281968K->160721K(282008K), 0.2492510 secs] 378505K->160721K(405528K), [Perm : 9116K->9116K(21248K)], 0.2750780 secs] [Times: user=0.45 sys=0.00, real=0.27 secs] 
113.470: Total time for which application threads were stopped: 0.2752530 seconds, Stopping threads took: 0.0001060 seconds
113.524: Application time: 0.0546020 seconds
113.524: [GC113.524: [ParNew: 109824K->13696K(123520K), 0.0161550 secs] 270545K->178750K(397848K), 0.0161970 secs] [Times: user=0.13 sys=0.00, real=0.02 secs] 
113.541: Total time for which application threads were stopped: 0.0163900 seconds, Stopping threads took: 0.0001140 seconds
113.598: Application time: 0.0571110 seconds
113.598: [GC113.598: [ParNew: 123520K->13693K(123520K), 0.0196460 secs] 288574K->192088K(397848K), 0.0196910 secs] [Times: user=0.15 sys=0.00, real=0.02 secs] 
113.617: Total time for which application threads were stopped: 0.0198390 seconds, Stopping threads took: 0.0000810 seconds
113.661: Application time: 0.0432470 seconds
113.661: [GC113.661: [ParNew: 123517K->13696K(123520K), 0.0210230 secs] 301912K->211165K(397848K), 0.0210680 secs] [Times: user=0.16 sys=0.00, real=0.02 secs] 
113.682: Total time for which application threads were stopped: 0.0212890 seconds, Stopping threads took: 0.0001530 seconds
113.727: Application time: 0.0445730 seconds
113.727: [GC113.727: [ParNew: 123520K->13696K(123520K), 0.0246570 secs] 320989K->237115K(397848K), 0.0247000 secs] [Times: user=0.20 sys=0.00, real=0.02 secs] 
113.751: Total time for which application threads were stopped: 0.0248680 seconds, Stopping threads took: 0.0001040 seconds
113.796: Application time: 0.0444020 seconds
113.796: [GC113.796: [ParNew: 123520K->13696K(123520K), 0.0247040 secs] 346939K->259552K(397848K), 0.0247510 secs] [Times: user=0.19 sys=0.01, real=0.03 secs] 
113.821: Total time for which application threads were stopped: 0.0250390 seconds, Stopping threads took: 0.0002230 seconds
113.874: Application time: 0.0528260 seconds
113.874: [GC113.874: [ParNew: 123520K->13696K(123520K), 0.0248470 secs] 369376K->284800K(397848K), 0.0248930 secs] [Times: user=0.20 sys=0.00, real=0.02 secs] 
113.899: Total time for which application threads were stopped: 0.0250740 seconds, Stopping threads took: 0.0000960 seconds
113.952: Application time: 0.0534370 seconds
113.952: [GC113.952: [ParNew: 123520K->13696K(123520K), 0.0222570 secs]113.975: [Tenured: 287422K->135009K(287768K), 0.2038500 secs] 394624K->135009K(411288K), [Perm : 9116K->9116K(21248K)], 0.2266240 secs] [Times: user=0.36 sys=0.01, real=0.23 secs] 
114.179: Total time for which application threads were stopped: 0.2267940 seconds, Stopping threads took: 0.0001000 seconds
114.219: Application time: 0.0397760 seconds
114.219: [GC114.219: [ParNew: 109824K->13696K(123520K), 0.0151390 secs] 244833K->161938K(397848K), 0.0151860 secs] [Times: user=0.12 sys=0.00, real=0.02 secs] 
114.234: Total time for which application threads were stopped: 0.0153670 seconds, Stopping threads took: 0.0001010 seconds
114.283: Application time: 0.0484710 seconds
114.283: [GC114.283: [ParNew: 123520K->13696K(123520K), 0.0263410 secs] 271762K->188447K(397848K), 0.0263870 secs] [Times: user=0.21 sys=0.00, real=0.02 secs] 
114.309: Total time for which application threads were stopped: 0.0265870 seconds, Stopping threads took: 0.0001340 seconds
114.366: Application time: 0.0568100 seconds
114.366: [GC114.366: [ParNew: 123520K->13687K(123520K), 0.0207840 secs] 298271K->201869K(397848K), 0.0208290 secs] [Times: user=0.16 sys=0.00, real=0.02 secs] 
114.387: Total time for which application threads were stopped: 0.0210120 seconds, Stopping threads took: 0.0001160 seconds
114.442: Application time: 0.0547760 seconds
114.442: [GC114.442: [ParNew: 123511K->13696K(123520K), 0.0186210 secs] 311693K->212782K(397848K), 0.0186660 secs] [Times: user=0.14 sys=0.00, real=0.02 secs] 
114.461: Total time for which application threads were stopped: 0.0188340 seconds, Stopping threads took: 0.0001000 seconds
114.502: Application time: 0.0411410 seconds
114.502: [GC114.502: [ParNew: 123520K->13696K(123520K), 0.0228000 secs] 322606K->235364K(397848K), 0.0228460 secs] [Times: user=0.17 sys=0.00, real=0.02 secs] 
114.525: Total time for which application threads were stopped: 0.0230030 seconds, Stopping threads took: 0.0000890 seconds
114.565: Application time: 0.0403810 seconds
114.565: [GC114.565: [ParNew: 123337K->13696K(123520K), 0.0257230 secs] 345005K->265292K(397848K), 0.0257670 secs] [Times: user=0.21 sys=0.00, real=0.02 secs] 
114.591: Total time for which application threads were stopped: 0.0259590 seconds, Stopping threads took: 0.0001250 seconds
114.636: Application time: 0.0446690 seconds
114.636: [GC114.636: [ParNew: 123520K->13696K(123520K), 0.0281910 secs]114.664: [Tenured: 279985K->159522K(280088K), 0.2446450 secs] 375116K->159522K(403608K), [Perm : 9116K->9116K(21248K)], 0.2731190 secs] [Times: user=0.45 sys=0.01, real=0.27 secs] 
114.909: Total time for which application threads were stopped: 0.2732730 seconds, Stopping threads took: 0.0000880 seconds
114.962: Application time: 0.0524800 seconds
114.962: [GC114.962: [ParNew: 109824K->13696K(123520K), 0.0141260 secs] 269346K->176678K(397848K), 0.0141700 secs] [Times: user=0.12 sys=0.00, real=0.01 secs] 
114.976: Total time for which application threads were stopped: 0.0143250 seconds, Stopping threads took: 0.0000760 seconds
115.020: Application time: 0.0441580 seconds
115.020: [GC115.020: [ParNew: 123520K->13696K(123520K), 0.0225660 secs] 286502K->198489K(397848K), 0.0226120 secs] [Times: user=0.18 sys=0.00, real=0.03 secs] 
115.043: Total time for which application threads were stopped: 0.0227560 seconds, Stopping threads took: 0.0000760 seconds
115.086: Application time: 0.0432920 seconds
115.086: [GC115.086: [ParNew: 123520K->13696K(123520K), 0.0248770 secs] 308313K->224983K(397848K), 0.0249210 secs] [Times: user=0.19 sys=0.00, real=0.02 secs] 
115.111: Total time for which application threads were stopped: 0.0250930 seconds, Stopping threads took: 0.0001020 seconds
115.168: Application time: 0.0571190 seconds
115.169: [GC115.169: [ParNew: 123520K->13696K(123520K), 0.0233760 secs] 334807K->241316K(397848K), 0.0234240 secs] [Times: user=0.18 sys=0.00, real=0.02 secs] 
115.192: Total time for which application threads were stopped: 0.0236130 seconds, Stopping threads took: 0.0001190 seconds
115.250: Application time: 0.0582120 seconds
115.253: [GC115.253: [ParNew: 123520K->13423K(123520K), 0.0198780 secs] 351140K->254108K(397848K), 0.0199310 secs] [Times: user=0.16 sys=0.00, real=0.02 secs] 
115.272: Total time for which application threads were stopped: 0.0222710 seconds, Stopping threads took: 0.0022730 seconds
115.324: Application time: 0.0511840 seconds
115.324: [GC115.325: [ParNew: 123247K->13696K(123520K), 0.0188490 secs] 363932K->266490K(397848K), 0.0188960 secs] [Times: user=0.15 sys=0.00, real=0.02 secs] 
115.343: Total time for which application threads were stopped: 0.0197320 seconds, Stopping threads took: 0.0007690 seconds
115.379: Application time: 0.0359480 seconds
115.379: [GC115.379: [ParNew: 123520K->13696K(123520K), 0.0242600 secs]115.404: [Tenured: 281575K->119194K(282008K), 0.1982530 secs] 376314K->119194K(405528K), [Perm : 9116K->9116K(21248K)], 0.2228430 secs] [Times: user=0.39 sys=0.00, real=0.23 secs] 
115.602: Total time for which application threads were stopped: 0.2229890 seconds, Stopping threads took: 0.0000790 seconds
115.641: Application time: 0.0391400 seconds
115.642: [GC115.642: [ParNew: 109699K->13696K(123520K), 0.0212890 secs] 228894K->152307K(397848K), 0.0213330 secs] [Times: user=0.17 sys=0.00, real=0.02 secs] 
115.663: Total time for which application threads were stopped: 0.0215260 seconds, Stopping threads took: 0.0001110 seconds
115.713: Application time: 0.0495140 seconds
115.713: [GC115.713: [ParNew: 123520K->13696K(123520K), 0.0269550 secs] 262131K->175163K(397848K), 0.0270000 secs] [Times: user=0.21 sys=0.00, real=0.02 secs] 
115.740: Total time for which application threads were stopped: 0.0272060 seconds, Stopping threads took: 0.0001420 seconds
115.790: Application time: 0.0497920 seconds
115.790: [GC115.790: [ParNew: 123520K->13696K(123520K), 0.0223410 secs] 284987K->192833K(397848K), 0.0223860 secs] [Times: user=0.17 sys=0.00, real=0.02 secs] 
115.812: Total time for which application threads were stopped: 0.0225920 seconds, Stopping threads took: 0.0001390 seconds
115.854: Application time: 0.0420340 seconds
115.854: [GC115.854: [ParNew: 123520K->13696K(123520K), 0.0239050 secs] 302657K->218769K(397848K), 0.0239490 secs] [Times: user=0.19 sys=0.00, real=0.02 secs] 
115.878: Total time for which application threads were stopped: 0.0241420 seconds, Stopping threads took: 0.0001250 seconds
115.927: Application time: 0.0483750 seconds
115.927: [GC115.927: [ParNew: 123520K->13694K(123520K), 0.0243010 secs] 328593K->240492K(397848K), 0.0243460 secs] [Times: user=0.19 sys=0.00, real=0.02 secs] 
115.951: Total time for which application threads were stopped: 0.0245390 seconds, Stopping threads took: 0.0001260 seconds
116.008: Application time: 0.0567270 seconds
116.008: [GC116.008: [ParNew: 123518K->13694K(123520K), 0.0200090 secs] 350316K->253722K(397848K), 0.0200520 secs] [Times: user=0.16 sys=0.00, real=0.02 secs] 
116.028: Total time for which application threads were stopped: 0.0202400 seconds, Stopping threads took: 0.0001230 seconds
116.085: Application time: 0.0567520 seconds
116.085: [GC116.085: [ParNew: 123426K->13696K(123520K), 0.0191050 secs] 363455K->263680K(397848K), 0.0191480 secs] [Times: user=0.14 sys=0.00, real=0.02 secs] 
116.104: Total time for which application threads were stopped: 0.0193150 seconds, Stopping threads took: 0.0001020 seconds
116.143: Application time: 0.0386680 seconds
116.143: [GC116.143: [ParNew: 123520K->13696K(123520K), 0.0232500 secs]116.166: [Tenured: 274684K->123942K(275864K), 0.1874870 secs] 373504K->123942K(399384K), [Perm : 9117K->9117K(21248K)], 0.2108330 secs] [Times: user=0.37 sys=0.00, real=0.21 secs] 
116.354: Total time for which application threads were stopped: 0.2110320 seconds, Stopping threads took: 0.0001170 seconds
116.392: Application time: 0.0375740 seconds
116.392: [GC116.392: [ParNew: 109824K->13696K(123520K), 0.0191940 secs] 233766K->155491K(397848K), 0.0192390 secs] [Times: user=0.15 sys=0.00, real=0.02 secs] 
116.411: Total time for which application threads were stopped: 0.0194180 seconds, Stopping threads took: 0.0001120 seconds
116.456: Application time: 0.0447680 seconds
116.456: [GC116.456: [ParNew: 123520K->13696K(123520K), 0.0280210 secs] 265315K->183460K(397848K), 0.0280750 secs] [Times: user=0.22 sys=0.00, real=0.03 secs] 
116.484: Total time for which application threads were stopped: 0.0282200 seconds, Stopping threads took: 0.0000780 seconds
116.540: Application time: 0.0564710 seconds
116.541: [GC116.541: [ParNew: 123520K->13696K(123520K), 0.0237850 secs] 293284K->198335K(397848K), 0.0238370 secs] [Times: user=0.19 sys=0.00, real=0.02 secs] 
116.564: Total time for which application threads were stopped: 0.0240040 seconds, Stopping threads took: 0.0001020 seconds
116.610: Application time: 0.0455860 seconds
116.610: [GC116.610: [ParNew: 123520K->13696K(123520K), 0.0224850 secs] 308159K->219185K(397848K), 0.0225300 secs] [Times: user=0.18 sys=0.00, real=0.03 secs] 
116.633: Total time for which application threads were stopped: 0.0227380 seconds, Stopping threads took: 0.0001390 seconds
116.678: Application time: 0.0452600 seconds
116.678: [GC116.678: [ParNew: 123520K->13696K(123520K), 0.0246670 secs] 329009K->244563K(397848K), 0.0247140 secs] [Times: user=0.20 sys=0.00, real=0.03 secs] 
116.703: Total time for which application threads were stopped: 0.0248950 seconds, Stopping threads took: 0.0000970 seconds
116.756: Application time: 0.0530910 seconds
116.756: [GC116.756: [ParNew: 123520K->13696K(123520K), 0.0230490 secs] 354387K->261262K(397848K), 0.0230940 secs] [Times: user=0.18 sys=0.00, real=0.02 secs] 
116.779: Total time for which application threads were stopped: 0.0232980 seconds, Stopping threads took: 0.0001190 seconds
116.836: Application time: 0.0571290 seconds
116.837: [GC116.837: [ParNew: 123520K->13696K(123520K), 0.0200030 secs] 371086K->273856K(397848K), 0.0200470 secs] [Times: user=0.16 sys=0.00, real=0.02 secs] 
116.857: Total time for which application threads were stopped: 0.0201730 seconds, Stopping threads took: 0.0000610 seconds
116.903: Application time: 0.0461740 seconds
116.903: [GC116.903: [ParNew: 123520K->13696K(123520K), 0.0215330 secs]116.925: [Tenured: 278268K->122123K(278744K), 0.1851060 secs] 383680K->122123K(402264K), [Perm : 9117K->9117K(21248K)], 0.2068610 secs] [Times: user=0.36 sys=0.00, real=0.20 secs] 
117.110: Total time for which application threads were stopped: 0.2070210 seconds, Stopping threads took: 0.0000930 seconds
117.147: Application time: 0.0369010 seconds
117.147: [GC117.147: [ParNew: 109824K->13696K(123520K), 0.0163180 secs] 231947K->151158K(397848K), 0.0163630 secs] [Times: user=0.13 sys=0.00, real=0.02 secs] 
117.163: Total time for which application threads were stopped: 0.0165440 seconds, Stopping threads took: 0.0001120 seconds
117.204: Application time: 0.0410840 seconds
117.205: [GC117.205: [ParNew: 123520K->13696K(123520K), 0.0284750 secs] 260982K->183930K(397848K), 0.0285220 secs] [Times: user=0.23 sys=0.00, real=0.03 secs] 
117.233: Total time for which application threads were stopped: 0.0288460 seconds, Stopping threads took: 0.0002220 seconds
117.285: Application time: 0.0514020 seconds
117.285: [GC117.285: [ParNew: 123520K->13696K(123520K), 0.0259350 secs] 293754K->203944K(397848K), 0.0259790 secs] [Times: user=0.21 sys=0.00, real=0.02 secs] 
117.311: Total time for which application threads were stopped: 0.0261550 seconds, Stopping threads took: 0.0001130 seconds
117.361: Application time: 0.0502010 seconds
117.361: [GC117.361: [ParNew: 123410K->13696K(123520K), 0.0212370 secs] 313658K->220232K(397848K), 0.0212840 secs] [Times: user=0.17 sys=0.00, real=0.02 secs] 
117.382: Total time for which application threads were stopped: 0.0214550 seconds, Stopping threads took: 0.0001050 seconds
117.427: Application time: 0.0448960 seconds
117.427: [GC117.427: [ParNew: 123520K->13696K(123520K), 0.0232650 secs] 330056K->242576K(397848K), 0.0233080 secs] [Times: user=0.17 sys=0.00, real=0.02 secs] 
117.451: Total time for which application threads were stopped: 0.0234660 seconds, Stopping threads took: 0.0000900 seconds
117.501: Application time: 0.0502720 seconds
117.501: [GC117.501: [ParNew: 123520K->13695K(123520K), 0.0241420 secs] 352400K->264078K(397848K), 0.0241980 secs] [Times: user=0.18 sys=0.00, real=0.02 secs] 
117.525: Total time for which application threads were stopped: 0.0243920 seconds, Stopping threads took: 0.0001290 seconds
117.578: Application time: 0.0526900 seconds
117.581: [GC117.581: [ParNew: 123519K->13695K(123520K), 0.0230000 secs] 373902K->278278K(397848K), 0.0230430 secs] [Times: user=0.18 sys=0.00, real=0.02 secs] 
117.604: Total time for which application threads were stopped: 0.0254230 seconds, Stopping threads took: 0.0023160 seconds
117.658: Application time: 0.0543660 seconds
117.658: [GC117.658: [ParNew: 123519K->13696K(123520K), 0.0195250 secs]117.678: [Tenured: 277290K->122988K(277400K), 0.1901740 secs] 388102K->122988K(400920K), [Perm : 9117K->9117K(21248K)], 0.2098890 secs] [Times: user=0.35 sys=0.00, real=0.21 secs] 
117.868: Total time for which application threads were stopped: 0.2101410 seconds, Stopping threads took: 0.0001860 seconds
117.906: Application time: 0.0374880 seconds
117.906: [GC117.906: [ParNew: 109824K->13696K(123520K), 0.0147890 secs] 232812K->150043K(397848K), 0.0148340 secs] [Times: user=0.11 sys=0.00, real=0.02 secs] 
117.921: Total time for which application threads were stopped: 0.0150560 seconds, Stopping threads took: 0.0001420 seconds
117.959: Application time: 0.0386740 seconds
117.959: [GC117.959: [ParNew: 123520K->13696K(123520K), 0.0260270 secs] 259867K->181886K(397848K), 0.0260720 secs] [Times: user=0.21 sys=0.00, real=0.03 secs] 
117.986: Total time for which application threads were stopped: 0.0262400 seconds, Stopping threads took: 0.0000990 seconds
118.031: Application time: 0.0455920 seconds
118.031: [GC118.031: [ParNew: 123520K->13696K(123520K), 0.0274870 secs] 291710K->208639K(397848K), 0.0275330 secs] [Times: user=0.22 sys=0.00, real=0.03 secs] 
118.059: Total time for which application threads were stopped: 0.0276840 seconds, Stopping threads took: 0.0000860 seconds
118.113: Application time: 0.0543760 seconds
118.113: [GC118.113: [ParNew: 123239K->13696K(123520K), 0.0222480 secs] 318182K->223947K(397848K), 0.0222890 secs] [Times: user=0.18 sys=0.00, real=0.02 secs] 
118.136: Total time for which application threads were stopped: 0.0225440 seconds, Stopping threads took: 0.0001690 seconds
118.179: Application time: 0.0428070 seconds
118.179: [GC118.179: [ParNew: 123520K->13696K(123520K), 0.0230740 secs] 333771K->246298K(397848K), 0.0231200 secs] [Times: user=0.18 sys=0.00, real=0.03 secs] 
118.202: Total time for which application threads were stopped: 0.0233570 seconds, Stopping threads took: 0.0001500 seconds
118.255: Application time: 0.0532520 seconds
118.255: [GC118.255: [ParNew: 123520K->13696K(123520K), 0.0224860 secs] 356122K->264194K(397848K), 0.0225280 secs] [Times: user=0.18 sys=0.00, real=0.02 secs] 
118.278: Total time for which application threads were stopped: 0.0226720 seconds, Stopping threads took: 0.0000780 seconds
118.326: Application time: 0.0484470 seconds
118.327: [GC118.327: [ParNew: 123520K->13696K(123520K), 0.0206040 secs] 374018K->279856K(397848K), 0.0206480 secs] [Times: user=0.16 sys=0.00, real=0.02 secs] 
118.347: Total time for which application threads were stopped: 0.0208920 seconds, Stopping threads took: 0.0001770 seconds
118.403: Application time: 0.0560370 seconds
118.403: [GC118.403: [ParNew: 123520K->13696K(123520K), 0.0208110 secs]118.424: [Tenured: 280848K->123524K(280856K), 0.2156240 secs] 389680K->123524K(404376K), [Perm : 9118K->9118K(21248K)], 0.2367680 secs] [Times: user=0.38 sys=0.00, real=0.23 secs] 
118.640: Total time for which application threads were stopped: 0.2369610 seconds, Stopping threads took: 0.0001220 seconds
118.684: Application time: 0.0434710 seconds
118.684: [GC118.684: [ParNew: 109824K->13696K(123520K), 0.0130000 secs] 233348K->145073K(397848K), 0.0130440 secs] [Times: user=0.10 sys=0.00, real=0.01 secs] 
118.697: Total time for which application threads were stopped: 0.0132710 seconds, Stopping threads took: 0.0001470 seconds
118.732: Application time: 0.0354750 seconds
118.733: [GC118.733: [ParNew: 123520K->13696K(123520K), 0.0222790 secs] 254897K->172694K(397848K), 0.0223320 secs] [Times: user=0.18 sys=0.00, real=0.02 secs] 
118.755: Total time for which application threads were stopped: 0.0224910 seconds, Stopping threads took: 0.0000920 seconds
118.797: Application time: 0.0418540 seconds
118.797: [GC118.797: [ParNew: 123495K->13696K(123520K), 0.0299520 secs] 282494K->208021K(397848K), 0.0299980 secs] [Times: user=0.24 sys=0.00, real=0.03 secs] 
118.827: Total time for which application threads were stopped: 0.0302900 seconds, Stopping threads took: 0.0002040 seconds
118.880: Application time: 0.0526430 seconds
118.881: [GC118.881: [ParNew: 123520K->13696K(123520K), 0.0262890 secs] 317845K->226459K(397848K), 0.0263330 secs] [Times: user=0.21 sys=0.00, real=0.02 secs] 
118.907: Total time for which application threads were stopped: 0.0272850 seconds, Stopping threads took: 0.0008870 seconds
118.956: Application time: 0.0489460 seconds
118.956: [GC118.956: [ParNew: 123520K->13694K(123520K), 0.0223140 secs] 336283K->244910K(397848K), 0.0223590 secs] [Times: user=0.17 sys=0.00, real=0.02 secs] 
118.978: Total time for which application threads were stopped: 0.0225250 seconds, Stopping threads took: 0.0000990 seconds
119.026: Application time: 0.0474840 seconds
119.026: [GC119.026: [ParNew: 123518K->13694K(123520K), 0.0233540 secs] 354734K->267103K(397848K), 0.0233970 secs] [Times: user=0.18 sys=0.00, real=0.02 secs] 
119.050: Total time for which application threads were stopped: 0.0235310 seconds, Stopping threads took: 0.0000670 seconds
119.104: Application time: 0.0549450 seconds
119.105: [GC119.105: [ParNew: 123518K->13694K(123520K), 0.0206680 secs] 376927K->280873K(397848K), 0.0207130 secs] [Times: user=0.17 sys=0.00, real=0.02 secs] 
119.125: Total time for which application threads were stopped: 0.0208980 seconds, Stopping threads took: 0.0001190 seconds
119.176: Application time: 0.0506180 seconds
119.176: [GC119.176: [ParNew: 123518K->13696K(123520K), 0.0211160 secs]119.197: [Tenured: 283246K->139332K(283544K), 0.2295520 secs] 390697K->139332K(407064K), [Perm : 9118K->9118K(21248K)], 0.2510490 secs] [Times: user=0.39 sys=0.01, real=0.25 secs] 
119.427: Total time for which application threads were stopped: 0.2512480 seconds, Stopping threads took: 0.0001330 seconds
119.478: Application time: 0.0504090 seconds
119.478: [GC119.478: [ParNew: 109767K->13696K(123520K), 0.0144270 secs] 249099K->159310K(397848K), 0.0144720 secs] [Times: user=0.11 sys=0.00, real=0.01 secs] 
119.492: Total time for which application threads were stopped: 0.0146300 seconds, Stopping threads took: 0.0000810 seconds
119.532: Application time: 0.0400030 seconds
119.532: [GC119.532: [ParNew: 123520K->13696K(123520K), 0.0227870 secs] 269134K->183930K(397848K), 0.0228310 secs] [Times: user=0.18 sys=0.00, real=0.03 secs] 
119.555: Total time for which application threads were stopped: 0.0229770 seconds, Stopping threads took: 0.0000780 seconds
119.594: Application time: 0.0391280 seconds
119.595: [GC119.595: [ParNew: 123520K->13696K(123520K), 0.0277570 secs] 293754K->217721K(397848K), 0.0278010 secs] [Times: user=0.22 sys=0.00, real=0.03 secs] 
119.622: Total time for which application threads were stopped: 0.0280010 seconds, Stopping threads took: 0.0001310 seconds
119.668: Application time: 0.0461040 seconds
119.669: [GC119.669: [ParNew: 123520K->13696K(123520K), 0.0280000 secs] 327545K->243959K(397848K), 0.0280460 secs] [Times: user=0.22 sys=0.00, real=0.03 secs] 
119.697: Total time for which application threads were stopped: 0.0282230 seconds, Stopping threads took: 0.0001120 seconds
119.752: Application time: 0.0552650 seconds
119.752: [GC119.752: [ParNew: 123520K->13695K(123520K), 0.0213920 secs] 353783K->257755K(397848K), 0.0214360 secs] [Times: user=0.17 sys=0.00, real=0.03 secs] 
119.774: Total time for which application threads were stopped: 0.0216160 seconds, Stopping threads took: 0.0001140 seconds
119.816: Application time: 0.0428740 seconds
119.817: [GC119.817: [ParNew: 123519K->13696K(123520K), 0.0219850 secs] 367579K->278765K(397848K), 0.0220390 secs] [Times: user=0.18 sys=0.00, real=0.02 secs] 
119.839: Total time for which application threads were stopped: 0.0221810 seconds, Stopping threads took: 0.0000760 seconds
119.894: Application time: 0.0549910 seconds
119.894: [GC119.894: [ParNew: 123520K->13696K(123520K), 0.0248460 secs]119.919: [Tenured: 284580K->149476K(284696K), 0.2436990 secs] 388589K->149476K(408216K), [Perm : 9118K->9118K(21248K)], 0.2689720 secs] [Times: user=0.44 sys=0.01, real=0.27 secs] 
120.163: Total time for which application threads were stopped: 0.2691410 seconds, Stopping threads took: 0.0001010 seconds
120.216: Application time: 0.0527050 seconds
120.216: [GC120.216: [ParNew: 109824K->13696K(123520K), 0.0105050 secs] 259300K->163756K(397848K), 0.0105570 secs] [Times: user=0.08 sys=0.00, real=0.01 secs] 
120.226: Total time for which application threads were stopped: 0.0107260 seconds, Stopping threads took: 0.0000910 seconds
120.276: Application time: 0.0501520 seconds
120.277: [GC120.277: [ParNew: 123520K->13696K(123520K), 0.0209970 secs] 273580K->182341K(397848K), 0.0210390 secs] [Times: user=0.16 sys=0.00, real=0.02 secs] 
120.298: Total time for which application threads were stopped: 0.0212040 seconds, Stopping threads took: 0.0000990 seconds
120.339: Application time: 0.0414510 seconds
120.339: [GC120.339: [ParNew: 123520K->13696K(123520K), 0.0228240 secs] 292165K->205566K(397848K), 0.0228660 secs] [Times: user=0.18 sys=0.00, real=0.03 secs] 
120.362: Total time for which application threads were stopped: 0.0230190 seconds, Stopping threads took: 0.0000850 seconds
120.403: Application time: 0.0413020 seconds
120.403: [GC120.404: [ParNew: 123520K->13696K(123520K), 0.0262370 secs] 315390K->235514K(397848K), 0.0262800 secs] [Times: user=0.21 sys=0.00, real=0.02 secs] 
120.430: Total time for which application threads were stopped: 0.0264190 seconds, Stopping threads took: 0.0000710 seconds
120.472: Application time: 0.0420480 seconds
120.472: [GC120.472: [ParNew: 123520K->13696K(123520K), 0.0266410 secs] 345338K->263355K(397848K), 0.0266870 secs] [Times: user=0.21 sys=0.00, real=0.03 secs] 
120.499: Total time for which application threads were stopped: 0.0268500 seconds, Stopping threads took: 0.0000940 seconds
120.552: Application time: 0.0530680 seconds
120.553: [GC120.553: [ParNew: 123520K->13696K(123520K), 0.0244490 secs] 373179K->282299K(397848K), 0.0244930 secs] [Times: user=0.19 sys=0.00, real=0.02 secs] 
120.577: Total time for which application threads were stopped: 0.0252630 seconds, Stopping threads took: 0.0007030 seconds
120.622: Application time: 0.0445270 seconds
120.622: [GC120.622: [ParNew: 123520K->13696K(123520K), 0.0237530 secs]120.646: [Tenured: 290856K->149893K(291032K), 0.2324300 secs] 392123K->149893K(414552K), [Perm : 9119K->9119K(21248K)], 0.2568640 secs] [Times: user=0.42 sys=0.00, real=0.25 secs] 
120.879: Total time for which application threads were stopped: 0.2570400 seconds, Stopping threads took: 0.0001040 seconds
120.928: Application time: 0.0495520 seconds
120.928: [GC120.928: [ParNew: 109824K->13696K(123520K), 0.0168470 secs] 259717K->171733K(397848K), 0.0168890 secs] [Times: user=0.13 sys=0.00, real=0.02 secs] 
120.945: Total time for which application threads were stopped: 0.0170770 seconds, Stopping threads took: 0.0001120 seconds
121.004: Application time: 0.0584990 seconds
121.005: [GC121.005: [ParNew: 123520K->13693K(123520K), 0.0196500 secs] 281557K->184814K(397848K), 0.0196940 secs] [Times: user=0.15 sys=0.00, real=0.02 secs] 
121.024: Total time for which application threads were stopped: 0.0204860 seconds, Stopping threads took: 0.0007260 seconds
121.076: Application time: 0.0513760 seconds
121.076: [GC121.076: [ParNew: 123517K->13696K(123520K), 0.0184600 secs] 294638K->196571K(397848K), 0.0185060 secs] [Times: user=0.14 sys=0.00, real=0.02 secs] 
121.094: Total time for which application threads were stopped: 0.0186990 seconds, Stopping threads took: 0.0001250 seconds
121.138: Application time: 0.0438020 seconds
121.141: [GC121.141: [ParNew: 123470K->13696K(123520K), 0.0229310 secs] 306346K->219565K(397848K), 0.0229860 secs] [Times: user=0.18 sys=0.00, real=0.02 secs] 
121.164: Total time for which application threads were stopped: 0.0254420 seconds, Stopping threads took: 0.0023780 seconds
121.206: Application time: 0.0423660 seconds
121.206: [GC121.206: [ParNew: 123520K->13696K(123520K), 0.0266630 secs] 329389K->248966K(397848K), 0.0267060 secs] [Times: user=0.22 sys=0.00, real=0.03 secs] 
121.233: Total time for which application threads were stopped: 0.0268840 seconds, Stopping threads took: 0.0001100 seconds
121.271: Application time: 0.0380000 seconds
121.271: [GC121.271: [ParNew: 123520K->13696K(123520K), 0.0245230 secs] 358790K->276252K(397848K), 0.0245680 secs] [Times: user=0.19 sys=0.00, real=0.03 secs] 
121.296: Total time for which application threads were stopped: 0.0247130 seconds, Stopping threads took: 0.0000770 seconds
121.344: Application time: 0.0482820 seconds
121.344: [GC121.344: [ParNew: 123520K->13696K(123520K), 0.0285520 secs]121.373: [Tenured: 290498K->148829K(290840K), 0.2550000 secs] 386076K->148829K(414360K), [Perm : 9119K->9119K(21248K)], 0.2841560 secs] [Times: user=0.47 sys=0.01, real=0.28 secs] 
121.628: Total time for which application threads were stopped: 0.2842800 seconds, Stopping threads took: 0.0000540 seconds
121.678: Application time: 0.0502650 seconds
121.679: [GC121.679: [ParNew: 109726K->13696K(123520K), 0.0125170 secs] 258555K->166250K(397848K), 0.0125620 secs] [Times: user=0.09 sys=0.00, real=0.01 secs] 
121.691: Total time for which application threads were stopped: 0.0127770 seconds, Stopping threads took: 0.0001350 seconds
121.737: Application time: 0.0457630 seconds
121.737: [GC121.737: [ParNew: 123520K->13696K(123520K), 0.0229770 secs] 276074K->188432K(397848K), 0.0230220 secs] [Times: user=0.18 sys=0.00, real=0.02 secs] 
121.760: Total time for which application threads were stopped: 0.0231950 seconds, Stopping threads took: 0.0001040 seconds
121.816: Application time: 0.0554290 seconds
121.816: [GC121.816: [ParNew: 123520K->13696K(123520K), 0.0217830 secs] 298256K->202996K(397848K), 0.0218270 secs] [Times: user=0.17 sys=0.00, real=0.02 secs] 
121.838: Total time for which application threads were stopped: 0.0220050 seconds, Stopping threads took: 0.0001110 seconds
121.896: Application time: 0.0579760 seconds
121.896: [GC121.896: [ParNew: 123520K->13420K(123520K), 0.0189450 secs] 312820K->215779K(397848K), 0.0189840 secs] [Times: user=0.15 sys=0.00, real=0.02 secs] 
121.915: Total time for which application threads were stopped: 0.0191510 seconds, Stopping threads took: 0.0001030 seconds
121.957: Application time: 0.0427000 seconds
121.958: [GC121.958: [ParNew: 123244K->13696K(123520K), 0.0208330 secs] 325603K->234885K(397848K), 0.0208780 secs] [Times: user=0.16 sys=0.00, real=0.02 secs] 
121.978: Total time for which application threads were stopped: 0.0210410 seconds, Stopping threads took: 0.0000960 seconds
122.023: Application time: 0.0450200 seconds
122.024: [GC122.024: [ParNew: 123520K->13696K(123520K), 0.0249520 secs] 344709K->260462K(397848K), 0.0249960 secs] [Times: user=0.20 sys=0.00, real=0.02 secs] 
122.049: Total time for which application threads were stopped: 0.0251630 seconds, Stopping threads took: 0.0001010 seconds
122.087: Application time: 0.0387270 seconds
122.087: [GC122.087: [ParNew: 123520K->13696K(123520K), 0.0246820 secs] 370286K->287282K(397848K), 0.0247260 secs] [Times: user=0.18 sys=0.00, real=0.02 secs] 
122.112: Total time for which application threads were stopped: 0.0248850 seconds, Stopping threads took: 0.0000930 seconds
122.152: Application time: 0.0399690 seconds
122.152: [GC122.152: [ParNew: 123520K->13696K(123520K), 0.0265730 secs]122.179: [Tenured: 304190K->148723K(304472K), 0.2445480 secs] 397106K->148723K(427992K), [Perm : 9119K->9119K(21248K)], 0.2721110 secs] [Times: user=0.45 sys=0.01, real=0.28 secs] 
122.425: Total time for which application threads were stopped: 0.2722960 seconds, Stopping threads took: 0.0001180 seconds
122.476: Application time: 0.0515930 seconds
122.476: [GC122.476: [ParNew: 109824K->13696K(123520K), 0.0174740 secs] 258547K->171155K(397848K), 0.0175260 secs] [Times: user=0.14 sys=0.00, real=0.02 secs] 
122.494: Total time for which application threads were stopped: 0.0177040 seconds, Stopping threads took: 0.0000970 seconds
122.542: Application time: 0.0477710 seconds
122.542: [GC122.542: [ParNew: 123518K->13696K(123520K), 0.0223200 secs] 280977K->189967K(397848K), 0.0223630 secs] [Times: user=0.18 sys=0.00, real=0.02 secs] 
122.564: Total time for which application threads were stopped: 0.0225520 seconds, Stopping threads took: 0.0001220 seconds
122.617: Application time: 0.0526770 seconds
122.617: [GC122.617: [ParNew: 123520K->13696K(123520K), 0.0225320 secs] 299791K->208561K(397848K), 0.0225750 secs] [Times: user=0.18 sys=0.00, real=0.02 secs] 
122.640: Total time for which application threads were stopped: 0.0227810 seconds, Stopping threads took: 0.0001370 seconds
122.698: Application time: 0.0583650 seconds
122.698: [GC122.698: [ParNew: 123520K->13696K(123520K), 0.0202220 secs] 318385K->221376K(397848K), 0.0202660 secs] [Times: user=0.16 sys=0.00, real=0.02 secs] 
122.718: Total time for which application threads were stopped: 0.0204360 seconds, Stopping threads took: 0.0001070 seconds
122.766: Application time: 0.0472160 seconds
122.766: [GC122.766: [ParNew: 123520K->13696K(123520K), 0.0207890 secs] 331200K->238836K(397848K), 0.0208340 secs] [Times: user=0.17 sys=0.00, real=0.02 secs] 
122.787: Total time for which application threads were stopped: 0.0209680 seconds, Stopping threads took: 0.0000660 seconds
122.834: Application time: 0.0476670 seconds
122.834: [GC122.834: [ParNew: 123520K->13696K(123520K), 0.0256180 secs] 348660K->262595K(397848K), 0.0256620 secs] [Times: user=0.18 sys=0.00, real=0.02 secs] 
122.860: Total time for which application threads were stopped: 0.0258940 seconds, Stopping threads took: 0.0001630 seconds
122.907: Application time: 0.0465420 seconds
122.907: [GC122.907: [ParNew: 123520K->13696K(123520K), 0.0229520 secs] 372419K->283822K(397848K), 0.0229960 secs] [Times: user=0.18 sys=0.00, real=0.02 secs] 
122.930: Total time for which application threads were stopped: 0.0231500 seconds, Stopping threads took: 0.0000850 seconds
122.965: Application time: 0.0353450 seconds
122.965: [GC122.965: [ParNew: 123520K->13696K(123520K), 0.0245310 secs]122.990: [Tenured: 299419K->136497K(299480K), 0.2235580 secs] 393646K->136497K(423000K), [Perm : 9119K->9119K(21248K)], 0.2489580 secs] [Times: user=0.41 sys=0.01, real=0.25 secs] 
123.214: Total time for which application threads were stopped: 0.2491600 seconds, Stopping threads took: 0.0001350 seconds
123.263: Application time: 0.0481670 seconds
123.263: [GC123.263: [ParNew: 109824K->13696K(123520K), 0.0243950 secs] 246321K->168071K(397848K), 0.0244400 secs] [Times: user=0.19 sys=0.00, real=0.02 secs] 
123.287: Total time for which application threads were stopped: 0.0246150 seconds, Stopping threads took: 0.0000950 seconds
123.337: Application time: 0.0498040 seconds
123.337: [GC123.337: [ParNew: 123520K->13696K(123520K), 0.0228140 secs] 277895K->184365K(397848K), 0.0228610 secs] [Times: user=0.18 sys=0.00, real=0.02 secs] 
123.360: Total time for which application threads were stopped: 0.0230220 seconds, Stopping threads took: 0.0000930 seconds
123.411: Application time: 0.0506640 seconds
123.411: [GC123.411: [ParNew: 123520K->13696K(123520K), 0.0223870 secs] 294189K->204111K(397848K), 0.0224320 secs] [Times: user=0.17 sys=0.00, real=0.03 secs] 
123.433: Total time for which application threads were stopped: 0.0226970 seconds, Stopping threads took: 0.0001780 seconds
123.486: Application time: 0.0527790 seconds
123.486: [GC123.486: [ParNew: 123520K->13696K(123520K), 0.0225010 secs] 313935K->220199K(397848K), 0.0225450 secs] [Times: user=0.17 sys=0.00, real=0.02 secs] 
123.509: Total time for which application threads were stopped: 0.0227350 seconds, Stopping threads took: 0.0001250 seconds
123.564: Application time: 0.0548670 seconds
123.564: [GC123.564: [ParNew: 123520K->13696K(123520K), 0.0191520 secs] 330023K->234040K(397848K), 0.0192070 secs] [Times: user=0.16 sys=0.00, real=0.02 secs] 
123.583: Total time for which application threads were stopped: 0.0193860 seconds, Stopping threads took: 0.0001120 seconds
123.626: Application time: 0.0429150 seconds
123.626: [GC123.626: [ParNew: 123520K->13696K(123520K), 0.0218560 secs] 343864K->255368K(397848K), 0.0219010 secs] [Times: user=0.17 sys=0.00, real=0.02 secs] 
123.648: Total time for which application threads were stopped: 0.0220920 seconds, Stopping threads took: 0.0001240 seconds
123.700: Application time: 0.0522380 seconds
123.701: [GC123.701: [ParNew: 123520K->13696K(123520K), 0.0235680 secs] 365192K->274745K(397848K), 0.0236120 secs] [Times: user=0.18 sys=0.00, real=0.02 secs] 
123.724: Total time for which application threads were stopped: 0.0238060 seconds, Stopping threads took: 0.0001070 seconds
123.761: Application time: 0.0370420 seconds
123.761: [GC123.761: [ParNew: 123511K->13696K(123520K), 0.0250170 secs]123.786: [Tenured: 288619K->126733K(288728K), 0.1993430 secs] 384561K->126733K(412248K), [Perm : 9119K->9119K(21248K)], 0.2249560 secs] [Times: user=0.39 sys=0.01, real=0.22 secs] 
123.986: Total time for which application threads were stopped: 0.2251970 seconds, Stopping threads took: 0.0001480 seconds
124.025: Application time: 0.0380890 seconds
124.028: [GC124.029: [ParNew: 109824K->13696K(123520K), 0.0187210 secs] 236557K->156830K(397848K), 0.0187630 secs] [Times: user=0.15 sys=0.00, real=0.02 secs] 
124.047: Total time for which application threads were stopped: 0.0227790 seconds, Stopping threads took: 0.0039360 seconds
124.099: Application time: 0.0512650 seconds
124.099: [GC124.099: [ParNew: 123520K->13696K(123520K), 0.0279240 secs] 266654K->181703K(397848K), 0.0279680 secs] [Times: user=0.22 sys=0.00, real=0.03 secs] 
124.127: Total time for which application threads were stopped: 0.0281310 seconds, Stopping threads took: 0.0000970 seconds
124.172: Application time: 0.0451870 seconds
124.172: [GC124.172: [ParNew: 123474K->13694K(123520K), 0.0225480 secs] 291481K->201433K(397848K), 0.0225920 secs] [Times: user=0.18 sys=0.00, real=0.03 secs] 
124.195: Total time for which application threads were stopped: 0.0227390 seconds, Stopping threads took: 0.0000800 seconds
124.249: Application time: 0.0540590 seconds
124.249: [GC124.249: [ParNew: 123518K->13696K(123520K), 0.0227850 secs] 311257K->219781K(397848K), 0.0228300 secs] [Times: user=0.18 sys=0.00, real=0.02 secs] 
124.272: Total time for which application threads were stopped: 0.0230020 seconds, Stopping threads took: 0.0001050 seconds
124.329: Application time: 0.0572500 seconds
124.329: [GC124.329: [ParNew: 123520K->13493K(123520K), 0.0200410 secs] 329605K->232581K(397848K), 0.0200860 secs] [Times: user=0.16 sys=0.00, real=0.02 secs] 
124.349: Total time for which application threads were stopped: 0.0202200 seconds, Stopping threads took: 0.0000660 seconds
124.396: Application time: 0.0465400 seconds
124.396: [GC124.396: [ParNew: 123317K->13696K(123520K), 0.0203770 secs] 342405K->249991K(397848K), 0.0204220 secs] [Times: user=0.16 sys=0.00, real=0.02 secs] 
124.416: Total time for which application threads were stopped: 0.0205670 seconds, Stopping threads took: 0.0000780 seconds
124.465: Application time: 0.0489450 seconds
124.465: [GC124.465: [ParNew: 123520K->13696K(123520K), 0.0250810 secs] 359815K->273247K(397848K), 0.0251270 secs] [Times: user=0.19 sys=0.00, real=0.02 secs] 
124.491: Total time for which application threads were stopped: 0.0253960 seconds, Stopping threads took: 0.0002010 seconds
124.535: Application time: 0.0448300 seconds
124.536: [GC124.536: [ParNew: 123520K->13696K(123520K), 0.0232140 secs]124.559: [Tenured: 281648K->111561K(281816K), 0.1869250 secs] 383071K->111561K(405336K), [Perm : 9119K->9119K(21248K)], 0.2104790 secs] [Times: user=0.37 sys=0.00, real=0.21 secs] 
124.746: Total time for which application threads were stopped: 0.2106700 seconds, Stopping threads took: 0.0001130 seconds
124.781: Application time: 0.0351220 seconds
124.781: [GC124.781: [ParNew: 109824K->13696K(123520K), 0.0171500 secs] 221385K->142629K(397848K), 0.0172060 secs] [Times: user=0.13 sys=0.00, real=0.01 secs] 
124.799: Total time for which application threads were stopped: 0.0173870 seconds, Stopping threads took: 0.0001130 seconds
124.848: Application time: 0.0492880 seconds
124.848: [GC124.848: [ParNew: 123520K->13696K(123520K), 0.0289960 secs] 252453K->171615K(397848K), 0.0290420 secs] [Times: user=0.23 sys=0.00, real=0.03 secs] 
124.877: Total time for which application threads were stopped: 0.0291930 seconds, Stopping threads took: 0.0000870 seconds
124.928: Application time: 0.0506580 seconds
124.928: [GC124.928: [ParNew: 123520K->13696K(123520K), 0.0207890 secs] 281439K->185658K(397848K), 0.0208340 secs] [Times: user=0.17 sys=0.00, real=0.02 secs] 
124.949: Total time for which application threads were stopped: 0.0210070 seconds, Stopping threads took: 0.0001070 seconds
124.996: Application time: 0.0471770 seconds
124.996: [GC124.996: [ParNew: 123520K->13696K(123520K), 0.0228500 secs] 295482K->206868K(397848K), 0.0228950 secs] [Times: user=0.18 sys=0.00, real=0.02 secs] 
125.019: Total time for which application threads were stopped: 0.0230890 seconds, Stopping threads took: 0.0001260 seconds
125.073: Application time: 0.0539800 seconds
125.073: [GC125.073: [ParNew: 123520K->13696K(123520K), 0.0210640 secs] 316692K->222436K(397848K), 0.0211080 secs] [Times: user=0.17 sys=0.00, real=0.02 secs] 
125.094: Total time for which application threads were stopped: 0.0212590 seconds, Stopping threads took: 0.0000720 seconds
125.150: Application time: 0.0555770 seconds
125.150: [GC125.150: [ParNew: 123520K->13696K(123520K), 0.0193310 secs] 332260K->235436K(397848K), 0.0193750 secs] [Times: user=0.16 sys=0.00, real=0.02 secs] 
125.169: Total time for which application threads were stopped: 0.0195770 seconds, Stopping threads took: 0.0001340 seconds
125.213: Application time: 0.0438450 seconds
125.213: [GC125.213: [ParNew: 123520K->13696K(123520K), 0.0225250 secs] 345260K->257721K(397848K), 0.0225770 secs] [Times: user=0.18 sys=0.00, real=0.02 secs] 
125.236: Total time for which application threads were stopped: 0.0227590 seconds, Stopping threads took: 0.0001150 seconds
125.286: Application time: 0.0496720 seconds
125.286: [GC125.286: [ParNew: 123512K->13696K(123520K), 0.0231190 secs] 367538K->279124K(397848K), 0.0231640 secs] [Times: user=0.18 sys=0.00, real=0.02 secs] 
125.309: Total time for which application threads were stopped: 0.0233300 seconds, Stopping threads took: 0.0000990 seconds
125.344: Application time: 0.0349380 seconds
125.344: [GC125.344: [ParNew: 123520K->13696K(123520K), 0.0260430 secs]125.370: [Tenured: 294886K->133637K(295064K), 0.2161190 secs] 388948K->133637K(418584K), [Perm : 9120K->9120K(21248K)], 0.2428940 secs] [Times: user=0.42 sys=0.01, real=0.24 secs] 
125.587: Total time for which application threads were stopped: 0.2430360 seconds, Stopping threads took: 0.0000700 seconds
125.628: Application time: 0.0409340 seconds
125.628: [GC125.628: [ParNew: 109824K->13696K(123520K), 0.0215650 secs] 243461K->165183K(397848K), 0.0216090 secs] [Times: user=0.17 sys=0.00, real=0.02 secs] 
125.650: Total time for which application threads were stopped: 0.0218010 seconds, Stopping threads took: 0.0001100 seconds
125.707: Application time: 0.0569160 seconds
125.707: [GC125.707: [ParNew: 123520K->13696K(123520K), 0.0246250 secs] 275007K->180723K(397848K), 0.0246700 secs] [Times: user=0.19 sys=0.00, real=0.02 secs] 
125.732: Total time for which application threads were stopped: 0.0248730 seconds, Stopping threads took: 0.0001370 seconds
125.779: Application time: 0.0475470 seconds
125.779: [GC125.779: [ParNew: 123478K->13696K(123520K), 0.0218560 secs] 290506K->199152K(397848K), 0.0219030 secs] [Times: user=0.18 sys=0.00, real=0.03 secs] 
125.801: Total time for which application threads were stopped: 0.0221010 seconds, Stopping threads took: 0.0001290 seconds
125.852: Application time: 0.0507180 seconds
125.852: [GC125.852: [ParNew: 123520K->13695K(123520K), 0.0229590 secs] 308976K->220518K(397848K), 0.0230130 secs] [Times: user=0.18 sys=0.00, real=0.03 secs] 
125.875: Total time for which application threads were stopped: 0.0231940 seconds, Stopping threads took: 0.0001090 seconds
125.933: Application time: 0.0575430 seconds
125.933: [GC125.933: [ParNew: 123519K->13695K(123520K), 0.0211270 secs] 330342K->234262K(397848K), 0.0211710 secs] [Times: user=0.16 sys=0.00, real=0.02 secs] 
125.954: Total time for which application threads were stopped: 0.0213860 seconds, Stopping threads took: 0.0001500 seconds
125.999: Application time: 0.0451550 seconds
125.999: [GC125.999: [ParNew: 123519K->13696K(123520K), 0.0213620 secs] 344086K->252791K(397848K), 0.0214070 secs] [Times: user=0.17 sys=0.00, real=0.03 secs] 
126.021: Total time for which application threads were stopped: 0.0215540 seconds, Stopping threads took: 0.0000800 seconds
126.071: Application time: 0.0497060 seconds
126.071: [GC126.071: [ParNew: 123520K->13696K(123520K), 0.0238390 secs] 362615K->275063K(397848K), 0.0238830 secs] [Times: user=0.18 sys=0.00, real=0.03 secs] 
126.095: Total time for which application threads were stopped: 0.0240480 seconds, Stopping threads took: 0.0000980 seconds
126.135: Application time: 0.0405590 seconds
126.135: [GC126.135: [ParNew: 123425K->13696K(123520K), 0.0258570 secs]126.161: [Tenured: 287415K->128355K(287576K), 0.1910960 secs] 384792K->128355K(411096K), [Perm : 9120K->9120K(21248K)], 0.2174710 secs] [Times: user=0.38 sys=0.01, real=0.22 secs] 
126.353: Total time for which application threads were stopped: 0.2176640 seconds, Stopping threads took: 0.0001100 seconds
126.391: Application time: 0.0378090 seconds
126.391: [GC126.391: [ParNew: 109824K->13696K(123520K), 0.0184580 secs] 238179K->159252K(397848K), 0.0185040 secs] [Times: user=0.15 sys=0.00, real=0.02 secs] 
126.409: Total time for which application threads were stopped: 0.0186650 seconds, Stopping threads took: 0.0000940 seconds
126.460: Application time: 0.0508360 seconds
126.460: [GC126.460: [ParNew: 123520K->13696K(123520K), 0.0275860 secs] 269076K->184247K(397848K), 0.0276300 secs] [Times: user=0.22 sys=0.00, real=0.03 secs] 
126.488: Total time for which application threads were stopped: 0.0277870 seconds, Stopping threads took: 0.0000920 seconds
126.543: Application time: 0.0554000 seconds
126.543: [GC126.543: [ParNew: 123520K->13694K(123520K), 0.0207280 secs] 294071K->197878K(397848K), 0.0207740 secs] [Times: user=0.17 sys=0.00, real=0.02 secs] 
126.564: Total time for which application threads were stopped: 0.0209480 seconds, Stopping threads took: 0.0001060 seconds
126.613: Application time: 0.0492170 seconds
126.614: [GC126.614: [ParNew: 123518K->13696K(123520K), 0.0201880 secs] 307702K->214089K(397848K), 0.0202350 secs] [Times: user=0.15 sys=0.00, real=0.02 secs] 
126.634: Total time for which application threads were stopped: 0.0204600 seconds, Stopping threads took: 0.0001570 seconds
126.685: Application time: 0.0505900 seconds
126.685: [GC126.685: [ParNew: 123520K->13696K(123520K), 0.0223970 secs] 323913K->233658K(397848K), 0.0224380 secs] [Times: user=0.18 sys=0.00, real=0.02 secs] 
126.707: Total time for which application threads were stopped: 0.0227010 seconds, Stopping threads took: 0.0001690 seconds
126.754: Application time: 0.0469630 seconds
126.754: [GC126.754: [ParNew: 123520K->13696K(123520K), 0.0234830 secs] 343482K->254396K(397848K), 0.0235270 secs] [Times: user=0.18 sys=0.00, real=0.02 secs] 
126.778: Total time for which application threads were stopped: 0.0237850 seconds, Stopping threads took: 0.0001800 seconds
126.825: Application time: 0.0465600 seconds
126.825: [GC126.825: [ParNew: 123520K->13696K(123520K), 0.0229040 secs] 364220K->275492K(397848K), 0.0229490 secs] [Times: user=0.18 sys=0.00, real=0.02 secs] 
126.848: Total time for which application threads were stopped: 0.0232080 seconds, Stopping threads took: 0.0001710 seconds
126.893: Application time: 0.0450730 seconds
126.893: [GC126.893: [ParNew: 123455K->13696K(123520K), 0.0262810 secs]126.919: [Tenured: 288338K->142519K(288344K), 0.2224190 secs] 385251K->142519K(411864K), [Perm : 9121K->9121K(21248K)], 0.2492480 secs] [Times: user=0.41 sys=0.02, real=0.25 secs] 
127.142: Total time for which application threads were stopped: 0.2494280 seconds, Stopping threads took: 0.0000930 seconds
127.186: Application time: 0.0433150 seconds
127.186: [GC127.186: [ParNew: 109824K->13694K(123520K), 0.0166580 secs] 252343K->167986K(397848K), 0.0167020 secs] [Times: user=0.13 sys=0.00, real=0.02 secs] 
127.202: Total time for which application threads were stopped: 0.0168630 seconds, Stopping threads took: 0.0000830 seconds
127.246: Application time: 0.0432440 seconds
127.246: [GC127.246: [ParNew: 123518K->13696K(123520K), 0.0244490 secs] 277810K->192447K(397848K), 0.0244960 secs] [Times: user=0.19 sys=0.00, real=0.02 secs] 
127.270: Total time for which application threads were stopped: 0.0246890 seconds, Stopping threads took: 0.0001250 seconds
127.324: Application time: 0.0533150 seconds
127.324: [GC127.324: [ParNew: 123520K->13695K(123520K), 0.0233580 secs] 302271K->210668K(397848K), 0.0234010 secs] [Times: user=0.18 sys=0.00, real=0.02 secs] 
127.347: Total time for which application threads were stopped: 0.0235800 seconds, Stopping threads took: 0.0001140 seconds
127.400: Application time: 0.0531010 seconds
127.401: [GC127.401: [ParNew: 123519K->13696K(123520K), 0.0208360 secs] 320492K->225270K(397848K), 0.0208760 secs] [Times: user=0.16 sys=0.00, real=0.02 secs] 
127.421: Total time for which application threads were stopped: 0.0210680 seconds, Stopping threads took: 0.0001240 seconds
127.465: Application time: 0.0438610 seconds
127.465: [GC127.465: [ParNew: 123505K->13696K(123520K), 0.0227220 secs] 335079K->246660K(397848K), 0.0227680 secs] [Times: user=0.18 sys=0.00, real=0.02 secs] 
127.488: Total time for which application threads were stopped: 0.0229480 seconds, Stopping threads took: 0.0001120 seconds
127.541: Application time: 0.0530710 seconds
127.542: [GC127.542: [ParNew: 123520K->13696K(123520K), 0.0231680 secs] 356484K->264949K(397848K), 0.0232110 secs] [Times: user=0.18 sys=0.00, real=0.02 secs] 
127.565: Total time for which application threads were stopped: 0.0235550 seconds, Stopping threads took: 0.0002600 seconds
127.608: Application time: 0.0433100 seconds
127.608: [GC127.608: [ParNew: 123520K->13696K(123520K), 0.0228940 secs] 374773K->286717K(397848K), 0.0229390 secs] [Times: user=0.18 sys=0.00, real=0.02 secs] 
127.631: Total time for which application threads were stopped: 0.0230930 seconds, Stopping threads took: 0.0000860 seconds
127.677: Application time: 0.0453240 seconds
127.677: [GC127.677: [ParNew: 123520K->13696K(123520K), 0.0261290 secs]127.703: [Tenured: 300780K->130559K(301016K), 0.2206210 secs] 396541K->130559K(424536K), [Perm : 9121K->9121K(21248K)], 0.2476550 secs] [Times: user=0.41 sys=0.03, real=0.25 secs] 
127.925: Total time for which application threads were stopped: 0.2478880 seconds, Stopping threads took: 0.0001460 seconds
127.968: Application time: 0.0437440 seconds
127.968: [GC127.968: [ParNew: 109824K->13696K(123520K), 0.0159680 secs] 240383K->154134K(397848K), 0.0160110 secs] [Times: user=0.12 sys=0.00, real=0.02 secs] 
127.984: Total time for which application threads were stopped: 0.0161640 seconds, Stopping threads took: 0.0000620 seconds
128.032: Application time: 0.0473170 seconds
128.033: [GC128.033: [ParNew: 123520K->13696K(123520K), 0.0246380 secs] 263958K->177475K(397848K), 0.0246840 secs] [Times: user=0.19 sys=0.00, real=0.02 secs] 
128.057: Total time for which application threads were stopped: 0.0255010 seconds, Stopping threads took: 0.0007490 seconds
128.102: Application time: 0.0449810 seconds
128.102: [GC128.102: [ParNew: 123520K->13696K(123520K), 0.0231210 secs] 287299K->199050K(397848K), 0.0231660 secs] [Times: user=0.18 sys=0.00, real=0.02 secs] 
128.126: Total time for which application threads were stopped: 0.0234060 seconds, Stopping threads took: 0.0001740 seconds
128.180: Application time: 0.0539240 seconds
128.181: [GC128.181: [ParNew: 123520K->13696K(123520K), 0.0221400 secs] 308874K->214982K(397848K), 0.0221830 secs] [Times: user=0.17 sys=0.00, real=0.02 secs] 
128.203: Total time for which application threads were stopped: 0.0233210 seconds, Stopping threads took: 0.0010500 seconds
128.246: Application time: 0.0430880 seconds
128.249: [GC128.249: [ParNew: 123520K->13696K(123520K), 0.0219620 secs] 324806K->235565K(397848K), 0.0220080 secs] [Times: user=0.17 sys=0.00, real=0.02 secs] 
128.271: Total time for which application threads were stopped: 0.0246900 seconds, Stopping threads took: 0.0026040 seconds
128.324: Application time: 0.0534950 seconds
128.324: [GC128.324: [ParNew: 123520K->13696K(123520K), 0.0230120 secs] 345389K->255946K(397848K), 0.0230550 secs] [Times: user=0.18 sys=0.00, real=0.02 secs] 
128.347: Total time for which application threads were stopped: 0.0232100 seconds, Stopping threads took: 0.0000900 seconds
128.395: Application time: 0.0473370 seconds
128.395: [GC128.395: [ParNew: 123520K->13696K(123520K), 0.0211820 secs] 365770K->272779K(397848K), 0.0212260 secs] [Times: user=0.17 sys=0.00, real=0.02 secs] 
128.416: Total time for which application threads were stopped: 0.0214050 seconds, Stopping threads took: 0.0001120 seconds
128.461: Application time: 0.0450360 seconds
128.465: [GC128.465: [ParNew: 123520K->13696K(123520K), 0.0231600 secs]128.488: [Tenured: 282358K->128133K(282392K), 0.2131300 secs] 382603K->128133K(405912K), [Perm : 9121K->9121K(21248K)], 0.2366390 secs] [Times: user=0.40 sys=0.00, real=0.24 secs] 
128.701: Total time for which application threads were stopped: 0.2400080 seconds, Stopping threads took: 0.0033020 seconds
128.744: Application time: 0.0429390 seconds
128.744: [GC128.744: [ParNew: 109824K->13696K(123520K), 0.0173810 secs] 237957K->155094K(397848K), 0.0174270 secs] [Times: user=0.13 sys=0.01, real=0.02 secs] 
128.762: Total time for which application threads were stopped: 0.0176140 seconds, Stopping threads took: 0.0001090 seconds
128.810: Application time: 0.0485650 seconds
128.810: [GC128.811: [ParNew: 123498K->13696K(123520K), 0.0242380 secs] 264896K->176800K(397848K), 0.0242840 secs] [Times: user=0.19 sys=0.00, real=0.03 secs] 
128.835: Total time for which application threads were stopped: 0.0244950 seconds, Stopping threads took: 0.0001450 seconds
128.878: Application time: 0.0432780 seconds
128.878: [GC128.878: [ParNew: 123520K->13696K(123520K), 0.0248340 secs] 286624K->202022K(397848K), 0.0248800 secs] [Times: user=0.19 sys=0.00, real=0.03 secs] 
128.903: Total time for which application threads were stopped: 0.0250910 seconds, Stopping threads took: 0.0001420 seconds
128.956: Application time: 0.0532690 seconds
128.957: [GC128.957: [ParNew: 123520K->13695K(123520K), 0.0240620 secs] 311846K->221777K(397848K), 0.0241040 secs] [Times: user=0.19 sys=0.00, real=0.03 secs] 
128.981: Total time for which application threads were stopped: 0.0242370 seconds, Stopping threads took: 0.0000670 seconds
129.029: Application time: 0.0480860 seconds
129.029: [GC129.029: [ParNew: 123519K->13694K(123520K), 0.0231140 secs] 331601K->241314K(397848K), 0.0231600 secs] [Times: user=0.18 sys=0.00, real=0.02 secs] 
129.052: Total time for which application threads were stopped: 0.0233310 seconds, Stopping threads took: 0.0001010 seconds
129.102: Application time: 0.0496990 seconds
129.102: [GC129.102: [ParNew: 123518K->13694K(123520K), 0.0238920 secs] 351138K->263119K(397848K), 0.0239370 secs] [Times: user=0.18 sys=0.00, real=0.02 secs] 
129.126: Total time for which application threads were stopped: 0.0241160 seconds, Stopping threads took: 0.0001100 seconds
129.183: Application time: 0.0575540 seconds
129.184: [GC129.184: [ParNew: 123518K->13694K(123520K), 0.0209770 secs] 372943K->276907K(397848K), 0.0210210 secs] [Times: user=0.15 sys=0.02, real=0.02 secs] 
129.205: Total time for which application threads were stopped: 0.0211770 seconds, Stopping threads took: 0.0000910 seconds
129.248: Application time: 0.0431570 seconds
129.248: [GC129.248: [ParNew: 123518K->13696K(123520K), 0.0228000 secs]129.271: [Tenured: 284940K->137095K(285080K), 0.2239000 secs] 386731K->137095K(408600K), [Perm : 9121K->9121K(21248K)], 0.2471370 secs] [Times: user=0.40 sys=0.00, real=0.25 secs] 
129.495: Total time for which application threads were stopped: 0.2473300 seconds, Stopping threads took: 0.0001130 seconds
129.544: Application time: 0.0484930 seconds
129.544: [GC129.544: [ParNew: 109824K->13696K(123520K), 0.0193480 secs] 246919K->163714K(397848K), 0.0193910 secs] [Times: user=0.16 sys=0.00, real=0.02 secs] 
129.563: Total time for which application threads were stopped: 0.0195530 seconds, Stopping threads took: 0.0000940 seconds
129.611: Application time: 0.0482030 seconds
129.612: [GC129.612: [ParNew: 123520K->13696K(123520K), 0.0249330 secs] 273538K->184664K(397848K), 0.0249770 secs] [Times: user=0.20 sys=0.00, real=0.03 secs] 
129.637: Total time for which application threads were stopped: 0.0251070 seconds, Stopping threads took: 0.0000620 seconds
129.682: Application time: 0.0455780 seconds
129.682: [GC129.682: [ParNew: 123520K->13696K(123520K), 0.0246280 secs] 294488K->209245K(397848K), 0.0246730 secs] [Times: user=0.19 sys=0.00, real=0.02 secs] 
129.707: Total time for which application threads were stopped: 0.0248330 seconds, Stopping threads took: 0.0000920 seconds
129.753: Application time: 0.0464200 seconds
129.754: [GC129.754: [ParNew: 123520K->13696K(123520K), 0.0244100 secs] 319069K->232594K(397848K), 0.0244550 secs] [Times: user=0.20 sys=0.00, real=0.02 secs] 
129.778: Total time for which application threads were stopped: 0.0247260 seconds, Stopping threads took: 0.0001780 seconds
129.830: Application time: 0.0522010 seconds
129.830: [GC129.830: [ParNew: 123520K->13696K(123520K), 0.0224720 secs] 342418K->249888K(397848K), 0.0225150 secs] [Times: user=0.18 sys=0.00, real=0.03 secs] 
129.853: Total time for which application threads were stopped: 0.0226900 seconds, Stopping threads took: 0.0001080 seconds
129.896: Application time: 0.0427240 seconds
129.896: [GC129.896: [ParNew: 123520K->13696K(123520K), 0.0215600 secs] 359712K->270645K(397848K), 0.0216010 secs] [Times: user=0.17 sys=0.00, real=0.02 secs] 
129.917: Total time for which application threads were stopped: 0.0217520 seconds, Stopping threads took: 0.0000830 seconds
129.972: Application time: 0.0548330 seconds
129.972: [GC129.972: [ParNew: 123520K->13696K(123520K), 0.0230800 secs]129.996: [Tenured: 275314K->147007K(275864K), 0.2315450 secs] 380469K->147007K(399384K), [Perm : 9121K->9121K(21248K)], 0.2547710 secs] [Times: user=0.41 sys=0.00, real=0.26 secs] 
130.229: Total time for which application threads were stopped: 0.2563550 seconds, Stopping threads took: 0.0000810 seconds
130.276: Application time: 0.0475520 seconds
130.276: [GC130.276: [ParNew: 109824K->13696K(123520K), 0.0115420 secs] 256831K->164752K(397848K), 0.0115860 secs] [Times: user=0.09 sys=0.01, real=0.01 secs] 
130.288: Total time for which application threads were stopped: 0.0117880 seconds, Stopping threads took: 0.0001200 seconds
130.331: Application time: 0.0430690 seconds
130.331: [GC130.331: [ParNew: 123520K->13696K(123520K), 0.0234080 secs] 274576K->190204K(397848K), 0.0234530 secs] [Times: user=0.19 sys=0.00, real=0.03 secs] 
130.355: Total time for which application threads were stopped: 0.0236480 seconds, Stopping threads took: 0.0001290 seconds
130.403: Application time: 0.0486400 seconds
130.403: [GC130.404: [ParNew: 123520K->13695K(123520K), 0.0244990 secs] 300028K->212437K(397848K), 0.0245420 secs] [Times: user=0.20 sys=0.00, real=0.02 secs] 
130.428: Total time for which application threads were stopped: 0.0247070 seconds, Stopping threads took: 0.0000970 seconds
130.473: Application time: 0.0447530 seconds
130.473: [GC130.473: [ParNew: 123519K->13696K(123520K), 0.0243710 secs] 322261K->235378K(397848K), 0.0244160 secs] [Times: user=0.20 sys=0.00, real=0.02 secs] 
130.497: Total time for which application threads were stopped: 0.0246180 seconds, Stopping threads took: 0.0001340 seconds
130.545: Application time: 0.0480180 seconds
130.546: [GC130.546: [ParNew: 123520K->13694K(123520K), 0.0244440 secs] 345202K->258994K(397848K), 0.0244980 secs] [Times: user=0.19 sys=0.00, real=0.02 secs] 
130.570: Total time for which application threads were stopped: 0.0246740 seconds, Stopping threads took: 0.0001090 seconds
130.621: Application time: 0.0506480 seconds
130.621: [GC130.621: [ParNew: 123518K->13694K(123520K), 0.0232180 secs] 368818K->277395K(397848K), 0.0232630 secs] [Times: user=0.17 sys=0.00, real=0.02 secs] 
130.644: Total time for which application threads were stopped: 0.0234220 seconds, Stopping threads took: 0.0000930 seconds
130.689: Application time: 0.0446270 seconds
130.689: [GC130.689: [ParNew: 123518K->13696K(123520K), 0.0232070 secs]130.712: [Tenured: 286328K->134419K(286616K), 0.2276150 secs] 387219K->134419K(410136K), [Perm : 9121K->9121K(21248K)], 0.2512970 secs] [Times: user=0.41 sys=0.00, real=0.25 secs] 
130.940: Total time for which application threads were stopped: 0.2514330 seconds, Stopping threads took: 0.0000690 seconds
130.989: Application time: 0.0488620 seconds
130.989: [GC130.989: [ParNew: 109824K->13696K(123520K), 0.0164420 secs] 244243K->156519K(397848K), 0.0164860 secs] [Times: user=0.13 sys=0.00, real=0.02 secs] 
131.006: Total time for which application threads were stopped: 0.0166600 seconds, Stopping threads took: 0.0000940 seconds
131.060: Application time: 0.0537220 seconds
131.060: [GC131.060: [ParNew: 123520K->13695K(123520K), 0.0208740 secs] 266343K->171270K(397848K), 0.0209180 secs] [Times: user=0.17 sys=0.00, real=0.03 secs] 
131.081: Total time for which application threads were stopped: 0.0210700 seconds, Stopping threads took: 0.0000840 seconds
131.124: Application time: 0.0437090 seconds
131.124: [GC131.124: [ParNew: 123519K->13696K(123520K), 0.0223030 secs] 281094K->192971K(397848K), 0.0223490 secs] [Times: user=0.17 sys=0.00, real=0.02 secs] 
131.147: Total time for which application threads were stopped: 0.0225220 seconds, Stopping threads took: 0.0000970 seconds
131.193: Application time: 0.0459260 seconds
131.193: [GC131.193: [ParNew: 123493K->13696K(123520K), 0.0239840 secs] 302769K->217913K(397848K), 0.0240280 secs] [Times: user=0.19 sys=0.00, real=0.02 secs] 
131.217: Total time for which application threads were stopped: 0.0241800 seconds, Stopping threads took: 0.0000850 seconds
131.265: Application time: 0.0484270 seconds
131.266: [GC131.266: [ParNew: 123520K->13696K(123520K), 0.0255870 secs] 327737K->241175K(397848K), 0.0256320 secs] [Times: user=0.20 sys=0.00, real=0.02 secs] 
131.291: Total time for which application threads were stopped: 0.0258110 seconds, Stopping threads took: 0.0001110 seconds
131.336: Application time: 0.0450330 seconds
131.336: [GC131.336: [ParNew: 123520K->13696K(123520K), 0.0240730 secs] 350999K->263219K(397848K), 0.0241190 secs] [Times: user=0.19 sys=0.00, real=0.03 secs] 
131.361: Total time for which application threads were stopped: 0.0243140 seconds, Stopping threads took: 0.0001280 seconds
131.413: Application time: 0.0527190 seconds
131.417: [GC131.417: [ParNew: 123520K->13696K(123520K), 0.0229720 secs] 373043K->282174K(397848K), 0.0230140 secs] [Times: user=0.18 sys=0.00, real=0.02 secs] 
131.440: Total time for which application threads were stopped: 0.0263560 seconds, Stopping threads took: 0.0032750 seconds
131.485: Application time: 0.0450160 seconds
131.485: [GC131.485: [ParNew: 123520K->13696K(123520K), 0.0233530 secs]131.508: [Tenured: 289497K->144883K(290264K), 0.2309800 secs] 391998K->144883K(413784K), [Perm : 9121K->9121K(21248K)], 0.2549010 secs] [Times: user=0.41 sys=0.00, real=0.25 secs] 
131.740: Total time for which application threads were stopped: 0.2550660 seconds, Stopping threads took: 0.0000750 seconds
131.789: Application time: 0.0491510 seconds
131.789: [GC131.789: [ParNew: 109824K->13696K(123520K), 0.0173070 secs] 254707K->169264K(397848K), 0.0173530 secs] [Times: user=0.14 sys=0.00, real=0.02 secs] 
131.806: Total time for which application threads were stopped: 0.0175950 seconds, Stopping threads took: 0.0001580 seconds
131.855: Application time: 0.0487820 seconds
131.855: [GC131.855: [ParNew: 123496K->13696K(123520K), 0.0225970 secs] 279064K->187374K(397848K), 0.0226660 secs] [Times: user=0.17 sys=0.00, real=0.02 secs] 
131.878: Total time for which application threads were stopped: 0.0228570 seconds, Stopping threads took: 0.0001260 seconds
131.928: Application time: 0.0503920 seconds
131.929: [GC131.929: [ParNew: 123520K->13696K(123520K), 0.0212610 secs] 297198K->204832K(397848K), 0.0213040 secs] [Times: user=0.17 sys=0.00, real=0.02 secs] 
131.950: Total time for which application threads were stopped: 0.0214800 seconds, Stopping threads took: 0.0001100 seconds
131.992: Application time: 0.0420400 seconds
131.997: [GC131.997: [ParNew: 123520K->13696K(123520K), 0.0238200 secs] 314656K->230390K(397848K), 0.0238630 secs] [Times: user=0.19 sys=0.00, real=0.02 secs] 
132.020: Total time for which application threads were stopped: 0.0284130 seconds, Stopping threads took: 0.0044720 seconds
132.071: Application time: 0.0507270 seconds
132.071: [GC132.071: [ParNew: 123520K->13696K(123520K), 0.0239980 secs] 340214K->250325K(397848K), 0.0240420 secs] [Times: user=0.19 sys=0.00, real=0.03 secs] 
132.095: Total time for which application threads were stopped: 0.0243150 seconds, Stopping threads took: 0.0002070 seconds
132.141: Application time: 0.0450800 seconds
132.141: [GC132.141: [ParNew: 123520K->13696K(123520K), 0.0227750 secs] 360149K->270687K(397848K), 0.0228220 secs] [Times: user=0.18 sys=0.00, real=0.02 secs] 
132.164: Total time for which application threads were stopped: 0.0230040 seconds, Stopping threads took: 0.0001140 seconds
132.209: Application time: 0.0456640 seconds
132.209: [GC132.209: [ParNew: 123520K->13694K(123520K), 0.0240300 secs]132.233: [Tenured: 281110K->146755K(281240K), 0.2268750 secs] 380511K->146755K(404760K), [Perm : 9121K->9121K(21248K)], 0.2512310 secs] [Times: user=0.42 sys=0.01, real=0.26 secs] 
132.461: Total time for which application threads were stopped: 0.2514480 seconds, Stopping threads took: 0.0001290 seconds
132.506: Application time: 0.0457890 seconds
132.507: [GC132.507: [ParNew: 109824K->13696K(123520K), 0.0168140 secs] 256579K->170828K(397848K), 0.0168590 secs] [Times: user=0.13 sys=0.00, real=0.02 secs] 
132.524: Total time for which application threads were stopped: 0.0170960 seconds, Stopping threads took: 0.0001570 seconds
132.575: Application time: 0.0514630 seconds
132.575: [GC132.575: [ParNew: 123520K->13695K(123520K), 0.0241570 secs] 280652K->190222K(397848K), 0.0242010 secs] [Times: user=0.19 sys=0.00, real=0.02 secs] 
132.599: Total time for which application threads were stopped: 0.0243740 seconds, Stopping threads took: 0.0001050 seconds
132.649: Application time: 0.0495210 seconds
132.649: [GC132.649: [ParNew: 123519K->13695K(123520K), 0.0218810 secs] 300046K->208904K(397848K), 0.0219260 secs] [Times: user=0.17 sys=0.00, real=0.02 secs] 
132.671: Total time for which application threads were stopped: 0.0222090 seconds, Stopping threads took: 0.0001960 seconds
132.718: Application time: 0.0471200 seconds
132.718: [GC132.718: [ParNew: 123519K->13694K(123520K), 0.0240310 secs] 318728K->230999K(397848K), 0.0240760 secs] [Times: user=0.17 sys=0.00, real=0.03 secs] 
132.743: Total time for which application threads were stopped: 0.0242490 seconds, Stopping threads took: 0.0001050 seconds
132.792: Application time: 0.0493640 seconds
132.792: [GC132.792: [ParNew: 123452K->13695K(123520K), 0.0230760 secs] 340757K->251584K(397848K), 0.0231200 secs] [Times: user=0.18 sys=0.00, real=0.03 secs] 
132.815: Total time for which application threads were stopped: 0.0232870 seconds, Stopping threads took: 0.0000980 seconds
132.859: Application time: 0.0441890 seconds
132.859: [GC132.860: [ParNew: 123519K->13694K(123520K), 0.0232660 secs] 361408K->273656K(397848K), 0.0233110 secs] [Times: user=0.18 sys=0.00, real=0.03 secs] 
132.883: Total time for which application threads were stopped: 0.0234570 seconds, Stopping threads took: 0.0000760 seconds
132.937: Application time: 0.0545350 seconds
132.941: [GC132.941: [ParNew: 123518K->13696K(123520K), 0.0225700 secs]132.963: [Tenured: 276732K->132603K(276824K), 0.2193310 secs] 383480K->132603K(400344K), [Perm : 9121K->9121K(21248K)], 0.2421050 secs] [Times: user=0.40 sys=0.00, real=0.24 secs] 
133.183: Total time for which application threads were stopped: 0.2454100 seconds, Stopping threads took: 0.0032140 seconds
133.225: Application time: 0.0417890 seconds
133.225: [GC133.225: [ParNew: 109810K->13696K(123520K), 0.0137680 secs] 242414K->156588K(397848K), 0.0138130 secs] [Times: user=0.11 sys=0.00, real=0.01 secs] 
133.239: Total time for which application threads were stopped: 0.0139990 seconds, Stopping threads took: 0.0001050 seconds
133.282: Application time: 0.0435790 seconds
133.282: [GC133.282: [ParNew: 123520K->13696K(123520K), 0.0259600 secs] 266412K->185444K(397848K), 0.0260050 secs] [Times: user=0.20 sys=0.00, real=0.02 secs] 
133.308: Total time for which application threads were stopped: 0.0261540 seconds, Stopping threads took: 0.0000830 seconds
133.355: Application time: 0.0464220 seconds
133.356: [GC133.356: [ParNew: 123520K->13696K(123520K), 0.0251720 secs] 295268K->207118K(397848K), 0.0252170 secs] [Times: user=0.20 sys=0.00, real=0.03 secs] 
133.382: Total time for which application threads were stopped: 0.0269430 seconds, Stopping threads took: 0.0016540 seconds
133.437: Application time: 0.0555110 seconds
133.437: [GC133.437: [ParNew: 123520K->13696K(123520K), 0.0216930 secs] 316942K->221693K(397848K), 0.0217370 secs] [Times: user=0.17 sys=0.00, real=0.02 secs] 
133.459: Total time for which application threads were stopped: 0.0218600 seconds, Stopping threads took: 0.0000560 seconds
133.502: Application time: 0.0432220 seconds
133.502: [GC133.502: [ParNew: 123520K->13696K(123520K), 0.0232900 secs] 331517K->243803K(397848K), 0.0233340 secs] [Times: user=0.17 sys=0.00, real=0.02 secs] 
133.526: Total time for which application threads were stopped: 0.0235090 seconds, Stopping threads took: 0.0001080 seconds
133.576: Application time: 0.0497190 seconds
133.576: [GC133.576: [ParNew: 123520K->13696K(123520K), 0.0245560 secs] 353627K->267059K(397848K), 0.0246000 secs] [Times: user=0.20 sys=0.00, real=0.02 secs] 
133.600: Total time for which application threads were stopped: 0.0247670 seconds, Stopping threads took: 0.0000990 seconds
133.648: Application time: 0.0477510 seconds
133.648: [GC133.648: [ParNew: 123520K->13696K(123520K), 0.0228410 secs] 376883K->286175K(397848K), 0.0228860 secs] [Times: user=0.18 sys=0.00, real=0.02 secs] 
133.671: Total time for which application threads were stopped: 0.0230540 seconds, Stopping threads took: 0.0000990 seconds
133.722: Application time: 0.0505130 seconds
133.722: [GC133.722: [ParNew: 123520K->13696K(123520K), 0.0219200 secs]133.744: [Tenured: 290257K->131732K(290648K), 0.2296320 secs] 395999K->131732K(414168K), [Perm : 9121K->9121K(21248K)], 0.2521470 secs] [Times: user=0.39 sys=0.00, real=0.25 secs] 
133.974: Total time for which application threads were stopped: 0.2523130 seconds, Stopping threads took: 0.0000990 seconds
134.020: Application time: 0.0458510 seconds
134.020: [GC134.020: [ParNew: 109824K->13696K(123520K), 0.0143110 secs] 241556K->153551K(397848K), 0.0143560 secs] [Times: user=0.11 sys=0.00, real=0.02 secs] 
134.034: Total time for which application threads were stopped: 0.0145160 seconds, Stopping threads took: 0.0000810 seconds
134.076: Application time: 0.0416730 seconds
134.076: [GC134.076: [ParNew: 123520K->13696K(123520K), 0.0235040 secs] 263375K->178648K(397848K), 0.0235490 secs] [Times: user=0.19 sys=0.00, real=0.02 secs] 
134.100: Total time for which application threads were stopped: 0.0237040 seconds, Stopping threads took: 0.0000890 seconds
134.142: Application time: 0.0419770 seconds
134.142: [GC134.142: [ParNew: 123520K->13696K(123520K), 0.0257310 secs] 288472K->206502K(397848K), 0.0257790 secs] [Times: user=0.21 sys=0.00, real=0.02 secs] 
134.168: Total time for which application threads were stopped: 0.0259360 seconds, Stopping threads took: 0.0000690 seconds
134.223: Application time: 0.0556430 seconds
134.223: [GC134.223: [ParNew: 123520K->13696K(123520K), 0.0256710 secs] 316326K->224009K(397848K), 0.0257130 secs] [Times: user=0.19 sys=0.00, real=0.02 secs] 
134.249: Total time for which application threads were stopped: 0.0258600 seconds, Stopping threads took: 0.0000810 seconds
134.298: Application time: 0.0493160 seconds
134.299: [GC134.299: [ParNew: 123520K->13695K(123520K), 0.0221400 secs] 333833K->242294K(397848K), 0.0221850 secs] [Times: user=0.17 sys=0.00, real=0.03 secs] 
134.321: Total time for which application threads were stopped: 0.0223510 seconds, Stopping threads took: 0.0000980 seconds
134.368: Application time: 0.0473150 seconds
134.373: [GC134.373: [ParNew: 123519K->13694K(123520K), 0.0223570 secs] 352118K->262192K(397848K), 0.0224010 secs] [Times: user=0.17 sys=0.00, real=0.02 secs] 
134.395: Total time for which application threads were stopped: 0.0268660 seconds, Stopping threads took: 0.0043980 seconds
134.444: Application time: 0.0495040 seconds
134.445: [GC134.445: [ParNew: 123518K->13695K(123520K), 0.0237570 secs] 372016K->282596K(397848K), 0.0238000 secs] [Times: user=0.19 sys=0.00, real=0.02 secs] 
134.468: Total time for which application threads were stopped: 0.0239760 seconds, Stopping threads took: 0.0000930 seconds
134.518: Application time: 0.0497740 seconds
134.518: [GC134.518: [ParNew: 123519K->13694K(123520K), 0.0251340 secs]134.544: [Tenured: 291877K->145403K(291992K), 0.2373520 secs] 392420K->145403K(415512K), [Perm : 9123K->9123K(21248K)], 0.2631300 secs] [Times: user=0.43 sys=0.00, real=0.27 secs] 
134.782: Total time for which application threads were stopped: 0.2633340 seconds, Stopping threads took: 0.0001370 seconds
134.832: Application time: 0.0503710 seconds
134.832: [GC134.832: [ParNew: 109824K->13694K(123520K), 0.0141180 secs] 255227K->163970K(397848K), 0.0141630 secs] [Times: user=0.11 sys=0.00, real=0.02 secs] 
134.846: Total time for which application threads were stopped: 0.0143420 seconds, Stopping threads took: 0.0000960 seconds
134.891: Application time: 0.0451920 seconds
134.892: [GC134.892: [ParNew: 123518K->13696K(123520K), 0.0228810 secs] 273794K->185510K(397848K), 0.0229230 secs] [Times: user=0.18 sys=0.00, real=0.03 secs] 
134.915: Total time for which application threads were stopped: 0.0231010 seconds, Stopping threads took: 0.0001110 seconds
134.956: Application time: 0.0417740 seconds
134.957: [GC134.957: [ParNew: 123520K->13696K(123520K), 0.0256500 secs] 295334K->213291K(397848K), 0.0256950 secs] [Times: user=0.20 sys=0.00, real=0.03 secs] 
134.982: Total time for which application threads were stopped: 0.0259200 seconds, Stopping threads took: 0.0001360 seconds
135.030: Application time: 0.0481570 seconds
135.031: [GC135.031: [ParNew: 123520K->13694K(123520K), 0.0260220 secs] 323115K->237158K(397848K), 0.0260640 secs] [Times: user=0.20 sys=0.00, real=0.03 secs] 
135.057: Total time for which application threads were stopped: 0.0261970 seconds, Stopping threads took: 0.0000670 seconds
135.112: Application time: 0.0549780 seconds
135.112: [GC135.112: [ParNew: 123518K->13694K(123520K), 0.0226360 secs] 346982K->253363K(397848K), 0.0226830 secs] [Times: user=0.18 sys=0.00, real=0.03 secs] 
135.134: Total time for which application threads were stopped: 0.0228300 seconds, Stopping threads took: 0.0000790 seconds
135.182: Application time: 0.0476520 seconds
135.182: [GC135.182: [ParNew: 123518K->13696K(123520K), 0.0235930 secs] 363187K->274727K(397848K), 0.0236370 secs] [Times: user=0.18 sys=0.00, real=0.02 secs] 
135.206: Total time for which application threads were stopped: 0.0238290 seconds, Stopping threads took: 0.0001230 seconds
135.256: Application time: 0.0504880 seconds
135.257: [GC135.257: [ParNew: 123413K->13696K(123520K), 0.0232410 secs]135.280: [Tenured: 281526K->142843K(281816K), 0.2277430 secs] 384445K->142843K(405336K), [Perm : 9123K->9123K(21248K)], 0.2513140 secs] [Times: user=0.41 sys=0.00, real=0.25 secs] 
135.508: Total time for which application threads were stopped: 0.2515320 seconds, Stopping threads took: 0.0001530 seconds
135.556: Application time: 0.0476640 seconds
135.556: [GC135.556: [ParNew: 109824K->13696K(123520K), 0.0139540 secs] 252667K->163068K(397848K), 0.0140070 secs] [Times: user=0.11 sys=0.00, real=0.01 secs] 
135.570: Total time for which application threads were stopped: 0.0142090 seconds, Stopping threads took: 0.0001220 seconds
135.620: Application time: 0.0501160 seconds
135.620: [GC135.620: [ParNew: 123520K->13696K(123520K), 0.0219840 secs] 272892K->182116K(397848K), 0.0220300 secs] [Times: user=0.18 sys=0.00, real=0.03 secs] 
135.642: Total time for which application threads were stopped: 0.0222440 seconds, Stopping threads took: 0.0001440 seconds
135.692: Application time: 0.0499950 seconds
135.692: [GC135.692: [ParNew: 123520K->13696K(123520K), 0.0223120 secs] 291940K->201255K(397848K), 0.0223580 secs] [Times: user=0.17 sys=0.00, real=0.03 secs] 
135.715: Total time for which application threads were stopped: 0.0224980 seconds, Stopping threads took: 0.0000740 seconds
135.756: Application time: 0.0417240 seconds
135.757: [GC135.757: [ParNew: 123520K->13696K(123520K), 0.0248190 secs] 311079K->227445K(397848K), 0.0248660 secs] [Times: user=0.20 sys=0.00, real=0.03 secs] 
135.781: Total time for which application threads were stopped: 0.0250450 seconds, Stopping threads took: 0.0001100 seconds
135.826: Application time: 0.0443300 seconds
135.826: [GC135.826: [ParNew: 123520K->13696K(123520K), 0.0258090 secs] 337269K->254539K(397848K), 0.0258520 secs] [Times: user=0.20 sys=0.00, real=0.02 secs] 
135.852: Total time for which application threads were stopped: 0.0260170 seconds, Stopping threads took: 0.0000970 seconds
135.901: Application time: 0.0495020 seconds
135.905: [GC135.905: [ParNew: 123520K->13696K(123520K), 0.0252660 secs] 364363K->274678K(397848K), 0.0253100 secs] [Times: user=0.20 sys=0.00, real=0.02 secs] 
135.930: Total time for which application threads were stopped: 0.0285290 seconds, Stopping threads took: 0.0031530 seconds
135.980: Application time: 0.0499490 seconds
135.980: [GC135.980: [ParNew: 123520K->13696K(123520K), 0.0221150 secs]136.002: [Tenured: 278519K->148075K(278552K), 0.2324130 secs] 384502K->148075K(402072K), [Perm : 9123K->9123K(21248K)], 0.2547600 secs] [Times: user=0.41 sys=0.01, real=0.26 secs] 
136.235: Total time for which application threads were stopped: 0.2549430 seconds, Stopping threads took: 0.0001160 seconds
136.282: Application time: 0.0472180 seconds
136.282: [GC136.282: [ParNew: 109824K->13696K(123520K), 0.0148270 secs] 257899K->170514K(397848K), 0.0148720 secs] [Times: user=0.12 sys=0.00, real=0.01 secs] 
136.297: Total time for which application threads were stopped: 0.0150180 seconds, Stopping threads took: 0.0000670 seconds
136.343: Application time: 0.0459070 seconds
136.345: [GC136.345: [ParNew: 123520K->13696K(123520K), 0.0229010 secs] 280338K->192292K(397848K), 0.0229470 secs] [Times: user=0.19 sys=0.00, real=0.02 secs] 
136.368: Total time for which application threads were stopped: 0.0246950 seconds, Stopping threads took: 0.0016610 seconds
136.416: Application time: 0.0487430 seconds
136.416: [GC136.416: [ParNew: 123520K->13696K(123520K), 0.0228430 secs] 302116K->212641K(397848K), 0.0228850 secs] [Times: user=0.18 sys=0.00, real=0.02 secs] 
136.439: Total time for which application threads were stopped: 0.0230560 seconds, Stopping threads took: 0.0001040 seconds
136.493: Application time: 0.0537220 seconds
136.493: [GC136.493: [ParNew: 123516K->13696K(123520K), 0.0223860 secs] 322461K->228896K(397848K), 0.0224330 secs] [Times: user=0.18 sys=0.00, real=0.02 secs] 
136.516: Total time for which application threads were stopped: 0.0226100 seconds, Stopping threads took: 0.0001120 seconds
136.560: Application time: 0.0446040 seconds
136.565: [GC136.565: [ParNew: 123520K->13696K(123520K), 0.0225160 secs] 338720K->250009K(397848K), 0.0225620 secs] [Times: user=0.18 sys=0.00, real=0.02 secs] 
136.587: Total time for which application threads were stopped: 0.0269520 seconds, Stopping threads took: 0.0043030 seconds
136.630: Application time: 0.0428800 seconds
136.630: [GC136.630: [ParNew: 123520K->13696K(123520K), 0.0238350 secs] 359833K->275408K(397848K), 0.0238880 secs] [Times: user=0.19 sys=0.00, real=0.03 secs] 
136.654: Total time for which application threads were stopped: 0.0240910 seconds, Stopping threads took: 0.0001150 seconds
136.701: Application time: 0.0469450 seconds
136.701: [GC136.701: [ParNew: 123520K->13696K(123520K), 0.0262520 secs]136.728: [Tenured: 287172K->132087K(287192K), 0.2224800 secs] 385232K->132087K(410712K), [Perm : 9124K->9124K(21248K)], 0.2492890 secs] [Times: user=0.42 sys=0.00, real=0.24 secs] 
136.951: Total time for which application threads were stopped: 0.2494810 seconds, Stopping threads took: 0.0001220 seconds
136.996: Application time: 0.0455590 seconds
136.996: [GC136.996: [ParNew: 109824K->13694K(123520K), 0.0152380 secs] 241911K->154748K(397848K), 0.0152810 secs] [Times: user=0.12 sys=0.00, real=0.01 secs] 
137.012: Total time for which application threads were stopped: 0.0154570 seconds, Stopping threads took: 0.0000900 seconds
137.063: Application time: 0.0514090 seconds
137.063: [GC137.063: [ParNew: 123518K->13696K(123520K), 0.0220460 secs] 264572K->172101K(397848K), 0.0220880 secs] [Times: user=0.17 sys=0.00, real=0.02 secs] 
137.085: Total time for which application threads were stopped: 0.0222390 seconds, Stopping threads took: 0.0000810 seconds
137.127: Application time: 0.0420890 seconds
137.128: [GC137.128: [ParNew: 123456K->13696K(123520K), 0.0220460 secs] 281861K->192971K(397848K), 0.0220920 secs] [Times: user=0.18 sys=0.00, real=0.02 secs] 
137.150: Total time for which application threads were stopped: 0.0222730 seconds, Stopping threads took: 0.0001150 seconds
137.199: Application time: 0.0494030 seconds
137.199: [GC137.199: [ParNew: 123520K->13696K(123520K), 0.0260710 secs] 302795K->218673K(397848K), 0.0261170 secs] [Times: user=0.21 sys=0.00, real=0.03 secs] 
137.225: Total time for which application threads were stopped: 0.0263060 seconds, Stopping threads took: 0.0001210 seconds
137.280: Application time: 0.0541190 seconds
137.280: [GC137.280: [ParNew: 123520K->13696K(123520K), 0.0249730 secs] 328497K->234618K(397848K), 0.0250160 secs] [Times: user=0.19 sys=0.00, real=0.03 secs] 
137.305: Total time for which application threads were stopped: 0.0251610 seconds, Stopping threads took: 0.0000790 seconds
137.355: Application time: 0.0506810 seconds
137.356: [GC137.356: [ParNew: 123520K->13696K(123520K), 0.0204590 secs] 344442K->250405K(397848K), 0.0205030 secs] [Times: user=0.16 sys=0.00, real=0.02 secs] 
137.376: Total time for which application threads were stopped: 0.0206650 seconds, Stopping threads took: 0.0000940 seconds
137.415: Application time: 0.0385220 seconds
137.415: [GC137.415: [ParNew: 123520K->13696K(123520K), 0.0225080 secs] 360229K->275588K(397848K), 0.0225540 secs] [Times: user=0.18 sys=0.00, real=0.02 secs] 
137.437: Total time for which application threads were stopped: 0.0226980 seconds, Stopping threads took: 0.0000780 seconds
137.489: Application time: 0.0515730 seconds
137.489: [GC137.489: [ParNew: 123520K->13696K(123520K), 0.0289060 secs]137.518: [Tenured: 287906K->141875K(288344K), 0.2285270 secs] 385412K->141875K(411864K), [Perm : 9124K->9124K(21248K)], 0.2579590 secs] [Times: user=0.44 sys=0.01, real=0.26 secs] 
137.747: Total time for which application threads were stopped: 0.2581360 seconds, Stopping threads took: 0.0001100 seconds
137.791: Application time: 0.0438930 seconds
137.791: [GC137.791: [ParNew: 109824K->13696K(123520K), 0.0124410 secs] 251699K->162166K(397848K), 0.0124870 secs] [Times: user=0.10 sys=0.00, real=0.02 secs] 
137.804: Total time for which application threads were stopped: 0.0126380 seconds, Stopping threads took: 0.0000720 seconds
137.855: Application time: 0.0517440 seconds
137.855: [GC137.855: [ParNew: 123520K->13696K(123520K), 0.0244120 secs] 271990K->183818K(397848K), 0.0244550 secs] [Times: user=0.19 sys=0.00, real=0.02 secs] 
137.880: Total time for which application threads were stopped: 0.0246310 seconds, Stopping threads took: 0.0001090 seconds
137.923: Application time: 0.0431310 seconds
137.923: [GC137.923: [ParNew: 123520K->13696K(123520K), 0.0244380 secs] 293642K->208212K(397848K), 0.0244930 secs] [Times: user=0.19 sys=0.00, real=0.02 secs] 
137.948: Total time for which application threads were stopped: 0.0246560 seconds, Stopping threads took: 0.0000970 seconds
137.996: Application time: 0.0483720 seconds
137.996: [GC137.996: [ParNew: 123520K->13695K(123520K), 0.0238770 secs] 318036K->231130K(397848K), 0.0239220 secs] [Times: user=0.19 sys=0.00, real=0.02 secs] 
138.020: Total time for which application threads were stopped: 0.0241160 seconds, Stopping threads took: 0.0001270 seconds
138.069: Application time: 0.0489880 seconds
138.069: [GC138.069: [ParNew: 123519K->13694K(123520K), 0.0213910 secs] 340954K->247339K(397848K), 0.0214380 secs] [Times: user=0.17 sys=0.00, real=0.02 secs] 
138.091: Total time for which application threads were stopped: 0.0215810 seconds, Stopping threads took: 0.0000760 seconds
138.149: Application time: 0.0585790 seconds
138.150: [GC138.150: [ParNew: 123518K->13694K(123520K), 0.0204490 secs] 357163K->260446K(397848K), 0.0204930 secs] [Times: user=0.17 sys=0.00, real=0.02 secs] 
138.170: Total time for which application threads were stopped: 0.0206580 seconds, Stopping threads took: 0.0001020 seconds
138.211: Application time: 0.0411460 seconds
138.211: [GC138.211: [ParNew: 123381K->13696K(123520K), 0.0226570 secs] 370133K->282505K(397848K), 0.0227020 secs] [Times: user=0.18 sys=0.00, real=0.03 secs] 
138.234: Total time for which application threads were stopped: 0.0228650 seconds, Stopping threads took: 0.0000940 seconds
138.276: Application time: 0.0420100 seconds
138.276: [GC138.276: [ParNew: 123520K->13696K(123520K), 0.0245710 secs]138.301: [Tenured: 295761K->149731K(295832K), 0.2331040 secs] 392329K->149731K(419352K), [Perm : 9124K->9124K(21248K)], 0.2584350 secs] [Times: user=0.42 sys=0.01, real=0.26 secs] 
138.535: Total time for which application threads were stopped: 0.2585890 seconds, Stopping threads took: 0.0000880 seconds
138.597: Application time: 0.0618710 seconds
138.597: [GC138.597: [ParNew: 109824K->13696K(123520K), 0.0149540 secs] 259555K->166571K(397848K), 0.0149980 secs] [Times: user=0.12 sys=0.00, real=0.01 secs] 
138.612: Total time for which application threads were stopped: 0.0151610 seconds, Stopping threads took: 0.0000870 seconds
138.683: Application time: 0.0713850 seconds
138.683: [GC138.683: [ParNew: 123520K->13679K(123520K), 0.0188200 secs] 276395K->179943K(397848K), 0.0188640 secs] [Times: user=0.15 sys=0.00, real=0.02 secs] 
138.702: Total time for which application threads were stopped: 0.0190490 seconds, Stopping threads took: 0.0001000 seconds
138.796: Application time: 0.0942750 seconds
138.796: [GC138.796: [ParNew: 123503K->12975K(123520K), 0.0155670 secs] 289767K->187093K(397848K), 0.0156080 secs] [Times: user=0.13 sys=0.00, real=0.01 secs] 
138.812: Total time for which application threads were stopped: 0.0156870 seconds, Stopping threads took: 0.0000120 seconds
138.846: Application time: 0.0335720 seconds
138.846: Total time for which application threads were stopped: 0.0000890 seconds, Stopping threads took: 0.0000550 seconds
138.873: Application time: 0.0274420 seconds
138.873: [GC138.873: [ParNew: 122737K->13696K(123520K), 0.0238750 secs] 296856K->218489K(397848K), 0.0239210 secs] [Times: user=0.19 sys=0.00, real=0.02 secs] 
138.897: Total time for which application threads were stopped: 0.0240990 seconds, Stopping threads took: 0.0001100 seconds
138.925: Application time: 0.0273720 seconds
138.925: [GC138.925: [ParNew: 123520K->13696K(123520K), 0.0236700 secs] 328313K->256377K(397848K), 0.0237170 secs] [Times: user=0.19 sys=0.01, real=0.02 secs] 
138.949: Total time for which application threads were stopped: 0.0239000 seconds, Stopping threads took: 0.0001150 seconds
138.977: Application time: 0.0286290 seconds
138.981: [GC138.981: [ParNew: 123520K->13696K(123520K), 0.0268230 secs]139.008: [Tenured: 277744K->159335K(277784K), 0.2324790 secs] 366201K->159335K(401304K), [Perm : 9148K->9148K(21248K)], 0.2595140 secs] [Times: user=0.45 sys=0.00, real=0.25 secs] 
139.240: Total time for which application threads were stopped: 0.2630340 seconds, Stopping threads took: 0.0034460 seconds
139.293: Application time: 0.0528620 seconds
139.293: [GC139.293: [ParNew: 109824K->13696K(123520K), 0.0302800 secs] 269159K->196250K(397848K), 0.0303240 secs] [Times: user=0.24 sys=0.00, real=0.03 secs] 
139.324: Total time for which application threads were stopped: 0.0305120 seconds, Stopping threads took: 0.0001080 seconds
139.382: Application time: 0.0581290 seconds
139.382: [GC139.382: [ParNew: 123520K->13673K(123520K), 0.0208480 secs] 306074K->209732K(397848K), 0.0208920 secs] [Times: user=0.16 sys=0.00, real=0.02 secs] 
139.403: Total time for which application threads were stopped: 0.0210750 seconds, Stopping threads took: 0.0001190 seconds
139.462: Application time: 0.0592870 seconds
139.462: [GC139.462: [ParNew: 123497K->12775K(123520K), 0.0157560 secs] 319556K->216324K(397848K), 0.0158000 secs] [Times: user=0.13 sys=0.00, real=0.01 secs] 
139.478: Total time for which application threads were stopped: 0.0159470 seconds, Stopping threads took: 0.0000820 seconds
139.536: Application time: 0.0582500 seconds
139.536: [GC139.536: [ParNew: 122599K->10032K(123520K), 0.0173350 secs] 326148K->220897K(397848K), 0.0173800 secs] [Times: user=0.13 sys=0.00, real=0.02 secs] 
139.554: Total time for which application threads were stopped: 0.0175500 seconds, Stopping threads took: 0.0001050 seconds
139.612: Application time: 0.0580330 seconds
139.612: [GC139.612: [ParNew: 119856K->13696K(123520K), 0.0178590 secs] 330721K->231745K(397848K), 0.0179030 secs] [Times: user=0.14 sys=0.00, real=0.02 secs] 
139.630: Total time for which application threads were stopped: 0.0181250 seconds, Stopping threads took: 0.0001560 seconds
139.653: Application time: 0.0228960 seconds
139.653: Total time for which application threads were stopped: 0.0000930 seconds, Stopping threads took: 0.0000650 seconds
139.655: Application time: 0.0018830 seconds
139.655: Total time for which application threads were stopped: 0.0000930 seconds, Stopping threads took: 0.0000680 seconds
139.673: Application time: 0.0182890 seconds
139.673: [GC139.673: [ParNew: 123520K->13696K(123520K), 0.0205340 secs] 341569K->250431K(397848K), 0.0205780 secs] [Times: user=0.16 sys=0.00, real=0.02 secs] 
139.694: Total time for which application threads were stopped: 0.0207470 seconds, Stopping threads took: 0.0001000 seconds
139.722: Application time: 0.0278070 seconds
139.722: [GC139.722: [ParNew: 123520K->13696K(123520K), 0.0256400 secs] 360255K->287278K(397848K), 0.0256850 secs] [Times: user=0.20 sys=0.00, real=0.02 secs] 
139.748: Total time for which application threads were stopped: 0.0258270 seconds, Stopping threads took: 0.0000700 seconds
139.774: Application time: 0.0260500 seconds
139.774: [GC139.774: [ParNew: 123520K->13696K(123520K), 0.0227830 secs]139.797: [Tenured: 306513K->128205K(306584K), 0.2017720 secs] 397102K->128205K(430104K), [Perm : 9148K->9148K(21248K)], 0.2256040 secs] [Times: user=0.38 sys=0.00, real=0.22 secs] 
139.999: Total time for which application threads were stopped: 0.2257520 seconds, Stopping threads took: 0.0000790 seconds
140.043: Application time: 0.0431660 seconds
140.043: [GC140.043: [ParNew: 109824K->13696K(123520K), 0.0392740 secs] 238029K->178882K(397848K), 0.0393170 secs] [Times: user=0.31 sys=0.00, real=0.04 secs] 
140.082: Total time for which application threads were stopped: 0.0395330 seconds, Stopping threads took: 0.0001370 seconds
140.137: Application time: 0.0548440 seconds
140.137: [GC140.137: [ParNew: 123520K->13675K(123520K), 0.0244460 secs] 288706K->192422K(397848K), 0.0244880 secs] [Times: user=0.20 sys=0.00, real=0.03 secs] 
140.162: Total time for which application threads were stopped: 0.0246550 seconds, Stopping threads took: 0.0001030 seconds
140.224: Application time: 0.0620430 seconds
140.224: [GC140.224: [ParNew: 123499K->11822K(123520K), 0.0178160 secs] 302246K->201256K(397848K), 0.0178590 secs] [Times: user=0.14 sys=0.00, real=0.02 secs] 
140.242: Total time for which application threads were stopped: 0.0180160 seconds, Stopping threads took: 0.0000900 seconds
140.299: Application time: 0.0577100 seconds
140.300: [GC140.300: [ParNew: 121646K->9005K(123520K), 0.0175070 secs] 311080K->206196K(397848K), 0.0175650 secs] [Times: user=0.13 sys=0.00, real=0.02 secs] 
140.317: Total time for which application threads were stopped: 0.0177570 seconds, Stopping threads took: 0.0001270 seconds
140.375: Application time: 0.0582050 seconds
140.377: [GC140.377: [ParNew: 118829K->13696K(123520K), 0.0163370 secs] 316020K->218066K(397848K), 0.0163820 secs] [Times: user=0.13 sys=0.00, real=0.02 secs] 
140.393: Total time for which application threads were stopped: 0.0175080 seconds, Stopping threads took: 0.0010600 seconds
140.451: Application time: 0.0576380 seconds
140.451: [GC140.451: [ParNew: 123520K->13696K(123520K), 0.0182770 secs] 327890K->228811K(397848K), 0.0183220 secs] [Times: user=0.14 sys=0.00, real=0.02 secs] 
140.469: Total time for which application threads were stopped: 0.0184630 seconds, Stopping threads took: 0.0000730 seconds
140.502: Application time: 0.0328210 seconds
140.502: [GC140.502: [ParNew: 123520K->13696K(123520K), 0.0269870 secs] 338635K->260835K(397848K), 0.0270340 secs] [Times: user=0.21 sys=0.00, real=0.02 secs] 
140.529: Total time for which application threads were stopped: 0.0272080 seconds, Stopping threads took: 0.0001050 seconds
140.558: Application time: 0.0290850 seconds
140.558: [GC140.558: [ParNew: 123520K->13696K(123520K), 0.0241240 secs]140.583: [Tenured: 281745K->122072K(282008K), 0.1778630 secs] 370659K->122072K(405528K), [Perm : 9148K->9148K(21248K)], 0.2023430 secs] [Times: user=0.37 sys=0.00, real=0.21 secs] 
140.761: Total time for which application threads were stopped: 0.2025390 seconds, Stopping threads took: 0.0001150 seconds
140.794: Application time: 0.0333630 seconds
140.794: [GC140.794: [ParNew: 109824K->13696K(123520K), 0.0267540 secs] 231896K->163881K(397848K), 0.0267970 secs] [Times: user=0.21 sys=0.00, real=0.03 secs] 
140.821: Total time for which application threads were stopped: 0.0269810 seconds, Stopping threads took: 0.0001160 seconds
140.870: Application time: 0.0494030 seconds
140.871: [GC140.871: [ParNew: 123520K->13696K(123520K), 0.0334350 secs] 273705K->193715K(397848K), 0.0334810 secs] [Times: user=0.27 sys=0.00, real=0.04 secs] 
140.904: Total time for which application threads were stopped: 0.0336010 seconds, Stopping threads took: 0.0000530 seconds
140.963: Application time: 0.0590780 seconds
140.963: [GC140.963: [ParNew: 123520K->13678K(123520K), 0.0210340 secs] 303539K->207186K(397848K), 0.0210790 secs] [Times: user=0.17 sys=0.00, real=0.02 secs] 
140.984: Total time for which application threads were stopped: 0.0212000 seconds, Stopping threads took: 0.0000520 seconds
141.044: Application time: 0.0599760 seconds
141.044: [GC141.045: [ParNew: 123502K->10202K(123520K), 0.0164190 secs] 317010K->212192K(397848K), 0.0164630 secs] [Times: user=0.13 sys=0.00, real=0.02 secs] 
141.061: Total time for which application threads were stopped: 0.0166400 seconds, Stopping threads took: 0.0001110 seconds
141.119: Application time: 0.0579280 seconds
141.119: [GC141.119: [ParNew: 120026K->12613K(123520K), 0.0159960 secs] 322016K->221983K(397848K), 0.0160420 secs] [Times: user=0.12 sys=0.00, real=0.02 secs] 
141.135: Total time for which application threads were stopped: 0.0163170 seconds, Stopping threads took: 0.0001990 seconds
141.193: Application time: 0.0579290 seconds
141.193: [GC141.193: [ParNew: 122437K->13696K(123520K), 0.0163560 secs] 331807K->231126K(397848K), 0.0163970 secs] [Times: user=0.13 sys=0.00, real=0.01 secs] 
141.210: Total time for which application threads were stopped: 0.0166000 seconds, Stopping threads took: 0.0001190 seconds
141.250: Application time: 0.0397770 seconds
141.253: [GC141.253: [ParNew: 123520K->13696K(123520K), 0.0233860 secs] 340950K->255918K(397848K), 0.0234320 secs] [Times: user=0.19 sys=0.00, real=0.02 secs] 
141.276: Total time for which application threads were stopped: 0.0266290 seconds, Stopping threads took: 0.0031080 seconds
141.309: Application time: 0.0323850 seconds
141.309: [GC141.309: [ParNew: 123520K->13696K(123520K), 0.0235170 secs] 365742K->286929K(397848K), 0.0235670 secs] [Times: user=0.19 sys=0.00, real=0.02 secs] 
141.332: Total time for which application threads were stopped: 0.0237280 seconds, Stopping threads took: 0.0000930 seconds
141.366: Application time: 0.0341210 seconds
141.369: [GC141.369: [ParNew: 123520K->13696K(123520K), 0.0329920 secs]141.402: [Tenured: 314572K->147804K(315076K), 0.2280230 secs] 396753K->147804K(438596K), [Perm : 9148K->9148K(21248K)], 0.2622990 secs] [Times: user=0.48 sys=0.01, real=0.26 secs] 
141.631: Total time for which application threads were stopped: 0.2644470 seconds, Stopping threads took: 0.0020810 seconds
141.669: Application time: 0.0381220 seconds
141.669: [GC141.669: [ParNew: 109824K->13696K(123520K), 0.0217200 secs] 257628K->180982K(397848K), 0.0217650 secs] [Times: user=0.17 sys=0.00, real=0.02 secs] 
141.691: Total time for which application threads were stopped: 0.0219360 seconds, Stopping threads took: 0.0000950 seconds
141.746: Application time: 0.0553070 seconds
141.746: [GC141.746: [ParNew: 123520K->13696K(123520K), 0.0267160 secs] 290806K->200174K(397848K), 0.0267580 secs] [Times: user=0.21 sys=0.00, real=0.03 secs] 
141.773: Total time for which application threads were stopped: 0.0269260 seconds, Stopping threads took: 0.0001010 seconds
141.834: Application time: 0.0610560 seconds
141.834: [GC141.834: [ParNew: 123520K->13690K(123520K), 0.0199860 secs] 309998K->213489K(397848K), 0.0200300 secs] [Times: user=0.16 sys=0.00, real=0.02 secs] 
141.854: Total time for which application threads were stopped: 0.0201900 seconds, Stopping threads took: 0.0000970 seconds
141.913: Application time: 0.0587740 seconds
141.913: [GC141.913: [ParNew: 123514K->12830K(123520K), 0.0166310 secs] 323313K->220168K(397848K), 0.0166760 secs] [Times: user=0.13 sys=0.00, real=0.01 secs] 
141.930: Total time for which application threads were stopped: 0.0168460 seconds, Stopping threads took: 0.0001030 seconds
141.988: Application time: 0.0575450 seconds
141.988: [GC141.988: [ParNew: 122654K->11696K(123520K), 0.0182220 secs] 329992K->226255K(397848K), 0.0182650 secs] [Times: user=0.14 sys=0.00, real=0.02 secs] 
142.006: Total time for which application threads were stopped: 0.0184340 seconds, Stopping threads took: 0.0001040 seconds
142.055: Application time: 0.0492470 seconds
142.055: [GC142.055: [ParNew: 121520K->13696K(123520K), 0.0201770 secs] 336079K->242896K(397848K), 0.0202220 secs] [Times: user=0.16 sys=0.00, real=0.02 secs] 
142.076: Total time for which application threads were stopped: 0.0204050 seconds, Stopping threads took: 0.0001140 seconds
142.110: Application time: 0.0344180 seconds
142.113: [GC142.113: [ParNew: 123520K->13696K(123520K), 0.0253350 secs] 352720K->275312K(397848K), 0.0253820 secs] [Times: user=0.20 sys=0.00, real=0.02 secs] 
142.138: Total time for which application threads were stopped: 0.0278400 seconds, Stopping threads took: 0.0023910 seconds
142.172: Application time: 0.0342060 seconds
142.172: [GC142.172: [ParNew: 123404K->13696K(123520K), 0.0268170 secs]142.199: [Tenured: 294557K->130633K(294680K), 0.1981400 secs] 385020K->130633K(418200K), [Perm : 9148K->9148K(21248K)], 0.2256870 secs] [Times: user=0.40 sys=0.00, real=0.23 secs] 
142.398: Total time for which application threads were stopped: 0.2258480 seconds, Stopping threads took: 0.0000830 seconds
142.435: Application time: 0.0368430 seconds
142.435: [GC142.435: [ParNew: 109824K->13696K(123520K), 0.0250100 secs] 240457K->171037K(397848K), 0.0250560 secs] [Times: user=0.19 sys=0.01, real=0.02 secs] 
142.460: Total time for which application threads were stopped: 0.0252340 seconds, Stopping threads took: 0.0001080 seconds
142.506: Application time: 0.0462300 seconds
142.506: [GC142.506: [ParNew: 123520K->13696K(123520K), 0.0307640 secs] 280861K->198420K(397848K), 0.0308090 secs] [Times: user=0.25 sys=0.00, real=0.03 secs] 
142.537: Total time for which application threads were stopped: 0.0309870 seconds, Stopping threads took: 0.0001100 seconds
142.598: Application time: 0.0606160 seconds
142.598: [GC142.598: [ParNew: 123520K->13688K(123520K), 0.0206870 secs] 308244K->211332K(397848K), 0.0207400 secs] [Times: user=0.16 sys=0.00, real=0.02 secs] 
142.619: Total time for which application threads were stopped: 0.0208680 seconds, Stopping threads took: 0.0000610 seconds
142.679: Application time: 0.0598420 seconds
142.679: [GC142.679: [ParNew: 123512K->11192K(123520K), 0.0169720 secs] 321156K->218588K(397848K), 0.0170170 secs] [Times: user=0.13 sys=0.00, real=0.02 secs] 
142.696: Total time for which application threads were stopped: 0.0171940 seconds, Stopping threads took: 0.0000970 seconds
142.754: Application time: 0.0581000 seconds
142.754: [GC142.754: [ParNew: 121016K->12925K(123520K), 0.0163330 secs] 328412K->227785K(397848K), 0.0163760 secs] [Times: user=0.13 sys=0.00, real=0.01 secs] 
142.771: Total time for which application threads were stopped: 0.0165730 seconds, Stopping threads took: 0.0001330 seconds
142.828: Application time: 0.0577900 seconds
142.828: [GC142.828: [ParNew: 122749K->13696K(123520K), 0.0177760 secs] 337609K->237344K(397848K), 0.0178220 secs] [Times: user=0.14 sys=0.00, real=0.02 secs] 
142.846: Total time for which application threads were stopped: 0.0180190 seconds, Stopping threads took: 0.0001310 seconds
142.886: Application time: 0.0400030 seconds
142.886: [GC142.886: [ParNew: 123520K->13696K(123520K), 0.0237340 secs] 347168K->263044K(397848K), 0.0237790 secs] [Times: user=0.19 sys=0.00, real=0.02 secs] 
142.910: Total time for which application threads were stopped: 0.0239410 seconds, Stopping threads took: 0.0000940 seconds
142.946: Application time: 0.0361840 seconds
142.947: [GC142.947: [ParNew: 123397K->13696K(123520K), 0.0259410 secs]142.973: [Tenured: 281426K->111445K(281624K), 0.1817000 secs] 372745K->111445K(405144K), [Perm : 9148K->9148K(21248K)], 0.2079630 secs] [Times: user=0.38 sys=0.00, real=0.21 secs] 
143.155: Total time for which application threads were stopped: 0.2081150 seconds, Stopping threads took: 0.0000840 seconds
143.188: Application time: 0.0336030 seconds
143.188: [GC143.188: [ParNew: 109598K->13696K(123520K), 0.0231400 secs] 221043K->150166K(397848K), 0.0231850 secs] [Times: user=0.18 sys=0.00, real=0.02 secs] 
143.212: Total time for which application threads were stopped: 0.0233740 seconds, Stopping threads took: 0.0001070 seconds
143.251: Application time: 0.0391120 seconds
143.251: [GC143.251: [ParNew: 123520K->13696K(123520K), 0.0304780 secs] 259990K->183235K(397848K), 0.0305230 secs] [Times: user=0.24 sys=0.00, real=0.04 secs] 
143.281: Total time for which application threads were stopped: 0.0307130 seconds, Stopping threads took: 0.0001220 seconds
143.337: Application time: 0.0555730 seconds
143.337: [GC143.337: [ParNew: 123520K->13696K(123520K), 0.0258080 secs] 293059K->201843K(397848K), 0.0258500 secs] [Times: user=0.21 sys=0.01, real=0.03 secs] 
143.363: Total time for which application threads were stopped: 0.0259810 seconds, Stopping threads took: 0.0000660 seconds
143.424: Application time: 0.0606630 seconds
143.424: [GC143.424: [ParNew: 123520K->13691K(123520K), 0.0199040 secs] 311667K->215203K(397848K), 0.0199500 secs] [Times: user=0.16 sys=0.00, real=0.02 secs] 
143.444: Total time for which application threads were stopped: 0.0201310 seconds, Stopping threads took: 0.0001150 seconds
143.504: Application time: 0.0606250 seconds
143.509: [GC143.509: [ParNew: 123515K->12099K(123520K), 0.0185350 secs] 325027K->221257K(397848K), 0.0185800 secs] [Times: user=0.14 sys=0.00, real=0.02 secs] 
143.527: Total time for which application threads were stopped: 0.0227730 seconds, Stopping threads took: 0.0041250 seconds
143.587: Application time: 0.0597050 seconds
143.587: [GC143.587: [ParNew: 121923K->13696K(123520K), 0.0169040 secs] 331081K->230089K(397848K), 0.0169510 secs] [Times: user=0.13 sys=0.00, real=0.02 secs] 
143.604: Total time for which application threads were stopped: 0.0171580 seconds, Stopping threads took: 0.0001390 seconds
143.653: Application time: 0.0493360 seconds
143.654: [GC143.654: [ParNew: 123520K->13696K(123520K), 0.0207560 secs] 339913K->246067K(397848K), 0.0208080 secs] [Times: user=0.17 sys=0.00, real=0.02 secs] 
143.674: Total time for which application threads were stopped: 0.0209830 seconds, Stopping threads took: 0.0001070 seconds
143.710: Application time: 0.0358800 seconds
143.710: [GC143.710: [ParNew: 123520K->13696K(123520K), 0.0250490 secs] 355891K->276403K(397848K), 0.0250950 secs] [Times: user=0.20 sys=0.00, real=0.03 secs] 
143.736: Total time for which application threads were stopped: 0.0252850 seconds, Stopping threads took: 0.0001080 seconds
143.772: Application time: 0.0366380 seconds
143.772: [GC143.772: [ParNew: 123520K->13696K(123520K), 0.0304350 secs]143.803: [Tenured: 300411K->131609K(301060K), 0.1983450 secs] 386227K->131609K(424580K), [Perm : 9148K->9148K(21248K)], 0.2296800 secs] [Times: user=0.43 sys=0.00, real=0.24 secs] 
144.002: Total time for which application threads were stopped: 0.2298310 seconds, Stopping threads took: 0.0000840 seconds
144.037: Application time: 0.0347960 seconds
144.037: [GC144.037: [ParNew: 109824K->13696K(123520K), 0.0216040 secs] 241433K->167848K(397848K), 0.0216520 secs] [Times: user=0.17 sys=0.00, real=0.02 secs] 
144.059: Total time for which application threads were stopped: 0.0218220 seconds, Stopping threads took: 0.0001010 seconds
144.105: Application time: 0.0467450 seconds
144.106: [GC144.106: [ParNew: 123520K->13696K(123520K), 0.0303160 secs] 277672K->196544K(397848K), 0.0303590 secs] [Times: user=0.24 sys=0.00, real=0.03 secs] 
144.136: Total time for which application threads were stopped: 0.0305490 seconds, Stopping threads took: 0.0001250 seconds
144.196: Application time: 0.0597620 seconds
144.196: [GC144.196: [ParNew: 123520K->13684K(123520K), 0.0212360 secs] 306368K->209660K(397848K), 0.0212800 secs] [Times: user=0.17 sys=0.00, real=0.02 secs] 
144.217: Total time for which application threads were stopped: 0.0214730 seconds, Stopping threads took: 0.0001260 seconds
144.276: Application time: 0.0591780 seconds
144.276: [GC144.276: [ParNew: 123508K->10136K(123520K), 0.0180130 secs] 319484K->214560K(397848K), 0.0180570 secs] [Times: user=0.14 sys=0.00, real=0.02 secs] 
144.295: Total time for which application threads were stopped: 0.0182220 seconds, Stopping threads took: 0.0000790 seconds
144.352: Application time: 0.0576030 seconds
144.352: [GC144.352: [ParNew: 119960K->11533K(123520K), 0.0163100 secs] 324384K->223405K(397848K), 0.0163530 secs] [Times: user=0.13 sys=0.00, real=0.02 secs] 
144.369: Total time for which application threads were stopped: 0.0165010 seconds, Stopping threads took: 0.0000830 seconds
144.421: Application time: 0.0525830 seconds
144.421: [GC144.421: [ParNew: 121357K->13696K(123520K), 0.0184090 secs] 333229K->234842K(397848K), 0.0184560 secs] [Times: user=0.14 sys=0.00, real=0.01 secs] 
144.440: Total time for which application threads were stopped: 0.0186260 seconds, Stopping threads took: 0.0001030 seconds
144.480: Application time: 0.0397100 seconds
144.480: [GC144.480: [ParNew: 123520K->13696K(123520K), 0.0224540 secs] 344666K->258713K(397848K), 0.0224990 secs] [Times: user=0.18 sys=0.00, real=0.03 secs] 
144.502: Total time for which application threads were stopped: 0.0226870 seconds, Stopping threads took: 0.0001210 seconds
144.538: Application time: 0.0352840 seconds
144.538: [GC144.538: [ParNew: 123467K->13696K(123520K), 0.0278770 secs]144.566: [Tenured: 280505K->118988K(280856K), 0.1733100 secs] 368485K->118988K(404376K), [Perm : 9148K->9148K(21248K)], 0.2014890 secs] [Times: user=0.39 sys=0.00, real=0.20 secs] 
144.739: Total time for which application threads were stopped: 0.2016880 seconds, Stopping threads took: 0.0001320 seconds
144.771: Application time: 0.0319090 seconds
144.771: [GC144.771: [ParNew: 109824K->13696K(123520K), 0.0212510 secs] 228812K->156385K(397848K), 0.0212970 secs] [Times: user=0.17 sys=0.00, real=0.03 secs] 
144.793: Total time for which application threads were stopped: 0.0214840 seconds, Stopping threads took: 0.0001180 seconds
144.833: Application time: 0.0401780 seconds
144.833: [GC144.833: [ParNew: 123520K->13696K(123520K), 0.0320060 secs] 266209K->191463K(397848K), 0.0320580 secs] [Times: user=0.25 sys=0.00, real=0.03 secs] 
144.865: Total time for which application threads were stopped: 0.0322310 seconds, Stopping threads took: 0.0000950 seconds
144.920: Application time: 0.0545370 seconds
144.920: [GC144.920: [ParNew: 123520K->13696K(123520K), 0.0254650 secs] 301287K->207829K(397848K), 0.0255090 secs] [Times: user=0.20 sys=0.00, real=0.03 secs] 
144.945: Total time for which application threads were stopped: 0.0256830 seconds, Stopping threads took: 0.0001090 seconds
145.005: Application time: 0.0600690 seconds
145.006: [GC145.006: [ParNew: 123520K->13691K(123520K), 0.0194760 secs] 317653K->221177K(397848K), 0.0195200 secs] [Times: user=0.16 sys=0.00, real=0.02 secs] 
145.025: Total time for which application threads were stopped: 0.0197090 seconds, Stopping threads took: 0.0001240 seconds
145.085: Application time: 0.0597570 seconds
145.085: [GC145.085: [ParNew: 123515K->12886K(123520K), 0.0169560 secs] 331001K->228100K(397848K), 0.0170020 secs] [Times: user=0.14 sys=0.00, real=0.02 secs] 
145.102: Total time for which application threads were stopped: 0.0171500 seconds, Stopping threads took: 0.0000810 seconds
145.161: Application time: 0.0594540 seconds
145.162: [GC145.162: [ParNew: 122710K->13696K(123520K), 0.0172510 secs] 337924K->236218K(397848K), 0.0172940 secs] [Times: user=0.14 sys=0.00, real=0.01 secs] 
145.179: Total time for which application threads were stopped: 0.0174610 seconds, Stopping threads took: 0.0001000 seconds
145.229: Application time: 0.0504720 seconds
145.230: [GC145.230: [ParNew: 123520K->13696K(123520K), 0.0204600 secs] 346042K->251777K(397848K), 0.0205040 secs] [Times: user=0.16 sys=0.00, real=0.02 secs] 
145.250: Total time for which application threads were stopped: 0.0206750 seconds, Stopping threads took: 0.0001020 seconds
145.284: Application time: 0.0342650 seconds
145.284: [GC145.284: [ParNew: 123520K->13696K(123520K), 0.0244640 secs] 361601K->282700K(397848K), 0.0245090 secs] [Times: user=0.20 sys=0.00, real=0.02 secs] 
145.311: Total time for which application threads were stopped: 0.0262660 seconds, Stopping threads took: 0.0000680 seconds
145.343: Application time: 0.0320980 seconds
145.345: [GC145.345: [ParNew: 123520K->13696K(123520K), 0.0287350 secs]145.373: [Tenured: 306702K->139025K(306776K), 0.2052450 secs] 392524K->139025K(430296K), [Perm : 9148K->9148K(21248K)], 0.2351800 secs] [Times: user=0.43 sys=0.01, real=0.23 secs] 
145.580: Total time for which application threads were stopped: 0.2372220 seconds, Stopping threads took: 0.0019450 seconds
145.617: Application time: 0.0371940 seconds
145.617: [GC145.617: [ParNew: 109824K->13696K(123520K), 0.0253490 secs] 248849K->177402K(397848K), 0.0253930 secs] [Times: user=0.20 sys=0.00, real=0.03 secs] 
145.643: Total time for which application threads were stopped: 0.0255690 seconds, Stopping threads took: 0.0001090 seconds
145.691: Application time: 0.0481350 seconds
145.691: [GC145.691: [ParNew: 123520K->13696K(123520K), 0.0293750 secs] 287226K->203154K(397848K), 0.0294190 secs] [Times: user=0.23 sys=0.00, real=0.03 secs] 
145.720: Total time for which application threads were stopped: 0.0296270 seconds, Stopping threads took: 0.0001310 seconds
145.779: Application time: 0.0582300 seconds
145.779: [GC145.779: [ParNew: 123520K->13690K(123520K), 0.0206390 secs] 312978K->216450K(397848K), 0.0206830 secs] [Times: user=0.16 sys=0.00, real=0.02 secs] 
145.800: Total time for which application threads were stopped: 0.0208250 seconds, Stopping threads took: 0.0000760 seconds
145.856: Application time: 0.0568120 seconds
145.856: [GC145.857: [ParNew: 123514K->12263K(123520K), 0.0241510 secs] 326274K->224484K(397848K), 0.0241940 secs] [Times: user=0.17 sys=0.00, real=0.03 secs] 
145.881: Total time for which application threads were stopped: 0.0243750 seconds, Stopping threads took: 0.0001070 seconds
145.937: Application time: 0.0563750 seconds
145.937: [GC145.937: [ParNew: 122087K->13696K(123520K), 0.0173050 secs] 334308K->233241K(397848K), 0.0173590 secs] [Times: user=0.13 sys=0.00, real=0.02 secs] 
145.955: Total time for which application threads were stopped: 0.0175480 seconds, Stopping threads took: 0.0001240 seconds
146.013: Application time: 0.0583910 seconds
146.017: [GC146.017: [ParNew: 123520K->13696K(123520K), 0.0180620 secs] 343065K->241815K(397848K), 0.0181060 secs] [Times: user=0.14 sys=0.00, real=0.02 secs] 
146.035: Total time for which application threads were stopped: 0.0217650 seconds, Stopping threads took: 0.0035830 seconds
146.074: Application time: 0.0394490 seconds
146.074: [GC146.074: [ParNew: 123520K->13696K(123520K), 0.0239790 secs] 351639K->266995K(397848K), 0.0240230 secs] [Times: user=0.19 sys=0.00, real=0.02 secs] 
146.098: Total time for which application threads were stopped: 0.0242370 seconds, Stopping threads took: 0.0001260 seconds
146.128: Application time: 0.0294480 seconds
146.128: [GC146.128: [ParNew: 123520K->13696K(123520K), 0.0252320 secs]146.153: [Tenured: 287829K->110065K(288344K), 0.1721310 secs] 376819K->110065K(411864K), [Perm : 9148K->9148K(21248K)], 0.1978930 secs] [Times: user=0.36 sys=0.01, real=0.20 secs] 
146.326: Total time for which application threads were stopped: 0.1980860 seconds, Stopping threads took: 0.0001220 seconds
146.362: Application time: 0.0361530 seconds
146.362: [GC146.362: [ParNew: 109824K->13696K(123520K), 0.0254320 secs] 219889K->150708K(397848K), 0.0254770 secs] [Times: user=0.20 sys=0.00, real=0.02 secs] 
146.388: Total time for which application threads were stopped: 0.0256640 seconds, Stopping threads took: 0.0001020 seconds
146.430: Application time: 0.0420780 seconds
146.433: [GC146.433: [ParNew: 123520K->13696K(123520K), 0.0315680 secs] 260532K->184280K(397848K), 0.0316100 secs] [Times: user=0.25 sys=0.00, real=0.03 secs] 
146.464: Total time for which application threads were stopped: 0.0342800 seconds, Stopping threads took: 0.0025820 seconds
146.520: Application time: 0.0562430 seconds
146.521: [GC146.521: [ParNew: 123520K->13696K(123520K), 0.0242310 secs] 294104K->199945K(397848K), 0.0242750 secs] [Times: user=0.19 sys=0.00, real=0.02 secs] 
146.545: Total time for which application threads were stopped: 0.0244610 seconds, Stopping threads took: 0.0001210 seconds
146.605: Application time: 0.0604120 seconds
146.605: [GC146.605: [ParNew: 123520K->13686K(123520K), 0.0200920 secs] 309769K->213241K(397848K), 0.0201350 secs] [Times: user=0.16 sys=0.00, real=0.02 secs] 
146.626: Total time for which application threads were stopped: 0.0203120 seconds, Stopping threads took: 0.0000900 seconds
146.683: Application time: 0.0576080 seconds
146.683: [GC146.683: [ParNew: 123510K->11946K(123520K), 0.0163530 secs] 323065K->219030K(397848K), 0.0163970 secs] [Times: user=0.13 sys=0.00, real=0.01 secs] 
146.700: Total time for which application threads were stopped: 0.0165840 seconds, Stopping threads took: 0.0001210 seconds
146.758: Application time: 0.0579320 seconds
146.758: [GC146.758: [ParNew: 121770K->13696K(123520K), 0.0172770 secs] 328854K->228055K(397848K), 0.0173190 secs] [Times: user=0.14 sys=0.00, real=0.02 secs] 
146.775: Total time for which application threads were stopped: 0.0174580 seconds, Stopping threads took: 0.0000750 seconds
146.820: Application time: 0.0445970 seconds
146.820: [GC146.820: [ParNew: 123520K->13696K(123520K), 0.0207910 secs] 337879K->245723K(397848K), 0.0208350 secs] [Times: user=0.17 sys=0.00, real=0.03 secs] 
146.841: Total time for which application threads were stopped: 0.0209890 seconds, Stopping threads took: 0.0000850 seconds
146.875: Application time: 0.0342340 seconds
146.875: [GC146.875: [ParNew: 123520K->13696K(123520K), 0.0253650 secs] 355547K->278304K(397848K), 0.0254110 secs] [Times: user=0.20 sys=0.00, real=0.03 secs] 
146.901: Total time for which application threads were stopped: 0.0256170 seconds, Stopping threads took: 0.0001210 seconds
146.939: Application time: 0.0383090 seconds
146.939: [GC146.939: [ParNew: 123341K->13696K(123520K), 0.0302270 secs]146.969: [Tenured: 300247K->134436K(300440K), 0.2122650 secs] 387949K->134436K(423960K), [Perm : 9148K->9148K(21248K)], 0.2433860 secs] [Times: user=0.44 sys=0.01, real=0.25 secs] 
147.183: Total time for which application threads were stopped: 0.2435190 seconds, Stopping threads took: 0.0000670 seconds
147.220: Application time: 0.0378510 seconds
147.221: [GC147.221: [ParNew: 109824K->13696K(123520K), 0.0225190 secs] 244260K->170996K(397848K), 0.0225660 secs] [Times: user=0.18 sys=0.00, real=0.02 secs] 
147.243: Total time for which application threads were stopped: 0.0228500 seconds, Stopping threads took: 0.0002140 seconds
147.290: Application time: 0.0470180 seconds
147.290: [GC147.290: [ParNew: 123520K->13696K(123520K), 0.0285960 secs] 280820K->197463K(397848K), 0.0286390 secs] [Times: user=0.23 sys=0.00, real=0.03 secs] 
147.319: Total time for which application threads were stopped: 0.0288180 seconds, Stopping threads took: 0.0001130 seconds
147.378: Application time: 0.0590080 seconds
147.378: [GC147.378: [ParNew: 123520K->13696K(123520K), 0.0225350 secs] 307287K->210823K(397848K), 0.0225800 secs] [Times: user=0.17 sys=0.00, real=0.03 secs] 
147.401: Total time for which application threads were stopped: 0.0227630 seconds, Stopping threads took: 0.0001050 seconds
147.462: Application time: 0.0613350 seconds
147.462: [GC147.462: [ParNew: 123520K->10625K(123520K), 0.0171690 secs] 320647K->216835K(397848K), 0.0172130 secs] [Times: user=0.14 sys=0.00, real=0.01 secs] 
147.480: Total time for which application threads were stopped: 0.0173550 seconds, Stopping threads took: 0.0000740 seconds
147.536: Application time: 0.0567720 seconds
147.536: [GC147.536: [ParNew: 120449K->13696K(123520K), 0.0165520 secs] 326659K->227425K(397848K), 0.0165960 secs] [Times: user=0.13 sys=0.00, real=0.02 secs] 
147.553: Total time for which application threads were stopped: 0.0167820 seconds, Stopping threads took: 0.0001210 seconds
147.609: Application time: 0.0555350 seconds
147.613: [GC147.613: [ParNew: 123520K->13696K(123520K), 0.0178740 secs] 337249K->237310K(397848K), 0.0179190 secs] [Times: user=0.14 sys=0.00, real=0.01 secs] 
147.631: Total time for which application threads were stopped: 0.0219830 seconds, Stopping threads took: 0.0039970 seconds
147.668: Application time: 0.0370550 seconds
147.668: [GC147.668: [ParNew: 123520K->13696K(123520K), 0.0244360 secs] 347134K->265625K(397848K), 0.0244830 secs] [Times: user=0.19 sys=0.00, real=0.02 secs] 
147.692: Total time for which application threads were stopped: 0.0247080 seconds, Stopping threads took: 0.0001570 seconds
147.728: Application time: 0.0357710 seconds
147.728: [GC147.728: [ParNew: 123520K->13696K(123520K), 0.0261190 secs]147.754: [Tenured: 284554K->132073K(284696K), 0.2035760 secs] 375449K->132073K(408216K), [Perm : 9148K->9148K(21248K)], 0.2301600 secs] [Times: user=0.40 sys=0.00, real=0.23 secs] 
147.958: Total time for which application threads were stopped: 0.2302920 seconds, Stopping threads took: 0.0000580 seconds
147.999: Application time: 0.0401920 seconds
147.999: [GC147.999: [ParNew: 109824K->13696K(123520K), 0.0269320 secs] 241897K->172243K(397848K), 0.0269760 secs] [Times: user=0.22 sys=0.00, real=0.03 secs] 
148.026: Total time for which application threads were stopped: 0.0271320 seconds, Stopping threads took: 0.0000760 seconds
148.065: Application time: 0.0396020 seconds
148.065: [GC148.066: [ParNew: 123520K->13696K(123520K), 0.0274990 secs] 282067K->199265K(397848K), 0.0275440 secs] [Times: user=0.22 sys=0.00, real=0.03 secs] 
148.093: Total time for which application threads were stopped: 0.0276850 seconds, Stopping threads took: 0.0000720 seconds
148.149: Application time: 0.0558140 seconds
148.149: [GC148.149: [ParNew: 123520K->13696K(123520K), 0.0252670 secs] 309089K->218619K(397848K), 0.0253110 secs] [Times: user=0.20 sys=0.00, real=0.03 secs] 
148.174: Total time for which application threads were stopped: 0.0254530 seconds, Stopping threads took: 0.0000760 seconds
148.233: Application time: 0.0587290 seconds
148.233: [GC148.233: [ParNew: 123520K->13692K(123520K), 0.0194130 secs] 328443K->232060K(397848K), 0.0194680 secs] [Times: user=0.15 sys=0.00, real=0.02 secs] 
148.253: Total time for which application threads were stopped: 0.0196470 seconds, Stopping threads took: 0.0001120 seconds
148.312: Application time: 0.0589990 seconds
148.312: [GC148.312: [ParNew: 123516K->12797K(123520K), 0.0162840 secs] 341884K->238787K(397848K), 0.0163260 secs] [Times: user=0.12 sys=0.00, real=0.02 secs] 
148.328: Total time for which application threads were stopped: 0.0165140 seconds, Stopping threads took: 0.0001230 seconds
148.385: Application time: 0.0568110 seconds
148.385: [GC148.385: [ParNew: 122621K->13696K(123520K), 0.0172630 secs] 348611K->247733K(397848K), 0.0173090 secs] [Times: user=0.13 sys=0.00, real=0.02 secs] 
148.403: Total time for which application threads were stopped: 0.0174790 seconds, Stopping threads took: 0.0001010 seconds
148.448: Application time: 0.0452340 seconds
148.449: [GC148.449: [ParNew: 123520K->13696K(123520K), 0.0214110 secs] 357557K->266151K(397848K), 0.0214580 secs] [Times: user=0.17 sys=0.00, real=0.02 secs] 
148.470: Total time for which application threads were stopped: 0.0223070 seconds, Stopping threads took: 0.0007600 seconds
148.506: Application time: 0.0360540 seconds
148.506: [GC148.506: [ParNew: 123427K->13696K(123520K), 0.0260680 secs]148.532: [Tenured: 284499K->117952K(284888K), 0.1788790 secs] 375882K->117952K(408408K), [Perm : 9148K->9148K(21248K)], 0.2053650 secs] [Times: user=0.38 sys=0.00, real=0.20 secs] 
148.712: Total time for which application threads were stopped: 0.2055370 seconds, Stopping threads took: 0.0000920 seconds
148.744: Application time: 0.0327300 seconds
148.749: [GC148.749: [ParNew: 109824K->13696K(123520K), 0.0195980 secs] 227776K->152239K(397848K), 0.0196400 secs] [Times: user=0.15 sys=0.00, real=0.02 secs] 
148.768: Total time for which application threads were stopped: 0.0238060 seconds, Stopping threads took: 0.0040980 seconds
148.808: Application time: 0.0396080 seconds
148.808: [GC148.808: [ParNew: 123520K->13696K(123520K), 0.0325230 secs] 262063K->190024K(397848K), 0.0325670 secs] [Times: user=0.26 sys=0.00, real=0.04 secs] 
148.841: Total time for which application threads were stopped: 0.0327350 seconds, Stopping threads took: 0.0000990 seconds
148.888: Application time: 0.0475670 seconds
148.888: [GC148.888: [ParNew: 123520K->13696K(123520K), 0.0274770 secs] 299848K->213911K(397848K), 0.0275210 secs] [Times: user=0.22 sys=0.00, real=0.03 secs] 
148.916: Total time for which application threads were stopped: 0.0277050 seconds, Stopping threads took: 0.0001140 seconds
148.975: Application time: 0.0595950 seconds
148.976: [GC148.976: [ParNew: 123520K->13692K(123520K), 0.0216230 secs] 323735K->227016K(397848K), 0.0216650 secs] [Times: user=0.18 sys=0.00, real=0.02 secs] 
148.997: Total time for which application threads were stopped: 0.0218290 seconds, Stopping threads took: 0.0000960 seconds
149.056: Application time: 0.0587250 seconds
149.061: [GC149.061: [ParNew: 123516K->12046K(123520K), 0.0176750 secs] 336840K->236442K(397848K), 0.0177180 secs] [Times: user=0.14 sys=0.00, real=0.01 secs] 
149.078: Total time for which application threads were stopped: 0.0223260 seconds, Stopping threads took: 0.0045310 seconds
149.136: Application time: 0.0581320 seconds
149.137: [GC149.137: [ParNew: 121870K->13169K(123520K), 0.0166050 secs] 346266K->244813K(397848K), 0.0166490 secs] [Times: user=0.13 sys=0.00, real=0.02 secs] 
149.153: Total time for which application threads were stopped: 0.0168130 seconds, Stopping threads took: 0.0000990 seconds
149.203: Application time: 0.0495940 seconds
149.203: [GC149.203: [ParNew: 122993K->13696K(123520K), 0.0193250 secs] 354637K->258227K(397848K), 0.0193720 secs] [Times: user=0.15 sys=0.00, real=0.02 secs] 
149.222: Total time for which application threads were stopped: 0.0194960 seconds, Stopping threads took: 0.0000510 seconds
149.264: Application time: 0.0414100 seconds
149.264: [GC149.264: [ParNew: 123520K->13696K(123520K), 0.0250160 secs] 368051K->285693K(397848K), 0.0250590 secs] [Times: user=0.20 sys=0.00, real=0.02 secs] 
149.289: Total time for which application threads were stopped: 0.0252360 seconds, Stopping threads took: 0.0001070 seconds
149.324: Application time: 0.0354640 seconds
149.325: [GC149.325: [ParNew: 123520K->13696K(123520K), 0.0280840 secs]149.353: [Tenured: 305518K->115904K(305624K), 0.1924430 secs] 395517K->115904K(429144K), [Perm : 9148K->9148K(21248K)], 0.2215660 secs] [Times: user=0.41 sys=0.00, real=0.22 secs] 
149.546: Total time for which application threads were stopped: 0.2217270 seconds, Stopping threads took: 0.0000930 seconds
149.581: Application time: 0.0350610 seconds
149.581: [GC149.581: [ParNew: 109824K->13696K(123520K), 0.0210580 secs] 225728K->150612K(397848K), 0.0211040 secs] [Times: user=0.17 sys=0.00, real=0.02 secs] 
149.603: Total time for which application threads were stopped: 0.0212960 seconds, Stopping threads took: 0.0001110 seconds
149.647: Application time: 0.0446700 seconds
149.647: [GC149.647: [ParNew: 123520K->13696K(123520K), 0.0303440 secs] 260436K->182120K(397848K), 0.0303870 secs] [Times: user=0.24 sys=0.00, real=0.03 secs] 
149.678: Total time for which application threads were stopped: 0.0305690 seconds, Stopping threads took: 0.0001150 seconds
149.730: Application time: 0.0518300 seconds
149.730: [GC149.730: [ParNew: 123520K->13696K(123520K), 0.0239790 secs] 291944K->199062K(397848K), 0.0240240 secs] [Times: user=0.19 sys=0.00, real=0.03 secs] 
149.754: Total time for which application threads were stopped: 0.0241800 seconds, Stopping threads took: 0.0000890 seconds
149.813: Application time: 0.0594060 seconds
149.813: [GC149.813: [ParNew: 123520K->13529K(123520K), 0.0195360 secs] 308886K->211511K(397848K), 0.0195780 secs] [Times: user=0.15 sys=0.00, real=0.02 secs] 
149.833: Total time for which application threads were stopped: 0.0197420 seconds, Stopping threads took: 0.0000970 seconds
149.890: Application time: 0.0573050 seconds
149.890: [GC149.890: [ParNew: 123353K->11177K(123520K), 0.0162920 secs] 321335K->217403K(397848K), 0.0163360 secs] [Times: user=0.13 sys=0.00, real=0.02 secs] 
149.907: Total time for which application threads were stopped: 0.0164710 seconds, Stopping threads took: 0.0000710 seconds
149.960: Application time: 0.0532890 seconds
149.960: [GC149.960: [ParNew: 121001K->13696K(123520K), 0.0171650 secs] 327227K->228612K(397848K), 0.0172100 secs] [Times: user=0.13 sys=0.00, real=0.02 secs] 
149.977: Total time for which application threads were stopped: 0.0173900 seconds, Stopping threads took: 0.0001130 seconds
150.022: Application time: 0.0444630 seconds
150.022: [GC150.022: [ParNew: 123520K->13696K(123520K), 0.0212830 secs] 338436K->248296K(397848K), 0.0213270 secs] [Times: user=0.17 sys=0.00, real=0.02 secs] 
150.043: Total time for which application threads were stopped: 0.0214940 seconds, Stopping threads took: 0.0001000 seconds
150.079: Application time: 0.0355860 seconds
150.079: [GC150.079: [ParNew: 123520K->13696K(123520K), 0.0261590 secs] 358120K->280896K(397848K), 0.0262030 secs] [Times: user=0.21 sys=0.00, real=0.03 secs] 
150.105: Total time for which application threads were stopped: 0.0263590 seconds, Stopping threads took: 0.0000880 seconds
150.141: Application time: 0.0353620 seconds
150.141: [GC150.141: [ParNew: 123520K->13696K(123520K), 0.0276430 secs]150.169: [Tenured: 300274K->144327K(300440K), 0.2174290 secs] 390720K->144327K(423960K), [Perm : 9148K->9148K(21248K)], 0.2459830 secs] [Times: user=0.43 sys=0.01, real=0.24 secs] 
150.388: Total time for which application threads were stopped: 0.2468180 seconds, Stopping threads took: 0.0000980 seconds
150.428: Application time: 0.0405050 seconds
150.428: [GC150.428: [ParNew: 109824K->13696K(123520K), 0.0228030 secs] 254151K->178700K(397848K), 0.0228480 secs] [Times: user=0.17 sys=0.01, real=0.02 secs] 
150.451: Total time for which application threads were stopped: 0.0230070 seconds, Stopping threads took: 0.0000900 seconds
150.499: Application time: 0.0475980 seconds
150.499: [GC150.499: [ParNew: 123520K->13696K(123520K), 0.0278340 secs] 288524K->203288K(397848K), 0.0278870 secs] [Times: user=0.22 sys=0.00, real=0.03 secs] 
150.527: Total time for which application threads were stopped: 0.0280630 seconds, Stopping threads took: 0.0001070 seconds
150.586: Application time: 0.0597280 seconds
150.587: [GC150.587: [ParNew: 123520K->13696K(123520K), 0.0217360 secs] 313112K->216782K(397848K), 0.0217820 secs] [Times: user=0.17 sys=0.00, real=0.02 secs] 
150.608: Total time for which application threads were stopped: 0.0219380 seconds, Stopping threads took: 0.0000930 seconds
150.668: Application time: 0.0598020 seconds
150.668: [GC150.668: [ParNew: 123520K->12923K(123520K), 0.0185410 secs] 326606K->228113K(397848K), 0.0185840 secs] [Times: user=0.15 sys=0.00, real=0.02 secs] 
150.687: Total time for which application threads were stopped: 0.0187310 seconds, Stopping threads took: 0.0000670 seconds
150.746: Application time: 0.0592680 seconds
150.746: [GC150.746: [ParNew: 122747K->12766K(123520K), 0.0172120 secs] 337937K->235633K(397848K), 0.0172550 secs] [Times: user=0.13 sys=0.00, real=0.02 secs] 
150.764: Total time for which application threads were stopped: 0.0174060 seconds, Stopping threads took: 0.0000840 seconds
150.811: Application time: 0.0477710 seconds
150.812: [GC150.812: [ParNew: 122590K->13696K(123520K), 0.0197920 secs] 345457K->250903K(397848K), 0.0198360 secs] [Times: user=0.16 sys=0.00, real=0.02 secs] 
150.831: Total time for which application threads were stopped: 0.0200460 seconds, Stopping threads took: 0.0001430 seconds
150.872: Application time: 0.0402280 seconds
150.872: [GC150.872: [ParNew: 123520K->13696K(123520K), 0.0243930 secs] 360727K->278845K(397848K), 0.0244340 secs] [Times: user=0.19 sys=0.00, real=0.03 secs] 
150.896: Total time for which application threads were stopped: 0.0245900 seconds, Stopping threads took: 0.0000890 seconds
150.933: Application time: 0.0369630 seconds
150.933: [GC150.933: [ParNew: 123444K->13696K(123520K), 0.0273040 secs]150.961: [Tenured: 296855K->140753K(297176K), 0.2115830 secs] 388594K->140753K(420696K), [Perm : 9148K->9148K(21248K)], 0.2397010 secs] [Times: user=0.39 sys=0.03, real=0.24 secs] 
151.173: Total time for which application threads were stopped: 0.2398640 seconds, Stopping threads took: 0.0000960 seconds
151.214: Application time: 0.0405700 seconds
151.214: [GC151.214: [ParNew: 109824K->13696K(123520K), 0.0235080 secs] 250577K->176383K(397848K), 0.0235530 secs] [Times: user=0.19 sys=0.00, real=0.02 secs] 
151.237: Total time for which application threads were stopped: 0.0237020 seconds, Stopping threads took: 0.0000690 seconds
151.278: Application time: 0.0406980 seconds
151.278: [GC151.278: [ParNew: 123520K->13696K(123520K), 0.0275990 secs] 286207K->204282K(397848K), 0.0276440 secs] [Times: user=0.22 sys=0.00, real=0.03 secs] 
151.306: Total time for which application threads were stopped: 0.0278390 seconds, Stopping threads took: 0.0001260 seconds
151.362: Application time: 0.0556960 seconds
151.362: [GC151.362: [ParNew: 123520K->13696K(123520K), 0.0257310 secs] 314106K->223309K(397848K), 0.0257770 secs] [Times: user=0.20 sys=0.00, real=0.02 secs] 
151.388: Total time for which application threads were stopped: 0.0259570 seconds, Stopping threads took: 0.0001130 seconds
151.448: Application time: 0.0607940 seconds
151.448: [GC151.449: [ParNew: 123520K->13692K(123520K), 0.0196690 secs] 333133K->236537K(397848K), 0.0197150 secs] [Times: user=0.15 sys=0.00, real=0.02 secs] 
151.468: Total time for which application threads were stopped: 0.0198980 seconds, Stopping threads took: 0.0001160 seconds
151.529: Application time: 0.0607680 seconds
151.529: [GC151.529: [ParNew: 123516K->12674K(123520K), 0.0164200 secs] 346361K->242871K(397848K), 0.0164640 secs] [Times: user=0.13 sys=0.00, real=0.02 secs] 
151.546: Total time for which application threads were stopped: 0.0166100 seconds, Stopping threads took: 0.0000800 seconds
151.601: Application time: 0.0555440 seconds
151.601: [GC151.601: [ParNew: 122498K->13696K(123520K), 0.0182470 secs] 352695K->252449K(397848K), 0.0183010 secs] [Times: user=0.14 sys=0.00, real=0.01 secs] 
151.620: Total time for which application threads were stopped: 0.0184680 seconds, Stopping threads took: 0.0001000 seconds
151.665: Application time: 0.0453130 seconds
151.665: [GC151.665: [ParNew: 123520K->13696K(123520K), 0.0225730 secs] 362273K->274311K(397848K), 0.0226160 secs] [Times: user=0.18 sys=0.00, real=0.02 secs] 
151.688: Total time for which application threads were stopped: 0.0228040 seconds, Stopping threads took: 0.0001190 seconds
151.725: Application time: 0.0369670 seconds
151.725: [GC151.725: [ParNew: 123520K->13696K(123520K), 0.0278370 secs]151.753: [Tenured: 294523K->133899K(294680K), 0.1987090 secs] 384135K->133899K(418200K), [Perm : 9148K->9148K(21248K)], 0.2273640 secs] [Times: user=0.41 sys=0.00, real=0.22 secs] 
151.952: Total time for which application threads were stopped: 0.2275910 seconds, Stopping threads took: 0.0001430 seconds
151.996: Application time: 0.0440470 seconds
151.997: [GC151.997: [ParNew: 109824K->13696K(123520K), 0.0219910 secs] 243723K->166215K(397848K), 0.0220380 secs] [Times: user=0.17 sys=0.00, real=0.02 secs] 
152.019: Total time for which application threads were stopped: 0.0222230 seconds, Stopping threads took: 0.0001150 seconds
152.058: Application time: 0.0390200 seconds
152.058: [GC152.058: [ParNew: 123520K->13696K(123520K), 0.0277990 secs] 276039K->197026K(397848K), 0.0278430 secs] [Times: user=0.22 sys=0.00, real=0.03 secs] 
152.086: Total time for which application threads were stopped: 0.0280110 seconds, Stopping threads took: 0.0000980 seconds
152.131: Application time: 0.0456730 seconds
152.131: [GC152.131: [ParNew: 123520K->13696K(123520K), 0.0277910 secs] 306850K->224288K(397848K), 0.0278370 secs] [Times: user=0.22 sys=0.00, real=0.03 secs] 
152.159: Total time for which application threads were stopped: 0.0279950 seconds, Stopping threads took: 0.0000900 seconds
152.218: Application time: 0.0591870 seconds
152.219: [GC152.219: [ParNew: 123520K->13693K(123520K), 0.0217660 secs] 334112K->237521K(397848K), 0.0218110 secs] [Times: user=0.17 sys=0.00, real=0.03 secs] 
152.240: Total time for which application threads were stopped: 0.0219860 seconds, Stopping threads took: 0.0001080 seconds
152.302: Application time: 0.0615250 seconds
152.305: [GC152.305: [ParNew: 123517K->11850K(123520K), 0.0180220 secs] 347345K->246541K(397848K), 0.0180660 secs] [Times: user=0.14 sys=0.00, real=0.02 secs] 
152.323: Total time for which application threads were stopped: 0.0206260 seconds, Stopping threads took: 0.0024800 seconds
152.381: Application time: 0.0585270 seconds
152.381: [GC152.381: [ParNew: 121674K->13445K(123520K), 0.0171450 secs] 356365K->255800K(397848K), 0.0171900 secs] [Times: user=0.13 sys=0.00, real=0.01 secs] 
152.399: Total time for which application threads were stopped: 0.0173490 seconds, Stopping threads took: 0.0000940 seconds
152.447: Application time: 0.0487270 seconds
152.447: [GC152.447: [ParNew: 123264K->13696K(123520K), 0.0204900 secs] 365619K->271497K(397848K), 0.0205350 secs] [Times: user=0.16 sys=0.00, real=0.02 secs] 
152.468: Total time for which application threads were stopped: 0.0207330 seconds, Stopping threads took: 0.0001290 seconds
152.507: Application time: 0.0393600 seconds
152.507: [GC152.508: [ParNew: 123520K->13696K(123520K), 0.0262880 secs]152.534: [Tenured: 286664K->109527K(286808K), 0.1810790 secs] 381321K->109527K(410328K), [Perm : 9149K->9149K(21248K)], 0.2078560 secs] [Times: user=0.37 sys=0.00, real=0.21 secs] 
152.715: Total time for which application threads were stopped: 0.2080230 seconds, Stopping threads took: 0.0000980 seconds
152.754: Application time: 0.0383900 seconds
152.754: [GC152.754: [ParNew: 109824K->13696K(123520K), 0.0191540 secs] 219351K->141487K(397848K), 0.0192000 secs] [Times: user=0.15 sys=0.00, real=0.02 secs] 
152.773: Total time for which application threads were stopped: 0.0193580 seconds, Stopping threads took: 0.0000910 seconds
152.814: Application time: 0.0403810 seconds
152.814: [GC152.814: [ParNew: 123520K->13696K(123520K), 0.0303050 secs] 251311K->175866K(397848K), 0.0303570 secs] [Times: user=0.24 sys=0.00, real=0.03 secs] 
152.844: Total time for which application threads were stopped: 0.0305260 seconds, Stopping threads took: 0.0000870 seconds
152.883: Application time: 0.0393780 seconds
152.884: [GC152.884: [ParNew: 123520K->13696K(123520K), 0.0257190 secs] 285690K->202252K(397848K), 0.0257650 secs] [Times: user=0.20 sys=0.00, real=0.02 secs] 
152.909: Total time for which application threads were stopped: 0.0259540 seconds, Stopping threads took: 0.0001210 seconds
152.966: Application time: 0.0562180 seconds
152.966: [GC152.966: [ParNew: 123520K->13696K(123520K), 0.0257150 secs] 312076K->222058K(397848K), 0.0257600 secs] [Times: user=0.20 sys=0.00, real=0.02 secs] 
152.992: Total time for which application threads were stopped: 0.0259500 seconds, Stopping threads took: 0.0001230 seconds
153.051: Application time: 0.0592060 seconds
153.051: [GC153.051: [ParNew: 123520K->13669K(123520K), 0.0199700 secs] 331882K->235428K(397848K), 0.0200130 secs] [Times: user=0.16 sys=0.00, real=0.02 secs] 
153.071: Total time for which application threads were stopped: 0.0203440 seconds, Stopping threads took: 0.0002440 seconds
153.130: Application time: 0.0591480 seconds
153.130: [GC153.130: [ParNew: 123493K->12642K(123520K), 0.0161980 secs] 345252K->241711K(397848K), 0.0162410 secs] [Times: user=0.13 sys=0.00, real=0.02 secs] 
153.147: Total time for which application threads were stopped: 0.0164970 seconds, Stopping threads took: 0.0001710 seconds
153.204: Application time: 0.0570890 seconds
153.205: [GC153.205: [ParNew: 122466K->13696K(123520K), 0.0179570 secs] 351535K->251497K(397848K), 0.0180010 secs] [Times: user=0.14 sys=0.00, real=0.02 secs] 
153.223: Total time for which application threads were stopped: 0.0187140 seconds, Stopping threads took: 0.0006460 seconds
153.263: Application time: 0.0407380 seconds
153.263: [GC153.263: [ParNew: 123520K->13696K(123520K), 0.0224580 secs] 361321K->273976K(397848K), 0.0225020 secs] [Times: user=0.18 sys=0.00, real=0.02 secs] 
153.286: Total time for which application threads were stopped: 0.0226850 seconds, Stopping threads took: 0.0001140 seconds
153.322: Application time: 0.0364800 seconds
153.323: [GC153.323: [ParNew: 123520K->13696K(123520K), 0.0275580 secs]153.350: [Tenured: 294733K->130024K(295064K), 0.2053390 secs] 383800K->130024K(418584K), [Perm : 9149K->9149K(21248K)], 0.2336380 secs] [Times: user=0.42 sys=0.00, real=0.23 secs] 
153.556: Total time for which application threads were stopped: 0.2338120 seconds, Stopping threads took: 0.0000870 seconds
153.597: Application time: 0.0408950 seconds
153.601: [GC153.601: [ParNew: 109824K->13696K(123520K), 0.0232570 secs] 239848K->163890K(397848K), 0.0233020 secs] [Times: user=0.19 sys=0.00, real=0.02 secs] 
153.624: Total time for which application threads were stopped: 0.0266680 seconds, Stopping threads took: 0.0032970 seconds
153.664: Application time: 0.0402030 seconds
153.664: [GC153.664: [ParNew: 123520K->13696K(123520K), 0.0273240 secs] 273714K->193061K(397848K), 0.0273700 secs] [Times: user=0.21 sys=0.00, real=0.02 secs] 
153.692: Total time for which application threads were stopped: 0.0275470 seconds, Stopping threads took: 0.0001090 seconds
153.738: Application time: 0.0467640 seconds
153.739: [GC153.739: [ParNew: 123520K->13696K(123520K), 0.0265580 secs] 302885K->218642K(397848K), 0.0266020 secs] [Times: user=0.21 sys=0.00, real=0.03 secs] 
153.765: Total time for which application threads were stopped: 0.0267720 seconds, Stopping threads took: 0.0001000 seconds
153.824: Application time: 0.0587920 seconds
153.824: [GC153.824: [ParNew: 123520K->13692K(123520K), 0.0210910 secs] 328466K->231635K(397848K), 0.0211360 secs] [Times: user=0.17 sys=0.00, real=0.02 secs] 
153.845: Total time for which application threads were stopped: 0.0213130 seconds, Stopping threads took: 0.0000970 seconds
153.905: Application time: 0.0598270 seconds
153.909: [GC153.909: [ParNew: 123516K->11722K(123520K), 0.0182190 secs] 341459K->240384K(397848K), 0.0182700 secs] [Times: user=0.14 sys=0.00, real=0.02 secs] 
153.927: Total time for which application threads were stopped: 0.0218390 seconds, Stopping threads took: 0.0034840 seconds
153.984: Application time: 0.0568190 seconds
153.984: [GC153.984: [ParNew: 121546K->13696K(123520K), 0.0176680 secs] 350208K->249777K(397848K), 0.0177040 secs] [Times: user=0.14 sys=0.00, real=0.02 secs] 
154.002: Total time for which application threads were stopped: 0.0179830 seconds, Stopping threads took: 0.0002140 seconds
154.052: Application time: 0.0506580 seconds
154.053: [GC154.053: [ParNew: 123520K->13696K(123520K), 0.0183790 secs] 359601K->261522K(397848K), 0.0184240 secs] [Times: user=0.14 sys=0.00, real=0.01 secs] 
154.071: Total time for which application threads were stopped: 0.0187100 seconds, Stopping threads took: 0.0001980 seconds
154.104: Application time: 0.0329690 seconds
154.104: [GC154.104: [ParNew: 123520K->13696K(123520K), 0.0258750 secs]154.130: [Tenured: 280630K->117582K(280856K), 0.1793850 secs] 371346K->117582K(404376K), [Perm : 9149K->9149K(21248K)], 0.2055850 secs] [Times: user=0.38 sys=0.00, real=0.20 secs] 
154.310: Total time for which application threads were stopped: 0.2057480 seconds, Stopping threads took: 0.0000920 seconds
154.347: Application time: 0.0372010 seconds
154.347: [GC154.347: [ParNew: 109824K->13696K(123520K), 0.0216960 secs] 227406K->151360K(397848K), 0.0217420 secs] [Times: user=0.17 sys=0.00, real=0.02 secs] 
154.369: Total time for which application threads were stopped: 0.0218860 seconds, Stopping threads took: 0.0000650 seconds
154.412: Application time: 0.0428410 seconds
154.412: [GC154.412: [ParNew: 123520K->13696K(123520K), 0.0331200 secs] 261184K->188084K(397848K), 0.0331660 secs] [Times: user=0.26 sys=0.00, real=0.04 secs] 
154.445: Total time for which application threads were stopped: 0.0333460 seconds, Stopping threads took: 0.0001140 seconds
154.489: Application time: 0.0438620 seconds
154.489: [GC154.489: [ParNew: 123520K->13696K(123520K), 0.0284710 secs] 297908K->214224K(397848K), 0.0285150 secs] [Times: user=0.23 sys=0.00, real=0.03 secs] 
154.518: Total time for which application threads were stopped: 0.0286430 seconds, Stopping threads took: 0.0000620 seconds
154.573: Application time: 0.0554080 seconds
154.573: [GC154.573: [ParNew: 123520K->13696K(123520K), 0.0244060 secs] 324048K->231358K(397848K), 0.0244530 secs] [Times: user=0.18 sys=0.00, real=0.02 secs] 
154.598: Total time for which application threads were stopped: 0.0245930 seconds, Stopping threads took: 0.0000710 seconds
154.657: Application time: 0.0592740 seconds
154.657: [GC154.657: [ParNew: 123520K->13277K(123520K), 0.0189770 secs] 341182K->243140K(397848K), 0.0190230 secs] [Times: user=0.15 sys=0.00, real=0.02 secs] 
154.676: Total time for which application threads were stopped: 0.0192030 seconds, Stopping threads took: 0.0001140 seconds
154.734: Application time: 0.0583740 seconds
154.735: [GC154.735: [ParNew: 123101K->12595K(123520K), 0.0166540 secs] 352964K->249888K(397848K), 0.0167000 secs] [Times: user=0.13 sys=0.00, real=0.01 secs] 
154.751: Total time for which application threads were stopped: 0.0168580 seconds, Stopping threads took: 0.0000920 seconds
154.808: Application time: 0.0565290 seconds
154.808: [GC154.808: [ParNew: 122419K->13696K(123520K), 0.0174320 secs] 359712K->260036K(397848K), 0.0174770 secs] [Times: user=0.14 sys=0.00, real=0.02 secs] 
154.826: Total time for which application threads were stopped: 0.0176350 seconds, Stopping threads took: 0.0000920 seconds
154.865: Application time: 0.0392260 seconds
154.865: [GC154.865: [ParNew: 123304K->13696K(123520K), 0.0227960 secs] 369644K->284311K(397848K), 0.0228410 secs] [Times: user=0.18 sys=0.00, real=0.02 secs] 
154.888: Total time for which application threads were stopped: 0.0231090 seconds, Stopping threads took: 0.0001680 seconds
154.925: Application time: 0.0370600 seconds
154.925: [GC154.925: [ParNew: 123514K->13696K(123520K), 0.0275420 secs]154.953: [Tenured: 304152K->133002K(304280K), 0.1955160 secs] 394130K->133002K(427800K), [Perm : 9149K->9149K(21248K)], 0.2241850 secs] [Times: user=0.41 sys=0.00, real=0.22 secs] 
155.149: Total time for which application threads were stopped: 0.2243870 seconds, Stopping threads took: 0.0001290 seconds
155.188: Application time: 0.0386350 seconds
155.188: [GC155.188: [ParNew: 109824K->13696K(123520K), 0.0215320 secs] 242826K->166589K(397848K), 0.0215780 secs] [Times: user=0.17 sys=0.00, real=0.02 secs] 
155.210: Total time for which application threads were stopped: 0.0217430 seconds, Stopping threads took: 0.0000970 seconds
155.255: Application time: 0.0451750 seconds
155.255: [GC155.255: [ParNew: 123520K->13696K(123520K), 0.0281000 secs] 276413K->195193K(397848K), 0.0281420 secs] [Times: user=0.22 sys=0.00, real=0.03 secs] 
155.283: Total time for which application threads were stopped: 0.0283240 seconds, Stopping threads took: 0.0001150 seconds
155.332: Application time: 0.0485680 seconds
155.332: [GC155.332: [ParNew: 123520K->13696K(123520K), 0.0258340 secs] 305017K->218006K(397848K), 0.0258800 secs] [Times: user=0.21 sys=0.00, real=0.03 secs] 
155.358: Total time for which application threads were stopped: 0.0260600 seconds, Stopping threads took: 0.0001120 seconds
155.414: Application time: 0.0560890 seconds
155.417: [GC155.417: [ParNew: 123520K->13696K(123520K), 0.0203970 secs] 327830K->231608K(397848K), 0.0204450 secs] [Times: user=0.16 sys=0.00, real=0.02 secs] 
155.437: Total time for which application threads were stopped: 0.0230800 seconds, Stopping threads took: 0.0025580 seconds
155.495: Application time: 0.0583040 seconds
155.495: [GC155.495: [ParNew: 123520K->12115K(123520K), 0.0179490 secs] 341432K->241111K(397848K), 0.0179910 secs] [Times: user=0.14 sys=0.00, real=0.02 secs] 
155.513: Total time for which application threads were stopped: 0.0181770 seconds, Stopping threads took: 0.0001180 seconds
155.573: Application time: 0.0597710 seconds
155.573: [GC155.573: [ParNew: 121939K->13696K(123520K), 0.0169810 secs] 350935K->250244K(397848K), 0.0170230 secs] [Times: user=0.13 sys=0.00, real=0.01 secs] 
155.590: Total time for which application threads were stopped: 0.0171630 seconds, Stopping threads took: 0.0000730 seconds
155.633: Application time: 0.0427590 seconds
155.633: [GC155.633: [ParNew: 123520K->13696K(123520K), 0.0210670 secs] 360068K->269285K(397848K), 0.0211120 secs] [Times: user=0.17 sys=0.00, real=0.02 secs] 
155.654: Total time for which application threads were stopped: 0.0212530 seconds, Stopping threads took: 0.0000720 seconds
155.697: Application time: 0.0421800 seconds
155.697: [GC155.697: [ParNew: 123520K->13696K(123520K), 0.0249740 secs]155.722: [Tenured: 282781K->113901K(282968K), 0.1939710 secs] 379109K->113901K(406488K), [Perm : 9149K->9149K(21248K)], 0.2193160 secs] [Times: user=0.39 sys=0.00, real=0.22 secs] 
155.916: Total time for which application threads were stopped: 0.2194630 seconds, Stopping threads took: 0.0000780 seconds
155.953: Application time: 0.0369600 seconds
155.953: [GC155.953: [ParNew: 109824K->13696K(123520K), 0.0202950 secs] 223725K->148492K(397848K), 0.0203410 secs] [Times: user=0.16 sys=0.00, real=0.02 secs] 
155.974: Total time for which application threads were stopped: 0.0205040 seconds, Stopping threads took: 0.0000840 seconds
156.011: Application time: 0.0371810 seconds
156.011: [GC156.011: [ParNew: 123520K->13696K(123520K), 0.0263880 secs] 258316K->178789K(397848K), 0.0264320 secs] [Times: user=0.21 sys=0.00, real=0.03 secs] 
156.037: Total time for which application threads were stopped: 0.0266120 seconds, Stopping threads took: 0.0001110 seconds
156.089: Application time: 0.0518400 seconds
156.089: [GC156.089: [ParNew: 123520K->13696K(123520K), 0.0287020 secs] 288613K->204699K(397848K), 0.0287490 secs] [Times: user=0.23 sys=0.00, real=0.03 secs] 
156.118: Total time for which application threads were stopped: 0.0289840 seconds, Stopping threads took: 0.0001580 seconds
156.168: Application time: 0.0499900 seconds
156.173: [GC156.173: [ParNew: 123520K->13696K(123520K), 0.0221150 secs] 314523K->220666K(397848K), 0.0221610 secs] [Times: user=0.18 sys=0.00, real=0.02 secs] 
156.195: Total time for which application threads were stopped: 0.0266870 seconds, Stopping threads took: 0.0044290 seconds
156.257: Application time: 0.0617360 seconds
156.257: [GC156.257: [ParNew: 123520K->13694K(123520K), 0.0207700 secs] 330490K->234068K(397848K), 0.0208130 secs] [Times: user=0.16 sys=0.00, real=0.02 secs] 
156.278: Total time for which application threads were stopped: 0.0210180 seconds, Stopping threads took: 0.0001370 seconds
156.335: Application time: 0.0576530 seconds
156.335: [GC156.335: [ParNew: 123518K->12375K(123520K), 0.0186580 secs] 343892K->243975K(397848K), 0.0187020 secs] [Times: user=0.15 sys=0.00, real=0.02 secs] 
156.354: Total time for which application threads were stopped: 0.0188580 seconds, Stopping threads took: 0.0000880 seconds
156.405: Application time: 0.0506460 seconds
156.405: [GC156.405: [ParNew: 122199K->13696K(123520K), 0.0183730 secs] 353799K->256792K(397848K), 0.0184180 secs] [Times: user=0.15 sys=0.00, real=0.02 secs] 
156.423: Total time for which application threads were stopped: 0.0185770 seconds, Stopping threads took: 0.0000910 seconds
156.466: Application time: 0.0426680 seconds
156.466: [GC156.466: [ParNew: 123520K->13696K(123520K), 0.0234910 secs] 366616K->281605K(397848K), 0.0235360 secs] [Times: user=0.19 sys=0.00, real=0.02 secs] 
156.490: Total time for which application threads were stopped: 0.0237350 seconds, Stopping threads took: 0.0001180 seconds
156.528: Application time: 0.0384670 seconds
156.528: [GC156.528: [ParNew: 123520K->13696K(123520K), 0.0262790 secs]156.555: [Tenured: 299016K->119896K(299288K), 0.1829780 secs] 391429K->119896K(422808K), [Perm : 9149K->9149K(21248K)], 0.2101060 secs] [Times: user=0.38 sys=0.02, real=0.21 secs] 
156.739: Total time for which application threads were stopped: 0.2102790 seconds, Stopping threads took: 0.0001030 seconds
156.772: Application time: 0.0335790 seconds
156.772: [GC156.772: [ParNew: 109809K->13696K(123520K), 0.0192890 secs] 229706K->153797K(397848K), 0.0193330 secs] [Times: user=0.15 sys=0.00, real=0.02 secs] 
156.792: Total time for which application threads were stopped: 0.0194950 seconds, Stopping threads took: 0.0000920 seconds
156.839: Application time: 0.0470610 seconds
156.839: [GC156.839: [ParNew: 123520K->13696K(123520K), 0.0310540 secs] 263621K->185932K(397848K), 0.0310970 secs] [Times: user=0.24 sys=0.00, real=0.03 secs] 
156.870: Total time for which application threads were stopped: 0.0312400 seconds, Stopping threads took: 0.0000780 seconds
156.922: Application time: 0.0525730 seconds
156.923: [GC156.923: [ParNew: 123520K->13696K(123520K), 0.0213810 secs] 295756K->199843K(397848K), 0.0214250 secs] [Times: user=0.16 sys=0.00, real=0.02 secs] 
156.944: Total time for which application threads were stopped: 0.0216080 seconds, Stopping threads took: 0.0001160 seconds
156.998: Application time: 0.0539940 seconds
157.001: [GC157.001: [ParNew: 123520K->13696K(123520K), 0.0216300 secs] 309667K->216339K(397848K), 0.0216770 secs] [Times: user=0.17 sys=0.00, real=0.02 secs] 
157.022: Total time for which application threads were stopped: 0.0244030 seconds, Stopping threads took: 0.0026280 seconds
157.080: Application time: 0.0579240 seconds
157.081: [GC157.081: [ParNew: 123520K->13134K(123520K), 0.0187590 secs] 326163K->228057K(397848K), 0.0188020 secs] [Times: user=0.15 sys=0.00, real=0.01 secs] 
157.100: Total time for which application threads were stopped: 0.0191030 seconds, Stopping threads took: 0.0002160 seconds
157.154: Application time: 0.0548470 seconds
157.155: [GC157.155: [ParNew: 122958K->13696K(123520K), 0.0177580 secs] 337881K->238465K(397848K), 0.0178030 secs] [Times: user=0.14 sys=0.00, real=0.01 secs] 
157.172: Total time for which application threads were stopped: 0.0180810 seconds, Stopping threads took: 0.0002020 seconds
157.220: Application time: 0.0476000 seconds
157.220: [GC157.220: [ParNew: 123520K->13696K(123520K), 0.0211610 secs] 348289K->256401K(397848K), 0.0212070 secs] [Times: user=0.16 sys=0.00, real=0.03 secs] 
157.241: Total time for which application threads were stopped: 0.0213650 seconds, Stopping threads took: 0.0000800 seconds
157.280: Application time: 0.0384200 seconds
157.280: [GC157.280: [ParNew: 123520K->13696K(123520K), 0.0259700 secs] 366225K->286274K(397848K), 0.0260160 secs] [Times: user=0.20 sys=0.00, real=0.03 secs] 
157.306: Total time for which application threads were stopped: 0.0261870 seconds, Stopping threads took: 0.0001030 seconds
157.344: Application time: 0.0382040 seconds
157.344: [GC157.344: [ParNew: 123520K->13696K(123520K), 0.0299040 secs]157.374: [Tenured: 305759K->136674K(306200K), 0.2110740 secs] 396098K->136674K(429720K), [Perm : 9149K->9149K(21248K)], 0.2421570 secs] [Times: user=0.43 sys=0.00, real=0.24 secs] 
157.587: Total time for which application threads were stopped: 0.2423050 seconds, Stopping threads took: 0.0000750 seconds
157.626: Application time: 0.0392810 seconds
157.626: [GC157.626: [ParNew: 109824K->13696K(123520K), 0.0207290 secs] 246498K->169690K(397848K), 0.0207750 secs] [Times: user=0.17 sys=0.00, real=0.02 secs] 
157.647: Total time for which application threads were stopped: 0.0209670 seconds, Stopping threads took: 0.0001100 seconds
157.700: Application time: 0.0533880 seconds
157.700: [GC157.700: [ParNew: 123520K->13696K(123520K), 0.0260900 secs] 279514K->190143K(397848K), 0.0261340 secs] [Times: user=0.21 sys=0.00, real=0.03 secs] 
157.726: Total time for which application threads were stopped: 0.0262960 seconds, Stopping threads took: 0.0000950 seconds
157.776: Application time: 0.0493640 seconds
157.776: [GC157.776: [ParNew: 123520K->13696K(123520K), 0.0216580 secs] 299967K->206792K(397848K), 0.0217010 secs] [Times: user=0.17 sys=0.00, real=0.02 secs] 
157.798: Total time for which application threads were stopped: 0.0219350 seconds, Stopping threads took: 0.0001650 seconds
157.855: Application time: 0.0577210 seconds
157.856: [GC157.856: [ParNew: 123520K->13696K(123520K), 0.0202990 secs] 316616K->219283K(397848K), 0.0203430 secs] [Times: user=0.16 sys=0.00, real=0.02 secs] 
157.876: Total time for which application threads were stopped: 0.0205010 seconds, Stopping threads took: 0.0000930 seconds
157.934: Application time: 0.0580910 seconds
157.934: [GC157.934: [ParNew: 123520K->12855K(123520K), 0.0180290 secs] 329107K->230576K(397848K), 0.0180740 secs] [Times: user=0.15 sys=0.00, real=0.01 secs] 
157.952: Total time for which application threads were stopped: 0.0182370 seconds, Stopping threads took: 0.0000960 seconds
158.001: Application time: 0.0485380 seconds
158.001: [GC158.001: [ParNew: 122679K->13696K(123520K), 0.0193030 secs] 340400K->245349K(397848K), 0.0193440 secs] [Times: user=0.15 sys=0.00, real=0.01 secs] 
158.020: Total time for which application threads were stopped: 0.0194710 seconds, Stopping threads took: 0.0000610 seconds
158.062: Application time: 0.0412160 seconds
158.062: [GC158.062: [ParNew: 123520K->13696K(123520K), 0.0243320 secs] 355173K->272345K(397848K), 0.0243770 secs] [Times: user=0.19 sys=0.00, real=0.02 secs] 
158.086: Total time for which application threads were stopped: 0.0245660 seconds, Stopping threads took: 0.0001200 seconds
158.130: Application time: 0.0433940 seconds
158.130: [GC158.130: [ParNew: 123520K->13696K(123520K), 0.0271140 secs]158.157: [Tenured: 287099K->127776K(287192K), 0.1960460 secs] 382169K->127776K(410712K), [Perm : 9149K->9149K(21248K)], 0.2236700 secs] [Times: user=0.41 sys=0.00, real=0.23 secs] 
158.353: Total time for which application threads were stopped: 0.2238630 seconds, Stopping threads took: 0.0001120 seconds
158.390: Application time: 0.0362050 seconds
158.390: [GC158.390: [ParNew: 109824K->13696K(123520K), 0.0171740 secs] 237600K->158942K(397848K), 0.0172190 secs] [Times: user=0.13 sys=0.00, real=0.02 secs] 
158.407: Total time for which application threads were stopped: 0.0173980 seconds, Stopping threads took: 0.0001110 seconds
158.451: Application time: 0.0438940 seconds
158.451: [GC158.451: [ParNew: 123520K->13696K(123520K), 0.0277110 secs] 268766K->188813K(397848K), 0.0277560 secs] [Times: user=0.22 sys=0.00, real=0.03 secs] 
158.479: Total time for which application threads were stopped: 0.0279450 seconds, Stopping threads took: 0.0001130 seconds
158.535: Application time: 0.0564320 seconds
158.535: [GC158.535: [ParNew: 123520K->13696K(123520K), 0.0221740 secs] 298637K->203430K(397848K), 0.0222170 secs] [Times: user=0.18 sys=0.00, real=0.02 secs] 
158.558: Total time for which application threads were stopped: 0.0223490 seconds, Stopping threads took: 0.0000670 seconds
158.608: Application time: 0.0504270 seconds
158.608: [GC158.608: [ParNew: 123520K->13696K(123520K), 0.0207050 secs] 313254K->218468K(397848K), 0.0207470 secs] [Times: user=0.16 sys=0.00, real=0.02 secs] 
158.629: Total time for which application threads were stopped: 0.0208940 seconds, Stopping threads took: 0.0000800 seconds
158.685: Application time: 0.0564090 seconds
158.685: [GC158.686: [ParNew: 123520K->13696K(123520K), 0.0207290 secs] 328292K->231754K(397848K), 0.0207720 secs] [Times: user=0.16 sys=0.00, real=0.02 secs] 
158.706: Total time for which application threads were stopped: 0.0209240 seconds, Stopping threads took: 0.0000750 seconds
158.757: Application time: 0.0511210 seconds
158.758: [GC158.758: [ParNew: 123520K->13696K(123520K), 0.0203800 secs] 341578K->246525K(397848K), 0.0204250 secs] [Times: user=0.17 sys=0.00, real=0.02 secs] 
158.778: Total time for which application threads were stopped: 0.0206220 seconds, Stopping threads took: 0.0001280 seconds
158.826: Application time: 0.0478840 seconds
158.826: [GC158.826: [ParNew: 123520K->13696K(123520K), 0.0231690 secs] 356349K->268891K(397848K), 0.0232190 secs] [Times: user=0.18 sys=0.00, real=0.02 secs] 
158.849: Total time for which application threads were stopped: 0.0233970 seconds, Stopping threads took: 0.0001100 seconds
158.889: Application time: 0.0399100 seconds
158.889: [GC158.889: [ParNew: 123520K->13696K(123520K), 0.0238440 secs]158.913: [Tenured: 280166K->118068K(280472K), 0.1949080 secs] 378715K->118068K(403992K), [Perm : 9149K->9149K(21248K)], 0.2190460 secs] [Times: user=0.38 sys=0.00, real=0.22 secs] 
159.109: Total time for which application threads were stopped: 0.2192680 seconds, Stopping threads took: 0.0001340 seconds
159.146: Application time: 0.0372410 seconds
159.146: [GC159.146: [ParNew: 109824K->13696K(123520K), 0.0199260 secs] 227892K->151332K(397848K), 0.0199710 secs] [Times: user=0.16 sys=0.00, real=0.02 secs] 
159.166: Total time for which application threads were stopped: 0.0200960 seconds, Stopping threads took: 0.0000560 seconds
159.206: Application time: 0.0402930 seconds
159.206: [GC159.206: [ParNew: 123520K->13696K(123520K), 0.0284550 secs] 261156K->182635K(397848K), 0.0285000 secs] [Times: user=0.23 sys=0.00, real=0.03 secs] 
159.235: Total time for which application threads were stopped: 0.0287100 seconds, Stopping threads took: 0.0001290 seconds
159.288: Application time: 0.0534390 seconds
159.288: [GC159.288: [ParNew: 123520K->13696K(123520K), 0.0265730 secs] 292459K->202903K(397848K), 0.0266180 secs] [Times: user=0.21 sys=0.00, real=0.03 secs] 
159.315: Total time for which application threads were stopped: 0.0267830 seconds, Stopping threads took: 0.0000910 seconds
159.371: Application time: 0.0558970 seconds
159.371: [GC159.371: [ParNew: 123520K->13696K(123520K), 0.0203970 secs] 312727K->216328K(397848K), 0.0204410 secs] [Times: user=0.16 sys=0.00, real=0.02 secs] 
159.392: Total time for which application threads were stopped: 0.0205860 seconds, Stopping threads took: 0.0000770 seconds
159.445: Application time: 0.0532100 seconds
159.449: [GC159.449: [ParNew: 123520K->13696K(123520K), 0.0201660 secs] 326152K->230984K(397848K), 0.0202110 secs] [Times: user=0.15 sys=0.00, real=0.02 secs] 
159.469: Total time for which application threads were stopped: 0.0239760 seconds, Stopping threads took: 0.0036980 seconds
159.524: Application time: 0.0552240 seconds
159.524: [GC159.524: [ParNew: 123520K->13696K(123520K), 0.0198480 secs] 340808K->244197K(397848K), 0.0198920 secs] [Times: user=0.16 sys=0.00, real=0.02 secs] 
159.544: Total time for which application threads were stopped: 0.0200610 seconds, Stopping threads took: 0.0000920 seconds
159.597: Application time: 0.0529260 seconds
159.601: [GC159.601: [ParNew: 123520K->13696K(123520K), 0.0219100 secs] 354021K->261748K(397848K), 0.0219540 secs] [Times: user=0.17 sys=0.00, real=0.02 secs] 
159.623: Total time for which application threads were stopped: 0.0255470 seconds, Stopping threads took: 0.0035260 seconds
159.665: Application time: 0.0429390 seconds
159.669: [GC159.669: [ParNew: 123348K->13696K(123520K), 0.0250360 secs] 371401K->287942K(397848K), 0.0250820 secs] [Times: user=0.20 sys=0.00, real=0.03 secs] 
159.694: Total time for which application threads were stopped: 0.0281610 seconds, Stopping threads took: 0.0030120 seconds
159.733: Application time: 0.0391550 seconds
159.733: [GC159.733: [ParNew: 123520K->13696K(123520K), 0.0252370 secs]159.758: [Tenured: 302305K->135488K(302360K), 0.2012860 secs] 397766K->135488K(425880K), [Perm : 9149K->9149K(21248K)], 0.2275870 secs] [Times: user=0.39 sys=0.01, real=0.23 secs] 
159.961: Total time for which application threads were stopped: 0.2278020 seconds, Stopping threads took: 0.0001290 seconds
160.000: Application time: 0.0393380 seconds
160.000: [GC160.000: [ParNew: 109824K->13696K(123520K), 0.0223690 secs] 245312K->171031K(397848K), 0.0224130 secs] [Times: user=0.17 sys=0.00, real=0.03 secs] 
160.023: Total time for which application threads were stopped: 0.0225650 seconds, Stopping threads took: 0.0000830 seconds
160.070: Application time: 0.0479550 seconds
160.071: [GC160.071: [ParNew: 123520K->13696K(123520K), 0.0283980 secs] 280855K->197618K(397848K), 0.0284430 secs] [Times: user=0.22 sys=0.00, real=0.03 secs] 
160.099: Total time for which application threads were stopped: 0.0286080 seconds, Stopping threads took: 0.0000970 seconds
160.157: Application time: 0.0579890 seconds
160.157: [GC160.157: [ParNew: 123520K->13696K(123520K), 0.0213770 secs] 307442K->211013K(397848K), 0.0214200 secs] [Times: user=0.17 sys=0.00, real=0.02 secs] 
160.179: Total time for which application threads were stopped: 0.0215600 seconds, Stopping threads took: 0.0000740 seconds
160.230: Application time: 0.0517660 seconds
160.231: [GC160.231: [ParNew: 123520K->13696K(123520K), 0.0197720 secs] 320837K->224230K(397848K), 0.0198170 secs] [Times: user=0.16 sys=0.00, real=0.02 secs] 
160.250: Total time for which application threads were stopped: 0.0199730 seconds, Stopping threads took: 0.0000870 seconds
160.305: Application time: 0.0547790 seconds
160.305: [GC160.305: [ParNew: 123520K->13696K(123520K), 0.0193570 secs] 334054K->237655K(397848K), 0.0194010 secs] [Times: user=0.16 sys=0.00, real=0.02 secs] 
160.325: Total time for which application threads were stopped: 0.0195710 seconds, Stopping threads took: 0.0000890 seconds
160.374: Application time: 0.0490160 seconds
160.377: [GC160.377: [ParNew: 123520K->13696K(123520K), 0.0208990 secs] 347479K->253974K(397848K), 0.0209440 secs] [Times: user=0.16 sys=0.00, real=0.02 secs] 
160.398: Total time for which application threads were stopped: 0.0238010 seconds, Stopping threads took: 0.0027890 seconds
160.449: Application time: 0.0517200 seconds
160.449: [GC160.449: [ParNew: 123403K->13696K(123520K), 0.0237650 secs] 363681K->273409K(397848K), 0.0238110 secs] [Times: user=0.17 sys=0.00, real=0.03 secs] 
160.473: Total time for which application threads were stopped: 0.0239710 seconds, Stopping threads took: 0.0000920 seconds
160.513: Application time: 0.0396400 seconds
160.513: [GC160.513: [ParNew: 123520K->13696K(123520K), 0.0243710 secs]160.537: [Tenured: 286141K->133824K(286232K), 0.1993420 secs] 383233K->133824K(409752K), [Perm : 9149K->9149K(21248K)], 0.2241860 secs] [Times: user=0.39 sys=0.00, real=0.22 secs] 
160.737: Total time for which application threads were stopped: 0.2243720 seconds, Stopping threads took: 0.0001210 seconds
160.777: Application time: 0.0394520 seconds
160.777: [GC160.777: [ParNew: 109824K->13696K(123520K), 0.0218050 secs] 243648K->168312K(397848K), 0.0218520 secs] [Times: user=0.17 sys=0.00, real=0.02 secs] 
160.799: Total time for which application threads were stopped: 0.0220340 seconds, Stopping threads took: 0.0001060 seconds
160.837: Application time: 0.0386470 seconds
160.838: [GC160.838: [ParNew: 123520K->13696K(123520K), 0.0271100 secs] 278136K->198016K(397848K), 0.0271560 secs] [Times: user=0.21 sys=0.00, real=0.03 secs] 
160.865: Total time for which application threads were stopped: 0.0273720 seconds, Stopping threads took: 0.0001350 seconds
160.918: Application time: 0.0532480 seconds
160.918: [GC160.918: [ParNew: 123520K->13696K(123520K), 0.0271160 secs] 307840K->218896K(397848K), 0.0271580 secs] [Times: user=0.21 sys=0.00, real=0.03 secs] 
160.945: Total time for which application threads were stopped: 0.0273380 seconds, Stopping threads took: 0.0001150 seconds
161.001: Application time: 0.0553230 seconds
161.001: [GC161.001: [ParNew: 123434K->13696K(123520K), 0.0212260 secs] 328635K->233115K(397848K), 0.0212710 secs] [Times: user=0.15 sys=0.00, real=0.02 secs] 
161.022: Total time for which application threads were stopped: 0.0214690 seconds, Stopping threads took: 0.0001320 seconds
161.076: Application time: 0.0534530 seconds
161.076: [GC161.076: [ParNew: 123520K->13696K(123520K), 0.0199230 secs] 342939K->247066K(397848K), 0.0199680 secs] [Times: user=0.16 sys=0.00, real=0.02 secs] 
161.096: Total time for which application threads were stopped: 0.0201070 seconds, Stopping threads took: 0.0000710 seconds
161.146: Application time: 0.0501710 seconds
161.146: [GC161.146: [ParNew: 123520K->13696K(123520K), 0.0208400 secs] 356890K->263605K(397848K), 0.0208860 secs] [Times: user=0.16 sys=0.00, real=0.02 secs] 
161.167: Total time for which application threads were stopped: 0.0210550 seconds, Stopping threads took: 0.0000930 seconds
161.220: Application time: 0.0532550 seconds
161.220: [GC161.220: [ParNew: 123520K->13696K(123520K), 0.0220810 secs] 373429K->278836K(397848K), 0.0221350 secs] [Times: user=0.17 sys=0.01, real=0.03 secs] 
161.243: Total time for which application threads were stopped: 0.0223490 seconds, Stopping threads took: 0.0001470 seconds
161.286: Application time: 0.0437730 seconds
161.286: [GC161.286: [ParNew: 123520K->13696K(123520K), 0.0227340 secs]161.309: [Tenured: 287703K->127660K(287768K), 0.1893090 secs] 388660K->127660K(411288K), [Perm : 9149K->9149K(21248K)], 0.2126120 secs] [Times: user=0.36 sys=0.00, real=0.21 secs] 
161.499: Total time for which application threads were stopped: 0.2127590 seconds, Stopping threads took: 0.0000750 seconds
161.540: Application time: 0.0411240 seconds
161.540: [GC161.540: [ParNew: 109824K->13696K(123520K), 0.0193610 secs] 237484K->158493K(397848K), 0.0194060 secs] [Times: user=0.15 sys=0.00, real=0.02 secs] 
161.560: Total time for which application threads were stopped: 0.0195980 seconds, Stopping threads took: 0.0001030 seconds
161.601: Application time: 0.0410920 seconds
161.601: [GC161.601: [ParNew: 123520K->13696K(123520K), 0.0271820 secs] 268317K->188229K(397848K), 0.0272270 secs] [Times: user=0.21 sys=0.00, real=0.02 secs] 
161.628: Total time for which application threads were stopped: 0.0274130 seconds, Stopping threads took: 0.0001180 seconds
161.671: Application time: 0.0422580 seconds
161.671: [GC161.671: [ParNew: 123520K->13696K(123520K), 0.0262990 secs] 298053K->213731K(397848K), 0.0263420 secs] [Times: user=0.21 sys=0.00, real=0.03 secs] 
161.697: Total time for which application threads were stopped: 0.0265010 seconds, Stopping threads took: 0.0000920 seconds
161.757: Application time: 0.0599130 seconds
161.757: [GC161.757: [ParNew: 123520K->13696K(123520K), 0.0223130 secs] 323555K->228154K(397848K), 0.0223570 secs] [Times: user=0.18 sys=0.00, real=0.02 secs] 
161.780: Total time for which application threads were stopped: 0.0225050 seconds, Stopping threads took: 0.0000810 seconds
161.830: Application time: 0.0500700 seconds
161.830: [GC161.830: [ParNew: 123520K->13696K(123520K), 0.0219350 secs] 337978K->244233K(397848K), 0.0219820 secs] [Times: user=0.17 sys=0.00, real=0.02 secs] 
161.852: Total time for which application threads were stopped: 0.0221460 seconds, Stopping threads took: 0.0000960 seconds
161.905: Application time: 0.0530000 seconds
161.905: [GC161.905: [ParNew: 123520K->13696K(123520K), 0.0203610 secs] 354057K->260567K(397848K), 0.0204130 secs] [Times: user=0.16 sys=0.00, real=0.02 secs] 
161.925: Total time for which application threads were stopped: 0.0205820 seconds, Stopping threads took: 0.0001020 seconds
161.976: Application time: 0.0511330 seconds
161.977: [GC161.977: [ParNew: 123520K->13696K(123520K), 0.0217330 secs] 370391K->277942K(397848K), 0.0217780 secs] [Times: user=0.17 sys=0.00, real=0.02 secs] 
161.998: Total time for which application threads were stopped: 0.0219400 seconds, Stopping threads took: 0.0000950 seconds
162.050: Application time: 0.0511720 seconds
162.050: [GC162.050: [ParNew: 123520K->13696K(123520K), 0.0213340 secs]162.071: [Tenured: 281105K->113232K(281240K), 0.1943750 secs] 387766K->113232K(404760K), [Perm : 9149K->9149K(21248K)], 0.2160250 secs] [Times: user=0.36 sys=0.00, real=0.22 secs] 
162.266: Total time for which application threads were stopped: 0.2161790 seconds, Stopping threads took: 0.0000740 seconds
162.304: Application time: 0.0378120 seconds
162.304: [GC162.304: [ParNew: 109824K->13696K(123520K), 0.0154240 secs] 223056K->140693K(397848K), 0.0154690 secs] [Times: user=0.13 sys=0.00, real=0.01 secs] 
162.319: Total time for which application threads were stopped: 0.0156640 seconds, Stopping threads took: 0.0001270 seconds
162.358: Application time: 0.0387450 seconds
162.358: [GC162.358: [ParNew: 123520K->13696K(123520K), 0.0255810 secs] 250517K->170822K(397848K), 0.0256230 secs] [Times: user=0.20 sys=0.00, real=0.03 secs] 
162.384: Total time for which application threads were stopped: 0.0258290 seconds, Stopping threads took: 0.0001370 seconds
162.424: Application time: 0.0404660 seconds
162.424: [GC162.424: [ParNew: 123520K->13696K(123520K), 0.0292930 secs] 280646K->203336K(397848K), 0.0293370 secs] [Times: user=0.23 sys=0.00, real=0.03 secs] 
162.454: Total time for which application threads were stopped: 0.0295220 seconds, Stopping threads took: 0.0001110 seconds
162.507: Application time: 0.0535930 seconds
162.508: [GC162.508: [ParNew: 123520K->13696K(123520K), 0.0271170 secs] 313160K->223257K(397848K), 0.0271620 secs] [Times: user=0.21 sys=0.00, real=0.03 secs] 
162.535: Total time for which application threads were stopped: 0.0273830 seconds, Stopping threads took: 0.0001330 seconds
162.592: Application time: 0.0571060 seconds
162.592: [GC162.592: [ParNew: 123520K->13696K(123520K), 0.0195540 secs] 333081K->236070K(397848K), 0.0196010 secs] [Times: user=0.16 sys=0.00, real=0.02 secs] 
162.612: Total time for which application threads were stopped: 0.0197770 seconds, Stopping threads took: 0.0000930 seconds
162.662: Application time: 0.0501760 seconds
162.662: [GC162.662: [ParNew: 123520K->13696K(123520K), 0.0196370 secs] 345894K->250109K(397848K), 0.0196820 secs] [Times: user=0.15 sys=0.00, real=0.02 secs] 
162.682: Total time for which application threads were stopped: 0.0199420 seconds, Stopping threads took: 0.0001720 seconds
162.732: Application time: 0.0498810 seconds
162.732: [GC162.732: [ParNew: 123520K->13696K(123520K), 0.0222080 secs] 359933K->269361K(397848K), 0.0222540 secs] [Times: user=0.17 sys=0.00, real=0.03 secs] 
162.754: Total time for which application threads were stopped: 0.0223940 seconds, Stopping threads took: 0.0000710 seconds
162.812: Application time: 0.0579780 seconds
162.812: [GC162.812: [ParNew: 123520K->13696K(123520K), 0.0217420 secs] 379185K->282932K(397848K), 0.0217870 secs] [Times: user=0.17 sys=0.00, real=0.03 secs] 
162.834: Total time for which application threads were stopped: 0.0219280 seconds, Stopping threads took: 0.0000730 seconds
162.879: Application time: 0.0452000 seconds
162.879: [GC162.879: [ParNew: 123520K->13696K(123520K), 0.0243300 secs]162.904: [Tenured: 291946K->119155K(292184K), 0.1881600 secs] 392756K->119155K(415704K), [Perm : 9149K->9149K(21248K)], 0.2131610 secs] [Times: user=0.37 sys=0.00, real=0.22 secs] 
163.093: Total time for which application threads were stopped: 0.2133500 seconds, Stopping threads took: 0.0001130 seconds
163.130: Application time: 0.0371170 seconds
163.130: [GC163.130: [ParNew: 109824K->13696K(123520K), 0.0171170 secs] 228979K->148858K(397848K), 0.0171610 secs] [Times: user=0.14 sys=0.00, real=0.02 secs] 
163.147: Total time for which application threads were stopped: 0.0173360 seconds, Stopping threads took: 0.0000930 seconds
163.184: Application time: 0.0371320 seconds
163.189: [GC163.189: [ParNew: 123520K->13696K(123520K), 0.0287370 secs] 258682K->183506K(397848K), 0.0287820 secs] [Times: user=0.23 sys=0.00, real=0.03 secs] 
163.217: Total time for which application threads were stopped: 0.0331890 seconds, Stopping threads took: 0.0043400 seconds
163.265: Application time: 0.0472320 seconds
163.265: [GC163.265: [ParNew: 123520K->13696K(123520K), 0.0299900 secs] 293330K->211629K(397848K), 0.0300340 secs] [Times: user=0.24 sys=0.00, real=0.03 secs] 
163.295: Total time for which application threads were stopped: 0.0303150 seconds, Stopping threads took: 0.0002150 seconds
163.354: Application time: 0.0586350 seconds
163.354: [GC163.354: [ParNew: 123520K->13693K(123520K), 0.0214240 secs] 321453K->224943K(397848K), 0.0214700 secs] [Times: user=0.17 sys=0.00, real=0.02 secs] 
163.375: Total time for which application threads were stopped: 0.0216740 seconds, Stopping threads took: 0.0001370 seconds
163.427: Application time: 0.0515030 seconds
163.427: [GC163.427: [ParNew: 123517K->13696K(123520K), 0.0191680 secs] 334767K->237877K(397848K), 0.0192130 secs] [Times: user=0.15 sys=0.00, real=0.02 secs] 
163.446: Total time for which application threads were stopped: 0.0193500 seconds, Stopping threads took: 0.0000690 seconds
163.498: Application time: 0.0522200 seconds
163.498: [GC163.498: [ParNew: 123520K->13696K(123520K), 0.0217410 secs] 347701K->254433K(397848K), 0.0217870 secs] [Times: user=0.16 sys=0.00, real=0.02 secs] 
163.520: Total time for which application threads were stopped: 0.0219650 seconds, Stopping threads took: 0.0001100 seconds
163.572: Application time: 0.0519580 seconds
163.572: [GC163.572: [ParNew: 123520K->13696K(123520K), 0.0223900 secs] 364257K->270726K(397848K), 0.0224340 secs] [Times: user=0.17 sys=0.00, real=0.03 secs] 
163.595: Total time for which application threads were stopped: 0.0225870 seconds, Stopping threads took: 0.0000850 seconds
163.648: Application time: 0.0533430 seconds
163.648: [GC163.648: [ParNew: 123520K->13696K(123520K), 0.0206980 secs] 380550K->286091K(397848K), 0.0207430 secs] [Times: user=0.16 sys=0.00, real=0.02 secs] 
163.669: Total time for which application threads were stopped: 0.0209090 seconds, Stopping threads took: 0.0000850 seconds
163.707: Application time: 0.0379510 seconds
163.707: [GC163.707: [ParNew: 123520K->13696K(123520K), 0.0250290 secs]163.732: [Tenured: 299652K->122428K(299864K), 0.1875100 secs] 395915K->122428K(423384K), [Perm : 9149K->9149K(21248K)], 0.2134230 secs] [Times: user=0.37 sys=0.00, real=0.22 secs] 
163.921: Total time for which application threads were stopped: 0.2135920 seconds, Stopping threads took: 0.0001020 seconds
163.955: Application time: 0.0346170 seconds
163.955: [GC163.955: [ParNew: 109824K->13696K(123520K), 0.0208190 secs] 232252K->157590K(397848K), 0.0208640 secs] [Times: user=0.16 sys=0.00, real=0.02 secs] 
163.976: Total time for which application threads were stopped: 0.0209940 seconds, Stopping threads took: 0.0000620 seconds
164.017: Application time: 0.0407840 seconds
164.017: [GC164.017: [ParNew: 123520K->13696K(123520K), 0.0289810 secs] 267414K->189322K(397848K), 0.0290250 secs] [Times: user=0.23 sys=0.00, real=0.03 secs] 
164.046: Total time for which application threads were stopped: 0.0291940 seconds, Stopping threads took: 0.0001000 seconds
164.102: Application time: 0.0559190 seconds
164.102: [GC164.102: [ParNew: 123520K->13696K(123520K), 0.0249810 secs] 299146K->206598K(397848K), 0.0250250 secs] [Times: user=0.20 sys=0.00, real=0.02 secs] 
164.127: Total time for which application threads were stopped: 0.0252120 seconds, Stopping threads took: 0.0001200 seconds
164.184: Application time: 0.0568520 seconds
164.184: [GC164.184: [ParNew: 123520K->13685K(123520K), 0.0206320 secs] 316422K->219987K(397848K), 0.0206840 secs] [Times: user=0.15 sys=0.00, real=0.02 secs] 
164.205: Total time for which application threads were stopped: 0.0208650 seconds, Stopping threads took: 0.0000990 seconds
164.256: Application time: 0.0512590 seconds
164.256: [GC164.256: [ParNew: 123509K->13696K(123520K), 0.0193080 secs] 329811K->233966K(397848K), 0.0193530 secs] [Times: user=0.15 sys=0.00, real=0.02 secs] 
164.276: Total time for which application threads were stopped: 0.0195310 seconds, Stopping threads took: 0.0001070 seconds
164.327: Application time: 0.0516150 seconds
164.328: [GC164.328: [ParNew: 123520K->13696K(123520K), 0.0207100 secs] 343790K->249929K(397848K), 0.0207530 secs] [Times: user=0.17 sys=0.00, real=0.02 secs] 
164.348: Total time for which application threads were stopped: 0.0209260 seconds, Stopping threads took: 0.0001060 seconds
164.398: Application time: 0.0500900 seconds
164.399: [GC164.399: [ParNew: 123520K->13696K(123520K), 0.0216880 secs] 359753K->267860K(397848K), 0.0217320 secs] [Times: user=0.18 sys=0.00, real=0.02 secs] 
164.420: Total time for which application threads were stopped: 0.0219140 seconds, Stopping threads took: 0.0001150 seconds
164.460: Application time: 0.0400800 seconds
164.461: [GC164.461: [ParNew: 123520K->13696K(123520K), 0.0253090 secs]164.486: [Tenured: 281510K->131487K(281816K), 0.2000540 secs] 377684K->131487K(405336K), [Perm : 9149K->9149K(21248K)], 0.2257180 secs] [Times: user=0.39 sys=0.00, real=0.22 secs] 
164.686: Total time for which application threads were stopped: 0.2258630 seconds, Stopping threads took: 0.0000740 seconds
164.727: Application time: 0.0409770 seconds
164.727: [GC164.727: [ParNew: 109824K->13696K(123520K), 0.0200870 secs] 241311K->163068K(397848K), 0.0201300 secs] [Times: user=0.16 sys=0.00, real=0.02 secs] 
164.748: Total time for which application threads were stopped: 0.0202880 seconds, Stopping threads took: 0.0000780 seconds
164.786: Application time: 0.0387450 seconds
164.787: [GC164.787: [ParNew: 123520K->13696K(123520K), 0.0271930 secs] 272892K->192691K(397848K), 0.0272390 secs] [Times: user=0.21 sys=0.00, real=0.03 secs] 
164.814: Total time for which application threads were stopped: 0.0274190 seconds, Stopping threads took: 0.0001120 seconds
164.861: Application time: 0.0471720 seconds
164.861: [GC164.861: [ParNew: 123520K->13696K(123520K), 0.0269220 secs] 302515K->218250K(397848K), 0.0269680 secs] [Times: user=0.22 sys=0.00, real=0.02 secs] 
164.888: Total time for which application threads were stopped: 0.0271450 seconds, Stopping threads took: 0.0001080 seconds
164.946: Application time: 0.0576590 seconds
164.946: [GC164.946: [ParNew: 123520K->13688K(123520K), 0.0207330 secs] 328074K->231454K(397848K), 0.0207760 secs] [Times: user=0.16 sys=0.00, real=0.02 secs] 
164.967: Total time for which application threads were stopped: 0.0209270 seconds, Stopping threads took: 0.0000870 seconds
165.020: Application time: 0.0529130 seconds
165.021: [GC165.021: [ParNew: 123512K->13696K(123520K), 0.0197860 secs] 341278K->243602K(397848K), 0.0198300 secs] [Times: user=0.13 sys=0.00, real=0.01 secs] 
165.040: Total time for which application threads were stopped: 0.0207760 seconds, Stopping threads took: 0.0008790 seconds
165.092: Application time: 0.0519050 seconds
165.092: [GC165.092: [ParNew: 123520K->13696K(123520K), 0.0200870 secs] 353426K->258500K(397848K), 0.0201330 secs] [Times: user=0.16 sys=0.00, real=0.02 secs] 
165.113: Total time for which application threads were stopped: 0.0203110 seconds, Stopping threads took: 0.0001040 seconds
165.161: Application time: 0.0489000 seconds
165.162: [GC165.162: [ParNew: 123520K->13696K(123520K), 0.0214470 secs] 368324K->275118K(397848K), 0.0214930 secs] [Times: user=0.16 sys=0.00, real=0.02 secs] 
165.183: Total time for which application threads were stopped: 0.0216530 seconds, Stopping threads took: 0.0000930 seconds
165.229: Application time: 0.0457120 seconds
165.229: [GC165.229: [ParNew: 123520K->13696K(123520K), 0.0250670 secs]165.254: [Tenured: 287218K->113725K(287384K), 0.1916660 secs] 384942K->113725K(410904K), [Perm : 9149K->9149K(21248K)], 0.2172470 secs] [Times: user=0.38 sys=0.00, real=0.22 secs] 
165.446: Total time for which application threads were stopped: 0.2174670 seconds, Stopping threads took: 0.0001410 seconds
165.485: Application time: 0.0386070 seconds
165.485: [GC165.485: [ParNew: 109824K->13696K(123520K), 0.0169130 secs] 223549K->142251K(397848K), 0.0169620 secs] [Times: user=0.13 sys=0.00, real=0.02 secs] 
165.502: Total time for which application threads were stopped: 0.0170970 seconds, Stopping threads took: 0.0000670 seconds
165.543: Application time: 0.0405070 seconds
165.543: [GC165.543: [ParNew: 123520K->13696K(123520K), 0.0275080 secs] 252075K->173932K(397848K), 0.0275540 secs] [Times: user=0.22 sys=0.00, real=0.02 secs] 
165.570: Total time for which application threads were stopped: 0.0277730 seconds, Stopping threads took: 0.0001400 seconds
165.616: Application time: 0.0452900 seconds
165.616: [GC165.616: [ParNew: 123520K->13696K(123520K), 0.0278110 secs] 283756K->201329K(397848K), 0.0278540 secs] [Times: user=0.22 sys=0.00, real=0.03 secs] 
165.644: Total time for which application threads were stopped: 0.0280360 seconds, Stopping threads took: 0.0001140 seconds
165.696: Application time: 0.0527030 seconds
165.697: [GC165.697: [ParNew: 123520K->13696K(123520K), 0.0245490 secs] 311153K->218592K(397848K), 0.0245950 secs] [Times: user=0.20 sys=0.00, real=0.03 secs] 
165.721: Total time for which application threads were stopped: 0.0248320 seconds, Stopping threads took: 0.0001710 seconds
165.779: Application time: 0.0582600 seconds
165.780: [GC165.780: [ParNew: 123520K->13696K(123520K), 0.0202820 secs] 328416K->230752K(397848K), 0.0203250 secs] [Times: user=0.14 sys=0.00, real=0.02 secs] 
165.800: Total time for which application threads were stopped: 0.0204770 seconds, Stopping threads took: 0.0000680 seconds
165.851: Application time: 0.0508350 seconds
165.851: [GC165.851: [ParNew: 123520K->13696K(123520K), 0.0194000 secs] 340576K->243868K(397848K), 0.0194430 secs] [Times: user=0.15 sys=0.00, real=0.02 secs] 
165.870: Total time for which application threads were stopped: 0.0196580 seconds, Stopping threads took: 0.0001270 seconds
165.923: Application time: 0.0528390 seconds
165.923: [GC165.923: [ParNew: 123520K->13696K(123520K), 0.0226820 secs] 353692K->262627K(397848K), 0.0227290 secs] [Times: user=0.18 sys=0.00, real=0.02 secs] 
165.946: Total time for which application threads were stopped: 0.0229190 seconds, Stopping threads took: 0.0001210 seconds
165.999: Application time: 0.0527390 seconds
165.999: [GC165.999: [ParNew: 123443K->13696K(123520K), 0.0237480 secs] 372374K->281062K(397848K), 0.0237900 secs] [Times: user=0.19 sys=0.00, real=0.03 secs] 
166.023: Total time for which application threads were stopped: 0.0239350 seconds, Stopping threads took: 0.0000780 seconds
166.062: Application time: 0.0395340 seconds
166.063: [GC166.063: [ParNew: 123352K->13696K(123520K), 0.0247620 secs]166.087: [Tenured: 293969K->121859K(294488K), 0.1917210 secs] 390719K->121859K(418008K), [Perm : 9149K->9149K(21248K)], 0.2171970 secs] [Times: user=0.38 sys=0.01, real=0.21 secs] 
166.280: Total time for which application threads were stopped: 0.2173510 seconds, Stopping threads took: 0.0000850 seconds
166.317: Application time: 0.0374330 seconds
166.317: [GC166.317: [ParNew: 109824K->13696K(123520K), 0.0193670 secs] 231683K->153453K(397848K), 0.0194130 secs] [Times: user=0.15 sys=0.01, real=0.02 secs] 
166.337: Total time for which application threads were stopped: 0.0195900 seconds, Stopping threads took: 0.0000980 seconds
166.380: Application time: 0.0433290 seconds
166.380: [GC166.380: [ParNew: 123390K->13696K(123520K), 0.0285900 secs] 263147K->183288K(397848K), 0.0286380 secs] [Times: user=0.23 sys=0.00, real=0.03 secs] 
166.409: Total time for which application threads were stopped: 0.0288170 seconds, Stopping threads took: 0.0001100 seconds
166.456: Application time: 0.0471910 seconds
166.456: [GC166.456: [ParNew: 123520K->13696K(123520K), 0.0242470 secs] 293112K->204398K(397848K), 0.0243000 secs] [Times: user=0.18 sys=0.00, real=0.03 secs] 
166.481: Total time for which application threads were stopped: 0.0244830 seconds, Stopping threads took: 0.0001160 seconds
166.540: Application time: 0.0594360 seconds
166.540: [GC166.540: [ParNew: 123520K->13696K(123520K), 0.0224740 secs] 314222K->218622K(397848K), 0.0225170 secs] [Times: user=0.17 sys=0.00, real=0.03 secs] 
166.563: Total time for which application threads were stopped: 0.0226540 seconds, Stopping threads took: 0.0000710 seconds
166.615: Application time: 0.0527370 seconds
166.616: [GC166.616: [ParNew: 123520K->13696K(123520K), 0.0193670 secs] 328446K->231302K(397848K), 0.0194130 secs] [Times: user=0.15 sys=0.00, real=0.02 secs] 
166.635: Total time for which application threads were stopped: 0.0195910 seconds, Stopping threads took: 0.0001120 seconds
166.683: Application time: 0.0481550 seconds
166.683: [GC166.683: [ParNew: 123520K->13696K(123520K), 0.0202370 secs] 341126K->248204K(397848K), 0.0202820 secs] [Times: user=0.16 sys=0.00, real=0.02 secs] 
166.704: Total time for which application threads were stopped: 0.0204370 seconds, Stopping threads took: 0.0000860 seconds
166.753: Application time: 0.0497550 seconds
166.757: [GC166.757: [ParNew: 123520K->13696K(123520K), 0.0227110 secs] 358028K->267564K(397848K), 0.0227550 secs] [Times: user=0.18 sys=0.00, real=0.02 secs] 
166.779: Total time for which application threads were stopped: 0.0259190 seconds, Stopping threads took: 0.0030970 seconds
166.824: Application time: 0.0449640 seconds
166.829: [GC166.829: [ParNew: 123520K->13696K(123520K), 0.0232100 secs]166.852: [Tenured: 275983K->123137K(276632K), 0.1845650 secs] 377388K->123137K(400152K), [Perm : 9149K->9149K(21248K)], 0.2079200 secs] [Times: user=0.37 sys=0.00, real=0.21 secs] 
167.037: Total time for which application threads were stopped: 0.2122810 seconds, Stopping threads took: 0.0042800 seconds
167.073: Application time: 0.0361530 seconds
167.073: [GC167.073: [ParNew: 109824K->13696K(123520K), 0.0177220 secs] 232961K->154698K(397848K), 0.0177640 secs] [Times: user=0.14 sys=0.00, real=0.01 secs] 
167.091: Total time for which application threads were stopped: 0.0179250 seconds, Stopping threads took: 0.0000920 seconds
167.136: Application time: 0.0451890 seconds
167.136: [GC167.136: [ParNew: 123520K->13696K(123520K), 0.0290630 secs] 264522K->185642K(397848K), 0.0291070 secs] [Times: user=0.23 sys=0.00, real=0.03 secs] 
167.165: Total time for which application threads were stopped: 0.0293130 seconds, Stopping threads took: 0.0001380 seconds
167.209: Application time: 0.0434730 seconds
167.209: [GC167.209: [ParNew: 123520K->13696K(123520K), 0.0262430 secs] 295466K->209609K(397848K), 0.0262880 secs] [Times: user=0.21 sys=0.00, real=0.03 secs] 
167.235: Total time for which application threads were stopped: 0.0264610 seconds, Stopping threads took: 0.0001040 seconds
167.289: Application time: 0.0539050 seconds
167.289: [GC167.289: [ParNew: 123520K->13694K(123520K), 0.0242730 secs] 319433K->228721K(397848K), 0.0243150 secs] [Times: user=0.19 sys=0.00, real=0.03 secs] 
167.314: Total time for which application threads were stopped: 0.0244970 seconds, Stopping threads took: 0.0001190 seconds
167.373: Application time: 0.0597460 seconds
167.373: [GC167.373: [ParNew: 123518K->13694K(123520K), 0.0198280 secs] 338545K->241864K(397848K), 0.0198720 secs] [Times: user=0.15 sys=0.00, real=0.02 secs] 
167.393: Total time for which application threads were stopped: 0.0200540 seconds, Stopping threads took: 0.0001000 seconds
167.445: Application time: 0.0520790 seconds
167.446: [GC167.446: [ParNew: 123518K->13696K(123520K), 0.0180640 secs] 351688K->252280K(397848K), 0.0181090 secs] [Times: user=0.14 sys=0.00, real=0.02 secs] 
167.464: Total time for which application threads were stopped: 0.0182830 seconds, Stopping threads took: 0.0001070 seconds
167.509: Application time: 0.0449640 seconds
167.509: [GC167.509: [ParNew: 123520K->13696K(123520K), 0.0239550 secs] 362104K->274187K(397848K), 0.0240230 secs] [Times: user=0.17 sys=0.00, real=0.03 secs] 
167.533: Total time for which application threads were stopped: 0.0242000 seconds, Stopping threads took: 0.0001010 seconds
167.584: Application time: 0.0506920 seconds
167.584: [GC167.584: [ParNew: 123520K->13696K(123520K), 0.0235880 secs]167.607: [Tenured: 281163K->134839K(281240K), 0.2112540 secs] 384011K->134839K(404760K), [Perm : 9149K->9149K(21248K)], 0.2351870 secs] [Times: user=0.40 sys=0.00, real=0.23 secs] 
167.819: Total time for which application threads were stopped: 0.2353770 seconds, Stopping threads took: 0.0001200 seconds
167.862: Application time: 0.0431010 seconds
167.862: [GC167.862: [ParNew: 109824K->13696K(123520K), 0.0150040 secs] 244663K->159224K(397848K), 0.0150500 secs] [Times: user=0.12 sys=0.00, real=0.01 secs] 
167.877: Total time for which application threads were stopped: 0.0152390 seconds, Stopping threads took: 0.0001210 seconds
167.915: Application time: 0.0377720 seconds
167.915: [GC167.915: [ParNew: 123520K->13696K(123520K), 0.0240580 secs] 269048K->187440K(397848K), 0.0241030 secs] [Times: user=0.19 sys=0.00, real=0.02 secs] 
167.939: Total time for which application threads were stopped: 0.0242790 seconds, Stopping threads took: 0.0000910 seconds
167.980: Application time: 0.0405630 seconds
167.980: [GC167.980: [ParNew: 123520K->13696K(123520K), 0.0295560 secs] 297264K->222235K(397848K), 0.0296030 secs] [Times: user=0.23 sys=0.00, real=0.03 secs] 
168.010: Total time for which application threads were stopped: 0.0297780 seconds, Stopping threads took: 0.0001070 seconds
168.058: Application time: 0.0488230 seconds
168.059: [GC168.059: [ParNew: 123520K->13696K(123520K), 0.0273440 secs] 332059K->245281K(397848K), 0.0273880 secs] [Times: user=0.21 sys=0.00, real=0.03 secs] 
168.086: Total time for which application threads were stopped: 0.0275730 seconds, Stopping threads took: 0.0001190 seconds
168.144: Application time: 0.0583290 seconds
168.145: [GC168.145: [ParNew: 123520K->13693K(123520K), 0.0204740 secs] 355105K->258540K(397848K), 0.0205170 secs] [Times: user=0.16 sys=0.00, real=0.02 secs] 
168.165: Total time for which application threads were stopped: 0.0206670 seconds, Stopping threads took: 0.0000850 seconds
168.221: Application time: 0.0559330 seconds
168.221: [GC168.221: [ParNew: 123477K->13696K(123520K), 0.0173150 secs] 368325K->267578K(397848K), 0.0173590 secs] [Times: user=0.13 sys=0.00, real=0.01 secs] 
168.239: Total time for which application threads were stopped: 0.0175530 seconds, Stopping threads took: 0.0001280 seconds
168.285: Application time: 0.0466570 seconds
168.285: [GC168.285: [ParNew: 123520K->13696K(123520K), 0.0200540 secs] 377402K->283729K(397848K), 0.0200970 secs] [Times: user=0.15 sys=0.00, real=0.02 secs] 
168.306: Total time for which application threads were stopped: 0.0202830 seconds, Stopping threads took: 0.0001180 seconds
168.352: Application time: 0.0466190 seconds
168.352: [GC168.352: [ParNew: 123520K->13696K(123520K), 0.0239130 secs]168.376: [Tenured: 293833K->125897K(294104K), 0.2188200 secs] 393553K->125897K(417624K), [Perm : 9149K->9149K(21248K)], 0.2434410 secs] [Times: user=0.40 sys=0.01, real=0.25 secs] 
168.596: Total time for which application threads were stopped: 0.2435890 seconds, Stopping threads took: 0.0000790 seconds
168.644: Application time: 0.0482110 seconds
168.644: [GC168.644: [ParNew: 109824K->13696K(123520K), 0.0160200 secs] 235721K->147921K(397848K), 0.0160640 secs] [Times: user=0.12 sys=0.00, real=0.01 secs] 
168.660: Total time for which application threads were stopped: 0.0162680 seconds, Stopping threads took: 0.0001270 seconds
168.702: Application time: 0.0418190 seconds
168.702: [GC168.702: [ParNew: 123436K->13696K(123520K), 0.0246940 secs] 257661K->174000K(397848K), 0.0247400 secs] [Times: user=0.19 sys=0.00, real=0.02 secs] 
168.727: Total time for which application threads were stopped: 0.0249760 seconds, Stopping threads took: 0.0001470 seconds
168.762: Application time: 0.0349910 seconds
168.762: [GC168.762: [ParNew: 123520K->13696K(123520K), 0.0254370 secs] 283824K->205233K(397848K), 0.0254900 secs] [Times: user=0.20 sys=0.00, real=0.02 secs] 
168.788: Total time for which application threads were stopped: 0.0256760 seconds, Stopping threads took: 0.0001180 seconds
168.831: Application time: 0.0430070 seconds
168.831: [GC168.831: [ParNew: 123520K->13696K(123520K), 0.0289120 secs] 315057K->236284K(397848K), 0.0289570 secs] [Times: user=0.23 sys=0.00, real=0.03 secs] 
168.860: Total time for which application threads were stopped: 0.0291010 seconds, Stopping threads took: 0.0000740 seconds
168.918: Application time: 0.0577260 seconds
168.918: [GC168.918: [ParNew: 123520K->13694K(123520K), 0.0232040 secs] 346108K->250238K(397848K), 0.0232490 secs] [Times: user=0.18 sys=0.00, real=0.03 secs] 
168.941: Total time for which application threads were stopped: 0.0234130 seconds, Stopping threads took: 0.0000990 seconds
169.001: Application time: 0.0598700 seconds
169.001: [GC169.001: [ParNew: 123518K->13431K(123520K), 0.0196270 secs] 360062K->262823K(397848K), 0.0196720 secs] [Times: user=0.15 sys=0.00, real=0.02 secs] 
169.021: Total time for which application threads were stopped: 0.0198470 seconds, Stopping threads took: 0.0001100 seconds
169.075: Application time: 0.0541780 seconds
169.075: [GC169.075: [ParNew: 123255K->13696K(123520K), 0.0180610 secs] 372647K->272912K(397848K), 0.0181060 secs] [Times: user=0.14 sys=0.00, real=0.02 secs] 
169.093: Total time for which application threads were stopped: 0.0182720 seconds, Stopping threads took: 0.0000980 seconds
169.142: Application time: 0.0487440 seconds
169.145: [GC169.145: [ParNew: 123520K->13696K(123520K), 0.0230260 secs]169.168: [Tenured: 279699K->132664K(280088K), 0.2154720 secs] 382736K->132664K(403608K), [Perm : 9149K->9149K(21248K)], 0.2387870 secs] [Times: user=0.39 sys=0.01, real=0.24 secs] 
169.383: Total time for which application threads were stopped: 0.2415230 seconds, Stopping threads took: 0.0026530 seconds
169.428: Application time: 0.0446640 seconds
169.428: [GC169.428: [ParNew: 109824K->13696K(123520K), 0.0233050 secs] 242488K->157633K(397848K), 0.0233500 secs] [Times: user=0.15 sys=0.00, real=0.02 secs] 
169.452: Total time for which application threads were stopped: 0.0235860 seconds, Stopping threads took: 0.0001480 seconds
169.500: Application time: 0.0485270 seconds
169.500: [GC169.500: [ParNew: 123520K->13696K(123520K), 0.0258880 secs] 267457K->182560K(397848K), 0.0259340 secs] [Times: user=0.20 sys=0.00, real=0.03 secs] 
169.526: Total time for which application threads were stopped: 0.0260760 seconds, Stopping threads took: 0.0000750 seconds
169.565: Application time: 0.0383410 seconds
169.565: [GC169.565: [ParNew: 123520K->13696K(123520K), 0.0247690 secs] 292384K->209802K(397848K), 0.0248140 secs] [Times: user=0.19 sys=0.00, real=0.02 secs] 
169.590: Total time for which application threads were stopped: 0.0249740 seconds, Stopping threads took: 0.0000940 seconds
169.628: Application time: 0.0380570 seconds
169.628: [GC169.628: [ParNew: 123520K->13696K(123520K), 0.0262440 secs] 319626K->241426K(397848K), 0.0262890 secs] [Times: user=0.21 sys=0.00, real=0.03 secs] 
169.654: Total time for which application threads were stopped: 0.0264780 seconds, Stopping threads took: 0.0001210 seconds
169.705: Application time: 0.0504080 seconds
169.705: [GC169.705: [ParNew: 123520K->13696K(123520K), 0.0280890 secs] 351250K->266185K(397848K), 0.0281340 secs] [Times: user=0.23 sys=0.00, real=0.03 secs] 
169.733: Total time for which application threads were stopped: 0.0283440 seconds, Stopping threads took: 0.0001290 seconds
169.791: Application time: 0.0584760 seconds
169.791: [GC169.792: [ParNew: 123520K->13690K(123520K), 0.0205300 secs] 376009K->279487K(397848K), 0.0205720 secs] [Times: user=0.16 sys=0.00, real=0.02 secs] 
169.812: Total time for which application threads were stopped: 0.0207440 seconds, Stopping threads took: 0.0001060 seconds
169.871: Application time: 0.0591860 seconds
169.871: [GC169.871: [ParNew: 123514K->13696K(123520K), 0.0175770 secs]169.889: [Tenured: 274612K->134874K(274712K), 0.2108560 secs] 389311K->134874K(398232K), [Perm : 9149K->9149K(21248K)], 0.2285370 secs] [Times: user=0.35 sys=0.00, real=0.23 secs] 
170.100: Total time for which application threads were stopped: 0.2287660 seconds, Stopping threads took: 0.0001410 seconds
170.147: Application time: 0.0473570 seconds
170.148: [GC170.148: [ParNew: 109824K->13696K(123520K), 0.0127900 secs] 244698K->154273K(397848K), 0.0128340 secs] [Times: user=0.10 sys=0.00, real=0.01 secs] 
170.160: Total time for which application threads were stopped: 0.0129850 seconds, Stopping threads took: 0.0000830 seconds
170.206: Application time: 0.0451770 seconds
170.206: [GC170.206: [ParNew: 123520K->13696K(123520K), 0.0239050 secs] 264097K->179225K(397848K), 0.0239510 secs] [Times: user=0.19 sys=0.00, real=0.02 secs] 
170.230: Total time for which application threads were stopped: 0.0241910 seconds, Stopping threads took: 0.0001410 seconds
170.278: Application time: 0.0479550 seconds
170.278: [GC170.278: [ParNew: 123520K->13696K(123520K), 0.0254720 secs] 289049K->203546K(397848K), 0.0255170 secs] [Times: user=0.21 sys=0.00, real=0.03 secs] 
170.303: Total time for which application threads were stopped: 0.0256960 seconds, Stopping threads took: 0.0001080 seconds
170.348: Application time: 0.0447850 seconds
170.348: [GC170.348: [ParNew: 123520K->13696K(123520K), 0.0249020 secs] 313370K->227598K(397848K), 0.0249460 secs] [Times: user=0.20 sys=0.00, real=0.03 secs] 
170.373: Total time for which application threads were stopped: 0.0250980 seconds, Stopping threads took: 0.0000860 seconds
170.410: Application time: 0.0370930 seconds
170.411: [GC170.411: [ParNew: 123475K->13696K(123520K), 0.0254510 secs] 337378K->257536K(397848K), 0.0254960 secs] [Times: user=0.20 sys=0.00, real=0.03 secs] 
170.436: Total time for which application threads were stopped: 0.0256630 seconds, Stopping threads took: 0.0001000 seconds
170.478: Application time: 0.0419760 seconds
170.478: [GC170.478: [ParNew: 123520K->13696K(123520K), 0.0271530 secs] 367360K->286982K(397848K), 0.0272030 secs] [Times: user=0.21 sys=0.00, real=0.03 secs] 
170.507: Total time for which application threads were stopped: 0.0289600 seconds, Stopping threads took: 0.0000880 seconds
170.564: Application time: 0.0571070 seconds
170.564: [GC170.564: [ParNew: 123520K->13696K(123520K), 0.0257590 secs]170.590: [Tenured: 289409K->163941K(289688K), 0.2568350 secs] 396806K->163941K(413208K), [Perm : 9149K->9149K(21248K)], 0.2831690 secs] [Times: user=0.46 sys=0.01, real=0.28 secs] 
170.847: Total time for which application threads were stopped: 0.2833290 seconds, Stopping threads took: 0.0000910 seconds
170.905: Application time: 0.0579060 seconds
170.906: [GC170.906: [ParNew: 109824K->13394K(123520K), 0.0098620 secs] 273765K->177335K(397848K), 0.0099040 secs] [Times: user=0.08 sys=0.00, real=0.01 secs] 
170.915: Total time for which application threads were stopped: 0.0101070 seconds, Stopping threads took: 0.0001270 seconds
170.964: Application time: 0.0486460 seconds
170.964: [GC170.964: [ParNew: 123218K->13696K(123520K), 0.0184860 secs] 287159K->190596K(397848K), 0.0185310 secs] [Times: user=0.15 sys=0.00, real=0.02 secs] 
170.983: Total time for which application threads were stopped: 0.0187050 seconds, Stopping threads took: 0.0001050 seconds
171.030: Application time: 0.0467110 seconds
171.030: [GC171.030: [ParNew: 123520K->13696K(123520K), 0.0223990 secs] 300420K->211900K(397848K), 0.0224440 secs] [Times: user=0.17 sys=0.00, real=0.02 secs] 
171.052: Total time for which application threads were stopped: 0.0226090 seconds, Stopping threads took: 0.0000940 seconds
171.099: Application time: 0.0473050 seconds
171.100: [GC171.100: [ParNew: 123520K->13696K(123520K), 0.0238440 secs] 321724K->233705K(397848K), 0.0238900 secs] [Times: user=0.19 sys=0.00, real=0.03 secs] 
171.123: Total time for which application threads were stopped: 0.0240270 seconds, Stopping threads took: 0.0000670 seconds
171.171: Application time: 0.0473340 seconds
171.171: [GC171.171: [ParNew: 123520K->13696K(123520K), 0.0242650 secs] 343529K->256687K(397848K), 0.0243190 secs] [Times: user=0.19 sys=0.00, real=0.03 secs] 
171.195: Total time for which application threads were stopped: 0.0245630 seconds, Stopping threads took: 0.0001750 seconds
171.236: Application time: 0.0410690 seconds
171.237: [GC171.237: [ParNew: 123520K->13696K(123520K), 0.0245680 secs] 366511K->282444K(397848K), 0.0246110 secs] [Times: user=0.19 sys=0.00, real=0.03 secs] 
171.261: Total time for which application threads were stopped: 0.0247700 seconds, Stopping threads took: 0.0000930 seconds
171.301: Application time: 0.0401110 seconds
171.302: [GC171.302: [ParNew: 123520K->13696K(123520K), 0.0283080 secs]171.330: [Tenured: 300656K->142673K(301016K), 0.2368810 secs] 392268K->142673K(424536K), [Perm : 9149K->9149K(21248K)], 0.2661870 secs] [Times: user=0.45 sys=0.00, real=0.26 secs] 
171.568: Total time for which application threads were stopped: 0.2664240 seconds, Stopping threads took: 0.0001640 seconds
171.614: Application time: 0.0461310 seconds
171.614: [GC171.614: [ParNew: 109824K->13696K(123520K), 0.0177170 secs] 252497K->166943K(397848K), 0.0177630 secs] [Times: user=0.14 sys=0.00, real=0.01 secs] 
171.632: Total time for which application threads were stopped: 0.0179530 seconds, Stopping threads took: 0.0001120 seconds
171.689: Application time: 0.0567940 seconds
171.689: [GC171.689: [ParNew: 123520K->13694K(123520K), 0.0206820 secs] 276767K->180157K(397848K), 0.0207240 secs] [Times: user=0.16 sys=0.00, real=0.02 secs] 
171.710: Total time for which application threads were stopped: 0.0208930 seconds, Stopping threads took: 0.0001040 seconds
171.763: Application time: 0.0530940 seconds
171.763: [GC171.763: [ParNew: 123518K->13696K(123520K), 0.0188590 secs] 289981K->192041K(397848K), 0.0189040 secs] [Times: user=0.15 sys=0.00, real=0.02 secs] 
171.782: Total time for which application threads were stopped: 0.0190610 seconds, Stopping threads took: 0.0000900 seconds
171.829: Application time: 0.0473490 seconds
171.829: [GC171.829: [ParNew: 123520K->13696K(123520K), 0.0211570 secs] 301865K->210260K(397848K), 0.0212000 secs] [Times: user=0.17 sys=0.00, real=0.02 secs] 
171.850: Total time for which application threads were stopped: 0.0213790 seconds, Stopping threads took: 0.0001120 seconds
171.895: Application time: 0.0447870 seconds
171.895: [GC171.895: [ParNew: 123520K->13696K(123520K), 0.0242000 secs] 320084K->234758K(397848K), 0.0242450 secs] [Times: user=0.19 sys=0.00, real=0.02 secs] 
171.920: Total time for which application threads were stopped: 0.0243820 seconds, Stopping threads took: 0.0000690 seconds
171.971: Application time: 0.0512330 seconds
171.971: [GC171.971: [ParNew: 123520K->13696K(123520K), 0.0238880 secs] 344582K->254378K(397848K), 0.0239340 secs] [Times: user=0.19 sys=0.00, real=0.03 secs] 
171.995: Total time for which application threads were stopped: 0.0241300 seconds, Stopping threads took: 0.0001280 seconds
172.037: Application time: 0.0418140 seconds
172.037: [GC172.037: [ParNew: 123520K->13696K(123520K), 0.0236270 secs] 364202K->278067K(397848K), 0.0236730 secs] [Times: user=0.18 sys=0.00, real=0.03 secs] 
172.061: Total time for which application threads were stopped: 0.0238220 seconds, Stopping threads took: 0.0000820 seconds
172.099: Application time: 0.0381290 seconds
172.099: [GC172.099: [ParNew: 123520K->13696K(123520K), 0.0273440 secs]172.126: [Tenured: 296856K->146603K(296984K), 0.2251000 secs] 387891K->146603K(420504K), [Perm : 9149K->9149K(21248K)], 0.2532480 secs] [Times: user=0.43 sys=0.01, real=0.25 secs] 
172.352: Total time for which application threads were stopped: 0.2534060 seconds, Stopping threads took: 0.0000890 seconds
172.394: Application time: 0.0420510 seconds
172.394: [GC172.394: [ParNew: 109824K->13696K(123520K), 0.0199480 secs] 256427K->176244K(397848K), 0.0199910 secs] [Times: user=0.16 sys=0.00, real=0.02 secs] 
172.414: Total time for which application threads were stopped: 0.0201470 seconds, Stopping threads took: 0.0000790 seconds
172.470: Application time: 0.0555010 seconds
172.470: [GC172.470: [ParNew: 123520K->13696K(123520K), 0.0231770 secs] 286068K->191403K(397848K), 0.0232300 secs] [Times: user=0.19 sys=0.00, real=0.03 secs] 
172.493: Total time for which application threads were stopped: 0.0233970 seconds, Stopping threads took: 0.0001010 seconds
172.553: Application time: 0.0595430 seconds
172.553: [GC172.553: [ParNew: 123520K->13483K(123520K), 0.0196230 secs] 301227K->204299K(397848K), 0.0196660 secs] [Times: user=0.15 sys=0.00, real=0.02 secs] 
172.573: Total time for which application threads were stopped: 0.0198750 seconds, Stopping threads took: 0.0001430 seconds
172.625: Application time: 0.0524190 seconds
172.625: [GC172.625: [ParNew: 123307K->13696K(123520K), 0.0175900 secs] 314123K->214469K(397848K), 0.0176340 secs] [Times: user=0.14 sys=0.00, real=0.02 secs] 
172.643: Total time for which application threads were stopped: 0.0177980 seconds, Stopping threads took: 0.0000750 seconds
172.684: Application time: 0.0406690 seconds
172.684: [GC172.684: [ParNew: 123520K->13696K(123520K), 0.0239210 secs] 324293K->240267K(397848K), 0.0239660 secs] [Times: user=0.18 sys=0.00, real=0.02 secs] 
172.708: Total time for which application threads were stopped: 0.0241660 seconds, Stopping threads took: 0.0001310 seconds
172.757: Application time: 0.0491780 seconds
172.757: [GC172.757: [ParNew: 123520K->13696K(123520K), 0.0260270 secs] 350091K->265725K(397848K), 0.0260740 secs] [Times: user=0.21 sys=0.00, real=0.03 secs] 
172.783: Total time for which application threads were stopped: 0.0262190 seconds, Stopping threads took: 0.0000780 seconds
172.832: Application time: 0.0493100 seconds
172.833: [GC172.833: [ParNew: 123497K->13696K(123520K), 0.0226440 secs] 375526K->282373K(397848K), 0.0226920 secs] [Times: user=0.17 sys=0.00, real=0.02 secs] 
172.855: Total time for which application threads were stopped: 0.0229260 seconds, Stopping threads took: 0.0001670 seconds
172.892: Application time: 0.0368720 seconds
172.892: [GC172.892: [ParNew: 123520K->13696K(123520K), 0.0243980 secs]172.917: [Tenured: 297484K->138192K(297560K), 0.2093410 secs] 392197K->138192K(421080K), [Perm : 9149K->9149K(21248K)], 0.2346490 secs] [Times: user=0.40 sys=0.00, real=0.24 secs] 
173.127: Total time for which application threads were stopped: 0.2348190 seconds, Stopping threads took: 0.0000970 seconds
173.167: Application time: 0.0394380 seconds
173.167: [GC173.167: [ParNew: 109824K->13696K(123520K), 0.0216620 secs] 248016K->172670K(397848K), 0.0217070 secs] [Times: user=0.17 sys=0.00, real=0.02 secs] 
173.188: Total time for which application threads were stopped: 0.0218760 seconds, Stopping threads took: 0.0000850 seconds
173.238: Application time: 0.0500750 seconds
173.239: [GC173.239: [ParNew: 123520K->13696K(123520K), 0.0278160 secs] 282494K->195907K(397848K), 0.0278580 secs] [Times: user=0.22 sys=0.00, real=0.03 secs] 
173.267: Total time for which application threads were stopped: 0.0280620 seconds, Stopping threads took: 0.0001390 seconds
173.324: Application time: 0.0569970 seconds
173.324: [GC173.324: [ParNew: 123520K->13695K(123520K), 0.0199610 secs] 305731K->209378K(397848K), 0.0200060 secs] [Times: user=0.16 sys=0.00, real=0.02 secs] 
173.344: Total time for which application threads were stopped: 0.0201630 seconds, Stopping threads took: 0.0000900 seconds
173.402: Application time: 0.0587010 seconds
173.403: [GC173.403: [ParNew: 123519K->10368K(123520K), 0.0167980 secs] 319202K->214752K(397848K), 0.0168420 secs] [Times: user=0.13 sys=0.00, real=0.01 secs] 
173.419: Total time for which application threads were stopped: 0.0170020 seconds, Stopping threads took: 0.0000950 seconds
173.460: Application time: 0.0405500 seconds
173.460: [GC173.460: [ParNew: 120192K->13696K(123520K), 0.0216550 secs] 324576K->237924K(397848K), 0.0217020 secs] [Times: user=0.18 sys=0.00, real=0.03 secs] 
173.482: Total time for which application threads were stopped: 0.0218520 seconds, Stopping threads took: 0.0000820 seconds
173.527: Application time: 0.0449220 seconds
173.527: [GC173.527: [ParNew: 123520K->13696K(123520K), 0.0247920 secs] 347748K->264939K(397848K), 0.0248470 secs] [Times: user=0.19 sys=0.00, real=0.02 secs] 
173.552: Total time for which application threads were stopped: 0.0250120 seconds, Stopping threads took: 0.0000970 seconds
173.608: Application time: 0.0559320 seconds
173.608: [GC173.608: [ParNew: 123520K->13696K(123520K), 0.0226480 secs] 374763K->279077K(397848K), 0.0226920 secs] [Times: user=0.18 sys=0.00, real=0.02 secs] 
173.631: Total time for which application threads were stopped: 0.0228730 seconds, Stopping threads took: 0.0001140 seconds
173.673: Application time: 0.0419590 seconds
173.673: [GC173.673: [ParNew: 123520K->13696K(123520K), 0.0241360 secs]173.697: [Tenured: 289539K->128134K(290264K), 0.1928890 secs] 388901K->128134K(413784K), [Perm : 9149K->9149K(21248K)], 0.2176560 secs] [Times: user=0.39 sys=0.00, real=0.21 secs] 
173.890: Total time for which application threads were stopped: 0.2178510 seconds, Stopping threads took: 0.0001110 seconds
173.925: Application time: 0.0343480 seconds
173.925: [GC173.925: [ParNew: 109824K->13696K(123520K), 0.0175040 secs] 237958K->160175K(397848K), 0.0175490 secs] [Times: user=0.14 sys=0.00, real=0.02 secs] 
173.942: Total time for which application threads were stopped: 0.0177090 seconds, Stopping threads took: 0.0000900 seconds
173.986: Application time: 0.0440340 seconds
173.987: [GC173.987: [ParNew: 123520K->13696K(123520K), 0.0303240 secs] 269999K->194246K(397848K), 0.0303690 secs] [Times: user=0.24 sys=0.00, real=0.03 secs] 
174.017: Total time for which application threads were stopped: 0.0305610 seconds, Stopping threads took: 0.0001260 seconds
174.073: Application time: 0.0558520 seconds
174.073: [GC174.073: [ParNew: 123520K->13696K(123520K), 0.0216000 secs] 304070K->207715K(397848K), 0.0216430 secs] [Times: user=0.17 sys=0.00, real=0.02 secs] 
174.095: Total time for which application threads were stopped: 0.0218100 seconds, Stopping threads took: 0.0001010 seconds
174.156: Application time: 0.0610130 seconds
174.156: [GC174.156: [ParNew: 123520K->12626K(123520K), 0.0189920 secs] 317539K->218481K(397848K), 0.0190350 secs] [Times: user=0.15 sys=0.00, real=0.02 secs] 
174.175: Total time for which application threads were stopped: 0.0191940 seconds, Stopping threads took: 0.0000920 seconds
174.226: Application time: 0.0506250 seconds
174.226: [GC174.226: [ParNew: 122450K->13696K(123520K), 0.0181650 secs] 328305K->230816K(397848K), 0.0182120 secs] [Times: user=0.14 sys=0.00, real=0.02 secs] 
174.244: Total time for which application threads were stopped: 0.0184640 seconds, Stopping threads took: 0.0001730 seconds
174.286: Application time: 0.0416770 seconds
174.286: [GC174.286: [ParNew: 123520K->13696K(123520K), 0.0243270 secs] 340640K->257068K(397848K), 0.0243730 secs] [Times: user=0.19 sys=0.00, real=0.02 secs] 
174.310: Total time for which application threads were stopped: 0.0245630 seconds, Stopping threads took: 0.0001190 seconds
174.361: Application time: 0.0510250 seconds
174.361: [GC174.361: [ParNew: 123520K->13696K(123520K), 0.0257570 secs] 366892K->281067K(397848K), 0.0258020 secs] [Times: user=0.21 sys=0.00, real=0.02 secs] 
174.387: Total time for which application threads were stopped: 0.0259440 seconds, Stopping threads took: 0.0000770 seconds
174.437: Application time: 0.0492850 seconds
174.437: [GC174.437: [ParNew: 123391K->13696K(123520K), 0.0219120 secs]174.459: [Tenured: 283847K->110176K(284312K), 0.1876920 secs] 390762K->110176K(407832K), [Perm : 9149K->9149K(21248K)], 0.2100820 secs] [Times: user=0.35 sys=0.00, real=0.21 secs] 
174.647: Total time for which application threads were stopped: 0.2102640 seconds, Stopping threads took: 0.0001090 seconds
174.683: Application time: 0.0361530 seconds
174.683: [GC174.683: [ParNew: 109818K->13696K(123520K), 0.0163210 secs] 219994K->140321K(397848K), 0.0163680 secs] [Times: user=0.13 sys=0.00, real=0.01 secs] 
174.699: Total time for which application threads were stopped: 0.0165290 seconds, Stopping threads took: 0.0000930 seconds
174.738: Application time: 0.0383000 seconds
174.738: [GC174.738: [ParNew: 123520K->13696K(123520K), 0.0275690 secs] 250145K->174187K(397848K), 0.0276220 secs] [Times: user=0.22 sys=0.00, real=0.03 secs] 
174.766: Total time for which application threads were stopped: 0.0278320 seconds, Stopping threads took: 0.0001310 seconds
174.817: Application time: 0.0513050 seconds
174.817: [GC174.817: [ParNew: 123520K->13694K(123520K), 0.0281570 secs] 284011K->196726K(397848K), 0.0281990 secs] [Times: user=0.22 sys=0.00, real=0.03 secs] 
174.845: Total time for which application threads were stopped: 0.0283260 seconds, Stopping threads took: 0.0000600 seconds
174.903: Application time: 0.0580660 seconds
174.903: [GC174.903: [ParNew: 123518K->13694K(123520K), 0.0206800 secs] 306550K->210101K(397848K), 0.0207220 secs] [Times: user=0.16 sys=0.00, real=0.02 secs] 
174.924: Total time for which application threads were stopped: 0.0209200 seconds, Stopping threads took: 0.0001320 seconds
174.982: Application time: 0.0578380 seconds
174.982: [GC174.982: [ParNew: 123518K->13502K(123520K), 0.0163030 secs] 319925K->218033K(397848K), 0.0163450 secs] [Times: user=0.13 sys=0.00, real=0.01 secs] 
174.999: Total time for which application threads were stopped: 0.0165410 seconds, Stopping threads took: 0.0001310 seconds
175.042: Application time: 0.0433990 seconds
175.042: [GC175.042: [ParNew: 123326K->13696K(123520K), 0.0208240 secs] 327857K->236216K(397848K), 0.0208700 secs] [Times: user=0.16 sys=0.00, real=0.02 secs] 
175.063: Total time for which application threads were stopped: 0.0210520 seconds, Stopping threads took: 0.0001120 seconds
175.109: Application time: 0.0457030 seconds
175.109: [GC175.109: [ParNew: 123520K->13696K(123520K), 0.0261190 secs] 346040K->264363K(397848K), 0.0261640 secs] [Times: user=0.19 sys=0.00, real=0.03 secs] 
175.135: Total time for which application threads were stopped: 0.0263720 seconds, Stopping threads took: 0.0001400 seconds
175.185: Application time: 0.0494660 seconds
175.185: [GC175.185: [ParNew: 123520K->13696K(123520K), 0.0251780 secs] 374187K->284509K(397848K), 0.0252220 secs] [Times: user=0.20 sys=0.00, real=0.02 secs] 
175.210: Total time for which application threads were stopped: 0.0254100 seconds, Stopping threads took: 0.0001210 seconds
175.251: Application time: 0.0414790 seconds
175.252: [GC175.252: [ParNew: 123520K->13696K(123520K), 0.0246180 secs]175.276: [Tenured: 296761K->142035K(296792K), 0.2176390 secs] 394333K->142035K(420312K), [Perm : 9149K->9149K(21248K)], 0.2430470 secs] [Times: user=0.41 sys=0.01, real=0.25 secs] 
175.495: Total time for which application threads were stopped: 0.2432380 seconds, Stopping threads took: 0.0001100 seconds
175.538: Application time: 0.0430910 seconds
175.538: [GC175.538: [ParNew: 109824K->13696K(123520K), 0.0195690 secs] 251859K->172388K(397848K), 0.0196180 secs] [Times: user=0.16 sys=0.00, real=0.02 secs] 
175.558: Total time for which application threads were stopped: 0.0197870 seconds, Stopping threads took: 0.0001000 seconds
175.600: Application time: 0.0420690 seconds
175.600: [GC175.600: [ParNew: 123520K->13696K(123520K), 0.0255150 secs] 282212K->197599K(397848K), 0.0255600 secs] [Times: user=0.20 sys=0.00, real=0.03 secs] 
175.625: Total time for which application threads were stopped: 0.0257320 seconds, Stopping threads took: 0.0001060 seconds
175.683: Application time: 0.0576730 seconds
175.683: [GC175.683: [ParNew: 123520K->13696K(123520K), 0.0239640 secs] 307423K->213800K(397848K), 0.0240090 secs] [Times: user=0.19 sys=0.00, real=0.02 secs] 
175.707: Total time for which application threads were stopped: 0.0242260 seconds, Stopping threads took: 0.0001300 seconds
175.768: Application time: 0.0602480 seconds
175.768: [GC175.768: [ParNew: 123520K->13689K(123520K), 0.0199830 secs] 323624K->227123K(397848K), 0.0200270 secs] [Times: user=0.15 sys=0.00, real=0.02 secs] 
175.788: Total time for which application threads were stopped: 0.0201690 seconds, Stopping threads took: 0.0000650 seconds
175.837: Application time: 0.0493210 seconds
175.837: [GC175.837: [ParNew: 123223K->13696K(123520K), 0.0194700 secs] 336658K->240473K(397848K), 0.0195250 secs] [Times: user=0.16 sys=0.00, real=0.02 secs] 
175.857: Total time for which application threads were stopped: 0.0197840 seconds, Stopping threads took: 0.0001700 seconds
175.901: Application time: 0.0441740 seconds
175.905: [GC175.905: [ParNew: 123520K->13696K(123520K), 0.0241650 secs] 350297K->264227K(397848K), 0.0242110 secs] [Times: user=0.18 sys=0.00, real=0.02 secs] 
175.929: Total time for which application threads were stopped: 0.0279280 seconds, Stopping threads took: 0.0036300 seconds
175.979: Application time: 0.0499860 seconds
175.979: [GC175.979: [ParNew: 123520K->13696K(123520K), 0.0232350 secs] 374051K->284173K(397848K), 0.0232790 secs] [Times: user=0.19 sys=0.00, real=0.03 secs] 
176.002: Total time for which application threads were stopped: 0.0234150 seconds, Stopping threads took: 0.0000670 seconds
176.047: Application time: 0.0446150 seconds
176.047: [GC176.047: [ParNew: 123520K->13696K(123520K), 0.0261000 secs]176.073: [Tenured: 295909K->133444K(296024K), 0.2033700 secs] 393997K->133444K(419544K), [Perm : 9149K->9149K(21248K)], 0.2302510 secs] [Times: user=0.40 sys=0.01, real=0.23 secs] 
176.277: Total time for which application threads were stopped: 0.2304270 seconds, Stopping threads took: 0.0001080 seconds
176.317: Application time: 0.0392620 seconds
176.317: [GC176.317: [ParNew: 109824K->13696K(123520K), 0.0159980 secs] 243268K->160883K(397848K), 0.0160440 secs] [Times: user=0.12 sys=0.00, real=0.02 secs] 
176.333: Total time for which application threads were stopped: 0.0162060 seconds, Stopping threads took: 0.0000810 seconds
176.375: Application time: 0.0425090 seconds
176.376: [GC176.376: [ParNew: 123520K->13696K(123520K), 0.0283410 secs] 270707K->192912K(397848K), 0.0283860 secs] [Times: user=0.23 sys=0.00, real=0.03 secs] 
176.404: Total time for which application threads were stopped: 0.0285680 seconds, Stopping threads took: 0.0001050 seconds
176.454: Application time: 0.0499940 seconds
176.454: [GC176.454: [ParNew: 123520K->13696K(123520K), 0.0259230 secs] 302736K->214184K(397848K), 0.0259680 secs] [Times: user=0.20 sys=0.00, real=0.02 secs] 
176.480: Total time for which application threads were stopped: 0.0261320 seconds, Stopping threads took: 0.0000980 seconds
176.539: Application time: 0.0588150 seconds
176.539: [GC176.539: [ParNew: 123520K->13684K(123520K), 0.0209600 secs] 324008K->227176K(397848K), 0.0210050 secs] [Times: user=0.16 sys=0.00, real=0.02 secs] 
176.560: Total time for which application threads were stopped: 0.0212000 seconds, Stopping threads took: 0.0001280 seconds
176.616: Application time: 0.0557430 seconds
176.616: [GC176.616: [ParNew: 123508K->13696K(123520K), 0.0179060 secs] 337000K->237097K(397848K), 0.0179510 secs] [Times: user=0.15 sys=0.00, real=0.02 secs] 
176.634: Total time for which application threads were stopped: 0.0181500 seconds, Stopping threads took: 0.0001310 seconds
176.678: Application time: 0.0436840 seconds
176.678: [GC176.678: [ParNew: 123520K->13696K(123520K), 0.0213010 secs] 346921K->257476K(397848K), 0.0213460 secs] [Times: user=0.17 sys=0.00, real=0.02 secs] 
176.699: Total time for which application threads were stopped: 0.0216070 seconds, Stopping threads took: 0.0001720 seconds
176.751: Application time: 0.0514230 seconds
176.751: [GC176.751: [ParNew: 123520K->13696K(123520K), 0.0249700 secs] 367300K->280585K(397848K), 0.0250130 secs] [Times: user=0.20 sys=0.00, real=0.03 secs] 
176.776: Total time for which application threads were stopped: 0.0251750 seconds, Stopping threads took: 0.0000930 seconds
176.822: Application time: 0.0458870 seconds
176.822: [GC176.822: [ParNew: 123419K->13696K(123520K), 0.0227740 secs]176.845: [Tenured: 286461K->129549K(286808K), 0.1943400 secs] 390308K->129549K(410328K), [Perm : 9149K->9149K(21248K)], 0.2176440 secs] [Times: user=0.37 sys=0.00, real=0.21 secs] 
177.040: Total time for which application threads were stopped: 0.2179840 seconds, Stopping threads took: 0.0002360 seconds
177.079: Application time: 0.0387340 seconds
177.079: [GC177.079: [ParNew: 109824K->13696K(123520K), 0.0172810 secs] 239373K->158839K(397848K), 0.0173360 secs] [Times: user=0.13 sys=0.00, real=0.02 secs] 
177.096: Total time for which application threads were stopped: 0.0175270 seconds, Stopping threads took: 0.0001230 seconds
177.136: Application time: 0.0397220 seconds
177.136: [GC177.136: [ParNew: 123520K->13696K(123520K), 0.0275870 secs] 268663K->191226K(397848K), 0.0276320 secs] [Times: user=0.22 sys=0.00, real=0.03 secs] 
177.164: Total time for which application threads were stopped: 0.0278380 seconds, Stopping threads took: 0.0001380 seconds
177.208: Application time: 0.0439330 seconds
177.208: [GC177.208: [ParNew: 123520K->13696K(123520K), 0.0276070 secs] 301050K->218081K(397848K), 0.0276510 secs] [Times: user=0.22 sys=0.00, real=0.03 secs] 
177.235: Total time for which application threads were stopped: 0.0277810 seconds, Stopping threads took: 0.0000630 seconds
177.292: Application time: 0.0565450 seconds
177.292: [GC177.292: [ParNew: 123520K->13695K(123520K), 0.0216020 secs] 327905K->231090K(397848K), 0.0216470 secs] [Times: user=0.17 sys=0.00, real=0.03 secs] 
177.314: Total time for which application threads were stopped: 0.0218250 seconds, Stopping threads took: 0.0001120 seconds
177.375: Application time: 0.0607960 seconds
177.375: [GC177.375: [ParNew: 123519K->12703K(123520K), 0.0191760 secs] 340914K->242085K(397848K), 0.0192210 secs] [Times: user=0.15 sys=0.00, real=0.02 secs] 
177.394: Total time for which application threads were stopped: 0.0194190 seconds, Stopping threads took: 0.0001200 seconds
177.441: Application time: 0.0471700 seconds
177.441: [GC177.441: [ParNew: 122527K->13696K(123520K), 0.0196660 secs] 351909K->257848K(397848K), 0.0197120 secs] [Times: user=0.16 sys=0.00, real=0.02 secs] 
177.461: Total time for which application threads were stopped: 0.0198650 seconds, Stopping threads took: 0.0000850 seconds
177.510: Application time: 0.0490280 seconds
177.512: [GC177.512: [ParNew: 123520K->13696K(123520K), 0.0243500 secs] 367672K->280265K(397848K), 0.0243960 secs] [Times: user=0.18 sys=0.01, real=0.03 secs] 
177.537: Total time for which application threads were stopped: 0.0267820 seconds, Stopping threads took: 0.0023140 seconds
177.587: Application time: 0.0504450 seconds
177.587: [GC177.587: [ParNew: 123321K->13696K(123520K), 0.0221930 secs]177.610: [Tenured: 284194K->120246K(284312K), 0.2072510 secs] 389890K->120246K(407832K), [Perm : 9149K->9149K(21248K)], 0.2298950 secs] [Times: user=0.37 sys=0.00, real=0.23 secs] 
177.817: Total time for which application threads were stopped: 0.2300730 seconds, Stopping threads took: 0.0001060 seconds
177.858: Application time: 0.0410960 seconds
177.859: [GC177.859: [ParNew: 109799K->13696K(123520K), 0.0158520 secs] 230045K->147000K(397848K), 0.0158980 secs] [Times: user=0.12 sys=0.00, real=0.02 secs] 
177.875: Total time for which application threads were stopped: 0.0160760 seconds, Stopping threads took: 0.0001100 seconds
177.912: Application time: 0.0371140 seconds
177.912: [GC177.912: [ParNew: 123520K->13696K(123520K), 0.0250980 secs] 256824K->177651K(397848K), 0.0251440 secs] [Times: user=0.20 sys=0.00, real=0.03 secs] 
177.937: Total time for which application threads were stopped: 0.0253380 seconds, Stopping threads took: 0.0001150 seconds
177.976: Application time: 0.0391890 seconds
177.976: [GC177.976: [ParNew: 123520K->13696K(123520K), 0.0280340 secs] 287475K->209679K(397848K), 0.0280790 secs] [Times: user=0.21 sys=0.01, real=0.03 secs] 
178.004: Total time for which application threads were stopped: 0.0282670 seconds, Stopping threads took: 0.0001110 seconds
178.059: Application time: 0.0542830 seconds
178.059: [GC178.059: [ParNew: 123520K->13696K(123520K), 0.0272350 secs] 319503K->229242K(397848K), 0.0272760 secs] [Times: user=0.21 sys=0.00, real=0.03 secs] 
178.086: Total time for which application threads were stopped: 0.0274630 seconds, Stopping threads took: 0.0001240 seconds
178.145: Application time: 0.0587060 seconds
178.145: [GC178.145: [ParNew: 123520K->13694K(123520K), 0.0201390 secs] 339066K->242603K(397848K), 0.0201920 secs] [Times: user=0.16 sys=0.00, real=0.02 secs] 
178.165: Total time for which application threads were stopped: 0.0203700 seconds, Stopping threads took: 0.0001110 seconds
178.220: Application time: 0.0547670 seconds
178.220: [GC178.220: [ParNew: 123518K->13696K(123520K), 0.0167520 secs] 352427K->251237K(397848K), 0.0167960 secs] [Times: user=0.13 sys=0.00, real=0.02 secs] 
178.237: Total time for which application threads were stopped: 0.0169490 seconds, Stopping threads took: 0.0000850 seconds
178.279: Application time: 0.0422970 seconds
178.279: [GC178.279: [ParNew: 123520K->13696K(123520K), 0.0208460 secs] 361061K->270530K(397848K), 0.0208930 secs] [Times: user=0.16 sys=0.00, real=0.02 secs] 
178.300: Total time for which application threads were stopped: 0.0210820 seconds, Stopping threads took: 0.0001190 seconds
178.355: Application time: 0.0541780 seconds
178.355: [GC178.355: [ParNew: 123498K->13696K(123520K), 0.0247530 secs]178.379: [Tenured: 278239K->127490K(278360K), 0.2112550 secs] 380333K->127490K(401880K), [Perm : 9149K->9149K(21248K)], 0.2362410 secs] [Times: user=0.40 sys=0.00, real=0.23 secs] 
178.591: Total time for which application threads were stopped: 0.2364070 seconds, Stopping threads took: 0.0000970 seconds
178.635: Application time: 0.0443990 seconds
178.636: [GC178.636: [ParNew: 109658K->13696K(123520K), 0.0131890 secs] 237149K->148519K(397848K), 0.0132350 secs] [Times: user=0.11 sys=0.00, real=0.01 secs] 
178.649: Total time for which application threads were stopped: 0.0134380 seconds, Stopping threads took: 0.0001240 seconds
178.687: Application time: 0.0382090 seconds
178.687: [GC178.687: [ParNew: 123520K->13696K(123520K), 0.0255570 secs] 258343K->179837K(397848K), 0.0256010 secs] [Times: user=0.20 sys=0.00, real=0.03 secs] 
178.713: Total time for which application threads were stopped: 0.0257200 seconds, Stopping threads took: 0.0000510 seconds
178.750: Application time: 0.0370740 seconds
178.750: [GC178.750: [ParNew: 123520K->13696K(123520K), 0.0289670 secs] 289661K->214697K(397848K), 0.0290130 secs] [Times: user=0.23 sys=0.00, real=0.03 secs] 
178.779: Total time for which application threads were stopped: 0.0291790 seconds, Stopping threads took: 0.0000970 seconds
178.827: Application time: 0.0481730 seconds
178.827: [GC178.827: [ParNew: 123520K->13696K(123520K), 0.0298840 secs] 324521K->242182K(397848K), 0.0299250 secs] [Times: user=0.24 sys=0.00, real=0.03 secs] 
178.857: Total time for which application threads were stopped: 0.0300780 seconds, Stopping threads took: 0.0000870 seconds
178.916: Application time: 0.0586940 seconds
178.916: [GC178.916: [ParNew: 123520K->13694K(123520K), 0.0209400 secs] 352006K->255616K(397848K), 0.0209840 secs] [Times: user=0.16 sys=0.00, real=0.02 secs] 
178.937: Total time for which application threads were stopped: 0.0211440 seconds, Stopping threads took: 0.0000950 seconds
178.998: Application time: 0.0604460 seconds
178.998: [GC178.998: [ParNew: 123518K->11212K(123520K), 0.0170950 secs] 365440K->261358K(397848K), 0.0171380 secs] [Times: user=0.13 sys=0.00, real=0.02 secs] 
179.015: Total time for which application threads were stopped: 0.0173160 seconds, Stopping threads took: 0.0001120 seconds
179.060: Application time: 0.0450960 seconds
179.060: [GC179.060: [ParNew: 121036K->13696K(123520K), 0.0195230 secs] 371182K->278980K(397848K), 0.0195670 secs] [Times: user=0.15 sys=0.00, real=0.02 secs] 
179.080: Total time for which application threads were stopped: 0.0197770 seconds, Stopping threads took: 0.0001420 seconds
179.128: Application time: 0.0487520 seconds
179.129: [GC179.129: [ParNew: 123520K->13696K(123520K), 0.0241490 secs]179.153: [Tenured: 288503K->142115K(288728K), 0.2381360 secs] 388804K->142115K(412248K), [Perm : 9149K->9149K(21248K)], 0.2628340 secs] [Times: user=0.43 sys=0.01, real=0.26 secs] 
179.391: Total time for which application threads were stopped: 0.2629780 seconds, Stopping threads took: 0.0000760 seconds
179.444: Application time: 0.0528420 seconds
179.444: [GC179.444: [ParNew: 109824K->13696K(123520K), 0.0120700 secs] 251939K->157923K(397848K), 0.0121260 secs] [Times: user=0.09 sys=0.00, real=0.01 secs] 
179.457: Total time for which application threads were stopped: 0.0122850 seconds, Stopping threads took: 0.0000660 seconds
179.496: Application time: 0.0396530 seconds
179.496: [GC179.496: [ParNew: 123520K->13696K(123520K), 0.0248110 secs] 267747K->184760K(397848K), 0.0248550 secs] [Times: user=0.19 sys=0.00, real=0.03 secs] 
179.521: Total time for which application threads were stopped: 0.0250130 seconds, Stopping threads took: 0.0000910 seconds
179.557: Application time: 0.0355100 seconds
179.557: [GC179.557: [ParNew: 123520K->13696K(123520K), 0.0256290 secs] 294584K->217411K(397848K), 0.0256740 secs] [Times: user=0.20 sys=0.00, real=0.03 secs] 
179.583: Total time for which application threads were stopped: 0.0258470 seconds, Stopping threads took: 0.0001060 seconds
179.626: Application time: 0.0434560 seconds
179.626: [GC179.626: [ParNew: 123520K->13696K(123520K), 0.0319940 secs] 327235K->252267K(397848K), 0.0320390 secs] [Times: user=0.26 sys=0.00, real=0.03 secs] 
179.658: Total time for which application threads were stopped: 0.0322080 seconds, Stopping threads took: 0.0001000 seconds
179.712: Application time: 0.0536940 seconds
179.712: [GC179.712: [ParNew: 123520K->13696K(123520K), 0.0248000 secs] 362091K->268395K(397848K), 0.0248440 secs] [Times: user=0.20 sys=0.00, real=0.03 secs] 
179.737: Total time for which application threads were stopped: 0.0249970 seconds, Stopping threads took: 0.0000880 seconds
179.797: Application time: 0.0599830 seconds
179.797: [GC179.797: [ParNew: 123520K->13695K(123520K), 0.0200540 secs] 378219K->281313K(397848K), 0.0200980 secs] [Times: user=0.16 sys=0.00, real=0.02 secs] 
179.817: Total time for which application threads were stopped: 0.0202570 seconds, Stopping threads took: 0.0000950 seconds
179.870: Application time: 0.0531350 seconds
179.871: [GC179.871: [ParNew: 123519K->13696K(123520K), 0.0171530 secs]179.888: [Tenured: 276906K->128685K(277016K), 0.2033670 secs] 391137K->128685K(400536K), [Perm : 9149K->9149K(21248K)], 0.2207000 secs] [Times: user=0.34 sys=0.00, real=0.22 secs] 
180.091: Total time for which application threads were stopped: 0.2208680 seconds, Stopping threads took: 0.0001010 seconds
180.134: Application time: 0.0429720 seconds
180.134: [GC180.134: [ParNew: 109824K->13696K(123520K), 0.0138480 secs] 238509K->151002K(397848K), 0.0138940 secs] [Times: user=0.10 sys=0.00, real=0.01 secs] 
180.148: Total time for which application threads were stopped: 0.0140790 seconds, Stopping threads took: 0.0001000 seconds
180.204: Application time: 0.0558650 seconds
180.204: [GC180.204: [ParNew: 123520K->13696K(123520K), 0.0231780 secs] 260826K->168839K(397848K), 0.0232250 secs] [Times: user=0.18 sys=0.00, real=0.02 secs] 
180.228: Total time for which application threads were stopped: 0.0233810 seconds, Stopping threads took: 0.0000900 seconds
180.272: Application time: 0.0443980 seconds
180.272: [GC180.272: [ParNew: 123499K->13696K(123520K), 0.0240540 secs] 278643K->191833K(397848K), 0.0240990 secs] [Times: user=0.19 sys=0.00, real=0.03 secs] 
180.296: Total time for which application threads were stopped: 0.0243110 seconds, Stopping threads took: 0.0001430 seconds
180.333: Application time: 0.0362760 seconds
180.333: [GC180.333: [ParNew: 123520K->13696K(123520K), 0.0237780 secs] 301657K->221400K(397848K), 0.0238220 secs] [Times: user=0.18 sys=0.00, real=0.02 secs] 
180.357: Total time for which application threads were stopped: 0.0239740 seconds, Stopping threads took: 0.0000860 seconds
180.394: Application time: 0.0372060 seconds
180.394: [GC180.394: [ParNew: 123520K->13696K(123520K), 0.0294050 secs] 331224K->257646K(397848K), 0.0294510 secs] [Times: user=0.24 sys=0.00, real=0.03 secs] 
180.423: Total time for which application threads were stopped: 0.0297520 seconds, Stopping threads took: 0.0002120 seconds
180.471: Application time: 0.0478010 seconds
180.471: [GC180.471: [ParNew: 123520K->13696K(123520K), 0.0298530 secs] 367470K->284478K(397848K), 0.0299060 secs] [Times: user=0.24 sys=0.00, real=0.04 secs] 
180.501: Total time for which application threads were stopped: 0.0300570 seconds, Stopping threads took: 0.0000840 seconds
180.560: Application time: 0.0589840 seconds
180.560: [GC180.560: [ParNew: 123520K->13695K(123520K), 0.0204790 secs]180.581: [Tenured: 283984K->145447K(284120K), 0.2486070 secs] 394302K->145447K(407640K), [Perm : 9149K->9149K(21248K)], 0.2694960 secs] [Times: user=0.41 sys=0.01, real=0.26 secs] 
180.830: Total time for which application threads were stopped: 0.2696610 seconds, Stopping threads took: 0.0000850 seconds
180.890: Application time: 0.0595470 seconds
180.890: [GC180.890: [ParNew: 109824K->12380K(123520K), 0.0104090 secs] 255271K->157828K(397848K), 0.0104530 secs] [Times: user=0.09 sys=0.00, real=0.01 secs] 
180.900: Total time for which application threads were stopped: 0.0105970 seconds, Stopping threads took: 0.0000660 seconds
180.945: Application time: 0.0449990 seconds
180.945: [GC180.945: [ParNew: 122180K->13696K(123520K), 0.0197720 secs] 267628K->174834K(397848K), 0.0198180 secs] [Times: user=0.15 sys=0.00, real=0.02 secs] 
180.965: Total time for which application threads were stopped: 0.0200310 seconds, Stopping threads took: 0.0001460 seconds
181.014: Application time: 0.0491660 seconds
181.014: [GC181.015: [ParNew: 123520K->13696K(123520K), 0.0237500 secs] 284658K->198074K(397848K), 0.0237960 secs] [Times: user=0.19 sys=0.00, real=0.02 secs] 
181.038: Total time for which application threads were stopped: 0.0239830 seconds, Stopping threads took: 0.0001190 seconds
181.091: Application time: 0.0527600 seconds
181.091: [GC181.091: [ParNew: 123520K->13696K(123520K), 0.0208620 secs] 307898K->212351K(397848K), 0.0209070 secs] [Times: user=0.16 sys=0.00, real=0.02 secs] 
181.112: Total time for which application threads were stopped: 0.0210850 seconds, Stopping threads took: 0.0001100 seconds
181.150: Application time: 0.0379120 seconds
181.150: [GC181.150: [ParNew: 123520K->13696K(123520K), 0.0234960 secs] 322175K->239166K(397848K), 0.0235400 secs] [Times: user=0.18 sys=0.00, real=0.03 secs] 
181.174: Total time for which application threads were stopped: 0.0236910 seconds, Stopping threads took: 0.0000830 seconds
181.209: Application time: 0.0347990 seconds
181.213: [GC181.213: [ParNew: 123520K->13696K(123520K), 0.0278990 secs] 348990K->274932K(397848K), 0.0279460 secs] [Times: user=0.22 sys=0.00, real=0.03 secs] 
181.241: Total time for which application threads were stopped: 0.0320030 seconds, Stopping threads took: 0.0039880 seconds
181.280: Application time: 0.0395750 seconds
181.280: [GC181.280: [ParNew: 123520K->13696K(123520K), 0.0302000 secs]181.311: [Tenured: 293734K->157251K(293912K), 0.2627890 secs] 384756K->157251K(417432K), [Perm : 9149K->9149K(21248K)], 0.2936980 secs] [Times: user=0.49 sys=0.01, real=0.30 secs] 
181.574: Total time for which application threads were stopped: 0.2938510 seconds, Stopping threads took: 0.0000850 seconds
181.630: Application time: 0.0561150 seconds
181.630: [GC181.630: [ParNew: 109824K->13696K(123520K), 0.0152320 secs] 267075K->174133K(397848K), 0.0152770 secs] [Times: user=0.12 sys=0.00, real=0.02 secs] 
181.646: Total time for which application threads were stopped: 0.0154680 seconds, Stopping threads took: 0.0001100 seconds
181.706: Application time: 0.0605860 seconds
181.706: [GC181.706: [ParNew: 123520K->13696K(123520K), 0.0193290 secs] 283957K->187429K(397848K), 0.0193710 secs] [Times: user=0.15 sys=0.00, real=0.02 secs] 
181.726: Total time for which application threads were stopped: 0.0195420 seconds, Stopping threads took: 0.0001060 seconds
181.777: Application time: 0.0515990 seconds
181.778: [GC181.778: [ParNew: 123297K->13696K(123520K), 0.0176680 secs] 297031K->197138K(397848K), 0.0177130 secs] [Times: user=0.13 sys=0.01, real=0.02 secs] 
181.795: Total time for which application threads were stopped: 0.0179390 seconds, Stopping threads took: 0.0001480 seconds
181.839: Application time: 0.0437310 seconds
181.839: [GC181.839: [ParNew: 123520K->13696K(123520K), 0.0216960 secs] 306962K->217540K(397848K), 0.0217580 secs] [Times: user=0.18 sys=0.00, real=0.03 secs] 
181.861: Total time for which application threads were stopped: 0.0219050 seconds, Stopping threads took: 0.0000790 seconds
181.918: Application time: 0.0570580 seconds
181.918: [GC181.918: [ParNew: 123520K->13696K(123520K), 0.0237660 secs] 327364K->235301K(397848K), 0.0238080 secs] [Times: user=0.19 sys=0.00, real=0.03 secs] 
181.942: Total time for which application threads were stopped: 0.0239500 seconds, Stopping threads took: 0.0000760 seconds
181.986: Application time: 0.0437300 seconds
181.986: [GC181.986: [ParNew: 123428K->13696K(123520K), 0.0235660 secs] 345033K->256928K(397848K), 0.0236120 secs] [Times: user=0.18 sys=0.00, real=0.02 secs] 
182.009: Total time for which application threads were stopped: 0.0237850 seconds, Stopping threads took: 0.0001030 seconds
182.043: Application time: 0.0333900 seconds
182.045: [GC182.045: [ParNew: 123520K->13696K(123520K), 0.0236200 secs] 366752K->287561K(397848K), 0.0236640 secs] [Times: user=0.19 sys=0.00, real=0.02 secs] 
182.068: Total time for which application threads were stopped: 0.0253850 seconds, Stopping threads took: 0.0016510 seconds
182.105: Application time: 0.0370050 seconds
182.105: [GC182.105: [ParNew: 123520K->13696K(123520K), 0.0306750 secs]182.136: [Tenured: 312065K->156116K(312152K), 0.2505860 secs] 397385K->156116K(435672K), [Perm : 9149K->9149K(21248K)], 0.2826320 secs] [Times: user=0.48 sys=0.02, real=0.28 secs] 
182.388: Total time for which application threads were stopped: 0.2828180 seconds, Stopping threads took: 0.0001140 seconds
182.438: Application time: 0.0502110 seconds
182.438: [GC182.438: [ParNew: 109824K->13696K(123520K), 0.0219420 secs] 265940K->182274K(397848K), 0.0219880 secs] [Times: user=0.17 sys=0.00, real=0.02 secs] 
182.460: Total time for which application threads were stopped: 0.0221750 seconds, Stopping threads took: 0.0001030 seconds
182.520: Application time: 0.0592630 seconds
182.520: [GC182.520: [ParNew: 123520K->13694K(123520K), 0.0198570 secs] 292098K->195786K(397848K), 0.0199010 secs] [Times: user=0.16 sys=0.00, real=0.02 secs] 
182.540: Total time for which application threads were stopped: 0.0200880 seconds, Stopping threads took: 0.0001220 seconds
182.599: Application time: 0.0589220 seconds
182.599: [GC182.599: [ParNew: 123518K->12900K(123520K), 0.0165170 secs] 305610K->202458K(397848K), 0.0165610 secs] [Times: user=0.13 sys=0.00, real=0.02 secs] 
182.615: Total time for which application threads were stopped: 0.0167600 seconds, Stopping threads took: 0.0001330 seconds
182.661: Application time: 0.0459130 seconds
182.662: [GC182.662: [ParNew: 122724K->13696K(123520K), 0.0192950 secs] 312282K->217805K(397848K), 0.0193390 secs] [Times: user=0.15 sys=0.00, real=0.02 secs] 
182.681: Total time for which application threads were stopped: 0.0195070 seconds, Stopping threads took: 0.0001010 seconds
182.729: Application time: 0.0478280 seconds
182.733: [GC182.733: [ParNew: 123520K->13696K(123520K), 0.0236700 secs] 327629K->240851K(397848K), 0.0237150 secs] [Times: user=0.18 sys=0.00, real=0.02 secs] 
182.756: Total time for which application threads were stopped: 0.0275900 seconds, Stopping threads took: 0.0038080 seconds
182.808: Application time: 0.0518970 seconds
182.809: [GC182.809: [ParNew: 123448K->13696K(123520K), 0.0215230 secs] 350603K->257219K(397848K), 0.0215680 secs] [Times: user=0.17 sys=0.00, real=0.02 secs] 
182.830: Total time for which application threads were stopped: 0.0219200 seconds, Stopping threads took: 0.0002860 seconds
182.866: Application time: 0.0360890 seconds
182.866: [GC182.866: [ParNew: 123520K->13696K(123520K), 0.0245680 secs] 367043K->286347K(397848K), 0.0246140 secs] [Times: user=0.19 sys=0.00, real=0.02 secs] 
182.891: Total time for which application threads were stopped: 0.0247990 seconds, Stopping threads took: 0.0001160 seconds
182.927: Application time: 0.0363500 seconds
182.928: [GC182.928: [ParNew: 123520K->13696K(123520K), 0.0275870 secs]182.955: [Tenured: 306714K->142508K(307160K), 0.2254530 secs] 396171K->142508K(430680K), [Perm : 9149K->9149K(21248K)], 0.2541110 secs] [Times: user=0.42 sys=0.02, real=0.26 secs] 
183.182: Total time for which application threads were stopped: 0.2543080 seconds, Stopping threads took: 0.0001320 seconds
183.226: Application time: 0.0444570 seconds
183.226: [GC183.226: [ParNew: 109824K->13696K(123520K), 0.0236270 secs] 252332K->175557K(397848K), 0.0236720 secs] [Times: user=0.19 sys=0.00, real=0.02 secs] 
183.250: Total time for which application threads were stopped: 0.0238730 seconds, Stopping threads took: 0.0001220 seconds
183.307: Application time: 0.0566270 seconds
183.309: [GC183.309: [ParNew: 123520K->13696K(123520K), 0.0242290 secs] 285381K->190950K(397848K), 0.0242730 secs] [Times: user=0.19 sys=0.00, real=0.03 secs] 
183.333: Total time for which application threads were stopped: 0.0261980 seconds, Stopping threads took: 0.0018380 seconds
183.393: Application time: 0.0596960 seconds
183.393: [GC183.393: [ParNew: 123520K->12728K(123520K), 0.0191550 secs] 300774K->202152K(397848K), 0.0191990 secs] [Times: user=0.14 sys=0.00, real=0.01 secs] 
183.412: Total time for which application threads were stopped: 0.0194060 seconds, Stopping threads took: 0.0001210 seconds
183.467: Application time: 0.0547180 seconds
183.467: [GC183.467: [ParNew: 122552K->13696K(123520K), 0.0169860 secs] 311976K->211642K(397848K), 0.0170300 secs] [Times: user=0.13 sys=0.00, real=0.02 secs] 
183.484: Total time for which application threads were stopped: 0.0172020 seconds, Stopping threads took: 0.0001040 seconds
183.527: Application time: 0.0428280 seconds
183.527: [GC183.527: [ParNew: 123520K->13696K(123520K), 0.0212870 secs] 321466K->231617K(397848K), 0.0213340 secs] [Times: user=0.17 sys=0.00, real=0.02 secs] 
183.548: Total time for which application threads were stopped: 0.0215970 seconds, Stopping threads took: 0.0001750 seconds
183.606: Application time: 0.0579210 seconds
183.606: [GC183.606: [ParNew: 123520K->13696K(123520K), 0.0243410 secs] 341441K->250772K(397848K), 0.0243840 secs] [Times: user=0.19 sys=0.00, real=0.02 secs] 
183.631: Total time for which application threads were stopped: 0.0245750 seconds, Stopping threads took: 0.0001260 seconds
183.671: Application time: 0.0398120 seconds
183.673: [GC183.673: [ParNew: 123520K->13696K(123520K), 0.0256380 secs] 360596K->277502K(397848K), 0.0256840 secs] [Times: user=0.20 sys=0.00, real=0.02 secs] 
183.698: Total time for which application threads were stopped: 0.0277920 seconds, Stopping threads took: 0.0020200 seconds
183.732: Application time: 0.0335340 seconds
183.732: [GC183.732: [ParNew: 123520K->13696K(123520K), 0.0239570 secs]183.756: [Tenured: 294584K->130090K(294680K), 0.2091880 secs] 387326K->130090K(418200K), [Perm : 9149K->9149K(21248K)], 0.2338830 secs] [Times: user=0.39 sys=0.01, real=0.24 secs] 
183.966: Total time for which application threads were stopped: 0.2340740 seconds, Stopping threads took: 0.0001130 seconds
184.010: Application time: 0.0435560 seconds
184.010: [GC184.010: [ParNew: 109824K->13696K(123520K), 0.0259220 secs] 239914K->166576K(397848K), 0.0259680 secs] [Times: user=0.21 sys=0.00, real=0.03 secs] 
184.036: Total time for which application threads were stopped: 0.0261450 seconds, Stopping threads took: 0.0001120 seconds
184.083: Application time: 0.0470360 seconds
184.083: [GC184.083: [ParNew: 123520K->13696K(123520K), 0.0252970 secs] 276400K->186098K(397848K), 0.0253420 secs] [Times: user=0.20 sys=0.00, real=0.02 secs] 
184.108: Total time for which application threads were stopped: 0.0255200 seconds, Stopping threads took: 0.0001090 seconds
184.168: Application time: 0.0595280 seconds
184.168: [GC184.168: [ParNew: 123520K->13696K(123520K), 0.0208870 secs] 295922K->199028K(397848K), 0.0209290 secs] [Times: user=0.16 sys=0.00, real=0.02 secs] 
184.189: Total time for which application threads were stopped: 0.0211590 seconds, Stopping threads took: 0.0001440 seconds
184.247: Application time: 0.0584460 seconds
184.248: [GC184.248: [ParNew: 123520K->12783K(123520K), 0.0186210 secs] 308852K->210217K(397848K), 0.0186720 secs] [Times: user=0.15 sys=0.00, real=0.02 secs] 
184.266: Total time for which application threads were stopped: 0.0188640 seconds, Stopping threads took: 0.0001130 seconds
184.314: Application time: 0.0474270 seconds
184.314: [GC184.314: [ParNew: 122607K->13696K(123520K), 0.0194080 secs] 320041K->225708K(397848K), 0.0194550 secs] [Times: user=0.15 sys=0.00, real=0.02 secs] 
184.333: Total time for which application threads were stopped: 0.0196210 seconds, Stopping threads took: 0.0000990 seconds
184.382: Application time: 0.0484950 seconds
184.385: [GC184.385: [ParNew: 123520K->13696K(123520K), 0.0233050 secs] 335532K->246873K(397848K), 0.0233520 secs] [Times: user=0.18 sys=0.00, real=0.02 secs] 
184.408: Total time for which application threads were stopped: 0.0260870 seconds, Stopping threads took: 0.0026660 seconds
184.456: Application time: 0.0479950 seconds
184.456: [GC184.456: [ParNew: 123520K->13696K(123520K), 0.0227890 secs] 356697K->266855K(397848K), 0.0228350 secs] [Times: user=0.18 sys=0.00, real=0.02 secs] 
184.479: Total time for which application threads were stopped: 0.0229890 seconds, Stopping threads took: 0.0000860 seconds
184.515: Application time: 0.0355770 seconds
184.515: [GC184.515: [ParNew: 123508K->13696K(123520K), 0.0240960 secs]184.539: [Tenured: 282179K->130302K(282200K), 0.2024900 secs] 376668K->130302K(405720K), [Perm : 9149K->9149K(21248K)], 0.2269670 secs] [Times: user=0.40 sys=0.00, real=0.23 secs] 
184.742: Total time for which application threads were stopped: 0.2271390 seconds, Stopping threads took: 0.0001020 seconds
184.783: Application time: 0.0411260 seconds
184.783: [GC184.783: [ParNew: 109824K->13696K(123520K), 0.0243080 secs] 240126K->166162K(397848K), 0.0243520 secs] [Times: user=0.19 sys=0.00, real=0.02 secs] 
184.807: Total time for which application threads were stopped: 0.0245010 seconds, Stopping threads took: 0.0000660 seconds
184.852: Application time: 0.0447290 seconds
184.852: [GC184.852: [ParNew: 123520K->13696K(123520K), 0.0280470 secs] 275986K->192073K(397848K), 0.0280930 secs] [Times: user=0.22 sys=0.00, real=0.03 secs] 
184.880: Total time for which application threads were stopped: 0.0282720 seconds, Stopping threads took: 0.0001110 seconds
184.934: Application time: 0.0534010 seconds
184.934: [GC184.934: [ParNew: 123520K->13694K(123520K), 0.0233370 secs] 301897K->209179K(397848K), 0.0233800 secs] [Times: user=0.18 sys=0.00, real=0.02 secs] 
184.957: Total time for which application threads were stopped: 0.0235880 seconds, Stopping threads took: 0.0001200 seconds
185.016: Application time: 0.0584930 seconds
185.016: [GC185.016: [ParNew: 123518K->13696K(123520K), 0.0188630 secs] 319003K->222374K(397848K), 0.0189070 secs] [Times: user=0.15 sys=0.00, real=0.02 secs] 
185.035: Total time for which application threads were stopped: 0.0190650 seconds, Stopping threads took: 0.0000930 seconds
185.089: Application time: 0.0543380 seconds
185.089: [GC185.089: [ParNew: 123520K->13696K(123520K), 0.0167800 secs] 332198K->231060K(397848K), 0.0168230 secs] [Times: user=0.13 sys=0.00, real=0.02 secs] 
185.106: Total time for which application threads were stopped: 0.0170150 seconds, Stopping threads took: 0.0001260 seconds
185.149: Application time: 0.0432810 seconds
185.150: [GC185.150: [ParNew: 123520K->13696K(123520K), 0.0215090 secs] 340884K->251030K(397848K), 0.0215570 secs] [Times: user=0.16 sys=0.00, real=0.02 secs] 
185.171: Total time for which application threads were stopped: 0.0217090 seconds, Stopping threads took: 0.0000850 seconds
185.225: Application time: 0.0535070 seconds
185.225: [GC185.225: [ParNew: 123409K->13696K(123520K), 0.0256840 secs] 360743K->274535K(397848K), 0.0257310 secs] [Times: user=0.20 sys=0.00, real=0.02 secs] 
185.251: Total time for which application threads were stopped: 0.0260000 seconds, Stopping threads took: 0.0002030 seconds
185.292: Application time: 0.0407920 seconds
185.292: [GC185.292: [ParNew: 123520K->13696K(123520K), 0.0237690 secs]185.316: [Tenured: 284950K->128621K(285272K), 0.2026230 secs] 384359K->128621K(408792K), [Perm : 9149K->9149K(21248K)], 0.2268360 secs] [Times: user=0.40 sys=0.00, real=0.23 secs] 
185.519: Total time for which application threads were stopped: 0.2270790 seconds, Stopping threads took: 0.0001640 seconds
185.557: Application time: 0.0388140 seconds
185.558: [GC185.558: [ParNew: 109824K->13696K(123520K), 0.0208230 secs] 238445K->161731K(397848K), 0.0208650 secs] [Times: user=0.16 sys=0.00, real=0.02 secs] 
185.578: Total time for which application threads were stopped: 0.0210420 seconds, Stopping threads took: 0.0001100 seconds
185.623: Application time: 0.0443850 seconds
185.623: [GC185.623: [ParNew: 123520K->13696K(123520K), 0.0275770 secs] 271555K->189300K(397848K), 0.0276260 secs] [Times: user=0.22 sys=0.00, real=0.02 secs] 
185.651: Total time for which application threads were stopped: 0.0277960 seconds, Stopping threads took: 0.0001020 seconds
185.698: Application time: 0.0475840 seconds
185.698: [GC185.698: [ParNew: 123520K->13696K(123520K), 0.0248820 secs] 299124K->211028K(397848K), 0.0249280 secs] [Times: user=0.20 sys=0.00, real=0.03 secs] 
185.723: Total time for which application threads were stopped: 0.0251120 seconds, Stopping threads took: 0.0001090 seconds
185.779: Application time: 0.0558160 seconds
185.779: [GC185.779: [ParNew: 123520K->13695K(123520K), 0.0218040 secs] 320852K->226169K(397848K), 0.0218480 secs] [Times: user=0.18 sys=0.00, real=0.03 secs] 
185.801: Total time for which application threads were stopped: 0.0220150 seconds, Stopping threads took: 0.0001010 seconds
185.859: Application time: 0.0574740 seconds
185.859: [GC185.859: [ParNew: 123519K->12411K(123520K), 0.0194040 secs] 335993K->236427K(397848K), 0.0194500 secs] [Times: user=0.15 sys=0.00, real=0.02 secs] 
185.878: Total time for which application threads were stopped: 0.0196660 seconds, Stopping threads took: 0.0001370 seconds
185.923: Application time: 0.0450860 seconds
185.925: [GC185.925: [ParNew: 122235K->13696K(123520K), 0.0207090 secs] 346251K->254188K(397848K), 0.0207540 secs] [Times: user=0.15 sys=0.00, real=0.02 secs] 
185.945: Total time for which application threads were stopped: 0.0219030 seconds, Stopping threads took: 0.0010810 seconds
185.997: Application time: 0.0518640 seconds
185.997: [GC185.997: [ParNew: 123520K->13696K(123520K), 0.0239900 secs] 364012K->276564K(397848K), 0.0240310 secs] [Times: user=0.19 sys=0.00, real=0.03 secs] 
186.021: Total time for which application threads were stopped: 0.0242030 seconds, Stopping threads took: 0.0001030 seconds
186.066: Application time: 0.0451250 seconds
186.067: [GC186.067: [ParNew: 123520K->13696K(123520K), 0.0240380 secs]186.091: [Tenured: 284730K->127803K(284888K), 0.1916700 secs] 386388K->127803K(408408K), [Perm : 9149K->9149K(21248K)], 0.2161710 secs] [Times: user=0.38 sys=0.00, real=0.22 secs] 
186.283: Total time for which application threads were stopped: 0.2163410 seconds, Stopping threads took: 0.0000990 seconds
186.319: Application time: 0.0363630 seconds
186.319: [GC186.319: [ParNew: 109824K->13696K(123520K), 0.0168690 secs] 237627K->157613K(397848K), 0.0169140 secs] [Times: user=0.13 sys=0.00, real=0.02 secs] 
186.336: Total time for which application threads were stopped: 0.0170780 seconds, Stopping threads took: 0.0000970 seconds
186.380: Application time: 0.0440570 seconds
186.381: [GC186.381: [ParNew: 123520K->13696K(123520K), 0.0287790 secs] 267437K->188847K(397848K), 0.0288240 secs] [Times: user=0.23 sys=0.00, real=0.02 secs] 
186.409: Total time for which application threads were stopped: 0.0290580 seconds, Stopping threads took: 0.0001540 seconds
186.457: Application time: 0.0476560 seconds
186.457: [GC186.457: [ParNew: 123520K->13696K(123520K), 0.0257870 secs] 298671K->210159K(397848K), 0.0258310 secs] [Times: user=0.20 sys=0.01, real=0.03 secs] 
186.483: Total time for which application threads were stopped: 0.0259950 seconds, Stopping threads took: 0.0000990 seconds
186.534: Application time: 0.0512980 seconds
186.534: [GC186.535: [ParNew: 123520K->13696K(123520K), 0.0224530 secs] 319983K->228150K(397848K), 0.0225060 secs] [Times: user=0.17 sys=0.00, real=0.02 secs] 
186.557: Total time for which application threads were stopped: 0.0226590 seconds, Stopping threads took: 0.0000840 seconds
186.616: Application time: 0.0590930 seconds
186.616: [GC186.616: [ParNew: 123520K->13696K(123520K), 0.0205870 secs] 337974K->241306K(397848K), 0.0206310 secs] [Times: user=0.16 sys=0.00, real=0.02 secs] 
186.637: Total time for which application threads were stopped: 0.0207670 seconds, Stopping threads took: 0.0000700 seconds
186.688: Application time: 0.0512370 seconds
186.696: [GC186.696: [ParNew: 123520K->13696K(123520K), 0.0196270 secs] 351130K->254392K(397848K), 0.0196700 secs] [Times: user=0.16 sys=0.00, real=0.02 secs] 
186.716: Total time for which application threads were stopped: 0.0278380 seconds, Stopping threads took: 0.0081010 seconds
186.761: Application time: 0.0448420 seconds
186.761: [GC186.761: [ParNew: 123520K->13696K(123520K), 0.0223920 secs] 364216K->276249K(397848K), 0.0224370 secs] [Times: user=0.17 sys=0.00, real=0.02 secs] 
186.783: Total time for which application threads were stopped: 0.0225680 seconds, Stopping threads took: 0.0000620 seconds
186.834: Application time: 0.0503200 seconds
186.834: [GC186.834: [ParNew: 123520K->13696K(123520K), 0.0248430 secs]186.859: [Tenured: 285359K->117685K(286040K), 0.2026960 secs] 386073K->117685K(409560K), [Perm : 9149K->9149K(21248K)], 0.2279860 secs] [Times: user=0.40 sys=0.00, real=0.23 secs] 
187.062: Total time for which application threads were stopped: 0.2281520 seconds, Stopping threads took: 0.0000990 seconds
187.103: Application time: 0.0410080 seconds
187.103: [GC187.103: [ParNew: 109824K->13696K(123520K), 0.0150970 secs] 227509K->143297K(397848K), 0.0151420 secs] [Times: user=0.12 sys=0.00, real=0.01 secs] 
187.118: Total time for which application threads were stopped: 0.0152930 seconds, Stopping threads took: 0.0000640 seconds
187.157: Application time: 0.0383590 seconds
187.157: [GC187.157: [ParNew: 123520K->13696K(123520K), 0.0254350 secs] 253121K->173310K(397848K), 0.0254810 secs] [Times: user=0.20 sys=0.00, real=0.03 secs] 
187.182: Total time for which application threads were stopped: 0.0257040 seconds, Stopping threads took: 0.0001440 seconds
187.228: Application time: 0.0458160 seconds
187.228: [GC187.228: [ParNew: 123520K->13696K(123520K), 0.0280120 secs] 283134K->200769K(397848K), 0.0280580 secs] [Times: user=0.22 sys=0.00, real=0.03 secs] 
187.256: Total time for which application threads were stopped: 0.0282090 seconds, Stopping threads took: 0.0000820 seconds
187.306: Application time: 0.0500160 seconds
187.307: [GC187.307: [ParNew: 123520K->13695K(123520K), 0.0249480 secs] 310593K->221223K(397848K), 0.0249930 secs] [Times: user=0.19 sys=0.00, real=0.02 secs] 
187.332: Total time for which application threads were stopped: 0.0252750 seconds, Stopping threads took: 0.0001920 seconds
187.387: Application time: 0.0552450 seconds
187.387: [GC187.387: [ParNew: 123519K->13694K(123520K), 0.0207510 secs] 331047K->235820K(397848K), 0.0207940 secs] [Times: user=0.16 sys=0.00, real=0.02 secs] 
187.408: Total time for which application threads were stopped: 0.0210070 seconds, Stopping threads took: 0.0001250 seconds
187.464: Application time: 0.0560230 seconds
187.464: [GC187.464: [ParNew: 123518K->13696K(123520K), 0.0184960 secs] 345644K->248753K(397848K), 0.0185420 secs] [Times: user=0.15 sys=0.00, real=0.02 secs] 
187.483: Total time for which application threads were stopped: 0.0187440 seconds, Stopping threads took: 0.0001330 seconds
187.529: Application time: 0.0466770 seconds
187.529: [GC187.529: [ParNew: 123520K->13696K(123520K), 0.0204440 secs] 358577K->265875K(397848K), 0.0204880 secs] [Times: user=0.16 sys=0.00, real=0.02 secs] 
187.550: Total time for which application threads were stopped: 0.0206440 seconds, Stopping threads took: 0.0000900 seconds
187.600: Application time: 0.0500240 seconds
187.600: [GC187.600: [ParNew: 123520K->13696K(123520K), 0.0229660 secs] 375699K->286660K(397848K), 0.0230200 secs] [Times: user=0.19 sys=0.00, real=0.03 secs] 
187.623: Total time for which application threads were stopped: 0.0231900 seconds, Stopping threads took: 0.0001020 seconds
187.669: Application time: 0.0458700 seconds
187.669: [GC187.669: [ParNew: 123520K->13696K(123520K), 0.0240480 secs]187.693: [Tenured: 296066K->135388K(296216K), 0.2088970 secs] 396484K->135388K(419736K), [Perm : 9149K->9149K(21248K)], 0.2338050 secs] [Times: user=0.38 sys=0.02, real=0.24 secs] 
187.903: Total time for which application threads were stopped: 0.2339470 seconds, Stopping threads took: 0.0000550 seconds
187.945: Application time: 0.0424840 seconds
187.946: [GC187.946: [ParNew: 109824K->13696K(123520K), 0.0196250 secs] 245212K->165555K(397848K), 0.0196690 secs] [Times: user=0.15 sys=0.00, real=0.02 secs] 
187.965: Total time for which application threads were stopped: 0.0198300 seconds, Stopping threads took: 0.0000910 seconds
188.009: Application time: 0.0436140 seconds
188.009: [GC188.009: [ParNew: 123520K->13696K(123520K), 0.0264630 secs] 275379K->193302K(397848K), 0.0265100 secs] [Times: user=0.21 sys=0.00, real=0.03 secs] 
188.036: Total time for which application threads were stopped: 0.0267890 seconds, Stopping threads took: 0.0001910 seconds
188.084: Application time: 0.0482870 seconds
188.084: [GC188.084: [ParNew: 123520K->13696K(123520K), 0.0248770 secs] 303126K->215278K(397848K), 0.0249160 secs] [Times: user=0.19 sys=0.00, real=0.02 secs] 
188.109: Total time for which application threads were stopped: 0.0250890 seconds, Stopping threads took: 0.0001060 seconds
188.159: Application time: 0.0504220 seconds
188.160: [GC188.160: [ParNew: 123520K->13696K(123520K), 0.0231800 secs] 325102K->233848K(397848K), 0.0232260 secs] [Times: user=0.19 sys=0.00, real=0.03 secs] 
188.183: Total time for which application threads were stopped: 0.0234090 seconds, Stopping threads took: 0.0001150 seconds
188.244: Application time: 0.0610780 seconds
188.244: [GC188.244: [ParNew: 123520K->13695K(123520K), 0.0216760 secs] 343672K->247181K(397848K), 0.0217200 secs] [Times: user=0.17 sys=0.00, real=0.02 secs] 
188.266: Total time for which application threads were stopped: 0.0219290 seconds, Stopping threads took: 0.0001250 seconds
188.317: Application time: 0.0509250 seconds
188.317: [GC188.317: [ParNew: 123519K->13696K(123520K), 0.0207370 secs] 357005K->262929K(397848K), 0.0207820 secs] [Times: user=0.16 sys=0.00, real=0.02 secs] 
188.338: Total time for which application threads were stopped: 0.0209140 seconds, Stopping threads took: 0.0000650 seconds
188.384: Application time: 0.0458400 seconds
188.384: [GC188.384: [ParNew: 123520K->13696K(123520K), 0.0221850 secs] 372753K->284522K(397848K), 0.0222310 secs] [Times: user=0.17 sys=0.00, real=0.02 secs] 
188.406: Total time for which application threads were stopped: 0.0224370 seconds, Stopping threads took: 0.0001390 seconds
188.456: Application time: 0.0496210 seconds
188.456: [GC188.456: [ParNew: 123520K->13696K(123520K), 0.0248540 secs]188.481: [Tenured: 292988K->132853K(293720K), 0.2056190 secs] 394346K->132853K(417240K), [Perm : 9149K->9149K(21248K)], 0.2311630 secs] [Times: user=0.39 sys=0.02, real=0.23 secs] 
188.687: Total time for which application threads were stopped: 0.2313100 seconds, Stopping threads took: 0.0000780 seconds
188.730: Application time: 0.0426010 seconds
188.730: [GC188.730: [ParNew: 109824K->13696K(123520K), 0.0163380 secs] 242677K->159061K(397848K), 0.0163830 secs] [Times: user=0.12 sys=0.00, real=0.02 secs] 
188.746: Total time for which application threads were stopped: 0.0165540 seconds, Stopping threads took: 0.0001020 seconds
188.790: Application time: 0.0438060 seconds
188.790: [GC188.790: [ParNew: 123520K->13696K(123520K), 0.0261680 secs] 268885K->187263K(397848K), 0.0262140 secs] [Times: user=0.21 sys=0.00, real=0.03 secs] 
188.816: Total time for which application threads were stopped: 0.0263980 seconds, Stopping threads took: 0.0001070 seconds
188.862: Application time: 0.0454620 seconds
188.862: [GC188.862: [ParNew: 123520K->13696K(123520K), 0.0247650 secs] 297087K->210815K(397848K), 0.0248070 secs] [Times: user=0.19 sys=0.00, real=0.02 secs] 
188.887: Total time for which application threads were stopped: 0.0249500 seconds, Stopping threads took: 0.0000750 seconds
188.932: Application time: 0.0452690 seconds
188.932: [GC188.932: [ParNew: 123520K->13696K(123520K), 0.0247310 secs] 320639K->234248K(397848K), 0.0247760 secs] [Times: user=0.18 sys=0.01, real=0.03 secs] 
188.957: Total time for which application threads were stopped: 0.0249240 seconds, Stopping threads took: 0.0000790 seconds
189.013: Application time: 0.0560820 seconds
189.013: [GC189.013: [ParNew: 123520K->13696K(123520K), 0.0225340 secs] 344072K->248985K(397848K), 0.0225770 secs] [Times: user=0.17 sys=0.00, real=0.02 secs] 
189.036: Total time for which application threads were stopped: 0.0227430 seconds, Stopping threads took: 0.0000800 seconds
189.092: Application time: 0.0557430 seconds
189.092: [GC189.092: [ParNew: 123520K->13696K(123520K), 0.0201200 secs] 358809K->262046K(397848K), 0.0201650 secs] [Times: user=0.15 sys=0.00, real=0.02 secs] 
189.112: Total time for which application threads were stopped: 0.0203370 seconds, Stopping threads took: 0.0001030 seconds
189.157: Application time: 0.0451570 seconds
189.157: [GC189.157: [ParNew: 123520K->13696K(123520K), 0.0218060 secs] 371870K->281883K(397848K), 0.0218520 secs] [Times: user=0.17 sys=0.00, real=0.02 secs] 
189.179: Total time for which application threads were stopped: 0.0219990 seconds, Stopping threads took: 0.0000800 seconds
189.228: Application time: 0.0491710 seconds
189.228: [GC189.228: [ParNew: 123520K->13696K(123520K), 0.0251880 secs]189.254: [Tenured: 291595K->143907K(291800K), 0.2223700 secs] 391707K->143907K(415320K), [Perm : 9149K->9149K(21248K)], 0.2482150 secs] [Times: user=0.40 sys=0.01, real=0.25 secs] 
189.477: Total time for which application threads were stopped: 0.2483980 seconds, Stopping threads took: 0.0001130 seconds
189.524: Application time: 0.0474820 seconds
189.524: [GC189.524: [ParNew: 109612K->13696K(123520K), 0.0142850 secs] 253520K->165163K(397848K), 0.0143300 secs] [Times: user=0.11 sys=0.00, real=0.01 secs] 
189.539: Total time for which application threads were stopped: 0.0145160 seconds, Stopping threads took: 0.0001060 seconds
189.582: Application time: 0.0429560 seconds
189.582: [GC189.582: [ParNew: 123520K->13696K(123520K), 0.0235590 secs] 274987K->189863K(397848K), 0.0236060 secs] [Times: user=0.19 sys=0.00, real=0.02 secs] 
189.605: Total time for which application threads were stopped: 0.0237380 seconds, Stopping threads took: 0.0000640 seconds
189.652: Application time: 0.0465370 seconds
189.652: [GC189.652: [ParNew: 123520K->13696K(123520K), 0.0257960 secs] 299687K->216002K(397848K), 0.0258410 secs] [Times: user=0.20 sys=0.01, real=0.03 secs] 
189.678: Total time for which application threads were stopped: 0.0260260 seconds, Stopping threads took: 0.0001180 seconds
189.720: Application time: 0.0422570 seconds
189.720: [GC189.720: [ParNew: 123520K->13694K(123520K), 0.0252760 secs] 325826K->241447K(397848K), 0.0253220 secs] [Times: user=0.20 sys=0.00, real=0.03 secs] 
189.746: Total time for which application threads were stopped: 0.0254590 seconds, Stopping threads took: 0.0000670 seconds
189.795: Application time: 0.0494860 seconds
189.795: [GC189.795: [ParNew: 123518K->13696K(123520K), 0.0247520 secs] 351271K->263039K(397848K), 0.0247980 secs] [Times: user=0.20 sys=0.00, real=0.02 secs] 
189.820: Total time for which application threads were stopped: 0.0249650 seconds, Stopping threads took: 0.0001000 seconds
189.880: Application time: 0.0596870 seconds
189.880: [GC189.880: [ParNew: 123520K->13695K(123520K), 0.0204410 secs] 372863K->276194K(397848K), 0.0204820 secs] [Times: user=0.17 sys=0.00, real=0.02 secs] 
189.900: Total time for which application threads were stopped: 0.0206510 seconds, Stopping threads took: 0.0001030 seconds
189.947: Application time: 0.0467570 seconds
189.947: [GC189.947: [ParNew: 123519K->13696K(123520K), 0.0209490 secs]189.968: [Tenured: 279184K->126308K(279512K), 0.2121630 secs] 386018K->126308K(403032K), [Perm : 9149K->9149K(21248K)], 0.2333910 secs] [Times: user=0.37 sys=0.00, real=0.24 secs] 
190.181: Total time for which application threads were stopped: 0.2335750 seconds, Stopping threads took: 0.0001140 seconds
190.226: Application time: 0.0449660 seconds
190.226: [GC190.226: [ParNew: 109824K->13696K(123520K), 0.0172990 secs] 236132K->151380K(397848K), 0.0173460 secs] [Times: user=0.14 sys=0.00, real=0.02 secs] 
190.243: Total time for which application threads were stopped: 0.0175070 seconds, Stopping threads took: 0.0000810 seconds
190.294: Application time: 0.0508850 seconds
190.294: [GC190.294: [ParNew: 123520K->13696K(123520K), 0.0242210 secs] 261204K->171006K(397848K), 0.0242660 secs] [Times: user=0.19 sys=0.00, real=0.02 secs] 
190.319: Total time for which application threads were stopped: 0.0244200 seconds, Stopping threads took: 0.0000870 seconds
190.364: Application time: 0.0457510 seconds
190.364: [GC190.364: [ParNew: 123262K->13696K(123520K), 0.0228940 secs] 280572K->192951K(397848K), 0.0229390 secs] [Times: user=0.18 sys=0.00, real=0.02 secs] 
190.387: Total time for which application threads were stopped: 0.0230920 seconds, Stopping threads took: 0.0000860 seconds
190.433: Application time: 0.0456210 seconds
190.433: [GC190.433: [ParNew: 123520K->13696K(123520K), 0.0242960 secs] 302775K->217587K(397848K), 0.0243430 secs] [Times: user=0.20 sys=0.00, real=0.02 secs] 
190.457: Total time for which application threads were stopped: 0.0244880 seconds, Stopping threads took: 0.0000770 seconds
190.503: Application time: 0.0459770 seconds
190.504: [GC190.504: [ParNew: 123520K->13696K(123520K), 0.0240460 secs] 327411K->239340K(397848K), 0.0240900 secs] [Times: user=0.18 sys=0.00, real=0.02 secs] 
190.528: Total time for which application threads were stopped: 0.0242660 seconds, Stopping threads took: 0.0001080 seconds
190.571: Application time: 0.0429440 seconds
190.571: [GC190.571: [ParNew: 123520K->13696K(123520K), 0.0248160 secs] 349164K->265740K(397848K), 0.0248610 secs] [Times: user=0.19 sys=0.00, real=0.03 secs] 
190.596: Total time for which application threads were stopped: 0.0250340 seconds, Stopping threads took: 0.0001040 seconds
190.650: Application time: 0.0539690 seconds
190.650: [GC190.650: [ParNew: 123520K->13694K(123520K), 0.0238430 secs] 375564K->283780K(397848K), 0.0238890 secs] [Times: user=0.19 sys=0.00, real=0.03 secs] 
190.674: Total time for which application threads were stopped: 0.0240630 seconds, Stopping threads took: 0.0001090 seconds
190.726: Application time: 0.0522390 seconds
190.726: [GC190.726: [ParNew: 123518K->13694K(123520K), 0.0204160 secs]190.747: [Tenured: 284140K->134110K(284312K), 0.2103300 secs] 393604K->134110K(407832K), [Perm : 9149K->9149K(21248K)], 0.2311560 secs] [Times: user=0.37 sys=0.01, real=0.23 secs] 
190.957: Total time for which application threads were stopped: 0.2313180 seconds, Stopping threads took: 0.0000940 seconds
190.999: Application time: 0.0415630 seconds
190.999: [GC190.999: [ParNew: 109824K->13696K(123520K), 0.0133980 secs] 243934K->156741K(397848K), 0.0134440 secs] [Times: user=0.11 sys=0.00, real=0.02 secs] 
191.012: Total time for which application threads were stopped: 0.0136370 seconds, Stopping threads took: 0.0001150 seconds
191.060: Application time: 0.0473210 seconds
191.060: [GC191.060: [ParNew: 123520K->13696K(123520K), 0.0262740 secs] 266565K->183045K(397848K), 0.0263170 secs] [Times: user=0.20 sys=0.00, real=0.03 secs] 
191.086: Total time for which application threads were stopped: 0.0264700 seconds, Stopping threads took: 0.0000850 seconds
191.138: Application time: 0.0516890 seconds
191.138: [GC191.138: [ParNew: 123520K->13696K(123520K), 0.0231360 secs] 292869K->201001K(397848K), 0.0231790 secs] [Times: user=0.18 sys=0.00, real=0.03 secs] 
191.161: Total time for which application threads were stopped: 0.0233480 seconds, Stopping threads took: 0.0001030 seconds
191.206: Application time: 0.0450700 seconds
191.209: [GC191.209: [ParNew: 123520K->13696K(123520K), 0.0237160 secs] 310825K->223935K(397848K), 0.0237720 secs] [Times: user=0.19 sys=0.00, real=0.02 secs] 
191.232: Total time for which application threads were stopped: 0.0259440 seconds, Stopping threads took: 0.0021010 seconds
191.279: Application time: 0.0462540 seconds
191.279: [GC191.279: [ParNew: 123520K->13696K(123520K), 0.0240110 secs] 333759K->247811K(397848K), 0.0240570 secs] [Times: user=0.19 sys=0.00, real=0.03 secs] 
191.303: Total time for which application threads were stopped: 0.0242210 seconds, Stopping threads took: 0.0000970 seconds
191.346: Application time: 0.0428570 seconds
191.349: [GC191.349: [ParNew: 123520K->13696K(123520K), 0.0245800 secs] 357635K->271838K(397848K), 0.0246240 secs] [Times: user=0.19 sys=0.00, real=0.03 secs] 
191.373: Total time for which application threads were stopped: 0.0276640 seconds, Stopping threads took: 0.0029540 seconds
191.423: Application time: 0.0495660 seconds
191.423: [GC191.423: [ParNew: 123520K->13696K(123520K), 0.0236880 secs]191.447: [Tenured: 279262K->155488K(279704K), 0.2579690 secs] 381662K->155488K(403224K), [Perm : 9149K->9149K(21248K)], 0.2819650 secs] [Times: user=0.44 sys=0.00, real=0.28 secs] 
191.705: Total time for which application threads were stopped: 0.2822430 seconds, Stopping threads took: 0.0001830 seconds
191.762: Application time: 0.0573300 seconds
191.763: [GC191.763: [ParNew: 109824K->13696K(123520K), 0.0135780 secs] 265312K->170576K(397848K), 0.0136230 secs] [Times: user=0.11 sys=0.00, real=0.01 secs] 
191.776: Total time for which application threads were stopped: 0.0137920 seconds, Stopping threads took: 0.0000930 seconds
191.823: Application time: 0.0464710 seconds
191.823: [GC191.823: [ParNew: 123520K->13696K(123520K), 0.0223710 secs] 280400K->190287K(397848K), 0.0224180 secs] [Times: user=0.18 sys=0.00, real=0.02 secs] 
191.845: Total time for which application threads were stopped: 0.0225910 seconds, Stopping threads took: 0.0001040 seconds
191.891: Application time: 0.0456690 seconds
191.891: [GC191.891: [ParNew: 123520K->13696K(123520K), 0.0248060 secs] 300111K->215869K(397848K), 0.0248520 secs] [Times: user=0.19 sys=0.00, real=0.03 secs] 
191.916: Total time for which application threads were stopped: 0.0250160 seconds, Stopping threads took: 0.0000950 seconds
191.966: Application time: 0.0500430 seconds
191.966: [GC191.966: [ParNew: 123520K->13696K(123520K), 0.0241680 secs] 325693K->236986K(397848K), 0.0242120 secs] [Times: user=0.20 sys=0.00, real=0.02 secs] 
191.990: Total time for which application threads were stopped: 0.0243840 seconds, Stopping threads took: 0.0001040 seconds
192.040: Application time: 0.0500080 seconds
192.041: [GC192.041: [ParNew: 123520K->13696K(123520K), 0.0231430 secs] 346810K->256347K(397848K), 0.0231880 secs] [Times: user=0.18 sys=0.00, real=0.02 secs] 
192.064: Total time for which application threads were stopped: 0.0233960 seconds, Stopping threads took: 0.0001400 seconds
192.111: Application time: 0.0470440 seconds
192.111: [GC192.111: [ParNew: 123520K->13696K(123520K), 0.0229270 secs] 366171K->277489K(397848K), 0.0229730 secs] [Times: user=0.17 sys=0.00, real=0.03 secs] 
192.134: Total time for which application threads were stopped: 0.0231460 seconds, Stopping threads took: 0.0001020 seconds
192.176: Application time: 0.0418310 seconds
192.176: [GC192.176: [ParNew: 123520K->13696K(123520K), 0.0254270 secs]192.202: [Tenured: 290846K->150732K(291032K), 0.2287750 secs] 387313K->150732K(414552K), [Perm : 9149K->9149K(21248K)], 0.2548850 secs] [Times: user=0.43 sys=0.01, real=0.25 secs] 
192.431: Total time for which application threads were stopped: 0.2551340 seconds, Stopping threads took: 0.0001770 seconds
192.476: Application time: 0.0453120 seconds
192.476: [GC192.477: [ParNew: 109824K->13696K(123520K), 0.0191960 secs] 260556K->177243K(397848K), 0.0192420 secs] [Times: user=0.15 sys=0.00, real=0.02 secs] 
192.496: Total time for which application threads were stopped: 0.0193920 seconds, Stopping threads took: 0.0000690 seconds
192.552: Application time: 0.0559800 seconds
192.552: [GC192.552: [ParNew: 123520K->13696K(123520K), 0.0235010 secs] 287067K->193718K(397848K), 0.0235570 secs] [Times: user=0.19 sys=0.00, real=0.03 secs] 
192.575: Total time for which application threads were stopped: 0.0237230 seconds, Stopping threads took: 0.0001010 seconds
192.627: Application time: 0.0518080 seconds
192.627: [GC192.627: [ParNew: 123520K->13696K(123520K), 0.0200490 secs] 303542K->208089K(397848K), 0.0200920 secs] [Times: user=0.16 sys=0.00, real=0.02 secs] 
192.648: Total time for which application threads were stopped: 0.0202750 seconds, Stopping threads took: 0.0001140 seconds
192.693: Application time: 0.0452320 seconds
192.693: [GC192.693: [ParNew: 123520K->13696K(123520K), 0.0231900 secs] 317913K->231320K(397848K), 0.0232360 secs] [Times: user=0.18 sys=0.00, real=0.02 secs] 
192.716: Total time for which application threads were stopped: 0.0233920 seconds, Stopping threads took: 0.0000880 seconds
192.762: Application time: 0.0457470 seconds
192.762: [GC192.762: [ParNew: 123520K->13696K(123520K), 0.0229290 secs] 341144K->252936K(397848K), 0.0229740 secs] [Times: user=0.18 sys=0.00, real=0.02 secs] 
192.785: Total time for which application threads were stopped: 0.0231350 seconds, Stopping threads took: 0.0000930 seconds
192.833: Application time: 0.0479480 seconds
192.833: [GC192.833: [ParNew: 123520K->13696K(123520K), 0.0240800 secs] 362760K->274794K(397848K), 0.0241250 secs] [Times: user=0.19 sys=0.00, real=0.02 secs] 
192.857: Total time for which application threads were stopped: 0.0242670 seconds, Stopping threads took: 0.0000730 seconds
192.906: Application time: 0.0486390 seconds
192.906: [GC192.906: [ParNew: 123520K->13696K(123520K), 0.0235720 secs]192.930: [Tenured: 281255K->130863K(281624K), 0.2214970 secs] 384618K->130863K(405144K), [Perm : 9149K->9149K(21248K)], 0.2453970 secs] [Times: user=0.41 sys=0.00, real=0.24 secs] 
193.152: Total time for which application threads were stopped: 0.2455740 seconds, Stopping threads took: 0.0001100 seconds
193.194: Application time: 0.0423160 seconds
193.194: [GC193.194: [ParNew: 109824K->13696K(123520K), 0.0153070 secs] 240687K->156333K(397848K), 0.0153520 secs] [Times: user=0.12 sys=0.00, real=0.01 secs] 
193.209: Total time for which application threads were stopped: 0.0155320 seconds, Stopping threads took: 0.0001010 seconds
193.252: Application time: 0.0429050 seconds
193.252: [GC193.252: [ParNew: 123520K->13696K(123520K), 0.0237360 secs] 266157K->181357K(397848K), 0.0237820 secs] [Times: user=0.19 sys=0.00, real=0.03 secs] 
193.276: Total time for which application threads were stopped: 0.0239240 seconds, Stopping threads took: 0.0000750 seconds
193.325: Application time: 0.0486900 seconds
193.325: [GC193.325: [ParNew: 123520K->13696K(123520K), 0.0242690 secs] 291181K->202469K(397848K), 0.0243150 secs] [Times: user=0.19 sys=0.00, real=0.02 secs] 
193.349: Total time for which application threads were stopped: 0.0244970 seconds, Stopping threads took: 0.0001150 seconds
193.404: Application time: 0.0541590 seconds
193.404: [GC193.404: [ParNew: 123520K->13696K(123520K), 0.0219370 secs] 312293K->217977K(397848K), 0.0219830 secs] [Times: user=0.18 sys=0.00, real=0.02 secs] 
193.426: Total time for which application threads were stopped: 0.0221900 seconds, Stopping threads took: 0.0001390 seconds
193.474: Application time: 0.0480000 seconds
193.474: [GC193.474: [ParNew: 123520K->13696K(123520K), 0.0223140 secs] 327801K->237796K(397848K), 0.0223600 secs] [Times: user=0.18 sys=0.00, real=0.02 secs] 
193.496: Total time for which application threads were stopped: 0.0225170 seconds, Stopping threads took: 0.0000890 seconds
193.545: Application time: 0.0490800 seconds
193.545: [GC193.546: [ParNew: 123520K->13696K(123520K), 0.0239340 secs] 347620K->260110K(397848K), 0.0239800 secs] [Times: user=0.18 sys=0.00, real=0.02 secs] 
193.570: Total time for which application threads were stopped: 0.0241670 seconds, Stopping threads took: 0.0001200 seconds
193.616: Application time: 0.0468160 seconds
193.617: [GC193.617: [ParNew: 123237K->13696K(123520K), 0.0235720 secs] 369651K->281299K(397848K), 0.0236260 secs] [Times: user=0.18 sys=0.00, real=0.02 secs] 
193.640: Total time for which application threads were stopped: 0.0238560 seconds, Stopping threads took: 0.0001630 seconds
193.692: Application time: 0.0522850 seconds
193.693: [GC193.693: [ParNew: 123520K->13696K(123520K), 0.0239750 secs]193.717: [Tenured: 287418K->141093K(287576K), 0.2333940 secs] 391123K->141093K(411096K), [Perm : 9149K->9149K(21248K)], 0.2578830 secs] [Times: user=0.42 sys=0.00, real=0.25 secs] 
193.951: Total time for which application threads were stopped: 0.2580550 seconds, Stopping threads took: 0.0000970 seconds
193.995: Application time: 0.0440950 seconds
193.995: [GC193.995: [ParNew: 109824K->13696K(123520K), 0.0141880 secs] 250917K->163888K(397848K), 0.0142340 secs] [Times: user=0.11 sys=0.00, real=0.01 secs] 
194.009: Total time for which application threads were stopped: 0.0144150 seconds, Stopping threads took: 0.0000990 seconds
194.052: Application time: 0.0427790 seconds
194.052: [GC194.052: [ParNew: 123520K->13696K(123520K), 0.0243210 secs] 273712K->190103K(397848K), 0.0243650 secs] [Times: user=0.19 sys=0.00, real=0.03 secs] 
194.076: Total time for which application threads were stopped: 0.0245580 seconds, Stopping threads took: 0.0001250 seconds
194.125: Application time: 0.0483420 seconds
194.129: [GC194.129: [ParNew: 123520K->13694K(123520K), 0.0256090 secs] 299927K->213420K(397848K), 0.0256550 secs] [Times: user=0.20 sys=0.00, real=0.03 secs] 
194.154: Total time for which application threads were stopped: 0.0295890 seconds, Stopping threads took: 0.0038460 seconds
194.206: Application time: 0.0520190 seconds
194.209: [GC194.209: [ParNew: 123518K->13696K(123520K), 0.0226950 secs] 323244K->229605K(397848K), 0.0227400 secs] [Times: user=0.18 sys=0.00, real=0.02 secs] 
194.231: Total time for which application threads were stopped: 0.0249770 seconds, Stopping threads took: 0.0021700 seconds
194.281: Application time: 0.0499540 seconds
194.281: [GC194.281: [ParNew: 123520K->13696K(123520K), 0.0220520 secs] 339429K->248607K(397848K), 0.0220970 secs] [Times: user=0.17 sys=0.00, real=0.02 secs] 
194.304: Total time for which application threads were stopped: 0.0222450 seconds, Stopping threads took: 0.0000800 seconds
194.349: Application time: 0.0455710 seconds
194.349: [GC194.349: [ParNew: 123520K->13696K(123520K), 0.0228380 secs] 358431K->270509K(397848K), 0.0228810 secs] [Times: user=0.18 sys=0.00, real=0.02 secs] 
194.372: Total time for which application threads were stopped: 0.0230550 seconds, Stopping threads took: 0.0000860 seconds
194.420: Application time: 0.0478260 seconds
194.420: [GC194.420: [ParNew: 123520K->13696K(123520K), 0.0237690 secs]194.444: [Tenured: 278241K->141543K(278552K), 0.2189000 secs] 380333K->141543K(402072K), [Perm : 9149K->9149K(21248K)], 0.2429150 secs] [Times: user=0.41 sys=0.00, real=0.25 secs] 
194.663: Total time for which application threads were stopped: 0.2430620 seconds, Stopping threads took: 0.0000750 seconds
194.709: Application time: 0.0457140 seconds
194.713: [GC194.713: [ParNew: 109824K->13694K(123520K), 0.0154880 secs] 251367K->163949K(397848K), 0.0155360 secs] [Times: user=0.12 sys=0.00, real=0.01 secs] 
194.728: Total time for which application threads were stopped: 0.0193600 seconds, Stopping threads took: 0.0037430 seconds
194.782: Application time: 0.0533970 seconds
194.782: [GC194.782: [ParNew: 123518K->13694K(123520K), 0.0218460 secs] 273773K->181216K(397848K), 0.0218920 secs] [Times: user=0.17 sys=0.00, real=0.02 secs] 
194.804: Total time for which application threads were stopped: 0.0220940 seconds, Stopping threads took: 0.0001330 seconds
194.842: Application time: 0.0386650 seconds
194.842: [GC194.842: [ParNew: 123518K->13696K(123520K), 0.0245370 secs] 291040K->207466K(397848K), 0.0245810 secs] [Times: user=0.19 sys=0.00, real=0.02 secs] 
194.867: Total time for which application threads were stopped: 0.0247640 seconds, Stopping threads took: 0.0001140 seconds
194.915: Application time: 0.0483200 seconds
194.916: [GC194.916: [ParNew: 123433K->13696K(123520K), 0.0273510 secs] 317204K->235001K(397848K), 0.0274050 secs] [Times: user=0.21 sys=0.00, real=0.03 secs] 
194.943: Total time for which application threads were stopped: 0.0276010 seconds, Stopping threads took: 0.0001270 seconds
194.992: Application time: 0.0493670 seconds
194.993: [GC194.993: [ParNew: 123520K->13696K(123520K), 0.0230390 secs] 344825K->253105K(397848K), 0.0230860 secs] [Times: user=0.18 sys=0.00, real=0.02 secs] 
195.016: Total time for which application threads were stopped: 0.0232720 seconds, Stopping threads took: 0.0001180 seconds
195.072: Application time: 0.0566920 seconds
195.072: [GC195.072: [ParNew: 123520K->13696K(123520K), 0.0213240 secs] 362929K->268210K(397848K), 0.0213650 secs] [Times: user=0.17 sys=0.00, real=0.02 secs] 
195.094: Total time for which application threads were stopped: 0.0215160 seconds, Stopping threads took: 0.0000740 seconds
195.137: Application time: 0.0434610 seconds
195.138: [GC195.138: [ParNew: 123520K->13696K(123520K), 0.0229930 secs]195.161: [Tenured: 276116K->143499K(276248K), 0.2203600 secs] 378034K->143499K(399768K), [Perm : 9149K->9149K(21248K)], 0.2435010 secs] [Times: user=0.40 sys=0.00, real=0.25 secs] 
195.381: Total time for which application threads were stopped: 0.2437600 seconds, Stopping threads took: 0.0001720 seconds
195.431: Application time: 0.0501400 seconds
195.431: [GC195.431: [ParNew: 109824K->13696K(123520K), 0.0176340 secs] 253323K->167471K(397848K), 0.0176780 secs] [Times: user=0.14 sys=0.00, real=0.02 secs] 
195.449: Total time for which application threads were stopped: 0.0178270 seconds, Stopping threads took: 0.0000730 seconds
195.495: Application time: 0.0464240 seconds
195.496: [GC195.496: [ParNew: 123520K->13696K(123520K), 0.0223710 secs] 277295K->185940K(397848K), 0.0224150 secs] [Times: user=0.17 sys=0.00, real=0.02 secs] 
195.518: Total time for which application threads were stopped: 0.0225820 seconds, Stopping threads took: 0.0000990 seconds
195.569: Application time: 0.0513790 seconds
195.570: [GC195.570: [ParNew: 123520K->13696K(123520K), 0.0223120 secs] 295764K->205380K(397848K), 0.0223580 secs] [Times: user=0.18 sys=0.00, real=0.02 secs] 
195.592: Total time for which application threads were stopped: 0.0224970 seconds, Stopping threads took: 0.0000700 seconds
195.635: Application time: 0.0435580 seconds
195.636: [GC195.636: [ParNew: 123493K->13695K(123520K), 0.0241800 secs] 315177K->229719K(397848K), 0.0242250 secs] [Times: user=0.19 sys=0.00, real=0.02 secs] 
195.660: Total time for which application threads were stopped: 0.0244060 seconds, Stopping threads took: 0.0001100 seconds
195.699: Application time: 0.0392000 seconds
195.699: [GC195.699: [ParNew: 123519K->13694K(123520K), 0.0230260 secs] 339543K->255150K(397848K), 0.0230750 secs] [Times: user=0.18 sys=0.00, real=0.03 secs] 
195.722: Total time for which application threads were stopped: 0.0232350 seconds, Stopping threads took: 0.0000930 seconds
195.771: Application time: 0.0483220 seconds
195.771: [GC195.771: [ParNew: 123518K->13694K(123520K), 0.0270300 secs] 364974K->282560K(397848K), 0.0270760 secs] [Times: user=0.21 sys=0.00, real=0.03 secs] 
195.798: Total time for which application threads were stopped: 0.0272170 seconds, Stopping threads took: 0.0000720 seconds
195.852: Application time: 0.0538190 seconds
195.852: [GC195.852: [ParNew: 123518K->13696K(123520K), 0.0234030 secs]195.875: [Tenured: 284611K->132490K(285080K), 0.2275400 secs] 392384K->132490K(408600K), [Perm : 9149K->9149K(21248K)], 0.2513700 secs] [Times: user=0.41 sys=0.00, real=0.26 secs] 
196.103: Total time for which application threads were stopped: 0.2515210 seconds, Stopping threads took: 0.0000830 seconds
196.153: Application time: 0.0501950 seconds
196.154: [GC196.154: [ParNew: 109824K->13696K(123520K), 0.0118040 secs] 242314K->149923K(397848K), 0.0118470 secs] [Times: user=0.09 sys=0.00, real=0.01 secs] 
196.165: Total time for which application threads were stopped: 0.0120200 seconds, Stopping threads took: 0.0000920 seconds
196.213: Application time: 0.0475870 seconds
196.213: [GC196.213: [ParNew: 123385K->13696K(123520K), 0.0224040 secs] 259612K->171323K(397848K), 0.0224570 secs] [Times: user=0.18 sys=0.00, real=0.02 secs] 
196.236: Total time for which application threads were stopped: 0.0227630 seconds, Stopping threads took: 0.0002170 seconds
196.285: Application time: 0.0495530 seconds
196.286: [GC196.286: [ParNew: 123520K->13696K(123520K), 0.0223380 secs] 281147K->190983K(397848K), 0.0223840 secs] [Times: user=0.17 sys=0.00, real=0.02 secs] 
196.308: Total time for which application threads were stopped: 0.0225920 seconds, Stopping threads took: 0.0001200 seconds
196.357: Application time: 0.0495180 seconds
196.358: [GC196.358: [ParNew: 123520K->13696K(123520K), 0.0230530 secs] 300807K->210887K(397848K), 0.0231000 secs] [Times: user=0.18 sys=0.00, real=0.03 secs] 
196.381: Total time for which application threads were stopped: 0.0232800 seconds, Stopping threads took: 0.0001130 seconds
196.427: Application time: 0.0459870 seconds
196.429: [GC196.429: [ParNew: 123520K->13696K(123520K), 0.0230580 secs] 320711K->232869K(397848K), 0.0231040 secs] [Times: user=0.18 sys=0.00, real=0.02 secs] 
196.452: Total time for which application threads were stopped: 0.0250350 seconds, Stopping threads took: 0.0018640 seconds
196.491: Application time: 0.0388560 seconds
196.491: [GC196.491: [ParNew: 123520K->13696K(123520K), 0.0247500 secs] 342693K->260091K(397848K), 0.0247940 secs] [Times: user=0.20 sys=0.00, real=0.03 secs] 
196.516: Total time for which application threads were stopped: 0.0249580 seconds, Stopping threads took: 0.0000870 seconds
196.560: Application time: 0.0444630 seconds
196.560: [GC196.560: [ParNew: 123520K->13696K(123520K), 0.0290370 secs]196.589: [Tenured: 276618K->156609K(277016K), 0.2445010 secs] 369915K->156609K(400536K), [Perm : 9149K->9149K(21248K)], 0.2737200 secs] [Times: user=0.47 sys=0.00, real=0.28 secs] 
196.834: Total time for which application threads were stopped: 0.2738870 seconds, Stopping threads took: 0.0000980 seconds
196.886: Application time: 0.0518380 seconds
196.886: [GC196.886: [ParNew: 109824K->13696K(123520K), 0.0147970 secs] 266433K->174961K(397848K), 0.0148400 secs] [Times: user=0.11 sys=0.00, real=0.02 secs] 
196.901: Total time for which application threads were stopped: 0.0150450 seconds, Stopping threads took: 0.0001260 seconds
196.953: Application time: 0.0517210 seconds
196.957: [GC196.957: [ParNew: 123520K->13696K(123520K), 0.0213620 secs] 284785K->191380K(397848K), 0.0214060 secs] [Times: user=0.17 sys=0.00, real=0.02 secs] 
196.978: Total time for which application threads were stopped: 0.0254580 seconds, Stopping threads took: 0.0039860 seconds
197.027: Application time: 0.0494580 seconds
197.028: [GC197.028: [ParNew: 123520K->13696K(123520K), 0.0219750 secs] 301204K->211353K(397848K), 0.0220200 secs] [Times: user=0.17 sys=0.00, real=0.02 secs] 
197.050: Total time for which application threads were stopped: 0.0222360 seconds, Stopping threads took: 0.0001490 seconds
197.099: Application time: 0.0492770 seconds
197.099: [GC197.099: [ParNew: 123520K->13696K(123520K), 0.0222440 secs] 321177K->229966K(397848K), 0.0222890 secs] [Times: user=0.17 sys=0.00, real=0.03 secs] 
197.122: Total time for which application threads were stopped: 0.0225400 seconds, Stopping threads took: 0.0001620 seconds
197.171: Application time: 0.0495280 seconds
197.171: [GC197.171: [ParNew: 123520K->13696K(123520K), 0.0207890 secs] 339790K->246667K(397848K), 0.0208320 secs] [Times: user=0.16 sys=0.00, real=0.02 secs] 
197.192: Total time for which application threads were stopped: 0.0209940 seconds, Stopping threads took: 0.0000930 seconds
197.240: Application time: 0.0482760 seconds
197.241: [GC197.241: [ParNew: 123520K->13696K(123520K), 0.0216940 secs] 356491K->265935K(397848K), 0.0217380 secs] [Times: user=0.18 sys=0.00, real=0.02 secs] 
197.262: Total time for which application threads were stopped: 0.0219400 seconds, Stopping threads took: 0.0001350 seconds
197.302: Application time: 0.0394980 seconds
197.302: [GC197.302: [ParNew: 123520K->13696K(123520K), 0.0254370 secs]197.327: [Tenured: 280527K->136473K(280664K), 0.2083940 secs] 375759K->136473K(404184K), [Perm : 9149K->9149K(21248K)], 0.2341400 secs] [Times: user=0.41 sys=0.00, real=0.23 secs] 
197.536: Total time for which application threads were stopped: 0.2342850 seconds, Stopping threads took: 0.0000770 seconds
197.578: Application time: 0.0418370 seconds
197.578: [GC197.578: [ParNew: 109824K->13696K(123520K), 0.0184590 secs] 246297K->164716K(397848K), 0.0185030 secs] [Times: user=0.14 sys=0.00, real=0.02 secs] 
197.597: Total time for which application threads were stopped: 0.0186560 seconds, Stopping threads took: 0.0000710 seconds
197.643: Application time: 0.0463460 seconds
197.643: [GC197.643: [ParNew: 123520K->13696K(123520K), 0.0256820 secs] 274540K->189081K(397848K), 0.0257260 secs] [Times: user=0.21 sys=0.00, real=0.02 secs] 
197.669: Total time for which application threads were stopped: 0.0259010 seconds, Stopping threads took: 0.0001060 seconds
197.724: Application time: 0.0552040 seconds
197.724: [GC197.724: [ParNew: 123520K->13694K(123520K), 0.0232880 secs] 298905K->205756K(397848K), 0.0233320 secs] [Times: user=0.19 sys=0.00, real=0.02 secs] 
197.748: Total time for which application threads were stopped: 0.0234720 seconds, Stopping threads took: 0.0000720 seconds
197.796: Application time: 0.0481660 seconds
197.796: [GC197.796: [ParNew: 123518K->13696K(123520K), 0.0208480 secs] 315580K->222425K(397848K), 0.0208940 secs] [Times: user=0.16 sys=0.00, real=0.02 secs] 
197.817: Total time for which application threads were stopped: 0.0210710 seconds, Stopping threads took: 0.0001100 seconds
197.867: Application time: 0.0503020 seconds
197.867: [GC197.867: [ParNew: 123520K->13696K(123520K), 0.0225710 secs] 332249K->242494K(397848K), 0.0226140 secs] [Times: user=0.17 sys=0.00, real=0.02 secs] 
197.890: Total time for which application threads were stopped: 0.0227520 seconds, Stopping threads took: 0.0000700 seconds
197.940: Application time: 0.0497930 seconds
197.941: [GC197.941: [ParNew: 123520K->13696K(123520K), 0.0239080 secs] 352318K->263021K(397848K), 0.0239530 secs] [Times: user=0.18 sys=0.01, real=0.02 secs] 
197.965: Total time for which application threads were stopped: 0.0249130 seconds, Stopping threads took: 0.0008930 seconds
198.019: Application time: 0.0544000 seconds
198.019: [GC198.019: [ParNew: 123520K->13696K(123520K), 0.0208490 secs] 372845K->278360K(397848K), 0.0208950 secs] [Times: user=0.16 sys=0.00, real=0.02 secs] 
198.040: Total time for which application threads were stopped: 0.0210330 seconds, Stopping threads took: 0.0000690 seconds
198.083: Application time: 0.0428170 seconds
198.083: [GC198.083: [ParNew: 123520K->13696K(123520K), 0.0225770 secs]198.106: [Tenured: 286205K->131367K(286424K), 0.1961690 secs] 388184K->131367K(409944K), [Perm : 9149K->9149K(21248K)], 0.2192530 secs] [Times: user=0.38 sys=0.00, real=0.22 secs] 
198.302: Total time for which application threads were stopped: 0.2194200 seconds, Stopping threads took: 0.0000760 seconds
198.344: Application time: 0.0413660 seconds
198.344: [GC198.344: [ParNew: 109824K->13696K(123520K), 0.0192010 secs] 241191K->161982K(397848K), 0.0192470 secs] [Times: user=0.15 sys=0.00, real=0.02 secs] 
198.363: Total time for which application threads were stopped: 0.0194230 seconds, Stopping threads took: 0.0001080 seconds
198.405: Application time: 0.0420130 seconds
198.405: [GC198.405: [ParNew: 123520K->13696K(123520K), 0.0260560 secs] 271806K->188396K(397848K), 0.0261010 secs] [Times: user=0.20 sys=0.00, real=0.02 secs] 
198.431: Total time for which application threads were stopped: 0.0262660 seconds, Stopping threads took: 0.0000950 seconds
198.482: Application time: 0.0512040 seconds
198.483: [GC198.483: [ParNew: 123520K->13696K(123520K), 0.0255370 secs] 298220K->209414K(397848K), 0.0255820 secs] [Times: user=0.21 sys=0.00, real=0.02 secs] 
198.508: Total time for which application threads were stopped: 0.0257730 seconds, Stopping threads took: 0.0001220 seconds
198.561: Application time: 0.0523290 seconds
198.561: [GC198.561: [ParNew: 123520K->13696K(123520K), 0.0205770 secs] 319238K->224542K(397848K), 0.0206230 secs] [Times: user=0.16 sys=0.00, real=0.02 secs] 
198.581: Total time for which application threads were stopped: 0.0208070 seconds, Stopping threads took: 0.0001170 seconds
198.625: Application time: 0.0437260 seconds
198.625: [GC198.625: [ParNew: 123520K->13696K(123520K), 0.0219940 secs] 334366K->245869K(397848K), 0.0220410 secs] [Times: user=0.17 sys=0.00, real=0.02 secs] 
198.647: Total time for which application threads were stopped: 0.0222160 seconds, Stopping threads took: 0.0000960 seconds
198.697: Application time: 0.0500370 seconds
198.698: [GC198.698: [ParNew: 123520K->13696K(123520K), 0.0246500 secs] 355693K->269793K(397848K), 0.0246950 secs] [Times: user=0.20 sys=0.00, real=0.03 secs] 
198.722: Total time for which application threads were stopped: 0.0248480 seconds, Stopping threads took: 0.0000860 seconds
198.776: Application time: 0.0535140 seconds
198.776: [GC198.776: [ParNew: 123520K->13696K(123520K), 0.0230930 secs] 379617K->285390K(397848K), 0.0231360 secs] [Times: user=0.18 sys=0.00, real=0.02 secs] 
198.799: Total time for which application threads were stopped: 0.0233020 seconds, Stopping threads took: 0.0001010 seconds
198.845: Application time: 0.0455120 seconds
198.845: [GC198.845: [ParNew: 123520K->13696K(123520K), 0.0218820 secs]198.867: [Tenured: 291713K->126342K(292184K), 0.2160810 secs] 395214K->126342K(415704K), [Perm : 9149K->9149K(21248K)], 0.2386740 secs] [Times: user=0.39 sys=0.00, real=0.24 secs] 
199.083: Total time for which application threads were stopped: 0.2388630 seconds, Stopping threads took: 0.0001190 seconds
199.129: Application time: 0.0452320 seconds
199.129: [GC199.129: [ParNew: 109824K->13696K(123520K), 0.0164180 secs] 236166K->150147K(397848K), 0.0164630 secs] [Times: user=0.13 sys=0.00, real=0.02 secs] 
199.145: Total time for which application threads were stopped: 0.0166130 seconds, Stopping threads took: 0.0000690 seconds
199.190: Application time: 0.0450820 seconds
199.190: [GC199.190: [ParNew: 123520K->13696K(123520K), 0.0239780 secs] 259971K->172771K(397848K), 0.0240230 secs] [Times: user=0.19 sys=0.00, real=0.03 secs] 
199.215: Total time for which application threads were stopped: 0.0241660 seconds, Stopping threads took: 0.0000750 seconds
199.258: Application time: 0.0430700 seconds
199.258: [GC199.258: [ParNew: 123520K->13696K(123520K), 0.0254990 secs] 282595K->199947K(397848K), 0.0255450 secs] [Times: user=0.20 sys=0.00, real=0.03 secs] 
199.283: Total time for which application threads were stopped: 0.0257820 seconds, Stopping threads took: 0.0001690 seconds
199.339: Application time: 0.0554530 seconds
199.339: [GC199.339: [ParNew: 123520K->13694K(123520K), 0.0237600 secs] 309771K->216984K(397848K), 0.0238040 secs] [Times: user=0.19 sys=0.00, real=0.03 secs] 
199.363: Total time for which application threads were stopped: 0.0239910 seconds, Stopping threads took: 0.0001230 seconds
199.406: Application time: 0.0430940 seconds
199.406: [GC199.406: [ParNew: 123518K->13696K(123520K), 0.0231120 secs] 326808K->238598K(397848K), 0.0231600 secs] [Times: user=0.19 sys=0.00, real=0.02 secs] 
199.429: Total time for which application threads were stopped: 0.0233430 seconds, Stopping threads took: 0.0001150 seconds
199.479: Application time: 0.0501120 seconds
199.480: [GC199.480: [ParNew: 123520K->13696K(123520K), 0.0247350 secs] 348422K->261946K(397848K), 0.0247790 secs] [Times: user=0.20 sys=0.00, real=0.03 secs] 
199.504: Total time for which application threads were stopped: 0.0249850 seconds, Stopping threads took: 0.0001360 seconds
199.555: Application time: 0.0505350 seconds
199.555: [GC199.555: [ParNew: 123520K->13696K(123520K), 0.0229410 secs] 371770K->279575K(397848K), 0.0229880 secs] [Times: user=0.18 sys=0.00, real=0.02 secs] 
199.578: Total time for which application threads were stopped: 0.0231730 seconds, Stopping threads took: 0.0001180 seconds
199.628: Application time: 0.0494510 seconds
199.628: [GC199.628: [ParNew: 123520K->13696K(123520K), 0.0225450 secs]199.650: [Tenured: 285677K->139936K(286040K), 0.2210620 secs] 389399K->139936K(409560K), [Perm : 9149K->9149K(21248K)], 0.2440770 secs] [Times: user=0.39 sys=0.00, real=0.24 secs] 
199.872: Total time for which application threads were stopped: 0.2442560 seconds, Stopping threads took: 0.0001080 seconds
199.918: Application time: 0.0463910 seconds
199.918: [GC199.918: [ParNew: 109824K->13696K(123520K), 0.0148360 secs] 249760K->162170K(397848K), 0.0148800 secs] [Times: user=0.12 sys=0.00, real=0.02 secs] 
199.933: Total time for which application threads were stopped: 0.0150430 seconds, Stopping threads took: 0.0000810 seconds
199.984: Application time: 0.0506370 seconds
199.984: [GC199.984: [ParNew: 123520K->13696K(123520K), 0.0225000 secs] 271994K->181739K(397848K), 0.0225450 secs] [Times: user=0.18 sys=0.00, real=0.02 secs] 
200.007: Total time for which application threads were stopped: 0.0226840 seconds, Stopping threads took: 0.0000700 seconds
200.048: Application time: 0.0419190 seconds
200.049: [GC200.049: [ParNew: 123520K->13696K(123520K), 0.0235190 secs] 291563K->205858K(397848K), 0.0235650 secs] [Times: user=0.18 sys=0.00, real=0.02 secs] 
200.072: Total time for which application threads were stopped: 0.0237350 seconds, Stopping threads took: 0.0001020 seconds
200.121: Application time: 0.0485670 seconds
200.121: [GC200.121: [ParNew: 123520K->13696K(123520K), 0.0245590 secs] 315682K->229806K(397848K), 0.0246040 secs] [Times: user=0.19 sys=0.00, real=0.02 secs] 
200.146: Total time for which application threads were stopped: 0.0247920 seconds, Stopping threads took: 0.0001190 seconds
200.196: Application time: 0.0508620 seconds
200.197: [GC200.197: [ParNew: 123520K->13696K(123520K), 0.0226480 secs] 339630K->248040K(397848K), 0.0226930 secs] [Times: user=0.18 sys=0.00, real=0.02 secs] 
200.219: Total time for which application threads were stopped: 0.0228890 seconds, Stopping threads took: 0.0001270 seconds
200.265: Application time: 0.0456410 seconds
200.269: [GC200.269: [ParNew: 123520K->13696K(123520K), 0.0243510 secs] 357864K->270418K(397848K), 0.0243970 secs] [Times: user=0.18 sys=0.00, real=0.03 secs] 
200.293: Total time for which application threads were stopped: 0.0280940 seconds, Stopping threads took: 0.0036080 seconds
200.341: Application time: 0.0477340 seconds
200.341: [GC200.341: [ParNew: 123520K->13696K(123520K), 0.0255930 secs]200.367: [Tenured: 281183K->152625K(281432K), 0.2393160 secs] 380242K->152625K(404952K), [Perm : 9149K->9149K(21248K)], 0.2652300 secs] [Times: user=0.44 sys=0.00, real=0.26 secs] 
200.606: Total time for which application threads were stopped: 0.2655500 seconds, Stopping threads took: 0.0002310 seconds
200.660: Application time: 0.0532470 seconds
200.660: [GC200.660: [ParNew: 109824K->13696K(123520K), 0.0141720 secs] 262449K->169756K(397848K), 0.0142180 secs] [Times: user=0.11 sys=0.00, real=0.02 secs] 
200.674: Total time for which application threads were stopped: 0.0144260 seconds, Stopping threads took: 0.0001230 seconds
200.719: Application time: 0.0447760 seconds
200.719: [GC200.719: [ParNew: 123484K->13696K(123520K), 0.0247020 secs] 279544K->192043K(397848K), 0.0247530 secs] [Times: user=0.18 sys=0.00, real=0.03 secs] 
200.744: Total time for which application threads were stopped: 0.0249460 seconds, Stopping threads took: 0.0001250 seconds
200.798: Application time: 0.0544830 seconds
200.799: [GC200.799: [ParNew: 123520K->13696K(123520K), 0.0227430 secs] 301867K->211036K(397848K), 0.0227880 secs] [Times: user=0.18 sys=0.00, real=0.03 secs] 
200.821: Total time for which application threads were stopped: 0.0230650 seconds, Stopping threads took: 0.0001900 seconds
200.868: Application time: 0.0465940 seconds
200.868: [GC200.868: [ParNew: 123520K->13696K(123520K), 0.0219520 secs] 320860K->230131K(397848K), 0.0219970 secs] [Times: user=0.17 sys=0.00, real=0.02 secs] 
200.890: Total time for which application threads were stopped: 0.0221850 seconds, Stopping threads took: 0.0001190 seconds
200.934: Application time: 0.0436290 seconds
200.934: [GC200.934: [ParNew: 123520K->13696K(123520K), 0.0241870 secs] 339955K->256154K(397848K), 0.0242420 secs] [Times: user=0.19 sys=0.00, real=0.02 secs] 
200.958: Total time for which application threads were stopped: 0.0244140 seconds, Stopping threads took: 0.0001040 seconds
201.006: Application time: 0.0479220 seconds
201.006: [GC201.006: [ParNew: 123520K->13696K(123520K), 0.0246980 secs] 365978K->278759K(397848K), 0.0247430 secs] [Times: user=0.20 sys=0.00, real=0.02 secs] 
201.031: Total time for which application threads were stopped: 0.0249210 seconds, Stopping threads took: 0.0001130 seconds
201.080: Application time: 0.0488630 seconds
201.080: [GC201.080: [ParNew: 123520K->13696K(123520K), 0.0239890 secs]201.104: [Tenured: 285213K->146390K(285464K), 0.2270750 secs] 388583K->146390K(408984K), [Perm : 9149K->9149K(21248K)], 0.2515150 secs] [Times: user=0.41 sys=0.00, real=0.25 secs] 
201.332: Total time for which application threads were stopped: 0.2516730 seconds, Stopping threads took: 0.0000880 seconds
201.376: Application time: 0.0449540 seconds
201.377: [GC201.377: [ParNew: 109824K->13696K(123520K), 0.0151680 secs] 256214K->169757K(397848K), 0.0152150 secs] [Times: user=0.12 sys=0.00, real=0.01 secs] 
201.392: Total time for which application threads were stopped: 0.0154680 seconds, Stopping threads took: 0.0001720 seconds
201.446: Application time: 0.0537070 seconds
201.446: [GC201.446: [ParNew: 123520K->13696K(123520K), 0.0244160 secs] 279581K->190649K(397848K), 0.0244600 secs] [Times: user=0.19 sys=0.00, real=0.02 secs] 
201.470: Total time for which application threads were stopped: 0.0246040 seconds, Stopping threads took: 0.0000770 seconds
201.519: Application time: 0.0486460 seconds
201.519: [GC201.519: [ParNew: 123520K->13696K(123520K), 0.0219890 secs] 300473K->210040K(397848K), 0.0220350 secs] [Times: user=0.17 sys=0.00, real=0.03 secs] 
201.541: Total time for which application threads were stopped: 0.0221940 seconds, Stopping threads took: 0.0000900 seconds
201.589: Application time: 0.0481190 seconds
201.589: [GC201.589: [ParNew: 123520K->13696K(123520K), 0.0237430 secs] 319864K->232890K(397848K), 0.0237880 secs] [Times: user=0.19 sys=0.00, real=0.03 secs] 
201.613: Total time for which application threads were stopped: 0.0239450 seconds, Stopping threads took: 0.0000910 seconds
201.666: Application time: 0.0529050 seconds
201.666: [GC201.666: [ParNew: 123520K->13695K(123520K), 0.0215330 secs] 342714K->247767K(397848K), 0.0215780 secs] [Times: user=0.16 sys=0.00, real=0.02 secs] 
201.688: Total time for which application threads were stopped: 0.0217090 seconds, Stopping threads took: 0.0000640 seconds
201.730: Application time: 0.0422320 seconds
201.730: [GC201.730: [ParNew: 123519K->13695K(123520K), 0.0228840 secs] 357591K->271211K(397848K), 0.0229290 secs] [Times: user=0.18 sys=0.00, real=0.03 secs] 
201.753: Total time for which application threads were stopped: 0.0230620 seconds, Stopping threads took: 0.0000650 seconds
201.800: Application time: 0.0472700 seconds
201.801: [GC201.801: [ParNew: 123519K->13696K(123520K), 0.0253710 secs]201.826: [Tenured: 282982K->136307K(283160K), 0.2302200 secs] 381035K->136307K(406680K), [Perm : 9149K->9149K(21248K)], 0.2560140 secs] [Times: user=0.43 sys=0.01, real=0.25 secs] 
202.057: Total time for which application threads were stopped: 0.2561810 seconds, Stopping threads took: 0.0000950 seconds
202.105: Application time: 0.0483910 seconds
202.105: [GC202.105: [ParNew: 109796K->13695K(123520K), 0.0148290 secs] 246103K->157498K(397848K), 0.0148770 secs] [Times: user=0.12 sys=0.00, real=0.01 secs] 
202.120: Total time for which application threads were stopped: 0.0150890 seconds, Stopping threads took: 0.0001300 seconds
202.167: Application time: 0.0472860 seconds
202.168: [GC202.168: [ParNew: 123519K->13695K(123520K), 0.0240900 secs] 267322K->179793K(397848K), 0.0241340 secs] [Times: user=0.19 sys=0.00, real=0.02 secs] 
202.192: Total time for which application threads were stopped: 0.0248960 seconds, Stopping threads took: 0.0006920 seconds
202.239: Application time: 0.0465030 seconds
202.239: [GC202.239: [ParNew: 123519K->13694K(123520K), 0.0243340 secs] 289617K->202612K(397848K), 0.0243860 secs] [Times: user=0.19 sys=0.00, real=0.03 secs] 
202.263: Total time for which application threads were stopped: 0.0245640 seconds, Stopping threads took: 0.0001090 seconds
202.316: Application time: 0.0530030 seconds
202.316: [GC202.316: [ParNew: 123386K->13694K(123520K), 0.0230500 secs] 312304K->221342K(397848K), 0.0230960 secs] [Times: user=0.18 sys=0.00, real=0.02 secs] 
202.340: Total time for which application threads were stopped: 0.0232850 seconds, Stopping threads took: 0.0001190 seconds
202.383: Application time: 0.0434990 seconds
202.383: [GC202.383: [ParNew: 123518K->13696K(123520K), 0.0227350 secs] 331166K->242196K(397848K), 0.0227820 secs] [Times: user=0.18 sys=0.00, real=0.02 secs] 
202.406: Total time for which application threads were stopped: 0.0229600 seconds, Stopping threads took: 0.0001100 seconds
202.466: Application time: 0.0595310 seconds
202.469: [GC202.469: [ParNew: 123520K->13696K(123520K), 0.0241560 secs] 352020K->260088K(397848K), 0.0242000 secs] [Times: user=0.19 sys=0.00, real=0.03 secs] 
202.493: Total time for which application threads were stopped: 0.0271590 seconds, Stopping threads took: 0.0028830 seconds
202.539: Application time: 0.0463700 seconds
202.539: [GC202.539: [ParNew: 123520K->13696K(123520K), 0.0219210 secs] 369912K->279014K(397848K), 0.0219670 secs] [Times: user=0.17 sys=0.00, real=0.03 secs] 
202.561: Total time for which application threads were stopped: 0.0221560 seconds, Stopping threads took: 0.0001220 seconds
202.605: Application time: 0.0434920 seconds
202.605: [GC202.605: [ParNew: 123520K->13696K(123520K), 0.0240800 secs]202.629: [Tenured: 290281K->140373K(290648K), 0.2253450 secs] 388838K->140373K(414168K), [Perm : 9149K->9149K(21248K)], 0.2500270 secs] [Times: user=0.42 sys=0.00, real=0.25 secs] 
202.855: Total time for which application threads were stopped: 0.2502070 seconds, Stopping threads took: 0.0001120 seconds
202.902: Application time: 0.0470910 seconds
202.902: [GC202.902: [ParNew: 109824K->13696K(123520K), 0.0170020 secs] 250197K->164596K(397848K), 0.0170470 secs] [Times: user=0.13 sys=0.00, real=0.01 secs] 
202.919: Total time for which application threads were stopped: 0.0172160 seconds, Stopping threads took: 0.0000890 seconds
202.966: Application time: 0.0461990 seconds
202.966: [GC202.966: [ParNew: 123520K->13696K(123520K), 0.0233900 secs] 274420K->185360K(397848K), 0.0234360 secs] [Times: user=0.19 sys=0.00, real=0.02 secs] 
202.989: Total time for which application threads were stopped: 0.0236000 seconds, Stopping threads took: 0.0000980 seconds
203.036: Application time: 0.0472080 seconds
203.041: [GC203.041: [ParNew: 123520K->13695K(123520K), 0.0255560 secs] 295184K->210288K(397848K), 0.0256010 secs] [Times: user=0.20 sys=0.00, real=0.02 secs] 
203.066: Total time for which application threads were stopped: 0.0299890 seconds, Stopping threads took: 0.0042980 seconds
203.118: Application time: 0.0521320 seconds
203.119: [GC203.119: [ParNew: 123519K->13694K(123520K), 0.0238980 secs] 320112K->228987K(397848K), 0.0239440 secs] [Times: user=0.19 sys=0.00, real=0.03 secs] 
203.143: Total time for which application threads were stopped: 0.0241440 seconds, Stopping threads took: 0.0001330 seconds
203.188: Application time: 0.0456840 seconds
203.188: [GC203.188: [ParNew: 123518K->13696K(123520K), 0.0230340 secs] 338811K->250270K(397848K), 0.0230790 secs] [Times: user=0.18 sys=0.00, real=0.02 secs] 
203.212: Total time for which application threads were stopped: 0.0232750 seconds, Stopping threads took: 0.0001210 seconds
203.262: Application time: 0.0501580 seconds
203.262: [GC203.262: [ParNew: 123520K->13696K(123520K), 0.0241770 secs] 360094K->272168K(397848K), 0.0242210 secs] [Times: user=0.19 sys=0.00, real=0.02 secs] 
203.286: Total time for which application threads were stopped: 0.0243550 seconds, Stopping threads took: 0.0000660 seconds
203.341: Application time: 0.0545830 seconds
203.341: [GC203.341: [ParNew: 123520K->13696K(123520K), 0.0208070 secs] 381992K->286121K(397848K), 0.0208580 secs] [Times: user=0.17 sys=0.00, real=0.02 secs] 
203.362: Total time for which application threads were stopped: 0.0210020 seconds, Stopping threads took: 0.0000770 seconds
203.401: Application time: 0.0397000 seconds
203.402: [GC203.402: [ParNew: 123348K->13696K(123520K), 0.0235950 secs]203.425: [Tenured: 296555K->141124K(296600K), 0.2173460 secs] 395774K->141124K(420120K), [Perm : 9149K->9149K(21248K)], 0.2417260 secs] [Times: user=0.40 sys=0.01, real=0.24 secs] 
203.643: Total time for which application threads were stopped: 0.2419140 seconds, Stopping threads took: 0.0001160 seconds
203.690: Application time: 0.0470280 seconds
203.690: [GC203.690: [ParNew: 109824K->13696K(123520K), 0.0192320 secs] 250948K->168275K(397848K), 0.0192780 secs] [Times: user=0.15 sys=0.00, real=0.02 secs] 
203.710: Total time for which application threads were stopped: 0.0194370 seconds, Stopping threads took: 0.0000750 seconds
203.761: Application time: 0.0513650 seconds
203.761: [GC203.761: [ParNew: 123520K->13696K(123520K), 0.0213660 secs] 278099K->183364K(397848K), 0.0214110 secs] [Times: user=0.16 sys=0.00, real=0.02 secs] 
203.783: Total time for which application threads were stopped: 0.0215910 seconds, Stopping threads took: 0.0001110 seconds
203.825: Application time: 0.0419310 seconds
203.825: [GC203.825: [ParNew: 123520K->13696K(123520K), 0.0234440 secs] 293188K->208081K(397848K), 0.0234880 secs] [Times: user=0.18 sys=0.00, real=0.02 secs] 
203.848: Total time for which application threads were stopped: 0.0236330 seconds, Stopping threads took: 0.0000780 seconds
203.895: Application time: 0.0468580 seconds
203.895: [GC203.895: [ParNew: 123520K->13696K(123520K), 0.0258800 secs] 317905K->234708K(397848K), 0.0259240 secs] [Times: user=0.21 sys=0.00, real=0.03 secs] 
203.921: Total time for which application threads were stopped: 0.0261410 seconds, Stopping threads took: 0.0001500 seconds
203.973: Application time: 0.0516720 seconds
203.973: [GC203.973: [ParNew: 123520K->13696K(123520K), 0.0215640 secs] 344532K->250646K(397848K), 0.0216080 secs] [Times: user=0.17 sys=0.00, real=0.02 secs] 
203.995: Total time for which application threads were stopped: 0.0217730 seconds, Stopping threads took: 0.0000990 seconds
204.038: Application time: 0.0436770 seconds
204.039: [GC204.039: [ParNew: 123520K->13696K(123520K), 0.0222260 secs] 360470K->272384K(397848K), 0.0222690 secs] [Times: user=0.17 sys=0.00, real=0.03 secs] 
204.061: Total time for which application threads were stopped: 0.0224210 seconds, Stopping threads took: 0.0000830 seconds
204.118: Application time: 0.0568220 seconds
204.118: [GC204.118: [ParNew: 123520K->13696K(123520K), 0.0235570 secs]204.141: [Tenured: 276350K->143435K(276440K), 0.2231230 secs] 382208K->143435K(399960K), [Perm : 9149K->9149K(21248K)], 0.2468390 secs] [Times: user=0.41 sys=0.01, real=0.25 secs] 
204.365: Total time for which application threads were stopped: 0.2470180 seconds, Stopping threads took: 0.0001090 seconds
204.410: Application time: 0.0454810 seconds
204.410: [GC204.410: [ParNew: 109824K->13696K(123520K), 0.0127790 secs] 253259K->163889K(397848K), 0.0128220 secs] [Times: user=0.10 sys=0.00, real=0.02 secs] 
204.423: Total time for which application threads were stopped: 0.0129980 seconds, Stopping threads took: 0.0000970 seconds
204.467: Application time: 0.0435520 seconds
204.467: [GC204.467: [ParNew: 123520K->13695K(123520K), 0.0247800 secs] 273713K->190993K(397848K), 0.0248260 secs] [Times: user=0.20 sys=0.00, real=0.02 secs] 
204.492: Total time for which application threads were stopped: 0.0250040 seconds, Stopping threads took: 0.0001090 seconds
204.544: Application time: 0.0525980 seconds
204.544: [GC204.544: [ParNew: 123519K->13696K(123520K), 0.0242970 secs] 300817K->209125K(397848K), 0.0243390 secs] [Times: user=0.19 sys=0.00, real=0.02 secs] 
204.569: Total time for which application threads were stopped: 0.0245000 seconds, Stopping threads took: 0.0000840 seconds
204.612: Application time: 0.0430510 seconds
204.612: [GC204.612: [ParNew: 123520K->13696K(123520K), 0.0235660 secs] 318949K->232526K(397848K), 0.0236100 secs] [Times: user=0.19 sys=0.00, real=0.03 secs] 
204.636: Total time for which application threads were stopped: 0.0237830 seconds, Stopping threads took: 0.0001060 seconds
204.677: Application time: 0.0418270 seconds
204.678: [GC204.678: [ParNew: 123520K->13696K(123520K), 0.0236500 secs] 342350K->258092K(397848K), 0.0236950 secs] [Times: user=0.18 sys=0.00, real=0.03 secs] 
204.701: Total time for which application threads were stopped: 0.0238870 seconds, Stopping threads took: 0.0001210 seconds
204.758: Application time: 0.0561670 seconds
204.758: [GC204.758: [ParNew: 123520K->13696K(123520K), 0.0238830 secs] 367916K->276401K(397848K), 0.0239240 secs] [Times: user=0.18 sys=0.00, real=0.03 secs] 
204.782: Total time for which application threads were stopped: 0.0241030 seconds, Stopping threads took: 0.0001130 seconds
204.828: Application time: 0.0464200 seconds
204.828: [GC204.828: [ParNew: 123520K->13694K(123520K), 0.0217290 secs]204.850: [Tenured: 280934K->130961K(281240K), 0.2200550 secs] 386225K->130961K(404760K), [Perm : 9149K->9149K(21248K)], 0.2421080 secs] [Times: user=0.39 sys=0.01, real=0.24 secs] 
205.070: Total time for which application threads were stopped: 0.2422610 seconds, Stopping threads took: 0.0000850 seconds
205.120: Application time: 0.0497960 seconds
205.120: [GC205.120: [ParNew: 109824K->13694K(123520K), 0.0163570 secs] 240785K->153482K(397848K), 0.0164030 secs] [Times: user=0.13 sys=0.00, real=0.02 secs] 
205.137: Total time for which application threads were stopped: 0.0165760 seconds, Stopping threads took: 0.0000890 seconds
205.188: Application time: 0.0513640 seconds
205.188: [GC205.188: [ParNew: 123435K->13696K(123520K), 0.0217610 secs] 263224K->170571K(397848K), 0.0218050 secs] [Times: user=0.17 sys=0.00, real=0.02 secs] 
205.210: Total time for which application threads were stopped: 0.0219550 seconds, Stopping threads took: 0.0000830 seconds
205.255: Application time: 0.0447910 seconds
205.255: [GC205.255: [ParNew: 123520K->13696K(123520K), 0.0236130 secs] 280395K->193200K(397848K), 0.0236570 secs] [Times: user=0.19 sys=0.00, real=0.02 secs] 
205.279: Total time for which application threads were stopped: 0.0238020 seconds, Stopping threads took: 0.0000730 seconds
205.329: Application time: 0.0501170 seconds
205.329: [GC205.329: [ParNew: 123520K->13696K(123520K), 0.0251940 secs] 303024K->217774K(397848K), 0.0252410 secs] [Times: user=0.20 sys=0.00, real=0.03 secs] 
205.354: Total time for which application threads were stopped: 0.0253830 seconds, Stopping threads took: 0.0000750 seconds
205.403: Application time: 0.0483970 seconds
205.403: [GC205.403: [ParNew: 123520K->13696K(123520K), 0.0235070 secs] 327598K->238598K(397848K), 0.0235530 secs] [Times: user=0.18 sys=0.00, real=0.02 secs] 
205.426: Total time for which application threads were stopped: 0.0237350 seconds, Stopping threads took: 0.0001140 seconds
205.464: Application time: 0.0378290 seconds
205.464: [GC205.464: [ParNew: 123520K->13696K(123520K), 0.0245210 secs] 348422K->265246K(397848K), 0.0245680 secs] [Times: user=0.20 sys=0.00, real=0.02 secs] 
205.489: Total time for which application threads were stopped: 0.0247690 seconds, Stopping threads took: 0.0001310 seconds
205.542: Application time: 0.0533810 seconds
205.542: [GC205.542: [ParNew: 123520K->13696K(123520K), 0.0275140 secs]205.570: [Tenured: 276229K->157726K(276248K), 0.2491880 secs] 375070K->157726K(399768K), [Perm : 9149K->9149K(21248K)], 0.2768700 secs] [Times: user=0.47 sys=0.00, real=0.28 secs] 
205.821: Total time for which application threads were stopped: 0.2785380 seconds, Stopping threads took: 0.0001150 seconds
205.873: Application time: 0.0519570 seconds
205.873: [GC205.873: [ParNew: 109824K->13696K(123520K), 0.0108680 secs] 267550K->172772K(397848K), 0.0109130 secs] [Times: user=0.08 sys=0.00, real=0.01 secs] 
205.884: Total time for which application threads were stopped: 0.0111790 seconds, Stopping threads took: 0.0001840 seconds
205.933: Application time: 0.0494510 seconds
205.934: [GC205.934: [ParNew: 123520K->13696K(123520K), 0.0220250 secs] 282596K->191929K(397848K), 0.0220810 secs] [Times: user=0.17 sys=0.00, real=0.02 secs] 
205.956: Total time for which application threads were stopped: 0.0222260 seconds, Stopping threads took: 0.0000750 seconds
206.008: Application time: 0.0524250 seconds
206.008: [GC206.008: [ParNew: 123520K->13696K(123520K), 0.0221660 secs] 301753K->209335K(397848K), 0.0222100 secs] [Times: user=0.18 sys=0.00, real=0.02 secs] 
206.030: Total time for which application threads were stopped: 0.0223930 seconds, Stopping threads took: 0.0001150 seconds
206.077: Application time: 0.0466470 seconds
206.077: [GC206.077: [ParNew: 123520K->13696K(123520K), 0.0229690 secs] 319159K->230502K(397848K), 0.0230140 secs] [Times: user=0.18 sys=0.00, real=0.02 secs] 
206.100: Total time for which application threads were stopped: 0.0232040 seconds, Stopping threads took: 0.0001220 seconds
206.143: Application time: 0.0424120 seconds
206.143: [GC206.143: [ParNew: 123517K->13696K(123520K), 0.0250530 secs] 340323K->256567K(397848K), 0.0250960 secs] [Times: user=0.20 sys=0.00, real=0.02 secs] 
206.168: Total time for which application threads were stopped: 0.0252840 seconds, Stopping threads took: 0.0001190 seconds
206.221: Application time: 0.0528180 seconds
206.221: [GC206.221: [ParNew: 123488K->13696K(123520K), 0.0251600 secs] 366360K->277346K(397848K), 0.0252070 secs] [Times: user=0.19 sys=0.00, real=0.02 secs] 
206.246: Total time for which application threads were stopped: 0.0253920 seconds, Stopping threads took: 0.0001180 seconds
206.289: Application time: 0.0429510 seconds
206.289: [GC206.290: [ParNew: 123520K->13696K(123520K), 0.0244250 secs]206.314: [Tenured: 287289K->143135K(287384K), 0.2156210 secs] 387170K->143135K(410904K), [Perm : 9149K->9149K(21248K)], 0.2405570 secs] [Times: user=0.40 sys=0.01, real=0.24 secs] 
206.530: Total time for which application threads were stopped: 0.2409040 seconds, Stopping threads took: 0.0002780 seconds
206.574: Application time: 0.0442440 seconds
206.575: [GC206.575: [ParNew: 109824K->13696K(123520K), 0.0189970 secs] 252959K->170989K(397848K), 0.0190420 secs] [Times: user=0.15 sys=0.00, real=0.02 secs] 
206.594: Total time for which application threads were stopped: 0.0192440 seconds, Stopping threads took: 0.0001200 seconds
206.649: Application time: 0.0557460 seconds
206.653: [GC206.653: [ParNew: 123503K->13696K(123520K), 0.0227350 secs] 280797K->186181K(397848K), 0.0227800 secs] [Times: user=0.18 sys=0.00, real=0.02 secs] 
206.675: Total time for which application threads were stopped: 0.0261630 seconds, Stopping threads took: 0.0033170 seconds
206.726: Application time: 0.0503390 seconds
206.726: [GC206.726: [ParNew: 123520K->13696K(123520K), 0.0210550 secs] 296005K->202202K(397848K), 0.0211000 secs] [Times: user=0.17 sys=0.00, real=0.02 secs] 
206.747: Total time for which application threads were stopped: 0.0213260 seconds, Stopping threads took: 0.0001390 seconds
206.796: Application time: 0.0489650 seconds
206.801: [GC206.801: [ParNew: 123520K->13696K(123520K), 0.0227080 secs] 312026K->223301K(397848K), 0.0227550 secs] [Times: user=0.18 sys=0.00, real=0.02 secs] 
206.823: Total time for which application threads were stopped: 0.0273670 seconds, Stopping threads took: 0.0045250 seconds
206.873: Application time: 0.0499930 seconds
206.874: [GC206.874: [ParNew: 123520K->13696K(123520K), 0.0232420 secs] 333125K->242504K(397848K), 0.0232870 secs] [Times: user=0.18 sys=0.00, real=0.02 secs] 
206.897: Total time for which application threads were stopped: 0.0234950 seconds, Stopping threads took: 0.0001190 seconds
206.941: Application time: 0.0440910 seconds
206.945: [GC206.945: [ParNew: 123520K->13696K(123520K), 0.0222590 secs] 352328K->263665K(397848K), 0.0223050 secs] [Times: user=0.18 sys=0.00, real=0.02 secs] 
206.967: Total time for which application threads were stopped: 0.0258240 seconds, Stopping threads took: 0.0034520 seconds
207.016: Application time: 0.0486120 seconds
207.016: [GC207.016: [ParNew: 123520K->13696K(123520K), 0.0254350 secs]207.041: [Tenured: 275250K->145477K(275864K), 0.2285090 secs] 373489K->145477K(399384K), [Perm : 9149K->9149K(21248K)], 0.2540670 secs] [Times: user=0.43 sys=0.00, real=0.25 secs] 
207.270: Total time for which application threads were stopped: 0.2542410 seconds, Stopping threads took: 0.0001070 seconds
207.316: Application time: 0.0464670 seconds
207.316: [GC207.316: [ParNew: 109824K->13696K(123520K), 0.0166240 secs] 255301K->169771K(397848K), 0.0166690 secs] [Times: user=0.13 sys=0.00, real=0.02 secs] 
207.333: Total time for which application threads were stopped: 0.0168380 seconds, Stopping threads took: 0.0000890 seconds
207.377: Application time: 0.0434810 seconds
207.381: [GC207.381: [ParNew: 123520K->13696K(123520K), 0.0239580 secs] 279595K->194369K(397848K), 0.0240030 secs] [Times: user=0.19 sys=0.00, real=0.02 secs] 
207.405: Total time for which application threads were stopped: 0.0279930 seconds, Stopping threads took: 0.0039220 seconds
207.456: Application time: 0.0518060 seconds
207.461: [GC207.461: [ParNew: 123520K->13694K(123520K), 0.0246250 secs] 304193K->215651K(397848K), 0.0246710 secs] [Times: user=0.20 sys=0.00, real=0.02 secs] 
207.485: Total time for which application threads were stopped: 0.0290350 seconds, Stopping threads took: 0.0042770 seconds
207.541: Application time: 0.0559700 seconds
207.542: [GC207.542: [ParNew: 123518K->13696K(123520K), 0.0205270 secs] 325475K->229577K(397848K), 0.0205720 secs] [Times: user=0.16 sys=0.00, real=0.02 secs] 
207.562: Total time for which application threads were stopped: 0.0207770 seconds, Stopping threads took: 0.0001190 seconds
207.609: Application time: 0.0463740 seconds
207.609: [GC207.609: [ParNew: 123520K->13696K(123520K), 0.0219510 secs] 339401K->249786K(397848K), 0.0219960 secs] [Times: user=0.18 sys=0.00, real=0.02 secs] 
207.631: Total time for which application threads were stopped: 0.0221670 seconds, Stopping threads took: 0.0001030 seconds
207.682: Application time: 0.0517750 seconds
207.683: [GC207.683: [ParNew: 123520K->13696K(123520K), 0.0232270 secs] 359610K->269151K(397848K), 0.0232730 secs] [Times: user=0.18 sys=0.00, real=0.02 secs] 
207.706: Total time for which application threads were stopped: 0.0234430 seconds, Stopping threads took: 0.0001040 seconds
207.749: Application time: 0.0427550 seconds
207.749: [GC207.749: [ParNew: 123520K->13696K(123520K), 0.0248540 secs]207.774: [Tenured: 280518K->133914K(281048K), 0.2288900 secs] 378975K->133914K(404568K), [Perm : 9149K->9149K(21248K)], 0.2540430 secs] [Times: user=0.43 sys=0.00, real=0.26 secs] 
208.003: Total time for which application threads were stopped: 0.2542400 seconds, Stopping threads took: 0.0001090 seconds
208.052: Application time: 0.0489970 seconds
208.052: [GC208.052: [ParNew: 109824K->13696K(123520K), 0.0172930 secs] 243738K->156355K(397848K), 0.0173370 secs] [Times: user=0.14 sys=0.00, real=0.02 secs] 
208.069: Total time for which application threads were stopped: 0.0175180 seconds, Stopping threads took: 0.0001050 seconds
208.113: Application time: 0.0438630 seconds
208.113: [GC208.113: [ParNew: 123520K->13696K(123520K), 0.0228230 secs] 266179K->178068K(397848K), 0.0228680 secs] [Times: user=0.18 sys=0.00, real=0.02 secs] 
208.136: Total time for which application threads were stopped: 0.0230020 seconds, Stopping threads took: 0.0000660 seconds
208.185: Application time: 0.0484280 seconds
208.185: [GC208.185: [ParNew: 123514K->13695K(123520K), 0.0246100 secs] 287886K->202983K(397848K), 0.0246550 secs] [Times: user=0.20 sys=0.00, real=0.02 secs] 
208.210: Total time for which application threads were stopped: 0.0248290 seconds, Stopping threads took: 0.0001070 seconds
208.254: Application time: 0.0439440 seconds
208.257: [GC208.257: [ParNew: 123519K->13695K(123520K), 0.0239100 secs] 312807K->225483K(397848K), 0.0239560 secs] [Times: user=0.19 sys=0.00, real=0.03 secs] 
208.281: Total time for which application threads were stopped: 0.0270260 seconds, Stopping threads took: 0.0030030 seconds
208.336: Application time: 0.0558350 seconds
208.337: [GC208.337: [ParNew: 123495K->13694K(123520K), 0.0219010 secs] 335283K->241366K(397848K), 0.0219560 secs] [Times: user=0.17 sys=0.00, real=0.02 secs] 
208.359: Total time for which application threads were stopped: 0.0221300 seconds, Stopping threads took: 0.0001070 seconds
208.406: Application time: 0.0471610 seconds
208.409: [GC208.409: [ParNew: 123518K->13695K(123520K), 0.0221490 secs] 351190K->259515K(397848K), 0.0221910 secs] [Times: user=0.18 sys=0.00, real=0.02 secs] 
208.431: Total time for which application threads were stopped: 0.0251470 seconds, Stopping threads took: 0.0028900 seconds
208.478: Application time: 0.0470280 seconds
208.478: [GC208.478: [ParNew: 123519K->13696K(123520K), 0.0231110 secs] 369339K->281567K(397848K), 0.0231560 secs] [Times: user=0.18 sys=0.00, real=0.03 secs] 
208.501: Total time for which application threads were stopped: 0.0233320 seconds, Stopping threads took: 0.0001080 seconds
208.547: Application time: 0.0457320 seconds
208.547: [GC208.547: [ParNew: 123520K->13696K(123520K), 0.0248160 secs]208.572: [Tenured: 290872K->135127K(291224K), 0.2225030 secs] 391391K->135127K(414744K), [Perm : 9149K->9149K(21248K)], 0.2480000 secs] [Times: user=0.42 sys=0.00, real=0.25 secs] 
208.795: Total time for which application threads were stopped: 0.2481730 seconds, Stopping threads took: 0.0000990 seconds
208.842: Application time: 0.0469690 seconds
208.842: [GC208.842: [ParNew: 109824K->13696K(123520K), 0.0165140 secs] 244951K->158442K(397848K), 0.0165580 secs] [Times: user=0.13 sys=0.00, real=0.01 secs] 
208.859: Total time for which application threads were stopped: 0.0167120 seconds, Stopping threads took: 0.0000690 seconds
208.908: Application time: 0.0489390 seconds
208.908: [GC208.908: [ParNew: 123520K->13696K(123520K), 0.0228050 secs] 268266K->178870K(397848K), 0.0228510 secs] [Times: user=0.18 sys=0.00, real=0.02 secs] 
208.931: Total time for which application threads were stopped: 0.0230500 seconds, Stopping threads took: 0.0001300 seconds
208.976: Application time: 0.0455970 seconds
208.977: [GC208.977: [ParNew: 123520K->13696K(123520K), 0.0229280 secs] 288694K->200570K(397848K), 0.0229740 secs] [Times: user=0.18 sys=0.00, real=0.02 secs] 
209.000: Total time for which application threads were stopped: 0.0231510 seconds, Stopping threads took: 0.0001090 seconds
209.044: Application time: 0.0449640 seconds
209.045: [GC209.045: [ParNew: 123520K->13694K(123520K), 0.0247860 secs] 310394K->226321K(397848K), 0.0248310 secs] [Times: user=0.19 sys=0.00, real=0.02 secs] 
209.069: Total time for which application threads were stopped: 0.0249690 seconds, Stopping threads took: 0.0000720 seconds
209.116: Application time: 0.0464810 seconds
209.116: [GC209.116: [ParNew: 123518K->13694K(123520K), 0.0243780 secs] 336145K->247708K(397848K), 0.0244250 secs] [Times: user=0.20 sys=0.00, real=0.03 secs] 
209.141: Total time for which application threads were stopped: 0.0245920 seconds, Stopping threads took: 0.0001000 seconds
209.198: Application time: 0.0576190 seconds
209.198: [GC209.198: [ParNew: 123518K->13696K(123520K), 0.0199210 secs] 357532K->260993K(397848K), 0.0199660 secs] [Times: user=0.16 sys=0.00, real=0.02 secs] 
209.218: Total time for which application threads were stopped: 0.0202370 seconds, Stopping threads took: 0.0001830 seconds
209.262: Application time: 0.0431590 seconds
209.262: [GC209.262: [ParNew: 123520K->13696K(123520K), 0.0223790 secs] 370817K->282712K(397848K), 0.0224260 secs] [Times: user=0.18 sys=0.00, real=0.02 secs] 
209.284: Total time for which application threads were stopped: 0.0226150 seconds, Stopping threads took: 0.0001200 seconds
209.331: Application time: 0.0470660 seconds
209.331: [GC209.331: [ParNew: 123520K->13696K(123520K), 0.0246560 secs]209.356: [Tenured: 292454K->138073K(292568K), 0.2179670 secs] 392536K->138073K(416088K), [Perm : 9149K->9149K(21248K)], 0.2432900 secs] [Times: user=0.41 sys=0.00, real=0.25 secs] 
209.575: Total time for which application threads were stopped: 0.2434290 seconds, Stopping threads took: 0.0000710 seconds
209.616: Application time: 0.0415430 seconds
209.616: [GC209.616: [ParNew: 109824K->13696K(123520K), 0.0132180 secs] 247897K->159752K(397848K), 0.0132790 secs] [Times: user=0.10 sys=0.00, real=0.01 secs] 
209.630: Total time for which application threads were stopped: 0.0134770 seconds, Stopping threads took: 0.0001180 seconds
209.682: Application time: 0.0527820 seconds
209.683: [GC209.683: [ParNew: 123520K->13696K(123520K), 0.0240290 secs] 269576K->181404K(397848K), 0.0240730 secs] [Times: user=0.19 sys=0.00, real=0.02 secs] 
209.707: Total time for which application threads were stopped: 0.0243420 seconds, Stopping threads took: 0.0002020 seconds
209.750: Application time: 0.0434220 seconds
209.750: [GC209.750: [ParNew: 123520K->13696K(123520K), 0.0241940 secs] 291228K->204418K(397848K), 0.0242380 secs] [Times: user=0.19 sys=0.00, real=0.03 secs] 
209.775: Total time for which application threads were stopped: 0.0244210 seconds, Stopping threads took: 0.0001160 seconds
209.826: Application time: 0.0517280 seconds
209.827: [GC209.827: [ParNew: 123520K->13696K(123520K), 0.0247070 secs] 314242K->226727K(397848K), 0.0247530 secs] [Times: user=0.20 sys=0.00, real=0.02 secs] 
209.851: Total time for which application threads were stopped: 0.0249030 seconds, Stopping threads took: 0.0000830 seconds
209.894: Application time: 0.0427630 seconds
209.897: [GC209.897: [ParNew: 123520K->13696K(123520K), 0.0238430 secs] 336551K->249015K(397848K), 0.0238890 secs] [Times: user=0.19 sys=0.00, real=0.03 secs] 
209.921: Total time for which application threads were stopped: 0.0265880 seconds, Stopping threads took: 0.0026110 seconds
209.979: Application time: 0.0581430 seconds
209.979: [GC209.979: [ParNew: 123520K->13696K(123520K), 0.0249490 secs] 358839K->266760K(397848K), 0.0249940 secs] [Times: user=0.20 sys=0.00, real=0.03 secs] 
210.004: Total time for which application threads were stopped: 0.0251580 seconds, Stopping threads took: 0.0000990 seconds
210.053: Application time: 0.0489510 seconds
210.053: [GC210.053: [ParNew: 123520K->13696K(123520K), 0.0222660 secs] 376584K->284868K(397848K), 0.0223110 secs] [Times: user=0.18 sys=0.00, real=0.02 secs] 
210.075: Total time for which application threads were stopped: 0.0224620 seconds, Stopping threads took: 0.0000830 seconds
210.124: Application time: 0.0483750 seconds
210.124: [GC210.124: [ParNew: 123520K->13696K(123520K), 0.0239860 secs]210.148: [Tenured: 293815K->147901K(293912K), 0.2321150 secs] 394692K->147901K(417432K), [Perm : 9149K->9149K(21248K)], 0.2569070 secs] [Times: user=0.42 sys=0.01, real=0.26 secs] 
210.381: Total time for which application threads were stopped: 0.2571080 seconds, Stopping threads took: 0.0001180 seconds
210.429: Application time: 0.0478330 seconds
210.429: [GC210.429: [ParNew: 109824K->13694K(123520K), 0.0149190 secs] 257725K->170955K(397848K), 0.0149640 secs] [Times: user=0.11 sys=0.00, real=0.02 secs] 
210.444: Total time for which application threads were stopped: 0.0151310 seconds, Stopping threads took: 0.0000980 seconds
210.490: Application time: 0.0465780 seconds
210.491: [GC210.491: [ParNew: 123518K->13696K(123520K), 0.0240310 secs] 280779K->193558K(397848K), 0.0240760 secs] [Times: user=0.18 sys=0.00, real=0.03 secs] 
210.515: Total time for which application threads were stopped: 0.0243350 seconds, Stopping threads took: 0.0001720 seconds
210.561: Application time: 0.0459370 seconds
210.561: [GC210.561: [ParNew: 123520K->13696K(123520K), 0.0237540 secs] 303382K->215864K(397848K), 0.0237980 secs] [Times: user=0.19 sys=0.00, real=0.02 secs] 
210.585: Total time for which application threads were stopped: 0.0239270 seconds, Stopping threads took: 0.0000610 seconds
210.634: Application time: 0.0495360 seconds
210.634: [GC210.634: [ParNew: 123520K->13696K(123520K), 0.0242960 secs] 325688K->237060K(397848K), 0.0243420 secs] [Times: user=0.19 sys=0.00, real=0.02 secs] 
210.659: Total time for which application threads were stopped: 0.0245560 seconds, Stopping threads took: 0.0001330 seconds
210.708: Application time: 0.0491420 seconds
210.708: [GC210.708: [ParNew: 123520K->13696K(123520K), 0.0240480 secs] 346884K->258977K(397848K), 0.0240940 secs] [Times: user=0.19 sys=0.00, real=0.02 secs] 
210.732: Total time for which application threads were stopped: 0.0242570 seconds, Stopping threads took: 0.0000930 seconds
210.778: Application time: 0.0458870 seconds
210.778: [GC210.778: [ParNew: 123520K->13694K(123520K), 0.0237920 secs] 368801K->281080K(397848K), 0.0238380 secs] [Times: user=0.19 sys=0.00, real=0.03 secs] 
210.802: Total time for which application threads were stopped: 0.0240140 seconds, Stopping threads took: 0.0001060 seconds
210.857: Application time: 0.0544950 seconds
210.857: [GC210.857: [ParNew: 123518K->13694K(123520K), 0.0216240 secs]210.878: [Tenured: 282937K->127500K(282968K), 0.2224420 secs] 390904K->127500K(406488K), [Perm : 9149K->9149K(21248K)], 0.2444390 secs] [Times: user=0.37 sys=0.02, real=0.25 secs] 
211.101: Total time for which application threads were stopped: 0.2445920 seconds, Stopping threads took: 0.0000870 seconds
211.144: Application time: 0.0425670 seconds
211.144: [GC211.144: [ParNew: 109824K->13696K(123520K), 0.0137040 secs] 237324K->149888K(397848K), 0.0137470 secs] [Times: user=0.11 sys=0.00, real=0.01 secs] 
211.158: Total time for which application threads were stopped: 0.0138990 seconds, Stopping threads took: 0.0000710 seconds
211.206: Application time: 0.0481700 seconds
211.206: [GC211.206: [ParNew: 123520K->13696K(123520K), 0.0241950 secs] 259712K->174644K(397848K), 0.0242390 secs] [Times: user=0.19 sys=0.00, real=0.02 secs] 
211.230: Total time for which application threads were stopped: 0.0244000 seconds, Stopping threads took: 0.0000950 seconds
211.275: Application time: 0.0446780 seconds
211.275: [GC211.275: [ParNew: 123520K->13696K(123520K), 0.0246050 secs] 284468K->198047K(397848K), 0.0246510 secs] [Times: user=0.20 sys=0.00, real=0.02 secs] 
211.300: Total time for which application threads were stopped: 0.0247870 seconds, Stopping threads took: 0.0000660 seconds
211.347: Application time: 0.0470080 seconds
211.347: [GC211.347: [ParNew: 123520K->13694K(123520K), 0.0236650 secs] 307871K->220166K(397848K), 0.0237100 secs] [Times: user=0.19 sys=0.00, real=0.02 secs] 
211.371: Total time for which application threads were stopped: 0.0239150 seconds, Stopping threads took: 0.0001370 seconds
211.421: Application time: 0.0501610 seconds
211.425: [GC211.425: [ParNew: 123518K->13696K(123520K), 0.0225410 secs] 329990K->239274K(397848K), 0.0225860 secs] [Times: user=0.18 sys=0.00, real=0.02 secs] 
211.447: Total time for which application threads were stopped: 0.0264170 seconds, Stopping threads took: 0.0037640 seconds
211.497: Application time: 0.0499200 seconds
211.497: [GC211.497: [ParNew: 123479K->13696K(123520K), 0.0229950 secs] 349058K->258168K(397848K), 0.0230370 secs] [Times: user=0.18 sys=0.00, real=0.02 secs] 
211.520: Total time for which application threads were stopped: 0.0232170 seconds, Stopping threads took: 0.0001130 seconds
211.563: Application time: 0.0426660 seconds
211.563: [GC211.563: [ParNew: 123520K->13696K(123520K), 0.0218390 secs] 367992K->279250K(397848K), 0.0218840 secs] [Times: user=0.17 sys=0.00, real=0.02 secs] 
211.585: Total time for which application threads were stopped: 0.0220430 seconds, Stopping threads took: 0.0000910 seconds
211.640: Application time: 0.0547760 seconds
211.640: [GC211.640: [ParNew: 123520K->13696K(123520K), 0.0242380 secs]211.664: [Tenured: 284718K->148520K(285272K), 0.2407590 secs] 389074K->148520K(408792K), [Perm : 9149K->9149K(21248K)], 0.2654260 secs] [Times: user=0.43 sys=0.00, real=0.27 secs] 
211.905: Total time for which application threads were stopped: 0.2656090 seconds, Stopping threads took: 0.0001150 seconds
211.956: Application time: 0.0506930 seconds
211.956: [GC211.956: [ParNew: 109824K->13696K(123520K), 0.0107070 secs] 258344K->163329K(397848K), 0.0107530 secs] [Times: user=0.09 sys=0.00, real=0.01 secs] 
211.967: Total time for which application threads were stopped: 0.0109040 seconds, Stopping threads took: 0.0000700 seconds
212.008: Application time: 0.0412790 seconds
212.008: [GC212.008: [ParNew: 123520K->13696K(123520K), 0.0223080 secs] 273153K->187717K(397848K), 0.0223720 secs] [Times: user=0.17 sys=0.00, real=0.02 secs] 
212.031: Total time for which application threads were stopped: 0.0225300 seconds, Stopping threads took: 0.0000900 seconds
212.075: Application time: 0.0442140 seconds
212.077: [GC212.077: [ParNew: 123520K->13696K(123520K), 0.0273620 secs] 297541K->217636K(397848K), 0.0274060 secs] [Times: user=0.22 sys=0.00, real=0.03 secs] 
212.104: Total time for which application threads were stopped: 0.0290260 seconds, Stopping threads took: 0.0015540 seconds
212.153: Application time: 0.0487580 seconds
212.153: [GC212.153: [ParNew: 123520K->13696K(123520K), 0.0252320 secs] 327460K->238520K(397848K), 0.0252780 secs] [Times: user=0.20 sys=0.00, real=0.02 secs] 
212.178: Total time for which application threads were stopped: 0.0254320 seconds, Stopping threads took: 0.0000880 seconds
212.223: Application time: 0.0448170 seconds
212.223: [GC212.223: [ParNew: 123341K->13696K(123520K), 0.0236930 secs] 348166K->260609K(397848K), 0.0237370 secs] [Times: user=0.18 sys=0.00, real=0.02 secs] 
212.247: Total time for which application threads were stopped: 0.0239040 seconds, Stopping threads took: 0.0000970 seconds
212.299: Application time: 0.0521310 seconds
212.299: [GC212.299: [ParNew: 123520K->13696K(123520K), 0.0248450 secs] 370433K->281607K(397848K), 0.0248910 secs] [Times: user=0.20 sys=0.00, real=0.03 secs] 
212.324: Total time for which application threads were stopped: 0.0250250 seconds, Stopping threads took: 0.0000660 seconds
212.370: Application time: 0.0463430 seconds
212.373: [GC212.373: [ParNew: 123520K->13695K(123520K), 0.0233400 secs]212.396: [Tenured: 288152K->146665K(288344K), 0.2272500 secs] 391431K->146665K(411864K), [Perm : 9149K->9149K(21248K)], 0.2511230 secs] [Times: user=0.40 sys=0.00, real=0.25 secs] 
212.624: Total time for which application threads were stopped: 0.2533540 seconds, Stopping threads took: 0.0021420 seconds
212.672: Application time: 0.0478370 seconds
212.672: [GC212.672: [ParNew: 109824K->13694K(123520K), 0.0167900 secs] 256489K->169242K(397848K), 0.0168350 secs] [Times: user=0.12 sys=0.02, real=0.02 secs] 
212.689: Total time for which application threads were stopped: 0.0170490 seconds, Stopping threads took: 0.0001370 seconds
212.745: Application time: 0.0559620 seconds
212.745: [GC212.745: [ParNew: 123518K->13694K(123520K), 0.0197380 secs] 279066K->182323K(397848K), 0.0197820 secs] [Times: user=0.16 sys=0.00, real=0.02 secs] 
212.765: Total time for which application threads were stopped: 0.0199680 seconds, Stopping threads took: 0.0001210 seconds
212.809: Application time: 0.0447670 seconds
212.810: [GC212.810: [ParNew: 123518K->13696K(123520K), 0.0215300 secs] 292147K->201494K(397848K), 0.0215760 secs] [Times: user=0.17 sys=0.00, real=0.02 secs] 
212.831: Total time for which application threads were stopped: 0.0217490 seconds, Stopping threads took: 0.0001050 seconds
212.876: Application time: 0.0444670 seconds
212.876: [GC212.876: [ParNew: 123494K->13696K(123520K), 0.0248550 secs] 311292K->228550K(397848K), 0.0249020 secs] [Times: user=0.20 sys=0.00, real=0.03 secs] 
212.901: Total time for which application threads were stopped: 0.0250970 seconds, Stopping threads took: 0.0001280 seconds
212.947: Application time: 0.0465760 seconds
212.947: [GC212.947: [ParNew: 123520K->13696K(123520K), 0.0249710 secs] 338374K->251964K(397848K), 0.0250140 secs] [Times: user=0.20 sys=0.00, real=0.03 secs] 
212.973: Total time for which application threads were stopped: 0.0251720 seconds, Stopping threads took: 0.0000920 seconds
213.016: Application time: 0.0438770 seconds
213.017: [GC213.017: [ParNew: 123520K->13696K(123520K), 0.0240080 secs] 361788K->275182K(397848K), 0.0240530 secs] [Times: user=0.19 sys=0.00, real=0.03 secs] 
213.041: Total time for which application threads were stopped: 0.0242310 seconds, Stopping threads took: 0.0001100 seconds
213.087: Application time: 0.0464680 seconds
213.087: [GC213.087: [ParNew: 123520K->13696K(123520K), 0.0248290 secs]213.112: [Tenured: 285718K->156849K(285848K), 0.2445800 secs] 385006K->156849K(409368K), [Perm : 9149K->9149K(21248K)], 0.2698710 secs] [Times: user=0.44 sys=0.00, real=0.27 secs] 
213.357: Total time for which application threads were stopped: 0.2700200 seconds, Stopping threads took: 0.0000770 seconds
213.407: Application time: 0.0502100 seconds
213.407: [GC213.408: [ParNew: 109824K->13696K(123520K), 0.0143410 secs] 266673K->176902K(397848K), 0.0143860 secs] [Times: user=0.11 sys=0.00, real=0.02 secs] 
213.422: Total time for which application threads were stopped: 0.0145810 seconds, Stopping threads took: 0.0001180 seconds
213.467: Application time: 0.0448470 seconds
213.467: [GC213.467: [ParNew: 123520K->13696K(123520K), 0.0233010 secs] 286726K->198708K(397848K), 0.0233470 secs] [Times: user=0.19 sys=0.00, real=0.02 secs] 
213.490: Total time for which application threads were stopped: 0.0235200 seconds, Stopping threads took: 0.0001040 seconds
213.548: Application time: 0.0575590 seconds
213.548: [GC213.548: [ParNew: 123520K->13696K(123520K), 0.0214970 secs] 308532K->213748K(397848K), 0.0215420 secs] [Times: user=0.17 sys=0.00, real=0.02 secs] 
213.570: Total time for which application threads were stopped: 0.0217070 seconds, Stopping threads took: 0.0000990 seconds
213.625: Application time: 0.0558530 seconds
213.626: [GC213.626: [ParNew: 123520K->13695K(123520K), 0.0196670 secs] 323572K->227481K(397848K), 0.0197110 secs] [Times: user=0.15 sys=0.00, real=0.02 secs] 
213.645: Total time for which application threads were stopped: 0.0198750 seconds, Stopping threads took: 0.0000960 seconds
213.685: Application time: 0.0397350 seconds
213.685: [GC213.685: [ParNew: 123519K->13696K(123520K), 0.0227380 secs] 337305K->251923K(397848K), 0.0227820 secs] [Times: user=0.17 sys=0.00, real=0.02 secs] 
213.708: Total time for which application threads were stopped: 0.0230320 seconds, Stopping threads took: 0.0001610 seconds
213.757: Application time: 0.0486490 seconds
213.757: [GC213.757: [ParNew: 123520K->13696K(123520K), 0.0268830 secs] 361747K->278698K(397848K), 0.0269250 secs] [Times: user=0.22 sys=0.00, real=0.03 secs] 
213.784: Total time for which application threads were stopped: 0.0270580 seconds, Stopping threads took: 0.0000640 seconds
213.829: Application time: 0.0449590 seconds
213.833: [GC213.833: [ParNew: 123520K->13696K(123520K), 0.0262920 secs]213.859: [Tenured: 288330K->133548K(288344K), 0.2261930 secs] 388522K->133548K(411864K), [Perm : 9149K->9149K(21248K)], 0.2530300 secs] [Times: user=0.42 sys=0.00, real=0.25 secs] 
214.087: Total time for which application threads were stopped: 0.2579570 seconds, Stopping threads took: 0.0037780 seconds
214.131: Application time: 0.0444320 seconds
214.131: [GC214.131: [ParNew: 109824K->13696K(123520K), 0.0185830 secs] 243372K->160347K(397848K), 0.0186280 secs] [Times: user=0.15 sys=0.00, real=0.02 secs] 
214.150: Total time for which application threads were stopped: 0.0188280 seconds, Stopping threads took: 0.0001180 seconds
214.204: Application time: 0.0543210 seconds
214.204: [GC214.204: [ParNew: 123520K->13696K(123520K), 0.0237900 secs] 270171K->178053K(397848K), 0.0238310 secs] [Times: user=0.19 sys=0.00, real=0.02 secs] 
214.228: Total time for which application threads were stopped: 0.0240190 seconds, Stopping threads took: 0.0001150 seconds
214.271: Application time: 0.0424590 seconds
214.271: [GC214.271: [ParNew: 123520K->13696K(123520K), 0.0226950 secs] 287877K->200715K(397848K), 0.0227420 secs] [Times: user=0.18 sys=0.00, real=0.03 secs] 
214.294: Total time for which application threads were stopped: 0.0228840 seconds, Stopping threads took: 0.0000740 seconds
214.344: Application time: 0.0506190 seconds
214.344: [GC214.344: [ParNew: 123520K->13696K(123520K), 0.0224450 secs] 310539K->220594K(397848K), 0.0224880 secs] [Times: user=0.17 sys=0.00, real=0.02 secs] 
214.367: Total time for which application threads were stopped: 0.0226480 seconds, Stopping threads took: 0.0000900 seconds
214.426: Application time: 0.0589000 seconds
214.426: [GC214.426: [ParNew: 123520K->13677K(123520K), 0.0199650 secs] 330418K->234112K(397848K), 0.0200170 secs] [Times: user=0.16 sys=0.00, real=0.02 secs] 
214.446: Total time for which application threads were stopped: 0.0202960 seconds, Stopping threads took: 0.0001940 seconds
214.491: Application time: 0.0445090 seconds
214.491: [GC214.491: [ParNew: 123501K->13696K(123520K), 0.0210090 secs] 343936K->251712K(397848K), 0.0210600 secs] [Times: user=0.17 sys=0.00, real=0.02 secs] 
214.512: Total time for which application threads were stopped: 0.0212580 seconds, Stopping threads took: 0.0001280 seconds
214.553: Application time: 0.0406400 seconds
214.553: [GC214.553: [ParNew: 123520K->13696K(123520K), 0.0242380 secs] 361536K->278401K(397848K), 0.0242840 secs] [Times: user=0.19 sys=0.00, real=0.02 secs] 
214.577: Total time for which application threads were stopped: 0.0245670 seconds, Stopping threads took: 0.0001940 seconds
214.625: Application time: 0.0483770 seconds
214.626: [GC214.626: [ParNew: 123520K->13696K(123520K), 0.0268300 secs]214.652: [Tenured: 289228K->134000K(289688K), 0.2199560 secs] 388225K->134000K(413208K), [Perm : 9149K->9149K(21248K)], 0.2474100 secs] [Times: user=0.42 sys=0.00, real=0.25 secs] 
214.873: Total time for which application threads were stopped: 0.2475840 seconds, Stopping threads took: 0.0001040 seconds
214.916: Application time: 0.0425580 seconds
214.916: [GC214.916: [ParNew: 109824K->13696K(123520K), 0.0138020 secs] 243824K->156365K(397848K), 0.0138490 secs] [Times: user=0.11 sys=0.00, real=0.01 secs] 
214.930: Total time for which application threads were stopped: 0.0140060 seconds, Stopping threads took: 0.0000760 seconds
214.979: Application time: 0.0494360 seconds
214.979: [GC214.979: [ParNew: 123520K->13696K(123520K), 0.0247380 secs] 266189K->180886K(397848K), 0.0247830 secs] [Times: user=0.20 sys=0.00, real=0.03 secs] 
215.004: Total time for which application threads were stopped: 0.0249600 seconds, Stopping threads took: 0.0001090 seconds
215.054: Application time: 0.0498330 seconds
215.054: [GC215.054: [ParNew: 123278K->13696K(123520K), 0.0233790 secs] 290469K->200345K(397848K), 0.0234240 secs] [Times: user=0.18 sys=0.00, real=0.02 secs] 
215.077: Total time for which application threads were stopped: 0.0235950 seconds, Stopping threads took: 0.0001020 seconds
215.124: Application time: 0.0461840 seconds
215.125: [GC215.125: [ParNew: 123520K->13696K(123520K), 0.0236550 secs] 310169K->222201K(397848K), 0.0237000 secs] [Times: user=0.19 sys=0.00, real=0.02 secs] 
215.148: Total time for which application threads were stopped: 0.0246740 seconds, Stopping threads took: 0.0009060 seconds
215.206: Application time: 0.0578950 seconds
215.206: [GC215.206: [ParNew: 123520K->13696K(123520K), 0.0232390 secs] 332025K->237753K(397848K), 0.0232830 secs] [Times: user=0.18 sys=0.00, real=0.02 secs] 
215.230: Total time for which application threads were stopped: 0.0234390 seconds, Stopping threads took: 0.0000900 seconds
215.282: Application time: 0.0525810 seconds
215.282: [GC215.282: [ParNew: 123520K->13696K(123520K), 0.0198590 secs] 347577K->252090K(397848K), 0.0199020 secs] [Times: user=0.16 sys=0.00, real=0.02 secs] 
215.302: Total time for which application threads were stopped: 0.0200630 seconds, Stopping threads took: 0.0000930 seconds
215.342: Application time: 0.0393340 seconds
215.342: [GC215.342: [ParNew: 123520K->13696K(123520K), 0.0236790 secs] 361914K->278789K(397848K), 0.0237220 secs] [Times: user=0.18 sys=0.00, real=0.02 secs] 
215.366: Total time for which application threads were stopped: 0.0238780 seconds, Stopping threads took: 0.0000870 seconds
215.413: Application time: 0.0475430 seconds
215.413: [GC215.413: [ParNew: 123520K->13696K(123520K), 0.0281150 secs]215.441: [Tenured: 292966K->144663K(293144K), 0.2291730 secs] 388613K->144663K(416664K), [Perm : 9149K->9149K(21248K)], 0.2579720 secs] [Times: user=0.43 sys=0.02, real=0.25 secs] 
215.671: Total time for which application threads were stopped: 0.2581700 seconds, Stopping threads took: 0.0001310 seconds
215.714: Application time: 0.0430760 seconds
215.714: [GC215.715: [ParNew: 109824K->13696K(123520K), 0.0133650 secs] 254487K->166153K(397848K), 0.0134200 secs] [Times: user=0.10 sys=0.00, real=0.01 secs] 
215.728: Total time for which application threads were stopped: 0.0135980 seconds, Stopping threads took: 0.0001000 seconds
215.774: Application time: 0.0459680 seconds
215.774: [GC215.774: [ParNew: 123520K->13696K(123520K), 0.0247780 secs] 275977K->192148K(397848K), 0.0248210 secs] [Times: user=0.20 sys=0.00, real=0.02 secs] 
215.799: Total time for which application threads were stopped: 0.0250180 seconds, Stopping threads took: 0.0001300 seconds
215.853: Application time: 0.0545810 seconds
215.854: [GC215.854: [ParNew: 123520K->13696K(123520K), 0.0235560 secs] 301972K->208790K(397848K), 0.0235990 secs] [Times: user=0.19 sys=0.00, real=0.02 secs] 
215.877: Total time for which application threads were stopped: 0.0237660 seconds, Stopping threads took: 0.0001000 seconds
215.922: Application time: 0.0449540 seconds
215.922: [GC215.922: [ParNew: 123520K->13696K(123520K), 0.0213220 secs] 318614K->228196K(397848K), 0.0213680 secs] [Times: user=0.17 sys=0.00, real=0.02 secs] 
215.944: Total time for which application threads were stopped: 0.0215430 seconds, Stopping threads took: 0.0001050 seconds
215.994: Application time: 0.0501970 seconds
215.994: [GC215.994: [ParNew: 123520K->13696K(123520K), 0.0217840 secs] 338020K->247912K(397848K), 0.0218300 secs] [Times: user=0.17 sys=0.00, real=0.02 secs] 
216.016: Total time for which application threads were stopped: 0.0220120 seconds, Stopping threads took: 0.0001140 seconds
216.073: Application time: 0.0566380 seconds
216.073: [GC216.073: [ParNew: 123520K->13696K(123520K), 0.0205150 secs] 357736K->261258K(397848K), 0.0205580 secs] [Times: user=0.17 sys=0.00, real=0.02 secs] 
216.093: Total time for which application threads were stopped: 0.0207450 seconds, Stopping threads took: 0.0001250 seconds
216.139: Application time: 0.0455340 seconds
216.139: [GC216.139: [ParNew: 123520K->13696K(123520K), 0.0212360 secs] 371082K->279659K(397848K), 0.0212800 secs] [Times: user=0.17 sys=0.00, real=0.02 secs] 
216.160: Total time for which application threads were stopped: 0.0213980 seconds, Stopping threads took: 0.0000480 seconds
216.199: Application time: 0.0382420 seconds
216.199: [GC216.199: [ParNew: 123520K->13696K(123520K), 0.0238030 secs]216.223: [Tenured: 292971K->135240K(293336K), 0.2047250 secs] 389483K->135240K(416856K), [Perm : 9149K->9149K(21248K)], 0.2292830 secs] [Times: user=0.39 sys=0.00, real=0.23 secs] 
216.428: Total time for which application threads were stopped: 0.2294770 seconds, Stopping threads took: 0.0001200 seconds
216.470: Application time: 0.0419810 seconds
216.470: [GC216.470: [ParNew: 109824K->13696K(123520K), 0.0209610 secs] 245064K->167297K(397848K), 0.0210060 secs] [Times: user=0.16 sys=0.00, real=0.02 secs] 
216.491: Total time for which application threads were stopped: 0.0211650 seconds, Stopping threads took: 0.0000800 seconds
216.537: Application time: 0.0459420 seconds
216.537: [GC216.537: [ParNew: 123520K->13696K(123520K), 0.0258280 secs] 277121K->191387K(397848K), 0.0258720 secs] [Times: user=0.20 sys=0.00, real=0.03 secs] 
216.563: Total time for which application threads were stopped: 0.0260870 seconds, Stopping threads took: 0.0001290 seconds
216.615: Application time: 0.0518190 seconds
216.617: [GC216.617: [ParNew: 123520K->13696K(123520K), 0.0247690 secs] 301211K->211419K(397848K), 0.0248140 secs] [Times: user=0.19 sys=0.00, real=0.03 secs] 
216.641: Total time for which application threads were stopped: 0.0264210 seconds, Stopping threads took: 0.0015190 seconds
216.696: Application time: 0.0547910 seconds
216.696: [GC216.696: [ParNew: 123520K->13696K(123520K), 0.0206930 secs] 321243K->226033K(397848K), 0.0207380 secs] [Times: user=0.15 sys=0.01, real=0.02 secs] 
216.717: Total time for which application threads were stopped: 0.0208770 seconds, Stopping threads took: 0.0000690 seconds
216.760: Application time: 0.0431010 seconds
216.760: [GC216.760: [ParNew: 123520K->13696K(123520K), 0.0215810 secs] 335857K->246211K(397848K), 0.0216260 secs] [Times: user=0.18 sys=0.00, real=0.03 secs] 
216.782: Total time for which application threads were stopped: 0.0217790 seconds, Stopping threads took: 0.0000840 seconds
216.838: Application time: 0.0555710 seconds
216.838: [GC216.838: [ParNew: 123520K->13696K(123520K), 0.0231250 secs] 356035K->264767K(397848K), 0.0231700 secs] [Times: user=0.18 sys=0.00, real=0.03 secs] 
216.861: Total time for which application threads were stopped: 0.0233300 seconds, Stopping threads took: 0.0000950 seconds
216.918: Application time: 0.0575250 seconds
216.919: [GC216.919: [ParNew: 123520K->13696K(123520K), 0.0205070 secs] 374591K->278428K(397848K), 0.0205490 secs] [Times: user=0.17 sys=0.00, real=0.02 secs] 
216.939: Total time for which application threads were stopped: 0.0206950 seconds, Stopping threads took: 0.0000800 seconds
216.979: Application time: 0.0397180 seconds
216.979: [GC216.979: [ParNew: 123515K->13696K(123520K), 0.0229180 secs]217.002: [Tenured: 287604K->109570K(287960K), 0.1811600 secs] 388247K->109570K(411480K), [Perm : 9149K->9149K(21248K)], 0.2045980 secs] [Times: user=0.36 sys=0.00, real=0.21 secs] 
217.184: Total time for which application threads were stopped: 0.2047640 seconds, Stopping threads took: 0.0000840 seconds
217.220: Application time: 0.0364930 seconds
217.220: [GC217.220: [ParNew: 109824K->13696K(123520K), 0.0168260 secs] 219394K->139805K(397848K), 0.0168720 secs] [Times: user=0.13 sys=0.00, real=0.02 secs] 
217.237: Total time for which application threads were stopped: 0.0170720 seconds, Stopping threads took: 0.0001300 seconds
217.282: Application time: 0.0443570 seconds
217.282: [GC217.282: [ParNew: 123520K->13696K(123520K), 0.0304620 secs] 249629K->172956K(397848K), 0.0305090 secs] [Times: user=0.25 sys=0.00, real=0.02 secs] 
217.312: Total time for which application threads were stopped: 0.0306900 seconds, Stopping threads took: 0.0001140 seconds
217.359: Application time: 0.0462830 seconds
217.359: [GC217.359: [ParNew: 123520K->13696K(123520K), 0.0246950 secs] 282780K->193542K(397848K), 0.0247400 secs] [Times: user=0.19 sys=0.00, real=0.03 secs] 
217.383: Total time for which application threads were stopped: 0.0249000 seconds, Stopping threads took: 0.0000930 seconds
217.441: Application time: 0.0578500 seconds
217.441: [GC217.441: [ParNew: 123520K->13696K(123520K), 0.0211210 secs] 303366K->207609K(397848K), 0.0211650 secs] [Times: user=0.17 sys=0.00, real=0.02 secs] 
217.463: Total time for which application threads were stopped: 0.0213470 seconds, Stopping threads took: 0.0001150 seconds
217.507: Application time: 0.0448500 seconds
217.508: [GC217.508: [ParNew: 123520K->13696K(123520K), 0.0229140 secs] 317433K->227225K(397848K), 0.0229590 secs] [Times: user=0.17 sys=0.00, real=0.02 secs] 
217.531: Total time for which application threads were stopped: 0.0231020 seconds, Stopping threads took: 0.0000630 seconds
217.580: Application time: 0.0498780 seconds
217.581: [GC217.581: [ParNew: 123520K->13696K(123520K), 0.0234830 secs] 337049K->248751K(397848K), 0.0235280 secs] [Times: user=0.19 sys=0.00, real=0.02 secs] 
217.604: Total time for which application threads were stopped: 0.0237190 seconds, Stopping threads took: 0.0001230 seconds
217.661: Application time: 0.0571580 seconds
217.662: [GC217.662: [ParNew: 123520K->13616K(123520K), 0.0201240 secs] 358575K->261529K(397848K), 0.0201670 secs] [Times: user=0.16 sys=0.00, real=0.02 secs] 
217.682: Total time for which application threads were stopped: 0.0203430 seconds, Stopping threads took: 0.0001090 seconds
217.732: Application time: 0.0505470 seconds
217.732: [GC217.732: [ParNew: 123440K->13696K(123520K), 0.0198040 secs] 371353K->275836K(397848K), 0.0198480 secs] [Times: user=0.16 sys=0.00, real=0.02 secs] 
217.752: Total time for which application threads were stopped: 0.0200020 seconds, Stopping threads took: 0.0000840 seconds
217.787: Application time: 0.0342680 seconds
217.789: [GC217.789: [ParNew: 123520K->13696K(123520K), 0.0246170 secs]217.813: [Tenured: 292295K->129589K(292376K), 0.1875860 secs] 385660K->129589K(415896K), [Perm : 9149K->9149K(21248K)], 0.2129340 secs] [Times: user=0.38 sys=0.01, real=0.22 secs] 
218.001: Total time for which application threads were stopped: 0.2149490 seconds, Stopping threads took: 0.0019400 seconds
218.041: Application time: 0.0394470 seconds
218.041: [GC218.041: [ParNew: 109824K->13696K(123520K), 0.0226860 secs] 239413K->164809K(397848K), 0.0227300 secs] [Times: user=0.18 sys=0.00, real=0.02 secs] 
218.064: Total time for which application threads were stopped: 0.0229190 seconds, Stopping threads took: 0.0001080 seconds
218.115: Application time: 0.0511000 seconds
218.115: [GC218.115: [ParNew: 123520K->13696K(123520K), 0.0279320 secs] 274633K->186908K(397848K), 0.0279770 secs] [Times: user=0.22 sys=0.00, real=0.03 secs] 
218.143: Total time for which application threads were stopped: 0.0281920 seconds, Stopping threads took: 0.0001480 seconds
218.192: Application time: 0.0493300 seconds
218.193: [GC218.193: [ParNew: 123520K->13696K(123520K), 0.0223110 secs] 296732K->204737K(397848K), 0.0223550 secs] [Times: user=0.18 sys=0.00, real=0.02 secs] 
218.215: Total time for which application threads were stopped: 0.0225190 seconds, Stopping threads took: 0.0000960 seconds
218.270: Application time: 0.0551200 seconds
218.270: [GC218.270: [ParNew: 123520K->13696K(123520K), 0.0211120 secs] 314561K->220158K(397848K), 0.0211590 secs] [Times: user=0.17 sys=0.00, real=0.02 secs] 
218.292: Total time for which application threads were stopped: 0.0213880 seconds, Stopping threads took: 0.0001620 seconds
218.335: Application time: 0.0432080 seconds
218.335: [GC218.335: [ParNew: 123520K->13696K(123520K), 0.0229010 secs] 329982K->241752K(397848K), 0.0229470 secs] [Times: user=0.18 sys=0.00, real=0.02 secs] 
218.358: Total time for which application threads were stopped: 0.0230960 seconds, Stopping threads took: 0.0000820 seconds
218.415: Application time: 0.0568470 seconds
218.417: [GC218.417: [ParNew: 123520K->13696K(123520K), 0.0230540 secs] 351576K->259708K(397848K), 0.0231010 secs] [Times: user=0.18 sys=0.00, real=0.02 secs] 
218.440: Total time for which application threads were stopped: 0.0249650 seconds, Stopping threads took: 0.0017970 seconds
218.496: Application time: 0.0566650 seconds
218.496: [GC218.496: [ParNew: 123520K->13696K(123520K), 0.0230300 secs] 369532K->272898K(397848K), 0.0230750 secs] [Times: user=0.17 sys=0.00, real=0.02 secs] 
218.520: Total time for which application threads were stopped: 0.0232230 seconds, Stopping threads took: 0.0000730 seconds
218.559: Application time: 0.0393550 seconds
218.559: [GC218.559: [ParNew: 123520K->13696K(123520K), 0.0234720 secs]218.583: [Tenured: 283834K->124920K(284120K), 0.1840080 secs] 382722K->124920K(407640K), [Perm : 9149K->9149K(21248K)], 0.2079180 secs] [Times: user=0.37 sys=0.00, real=0.21 secs] 
218.767: Total time for which application threads were stopped: 0.2080660 seconds, Stopping threads took: 0.0000640 seconds
218.802: Application time: 0.0351680 seconds
218.802: [GC218.802: [ParNew: 109824K->13696K(123520K), 0.0194910 secs] 234744K->158409K(397848K), 0.0195290 secs] [Times: user=0.15 sys=0.00, real=0.02 secs] 
218.822: Total time for which application threads were stopped: 0.0197340 seconds, Stopping threads took: 0.0001370 seconds
218.868: Application time: 0.0466230 seconds
218.869: [GC218.869: [ParNew: 123520K->13696K(123520K), 0.0298230 secs] 268233K->187666K(397848K), 0.0298690 secs] [Times: user=0.24 sys=0.00, real=0.03 secs] 
218.899: Total time for which application threads were stopped: 0.0300380 seconds, Stopping threads took: 0.0001020 seconds
218.948: Application time: 0.0493000 seconds
218.948: [GC218.948: [ParNew: 123520K->13696K(123520K), 0.0225110 secs] 297490K->204428K(397848K), 0.0225580 secs] [Times: user=0.18 sys=0.00, real=0.02 secs] 
218.971: Total time for which application threads were stopped: 0.0227200 seconds, Stopping threads took: 0.0000940 seconds
219.026: Application time: 0.0558100 seconds
219.027: [GC219.027: [ParNew: 123520K->13696K(123520K), 0.0211780 secs] 314252K->218997K(397848K), 0.0212300 secs] [Times: user=0.17 sys=0.00, real=0.02 secs] 
219.048: Total time for which application threads were stopped: 0.0215020 seconds, Stopping threads took: 0.0002040 seconds
219.096: Application time: 0.0481220 seconds
219.096: [GC219.096: [ParNew: 123520K->13696K(123520K), 0.0213960 secs] 328821K->235482K(397848K), 0.0214460 secs] [Times: user=0.15 sys=0.00, real=0.02 secs] 
219.118: Total time for which application threads were stopped: 0.0216060 seconds, Stopping threads took: 0.0000770 seconds
219.163: Application time: 0.0455320 seconds
219.163: [GC219.163: [ParNew: 123520K->13696K(123520K), 0.0235520 secs] 345306K->257515K(397848K), 0.0235960 secs] [Times: user=0.19 sys=0.00, real=0.02 secs] 
219.187: Total time for which application threads were stopped: 0.0237490 seconds, Stopping threads took: 0.0000840 seconds
219.245: Application time: 0.0580920 seconds
219.245: [GC219.245: [ParNew: 123520K->13696K(123520K), 0.0211850 secs] 367339K->271134K(397848K), 0.0212290 secs] [Times: user=0.17 sys=0.00, real=0.02 secs] 
219.266: Total time for which application threads were stopped: 0.0214400 seconds, Stopping threads took: 0.0001460 seconds
219.314: Application time: 0.0472670 seconds
219.314: [GC219.314: [ParNew: 123520K->13696K(123520K), 0.0222290 secs]219.336: [Tenured: 276530K->126402K(276824K), 0.1945180 secs] 380958K->126402K(400344K), [Perm : 9149K->9149K(21248K)], 0.2169210 secs] [Times: user=0.37 sys=0.00, real=0.21 secs] 
219.531: Total time for which application threads were stopped: 0.2171530 seconds, Stopping threads took: 0.0001440 seconds
219.566: Application time: 0.0355060 seconds
219.567: [GC219.567: [ParNew: 109824K->13696K(123520K), 0.0172190 secs] 236226K->157896K(397848K), 0.0172650 secs] [Times: user=0.13 sys=0.00, real=0.02 secs] 
219.584: Total time for which application threads were stopped: 0.0174570 seconds, Stopping threads took: 0.0001220 seconds
219.623: Application time: 0.0387990 seconds
219.623: [GC219.623: [ParNew: 123520K->13696K(123520K), 0.0276920 secs] 267720K->189798K(397848K), 0.0277380 secs] [Times: user=0.22 sys=0.00, real=0.02 secs] 
219.651: Total time for which application threads were stopped: 0.0279560 seconds, Stopping threads took: 0.0001350 seconds
219.703: Application time: 0.0519800 seconds
219.703: [GC219.703: [ParNew: 123520K->13696K(123520K), 0.0278090 secs] 299622K->212768K(397848K), 0.0278530 secs] [Times: user=0.22 sys=0.00, real=0.02 secs] 
219.731: Total time for which application threads were stopped: 0.0280370 seconds, Stopping threads took: 0.0001160 seconds
219.781: Application time: 0.0501110 seconds
219.781: [GC219.781: [ParNew: 123520K->13696K(123520K), 0.0225570 secs] 322592K->229793K(397848K), 0.0225990 secs] [Times: user=0.18 sys=0.00, real=0.02 secs] 
219.803: Total time for which application threads were stopped: 0.0227410 seconds, Stopping threads took: 0.0000740 seconds
219.858: Application time: 0.0549110 seconds
219.861: [GC219.861: [ParNew: 123520K->13696K(123520K), 0.0203150 secs] 339617K->244472K(397848K), 0.0203580 secs] [Times: user=0.16 sys=0.00, real=0.02 secs] 
219.881: Total time for which application threads were stopped: 0.0227000 seconds, Stopping threads took: 0.0022560 seconds
219.923: Application time: 0.0419540 seconds
219.923: [GC219.923: [ParNew: 123520K->13696K(123520K), 0.0216000 secs] 354296K->265101K(397848K), 0.0216460 secs] [Times: user=0.17 sys=0.00, real=0.02 secs] 
219.945: Total time for which application threads were stopped: 0.0219940 seconds, Stopping threads took: 0.0002590 seconds
220.002: Application time: 0.0570140 seconds
220.002: [GC220.002: [ParNew: 123520K->13696K(123520K), 0.0233610 secs] 374925K->282956K(397848K), 0.0234030 secs] [Times: user=0.18 sys=0.00, real=0.02 secs] 
220.026: Total time for which application threads were stopped: 0.0235560 seconds, Stopping threads took: 0.0000870 seconds
220.083: Application time: 0.0572100 seconds
220.083: [GC220.083: [ParNew: 123068K->13696K(123520K), 0.0213770 secs]220.104: [Tenured: 282952K->110784K(282968K), 0.1950200 secs] 392328K->110784K(406488K), [Perm : 9150K->9150K(21248K)], 0.2167810 secs] [Times: user=0.37 sys=0.00, real=0.21 secs] 
220.300: Total time for which application threads were stopped: 0.2169340 seconds, Stopping threads took: 0.0000830 seconds
220.339: Application time: 0.0389240 seconds
220.339: [GC220.339: [ParNew: 109824K->13696K(123520K), 0.0150340 secs] 220608K->138200K(397848K), 0.0150780 secs] [Times: user=0.12 sys=0.00, real=0.02 secs] 
220.354: Total time for which application threads were stopped: 0.0152390 seconds, Stopping threads took: 0.0000780 seconds
220.387: Application time: 0.0334780 seconds
220.388: [GC220.388: [ParNew: 123435K->13696K(123520K), 0.0243110 secs] 247939K->170447K(397848K), 0.0243570 secs] [Times: user=0.19 sys=0.00, real=0.02 secs] 
220.412: Total time for which application threads were stopped: 0.0245850 seconds, Stopping threads took: 0.0001400 seconds
220.456: Application time: 0.0439610 seconds
220.456: [GC220.456: [ParNew: 123520K->13696K(123520K), 0.0311490 secs] 280271K->203733K(397848K), 0.0311910 secs] [Times: user=0.25 sys=0.00, real=0.03 secs] 
220.487: Total time for which application threads were stopped: 0.0313520 seconds, Stopping threads took: 0.0000950 seconds
220.536: Application time: 0.0488570 seconds
220.536: [GC220.536: [ParNew: 123520K->13696K(123520K), 0.0234350 secs] 313557K->221926K(397848K), 0.0234790 secs] [Times: user=0.18 sys=0.00, real=0.02 secs] 
220.560: Total time for which application threads were stopped: 0.0236160 seconds, Stopping threads took: 0.0000690 seconds
220.618: Application time: 0.0581980 seconds
220.618: [GC220.618: [ParNew: 123520K->13696K(123520K), 0.0222610 secs] 331750K->236637K(397848K), 0.0223060 secs] [Times: user=0.17 sys=0.01, real=0.03 secs] 
220.640: Total time for which application threads were stopped: 0.0224830 seconds, Stopping threads took: 0.0001020 seconds
220.686: Application time: 0.0459220 seconds
220.687: [GC220.687: [ParNew: 123520K->13696K(123520K), 0.0205380 secs] 346461K->252929K(397848K), 0.0205830 secs] [Times: user=0.16 sys=0.00, real=0.02 secs] 
220.707: Total time for which application threads were stopped: 0.0207500 seconds, Stopping threads took: 0.0001000 seconds
220.757: Application time: 0.0498580 seconds
220.757: [GC220.757: [ParNew: 123520K->13696K(123520K), 0.0226130 secs] 362753K->273690K(397848K), 0.0226570 secs] [Times: user=0.18 sys=0.00, real=0.02 secs] 
220.780: Total time for which application threads were stopped: 0.0228230 seconds, Stopping threads took: 0.0000990 seconds
220.836: Application time: 0.0562110 seconds
220.836: [GC220.836: [ParNew: 123520K->13696K(123520K), 0.0219510 secs] 383514K->287519K(397848K), 0.0219940 secs] [Times: user=0.17 sys=0.00, real=0.02 secs] 
220.858: Total time for which application threads were stopped: 0.0221690 seconds, Stopping threads took: 0.0001100 seconds
220.906: Application time: 0.0474540 seconds
220.906: [GC220.906: [ParNew: 123520K->13696K(123520K), 0.0217430 secs]220.928: [Tenured: 292041K->121870K(292184K), 0.1844020 secs] 397343K->121870K(415704K), [Perm : 9150K->9150K(21248K)], 0.2068100 secs] [Times: user=0.35 sys=0.01, real=0.21 secs] 
221.113: Total time for which application threads were stopped: 0.2070070 seconds, Stopping threads took: 0.0001170 seconds
221.150: Application time: 0.0373190 seconds
221.150: [GC221.150: [ParNew: 109824K->13696K(123520K), 0.0171860 secs] 231694K->152049K(397848K), 0.0172310 secs] [Times: user=0.13 sys=0.00, real=0.02 secs] 
221.167: Total time for which application threads were stopped: 0.0173890 seconds, Stopping threads took: 0.0000890 seconds
221.206: Application time: 0.0389170 seconds
221.206: [GC221.206: [ParNew: 123520K->13696K(123520K), 0.0276420 secs] 261873K->184791K(397848K), 0.0276880 secs] [Times: user=0.22 sys=0.00, real=0.03 secs] 
221.234: Total time for which application threads were stopped: 0.0278670 seconds, Stopping threads took: 0.0001100 seconds
221.278: Application time: 0.0441100 seconds
221.278: [GC221.278: [ParNew: 123520K->13696K(123520K), 0.0279410 secs] 294615K->212871K(397848K), 0.0279940 secs] [Times: user=0.22 sys=0.00, real=0.03 secs] 
221.306: Total time for which application threads were stopped: 0.0281450 seconds, Stopping threads took: 0.0000840 seconds
221.363: Application time: 0.0563670 seconds
221.363: [GC221.363: [ParNew: 123520K->13696K(123520K), 0.0229470 secs] 322695K->228488K(397848K), 0.0229910 secs] [Times: user=0.19 sys=0.00, real=0.02 secs] 
221.386: Total time for which application threads were stopped: 0.0231480 seconds, Stopping threads took: 0.0000900 seconds
221.443: Application time: 0.0573230 seconds
221.443: [GC221.443: [ParNew: 123520K->13696K(123520K), 0.0199310 secs] 338312K->241080K(397848K), 0.0199730 secs] [Times: user=0.16 sys=0.00, real=0.02 secs] 
221.463: Total time for which application threads were stopped: 0.0201330 seconds, Stopping threads took: 0.0000840 seconds
221.507: Application time: 0.0437820 seconds
221.509: [GC221.509: [ParNew: 123520K->13696K(123520K), 0.0223870 secs] 350904K->260427K(397848K), 0.0224340 secs] [Times: user=0.17 sys=0.00, real=0.02 secs] 
221.531: Total time for which application threads were stopped: 0.0237970 seconds, Stopping threads took: 0.0012940 seconds
221.587: Application time: 0.0558380 seconds
221.587: [GC221.587: [ParNew: 123520K->13696K(123520K), 0.0229880 secs] 370251K->278326K(397848K), 0.0230320 secs] [Times: user=0.18 sys=0.00, real=0.02 secs] 
221.610: Total time for which application threads were stopped: 0.0232370 seconds, Stopping threads took: 0.0001190 seconds
221.662: Application time: 0.0517380 seconds
221.662: [GC221.662: [ParNew: 123520K->13696K(123520K), 0.0213500 secs]221.683: [Tenured: 280213K->117445K(280280K), 0.1963670 secs] 388150K->117445K(403800K), [Perm : 9150K->9150K(21248K)], 0.2180130 secs] [Times: user=0.37 sys=0.00, real=0.21 secs] 
221.880: Total time for which application threads were stopped: 0.2181830 seconds, Stopping threads took: 0.0001000 seconds
221.923: Application time: 0.0425230 seconds
221.923: [GC221.923: [ParNew: 109824K->13696K(123520K), 0.0152060 secs] 227269K->142070K(397848K), 0.0152520 secs] [Times: user=0.12 sys=0.00, real=0.01 secs] 
221.938: Total time for which application threads were stopped: 0.0154080 seconds, Stopping threads took: 0.0000890 seconds
221.978: Application time: 0.0405490 seconds
221.979: [GC221.979: [ParNew: 123520K->13696K(123520K), 0.0273750 secs] 251894K->174535K(397848K), 0.0274210 secs] [Times: user=0.21 sys=0.00, real=0.03 secs] 
222.006: Total time for which application threads were stopped: 0.0276400 seconds, Stopping threads took: 0.0001380 seconds
222.044: Application time: 0.0377630 seconds
222.044: [GC222.044: [ParNew: 123520K->13696K(123520K), 0.0260090 secs] 284359K->203942K(397848K), 0.0260530 secs] [Times: user=0.20 sys=0.00, real=0.02 secs] 
222.070: Total time for which application threads were stopped: 0.0262220 seconds, Stopping threads took: 0.0000920 seconds
222.122: Application time: 0.0523690 seconds
222.123: [GC222.123: [ParNew: 123366K->13696K(123520K), 0.0282680 secs] 313613K->228271K(397848K), 0.0283130 secs] [Times: user=0.23 sys=0.00, real=0.02 secs] 
222.151: Total time for which application threads were stopped: 0.0284980 seconds, Stopping threads took: 0.0001180 seconds
222.210: Application time: 0.0593350 seconds
222.210: [GC222.210: [ParNew: 123520K->13688K(123520K), 0.0208530 secs] 338095K->241738K(397848K), 0.0208960 secs] [Times: user=0.17 sys=0.00, real=0.02 secs] 
222.231: Total time for which application threads were stopped: 0.0210450 seconds, Stopping threads took: 0.0000810 seconds
222.279: Application time: 0.0471360 seconds
222.279: [GC222.279: [ParNew: 123512K->13696K(123520K), 0.0197940 secs] 351562K->256956K(397848K), 0.0198390 secs] [Times: user=0.16 sys=0.00, real=0.02 secs] 
222.299: Total time for which application threads were stopped: 0.0200100 seconds, Stopping threads took: 0.0001040 seconds
222.347: Application time: 0.0483350 seconds
222.347: [GC222.347: [ParNew: 123520K->13696K(123520K), 0.0235660 secs] 366780K->278561K(397848K), 0.0236090 secs] [Times: user=0.18 sys=0.00, real=0.02 secs] 
222.371: Total time for which application threads were stopped: 0.0238050 seconds, Stopping threads took: 0.0001210 seconds
222.428: Application time: 0.0572540 seconds
222.428: [GC222.428: [ParNew: 123520K->13696K(123520K), 0.0201510 secs]222.448: [Tenured: 277920K->137232K(277976K), 0.2171250 secs] 388385K->137232K(401496K), [Perm : 9150K->9150K(21248K)], 0.2374920 secs] [Times: user=0.37 sys=0.00, real=0.24 secs] 
222.666: Total time for which application threads were stopped: 0.2376730 seconds, Stopping threads took: 0.0001140 seconds
222.712: Application time: 0.0464070 seconds
222.712: [GC222.712: [ParNew: 109824K->13696K(123520K), 0.0139050 secs] 247056K->159424K(397848K), 0.0139510 secs] [Times: user=0.11 sys=0.00, real=0.02 secs] 
222.726: Total time for which application threads were stopped: 0.0141200 seconds, Stopping threads took: 0.0000880 seconds
222.767: Application time: 0.0408410 seconds
222.767: [GC222.767: [ParNew: 123520K->13696K(123520K), 0.0234240 secs] 269248K->186450K(397848K), 0.0234690 secs] [Times: user=0.19 sys=0.00, real=0.02 secs] 
222.791: Total time for which application threads were stopped: 0.0236600 seconds, Stopping threads took: 0.0001220 seconds
222.825: Application time: 0.0347580 seconds
222.825: [GC222.826: [ParNew: 123495K->13696K(123520K), 0.0261330 secs] 296249K->218387K(397848K), 0.0261770 secs] [Times: user=0.20 sys=0.00, real=0.02 secs] 
222.852: Total time for which application threads were stopped: 0.0262990 seconds, Stopping threads took: 0.0000530 seconds
222.897: Application time: 0.0449700 seconds
222.897: [GC222.897: [ParNew: 123520K->13696K(123520K), 0.0298560 secs] 328211K->249645K(397848K), 0.0299010 secs] [Times: user=0.23 sys=0.00, real=0.03 secs] 
222.927: Total time for which application threads were stopped: 0.0300970 seconds, Stopping threads took: 0.0001290 seconds
222.984: Application time: 0.0569990 seconds
222.984: [GC222.984: [ParNew: 123520K->13696K(123520K), 0.0245140 secs] 359469K->263788K(397848K), 0.0245590 secs] [Times: user=0.19 sys=0.00, real=0.02 secs] 
223.009: Total time for which application threads were stopped: 0.0247930 seconds, Stopping threads took: 0.0001480 seconds
223.061: Application time: 0.0526680 seconds
223.062: [GC223.062: [ParNew: 123520K->13696K(123520K), 0.0203730 secs] 373612K->277219K(397848K), 0.0204180 secs] [Times: user=0.16 sys=0.00, real=0.02 secs] 
223.082: Total time for which application threads were stopped: 0.0207350 seconds, Stopping threads took: 0.0002300 seconds
223.127: Application time: 0.0450160 seconds
223.127: [GC223.127: [ParNew: 123520K->13696K(123520K), 0.0230350 secs]223.150: [Tenured: 285851K->137044K(286040K), 0.2352620 secs] 387043K->137044K(409560K), [Perm : 9150K->9150K(21248K)], 0.2587670 secs] [Times: user=0.41 sys=0.01, real=0.26 secs] 
223.386: Total time for which application threads were stopped: 0.2589940 seconds, Stopping threads took: 0.0001600 seconds
223.440: Application time: 0.0545130 seconds
223.441: [GC223.441: [ParNew: 109824K->13696K(123520K), 0.0147750 secs] 246868K->153188K(397848K), 0.0148190 secs] [Times: user=0.11 sys=0.00, real=0.01 secs] 
223.455: Total time for which application threads were stopped: 0.0149640 seconds, Stopping threads took: 0.0000700 seconds
223.505: Application time: 0.0495770 seconds
223.505: [GC223.505: [ParNew: 123520K->13696K(123520K), 0.0210740 secs] 263012K->169042K(397848K), 0.0211180 secs] [Times: user=0.16 sys=0.00, real=0.02 secs] 
223.526: Total time for which application threads were stopped: 0.0212570 seconds, Stopping threads took: 0.0000730 seconds
223.569: Application time: 0.0425760 seconds
223.569: [GC223.569: [ParNew: 123510K->13696K(123520K), 0.0218650 secs] 278857K->191539K(397848K), 0.0219100 secs] [Times: user=0.17 sys=0.00, real=0.02 secs] 
223.591: Total time for which application threads were stopped: 0.0220870 seconds, Stopping threads took: 0.0001080 seconds
223.631: Application time: 0.0399880 seconds
223.631: [GC223.631: [ParNew: 123520K->13696K(123520K), 0.0274450 secs] 301363K->223991K(397848K), 0.0274900 secs] [Times: user=0.22 sys=0.00, real=0.03 secs] 
223.659: Total time for which application threads were stopped: 0.0276630 seconds, Stopping threads took: 0.0000950 seconds
223.696: Application time: 0.0378550 seconds
223.697: [GC223.697: [ParNew: 123520K->13696K(123520K), 0.0270150 secs] 333815K->254418K(397848K), 0.0270610 secs] [Times: user=0.22 sys=0.00, real=0.03 secs] 
223.724: Total time for which application threads were stopped: 0.0272250 seconds, Stopping threads took: 0.0000950 seconds
223.774: Application time: 0.0506780 seconds
223.775: [GC223.775: [ParNew: 123520K->13696K(123520K), 0.0272460 secs] 364242K->277811K(397848K), 0.0272910 secs] [Times: user=0.21 sys=0.00, real=0.03 secs] 
223.802: Total time for which application threads were stopped: 0.0274720 seconds, Stopping threads took: 0.0001160 seconds
223.858: Application time: 0.0557000 seconds
223.858: [GC223.858: [ParNew: 123520K->13696K(123520K), 0.0208630 secs]223.879: [Tenured: 277942K->147833K(277976K), 0.2307470 secs] 387635K->147833K(401496K), [Perm : 9151K->9151K(21248K)], 0.2518610 secs] [Times: user=0.39 sys=0.00, real=0.25 secs] 
224.111: Total time for which application threads were stopped: 0.2533310 seconds, Stopping threads took: 0.0000930 seconds
224.158: Application time: 0.0467480 seconds
224.158: [GC224.158: [ParNew: 109824K->13696K(123520K), 0.0137730 secs] 257657K->168721K(397848K), 0.0138180 secs] [Times: user=0.10 sys=0.00, real=0.01 secs] 
224.172: Total time for which application threads were stopped: 0.0141570 seconds, Stopping threads took: 0.0002350 seconds
224.225: Application time: 0.0530610 seconds
224.229: [GC224.229: [ParNew: 123520K->13696K(123520K), 0.0221040 secs] 278545K->187322K(397848K), 0.0221470 secs] [Times: user=0.17 sys=0.00, real=0.02 secs] 
224.251: Total time for which application threads were stopped: 0.0258410 seconds, Stopping threads took: 0.0036290 seconds
224.309: Application time: 0.0582160 seconds
224.309: [GC224.309: [ParNew: 123520K->13562K(123520K), 0.0201230 secs] 297146K->200238K(397848K), 0.0201660 secs] [Times: user=0.16 sys=0.00, real=0.02 secs] 
224.329: Total time for which application threads were stopped: 0.0202950 seconds, Stopping threads took: 0.0000630 seconds
224.376: Application time: 0.0471300 seconds
224.376: [GC224.377: [ParNew: 123386K->13696K(123520K), 0.0199510 secs] 310062K->216163K(397848K), 0.0199940 secs] [Times: user=0.16 sys=0.00, real=0.02 secs] 
224.397: Total time for which application threads were stopped: 0.0201410 seconds, Stopping threads took: 0.0000790 seconds
224.432: Application time: 0.0357600 seconds
224.432: [GC224.432: [ParNew: 123520K->13696K(123520K), 0.0238940 secs] 325987K->245441K(397848K), 0.0239390 secs] [Times: user=0.19 sys=0.00, real=0.03 secs] 
224.456: Total time for which application threads were stopped: 0.0240830 seconds, Stopping threads took: 0.0000740 seconds
224.497: Application time: 0.0409490 seconds
224.501: [GC224.501: [ParNew: 123195K->13696K(123520K), 0.0305120 secs] 354940K->280272K(397848K), 0.0305580 secs] [Times: user=0.24 sys=0.00, real=0.02 secs] 
224.531: Total time for which application threads were stopped: 0.0337870 seconds, Stopping threads took: 0.0031600 seconds
224.573: Application time: 0.0421260 seconds
224.573: [GC224.573: [ParNew: 123520K->13696K(123520K), 0.0267000 secs]224.600: [Tenured: 291932K->161756K(291992K), 0.2512040 secs] 390096K->161756K(415512K), [Perm : 9151K->9151K(21248K)], 0.2785560 secs] [Times: user=0.46 sys=0.00, real=0.27 secs] 
224.852: Total time for which application threads were stopped: 0.2787390 seconds, Stopping threads took: 0.0001160 seconds
224.908: Application time: 0.0562160 seconds
224.908: [GC224.908: [ParNew: 109824K->13696K(123520K), 0.0157360 secs] 271580K->179053K(397848K), 0.0157810 secs] [Times: user=0.12 sys=0.01, real=0.02 secs] 
224.924: Total time for which application threads were stopped: 0.0159560 seconds, Stopping threads took: 0.0000990 seconds
224.973: Application time: 0.0493140 seconds
224.974: [GC224.974: [ParNew: 123520K->13696K(123520K), 0.0212840 secs] 288877K->197477K(397848K), 0.0213430 secs] [Times: user=0.17 sys=0.00, real=0.02 secs] 
224.995: Total time for which application threads were stopped: 0.0215180 seconds, Stopping threads took: 0.0001050 seconds
225.043: Application time: 0.0478200 seconds
225.043: [GC225.043: [ParNew: 123520K->13696K(123520K), 0.0211650 secs] 307301K->216375K(397848K), 0.0212090 secs] [Times: user=0.17 sys=0.00, real=0.02 secs] 
225.064: Total time for which application threads were stopped: 0.0213520 seconds, Stopping threads took: 0.0000740 seconds
225.120: Application time: 0.0559590 seconds
225.120: [GC225.120: [ParNew: 123520K->13696K(123520K), 0.0211380 secs] 326199K->229807K(397848K), 0.0211810 secs] [Times: user=0.17 sys=0.00, real=0.03 secs] 
225.141: Total time for which application threads were stopped: 0.0213300 seconds, Stopping threads took: 0.0000830 seconds
225.197: Application time: 0.0557110 seconds
225.197: [GC225.197: [ParNew: 123520K->13696K(123520K), 0.0194420 secs] 339631K->242571K(397848K), 0.0194870 secs] [Times: user=0.15 sys=0.00, real=0.02 secs] 
225.217: Total time for which application threads were stopped: 0.0196700 seconds, Stopping threads took: 0.0001130 seconds
225.256: Application time: 0.0387820 seconds
225.257: [GC225.257: [ParNew: 123520K->13696K(123520K), 0.0232080 secs] 352395K->268070K(397848K), 0.0232530 secs] [Times: user=0.18 sys=0.00, real=0.02 secs] 
225.280: Total time for which application threads were stopped: 0.0242010 seconds, Stopping threads took: 0.0008770 seconds
225.318: Application time: 0.0378610 seconds
225.318: [GC225.318: [ParNew: 123520K->13696K(123520K), 0.0246950 secs]225.343: [Tenured: 283709K->132777K(283736K), 0.1942580 secs] 377894K->132777K(407256K), [Perm : 9151K->9151K(21248K)], 0.2193910 secs] [Times: user=0.39 sys=0.00, real=0.22 secs] 
225.537: Total time for which application threads were stopped: 0.2195380 seconds, Stopping threads took: 0.0000770 seconds
225.577: Application time: 0.0401670 seconds
225.578: [GC225.578: [ParNew: 109824K->13696K(123520K), 0.0233410 secs] 242601K->168956K(397848K), 0.0233860 secs] [Times: user=0.19 sys=0.00, real=0.03 secs] 
225.601: Total time for which application threads were stopped: 0.0235590 seconds, Stopping threads took: 0.0000920 seconds
225.650: Application time: 0.0492450 seconds
225.650: [GC225.650: [ParNew: 123520K->13696K(123520K), 0.0260960 secs] 278780K->190435K(397848K), 0.0261390 secs] [Times: user=0.21 sys=0.00, real=0.03 secs] 
225.677: Total time for which application threads were stopped: 0.0262970 seconds, Stopping threads took: 0.0000950 seconds
225.729: Application time: 0.0520940 seconds
225.729: [GC225.729: [ParNew: 123520K->13696K(123520K), 0.0217440 secs] 300259K->205708K(397848K), 0.0217880 secs] [Times: user=0.17 sys=0.00, real=0.02 secs] 
225.751: Total time for which application threads were stopped: 0.0219590 seconds, Stopping threads took: 0.0001040 seconds
225.802: Application time: 0.0513160 seconds
225.802: [GC225.802: [ParNew: 123520K->13694K(123520K), 0.0209640 secs] 315532K->222685K(397848K), 0.0210090 secs] [Times: user=0.17 sys=0.00, real=0.02 secs] 
225.823: Total time for which application threads were stopped: 0.0211360 seconds, Stopping threads took: 0.0000590 seconds
225.873: Application time: 0.0504370 seconds
225.874: [GC225.874: [ParNew: 123518K->13696K(123520K), 0.0199950 secs] 332509K->237828K(397848K), 0.0200390 secs] [Times: user=0.16 sys=0.00, real=0.02 secs] 
225.894: Total time for which application threads were stopped: 0.0201770 seconds, Stopping threads took: 0.0000700 seconds
225.952: Application time: 0.0580740 seconds
225.952: [GC225.952: [ParNew: 123520K->13696K(123520K), 0.0215900 secs] 347652K->250737K(397848K), 0.0216350 secs] [Times: user=0.17 sys=0.00, real=0.03 secs] 
225.973: Total time for which application threads were stopped: 0.0217790 seconds, Stopping threads took: 0.0000760 seconds
226.019: Application time: 0.0459900 seconds
226.020: [GC226.020: [ParNew: 123520K->13696K(123520K), 0.0214130 secs] 360561K->269204K(397848K), 0.0214570 secs] [Times: user=0.17 sys=0.00, real=0.03 secs] 
226.041: Total time for which application threads were stopped: 0.0216580 seconds, Stopping threads took: 0.0001240 seconds
226.076: Application time: 0.0351480 seconds
226.076: [GC226.076: [ParNew: 123520K->13696K(123520K), 0.0241350 secs]226.101: [Tenured: 285668K->116790K(285848K), 0.1893190 secs] 379028K->116790K(409368K), [Perm : 9151K->9151K(21248K)], 0.2139220 secs] [Times: user=0.38 sys=0.01, real=0.21 secs] 
226.290: Total time for which application threads were stopped: 0.2140700 seconds, Stopping threads took: 0.0000780 seconds
226.330: Application time: 0.0399870 seconds
226.330: [GC226.331: [ParNew: 109824K->13696K(123520K), 0.0238640 secs] 226614K->152822K(397848K), 0.0239090 secs] [Times: user=0.19 sys=0.00, real=0.03 secs] 
226.354: Total time for which application threads were stopped: 0.0240630 seconds, Stopping threads took: 0.0000740 seconds
226.400: Application time: 0.0454090 seconds
226.400: [GC226.400: [ParNew: 123520K->13696K(123520K), 0.0278330 secs] 262646K->178948K(397848K), 0.0278800 secs] [Times: user=0.22 sys=0.00, real=0.03 secs] 
226.428: Total time for which application threads were stopped: 0.0280650 seconds, Stopping threads took: 0.0001170 seconds
226.480: Application time: 0.0516740 seconds
226.480: [GC226.480: [ParNew: 123520K->13696K(123520K), 0.0226670 secs] 288772K->196698K(397848K), 0.0227120 secs] [Times: user=0.18 sys=0.00, real=0.03 secs] 
226.502: Total time for which application threads were stopped: 0.0228840 seconds, Stopping threads took: 0.0001060 seconds
226.554: Application time: 0.0510540 seconds
226.554: [GC226.554: [ParNew: 123520K->13696K(123520K), 0.0202620 secs] 306522K->211559K(397848K), 0.0203070 secs] [Times: user=0.16 sys=0.00, real=0.02 secs] 
226.574: Total time for which application threads were stopped: 0.0204880 seconds, Stopping threads took: 0.0001150 seconds
226.626: Application time: 0.0520500 seconds
226.629: [GC226.629: [ParNew: 123520K->13696K(123520K), 0.0205220 secs] 321383K->227209K(397848K), 0.0205670 secs] [Times: user=0.16 sys=0.00, real=0.02 secs] 
226.649: Total time for which application threads were stopped: 0.0230990 seconds, Stopping threads took: 0.0024450 seconds
226.700: Application time: 0.0507030 seconds
226.700: [GC226.700: [ParNew: 123520K->13696K(123520K), 0.0214000 secs] 337033K->242771K(397848K), 0.0214430 secs] [Times: user=0.17 sys=0.00, real=0.03 secs] 
226.722: Total time for which application threads were stopped: 0.0217150 seconds, Stopping threads took: 0.0002050 seconds
226.774: Application time: 0.0526520 seconds
226.774: [GC226.774: [ParNew: 123520K->13696K(123520K), 0.0205780 secs] 352595K->258193K(397848K), 0.0206240 secs] [Times: user=0.16 sys=0.00, real=0.02 secs] 
226.795: Total time for which application threads were stopped: 0.0208070 seconds, Stopping threads took: 0.0001160 seconds
226.831: Application time: 0.0360600 seconds
226.831: [GC226.831: [ParNew: 123520K->13696K(123520K), 0.0234810 secs] 368017K->284920K(397848K), 0.0235270 secs] [Times: user=0.19 sys=0.00, real=0.03 secs] 
226.855: Total time for which application threads were stopped: 0.0237000 seconds, Stopping threads took: 0.0001060 seconds
226.896: Application time: 0.0410500 seconds
226.896: [GC226.896: [ParNew: 123520K->13696K(123520K), 0.0283630 secs]226.924: [Tenured: 304674K->148829K(305048K), 0.2321940 secs] 394744K->148829K(428568K), [Perm : 9151K->9151K(21248K)], 0.2615710 secs] [Times: user=0.45 sys=0.01, real=0.26 secs] 
227.158: Total time for which application threads were stopped: 0.2617620 seconds, Stopping threads took: 0.0001100 seconds
227.204: Application time: 0.0460110 seconds
227.204: [GC227.204: [ParNew: 109824K->13696K(123520K), 0.0203760 secs] 258653K->178732K(397848K), 0.0204220 secs] [Times: user=0.16 sys=0.00, real=0.02 secs] 
227.224: Total time for which application threads were stopped: 0.0206030 seconds, Stopping threads took: 0.0001120 seconds
227.276: Application time: 0.0514910 seconds
227.276: [GC227.276: [ParNew: 123520K->13696K(123520K), 0.0241830 secs] 288556K->198339K(397848K), 0.0242390 secs] [Times: user=0.19 sys=0.00, real=0.02 secs] 
227.300: Total time for which application threads were stopped: 0.0244240 seconds, Stopping threads took: 0.0001170 seconds
227.353: Application time: 0.0530040 seconds
227.353: [GC227.353: [ParNew: 123520K->13694K(123520K), 0.0221820 secs] 308163K->215627K(397848K), 0.0222290 secs] [Times: user=0.17 sys=0.00, real=0.02 secs] 
227.376: Total time for which application threads were stopped: 0.0224320 seconds, Stopping threads took: 0.0001130 seconds
227.432: Application time: 0.0566890 seconds
227.433: [GC227.433: [ParNew: 123518K->13696K(123520K), 0.0214740 secs] 325451K->229564K(397848K), 0.0215180 secs] [Times: user=0.17 sys=0.00, real=0.02 secs] 
227.454: Total time for which application threads were stopped: 0.0217580 seconds, Stopping threads took: 0.0001380 seconds
227.503: Application time: 0.0491300 seconds
227.503: [GC227.503: [ParNew: 123520K->13696K(123520K), 0.0208150 secs] 339388K->245078K(397848K), 0.0208610 secs] [Times: user=0.16 sys=0.00, real=0.02 secs] 
227.524: Total time for which application threads were stopped: 0.0210160 seconds, Stopping threads took: 0.0000870 seconds
227.581: Application time: 0.0572560 seconds
227.582: [GC227.582: [ParNew: 123520K->13696K(123520K), 0.0216190 secs] 354902K->258204K(397848K), 0.0216640 secs] [Times: user=0.17 sys=0.00, real=0.02 secs] 
227.603: Total time for which application threads were stopped: 0.0219310 seconds, Stopping threads took: 0.0001800 seconds
227.647: Application time: 0.0434690 seconds
227.647: [GC227.647: [ParNew: 123520K->13696K(123520K), 0.0233190 secs] 368028K->280684K(397848K), 0.0233650 secs] [Times: user=0.19 sys=0.00, real=0.02 secs] 
227.670: Total time for which application threads were stopped: 0.0235360 seconds, Stopping threads took: 0.0001020 seconds
227.707: Application time: 0.0365230 seconds
227.707: [GC227.707: [ParNew: 123520K->13696K(123520K), 0.0242580 secs]227.731: [Tenured: 296321K->133744K(296408K), 0.2020670 secs] 390508K->133744K(419928K), [Perm : 9152K->9152K(21248K)], 0.2271140 secs] [Times: user=0.39 sys=0.00, real=0.23 secs] 
227.934: Total time for which application threads were stopped: 0.2272900 seconds, Stopping threads took: 0.0001100 seconds
227.977: Application time: 0.0427800 seconds
227.977: [GC227.977: [ParNew: 109824K->13696K(123520K), 0.0240340 secs] 243568K->169056K(397848K), 0.0240810 secs] [Times: user=0.19 sys=0.00, real=0.03 secs] 
228.001: Total time for which application threads were stopped: 0.0243390 seconds, Stopping threads took: 0.0001750 seconds
228.048: Application time: 0.0461520 seconds
228.048: [GC228.048: [ParNew: 123520K->13696K(123520K), 0.0266940 secs] 278880K->193335K(397848K), 0.0267370 secs] [Times: user=0.21 sys=0.00, real=0.03 secs] 
228.074: Total time for which application threads were stopped: 0.0269530 seconds, Stopping threads took: 0.0001280 seconds
228.131: Application time: 0.0568550 seconds
228.132: [GC228.132: [ParNew: 123520K->13694K(123520K), 0.0235760 secs] 303159K->208954K(397848K), 0.0236210 secs] [Times: user=0.19 sys=0.00, real=0.03 secs] 
228.155: Total time for which application threads were stopped: 0.0238930 seconds, Stopping threads took: 0.0001850 seconds
228.206: Application time: 0.0507810 seconds
228.206: [GC228.206: [ParNew: 123518K->13696K(123520K), 0.0216810 secs] 318778K->225524K(397848K), 0.0217270 secs] [Times: user=0.18 sys=0.00, real=0.02 secs] 
228.228: Total time for which application threads were stopped: 0.0219300 seconds, Stopping threads took: 0.0001330 seconds
228.284: Application time: 0.0558120 seconds
228.284: [GC228.284: [ParNew: 123520K->13696K(123520K), 0.0212070 secs] 335348K->240510K(397848K), 0.0212500 secs] [Times: user=0.17 sys=0.00, real=0.02 secs] 
228.305: Total time for which application threads were stopped: 0.0214120 seconds, Stopping threads took: 0.0000930 seconds
228.356: Application time: 0.0512940 seconds
228.357: [GC228.357: [ParNew: 123520K->13696K(123520K), 0.0226780 secs] 350334K->257534K(397848K), 0.0227230 secs] [Times: user=0.17 sys=0.00, real=0.02 secs] 
228.379: Total time for which application threads were stopped: 0.0229350 seconds, Stopping threads took: 0.0001360 seconds
228.432: Application time: 0.0521590 seconds
228.432: [GC228.432: [ParNew: 123520K->13696K(123520K), 0.0212600 secs] 367358K->274569K(397848K), 0.0213030 secs] [Times: user=0.17 sys=0.00, real=0.03 secs] 
228.453: Total time for which application threads were stopped: 0.0214710 seconds, Stopping threads took: 0.0001000 seconds
228.492: Application time: 0.0391670 seconds
228.492: [GC228.492: [ParNew: 123520K->13696K(123520K), 0.0250150 secs]228.517: [Tenured: 287488K->128735K(288344K), 0.1904620 secs] 384393K->128735K(411864K), [Perm : 9152K->9152K(21248K)], 0.2160470 secs] [Times: user=0.37 sys=0.01, real=0.22 secs] 
228.708: Total time for which application threads were stopped: 0.2162460 seconds, Stopping threads took: 0.0001080 seconds
228.749: Application time: 0.0408070 seconds
228.749: [GC228.749: [ParNew: 109824K->13696K(123520K), 0.0216540 secs] 238559K->161984K(397848K), 0.0217010 secs] [Times: user=0.17 sys=0.00, real=0.02 secs] 
228.771: Total time for which application threads were stopped: 0.0218860 seconds, Stopping threads took: 0.0001170 seconds
228.812: Application time: 0.0403850 seconds
228.812: [GC228.812: [ParNew: 123520K->13696K(123520K), 0.0267990 secs] 271808K->190842K(397848K), 0.0268430 secs] [Times: user=0.21 sys=0.00, real=0.03 secs] 
228.839: Total time for which application threads were stopped: 0.0270330 seconds, Stopping threads took: 0.0001230 seconds
228.891: Application time: 0.0527840 seconds
228.892: [GC228.892: [ParNew: 123520K->13696K(123520K), 0.0260620 secs] 300666K->211644K(397848K), 0.0261050 secs] [Times: user=0.21 sys=0.00, real=0.03 secs] 
228.918: Total time for which application threads were stopped: 0.0263030 seconds, Stopping threads took: 0.0001310 seconds
228.971: Application time: 0.0529070 seconds
228.971: [GC228.971: [ParNew: 123520K->13696K(123520K), 0.0206830 secs] 321468K->225878K(397848K), 0.0207280 secs] [Times: user=0.16 sys=0.00, real=0.02 secs] 
228.991: Total time for which application threads were stopped: 0.0208570 seconds, Stopping threads took: 0.0000610 seconds
229.046: Application time: 0.0542580 seconds
229.049: [GC229.049: [ParNew: 123520K->13696K(123520K), 0.0213450 secs] 335702K->243082K(397848K), 0.0213870 secs] [Times: user=0.17 sys=0.00, real=0.02 secs] 
229.070: Total time for which application threads were stopped: 0.0242950 seconds, Stopping threads took: 0.0028260 seconds
229.118: Application time: 0.0480930 seconds
229.121: [GC229.121: [ParNew: 123520K->13696K(123520K), 0.0206880 secs] 352906K->258645K(397848K), 0.0207360 secs] [Times: user=0.16 sys=0.00, real=0.02 secs] 
229.141: Total time for which application threads were stopped: 0.0232320 seconds, Stopping threads took: 0.0024090 seconds
229.198: Application time: 0.0569800 seconds
229.198: [GC229.198: [ParNew: 123520K->13696K(123520K), 0.0210330 secs] 368469K->271729K(397848K), 0.0210750 secs] [Times: user=0.17 sys=0.00, real=0.02 secs] 
229.220: Total time for which application threads were stopped: 0.0212650 seconds, Stopping threads took: 0.0001270 seconds
229.262: Application time: 0.0424240 seconds
229.265: [GC229.265: [ParNew: 123512K->13696K(123520K), 0.0238480 secs]229.289: [Tenured: 282111K->111546K(282392K), 0.1890970 secs] 381546K->111546K(405912K), [Perm : 9152K->9152K(21248K)], 0.2132980 secs] [Times: user=0.37 sys=0.00, real=0.21 secs] 
229.478: Total time for which application threads were stopped: 0.2159740 seconds, Stopping threads took: 0.0025880 seconds
229.517: Application time: 0.0385450 seconds
229.517: [GC229.517: [ParNew: 109824K->13696K(123520K), 0.0180650 secs] 221370K->141929K(397848K), 0.0181100 secs] [Times: user=0.15 sys=0.00, real=0.02 secs] 
229.535: Total time for which application threads were stopped: 0.0182580 seconds, Stopping threads took: 0.0000800 seconds
229.573: Application time: 0.0382700 seconds
229.573: [GC229.573: [ParNew: 123417K->13696K(123520K), 0.0285320 secs] 251650K->175612K(397848K), 0.0285790 secs] [Times: user=0.23 sys=0.00, real=0.03 secs] 
229.602: Total time for which application threads were stopped: 0.0287830 seconds, Stopping threads took: 0.0001170 seconds
229.647: Application time: 0.0451920 seconds
229.647: [GC229.647: [ParNew: 123520K->13696K(123520K), 0.0276470 secs] 285436K->201702K(397848K), 0.0276920 secs] [Times: user=0.22 sys=0.00, real=0.03 secs] 
229.675: Total time for which application threads were stopped: 0.0278470 seconds, Stopping threads took: 0.0000850 seconds
229.735: Application time: 0.0601740 seconds
229.735: [GC229.735: [ParNew: 123520K->13696K(123520K), 0.0220710 secs] 311526K->215051K(397848K), 0.0221160 secs] [Times: user=0.17 sys=0.00, real=0.02 secs] 
229.757: Total time for which application threads were stopped: 0.0223040 seconds, Stopping threads took: 0.0001230 seconds
229.809: Application time: 0.0520500 seconds
229.810: [GC229.810: [ParNew: 123520K->13696K(123520K), 0.0204660 secs] 324875K->229511K(397848K), 0.0205100 secs] [Times: user=0.16 sys=0.00, real=0.02 secs] 
229.830: Total time for which application threads were stopped: 0.0206550 seconds, Stopping threads took: 0.0000770 seconds
229.882: Application time: 0.0515520 seconds
229.882: [GC229.882: [ParNew: 123520K->13696K(123520K), 0.0218530 secs] 339335K->247608K(397848K), 0.0218990 secs] [Times: user=0.17 sys=0.00, real=0.02 secs] 
229.904: Total time for which application threads were stopped: 0.0220570 seconds, Stopping threads took: 0.0000890 seconds
229.956: Application time: 0.0521290 seconds
229.956: [GC229.956: [ParNew: 123520K->13696K(123520K), 0.0218800 secs] 357432K->264037K(397848K), 0.0219240 secs] [Times: user=0.17 sys=0.00, real=0.02 secs] 
229.978: Total time for which application threads were stopped: 0.0221480 seconds, Stopping threads took: 0.0001590 seconds
230.028: Application time: 0.0502910 seconds
230.028: [GC230.028: [ParNew: 123520K->13696K(123520K), 0.0206290 secs] 373861K->280705K(397848K), 0.0206720 secs] [Times: user=0.16 sys=0.00, real=0.02 secs] 
230.049: Total time for which application threads were stopped: 0.0208430 seconds, Stopping threads took: 0.0001010 seconds
230.087: Application time: 0.0376560 seconds
230.087: [GC230.087: [ParNew: 123520K->13696K(123520K), 0.0239460 secs]230.111: [Tenured: 294346K->127131K(294872K), 0.1984020 secs] 390529K->127131K(418392K), [Perm : 9152K->9152K(21248K)], 0.2230740 secs] [Times: user=0.38 sys=0.00, real=0.22 secs] 
230.310: Total time for which application threads were stopped: 0.2232220 seconds, Stopping threads took: 0.0000690 seconds
230.349: Application time: 0.0386970 seconds
230.349: [GC230.349: [ParNew: 109824K->13696K(123520K), 0.0211870 secs] 236955K->161144K(397848K), 0.0212330 secs] [Times: user=0.16 sys=0.00, real=0.02 secs] 
230.370: Total time for which application threads were stopped: 0.0213860 seconds, Stopping threads took: 0.0000830 seconds
230.414: Application time: 0.0443100 seconds
230.415: [GC230.415: [ParNew: 123520K->13695K(123520K), 0.0287010 secs] 270968K->190563K(397848K), 0.0287460 secs] [Times: user=0.23 sys=0.00, real=0.03 secs] 
230.443: Total time for which application threads were stopped: 0.0290080 seconds, Stopping threads took: 0.0001940 seconds
230.496: Application time: 0.0525390 seconds
230.501: [GC230.501: [ParNew: 123519K->13694K(123520K), 0.0251440 secs] 300387K->208599K(397848K), 0.0251890 secs] [Times: user=0.19 sys=0.00, real=0.02 secs] 
230.526: Total time for which application threads were stopped: 0.0299720 seconds, Stopping threads took: 0.0046960 seconds
230.584: Application time: 0.0578200 seconds
230.584: [GC230.584: [ParNew: 123518K->13694K(123520K), 0.0188540 secs] 318423K->221337K(397848K), 0.0188980 secs] [Times: user=0.15 sys=0.00, real=0.02 secs] 
230.603: Total time for which application threads were stopped: 0.0190970 seconds, Stopping threads took: 0.0001310 seconds
230.650: Application time: 0.0476280 seconds
230.653: [GC230.653: [ParNew: 123425K->13696K(123520K), 0.0187920 secs] 331067K->234933K(397848K), 0.0188470 secs] [Times: user=0.15 sys=0.00, real=0.01 secs] 
230.671: Total time for which application threads were stopped: 0.0209860 seconds, Stopping threads took: 0.0020530 seconds
230.719: Application time: 0.0474740 seconds
230.719: [GC230.719: [ParNew: 123520K->13696K(123520K), 0.0228760 secs] 344757K->256413K(397848K), 0.0229220 secs] [Times: user=0.18 sys=0.00, real=0.03 secs] 
230.742: Total time for which application threads were stopped: 0.0230550 seconds, Stopping threads took: 0.0000650 seconds
230.797: Application time: 0.0548560 seconds
230.797: [GC230.797: [ParNew: 123520K->13696K(123520K), 0.0225330 secs] 366237K->272064K(397848K), 0.0225770 secs] [Times: user=0.18 sys=0.00, real=0.02 secs] 
230.820: Total time for which application threads were stopped: 0.0227320 seconds, Stopping threads took: 0.0000880 seconds
230.861: Application time: 0.0415500 seconds
230.861: [GC230.861: [ParNew: 123520K->13696K(123520K), 0.0237880 secs]230.885: [Tenured: 282062K->127927K(282200K), 0.1967590 secs] 381888K->127927K(405720K), [Perm : 9152K->9152K(21248K)], 0.2208980 secs] [Times: user=0.38 sys=0.01, real=0.22 secs] 
231.082: Total time for which application threads were stopped: 0.2210580 seconds, Stopping threads took: 0.0000930 seconds
231.121: Application time: 0.0385970 seconds
231.121: [GC231.121: [ParNew: 109824K->13696K(123520K), 0.0188710 secs] 237751K->158914K(397848K), 0.0189160 secs] [Times: user=0.15 sys=0.00, real=0.01 secs] 
231.140: Total time for which application threads were stopped: 0.0190510 seconds, Stopping threads took: 0.0000680 seconds
231.182: Application time: 0.0422960 seconds
231.182: [GC231.182: [ParNew: 123520K->13696K(123520K), 0.0288100 secs] 268738K->190964K(397848K), 0.0288530 secs] [Times: user=0.23 sys=0.00, real=0.02 secs] 
231.211: Total time for which application threads were stopped: 0.0290600 seconds, Stopping threads took: 0.0001270 seconds
231.257: Application time: 0.0461410 seconds
231.257: [GC231.257: [ParNew: 123520K->13696K(123520K), 0.0260520 secs] 300788K->214932K(397848K), 0.0260950 secs] [Times: user=0.20 sys=0.00, real=0.03 secs] 
231.284: Total time for which application threads were stopped: 0.0262540 seconds, Stopping threads took: 0.0000930 seconds
231.341: Application time: 0.0575240 seconds
231.345: [GC231.345: [ParNew: 123520K->13696K(123520K), 0.0217040 secs] 324756K->227646K(397848K), 0.0217480 secs] [Times: user=0.17 sys=0.00, real=0.02 secs] 
231.366: Total time for which application threads were stopped: 0.0251960 seconds, Stopping threads took: 0.0033810 seconds
231.421: Application time: 0.0549930 seconds
231.421: [GC231.421: [ParNew: 123368K->13696K(123520K), 0.0193680 secs] 337319K->239904K(397848K), 0.0194130 secs] [Times: user=0.15 sys=0.00, real=0.02 secs] 
231.441: Total time for which application threads were stopped: 0.0195870 seconds, Stopping threads took: 0.0001060 seconds
231.485: Application time: 0.0440060 seconds
231.485: [GC231.485: [ParNew: 123520K->13696K(123520K), 0.0219650 secs] 349728K->260623K(397848K), 0.0220100 secs] [Times: user=0.17 sys=0.00, real=0.02 secs] 
231.507: Total time for which application threads were stopped: 0.0221930 seconds, Stopping threads took: 0.0001150 seconds
231.565: Application time: 0.0579000 seconds
231.569: [GC231.569: [ParNew: 123520K->13696K(123520K), 0.0257370 secs] 370447K->278596K(397848K), 0.0257890 secs] [Times: user=0.18 sys=0.00, real=0.03 secs] 
231.594: Total time for which application threads were stopped: 0.0293330 seconds, Stopping threads took: 0.0034700 seconds
231.640: Application time: 0.0459130 seconds
231.640: [GC231.640: [ParNew: 123494K->13696K(123520K), 0.0229650 secs]231.663: [Tenured: 284167K->130685K(284504K), 0.2036750 secs] 388395K->130685K(408024K), [Perm : 9152K->9152K(21248K)], 0.2270620 secs] [Times: user=0.38 sys=0.00, real=0.23 secs] 
231.867: Total time for which application threads were stopped: 0.2272290 seconds, Stopping threads took: 0.0000990 seconds
231.911: Application time: 0.0430160 seconds
231.911: [GC231.911: [ParNew: 109824K->13696K(123520K), 0.0169290 secs] 240509K->157329K(397848K), 0.0169730 secs] [Times: user=0.14 sys=0.00, real=0.02 secs] 
231.928: Total time for which application threads were stopped: 0.0171520 seconds, Stopping threads took: 0.0000880 seconds
231.967: Application time: 0.0389740 seconds
231.967: [GC231.967: [ParNew: 123520K->13696K(123520K), 0.0262930 secs] 267153K->186799K(397848K), 0.0263350 secs] [Times: user=0.21 sys=0.00, real=0.03 secs] 
231.993: Total time for which application threads were stopped: 0.0264920 seconds, Stopping threads took: 0.0000870 seconds
232.035: Application time: 0.0421180 seconds
232.036: [GC232.036: [ParNew: 123520K->13696K(123520K), 0.0286680 secs] 296623K->217583K(397848K), 0.0287150 secs] [Times: user=0.23 sys=0.00, real=0.03 secs] 
232.064: Total time for which application threads were stopped: 0.0290670 seconds, Stopping threads took: 0.0002630 seconds
232.119: Application time: 0.0543180 seconds
232.119: [GC232.119: [ParNew: 123520K->13696K(123520K), 0.0255130 secs] 327407K->236779K(397848K), 0.0255560 secs] [Times: user=0.20 sys=0.00, real=0.03 secs] 
232.144: Total time for which application threads were stopped: 0.0257210 seconds, Stopping threads took: 0.0000980 seconds
232.203: Application time: 0.0587600 seconds
232.203: [GC232.203: [ParNew: 123520K->13683K(123520K), 0.0193380 secs] 346603K->249752K(397848K), 0.0193780 secs] [Times: user=0.15 sys=0.00, real=0.02 secs] 
232.223: Total time for which application threads were stopped: 0.0195350 seconds, Stopping threads took: 0.0000880 seconds
232.266: Application time: 0.0428400 seconds
232.266: [GC232.266: [ParNew: 123507K->13696K(123520K), 0.0207450 secs] 359576K->267637K(397848K), 0.0207910 secs] [Times: user=0.16 sys=0.00, real=0.02 secs] 
232.286: Total time for which application threads were stopped: 0.0209590 seconds, Stopping threads took: 0.0001000 seconds
232.338: Application time: 0.0513780 seconds
232.338: [GC232.338: [ParNew: 123520K->13696K(123520K), 0.0220490 secs] 377461K->286133K(397848K), 0.0220870 secs] [Times: user=0.17 sys=0.00, real=0.02 secs] 
232.360: Total time for which application threads were stopped: 0.0222830 seconds, Stopping threads took: 0.0001310 seconds
232.414: Application time: 0.0536030 seconds
232.414: [GC232.414: [ParNew: 123520K->13696K(123520K), 0.0261060 secs]232.440: [Tenured: 286441K->116150K(287000K), 0.2016910 secs] 395957K->116150K(410520K), [Perm : 9152K->9152K(21248K)], 0.2282770 secs] [Times: user=0.35 sys=0.00, real=0.23 secs] 
232.642: Total time for which application threads were stopped: 0.2285600 seconds, Stopping threads took: 0.0001610 seconds
232.684: Application time: 0.0419480 seconds
232.684: [GC232.684: [ParNew: 109824K->13696K(123520K), 0.0137240 secs] 225974K->138547K(397848K), 0.0137780 secs] [Times: user=0.10 sys=0.00, real=0.01 secs] 
232.698: Total time for which application threads were stopped: 0.0139550 seconds, Stopping threads took: 0.0001100 seconds
232.740: Application time: 0.0416530 seconds
232.740: [GC232.740: [ParNew: 123520K->13696K(123520K), 0.0279740 secs] 248371K->171518K(397848K), 0.0280180 secs] [Times: user=0.22 sys=0.00, real=0.03 secs] 
232.768: Total time for which application threads were stopped: 0.0282210 seconds, Stopping threads took: 0.0001350 seconds
232.809: Application time: 0.0410490 seconds
232.809: [GC232.809: [ParNew: 123520K->13696K(123520K), 0.0254860 secs] 281342K->197400K(397848K), 0.0255310 secs] [Times: user=0.20 sys=0.00, real=0.03 secs] 
232.835: Total time for which application threads were stopped: 0.0256910 seconds, Stopping threads took: 0.0000930 seconds
232.881: Application time: 0.0465190 seconds
232.885: [GC232.885: [ParNew: 123520K->13696K(123520K), 0.0264040 secs] 307224K->223619K(397848K), 0.0264480 secs] [Times: user=0.21 sys=0.00, real=0.02 secs] 
232.911: Total time for which application threads were stopped: 0.0296510 seconds, Stopping threads took: 0.0031350 seconds
232.967: Application time: 0.0558460 seconds
232.967: [GC232.967: [ParNew: 123520K->13696K(123520K), 0.0229190 secs] 333443K->238463K(397848K), 0.0229630 secs] [Times: user=0.18 sys=0.00, real=0.02 secs] 
232.990: Total time for which application threads were stopped: 0.0231440 seconds, Stopping threads took: 0.0001010 seconds
233.038: Application time: 0.0481310 seconds
233.041: [GC233.041: [ParNew: 123520K->13696K(123520K), 0.0217540 secs] 348287K->256596K(397848K), 0.0218090 secs] [Times: user=0.17 sys=0.00, real=0.02 secs] 
233.062: Total time for which application threads were stopped: 0.0243430 seconds, Stopping threads took: 0.0024480 seconds
233.109: Application time: 0.0466220 seconds
233.109: [GC233.109: [ParNew: 123520K->13696K(123520K), 0.0231570 secs] 366420K->278703K(397848K), 0.0232010 secs] [Times: user=0.19 sys=0.00, real=0.03 secs] 
233.133: Total time for which application threads were stopped: 0.0233990 seconds, Stopping threads took: 0.0001080 seconds
233.190: Application time: 0.0573920 seconds
233.190: [GC233.190: [ParNew: 123520K->13644K(123520K), 0.0201800 secs]233.210: [Tenured: 277823K->129815K(278360K), 0.2134350 secs] 388527K->129815K(401880K), [Perm : 9152K->9152K(21248K)], 0.2338340 secs] [Times: user=0.38 sys=0.00, real=0.24 secs] 
233.424: Total time for which application threads were stopped: 0.2340010 seconds, Stopping threads took: 0.0001000 seconds
233.470: Application time: 0.0457940 seconds
233.473: [GC233.473: [ParNew: 109824K->13696K(123520K), 0.0134950 secs] 239639K->150702K(397848K), 0.0135400 secs] [Times: user=0.11 sys=0.00, real=0.01 secs] 
233.486: Total time for which application threads were stopped: 0.0164690 seconds, Stopping threads took: 0.0028320 seconds
233.532: Application time: 0.0457720 seconds
233.532: [GC233.532: [ParNew: 123520K->13696K(123520K), 0.0232920 secs] 260526K->174751K(397848K), 0.0233360 secs] [Times: user=0.18 sys=0.00, real=0.03 secs] 
233.555: Total time for which application threads were stopped: 0.0235060 seconds, Stopping threads took: 0.0001010 seconds
233.593: Application time: 0.0378700 seconds
233.597: [GC233.597: [ParNew: 123520K->13696K(123520K), 0.0265350 secs] 284575K->204783K(397848K), 0.0265800 secs] [Times: user=0.21 sys=0.00, real=0.03 secs] 
233.623: Total time for which application threads were stopped: 0.0299970 seconds, Stopping threads took: 0.0033290 seconds
233.670: Application time: 0.0462410 seconds
233.673: [GC233.673: [ParNew: 123520K->13696K(123520K), 0.0283360 secs] 314607K->233490K(397848K), 0.0283820 secs] [Times: user=0.22 sys=0.00, real=0.03 secs] 
233.701: Total time for which application threads were stopped: 0.0315970 seconds, Stopping threads took: 0.0031280 seconds
233.752: Application time: 0.0507980 seconds
233.752: [GC233.752: [ParNew: 123520K->13696K(123520K), 0.0243210 secs] 343314K->252852K(397848K), 0.0243650 secs] [Times: user=0.19 sys=0.00, real=0.03 secs] 
233.776: Total time for which application threads were stopped: 0.0245250 seconds, Stopping threads took: 0.0000940 seconds
233.831: Application time: 0.0549920 seconds
233.832: [GC233.832: [ParNew: 123520K->13696K(123520K), 0.0219550 secs] 362676K->268369K(397848K), 0.0219990 secs] [Times: user=0.18 sys=0.00, real=0.03 secs] 
233.854: Total time for which application threads were stopped: 0.0221320 seconds, Stopping threads took: 0.0000660 seconds
233.897: Application time: 0.0436100 seconds
233.897: [GC233.897: [ParNew: 123520K->13696K(123520K), 0.0229500 secs]233.920: [Tenured: 276039K->148158K(276440K), 0.2306870 secs] 378193K->148158K(399960K), [Perm : 9152K->9152K(21248K)], 0.2537960 secs] [Times: user=0.41 sys=0.00, real=0.25 secs] 
234.151: Total time for which application threads were stopped: 0.2540040 seconds, Stopping threads took: 0.0001180 seconds
234.208: Application time: 0.0565780 seconds
234.208: [GC234.208: [ParNew: 109824K->13696K(123520K), 0.0166720 secs] 257982K->166164K(397848K), 0.0167200 secs] [Times: user=0.14 sys=0.00, real=0.02 secs] 
234.225: Total time for which application threads were stopped: 0.0169150 seconds, Stopping threads took: 0.0001150 seconds
234.277: Application time: 0.0527160 seconds
234.278: [GC234.278: [ParNew: 123520K->13696K(123520K), 0.0210440 secs] 275988K->181272K(397848K), 0.0210880 secs] [Times: user=0.17 sys=0.00, real=0.02 secs] 
234.299: Total time for which application threads were stopped: 0.0213920 seconds, Stopping threads took: 0.0002050 seconds
234.346: Application time: 0.0474710 seconds
234.346: [GC234.346: [ParNew: 123520K->13696K(123520K), 0.0228110 secs] 291096K->203383K(397848K), 0.0228550 secs] [Times: user=0.18 sys=0.00, real=0.02 secs] 
234.369: Total time for which application threads were stopped: 0.0230210 seconds, Stopping threads took: 0.0000980 seconds
234.410: Application time: 0.0403390 seconds
234.410: [GC234.410: [ParNew: 123520K->13696K(123520K), 0.0248580 secs] 313207K->230729K(397848K), 0.0249040 secs] [Times: user=0.19 sys=0.00, real=0.03 secs] 
234.435: Total time for which application threads were stopped: 0.0250690 seconds, Stopping threads took: 0.0000980 seconds
234.475: Application time: 0.0403550 seconds
234.475: [GC234.475: [ParNew: 123520K->13696K(123520K), 0.0256040 secs] 340553K->258103K(397848K), 0.0256480 secs] [Times: user=0.20 sys=0.00, real=0.03 secs] 
234.501: Total time for which application threads were stopped: 0.0258040 seconds, Stopping threads took: 0.0000890 seconds
234.550: Application time: 0.0490600 seconds
234.550: [GC234.550: [ParNew: 123520K->13696K(123520K), 0.0272970 secs] 367927K->284522K(397848K), 0.0273420 secs] [Times: user=0.21 sys=0.00, real=0.03 secs] 
234.577: Total time for which application threads were stopped: 0.0274760 seconds, Stopping threads took: 0.0000650 seconds
234.630: Application time: 0.0521260 seconds
234.630: [GC234.630: [ParNew: 123520K->13694K(123520K), 0.0242200 secs]234.654: [Tenured: 288557K->151690K(288772K), 0.2360470 secs] 394346K->151690K(412292K), [Perm : 9152K->9152K(21248K)], 0.2608250 secs] [Times: user=0.42 sys=0.00, real=0.26 secs] 
234.891: Total time for which application threads were stopped: 0.2609970 seconds, Stopping threads took: 0.0001040 seconds
234.938: Application time: 0.0475180 seconds
234.938: [GC234.938: [ParNew: 109824K->13696K(123520K), 0.0123490 secs] 261514K->170457K(397848K), 0.0123920 secs] [Times: user=0.10 sys=0.00, real=0.01 secs] 
234.951: Total time for which application threads were stopped: 0.0125380 seconds, Stopping threads took: 0.0000640 seconds
235.002: Application time: 0.0513890 seconds
235.002: [GC235.002: [ParNew: 123520K->13696K(123520K), 0.0230010 secs] 280281K->191048K(397848K), 0.0230460 secs] [Times: user=0.18 sys=0.00, real=0.02 secs] 
235.025: Total time for which application threads were stopped: 0.0232210 seconds, Stopping threads took: 0.0001070 seconds
235.081: Application time: 0.0559850 seconds
235.085: [GC235.085: [ParNew: 123513K->13696K(123520K), 0.0209620 secs] 300865K->205404K(397848K), 0.0210070 secs] [Times: user=0.17 sys=0.00, real=0.02 secs] 
235.106: Total time for which application threads were stopped: 0.0243220 seconds, Stopping threads took: 0.0032490 seconds
235.154: Application time: 0.0487400 seconds
235.154: [GC235.155: [ParNew: 123520K->13696K(123520K), 0.0210020 secs] 315228K->222983K(397848K), 0.0210450 secs] [Times: user=0.17 sys=0.00, real=0.02 secs] 
235.176: Total time for which application threads were stopped: 0.0212360 seconds, Stopping threads took: 0.0001220 seconds
235.217: Application time: 0.0419150 seconds
235.218: [GC235.218: [ParNew: 123520K->13696K(123520K), 0.0245550 secs] 332807K->249663K(397848K), 0.0245980 secs] [Times: user=0.20 sys=0.00, real=0.03 secs] 
235.242: Total time for which application threads were stopped: 0.0247850 seconds, Stopping threads took: 0.0001180 seconds
235.285: Application time: 0.0428110 seconds
235.285: [GC235.285: [ParNew: 123388K->13696K(123520K), 0.0273170 secs] 359355K->278964K(397848K), 0.0273610 secs] [Times: user=0.22 sys=0.00, real=0.03 secs] 
235.313: Total time for which application threads were stopped: 0.0275330 seconds, Stopping threads took: 0.0001040 seconds
235.354: Application time: 0.0416380 seconds
235.354: [GC235.354: [ParNew: 123520K->13696K(123520K), 0.0257510 secs]235.380: [Tenured: 290700K->143474K(290840K), 0.2436120 secs] 388788K->143474K(414360K), [Perm : 9152K->9152K(21248K)], 0.2699790 secs] [Times: user=0.43 sys=0.02, real=0.27 secs] 
235.624: Total time for which application threads were stopped: 0.2701380 seconds, Stopping threads took: 0.0000850 seconds
235.676: Application time: 0.0518240 seconds
235.676: [GC235.676: [ParNew: 109824K->13694K(123520K), 0.0161490 secs] 253298K->164218K(397848K), 0.0162010 secs] [Times: user=0.12 sys=0.00, real=0.02 secs] 
235.693: Total time for which application threads were stopped: 0.0164160 seconds, Stopping threads took: 0.0001350 seconds
235.746: Application time: 0.0535100 seconds
235.746: [GC235.746: [ParNew: 123518K->13694K(123520K), 0.0212390 secs] 274042K->179680K(397848K), 0.0212840 secs] [Times: user=0.17 sys=0.00, real=0.02 secs] 
235.768: Total time for which application threads were stopped: 0.0214770 seconds, Stopping threads took: 0.0001260 seconds
235.813: Application time: 0.0458770 seconds
235.814: [GC235.814: [ParNew: 123518K->13696K(123520K), 0.0231930 secs] 289504K->201293K(397848K), 0.0232380 secs] [Times: user=0.18 sys=0.00, real=0.02 secs] 
235.837: Total time for which application threads were stopped: 0.0233880 seconds, Stopping threads took: 0.0000820 seconds
235.893: Application time: 0.0557950 seconds
235.893: [GC235.893: [ParNew: 123520K->13695K(123520K), 0.0216670 secs] 311117K->216904K(397848K), 0.0217100 secs] [Times: user=0.17 sys=0.00, real=0.02 secs] 
235.915: Total time for which application threads were stopped: 0.0218640 seconds, Stopping threads took: 0.0000880 seconds
235.968: Application time: 0.0533500 seconds
235.968: [GC235.968: [ParNew: 123519K->13696K(123520K), 0.0198920 secs] 326728K->230766K(397848K), 0.0199370 secs] [Times: user=0.16 sys=0.00, real=0.02 secs] 
235.988: Total time for which application threads were stopped: 0.0200960 seconds, Stopping threads took: 0.0000890 seconds
236.031: Application time: 0.0425370 seconds
236.031: [GC236.031: [ParNew: 123371K->13696K(123520K), 0.0236010 secs] 340441K->255454K(397848K), 0.0236470 secs] [Times: user=0.18 sys=0.00, real=0.03 secs] 
236.054: Total time for which application threads were stopped: 0.0238110 seconds, Stopping threads took: 0.0000960 seconds
236.098: Application time: 0.0433320 seconds
236.101: [GC236.101: [ParNew: 123520K->13696K(123520K), 0.0260700 secs] 365278K->284069K(397848K), 0.0261140 secs] [Times: user=0.21 sys=0.00, real=0.02 secs] 
236.127: Total time for which application threads were stopped: 0.0290220 seconds, Stopping threads took: 0.0028190 seconds
236.170: Application time: 0.0434930 seconds
236.170: [GC236.170: [ParNew: 123520K->13696K(123520K), 0.0273700 secs]236.198: [Tenured: 297221K->146490K(297560K), 0.2412340 secs] 393893K->146490K(421080K), [Perm : 9152K->9152K(21248K)], 0.2694110 secs] [Times: user=0.46 sys=0.00, real=0.27 secs] 
236.440: Total time for which application threads were stopped: 0.2695500 seconds, Stopping threads took: 0.0000700 seconds
236.489: Application time: 0.0496690 seconds
236.490: [GC236.490: [ParNew: 109824K->13696K(123520K), 0.0174560 secs] 256314K->170169K(397848K), 0.0175000 secs] [Times: user=0.14 sys=0.00, real=0.02 secs] 
236.507: Total time for which application threads were stopped: 0.0176520 seconds, Stopping threads took: 0.0000670 seconds
236.560: Application time: 0.0532370 seconds
236.561: [GC236.561: [ParNew: 123520K->13696K(123520K), 0.0231710 secs] 279993K->186379K(397848K), 0.0232160 secs] [Times: user=0.18 sys=0.00, real=0.02 secs] 
236.584: Total time for which application threads were stopped: 0.0234100 seconds, Stopping threads took: 0.0001290 seconds
236.631: Application time: 0.0474490 seconds
236.631: [GC236.631: [ParNew: 123377K->13696K(123520K), 0.0208150 secs] 296060K->204260K(397848K), 0.0208610 secs] [Times: user=0.17 sys=0.00, real=0.02 secs] 
236.652: Total time for which application threads were stopped: 0.0210330 seconds, Stopping threads took: 0.0001030 seconds
236.701: Application time: 0.0485750 seconds
236.701: [GC236.701: [ParNew: 123520K->13696K(123520K), 0.0228820 secs] 314084K->224922K(397848K), 0.0229270 secs] [Times: user=0.19 sys=0.00, real=0.02 secs] 
236.724: Total time for which application threads were stopped: 0.0230640 seconds, Stopping threads took: 0.0000590 seconds
236.779: Application time: 0.0548340 seconds
236.779: [GC236.779: [ParNew: 123520K->13696K(123520K), 0.0215810 secs] 334746K->239789K(397848K), 0.0216240 secs] [Times: user=0.17 sys=0.00, real=0.03 secs] 
236.801: Total time for which application threads were stopped: 0.0218010 seconds, Stopping threads took: 0.0001100 seconds
236.847: Application time: 0.0469760 seconds
236.848: [GC236.848: [ParNew: 123233K->13696K(123520K), 0.0217750 secs] 349326K->258400K(397848K), 0.0218210 secs] [Times: user=0.17 sys=0.00, real=0.02 secs] 
236.870: Total time for which application threads were stopped: 0.0220030 seconds, Stopping threads took: 0.0001140 seconds
236.911: Application time: 0.0412540 seconds
236.911: [GC236.911: [ParNew: 123520K->13696K(123520K), 0.0248880 secs] 368224K->286221K(397848K), 0.0249310 secs] [Times: user=0.20 sys=0.00, real=0.03 secs] 
236.936: Total time for which application threads were stopped: 0.0250620 seconds, Stopping threads took: 0.0000640 seconds
236.976: Application time: 0.0403400 seconds
236.976: [GC236.976: [ParNew: 123520K->13696K(123520K), 0.0268960 secs]237.003: [Tenured: 302030K->147510K(302168K), 0.2332370 secs] 396045K->147510K(425688K), [Perm : 9152K->9152K(21248K)], 0.2611950 secs] [Times: user=0.44 sys=0.00, real=0.26 secs] 
237.238: Total time for which application threads were stopped: 0.2613570 seconds, Stopping threads took: 0.0000900 seconds
237.283: Application time: 0.0454790 seconds
237.283: [GC237.283: [ParNew: 109824K->13696K(123520K), 0.0189280 secs] 257334K->174342K(397848K), 0.0189730 secs] [Times: user=0.14 sys=0.00, real=0.02 secs] 
237.302: Total time for which application threads were stopped: 0.0191420 seconds, Stopping threads took: 0.0000860 seconds
237.353: Application time: 0.0507310 seconds
237.353: [GC237.353: [ParNew: 123520K->13694K(123520K), 0.0230850 secs] 284166K->192615K(397848K), 0.0231310 secs] [Times: user=0.18 sys=0.00, real=0.02 secs] 
237.376: Total time for which application threads were stopped: 0.0233130 seconds, Stopping threads took: 0.0001150 seconds
237.427: Application time: 0.0511620 seconds
237.427: [GC237.427: [ParNew: 123518K->13696K(123520K), 0.0219030 secs] 302439K->210840K(397848K), 0.0219520 secs] [Times: user=0.17 sys=0.00, real=0.02 secs] 
237.449: Total time for which application threads were stopped: 0.0220840 seconds, Stopping threads took: 0.0000660 seconds
237.502: Application time: 0.0523690 seconds
237.502: [GC237.502: [ParNew: 123520K->13696K(123520K), 0.0213450 secs] 320664K->226694K(397848K), 0.0213900 secs] [Times: user=0.16 sys=0.00, real=0.02 secs] 
237.523: Total time for which application threads were stopped: 0.0215310 seconds, Stopping threads took: 0.0000750 seconds
237.575: Application time: 0.0512550 seconds
237.575: [GC237.575: [ParNew: 123520K->13696K(123520K), 0.0212850 secs] 336518K->242841K(397848K), 0.0213310 secs] [Times: user=0.17 sys=0.00, real=0.02 secs] 
237.596: Total time for which application threads were stopped: 0.0215190 seconds, Stopping threads took: 0.0001190 seconds
237.652: Application time: 0.0561730 seconds
237.652: [GC237.652: [ParNew: 123520K->13696K(123520K), 0.0215020 secs] 352665K->257143K(397848K), 0.0215460 secs] [Times: user=0.17 sys=0.00, real=0.02 secs] 
237.674: Total time for which application threads were stopped: 0.0217170 seconds, Stopping threads took: 0.0000950 seconds
237.714: Application time: 0.0398090 seconds
237.714: [GC237.714: [ParNew: 123520K->13696K(123520K), 0.0231700 secs] 366967K->281381K(397848K), 0.0232160 secs] [Times: user=0.18 sys=0.00, real=0.02 secs] 
237.737: Total time for which application threads were stopped: 0.0233450 seconds, Stopping threads took: 0.0000610 seconds
237.775: Application time: 0.0382700 seconds
237.776: [GC237.776: [ParNew: 123478K->13696K(123520K), 0.0269740 secs]237.803: [Tenured: 300399K->146075K(300440K), 0.2180050 secs] 391163K->146075K(423960K), [Perm : 9152K->9152K(21248K)], 0.2459870 secs] [Times: user=0.42 sys=0.02, real=0.25 secs] 
238.022: Total time for which application threads were stopped: 0.2461780 seconds, Stopping threads took: 0.0001110 seconds
238.065: Application time: 0.0436950 seconds
238.065: [GC238.065: [ParNew: 109824K->13696K(123520K), 0.0190490 secs] 255899K->173961K(397848K), 0.0190940 secs] [Times: user=0.15 sys=0.00, real=0.02 secs] 
238.085: Total time for which application threads were stopped: 0.0192470 seconds, Stopping threads took: 0.0000700 seconds
238.133: Application time: 0.0489100 seconds
238.134: [GC238.134: [ParNew: 123520K->13696K(123520K), 0.0253220 secs] 283785K->196644K(397848K), 0.0253670 secs] [Times: user=0.20 sys=0.00, real=0.02 secs] 
238.159: Total time for which application threads were stopped: 0.0255410 seconds, Stopping threads took: 0.0001040 seconds
238.213: Application time: 0.0541900 seconds
238.213: [GC238.213: [ParNew: 123520K->13696K(123520K), 0.0214250 secs] 306468K->211862K(397848K), 0.0214680 secs] [Times: user=0.16 sys=0.00, real=0.02 secs] 
238.235: Total time for which application threads were stopped: 0.0216320 seconds, Stopping threads took: 0.0000970 seconds
238.287: Application time: 0.0517030 seconds
238.287: [GC238.287: [ParNew: 123520K->13696K(123520K), 0.0208370 secs] 321686K->227843K(397848K), 0.0208790 secs] [Times: user=0.17 sys=0.00, real=0.02 secs] 
238.308: Total time for which application threads were stopped: 0.0210370 seconds, Stopping threads took: 0.0000900 seconds
238.357: Application time: 0.0493790 seconds
238.357: [GC238.357: [ParNew: 123520K->13696K(123520K), 0.0222740 secs] 337667K->247109K(397848K), 0.0223190 secs] [Times: user=0.17 sys=0.00, real=0.02 secs] 
238.379: Total time for which application threads were stopped: 0.0224550 seconds, Stopping threads took: 0.0000670 seconds
238.436: Application time: 0.0564250 seconds
238.437: [GC238.437: [ParNew: 123520K->13696K(123520K), 0.0207130 secs] 356933K->260627K(397848K), 0.0207560 secs] [Times: user=0.16 sys=0.00, real=0.02 secs] 
238.457: Total time for which application threads were stopped: 0.0214420 seconds, Stopping threads took: 0.0006210 seconds
238.501: Application time: 0.0441000 seconds
238.502: [GC238.502: [ParNew: 123520K->13696K(123520K), 0.0235580 secs] 370451K->282413K(397848K), 0.0236020 secs] [Times: user=0.18 sys=0.00, real=0.02 secs] 
238.525: Total time for which application threads were stopped: 0.0237410 seconds, Stopping threads took: 0.0000710 seconds
238.566: Application time: 0.0408250 seconds
238.566: [GC238.566: [ParNew: 123520K->13696K(123520K), 0.0243380 secs]238.591: [Tenured: 294816K->128875K(294872K), 0.2204260 secs] 392237K->128875K(418392K), [Perm : 9152K->9152K(21248K)], 0.2455850 secs] [Times: user=0.41 sys=0.00, real=0.24 secs] 
238.812: Total time for which application threads were stopped: 0.2458000 seconds, Stopping threads took: 0.0001310 seconds
238.855: Application time: 0.0428030 seconds
238.855: [GC238.855: [ParNew: 109707K->13696K(123520K), 0.0204440 secs] 238582K->160954K(397848K), 0.0204910 secs] [Times: user=0.16 sys=0.00, real=0.02 secs] 
238.875: Total time for which application threads were stopped: 0.0206610 seconds, Stopping threads took: 0.0001000 seconds
238.920: Application time: 0.0445560 seconds
238.920: [GC238.920: [ParNew: 123520K->13696K(123520K), 0.0263760 secs] 270778K->185410K(397848K), 0.0264180 secs] [Times: user=0.21 sys=0.00, real=0.03 secs] 
238.946: Total time for which application threads were stopped: 0.0265360 seconds, Stopping threads took: 0.0000480 seconds
239.000: Application time: 0.0540030 seconds
239.001: [GC239.001: [ParNew: 123520K->13696K(123520K), 0.0235730 secs] 295234K->203318K(397848K), 0.0236180 secs] [Times: user=0.19 sys=0.00, real=0.02 secs] 
239.024: Total time for which application threads were stopped: 0.0238460 seconds, Stopping threads took: 0.0001590 seconds
239.078: Application time: 0.0541490 seconds
239.079: [GC239.079: [ParNew: 123520K->13696K(123520K), 0.0206470 secs] 313142K->218008K(397848K), 0.0206930 secs] [Times: user=0.16 sys=0.00, real=0.02 secs] 
239.099: Total time for which application threads were stopped: 0.0208900 seconds, Stopping threads took: 0.0001160 seconds
239.148: Application time: 0.0484610 seconds
239.148: [GC239.148: [ParNew: 123520K->13696K(123520K), 0.0232040 secs] 327832K->238567K(397848K), 0.0232580 secs] [Times: user=0.18 sys=0.00, real=0.02 secs] 
239.171: Total time for which application threads were stopped: 0.0234960 seconds, Stopping threads took: 0.0001690 seconds
239.225: Application time: 0.0540070 seconds
239.225: [GC239.225: [ParNew: 123520K->13696K(123520K), 0.0233560 secs] 348391K->256659K(397848K), 0.0234000 secs] [Times: user=0.19 sys=0.00, real=0.02 secs] 
239.249: Total time for which application threads were stopped: 0.0235460 seconds, Stopping threads took: 0.0000790 seconds
239.299: Application time: 0.0502900 seconds
239.299: [GC239.299: [ParNew: 123260K->13696K(123520K), 0.0203510 secs] 366223K->271867K(397848K), 0.0203950 secs] [Times: user=0.15 sys=0.00, real=0.02 secs] 
239.320: Total time for which application threads were stopped: 0.0205800 seconds, Stopping threads took: 0.0001160 seconds
239.358: Application time: 0.0382560 seconds
239.358: [GC239.358: [ParNew: 123520K->13696K(123520K), 0.0234790 secs]239.382: [Tenured: 284604K->137607K(285080K), 0.2086830 secs] 381691K->137607K(408600K), [Perm : 9152K->9152K(21248K)], 0.2326350 secs] [Times: user=0.39 sys=0.01, real=0.23 secs] 
239.591: Total time for which application threads were stopped: 0.2328610 seconds, Stopping threads took: 0.0001350 seconds
239.635: Application time: 0.0442390 seconds
239.635: [GC239.635: [ParNew: 109824K->13696K(123520K), 0.0224790 secs] 247431K->169483K(397848K), 0.0225250 secs] [Times: user=0.18 sys=0.00, real=0.02 secs] 
239.658: Total time for which application threads were stopped: 0.0227070 seconds, Stopping threads took: 0.0001010 seconds
239.702: Application time: 0.0441620 seconds
239.702: [GC239.702: [ParNew: 123520K->13696K(123520K), 0.0249620 secs] 279307K->191907K(397848K), 0.0250080 secs] [Times: user=0.20 sys=0.00, real=0.02 secs] 
239.727: Total time for which application threads were stopped: 0.0252290 seconds, Stopping threads took: 0.0001540 seconds
239.777: Application time: 0.0496470 seconds
239.777: [GC239.777: [ParNew: 123520K->13696K(123520K), 0.0244910 secs] 301731K->214244K(397848K), 0.0245360 secs] [Times: user=0.19 sys=0.00, real=0.03 secs] 
239.801: Total time for which application threads were stopped: 0.0247220 seconds, Stopping threads took: 0.0001190 seconds
239.853: Application time: 0.0517220 seconds
239.853: [GC239.853: [ParNew: 123520K->13696K(123520K), 0.0225830 secs] 324068K->231515K(397848K), 0.0226280 secs] [Times: user=0.17 sys=0.00, real=0.02 secs] 
239.876: Total time for which application threads were stopped: 0.0228010 seconds, Stopping threads took: 0.0001070 seconds
239.925: Application time: 0.0494740 seconds
239.926: [GC239.926: [ParNew: 123520K->13696K(123520K), 0.0205680 secs] 341339K->247425K(397848K), 0.0206130 secs] [Times: user=0.16 sys=0.00, real=0.02 secs] 
239.946: Total time for which application threads were stopped: 0.0207640 seconds, Stopping threads took: 0.0000830 seconds
239.993: Application time: 0.0471380 seconds
239.997: [GC239.997: [ParNew: 123520K->13696K(123520K), 0.0219990 secs] 357249K->267759K(397848K), 0.0220450 secs] [Times: user=0.18 sys=0.00, real=0.02 secs] 
240.019: Total time for which application threads were stopped: 0.0252620 seconds, Stopping threads took: 0.0031500 seconds
240.076: Application time: 0.0569350 seconds
240.076: [GC240.076: [ParNew: 123520K->13696K(123520K), 0.0213130 secs] 377583K->281805K(397848K), 0.0213530 secs] [Times: user=0.17 sys=0.00, real=0.02 secs] 
240.097: Total time for which application threads were stopped: 0.0216150 seconds, Stopping threads took: 0.0001740 seconds
240.139: Application time: 0.0420790 seconds
240.139: [GC240.139: [ParNew: 123520K->13696K(123520K), 0.0254960 secs]240.165: [Tenured: 294030K->134720K(294104K), 0.2072700 secs] 391629K->134720K(417624K), [Perm : 9152K->9152K(21248K)], 0.2335010 secs] [Times: user=0.40 sys=0.00, real=0.24 secs] 
240.373: Total time for which application threads were stopped: 0.2337120 seconds, Stopping threads took: 0.0001220 seconds
240.418: Application time: 0.0454570 seconds
240.419: [GC240.419: [ParNew: 109824K->13696K(123520K), 0.0187260 secs] 244544K->161812K(397848K), 0.0187690 secs] [Times: user=0.15 sys=0.00, real=0.02 secs] 
240.437: Total time for which application threads were stopped: 0.0189290 seconds, Stopping threads took: 0.0000900 seconds
240.480: Application time: 0.0425100 seconds
240.480: [GC240.480: [ParNew: 123520K->13696K(123520K), 0.0265840 secs] 271636K->189509K(397848K), 0.0266300 secs] [Times: user=0.21 sys=0.00, real=0.03 secs] 
240.507: Total time for which application threads were stopped: 0.0268790 seconds, Stopping threads took: 0.0001590 seconds
240.557: Application time: 0.0505460 seconds
240.558: [GC240.558: [ParNew: 123520K->13696K(123520K), 0.0245670 secs] 299333K->211174K(397848K), 0.0246120 secs] [Times: user=0.19 sys=0.00, real=0.03 secs] 
240.582: Total time for which application threads were stopped: 0.0248200 seconds, Stopping threads took: 0.0001390 seconds
240.633: Application time: 0.0506220 seconds
240.633: [GC240.633: [ParNew: 123520K->13696K(123520K), 0.0219980 secs] 320998K->227392K(397848K), 0.0220440 secs] [Times: user=0.17 sys=0.00, real=0.02 secs] 
240.655: Total time for which application threads were stopped: 0.0223210 seconds, Stopping threads took: 0.0002090 seconds
240.707: Application time: 0.0523790 seconds
240.708: [GC240.708: [ParNew: 123520K->13696K(123520K), 0.0210600 secs] 337216K->245057K(397848K), 0.0211050 secs] [Times: user=0.16 sys=0.00, real=0.02 secs] 
240.729: Total time for which application threads were stopped: 0.0213120 seconds, Stopping threads took: 0.0001290 seconds
240.778: Application time: 0.0493860 seconds
240.778: [GC240.778: [ParNew: 123520K->13696K(123520K), 0.0225290 secs] 354881K->264809K(397848K), 0.0225740 secs] [Times: user=0.18 sys=0.00, real=0.03 secs] 
240.801: Total time for which application threads were stopped: 0.0227390 seconds, Stopping threads took: 0.0000970 seconds
240.854: Application time: 0.0533810 seconds
240.854: [GC240.854: [ParNew: 123520K->13696K(123520K), 0.0231430 secs] 374633K->282308K(397848K), 0.0231880 secs] [Times: user=0.19 sys=0.00, real=0.02 secs] 
240.878: Total time for which application threads were stopped: 0.0233270 seconds, Stopping threads took: 0.0000700 seconds
240.923: Application time: 0.0453530 seconds
240.923: [GC240.923: [ParNew: 123520K->13696K(123520K), 0.0231590 secs]240.946: [Tenured: 290741K->133309K(290840K), 0.2014960 secs] 392132K->133309K(414360K), [Perm : 9152K->9152K(21248K)], 0.2253470 secs] [Times: user=0.38 sys=0.00, real=0.22 secs] 
241.148: Total time for which application threads were stopped: 0.2254960 seconds, Stopping threads took: 0.0000770 seconds
241.190: Application time: 0.0415910 seconds
241.190: [GC241.190: [ParNew: 109824K->13696K(123520K), 0.0167460 secs] 243133K->159814K(397848K), 0.0167900 secs] [Times: user=0.13 sys=0.01, real=0.02 secs] 
241.207: Total time for which application threads were stopped: 0.0169830 seconds, Stopping threads took: 0.0001230 seconds
241.255: Application time: 0.0475350 seconds
241.255: [GC241.255: [ParNew: 123520K->13696K(123520K), 0.0267950 secs] 269638K->187531K(397848K), 0.0268400 secs] [Times: user=0.21 sys=0.00, real=0.03 secs] 
241.282: Total time for which application threads were stopped: 0.0270250 seconds, Stopping threads took: 0.0001020 seconds
241.326: Application time: 0.0447340 seconds
241.327: [GC241.327: [ParNew: 123520K->13696K(123520K), 0.0246050 secs] 297355K->209912K(397848K), 0.0246500 secs] [Times: user=0.19 sys=0.00, real=0.02 secs] 
241.351: Total time for which application threads were stopped: 0.0248690 seconds, Stopping threads took: 0.0001510 seconds
241.409: Application time: 0.0574910 seconds
241.413: [GC241.413: [ParNew: 123520K->13696K(123520K), 0.0223560 secs] 319736K->225845K(397848K), 0.0224000 secs] [Times: user=0.17 sys=0.00, real=0.02 secs] 
241.435: Total time for which application threads were stopped: 0.0263820 seconds, Stopping threads took: 0.0039070 seconds
241.486: Application time: 0.0505720 seconds
241.486: [GC241.486: [ParNew: 123520K->13696K(123520K), 0.0219950 secs] 335669K->242178K(397848K), 0.0220480 secs] [Times: user=0.17 sys=0.00, real=0.02 secs] 
241.508: Total time for which application threads were stopped: 0.0222320 seconds, Stopping threads took: 0.0001150 seconds
241.559: Application time: 0.0512060 seconds
241.559: [GC241.559: [ParNew: 123520K->13696K(123520K), 0.0220370 secs] 352002K->261615K(397848K), 0.0220830 secs] [Times: user=0.17 sys=0.00, real=0.03 secs] 
241.581: Total time for which application threads were stopped: 0.0222630 seconds, Stopping threads took: 0.0000910 seconds
241.630: Application time: 0.0482350 seconds
241.630: [GC241.630: [ParNew: 123520K->13696K(123520K), 0.0236260 secs] 371439K->283741K(397848K), 0.0236700 secs] [Times: user=0.18 sys=0.00, real=0.03 secs] 
241.653: Total time for which application threads were stopped: 0.0238280 seconds, Stopping threads took: 0.0000890 seconds
241.704: Application time: 0.0507590 seconds
241.704: [GC241.704: [ParNew: 123520K->13696K(123520K), 0.0226100 secs]241.727: [Tenured: 288088K->124359K(288152K), 0.2151830 secs] 393565K->124359K(411672K), [Perm : 9152K->9152K(21248K)], 0.2383300 secs] [Times: user=0.39 sys=0.01, real=0.24 secs] 
241.943: Total time for which application threads were stopped: 0.2384790 seconds, Stopping threads took: 0.0000790 seconds
241.983: Application time: 0.0407310 seconds
241.984: [GC241.984: [ParNew: 109824K->13695K(123520K), 0.0153040 secs] 234183K->150141K(397848K), 0.0153480 secs] [Times: user=0.12 sys=0.00, real=0.01 secs] 
241.999: Total time for which application threads were stopped: 0.0155020 seconds, Stopping threads took: 0.0000730 seconds
242.043: Application time: 0.0444560 seconds
242.044: [GC242.044: [ParNew: 123519K->13695K(123520K), 0.0248070 secs] 259965K->176481K(397848K), 0.0248500 secs] [Times: user=0.19 sys=0.00, real=0.02 secs] 
242.068: Total time for which application threads were stopped: 0.0250400 seconds, Stopping threads took: 0.0001140 seconds
242.110: Application time: 0.0418660 seconds
242.110: [GC242.110: [ParNew: 123519K->13696K(123520K), 0.0256270 secs] 286305K->202827K(397848K), 0.0256750 secs] [Times: user=0.21 sys=0.00, real=0.03 secs] 
242.136: Total time for which application threads were stopped: 0.0258510 seconds, Stopping threads took: 0.0001080 seconds
242.189: Application time: 0.0524840 seconds
242.189: [GC242.189: [ParNew: 123520K->13696K(123520K), 0.0251800 secs] 312651K->222609K(397848K), 0.0252240 secs] [Times: user=0.19 sys=0.00, real=0.03 secs] 
242.214: Total time for which application threads were stopped: 0.0253570 seconds, Stopping threads took: 0.0000670 seconds
242.268: Application time: 0.0541190 seconds
242.268: [GC242.268: [ParNew: 123520K->13696K(123520K), 0.0195810 secs] 332433K->236353K(397848K), 0.0196260 secs] [Times: user=0.16 sys=0.00, real=0.02 secs] 
242.288: Total time for which application threads were stopped: 0.0197790 seconds, Stopping threads took: 0.0000870 seconds
242.332: Application time: 0.0436180 seconds
242.332: [GC242.332: [ParNew: 123520K->13696K(123520K), 0.0218500 secs] 346177K->257168K(397848K), 0.0218950 secs] [Times: user=0.17 sys=0.00, real=0.03 secs] 
242.354: Total time for which application threads were stopped: 0.0220590 seconds, Stopping threads took: 0.0000960 seconds
242.403: Application time: 0.0496960 seconds
242.403: [GC242.403: [ParNew: 123520K->13696K(123520K), 0.0231710 secs] 366992K->278447K(397848K), 0.0232220 secs] [Times: user=0.19 sys=0.00, real=0.02 secs] 
242.428: Total time for which application threads were stopped: 0.0249120 seconds, Stopping threads took: 0.0000850 seconds
242.479: Application time: 0.0510350 seconds
242.479: [GC242.479: [ParNew: 123520K->13696K(123520K), 0.0235070 secs]242.503: [Tenured: 283318K->137691K(283588K), 0.2244010 secs] 388271K->137691K(407108K), [Perm : 9152K->9152K(21248K)], 0.2483280 secs] [Times: user=0.41 sys=0.00, real=0.25 secs] 
242.728: Total time for which application threads were stopped: 0.2485290 seconds, Stopping threads took: 0.0001000 seconds
242.778: Application time: 0.0500630 seconds
242.778: [GC242.778: [ParNew: 109824K->13696K(123520K), 0.0128420 secs] 247515K->155643K(397848K), 0.0128870 secs] [Times: user=0.10 sys=0.00, real=0.01 secs] 
242.791: Total time for which application threads were stopped: 0.0130810 seconds, Stopping threads took: 0.0001120 seconds
242.832: Application time: 0.0412360 seconds
242.832: [GC242.832: [ParNew: 123520K->13696K(123520K), 0.0254410 secs] 265467K->184169K(397848K), 0.0254870 secs] [Times: user=0.21 sys=0.00, real=0.03 secs] 
242.858: Total time for which application threads were stopped: 0.0256910 seconds, Stopping threads took: 0.0001330 seconds
242.897: Application time: 0.0392870 seconds
242.897: [GC242.897: [ParNew: 123388K->13696K(123520K), 0.0245750 secs] 293862K->211973K(397848K), 0.0246210 secs] [Times: user=0.20 sys=0.00, real=0.03 secs] 
242.922: Total time for which application threads were stopped: 0.0247730 seconds, Stopping threads took: 0.0000830 seconds
242.971: Application time: 0.0487020 seconds
242.971: [GC242.971: [ParNew: 123520K->13696K(123520K), 0.0270190 secs] 321797K->237170K(397848K), 0.0270650 secs] [Times: user=0.22 sys=0.00, real=0.03 secs] 
242.998: Total time for which application threads were stopped: 0.0272470 seconds, Stopping threads took: 0.0001130 seconds
243.058: Application time: 0.0605090 seconds
243.059: [GC243.059: [ParNew: 123520K->13694K(123520K), 0.0216000 secs] 346994K->250495K(397848K), 0.0216450 secs] [Times: user=0.17 sys=0.00, real=0.02 secs] 
243.080: Total time for which application threads were stopped: 0.0218240 seconds, Stopping threads took: 0.0001130 seconds
243.125: Application time: 0.0452600 seconds
243.129: [GC243.129: [ParNew: 123518K->13696K(123520K), 0.0216250 secs] 360319K->269149K(397848K), 0.0216720 secs] [Times: user=0.17 sys=0.00, real=0.02 secs] 
243.150: Total time for which application threads were stopped: 0.0248390 seconds, Stopping threads took: 0.0030790 seconds
243.197: Application time: 0.0466230 seconds
243.197: [GC243.197: [ParNew: 123520K->13696K(123520K), 0.0237300 secs]243.221: [Tenured: 278719K->144846K(278744K), 0.2288410 secs] 378973K->144846K(402264K), [Perm : 9152K->9152K(21248K)], 0.2528160 secs] [Times: user=0.42 sys=0.00, real=0.25 secs] 
243.450: Total time for which application threads were stopped: 0.2530300 seconds, Stopping threads took: 0.0001260 seconds
243.499: Application time: 0.0491050 seconds
243.499: [GC243.499: [ParNew: 109824K->13696K(123520K), 0.0139570 secs] 254670K->163415K(397848K), 0.0139990 secs] [Times: user=0.11 sys=0.00, real=0.02 secs] 
243.513: Total time for which application threads were stopped: 0.0141670 seconds, Stopping threads took: 0.0000890 seconds
243.564: Application time: 0.0510910 seconds
243.565: [GC243.565: [ParNew: 123520K->13696K(123520K), 0.0225710 secs] 273239K->182712K(397848K), 0.0226170 secs] [Times: user=0.17 sys=0.00, real=0.02 secs] 
243.587: Total time for which application threads were stopped: 0.0227900 seconds, Stopping threads took: 0.0001050 seconds
243.635: Application time: 0.0480830 seconds
243.635: [GC243.635: [ParNew: 123520K->13696K(123520K), 0.0228070 secs] 292536K->203447K(397848K), 0.0228500 secs] [Times: user=0.18 sys=0.00, real=0.02 secs] 
243.658: Total time for which application threads were stopped: 0.0229980 seconds, Stopping threads took: 0.0000790 seconds
243.697: Application time: 0.0387740 seconds
243.701: [GC243.701: [ParNew: 123520K->13696K(123520K), 0.0244390 secs] 313271K->230872K(397848K), 0.0244840 secs] [Times: user=0.19 sys=0.00, real=0.02 secs] 
243.725: Total time for which application threads were stopped: 0.0281100 seconds, Stopping threads took: 0.0035560 seconds
243.770: Application time: 0.0451480 seconds
243.770: [GC243.770: [ParNew: 123520K->13696K(123520K), 0.0273490 secs] 340696K->259736K(397848K), 0.0273910 secs] [Times: user=0.22 sys=0.00, real=0.03 secs] 
243.798: Total time for which application threads were stopped: 0.0275310 seconds, Stopping threads took: 0.0000730 seconds
243.850: Application time: 0.0522660 seconds
243.853: [GC243.853: [ParNew: 123520K->13696K(123520K), 0.0244190 secs] 369560K->277645K(397848K), 0.0244730 secs] [Times: user=0.20 sys=0.00, real=0.02 secs] 
243.877: Total time for which application threads were stopped: 0.0271810 seconds, Stopping threads took: 0.0026420 seconds
243.931: Application time: 0.0536710 seconds
243.931: [GC243.931: [ParNew: 123520K->13696K(123520K), 0.0204280 secs]243.952: [Tenured: 278484K->141880K(278936K), 0.2217670 secs] 387469K->141880K(402456K), [Perm : 9152K->9152K(21248K)], 0.2424490 secs] [Times: user=0.38 sys=0.00, real=0.25 secs] 
244.174: Total time for which application threads were stopped: 0.2426490 seconds, Stopping threads took: 0.0001280 seconds
244.219: Application time: 0.0452850 seconds
244.219: [GC244.219: [ParNew: 109824K->13696K(123520K), 0.0146740 secs] 251704K->164738K(397848K), 0.0147190 secs] [Times: user=0.12 sys=0.00, real=0.02 secs] 
244.234: Total time for which application threads were stopped: 0.0149680 seconds, Stopping threads took: 0.0001670 seconds
244.280: Application time: 0.0459660 seconds
244.280: [GC244.280: [ParNew: 123520K->13696K(123520K), 0.0244250 secs] 274562K->188617K(397848K), 0.0244790 secs] [Times: user=0.18 sys=0.00, real=0.03 secs] 
244.304: Total time for which application threads were stopped: 0.0246510 seconds, Stopping threads took: 0.0001040 seconds
244.357: Application time: 0.0522030 seconds
244.357: [GC244.357: [ParNew: 123520K->13696K(123520K), 0.0233420 secs] 298441K->207166K(397848K), 0.0233870 secs] [Times: user=0.19 sys=0.00, real=0.02 secs] 
244.380: Total time for which application threads were stopped: 0.0235190 seconds, Stopping threads took: 0.0000630 seconds
244.433: Application time: 0.0528770 seconds
244.433: [GC244.433: [ParNew: 123520K->13696K(123520K), 0.0223320 secs] 316990K->224549K(397848K), 0.0223760 secs] [Times: user=0.18 sys=0.00, real=0.02 secs] 
244.456: Total time for which application threads were stopped: 0.0225120 seconds, Stopping threads took: 0.0000700 seconds
244.498: Application time: 0.0423140 seconds
244.498: [GC244.498: [ParNew: 123520K->13696K(123520K), 0.0250410 secs] 334373K->250219K(397848K), 0.0250850 secs] [Times: user=0.19 sys=0.00, real=0.03 secs] 
244.523: Total time for which application threads were stopped: 0.0252710 seconds, Stopping threads took: 0.0001170 seconds
244.566: Application time: 0.0424390 seconds
244.566: [GC244.566: [ParNew: 123520K->13696K(123520K), 0.0246830 secs] 360043K->276044K(397848K), 0.0247250 secs] [Times: user=0.20 sys=0.00, real=0.02 secs] 
244.590: Total time for which application threads were stopped: 0.0248580 seconds, Stopping threads took: 0.0000650 seconds
244.640: Application time: 0.0494390 seconds
244.640: [GC244.640: [ParNew: 123520K->13696K(123520K), 0.0267500 secs]244.667: [Tenured: 286355K->143962K(286616K), 0.2439190 secs] 385868K->143962K(410136K), [Perm : 9152K->9152K(21248K)], 0.2711530 secs] [Times: user=0.45 sys=0.01, real=0.27 secs] 
244.911: Total time for which application threads were stopped: 0.2713420 seconds, Stopping threads took: 0.0001180 seconds
244.963: Application time: 0.0516990 seconds
244.963: [GC244.963: [ParNew: 109824K->13695K(123520K), 0.0135280 secs] 253786K->160784K(397848K), 0.0135710 secs] [Times: user=0.10 sys=0.00, real=0.01 secs] 
244.977: Total time for which application threads were stopped: 0.0137300 seconds, Stopping threads took: 0.0000810 seconds
245.027: Application time: 0.0499670 seconds
245.027: [GC245.027: [ParNew: 123519K->13696K(123520K), 0.0211280 secs] 270608K->178020K(397848K), 0.0211730 secs] [Times: user=0.17 sys=0.00, real=0.02 secs] 
245.048: Total time for which application threads were stopped: 0.0213380 seconds, Stopping threads took: 0.0000970 seconds
245.091: Application time: 0.0428360 seconds
245.091: [GC245.091: [ParNew: 123520K->13696K(123520K), 0.0236030 secs] 287844K->203153K(397848K), 0.0236460 secs] [Times: user=0.18 sys=0.00, real=0.03 secs] 
245.115: Total time for which application threads were stopped: 0.0238230 seconds, Stopping threads took: 0.0001090 seconds
245.165: Application time: 0.0501140 seconds
245.165: [GC245.165: [ParNew: 123520K->13696K(123520K), 0.0251670 secs] 312977K->224912K(397848K), 0.0252200 secs] [Times: user=0.19 sys=0.00, real=0.02 secs] 
245.190: Total time for which application threads were stopped: 0.0254320 seconds, Stopping threads took: 0.0001240 seconds
245.241: Application time: 0.0507540 seconds
245.241: [GC245.241: [ParNew: 123520K->13696K(123520K), 0.0231270 secs] 334736K->242655K(397848K), 0.0231730 secs] [Times: user=0.18 sys=0.00, real=0.02 secs] 
245.264: Total time for which application threads were stopped: 0.0233950 seconds, Stopping threads took: 0.0001330 seconds
245.316: Application time: 0.0514170 seconds
245.316: [GC245.316: [ParNew: 123520K->13696K(123520K), 0.0223940 secs] 352479K->262393K(397848K), 0.0224360 secs] [Times: user=0.17 sys=0.00, real=0.02 secs] 
245.338: Total time for which application threads were stopped: 0.0225900 seconds, Stopping threads took: 0.0000860 seconds
245.377: Application time: 0.0388550 seconds
245.377: [GC245.377: [ParNew: 123520K->13696K(123520K), 0.0242010 secs]245.402: [Tenured: 274926K->142359K(275864K), 0.2227690 secs] 372217K->142359K(399384K), [Perm : 9152K->9152K(21248K)], 0.2470980 secs] [Times: user=0.42 sys=0.00, real=0.25 secs] 
245.625: Total time for which application threads were stopped: 0.2472720 seconds, Stopping threads took: 0.0001060 seconds
245.674: Application time: 0.0493300 seconds
245.674: [GC245.674: [ParNew: 109824K->13696K(123520K), 0.0213840 secs] 252183K->169558K(397848K), 0.0214270 secs] [Times: user=0.17 sys=0.00, real=0.02 secs] 
245.695: Total time for which application threads were stopped: 0.0215700 seconds, Stopping threads took: 0.0000640 seconds
245.746: Application time: 0.0503460 seconds
245.746: [GC245.746: [ParNew: 123520K->13696K(123520K), 0.0226850 secs] 279382K->185800K(397848K), 0.0227310 secs] [Times: user=0.18 sys=0.00, real=0.02 secs] 
245.769: Total time for which application threads were stopped: 0.0228570 seconds, Stopping threads took: 0.0000570 seconds
245.822: Application time: 0.0533120 seconds
245.822: [GC245.822: [ParNew: 123520K->13696K(123520K), 0.0215390 secs] 295624K->202906K(397848K), 0.0215850 secs] [Times: user=0.17 sys=0.00, real=0.02 secs] 
245.844: Total time for which application threads were stopped: 0.0218070 seconds, Stopping threads took: 0.0001450 seconds
245.887: Application time: 0.0434860 seconds
245.887: [GC245.887: [ParNew: 123520K->13696K(123520K), 0.0226140 secs] 312730K->224919K(397848K), 0.0226590 secs] [Times: user=0.18 sys=0.00, real=0.02 secs] 
245.910: Total time for which application threads were stopped: 0.0228320 seconds, Stopping threads took: 0.0001050 seconds
245.955: Application time: 0.0451810 seconds
245.955: [GC245.955: [ParNew: 123520K->13696K(123520K), 0.0243690 secs] 334743K->249414K(397848K), 0.0244160 secs] [Times: user=0.20 sys=0.00, real=0.02 secs] 
245.980: Total time for which application threads were stopped: 0.0245890 seconds, Stopping threads took: 0.0001060 seconds
246.028: Application time: 0.0484420 seconds
246.028: [GC246.028: [ParNew: 123520K->13696K(123520K), 0.0241720 secs] 359238K->271143K(397848K), 0.0242180 secs] [Times: user=0.19 sys=0.00, real=0.03 secs] 
246.053: Total time for which application threads were stopped: 0.0243950 seconds, Stopping threads took: 0.0001000 seconds
246.105: Application time: 0.0526920 seconds
246.105: [GC246.106: [ParNew: 123520K->13696K(123520K), 0.0229630 secs] 380967K->287745K(397848K), 0.0230060 secs] [Times: user=0.18 sys=0.00, real=0.02 secs] 
246.129: Total time for which application threads were stopped: 0.0231470 seconds, Stopping threads took: 0.0000750 seconds
246.171: Application time: 0.0423060 seconds
246.171: [GC246.171: [ParNew: 123520K->13696K(123520K), 0.0231070 secs]246.194: [Tenured: 296643K->137818K(296792K), 0.2156320 secs] 397569K->137818K(420312K), [Perm : 9152K->9152K(21248K)], 0.2395280 secs] [Times: user=0.40 sys=0.00, real=0.24 secs] 
246.411: Total time for which application threads were stopped: 0.2396880 seconds, Stopping threads took: 0.0000830 seconds
246.454: Application time: 0.0438920 seconds
246.455: [GC246.455: [ParNew: 109824K->13696K(123520K), 0.0175230 secs] 247642K->163957K(397848K), 0.0175670 secs] [Times: user=0.14 sys=0.00, real=0.01 secs] 
246.472: Total time for which application threads were stopped: 0.0177800 seconds, Stopping threads took: 0.0001300 seconds
246.522: Application time: 0.0493860 seconds
246.522: [GC246.522: [ParNew: 123520K->13696K(123520K), 0.0244220 secs] 273781K->185935K(397848K), 0.0244680 secs] [Times: user=0.20 sys=0.00, real=0.02 secs] 
246.546: Total time for which application threads were stopped: 0.0246320 seconds, Stopping threads took: 0.0000950 seconds
246.600: Application time: 0.0539360 seconds
246.600: [GC246.600: [ParNew: 123520K->13696K(123520K), 0.0230390 secs] 295759K->201371K(397848K), 0.0230820 secs] [Times: user=0.18 sys=0.01, real=0.03 secs] 
246.623: Total time for which application threads were stopped: 0.0232610 seconds, Stopping threads took: 0.0001100 seconds
246.673: Application time: 0.0492070 seconds
246.673: [GC246.673: [ParNew: 123520K->13696K(123520K), 0.0209570 secs] 311195K->218875K(397848K), 0.0210020 secs] [Times: user=0.16 sys=0.00, real=0.02 secs] 
246.694: Total time for which application threads were stopped: 0.0211580 seconds, Stopping threads took: 0.0000900 seconds
246.736: Application time: 0.0426310 seconds
246.741: [GC246.741: [ParNew: 123520K->13696K(123520K), 0.0239730 secs] 328699K->243915K(397848K), 0.0240160 secs] [Times: user=0.19 sys=0.00, real=0.02 secs] 
246.765: Total time for which application threads were stopped: 0.0281230 seconds, Stopping threads took: 0.0040380 seconds
246.811: Application time: 0.0465820 seconds
246.811: [GC246.811: [ParNew: 123520K->13696K(123520K), 0.0259740 secs] 353739K->268745K(397848K), 0.0260210 secs] [Times: user=0.20 sys=0.00, real=0.03 secs] 
246.837: Total time for which application threads were stopped: 0.0262070 seconds, Stopping threads took: 0.0001180 seconds
246.889: Application time: 0.0519780 seconds
246.890: [GC246.890: [ParNew: 123520K->13696K(123520K), 0.0245900 secs] 378569K->287992K(397848K), 0.0246320 secs] [Times: user=0.20 sys=0.00, real=0.03 secs] 
246.914: Total time for which application threads were stopped: 0.0248410 seconds, Stopping threads took: 0.0001440 seconds
246.963: Application time: 0.0488340 seconds
246.963: [GC246.963: [ParNew: 123520K->13696K(123520K), 0.0231430 secs]246.986: [Tenured: 294014K->137762K(294296K), 0.2116140 secs] 397816K->137762K(417816K), [Perm : 9152K->9152K(21248K)], 0.2355450 secs] [Times: user=0.39 sys=0.00, real=0.23 secs] 
247.199: Total time for which application threads were stopped: 0.2357410 seconds, Stopping threads took: 0.0001130 seconds
247.240: Application time: 0.0409310 seconds
247.241: [GC247.241: [ParNew: 109648K->13694K(123520K), 0.0163420 secs] 247411K->164766K(397848K), 0.0163890 secs] [Times: user=0.13 sys=0.00, real=0.01 secs] 
247.257: Total time for which application threads were stopped: 0.0172540 seconds, Stopping threads took: 0.0007960 seconds
247.306: Application time: 0.0488910 seconds
247.306: [GC247.306: [ParNew: 123518K->13696K(123520K), 0.0256100 secs] 274590K->189921K(397848K), 0.0256550 secs] [Times: user=0.20 sys=0.00, real=0.02 secs] 
247.332: Total time for which application threads were stopped: 0.0258520 seconds, Stopping threads took: 0.0001300 seconds
247.382: Application time: 0.0506260 seconds
247.382: [GC247.382: [ParNew: 123520K->13696K(123520K), 0.0238210 secs] 299745K->207842K(397848K), 0.0238650 secs] [Times: user=0.19 sys=0.00, real=0.02 secs] 
247.406: Total time for which application threads were stopped: 0.0240230 seconds, Stopping threads took: 0.0000910 seconds
247.462: Application time: 0.0556820 seconds
247.462: [GC247.462: [ParNew: 123520K->13696K(123520K), 0.0198740 secs] 317666K->220866K(397848K), 0.0199240 secs] [Times: user=0.15 sys=0.00, real=0.02 secs] 
247.482: Total time for which application threads were stopped: 0.0201680 seconds, Stopping threads took: 0.0001760 seconds
247.526: Application time: 0.0436680 seconds
247.526: [GC247.526: [ParNew: 123520K->13696K(123520K), 0.0220960 secs] 330690K->242006K(397848K), 0.0221510 secs] [Times: user=0.18 sys=0.00, real=0.02 secs] 
247.548: Total time for which application threads were stopped: 0.0224890 seconds, Stopping threads took: 0.0002370 seconds
247.595: Application time: 0.0465700 seconds
247.595: [GC247.595: [ParNew: 123520K->13696K(123520K), 0.0261350 secs] 351830K->269674K(397848K), 0.0261780 secs] [Times: user=0.21 sys=0.00, real=0.03 secs] 
247.621: Total time for which application threads were stopped: 0.0263420 seconds, Stopping threads took: 0.0000950 seconds
247.667: Application time: 0.0453150 seconds
247.667: [GC247.667: [ParNew: 123520K->13696K(123520K), 0.0252720 secs]247.692: [Tenured: 277629K->139678K(277784K), 0.2412370 secs] 379498K->139678K(401304K), [Perm : 9152K->9152K(21248K)], 0.2667160 secs] [Times: user=0.44 sys=0.00, real=0.27 secs] 
247.934: Total time for which application threads were stopped: 0.2669010 seconds, Stopping threads took: 0.0001180 seconds
247.987: Application time: 0.0533660 seconds
247.987: [GC247.987: [ParNew: 109824K->13696K(123520K), 0.0141970 secs] 249502K->158058K(397848K), 0.0142410 secs] [Times: user=0.11 sys=0.00, real=0.02 secs] 
248.001: Total time for which application threads were stopped: 0.0143700 seconds, Stopping threads took: 0.0000620 seconds
248.043: Application time: 0.0422170 seconds
248.044: [GC248.044: [ParNew: 123520K->13696K(123520K), 0.0230350 secs] 267882K->181220K(397848K), 0.0230820 secs] [Times: user=0.18 sys=0.00, real=0.02 secs] 
248.067: Total time for which application threads were stopped: 0.0233030 seconds, Stopping threads took: 0.0001390 seconds
248.110: Application time: 0.0434780 seconds
248.110: [GC248.110: [ParNew: 123520K->13696K(123520K), 0.0247850 secs] 291044K->207584K(397848K), 0.0248310 secs] [Times: user=0.19 sys=0.00, real=0.03 secs] 
248.135: Total time for which application threads were stopped: 0.0250000 seconds, Stopping threads took: 0.0001020 seconds
248.184: Application time: 0.0484090 seconds
248.184: [GC248.184: [ParNew: 123520K->13694K(123520K), 0.0252990 secs] 317408K->229239K(397848K), 0.0253430 secs] [Times: user=0.19 sys=0.00, real=0.02 secs] 
248.209: Total time for which application threads were stopped: 0.0254910 seconds, Stopping threads took: 0.0000800 seconds
248.268: Application time: 0.0589030 seconds
248.268: [GC248.268: [ParNew: 123518K->13694K(123520K), 0.0225340 secs] 339063K->243887K(397848K), 0.0225790 secs] [Times: user=0.18 sys=0.00, real=0.02 secs] 
248.291: Total time for which application threads were stopped: 0.0227410 seconds, Stopping threads took: 0.0000970 seconds
248.339: Application time: 0.0482750 seconds
248.339: [GC248.339: [ParNew: 123518K->13696K(123520K), 0.0214630 secs] 353711K->261571K(397848K), 0.0215090 secs] [Times: user=0.17 sys=0.00, real=0.03 secs] 
248.361: Total time for which application threads were stopped: 0.0216960 seconds, Stopping threads took: 0.0001090 seconds
248.402: Application time: 0.0414860 seconds
248.402: [GC248.402: [ParNew: 123376K->13696K(123520K), 0.0237880 secs] 371252K->287315K(397848K), 0.0238330 secs] [Times: user=0.19 sys=0.00, real=0.02 secs] 
248.426: Total time for which application threads were stopped: 0.0240400 seconds, Stopping threads took: 0.0001390 seconds
248.474: Application time: 0.0480950 seconds
248.475: [GC248.475: [ParNew: 123520K->13696K(123520K), 0.0272690 secs]248.502: [Tenured: 298356K->139167K(298712K), 0.2398570 secs] 397139K->139167K(422232K), [Perm : 9152K->9152K(21248K)], 0.2679680 secs] [Times: user=0.44 sys=0.01, real=0.27 secs] 
248.743: Total time for which application threads were stopped: 0.2681630 seconds, Stopping threads took: 0.0001260 seconds
248.795: Application time: 0.0520410 seconds
248.795: [GC248.795: [ParNew: 109824K->13696K(123520K), 0.0146960 secs] 248991K->158229K(397848K), 0.0147400 secs] [Times: user=0.12 sys=0.00, real=0.01 secs] 
248.810: Total time for which application threads were stopped: 0.0148990 seconds, Stopping threads took: 0.0000710 seconds
248.858: Application time: 0.0484160 seconds
248.858: [GC248.858: [ParNew: 123520K->13696K(123520K), 0.0212250 secs] 268053K->176356K(397848K), 0.0212710 secs] [Times: user=0.16 sys=0.00, real=0.02 secs] 
248.879: Total time for which application threads were stopped: 0.0214930 seconds, Stopping threads took: 0.0001350 seconds
248.919: Application time: 0.0400520 seconds
248.920: [GC248.920: [ParNew: 123520K->13695K(123520K), 0.0235880 secs] 286180K->203365K(397848K), 0.0236320 secs] [Times: user=0.19 sys=0.00, real=0.03 secs] 
248.943: Total time for which application threads were stopped: 0.0237850 seconds, Stopping threads took: 0.0000810 seconds
248.992: Application time: 0.0487790 seconds
248.992: [GC248.992: [ParNew: 123519K->13695K(123520K), 0.0274850 secs] 313189K->230953K(397848K), 0.0275290 secs] [Times: user=0.22 sys=0.00, real=0.03 secs] 
249.020: Total time for which application threads were stopped: 0.0276900 seconds, Stopping threads took: 0.0000940 seconds
249.072: Application time: 0.0525950 seconds
249.072: [GC249.073: [ParNew: 123519K->13694K(123520K), 0.0235590 secs] 340777K->247365K(397848K), 0.0236030 secs] [Times: user=0.18 sys=0.00, real=0.02 secs] 
249.096: Total time for which application threads were stopped: 0.0237920 seconds, Stopping threads took: 0.0001210 seconds
249.156: Application time: 0.0600570 seconds
249.156: [GC249.156: [ParNew: 123518K->13696K(123520K), 0.0185090 secs] 357189K->259842K(397848K), 0.0185530 secs] [Times: user=0.15 sys=0.00, real=0.02 secs] 
249.175: Total time for which application threads were stopped: 0.0186870 seconds, Stopping threads took: 0.0000680 seconds
249.216: Application time: 0.0406690 seconds
249.216: [GC249.216: [ParNew: 123502K->13696K(123520K), 0.0215680 secs] 369649K->280581K(397848K), 0.0216150 secs] [Times: user=0.17 sys=0.00, real=0.02 secs] 
249.237: Total time for which application threads were stopped: 0.0218300 seconds, Stopping threads took: 0.0001450 seconds
249.282: Application time: 0.0446150 seconds
249.282: [GC249.282: [ParNew: 123520K->13696K(123520K), 0.0260550 secs]249.308: [Tenured: 293444K->145509K(293528K), 0.2368690 secs] 390405K->145509K(417048K), [Perm : 9152K->9152K(21248K)], 0.2636150 secs] [Times: user=0.44 sys=0.00, real=0.26 secs] 
249.546: Total time for which application threads were stopped: 0.2637700 seconds, Stopping threads took: 0.0000870 seconds
249.594: Application time: 0.0479030 seconds
249.594: [GC249.594: [ParNew: 109824K->13696K(123520K), 0.0155110 secs] 255333K->167988K(397848K), 0.0155550 secs] [Times: user=0.12 sys=0.00, real=0.01 secs] 
249.609: Total time for which application threads were stopped: 0.0157150 seconds, Stopping threads took: 0.0000800 seconds
249.659: Application time: 0.0499270 seconds
249.659: [GC249.659: [ParNew: 123520K->13696K(123520K), 0.0221930 secs] 277812K->186506K(397848K), 0.0222390 secs] [Times: user=0.18 sys=0.00, real=0.03 secs] 
249.682: Total time for which application threads were stopped: 0.0223870 seconds, Stopping threads took: 0.0000810 seconds
249.724: Application time: 0.0424970 seconds
249.729: [GC249.729: [ParNew: 123520K->13696K(123520K), 0.0237090 secs] 296330K->211205K(397848K), 0.0237550 secs] [Times: user=0.19 sys=0.00, real=0.02 secs] 
249.752: Total time for which application threads were stopped: 0.0280820 seconds, Stopping threads took: 0.0042590 seconds
249.794: Application time: 0.0419480 seconds
249.794: [GC249.794: [ParNew: 123520K->13696K(123520K), 0.0253750 secs] 321029K->238662K(397848K), 0.0254200 secs] [Times: user=0.20 sys=0.00, real=0.02 secs] 
249.820: Total time for which application threads were stopped: 0.0255850 seconds, Stopping threads took: 0.0000950 seconds
249.870: Application time: 0.0502570 seconds
249.870: [GC249.870: [ParNew: 123520K->13694K(123520K), 0.0253440 secs] 348486K->259580K(397848K), 0.0253870 secs] [Times: user=0.20 sys=0.00, real=0.03 secs] 
249.896: Total time for which application threads were stopped: 0.0255750 seconds, Stopping threads took: 0.0001220 seconds
249.953: Application time: 0.0570640 seconds
249.953: [GC249.953: [ParNew: 123518K->13696K(123520K), 0.0212300 secs] 369404K->273045K(397848K), 0.0212820 secs] [Times: user=0.17 sys=0.00, real=0.02 secs] 
249.974: Total time for which application threads were stopped: 0.0214050 seconds, Stopping threads took: 0.0000590 seconds
250.023: Application time: 0.0492630 seconds
250.024: [GC250.024: [ParNew: 123364K->13696K(123520K), 0.0194200 secs] 382714K->286270K(397848K), 0.0194660 secs] [Times: user=0.15 sys=0.00, real=0.02 secs] 
250.043: Total time for which application threads were stopped: 0.0196760 seconds, Stopping threads took: 0.0001400 seconds
250.082: Application time: 0.0389420 seconds
250.082: [GC250.082: [ParNew: 123520K->13696K(123520K), 0.0245730 secs]250.107: [Tenured: 298617K->144062K(298712K), 0.2218730 secs] 396094K->144062K(422232K), [Perm : 9152K->9152K(21248K)], 0.2472940 secs] [Times: user=0.39 sys=0.01, real=0.24 secs] 
250.330: Total time for which application threads were stopped: 0.2476010 seconds, Stopping threads took: 0.0002400 seconds
250.381: Application time: 0.0514970 seconds
250.381: [GC250.381: [ParNew: 109824K->13696K(123520K), 0.0206080 secs] 253886K->170238K(397848K), 0.0206530 secs] [Times: user=0.17 sys=0.00, real=0.02 secs] 
250.402: Total time for which application threads were stopped: 0.0208260 seconds, Stopping threads took: 0.0000950 seconds
250.450: Application time: 0.0478950 seconds
250.450: [GC250.450: [ParNew: 123520K->13696K(123520K), 0.0217940 secs] 280062K->188789K(397848K), 0.0218400 secs] [Times: user=0.17 sys=0.00, real=0.02 secs] 
250.472: Total time for which application threads were stopped: 0.0220050 seconds, Stopping threads took: 0.0000960 seconds
250.519: Application time: 0.0472890 seconds
250.519: [GC250.519: [ParNew: 123520K->13696K(123520K), 0.0244160 secs] 298613K->214116K(397848K), 0.0244610 secs] [Times: user=0.19 sys=0.00, real=0.03 secs] 
250.544: Total time for which application threads were stopped: 0.0246290 seconds, Stopping threads took: 0.0000990 seconds
250.591: Application time: 0.0473210 seconds
250.591: [GC250.591: [ParNew: 123520K->13696K(123520K), 0.0253000 secs] 323940K->238922K(397848K), 0.0253440 secs] [Times: user=0.20 sys=0.00, real=0.03 secs] 
250.617: Total time for which application threads were stopped: 0.0254740 seconds, Stopping threads took: 0.0000610 seconds
250.661: Application time: 0.0446270 seconds
250.661: [GC250.662: [ParNew: 123520K->13696K(123520K), 0.0246780 secs] 348746K->262094K(397848K), 0.0247230 secs] [Times: user=0.19 sys=0.00, real=0.02 secs] 
250.686: Total time for which application threads were stopped: 0.0250110 seconds, Stopping threads took: 0.0002010 seconds
250.740: Application time: 0.0535080 seconds
250.740: [GC250.740: [ParNew: 123520K->13696K(123520K), 0.0226320 secs] 371918K->279288K(397848K), 0.0226770 secs] [Times: user=0.18 sys=0.00, real=0.03 secs] 
250.763: Total time for which application threads were stopped: 0.0228470 seconds, Stopping threads took: 0.0001050 seconds
250.821: Application time: 0.0584620 seconds
250.821: [GC250.821: [ParNew: 123520K->13694K(123520K), 0.0188650 secs]250.840: [Tenured: 278458K->112645K(278552K), 0.1915680 secs] 389112K->112645K(402072K), [Perm : 9152K->9152K(21248K)], 0.2106700 secs] [Times: user=0.34 sys=0.00, real=0.20 secs] 
251.032: Total time for which application threads were stopped: 0.2108360 seconds, Stopping threads took: 0.0001000 seconds
251.070: Application time: 0.0380960 seconds
251.070: [GC251.070: [ParNew: 109824K->13696K(123520K), 0.0151950 secs] 222469K->140864K(397848K), 0.0152400 secs] [Times: user=0.12 sys=0.00, real=0.02 secs] 
251.085: Total time for which application threads were stopped: 0.0154060 seconds, Stopping threads took: 0.0000890 seconds
251.132: Application time: 0.0470240 seconds
251.137: [GC251.137: [ParNew: 123520K->13696K(123520K), 0.0267300 secs] 250688K->168873K(397848K), 0.0267710 secs] [Times: user=0.21 sys=0.00, real=0.03 secs] 
251.163: Total time for which application threads were stopped: 0.0310660 seconds, Stopping threads took: 0.0042080 seconds
251.216: Application time: 0.0528770 seconds
251.217: [GC251.217: [ParNew: 123520K->13696K(123520K), 0.0209280 secs] 278697K->182888K(397848K), 0.0209810 secs] [Times: user=0.17 sys=0.00, real=0.02 secs] 
251.238: Total time for which application threads were stopped: 0.0212330 seconds, Stopping threads took: 0.0001850 seconds
251.281: Application time: 0.0432760 seconds
251.281: [GC251.281: [ParNew: 123520K->13696K(123520K), 0.0219520 secs] 292712K->204635K(397848K), 0.0219990 secs] [Times: user=0.18 sys=0.00, real=0.02 secs] 
251.303: Total time for which application threads were stopped: 0.0222190 seconds, Stopping threads took: 0.0001300 seconds
251.348: Application time: 0.0452920 seconds
251.349: [GC251.349: [ParNew: 123513K->13696K(123520K), 0.0263110 secs] 314452K->232236K(397848K), 0.0263560 secs] [Times: user=0.20 sys=0.00, real=0.03 secs] 
251.375: Total time for which application threads were stopped: 0.0265390 seconds, Stopping threads took: 0.0001140 seconds
251.420: Application time: 0.0448820 seconds
251.420: [GC251.420: [ParNew: 123520K->13696K(123520K), 0.0248340 secs] 342060K->255242K(397848K), 0.0248800 secs] [Times: user=0.20 sys=0.00, real=0.03 secs] 
251.445: Total time for which application threads were stopped: 0.0250920 seconds, Stopping threads took: 0.0001440 seconds
251.495: Application time: 0.0499780 seconds
251.495: [GC251.495: [ParNew: 123520K->13696K(123520K), 0.0243780 secs] 365066K->275857K(397848K), 0.0244240 secs] [Times: user=0.19 sys=0.00, real=0.02 secs] 
251.520: Total time for which application threads were stopped: 0.0246060 seconds, Stopping threads took: 0.0001130 seconds
251.577: Application time: 0.0574030 seconds
251.577: [GC251.577: [ParNew: 123520K->13696K(123520K), 0.0214840 secs]251.599: [Tenured: 275696K->138240K(275864K), 0.2305440 secs] 385681K->138240K(399384K), [Perm : 9152K->9152K(21248K)], 0.2521600 secs] [Times: user=0.40 sys=0.00, real=0.25 secs] 
251.829: Total time for which application threads were stopped: 0.2523540 seconds, Stopping threads took: 0.0001160 seconds
251.877: Application time: 0.0474030 seconds
251.877: [GC251.877: [ParNew: 109824K->13696K(123520K), 0.0126980 secs] 248064K->158367K(397848K), 0.0127440 secs] [Times: user=0.10 sys=0.00, real=0.01 secs] 
251.890: Total time for which application threads were stopped: 0.0129290 seconds, Stopping threads took: 0.0001190 seconds
251.928: Application time: 0.0385740 seconds
251.928: [GC251.928: [ParNew: 123520K->13696K(123520K), 0.0223670 secs] 268191K->184007K(397848K), 0.0224130 secs] [Times: user=0.18 sys=0.01, real=0.02 secs] 
251.951: Total time for which application threads were stopped: 0.0225820 seconds, Stopping threads took: 0.0001000 seconds
252.007: Application time: 0.0565980 seconds
252.008: [GC252.008: [ParNew: 123520K->13696K(123520K), 0.0262270 secs] 293831K->204387K(397848K), 0.0262720 secs] [Times: user=0.21 sys=0.00, real=0.03 secs] 
252.034: Total time for which application threads were stopped: 0.0264550 seconds, Stopping threads took: 0.0001170 seconds
252.080: Application time: 0.0460330 seconds
252.080: [GC252.080: [ParNew: 123520K->13696K(123520K), 0.0247130 secs] 314211K->226538K(397848K), 0.0247580 secs] [Times: user=0.20 sys=0.00, real=0.03 secs] 
252.105: Total time for which application threads were stopped: 0.0249680 seconds, Stopping threads took: 0.0001290 seconds
252.153: Application time: 0.0476730 seconds
252.153: [GC252.153: [ParNew: 123520K->13696K(123520K), 0.0241740 secs] 336362K->250511K(397848K), 0.0242190 secs] [Times: user=0.20 sys=0.00, real=0.02 secs] 
252.177: Total time for which application threads were stopped: 0.0243830 seconds, Stopping threads took: 0.0000950 seconds
252.219: Application time: 0.0424460 seconds
252.220: [GC252.220: [ParNew: 123520K->13696K(123520K), 0.0241970 secs] 360335K->274928K(397848K), 0.0242440 secs] [Times: user=0.20 sys=0.00, real=0.03 secs] 
252.244: Total time for which application threads were stopped: 0.0244450 seconds, Stopping threads took: 0.0001320 seconds
252.292: Application time: 0.0480570 seconds
252.292: [GC252.292: [ParNew: 123520K->13696K(123520K), 0.0259490 secs]252.318: [Tenured: 284769K->153527K(284888K), 0.2455780 secs] 384752K->153527K(408408K), [Perm : 9152K->9152K(21248K)], 0.2719960 secs] [Times: user=0.45 sys=0.00, real=0.28 secs] 
252.565: Total time for which application threads were stopped: 0.2733300 seconds, Stopping threads took: 0.0001090 seconds
252.617: Application time: 0.0520500 seconds
252.617: [GC252.617: [ParNew: 109824K->13695K(123520K), 0.0135460 secs] 263351K->170573K(397848K), 0.0135900 secs] [Times: user=0.11 sys=0.00, real=0.01 secs] 
252.631: Total time for which application threads were stopped: 0.0137740 seconds, Stopping threads took: 0.0001030 seconds
252.685: Application time: 0.0534940 seconds
252.685: [GC252.685: [ParNew: 123519K->13696K(123520K), 0.0202190 secs] 280397K->185685K(397848K), 0.0202640 secs] [Times: user=0.16 sys=0.00, real=0.02 secs] 
252.705: Total time for which application threads were stopped: 0.0205540 seconds, Stopping threads took: 0.0002040 seconds
252.747: Application time: 0.0415720 seconds
252.747: [GC252.747: [ParNew: 123454K->13696K(123520K), 0.0222980 secs] 295443K->209335K(397848K), 0.0223450 secs] [Times: user=0.18 sys=0.00, real=0.02 secs] 
252.769: Total time for which application threads were stopped: 0.0226260 seconds, Stopping threads took: 0.0001940 seconds
252.816: Application time: 0.0465240 seconds
252.816: [GC252.816: [ParNew: 123520K->13696K(123520K), 0.0248700 secs] 319159K->233925K(397848K), 0.0249140 secs] [Times: user=0.20 sys=0.00, real=0.03 secs] 
252.841: Total time for which application threads were stopped: 0.0251210 seconds, Stopping threads took: 0.0001190 seconds
252.896: Application time: 0.0553410 seconds
252.896: [GC252.896: [ParNew: 123520K->13696K(123520K), 0.0219860 secs] 343749K->248840K(397848K), 0.0220370 secs] [Times: user=0.17 sys=0.00, real=0.02 secs] 
252.918: Total time for which application threads were stopped: 0.0221980 seconds, Stopping threads took: 0.0000950 seconds
252.960: Application time: 0.0416970 seconds
252.960: [GC252.960: [ParNew: 123520K->13696K(123520K), 0.0226440 secs] 358664K->271234K(397848K), 0.0226900 secs] [Times: user=0.18 sys=0.00, real=0.03 secs] 
252.983: Total time for which application threads were stopped: 0.0228240 seconds, Stopping threads took: 0.0000660 seconds
253.026: Application time: 0.0426450 seconds
253.026: [GC253.026: [ParNew: 123520K->13696K(123520K), 0.0250250 secs]253.051: [Tenured: 284630K->145328K(285272K), 0.2219960 secs] 381058K->145328K(408792K), [Perm : 9152K->9152K(21248K)], 0.2474550 secs] [Times: user=0.41 sys=0.01, real=0.25 secs] 
253.273: Total time for which application threads were stopped: 0.2476200 seconds, Stopping threads took: 0.0001000 seconds
253.318: Application time: 0.0446350 seconds
253.318: [GC253.318: [ParNew: 109824K->13696K(123520K), 0.0176720 secs] 255152K->171740K(397848K), 0.0177180 secs] [Times: user=0.14 sys=0.00, real=0.02 secs] 
253.336: Total time for which application threads were stopped: 0.0178790 seconds, Stopping threads took: 0.0000850 seconds
253.384: Application time: 0.0479240 seconds
253.384: [GC253.384: [ParNew: 123520K->13696K(123520K), 0.0250110 secs] 281564K->193296K(397848K), 0.0250510 secs] [Times: user=0.19 sys=0.00, real=0.02 secs] 
253.409: Total time for which application threads were stopped: 0.0252730 seconds, Stopping threads took: 0.0001470 seconds
253.465: Application time: 0.0559360 seconds
253.465: [GC253.465: [ParNew: 123520K->13696K(123520K), 0.0206200 secs] 303120K->207095K(397848K), 0.0206640 secs] [Times: user=0.16 sys=0.00, real=0.02 secs] 
253.486: Total time for which application threads were stopped: 0.0207980 seconds, Stopping threads took: 0.0000670 seconds
253.531: Application time: 0.0450180 seconds
253.531: [GC253.531: [ParNew: 123520K->13696K(123520K), 0.0226160 secs] 316919K->228341K(397848K), 0.0226630 secs] [Times: user=0.18 sys=0.00, real=0.03 secs] 
253.554: Total time for which application threads were stopped: 0.0228120 seconds, Stopping threads took: 0.0000820 seconds
253.603: Application time: 0.0497410 seconds
253.605: [GC253.605: [ParNew: 123520K->13696K(123520K), 0.0241810 secs] 338165K->251477K(397848K), 0.0242330 secs] [Times: user=0.19 sys=0.00, real=0.02 secs] 
253.629: Total time for which application threads were stopped: 0.0256430 seconds, Stopping threads took: 0.0013230 seconds
253.679: Application time: 0.0502710 seconds
253.679: [GC253.679: [ParNew: 123520K->13696K(123520K), 0.0229330 secs] 361301K->267943K(397848K), 0.0229800 secs] [Times: user=0.18 sys=0.00, real=0.03 secs] 
253.702: Total time for which application threads were stopped: 0.0232610 seconds, Stopping threads took: 0.0002140 seconds
253.753: Application time: 0.0501130 seconds
253.753: [GC253.753: [ParNew: 123380K->13696K(123520K), 0.0216980 secs] 377628K->286506K(397848K), 0.0217450 secs] [Times: user=0.16 sys=0.00, real=0.02 secs] 
253.775: Total time for which application threads were stopped: 0.0219160 seconds, Stopping threads took: 0.0001020 seconds
253.813: Application time: 0.0380510 seconds
253.813: [GC253.813: [ParNew: 123520K->13696K(123520K), 0.0238400 secs]253.837: [Tenured: 298462K->129703K(298904K), 0.2214780 secs] 396330K->129703K(422424K), [Perm : 9152K->9152K(21248K)], 0.2461610 secs] [Times: user=0.41 sys=0.00, real=0.24 secs] 
254.059: Total time for which application threads were stopped: 0.2463270 seconds, Stopping threads took: 0.0001000 seconds
254.106: Application time: 0.0472230 seconds
254.106: [GC254.106: [ParNew: 109647K->13696K(123520K), 0.0216350 secs] 239350K->159841K(397848K), 0.0216820 secs] [Times: user=0.18 sys=0.00, real=0.02 secs] 
254.128: Total time for which application threads were stopped: 0.0218610 seconds, Stopping threads took: 0.0000980 seconds
254.170: Application time: 0.0420680 seconds
254.170: [GC254.170: [ParNew: 123520K->13696K(123520K), 0.0233810 secs] 269665K->181626K(397848K), 0.0234270 secs] [Times: user=0.19 sys=0.00, real=0.03 secs] 
254.194: Total time for which application threads were stopped: 0.0235710 seconds, Stopping threads took: 0.0000760 seconds
254.250: Application time: 0.0562130 seconds
254.250: [GC254.250: [ParNew: 123520K->13694K(123520K), 0.0226960 secs] 291450K->198876K(397848K), 0.0227390 secs] [Times: user=0.18 sys=0.00, real=0.03 secs] 
254.273: Total time for which application threads were stopped: 0.0228970 seconds, Stopping threads took: 0.0000910 seconds
254.319: Application time: 0.0458650 seconds
254.319: [GC254.319: [ParNew: 123518K->13694K(123520K), 0.0226900 secs] 308700K->219074K(397848K), 0.0227380 secs] [Times: user=0.18 sys=0.00, real=0.03 secs] 
254.342: Total time for which application threads were stopped: 0.0230470 seconds, Stopping threads took: 0.0002220 seconds
254.392: Application time: 0.0503580 seconds
254.392: [GC254.392: [ParNew: 123518K->13694K(123520K), 0.0243390 secs] 328898K->241059K(397848K), 0.0243850 secs] [Times: user=0.19 sys=0.00, real=0.03 secs] 
254.417: Total time for which application threads were stopped: 0.0246030 seconds, Stopping threads took: 0.0001520 seconds
254.466: Application time: 0.0497560 seconds
254.469: [GC254.469: [ParNew: 123518K->13696K(123520K), 0.0218000 secs] 350883K->258709K(397848K), 0.0218460 secs] [Times: user=0.17 sys=0.00, real=0.02 secs] 
254.491: Total time for which application threads were stopped: 0.0241460 seconds, Stopping threads took: 0.0022110 seconds
254.546: Application time: 0.0556180 seconds
254.546: [GC254.546: [ParNew: 123520K->13695K(123520K), 0.0204640 secs] 368533K->273443K(397848K), 0.0205050 secs] [Times: user=0.16 sys=0.00, real=0.02 secs] 
254.567: Total time for which application threads were stopped: 0.0206410 seconds, Stopping threads took: 0.0000670 seconds
254.607: Application time: 0.0397270 seconds
254.607: [GC254.607: [ParNew: 123415K->13696K(123520K), 0.0241050 secs]254.631: [Tenured: 284784K->133137K(284888K), 0.2041900 secs] 383164K->133137K(408408K), [Perm : 9152K->9152K(21248K)], 0.2287680 secs] [Times: user=0.39 sys=0.00, real=0.23 secs] 
254.835: Total time for which application threads were stopped: 0.2289650 seconds, Stopping threads took: 0.0001140 seconds
254.876: Application time: 0.0405830 seconds
254.881: [GC254.881: [ParNew: 109824K->13696K(123520K), 0.0180750 secs] 242961K->161160K(397848K), 0.0181300 secs] [Times: user=0.14 sys=0.00, real=0.01 secs] 
254.899: Total time for which application threads were stopped: 0.0226090 seconds, Stopping threads took: 0.0044100 seconds
254.942: Application time: 0.0437510 seconds
254.943: [GC254.943: [ParNew: 123520K->13696K(123520K), 0.0271010 secs] 270984K->189115K(397848K), 0.0271470 secs] [Times: user=0.21 sys=0.00, real=0.02 secs] 
254.970: Total time for which application threads were stopped: 0.0273570 seconds, Stopping threads took: 0.0001230 seconds
255.020: Application time: 0.0506950 seconds
255.021: [GC255.021: [ParNew: 123520K->13696K(123520K), 0.0254110 secs] 298939K->209065K(397848K), 0.0254540 secs] [Times: user=0.19 sys=0.00, real=0.02 secs] 
255.046: Total time for which application threads were stopped: 0.0256170 seconds, Stopping threads took: 0.0000770 seconds
255.105: Application time: 0.0589300 seconds
255.105: [GC255.105: [ParNew: 123520K->13696K(123520K), 0.0194900 secs] 318889K->222468K(397848K), 0.0195350 secs] [Times: user=0.15 sys=0.00, real=0.02 secs] 
255.125: Total time for which application threads were stopped: 0.0198550 seconds, Stopping threads took: 0.0002340 seconds
255.169: Application time: 0.0439340 seconds
255.169: [GC255.169: [ParNew: 123520K->13696K(123520K), 0.0215590 secs] 332292K->241353K(397848K), 0.0216060 secs] [Times: user=0.17 sys=0.00, real=0.02 secs] 
255.191: Total time for which application threads were stopped: 0.0217730 seconds, Stopping threads took: 0.0000880 seconds
255.239: Application time: 0.0479850 seconds
255.239: [GC255.239: [ParNew: 123503K->13696K(123520K), 0.0238740 secs] 351161K->264674K(397848K), 0.0239170 secs] [Times: user=0.18 sys=0.00, real=0.03 secs] 
255.263: Total time for which application threads were stopped: 0.0240470 seconds, Stopping threads took: 0.0000630 seconds
255.314: Application time: 0.0510190 seconds
255.314: [GC255.314: [ParNew: 123520K->13696K(123520K), 0.0231850 secs] 374498K->282278K(397848K), 0.0232300 secs] [Times: user=0.18 sys=0.00, real=0.02 secs] 
255.337: Total time for which application threads were stopped: 0.0234440 seconds, Stopping threads took: 0.0001480 seconds
255.385: Application time: 0.0479380 seconds
255.385: [GC255.385: [ParNew: 123520K->13696K(123520K), 0.0226310 secs]255.408: [Tenured: 289300K->130245K(289304K), 0.1996910 secs] 392102K->130245K(412824K), [Perm : 9152K->9152K(21248K)], 0.2228960 secs] [Times: user=0.38 sys=0.00, real=0.22 secs] 
255.608: Total time for which application threads were stopped: 0.2230980 seconds, Stopping threads took: 0.0001330 seconds
255.648: Application time: 0.0401920 seconds
255.649: [GC255.649: [ParNew: 109824K->13696K(123520K), 0.0162490 secs] 240069K->157690K(397848K), 0.0162960 secs] [Times: user=0.13 sys=0.00, real=0.02 secs] 
255.665: Total time for which application threads were stopped: 0.0164950 seconds, Stopping threads took: 0.0001320 seconds
255.713: Application time: 0.0483620 seconds
255.713: [GC255.713: [ParNew: 123520K->13696K(123520K), 0.0268880 secs] 267514K->184732K(397848K), 0.0269330 secs] [Times: user=0.21 sys=0.00, real=0.02 secs] 
255.740: Total time for which application threads were stopped: 0.0270890 seconds, Stopping threads took: 0.0000760 seconds
255.785: Application time: 0.0449080 seconds
255.785: [GC255.785: [ParNew: 123520K->13696K(123520K), 0.0248120 secs] 294556K->206934K(397848K), 0.0248570 secs] [Times: user=0.20 sys=0.00, real=0.02 secs] 
255.810: Total time for which application threads were stopped: 0.0250100 seconds, Stopping threads took: 0.0000830 seconds
255.868: Application time: 0.0580400 seconds
255.868: [GC255.868: [ParNew: 123520K->13695K(123520K), 0.0220880 secs] 316758K->221217K(397848K), 0.0221340 secs] [Times: user=0.17 sys=0.00, real=0.02 secs] 
255.891: Total time for which application threads were stopped: 0.0223340 seconds, Stopping threads took: 0.0001240 seconds
255.942: Application time: 0.0511380 seconds
255.942: [GC255.942: [ParNew: 123519K->13696K(123520K), 0.0207490 secs] 331041K->236952K(397848K), 0.0208010 secs] [Times: user=0.17 sys=0.00, real=0.02 secs] 
255.963: Total time for which application threads were stopped: 0.0209730 seconds, Stopping threads took: 0.0001050 seconds
256.010: Application time: 0.0472540 seconds
256.010: [GC256.010: [ParNew: 123520K->13696K(123520K), 0.0232530 secs] 346776K->259305K(397848K), 0.0232970 secs] [Times: user=0.19 sys=0.00, real=0.03 secs] 
256.033: Total time for which application threads were stopped: 0.0234480 seconds, Stopping threads took: 0.0000820 seconds
256.081: Application time: 0.0476930 seconds
256.081: [GC256.081: [ParNew: 123520K->13696K(123520K), 0.0239370 secs] 369129K->281806K(397848K), 0.0239810 secs] [Times: user=0.19 sys=0.00, real=0.02 secs] 
256.105: Total time for which application threads were stopped: 0.0241420 seconds, Stopping threads took: 0.0000920 seconds
256.158: Application time: 0.0523820 seconds
256.158: [GC256.158: [ParNew: 123520K->13696K(123520K), 0.0215510 secs]256.179: [Tenured: 283437K->130852K(283736K), 0.2002570 secs] 391630K->130852K(407256K), [Perm : 9152K->9152K(21248K)], 0.2222070 secs] [Times: user=0.37 sys=0.00, real=0.22 secs] 
256.380: Total time for which application threads were stopped: 0.2223560 seconds, Stopping threads took: 0.0000830 seconds
256.421: Application time: 0.0407870 seconds
256.421: [GC256.421: [ParNew: 109824K->13696K(123520K), 0.0144850 secs] 240676K->156158K(397848K), 0.0145310 secs] [Times: user=0.11 sys=0.00, real=0.01 secs] 
256.436: Total time for which application threads were stopped: 0.0147190 seconds, Stopping threads took: 0.0001050 seconds
256.479: Application time: 0.0437780 seconds
256.479: [GC256.480: [ParNew: 123429K->13696K(123520K), 0.0265110 secs] 265891K->184999K(397848K), 0.0265570 secs] [Times: user=0.21 sys=0.00, real=0.03 secs] 
256.506: Total time for which application threads were stopped: 0.0267850 seconds, Stopping threads took: 0.0001600 seconds
256.551: Application time: 0.0448290 seconds
256.551: [GC256.551: [ParNew: 123520K->13696K(123520K), 0.0262600 secs] 294823K->210379K(397848K), 0.0263050 secs] [Times: user=0.21 sys=0.00, real=0.03 secs] 
256.577: Total time for which application threads were stopped: 0.0265060 seconds, Stopping threads took: 0.0001350 seconds
256.629: Application time: 0.0514860 seconds
256.629: [GC256.629: [ParNew: 123520K->13696K(123520K), 0.0246030 secs] 320203K->230873K(397848K), 0.0246470 secs] [Times: user=0.20 sys=0.00, real=0.03 secs] 
256.654: Total time for which application threads were stopped: 0.0248230 seconds, Stopping threads took: 0.0001110 seconds
256.713: Application time: 0.0588100 seconds
256.713: [GC256.713: [ParNew: 123520K->13682K(123520K), 0.0193880 secs] 340697K->243936K(397848K), 0.0194320 secs] [Times: user=0.15 sys=0.00, real=0.01 secs] 
256.732: Total time for which application threads were stopped: 0.0195670 seconds, Stopping threads took: 0.0000680 seconds
256.780: Application time: 0.0476320 seconds
256.780: [GC256.780: [ParNew: 123506K->13696K(123520K), 0.0197200 secs] 353760K->258843K(397848K), 0.0197650 secs] [Times: user=0.15 sys=0.00, real=0.02 secs] 
256.800: Total time for which application threads were stopped: 0.0199500 seconds, Stopping threads took: 0.0001180 seconds
256.839: Application time: 0.0390000 seconds
256.839: [GC256.839: [ParNew: 123520K->13696K(123520K), 0.0228240 secs] 368667K->284919K(397848K), 0.0228690 secs] [Times: user=0.19 sys=0.00, real=0.03 secs] 
256.862: Total time for which application threads were stopped: 0.0230990 seconds, Stopping threads took: 0.0001420 seconds
256.917: Application time: 0.0553270 seconds
256.921: [GC256.921: [ParNew: 123520K->13696K(123520K), 0.0262230 secs]256.947: [Tenured: 291494K->132849K(291992K), 0.2345510 secs] 394743K->132849K(415512K), [Perm : 9152K->9152K(21248K)], 0.2614110 secs] [Times: user=0.43 sys=0.01, real=0.26 secs] 
257.182: Total time for which application threads were stopped: 0.2650160 seconds, Stopping threads took: 0.0035180 seconds
257.228: Application time: 0.0462150 seconds
257.229: [GC257.229: [ParNew: 109680K->13696K(123520K), 0.0124930 secs] 242530K->152381K(397848K), 0.0125450 secs] [Times: user=0.10 sys=0.00, real=0.02 secs] 
257.241: Total time for which application threads were stopped: 0.0127800 seconds, Stopping threads took: 0.0001540 seconds
257.283: Application time: 0.0419290 seconds
257.283: [GC257.283: [ParNew: 123520K->13696K(123520K), 0.0232720 secs] 262205K->178460K(397848K), 0.0233180 secs] [Times: user=0.18 sys=0.00, real=0.02 secs] 
257.307: Total time for which application threads were stopped: 0.0234970 seconds, Stopping threads took: 0.0001120 seconds
257.347: Application time: 0.0402960 seconds
257.347: [GC257.347: [ParNew: 123520K->13696K(123520K), 0.0271140 secs] 288284K->209502K(397848K), 0.0271600 secs] [Times: user=0.22 sys=0.00, real=0.03 secs] 
257.374: Total time for which application threads were stopped: 0.0273250 seconds, Stopping threads took: 0.0000970 seconds
257.422: Application time: 0.0479220 seconds
257.422: [GC257.422: [ParNew: 123520K->13696K(123520K), 0.0264700 secs] 319326K->233429K(397848K), 0.0265150 secs] [Times: user=0.21 sys=0.00, real=0.02 secs] 
257.449: Total time for which application threads were stopped: 0.0267230 seconds, Stopping threads took: 0.0001420 seconds
257.507: Application time: 0.0582570 seconds
257.507: [GC257.507: [ParNew: 123520K->13696K(123520K), 0.0211150 secs] 343253K->246855K(397848K), 0.0211560 secs] [Times: user=0.17 sys=0.00, real=0.02 secs] 
257.528: Total time for which application threads were stopped: 0.0213070 seconds, Stopping threads took: 0.0000790 seconds
257.584: Application time: 0.0552550 seconds
257.584: [GC257.584: [ParNew: 123520K->13696K(123520K), 0.0182350 secs] 356679K->257196K(397848K), 0.0182850 secs] [Times: user=0.14 sys=0.00, real=0.02 secs] 
257.602: Total time for which application threads were stopped: 0.0184490 seconds, Stopping threads took: 0.0000960 seconds
257.642: Application time: 0.0400940 seconds
257.642: [GC257.642: [ParNew: 123520K->13696K(123520K), 0.0214790 secs] 367020K->278976K(397848K), 0.0215260 secs] [Times: user=0.17 sys=0.00, real=0.02 secs] 
257.664: Total time for which application threads were stopped: 0.0217040 seconds, Stopping threads took: 0.0001100 seconds
257.710: Application time: 0.0457560 seconds
257.713: [GC257.713: [ParNew: 123520K->13696K(123520K), 0.0262970 secs]257.739: [Tenured: 291016K->149998K(291032K), 0.2404720 secs] 388800K->149998K(414552K), [Perm : 9152K->9152K(21248K)], 0.2674490 secs] [Times: user=0.44 sys=0.00, real=0.26 secs] 
257.980: Total time for which application threads were stopped: 0.2703940 seconds, Stopping threads took: 0.0028730 seconds
258.032: Application time: 0.0520430 seconds
258.032: [GC258.032: [ParNew: 109824K->13696K(123520K), 0.0145300 secs] 259822K->168966K(397848K), 0.0145750 secs] [Times: user=0.12 sys=0.00, real=0.02 secs] 
258.047: Total time for which application threads were stopped: 0.0147330 seconds, Stopping threads took: 0.0000760 seconds
258.092: Application time: 0.0447000 seconds
258.092: [GC258.092: [ParNew: 123520K->13696K(123520K), 0.0230970 secs] 278790K->191694K(397848K), 0.0231430 secs] [Times: user=0.18 sys=0.00, real=0.03 secs] 
258.115: Total time for which application threads were stopped: 0.0232850 seconds, Stopping threads took: 0.0000730 seconds
258.155: Application time: 0.0398870 seconds
258.155: [GC258.155: [ParNew: 123520K->13696K(123520K), 0.0254750 secs] 301518K->221295K(397848K), 0.0255200 secs] [Times: user=0.20 sys=0.00, real=0.02 secs] 
258.180: Total time for which application threads were stopped: 0.0256860 seconds, Stopping threads took: 0.0000890 seconds
258.223: Application time: 0.0424160 seconds
258.223: [GC258.223: [ParNew: 123520K->13696K(123520K), 0.0275890 secs] 331119K->250318K(397848K), 0.0276340 secs] [Times: user=0.22 sys=0.00, real=0.02 secs] 
258.251: Total time for which application threads were stopped: 0.0277670 seconds, Stopping threads took: 0.0000630 seconds
258.307: Application time: 0.0561670 seconds
258.307: [GC258.307: [ParNew: 123520K->13695K(123520K), 0.0252670 secs] 360142K->266841K(397848K), 0.0253210 secs] [Times: user=0.20 sys=0.00, real=0.02 secs] 
258.332: Total time for which application threads were stopped: 0.0254840 seconds, Stopping threads took: 0.0000950 seconds
258.392: Application time: 0.0593390 seconds
258.392: [GC258.392: [ParNew: 123519K->13551K(123520K), 0.0197140 secs] 376665K->279746K(397848K), 0.0197580 secs] [Times: user=0.16 sys=0.00, real=0.02 secs] 
258.412: Total time for which application threads were stopped: 0.0199260 seconds, Stopping threads took: 0.0001010 seconds
258.456: Application time: 0.0446590 seconds
258.461: [GC258.461: [ParNew: 123375K->13696K(123520K), 0.0205670 secs]258.481: [Tenured: 283073K->139215K(283352K), 0.2116660 secs] 389570K->139215K(406872K), [Perm : 9152K->9152K(21248K)], 0.2326530 secs] [Times: user=0.36 sys=0.01, real=0.23 secs] 
258.693: Total time for which application threads were stopped: 0.2371110 seconds, Stopping threads took: 0.0043680 seconds
258.739: Application time: 0.0455540 seconds
258.739: [GC258.739: [ParNew: 109824K->13696K(123520K), 0.0181820 secs] 249039K->165347K(397848K), 0.0182290 secs] [Times: user=0.14 sys=0.00, real=0.02 secs] 
258.757: Total time for which application threads were stopped: 0.0184430 seconds, Stopping threads took: 0.0001340 seconds
258.806: Application time: 0.0482460 seconds
258.806: [GC258.806: [ParNew: 123520K->13696K(123520K), 0.0236010 secs] 275171K->184485K(397848K), 0.0236450 secs] [Times: user=0.18 sys=0.00, real=0.02 secs] 
258.829: Total time for which application threads were stopped: 0.0237740 seconds, Stopping threads took: 0.0000620 seconds
258.880: Application time: 0.0504170 seconds
258.880: [GC258.880: [ParNew: 123520K->13696K(123520K), 0.0227020 secs] 294309K->203763K(397848K), 0.0227430 secs] [Times: user=0.18 sys=0.00, real=0.03 secs] 
258.903: Total time for which application threads were stopped: 0.0228700 seconds, Stopping threads took: 0.0000580 seconds
258.944: Application time: 0.0412360 seconds
258.944: [GC258.944: [ParNew: 123498K->13696K(123520K), 0.0245700 secs] 313566K->230197K(397848K), 0.0246150 secs] [Times: user=0.20 sys=0.00, real=0.02 secs] 
258.969: Total time for which application threads were stopped: 0.0247720 seconds, Stopping threads took: 0.0000860 seconds
259.007: Application time: 0.0383190 seconds
259.007: [GC259.007: [ParNew: 123520K->13696K(123520K), 0.0247560 secs] 340021K->259011K(397848K), 0.0248040 secs] [Times: user=0.20 sys=0.00, real=0.02 secs] 
259.032: Total time for which application threads were stopped: 0.0249870 seconds, Stopping threads took: 0.0001140 seconds
259.081: Application time: 0.0487460 seconds
259.081: [GC259.081: [ParNew: 123520K->13696K(123520K), 0.0277690 secs] 368835K->284229K(397848K), 0.0278140 secs] [Times: user=0.22 sys=0.00, real=0.02 secs] 
259.109: Total time for which application threads were stopped: 0.0279440 seconds, Stopping threads took: 0.0000640 seconds
259.165: Application time: 0.0566250 seconds
259.169: [GC259.169: [ParNew: 123520K->13680K(123520K), 0.0209560 secs]259.190: [Tenured: 283996K->152318K(284120K), 0.2405980 secs] 394053K->152318K(407640K), [Perm : 9152K->9152K(21248K)], 0.2619660 secs] [Times: user=0.40 sys=0.00, real=0.26 secs] 
259.431: Total time for which application threads were stopped: 0.2653300 seconds, Stopping threads took: 0.0032760 seconds
259.485: Application time: 0.0545580 seconds
259.485: [GC259.485: [ParNew: 109824K->13696K(123520K), 0.0114670 secs] 262142K->168252K(397848K), 0.0115130 secs] [Times: user=0.09 sys=0.00, real=0.01 secs] 
259.497: Total time for which application threads were stopped: 0.0117530 seconds, Stopping threads took: 0.0001620 seconds
259.539: Application time: 0.0425240 seconds
259.540: [GC259.540: [ParNew: 123520K->13696K(123520K), 0.0214880 secs] 278076K->190154K(397848K), 0.0215330 secs] [Times: user=0.17 sys=0.00, real=0.03 secs] 
259.561: Total time for which application threads were stopped: 0.0217160 seconds, Stopping threads took: 0.0001170 seconds
259.608: Application time: 0.0471280 seconds
259.608: [GC259.608: [ParNew: 123520K->13696K(123520K), 0.0250720 secs] 299978K->215389K(397848K), 0.0251250 secs] [Times: user=0.20 sys=0.00, real=0.03 secs] 
259.634: Total time for which application threads were stopped: 0.0252790 seconds, Stopping threads took: 0.0000790 seconds
259.682: Application time: 0.0480230 seconds
259.682: [GC259.682: [ParNew: 123520K->13696K(123520K), 0.0245230 secs] 325213K->236664K(397848K), 0.0245670 secs] [Times: user=0.20 sys=0.00, real=0.02 secs] 
259.706: Total time for which application threads were stopped: 0.0247440 seconds, Stopping threads took: 0.0001090 seconds
259.758: Application time: 0.0515450 seconds
259.758: [GC259.758: [ParNew: 123520K->13696K(123520K), 0.0235200 secs] 346488K->256024K(397848K), 0.0235640 secs] [Times: user=0.19 sys=0.00, real=0.03 secs] 
259.782: Total time for which application threads were stopped: 0.0237230 seconds, Stopping threads took: 0.0000920 seconds
259.822: Application time: 0.0405130 seconds
259.822: [GC259.822: [ParNew: 123520K->13696K(123520K), 0.0247220 secs] 365848K->283283K(397848K), 0.0247680 secs] [Times: user=0.19 sys=0.00, real=0.02 secs] 
259.847: Total time for which application threads were stopped: 0.0249360 seconds, Stopping threads took: 0.0000990 seconds
259.889: Application time: 0.0422780 seconds
259.889: [GC259.889: [ParNew: 123520K->13696K(123520K), 0.0262940 secs]259.916: [Tenured: 297923K->146138K(297944K), 0.2491660 secs] 393107K->146138K(421464K), [Perm : 9152K->9152K(21248K)], 0.2762830 secs] [Times: user=0.46 sys=0.00, real=0.28 secs] 
260.166: Total time for which application threads were stopped: 0.2764190 seconds, Stopping threads took: 0.0000680 seconds
260.218: Application time: 0.0523850 seconds
260.218: [GC260.218: [ParNew: 109824K->13696K(123520K), 0.0154500 secs] 255962K->164803K(397848K), 0.0154940 secs] [Times: user=0.12 sys=0.00, real=0.02 secs] 
260.234: Total time for which application threads were stopped: 0.0156610 seconds, Stopping threads took: 0.0000890 seconds
260.292: Application time: 0.0578560 seconds
260.292: [GC260.292: [ParNew: 123520K->13694K(123520K), 0.0194170 secs] 274627K->178188K(397848K), 0.0194590 secs] [Times: user=0.15 sys=0.00, real=0.02 secs] 
260.311: Total time for which application threads were stopped: 0.0196300 seconds, Stopping threads took: 0.0001070 seconds
260.355: Application time: 0.0433410 seconds
260.355: [GC260.355: [ParNew: 123518K->13696K(123520K), 0.0201130 secs] 288012K->195389K(397848K), 0.0201590 secs] [Times: user=0.16 sys=0.00, real=0.02 secs] 
260.375: Total time for which application threads were stopped: 0.0203020 seconds, Stopping threads took: 0.0000750 seconds
260.417: Application time: 0.0416640 seconds
260.421: [GC260.421: [ParNew: 123515K->13696K(123520K), 0.0238110 secs] 305209K->221891K(397848K), 0.0238550 secs] [Times: user=0.19 sys=0.00, real=0.02 secs] 
260.444: Total time for which application threads were stopped: 0.0278090 seconds, Stopping threads took: 0.0038800 seconds
260.495: Application time: 0.0507150 seconds
260.495: [GC260.495: [ParNew: 123520K->13696K(123520K), 0.0255830 secs] 331715K->243824K(397848K), 0.0256280 secs] [Times: user=0.20 sys=0.00, real=0.03 secs] 
260.521: Total time for which application threads were stopped: 0.0258270 seconds, Stopping threads took: 0.0001300 seconds
260.571: Application time: 0.0496460 seconds
260.571: [GC260.571: [ParNew: 123520K->13696K(123520K), 0.0226160 secs] 353648K->261734K(397848K), 0.0226610 secs] [Times: user=0.18 sys=0.00, real=0.03 secs] 
260.593: Total time for which application threads were stopped: 0.0228390 seconds, Stopping threads took: 0.0001120 seconds
260.637: Application time: 0.0439670 seconds
260.638: [GC260.638: [ParNew: 123520K->13696K(123520K), 0.0234760 secs] 371558K->285918K(397848K), 0.0235190 secs] [Times: user=0.19 sys=0.00, real=0.03 secs] 
260.661: Total time for which application threads were stopped: 0.0236890 seconds, Stopping threads took: 0.0001010 seconds
260.703: Application time: 0.0421370 seconds
260.703: [GC260.703: [ParNew: 123520K->13696K(123520K), 0.0259370 secs]260.729: [Tenured: 299374K->146343K(299672K), 0.2316320 secs] 395742K->146343K(423192K), [Perm : 9152K->9152K(21248K)], 0.2584560 secs] [Times: user=0.44 sys=0.01, real=0.26 secs] 
260.962: Total time for which application threads were stopped: 0.2586040 seconds, Stopping threads took: 0.0000810 seconds
261.009: Application time: 0.0466280 seconds
261.009: [GC261.009: [ParNew: 109824K->13696K(123520K), 0.0174170 secs] 256167K->170457K(397848K), 0.0174630 secs] [Times: user=0.14 sys=0.00, real=0.02 secs] 
261.026: Total time for which application threads were stopped: 0.0176370 seconds, Stopping threads took: 0.0000950 seconds
261.083: Application time: 0.0571920 seconds
261.084: [GC261.084: [ParNew: 123520K->13696K(123520K), 0.0224540 secs] 280281K->184792K(397848K), 0.0224970 secs] [Times: user=0.17 sys=0.00, real=0.02 secs] 
261.106: Total time for which application threads were stopped: 0.0226840 seconds, Stopping threads took: 0.0001200 seconds
261.159: Application time: 0.0526270 seconds
261.159: [GC261.159: [ParNew: 123520K->13696K(123520K), 0.0200450 secs] 294616K->199394K(397848K), 0.0200910 secs] [Times: user=0.16 sys=0.00, real=0.02 secs] 
261.179: Total time for which application threads were stopped: 0.0202450 seconds, Stopping threads took: 0.0000860 seconds
261.218: Application time: 0.0395190 seconds
261.219: [GC261.219: [ParNew: 123520K->13696K(123520K), 0.0225890 secs] 309218K->224090K(397848K), 0.0226350 secs] [Times: user=0.17 sys=0.00, real=0.03 secs] 
261.241: Total time for which application threads were stopped: 0.0227940 seconds, Stopping threads took: 0.0000910 seconds
261.292: Application time: 0.0505570 seconds
261.292: [GC261.292: [ParNew: 123520K->13696K(123520K), 0.0260700 secs] 333914K->249276K(397848K), 0.0261140 secs] [Times: user=0.21 sys=0.00, real=0.03 secs] 
261.318: Total time for which application threads were stopped: 0.0262710 seconds, Stopping threads took: 0.0000900 seconds
261.369: Application time: 0.0513200 seconds
261.370: [GC261.370: [ParNew: 123520K->13696K(123520K), 0.0225160 secs] 359100K->265936K(397848K), 0.0225620 secs] [Times: user=0.17 sys=0.00, real=0.02 secs] 
261.392: Total time for which application threads were stopped: 0.0227540 seconds, Stopping threads took: 0.0001230 seconds
261.437: Application time: 0.0445050 seconds
261.437: [GC261.437: [ParNew: 123506K->13696K(123520K), 0.0235670 secs]261.460: [Tenured: 275926K->136713K(276248K), 0.2141360 secs] 375747K->136713K(399768K), [Perm : 9152K->9152K(21248K)], 0.2378550 secs] [Times: user=0.39 sys=0.00, real=0.24 secs] 
261.675: Total time for which application threads were stopped: 0.2380400 seconds, Stopping threads took: 0.0001180 seconds
261.716: Application time: 0.0413390 seconds
261.716: [GC261.716: [ParNew: 109824K->13696K(123520K), 0.0177460 secs] 246537K->165218K(397848K), 0.0177930 secs] [Times: user=0.14 sys=0.00, real=0.02 secs] 
261.734: Total time for which application threads were stopped: 0.0179470 seconds, Stopping threads took: 0.0000760 seconds
261.777: Application time: 0.0431790 seconds
261.777: [GC261.777: [ParNew: 123456K->13696K(123520K), 0.0265220 secs] 274979K->192854K(397848K), 0.0265660 secs] [Times: user=0.21 sys=0.00, real=0.03 secs] 
261.804: Total time for which application threads were stopped: 0.0267630 seconds, Stopping threads took: 0.0001280 seconds
261.858: Application time: 0.0540780 seconds
261.858: [GC261.858: [ParNew: 123520K->13696K(123520K), 0.0241820 secs] 302678K->208837K(397848K), 0.0242270 secs] [Times: user=0.19 sys=0.00, real=0.03 secs] 
261.882: Total time for which application threads were stopped: 0.0243980 seconds, Stopping threads took: 0.0001070 seconds
261.942: Application time: 0.0591090 seconds
261.942: [GC261.942: [ParNew: 123520K->13694K(123520K), 0.0195400 secs] 318661K->221943K(397848K), 0.0195840 secs] [Times: user=0.15 sys=0.00, real=0.02 secs] 
261.961: Total time for which application threads were stopped: 0.0197180 seconds, Stopping threads took: 0.0000700 seconds
262.005: Application time: 0.0439770 seconds
262.005: [GC262.006: [ParNew: 123518K->13696K(123520K), 0.0208860 secs] 331767K->239956K(397848K), 0.0209390 secs] [Times: user=0.16 sys=0.00, real=0.02 secs] 
262.026: Total time for which application threads were stopped: 0.0212340 seconds, Stopping threads took: 0.0002080 seconds
262.071: Application time: 0.0447770 seconds
262.071: [GC262.071: [ParNew: 123520K->13696K(123520K), 0.0249710 secs] 349780K->266448K(397848K), 0.0250260 secs] [Times: user=0.19 sys=0.00, real=0.03 secs] 
262.096: Total time for which application threads were stopped: 0.0252210 seconds, Stopping threads took: 0.0001270 seconds
262.150: Application time: 0.0531820 seconds
262.150: [GC262.150: [ParNew: 123520K->13696K(123520K), 0.0240670 secs] 376272K->283526K(397848K), 0.0241100 secs] [Times: user=0.19 sys=0.00, real=0.03 secs] 
262.174: Total time for which application threads were stopped: 0.0242930 seconds, Stopping threads took: 0.0001160 seconds
262.219: Application time: 0.0450090 seconds
262.219: [GC262.219: [ParNew: 123520K->13696K(123520K), 0.0231370 secs]262.242: [Tenured: 291484K->137140K(292184K), 0.2129340 secs] 393350K->137140K(415704K), [Perm : 9152K->9152K(21248K)], 0.2367880 secs] [Times: user=0.38 sys=0.01, real=0.24 secs] 
262.456: Total time for which application threads were stopped: 0.2369990 seconds, Stopping threads took: 0.0001210 seconds
262.498: Application time: 0.0418310 seconds
262.498: [GC262.498: [ParNew: 109824K->13696K(123520K), 0.0191080 secs] 246964K->166104K(397848K), 0.0191540 secs] [Times: user=0.14 sys=0.00, real=0.02 secs] 
262.517: Total time for which application threads were stopped: 0.0193420 seconds, Stopping threads took: 0.0001190 seconds
262.561: Application time: 0.0439090 seconds
262.561: [GC262.561: [ParNew: 123520K->13696K(123520K), 0.0252570 secs] 275928K->190786K(397848K), 0.0253020 secs] [Times: user=0.19 sys=0.00, real=0.02 secs] 
262.587: Total time for which application threads were stopped: 0.0254760 seconds, Stopping threads took: 0.0001070 seconds
262.633: Application time: 0.0467130 seconds
262.633: [GC262.633: [ParNew: 123520K->13696K(123520K), 0.0235060 secs] 300610K->212447K(397848K), 0.0235560 secs] [Times: user=0.18 sys=0.00, real=0.02 secs] 
262.657: Total time for which application threads were stopped: 0.0237160 seconds, Stopping threads took: 0.0000920 seconds
262.714: Application time: 0.0571980 seconds
262.714: [GC262.714: [ParNew: 123520K->13696K(123520K), 0.0213650 secs] 322271K->226356K(397848K), 0.0214100 secs] [Times: user=0.17 sys=0.00, real=0.02 secs] 
262.736: Total time for which application threads were stopped: 0.0215990 seconds, Stopping threads took: 0.0001210 seconds
262.784: Application time: 0.0477520 seconds
262.784: [GC262.784: [ParNew: 123520K->13696K(123520K), 0.0217310 secs] 336180K->244493K(397848K), 0.0217760 secs] [Times: user=0.17 sys=0.00, real=0.02 secs] 
262.805: Total time for which application threads were stopped: 0.0219760 seconds, Stopping threads took: 0.0001200 seconds
262.849: Application time: 0.0437540 seconds
262.849: [GC262.849: [ParNew: 123520K->13696K(123520K), 0.0237470 secs] 354317K->268781K(397848K), 0.0237910 secs] [Times: user=0.19 sys=0.00, real=0.03 secs] 
262.873: Total time for which application threads were stopped: 0.0239380 seconds, Stopping threads took: 0.0000790 seconds
262.924: Application time: 0.0506490 seconds
262.924: [GC262.924: [ParNew: 123520K->13696K(123520K), 0.0247710 secs]262.949: [Tenured: 276445K->137227K(277016K), 0.2386500 secs] 378605K->137227K(400536K), [Perm : 9152K->9152K(21248K)], 0.2635870 secs] [Times: user=0.44 sys=0.00, real=0.26 secs] 
263.188: Total time for which application threads were stopped: 0.2637750 seconds, Stopping threads took: 0.0001190 seconds
263.238: Application time: 0.0507550 seconds
263.238: [GC263.239: [ParNew: 109824K->13696K(123520K), 0.0125540 secs] 247051K->154098K(397848K), 0.0125980 secs] [Times: user=0.10 sys=0.00, real=0.01 secs] 
263.251: Total time for which application threads were stopped: 0.0127400 seconds, Stopping threads took: 0.0000740 seconds
263.292: Application time: 0.0408650 seconds
263.292: [GC263.292: [ParNew: 123459K->13694K(123520K), 0.0231650 secs] 263862K->179318K(397848K), 0.0232200 secs] [Times: user=0.18 sys=0.00, real=0.03 secs] 
263.316: Total time for which application threads were stopped: 0.0235670 seconds, Stopping threads took: 0.0002450 seconds
263.360: Application time: 0.0449040 seconds
263.365: [GC263.365: [ParNew: 123518K->13694K(123520K), 0.0263100 secs] 289142K->207288K(397848K), 0.0263550 secs] [Times: user=0.21 sys=0.00, real=0.02 secs] 
263.391: Total time for which application threads were stopped: 0.0305430 seconds, Stopping threads took: 0.0041100 seconds
263.439: Application time: 0.0480850 seconds
263.439: [GC263.439: [ParNew: 123518K->13694K(123520K), 0.0240560 secs] 317112K->227941K(397848K), 0.0241030 secs] [Times: user=0.19 sys=0.00, real=0.03 secs] 
263.463: Total time for which application threads were stopped: 0.0242690 seconds, Stopping threads took: 0.0000990 seconds
263.514: Application time: 0.0502840 seconds
263.514: [GC263.514: [ParNew: 123518K->13696K(123520K), 0.0224020 secs] 337765K->246009K(397848K), 0.0224480 secs] [Times: user=0.18 sys=0.00, real=0.02 secs] 
263.536: Total time for which application threads were stopped: 0.0226560 seconds, Stopping threads took: 0.0001420 seconds
263.592: Application time: 0.0556540 seconds
263.592: [GC263.592: [ParNew: 123131K->13696K(123520K), 0.0219820 secs] 355444K->261934K(397848K), 0.0220240 secs] [Times: user=0.18 sys=0.00, real=0.03 secs] 
263.614: Total time for which application threads were stopped: 0.0221610 seconds, Stopping threads took: 0.0000710 seconds
263.655: Application time: 0.0413190 seconds
263.656: [GC263.656: [ParNew: 123520K->13696K(123520K), 0.0230260 secs] 371758K->284876K(397848K), 0.0230700 secs] [Times: user=0.18 sys=0.00, real=0.02 secs] 
263.679: Total time for which application threads were stopped: 0.0232840 seconds, Stopping threads took: 0.0001260 seconds
263.724: Application time: 0.0457600 seconds
263.725: [GC263.725: [ParNew: 123520K->13696K(123520K), 0.0253260 secs]263.750: [Tenured: 297485K->154645K(297560K), 0.2476560 secs] 394700K->154645K(421080K), [Perm : 9152K->9152K(21248K)], 0.2738870 secs] [Times: user=0.45 sys=0.00, real=0.27 secs] 
263.999: Total time for which application threads were stopped: 0.2740910 seconds, Stopping threads took: 0.0001310 seconds
264.054: Application time: 0.0558250 seconds
264.057: [GC264.057: [ParNew: 109824K->13696K(123520K), 0.0141080 secs] 264469K->170522K(397848K), 0.0141540 secs] [Times: user=0.11 sys=0.00, real=0.01 secs] 
264.071: Total time for which application threads were stopped: 0.0162810 seconds, Stopping threads took: 0.0020470 seconds
264.117: Application time: 0.0466680 seconds
264.118: [GC264.118: [ParNew: 123520K->13696K(123520K), 0.0226650 secs] 280346K->191406K(397848K), 0.0227120 secs] [Times: user=0.18 sys=0.00, real=0.02 secs] 
264.140: Total time for which application threads were stopped: 0.0229230 seconds, Stopping threads took: 0.0001420 seconds
264.185: Application time: 0.0442600 seconds
264.189: [GC264.189: [ParNew: 123520K->13696K(123520K), 0.0244590 secs] 301230K->217852K(397848K), 0.0245050 secs] [Times: user=0.20 sys=0.00, real=0.03 secs] 
264.213: Total time for which application threads were stopped: 0.0285070 seconds, Stopping threads took: 0.0039330 seconds
264.261: Application time: 0.0482270 seconds
264.261: [GC264.261: [ParNew: 123520K->13696K(123520K), 0.0265540 secs] 327676K->243006K(397848K), 0.0265960 secs] [Times: user=0.21 sys=0.00, real=0.02 secs] 
264.288: Total time for which application threads were stopped: 0.0267610 seconds, Stopping threads took: 0.0000970 seconds
264.338: Application time: 0.0495520 seconds
264.338: [GC264.338: [ParNew: 123520K->13696K(123520K), 0.0226970 secs] 352830K->261601K(397848K), 0.0227420 secs] [Times: user=0.18 sys=0.00, real=0.03 secs] 
264.361: Total time for which application threads were stopped: 0.0229000 seconds, Stopping threads took: 0.0000920 seconds
264.414: Application time: 0.0539900 seconds
264.415: [GC264.415: [ParNew: 123520K->13696K(123520K), 0.0232970 secs] 371425K->278484K(397848K), 0.0233500 secs] [Times: user=0.18 sys=0.00, real=0.02 secs] 
264.438: Total time for which application threads were stopped: 0.0235060 seconds, Stopping threads took: 0.0000880 seconds
264.486: Application time: 0.0478550 seconds
264.486: [GC264.486: [ParNew: 123520K->13696K(123520K), 0.0215310 secs]264.508: [Tenured: 283167K->132076K(283352K), 0.2002940 secs] 388308K->132076K(406872K), [Perm : 9152K->9152K(21248K)], 0.2222170 secs] [Times: user=0.37 sys=0.00, real=0.22 secs] 
264.708: Total time for which application threads were stopped: 0.2223740 seconds, Stopping threads took: 0.0000890 seconds
264.747: Application time: 0.0392460 seconds
264.749: [GC264.749: [ParNew: 109824K->13696K(123520K), 0.0155300 secs] 241900K->158196K(397848K), 0.0155760 secs] [Times: user=0.12 sys=0.00, real=0.02 secs] 
264.764: Total time for which application threads were stopped: 0.0166560 seconds, Stopping threads took: 0.0009960 seconds
264.820: Application time: 0.0562220 seconds
264.821: [GC264.821: [ParNew: 123520K->13696K(123520K), 0.0259400 secs] 268020K->180517K(397848K), 0.0259850 secs] [Times: user=0.21 sys=0.00, real=0.02 secs] 
264.847: Total time for which application threads were stopped: 0.0262620 seconds, Stopping threads took: 0.0001910 seconds
264.896: Application time: 0.0496990 seconds
264.896: [GC264.897: [ParNew: 123520K->13696K(123520K), 0.0211360 secs] 290341K->195320K(397848K), 0.0211830 secs] [Times: user=0.17 sys=0.00, real=0.02 secs] 
264.918: Total time for which application threads were stopped: 0.0213620 seconds, Stopping threads took: 0.0001130 seconds
264.959: Application time: 0.0409960 seconds
264.959: [GC264.959: [ParNew: 123520K->13696K(123520K), 0.0249020 secs] 305144K->223527K(397848K), 0.0249470 secs] [Times: user=0.20 sys=0.00, real=0.03 secs] 
264.984: Total time for which application threads were stopped: 0.0250970 seconds, Stopping threads took: 0.0000810 seconds
265.033: Application time: 0.0488340 seconds
265.033: [GC265.033: [ParNew: 123520K->13696K(123520K), 0.0270130 secs] 333351K->249033K(397848K), 0.0270590 secs] [Times: user=0.21 sys=0.00, real=0.02 secs] 
265.060: Total time for which application threads were stopped: 0.0272380 seconds, Stopping threads took: 0.0001110 seconds
265.111: Application time: 0.0506430 seconds
265.111: [GC265.111: [ParNew: 123520K->13696K(123520K), 0.0237850 secs] 358857K->266433K(397848K), 0.0238270 secs] [Times: user=0.19 sys=0.00, real=0.03 secs] 
265.134: Total time for which application threads were stopped: 0.0239550 seconds, Stopping threads took: 0.0000630 seconds
265.182: Application time: 0.0479850 seconds
265.183: [GC265.183: [ParNew: 123520K->13696K(123520K), 0.0216600 secs] 376257K->286112K(397848K), 0.0217050 secs] [Times: user=0.17 sys=0.00, real=0.02 secs] 
265.204: Total time for which application threads were stopped: 0.0218550 seconds, Stopping threads took: 0.0000830 seconds
265.258: Application time: 0.0533480 seconds
265.258: [GC265.258: [ParNew: 123520K->13696K(123520K), 0.0205630 secs]265.278: [Tenured: 287259K->129638K(287384K), 0.2011510 secs] 395936K->129638K(410904K), [Perm : 9152K->9152K(21248K)], 0.2222240 secs] [Times: user=0.35 sys=0.00, real=0.22 secs] 
265.480: Total time for which application threads were stopped: 0.2223900 seconds, Stopping threads took: 0.0000820 seconds
265.519: Application time: 0.0391400 seconds
265.519: [GC265.519: [ParNew: 109824K->13696K(123520K), 0.0151340 secs] 239462K->157780K(397848K), 0.0151770 secs] [Times: user=0.12 sys=0.00, real=0.02 secs] 
265.535: Total time for which application threads were stopped: 0.0153070 seconds, Stopping threads took: 0.0000620 seconds
265.582: Application time: 0.0472820 seconds
265.582: [GC265.582: [ParNew: 123520K->13696K(123520K), 0.0266560 secs] 267604K->184957K(397848K), 0.0267010 secs] [Times: user=0.20 sys=0.01, real=0.02 secs] 
265.609: Total time for which application threads were stopped: 0.0268920 seconds, Stopping threads took: 0.0001230 seconds
265.663: Application time: 0.0541830 seconds
265.663: [GC265.663: [ParNew: 123520K->13696K(123520K), 0.0210280 secs] 294781K->198812K(397848K), 0.0210820 secs] [Times: user=0.16 sys=0.00, real=0.02 secs] 
265.684: Total time for which application threads were stopped: 0.0212670 seconds, Stopping threads took: 0.0001170 seconds
265.731: Application time: 0.0472610 seconds
265.732: [GC265.732: [ParNew: 123510K->13696K(123520K), 0.0215080 secs] 308626K->217990K(397848K), 0.0215530 secs] [Times: user=0.17 sys=0.00, real=0.03 secs] 
265.753: Total time for which application threads were stopped: 0.0217010 seconds, Stopping threads took: 0.0000800 seconds
265.795: Application time: 0.0422690 seconds
265.796: [GC265.796: [ParNew: 123520K->13696K(123520K), 0.0233060 secs] 327814K->242777K(397848K), 0.0233510 secs] [Times: user=0.18 sys=0.00, real=0.02 secs] 
265.819: Total time for which application threads were stopped: 0.0235450 seconds, Stopping threads took: 0.0001120 seconds
265.865: Application time: 0.0460840 seconds
265.865: [GC265.865: [ParNew: 123520K->13696K(123520K), 0.0259700 secs] 352601K->268658K(397848K), 0.0260150 secs] [Times: user=0.20 sys=0.00, real=0.02 secs] 
265.891: Total time for which application threads were stopped: 0.0262180 seconds, Stopping threads took: 0.0001340 seconds
265.946: Application time: 0.0548090 seconds
265.946: [GC265.946: [ParNew: 123520K->13696K(123520K), 0.0225620 secs] 378482K->284243K(397848K), 0.0226110 secs] [Times: user=0.18 sys=0.00, real=0.02 secs] 
265.969: Total time for which application threads were stopped: 0.0228240 seconds, Stopping threads took: 0.0001260 seconds
266.019: Application time: 0.0497850 seconds
266.019: [GC266.019: [ParNew: 123520K->13696K(123520K), 0.0211580 secs]266.040: [Tenured: 285980K->124888K(286616K), 0.2165290 secs] 394067K->124888K(410136K), [Perm : 9152K->9152K(21248K)], 0.2381610 secs] [Times: user=0.38 sys=0.00, real=0.24 secs] 
266.257: Total time for which application threads were stopped: 0.2383450 seconds, Stopping threads took: 0.0001170 seconds
266.300: Application time: 0.0431270 seconds
266.300: [GC266.300: [ParNew: 109824K->13696K(123520K), 0.0171270 secs] 234712K->152885K(397848K), 0.0171730 secs] [Times: user=0.14 sys=0.00, real=0.02 secs] 
266.318: Total time for which application threads were stopped: 0.0173640 seconds, Stopping threads took: 0.0001130 seconds
266.358: Application time: 0.0406760 seconds
266.358: [GC266.358: [ParNew: 123520K->13696K(123520K), 0.0237260 secs] 262709K->178486K(397848K), 0.0237720 secs] [Times: user=0.18 sys=0.00, real=0.03 secs] 
266.382: Total time for which application threads were stopped: 0.0239700 seconds, Stopping threads took: 0.0001300 seconds
266.439: Application time: 0.0569570 seconds
266.439: [GC266.439: [ParNew: 123520K->13696K(123520K), 0.0242880 secs] 288310K->196117K(397848K), 0.0243320 secs] [Times: user=0.19 sys=0.00, real=0.03 secs] 
266.464: Total time for which application threads were stopped: 0.0245210 seconds, Stopping threads took: 0.0001210 seconds
266.513: Application time: 0.0493520 seconds
266.513: [GC266.513: [ParNew: 123520K->13696K(123520K), 0.0221410 secs] 305941K->214400K(397848K), 0.0221820 secs] [Times: user=0.18 sys=0.00, real=0.02 secs] 
266.535: Total time for which application threads were stopped: 0.0223750 seconds, Stopping threads took: 0.0001270 seconds
266.581: Application time: 0.0455470 seconds
266.581: [GC266.581: [ParNew: 123520K->13696K(123520K), 0.0229490 secs] 324224K->237609K(397848K), 0.0229960 secs] [Times: user=0.18 sys=0.00, real=0.02 secs] 
266.604: Total time for which application threads were stopped: 0.0231840 seconds, Stopping threads took: 0.0001180 seconds
266.646: Application time: 0.0419350 seconds
266.646: [GC266.646: [ParNew: 123520K->13696K(123520K), 0.0244120 secs] 347433K->263807K(397848K), 0.0244590 secs] [Times: user=0.20 sys=0.00, real=0.02 secs] 
266.671: Total time for which application threads were stopped: 0.0246350 seconds, Stopping threads took: 0.0001090 seconds
266.724: Application time: 0.0532410 seconds
266.724: [GC266.724: [ParNew: 123520K->13696K(123520K), 0.0248310 secs] 373631K->283930K(397848K), 0.0248840 secs] [Times: user=0.19 sys=0.00, real=0.02 secs] 
266.749: Total time for which application threads were stopped: 0.0250240 seconds, Stopping threads took: 0.0000740 seconds
266.803: Application time: 0.0542910 seconds
266.803: [GC266.803: [ParNew: 123520K->13696K(123520K), 0.0219280 secs]266.825: [Tenured: 284432K->124698K(284504K), 0.2197940 secs] 393754K->124698K(408024K), [Perm : 9152K->9152K(21248K)], 0.2421470 secs] [Times: user=0.39 sys=0.00, real=0.24 secs] 
267.046: Total time for which application threads were stopped: 0.2423310 seconds, Stopping threads took: 0.0001020 seconds
267.089: Application time: 0.0433030 seconds
267.089: [GC267.089: [ParNew: 109824K->13696K(123520K), 0.0139710 secs] 234522K->147738K(397848K), 0.0140150 secs] [Times: user=0.11 sys=0.00, real=0.02 secs] 
267.103: Total time for which application threads were stopped: 0.0141520 seconds, Stopping threads took: 0.0000690 seconds
267.143: Application time: 0.0401640 seconds
267.143: [GC267.143: [ParNew: 123520K->13696K(123520K), 0.0262330 secs] 257562K->178779K(397848K), 0.0262800 secs] [Times: user=0.21 sys=0.00, real=0.02 secs] 
267.170: Total time for which application threads were stopped: 0.0264510 seconds, Stopping threads took: 0.0001020 seconds
267.219: Application time: 0.0493190 seconds
267.219: [GC267.219: [ParNew: 123520K->13696K(123520K), 0.0267040 secs] 288603K->201898K(397848K), 0.0267470 secs] [Times: user=0.21 sys=0.00, real=0.03 secs] 
267.246: Total time for which application threads were stopped: 0.0269080 seconds, Stopping threads took: 0.0000960 seconds
267.298: Application time: 0.0520170 seconds
267.298: [GC267.298: [ParNew: 123520K->13696K(123520K), 0.0206140 secs] 311722K->216356K(397848K), 0.0206580 secs] [Times: user=0.17 sys=0.00, real=0.02 secs] 
267.319: Total time for which application threads were stopped: 0.0208250 seconds, Stopping threads took: 0.0000990 seconds
267.367: Application time: 0.0484810 seconds
267.367: [GC267.367: [ParNew: 123520K->13696K(123520K), 0.0225090 secs] 326180K->237041K(397848K), 0.0225540 secs] [Times: user=0.17 sys=0.00, real=0.02 secs] 
267.390: Total time for which application threads were stopped: 0.0227110 seconds, Stopping threads took: 0.0000760 seconds
267.434: Application time: 0.0439470 seconds
267.434: [GC267.434: [ParNew: 123520K->13696K(123520K), 0.0238940 secs] 346865K->260412K(397848K), 0.0239390 secs] [Times: user=0.18 sys=0.00, real=0.02 secs] 
267.458: Total time for which application threads were stopped: 0.0241150 seconds, Stopping threads took: 0.0000910 seconds
267.502: Application time: 0.0438750 seconds
267.502: [GC267.502: [ParNew: 123520K->13696K(123520K), 0.0249220 secs] 370236K->284068K(397848K), 0.0249660 secs] [Times: user=0.19 sys=0.00, real=0.02 secs] 
267.527: Total time for which application threads were stopped: 0.0251390 seconds, Stopping threads took: 0.0001070 seconds
267.584: Application time: 0.0565430 seconds
267.584: [GC267.584: [ParNew: 123520K->13696K(123520K), 0.0224190 secs]267.606: [Tenured: 284298K->134241K(284312K), 0.2322660 secs] 393892K->134241K(407832K), [Perm : 9152K->9152K(21248K)], 0.2551720 secs] [Times: user=0.41 sys=0.00, real=0.25 secs] 
267.840: Total time for which application threads were stopped: 0.2564070 seconds, Stopping threads took: 0.0001000 seconds
267.888: Application time: 0.0479920 seconds
267.888: [GC267.888: [ParNew: 109824K->13696K(123520K), 0.0127510 secs] 244065K->153202K(397848K), 0.0127980 secs] [Times: user=0.07 sys=0.03, real=0.02 secs] 
267.901: Total time for which application threads were stopped: 0.0130200 seconds, Stopping threads took: 0.0001440 seconds
267.942: Application time: 0.0410760 seconds
267.942: [GC267.942: [ParNew: 123520K->13696K(123520K), 0.0230380 secs] 263026K->178915K(397848K), 0.0230840 secs] [Times: user=0.18 sys=0.00, real=0.02 secs] 
267.965: Total time for which application threads were stopped: 0.0232510 seconds, Stopping threads took: 0.0000880 seconds
268.008: Application time: 0.0424740 seconds
268.008: [GC268.008: [ParNew: 123520K->13696K(123520K), 0.0254240 secs] 288739K->206295K(397848K), 0.0254770 secs] [Times: user=0.20 sys=0.00, real=0.03 secs] 
268.033: Total time for which application threads were stopped: 0.0256040 seconds, Stopping threads took: 0.0000570 seconds
268.086: Application time: 0.0523390 seconds
268.086: [GC268.086: [ParNew: 123520K->13696K(123520K), 0.0248460 secs] 316119K->227034K(397848K), 0.0248920 secs] [Times: user=0.19 sys=0.00, real=0.02 secs] 
268.111: Total time for which application threads were stopped: 0.0250790 seconds, Stopping threads took: 0.0001210 seconds
268.161: Application time: 0.0500140 seconds
268.165: [GC268.165: [ParNew: 123520K->13696K(123520K), 0.0225890 secs] 336858K->244441K(397848K), 0.0226350 secs] [Times: user=0.18 sys=0.00, real=0.02 secs] 
268.187: Total time for which application threads were stopped: 0.0265240 seconds, Stopping threads took: 0.0038010 seconds
268.235: Application time: 0.0474630 seconds
268.235: [GC268.235: [ParNew: 123520K->13696K(123520K), 0.0230320 secs] 354265K->265581K(397848K), 0.0230770 secs] [Times: user=0.18 sys=0.00, real=0.02 secs] 
268.258: Total time for which application threads were stopped: 0.0232060 seconds, Stopping threads took: 0.0000630 seconds
268.301: Application time: 0.0434450 seconds
268.302: [GC268.302: [ParNew: 123362K->13696K(123520K), 0.0246960 secs]268.327: [Tenured: 277238K->141959K(277784K), 0.2382420 secs] 375247K->141959K(401304K), [Perm : 9152K->9152K(21248K)], 0.2631340 secs] [Times: user=0.44 sys=0.00, real=0.26 secs] 
268.565: Total time for which application threads were stopped: 0.2634400 seconds, Stopping threads took: 0.0002390 seconds
268.618: Application time: 0.0527910 seconds
268.618: [GC268.618: [ParNew: 109824K->13695K(123520K), 0.0176610 secs] 251783K->163905K(397848K), 0.0177040 secs] [Times: user=0.14 sys=0.00, real=0.02 secs] 
268.636: Total time for which application threads were stopped: 0.0178400 seconds, Stopping threads took: 0.0000600 seconds
268.688: Application time: 0.0527340 seconds
268.688: [GC268.688: [ParNew: 123519K->13696K(123520K), 0.0193140 secs] 273729K->177442K(397848K), 0.0193580 secs] [Times: user=0.15 sys=0.00, real=0.02 secs] 
268.708: Total time for which application threads were stopped: 0.0195290 seconds, Stopping threads took: 0.0000920 seconds
268.755: Application time: 0.0470840 seconds
268.755: [GC268.755: [ParNew: 123478K->13696K(123520K), 0.0217510 secs] 287225K->197793K(397848K), 0.0217950 secs] [Times: user=0.17 sys=0.00, real=0.02 secs] 
268.777: Total time for which application threads were stopped: 0.0219730 seconds, Stopping threads took: 0.0001090 seconds
268.819: Application time: 0.0418810 seconds
268.819: [GC268.819: [ParNew: 123511K->13696K(123520K), 0.0258590 secs] 307608K->226316K(397848K), 0.0259050 secs] [Times: user=0.21 sys=0.00, real=0.03 secs] 
268.845: Total time for which application threads were stopped: 0.0260940 seconds, Stopping threads took: 0.0001210 seconds
268.894: Application time: 0.0488630 seconds
268.894: [GC268.894: [ParNew: 123520K->13696K(123520K), 0.0257390 secs] 336140K->250060K(397848K), 0.0257820 secs] [Times: user=0.21 sys=0.00, real=0.02 secs] 
268.920: Total time for which application threads were stopped: 0.0259260 seconds, Stopping threads took: 0.0000740 seconds
268.970: Application time: 0.0507000 seconds
268.973: [GC268.973: [ParNew: 123520K->13696K(123520K), 0.0222020 secs] 359884K->266933K(397848K), 0.0222470 secs] [Times: user=0.18 sys=0.00, real=0.02 secs] 
268.995: Total time for which application threads were stopped: 0.0244150 seconds, Stopping threads took: 0.0021000 seconds
269.043: Application time: 0.0480490 seconds
269.043: [GC269.043: [ParNew: 123520K->13696K(123520K), 0.0233770 secs]269.066: [Tenured: 275302K->134750K(275864K), 0.2306310 secs] 376757K->134750K(399384K), [Perm : 9152K->9152K(21248K)], 0.2541390 secs] [Times: user=0.41 sys=0.00, real=0.25 secs] 
269.297: Total time for which application threads were stopped: 0.2543500 seconds, Stopping threads took: 0.0001440 seconds
269.342: Application time: 0.0446570 seconds
269.342: [GC269.342: [ParNew: 109824K->13694K(123520K), 0.0153400 secs] 244574K->158142K(397848K), 0.0153930 secs] [Times: user=0.12 sys=0.00, real=0.01 secs] 
269.357: Total time for which application threads were stopped: 0.0155560 seconds, Stopping threads took: 0.0000800 seconds
269.403: Application time: 0.0456280 seconds
269.403: [GC269.403: [ParNew: 123518K->13694K(123520K), 0.0226240 secs] 267966K->179663K(397848K), 0.0226700 secs] [Times: user=0.18 sys=0.00, real=0.02 secs] 
269.426: Total time for which application threads were stopped: 0.0228280 seconds, Stopping threads took: 0.0000910 seconds
269.482: Application time: 0.0562820 seconds
269.482: [GC269.482: [ParNew: 123518K->13696K(123520K), 0.0219490 secs] 289487K->195227K(397848K), 0.0219940 secs] [Times: user=0.18 sys=0.00, real=0.02 secs] 
269.504: Total time for which application threads were stopped: 0.0221510 seconds, Stopping threads took: 0.0000900 seconds
269.553: Application time: 0.0489270 seconds
269.553: [GC269.553: [ParNew: 123520K->13696K(123520K), 0.0215100 secs] 305051K->212698K(397848K), 0.0215540 secs] [Times: user=0.17 sys=0.00, real=0.02 secs] 
269.575: Total time for which application threads were stopped: 0.0217240 seconds, Stopping threads took: 0.0001040 seconds
269.620: Application time: 0.0446990 seconds
269.620: [GC269.620: [ParNew: 123520K->13696K(123520K), 0.0248720 secs] 322522K->238673K(397848K), 0.0249170 secs] [Times: user=0.19 sys=0.01, real=0.03 secs] 
269.645: Total time for which application threads were stopped: 0.0251030 seconds, Stopping threads took: 0.0001170 seconds
269.689: Application time: 0.0445080 seconds
269.689: [GC269.689: [ParNew: 123520K->13696K(123520K), 0.0260850 secs] 348497K->265389K(397848K), 0.0261300 secs] [Times: user=0.20 sys=0.00, real=0.03 secs] 
269.716: Total time for which application threads were stopped: 0.0262880 seconds, Stopping threads took: 0.0000900 seconds
269.766: Application time: 0.0507510 seconds
269.769: [GC269.769: [ParNew: 123520K->13696K(123520K), 0.0246510 secs] 375213K->286325K(397848K), 0.0246970 secs] [Times: user=0.19 sys=0.00, real=0.03 secs] 
269.793: Total time for which application threads were stopped: 0.0269340 seconds, Stopping threads took: 0.0021710 seconds
269.841: Application time: 0.0472600 seconds
269.841: [GC269.841: [ParNew: 123520K->13696K(123520K), 0.0235420 secs]269.864: [Tenured: 292543K->147556K(292568K), 0.2334510 secs] 396149K->147556K(416088K), [Perm : 9152K->9152K(21248K)], 0.2576580 secs] [Times: user=0.42 sys=0.00, real=0.25 secs] 
270.098: Total time for which application threads were stopped: 0.2577850 seconds, Stopping threads took: 0.0000580 seconds
270.149: Application time: 0.0506290 seconds
270.149: [GC270.149: [ParNew: 109824K->13696K(123520K), 0.0155930 secs] 257380K->168610K(397848K), 0.0156390 secs] [Times: user=0.12 sys=0.00, real=0.02 secs] 
270.165: Total time for which application threads were stopped: 0.0158080 seconds, Stopping threads took: 0.0000890 seconds
270.210: Application time: 0.0448220 seconds
270.210: [GC270.210: [ParNew: 123520K->13696K(123520K), 0.0219920 secs] 278434K->189128K(397848K), 0.0220380 secs] [Times: user=0.17 sys=0.00, real=0.02 secs] 
270.232: Total time for which application threads were stopped: 0.0221890 seconds, Stopping threads took: 0.0000830 seconds
270.282: Application time: 0.0505670 seconds
270.282: [GC270.283: [ParNew: 123520K->13696K(123520K), 0.0234510 secs] 298952K->209956K(397848K), 0.0234950 secs] [Times: user=0.18 sys=0.00, real=0.02 secs] 
270.306: Total time for which application threads were stopped: 0.0236840 seconds, Stopping threads took: 0.0001220 seconds
270.356: Application time: 0.0500910 seconds
270.356: [GC270.356: [ParNew: 123520K->13694K(123520K), 0.0218820 secs] 319780K->228323K(397848K), 0.0219270 secs] [Times: user=0.17 sys=0.00, real=0.02 secs] 
270.378: Total time for which application threads were stopped: 0.0220910 seconds, Stopping threads took: 0.0000960 seconds
270.424: Application time: 0.0461110 seconds
270.424: [GC270.424: [ParNew: 123518K->13696K(123520K), 0.0232610 secs] 338147K->250456K(397848K), 0.0233150 secs] [Times: user=0.19 sys=0.00, real=0.02 secs] 
270.448: Total time for which application threads were stopped: 0.0234720 seconds, Stopping threads took: 0.0000780 seconds
270.490: Application time: 0.0417550 seconds
270.493: [GC270.493: [ParNew: 123520K->13696K(123520K), 0.0239440 secs] 360280K->274372K(397848K), 0.0239890 secs] [Times: user=0.18 sys=0.00, real=0.02 secs] 
270.517: Total time for which application threads were stopped: 0.0271200 seconds, Stopping threads took: 0.0030460 seconds
270.565: Application time: 0.0481670 seconds
270.565: [GC270.565: [ParNew: 123520K->13696K(123520K), 0.0255270 secs]270.591: [Tenured: 284441K->146751K(284504K), 0.2249910 secs] 384196K->146751K(408024K), [Perm : 9152K->9152K(21248K)], 0.2509430 secs] [Times: user=0.43 sys=0.00, real=0.25 secs] 
270.816: Total time for which application threads were stopped: 0.2511480 seconds, Stopping threads took: 0.0001290 seconds
270.862: Application time: 0.0459120 seconds
270.862: [GC270.862: [ParNew: 109824K->13696K(123520K), 0.0145110 secs] 256575K->168790K(397848K), 0.0145560 secs] [Times: user=0.11 sys=0.00, real=0.01 secs] 
270.877: Total time for which application threads were stopped: 0.0147250 seconds, Stopping threads took: 0.0000880 seconds
270.924: Application time: 0.0476530 seconds
270.924: [GC270.924: [ParNew: 123520K->13696K(123520K), 0.0231310 secs] 278614K->190152K(397848K), 0.0231770 secs] [Times: user=0.18 sys=0.00, real=0.02 secs] 
270.948: Total time for which application threads were stopped: 0.0233620 seconds, Stopping threads took: 0.0001110 seconds
271.000: Application time: 0.0522420 seconds
271.000: [GC271.000: [ParNew: 123520K->13696K(123520K), 0.0215750 secs] 299976K->206975K(397848K), 0.0216170 secs] [Times: user=0.17 sys=0.00, real=0.03 secs] 
271.022: Total time for which application threads were stopped: 0.0217590 seconds, Stopping threads took: 0.0000760 seconds
271.065: Application time: 0.0432870 seconds
271.065: [GC271.065: [ParNew: 123520K->13694K(123520K), 0.0229430 secs] 316799K->229408K(397848K), 0.0229900 secs] [Times: user=0.18 sys=0.00, real=0.02 secs] 
271.088: Total time for which application threads were stopped: 0.0231840 seconds, Stopping threads took: 0.0001270 seconds
271.139: Application time: 0.0512600 seconds
271.140: [GC271.140: [ParNew: 123518K->13694K(123520K), 0.0243720 secs] 339232K->251627K(397848K), 0.0244180 secs] [Times: user=0.19 sys=0.00, real=0.03 secs] 
271.164: Total time for which application threads were stopped: 0.0246080 seconds, Stopping threads took: 0.0001220 seconds
271.214: Application time: 0.0502940 seconds
271.215: [GC271.215: [ParNew: 123518K->13696K(123520K), 0.0230380 secs] 361451K->267475K(397848K), 0.0230810 secs] [Times: user=0.17 sys=0.00, real=0.02 secs] 
271.238: Total time for which application threads were stopped: 0.0233070 seconds, Stopping threads took: 0.0001500 seconds
271.282: Application time: 0.0448620 seconds
271.283: [GC271.283: [ParNew: 123520K->13696K(123520K), 0.0229540 secs]271.306: [Tenured: 275690K->140030K(275864K), 0.2130000 secs] 377299K->140030K(399384K), [Perm : 9152K->9152K(21248K)], 0.2360910 secs] [Times: user=0.39 sys=0.00, real=0.23 secs] 
271.519: Total time for which application threads were stopped: 0.2362630 seconds, Stopping threads took: 0.0000920 seconds
271.562: Application time: 0.0431230 seconds
271.562: [GC271.562: [ParNew: 109824K->13696K(123520K), 0.0173660 secs] 249854K->166506K(397848K), 0.0174110 secs] [Times: user=0.13 sys=0.00, real=0.01 secs] 
271.579: Total time for which application threads were stopped: 0.0175870 seconds, Stopping threads took: 0.0000950 seconds
271.629: Application time: 0.0492700 seconds
271.629: [GC271.629: [ParNew: 123520K->13696K(123520K), 0.0245220 secs] 276330K->188718K(397848K), 0.0245670 secs] [Times: user=0.19 sys=0.00, real=0.03 secs] 
271.653: Total time for which application threads were stopped: 0.0247300 seconds, Stopping threads took: 0.0000980 seconds
271.695: Application time: 0.0413880 seconds
271.695: [GC271.695: [ParNew: 123520K->13696K(123520K), 0.0222830 secs] 298542K->211199K(397848K), 0.0223370 secs] [Times: user=0.18 sys=0.00, real=0.02 secs] 
271.717: Total time for which application threads were stopped: 0.0224640 seconds, Stopping threads took: 0.0000580 seconds
271.774: Application time: 0.0566200 seconds
271.774: [GC271.774: [ParNew: 123520K->13696K(123520K), 0.0231780 secs] 321023K->229159K(397848K), 0.0232220 secs] [Times: user=0.18 sys=0.00, real=0.02 secs] 
271.797: Total time for which application threads were stopped: 0.0234080 seconds, Stopping threads took: 0.0001200 seconds
271.841: Application time: 0.0439130 seconds
271.841: [GC271.841: [ParNew: 123520K->13696K(123520K), 0.0228010 secs] 338983K->250596K(397848K), 0.0228480 secs] [Times: user=0.18 sys=0.00, real=0.02 secs] 
271.864: Total time for which application threads were stopped: 0.0230190 seconds, Stopping threads took: 0.0001030 seconds
271.914: Application time: 0.0492420 seconds
271.914: [GC271.914: [ParNew: 123520K->13696K(123520K), 0.0238600 secs] 360420K->273901K(397848K), 0.0239040 secs] [Times: user=0.19 sys=0.00, real=0.02 secs] 
271.938: Total time for which application threads were stopped: 0.0240650 seconds, Stopping threads took: 0.0000940 seconds
271.986: Application time: 0.0479120 seconds
271.986: [GC271.986: [ParNew: 123520K->13694K(123520K), 0.0216670 secs]272.007: [Tenured: 277285K->134384K(277592K), 0.2281660 secs] 383725K->134384K(401112K), [Perm : 9152K->9152K(21248K)], 0.2500290 secs] [Times: user=0.40 sys=0.00, real=0.25 secs] 
272.236: Total time for which application threads were stopped: 0.2501540 seconds, Stopping threads took: 0.0000570 seconds
272.291: Application time: 0.0556850 seconds
272.291: [GC272.292: [ParNew: 109824K->13695K(123520K), 0.0136090 secs] 244208K->150704K(397848K), 0.0136530 secs] [Times: user=0.11 sys=0.00, real=0.02 secs] 
272.305: Total time for which application threads were stopped: 0.0138240 seconds, Stopping threads took: 0.0000930 seconds
272.344: Application time: 0.0390230 seconds
272.344: [GC272.344: [ParNew: 123519K->13696K(123520K), 0.0243660 secs] 260528K->177705K(397848K), 0.0244130 secs] [Times: user=0.19 sys=0.01, real=0.02 secs] 
272.369: Total time for which application threads were stopped: 0.0245710 seconds, Stopping threads took: 0.0000900 seconds
272.415: Application time: 0.0460090 seconds
272.415: [GC272.415: [ParNew: 123520K->13696K(123520K), 0.0262310 secs] 287529K->204982K(397848K), 0.0262740 secs] [Times: user=0.21 sys=0.00, real=0.03 secs] 
272.441: Total time for which application threads were stopped: 0.0264550 seconds, Stopping threads took: 0.0001160 seconds
272.486: Application time: 0.0443750 seconds
272.486: [GC272.486: [ParNew: 123520K->13696K(123520K), 0.0265360 secs] 314806K->228509K(397848K), 0.0265780 secs] [Times: user=0.20 sys=0.00, real=0.02 secs] 
272.512: Total time for which application threads were stopped: 0.0267700 seconds, Stopping threads took: 0.0001050 seconds
272.563: Application time: 0.0510480 seconds
272.564: [GC272.564: [ParNew: 123520K->13696K(123520K), 0.0241970 secs] 338333K->249652K(397848K), 0.0242420 secs] [Times: user=0.19 sys=0.00, real=0.02 secs] 
272.588: Total time for which application threads were stopped: 0.0243770 seconds, Stopping threads took: 0.0000690 seconds
272.641: Application time: 0.0531900 seconds
272.641: [GC272.641: [ParNew: 123520K->13696K(123520K), 0.0211140 secs] 359476K->265861K(397848K), 0.0211590 secs] [Times: user=0.16 sys=0.00, real=0.02 secs] 
272.662: Total time for which application threads were stopped: 0.0213340 seconds, Stopping threads took: 0.0001060 seconds
272.706: Application time: 0.0436020 seconds
272.706: [GC272.706: [ParNew: 123520K->13696K(123520K), 0.0218960 secs] 375685K->286655K(397848K), 0.0219380 secs] [Times: user=0.17 sys=0.00, real=0.02 secs] 
272.728: Total time for which application threads were stopped: 0.0220840 seconds, Stopping threads took: 0.0000770 seconds
272.782: Application time: 0.0538440 seconds
272.782: [GC272.782: [ParNew: 123520K->13696K(123520K), 0.0244670 secs]272.807: [Tenured: 294102K->147659K(294104K), 0.2336880 secs] 396479K->147659K(417624K), [Perm : 9152K->9152K(21248K)], 0.2589020 secs] [Times: user=0.41 sys=0.01, real=0.26 secs] 
273.042: Total time for which application threads were stopped: 0.2598910 seconds, Stopping threads took: 0.0000860 seconds
273.095: Application time: 0.0529420 seconds
273.095: [GC273.095: [ParNew: 109824K->13696K(123520K), 0.0137500 secs] 257483K->164584K(397848K), 0.0137940 secs] [Times: user=0.10 sys=0.00, real=0.01 secs] 
273.109: Total time for which application threads were stopped: 0.0139700 seconds, Stopping threads took: 0.0000990 seconds
273.154: Application time: 0.0453580 seconds
273.154: [GC273.154: [ParNew: 123520K->13696K(123520K), 0.0218000 secs] 274408K->185168K(397848K), 0.0218450 secs] [Times: user=0.18 sys=0.00, real=0.02 secs] 
273.176: Total time for which application threads were stopped: 0.0219900 seconds, Stopping threads took: 0.0000790 seconds
273.216: Application time: 0.0398240 seconds
273.216: [GC273.216: [ParNew: 123520K->13696K(123520K), 0.0231200 secs] 294992K->211009K(397848K), 0.0231640 secs] [Times: user=0.18 sys=0.00, real=0.02 secs] 
273.239: Total time for which application threads were stopped: 0.0233480 seconds, Stopping threads took: 0.0001140 seconds
273.291: Application time: 0.0514800 seconds
273.291: [GC273.291: [ParNew: 123520K->13695K(123520K), 0.0283300 secs] 320833K->238736K(397848K), 0.0283750 secs] [Times: user=0.22 sys=0.00, real=0.03 secs] 
273.319: Total time for which application threads were stopped: 0.0285410 seconds, Stopping threads took: 0.0000970 seconds
273.363: Application time: 0.0438020 seconds
273.363: [GC273.363: [ParNew: 123519K->13694K(123520K), 0.0238150 secs] 348560K->260550K(397848K), 0.0238610 secs] [Times: user=0.19 sys=0.00, real=0.02 secs] 
273.387: Total time for which application threads were stopped: 0.0240220 seconds, Stopping threads took: 0.0000920 seconds
273.447: Application time: 0.0598660 seconds
273.447: [GC273.447: [ParNew: 123518K->13696K(123520K), 0.0228030 secs] 370374K->275430K(397848K), 0.0228490 secs] [Times: user=0.18 sys=0.00, real=0.02 secs] 
273.470: Total time for which application threads were stopped: 0.0230210 seconds, Stopping threads took: 0.0001040 seconds
273.514: Application time: 0.0445080 seconds
273.517: [GC273.517: [ParNew: 123520K->13696K(123520K), 0.0232450 secs]273.540: [Tenured: 282807K->144920K(282968K), 0.2228050 secs] 385254K->144920K(406488K), [Perm : 9152K->9152K(21248K)], 0.2464290 secs] [Times: user=0.40 sys=0.00, real=0.25 secs] 
273.763: Total time for which application threads were stopped: 0.2485210 seconds, Stopping threads took: 0.0020240 seconds
273.813: Application time: 0.0504510 seconds
273.814: [GC273.814: [ParNew: 109824K->13696K(123520K), 0.0177570 secs] 254744K->167824K(397848K), 0.0178030 secs] [Times: user=0.14 sys=0.00, real=0.01 secs] 
273.831: Total time for which application threads were stopped: 0.0179600 seconds, Stopping threads took: 0.0000790 seconds
273.879: Application time: 0.0476830 seconds
273.879: [GC273.879: [ParNew: 123520K->13696K(123520K), 0.0214530 secs] 277648K->185588K(397848K), 0.0214990 secs] [Times: user=0.17 sys=0.00, real=0.03 secs] 
273.901: Total time for which application threads were stopped: 0.0216400 seconds, Stopping threads took: 0.0000710 seconds
273.954: Application time: 0.0533760 seconds
273.954: [GC273.954: [ParNew: 123520K->13696K(123520K), 0.0212680 secs] 295412K->202743K(397848K), 0.0213120 secs] [Times: user=0.17 sys=0.00, real=0.02 secs] 
273.976: Total time for which application threads were stopped: 0.0214290 seconds, Stopping threads took: 0.0000480 seconds
274.014: Application time: 0.0389380 seconds
274.015: [GC274.015: [ParNew: 123520K->13696K(123520K), 0.0248190 secs] 312567K->229517K(397848K), 0.0248640 secs] [Times: user=0.19 sys=0.00, real=0.02 secs] 
274.040: Total time for which application threads were stopped: 0.0250670 seconds, Stopping threads took: 0.0001350 seconds
274.087: Application time: 0.0470360 seconds
274.087: [GC274.087: [ParNew: 123520K->13696K(123520K), 0.0273490 secs] 339341K->257753K(397848K), 0.0274030 secs] [Times: user=0.22 sys=0.00, real=0.03 secs] 
274.114: Total time for which application threads were stopped: 0.0276300 seconds, Stopping threads took: 0.0001390 seconds
274.158: Application time: 0.0434470 seconds
274.158: [GC274.158: [ParNew: 123520K->13696K(123520K), 0.0249520 secs] 367577K->281470K(397848K), 0.0249960 secs] [Times: user=0.20 sys=0.00, real=0.03 secs] 
274.183: Total time for which application threads were stopped: 0.0251680 seconds, Stopping threads took: 0.0001030 seconds
274.236: Application time: 0.0530870 seconds
274.236: [GC274.236: [ParNew: 123520K->13696K(123520K), 0.0233870 secs]274.260: [Tenured: 287074K->159038K(287192K), 0.2470800 secs] 391294K->159038K(410712K), [Perm : 9152K->9152K(21248K)], 0.2709630 secs] [Times: user=0.43 sys=0.01, real=0.27 secs] 
274.507: Total time for which application threads were stopped: 0.2711660 seconds, Stopping threads took: 0.0001350 seconds
274.559: Application time: 0.0520050 seconds
274.559: [GC274.559: [ParNew: 109824K->13696K(123520K), 0.0110500 secs] 268862K->174584K(397848K), 0.0110940 secs] [Times: user=0.09 sys=0.00, real=0.01 secs] 
274.570: Total time for which application threads were stopped: 0.0112670 seconds, Stopping threads took: 0.0000900 seconds
274.614: Application time: 0.0436250 seconds
274.614: [GC274.614: [ParNew: 123520K->13696K(123520K), 0.0218800 secs] 284408K->196481K(397848K), 0.0219260 secs] [Times: user=0.17 sys=0.00, real=0.02 secs] 
274.636: Total time for which application threads were stopped: 0.0221450 seconds, Stopping threads took: 0.0001510 seconds
274.691: Application time: 0.0544200 seconds
274.693: [GC274.693: [ParNew: 123520K->13696K(123520K), 0.0224720 secs] 306305K->213888K(397848K), 0.0225180 secs] [Times: user=0.18 sys=0.00, real=0.02 secs] 
274.715: Total time for which application threads were stopped: 0.0245410 seconds, Stopping threads took: 0.0019560 seconds
274.767: Application time: 0.0523010 seconds
274.768: [GC274.768: [ParNew: 123520K->13696K(123520K), 0.0227730 secs] 323712K->231796K(397848K), 0.0228170 secs] [Times: user=0.18 sys=0.00, real=0.02 secs] 
274.790: Total time for which application threads were stopped: 0.0230210 seconds, Stopping threads took: 0.0001350 seconds
274.838: Application time: 0.0474000 seconds
274.838: [GC274.838: [ParNew: 123520K->13696K(123520K), 0.0234510 secs] 341620K->253982K(397848K), 0.0234950 secs] [Times: user=0.19 sys=0.00, real=0.03 secs] 
274.862: Total time for which application threads were stopped: 0.0236570 seconds, Stopping threads took: 0.0000920 seconds
274.902: Application time: 0.0402210 seconds
274.902: [GC274.902: [ParNew: 123520K->13696K(123520K), 0.0241210 secs] 363806K->279802K(397848K), 0.0241670 secs] [Times: user=0.19 sys=0.00, real=0.02 secs] 
274.926: Total time for which application threads were stopped: 0.0243380 seconds, Stopping threads took: 0.0001030 seconds
274.971: Application time: 0.0444370 seconds
274.971: [GC274.971: [ParNew: 123520K->13696K(123520K), 0.0287700 secs]274.999: [Tenured: 296992K->140849K(297176K), 0.2369000 secs] 389626K->140849K(420696K), [Perm : 9152K->9152K(21248K)], 0.2664870 secs] [Times: user=0.45 sys=0.02, real=0.27 secs] 
275.237: Total time for which application threads were stopped: 0.2666610 seconds, Stopping threads took: 0.0001050 seconds
275.283: Application time: 0.0456970 seconds
275.283: [GC275.283: [ParNew: 109824K->13696K(123520K), 0.0166220 secs] 250673K->164033K(397848K), 0.0166680 secs] [Times: user=0.13 sys=0.00, real=0.01 secs] 
275.300: Total time for which application threads were stopped: 0.0168630 seconds, Stopping threads took: 0.0001130 seconds
275.356: Application time: 0.0564630 seconds
275.356: [GC275.356: [ParNew: 123520K->13696K(123520K), 0.0205460 secs] 273857K->177041K(397848K), 0.0205900 secs] [Times: user=0.16 sys=0.00, real=0.02 secs] 
275.377: Total time for which application threads were stopped: 0.0207360 seconds, Stopping threads took: 0.0000810 seconds
275.420: Application time: 0.0427440 seconds
275.420: [GC275.420: [ParNew: 123520K->13696K(123520K), 0.0217440 secs] 286865K->197632K(397848K), 0.0218000 secs] [Times: user=0.17 sys=0.00, real=0.03 secs] 
275.442: Total time for which application threads were stopped: 0.0219650 seconds, Stopping threads took: 0.0000970 seconds
275.494: Application time: 0.0523980 seconds
275.494: [GC275.494: [ParNew: 123520K->13696K(123520K), 0.0244860 secs] 307456K->217650K(397848K), 0.0245310 secs] [Times: user=0.19 sys=0.00, real=0.02 secs] 
275.519: Total time for which application threads were stopped: 0.0246930 seconds, Stopping threads took: 0.0000930 seconds
275.570: Application time: 0.0508980 seconds
275.570: [GC275.570: [ParNew: 123520K->13696K(123520K), 0.0216660 secs] 327474K->234009K(397848K), 0.0217120 secs] [Times: user=0.17 sys=0.00, real=0.02 secs] 
275.592: Total time for which application threads were stopped: 0.0218700 seconds, Stopping threads took: 0.0000900 seconds
275.643: Application time: 0.0515070 seconds
275.643: [GC275.643: [ParNew: 123520K->13696K(123520K), 0.0225940 secs] 343833K->253806K(397848K), 0.0226370 secs] [Times: user=0.18 sys=0.00, real=0.02 secs] 
275.666: Total time for which application threads were stopped: 0.0228050 seconds, Stopping threads took: 0.0001000 seconds
275.707: Application time: 0.0408740 seconds
275.707: [GC275.707: [ParNew: 123520K->13696K(123520K), 0.0236530 secs] 363630K->278448K(397848K), 0.0236990 secs] [Times: user=0.18 sys=0.00, real=0.02 secs] 
275.731: Total time for which application threads were stopped: 0.0238750 seconds, Stopping threads took: 0.0001070 seconds
275.777: Application time: 0.0464110 seconds
275.781: [GC275.781: [ParNew: 123520K->13696K(123520K), 0.0277110 secs]275.808: [Tenured: 293418K->135802K(293528K), 0.2310260 secs] 388272K->135802K(417048K), [Perm : 9152K->9152K(21248K)], 0.2595050 secs] [Times: user=0.45 sys=0.01, real=0.25 secs] 
276.040: Total time for which application threads were stopped: 0.2631530 seconds, Stopping threads took: 0.0035560 seconds
276.082: Application time: 0.0419790 seconds
276.082: [GC276.082: [ParNew: 109824K->13696K(123520K), 0.0159250 secs] 245626K->161515K(397848K), 0.0159710 secs] [Times: user=0.12 sys=0.00, real=0.01 secs] 
276.098: Total time for which application threads were stopped: 0.0161450 seconds, Stopping threads took: 0.0000910 seconds
276.152: Application time: 0.0535380 seconds
276.152: [GC276.152: [ParNew: 123520K->13694K(123520K), 0.0226600 secs] 271339K->179389K(397848K), 0.0227050 secs] [Times: user=0.18 sys=0.00, real=0.03 secs] 
276.175: Total time for which application threads were stopped: 0.0228540 seconds, Stopping threads took: 0.0000800 seconds
276.225: Application time: 0.0506070 seconds
276.225: [GC276.225: [ParNew: 123518K->13696K(123520K), 0.0205650 secs] 289213K->195143K(397848K), 0.0206140 secs] [Times: user=0.16 sys=0.00, real=0.02 secs] 
276.246: Total time for which application threads were stopped: 0.0207850 seconds, Stopping threads took: 0.0001020 seconds
276.292: Application time: 0.0457550 seconds
276.292: [GC276.292: [ParNew: 123520K->13696K(123520K), 0.0222000 secs] 304967K->216445K(397848K), 0.0222440 secs] [Times: user=0.17 sys=0.00, real=0.03 secs] 
276.314: Total time for which application threads were stopped: 0.0224290 seconds, Stopping threads took: 0.0001160 seconds
276.366: Application time: 0.0513210 seconds
276.366: [GC276.366: [ParNew: 123520K->13696K(123520K), 0.0224670 secs] 326269K->235209K(397848K), 0.0225130 secs] [Times: user=0.18 sys=0.00, real=0.02 secs] 
276.388: Total time for which application threads were stopped: 0.0226810 seconds, Stopping threads took: 0.0000990 seconds
276.441: Application time: 0.0524080 seconds
276.441: [GC276.441: [ParNew: 123520K->13696K(123520K), 0.0236760 secs] 345033K->251965K(397848K), 0.0237190 secs] [Times: user=0.18 sys=0.00, real=0.02 secs] 
276.465: Total time for which application threads were stopped: 0.0238750 seconds, Stopping threads took: 0.0000870 seconds
276.514: Application time: 0.0498260 seconds
276.517: [GC276.517: [ParNew: 123520K->13696K(123520K), 0.0229860 secs] 361789K->272870K(397848K), 0.0230390 secs] [Times: user=0.18 sys=0.00, real=0.02 secs] 
276.540: Total time for which application threads were stopped: 0.0251950 seconds, Stopping threads took: 0.0020880 seconds
276.580: Application time: 0.0406480 seconds
276.580: [GC276.580: [ParNew: 123520K->13696K(123520K), 0.0248020 secs]276.605: [Tenured: 286162K->137352K(286424K), 0.2099390 secs] 382694K->137352K(409944K), [Perm : 9152K->9152K(21248K)], 0.2352650 secs] [Times: user=0.39 sys=0.01, real=0.24 secs] 
276.816: Total time for which application threads were stopped: 0.2354200 seconds, Stopping threads took: 0.0000820 seconds
276.857: Application time: 0.0408580 seconds
276.857: [GC276.857: [ParNew: 109824K->13696K(123520K), 0.0202010 secs] 247176K->168376K(397848K), 0.0202470 secs] [Times: user=0.16 sys=0.00, real=0.02 secs] 
276.877: Total time for which application threads were stopped: 0.0204320 seconds, Stopping threads took: 0.0001010 seconds
276.927: Application time: 0.0496330 seconds
276.927: [GC276.927: [ParNew: 123520K->13696K(123520K), 0.0272460 secs] 278200K->191903K(397848K), 0.0272890 secs] [Times: user=0.21 sys=0.00, real=0.03 secs] 
276.954: Total time for which application threads were stopped: 0.0274650 seconds, Stopping threads took: 0.0001100 seconds
277.011: Application time: 0.0571090 seconds
277.011: [GC277.011: [ParNew: 123520K->13696K(123520K), 0.0208550 secs] 301727K->205797K(397848K), 0.0209000 secs] [Times: user=0.16 sys=0.00, real=0.02 secs] 
277.032: Total time for which application threads were stopped: 0.0210310 seconds, Stopping threads took: 0.0000660 seconds
277.078: Application time: 0.0454290 seconds
277.078: [GC277.078: [ParNew: 123520K->13696K(123520K), 0.0211030 secs] 315621K->223628K(397848K), 0.0211490 secs] [Times: user=0.16 sys=0.00, real=0.02 secs] 
277.099: Total time for which application threads were stopped: 0.0212870 seconds, Stopping threads took: 0.0000680 seconds
277.152: Application time: 0.0526030 seconds
277.152: [GC277.152: [ParNew: 123520K->13696K(123520K), 0.0233160 secs] 333452K->244233K(397848K), 0.0233610 secs] [Times: user=0.19 sys=0.00, real=0.03 secs] 
277.175: Total time for which application threads were stopped: 0.0235400 seconds, Stopping threads took: 0.0001110 seconds
277.225: Application time: 0.0497000 seconds
277.225: [GC277.225: [ParNew: 123520K->13696K(123520K), 0.0226480 secs] 354057K->261776K(397848K), 0.0226940 secs] [Times: user=0.18 sys=0.00, real=0.02 secs] 
277.248: Total time for which application threads were stopped: 0.0228690 seconds, Stopping threads took: 0.0001070 seconds
277.301: Application time: 0.0532180 seconds
277.301: [GC277.301: [ParNew: 123520K->13696K(123520K), 0.0214300 secs] 371600K->279767K(397848K), 0.0214760 secs] [Times: user=0.17 sys=0.00, real=0.02 secs] 
277.323: Total time for which application threads were stopped: 0.0216640 seconds, Stopping threads took: 0.0001210 seconds
277.364: Application time: 0.0415150 seconds
277.364: [GC277.364: [ParNew: 123520K->13696K(123520K), 0.0242330 secs]277.388: [Tenured: 290342K->128259K(290456K), 0.1940790 secs] 389591K->128259K(413976K), [Perm : 9152K->9152K(21248K)], 0.2189170 secs] [Times: user=0.38 sys=0.00, real=0.22 secs] 
277.583: Total time for which application threads were stopped: 0.2190990 seconds, Stopping threads took: 0.0001000 seconds
277.620: Application time: 0.0368520 seconds
277.620: [GC277.620: [ParNew: 109824K->13696K(123520K), 0.0184900 secs] 238083K->159518K(397848K), 0.0185340 secs] [Times: user=0.15 sys=0.00, real=0.02 secs] 
277.639: Total time for which application threads were stopped: 0.0187180 seconds, Stopping threads took: 0.0001180 seconds
277.684: Application time: 0.0451900 seconds
277.687: [GC277.687: [ParNew: 123520K->13696K(123520K), 0.0276820 secs] 269342K->188391K(397848K), 0.0277230 secs] [Times: user=0.22 sys=0.00, real=0.03 secs] 
277.715: Total time for which application threads were stopped: 0.0309720 seconds, Stopping threads took: 0.0031620 seconds
277.771: Application time: 0.0557990 seconds
277.771: [GC277.771: [ParNew: 123520K->13696K(123520K), 0.0229710 secs] 298215K->203047K(397848K), 0.0230260 secs] [Times: user=0.18 sys=0.00, real=0.03 secs] 
277.794: Total time for which application threads were stopped: 0.0232110 seconds, Stopping threads took: 0.0001200 seconds
277.844: Application time: 0.0501020 seconds
277.845: [GC277.845: [ParNew: 123520K->13696K(123520K), 0.0208440 secs] 312871K->219374K(397848K), 0.0208870 secs] [Times: user=0.16 sys=0.00, real=0.02 secs] 
277.866: Total time for which application threads were stopped: 0.0215810 seconds, Stopping threads took: 0.0006060 seconds
277.911: Application time: 0.0450400 seconds
277.913: [GC277.913: [ParNew: 123520K->13696K(123520K), 0.0222750 secs] 329198K->241356K(397848K), 0.0223190 secs] [Times: user=0.17 sys=0.00, real=0.02 secs] 
277.935: Total time for which application threads were stopped: 0.0243990 seconds, Stopping threads took: 0.0019800 seconds
277.989: Application time: 0.0542970 seconds
277.990: [GC277.990: [ParNew: 123510K->13696K(123520K), 0.0218870 secs] 351171K->256354K(397848K), 0.0219320 secs] [Times: user=0.17 sys=0.00, real=0.02 secs] 
278.012: Total time for which application threads were stopped: 0.0221980 seconds, Stopping threads took: 0.0001990 seconds
278.061: Application time: 0.0491940 seconds
278.065: [GC278.065: [ParNew: 123520K->13696K(123520K), 0.0215620 secs] 366178K->272914K(397848K), 0.0216110 secs] [Times: user=0.17 sys=0.00, real=0.02 secs] 
278.086: Total time for which application threads were stopped: 0.0254390 seconds, Stopping threads took: 0.0037620 seconds
278.132: Application time: 0.0458180 seconds
278.132: [GC278.132: [ParNew: 123520K->13696K(123520K), 0.0239440 secs]278.156: [Tenured: 283583K->114740K(283928K), 0.1950300 secs] 382738K->114740K(407448K), [Perm : 9152K->9152K(21248K)], 0.2193710 secs] [Times: user=0.38 sys=0.00, real=0.22 secs] 
278.352: Total time for which application threads were stopped: 0.2195300 seconds, Stopping threads took: 0.0000910 seconds
278.388: Application time: 0.0359760 seconds
278.388: [GC278.388: [ParNew: 109824K->13696K(123520K), 0.0148670 secs] 224564K->140900K(397848K), 0.0149110 secs] [Times: user=0.11 sys=0.00, real=0.02 secs] 
278.403: Total time for which application threads were stopped: 0.0150730 seconds, Stopping threads took: 0.0000940 seconds
278.446: Application time: 0.0436860 seconds
278.446: [GC278.446: [ParNew: 123520K->13696K(123520K), 0.0293090 secs] 250724K->173977K(397848K), 0.0293550 secs] [Times: user=0.23 sys=0.00, real=0.03 secs] 
278.476: Total time for which application threads were stopped: 0.0295600 seconds, Stopping threads took: 0.0001240 seconds
278.526: Application time: 0.0499880 seconds
278.526: [GC278.526: [ParNew: 123520K->13696K(123520K), 0.0263660 secs] 283801K->195655K(397848K), 0.0264100 secs] [Times: user=0.21 sys=0.00, real=0.02 secs] 
278.552: Total time for which application threads were stopped: 0.0266010 seconds, Stopping threads took: 0.0001130 seconds
278.610: Application time: 0.0572950 seconds
278.613: [GC278.613: [ParNew: 123520K->13696K(123520K), 0.0208040 secs] 305479K->208987K(397848K), 0.0208500 secs] [Times: user=0.17 sys=0.00, real=0.02 secs] 
278.633: Total time for which application threads were stopped: 0.0237000 seconds, Stopping threads took: 0.0027850 seconds
278.677: Application time: 0.0434920 seconds
278.677: [GC278.677: [ParNew: 123520K->13696K(123520K), 0.0222600 secs] 318811K->229614K(397848K), 0.0223020 secs] [Times: user=0.18 sys=0.00, real=0.02 secs] 
278.699: Total time for which application threads were stopped: 0.0224580 seconds, Stopping threads took: 0.0000880 seconds
278.753: Application time: 0.0536150 seconds
278.753: [GC278.753: [ParNew: 123520K->13696K(123520K), 0.0228160 secs] 339438K->248361K(397848K), 0.0228610 secs] [Times: user=0.19 sys=0.00, real=0.02 secs] 
278.776: Total time for which application threads were stopped: 0.0230420 seconds, Stopping threads took: 0.0001140 seconds
278.825: Application time: 0.0493590 seconds
278.826: [GC278.826: [ParNew: 123520K->13696K(123520K), 0.0213410 secs] 358185K->264785K(397848K), 0.0213950 secs] [Times: user=0.17 sys=0.00, real=0.02 secs] 
278.847: Total time for which application threads were stopped: 0.0215610 seconds, Stopping threads took: 0.0000960 seconds
278.901: Application time: 0.0540650 seconds
278.901: [GC278.901: [ParNew: 123520K->13696K(123520K), 0.0217890 secs] 374609K->281635K(397848K), 0.0218320 secs] [Times: user=0.17 sys=0.00, real=0.02 secs] 
278.923: Total time for which application threads were stopped: 0.0219710 seconds, Stopping threads took: 0.0000710 seconds
278.960: Application time: 0.0373050 seconds
278.960: [GC278.960: [ParNew: 123520K->13696K(123520K), 0.0251820 secs]278.986: [Tenured: 296151K->132015K(296600K), 0.1972800 secs] 391459K->132015K(420120K), [Perm : 9152K->9152K(21248K)], 0.2232410 secs] [Times: user=0.39 sys=0.01, real=0.22 secs] 
279.184: Total time for which application threads were stopped: 0.2234130 seconds, Stopping threads took: 0.0000820 seconds
279.219: Application time: 0.0349470 seconds
279.219: [GC279.219: [ParNew: 109824K->13694K(123520K), 0.0170440 secs] 241839K->161507K(397848K), 0.0170900 secs] [Times: user=0.13 sys=0.00, real=0.02 secs] 
279.236: Total time for which application threads were stopped: 0.0172530 seconds, Stopping threads took: 0.0000950 seconds
279.284: Application time: 0.0485340 seconds
279.285: [GC279.285: [ParNew: 123518K->13696K(123520K), 0.0303990 secs] 271331K->191780K(397848K), 0.0304450 secs] [Times: user=0.24 sys=0.00, real=0.03 secs] 
279.315: Total time for which application threads were stopped: 0.0306070 seconds, Stopping threads took: 0.0000940 seconds
279.373: Application time: 0.0576730 seconds
279.373: [GC279.373: [ParNew: 123520K->13696K(123520K), 0.0227420 secs] 301604K->205422K(397848K), 0.0227860 secs] [Times: user=0.18 sys=0.00, real=0.02 secs] 
279.396: Total time for which application threads were stopped: 0.0229730 seconds, Stopping threads took: 0.0001200 seconds
279.447: Application time: 0.0514780 seconds
279.447: [GC279.447: [ParNew: 123520K->13696K(123520K), 0.0202870 secs] 315246K->220515K(397848K), 0.0203320 secs] [Times: user=0.16 sys=0.00, real=0.02 secs] 
279.468: Total time for which application threads were stopped: 0.0205470 seconds, Stopping threads took: 0.0001490 seconds
279.513: Application time: 0.0447940 seconds
279.517: [GC279.517: [ParNew: 123520K->13696K(123520K), 0.0221850 secs] 330339K->242229K(397848K), 0.0222270 secs] [Times: user=0.17 sys=0.00, real=0.02 secs] 
279.539: Total time for which application threads were stopped: 0.0262600 seconds, Stopping threads took: 0.0039540 seconds
279.596: Application time: 0.0573020 seconds
279.596: [GC279.596: [ParNew: 123520K->13696K(123520K), 0.0209440 secs] 352053K->256289K(397848K), 0.0209870 secs] [Times: user=0.17 sys=0.00, real=0.02 secs] 
279.617: Total time for which application threads were stopped: 0.0211590 seconds, Stopping threads took: 0.0001060 seconds
279.667: Application time: 0.0498540 seconds
279.667: [GC279.667: [ParNew: 123520K->13696K(123520K), 0.0222230 secs] 366113K->273403K(397848K), 0.0222680 secs] [Times: user=0.17 sys=0.00, real=0.02 secs] 
279.690: Total time for which application threads were stopped: 0.0224710 seconds, Stopping threads took: 0.0001320 seconds
279.736: Application time: 0.0462100 seconds
279.736: [GC279.736: [ParNew: 123520K->13696K(123520K), 0.0241610 secs]279.760: [Tenured: 284660K->107931K(284696K), 0.1738170 secs] 383227K->107931K(408216K), [Perm : 9152K->9152K(21248K)], 0.1984090 secs] [Times: user=0.37 sys=0.00, real=0.20 secs] 
279.934: Total time for which application threads were stopped: 0.1985560 seconds, Stopping threads took: 0.0000790 seconds
279.968: Application time: 0.0333920 seconds
279.968: [GC279.968: [ParNew: 109824K->13696K(123520K), 0.0159540 secs] 217755K->137930K(397848K), 0.0160020 secs] [Times: user=0.13 sys=0.00, real=0.02 secs] 
279.984: Total time for which application threads were stopped: 0.0162000 seconds, Stopping threads took: 0.0001290 seconds
280.024: Application time: 0.0404990 seconds
280.025: [GC280.025: [ParNew: 123520K->13696K(123520K), 0.0296860 secs] 247754K->173090K(397848K), 0.0297400 secs] [Times: user=0.24 sys=0.00, real=0.03 secs] 
280.055: Total time for which application threads were stopped: 0.0300180 seconds, Stopping threads took: 0.0001940 seconds
280.108: Application time: 0.0531400 seconds
280.108: [GC280.108: [ParNew: 123520K->13696K(123520K), 0.0273140 secs] 282914K->190852K(397848K), 0.0273580 secs] [Times: user=0.22 sys=0.00, real=0.03 secs] 
280.135: Total time for which application threads were stopped: 0.0275020 seconds, Stopping threads took: 0.0000750 seconds
280.194: Application time: 0.0584510 seconds
280.194: [GC280.194: [ParNew: 123520K->13694K(123520K), 0.0203260 secs] 300676K->204240K(397848K), 0.0203690 secs] [Times: user=0.16 sys=0.00, real=0.02 secs] 
280.214: Total time for which application threads were stopped: 0.0205670 seconds, Stopping threads took: 0.0001130 seconds
280.258: Application time: 0.0438120 seconds
280.258: [GC280.258: [ParNew: 123518K->13696K(123520K), 0.0204920 secs] 314064K->222314K(397848K), 0.0205330 secs] [Times: user=0.17 sys=0.00, real=0.02 secs] 
280.279: Total time for which application threads were stopped: 0.0207390 seconds, Stopping threads took: 0.0001350 seconds
280.332: Application time: 0.0528350 seconds
280.333: [GC280.333: [ParNew: 123520K->13696K(123520K), 0.0248860 secs] 332138K->242391K(397848K), 0.0249300 secs] [Times: user=0.19 sys=0.00, real=0.02 secs] 
280.358: Total time for which application threads were stopped: 0.0261270 seconds, Stopping threads took: 0.0011110 seconds
280.410: Application time: 0.0520190 seconds
280.410: [GC280.410: [ParNew: 123520K->13696K(123520K), 0.0205870 secs] 352215K->257662K(397848K), 0.0206300 secs] [Times: user=0.16 sys=0.00, real=0.02 secs] 
280.431: Total time for which application threads were stopped: 0.0208190 seconds, Stopping threads took: 0.0001220 seconds
280.481: Application time: 0.0506700 seconds
280.481: [GC280.481: [ParNew: 123520K->13696K(123520K), 0.0224900 secs] 367486K->277323K(397848K), 0.0225350 secs] [Times: user=0.18 sys=0.00, real=0.02 secs] 
280.504: Total time for which application threads were stopped: 0.0226690 seconds, Stopping threads took: 0.0000660 seconds
280.545: Application time: 0.0407800 seconds
280.545: [GC280.545: [ParNew: 123520K->13696K(123520K), 0.0241360 secs]280.569: [Tenured: 289664K->118063K(290264K), 0.1789700 secs] 387147K->118063K(413784K), [Perm : 9152K->9152K(21248K)], 0.2037570 secs] [Times: user=0.36 sys=0.01, real=0.20 secs] 
280.749: Total time for which application threads were stopped: 0.2039320 seconds, Stopping threads took: 0.0000880 seconds
280.783: Application time: 0.0346190 seconds
280.783: [GC280.783: [ParNew: 109824K->13696K(123520K), 0.0185490 secs] 227887K->150665K(397848K), 0.0185940 secs] [Times: user=0.15 sys=0.00, real=0.02 secs] 
280.802: Total time for which application threads were stopped: 0.0188250 seconds, Stopping threads took: 0.0001640 seconds
280.850: Application time: 0.0482740 seconds
280.850: [GC280.851: [ParNew: 123520K->13696K(123520K), 0.0301060 secs] 260489K->181163K(397848K), 0.0301520 secs] [Times: user=0.24 sys=0.01, real=0.04 secs] 
280.881: Total time for which application threads were stopped: 0.0303330 seconds, Stopping threads took: 0.0001140 seconds
280.937: Application time: 0.0566970 seconds
280.937: [GC280.938: [ParNew: 123520K->13694K(123520K), 0.0204250 secs] 290987K->194342K(397848K), 0.0204700 secs] [Times: user=0.16 sys=0.00, real=0.02 secs] 
280.958: Total time for which application threads were stopped: 0.0206220 seconds, Stopping threads took: 0.0000850 seconds
281.009: Application time: 0.0508120 seconds
281.009: [GC281.009: [ParNew: 123518K->13696K(123520K), 0.0189390 secs] 304166K->207725K(397848K), 0.0189850 secs] [Times: user=0.15 sys=0.00, real=0.02 secs] 
281.028: Total time for which application threads were stopped: 0.0191460 seconds, Stopping threads took: 0.0000940 seconds
281.073: Application time: 0.0446600 seconds
281.077: [GC281.077: [ParNew: 123520K->13696K(123520K), 0.0222170 secs] 317549K->229141K(397848K), 0.0222720 secs] [Times: user=0.17 sys=0.00, real=0.02 secs] 
281.099: Total time for which application threads were stopped: 0.0262120 seconds, Stopping threads took: 0.0038590 seconds
281.154: Application time: 0.0554290 seconds
281.154: [GC281.154: [ParNew: 123520K->13696K(123520K), 0.0224560 secs] 338965K->245069K(397848K), 0.0225030 secs] [Times: user=0.17 sys=0.00, real=0.02 secs] 
281.177: Total time for which application threads were stopped: 0.0226930 seconds, Stopping threads took: 0.0001230 seconds
281.227: Application time: 0.0504810 seconds
281.228: [GC281.228: [ParNew: 123520K->13696K(123520K), 0.0232500 secs] 354893K->262776K(397848K), 0.0232950 secs] [Times: user=0.19 sys=0.00, real=0.02 secs] 
281.251: Total time for which application threads were stopped: 0.0235390 seconds, Stopping threads took: 0.0001770 seconds
281.300: Application time: 0.0486020 seconds
281.300: [GC281.300: [ParNew: 123520K->13696K(123520K), 0.0233230 secs] 372600K->284716K(397848K), 0.0233700 secs] [Times: user=0.18 sys=0.00, real=0.03 secs] 
281.323: Total time for which application threads were stopped: 0.0235320 seconds, Stopping threads took: 0.0000940 seconds
281.357: Application time: 0.0341690 seconds
281.357: [GC281.357: [ParNew: 123520K->13696K(123520K), 0.0252440 secs]281.383: [Tenured: 301288K->122575K(301400K), 0.2037280 secs] 394540K->122575K(424920K), [Perm : 9152K->9152K(21248K)], 0.2298960 secs] [Times: user=0.40 sys=0.00, real=0.23 secs] 
281.587: Total time for which application threads were stopped: 0.2300500 seconds, Stopping threads took: 0.0000850 seconds
281.626: Application time: 0.0384650 seconds
281.626: [GC281.626: [ParNew: 109824K->13696K(123520K), 0.0215230 secs] 232399K->156194K(397848K), 0.0215680 secs] [Times: user=0.17 sys=0.00, real=0.02 secs] 
281.648: Total time for which application threads were stopped: 0.0217340 seconds, Stopping threads took: 0.0000850 seconds
281.703: Application time: 0.0550110 seconds
281.703: [GC281.703: [ParNew: 123520K->13696K(123520K), 0.0260540 secs] 266018K->176145K(397848K), 0.0260990 secs] [Times: user=0.21 sys=0.00, real=0.02 secs] 
281.729: Total time for which application threads were stopped: 0.0262930 seconds, Stopping threads took: 0.0001270 seconds
281.784: Application time: 0.0550770 seconds
281.784: [GC281.784: [ParNew: 123520K->13694K(123520K), 0.0202810 secs] 285969K->189492K(397848K), 0.0203250 secs] [Times: user=0.16 sys=0.00, real=0.02 secs] 
281.804: Total time for which application threads were stopped: 0.0204610 seconds, Stopping threads took: 0.0000710 seconds
281.847: Application time: 0.0422310 seconds
281.847: [GC281.847: [ParNew: 123518K->13696K(123520K), 0.0207120 secs] 299316K->209215K(397848K), 0.0207570 secs] [Times: user=0.17 sys=0.00, real=0.02 secs] 
281.868: Total time for which application threads were stopped: 0.0209290 seconds, Stopping threads took: 0.0001050 seconds
281.923: Application time: 0.0554800 seconds
281.923: [GC281.923: [ParNew: 123520K->13696K(123520K), 0.0238030 secs] 319039K->227758K(397848K), 0.0238480 secs] [Times: user=0.19 sys=0.00, real=0.02 secs] 
281.947: Total time for which application threads were stopped: 0.0239860 seconds, Stopping threads took: 0.0000720 seconds
282.001: Application time: 0.0537340 seconds
282.005: [GC282.005: [ParNew: 123520K->13696K(123520K), 0.0211970 secs] 337582K->242524K(397848K), 0.0212420 secs] [Times: user=0.16 sys=0.00, real=0.02 secs] 
282.026: Total time for which application threads were stopped: 0.0250390 seconds, Stopping threads took: 0.0037300 seconds
282.074: Application time: 0.0484340 seconds
282.074: [GC282.074: [ParNew: 123520K->13696K(123520K), 0.0218830 secs] 352348K->261978K(397848K), 0.0219260 secs] [Times: user=0.17 sys=0.00, real=0.02 secs] 
282.096: Total time for which application threads were stopped: 0.0220900 seconds, Stopping threads took: 0.0000960 seconds
282.135: Application time: 0.0389210 seconds
282.135: [GC282.135: [ParNew: 123520K->13696K(123520K), 0.0257830 secs]282.161: [Tenured: 276823K->124874K(276824K), 0.2071230 secs] 371802K->124874K(400344K), [Perm : 9152K->9152K(21248K)], 0.2331020 secs] [Times: user=0.41 sys=0.00, real=0.23 secs] 
282.369: Total time for which application threads were stopped: 0.2332730 seconds, Stopping threads took: 0.0000890 seconds
282.408: Application time: 0.0389820 seconds
282.408: [GC282.408: [ParNew: 109824K->13696K(123520K), 0.0202180 secs] 234698K->157244K(397848K), 0.0202640 secs] [Times: user=0.16 sys=0.00, real=0.02 secs] 
282.428: Total time for which application threads were stopped: 0.0204140 seconds, Stopping threads took: 0.0000810 seconds
282.472: Application time: 0.0439090 seconds
282.472: [GC282.472: [ParNew: 123520K->13696K(123520K), 0.0261880 secs] 267068K->182833K(397848K), 0.0262330 secs] [Times: user=0.21 sys=0.00, real=0.03 secs] 
282.498: Total time for which application threads were stopped: 0.0264110 seconds, Stopping threads took: 0.0001110 seconds
282.558: Application time: 0.0594840 seconds
282.558: [GC282.558: [ParNew: 123520K->13696K(123520K), 0.0215640 secs] 292657K->196176K(397848K), 0.0216040 secs] [Times: user=0.17 sys=0.00, real=0.02 secs] 
282.579: Total time for which application threads were stopped: 0.0217290 seconds, Stopping threads took: 0.0000590 seconds
282.625: Application time: 0.0459000 seconds
282.626: [GC282.626: [ParNew: 123475K->13696K(123520K), 0.0227010 secs] 305956K->216386K(397848K), 0.0227440 secs] [Times: user=0.18 sys=0.00, real=0.02 secs] 
282.648: Total time for which application threads were stopped: 0.0229310 seconds, Stopping threads took: 0.0001170 seconds
282.699: Application time: 0.0503360 seconds
282.699: [GC282.699: [ParNew: 123520K->13696K(123520K), 0.0221610 secs] 326210K->236362K(397848K), 0.0222050 secs] [Times: user=0.18 sys=0.00, real=0.03 secs] 
282.721: Total time for which application threads were stopped: 0.0225000 seconds, Stopping threads took: 0.0001960 seconds
282.778: Application time: 0.0572490 seconds
282.779: [GC282.779: [ParNew: 123520K->13666K(123520K), 0.0203670 secs] 346186K->249337K(397848K), 0.0204090 secs] [Times: user=0.16 sys=0.00, real=0.02 secs] 
282.799: Total time for which application threads were stopped: 0.0206290 seconds, Stopping threads took: 0.0001530 seconds
282.847: Application time: 0.0483840 seconds
282.848: [GC282.848: [ParNew: 123490K->13696K(123520K), 0.0202390 secs] 359161K->264750K(397848K), 0.0202850 secs] [Times: user=0.16 sys=0.00, real=0.02 secs] 
282.868: Total time for which application threads were stopped: 0.0205000 seconds, Stopping threads took: 0.0001470 seconds
282.909: Application time: 0.0412940 seconds
282.909: [GC282.909: [ParNew: 123520K->13696K(123520K), 0.0240760 secs]282.933: [Tenured: 277818K->131212K(277976K), 0.1973070 secs] 374574K->131212K(401496K), [Perm : 9152K->9152K(21248K)], 0.2216120 secs] [Times: user=0.39 sys=0.00, real=0.22 secs] 
283.132: Total time for which application threads were stopped: 0.2231090 seconds, Stopping threads took: 0.0000740 seconds
283.175: Application time: 0.0431270 seconds
283.176: [GC283.176: [ParNew: 109824K->13696K(123520K), 0.0193370 secs] 241036K->159969K(397848K), 0.0193810 secs] [Times: user=0.15 sys=0.00, real=0.02 secs] 
283.195: Total time for which application threads were stopped: 0.0196040 seconds, Stopping threads took: 0.0001340 seconds
283.237: Application time: 0.0417840 seconds
283.237: [GC283.237: [ParNew: 123520K->13696K(123520K), 0.0274660 secs] 269793K->189606K(397848K), 0.0275100 secs] [Times: user=0.21 sys=0.00, real=0.03 secs] 
283.265: Total time for which application threads were stopped: 0.0277450 seconds, Stopping threads took: 0.0001460 seconds
283.315: Application time: 0.0500960 seconds
283.317: [GC283.317: [ParNew: 123520K->13696K(123520K), 0.0257200 secs] 299430K->211174K(397848K), 0.0257660 secs] [Times: user=0.20 sys=0.00, real=0.03 secs] 
283.342: Total time for which application threads were stopped: 0.0277200 seconds, Stopping threads took: 0.0018660 seconds
283.396: Application time: 0.0535280 seconds
283.396: [GC283.396: [ParNew: 123520K->13696K(123520K), 0.0197590 secs] 320998K->224923K(397848K), 0.0198130 secs] [Times: user=0.16 sys=0.00, real=0.02 secs] 
283.416: Total time for which application threads were stopped: 0.0200030 seconds, Stopping threads took: 0.0001220 seconds
283.462: Application time: 0.0458830 seconds
283.462: [GC283.462: [ParNew: 123520K->13696K(123520K), 0.0213690 secs] 334747K->244259K(397848K), 0.0214140 secs] [Times: user=0.17 sys=0.00, real=0.02 secs] 
283.483: Total time for which application threads were stopped: 0.0216030 seconds, Stopping threads took: 0.0001220 seconds
283.537: Application time: 0.0539680 seconds
283.538: [GC283.538: [ParNew: 123520K->13696K(123520K), 0.0236270 secs] 354083K->262447K(397848K), 0.0236720 secs] [Times: user=0.19 sys=0.00, real=0.03 secs] 
283.561: Total time for which application threads were stopped: 0.0238030 seconds, Stopping threads took: 0.0000640 seconds
283.618: Application time: 0.0563710 seconds
283.618: [GC283.618: [ParNew: 123520K->13696K(123520K), 0.0206180 secs] 372271K->275636K(397848K), 0.0206620 secs] [Times: user=0.17 sys=0.00, real=0.02 secs] 
283.638: Total time for which application threads were stopped: 0.0208280 seconds, Stopping threads took: 0.0000980 seconds
283.680: Application time: 0.0413770 seconds
283.681: [GC283.681: [ParNew: 123391K->13696K(123520K), 0.0225440 secs]283.703: [Tenured: 284217K->128125K(284312K), 0.2001980 secs] 385332K->128125K(407832K), [Perm : 9152K->9152K(21248K)], 0.2231640 secs] [Times: user=0.38 sys=0.00, real=0.22 secs] 
283.904: Total time for which application threads were stopped: 0.2240370 seconds, Stopping threads took: 0.0008040 seconds
283.944: Application time: 0.0402810 seconds
283.944: [GC283.944: [ParNew: 109824K->13696K(123520K), 0.0193760 secs] 237949K->159200K(397848K), 0.0194200 secs] [Times: user=0.16 sys=0.00, real=0.02 secs] 
283.964: Total time for which application threads were stopped: 0.0196130 seconds, Stopping threads took: 0.0001070 seconds
284.006: Application time: 0.0425940 seconds
284.006: [GC284.007: [ParNew: 123520K->13696K(123520K), 0.0281400 secs] 269024K->189976K(397848K), 0.0281870 secs] [Times: user=0.22 sys=0.00, real=0.03 secs] 
284.035: Total time for which application threads were stopped: 0.0283800 seconds, Stopping threads took: 0.0001260 seconds
284.080: Application time: 0.0457450 seconds
284.081: [GC284.081: [ParNew: 123520K->13696K(123520K), 0.0262490 secs] 299800K->213577K(397848K), 0.0262930 secs] [Times: user=0.20 sys=0.00, real=0.02 secs] 
284.107: Total time for which application threads were stopped: 0.0264490 seconds, Stopping threads took: 0.0000870 seconds
284.166: Application time: 0.0591940 seconds
284.166: [GC284.166: [ParNew: 123520K->13696K(123520K), 0.0211880 secs] 323401K->226888K(397848K), 0.0212280 secs] [Times: user=0.17 sys=0.00, real=0.02 secs] 
284.187: Total time for which application threads were stopped: 0.0213580 seconds, Stopping threads took: 0.0000650 seconds
284.236: Application time: 0.0482570 seconds
284.236: [GC284.236: [ParNew: 123520K->13696K(123520K), 0.0213800 secs] 336712K->242869K(397848K), 0.0214250 secs] [Times: user=0.15 sys=0.00, real=0.02 secs] 
284.257: Total time for which application threads were stopped: 0.0215950 seconds, Stopping threads took: 0.0001030 seconds
284.306: Application time: 0.0482440 seconds
284.306: [GC284.306: [ParNew: 123520K->13696K(123520K), 0.0215900 secs] 352693K->262894K(397848K), 0.0216360 secs] [Times: user=0.17 sys=0.00, real=0.02 secs] 
284.327: Total time for which application threads were stopped: 0.0218950 seconds, Stopping threads took: 0.0001920 seconds
284.384: Application time: 0.0569800 seconds
284.385: [GC284.385: [ParNew: 123520K->13696K(123520K), 0.0230480 secs] 372718K->276905K(397848K), 0.0230930 secs] [Times: user=0.18 sys=0.00, real=0.02 secs] 
284.408: Total time for which application threads were stopped: 0.0232220 seconds, Stopping threads took: 0.0000630 seconds
284.454: Application time: 0.0460380 seconds
284.454: [GC284.454: [ParNew: 123520K->13696K(123520K), 0.0220660 secs]284.476: [Tenured: 282722K->111929K(283352K), 0.1901060 secs] 386729K->111929K(406872K), [Perm : 9152K->9152K(21248K)], 0.2125460 secs] [Times: user=0.36 sys=0.01, real=0.21 secs] 
284.666: Total time for which application threads were stopped: 0.2127200 seconds, Stopping threads took: 0.0000940 seconds
284.705: Application time: 0.0389090 seconds
284.706: [GC284.706: [ParNew: 109824K->13696K(123520K), 0.0175560 secs] 221753K->141473K(397848K), 0.0176020 secs] [Times: user=0.14 sys=0.00, real=0.02 secs] 
284.723: Total time for which application threads were stopped: 0.0178280 seconds, Stopping threads took: 0.0001600 seconds
284.767: Application time: 0.0441460 seconds
284.767: [GC284.768: [ParNew: 123520K->13696K(123520K), 0.0270930 secs] 251297K->169692K(397848K), 0.0271380 secs] [Times: user=0.21 sys=0.00, real=0.03 secs] 
284.795: Total time for which application threads were stopped: 0.0273350 seconds, Stopping threads took: 0.0001280 seconds
284.836: Application time: 0.0412900 seconds
284.836: [GC284.836: [ParNew: 123520K->13696K(123520K), 0.0268060 secs] 279516K->197142K(397848K), 0.0268520 secs] [Times: user=0.21 sys=0.00, real=0.03 secs] 
284.863: Total time for which application threads were stopped: 0.0270820 seconds, Stopping threads took: 0.0001620 seconds
284.917: Application time: 0.0535000 seconds
284.917: [GC284.917: [ParNew: 123520K->13696K(123520K), 0.0252930 secs] 306966K->216911K(397848K), 0.0253380 secs] [Times: user=0.20 sys=0.00, real=0.03 secs] 
284.942: Total time for which application threads were stopped: 0.0254660 seconds, Stopping threads took: 0.0000590 seconds
284.996: Application time: 0.0542080 seconds
284.996: [GC284.996: [ParNew: 123520K->13695K(123520K), 0.0214850 secs] 326735K->231718K(397848K), 0.0215310 secs] [Times: user=0.16 sys=0.00, real=0.02 secs] 
285.018: Total time for which application threads were stopped: 0.0216830 seconds, Stopping threads took: 0.0000740 seconds
285.069: Application time: 0.0511670 seconds
285.069: [GC285.069: [ParNew: 123519K->13696K(123520K), 0.0215600 secs] 341542K->249637K(397848K), 0.0216050 secs] [Times: user=0.17 sys=0.00, real=0.02 secs] 
285.091: Total time for which application threads were stopped: 0.0218250 seconds, Stopping threads took: 0.0001300 seconds
285.141: Application time: 0.0505090 seconds
285.142: [GC285.142: [ParNew: 123520K->13696K(123520K), 0.0224720 secs] 359461K->266904K(397848K), 0.0225160 secs] [Times: user=0.16 sys=0.00, real=0.02 secs] 
285.164: Total time for which application threads were stopped: 0.0226960 seconds, Stopping threads took: 0.0001130 seconds
285.219: Application time: 0.0546360 seconds
285.219: [GC285.219: [ParNew: 123520K->13696K(123520K), 0.0209840 secs] 376728K->282887K(397848K), 0.0210290 secs] [Times: user=0.16 sys=0.00, real=0.02 secs] 
285.240: Total time for which application threads were stopped: 0.0212410 seconds, Stopping threads took: 0.0001240 seconds
285.281: Application time: 0.0410860 seconds
285.285: [GC285.285: [ParNew: 123520K->13696K(123520K), 0.0248360 secs]285.309: [Tenured: 294857K->124112K(294872K), 0.1950690 secs] 392711K->124112K(418392K), [Perm : 9152K->9152K(21248K)], 0.2207180 secs] [Times: user=0.39 sys=0.00, real=0.22 secs] 
285.505: Total time for which application threads were stopped: 0.2242110 seconds, Stopping threads took: 0.0034220 seconds
285.545: Application time: 0.0395260 seconds
285.545: [GC285.545: [ParNew: 109824K->13696K(123520K), 0.0185160 secs] 233936K->154013K(397848K), 0.0185610 secs] [Times: user=0.15 sys=0.00, real=0.02 secs] 
285.564: Total time for which application threads were stopped: 0.0187270 seconds, Stopping threads took: 0.0000880 seconds
285.608: Application time: 0.0440120 seconds
285.608: [GC285.608: [ParNew: 123428K->13696K(123520K), 0.0276150 secs] 263745K->183471K(397848K), 0.0276580 secs] [Times: user=0.22 sys=0.00, real=0.03 secs] 
285.635: Total time for which application threads were stopped: 0.0278300 seconds, Stopping threads took: 0.0001030 seconds
285.681: Application time: 0.0452830 seconds
285.681: [GC285.681: [ParNew: 123520K->13696K(123520K), 0.0252650 secs] 293295K->206247K(397848K), 0.0253180 secs] [Times: user=0.20 sys=0.00, real=0.02 secs] 
285.706: Total time for which application threads were stopped: 0.0254670 seconds, Stopping threads took: 0.0000810 seconds
285.764: Application time: 0.0578830 seconds
285.769: [GC285.769: [ParNew: 123520K->13696K(123520K), 0.0203130 secs] 316071K->218750K(397848K), 0.0203570 secs] [Times: user=0.16 sys=0.00, real=0.02 secs] 
285.789: Total time for which application threads were stopped: 0.0250260 seconds, Stopping threads took: 0.0045840 seconds
285.840: Application time: 0.0506010 seconds
285.840: [GC285.840: [ParNew: 123520K->13696K(123520K), 0.0200590 secs] 328574K->233365K(397848K), 0.0201060 secs] [Times: user=0.16 sys=0.00, real=0.02 secs] 
285.860: Total time for which application threads were stopped: 0.0203260 seconds, Stopping threads took: 0.0001510 seconds
285.911: Application time: 0.0514510 seconds
285.912: [GC285.912: [ParNew: 123520K->13696K(123520K), 0.0216980 secs] 343189K->251548K(397848K), 0.0217440 secs] [Times: user=0.17 sys=0.00, real=0.03 secs] 
285.933: Total time for which application threads were stopped: 0.0219400 seconds, Stopping threads took: 0.0001200 seconds
285.983: Application time: 0.0497670 seconds
285.983: [GC285.983: [ParNew: 123520K->13696K(123520K), 0.0226370 secs] 361372K->270479K(397848K), 0.0226840 secs] [Times: user=0.18 sys=0.00, real=0.02 secs] 
286.006: Total time for which application threads were stopped: 0.0228430 seconds, Stopping threads took: 0.0000910 seconds
286.053: Application time: 0.0473360 seconds
286.053: [GC286.054: [ParNew: 123520K->13696K(123520K), 0.0232590 secs]286.077: [Tenured: 277272K->128109K(277784K), 0.2061680 secs] 380303K->128109K(401304K), [Perm : 9152K->9152K(21248K)], 0.2296240 secs] [Times: user=0.39 sys=0.00, real=0.23 secs] 
286.283: Total time for which application threads were stopped: 0.2298000 seconds, Stopping threads took: 0.0000940 seconds
286.323: Application time: 0.0399970 seconds
286.323: [GC286.323: [ParNew: 109824K->13696K(123520K), 0.0175720 secs] 237933K->157220K(397848K), 0.0176200 secs] [Times: user=0.14 sys=0.00, real=0.02 secs] 
286.341: Total time for which application threads were stopped: 0.0177980 seconds, Stopping threads took: 0.0001090 seconds
286.383: Application time: 0.0424480 seconds
286.384: [GC286.384: [ParNew: 123315K->13696K(123520K), 0.0270330 secs] 266840K->187030K(397848K), 0.0270770 secs] [Times: user=0.21 sys=0.00, real=0.02 secs] 
286.411: Total time for which application threads were stopped: 0.0272570 seconds, Stopping threads took: 0.0001130 seconds
286.453: Application time: 0.0423910 seconds
286.453: [GC286.453: [ParNew: 123520K->13696K(123520K), 0.0262230 secs] 296854K->213011K(397848K), 0.0262690 secs] [Times: user=0.21 sys=0.00, real=0.02 secs] 
286.480: Total time for which application threads were stopped: 0.0265330 seconds, Stopping threads took: 0.0001950 seconds
286.537: Application time: 0.0578690 seconds
286.541: [GC286.541: [ParNew: 123520K->13696K(123520K), 0.0251260 secs] 322835K->230683K(397848K), 0.0251690 secs] [Times: user=0.20 sys=0.00, real=0.02 secs] 
286.566: Total time for which application threads were stopped: 0.0282670 seconds, Stopping threads took: 0.0030320 seconds
286.622: Application time: 0.0566270 seconds
286.623: [GC286.623: [ParNew: 123520K->13696K(123520K), 0.0202500 secs] 340507K->244178K(397848K), 0.0202950 secs] [Times: user=0.16 sys=0.00, real=0.02 secs] 
286.643: Total time for which application threads were stopped: 0.0204770 seconds, Stopping threads took: 0.0001050 seconds
286.692: Application time: 0.0489060 seconds
286.692: [GC286.692: [ParNew: 123520K->13696K(123520K), 0.0198320 secs] 354002K->258649K(397848K), 0.0198780 secs] [Times: user=0.15 sys=0.00, real=0.02 secs] 
286.712: Total time for which application threads were stopped: 0.0200720 seconds, Stopping threads took: 0.0001240 seconds
286.762: Application time: 0.0498150 seconds
286.762: [GC286.762: [ParNew: 123520K->13696K(123520K), 0.0225810 secs] 368473K->278484K(397848K), 0.0226380 secs] [Times: user=0.18 sys=0.00, real=0.02 secs] 
286.784: Total time for which application threads were stopped: 0.0227920 seconds, Stopping threads took: 0.0000780 seconds
286.836: Application time: 0.0519400 seconds
286.837: [GC286.837: [ParNew: 123520K->13696K(123520K), 0.0237130 secs]286.860: [Tenured: 284466K->132390K(284888K), 0.2134260 secs] 388308K->132390K(408408K), [Perm : 9152K->9152K(21248K)], 0.2375650 secs] [Times: user=0.40 sys=0.00, real=0.24 secs] 
287.074: Total time for which application threads were stopped: 0.2377420 seconds, Stopping threads took: 0.0001100 seconds
287.117: Application time: 0.0433180 seconds
287.118: [GC287.118: [ParNew: 109824K->13696K(123520K), 0.0165720 secs] 242214K->158812K(397848K), 0.0166160 secs] [Times: user=0.13 sys=0.00, real=0.02 secs] 
287.134: Total time for which application threads were stopped: 0.0167760 seconds, Stopping threads took: 0.0000900 seconds
287.175: Application time: 0.0406200 seconds
287.175: [GC287.175: [ParNew: 123520K->13696K(123520K), 0.0256030 secs] 268636K->187167K(397848K), 0.0256480 secs] [Times: user=0.20 sys=0.00, real=0.03 secs] 
287.201: Total time for which application threads were stopped: 0.0258430 seconds, Stopping threads took: 0.0001160 seconds
287.244: Application time: 0.0436290 seconds
287.244: [GC287.244: [ParNew: 123520K->13696K(123520K), 0.0285440 secs] 296991K->217047K(397848K), 0.0285890 secs] [Times: user=0.23 sys=0.00, real=0.03 secs] 
287.273: Total time for which application threads were stopped: 0.0287420 seconds, Stopping threads took: 0.0000750 seconds
287.321: Application time: 0.0481730 seconds
287.321: [GC287.321: [ParNew: 123520K->13695K(123520K), 0.0250250 secs] 326871K->238965K(397848K), 0.0250700 secs] [Times: user=0.20 sys=0.00, real=0.02 secs] 
287.346: Total time for which application threads were stopped: 0.0252390 seconds, Stopping threads took: 0.0001020 seconds
287.405: Application time: 0.0586850 seconds
287.405: [GC287.405: [ParNew: 123519K->13644K(123520K), 0.0210550 secs] 348789K->251627K(397848K), 0.0210980 secs] [Times: user=0.16 sys=0.00, real=0.02 secs] 
287.426: Total time for which application threads were stopped: 0.0212270 seconds, Stopping threads took: 0.0000640 seconds
287.477: Application time: 0.0506220 seconds
287.477: [GC287.477: [ParNew: 123468K->13696K(123520K), 0.0199870 secs] 361451K->266021K(397848K), 0.0200310 secs] [Times: user=0.16 sys=0.00, real=0.02 secs] 
287.497: Total time for which application threads were stopped: 0.0201820 seconds, Stopping threads took: 0.0000850 seconds
287.547: Application time: 0.0497680 seconds
287.547: [GC287.547: [ParNew: 123520K->13696K(123520K), 0.0212710 secs] 375845K->284759K(397848K), 0.0213260 secs] [Times: user=0.16 sys=0.01, real=0.02 secs] 
287.568: Total time for which application threads were stopped: 0.0215100 seconds, Stopping threads took: 0.0001150 seconds
287.622: Application time: 0.0530490 seconds
287.622: [GC287.622: [ParNew: 123520K->13696K(123520K), 0.0223640 secs]287.644: [Tenured: 288111K->123373K(288152K), 0.2169960 secs] 394583K->123373K(411672K), [Perm : 9152K->9152K(21248K)], 0.2399490 secs] [Times: user=0.39 sys=0.00, real=0.24 secs] 
287.862: Total time for which application threads were stopped: 0.2401080 seconds, Stopping threads took: 0.0000860 seconds
287.907: Application time: 0.0451870 seconds
287.907: [GC287.907: [ParNew: 109824K->13696K(123520K), 0.0124360 secs] 233197K->143224K(397848K), 0.0124790 secs] [Times: user=0.10 sys=0.00, real=0.01 secs] 
287.919: Total time for which application threads were stopped: 0.0126340 seconds, Stopping threads took: 0.0000790 seconds
287.959: Application time: 0.0393410 seconds
287.959: [GC287.959: [ParNew: 123520K->13696K(123520K), 0.0252390 secs] 253048K->173191K(397848K), 0.0252860 secs] [Times: user=0.20 sys=0.00, real=0.03 secs] 
287.984: Total time for which application threads were stopped: 0.0254760 seconds, Stopping threads took: 0.0001230 seconds
288.025: Application time: 0.0406330 seconds
288.025: [GC288.025: [ParNew: 123520K->13696K(123520K), 0.0272430 secs] 283015K->204282K(397848K), 0.0272890 secs] [Times: user=0.21 sys=0.00, real=0.02 secs] 
288.052: Total time for which application threads were stopped: 0.0275120 seconds, Stopping threads took: 0.0001430 seconds
288.098: Application time: 0.0455300 seconds
288.098: [GC288.098: [ParNew: 123520K->13696K(123520K), 0.0267790 secs] 314106K->230609K(397848K), 0.0268240 secs] [Times: user=0.21 sys=0.00, real=0.03 secs] 
288.125: Total time for which application threads were stopped: 0.0270380 seconds, Stopping threads took: 0.0001260 seconds
288.181: Application time: 0.0555330 seconds
288.181: [GC288.181: [ParNew: 123520K->13695K(123520K), 0.0243660 secs] 340433K->246658K(397848K), 0.0244120 secs] [Times: user=0.20 sys=0.00, real=0.02 secs] 
288.205: Total time for which application threads were stopped: 0.0246470 seconds, Stopping threads took: 0.0001490 seconds
288.261: Application time: 0.0560620 seconds
288.261: [GC288.261: [ParNew: 123519K->13695K(123520K), 0.0201230 secs] 356482K->259881K(397848K), 0.0201660 secs] [Times: user=0.16 sys=0.00, real=0.02 secs] 
288.282: Total time for which application threads were stopped: 0.0203340 seconds, Stopping threads took: 0.0001000 seconds
288.328: Application time: 0.0467430 seconds
288.328: [GC288.328: [ParNew: 123519K->13696K(123520K), 0.0211770 secs] 369705K->277722K(397848K), 0.0212210 secs] [Times: user=0.17 sys=0.00, real=0.02 secs] 
288.350: Total time for which application threads were stopped: 0.0213740 seconds, Stopping threads took: 0.0000860 seconds
288.403: Application time: 0.0530090 seconds
288.403: [GC288.403: [ParNew: 123520K->13696K(123520K), 0.0219900 secs]288.425: [Tenured: 281814K->132342K(282200K), 0.2312020 secs] 387546K->132342K(405720K), [Perm : 9152K->9152K(21248K)], 0.2535460 secs] [Times: user=0.39 sys=0.02, real=0.25 secs] 
288.656: Total time for which application threads were stopped: 0.2537500 seconds, Stopping threads took: 0.0001350 seconds
288.707: Application time: 0.0502470 seconds
288.707: [GC288.707: [ParNew: 109824K->13696K(123520K), 0.0137430 secs] 242166K->151587K(397848K), 0.0137890 secs] [Times: user=0.10 sys=0.00, real=0.02 secs] 
288.721: Total time for which application threads were stopped: 0.0140980 seconds, Stopping threads took: 0.0002290 seconds
288.765: Application time: 0.0442180 seconds
288.765: [GC288.765: [ParNew: 123520K->13696K(123520K), 0.0243330 secs] 261411K->176441K(397848K), 0.0243790 secs] [Times: user=0.19 sys=0.00, real=0.02 secs] 
288.790: Total time for which application threads were stopped: 0.0245140 seconds, Stopping threads took: 0.0000650 seconds
288.827: Application time: 0.0376820 seconds
288.827: [GC288.827: [ParNew: 123520K->13696K(123520K), 0.0254510 secs] 286265K->206361K(397848K), 0.0254970 secs] [Times: user=0.20 sys=0.00, real=0.03 secs] 
288.853: Total time for which application threads were stopped: 0.0256470 seconds, Stopping threads took: 0.0000800 seconds
288.895: Application time: 0.0425830 seconds
288.896: [GC288.896: [ParNew: 123512K->13696K(123520K), 0.0300140 secs] 316178K->238924K(397848K), 0.0300590 secs] [Times: user=0.24 sys=0.00, real=0.03 secs] 
288.926: Total time for which application threads were stopped: 0.0302280 seconds, Stopping threads took: 0.0001010 seconds
288.978: Application time: 0.0521290 seconds
288.978: [GC288.978: [ParNew: 123520K->13696K(123520K), 0.0269890 secs] 348748K->259874K(397848K), 0.0270330 secs] [Times: user=0.22 sys=0.00, real=0.03 secs] 
289.005: Total time for which application threads were stopped: 0.0271810 seconds, Stopping threads took: 0.0000820 seconds
289.064: Application time: 0.0594210 seconds
289.065: [GC289.065: [ParNew: 123520K->13688K(123520K), 0.0205920 secs] 369698K->273070K(397848K), 0.0206360 secs] [Times: user=0.16 sys=0.00, real=0.02 secs] 
289.085: Total time for which application threads were stopped: 0.0208160 seconds, Stopping threads took: 0.0001150 seconds
289.139: Application time: 0.0532870 seconds
289.139: [GC289.139: [ParNew: 123512K->13696K(123520K), 0.0181220 secs] 382894K->284240K(397848K), 0.0181640 secs] [Times: user=0.14 sys=0.00, real=0.02 secs] 
289.157: Total time for which application threads were stopped: 0.0183390 seconds, Stopping threads took: 0.0000970 seconds
289.203: Application time: 0.0459710 seconds
289.203: [GC289.203: [ParNew: 123520K->13696K(123520K), 0.0221720 secs]289.225: [Tenured: 291139K->143104K(291224K), 0.2279690 secs] 394064K->143104K(414744K), [Perm : 9152K->9152K(21248K)], 0.2507790 secs] [Times: user=0.40 sys=0.00, real=0.25 secs] 
289.454: Total time for which application threads were stopped: 0.2509240 seconds, Stopping threads took: 0.0000770 seconds
289.505: Application time: 0.0515410 seconds
289.505: [GC289.505: [ParNew: 109824K->13696K(123520K), 0.0163890 secs] 252928K->162962K(397848K), 0.0164340 secs] [Times: user=0.12 sys=0.00, real=0.02 secs] 
289.522: Total time for which application threads were stopped: 0.0165690 seconds, Stopping threads took: 0.0000550 seconds
289.571: Application time: 0.0489180 seconds
289.571: [GC289.571: [ParNew: 123520K->13696K(123520K), 0.0219850 secs] 272786K->181001K(397848K), 0.0220270 secs] [Times: user=0.18 sys=0.00, real=0.03 secs] 
289.593: Total time for which application threads were stopped: 0.0221520 seconds, Stopping threads took: 0.0000570 seconds
289.632: Application time: 0.0391690 seconds
289.632: [GC289.632: [ParNew: 123520K->13696K(123520K), 0.0260930 secs] 290825K->212132K(397848K), 0.0261390 secs] [Times: user=0.20 sys=0.00, real=0.03 secs] 
289.658: Total time for which application threads were stopped: 0.0262970 seconds, Stopping threads took: 0.0000900 seconds
289.694: Application time: 0.0353640 seconds
289.694: [GC289.694: [ParNew: 123520K->13696K(123520K), 0.0248920 secs] 321956K->242601K(397848K), 0.0249410 secs] [Times: user=0.20 sys=0.00, real=0.02 secs] 
289.719: Total time for which application threads were stopped: 0.0251290 seconds, Stopping threads took: 0.0001200 seconds
289.767: Application time: 0.0479890 seconds
289.767: [GC289.767: [ParNew: 123520K->13696K(123520K), 0.0304800 secs] 352425K->273705K(397848K), 0.0305240 secs] [Times: user=0.25 sys=0.00, real=0.03 secs] 
289.798: Total time for which application threads were stopped: 0.0306590 seconds, Stopping threads took: 0.0000670 seconds
289.855: Application time: 0.0576020 seconds
289.855: [GC289.855: [ParNew: 123520K->13695K(123520K), 0.0222160 secs] 383529K->287245K(397848K), 0.0222600 secs] [Times: user=0.17 sys=0.00, real=0.02 secs] 
289.878: Total time for which application threads were stopped: 0.0224350 seconds, Stopping threads took: 0.0001090 seconds
289.939: Application time: 0.0610120 seconds
289.939: [GC289.939: [ParNew: 123519K->13220K(123520K), 0.0184040 secs]289.957: [Tenured: 284218K->135811K(284312K), 0.2148330 secs] 397069K->135811K(407832K), [Perm : 9152K->9152K(21248K)], 0.2337020 secs] [Times: user=0.35 sys=0.01, real=0.24 secs] 
290.173: Total time for which application threads were stopped: 0.2338610 seconds, Stopping threads took: 0.0000870 seconds
290.217: Application time: 0.0447760 seconds
290.217: [GC290.217: [ParNew: 109824K->13696K(123520K), 0.0128960 secs] 245635K->156835K(397848K), 0.0129410 secs] [Times: user=0.10 sys=0.00, real=0.01 secs] 
290.230: Total time for which application threads were stopped: 0.0131050 seconds, Stopping threads took: 0.0000850 seconds
290.280: Application time: 0.0492490 seconds
290.280: [GC290.280: [ParNew: 123520K->13696K(123520K), 0.0226510 secs] 266659K->177977K(397848K), 0.0226990 secs] [Times: user=0.18 sys=0.00, real=0.03 secs] 
290.303: Total time for which application threads were stopped: 0.0228660 seconds, Stopping threads took: 0.0001000 seconds
290.352: Application time: 0.0493060 seconds
290.352: [GC290.352: [ParNew: 123520K->13696K(123520K), 0.0232260 secs] 287801K->196980K(397848K), 0.0232710 secs] [Times: user=0.18 sys=0.00, real=0.03 secs] 
290.375: Total time for which application threads were stopped: 0.0234420 seconds, Stopping threads took: 0.0001010 seconds
290.420: Application time: 0.0448590 seconds
290.420: [GC290.420: [ParNew: 123520K->13696K(123520K), 0.0247570 secs] 306804K->222190K(397848K), 0.0248090 secs] [Times: user=0.20 sys=0.00, real=0.03 secs] 
290.445: Total time for which application threads were stopped: 0.0249640 seconds, Stopping threads took: 0.0000860 seconds
290.480: Application time: 0.0349390 seconds
290.480: [GC290.480: [ParNew: 123520K->13696K(123520K), 0.0241140 secs] 332014K->251605K(397848K), 0.0241590 secs] [Times: user=0.19 sys=0.00, real=0.03 secs] 
290.504: Total time for which application threads were stopped: 0.0243460 seconds, Stopping threads took: 0.0001170 seconds
290.550: Application time: 0.0458230 seconds
290.550: [GC290.550: [ParNew: 123520K->13696K(123520K), 0.0317900 secs] 361429K->286702K(397848K), 0.0318350 secs] [Times: user=0.26 sys=0.00, real=0.04 secs] 
290.582: Total time for which application threads were stopped: 0.0320140 seconds, Stopping threads took: 0.0001120 seconds
290.635: Application time: 0.0529910 seconds
290.635: [GC290.635: [ParNew: 123520K->13694K(123520K), 0.0259960 secs]290.661: [Tenured: 290705K->153639K(290840K), 0.2630340 secs] 396526K->153639K(414360K), [Perm : 9152K->9152K(21248K)], 0.2896450 secs] [Times: user=0.47 sys=0.01, real=0.29 secs] 
290.925: Total time for which application threads were stopped: 0.2898360 seconds, Stopping threads took: 0.0001230 seconds
290.984: Application time: 0.0586990 seconds
290.984: [GC290.984: [ParNew: 109824K->13375K(123520K), 0.0108060 secs] 263463K->167015K(397848K), 0.0108510 secs] [Times: user=0.08 sys=0.00, real=0.01 secs] 
290.995: Total time for which application threads were stopped: 0.0110460 seconds, Stopping threads took: 0.0001170 seconds
291.047: Application time: 0.0521090 seconds
291.047: [GC291.047: [ParNew: 123199K->13696K(123520K), 0.0177480 secs] 276839K->177689K(397848K), 0.0177950 secs] [Times: user=0.14 sys=0.00, real=0.02 secs] 
291.065: Total time for which application threads were stopped: 0.0179180 seconds, Stopping threads took: 0.0000540 seconds
291.110: Application time: 0.0450060 seconds
291.110: [GC291.110: [ParNew: 123511K->13696K(123520K), 0.0219930 secs] 287504K->199376K(397848K), 0.0220390 secs] [Times: user=0.17 sys=0.00, real=0.02 secs] 
291.132: Total time for which application threads were stopped: 0.0222620 seconds, Stopping threads took: 0.0001460 seconds
291.182: Application time: 0.0503640 seconds
291.183: [GC291.183: [ParNew: 123520K->13696K(123520K), 0.0246270 secs] 309200K->221049K(397848K), 0.0246740 secs] [Times: user=0.20 sys=0.00, real=0.02 secs] 
291.207: Total time for which application threads were stopped: 0.0248130 seconds, Stopping threads took: 0.0000710 seconds
291.260: Application time: 0.0525580 seconds
291.260: [GC291.260: [ParNew: 123520K->13696K(123520K), 0.0227500 secs] 330873K->238884K(397848K), 0.0227930 secs] [Times: user=0.18 sys=0.00, real=0.03 secs] 
291.283: Total time for which application threads were stopped: 0.0229560 seconds, Stopping threads took: 0.0000950 seconds
291.319: Application time: 0.0363190 seconds
291.319: [GC291.319: [ParNew: 123520K->13696K(123520K), 0.0265900 secs] 348708K->270505K(397848K), 0.0266350 secs] [Times: user=0.21 sys=0.00, real=0.03 secs] 
291.346: Total time for which application threads were stopped: 0.0267970 seconds, Stopping threads took: 0.0000940 seconds
291.385: Application time: 0.0388160 seconds
291.385: [GC291.385: [ParNew: 123520K->13696K(123520K), 0.0265320 secs]291.412: [Tenured: 287329K->145612K(287384K), 0.2345390 secs] 380329K->145612K(410904K), [Perm : 9152K->9152K(21248K)], 0.2615890 secs] [Times: user=0.43 sys=0.01, real=0.26 secs] 
291.647: Total time for which application threads were stopped: 0.2618450 seconds, Stopping threads took: 0.0001680 seconds
291.694: Application time: 0.0470510 seconds
291.694: [GC291.694: [ParNew: 109824K->13694K(123520K), 0.0201050 secs] 255436K->173156K(397848K), 0.0201510 secs] [Times: user=0.16 sys=0.00, real=0.02 secs] 
291.714: Total time for which application threads were stopped: 0.0202980 seconds, Stopping threads took: 0.0000680 seconds
291.770: Application time: 0.0556440 seconds
291.770: [GC291.770: [ParNew: 123518K->13696K(123520K), 0.0215630 secs] 282980K->187332K(397848K), 0.0216150 secs] [Times: user=0.17 sys=0.00, real=0.02 secs] 
291.791: Total time for which application threads were stopped: 0.0217840 seconds, Stopping threads took: 0.0001040 seconds
291.850: Application time: 0.0585170 seconds
291.850: [GC291.850: [ParNew: 123422K->13696K(123520K), 0.0189270 secs] 297059K->199303K(397848K), 0.0189700 secs] [Times: user=0.15 sys=0.00, real=0.02 secs] 
291.869: Total time for which application threads were stopped: 0.0191360 seconds, Stopping threads took: 0.0001010 seconds
291.914: Application time: 0.0449220 seconds
291.914: [GC291.914: [ParNew: 123520K->13696K(123520K), 0.0198480 secs] 309127K->215795K(397848K), 0.0198940 secs] [Times: user=0.15 sys=0.00, real=0.02 secs] 
291.934: Total time for which application threads were stopped: 0.0200410 seconds, Stopping threads took: 0.0000790 seconds
291.985: Application time: 0.0513680 seconds
291.985: [GC291.985: [ParNew: 123520K->13696K(123520K), 0.0235780 secs] 325619K->237102K(397848K), 0.0236220 secs] [Times: user=0.19 sys=0.00, real=0.02 secs] 
292.009: Total time for which application threads were stopped: 0.0237410 seconds, Stopping threads took: 0.0000510 seconds
292.058: Application time: 0.0486760 seconds
292.061: [GC292.061: [ParNew: 123520K->13696K(123520K), 0.0222560 secs] 346926K->255452K(397848K), 0.0223010 secs] [Times: user=0.18 sys=0.00, real=0.02 secs] 
292.083: Total time for which application threads were stopped: 0.0250520 seconds, Stopping threads took: 0.0026850 seconds
292.127: Application time: 0.0437880 seconds
292.127: [GC292.127: [ParNew: 123520K->13696K(123520K), 0.0251460 secs] 365276K->281921K(397848K), 0.0251900 secs] [Times: user=0.20 sys=0.00, real=0.02 secs] 
292.152: Total time for which application threads were stopped: 0.0253160 seconds, Stopping threads took: 0.0000560 seconds
292.191: Application time: 0.0390950 seconds
292.191: [GC292.191: [ParNew: 123520K->13696K(123520K), 0.0271220 secs]292.218: [Tenured: 298467K->139507K(298712K), 0.2233060 secs] 391745K->139507K(422232K), [Perm : 9152K->9152K(21248K)], 0.2513690 secs] [Times: user=0.43 sys=0.00, real=0.26 secs] 
292.443: Total time for which application threads were stopped: 0.2515320 seconds, Stopping threads took: 0.0000910 seconds
292.486: Application time: 0.0437840 seconds
292.487: [GC292.487: [ParNew: 109824K->13696K(123520K), 0.0191630 secs] 249331K->167576K(397848K), 0.0192090 secs] [Times: user=0.16 sys=0.00, real=0.02 secs] 
292.506: Total time for which application threads were stopped: 0.0193790 seconds, Stopping threads took: 0.0000890 seconds
292.556: Application time: 0.0497840 seconds
292.556: [GC292.556: [ParNew: 123520K->13694K(123520K), 0.0237620 secs] 277400K->187752K(397848K), 0.0238080 secs] [Times: user=0.19 sys=0.00, real=0.02 secs] 
292.580: Total time for which application threads were stopped: 0.0239550 seconds, Stopping threads took: 0.0000790 seconds
292.638: Application time: 0.0580950 seconds
292.638: [GC292.638: [ParNew: 123518K->13608K(123520K), 0.0206370 secs] 297576K->200802K(397848K), 0.0206810 secs] [Times: user=0.17 sys=0.00, real=0.02 secs] 
292.658: Total time for which application threads were stopped: 0.0208470 seconds, Stopping threads took: 0.0001010 seconds
292.707: Application time: 0.0484270 seconds
292.707: [GC292.707: [ParNew: 123432K->13696K(123520K), 0.0205540 secs] 310626K->217163K(397848K), 0.0206010 secs] [Times: user=0.16 sys=0.00, real=0.02 secs] 
292.728: Total time for which application threads were stopped: 0.0207690 seconds, Stopping threads took: 0.0000990 seconds
292.775: Application time: 0.0475350 seconds
292.775: [GC292.775: [ParNew: 123520K->13696K(123520K), 0.0221880 secs] 326987K->238123K(397848K), 0.0222350 secs] [Times: user=0.18 sys=0.00, real=0.02 secs] 
292.798: Total time for which application threads were stopped: 0.0224110 seconds, Stopping threads took: 0.0001060 seconds
292.852: Application time: 0.0541890 seconds
292.852: [GC292.852: [ParNew: 123520K->13696K(123520K), 0.0227980 secs] 347947K->253433K(397848K), 0.0228500 secs] [Times: user=0.18 sys=0.00, real=0.03 secs] 
292.875: Total time for which application threads were stopped: 0.0229940 seconds, Stopping threads took: 0.0000740 seconds
292.915: Application time: 0.0405550 seconds
292.916: [GC292.916: [ParNew: 123520K->13696K(123520K), 0.0245150 secs] 363257K->279351K(397848K), 0.0245610 secs] [Times: user=0.19 sys=0.00, real=0.02 secs] 
292.940: Total time for which application threads were stopped: 0.0247360 seconds, Stopping threads took: 0.0001080 seconds
292.981: Application time: 0.0405110 seconds
292.981: [GC292.981: [ParNew: 123520K->13696K(123520K), 0.0265030 secs]293.007: [Tenured: 295737K->141786K(296408K), 0.2175690 secs] 389175K->141786K(419928K), [Perm : 9152K->9152K(21248K)], 0.2448470 secs] [Times: user=0.43 sys=0.00, real=0.24 secs] 
293.226: Total time for which application threads were stopped: 0.2449940 seconds, Stopping threads took: 0.0000820 seconds
293.270: Application time: 0.0445270 seconds
293.270: [GC293.270: [ParNew: 109824K->13696K(123520K), 0.0195930 secs] 251610K->171068K(397848K), 0.0196380 secs] [Times: user=0.15 sys=0.00, real=0.02 secs] 
293.290: Total time for which application threads were stopped: 0.0198210 seconds, Stopping threads took: 0.0001030 seconds
293.341: Application time: 0.0511320 seconds
293.341: [GC293.341: [ParNew: 123520K->13696K(123520K), 0.0240550 secs] 280892K->191044K(397848K), 0.0241010 secs] [Times: user=0.19 sys=0.00, real=0.02 secs] 
293.365: Total time for which application threads were stopped: 0.0242610 seconds, Stopping threads took: 0.0000950 seconds
293.419: Application time: 0.0535810 seconds
293.419: [GC293.419: [ParNew: 123520K->13696K(123520K), 0.0225140 secs] 300868K->208150K(397848K), 0.0225600 secs] [Times: user=0.18 sys=0.00, real=0.03 secs] 
293.442: Total time for which application threads were stopped: 0.0227400 seconds, Stopping threads took: 0.0001110 seconds
293.497: Application time: 0.0554110 seconds
293.497: [GC293.497: [ParNew: 123464K->13696K(123520K), 0.0208130 secs] 317918K->221002K(397848K), 0.0208580 secs] [Times: user=0.16 sys=0.00, real=0.02 secs] 
293.518: Total time for which application threads were stopped: 0.0210230 seconds, Stopping threads took: 0.0001000 seconds
293.564: Application time: 0.0462890 seconds
293.569: [GC293.569: [ParNew: 123520K->13696K(123520K), 0.0202670 secs] 330826K->237461K(397848K), 0.0203140 secs] [Times: user=0.16 sys=0.00, real=0.02 secs] 
293.589: Total time for which application threads were stopped: 0.0245920 seconds, Stopping threads took: 0.0042110 seconds
293.639: Application time: 0.0495990 seconds
293.639: [GC293.639: [ParNew: 123520K->13696K(123520K), 0.0230200 secs] 347285K->258075K(397848K), 0.0230650 secs] [Times: user=0.18 sys=0.00, real=0.03 secs] 
293.662: Total time for which application threads were stopped: 0.0233090 seconds, Stopping threads took: 0.0001760 seconds
293.703: Application time: 0.0415900 seconds
293.705: [GC293.705: [ParNew: 123520K->13696K(123520K), 0.0256460 secs] 367899K->284476K(397848K), 0.0256910 secs] [Times: user=0.20 sys=0.00, real=0.02 secs] 
293.730: Total time for which application threads were stopped: 0.0268530 seconds, Stopping threads took: 0.0010940 seconds
293.770: Application time: 0.0393280 seconds
293.770: [GC293.770: [ParNew: 123520K->13696K(123520K), 0.0261110 secs]293.796: [Tenured: 300099K->136658K(300440K), 0.2325320 secs] 394300K->136658K(423960K), [Perm : 9152K->9152K(21248K)], 0.2595340 secs] [Times: user=0.44 sys=0.00, real=0.26 secs] 
294.029: Total time for which application threads were stopped: 0.2598050 seconds, Stopping threads took: 0.0001850 seconds
294.076: Application time: 0.0465340 seconds
294.076: [GC294.076: [ParNew: 109824K->13696K(123520K), 0.0196890 secs] 246482K->163961K(397848K), 0.0197340 secs] [Times: user=0.16 sys=0.00, real=0.02 secs] 
294.096: Total time for which application threads were stopped: 0.0198780 seconds, Stopping threads took: 0.0000640 seconds
294.145: Application time: 0.0487950 seconds
294.145: [GC294.145: [ParNew: 123520K->13696K(123520K), 0.0232890 secs] 273785K->183455K(397848K), 0.0233340 secs] [Times: user=0.18 sys=0.00, real=0.02 secs] 
294.168: Total time for which application threads were stopped: 0.0234940 seconds, Stopping threads took: 0.0000930 seconds
294.221: Application time: 0.0529040 seconds
294.225: [GC294.225: [ParNew: 123520K->13696K(123520K), 0.0228520 secs] 293279K->201666K(397848K), 0.0228980 secs] [Times: user=0.18 sys=0.00, real=0.02 secs] 
294.248: Total time for which application threads were stopped: 0.0264390 seconds, Stopping threads took: 0.0034520 seconds
294.302: Application time: 0.0539710 seconds
294.305: [GC294.305: [ParNew: 123520K->13696K(123520K), 0.0228010 secs] 311490K->217751K(397848K), 0.0228450 secs] [Times: user=0.18 sys=0.00, real=0.02 secs] 
294.327: Total time for which application threads were stopped: 0.0259600 seconds, Stopping threads took: 0.0030270 seconds
294.383: Application time: 0.0554850 seconds
294.383: [GC294.383: [ParNew: 123520K->13696K(123520K), 0.0202950 secs] 327575K->230874K(397848K), 0.0203400 secs] [Times: user=0.16 sys=0.00, real=0.02 secs] 
294.404: Total time for which application threads were stopped: 0.0205830 seconds, Stopping threads took: 0.0001760 seconds
294.451: Application time: 0.0476020 seconds
294.451: [GC294.451: [ParNew: 123520K->13696K(123520K), 0.0220360 secs] 340698K->250687K(397848K), 0.0220800 secs] [Times: user=0.17 sys=0.00, real=0.03 secs] 
294.473: Total time for which application threads were stopped: 0.0222120 seconds, Stopping threads took: 0.0000640 seconds
294.517: Application time: 0.0437520 seconds
294.521: [GC294.521: [ParNew: 123520K->13696K(123520K), 0.0243410 secs] 360511K->276611K(397848K), 0.0243870 secs] [Times: user=0.20 sys=0.00, real=0.02 secs] 
294.545: Total time for which application threads were stopped: 0.0278090 seconds, Stopping threads took: 0.0033560 seconds
294.586: Application time: 0.0408840 seconds
294.586: [GC294.586: [ParNew: 123520K->13696K(123520K), 0.0266190 secs]294.613: [Tenured: 291623K->134294K(291992K), 0.2142580 secs] 386435K->134294K(415512K), [Perm : 9152K->9152K(21248K)], 0.2415920 secs] [Times: user=0.41 sys=0.01, real=0.24 secs] 
294.828: Total time for which application threads were stopped: 0.2418490 seconds, Stopping threads took: 0.0001500 seconds
294.872: Application time: 0.0446490 seconds
294.873: [GC294.873: [ParNew: 109824K->13696K(123520K), 0.0223420 secs] 244118K->165398K(397848K), 0.0223880 secs] [Times: user=0.17 sys=0.00, real=0.02 secs] 
294.895: Total time for which application threads were stopped: 0.0225980 seconds, Stopping threads took: 0.0001420 seconds
294.943: Application time: 0.0479790 seconds
294.943: [GC294.943: [ParNew: 123520K->13696K(123520K), 0.0251680 secs] 275222K->187122K(397848K), 0.0252140 secs] [Times: user=0.19 sys=0.00, real=0.02 secs] 
294.968: Total time for which application threads were stopped: 0.0253680 seconds, Stopping threads took: 0.0000880 seconds
295.020: Application time: 0.0518550 seconds
295.020: [GC295.020: [ParNew: 123520K->13696K(123520K), 0.0228850 secs] 296946K->204601K(397848K), 0.0229290 secs] [Times: user=0.18 sys=0.00, real=0.03 secs] 
295.043: Total time for which application threads were stopped: 0.0231010 seconds, Stopping threads took: 0.0001040 seconds
295.093: Application time: 0.0499710 seconds
295.097: [GC295.097: [ParNew: 123520K->13696K(123520K), 0.0206390 secs] 314425K->220459K(397848K), 0.0206850 secs] [Times: user=0.16 sys=0.00, real=0.02 secs] 
295.117: Total time for which application threads were stopped: 0.0240360 seconds, Stopping threads took: 0.0032710 seconds
295.176: Application time: 0.0590580 seconds
295.176: [GC295.176: [ParNew: 123520K->13427K(123520K), 0.0191200 secs] 330283K->232616K(397848K), 0.0191630 secs] [Times: user=0.15 sys=0.00, real=0.02 secs] 
295.196: Total time for which application threads were stopped: 0.0193110 seconds, Stopping threads took: 0.0000740 seconds
295.246: Application time: 0.0504860 seconds
295.246: [GC295.246: [ParNew: 123251K->13696K(123520K), 0.0201200 secs] 342440K->247259K(397848K), 0.0201630 secs] [Times: user=0.16 sys=0.00, real=0.02 secs] 
295.266: Total time for which application threads were stopped: 0.0203440 seconds, Stopping threads took: 0.0001050 seconds
295.311: Application time: 0.0445840 seconds
295.311: [GC295.311: [ParNew: 123520K->13696K(123520K), 0.0228830 secs] 357083K->270567K(397848K), 0.0229270 secs] [Times: user=0.18 sys=0.00, real=0.03 secs] 
295.334: Total time for which application threads were stopped: 0.0231070 seconds, Stopping threads took: 0.0001100 seconds
295.374: Application time: 0.0395390 seconds
295.377: [GC295.377: [ParNew: 123520K->13696K(123520K), 0.0267930 secs]295.403: [Tenured: 286861K->136125K(287000K), 0.2071000 secs] 380391K->136125K(410520K), [Perm : 9152K->9152K(21248K)], 0.2344470 secs] [Times: user=0.41 sys=0.01, real=0.23 secs] 
295.611: Total time for which application threads were stopped: 0.2373220 seconds, Stopping threads took: 0.0028060 seconds
295.652: Application time: 0.0412020 seconds
295.652: [GC295.652: [ParNew: 109824K->13696K(123520K), 0.0192030 secs] 245949K->165628K(397848K), 0.0192490 secs] [Times: user=0.15 sys=0.00, real=0.02 secs] 
295.672: Total time for which application threads were stopped: 0.0194150 seconds, Stopping threads took: 0.0000830 seconds
295.714: Application time: 0.0427280 seconds
295.715: [GC295.715: [ParNew: 123520K->13696K(123520K), 0.0275480 secs] 275452K->193876K(397848K), 0.0275930 secs] [Times: user=0.22 sys=0.00, real=0.03 secs] 
295.742: Total time for which application threads were stopped: 0.0278010 seconds, Stopping threads took: 0.0001390 seconds
295.795: Application time: 0.0527860 seconds
295.797: [GC295.797: [ParNew: 123520K->13696K(123520K), 0.0256590 secs] 303700K->213212K(397848K), 0.0257010 secs] [Times: user=0.20 sys=0.00, real=0.03 secs] 
295.822: Total time for which application threads were stopped: 0.0274740 seconds, Stopping threads took: 0.0016870 seconds
295.872: Application time: 0.0497170 seconds
295.872: [GC295.872: [ParNew: 123520K->13696K(123520K), 0.0213350 secs] 323036K->229933K(397848K), 0.0213810 secs] [Times: user=0.17 sys=0.00, real=0.03 secs] 
295.894: Total time for which application threads were stopped: 0.0215650 seconds, Stopping threads took: 0.0001160 seconds
295.951: Application time: 0.0576660 seconds
295.952: [GC295.952: [ParNew: 123520K->13696K(123520K), 0.0208910 secs] 339757K->242662K(397848K), 0.0209360 secs] [Times: user=0.16 sys=0.00, real=0.03 secs] 
295.973: Total time for which application threads were stopped: 0.0211920 seconds, Stopping threads took: 0.0001690 seconds
296.027: Application time: 0.0547710 seconds
296.028: [GC296.028: [ParNew: 123520K->13696K(123520K), 0.0188320 secs] 352486K->254783K(397848K), 0.0188770 secs] [Times: user=0.15 sys=0.00, real=0.02 secs] 
296.046: Total time for which application threads were stopped: 0.0191030 seconds, Stopping threads took: 0.0001580 seconds
296.094: Application time: 0.0480080 seconds
296.095: [GC296.095: [ParNew: 123520K->13696K(123520K), 0.0205220 secs] 364607K->271714K(397848K), 0.0205680 secs] [Times: user=0.17 sys=0.00, real=0.02 secs] 
296.115: Total time for which application threads were stopped: 0.0207420 seconds, Stopping threads took: 0.0001040 seconds
296.155: Application time: 0.0396140 seconds
296.157: [GC296.157: [ParNew: 123520K->13696K(123520K), 0.0249860 secs]296.182: [Tenured: 285979K->130250K(286040K), 0.2001930 secs] 381538K->130250K(409560K), [Perm : 9153K->9153K(21248K)], 0.2256520 secs] [Times: user=0.39 sys=0.01, real=0.23 secs] 
296.382: Total time for which application threads were stopped: 0.2274030 seconds, Stopping threads took: 0.0016510 seconds
296.422: Application time: 0.0397820 seconds
296.422: [GC296.422: [ParNew: 109824K->13696K(123520K), 0.0199050 secs] 240074K->161266K(397848K), 0.0199500 secs] [Times: user=0.16 sys=0.00, real=0.02 secs] 
296.442: Total time for which application threads were stopped: 0.0201380 seconds, Stopping threads took: 0.0001200 seconds
296.486: Application time: 0.0434740 seconds
296.486: [GC296.486: [ParNew: 123520K->13696K(123520K), 0.0287340 secs] 271090K->190707K(397848K), 0.0287850 secs] [Times: user=0.22 sys=0.00, real=0.03 secs] 
296.515: Total time for which application threads were stopped: 0.0289290 seconds, Stopping threads took: 0.0000750 seconds
296.560: Application time: 0.0450350 seconds
296.560: [GC296.560: [ParNew: 123520K->13696K(123520K), 0.0255720 secs] 300531K->214375K(397848K), 0.0256190 secs] [Times: user=0.20 sys=0.00, real=0.03 secs] 
296.585: Total time for which application threads were stopped: 0.0257560 seconds, Stopping threads took: 0.0000690 seconds
296.640: Application time: 0.0546360 seconds
296.640: [GC296.640: [ParNew: 123520K->13696K(123520K), 0.0221600 secs] 324199K->231228K(397848K), 0.0222070 secs] [Times: user=0.18 sys=0.00, real=0.03 secs] 
296.662: Total time for which application threads were stopped: 0.0223880 seconds, Stopping threads took: 0.0001120 seconds
296.714: Application time: 0.0520480 seconds
296.717: [GC296.717: [ParNew: 123520K->13694K(123520K), 0.0223970 secs] 341052K->247523K(397848K), 0.0224420 secs] [Times: user=0.18 sys=0.00, real=0.02 secs] 
296.739: Total time for which application threads were stopped: 0.0245910 seconds, Stopping threads took: 0.0020720 seconds
296.797: Application time: 0.0583940 seconds
296.798: [GC296.798: [ParNew: 123518K->13274K(123520K), 0.0193820 secs] 357347K->259617K(397848K), 0.0194290 secs] [Times: user=0.15 sys=0.00, real=0.02 secs] 
296.817: Total time for which application threads were stopped: 0.0197200 seconds, Stopping threads took: 0.0002040 seconds
296.870: Application time: 0.0525050 seconds
296.870: [GC296.870: [ParNew: 123098K->13696K(123520K), 0.0192180 secs] 369441K->272304K(397848K), 0.0192620 secs] [Times: user=0.15 sys=0.00, real=0.02 secs] 
296.889: Total time for which application threads were stopped: 0.0194600 seconds, Stopping threads took: 0.0001100 seconds
296.930: Application time: 0.0406950 seconds
296.930: [GC296.930: [ParNew: 123520K->13696K(123520K), 0.0242460 secs]296.954: [Tenured: 284595K->119265K(284888K), 0.2005500 secs] 382128K->119265K(408408K), [Perm : 9156K->9156K(21248K)], 0.2252660 secs] [Times: user=0.39 sys=0.00, real=0.23 secs] 
297.155: Total time for which application threads were stopped: 0.2254440 seconds, Stopping threads took: 0.0001070 seconds
297.197: Application time: 0.0415380 seconds
297.197: [GC297.197: [ParNew: 109824K->13696K(123520K), 0.0191160 secs] 229089K->148098K(397848K), 0.0191630 secs] [Times: user=0.15 sys=0.00, real=0.02 secs] 
297.216: Total time for which application threads were stopped: 0.0193280 seconds, Stopping threads took: 0.0000970 seconds
297.258: Application time: 0.0418200 seconds
297.258: [GC297.258: [ParNew: 123511K->13696K(123520K), 0.0253450 secs] 257913K->174711K(397848K), 0.0253910 secs] [Times: user=0.20 sys=0.00, real=0.03 secs] 
297.284: Total time for which application threads were stopped: 0.0256110 seconds, Stopping threads took: 0.0001420 seconds
297.324: Application time: 0.0407780 seconds
297.325: [GC297.325: [ParNew: 123520K->13696K(123520K), 0.0262370 secs] 284535K->204129K(397848K), 0.0262820 secs] [Times: user=0.21 sys=0.00, real=0.02 secs] 
297.351: Total time for which application threads were stopped: 0.0264560 seconds, Stopping threads took: 0.0001050 seconds
297.403: Application time: 0.0522030 seconds
297.403: [GC297.403: [ParNew: 123520K->13696K(123520K), 0.0265310 secs] 313953K->225944K(397848K), 0.0265750 secs] [Times: user=0.20 sys=0.00, real=0.02 secs] 
297.430: Total time for which application threads were stopped: 0.0267250 seconds, Stopping threads took: 0.0000840 seconds
297.480: Application time: 0.0502360 seconds
297.480: [GC297.480: [ParNew: 123520K->13696K(123520K), 0.0217900 secs] 335768K->242565K(397848K), 0.0218340 secs] [Times: user=0.18 sys=0.00, real=0.03 secs] 
297.502: Total time for which application threads were stopped: 0.0220160 seconds, Stopping threads took: 0.0001140 seconds
297.562: Application time: 0.0594930 seconds
297.564: [GC297.564: [ParNew: 123520K->13696K(123520K), 0.0206790 secs] 352389K->255202K(397848K), 0.0207240 secs] [Times: user=0.15 sys=0.01, real=0.02 secs] 
297.585: Total time for which application threads were stopped: 0.0231290 seconds, Stopping threads took: 0.0023080 seconds
297.639: Application time: 0.0547940 seconds
297.640: [GC297.640: [ParNew: 123520K->13696K(123520K), 0.0194660 secs] 365026K->267994K(397848K), 0.0195100 secs] [Times: user=0.15 sys=0.00, real=0.02 secs] 
297.659: Total time for which application threads were stopped: 0.0196980 seconds, Stopping threads took: 0.0001090 seconds
297.705: Application time: 0.0453870 seconds
297.705: [GC297.705: [ParNew: 123520K->13696K(123520K), 0.0224930 secs]297.727: [Tenured: 274623K->130342K(275864K), 0.2094170 secs] 377818K->130342K(399384K), [Perm : 9157K->9157K(21248K)], 0.2320030 secs] [Times: user=0.38 sys=0.00, real=0.23 secs] 
297.937: Total time for which application threads were stopped: 0.2321360 seconds, Stopping threads took: 0.0000660 seconds
297.982: Application time: 0.0455440 seconds
297.982: [GC297.982: [ParNew: 109824K->13696K(123520K), 0.0175610 secs] 240166K->156134K(397848K), 0.0176040 secs] [Times: user=0.14 sys=0.00, real=0.01 secs] 
298.000: Total time for which application threads were stopped: 0.0177450 seconds, Stopping threads took: 0.0000590 seconds
298.041: Application time: 0.0407700 seconds
298.041: [GC298.041: [ParNew: 123520K->13696K(123520K), 0.0264750 secs] 265958K->184711K(397848K), 0.0265200 secs] [Times: user=0.21 sys=0.00, real=0.02 secs] 
298.067: Total time for which application threads were stopped: 0.0266860 seconds, Stopping threads took: 0.0000980 seconds
298.110: Application time: 0.0422630 seconds
298.110: [GC298.110: [ParNew: 123360K->13696K(123520K), 0.0264780 secs] 294375K->213934K(397848K), 0.0265240 secs] [Times: user=0.21 sys=0.00, real=0.03 secs] 
298.136: Total time for which application threads were stopped: 0.0266960 seconds, Stopping threads took: 0.0001020 seconds
298.182: Application time: 0.0454670 seconds
298.182: [GC298.182: [ParNew: 123520K->13696K(123520K), 0.0257470 secs] 323758K->238110K(397848K), 0.0257930 secs] [Times: user=0.20 sys=0.00, real=0.02 secs] 
298.208: Total time for which application threads were stopped: 0.0260630 seconds, Stopping threads took: 0.0001920 seconds
298.259: Application time: 0.0511310 seconds
298.261: [GC298.261: [ParNew: 123520K->13696K(123520K), 0.0239830 secs] 347934K->257797K(397848K), 0.0240320 secs] [Times: user=0.17 sys=0.01, real=0.02 secs] 
298.285: Total time for which application threads were stopped: 0.0256130 seconds, Stopping threads took: 0.0015140 seconds
298.339: Application time: 0.0538890 seconds
298.339: [GC298.339: [ParNew: 123520K->13696K(123520K), 0.0217880 secs] 367621K->273576K(397848K), 0.0218320 secs] [Times: user=0.17 sys=0.00, real=0.03 secs] 
298.361: Total time for which application threads were stopped: 0.0219700 seconds, Stopping threads took: 0.0000710 seconds
298.421: Application time: 0.0603510 seconds
298.421: [GC298.421: [ParNew: 123520K->13456K(123520K), 0.0192400 secs] 383400K->285814K(397848K), 0.0192860 secs] [Times: user=0.15 sys=0.00, real=0.01 secs] 
298.440: Total time for which application threads were stopped: 0.0194420 seconds, Stopping threads took: 0.0000890 seconds
298.489: Application time: 0.0483090 seconds
298.489: [GC298.489: [ParNew: 123280K->13696K(123520K), 0.0204950 secs]298.509: [Tenured: 286671K->130827K(286808K), 0.2057490 secs] 395638K->130827K(410328K), [Perm : 9157K->9157K(21248K)], 0.2267430 secs] [Times: user=0.36 sys=0.01, real=0.23 secs] 
298.716: Total time for which application threads were stopped: 0.2269000 seconds, Stopping threads took: 0.0000770 seconds
298.760: Application time: 0.0444130 seconds
298.760: [GC298.760: [ParNew: 109824K->13696K(123520K), 0.0161090 secs] 240651K->155171K(397848K), 0.0161540 secs] [Times: user=0.13 sys=0.00, real=0.02 secs] 
298.776: Total time for which application threads were stopped: 0.0163210 seconds, Stopping threads took: 0.0000970 seconds
298.816: Application time: 0.0393400 seconds
298.816: [GC298.816: [ParNew: 123520K->13696K(123520K), 0.0265820 secs] 264995K->185041K(397848K), 0.0266370 secs] [Times: user=0.21 sys=0.00, real=0.03 secs] 
298.842: Total time for which application threads were stopped: 0.0267860 seconds, Stopping threads took: 0.0000800 seconds
298.886: Application time: 0.0440520 seconds
298.887: [GC298.887: [ParNew: 123520K->13696K(123520K), 0.0273070 secs] 294865K->213691K(397848K), 0.0273530 secs] [Times: user=0.22 sys=0.00, real=0.03 secs] 
298.914: Total time for which application threads were stopped: 0.0275310 seconds, Stopping threads took: 0.0001120 seconds
298.960: Application time: 0.0462160 seconds
298.960: [GC298.960: [ParNew: 123471K->13696K(123520K), 0.0260100 secs] 323466K->237942K(397848K), 0.0260550 secs] [Times: user=0.21 sys=0.00, real=0.03 secs] 
298.986: Total time for which application threads were stopped: 0.0262090 seconds, Stopping threads took: 0.0000860 seconds
299.038: Application time: 0.0514670 seconds
299.038: [GC299.038: [ParNew: 123520K->13696K(123520K), 0.0245500 secs] 347766K->258498K(397848K), 0.0245940 secs] [Times: user=0.19 sys=0.00, real=0.03 secs] 
299.063: Total time for which application threads were stopped: 0.0247960 seconds, Stopping threads took: 0.0001210 seconds
299.113: Application time: 0.0503010 seconds
299.113: [GC299.113: [ParNew: 123520K->13694K(123520K), 0.0220770 secs] 368322K->276824K(397848K), 0.0221240 secs] [Times: user=0.17 sys=0.00, real=0.02 secs] 
299.135: Total time for which application threads were stopped: 0.0222810 seconds, Stopping threads took: 0.0000890 seconds
299.191: Application time: 0.0560560 seconds
299.191: [GC299.191: [ParNew: 123518K->13694K(123520K), 0.0208280 secs]299.212: [Tenured: 276187K->150438K(276440K), 0.2403380 secs] 386648K->150438K(399960K), [Perm : 9157K->9157K(21248K)], 0.2613150 secs] [Times: user=0.41 sys=0.00, real=0.27 secs] 
299.453: Total time for which application threads were stopped: 0.2614850 seconds, Stopping threads took: 0.0001040 seconds
299.506: Application time: 0.0530320 seconds
299.506: [GC299.506: [ParNew: 109824K->13696K(123520K), 0.0109290 secs] 260262K->164334K(397848K), 0.0109740 secs] [Times: user=0.08 sys=0.00, real=0.01 secs] 
299.517: Total time for which application threads were stopped: 0.0112100 seconds, Stopping threads took: 0.0001610 seconds
299.561: Application time: 0.0439550 seconds
299.561: [GC299.561: [ParNew: 123520K->13696K(123520K), 0.0218090 secs] 274158K->185326K(397848K), 0.0218560 secs] [Times: user=0.17 sys=0.00, real=0.02 secs] 
299.583: Total time for which application threads were stopped: 0.0221580 seconds, Stopping threads took: 0.0002100 seconds
299.626: Application time: 0.0424730 seconds
299.626: [GC299.626: [ParNew: 123451K->13696K(123520K), 0.0264460 secs] 295081K->215777K(397848K), 0.0264900 secs] [Times: user=0.20 sys=0.00, real=0.02 secs] 
299.652: Total time for which application threads were stopped: 0.0266540 seconds, Stopping threads took: 0.0000970 seconds
299.690: Application time: 0.0381820 seconds
299.693: [GC299.693: [ParNew: 123520K->13696K(123520K), 0.0254580 secs] 325601K->242124K(397848K), 0.0255050 secs] [Times: user=0.20 sys=0.00, real=0.02 secs] 
299.718: Total time for which application threads were stopped: 0.0276430 seconds, Stopping threads took: 0.0020490 seconds
299.768: Application time: 0.0498420 seconds
299.768: [GC299.768: [ParNew: 123520K->13696K(123520K), 0.0273610 secs] 351948K->269279K(397848K), 0.0274050 secs] [Times: user=0.21 sys=0.00, real=0.03 secs] 
299.796: Total time for which application threads were stopped: 0.0275280 seconds, Stopping threads took: 0.0000530 seconds
299.843: Application time: 0.0476190 seconds
299.843: [GC299.843: [ParNew: 123520K->13696K(123520K), 0.0244070 secs]299.868: [Tenured: 277410K->146380K(277592K), 0.2628850 secs] 379103K->146380K(401112K), [Perm : 9157K->9157K(21248K)], 0.2874980 secs] [Times: user=0.46 sys=0.00, real=0.28 secs] 
300.131: Total time for which application threads were stopped: 0.2876730 seconds, Stopping threads took: 0.0001080 seconds
300.181: Application time: 0.0501810 seconds
300.181: [GC300.181: [ParNew: 109824K->13696K(123520K), 0.0139520 secs] 256204K->164528K(397848K), 0.0140070 secs] [Times: user=0.10 sys=0.00, real=0.01 secs] 
300.195: Total time for which application threads were stopped: 0.0142090 seconds, Stopping threads took: 0.0001210 seconds
300.243: Application time: 0.0481950 seconds
300.244: [GC300.244: [ParNew: 123520K->13696K(123520K), 0.0196860 secs] 274352K->179785K(397848K), 0.0197310 secs] [Times: user=0.16 sys=0.00, real=0.02 secs] 
300.263: Total time for which application threads were stopped: 0.0198930 seconds, Stopping threads took: 0.0000940 seconds
300.320: Application time: 0.0571720 seconds
300.321: [GC300.321: [ParNew: 123520K->13696K(123520K), 0.0197040 secs] 289609K->193101K(397848K), 0.0197490 secs] [Times: user=0.16 sys=0.00, real=0.01 secs] 
300.340: Total time for which application threads were stopped: 0.0199020 seconds, Stopping threads took: 0.0000880 seconds
300.387: Application time: 0.0470660 seconds
300.388: [GC300.388: [ParNew: 123520K->13696K(123520K), 0.0214750 secs] 302925K->210703K(397848K), 0.0215210 secs] [Times: user=0.17 sys=0.00, real=0.02 secs] 
300.409: Total time for which application threads were stopped: 0.0217340 seconds, Stopping threads took: 0.0001440 seconds
300.453: Application time: 0.0437450 seconds
300.453: [GC300.453: [ParNew: 123482K->13696K(123520K), 0.0242050 secs] 320490K->235871K(397848K), 0.0242490 secs] [Times: user=0.18 sys=0.00, real=0.02 secs] 
300.477: Total time for which application threads were stopped: 0.0245360 seconds, Stopping threads took: 0.0002000 seconds
300.516: Application time: 0.0387770 seconds
300.516: [GC300.516: [ParNew: 123520K->13696K(123520K), 0.0265470 secs] 345695K->266702K(397848K), 0.0265910 secs] [Times: user=0.21 sys=0.01, real=0.03 secs] 
300.543: Total time for which application threads were stopped: 0.0267550 seconds, Stopping threads took: 0.0000940 seconds
300.587: Application time: 0.0439970 seconds
300.587: [GC300.587: [ParNew: 123520K->13696K(123520K), 0.0288170 secs]300.616: [Tenured: 283004K->154378K(283736K), 0.2478840 secs] 376526K->154378K(407256K), [Perm : 9157K->9157K(21248K)], 0.2770870 secs] [Times: user=0.48 sys=0.00, real=0.28 secs] 
300.864: Total time for which application threads were stopped: 0.2772480 seconds, Stopping threads took: 0.0000930 seconds
300.914: Application time: 0.0500420 seconds
300.914: [GC300.914: [ParNew: 109824K->13696K(123520K), 0.0151500 secs] 264202K->174443K(397848K), 0.0151970 secs] [Times: user=0.12 sys=0.00, real=0.01 secs] 
300.930: Total time for which application threads were stopped: 0.0153730 seconds, Stopping threads took: 0.0000980 seconds
300.979: Application time: 0.0488810 seconds
300.979: [GC300.979: [ParNew: 123520K->13696K(123520K), 0.0214270 secs] 284267K->191888K(397848K), 0.0214730 secs] [Times: user=0.17 sys=0.00, real=0.02 secs] 
301.000: Total time for which application threads were stopped: 0.0216510 seconds, Stopping threads took: 0.0001110 seconds
301.050: Application time: 0.0498530 seconds
301.050: [GC301.050: [ParNew: 123520K->13695K(123520K), 0.0235110 secs] 301712K->212956K(397848K), 0.0235570 secs] [Times: user=0.19 sys=0.00, real=0.03 secs] 
301.074: Total time for which application threads were stopped: 0.0237030 seconds, Stopping threads took: 0.0000780 seconds
301.130: Application time: 0.0562670 seconds
301.130: [GC301.130: [ParNew: 123519K->13695K(123520K), 0.0216740 secs] 322780K->227269K(397848K), 0.0217190 secs] [Times: user=0.18 sys=0.00, real=0.02 secs] 
301.152: Total time for which application threads were stopped: 0.0218890 seconds, Stopping threads took: 0.0001030 seconds
301.208: Application time: 0.0561380 seconds
301.208: [GC301.208: [ParNew: 123506K->13696K(123520K), 0.0194160 secs] 337080K->239611K(397848K), 0.0194600 secs] [Times: user=0.16 sys=0.00, real=0.02 secs] 
301.228: Total time for which application threads were stopped: 0.0196330 seconds, Stopping threads took: 0.0001060 seconds
301.271: Application time: 0.0435130 seconds
301.271: [GC301.271: [ParNew: 123520K->13696K(123520K), 0.0215180 secs] 349435K->260211K(397848K), 0.0215660 secs] [Times: user=0.17 sys=0.00, real=0.03 secs] 
301.293: Total time for which application threads were stopped: 0.0217710 seconds, Stopping threads took: 0.0001270 seconds
301.335: Application time: 0.0420330 seconds
301.335: [GC301.335: [ParNew: 123520K->13696K(123520K), 0.0277390 secs]301.363: [Tenured: 278696K->138046K(278744K), 0.2071800 secs] 370035K->138046K(402264K), [Perm : 9157K->9157K(21248K)], 0.2351850 secs] [Times: user=0.42 sys=0.00, real=0.23 secs] 
301.570: Total time for which application threads were stopped: 0.2353310 seconds, Stopping threads took: 0.0000760 seconds
301.611: Application time: 0.0401900 seconds
301.611: [GC301.611: [ParNew: 109824K->13696K(123520K), 0.0169150 secs] 247870K->165341K(397848K), 0.0169580 secs] [Times: user=0.14 sys=0.00, real=0.02 secs] 
301.628: Total time for which application threads were stopped: 0.0171320 seconds, Stopping threads took: 0.0000890 seconds
301.675: Application time: 0.0468550 seconds
301.675: [GC301.675: [ParNew: 123520K->13696K(123520K), 0.0269670 secs] 275165K->192242K(397848K), 0.0270130 secs] [Times: user=0.22 sys=0.00, real=0.03 secs] 
301.702: Total time for which application threads were stopped: 0.0271720 seconds, Stopping threads took: 0.0000910 seconds
301.755: Application time: 0.0537270 seconds
301.756: [GC301.756: [ParNew: 123520K->13696K(123520K), 0.0243690 secs] 302066K->210196K(397848K), 0.0244140 secs] [Times: user=0.19 sys=0.00, real=0.02 secs] 
301.780: Total time for which application threads were stopped: 0.0245920 seconds, Stopping threads took: 0.0001110 seconds
301.826: Application time: 0.0461170 seconds
301.826: [GC301.826: [ParNew: 123429K->13696K(123520K), 0.0218020 secs] 319929K->229761K(397848K), 0.0218480 secs] [Times: user=0.17 sys=0.00, real=0.02 secs] 
301.848: Total time for which application threads were stopped: 0.0220380 seconds, Stopping threads took: 0.0001220 seconds
301.901: Application time: 0.0527040 seconds
301.901: [GC301.901: [ParNew: 123520K->13696K(123520K), 0.0230100 secs] 339585K->248691K(397848K), 0.0230540 secs] [Times: user=0.18 sys=0.00, real=0.02 secs] 
301.924: Total time for which application threads were stopped: 0.0232460 seconds, Stopping threads took: 0.0001240 seconds
301.982: Application time: 0.0578240 seconds
301.982: [GC301.982: [ParNew: 123520K->13638K(123520K), 0.0197490 secs] 358515K->261672K(397848K), 0.0197940 secs] [Times: user=0.15 sys=0.00, real=0.02 secs] 
302.002: Total time for which application threads were stopped: 0.0199890 seconds, Stopping threads took: 0.0001300 seconds
302.049: Application time: 0.0471030 seconds
302.049: [GC302.049: [ParNew: 123462K->13696K(123520K), 0.0205830 secs] 371496K->278041K(397848K), 0.0206290 secs] [Times: user=0.16 sys=0.00, real=0.02 secs] 
302.070: Total time for which application threads were stopped: 0.0208100 seconds, Stopping threads took: 0.0001140 seconds
302.112: Application time: 0.0421160 seconds
302.112: [GC302.112: [ParNew: 123520K->13696K(123520K), 0.0243530 secs]302.137: [Tenured: 290251K->137193K(290264K), 0.2119980 secs] 387865K->137193K(413784K), [Perm : 9157K->9157K(21248K)], 0.2369540 secs] [Times: user=0.41 sys=0.00, real=0.24 secs] 
302.349: Total time for which application threads were stopped: 0.2371240 seconds, Stopping threads took: 0.0000870 seconds
302.391: Application time: 0.0421700 seconds
302.391: [GC302.391: [ParNew: 109824K->13696K(123520K), 0.0189170 secs] 247017K->167321K(397848K), 0.0189600 secs] [Times: user=0.15 sys=0.00, real=0.02 secs] 
302.410: Total time for which application threads were stopped: 0.0191400 seconds, Stopping threads took: 0.0001110 seconds
302.450: Application time: 0.0392010 seconds
302.450: [GC302.450: [ParNew: 123520K->13696K(123520K), 0.0257400 secs] 277145K->194934K(397848K), 0.0257840 secs] [Times: user=0.20 sys=0.00, real=0.03 secs] 
302.476: Total time for which application threads were stopped: 0.0259700 seconds, Stopping threads took: 0.0001070 seconds
302.530: Application time: 0.0543600 seconds
302.533: [GC302.533: [ParNew: 123520K->13696K(123520K), 0.0259090 secs] 304758K->217111K(397848K), 0.0259620 secs] [Times: user=0.20 sys=0.00, real=0.02 secs] 
302.559: Total time for which application threads were stopped: 0.0285600 seconds, Stopping threads took: 0.0025130 seconds
302.609: Application time: 0.0500740 seconds
302.609: [GC302.609: [ParNew: 123520K->13696K(123520K), 0.0219300 secs] 326935K->233962K(397848K), 0.0219740 secs] [Times: user=0.18 sys=0.00, real=0.02 secs] 
302.631: Total time for which application threads were stopped: 0.0221790 seconds, Stopping threads took: 0.0001170 seconds
302.677: Application time: 0.0459440 seconds
302.677: [GC302.677: [ParNew: 123520K->13694K(123520K), 0.0226370 secs] 343786K->256089K(397848K), 0.0226810 secs] [Times: user=0.18 sys=0.00, real=0.02 secs] 
302.700: Total time for which application threads were stopped: 0.0228340 seconds, Stopping threads took: 0.0000710 seconds
302.756: Application time: 0.0564810 seconds
302.756: [GC302.756: [ParNew: 123518K->13696K(123520K), 0.0211520 secs] 365913K->269755K(397848K), 0.0211960 secs] [Times: user=0.17 sys=0.00, real=0.02 secs] 
302.777: Total time for which application threads were stopped: 0.0213570 seconds, Stopping threads took: 0.0000960 seconds
302.829: Application time: 0.0517400 seconds
302.829: [GC302.829: [ParNew: 123520K->13696K(123520K), 0.0208690 secs] 379579K->284652K(397848K), 0.0209140 secs] [Times: user=0.17 sys=0.00, real=0.02 secs] 
302.850: Total time for which application threads were stopped: 0.0210570 seconds, Stopping threads took: 0.0000760 seconds
302.899: Application time: 0.0491530 seconds
302.900: [GC302.900: [ParNew: 123520K->13696K(123520K), 0.0223540 secs]302.922: [Tenured: 291513K->114217K(291608K), 0.1944490 secs] 394476K->114217K(415128K), [Perm : 9157K->9157K(21248K)], 0.2174530 secs] [Times: user=0.36 sys=0.00, real=0.22 secs] 
303.117: Total time for which application threads were stopped: 0.2176040 seconds, Stopping threads took: 0.0000840 seconds
303.157: Application time: 0.0402640 seconds
303.157: [GC303.157: [ParNew: 109824K->13696K(123520K), 0.0161090 secs] 224041K->142881K(397848K), 0.0161520 secs] [Times: user=0.13 sys=0.00, real=0.02 secs] 
303.174: Total time for which application threads were stopped: 0.0163100 seconds, Stopping threads took: 0.0000900 seconds
303.214: Application time: 0.0405000 seconds
303.214: [GC303.214: [ParNew: 123520K->13696K(123520K), 0.0275370 secs] 252705K->174432K(397848K), 0.0275820 secs] [Times: user=0.22 sys=0.00, real=0.03 secs] 
303.242: Total time for which application threads were stopped: 0.0278280 seconds, Stopping threads took: 0.0001450 seconds
303.288: Application time: 0.0457090 seconds
303.288: [GC303.288: [ParNew: 123520K->13696K(123520K), 0.0261760 secs] 284256K->199143K(397848K), 0.0262240 secs] [Times: user=0.21 sys=0.00, real=0.03 secs] 
303.314: Total time for which application threads were stopped: 0.0264180 seconds, Stopping threads took: 0.0001180 seconds
303.371: Application time: 0.0572060 seconds
303.371: [GC303.371: [ParNew: 123520K->13695K(123520K), 0.0215900 secs] 308967K->212338K(397848K), 0.0216330 secs] [Times: user=0.17 sys=0.00, real=0.03 secs] 
303.393: Total time for which application threads were stopped: 0.0217650 seconds, Stopping threads took: 0.0000670 seconds
303.438: Application time: 0.0445590 seconds
303.438: [GC303.438: [ParNew: 123519K->13696K(123520K), 0.0231150 secs] 322162K->233060K(397848K), 0.0231600 secs] [Times: user=0.19 sys=0.00, real=0.03 secs] 
303.461: Total time for which application threads were stopped: 0.0233630 seconds, Stopping threads took: 0.0001340 seconds
303.512: Application time: 0.0514900 seconds
303.513: [GC303.513: [ParNew: 123520K->13696K(123520K), 0.0223230 secs] 342884K->252992K(397848K), 0.0223670 secs] [Times: user=0.18 sys=0.00, real=0.02 secs] 
303.535: Total time for which application threads were stopped: 0.0225420 seconds, Stopping threads took: 0.0001090 seconds
303.590: Application time: 0.0545460 seconds
303.590: [GC303.590: [ParNew: 123520K->13696K(123520K), 0.0195440 secs] 362816K->266453K(397848K), 0.0195880 secs] [Times: user=0.16 sys=0.00, real=0.02 secs] 
303.609: Total time for which application threads were stopped: 0.0197630 seconds, Stopping threads took: 0.0000990 seconds
303.658: Application time: 0.0491430 seconds
303.661: [GC303.661: [ParNew: 123520K->13696K(123520K), 0.0200090 secs] 376277K->281572K(397848K), 0.0200530 secs] [Times: user=0.16 sys=0.00, real=0.02 secs] 
303.681: Total time for which application threads were stopped: 0.0221560 seconds, Stopping threads took: 0.0020360 seconds
303.723: Application time: 0.0423150 seconds
303.723: [GC303.723: [ParNew: 123520K->13696K(123520K), 0.0246570 secs]303.748: [Tenured: 294529K->118317K(294680K), 0.1987700 secs] 391396K->118317K(418200K), [Perm : 9158K->9158K(21248K)], 0.2242290 secs] [Times: user=0.39 sys=0.01, real=0.22 secs] 
303.947: Total time for which application threads were stopped: 0.2243770 seconds, Stopping threads took: 0.0000640 seconds
303.986: Application time: 0.0385580 seconds
303.986: [GC303.986: [ParNew: 109824K->13696K(123520K), 0.0178820 secs] 228141K->147897K(397848K), 0.0179290 secs] [Times: user=0.14 sys=0.00, real=0.02 secs] 
304.004: Total time for which application threads were stopped: 0.0180780 seconds, Stopping threads took: 0.0000820 seconds
304.048: Application time: 0.0441950 seconds
304.048: [GC304.048: [ParNew: 123520K->13696K(123520K), 0.0291150 secs] 257721K->179204K(397848K), 0.0291600 secs] [Times: user=0.23 sys=0.00, real=0.03 secs] 
304.077: Total time for which application threads were stopped: 0.0293240 seconds, Stopping threads took: 0.0000960 seconds
304.131: Application time: 0.0537340 seconds
304.131: [GC304.131: [ParNew: 123520K->13696K(123520K), 0.0253600 secs] 289028K->196569K(397848K), 0.0254040 secs] [Times: user=0.20 sys=0.00, real=0.03 secs] 
304.157: Total time for which application threads were stopped: 0.0255600 seconds, Stopping threads took: 0.0000910 seconds
304.209: Application time: 0.0520970 seconds
304.209: [GC304.209: [ParNew: 123451K->13696K(123520K), 0.0207700 secs] 306325K->212004K(397848K), 0.0208180 secs] [Times: user=0.16 sys=0.00, real=0.02 secs] 
304.230: Total time for which application threads were stopped: 0.0211770 seconds, Stopping threads took: 0.0002670 seconds
304.275: Application time: 0.0447030 seconds
304.275: [GC304.275: [ParNew: 123520K->13695K(123520K), 0.0219670 secs] 321828K->232889K(397848K), 0.0220130 secs] [Times: user=0.17 sys=0.00, real=0.02 secs] 
304.297: Total time for which application threads were stopped: 0.0222020 seconds, Stopping threads took: 0.0001090 seconds
304.354: Application time: 0.0568480 seconds
304.354: [GC304.354: [ParNew: 123519K->13695K(123520K), 0.0218240 secs] 342713K->247904K(397848K), 0.0218680 secs] [Times: user=0.17 sys=0.00, real=0.02 secs] 
304.376: Total time for which application threads were stopped: 0.0220210 seconds, Stopping threads took: 0.0000860 seconds
304.429: Application time: 0.0535140 seconds
304.429: [GC304.429: [ParNew: 123519K->13696K(123520K), 0.0203690 secs] 357728K->262688K(397848K), 0.0204130 secs] [Times: user=0.16 sys=0.00, real=0.02 secs] 
304.450: Total time for which application threads were stopped: 0.0205830 seconds, Stopping threads took: 0.0001040 seconds
304.494: Application time: 0.0445280 seconds
304.495: [GC304.495: [ParNew: 123520K->13696K(123520K), 0.0234060 secs] 372512K->284338K(397848K), 0.0234520 secs] [Times: user=0.17 sys=0.00, real=0.02 secs] 
304.518: Total time for which application threads were stopped: 0.0236280 seconds, Stopping threads took: 0.0001060 seconds
304.558: Application time: 0.0394910 seconds
304.558: [GC304.558: [ParNew: 123520K->13696K(123520K), 0.0276380 secs]304.585: [Tenured: 301272K->133158K(301400K), 0.2112610 secs] 394162K->133158K(424920K), [Perm : 9158K->9158K(21248K)], 0.2399360 secs] [Times: user=0.42 sys=0.00, real=0.24 secs] 
304.798: Total time for which application threads were stopped: 0.2400960 seconds, Stopping threads took: 0.0000880 seconds
304.838: Application time: 0.0400760 seconds
304.841: [GC304.841: [ParNew: 109824K->13696K(123520K), 0.0170700 secs] 242982K->160278K(397848K), 0.0171240 secs] [Times: user=0.13 sys=0.00, real=0.01 secs] 
304.858: Total time for which application threads were stopped: 0.0199490 seconds, Stopping threads took: 0.0027450 seconds
304.906: Application time: 0.0484380 seconds
304.906: [GC304.906: [ParNew: 123520K->13696K(123520K), 0.0276390 secs] 270102K->188121K(397848K), 0.0276850 secs] [Times: user=0.22 sys=0.00, real=0.03 secs] 
304.934: Total time for which application threads were stopped: 0.0278890 seconds, Stopping threads took: 0.0001170 seconds
304.991: Application time: 0.0572070 seconds
304.991: [GC304.991: [ParNew: 123520K->13696K(123520K), 0.0215240 secs] 297945K->202355K(397848K), 0.0215700 secs] [Times: user=0.16 sys=0.00, real=0.03 secs] 
305.013: Total time for which application threads were stopped: 0.0217270 seconds, Stopping threads took: 0.0000900 seconds
305.057: Application time: 0.0437520 seconds
305.057: [GC305.057: [ParNew: 123422K->13696K(123520K), 0.0222630 secs] 312082K->222859K(397848K), 0.0223110 secs] [Times: user=0.17 sys=0.00, real=0.02 secs] 
305.079: Total time for which application threads were stopped: 0.0224830 seconds, Stopping threads took: 0.0001050 seconds
305.132: Application time: 0.0525790 seconds
305.132: [GC305.133: [ParNew: 123520K->13696K(123520K), 0.0235340 secs] 332683K->242824K(397848K), 0.0235770 secs] [Times: user=0.18 sys=0.00, real=0.02 secs] 
305.156: Total time for which application threads were stopped: 0.0243210 seconds, Stopping threads took: 0.0006780 seconds
305.213: Application time: 0.0567860 seconds
305.213: [GC305.213: [ParNew: 123520K->13636K(123520K), 0.0200360 secs] 352648K->256177K(397848K), 0.0200770 secs] [Times: user=0.15 sys=0.00, real=0.02 secs] 
305.233: Total time for which application threads were stopped: 0.0202320 seconds, Stopping threads took: 0.0000870 seconds
305.279: Application time: 0.0463280 seconds
305.280: [GC305.280: [ParNew: 123460K->13696K(123520K), 0.0209760 secs] 366001K->273363K(397848K), 0.0210240 secs] [Times: user=0.15 sys=0.00, real=0.03 secs] 
305.301: Total time for which application threads were stopped: 0.0211750 seconds, Stopping threads took: 0.0000820 seconds
305.345: Application time: 0.0446130 seconds
305.345: [GC305.345: [ParNew: 123520K->13696K(123520K), 0.0251120 secs]305.371: [Tenured: 285235K->123013K(285656K), 0.1878270 secs] 383187K->123013K(409176K), [Perm : 9159K->9159K(21248K)], 0.2133900 secs] [Times: user=0.38 sys=0.01, real=0.21 secs] 
305.559: Total time for which application threads were stopped: 0.2136150 seconds, Stopping threads took: 0.0001470 seconds
305.597: Application time: 0.0382980 seconds
305.597: [GC305.597: [ParNew: 109824K->13696K(123520K), 0.0183970 secs] 232837K->153794K(397848K), 0.0184400 secs] [Times: user=0.14 sys=0.00, real=0.02 secs] 
305.616: Total time for which application threads were stopped: 0.0185890 seconds, Stopping threads took: 0.0000830 seconds
305.659: Application time: 0.0430620 seconds
305.659: [GC305.659: [ParNew: 123520K->13696K(123520K), 0.0278230 secs] 263618K->183582K(397848K), 0.0278700 secs] [Times: user=0.22 sys=0.00, real=0.03 secs] 
305.687: Total time for which application threads were stopped: 0.0280810 seconds, Stopping threads took: 0.0001420 seconds
305.741: Application time: 0.0544610 seconds
305.741: [GC305.742: [ParNew: 123520K->13696K(123520K), 0.0248200 secs] 293406K->200768K(397848K), 0.0248670 secs] [Times: user=0.20 sys=0.00, real=0.02 secs] 
305.766: Total time for which application threads were stopped: 0.0250170 seconds, Stopping threads took: 0.0000850 seconds
305.817: Application time: 0.0504450 seconds
305.817: [GC305.817: [ParNew: 123520K->13696K(123520K), 0.0212450 secs] 310592K->217747K(397848K), 0.0212900 secs] [Times: user=0.17 sys=0.00, real=0.02 secs] 
305.838: Total time for which application threads were stopped: 0.0214710 seconds, Stopping threads took: 0.0001140 seconds
305.885: Application time: 0.0462680 seconds
305.885: [GC305.885: [ParNew: 123520K->13694K(123520K), 0.0228670 secs] 327571K->239310K(397848K), 0.0229130 secs] [Times: user=0.18 sys=0.00, real=0.02 secs] 
305.908: Total time for which application threads were stopped: 0.0230820 seconds, Stopping threads took: 0.0000790 seconds
305.965: Application time: 0.0570930 seconds
305.965: [GC305.965: [ParNew: 123518K->13694K(123520K), 0.0210970 secs] 349134K->253030K(397848K), 0.0211410 secs] [Times: user=0.17 sys=0.00, real=0.02 secs] 
305.986: Total time for which application threads were stopped: 0.0213120 seconds, Stopping threads took: 0.0001060 seconds
306.042: Application time: 0.0559330 seconds
306.042: [GC306.042: [ParNew: 123518K->13696K(123520K), 0.0212560 secs] 362854K->265956K(397848K), 0.0213000 secs] [Times: user=0.16 sys=0.00, real=0.02 secs] 
306.064: Total time for which application threads were stopped: 0.0215000 seconds, Stopping threads took: 0.0001340 seconds
306.106: Application time: 0.0428790 seconds
306.107: [GC306.107: [ParNew: 123520K->13696K(123520K), 0.0222920 secs] 375780K->287531K(397848K), 0.0223370 secs] [Times: user=0.17 sys=0.00, real=0.02 secs] 
306.129: Total time for which application threads were stopped: 0.0225330 seconds, Stopping threads took: 0.0001280 seconds
306.168: Application time: 0.0388350 seconds
306.168: [GC306.168: [ParNew: 123520K->13696K(123520K), 0.0268260 secs]306.195: [Tenured: 304018K->121298K(304088K), 0.2055740 secs] 397355K->121298K(427608K), [Perm : 9159K->9159K(21248K)], 0.2335230 secs] [Times: user=0.41 sys=0.01, real=0.24 secs] 
306.402: Total time for which application threads were stopped: 0.2337520 seconds, Stopping threads took: 0.0001470 seconds
306.440: Application time: 0.0385920 seconds
306.440: [GC306.440: [ParNew: 109824K->13696K(123520K), 0.0210010 secs] 231122K->155524K(397848K), 0.0210470 secs] [Times: user=0.16 sys=0.00, real=0.03 secs] 
306.461: Total time for which application threads were stopped: 0.0212320 seconds, Stopping threads took: 0.0001030 seconds
306.510: Application time: 0.0489180 seconds
306.511: [GC306.511: [ParNew: 123520K->13696K(123520K), 0.0282310 secs] 265348K->180986K(397848K), 0.0282810 secs] [Times: user=0.23 sys=0.00, real=0.03 secs] 
306.539: Total time for which application threads were stopped: 0.0291580 seconds, Stopping threads took: 0.0008060 seconds
306.594: Application time: 0.0541060 seconds
306.594: [GC306.594: [ParNew: 123487K->13696K(123520K), 0.0211460 secs] 290778K->194896K(397848K), 0.0211910 secs] [Times: user=0.16 sys=0.00, real=0.02 secs] 
306.615: Total time for which application threads were stopped: 0.0213670 seconds, Stopping threads took: 0.0001080 seconds
306.658: Application time: 0.0426640 seconds
306.661: [GC306.661: [ParNew: 123520K->13696K(123520K), 0.0213280 secs] 304720K->215032K(397848K), 0.0213720 secs] [Times: user=0.17 sys=0.00, real=0.02 secs] 
306.682: Total time for which application threads were stopped: 0.0243810 seconds, Stopping threads took: 0.0029410 seconds
306.738: Application time: 0.0560800 seconds
306.738: [GC306.738: [ParNew: 123520K->13696K(123520K), 0.0226680 secs] 324856K->232856K(397848K), 0.0227140 secs] [Times: user=0.18 sys=0.00, real=0.03 secs] 
306.761: Total time for which application threads were stopped: 0.0228600 seconds, Stopping threads took: 0.0000800 seconds
306.820: Application time: 0.0586470 seconds
306.820: [GC306.820: [ParNew: 123520K->13645K(123520K), 0.0203260 secs] 342680K->246246K(397848K), 0.0203710 secs] [Times: user=0.16 sys=0.00, real=0.02 secs] 
306.840: Total time for which application threads were stopped: 0.0205190 seconds, Stopping threads took: 0.0000820 seconds
306.890: Application time: 0.0496690 seconds
306.890: [GC306.890: [ParNew: 123469K->13696K(123520K), 0.0201590 secs] 356070K->260184K(397848K), 0.0202040 secs] [Times: user=0.16 sys=0.00, real=0.02 secs] 
306.910: Total time for which application threads were stopped: 0.0203800 seconds, Stopping threads took: 0.0001070 seconds
306.950: Application time: 0.0400410 seconds
306.950: [GC306.950: [ParNew: 123511K->13696K(123520K), 0.0237940 secs] 369999K->286028K(397848K), 0.0238400 secs] [Times: user=0.19 sys=0.00, real=0.03 secs] 
306.974: Total time for which application threads were stopped: 0.0240320 seconds, Stopping threads took: 0.0001120 seconds
307.011: Application time: 0.0371070 seconds
307.011: [GC307.011: [ParNew: 123520K->13696K(123520K), 0.0293950 secs]307.041: [Tenured: 307385K->138195K(307544K), 0.2205330 secs] 395852K->138195K(431064K), [Perm : 9159K->9159K(21248K)], 0.2511630 secs] [Times: user=0.46 sys=0.00, real=0.26 secs] 
307.263: Total time for which application threads were stopped: 0.2513480 seconds, Stopping threads took: 0.0001120 seconds
307.304: Application time: 0.0413420 seconds
307.304: [GC307.304: [ParNew: 109824K->13696K(123520K), 0.0205080 secs] 248019K->167561K(397848K), 0.0205540 secs] [Times: user=0.16 sys=0.00, real=0.02 secs] 
307.325: Total time for which application threads were stopped: 0.0207330 seconds, Stopping threads took: 0.0001110 seconds
307.382: Application time: 0.0567750 seconds
307.382: [GC307.382: [ParNew: 123520K->13696K(123520K), 0.0249070 secs] 277385K->183883K(397848K), 0.0249490 secs] [Times: user=0.19 sys=0.00, real=0.02 secs] 
307.407: Total time for which application threads were stopped: 0.0250980 seconds, Stopping threads took: 0.0000820 seconds
307.457: Application time: 0.0500100 seconds
307.457: [GC307.457: [ParNew: 123520K->13696K(123520K), 0.0212120 secs] 293707K->201072K(397848K), 0.0212570 secs] [Times: user=0.17 sys=0.00, real=0.02 secs] 
307.478: Total time for which application threads were stopped: 0.0214460 seconds, Stopping threads took: 0.0001070 seconds
307.525: Application time: 0.0469920 seconds
307.525: [GC307.525: [ParNew: 123520K->13694K(123520K), 0.0225160 secs] 310896K->222442K(397848K), 0.0225620 secs] [Times: user=0.18 sys=0.00, real=0.02 secs] 
307.548: Total time for which application threads were stopped: 0.0227290 seconds, Stopping threads took: 0.0000990 seconds
307.605: Application time: 0.0571140 seconds
307.605: [GC307.605: [ParNew: 123518K->13694K(123520K), 0.0212360 secs] 332266K->236219K(397848K), 0.0212790 secs] [Times: user=0.17 sys=0.00, real=0.02 secs] 
307.626: Total time for which application threads were stopped: 0.0215150 seconds, Stopping threads took: 0.0001690 seconds
307.682: Application time: 0.0551120 seconds
307.682: [GC307.682: [ParNew: 123518K->13696K(123520K), 0.0195590 secs] 346043K->248611K(397848K), 0.0196050 secs] [Times: user=0.15 sys=0.00, real=0.02 secs] 
307.701: Total time for which application threads were stopped: 0.0197720 seconds, Stopping threads took: 0.0001020 seconds
307.742: Application time: 0.0404300 seconds
307.742: [GC307.742: [ParNew: 123520K->13696K(123520K), 0.0229890 secs] 358435K->272808K(397848K), 0.0230330 secs] [Times: user=0.18 sys=0.00, real=0.02 secs] 
307.765: Total time for which application threads were stopped: 0.0232190 seconds, Stopping threads took: 0.0001180 seconds
307.803: Application time: 0.0383220 seconds
307.803: [GC307.803: [ParNew: 123520K->13696K(123520K), 0.0272850 secs]307.831: [Tenured: 291727K->134245K(292184K), 0.2118150 secs] 382632K->134245K(415704K), [Perm : 9159K->9159K(21248K)], 0.2398100 secs] [Times: user=0.42 sys=0.01, real=0.24 secs] 
308.043: Total time for which application threads were stopped: 0.2399370 seconds, Stopping threads took: 0.0000530 seconds
308.082: Application time: 0.0390800 seconds
308.082: [GC308.083: [ParNew: 109824K->13696K(123520K), 0.0209940 secs] 244069K->166594K(397848K), 0.0210380 secs] [Times: user=0.16 sys=0.00, real=0.02 secs] 
308.104: Total time for which application threads were stopped: 0.0212390 seconds, Stopping threads took: 0.0001230 seconds
308.156: Application time: 0.0521550 seconds
308.156: [GC308.156: [ParNew: 123520K->13696K(123520K), 0.0272280 secs] 276418K->189213K(397848K), 0.0272720 secs] [Times: user=0.22 sys=0.00, real=0.03 secs] 
308.183: Total time for which application threads were stopped: 0.0274370 seconds, Stopping threads took: 0.0000980 seconds
308.242: Application time: 0.0589280 seconds
308.245: [GC308.245: [ParNew: 123520K->13696K(123520K), 0.0197420 secs] 299037K->202412K(397848K), 0.0197870 secs] [Times: user=0.16 sys=0.00, real=0.02 secs] 
308.264: Total time for which application threads were stopped: 0.0222950 seconds, Stopping threads took: 0.0024240 seconds
308.309: Application time: 0.0447360 seconds
308.309: [GC308.309: [ParNew: 123374K->13696K(123520K), 0.0205130 secs] 312091K->219801K(397848K), 0.0205640 secs] [Times: user=0.16 sys=0.00, real=0.02 secs] 
308.330: Total time for which application threads were stopped: 0.0207520 seconds, Stopping threads took: 0.0001030 seconds
308.383: Application time: 0.0526550 seconds
308.383: [GC308.383: [ParNew: 123520K->13696K(123520K), 0.0231370 secs] 329625K->240176K(397848K), 0.0231820 secs] [Times: user=0.18 sys=0.00, real=0.02 secs] 
308.406: Total time for which application threads were stopped: 0.0233360 seconds, Stopping threads took: 0.0000880 seconds
308.464: Application time: 0.0584320 seconds
308.464: [GC308.464: [ParNew: 123520K->13478K(123520K), 0.0197510 secs] 350000K->252995K(397848K), 0.0197970 secs] [Times: user=0.16 sys=0.00, real=0.02 secs] 
308.484: Total time for which application threads were stopped: 0.0199620 seconds, Stopping threads took: 0.0000910 seconds
308.533: Application time: 0.0491440 seconds
308.534: [GC308.534: [ParNew: 123302K->13696K(123520K), 0.0204050 secs] 362819K->268704K(397848K), 0.0204480 secs] [Times: user=0.16 sys=0.00, real=0.02 secs] 
308.554: Total time for which application threads were stopped: 0.0206190 seconds, Stopping threads took: 0.0001050 seconds
308.592: Application time: 0.0382210 seconds
308.592: [GC308.592: [ParNew: 123520K->13696K(123520K), 0.0248970 secs]308.617: [Tenured: 284179K->132655K(284696K), 0.2006180 secs] 378528K->132655K(408216K), [Perm : 9159K->9159K(21248K)], 0.2259330 secs] [Times: user=0.38 sys=0.01, real=0.22 secs] 
308.818: Total time for which application threads were stopped: 0.2261290 seconds, Stopping threads took: 0.0001070 seconds
308.856: Application time: 0.0377790 seconds
308.856: [GC308.856: [ParNew: 109824K->13696K(123520K), 0.0204400 secs] 242479K->165743K(397848K), 0.0204850 secs] [Times: user=0.16 sys=0.00, real=0.02 secs] 
308.877: Total time for which application threads were stopped: 0.0206580 seconds, Stopping threads took: 0.0001040 seconds
308.920: Application time: 0.0430310 seconds
308.920: [GC308.920: [ParNew: 123520K->13696K(123520K), 0.0273570 secs] 275567K->193661K(397848K), 0.0274030 secs] [Times: user=0.22 sys=0.00, real=0.03 secs] 
308.947: Total time for which application threads were stopped: 0.0275810 seconds, Stopping threads took: 0.0001110 seconds
309.005: Application time: 0.0577910 seconds
309.005: [GC309.005: [ParNew: 123520K->13696K(123520K), 0.0247100 secs] 303485K->209013K(397848K), 0.0247550 secs] [Times: user=0.20 sys=0.00, real=0.02 secs] 
309.030: Total time for which application threads were stopped: 0.0249350 seconds, Stopping threads took: 0.0001140 seconds
309.083: Application time: 0.0527780 seconds
309.083: [GC309.083: [ParNew: 123497K->13696K(123520K), 0.0205700 secs] 318815K->223555K(397848K), 0.0206170 secs] [Times: user=0.16 sys=0.00, real=0.02 secs] 
309.104: Total time for which application threads were stopped: 0.0207920 seconds, Stopping threads took: 0.0001070 seconds
309.148: Application time: 0.0444110 seconds
309.148: [GC309.148: [ParNew: 123520K->13696K(123520K), 0.0215640 secs] 333379K->243620K(397848K), 0.0216120 secs] [Times: user=0.17 sys=0.01, real=0.02 secs] 
309.170: Total time for which application threads were stopped: 0.0217970 seconds, Stopping threads took: 0.0001030 seconds
309.225: Application time: 0.0552590 seconds
309.225: [GC309.225: [ParNew: 123520K->13696K(123520K), 0.0236490 secs] 353444K->260788K(397848K), 0.0236930 secs] [Times: user=0.19 sys=0.00, real=0.02 secs] 
309.249: Total time for which application threads were stopped: 0.0238640 seconds, Stopping threads took: 0.0001050 seconds
309.300: Application time: 0.0508940 seconds
309.300: [GC309.300: [ParNew: 123520K->13696K(123520K), 0.0211960 secs] 370612K->276397K(397848K), 0.0212400 secs] [Times: user=0.17 sys=0.00, real=0.03 secs] 
309.321: Total time for which application threads were stopped: 0.0213920 seconds, Stopping threads took: 0.0000840 seconds
309.362: Application time: 0.0410860 seconds
309.363: [GC309.363: [ParNew: 123520K->13696K(123520K), 0.0236540 secs]309.386: [Tenured: 288110K->121004K(288344K), 0.2072820 secs] 386221K->121004K(411864K), [Perm : 9159K->9159K(21248K)], 0.2314780 secs] [Times: user=0.39 sys=0.00, real=0.23 secs] 
309.594: Total time for which application threads were stopped: 0.2316640 seconds, Stopping threads took: 0.0001180 seconds
309.633: Application time: 0.0386580 seconds
309.633: [GC309.633: [ParNew: 109824K->13696K(123520K), 0.0210310 secs] 230828K->155052K(397848K), 0.0210770 secs] [Times: user=0.16 sys=0.00, real=0.02 secs] 
309.654: Total time for which application threads were stopped: 0.0212510 seconds, Stopping threads took: 0.0001070 seconds
309.699: Application time: 0.0446460 seconds
309.699: [GC309.699: [ParNew: 123520K->13696K(123520K), 0.0276580 secs] 264876K->182365K(397848K), 0.0277000 secs] [Times: user=0.21 sys=0.00, real=0.03 secs] 
309.727: Total time for which application threads were stopped: 0.0278900 seconds, Stopping threads took: 0.0001080 seconds
309.776: Application time: 0.0490250 seconds
309.776: [GC309.776: [ParNew: 123520K->13696K(123520K), 0.0227490 secs] 292189K->200835K(397848K), 0.0227940 secs] [Times: user=0.19 sys=0.00, real=0.02 secs] 
309.799: Total time for which application threads were stopped: 0.0229760 seconds, Stopping threads took: 0.0001160 seconds
309.857: Application time: 0.0579830 seconds
309.857: [GC309.857: [ParNew: 123520K->13696K(123520K), 0.0210880 secs] 310659K->214223K(397848K), 0.0211330 secs] [Times: user=0.17 sys=0.00, real=0.02 secs] 
309.878: Total time for which application threads were stopped: 0.0213070 seconds, Stopping threads took: 0.0001090 seconds
309.928: Application time: 0.0496410 seconds
309.928: [GC309.928: [ParNew: 123520K->13696K(123520K), 0.0207820 secs] 324047K->230448K(397848K), 0.0208270 secs] [Times: user=0.17 sys=0.00, real=0.02 secs] 
309.949: Total time for which application threads were stopped: 0.0210000 seconds, Stopping threads took: 0.0001040 seconds
309.995: Application time: 0.0467100 seconds
309.995: [GC309.995: [ParNew: 123520K->13696K(123520K), 0.0225190 secs] 340272K->252360K(397848K), 0.0225650 secs] [Times: user=0.18 sys=0.00, real=0.02 secs] 
310.018: Total time for which application threads were stopped: 0.0227320 seconds, Stopping threads took: 0.0000970 seconds
310.071: Application time: 0.0528320 seconds
310.071: [GC310.071: [ParNew: 123520K->13696K(123520K), 0.0219970 secs] 362184K->269558K(397848K), 0.0220420 secs] [Times: user=0.17 sys=0.00, real=0.03 secs] 
310.093: Total time for which application threads were stopped: 0.0222200 seconds, Stopping threads took: 0.0001120 seconds
310.136: Application time: 0.0434020 seconds
310.137: [GC310.137: [ParNew: 123520K->13696K(123520K), 0.0235240 secs]310.160: [Tenured: 278507K->125938K(278552K), 0.2102060 secs] 379382K->125938K(402072K), [Perm : 9159K->9159K(21248K)], 0.2339670 secs] [Times: user=0.40 sys=0.00, real=0.23 secs] 
310.371: Total time for which application threads were stopped: 0.2341110 seconds, Stopping threads took: 0.0000750 seconds
310.413: Application time: 0.0422690 seconds
310.413: [GC310.413: [ParNew: 109824K->13696K(123520K), 0.0213030 secs] 235762K->159905K(397848K), 0.0213500 secs] [Times: user=0.17 sys=0.00, real=0.02 secs] 
310.434: Total time for which application threads were stopped: 0.0215550 seconds, Stopping threads took: 0.0001200 seconds
310.475: Application time: 0.0403810 seconds
310.475: [GC310.475: [ParNew: 123520K->13696K(123520K), 0.0252550 secs] 269729K->186025K(397848K), 0.0253000 secs] [Times: user=0.20 sys=0.00, real=0.02 secs] 
310.500: Total time for which application threads were stopped: 0.0254890 seconds, Stopping threads took: 0.0001210 seconds
310.553: Application time: 0.0531120 seconds
310.557: [GC310.557: [ParNew: 123520K->13696K(123520K), 0.0248910 secs] 295849K->206872K(397848K), 0.0249370 secs] [Times: user=0.20 sys=0.00, real=0.03 secs] 
310.582: Total time for which application threads were stopped: 0.0281900 seconds, Stopping threads took: 0.0031660 seconds
310.633: Application time: 0.0515710 seconds
310.633: [GC310.633: [ParNew: 123520K->13696K(123520K), 0.0222300 secs] 316696K->223405K(397848K), 0.0222830 secs] [Times: user=0.18 sys=0.00, real=0.02 secs] 
310.656: Total time for which application threads were stopped: 0.0224700 seconds, Stopping threads took: 0.0001190 seconds
310.712: Application time: 0.0564740 seconds
310.712: [GC310.712: [ParNew: 123520K->13696K(123520K), 0.0205650 secs] 333229K->236571K(397848K), 0.0206100 secs] [Times: user=0.16 sys=0.00, real=0.03 secs] 
310.733: Total time for which application threads were stopped: 0.0207800 seconds, Stopping threads took: 0.0001010 seconds
310.777: Application time: 0.0440510 seconds
310.777: [GC310.777: [ParNew: 123520K->13696K(123520K), 0.0214510 secs] 346395K->255827K(397848K), 0.0214970 secs] [Times: user=0.17 sys=0.00, real=0.02 secs] 
310.799: Total time for which application threads were stopped: 0.0216870 seconds, Stopping threads took: 0.0001200 seconds
310.853: Application time: 0.0541940 seconds
310.853: [GC310.853: [ParNew: 123520K->13696K(123520K), 0.0246210 secs] 365651K->276963K(397848K), 0.0246660 secs] [Times: user=0.20 sys=0.00, real=0.02 secs] 
310.878: Total time for which application threads were stopped: 0.0248860 seconds, Stopping threads took: 0.0001410 seconds
310.926: Application time: 0.0485220 seconds
310.926: [GC310.926: [ParNew: 123520K->13696K(123520K), 0.0224430 secs]310.949: [Tenured: 282295K->131608K(282584K), 0.2054870 secs] 386787K->131608K(406104K), [Perm : 9159K->9159K(21248K)], 0.2282880 secs] [Times: user=0.38 sys=0.01, real=0.23 secs] 
311.155: Total time for which application threads were stopped: 0.2284940 seconds, Stopping threads took: 0.0001230 seconds
311.195: Application time: 0.0400600 seconds
311.195: [GC311.195: [ParNew: 109824K->13696K(123520K), 0.0165300 secs] 241432K->160522K(397848K), 0.0165750 secs] [Times: user=0.13 sys=0.00, real=0.01 secs] 
311.212: Total time for which application threads were stopped: 0.0167570 seconds, Stopping threads took: 0.0001130 seconds
311.250: Application time: 0.0381720 seconds
311.250: [GC311.250: [ParNew: 123520K->13696K(123520K), 0.0271640 secs] 270346K->192300K(397848K), 0.0272090 secs] [Times: user=0.22 sys=0.00, real=0.03 secs] 
311.277: Total time for which application threads were stopped: 0.0274430 seconds, Stopping threads took: 0.0001460 seconds
311.331: Application time: 0.0539490 seconds
311.331: [GC311.331: [ParNew: 123520K->13696K(123520K), 0.0289860 secs] 302124K->216013K(397848K), 0.0290320 secs] [Times: user=0.23 sys=0.00, real=0.03 secs] 
311.360: Total time for which application threads were stopped: 0.0292230 seconds, Stopping threads took: 0.0001250 seconds
311.413: Application time: 0.0527170 seconds
311.413: [GC311.413: [ParNew: 123520K->13696K(123520K), 0.0218010 secs] 325837K->231297K(397848K), 0.0218460 secs] [Times: user=0.17 sys=0.00, real=0.02 secs] 
311.435: Total time for which application threads were stopped: 0.0221540 seconds, Stopping threads took: 0.0002190 seconds
311.492: Application time: 0.0567150 seconds
311.492: [GC311.492: [ParNew: 123520K->13696K(123520K), 0.0217880 secs] 341121K->245698K(397848K), 0.0218300 secs] [Times: user=0.16 sys=0.00, real=0.03 secs] 
311.514: Total time for which application threads were stopped: 0.0220220 seconds, Stopping threads took: 0.0001100 seconds
311.564: Application time: 0.0495540 seconds
311.565: [GC311.565: [ParNew: 123520K->13696K(123520K), 0.0240430 secs] 355522K->260837K(397848K), 0.0240880 secs] [Times: user=0.16 sys=0.00, real=0.02 secs] 
311.589: Total time for which application threads were stopped: 0.0253240 seconds, Stopping threads took: 0.0011480 seconds
311.635: Application time: 0.0459950 seconds
311.635: [GC311.635: [ParNew: 123520K->13696K(123520K), 0.0221940 secs] 370661K->281971K(397848K), 0.0222390 secs] [Times: user=0.17 sys=0.00, real=0.02 secs] 
311.657: Total time for which application threads were stopped: 0.0224630 seconds, Stopping threads took: 0.0001360 seconds
311.711: Application time: 0.0535490 seconds
311.711: [GC311.711: [ParNew: 123520K->13696K(123520K), 0.0227180 secs]311.734: [Tenured: 286239K->127037K(286424K), 0.1949530 secs] 391795K->127037K(409944K), [Perm : 9159K->9159K(21248K)], 0.2182050 secs] [Times: user=0.37 sys=0.01, real=0.22 secs] 
311.929: Total time for which application threads were stopped: 0.2183650 seconds, Stopping threads took: 0.0000880 seconds
311.970: Application time: 0.0409090 seconds
311.970: [GC311.970: [ParNew: 109824K->13696K(123520K), 0.0142380 secs] 236861K->151977K(397848K), 0.0142820 secs] [Times: user=0.12 sys=0.00, real=0.02 secs] 
311.985: Total time for which application threads were stopped: 0.0144630 seconds, Stopping threads took: 0.0001140 seconds
312.022: Application time: 0.0374520 seconds
312.022: [GC312.022: [ParNew: 123520K->13696K(123520K), 0.0257640 secs] 261801K->184092K(397848K), 0.0258080 secs] [Times: user=0.20 sys=0.00, real=0.02 secs] 
312.048: Total time for which application threads were stopped: 0.0259440 seconds, Stopping threads took: 0.0000540 seconds
312.092: Application time: 0.0437000 seconds
312.092: [GC312.092: [ParNew: 123520K->13696K(123520K), 0.0280570 secs] 293916K->213044K(397848K), 0.0281030 secs] [Times: user=0.22 sys=0.00, real=0.03 secs] 
312.120: Total time for which application threads were stopped: 0.0282540 seconds, Stopping threads took: 0.0000840 seconds
312.172: Application time: 0.0522590 seconds
312.172: [GC312.172: [ParNew: 123520K->13696K(123520K), 0.0248420 secs] 322868K->232319K(397848K), 0.0248880 secs] [Times: user=0.18 sys=0.00, real=0.03 secs] 
312.197: Total time for which application threads were stopped: 0.0250310 seconds, Stopping threads took: 0.0000750 seconds
312.251: Application time: 0.0533620 seconds
312.251: [GC312.251: [ParNew: 123520K->13696K(123520K), 0.0219760 secs] 342143K->247141K(397848K), 0.0220230 secs] [Times: user=0.18 sys=0.00, real=0.03 secs] 
312.273: Total time for which application threads were stopped: 0.0221930 seconds, Stopping threads took: 0.0001030 seconds
312.326: Application time: 0.0537020 seconds
312.327: [GC312.327: [ParNew: 123520K->13696K(123520K), 0.0196750 secs] 356965K->260928K(397848K), 0.0197190 secs] [Times: user=0.15 sys=0.00, real=0.02 secs] 
312.346: Total time for which application threads were stopped: 0.0198790 seconds, Stopping threads took: 0.0000910 seconds
312.394: Application time: 0.0476260 seconds
312.394: [GC312.394: [ParNew: 123520K->13696K(123520K), 0.0219670 secs] 370752K->279988K(397848K), 0.0220140 secs] [Times: user=0.18 sys=0.00, real=0.02 secs] 
312.416: Total time for which application threads were stopped: 0.0221840 seconds, Stopping threads took: 0.0001020 seconds
312.466: Application time: 0.0501070 seconds
312.466: [GC312.466: [ParNew: 123520K->13696K(123520K), 0.0222760 secs]312.489: [Tenured: 285408K->120680K(286040K), 0.2115130 secs] 389812K->120680K(409560K), [Perm : 9159K->9159K(21248K)], 0.2342570 secs] [Times: user=0.38 sys=0.01, real=0.24 secs] 
312.701: Total time for which application threads were stopped: 0.2344160 seconds, Stopping threads took: 0.0000900 seconds
312.746: Application time: 0.0450510 seconds
312.746: [GC312.746: [ParNew: 109824K->13696K(123520K), 0.0145260 secs] 230504K->143404K(397848K), 0.0145700 secs] [Times: user=0.11 sys=0.00, real=0.02 secs] 
312.761: Total time for which application threads were stopped: 0.0148070 seconds, Stopping threads took: 0.0001560 seconds
312.800: Application time: 0.0398750 seconds
312.801: [GC312.801: [ParNew: 123520K->13696K(123520K), 0.0246430 secs] 253228K->171941K(397848K), 0.0246900 secs] [Times: user=0.20 sys=0.00, real=0.02 secs] 
312.825: Total time for which application threads were stopped: 0.0249050 seconds, Stopping threads took: 0.0001460 seconds
312.866: Application time: 0.0406820 seconds
312.866: [GC312.866: [ParNew: 123520K->13696K(123520K), 0.0266140 secs] 281765K->201901K(397848K), 0.0266590 secs] [Times: user=0.21 sys=0.00, real=0.03 secs] 
312.893: Total time for which application threads were stopped: 0.0268330 seconds, Stopping threads took: 0.0001070 seconds
312.944: Application time: 0.0509850 seconds
312.944: [GC312.944: [ParNew: 123520K->13696K(123520K), 0.0265140 secs] 311725K->224004K(397848K), 0.0265680 secs] [Times: user=0.21 sys=0.00, real=0.02 secs] 
312.971: Total time for which application threads were stopped: 0.0267140 seconds, Stopping threads took: 0.0000780 seconds
313.023: Application time: 0.0528370 seconds
313.024: [GC313.024: [ParNew: 123520K->13696K(123520K), 0.0221270 secs] 333828K->240094K(397848K), 0.0221730 secs] [Times: user=0.17 sys=0.00, real=0.02 secs] 
313.046: Total time for which application threads were stopped: 0.0223580 seconds, Stopping threads took: 0.0001170 seconds
313.098: Application time: 0.0520870 seconds
313.105: [GC313.105: [ParNew: 123520K->13696K(123520K), 0.0219490 secs] 349918K->258042K(397848K), 0.0219940 secs] [Times: user=0.17 sys=0.00, real=0.02 secs] 
313.127: Total time for which application threads were stopped: 0.0288280 seconds, Stopping threads took: 0.0067480 seconds
313.176: Application time: 0.0495450 seconds
313.176: [GC313.176: [ParNew: 123520K->13696K(123520K), 0.0207240 secs] 367866K->273211K(397848K), 0.0207770 secs] [Times: user=0.16 sys=0.00, real=0.02 secs] 
313.197: Total time for which application threads were stopped: 0.0209380 seconds, Stopping threads took: 0.0000940 seconds
313.247: Application time: 0.0502080 seconds
313.248: [GC313.248: [ParNew: 123520K->13696K(123520K), 0.0226500 secs]313.270: [Tenured: 279355K->138390K(279896K), 0.2220120 secs] 383035K->138390K(403416K), [Perm : 9159K->9159K(21248K)], 0.2449640 secs] [Times: user=0.39 sys=0.01, real=0.25 secs] 
313.494: Total time for which application threads were stopped: 0.2464550 seconds, Stopping threads took: 0.0000780 seconds
313.543: Application time: 0.0495450 seconds
313.544: [GC313.544: [ParNew: 109824K->13696K(123520K), 0.0157940 secs] 248214K->161161K(397848K), 0.0158410 secs] [Times: user=0.12 sys=0.00, real=0.01 secs] 
313.559: Total time for which application threads were stopped: 0.0160300 seconds, Stopping threads took: 0.0001220 seconds
313.605: Application time: 0.0454910 seconds
313.605: [GC313.605: [ParNew: 123492K->13696K(123520K), 0.0238540 secs] 270958K->184645K(397848K), 0.0239000 secs] [Times: user=0.19 sys=0.00, real=0.02 secs] 
313.629: Total time for which application threads were stopped: 0.0241020 seconds, Stopping threads took: 0.0001330 seconds
313.667: Application time: 0.0378230 seconds
313.667: [GC313.667: [ParNew: 123520K->13696K(123520K), 0.0238940 secs] 294469K->211210K(397848K), 0.0239380 secs] [Times: user=0.18 sys=0.00, real=0.02 secs] 
313.691: Total time for which application threads were stopped: 0.0241010 seconds, Stopping threads took: 0.0000930 seconds
313.736: Application time: 0.0451690 seconds
313.736: [GC313.736: [ParNew: 123520K->13696K(123520K), 0.0277950 secs] 321034K->241850K(397848K), 0.0278390 secs] [Times: user=0.22 sys=0.00, real=0.03 secs] 
313.764: Total time for which application threads were stopped: 0.0279980 seconds, Stopping threads took: 0.0000910 seconds
313.816: Application time: 0.0522230 seconds
313.817: [GC313.817: [ParNew: 123520K->13696K(123520K), 0.0241350 secs] 351674K->259119K(397848K), 0.0241810 secs] [Times: user=0.19 sys=0.00, real=0.03 secs] 
313.841: Total time for which application threads were stopped: 0.0243660 seconds, Stopping threads took: 0.0001050 seconds
313.894: Application time: 0.0529450 seconds
313.894: [GC313.894: [ParNew: 123520K->13694K(123520K), 0.0231250 secs] 368943K->276074K(397848K), 0.0231700 secs] [Times: user=0.18 sys=0.00, real=0.02 secs] 
313.917: Total time for which application threads were stopped: 0.0233390 seconds, Stopping threads took: 0.0001010 seconds
313.969: Application time: 0.0519230 seconds
313.969: [GC313.969: [ParNew: 123518K->13696K(123520K), 0.0212660 secs]313.991: [Tenured: 279014K->142352K(279128K), 0.2274260 secs] 385898K->142352K(402648K), [Perm : 9159K->9159K(21248K)], 0.2489590 secs] [Times: user=0.38 sys=0.00, real=0.25 secs] 
314.218: Total time for which application threads were stopped: 0.2492750 seconds, Stopping threads took: 0.0002180 seconds
314.271: Application time: 0.0523980 seconds
314.271: [GC314.271: [ParNew: 109824K->13696K(123520K), 0.0134120 secs] 252176K->159309K(397848K), 0.0134570 secs] [Times: user=0.10 sys=0.00, real=0.02 secs] 
314.284: Total time for which application threads were stopped: 0.0136160 seconds, Stopping threads took: 0.0000920 seconds
314.329: Application time: 0.0447700 seconds
314.329: [GC314.329: [ParNew: 123520K->13696K(123520K), 0.0229110 secs] 269133K->181316K(397848K), 0.0229570 secs] [Times: user=0.18 sys=0.00, real=0.02 secs] 
314.352: Total time for which application threads were stopped: 0.0231960 seconds, Stopping threads took: 0.0001580 seconds
314.401: Application time: 0.0483190 seconds
314.401: [GC314.401: [ParNew: 123520K->13696K(123520K), 0.0247710 secs] 291140K->205822K(397848K), 0.0248160 secs] [Times: user=0.20 sys=0.00, real=0.02 secs] 
314.426: Total time for which application threads were stopped: 0.0249760 seconds, Stopping threads took: 0.0000930 seconds
314.468: Application time: 0.0419990 seconds
314.468: [GC314.468: [ParNew: 123520K->13696K(123520K), 0.0248470 secs] 315646K->229990K(397848K), 0.0248920 secs] [Times: user=0.19 sys=0.00, real=0.03 secs] 
314.493: Total time for which application threads were stopped: 0.0250760 seconds, Stopping threads took: 0.0001150 seconds
314.535: Application time: 0.0427100 seconds
314.535: [GC314.535: [ParNew: 123520K->13696K(123520K), 0.0263930 secs] 339814K->259402K(397848K), 0.0264390 secs] [Times: user=0.21 sys=0.00, real=0.03 secs] 
314.562: Total time for which application threads were stopped: 0.0265910 seconds, Stopping threads took: 0.0000840 seconds
314.613: Application time: 0.0508530 seconds
314.617: [GC314.617: [ParNew: 123520K->13696K(123520K), 0.0267560 secs] 369226K->282241K(397848K), 0.0267990 secs] [Times: user=0.21 sys=0.00, real=0.03 secs] 
314.644: Total time for which application threads were stopped: 0.0307540 seconds, Stopping threads took: 0.0038700 seconds
314.691: Application time: 0.0479160 seconds
314.692: [GC314.692: [ParNew: 123520K->13696K(123520K), 0.0223760 secs]314.714: [Tenured: 286307K->156935K(286616K), 0.2444810 secs] 392065K->156935K(410136K), [Perm : 9159K->9159K(21248K)], 0.2673800 secs] [Times: user=0.41 sys=0.00, real=0.27 secs] 
314.959: Total time for which application threads were stopped: 0.2675360 seconds, Stopping threads took: 0.0000860 seconds
315.019: Application time: 0.0597150 seconds
315.019: [GC315.019: [ParNew: 109824K->13695K(123520K), 0.0134370 secs] 266759K->171126K(397848K), 0.0134790 secs] [Times: user=0.10 sys=0.01, real=0.01 secs] 
315.032: Total time for which application threads were stopped: 0.0136280 seconds, Stopping threads took: 0.0000680 seconds
315.083: Application time: 0.0503170 seconds
315.083: [GC315.083: [ParNew: 123519K->13696K(123520K), 0.0212330 secs] 280950K->188400K(397848K), 0.0212770 secs] [Times: user=0.17 sys=0.00, real=0.02 secs] 
315.104: Total time for which application threads were stopped: 0.0214420 seconds, Stopping threads took: 0.0000960 seconds
315.153: Application time: 0.0488160 seconds
315.153: [GC315.153: [ParNew: 123520K->13696K(123520K), 0.0227350 secs] 298224K->209229K(397848K), 0.0227800 secs] [Times: user=0.18 sys=0.00, real=0.02 secs] 
315.176: Total time for which application threads were stopped: 0.0230750 seconds, Stopping threads took: 0.0002260 seconds
315.222: Application time: 0.0462710 seconds
315.222: [GC315.223: [ParNew: 123520K->13696K(123520K), 0.0236430 secs] 319053K->231098K(397848K), 0.0236870 secs] [Times: user=0.18 sys=0.00, real=0.02 secs] 
315.246: Total time for which application threads were stopped: 0.0239540 seconds, Stopping threads took: 0.0001780 seconds
315.293: Application time: 0.0470300 seconds
315.297: [GC315.297: [ParNew: 123520K->13696K(123520K), 0.0249770 secs] 340922K->256103K(397848K), 0.0250230 secs] [Times: user=0.20 sys=0.00, real=0.03 secs] 
315.322: Total time for which application threads were stopped: 0.0284730 seconds, Stopping threads took: 0.0033840 seconds
315.362: Application time: 0.0401910 seconds
315.362: [GC315.362: [ParNew: 123520K->13696K(123520K), 0.0250100 secs] 365927K->282054K(397848K), 0.0250620 secs] [Times: user=0.20 sys=0.00, real=0.02 secs] 
315.387: Total time for which application threads were stopped: 0.0252380 seconds, Stopping threads took: 0.0000970 seconds
315.431: Application time: 0.0442070 seconds
315.432: [GC315.432: [ParNew: 123520K->13696K(123520K), 0.0261610 secs]315.458: [Tenured: 296020K->147279K(296024K), 0.2481890 secs] 391878K->147279K(419544K), [Perm : 9159K->9159K(21248K)], 0.2752110 secs] [Times: user=0.45 sys=0.01, real=0.28 secs] 
315.707: Total time for which application threads were stopped: 0.2754050 seconds, Stopping threads took: 0.0001230 seconds
315.758: Application time: 0.0507590 seconds
315.758: [GC315.758: [ParNew: 109824K->13696K(123520K), 0.0148380 secs] 257103K->166867K(397848K), 0.0148820 secs] [Times: user=0.12 sys=0.00, real=0.02 secs] 
315.773: Total time for which application threads were stopped: 0.0150640 seconds, Stopping threads took: 0.0000960 seconds
315.825: Application time: 0.0525530 seconds
315.825: [GC315.825: [ParNew: 123520K->13696K(123520K), 0.0222700 secs] 276691K->183335K(397848K), 0.0223160 secs] [Times: user=0.18 sys=0.00, real=0.02 secs] 
315.848: Total time for which application threads were stopped: 0.0225270 seconds, Stopping threads took: 0.0001430 seconds
315.902: Application time: 0.0547720 seconds
315.903: [GC315.903: [ParNew: 123520K->13696K(123520K), 0.0198260 secs] 293159K->197375K(397848K), 0.0198700 secs] [Times: user=0.16 sys=0.00, real=0.02 secs] 
315.923: Total time for which application threads were stopped: 0.0200440 seconds, Stopping threads took: 0.0001070 seconds
315.972: Application time: 0.0493710 seconds
315.972: [GC315.972: [ParNew: 123462K->13696K(123520K), 0.0213930 secs] 307141K->214578K(397848K), 0.0214370 secs] [Times: user=0.17 sys=0.00, real=0.03 secs] 
315.993: Total time for which application threads were stopped: 0.0216050 seconds, Stopping threads took: 0.0000980 seconds
316.036: Application time: 0.0426820 seconds
316.036: [GC316.036: [ParNew: 123520K->13696K(123520K), 0.0235030 secs] 324402K->239344K(397848K), 0.0235480 secs] [Times: user=0.19 sys=0.00, real=0.02 secs] 
316.060: Total time for which application threads were stopped: 0.0236800 seconds, Stopping threads took: 0.0000580 seconds
316.107: Application time: 0.0472290 seconds
316.107: [GC316.107: [ParNew: 123520K->13696K(123520K), 0.0251600 secs] 349168K->263905K(397848K), 0.0252110 secs] [Times: user=0.19 sys=0.01, real=0.03 secs] 
316.132: Total time for which application threads were stopped: 0.0253900 seconds, Stopping threads took: 0.0001110 seconds
316.178: Application time: 0.0454130 seconds
316.178: [GC316.178: [ParNew: 123520K->13696K(123520K), 0.0246100 secs] 373729K->286686K(397848K), 0.0246570 secs] [Times: user=0.20 sys=0.00, real=0.03 secs] 
316.203: Total time for which application threads were stopped: 0.0248390 seconds, Stopping threads took: 0.0001130 seconds
316.247: Application time: 0.0439420 seconds
316.247: [GC316.247: [ParNew: 123520K->13696K(123520K), 0.0269560 secs]316.274: [Tenured: 301365K->145227K(302168K), 0.2399310 secs] 396510K->145227K(425688K), [Perm : 9159K->9159K(21248K)], 0.2678070 secs] [Times: user=0.43 sys=0.01, real=0.27 secs] 
316.515: Total time for which application threads were stopped: 0.2679600 seconds, Stopping threads took: 0.0000860 seconds
316.560: Application time: 0.0452450 seconds
316.560: [GC316.560: [ParNew: 109824K->13696K(123520K), 0.0164990 secs] 255051K->168848K(397848K), 0.0165430 secs] [Times: user=0.13 sys=0.00, real=0.02 secs] 
316.577: Total time for which application threads were stopped: 0.0167020 seconds, Stopping threads took: 0.0000760 seconds
316.627: Application time: 0.0506190 seconds
316.627: [GC316.627: [ParNew: 123520K->13696K(123520K), 0.0225800 secs] 278672K->187062K(397848K), 0.0226260 secs] [Times: user=0.18 sys=0.00, real=0.02 secs] 
316.650: Total time for which application threads were stopped: 0.0228040 seconds, Stopping threads took: 0.0001110 seconds
316.708: Application time: 0.0581040 seconds
316.708: [GC316.708: [ParNew: 123520K->13696K(123520K), 0.0205990 secs] 296886K->200502K(397848K), 0.0206510 secs] [Times: user=0.16 sys=0.00, real=0.02 secs] 
316.729: Total time for which application threads were stopped: 0.0208170 seconds, Stopping threads took: 0.0000980 seconds
316.782: Application time: 0.0528280 seconds
316.782: [GC316.782: [ParNew: 123520K->13696K(123520K), 0.0193700 secs] 310326K->213287K(397848K), 0.0194160 secs] [Times: user=0.15 sys=0.00, real=0.02 secs] 
316.801: Total time for which application threads were stopped: 0.0195760 seconds, Stopping threads took: 0.0000920 seconds
316.841: Application time: 0.0396020 seconds
316.841: [GC316.841: [ParNew: 123520K->13696K(123520K), 0.0231860 secs] 323111K->239165K(397848K), 0.0232320 secs] [Times: user=0.18 sys=0.00, real=0.02 secs] 
316.864: Total time for which application threads were stopped: 0.0234430 seconds, Stopping threads took: 0.0001430 seconds
316.910: Application time: 0.0454790 seconds
316.910: [GC316.910: [ParNew: 123520K->13696K(123520K), 0.0260800 secs] 348989K->266726K(397848K), 0.0261250 secs] [Times: user=0.21 sys=0.00, real=0.03 secs] 
316.936: Total time for which application threads were stopped: 0.0263190 seconds, Stopping threads took: 0.0001270 seconds
316.983: Application time: 0.0469400 seconds
316.983: [GC316.983: [ParNew: 123520K->13696K(123520K), 0.0240260 secs] 376550K->287728K(397848K), 0.0240700 secs] [Times: user=0.19 sys=0.00, real=0.02 secs] 
317.007: Total time for which application threads were stopped: 0.0242100 seconds, Stopping threads took: 0.0000710 seconds
317.051: Application time: 0.0438040 seconds
317.051: [GC317.051: [ParNew: 123256K->13696K(123520K), 0.0238540 secs]317.075: [Tenured: 297276K->139537K(297752K), 0.2183180 secs] 397288K->139537K(421272K), [Perm : 9159K->9159K(21248K)], 0.2429920 secs] [Times: user=0.40 sys=0.01, real=0.25 secs] 
317.294: Total time for which application threads were stopped: 0.2431450 seconds, Stopping threads took: 0.0000850 seconds
317.338: Application time: 0.0438560 seconds
317.338: [GC317.338: [ParNew: 109824K->13696K(123520K), 0.0177940 secs] 249361K->167250K(397848K), 0.0178390 secs] [Times: user=0.14 sys=0.00, real=0.02 secs] 
317.356: Total time for which application threads were stopped: 0.0180260 seconds, Stopping threads took: 0.0001080 seconds
317.406: Application time: 0.0500570 seconds
317.409: [GC317.409: [ParNew: 123520K->13696K(123520K), 0.0245000 secs] 277074K->188555K(397848K), 0.0245460 secs] [Times: user=0.20 sys=0.00, real=0.03 secs] 
317.433: Total time for which application threads were stopped: 0.0268670 seconds, Stopping threads took: 0.0022550 seconds
317.485: Application time: 0.0517540 seconds
317.485: [GC317.485: [ParNew: 123520K->13696K(123520K), 0.0229360 secs] 298379K->204783K(397848K), 0.0229810 secs] [Times: user=0.18 sys=0.00, real=0.02 secs] 
317.508: Total time for which application threads were stopped: 0.0231760 seconds, Stopping threads took: 0.0001300 seconds
317.567: Application time: 0.0593990 seconds
317.568: [GC317.568: [ParNew: 123520K->13093K(123520K), 0.0193590 secs] 314607K->216293K(397848K), 0.0194020 secs] [Times: user=0.15 sys=0.00, real=0.02 secs] 
317.587: Total time for which application threads were stopped: 0.0195700 seconds, Stopping threads took: 0.0001030 seconds
317.629: Application time: 0.0423340 seconds
317.629: [GC317.629: [ParNew: 122917K->13696K(123520K), 0.0215670 secs] 326117K->236983K(397848K), 0.0216140 secs] [Times: user=0.17 sys=0.00, real=0.02 secs] 
317.651: Total time for which application threads were stopped: 0.0217570 seconds, Stopping threads took: 0.0000740 seconds
317.691: Application time: 0.0394080 seconds
317.691: [GC317.691: [ParNew: 123520K->13696K(123520K), 0.0236370 secs] 346807K->263667K(397848K), 0.0236840 secs] [Times: user=0.18 sys=0.00, real=0.03 secs] 
317.714: Total time for which application threads were stopped: 0.0239380 seconds, Stopping threads took: 0.0001860 seconds
317.761: Application time: 0.0465070 seconds
317.761: [GC317.761: [ParNew: 123520K->13696K(123520K), 0.0263780 secs]317.788: [Tenured: 275249K->149808K(275864K), 0.2338640 secs] 373491K->149808K(399384K), [Perm : 9159K->9159K(21248K)], 0.2603680 secs] [Times: user=0.45 sys=0.00, real=0.26 secs] 
318.022: Total time for which application threads were stopped: 0.2605520 seconds, Stopping threads took: 0.0001160 seconds
318.071: Application time: 0.0494290 seconds
318.071: [GC318.071: [ParNew: 109824K->13696K(123520K), 0.0144240 secs] 259632K->169706K(397848K), 0.0144680 secs] [Times: user=0.12 sys=0.00, real=0.02 secs] 
318.086: Total time for which application threads were stopped: 0.0146230 seconds, Stopping threads took: 0.0000710 seconds
318.128: Application time: 0.0420080 seconds
318.128: [GC318.128: [ParNew: 123520K->13696K(123520K), 0.0252200 secs] 279530K->196755K(397848K), 0.0252640 secs] [Times: user=0.20 sys=0.00, real=0.03 secs] 
318.153: Total time for which application threads were stopped: 0.0254180 seconds, Stopping threads took: 0.0000840 seconds
318.203: Application time: 0.0503780 seconds
318.204: [GC318.204: [ParNew: 123520K->13696K(123520K), 0.0249000 secs] 306579K->220057K(397848K), 0.0249440 secs] [Times: user=0.20 sys=0.00, real=0.02 secs] 
318.228: Total time for which application threads were stopped: 0.0250880 seconds, Stopping threads took: 0.0000770 seconds
318.279: Application time: 0.0507160 seconds
318.281: [GC318.281: [ParNew: 123488K->13696K(123520K), 0.0224590 secs] 329850K->236451K(397848K), 0.0225050 secs] [Times: user=0.18 sys=0.00, real=0.02 secs] 
318.303: Total time for which application threads were stopped: 0.0238620 seconds, Stopping threads took: 0.0012890 seconds
318.360: Application time: 0.0572000 seconds
318.365: [GC318.365: [ParNew: 123520K->13695K(123520K), 0.0212140 secs] 346275K->250991K(397848K), 0.0212590 secs] [Times: user=0.17 sys=0.00, real=0.02 secs] 
318.386: Total time for which application threads were stopped: 0.0257190 seconds, Stopping threads took: 0.0043730 seconds
318.436: Application time: 0.0504990 seconds
318.441: [GC318.441: [ParNew: 123519K->13696K(123520K), 0.0197490 secs] 360815K->266053K(397848K), 0.0198040 secs] [Times: user=0.16 sys=0.01, real=0.02 secs] 
318.460: Total time for which application threads were stopped: 0.0239770 seconds, Stopping threads took: 0.0041070 seconds
318.498: Application time: 0.0378410 seconds
318.498: [GC318.498: [ParNew: 123520K->13696K(123520K), 0.0252280 secs]318.524: [Tenured: 278587K->129826K(279512K), 0.2186100 secs] 375877K->129826K(403032K), [Perm : 9159K->9159K(21248K)], 0.2440930 secs] [Times: user=0.41 sys=0.00, real=0.25 secs] 
318.743: Total time for which application threads were stopped: 0.2442730 seconds, Stopping threads took: 0.0001130 seconds
318.791: Application time: 0.0486590 seconds
318.791: [GC318.791: [ParNew: 109799K->13696K(123520K), 0.0221500 secs] 239626K->159735K(397848K), 0.0221970 secs] [Times: user=0.18 sys=0.00, real=0.03 secs] 
318.814: Total time for which application threads were stopped: 0.0224020 seconds, Stopping threads took: 0.0001250 seconds
318.865: Application time: 0.0510640 seconds
318.865: [GC318.865: [ParNew: 123520K->13696K(123520K), 0.0230020 secs] 269559K->176137K(397848K), 0.0230470 secs] [Times: user=0.18 sys=0.00, real=0.02 secs] 
318.888: Total time for which application threads were stopped: 0.0232470 seconds, Stopping threads took: 0.0001330 seconds
318.933: Application time: 0.0447600 seconds
318.933: [GC318.933: [ParNew: 123520K->13696K(123520K), 0.0234440 secs] 285961K->199957K(397848K), 0.0234900 secs] [Times: user=0.18 sys=0.00, real=0.02 secs] 
318.956: Total time for which application threads were stopped: 0.0236660 seconds, Stopping threads took: 0.0001090 seconds
318.997: Application time: 0.0409820 seconds
318.998: [GC318.998: [ParNew: 123520K->13696K(123520K), 0.0240400 secs] 309781K->225521K(397848K), 0.0240850 secs] [Times: user=0.18 sys=0.00, real=0.03 secs] 
319.022: Total time for which application threads were stopped: 0.0242750 seconds, Stopping threads took: 0.0001230 seconds
319.077: Application time: 0.0558020 seconds
319.081: [GC319.081: [ParNew: 123520K->13696K(123520K), 0.0242970 secs] 335345K->243397K(397848K), 0.0243490 secs] [Times: user=0.20 sys=0.00, real=0.02 secs] 
319.105: Total time for which application threads were stopped: 0.0275860 seconds, Stopping threads took: 0.0031520 seconds
319.153: Application time: 0.0483180 seconds
319.154: [GC319.154: [ParNew: 123520K->13696K(123520K), 0.0222710 secs] 353221K->261124K(397848K), 0.0223160 secs] [Times: user=0.18 sys=0.00, real=0.02 secs] 
319.176: Total time for which application threads were stopped: 0.0226480 seconds, Stopping threads took: 0.0002450 seconds
319.232: Application time: 0.0555650 seconds
319.232: [GC319.232: [ParNew: 123520K->13696K(123520K), 0.0213270 secs] 370948K->277573K(397848K), 0.0213730 secs] [Times: user=0.17 sys=0.00, real=0.03 secs] 
319.253: Total time for which application threads were stopped: 0.0215550 seconds, Stopping threads took: 0.0001150 seconds
319.290: Application time: 0.0370390 seconds
319.290: [GC319.290: [ParNew: 123520K->13696K(123520K), 0.0244890 secs]319.315: [Tenured: 290829K->135250K(290840K), 0.2214400 secs] 387397K->135250K(414360K), [Perm : 9159K->9159K(21248K)], 0.2465650 secs] [Times: user=0.41 sys=0.01, real=0.25 secs] 
319.537: Total time for which application threads were stopped: 0.2467760 seconds, Stopping threads took: 0.0001440 seconds
319.588: Application time: 0.0513310 seconds
319.588: [GC319.588: [ParNew: 109824K->13696K(123520K), 0.0206650 secs] 245074K->161825K(397848K), 0.0207110 secs] [Times: user=0.17 sys=0.00, real=0.02 secs] 
319.609: Total time for which application threads were stopped: 0.0208800 seconds, Stopping threads took: 0.0000810 seconds
319.661: Application time: 0.0514970 seconds
319.661: [GC319.661: [ParNew: 123520K->13696K(123520K), 0.0233830 secs] 271649K->178720K(397848K), 0.0234280 secs] [Times: user=0.19 sys=0.00, real=0.02 secs] 
319.684: Total time for which application threads were stopped: 0.0236300 seconds, Stopping threads took: 0.0001140 seconds
319.736: Application time: 0.0517520 seconds
319.736: [GC319.736: [ParNew: 123520K->13696K(123520K), 0.0214400 secs] 288544K->197533K(397848K), 0.0214840 secs] [Times: user=0.17 sys=0.00, real=0.02 secs] 
319.758: Total time for which application threads were stopped: 0.0216320 seconds, Stopping threads took: 0.0000800 seconds
319.796: Application time: 0.0384200 seconds
319.796: [GC319.796: [ParNew: 123520K->13696K(123520K), 0.0241620 secs] 307357K->224647K(397848K), 0.0242070 secs] [Times: user=0.18 sys=0.00, real=0.03 secs] 
319.821: Total time for which application threads were stopped: 0.0244090 seconds, Stopping threads took: 0.0001350 seconds
319.869: Application time: 0.0488410 seconds
319.870: [GC319.870: [ParNew: 123520K->13696K(123520K), 0.0278110 secs] 334471K->250914K(397848K), 0.0278560 secs] [Times: user=0.21 sys=0.00, real=0.03 secs] 
319.898: Total time for which application threads were stopped: 0.0281090 seconds, Stopping threads took: 0.0001690 seconds
319.952: Application time: 0.0543770 seconds
319.952: [GC319.952: [ParNew: 123520K->13696K(123520K), 0.0204600 secs] 360738K->264903K(397848K), 0.0205050 secs] [Times: user=0.16 sys=0.01, real=0.03 secs] 
319.973: Total time for which application threads were stopped: 0.0207250 seconds, Stopping threads took: 0.0001530 seconds
320.025: Application time: 0.0521880 seconds
320.025: [GC320.025: [ParNew: 123520K->13696K(123520K), 0.0208610 secs] 374727K->280330K(397848K), 0.0209060 secs] [Times: user=0.17 sys=0.00, real=0.02 secs] 
320.046: Total time for which application threads were stopped: 0.0210740 seconds, Stopping threads took: 0.0001030 seconds
320.088: Application time: 0.0423160 seconds
320.088: [GC320.088: [ParNew: 123520K->13696K(123520K), 0.0250880 secs]320.113: [Tenured: 292470K->132279K(292760K), 0.2093740 secs] 390154K->132279K(416280K), [Perm : 9159K->9159K(21248K)], 0.2351330 secs] [Times: user=0.41 sys=0.00, real=0.24 secs] 
320.323: Total time for which application threads were stopped: 0.2352690 seconds, Stopping threads took: 0.0000600 seconds
320.364: Application time: 0.0407150 seconds
320.364: [GC320.364: [ParNew: 109824K->13696K(123520K), 0.0173270 secs] 242103K->158818K(397848K), 0.0173700 secs] [Times: user=0.14 sys=0.00, real=0.02 secs] 
320.382: Total time for which application threads were stopped: 0.0175410 seconds, Stopping threads took: 0.0000880 seconds
320.434: Application time: 0.0526040 seconds
320.437: [GC320.437: [ParNew: 123520K->13696K(123520K), 0.0245520 secs] 268642K->178701K(397848K), 0.0245980 secs] [Times: user=0.20 sys=0.00, real=0.03 secs] 
320.461: Total time for which application threads were stopped: 0.0268890 seconds, Stopping threads took: 0.0022040 seconds
320.514: Application time: 0.0528960 seconds
320.514: [GC320.514: [ParNew: 123520K->13696K(123520K), 0.0218440 secs] 288525K->194963K(397848K), 0.0218890 secs] [Times: user=0.17 sys=0.00, real=0.02 secs] 
320.536: Total time for which application threads were stopped: 0.0220480 seconds, Stopping threads took: 0.0000940 seconds
320.583: Application time: 0.0466360 seconds
320.583: [GC320.583: [ParNew: 123520K->13696K(123520K), 0.0233090 secs] 304787K->217700K(397848K), 0.0233540 secs] [Times: user=0.19 sys=0.00, real=0.02 secs] 
320.606: Total time for which application threads were stopped: 0.0235320 seconds, Stopping threads took: 0.0001080 seconds
320.647: Application time: 0.0407820 seconds
320.647: [GC320.647: [ParNew: 123520K->13694K(123520K), 0.0240630 secs] 327524K->243503K(397848K), 0.0241090 secs] [Times: user=0.19 sys=0.00, real=0.02 secs] 
320.671: Total time for which application threads were stopped: 0.0242640 seconds, Stopping threads took: 0.0000860 seconds
320.729: Application time: 0.0573200 seconds
320.729: [GC320.729: [ParNew: 123518K->13694K(123520K), 0.0245840 secs] 353327K->262327K(397848K), 0.0246290 secs] [Times: user=0.20 sys=0.00, real=0.03 secs] 
320.754: Total time for which application threads were stopped: 0.0248130 seconds, Stopping threads took: 0.0001170 seconds
320.805: Application time: 0.0517630 seconds
320.805: [GC320.805: [ParNew: 123518K->13696K(123520K), 0.0212650 secs] 372151K->276604K(397848K), 0.0213130 secs] [Times: user=0.17 sys=0.00, real=0.02 secs] 
320.827: Total time for which application threads were stopped: 0.0214690 seconds, Stopping threads took: 0.0000890 seconds
320.873: Application time: 0.0457430 seconds
320.873: [GC320.873: [ParNew: 123520K->13696K(123520K), 0.0239960 secs]320.897: [Tenured: 286486K->131108K(286616K), 0.2000030 secs] 386428K->131108K(410136K), [Perm : 9159K->9159K(21248K)], 0.2244850 secs] [Times: user=0.38 sys=0.00, real=0.22 secs] 
321.097: Total time for which application threads were stopped: 0.2246870 seconds, Stopping threads took: 0.0001170 seconds
321.135: Application time: 0.0380550 seconds
321.135: [GC321.135: [ParNew: 109824K->13696K(123520K), 0.0169040 secs] 240932K->159729K(397848K), 0.0169510 secs] [Times: user=0.13 sys=0.00, real=0.01 secs] 
321.152: Total time for which application threads were stopped: 0.0171450 seconds, Stopping threads took: 0.0001240 seconds
321.204: Application time: 0.0511730 seconds
321.204: [GC321.204: [ParNew: 123520K->13696K(123520K), 0.0256670 secs] 269553K->181507K(397848K), 0.0257080 secs] [Times: user=0.20 sys=0.00, real=0.02 secs] 
321.229: Total time for which application threads were stopped: 0.0258620 seconds, Stopping threads took: 0.0000870 seconds
321.280: Application time: 0.0503690 seconds
321.280: [GC321.280: [ParNew: 123520K->13696K(123520K), 0.0214750 secs] 291331K->198058K(397848K), 0.0215200 secs] [Times: user=0.17 sys=0.00, real=0.03 secs] 
321.302: Total time for which application threads were stopped: 0.0216870 seconds, Stopping threads took: 0.0000990 seconds
321.352: Application time: 0.0506280 seconds
321.352: [GC321.352: [ParNew: 123520K->13696K(123520K), 0.0222180 secs] 307882K->217575K(397848K), 0.0222640 secs] [Times: user=0.18 sys=0.00, real=0.03 secs] 
321.375: Total time for which application threads were stopped: 0.0224420 seconds, Stopping threads took: 0.0001100 seconds
321.416: Application time: 0.0409610 seconds
321.416: [GC321.416: [ParNew: 123520K->13696K(123520K), 0.0239240 secs] 327399K->242537K(397848K), 0.0239770 secs] [Times: user=0.19 sys=0.00, real=0.02 secs] 
321.440: Total time for which application threads were stopped: 0.0242640 seconds, Stopping threads took: 0.0001980 seconds
321.487: Application time: 0.0472090 seconds
321.487: [GC321.487: [ParNew: 123520K->13696K(123520K), 0.0267660 secs] 352361K->266724K(397848K), 0.0268070 secs] [Times: user=0.21 sys=0.00, real=0.03 secs] 
321.514: Total time for which application threads were stopped: 0.0269860 seconds, Stopping threads took: 0.0001120 seconds
321.572: Application time: 0.0581400 seconds
321.572: [GC321.572: [ParNew: 123520K->13696K(123520K), 0.0211900 secs] 376548K->280030K(397848K), 0.0212340 secs] [Times: user=0.17 sys=0.00, real=0.03 secs] 
321.594: Total time for which application threads were stopped: 0.0214260 seconds, Stopping threads took: 0.0001230 seconds
321.640: Application time: 0.0462150 seconds
321.640: [GC321.640: [ParNew: 123520K->13696K(123520K), 0.0223050 secs]321.662: [Tenured: 285250K->116508K(285272K), 0.1983570 secs] 389854K->116508K(408792K), [Perm : 9159K->9159K(21248K)], 0.2211070 secs] [Times: user=0.37 sys=0.00, real=0.23 secs] 
321.861: Total time for which application threads were stopped: 0.2212860 seconds, Stopping threads took: 0.0001100 seconds
321.898: Application time: 0.0374200 seconds
321.901: [GC321.901: [ParNew: 109824K->13696K(123520K), 0.0168440 secs] 226332K->145888K(397848K), 0.0168880 secs] [Times: user=0.13 sys=0.00, real=0.01 secs] 
321.917: Total time for which application threads were stopped: 0.0189300 seconds, Stopping threads took: 0.0019740 seconds
321.964: Application time: 0.0466590 seconds
321.964: [GC321.964: [ParNew: 123520K->13696K(123520K), 0.0273260 secs] 255712K->173436K(397848K), 0.0273720 secs] [Times: user=0.21 sys=0.00, real=0.02 secs] 
321.992: Total time for which application threads were stopped: 0.0275630 seconds, Stopping threads took: 0.0001120 seconds
322.048: Application time: 0.0562790 seconds
322.048: [GC322.048: [ParNew: 123520K->13676K(123520K), 0.0215040 secs] 283260K->186851K(397848K), 0.0215480 secs] [Times: user=0.17 sys=0.00, real=0.02 secs] 
322.070: Total time for which application threads were stopped: 0.0217020 seconds, Stopping threads took: 0.0000870 seconds
322.117: Application time: 0.0474310 seconds
322.117: [GC322.117: [ParNew: 123500K->13696K(123520K), 0.0213370 secs] 296675K->204780K(397848K), 0.0213840 secs] [Times: user=0.17 sys=0.00, real=0.02 secs] 
322.139: Total time for which application threads were stopped: 0.0216110 seconds, Stopping threads took: 0.0001580 seconds
322.183: Application time: 0.0445830 seconds
322.183: [GC322.183: [ParNew: 123520K->13696K(123520K), 0.0240220 secs] 314604K->230125K(397848K), 0.0240650 secs] [Times: user=0.19 sys=0.00, real=0.02 secs] 
322.208: Total time for which application threads were stopped: 0.0242470 seconds, Stopping threads took: 0.0001130 seconds
322.251: Application time: 0.0431710 seconds
322.251: [GC322.251: [ParNew: 123520K->13696K(123520K), 0.0251020 secs] 339949K->254958K(397848K), 0.0251470 secs] [Times: user=0.20 sys=0.00, real=0.03 secs] 
322.276: Total time for which application threads were stopped: 0.0252840 seconds, Stopping threads took: 0.0000670 seconds
322.333: Application time: 0.0571990 seconds
322.333: [GC322.333: [ParNew: 123520K->13696K(123520K), 0.0247880 secs] 364782K->273518K(397848K), 0.0248300 secs] [Times: user=0.19 sys=0.00, real=0.02 secs] 
322.358: Total time for which application threads were stopped: 0.0249520 seconds, Stopping threads took: 0.0000530 seconds
322.416: Application time: 0.0573800 seconds
322.417: [GC322.417: [ParNew: 123520K->13696K(123520K), 0.0204380 secs] 383342K->286959K(397848K), 0.0204830 secs] [Times: user=0.17 sys=0.00, real=0.02 secs] 
322.437: Total time for which application threads were stopped: 0.0215910 seconds, Stopping threads took: 0.0010320 seconds
322.477: Application time: 0.0396210 seconds
322.477: [GC322.477: [ParNew: 123520K->13696K(123520K), 0.0235850 secs]322.501: [Tenured: 297099K->130426K(297176K), 0.1976050 secs] 396783K->130426K(420696K), [Perm : 9159K->9159K(21248K)], 0.2220060 secs] [Times: user=0.38 sys=0.00, real=0.22 secs] 
322.699: Total time for which application threads were stopped: 0.2222860 seconds, Stopping threads took: 0.0001990 seconds
322.739: Application time: 0.0403830 seconds
322.740: [GC322.740: [ParNew: 109824K->13696K(123520K), 0.0204260 secs] 240250K->162091K(397848K), 0.0204730 secs] [Times: user=0.16 sys=0.00, real=0.02 secs] 
322.760: Total time for which application threads were stopped: 0.0206610 seconds, Stopping threads took: 0.0001200 seconds
322.813: Application time: 0.0526860 seconds
322.813: [GC322.813: [ParNew: 123520K->13696K(123520K), 0.0252930 secs] 271915K->181392K(397848K), 0.0253370 secs] [Times: user=0.20 sys=0.00, real=0.02 secs] 
322.838: Total time for which application threads were stopped: 0.0254980 seconds, Stopping threads took: 0.0000930 seconds
322.892: Application time: 0.0537980 seconds
322.897: [GC322.897: [ParNew: 123520K->13696K(123520K), 0.0209610 secs] 291216K->195887K(397848K), 0.0210050 secs] [Times: user=0.16 sys=0.00, real=0.02 secs] 
322.918: Total time for which application threads were stopped: 0.0256750 seconds, Stopping threads took: 0.0045820 seconds
322.960: Application time: 0.0418070 seconds
322.960: [GC322.960: [ParNew: 123520K->13696K(123520K), 0.0214170 secs] 305711K->217219K(397848K), 0.0214620 secs] [Times: user=0.17 sys=0.00, real=0.03 secs] 
322.981: Total time for which application threads were stopped: 0.0217530 seconds, Stopping threads took: 0.0002220 seconds
323.024: Application time: 0.0422370 seconds
323.024: [GC323.024: [ParNew: 123520K->13696K(123520K), 0.0275660 secs] 327043K->248768K(397848K), 0.0276100 secs] [Times: user=0.22 sys=0.00, real=0.02 secs] 
323.051: Total time for which application threads were stopped: 0.0278120 seconds, Stopping threads took: 0.0001160 seconds
323.103: Application time: 0.0519960 seconds
323.104: [GC323.104: [ParNew: 123520K->13696K(123520K), 0.0261740 secs] 358592K->269959K(397848K), 0.0262190 secs] [Times: user=0.21 sys=0.00, real=0.02 secs] 
323.130: Total time for which application threads were stopped: 0.0264450 seconds, Stopping threads took: 0.0001380 seconds
323.188: Application time: 0.0584720 seconds
323.188: [GC323.188: [ParNew: 123520K->13610K(123520K), 0.0203960 secs] 379783K->282919K(397848K), 0.0204400 secs] [Times: user=0.16 sys=0.00, real=0.02 secs] 
323.209: Total time for which application threads were stopped: 0.0206320 seconds, Stopping threads took: 0.0001190 seconds
323.255: Application time: 0.0461630 seconds
323.255: [GC323.255: [ParNew: 123434K->13696K(123520K), 0.0203070 secs]323.276: [Tenured: 285143K->128095K(285272K), 0.1931180 secs] 392743K->128095K(408792K), [Perm : 9159K->9159K(21248K)], 0.2138780 secs] [Times: user=0.35 sys=0.00, real=0.21 secs] 
323.469: Total time for which application threads were stopped: 0.2140210 seconds, Stopping threads took: 0.0000740 seconds
323.510: Application time: 0.0412520 seconds
323.511: [GC323.511: [ParNew: 109824K->13696K(123520K), 0.0165930 secs] 237919K->155018K(397848K), 0.0166630 secs] [Times: user=0.13 sys=0.00, real=0.02 secs] 
323.527: Total time for which application threads were stopped: 0.0168820 seconds, Stopping threads took: 0.0001450 seconds
323.574: Application time: 0.0468760 seconds
323.577: [GC323.577: [ParNew: 123520K->13696K(123520K), 0.0271190 secs] 264842K->182921K(397848K), 0.0271650 secs] [Times: user=0.22 sys=0.00, real=0.03 secs] 
323.604: Total time for which application threads were stopped: 0.0297620 seconds, Stopping threads took: 0.0024970 seconds
323.659: Application time: 0.0555550 seconds
323.660: [GC323.660: [ParNew: 123520K->13696K(123520K), 0.0228650 secs] 292745K->197210K(397848K), 0.0229090 secs] [Times: user=0.18 sys=0.00, real=0.03 secs] 
323.683: Total time for which application threads were stopped: 0.0230530 seconds, Stopping threads took: 0.0000780 seconds
323.729: Application time: 0.0468530 seconds
323.729: [GC323.730: [ParNew: 123520K->13696K(123520K), 0.0228570 secs] 307034K->218276K(397848K), 0.0229090 secs] [Times: user=0.19 sys=0.00, real=0.02 secs] 
323.752: Total time for which application threads were stopped: 0.0230880 seconds, Stopping threads took: 0.0000920 seconds
323.794: Application time: 0.0414840 seconds
323.794: [GC323.794: [ParNew: 123520K->13696K(123520K), 0.0235130 secs] 328100K->244441K(397848K), 0.0235570 secs] [Times: user=0.18 sys=0.00, real=0.02 secs] 
323.818: Total time for which application threads were stopped: 0.0237490 seconds, Stopping threads took: 0.0001230 seconds
323.864: Application time: 0.0460720 seconds
323.864: [GC323.864: [ParNew: 123520K->13696K(123520K), 0.0264710 secs] 354265K->271118K(397848K), 0.0265170 secs] [Times: user=0.21 sys=0.00, real=0.02 secs] 
323.890: Total time for which application threads were stopped: 0.0267030 seconds, Stopping threads took: 0.0001160 seconds
323.945: Application time: 0.0545440 seconds
323.945: [GC323.945: [ParNew: 123520K->13696K(123520K), 0.0230490 secs] 380942K->287075K(397848K), 0.0230920 secs] [Times: user=0.17 sys=0.00, real=0.02 secs] 
323.968: Total time for which application threads were stopped: 0.0232310 seconds, Stopping threads took: 0.0000730 seconds
324.021: Application time: 0.0530930 seconds
324.021: [GC324.022: [ParNew: 123520K->13696K(123520K), 0.0199750 secs]324.042: [Tenured: 287315K->127164K(287384K), 0.1959230 secs] 396899K->127164K(410904K), [Perm : 9159K->9159K(21248K)], 0.2164100 secs] [Times: user=0.34 sys=0.01, real=0.21 secs] 
324.238: Total time for which application threads were stopped: 0.2165880 seconds, Stopping threads took: 0.0001110 seconds
324.277: Application time: 0.0389370 seconds
324.277: [GC324.277: [ParNew: 109824K->13696K(123520K), 0.0153660 secs] 236988K->154157K(397848K), 0.0154130 secs] [Times: user=0.12 sys=0.00, real=0.02 secs] 
324.292: Total time for which application threads were stopped: 0.0155820 seconds, Stopping threads took: 0.0000820 seconds
324.343: Application time: 0.0500620 seconds
324.343: [GC324.343: [ParNew: 123520K->13696K(123520K), 0.0268450 secs] 263981K->181249K(397848K), 0.0268890 secs] [Times: user=0.22 sys=0.00, real=0.02 secs] 
324.370: Total time for which application threads were stopped: 0.0270620 seconds, Stopping threads took: 0.0001080 seconds
324.418: Application time: 0.0488980 seconds
324.419: [GC324.419: [ParNew: 123520K->13696K(123520K), 0.0233590 secs] 291073K->199211K(397848K), 0.0234060 secs] [Times: user=0.19 sys=0.00, real=0.03 secs] 
324.442: Total time for which application threads were stopped: 0.0236020 seconds, Stopping threads took: 0.0001290 seconds
324.500: Application time: 0.0576850 seconds
324.500: [GC324.500: [ParNew: 123520K->13696K(123520K), 0.0223610 secs] 309035K->214531K(397848K), 0.0224050 secs] [Times: user=0.17 sys=0.00, real=0.03 secs] 
324.522: Total time for which application threads were stopped: 0.0225680 seconds, Stopping threads took: 0.0000930 seconds
324.562: Application time: 0.0401170 seconds
324.563: [GC324.563: [ParNew: 123520K->13696K(123520K), 0.0241840 secs] 324355K->239619K(397848K), 0.0242300 secs] [Times: user=0.19 sys=0.00, real=0.02 secs] 
324.587: Total time for which application threads were stopped: 0.0244110 seconds, Stopping threads took: 0.0001130 seconds
324.634: Application time: 0.0468750 seconds
324.637: [GC324.637: [ParNew: 123520K->13696K(123520K), 0.0273260 secs] 349443K->267974K(397848K), 0.0273710 secs] [Times: user=0.22 sys=0.00, real=0.03 secs] 
324.664: Total time for which application threads were stopped: 0.0302210 seconds, Stopping threads took: 0.0027840 seconds
324.712: Application time: 0.0481360 seconds
324.712: [GC324.712: [ParNew: 123328K->13696K(123520K), 0.0245740 secs] 377607K->287141K(397848K), 0.0246190 secs] [Times: user=0.20 sys=0.00, real=0.03 secs] 
324.737: Total time for which application threads were stopped: 0.0248210 seconds, Stopping threads took: 0.0001330 seconds
324.798: Application time: 0.0610980 seconds
324.801: [GC324.801: [ParNew: 123520K->13696K(123520K), 0.0215650 secs]324.822: [Tenured: 286111K->125651K(286424K), 0.2191500 secs] 396965K->125651K(409944K), [Perm : 9159K->9159K(21248K)], 0.2412480 secs] [Times: user=0.38 sys=0.00, real=0.24 secs] 
325.042: Total time for which application threads were stopped: 0.2438110 seconds, Stopping threads took: 0.0024810 seconds
325.082: Application time: 0.0405040 seconds
325.083: [GC325.083: [ParNew: 109824K->13696K(123520K), 0.0141180 secs] 235475K->151210K(397848K), 0.0141600 secs] [Times: user=0.10 sys=0.01, real=0.01 secs] 
325.097: Total time for which application threads were stopped: 0.0143570 seconds, Stopping threads took: 0.0001280 seconds
325.138: Application time: 0.0417750 seconds
325.139: [GC325.139: [ParNew: 123520K->13696K(123520K), 0.0237730 secs] 261034K->177245K(397848K), 0.0238190 secs] [Times: user=0.19 sys=0.00, real=0.03 secs] 
325.162: Total time for which application threads were stopped: 0.0239940 seconds, Stopping threads took: 0.0001080 seconds
325.211: Application time: 0.0482530 seconds
325.211: [GC325.211: [ParNew: 123520K->13696K(123520K), 0.0248900 secs] 287069K->199640K(397848K), 0.0249350 secs] [Times: user=0.20 sys=0.00, real=0.03 secs] 
325.236: Total time for which application threads were stopped: 0.0250850 seconds, Stopping threads took: 0.0000810 seconds
325.290: Application time: 0.0543570 seconds
325.290: [GC325.290: [ParNew: 123520K->13696K(123520K), 0.0230530 secs] 309464K->215005K(397848K), 0.0230960 secs] [Times: user=0.18 sys=0.00, real=0.03 secs] 
325.313: Total time for which application threads were stopped: 0.0232960 seconds, Stopping threads took: 0.0001150 seconds
325.359: Application time: 0.0458790 seconds
325.360: [GC325.360: [ParNew: 123520K->13696K(123520K), 0.0225590 secs] 324829K->235922K(397848K), 0.0226030 secs] [Times: user=0.17 sys=0.00, real=0.03 secs] 
325.382: Total time for which application threads were stopped: 0.0228210 seconds, Stopping threads took: 0.0001160 seconds
325.421: Application time: 0.0386500 seconds
325.421: [GC325.421: [ParNew: 123520K->13696K(123520K), 0.0222210 secs] 345746K->260998K(397848K), 0.0222640 secs] [Times: user=0.18 sys=0.00, real=0.02 secs] 
325.443: Total time for which application threads were stopped: 0.0224400 seconds, Stopping threads took: 0.0000990 seconds
325.490: Application time: 0.0470960 seconds
325.491: [GC325.491: [ParNew: 123520K->13696K(123520K), 0.0280940 secs]325.519: [Tenured: 275307K->154266K(275864K), 0.2469710 secs] 370822K->154266K(399384K), [Perm : 9159K->9159K(21248K)], 0.2751910 secs] [Times: user=0.47 sys=0.00, real=0.28 secs] 
325.766: Total time for which application threads were stopped: 0.2753720 seconds, Stopping threads took: 0.0001140 seconds
325.821: Application time: 0.0551460 seconds
325.821: [GC325.821: [ParNew: 109824K->13696K(123520K), 0.0143690 secs] 264090K->169102K(397848K), 0.0144130 secs] [Times: user=0.11 sys=0.00, real=0.01 secs] 
325.836: Total time for which application threads were stopped: 0.0146850 seconds, Stopping threads took: 0.0002090 seconds
325.889: Application time: 0.0535090 seconds
325.889: [GC325.889: [ParNew: 123520K->13696K(123520K), 0.0199570 secs] 278926K->183165K(397848K), 0.0200010 secs] [Times: user=0.15 sys=0.00, real=0.02 secs] 
325.909: Total time for which application threads were stopped: 0.0202850 seconds, Stopping threads took: 0.0001840 seconds
325.950: Application time: 0.0411150 seconds
325.951: [GC325.951: [ParNew: 123520K->13696K(123520K), 0.0242260 secs] 292989K->208843K(397848K), 0.0242730 secs] [Times: user=0.19 sys=0.00, real=0.03 secs] 
325.975: Total time for which application threads were stopped: 0.0246070 seconds, Stopping threads took: 0.0002440 seconds
326.021: Application time: 0.0454630 seconds
326.021: [GC326.021: [ParNew: 123488K->13696K(123520K), 0.0257650 secs] 318635K->235361K(397848K), 0.0258110 secs] [Times: user=0.20 sys=0.00, real=0.02 secs] 
326.047: Total time for which application threads were stopped: 0.0260420 seconds, Stopping threads took: 0.0001430 seconds
326.097: Application time: 0.0505580 seconds
326.097: [GC326.097: [ParNew: 123520K->13696K(123520K), 0.0241950 secs] 345185K->254463K(397848K), 0.0242480 secs] [Times: user=0.20 sys=0.00, real=0.03 secs] 
326.122: Total time for which application threads were stopped: 0.0244140 seconds, Stopping threads took: 0.0001010 seconds
326.175: Application time: 0.0530250 seconds
326.175: [GC326.175: [ParNew: 123520K->13696K(123520K), 0.0206630 secs] 364287K->269516K(397848K), 0.0207090 secs] [Times: user=0.16 sys=0.00, real=0.02 secs] 
326.196: Total time for which application threads were stopped: 0.0209870 seconds, Stopping threads took: 0.0002100 seconds
326.235: Application time: 0.0393060 seconds
326.235: [GC326.235: [ParNew: 123520K->13696K(123520K), 0.0237530 secs]326.259: [Tenured: 281495K->139816K(281624K), 0.2161990 secs] 379340K->139816K(405144K), [Perm : 9159K->9159K(21248K)], 0.2402930 secs] [Times: user=0.40 sys=0.00, real=0.24 secs] 
326.475: Total time for which application threads were stopped: 0.2404620 seconds, Stopping threads took: 0.0001020 seconds
326.519: Application time: 0.0431220 seconds
326.519: [GC326.519: [ParNew: 109824K->13696K(123520K), 0.0207540 secs] 249640K->170726K(397848K), 0.0207990 secs] [Times: user=0.17 sys=0.00, real=0.02 secs] 
326.539: Total time for which application threads were stopped: 0.0209680 seconds, Stopping threads took: 0.0000890 seconds
326.593: Application time: 0.0538160 seconds
326.593: [GC326.593: [ParNew: 123520K->13696K(123520K), 0.0236170 secs] 280550K->188400K(397848K), 0.0236630 secs] [Times: user=0.18 sys=0.00, real=0.02 secs] 
326.617: Total time for which application threads were stopped: 0.0238410 seconds, Stopping threads took: 0.0001100 seconds
326.676: Application time: 0.0590190 seconds
326.676: [GC326.676: [ParNew: 123520K->13690K(123520K), 0.0194970 secs] 298224K->201628K(397848K), 0.0195420 secs] [Times: user=0.15 sys=0.00, real=0.02 secs] 
326.696: Total time for which application threads were stopped: 0.0197170 seconds, Stopping threads took: 0.0001070 seconds
326.740: Application time: 0.0445600 seconds
326.741: [GC326.741: [ParNew: 123422K->13696K(123520K), 0.0199900 secs] 311360K->217972K(397848K), 0.0200370 secs] [Times: user=0.16 sys=0.00, real=0.02 secs] 
326.761: Total time for which application threads were stopped: 0.0202170 seconds, Stopping threads took: 0.0001110 seconds
326.801: Application time: 0.0407310 seconds
326.802: [GC326.802: [ParNew: 123520K->13696K(123520K), 0.0229160 secs] 327796K->242852K(397848K), 0.0229580 secs] [Times: user=0.18 sys=0.00, real=0.02 secs] 
326.825: Total time for which application threads were stopped: 0.0231030 seconds, Stopping threads took: 0.0000760 seconds
326.873: Application time: 0.0482540 seconds
326.877: [GC326.877: [ParNew: 123520K->13696K(123520K), 0.0272810 secs] 352676K->270109K(397848K), 0.0273260 secs] [Times: user=0.21 sys=0.00, real=0.03 secs] 
326.904: Total time for which application threads were stopped: 0.0311020 seconds, Stopping threads took: 0.0037080 seconds
326.955: Application time: 0.0508990 seconds
326.955: [GC326.955: [ParNew: 123297K->13696K(123520K), 0.0239520 secs] 379711K->287848K(397848K), 0.0239950 secs] [Times: user=0.19 sys=0.00, real=0.02 secs] 
326.979: Total time for which application threads were stopped: 0.0241440 seconds, Stopping threads took: 0.0000840 seconds
327.023: Application time: 0.0441620 seconds
327.023: [GC327.023: [ParNew: 123520K->13696K(123520K), 0.0234320 secs]327.047: [Tenured: 296820K->139318K(296984K), 0.2156820 secs] 397672K->139318K(420504K), [Perm : 9159K->9159K(21248K)], 0.2400090 secs] [Times: user=0.39 sys=0.01, real=0.24 secs] 
327.263: Total time for which application threads were stopped: 0.2401950 seconds, Stopping threads took: 0.0000990 seconds
327.306: Application time: 0.0432050 seconds
327.307: [GC327.307: [ParNew: 109824K->13696K(123520K), 0.0173660 secs] 249142K->166110K(397848K), 0.0174120 secs] [Times: user=0.14 sys=0.00, real=0.02 secs] 
327.324: Total time for which application threads were stopped: 0.0175510 seconds, Stopping threads took: 0.0000710 seconds
327.373: Application time: 0.0488690 seconds
327.373: [GC327.373: [ParNew: 123520K->13696K(123520K), 0.0247740 secs] 275934K->189413K(397848K), 0.0248260 secs] [Times: user=0.19 sys=0.00, real=0.02 secs] 
327.398: Total time for which application threads were stopped: 0.0250870 seconds, Stopping threads took: 0.0001950 seconds
327.453: Application time: 0.0553110 seconds
327.453: [GC327.453: [ParNew: 123520K->13696K(123520K), 0.0217030 secs] 299237K->203320K(397848K), 0.0217470 secs] [Times: user=0.17 sys=0.00, real=0.02 secs] 
327.475: Total time for which application threads were stopped: 0.0218760 seconds, Stopping threads took: 0.0000630 seconds
327.531: Application time: 0.0554250 seconds
327.531: [GC327.531: [ParNew: 123520K->13696K(123520K), 0.0198140 secs] 313144K->217042K(397848K), 0.0198610 secs] [Times: user=0.15 sys=0.00, real=0.02 secs] 
327.551: Total time for which application threads were stopped: 0.0201420 seconds, Stopping threads took: 0.0002030 seconds
327.592: Application time: 0.0411330 seconds
327.592: [GC327.592: [ParNew: 123520K->13696K(123520K), 0.0235980 secs] 326866K->242581K(397848K), 0.0236450 secs] [Times: user=0.18 sys=0.00, real=0.03 secs] 
327.616: Total time for which application threads were stopped: 0.0238260 seconds, Stopping threads took: 0.0001130 seconds
327.662: Application time: 0.0458960 seconds
327.662: [GC327.662: [ParNew: 123520K->13696K(123520K), 0.0262940 secs] 352405K->268809K(397848K), 0.0263390 secs] [Times: user=0.21 sys=0.00, real=0.02 secs] 
327.688: Total time for which application threads were stopped: 0.0265390 seconds, Stopping threads took: 0.0001310 seconds
327.737: Application time: 0.0486190 seconds
327.737: [GC327.737: [ParNew: 123520K->13696K(123520K), 0.0241560 secs]327.761: [Tenured: 275285K->136033K(275480K), 0.2305110 secs] 378633K->136033K(399000K), [Perm : 9159K->9159K(21248K)], 0.2547860 secs] [Times: user=0.41 sys=0.00, real=0.25 secs] 
327.992: Total time for which application threads were stopped: 0.2549430 seconds, Stopping threads took: 0.0000890 seconds
328.041: Application time: 0.0490330 seconds
328.045: [GC328.045: [ParNew: 109824K->13696K(123520K), 0.0148910 secs] 245857K->157813K(397848K), 0.0149370 secs] [Times: user=0.12 sys=0.00, real=0.01 secs] 
328.060: Total time for which application threads were stopped: 0.0187360 seconds, Stopping threads took: 0.0037190 seconds
328.102: Application time: 0.0421460 seconds
328.102: [GC328.102: [ParNew: 123520K->13696K(123520K), 0.0239550 secs] 267637K->183318K(397848K), 0.0240000 secs] [Times: user=0.19 sys=0.00, real=0.02 secs] 
328.126: Total time for which application threads were stopped: 0.0241760 seconds, Stopping threads took: 0.0001110 seconds
328.172: Application time: 0.0460460 seconds
328.172: [GC328.172: [ParNew: 123520K->13696K(123520K), 0.0244550 secs] 293142K->207291K(397848K), 0.0245010 secs] [Times: user=0.20 sys=0.00, real=0.03 secs] 
328.197: Total time for which application threads were stopped: 0.0246640 seconds, Stopping threads took: 0.0000960 seconds
328.247: Application time: 0.0507780 seconds
328.247: [GC328.247: [ParNew: 123520K->13696K(123520K), 0.0232660 secs] 317115K->225945K(397848K), 0.0233110 secs] [Times: user=0.19 sys=0.00, real=0.02 secs] 
328.271: Total time for which application threads were stopped: 0.0234820 seconds, Stopping threads took: 0.0001030 seconds
328.330: Application time: 0.0590950 seconds
328.330: [GC328.330: [ParNew: 123520K->13696K(123520K), 0.0200720 secs] 335769K->238417K(397848K), 0.0201130 secs] [Times: user=0.15 sys=0.00, real=0.02 secs] 
328.350: Total time for which application threads were stopped: 0.0202450 seconds, Stopping threads took: 0.0000660 seconds
328.393: Application time: 0.0429010 seconds
328.393: [GC328.393: [ParNew: 123520K->13696K(123520K), 0.0226720 secs] 348241K->259360K(397848K), 0.0227190 secs] [Times: user=0.18 sys=0.00, real=0.02 secs] 
328.416: Total time for which application threads were stopped: 0.0229090 seconds, Stopping threads took: 0.0001200 seconds
328.459: Application time: 0.0433890 seconds
328.459: [GC328.460: [ParNew: 123520K->13696K(123520K), 0.0241940 secs] 369184K->285277K(397848K), 0.0242480 secs] [Times: user=0.19 sys=0.00, real=0.03 secs] 
328.484: Total time for which application threads were stopped: 0.0244080 seconds, Stopping threads took: 0.0000900 seconds
328.535: Application time: 0.0515820 seconds
328.535: [GC328.536: [ParNew: 123520K->13696K(123520K), 0.0278090 secs]328.563: [Tenured: 295154K->148437K(295640K), 0.2353790 secs] 395101K->148437K(419160K), [Perm : 9159K->9159K(21248K)], 0.2639530 secs] [Times: user=0.45 sys=0.00, real=0.26 secs] 
328.799: Total time for which application threads were stopped: 0.2641110 seconds, Stopping threads took: 0.0000900 seconds
328.848: Application time: 0.0485110 seconds
328.848: [GC328.848: [ParNew: 109723K->13696K(123520K), 0.0138930 secs] 258161K->167963K(397848K), 0.0139380 secs] [Times: user=0.10 sys=0.00, real=0.02 secs] 
328.862: Total time for which application threads were stopped: 0.0141380 seconds, Stopping threads took: 0.0001210 seconds
328.908: Application time: 0.0463510 seconds
328.909: [GC328.909: [ParNew: 123520K->13696K(123520K), 0.0227760 secs] 277787K->189960K(397848K), 0.0228220 secs] [Times: user=0.18 sys=0.00, real=0.02 secs] 
328.931: Total time for which application threads were stopped: 0.0229990 seconds, Stopping threads took: 0.0001090 seconds
328.977: Application time: 0.0454350 seconds
328.977: [GC328.977: [ParNew: 123520K->13696K(123520K), 0.0241710 secs] 299784K->214245K(397848K), 0.0242150 secs] [Times: user=0.19 sys=0.00, real=0.03 secs] 
329.001: Total time for which application threads were stopped: 0.0243500 seconds, Stopping threads took: 0.0000670 seconds
329.049: Application time: 0.0479730 seconds
329.049: [GC329.049: [ParNew: 123429K->13696K(123520K), 0.0239000 secs] 323978K->235849K(397848K), 0.0239460 secs] [Times: user=0.19 sys=0.00, real=0.03 secs] 
329.073: Total time for which application threads were stopped: 0.0242040 seconds, Stopping threads took: 0.0001690 seconds
329.127: Application time: 0.0535590 seconds
329.127: [GC329.127: [ParNew: 123520K->13696K(123520K), 0.0234740 secs] 345673K->252456K(397848K), 0.0235180 secs] [Times: user=0.19 sys=0.00, real=0.02 secs] 
329.151: Total time for which application threads were stopped: 0.0236760 seconds, Stopping threads took: 0.0000920 seconds
329.201: Application time: 0.0498620 seconds
329.201: [GC329.201: [ParNew: 123520K->13696K(123520K), 0.0199340 secs] 362280K->267464K(397848K), 0.0199770 secs] [Times: user=0.16 sys=0.00, real=0.02 secs] 
329.221: Total time for which application threads were stopped: 0.0201420 seconds, Stopping threads took: 0.0000970 seconds
329.260: Application time: 0.0395360 seconds
329.260: [GC329.260: [ParNew: 123520K->13696K(123520K), 0.0241190 secs]329.285: [Tenured: 280633K->144140K(281624K), 0.2190140 secs] 377288K->144140K(405144K), [Perm : 9159K->9159K(21248K)], 0.2434470 secs] [Times: user=0.40 sys=0.00, real=0.25 secs] 
329.504: Total time for which application threads were stopped: 0.2436070 seconds, Stopping threads took: 0.0000920 seconds
329.550: Application time: 0.0466030 seconds
329.551: [GC329.551: [ParNew: 109824K->13696K(123520K), 0.0194360 secs] 253964K->171432K(397848K), 0.0194810 secs] [Times: user=0.16 sys=0.00, real=0.02 secs] 
329.570: Total time for which application threads were stopped: 0.0196510 seconds, Stopping threads took: 0.0000870 seconds
329.618: Application time: 0.0478890 seconds
329.618: [GC329.618: [ParNew: 123520K->13696K(123520K), 0.0244060 secs] 281256K->191752K(397848K), 0.0244510 secs] [Times: user=0.19 sys=0.00, real=0.03 secs] 
329.643: Total time for which application threads were stopped: 0.0246520 seconds, Stopping threads took: 0.0001240 seconds
329.693: Application time: 0.0507410 seconds
329.694: [GC329.694: [ParNew: 123520K->13696K(123520K), 0.0217170 secs] 301576K->209477K(397848K), 0.0217610 secs] [Times: user=0.17 sys=0.00, real=0.02 secs] 
329.715: Total time for which application threads were stopped: 0.0219170 seconds, Stopping threads took: 0.0000880 seconds
329.765: Application time: 0.0497960 seconds
329.765: [GC329.765: [ParNew: 123520K->13696K(123520K), 0.0223810 secs] 319301K->229377K(397848K), 0.0224330 secs] [Times: user=0.18 sys=0.00, real=0.02 secs] 
329.788: Total time for which application threads were stopped: 0.0225920 seconds, Stopping threads took: 0.0000900 seconds
329.835: Application time: 0.0470780 seconds
329.835: [GC329.835: [ParNew: 123520K->13696K(123520K), 0.0233810 secs] 339201K->250814K(397848K), 0.0234270 secs] [Times: user=0.19 sys=0.00, real=0.02 secs] 
329.858: Total time for which application threads were stopped: 0.0236090 seconds, Stopping threads took: 0.0001140 seconds
329.906: Application time: 0.0478520 seconds
329.906: [GC329.906: [ParNew: 123520K->13696K(123520K), 0.0241770 secs] 360638K->272740K(397848K), 0.0242230 secs] [Times: user=0.19 sys=0.00, real=0.02 secs] 
329.931: Total time for which application threads were stopped: 0.0244670 seconds, Stopping threads took: 0.0001750 seconds
329.984: Application time: 0.0530060 seconds
329.984: [GC329.984: [ParNew: 123520K->13694K(123520K), 0.0235960 secs]330.007: [Tenured: 276625K->140568K(276824K), 0.2161630 secs] 382564K->140568K(400344K), [Perm : 9159K->9159K(21248K)], 0.2399320 secs] [Times: user=0.41 sys=0.00, real=0.24 secs] 
330.224: Total time for which application threads were stopped: 0.2400970 seconds, Stopping threads took: 0.0000970 seconds
330.269: Application time: 0.0456080 seconds
330.270: [GC330.270: [ParNew: 109824K->13696K(123520K), 0.0145830 secs] 250392K->163526K(397848K), 0.0146280 secs] [Times: user=0.12 sys=0.00, real=0.02 secs] 
330.284: Total time for which application threads were stopped: 0.0148340 seconds, Stopping threads took: 0.0001240 seconds
330.327: Application time: 0.0431670 seconds
330.328: [GC330.328: [ParNew: 123520K->13696K(123520K), 0.0261090 secs] 273350K->191480K(397848K), 0.0261540 secs] [Times: user=0.21 sys=0.00, real=0.03 secs] 
330.354: Total time for which application threads were stopped: 0.0263890 seconds, Stopping threads took: 0.0001670 seconds
330.403: Application time: 0.0488860 seconds
330.403: [GC330.403: [ParNew: 123520K->13696K(123520K), 0.0261650 secs] 301304K->214321K(397848K), 0.0262090 secs] [Times: user=0.21 sys=0.00, real=0.02 secs] 
330.429: Total time for which application threads were stopped: 0.0263760 seconds, Stopping threads took: 0.0000980 seconds
330.481: Application time: 0.0518640 seconds
330.481: [GC330.481: [ParNew: 123520K->13696K(123520K), 0.0229380 secs] 324145K->232864K(397848K), 0.0229830 secs] [Times: user=0.18 sys=0.00, real=0.02 secs] 
330.504: Total time for which application threads were stopped: 0.0231770 seconds, Stopping threads took: 0.0001270 seconds
330.555: Application time: 0.0510420 seconds
330.555: [GC330.555: [ParNew: 123520K->13696K(123520K), 0.0228420 secs] 342688K->252060K(397848K), 0.0228880 secs] [Times: user=0.18 sys=0.00, real=0.02 secs] 
330.578: Total time for which application threads were stopped: 0.0230840 seconds, Stopping threads took: 0.0001290 seconds
330.628: Application time: 0.0494230 seconds
330.628: [GC330.628: [ParNew: 123520K->13696K(123520K), 0.0230810 secs] 361884K->271637K(397848K), 0.0231270 secs] [Times: user=0.19 sys=0.00, real=0.02 secs] 
330.651: Total time for which application threads were stopped: 0.0234200 seconds, Stopping threads took: 0.0002250 seconds
330.696: Application time: 0.0452060 seconds
330.697: [GC330.697: [ParNew: 123520K->13696K(123520K), 0.0231440 secs]330.720: [Tenured: 279954K->134198K(280280K), 0.2296800 secs] 381461K->134198K(403800K), [Perm : 9159K->9159K(21248K)], 0.2531280 secs] [Times: user=0.40 sys=0.02, real=0.25 secs] 
330.950: Total time for which application threads were stopped: 0.2533720 seconds, Stopping threads took: 0.0001760 seconds
331.001: Application time: 0.0512200 seconds
331.001: [GC331.001: [ParNew: 109824K->13696K(123520K), 0.0167150 secs] 244022K->154697K(397848K), 0.0167530 secs] [Times: user=0.13 sys=0.00, real=0.01 secs] 
331.018: Total time for which application threads were stopped: 0.0169190 seconds, Stopping threads took: 0.0000880 seconds
331.064: Application time: 0.0466060 seconds
331.069: [GC331.069: [ParNew: 123520K->13696K(123520K), 0.0220660 secs] 264521K->174051K(397848K), 0.0221190 secs] [Times: user=0.17 sys=0.00, real=0.02 secs] 
331.091: Total time for which application threads were stopped: 0.0262360 seconds, Stopping threads took: 0.0040500 seconds
331.133: Application time: 0.0423500 seconds
331.133: [GC331.133: [ParNew: 123488K->13695K(123520K), 0.0243610 secs] 283843K->200697K(397848K), 0.0244060 secs] [Times: user=0.19 sys=0.00, real=0.02 secs] 
331.158: Total time for which application threads were stopped: 0.0246220 seconds, Stopping threads took: 0.0001260 seconds
331.201: Application time: 0.0435620 seconds
331.201: [GC331.201: [ParNew: 123517K->13696K(123520K), 0.0263440 secs] 310519K->227757K(397848K), 0.0263890 secs] [Times: user=0.21 sys=0.00, real=0.02 secs] 
331.228: Total time for which application threads were stopped: 0.0265430 seconds, Stopping threads took: 0.0000840 seconds
331.282: Application time: 0.0537970 seconds
331.282: [GC331.282: [ParNew: 123520K->13696K(123520K), 0.0244390 secs] 337581K->245413K(397848K), 0.0244830 secs] [Times: user=0.19 sys=0.00, real=0.02 secs] 
331.306: Total time for which application threads were stopped: 0.0246510 seconds, Stopping threads took: 0.0001030 seconds
331.357: Application time: 0.0504500 seconds
331.357: [GC331.357: [ParNew: 123520K->13696K(123520K), 0.0214210 secs] 355237K->261282K(397848K), 0.0214660 secs] [Times: user=0.17 sys=0.00, real=0.02 secs] 
331.378: Total time for which application threads were stopped: 0.0216030 seconds, Stopping threads took: 0.0000650 seconds
331.430: Application time: 0.0520140 seconds
331.430: [GC331.430: [ParNew: 123520K->13696K(123520K), 0.0218140 secs] 371106K->280272K(397848K), 0.0218600 secs] [Times: user=0.17 sys=0.00, real=0.02 secs] 
331.452: Total time for which application threads were stopped: 0.0220340 seconds, Stopping threads took: 0.0001050 seconds
331.498: Application time: 0.0456790 seconds
331.498: [GC331.498: [ParNew: 123520K->13696K(123520K), 0.0237030 secs]331.522: [Tenured: 287816K->136904K(288152K), 0.2260980 secs] 390096K->136904K(411672K), [Perm : 9159K->9159K(21248K)], 0.2503320 secs] [Times: user=0.41 sys=0.00, real=0.25 secs] 
331.749: Total time for which application threads were stopped: 0.2505360 seconds, Stopping threads took: 0.0001360 seconds
331.795: Application time: 0.0461590 seconds
331.795: [GC331.795: [ParNew: 109824K->13696K(123520K), 0.0159550 secs] 246728K->160760K(397848K), 0.0160020 secs] [Times: user=0.13 sys=0.00, real=0.01 secs] 
331.811: Total time for which application threads were stopped: 0.0161910 seconds, Stopping threads took: 0.0001100 seconds
331.858: Application time: 0.0472680 seconds
331.861: [GC331.861: [ParNew: 123520K->13696K(123520K), 0.0238070 secs] 270584K->182649K(397848K), 0.0238520 secs] [Times: user=0.19 sys=0.00, real=0.02 secs] 
331.884: Total time for which application threads were stopped: 0.0262220 seconds, Stopping threads took: 0.0023020 seconds
331.931: Application time: 0.0461880 seconds
331.931: [GC331.931: [ParNew: 123477K->13696K(123520K), 0.0237100 secs] 292431K->205006K(397848K), 0.0237550 secs] [Times: user=0.18 sys=0.00, real=0.03 secs] 
331.955: Total time for which application threads were stopped: 0.0239400 seconds, Stopping threads took: 0.0001180 seconds
331.993: Application time: 0.0385060 seconds
331.993: [GC331.993: [ParNew: 123520K->13696K(123520K), 0.0249120 secs] 314830K->232871K(397848K), 0.0249570 secs] [Times: user=0.20 sys=0.00, real=0.02 secs] 
332.018: Total time for which application threads were stopped: 0.0251970 seconds, Stopping threads took: 0.0001730 seconds
332.073: Application time: 0.0545740 seconds
332.073: [GC332.073: [ParNew: 123520K->13696K(123520K), 0.0267680 secs] 342695K->255784K(397848K), 0.0268120 secs] [Times: user=0.21 sys=0.00, real=0.02 secs] 
332.100: Total time for which application threads were stopped: 0.0270640 seconds, Stopping threads took: 0.0001630 seconds
332.150: Application time: 0.0503310 seconds
332.150: [GC332.150: [ParNew: 123520K->13696K(123520K), 0.0218210 secs] 365608K->271811K(397848K), 0.0218750 secs] [Times: user=0.17 sys=0.00, real=0.02 secs] 
332.172: Total time for which application threads were stopped: 0.0221030 seconds, Stopping threads took: 0.0001600 seconds
332.225: Application time: 0.0530130 seconds
332.225: [GC332.225: [ParNew: 123313K->13696K(123520K), 0.0207870 secs] 381428K->287955K(397848K), 0.0208330 secs] [Times: user=0.17 sys=0.00, real=0.02 secs] 
332.246: Total time for which application threads were stopped: 0.0209970 seconds, Stopping threads took: 0.0000970 seconds
332.297: Application time: 0.0506760 seconds
332.297: [GC332.297: [ParNew: 123520K->13696K(123520K), 0.0217020 secs]332.319: [Tenured: 290698K->135453K(290840K), 0.2136850 secs] 397779K->135453K(414360K), [Perm : 9159K->9159K(21248K)], 0.2360590 secs] [Times: user=0.38 sys=0.00, real=0.24 secs] 
332.533: Total time for which application threads were stopped: 0.2362330 seconds, Stopping threads took: 0.0000930 seconds
332.580: Application time: 0.0466630 seconds
332.580: [GC332.580: [ParNew: 109824K->13696K(123520K), 0.0148810 secs] 245277K->158248K(397848K), 0.0149270 secs] [Times: user=0.12 sys=0.00, real=0.02 secs] 
332.595: Total time for which application threads were stopped: 0.0150870 seconds, Stopping threads took: 0.0000920 seconds
332.643: Application time: 0.0477970 seconds
332.643: [GC332.643: [ParNew: 123520K->13696K(123520K), 0.0230640 secs] 268072K->179760K(397848K), 0.0231080 secs] [Times: user=0.18 sys=0.00, real=0.02 secs] 
332.666: Total time for which application threads were stopped: 0.0232710 seconds, Stopping threads took: 0.0000950 seconds
332.713: Application time: 0.0472040 seconds
332.713: [GC332.713: [ParNew: 123520K->13696K(123520K), 0.0244470 secs] 289584K->203227K(397848K), 0.0244910 secs] [Times: user=0.20 sys=0.00, real=0.02 secs] 
332.738: Total time for which application threads were stopped: 0.0246630 seconds, Stopping threads took: 0.0001030 seconds
332.778: Application time: 0.0397000 seconds
332.781: [GC332.781: [ParNew: 123497K->13696K(123520K), 0.0255440 secs] 313029K->231073K(397848K), 0.0255900 secs] [Times: user=0.20 sys=0.00, real=0.02 secs] 
332.806: Total time for which application threads were stopped: 0.0285400 seconds, Stopping threads took: 0.0028820 seconds
332.852: Application time: 0.0458940 seconds
332.852: [GC332.852: [ParNew: 123520K->13696K(123520K), 0.0276250 secs] 340897K->258692K(397848K), 0.0276720 secs] [Times: user=0.22 sys=0.00, real=0.03 secs] 
332.880: Total time for which application threads were stopped: 0.0278590 seconds, Stopping threads took: 0.0001090 seconds
332.935: Application time: 0.0551750 seconds
332.935: [GC332.935: [ParNew: 123520K->13695K(123520K), 0.0226770 secs] 368516K->274353K(397848K), 0.0227220 secs] [Times: user=0.18 sys=0.00, real=0.02 secs] 
332.958: Total time for which application threads were stopped: 0.0228560 seconds, Stopping threads took: 0.0000660 seconds
333.010: Application time: 0.0520020 seconds
333.010: [GC333.010: [ParNew: 123519K->13696K(123520K), 0.0224970 secs]333.033: [Tenured: 277730K->148285K(277976K), 0.2337000 secs] 384177K->148285K(401496K), [Perm : 9159K->9159K(21248K)], 0.2564120 secs] [Times: user=0.41 sys=0.00, real=0.26 secs] 
333.267: Total time for which application threads were stopped: 0.2566000 seconds, Stopping threads took: 0.0001220 seconds
333.317: Application time: 0.0499890 seconds
333.317: [GC333.317: [ParNew: 109824K->13696K(123520K), 0.0132310 secs] 258109K->166625K(397848K), 0.0132740 secs] [Times: user=0.11 sys=0.00, real=0.01 secs] 
333.330: Total time for which application threads were stopped: 0.0135830 seconds, Stopping threads took: 0.0002310 seconds
333.376: Application time: 0.0455740 seconds
333.376: [GC333.376: [ParNew: 123520K->13696K(123520K), 0.0227250 secs] 276449K->188194K(397848K), 0.0227690 secs] [Times: user=0.18 sys=0.00, real=0.02 secs] 
333.399: Total time for which application threads were stopped: 0.0229580 seconds, Stopping threads took: 0.0001100 seconds
333.446: Application time: 0.0477870 seconds
333.447: [GC333.447: [ParNew: 123520K->13696K(123520K), 0.0242940 secs] 298018K->211458K(397848K), 0.0243500 secs] [Times: user=0.20 sys=0.00, real=0.02 secs] 
333.471: Total time for which application threads were stopped: 0.0245430 seconds, Stopping threads took: 0.0001240 seconds
333.523: Application time: 0.0516060 seconds
333.523: [GC333.523: [ParNew: 123520K->13696K(123520K), 0.0240060 secs] 321282K->231334K(397848K), 0.0240520 secs] [Times: user=0.19 sys=0.00, real=0.02 secs] 
333.547: Total time for which application threads were stopped: 0.0242460 seconds, Stopping threads took: 0.0001130 seconds
333.590: Application time: 0.0430200 seconds
333.590: [GC333.590: [ParNew: 123520K->13696K(123520K), 0.0235840 secs] 341158K->256034K(397848K), 0.0236280 secs] [Times: user=0.19 sys=0.00, real=0.03 secs] 
333.614: Total time for which application threads were stopped: 0.0238230 seconds, Stopping threads took: 0.0001290 seconds
333.654: Application time: 0.0403800 seconds
333.654: [GC333.654: [ParNew: 123520K->13696K(123520K), 0.0257420 secs] 365858K->285165K(397848K), 0.0257860 secs] [Times: user=0.20 sys=0.00, real=0.02 secs] 
333.680: Total time for which application threads were stopped: 0.0259450 seconds, Stopping threads took: 0.0000900 seconds
333.734: Application time: 0.0536390 seconds
333.734: [GC333.734: [ParNew: 123520K->13696K(123520K), 0.0247980 secs]333.759: [Tenured: 291728K->145643K(291800K), 0.2481000 secs] 394989K->145643K(415320K), [Perm : 9159K->9159K(21248K)], 0.2736120 secs] [Times: user=0.44 sys=0.01, real=0.27 secs] 
334.008: Total time for which application threads were stopped: 0.2737810 seconds, Stopping threads took: 0.0000980 seconds
334.058: Application time: 0.0501370 seconds
334.058: [GC334.058: [ParNew: 109824K->13696K(123520K), 0.0110980 secs] 255467K->161278K(397848K), 0.0111430 secs] [Times: user=0.09 sys=0.00, real=0.01 secs] 
334.069: Total time for which application threads were stopped: 0.0112920 seconds, Stopping threads took: 0.0000690 seconds
334.122: Application time: 0.0535410 seconds
334.123: [GC334.123: [ParNew: 123520K->13696K(123520K), 0.0206770 secs] 271102K->177426K(397848K), 0.0207210 secs] [Times: user=0.16 sys=0.00, real=0.02 secs] 
334.143: Total time for which application threads were stopped: 0.0208890 seconds, Stopping threads took: 0.0001000 seconds
334.190: Application time: 0.0468030 seconds
334.190: [GC334.190: [ParNew: 123399K->13696K(123520K), 0.0206370 secs] 287129K->194919K(397848K), 0.0206820 secs] [Times: user=0.16 sys=0.00, real=0.02 secs] 
334.211: Total time for which application threads were stopped: 0.0208230 seconds, Stopping threads took: 0.0000740 seconds
334.256: Application time: 0.0452460 seconds
334.256: [GC334.256: [ParNew: 123423K->13696K(123520K), 0.0243030 secs] 304647K->219818K(397848K), 0.0243480 secs] [Times: user=0.19 sys=0.00, real=0.03 secs] 
334.281: Total time for which application threads were stopped: 0.0244990 seconds, Stopping threads took: 0.0000840 seconds
334.331: Application time: 0.0503480 seconds
334.331: [GC334.331: [ParNew: 123520K->13696K(123520K), 0.0255380 secs] 329642K->242528K(397848K), 0.0255840 secs] [Times: user=0.20 sys=0.00, real=0.03 secs] 
334.357: Total time for which application threads were stopped: 0.0257620 seconds, Stopping threads took: 0.0001100 seconds
334.403: Application time: 0.0459650 seconds
334.403: [GC334.403: [ParNew: 123520K->13696K(123520K), 0.0230030 secs] 352352K->263210K(397848K), 0.0230470 secs] [Times: user=0.18 sys=0.00, real=0.02 secs] 
334.426: Total time for which application threads were stopped: 0.0232860 seconds, Stopping threads took: 0.0001600 seconds
334.467: Application time: 0.0410120 seconds
334.467: [GC334.467: [ParNew: 123340K->13696K(123520K), 0.0248080 secs]334.492: [Tenured: 277206K->146118K(277400K), 0.2209740 secs] 372855K->146118K(400920K), [Perm : 9159K->9159K(21248K)], 0.2459810 secs] [Times: user=0.42 sys=0.00, real=0.25 secs] 
334.713: Total time for which application threads were stopped: 0.2461500 seconds, Stopping threads took: 0.0001010 seconds
334.759: Application time: 0.0455230 seconds
334.759: [GC334.759: [ParNew: 109824K->13696K(123520K), 0.0183340 secs] 255942K->172754K(397848K), 0.0183880 secs] [Times: user=0.15 sys=0.00, real=0.02 secs] 
334.777: Total time for which application threads were stopped: 0.0185840 seconds, Stopping threads took: 0.0001170 seconds
334.830: Application time: 0.0523410 seconds
334.830: [GC334.830: [ParNew: 123520K->13695K(123520K), 0.0229690 secs] 282578K->190206K(397848K), 0.0230160 secs] [Times: user=0.18 sys=0.00, real=0.03 secs] 
334.853: Total time for which application threads were stopped: 0.0231850 seconds, Stopping threads took: 0.0001010 seconds
334.905: Application time: 0.0518060 seconds
334.905: [GC334.905: [ParNew: 123519K->13696K(123520K), 0.0222480 secs] 300030K->206944K(397848K), 0.0222930 secs] [Times: user=0.18 sys=0.00, real=0.02 secs] 
334.927: Total time for which application threads were stopped: 0.0224370 seconds, Stopping threads took: 0.0000790 seconds
334.983: Application time: 0.0559030 seconds
334.983: [GC334.983: [ParNew: 123520K->13696K(123520K), 0.0197110 secs] 316768K->219927K(397848K), 0.0197570 secs] [Times: user=0.16 sys=0.00, real=0.02 secs] 
335.003: Total time for which application threads were stopped: 0.0199320 seconds, Stopping threads took: 0.0001080 seconds
335.044: Application time: 0.0413720 seconds
335.045: [GC335.045: [ParNew: 123520K->13696K(123520K), 0.0220290 secs] 329751K->241985K(397848K), 0.0220750 secs] [Times: user=0.17 sys=0.00, real=0.02 secs] 
335.067: Total time for which application threads were stopped: 0.0222800 seconds, Stopping threads took: 0.0001370 seconds
335.112: Application time: 0.0454570 seconds
335.112: [GC335.112: [ParNew: 123520K->13696K(123520K), 0.0261950 secs] 351809K->269505K(397848K), 0.0262430 secs] [Times: user=0.20 sys=0.00, real=0.03 secs] 
335.139: Total time for which application threads were stopped: 0.0264320 seconds, Stopping threads took: 0.0001210 seconds
335.187: Application time: 0.0486580 seconds
335.187: [GC335.187: [ParNew: 123520K->13696K(123520K), 0.0260170 secs]335.213: [Tenured: 278815K->140739K(278936K), 0.2137300 secs] 379329K->140739K(402456K), [Perm : 9159K->9159K(21248K)], 0.2400160 secs] [Times: user=0.40 sys=0.00, real=0.24 secs] 
335.427: Total time for which application threads were stopped: 0.2401650 seconds, Stopping threads took: 0.0000780 seconds
335.471: Application time: 0.0438900 seconds
335.473: [GC335.473: [ParNew: 109824K->13696K(123520K), 0.0164640 secs] 250563K->165966K(397848K), 0.0165110 secs] [Times: user=0.13 sys=0.00, real=0.01 secs] 
335.489: Total time for which application threads were stopped: 0.0178480 seconds, Stopping threads took: 0.0012570 seconds
335.536: Application time: 0.0466820 seconds
335.536: [GC335.536: [ParNew: 123520K->13696K(123520K), 0.0256750 secs] 275790K->192261K(397848K), 0.0257190 secs] [Times: user=0.20 sys=0.00, real=0.03 secs] 
335.562: Total time for which application threads were stopped: 0.0259050 seconds, Stopping threads took: 0.0001190 seconds
335.612: Application time: 0.0504370 seconds
335.612: [GC335.612: [ParNew: 123520K->13696K(123520K), 0.0236390 secs] 302085K->210792K(397848K), 0.0236840 secs] [Times: user=0.19 sys=0.00, real=0.03 secs] 
335.636: Total time for which application threads were stopped: 0.0239010 seconds, Stopping threads took: 0.0001500 seconds
335.688: Application time: 0.0514480 seconds
335.688: [GC335.688: [ParNew: 123520K->13696K(123520K), 0.0213400 secs] 320616K->227371K(397848K), 0.0213840 secs] [Times: user=0.17 sys=0.00, real=0.02 secs] 
335.709: Total time for which application threads were stopped: 0.0215700 seconds, Stopping threads took: 0.0001170 seconds
335.764: Application time: 0.0547410 seconds
335.765: [GC335.765: [ParNew: 123520K->13696K(123520K), 0.0205330 secs] 337195K->241869K(397848K), 0.0205750 secs] [Times: user=0.17 sys=0.00, real=0.02 secs] 
335.785: Total time for which application threads were stopped: 0.0212910 seconds, Stopping threads took: 0.0006510 seconds
335.834: Application time: 0.0489180 seconds
335.837: [GC335.837: [ParNew: 123460K->13696K(123520K), 0.0207520 secs] 351633K->258793K(397848K), 0.0208070 secs] [Times: user=0.17 sys=0.00, real=0.02 secs] 
335.857: Total time for which application threads were stopped: 0.0233330 seconds, Stopping threads took: 0.0024590 seconds
335.899: Application time: 0.0413320 seconds
335.899: [GC335.899: [ParNew: 123520K->13696K(123520K), 0.0248390 secs] 368617K->286757K(397848K), 0.0248850 secs] [Times: user=0.20 sys=0.00, real=0.03 secs] 
335.924: Total time for which application threads were stopped: 0.0250630 seconds, Stopping threads took: 0.0001090 seconds
335.972: Application time: 0.0482540 seconds
335.972: [GC335.972: [ParNew: 123520K->13696K(123520K), 0.0256190 secs]335.998: [Tenured: 296553K->145743K(296600K), 0.2231150 secs] 396581K->145743K(420120K), [Perm : 9159K->9159K(21248K)], 0.2495130 secs] [Times: user=0.41 sys=0.01, real=0.26 secs] 
336.222: Total time for which application threads were stopped: 0.2497060 seconds, Stopping threads took: 0.0001260 seconds
336.264: Application time: 0.0423880 seconds
336.264: [GC336.264: [ParNew: 109824K->13696K(123520K), 0.0136060 secs] 255567K->168019K(397848K), 0.0136530 secs] [Times: user=0.10 sys=0.00, real=0.01 secs] 
336.278: Total time for which application threads were stopped: 0.0138300 seconds, Stopping threads took: 0.0000940 seconds
336.322: Application time: 0.0445020 seconds
336.323: [GC336.323: [ParNew: 123520K->13695K(123520K), 0.0263240 secs] 277843K->197291K(397848K), 0.0263700 secs] [Times: user=0.21 sys=0.00, real=0.02 secs] 
336.349: Total time for which application threads were stopped: 0.0265280 seconds, Stopping threads took: 0.0000900 seconds
336.397: Application time: 0.0483170 seconds
336.397: [GC336.397: [ParNew: 123519K->13694K(123520K), 0.0260610 secs] 307115K->220515K(397848K), 0.0261080 secs] [Times: user=0.21 sys=0.00, real=0.03 secs] 
336.424: Total time for which application threads were stopped: 0.0262730 seconds, Stopping threads took: 0.0000980 seconds
336.480: Application time: 0.0567180 seconds
336.480: [GC336.480: [ParNew: 123518K->13694K(123520K), 0.0209160 secs] 330339K->234991K(397848K), 0.0209610 secs] [Times: user=0.17 sys=0.00, real=0.02 secs] 
336.501: Total time for which application threads were stopped: 0.0211130 seconds, Stopping threads took: 0.0000760 seconds
336.552: Application time: 0.0504430 seconds
336.552: [GC336.552: [ParNew: 123518K->13696K(123520K), 0.0203320 secs] 344815K->249648K(397848K), 0.0203790 secs] [Times: user=0.16 sys=0.00, real=0.02 secs] 
336.572: Total time for which application threads were stopped: 0.0205620 seconds, Stopping threads took: 0.0001060 seconds
336.625: Application time: 0.0530470 seconds
336.629: [GC336.629: [ParNew: 123520K->13696K(123520K), 0.0210670 secs] 359472K->265922K(397848K), 0.0211120 secs] [Times: user=0.16 sys=0.00, real=0.02 secs] 
336.650: Total time for which application threads were stopped: 0.0243510 seconds, Stopping threads took: 0.0031530 seconds
336.692: Application time: 0.0420930 seconds
336.692: [GC336.692: [ParNew: 123520K->13696K(123520K), 0.0224860 secs]336.715: [Tenured: 274428K->120912K(275864K), 0.2012290 secs] 375746K->120912K(399384K), [Perm : 9159K->9159K(21248K)], 0.2238080 secs] [Times: user=0.38 sys=0.00, real=0.23 secs] 
336.916: Total time for which application threads were stopped: 0.2239480 seconds, Stopping threads took: 0.0000750 seconds
336.960: Application time: 0.0437210 seconds
336.960: [GC336.960: [ParNew: 109824K->13696K(123520K), 0.0171840 secs] 230736K->146651K(397848K), 0.0172270 secs] [Times: user=0.14 sys=0.00, real=0.02 secs] 
336.977: Total time for which application threads were stopped: 0.0174330 seconds, Stopping threads took: 0.0001090 seconds
337.022: Application time: 0.0454170 seconds
337.023: [GC337.023: [ParNew: 123520K->13696K(123520K), 0.0262780 secs] 256475K->172670K(397848K), 0.0263210 secs] [Times: user=0.21 sys=0.00, real=0.02 secs] 
337.049: Total time for which application threads were stopped: 0.0264790 seconds, Stopping threads took: 0.0000880 seconds
337.094: Application time: 0.0453280 seconds
337.094: [GC337.094: [ParNew: 123520K->13696K(123520K), 0.0244390 secs] 282494K->195909K(397848K), 0.0244930 secs] [Times: user=0.20 sys=0.00, real=0.02 secs] 
337.119: Total time for which application threads were stopped: 0.0246950 seconds, Stopping threads took: 0.0001340 seconds
337.163: Application time: 0.0443140 seconds
337.163: [GC337.163: [ParNew: 123520K->13696K(123520K), 0.0241550 secs] 305733K->220322K(397848K), 0.0242020 secs] [Times: user=0.19 sys=0.00, real=0.02 secs] 
337.188: Total time for which application threads were stopped: 0.0243540 seconds, Stopping threads took: 0.0000830 seconds
337.239: Application time: 0.0511400 seconds
337.239: [GC337.239: [ParNew: 123520K->13694K(123520K), 0.0242370 secs] 330146K->240798K(397848K), 0.0242780 secs] [Times: user=0.19 sys=0.00, real=0.03 secs] 
337.263: Total time for which application threads were stopped: 0.0244130 seconds, Stopping threads took: 0.0000660 seconds
337.313: Application time: 0.0493840 seconds
337.313: [GC337.313: [ParNew: 123518K->13694K(123520K), 0.0222620 secs] 350622K->258633K(397848K), 0.0223090 secs] [Times: user=0.18 sys=0.00, real=0.02 secs] 
337.335: Total time for which application threads were stopped: 0.0224560 seconds, Stopping threads took: 0.0000800 seconds
337.390: Application time: 0.0549120 seconds
337.393: [GC337.393: [ParNew: 123459K->13696K(123520K), 0.0209620 secs] 368398K->273084K(397848K), 0.0210050 secs] [Times: user=0.16 sys=0.00, real=0.02 secs] 
337.414: Total time for which application threads were stopped: 0.0235820 seconds, Stopping threads took: 0.0025130 seconds
337.461: Application time: 0.0470960 seconds
337.461: [GC337.461: [ParNew: 123520K->13696K(123520K), 0.0214330 secs]337.482: [Tenured: 276498K->135058K(277208K), 0.2098260 secs] 382908K->135058K(400728K), [Perm : 9159K->9159K(21248K)], 0.2314320 secs] [Times: user=0.38 sys=0.00, real=0.22 secs] 
337.692: Total time for which application threads were stopped: 0.2316330 seconds, Stopping threads took: 0.0001160 seconds
337.737: Application time: 0.0442750 seconds
337.737: [GC337.737: [ParNew: 109824K->13696K(123520K), 0.0176150 secs] 244882K->161945K(397848K), 0.0176630 secs] [Times: user=0.14 sys=0.00, real=0.02 secs] 
337.754: Total time for which application threads were stopped: 0.0178020 seconds, Stopping threads took: 0.0000700 seconds
337.801: Application time: 0.0463580 seconds
337.801: [GC337.801: [ParNew: 123520K->13696K(123520K), 0.0251010 secs] 271769K->186450K(397848K), 0.0251440 secs] [Times: user=0.19 sys=0.00, real=0.02 secs] 
337.826: Total time for which application threads were stopped: 0.0253400 seconds, Stopping threads took: 0.0001290 seconds
337.874: Application time: 0.0475790 seconds
337.874: [GC337.874: [ParNew: 123520K->13696K(123520K), 0.0246740 secs] 296274K->209215K(397848K), 0.0247190 secs] [Times: user=0.20 sys=0.00, real=0.02 secs] 
337.899: Total time for which application threads were stopped: 0.0249030 seconds, Stopping threads took: 0.0001180 seconds
337.945: Application time: 0.0459800 seconds
337.945: [GC337.945: [ParNew: 123520K->13696K(123520K), 0.0234780 secs] 319039K->230865K(397848K), 0.0235220 secs] [Times: user=0.18 sys=0.00, real=0.02 secs] 
337.968: Total time for which application threads were stopped: 0.0236810 seconds, Stopping threads took: 0.0000940 seconds
338.011: Application time: 0.0429130 seconds
338.011: [GC338.011: [ParNew: 123520K->13696K(123520K), 0.0232770 secs] 340689K->254520K(397848K), 0.0233220 secs] [Times: user=0.19 sys=0.00, real=0.03 secs] 
338.035: Total time for which application threads were stopped: 0.0234900 seconds, Stopping threads took: 0.0000830 seconds
338.085: Application time: 0.0508190 seconds
338.086: [GC338.086: [ParNew: 123435K->13696K(123520K), 0.0242220 secs] 364259K->276408K(397848K), 0.0242670 secs] [Times: user=0.19 sys=0.00, real=0.02 secs] 
338.110: Total time for which application threads were stopped: 0.0244320 seconds, Stopping threads took: 0.0000980 seconds
338.163: Application time: 0.0528030 seconds
338.163: [GC338.163: [ParNew: 123520K->13696K(123520K), 0.0225690 secs]338.185: [Tenured: 278444K->152338K(278744K), 0.2505580 secs] 386232K->152338K(402264K), [Perm : 9159K->9159K(21248K)], 0.2733740 secs] [Times: user=0.42 sys=0.00, real=0.27 secs] 
338.436: Total time for which application threads were stopped: 0.2735490 seconds, Stopping threads took: 0.0001100 seconds
338.491: Application time: 0.0545630 seconds
338.491: [GC338.491: [ParNew: 109824K->13696K(123520K), 0.0114220 secs] 262162K->166834K(397848K), 0.0114670 secs] [Times: user=0.09 sys=0.00, real=0.02 secs] 
338.502: Total time for which application threads were stopped: 0.0116350 seconds, Stopping threads took: 0.0001020 seconds
338.545: Application time: 0.0429880 seconds
338.546: [GC338.546: [ParNew: 123520K->13696K(123520K), 0.0224100 secs] 276658K->189978K(397848K), 0.0224600 secs] [Times: user=0.18 sys=0.00, real=0.02 secs] 
338.568: Total time for which application threads were stopped: 0.0227650 seconds, Stopping threads took: 0.0002060 seconds
338.611: Application time: 0.0428810 seconds
338.611: [GC338.611: [ParNew: 123520K->13696K(123520K), 0.0257170 secs] 299802K->218524K(397848K), 0.0257590 secs] [Times: user=0.20 sys=0.00, real=0.03 secs] 
338.637: Total time for which application threads were stopped: 0.0258830 seconds, Stopping threads took: 0.0000580 seconds
338.686: Application time: 0.0494990 seconds
338.687: [GC338.687: [ParNew: 123515K->13696K(123520K), 0.0258890 secs] 328343K->240589K(397848K), 0.0259340 secs] [Times: user=0.21 sys=0.00, real=0.03 secs] 
338.713: Total time for which application threads were stopped: 0.0261220 seconds, Stopping threads took: 0.0001190 seconds
338.761: Application time: 0.0486040 seconds
338.761: [GC338.761: [ParNew: 123468K->13696K(123520K), 0.0230310 secs] 350361K->260868K(397848K), 0.0230760 secs] [Times: user=0.18 sys=0.00, real=0.02 secs] 
338.784: Total time for which application threads were stopped: 0.0232430 seconds, Stopping threads took: 0.0000910 seconds
338.828: Application time: 0.0439710 seconds
338.829: [GC338.829: [ParNew: 123520K->13694K(123520K), 0.0240460 secs] 370692K->285037K(397848K), 0.0240890 secs] [Times: user=0.19 sys=0.00, real=0.03 secs] 
338.853: Total time for which application threads were stopped: 0.0242400 seconds, Stopping threads took: 0.0000840 seconds
338.903: Application time: 0.0501220 seconds
338.903: [GC338.903: [ParNew: 123387K->13694K(123520K), 0.0239280 secs]338.927: [Tenured: 292033K->153967K(292376K), 0.2401420 secs] 394730K->153967K(415896K), [Perm : 9159K->9159K(21248K)], 0.2647980 secs] [Times: user=0.42 sys=0.01, real=0.26 secs] 
339.168: Total time for which application threads were stopped: 0.2649980 seconds, Stopping threads took: 0.0001280 seconds
339.217: Application time: 0.0496610 seconds
339.218: [GC339.218: [ParNew: 109824K->13694K(123520K), 0.0129890 secs] 263791K->172836K(397848K), 0.0130330 secs] [Times: user=0.10 sys=0.00, real=0.01 secs] 
339.231: Total time for which application threads were stopped: 0.0132250 seconds, Stopping threads took: 0.0001090 seconds
339.287: Application time: 0.0565050 seconds
339.287: [GC339.287: [ParNew: 123518K->13694K(123520K), 0.0208330 secs] 282660K->186676K(397848K), 0.0208770 secs] [Times: user=0.17 sys=0.00, real=0.02 secs] 
339.308: Total time for which application threads were stopped: 0.0211060 seconds, Stopping threads took: 0.0001650 seconds
339.353: Application time: 0.0444200 seconds
339.353: [GC339.353: [ParNew: 123421K->13696K(123520K), 0.0219680 secs] 296404K->207094K(397848K), 0.0220110 secs] [Times: user=0.18 sys=0.00, real=0.02 secs] 
339.375: Total time for which application threads were stopped: 0.0221790 seconds, Stopping threads took: 0.0000990 seconds
339.414: Application time: 0.0396000 seconds
339.417: [GC339.417: [ParNew: 123520K->13696K(123520K), 0.0238320 secs] 316918K->234186K(397848K), 0.0238790 secs] [Times: user=0.19 sys=0.00, real=0.03 secs] 
339.441: Total time for which application threads were stopped: 0.0261000 seconds, Stopping threads took: 0.0021430 seconds
339.489: Application time: 0.0484410 seconds
339.489: [GC339.489: [ParNew: 123520K->13696K(123520K), 0.0276590 secs] 344010K->260986K(397848K), 0.0277140 secs] [Times: user=0.21 sys=0.00, real=0.03 secs] 
339.517: Total time for which application threads were stopped: 0.0279140 seconds, Stopping threads took: 0.0001320 seconds
339.571: Application time: 0.0540820 seconds
339.571: [GC339.571: [ParNew: 123520K->13696K(123520K), 0.0225380 secs] 370810K->277037K(397848K), 0.0225830 secs] [Times: user=0.18 sys=0.00, real=0.03 secs] 
339.594: Total time for which application threads were stopped: 0.0227560 seconds, Stopping threads took: 0.0001070 seconds
339.638: Application time: 0.0438560 seconds
339.638: [GC339.638: [ParNew: 123520K->13696K(123520K), 0.0237920 secs]339.662: [Tenured: 286530K->137740K(286808K), 0.2339770 secs] 386861K->137740K(410328K), [Perm : 9159K->9159K(21248K)], 0.2582610 secs] [Times: user=0.42 sys=0.00, real=0.26 secs] 
339.896: Total time for which application threads were stopped: 0.2584610 seconds, Stopping threads took: 0.0001300 seconds
339.944: Application time: 0.0481220 seconds
339.944: [GC339.944: [ParNew: 109824K->13696K(123520K), 0.0172760 secs] 247564K->161694K(397848K), 0.0173220 secs] [Times: user=0.13 sys=0.00, real=0.02 secs] 
339.962: Total time for which application threads were stopped: 0.0174700 seconds, Stopping threads took: 0.0000660 seconds
340.014: Application time: 0.0518280 seconds
340.014: [GC340.014: [ParNew: 123520K->13696K(123520K), 0.0225950 secs] 271518K->178482K(397848K), 0.0226420 secs] [Times: user=0.18 sys=0.00, real=0.02 secs] 
340.036: Total time for which application threads were stopped: 0.0227850 seconds, Stopping threads took: 0.0000770 seconds
340.085: Application time: 0.0490360 seconds
340.086: [GC340.086: [ParNew: 123520K->13696K(123520K), 0.0210360 secs] 288306K->195553K(397848K), 0.0210820 secs] [Times: user=0.17 sys=0.00, real=0.02 secs] 
340.107: Total time for which application threads were stopped: 0.0212720 seconds, Stopping threads took: 0.0001230 seconds
340.155: Application time: 0.0485900 seconds
340.155: [GC340.155: [ParNew: 123496K->13696K(123520K), 0.0222380 secs] 305354K->215749K(397848K), 0.0222830 secs] [Times: user=0.17 sys=0.00, real=0.02 secs] 
340.178: Total time for which application threads were stopped: 0.0224920 seconds, Stopping threads took: 0.0001410 seconds
340.218: Application time: 0.0399180 seconds
340.218: [GC340.218: [ParNew: 123520K->13696K(123520K), 0.0243390 secs] 325573K->242288K(397848K), 0.0243850 secs] [Times: user=0.19 sys=0.00, real=0.03 secs] 
340.242: Total time for which application threads were stopped: 0.0246050 seconds, Stopping threads took: 0.0001510 seconds
340.292: Application time: 0.0496970 seconds
340.292: [GC340.292: [ParNew: 123520K->13696K(123520K), 0.0274610 secs] 352112K->269029K(397848K), 0.0274980 secs] [Times: user=0.22 sys=0.00, real=0.03 secs] 
340.320: Total time for which application threads were stopped: 0.0276920 seconds, Stopping threads took: 0.0001280 seconds
340.370: Application time: 0.0504310 seconds
340.370: [GC340.370: [ParNew: 123520K->13696K(123520K), 0.0230410 secs] 378853K->286632K(397848K), 0.0230850 secs] [Times: user=0.19 sys=0.00, real=0.03 secs] 
340.393: Total time for which application threads were stopped: 0.0232540 seconds, Stopping threads took: 0.0000930 seconds
340.438: Application time: 0.0443700 seconds
340.438: [GC340.438: [ParNew: 123520K->13696K(123520K), 0.0242250 secs]340.462: [Tenured: 297568K->143875K(297944K), 0.2343220 secs] 396456K->143875K(421464K), [Perm : 9159K->9159K(21248K)], 0.2593730 secs] [Times: user=0.40 sys=0.03, real=0.26 secs] 
340.697: Total time for which application threads were stopped: 0.2595150 seconds, Stopping threads took: 0.0000730 seconds
340.748: Application time: 0.0504730 seconds
340.748: [GC340.748: [ParNew: 109824K->13696K(123520K), 0.0162930 secs] 253699K->164939K(397848K), 0.0163370 secs] [Times: user=0.13 sys=0.00, real=0.02 secs] 
340.764: Total time for which application threads were stopped: 0.0165280 seconds, Stopping threads took: 0.0001140 seconds
340.814: Application time: 0.0496220 seconds
340.814: [GC340.814: [ParNew: 123520K->13695K(123520K), 0.0217960 secs] 274763K->182189K(397848K), 0.0218510 secs] [Times: user=0.17 sys=0.00, real=0.02 secs] 
340.836: Total time for which application threads were stopped: 0.0219810 seconds, Stopping threads took: 0.0000620 seconds
340.887: Application time: 0.0514290 seconds
340.887: [GC340.887: [ParNew: 123519K->13695K(123520K), 0.0211390 secs] 292013K->199684K(397848K), 0.0211840 secs] [Times: user=0.17 sys=0.00, real=0.02 secs] 
340.909: Total time for which application threads were stopped: 0.0213410 seconds, Stopping threads took: 0.0000900 seconds
340.958: Application time: 0.0491050 seconds
340.958: [GC340.958: [ParNew: 123519K->13696K(123520K), 0.0213470 secs] 309508K->217356K(397848K), 0.0213920 secs] [Times: user=0.17 sys=0.00, real=0.02 secs] 
340.979: Total time for which application threads were stopped: 0.0215310 seconds, Stopping threads took: 0.0000710 seconds
341.022: Application time: 0.0430090 seconds
341.022: [GC341.022: [ParNew: 123520K->13696K(123520K), 0.0238400 secs] 327180K->242176K(397848K), 0.0238850 secs] [Times: user=0.19 sys=0.00, real=0.02 secs] 
341.046: Total time for which application threads were stopped: 0.0240210 seconds, Stopping threads took: 0.0000670 seconds
341.089: Application time: 0.0430050 seconds
341.089: [GC341.089: [ParNew: 123520K->13696K(123520K), 0.0254300 secs] 352000K->269307K(397848K), 0.0254750 secs] [Times: user=0.20 sys=0.00, real=0.03 secs] 
341.115: Total time for which application threads were stopped: 0.0256700 seconds, Stopping threads took: 0.0001280 seconds
341.162: Application time: 0.0471070 seconds
341.162: [GC341.162: [ParNew: 123520K->13696K(123520K), 0.0267300 secs]341.189: [Tenured: 279538K->153622K(279704K), 0.2489490 secs] 379131K->153622K(403224K), [Perm : 9159K->9159K(21248K)], 0.2759580 secs] [Times: user=0.47 sys=0.00, real=0.27 secs] 
341.438: Total time for which application threads were stopped: 0.2760900 seconds, Stopping threads took: 0.0000640 seconds
341.486: Application time: 0.0477990 seconds
341.486: [GC341.486: [ParNew: 109824K->13696K(123520K), 0.0156530 secs] 263446K->176799K(397848K), 0.0157000 secs] [Times: user=0.12 sys=0.00, real=0.02 secs] 
341.502: Total time for which application threads were stopped: 0.0158840 seconds, Stopping threads took: 0.0001040 seconds
341.549: Application time: 0.0466740 seconds
341.549: [GC341.549: [ParNew: 123520K->13696K(123520K), 0.0237210 secs] 286623K->199228K(397848K), 0.0237730 secs] [Times: user=0.18 sys=0.00, real=0.03 secs] 
341.572: Total time for which application threads were stopped: 0.0239400 seconds, Stopping threads took: 0.0000980 seconds
341.627: Application time: 0.0545160 seconds
341.627: [GC341.627: [ParNew: 123520K->13696K(123520K), 0.0203960 secs] 309052K->212587K(397848K), 0.0204420 secs] [Times: user=0.17 sys=0.00, real=0.02 secs] 
341.648: Total time for which application threads were stopped: 0.0206250 seconds, Stopping threads took: 0.0001160 seconds
341.697: Application time: 0.0497060 seconds
341.697: [GC341.697: [ParNew: 123520K->13696K(123520K), 0.0206870 secs] 322411K->228343K(397848K), 0.0207260 secs] [Times: user=0.17 sys=0.00, real=0.02 secs] 
341.718: Total time for which application threads were stopped: 0.0208890 seconds, Stopping threads took: 0.0000940 seconds
341.770: Application time: 0.0519130 seconds
341.773: [GC341.773: [ParNew: 123519K->13696K(123520K), 0.0216150 secs] 338167K->247079K(397848K), 0.0216610 secs] [Times: user=0.17 sys=0.00, real=0.02 secs] 
341.794: Total time for which application threads were stopped: 0.0242360 seconds, Stopping threads took: 0.0024880 seconds
341.840: Application time: 0.0458730 seconds
341.840: [GC341.840: [ParNew: 123458K->13696K(123520K), 0.0232510 secs] 356841K->268867K(397848K), 0.0232950 secs] [Times: user=0.19 sys=0.00, real=0.03 secs] 
341.864: Total time for which application threads were stopped: 0.0234450 seconds, Stopping threads took: 0.0000810 seconds
341.903: Application time: 0.0396110 seconds
341.903: [GC341.903: [ParNew: 123497K->13696K(123520K), 0.0234130 secs]341.927: [Tenured: 280280K->138752K(280472K), 0.2133120 secs] 378669K->138752K(403992K), [Perm : 9159K->9159K(21248K)], 0.2370410 secs] [Times: user=0.40 sys=0.01, real=0.24 secs] 
342.141: Total time for which application threads were stopped: 0.2371890 seconds, Stopping threads took: 0.0000820 seconds
342.185: Application time: 0.0440280 seconds
342.185: [GC342.185: [ParNew: 109824K->13696K(123520K), 0.0219890 secs] 248576K->171519K(397848K), 0.0220340 secs] [Times: user=0.18 sys=0.00, real=0.02 secs] 
342.207: Total time for which application threads were stopped: 0.0222230 seconds, Stopping threads took: 0.0001080 seconds
342.256: Application time: 0.0489870 seconds
342.256: [GC342.256: [ParNew: 123336K->13696K(123520K), 0.0246630 secs] 281160K->192696K(397848K), 0.0247070 secs] [Times: user=0.20 sys=0.00, real=0.03 secs] 
342.281: Total time for which application threads were stopped: 0.0248770 seconds, Stopping threads took: 0.0001040 seconds
342.324: Application time: 0.0437570 seconds
342.325: [GC342.325: [ParNew: 123520K->13694K(123520K), 0.0240640 secs] 302520K->216105K(397848K), 0.0241090 secs] [Times: user=0.20 sys=0.00, real=0.02 secs] 
342.349: Total time for which application threads were stopped: 0.0242630 seconds, Stopping threads took: 0.0000860 seconds
342.404: Application time: 0.0548700 seconds
342.404: [GC342.404: [ParNew: 123518K->13696K(123520K), 0.0233210 secs] 325929K->232403K(397848K), 0.0233660 secs] [Times: user=0.19 sys=0.00, real=0.02 secs] 
342.427: Total time for which application threads were stopped: 0.0235270 seconds, Stopping threads took: 0.0000960 seconds
342.479: Application time: 0.0514960 seconds
342.479: [GC342.479: [ParNew: 123520K->13696K(123520K), 0.0210820 secs] 342227K->247568K(397848K), 0.0211270 secs] [Times: user=0.16 sys=0.00, real=0.02 secs] 
342.500: Total time for which application threads were stopped: 0.0212960 seconds, Stopping threads took: 0.0001000 seconds
342.555: Application time: 0.0548560 seconds
342.557: [GC342.557: [ParNew: 123520K->13696K(123520K), 0.0211260 secs] 357392K->261939K(397848K), 0.0211700 secs] [Times: user=0.17 sys=0.00, real=0.02 secs] 
342.578: Total time for which application threads were stopped: 0.0231340 seconds, Stopping threads took: 0.0018780 seconds
342.627: Application time: 0.0491540 seconds
342.627: [GC342.627: [ParNew: 123520K->13696K(123520K), 0.0206150 secs] 371763K->278950K(397848K), 0.0206620 secs] [Times: user=0.16 sys=0.00, real=0.02 secs] 
342.648: Total time for which application threads were stopped: 0.0207940 seconds, Stopping threads took: 0.0000610 seconds
342.687: Application time: 0.0390240 seconds
342.689: [GC342.689: [ParNew: 123520K->13696K(123520K), 0.0254940 secs]342.714: [Tenured: 294195K->123611K(294488K), 0.2068070 secs] 388774K->123611K(418008K), [Perm : 9159K->9159K(21248K)], 0.2331030 secs] [Times: user=0.39 sys=0.02, real=0.24 secs] 
342.922: Total time for which application threads were stopped: 0.2349890 seconds, Stopping threads took: 0.0018020 seconds
342.966: Application time: 0.0441450 seconds
342.966: [GC342.966: [ParNew: 109824K->13696K(123520K), 0.0206010 secs] 233435K->153319K(397848K), 0.0206440 secs] [Times: user=0.16 sys=0.00, real=0.02 secs] 
342.987: Total time for which application threads were stopped: 0.0207920 seconds, Stopping threads took: 0.0000830 seconds
343.033: Application time: 0.0458140 seconds
343.036: [GC343.036: [ParNew: 123520K->13696K(123520K), 0.0254520 secs] 263143K->177414K(397848K), 0.0254980 secs] [Times: user=0.20 sys=0.00, real=0.03 secs] 
343.061: Total time for which application threads were stopped: 0.0284630 seconds, Stopping threads took: 0.0028960 seconds
343.107: Application time: 0.0461360 seconds
343.107: [GC343.107: [ParNew: 123520K->13696K(123520K), 0.0236180 secs] 287238K->200014K(397848K), 0.0236630 secs] [Times: user=0.18 sys=0.00, real=0.02 secs] 
343.131: Total time for which application threads were stopped: 0.0238570 seconds, Stopping threads took: 0.0001270 seconds
343.179: Application time: 0.0482890 seconds
343.179: [GC343.179: [ParNew: 123520K->13696K(123520K), 0.0222390 secs] 309838K->219412K(397848K), 0.0222950 secs] [Times: user=0.18 sys=0.00, real=0.03 secs] 
343.202: Total time for which application threads were stopped: 0.0224690 seconds, Stopping threads took: 0.0001070 seconds
343.255: Application time: 0.0527630 seconds
343.255: [GC343.255: [ParNew: 123520K->13696K(123520K), 0.0214900 secs] 329236K->235863K(397848K), 0.0215350 secs] [Times: user=0.16 sys=0.00, real=0.02 secs] 
343.276: Total time for which application threads were stopped: 0.0217110 seconds, Stopping threads took: 0.0000950 seconds
343.327: Application time: 0.0508660 seconds
343.327: [GC343.327: [ParNew: 123520K->13696K(123520K), 0.0218950 secs] 345687K->252007K(397848K), 0.0219400 secs] [Times: user=0.17 sys=0.00, real=0.02 secs] 
343.349: Total time for which application threads were stopped: 0.0221310 seconds, Stopping threads took: 0.0001250 seconds
343.404: Application time: 0.0543150 seconds
343.404: [GC343.404: [ParNew: 123520K->13696K(123520K), 0.0213180 secs] 361831K->268016K(397848K), 0.0213640 secs] [Times: user=0.17 sys=0.00, real=0.02 secs] 
343.425: Total time for which application threads were stopped: 0.0215520 seconds, Stopping threads took: 0.0001220 seconds
343.467: Application time: 0.0417870 seconds
343.467: [GC343.467: [ParNew: 123475K->13696K(123520K), 0.0235410 secs]343.491: [Tenured: 278287K->121761K(278360K), 0.1964780 secs] 377795K->121761K(401880K), [Perm : 9159K->9159K(21248K)], 0.2202670 secs] [Times: user=0.38 sys=0.00, real=0.22 secs] 
343.689: Total time for which application threads were stopped: 0.2219090 seconds, Stopping threads took: 0.0001400 seconds
343.727: Application time: 0.0380440 seconds
343.727: [GC343.727: [ParNew: 109824K->13696K(123520K), 0.0176140 secs] 231585K->151011K(397848K), 0.0176600 secs] [Times: user=0.14 sys=0.00, real=0.02 secs] 
343.745: Total time for which application threads were stopped: 0.0178420 seconds, Stopping threads took: 0.0001110 seconds
343.791: Application time: 0.0463990 seconds
343.791: [GC343.791: [ParNew: 123520K->13696K(123520K), 0.0283200 secs] 260835K->179897K(397848K), 0.0283620 secs] [Times: user=0.22 sys=0.00, real=0.03 secs] 
343.820: Total time for which application threads were stopped: 0.0285540 seconds, Stopping threads took: 0.0000940 seconds
343.867: Application time: 0.0474170 seconds
343.867: [GC343.867: [ParNew: 123520K->13696K(123520K), 0.0243610 secs] 289721K->201059K(397848K), 0.0244070 secs] [Times: user=0.19 sys=0.00, real=0.02 secs] 
343.892: Total time for which application threads were stopped: 0.0245740 seconds, Stopping threads took: 0.0000990 seconds
343.941: Application time: 0.0497570 seconds
343.942: [GC343.942: [ParNew: 123460K->13695K(123520K), 0.0224580 secs] 310823K->220298K(397848K), 0.0225040 secs] [Times: user=0.18 sys=0.00, real=0.02 secs] 
343.964: Total time for which application threads were stopped: 0.0226860 seconds, Stopping threads took: 0.0001140 seconds
344.016: Application time: 0.0518490 seconds
344.016: [GC344.016: [ParNew: 123519K->13694K(123520K), 0.0222810 secs] 330122K->236875K(397848K), 0.0223250 secs] [Times: user=0.18 sys=0.00, real=0.02 secs] 
344.038: Total time for which application threads were stopped: 0.0224770 seconds, Stopping threads took: 0.0000840 seconds
344.092: Application time: 0.0531200 seconds
344.092: [GC344.092: [ParNew: 123518K->13696K(123520K), 0.0206020 secs] 346699K->252680K(397848K), 0.0206480 secs] [Times: user=0.16 sys=0.00, real=0.02 secs] 
344.112: Total time for which application threads were stopped: 0.0207880 seconds, Stopping threads took: 0.0000730 seconds
344.161: Application time: 0.0484040 seconds
344.161: [GC344.161: [ParNew: 123520K->13696K(123520K), 0.0223680 secs] 362504K->271926K(397848K), 0.0224130 secs] [Times: user=0.18 sys=0.00, real=0.02 secs] 
344.183: Total time for which application threads were stopped: 0.0225750 seconds, Stopping threads took: 0.0000940 seconds
344.234: Application time: 0.0510040 seconds
344.234: [GC344.235: [ParNew: 123520K->13696K(123520K), 0.0217810 secs]344.256: [Tenured: 274908K->131387K(275480K), 0.2086670 secs] 381750K->131387K(399000K), [Perm : 9159K->9159K(21248K)], 0.2305610 secs] [Times: user=0.38 sys=0.00, real=0.23 secs] 
344.465: Total time for which application threads were stopped: 0.2307070 seconds, Stopping threads took: 0.0000760 seconds
344.505: Application time: 0.0396650 seconds
344.505: [GC344.505: [ParNew: 109824K->13696K(123520K), 0.0169130 secs] 241211K->160043K(397848K), 0.0169570 secs] [Times: user=0.13 sys=0.00, real=0.02 secs] 
344.522: Total time for which application threads were stopped: 0.0172490 seconds, Stopping threads took: 0.0001910 seconds
344.562: Application time: 0.0403510 seconds
344.563: [GC344.563: [ParNew: 123444K->13696K(123520K), 0.0250990 secs] 269791K->188099K(397848K), 0.0251460 secs] [Times: user=0.20 sys=0.00, real=0.02 secs] 
344.588: Total time for which application threads were stopped: 0.0253540 seconds, Stopping threads took: 0.0001390 seconds
344.635: Application time: 0.0474890 seconds
344.635: [GC344.635: [ParNew: 123520K->13696K(123520K), 0.0270920 secs] 297923K->212421K(397848K), 0.0271380 secs] [Times: user=0.20 sys=0.00, real=0.03 secs] 
344.663: Total time for which application threads were stopped: 0.0273250 seconds, Stopping threads took: 0.0001180 seconds
344.710: Application time: 0.0473790 seconds
344.710: [GC344.710: [ParNew: 123520K->13696K(123520K), 0.0226940 secs] 322245K->232105K(397848K), 0.0227390 secs] [Times: user=0.18 sys=0.00, real=0.03 secs] 
344.733: Total time for which application threads were stopped: 0.0229730 seconds, Stopping threads took: 0.0001470 seconds
344.781: Application time: 0.0483720 seconds
344.781: [GC344.781: [ParNew: 123520K->13696K(123520K), 0.0230790 secs] 341929K->253507K(397848K), 0.0231230 secs] [Times: user=0.18 sys=0.00, real=0.02 secs] 
344.805: Total time for which application threads were stopped: 0.0232590 seconds, Stopping threads took: 0.0000660 seconds
344.858: Application time: 0.0539790 seconds
344.859: [GC344.859: [ParNew: 123520K->13696K(123520K), 0.0211950 secs] 363331K->268539K(397848K), 0.0212380 secs] [Times: user=0.17 sys=0.00, real=0.02 secs] 
344.880: Total time for which application threads were stopped: 0.0214050 seconds, Stopping threads took: 0.0001010 seconds
344.929: Application time: 0.0491400 seconds
344.929: [GC344.929: [ParNew: 123520K->13696K(123520K), 0.0206880 secs] 378363K->284381K(397848K), 0.0207320 secs] [Times: user=0.16 sys=0.00, real=0.02 secs] 
344.950: Total time for which application threads were stopped: 0.0209050 seconds, Stopping threads took: 0.0001050 seconds
344.999: Application time: 0.0486370 seconds
344.999: [GC344.999: [ParNew: 123520K->13696K(123520K), 0.0236170 secs]345.022: [Tenured: 292147K->138380K(292376K), 0.2249470 secs] 394205K->138380K(415896K), [Perm : 9159K->9159K(21248K)], 0.2493000 secs] [Times: user=0.40 sys=0.02, real=0.25 secs] 
345.248: Total time for which application threads were stopped: 0.2494800 seconds, Stopping threads took: 0.0001080 seconds
345.294: Application time: 0.0464290 seconds
345.295: [GC345.295: [ParNew: 109824K->13696K(123520K), 0.0154570 secs] 248204K->161563K(397848K), 0.0155030 secs] [Times: user=0.12 sys=0.00, real=0.01 secs] 
345.310: Total time for which application threads were stopped: 0.0156760 seconds, Stopping threads took: 0.0000930 seconds
345.349: Application time: 0.0391840 seconds
345.350: [GC345.350: [ParNew: 123520K->13696K(123520K), 0.0239880 secs] 271387K->187982K(397848K), 0.0240340 secs] [Times: user=0.19 sys=0.00, real=0.03 secs] 
345.374: Total time for which application threads were stopped: 0.0242120 seconds, Stopping threads took: 0.0001110 seconds
345.423: Application time: 0.0493300 seconds
345.423: [GC345.423: [ParNew: 123520K->13696K(123520K), 0.0279480 secs] 297806K->215521K(397848K), 0.0279930 secs] [Times: user=0.22 sys=0.00, real=0.02 secs] 
345.451: Total time for which application threads were stopped: 0.0281480 seconds, Stopping threads took: 0.0000880 seconds
345.500: Application time: 0.0488930 seconds
345.500: [GC345.500: [ParNew: 123520K->13696K(123520K), 0.0250830 secs] 325345K->235356K(397848K), 0.0251330 secs] [Times: user=0.20 sys=0.00, real=0.03 secs] 
345.525: Total time for which application threads were stopped: 0.0253110 seconds, Stopping threads took: 0.0001080 seconds
345.573: Application time: 0.0480270 seconds
345.573: [GC345.573: [ParNew: 123520K->13695K(123520K), 0.0241120 secs] 345180K->258114K(397848K), 0.0241590 secs] [Times: user=0.19 sys=0.00, real=0.02 secs] 
345.598: Total time for which application threads were stopped: 0.0243210 seconds, Stopping threads took: 0.0000940 seconds
345.649: Application time: 0.0517780 seconds
345.650: [GC345.650: [ParNew: 123519K->13696K(123520K), 0.0230400 secs] 367938K->276070K(397848K), 0.0230830 secs] [Times: user=0.19 sys=0.00, real=0.03 secs] 
345.673: Total time for which application threads were stopped: 0.0232570 seconds, Stopping threads took: 0.0001090 seconds
345.725: Application time: 0.0521120 seconds
345.725: [GC345.725: [ParNew: 123520K->13696K(123520K), 0.0198080 secs]345.745: [Tenured: 276278K->129376K(276824K), 0.2213950 secs] 385894K->129376K(400344K), [Perm : 9159K->9159K(21248K)], 0.2413630 secs] [Times: user=0.37 sys=0.00, real=0.24 secs] 
345.966: Total time for which application threads were stopped: 0.2415000 seconds, Stopping threads took: 0.0000690 seconds
346.013: Application time: 0.0469400 seconds
346.013: [GC346.014: [ParNew: 109796K->13696K(123520K), 0.0149360 secs] 239173K->152000K(397848K), 0.0149790 secs] [Times: user=0.11 sys=0.00, real=0.01 secs] 
346.029: Total time for which application threads were stopped: 0.0152800 seconds, Stopping threads took: 0.0002020 seconds
346.078: Application time: 0.0495860 seconds
346.078: [GC346.078: [ParNew: 123487K->13696K(123520K), 0.0232010 secs] 261791K->173233K(397848K), 0.0232460 secs] [Times: user=0.18 sys=0.00, real=0.03 secs] 
346.102: Total time for which application threads were stopped: 0.0234100 seconds, Stopping threads took: 0.0000990 seconds
346.144: Application time: 0.0427790 seconds
346.144: [GC346.144: [ParNew: 123520K->13696K(123520K), 0.0230170 secs] 283057K->195703K(397848K), 0.0230610 secs] [Times: user=0.18 sys=0.00, real=0.02 secs] 
346.168: Total time for which application threads were stopped: 0.0232350 seconds, Stopping threads took: 0.0000990 seconds
346.210: Application time: 0.0426280 seconds
346.213: [GC346.213: [ParNew: 123520K->13696K(123520K), 0.0241330 secs] 305527K->222182K(397848K), 0.0241790 secs] [Times: user=0.19 sys=0.00, real=0.02 secs] 
346.237: Total time for which application threads were stopped: 0.0265570 seconds, Stopping threads took: 0.0023100 seconds
346.285: Application time: 0.0485710 seconds
346.285: [GC346.285: [ParNew: 123520K->13696K(123520K), 0.0257070 secs] 332006K->246224K(397848K), 0.0257510 secs] [Times: user=0.20 sys=0.00, real=0.02 secs] 
346.311: Total time for which application threads were stopped: 0.0259230 seconds, Stopping threads took: 0.0001070 seconds
346.356: Application time: 0.0449870 seconds
346.356: [GC346.356: [ParNew: 123520K->13696K(123520K), 0.0250200 secs] 356048K->270237K(397848K), 0.0250650 secs] [Times: user=0.20 sys=0.00, real=0.03 secs] 
346.381: Total time for which application threads were stopped: 0.0252080 seconds, Stopping threads took: 0.0000750 seconds
346.431: Application time: 0.0497990 seconds
346.431: [GC346.431: [ParNew: 123520K->13696K(123520K), 0.0239550 secs]346.455: [Tenured: 278138K->154000K(278168K), 0.2557160 secs] 380061K->154000K(401688K), [Perm : 9159K->9159K(21248K)], 0.2799050 secs] [Times: user=0.45 sys=0.00, real=0.28 secs] 
346.711: Total time for which application threads were stopped: 0.2800760 seconds, Stopping threads took: 0.0001040 seconds
346.768: Application time: 0.0571800 seconds
346.769: [GC346.769: [ParNew: 109824K->13691K(123520K), 0.0106600 secs] 263824K->167691K(397848K), 0.0107040 secs] [Times: user=0.09 sys=0.00, real=0.01 secs] 
346.779: Total time for which application threads were stopped: 0.0108870 seconds, Stopping threads took: 0.0001030 seconds
346.831: Application time: 0.0513520 seconds
346.831: [GC346.831: [ParNew: 123515K->13696K(123520K), 0.0193520 secs] 277515K->180772K(397848K), 0.0194050 secs] [Times: user=0.15 sys=0.00, real=0.02 secs] 
346.850: Total time for which application threads were stopped: 0.0196090 seconds, Stopping threads took: 0.0001360 seconds
346.897: Application time: 0.0462690 seconds
346.897: [GC346.897: [ParNew: 123520K->13696K(123520K), 0.0224200 secs] 290596K->202312K(397848K), 0.0224670 secs] [Times: user=0.18 sys=0.00, real=0.02 secs] 
346.919: Total time for which application threads were stopped: 0.0226020 seconds, Stopping threads took: 0.0000680 seconds
346.965: Application time: 0.0453160 seconds
346.965: [GC346.965: [ParNew: 123491K->13696K(123520K), 0.0262220 secs] 312108K->228648K(397848K), 0.0262690 secs] [Times: user=0.21 sys=0.00, real=0.02 secs] 
346.991: Total time for which application threads were stopped: 0.0264580 seconds, Stopping threads took: 0.0001200 seconds
347.035: Application time: 0.0441510 seconds
347.035: [GC347.035: [ParNew: 123520K->13696K(123520K), 0.0255620 secs] 338472K->253758K(397848K), 0.0256080 secs] [Times: user=0.20 sys=0.00, real=0.03 secs] 
347.061: Total time for which application threads were stopped: 0.0257940 seconds, Stopping threads took: 0.0001190 seconds
347.105: Application time: 0.0439430 seconds
347.105: [GC347.105: [ParNew: 123520K->13696K(123520K), 0.0261110 secs] 363582K->280470K(397848K), 0.0261570 secs] [Times: user=0.21 sys=0.00, real=0.02 secs] 
347.131: Total time for which application threads were stopped: 0.0263120 seconds, Stopping threads took: 0.0000870 seconds
347.179: Application time: 0.0473330 seconds
347.179: [GC347.179: [ParNew: 123520K->13696K(123520K), 0.0255010 secs]347.204: [Tenured: 290602K->147468K(290648K), 0.2296320 secs] 390294K->147468K(414168K), [Perm : 9159K->9159K(21248K)], 0.2557490 secs] [Times: user=0.42 sys=0.00, real=0.26 secs] 
347.434: Total time for which application threads were stopped: 0.2559070 seconds, Stopping threads took: 0.0000920 seconds
347.478: Application time: 0.0439370 seconds
347.479: [GC347.479: [ParNew: 109824K->13696K(123520K), 0.0141690 secs] 257292K->169695K(397848K), 0.0142110 secs] [Times: user=0.11 sys=0.00, real=0.02 secs] 
347.493: Total time for which application threads were stopped: 0.0144030 seconds, Stopping threads took: 0.0001110 seconds
347.551: Application time: 0.0583620 seconds
347.551: [GC347.551: [ParNew: 123520K->13696K(123520K), 0.0216620 secs] 279519K->184657K(397848K), 0.0217060 secs] [Times: user=0.17 sys=0.00, real=0.03 secs] 
347.573: Total time for which application threads were stopped: 0.0219130 seconds, Stopping threads took: 0.0001390 seconds
347.628: Application time: 0.0545710 seconds
347.628: [GC347.628: [ParNew: 123520K->13696K(123520K), 0.0195240 secs] 294481K->197994K(397848K), 0.0195690 secs] [Times: user=0.15 sys=0.00, real=0.02 secs] 
347.647: Total time for which application threads were stopped: 0.0197180 seconds, Stopping threads took: 0.0000800 seconds
347.696: Application time: 0.0486530 seconds
347.696: [GC347.696: [ParNew: 123520K->13696K(123520K), 0.0202750 secs] 307818K->214688K(397848K), 0.0203190 secs] [Times: user=0.16 sys=0.00, real=0.02 secs] 
347.717: Total time for which application threads were stopped: 0.0204940 seconds, Stopping threads took: 0.0001080 seconds
347.760: Application time: 0.0432340 seconds
347.760: [GC347.760: [ParNew: 123419K->13696K(123520K), 0.0234520 secs] 324412K->238783K(397848K), 0.0234960 secs] [Times: user=0.19 sys=0.00, real=0.03 secs] 
347.783: Total time for which application threads were stopped: 0.0236780 seconds, Stopping threads took: 0.0001130 seconds
347.826: Application time: 0.0423080 seconds
347.826: [GC347.826: [ParNew: 123520K->13696K(123520K), 0.0254470 secs] 348607K->265467K(397848K), 0.0254910 secs] [Times: user=0.20 sys=0.00, real=0.02 secs] 
347.851: Total time for which application threads were stopped: 0.0256860 seconds, Stopping threads took: 0.0001250 seconds
347.896: Application time: 0.0445550 seconds
347.896: [GC347.896: [ParNew: 123520K->13696K(123520K), 0.0286530 secs]347.925: [Tenured: 281492K->152589K(282008K), 0.2362550 secs] 375291K->152589K(405528K), [Perm : 9159K->9159K(21248K)], 0.2652560 secs] [Times: user=0.46 sys=0.00, real=0.27 secs] 
348.161: Total time for which application threads were stopped: 0.2654160 seconds, Stopping threads took: 0.0000930 seconds
348.213: Application time: 0.0513130 seconds
348.213: [GC348.213: [ParNew: 109824K->13696K(123520K), 0.0174810 secs] 262413K->174433K(397848K), 0.0175230 secs] [Times: user=0.13 sys=0.00, real=0.01 secs] 
348.230: Total time for which application threads were stopped: 0.0176740 seconds, Stopping threads took: 0.0000650 seconds
348.277: Application time: 0.0462620 seconds
348.277: [GC348.277: [ParNew: 123520K->13696K(123520K), 0.0236900 secs] 284257K->195798K(397848K), 0.0237360 secs] [Times: user=0.19 sys=0.00, real=0.03 secs] 
348.301: Total time for which application threads were stopped: 0.0239130 seconds, Stopping threads took: 0.0001100 seconds
348.348: Application time: 0.0478410 seconds
348.349: [GC348.349: [ParNew: 123520K->13696K(123520K), 0.0235450 secs] 305622K->217266K(397848K), 0.0235890 secs] [Times: user=0.19 sys=0.00, real=0.02 secs] 
348.372: Total time for which application threads were stopped: 0.0237810 seconds, Stopping threads took: 0.0001240 seconds
348.431: Application time: 0.0586670 seconds
348.431: [GC348.431: [ParNew: 123520K->13694K(123520K), 0.0202790 secs] 327090K->229978K(397848K), 0.0203230 secs] [Times: user=0.16 sys=0.00, real=0.02 secs] 
348.451: Total time for which application threads were stopped: 0.0205070 seconds, Stopping threads took: 0.0001180 seconds
348.504: Application time: 0.0527500 seconds
348.504: [GC348.504: [ParNew: 123518K->13696K(123520K), 0.0213520 secs] 339802K->243667K(397848K), 0.0213960 secs] [Times: user=0.16 sys=0.00, real=0.02 secs] 
348.526: Total time for which application threads were stopped: 0.0215390 seconds, Stopping threads took: 0.0000730 seconds
348.572: Application time: 0.0468050 seconds
348.573: [GC348.573: [ParNew: 123520K->13696K(123520K), 0.0226970 secs] 353491K->265683K(397848K), 0.0227430 secs] [Times: user=0.18 sys=0.00, real=0.02 secs] 
348.595: Total time for which application threads were stopped: 0.0229190 seconds, Stopping threads took: 0.0001080 seconds
348.637: Application time: 0.0415760 seconds
348.637: [GC348.637: [ParNew: 123520K->13696K(123520K), 0.0250740 secs]348.662: [Tenured: 277639K->126538K(278168K), 0.2116070 secs] 375507K->126538K(401688K), [Perm : 9159K->9159K(21248K)], 0.2369050 secs] [Times: user=0.40 sys=0.00, real=0.24 secs] 
348.877: Total time for which application threads were stopped: 0.2399730 seconds, Stopping threads took: 0.0000590 seconds
348.918: Application time: 0.0414070 seconds
348.918: [GC348.919: [ParNew: 109824K->13696K(123520K), 0.0189750 secs] 236362K->155763K(397848K), 0.0190210 secs] [Times: user=0.15 sys=0.00, real=0.02 secs] 
348.938: Total time for which application threads were stopped: 0.0191770 seconds, Stopping threads took: 0.0000750 seconds
348.983: Application time: 0.0452360 seconds
348.983: [GC348.983: [ParNew: 123520K->13696K(123520K), 0.0269160 secs] 265587K->181520K(397848K), 0.0269620 secs] [Times: user=0.21 sys=0.00, real=0.02 secs] 
349.010: Total time for which application threads were stopped: 0.0271170 seconds, Stopping threads took: 0.0000870 seconds
349.062: Application time: 0.0523570 seconds
349.065: [GC349.065: [ParNew: 123419K->13696K(123520K), 0.0237860 secs] 291244K->201609K(397848K), 0.0238310 secs] [Times: user=0.18 sys=0.00, real=0.02 secs] 
349.088: Total time for which application threads were stopped: 0.0261750 seconds, Stopping threads took: 0.0022710 seconds
349.135: Application time: 0.0462650 seconds
349.135: [GC349.135: [ParNew: 123520K->13696K(123520K), 0.0237320 secs] 311433K->223456K(397848K), 0.0237780 secs] [Times: user=0.19 sys=0.00, real=0.02 secs] 
349.159: Total time for which application threads were stopped: 0.0239630 seconds, Stopping threads took: 0.0001180 seconds
349.215: Application time: 0.0559000 seconds
349.215: [GC349.215: [ParNew: 123520K->13696K(123520K), 0.0225770 secs] 333280K->239375K(397848K), 0.0226290 secs] [Times: user=0.18 sys=0.00, real=0.02 secs] 
349.237: Total time for which application threads were stopped: 0.0228590 seconds, Stopping threads took: 0.0001430 seconds
349.292: Application time: 0.0542520 seconds
349.292: [GC349.292: [ParNew: 123520K->13696K(123520K), 0.0198260 secs] 349199K->252804K(397848K), 0.0198710 secs] [Times: user=0.16 sys=0.00, real=0.02 secs] 
349.312: Total time for which application threads were stopped: 0.0200470 seconds, Stopping threads took: 0.0001090 seconds
349.363: Application time: 0.0516690 seconds
349.364: [GC349.364: [ParNew: 123520K->13696K(123520K), 0.0202660 secs] 362628K->268679K(397848K), 0.0203120 secs] [Times: user=0.16 sys=0.00, real=0.02 secs] 
349.384: Total time for which application threads were stopped: 0.0204650 seconds, Stopping threads took: 0.0000860 seconds
349.424: Application time: 0.0404780 seconds
349.425: [GC349.425: [ParNew: 123520K->13696K(123520K), 0.0248730 secs]349.449: [Tenured: 281812K->133755K(282584K), 0.2036120 secs] 378503K->133755K(406104K), [Perm : 9159K->9159K(21248K)], 0.2288270 secs] [Times: user=0.40 sys=0.00, real=0.23 secs] 
349.653: Total time for which application threads were stopped: 0.2290220 seconds, Stopping threads took: 0.0001100 seconds
349.695: Application time: 0.0413280 seconds
349.695: [GC349.695: [ParNew: 109824K->13696K(123520K), 0.0173330 secs] 243579K->160357K(397848K), 0.0173790 secs] [Times: user=0.14 sys=0.00, real=0.01 secs] 
349.712: Total time for which application threads were stopped: 0.0175580 seconds, Stopping threads took: 0.0001100 seconds
349.755: Application time: 0.0432340 seconds
349.756: [GC349.756: [ParNew: 123520K->13696K(123520K), 0.0282800 secs] 270181K->190054K(397848K), 0.0283260 secs] [Times: user=0.22 sys=0.00, real=0.03 secs] 
349.784: Total time for which application threads were stopped: 0.0285010 seconds, Stopping threads took: 0.0001060 seconds
349.833: Application time: 0.0492600 seconds
349.833: [GC349.833: [ParNew: 123520K->13696K(123520K), 0.0271500 secs] 299878K->212798K(397848K), 0.0271940 secs] [Times: user=0.21 sys=0.00, real=0.03 secs] 
349.861: Total time for which application threads were stopped: 0.0274210 seconds, Stopping threads took: 0.0001400 seconds
349.911: Application time: 0.0498250 seconds
349.911: [GC349.911: [ParNew: 123520K->13696K(123520K), 0.0232450 secs] 322622K->231513K(397848K), 0.0232900 secs] [Times: user=0.18 sys=0.00, real=0.03 secs] 
349.934: Total time for which application threads were stopped: 0.0234170 seconds, Stopping threads took: 0.0000560 seconds
349.983: Application time: 0.0491390 seconds
349.983: [GC349.983: [ParNew: 123520K->13696K(123520K), 0.0218120 secs] 341337K->250362K(397848K), 0.0218570 secs] [Times: user=0.18 sys=0.00, real=0.02 secs] 
350.005: Total time for which application threads were stopped: 0.0222020 seconds, Stopping threads took: 0.0002450 seconds
350.064: Application time: 0.0586690 seconds
350.064: [GC350.064: [ParNew: 123520K->13696K(123520K), 0.0213610 secs] 360186K->263813K(397848K), 0.0214030 secs] [Times: user=0.17 sys=0.00, real=0.02 secs] 
350.086: Total time for which application threads were stopped: 0.0215790 seconds, Stopping threads took: 0.0001110 seconds
350.134: Application time: 0.0487610 seconds
350.134: [GC350.134: [ParNew: 123520K->13696K(123520K), 0.0209000 secs] 373637K->279763K(397848K), 0.0209450 secs] [Times: user=0.16 sys=0.00, real=0.02 secs] 
350.155: Total time for which application threads were stopped: 0.0211340 seconds, Stopping threads took: 0.0001190 seconds
350.205: Application time: 0.0494500 seconds
350.209: [GC350.209: [ParNew: 123370K->13696K(123520K), 0.0227960 secs]350.232: [Tenured: 287434K->125231K(287576K), 0.1891680 secs] 389438K->125231K(411096K), [Perm : 9159K->9159K(21248K)], 0.2125310 secs] [Times: user=0.37 sys=0.00, real=0.22 secs] 
350.421: Total time for which application threads were stopped: 0.2164370 seconds, Stopping threads took: 0.0038150 seconds
350.460: Application time: 0.0388580 seconds
350.460: [GC350.460: [ParNew: 109824K->13696K(123520K), 0.0149790 secs] 235055K->151919K(397848K), 0.0150310 secs] [Times: user=0.12 sys=0.00, real=0.02 secs] 
350.475: Total time for which application threads were stopped: 0.0152010 seconds, Stopping threads took: 0.0001010 seconds
350.523: Application time: 0.0473510 seconds
350.523: [GC350.523: [ParNew: 123520K->13696K(123520K), 0.0279480 secs] 261743K->182441K(397848K), 0.0279920 secs] [Times: user=0.22 sys=0.00, real=0.02 secs] 
350.551: Total time for which application threads were stopped: 0.0282160 seconds, Stopping threads took: 0.0001430 seconds
350.594: Application time: 0.0430110 seconds
350.594: [GC350.594: [ParNew: 123520K->13696K(123520K), 0.0247650 secs] 292265K->204712K(397848K), 0.0248100 secs] [Times: user=0.20 sys=0.00, real=0.02 secs] 
350.619: Total time for which application threads were stopped: 0.0250800 seconds, Stopping threads took: 0.0001820 seconds
350.667: Application time: 0.0477440 seconds
350.667: [GC350.667: [ParNew: 123520K->13694K(123520K), 0.0247770 secs] 314536K->228888K(397848K), 0.0248240 secs] [Times: user=0.20 sys=0.00, real=0.02 secs] 
350.692: Total time for which application threads were stopped: 0.0250750 seconds, Stopping threads took: 0.0001640 seconds
350.744: Application time: 0.0519510 seconds
350.744: [GC350.744: [ParNew: 123518K->13694K(123520K), 0.0235270 secs] 338712K->247325K(397848K), 0.0235740 secs] [Times: user=0.19 sys=0.00, real=0.02 secs] 
350.768: Total time for which application threads were stopped: 0.0237410 seconds, Stopping threads took: 0.0000980 seconds
350.821: Application time: 0.0532270 seconds
350.821: [GC350.821: [ParNew: 123518K->13696K(123520K), 0.0231740 secs] 357149K->263642K(397848K), 0.0232190 secs] [Times: user=0.19 sys=0.00, real=0.02 secs] 
350.844: Total time for which application threads were stopped: 0.0234950 seconds, Stopping threads took: 0.0001890 seconds
350.898: Application time: 0.0539180 seconds
350.899: [GC350.899: [ParNew: 123520K->13696K(123520K), 0.0199130 secs] 373466K->276929K(397848K), 0.0199590 secs] [Times: user=0.16 sys=0.00, real=0.02 secs] 
350.919: Total time for which application threads were stopped: 0.0202880 seconds, Stopping threads took: 0.0002420 seconds
350.972: Application time: 0.0536280 seconds
350.972: [GC350.972: [ParNew: 123520K->13696K(123520K), 0.0211890 secs]350.994: [Tenured: 279049K->132065K(279128K), 0.2077100 secs] 386753K->132065K(402648K), [Perm : 9159K->9159K(21248K)], 0.2291530 secs] [Times: user=0.37 sys=0.00, real=0.24 secs] 
351.201: Total time for which application threads were stopped: 0.2293180 seconds, Stopping threads took: 0.0000990 seconds
351.242: Application time: 0.0405620 seconds
351.242: [GC351.242: [ParNew: 109824K->13696K(123520K), 0.0170940 secs] 241889K->161502K(397848K), 0.0171400 secs] [Times: user=0.14 sys=0.00, real=0.01 secs] 
351.259: Total time for which application threads were stopped: 0.0173150 seconds, Stopping threads took: 0.0000930 seconds
351.301: Application time: 0.0418750 seconds
351.301: [GC351.301: [ParNew: 123520K->13696K(123520K), 0.0257080 secs] 271326K->188949K(397848K), 0.0257530 secs] [Times: user=0.20 sys=0.00, real=0.02 secs] 
351.327: Total time for which application threads were stopped: 0.0259050 seconds, Stopping threads took: 0.0000830 seconds
351.373: Application time: 0.0458390 seconds
351.373: [GC351.373: [ParNew: 123520K->13696K(123520K), 0.0263930 secs] 298773K->215018K(397848K), 0.0264390 secs] [Times: user=0.21 sys=0.00, real=0.02 secs] 
351.400: Total time for which application threads were stopped: 0.0266410 seconds, Stopping threads took: 0.0001350 seconds
351.445: Application time: 0.0455340 seconds
351.449: [GC351.449: [ParNew: 123495K->13696K(123520K), 0.0247150 secs] 324818K->238501K(397848K), 0.0247600 secs] [Times: user=0.20 sys=0.00, real=0.03 secs] 
351.473: Total time for which application threads were stopped: 0.0282970 seconds, Stopping threads took: 0.0034500 seconds
351.527: Application time: 0.0536140 seconds
351.527: [GC351.527: [ParNew: 123520K->13696K(123520K), 0.0241040 secs] 348325K->257602K(397848K), 0.0241530 secs] [Times: user=0.19 sys=0.00, real=0.02 secs] 
351.551: Total time for which application threads were stopped: 0.0243750 seconds, Stopping threads took: 0.0001350 seconds
351.600: Application time: 0.0482480 seconds
351.600: [GC351.600: [ParNew: 123520K->13696K(123520K), 0.0217850 secs] 367426K->275587K(397848K), 0.0218290 secs] [Times: user=0.17 sys=0.00, real=0.03 secs] 
351.622: Total time for which application threads were stopped: 0.0220140 seconds, Stopping threads took: 0.0001180 seconds
351.677: Application time: 0.0549910 seconds
351.677: [GC351.677: [ParNew: 123520K->13696K(123520K), 0.0200160 secs]351.697: [Tenured: 275524K->127736K(275672K), 0.2199310 secs] 385411K->127736K(399192K), [Perm : 9159K->9159K(21248K)], 0.2400740 secs] [Times: user=0.38 sys=0.00, real=0.24 secs] 
351.917: Total time for which application threads were stopped: 0.2402400 seconds, Stopping threads took: 0.0000970 seconds
351.966: Application time: 0.0493230 seconds
351.966: [GC351.966: [ParNew: 109824K->13696K(123520K), 0.0121580 secs] 237560K->145466K(397848K), 0.0122040 secs] [Times: user=0.09 sys=0.00, real=0.01 secs] 
351.979: Total time for which application threads were stopped: 0.0124280 seconds, Stopping threads took: 0.0001430 seconds
352.029: Application time: 0.0498390 seconds
352.029: [GC352.029: [ParNew: 123233K->13696K(123520K), 0.0218930 secs] 255003K->165773K(397848K), 0.0219390 secs] [Times: user=0.17 sys=0.00, real=0.02 secs] 
352.051: Total time for which application threads were stopped: 0.0221920 seconds, Stopping threads took: 0.0001630 seconds
352.089: Application time: 0.0382020 seconds
352.089: [GC352.089: [ParNew: 123358K->13696K(123520K), 0.0237430 secs] 275436K->191967K(397848K), 0.0237890 secs] [Times: user=0.18 sys=0.00, real=0.03 secs] 
352.113: Total time for which application threads were stopped: 0.0239790 seconds, Stopping threads took: 0.0001210 seconds
352.159: Application time: 0.0463730 seconds
352.159: [GC352.159: [ParNew: 123520K->13696K(123520K), 0.0287580 secs] 301791K->223833K(397848K), 0.0288020 secs] [Times: user=0.23 sys=0.00, real=0.03 secs] 
352.188: Total time for which application threads were stopped: 0.0289850 seconds, Stopping threads took: 0.0001170 seconds
352.231: Application time: 0.0432070 seconds
352.233: [GC352.233: [ParNew: 123520K->13696K(123520K), 0.0250590 secs] 333657K->245690K(397848K), 0.0251040 secs] [Times: user=0.20 sys=0.00, real=0.02 secs] 
352.258: Total time for which application threads were stopped: 0.0262200 seconds, Stopping threads took: 0.0010490 seconds
352.309: Application time: 0.0516770 seconds
352.310: [GC352.310: [ParNew: 123520K->13694K(123520K), 0.0250650 secs] 355514K->268432K(397848K), 0.0251120 secs] [Times: user=0.20 sys=0.00, real=0.03 secs] 
352.335: Total time for which application threads were stopped: 0.0253090 seconds, Stopping threads took: 0.0001280 seconds
352.385: Application time: 0.0500270 seconds
352.385: [GC352.385: [ParNew: 123518K->13696K(123520K), 0.0235500 secs]352.408: [Tenured: 274405K->154163K(275864K), 0.2382500 secs] 378256K->154163K(399384K), [Perm : 9159K->9159K(21248K)], 0.2618960 secs] [Times: user=0.42 sys=0.00, real=0.26 secs] 
352.647: Total time for which application threads were stopped: 0.2620670 seconds, Stopping threads took: 0.0001020 seconds
352.701: Application time: 0.0539000 seconds
352.701: [GC352.701: [ParNew: 109824K->13696K(123520K), 0.0136480 secs] 263987K->170603K(397848K), 0.0136910 secs] [Times: user=0.11 sys=0.00, real=0.01 secs] 
352.715: Total time for which application threads were stopped: 0.0139530 seconds, Stopping threads took: 0.0001820 seconds
352.766: Application time: 0.0515510 seconds
352.766: [GC352.766: [ParNew: 123520K->13696K(123520K), 0.0205230 secs] 280427K->186326K(397848K), 0.0205700 secs] [Times: user=0.16 sys=0.00, real=0.02 secs] 
352.787: Total time for which application threads were stopped: 0.0207810 seconds, Stopping threads took: 0.0001430 seconds
352.841: Application time: 0.0542880 seconds
352.841: [GC352.841: [ParNew: 123520K->13696K(123520K), 0.0214130 secs] 296150K->201852K(397848K), 0.0214660 secs] [Times: user=0.17 sys=0.00, real=0.02 secs] 
352.863: Total time for which application threads were stopped: 0.0216470 seconds, Stopping threads took: 0.0001140 seconds
352.902: Application time: 0.0393810 seconds
352.902: [GC352.902: [ParNew: 123520K->13696K(123520K), 0.0241340 secs] 311676K->228284K(397848K), 0.0241790 secs] [Times: user=0.19 sys=0.00, real=0.02 secs] 
352.927: Total time for which application threads were stopped: 0.0243600 seconds, Stopping threads took: 0.0001140 seconds
352.971: Application time: 0.0438660 seconds
352.971: [GC352.971: [ParNew: 123520K->13696K(123520K), 0.0253300 secs] 338108K->255302K(397848K), 0.0253760 secs] [Times: user=0.20 sys=0.00, real=0.03 secs] 
352.996: Total time for which application threads were stopped: 0.0255260 seconds, Stopping threads took: 0.0000830 seconds
353.040: Application time: 0.0437650 seconds
353.040: [GC353.040: [ParNew: 123520K->13696K(123520K), 0.0261240 secs] 365126K->281432K(397848K), 0.0261670 secs] [Times: user=0.21 sys=0.00, real=0.03 secs] 
353.066: Total time for which application threads were stopped: 0.0263260 seconds, Stopping threads took: 0.0000890 seconds
353.112: Application time: 0.0454830 seconds
353.112: [GC353.112: [ParNew: 123520K->13696K(123520K), 0.0246860 secs]353.137: [Tenured: 291446K->156979K(291608K), 0.2406770 secs] 391256K->156979K(415128K), [Perm : 9159K->9159K(21248K)], 0.2660640 secs] [Times: user=0.43 sys=0.00, real=0.27 secs] 
353.378: Total time for which application threads were stopped: 0.2662590 seconds, Stopping threads took: 0.0001240 seconds
353.431: Application time: 0.0532830 seconds
353.431: [GC353.431: [ParNew: 109824K->13696K(123520K), 0.0144130 secs] 266803K->175103K(397848K), 0.0144590 secs] [Times: user=0.11 sys=0.00, real=0.02 secs] 
353.446: Total time for which application threads were stopped: 0.0146450 seconds, Stopping threads took: 0.0001040 seconds
353.496: Application time: 0.0497170 seconds
353.496: [GC353.496: [ParNew: 123520K->13694K(123520K), 0.0227510 secs] 284927K->193298K(397848K), 0.0227970 secs] [Times: user=0.17 sys=0.00, real=0.02 secs] 
353.519: Total time for which application threads were stopped: 0.0229970 seconds, Stopping threads took: 0.0001110 seconds
353.574: Application time: 0.0555300 seconds
353.574: [GC353.574: [ParNew: 123518K->13694K(123520K), 0.0212950 secs] 303122K->207611K(397848K), 0.0213380 secs] [Times: user=0.17 sys=0.00, real=0.02 secs] 
353.596: Total time for which application threads were stopped: 0.0215100 seconds, Stopping threads took: 0.0001050 seconds
353.648: Application time: 0.0525690 seconds
353.648: [GC353.648: [ParNew: 123518K->13696K(123520K), 0.0213890 secs] 317435K->224046K(397848K), 0.0214340 secs] [Times: user=0.17 sys=0.00, real=0.02 secs] 
353.670: Total time for which application threads were stopped: 0.0216180 seconds, Stopping threads took: 0.0001160 seconds
353.716: Application time: 0.0460300 seconds
353.716: [GC353.716: [ParNew: 123520K->13696K(123520K), 0.0242460 secs] 333870K->249034K(397848K), 0.0242910 secs] [Times: user=0.19 sys=0.00, real=0.02 secs] 
353.740: Total time for which application threads were stopped: 0.0244440 seconds, Stopping threads took: 0.0000830 seconds
353.780: Application time: 0.0400080 seconds
353.781: [GC353.781: [ParNew: 123520K->13696K(123520K), 0.0234910 secs] 358858K->274912K(397848K), 0.0235370 secs] [Times: user=0.18 sys=0.00, real=0.02 secs] 
353.804: Total time for which application threads were stopped: 0.0237760 seconds, Stopping threads took: 0.0001720 seconds
353.853: Application time: 0.0486350 seconds
353.853: [GC353.853: [ParNew: 123520K->13696K(123520K), 0.0272670 secs]353.880: [Tenured: 288488K->147560K(288580K), 0.2241760 secs] 384736K->147560K(412100K), [Perm : 9159K->9159K(21248K)], 0.2520050 secs] [Times: user=0.44 sys=0.01, real=0.25 secs] 
354.105: Total time for which application threads were stopped: 0.2521580 seconds, Stopping threads took: 0.0000760 seconds
354.150: Application time: 0.0448960 seconds
354.150: [GC354.150: [ParNew: 109824K->13696K(123520K), 0.0146050 secs] 257384K->169527K(397848K), 0.0146530 secs] [Times: user=0.11 sys=0.00, real=0.02 secs] 
354.165: Total time for which application threads were stopped: 0.0149080 seconds, Stopping threads took: 0.0001500 seconds
354.218: Application time: 0.0528520 seconds
354.218: [GC354.218: [ParNew: 123520K->13696K(123520K), 0.0247360 secs] 279351K->192228K(397848K), 0.0247790 secs] [Times: user=0.20 sys=0.00, real=0.03 secs] 
354.242: Total time for which application threads were stopped: 0.0249250 seconds, Stopping threads took: 0.0000790 seconds
354.293: Application time: 0.0507850 seconds
354.293: [GC354.293: [ParNew: 123520K->13696K(123520K), 0.0222150 secs] 302052K->208536K(397848K), 0.0222600 secs] [Times: user=0.18 sys=0.00, real=0.02 secs] 
354.316: Total time for which application threads were stopped: 0.0224350 seconds, Stopping threads took: 0.0001080 seconds
354.367: Application time: 0.0514510 seconds
354.367: [GC354.367: [ParNew: 123520K->13696K(123520K), 0.0206910 secs] 318360K->224540K(397848K), 0.0207370 secs] [Times: user=0.16 sys=0.00, real=0.02 secs] 
354.388: Total time for which application threads were stopped: 0.0209260 seconds, Stopping threads took: 0.0001220 seconds
354.437: Application time: 0.0489880 seconds
354.437: [GC354.437: [ParNew: 123520K->13696K(123520K), 0.0231760 secs] 334364K->245315K(397848K), 0.0232170 secs] [Times: user=0.19 sys=0.00, real=0.03 secs] 
354.461: Total time for which application threads were stopped: 0.0234430 seconds, Stopping threads took: 0.0001570 seconds
354.515: Application time: 0.0546250 seconds
354.517: [GC354.517: [ParNew: 123520K->13696K(123520K), 0.0219590 secs] 355139K->260456K(397848K), 0.0220040 secs] [Times: user=0.17 sys=0.00, real=0.02 secs] 
354.539: Total time for which application threads were stopped: 0.0234130 seconds, Stopping threads took: 0.0013430 seconds
354.578: Application time: 0.0391750 seconds
354.578: [GC354.578: [ParNew: 123507K->13696K(123520K), 0.0249530 secs] 370267K->287452K(397848K), 0.0249990 secs] [Times: user=0.19 sys=0.00, real=0.03 secs] 
354.603: Total time for which application threads were stopped: 0.0252160 seconds, Stopping threads took: 0.0001490 seconds
354.649: Application time: 0.0459980 seconds
354.649: [GC354.649: [ParNew: 123520K->13696K(123520K), 0.0271190 secs]354.676: [Tenured: 302316K->136080K(302552K), 0.2308290 secs] 397276K->136080K(426072K), [Perm : 9159K->9159K(21248K)], 0.2588870 secs] [Times: user=0.43 sys=0.01, real=0.26 secs] 
354.908: Total time for which application threads were stopped: 0.2590440 seconds, Stopping threads took: 0.0000900 seconds
354.950: Application time: 0.0423820 seconds
354.951: [GC354.951: [ParNew: 109824K->13696K(123520K), 0.0153070 secs] 245904K->161111K(397848K), 0.0153520 secs] [Times: user=0.12 sys=0.00, real=0.02 secs] 
354.966: Total time for which application threads were stopped: 0.0155280 seconds, Stopping threads took: 0.0000930 seconds
355.018: Application time: 0.0518740 seconds
355.019: [GC355.019: [ParNew: 123520K->13696K(123520K), 0.0234570 secs] 270935K->180471K(397848K), 0.0235010 secs] [Times: user=0.19 sys=0.00, real=0.03 secs] 
355.043: Total time for which application threads were stopped: 0.0250650 seconds, Stopping threads took: 0.0014760 seconds
355.094: Application time: 0.0511550 seconds
355.094: [GC355.094: [ParNew: 123520K->13696K(123520K), 0.0214330 secs] 290295K->196967K(397848K), 0.0214810 secs] [Times: user=0.17 sys=0.00, real=0.02 secs] 
355.116: Total time for which application threads were stopped: 0.0216790 seconds, Stopping threads took: 0.0001280 seconds
355.167: Application time: 0.0515050 seconds
355.167: [GC355.167: [ParNew: 123520K->13695K(123520K), 0.0221610 secs] 306791K->216665K(397848K), 0.0222060 secs] [Times: user=0.17 sys=0.00, real=0.02 secs] 
355.190: Total time for which application threads were stopped: 0.0223790 seconds, Stopping threads took: 0.0001070 seconds
355.238: Application time: 0.0480180 seconds
355.241: [GC355.241: [ParNew: 123519K->13696K(123520K), 0.0229240 secs] 326489K->236341K(397848K), 0.0229780 secs] [Times: user=0.18 sys=0.00, real=0.02 secs] 
355.264: Total time for which application threads were stopped: 0.0259440 seconds, Stopping threads took: 0.0028950 seconds
355.318: Application time: 0.0544410 seconds
355.318: [GC355.318: [ParNew: 123520K->13696K(123520K), 0.0229220 secs] 346165K->253481K(397848K), 0.0229670 secs] [Times: user=0.18 sys=0.00, real=0.03 secs] 
355.341: Total time for which application threads were stopped: 0.0231950 seconds, Stopping threads took: 0.0001390 seconds
355.386: Application time: 0.0449580 seconds
355.386: [GC355.386: [ParNew: 123520K->13696K(123520K), 0.0224260 secs] 363305K->274922K(397848K), 0.0224700 secs] [Times: user=0.18 sys=0.00, real=0.02 secs] 
355.409: Total time for which application threads were stopped: 0.0226120 seconds, Stopping threads took: 0.0000740 seconds
355.448: Application time: 0.0396970 seconds
355.449: [GC355.449: [ParNew: 123520K->13696K(123520K), 0.0239700 secs]355.473: [Tenured: 287472K->146038K(287576K), 0.2281070 secs] 384746K->146038K(411096K), [Perm : 9159K->9159K(21248K)], 0.2525970 secs] [Times: user=0.41 sys=0.01, real=0.26 secs] 
355.701: Total time for which application threads were stopped: 0.2527620 seconds, Stopping threads took: 0.0000970 seconds
355.748: Application time: 0.0465270 seconds
355.748: [GC355.748: [ParNew: 109824K->13696K(123520K), 0.0199600 secs] 255862K->175292K(397848K), 0.0200050 secs] [Times: user=0.15 sys=0.00, real=0.02 secs] 
355.768: Total time for which application threads were stopped: 0.0201630 seconds, Stopping threads took: 0.0000760 seconds
355.813: Application time: 0.0455390 seconds
355.814: [GC355.814: [ParNew: 123520K->13696K(123520K), 0.0243050 secs] 285116K->196653K(397848K), 0.0243500 secs] [Times: user=0.19 sys=0.00, real=0.02 secs] 
355.838: Total time for which application threads were stopped: 0.0245230 seconds, Stopping threads took: 0.0001050 seconds
355.893: Application time: 0.0552880 seconds
355.897: [GC355.897: [ParNew: 123520K->13696K(123520K), 0.0232560 secs] 306477K->214603K(397848K), 0.0233030 secs] [Times: user=0.18 sys=0.00, real=0.02 secs] 
355.920: Total time for which application threads were stopped: 0.0266980 seconds, Stopping threads took: 0.0033060 seconds
355.969: Application time: 0.0489820 seconds
355.969: [GC355.969: [ParNew: 123520K->13696K(123520K), 0.0217900 secs] 324427K->232881K(397848K), 0.0218350 secs] [Times: user=0.17 sys=0.00, real=0.02 secs] 
355.991: Total time for which application threads were stopped: 0.0220150 seconds, Stopping threads took: 0.0000930 seconds
356.041: Application time: 0.0501070 seconds
356.045: [GC356.045: [ParNew: 123520K->13696K(123520K), 0.0228390 secs] 342705K->253274K(397848K), 0.0228850 secs] [Times: user=0.18 sys=0.00, real=0.02 secs] 
356.067: Total time for which application threads were stopped: 0.0263750 seconds, Stopping threads took: 0.0034120 seconds
356.116: Application time: 0.0482920 seconds
356.116: [GC356.116: [ParNew: 123520K->13696K(123520K), 0.0221720 secs] 363098K->271878K(397848K), 0.0222170 secs] [Times: user=0.18 sys=0.00, real=0.02 secs] 
356.138: Total time for which application threads were stopped: 0.0224070 seconds, Stopping threads took: 0.0001230 seconds
356.193: Application time: 0.0548950 seconds
356.193: [GC356.193: [ParNew: 123520K->13696K(123520K), 0.0218780 secs]356.215: [Tenured: 274644K->132566K(275864K), 0.2032230 secs] 381702K->132566K(399384K), [Perm : 9159K->9159K(21248K)], 0.2251930 secs] [Times: user=0.37 sys=0.00, real=0.22 secs] 
356.418: Total time for which application threads were stopped: 0.2253520 seconds, Stopping threads took: 0.0000920 seconds
356.457: Application time: 0.0388970 seconds
356.457: [GC356.457: [ParNew: 109824K->13696K(123520K), 0.0148760 secs] 242390K->158550K(397848K), 0.0149220 secs] [Times: user=0.12 sys=0.00, real=0.01 secs] 
356.472: Total time for which application threads were stopped: 0.0151240 seconds, Stopping threads took: 0.0001140 seconds
356.516: Application time: 0.0440370 seconds
356.517: [GC356.517: [ParNew: 123520K->13696K(123520K), 0.0259930 secs] 268374K->187799K(397848K), 0.0260480 secs] [Times: user=0.21 sys=0.00, real=0.03 secs] 
356.543: Total time for which application threads were stopped: 0.0262780 seconds, Stopping threads took: 0.0001420 seconds
356.587: Application time: 0.0437970 seconds
356.589: [GC356.589: [ParNew: 123520K->13696K(123520K), 0.0267960 secs] 297623K->213896K(397848K), 0.0268420 secs] [Times: user=0.22 sys=0.00, real=0.03 secs] 
356.615: Total time for which application threads were stopped: 0.0288770 seconds, Stopping threads took: 0.0019670 seconds
356.671: Application time: 0.0555860 seconds
356.671: [GC356.671: [ParNew: 123520K->13695K(123520K), 0.0241480 secs] 323720K->231439K(397848K), 0.0241930 secs] [Times: user=0.19 sys=0.00, real=0.03 secs] 
356.695: Total time for which application threads were stopped: 0.0243260 seconds, Stopping threads took: 0.0000660 seconds
356.747: Application time: 0.0513710 seconds
356.747: [GC356.747: [ParNew: 123519K->13696K(123520K), 0.0211140 secs] 341263K->247406K(397848K), 0.0211580 secs] [Times: user=0.17 sys=0.00, real=0.02 secs] 
356.768: Total time for which application threads were stopped: 0.0213480 seconds, Stopping threads took: 0.0001220 seconds
356.816: Application time: 0.0478390 seconds
356.816: [GC356.816: [ParNew: 123520K->13694K(123520K), 0.0228520 secs] 357230K->269370K(397848K), 0.0228970 secs] [Times: user=0.18 sys=0.00, real=0.02 secs] 
356.839: Total time for which application threads were stopped: 0.0231090 seconds, Stopping threads took: 0.0001230 seconds
356.890: Application time: 0.0505940 seconds
356.890: [GC356.890: [ParNew: 123518K->13696K(123520K), 0.0215930 secs] 379194K->286139K(397848K), 0.0216390 secs] [Times: user=0.18 sys=0.00, real=0.02 secs] 
356.911: Total time for which application threads were stopped: 0.0218240 seconds, Stopping threads took: 0.0001150 seconds
356.962: Application time: 0.0510200 seconds
356.963: [GC356.963: [ParNew: 123520K->13696K(123520K), 0.0220410 secs]356.985: [Tenured: 288938K->135336K(289496K), 0.2119590 secs] 395963K->135336K(413016K), [Perm : 9159K->9159K(21248K)], 0.2345600 secs] [Times: user=0.39 sys=0.00, real=0.23 secs] 
357.197: Total time for which application threads were stopped: 0.2348010 seconds, Stopping threads took: 0.0001380 seconds
357.242: Application time: 0.0447760 seconds
357.242: [GC357.242: [ParNew: 109824K->13696K(123520K), 0.0155120 secs] 245160K->161069K(397848K), 0.0155570 secs] [Times: user=0.12 sys=0.00, real=0.01 secs] 
357.258: Total time for which application threads were stopped: 0.0157300 seconds, Stopping threads took: 0.0001050 seconds
357.299: Application time: 0.0408800 seconds
357.299: [GC357.299: [ParNew: 123520K->13696K(123520K), 0.0248960 secs] 270893K->188556K(397848K), 0.0249400 secs] [Times: user=0.19 sys=0.00, real=0.03 secs] 
357.324: Total time for which application threads were stopped: 0.0251170 seconds, Stopping threads took: 0.0001090 seconds
357.366: Application time: 0.0418900 seconds
357.366: [GC357.366: [ParNew: 123520K->13696K(123520K), 0.0265420 secs] 298380K->216640K(397848K), 0.0265860 secs] [Times: user=0.21 sys=0.00, real=0.02 secs] 
357.392: Total time for which application threads were stopped: 0.0267660 seconds, Stopping threads took: 0.0001010 seconds
357.444: Application time: 0.0511470 seconds
357.445: [GC357.445: [ParNew: 123520K->13696K(123520K), 0.0260160 secs] 326464K->239141K(397848K), 0.0260600 secs] [Times: user=0.19 sys=0.00, real=0.02 secs] 
357.471: Total time for which application threads were stopped: 0.0270480 seconds, Stopping threads took: 0.0009220 seconds
357.528: Application time: 0.0569230 seconds
357.528: [GC357.528: [ParNew: 123520K->13696K(123520K), 0.0205720 secs] 348965K->252738K(397848K), 0.0206160 secs] [Times: user=0.16 sys=0.00, real=0.02 secs] 
357.548: Total time for which application threads were stopped: 0.0207650 seconds, Stopping threads took: 0.0000720 seconds
357.599: Application time: 0.0509810 seconds
357.601: [GC357.601: [ParNew: 123520K->13696K(123520K), 0.0196480 secs] 362562K->267245K(397848K), 0.0197020 secs] [Times: user=0.16 sys=0.01, real=0.01 secs] 
357.620: Total time for which application threads were stopped: 0.0209180 seconds, Stopping threads took: 0.0011470 seconds
357.670: Application time: 0.0496810 seconds
357.670: [GC357.670: [ParNew: 123520K->13696K(123520K), 0.0230160 secs]357.693: [Tenured: 274716K->131580K(275864K), 0.2256730 secs] 377069K->131580K(399384K), [Perm : 9159K->9159K(21248K)], 0.2487860 secs] [Times: user=0.41 sys=0.00, real=0.25 secs] 
357.919: Total time for which application threads were stopped: 0.2489320 seconds, Stopping threads took: 0.0000770 seconds
357.968: Application time: 0.0490590 seconds
357.968: [GC357.968: [ParNew: 109824K->13696K(123520K), 0.0142330 secs] 241404K->151634K(397848K), 0.0142780 secs] [Times: user=0.11 sys=0.00, real=0.02 secs] 
357.982: Total time for which application threads were stopped: 0.0144530 seconds, Stopping threads took: 0.0001060 seconds
358.029: Application time: 0.0465690 seconds
358.029: [GC358.029: [ParNew: 123520K->13696K(123520K), 0.0231140 secs] 261458K->173715K(397848K), 0.0231600 secs] [Times: user=0.18 sys=0.00, real=0.02 secs] 
358.052: Total time for which application threads were stopped: 0.0233660 seconds, Stopping threads took: 0.0001240 seconds
358.093: Application time: 0.0405970 seconds
358.093: [GC358.093: [ParNew: 123444K->13696K(123520K), 0.0253870 secs] 283463K->201784K(397848K), 0.0254330 secs] [Times: user=0.20 sys=0.00, real=0.02 secs] 
358.119: Total time for which application threads were stopped: 0.0256190 seconds, Stopping threads took: 0.0001200 seconds
358.161: Application time: 0.0420340 seconds
358.161: [GC358.161: [ParNew: 123520K->13696K(123520K), 0.0263490 secs] 311608K->230253K(397848K), 0.0263920 secs] [Times: user=0.21 sys=0.00, real=0.02 secs] 
358.187: Total time for which application threads were stopped: 0.0265490 seconds, Stopping threads took: 0.0000880 seconds
358.234: Application time: 0.0465400 seconds
358.234: [GC358.234: [ParNew: 123520K->13696K(123520K), 0.0258860 secs] 340077K->254631K(397848K), 0.0259280 secs] [Times: user=0.21 sys=0.00, real=0.02 secs] 
358.260: Total time for which application threads were stopped: 0.0260590 seconds, Stopping threads took: 0.0000630 seconds
358.315: Application time: 0.0555130 seconds
358.315: [GC358.315: [ParNew: 123520K->13696K(123520K), 0.0216490 secs] 364455K->269088K(397848K), 0.0216920 secs] [Times: user=0.17 sys=0.00, real=0.02 secs] 
358.337: Total time for which application threads were stopped: 0.0218780 seconds, Stopping threads took: 0.0001200 seconds
358.388: Application time: 0.0511890 seconds
358.388: [GC358.388: [ParNew: 123520K->13696K(123520K), 0.0206700 secs] 378912K->284599K(397848K), 0.0207190 secs] [Times: user=0.16 sys=0.00, real=0.02 secs] 
358.409: Total time for which application threads were stopped: 0.0208970 seconds, Stopping threads took: 0.0000980 seconds
358.459: Application time: 0.0501140 seconds
358.459: [GC358.459: [ParNew: 123520K->13696K(123520K), 0.0219860 secs]358.481: [Tenured: 290900K->143842K(291224K), 0.2358020 secs] 394423K->143842K(414744K), [Perm : 9159K->9159K(21248K)], 0.2584060 secs] [Times: user=0.41 sys=0.01, real=0.26 secs] 
358.718: Total time for which application threads were stopped: 0.2585440 seconds, Stopping threads took: 0.0000700 seconds
358.772: Application time: 0.0537840 seconds
358.772: [GC358.772: [ParNew: 109824K->13696K(123520K), 0.0135390 secs] 253666K->159809K(397848K), 0.0135840 secs] [Times: user=0.10 sys=0.00, real=0.02 secs] 
358.785: Total time for which application threads were stopped: 0.0137650 seconds, Stopping threads took: 0.0001010 seconds
358.836: Application time: 0.0501910 seconds
358.836: [GC358.836: [ParNew: 123520K->13696K(123520K), 0.0213520 secs] 269633K->177434K(397848K), 0.0213970 secs] [Times: user=0.17 sys=0.00, real=0.02 secs] 
358.857: Total time for which application threads were stopped: 0.0215580 seconds, Stopping threads took: 0.0000950 seconds
358.899: Application time: 0.0422310 seconds
358.900: [GC358.900: [ParNew: 123388K->13696K(123520K), 0.0248740 secs] 287127K->205762K(397848K), 0.0249270 secs] [Times: user=0.20 sys=0.00, real=0.03 secs] 
358.925: Total time for which application threads were stopped: 0.0252050 seconds, Stopping threads took: 0.0002090 seconds
358.962: Application time: 0.0372000 seconds
358.965: [GC358.965: [ParNew: 123520K->13694K(123520K), 0.0253150 secs] 315586K->235285K(397848K), 0.0253590 secs] [Times: user=0.20 sys=0.00, real=0.02 secs] 
358.990: Total time for which application threads were stopped: 0.0280960 seconds, Stopping threads took: 0.0026690 seconds
359.040: Application time: 0.0497800 seconds
359.040: [GC359.040: [ParNew: 123518K->13694K(123520K), 0.0285030 secs] 345109K->262750K(397848K), 0.0285450 secs] [Times: user=0.23 sys=0.00, real=0.03 secs] 
359.068: Total time for which application threads were stopped: 0.0286920 seconds, Stopping threads took: 0.0000810 seconds
359.118: Application time: 0.0493480 seconds
359.118: [GC359.118: [ParNew: 123518K->13696K(123520K), 0.0239390 secs] 372574K->282736K(397848K), 0.0239830 secs] [Times: user=0.19 sys=0.00, real=0.03 secs] 
359.142: Total time for which application threads were stopped: 0.0241330 seconds, Stopping threads took: 0.0000840 seconds
359.196: Application time: 0.0538720 seconds
359.196: [GC359.196: [ParNew: 123520K->13696K(123520K), 0.0204740 secs]359.216: [Tenured: 284399K->146587K(284696K), 0.2323750 secs] 392560K->146587K(408216K), [Perm : 9159K->9159K(21248K)], 0.2533060 secs] [Times: user=0.40 sys=0.00, real=0.25 secs] 
359.449: Total time for which application threads were stopped: 0.2534430 seconds, Stopping threads took: 0.0000660 seconds
359.497: Application time: 0.0476460 seconds
359.497: [GC359.497: [ParNew: 109824K->13696K(123520K), 0.0151900 secs] 256411K->167388K(397848K), 0.0152310 secs] [Times: user=0.11 sys=0.00, real=0.01 secs] 
359.512: Total time for which application threads were stopped: 0.0154540 seconds, Stopping threads took: 0.0001250 seconds
359.564: Application time: 0.0519810 seconds
359.564: [GC359.564: [ParNew: 123520K->13696K(123520K), 0.0223880 secs] 277212K->185078K(397848K), 0.0224320 secs] [Times: user=0.17 sys=0.00, real=0.02 secs] 
359.587: Total time for which application threads were stopped: 0.0225550 seconds, Stopping threads took: 0.0000510 seconds
359.640: Application time: 0.0529470 seconds
359.640: [GC359.640: [ParNew: 123520K->13696K(123520K), 0.0197350 secs] 294902K->198950K(397848K), 0.0197810 secs] [Times: user=0.15 sys=0.00, real=0.02 secs] 
359.660: Total time for which application threads were stopped: 0.0199380 seconds, Stopping threads took: 0.0000900 seconds
359.702: Application time: 0.0420930 seconds
359.705: [GC359.705: [ParNew: 123520K->13696K(123520K), 0.0225300 secs] 308774K->222396K(397848K), 0.0225750 secs] [Times: user=0.17 sys=0.00, real=0.02 secs] 
359.727: Total time for which application threads were stopped: 0.0253920 seconds, Stopping threads took: 0.0027490 seconds
359.770: Application time: 0.0432540 seconds
359.771: [GC359.771: [ParNew: 123520K->13696K(123520K), 0.0261000 secs] 332220K->251395K(397848K), 0.0261440 secs] [Times: user=0.21 sys=0.00, real=0.03 secs] 
359.797: Total time for which application threads were stopped: 0.0263160 seconds, Stopping threads took: 0.0001040 seconds
359.839: Application time: 0.0418880 seconds
359.839: [GC359.839: [ParNew: 123520K->13696K(123520K), 0.0264610 secs] 361219K->279084K(397848K), 0.0265070 secs] [Times: user=0.21 sys=0.00, real=0.03 secs] 
359.865: Total time for which application threads were stopped: 0.0266670 seconds, Stopping threads took: 0.0000930 seconds
359.910: Application time: 0.0447610 seconds
359.910: [GC359.910: [ParNew: 123520K->13696K(123520K), 0.0268830 secs]359.937: [Tenured: 290804K->163415K(291224K), 0.2570620 secs] 388908K->163415K(414744K), [Perm : 9159K->9159K(21248K)], 0.2846440 secs] [Times: user=0.47 sys=0.00, real=0.29 secs] 
360.195: Total time for which application threads were stopped: 0.2847980 seconds, Stopping threads took: 0.0000820 seconds
360.253: Application time: 0.0583310 seconds
360.253: [GC360.253: [ParNew: 109824K->13696K(123520K), 0.0141380 secs] 273239K->178689K(397848K), 0.0141920 secs] [Times: user=0.12 sys=0.00, real=0.01 secs] 
360.268: Total time for which application threads were stopped: 0.0143790 seconds, Stopping threads took: 0.0001110 seconds
360.319: Application time: 0.0515970 seconds
360.319: [GC360.319: [ParNew: 123520K->13696K(123520K), 0.0207950 secs] 288513K->193504K(397848K), 0.0208410 secs] [Times: user=0.16 sys=0.00, real=0.02 secs] 
360.340: Total time for which application threads were stopped: 0.0210100 seconds, Stopping threads took: 0.0001000 seconds
360.388: Application time: 0.0473180 seconds
360.388: [GC360.388: [ParNew: 123520K->13696K(123520K), 0.0222450 secs] 303328K->214673K(397848K), 0.0222900 secs] [Times: user=0.18 sys=0.00, real=0.02 secs] 
360.410: Total time for which application threads were stopped: 0.0224280 seconds, Stopping threads took: 0.0000700 seconds
360.465: Application time: 0.0554380 seconds
360.466: [GC360.466: [ParNew: 123520K->13696K(123520K), 0.0222810 secs] 324497K->229715K(397848K), 0.0223270 secs] [Times: user=0.18 sys=0.00, real=0.02 secs] 
360.488: Total time for which application threads were stopped: 0.0226090 seconds, Stopping threads took: 0.0001950 seconds
360.534: Application time: 0.0458650 seconds
360.534: [GC360.534: [ParNew: 123451K->13696K(123520K), 0.0224250 secs] 339471K->250457K(397848K), 0.0224690 secs] [Times: user=0.16 sys=0.00, real=0.02 secs] 
360.557: Total time for which application threads were stopped: 0.0226690 seconds, Stopping threads took: 0.0001180 seconds
360.596: Application time: 0.0395330 seconds
360.596: [GC360.596: [ParNew: 123520K->13696K(123520K), 0.0246350 secs] 360281K->279558K(397848K), 0.0246810 secs] [Times: user=0.19 sys=0.00, real=0.03 secs] 
360.621: Total time for which application threads were stopped: 0.0248360 seconds, Stopping threads took: 0.0000890 seconds
360.664: Application time: 0.0430520 seconds
360.664: [GC360.664: [ParNew: 123520K->13696K(123520K), 0.0271630 secs]360.691: [Tenured: 293779K->137099K(294104K), 0.2287030 secs] 389382K->137099K(417624K), [Perm : 9159K->9159K(21248K)], 0.2566660 secs] [Times: user=0.43 sys=0.01, real=0.26 secs] 
360.921: Total time for which application threads were stopped: 0.2568510 seconds, Stopping threads took: 0.0001120 seconds
360.964: Application time: 0.0430850 seconds
360.964: [GC360.964: [ParNew: 109586K->13696K(123520K), 0.0167190 secs] 246686K->163253K(397848K), 0.0167640 secs] [Times: user=0.14 sys=0.00, real=0.02 secs] 
360.981: Total time for which application threads were stopped: 0.0169630 seconds, Stopping threads took: 0.0001170 seconds
361.032: Application time: 0.0515780 seconds
361.033: [GC361.033: [ParNew: 123520K->13696K(123520K), 0.0246010 secs] 273077K->183029K(397848K), 0.0246450 secs] [Times: user=0.19 sys=0.00, real=0.02 secs] 
361.057: Total time for which application threads were stopped: 0.0248190 seconds, Stopping threads took: 0.0001080 seconds
361.114: Application time: 0.0564970 seconds
361.114: [GC361.114: [ParNew: 123520K->13684K(123520K), 0.0193400 secs] 292853K->195952K(397848K), 0.0193830 secs] [Times: user=0.16 sys=0.00, real=0.02 secs] 
361.133: Total time for which application threads were stopped: 0.0195570 seconds, Stopping threads took: 0.0001070 seconds
361.181: Application time: 0.0480230 seconds
361.182: [GC361.182: [ParNew: 123477K->13696K(123520K), 0.0192600 secs] 305745K->209705K(397848K), 0.0193050 secs] [Times: user=0.15 sys=0.00, real=0.02 secs] 
361.201: Total time for which application threads were stopped: 0.0194670 seconds, Stopping threads took: 0.0000940 seconds
361.250: Application time: 0.0488750 seconds
361.250: [GC361.250: [ParNew: 123520K->13696K(123520K), 0.0235810 secs] 319529K->231619K(397848K), 0.0236250 secs] [Times: user=0.18 sys=0.00, real=0.03 secs] 
361.274: Total time for which application threads were stopped: 0.0238440 seconds, Stopping threads took: 0.0001300 seconds
361.325: Application time: 0.0516490 seconds
361.325: [GC361.325: [ParNew: 123520K->13696K(123520K), 0.0238190 secs] 341443K->250999K(397848K), 0.0238750 secs] [Times: user=0.19 sys=0.00, real=0.02 secs] 
361.349: Total time for which application threads were stopped: 0.0240510 seconds, Stopping threads took: 0.0001070 seconds
361.389: Application time: 0.0393230 seconds
361.389: [GC361.389: [ParNew: 123520K->13696K(123520K), 0.0238820 secs] 360823K->276881K(397848K), 0.0239260 secs] [Times: user=0.18 sys=0.01, real=0.03 secs] 
361.413: Total time for which application threads were stopped: 0.0240700 seconds, Stopping threads took: 0.0000760 seconds
361.456: Application time: 0.0432420 seconds
361.456: [GC361.456: [ParNew: 123520K->13696K(123520K), 0.0282050 secs]361.484: [Tenured: 294470K->142006K(294488K), 0.2292290 secs] 386705K->142006K(418008K), [Perm : 9159K->9159K(21248K)], 0.2581740 secs] [Times: user=0.44 sys=0.02, real=0.26 secs] 
361.714: Total time for which application threads were stopped: 0.2583250 seconds, Stopping threads took: 0.0000830 seconds
361.759: Application time: 0.0451810 seconds
361.760: [GC361.760: [ParNew: 109824K->13696K(123520K), 0.0166160 secs] 251830K->166536K(397848K), 0.0166620 secs] [Times: user=0.13 sys=0.00, real=0.02 secs] 
361.776: Total time for which application threads were stopped: 0.0168050 seconds, Stopping threads took: 0.0000640 seconds
361.823: Application time: 0.0470250 seconds
361.823: [GC361.823: [ParNew: 123520K->13696K(123520K), 0.0244060 secs] 276360K->189194K(397848K), 0.0244510 secs] [Times: user=0.19 sys=0.00, real=0.02 secs] 
361.848: Total time for which application threads were stopped: 0.0246120 seconds, Stopping threads took: 0.0000900 seconds
361.903: Application time: 0.0549690 seconds
361.903: [GC361.903: [ParNew: 123520K->13696K(123520K), 0.0223630 secs] 299018K->204220K(397848K), 0.0224050 secs] [Times: user=0.17 sys=0.00, real=0.02 secs] 
361.925: Total time for which application threads were stopped: 0.0226100 seconds, Stopping threads took: 0.0001410 seconds
361.979: Application time: 0.0537970 seconds
361.979: [GC361.979: [ParNew: 123520K->13696K(123520K), 0.0199880 secs] 314044K->216827K(397848K), 0.0200330 secs] [Times: user=0.14 sys=0.00, real=0.02 secs] 
361.999: Total time for which application threads were stopped: 0.0201990 seconds, Stopping threads took: 0.0000980 seconds
362.047: Application time: 0.0472080 seconds
362.049: [GC362.049: [ParNew: 123520K->13696K(123520K), 0.0212080 secs] 326651K->235688K(397848K), 0.0212550 secs] [Times: user=0.17 sys=0.00, real=0.02 secs] 
362.070: Total time for which application threads were stopped: 0.0231450 seconds, Stopping threads took: 0.0018220 seconds
362.119: Application time: 0.0489690 seconds
362.119: [GC362.119: [ParNew: 123504K->13696K(123520K), 0.0232510 secs] 345497K->256687K(397848K), 0.0232960 secs] [Times: user=0.18 sys=0.00, real=0.03 secs] 
362.142: Total time for which application threads were stopped: 0.0235050 seconds, Stopping threads took: 0.0001410 seconds
362.185: Application time: 0.0431750 seconds
362.186: [GC362.186: [ParNew: 123520K->13696K(123520K), 0.0239610 secs] 366511K->280184K(397848K), 0.0240050 secs] [Times: user=0.19 sys=0.00, real=0.02 secs] 
362.210: Total time for which application threads were stopped: 0.0242750 seconds, Stopping threads took: 0.0001820 seconds
362.250: Application time: 0.0398710 seconds
362.250: [GC362.250: [ParNew: 123520K->13696K(123520K), 0.0263070 secs]362.276: [Tenured: 296289K->147780K(296600K), 0.2278150 secs] 390008K->147780K(420120K), [Perm : 9159K->9159K(21248K)], 0.2549240 secs] [Times: user=0.43 sys=0.01, real=0.26 secs] 
362.505: Total time for which application threads were stopped: 0.2551240 seconds, Stopping threads took: 0.0001320 seconds
362.551: Application time: 0.0461340 seconds
362.551: [GC362.551: [ParNew: 109718K->13696K(123520K), 0.0203420 secs] 257499K->176525K(397848K), 0.0203850 secs] [Times: user=0.16 sys=0.00, real=0.02 secs] 
362.571: Total time for which application threads were stopped: 0.0205810 seconds, Stopping threads took: 0.0001130 seconds
362.617: Application time: 0.0450200 seconds
362.617: [GC362.617: [ParNew: 123520K->13696K(123520K), 0.0236770 secs] 286349K->197936K(397848K), 0.0237320 secs] [Times: user=0.19 sys=0.00, real=0.02 secs] 
362.640: Total time for which application threads were stopped: 0.0238930 seconds, Stopping threads took: 0.0000940 seconds
362.692: Application time: 0.0519940 seconds
362.693: [GC362.693: [ParNew: 123520K->13696K(123520K), 0.0234830 secs] 307760K->217687K(397848K), 0.0235240 secs] [Times: user=0.19 sys=0.00, real=0.02 secs] 
362.716: Total time for which application threads were stopped: 0.0237060 seconds, Stopping threads took: 0.0001160 seconds
362.773: Application time: 0.0567140 seconds
362.773: [GC362.773: [ParNew: 123520K->13394K(123520K), 0.0200120 secs] 327511K->230022K(397848K), 0.0200550 secs] [Times: user=0.16 sys=0.00, real=0.02 secs] 
362.793: Total time for which application threads were stopped: 0.0201920 seconds, Stopping threads took: 0.0000720 seconds
362.845: Application time: 0.0517920 seconds
362.845: [GC362.845: [ParNew: 123218K->13696K(123520K), 0.0183780 secs] 339846K->241649K(397848K), 0.0184250 secs] [Times: user=0.15 sys=0.00, real=0.02 secs] 
362.863: Total time for which application threads were stopped: 0.0186180 seconds, Stopping threads took: 0.0001250 seconds
362.909: Application time: 0.0455150 seconds
362.909: [GC362.909: [ParNew: 123520K->13696K(123520K), 0.0233090 secs] 351473K->264164K(397848K), 0.0233550 secs] [Times: user=0.19 sys=0.00, real=0.03 secs] 
362.932: Total time for which application threads were stopped: 0.0235390 seconds, Stopping threads took: 0.0001160 seconds
362.979: Application time: 0.0462190 seconds
362.979: [GC362.979: [ParNew: 123520K->13696K(123520K), 0.0244040 secs] 373988K->287833K(397848K), 0.0244480 secs] [Times: user=0.19 sys=0.00, real=0.03 secs] 
363.003: Total time for which application threads were stopped: 0.0246350 seconds, Stopping threads took: 0.0001190 seconds
363.043: Application time: 0.0400330 seconds
363.044: [GC363.044: [ParNew: 123520K->13696K(123520K), 0.0272380 secs]363.071: [Tenured: 303837K->143586K(303896K), 0.2159190 secs] 397657K->143586K(427416K), [Perm : 9159K->9159K(21248K)], 0.2441560 secs] [Times: user=0.42 sys=0.01, real=0.24 secs] 
363.288: Total time for which application threads were stopped: 0.2443010 seconds, Stopping threads took: 0.0000750 seconds
363.332: Application time: 0.0438350 seconds
363.332: [GC363.332: [ParNew: 109824K->13696K(123520K), 0.0190890 secs] 253410K->171409K(397848K), 0.0191330 secs] [Times: user=0.15 sys=0.00, real=0.02 secs] 
363.351: Total time for which application threads were stopped: 0.0193020 seconds, Stopping threads took: 0.0000900 seconds
363.401: Application time: 0.0501030 seconds
363.401: [GC363.401: [ParNew: 123520K->13696K(123520K), 0.0245890 secs] 281233K->193553K(397848K), 0.0246350 secs] [Times: user=0.20 sys=0.00, real=0.02 secs] 
363.426: Total time for which application threads were stopped: 0.0248450 seconds, Stopping threads took: 0.0001420 seconds
363.470: Application time: 0.0437780 seconds
363.470: [GC363.470: [ParNew: 123520K->13696K(123520K), 0.0226720 secs] 303377K->215122K(397848K), 0.0227280 secs] [Times: user=0.18 sys=0.01, real=0.03 secs] 
363.492: Total time for which application threads were stopped: 0.0228980 seconds, Stopping threads took: 0.0001030 seconds
363.551: Application time: 0.0584700 seconds
363.551: [GC363.551: [ParNew: 123520K->13696K(123520K), 0.0209170 secs] 324946K->229248K(397848K), 0.0209610 secs] [Times: user=0.17 sys=0.00, real=0.02 secs] 
363.572: Total time for which application threads were stopped: 0.0211300 seconds, Stopping threads took: 0.0001030 seconds
363.628: Application time: 0.0558550 seconds
363.628: [GC363.628: [ParNew: 123447K->13696K(123520K), 0.0194540 secs] 339000K->242405K(397848K), 0.0194970 secs] [Times: user=0.16 sys=0.00, real=0.02 secs] 
363.648: Total time for which application threads were stopped: 0.0196640 seconds, Stopping threads took: 0.0000990 seconds
363.693: Application time: 0.0458220 seconds
363.694: [GC363.694: [ParNew: 123520K->13696K(123520K), 0.0201110 secs] 352229K->259320K(397848K), 0.0201640 secs] [Times: user=0.16 sys=0.00, real=0.02 secs] 
363.714: Total time for which application threads were stopped: 0.0203250 seconds, Stopping threads took: 0.0000960 seconds
363.761: Application time: 0.0475140 seconds
363.761: [GC363.761: [ParNew: 123520K->13696K(123520K), 0.0246400 secs] 369144K->283203K(397848K), 0.0246860 secs] [Times: user=0.19 sys=0.00, real=0.02 secs] 
363.786: Total time for which application threads were stopped: 0.0248810 seconds, Stopping threads took: 0.0001300 seconds
363.826: Application time: 0.0401180 seconds
363.826: [GC363.826: [ParNew: 123520K->13696K(123520K), 0.0248340 secs]363.851: [Tenured: 295680K->119766K(295832K), 0.2024970 secs] 393027K->119766K(419352K), [Perm : 9159K->9159K(21248K)], 0.2281100 secs] [Times: user=0.39 sys=0.01, real=0.23 secs] 
364.055: Total time for which application threads were stopped: 0.2290690 seconds, Stopping threads took: 0.0000900 seconds
364.092: Application time: 0.0362950 seconds
364.092: [GC364.092: [ParNew: 109824K->13696K(123520K), 0.0182280 secs] 229590K->150980K(397848K), 0.0182740 secs] [Times: user=0.14 sys=0.00, real=0.02 secs] 
364.110: Total time for which application threads were stopped: 0.0184530 seconds, Stopping threads took: 0.0001000 seconds
364.163: Application time: 0.0531830 seconds
364.163: [GC364.163: [ParNew: 123520K->13696K(123520K), 0.0274680 secs] 260804K->173627K(397848K), 0.0275090 secs] [Times: user=0.21 sys=0.00, real=0.02 secs] 
364.191: Total time for which application threads were stopped: 0.0276450 seconds, Stopping threads took: 0.0000690 seconds
364.235: Application time: 0.0444890 seconds
364.236: [GC364.236: [ParNew: 123520K->13696K(123520K), 0.0239350 secs] 283451K->193941K(397848K), 0.0239790 secs] [Times: user=0.19 sys=0.00, real=0.02 secs] 
364.260: Total time for which application threads were stopped: 0.0241500 seconds, Stopping threads took: 0.0001030 seconds
364.308: Application time: 0.0487560 seconds
364.309: [GC364.309: [ParNew: 123520K->13695K(123520K), 0.0230530 secs] 303765K->215717K(397848K), 0.0230980 secs] [Times: user=0.18 sys=0.00, real=0.02 secs] 
364.332: Total time for which application threads were stopped: 0.0233200 seconds, Stopping threads took: 0.0001550 seconds
364.388: Application time: 0.0567590 seconds
364.389: [GC364.389: [ParNew: 123519K->13693K(123520K), 0.0200610 secs] 325541K->228621K(397848K), 0.0201050 secs] [Times: user=0.16 sys=0.00, real=0.02 secs] 
364.409: Total time for which application threads were stopped: 0.0202720 seconds, Stopping threads took: 0.0001020 seconds
364.457: Application time: 0.0479040 seconds
364.457: [GC364.457: [ParNew: 123517K->13696K(123520K), 0.0206590 secs] 338445K->244210K(397848K), 0.0207040 secs] [Times: user=0.16 sys=0.00, real=0.02 secs] 
364.477: Total time for which application threads were stopped: 0.0208550 seconds, Stopping threads took: 0.0000830 seconds
364.525: Application time: 0.0471280 seconds
364.525: [GC364.525: [ParNew: 123520K->13696K(123520K), 0.0220240 secs] 354034K->265528K(397848K), 0.0220680 secs] [Times: user=0.17 sys=0.00, real=0.02 secs] 
364.547: Total time for which application threads were stopped: 0.0222210 seconds, Stopping threads took: 0.0000860 seconds
364.592: Application time: 0.0450940 seconds
364.597: [GC364.597: [ParNew: 123520K->13696K(123520K), 0.0242570 secs]364.621: [Tenured: 275085K->126310K(275864K), 0.2077560 secs] 375352K->126310K(399384K), [Perm : 9159K->9159K(21248K)], 0.2321250 secs] [Times: user=0.40 sys=0.00, real=0.23 secs] 
364.829: Total time for which application threads were stopped: 0.2368140 seconds, Stopping threads took: 0.0046070 seconds
364.869: Application time: 0.0404790 seconds
364.869: [GC364.869: [ParNew: 109824K->13696K(123520K), 0.0162480 secs] 236134K->152989K(397848K), 0.0162930 secs] [Times: user=0.13 sys=0.00, real=0.02 secs] 
364.886: Total time for which application threads were stopped: 0.0164610 seconds, Stopping threads took: 0.0001030 seconds
364.929: Application time: 0.0431390 seconds
364.929: [GC364.929: [ParNew: 123520K->13696K(123520K), 0.0254640 secs] 262813K->180027K(397848K), 0.0255180 secs] [Times: user=0.20 sys=0.00, real=0.03 secs] 
364.954: Total time for which application threads were stopped: 0.0256820 seconds, Stopping threads took: 0.0000970 seconds
365.007: Application time: 0.0524850 seconds
365.007: [GC365.007: [ParNew: 123520K->13696K(123520K), 0.0240710 secs] 289851K->199110K(397848K), 0.0241160 secs] [Times: user=0.19 sys=0.00, real=0.02 secs] 
365.031: Total time for which application threads were stopped: 0.0242780 seconds, Stopping threads took: 0.0000960 seconds
365.073: Application time: 0.0420360 seconds
365.073: [GC365.073: [ParNew: 123520K->13696K(123520K), 0.0225560 secs] 308934K->220929K(397848K), 0.0226020 secs] [Times: user=0.18 sys=0.00, real=0.02 secs] 
365.096: Total time for which application threads were stopped: 0.0227620 seconds, Stopping threads took: 0.0000920 seconds
365.153: Application time: 0.0566240 seconds
365.153: [GC365.153: [ParNew: 123520K->13696K(123520K), 0.0235480 secs] 330753K->239856K(397848K), 0.0235910 secs] [Times: user=0.19 sys=0.00, real=0.02 secs] 
365.177: Total time for which application threads were stopped: 0.0238520 seconds, Stopping threads took: 0.0001630 seconds
365.227: Application time: 0.0503880 seconds
365.227: [GC365.227: [ParNew: 123520K->13696K(123520K), 0.0209460 secs] 349680K->254730K(397848K), 0.0209910 secs] [Times: user=0.16 sys=0.00, real=0.02 secs] 
365.248: Total time for which application threads were stopped: 0.0211250 seconds, Stopping threads took: 0.0000650 seconds
365.295: Application time: 0.0468290 seconds
365.295: [GC365.295: [ParNew: 123520K->13696K(123520K), 0.0231160 secs] 364554K->277239K(397848K), 0.0231610 secs] [Times: user=0.19 sys=0.00, real=0.02 secs] 
365.318: Total time for which application threads were stopped: 0.0233500 seconds, Stopping threads took: 0.0001210 seconds
365.369: Application time: 0.0511690 seconds
365.370: [GC365.370: [ParNew: 123520K->13696K(123520K), 0.0231370 secs]365.393: [Tenured: 282034K->124871K(282436K), 0.2145220 secs] 387063K->124871K(405956K), [Perm : 9159K->9159K(21248K)], 0.2380130 secs] [Times: user=0.39 sys=0.00, real=0.24 secs] 
365.608: Total time for which application threads were stopped: 0.2381630 seconds, Stopping threads took: 0.0000820 seconds
365.649: Application time: 0.0416720 seconds
365.649: [GC365.649: [ParNew: 109824K->13696K(123520K), 0.0138060 secs] 234695K->148484K(397848K), 0.0138540 secs] [Times: user=0.11 sys=0.00, real=0.02 secs] 
365.663: Total time for which application threads were stopped: 0.0140290 seconds, Stopping threads took: 0.0001080 seconds
365.702: Application time: 0.0383960 seconds
365.702: [GC365.702: [ParNew: 123520K->13696K(123520K), 0.0252000 secs] 258308K->179471K(397848K), 0.0252440 secs] [Times: user=0.20 sys=0.00, real=0.02 secs] 
365.727: Total time for which application threads were stopped: 0.0254140 seconds, Stopping threads took: 0.0000920 seconds
365.779: Application time: 0.0523300 seconds
365.780: [GC365.780: [ParNew: 123520K->13696K(123520K), 0.0272760 secs] 289295K->202632K(397848K), 0.0273190 secs] [Times: user=0.22 sys=0.00, real=0.03 secs] 
365.807: Total time for which application threads were stopped: 0.0274880 seconds, Stopping threads took: 0.0001030 seconds
365.858: Application time: 0.0508080 seconds
365.858: [GC365.858: [ParNew: 123520K->13696K(123520K), 0.0210310 secs] 312456K->217598K(397848K), 0.0210780 secs] [Times: user=0.17 sys=0.00, real=0.02 secs] 
365.879: Total time for which application threads were stopped: 0.0212470 seconds, Stopping threads took: 0.0001020 seconds
365.925: Application time: 0.0458260 seconds
365.925: [GC365.925: [ParNew: 123520K->13696K(123520K), 0.0227470 secs] 327422K->239631K(397848K), 0.0227930 secs] [Times: user=0.18 sys=0.00, real=0.02 secs] 
365.948: Total time for which application threads were stopped: 0.0229660 seconds, Stopping threads took: 0.0001060 seconds
366.003: Application time: 0.0549950 seconds
366.003: [GC366.003: [ParNew: 123502K->13696K(123520K), 0.0228770 secs] 349437K->257812K(397848K), 0.0229320 secs] [Times: user=0.19 sys=0.00, real=0.02 secs] 
366.026: Total time for which application threads were stopped: 0.0231090 seconds, Stopping threads took: 0.0001100 seconds
366.072: Application time: 0.0460000 seconds
366.072: [GC366.072: [ParNew: 123520K->13696K(123520K), 0.0230150 secs] 367636K->278008K(397848K), 0.0230610 secs] [Times: user=0.18 sys=0.00, real=0.03 secs] 
366.095: Total time for which application threads were stopped: 0.0232060 seconds, Stopping threads took: 0.0000780 seconds
366.149: Application time: 0.0538460 seconds
366.149: [GC366.149: [ParNew: 123520K->13696K(123520K), 0.0238740 secs]366.173: [Tenured: 284331K->137144K(284888K), 0.2354860 secs] 387832K->137144K(408408K), [Perm : 9159K->9159K(21248K)], 0.2598200 secs] [Times: user=0.42 sys=0.00, real=0.26 secs] 
366.409: Total time for which application threads were stopped: 0.2600830 seconds, Stopping threads took: 0.0001920 seconds
366.457: Application time: 0.0479030 seconds
366.461: [GC366.461: [ParNew: 109666K->13696K(123520K), 0.0129970 secs] 246810K->156173K(397848K), 0.0130440 secs] [Times: user=0.10 sys=0.00, real=0.01 secs] 
366.474: Total time for which application threads were stopped: 0.0167350 seconds, Stopping threads took: 0.0035910 seconds
366.512: Application time: 0.0379480 seconds
366.512: [GC366.512: [ParNew: 123430K->13696K(123520K), 0.0241040 secs] 265908K->185261K(397848K), 0.0241730 secs] [Times: user=0.19 sys=0.00, real=0.03 secs] 
366.536: Total time for which application threads were stopped: 0.0243570 seconds, Stopping threads took: 0.0001120 seconds
366.580: Application time: 0.0443940 seconds
366.581: [GC366.581: [ParNew: 123520K->13694K(123520K), 0.0272460 secs] 295085K->214123K(397848K), 0.0272920 secs] [Times: user=0.21 sys=0.00, real=0.02 secs] 
366.608: Total time for which application threads were stopped: 0.0274610 seconds, Stopping threads took: 0.0001010 seconds
366.665: Application time: 0.0570250 seconds
366.665: [GC366.665: [ParNew: 123518K->13694K(123520K), 0.0217890 secs] 323947K->227385K(397848K), 0.0218310 secs] [Times: user=0.18 sys=0.00, real=0.02 secs] 
366.687: Total time for which application threads were stopped: 0.0220210 seconds, Stopping threads took: 0.0001240 seconds
366.733: Application time: 0.0463100 seconds
366.733: [GC366.733: [ParNew: 123518K->13696K(123520K), 0.0231220 secs] 337209K->248157K(397848K), 0.0231680 secs] [Times: user=0.19 sys=0.00, real=0.02 secs] 
366.756: Total time for which application threads were stopped: 0.0233020 seconds, Stopping threads took: 0.0000680 seconds
366.805: Application time: 0.0482650 seconds
366.805: [GC366.805: [ParNew: 123351K->13696K(123520K), 0.0227940 secs] 357812K->269088K(397848K), 0.0228360 secs] [Times: user=0.18 sys=0.00, real=0.02 secs] 
366.828: Total time for which application threads were stopped: 0.0230110 seconds, Stopping threads took: 0.0001070 seconds
366.877: Application time: 0.0490130 seconds
366.877: [GC366.877: [ParNew: 123520K->13696K(123520K), 0.0218570 secs] 378912K->286671K(397848K), 0.0219020 secs] [Times: user=0.17 sys=0.00, real=0.02 secs] 
366.899: Total time for which application threads were stopped: 0.0220620 seconds, Stopping threads took: 0.0000940 seconds
366.948: Application time: 0.0494180 seconds
366.948: [GC366.948: [ParNew: 123520K->13696K(123520K), 0.0229650 secs]366.971: [Tenured: 293542K->133047K(293720K), 0.2338370 secs] 396495K->133047K(417240K), [Perm : 9159K->9159K(21248K)], 0.2575110 secs] [Times: user=0.41 sys=0.01, real=0.26 secs] 
367.206: Total time for which application threads were stopped: 0.2576660 seconds, Stopping threads took: 0.0000840 seconds
367.257: Application time: 0.0513590 seconds
367.257: [GC367.257: [ParNew: 109824K->13696K(123520K), 0.0144610 secs] 242871K->151121K(397848K), 0.0145070 secs] [Times: user=0.11 sys=0.00, real=0.01 secs] 
367.272: Total time for which application threads were stopped: 0.0146850 seconds, Stopping threads took: 0.0001000 seconds
367.311: Application time: 0.0392260 seconds
367.313: [GC367.313: [ParNew: 123520K->13696K(123520K), 0.0236880 secs] 260945K->177303K(397848K), 0.0237420 secs] [Times: user=0.18 sys=0.00, real=0.02 secs] 
367.336: Total time for which application threads were stopped: 0.0250970 seconds, Stopping threads took: 0.0012870 seconds
367.376: Application time: 0.0401320 seconds
367.377: [GC367.377: [ParNew: 123520K->13696K(123520K), 0.0268970 secs] 287127K->208818K(397848K), 0.0269420 secs] [Times: user=0.21 sys=0.00, real=0.03 secs] 
367.404: Total time for which application threads were stopped: 0.0272080 seconds, Stopping threads took: 0.0001780 seconds
367.458: Application time: 0.0546250 seconds
367.458: [GC367.458: [ParNew: 123520K->13696K(123520K), 0.0259340 secs] 318642K->228210K(397848K), 0.0259860 secs] [Times: user=0.20 sys=0.00, real=0.03 secs] 
367.484: Total time for which application threads were stopped: 0.0261770 seconds, Stopping threads took: 0.0001250 seconds
367.538: Application time: 0.0537740 seconds
367.538: [GC367.538: [ParNew: 123520K->13696K(123520K), 0.0206240 secs] 338034K->242806K(397848K), 0.0206690 secs] [Times: user=0.16 sys=0.00, real=0.02 secs] 
367.559: Total time for which application threads were stopped: 0.0208560 seconds, Stopping threads took: 0.0001210 seconds
367.605: Application time: 0.0462590 seconds
367.606: [GC367.606: [ParNew: 123520K->13696K(123520K), 0.0224820 secs] 352630K->264388K(397848K), 0.0225270 secs] [Times: user=0.18 sys=0.00, real=0.02 secs] 
367.628: Total time for which application threads were stopped: 0.0227890 seconds, Stopping threads took: 0.0001860 seconds
367.676: Application time: 0.0475460 seconds
367.676: [GC367.676: [ParNew: 123520K->13696K(123520K), 0.0232480 secs] 374212K->286020K(397848K), 0.0232940 secs] [Times: user=0.19 sys=0.00, real=0.02 secs] 
367.699: Total time for which application threads were stopped: 0.0235130 seconds, Stopping threads took: 0.0001520 seconds
367.749: Application time: 0.0493730 seconds
367.749: [GC367.749: [ParNew: 123520K->13696K(123520K), 0.0232490 secs]367.772: [Tenured: 291839K->145920K(291992K), 0.2356530 secs] 395844K->145920K(415512K), [Perm : 9159K->9159K(21248K)], 0.2595570 secs] [Times: user=0.41 sys=0.02, real=0.26 secs] 
368.008: Total time for which application threads were stopped: 0.2597200 seconds, Stopping threads took: 0.0000950 seconds
368.059: Application time: 0.0509900 seconds
368.059: [GC368.059: [ParNew: 109824K->13696K(123520K), 0.0147310 secs] 255744K->165325K(397848K), 0.0147750 secs] [Times: user=0.12 sys=0.00, real=0.02 secs] 
368.074: Total time for which application threads were stopped: 0.0149340 seconds, Stopping threads took: 0.0000800 seconds
368.121: Application time: 0.0468910 seconds
368.121: [GC368.121: [ParNew: 123520K->13696K(123520K), 0.0215310 secs] 275149K->185105K(397848K), 0.0215770 secs] [Times: user=0.17 sys=0.00, real=0.02 secs] 
368.143: Total time for which application threads were stopped: 0.0217760 seconds, Stopping threads took: 0.0001310 seconds
368.177: Application time: 0.0337750 seconds
368.177: [GC368.177: [ParNew: 123520K->13696K(123520K), 0.0232420 secs] 294929K->214492K(397848K), 0.0232870 secs] [Times: user=0.19 sys=0.00, real=0.02 secs] 
368.200: Total time for which application threads were stopped: 0.0234440 seconds, Stopping threads took: 0.0000870 seconds
368.249: Application time: 0.0488370 seconds
368.249: [GC368.249: [ParNew: 123520K->13696K(123520K), 0.0310480 secs] 324316K->246204K(397848K), 0.0310910 secs] [Times: user=0.24 sys=0.00, real=0.03 secs] 
368.280: Total time for which application threads were stopped: 0.0312610 seconds, Stopping threads took: 0.0001040 seconds
368.334: Application time: 0.0533820 seconds
368.334: [GC368.334: [ParNew: 123520K->13681K(123520K), 0.0214750 secs] 356028K->259651K(397848K), 0.0215200 secs] [Times: user=0.17 sys=0.00, real=0.02 secs] 
368.355: Total time for which application threads were stopped: 0.0216830 seconds, Stopping threads took: 0.0000950 seconds
368.407: Application time: 0.0519790 seconds
368.407: [GC368.407: [ParNew: 123505K->13696K(123520K), 0.0204330 secs] 369475K->275308K(397848K), 0.0204890 secs] [Times: user=0.16 sys=0.00, real=0.02 secs] 
368.428: Total time for which application threads were stopped: 0.0206670 seconds, Stopping threads took: 0.0001090 seconds
368.475: Application time: 0.0468730 seconds
368.475: [GC368.475: [ParNew: 123520K->13696K(123520K), 0.0211860 secs]368.496: [Tenured: 279575K->136241K(280280K), 0.2104150 secs] 385132K->136241K(403800K), [Perm : 9160K->9160K(21248K)], 0.2318820 secs] [Times: user=0.37 sys=0.00, real=0.23 secs] 
368.707: Total time for which application threads were stopped: 0.2320230 seconds, Stopping threads took: 0.0000720 seconds
368.756: Application time: 0.0488770 seconds
368.756: [GC368.756: [ParNew: 109824K->13696K(123520K), 0.0153280 secs] 246065K->158251K(397848K), 0.0153710 secs] [Times: user=0.13 sys=0.00, real=0.01 secs] 
368.771: Total time for which application threads were stopped: 0.0155720 seconds, Stopping threads took: 0.0001230 seconds
368.818: Application time: 0.0471830 seconds
368.819: [GC368.819: [ParNew: 123520K->13696K(123520K), 0.0236580 secs] 268075K->180787K(397848K), 0.0237040 secs] [Times: user=0.19 sys=0.00, real=0.03 secs] 
368.842: Total time for which application threads were stopped: 0.0238540 seconds, Stopping threads took: 0.0000830 seconds
368.895: Application time: 0.0522820 seconds
368.895: [GC368.895: [ParNew: 123520K->13696K(123520K), 0.0224070 secs] 290611K->197111K(397848K), 0.0224520 secs] [Times: user=0.18 sys=0.00, real=0.02 secs] 
368.917: Total time for which application threads were stopped: 0.0226640 seconds, Stopping threads took: 0.0001260 seconds
368.953: Application time: 0.0354040 seconds
368.953: [GC368.953: [ParNew: 123520K->13696K(123520K), 0.0253250 secs] 306935K->226809K(397848K), 0.0253700 secs] [Times: user=0.20 sys=0.00, real=0.02 secs] 
368.978: Total time for which application threads were stopped: 0.0255200 seconds, Stopping threads took: 0.0000810 seconds
369.017: Application time: 0.0387540 seconds
369.017: [GC369.017: [ParNew: 123520K->13696K(123520K), 0.0261060 secs] 336633K->257250K(397848K), 0.0261520 secs] [Times: user=0.21 sys=0.00, real=0.03 secs] 
369.043: Total time for which application threads were stopped: 0.0263430 seconds, Stopping threads took: 0.0001250 seconds
369.099: Application time: 0.0554280 seconds
369.099: [GC369.099: [ParNew: 123520K->13696K(123520K), 0.0244240 secs] 367074K->273388K(397848K), 0.0244690 secs] [Times: user=0.19 sys=0.00, real=0.03 secs] 
369.123: Total time for which application threads were stopped: 0.0246400 seconds, Stopping threads took: 0.0001060 seconds
369.173: Application time: 0.0495320 seconds
369.173: [GC369.173: [ParNew: 123520K->13696K(123520K), 0.0213130 secs]369.194: [Tenured: 276242K->150851K(276248K), 0.2329450 secs] 383212K->150851K(399768K), [Perm : 9160K->9160K(21248K)], 0.2544190 secs] [Times: user=0.40 sys=0.00, real=0.25 secs] 
369.428: Total time for which application threads were stopped: 0.2545980 seconds, Stopping threads took: 0.0001100 seconds
369.479: Application time: 0.0511450 seconds
369.479: [GC369.479: [ParNew: 109824K->13696K(123520K), 0.0150770 secs] 260675K->171408K(397848K), 0.0151210 secs] [Times: user=0.11 sys=0.00, real=0.02 secs] 
369.494: Total time for which application threads were stopped: 0.0153470 seconds, Stopping threads took: 0.0001440 seconds
369.545: Application time: 0.0513630 seconds
369.546: [GC369.546: [ParNew: 123520K->13695K(123520K), 0.0225370 secs] 281232K->189269K(397848K), 0.0225810 secs] [Times: user=0.18 sys=0.00, real=0.02 secs] 
369.568: Total time for which application threads were stopped: 0.0227650 seconds, Stopping threads took: 0.0000960 seconds
369.614: Application time: 0.0460800 seconds
369.614: [GC369.614: [ParNew: 123519K->13696K(123520K), 0.0217990 secs] 299093K->207727K(397848K), 0.0218440 secs] [Times: user=0.17 sys=0.00, real=0.02 secs] 
369.636: Total time for which application threads were stopped: 0.0220450 seconds, Stopping threads took: 0.0001140 seconds
369.687: Application time: 0.0507030 seconds
369.689: [GC369.689: [ParNew: 123520K->13696K(123520K), 0.0236430 secs] 317551K->229226K(397848K), 0.0236980 secs] [Times: user=0.19 sys=0.00, real=0.02 secs] 
369.712: Total time for which application threads were stopped: 0.0253070 seconds, Stopping threads took: 0.0015420 seconds
369.753: Application time: 0.0407230 seconds
369.753: [GC369.753: [ParNew: 123440K->13696K(123520K), 0.0256750 secs] 338970K->256446K(397848K), 0.0257220 secs] [Times: user=0.20 sys=0.00, real=0.02 secs] 
369.779: Total time for which application threads were stopped: 0.0259700 seconds, Stopping threads took: 0.0001590 seconds
369.813: Application time: 0.0336520 seconds
369.813: [GC369.813: [ParNew: 123520K->13696K(123520K), 0.0220720 secs] 366270K->283320K(397848K), 0.0221160 secs] [Times: user=0.18 sys=0.00, real=0.02 secs] 
369.835: Total time for which application threads were stopped: 0.0222850 seconds, Stopping threads took: 0.0001020 seconds
369.890: Application time: 0.0546370 seconds
369.893: [GC369.893: [ParNew: 123520K->13694K(123520K), 0.0307720 secs]369.923: [Tenured: 298403K->151516K(298520K), 0.2619150 secs] 393144K->151516K(422040K), [Perm : 9160K->9160K(21248K)], 0.2935300 secs] [Times: user=0.50 sys=0.00, real=0.29 secs] 
370.186: Total time for which application threads were stopped: 0.2966020 seconds, Stopping threads took: 0.0029940 seconds
370.238: Application time: 0.0519130 seconds
370.238: [GC370.238: [ParNew: 109824K->13694K(123520K), 0.0101730 secs] 261340K->165522K(397848K), 0.0102140 secs] [Times: user=0.08 sys=0.00, real=0.01 secs] 
370.249: Total time for which application threads were stopped: 0.0104200 seconds, Stopping threads took: 0.0001250 seconds
370.303: Application time: 0.0549600 seconds
370.305: [GC370.305: [ParNew: 123518K->13696K(123520K), 0.0205860 secs] 275346K->180995K(397848K), 0.0206320 secs] [Times: user=0.16 sys=0.00, real=0.02 secs] 
370.325: Total time for which application threads were stopped: 0.0216930 seconds, Stopping threads took: 0.0009940 seconds
370.373: Application time: 0.0483040 seconds
370.374: [GC370.374: [ParNew: 123520K->13696K(123520K), 0.0206490 secs] 290819K->197545K(397848K), 0.0206940 secs] [Times: user=0.17 sys=0.00, real=0.02 secs] 
370.394: Total time for which application threads were stopped: 0.0209550 seconds, Stopping threads took: 0.0001940 seconds
370.447: Application time: 0.0523980 seconds
370.447: [GC370.447: [ParNew: 123520K->13696K(123520K), 0.0203090 secs] 307369K->213656K(397848K), 0.0203530 secs] [Times: user=0.16 sys=0.00, real=0.02 secs] 
370.467: Total time for which application threads were stopped: 0.0205050 seconds, Stopping threads took: 0.0000820 seconds
370.515: Application time: 0.0472080 seconds
370.515: [GC370.515: [ParNew: 123520K->13696K(123520K), 0.0226300 secs] 323480K->234305K(397848K), 0.0226750 secs] [Times: user=0.18 sys=0.00, real=0.02 secs] 
370.538: Total time for which application threads were stopped: 0.0229540 seconds, Stopping threads took: 0.0002130 seconds
370.578: Application time: 0.0405500 seconds
370.578: [GC370.578: [ParNew: 123497K->13696K(123520K), 0.0254950 secs] 344107K->263101K(397848K), 0.0255410 secs] [Times: user=0.20 sys=0.00, real=0.03 secs] 
370.604: Total time for which application threads were stopped: 0.0257070 seconds, Stopping threads took: 0.0000980 seconds
370.639: Application time: 0.0349420 seconds
370.639: [GC370.639: [ParNew: 123520K->13694K(123520K), 0.0266520 secs]370.666: [Tenured: 280456K->148438K(280664K), 0.2235910 secs] 372925K->148438K(404184K), [Perm : 9160K->9160K(21248K)], 0.2505720 secs] [Times: user=0.42 sys=0.00, real=0.25 secs] 
370.889: Total time for which application threads were stopped: 0.2507170 seconds, Stopping threads took: 0.0000750 seconds
370.937: Application time: 0.0473350 seconds
370.937: [GC370.937: [ParNew: 109824K->13694K(123520K), 0.0239170 secs] 258262K->179931K(397848K), 0.0239620 secs] [Times: user=0.19 sys=0.00, real=0.03 secs] 
370.961: Total time for which application threads were stopped: 0.0241510 seconds, Stopping threads took: 0.0001070 seconds
371.018: Application time: 0.0571750 seconds
371.018: [GC371.018: [ParNew: 123500K->13694K(123520K), 0.0220470 secs] 289737K->193368K(397848K), 0.0220990 secs] [Times: user=0.17 sys=0.00, real=0.02 secs] 
371.040: Total time for which application threads were stopped: 0.0223080 seconds, Stopping threads took: 0.0001330 seconds
371.091: Application time: 0.0506510 seconds
371.091: [GC371.091: [ParNew: 123518K->13696K(123520K), 0.0196250 secs] 303192K->207461K(397848K), 0.0196700 secs] [Times: user=0.15 sys=0.00, real=0.02 secs] 
371.111: Total time for which application threads were stopped: 0.0197980 seconds, Stopping threads took: 0.0000600 seconds
371.163: Application time: 0.0526080 seconds
371.164: [GC371.164: [ParNew: 123520K->13696K(123520K), 0.0207250 secs] 317285K->223667K(397848K), 0.0207670 secs] [Times: user=0.17 sys=0.00, real=0.02 secs] 
371.184: Total time for which application threads were stopped: 0.0209250 seconds, Stopping threads took: 0.0000820 seconds
371.233: Application time: 0.0488910 seconds
371.233: [GC371.233: [ParNew: 123520K->13696K(123520K), 0.0212420 secs] 333491K->240075K(397848K), 0.0212860 secs] [Times: user=0.16 sys=0.00, real=0.02 secs] 
371.255: Total time for which application threads were stopped: 0.0214540 seconds, Stopping threads took: 0.0001000 seconds
371.306: Application time: 0.0510160 seconds
371.306: [GC371.306: [ParNew: 123520K->13696K(123520K), 0.0225120 secs] 349899K->258783K(397848K), 0.0225570 secs] [Times: user=0.17 sys=0.00, real=0.02 secs] 
371.328: Total time for which application threads were stopped: 0.0227000 seconds, Stopping threads took: 0.0000730 seconds
371.369: Application time: 0.0400860 seconds
371.369: [GC371.369: [ParNew: 123520K->13696K(123520K), 0.0238690 secs] 368607K->284921K(397848K), 0.0239140 secs] [Times: user=0.19 sys=0.00, real=0.03 secs] 
371.393: Total time for which application threads were stopped: 0.0241350 seconds, Stopping threads took: 0.0001530 seconds
371.431: Application time: 0.0384400 seconds
371.431: [GC371.431: [ParNew: 123520K->13696K(123520K), 0.0284980 secs]371.460: [Tenured: 304137K->149024K(304280K), 0.2246970 secs] 394745K->149024K(427800K), [Perm : 9160K->9160K(21248K)], 0.2543170 secs] [Times: user=0.44 sys=0.01, real=0.26 secs] 
371.686: Total time for which application threads were stopped: 0.2545280 seconds, Stopping threads took: 0.0001380 seconds
371.728: Application time: 0.0422500 seconds
371.728: [GC371.728: [ParNew: 109824K->13696K(123520K), 0.0206340 secs] 258848K->180022K(397848K), 0.0206810 secs] [Times: user=0.16 sys=0.00, real=0.02 secs] 
371.749: Total time for which application threads were stopped: 0.0208580 seconds, Stopping threads took: 0.0000990 seconds
371.801: Application time: 0.0522510 seconds
371.805: [GC371.805: [ParNew: 123520K->13696K(123520K), 0.0253360 secs] 289846K->199300K(397848K), 0.0253820 secs] [Times: user=0.20 sys=0.00, real=0.02 secs] 
371.830: Total time for which application threads were stopped: 0.0289070 seconds, Stopping threads took: 0.0034580 seconds
371.884: Application time: 0.0543850 seconds
371.885: [GC371.885: [ParNew: 123520K->13696K(123520K), 0.0193110 secs] 309124K->212238K(397848K), 0.0193540 secs] [Times: user=0.15 sys=0.00, real=0.02 secs] 
371.904: Total time for which application threads were stopped: 0.0195710 seconds, Stopping threads took: 0.0001510 seconds
371.958: Application time: 0.0542600 seconds
371.958: [GC371.958: [ParNew: 123520K->13696K(123520K), 0.0208140 secs] 322062K->227285K(397848K), 0.0208600 secs] [Times: user=0.16 sys=0.00, real=0.02 secs] 
371.979: Total time for which application threads were stopped: 0.0210440 seconds, Stopping threads took: 0.0001170 seconds
372.031: Application time: 0.0521260 seconds
372.032: [GC372.032: [ParNew: 123520K->13696K(123520K), 0.0206760 secs] 337109K->242542K(397848K), 0.0207230 secs] [Times: user=0.17 sys=0.00, real=0.02 secs] 
372.052: Total time for which application threads were stopped: 0.0208990 seconds, Stopping threads took: 0.0001100 seconds
372.104: Application time: 0.0518580 seconds
372.109: [GC372.109: [ParNew: 123520K->13696K(123520K), 0.0221870 secs] 352366K->260264K(397848K), 0.0222400 secs] [Times: user=0.18 sys=0.00, real=0.02 secs] 
372.131: Total time for which application threads were stopped: 0.0268160 seconds, Stopping threads took: 0.0044900 seconds
372.173: Application time: 0.0415650 seconds
372.173: [GC372.173: [ParNew: 123520K->13696K(123520K), 0.0242890 secs] 370088K->285762K(397848K), 0.0243320 secs] [Times: user=0.19 sys=0.00, real=0.02 secs] 
372.197: Total time for which application threads were stopped: 0.0245420 seconds, Stopping threads took: 0.0001220 seconds
372.238: Application time: 0.0414400 seconds
372.241: [GC372.241: [ParNew: 123520K->13696K(123520K), 0.0257870 secs]372.267: [Tenured: 300495K->141933K(300632K), 0.2154160 secs] 395586K->141933K(424152K), [Perm : 9160K->9160K(21248K)], 0.2421140 secs] [Times: user=0.42 sys=0.00, real=0.24 secs] 
372.483: Total time for which application threads were stopped: 0.2443370 seconds, Stopping threads took: 0.0021240 seconds
372.522: Application time: 0.0395550 seconds
372.523: [GC372.523: [ParNew: 109824K->13696K(123520K), 0.0193300 secs] 251757K->174134K(397848K), 0.0193760 secs] [Times: user=0.15 sys=0.00, real=0.02 secs] 
372.542: Total time for which application threads were stopped: 0.0195720 seconds, Stopping threads took: 0.0001280 seconds
372.588: Application time: 0.0459820 seconds
372.588: [GC372.588: [ParNew: 123520K->13696K(123520K), 0.0270050 secs] 283958K->200743K(397848K), 0.0270500 secs] [Times: user=0.21 sys=0.00, real=0.03 secs] 
372.615: Total time for which application threads were stopped: 0.0272310 seconds, Stopping threads took: 0.0001130 seconds
372.672: Application time: 0.0571220 seconds
372.672: [GC372.673: [ParNew: 123520K->13696K(123520K), 0.0218400 secs] 310567K->214210K(397848K), 0.0218850 secs] [Times: user=0.17 sys=0.00, real=0.02 secs] 
372.694: Total time for which application threads were stopped: 0.0220850 seconds, Stopping threads took: 0.0001320 seconds
372.744: Application time: 0.0497100 seconds
372.744: [GC372.744: [ParNew: 123520K->13696K(123520K), 0.0205690 secs] 324034K->229505K(397848K), 0.0206150 secs] [Times: user=0.16 sys=0.00, real=0.02 secs] 
372.765: Total time for which application threads were stopped: 0.0207600 seconds, Stopping threads took: 0.0000640 seconds
372.824: Application time: 0.0589590 seconds
372.824: [GC372.824: [ParNew: 123520K->13696K(123520K), 0.0212180 secs] 339329K->242855K(397848K), 0.0212630 secs] [Times: user=0.17 sys=0.00, real=0.02 secs] 
372.845: Total time for which application threads were stopped: 0.0214550 seconds, Stopping threads took: 0.0001250 seconds
372.896: Application time: 0.0507420 seconds
372.901: [GC372.901: [ParNew: 123520K->13696K(123520K), 0.0215860 secs] 352679K->258477K(397848K), 0.0216330 secs] [Times: user=0.17 sys=0.00, real=0.02 secs] 
372.922: Total time for which application threads were stopped: 0.0262890 seconds, Stopping threads took: 0.0045670 seconds
372.971: Application time: 0.0481750 seconds
372.971: [GC372.971: [ParNew: 123520K->13696K(123520K), 0.0236070 secs] 368301K->281350K(397848K), 0.0236540 secs] [Times: user=0.19 sys=0.00, real=0.03 secs] 
372.994: Total time for which application threads were stopped: 0.0238230 seconds, Stopping threads took: 0.0001020 seconds
373.034: Application time: 0.0393670 seconds
373.034: [GC373.034: [ParNew: 123520K->13696K(123520K), 0.0250530 secs]373.059: [Tenured: 294762K->119017K(294872K), 0.1998600 secs] 391174K->119017K(418392K), [Perm : 9160K->9160K(21248K)], 0.2256620 secs] [Times: user=0.40 sys=0.00, real=0.22 secs] 
373.260: Total time for which application threads were stopped: 0.2258140 seconds, Stopping threads took: 0.0000830 seconds
373.298: Application time: 0.0389090 seconds
373.299: [GC373.299: [ParNew: 109824K->13696K(123520K), 0.0208760 secs] 228841K->152281K(397848K), 0.0209210 secs] [Times: user=0.17 sys=0.00, real=0.02 secs] 
373.320: Total time for which application threads were stopped: 0.0211050 seconds, Stopping threads took: 0.0001060 seconds
373.358: Application time: 0.0385490 seconds
373.358: [GC373.358: [ParNew: 123520K->13696K(123520K), 0.0254490 secs] 262105K->179215K(397848K), 0.0255020 secs] [Times: user=0.20 sys=0.00, real=0.03 secs] 
373.384: Total time for which application threads were stopped: 0.0256400 seconds, Stopping threads took: 0.0000700 seconds
373.439: Application time: 0.0551160 seconds
373.439: [GC373.439: [ParNew: 123520K->13696K(123520K), 0.0259550 secs] 289039K->199364K(397848K), 0.0259980 secs] [Times: user=0.21 sys=0.00, real=0.03 secs] 
373.465: Total time for which application threads were stopped: 0.0261560 seconds, Stopping threads took: 0.0000930 seconds
373.518: Application time: 0.0530990 seconds
373.518: [GC373.518: [ParNew: 123520K->13696K(123520K), 0.0224500 secs] 309188K->215408K(397848K), 0.0225000 secs] [Times: user=0.18 sys=0.00, real=0.03 secs] 
373.541: Total time for which application threads were stopped: 0.0226830 seconds, Stopping threads took: 0.0001120 seconds
373.598: Application time: 0.0570920 seconds
373.598: [GC373.598: [ParNew: 123520K->13696K(123520K), 0.0205180 secs] 325232K->228602K(397848K), 0.0205610 secs] [Times: user=0.16 sys=0.00, real=0.02 secs] 
373.619: Total time for which application threads were stopped: 0.0207220 seconds, Stopping threads took: 0.0000940 seconds
373.675: Application time: 0.0563420 seconds
373.675: [GC373.675: [ParNew: 123520K->13696K(123520K), 0.0190870 secs] 338426K->240401K(397848K), 0.0191320 secs] [Times: user=0.16 sys=0.00, real=0.02 secs] 
373.694: Total time for which application threads were stopped: 0.0194090 seconds, Stopping threads took: 0.0002110 seconds
373.743: Application time: 0.0484270 seconds
373.745: [GC373.745: [ParNew: 123520K->13696K(123520K), 0.0199000 secs] 350225K->255671K(397848K), 0.0199440 secs] [Times: user=0.15 sys=0.00, real=0.02 secs] 
373.765: Total time for which application threads were stopped: 0.0217600 seconds, Stopping threads took: 0.0017500 seconds
373.806: Application time: 0.0418080 seconds
373.807: [GC373.807: [ParNew: 123520K->13696K(123520K), 0.0257240 secs] 365495K->284485K(397848K), 0.0257700 secs] [Times: user=0.21 sys=0.00, real=0.02 secs] 
373.832: Total time for which application threads were stopped: 0.0259590 seconds, Stopping threads took: 0.0001080 seconds
373.871: Application time: 0.0381990 seconds
373.871: [GC373.871: [ParNew: 123520K->13696K(123520K), 0.0261830 secs]373.897: [Tenured: 300209K->127569K(300440K), 0.1955380 secs] 394309K->127569K(423960K), [Perm : 9160K->9160K(21248K)], 0.2227330 secs] [Times: user=0.38 sys=0.02, real=0.23 secs] 
374.093: Total time for which application threads were stopped: 0.2228830 seconds, Stopping threads took: 0.0000760 seconds
374.131: Application time: 0.0372900 seconds
374.131: [GC374.131: [ParNew: 109824K->13696K(123520K), 0.0222400 secs] 237393K->161932K(397848K), 0.0222890 secs] [Times: user=0.16 sys=0.00, real=0.03 secs] 
374.153: Total time for which application threads were stopped: 0.0224320 seconds, Stopping threads took: 0.0000750 seconds
374.202: Application time: 0.0490680 seconds
374.202: [GC374.202: [ParNew: 123520K->13696K(123520K), 0.0289720 secs] 271756K->188573K(397848K), 0.0290140 secs] [Times: user=0.23 sys=0.00, real=0.02 secs] 
374.231: Total time for which application threads were stopped: 0.0291570 seconds, Stopping threads took: 0.0000780 seconds
374.284: Application time: 0.0523770 seconds
374.284: [GC374.284: [ParNew: 123520K->13696K(123520K), 0.0217350 secs] 298397K->202651K(397848K), 0.0217820 secs] [Times: user=0.17 sys=0.00, real=0.02 secs] 
374.306: Total time for which application threads were stopped: 0.0219850 seconds, Stopping threads took: 0.0001370 seconds
374.361: Application time: 0.0550450 seconds
374.361: [GC374.361: [ParNew: 123520K->13696K(123520K), 0.0210290 secs] 312475K->219031K(397848K), 0.0210730 secs] [Times: user=0.17 sys=0.00, real=0.02 secs] 
374.382: Total time for which application threads were stopped: 0.0212490 seconds, Stopping threads took: 0.0000960 seconds
374.440: Application time: 0.0583490 seconds
374.445: [GC374.445: [ParNew: 123520K->13129K(123520K), 0.0202710 secs] 328855K->230789K(397848K), 0.0203250 secs] [Times: user=0.16 sys=0.00, real=0.02 secs] 
374.465: Total time for which application threads were stopped: 0.0245130 seconds, Stopping threads took: 0.0041200 seconds
374.521: Application time: 0.0565910 seconds
374.522: [GC374.522: [ParNew: 122953K->13696K(123520K), 0.0182860 secs] 340613K->241364K(397848K), 0.0183320 secs] [Times: user=0.14 sys=0.00, real=0.01 secs] 
374.540: Total time for which application threads were stopped: 0.0185350 seconds, Stopping threads took: 0.0001350 seconds
374.584: Application time: 0.0435610 seconds
374.584: [GC374.584: [ParNew: 123520K->13696K(123520K), 0.0218960 secs] 351188K->262216K(397848K), 0.0219410 secs] [Times: user=0.18 sys=0.00, real=0.02 secs] 
374.606: Total time for which application threads were stopped: 0.0221220 seconds, Stopping threads took: 0.0000920 seconds
374.646: Application time: 0.0398250 seconds
374.649: [GC374.649: [ParNew: 123520K->13696K(123520K), 0.0287800 secs]374.677: [Tenured: 282177K->125986K(282200K), 0.1898880 secs] 372040K->125986K(405720K), [Perm : 9160K->9160K(21248K)], 0.2190520 secs] [Times: user=0.41 sys=0.00, real=0.22 secs] 
374.868: Total time for which application threads were stopped: 0.2221020 seconds, Stopping threads took: 0.0029790 seconds
374.903: Application time: 0.0349770 seconds
374.903: [GC374.903: [ParNew: 109824K->13696K(123520K), 0.0181060 secs] 235810K->157641K(397848K), 0.0181510 secs] [Times: user=0.14 sys=0.00, real=0.02 secs] 
374.921: Total time for which application threads were stopped: 0.0183520 seconds, Stopping threads took: 0.0001200 seconds
374.964: Application time: 0.0432890 seconds
374.964: [GC374.964: [ParNew: 123514K->13696K(123520K), 0.0304210 secs] 267460K->190873K(397848K), 0.0304740 secs] [Times: user=0.25 sys=0.00, real=0.03 secs] 
374.995: Total time for which application threads were stopped: 0.0306460 seconds, Stopping threads took: 0.0001030 seconds
375.048: Application time: 0.0535430 seconds
375.049: [GC375.049: [ParNew: 123520K->13696K(123520K), 0.0241620 secs] 300697K->207370K(397848K), 0.0242060 secs] [Times: user=0.19 sys=0.00, real=0.03 secs] 
375.073: Total time for which application threads were stopped: 0.0243900 seconds, Stopping threads took: 0.0001180 seconds
375.123: Application time: 0.0506390 seconds
375.124: [GC375.124: [ParNew: 123520K->13696K(123520K), 0.0215550 secs] 317194K->224068K(397848K), 0.0215980 secs] [Times: user=0.17 sys=0.00, real=0.02 secs] 
375.145: Total time for which application threads were stopped: 0.0217460 seconds, Stopping threads took: 0.0000800 seconds
375.203: Application time: 0.0575390 seconds
375.203: [GC375.203: [ParNew: 123520K->13696K(123520K), 0.0198130 secs] 333892K->236317K(397848K), 0.0198550 secs] [Times: user=0.16 sys=0.00, real=0.02 secs] 
375.223: Total time for which application threads were stopped: 0.0199920 seconds, Stopping threads took: 0.0000710 seconds
375.281: Application time: 0.0587190 seconds
375.282: [GC375.282: [ParNew: 123520K->11840K(123520K), 0.0180850 secs] 346141K->245412K(397848K), 0.0181270 secs] [Times: user=0.14 sys=0.00, real=0.01 secs] 
375.300: Total time for which application threads were stopped: 0.0182840 seconds, Stopping threads took: 0.0000930 seconds
375.347: Application time: 0.0468320 seconds
375.349: [GC375.349: [ParNew: 121664K->13696K(123520K), 0.0206030 secs] 355236K->263357K(397848K), 0.0206480 secs] [Times: user=0.17 sys=0.00, real=0.02 secs] 
375.369: Total time for which application threads were stopped: 0.0226130 seconds, Stopping threads took: 0.0018980 seconds
375.413: Application time: 0.0438210 seconds
375.417: [GC375.417: [ParNew: 123520K->13696K(123520K), 0.0246270 secs]375.441: [Tenured: 275560K->122083K(275864K), 0.2052310 secs] 373181K->122083K(399384K), [Perm : 9160K->9160K(21248K)], 0.2300030 secs] [Times: user=0.40 sys=0.00, real=0.23 secs] 
375.647: Total time for which application threads were stopped: 0.2335930 seconds, Stopping threads took: 0.0034830 seconds
375.683: Application time: 0.0367050 seconds
375.684: [GC375.684: [ParNew: 109824K->13696K(123520K), 0.0203860 secs] 231907K->157042K(397848K), 0.0204400 secs] [Times: user=0.16 sys=0.00, real=0.02 secs] 
375.704: Total time for which application threads were stopped: 0.0206210 seconds, Stopping threads took: 0.0001030 seconds
375.743: Application time: 0.0388150 seconds
375.743: [GC375.743: [ParNew: 123520K->13696K(123520K), 0.0281170 secs] 266866K->187885K(397848K), 0.0281630 secs] [Times: user=0.23 sys=0.00, real=0.02 secs] 
375.771: Total time for which application threads were stopped: 0.0283560 seconds, Stopping threads took: 0.0001250 seconds
375.822: Application time: 0.0504780 seconds
375.825: [GC375.825: [ParNew: 123520K->13696K(123520K), 0.0284020 secs] 297709K->212142K(397848K), 0.0284470 secs] [Times: user=0.22 sys=0.00, real=0.03 secs] 
375.853: Total time for which application threads were stopped: 0.0314860 seconds, Stopping threads took: 0.0029730 seconds
375.905: Application time: 0.0519050 seconds
375.905: [GC375.905: [ParNew: 123520K->13696K(123520K), 0.0233360 secs] 321966K->230129K(397848K), 0.0233820 secs] [Times: user=0.18 sys=0.00, real=0.02 secs] 
375.929: Total time for which application threads were stopped: 0.0236200 seconds, Stopping threads took: 0.0001680 seconds
375.987: Application time: 0.0586720 seconds
375.987: [GC375.988: [ParNew: 123520K->13696K(123520K), 0.0202450 secs] 339953K->243739K(397848K), 0.0202910 secs] [Times: user=0.16 sys=0.00, real=0.02 secs] 
376.008: Total time for which application threads were stopped: 0.0204810 seconds, Stopping threads took: 0.0001120 seconds
376.066: Application time: 0.0579010 seconds
376.066: [GC376.066: [ParNew: 123520K->13273K(123520K), 0.0191990 secs] 353563K->255803K(397848K), 0.0192420 secs] [Times: user=0.15 sys=0.00, real=0.02 secs] 
376.085: Total time for which application threads were stopped: 0.0194590 seconds, Stopping threads took: 0.0001320 seconds
376.141: Application time: 0.0558790 seconds
376.141: [GC376.141: [ParNew: 123097K->13696K(123520K), 0.0198850 secs] 365627K->265007K(397848K), 0.0199310 secs] [Times: user=0.14 sys=0.00, real=0.02 secs] 
376.161: Total time for which application threads were stopped: 0.0201070 seconds, Stopping threads took: 0.0001080 seconds
376.205: Application time: 0.0439790 seconds
376.205: [GC376.205: [ParNew: 123520K->13696K(123520K), 0.0230960 secs] 374831K->287941K(397848K), 0.0231430 secs] [Times: user=0.18 sys=0.00, real=0.02 secs] 
376.229: Total time for which application threads were stopped: 0.0233680 seconds, Stopping threads took: 0.0001350 seconds
376.265: Application time: 0.0363330 seconds
376.265: [GC376.265: [ParNew: 123520K->13696K(123520K), 0.0271860 secs]376.292: [Tenured: 306473K->116689K(306968K), 0.1911490 secs] 397765K->116689K(430488K), [Perm : 9160K->9160K(21248K)], 0.2194020 secs] [Times: user=0.40 sys=0.01, real=0.22 secs] 
376.484: Total time for which application threads were stopped: 0.2195710 seconds, Stopping threads took: 0.0000890 seconds
376.521: Application time: 0.0369340 seconds
376.522: [GC376.522: [ParNew: 109824K->13696K(123520K), 0.0205130 secs] 226513K->150805K(397848K), 0.0205570 secs] [Times: user=0.16 sys=0.00, real=0.02 secs] 
376.542: Total time for which application threads were stopped: 0.0207230 seconds, Stopping threads took: 0.0000830 seconds
376.586: Application time: 0.0440920 seconds
376.586: [GC376.586: [ParNew: 123520K->13696K(123520K), 0.0301620 secs] 260629K->181953K(397848K), 0.0302080 secs] [Times: user=0.24 sys=0.00, real=0.03 secs] 
376.617: Total time for which application threads were stopped: 0.0303760 seconds, Stopping threads took: 0.0001010 seconds
376.671: Application time: 0.0542740 seconds
376.671: [GC376.671: [ParNew: 123508K->13696K(123520K), 0.0232180 secs] 291765K->197080K(397848K), 0.0232630 secs] [Times: user=0.19 sys=0.00, real=0.03 secs] 
376.694: Total time for which application threads were stopped: 0.0234350 seconds, Stopping threads took: 0.0001030 seconds
376.745: Application time: 0.0507920 seconds
376.749: [GC376.749: [ParNew: 123520K->13696K(123520K), 0.0207920 secs] 306904K->212642K(397848K), 0.0208450 secs] [Times: user=0.16 sys=0.00, real=0.02 secs] 
376.770: Total time for which application threads were stopped: 0.0245530 seconds, Stopping threads took: 0.0036210 seconds
376.827: Application time: 0.0577620 seconds
376.828: [GC376.828: [ParNew: 123520K->13694K(123520K), 0.0198400 secs] 322466K->225988K(397848K), 0.0198830 secs] [Times: user=0.16 sys=0.00, real=0.02 secs] 
376.847: Total time for which application threads were stopped: 0.0200180 seconds, Stopping threads took: 0.0000680 seconds
376.905: Application time: 0.0572010 seconds
376.905: [GC376.905: [ParNew: 123518K->12716K(123520K), 0.0188600 secs] 335812K->237002K(397848K), 0.0189040 secs] [Times: user=0.15 sys=0.00, real=0.02 secs] 
376.924: Total time for which application threads were stopped: 0.0190930 seconds, Stopping threads took: 0.0001240 seconds
376.973: Application time: 0.0494010 seconds
376.973: [GC376.973: [ParNew: 122527K->13696K(123520K), 0.0198200 secs] 346812K->251529K(397848K), 0.0198620 secs] [Times: user=0.15 sys=0.00, real=0.02 secs] 
376.993: Total time for which application threads were stopped: 0.0200150 seconds, Stopping threads took: 0.0000860 seconds
377.027: Application time: 0.0343470 seconds
377.028: [GC377.028: [ParNew: 123495K->13696K(123520K), 0.0239530 secs] 361328K->281161K(397848K), 0.0239980 secs] [Times: user=0.19 sys=0.00, real=0.02 secs] 
377.052: Total time for which application threads were stopped: 0.0241990 seconds, Stopping threads took: 0.0001160 seconds
377.086: Application time: 0.0344460 seconds
377.086: [GC377.086: [ParNew: 123520K->13696K(123520K), 0.0283480 secs]377.115: [Tenured: 303678K->143465K(303704K), 0.2195670 secs] 390985K->143465K(427224K), [Perm : 9160K->9160K(21248K)], 0.2489060 secs] [Times: user=0.45 sys=0.00, real=0.25 secs] 
377.335: Total time for which application threads were stopped: 0.2491090 seconds, Stopping threads took: 0.0001350 seconds
377.378: Application time: 0.0431240 seconds
377.379: [GC377.379: [ParNew: 109712K->13696K(123520K), 0.0258050 secs] 253178K->179614K(397848K), 0.0258470 secs] [Times: user=0.21 sys=0.00, real=0.03 secs] 
377.404: Total time for which application threads were stopped: 0.0260160 seconds, Stopping threads took: 0.0001020 seconds
377.454: Application time: 0.0492870 seconds
377.457: [GC377.457: [ParNew: 123520K->13696K(123520K), 0.0247630 secs] 289438K->197464K(397848K), 0.0248060 secs] [Times: user=0.19 sys=0.00, real=0.03 secs] 
377.481: Total time for which application threads were stopped: 0.0276960 seconds, Stopping threads took: 0.0028240 seconds
377.539: Application time: 0.0572280 seconds
377.539: [GC377.539: [ParNew: 123520K->13696K(123520K), 0.0201200 secs] 307288K->211243K(397848K), 0.0201660 secs] [Times: user=0.16 sys=0.00, real=0.02 secs] 
377.559: Total time for which application threads were stopped: 0.0203300 seconds, Stopping threads took: 0.0000880 seconds
377.610: Application time: 0.0506530 seconds
377.613: [GC377.613: [ParNew: 123520K->13696K(123520K), 0.0204880 secs] 321067K->227057K(397848K), 0.0205350 secs] [Times: user=0.17 sys=0.00, real=0.02 secs] 
377.633: Total time for which application threads were stopped: 0.0236740 seconds, Stopping threads took: 0.0030710 seconds
377.692: Application time: 0.0590920 seconds
377.693: [GC377.693: [ParNew: 123520K->13696K(123520K), 0.0195890 secs] 336881K->238725K(397848K), 0.0196330 secs] [Times: user=0.15 sys=0.00, real=0.01 secs] 
377.712: Total time for which application threads were stopped: 0.0198580 seconds, Stopping threads took: 0.0001380 seconds
377.771: Application time: 0.0591940 seconds
377.772: [GC377.772: [ParNew: 123520K->13696K(123520K), 0.0192370 secs] 348549K->249476K(397848K), 0.0192830 secs] [Times: user=0.16 sys=0.00, real=0.02 secs] 
377.791: Total time for which application threads were stopped: 0.0195820 seconds, Stopping threads took: 0.0002120 seconds
377.834: Application time: 0.0433750 seconds
377.835: [GC377.835: [ParNew: 123520K->13696K(123520K), 0.0232880 secs] 359300K->273649K(397848K), 0.0233420 secs] [Times: user=0.18 sys=0.00, real=0.02 secs] 
377.858: Total time for which application threads were stopped: 0.0235410 seconds, Stopping threads took: 0.0001240 seconds
377.895: Application time: 0.0367070 seconds
377.895: [GC377.895: [ParNew: 123520K->13696K(123520K), 0.0265570 secs]377.921: [Tenured: 294071K->132608K(294104K), 0.1988230 secs] 383473K->132608K(417624K), [Perm : 9160K->9160K(21248K)], 0.2261930 secs] [Times: user=0.39 sys=0.01, real=0.23 secs] 
378.121: Total time for which application threads were stopped: 0.2264520 seconds, Stopping threads took: 0.0001230 seconds
378.160: Application time: 0.0388710 seconds
378.160: [GC378.160: [ParNew: 109824K->13696K(123520K), 0.0234910 secs] 242432K->167615K(397848K), 0.0235390 secs] [Times: user=0.18 sys=0.00, real=0.03 secs] 
378.184: Total time for which application threads were stopped: 0.0237230 seconds, Stopping threads took: 0.0001020 seconds
378.231: Application time: 0.0474030 seconds
378.231: [GC378.231: [ParNew: 123520K->13696K(123520K), 0.0290140 secs] 277439K->194750K(397848K), 0.0290600 secs] [Times: user=0.23 sys=0.00, real=0.03 secs] 
378.260: Total time for which application threads were stopped: 0.0292310 seconds, Stopping threads took: 0.0001020 seconds
378.315: Application time: 0.0542720 seconds
378.315: [GC378.315: [ParNew: 123520K->13696K(123520K), 0.0227260 secs] 304574K->210188K(397848K), 0.0227690 secs] [Times: user=0.18 sys=0.00, real=0.02 secs] 
378.338: Total time for which application threads were stopped: 0.0229180 seconds, Stopping threads took: 0.0000840 seconds
378.387: Application time: 0.0496760 seconds
378.387: [GC378.387: [ParNew: 123520K->13696K(123520K), 0.0201940 secs] 320012K->225501K(397848K), 0.0202390 secs] [Times: user=0.16 sys=0.00, real=0.02 secs] 
378.408: Total time for which application threads were stopped: 0.0204380 seconds, Stopping threads took: 0.0001200 seconds
378.465: Application time: 0.0572480 seconds
378.465: [GC378.465: [ParNew: 123520K->13696K(123520K), 0.0205530 secs] 335325K->238434K(397848K), 0.0205970 secs] [Times: user=0.17 sys=0.00, real=0.02 secs] 
378.486: Total time for which application threads were stopped: 0.0207790 seconds, Stopping threads took: 0.0001160 seconds
378.544: Application time: 0.0585300 seconds
378.544: [GC378.544: [ParNew: 123520K->13696K(123520K), 0.0198010 secs] 348258K->250570K(397848K), 0.0198460 secs] [Times: user=0.15 sys=0.01, real=0.02 secs] 
378.564: Total time for which application threads were stopped: 0.0199990 seconds, Stopping threads took: 0.0000880 seconds
378.613: Application time: 0.0491290 seconds
378.613: [GC378.613: [ParNew: 123520K->13696K(123520K), 0.0198450 secs] 360394K->265497K(397848K), 0.0198910 secs] [Times: user=0.15 sys=0.00, real=0.02 secs] 
378.633: Total time for which application threads were stopped: 0.0200390 seconds, Stopping threads took: 0.0000780 seconds
378.665: Application time: 0.0312640 seconds
378.665: [GC378.665: [ParNew: 123520K->13696K(123520K), 0.0243630 secs]378.689: [Tenured: 282983K->119523K(283160K), 0.1699130 secs] 375321K->119523K(406680K), [Perm : 9161K->9161K(21248K)], 0.1946570 secs] [Times: user=0.36 sys=0.01, real=0.19 secs] 
378.860: Total time for which application threads were stopped: 0.1948790 seconds, Stopping threads took: 0.0001400 seconds
378.893: Application time: 0.0338110 seconds
378.893: [GC378.893: [ParNew: 109824K->13696K(123520K), 0.0218070 secs] 229347K->155466K(397848K), 0.0218520 secs] [Times: user=0.17 sys=0.00, real=0.02 secs] 
378.915: Total time for which application threads were stopped: 0.0220070 seconds, Stopping threads took: 0.0000890 seconds
378.964: Application time: 0.0489870 seconds
378.964: [GC378.964: [ParNew: 123520K->13696K(123520K), 0.0328800 secs] 265290K->186897K(397848K), 0.0329250 secs] [Times: user=0.26 sys=0.00, real=0.03 secs] 
378.997: Total time for which application threads were stopped: 0.0330920 seconds, Stopping threads took: 0.0000990 seconds
379.045: Application time: 0.0480530 seconds
379.049: [GC379.049: [ParNew: 123520K->13696K(123520K), 0.0226180 secs] 296721K->204244K(397848K), 0.0226700 secs] [Times: user=0.18 sys=0.00, real=0.02 secs] 
379.071: Total time for which application threads were stopped: 0.0257560 seconds, Stopping threads took: 0.0030200 seconds
379.126: Application time: 0.0543870 seconds
379.126: [GC379.126: [ParNew: 123520K->13696K(123520K), 0.0221550 secs] 314068K->223279K(397848K), 0.0222020 secs] [Times: user=0.17 sys=0.00, real=0.02 secs] 
379.150: Total time for which application threads were stopped: 0.0238720 seconds, Stopping threads took: 0.0001190 seconds
379.203: Application time: 0.0537160 seconds
379.203: [GC379.203: [ParNew: 123520K->13696K(123520K), 0.0216680 secs] 333103K->237848K(397848K), 0.0217140 secs] [Times: user=0.18 sys=0.00, real=0.02 secs] 
379.225: Total time for which application threads were stopped: 0.0219220 seconds, Stopping threads took: 0.0001300 seconds
379.285: Application time: 0.0600790 seconds
379.285: [GC379.285: [ParNew: 123520K->13477K(123520K), 0.0178870 secs] 347672K->249668K(397848K), 0.0179330 secs] [Times: user=0.14 sys=0.00, real=0.02 secs] 
379.303: Total time for which application threads were stopped: 0.0181000 seconds, Stopping threads took: 0.0001010 seconds
379.363: Application time: 0.0598090 seconds
379.363: [GC379.363: [ParNew: 123301K->13696K(123520K), 0.0175790 secs] 359492K->258017K(397848K), 0.0176250 secs] [Times: user=0.14 sys=0.00, real=0.02 secs] 
379.381: Total time for which application threads were stopped: 0.0178340 seconds, Stopping threads took: 0.0001440 seconds
379.418: Application time: 0.0366960 seconds
379.418: [GC379.418: [ParNew: 123520K->13696K(123520K), 0.0243480 secs] 367841K->285134K(397848K), 0.0243930 secs] [Times: user=0.19 sys=0.00, real=0.03 secs] 
379.442: Total time for which application threads were stopped: 0.0245410 seconds, Stopping threads took: 0.0000770 seconds
379.474: Application time: 0.0318960 seconds
379.474: [GC379.474: [ParNew: 123520K->13696K(123520K), 0.0239620 secs]379.498: [Tenured: 303293K->128393K(303320K), 0.2093850 secs] 394958K->128393K(426840K), [Perm : 9161K->9161K(21248K)], 0.2344580 secs] [Times: user=0.39 sys=0.01, real=0.23 secs] 
379.709: Total time for which application threads were stopped: 0.2346560 seconds, Stopping threads took: 0.0001130 seconds
379.762: Application time: 0.0532970 seconds
379.762: [GC379.762: [ParNew: 109824K->13696K(123520K), 0.0250940 secs] 238217K->159620K(397848K), 0.0251380 secs] [Times: user=0.20 sys=0.00, real=0.02 secs] 
379.787: Total time for which application threads were stopped: 0.0252990 seconds, Stopping threads took: 0.0000850 seconds
379.849: Application time: 0.0611360 seconds
379.849: [GC379.849: [ParNew: 123520K->13641K(123520K), 0.0213240 secs] 269444K->173028K(397848K), 0.0213670 secs] [Times: user=0.16 sys=0.00, real=0.02 secs] 
379.870: Total time for which application threads were stopped: 0.0214830 seconds, Stopping threads took: 0.0000490 seconds
379.936: Application time: 0.0656000 seconds
379.936: [GC379.936: [ParNew: 123465K->11995K(123520K), 0.0161770 secs] 282852K->179263K(397848K), 0.0162190 secs] [Times: user=0.13 sys=0.00, real=0.01 secs] 
379.952: Total time for which application threads were stopped: 0.0163430 seconds, Stopping threads took: 0.0000580 seconds
380.052: Application time: 0.1005060 seconds
380.053: [GC380.053: [ParNew: 121819K->12120K(123520K), 0.0151330 secs] 289087K->187297K(397848K), 0.0151770 secs] [Times: user=0.12 sys=0.00, real=0.01 secs] 
380.068: Total time for which application threads were stopped: 0.0152560 seconds, Stopping threads took: 0.0000140 seconds
380.374: Application time: 0.3058030 seconds
380.374: Total time for which application threads were stopped: 0.0000720 seconds, Stopping threads took: 0.0000140 seconds
380.387: Application time: 0.0130040 seconds
380.387: Total time for which application threads were stopped: 0.0001850 seconds, Stopping threads took: 0.0000080 seconds
380.861: Application time: 0.4746300 seconds
380.861: Total time for which application threads were stopped: 0.0000650 seconds, Stopping threads took: 0.0000130 seconds
Heap
 par new generation   total 123520K, used 72324K [0x0000000080c00000, 0x0000000089200000, 0x00000000a9750000)
  eden space 109824K,  54% used [0x0000000080c00000, 0x00000000846cad58, 0x0000000087740000)
  from space 13696K,  88% used [0x0000000087740000, 0x00000000883163e0, 0x00000000884a0000)
  to   space 13696K,   0% used [0x00000000884a0000, 0x00000000884a0000, 0x0000000089200000)
 tenured generation   total 274328K, used 175176K [0x00000000a9750000, 0x00000000ba336000, 0x00000000fae00000)
   the space 274328K,  63% used [0x00000000a9750000, 0x00000000b4262028, 0x00000000b4262200, 0x00000000ba336000)
 compacting perm gen  total 21248K, used 16741K [0x00000000fae00000, 0x00000000fc2c0000, 0x0000000100000000)
   the space 21248K,  78% used [0x00000000fae00000, 0x00000000fbe59688, 0x00000000fbe59800, 0x00000000fc2c0000)
No shared spaces configured.
380.862: Application time: 0.0001810 seconds
